OpenJDK 64-Bit Server VM (25.121-b13) for linux-amd64 JRE (1.8.0_121-8u121-b13-0ubuntu1.16.04.2-b13), built on Jan 23 2017 15:51:29 by "buildd" with gcc 5.4.0 20160609
Memory: 4k page, physical 7867800k(7505084k free), swap 8076284k(8076284k free)
CommandLine flags: -XX:CMSInitiatingOccupancyFraction=50 -XX:CMSMaxAbortablePrecleanTime=6000 -XX:+CMSParallelRemarkEnabled -XX:+CMSScavengeBeforeRemark -XX:ConcGCThreads=4 -XX:InitialHeapSize=536870912 -XX:MaxHeapSize=536870912 -XX:MaxTenuringThreshold=8 -XX:NewRatio=3 -XX:OldPLABSize=16 -XX:OnOutOfMemoryError=/opt/solr/bin/oom_solr.sh 8983 /var/solr/logs -XX:ParallelGCThreads=4 -XX:+ParallelRefProcEnabled -XX:PretenureSizeThreshold=67108864 -XX:+PrintGC -XX:+PrintGCApplicationStoppedTime -XX:+PrintGCDateStamps -XX:+PrintGCDetails -XX:+PrintGCTimeStamps -XX:+PrintHeapAtGC -XX:+PrintTenuringDistribution -XX:SurvivorRatio=4 -XX:TargetSurvivorRatio=90 -XX:ThreadStackSize=256 -XX:+UseCMSInitiatingOccupancyOnly -XX:+UseCompressedClassPointers -XX:+UseCompressedOops -XX:+UseConcMarkSweepGC -XX:+UseParNewGC 
2017-02-03T05:51:26.714+0100: 0,151: Total time for which application threads were stopped: 0,0000638 seconds, Stopping threads took: 0,0000109 seconds
2017-02-03T05:51:26.803+0100: 0,240: Total time for which application threads were stopped: 0,0001132 seconds, Stopping threads took: 0,0000181 seconds
2017-02-03T05:51:26.825+0100: 0,262: Total time for which application threads were stopped: 0,0001012 seconds, Stopping threads took: 0,0000261 seconds
2017-02-03T05:51:27.206+0100: 0,643: Total time for which application threads were stopped: 0,0001474 seconds, Stopping threads took: 0,0000232 seconds
2017-02-03T05:51:27.555+0100: 0,992: Total time for which application threads were stopped: 0,0001420 seconds, Stopping threads took: 0,0000143 seconds
2017-02-03T05:51:27.629+0100: 1,066: Total time for which application threads were stopped: 0,0004247 seconds, Stopping threads took: 0,0002342 seconds
2017-02-03T05:51:27.668+0100: 1,105: Total time for which application threads were stopped: 0,0001505 seconds, Stopping threads took: 0,0000176 seconds
2017-02-03T05:51:27.997+0100: 1,433: Total time for which application threads were stopped: 0,0014573 seconds, Stopping threads took: 0,0001251 seconds
2017-02-03T05:51:28.200+0100: 1,637: Total time for which application threads were stopped: 0,0001951 seconds, Stopping threads took: 0,0000162 seconds
2017-02-03T05:51:28.223+0100: 1,660: Total time for which application threads were stopped: 0,0001992 seconds, Stopping threads took: 0,0000259 seconds
2017-02-03T05:51:28.257+0100: 1,694: Total time for which application threads were stopped: 0,0002375 seconds, Stopping threads took: 0,0000286 seconds
2017-02-03T05:51:28.259+0100: 1,695: Total time for which application threads were stopped: 0,0003070 seconds, Stopping threads took: 0,0000239 seconds
2017-02-03T05:51:28.271+0100: 1,708: Total time for which application threads were stopped: 0,0002078 seconds, Stopping threads took: 0,0000212 seconds
2017-02-03T05:51:28.351+0100: 1,788: Total time for which application threads were stopped: 0,0002382 seconds, Stopping threads took: 0,0000206 seconds
2017-02-03T05:51:28.508+0100: 1,945: Total time for which application threads were stopped: 0,0003415 seconds, Stopping threads took: 0,0000658 seconds
{Heap before GC invocations=0 (full 0):
 par new generation   total 109248K, used 87424K [0x00000000e0000000, 0x00000000e8000000, 0x00000000e8000000)
  eden space 87424K, 100% used [0x00000000e0000000, 0x00000000e5560000, 0x00000000e5560000)
  from space 21824K,   0% used [0x00000000e5560000, 0x00000000e5560000, 0x00000000e6ab0000)
  to   space 21824K,   0% used [0x00000000e6ab0000, 0x00000000e6ab0000, 0x00000000e8000000)
 concurrent mark-sweep generation total 393216K, used 0K [0x00000000e8000000, 0x0000000100000000, 0x0000000100000000)
 Metaspace       used 18025K, capacity 18336K, committed 18688K, reserved 1064960K
  class space    used 2038K, capacity 2196K, committed 2304K, reserved 1048576K
2017-02-03T05:51:28.600+0100: 2,037: [GC (Allocation Failure) 2017-02-03T05:51:28.600+0100: 2,037: [ParNew
Desired survivor size 20112992 bytes, new threshold 8 (max 8)
- age   1:   12743072 bytes,   12743072 total
: 87424K->12567K(109248K), 0,0160001 secs] 87424K->12567K(502464K), 0,0160809 secs] [Times: user=0,05 sys=0,02, real=0,01 secs] 
Heap after GC invocations=1 (full 0):
 par new generation   total 109248K, used 12567K [0x00000000e0000000, 0x00000000e8000000, 0x00000000e8000000)
  eden space 87424K,   0% used [0x00000000e0000000, 0x00000000e0000000, 0x00000000e5560000)
  from space 21824K,  57% used [0x00000000e6ab0000, 0x00000000e76f5da8, 0x00000000e8000000)
  to   space 21824K,   0% used [0x00000000e5560000, 0x00000000e5560000, 0x00000000e6ab0000)
 concurrent mark-sweep generation total 393216K, used 0K [0x00000000e8000000, 0x0000000100000000, 0x0000000100000000)
 Metaspace       used 18025K, capacity 18336K, committed 18688K, reserved 1064960K
  class space    used 2038K, capacity 2196K, committed 2304K, reserved 1048576K
}
2017-02-03T05:51:28.616+0100: 2,053: Total time for which application threads were stopped: 0,0163308 seconds, Stopping threads took: 0,0000624 seconds
2017-02-03T05:51:28.922+0100: 2,358: Total time for which application threads were stopped: 0,0028876 seconds, Stopping threads took: 0,0026250 seconds
{Heap before GC invocations=1 (full 0):
 par new generation   total 109248K, used 99991K [0x00000000e0000000, 0x00000000e8000000, 0x00000000e8000000)
  eden space 87424K, 100% used [0x00000000e0000000, 0x00000000e5560000, 0x00000000e5560000)
  from space 21824K,  57% used [0x00000000e6ab0000, 0x00000000e76f5da8, 0x00000000e8000000)
  to   space 21824K,   0% used [0x00000000e5560000, 0x00000000e5560000, 0x00000000e6ab0000)
 concurrent mark-sweep generation total 393216K, used 0K [0x00000000e8000000, 0x0000000100000000, 0x0000000100000000)
 Metaspace       used 20073K, capacity 20358K, committed 20736K, reserved 1067008K
  class space    used 2296K, capacity 2467K, committed 2560K, reserved 1048576K
2017-02-03T05:51:28.961+0100: 2,398: [GC (Allocation Failure) 2017-02-03T05:51:28.961+0100: 2,398: [ParNew
Desired survivor size 20112992 bytes, new threshold 8 (max 8)
- age   1:    3685392 bytes,    3685392 total
- age   2:    6808040 bytes,   10493432 total
: 99991K->15961K(109248K), 0,0163228 secs] 99991K->15961K(502464K), 0,0163924 secs] [Times: user=0,05 sys=0,00, real=0,01 secs] 
Heap after GC invocations=2 (full 0):
 par new generation   total 109248K, used 15961K [0x00000000e0000000, 0x00000000e8000000, 0x00000000e8000000)
  eden space 87424K,   0% used [0x00000000e0000000, 0x00000000e0000000, 0x00000000e5560000)
  from space 21824K,  73% used [0x00000000e5560000, 0x00000000e64f64c0, 0x00000000e6ab0000)
  to   space 21824K,   0% used [0x00000000e6ab0000, 0x00000000e6ab0000, 0x00000000e8000000)
 concurrent mark-sweep generation total 393216K, used 0K [0x00000000e8000000, 0x0000000100000000, 0x0000000100000000)
 Metaspace       used 20073K, capacity 20358K, committed 20736K, reserved 1067008K
  class space    used 2296K, capacity 2467K, committed 2560K, reserved 1048576K
}
2017-02-03T05:51:28.977+0100: 2,414: Total time for which application threads were stopped: 0,0166246 seconds, Stopping threads took: 0,0000885 seconds
2017-02-03T05:51:28.981+0100: 2,418: Total time for which application threads were stopped: 0,0003921 seconds, Stopping threads took: 0,0000677 seconds
2017-02-03T05:51:29.006+0100: 2,443: Total time for which application threads were stopped: 0,0003732 seconds, Stopping threads took: 0,0000430 seconds
2017-02-03T05:51:29.121+0100: 2,558: Total time for which application threads were stopped: 0,0001928 seconds, Stopping threads took: 0,0000508 seconds
{Heap before GC invocations=2 (full 0):
 par new generation   total 109248K, used 103385K [0x00000000e0000000, 0x00000000e8000000, 0x00000000e8000000)
  eden space 87424K, 100% used [0x00000000e0000000, 0x00000000e5560000, 0x00000000e5560000)
  from space 21824K,  73% used [0x00000000e5560000, 0x00000000e64f64c0, 0x00000000e6ab0000)
  to   space 21824K,   0% used [0x00000000e6ab0000, 0x00000000e6ab0000, 0x00000000e8000000)
 concurrent mark-sweep generation total 393216K, used 0K [0x00000000e8000000, 0x0000000100000000, 0x0000000100000000)
 Metaspace       used 21132K, capacity 21408K, committed 21628K, reserved 1069056K
  class space    used 2433K, capacity 2586K, committed 2684K, reserved 1048576K
2017-02-03T05:51:29.180+0100: 2,617: [GC (Allocation Failure) 2017-02-03T05:51:29.180+0100: 2,617: [ParNew
Desired survivor size 20112992 bytes, new threshold 8 (max 8)
- age   1:    2401144 bytes,    2401144 total
- age   2:     862456 bytes,    3263600 total
- age   3:    6804336 bytes,   10067936 total
: 103385K->11392K(109248K), 0,0205956 secs] 103385K->11392K(502464K), 0,0206967 secs] [Times: user=0,07 sys=0,00, real=0,02 secs] 
Heap after GC invocations=3 (full 0):
 par new generation   total 109248K, used 11392K [0x00000000e0000000, 0x00000000e8000000, 0x00000000e8000000)
  eden space 87424K,   0% used [0x00000000e0000000, 0x00000000e0000000, 0x00000000e5560000)
  from space 21824K,  52% used [0x00000000e6ab0000, 0x00000000e75d0200, 0x00000000e8000000)
  to   space 21824K,   0% used [0x00000000e5560000, 0x00000000e5560000, 0x00000000e6ab0000)
 concurrent mark-sweep generation total 393216K, used 0K [0x00000000e8000000, 0x0000000100000000, 0x0000000100000000)
 Metaspace       used 21132K, capacity 21408K, committed 21628K, reserved 1069056K
  class space    used 2433K, capacity 2586K, committed 2684K, reserved 1048576K
}
2017-02-03T05:51:29.201+0100: 2,637: Total time for which application threads were stopped: 0,0210825 seconds, Stopping threads took: 0,0001880 seconds
2017-02-03T05:51:29.201+0100: 2,638: [GC (CMS Initial Mark) [1 CMS-initial-mark: 0K(393216K)] 12099K(502464K), 0,0055587 secs] [Times: user=0,02 sys=0,00, real=0,00 secs] 
2017-02-03T05:51:29.207+0100: 2,643: Total time for which application threads were stopped: 0,0057339 seconds, Stopping threads took: 0,0000606 seconds
2017-02-03T05:51:29.207+0100: 2,643: [CMS-concurrent-mark-start]
2017-02-03T05:51:29.207+0100: 2,644: [CMS-concurrent-mark: 0,000/0,000 secs] [Times: user=0,00 sys=0,00, real=0,00 secs] 
2017-02-03T05:51:29.207+0100: 2,644: [CMS-concurrent-preclean-start]
2017-02-03T05:51:29.208+0100: 2,645: [CMS-concurrent-preclean: 0,001/0,001 secs] [Times: user=0,00 sys=0,00, real=0,00 secs] 
2017-02-03T05:51:29.208+0100: 2,645: [CMS-concurrent-abortable-preclean-start]
2017-02-03T05:51:29.217+0100: 2,654: Total time for which application threads were stopped: 0,0001411 seconds, Stopping threads took: 0,0000515 seconds
2017-02-03T05:51:29.219+0100: 2,656: Total time for which application threads were stopped: 0,0001411 seconds, Stopping threads took: 0,0000544 seconds
2017-02-03T05:51:29.297+0100: 2,733: Total time for which application threads were stopped: 0,0001417 seconds, Stopping threads took: 0,0000500 seconds
2017-02-03T05:51:29.297+0100: 2,733: [CMS-concurrent-abortable-preclean: 0,088/0,088 secs] [Times: user=0,33 sys=0,00, real=0,09 secs] 
2017-02-03T05:51:29.297+0100: 2,733: [GC (CMS Final Remark) [YG occupancy: 59978 K (109248 K)]{Heap before GC invocations=3 (full 1):
 par new generation   total 109248K, used 59978K [0x00000000e0000000, 0x00000000e8000000, 0x00000000e8000000)
  eden space 87424K,  55% used [0x00000000e0000000, 0x00000000e2f72988, 0x00000000e5560000)
  from space 21824K,  52% used [0x00000000e6ab0000, 0x00000000e75d0200, 0x00000000e8000000)
  to   space 21824K,   0% used [0x00000000e5560000, 0x00000000e5560000, 0x00000000e6ab0000)
 concurrent mark-sweep generation total 393216K, used 0K [0x00000000e8000000, 0x0000000100000000, 0x0000000100000000)
 Metaspace       used 21567K, capacity 21932K, committed 22216K, reserved 1069056K
  class space    used 2477K, capacity 2652K, committed 2684K, reserved 1048576K
2017-02-03T05:51:29.297+0100: 2,733: [GC (CMS Final Remark) 2017-02-03T05:51:29.297+0100: 2,734: [ParNew
Desired survivor size 20112992 bytes, new threshold 8 (max 8)
- age   1:    1526600 bytes,    1526600 total
- age   2:    1639688 bytes,    3166288 total
- age   3:     832896 bytes,    3999184 total
- age   4:    6804704 bytes,   10803888 total
: 59978K->14898K(109248K), 0,0099953 secs] 59978K->14898K(502464K), 0,0100433 secs] [Times: user=0,04 sys=0,00, real=0,01 secs] 
Heap after GC invocations=4 (full 1):
 par new generation   total 109248K, used 14898K [0x00000000e0000000, 0x00000000e8000000, 0x00000000e8000000)
  eden space 87424K,   0% used [0x00000000e0000000, 0x00000000e0000000, 0x00000000e5560000)
  from space 21824K,  68% used [0x00000000e5560000, 0x00000000e63ec8c0, 0x00000000e6ab0000)
  to   space 21824K,   0% used [0x00000000e6ab0000, 0x00000000e6ab0000, 0x00000000e8000000)
 concurrent mark-sweep generation total 393216K, used 0K [0x00000000e8000000, 0x0000000100000000, 0x0000000100000000)
 Metaspace       used 21567K, capacity 21932K, committed 22216K, reserved 1069056K
  class space    used 2477K, capacity 2652K, committed 2684K, reserved 1048576K
}
2017-02-03T05:51:29.307+0100: 2,744: [Rescan (parallel) , 0,0042807 secs]2017-02-03T05:51:29.311+0100: 2,748: [weak refs processing, 0,0006376 secs]2017-02-03T05:51:29.312+0100: 2,749: [class unloading, 0,0028300 secs]2017-02-03T05:51:29.315+0100: 2,751: [scrub symbol table, 0,0031871 secs]2017-02-03T05:51:29.318+0100: 2,755: [scrub string table, 0,0003724 secs][1 CMS-remark: 0K(393216K)] 14898K(502464K), 0,0219782 secs] [Times: user=0,07 sys=0,00, real=0,03 secs] 
2017-02-03T05:51:29.319+0100: 2,755: Total time for which application threads were stopped: 0,0221311 seconds, Stopping threads took: 0,0000730 seconds
2017-02-03T05:51:29.319+0100: 2,756: [CMS-concurrent-sweep-start]
2017-02-03T05:51:29.319+0100: 2,756: [CMS-concurrent-sweep: 0,000/0,000 secs] [Times: user=0,00 sys=0,00, real=0,00 secs] 
2017-02-03T05:51:29.319+0100: 2,756: [CMS-concurrent-reset-start]
2017-02-03T05:51:29.320+0100: 2,757: [CMS-concurrent-reset: 0,001/0,001 secs] [Times: user=0,00 sys=0,00, real=0,00 secs] 
{Heap before GC invocations=4 (full 1):
 par new generation   total 109248K, used 102322K [0x00000000e0000000, 0x00000000e8000000, 0x00000000e8000000)
  eden space 87424K, 100% used [0x00000000e0000000, 0x00000000e5560000, 0x00000000e5560000)
  from space 21824K,  68% used [0x00000000e5560000, 0x00000000e63ec8c0, 0x00000000e6ab0000)
  to   space 21824K,   0% used [0x00000000e6ab0000, 0x00000000e6ab0000, 0x00000000e8000000)
 concurrent mark-sweep generation total 393216K, used 0K [0x00000000e8000000, 0x0000000100000000, 0x0000000100000000)
 Metaspace       used 22162K, capacity 22570K, committed 22856K, reserved 1069056K
  class space    used 2560K, capacity 2727K, committed 2812K, reserved 1048576K
2017-02-03T05:51:29.431+0100: 2,867: [GC (Allocation Failure) 2017-02-03T05:51:29.431+0100: 2,867: [ParNew
Desired survivor size 20112992 bytes, new threshold 8 (max 8)
- age   1:    1511872 bytes,    1511872 total
- age   2:     224024 bytes,    1735896 total
- age   3:    1639248 bytes,    3375144 total
- age   4:     828880 bytes,    4204024 total
- age   5:    6804336 bytes,   11008360 total
: 102322K->13690K(109248K), 0,0107876 secs] 102322K->13690K(502464K), 0,0108449 secs] [Times: user=0,04 sys=0,00, real=0,01 secs] 
Heap after GC invocations=5 (full 1):
 par new generation   total 109248K, used 13690K [0x00000000e0000000, 0x00000000e8000000, 0x00000000e8000000)
  eden space 87424K,   0% used [0x00000000e0000000, 0x00000000e0000000, 0x00000000e5560000)
  from space 21824K,  62% used [0x00000000e6ab0000, 0x00000000e780e958, 0x00000000e8000000)
  to   space 21824K,   0% used [0x00000000e5560000, 0x00000000e5560000, 0x00000000e6ab0000)
 concurrent mark-sweep generation total 393216K, used 0K [0x00000000e8000000, 0x0000000100000000, 0x0000000100000000)
 Metaspace       used 22162K, capacity 22570K, committed 22856K, reserved 1069056K
  class space    used 2560K, capacity 2727K, committed 2812K, reserved 1048576K
}
2017-02-03T05:51:29.442+0100: 2,878: Total time for which application threads were stopped: 0,0110663 seconds, Stopping threads took: 0,0000805 seconds
2017-02-03T05:51:29.482+0100: 2,919: Total time for which application threads were stopped: 0,0004853 seconds, Stopping threads took: 0,0000543 seconds
{Heap before GC invocations=5 (full 1):
 par new generation   total 109248K, used 101114K [0x00000000e0000000, 0x00000000e8000000, 0x00000000e8000000)
  eden space 87424K, 100% used [0x00000000e0000000, 0x00000000e5560000, 0x00000000e5560000)
  from space 21824K,  62% used [0x00000000e6ab0000, 0x00000000e780e958, 0x00000000e8000000)
  to   space 21824K,   0% used [0x00000000e5560000, 0x00000000e5560000, 0x00000000e6ab0000)
 concurrent mark-sweep generation total 393216K, used 0K [0x00000000e8000000, 0x0000000100000000, 0x0000000100000000)
 Metaspace       used 23128K, capacity 23476K, committed 23676K, reserved 1071104K
  class space    used 2690K, capacity 2858K, committed 2940K, reserved 1048576K
2017-02-03T05:51:29.567+0100: 3,004: [GC (Allocation Failure) 2017-02-03T05:51:29.567+0100: 3,004: [ParNew
Desired survivor size 20112992 bytes, new threshold 8 (max 8)
- age   1:    1744288 bytes,    1744288 total
- age   2:     223184 bytes,    1967472 total
- age   3:     222840 bytes,    2190312 total
- age   4:     861840 bytes,    3052152 total
- age   5:     816512 bytes,    3868664 total
- age   6:    6801136 bytes,   10669800 total
: 101114K->16771K(109248K), 0,0113533 secs] 101114K->16771K(502464K), 0,0114336 secs] [Times: user=0,03 sys=0,01, real=0,02 secs] 
Heap after GC invocations=6 (full 1):
 par new generation   total 109248K, used 16771K [0x00000000e0000000, 0x00000000e8000000, 0x00000000e8000000)
  eden space 87424K,   0% used [0x00000000e0000000, 0x00000000e0000000, 0x00000000e5560000)
  from space 21824K,  76% used [0x00000000e5560000, 0x00000000e65c0e40, 0x00000000e6ab0000)
  to   space 21824K,   0% used [0x00000000e6ab0000, 0x00000000e6ab0000, 0x00000000e8000000)
 concurrent mark-sweep generation total 393216K, used 0K [0x00000000e8000000, 0x0000000100000000, 0x0000000100000000)
 Metaspace       used 23128K, capacity 23476K, committed 23676K, reserved 1071104K
  class space    used 2690K, capacity 2858K, committed 2940K, reserved 1048576K
}
2017-02-03T05:51:29.579+0100: 3,015: Total time for which application threads were stopped: 0,0116791 seconds, Stopping threads took: 0,0000637 seconds
2017-02-03T05:51:29.722+0100: 3,159: Total time for which application threads were stopped: 0,0014745 seconds, Stopping threads took: 0,0010329 seconds
2017-02-03T05:51:29.739+0100: 3,176: Total time for which application threads were stopped: 0,0007031 seconds, Stopping threads took: 0,0001591 seconds
{Heap before GC invocations=6 (full 1):
 par new generation   total 109248K, used 104195K [0x00000000e0000000, 0x00000000e8000000, 0x00000000e8000000)
  eden space 87424K, 100% used [0x00000000e0000000, 0x00000000e5560000, 0x00000000e5560000)
  from space 21824K,  76% used [0x00000000e5560000, 0x00000000e65c0e40, 0x00000000e6ab0000)
  to   space 21824K,   0% used [0x00000000e6ab0000, 0x00000000e6ab0000, 0x00000000e8000000)
 concurrent mark-sweep generation total 393216K, used 0K [0x00000000e8000000, 0x0000000100000000, 0x0000000100000000)
 Metaspace       used 26343K, capacity 26784K, committed 27132K, reserved 1073152K
  class space    used 3065K, capacity 3234K, committed 3324K, reserved 1048576K
2017-02-03T05:51:30.014+0100: 3,450: [GC (Allocation Failure) 2017-02-03T05:51:30.014+0100: 3,450: [ParNew
Desired survivor size 20112992 bytes, new threshold 8 (max 8)
- age   1:    4646984 bytes,    4646984 total
- age   2:     477480 bytes,    5124464 total
- age   3:     219232 bytes,    5343696 total
- age   4:     216568 bytes,    5560264 total
- age   5:     317920 bytes,    5878184 total
- age   6:     807456 bytes,    6685640 total
- age   7:    6795752 bytes,   13481392 total
: 104195K->16252K(109248K), 0,0116374 secs] 104195K->16252K(502464K), 0,0117034 secs] [Times: user=0,05 sys=0,00, real=0,01 secs] 
Heap after GC invocations=7 (full 1):
 par new generation   total 109248K, used 16252K [0x00000000e0000000, 0x00000000e8000000, 0x00000000e8000000)
  eden space 87424K,   0% used [0x00000000e0000000, 0x00000000e0000000, 0x00000000e5560000)
  from space 21824K,  74% used [0x00000000e6ab0000, 0x00000000e7a8f228, 0x00000000e8000000)
  to   space 21824K,   0% used [0x00000000e5560000, 0x00000000e5560000, 0x00000000e6ab0000)
 concurrent mark-sweep generation total 393216K, used 0K [0x00000000e8000000, 0x0000000100000000, 0x0000000100000000)
 Metaspace       used 26343K, capacity 26784K, committed 27132K, reserved 1073152K
  class space    used 3065K, capacity 3234K, committed 3324K, reserved 1048576K
}
2017-02-03T05:51:30.025+0100: 3,462: Total time for which application threads were stopped: 0,0119371 seconds, Stopping threads took: 0,0000546 seconds
2017-02-03T05:51:30.131+0100: 3,568: Total time for which application threads were stopped: 0,0004329 seconds, Stopping threads took: 0,0000263 seconds
2017-02-03T05:51:30.144+0100: 3,581: Total time for which application threads were stopped: 0,0004507 seconds, Stopping threads took: 0,0000282 seconds
2017-02-03T05:51:30.179+0100: 3,615: Total time for which application threads were stopped: 0,0004012 seconds, Stopping threads took: 0,0000227 seconds
2017-02-03T05:51:30.616+0100: 4,052: Total time for which application threads were stopped: 0,0005075 seconds, Stopping threads took: 0,0000258 seconds
2017-02-03T05:53:07.435+0100: 100,872: Total time for which application threads were stopped: 0,0001218 seconds, Stopping threads took: 0,0000165 seconds
Heap
 par new generation   total 109248K, used 57341K [0x00000000e0000000, 0x00000000e8000000, 0x00000000e8000000)
  eden space 87424K,  46% used [0x00000000e0000000, 0x00000000e28203b0, 0x00000000e5560000)
  from space 21824K,  74% used [0x00000000e6ab0000, 0x00000000e7a8f228, 0x00000000e8000000)
  to   space 21824K,   0% used [0x00000000e5560000, 0x00000000e5560000, 0x00000000e6ab0000)
 concurrent mark-sweep generation total 393216K, used 0K [0x00000000e8000000, 0x0000000100000000, 0x0000000100000000)
 Metaspace       used 29196K, capacity 29718K, committed 29948K, reserved 1075200K
  class space    used 3372K, capacity 3567K, committed 3580K, reserved 1048576K
