OpenJDK 64-Bit Server VM (25.131-b11) for linux-amd64 JRE (1.8.0_131-8u131-b11-0ubuntu1.16.04.2-b11), built on May  6 2017 02:45:27 by "buildd" with gcc 5.4.0 20160609
Memory: 4k page, physical 7867740k(7403932k free), swap 8076284k(8076284k free)
CommandLine flags: -XX:CMSInitiatingOccupancyFraction=50 -XX:CMSMaxAbortablePrecleanTime=6000 -XX:+CMSParallelRemarkEnabled -XX:+CMSScavengeBeforeRemark -XX:ConcGCThreads=4 -XX:InitialHeapSize=536870912 -XX:MaxHeapSize=536870912 -XX:MaxTenuringThreshold=8 -XX:NewRatio=3 -XX:OldPLABSize=16 -XX:OnOutOfMemoryError=/opt/solr/bin/oom_solr.sh 8983 /var/solr/logs -XX:ParallelGCThreads=4 -XX:+ParallelRefProcEnabled -XX:PretenureSizeThreshold=67108864 -XX:+PrintGC -XX:+PrintGCApplicationStoppedTime -XX:+PrintGCDateStamps -XX:+PrintGCDetails -XX:+PrintGCTimeStamps -XX:+PrintHeapAtGC -XX:+PrintTenuringDistribution -XX:SurvivorRatio=4 -XX:TargetSurvivorRatio=90 -XX:ThreadStackSize=256 -XX:+UseCMSInitiatingOccupancyOnly -XX:+UseCompressedClassPointers -XX:+UseCompressedOops -XX:+UseConcMarkSweepGC -XX:+UseParNewGC 
2017-06-09T19:51:08.608+0200: 0,136: Total time for which application threads were stopped: 0,0000847 seconds, Stopping threads took: 0,0000119 seconds
2017-06-09T19:51:08.687+0200: 0,216: Total time for which application threads were stopped: 0,0002339 seconds, Stopping threads took: 0,0001475 seconds
2017-06-09T19:51:08.699+0200: 0,228: Total time for which application threads were stopped: 0,0000772 seconds, Stopping threads took: 0,0000218 seconds
2017-06-09T19:51:09.363+0200: 0,891: Total time for which application threads were stopped: 0,0001836 seconds, Stopping threads took: 0,0000239 seconds
2017-06-09T19:51:09.490+0200: 1,019: Total time for which application threads were stopped: 0,0002104 seconds, Stopping threads took: 0,0000296 seconds
2017-06-09T19:51:09.553+0200: 1,081: Total time for which application threads were stopped: 0,0003145 seconds, Stopping threads took: 0,0000335 seconds
2017-06-09T19:51:09.856+0200: 1,384: Total time for which application threads were stopped: 0,0001894 seconds, Stopping threads took: 0,0000187 seconds
2017-06-09T19:51:10.088+0200: 1,616: Total time for which application threads were stopped: 0,0002056 seconds, Stopping threads took: 0,0000274 seconds
2017-06-09T19:51:10.113+0200: 1,641: Total time for which application threads were stopped: 0,0002049 seconds, Stopping threads took: 0,0000439 seconds
2017-06-09T19:51:10.151+0200: 1,679: Total time for which application threads were stopped: 0,0001944 seconds, Stopping threads took: 0,0000192 seconds
2017-06-09T19:51:10.152+0200: 1,680: Total time for which application threads were stopped: 0,0001522 seconds, Stopping threads took: 0,0000137 seconds
2017-06-09T19:51:10.170+0200: 1,698: Total time for which application threads were stopped: 0,0001831 seconds, Stopping threads took: 0,0000188 seconds
2017-06-09T19:51:10.260+0200: 1,789: Total time for which application threads were stopped: 0,0002929 seconds, Stopping threads took: 0,0000203 seconds
2017-06-09T19:51:10.423+0200: 1,951: Total time for which application threads were stopped: 0,0002422 seconds, Stopping threads took: 0,0000307 seconds
{Heap before GC invocations=0 (full 0):
 par new generation   total 109248K, used 87424K [0x00000000e0000000, 0x00000000e8000000, 0x00000000e8000000)
  eden space 87424K, 100% used [0x00000000e0000000, 0x00000000e5560000, 0x00000000e5560000)
  from space 21824K,   0% used [0x00000000e5560000, 0x00000000e5560000, 0x00000000e6ab0000)
  to   space 21824K,   0% used [0x00000000e6ab0000, 0x00000000e6ab0000, 0x00000000e8000000)
 concurrent mark-sweep generation total 393216K, used 0K [0x00000000e8000000, 0x0000000100000000, 0x0000000100000000)
 Metaspace       used 18207K, capacity 18464K, committed 18688K, reserved 1064960K
  class space    used 2058K, capacity 2196K, committed 2304K, reserved 1048576K
2017-06-09T19:51:10.518+0200: 2,046: [GC (Allocation Failure) 2017-06-09T19:51:10.518+0200: 2,046: [ParNew
Desired survivor size 20112992 bytes, new threshold 8 (max 8)
- age   1:   12819616 bytes,   12819616 total
: 87424K->12628K(109248K), 0,0169234 secs] 87424K->12628K(502464K), 0,0170080 secs] [Times: user=0,04 sys=0,02, real=0,01 secs] 
Heap after GC invocations=1 (full 0):
 par new generation   total 109248K, used 12628K [0x00000000e0000000, 0x00000000e8000000, 0x00000000e8000000)
  eden space 87424K,   0% used [0x00000000e0000000, 0x00000000e0000000, 0x00000000e5560000)
  from space 21824K,  57% used [0x00000000e6ab0000, 0x00000000e7705208, 0x00000000e8000000)
  to   space 21824K,   0% used [0x00000000e5560000, 0x00000000e5560000, 0x00000000e6ab0000)
 concurrent mark-sweep generation total 393216K, used 0K [0x00000000e8000000, 0x0000000100000000, 0x0000000100000000)
 Metaspace       used 18207K, capacity 18464K, committed 18688K, reserved 1064960K
  class space    used 2058K, capacity 2196K, committed 2304K, reserved 1048576K
}
2017-06-09T19:51:10.535+0200: 2,063: Total time for which application threads were stopped: 0,0171883 seconds, Stopping threads took: 0,0000369 seconds
2017-06-09T19:51:10.790+0200: 2,318: Total time for which application threads were stopped: 0,0005044 seconds, Stopping threads took: 0,0001208 seconds
2017-06-09T19:51:10.837+0200: 2,366: Total time for which application threads were stopped: 0,0004065 seconds, Stopping threads took: 0,0001122 seconds
{Heap before GC invocations=1 (full 0):
 par new generation   total 109248K, used 100052K [0x00000000e0000000, 0x00000000e8000000, 0x00000000e8000000)
  eden space 87424K, 100% used [0x00000000e0000000, 0x00000000e5560000, 0x00000000e5560000)
  from space 21824K,  57% used [0x00000000e6ab0000, 0x00000000e7705208, 0x00000000e8000000)
  to   space 21824K,   0% used [0x00000000e5560000, 0x00000000e5560000, 0x00000000e6ab0000)
 concurrent mark-sweep generation total 393216K, used 0K [0x00000000e8000000, 0x0000000100000000, 0x0000000100000000)
 Metaspace       used 20075K, capacity 20430K, committed 20736K, reserved 1067008K
  class space    used 2297K, capacity 2471K, committed 2560K, reserved 1048576K
2017-06-09T19:51:10.850+0200: 2,378: [GC (Allocation Failure) 2017-06-09T19:51:10.850+0200: 2,378: [ParNew
Desired survivor size 20112992 bytes, new threshold 8 (max 8)
- age   1:    3606376 bytes,    3606376 total
- age   2:    6693088 bytes,   10299464 total
: 100052K->13906K(109248K), 0,0103154 secs] 100052K->13906K(502464K), 0,0103857 secs] [Times: user=0,04 sys=0,00, real=0,01 secs] 
Heap after GC invocations=2 (full 0):
 par new generation   total 109248K, used 13906K [0x00000000e0000000, 0x00000000e8000000, 0x00000000e8000000)
  eden space 87424K,   0% used [0x00000000e0000000, 0x00000000e0000000, 0x00000000e5560000)
  from space 21824K,  63% used [0x00000000e5560000, 0x00000000e62f49b8, 0x00000000e6ab0000)
  to   space 21824K,   0% used [0x00000000e6ab0000, 0x00000000e6ab0000, 0x00000000e8000000)
 concurrent mark-sweep generation total 393216K, used 0K [0x00000000e8000000, 0x0000000100000000, 0x0000000100000000)
 Metaspace       used 20075K, capacity 20430K, committed 20736K, reserved 1067008K
  class space    used 2297K, capacity 2471K, committed 2560K, reserved 1048576K
}
2017-06-09T19:51:10.860+0200: 2,388: Total time for which application threads were stopped: 0,0114019 seconds, Stopping threads took: 0,0008469 seconds
2017-06-09T19:51:10.913+0200: 2,442: Total time for which application threads were stopped: 0,0067064 seconds, Stopping threads took: 0,0063461 seconds
2017-06-09T19:51:11.014+0200: 2,542: Total time for which application threads were stopped: 0,0012233 seconds, Stopping threads took: 0,0010846 seconds
{Heap before GC invocations=2 (full 0):
 par new generation   total 109248K, used 101314K [0x00000000e0000000, 0x00000000e8000000, 0x00000000e8000000)
  eden space 87424K,  99% used [0x00000000e0000000, 0x00000000e555bfb0, 0x00000000e5560000)
  from space 21824K,  63% used [0x00000000e5560000, 0x00000000e62f49b8, 0x00000000e6ab0000)
  to   space 21824K,   0% used [0x00000000e6ab0000, 0x00000000e6ab0000, 0x00000000e8000000)
 concurrent mark-sweep generation total 393216K, used 0K [0x00000000e8000000, 0x0000000100000000, 0x0000000100000000)
 Metaspace       used 21002K, capacity 21358K, committed 21628K, reserved 1069056K
  class space    used 2425K, capacity 2591K, committed 2684K, reserved 1048576K
2017-06-09T19:51:11.056+0200: 2,584: [GC (Allocation Failure) 2017-06-09T19:51:11.056+0200: 2,584: [ParNew
Desired survivor size 20112992 bytes, new threshold 8 (max 8)
- age   1:    2484192 bytes,    2484192 total
- age   2:     825552 bytes,    3309744 total
- age   3:    6687264 bytes,    9997008 total
: 101314K->12956K(109248K), 0,0170363 secs] 101314K->12956K(502464K), 0,0171119 secs] [Times: user=0,05 sys=0,00, real=0,02 secs] 
Heap after GC invocations=3 (full 0):
 par new generation   total 109248K, used 12956K [0x00000000e0000000, 0x00000000e8000000, 0x00000000e8000000)
  eden space 87424K,   0% used [0x00000000e0000000, 0x00000000e0000000, 0x00000000e5560000)
  from space 21824K,  59% used [0x00000000e6ab0000, 0x00000000e77571a8, 0x00000000e8000000)
  to   space 21824K,   0% used [0x00000000e5560000, 0x00000000e5560000, 0x00000000e6ab0000)
 concurrent mark-sweep generation total 393216K, used 0K [0x00000000e8000000, 0x0000000100000000, 0x0000000100000000)
 Metaspace       used 21002K, capacity 21358K, committed 21628K, reserved 1069056K
  class space    used 2425K, capacity 2591K, committed 2684K, reserved 1048576K
}
2017-06-09T19:51:11.073+0200: 2,601: Total time for which application threads were stopped: 0,0173498 seconds, Stopping threads took: 0,0000856 seconds
2017-06-09T19:51:11.078+0200: 2,606: [GC (CMS Initial Mark) [1 CMS-initial-mark: 0K(393216K)] 14743K(502464K), 0,0032877 secs] [Times: user=0,01 sys=0,00, real=0,00 secs] 
2017-06-09T19:51:11.081+0200: 2,609: Total time for which application threads were stopped: 0,0034268 seconds, Stopping threads took: 0,0000364 seconds
2017-06-09T19:51:11.081+0200: 2,609: [CMS-concurrent-mark-start]
2017-06-09T19:51:11.081+0200: 2,610: [CMS-concurrent-mark: 0,000/0,000 secs] [Times: user=0,00 sys=0,00, real=0,00 secs] 
2017-06-09T19:51:11.081+0200: 2,610: [CMS-concurrent-preclean-start]
2017-06-09T19:51:11.083+0200: 2,611: [CMS-concurrent-preclean: 0,001/0,001 secs] [Times: user=0,00 sys=0,00, real=0,00 secs] 
2017-06-09T19:51:11.083+0200: 2,611: [CMS-concurrent-abortable-preclean-start]
2017-06-09T19:51:11.164+0200: 2,693: Total time for which application threads were stopped: 0,0001394 seconds, Stopping threads took: 0,0000443 seconds
2017-06-09T19:51:11.183+0200: 2,711: Total time for which application threads were stopped: 0,0052110 seconds, Stopping threads took: 0,0051342 seconds
2017-06-09T19:51:11.183+0200: 2,711: [CMS-concurrent-abortable-preclean: 0,083/0,100 secs] [Times: user=0,38 sys=0,01, real=0,10 secs] 
2017-06-09T19:51:11.188+0200: 2,716: [GC (CMS Final Remark) [YG occupancy: 98976 K (109248 K)]{Heap before GC invocations=3 (full 1):
 par new generation   total 109248K, used 98976K [0x00000000e0000000, 0x00000000e8000000, 0x00000000e8000000)
  eden space 87424K,  98% used [0x00000000e0000000, 0x00000000e5400f90, 0x00000000e5560000)
  from space 21824K,  59% used [0x00000000e6ab0000, 0x00000000e77571a8, 0x00000000e8000000)
  to   space 21824K,   0% used [0x00000000e5560000, 0x00000000e5560000, 0x00000000e6ab0000)
 concurrent mark-sweep generation total 393216K, used 0K [0x00000000e8000000, 0x0000000100000000, 0x0000000100000000)
 Metaspace       used 21260K, capacity 21631K, committed 21884K, reserved 1069056K
  class space    used 2451K, capacity 2607K, committed 2684K, reserved 1048576K
2017-06-09T19:51:11.188+0200: 2,716: [GC (CMS Final Remark) 2017-06-09T19:51:11.188+0200: 2,716: [ParNew
Desired survivor size 20112992 bytes, new threshold 8 (max 8)
- age   1:    1094416 bytes,    1094416 total
- age   2:    1453248 bytes,    2547664 total
- age   3:     794080 bytes,    3341744 total
- age   4:    6687248 bytes,   10028992 total
: 98976K->12751K(109248K), 0,0120043 secs] 98976K->12751K(502464K), 0,0120464 secs] [Times: user=0,05 sys=0,00, real=0,01 secs] 
Heap after GC invocations=4 (full 1):
 par new generation   total 109248K, used 12751K [0x00000000e0000000, 0x00000000e8000000, 0x00000000e8000000)
  eden space 87424K,   0% used [0x00000000e0000000, 0x00000000e0000000, 0x00000000e5560000)
  from space 21824K,  58% used [0x00000000e5560000, 0x00000000e61d3e40, 0x00000000e6ab0000)
  to   space 21824K,   0% used [0x00000000e6ab0000, 0x00000000e6ab0000, 0x00000000e8000000)
 concurrent mark-sweep generation total 393216K, used 0K [0x00000000e8000000, 0x0000000100000000, 0x0000000100000000)
 Metaspace       used 21260K, capacity 21631K, committed 21884K, reserved 1069056K
  class space    used 2451K, capacity 2607K, committed 2684K, reserved 1048576K
}
2017-06-09T19:51:11.200+0200: 2,728: [Rescan (parallel) , 0,0044045 secs]2017-06-09T19:51:11.204+0200: 2,732: [weak refs processing, 0,0012358 secs]2017-06-09T19:51:11.206+0200: 2,734: [class unloading, 0,0027892 secs]2017-06-09T19:51:11.208+0200: 2,737: [scrub symbol table, 0,0026753 secs]2017-06-09T19:51:11.211+0200: 2,739: [scrub string table, 0,0003968 secs][1 CMS-remark: 0K(393216K)] 12751K(502464K), 0,0241875 secs] [Times: user=0,07 sys=0,00, real=0,02 secs] 
2017-06-09T19:51:11.212+0200: 2,740: Total time for which application threads were stopped: 0,0243319 seconds, Stopping threads took: 0,0000652 seconds
2017-06-09T19:51:11.212+0200: 2,740: [CMS-concurrent-sweep-start]
2017-06-09T19:51:11.212+0200: 2,740: [CMS-concurrent-sweep: 0,000/0,000 secs] [Times: user=0,00 sys=0,00, real=0,00 secs] 
2017-06-09T19:51:11.212+0200: 2,740: [CMS-concurrent-reset-start]
2017-06-09T19:51:11.213+0200: 2,742: [CMS-concurrent-reset: 0,001/0,001 secs] [Times: user=0,00 sys=0,00, real=0,00 secs] 
{Heap before GC invocations=4 (full 1):
 par new generation   total 109248K, used 100175K [0x00000000e0000000, 0x00000000e8000000, 0x00000000e8000000)
  eden space 87424K, 100% used [0x00000000e0000000, 0x00000000e5560000, 0x00000000e5560000)
  from space 21824K,  58% used [0x00000000e5560000, 0x00000000e61d3e40, 0x00000000e6ab0000)
  to   space 21824K,   0% used [0x00000000e6ab0000, 0x00000000e6ab0000, 0x00000000e8000000)
 concurrent mark-sweep generation total 393216K, used 0K [0x00000000e8000000, 0x0000000100000000, 0x0000000100000000)
 Metaspace       used 21385K, capacity 21809K, committed 21884K, reserved 1069056K
  class space    used 2469K, capacity 2642K, committed 2684K, reserved 1048576K
2017-06-09T19:51:11.299+0200: 2,827: [GC (Allocation Failure) 2017-06-09T19:51:11.299+0200: 2,827: [ParNew
Desired survivor size 20112992 bytes, new threshold 8 (max 8)
- age   1:     661264 bytes,     661264 total
- age   2:     179680 bytes,     840944 total
- age   3:    1453096 bytes,    2294040 total
- age   4:     794032 bytes,    3088072 total
- age   5:    6687536 bytes,    9775608 total
: 100175K->12369K(109248K), 0,0094256 secs] 100175K->12369K(502464K), 0,0094917 secs] [Times: user=0,03 sys=0,00, real=0,01 secs] 
Heap after GC invocations=5 (full 1):
 par new generation   total 109248K, used 12369K [0x00000000e0000000, 0x00000000e8000000, 0x00000000e8000000)
  eden space 87424K,   0% used [0x00000000e0000000, 0x00000000e0000000, 0x00000000e5560000)
  from space 21824K,  56% used [0x00000000e6ab0000, 0x00000000e76c46c0, 0x00000000e8000000)
  to   space 21824K,   0% used [0x00000000e5560000, 0x00000000e5560000, 0x00000000e6ab0000)
 concurrent mark-sweep generation total 393216K, used 0K [0x00000000e8000000, 0x0000000100000000, 0x0000000100000000)
 Metaspace       used 21385K, capacity 21809K, committed 21884K, reserved 1069056K
  class space    used 2469K, capacity 2642K, committed 2684K, reserved 1048576K
}
2017-06-09T19:51:11.308+0200: 2,837: Total time for which application threads were stopped: 0,0097367 seconds, Stopping threads took: 0,0000816 seconds
2017-06-09T19:51:11.341+0200: 2,870: Total time for which application threads were stopped: 0,0003226 seconds, Stopping threads took: 0,0000216 seconds
2017-06-09T19:51:11.609+0200: 3,137: Total time for which application threads were stopped: 0,0004370 seconds, Stopping threads took: 0,0000313 seconds
2017-06-09T19:51:11.627+0200: 3,156: Total time for which application threads were stopped: 0,0004584 seconds, Stopping threads took: 0,0000729 seconds
{Heap before GC invocations=5 (full 1):
 par new generation   total 109248K, used 99793K [0x00000000e0000000, 0x00000000e8000000, 0x00000000e8000000)
  eden space 87424K, 100% used [0x00000000e0000000, 0x00000000e5560000, 0x00000000e5560000)
  from space 21824K,  56% used [0x00000000e6ab0000, 0x00000000e76c46c0, 0x00000000e8000000)
  to   space 21824K,   0% used [0x00000000e5560000, 0x00000000e5560000, 0x00000000e6ab0000)
 concurrent mark-sweep generation total 393216K, used 0K [0x00000000e8000000, 0x0000000100000000, 0x0000000100000000)
 Metaspace       used 23980K, capacity 24463K, committed 24572K, reserved 1071104K
  class space    used 2834K, capacity 3015K, committed 3068K, reserved 1048576K
2017-06-09T19:51:11.783+0200: 3,311: [GC (Allocation Failure) 2017-06-09T19:51:11.783+0200: 3,312: [ParNew
Desired survivor size 20112992 bytes, new threshold 8 (max 8)
- age   1:    5276064 bytes,    5276064 total
- age   2:     131040 bytes,    5407104 total
- age   3:     178224 bytes,    5585328 total
- age   4:     283056 bytes,    5868384 total
- age   5:     766136 bytes,    6634520 total
- age   6:    6678976 bytes,   13313496 total
: 99793K->14450K(109248K), 0,0176028 secs] 99793K->14450K(502464K), 0,0176864 secs] [Times: user=0,07 sys=0,00, real=0,02 secs] 
Heap after GC invocations=6 (full 1):
 par new generation   total 109248K, used 14450K [0x00000000e0000000, 0x00000000e8000000, 0x00000000e8000000)
  eden space 87424K,   0% used [0x00000000e0000000, 0x00000000e0000000, 0x00000000e5560000)
  from space 21824K,  66% used [0x00000000e5560000, 0x00000000e637c9c0, 0x00000000e6ab0000)
  to   space 21824K,   0% used [0x00000000e6ab0000, 0x00000000e6ab0000, 0x00000000e8000000)
 concurrent mark-sweep generation total 393216K, used 0K [0x00000000e8000000, 0x0000000100000000, 0x0000000100000000)
 Metaspace       used 23980K, capacity 24463K, committed 24572K, reserved 1071104K
  class space    used 2834K, capacity 3015K, committed 3068K, reserved 1048576K
}
2017-06-09T19:51:11.801+0200: 3,329: Total time for which application threads were stopped: 0,0180354 seconds, Stopping threads took: 0,0000548 seconds
{Heap before GC invocations=6 (full 1):
 par new generation   total 109248K, used 101874K [0x00000000e0000000, 0x00000000e8000000, 0x00000000e8000000)
  eden space 87424K, 100% used [0x00000000e0000000, 0x00000000e5560000, 0x00000000e5560000)
  from space 21824K,  66% used [0x00000000e5560000, 0x00000000e637c9c0, 0x00000000e6ab0000)
  to   space 21824K,   0% used [0x00000000e6ab0000, 0x00000000e6ab0000, 0x00000000e8000000)
 concurrent mark-sweep generation total 393216K, used 0K [0x00000000e8000000, 0x0000000100000000, 0x0000000100000000)
 Metaspace       used 24589K, capacity 25051K, committed 25212K, reserved 1071104K
  class space    used 2878K, capacity 3081K, committed 3196K, reserved 1048576K
2017-06-09T19:51:11.911+0200: 3,439: [GC (Allocation Failure) 2017-06-09T19:51:11.911+0200: 3,439: [ParNew
Desired survivor size 20112992 bytes, new threshold 8 (max 8)
- age   1:    2397232 bytes,    2397232 total
- age   2:    1870672 bytes,    4267904 total
- age   3:      55256 bytes,    4323160 total
- age   4:      92944 bytes,    4416104 total
- age   5:     179256 bytes,    4595360 total
- age   6:     727976 bytes,    5323336 total
- age   7:    6145864 bytes,   11469200 total
: 101874K->19171K(109248K), 0,0213428 secs] 101874K->19171K(502464K), 0,0214116 secs] [Times: user=0,09 sys=0,00, real=0,02 secs] 
Heap after GC invocations=7 (full 1):
 par new generation   total 109248K, used 19171K [0x00000000e0000000, 0x00000000e8000000, 0x00000000e8000000)
  eden space 87424K,   0% used [0x00000000e0000000, 0x00000000e0000000, 0x00000000e5560000)
  from space 21824K,  87% used [0x00000000e6ab0000, 0x00000000e7d68f30, 0x00000000e8000000)
  to   space 21824K,   0% used [0x00000000e5560000, 0x00000000e5560000, 0x00000000e6ab0000)
 concurrent mark-sweep generation total 393216K, used 0K [0x00000000e8000000, 0x0000000100000000, 0x0000000100000000)
 Metaspace       used 24589K, capacity 25051K, committed 25212K, reserved 1071104K
  class space    used 2878K, capacity 3081K, committed 3196K, reserved 1048576K
}
2017-06-09T19:51:11.932+0200: 3,460: Total time for which application threads were stopped: 0,0216431 seconds, Stopping threads took: 0,0000424 seconds
{Heap before GC invocations=7 (full 1):
 par new generation   total 109248K, used 106595K [0x00000000e0000000, 0x00000000e8000000, 0x00000000e8000000)
  eden space 87424K, 100% used [0x00000000e0000000, 0x00000000e5560000, 0x00000000e5560000)
  from space 21824K,  87% used [0x00000000e6ab0000, 0x00000000e7d68f30, 0x00000000e8000000)
  to   space 21824K,   0% used [0x00000000e5560000, 0x00000000e5560000, 0x00000000e6ab0000)
 concurrent mark-sweep generation total 393216K, used 0K [0x00000000e8000000, 0x0000000100000000, 0x0000000100000000)
 Metaspace       used 24955K, capacity 25397K, committed 25724K, reserved 1071104K
  class space    used 2908K, capacity 3086K, committed 3196K, reserved 1048576K
2017-06-09T19:51:12.029+0200: 3,558: [GC (Allocation Failure) 2017-06-09T19:51:12.029+0200: 3,558: [ParNew
Desired survivor size 20112992 bytes, new threshold 8 (max 8)
- age   1:     734960 bytes,     734960 total
- age   2:     641104 bytes,    1376064 total
- age   3:    1794144 bytes,    3170208 total
- age   4:      55256 bytes,    3225464 total
- age   5:      92664 bytes,    3318128 total
- age   6:     178736 bytes,    3496864 total
- age   7:     727176 bytes,    4224040 total
- age   8:    6145992 bytes,   10370032 total
: 106595K->12462K(109248K), 0,0246518 secs] 106595K->12462K(502464K), 0,0247599 secs] [Times: user=0,05 sys=0,00, real=0,02 secs] 
Heap after GC invocations=8 (full 1):
 par new generation   total 109248K, used 12462K [0x00000000e0000000, 0x00000000e8000000, 0x00000000e8000000)
  eden space 87424K,   0% used [0x00000000e0000000, 0x00000000e0000000, 0x00000000e5560000)
  from space 21824K,  57% used [0x00000000e5560000, 0x00000000e618ba28, 0x00000000e6ab0000)
  to   space 21824K,   0% used [0x00000000e6ab0000, 0x00000000e6ab0000, 0x00000000e8000000)
 concurrent mark-sweep generation total 393216K, used 0K [0x00000000e8000000, 0x0000000100000000, 0x0000000100000000)
 Metaspace       used 24955K, capacity 25397K, committed 25724K, reserved 1071104K
  class space    used 2908K, capacity 3086K, committed 3196K, reserved 1048576K
}
2017-06-09T19:51:12.054+0200: 3,582: Total time for which application threads were stopped: 0,0251099 seconds, Stopping threads took: 0,0001074 seconds
2017-06-09T19:51:12.279+0200: 3,807: Total time for which application threads were stopped: 0,0003887 seconds, Stopping threads took: 0,0000202 seconds
2017-06-09T19:51:12.325+0200: 3,853: Total time for which application threads were stopped: 0,0004915 seconds, Stopping threads took: 0,0000243 seconds
2017-06-09T19:51:12.338+0200: 3,866: Total time for which application threads were stopped: 0,0005329 seconds, Stopping threads took: 0,0000611 seconds
2017-06-09T19:51:12.387+0200: 3,915: Total time for which application threads were stopped: 0,0004066 seconds, Stopping threads took: 0,0000396 seconds
2017-06-09T19:51:12.498+0200: 4,027: Total time for which application threads were stopped: 0,0004835 seconds, Stopping threads took: 0,0000252 seconds
2017-06-09T19:51:12.533+0200: 4,062: Total time for which application threads were stopped: 0,0003592 seconds, Stopping threads took: 0,0000254 seconds
2017-06-09T19:51:14.534+0200: 6,062: Total time for which application threads were stopped: 0,0000704 seconds, Stopping threads took: 0,0000196 seconds
2017-06-09T19:51:30.536+0200: 22,064: Total time for which application threads were stopped: 0,0000713 seconds, Stopping threads took: 0,0000188 seconds
2017-06-09T19:51:40.537+0200: 32,066: Total time for which application threads were stopped: 0,0000795 seconds, Stopping threads took: 0,0000321 seconds
2017-06-09T19:52:30.545+0200: 82,073: Total time for which application threads were stopped: 0,0001639 seconds, Stopping threads took: 0,0000658 seconds
2017-06-09T19:53:05.551+0200: 117,080: Total time for which application threads were stopped: 0,0001855 seconds, Stopping threads took: 0,0000721 seconds
2017-06-09T19:53:10.552+0200: 122,081: Total time for which application threads were stopped: 0,0001333 seconds, Stopping threads took: 0,0000323 seconds
2017-06-09T19:53:29.555+0200: 141,083: Total time for which application threads were stopped: 0,0000804 seconds, Stopping threads took: 0,0000320 seconds
2017-06-09T19:53:39.560+0200: 151,088: Total time for which application threads were stopped: 0,0001405 seconds, Stopping threads took: 0,0000344 seconds
2017-06-09T19:53:54.564+0200: 166,092: Total time for which application threads were stopped: 0,0000895 seconds, Stopping threads took: 0,0000339 seconds
2017-06-09T19:53:59.564+0200: 171,093: Total time for which application threads were stopped: 0,0000639 seconds, Stopping threads took: 0,0000168 seconds
{Heap before GC invocations=8 (full 1):
 par new generation   total 109248K, used 99886K [0x00000000e0000000, 0x00000000e8000000, 0x00000000e8000000)
  eden space 87424K, 100% used [0x00000000e0000000, 0x00000000e5560000, 0x00000000e5560000)
  from space 21824K,  57% used [0x00000000e5560000, 0x00000000e618ba28, 0x00000000e6ab0000)
  to   space 21824K,   0% used [0x00000000e6ab0000, 0x00000000e6ab0000, 0x00000000e8000000)
 concurrent mark-sweep generation total 393216K, used 0K [0x00000000e8000000, 0x0000000100000000, 0x0000000100000000)
 Metaspace       used 28043K, capacity 28625K, committed 28796K, reserved 1075200K
  class space    used 3214K, capacity 3392K, committed 3452K, reserved 1048576K
2017-06-09T19:54:04.387+0200: 175,916: [GC (Allocation Failure) 2017-06-09T19:54:04.387+0200: 175,916: [ParNew
Desired survivor size 20112992 bytes, new threshold 8 (max 8)
- age   1:   10693824 bytes,   10693824 total
- age   2:     282112 bytes,   10975936 total
- age   3:     244776 bytes,   11220712 total
- age   4:    1788816 bytes,   13009528 total
- age   5:      55256 bytes,   13064784 total
- age   6:      92536 bytes,   13157320 total
- age   7:     178640 bytes,   13335960 total
- age   8:     726216 bytes,   14062176 total
: 99886K->17890K(109248K), 0,0537759 secs] 99886K->24457K(502464K), 0,0538617 secs] [Times: user=0,12 sys=0,00, real=0,05 secs] 
Heap after GC invocations=9 (full 1):
 par new generation   total 109248K, used 17890K [0x00000000e0000000, 0x00000000e8000000, 0x00000000e8000000)
  eden space 87424K,   0% used [0x00000000e0000000, 0x00000000e0000000, 0x00000000e5560000)
  from space 21824K,  81% used [0x00000000e6ab0000, 0x00000000e7c28ac0, 0x00000000e8000000)
  to   space 21824K,   0% used [0x00000000e5560000, 0x00000000e5560000, 0x00000000e6ab0000)
 concurrent mark-sweep generation total 393216K, used 6566K [0x00000000e8000000, 0x0000000100000000, 0x0000000100000000)
 Metaspace       used 28043K, capacity 28625K, committed 28796K, reserved 1075200K
  class space    used 3214K, capacity 3392K, committed 3452K, reserved 1048576K
}
2017-06-09T19:54:04.441+0200: 175,969: Total time for which application threads were stopped: 0,0540244 seconds, Stopping threads took: 0,0000227 seconds
2017-06-09T19:54:05.442+0200: 176,970: Total time for which application threads were stopped: 0,0004392 seconds, Stopping threads took: 0,0000963 seconds
2017-06-09T19:54:09.442+0200: 180,971: Total time for which application threads were stopped: 0,0001032 seconds, Stopping threads took: 0,0000214 seconds
2017-06-09T19:55:39.451+0200: 270,979: Total time for which application threads were stopped: 0,0000813 seconds, Stopping threads took: 0,0000318 seconds
2017-06-09T19:55:45.452+0200: 276,980: Total time for which application threads were stopped: 0,0000784 seconds, Stopping threads took: 0,0000294 seconds
2017-06-09T19:55:55.453+0200: 286,981: Total time for which application threads were stopped: 0,0003893 seconds, Stopping threads took: 0,0001395 seconds
2017-06-09T20:14:39.559+0200: 1411,088: Total time for which application threads were stopped: 0,0003198 seconds, Stopping threads took: 0,0000930 seconds
2017-06-09T20:18:34.581+0200: 1646,109: Total time for which application threads were stopped: 0,0000834 seconds, Stopping threads took: 0,0000329 seconds
2017-06-09T20:18:39.582+0200: 1651,110: Total time for which application threads were stopped: 0,0000658 seconds, Stopping threads took: 0,0000147 seconds
2017-06-09T20:29:29.644+0200: 2301,172: Total time for which application threads were stopped: 0,0000807 seconds, Stopping threads took: 0,0000271 seconds
2017-06-09T20:29:30.644+0200: 2302,172: Total time for which application threads were stopped: 0,0000665 seconds, Stopping threads took: 0,0000146 seconds
2017-06-09T20:44:25.737+0200: 3197,265: Total time for which application threads were stopped: 0,0001938 seconds, Stopping threads took: 0,0000735 seconds
2017-06-09T20:57:10.841+0200: 3962,369: Total time for which application threads were stopped: 0,0000974 seconds, Stopping threads took: 0,0000386 seconds
2017-06-09T20:57:44.846+0200: 3996,374: Total time for which application threads were stopped: 0,0001154 seconds, Stopping threads took: 0,0000465 seconds
2017-06-09T21:09:45.941+0200: 4717,469: Total time for which application threads were stopped: 0,0001659 seconds, Stopping threads took: 0,0000589 seconds
2017-06-09T21:09:50.942+0200: 4722,470: Total time for which application threads were stopped: 0,0001138 seconds, Stopping threads took: 0,0000279 seconds
2017-06-09T21:35:31.176+0200: 6262,704: Total time for which application threads were stopped: 0,0001306 seconds, Stopping threads took: 0,0000500 seconds
2017-06-09T21:52:40.329+0200: 7291,858: Total time for which application threads were stopped: 0,0000937 seconds, Stopping threads took: 0,0000336 seconds
2017-06-09T21:59:10.389+0200: 7681,918: Total time for which application threads were stopped: 0,0003503 seconds, Stopping threads took: 0,0001269 seconds
2017-06-09T21:59:40.394+0200: 7711,922: Total time for which application threads were stopped: 0,0001996 seconds, Stopping threads took: 0,0000847 seconds
2017-06-09T22:57:40.914+0200: 11192,442: Total time for which application threads were stopped: 0,0001164 seconds, Stopping threads took: 0,0000423 seconds
2017-06-10T00:07:10.441+0200: 15361,969: Total time for which application threads were stopped: 0,0001574 seconds, Stopping threads took: 0,0000468 seconds
2017-06-10T00:09:40.457+0200: 15511,985: Total time for which application threads were stopped: 0,0001045 seconds, Stopping threads took: 0,0000400 seconds
2017-06-10T01:56:00.118+0200: 21891,646: Total time for which application threads were stopped: 0,0013339 seconds, Stopping threads took: 0,0000297 seconds
2017-06-10T01:56:00.119+0200: 21891,648: Total time for which application threads were stopped: 0,0001208 seconds, Stopping threads took: 0,0000241 seconds
Heap
 par new generation   total 109248K, used 38752K [0x00000000e0000000, 0x00000000e8000000, 0x00000000e8000000)
  eden space 87424K,  23% used [0x00000000e0000000, 0x00000000e145f750, 0x00000000e5560000)
  from space 21824K,  81% used [0x00000000e6ab0000, 0x00000000e7c28ac0, 0x00000000e8000000)
  to   space 21824K,   0% used [0x00000000e5560000, 0x00000000e5560000, 0x00000000e6ab0000)
 concurrent mark-sweep generation total 393216K, used 6566K [0x00000000e8000000, 0x0000000100000000, 0x0000000100000000)
 Metaspace       used 28193K, capacity 28793K, committed 29052K, reserved 1075200K
  class space    used 3229K, capacity 3426K, committed 3452K, reserved 1048576K
