OpenJDK 64-Bit Server VM (25.131-b11) for linux-amd64 JRE (1.8.0_131-8u131-b11-0ubuntu1.16.04.2-b11), built on May  6 2017 02:45:27 by "buildd" with gcc 5.4.0 20160609
Memory: 4k page, physical 7867740k(7479480k free), swap 8076284k(8076284k free)
CommandLine flags: -XX:CMSInitiatingOccupancyFraction=50 -XX:CMSMaxAbortablePrecleanTime=6000 -XX:+CMSParallelRemarkEnabled -XX:+CMSScavengeBeforeRemark -XX:ConcGCThreads=4 -XX:InitialHeapSize=536870912 -XX:MaxHeapSize=536870912 -XX:MaxTenuringThreshold=8 -XX:NewRatio=3 -XX:OldPLABSize=16 -XX:OnOutOfMemoryError=/opt/solr/bin/oom_solr.sh 8983 /var/solr/logs -XX:ParallelGCThreads=4 -XX:+ParallelRefProcEnabled -XX:PretenureSizeThreshold=67108864 -XX:+PrintGC -XX:+PrintGCApplicationStoppedTime -XX:+PrintGCDateStamps -XX:+PrintGCDetails -XX:+PrintGCTimeStamps -XX:+PrintHeapAtGC -XX:+PrintTenuringDistribution -XX:SurvivorRatio=4 -XX:TargetSurvivorRatio=90 -XX:ThreadStackSize=256 -XX:+UseCMSInitiatingOccupancyOnly -XX:+UseCompressedClassPointers -XX:+UseCompressedOops -XX:+UseConcMarkSweepGC -XX:+UseParNewGC 
2017-07-19T07:49:38.717+0200: 0,180: Total time for which application threads were stopped: 0,0001090 seconds, Stopping threads took: 0,0000520 seconds
2017-07-19T07:49:38.820+0200: 0,284: Total time for which application threads were stopped: 0,0001195 seconds, Stopping threads took: 0,0000101 seconds
2017-07-19T07:49:38.847+0200: 0,311: Total time for which application threads were stopped: 0,0001071 seconds, Stopping threads took: 0,0000267 seconds
2017-07-19T07:49:39.124+0200: 0,588: Total time for which application threads were stopped: 0,0002667 seconds, Stopping threads took: 0,0000145 seconds
2017-07-19T07:49:39.676+0200: 1,140: Total time for which application threads were stopped: 0,0001185 seconds, Stopping threads took: 0,0000139 seconds
2017-07-19T07:49:39.726+0200: 1,189: Total time for which application threads were stopped: 0,0001461 seconds, Stopping threads took: 0,0000225 seconds
2017-07-19T07:49:39.743+0200: 1,206: Total time for which application threads were stopped: 0,0001474 seconds, Stopping threads took: 0,0000206 seconds
2017-07-19T07:49:40.102+0200: 1,566: Total time for which application threads were stopped: 0,0002041 seconds, Stopping threads took: 0,0000123 seconds
2017-07-19T07:49:40.357+0200: 1,821: Total time for which application threads were stopped: 0,0001987 seconds, Stopping threads took: 0,0000251 seconds
2017-07-19T07:49:40.386+0200: 1,850: Total time for which application threads were stopped: 0,0001715 seconds, Stopping threads took: 0,0000144 seconds
2017-07-19T07:49:40.423+0200: 1,887: Total time for which application threads were stopped: 0,0001964 seconds, Stopping threads took: 0,0000178 seconds
2017-07-19T07:49:40.424+0200: 1,888: Total time for which application threads were stopped: 0,0001391 seconds, Stopping threads took: 0,0000117 seconds
2017-07-19T07:49:40.441+0200: 1,905: Total time for which application threads were stopped: 0,0001719 seconds, Stopping threads took: 0,0000185 seconds
2017-07-19T07:49:40.541+0200: 2,005: Total time for which application threads were stopped: 0,0002513 seconds, Stopping threads took: 0,0000187 seconds
2017-07-19T07:49:40.764+0200: 2,228: Total time for which application threads were stopped: 0,0005167 seconds, Stopping threads took: 0,0003117 seconds
{Heap before GC invocations=0 (full 0):
 par new generation   total 109248K, used 87424K [0x00000000e0000000, 0x00000000e8000000, 0x00000000e8000000)
  eden space 87424K, 100% used [0x00000000e0000000, 0x00000000e5560000, 0x00000000e5560000)
  from space 21824K,   0% used [0x00000000e5560000, 0x00000000e5560000, 0x00000000e6ab0000)
  to   space 21824K,   0% used [0x00000000e6ab0000, 0x00000000e6ab0000, 0x00000000e8000000)
 concurrent mark-sweep generation total 393216K, used 0K [0x00000000e8000000, 0x0000000100000000, 0x0000000100000000)
 Metaspace       used 18033K, capacity 18336K, committed 18688K, reserved 1064960K
  class space    used 2036K, capacity 2196K, committed 2304K, reserved 1048576K
2017-07-19T07:49:40.853+0200: 2,317: [GC (Allocation Failure) 2017-07-19T07:49:40.853+0200: 2,317: [ParNew
Desired survivor size 20112992 bytes, new threshold 8 (max 8)
- age   1:   12599808 bytes,   12599808 total
: 87424K->12425K(109248K), 0,0154124 secs] 87424K->12425K(502464K), 0,0154944 secs] [Times: user=0,02 sys=0,04, real=0,02 secs] 
Heap after GC invocations=1 (full 0):
 par new generation   total 109248K, used 12425K [0x00000000e0000000, 0x00000000e8000000, 0x00000000e8000000)
  eden space 87424K,   0% used [0x00000000e0000000, 0x00000000e0000000, 0x00000000e5560000)
  from space 21824K,  56% used [0x00000000e6ab0000, 0x00000000e76d2450, 0x00000000e8000000)
  to   space 21824K,   0% used [0x00000000e5560000, 0x00000000e5560000, 0x00000000e6ab0000)
 concurrent mark-sweep generation total 393216K, used 0K [0x00000000e8000000, 0x0000000100000000, 0x0000000100000000)
 Metaspace       used 18033K, capacity 18336K, committed 18688K, reserved 1064960K
  class space    used 2036K, capacity 2196K, committed 2304K, reserved 1048576K
}
2017-07-19T07:49:40.869+0200: 2,333: Total time for which application threads were stopped: 0,0160155 seconds, Stopping threads took: 0,0003444 seconds
2017-07-19T07:49:41.208+0200: 2,672: Total time for which application threads were stopped: 0,0003054 seconds, Stopping threads took: 0,0000423 seconds
2017-07-19T07:49:41.258+0200: 2,722: Total time for which application threads were stopped: 0,0042660 seconds, Stopping threads took: 0,0040011 seconds
{Heap before GC invocations=1 (full 0):
 par new generation   total 109248K, used 99849K [0x00000000e0000000, 0x00000000e8000000, 0x00000000e8000000)
  eden space 87424K, 100% used [0x00000000e0000000, 0x00000000e5560000, 0x00000000e5560000)
  from space 21824K,  56% used [0x00000000e6ab0000, 0x00000000e76d2450, 0x00000000e8000000)
  to   space 21824K,   0% used [0x00000000e5560000, 0x00000000e5560000, 0x00000000e6ab0000)
 concurrent mark-sweep generation total 393216K, used 0K [0x00000000e8000000, 0x0000000100000000, 0x0000000100000000)
 Metaspace       used 20041K, capacity 20356K, committed 20736K, reserved 1067008K
  class space    used 2295K, capacity 2466K, committed 2560K, reserved 1048576K
2017-07-19T07:49:41.259+0200: 2,723: [GC (Allocation Failure) 2017-07-19T07:49:41.259+0200: 2,723: [ParNew
Desired survivor size 20112992 bytes, new threshold 8 (max 8)
- age   1:    3717416 bytes,    3717416 total
- age   2:    6668272 bytes,   10385688 total
: 99849K->15653K(109248K), 0,0100501 secs] 99849K->15653K(502464K), 0,0101196 secs] [Times: user=0,04 sys=0,00, real=0,01 secs] 
Heap after GC invocations=2 (full 0):
 par new generation   total 109248K, used 15653K [0x00000000e0000000, 0x00000000e8000000, 0x00000000e8000000)
  eden space 87424K,   0% used [0x00000000e0000000, 0x00000000e0000000, 0x00000000e5560000)
  from space 21824K,  71% used [0x00000000e5560000, 0x00000000e64a9780, 0x00000000e6ab0000)
  to   space 21824K,   0% used [0x00000000e6ab0000, 0x00000000e6ab0000, 0x00000000e8000000)
 concurrent mark-sweep generation total 393216K, used 0K [0x00000000e8000000, 0x0000000100000000, 0x0000000100000000)
 Metaspace       used 20041K, capacity 20356K, committed 20736K, reserved 1067008K
  class space    used 2295K, capacity 2466K, committed 2560K, reserved 1048576K
}
2017-07-19T07:49:41.269+0200: 2,733: Total time for which application threads were stopped: 0,0102791 seconds, Stopping threads took: 0,0000391 seconds
2017-07-19T07:49:41.321+0200: 2,785: Total time for which application threads were stopped: 0,0003665 seconds, Stopping threads took: 0,0000250 seconds
2017-07-19T07:49:41.450+0200: 2,914: Total time for which application threads were stopped: 0,0041005 seconds, Stopping threads took: 0,0039626 seconds
{Heap before GC invocations=2 (full 0):
 par new generation   total 109248K, used 103077K [0x00000000e0000000, 0x00000000e8000000, 0x00000000e8000000)
  eden space 87424K, 100% used [0x00000000e0000000, 0x00000000e5560000, 0x00000000e5560000)
  from space 21824K,  71% used [0x00000000e5560000, 0x00000000e64a9780, 0x00000000e6ab0000)
  to   space 21824K,   0% used [0x00000000e6ab0000, 0x00000000e6ab0000, 0x00000000e8000000)
 concurrent mark-sweep generation total 393216K, used 0K [0x00000000e8000000, 0x0000000100000000, 0x0000000100000000)
 Metaspace       used 20993K, capacity 21278K, committed 21628K, reserved 1069056K
  class space    used 2417K, capacity 2585K, committed 2684K, reserved 1048576K
2017-07-19T07:49:41.484+0200: 2,948: [GC (Allocation Failure) 2017-07-19T07:49:41.485+0200: 2,948: [ParNew
Desired survivor size 20112992 bytes, new threshold 8 (max 8)
- age   1:    2075608 bytes,    2075608 total
- age   2:     852352 bytes,    2927960 total
- age   3:    6661248 bytes,    9589208 total
: 103077K->11228K(109248K), 0,0088435 secs] 103077K->11228K(502464K), 0,0089180 secs] [Times: user=0,03 sys=0,00, real=0,01 secs] 
Heap after GC invocations=3 (full 0):
 par new generation   total 109248K, used 11228K [0x00000000e0000000, 0x00000000e8000000, 0x00000000e8000000)
  eden space 87424K,   0% used [0x00000000e0000000, 0x00000000e0000000, 0x00000000e5560000)
  from space 21824K,  51% used [0x00000000e6ab0000, 0x00000000e75a7260, 0x00000000e8000000)
  to   space 21824K,   0% used [0x00000000e5560000, 0x00000000e5560000, 0x00000000e6ab0000)
 concurrent mark-sweep generation total 393216K, used 0K [0x00000000e8000000, 0x0000000100000000, 0x0000000100000000)
 Metaspace       used 20993K, capacity 21278K, committed 21628K, reserved 1069056K
  class space    used 2417K, capacity 2585K, committed 2684K, reserved 1048576K
}
2017-07-19T07:49:41.493+0200: 2,957: Total time for which application threads were stopped: 0,0110693 seconds, Stopping threads took: 0,0020115 seconds
2017-07-19T07:49:41.494+0200: 2,958: [GC (CMS Initial Mark) [1 CMS-initial-mark: 0K(393216K)] 13337K(502464K), 0,0026704 secs] [Times: user=0,01 sys=0,00, real=0,01 secs] 
2017-07-19T07:49:41.497+0200: 2,960: Total time for which application threads were stopped: 0,0027912 seconds, Stopping threads took: 0,0000411 seconds
2017-07-19T07:49:41.497+0200: 2,960: [CMS-concurrent-mark-start]
2017-07-19T07:49:41.497+0200: 2,961: [CMS-concurrent-mark: 0,000/0,000 secs] [Times: user=0,00 sys=0,00, real=0,00 secs] 
2017-07-19T07:49:41.497+0200: 2,961: [CMS-concurrent-preclean-start]
2017-07-19T07:49:41.498+0200: 2,962: [CMS-concurrent-preclean: 0,001/0,001 secs] [Times: user=0,01 sys=0,00, real=0,00 secs] 
2017-07-19T07:49:41.498+0200: 2,962: [CMS-concurrent-abortable-preclean-start]
2017-07-19T07:49:41.559+0200: 3,023: Total time for which application threads were stopped: 0,0001680 seconds, Stopping threads took: 0,0000693 seconds
{Heap before GC invocations=3 (full 1):
 par new generation   total 109248K, used 98652K [0x00000000e0000000, 0x00000000e8000000, 0x00000000e8000000)
  eden space 87424K, 100% used [0x00000000e0000000, 0x00000000e5560000, 0x00000000e5560000)
  from space 21824K,  51% used [0x00000000e6ab0000, 0x00000000e75a7260, 0x00000000e8000000)
  to   space 21824K,   0% used [0x00000000e5560000, 0x00000000e5560000, 0x00000000e6ab0000)
 concurrent mark-sweep generation total 393216K, used 0K [0x00000000e8000000, 0x0000000100000000, 0x0000000100000000)
 Metaspace       used 21254K, capacity 21612K, committed 21884K, reserved 1069056K
  class space    used 2446K, capacity 2599K, committed 2684K, reserved 1048576K
2017-07-19T07:49:41.614+0200: 3,078: [GC (Allocation Failure) 2017-07-19T07:49:41.614+0200: 3,078: [ParNew
Desired survivor size 20112992 bytes, new threshold 8 (max 8)
- age   1:    1317264 bytes,    1317264 total
- age   2:    1450760 bytes,    2768024 total
- age   3:     819008 bytes,    3587032 total
- age   4:    6661176 bytes,   10248208 total
: 98652K->14255K(109248K), 0,0106185 secs] 98652K->14255K(502464K), 0,0106880 secs] [Times: user=0,04 sys=0,00, real=0,00 secs] 
Heap after GC invocations=4 (full 1):
 par new generation   total 109248K, used 14255K [0x00000000e0000000, 0x00000000e8000000, 0x00000000e8000000)
  eden space 87424K,   0% used [0x00000000e0000000, 0x00000000e0000000, 0x00000000e5560000)
  from space 21824K,  65% used [0x00000000e5560000, 0x00000000e634bf18, 0x00000000e6ab0000)
  to   space 21824K,   0% used [0x00000000e6ab0000, 0x00000000e6ab0000, 0x00000000e8000000)
 concurrent mark-sweep generation total 393216K, used 0K [0x00000000e8000000, 0x0000000100000000, 0x0000000100000000)
 Metaspace       used 21254K, capacity 21612K, committed 21884K, reserved 1069056K
  class space    used 2446K, capacity 2599K, committed 2684K, reserved 1048576K
}
2017-07-19T07:49:41.625+0200: 3,089: Total time for which application threads were stopped: 0,0108665 seconds, Stopping threads took: 0,0000472 seconds
2017-07-19T07:49:41.625+0200: 3,089: [CMS-concurrent-abortable-preclean: 0,082/0,127 secs] [Times: user=0,48 sys=0,00, real=0,12 secs] 
2017-07-19T07:49:41.632+0200: 3,096: [GC (CMS Final Remark) [YG occupancy: 20744 K (109248 K)]{Heap before GC invocations=4 (full 1):
 par new generation   total 109248K, used 20744K [0x00000000e0000000, 0x00000000e8000000, 0x00000000e8000000)
  eden space 87424K,   7% used [0x00000000e0000000, 0x00000000e0656330, 0x00000000e5560000)
  from space 21824K,  65% used [0x00000000e5560000, 0x00000000e634bf18, 0x00000000e6ab0000)
  to   space 21824K,   0% used [0x00000000e6ab0000, 0x00000000e6ab0000, 0x00000000e8000000)
 concurrent mark-sweep generation total 393216K, used 0K [0x00000000e8000000, 0x0000000100000000, 0x0000000100000000)
 Metaspace       used 21255K, capacity 21612K, committed 21884K, reserved 1069056K
  class space    used 2446K, capacity 2599K, committed 2684K, reserved 1048576K
2017-07-19T07:49:41.632+0200: 3,096: [GC (CMS Final Remark) 2017-07-19T07:49:41.632+0200: 3,096: [ParNew
Desired survivor size 20112992 bytes, new threshold 8 (max 8)
- age   1:     599360 bytes,     599360 total
- age   2:     414568 bytes,    1013928 total
- age   3:    1450824 bytes,    2464752 total
- age   4:     819008 bytes,    3283760 total
- age   5:    6661808 bytes,    9945568 total
: 20744K->11579K(109248K), 0,0095055 secs] 20744K->11579K(502464K), 0,0095448 secs] [Times: user=0,03 sys=0,00, real=0,01 secs] 
Heap after GC invocations=5 (full 1):
 par new generation   total 109248K, used 11579K [0x00000000e0000000, 0x00000000e8000000, 0x00000000e8000000)
  eden space 87424K,   0% used [0x00000000e0000000, 0x00000000e0000000, 0x00000000e5560000)
  from space 21824K,  53% used [0x00000000e6ab0000, 0x00000000e75fec40, 0x00000000e8000000)
  to   space 21824K,   0% used [0x00000000e5560000, 0x00000000e5560000, 0x00000000e6ab0000)
 concurrent mark-sweep generation total 393216K, used 0K [0x00000000e8000000, 0x0000000100000000, 0x0000000100000000)
 Metaspace       used 21255K, capacity 21612K, committed 21884K, reserved 1069056K
  class space    used 2446K, capacity 2599K, committed 2684K, reserved 1048576K
}
2017-07-19T07:49:41.641+0200: 3,105: [Rescan (parallel) , 0,0063805 secs]2017-07-19T07:49:41.648+0200: 3,112: [weak refs processing, 0,0029724 secs]2017-07-19T07:49:41.651+0200: 3,115: [class unloading, 0,0028303 secs]2017-07-19T07:49:41.654+0200: 3,117: [scrub symbol table, 0,0026100 secs]2017-07-19T07:49:41.656+0200: 3,120: [scrub string table, 0,0003969 secs][1 CMS-remark: 0K(393216K)] 11579K(502464K), 0,0254422 secs] [Times: user=0,06 sys=0,00, real=0,03 secs] 
2017-07-19T07:49:41.657+0200: 3,121: Total time for which application threads were stopped: 0,0270184 seconds, Stopping threads took: 0,0014847 seconds
2017-07-19T07:49:41.662+0200: 3,126: [CMS-concurrent-sweep-start]
2017-07-19T07:49:41.662+0200: 3,126: [CMS-concurrent-sweep: 0,000/0,000 secs] [Times: user=0,00 sys=0,00, real=0,00 secs] 
2017-07-19T07:49:41.662+0200: 3,126: [CMS-concurrent-reset-start]
2017-07-19T07:49:41.665+0200: 3,129: [CMS-concurrent-reset: 0,003/0,003 secs] [Times: user=0,01 sys=0,00, real=0,00 secs] 
{Heap before GC invocations=5 (full 1):
 par new generation   total 109248K, used 99003K [0x00000000e0000000, 0x00000000e8000000, 0x00000000e8000000)
  eden space 87424K, 100% used [0x00000000e0000000, 0x00000000e5560000, 0x00000000e5560000)
  from space 21824K,  53% used [0x00000000e6ab0000, 0x00000000e75fec40, 0x00000000e8000000)
  to   space 21824K,   0% used [0x00000000e5560000, 0x00000000e5560000, 0x00000000e6ab0000)
 concurrent mark-sweep generation total 393216K, used 0K [0x00000000e8000000, 0x0000000100000000, 0x0000000100000000)
 Metaspace       used 21445K, capacity 21790K, committed 21884K, reserved 1069056K
  class space    used 2473K, capacity 2634K, committed 2684K, reserved 1048576K
2017-07-19T07:49:41.734+0200: 3,198: [GC (Allocation Failure) 2017-07-19T07:49:41.734+0200: 3,198: [ParNew
Desired survivor size 20112992 bytes, new threshold 8 (max 8)
- age   1:     577960 bytes,     577960 total
- age   2:       9384 bytes,     587344 total
- age   3:     184416 bytes,     771760 total
- age   4:    1448952 bytes,    2220712 total
- age   5:     818928 bytes,    3039640 total
- age   6:    6661144 bytes,    9700784 total
: 99003K->15279K(109248K), 0,0100504 secs] 99003K->15279K(502464K), 0,0101153 secs] [Times: user=0,03 sys=0,00, real=0,00 secs] 
Heap after GC invocations=6 (full 1):
 par new generation   total 109248K, used 15279K [0x00000000e0000000, 0x00000000e8000000, 0x00000000e8000000)
  eden space 87424K,   0% used [0x00000000e0000000, 0x00000000e0000000, 0x00000000e5560000)
  from space 21824K,  70% used [0x00000000e5560000, 0x00000000e644be88, 0x00000000e6ab0000)
  to   space 21824K,   0% used [0x00000000e6ab0000, 0x00000000e6ab0000, 0x00000000e8000000)
 concurrent mark-sweep generation total 393216K, used 0K [0x00000000e8000000, 0x0000000100000000, 0x0000000100000000)
 Metaspace       used 21445K, capacity 21790K, committed 21884K, reserved 1069056K
  class space    used 2473K, capacity 2634K, committed 2684K, reserved 1048576K
}
2017-07-19T07:49:41.744+0200: 3,208: Total time for which application threads were stopped: 0,0115306 seconds, Stopping threads took: 0,0012629 seconds
2017-07-19T07:49:41.760+0200: 3,224: Total time for which application threads were stopped: 0,0003099 seconds, Stopping threads took: 0,0000227 seconds
2017-07-19T07:49:42.006+0200: 3,469: Total time for which application threads were stopped: 0,0004759 seconds, Stopping threads took: 0,0000596 seconds
2017-07-19T07:49:42.022+0200: 3,486: Total time for which application threads were stopped: 0,0004253 seconds, Stopping threads took: 0,0000423 seconds
{Heap before GC invocations=6 (full 1):
 par new generation   total 109248K, used 102703K [0x00000000e0000000, 0x00000000e8000000, 0x00000000e8000000)
  eden space 87424K, 100% used [0x00000000e0000000, 0x00000000e5560000, 0x00000000e5560000)
  from space 21824K,  70% used [0x00000000e5560000, 0x00000000e644be88, 0x00000000e6ab0000)
  to   space 21824K,   0% used [0x00000000e6ab0000, 0x00000000e6ab0000, 0x00000000e8000000)
 concurrent mark-sweep generation total 393216K, used 0K [0x00000000e8000000, 0x0000000100000000, 0x0000000100000000)
 Metaspace       used 23795K, capacity 24230K, committed 24572K, reserved 1071104K
  class space    used 2794K, capacity 2978K, committed 3068K, reserved 1048576K
2017-07-19T07:49:42.187+0200: 3,651: [GC (Allocation Failure) 2017-07-19T07:49:42.187+0200: 3,651: [ParNew
Desired survivor size 20112992 bytes, new threshold 8 (max 8)
- age   1:    4986336 bytes,    4986336 total
- age   2:     182168 bytes,    5168504 total
- age   3:       9384 bytes,    5177888 total
- age   4:     183776 bytes,    5361664 total
- age   5:     280696 bytes,    5642360 total
- age   6:     792704 bytes,    6435064 total
- age   7:    6653120 bytes,   13088184 total
: 102703K->14791K(109248K), 0,0119531 secs] 102703K->14791K(502464K), 0,0120399 secs] [Times: user=0,04 sys=0,01, real=0,01 secs] 
Heap after GC invocations=7 (full 1):
 par new generation   total 109248K, used 14791K [0x00000000e0000000, 0x00000000e8000000, 0x00000000e8000000)
  eden space 87424K,   0% used [0x00000000e0000000, 0x00000000e0000000, 0x00000000e5560000)
  from space 21824K,  67% used [0x00000000e6ab0000, 0x00000000e7921d08, 0x00000000e8000000)
  to   space 21824K,   0% used [0x00000000e5560000, 0x00000000e5560000, 0x00000000e6ab0000)
 concurrent mark-sweep generation total 393216K, used 0K [0x00000000e8000000, 0x0000000100000000, 0x0000000100000000)
 Metaspace       used 23795K, capacity 24230K, committed 24572K, reserved 1071104K
  class space    used 2794K, capacity 2978K, committed 3068K, reserved 1048576K
}
2017-07-19T07:49:42.199+0200: 3,663: Total time for which application threads were stopped: 0,0123403 seconds, Stopping threads took: 0,0000569 seconds
{Heap before GC invocations=7 (full 1):
 par new generation   total 109248K, used 102215K [0x00000000e0000000, 0x00000000e8000000, 0x00000000e8000000)
  eden space 87424K, 100% used [0x00000000e0000000, 0x00000000e5560000, 0x00000000e5560000)
  from space 21824K,  67% used [0x00000000e6ab0000, 0x00000000e7921d08, 0x00000000e8000000)
  to   space 21824K,   0% used [0x00000000e5560000, 0x00000000e5560000, 0x00000000e6ab0000)
 concurrent mark-sweep generation total 393216K, used 0K [0x00000000e8000000, 0x0000000100000000, 0x0000000100000000)
 Metaspace       used 24323K, capacity 24812K, committed 25084K, reserved 1071104K
  class space    used 2851K, capacity 3043K, committed 3068K, reserved 1048576K
2017-07-19T07:49:42.294+0200: 3,758: [GC (Allocation Failure) 2017-07-19T07:49:42.294+0200: 3,758: [ParNew
Desired survivor size 20112992 bytes, new threshold 8 (max 8)
- age   1:    1688376 bytes,    1688376 total
- age   2:    1759936 bytes,    3448312 total
- age   3:      83080 bytes,    3531392 total
- age   4:        200 bytes,    3531592 total
- age   5:     106720 bytes,    3638312 total
- age   6:     182200 bytes,    3820512 total
- age   7:     751240 bytes,    4571752 total
- age   8:    6120240 bytes,   10691992 total
: 102215K->13404K(109248K), 0,0170822 secs] 102215K->13404K(502464K), 0,0171869 secs] [Times: user=0,06 sys=0,00, real=0,01 secs] 
Heap after GC invocations=8 (full 1):
 par new generation   total 109248K, used 13404K [0x00000000e0000000, 0x00000000e8000000, 0x00000000e8000000)
  eden space 87424K,   0% used [0x00000000e0000000, 0x00000000e0000000, 0x00000000e5560000)
  from space 21824K,  61% used [0x00000000e5560000, 0x00000000e6277338, 0x00000000e6ab0000)
  to   space 21824K,   0% used [0x00000000e6ab0000, 0x00000000e6ab0000, 0x00000000e8000000)
 concurrent mark-sweep generation total 393216K, used 0K [0x00000000e8000000, 0x0000000100000000, 0x0000000100000000)
 Metaspace       used 24323K, capacity 24812K, committed 25084K, reserved 1071104K
  class space    used 2851K, capacity 3043K, committed 3068K, reserved 1048576K
}
2017-07-19T07:49:42.312+0200: 3,775: Total time for which application threads were stopped: 0,0190799 seconds, Stopping threads took: 0,0017038 seconds
{Heap before GC invocations=8 (full 1):
 par new generation   total 109248K, used 100828K [0x00000000e0000000, 0x00000000e8000000, 0x00000000e8000000)
  eden space 87424K, 100% used [0x00000000e0000000, 0x00000000e5560000, 0x00000000e5560000)
  from space 21824K,  61% used [0x00000000e5560000, 0x00000000e6277338, 0x00000000e6ab0000)
  to   space 21824K,   0% used [0x00000000e6ab0000, 0x00000000e6ab0000, 0x00000000e8000000)
 concurrent mark-sweep generation total 393216K, used 0K [0x00000000e8000000, 0x0000000100000000, 0x0000000100000000)
 Metaspace       used 24780K, capacity 25254K, committed 25468K, reserved 1071104K
  class space    used 2891K, capacity 3080K, committed 3196K, reserved 1048576K
2017-07-19T07:49:42.450+0200: 3,914: [GC (Allocation Failure) 2017-07-19T07:49:42.450+0200: 3,914: [ParNew
Desired survivor size 20112992 bytes, new threshold 8 (max 8)
- age   1:     951816 bytes,     951816 total
- age   2:     981320 bytes,    1933136 total
- age   3:    1736680 bytes,    3669816 total
- age   4:      83048 bytes,    3752864 total
- age   5:        200 bytes,    3753064 total
- age   6:     106552 bytes,    3859616 total
- age   7:     179400 bytes,    4039016 total
- age   8:     750472 bytes,    4789488 total
: 100828K->13140K(109248K), 0,0298574 secs] 100828K->19198K(502464K), 0,0299378 secs] [Times: user=0,09 sys=0,00, real=0,03 secs] 
Heap after GC invocations=9 (full 1):
 par new generation   total 109248K, used 13140K [0x00000000e0000000, 0x00000000e8000000, 0x00000000e8000000)
  eden space 87424K,   0% used [0x00000000e0000000, 0x00000000e0000000, 0x00000000e5560000)
  from space 21824K,  60% used [0x00000000e6ab0000, 0x00000000e7785000, 0x00000000e8000000)
  to   space 21824K,   0% used [0x00000000e5560000, 0x00000000e5560000, 0x00000000e6ab0000)
 concurrent mark-sweep generation total 393216K, used 6058K [0x00000000e8000000, 0x0000000100000000, 0x0000000100000000)
 Metaspace       used 24780K, capacity 25254K, committed 25468K, reserved 1071104K
  class space    used 2891K, capacity 3080K, committed 3196K, reserved 1048576K
}
2017-07-19T07:49:42.480+0200: 3,944: Total time for which application threads were stopped: 0,0301953 seconds, Stopping threads took: 0,0000743 seconds
2017-07-19T07:49:42.586+0200: 4,050: Total time for which application threads were stopped: 0,0005279 seconds, Stopping threads took: 0,0000451 seconds
2017-07-19T07:49:42.594+0200: 4,058: Total time for which application threads were stopped: 0,0036808 seconds, Stopping threads took: 0,0035936 seconds
2017-07-19T07:49:42.594+0200: 4,058: Total time for which application threads were stopped: 0,0000685 seconds, Stopping threads took: 0,0000160 seconds
2017-07-19T07:49:42.595+0200: 4,058: Total time for which application threads were stopped: 0,0000764 seconds, Stopping threads took: 0,0000258 seconds
2017-07-19T07:49:42.595+0200: 4,058: Total time for which application threads were stopped: 0,0000676 seconds, Stopping threads took: 0,0000103 seconds
2017-07-19T07:49:42.595+0200: 4,059: Total time for which application threads were stopped: 0,0000656 seconds, Stopping threads took: 0,0000083 seconds
2017-07-19T07:49:42.599+0200: 4,062: Total time for which application threads were stopped: 0,0001401 seconds, Stopping threads took: 0,0000418 seconds
2017-07-19T07:49:42.599+0200: 4,063: Total time for which application threads were stopped: 0,0000926 seconds, Stopping threads took: 0,0000310 seconds
2017-07-19T07:49:42.599+0200: 4,063: Total time for which application threads were stopped: 0,0000901 seconds, Stopping threads took: 0,0000234 seconds
2017-07-19T07:49:42.599+0200: 4,063: Total time for which application threads were stopped: 0,0000976 seconds, Stopping threads took: 0,0000371 seconds
2017-07-19T07:49:42.599+0200: 4,063: Total time for which application threads were stopped: 0,0000790 seconds, Stopping threads took: 0,0000187 seconds
2017-07-19T07:49:42.599+0200: 4,063: Total time for which application threads were stopped: 0,0001057 seconds, Stopping threads took: 0,0000314 seconds
2017-07-19T07:49:42.600+0200: 4,063: Total time for which application threads were stopped: 0,0000858 seconds, Stopping threads took: 0,0000278 seconds
2017-07-19T07:49:42.602+0200: 4,066: Total time for which application threads were stopped: 0,0021742 seconds, Stopping threads took: 0,0021033 seconds
2017-07-19T07:49:42.604+0200: 4,068: Total time for which application threads were stopped: 0,0001099 seconds, Stopping threads took: 0,0000392 seconds
2017-07-19T07:49:42.605+0200: 4,068: Total time for which application threads were stopped: 0,0000589 seconds, Stopping threads took: 0,0000145 seconds
2017-07-19T07:49:42.609+0200: 4,073: Total time for which application threads were stopped: 0,0001553 seconds, Stopping threads took: 0,0000520 seconds
2017-07-19T07:49:42.610+0200: 4,073: Total time for which application threads were stopped: 0,0000713 seconds, Stopping threads took: 0,0000183 seconds
2017-07-19T07:49:42.610+0200: 4,074: Total time for which application threads were stopped: 0,0000843 seconds, Stopping threads took: 0,0000187 seconds
2017-07-19T07:49:42.610+0200: 4,074: Total time for which application threads were stopped: 0,0000727 seconds, Stopping threads took: 0,0000172 seconds
2017-07-19T07:49:42.610+0200: 4,074: Total time for which application threads were stopped: 0,0002751 seconds, Stopping threads took: 0,0001038 seconds
2017-07-19T07:49:42.615+0200: 4,079: Total time for which application threads were stopped: 0,0001383 seconds, Stopping threads took: 0,0000616 seconds
2017-07-19T07:49:42.616+0200: 4,079: Total time for which application threads were stopped: 0,0000822 seconds, Stopping threads took: 0,0000332 seconds
2017-07-19T07:49:42.616+0200: 4,080: Total time for which application threads were stopped: 0,0000490 seconds, Stopping threads took: 0,0000107 seconds
2017-07-19T07:49:42.616+0200: 4,080: Total time for which application threads were stopped: 0,0000694 seconds, Stopping threads took: 0,0000234 seconds
2017-07-19T07:49:42.616+0200: 4,080: Total time for which application threads were stopped: 0,0000574 seconds, Stopping threads took: 0,0000193 seconds
2017-07-19T07:49:42.616+0200: 4,080: Total time for which application threads were stopped: 0,0000530 seconds, Stopping threads took: 0,0000180 seconds
2017-07-19T07:49:42.616+0200: 4,080: Total time for which application threads were stopped: 0,0000710 seconds, Stopping threads took: 0,0000236 seconds
2017-07-19T07:49:42.616+0200: 4,080: Total time for which application threads were stopped: 0,0000626 seconds, Stopping threads took: 0,0000175 seconds
2017-07-19T07:49:42.617+0200: 4,080: Total time for which application threads were stopped: 0,0000609 seconds, Stopping threads took: 0,0000096 seconds
2017-07-19T07:49:42.617+0200: 4,081: Total time for which application threads were stopped: 0,0000758 seconds, Stopping threads took: 0,0000273 seconds
2017-07-19T07:49:42.617+0200: 4,081: Total time for which application threads were stopped: 0,0000925 seconds, Stopping threads took: 0,0000205 seconds
2017-07-19T07:49:42.617+0200: 4,081: Total time for which application threads were stopped: 0,0001016 seconds, Stopping threads took: 0,0000510 seconds
2017-07-19T07:49:42.617+0200: 4,081: Total time for which application threads were stopped: 0,0001253 seconds, Stopping threads took: 0,0000732 seconds
2017-07-19T07:49:42.618+0200: 4,081: Total time for which application threads were stopped: 0,0000744 seconds, Stopping threads took: 0,0000233 seconds
2017-07-19T07:49:42.622+0200: 4,086: Total time for which application threads were stopped: 0,0045581 seconds, Stopping threads took: 0,0045103 seconds
2017-07-19T07:49:42.622+0200: 4,086: Total time for which application threads were stopped: 0,0000772 seconds, Stopping threads took: 0,0000344 seconds
2017-07-19T07:49:42.623+0200: 4,086: Total time for which application threads were stopped: 0,0000866 seconds, Stopping threads took: 0,0000410 seconds
2017-07-19T07:49:42.625+0200: 4,089: Total time for which application threads were stopped: 0,0001090 seconds, Stopping threads took: 0,0000360 seconds
2017-07-19T07:49:42.625+0200: 4,089: Total time for which application threads were stopped: 0,0000901 seconds, Stopping threads took: 0,0000305 seconds
2017-07-19T07:49:42.625+0200: 4,089: Total time for which application threads were stopped: 0,0001247 seconds, Stopping threads took: 0,0000289 seconds
2017-07-19T07:49:42.630+0200: 4,094: Total time for which application threads were stopped: 0,0001098 seconds, Stopping threads took: 0,0000460 seconds
2017-07-19T07:49:42.632+0200: 4,096: Total time for which application threads were stopped: 0,0001277 seconds, Stopping threads took: 0,0000443 seconds
2017-07-19T07:49:42.632+0200: 4,096: Total time for which application threads were stopped: 0,0000737 seconds, Stopping threads took: 0,0000202 seconds
2017-07-19T07:49:42.632+0200: 4,096: Total time for which application threads were stopped: 0,0000690 seconds, Stopping threads took: 0,0000204 seconds
2017-07-19T07:49:42.632+0200: 4,096: Total time for which application threads were stopped: 0,0000608 seconds, Stopping threads took: 0,0000171 seconds
2017-07-19T07:49:42.633+0200: 4,096: Total time for which application threads were stopped: 0,0000551 seconds, Stopping threads took: 0,0000185 seconds
2017-07-19T07:49:42.636+0200: 4,100: Total time for which application threads were stopped: 0,0001387 seconds, Stopping threads took: 0,0000527 seconds
2017-07-19T07:49:42.637+0200: 4,101: Total time for which application threads were stopped: 0,0001749 seconds, Stopping threads took: 0,0000402 seconds
2017-07-19T07:49:42.646+0200: 4,110: Total time for which application threads were stopped: 0,0001391 seconds, Stopping threads took: 0,0000389 seconds
2017-07-19T07:49:42.650+0200: 4,114: Total time for which application threads were stopped: 0,0038522 seconds, Stopping threads took: 0,0037839 seconds
2017-07-19T07:49:42.660+0200: 4,124: Total time for which application threads were stopped: 0,0001463 seconds, Stopping threads took: 0,0000539 seconds
2017-07-19T07:49:42.662+0200: 4,126: Total time for which application threads were stopped: 0,0001755 seconds, Stopping threads took: 0,0000640 seconds
2017-07-19T07:49:42.662+0200: 4,126: Total time for which application threads were stopped: 0,0000820 seconds, Stopping threads took: 0,0000207 seconds
2017-07-19T07:49:42.662+0200: 4,126: Total time for which application threads were stopped: 0,0000786 seconds, Stopping threads took: 0,0000177 seconds
2017-07-19T07:49:42.682+0200: 4,145: Total time for which application threads were stopped: 0,0001329 seconds, Stopping threads took: 0,0000481 seconds
2017-07-19T07:49:42.683+0200: 4,147: Total time for which application threads were stopped: 0,0001310 seconds, Stopping threads took: 0,0000226 seconds
2017-07-19T07:49:42.685+0200: 4,149: Total time for which application threads were stopped: 0,0001434 seconds, Stopping threads took: 0,0000529 seconds
2017-07-19T07:49:42.710+0200: 4,174: Total time for which application threads were stopped: 0,0041196 seconds, Stopping threads took: 0,0039990 seconds
2017-07-19T07:49:42.713+0200: 4,177: Total time for which application threads were stopped: 0,0001442 seconds, Stopping threads took: 0,0000729 seconds
2017-07-19T07:49:42.713+0200: 4,177: Total time for which application threads were stopped: 0,0000942 seconds, Stopping threads took: 0,0000309 seconds
2017-07-19T07:49:42.717+0200: 4,181: Total time for which application threads were stopped: 0,0001481 seconds, Stopping threads took: 0,0000386 seconds
2017-07-19T07:49:42.718+0200: 4,182: Total time for which application threads were stopped: 0,0002341 seconds, Stopping threads took: 0,0001638 seconds
2017-07-19T07:49:42.747+0200: 4,211: Total time for which application threads were stopped: 0,0001524 seconds, Stopping threads took: 0,0000450 seconds
2017-07-19T07:49:42.759+0200: 4,223: Total time for which application threads were stopped: 0,0001151 seconds, Stopping threads took: 0,0000375 seconds
2017-07-19T07:49:42.762+0200: 4,226: Total time for which application threads were stopped: 0,0022692 seconds, Stopping threads took: 0,0021166 seconds
2017-07-19T07:49:42.773+0200: 4,236: Total time for which application threads were stopped: 0,0001005 seconds, Stopping threads took: 0,0000369 seconds
2017-07-19T07:49:42.773+0200: 4,237: Total time for which application threads were stopped: 0,0004210 seconds, Stopping threads took: 0,0000272 seconds
2017-07-19T07:49:42.828+0200: 4,292: Total time for which application threads were stopped: 0,0004782 seconds, Stopping threads took: 0,0000392 seconds
2017-07-19T07:49:42.843+0200: 4,307: Total time for which application threads were stopped: 0,0004457 seconds, Stopping threads took: 0,0000233 seconds
2017-07-19T07:49:42.897+0200: 4,360: Total time for which application threads were stopped: 0,0001726 seconds, Stopping threads took: 0,0000406 seconds
2017-07-19T07:49:42.910+0200: 4,374: Total time for which application threads were stopped: 0,0005207 seconds, Stopping threads took: 0,0001137 seconds
2017-07-19T07:49:42.914+0200: 4,378: Total time for which application threads were stopped: 0,0002529 seconds, Stopping threads took: 0,0001668 seconds
2017-07-19T07:49:42.914+0200: 4,378: Total time for which application threads were stopped: 0,0001112 seconds, Stopping threads took: 0,0000397 seconds
2017-07-19T07:49:42.917+0200: 4,381: Total time for which application threads were stopped: 0,0000765 seconds, Stopping threads took: 0,0000190 seconds
2017-07-19T07:49:42.935+0200: 4,399: Total time for which application threads were stopped: 0,0001744 seconds, Stopping threads took: 0,0000465 seconds
2017-07-19T07:49:42.938+0200: 4,402: Total time for which application threads were stopped: 0,0001125 seconds, Stopping threads took: 0,0000392 seconds
2017-07-19T07:49:42.941+0200: 4,404: Total time for which application threads were stopped: 0,0001225 seconds, Stopping threads took: 0,0000529 seconds
2017-07-19T07:49:42.944+0200: 4,408: Total time for which application threads were stopped: 0,0003662 seconds, Stopping threads took: 0,0002784 seconds
2017-07-19T07:49:42.946+0200: 4,410: Total time for which application threads were stopped: 0,0001468 seconds, Stopping threads took: 0,0000239 seconds
2017-07-19T07:49:42.952+0200: 4,415: Total time for which application threads were stopped: 0,0001193 seconds, Stopping threads took: 0,0000491 seconds
2017-07-19T07:49:42.962+0200: 4,426: Total time for which application threads were stopped: 0,0013068 seconds, Stopping threads took: 0,0011870 seconds
2017-07-19T07:49:42.967+0200: 4,431: Total time for which application threads were stopped: 0,0011020 seconds, Stopping threads took: 0,0010019 seconds
2017-07-19T07:49:42.995+0200: 4,459: Total time for which application threads were stopped: 0,0001973 seconds, Stopping threads took: 0,0000632 seconds
2017-07-19T07:49:43.010+0200: 4,474: Total time for which application threads were stopped: 0,0034676 seconds, Stopping threads took: 0,0033827 seconds
2017-07-19T07:49:43.017+0200: 4,481: Total time for which application threads were stopped: 0,0001671 seconds, Stopping threads took: 0,0000558 seconds
2017-07-19T07:49:43.033+0200: 4,497: Total time for which application threads were stopped: 0,0001377 seconds, Stopping threads took: 0,0000376 seconds
2017-07-19T07:49:43.034+0200: 4,498: Total time for which application threads were stopped: 0,0004951 seconds, Stopping threads took: 0,0000186 seconds
2017-07-19T07:49:43.035+0200: 4,499: Total time for which application threads were stopped: 0,0000921 seconds, Stopping threads took: 0,0000288 seconds
2017-07-19T07:49:43.040+0200: 4,504: Total time for which application threads were stopped: 0,0001634 seconds, Stopping threads took: 0,0000439 seconds
2017-07-19T07:49:44.040+0200: 5,504: Total time for which application threads were stopped: 0,0000757 seconds, Stopping threads took: 0,0000192 seconds
2017-07-19T07:49:46.041+0200: 7,504: Total time for which application threads were stopped: 0,0000635 seconds, Stopping threads took: 0,0000154 seconds
2017-07-19T07:50:11.043+0200: 32,507: Total time for which application threads were stopped: 0,0000706 seconds, Stopping threads took: 0,0000184 seconds
2017-07-19T07:51:36.054+0200: 117,518: Total time for which application threads were stopped: 0,0000883 seconds, Stopping threads took: 0,0000374 seconds
2017-07-19T07:51:41.055+0200: 122,519: Total time for which application threads were stopped: 0,0000627 seconds, Stopping threads took: 0,0000160 seconds
{Heap before GC invocations=9 (full 1):
 par new generation   total 109248K, used 100564K [0x00000000e0000000, 0x00000000e8000000, 0x00000000e8000000)
  eden space 87424K, 100% used [0x00000000e0000000, 0x00000000e5560000, 0x00000000e5560000)
  from space 21824K,  60% used [0x00000000e6ab0000, 0x00000000e7785000, 0x00000000e8000000)
  to   space 21824K,   0% used [0x00000000e5560000, 0x00000000e5560000, 0x00000000e6ab0000)
 concurrent mark-sweep generation total 393216K, used 6058K [0x00000000e8000000, 0x0000000100000000, 0x0000000100000000)
 Metaspace       used 28055K, capacity 28608K, committed 28796K, reserved 1075200K
  class space    used 3210K, capacity 3385K, committed 3452K, reserved 1048576K
2017-07-19T07:52:34.690+0200: 176,154: [GC (Allocation Failure) 2017-07-19T07:52:34.690+0200: 176,154: [ParNew
Desired survivor size 20112992 bytes, new threshold 8 (max 8)
- age   1:   11079200 bytes,   11079200 total
- age   2:     222464 bytes,   11301664 total
- age   3:     201504 bytes,   11503168 total
- age   4:    1731016 bytes,   13234184 total
- age   5:      82928 bytes,   13317112 total
- age   6:        200 bytes,   13317312 total
- age   7:     103816 bytes,   13421128 total
- age   8:     178840 bytes,   13599968 total
: 100564K->14085K(109248K), 0,0180829 secs] 106622K->20962K(502464K), 0,0181730 secs] [Times: user=0,07 sys=0,00, real=0,02 secs] 
Heap after GC invocations=10 (full 1):
 par new generation   total 109248K, used 14085K [0x00000000e0000000, 0x00000000e8000000, 0x00000000e8000000)
  eden space 87424K,   0% used [0x00000000e0000000, 0x00000000e0000000, 0x00000000e5560000)
  from space 21824K,  64% used [0x00000000e5560000, 0x00000000e6321600, 0x00000000e6ab0000)
  to   space 21824K,   0% used [0x00000000e6ab0000, 0x00000000e6ab0000, 0x00000000e8000000)
 concurrent mark-sweep generation total 393216K, used 6876K [0x00000000e8000000, 0x0000000100000000, 0x0000000100000000)
 Metaspace       used 28055K, capacity 28608K, committed 28796K, reserved 1075200K
  class space    used 3210K, capacity 3385K, committed 3452K, reserved 1048576K
}
2017-07-19T07:52:34.708+0200: 176,172: Total time for which application threads were stopped: 0,0183463 seconds, Stopping threads took: 0,0000598 seconds
2017-07-19T07:52:34.709+0200: 176,173: Total time for which application threads were stopped: 0,0000760 seconds, Stopping threads took: 0,0000363 seconds
2017-07-19T07:52:34.709+0200: 176,173: Total time for which application threads were stopped: 0,0000350 seconds, Stopping threads took: 0,0000132 seconds
2017-07-19T07:52:39.710+0200: 181,173: Total time for which application threads were stopped: 0,0000617 seconds, Stopping threads took: 0,0000156 seconds
2017-07-19T07:54:14.722+0200: 276,186: Total time for which application threads were stopped: 0,0001872 seconds, Stopping threads took: 0,0000700 seconds
2017-07-19T07:55:00.728+0200: 322,192: Total time for which application threads were stopped: 0,0000925 seconds, Stopping threads took: 0,0000387 seconds
2017-07-19T07:57:40.747+0200: 482,211: Total time for which application threads were stopped: 0,0000884 seconds, Stopping threads took: 0,0000342 seconds
2017-07-19T08:00:20.768+0200: 642,232: Total time for which application threads were stopped: 0,0001045 seconds, Stopping threads took: 0,0000363 seconds
2017-07-19T08:13:09.857+0200: 1411,321: Total time for which application threads were stopped: 0,0002074 seconds, Stopping threads took: 0,0000698 seconds
2017-07-19T08:16:39.879+0200: 1621,343: Total time for which application threads were stopped: 0,0000881 seconds, Stopping threads took: 0,0000330 seconds
2017-07-19T08:27:59.956+0200: 2301,420: Total time for which application threads were stopped: 0,0000763 seconds, Stopping threads took: 0,0000298 seconds
2017-07-19T08:28:00.956+0200: 2302,420: Total time for which application threads were stopped: 0,0000616 seconds, Stopping threads took: 0,0000142 seconds
2017-07-19T08:38:34.147+0200: 2935,611: Total time for which application threads were stopped: 0,0340516 seconds, Stopping threads took: 0,0339577 seconds
2017-07-19T08:38:34.148+0200: 2935,611: Total time for which application threads were stopped: 0,0000891 seconds, Stopping threads took: 0,0000205 seconds
2017-07-19T08:38:34.149+0200: 2935,613: Total time for which application threads were stopped: 0,0000914 seconds, Stopping threads took: 0,0000133 seconds
2017-07-19T08:38:34.150+0200: 2935,613: Total time for which application threads were stopped: 0,0000425 seconds, Stopping threads took: 0,0000055 seconds
2017-07-19T08:38:34.150+0200: 2935,614: Total time for which application threads were stopped: 0,0000497 seconds, Stopping threads took: 0,0000082 seconds
2017-07-19T08:38:34.150+0200: 2935,614: Total time for which application threads were stopped: 0,0000395 seconds, Stopping threads took: 0,0000061 seconds
2017-07-19T08:38:34.150+0200: 2935,614: Total time for which application threads were stopped: 0,0000366 seconds, Stopping threads took: 0,0000056 seconds
2017-07-19T08:38:34.150+0200: 2935,614: Total time for which application threads were stopped: 0,0000433 seconds, Stopping threads took: 0,0000063 seconds
2017-07-19T08:38:34.150+0200: 2935,614: Total time for which application threads were stopped: 0,0000382 seconds, Stopping threads took: 0,0000080 seconds
2017-07-19T08:38:34.150+0200: 2935,614: Total time for which application threads were stopped: 0,0000372 seconds, Stopping threads took: 0,0000045 seconds
2017-07-19T08:38:34.150+0200: 2935,614: Total time for which application threads were stopped: 0,0000396 seconds, Stopping threads took: 0,0000055 seconds
2017-07-19T08:38:34.151+0200: 2935,615: Total time for which application threads were stopped: 0,0000434 seconds, Stopping threads took: 0,0000088 seconds
2017-07-19T08:38:34.151+0200: 2935,615: Total time for which application threads were stopped: 0,0000398 seconds, Stopping threads took: 0,0000053 seconds
2017-07-19T08:38:34.151+0200: 2935,615: Total time for which application threads were stopped: 0,0000368 seconds, Stopping threads took: 0,0000055 seconds
2017-07-19T08:38:34.151+0200: 2935,615: Total time for which application threads were stopped: 0,0000360 seconds, Stopping threads took: 0,0000055 seconds
2017-07-19T08:38:34.151+0200: 2935,615: Total time for which application threads were stopped: 0,0000369 seconds, Stopping threads took: 0,0000051 seconds
2017-07-19T08:38:34.151+0200: 2935,615: Total time for which application threads were stopped: 0,0000437 seconds, Stopping threads took: 0,0000059 seconds
2017-07-19T08:38:34.151+0200: 2935,615: Total time for which application threads were stopped: 0,0000401 seconds, Stopping threads took: 0,0000050 seconds
2017-07-19T08:38:34.151+0200: 2935,615: Total time for which application threads were stopped: 0,0000745 seconds, Stopping threads took: 0,0000226 seconds
2017-07-19T08:38:34.157+0200: 2935,620: Total time for which application threads were stopped: 0,0001343 seconds, Stopping threads took: 0,0000647 seconds
2017-07-19T08:38:34.158+0200: 2935,622: Total time for which application threads were stopped: 0,0001055 seconds, Stopping threads took: 0,0000150 seconds
2017-07-19T08:38:34.158+0200: 2935,622: Total time for which application threads were stopped: 0,0000710 seconds, Stopping threads took: 0,0000125 seconds
2017-07-19T08:38:34.158+0200: 2935,622: Total time for which application threads were stopped: 0,0000425 seconds, Stopping threads took: 0,0000055 seconds
2017-07-19T08:38:34.159+0200: 2935,622: Total time for which application threads were stopped: 0,0001536 seconds, Stopping threads took: 0,0000052 seconds
2017-07-19T08:38:34.159+0200: 2935,623: Total time for which application threads were stopped: 0,0000392 seconds, Stopping threads took: 0,0000065 seconds
2017-07-19T08:38:34.159+0200: 2935,623: Total time for which application threads were stopped: 0,0000387 seconds, Stopping threads took: 0,0000046 seconds
2017-07-19T08:38:34.159+0200: 2935,623: Total time for which application threads were stopped: 0,0000338 seconds, Stopping threads took: 0,0000046 seconds
2017-07-19T08:38:34.159+0200: 2935,623: Total time for which application threads were stopped: 0,0000354 seconds, Stopping threads took: 0,0000048 seconds
2017-07-19T08:38:34.159+0200: 2935,623: Total time for which application threads were stopped: 0,0000671 seconds, Stopping threads took: 0,0000047 seconds
2017-07-19T08:38:34.159+0200: 2935,623: Total time for which application threads were stopped: 0,0000382 seconds, Stopping threads took: 0,0000077 seconds
2017-07-19T08:38:34.159+0200: 2935,623: Total time for which application threads were stopped: 0,0000364 seconds, Stopping threads took: 0,0000044 seconds
2017-07-19T08:38:34.159+0200: 2935,623: Total time for which application threads were stopped: 0,0000347 seconds, Stopping threads took: 0,0000048 seconds
2017-07-19T08:38:34.159+0200: 2935,623: Total time for which application threads were stopped: 0,0000343 seconds, Stopping threads took: 0,0000045 seconds
2017-07-19T08:38:34.159+0200: 2935,623: Total time for which application threads were stopped: 0,0000358 seconds, Stopping threads took: 0,0000045 seconds
2017-07-19T08:38:34.183+0200: 2935,647: Total time for which application threads were stopped: 0,0001137 seconds, Stopping threads took: 0,0000328 seconds
2017-07-19T08:38:34.183+0200: 2935,647: Total time for which application threads were stopped: 0,0000882 seconds, Stopping threads took: 0,0000251 seconds
2017-07-19T08:38:34.183+0200: 2935,647: Total time for which application threads were stopped: 0,0000723 seconds, Stopping threads took: 0,0000197 seconds
2017-07-19T08:38:34.183+0200: 2935,647: Total time for which application threads were stopped: 0,0000646 seconds, Stopping threads took: 0,0000174 seconds
2017-07-19T08:38:34.184+0200: 2935,647: Total time for which application threads were stopped: 0,0000600 seconds, Stopping threads took: 0,0000166 seconds
2017-07-19T08:38:34.186+0200: 2935,649: Total time for which application threads were stopped: 0,0001002 seconds, Stopping threads took: 0,0000422 seconds
2017-07-19T08:38:34.186+0200: 2935,650: Total time for which application threads were stopped: 0,0000466 seconds, Stopping threads took: 0,0000159 seconds
2017-07-19T08:38:34.186+0200: 2935,650: Total time for which application threads were stopped: 0,0000372 seconds, Stopping threads took: 0,0000122 seconds
2017-07-19T08:38:34.186+0200: 2935,650: Total time for which application threads were stopped: 0,0000450 seconds, Stopping threads took: 0,0000212 seconds
2017-07-19T08:38:34.186+0200: 2935,650: Total time for which application threads were stopped: 0,0000426 seconds, Stopping threads took: 0,0000185 seconds
2017-07-19T08:38:34.186+0200: 2935,650: Total time for which application threads were stopped: 0,0000354 seconds, Stopping threads took: 0,0000125 seconds
2017-07-19T08:38:34.186+0200: 2935,650: Total time for which application threads were stopped: 0,0000406 seconds, Stopping threads took: 0,0000172 seconds
2017-07-19T08:38:34.186+0200: 2935,650: Total time for which application threads were stopped: 0,0000345 seconds, Stopping threads took: 0,0000116 seconds
2017-07-19T08:38:34.186+0200: 2935,650: Total time for which application threads were stopped: 0,0000415 seconds, Stopping threads took: 0,0000147 seconds
2017-07-19T08:38:34.189+0200: 2935,653: Total time for which application threads were stopped: 0,0000716 seconds, Stopping threads took: 0,0000149 seconds
2017-07-19T08:38:34.190+0200: 2935,653: Total time for which application threads were stopped: 0,0000836 seconds, Stopping threads took: 0,0000322 seconds
2017-07-19T08:38:34.191+0200: 2935,654: Total time for which application threads were stopped: 0,0001012 seconds, Stopping threads took: 0,0000478 seconds
2017-07-19T08:38:34.193+0200: 2935,656: Total time for which application threads were stopped: 0,0000869 seconds, Stopping threads took: 0,0000194 seconds
2017-07-19T08:38:34.193+0200: 2935,657: Total time for which application threads were stopped: 0,0000737 seconds, Stopping threads took: 0,0000206 seconds
2017-07-19T08:38:34.193+0200: 2935,657: Total time for which application threads were stopped: 0,0000742 seconds, Stopping threads took: 0,0000381 seconds
2017-07-19T08:38:34.193+0200: 2935,657: Total time for which application threads were stopped: 0,0000525 seconds, Stopping threads took: 0,0000149 seconds
2017-07-19T08:38:34.193+0200: 2935,657: Total time for which application threads were stopped: 0,0000530 seconds, Stopping threads took: 0,0000076 seconds
2017-07-19T08:38:34.194+0200: 2935,658: Total time for which application threads were stopped: 0,0001132 seconds, Stopping threads took: 0,0000320 seconds
2017-07-19T08:38:34.194+0200: 2935,658: Total time for which application threads were stopped: 0,0000869 seconds, Stopping threads took: 0,0000219 seconds
2017-07-19T08:38:34.194+0200: 2935,658: Total time for which application threads were stopped: 0,0000385 seconds, Stopping threads took: 0,0000058 seconds
2017-07-19T08:38:34.194+0200: 2935,658: Total time for which application threads were stopped: 0,0000367 seconds, Stopping threads took: 0,0000070 seconds
2017-07-19T08:38:34.196+0200: 2935,659: Total time for which application threads were stopped: 0,0000867 seconds, Stopping threads took: 0,0000278 seconds
2017-07-19T08:38:34.196+0200: 2935,660: Total time for which application threads were stopped: 0,0000663 seconds, Stopping threads took: 0,0000168 seconds
2017-07-19T08:38:34.196+0200: 2935,660: Total time for which application threads were stopped: 0,0000569 seconds, Stopping threads took: 0,0000233 seconds
2017-07-19T08:38:34.196+0200: 2935,660: Total time for which application threads were stopped: 0,0000395 seconds, Stopping threads took: 0,0000139 seconds
2017-07-19T08:38:34.197+0200: 2935,661: Total time for which application threads were stopped: 0,0000464 seconds, Stopping threads took: 0,0000103 seconds
2017-07-19T08:38:34.197+0200: 2935,661: Total time for which application threads were stopped: 0,0000407 seconds, Stopping threads took: 0,0000165 seconds
2017-07-19T08:38:34.197+0200: 2935,661: Total time for which application threads were stopped: 0,0001240 seconds, Stopping threads took: 0,0000156 seconds
2017-07-19T08:38:34.198+0200: 2935,662: Total time for which application threads were stopped: 0,0000912 seconds, Stopping threads took: 0,0000405 seconds
2017-07-19T08:38:34.199+0200: 2935,663: Total time for which application threads were stopped: 0,0000809 seconds, Stopping threads took: 0,0000295 seconds
2017-07-19T08:38:34.199+0200: 2935,663: Total time for which application threads were stopped: 0,0000471 seconds, Stopping threads took: 0,0000167 seconds
2017-07-19T08:38:34.199+0200: 2935,663: Total time for which application threads were stopped: 0,0000467 seconds, Stopping threads took: 0,0000151 seconds
2017-07-19T08:38:34.200+0200: 2935,664: Total time for which application threads were stopped: 0,0000777 seconds, Stopping threads took: 0,0000250 seconds
2017-07-19T08:38:34.200+0200: 2935,664: Total time for which application threads were stopped: 0,0000646 seconds, Stopping threads took: 0,0000068 seconds
Heap
 par new generation   total 109248K, used 34992K [0x00000000e0000000, 0x00000000e8000000, 0x00000000e8000000)
  eden space 87424K,  23% used [0x00000000e0000000, 0x00000000e146ac38, 0x00000000e5560000)
  from space 21824K,  64% used [0x00000000e5560000, 0x00000000e6321600, 0x00000000e6ab0000)
  to   space 21824K,   0% used [0x00000000e6ab0000, 0x00000000e6ab0000, 0x00000000e8000000)
 concurrent mark-sweep generation total 393216K, used 6876K [0x00000000e8000000, 0x0000000100000000, 0x0000000100000000)
 Metaspace       used 28173K, capacity 28712K, committed 29052K, reserved 1075200K
  class space    used 3224K, capacity 3419K, committed 3452K, reserved 1048576K
