OpenJDK 64-Bit Server VM (25.111-b14) for linux-amd64 JRE (1.8.0_111-8u111-b14-2ubuntu0.16.04.2-b14), built on Oct 27 2016 18:10:19 by "buildd" with gcc 5.4.0 20160609
Memory: 4k page, physical 7867804k(7517744k free), swap 8076284k(8076284k free)
CommandLine flags: -XX:CMSInitiatingOccupancyFraction=50 -XX:CMSMaxAbortablePrecleanTime=6000 -XX:+CMSParallelRemarkEnabled -XX:+CMSScavengeBeforeRemark -XX:ConcGCThreads=4 -XX:InitialHeapSize=536870912 -XX:MaxHeapSize=536870912 -XX:MaxTenuringThreshold=8 -XX:NewRatio=3 -XX:OldPLABSize=16 -XX:OnOutOfMemoryError=/opt/solr/bin/oom_solr.sh 8983 /var/solr/logs -XX:ParallelGCThreads=4 -XX:+ParallelRefProcEnabled -XX:PretenureSizeThreshold=67108864 -XX:+PrintGC -XX:+PrintGCApplicationStoppedTime -XX:+PrintGCDateStamps -XX:+PrintGCDetails -XX:+PrintGCTimeStamps -XX:+PrintHeapAtGC -XX:+PrintTenuringDistribution -XX:SurvivorRatio=4 -XX:TargetSurvivorRatio=90 -XX:ThreadStackSize=256 -XX:+UseCMSInitiatingOccupancyOnly -XX:+UseCompressedClassPointers -XX:+UseCompressedOops -XX:+UseConcMarkSweepGC -XX:+UseParNewGC 
2016-12-27T08:09:42.754+0100: 0,144: Total time for which application threads were stopped: 0,0000678 seconds, Stopping threads took: 0,0000138 seconds
2016-12-27T08:09:42.859+0100: 0,248: Total time for which application threads were stopped: 0,0005396 seconds, Stopping threads took: 0,0004329 seconds
2016-12-27T08:09:42.876+0100: 0,265: Total time for which application threads were stopped: 0,0000776 seconds, Stopping threads took: 0,0000158 seconds
2016-12-27T08:09:43.172+0100: 0,561: Total time for which application threads were stopped: 0,0001347 seconds, Stopping threads took: 0,0000136 seconds
2016-12-27T08:09:43.544+0100: 0,934: Total time for which application threads were stopped: 0,0001877 seconds, Stopping threads took: 0,0000287 seconds
2016-12-27T08:09:43.670+0100: 1,059: Total time for which application threads were stopped: 0,0004562 seconds, Stopping threads took: 0,0002244 seconds
2016-12-27T08:09:43.691+0100: 1,080: Total time for which application threads were stopped: 0,0001712 seconds, Stopping threads took: 0,0000203 seconds
2016-12-27T08:09:44.037+0100: 1,426: Total time for which application threads were stopped: 0,0001631 seconds, Stopping threads took: 0,0000187 seconds
2016-12-27T08:09:44.267+0100: 1,656: Total time for which application threads were stopped: 0,0002474 seconds, Stopping threads took: 0,0000212 seconds
2016-12-27T08:09:44.290+0100: 1,679: Total time for which application threads were stopped: 0,0001772 seconds, Stopping threads took: 0,0000189 seconds
2016-12-27T08:09:44.290+0100: 1,680: Total time for which application threads were stopped: 0,0001072 seconds, Stopping threads took: 0,0000166 seconds
2016-12-27T08:09:44.306+0100: 1,695: Total time for which application threads were stopped: 0,0001666 seconds, Stopping threads took: 0,0000203 seconds
2016-12-27T08:09:44.407+0100: 1,796: Total time for which application threads were stopped: 0,0002626 seconds, Stopping threads took: 0,0000214 seconds
2016-12-27T08:09:44.549+0100: 1,938: Total time for which application threads were stopped: 0,0002459 seconds, Stopping threads took: 0,0000397 seconds
{Heap before GC invocations=0 (full 0):
 par new generation   total 109248K, used 87424K [0x00000000e0000000, 0x00000000e8000000, 0x00000000e8000000)
  eden space 87424K, 100% used [0x00000000e0000000, 0x00000000e5560000, 0x00000000e5560000)
  from space 21824K,   0% used [0x00000000e5560000, 0x00000000e5560000, 0x00000000e6ab0000)
  to   space 21824K,   0% used [0x00000000e6ab0000, 0x00000000e6ab0000, 0x00000000e8000000)
 concurrent mark-sweep generation total 393216K, used 0K [0x00000000e8000000, 0x0000000100000000, 0x0000000100000000)
 Metaspace       used 18352K, capacity 18686K, committed 18944K, reserved 1067008K
  class space    used 2090K, capacity 2226K, committed 2304K, reserved 1048576K
2016-12-27T08:09:44.677+0100: 2,066: [GC (Allocation Failure) 2016-12-27T08:09:44.677+0100: 2,066: [ParNew
Desired survivor size 20112992 bytes, new threshold 8 (max 8)
- age   1:   12577696 bytes,   12577696 total
: 87424K->12394K(109248K), 0,0178417 secs] 87424K->12394K(502464K), 0,0179584 secs] [Times: user=0,05 sys=0,01, real=0,02 secs] 
Heap after GC invocations=1 (full 0):
 par new generation   total 109248K, used 12394K [0x00000000e0000000, 0x00000000e8000000, 0x00000000e8000000)
  eden space 87424K,   0% used [0x00000000e0000000, 0x00000000e0000000, 0x00000000e5560000)
  from space 21824K,  56% used [0x00000000e6ab0000, 0x00000000e76ca8a0, 0x00000000e8000000)
  to   space 21824K,   0% used [0x00000000e5560000, 0x00000000e5560000, 0x00000000e6ab0000)
 concurrent mark-sweep generation total 393216K, used 0K [0x00000000e8000000, 0x0000000100000000, 0x0000000100000000)
 Metaspace       used 18352K, capacity 18686K, committed 18944K, reserved 1067008K
  class space    used 2090K, capacity 2226K, committed 2304K, reserved 1048576K
}
2016-12-27T08:09:44.695+0100: 2,084: Total time for which application threads were stopped: 0,0181608 seconds, Stopping threads took: 0,0000323 seconds
2016-12-27T08:09:44.854+0100: 2,243: Total time for which application threads were stopped: 0,0003290 seconds, Stopping threads took: 0,0000392 seconds
2016-12-27T08:09:44.889+0100: 2,279: Total time for which application threads were stopped: 0,0004126 seconds, Stopping threads took: 0,0000399 seconds
2016-12-27T08:09:44.916+0100: 2,306: Total time for which application threads were stopped: 0,0003631 seconds, Stopping threads took: 0,0000358 seconds
{Heap before GC invocations=1 (full 0):
 par new generation   total 109248K, used 99818K [0x00000000e0000000, 0x00000000e8000000, 0x00000000e8000000)
  eden space 87424K, 100% used [0x00000000e0000000, 0x00000000e5560000, 0x00000000e5560000)
  from space 21824K,  56% used [0x00000000e6ab0000, 0x00000000e76ca8a0, 0x00000000e8000000)
  to   space 21824K,   0% used [0x00000000e5560000, 0x00000000e5560000, 0x00000000e6ab0000)
 concurrent mark-sweep generation total 393216K, used 0K [0x00000000e8000000, 0x0000000100000000, 0x0000000100000000)
 Metaspace       used 20726K, capacity 21020K, committed 21248K, reserved 1069056K
  class space    used 2403K, capacity 2518K, committed 2560K, reserved 1048576K
2016-12-27T08:09:45.088+0100: 2,477: [GC (Allocation Failure) 2016-12-27T08:09:45.088+0100: 2,477: [ParNew
Desired survivor size 20112992 bytes, new threshold 8 (max 8)
- age   1:    2768656 bytes,    2768656 total
- age   2:    6138912 bytes,    8907568 total
: 99818K->13371K(109248K), 0,0112521 secs] 99818K->13371K(502464K), 0,0113272 secs] [Times: user=0,04 sys=0,00, real=0,02 secs] 
Heap after GC invocations=2 (full 0):
 par new generation   total 109248K, used 13371K [0x00000000e0000000, 0x00000000e8000000, 0x00000000e8000000)
  eden space 87424K,   0% used [0x00000000e0000000, 0x00000000e0000000, 0x00000000e5560000)
  from space 21824K,  61% used [0x00000000e5560000, 0x00000000e626edb0, 0x00000000e6ab0000)
  to   space 21824K,   0% used [0x00000000e6ab0000, 0x00000000e6ab0000, 0x00000000e8000000)
 concurrent mark-sweep generation total 393216K, used 0K [0x00000000e8000000, 0x0000000100000000, 0x0000000100000000)
 Metaspace       used 20726K, capacity 21020K, committed 21248K, reserved 1069056K
  class space    used 2403K, capacity 2518K, committed 2560K, reserved 1048576K
}
2016-12-27T08:09:45.099+0100: 2,488: Total time for which application threads were stopped: 0,0115603 seconds, Stopping threads took: 0,0000251 seconds
2016-12-27T08:09:45.158+0100: 2,547: Total time for which application threads were stopped: 0,0000761 seconds, Stopping threads took: 0,0000140 seconds
2016-12-27T08:09:45.190+0100: 2,579: Total time for which application threads were stopped: 0,0000748 seconds, Stopping threads took: 0,0000134 seconds
2016-12-27T08:09:45.190+0100: 2,580: Total time for which application threads were stopped: 0,0002564 seconds, Stopping threads took: 0,0000204 seconds
2016-12-27T08:09:45.215+0100: 2,604: Total time for which application threads were stopped: 0,0000724 seconds, Stopping threads took: 0,0000129 seconds
2016-12-27T08:09:45.292+0100: 2,681: Total time for which application threads were stopped: 0,0001540 seconds, Stopping threads took: 0,0000219 seconds
2016-12-27T08:09:45.310+0100: 2,699: Total time for which application threads were stopped: 0,0000838 seconds, Stopping threads took: 0,0000209 seconds
2016-12-27T08:09:45.318+0100: 2,707: Total time for which application threads were stopped: 0,0002961 seconds, Stopping threads took: 0,0000131 seconds
2016-12-27T08:09:45.324+0100: 2,714: Total time for which application threads were stopped: 0,0002967 seconds, Stopping threads took: 0,0000251 seconds
2016-12-27T08:09:45.339+0100: 2,728: Total time for which application threads were stopped: 0,0001004 seconds, Stopping threads took: 0,0000274 seconds
2016-12-27T08:09:45.365+0100: 2,755: Total time for which application threads were stopped: 0,0001443 seconds, Stopping threads took: 0,0000642 seconds
2016-12-27T08:09:45.384+0100: 2,773: Total time for which application threads were stopped: 0,0001989 seconds, Stopping threads took: 0,0001133 seconds
2016-12-27T08:09:45.398+0100: 2,787: Total time for which application threads were stopped: 0,0000909 seconds, Stopping threads took: 0,0000198 seconds
2016-12-27T08:09:45.425+0100: 2,814: Total time for which application threads were stopped: 0,0000772 seconds, Stopping threads took: 0,0000122 seconds
2016-12-27T08:09:45.451+0100: 2,840: Total time for which application threads were stopped: 0,0001259 seconds, Stopping threads took: 0,0000256 seconds
2016-12-27T08:09:45.506+0100: 2,895: Total time for which application threads were stopped: 0,0001052 seconds, Stopping threads took: 0,0000264 seconds
2016-12-27T08:09:45.543+0100: 2,932: Total time for which application threads were stopped: 0,0001090 seconds, Stopping threads took: 0,0000258 seconds
{Heap before GC invocations=2 (full 0):
 par new generation   total 109248K, used 100795K [0x00000000e0000000, 0x00000000e8000000, 0x00000000e8000000)
  eden space 87424K, 100% used [0x00000000e0000000, 0x00000000e5560000, 0x00000000e5560000)
  from space 21824K,  61% used [0x00000000e5560000, 0x00000000e626edb0, 0x00000000e6ab0000)
  to   space 21824K,   0% used [0x00000000e6ab0000, 0x00000000e6ab0000, 0x00000000e8000000)
 concurrent mark-sweep generation total 393216K, used 0K [0x00000000e8000000, 0x0000000100000000, 0x0000000100000000)
 Metaspace       used 25129K, capacity 25508K, committed 25612K, reserved 1073152K
  class space    used 2922K, capacity 3056K, committed 3064K, reserved 1048576K
2016-12-27T08:09:45.581+0100: 2,971: [GC (Allocation Failure) 2016-12-27T08:09:45.581+0100: 2,971: [ParNew
Desired survivor size 20112992 bytes, new threshold 8 (max 8)
- age   1:    6935288 bytes,    6935288 total
- age   2:     515896 bytes,    7451184 total
- age   3:    6120232 bytes,   13571416 total
: 100795K->15318K(109248K), 0,0191410 secs] 100795K->15318K(502464K), 0,0192375 secs] [Times: user=0,07 sys=0,00, real=0,02 secs] 
Heap after GC invocations=3 (full 0):
 par new generation   total 109248K, used 15318K [0x00000000e0000000, 0x00000000e8000000, 0x00000000e8000000)
  eden space 87424K,   0% used [0x00000000e0000000, 0x00000000e0000000, 0x00000000e5560000)
  from space 21824K,  70% used [0x00000000e6ab0000, 0x00000000e79a5920, 0x00000000e8000000)
  to   space 21824K,   0% used [0x00000000e5560000, 0x00000000e5560000, 0x00000000e6ab0000)
 concurrent mark-sweep generation total 393216K, used 0K [0x00000000e8000000, 0x0000000100000000, 0x0000000100000000)
 Metaspace       used 25129K, capacity 25508K, committed 25612K, reserved 1073152K
  class space    used 2922K, capacity 3056K, committed 3064K, reserved 1048576K
}
2016-12-27T08:09:45.601+0100: 2,990: Total time for which application threads were stopped: 0,0194471 seconds, Stopping threads took: 0,0000442 seconds
2016-12-27T08:09:45.601+0100: 2,990: [GC (CMS Initial Mark) [1 CMS-initial-mark: 0K(393216K)] 15321K(502464K), 0,0031161 secs] [Times: user=0,01 sys=0,00, real=0,00 secs] 
2016-12-27T08:09:45.604+0100: 2,993: Total time for which application threads were stopped: 0,0032382 seconds, Stopping threads took: 0,0000436 seconds
2016-12-27T08:09:45.604+0100: 2,993: [CMS-concurrent-mark-start]
2016-12-27T08:09:45.606+0100: 2,995: [CMS-concurrent-mark: 0,002/0,002 secs] [Times: user=0,01 sys=0,00, real=0,00 secs] 
2016-12-27T08:09:45.606+0100: 2,995: [CMS-concurrent-preclean-start]
2016-12-27T08:09:45.607+0100: 2,996: [CMS-concurrent-preclean: 0,001/0,001 secs] [Times: user=0,00 sys=0,00, real=0,00 secs] 
2016-12-27T08:09:45.608+0100: 2,997: [GC (CMS Final Remark) [YG occupancy: 16728 K (109248 K)]{Heap before GC invocations=3 (full 1):
 par new generation   total 109248K, used 16728K [0x00000000e0000000, 0x00000000e8000000, 0x00000000e8000000)
  eden space 87424K,   1% used [0x00000000e0000000, 0x00000000e0160968, 0x00000000e5560000)
  from space 21824K,  70% used [0x00000000e6ab0000, 0x00000000e79a5920, 0x00000000e8000000)
  to   space 21824K,   0% used [0x00000000e5560000, 0x00000000e5560000, 0x00000000e6ab0000)
 concurrent mark-sweep generation total 393216K, used 0K [0x00000000e8000000, 0x0000000100000000, 0x0000000100000000)
 Metaspace       used 25146K, capacity 25508K, committed 25612K, reserved 1073152K
  class space    used 2923K, capacity 3056K, committed 3064K, reserved 1048576K
2016-12-27T08:09:45.608+0100: 2,997: [GC (CMS Final Remark) 2016-12-27T08:09:45.608+0100: 2,997: [ParNew
Desired survivor size 20112992 bytes, new threshold 8 (max 8)
- age   1:       2960 bytes,       2960 total
- age   2:    3183864 bytes,    3186824 total
- age   3:     515896 bytes,    3702720 total
- age   4:    6120192 bytes,    9822912 total
: 16728K->16441K(109248K), 0,0115738 secs] 16728K->16441K(502464K), 0,0116224 secs] [Times: user=0,04 sys=0,00, real=0,02 secs] 
Heap after GC invocations=4 (full 1):
 par new generation   total 109248K, used 16441K [0x00000000e0000000, 0x00000000e8000000, 0x00000000e8000000)
  eden space 87424K,   0% used [0x00000000e0000000, 0x00000000e0000000, 0x00000000e5560000)
  from space 21824K,  75% used [0x00000000e5560000, 0x00000000e656e750, 0x00000000e6ab0000)
  to   space 21824K,   0% used [0x00000000e6ab0000, 0x00000000e6ab0000, 0x00000000e8000000)
 concurrent mark-sweep generation total 393216K, used 0K [0x00000000e8000000, 0x0000000100000000, 0x0000000100000000)
 Metaspace       used 25146K, capacity 25508K, committed 25612K, reserved 1073152K
  class space    used 2923K, capacity 3056K, committed 3064K, reserved 1048576K
}
2016-12-27T08:09:45.620+0100: 3,009: [Rescan (parallel) , 0,0038701 secs]2016-12-27T08:09:45.624+0100: 3,013: [weak refs processing, 0,0005476 secs]2016-12-27T08:09:45.624+0100: 3,013: [class unloading, 0,0032525 secs]2016-12-27T08:09:45.627+0100: 3,017: [scrub symbol table, 0,0037541 secs]2016-12-27T08:09:45.631+0100: 3,020: [scrub string table, 0,0004147 secs][1 CMS-remark: 0K(393216K)] 16441K(502464K), 0,0242425 secs] [Times: user=0,06 sys=0,00, real=0,03 secs] 
2016-12-27T08:09:45.632+0100: 3,021: Total time for which application threads were stopped: 0,0243673 seconds, Stopping threads took: 0,0000490 seconds
2016-12-27T08:09:45.632+0100: 3,022: [CMS-concurrent-sweep-start]
2016-12-27T08:09:45.632+0100: 3,022: [CMS-concurrent-sweep: 0,000/0,000 secs] [Times: user=0,00 sys=0,00, real=0,00 secs] 
2016-12-27T08:09:45.632+0100: 3,022: [CMS-concurrent-reset-start]
2016-12-27T08:09:45.634+0100: 3,023: [CMS-concurrent-reset: 0,002/0,002 secs] [Times: user=0,01 sys=0,00, real=0,00 secs] 
2016-12-27T08:09:45.662+0100: 3,051: Total time for which application threads were stopped: 0,0003551 seconds, Stopping threads took: 0,0000250 seconds
2016-12-27T08:09:46.662+0100: 4,052: Total time for which application threads were stopped: 0,0001161 seconds, Stopping threads took: 0,0000330 seconds
2016-12-27T08:09:46.673+0100: 4,063: Total time for which application threads were stopped: 0,0002646 seconds, Stopping threads took: 0,0000160 seconds
2016-12-27T08:10:14.676+0100: 32,066: Total time for which application threads were stopped: 0,0003686 seconds, Stopping threads took: 0,0001105 seconds
2016-12-27T08:12:29.693+0100: 167,083: Total time for which application threads were stopped: 0,0001772 seconds, Stopping threads took: 0,0000686 seconds
2016-12-27T08:12:43.696+0100: 181,085: Total time for which application threads were stopped: 0,0000749 seconds, Stopping threads took: 0,0000205 seconds
2016-12-27T08:13:24.701+0100: 222,090: Total time for which application threads were stopped: 0,0000751 seconds, Stopping threads took: 0,0000297 seconds
2016-12-27T08:14:13.707+0100: 271,096: Total time for which application threads were stopped: 0,0000759 seconds, Stopping threads took: 0,0000326 seconds
2016-12-27T08:14:24.708+0100: 282,098: Total time for which application threads were stopped: 0,0000748 seconds, Stopping threads took: 0,0000315 seconds
2016-12-27T08:14:29.709+0100: 287,098: Total time for which application threads were stopped: 0,0000659 seconds, Stopping threads took: 0,0000192 seconds
2016-12-27T08:14:39.711+0100: 297,100: Total time for which application threads were stopped: 0,0000584 seconds, Stopping threads took: 0,0000158 seconds
2016-12-27T08:15:04.714+0100: 322,103: Total time for which application threads were stopped: 0,0000825 seconds, Stopping threads took: 0,0000315 seconds
2016-12-27T08:20:04.751+0100: 622,140: Total time for which application threads were stopped: 0,0001282 seconds, Stopping threads took: 0,0000440 seconds
2016-12-27T08:20:14.752+0100: 632,141: Total time for which application threads were stopped: 0,0000612 seconds, Stopping threads took: 0,0000162 seconds
2016-12-27T08:31:35.333+0100: 1312,722: Total time for which application threads were stopped: 0,0001887 seconds, Stopping threads took: 0,0000618 seconds
Heap
 par new generation   total 109248K, used 60322K [0x00000000e0000000, 0x00000000e8000000, 0x00000000e8000000)
  eden space 87424K,  50% used [0x00000000e0000000, 0x00000000e2ada118, 0x00000000e5560000)
  from space 21824K,  75% used [0x00000000e5560000, 0x00000000e656e750, 0x00000000e6ab0000)
  to   space 21824K,   0% used [0x00000000e6ab0000, 0x00000000e6ab0000, 0x00000000e8000000)
 concurrent mark-sweep generation total 393216K, used 0K [0x00000000e8000000, 0x0000000100000000, 0x0000000100000000)
 Metaspace       used 27236K, capacity 27728K, committed 27840K, reserved 1073152K
  class space    used 3166K, capacity 3320K, committed 3320K, reserved 1048576K
