OpenJDK 64-Bit Server VM (25.111-b14) for linux-amd64 JRE (1.8.0_111-8u111-b14-2ubuntu0.16.04.2-b14), built on Oct 27 2016 18:10:19 by "buildd" with gcc 5.4.0 20160609
Memory: 4k page, physical 7867800k(7505356k free), swap 8076284k(8076284k free)
CommandLine flags: -XX:CMSInitiatingOccupancyFraction=50 -XX:CMSMaxAbortablePrecleanTime=6000 -XX:+CMSParallelRemarkEnabled -XX:+CMSScavengeBeforeRemark -XX:ConcGCThreads=4 -XX:InitialHeapSize=536870912 -XX:MaxHeapSize=536870912 -XX:MaxTenuringThreshold=8 -XX:NewRatio=3 -XX:OldPLABSize=16 -XX:OnOutOfMemoryError=/opt/solr/bin/oom_solr.sh 8983 /var/solr/logs -XX:ParallelGCThreads=4 -XX:+ParallelRefProcEnabled -XX:PretenureSizeThreshold=67108864 -XX:+PrintGC -XX:+PrintGCApplicationStoppedTime -XX:+PrintGCDateStamps -XX:+PrintGCDetails -XX:+PrintGCTimeStamps -XX:+PrintHeapAtGC -XX:+PrintTenuringDistribution -XX:SurvivorRatio=4 -XX:TargetSurvivorRatio=90 -XX:ThreadStackSize=256 -XX:+UseCMSInitiatingOccupancyOnly -XX:+UseCompressedClassPointers -XX:+UseCompressedOops -XX:+UseConcMarkSweepGC -XX:+UseParNewGC 
2017-01-25T00:58:26.712+0100: 0,125: Total time for which application threads were stopped: 0,0000705 seconds, Stopping threads took: 0,0000103 seconds
2017-01-25T00:58:26.784+0100: 0,198: Total time for which application threads were stopped: 0,0000994 seconds, Stopping threads took: 0,0000171 seconds
2017-01-25T00:58:26.803+0100: 0,216: Total time for which application threads were stopped: 0,0001053 seconds, Stopping threads took: 0,0000255 seconds
2017-01-25T00:58:27.035+0100: 0,448: Total time for which application threads were stopped: 0,0001342 seconds, Stopping threads took: 0,0000137 seconds
2017-01-25T00:58:27.465+0100: 0,879: Total time for which application threads were stopped: 0,0001369 seconds, Stopping threads took: 0,0000157 seconds
2017-01-25T00:58:27.593+0100: 1,006: Total time for which application threads were stopped: 0,0001795 seconds, Stopping threads took: 0,0000196 seconds
2017-01-25T00:58:27.657+0100: 1,071: Total time for which application threads were stopped: 0,0001958 seconds, Stopping threads took: 0,0000220 seconds
2017-01-25T00:58:28.009+0100: 1,422: Total time for which application threads were stopped: 0,0001838 seconds, Stopping threads took: 0,0000152 seconds
2017-01-25T00:58:28.236+0100: 1,649: Total time for which application threads were stopped: 0,0008937 seconds, Stopping threads took: 0,0000652 seconds
2017-01-25T00:58:28.258+0100: 1,672: Total time for which application threads were stopped: 0,0003274 seconds, Stopping threads took: 0,0000291 seconds
2017-01-25T00:58:28.259+0100: 1,673: Total time for which application threads were stopped: 0,0001759 seconds, Stopping threads took: 0,0000246 seconds
2017-01-25T00:58:28.276+0100: 1,689: Total time for which application threads were stopped: 0,0001653 seconds, Stopping threads took: 0,0000205 seconds
2017-01-25T00:58:28.356+0100: 1,770: Total time for which application threads were stopped: 0,0002194 seconds, Stopping threads took: 0,0000217 seconds
2017-01-25T00:58:28.512+0100: 1,926: Total time for which application threads were stopped: 0,0002539 seconds, Stopping threads took: 0,0000399 seconds
{Heap before GC invocations=0 (full 0):
 par new generation   total 109248K, used 87424K [0x00000000e0000000, 0x00000000e8000000, 0x00000000e8000000)
  eden space 87424K, 100% used [0x00000000e0000000, 0x00000000e5560000, 0x00000000e5560000)
  from space 21824K,   0% used [0x00000000e5560000, 0x00000000e5560000, 0x00000000e6ab0000)
  to   space 21824K,   0% used [0x00000000e6ab0000, 0x00000000e6ab0000, 0x00000000e8000000)
 concurrent mark-sweep generation total 393216K, used 0K [0x00000000e8000000, 0x0000000100000000, 0x0000000100000000)
 Metaspace       used 18010K, capacity 18302K, committed 18560K, reserved 1064960K
  class space    used 2046K, capacity 2162K, committed 2176K, reserved 1048576K
2017-01-25T00:58:28.634+0100: 2,048: [GC (Allocation Failure) 2017-01-25T00:58:28.634+0100: 2,048: [ParNew
Desired survivor size 20112992 bytes, new threshold 8 (max 8)
- age   1:   12855816 bytes,   12855816 total
: 87424K->12683K(109248K), 0,0187660 secs] 87424K->12683K(502464K), 0,0188604 secs] [Times: user=0,05 sys=0,02, real=0,02 secs] 
Heap after GC invocations=1 (full 0):
 par new generation   total 109248K, used 12683K [0x00000000e0000000, 0x00000000e8000000, 0x00000000e8000000)
  eden space 87424K,   0% used [0x00000000e0000000, 0x00000000e0000000, 0x00000000e5560000)
  from space 21824K,  58% used [0x00000000e6ab0000, 0x00000000e7712f90, 0x00000000e8000000)
  to   space 21824K,   0% used [0x00000000e5560000, 0x00000000e5560000, 0x00000000e6ab0000)
 concurrent mark-sweep generation total 393216K, used 0K [0x00000000e8000000, 0x0000000100000000, 0x0000000100000000)
 Metaspace       used 18010K, capacity 18302K, committed 18560K, reserved 1064960K
  class space    used 2046K, capacity 2162K, committed 2176K, reserved 1048576K
}
2017-01-25T00:58:28.653+0100: 2,067: Total time for which application threads were stopped: 0,0191093 seconds, Stopping threads took: 0,0000767 seconds
2017-01-25T00:58:28.877+0100: 2,291: Total time for which application threads were stopped: 0,0003216 seconds, Stopping threads took: 0,0000662 seconds
2017-01-25T00:58:28.914+0100: 2,327: Total time for which application threads were stopped: 0,0003974 seconds, Stopping threads took: 0,0000613 seconds
2017-01-25T00:58:28.947+0100: 2,360: Total time for which application threads were stopped: 0,0003506 seconds, Stopping threads took: 0,0000573 seconds
{Heap before GC invocations=1 (full 0):
 par new generation   total 109248K, used 100107K [0x00000000e0000000, 0x00000000e8000000, 0x00000000e8000000)
  eden space 87424K, 100% used [0x00000000e0000000, 0x00000000e5560000, 0x00000000e5560000)
  from space 21824K,  58% used [0x00000000e6ab0000, 0x00000000e7712f90, 0x00000000e8000000)
  to   space 21824K,   0% used [0x00000000e5560000, 0x00000000e5560000, 0x00000000e6ab0000)
 concurrent mark-sweep generation total 393216K, used 0K [0x00000000e8000000, 0x0000000100000000, 0x0000000100000000)
 Metaspace       used 20507K, capacity 20862K, committed 20992K, reserved 1067008K
  class space    used 2369K, capacity 2490K, committed 2560K, reserved 1048576K
2017-01-25T00:58:29.044+0100: 2,457: [GC (Allocation Failure) 2017-01-25T00:58:29.044+0100: 2,457: [ParNew
Desired survivor size 20112992 bytes, new threshold 8 (max 8)
- age   1:    4169792 bytes,    4169792 total
- age   2:    6621296 bytes,   10791088 total
: 100107K->15901K(109248K), 0,0107011 secs] 100107K->15901K(502464K), 0,0107755 secs] [Times: user=0,04 sys=0,01, real=0,01 secs] 
Heap after GC invocations=2 (full 0):
 par new generation   total 109248K, used 15901K [0x00000000e0000000, 0x00000000e8000000, 0x00000000e8000000)
  eden space 87424K,   0% used [0x00000000e0000000, 0x00000000e0000000, 0x00000000e5560000)
  from space 21824K,  72% used [0x00000000e5560000, 0x00000000e64e7540, 0x00000000e6ab0000)
  to   space 21824K,   0% used [0x00000000e6ab0000, 0x00000000e6ab0000, 0x00000000e8000000)
 concurrent mark-sweep generation total 393216K, used 0K [0x00000000e8000000, 0x0000000100000000, 0x0000000100000000)
 Metaspace       used 20507K, capacity 20862K, committed 20992K, reserved 1067008K
  class space    used 2369K, capacity 2490K, committed 2560K, reserved 1048576K
}
2017-01-25T00:58:29.055+0100: 2,468: Total time for which application threads were stopped: 0,0110278 seconds, Stopping threads took: 0,0000558 seconds
2017-01-25T00:58:29.102+0100: 2,515: Total time for which application threads were stopped: 0,0002469 seconds, Stopping threads took: 0,0001414 seconds
2017-01-25T00:58:29.141+0100: 2,554: Total time for which application threads were stopped: 0,0001625 seconds, Stopping threads took: 0,0000396 seconds
2017-01-25T00:58:29.169+0100: 2,583: Total time for which application threads were stopped: 0,0001779 seconds, Stopping threads took: 0,0000899 seconds
{Heap before GC invocations=2 (full 0):
 par new generation   total 109248K, used 103325K [0x00000000e0000000, 0x00000000e8000000, 0x00000000e8000000)
  eden space 87424K, 100% used [0x00000000e0000000, 0x00000000e5560000, 0x00000000e5560000)
  from space 21824K,  72% used [0x00000000e5560000, 0x00000000e64e7540, 0x00000000e6ab0000)
  to   space 21824K,   0% used [0x00000000e6ab0000, 0x00000000e6ab0000, 0x00000000e8000000)
 concurrent mark-sweep generation total 393216K, used 0K [0x00000000e8000000, 0x0000000100000000, 0x0000000100000000)
 Metaspace       used 21766K, capacity 22116K, committed 22216K, reserved 1069056K
  class space    used 2523K, capacity 2651K, committed 2688K, reserved 1048576K
2017-01-25T00:58:29.224+0100: 2,637: [GC (Allocation Failure) 2017-01-25T00:58:29.224+0100: 2,637: [ParNew
Desired survivor size 20112992 bytes, new threshold 8 (max 8)
- age   1:    1675160 bytes,    1675160 total
- age   2:    1614952 bytes,    3290112 total
- age   3:    6598376 bytes,    9888488 total
: 103325K->11555K(109248K), 0,0089449 secs] 103325K->11555K(502464K), 0,0090166 secs] [Times: user=0,03 sys=0,00, real=0,01 secs] 
Heap after GC invocations=3 (full 0):
 par new generation   total 109248K, used 11555K [0x00000000e0000000, 0x00000000e8000000, 0x00000000e8000000)
  eden space 87424K,   0% used [0x00000000e0000000, 0x00000000e0000000, 0x00000000e5560000)
  from space 21824K,  52% used [0x00000000e6ab0000, 0x00000000e75f8de0, 0x00000000e8000000)
  to   space 21824K,   0% used [0x00000000e5560000, 0x00000000e5560000, 0x00000000e6ab0000)
 concurrent mark-sweep generation total 393216K, used 0K [0x00000000e8000000, 0x0000000100000000, 0x0000000100000000)
 Metaspace       used 21766K, capacity 22116K, committed 22216K, reserved 1069056K
  class space    used 2523K, capacity 2651K, committed 2688K, reserved 1048576K
}
2017-01-25T00:58:29.233+0100: 2,646: Total time for which application threads were stopped: 0,0099887 seconds, Stopping threads took: 0,0008462 seconds
2017-01-25T00:58:29.233+0100: 2,646: [GC (CMS Initial Mark) [1 CMS-initial-mark: 0K(393216K)] 12418K(502464K), 0,0031563 secs] [Times: user=0,01 sys=0,00, real=0,00 secs] 
2017-01-25T00:58:29.236+0100: 2,650: Total time for which application threads were stopped: 0,0032844 seconds, Stopping threads took: 0,0000471 seconds
2017-01-25T00:58:29.236+0100: 2,650: [CMS-concurrent-mark-start]
2017-01-25T00:58:29.237+0100: 2,651: [CMS-concurrent-mark: 0,001/0,001 secs] [Times: user=0,00 sys=0,00, real=0,00 secs] 
2017-01-25T00:58:29.237+0100: 2,651: [CMS-concurrent-preclean-start]
2017-01-25T00:58:29.239+0100: 2,652: [CMS-concurrent-preclean: 0,001/0,001 secs] [Times: user=0,01 sys=0,00, real=0,01 secs] 
2017-01-25T00:58:29.239+0100: 2,652: [GC (CMS Final Remark) [YG occupancy: 13354 K (109248 K)]{Heap before GC invocations=3 (full 1):
 par new generation   total 109248K, used 13354K [0x00000000e0000000, 0x00000000e8000000, 0x00000000e8000000)
  eden space 87424K,   2% used [0x00000000e0000000, 0x00000000e01c1ce0, 0x00000000e5560000)
  from space 21824K,  52% used [0x00000000e6ab0000, 0x00000000e75f8de0, 0x00000000e8000000)
  to   space 21824K,   0% used [0x00000000e5560000, 0x00000000e5560000, 0x00000000e6ab0000)
 concurrent mark-sweep generation total 393216K, used 0K [0x00000000e8000000, 0x0000000100000000, 0x0000000100000000)
 Metaspace       used 21772K, capacity 22122K, committed 22216K, reserved 1069056K
  class space    used 2523K, capacity 2653K, committed 2688K, reserved 1048576K
2017-01-25T00:58:29.239+0100: 2,652: [GC (CMS Final Remark) 2017-01-25T00:58:29.239+0100: 2,652: [ParNew
Desired survivor size 20112992 bytes, new threshold 8 (max 8)
- age   1:     157080 bytes,     157080 total
- age   2:     848576 bytes,    1005656 total
- age   3:    1614032 bytes,    2619688 total
- age   4:    6598464 bytes,    9218152 total
: 13354K->10497K(109248K), 0,0089056 secs] 13354K->10497K(502464K), 0,0089470 secs] [Times: user=0,03 sys=0,00, real=0,00 secs] 
Heap after GC invocations=4 (full 1):
 par new generation   total 109248K, used 10497K [0x00000000e0000000, 0x00000000e8000000, 0x00000000e8000000)
  eden space 87424K,   0% used [0x00000000e0000000, 0x00000000e0000000, 0x00000000e5560000)
  from space 21824K,  48% used [0x00000000e5560000, 0x00000000e5fa06a0, 0x00000000e6ab0000)
  to   space 21824K,   0% used [0x00000000e6ab0000, 0x00000000e6ab0000, 0x00000000e8000000)
 concurrent mark-sweep generation total 393216K, used 0K [0x00000000e8000000, 0x0000000100000000, 0x0000000100000000)
 Metaspace       used 21772K, capacity 22122K, committed 22216K, reserved 1069056K
  class space    used 2523K, capacity 2653K, committed 2688K, reserved 1048576K
}
2017-01-25T00:58:29.248+0100: 2,661: [Rescan (parallel) , 0,0038497 secs]2017-01-25T00:58:29.252+0100: 2,665: [weak refs processing, 0,0005357 secs]2017-01-25T00:58:29.252+0100: 2,666: [class unloading, 0,0028046 secs]2017-01-25T00:58:29.255+0100: 2,668: [scrub symbol table, 0,0026875 secs]2017-01-25T00:58:29.258+0100: 2,671: [scrub string table, 0,0003604 secs][1 CMS-remark: 0K(393216K)] 10497K(502464K), 0,0197793 secs] [Times: user=0,05 sys=0,00, real=0,02 secs] 
2017-01-25T00:58:29.259+0100: 2,672: Total time for which application threads were stopped: 0,0199346 seconds, Stopping threads took: 0,0000687 seconds
2017-01-25T00:58:29.259+0100: 2,672: [CMS-concurrent-sweep-start]
2017-01-25T00:58:29.259+0100: 2,672: [CMS-concurrent-sweep: 0,000/0,000 secs] [Times: user=0,00 sys=0,00, real=0,00 secs] 
2017-01-25T00:58:29.259+0100: 2,672: [CMS-concurrent-reset-start]
2017-01-25T00:58:29.261+0100: 2,675: [CMS-concurrent-reset: 0,003/0,003 secs] [Times: user=0,01 sys=0,00, real=0,00 secs] 
{Heap before GC invocations=4 (full 1):
 par new generation   total 109248K, used 97921K [0x00000000e0000000, 0x00000000e8000000, 0x00000000e8000000)
  eden space 87424K, 100% used [0x00000000e0000000, 0x00000000e5560000, 0x00000000e5560000)
  from space 21824K,  48% used [0x00000000e5560000, 0x00000000e5fa06a0, 0x00000000e6ab0000)
  to   space 21824K,   0% used [0x00000000e6ab0000, 0x00000000e6ab0000, 0x00000000e8000000)
 concurrent mark-sweep generation total 393216K, used 0K [0x00000000e8000000, 0x0000000100000000, 0x0000000100000000)
 Metaspace       used 22129K, capacity 22470K, committed 22600K, reserved 1069056K
  class space    used 2572K, capacity 2721K, committed 2816K, reserved 1048576K
2017-01-25T00:58:29.383+0100: 2,797: [GC (Allocation Failure) 2017-01-25T00:58:29.383+0100: 2,797: [ParNew
Desired survivor size 20112992 bytes, new threshold 8 (max 8)
- age   1:     427016 bytes,     427016 total
- age   2:       8504 bytes,     435520 total
- age   3:     370848 bytes,     806368 total
- age   4:    1223584 bytes,    2029952 total
- age   5:    6598328 bytes,    8628280 total
: 97921K->13276K(109248K), 0,0084242 secs] 97921K->13276K(502464K), 0,0084816 secs] [Times: user=0,03 sys=0,00, real=0,01 secs] 
Heap after GC invocations=5 (full 1):
 par new generation   total 109248K, used 13276K [0x00000000e0000000, 0x00000000e8000000, 0x00000000e8000000)
  eden space 87424K,   0% used [0x00000000e0000000, 0x00000000e0000000, 0x00000000e5560000)
  from space 21824K,  60% used [0x00000000e6ab0000, 0x00000000e77a7230, 0x00000000e8000000)
  to   space 21824K,   0% used [0x00000000e5560000, 0x00000000e5560000, 0x00000000e6ab0000)
 concurrent mark-sweep generation total 393216K, used 0K [0x00000000e8000000, 0x0000000100000000, 0x0000000100000000)
 Metaspace       used 22129K, capacity 22470K, committed 22600K, reserved 1069056K
  class space    used 2572K, capacity 2721K, committed 2816K, reserved 1048576K
}
2017-01-25T00:58:29.392+0100: 2,805: Total time for which application threads were stopped: 0,0087136 seconds, Stopping threads took: 0,0000806 seconds
2017-01-25T00:58:29.397+0100: 2,810: Total time for which application threads were stopped: 0,0003663 seconds, Stopping threads took: 0,0000606 seconds
2017-01-25T00:58:29.575+0100: 2,988: Total time for which application threads were stopped: 0,0004228 seconds, Stopping threads took: 0,0000462 seconds
2017-01-25T00:58:29.588+0100: 3,001: Total time for which application threads were stopped: 0,0003493 seconds, Stopping threads took: 0,0000344 seconds
{Heap before GC invocations=5 (full 1):
 par new generation   total 109248K, used 100700K [0x00000000e0000000, 0x00000000e8000000, 0x00000000e8000000)
  eden space 87424K, 100% used [0x00000000e0000000, 0x00000000e5560000, 0x00000000e5560000)
  from space 21824K,  60% used [0x00000000e6ab0000, 0x00000000e77a7230, 0x00000000e8000000)
  to   space 21824K,   0% used [0x00000000e5560000, 0x00000000e5560000, 0x00000000e6ab0000)
 concurrent mark-sweep generation total 393216K, used 0K [0x00000000e8000000, 0x0000000100000000, 0x0000000100000000)
 Metaspace       used 25893K, capacity 26216K, committed 26496K, reserved 1073152K
  class space    used 3030K, capacity 3160K, committed 3200K, reserved 1048576K
2017-01-25T00:58:29.803+0100: 3,217: [GC (Allocation Failure) 2017-01-25T00:58:29.803+0100: 3,217: [ParNew
Desired survivor size 20112992 bytes, new threshold 8 (max 8)
- age   1:    4961536 bytes,    4961536 total
- age   2:     180616 bytes,    5142152 total
- age   3:       6000 bytes,    5148152 total
- age   4:     359624 bytes,    5507776 total
- age   5:     663792 bytes,    6171568 total
- age   6:    6592200 bytes,   12763768 total
: 100700K->14037K(109248K), 0,0120631 secs] 100700K->14037K(502464K), 0,0121378 secs] [Times: user=0,04 sys=0,00, real=0,01 secs] 
Heap after GC invocations=6 (full 1):
 par new generation   total 109248K, used 14037K [0x00000000e0000000, 0x00000000e8000000, 0x00000000e8000000)
  eden space 87424K,   0% used [0x00000000e0000000, 0x00000000e0000000, 0x00000000e5560000)
  from space 21824K,  64% used [0x00000000e5560000, 0x00000000e6315640, 0x00000000e6ab0000)
  to   space 21824K,   0% used [0x00000000e6ab0000, 0x00000000e6ab0000, 0x00000000e8000000)
 concurrent mark-sweep generation total 393216K, used 0K [0x00000000e8000000, 0x0000000100000000, 0x0000000100000000)
 Metaspace       used 25893K, capacity 26216K, committed 26496K, reserved 1073152K
  class space    used 3030K, capacity 3160K, committed 3200K, reserved 1048576K
}
2017-01-25T00:58:29.815+0100: 3,229: Total time for which application threads were stopped: 0,0123455 seconds, Stopping threads took: 0,0000344 seconds
2017-01-25T00:58:30.638+0100: 4,052: Total time for which application threads were stopped: 0,0007204 seconds, Stopping threads took: 0,0000331 seconds
2017-01-25T00:58:58.642+0100: 32,056: Total time for which application threads were stopped: 0,0000581 seconds, Stopping threads took: 0,0000166 seconds
2017-01-25T01:00:58.656+0100: 152,069: Total time for which application threads were stopped: 0,0001601 seconds, Stopping threads took: 0,0000687 seconds
2017-01-25T01:01:03.657+0100: 157,070: Total time for which application threads were stopped: 0,0000832 seconds, Stopping threads took: 0,0000366 seconds
2017-01-25T01:01:27.659+0100: 181,073: Total time for which application threads were stopped: 0,0000668 seconds, Stopping threads took: 0,0000196 seconds
2017-01-25T01:03:02.670+0100: 276,083: Total time for which application threads were stopped: 0,0000959 seconds, Stopping threads took: 0,0000407 seconds
2017-01-25T01:22:07.798+0100: 1421,212: Total time for which application threads were stopped: 0,0002144 seconds, Stopping threads took: 0,0000497 seconds
2017-01-25T01:26:07.826+0100: 1661,239: Total time for which application threads were stopped: 0,0001071 seconds, Stopping threads took: 0,0000458 seconds
2017-01-25T01:28:08.838+0100: 1782,251: Total time for which application threads were stopped: 0,0000967 seconds, Stopping threads took: 0,0000372 seconds
2017-01-25T01:31:48.499+0100: 2001,913: Total time for which application threads were stopped: 0,0001191 seconds, Stopping threads took: 0,0000184 seconds
Heap
 par new generation   total 109248K, used 76816K [0x00000000e0000000, 0x00000000e8000000, 0x00000000e8000000)
  eden space 87424K,  71% used [0x00000000e0000000, 0x00000000e3d4ebf0, 0x00000000e5560000)
  from space 21824K,  64% used [0x00000000e5560000, 0x00000000e6315640, 0x00000000e6ab0000)
  to   space 21824K,   0% used [0x00000000e6ab0000, 0x00000000e6ab0000, 0x00000000e8000000)
 concurrent mark-sweep generation total 393216K, used 0K [0x00000000e8000000, 0x0000000100000000, 0x0000000100000000)
 Metaspace       used 28846K, capacity 29278K, committed 29696K, reserved 1075200K
  class space    used 3339K, capacity 3493K, committed 3584K, reserved 1048576K
