OpenJDK 64-Bit Server VM (25.111-b14) for linux-amd64 JRE (1.8.0_111-8u111-b14-2ubuntu0.16.04.2-b14), built on Oct 27 2016 18:10:19 by "buildd" with gcc 5.4.0 20160609
Memory: 4k page, physical 7867848k(7472924k free), swap 8076284k(8076284k free)
CommandLine flags: -XX:CMSInitiatingOccupancyFraction=50 -XX:CMSMaxAbortablePrecleanTime=6000 -XX:+CMSParallelRemarkEnabled -XX:+CMSScavengeBeforeRemark -XX:ConcGCThreads=4 -XX:InitialHeapSize=536870912 -XX:MaxHeapSize=536870912 -XX:MaxTenuringThreshold=8 -XX:NewRatio=3 -XX:OldPLABSize=16 -XX:OnOutOfMemoryError=/opt/solr/bin/oom_solr.sh 8983 /var/solr/logs -XX:ParallelGCThreads=4 -XX:+ParallelRefProcEnabled -XX:PretenureSizeThreshold=67108864 -XX:+PrintGC -XX:+PrintGCApplicationStoppedTime -XX:+PrintGCDateStamps -XX:+PrintGCDetails -XX:+PrintGCTimeStamps -XX:+PrintHeapAtGC -XX:+PrintTenuringDistribution -XX:SurvivorRatio=4 -XX:TargetSurvivorRatio=90 -XX:ThreadStackSize=256 -XX:+UseCMSInitiatingOccupancyOnly -XX:+UseCompressedClassPointers -XX:+UseCompressedOops -XX:+UseConcMarkSweepGC -XX:+UseParNewGC 
2016-11-16T00:10:32.053+0100: 0,119: Total time for which application threads were stopped: 0,0000684 seconds, Stopping threads took: 0,0000131 seconds
2016-11-16T00:10:32.147+0100: 0,213: Total time for which application threads were stopped: 0,0001080 seconds, Stopping threads took: 0,0000121 seconds
2016-11-16T00:10:32.160+0100: 0,226: Total time for which application threads were stopped: 0,0000776 seconds, Stopping threads took: 0,0000103 seconds
2016-11-16T00:10:32.296+0100: 0,362: Total time for which application threads were stopped: 0,0001216 seconds, Stopping threads took: 0,0000136 seconds
2016-11-16T00:10:32.480+0100: 0,546: Total time for which application threads were stopped: 0,0001522 seconds, Stopping threads took: 0,0000111 seconds
2016-11-16T00:10:32.547+0100: 0,613: Total time for which application threads were stopped: 0,0001401 seconds, Stopping threads took: 0,0000152 seconds
2016-11-16T00:10:32.569+0100: 0,635: Total time for which application threads were stopped: 0,0001451 seconds, Stopping threads took: 0,0000201 seconds
2016-11-16T00:10:32.997+0100: 1,062: Total time for which application threads were stopped: 0,0002250 seconds, Stopping threads took: 0,0000182 seconds
2016-11-16T00:10:33.255+0100: 1,321: Total time for which application threads were stopped: 0,0001927 seconds, Stopping threads took: 0,0000114 seconds
2016-11-16T00:10:33.273+0100: 1,339: Total time for which application threads were stopped: 0,0002211 seconds, Stopping threads took: 0,0000206 seconds
2016-11-16T00:10:33.274+0100: 1,340: Total time for which application threads were stopped: 0,0001966 seconds, Stopping threads took: 0,0000552 seconds
2016-11-16T00:10:33.284+0100: 1,350: Total time for which application threads were stopped: 0,0001569 seconds, Stopping threads took: 0,0000117 seconds
2016-11-16T00:10:33.425+0100: 1,491: Total time for which application threads were stopped: 0,0002551 seconds, Stopping threads took: 0,0000320 seconds
2016-11-16T00:10:33.617+0100: 1,682: Total time for which application threads were stopped: 0,0002114 seconds, Stopping threads took: 0,0000197 seconds
{Heap before GC invocations=0 (full 0):
 par new generation   total 109248K, used 87424K [0x00000000e0000000, 0x00000000e8000000, 0x00000000e8000000)
  eden space 87424K, 100% used [0x00000000e0000000, 0x00000000e5560000, 0x00000000e5560000)
  from space 21824K,   0% used [0x00000000e5560000, 0x00000000e5560000, 0x00000000e6ab0000)
  to   space 21824K,   0% used [0x00000000e6ab0000, 0x00000000e6ab0000, 0x00000000e8000000)
 concurrent mark-sweep generation total 393216K, used 0K [0x00000000e8000000, 0x0000000100000000, 0x0000000100000000)
 Metaspace       used 17948K, capacity 18238K, committed 18304K, reserved 1064960K
  class space    used 2044K, capacity 2162K, committed 2176K, reserved 1048576K
2016-11-16T00:10:33.758+0100: 1,824: [GC (Allocation Failure) 2016-11-16T00:10:33.758+0100: 1,824: [ParNew
Desired survivor size 20112992 bytes, new threshold 8 (max 8)
- age   1:   12036928 bytes,   12036928 total
: 87424K->11868K(109248K), 0,0236146 secs] 87424K->11868K(502464K), 0,0238108 secs] [Times: user=0,02 sys=0,04, real=0,03 secs] 
Heap after GC invocations=1 (full 0):
 par new generation   total 109248K, used 11868K [0x00000000e0000000, 0x00000000e8000000, 0x00000000e8000000)
  eden space 87424K,   0% used [0x00000000e0000000, 0x00000000e0000000, 0x00000000e5560000)
  from space 21824K,  54% used [0x00000000e6ab0000, 0x00000000e76470f0, 0x00000000e8000000)
  to   space 21824K,   0% used [0x00000000e5560000, 0x00000000e5560000, 0x00000000e6ab0000)
 concurrent mark-sweep generation total 393216K, used 0K [0x00000000e8000000, 0x0000000100000000, 0x0000000100000000)
 Metaspace       used 17948K, capacity 18238K, committed 18304K, reserved 1064960K
  class space    used 2044K, capacity 2162K, committed 2176K, reserved 1048576K
}
2016-11-16T00:10:33.782+0100: 1,848: Total time for which application threads were stopped: 0,0243556 seconds, Stopping threads took: 0,0000920 seconds
2016-11-16T00:10:34.008+0100: 2,074: Total time for which application threads were stopped: 0,0006057 seconds, Stopping threads took: 0,0000395 seconds
2016-11-16T00:10:34.061+0100: 2,127: Total time for which application threads were stopped: 0,0005143 seconds, Stopping threads took: 0,0000467 seconds
2016-11-16T00:10:34.101+0100: 2,167: Total time for which application threads were stopped: 0,0004069 seconds, Stopping threads took: 0,0001696 seconds
{Heap before GC invocations=1 (full 0):
 par new generation   total 109248K, used 99292K [0x00000000e0000000, 0x00000000e8000000, 0x00000000e8000000)
  eden space 87424K, 100% used [0x00000000e0000000, 0x00000000e5560000, 0x00000000e5560000)
  from space 21824K,  54% used [0x00000000e6ab0000, 0x00000000e76470f0, 0x00000000e8000000)
  to   space 21824K,   0% used [0x00000000e5560000, 0x00000000e5560000, 0x00000000e6ab0000)
 concurrent mark-sweep generation total 393216K, used 0K [0x00000000e8000000, 0x0000000100000000, 0x0000000100000000)
 Metaspace       used 20715K, capacity 21016K, committed 21248K, reserved 1069056K
  class space    used 2403K, capacity 2518K, committed 2560K, reserved 1048576K
2016-11-16T00:10:34.276+0100: 2,342: [GC (Allocation Failure) 2016-11-16T00:10:34.276+0100: 2,342: [ParNew
Desired survivor size 20112992 bytes, new threshold 8 (max 8)
- age   1:    3670832 bytes,    3670832 total
- age   2:    6068648 bytes,    9739480 total
: 99292K->14813K(109248K), 0,0160465 secs] 99292K->14813K(502464K), 0,0161210 secs] [Times: user=0,06 sys=0,00, real=0,02 secs] 
Heap after GC invocations=2 (full 0):
 par new generation   total 109248K, used 14813K [0x00000000e0000000, 0x00000000e8000000, 0x00000000e8000000)
  eden space 87424K,   0% used [0x00000000e0000000, 0x00000000e0000000, 0x00000000e5560000)
  from space 21824K,  67% used [0x00000000e5560000, 0x00000000e63d7500, 0x00000000e6ab0000)
  to   space 21824K,   0% used [0x00000000e6ab0000, 0x00000000e6ab0000, 0x00000000e8000000)
 concurrent mark-sweep generation total 393216K, used 0K [0x00000000e8000000, 0x0000000100000000, 0x0000000100000000)
 Metaspace       used 20715K, capacity 21016K, committed 21248K, reserved 1069056K
  class space    used 2403K, capacity 2518K, committed 2560K, reserved 1048576K
}
2016-11-16T00:10:34.292+0100: 2,358: Total time for which application threads were stopped: 0,0163958 seconds, Stopping threads took: 0,0000787 seconds
2016-11-16T00:10:34.343+0100: 2,409: Total time for which application threads were stopped: 0,0000841 seconds, Stopping threads took: 0,0000205 seconds
2016-11-16T00:10:34.378+0100: 2,444: Total time for which application threads were stopped: 0,0000869 seconds, Stopping threads took: 0,0000222 seconds
2016-11-16T00:10:34.379+0100: 2,445: Total time for which application threads were stopped: 0,0002493 seconds, Stopping threads took: 0,0000187 seconds
2016-11-16T00:10:34.406+0100: 2,471: Total time for which application threads were stopped: 0,0000783 seconds, Stopping threads took: 0,0000206 seconds
2016-11-16T00:10:34.483+0100: 2,549: Total time for which application threads were stopped: 0,0001327 seconds, Stopping threads took: 0,0000222 seconds
2016-11-16T00:10:34.501+0100: 2,567: Total time for which application threads were stopped: 0,0001020 seconds, Stopping threads took: 0,0000266 seconds
2016-11-16T00:10:34.509+0100: 2,575: Total time for which application threads were stopped: 0,0002913 seconds, Stopping threads took: 0,0000186 seconds
2016-11-16T00:10:34.516+0100: 2,582: Total time for which application threads were stopped: 0,0002858 seconds, Stopping threads took: 0,0000207 seconds
2016-11-16T00:10:34.523+0100: 2,589: Total time for which application threads were stopped: 0,0001032 seconds, Stopping threads took: 0,0000236 seconds
2016-11-16T00:10:34.549+0100: 2,615: Total time for which application threads were stopped: 0,0000985 seconds, Stopping threads took: 0,0000223 seconds
2016-11-16T00:10:34.564+0100: 2,630: Total time for which application threads were stopped: 0,0000799 seconds, Stopping threads took: 0,0000145 seconds
2016-11-16T00:10:34.586+0100: 2,652: Total time for which application threads were stopped: 0,0000867 seconds, Stopping threads took: 0,0000238 seconds
2016-11-16T00:10:34.606+0100: 2,672: Total time for which application threads were stopped: 0,0000916 seconds, Stopping threads took: 0,0000295 seconds
2016-11-16T00:10:34.630+0100: 2,696: Total time for which application threads were stopped: 0,0001261 seconds, Stopping threads took: 0,0000279 seconds
2016-11-16T00:10:34.693+0100: 2,759: Total time for which application threads were stopped: 0,0001054 seconds, Stopping threads took: 0,0000275 seconds
2016-11-16T00:10:34.720+0100: 2,786: Total time for which application threads were stopped: 0,0001230 seconds, Stopping threads took: 0,0000275 seconds
{Heap before GC invocations=2 (full 0):
 par new generation   total 109248K, used 102237K [0x00000000e0000000, 0x00000000e8000000, 0x00000000e8000000)
  eden space 87424K, 100% used [0x00000000e0000000, 0x00000000e5560000, 0x00000000e5560000)
  from space 21824K,  67% used [0x00000000e5560000, 0x00000000e63d7500, 0x00000000e6ab0000)
  to   space 21824K,   0% used [0x00000000e6ab0000, 0x00000000e6ab0000, 0x00000000e8000000)
 concurrent mark-sweep generation total 393216K, used 0K [0x00000000e8000000, 0x0000000100000000, 0x0000000100000000)
 Metaspace       used 24811K, capacity 25157K, committed 25536K, reserved 1071104K
  class space    used 2894K, capacity 3025K, committed 3144K, reserved 1048576K
2016-11-16T00:10:34.738+0100: 2,804: [GC (Allocation Failure) 2016-11-16T00:10:34.738+0100: 2,804: [ParNew
Desired survivor size 20112992 bytes, new threshold 8 (max 8)
- age   1:    4851080 bytes,    4851080 total
- age   2:     583072 bytes,    5434152 total
- age   3:    6051456 bytes,   11485608 total
: 102237K->13745K(109248K), 0,0130248 secs] 102237K->13745K(502464K), 0,0131049 secs] [Times: user=0,04 sys=0,00, real=0,02 secs] 
Heap after GC invocations=3 (full 0):
 par new generation   total 109248K, used 13745K [0x00000000e0000000, 0x00000000e8000000, 0x00000000e8000000)
  eden space 87424K,   0% used [0x00000000e0000000, 0x00000000e0000000, 0x00000000e5560000)
  from space 21824K,  62% used [0x00000000e6ab0000, 0x00000000e781c6b0, 0x00000000e8000000)
  to   space 21824K,   0% used [0x00000000e5560000, 0x00000000e5560000, 0x00000000e6ab0000)
 concurrent mark-sweep generation total 393216K, used 0K [0x00000000e8000000, 0x0000000100000000, 0x0000000100000000)
 Metaspace       used 24811K, capacity 25157K, committed 25536K, reserved 1071104K
  class space    used 2894K, capacity 3025K, committed 3144K, reserved 1048576K
}
2016-11-16T00:10:34.751+0100: 2,817: Total time for which application threads were stopped: 0,0132857 seconds, Stopping threads took: 0,0000239 seconds
2016-11-16T00:10:34.753+0100: 2,819: [GC (CMS Initial Mark) [1 CMS-initial-mark: 0K(393216K)] 15385K(502464K), 0,0027401 secs] [Times: user=0,00 sys=0,00, real=0,00 secs] 
2016-11-16T00:10:34.755+0100: 2,821: Total time for which application threads were stopped: 0,0028724 seconds, Stopping threads took: 0,0000610 seconds
2016-11-16T00:10:34.756+0100: 2,821: [CMS-concurrent-mark-start]
2016-11-16T00:10:34.757+0100: 2,823: [CMS-concurrent-mark: 0,001/0,001 secs] [Times: user=0,01 sys=0,00, real=0,00 secs] 
2016-11-16T00:10:34.757+0100: 2,823: [CMS-concurrent-preclean-start]
2016-11-16T00:10:34.758+0100: 2,824: [CMS-concurrent-preclean: 0,001/0,001 secs] [Times: user=0,01 sys=0,00, real=0,00 secs] 
2016-11-16T00:10:34.758+0100: 2,824: [GC (CMS Final Remark) [YG occupancy: 15385 K (109248 K)]{Heap before GC invocations=3 (full 1):
 par new generation   total 109248K, used 15385K [0x00000000e0000000, 0x00000000e8000000, 0x00000000e8000000)
  eden space 87424K,   1% used [0x00000000e0000000, 0x00000000e019a118, 0x00000000e5560000)
  from space 21824K,  62% used [0x00000000e6ab0000, 0x00000000e781c6b0, 0x00000000e8000000)
  to   space 21824K,   0% used [0x00000000e5560000, 0x00000000e5560000, 0x00000000e6ab0000)
 concurrent mark-sweep generation total 393216K, used 0K [0x00000000e8000000, 0x0000000100000000, 0x0000000100000000)
 Metaspace       used 24811K, capacity 25157K, committed 25536K, reserved 1071104K
  class space    used 2894K, capacity 3025K, committed 3144K, reserved 1048576K
2016-11-16T00:10:34.758+0100: 2,824: [GC (CMS Final Remark) 2016-11-16T00:10:34.758+0100: 2,824: [ParNew
Desired survivor size 20112992 bytes, new threshold 8 (max 8)
- age   1:    1598528 bytes,    1598528 total
- age   2:    1314944 bytes,    2913472 total
- age   3:     583072 bytes,    3496544 total
- age   4:    6051376 bytes,    9547920 total
: 15385K->14204K(109248K), 0,0103367 secs] 15385K->14204K(502464K), 0,0103769 secs] [Times: user=0,03 sys=0,00, real=0,01 secs] 
Heap after GC invocations=4 (full 1):
 par new generation   total 109248K, used 14204K [0x00000000e0000000, 0x00000000e8000000, 0x00000000e8000000)
  eden space 87424K,   0% used [0x00000000e0000000, 0x00000000e0000000, 0x00000000e5560000)
  from space 21824K,  65% used [0x00000000e5560000, 0x00000000e633f1c0, 0x00000000e6ab0000)
  to   space 21824K,   0% used [0x00000000e6ab0000, 0x00000000e6ab0000, 0x00000000e8000000)
 concurrent mark-sweep generation total 393216K, used 0K [0x00000000e8000000, 0x0000000100000000, 0x0000000100000000)
 Metaspace       used 24811K, capacity 25157K, committed 25536K, reserved 1071104K
  class space    used 2894K, capacity 3025K, committed 3144K, reserved 1048576K
}
2016-11-16T00:10:34.769+0100: 2,835: [Rescan (parallel) , 0,0032422 secs]2016-11-16T00:10:34.772+0100: 2,838: [weak refs processing, 0,0005766 secs]2016-11-16T00:10:34.773+0100: 2,839: [class unloading, 0,0030880 secs]2016-11-16T00:10:34.776+0100: 2,842: [scrub symbol table, 0,0032392 secs]2016-11-16T00:10:34.779+0100: 2,845: [scrub string table, 0,0003774 secs][1 CMS-remark: 0K(393216K)] 14204K(502464K), 0,0215785 secs] [Times: user=0,05 sys=0,00, real=0,02 secs] 
2016-11-16T00:10:34.780+0100: 2,846: Total time for which application threads were stopped: 0,0217037 seconds, Stopping threads took: 0,0000446 seconds
2016-11-16T00:10:34.780+0100: 2,846: [CMS-concurrent-sweep-start]
2016-11-16T00:10:34.780+0100: 2,846: [CMS-concurrent-sweep: 0,000/0,000 secs] [Times: user=0,00 sys=0,00, real=0,00 secs] 
2016-11-16T00:10:34.780+0100: 2,846: [CMS-concurrent-reset-start]
2016-11-16T00:10:34.782+0100: 2,848: [CMS-concurrent-reset: 0,002/0,002 secs] [Times: user=0,01 sys=0,00, real=0,00 secs] 
2016-11-16T00:10:35.780+0100: 3,846: Total time for which application threads were stopped: 0,0001162 seconds, Stopping threads took: 0,0000170 seconds
2016-11-16T00:10:35.984+0100: 4,050: Total time for which application threads were stopped: 0,0003046 seconds, Stopping threads took: 0,0000175 seconds
2016-11-16T00:11:03.988+0100: 32,054: Total time for which application threads were stopped: 0,0000579 seconds, Stopping threads took: 0,0000184 seconds
2016-11-16T00:13:14.001+0100: 162,066: Total time for which application threads were stopped: 0,0000908 seconds, Stopping threads took: 0,0000407 seconds
2016-11-16T00:13:19.001+0100: 167,067: Total time for which application threads were stopped: 0,0000731 seconds, Stopping threads took: 0,0000182 seconds
2016-11-16T00:14:29.009+0100: 237,075: Total time for which application threads were stopped: 0,0004633 seconds, Stopping threads took: 0,0001972 seconds
2016-11-16T00:15:19.015+0100: 287,081: Total time for which application threads were stopped: 0,0000717 seconds, Stopping threads took: 0,0000285 seconds
2016-11-16T00:26:54.519+0100: 982,585: Total time for which application threads were stopped: 0,0001266 seconds, Stopping threads took: 0,0000178 seconds
Heap
 par new generation   total 109248K, used 56985K [0x00000000e0000000, 0x00000000e8000000, 0x00000000e8000000)
  eden space 87424K,  48% used [0x00000000e0000000, 0x00000000e29c74a0, 0x00000000e5560000)
  from space 21824K,  65% used [0x00000000e5560000, 0x00000000e633f1c0, 0x00000000e6ab0000)
  to   space 21824K,   0% used [0x00000000e6ab0000, 0x00000000e6ab0000, 0x00000000e8000000)
 concurrent mark-sweep generation total 393216K, used 0K [0x00000000e8000000, 0x0000000100000000, 0x0000000100000000)
 Metaspace       used 27184K, capacity 27659K, committed 27976K, reserved 1073152K
  class space    used 3160K, capacity 3320K, committed 3400K, reserved 1048576K
