OpenJDK 64-Bit Server VM (25.131-b11) for linux-amd64 JRE (1.8.0_131-8u131-b11-2ubuntu1.16.04.3-b11), built on Jul 28 2017 01:23:32 by "buildd" with gcc 5.4.0 20160609
Memory: 4k page, physical 7867732k(7393924k free), swap 8076284k(8076284k free)
CommandLine flags: -XX:CMSInitiatingOccupancyFraction=50 -XX:CMSMaxAbortablePrecleanTime=6000 -XX:+CMSParallelRemarkEnabled -XX:+CMSScavengeBeforeRemark -XX:ConcGCThreads=4 -XX:InitialHeapSize=536870912 -XX:MaxHeapSize=536870912 -XX:MaxTenuringThreshold=8 -XX:NewRatio=3 -XX:OldPLABSize=16 -XX:OnOutOfMemoryError=/opt/solr/bin/oom_solr.sh 8983 /var/solr/logs -XX:ParallelGCThreads=4 -XX:+ParallelRefProcEnabled -XX:PretenureSizeThreshold=67108864 -XX:+PrintGC -XX:+PrintGCApplicationStoppedTime -XX:+PrintGCDateStamps -XX:+PrintGCDetails -XX:+PrintGCTimeStamps -XX:+PrintHeapAtGC -XX:+PrintTenuringDistribution -XX:SurvivorRatio=4 -XX:TargetSurvivorRatio=90 -XX:ThreadStackSize=256 -XX:+UseCMSInitiatingOccupancyOnly -XX:+UseCompressedClassPointers -XX:+UseCompressedOops -XX:+UseConcMarkSweepGC -XX:+UseParNewGC 
2017-09-03T20:02:10.163+0200: 0,172: Total time for which application threads were stopped: 0,0000696 seconds, Stopping threads took: 0,0000092 seconds
2017-09-03T20:02:10.254+0200: 0,264: Total time for which application threads were stopped: 0,0001441 seconds, Stopping threads took: 0,0000183 seconds
2017-09-03T20:02:10.272+0200: 0,282: Total time for which application threads were stopped: 0,0000872 seconds, Stopping threads took: 0,0000097 seconds
2017-09-03T20:02:10.487+0200: 0,497: Total time for which application threads were stopped: 0,0001286 seconds, Stopping threads took: 0,0000171 seconds
2017-09-03T20:02:11.027+0200: 1,037: Total time for which application threads were stopped: 0,0001609 seconds, Stopping threads took: 0,0000281 seconds
2017-09-03T20:02:11.162+0200: 1,172: Total time for which application threads were stopped: 0,0001612 seconds, Stopping threads took: 0,0000233 seconds
2017-09-03T20:02:11.206+0200: 1,216: Total time for which application threads were stopped: 0,0002073 seconds, Stopping threads took: 0,0000381 seconds
2017-09-03T20:02:11.499+0200: 1,508: Total time for which application threads were stopped: 0,0002641 seconds, Stopping threads took: 0,0000381 seconds
2017-09-03T20:02:11.732+0200: 1,742: Total time for which application threads were stopped: 0,0002083 seconds, Stopping threads took: 0,0000153 seconds
2017-09-03T20:02:11.760+0200: 1,770: Total time for which application threads were stopped: 0,0001825 seconds, Stopping threads took: 0,0000359 seconds
2017-09-03T20:02:11.792+0200: 1,801: Total time for which application threads were stopped: 0,0008845 seconds, Stopping threads took: 0,0000707 seconds
2017-09-03T20:02:11.794+0200: 1,803: Total time for which application threads were stopped: 0,0002002 seconds, Stopping threads took: 0,0000381 seconds
2017-09-03T20:02:11.813+0200: 1,822: Total time for which application threads were stopped: 0,0001967 seconds, Stopping threads took: 0,0000183 seconds
2017-09-03T20:02:11.908+0200: 1,918: Total time for which application threads were stopped: 0,0002440 seconds, Stopping threads took: 0,0000227 seconds
2017-09-03T20:02:12.065+0200: 2,075: Total time for which application threads were stopped: 0,0003184 seconds, Stopping threads took: 0,0000451 seconds
{Heap before GC invocations=0 (full 0):
 par new generation   total 109248K, used 87424K [0x00000000e0000000, 0x00000000e8000000, 0x00000000e8000000)
  eden space 87424K, 100% used [0x00000000e0000000, 0x00000000e5560000, 0x00000000e5560000)
  from space 21824K,   0% used [0x00000000e5560000, 0x00000000e5560000, 0x00000000e6ab0000)
  to   space 21824K,   0% used [0x00000000e6ab0000, 0x00000000e6ab0000, 0x00000000e8000000)
 concurrent mark-sweep generation total 393216K, used 0K [0x00000000e8000000, 0x0000000100000000, 0x0000000100000000)
 Metaspace       used 18016K, capacity 18336K, committed 18688K, reserved 1064960K
  class space    used 2036K, capacity 2196K, committed 2304K, reserved 1048576K
2017-09-03T20:02:12.150+0200: 2,160: [GC (Allocation Failure) 2017-09-03T20:02:12.150+0200: 2,160: [ParNew
Desired survivor size 20112992 bytes, new threshold 8 (max 8)
- age   1:   12573032 bytes,   12573032 total
: 87424K->12387K(109248K), 0,0160458 secs] 87424K->12387K(502464K), 0,0161284 secs] [Times: user=0,04 sys=0,02, real=0,02 secs] 
Heap after GC invocations=1 (full 0):
 par new generation   total 109248K, used 12387K [0x00000000e0000000, 0x00000000e8000000, 0x00000000e8000000)
  eden space 87424K,   0% used [0x00000000e0000000, 0x00000000e0000000, 0x00000000e5560000)
  from space 21824K,  56% used [0x00000000e6ab0000, 0x00000000e76c8c28, 0x00000000e8000000)
  to   space 21824K,   0% used [0x00000000e5560000, 0x00000000e5560000, 0x00000000e6ab0000)
 concurrent mark-sweep generation total 393216K, used 0K [0x00000000e8000000, 0x0000000100000000, 0x0000000100000000)
 Metaspace       used 18016K, capacity 18336K, committed 18688K, reserved 1064960K
  class space    used 2036K, capacity 2196K, committed 2304K, reserved 1048576K
}
2017-09-03T20:02:12.166+0200: 2,176: Total time for which application threads were stopped: 0,0163732 seconds, Stopping threads took: 0,0000649 seconds
2017-09-03T20:02:12.460+0200: 2,470: Total time for which application threads were stopped: 0,0004013 seconds, Stopping threads took: 0,0000963 seconds
{Heap before GC invocations=1 (full 0):
 par new generation   total 109248K, used 99811K [0x00000000e0000000, 0x00000000e8000000, 0x00000000e8000000)
  eden space 87424K, 100% used [0x00000000e0000000, 0x00000000e5560000, 0x00000000e5560000)
  from space 21824K,  56% used [0x00000000e6ab0000, 0x00000000e76c8c28, 0x00000000e8000000)
  to   space 21824K,   0% used [0x00000000e5560000, 0x00000000e5560000, 0x00000000e6ab0000)
 concurrent mark-sweep generation total 393216K, used 0K [0x00000000e8000000, 0x0000000100000000, 0x0000000100000000)
 Metaspace       used 20059K, capacity 20422K, committed 20736K, reserved 1067008K
  class space    used 2295K, capacity 2467K, committed 2560K, reserved 1048576K
2017-09-03T20:02:12.511+0200: 2,521: [GC (Allocation Failure) 2017-09-03T20:02:12.511+0200: 2,521: [ParNew
Desired survivor size 20112992 bytes, new threshold 8 (max 8)
- age   1:    3547376 bytes,    3547376 total
- age   2:    6644272 bytes,   10191648 total
: 99811K->13725K(109248K), 0,0141095 secs] 99811K->13725K(502464K), 0,0142040 secs] [Times: user=0,05 sys=0,00, real=0,02 secs] 
Heap after GC invocations=2 (full 0):
 par new generation   total 109248K, used 13725K [0x00000000e0000000, 0x00000000e8000000, 0x00000000e8000000)
  eden space 87424K,   0% used [0x00000000e0000000, 0x00000000e0000000, 0x00000000e5560000)
  from space 21824K,  62% used [0x00000000e5560000, 0x00000000e62c7768, 0x00000000e6ab0000)
  to   space 21824K,   0% used [0x00000000e6ab0000, 0x00000000e6ab0000, 0x00000000e8000000)
 concurrent mark-sweep generation total 393216K, used 0K [0x00000000e8000000, 0x0000000100000000, 0x0000000100000000)
 Metaspace       used 20059K, capacity 20422K, committed 20736K, reserved 1067008K
  class space    used 2295K, capacity 2467K, committed 2560K, reserved 1048576K
}
2017-09-03T20:02:12.525+0200: 2,535: Total time for which application threads were stopped: 0,0155930 seconds, Stopping threads took: 0,0011999 seconds
2017-09-03T20:02:12.529+0200: 2,538: Total time for which application threads were stopped: 0,0002944 seconds, Stopping threads took: 0,0000240 seconds
2017-09-03T20:02:12.572+0200: 2,582: Total time for which application threads were stopped: 0,0003363 seconds, Stopping threads took: 0,0000541 seconds
2017-09-03T20:02:12.717+0200: 2,727: Total time for which application threads were stopped: 0,0004541 seconds, Stopping threads took: 0,0002684 seconds
{Heap before GC invocations=2 (full 0):
 par new generation   total 109248K, used 101149K [0x00000000e0000000, 0x00000000e8000000, 0x00000000e8000000)
  eden space 87424K, 100% used [0x00000000e0000000, 0x00000000e5560000, 0x00000000e5560000)
  from space 21824K,  62% used [0x00000000e5560000, 0x00000000e62c7768, 0x00000000e6ab0000)
  to   space 21824K,   0% used [0x00000000e6ab0000, 0x00000000e6ab0000, 0x00000000e8000000)
 concurrent mark-sweep generation total 393216K, used 0K [0x00000000e8000000, 0x0000000100000000, 0x0000000100000000)
 Metaspace       used 21016K, capacity 21344K, committed 21628K, reserved 1069056K
  class space    used 2424K, capacity 2586K, committed 2684K, reserved 1048576K
2017-09-03T20:02:12.762+0200: 2,771: [GC (Allocation Failure) 2017-09-03T20:02:12.762+0200: 2,771: [ParNew
Desired survivor size 20112992 bytes, new threshold 8 (max 8)
- age   1:    2133184 bytes,    2133184 total
- age   2:     911112 bytes,    3044296 total
- age   3:    6640744 bytes,    9685040 total
: 101149K->12809K(109248K), 0,0096578 secs] 101149K->12809K(502464K), 0,0097530 secs] [Times: user=0,04 sys=0,00, real=0,00 secs] 
Heap after GC invocations=3 (full 0):
 par new generation   total 109248K, used 12809K [0x00000000e0000000, 0x00000000e8000000, 0x00000000e8000000)
  eden space 87424K,   0% used [0x00000000e0000000, 0x00000000e0000000, 0x00000000e5560000)
  from space 21824K,  58% used [0x00000000e6ab0000, 0x00000000e7732620, 0x00000000e8000000)
  to   space 21824K,   0% used [0x00000000e5560000, 0x00000000e5560000, 0x00000000e6ab0000)
 concurrent mark-sweep generation total 393216K, used 0K [0x00000000e8000000, 0x0000000100000000, 0x0000000100000000)
 Metaspace       used 21016K, capacity 21344K, committed 21628K, reserved 1069056K
  class space    used 2424K, capacity 2586K, committed 2684K, reserved 1048576K
}
2017-09-03T20:02:12.771+0200: 2,781: Total time for which application threads were stopped: 0,0112440 seconds, Stopping threads took: 0,0013055 seconds
2017-09-03T20:02:12.774+0200: 2,784: [GC (CMS Initial Mark) [1 CMS-initial-mark: 0K(393216K)] 14937K(502464K), 0,0056280 secs] [Times: user=0,01 sys=0,01, real=0,00 secs] 
2017-09-03T20:02:12.780+0200: 2,790: Total time for which application threads were stopped: 0,0057965 seconds, Stopping threads took: 0,0000562 seconds
2017-09-03T20:02:12.780+0200: 2,790: [CMS-concurrent-mark-start]
2017-09-03T20:02:12.781+0200: 2,790: [CMS-concurrent-mark: 0,001/0,001 secs] [Times: user=0,00 sys=0,00, real=0,00 secs] 
2017-09-03T20:02:12.781+0200: 2,790: [CMS-concurrent-preclean-start]
2017-09-03T20:02:12.782+0200: 2,792: [CMS-concurrent-preclean: 0,001/0,001 secs] [Times: user=0,01 sys=0,00, real=0,01 secs] 
2017-09-03T20:02:12.782+0200: 2,792: [CMS-concurrent-abortable-preclean-start]
2017-09-03T20:02:12.842+0200: 2,851: Total time for which application threads were stopped: 0,0024596 seconds, Stopping threads took: 0,0023794 seconds
{Heap before GC invocations=3 (full 1):
 par new generation   total 109248K, used 100233K [0x00000000e0000000, 0x00000000e8000000, 0x00000000e8000000)
  eden space 87424K, 100% used [0x00000000e0000000, 0x00000000e5560000, 0x00000000e5560000)
  from space 21824K,  58% used [0x00000000e6ab0000, 0x00000000e7732620, 0x00000000e8000000)
  to   space 21824K,   0% used [0x00000000e5560000, 0x00000000e5560000, 0x00000000e6ab0000)
 concurrent mark-sweep generation total 393216K, used 0K [0x00000000e8000000, 0x0000000100000000, 0x0000000100000000)
 Metaspace       used 21246K, capacity 21612K, committed 21884K, reserved 1069056K
  class space    used 2445K, capacity 2600K, committed 2684K, reserved 1048576K
2017-09-03T20:02:12.877+0200: 2,887: [GC (Allocation Failure) 2017-09-03T20:02:12.877+0200: 2,887: [ParNew
Desired survivor size 20112992 bytes, new threshold 8 (max 8)
- age   1:     905128 bytes,     905128 total
- age   2:    1450032 bytes,    2355160 total
- age   3:     881656 bytes,    3236816 total
- age   4:    6641120 bytes,    9877936 total
: 100233K->11182K(109248K), 0,0103407 secs] 100233K->11182K(502464K), 0,0104120 secs] [Times: user=0,04 sys=0,00, real=0,01 secs] 
Heap after GC invocations=4 (full 1):
 par new generation   total 109248K, used 11182K [0x00000000e0000000, 0x00000000e8000000, 0x00000000e8000000)
  eden space 87424K,   0% used [0x00000000e0000000, 0x00000000e0000000, 0x00000000e5560000)
  from space 21824K,  51% used [0x00000000e5560000, 0x00000000e604ba48, 0x00000000e6ab0000)
  to   space 21824K,   0% used [0x00000000e6ab0000, 0x00000000e6ab0000, 0x00000000e8000000)
 concurrent mark-sweep generation total 393216K, used 0K [0x00000000e8000000, 0x0000000100000000, 0x0000000100000000)
 Metaspace       used 21246K, capacity 21612K, committed 21884K, reserved 1069056K
  class space    used 2445K, capacity 2600K, committed 2684K, reserved 1048576K
}
2017-09-03T20:02:12.888+0200: 2,897: Total time for which application threads were stopped: 0,0122454 seconds, Stopping threads took: 0,0016549 seconds
2017-09-03T20:02:12.888+0200: 2,897: [CMS-concurrent-abortable-preclean: 0,058/0,106 secs] [Times: user=0,39 sys=0,00, real=0,10 secs] 
2017-09-03T20:02:12.898+0200: 2,907: [GC (CMS Final Remark) [YG occupancy: 17057 K (109248 K)]{Heap before GC invocations=4 (full 1):
 par new generation   total 109248K, used 17057K [0x00000000e0000000, 0x00000000e8000000, 0x00000000e8000000)
  eden space 87424K,   6% used [0x00000000e0000000, 0x00000000e05bca98, 0x00000000e5560000)
  from space 21824K,  51% used [0x00000000e5560000, 0x00000000e604ba48, 0x00000000e6ab0000)
  to   space 21824K,   0% used [0x00000000e6ab0000, 0x00000000e6ab0000, 0x00000000e8000000)
 concurrent mark-sweep generation total 393216K, used 0K [0x00000000e8000000, 0x0000000100000000, 0x0000000100000000)
 Metaspace       used 21246K, capacity 21612K, committed 21884K, reserved 1069056K
  class space    used 2445K, capacity 2600K, committed 2684K, reserved 1048576K
2017-09-03T20:02:12.898+0200: 2,907: [GC (CMS Final Remark) 2017-09-03T20:02:12.898+0200: 2,907: [ParNew
Desired survivor size 20112992 bytes, new threshold 8 (max 8)
- age   1:     508080 bytes,     508080 total
- age   2:     620832 bytes,    1128912 total
- age   3:    1449904 bytes,    2578816 total
- age   4:     881656 bytes,    3460472 total
- age   5:    6640904 bytes,   10101376 total
: 17057K->14834K(109248K), 0,0112520 secs] 17057K->14834K(502464K), 0,0112973 secs] [Times: user=0,02 sys=0,00, real=0,01 secs] 
Heap after GC invocations=5 (full 1):
 par new generation   total 109248K, used 14834K [0x00000000e0000000, 0x00000000e8000000, 0x00000000e8000000)
  eden space 87424K,   0% used [0x00000000e0000000, 0x00000000e0000000, 0x00000000e5560000)
  from space 21824K,  67% used [0x00000000e6ab0000, 0x00000000e792cac8, 0x00000000e8000000)
  to   space 21824K,   0% used [0x00000000e5560000, 0x00000000e5560000, 0x00000000e6ab0000)
 concurrent mark-sweep generation total 393216K, used 0K [0x00000000e8000000, 0x0000000100000000, 0x0000000100000000)
 Metaspace       used 21246K, capacity 21612K, committed 21884K, reserved 1069056K
  class space    used 2445K, capacity 2600K, committed 2684K, reserved 1048576K
}
2017-09-03T20:02:12.909+0200: 2,919: [Rescan (parallel) , 0,0051052 secs]2017-09-03T20:02:12.914+0200: 2,924: [weak refs processing, 0,0005820 secs]2017-09-03T20:02:12.915+0200: 2,924: [class unloading, 0,0030072 secs]2017-09-03T20:02:12.918+0200: 2,927: [scrub symbol table, 0,0025803 secs]2017-09-03T20:02:12.920+0200: 2,930: [scrub string table, 0,0004767 secs][1 CMS-remark: 0K(393216K)] 14834K(502464K), 0,0237741 secs] [Times: user=0,05 sys=0,00, real=0,03 secs] 
2017-09-03T20:02:12.922+0200: 2,931: Total time for which application threads were stopped: 0,0239539 seconds, Stopping threads took: 0,0000724 seconds
2017-09-03T20:02:12.922+0200: 2,931: [CMS-concurrent-sweep-start]
2017-09-03T20:02:12.922+0200: 2,931: [CMS-concurrent-sweep: 0,000/0,000 secs] [Times: user=0,00 sys=0,00, real=0,00 secs] 
2017-09-03T20:02:12.922+0200: 2,931: [CMS-concurrent-reset-start]
2017-09-03T20:02:12.923+0200: 2,932: [CMS-concurrent-reset: 0,001/0,001 secs] [Times: user=0,00 sys=0,00, real=0,00 secs] 
{Heap before GC invocations=5 (full 1):
 par new generation   total 109248K, used 102258K [0x00000000e0000000, 0x00000000e8000000, 0x00000000e8000000)
  eden space 87424K, 100% used [0x00000000e0000000, 0x00000000e5560000, 0x00000000e5560000)
  from space 21824K,  67% used [0x00000000e6ab0000, 0x00000000e792cac8, 0x00000000e8000000)
  to   space 21824K,   0% used [0x00000000e5560000, 0x00000000e5560000, 0x00000000e6ab0000)
 concurrent mark-sweep generation total 393216K, used 0K [0x00000000e8000000, 0x0000000100000000, 0x0000000100000000)
 Metaspace       used 21431K, capacity 21784K, committed 21884K, reserved 1069056K
  class space    used 2470K, capacity 2634K, committed 2684K, reserved 1048576K
2017-09-03T20:02:13.018+0200: 3,028: [GC (Allocation Failure) 2017-09-03T20:02:13.018+0200: 3,028: [ParNew
Desired survivor size 20112992 bytes, new threshold 8 (max 8)
- age   1:     745008 bytes,     745008 total
- age   2:       6336 bytes,     751344 total
- age   3:     172784 bytes,     924128 total
- age   4:    1448104 bytes,    2372232 total
- age   5:     877704 bytes,    3249936 total
- age   6:    6640984 bytes,    9890920 total
: 102258K->12609K(109248K), 0,0116234 secs] 102258K->12609K(502464K), 0,0117019 secs] [Times: user=0,03 sys=0,00, real=0,01 secs] 
Heap after GC invocations=6 (full 1):
 par new generation   total 109248K, used 12609K [0x00000000e0000000, 0x00000000e8000000, 0x00000000e8000000)
  eden space 87424K,   0% used [0x00000000e0000000, 0x00000000e0000000, 0x00000000e5560000)
  from space 21824K,  57% used [0x00000000e5560000, 0x00000000e61b06c8, 0x00000000e6ab0000)
  to   space 21824K,   0% used [0x00000000e6ab0000, 0x00000000e6ab0000, 0x00000000e8000000)
 concurrent mark-sweep generation total 393216K, used 0K [0x00000000e8000000, 0x0000000100000000, 0x0000000100000000)
 Metaspace       used 21431K, capacity 21784K, committed 21884K, reserved 1069056K
  class space    used 2470K, capacity 2634K, committed 2684K, reserved 1048576K
}
2017-09-03T20:02:13.030+0200: 3,040: Total time for which application threads were stopped: 0,0119494 seconds, Stopping threads took: 0,0000858 seconds
2017-09-03T20:02:13.048+0200: 3,058: Total time for which application threads were stopped: 0,0003006 seconds, Stopping threads took: 0,0000372 seconds
2017-09-03T20:02:13.269+0200: 3,279: Total time for which application threads were stopped: 0,0005126 seconds, Stopping threads took: 0,0000389 seconds
2017-09-03T20:02:13.283+0200: 3,293: Total time for which application threads were stopped: 0,0004573 seconds, Stopping threads took: 0,0000459 seconds
2017-09-03T20:02:13.319+0200: 3,329: Total time for which application threads were stopped: 0,0003946 seconds, Stopping threads took: 0,0000232 seconds
{Heap before GC invocations=6 (full 1):
 par new generation   total 109248K, used 100033K [0x00000000e0000000, 0x00000000e8000000, 0x00000000e8000000)
  eden space 87424K, 100% used [0x00000000e0000000, 0x00000000e5560000, 0x00000000e5560000)
  from space 21824K,  57% used [0x00000000e5560000, 0x00000000e61b06c8, 0x00000000e6ab0000)
  to   space 21824K,   0% used [0x00000000e6ab0000, 0x00000000e6ab0000, 0x00000000e8000000)
 concurrent mark-sweep generation total 393216K, used 0K [0x00000000e8000000, 0x0000000100000000, 0x0000000100000000)
 Metaspace       used 23758K, capacity 24222K, committed 24572K, reserved 1071104K
  class space    used 2793K, capacity 2977K, committed 3068K, reserved 1048576K
2017-09-03T20:02:13.450+0200: 3,460: [GC (Allocation Failure) 2017-09-03T20:02:13.450+0200: 3,460: [ParNew
Desired survivor size 20112992 bytes, new threshold 8 (max 8)
- age   1:    5162736 bytes,    5162736 total
- age   2:     186424 bytes,    5349160 total
- age   3:       6336 bytes,    5355496 total
- age   4:     172232 bytes,    5527728 total
- age   5:     279816 bytes,    5807544 total
- age   6:     853376 bytes,    6660920 total
- age   7:    6634248 bytes,   13295168 total
: 100033K->16689K(109248K), 0,0216450 secs] 100033K->16689K(502464K), 0,0217461 secs] [Times: user=0,07 sys=0,00, real=0,02 secs] 
Heap after GC invocations=7 (full 1):
 par new generation   total 109248K, used 16689K [0x00000000e0000000, 0x00000000e8000000, 0x00000000e8000000)
  eden space 87424K,   0% used [0x00000000e0000000, 0x00000000e0000000, 0x00000000e5560000)
  from space 21824K,  76% used [0x00000000e6ab0000, 0x00000000e7afc5b0, 0x00000000e8000000)
  to   space 21824K,   0% used [0x00000000e5560000, 0x00000000e5560000, 0x00000000e6ab0000)
 concurrent mark-sweep generation total 393216K, used 0K [0x00000000e8000000, 0x0000000100000000, 0x0000000100000000)
 Metaspace       used 23758K, capacity 24222K, committed 24572K, reserved 1071104K
  class space    used 2793K, capacity 2977K, committed 3068K, reserved 1048576K
}
2017-09-03T20:02:13.472+0200: 3,482: Total time for which application threads were stopped: 0,0220442 seconds, Stopping threads took: 0,0000780 seconds
{Heap before GC invocations=7 (full 1):
 par new generation   total 109248K, used 104091K [0x00000000e0000000, 0x00000000e8000000, 0x00000000e8000000)
  eden space 87424K,  99% used [0x00000000e0000000, 0x00000000e555a970, 0x00000000e5560000)
  from space 21824K,  76% used [0x00000000e6ab0000, 0x00000000e7afc5b0, 0x00000000e8000000)
  to   space 21824K,   0% used [0x00000000e5560000, 0x00000000e5560000, 0x00000000e6ab0000)
 concurrent mark-sweep generation total 393216K, used 0K [0x00000000e8000000, 0x0000000100000000, 0x0000000100000000)
 Metaspace       used 24412K, capacity 24868K, committed 25084K, reserved 1071104K
  class space    used 2858K, capacity 3042K, committed 3068K, reserved 1048576K
2017-09-03T20:02:13.586+0200: 3,595: [GC (Allocation Failure) 2017-09-03T20:02:13.586+0200: 3,595: [ParNew
Desired survivor size 20112992 bytes, new threshold 8 (max 8)
- age   1:    2079384 bytes,    2079384 total
- age   2:    1764744 bytes,    3844128 total
- age   3:      89832 bytes,    3933960 total
- age   4:       5936 bytes,    3939896 total
- age   5:      85752 bytes,    4025648 total
- age   6:     190464 bytes,    4216112 total
- age   7:     803040 bytes,    5019152 total
- age   8:    6099208 bytes,   11118360 total
: 104091K->16391K(109248K), 0,0162585 secs] 104091K->16391K(502464K), 0,0163475 secs] [Times: user=0,06 sys=0,00, real=0,02 secs] 
Heap after GC invocations=8 (full 1):
 par new generation   total 109248K, used 16391K [0x00000000e0000000, 0x00000000e8000000, 0x00000000e8000000)
  eden space 87424K,   0% used [0x00000000e0000000, 0x00000000e0000000, 0x00000000e5560000)
  from space 21824K,  75% used [0x00000000e5560000, 0x00000000e6561f40, 0x00000000e6ab0000)
  to   space 21824K,   0% used [0x00000000e6ab0000, 0x00000000e6ab0000, 0x00000000e8000000)
 concurrent mark-sweep generation total 393216K, used 0K [0x00000000e8000000, 0x0000000100000000, 0x0000000100000000)
 Metaspace       used 24412K, capacity 24868K, committed 25084K, reserved 1071104K
  class space    used 2858K, capacity 3042K, committed 3068K, reserved 1048576K
}
2017-09-03T20:02:13.602+0200: 3,612: Total time for which application threads were stopped: 0,0170786 seconds, Stopping threads took: 0,0005118 seconds
{Heap before GC invocations=8 (full 1):
 par new generation   total 109248K, used 103815K [0x00000000e0000000, 0x00000000e8000000, 0x00000000e8000000)
  eden space 87424K, 100% used [0x00000000e0000000, 0x00000000e5560000, 0x00000000e5560000)
  from space 21824K,  75% used [0x00000000e5560000, 0x00000000e6561f40, 0x00000000e6ab0000)
  to   space 21824K,   0% used [0x00000000e6ab0000, 0x00000000e6ab0000, 0x00000000e8000000)
 concurrent mark-sweep generation total 393216K, used 0K [0x00000000e8000000, 0x0000000100000000, 0x0000000100000000)
 Metaspace       used 24787K, capacity 25246K, committed 25468K, reserved 1071104K
  class space    used 2895K, capacity 3079K, committed 3196K, reserved 1048576K
2017-09-03T20:02:13.677+0200: 3,686: [GC (Allocation Failure) 2017-09-03T20:02:13.677+0200: 3,686: [ParNew
Desired survivor size 20112992 bytes, new threshold 8 (max 8)
- age   1:     862760 bytes,     862760 total
- age   2:    1003208 bytes,    1865968 total
- age   3:    1741488 bytes,    3607456 total
- age   4:      89800 bytes,    3697256 total
- age   5:       5936 bytes,    3703192 total
- age   6:      85616 bytes,    3788808 total
- age   7:     187632 bytes,    3976440 total
- age   8:     802272 bytes,    4778712 total
: 103815K->6808K(109248K), 0,0272889 secs] 103815K->12846K(502464K), 0,0273554 secs] [Times: user=0,09 sys=0,00, real=0,03 secs] 
Heap after GC invocations=9 (full 1):
 par new generation   total 109248K, used 6808K [0x00000000e0000000, 0x00000000e8000000, 0x00000000e8000000)
  eden space 87424K,   0% used [0x00000000e0000000, 0x00000000e0000000, 0x00000000e5560000)
  from space 21824K,  31% used [0x00000000e6ab0000, 0x00000000e7156008, 0x00000000e8000000)
  to   space 21824K,   0% used [0x00000000e5560000, 0x00000000e5560000, 0x00000000e6ab0000)
 concurrent mark-sweep generation total 393216K, used 6038K [0x00000000e8000000, 0x0000000100000000, 0x0000000100000000)
 Metaspace       used 24787K, capacity 25246K, committed 25468K, reserved 1071104K
  class space    used 2895K, capacity 3079K, committed 3196K, reserved 1048576K
}
2017-09-03T20:02:13.704+0200: 3,714: Total time for which application threads were stopped: 0,0276232 seconds, Stopping threads took: 0,0000849 seconds
2017-09-03T20:02:14.005+0200: 4,015: Total time for which application threads were stopped: 0,0005517 seconds, Stopping threads took: 0,0000986 seconds
2017-09-03T20:02:14.028+0200: 4,037: Total time for which application threads were stopped: 0,0004730 seconds, Stopping threads took: 0,0000541 seconds
2017-09-03T20:02:14.045+0200: 4,055: Total time for which application threads were stopped: 0,0006005 seconds, Stopping threads took: 0,0000458 seconds
2017-09-03T20:02:14.049+0200: 4,059: Total time for which application threads were stopped: 0,0032516 seconds, Stopping threads took: 0,0031669 seconds
2017-09-03T20:02:14.050+0200: 4,060: Total time for which application threads were stopped: 0,0000944 seconds, Stopping threads took: 0,0000256 seconds
2017-09-03T20:02:14.089+0200: 4,098: Total time for which application threads were stopped: 0,0002391 seconds, Stopping threads took: 0,0001343 seconds
2017-09-03T20:02:14.089+0200: 4,099: Total time for which application threads were stopped: 0,0000809 seconds, Stopping threads took: 0,0000187 seconds
2017-09-03T20:02:14.089+0200: 4,099: Total time for which application threads were stopped: 0,0000953 seconds, Stopping threads took: 0,0000296 seconds
2017-09-03T20:02:14.092+0200: 4,101: Total time for which application threads were stopped: 0,0001560 seconds, Stopping threads took: 0,0000477 seconds
2017-09-03T20:02:14.093+0200: 4,103: Total time for which application threads were stopped: 0,0001656 seconds, Stopping threads took: 0,0000571 seconds
2017-09-03T20:02:14.098+0200: 4,107: Total time for which application threads were stopped: 0,0043369 seconds, Stopping threads took: 0,0042284 seconds
2017-09-03T20:02:14.104+0200: 4,114: Total time for which application threads were stopped: 0,0001660 seconds, Stopping threads took: 0,0000447 seconds
2017-09-03T20:02:14.106+0200: 4,116: Total time for which application threads were stopped: 0,0001483 seconds, Stopping threads took: 0,0000401 seconds
2017-09-03T20:02:14.111+0200: 4,121: Total time for which application threads were stopped: 0,0003228 seconds, Stopping threads took: 0,0002113 seconds
2017-09-03T20:02:14.112+0200: 4,122: Total time for which application threads were stopped: 0,0004483 seconds, Stopping threads took: 0,0000230 seconds
2017-09-03T20:02:14.114+0200: 4,123: Total time for which application threads were stopped: 0,0009157 seconds, Stopping threads took: 0,0008388 seconds
2017-09-03T20:02:14.122+0200: 4,131: Total time for which application threads were stopped: 0,0041914 seconds, Stopping threads took: 0,0040969 seconds
2017-09-03T20:02:14.122+0200: 4,132: Total time for which application threads were stopped: 0,0001255 seconds, Stopping threads took: 0,0000405 seconds
2017-09-03T20:02:14.128+0200: 4,138: Total time for which application threads were stopped: 0,0001467 seconds, Stopping threads took: 0,0000470 seconds
2017-09-03T20:02:14.142+0200: 4,151: Total time for which application threads were stopped: 0,0045420 seconds, Stopping threads took: 0,0044281 seconds
2017-09-03T20:02:14.144+0200: 4,154: Total time for which application threads were stopped: 0,0018612 seconds, Stopping threads took: 0,0017542 seconds
2017-09-03T20:02:14.146+0200: 4,156: Total time for which application threads were stopped: 0,0001813 seconds, Stopping threads took: 0,0000744 seconds
2017-09-03T20:02:14.146+0200: 4,156: Total time for which application threads were stopped: 0,0001623 seconds, Stopping threads took: 0,0000675 seconds
2017-09-03T20:02:14.147+0200: 4,156: Total time for which application threads were stopped: 0,0000947 seconds, Stopping threads took: 0,0000319 seconds
2017-09-03T20:02:14.147+0200: 4,156: Total time for which application threads were stopped: 0,0000816 seconds, Stopping threads took: 0,0000227 seconds
2017-09-03T20:02:14.147+0200: 4,157: Total time for which application threads were stopped: 0,0001281 seconds, Stopping threads took: 0,0000175 seconds
2017-09-03T20:02:14.147+0200: 4,157: Total time for which application threads were stopped: 0,0001172 seconds, Stopping threads took: 0,0000245 seconds
2017-09-03T20:02:14.148+0200: 4,157: Total time for which application threads were stopped: 0,0000625 seconds, Stopping threads took: 0,0000138 seconds
2017-09-03T20:02:14.148+0200: 4,158: Total time for which application threads were stopped: 0,0000563 seconds, Stopping threads took: 0,0000115 seconds
2017-09-03T20:02:14.148+0200: 4,158: Total time for which application threads were stopped: 0,0000506 seconds, Stopping threads took: 0,0000134 seconds
2017-09-03T20:02:14.148+0200: 4,158: Total time for which application threads were stopped: 0,0000543 seconds, Stopping threads took: 0,0000182 seconds
2017-09-03T20:02:14.148+0200: 4,158: Total time for which application threads were stopped: 0,0000556 seconds, Stopping threads took: 0,0000127 seconds
2017-09-03T20:02:14.148+0200: 4,158: Total time for which application threads were stopped: 0,0000513 seconds, Stopping threads took: 0,0000108 seconds
2017-09-03T20:02:14.149+0200: 4,158: Total time for which application threads were stopped: 0,0000518 seconds, Stopping threads took: 0,0000115 seconds
2017-09-03T20:02:14.149+0200: 4,158: Total time for which application threads were stopped: 0,0000563 seconds, Stopping threads took: 0,0000105 seconds
2017-09-03T20:02:14.149+0200: 4,158: Total time for which application threads were stopped: 0,0000465 seconds, Stopping threads took: 0,0000092 seconds
2017-09-03T20:02:14.149+0200: 4,159: Total time for which application threads were stopped: 0,0001092 seconds, Stopping threads took: 0,0000259 seconds
2017-09-03T20:02:14.150+0200: 4,159: Total time for which application threads were stopped: 0,0000791 seconds, Stopping threads took: 0,0000148 seconds
2017-09-03T20:02:14.150+0200: 4,160: Total time for which application threads were stopped: 0,0000837 seconds, Stopping threads took: 0,0000272 seconds
2017-09-03T20:02:14.150+0200: 4,160: Total time for which application threads were stopped: 0,0000595 seconds, Stopping threads took: 0,0000086 seconds
2017-09-03T20:02:14.150+0200: 4,160: Total time for which application threads were stopped: 0,0000588 seconds, Stopping threads took: 0,0000078 seconds
2017-09-03T20:02:14.155+0200: 4,164: Total time for which application threads were stopped: 0,0006741 seconds, Stopping threads took: 0,0005993 seconds
2017-09-03T20:02:14.155+0200: 4,164: Total time for which application threads were stopped: 0,0000549 seconds, Stopping threads took: 0,0000202 seconds
2017-09-03T20:02:14.155+0200: 4,165: Total time for which application threads were stopped: 0,0001011 seconds, Stopping threads took: 0,0000461 seconds
2017-09-03T20:02:14.155+0200: 4,165: Total time for which application threads were stopped: 0,0000709 seconds, Stopping threads took: 0,0000091 seconds
2017-09-03T20:02:14.155+0200: 4,165: Total time for which application threads were stopped: 0,0001403 seconds, Stopping threads took: 0,0000209 seconds
2017-09-03T20:02:14.158+0200: 4,167: Total time for which application threads were stopped: 0,0001314 seconds, Stopping threads took: 0,0000541 seconds
2017-09-03T20:02:14.164+0200: 4,174: Total time for which application threads were stopped: 0,0023920 seconds, Stopping threads took: 0,0022943 seconds
2017-09-03T20:02:14.167+0200: 4,177: Total time for which application threads were stopped: 0,0003152 seconds, Stopping threads took: 0,0002063 seconds
2017-09-03T20:02:14.226+0200: 4,235: Total time for which application threads were stopped: 0,0043122 seconds, Stopping threads took: 0,0042092 seconds
2017-09-03T20:02:14.244+0200: 4,254: Total time for which application threads were stopped: 0,0001329 seconds, Stopping threads took: 0,0000395 seconds
2017-09-03T20:02:14.245+0200: 4,255: Total time for which application threads were stopped: 0,0004708 seconds, Stopping threads took: 0,0000132 seconds
2017-09-03T20:02:14.245+0200: 4,255: Total time for which application threads were stopped: 0,0000899 seconds, Stopping threads took: 0,0000291 seconds
2017-09-03T20:02:15.246+0200: 5,255: Total time for which application threads were stopped: 0,0000837 seconds, Stopping threads took: 0,0000168 seconds
2017-09-03T20:02:26.247+0200: 16,257: Total time for which application threads were stopped: 0,0000659 seconds, Stopping threads took: 0,0000156 seconds
2017-09-03T20:02:51.250+0200: 41,260: Total time for which application threads were stopped: 0,0000799 seconds, Stopping threads took: 0,0000297 seconds
2017-09-03T20:03:11.253+0200: 61,263: Total time for which application threads were stopped: 0,0000688 seconds, Stopping threads took: 0,0000158 seconds
2017-09-03T20:03:16.254+0200: 66,264: Total time for which application threads were stopped: 0,0001352 seconds, Stopping threads took: 0,0000340 seconds
2017-09-03T20:03:36.257+0200: 86,266: Total time for which application threads were stopped: 0,0000761 seconds, Stopping threads took: 0,0000140 seconds
2017-09-03T20:04:12.264+0200: 122,273: Total time for which application threads were stopped: 0,0001326 seconds, Stopping threads took: 0,0000536 seconds
{Heap before GC invocations=9 (full 1):
 par new generation   total 109248K, used 94232K [0x00000000e0000000, 0x00000000e8000000, 0x00000000e8000000)
  eden space 87424K, 100% used [0x00000000e0000000, 0x00000000e5560000, 0x00000000e5560000)
  from space 21824K,  31% used [0x00000000e6ab0000, 0x00000000e7156008, 0x00000000e8000000)
  to   space 21824K,   0% used [0x00000000e5560000, 0x00000000e5560000, 0x00000000e6ab0000)
 concurrent mark-sweep generation total 393216K, used 6038K [0x00000000e8000000, 0x0000000100000000, 0x0000000100000000)
 Metaspace       used 28005K, capacity 28540K, committed 28796K, reserved 1075200K
  class space    used 3209K, capacity 3384K, committed 3452K, reserved 1048576K
2017-09-03T20:05:06.053+0200: 176,063: [GC (Allocation Failure) 2017-09-03T20:05:06.053+0200: 176,063: [ParNew
Desired survivor size 20112992 bytes, new threshold 8 (max 8)
- age   1:   10956200 bytes,   10956200 total
- age   2:     212048 bytes,   11168248 total
- age   3:     223440 bytes,   11391688 total
- age   4:    1736168 bytes,   13127856 total
- age   5:      87448 bytes,   13215304 total
- age   6:       5936 bytes,   13221240 total
- age   7:      85392 bytes,   13306632 total
- age   8:     187072 bytes,   13493704 total
: 94232K->14356K(109248K), 0,0222821 secs] 100270K->21270K(502464K), 0,0224029 secs] [Times: user=0,08 sys=0,00, real=0,03 secs] 
Heap after GC invocations=10 (full 1):
 par new generation   total 109248K, used 14356K [0x00000000e0000000, 0x00000000e8000000, 0x00000000e8000000)
  eden space 87424K,   0% used [0x00000000e0000000, 0x00000000e0000000, 0x00000000e5560000)
  from space 21824K,  65% used [0x00000000e5560000, 0x00000000e6365290, 0x00000000e6ab0000)
  to   space 21824K,   0% used [0x00000000e6ab0000, 0x00000000e6ab0000, 0x00000000e8000000)
 concurrent mark-sweep generation total 393216K, used 6913K [0x00000000e8000000, 0x0000000100000000, 0x0000000100000000)
 Metaspace       used 28005K, capacity 28540K, committed 28796K, reserved 1075200K
  class space    used 3209K, capacity 3384K, committed 3452K, reserved 1048576K
}
2017-09-03T20:05:06.076+0200: 176,085: Total time for which application threads were stopped: 0,0227920 seconds, Stopping threads took: 0,0001674 seconds
2017-09-03T20:05:06.076+0200: 176,085: Total time for which application threads were stopped: 0,0000557 seconds, Stopping threads took: 0,0000197 seconds
2017-09-03T20:05:06.076+0200: 176,086: Total time for which application threads were stopped: 0,0000376 seconds, Stopping threads took: 0,0000116 seconds
2017-09-03T20:25:36.192+0200: 1406,202: Total time for which application threads were stopped: 0,0000929 seconds, Stopping threads took: 0,0000273 seconds
2017-09-03T20:29:12.210+0200: 1622,220: Total time for which application threads were stopped: 0,0000778 seconds, Stopping threads took: 0,0000269 seconds
2017-09-03T20:29:16.211+0200: 1626,221: Total time for which application threads were stopped: 0,0001379 seconds, Stopping threads took: 0,0000256 seconds
2017-09-03T20:40:27.269+0200: 2297,279: Total time for which application threads were stopped: 0,0000794 seconds, Stopping threads took: 0,0000294 seconds
2017-09-03T20:40:31.270+0200: 2301,279: Total time for which application threads were stopped: 0,0000644 seconds, Stopping threads took: 0,0000144 seconds
2017-09-03T20:40:42.271+0200: 2312,280: Total time for which application threads were stopped: 0,0000639 seconds, Stopping threads took: 0,0000142 seconds
2017-09-03T20:55:27.353+0200: 3197,363: Total time for which application threads were stopped: 0,0000864 seconds, Stopping threads took: 0,0000310 seconds
2017-09-03T21:08:06.439+0200: 3956,448: Total time for which application threads were stopped: 0,0000874 seconds, Stopping threads took: 0,0000319 seconds
2017-09-03T21:08:41.443+0200: 3991,453: Total time for which application threads were stopped: 0,0000809 seconds, Stopping threads took: 0,0000305 seconds
2017-09-03T21:19:39.712+0200: 4649,721: Total time for which application threads were stopped: 0,0152112 seconds, Stopping threads took: 0,0151230 seconds
2017-09-03T21:19:39.713+0200: 4649,722: Total time for which application threads were stopped: 0,0010522 seconds, Stopping threads took: 0,0009717 seconds
2017-09-03T21:19:39.728+0200: 4649,738: Total time for which application threads were stopped: 0,0009593 seconds, Stopping threads took: 0,0008854 seconds
2017-09-03T21:19:39.736+0200: 4649,746: Total time for which application threads were stopped: 0,0000712 seconds, Stopping threads took: 0,0000138 seconds
2017-09-03T21:19:39.736+0200: 4649,746: Total time for which application threads were stopped: 0,0000417 seconds, Stopping threads took: 0,0000071 seconds
2017-09-03T21:19:39.755+0200: 4649,765: Total time for which application threads were stopped: 0,0103998 seconds, Stopping threads took: 0,0103046 seconds
2017-09-03T21:19:39.763+0200: 4649,773: Total time for which application threads were stopped: 0,0000982 seconds, Stopping threads took: 0,0000211 seconds
2017-09-03T21:19:39.765+0200: 4649,775: Total time for which application threads were stopped: 0,0000927 seconds, Stopping threads took: 0,0000181 seconds
2017-09-03T21:19:39.766+0200: 4649,776: Total time for which application threads were stopped: 0,0001001 seconds, Stopping threads took: 0,0000226 seconds
2017-09-03T21:19:39.769+0200: 4649,778: Total time for which application threads were stopped: 0,0000934 seconds, Stopping threads took: 0,0000197 seconds
2017-09-03T21:19:39.770+0200: 4649,779: Total time for which application threads were stopped: 0,0000923 seconds, Stopping threads took: 0,0000217 seconds
2017-09-03T21:19:39.776+0200: 4649,786: Total time for which application threads were stopped: 0,0000940 seconds, Stopping threads took: 0,0000205 seconds
2017-09-03T21:19:39.782+0200: 4649,792: Total time for which application threads were stopped: 0,0000973 seconds, Stopping threads took: 0,0000226 seconds
2017-09-03T21:19:39.788+0200: 4649,798: Total time for which application threads were stopped: 0,0025724 seconds, Stopping threads took: 0,0024611 seconds
2017-09-03T21:19:39.788+0200: 4649,798: Total time for which application threads were stopped: 0,0000714 seconds, Stopping threads took: 0,0000148 seconds
2017-09-03T21:19:39.790+0200: 4649,799: Total time for which application threads were stopped: 0,0009745 seconds, Stopping threads took: 0,0008896 seconds
2017-09-03T21:19:39.790+0200: 4649,800: Total time for which application threads were stopped: 0,0000812 seconds, Stopping threads took: 0,0000322 seconds
2017-09-03T21:19:39.791+0200: 4649,800: Total time for which application threads were stopped: 0,0000846 seconds, Stopping threads took: 0,0000226 seconds
2017-09-03T21:19:39.792+0200: 4649,801: Total time for which application threads were stopped: 0,0001077 seconds, Stopping threads took: 0,0000443 seconds
2017-09-03T21:19:39.792+0200: 4649,801: Total time for which application threads were stopped: 0,0000475 seconds, Stopping threads took: 0,0000140 seconds
2017-09-03T21:19:39.792+0200: 4649,801: Total time for which application threads were stopped: 0,0000724 seconds, Stopping threads took: 0,0000261 seconds
2017-09-03T21:19:39.794+0200: 4649,803: Total time for which application threads were stopped: 0,0000900 seconds, Stopping threads took: 0,0000147 seconds
2017-09-03T21:19:39.794+0200: 4649,804: Total time for which application threads were stopped: 0,0000398 seconds, Stopping threads took: 0,0000052 seconds
2017-09-03T21:19:39.794+0200: 4649,804: Total time for which application threads were stopped: 0,0000358 seconds, Stopping threads took: 0,0000048 seconds
2017-09-03T21:19:39.794+0200: 4649,804: Total time for which application threads were stopped: 0,0000389 seconds, Stopping threads took: 0,0000055 seconds
2017-09-03T21:19:39.794+0200: 4649,804: Total time for which application threads were stopped: 0,0001607 seconds, Stopping threads took: 0,0000059 seconds
2017-09-03T21:19:39.798+0200: 4649,808: Total time for which application threads were stopped: 0,0000898 seconds, Stopping threads took: 0,0000340 seconds
2017-09-03T21:19:39.800+0200: 4649,809: Total time for which application threads were stopped: 0,0001086 seconds, Stopping threads took: 0,0000213 seconds
2017-09-03T21:19:39.832+0200: 4649,841: Total time for which application threads were stopped: 0,0001240 seconds, Stopping threads took: 0,0000179 seconds
2017-09-03T21:19:39.833+0200: 4649,842: Total time for which application threads were stopped: 0,0001177 seconds, Stopping threads took: 0,0000268 seconds
Heap
 par new generation   total 109248K, used 31808K [0x00000000e0000000, 0x00000000e8000000, 0x00000000e8000000)
  eden space 87424K,  19% used [0x00000000e0000000, 0x00000000e110af90, 0x00000000e5560000)
  from space 21824K,  65% used [0x00000000e5560000, 0x00000000e6365290, 0x00000000e6ab0000)
  to   space 21824K,   0% used [0x00000000e6ab0000, 0x00000000e6ab0000, 0x00000000e8000000)
 concurrent mark-sweep generation total 393216K, used 6913K [0x00000000e8000000, 0x0000000100000000, 0x0000000100000000)
 Metaspace       used 28126K, capacity 28644K, committed 28796K, reserved 1075200K
  class space    used 3223K, capacity 3418K, committed 3452K, reserved 1048576K
