OpenJDK 64-Bit Server VM (25.111-b14) for linux-amd64 JRE (1.8.0_111-8u111-b14-2ubuntu0.16.04.2-b14), built on Oct 27 2016 18:10:19 by "buildd" with gcc 5.4.0 20160609
Memory: 4k page, physical 7867800k(7513920k free), swap 8076284k(8076284k free)
CommandLine flags: -XX:CMSInitiatingOccupancyFraction=50 -XX:CMSMaxAbortablePrecleanTime=6000 -XX:+CMSParallelRemarkEnabled -XX:+CMSScavengeBeforeRemark -XX:ConcGCThreads=4 -XX:InitialHeapSize=536870912 -XX:MaxHeapSize=536870912 -XX:MaxTenuringThreshold=8 -XX:NewRatio=3 -XX:OldPLABSize=16 -XX:OnOutOfMemoryError=/opt/solr/bin/oom_solr.sh 8983 /var/solr/logs -XX:ParallelGCThreads=4 -XX:+ParallelRefProcEnabled -XX:PretenureSizeThreshold=67108864 -XX:+PrintGC -XX:+PrintGCApplicationStoppedTime -XX:+PrintGCDateStamps -XX:+PrintGCDetails -XX:+PrintGCTimeStamps -XX:+PrintHeapAtGC -XX:+PrintTenuringDistribution -XX:SurvivorRatio=4 -XX:TargetSurvivorRatio=90 -XX:ThreadStackSize=256 -XX:+UseCMSInitiatingOccupancyOnly -XX:+UseCompressedClassPointers -XX:+UseCompressedOops -XX:+UseConcMarkSweepGC -XX:+UseParNewGC 
2017-01-18T08:19:10.284+0100: 0,122: Total time for which application threads were stopped: 0,0000978 seconds, Stopping threads took: 0,0000164 seconds
2017-01-18T08:19:10.360+0100: 0,198: Total time for which application threads were stopped: 0,0001123 seconds, Stopping threads took: 0,0000188 seconds
2017-01-18T08:19:10.370+0100: 0,209: Total time for which application threads were stopped: 0,0000868 seconds, Stopping threads took: 0,0000152 seconds
2017-01-18T08:19:10.578+0100: 0,416: Total time for which application threads were stopped: 0,0001262 seconds, Stopping threads took: 0,0000186 seconds
2017-01-18T08:19:11.132+0100: 0,970: Total time for which application threads were stopped: 0,0001538 seconds, Stopping threads took: 0,0000227 seconds
2017-01-18T08:19:11.223+0100: 1,061: Total time for which application threads were stopped: 0,0001808 seconds, Stopping threads took: 0,0000222 seconds
2017-01-18T08:19:11.240+0100: 1,079: Total time for which application threads were stopped: 0,0001813 seconds, Stopping threads took: 0,0000265 seconds
2017-01-18T08:19:11.578+0100: 1,417: Total time for which application threads were stopped: 0,0002115 seconds, Stopping threads took: 0,0000180 seconds
2017-01-18T08:19:11.662+0100: 1,500: Total time for which application threads were stopped: 0,0007868 seconds, Stopping threads took: 0,0000683 seconds
2017-01-18T08:19:11.881+0100: 1,720: Total time for which application threads were stopped: 0,0002042 seconds, Stopping threads took: 0,0000196 seconds
2017-01-18T08:19:11.906+0100: 1,744: Total time for which application threads were stopped: 0,0001774 seconds, Stopping threads took: 0,0000174 seconds
2017-01-18T08:19:11.907+0100: 1,745: Total time for which application threads were stopped: 0,0001140 seconds, Stopping threads took: 0,0000083 seconds
2017-01-18T08:19:11.926+0100: 1,765: Total time for which application threads were stopped: 0,0001556 seconds, Stopping threads took: 0,0000156 seconds
2017-01-18T08:19:12.005+0100: 1,844: Total time for which application threads were stopped: 0,0001991 seconds, Stopping threads took: 0,0000213 seconds
2017-01-18T08:19:12.149+0100: 1,988: Total time for which application threads were stopped: 0,0002192 seconds, Stopping threads took: 0,0000299 seconds
{Heap before GC invocations=0 (full 0):
 par new generation   total 109248K, used 87424K [0x00000000e0000000, 0x00000000e8000000, 0x00000000e8000000)
  eden space 87424K, 100% used [0x00000000e0000000, 0x00000000e5560000, 0x00000000e5560000)
  from space 21824K,   0% used [0x00000000e5560000, 0x00000000e5560000, 0x00000000e6ab0000)
  to   space 21824K,   0% used [0x00000000e6ab0000, 0x00000000e6ab0000, 0x00000000e8000000)
 concurrent mark-sweep generation total 393216K, used 0K [0x00000000e8000000, 0x0000000100000000, 0x0000000100000000)
 Metaspace       used 18346K, capacity 18686K, committed 18944K, reserved 1067008K
  class space    used 2091K, capacity 2226K, committed 2304K, reserved 1048576K
2017-01-18T08:19:12.287+0100: 2,126: [GC (Allocation Failure) 2017-01-18T08:19:12.287+0100: 2,126: [ParNew
Desired survivor size 20112992 bytes, new threshold 8 (max 8)
- age   1:   12578888 bytes,   12578888 total
: 87424K->12407K(109248K), 0,0169964 secs] 87424K->12407K(502464K), 0,0170909 secs] [Times: user=0,06 sys=0,01, real=0,02 secs] 
Heap after GC invocations=1 (full 0):
 par new generation   total 109248K, used 12407K [0x00000000e0000000, 0x00000000e8000000, 0x00000000e8000000)
  eden space 87424K,   0% used [0x00000000e0000000, 0x00000000e0000000, 0x00000000e5560000)
  from space 21824K,  56% used [0x00000000e6ab0000, 0x00000000e76cdfb0, 0x00000000e8000000)
  to   space 21824K,   0% used [0x00000000e5560000, 0x00000000e5560000, 0x00000000e6ab0000)
 concurrent mark-sweep generation total 393216K, used 0K [0x00000000e8000000, 0x0000000100000000, 0x0000000100000000)
 Metaspace       used 18346K, capacity 18686K, committed 18944K, reserved 1067008K
  class space    used 2091K, capacity 2226K, committed 2304K, reserved 1048576K
}
2017-01-18T08:19:12.304+0100: 2,143: Total time for which application threads were stopped: 0,0172998 seconds, Stopping threads took: 0,0000286 seconds
2017-01-18T08:19:12.434+0100: 2,273: Total time for which application threads were stopped: 0,0002681 seconds, Stopping threads took: 0,0000219 seconds
2017-01-18T08:19:12.462+0100: 2,301: Total time for which application threads were stopped: 0,0002893 seconds, Stopping threads took: 0,0000227 seconds
2017-01-18T08:19:12.483+0100: 2,322: Total time for which application threads were stopped: 0,0002817 seconds, Stopping threads took: 0,0000246 seconds
{Heap before GC invocations=1 (full 0):
 par new generation   total 109248K, used 99831K [0x00000000e0000000, 0x00000000e8000000, 0x00000000e8000000)
  eden space 87424K, 100% used [0x00000000e0000000, 0x00000000e5560000, 0x00000000e5560000)
  from space 21824K,  56% used [0x00000000e6ab0000, 0x00000000e76cdfb0, 0x00000000e8000000)
  to   space 21824K,   0% used [0x00000000e5560000, 0x00000000e5560000, 0x00000000e6ab0000)
 concurrent mark-sweep generation total 393216K, used 0K [0x00000000e8000000, 0x0000000100000000, 0x0000000100000000)
 Metaspace       used 20722K, capacity 21020K, committed 21248K, reserved 1069056K
  class space    used 2404K, capacity 2518K, committed 2560K, reserved 1048576K
2017-01-18T08:19:12.650+0100: 2,488: [GC (Allocation Failure) 2017-01-18T08:19:12.650+0100: 2,488: [ParNew
Desired survivor size 20112992 bytes, new threshold 8 (max 8)
- age   1:    2643264 bytes,    2643264 total
- age   2:    6140216 bytes,    8783480 total
: 99831K->11406K(109248K), 0,0110016 secs] 99831K->11406K(502464K), 0,0110694 secs] [Times: user=0,03 sys=0,01, real=0,01 secs] 
Heap after GC invocations=2 (full 0):
 par new generation   total 109248K, used 11406K [0x00000000e0000000, 0x00000000e8000000, 0x00000000e8000000)
  eden space 87424K,   0% used [0x00000000e0000000, 0x00000000e0000000, 0x00000000e5560000)
  from space 21824K,  52% used [0x00000000e5560000, 0x00000000e6083920, 0x00000000e6ab0000)
  to   space 21824K,   0% used [0x00000000e6ab0000, 0x00000000e6ab0000, 0x00000000e8000000)
 concurrent mark-sweep generation total 393216K, used 0K [0x00000000e8000000, 0x0000000100000000, 0x0000000100000000)
 Metaspace       used 20722K, capacity 21020K, committed 21248K, reserved 1069056K
  class space    used 2404K, capacity 2518K, committed 2560K, reserved 1048576K
}
2017-01-18T08:19:12.661+0100: 2,500: Total time for which application threads were stopped: 0,0112501 seconds, Stopping threads took: 0,0000246 seconds
2017-01-18T08:19:12.721+0100: 2,560: Total time for which application threads were stopped: 0,0001657 seconds, Stopping threads took: 0,0000843 seconds
2017-01-18T08:19:12.758+0100: 2,596: Total time for which application threads were stopped: 0,0000820 seconds, Stopping threads took: 0,0000192 seconds
2017-01-18T08:19:12.758+0100: 2,597: Total time for which application threads were stopped: 0,0002562 seconds, Stopping threads took: 0,0000291 seconds
2017-01-18T08:19:12.782+0100: 2,620: Total time for which application threads were stopped: 0,0001800 seconds, Stopping threads took: 0,0001117 seconds
2017-01-18T08:19:12.867+0100: 2,705: Total time for which application threads were stopped: 0,0001094 seconds, Stopping threads took: 0,0000197 seconds
2017-01-18T08:19:12.888+0100: 2,727: Total time for which application threads were stopped: 0,0001017 seconds, Stopping threads took: 0,0000344 seconds
2017-01-18T08:19:12.896+0100: 2,734: Total time for which application threads were stopped: 0,0003027 seconds, Stopping threads took: 0,0000279 seconds
2017-01-18T08:19:12.905+0100: 2,744: Total time for which application threads were stopped: 0,0002940 seconds, Stopping threads took: 0,0000208 seconds
2017-01-18T08:19:12.913+0100: 2,751: Total time for which application threads were stopped: 0,0001053 seconds, Stopping threads took: 0,0000431 seconds
2017-01-18T08:19:12.941+0100: 2,780: Total time for which application threads were stopped: 0,0000964 seconds, Stopping threads took: 0,0000239 seconds
2017-01-18T08:19:12.957+0100: 2,796: Total time for which application threads were stopped: 0,0000913 seconds, Stopping threads took: 0,0000148 seconds
2017-01-18T08:19:12.976+0100: 2,815: Total time for which application threads were stopped: 0,0000734 seconds, Stopping threads took: 0,0000127 seconds
2017-01-18T08:19:12.995+0100: 2,834: Total time for which application threads were stopped: 0,0000718 seconds, Stopping threads took: 0,0000129 seconds
2017-01-18T08:19:13.027+0100: 2,866: Total time for which application threads were stopped: 0,0001263 seconds, Stopping threads took: 0,0000396 seconds
2017-01-18T08:19:13.082+0100: 2,921: Total time for which application threads were stopped: 0,0000938 seconds, Stopping threads took: 0,0000237 seconds
2017-01-18T08:19:13.104+0100: 2,942: Total time for which application threads were stopped: 0,0001033 seconds, Stopping threads took: 0,0000277 seconds
{Heap before GC invocations=2 (full 0):
 par new generation   total 109248K, used 98830K [0x00000000e0000000, 0x00000000e8000000, 0x00000000e8000000)
  eden space 87424K, 100% used [0x00000000e0000000, 0x00000000e5560000, 0x00000000e5560000)
  from space 21824K,  52% used [0x00000000e5560000, 0x00000000e6083920, 0x00000000e6ab0000)
  to   space 21824K,   0% used [0x00000000e6ab0000, 0x00000000e6ab0000, 0x00000000e8000000)
 concurrent mark-sweep generation total 393216K, used 0K [0x00000000e8000000, 0x0000000100000000, 0x0000000100000000)
 Metaspace       used 24864K, capacity 25221K, committed 25536K, reserved 1071104K
  class space    used 2896K, capacity 3025K, committed 3144K, reserved 1048576K
2017-01-18T08:19:13.124+0100: 2,963: [GC (Allocation Failure) 2017-01-18T08:19:13.124+0100: 2,963: [ParNew
Desired survivor size 20112992 bytes, new threshold 8 (max 8)
- age   1:    6692296 bytes,    6692296 total
- age   2:     510376 bytes,    7202672 total
- age   3:    6130488 bytes,   13333160 total
: 98830K->16631K(109248K), 0,0126748 secs] 98830K->16631K(502464K), 0,0127752 secs] [Times: user=0,04 sys=0,00, real=0,01 secs] 
Heap after GC invocations=3 (full 0):
 par new generation   total 109248K, used 16631K [0x00000000e0000000, 0x00000000e8000000, 0x00000000e8000000)
  eden space 87424K,   0% used [0x00000000e0000000, 0x00000000e0000000, 0x00000000e5560000)
  from space 21824K,  76% used [0x00000000e6ab0000, 0x00000000e7aedf18, 0x00000000e8000000)
  to   space 21824K,   0% used [0x00000000e5560000, 0x00000000e5560000, 0x00000000e6ab0000)
 concurrent mark-sweep generation total 393216K, used 0K [0x00000000e8000000, 0x0000000100000000, 0x0000000100000000)
 Metaspace       used 24864K, capacity 25221K, committed 25536K, reserved 1071104K
  class space    used 2896K, capacity 3025K, committed 3144K, reserved 1048576K
}
2017-01-18T08:19:13.137+0100: 2,976: Total time for which application threads were stopped: 0,0129576 seconds, Stopping threads took: 0,0000408 seconds
2017-01-18T08:19:13.137+0100: 2,976: [GC (CMS Initial Mark) [1 CMS-initial-mark: 0K(393216K)] 16631K(502464K), 0,0034818 secs] [Times: user=0,01 sys=0,00, real=0,00 secs] 
2017-01-18T08:19:13.141+0100: 2,979: Total time for which application threads were stopped: 0,0037382 seconds, Stopping threads took: 0,0001622 seconds
2017-01-18T08:19:13.141+0100: 2,979: [CMS-concurrent-mark-start]
2017-01-18T08:19:13.141+0100: 2,980: [CMS-concurrent-mark: 0,000/0,000 secs] [Times: user=0,01 sys=0,00, real=0,00 secs] 
2017-01-18T08:19:13.141+0100: 2,980: [CMS-concurrent-preclean-start]
2017-01-18T08:19:13.142+0100: 2,981: [CMS-concurrent-preclean: 0,001/0,001 secs] [Times: user=0,00 sys=0,00, real=0,00 secs] 
2017-01-18T08:19:13.143+0100: 2,981: [GC (CMS Final Remark) [YG occupancy: 18027 K (109248 K)]{Heap before GC invocations=3 (full 1):
 par new generation   total 109248K, used 18027K [0x00000000e0000000, 0x00000000e8000000, 0x00000000e8000000)
  eden space 87424K,   1% used [0x00000000e0000000, 0x00000000e015cd88, 0x00000000e5560000)
  from space 21824K,  76% used [0x00000000e6ab0000, 0x00000000e7aedf18, 0x00000000e8000000)
  to   space 21824K,   0% used [0x00000000e5560000, 0x00000000e5560000, 0x00000000e6ab0000)
 concurrent mark-sweep generation total 393216K, used 0K [0x00000000e8000000, 0x0000000100000000, 0x0000000100000000)
 Metaspace       used 24864K, capacity 25221K, committed 25536K, reserved 1071104K
  class space    used 2896K, capacity 3025K, committed 3144K, reserved 1048576K
2017-01-18T08:19:13.143+0100: 2,981: [GC (CMS Final Remark) 2017-01-18T08:19:13.143+0100: 2,981: [ParNew
Desired survivor size 20112992 bytes, new threshold 8 (max 8)
- age   1:        160 bytes,        160 total
- age   2:    6692216 bytes,    6692376 total
- age   3:     510376 bytes,    7202752 total
- age   4:    6130216 bytes,   13332968 total
: 18027K->19328K(109248K), 0,0127593 secs] 18027K->19328K(502464K), 0,0128008 secs] [Times: user=0,04 sys=0,00, real=0,01 secs] 
Heap after GC invocations=4 (full 1):
 par new generation   total 109248K, used 19328K [0x00000000e0000000, 0x00000000e8000000, 0x00000000e8000000)
  eden space 87424K,   0% used [0x00000000e0000000, 0x00000000e0000000, 0x00000000e5560000)
  from space 21824K,  88% used [0x00000000e5560000, 0x00000000e6840098, 0x00000000e6ab0000)
  to   space 21824K,   0% used [0x00000000e6ab0000, 0x00000000e6ab0000, 0x00000000e8000000)
 concurrent mark-sweep generation total 393216K, used 0K [0x00000000e8000000, 0x0000000100000000, 0x0000000100000000)
 Metaspace       used 24864K, capacity 25221K, committed 25536K, reserved 1071104K
  class space    used 2896K, capacity 3025K, committed 3144K, reserved 1048576K
}
2017-01-18T08:19:13.155+0100: 2,994: [Rescan (parallel) , 0,0034727 secs]2017-01-18T08:19:13.159+0100: 2,997: [weak refs processing, 0,0008042 secs]2017-01-18T08:19:13.160+0100: 2,998: [class unloading, 0,0031303 secs]2017-01-18T08:19:13.163+0100: 3,001: [scrub symbol table, 0,0032748 secs]2017-01-18T08:19:13.166+0100: 3,005: [scrub string table, 0,0003848 secs][1 CMS-remark: 0K(393216K)] 19328K(502464K), 0,0245557 secs] [Times: user=0,06 sys=0,00, real=0,02 secs] 
2017-01-18T08:19:13.167+0100: 3,006: Total time for which application threads were stopped: 0,0246565 seconds, Stopping threads took: 0,0000367 seconds
2017-01-18T08:19:13.167+0100: 3,006: [CMS-concurrent-sweep-start]
2017-01-18T08:19:13.167+0100: 3,006: [CMS-concurrent-sweep: 0,000/0,000 secs] [Times: user=0,00 sys=0,00, real=0,00 secs] 
2017-01-18T08:19:13.167+0100: 3,006: [CMS-concurrent-reset-start]
2017-01-18T08:19:13.169+0100: 3,007: [CMS-concurrent-reset: 0,001/0,001 secs] [Times: user=0,01 sys=0,00, real=0,00 secs] 
2017-01-18T08:19:13.227+0100: 3,066: Total time for which application threads were stopped: 0,0003353 seconds, Stopping threads took: 0,0000200 seconds
2017-01-18T08:19:14.212+0100: 4,050: Total time for which application threads were stopped: 0,0003419 seconds, Stopping threads took: 0,0000165 seconds
2017-01-18T08:19:41.698+0100: 32,053: Total time for which application threads were stopped: 0,0000732 seconds, Stopping threads took: 0,0000307 seconds
2017-01-18T08:21:56.714+0100: 167,069: Total time for which application threads were stopped: 0,0000821 seconds, Stopping threads took: 0,0000342 seconds
2017-01-18T08:22:10.716+0100: 181,071: Total time for which application threads were stopped: 0,0000627 seconds, Stopping threads took: 0,0000184 seconds
2017-01-18T08:22:51.721+0100: 222,075: Total time for which application threads were stopped: 0,0001017 seconds, Stopping threads took: 0,0000435 seconds
2017-01-18T08:23:30.726+0100: 261,081: Total time for which application threads were stopped: 0,0001599 seconds, Stopping threads took: 0,0000727 seconds
2017-01-18T08:23:35.727+0100: 266,082: Total time for which application threads were stopped: 0,0000751 seconds, Stopping threads took: 0,0000209 seconds
2017-01-18T08:23:40.728+0100: 271,083: Total time for which application threads were stopped: 0,0000633 seconds, Stopping threads took: 0,0000157 seconds
2017-01-18T08:23:56.730+0100: 287,085: Total time for which application threads were stopped: 0,0000732 seconds, Stopping threads took: 0,0000292 seconds
2017-01-18T08:24:31.735+0100: 322,090: Total time for which application threads were stopped: 0,0000857 seconds, Stopping threads took: 0,0000309 seconds
2017-01-18T08:42:50.857+0100: 1421,212: Total time for which application threads were stopped: 0,0003029 seconds, Stopping threads took: 0,0001419 seconds
2017-01-18T08:46:36.881+0100: 1647,236: Total time for which application threads were stopped: 0,0000733 seconds, Stopping threads took: 0,0000301 seconds
2017-01-18T08:47:30.887+0100: 1701,242: Total time for which application threads were stopped: 0,0000747 seconds, Stopping threads took: 0,0000293 seconds
2017-01-18T08:57:50.954+0100: 2321,309: Total time for which application threads were stopped: 0,0000789 seconds, Stopping threads took: 0,0000305 seconds
2017-01-18T08:57:51.954+0100: 2322,309: Total time for which application threads were stopped: 0,0000624 seconds, Stopping threads took: 0,0000138 seconds
2017-01-18T09:12:27.044+0100: 3197,399: Total time for which application threads were stopped: 0,0003916 seconds, Stopping threads took: 0,0001640 seconds
2017-01-18T09:23:31.115+0100: 3861,469: Total time for which application threads were stopped: 0,0000855 seconds, Stopping threads took: 0,0000341 seconds
2017-01-18T09:26:11.132+0100: 4021,487: Total time for which application threads were stopped: 0,0000719 seconds, Stopping threads took: 0,0000300 seconds
2017-01-18T10:07:12.388+0100: 6482,743: Total time for which application threads were stopped: 0,0003385 seconds, Stopping threads took: 0,0001731 seconds
2017-01-18T10:07:22.389+0100: 6492,744: Total time for which application threads were stopped: 0,0000993 seconds, Stopping threads took: 0,0000254 seconds
2017-01-18T10:12:37.422+0100: 6807,777: Total time for which application threads were stopped: 0,0001809 seconds, Stopping threads took: 0,0000422 seconds
2017-01-18T10:24:11.496+0100: 7501,851: Total time for which application threads were stopped: 0,0003219 seconds, Stopping threads took: 0,0001353 seconds
2017-01-18T10:24:41.499+0100: 7531,854: Total time for which application threads were stopped: 0,0000694 seconds, Stopping threads took: 0,0000270 seconds
2017-01-18T10:27:11.515+0100: 7681,870: Total time for which application threads were stopped: 0,0000733 seconds, Stopping threads took: 0,0000312 seconds
2017-01-18T10:27:41.518+0100: 7711,873: Total time for which application threads were stopped: 0,0000976 seconds, Stopping threads took: 0,0000483 seconds
2017-01-18T11:28:41.948+0100: 11372,303: Total time for which application threads were stopped: 0,0000970 seconds, Stopping threads took: 0,0000309 seconds
2017-01-18T11:31:11.965+0100: 11522,320: Total time for which application threads were stopped: 0,0005872 seconds, Stopping threads took: 0,0002396 seconds
2017-01-18T11:31:41.968+0100: 11552,323: Total time for which application threads were stopped: 0,0002435 seconds, Stopping threads took: 0,0001561 seconds
2017-01-18T11:32:29.160+0100: 11599,514: Total time for which application threads were stopped: 0,0001781 seconds, Stopping threads took: 0,0000366 seconds
Heap
 par new generation   total 109248K, used 65138K [0x00000000e0000000, 0x00000000e8000000, 0x00000000e8000000)
  eden space 87424K,  52% used [0x00000000e0000000, 0x00000000e2cbc848, 0x00000000e5560000)
  from space 21824K,  88% used [0x00000000e5560000, 0x00000000e6840098, 0x00000000e6ab0000)
  to   space 21824K,   0% used [0x00000000e6ab0000, 0x00000000e6ab0000, 0x00000000e8000000)
 concurrent mark-sweep generation total 393216K, used 0K [0x00000000e8000000, 0x0000000100000000, 0x0000000100000000)
 Metaspace       used 27286K, capacity 27729K, committed 27976K, reserved 1073152K
  class space    used 3168K, capacity 3321K, committed 3400K, reserved 1048576K
