OpenJDK 64-Bit Server VM (25.121-b13) for linux-amd64 JRE (1.8.0_121-8u121-b13-0ubuntu1.16.04.2-b13), built on Jan 23 2017 15:51:29 by "buildd" with gcc 5.4.0 20160609
Memory: 4k page, physical 7867760k(7509024k free), swap 8076284k(8076284k free)
CommandLine flags: -XX:CMSInitiatingOccupancyFraction=50 -XX:CMSMaxAbortablePrecleanTime=6000 -XX:+CMSParallelRemarkEnabled -XX:+CMSScavengeBeforeRemark -XX:ConcGCThreads=4 -XX:InitialHeapSize=536870912 -XX:MaxHeapSize=536870912 -XX:MaxTenuringThreshold=8 -XX:NewRatio=3 -XX:OldPLABSize=16 -XX:OnOutOfMemoryError=/opt/solr/bin/oom_solr.sh 8983 /var/solr/logs -XX:ParallelGCThreads=4 -XX:+ParallelRefProcEnabled -XX:PretenureSizeThreshold=67108864 -XX:+PrintGC -XX:+PrintGCApplicationStoppedTime -XX:+PrintGCDateStamps -XX:+PrintGCDetails -XX:+PrintGCTimeStamps -XX:+PrintHeapAtGC -XX:+PrintTenuringDistribution -XX:SurvivorRatio=4 -XX:TargetSurvivorRatio=90 -XX:ThreadStackSize=256 -XX:+UseCMSInitiatingOccupancyOnly -XX:+UseCompressedClassPointers -XX:+UseCompressedOops -XX:+UseConcMarkSweepGC -XX:+UseParNewGC 
2017-03-05T14:35:41.644+0100: 0,140: Total time for which application threads were stopped: 0,0000692 seconds, Stopping threads took: 0,0000095 seconds
2017-03-05T14:35:41.735+0100: 0,231: Total time for which application threads were stopped: 0,0001337 seconds, Stopping threads took: 0,0000178 seconds
2017-03-05T14:35:41.760+0100: 0,256: Total time for which application threads were stopped: 0,0001254 seconds, Stopping threads took: 0,0000300 seconds
2017-03-05T14:35:42.123+0100: 0,618: Total time for which application threads were stopped: 0,0001804 seconds, Stopping threads took: 0,0000294 seconds
2017-03-05T14:35:42.557+0100: 1,053: Total time for which application threads were stopped: 0,0001817 seconds, Stopping threads took: 0,0000147 seconds
2017-03-05T14:35:42.625+0100: 1,121: Total time for which application threads were stopped: 0,0001495 seconds, Stopping threads took: 0,0000207 seconds
2017-03-05T14:35:42.650+0100: 1,146: Total time for which application threads were stopped: 0,0001530 seconds, Stopping threads took: 0,0000177 seconds
2017-03-05T14:35:42.885+0100: 1,381: Total time for which application threads were stopped: 0,0002027 seconds, Stopping threads took: 0,0000212 seconds
2017-03-05T14:35:43.077+0100: 1,573: Total time for which application threads were stopped: 0,0002356 seconds, Stopping threads took: 0,0000164 seconds
2017-03-05T14:35:43.104+0100: 1,600: Total time for which application threads were stopped: 0,0001726 seconds, Stopping threads took: 0,0000143 seconds
2017-03-05T14:35:43.135+0100: 1,631: Total time for which application threads were stopped: 0,0002304 seconds, Stopping threads took: 0,0000228 seconds
2017-03-05T14:35:43.137+0100: 1,633: Total time for which application threads were stopped: 0,0002074 seconds, Stopping threads took: 0,0000206 seconds
2017-03-05T14:35:43.161+0100: 1,657: Total time for which application threads were stopped: 0,0001712 seconds, Stopping threads took: 0,0000152 seconds
2017-03-05T14:35:43.264+0100: 1,759: Total time for which application threads were stopped: 0,0002808 seconds, Stopping threads took: 0,0000303 seconds
2017-03-05T14:35:43.448+0100: 1,944: Total time for which application threads were stopped: 0,0002554 seconds, Stopping threads took: 0,0000184 seconds
{Heap before GC invocations=0 (full 0):
 par new generation   total 109248K, used 87424K [0x00000000e0000000, 0x00000000e8000000, 0x00000000e8000000)
  eden space 87424K, 100% used [0x00000000e0000000, 0x00000000e5560000, 0x00000000e5560000)
  from space 21824K,   0% used [0x00000000e5560000, 0x00000000e5560000, 0x00000000e6ab0000)
  to   space 21824K,   0% used [0x00000000e6ab0000, 0x00000000e6ab0000, 0x00000000e8000000)
 concurrent mark-sweep generation total 393216K, used 0K [0x00000000e8000000, 0x0000000100000000, 0x0000000100000000)
 Metaspace       used 18059K, capacity 18336K, committed 18688K, reserved 1064960K
  class space    used 2044K, capacity 2196K, committed 2304K, reserved 1048576K
2017-03-05T14:35:43.550+0100: 2,045: [GC (Allocation Failure) 2017-03-05T14:35:43.550+0100: 2,046: [ParNew
Desired survivor size 20112992 bytes, new threshold 8 (max 8)
- age   1:   12630632 bytes,   12630632 total
: 87424K->12450K(109248K), 0,0151322 secs] 87424K->12450K(502464K), 0,0152210 secs] [Times: user=0,05 sys=0,00, real=0,01 secs] 
Heap after GC invocations=1 (full 0):
 par new generation   total 109248K, used 12450K [0x00000000e0000000, 0x00000000e8000000, 0x00000000e8000000)
  eden space 87424K,   0% used [0x00000000e0000000, 0x00000000e0000000, 0x00000000e5560000)
  from space 21824K,  57% used [0x00000000e6ab0000, 0x00000000e76d8968, 0x00000000e8000000)
  to   space 21824K,   0% used [0x00000000e5560000, 0x00000000e5560000, 0x00000000e6ab0000)
 concurrent mark-sweep generation total 393216K, used 0K [0x00000000e8000000, 0x0000000100000000, 0x0000000100000000)
 Metaspace       used 18059K, capacity 18336K, committed 18688K, reserved 1064960K
  class space    used 2044K, capacity 2196K, committed 2304K, reserved 1048576K
}
2017-03-05T14:35:43.565+0100: 2,061: Total time for which application threads were stopped: 0,0155145 seconds, Stopping threads took: 0,0000748 seconds
2017-03-05T14:35:43.837+0100: 2,333: Total time for which application threads were stopped: 0,0003316 seconds, Stopping threads took: 0,0000750 seconds
{Heap before GC invocations=1 (full 0):
 par new generation   total 109248K, used 99874K [0x00000000e0000000, 0x00000000e8000000, 0x00000000e8000000)
  eden space 87424K, 100% used [0x00000000e0000000, 0x00000000e5560000, 0x00000000e5560000)
  from space 21824K,  57% used [0x00000000e6ab0000, 0x00000000e76d8968, 0x00000000e8000000)
  to   space 21824K,   0% used [0x00000000e5560000, 0x00000000e5560000, 0x00000000e6ab0000)
 concurrent mark-sweep generation total 393216K, used 0K [0x00000000e8000000, 0x0000000100000000, 0x0000000100000000)
 Metaspace       used 20029K, capacity 20348K, committed 20736K, reserved 1067008K
  class space    used 2293K, capacity 2464K, committed 2560K, reserved 1048576K
2017-03-05T14:35:43.881+0100: 2,377: [GC (Allocation Failure) 2017-03-05T14:35:43.881+0100: 2,377: [ParNew
Desired survivor size 20112992 bytes, new threshold 8 (max 8)
- age   1:    3485520 bytes,    3485520 total
- age   2:    6669760 bytes,   10155280 total
: 99874K->13797K(109248K), 0,0110715 secs] 99874K->13797K(502464K), 0,0111376 secs] [Times: user=0,04 sys=0,00, real=0,01 secs] 
Heap after GC invocations=2 (full 0):
 par new generation   total 109248K, used 13797K [0x00000000e0000000, 0x00000000e8000000, 0x00000000e8000000)
  eden space 87424K,   0% used [0x00000000e0000000, 0x00000000e0000000, 0x00000000e5560000)
  from space 21824K,  63% used [0x00000000e5560000, 0x00000000e62d9470, 0x00000000e6ab0000)
  to   space 21824K,   0% used [0x00000000e6ab0000, 0x00000000e6ab0000, 0x00000000e8000000)
 concurrent mark-sweep generation total 393216K, used 0K [0x00000000e8000000, 0x0000000100000000, 0x0000000100000000)
 Metaspace       used 20029K, capacity 20348K, committed 20736K, reserved 1067008K
  class space    used 2293K, capacity 2464K, committed 2560K, reserved 1048576K
}
2017-03-05T14:35:43.893+0100: 2,388: Total time for which application threads were stopped: 0,0115669 seconds, Stopping threads took: 0,0002772 seconds
2017-03-05T14:35:43.898+0100: 2,394: Total time for which application threads were stopped: 0,0014887 seconds, Stopping threads took: 0,0012088 seconds
2017-03-05T14:35:43.942+0100: 2,438: Total time for which application threads were stopped: 0,0015919 seconds, Stopping threads took: 0,0012973 seconds
2017-03-05T14:35:44.095+0100: 2,591: Total time for which application threads were stopped: 0,0001611 seconds, Stopping threads took: 0,0000266 seconds
{Heap before GC invocations=2 (full 0):
 par new generation   total 109248K, used 101221K [0x00000000e0000000, 0x00000000e8000000, 0x00000000e8000000)
  eden space 87424K, 100% used [0x00000000e0000000, 0x00000000e5560000, 0x00000000e5560000)
  from space 21824K,  63% used [0x00000000e5560000, 0x00000000e62d9470, 0x00000000e6ab0000)
  to   space 21824K,   0% used [0x00000000e6ab0000, 0x00000000e6ab0000, 0x00000000e8000000)
 concurrent mark-sweep generation total 393216K, used 0K [0x00000000e8000000, 0x0000000100000000, 0x0000000100000000)
 Metaspace       used 20958K, capacity 21270K, committed 21628K, reserved 1069056K
  class space    used 2416K, capacity 2583K, committed 2684K, reserved 1048576K
2017-03-05T14:35:44.125+0100: 2,621: [GC (Allocation Failure) 2017-03-05T14:35:44.125+0100: 2,621: [ParNew
Desired survivor size 20112992 bytes, new threshold 8 (max 8)
- age   1:    2076512 bytes,    2076512 total
- age   2:     845840 bytes,    2922352 total
- age   3:    6665968 bytes,    9588320 total
: 101221K->11379K(109248K), 0,0117304 secs] 101221K->11379K(502464K), 0,0118161 secs] [Times: user=0,05 sys=0,00, real=0,01 secs] 
Heap after GC invocations=3 (full 0):
 par new generation   total 109248K, used 11379K [0x00000000e0000000, 0x00000000e8000000, 0x00000000e8000000)
  eden space 87424K,   0% used [0x00000000e0000000, 0x00000000e0000000, 0x00000000e5560000)
  from space 21824K,  52% used [0x00000000e6ab0000, 0x00000000e75ccf80, 0x00000000e8000000)
  to   space 21824K,   0% used [0x00000000e5560000, 0x00000000e5560000, 0x00000000e6ab0000)
 concurrent mark-sweep generation total 393216K, used 0K [0x00000000e8000000, 0x0000000100000000, 0x0000000100000000)
 Metaspace       used 20958K, capacity 21270K, committed 21628K, reserved 1069056K
  class space    used 2416K, capacity 2583K, committed 2684K, reserved 1048576K
}
2017-03-05T14:35:44.137+0100: 2,633: Total time for which application threads were stopped: 0,0120315 seconds, Stopping threads took: 0,0000683 seconds
2017-03-05T14:35:44.137+0100: 2,633: [GC (CMS Initial Mark) [1 CMS-initial-mark: 0K(393216K)] 11411K(502464K), 0,0034981 secs] [Times: user=0,01 sys=0,00, real=0,01 secs] 
2017-03-05T14:35:44.141+0100: 2,637: Total time for which application threads were stopped: 0,0036249 seconds, Stopping threads took: 0,0000328 seconds
2017-03-05T14:35:44.141+0100: 2,637: [CMS-concurrent-mark-start]
2017-03-05T14:35:44.141+0100: 2,637: [CMS-concurrent-mark: 0,000/0,000 secs] [Times: user=0,00 sys=0,00, real=0,00 secs] 
2017-03-05T14:35:44.141+0100: 2,637: [CMS-concurrent-preclean-start]
2017-03-05T14:35:44.142+0100: 2,638: [CMS-concurrent-preclean: 0,001/0,001 secs] [Times: user=0,01 sys=0,00, real=0,00 secs] 
2017-03-05T14:35:44.143+0100: 2,638: [GC (CMS Final Remark) [YG occupancy: 12802 K (109248 K)]{Heap before GC invocations=3 (full 1):
 par new generation   total 109248K, used 12802K [0x00000000e0000000, 0x00000000e8000000, 0x00000000e8000000)
  eden space 87424K,   1% used [0x00000000e0000000, 0x00000000e0163ac0, 0x00000000e5560000)
  from space 21824K,  52% used [0x00000000e6ab0000, 0x00000000e75ccf80, 0x00000000e8000000)
  to   space 21824K,   0% used [0x00000000e5560000, 0x00000000e5560000, 0x00000000e6ab0000)
 concurrent mark-sweep generation total 393216K, used 0K [0x00000000e8000000, 0x0000000100000000, 0x0000000100000000)
 Metaspace       used 20958K, capacity 21270K, committed 21628K, reserved 1069056K
  class space    used 2416K, capacity 2583K, committed 2684K, reserved 1048576K
2017-03-05T14:35:44.143+0100: 2,638: [GC (CMS Final Remark) 2017-03-05T14:35:44.143+0100: 2,638: [ParNew
Desired survivor size 20112992 bytes, new threshold 8 (max 8)
- age   1:      62168 bytes,      62168 total
- age   2:    1939336 bytes,    2001504 total
- age   3:     843840 bytes,    2845344 total
- age   4:    6665808 bytes,    9511152 total
: 12802K->12667K(109248K), 0,0178741 secs] 12802K->12667K(502464K), 0,0179122 secs] [Times: user=0,07 sys=0,00, real=0,02 secs] 
Heap after GC invocations=4 (full 1):
 par new generation   total 109248K, used 12667K [0x00000000e0000000, 0x00000000e8000000, 0x00000000e8000000)
  eden space 87424K,   0% used [0x00000000e0000000, 0x00000000e0000000, 0x00000000e5560000)
  from space 21824K,  58% used [0x00000000e5560000, 0x00000000e61bee60, 0x00000000e6ab0000)
  to   space 21824K,   0% used [0x00000000e6ab0000, 0x00000000e6ab0000, 0x00000000e8000000)
 concurrent mark-sweep generation total 393216K, used 0K [0x00000000e8000000, 0x0000000100000000, 0x0000000100000000)
 Metaspace       used 20958K, capacity 21270K, committed 21628K, reserved 1069056K
  class space    used 2416K, capacity 2583K, committed 2684K, reserved 1048576K
}
2017-03-05T14:35:44.161+0100: 2,656: [Rescan (parallel) , 0,0048228 secs]2017-03-05T14:35:44.165+0100: 2,661: [weak refs processing, 0,0017638 secs]2017-03-05T14:35:44.167+0100: 2,663: [class unloading, 0,0034079 secs]2017-03-05T14:35:44.171+0100: 2,666: [scrub symbol table, 0,0054266 secs]2017-03-05T14:35:44.176+0100: 2,672: [scrub string table, 0,0004614 secs][1 CMS-remark: 0K(393216K)] 12667K(502464K), 0,0344745 secs] [Times: user=0,11 sys=0,00, real=0,03 secs] 
2017-03-05T14:35:44.177+0100: 2,673: Total time for which application threads were stopped: 0,0346405 seconds, Stopping threads took: 0,0000744 seconds
2017-03-05T14:35:44.177+0100: 2,673: [CMS-concurrent-sweep-start]
2017-03-05T14:35:44.177+0100: 2,673: [CMS-concurrent-sweep: 0,000/0,000 secs] [Times: user=0,00 sys=0,00, real=0,00 secs] 
2017-03-05T14:35:44.177+0100: 2,673: [CMS-concurrent-reset-start]
2017-03-05T14:35:44.179+0100: 2,675: [CMS-concurrent-reset: 0,002/0,002 secs] [Times: user=0,00 sys=0,00, real=0,01 secs] 
{Heap before GC invocations=4 (full 1):
 par new generation   total 109248K, used 100091K [0x00000000e0000000, 0x00000000e8000000, 0x00000000e8000000)
  eden space 87424K, 100% used [0x00000000e0000000, 0x00000000e5560000, 0x00000000e5560000)
  from space 21824K,  58% used [0x00000000e5560000, 0x00000000e61bee60, 0x00000000e6ab0000)
  to   space 21824K,   0% used [0x00000000e6ab0000, 0x00000000e6ab0000, 0x00000000e8000000)
 concurrent mark-sweep generation total 393216K, used 0K [0x00000000e8000000, 0x0000000100000000, 0x0000000100000000)
 Metaspace       used 21201K, capacity 21558K, committed 21884K, reserved 1069056K
  class space    used 2447K, capacity 2600K, committed 2684K, reserved 1048576K
2017-03-05T14:35:44.274+0100: 2,770: [GC (Allocation Failure) 2017-03-05T14:35:44.274+0100: 2,770: [ParNew
Desired survivor size 20112992 bytes, new threshold 8 (max 8)
- age   1:     595768 bytes,     595768 total
- age   2:       3392 bytes,     599160 total
- age   3:    1449552 bytes,    2048712 total
- age   4:     812432 bytes,    2861144 total
- age   5:    6666056 bytes,    9527200 total
: 100091K->12587K(109248K), 0,0115819 secs] 100091K->12587K(502464K), 0,0116617 secs] [Times: user=0,03 sys=0,00, real=0,01 secs] 
Heap after GC invocations=5 (full 1):
 par new generation   total 109248K, used 12587K [0x00000000e0000000, 0x00000000e8000000, 0x00000000e8000000)
  eden space 87424K,   0% used [0x00000000e0000000, 0x00000000e0000000, 0x00000000e5560000)
  from space 21824K,  57% used [0x00000000e6ab0000, 0x00000000e76facd0, 0x00000000e8000000)
  to   space 21824K,   0% used [0x00000000e5560000, 0x00000000e5560000, 0x00000000e6ab0000)
 concurrent mark-sweep generation total 393216K, used 0K [0x00000000e8000000, 0x0000000100000000, 0x0000000100000000)
 Metaspace       used 21201K, capacity 21558K, committed 21884K, reserved 1069056K
  class space    used 2447K, capacity 2600K, committed 2684K, reserved 1048576K
}
2017-03-05T14:35:44.286+0100: 2,781: Total time for which application threads were stopped: 0,0118955 seconds, Stopping threads took: 0,0000477 seconds
{Heap before GC invocations=5 (full 1):
 par new generation   total 109248K, used 100011K [0x00000000e0000000, 0x00000000e8000000, 0x00000000e8000000)
  eden space 87424K, 100% used [0x00000000e0000000, 0x00000000e5560000, 0x00000000e5560000)
  from space 21824K,  57% used [0x00000000e6ab0000, 0x00000000e76facd0, 0x00000000e8000000)
  to   space 21824K,   0% used [0x00000000e5560000, 0x00000000e5560000, 0x00000000e6ab0000)
 concurrent mark-sweep generation total 393216K, used 0K [0x00000000e8000000, 0x0000000100000000, 0x0000000100000000)
 Metaspace       used 21359K, capacity 21736K, committed 21884K, reserved 1069056K
  class space    used 2467K, capacity 2635K, committed 2684K, reserved 1048576K
2017-03-05T14:35:44.368+0100: 2,864: [GC (Allocation Failure) 2017-03-05T14:35:44.368+0100: 2,864: [ParNew
Desired survivor size 20112992 bytes, new threshold 8 (max 8)
- age   1:     585336 bytes,     585336 total
- age   2:     187368 bytes,     772704 total
- age   3:       3392 bytes,     776096 total
- age   4:    1449208 bytes,    2225304 total
- age   5:     810416 bytes,    3035720 total
- age   6:    6666128 bytes,    9701848 total
: 100011K->10996K(109248K), 0,0096019 secs] 100011K->10996K(502464K), 0,0096645 secs] [Times: user=0,03 sys=0,00, real=0,01 secs] 
Heap after GC invocations=6 (full 1):
 par new generation   total 109248K, used 10996K [0x00000000e0000000, 0x00000000e8000000, 0x00000000e8000000)
  eden space 87424K,   0% used [0x00000000e0000000, 0x00000000e0000000, 0x00000000e5560000)
  from space 21824K,  50% used [0x00000000e5560000, 0x00000000e601d2f0, 0x00000000e6ab0000)
  to   space 21824K,   0% used [0x00000000e6ab0000, 0x00000000e6ab0000, 0x00000000e8000000)
 concurrent mark-sweep generation total 393216K, used 0K [0x00000000e8000000, 0x0000000100000000, 0x0000000100000000)
 Metaspace       used 21359K, capacity 21736K, committed 21884K, reserved 1069056K
  class space    used 2467K, capacity 2635K, committed 2684K, reserved 1048576K
}
2017-03-05T14:35:44.378+0100: 2,874: Total time for which application threads were stopped: 0,0098721 seconds, Stopping threads took: 0,0000793 seconds
2017-03-05T14:35:44.418+0100: 2,914: Total time for which application threads were stopped: 0,0003117 seconds, Stopping threads took: 0,0000303 seconds
2017-03-05T14:35:44.606+0100: 3,102: Total time for which application threads were stopped: 0,0004406 seconds, Stopping threads took: 0,0000237 seconds
2017-03-05T14:35:44.623+0100: 3,118: Total time for which application threads were stopped: 0,0004212 seconds, Stopping threads took: 0,0000431 seconds
{Heap before GC invocations=6 (full 1):
 par new generation   total 109248K, used 98420K [0x00000000e0000000, 0x00000000e8000000, 0x00000000e8000000)
  eden space 87424K, 100% used [0x00000000e0000000, 0x00000000e5560000, 0x00000000e5560000)
  from space 21824K,  50% used [0x00000000e5560000, 0x00000000e601d2f0, 0x00000000e6ab0000)
  to   space 21824K,   0% used [0x00000000e6ab0000, 0x00000000e6ab0000, 0x00000000e8000000)
 concurrent mark-sweep generation total 393216K, used 0K [0x00000000e8000000, 0x0000000100000000, 0x0000000100000000)
 Metaspace       used 23845K, capacity 24330K, committed 24572K, reserved 1071104K
  class space    used 2813K, capacity 3010K, committed 3068K, reserved 1048576K
2017-03-05T14:35:44.799+0100: 3,294: [GC (Allocation Failure) 2017-03-05T14:35:44.799+0100: 3,294: [ParNew
Desired survivor size 20112992 bytes, new threshold 8 (max 8)
- age   1:    5198016 bytes,    5198016 total
- age   2:     109944 bytes,    5307960 total
- age   3:     185928 bytes,    5493888 total
- age   4:       3368 bytes,    5497256 total
- age   5:     279640 bytes,    5776896 total
- age   6:     786088 bytes,    6562984 total
- age   7:    6657848 bytes,   13220832 total
: 98420K->16654K(109248K), 0,0169943 secs] 98420K->16654K(502464K), 0,0170811 secs] [Times: user=0,05 sys=0,01, real=0,01 secs] 
Heap after GC invocations=7 (full 1):
 par new generation   total 109248K, used 16654K [0x00000000e0000000, 0x00000000e8000000, 0x00000000e8000000)
  eden space 87424K,   0% used [0x00000000e0000000, 0x00000000e0000000, 0x00000000e5560000)
  from space 21824K,  76% used [0x00000000e6ab0000, 0x00000000e7af3bc0, 0x00000000e8000000)
  to   space 21824K,   0% used [0x00000000e5560000, 0x00000000e5560000, 0x00000000e6ab0000)
 concurrent mark-sweep generation total 393216K, used 0K [0x00000000e8000000, 0x0000000100000000, 0x0000000100000000)
 Metaspace       used 23845K, capacity 24330K, committed 24572K, reserved 1071104K
  class space    used 2813K, capacity 3010K, committed 3068K, reserved 1048576K
}
2017-03-05T14:35:44.816+0100: 3,312: Total time for which application threads were stopped: 0,0174056 seconds, Stopping threads took: 0,0001041 seconds
{Heap before GC invocations=7 (full 1):
 par new generation   total 109248K, used 104078K [0x00000000e0000000, 0x00000000e8000000, 0x00000000e8000000)
  eden space 87424K, 100% used [0x00000000e0000000, 0x00000000e5560000, 0x00000000e5560000)
  from space 21824K,  76% used [0x00000000e6ab0000, 0x00000000e7af3bc0, 0x00000000e8000000)
  to   space 21824K,   0% used [0x00000000e5560000, 0x00000000e5560000, 0x00000000e6ab0000)
 concurrent mark-sweep generation total 393216K, used 0K [0x00000000e8000000, 0x0000000100000000, 0x0000000100000000)
 Metaspace       used 24508K, capacity 25008K, committed 25084K, reserved 1071104K
  class space    used 2870K, capacity 3043K, committed 3068K, reserved 1048576K
2017-03-05T14:35:44.947+0100: 3,442: [GC (Allocation Failure) 2017-03-05T14:35:44.947+0100: 3,443: [ParNew
Desired survivor size 20112992 bytes, new threshold 8 (max 8)
- age   1:    2251192 bytes,    2251192 total
- age   2:    1737832 bytes,    3989024 total
- age   3:      54152 bytes,    4043176 total
- age   4:     107800 bytes,    4150976 total
- age   5:       3336 bytes,    4154312 total
- age   6:     180288 bytes,    4334600 total
- age   7:     743064 bytes,    5077664 total
- age   8:    6124560 bytes,   11202224 total
: 104078K->13846K(109248K), 0,0242146 secs] 104078K->13846K(502464K), 0,0243194 secs] [Times: user=0,09 sys=0,00, real=0,02 secs] 
Heap after GC invocations=8 (full 1):
 par new generation   total 109248K, used 13846K [0x00000000e0000000, 0x00000000e8000000, 0x00000000e8000000)
  eden space 87424K,   0% used [0x00000000e0000000, 0x00000000e0000000, 0x00000000e5560000)
  from space 21824K,  63% used [0x00000000e5560000, 0x00000000e62e5b40, 0x00000000e6ab0000)
  to   space 21824K,   0% used [0x00000000e6ab0000, 0x00000000e6ab0000, 0x00000000e8000000)
 concurrent mark-sweep generation total 393216K, used 0K [0x00000000e8000000, 0x0000000100000000, 0x0000000100000000)
 Metaspace       used 24508K, capacity 25008K, committed 25084K, reserved 1071104K
  class space    used 2870K, capacity 3043K, committed 3068K, reserved 1048576K
}
2017-03-05T14:35:44.971+0100: 3,467: Total time for which application threads were stopped: 0,0248585 seconds, Stopping threads took: 0,0002757 seconds
{Heap before GC invocations=8 (full 1):
 par new generation   total 109248K, used 101270K [0x00000000e0000000, 0x00000000e8000000, 0x00000000e8000000)
  eden space 87424K, 100% used [0x00000000e0000000, 0x00000000e5560000, 0x00000000e5560000)
  from space 21824K,  63% used [0x00000000e5560000, 0x00000000e62e5b40, 0x00000000e6ab0000)
  to   space 21824K,   0% used [0x00000000e6ab0000, 0x00000000e6ab0000, 0x00000000e8000000)
 concurrent mark-sweep generation total 393216K, used 0K [0x00000000e8000000, 0x0000000100000000, 0x0000000100000000)
 Metaspace       used 24989K, capacity 25386K, committed 25724K, reserved 1071104K
  class space    used 2909K, capacity 3080K, committed 3196K, reserved 1048576K
2017-03-05T14:35:45.094+0100: 3,590: [GC (Allocation Failure) 2017-03-05T14:35:45.094+0100: 3,590: [ParNew
Desired survivor size 20112992 bytes, new threshold 8 (max 8)
- age   1:    1055392 bytes,    1055392 total
- age   2:    1014160 bytes,    2069552 total
- age   3:    1714928 bytes,    3784480 total
- age   4:      54152 bytes,    3838632 total
- age   5:     105120 bytes,    3943752 total
- age   6:       3336 bytes,    3947088 total
- age   7:     179608 bytes,    4126696 total
- age   8:     742296 bytes,    4868992 total
: 101270K->9935K(109248K), 0,0379596 secs] 101270K->15998K(502464K), 0,0380322 secs] [Times: user=0,10 sys=0,00, real=0,04 secs] 
Heap after GC invocations=9 (full 1):
 par new generation   total 109248K, used 9935K [0x00000000e0000000, 0x00000000e8000000, 0x00000000e8000000)
  eden space 87424K,   0% used [0x00000000e0000000, 0x00000000e0000000, 0x00000000e5560000)
  from space 21824K,  45% used [0x00000000e6ab0000, 0x00000000e7463da0, 0x00000000e8000000)
  to   space 21824K,   0% used [0x00000000e5560000, 0x00000000e5560000, 0x00000000e6ab0000)
 concurrent mark-sweep generation total 393216K, used 6063K [0x00000000e8000000, 0x0000000100000000, 0x0000000100000000)
 Metaspace       used 24989K, capacity 25386K, committed 25724K, reserved 1071104K
  class space    used 2909K, capacity 3080K, committed 3196K, reserved 1048576K
}
2017-03-05T14:35:45.132+0100: 3,628: Total time for which application threads were stopped: 0,0385980 seconds, Stopping threads took: 0,0003968 seconds
2017-03-05T14:35:45.374+0100: 3,870: Total time for which application threads were stopped: 0,0004940 seconds, Stopping threads took: 0,0000242 seconds
2017-03-05T14:35:45.389+0100: 3,885: Total time for which application threads were stopped: 0,0004720 seconds, Stopping threads took: 0,0000284 seconds
2017-03-05T14:35:45.470+0100: 3,966: Total time for which application threads were stopped: 0,0045044 seconds, Stopping threads took: 0,0039388 seconds
2017-03-05T14:35:45.561+0100: 4,057: Total time for which application threads were stopped: 0,0063180 seconds, Stopping threads took: 0,0059265 seconds
2017-03-05T14:35:45.566+0100: 4,062: Total time for which application threads were stopped: 0,0045534 seconds, Stopping threads took: 0,0044465 seconds
2017-03-05T14:35:45.586+0100: 4,082: Total time for which application threads were stopped: 0,0001775 seconds, Stopping threads took: 0,0000713 seconds
2017-03-05T14:35:45.602+0100: 4,098: Total time for which application threads were stopped: 0,0037425 seconds, Stopping threads took: 0,0036534 seconds
2017-03-05T14:35:45.606+0100: 4,102: Total time for which application threads were stopped: 0,0003471 seconds, Stopping threads took: 0,0002468 seconds
2017-03-05T14:35:45.617+0100: 4,113: Total time for which application threads were stopped: 0,0001513 seconds, Stopping threads took: 0,0000508 seconds
2017-03-05T14:35:45.617+0100: 4,113: Total time for which application threads were stopped: 0,0001156 seconds, Stopping threads took: 0,0000343 seconds
2017-03-05T14:35:45.618+0100: 4,114: Total time for which application threads were stopped: 0,0001324 seconds, Stopping threads took: 0,0000380 seconds
2017-03-05T14:35:45.619+0100: 4,115: Total time for which application threads were stopped: 0,0001112 seconds, Stopping threads took: 0,0000326 seconds
2017-03-05T14:35:45.619+0100: 4,115: Total time for which application threads were stopped: 0,0001158 seconds, Stopping threads took: 0,0000219 seconds
2017-03-05T14:35:45.624+0100: 4,120: Total time for which application threads were stopped: 0,0048041 seconds, Stopping threads took: 0,0047144 seconds
2017-03-05T14:35:45.627+0100: 4,122: Total time for which application threads were stopped: 0,0001263 seconds, Stopping threads took: 0,0000393 seconds
2017-03-05T14:35:45.628+0100: 4,124: Total time for which application threads were stopped: 0,0001442 seconds, Stopping threads took: 0,0000418 seconds
2017-03-05T14:35:45.630+0100: 4,125: Total time for which application threads were stopped: 0,0001380 seconds, Stopping threads took: 0,0000529 seconds
2017-03-05T14:35:45.631+0100: 4,127: Total time for which application threads were stopped: 0,0001137 seconds, Stopping threads took: 0,0000442 seconds
2017-03-05T14:35:45.632+0100: 4,127: Total time for which application threads were stopped: 0,0000936 seconds, Stopping threads took: 0,0000284 seconds
2017-03-05T14:35:45.633+0100: 4,128: Total time for which application threads were stopped: 0,0001016 seconds, Stopping threads took: 0,0000311 seconds
2017-03-05T14:35:45.634+0100: 4,130: Total time for which application threads were stopped: 0,0001585 seconds, Stopping threads took: 0,0000797 seconds
2017-03-05T14:35:45.635+0100: 4,131: Total time for which application threads were stopped: 0,0001399 seconds, Stopping threads took: 0,0000497 seconds
2017-03-05T14:35:45.648+0100: 4,144: Total time for which application threads were stopped: 0,0001356 seconds, Stopping threads took: 0,0000430 seconds
2017-03-05T14:35:45.652+0100: 4,148: Total time for which application threads were stopped: 0,0003100 seconds, Stopping threads took: 0,0001987 seconds
2017-03-05T14:35:45.658+0100: 4,153: Total time for which application threads were stopped: 0,0002447 seconds, Stopping threads took: 0,0001165 seconds
2017-03-05T14:35:45.661+0100: 4,157: Total time for which application threads were stopped: 0,0002242 seconds, Stopping threads took: 0,0000418 seconds
2017-03-05T14:35:45.662+0100: 4,158: Total time for which application threads were stopped: 0,0001408 seconds, Stopping threads took: 0,0000573 seconds
2017-03-05T14:35:47.662+0100: 6,158: Total time for which application threads were stopped: 0,0000643 seconds, Stopping threads took: 0,0000166 seconds
2017-03-05T14:35:48.663+0100: 7,158: Total time for which application threads were stopped: 0,0000797 seconds, Stopping threads took: 0,0000180 seconds
2017-03-05T14:36:03.664+0100: 22,160: Total time for which application threads were stopped: 0,0000742 seconds, Stopping threads took: 0,0000206 seconds
2017-03-05T14:36:13.670+0100: 32,166: Total time for which application threads were stopped: 0,0005386 seconds, Stopping threads took: 0,0002557 seconds
2017-03-05T14:37:43.699+0100: 122,195: Total time for which application threads were stopped: 0,0001740 seconds, Stopping threads took: 0,0000696 seconds
2017-03-05T14:37:48.700+0100: 127,196: Total time for which application threads were stopped: 0,0000719 seconds, Stopping threads took: 0,0000160 seconds
2017-03-05T14:59:12.866+0100: 1411,362: Total time for which application threads were stopped: 0,0001809 seconds, Stopping threads took: 0,0000883 seconds
{Heap before GC invocations=9 (full 1):
 par new generation   total 109248K, used 97359K [0x00000000e0000000, 0x00000000e8000000, 0x00000000e8000000)
  eden space 87424K, 100% used [0x00000000e0000000, 0x00000000e5560000, 0x00000000e5560000)
  from space 21824K,  45% used [0x00000000e6ab0000, 0x00000000e7463da0, 0x00000000e8000000)
  to   space 21824K,   0% used [0x00000000e5560000, 0x00000000e5560000, 0x00000000e6ab0000)
 concurrent mark-sweep generation total 393216K, used 6063K [0x00000000e8000000, 0x0000000100000000, 0x0000000100000000)
 Metaspace       used 28018K, capacity 28560K, committed 28796K, reserved 1075200K
  class space    used 3213K, capacity 3387K, committed 3452K, reserved 1048576K
2017-03-05T15:00:09.516+0100: 1468,011: [GC (Allocation Failure) 2017-03-05T15:00:09.516+0100: 1468,011: [ParNew
Desired survivor size 20112992 bytes, new threshold 8 (max 8)
- age   1:   10584832 bytes,   10584832 total
- age   2:     248816 bytes,   10833648 total
- age   3:     235664 bytes,   11069312 total
- age   4:    1710176 bytes,   12779488 total
- age   5:      54152 bytes,   12833640 total
- age   6:     104992 bytes,   12938632 total
- age   7:       3336 bytes,   12941968 total
- age   8:     179512 bytes,   13121480 total
: 97359K->14833K(109248K), 0,0208167 secs] 103422K->21715K(502464K), 0,0209634 secs] [Times: user=0,04 sys=0,01, real=0,02 secs] 
Heap after GC invocations=10 (full 1):
 par new generation   total 109248K, used 14833K [0x00000000e0000000, 0x00000000e8000000, 0x00000000e8000000)
  eden space 87424K,   0% used [0x00000000e0000000, 0x00000000e0000000, 0x00000000e5560000)
  from space 21824K,  67% used [0x00000000e5560000, 0x00000000e63dc6b0, 0x00000000e6ab0000)
  to   space 21824K,   0% used [0x00000000e6ab0000, 0x00000000e6ab0000, 0x00000000e8000000)
 concurrent mark-sweep generation total 393216K, used 6882K [0x00000000e8000000, 0x0000000100000000, 0x0000000100000000)
 Metaspace       used 28018K, capacity 28560K, committed 28796K, reserved 1075200K
  class space    used 3213K, capacity 3387K, committed 3452K, reserved 1048576K
}
2017-03-05T15:00:09.537+0100: 1468,032: Total time for which application threads were stopped: 0,0212605 seconds, Stopping threads took: 0,0000816 seconds
2017-03-05T15:00:09.541+0100: 1468,037: Total time for which application threads were stopped: 0,0000838 seconds, Stopping threads took: 0,0000189 seconds
2017-03-05T15:00:09.547+0100: 1468,043: Total time for which application threads were stopped: 0,0001170 seconds, Stopping threads took: 0,0000483 seconds
2017-03-05T15:00:09.575+0100: 1468,070: Total time for which application threads were stopped: 0,0011214 seconds, Stopping threads took: 0,0001986 seconds
2017-03-05T15:00:09.599+0100: 1468,095: Total time for which application threads were stopped: 0,0004433 seconds, Stopping threads took: 0,0000730 seconds
2017-03-05T15:00:09.602+0100: 1468,098: Total time for which application threads were stopped: 0,0001258 seconds, Stopping threads took: 0,0000527 seconds
2017-03-05T15:00:09.628+0100: 1468,124: Total time for which application threads were stopped: 0,0002656 seconds, Stopping threads took: 0,0000338 seconds
2017-03-05T15:00:09.689+0100: 1468,185: Total time for which application threads were stopped: 0,0001124 seconds, Stopping threads took: 0,0000155 seconds
2017-03-05T15:00:09.689+0100: 1468,185: Total time for which application threads were stopped: 0,0000322 seconds, Stopping threads took: 0,0000053 seconds
2017-03-05T15:00:10.119+0100: 1468,614: Total time for which application threads were stopped: 0,0000718 seconds, Stopping threads took: 0,0000176 seconds
2017-03-05T15:00:10.120+0100: 1468,616: Total time for which application threads were stopped: 0,0000760 seconds, Stopping threads took: 0,0000216 seconds
2017-03-05T15:00:10.122+0100: 1468,617: Total time for which application threads were stopped: 0,0001218 seconds, Stopping threads took: 0,0000628 seconds
2017-03-05T15:00:10.971+0100: 1469,467: Total time for which application threads were stopped: 0,0000884 seconds, Stopping threads took: 0,0000224 seconds
2017-03-05T15:00:15.972+0100: 1474,468: Total time for which application threads were stopped: 0,0000863 seconds, Stopping threads took: 0,0000201 seconds
2017-03-05T15:00:52.125+0100: 1510,621: Total time for which application threads were stopped: 0,0001423 seconds, Stopping threads took: 0,0000491 seconds
2017-03-05T15:00:52.126+0100: 1510,621: Total time for which application threads were stopped: 0,0000654 seconds, Stopping threads took: 0,0000157 seconds
2017-03-05T15:00:52.128+0100: 1510,624: Total time for which application threads were stopped: 0,0001020 seconds, Stopping threads took: 0,0000205 seconds
2017-03-05T15:00:52.128+0100: 1510,624: Total time for which application threads were stopped: 0,0000897 seconds, Stopping threads took: 0,0000138 seconds
2017-03-05T15:00:52.129+0100: 1510,624: Total time for which application threads were stopped: 0,0000723 seconds, Stopping threads took: 0,0000312 seconds
2017-03-05T15:00:52.129+0100: 1510,624: Total time for which application threads were stopped: 0,0000465 seconds, Stopping threads took: 0,0000125 seconds
2017-03-05T15:00:52.129+0100: 1510,625: Total time for which application threads were stopped: 0,0000369 seconds, Stopping threads took: 0,0000077 seconds
2017-03-05T15:00:52.129+0100: 1510,625: Total time for which application threads were stopped: 0,0000541 seconds, Stopping threads took: 0,0000192 seconds
2017-03-05T15:00:52.129+0100: 1510,625: Total time for which application threads were stopped: 0,0000370 seconds, Stopping threads took: 0,0000087 seconds
2017-03-05T15:00:52.129+0100: 1510,625: Total time for which application threads were stopped: 0,0000428 seconds, Stopping threads took: 0,0000178 seconds
2017-03-05T15:00:52.129+0100: 1510,625: Total time for which application threads were stopped: 0,0000802 seconds, Stopping threads took: 0,0000359 seconds
2017-03-05T15:00:52.129+0100: 1510,625: Total time for which application threads were stopped: 0,0000461 seconds, Stopping threads took: 0,0000095 seconds
2017-03-05T15:00:52.129+0100: 1510,625: Total time for which application threads were stopped: 0,0000317 seconds, Stopping threads took: 0,0000087 seconds
2017-03-05T15:00:52.129+0100: 1510,625: Total time for which application threads were stopped: 0,0000441 seconds, Stopping threads took: 0,0000121 seconds
2017-03-05T15:00:52.131+0100: 1510,627: Total time for which application threads were stopped: 0,0001056 seconds, Stopping threads took: 0,0000258 seconds
2017-03-05T15:00:52.131+0100: 1510,627: Total time for which application threads were stopped: 0,0000556 seconds, Stopping threads took: 0,0000122 seconds
2017-03-05T15:00:52.132+0100: 1510,627: Total time for which application threads were stopped: 0,0000740 seconds, Stopping threads took: 0,0000097 seconds
2017-03-05T15:00:52.132+0100: 1510,628: Total time for which application threads were stopped: 0,0003357 seconds, Stopping threads took: 0,0000562 seconds
2017-03-05T15:00:52.133+0100: 1510,629: Total time for which application threads were stopped: 0,0009391 seconds, Stopping threads took: 0,0001233 seconds
2017-03-05T15:00:52.135+0100: 1510,631: Total time for which application threads were stopped: 0,0000960 seconds, Stopping threads took: 0,0000194 seconds
2017-03-05T15:00:52.135+0100: 1510,631: Total time for which application threads were stopped: 0,0000589 seconds, Stopping threads took: 0,0000093 seconds
2017-03-05T15:00:52.136+0100: 1510,632: Total time for which application threads were stopped: 0,0000982 seconds, Stopping threads took: 0,0000340 seconds
2017-03-05T15:00:52.136+0100: 1510,632: Total time for which application threads were stopped: 0,0000658 seconds, Stopping threads took: 0,0000184 seconds
2017-03-05T15:00:52.136+0100: 1510,632: Total time for which application threads were stopped: 0,0000651 seconds, Stopping threads took: 0,0000171 seconds
2017-03-05T15:00:52.137+0100: 1510,633: Total time for which application threads were stopped: 0,0001490 seconds, Stopping threads took: 0,0000337 seconds
2017-03-05T15:00:52.137+0100: 1510,633: Total time for which application threads were stopped: 0,0000726 seconds, Stopping threads took: 0,0000210 seconds
2017-03-05T15:00:52.137+0100: 1510,633: Total time for which application threads were stopped: 0,0000796 seconds, Stopping threads took: 0,0000266 seconds
2017-03-05T15:00:52.139+0100: 1510,635: Total time for which application threads were stopped: 0,0014250 seconds, Stopping threads took: 0,0012732 seconds
2017-03-05T15:00:52.140+0100: 1510,636: Total time for which application threads were stopped: 0,0001761 seconds, Stopping threads took: 0,0000700 seconds
2017-03-05T15:00:52.140+0100: 1510,636: Total time for which application threads were stopped: 0,0002077 seconds, Stopping threads took: 0,0001441 seconds
2017-03-05T15:00:52.141+0100: 1510,637: Total time for which application threads were stopped: 0,0002322 seconds, Stopping threads took: 0,0000763 seconds
2017-03-05T15:00:52.257+0100: 1510,753: Total time for which application threads were stopped: 0,0000960 seconds, Stopping threads took: 0,0000184 seconds
2017-03-05T15:00:52.260+0100: 1510,756: Total time for which application threads were stopped: 0,0001034 seconds, Stopping threads took: 0,0000358 seconds
2017-03-05T15:00:53.261+0100: 1511,756: Total time for which application threads were stopped: 0,0002197 seconds, Stopping threads took: 0,0000364 seconds
2017-03-05T15:00:57.261+0100: 1515,757: Total time for which application threads were stopped: 0,0000858 seconds, Stopping threads took: 0,0000194 seconds
2017-03-05T15:01:01.262+0100: 1519,758: Total time for which application threads were stopped: 0,0002841 seconds, Stopping threads took: 0,0000212 seconds
2017-03-05T15:01:05.262+0100: 1523,758: Total time for which application threads were stopped: 0,0000790 seconds, Stopping threads took: 0,0000258 seconds
2017-03-05T15:01:06.262+0100: 1524,758: Total time for which application threads were stopped: 0,0000748 seconds, Stopping threads took: 0,0000172 seconds
2017-03-05T15:01:32.265+0100: 1550,760: Total time for which application threads were stopped: 0,0000871 seconds, Stopping threads took: 0,0000323 seconds
2017-03-05T15:01:40.265+0100: 1558,761: Total time for which application threads were stopped: 0,0000734 seconds, Stopping threads took: 0,0000153 seconds
2017-03-05T15:01:46.266+0100: 1564,762: Total time for which application threads were stopped: 0,0000624 seconds, Stopping threads took: 0,0000145 seconds
2017-03-05T15:01:51.269+0100: 1569,765: Total time for which application threads were stopped: 0,0000945 seconds, Stopping threads took: 0,0000222 seconds
2017-03-05T15:02:00.270+0100: 1578,766: Total time for which application threads were stopped: 0,0002593 seconds, Stopping threads took: 0,0000460 seconds
2017-03-05T15:02:22.273+0100: 1600,769: Total time for which application threads were stopped: 0,0000658 seconds, Stopping threads took: 0,0000149 seconds
2017-03-05T15:02:23.273+0100: 1601,769: Total time for which application threads were stopped: 0,0000623 seconds, Stopping threads took: 0,0000141 seconds
2017-03-05T15:02:24.273+0100: 1602,769: Total time for which application threads were stopped: 0,0000705 seconds, Stopping threads took: 0,0000171 seconds
2017-03-05T15:02:25.273+0100: 1603,769: Total time for which application threads were stopped: 0,0002050 seconds, Stopping threads took: 0,0000615 seconds
2017-03-05T15:02:26.274+0100: 1604,769: Total time for which application threads were stopped: 0,0001306 seconds, Stopping threads took: 0,0000213 seconds
2017-03-05T15:02:29.274+0100: 1607,770: Total time for which application threads were stopped: 0,0004866 seconds, Stopping threads took: 0,0001378 seconds
2017-03-05T15:02:30.275+0100: 1608,770: Total time for which application threads were stopped: 0,0000694 seconds, Stopping threads took: 0,0000135 seconds
2017-03-05T15:02:37.275+0100: 1615,771: Total time for which application threads were stopped: 0,0000680 seconds, Stopping threads took: 0,0000157 seconds
2017-03-05T15:02:38.275+0100: 1616,771: Total time for which application threads were stopped: 0,0000635 seconds, Stopping threads took: 0,0000139 seconds
2017-03-05T15:02:39.276+0100: 1617,771: Total time for which application threads were stopped: 0,0000711 seconds, Stopping threads took: 0,0000160 seconds
2017-03-05T15:02:41.276+0100: 1619,772: Total time for which application threads were stopped: 0,0004267 seconds, Stopping threads took: 0,0000801 seconds
2017-03-05T15:02:55.278+0100: 1633,773: Total time for which application threads were stopped: 0,0001780 seconds, Stopping threads took: 0,0000600 seconds
2017-03-05T15:02:56.278+0100: 1634,774: Total time for which application threads were stopped: 0,0000630 seconds, Stopping threads took: 0,0000140 seconds
2017-03-05T15:02:58.278+0100: 1636,774: Total time for which application threads were stopped: 0,0000748 seconds, Stopping threads took: 0,0000168 seconds
2017-03-05T15:03:02.279+0100: 1640,775: Total time for which application threads were stopped: 0,0004228 seconds, Stopping threads took: 0,0001418 seconds
2017-03-05T15:03:03.279+0100: 1641,775: Total time for which application threads were stopped: 0,0000821 seconds, Stopping threads took: 0,0000206 seconds
2017-03-05T15:03:12.280+0100: 1650,776: Total time for which application threads were stopped: 0,0000789 seconds, Stopping threads took: 0,0000158 seconds
2017-03-05T15:03:15.280+0100: 1653,776: Total time for which application threads were stopped: 0,0001238 seconds, Stopping threads took: 0,0000242 seconds
2017-03-05T15:03:16.280+0100: 1654,776: Total time for which application threads were stopped: 0,0001033 seconds, Stopping threads took: 0,0000138 seconds
2017-03-05T15:03:19.281+0100: 1657,777: Total time for which application threads were stopped: 0,0001182 seconds, Stopping threads took: 0,0000292 seconds
2017-03-05T15:03:22.281+0100: 1660,777: Total time for which application threads were stopped: 0,0000650 seconds, Stopping threads took: 0,0000137 seconds
2017-03-05T15:03:25.281+0100: 1663,777: Total time for which application threads were stopped: 0,0000812 seconds, Stopping threads took: 0,0000165 seconds
2017-03-05T15:03:29.282+0100: 1667,777: Total time for which application threads were stopped: 0,0001320 seconds, Stopping threads took: 0,0000202 seconds
2017-03-05T15:03:33.282+0100: 1671,778: Total time for which application threads were stopped: 0,0000827 seconds, Stopping threads took: 0,0000283 seconds
2017-03-05T15:03:35.282+0100: 1673,778: Total time for which application threads were stopped: 0,0000922 seconds, Stopping threads took: 0,0000176 seconds
2017-03-05T15:03:49.284+0100: 1687,780: Total time for which application threads were stopped: 0,0000662 seconds, Stopping threads took: 0,0000169 seconds
2017-03-05T15:03:52.284+0100: 1690,780: Total time for which application threads were stopped: 0,0000850 seconds, Stopping threads took: 0,0000208 seconds
2017-03-05T15:03:53.284+0100: 1691,780: Total time for which application threads were stopped: 0,0000759 seconds, Stopping threads took: 0,0000165 seconds
2017-03-05T15:03:56.285+0100: 1694,780: Total time for which application threads were stopped: 0,0000799 seconds, Stopping threads took: 0,0000140 seconds
2017-03-05T15:04:03.285+0100: 1701,781: Total time for which application threads were stopped: 0,0000968 seconds, Stopping threads took: 0,0000181 seconds
2017-03-05T15:04:06.286+0100: 1704,782: Total time for which application threads were stopped: 0,0000669 seconds, Stopping threads took: 0,0000146 seconds
2017-03-05T15:04:09.286+0100: 1707,782: Total time for which application threads were stopped: 0,0000696 seconds, Stopping threads took: 0,0000136 seconds
2017-03-05T15:04:13.287+0100: 1711,783: Total time for which application threads were stopped: 0,0003910 seconds, Stopping threads took: 0,0000762 seconds
2017-03-05T15:04:14.287+0100: 1712,783: Total time for which application threads were stopped: 0,0000630 seconds, Stopping threads took: 0,0000135 seconds
2017-03-05T15:04:17.287+0100: 1715,783: Total time for which application threads were stopped: 0,0000873 seconds, Stopping threads took: 0,0000202 seconds
2017-03-05T15:04:20.288+0100: 1718,784: Total time for which application threads were stopped: 0,0000663 seconds, Stopping threads took: 0,0000146 seconds
2017-03-05T15:04:24.288+0100: 1722,784: Total time for which application threads were stopped: 0,0001194 seconds, Stopping threads took: 0,0000167 seconds
2017-03-05T15:04:27.289+0100: 1725,785: Total time for which application threads were stopped: 0,0000736 seconds, Stopping threads took: 0,0000161 seconds
2017-03-05T15:04:28.289+0100: 1726,785: Total time for which application threads were stopped: 0,0000781 seconds, Stopping threads took: 0,0000151 seconds
2017-03-05T15:04:35.290+0100: 1733,785: Total time for which application threads were stopped: 0,0000743 seconds, Stopping threads took: 0,0000233 seconds
2017-03-05T15:04:38.290+0100: 1736,786: Total time for which application threads were stopped: 0,0000695 seconds, Stopping threads took: 0,0000151 seconds
2017-03-05T15:04:39.290+0100: 1737,786: Total time for which application threads were stopped: 0,0000740 seconds, Stopping threads took: 0,0000171 seconds
2017-03-05T15:04:49.291+0100: 1747,787: Total time for which application threads were stopped: 0,0001137 seconds, Stopping threads took: 0,0000324 seconds
2017-03-05T15:04:50.291+0100: 1748,787: Total time for which application threads were stopped: 0,0000679 seconds, Stopping threads took: 0,0000144 seconds
2017-03-05T15:05:01.292+0100: 1759,788: Total time for which application threads were stopped: 0,0001009 seconds, Stopping threads took: 0,0000187 seconds
2017-03-05T15:05:03.293+0100: 1761,788: Total time for which application threads were stopped: 0,0001618 seconds, Stopping threads took: 0,0000753 seconds
2017-03-05T15:05:17.294+0100: 1775,790: Total time for which application threads were stopped: 0,0000795 seconds, Stopping threads took: 0,0000168 seconds
2017-03-05T15:05:19.294+0100: 1777,790: Total time for which application threads were stopped: 0,0000660 seconds, Stopping threads took: 0,0000135 seconds
2017-03-05T15:05:20.294+0100: 1778,790: Total time for which application threads were stopped: 0,0000741 seconds, Stopping threads took: 0,0000135 seconds
2017-03-05T15:05:26.295+0100: 1784,791: Total time for which application threads were stopped: 0,0000771 seconds, Stopping threads took: 0,0000160 seconds
2017-03-05T15:05:31.295+0100: 1789,791: Total time for which application threads were stopped: 0,0001587 seconds, Stopping threads took: 0,0000400 seconds
2017-03-05T15:05:33.296+0100: 1791,791: Total time for which application threads were stopped: 0,0000734 seconds, Stopping threads took: 0,0000167 seconds
2017-03-05T15:05:35.296+0100: 1793,792: Total time for which application threads were stopped: 0,0001114 seconds, Stopping threads took: 0,0000193 seconds
2017-03-05T15:05:36.296+0100: 1794,792: Total time for which application threads were stopped: 0,0001073 seconds, Stopping threads took: 0,0000205 seconds
2017-03-05T15:05:37.296+0100: 1795,792: Total time for which application threads were stopped: 0,0002310 seconds, Stopping threads took: 0,0000503 seconds
2017-03-05T15:05:44.297+0100: 1802,793: Total time for which application threads were stopped: 0,0000713 seconds, Stopping threads took: 0,0000143 seconds
2017-03-05T15:05:59.299+0100: 1817,794: Total time for which application threads were stopped: 0,0000641 seconds, Stopping threads took: 0,0000138 seconds
2017-03-05T15:06:09.300+0100: 1827,795: Total time for which application threads were stopped: 0,0000850 seconds, Stopping threads took: 0,0000193 seconds
2017-03-05T15:06:13.300+0100: 1831,796: Total time for which application threads were stopped: 0,0002754 seconds, Stopping threads took: 0,0000593 seconds
2017-03-05T15:06:16.301+0100: 1834,796: Total time for which application threads were stopped: 0,0000682 seconds, Stopping threads took: 0,0000154 seconds
2017-03-05T15:06:18.301+0100: 1836,797: Total time for which application threads were stopped: 0,0000725 seconds, Stopping threads took: 0,0000145 seconds
2017-03-05T15:06:30.302+0100: 1848,798: Total time for which application threads were stopped: 0,0001952 seconds, Stopping threads took: 0,0000870 seconds
2017-03-05T15:06:31.302+0100: 1849,798: Total time for which application threads were stopped: 0,0000680 seconds, Stopping threads took: 0,0000143 seconds
2017-03-05T15:06:51.304+0100: 1869,800: Total time for which application threads were stopped: 0,0000791 seconds, Stopping threads took: 0,0000261 seconds
2017-03-05T15:06:58.305+0100: 1876,801: Total time for which application threads were stopped: 0,0002022 seconds, Stopping threads took: 0,0000532 seconds
2017-03-05T15:06:59.305+0100: 1877,801: Total time for which application threads were stopped: 0,0000732 seconds, Stopping threads took: 0,0000147 seconds
2017-03-05T15:07:06.307+0100: 1884,802: Total time for which application threads were stopped: 0,0000855 seconds, Stopping threads took: 0,0000288 seconds
2017-03-05T15:07:13.307+0100: 1891,803: Total time for which application threads were stopped: 0,0000672 seconds, Stopping threads took: 0,0000144 seconds
2017-03-05T15:07:19.308+0100: 1897,804: Total time for which application threads were stopped: 0,0002348 seconds, Stopping threads took: 0,0000494 seconds
2017-03-05T15:07:24.309+0100: 1902,804: Total time for which application threads were stopped: 0,0000694 seconds, Stopping threads took: 0,0000143 seconds
2017-03-05T15:07:32.309+0100: 1910,805: Total time for which application threads were stopped: 0,0000783 seconds, Stopping threads took: 0,0000196 seconds
2017-03-05T15:08:01.312+0100: 1939,808: Total time for which application threads were stopped: 0,0003894 seconds, Stopping threads took: 0,0000373 seconds
2017-03-05T15:08:02.313+0100: 1940,808: Total time for which application threads were stopped: 0,0000879 seconds, Stopping threads took: 0,0000198 seconds
2017-03-05T15:08:04.313+0100: 1942,809: Total time for which application threads were stopped: 0,0000820 seconds, Stopping threads took: 0,0000262 seconds
2017-03-05T15:08:05.313+0100: 1943,809: Total time for which application threads were stopped: 0,0000658 seconds, Stopping threads took: 0,0000140 seconds
2017-03-05T15:08:07.313+0100: 1945,809: Total time for which application threads were stopped: 0,0000864 seconds, Stopping threads took: 0,0000160 seconds
2017-03-05T15:08:10.314+0100: 1948,809: Total time for which application threads were stopped: 0,0001141 seconds, Stopping threads took: 0,0000156 seconds
2017-03-05T15:08:21.315+0100: 1959,810: Total time for which application threads were stopped: 0,0000658 seconds, Stopping threads took: 0,0000139 seconds
2017-03-05T15:08:35.316+0100: 1973,812: Total time for which application threads were stopped: 0,0000711 seconds, Stopping threads took: 0,0000180 seconds
2017-03-05T15:08:37.316+0100: 1975,812: Total time for which application threads were stopped: 0,0000681 seconds, Stopping threads took: 0,0000147 seconds
2017-03-05T15:08:38.316+0100: 1976,812: Total time for which application threads were stopped: 0,0000670 seconds, Stopping threads took: 0,0000141 seconds
2017-03-05T15:08:40.317+0100: 1978,813: Total time for which application threads were stopped: 0,0005309 seconds, Stopping threads took: 0,0000734 seconds
2017-03-05T15:09:09.320+0100: 2007,816: Total time for which application threads were stopped: 0,0000778 seconds, Stopping threads took: 0,0000251 seconds
2017-03-05T15:09:15.320+0100: 2013,816: Total time for which application threads were stopped: 0,0000826 seconds, Stopping threads took: 0,0000185 seconds
2017-03-05T15:09:21.321+0100: 2019,817: Total time for which application threads were stopped: 0,0000711 seconds, Stopping threads took: 0,0000155 seconds
2017-03-05T15:09:22.321+0100: 2020,817: Total time for which application threads were stopped: 0,0000727 seconds, Stopping threads took: 0,0000166 seconds
2017-03-05T15:09:24.322+0100: 2022,817: Total time for which application threads were stopped: 0,0000703 seconds, Stopping threads took: 0,0000149 seconds
2017-03-05T15:09:25.322+0100: 2023,818: Total time for which application threads were stopped: 0,0002957 seconds, Stopping threads took: 0,0000619 seconds
2017-03-05T15:09:32.323+0100: 2030,818: Total time for which application threads were stopped: 0,0000771 seconds, Stopping threads took: 0,0000171 seconds
2017-03-05T15:09:35.323+0100: 2033,819: Total time for which application threads were stopped: 0,0000871 seconds, Stopping threads took: 0,0000276 seconds
2017-03-05T15:09:37.323+0100: 2035,819: Total time for which application threads were stopped: 0,0002888 seconds, Stopping threads took: 0,0000613 seconds
2017-03-05T15:09:38.324+0100: 2036,820: Total time for which application threads were stopped: 0,0003068 seconds, Stopping threads took: 0,0000652 seconds
2017-03-05T15:09:42.326+0100: 2040,822: Total time for which application threads were stopped: 0,0004448 seconds, Stopping threads took: 0,0000771 seconds
2017-03-05T15:09:45.327+0100: 2043,822: Total time for which application threads were stopped: 0,0001088 seconds, Stopping threads took: 0,0000218 seconds
2017-03-05T15:09:52.327+0100: 2050,823: Total time for which application threads were stopped: 0,0001021 seconds, Stopping threads took: 0,0000160 seconds
2017-03-05T15:09:56.328+0100: 2054,824: Total time for which application threads were stopped: 0,0000909 seconds, Stopping threads took: 0,0000215 seconds
2017-03-05T15:10:32.332+0100: 2090,828: Total time for which application threads were stopped: 0,0003057 seconds, Stopping threads took: 0,0000646 seconds
{Heap before GC invocations=10 (full 1):
 par new generation   total 109248K, used 102257K [0x00000000e0000000, 0x00000000e8000000, 0x00000000e8000000)
  eden space 87424K, 100% used [0x00000000e0000000, 0x00000000e5560000, 0x00000000e5560000)
  from space 21824K,  67% used [0x00000000e5560000, 0x00000000e63dc6b0, 0x00000000e6ab0000)
  to   space 21824K,   0% used [0x00000000e6ab0000, 0x00000000e6ab0000, 0x00000000e8000000)
 concurrent mark-sweep generation total 393216K, used 6882K [0x00000000e8000000, 0x0000000100000000, 0x0000000100000000)
 Metaspace       used 30530K, capacity 31176K, committed 31356K, reserved 1077248K
  class space    used 3419K, capacity 3681K, committed 3708K, reserved 1048576K
2017-03-05T15:11:08.053+0100: 2126,549: [GC (Allocation Failure) 2017-03-05T15:11:08.053+0100: 2126,549: [ParNew
Desired survivor size 20112992 bytes, new threshold 8 (max 8)
- age   1:    2499600 bytes,    2499600 total
- age   2:    7644264 bytes,   10143864 total
- age   3:     184688 bytes,   10328552 total
- age   4:     168040 bytes,   10496592 total
- age   5:    1387568 bytes,   11884160 total
- age   6:      49728 bytes,   11933888 total
- age   7:      92928 bytes,   12026816 total
- age   8:       3336 bytes,   12030152 total
: 102257K->19820K(109248K), 0,0133644 secs] 109139K->26882K(502464K), 0,0134371 secs] [Times: user=0,04 sys=0,00, real=0,02 secs] 
Heap after GC invocations=11 (full 1):
 par new generation   total 109248K, used 19820K [0x00000000e0000000, 0x00000000e8000000, 0x00000000e8000000)
  eden space 87424K,   0% used [0x00000000e0000000, 0x00000000e0000000, 0x00000000e5560000)
  from space 21824K,  90% used [0x00000000e6ab0000, 0x00000000e7e0b290, 0x00000000e8000000)
  to   space 21824K,   0% used [0x00000000e5560000, 0x00000000e5560000, 0x00000000e6ab0000)
 concurrent mark-sweep generation total 393216K, used 7062K [0x00000000e8000000, 0x0000000100000000, 0x0000000100000000)
 Metaspace       used 30530K, capacity 31176K, committed 31356K, reserved 1077248K
  class space    used 3419K, capacity 3681K, committed 3708K, reserved 1048576K
}
2017-03-05T15:11:08.067+0100: 2126,563: Total time for which application threads were stopped: 0,0136093 seconds, Stopping threads took: 0,0000137 seconds
2017-03-05T15:11:11.067+0100: 2129,563: Total time for which application threads were stopped: 0,0003224 seconds, Stopping threads took: 0,0000782 seconds
2017-03-05T15:11:13.068+0100: 2131,563: Total time for which application threads were stopped: 0,0000760 seconds, Stopping threads took: 0,0000149 seconds
2017-03-05T15:11:22.069+0100: 2140,564: Total time for which application threads were stopped: 0,0000972 seconds, Stopping threads took: 0,0000172 seconds
2017-03-05T15:11:24.069+0100: 2142,565: Total time for which application threads were stopped: 0,0002058 seconds, Stopping threads took: 0,0000557 seconds
2017-03-05T15:11:24.586+0100: 2143,082: Total time for which application threads were stopped: 0,0003380 seconds, Stopping threads took: 0,0000842 seconds
2017-03-05T15:11:25.586+0100: 2144,082: Total time for which application threads were stopped: 0,0000669 seconds, Stopping threads took: 0,0000140 seconds
2017-03-05T15:11:27.587+0100: 2146,082: Total time for which application threads were stopped: 0,0001059 seconds, Stopping threads took: 0,0000202 seconds
2017-03-05T15:11:28.587+0100: 2147,083: Total time for which application threads were stopped: 0,0000792 seconds, Stopping threads took: 0,0000171 seconds
2017-03-05T15:11:30.588+0100: 2149,084: Total time for which application threads were stopped: 0,0008356 seconds, Stopping threads took: 0,0001599 seconds
2017-03-05T15:11:32.588+0100: 2151,084: Total time for which application threads were stopped: 0,0000759 seconds, Stopping threads took: 0,0000152 seconds
2017-03-05T15:11:33.588+0100: 2152,084: Total time for which application threads were stopped: 0,0000842 seconds, Stopping threads took: 0,0000281 seconds
2017-03-05T15:11:34.589+0100: 2153,084: Total time for which application threads were stopped: 0,0000854 seconds, Stopping threads took: 0,0000183 seconds
2017-03-05T15:11:35.589+0100: 2154,085: Total time for which application threads were stopped: 0,0000734 seconds, Stopping threads took: 0,0000160 seconds
2017-03-05T15:11:39.750+0100: 2158,246: Total time for which application threads were stopped: 0,0002318 seconds, Stopping threads took: 0,0000159 seconds
2017-03-05T15:11:46.751+0100: 2165,247: Total time for which application threads were stopped: 0,0000918 seconds, Stopping threads took: 0,0000200 seconds
2017-03-05T15:11:53.752+0100: 2172,248: Total time for which application threads were stopped: 0,0001065 seconds, Stopping threads took: 0,0000228 seconds
2017-03-05T15:11:59.753+0100: 2178,248: Total time for which application threads were stopped: 0,0001881 seconds, Stopping threads took: 0,0000899 seconds
2017-03-05T15:12:00.753+0100: 2179,249: Total time for which application threads were stopped: 0,0000678 seconds, Stopping threads took: 0,0000149 seconds
2017-03-05T15:12:01.753+0100: 2180,249: Total time for which application threads were stopped: 0,0000761 seconds, Stopping threads took: 0,0000151 seconds
2017-03-05T15:12:03.753+0100: 2182,249: Total time for which application threads were stopped: 0,0001029 seconds, Stopping threads took: 0,0000306 seconds
2017-03-05T15:12:07.754+0100: 2186,250: Total time for which application threads were stopped: 0,0004691 seconds, Stopping threads took: 0,0000682 seconds
2017-03-05T15:12:08.755+0100: 2187,250: Total time for which application threads were stopped: 0,0000716 seconds, Stopping threads took: 0,0000149 seconds
2017-03-05T15:12:09.755+0100: 2188,250: Total time for which application threads were stopped: 0,0000772 seconds, Stopping threads took: 0,0000169 seconds
2017-03-05T15:12:11.755+0100: 2190,251: Total time for which application threads were stopped: 0,0000726 seconds, Stopping threads took: 0,0000146 seconds
2017-03-05T15:12:23.756+0100: 2202,252: Total time for which application threads were stopped: 0,0000702 seconds, Stopping threads took: 0,0000177 seconds
2017-03-05T15:13:02.759+0100: 2241,255: Total time for which application threads were stopped: 0,0000696 seconds, Stopping threads took: 0,0000138 seconds
2017-03-05T15:13:06.760+0100: 2245,256: Total time for which application threads were stopped: 0,0005847 seconds, Stopping threads took: 0,0001605 seconds
2017-03-05T15:13:07.761+0100: 2246,257: Total time for which application threads were stopped: 0,0001649 seconds, Stopping threads took: 0,0000404 seconds
2017-03-05T15:13:08.761+0100: 2247,257: Total time for which application threads were stopped: 0,0000938 seconds, Stopping threads took: 0,0000181 seconds
2017-03-05T15:13:12.761+0100: 2251,257: Total time for which application threads were stopped: 0,0000681 seconds, Stopping threads took: 0,0000145 seconds
2017-03-05T15:13:14.762+0100: 2253,257: Total time for which application threads were stopped: 0,0000690 seconds, Stopping threads took: 0,0000142 seconds
2017-03-05T15:13:20.762+0100: 2259,258: Total time for which application threads were stopped: 0,0000657 seconds, Stopping threads took: 0,0000146 seconds
2017-03-05T15:13:21.762+0100: 2260,258: Total time for which application threads were stopped: 0,0000807 seconds, Stopping threads took: 0,0000163 seconds
2017-03-05T15:13:25.763+0100: 2264,258: Total time for which application threads were stopped: 0,0000904 seconds, Stopping threads took: 0,0000171 seconds
2017-03-05T15:13:30.763+0100: 2269,259: Total time for which application threads were stopped: 0,0000891 seconds, Stopping threads took: 0,0000171 seconds
2017-03-05T15:13:32.763+0100: 2271,259: Total time for which application threads were stopped: 0,0001140 seconds, Stopping threads took: 0,0000237 seconds
2017-03-05T15:13:33.764+0100: 2272,259: Total time for which application threads were stopped: 0,0001256 seconds, Stopping threads took: 0,0000397 seconds
2017-03-05T15:13:37.764+0100: 2276,260: Total time for which application threads were stopped: 0,0000967 seconds, Stopping threads took: 0,0000223 seconds
2017-03-05T15:13:47.765+0100: 2286,261: Total time for which application threads were stopped: 0,0000888 seconds, Stopping threads took: 0,0000180 seconds
2017-03-05T15:14:01.766+0100: 2300,262: Total time for which application threads were stopped: 0,0000676 seconds, Stopping threads took: 0,0000154 seconds
2017-03-05T15:14:03.767+0100: 2302,263: Total time for which application threads were stopped: 0,0001273 seconds, Stopping threads took: 0,0000421 seconds
2017-03-05T15:14:14.769+0100: 2313,265: Total time for which application threads were stopped: 0,0004036 seconds, Stopping threads took: 0,0001060 seconds
2017-03-05T15:14:52.530+0100: 2351,026: Total time for which application threads were stopped: 0,0001835 seconds, Stopping threads took: 0,0000162 seconds
2017-03-05T15:14:54.531+0100: 2353,027: Total time for which application threads were stopped: 0,0000878 seconds, Stopping threads took: 0,0000167 seconds
2017-03-05T15:14:56.531+0100: 2355,027: Total time for which application threads were stopped: 0,0000860 seconds, Stopping threads took: 0,0000183 seconds
2017-03-05T15:14:59.531+0100: 2358,027: Total time for which application threads were stopped: 0,0000705 seconds, Stopping threads took: 0,0000144 seconds
{Heap before GC invocations=11 (full 1):
 par new generation   total 109248K, used 107244K [0x00000000e0000000, 0x00000000e8000000, 0x00000000e8000000)
  eden space 87424K, 100% used [0x00000000e0000000, 0x00000000e5560000, 0x00000000e5560000)
  from space 21824K,  90% used [0x00000000e6ab0000, 0x00000000e7e0b290, 0x00000000e8000000)
  to   space 21824K,   0% used [0x00000000e5560000, 0x00000000e5560000, 0x00000000e6ab0000)
 concurrent mark-sweep generation total 393216K, used 7062K [0x00000000e8000000, 0x0000000100000000, 0x0000000100000000)
 Metaspace       used 30661K, capacity 31304K, committed 31612K, reserved 1077248K
  class space    used 3419K, capacity 3681K, committed 3708K, reserved 1048576K
2017-03-05T15:15:00.753+0100: 2359,249: [GC (Allocation Failure) 2017-03-05T15:15:00.753+0100: 2359,249: [ParNew
Desired survivor size 20112992 bytes, new threshold 8 (max 8)
- age   1:     653592 bytes,     653592 total
- age   2:    1364952 bytes,    2018544 total
- age   3:    7624392 bytes,    9642936 total
- age   4:     183416 bytes,    9826352 total
- age   5:     168040 bytes,    9994392 total
- age   6:    1370048 bytes,   11364440 total
- age   7:      49728 bytes,   11414168 total
- age   8:      91656 bytes,   11505824 total
: 107244K->14177K(109248K), 0,0172720 secs] 114306K->21242K(502464K), 0,0174891 secs] [Times: user=0,05 sys=0,00, real=0,02 secs] 
Heap after GC invocations=12 (full 1):
 par new generation   total 109248K, used 14177K [0x00000000e0000000, 0x00000000e8000000, 0x00000000e8000000)
  eden space 87424K,   0% used [0x00000000e0000000, 0x00000000e0000000, 0x00000000e5560000)
  from space 21824K,  64% used [0x00000000e5560000, 0x00000000e6338430, 0x00000000e6ab0000)
  to   space 21824K,   0% used [0x00000000e6ab0000, 0x00000000e6ab0000, 0x00000000e8000000)
 concurrent mark-sweep generation total 393216K, used 7065K [0x00000000e8000000, 0x0000000100000000, 0x0000000100000000)
 Metaspace       used 30661K, capacity 31304K, committed 31612K, reserved 1077248K
  class space    used 3419K, capacity 3681K, committed 3708K, reserved 1048576K
}
2017-03-05T15:15:00.770+0100: 2359,266: Total time for which application threads were stopped: 0,0182584 seconds, Stopping threads took: 0,0000670 seconds
2017-03-05T15:15:01.771+0100: 2360,266: Total time for which application threads were stopped: 0,0001147 seconds, Stopping threads took: 0,0000196 seconds
2017-03-05T15:15:02.771+0100: 2361,267: Total time for which application threads were stopped: 0,0000809 seconds, Stopping threads took: 0,0000175 seconds
2017-03-05T15:15:04.772+0100: 2363,267: Total time for which application threads were stopped: 0,0005902 seconds, Stopping threads took: 0,0001787 seconds
2017-03-05T15:15:05.772+0100: 2364,268: Total time for which application threads were stopped: 0,0007057 seconds, Stopping threads took: 0,0001253 seconds
2017-03-05T15:15:09.773+0100: 2368,269: Total time for which application threads were stopped: 0,0000700 seconds, Stopping threads took: 0,0000157 seconds
2017-03-05T15:15:10.773+0100: 2369,269: Total time for which application threads were stopped: 0,0001124 seconds, Stopping threads took: 0,0000240 seconds
2017-03-05T15:15:11.774+0100: 2370,269: Total time for which application threads were stopped: 0,0001054 seconds, Stopping threads took: 0,0000227 seconds
2017-03-05T15:15:12.774+0100: 2371,270: Total time for which application threads were stopped: 0,0006359 seconds, Stopping threads took: 0,0001309 seconds
2017-03-05T15:15:15.775+0100: 2374,271: Total time for which application threads were stopped: 0,0001138 seconds, Stopping threads took: 0,0000285 seconds
2017-03-05T15:15:16.775+0100: 2375,271: Total time for which application threads were stopped: 0,0000728 seconds, Stopping threads took: 0,0000156 seconds
2017-03-05T15:15:17.776+0100: 2376,271: Total time for which application threads were stopped: 0,0004207 seconds, Stopping threads took: 0,0001110 seconds
2017-03-05T15:15:30.777+0100: 2389,273: Total time for which application threads were stopped: 0,0001199 seconds, Stopping threads took: 0,0000279 seconds
2017-03-05T15:15:36.777+0100: 2395,273: Total time for which application threads were stopped: 0,0000870 seconds, Stopping threads took: 0,0000301 seconds
2017-03-05T15:15:39.721+0100: 2398,217: Total time for which application threads were stopped: 0,0001598 seconds, Stopping threads took: 0,0000334 seconds
2017-03-05T15:15:40.721+0100: 2399,217: Total time for which application threads were stopped: 0,0000745 seconds, Stopping threads took: 0,0000145 seconds
2017-03-05T15:19:14.746+0100: 2613,242: Total time for which application threads were stopped: 0,0001153 seconds, Stopping threads took: 0,0000390 seconds
2017-03-05T15:28:04.801+0100: 3143,296: Total time for which application threads were stopped: 0,0000869 seconds, Stopping threads took: 0,0000297 seconds
2017-03-05T15:28:44.806+0100: 3183,302: Total time for which application threads were stopped: 0,0010453 seconds, Stopping threads took: 0,0003232 seconds
2017-03-05T15:29:13.809+0100: 3212,305: Total time for which application threads were stopped: 0,0000812 seconds, Stopping threads took: 0,0000271 seconds
2017-03-05T15:29:43.812+0100: 3242,308: Total time for which application threads were stopped: 0,0000962 seconds, Stopping threads took: 0,0000333 seconds
2017-03-05T15:30:03.814+0100: 3262,310: Total time for which application threads were stopped: 0,0000674 seconds, Stopping threads took: 0,0000153 seconds
2017-03-05T15:30:18.816+0100: 3277,312: Total time for which application threads were stopped: 0,0001215 seconds, Stopping threads took: 0,0000385 seconds
2017-03-05T15:32:43.832+0100: 3422,328: Total time for which application threads were stopped: 0,0001173 seconds, Stopping threads took: 0,0000422 seconds
2017-03-05T15:54:33.498+0100: 4731,994: Total time for which application threads were stopped: 0,0001281 seconds, Stopping threads took: 0,0000439 seconds
2017-03-05T15:54:33.525+0100: 4732,021: Total time for which application threads were stopped: 0,0001524 seconds, Stopping threads took: 0,0000262 seconds
2017-03-05T15:54:33.566+0100: 4732,061: Total time for which application threads were stopped: 0,0052019 seconds, Stopping threads took: 0,0050897 seconds
2017-03-05T15:54:33.567+0100: 4732,062: Total time for which application threads were stopped: 0,0002019 seconds, Stopping threads took: 0,0001232 seconds
2017-03-05T15:54:33.579+0100: 4732,074: Total time for which application threads were stopped: 0,0119753 seconds, Stopping threads took: 0,0118685 seconds
2017-03-05T15:54:33.579+0100: 4732,075: Total time for which application threads were stopped: 0,0000846 seconds, Stopping threads took: 0,0000212 seconds
2017-03-05T15:54:33.579+0100: 4732,075: Total time for which application threads were stopped: 0,0000850 seconds, Stopping threads took: 0,0000194 seconds
2017-03-05T15:54:33.598+0100: 4732,094: Total time for which application threads were stopped: 0,0075401 seconds, Stopping threads took: 0,0073981 seconds
2017-03-05T15:54:33.615+0100: 4732,111: Total time for which application threads were stopped: 0,0001044 seconds, Stopping threads took: 0,0000163 seconds
Heap
 par new generation   total 109248K, used 48832K [0x00000000e0000000, 0x00000000e8000000, 0x00000000e8000000)
  eden space 87424K,  39% used [0x00000000e0000000, 0x00000000e21d7d30, 0x00000000e5560000)
  from space 21824K,  64% used [0x00000000e5560000, 0x00000000e6338430, 0x00000000e6ab0000)
  to   space 21824K,   0% used [0x00000000e6ab0000, 0x00000000e6ab0000, 0x00000000e8000000)
 concurrent mark-sweep generation total 393216K, used 7065K [0x00000000e8000000, 0x0000000100000000, 0x0000000100000000)
 Metaspace       used 30786K, capacity 31378K, committed 31612K, reserved 1077248K
  class space    used 3431K, capacity 3684K, committed 3708K, reserved 1048576K
