OpenJDK 64-Bit Server VM (25.131-b11) for linux-amd64 JRE (1.8.0_131-8u131-b11-2ubuntu1.16.04.3-b11), built on Jul 28 2017 01:23:32 by "buildd" with gcc 5.4.0 20160609
Memory: 4k page, physical 7867732k(7465280k free), swap 8076284k(8076284k free)
CommandLine flags: -XX:CMSInitiatingOccupancyFraction=50 -XX:CMSMaxAbortablePrecleanTime=6000 -XX:+CMSParallelRemarkEnabled -XX:+CMSScavengeBeforeRemark -XX:ConcGCThreads=4 -XX:InitialHeapSize=536870912 -XX:MaxHeapSize=536870912 -XX:MaxTenuringThreshold=8 -XX:NewRatio=3 -XX:OldPLABSize=16 -XX:OnOutOfMemoryError=/opt/solr/bin/oom_solr.sh 8983 /var/solr/logs -XX:ParallelGCThreads=4 -XX:+ParallelRefProcEnabled -XX:PretenureSizeThreshold=67108864 -XX:+PrintGC -XX:+PrintGCApplicationStoppedTime -XX:+PrintGCDateStamps -XX:+PrintGCDetails -XX:+PrintGCTimeStamps -XX:+PrintHeapAtGC -XX:+PrintTenuringDistribution -XX:SurvivorRatio=4 -XX:TargetSurvivorRatio=90 -XX:ThreadStackSize=256 -XX:+UseCMSInitiatingOccupancyOnly -XX:+UseCompressedClassPointers -XX:+UseCompressedOops -XX:+UseConcMarkSweepGC -XX:+UseParNewGC 
2017-08-18T18:17:54.268+0200: 0,165: Total time for which application threads were stopped: 0,0000777 seconds, Stopping threads took: 0,0000091 seconds
2017-08-18T18:17:54.377+0200: 0,274: Total time for which application threads were stopped: 0,0001518 seconds, Stopping threads took: 0,0000615 seconds
2017-08-18T18:17:54.395+0200: 0,292: Total time for which application threads were stopped: 0,0000824 seconds, Stopping threads took: 0,0000143 seconds
2017-08-18T18:17:54.737+0200: 0,634: Total time for which application threads were stopped: 0,0001696 seconds, Stopping threads took: 0,0000124 seconds
2017-08-18T18:17:55.185+0200: 1,081: Total time for which application threads were stopped: 0,0001684 seconds, Stopping threads took: 0,0000233 seconds
2017-08-18T18:17:55.288+0200: 1,184: Total time for which application threads were stopped: 0,0001296 seconds, Stopping threads took: 0,0000124 seconds
2017-08-18T18:17:55.307+0200: 1,204: Total time for which application threads were stopped: 0,0001793 seconds, Stopping threads took: 0,0000285 seconds
2017-08-18T18:17:55.584+0200: 1,481: Total time for which application threads were stopped: 0,0013428 seconds, Stopping threads took: 0,0001916 seconds
2017-08-18T18:17:55.835+0200: 1,732: Total time for which application threads were stopped: 0,0002572 seconds, Stopping threads took: 0,0000202 seconds
2017-08-18T18:17:55.862+0200: 1,759: Total time for which application threads were stopped: 0,0001750 seconds, Stopping threads took: 0,0000236 seconds
2017-08-18T18:17:55.903+0200: 1,800: Total time for which application threads were stopped: 0,0004457 seconds, Stopping threads took: 0,0000326 seconds
2017-08-18T18:17:55.905+0200: 1,802: Total time for which application threads were stopped: 0,0003487 seconds, Stopping threads took: 0,0000412 seconds
2017-08-18T18:17:55.923+0200: 1,819: Total time for which application threads were stopped: 0,0001968 seconds, Stopping threads took: 0,0000186 seconds
2017-08-18T18:17:56.009+0200: 1,905: Total time for which application threads were stopped: 0,0002533 seconds, Stopping threads took: 0,0000218 seconds
2017-08-18T18:17:56.181+0200: 2,078: Total time for which application threads were stopped: 0,0002561 seconds, Stopping threads took: 0,0000412 seconds
{Heap before GC invocations=0 (full 0):
 par new generation   total 109248K, used 87424K [0x00000000e0000000, 0x00000000e8000000, 0x00000000e8000000)
  eden space 87424K, 100% used [0x00000000e0000000, 0x00000000e5560000, 0x00000000e5560000)
  from space 21824K,   0% used [0x00000000e5560000, 0x00000000e5560000, 0x00000000e6ab0000)
  to   space 21824K,   0% used [0x00000000e6ab0000, 0x00000000e6ab0000, 0x00000000e8000000)
 concurrent mark-sweep generation total 393216K, used 0K [0x00000000e8000000, 0x0000000100000000, 0x0000000100000000)
 Metaspace       used 18022K, capacity 18336K, committed 18688K, reserved 1064960K
  class space    used 2035K, capacity 2196K, committed 2304K, reserved 1048576K
2017-08-18T18:17:56.271+0200: 2,167: [GC (Allocation Failure) 2017-08-18T18:17:56.271+0200: 2,167: [ParNew
Desired survivor size 20112992 bytes, new threshold 8 (max 8)
- age   1:   12570312 bytes,   12570312 total
: 87424K->12394K(109248K), 0,0163718 secs] 87424K->12394K(502464K), 0,0164519 secs] [Times: user=0,04 sys=0,00, real=0,01 secs] 
Heap after GC invocations=1 (full 0):
 par new generation   total 109248K, used 12394K [0x00000000e0000000, 0x00000000e8000000, 0x00000000e8000000)
  eden space 87424K,   0% used [0x00000000e0000000, 0x00000000e0000000, 0x00000000e5560000)
  from space 21824K,  56% used [0x00000000e6ab0000, 0x00000000e76cab78, 0x00000000e8000000)
  to   space 21824K,   0% used [0x00000000e5560000, 0x00000000e5560000, 0x00000000e6ab0000)
 concurrent mark-sweep generation total 393216K, used 0K [0x00000000e8000000, 0x0000000100000000, 0x0000000100000000)
 Metaspace       used 18022K, capacity 18336K, committed 18688K, reserved 1064960K
  class space    used 2035K, capacity 2196K, committed 2304K, reserved 1048576K
}
2017-08-18T18:17:56.287+0200: 2,183: Total time for which application threads were stopped: 0,0170666 seconds, Stopping threads took: 0,0004284 seconds
2017-08-18T18:17:56.625+0200: 2,521: Total time for which application threads were stopped: 0,0004026 seconds, Stopping threads took: 0,0000389 seconds
2017-08-18T18:17:56.665+0200: 2,562: Total time for which application threads were stopped: 0,0020024 seconds, Stopping threads took: 0,0016656 seconds
{Heap before GC invocations=1 (full 0):
 par new generation   total 109248K, used 99818K [0x00000000e0000000, 0x00000000e8000000, 0x00000000e8000000)
  eden space 87424K, 100% used [0x00000000e0000000, 0x00000000e5560000, 0x00000000e5560000)
  from space 21824K,  56% used [0x00000000e6ab0000, 0x00000000e76cab78, 0x00000000e8000000)
  to   space 21824K,   0% used [0x00000000e5560000, 0x00000000e5560000, 0x00000000e6ab0000)
 concurrent mark-sweep generation total 393216K, used 0K [0x00000000e8000000, 0x0000000100000000, 0x0000000100000000)
 Metaspace       used 20059K, capacity 20372K, committed 20736K, reserved 1067008K
  class space    used 2298K, capacity 2472K, committed 2560K, reserved 1048576K
2017-08-18T18:17:56.670+0200: 2,567: [GC (Allocation Failure) 2017-08-18T18:17:56.670+0200: 2,567: [ParNew
Desired survivor size 20112992 bytes, new threshold 8 (max 8)
- age   1:    3751616 bytes,    3751616 total
- age   2:    6659032 bytes,   10410648 total
: 99818K->13747K(109248K), 0,0152269 secs] 99818K->13747K(502464K), 0,0153161 secs] [Times: user=0,05 sys=0,00, real=0,01 secs] 
Heap after GC invocations=2 (full 0):
 par new generation   total 109248K, used 13747K [0x00000000e0000000, 0x00000000e8000000, 0x00000000e8000000)
  eden space 87424K,   0% used [0x00000000e0000000, 0x00000000e0000000, 0x00000000e5560000)
  from space 21824K,  62% used [0x00000000e5560000, 0x00000000e62ccfc8, 0x00000000e6ab0000)
  to   space 21824K,   0% used [0x00000000e6ab0000, 0x00000000e6ab0000, 0x00000000e8000000)
 concurrent mark-sweep generation total 393216K, used 0K [0x00000000e8000000, 0x0000000100000000, 0x0000000100000000)
 Metaspace       used 20059K, capacity 20372K, committed 20736K, reserved 1067008K
  class space    used 2298K, capacity 2472K, committed 2560K, reserved 1048576K
}
2017-08-18T18:17:56.686+0200: 2,582: Total time for which application threads were stopped: 0,0155685 seconds, Stopping threads took: 0,0000829 seconds
2017-08-18T18:17:56.739+0200: 2,636: Total time for which application threads were stopped: 0,0002967 seconds, Stopping threads took: 0,0000289 seconds
2017-08-18T18:17:56.855+0200: 2,752: Total time for which application threads were stopped: 0,0001507 seconds, Stopping threads took: 0,0000438 seconds
{Heap before GC invocations=2 (full 0):
 par new generation   total 109248K, used 101171K [0x00000000e0000000, 0x00000000e8000000, 0x00000000e8000000)
  eden space 87424K, 100% used [0x00000000e0000000, 0x00000000e5560000, 0x00000000e5560000)
  from space 21824K,  62% used [0x00000000e5560000, 0x00000000e62ccfc8, 0x00000000e6ab0000)
  to   space 21824K,   0% used [0x00000000e6ab0000, 0x00000000e6ab0000, 0x00000000e8000000)
 concurrent mark-sweep generation total 393216K, used 0K [0x00000000e8000000, 0x0000000100000000, 0x0000000100000000)
 Metaspace       used 20994K, capacity 21306K, committed 21628K, reserved 1069056K
  class space    used 2420K, capacity 2593K, committed 2684K, reserved 1048576K
2017-08-18T18:17:56.885+0200: 2,782: [GC (Allocation Failure) 2017-08-18T18:17:56.885+0200: 2,782: [ParNew
Desired survivor size 20112992 bytes, new threshold 8 (max 8)
- age   1:    2014856 bytes,    2014856 total
- age   2:     874464 bytes,    2889320 total
- age   3:    6655360 bytes,    9544680 total
: 101171K->12997K(109248K), 0,0120398 secs] 101171K->12997K(502464K), 0,0121255 secs] [Times: user=0,04 sys=0,00, real=0,02 secs] 
Heap after GC invocations=3 (full 0):
 par new generation   total 109248K, used 12997K [0x00000000e0000000, 0x00000000e8000000, 0x00000000e8000000)
  eden space 87424K,   0% used [0x00000000e0000000, 0x00000000e0000000, 0x00000000e5560000)
  from space 21824K,  59% used [0x00000000e6ab0000, 0x00000000e7761480, 0x00000000e8000000)
  to   space 21824K,   0% used [0x00000000e5560000, 0x00000000e5560000, 0x00000000e6ab0000)
 concurrent mark-sweep generation total 393216K, used 0K [0x00000000e8000000, 0x0000000100000000, 0x0000000100000000)
 Metaspace       used 20994K, capacity 21306K, committed 21628K, reserved 1069056K
  class space    used 2420K, capacity 2593K, committed 2684K, reserved 1048576K
}
2017-08-18T18:17:56.897+0200: 2,794: Total time for which application threads were stopped: 0,0123867 seconds, Stopping threads took: 0,0000767 seconds
2017-08-18T18:17:56.898+0200: 2,794: [GC (CMS Initial Mark) [1 CMS-initial-mark: 0K(393216K)] 13714K(502464K), 0,0046836 secs] [Times: user=0,01 sys=0,00, real=0,00 secs] 
2017-08-18T18:17:56.903+0200: 2,799: Total time for which application threads were stopped: 0,0049313 seconds, Stopping threads took: 0,0001486 seconds
2017-08-18T18:17:56.903+0200: 2,799: [CMS-concurrent-mark-start]
2017-08-18T18:17:56.903+0200: 2,800: [CMS-concurrent-mark: 0,001/0,001 secs] [Times: user=0,01 sys=0,00, real=0,00 secs] 
2017-08-18T18:17:56.903+0200: 2,800: [CMS-concurrent-preclean-start]
2017-08-18T18:17:56.904+0200: 2,801: [CMS-concurrent-preclean: 0,001/0,001 secs] [Times: user=0,00 sys=0,00, real=0,00 secs] 
2017-08-18T18:17:56.904+0200: 2,801: [GC (CMS Final Remark) [YG occupancy: 15127 K (109248 K)]{Heap before GC invocations=3 (full 1):
 par new generation   total 109248K, used 15127K [0x00000000e0000000, 0x00000000e8000000, 0x00000000e8000000)
  eden space 87424K,   2% used [0x00000000e0000000, 0x00000000e02149e8, 0x00000000e5560000)
  from space 21824K,  59% used [0x00000000e6ab0000, 0x00000000e7761480, 0x00000000e8000000)
  to   space 21824K,   0% used [0x00000000e5560000, 0x00000000e5560000, 0x00000000e6ab0000)
 concurrent mark-sweep generation total 393216K, used 0K [0x00000000e8000000, 0x0000000100000000, 0x0000000100000000)
 Metaspace       used 20999K, capacity 21306K, committed 21628K, reserved 1069056K
  class space    used 2420K, capacity 2593K, committed 2684K, reserved 1048576K
2017-08-18T18:17:56.904+0200: 2,801: [GC (CMS Final Remark) 2017-08-18T18:17:56.904+0200: 2,801: [ParNew
Desired survivor size 20112992 bytes, new threshold 8 (max 8)
- age   1:     149480 bytes,     149480 total
- age   2:    1469568 bytes,    1619048 total
- age   3:     845232 bytes,    2464280 total
- age   4:    6655336 bytes,    9119616 total
: 15127K->12348K(109248K), 0,0118260 secs] 15127K->12348K(502464K), 0,0118675 secs] [Times: user=0,03 sys=0,00, real=0,01 secs] 
Heap after GC invocations=4 (full 1):
 par new generation   total 109248K, used 12348K [0x00000000e0000000, 0x00000000e8000000, 0x00000000e8000000)
  eden space 87424K,   0% used [0x00000000e0000000, 0x00000000e0000000, 0x00000000e5560000)
  from space 21824K,  56% used [0x00000000e5560000, 0x00000000e616f300, 0x00000000e6ab0000)
  to   space 21824K,   0% used [0x00000000e6ab0000, 0x00000000e6ab0000, 0x00000000e8000000)
 concurrent mark-sweep generation total 393216K, used 0K [0x00000000e8000000, 0x0000000100000000, 0x0000000100000000)
 Metaspace       used 20999K, capacity 21306K, committed 21628K, reserved 1069056K
  class space    used 2420K, capacity 2593K, committed 2684K, reserved 1048576K
}
2017-08-18T18:17:56.916+0200: 2,813: [Rescan (parallel) , 0,0038399 secs]2017-08-18T18:17:56.920+0200: 2,817: [weak refs processing, 0,0005478 secs]2017-08-18T18:17:56.921+0200: 2,817: [class unloading, 0,0027119 secs]2017-08-18T18:17:56.923+0200: 2,820: [scrub symbol table, 0,0037892 secs]2017-08-18T18:17:56.927+0200: 2,824: [scrub string table, 0,0004034 secs][1 CMS-remark: 0K(393216K)] 12348K(502464K), 0,0237740 secs] [Times: user=0,06 sys=0,00, real=0,02 secs] 
2017-08-18T18:17:56.928+0200: 2,825: Total time for which application threads were stopped: 0,0239082 seconds, Stopping threads took: 0,0000607 seconds
2017-08-18T18:17:56.928+0200: 2,825: [CMS-concurrent-sweep-start]
2017-08-18T18:17:56.928+0200: 2,825: [CMS-concurrent-sweep: 0,000/0,000 secs] [Times: user=0,00 sys=0,00, real=0,00 secs] 
2017-08-18T18:17:56.928+0200: 2,825: [CMS-concurrent-reset-start]
2017-08-18T18:17:56.937+0200: 2,833: [CMS-concurrent-reset: 0,008/0,008 secs] [Times: user=0,03 sys=0,00, real=0,01 secs] 
{Heap before GC invocations=4 (full 1):
 par new generation   total 109248K, used 99772K [0x00000000e0000000, 0x00000000e8000000, 0x00000000e8000000)
  eden space 87424K, 100% used [0x00000000e0000000, 0x00000000e5560000, 0x00000000e5560000)
  from space 21824K,  56% used [0x00000000e5560000, 0x00000000e616f300, 0x00000000e6ab0000)
  to   space 21824K,   0% used [0x00000000e6ab0000, 0x00000000e6ab0000, 0x00000000e8000000)
 concurrent mark-sweep generation total 393216K, used 0K [0x00000000e8000000, 0x0000000100000000, 0x0000000100000000)
 Metaspace       used 21242K, capacity 21640K, committed 21884K, reserved 1069056K
  class space    used 2449K, capacity 2607K, committed 2684K, reserved 1048576K
2017-08-18T18:17:57.035+0200: 2,931: [GC (Allocation Failure) 2017-08-18T18:17:57.035+0200: 2,931: [ParNew
Desired survivor size 20112992 bytes, new threshold 8 (max 8)
- age   1:    1326120 bytes,    1326120 total
- age   2:       1312 bytes,    1327432 total
- age   3:    1467576 bytes,    2795008 total
- age   4:     841120 bytes,    3636128 total
- age   5:    6655560 bytes,   10291688 total
: 99772K->12580K(109248K), 0,0095970 secs] 99772K->12580K(502464K), 0,0096700 secs] [Times: user=0,03 sys=0,00, real=0,01 secs] 
Heap after GC invocations=5 (full 1):
 par new generation   total 109248K, used 12580K [0x00000000e0000000, 0x00000000e8000000, 0x00000000e8000000)
  eden space 87424K,   0% used [0x00000000e0000000, 0x00000000e0000000, 0x00000000e5560000)
  from space 21824K,  57% used [0x00000000e6ab0000, 0x00000000e76f9088, 0x00000000e8000000)
  to   space 21824K,   0% used [0x00000000e5560000, 0x00000000e5560000, 0x00000000e6ab0000)
 concurrent mark-sweep generation total 393216K, used 0K [0x00000000e8000000, 0x0000000100000000, 0x0000000100000000)
 Metaspace       used 21242K, capacity 21640K, committed 21884K, reserved 1069056K
  class space    used 2449K, capacity 2607K, committed 2684K, reserved 1048576K
}
2017-08-18T18:17:57.044+0200: 2,941: Total time for which application threads were stopped: 0,0099083 seconds, Stopping threads took: 0,0000765 seconds
{Heap before GC invocations=5 (full 1):
 par new generation   total 109248K, used 100004K [0x00000000e0000000, 0x00000000e8000000, 0x00000000e8000000)
  eden space 87424K, 100% used [0x00000000e0000000, 0x00000000e5560000, 0x00000000e5560000)
  from space 21824K,  57% used [0x00000000e6ab0000, 0x00000000e76f9088, 0x00000000e8000000)
  to   space 21824K,   0% used [0x00000000e5560000, 0x00000000e5560000, 0x00000000e6ab0000)
 concurrent mark-sweep generation total 393216K, used 0K [0x00000000e8000000, 0x0000000100000000, 0x0000000100000000)
 Metaspace       used 21414K, capacity 21812K, committed 21884K, reserved 1069056K
  class space    used 2468K, capacity 2641K, committed 2684K, reserved 1048576K
2017-08-18T18:17:57.137+0200: 3,034: [GC (Allocation Failure) 2017-08-18T18:17:57.137+0200: 3,034: [ParNew
Desired survivor size 20112992 bytes, new threshold 8 (max 8)
- age   1:     286776 bytes,     286776 total
- age   2:     182424 bytes,     469200 total
- age   3:       1312 bytes,     470512 total
- age   4:    1467232 bytes,    1937744 total
- age   5:     839072 bytes,    2776816 total
- age   6:    6655320 bytes,    9432136 total
: 100004K->15192K(109248K), 0,0122260 secs] 100004K->15192K(502464K), 0,0122863 secs] [Times: user=0,04 sys=0,00, real=0,01 secs] 
Heap after GC invocations=6 (full 1):
 par new generation   total 109248K, used 15192K [0x00000000e0000000, 0x00000000e8000000, 0x00000000e8000000)
  eden space 87424K,   0% used [0x00000000e0000000, 0x00000000e0000000, 0x00000000e5560000)
  from space 21824K,  69% used [0x00000000e5560000, 0x00000000e64361a0, 0x00000000e6ab0000)
  to   space 21824K,   0% used [0x00000000e6ab0000, 0x00000000e6ab0000, 0x00000000e8000000)
 concurrent mark-sweep generation total 393216K, used 0K [0x00000000e8000000, 0x0000000100000000, 0x0000000100000000)
 Metaspace       used 21414K, capacity 21812K, committed 21884K, reserved 1069056K
  class space    used 2468K, capacity 2641K, committed 2684K, reserved 1048576K
}
2017-08-18T18:17:57.150+0200: 3,046: Total time for which application threads were stopped: 0,0124691 seconds, Stopping threads took: 0,0000398 seconds
2017-08-18T18:17:57.196+0200: 3,093: Total time for which application threads were stopped: 0,0003564 seconds, Stopping threads took: 0,0000531 seconds
2017-08-18T18:17:57.444+0200: 3,341: Total time for which application threads were stopped: 0,0004559 seconds, Stopping threads took: 0,0000273 seconds
2017-08-18T18:17:57.459+0200: 3,355: Total time for which application threads were stopped: 0,0004037 seconds, Stopping threads took: 0,0000430 seconds
{Heap before GC invocations=6 (full 1):
 par new generation   total 109248K, used 102616K [0x00000000e0000000, 0x00000000e8000000, 0x00000000e8000000)
  eden space 87424K, 100% used [0x00000000e0000000, 0x00000000e5560000, 0x00000000e5560000)
  from space 21824K,  69% used [0x00000000e5560000, 0x00000000e64361a0, 0x00000000e6ab0000)
  to   space 21824K,   0% used [0x00000000e6ab0000, 0x00000000e6ab0000, 0x00000000e8000000)
 concurrent mark-sweep generation total 393216K, used 0K [0x00000000e8000000, 0x0000000100000000, 0x0000000100000000)
 Metaspace       used 23886K, capacity 24372K, committed 24572K, reserved 1071104K
  class space    used 2807K, capacity 2983K, committed 3068K, reserved 1048576K
2017-08-18T18:17:57.605+0200: 3,502: [GC (Allocation Failure) 2017-08-18T18:17:57.605+0200: 3,502: [ParNew
Desired survivor size 20112992 bytes, new threshold 8 (max 8)
- age   1:    5307032 bytes,    5307032 total
- age   2:     137304 bytes,    5444336 total
- age   3:     181000 bytes,    5625336 total
- age   4:       1312 bytes,    5626648 total
- age   5:     297416 bytes,    5924064 total
- age   6:     814712 bytes,    6738776 total
- age   7:    6647112 bytes,   13385888 total
: 102616K->15655K(109248K), 0,0148165 secs] 102616K->15655K(502464K), 0,0148845 secs] [Times: user=0,05 sys=0,00, real=0,02 secs] 
Heap after GC invocations=7 (full 1):
 par new generation   total 109248K, used 15655K [0x00000000e0000000, 0x00000000e8000000, 0x00000000e8000000)
  eden space 87424K,   0% used [0x00000000e0000000, 0x00000000e0000000, 0x00000000e5560000)
  from space 21824K,  71% used [0x00000000e6ab0000, 0x00000000e79f9fc0, 0x00000000e8000000)
  to   space 21824K,   0% used [0x00000000e5560000, 0x00000000e5560000, 0x00000000e6ab0000)
 concurrent mark-sweep generation total 393216K, used 0K [0x00000000e8000000, 0x0000000100000000, 0x0000000100000000)
 Metaspace       used 23886K, capacity 24372K, committed 24572K, reserved 1071104K
  class space    used 2807K, capacity 2983K, committed 3068K, reserved 1048576K
}
2017-08-18T18:17:57.620+0200: 3,517: Total time for which application threads were stopped: 0,0155257 seconds, Stopping threads took: 0,0004263 seconds
{Heap before GC invocations=7 (full 1):
 par new generation   total 109248K, used 103079K [0x00000000e0000000, 0x00000000e8000000, 0x00000000e8000000)
  eden space 87424K, 100% used [0x00000000e0000000, 0x00000000e5560000, 0x00000000e5560000)
  from space 21824K,  71% used [0x00000000e6ab0000, 0x00000000e79f9fc0, 0x00000000e8000000)
  to   space 21824K,   0% used [0x00000000e5560000, 0x00000000e5560000, 0x00000000e6ab0000)
 concurrent mark-sweep generation total 393216K, used 0K [0x00000000e8000000, 0x0000000100000000, 0x0000000100000000)
 Metaspace       used 24597K, capacity 25050K, committed 25212K, reserved 1071104K
  class space    used 2873K, capacity 3080K, committed 3196K, reserved 1048576K
2017-08-18T18:17:57.744+0200: 3,641: [GC (Allocation Failure) 2017-08-18T18:17:57.744+0200: 3,641: [ParNew
Desired survivor size 20112992 bytes, new threshold 8 (max 8)
- age   1:    2056112 bytes,    2056112 total
- age   2:    1789176 bytes,    3845288 total
- age   3:      62992 bytes,    3908280 total
- age   4:     108216 bytes,    4016496 total
- age   5:        976 bytes,    4017472 total
- age   6:     182616 bytes,    4200088 total
- age   7:     787072 bytes,    4987160 total
- age   8:    6113880 bytes,   11101040 total
: 103079K->16383K(109248K), 0,0178150 secs] 103079K->16383K(502464K), 0,0178945 secs] [Times: user=0,05 sys=0,00, real=0,02 secs] 
Heap after GC invocations=8 (full 1):
 par new generation   total 109248K, used 16383K [0x00000000e0000000, 0x00000000e8000000, 0x00000000e8000000)
  eden space 87424K,   0% used [0x00000000e0000000, 0x00000000e0000000, 0x00000000e5560000)
  from space 21824K,  75% used [0x00000000e5560000, 0x00000000e655fea0, 0x00000000e6ab0000)
  to   space 21824K,   0% used [0x00000000e6ab0000, 0x00000000e6ab0000, 0x00000000e8000000)
 concurrent mark-sweep generation total 393216K, used 0K [0x00000000e8000000, 0x0000000100000000, 0x0000000100000000)
 Metaspace       used 24597K, capacity 25050K, committed 25212K, reserved 1071104K
  class space    used 2873K, capacity 3080K, committed 3196K, reserved 1048576K
}
2017-08-18T18:17:57.762+0200: 3,659: Total time for which application threads were stopped: 0,0181265 seconds, Stopping threads took: 0,0000356 seconds
{Heap before GC invocations=8 (full 1):
 par new generation   total 109248K, used 103807K [0x00000000e0000000, 0x00000000e8000000, 0x00000000e8000000)
  eden space 87424K, 100% used [0x00000000e0000000, 0x00000000e5560000, 0x00000000e5560000)
  from space 21824K,  75% used [0x00000000e5560000, 0x00000000e655fea0, 0x00000000e6ab0000)
  to   space 21824K,   0% used [0x00000000e6ab0000, 0x00000000e6ab0000, 0x00000000e8000000)
 concurrent mark-sweep generation total 393216K, used 0K [0x00000000e8000000, 0x0000000100000000, 0x0000000100000000)
 Metaspace       used 25028K, capacity 25524K, committed 25724K, reserved 1071104K
  class space    used 2909K, capacity 3085K, committed 3196K, reserved 1048576K
2017-08-18T18:17:57.888+0200: 3,785: [GC (Allocation Failure) 2017-08-18T18:17:57.888+0200: 3,785: [ParNew
Desired survivor size 20112992 bytes, new threshold 8 (max 8)
- age   1:     930480 bytes,     930480 total
- age   2:    1036008 bytes,    1966488 total
- age   3:    1765088 bytes,    3731576 total
- age   4:      62992 bytes,    3794568 total
- age   5:     105536 bytes,    3900104 total
- age   6:        976 bytes,    3901080 total
- age   7:     182088 bytes,    4083168 total
- age   8:     786368 bytes,    4869536 total
: 103807K->6801K(109248K), 0,0404957 secs] 103807K->12854K(502464K), 0,0405813 secs] [Times: user=0,12 sys=0,00, real=0,04 secs] 
Heap after GC invocations=9 (full 1):
 par new generation   total 109248K, used 6801K [0x00000000e0000000, 0x00000000e8000000, 0x00000000e8000000)
  eden space 87424K,   0% used [0x00000000e0000000, 0x00000000e0000000, 0x00000000e5560000)
  from space 21824K,  31% used [0x00000000e6ab0000, 0x00000000e7154410, 0x00000000e8000000)
  to   space 21824K,   0% used [0x00000000e5560000, 0x00000000e5560000, 0x00000000e6ab0000)
 concurrent mark-sweep generation total 393216K, used 6053K [0x00000000e8000000, 0x0000000100000000, 0x0000000100000000)
 Metaspace       used 25028K, capacity 25524K, committed 25724K, reserved 1071104K
  class space    used 2909K, capacity 3085K, committed 3196K, reserved 1048576K
}
2017-08-18T18:17:57.929+0200: 3,825: Total time for which application threads were stopped: 0,0409136 seconds, Stopping threads took: 0,0001380 seconds
2017-08-18T18:17:58.129+0200: 4,026: Total time for which application threads were stopped: 0,0005615 seconds, Stopping threads took: 0,0000269 seconds
2017-08-18T18:17:58.146+0200: 4,043: Total time for which application threads were stopped: 0,0004151 seconds, Stopping threads took: 0,0000249 seconds
2017-08-18T18:17:58.153+0200: 4,050: Total time for which application threads were stopped: 0,0006080 seconds, Stopping threads took: 0,0002950 seconds
2017-08-18T18:17:58.154+0200: 4,051: Total time for which application threads were stopped: 0,0001100 seconds, Stopping threads took: 0,0000315 seconds
2017-08-18T18:17:58.156+0200: 4,053: Total time for which application threads were stopped: 0,0001421 seconds, Stopping threads took: 0,0000700 seconds
2017-08-18T18:17:58.159+0200: 4,056: Total time for which application threads were stopped: 0,0002009 seconds, Stopping threads took: 0,0001182 seconds
2017-08-18T18:17:58.159+0200: 4,056: Total time for which application threads were stopped: 0,0000836 seconds, Stopping threads took: 0,0000268 seconds
2017-08-18T18:17:58.160+0200: 4,057: Total time for which application threads were stopped: 0,0000773 seconds, Stopping threads took: 0,0000241 seconds
2017-08-18T18:17:58.211+0200: 4,107: Total time for which application threads were stopped: 0,0004972 seconds, Stopping threads took: 0,0001154 seconds
2017-08-18T18:17:58.214+0200: 4,111: Total time for which application threads were stopped: 0,0001466 seconds, Stopping threads took: 0,0000541 seconds
2017-08-18T18:17:58.215+0200: 4,111: Total time for which application threads were stopped: 0,0001302 seconds, Stopping threads took: 0,0000637 seconds
2017-08-18T18:17:58.215+0200: 4,112: Total time for which application threads were stopped: 0,0001176 seconds, Stopping threads took: 0,0000382 seconds
2017-08-18T18:17:58.215+0200: 4,112: Total time for which application threads were stopped: 0,0001299 seconds, Stopping threads took: 0,0000694 seconds
2017-08-18T18:17:58.217+0200: 4,114: Total time for which application threads were stopped: 0,0016274 seconds, Stopping threads took: 0,0015819 seconds
2017-08-18T18:17:58.223+0200: 4,120: Total time for which application threads were stopped: 0,0001205 seconds, Stopping threads took: 0,0000371 seconds
2017-08-18T18:17:58.229+0200: 4,125: Total time for which application threads were stopped: 0,0001456 seconds, Stopping threads took: 0,0000717 seconds
2017-08-18T18:17:58.230+0200: 4,127: Total time for which application threads were stopped: 0,0001271 seconds, Stopping threads took: 0,0000467 seconds
2017-08-18T18:17:58.231+0200: 4,127: Total time for which application threads were stopped: 0,0000968 seconds, Stopping threads took: 0,0000291 seconds
2017-08-18T18:17:58.233+0200: 4,130: Total time for which application threads were stopped: 0,0020746 seconds, Stopping threads took: 0,0020097 seconds
2017-08-18T18:17:58.235+0200: 4,131: Total time for which application threads were stopped: 0,0001476 seconds, Stopping threads took: 0,0000399 seconds
2017-08-18T18:17:58.237+0200: 4,134: Total time for which application threads were stopped: 0,0019588 seconds, Stopping threads took: 0,0018968 seconds
2017-08-18T18:17:58.237+0200: 4,134: Total time for which application threads were stopped: 0,0000623 seconds, Stopping threads took: 0,0000173 seconds
2017-08-18T18:17:58.237+0200: 4,134: Total time for which application threads were stopped: 0,0000608 seconds, Stopping threads took: 0,0000197 seconds
2017-08-18T18:17:58.238+0200: 4,134: Total time for which application threads were stopped: 0,0000565 seconds, Stopping threads took: 0,0000207 seconds
2017-08-18T18:17:58.238+0200: 4,134: Total time for which application threads were stopped: 0,0000995 seconds, Stopping threads took: 0,0000461 seconds
2017-08-18T18:17:58.238+0200: 4,135: Total time for which application threads were stopped: 0,0001380 seconds, Stopping threads took: 0,0000223 seconds
2017-08-18T18:17:58.238+0200: 4,135: Total time for which application threads were stopped: 0,0000849 seconds, Stopping threads took: 0,0000247 seconds
2017-08-18T18:17:58.239+0200: 4,135: Total time for which application threads were stopped: 0,0000736 seconds, Stopping threads took: 0,0000284 seconds
2017-08-18T18:17:58.239+0200: 4,135: Total time for which application threads were stopped: 0,0000689 seconds, Stopping threads took: 0,0000206 seconds
2017-08-18T18:17:58.239+0200: 4,135: Total time for which application threads were stopped: 0,0000657 seconds, Stopping threads took: 0,0000185 seconds
2017-08-18T18:17:58.239+0200: 4,135: Total time for which application threads were stopped: 0,0000554 seconds, Stopping threads took: 0,0000155 seconds
2017-08-18T18:17:58.239+0200: 4,136: Total time for which application threads were stopped: 0,0000923 seconds, Stopping threads took: 0,0000274 seconds
2017-08-18T18:17:58.239+0200: 4,136: Total time for which application threads were stopped: 0,0000891 seconds, Stopping threads took: 0,0000216 seconds
2017-08-18T18:17:58.240+0200: 4,136: Total time for which application threads were stopped: 0,0000705 seconds, Stopping threads took: 0,0000217 seconds
2017-08-18T18:17:58.240+0200: 4,136: Total time for which application threads were stopped: 0,0000685 seconds, Stopping threads took: 0,0000196 seconds
2017-08-18T18:17:58.240+0200: 4,136: Total time for which application threads were stopped: 0,0000718 seconds, Stopping threads took: 0,0000195 seconds
2017-08-18T18:17:58.240+0200: 4,137: Total time for which application threads were stopped: 0,0000761 seconds, Stopping threads took: 0,0000258 seconds
2017-08-18T18:17:58.240+0200: 4,137: Total time for which application threads were stopped: 0,0000708 seconds, Stopping threads took: 0,0000173 seconds
2017-08-18T18:17:58.241+0200: 4,137: Total time for which application threads were stopped: 0,0000704 seconds, Stopping threads took: 0,0000199 seconds
2017-08-18T18:17:58.241+0200: 4,137: Total time for which application threads were stopped: 0,0000551 seconds, Stopping threads took: 0,0000156 seconds
2017-08-18T18:17:58.241+0200: 4,137: Total time for which application threads were stopped: 0,0000515 seconds, Stopping threads took: 0,0000167 seconds
2017-08-18T18:17:58.241+0200: 4,138: Total time for which application threads were stopped: 0,0001124 seconds, Stopping threads took: 0,0000286 seconds
2017-08-18T18:17:58.241+0200: 4,138: Total time for which application threads were stopped: 0,0000680 seconds, Stopping threads took: 0,0000327 seconds
2017-08-18T18:17:58.245+0200: 4,142: Total time for which application threads were stopped: 0,0001250 seconds, Stopping threads took: 0,0000406 seconds
2017-08-18T18:17:58.245+0200: 4,142: Total time for which application threads were stopped: 0,0000708 seconds, Stopping threads took: 0,0000202 seconds
2017-08-18T18:17:58.246+0200: 4,142: Total time for which application threads were stopped: 0,0001443 seconds, Stopping threads took: 0,0000169 seconds
2017-08-18T18:17:58.248+0200: 4,144: Total time for which application threads were stopped: 0,0001439 seconds, Stopping threads took: 0,0000444 seconds
2017-08-18T18:17:58.253+0200: 4,150: Total time for which application threads were stopped: 0,0027077 seconds, Stopping threads took: 0,0026315 seconds
2017-08-18T18:17:58.258+0200: 4,155: Total time for which application threads were stopped: 0,0007493 seconds, Stopping threads took: 0,0005938 seconds
2017-08-18T18:17:58.289+0200: 4,186: Total time for which application threads were stopped: 0,0044999 seconds, Stopping threads took: 0,0043799 seconds
2017-08-18T18:17:58.302+0200: 4,199: Total time for which application threads were stopped: 0,0001063 seconds, Stopping threads took: 0,0000386 seconds
2017-08-18T18:17:58.306+0200: 4,203: Total time for which application threads were stopped: 0,0001318 seconds, Stopping threads took: 0,0000464 seconds
2017-08-18T18:17:58.336+0200: 4,232: Total time for which application threads were stopped: 0,0001081 seconds, Stopping threads took: 0,0000355 seconds
2017-08-18T18:17:58.336+0200: 4,233: Total time for which application threads were stopped: 0,0003626 seconds, Stopping threads took: 0,0000156 seconds
2017-08-18T18:17:58.337+0200: 4,233: Total time for which application threads were stopped: 0,0000699 seconds, Stopping threads took: 0,0000178 seconds
2017-08-18T18:17:58.340+0200: 4,237: Total time for which application threads were stopped: 0,0000808 seconds, Stopping threads took: 0,0000278 seconds
2017-08-18T18:17:59.340+0200: 5,237: Total time for which application threads were stopped: 0,0000841 seconds, Stopping threads took: 0,0000179 seconds
2017-08-18T18:18:01.341+0200: 7,237: Total time for which application threads were stopped: 0,0000762 seconds, Stopping threads took: 0,0000182 seconds
2017-08-18T18:18:16.343+0200: 22,239: Total time for which application threads were stopped: 0,0000638 seconds, Stopping threads took: 0,0000156 seconds
2017-08-18T18:18:26.344+0200: 32,240: Total time for which application threads were stopped: 0,0000628 seconds, Stopping threads took: 0,0000148 seconds
2017-08-18T18:19:16.349+0200: 82,245: Total time for which application threads were stopped: 0,0002894 seconds, Stopping threads took: 0,0000916 seconds
2017-08-18T18:19:56.353+0200: 122,250: Total time for which application threads were stopped: 0,0000822 seconds, Stopping threads took: 0,0000337 seconds
2017-08-18T18:20:01.354+0200: 127,251: Total time for which application threads were stopped: 0,0003365 seconds, Stopping threads took: 0,0001264 seconds
{Heap before GC invocations=9 (full 1):
 par new generation   total 109248K, used 94225K [0x00000000e0000000, 0x00000000e8000000, 0x00000000e8000000)
  eden space 87424K, 100% used [0x00000000e0000000, 0x00000000e5560000, 0x00000000e5560000)
  from space 21824K,  31% used [0x00000000e6ab0000, 0x00000000e7154410, 0x00000000e8000000)
  to   space 21824K,   0% used [0x00000000e5560000, 0x00000000e5560000, 0x00000000e6ab0000)
 concurrent mark-sweep generation total 393216K, used 6053K [0x00000000e8000000, 0x0000000100000000, 0x0000000100000000)
 Metaspace       used 28038K, capacity 28566K, committed 28796K, reserved 1075200K
  class space    used 3214K, capacity 3392K, committed 3452K, reserved 1048576K
2017-08-18T18:20:50.201+0200: 176,098: [GC (Allocation Failure) 2017-08-18T18:20:50.201+0200: 176,098: [ParNew
Desired survivor size 20112992 bytes, new threshold 8 (max 8)
- age   1:   10671088 bytes,   10671088 total
- age   2:     266504 bytes,   10937592 total
- age   3:     251808 bytes,   11189400 total
- age   4:    1760448 bytes,   12949848 total
- age   5:      62992 bytes,   13012840 total
- age   6:     105408 bytes,   13118248 total
- age   7:        976 bytes,   13119224 total
- age   8:     181992 bytes,   13301216 total
: 94225K->13434K(109248K), 0,0142745 secs] 100278K->20347K(502464K), 0,0143495 secs] [Times: user=0,04 sys=0,00, real=0,01 secs] 
Heap after GC invocations=10 (full 1):
 par new generation   total 109248K, used 13434K [0x00000000e0000000, 0x00000000e8000000, 0x00000000e8000000)
  eden space 87424K,   0% used [0x00000000e0000000, 0x00000000e0000000, 0x00000000e5560000)
  from space 21824K,  61% used [0x00000000e5560000, 0x00000000e627e8b0, 0x00000000e6ab0000)
  to   space 21824K,   0% used [0x00000000e6ab0000, 0x00000000e6ab0000, 0x00000000e8000000)
 concurrent mark-sweep generation total 393216K, used 6912K [0x00000000e8000000, 0x0000000100000000, 0x0000000100000000)
 Metaspace       used 28038K, capacity 28566K, committed 28796K, reserved 1075200K
  class space    used 3214K, capacity 3392K, committed 3452K, reserved 1048576K
}
2017-08-18T18:20:50.216+0200: 176,112: Total time for which application threads were stopped: 0,0145339 seconds, Stopping threads took: 0,0000513 seconds
2017-08-18T18:20:50.216+0200: 176,113: Total time for which application threads were stopped: 0,0000653 seconds, Stopping threads took: 0,0000273 seconds
2017-08-18T18:20:50.218+0200: 176,114: Total time for which application threads were stopped: 0,0000927 seconds, Stopping threads took: 0,0000490 seconds
2017-08-18T18:21:40.223+0200: 226,120: Total time for which application threads were stopped: 0,0003086 seconds, Stopping threads took: 0,0000398 seconds
2017-08-18T18:22:26.228+0200: 272,125: Total time for which application threads were stopped: 0,0001261 seconds, Stopping threads took: 0,0000499 seconds
2017-08-18T18:22:31.229+0200: 277,125: Total time for which application threads were stopped: 0,0001051 seconds, Stopping threads took: 0,0000441 seconds
2017-08-18T18:22:35.229+0200: 281,126: Total time for which application threads were stopped: 0,0000782 seconds, Stopping threads took: 0,0000147 seconds
2017-08-18T18:41:20.350+0200: 1406,246: Total time for which application threads were stopped: 0,0004687 seconds, Stopping threads took: 0,0001347 seconds
2017-08-18T18:44:50.371+0200: 1616,268: Total time for which application threads were stopped: 0,0000880 seconds, Stopping threads took: 0,0000326 seconds
2017-08-18T18:44:55.372+0200: 1621,268: Total time for which application threads were stopped: 0,0000914 seconds, Stopping threads took: 0,0000306 seconds
2017-08-18T18:56:15.442+0200: 2301,338: Total time for which application threads were stopped: 0,0005262 seconds, Stopping threads took: 0,0002080 seconds
2017-08-18T18:56:16.442+0200: 2302,338: Total time for which application threads were stopped: 0,0000629 seconds, Stopping threads took: 0,0000142 seconds
2017-08-18T19:11:11.553+0200: 3197,450: Total time for which application threads were stopped: 0,0001247 seconds, Stopping threads took: 0,0000472 seconds
2017-08-18T19:23:55.650+0200: 3961,547: Total time for which application threads were stopped: 0,0000891 seconds, Stopping threads took: 0,0000328 seconds
2017-08-18T19:24:30.654+0200: 3996,550: Total time for which application threads were stopped: 0,0000999 seconds, Stopping threads took: 0,0000385 seconds
2017-08-18T19:24:55.657+0200: 4021,553: Total time for which application threads were stopped: 0,0000968 seconds, Stopping threads took: 0,0000384 seconds
2017-08-18T19:26:30.667+0200: 4116,564: Total time for which application threads were stopped: 0,0000768 seconds, Stopping threads took: 0,0000293 seconds
2017-08-18T19:36:26.729+0200: 4712,626: Total time for which application threads were stopped: 0,0000774 seconds, Stopping threads took: 0,0000272 seconds
2017-08-18T19:36:31.730+0200: 4717,627: Total time for which application threads were stopped: 0,0001853 seconds, Stopping threads took: 0,0000669 seconds
2017-08-18T20:02:16.886+0200: 6262,782: Total time for which application threads were stopped: 0,0004190 seconds, Stopping threads took: 0,0001594 seconds
2017-08-18T20:18:25.981+0200: 7231,877: Total time for which application threads were stopped: 0,0000866 seconds, Stopping threads took: 0,0000334 seconds
2017-08-18T20:19:55.991+0200: 7321,887: Total time for which application threads were stopped: 0,0000800 seconds, Stopping threads took: 0,0000304 seconds
2017-08-18T20:25:56.026+0200: 7681,922: Total time for which application threads were stopped: 0,0002799 seconds, Stopping threads took: 0,0001204 seconds
2017-08-18T21:30:26.435+0200: 11552,332: Total time for which application threads were stopped: 0,0000982 seconds, Stopping threads took: 0,0000322 seconds
2017-08-18T22:33:55.864+0200: 15361,760: Total time for which application threads were stopped: 0,0005372 seconds, Stopping threads took: 0,0002345 seconds
2017-08-18T22:35:55.877+0200: 15481,774: Total time for which application threads were stopped: 0,0001089 seconds, Stopping threads took: 0,0000571 seconds
2017-08-20T06:21:15.421+0200: 108528,214: Total time for which application threads were stopped: 0,0185965 seconds, Stopping threads took: 0,0184853 seconds
2017-08-20T06:21:15.425+0200: 108528,219: Total time for which application threads were stopped: 0,0000956 seconds, Stopping threads took: 0,0000159 seconds
2017-08-20T06:21:15.442+0200: 108528,236: Total time for which application threads were stopped: 0,0001882 seconds, Stopping threads took: 0,0000990 seconds
2017-08-20T06:21:15.445+0200: 108528,238: Total time for which application threads were stopped: 0,0001027 seconds, Stopping threads took: 0,0000255 seconds
2017-08-20T06:21:15.447+0200: 108528,241: Total time for which application threads were stopped: 0,0001063 seconds, Stopping threads took: 0,0000367 seconds
2017-08-20T06:21:15.447+0200: 108528,241: Total time for which application threads were stopped: 0,0000588 seconds, Stopping threads took: 0,0000183 seconds
2017-08-20T06:21:15.447+0200: 108528,241: Total time for which application threads were stopped: 0,0000515 seconds, Stopping threads took: 0,0000159 seconds
2017-08-20T06:21:15.448+0200: 108528,241: Total time for which application threads were stopped: 0,0000604 seconds, Stopping threads took: 0,0000151 seconds
2017-08-20T06:21:15.448+0200: 108528,241: Total time for which application threads were stopped: 0,0000763 seconds, Stopping threads took: 0,0000230 seconds
2017-08-20T06:21:15.448+0200: 108528,242: Total time for which application threads were stopped: 0,0000701 seconds, Stopping threads took: 0,0000151 seconds
2017-08-20T06:21:15.448+0200: 108528,242: Total time for which application threads were stopped: 0,0000727 seconds, Stopping threads took: 0,0000332 seconds
2017-08-20T06:21:15.456+0200: 108528,250: Total time for which application threads were stopped: 0,0001964 seconds, Stopping threads took: 0,0000541 seconds
2017-08-20T06:21:15.456+0200: 108528,250: Total time for which application threads were stopped: 0,0000611 seconds, Stopping threads took: 0,0000160 seconds
2017-08-20T06:21:15.456+0200: 108528,250: Total time for which application threads were stopped: 0,0000471 seconds, Stopping threads took: 0,0000122 seconds
2017-08-20T06:21:15.459+0200: 108528,253: Total time for which application threads were stopped: 0,0005323 seconds, Stopping threads took: 0,0004559 seconds
2017-08-20T06:21:15.460+0200: 108528,253: Total time for which application threads were stopped: 0,0001371 seconds, Stopping threads took: 0,0000747 seconds
2017-08-20T06:21:15.460+0200: 108528,254: Total time for which application threads were stopped: 0,0000691 seconds, Stopping threads took: 0,0000212 seconds
2017-08-20T06:21:15.460+0200: 108528,254: Total time for which application threads were stopped: 0,0000490 seconds, Stopping threads took: 0,0000162 seconds
2017-08-20T06:21:15.461+0200: 108528,254: Total time for which application threads were stopped: 0,0001028 seconds, Stopping threads took: 0,0000395 seconds
2017-08-20T06:21:15.461+0200: 108528,254: Total time for which application threads were stopped: 0,0000526 seconds, Stopping threads took: 0,0000193 seconds
2017-08-20T06:21:15.461+0200: 108528,254: Total time for which application threads were stopped: 0,0000640 seconds, Stopping threads took: 0,0000313 seconds
2017-08-20T06:21:15.461+0200: 108528,255: Total time for which application threads were stopped: 0,0000478 seconds, Stopping threads took: 0,0000125 seconds
2017-08-20T06:21:15.461+0200: 108528,255: Total time for which application threads were stopped: 0,0002207 seconds, Stopping threads took: 0,0000161 seconds
2017-08-20T06:21:15.462+0200: 108528,256: Total time for which application threads were stopped: 0,0000771 seconds, Stopping threads took: 0,0000384 seconds
2017-08-20T06:21:15.462+0200: 108528,256: Total time for which application threads were stopped: 0,0000477 seconds, Stopping threads took: 0,0000215 seconds
2017-08-20T06:21:15.462+0200: 108528,256: Total time for which application threads were stopped: 0,0000395 seconds, Stopping threads took: 0,0000157 seconds
2017-08-20T06:21:15.462+0200: 108528,256: Total time for which application threads were stopped: 0,0000408 seconds, Stopping threads took: 0,0000192 seconds
2017-08-20T06:21:15.462+0200: 108528,256: Total time for which application threads were stopped: 0,0001159 seconds, Stopping threads took: 0,0000153 seconds
2017-08-20T06:21:15.463+0200: 108528,257: Total time for which application threads were stopped: 0,0000532 seconds, Stopping threads took: 0,0000203 seconds
2017-08-20T06:21:15.464+0200: 108528,257: Total time for which application threads were stopped: 0,0001270 seconds, Stopping threads took: 0,0000729 seconds
2017-08-20T06:21:15.466+0200: 108528,260: Total time for which application threads were stopped: 0,0001370 seconds, Stopping threads took: 0,0000157 seconds
2017-08-20T06:21:15.473+0200: 108528,266: Total time for which application threads were stopped: 0,0064658 seconds, Stopping threads took: 0,0063638 seconds
Heap
 par new generation   total 109248K, used 33421K [0x00000000e0000000, 0x00000000e8000000, 0x00000000e8000000)
  eden space 87424K,  22% used [0x00000000e0000000, 0x00000000e1384c90, 0x00000000e5560000)
  from space 21824K,  61% used [0x00000000e5560000, 0x00000000e627e8b0, 0x00000000e6ab0000)
  to   space 21824K,   0% used [0x00000000e6ab0000, 0x00000000e6ab0000, 0x00000000e8000000)
 concurrent mark-sweep generation total 393216K, used 6912K [0x00000000e8000000, 0x0000000100000000, 0x0000000100000000)
 Metaspace       used 28209K, capacity 28862K, committed 29052K, reserved 1075200K
  class space    used 3228K, capacity 3426K, committed 3452K, reserved 1048576K
