OpenJDK 64-Bit Server VM (25.121-b13) for linux-amd64 JRE (1.8.0_121-8u121-b13-0ubuntu1.16.04.2-b13), built on Jan 23 2017 15:51:29 by "buildd" with gcc 5.4.0 20160609
Memory: 4k page, physical 7867764k(7488836k free), swap 8076284k(8076284k free)
CommandLine flags: -XX:CMSInitiatingOccupancyFraction=50 -XX:CMSMaxAbortablePrecleanTime=6000 -XX:+CMSParallelRemarkEnabled -XX:+CMSScavengeBeforeRemark -XX:ConcGCThreads=4 -XX:InitialHeapSize=536870912 -XX:MaxHeapSize=536870912 -XX:MaxTenuringThreshold=8 -XX:NewRatio=3 -XX:OldPLABSize=16 -XX:OnOutOfMemoryError=/opt/solr/bin/oom_solr.sh 8983 /var/solr/logs -XX:ParallelGCThreads=4 -XX:+ParallelRefProcEnabled -XX:PretenureSizeThreshold=67108864 -XX:+PrintGC -XX:+PrintGCApplicationStoppedTime -XX:+PrintGCDateStamps -XX:+PrintGCDetails -XX:+PrintGCTimeStamps -XX:+PrintHeapAtGC -XX:+PrintTenuringDistribution -XX:SurvivorRatio=4 -XX:TargetSurvivorRatio=90 -XX:ThreadStackSize=256 -XX:+UseCMSInitiatingOccupancyOnly -XX:+UseCompressedClassPointers -XX:+UseCompressedOops -XX:+UseConcMarkSweepGC -XX:+UseParNewGC 
2017-04-05T15:17:01.725+0200: 0,140: Total time for which application threads were stopped: 0,0000689 seconds, Stopping threads took: 0,0000090 seconds
2017-04-05T15:17:01.956+0200: 0,370: Total time for which application threads were stopped: 0,0001124 seconds, Stopping threads took: 0,0000130 seconds
2017-04-05T15:17:01.971+0200: 0,386: Total time for which application threads were stopped: 0,0001080 seconds, Stopping threads took: 0,0000302 seconds
2017-04-05T15:17:02.223+0200: 0,638: Total time for which application threads were stopped: 0,0001164 seconds, Stopping threads took: 0,0000119 seconds
2017-04-05T15:17:02.708+0200: 1,123: Total time for which application threads were stopped: 0,0001656 seconds, Stopping threads took: 0,0000233 seconds
2017-04-05T15:17:02.845+0200: 1,260: Total time for which application threads were stopped: 0,0002877 seconds, Stopping threads took: 0,0000409 seconds
2017-04-05T15:17:02.902+0200: 1,317: Total time for which application threads were stopped: 0,0002088 seconds, Stopping threads took: 0,0000373 seconds
2017-04-05T15:17:03.224+0200: 1,638: Total time for which application threads were stopped: 0,0001627 seconds, Stopping threads took: 0,0000182 seconds
2017-04-05T15:17:03.443+0200: 1,858: Total time for which application threads were stopped: 0,0002446 seconds, Stopping threads took: 0,0000338 seconds
2017-04-05T15:17:03.466+0200: 1,881: Total time for which application threads were stopped: 0,0002065 seconds, Stopping threads took: 0,0000292 seconds
2017-04-05T15:17:03.511+0200: 1,925: Total time for which application threads were stopped: 0,0002303 seconds, Stopping threads took: 0,0000234 seconds
2017-04-05T15:17:03.512+0200: 1,927: Total time for which application threads were stopped: 0,0001649 seconds, Stopping threads took: 0,0000206 seconds
2017-04-05T15:17:03.528+0200: 1,943: Total time for which application threads were stopped: 0,0002146 seconds, Stopping threads took: 0,0000289 seconds
2017-04-05T15:17:03.611+0200: 2,026: Total time for which application threads were stopped: 0,0002480 seconds, Stopping threads took: 0,0000236 seconds
2017-04-05T15:17:03.763+0200: 2,178: Total time for which application threads were stopped: 0,0002766 seconds, Stopping threads took: 0,0000558 seconds
{Heap before GC invocations=0 (full 0):
 par new generation   total 109248K, used 87424K [0x00000000e0000000, 0x00000000e8000000, 0x00000000e8000000)
  eden space 87424K, 100% used [0x00000000e0000000, 0x00000000e5560000, 0x00000000e5560000)
  from space 21824K,   0% used [0x00000000e5560000, 0x00000000e5560000, 0x00000000e6ab0000)
  to   space 21824K,   0% used [0x00000000e6ab0000, 0x00000000e6ab0000, 0x00000000e8000000)
 concurrent mark-sweep generation total 393216K, used 0K [0x00000000e8000000, 0x0000000100000000, 0x0000000100000000)
 Metaspace       used 18016K, capacity 18336K, committed 18688K, reserved 1064960K
  class space    used 2040K, capacity 2196K, committed 2304K, reserved 1048576K
2017-04-05T15:17:03.854+0200: 2,269: [GC (Allocation Failure) 2017-04-05T15:17:03.854+0200: 2,269: [ParNew
Desired survivor size 20112992 bytes, new threshold 8 (max 8)
- age   1:   12401776 bytes,   12401776 total
: 87424K->12228K(109248K), 0,0173729 secs] 87424K->12228K(502464K), 0,0174401 secs] [Times: user=0,05 sys=0,00, real=0,02 secs] 
Heap after GC invocations=1 (full 0):
 par new generation   total 109248K, used 12228K [0x00000000e0000000, 0x00000000e8000000, 0x00000000e8000000)
  eden space 87424K,   0% used [0x00000000e0000000, 0x00000000e0000000, 0x00000000e5560000)
  from space 21824K,  56% used [0x00000000e6ab0000, 0x00000000e76a13c8, 0x00000000e8000000)
  to   space 21824K,   0% used [0x00000000e5560000, 0x00000000e5560000, 0x00000000e6ab0000)
 concurrent mark-sweep generation total 393216K, used 0K [0x00000000e8000000, 0x0000000100000000, 0x0000000100000000)
 Metaspace       used 18016K, capacity 18336K, committed 18688K, reserved 1064960K
  class space    used 2040K, capacity 2196K, committed 2304K, reserved 1048576K
}
2017-04-05T15:17:03.872+0200: 2,287: Total time for which application threads were stopped: 0,0215044 seconds, Stopping threads took: 0,0038758 seconds
2017-04-05T15:17:04.186+0200: 2,601: Total time for which application threads were stopped: 0,0003472 seconds, Stopping threads took: 0,0001040 seconds
{Heap before GC invocations=1 (full 0):
 par new generation   total 109248K, used 99652K [0x00000000e0000000, 0x00000000e8000000, 0x00000000e8000000)
  eden space 87424K, 100% used [0x00000000e0000000, 0x00000000e5560000, 0x00000000e5560000)
  from space 21824K,  56% used [0x00000000e6ab0000, 0x00000000e76a13c8, 0x00000000e8000000)
  to   space 21824K,   0% used [0x00000000e5560000, 0x00000000e5560000, 0x00000000e6ab0000)
 concurrent mark-sweep generation total 393216K, used 0K [0x00000000e8000000, 0x0000000100000000, 0x0000000100000000)
 Metaspace       used 20022K, capacity 20362K, committed 20736K, reserved 1067008K
  class space    used 2294K, capacity 2469K, committed 2560K, reserved 1048576K
2017-04-05T15:17:04.218+0200: 2,633: [GC (Allocation Failure) 2017-04-05T15:17:04.218+0200: 2,633: [ParNew
Desired survivor size 20112992 bytes, new threshold 8 (max 8)
- age   1:    3855168 bytes,    3855168 total
- age   2:    6649776 bytes,   10504944 total
: 99652K->11715K(109248K), 0,0169090 secs] 99652K->11715K(502464K), 0,0169709 secs] [Times: user=0,05 sys=0,00, real=0,02 secs] 
Heap after GC invocations=2 (full 0):
 par new generation   total 109248K, used 11715K [0x00000000e0000000, 0x00000000e8000000, 0x00000000e8000000)
  eden space 87424K,   0% used [0x00000000e0000000, 0x00000000e0000000, 0x00000000e5560000)
  from space 21824K,  53% used [0x00000000e5560000, 0x00000000e60d0c90, 0x00000000e6ab0000)
  to   space 21824K,   0% used [0x00000000e6ab0000, 0x00000000e6ab0000, 0x00000000e8000000)
 concurrent mark-sweep generation total 393216K, used 0K [0x00000000e8000000, 0x0000000100000000, 0x0000000100000000)
 Metaspace       used 20022K, capacity 20362K, committed 20736K, reserved 1067008K
  class space    used 2294K, capacity 2469K, committed 2560K, reserved 1048576K
}
2017-04-05T15:17:04.235+0200: 2,650: Total time for which application threads were stopped: 0,0205872 seconds, Stopping threads took: 0,0034799 seconds
2017-04-05T15:17:04.239+0200: 2,654: Total time for which application threads were stopped: 0,0003648 seconds, Stopping threads took: 0,0000526 seconds
2017-04-05T15:17:04.281+0200: 2,695: Total time for which application threads were stopped: 0,0003455 seconds, Stopping threads took: 0,0000655 seconds
2017-04-05T15:17:04.429+0200: 2,844: Total time for which application threads were stopped: 0,0013411 seconds, Stopping threads took: 0,0011899 seconds
{Heap before GC invocations=2 (full 0):
 par new generation   total 109248K, used 99139K [0x00000000e0000000, 0x00000000e8000000, 0x00000000e8000000)
  eden space 87424K, 100% used [0x00000000e0000000, 0x00000000e5560000, 0x00000000e5560000)
  from space 21824K,  53% used [0x00000000e5560000, 0x00000000e60d0c90, 0x00000000e6ab0000)
  to   space 21824K,   0% used [0x00000000e6ab0000, 0x00000000e6ab0000, 0x00000000e8000000)
 concurrent mark-sweep generation total 393216K, used 0K [0x00000000e8000000, 0x0000000100000000, 0x0000000100000000)
 Metaspace       used 20932K, capacity 21284K, committed 21552K, reserved 1069056K
  class space    used 2418K, capacity 2588K, committed 2608K, reserved 1048576K
2017-04-05T15:17:04.434+0200: 2,849: [GC (Allocation Failure) 2017-04-05T15:17:04.434+0200: 2,849: [ParNew
Desired survivor size 20112992 bytes, new threshold 8 (max 8)
- age   1:    1989904 bytes,    1989904 total
- age   2:     855624 bytes,    2845528 total
- age   3:    6648792 bytes,    9494320 total
: 99139K->12058K(109248K), 0,0089896 secs] 99139K->12058K(502464K), 0,0090637 secs] [Times: user=0,03 sys=0,00, real=0,01 secs] 
Heap after GC invocations=3 (full 0):
 par new generation   total 109248K, used 12058K [0x00000000e0000000, 0x00000000e8000000, 0x00000000e8000000)
  eden space 87424K,   0% used [0x00000000e0000000, 0x00000000e0000000, 0x00000000e5560000)
  from space 21824K,  55% used [0x00000000e6ab0000, 0x00000000e76768d0, 0x00000000e8000000)
  to   space 21824K,   0% used [0x00000000e5560000, 0x00000000e5560000, 0x00000000e6ab0000)
 concurrent mark-sweep generation total 393216K, used 0K [0x00000000e8000000, 0x0000000100000000, 0x0000000100000000)
 Metaspace       used 20932K, capacity 21284K, committed 21552K, reserved 1069056K
  class space    used 2418K, capacity 2588K, committed 2608K, reserved 1048576K
}
2017-04-05T15:17:04.443+0200: 2,858: Total time for which application threads were stopped: 0,0115921 seconds, Stopping threads took: 0,0023906 seconds
2017-04-05T15:17:04.458+0200: 2,873: [GC (CMS Initial Mark) [1 CMS-initial-mark: 0K(393216K)] 24672K(502464K), 0,0050605 secs] [Times: user=0,01 sys=0,00, real=0,01 secs] 
2017-04-05T15:17:04.463+0200: 2,878: Total time for which application threads were stopped: 0,0089653 seconds, Stopping threads took: 0,0038175 seconds
2017-04-05T15:17:04.463+0200: 2,878: [CMS-concurrent-mark-start]
2017-04-05T15:17:04.464+0200: 2,879: [CMS-concurrent-mark: 0,001/0,001 secs] [Times: user=0,00 sys=0,00, real=0,00 secs] 
2017-04-05T15:17:04.464+0200: 2,879: [CMS-concurrent-preclean-start]
2017-04-05T15:17:04.465+0200: 2,880: [CMS-concurrent-preclean: 0,001/0,001 secs] [Times: user=0,01 sys=0,00, real=0,00 secs] 
2017-04-05T15:17:04.465+0200: 2,880: [CMS-concurrent-abortable-preclean-start]
{Heap before GC invocations=3 (full 1):
 par new generation   total 109248K, used 99482K [0x00000000e0000000, 0x00000000e8000000, 0x00000000e8000000)
  eden space 87424K, 100% used [0x00000000e0000000, 0x00000000e5560000, 0x00000000e5560000)
  from space 21824K,  55% used [0x00000000e6ab0000, 0x00000000e76768d0, 0x00000000e8000000)
  to   space 21824K,   0% used [0x00000000e5560000, 0x00000000e5560000, 0x00000000e6ab0000)
 concurrent mark-sweep generation total 393216K, used 0K [0x00000000e8000000, 0x0000000100000000, 0x0000000100000000)
 Metaspace       used 21219K, capacity 21554K, committed 21628K, reserved 1069056K
  class space    used 2446K, capacity 2602K, committed 2608K, reserved 1048576K
2017-04-05T15:17:04.577+0200: 2,991: [GC (Allocation Failure) 2017-04-05T15:17:04.577+0200: 2,992: [ParNew
Desired survivor size 20112992 bytes, new threshold 8 (max 8)
- age   1:    1082720 bytes,    1082720 total
- age   2:    1469296 bytes,    2552016 total
- age   3:     822280 bytes,    3374296 total
- age   4:    6649176 bytes,   10023472 total
: 99482K->11777K(109248K), 0,0163649 secs] 99482K->11777K(502464K), 0,0164450 secs] [Times: user=0,07 sys=0,00, real=0,02 secs] 
Heap after GC invocations=4 (full 1):
 par new generation   total 109248K, used 11777K [0x00000000e0000000, 0x00000000e8000000, 0x00000000e8000000)
  eden space 87424K,   0% used [0x00000000e0000000, 0x00000000e0000000, 0x00000000e5560000)
  from space 21824K,  53% used [0x00000000e5560000, 0x00000000e60e0480, 0x00000000e6ab0000)
  to   space 21824K,   0% used [0x00000000e6ab0000, 0x00000000e6ab0000, 0x00000000e8000000)
 concurrent mark-sweep generation total 393216K, used 0K [0x00000000e8000000, 0x0000000100000000, 0x0000000100000000)
 Metaspace       used 21219K, capacity 21554K, committed 21628K, reserved 1069056K
  class space    used 2446K, capacity 2602K, committed 2608K, reserved 1048576K
}
2017-04-05T15:17:04.593+0200: 3,008: Total time for which application threads were stopped: 0,0167829 seconds, Stopping threads took: 0,0001742 seconds
2017-04-05T15:17:04.644+0200: 3,058: Total time for which application threads were stopped: 0,0001483 seconds, Stopping threads took: 0,0000646 seconds
{Heap before GC invocations=4 (full 1):
 par new generation   total 109248K, used 99201K [0x00000000e0000000, 0x00000000e8000000, 0x00000000e8000000)
  eden space 87424K, 100% used [0x00000000e0000000, 0x00000000e5560000, 0x00000000e5560000)
  from space 21824K,  53% used [0x00000000e5560000, 0x00000000e60e0480, 0x00000000e6ab0000)
  to   space 21824K,   0% used [0x00000000e6ab0000, 0x00000000e6ab0000, 0x00000000e8000000)
 concurrent mark-sweep generation total 393216K, used 0K [0x00000000e8000000, 0x0000000100000000, 0x0000000100000000)
 Metaspace       used 21388K, capacity 21790K, committed 21960K, reserved 1069056K
  class space    used 2467K, capacity 2636K, committed 2736K, reserved 1048576K
2017-04-05T15:17:04.704+0200: 3,119: [GC (Allocation Failure) 2017-04-05T15:17:04.704+0200: 3,119: [ParNew
Desired survivor size 20112992 bytes, new threshold 8 (max 8)
- age   1:     601072 bytes,     601072 total
- age   2:     183160 bytes,     784232 total
- age   3:    1468904 bytes,    2253136 total
- age   4:     822168 bytes,    3075304 total
- age   5:    6648952 bytes,    9724256 total
: 99201K->15423K(109248K), 0,0094662 secs] 99201K->15423K(502464K), 0,0095388 secs] [Times: user=0,04 sys=0,00, real=0,01 secs] 
Heap after GC invocations=5 (full 1):
 par new generation   total 109248K, used 15423K [0x00000000e0000000, 0x00000000e8000000, 0x00000000e8000000)
  eden space 87424K,   0% used [0x00000000e0000000, 0x00000000e0000000, 0x00000000e5560000)
  from space 21824K,  70% used [0x00000000e6ab0000, 0x00000000e79bfcf8, 0x00000000e8000000)
  to   space 21824K,   0% used [0x00000000e5560000, 0x00000000e5560000, 0x00000000e6ab0000)
 concurrent mark-sweep generation total 393216K, used 0K [0x00000000e8000000, 0x0000000100000000, 0x0000000100000000)
 Metaspace       used 21388K, capacity 21790K, committed 21960K, reserved 1069056K
  class space    used 2467K, capacity 2636K, committed 2736K, reserved 1048576K
}
2017-04-05T15:17:04.714+0200: 3,128: Total time for which application threads were stopped: 0,0098089 seconds, Stopping threads took: 0,0001421 seconds
2017-04-05T15:17:04.714+0200: 3,128: [CMS-concurrent-abortable-preclean: 0,175/0,249 secs] [Times: user=0,97 sys=0,00, real=0,25 secs] 
2017-04-05T15:17:04.718+0200: 3,133: [GC (CMS Final Remark) [YG occupancy: 16731 K (109248 K)]{Heap before GC invocations=5 (full 1):
 par new generation   total 109248K, used 16731K [0x00000000e0000000, 0x00000000e8000000, 0x00000000e8000000)
  eden space 87424K,   1% used [0x00000000e0000000, 0x00000000e01470f8, 0x00000000e5560000)
  from space 21824K,  70% used [0x00000000e6ab0000, 0x00000000e79bfcf8, 0x00000000e8000000)
  to   space 21824K,   0% used [0x00000000e5560000, 0x00000000e5560000, 0x00000000e6ab0000)
 concurrent mark-sweep generation total 393216K, used 0K [0x00000000e8000000, 0x0000000100000000, 0x0000000100000000)
 Metaspace       used 21388K, capacity 21790K, committed 21960K, reserved 1069056K
  class space    used 2467K, capacity 2636K, committed 2736K, reserved 1048576K
2017-04-05T15:17:04.718+0200: 3,133: [GC (CMS Final Remark) 2017-04-05T15:17:04.718+0200: 3,133: [ParNew
Desired survivor size 20112992 bytes, new threshold 8 (max 8)
- age   1:      51832 bytes,      51832 total
- age   2:     601072 bytes,     652904 total
- age   3:     183160 bytes,     836064 total
- age   4:    1468904 bytes,    2304968 total
- age   5:     822168 bytes,    3127136 total
- age   6:    6648920 bytes,    9776056 total
: 16731K->11443K(109248K), 0,0094609 secs] 16731K->11443K(502464K), 0,0094960 secs] [Times: user=0,03 sys=0,00, real=0,01 secs] 
Heap after GC invocations=6 (full 1):
 par new generation   total 109248K, used 11443K [0x00000000e0000000, 0x00000000e8000000, 0x00000000e8000000)
  eden space 87424K,   0% used [0x00000000e0000000, 0x00000000e0000000, 0x00000000e5560000)
  from space 21824K,  52% used [0x00000000e5560000, 0x00000000e608cdc0, 0x00000000e6ab0000)
  to   space 21824K,   0% used [0x00000000e6ab0000, 0x00000000e6ab0000, 0x00000000e8000000)
 concurrent mark-sweep generation total 393216K, used 0K [0x00000000e8000000, 0x0000000100000000, 0x0000000100000000)
 Metaspace       used 21388K, capacity 21790K, committed 21960K, reserved 1069056K
  class space    used 2467K, capacity 2636K, committed 2736K, reserved 1048576K
}
2017-04-05T15:17:04.728+0200: 3,143: [Rescan (parallel) , 0,0036805 secs]2017-04-05T15:17:04.732+0200: 3,146: [weak refs processing, 0,0011484 secs]2017-04-05T15:17:04.733+0200: 3,148: [class unloading, 0,0029771 secs]2017-04-05T15:17:04.736+0200: 3,151: [scrub symbol table, 0,0040708 secs]2017-04-05T15:17:04.740+0200: 3,155: [scrub string table, 0,0004302 secs][1 CMS-remark: 0K(393216K)] 11443K(502464K), 0,0225361 secs] [Times: user=0,05 sys=0,00, real=0,02 secs] 
2017-04-05T15:17:04.741+0200: 3,156: Total time for which application threads were stopped: 0,0270950 seconds, Stopping threads took: 0,0044776 seconds
2017-04-05T15:17:04.744+0200: 3,159: [CMS-concurrent-sweep-start]
2017-04-05T15:17:04.744+0200: 3,159: [CMS-concurrent-sweep: 0,000/0,000 secs] [Times: user=0,00 sys=0,00, real=0,00 secs] 
2017-04-05T15:17:04.744+0200: 3,159: [CMS-concurrent-reset-start]
2017-04-05T15:17:04.746+0200: 3,160: [CMS-concurrent-reset: 0,001/0,001 secs] [Times: user=0,01 sys=0,00, real=0,00 secs] 
2017-04-05T15:17:04.785+0200: 3,200: Total time for which application threads were stopped: 0,0003034 seconds, Stopping threads took: 0,0000273 seconds
2017-04-05T15:17:04.978+0200: 3,393: Total time for which application threads were stopped: 0,0004587 seconds, Stopping threads took: 0,0000497 seconds
2017-04-05T15:17:04.993+0200: 3,408: Total time for which application threads were stopped: 0,0004058 seconds, Stopping threads took: 0,0000805 seconds
{Heap before GC invocations=6 (full 1):
 par new generation   total 109248K, used 98867K [0x00000000e0000000, 0x00000000e8000000, 0x00000000e8000000)
  eden space 87424K, 100% used [0x00000000e0000000, 0x00000000e5560000, 0x00000000e5560000)
  from space 21824K,  52% used [0x00000000e5560000, 0x00000000e608cdc0, 0x00000000e6ab0000)
  to   space 21824K,   0% used [0x00000000e6ab0000, 0x00000000e6ab0000, 0x00000000e8000000)
 concurrent mark-sweep generation total 393216K, used 0K [0x00000000e8000000, 0x0000000100000000, 0x0000000100000000)
 Metaspace       used 24164K, capacity 24608K, committed 24880K, reserved 1071104K
  class space    used 2844K, capacity 3043K, committed 3120K, reserved 1048576K
2017-04-05T15:17:05.171+0200: 3,586: [GC (Allocation Failure) 2017-04-05T15:17:05.171+0200: 3,586: [ParNew
Desired survivor size 20112992 bytes, new threshold 8 (max 8)
- age   1:    5893280 bytes,    5893280 total
- age   3:     114200 bytes,    6007480 total
- age   4:     181752 bytes,    6189232 total
- age   5:     291392 bytes,    6480624 total
- age   6:     795944 bytes,    7276568 total
- age   7:    6640480 bytes,   13917048 total
: 98867K->16608K(109248K), 0,0119552 secs] 98867K->16608K(502464K), 0,0120257 secs] [Times: user=0,04 sys=0,00, real=0,01 secs] 
Heap after GC invocations=7 (full 1):
 par new generation   total 109248K, used 16608K [0x00000000e0000000, 0x00000000e8000000, 0x00000000e8000000)
  eden space 87424K,   0% used [0x00000000e0000000, 0x00000000e0000000, 0x00000000e5560000)
  from space 21824K,  76% used [0x00000000e6ab0000, 0x00000000e7ae83c0, 0x00000000e8000000)
  to   space 21824K,   0% used [0x00000000e5560000, 0x00000000e5560000, 0x00000000e6ab0000)
 concurrent mark-sweep generation total 393216K, used 0K [0x00000000e8000000, 0x0000000100000000, 0x0000000100000000)
 Metaspace       used 24164K, capacity 24608K, committed 24880K, reserved 1071104K
  class space    used 2844K, capacity 3043K, committed 3120K, reserved 1048576K
}
2017-04-05T15:17:05.183+0200: 3,598: Total time for which application threads were stopped: 0,0123120 seconds, Stopping threads took: 0,0000842 seconds
{Heap before GC invocations=7 (full 1):
 par new generation   total 109248K, used 104032K [0x00000000e0000000, 0x00000000e8000000, 0x00000000e8000000)
  eden space 87424K, 100% used [0x00000000e0000000, 0x00000000e5560000, 0x00000000e5560000)
  from space 21824K,  76% used [0x00000000e6ab0000, 0x00000000e7ae83c0, 0x00000000e8000000)
  to   space 21824K,   0% used [0x00000000e5560000, 0x00000000e5560000, 0x00000000e6ab0000)
 concurrent mark-sweep generation total 393216K, used 0K [0x00000000e8000000, 0x0000000100000000, 0x0000000100000000)
 Metaspace       used 24347K, capacity 24806K, committed 25136K, reserved 1071104K
  class space    used 2859K, capacity 3044K, committed 3120K, reserved 1048576K
2017-04-05T15:17:05.251+0200: 3,666: [GC (Allocation Failure) 2017-04-05T15:17:05.251+0200: 3,666: [ParNew
Desired survivor size 20112992 bytes, new threshold 8 (max 8)
- age   1:    1242824 bytes,    1242824 total
- age   2:    1861072 bytes,    3103896 total
- age   4:      57280 bytes,    3161176 total
- age   5:     101952 bytes,    3263128 total
- age   6:     180176 bytes,    3443304 total
- age   7:     766416 bytes,    4209720 total
- age   8:    6105744 bytes,   10315464 total
: 104032K->15336K(109248K), 0,0281837 secs] 104032K->15336K(502464K), 0,0283025 secs] [Times: user=0,10 sys=0,00, real=0,02 secs] 
Heap after GC invocations=8 (full 1):
 par new generation   total 109248K, used 15336K [0x00000000e0000000, 0x00000000e8000000, 0x00000000e8000000)
  eden space 87424K,   0% used [0x00000000e0000000, 0x00000000e0000000, 0x00000000e5560000)
  from space 21824K,  70% used [0x00000000e5560000, 0x00000000e645a268, 0x00000000e6ab0000)
  to   space 21824K,   0% used [0x00000000e6ab0000, 0x00000000e6ab0000, 0x00000000e8000000)
 concurrent mark-sweep generation total 393216K, used 0K [0x00000000e8000000, 0x0000000100000000, 0x0000000100000000)
 Metaspace       used 24347K, capacity 24806K, committed 25136K, reserved 1071104K
  class space    used 2859K, capacity 3044K, committed 3120K, reserved 1048576K
}
2017-04-05T15:17:05.280+0200: 3,694: Total time for which application threads were stopped: 0,0285834 seconds, Stopping threads took: 0,0000558 seconds
{Heap before GC invocations=8 (full 1):
 par new generation   total 109248K, used 102760K [0x00000000e0000000, 0x00000000e8000000, 0x00000000e8000000)
  eden space 87424K, 100% used [0x00000000e0000000, 0x00000000e5560000, 0x00000000e5560000)
  from space 21824K,  70% used [0x00000000e5560000, 0x00000000e645a268, 0x00000000e6ab0000)
  to   space 21824K,   0% used [0x00000000e6ab0000, 0x00000000e6ab0000, 0x00000000e8000000)
 concurrent mark-sweep generation total 393216K, used 0K [0x00000000e8000000, 0x0000000100000000, 0x0000000100000000)
 Metaspace       used 24619K, capacity 25120K, committed 25392K, reserved 1071104K
  class space    used 2882K, capacity 3081K, committed 3120K, reserved 1048576K
2017-04-05T15:17:05.394+0200: 3,809: [GC (Allocation Failure) 2017-04-05T15:17:05.394+0200: 3,809: [ParNew
Desired survivor size 20112992 bytes, new threshold 8 (max 8)
- age   1:     568536 bytes,     568536 total
- age   2:     966120 bytes,    1534656 total
- age   3:    1832248 bytes,    3366904 total
- age   5:      57280 bytes,    3424184 total
- age   6:      99176 bytes,    3523360 total
- age   7:     177248 bytes,    3700608 total
- age   8:     764944 bytes,    4465552 total
: 102760K->5585K(109248K), 0,0348572 secs] 102760K->11630K(502464K), 0,0349220 secs] [Times: user=0,12 sys=0,00, real=0,03 secs] 
Heap after GC invocations=9 (full 1):
 par new generation   total 109248K, used 5585K [0x00000000e0000000, 0x00000000e8000000, 0x00000000e8000000)
  eden space 87424K,   0% used [0x00000000e0000000, 0x00000000e0000000, 0x00000000e5560000)
  from space 21824K,  25% used [0x00000000e6ab0000, 0x00000000e7024700, 0x00000000e8000000)
  to   space 21824K,   0% used [0x00000000e5560000, 0x00000000e5560000, 0x00000000e6ab0000)
 concurrent mark-sweep generation total 393216K, used 6045K [0x00000000e8000000, 0x0000000100000000, 0x0000000100000000)
 Metaspace       used 24619K, capacity 25120K, committed 25392K, reserved 1071104K
  class space    used 2882K, capacity 3081K, committed 3120K, reserved 1048576K
}
2017-04-05T15:17:05.429+0200: 3,844: Total time for which application threads were stopped: 0,0354568 seconds, Stopping threads took: 0,0003881 seconds
2017-04-05T15:17:05.636+0200: 4,051: Total time for which application threads were stopped: 0,0006306 seconds, Stopping threads took: 0,0000861 seconds
2017-04-05T15:17:05.670+0200: 4,085: Total time for which application threads were stopped: 0,0001897 seconds, Stopping threads took: 0,0000336 seconds
2017-04-05T15:17:05.674+0200: 4,089: Total time for which application threads were stopped: 0,0001145 seconds, Stopping threads took: 0,0000257 seconds
2017-04-05T15:17:05.698+0200: 4,113: Total time for which application threads were stopped: 0,0006624 seconds, Stopping threads took: 0,0005894 seconds
2017-04-05T15:17:05.700+0200: 4,115: Total time for which application threads were stopped: 0,0001770 seconds, Stopping threads took: 0,0000366 seconds
2017-04-05T15:17:05.807+0200: 4,222: Total time for which application threads were stopped: 0,0001673 seconds, Stopping threads took: 0,0000299 seconds
2017-04-05T15:17:05.811+0200: 4,226: Total time for which application threads were stopped: 0,0001067 seconds, Stopping threads took: 0,0000395 seconds
2017-04-05T15:17:05.811+0200: 4,226: Total time for which application threads were stopped: 0,0000774 seconds, Stopping threads took: 0,0000231 seconds
2017-04-05T15:17:05.813+0200: 4,227: Total time for which application threads were stopped: 0,0001228 seconds, Stopping threads took: 0,0000290 seconds
2017-04-05T15:17:05.815+0200: 4,229: Total time for which application threads were stopped: 0,0001297 seconds, Stopping threads took: 0,0000254 seconds
2017-04-05T15:17:05.835+0200: 4,250: Total time for which application threads were stopped: 0,0004977 seconds, Stopping threads took: 0,0000528 seconds
2017-04-05T15:17:05.857+0200: 4,272: Total time for which application threads were stopped: 0,0001713 seconds, Stopping threads took: 0,0000410 seconds
2017-04-05T15:17:05.858+0200: 4,273: Total time for which application threads were stopped: 0,0004782 seconds, Stopping threads took: 0,0000294 seconds
2017-04-05T15:17:05.943+0200: 4,358: Total time for which application threads were stopped: 0,0001831 seconds, Stopping threads took: 0,0000365 seconds
2017-04-05T15:17:05.948+0200: 4,362: Total time for which application threads were stopped: 0,0001574 seconds, Stopping threads took: 0,0000438 seconds
2017-04-05T15:17:05.960+0200: 4,375: Total time for which application threads were stopped: 0,0073551 seconds, Stopping threads took: 0,0068682 seconds
2017-04-05T15:17:05.967+0200: 4,382: Total time for which application threads were stopped: 0,0001849 seconds, Stopping threads took: 0,0000784 seconds
2017-04-05T15:17:05.967+0200: 4,382: Total time for which application threads were stopped: 0,0000971 seconds, Stopping threads took: 0,0000175 seconds
2017-04-05T15:17:05.974+0200: 4,389: Total time for which application threads were stopped: 0,0001243 seconds, Stopping threads took: 0,0000421 seconds
2017-04-05T15:17:05.984+0200: 4,399: Total time for which application threads were stopped: 0,0002158 seconds, Stopping threads took: 0,0000533 seconds
2017-04-05T15:17:05.995+0200: 4,409: Total time for which application threads were stopped: 0,0003743 seconds, Stopping threads took: 0,0002298 seconds
2017-04-05T15:17:05.995+0200: 4,410: Total time for which application threads were stopped: 0,0003101 seconds, Stopping threads took: 0,0002414 seconds
2017-04-05T15:17:05.996+0200: 4,411: Total time for which application threads were stopped: 0,0008200 seconds, Stopping threads took: 0,0007528 seconds
2017-04-05T15:17:05.998+0200: 4,412: Total time for which application threads were stopped: 0,0003318 seconds, Stopping threads took: 0,0000397 seconds
2017-04-05T15:17:05.998+0200: 4,413: Total time for which application threads were stopped: 0,0001258 seconds, Stopping threads took: 0,0000304 seconds
2017-04-05T15:17:05.998+0200: 4,413: Total time for which application threads were stopped: 0,0001325 seconds, Stopping threads took: 0,0000220 seconds
2017-04-05T15:17:05.998+0200: 4,413: Total time for which application threads were stopped: 0,0000913 seconds, Stopping threads took: 0,0000318 seconds
2017-04-05T15:17:05.999+0200: 4,413: Total time for which application threads were stopped: 0,0000866 seconds, Stopping threads took: 0,0000222 seconds
2017-04-05T15:17:06.003+0200: 4,418: Total time for which application threads were stopped: 0,0002902 seconds, Stopping threads took: 0,0000298 seconds
2017-04-05T15:17:06.004+0200: 4,418: Total time for which application threads were stopped: 0,0001535 seconds, Stopping threads took: 0,0000595 seconds
2017-04-05T15:17:06.006+0200: 4,421: Total time for which application threads were stopped: 0,0001299 seconds, Stopping threads took: 0,0000423 seconds
2017-04-05T15:17:06.007+0200: 4,421: Total time for which application threads were stopped: 0,0000882 seconds, Stopping threads took: 0,0000248 seconds
2017-04-05T15:17:06.007+0200: 4,422: Total time for which application threads were stopped: 0,0000863 seconds, Stopping threads took: 0,0000233 seconds
2017-04-05T15:17:06.007+0200: 4,422: Total time for which application threads were stopped: 0,0000743 seconds, Stopping threads took: 0,0000180 seconds
2017-04-05T15:17:06.007+0200: 4,422: Total time for which application threads were stopped: 0,0001789 seconds, Stopping threads took: 0,0000787 seconds
2017-04-05T15:17:06.014+0200: 4,429: Total time for which application threads were stopped: 0,0060508 seconds, Stopping threads took: 0,0059568 seconds
2017-04-05T15:17:06.016+0200: 4,431: Total time for which application threads were stopped: 0,0001608 seconds, Stopping threads took: 0,0000463 seconds
2017-04-05T15:17:06.016+0200: 4,431: Total time for which application threads were stopped: 0,0000969 seconds, Stopping threads took: 0,0000164 seconds
2017-04-05T15:17:06.017+0200: 4,431: Total time for which application threads were stopped: 0,0000897 seconds, Stopping threads took: 0,0000130 seconds
2017-04-05T15:17:06.017+0200: 4,432: Total time for which application threads were stopped: 0,0000824 seconds, Stopping threads took: 0,0000139 seconds
2017-04-05T15:17:06.017+0200: 4,432: Total time for which application threads were stopped: 0,0000720 seconds, Stopping threads took: 0,0000101 seconds
2017-04-05T15:17:06.017+0200: 4,432: Total time for which application threads were stopped: 0,0000735 seconds, Stopping threads took: 0,0000123 seconds
2017-04-05T15:17:06.017+0200: 4,432: Total time for which application threads were stopped: 0,0000721 seconds, Stopping threads took: 0,0000099 seconds
2017-04-05T15:17:06.017+0200: 4,432: Total time for which application threads were stopped: 0,0000753 seconds, Stopping threads took: 0,0000112 seconds
2017-04-05T15:17:06.018+0200: 4,433: Total time for which application threads were stopped: 0,0001407 seconds, Stopping threads took: 0,0000206 seconds
2017-04-05T15:17:06.019+0200: 4,433: Total time for which application threads were stopped: 0,0001069 seconds, Stopping threads took: 0,0000171 seconds
2017-04-05T15:17:06.019+0200: 4,434: Total time for which application threads were stopped: 0,0000924 seconds, Stopping threads took: 0,0000136 seconds
2017-04-05T15:17:06.019+0200: 4,434: Total time for which application threads were stopped: 0,0000794 seconds, Stopping threads took: 0,0000104 seconds
2017-04-05T15:17:06.019+0200: 4,434: Total time for which application threads were stopped: 0,0001110 seconds, Stopping threads took: 0,0000110 seconds
2017-04-05T15:17:06.019+0200: 4,434: Total time for which application threads were stopped: 0,0000766 seconds, Stopping threads took: 0,0000098 seconds
2017-04-05T15:17:06.021+0200: 4,435: Total time for which application threads were stopped: 0,0002646 seconds, Stopping threads took: 0,0000515 seconds
2017-04-05T15:17:06.036+0200: 4,451: Total time for which application threads were stopped: 0,0001472 seconds, Stopping threads took: 0,0000405 seconds
2017-04-05T15:17:06.043+0200: 4,458: Total time for which application threads were stopped: 0,0001553 seconds, Stopping threads took: 0,0000408 seconds
2017-04-05T15:17:06.079+0200: 4,493: Total time for which application threads were stopped: 0,0080274 seconds, Stopping threads took: 0,0078872 seconds
2017-04-05T15:17:06.120+0200: 4,535: Total time for which application threads were stopped: 0,0004328 seconds, Stopping threads took: 0,0000460 seconds
2017-04-05T15:17:06.120+0200: 4,535: Total time for which application threads were stopped: 0,0000921 seconds, Stopping threads took: 0,0000255 seconds
2017-04-05T15:17:06.129+0200: 4,543: Total time for which application threads were stopped: 0,0001619 seconds, Stopping threads took: 0,0000475 seconds
2017-04-05T15:17:07.130+0200: 5,545: Total time for which application threads were stopped: 0,0000986 seconds, Stopping threads took: 0,0000303 seconds
2017-04-05T15:17:08.130+0200: 6,545: Total time for which application threads were stopped: 0,0000800 seconds, Stopping threads took: 0,0000241 seconds
2017-04-05T15:17:09.131+0200: 7,545: Total time for which application threads were stopped: 0,0000730 seconds, Stopping threads took: 0,0000183 seconds
2017-04-05T15:17:23.133+0200: 21,548: Total time for which application threads were stopped: 0,0000844 seconds, Stopping threads took: 0,0000225 seconds
2017-04-05T15:17:34.571+0200: 32,549: Total time for which application threads were stopped: 0,0000654 seconds, Stopping threads took: 0,0000151 seconds
2017-04-05T15:23:35.138+0200: 128,544: Total time for which application threads were stopped: 0,0001006 seconds, Stopping threads took: 0,0000513 seconds
2017-04-05T15:23:40.139+0200: 133,544: Total time for which application threads were stopped: 0,0000678 seconds, Stopping threads took: 0,0000162 seconds
{Heap before GC invocations=9 (full 1):
 par new generation   total 109248K, used 93009K [0x00000000e0000000, 0x00000000e8000000, 0x00000000e8000000)
  eden space 87424K, 100% used [0x00000000e0000000, 0x00000000e5560000, 0x00000000e5560000)
  from space 21824K,  25% used [0x00000000e6ab0000, 0x00000000e7024700, 0x00000000e8000000)
  to   space 21824K,   0% used [0x00000000e5560000, 0x00000000e5560000, 0x00000000e6ab0000)
 concurrent mark-sweep generation total 393216K, used 6045K [0x00000000e8000000, 0x0000000100000000, 0x0000000100000000)
 Metaspace       used 27976K, capacity 28484K, committed 28848K, reserved 1075200K
  class space    used 3212K, capacity 3387K, committed 3504K, reserved 1048576K
2017-04-05T15:24:23.148+0200: 176,146: [GC (Allocation Failure) 2017-04-05T15:24:23.148+0200: 176,146: [ParNew
Desired survivor size 20112992 bytes, new threshold 8 (max 8)
- age   1:   11291992 bytes,   11291992 total
- age   2:     225440 bytes,   11517432 total
- age   3:     180232 bytes,   11697664 total
- age   4:    1826632 bytes,   13524296 total
- age   6:      57280 bytes,   13581576 total
- age   7:      99048 bytes,   13680624 total
- age   8:     176816 bytes,   13857440 total
: 93009K->15010K(109248K), 0,0213337 secs] 99054K->21892K(502464K), 0,0214058 secs] [Times: user=0,08 sys=0,00, real=0,02 secs] 
Heap after GC invocations=10 (full 1):
 par new generation   total 109248K, used 15010K [0x00000000e0000000, 0x00000000e8000000, 0x00000000e8000000)
  eden space 87424K,   0% used [0x00000000e0000000, 0x00000000e0000000, 0x00000000e5560000)
  from space 21824K,  68% used [0x00000000e5560000, 0x00000000e6408a70, 0x00000000e6ab0000)
  to   space 21824K,   0% used [0x00000000e6ab0000, 0x00000000e6ab0000, 0x00000000e8000000)
 concurrent mark-sweep generation total 393216K, used 6882K [0x00000000e8000000, 0x0000000100000000, 0x0000000100000000)
 Metaspace       used 27976K, capacity 28484K, committed 28848K, reserved 1075200K
  class space    used 3212K, capacity 3387K, committed 3504K, reserved 1048576K
}
2017-04-05T15:24:23.169+0200: 176,167: Total time for which application threads were stopped: 0,0215818 seconds, Stopping threads took: 0,0000503 seconds
2017-04-05T15:24:23.170+0200: 176,168: Total time for which application threads were stopped: 0,0000687 seconds, Stopping threads took: 0,0000268 seconds
2017-04-05T15:24:23.170+0200: 176,168: Total time for which application threads were stopped: 0,0000403 seconds, Stopping threads took: 0,0000137 seconds
2017-04-05T15:24:28.171+0200: 181,169: Total time for which application threads were stopped: 0,0000649 seconds, Stopping threads took: 0,0000153 seconds
2017-04-05T15:25:58.182+0200: 271,180: Total time for which application threads were stopped: 0,0000808 seconds, Stopping threads took: 0,0000330 seconds
2017-04-05T15:26:28.185+0200: 301,183: Total time for which application threads were stopped: 0,0000836 seconds, Stopping threads took: 0,0000332 seconds
2017-04-05T20:05:39.166+0200: 734,936: Total time for which application threads were stopped: 0,0000970 seconds, Stopping threads took: 0,0000340 seconds
2017-04-05T20:05:49.167+0200: 744,937: Total time for which application threads were stopped: 0,0000752 seconds, Stopping threads took: 0,0000290 seconds
2017-04-05T20:17:16.935+0200: 1432,006: Total time for which application threads were stopped: 0,0000829 seconds, Stopping threads took: 0,0000361 seconds
2017-04-05T20:21:41.961+0200: 1697,031: Total time for which application threads were stopped: 0,0000742 seconds, Stopping threads took: 0,0000284 seconds
2017-04-05T20:33:07.034+0200: 2382,104: Total time for which application threads were stopped: 0,0002774 seconds, Stopping threads took: 0,0001031 seconds
2017-04-05T20:33:10.034+0200: 2385,104: Total time for which application threads were stopped: 0,0000587 seconds, Stopping threads took: 0,0000140 seconds
2017-04-05T20:55:35.179+0200: 3730,249: Total time for which application threads were stopped: 0,0000749 seconds, Stopping threads took: 0,0000293 seconds
2017-04-05T20:58:02.195+0200: 3877,265: Total time for which application threads were stopped: 0,0001362 seconds, Stopping threads took: 0,0000401 seconds
2017-04-05T21:07:14.186+0200: 4429,256: Total time for which application threads were stopped: 0,0000948 seconds, Stopping threads took: 0,0000291 seconds
2017-04-05T21:07:14.202+0200: 4429,272: Total time for which application threads were stopped: 0,0091081 seconds, Stopping threads took: 0,0090458 seconds
2017-04-05T21:07:14.202+0200: 4429,272: Total time for which application threads were stopped: 0,0000722 seconds, Stopping threads took: 0,0000269 seconds
2017-04-05T21:07:14.214+0200: 4429,284: Total time for which application threads were stopped: 0,0034709 seconds, Stopping threads took: 0,0033799 seconds
2017-04-05T21:07:14.228+0200: 4429,298: Total time for which application threads were stopped: 0,0007787 seconds, Stopping threads took: 0,0000176 seconds
2017-04-05T21:07:14.230+0200: 4429,300: Total time for which application threads were stopped: 0,0000927 seconds, Stopping threads took: 0,0000242 seconds
2017-04-05T21:07:14.233+0200: 4429,303: Total time for which application threads were stopped: 0,0000976 seconds, Stopping threads took: 0,0000326 seconds
2017-04-05T21:07:14.234+0200: 4429,304: Total time for which application threads were stopped: 0,0000565 seconds, Stopping threads took: 0,0000125 seconds
2017-04-05T21:07:14.234+0200: 4429,304: Total time for which application threads were stopped: 0,0000496 seconds, Stopping threads took: 0,0000139 seconds
2017-04-05T21:07:14.234+0200: 4429,304: Total time for which application threads were stopped: 0,0000411 seconds, Stopping threads took: 0,0000122 seconds
2017-04-05T21:07:14.234+0200: 4429,304: Total time for which application threads were stopped: 0,0000422 seconds, Stopping threads took: 0,0000127 seconds
2017-04-05T21:07:14.234+0200: 4429,304: Total time for which application threads were stopped: 0,0000435 seconds, Stopping threads took: 0,0000143 seconds
2017-04-05T21:07:14.283+0200: 4429,353: Total time for which application threads were stopped: 0,0001031 seconds, Stopping threads took: 0,0000331 seconds
2017-04-05T21:07:14.286+0200: 4429,357: Total time for which application threads were stopped: 0,0000914 seconds, Stopping threads took: 0,0000294 seconds
2017-04-05T21:07:14.287+0200: 4429,357: Total time for which application threads were stopped: 0,0000473 seconds, Stopping threads took: 0,0000165 seconds
2017-04-05T21:07:14.287+0200: 4429,357: Total time for which application threads were stopped: 0,0000427 seconds, Stopping threads took: 0,0000140 seconds
2017-04-05T21:07:14.287+0200: 4429,357: Total time for which application threads were stopped: 0,0000409 seconds, Stopping threads took: 0,0000127 seconds
2017-04-05T21:07:14.287+0200: 4429,357: Total time for which application threads were stopped: 0,0000820 seconds, Stopping threads took: 0,0000121 seconds
2017-04-05T21:07:14.287+0200: 4429,357: Total time for which application threads were stopped: 0,0000406 seconds, Stopping threads took: 0,0000134 seconds
2017-04-05T21:07:14.287+0200: 4429,357: Total time for which application threads were stopped: 0,0000405 seconds, Stopping threads took: 0,0000137 seconds
2017-04-05T21:07:14.287+0200: 4429,357: Total time for which application threads were stopped: 0,0000402 seconds, Stopping threads took: 0,0000129 seconds
2017-04-05T21:07:14.287+0200: 4429,357: Total time for which application threads were stopped: 0,0000384 seconds, Stopping threads took: 0,0000108 seconds
2017-04-05T21:07:14.290+0200: 4429,360: Total time for which application threads were stopped: 0,0001036 seconds, Stopping threads took: 0,0000387 seconds
2017-04-05T21:07:14.290+0200: 4429,361: Total time for which application threads were stopped: 0,0000822 seconds, Stopping threads took: 0,0000236 seconds
2017-04-05T21:07:14.291+0200: 4429,361: Total time for which application threads were stopped: 0,0000478 seconds, Stopping threads took: 0,0000164 seconds
2017-04-05T21:07:14.294+0200: 4429,364: Total time for which application threads were stopped: 0,0000916 seconds, Stopping threads took: 0,0000294 seconds
2017-04-05T21:07:14.294+0200: 4429,364: Total time for which application threads were stopped: 0,0000504 seconds, Stopping threads took: 0,0000158 seconds
2017-04-05T21:07:14.294+0200: 4429,364: Total time for which application threads were stopped: 0,0000537 seconds, Stopping threads took: 0,0000154 seconds
2017-04-05T21:07:14.304+0200: 4429,374: Total time for which application threads were stopped: 0,0000833 seconds, Stopping threads took: 0,0000283 seconds
2017-04-05T21:07:14.304+0200: 4429,374: Total time for which application threads were stopped: 0,0000389 seconds, Stopping threads took: 0,0000088 seconds
2017-04-05T21:07:14.304+0200: 4429,374: Total time for which application threads were stopped: 0,0000464 seconds, Stopping threads took: 0,0000137 seconds
2017-04-05T21:07:14.304+0200: 4429,374: Total time for which application threads were stopped: 0,0000419 seconds, Stopping threads took: 0,0000142 seconds
2017-04-05T21:07:14.304+0200: 4429,374: Total time for which application threads were stopped: 0,0000421 seconds, Stopping threads took: 0,0000148 seconds
2017-04-05T21:07:14.304+0200: 4429,375: Total time for which application threads were stopped: 0,0000491 seconds, Stopping threads took: 0,0000163 seconds
2017-04-05T21:07:14.305+0200: 4429,375: Total time for which application threads were stopped: 0,0000460 seconds, Stopping threads took: 0,0000147 seconds
2017-04-05T21:07:14.305+0200: 4429,375: Total time for which application threads were stopped: 0,0000506 seconds, Stopping threads took: 0,0000182 seconds
2017-04-05T21:07:14.305+0200: 4429,375: Total time for which application threads were stopped: 0,0000408 seconds, Stopping threads took: 0,0000121 seconds
2017-04-05T21:07:14.305+0200: 4429,375: Total time for which application threads were stopped: 0,0000402 seconds, Stopping threads took: 0,0000121 seconds
2017-04-05T21:07:14.305+0200: 4429,375: Total time for which application threads were stopped: 0,0000565 seconds, Stopping threads took: 0,0000213 seconds
2017-04-05T21:07:14.305+0200: 4429,375: Total time for which application threads were stopped: 0,0000461 seconds, Stopping threads took: 0,0000167 seconds
2017-04-05T21:07:14.305+0200: 4429,376: Total time for which application threads were stopped: 0,0000434 seconds, Stopping threads took: 0,0000152 seconds
2017-04-05T21:07:14.306+0200: 4429,376: Total time for which application threads were stopped: 0,0000472 seconds, Stopping threads took: 0,0000159 seconds
2017-04-05T21:07:14.306+0200: 4429,376: Total time for which application threads were stopped: 0,0000380 seconds, Stopping threads took: 0,0000116 seconds
2017-04-05T21:07:14.306+0200: 4429,376: Total time for which application threads were stopped: 0,0000395 seconds, Stopping threads took: 0,0000113 seconds
2017-04-05T21:07:14.310+0200: 4429,380: Total time for which application threads were stopped: 0,0000822 seconds, Stopping threads took: 0,0000268 seconds
2017-04-05T21:07:14.310+0200: 4429,380: Total time for which application threads were stopped: 0,0000392 seconds, Stopping threads took: 0,0000061 seconds
2017-04-05T21:07:14.310+0200: 4429,381: Total time for which application threads were stopped: 0,0001542 seconds, Stopping threads took: 0,0000122 seconds
2017-04-05T21:07:14.311+0200: 4429,381: Total time for which application threads were stopped: 0,0000644 seconds, Stopping threads took: 0,0000195 seconds
2017-04-05T21:07:14.320+0200: 4429,390: Total time for which application threads were stopped: 0,0044169 seconds, Stopping threads took: 0,0043105 seconds
2017-04-05T21:07:14.325+0200: 4429,395: Total time for which application threads were stopped: 0,0001066 seconds, Stopping threads took: 0,0000280 seconds
2017-04-05T21:07:14.326+0200: 4429,396: Total time for which application threads were stopped: 0,0001160 seconds, Stopping threads took: 0,0000280 seconds
Heap
 par new generation   total 109248K, used 37083K [0x00000000e0000000, 0x00000000e8000000, 0x00000000e8000000)
  eden space 87424K,  25% used [0x00000000e0000000, 0x00000000e158e508, 0x00000000e5560000)
  from space 21824K,  68% used [0x00000000e5560000, 0x00000000e6408a70, 0x00000000e6ab0000)
  to   space 21824K,   0% used [0x00000000e6ab0000, 0x00000000e6ab0000, 0x00000000e8000000)
 concurrent mark-sweep generation total 393216K, used 6882K [0x00000000e8000000, 0x0000000100000000, 0x0000000100000000)
 Metaspace       used 28097K, capacity 28588K, committed 28848K, reserved 1075200K
  class space    used 3227K, capacity 3421K, committed 3504K, reserved 1048576K
