OpenJDK 64-Bit Server VM (25.111-b14) for linux-amd64 JRE (1.8.0_111-8u111-b14-2ubuntu0.16.04.2-b14), built on Oct 27 2016 18:10:19 by "buildd" with gcc 5.4.0 20160609
Memory: 4k page, physical 7867840k(7536128k free), swap 8076284k(8076284k free)
CommandLine flags: -XX:CMSInitiatingOccupancyFraction=50 -XX:CMSMaxAbortablePrecleanTime=6000 -XX:+CMSParallelRemarkEnabled -XX:+CMSScavengeBeforeRemark -XX:ConcGCThreads=4 -XX:InitialHeapSize=536870912 -XX:MaxHeapSize=536870912 -XX:MaxTenuringThreshold=8 -XX:NewRatio=3 -XX:OldPLABSize=16 -XX:OnOutOfMemoryError=/opt/solr/bin/oom_solr.sh 8983 /var/solr/logs -XX:ParallelGCThreads=4 -XX:+ParallelRefProcEnabled -XX:PretenureSizeThreshold=67108864 -XX:+PrintGC -XX:+PrintGCApplicationStoppedTime -XX:+PrintGCDateStamps -XX:+PrintGCDetails -XX:+PrintGCTimeStamps -XX:+PrintHeapAtGC -XX:+PrintTenuringDistribution -XX:SurvivorRatio=4 -XX:TargetSurvivorRatio=90 -XX:ThreadStackSize=256 -XX:+UseCMSInitiatingOccupancyOnly -XX:+UseCompressedClassPointers -XX:+UseCompressedOops -XX:+UseConcMarkSweepGC -XX:+UseParNewGC 
2016-12-16T15:58:31.154+0100: 0,117: Total time for which application threads were stopped: 0,0000643 seconds, Stopping threads took: 0,0000097 seconds
2016-12-16T15:58:31.235+0100: 0,198: Total time for which application threads were stopped: 0,0000938 seconds, Stopping threads took: 0,0000133 seconds
2016-12-16T15:58:31.248+0100: 0,211: Total time for which application threads were stopped: 0,0000865 seconds, Stopping threads took: 0,0000199 seconds
2016-12-16T15:58:31.463+0100: 0,425: Total time for which application threads were stopped: 0,0001258 seconds, Stopping threads took: 0,0000212 seconds
2016-12-16T15:58:31.834+0100: 0,796: Total time for which application threads were stopped: 0,0002992 seconds, Stopping threads took: 0,0001660 seconds
2016-12-16T15:58:31.923+0100: 0,885: Total time for which application threads were stopped: 0,0002462 seconds, Stopping threads took: 0,0000342 seconds
2016-12-16T15:58:31.967+0100: 0,929: Total time for which application threads were stopped: 0,0001936 seconds, Stopping threads took: 0,0000266 seconds
2016-12-16T15:58:32.314+0100: 1,277: Total time for which application threads were stopped: 0,0003707 seconds, Stopping threads took: 0,0000315 seconds
2016-12-16T15:58:32.546+0100: 1,509: Total time for which application threads were stopped: 0,0002003 seconds, Stopping threads took: 0,0000158 seconds
2016-12-16T15:58:32.573+0100: 1,535: Total time for which application threads were stopped: 0,0004103 seconds, Stopping threads took: 0,0000136 seconds
2016-12-16T15:58:32.575+0100: 1,537: Total time for which application threads were stopped: 0,0005876 seconds, Stopping threads took: 0,0000469 seconds
2016-12-16T15:58:32.585+0100: 1,547: Total time for which application threads were stopped: 0,0001721 seconds, Stopping threads took: 0,0000128 seconds
2016-12-16T15:58:32.690+0100: 1,652: Total time for which application threads were stopped: 0,0018190 seconds, Stopping threads took: 0,0008564 seconds
2016-12-16T15:58:32.851+0100: 1,814: Total time for which application threads were stopped: 0,0003291 seconds, Stopping threads took: 0,0001096 seconds
{Heap before GC invocations=0 (full 0):
 par new generation   total 109248K, used 87424K [0x00000000e0000000, 0x00000000e8000000, 0x00000000e8000000)
  eden space 87424K, 100% used [0x00000000e0000000, 0x00000000e5560000, 0x00000000e5560000)
  from space 21824K,   0% used [0x00000000e5560000, 0x00000000e5560000, 0x00000000e6ab0000)
  to   space 21824K,   0% used [0x00000000e6ab0000, 0x00000000e6ab0000, 0x00000000e8000000)
 concurrent mark-sweep generation total 393216K, used 0K [0x00000000e8000000, 0x0000000100000000, 0x0000000100000000)
 Metaspace       used 18111K, capacity 18430K, committed 18560K, reserved 1064960K
  class space    used 2053K, capacity 2162K, committed 2176K, reserved 1048576K
2016-12-16T15:58:32.963+0100: 1,926: [GC (Allocation Failure) 2016-12-16T15:58:32.964+0100: 1,926: [ParNew
Desired survivor size 20112992 bytes, new threshold 8 (max 8)
- age   1:   12321360 bytes,   12321360 total
: 87424K->12143K(109248K), 0,0155334 secs] 87424K->12143K(502464K), 0,0156169 secs] [Times: user=0,05 sys=0,01, real=0,02 secs] 
Heap after GC invocations=1 (full 0):
 par new generation   total 109248K, used 12143K [0x00000000e0000000, 0x00000000e8000000, 0x00000000e8000000)
  eden space 87424K,   0% used [0x00000000e0000000, 0x00000000e0000000, 0x00000000e5560000)
  from space 21824K,  55% used [0x00000000e6ab0000, 0x00000000e768bc48, 0x00000000e8000000)
  to   space 21824K,   0% used [0x00000000e5560000, 0x00000000e5560000, 0x00000000e6ab0000)
 concurrent mark-sweep generation total 393216K, used 0K [0x00000000e8000000, 0x0000000100000000, 0x0000000100000000)
 Metaspace       used 18111K, capacity 18430K, committed 18560K, reserved 1064960K
  class space    used 2053K, capacity 2162K, committed 2176K, reserved 1048576K
}
2016-12-16T15:58:32.979+0100: 1,942: Total time for which application threads were stopped: 0,0158047 seconds, Stopping threads took: 0,0000171 seconds
2016-12-16T15:58:33.150+0100: 2,112: Total time for which application threads were stopped: 0,0002918 seconds, Stopping threads took: 0,0000302 seconds
2016-12-16T15:58:33.180+0100: 2,143: Total time for which application threads were stopped: 0,0003633 seconds, Stopping threads took: 0,0000333 seconds
2016-12-16T15:58:33.208+0100: 2,171: Total time for which application threads were stopped: 0,0003555 seconds, Stopping threads took: 0,0000407 seconds
{Heap before GC invocations=1 (full 0):
 par new generation   total 109248K, used 99567K [0x00000000e0000000, 0x00000000e8000000, 0x00000000e8000000)
  eden space 87424K, 100% used [0x00000000e0000000, 0x00000000e5560000, 0x00000000e5560000)
  from space 21824K,  55% used [0x00000000e6ab0000, 0x00000000e768bc48, 0x00000000e8000000)
  to   space 21824K,   0% used [0x00000000e5560000, 0x00000000e5560000, 0x00000000e6ab0000)
 concurrent mark-sweep generation total 393216K, used 0K [0x00000000e8000000, 0x0000000100000000, 0x0000000100000000)
 Metaspace       used 20735K, capacity 21084K, committed 21248K, reserved 1069056K
  class space    used 2403K, capacity 2518K, committed 2560K, reserved 1048576K
2016-12-16T15:58:33.381+0100: 2,344: [GC (Allocation Failure) 2016-12-16T15:58:33.381+0100: 2,344: [ParNew
Desired survivor size 20112992 bytes, new threshold 8 (max 8)
- age   1:    2919008 bytes,    2919008 total
- age   2:    6100320 bytes,    9019328 total
: 99567K->13162K(109248K), 0,0166082 secs] 99567K->13162K(502464K), 0,0166955 secs] [Times: user=0,06 sys=0,00, real=0,01 secs] 
Heap after GC invocations=2 (full 0):
 par new generation   total 109248K, used 13162K [0x00000000e0000000, 0x00000000e8000000, 0x00000000e8000000)
  eden space 87424K,   0% used [0x00000000e0000000, 0x00000000e0000000, 0x00000000e5560000)
  from space 21824K,  60% used [0x00000000e5560000, 0x00000000e623aab8, 0x00000000e6ab0000)
  to   space 21824K,   0% used [0x00000000e6ab0000, 0x00000000e6ab0000, 0x00000000e8000000)
 concurrent mark-sweep generation total 393216K, used 0K [0x00000000e8000000, 0x0000000100000000, 0x0000000100000000)
 Metaspace       used 20735K, capacity 21084K, committed 21248K, reserved 1069056K
  class space    used 2403K, capacity 2518K, committed 2560K, reserved 1048576K
}
2016-12-16T15:58:33.398+0100: 2,360: Total time for which application threads were stopped: 0,0169234 seconds, Stopping threads took: 0,0000247 seconds
2016-12-16T15:58:33.450+0100: 2,413: Total time for which application threads were stopped: 0,0000890 seconds, Stopping threads took: 0,0000160 seconds
2016-12-16T15:58:33.486+0100: 2,448: Total time for which application threads were stopped: 0,0000754 seconds, Stopping threads took: 0,0000120 seconds
2016-12-16T15:58:33.486+0100: 2,449: Total time for which application threads were stopped: 0,0002454 seconds, Stopping threads took: 0,0000100 seconds
2016-12-16T15:58:33.512+0100: 2,475: Total time for which application threads were stopped: 0,0000707 seconds, Stopping threads took: 0,0000121 seconds
2016-12-16T15:58:33.572+0100: 2,535: Total time for which application threads were stopped: 0,0001509 seconds, Stopping threads took: 0,0000262 seconds
2016-12-16T15:58:33.610+0100: 2,572: Total time for which application threads were stopped: 0,0000875 seconds, Stopping threads took: 0,0000205 seconds
2016-12-16T15:58:33.630+0100: 2,592: Total time for which application threads were stopped: 0,0002823 seconds, Stopping threads took: 0,0000185 seconds
2016-12-16T15:58:33.636+0100: 2,598: Total time for which application threads were stopped: 0,0000777 seconds, Stopping threads took: 0,0000248 seconds
2016-12-16T15:58:33.637+0100: 2,599: Total time for which application threads were stopped: 0,0002639 seconds, Stopping threads took: 0,0000172 seconds
2016-12-16T15:58:33.674+0100: 2,637: Total time for which application threads were stopped: 0,0000888 seconds, Stopping threads took: 0,0000200 seconds
2016-12-16T15:58:33.690+0100: 2,653: Total time for which application threads were stopped: 0,0000986 seconds, Stopping threads took: 0,0000366 seconds
2016-12-16T15:58:33.708+0100: 2,671: Total time for which application threads were stopped: 0,0000864 seconds, Stopping threads took: 0,0000196 seconds
2016-12-16T15:58:33.726+0100: 2,688: Total time for which application threads were stopped: 0,0000835 seconds, Stopping threads took: 0,0000217 seconds
2016-12-16T15:58:33.748+0100: 2,711: Total time for which application threads were stopped: 0,0000976 seconds, Stopping threads took: 0,0000241 seconds
2016-12-16T15:58:33.817+0100: 2,780: Total time for which application threads were stopped: 0,0001082 seconds, Stopping threads took: 0,0000265 seconds
2016-12-16T15:58:33.849+0100: 2,811: Total time for which application threads were stopped: 0,0001089 seconds, Stopping threads took: 0,0000198 seconds
{Heap before GC invocations=2 (full 0):
 par new generation   total 109248K, used 100586K [0x00000000e0000000, 0x00000000e8000000, 0x00000000e8000000)
  eden space 87424K, 100% used [0x00000000e0000000, 0x00000000e5560000, 0x00000000e5560000)
  from space 21824K,  60% used [0x00000000e5560000, 0x00000000e623aab8, 0x00000000e6ab0000)
  to   space 21824K,   0% used [0x00000000e6ab0000, 0x00000000e6ab0000, 0x00000000e8000000)
 concurrent mark-sweep generation total 393216K, used 0K [0x00000000e8000000, 0x0000000100000000, 0x0000000100000000)
 Metaspace       used 24888K, capacity 25220K, committed 25536K, reserved 1071104K
  class space    used 2896K, capacity 3024K, committed 3144K, reserved 1048576K
2016-12-16T15:58:33.880+0100: 2,842: [GC (Allocation Failure) 2016-12-16T15:58:33.880+0100: 2,842: [ParNew
Desired survivor size 20112992 bytes, new threshold 8 (max 8)
- age   1:    6721616 bytes,    6721616 total
- age   2:     551536 bytes,    7273152 total
- age   3:    6082960 bytes,   13356112 total
: 100586K->15550K(109248K), 0,0151464 secs] 100586K->15550K(502464K), 0,0152205 secs] [Times: user=0,04 sys=0,01, real=0,01 secs] 
Heap after GC invocations=3 (full 0):
 par new generation   total 109248K, used 15550K [0x00000000e0000000, 0x00000000e8000000, 0x00000000e8000000)
  eden space 87424K,   0% used [0x00000000e0000000, 0x00000000e0000000, 0x00000000e5560000)
  from space 21824K,  71% used [0x00000000e6ab0000, 0x00000000e79df820, 0x00000000e8000000)
  to   space 21824K,   0% used [0x00000000e5560000, 0x00000000e5560000, 0x00000000e6ab0000)
 concurrent mark-sweep generation total 393216K, used 0K [0x00000000e8000000, 0x0000000100000000, 0x0000000100000000)
 Metaspace       used 24888K, capacity 25220K, committed 25536K, reserved 1071104K
  class space    used 2896K, capacity 3024K, committed 3144K, reserved 1048576K
}
2016-12-16T15:58:33.895+0100: 2,858: Total time for which application threads were stopped: 0,0154442 seconds, Stopping threads took: 0,0000916 seconds
2016-12-16T15:58:33.895+0100: 2,858: [GC (CMS Initial Mark) [1 CMS-initial-mark: 0K(393216K)] 15565K(502464K), 0,0036705 secs] [Times: user=0,02 sys=0,00, real=0,01 secs] 
2016-12-16T15:58:33.899+0100: 2,861: Total time for which application threads were stopped: 0,0038093 seconds, Stopping threads took: 0,0000432 seconds
2016-12-16T15:58:33.899+0100: 2,861: [CMS-concurrent-mark-start]
2016-12-16T15:58:33.900+0100: 2,862: [CMS-concurrent-mark: 0,001/0,001 secs] [Times: user=0,00 sys=0,00, real=0,00 secs] 
2016-12-16T15:58:33.900+0100: 2,862: [CMS-concurrent-preclean-start]
2016-12-16T15:58:33.901+0100: 2,864: [CMS-concurrent-preclean: 0,001/0,001 secs] [Times: user=0,00 sys=0,00, real=0,00 secs] 
2016-12-16T15:58:33.901+0100: 2,864: [GC (CMS Final Remark) [YG occupancy: 16964 K (109248 K)]{Heap before GC invocations=3 (full 1):
 par new generation   total 109248K, used 16964K [0x00000000e0000000, 0x00000000e8000000, 0x00000000e8000000)
  eden space 87424K,   1% used [0x00000000e0000000, 0x00000000e0161a88, 0x00000000e5560000)
  from space 21824K,  71% used [0x00000000e6ab0000, 0x00000000e79df820, 0x00000000e8000000)
  to   space 21824K,   0% used [0x00000000e5560000, 0x00000000e5560000, 0x00000000e6ab0000)
 concurrent mark-sweep generation total 393216K, used 0K [0x00000000e8000000, 0x0000000100000000, 0x0000000100000000)
 Metaspace       used 24903K, capacity 25284K, committed 25536K, reserved 1071104K
  class space    used 2897K, capacity 3024K, committed 3144K, reserved 1048576K
2016-12-16T15:58:33.901+0100: 2,864: [GC (CMS Final Remark) 2016-12-16T15:58:33.901+0100: 2,864: [ParNew
Desired survivor size 20112992 bytes, new threshold 8 (max 8)
- age   1:      16184 bytes,      16184 total
- age   2:    3166080 bytes,    3182264 total
- age   3:     551464 bytes,    3733728 total
- age   4:    6082192 bytes,    9815920 total
: 16964K->16614K(109248K), 0,0112610 secs] 16964K->16614K(502464K), 0,0113128 secs] [Times: user=0,04 sys=0,00, real=0,01 secs] 
Heap after GC invocations=4 (full 1):
 par new generation   total 109248K, used 16614K [0x00000000e0000000, 0x00000000e8000000, 0x00000000e8000000)
  eden space 87424K,   0% used [0x00000000e0000000, 0x00000000e0000000, 0x00000000e5560000)
  from space 21824K,  76% used [0x00000000e5560000, 0x00000000e6599a40, 0x00000000e6ab0000)
  to   space 21824K,   0% used [0x00000000e6ab0000, 0x00000000e6ab0000, 0x00000000e8000000)
 concurrent mark-sweep generation total 393216K, used 0K [0x00000000e8000000, 0x0000000100000000, 0x0000000100000000)
 Metaspace       used 24903K, capacity 25284K, committed 25536K, reserved 1071104K
  class space    used 2897K, capacity 3024K, committed 3144K, reserved 1048576K
}
2016-12-16T15:58:33.913+0100: 2,875: [Rescan (parallel) , 0,0036142 secs]2016-12-16T15:58:33.916+0100: 2,879: [weak refs processing, 0,0009254 secs]2016-12-16T15:58:33.917+0100: 2,880: [class unloading, 0,0032924 secs]2016-12-16T15:58:33.921+0100: 2,883: [scrub symbol table, 0,0039566 secs]2016-12-16T15:58:33.925+0100: 2,887: [scrub string table, 0,0004460 secs][1 CMS-remark: 0K(393216K)] 16614K(502464K), 0,0242650 secs] [Times: user=0,07 sys=0,00, real=0,02 secs] 
2016-12-16T15:58:33.926+0100: 2,888: Total time for which application threads were stopped: 0,0243880 seconds, Stopping threads took: 0,0000462 seconds
2016-12-16T15:58:33.926+0100: 2,888: [CMS-concurrent-sweep-start]
2016-12-16T15:58:33.926+0100: 2,888: [CMS-concurrent-sweep: 0,000/0,000 secs] [Times: user=0,00 sys=0,00, real=0,00 secs] 
2016-12-16T15:58:33.926+0100: 2,888: [CMS-concurrent-reset-start]
2016-12-16T15:58:33.927+0100: 2,890: [CMS-concurrent-reset: 0,002/0,002 secs] [Times: user=0,00 sys=0,00, real=0,01 secs] 
2016-12-16T15:58:34.926+0100: 3,888: Total time for which application threads were stopped: 0,0001206 seconds, Stopping threads took: 0,0000171 seconds
2016-12-16T15:58:35.085+0100: 4,048: Total time for which application threads were stopped: 0,0002763 seconds, Stopping threads took: 0,0000201 seconds
2016-12-16T16:01:13.105+0100: 162,068: Total time for which application threads were stopped: 0,0000793 seconds, Stopping threads took: 0,0000325 seconds
2016-12-16T16:01:18.106+0100: 167,069: Total time for which application threads were stopped: 0,0000655 seconds, Stopping threads took: 0,0000182 seconds
2016-12-16T16:01:32.108+0100: 181,071: Total time for which application threads were stopped: 0,0000685 seconds, Stopping threads took: 0,0000197 seconds
2016-12-16T16:02:13.113+0100: 222,076: Total time for which application threads were stopped: 0,0000816 seconds, Stopping threads took: 0,0000347 seconds
2016-12-16T16:03:02.119+0100: 271,082: Total time for which application threads were stopped: 0,0004683 seconds, Stopping threads took: 0,0001203 seconds
2016-12-16T16:03:18.121+0100: 287,083: Total time for which application threads were stopped: 0,0000770 seconds, Stopping threads took: 0,0000332 seconds
2016-12-16T16:03:53.124+0100: 322,086: Total time for which application threads were stopped: 0,0000809 seconds, Stopping threads took: 0,0000324 seconds
2016-12-16T16:05:17.132+0100: 406,095: Total time for which application threads were stopped: 0,0000872 seconds, Stopping threads took: 0,0000357 seconds
2016-12-16T16:05:22.133+0100: 411,096: Total time for which application threads were stopped: 0,0001106 seconds, Stopping threads took: 0,0000293 seconds
2016-12-16T16:09:13.158+0100: 642,120: Total time for which application threads were stopped: 0,0001559 seconds, Stopping threads took: 0,0000625 seconds
2016-12-16T16:22:12.237+0100: 1421,200: Total time for which application threads were stopped: 0,0000926 seconds, Stopping threads took: 0,0000291 seconds
2016-12-16T16:25:58.259+0100: 1647,221: Total time for which application threads were stopped: 0,0000774 seconds, Stopping threads took: 0,0000305 seconds
2016-12-16T16:26:57.264+0100: 1706,226: Total time for which application threads were stopped: 0,0000807 seconds, Stopping threads took: 0,0000307 seconds
2016-12-16T16:31:24.569+0100: 1970,194: Total time for which application threads were stopped: 0,0001192 seconds, Stopping threads took: 0,0000147 seconds
Heap
 par new generation   total 109248K, used 61428K [0x00000000e0000000, 0x00000000e8000000, 0x00000000e8000000)
  eden space 87424K,  51% used [0x00000000e0000000, 0x00000000e2bc3888, 0x00000000e5560000)
  from space 21824K,  76% used [0x00000000e5560000, 0x00000000e6599a40, 0x00000000e6ab0000)
  to   space 21824K,   0% used [0x00000000e6ab0000, 0x00000000e6ab0000, 0x00000000e8000000)
 concurrent mark-sweep generation total 393216K, used 0K [0x00000000e8000000, 0x0000000100000000, 0x0000000100000000)
 Metaspace       used 27253K, capacity 27728K, committed 27972K, reserved 1073152K
  class space    used 3166K, capacity 3320K, committed 3400K, reserved 1048576K
