OpenJDK 64-Bit Server VM (25.131-b11) for linux-amd64 JRE (1.8.0_131-8u131-b11-2ubuntu1.16.04.2-b11), built on Jul 22 2017 00:56:41 by "buildd" with gcc 5.4.0 20160609
Memory: 4k page, physical 7867736k(7465088k free), swap 8076284k(8076284k free)
CommandLine flags: -XX:CMSInitiatingOccupancyFraction=50 -XX:CMSMaxAbortablePrecleanTime=6000 -XX:+CMSParallelRemarkEnabled -XX:+CMSScavengeBeforeRemark -XX:ConcGCThreads=4 -XX:InitialHeapSize=536870912 -XX:MaxHeapSize=536870912 -XX:MaxTenuringThreshold=8 -XX:NewRatio=3 -XX:OldPLABSize=16 -XX:OnOutOfMemoryError=/opt/solr/bin/oom_solr.sh 8983 /var/solr/logs -XX:ParallelGCThreads=4 -XX:+ParallelRefProcEnabled -XX:PretenureSizeThreshold=67108864 -XX:+PrintGC -XX:+PrintGCApplicationStoppedTime -XX:+PrintGCDateStamps -XX:+PrintGCDetails -XX:+PrintGCTimeStamps -XX:+PrintHeapAtGC -XX:+PrintTenuringDistribution -XX:SurvivorRatio=4 -XX:TargetSurvivorRatio=90 -XX:ThreadStackSize=256 -XX:+UseCMSInitiatingOccupancyOnly -XX:+UseCompressedClassPointers -XX:+UseCompressedOops -XX:+UseConcMarkSweepGC -XX:+UseParNewGC 
2017-07-31T07:49:00.150+0200: 0,198: Total time for which application threads were stopped: 0,0000614 seconds, Stopping threads took: 0,0000090 seconds
2017-07-31T07:49:00.254+0200: 0,302: Total time for which application threads were stopped: 0,0000902 seconds, Stopping threads took: 0,0000141 seconds
2017-07-31T07:49:00.272+0200: 0,320: Total time for which application threads were stopped: 0,0000941 seconds, Stopping threads took: 0,0000264 seconds
2017-07-31T07:49:00.592+0200: 0,640: Total time for which application threads were stopped: 0,0001345 seconds, Stopping threads took: 0,0000118 seconds
2017-07-31T07:49:01.084+0200: 1,131: Total time for which application threads were stopped: 0,0001624 seconds, Stopping threads took: 0,0000174 seconds
2017-07-31T07:49:01.175+0200: 1,223: Total time for which application threads were stopped: 0,0001514 seconds, Stopping threads took: 0,0000236 seconds
2017-07-31T07:49:01.194+0200: 1,242: Total time for which application threads were stopped: 0,0001377 seconds, Stopping threads took: 0,0000163 seconds
2017-07-31T07:49:01.483+0200: 1,531: Total time for which application threads were stopped: 0,0001894 seconds, Stopping threads took: 0,0000137 seconds
2017-07-31T07:49:01.746+0200: 1,793: Total time for which application threads were stopped: 0,0002199 seconds, Stopping threads took: 0,0000180 seconds
2017-07-31T07:49:01.767+0200: 1,815: Total time for which application threads were stopped: 0,0001823 seconds, Stopping threads took: 0,0000287 seconds
2017-07-31T07:49:01.804+0200: 1,852: Total time for which application threads were stopped: 0,0008364 seconds, Stopping threads took: 0,0001433 seconds
2017-07-31T07:49:01.807+0200: 1,855: Total time for which application threads were stopped: 0,0002372 seconds, Stopping threads took: 0,0000409 seconds
2017-07-31T07:49:01.829+0200: 1,877: Total time for which application threads were stopped: 0,0001653 seconds, Stopping threads took: 0,0000122 seconds
2017-07-31T07:49:01.904+0200: 1,951: Total time for which application threads were stopped: 0,0001967 seconds, Stopping threads took: 0,0000175 seconds
2017-07-31T07:49:02.077+0200: 2,125: Total time for which application threads were stopped: 0,0002500 seconds, Stopping threads took: 0,0000326 seconds
{Heap before GC invocations=0 (full 0):
 par new generation   total 109248K, used 87424K [0x00000000e0000000, 0x00000000e8000000, 0x00000000e8000000)
  eden space 87424K, 100% used [0x00000000e0000000, 0x00000000e5560000, 0x00000000e5560000)
  from space 21824K,   0% used [0x00000000e5560000, 0x00000000e5560000, 0x00000000e6ab0000)
  to   space 21824K,   0% used [0x00000000e6ab0000, 0x00000000e6ab0000, 0x00000000e8000000)
 concurrent mark-sweep generation total 393216K, used 0K [0x00000000e8000000, 0x0000000100000000, 0x0000000100000000)
 Metaspace       used 18018K, capacity 18336K, committed 18688K, reserved 1064960K
  class space    used 2036K, capacity 2196K, committed 2304K, reserved 1048576K
2017-07-31T07:49:02.158+0200: 2,206: [GC (Allocation Failure) 2017-07-31T07:49:02.158+0200: 2,206: [ParNew
Desired survivor size 20112992 bytes, new threshold 8 (max 8)
- age   1:   12432640 bytes,   12432640 total
: 87424K->12256K(109248K), 0,0173044 secs] 87424K->12256K(502464K), 0,0173882 secs] [Times: user=0,06 sys=0,00, real=0,01 secs] 
Heap after GC invocations=1 (full 0):
 par new generation   total 109248K, used 12256K [0x00000000e0000000, 0x00000000e8000000, 0x00000000e8000000)
  eden space 87424K,   0% used [0x00000000e0000000, 0x00000000e0000000, 0x00000000e5560000)
  from space 21824K,  56% used [0x00000000e6ab0000, 0x00000000e76a8108, 0x00000000e8000000)
  to   space 21824K,   0% used [0x00000000e5560000, 0x00000000e5560000, 0x00000000e6ab0000)
 concurrent mark-sweep generation total 393216K, used 0K [0x00000000e8000000, 0x0000000100000000, 0x0000000100000000)
 Metaspace       used 18018K, capacity 18336K, committed 18688K, reserved 1064960K
  class space    used 2036K, capacity 2196K, committed 2304K, reserved 1048576K
}
2017-07-31T07:49:02.176+0200: 2,223: Total time for which application threads were stopped: 0,0178994 seconds, Stopping threads took: 0,0002713 seconds
2017-07-31T07:49:02.516+0200: 2,564: Total time for which application threads were stopped: 0,0003531 seconds, Stopping threads took: 0,0000576 seconds
{Heap before GC invocations=1 (full 0):
 par new generation   total 109248K, used 99680K [0x00000000e0000000, 0x00000000e8000000, 0x00000000e8000000)
  eden space 87424K, 100% used [0x00000000e0000000, 0x00000000e5560000, 0x00000000e5560000)
  from space 21824K,  56% used [0x00000000e6ab0000, 0x00000000e76a8108, 0x00000000e8000000)
  to   space 21824K,   0% used [0x00000000e5560000, 0x00000000e5560000, 0x00000000e6ab0000)
 concurrent mark-sweep generation total 393216K, used 0K [0x00000000e8000000, 0x0000000100000000, 0x0000000100000000)
 Metaspace       used 20061K, capacity 20368K, committed 20736K, reserved 1067008K
  class space    used 2296K, capacity 2472K, committed 2560K, reserved 1048576K
2017-07-31T07:49:02.569+0200: 2,617: [GC (Allocation Failure) 2017-07-31T07:49:02.569+0200: 2,617: [ParNew
Desired survivor size 20112992 bytes, new threshold 8 (max 8)
- age   1:    3642712 bytes,    3642712 total
- age   2:    6661568 bytes,   10304280 total
: 99680K->13742K(109248K), 0,0149609 secs] 99680K->13742K(502464K), 0,0150300 secs] [Times: user=0,04 sys=0,01, real=0,02 secs] 
Heap after GC invocations=2 (full 0):
 par new generation   total 109248K, used 13742K [0x00000000e0000000, 0x00000000e8000000, 0x00000000e8000000)
  eden space 87424K,   0% used [0x00000000e0000000, 0x00000000e0000000, 0x00000000e5560000)
  from space 21824K,  62% used [0x00000000e5560000, 0x00000000e62cbb38, 0x00000000e6ab0000)
  to   space 21824K,   0% used [0x00000000e6ab0000, 0x00000000e6ab0000, 0x00000000e8000000)
 concurrent mark-sweep generation total 393216K, used 0K [0x00000000e8000000, 0x0000000100000000, 0x0000000100000000)
 Metaspace       used 20061K, capacity 20368K, committed 20736K, reserved 1067008K
  class space    used 2296K, capacity 2472K, committed 2560K, reserved 1048576K
}
2017-07-31T07:49:02.585+0200: 2,632: Total time for which application threads were stopped: 0,0152431 seconds, Stopping threads took: 0,0000615 seconds
2017-07-31T07:49:02.591+0200: 2,639: Total time for which application threads were stopped: 0,0004520 seconds, Stopping threads took: 0,0000605 seconds
2017-07-31T07:49:02.650+0200: 2,698: Total time for which application threads were stopped: 0,0041386 seconds, Stopping threads took: 0,0038467 seconds
2017-07-31T07:49:02.778+0200: 2,825: Total time for which application threads were stopped: 0,0002347 seconds, Stopping threads took: 0,0001057 seconds
{Heap before GC invocations=2 (full 0):
 par new generation   total 109248K, used 101166K [0x00000000e0000000, 0x00000000e8000000, 0x00000000e8000000)
  eden space 87424K, 100% used [0x00000000e0000000, 0x00000000e5560000, 0x00000000e5560000)
  from space 21824K,  62% used [0x00000000e5560000, 0x00000000e62cbb38, 0x00000000e6ab0000)
  to   space 21824K,   0% used [0x00000000e6ab0000, 0x00000000e6ab0000, 0x00000000e8000000)
 concurrent mark-sweep generation total 393216K, used 0K [0x00000000e8000000, 0x0000000100000000, 0x0000000100000000)
 Metaspace       used 21006K, capacity 21354K, committed 21628K, reserved 1069056K
  class space    used 2418K, capacity 2591K, committed 2684K, reserved 1048576K
2017-07-31T07:49:02.819+0200: 2,867: [GC (Allocation Failure) 2017-07-31T07:49:02.819+0200: 2,867: [ParNew
Desired survivor size 20112992 bytes, new threshold 8 (max 8)
- age   1:    1982624 bytes,    1982624 total
- age   2:     871552 bytes,    2854176 total
- age   3:    6643592 bytes,    9497768 total
: 101166K->11473K(109248K), 0,0138486 secs] 101166K->11473K(502464K), 0,0139277 secs] [Times: user=0,05 sys=0,00, real=0,01 secs] 
Heap after GC invocations=3 (full 0):
 par new generation   total 109248K, used 11473K [0x00000000e0000000, 0x00000000e8000000, 0x00000000e8000000)
  eden space 87424K,   0% used [0x00000000e0000000, 0x00000000e0000000, 0x00000000e5560000)
  from space 21824K,  52% used [0x00000000e6ab0000, 0x00000000e75e4680, 0x00000000e8000000)
  to   space 21824K,   0% used [0x00000000e5560000, 0x00000000e5560000, 0x00000000e6ab0000)
 concurrent mark-sweep generation total 393216K, used 0K [0x00000000e8000000, 0x0000000100000000, 0x0000000100000000)
 Metaspace       used 21006K, capacity 21354K, committed 21628K, reserved 1069056K
  class space    used 2418K, capacity 2591K, committed 2684K, reserved 1048576K
}
2017-07-31T07:49:02.833+0200: 2,881: Total time for which application threads were stopped: 0,0141314 seconds, Stopping threads took: 0,0000661 seconds
2017-07-31T07:49:02.835+0200: 2,882: [GC (CMS Initial Mark) [1 CMS-initial-mark: 0K(393216K)] 12892K(502464K), 0,0042131 secs] [Times: user=0,01 sys=0,00, real=0,01 secs] 
2017-07-31T07:49:02.839+0200: 2,887: Total time for which application threads were stopped: 0,0057416 seconds, Stopping threads took: 0,0014344 seconds
2017-07-31T07:49:02.839+0200: 2,887: [CMS-concurrent-mark-start]
2017-07-31T07:49:02.840+0200: 2,887: [CMS-concurrent-mark: 0,001/0,001 secs] [Times: user=0,01 sys=0,00, real=0,00 secs] 
2017-07-31T07:49:02.840+0200: 2,887: [CMS-concurrent-preclean-start]
2017-07-31T07:49:02.841+0200: 2,888: [CMS-concurrent-preclean: 0,001/0,001 secs] [Times: user=0,00 sys=0,00, real=0,00 secs] 
2017-07-31T07:49:02.841+0200: 2,888: [CMS-concurrent-abortable-preclean-start]
2017-07-31T07:49:02.899+0200: 2,946: Total time for which application threads were stopped: 0,0001748 seconds, Stopping threads took: 0,0000679 seconds
{Heap before GC invocations=3 (full 1):
 par new generation   total 109248K, used 98897K [0x00000000e0000000, 0x00000000e8000000, 0x00000000e8000000)
  eden space 87424K, 100% used [0x00000000e0000000, 0x00000000e5560000, 0x00000000e5560000)
  from space 21824K,  52% used [0x00000000e6ab0000, 0x00000000e75e4680, 0x00000000e8000000)
  to   space 21824K,   0% used [0x00000000e5560000, 0x00000000e5560000, 0x00000000e6ab0000)
 concurrent mark-sweep generation total 393216K, used 0K [0x00000000e8000000, 0x0000000100000000, 0x0000000100000000)
 Metaspace       used 21284K, capacity 21627K, committed 21884K, reserved 1069056K
  class space    used 2448K, capacity 2606K, committed 2684K, reserved 1048576K
2017-07-31T07:49:02.954+0200: 3,001: [GC (Allocation Failure) 2017-07-31T07:49:02.954+0200: 3,001: [ParNew
Desired survivor size 20112992 bytes, new threshold 8 (max 8)
- age   1:    1076408 bytes,    1076408 total
- age   2:    1447168 bytes,    2523576 total
- age   3:     838240 bytes,    3361816 total
- age   4:    6643720 bytes,   10005536 total
: 98897K->12585K(109248K), 0,0103569 secs] 98897K->12585K(502464K), 0,0104166 secs] [Times: user=0,02 sys=0,00, real=0,01 secs] 
Heap after GC invocations=4 (full 1):
 par new generation   total 109248K, used 12585K [0x00000000e0000000, 0x00000000e8000000, 0x00000000e8000000)
  eden space 87424K,   0% used [0x00000000e0000000, 0x00000000e0000000, 0x00000000e5560000)
  from space 21824K,  57% used [0x00000000e5560000, 0x00000000e61aa790, 0x00000000e6ab0000)
  to   space 21824K,   0% used [0x00000000e6ab0000, 0x00000000e6ab0000, 0x00000000e8000000)
 concurrent mark-sweep generation total 393216K, used 0K [0x00000000e8000000, 0x0000000100000000, 0x0000000100000000)
 Metaspace       used 21284K, capacity 21627K, committed 21884K, reserved 1069056K
  class space    used 2448K, capacity 2606K, committed 2684K, reserved 1048576K
}
2017-07-31T07:49:02.964+0200: 3,012: Total time for which application threads were stopped: 0,0141867 seconds, Stopping threads took: 0,0036470 seconds
2017-07-31T07:49:02.964+0200: 3,012: [CMS-concurrent-abortable-preclean: 0,059/0,123 secs] [Times: user=0,43 sys=0,01, real=0,12 secs] 
2017-07-31T07:49:02.964+0200: 3,012: [GC (CMS Final Remark) [YG occupancy: 13941 K (109248 K)]{Heap before GC invocations=4 (full 1):
 par new generation   total 109248K, used 13941K [0x00000000e0000000, 0x00000000e8000000, 0x00000000e8000000)
  eden space 87424K,   1% used [0x00000000e0000000, 0x00000000e0152c90, 0x00000000e5560000)
  from space 21824K,  57% used [0x00000000e5560000, 0x00000000e61aa790, 0x00000000e6ab0000)
  to   space 21824K,   0% used [0x00000000e6ab0000, 0x00000000e6ab0000, 0x00000000e8000000)
 concurrent mark-sweep generation total 393216K, used 0K [0x00000000e8000000, 0x0000000100000000, 0x0000000100000000)
 Metaspace       used 21284K, capacity 21627K, committed 21884K, reserved 1069056K
  class space    used 2448K, capacity 2606K, committed 2684K, reserved 1048576K
2017-07-31T07:49:02.964+0200: 3,012: [GC (CMS Final Remark) 2017-07-31T07:49:02.964+0200: 3,012: [ParNew
Desired survivor size 20112992 bytes, new threshold 8 (max 8)
- age   1:      22808 bytes,      22808 total
- age   2:    1036696 bytes,    1059504 total
- age   3:    1447168 bytes,    2506672 total
- age   4:     838240 bytes,    3344912 total
- age   5:    6652072 bytes,    9996984 total
: 13941K->11523K(109248K), 0,0089221 secs] 13941K->11523K(502464K), 0,0089536 secs] [Times: user=0,04 sys=0,00, real=0,01 secs] 
Heap after GC invocations=5 (full 1):
 par new generation   total 109248K, used 11523K [0x00000000e0000000, 0x00000000e8000000, 0x00000000e8000000)
  eden space 87424K,   0% used [0x00000000e0000000, 0x00000000e0000000, 0x00000000e5560000)
  from space 21824K,  52% used [0x00000000e6ab0000, 0x00000000e75f0e00, 0x00000000e8000000)
  to   space 21824K,   0% used [0x00000000e5560000, 0x00000000e5560000, 0x00000000e6ab0000)
 concurrent mark-sweep generation total 393216K, used 0K [0x00000000e8000000, 0x0000000100000000, 0x0000000100000000)
 Metaspace       used 21284K, capacity 21627K, committed 21884K, reserved 1069056K
  class space    used 2448K, capacity 2606K, committed 2684K, reserved 1048576K
}
2017-07-31T07:49:02.973+0200: 3,021: [Rescan (parallel) , 0,0036422 secs]2017-07-31T07:49:02.977+0200: 3,025: [weak refs processing, 0,0006586 secs]2017-07-31T07:49:02.978+0200: 3,025: [class unloading, 0,0028215 secs]2017-07-31T07:49:02.981+0200: 3,028: [scrub symbol table, 0,0026634 secs]2017-07-31T07:49:02.983+0200: 3,031: [scrub string table, 0,0003691 secs][1 CMS-remark: 0K(393216K)] 11523K(502464K), 0,0197395 secs] [Times: user=0,06 sys=0,00, real=0,02 secs] 
2017-07-31T07:49:02.984+0200: 3,032: Total time for which application threads were stopped: 0,0198419 seconds, Stopping threads took: 0,0000349 seconds
2017-07-31T07:49:02.984+0200: 3,032: [CMS-concurrent-sweep-start]
2017-07-31T07:49:02.984+0200: 3,032: [CMS-concurrent-sweep: 0,000/0,000 secs] [Times: user=0,00 sys=0,00, real=0,00 secs] 
2017-07-31T07:49:02.984+0200: 3,032: [CMS-concurrent-reset-start]
2017-07-31T07:49:02.989+0200: 3,037: [CMS-concurrent-reset: 0,005/0,005 secs] [Times: user=0,02 sys=0,01, real=0,00 secs] 
2017-07-31T07:49:03.075+0200: 3,122: Total time for which application threads were stopped: 0,0001295 seconds, Stopping threads took: 0,0000435 seconds
{Heap before GC invocations=5 (full 1):
 par new generation   total 109248K, used 100373K [0x00000000e0000000, 0x00000000e8000000, 0x00000000e8000000)
  eden space 87424K, 100% used [0x00000000e0000000, 0x00000000e5560000, 0x00000000e5560000)
  from space 21824K,  59% used [0x00000000e6ab0000, 0x00000000e7755408, 0x00000000e8000000)
  to   space 21824K,   0% used [0x00000000e5560000, 0x00000000e5560000, 0x00000000e6ab0000)
 concurrent mark-sweep generation total 393216K, used 0K [0x00000000e8000000, 0x0000000100000000, 0x0000000100000000)
 Metaspace       used 21426K, capacity 21799K, committed 21884K, reserved 1069056K
  class space    used 2467K, capacity 2640K, committed 2684K, reserved 1048576K
2017-07-31T07:49:03.078+0200: 3,125: [GC (GCLocker Initiated GC) 2017-07-31T07:49:03.078+0200: 3,125: [ParNew
Desired survivor size 20112992 bytes, new threshold 8 (max 8)
- age   1:     411248 bytes,     411248 total
- age   3:     188184 bytes,     599432 total
- age   4:    1446824 bytes,    2046256 total
- age   5:     836256 bytes,    2882512 total
- age   6:    6643984 bytes,    9526496 total
: 100373K->15323K(109248K), 0,0091674 secs] 100373K->15323K(502464K), 0,0092392 secs] [Times: user=0,04 sys=0,01, real=0,00 secs] 
Heap after GC invocations=6 (full 1):
 par new generation   total 109248K, used 15323K [0x00000000e0000000, 0x00000000e8000000, 0x00000000e8000000)
  eden space 87424K,   0% used [0x00000000e0000000, 0x00000000e0000000, 0x00000000e5560000)
  from space 21824K,  70% used [0x00000000e5560000, 0x00000000e6456dc0, 0x00000000e6ab0000)
  to   space 21824K,   0% used [0x00000000e6ab0000, 0x00000000e6ab0000, 0x00000000e8000000)
 concurrent mark-sweep generation total 393216K, used 0K [0x00000000e8000000, 0x0000000100000000, 0x0000000100000000)
 Metaspace       used 21426K, capacity 21799K, committed 21884K, reserved 1069056K
  class space    used 2467K, capacity 2640K, committed 2684K, reserved 1048576K
}
2017-07-31T07:49:03.087+0200: 3,135: Total time for which application threads were stopped: 0,0093884 seconds, Stopping threads took: 0,0000175 seconds
2017-07-31T07:49:03.116+0200: 3,163: Total time for which application threads were stopped: 0,0003298 seconds, Stopping threads took: 0,0000389 seconds
2017-07-31T07:49:03.305+0200: 3,353: Total time for which application threads were stopped: 0,0002410 seconds, Stopping threads took: 0,0000504 seconds
2017-07-31T07:49:03.368+0200: 3,416: Total time for which application threads were stopped: 0,0004376 seconds, Stopping threads took: 0,0000369 seconds
2017-07-31T07:49:03.388+0200: 3,435: Total time for which application threads were stopped: 0,0003721 seconds, Stopping threads took: 0,0000227 seconds
{Heap before GC invocations=6 (full 1):
 par new generation   total 109248K, used 102747K [0x00000000e0000000, 0x00000000e8000000, 0x00000000e8000000)
  eden space 87424K, 100% used [0x00000000e0000000, 0x00000000e5560000, 0x00000000e5560000)
  from space 21824K,  70% used [0x00000000e5560000, 0x00000000e6456dc0, 0x00000000e6ab0000)
  to   space 21824K,   0% used [0x00000000e6ab0000, 0x00000000e6ab0000, 0x00000000e8000000)
 concurrent mark-sweep generation total 393216K, used 0K [0x00000000e8000000, 0x0000000100000000, 0x0000000100000000)
 Metaspace       used 24299K, capacity 24743K, committed 24828K, reserved 1071104K
  class space    used 2853K, capacity 3046K, committed 3068K, reserved 1048576K
2017-07-31T07:49:03.518+0200: 3,565: [GC (Allocation Failure) 2017-07-31T07:49:03.518+0200: 3,565: [ParNew
Desired survivor size 20112992 bytes, new threshold 8 (max 8)
- age   1:    5710064 bytes,    5710064 total
- age   2:     142472 bytes,    5852536 total
- age   4:     186728 bytes,    6039264 total
- age   5:     277072 bytes,    6316336 total
- age   6:     811896 bytes,    7128232 total
- age   7:    6635272 bytes,   13763504 total
: 102747K->15801K(109248K), 0,0163443 secs] 102747K->15801K(502464K), 0,0164222 secs] [Times: user=0,05 sys=0,00, real=0,01 secs] 
Heap after GC invocations=7 (full 1):
 par new generation   total 109248K, used 15801K [0x00000000e0000000, 0x00000000e8000000, 0x00000000e8000000)
  eden space 87424K,   0% used [0x00000000e0000000, 0x00000000e0000000, 0x00000000e5560000)
  from space 21824K,  72% used [0x00000000e6ab0000, 0x00000000e7a1e680, 0x00000000e8000000)
  to   space 21824K,   0% used [0x00000000e5560000, 0x00000000e5560000, 0x00000000e6ab0000)
 concurrent mark-sweep generation total 393216K, used 0K [0x00000000e8000000, 0x0000000100000000, 0x0000000100000000)
 Metaspace       used 24299K, capacity 24743K, committed 24828K, reserved 1071104K
  class space    used 2853K, capacity 3046K, committed 3068K, reserved 1048576K
}
2017-07-31T07:49:03.534+0200: 3,582: Total time for which application threads were stopped: 0,0166446 seconds, Stopping threads took: 0,0000236 seconds
{Heap before GC invocations=7 (full 1):
 par new generation   total 109248K, used 103225K [0x00000000e0000000, 0x00000000e8000000, 0x00000000e8000000)
  eden space 87424K, 100% used [0x00000000e0000000, 0x00000000e5560000, 0x00000000e5560000)
  from space 21824K,  72% used [0x00000000e6ab0000, 0x00000000e7a1e680, 0x00000000e8000000)
  to   space 21824K,   0% used [0x00000000e5560000, 0x00000000e5560000, 0x00000000e6ab0000)
 concurrent mark-sweep generation total 393216K, used 0K [0x00000000e8000000, 0x0000000100000000, 0x0000000100000000)
 Metaspace       used 24463K, capacity 24941K, committed 25084K, reserved 1071104K
  class space    used 2862K, capacity 3047K, committed 3068K, reserved 1048576K
2017-07-31T07:49:03.611+0200: 3,659: [GC (Allocation Failure) 2017-07-31T07:49:03.611+0200: 3,659: [ParNew
Desired survivor size 20112992 bytes, new threshold 8 (max 8)
- age   1:    1338504 bytes,    1338504 total
- age   2:    1843600 bytes,    3182104 total
- age   3:      58296 bytes,    3240400 total
- age   5:     105984 bytes,    3346384 total
- age   6:     178688 bytes,    3525072 total
- age   7:     768928 bytes,    4294000 total
- age   8:    6102176 bytes,   10396176 total
: 103225K->16814K(109248K), 0,0207762 secs] 103225K->16814K(502464K), 0,0208628 secs] [Times: user=0,06 sys=0,00, real=0,02 secs] 
Heap after GC invocations=8 (full 1):
 par new generation   total 109248K, used 16814K [0x00000000e0000000, 0x00000000e8000000, 0x00000000e8000000)
  eden space 87424K,   0% used [0x00000000e0000000, 0x00000000e0000000, 0x00000000e5560000)
  from space 21824K,  77% used [0x00000000e5560000, 0x00000000e65cb870, 0x00000000e6ab0000)
  to   space 21824K,   0% used [0x00000000e6ab0000, 0x00000000e6ab0000, 0x00000000e8000000)
 concurrent mark-sweep generation total 393216K, used 0K [0x00000000e8000000, 0x0000000100000000, 0x0000000100000000)
 Metaspace       used 24463K, capacity 24941K, committed 25084K, reserved 1071104K
  class space    used 2862K, capacity 3047K, committed 3068K, reserved 1048576K
}
2017-07-31T07:49:03.632+0200: 3,680: Total time for which application threads were stopped: 0,0211229 seconds, Stopping threads took: 0,0000564 seconds
{Heap before GC invocations=8 (full 1):
 par new generation   total 109248K, used 104238K [0x00000000e0000000, 0x00000000e8000000, 0x00000000e8000000)
  eden space 87424K, 100% used [0x00000000e0000000, 0x00000000e5560000, 0x00000000e5560000)
  from space 21824K,  77% used [0x00000000e5560000, 0x00000000e65cb870, 0x00000000e6ab0000)
  to   space 21824K,   0% used [0x00000000e6ab0000, 0x00000000e6ab0000, 0x00000000e8000000)
 concurrent mark-sweep generation total 393216K, used 0K [0x00000000e8000000, 0x0000000100000000, 0x0000000100000000)
 Metaspace       used 24912K, capacity 25383K, committed 25724K, reserved 1071104K
  class space    used 2902K, capacity 3084K, committed 3196K, reserved 1048576K
2017-07-31T07:49:03.766+0200: 3,814: [GC (Allocation Failure) 2017-07-31T07:49:03.766+0200: 3,814: [ParNew
Desired survivor size 20112992 bytes, new threshold 8 (max 8)
- age   1:     928360 bytes,     928360 total
- age   2:     960568 bytes,    1888928 total
- age   3:    1820504 bytes,    3709432 total
- age   4:      58296 bytes,    3767728 total
- age   6:     103240 bytes,    3870968 total
- age   7:     178192 bytes,    4049160 total
- age   8:     768288 bytes,    4817448 total
: 104238K->8010K(109248K), 0,0443043 secs] 104238K->14052K(502464K), 0,0443781 secs] [Times: user=0,13 sys=0,00, real=0,05 secs] 
Heap after GC invocations=9 (full 1):
 par new generation   total 109248K, used 8010K [0x00000000e0000000, 0x00000000e8000000, 0x00000000e8000000)
  eden space 87424K,   0% used [0x00000000e0000000, 0x00000000e0000000, 0x00000000e5560000)
  from space 21824K,  36% used [0x00000000e6ab0000, 0x00000000e7282ad0, 0x00000000e8000000)
  to   space 21824K,   0% used [0x00000000e5560000, 0x00000000e5560000, 0x00000000e6ab0000)
 concurrent mark-sweep generation total 393216K, used 6041K [0x00000000e8000000, 0x0000000100000000, 0x0000000100000000)
 Metaspace       used 24912K, capacity 25383K, committed 25724K, reserved 1071104K
  class space    used 2902K, capacity 3084K, committed 3196K, reserved 1048576K
}
2017-07-31T07:49:03.810+0200: 3,858: Total time for which application threads were stopped: 0,0525059 seconds, Stopping threads took: 0,0079508 seconds
2017-07-31T07:49:03.987+0200: 4,035: Total time for which application threads were stopped: 0,0004295 seconds, Stopping threads took: 0,0000317 seconds
2017-07-31T07:49:04.010+0200: 4,058: Total time for which application threads were stopped: 0,0031009 seconds, Stopping threads took: 0,0027619 seconds
2017-07-31T07:49:04.011+0200: 4,059: Total time for which application threads were stopped: 0,0001199 seconds, Stopping threads took: 0,0000222 seconds
2017-07-31T07:49:04.016+0200: 4,064: Total time for which application threads were stopped: 0,0001788 seconds, Stopping threads took: 0,0000766 seconds
2017-07-31T07:49:04.024+0200: 4,071: Total time for which application threads were stopped: 0,0001578 seconds, Stopping threads took: 0,0000417 seconds
2017-07-31T07:49:04.030+0200: 4,077: Total time for which application threads were stopped: 0,0001109 seconds, Stopping threads took: 0,0000412 seconds
2017-07-31T07:49:04.031+0200: 4,078: Total time for which application threads were stopped: 0,0000823 seconds, Stopping threads took: 0,0000190 seconds
2017-07-31T07:49:04.032+0200: 4,079: Total time for which application threads were stopped: 0,0000944 seconds, Stopping threads took: 0,0000197 seconds
2017-07-31T07:49:04.032+0200: 4,080: Total time for which application threads were stopped: 0,0001062 seconds, Stopping threads took: 0,0000451 seconds
2017-07-31T07:49:04.033+0200: 4,080: Total time for which application threads were stopped: 0,0000709 seconds, Stopping threads took: 0,0000156 seconds
2017-07-31T07:49:04.033+0200: 4,080: Total time for which application threads were stopped: 0,0000711 seconds, Stopping threads took: 0,0000136 seconds
2017-07-31T07:49:04.034+0200: 4,081: Total time for which application threads were stopped: 0,0001040 seconds, Stopping threads took: 0,0000204 seconds
2017-07-31T07:49:04.036+0200: 4,084: Total time for which application threads were stopped: 0,0001034 seconds, Stopping threads took: 0,0000225 seconds
2017-07-31T07:49:04.040+0200: 4,087: Total time for which application threads were stopped: 0,0001156 seconds, Stopping threads took: 0,0000227 seconds
2017-07-31T07:49:04.042+0200: 4,090: Total time for which application threads were stopped: 0,0001052 seconds, Stopping threads took: 0,0000254 seconds
2017-07-31T07:49:04.043+0200: 4,091: Total time for which application threads were stopped: 0,0001372 seconds, Stopping threads took: 0,0000415 seconds
2017-07-31T07:49:04.044+0200: 4,091: Total time for which application threads were stopped: 0,0001077 seconds, Stopping threads took: 0,0000317 seconds
2017-07-31T07:49:04.045+0200: 4,092: Total time for which application threads were stopped: 0,0001340 seconds, Stopping threads took: 0,0000341 seconds
2017-07-31T07:49:04.047+0200: 4,095: Total time for which application threads were stopped: 0,0001464 seconds, Stopping threads took: 0,0000375 seconds
2017-07-31T07:49:04.048+0200: 4,095: Total time for which application threads were stopped: 0,0001139 seconds, Stopping threads took: 0,0000328 seconds
2017-07-31T07:49:04.048+0200: 4,096: Total time for which application threads were stopped: 0,0001152 seconds, Stopping threads took: 0,0000313 seconds
2017-07-31T07:49:04.082+0200: 4,129: Total time for which application threads were stopped: 0,0016319 seconds, Stopping threads took: 0,0014678 seconds
2017-07-31T07:49:04.100+0200: 4,147: Total time for which application threads were stopped: 0,0001512 seconds, Stopping threads took: 0,0000402 seconds
2017-07-31T07:49:04.107+0200: 4,154: Total time for which application threads were stopped: 0,0004724 seconds, Stopping threads took: 0,0000404 seconds
2017-07-31T07:49:04.109+0200: 4,156: Total time for which application threads were stopped: 0,0002776 seconds, Stopping threads took: 0,0000431 seconds
2017-07-31T07:49:04.111+0200: 4,159: Total time for which application threads were stopped: 0,0001766 seconds, Stopping threads took: 0,0000386 seconds
2017-07-31T07:49:04.119+0200: 4,166: Total time for which application threads were stopped: 0,0001415 seconds, Stopping threads took: 0,0000368 seconds
2017-07-31T07:49:04.123+0200: 4,171: Total time for which application threads were stopped: 0,0001300 seconds, Stopping threads took: 0,0000316 seconds
2017-07-31T07:49:04.124+0200: 4,172: Total time for which application threads were stopped: 0,0004257 seconds, Stopping threads took: 0,0000168 seconds
2017-07-31T07:49:04.126+0200: 4,174: Total time for which application threads were stopped: 0,0001816 seconds, Stopping threads took: 0,0000641 seconds
2017-07-31T07:49:04.130+0200: 4,177: Total time for which application threads were stopped: 0,0001922 seconds, Stopping threads took: 0,0000669 seconds
2017-07-31T07:49:04.131+0200: 4,178: Total time for which application threads were stopped: 0,0001890 seconds, Stopping threads took: 0,0000637 seconds
2017-07-31T07:49:04.192+0200: 4,240: Total time for which application threads were stopped: 0,0004766 seconds, Stopping threads took: 0,0000379 seconds
2017-07-31T07:49:04.225+0200: 4,272: Total time for which application threads were stopped: 0,0001520 seconds, Stopping threads took: 0,0000574 seconds
2017-07-31T07:49:04.227+0200: 4,275: Total time for which application threads were stopped: 0,0002923 seconds, Stopping threads took: 0,0001973 seconds
2017-07-31T07:49:04.228+0200: 4,276: Total time for which application threads were stopped: 0,0001269 seconds, Stopping threads took: 0,0000260 seconds
2017-07-31T07:49:04.228+0200: 4,276: Total time for which application threads were stopped: 0,0000838 seconds, Stopping threads took: 0,0000287 seconds
2017-07-31T07:49:04.230+0200: 4,277: Total time for which application threads were stopped: 0,0012999 seconds, Stopping threads took: 0,0012182 seconds
2017-07-31T07:49:04.230+0200: 4,278: Total time for which application threads were stopped: 0,0001201 seconds, Stopping threads took: 0,0000281 seconds
2017-07-31T07:49:04.234+0200: 4,281: Total time for which application threads were stopped: 0,0028704 seconds, Stopping threads took: 0,0027209 seconds
2017-07-31T07:49:04.241+0200: 4,288: Total time for which application threads were stopped: 0,0001344 seconds, Stopping threads took: 0,0000247 seconds
2017-07-31T07:49:04.241+0200: 4,289: Total time for which application threads were stopped: 0,0001041 seconds, Stopping threads took: 0,0000285 seconds
2017-07-31T07:49:04.242+0200: 4,289: Total time for which application threads were stopped: 0,0006904 seconds, Stopping threads took: 0,0005974 seconds
2017-07-31T07:49:04.242+0200: 4,289: Total time for which application threads were stopped: 0,0001049 seconds, Stopping threads took: 0,0000273 seconds
2017-07-31T07:49:04.242+0200: 4,290: Total time for which application threads were stopped: 0,0000927 seconds, Stopping threads took: 0,0000230 seconds
2017-07-31T07:49:04.242+0200: 4,290: Total time for which application threads were stopped: 0,0000807 seconds, Stopping threads took: 0,0000195 seconds
2017-07-31T07:49:04.242+0200: 4,290: Total time for which application threads were stopped: 0,0000896 seconds, Stopping threads took: 0,0000375 seconds
2017-07-31T07:49:04.243+0200: 4,290: Total time for which application threads were stopped: 0,0000780 seconds, Stopping threads took: 0,0000308 seconds
2017-07-31T07:49:04.243+0200: 4,290: Total time for which application threads were stopped: 0,0001302 seconds, Stopping threads took: 0,0000194 seconds
2017-07-31T07:49:04.243+0200: 4,290: Total time for which application threads were stopped: 0,0000889 seconds, Stopping threads took: 0,0000203 seconds
2017-07-31T07:49:04.243+0200: 4,291: Total time for which application threads were stopped: 0,0002027 seconds, Stopping threads took: 0,0000187 seconds
2017-07-31T07:49:04.243+0200: 4,291: Total time for which application threads were stopped: 0,0000876 seconds, Stopping threads took: 0,0000198 seconds
2017-07-31T07:49:04.259+0200: 4,307: Total time for which application threads were stopped: 0,0001474 seconds, Stopping threads took: 0,0000235 seconds
2017-07-31T07:49:04.289+0200: 4,337: Total time for which application threads were stopped: 0,0002069 seconds, Stopping threads took: 0,0000869 seconds
2017-07-31T07:49:04.324+0200: 4,372: Total time for which application threads were stopped: 0,0004758 seconds, Stopping threads took: 0,0000538 seconds
2017-07-31T07:49:04.324+0200: 4,372: Total time for which application threads were stopped: 0,0001490 seconds, Stopping threads took: 0,0000418 seconds
2017-07-31T07:49:04.325+0200: 4,372: Total time for which application threads were stopped: 0,0001295 seconds, Stopping threads took: 0,0000545 seconds
2017-07-31T07:49:04.330+0200: 4,377: Total time for which application threads were stopped: 0,0001479 seconds, Stopping threads took: 0,0000405 seconds
2017-07-31T07:49:05.330+0200: 5,378: Total time for which application threads were stopped: 0,0000751 seconds, Stopping threads took: 0,0000174 seconds
2017-07-31T07:49:06.330+0200: 6,378: Total time for which application threads were stopped: 0,0000661 seconds, Stopping threads took: 0,0000161 seconds
2017-07-31T07:49:21.333+0200: 21,380: Total time for which application threads were stopped: 0,0000703 seconds, Stopping threads took: 0,0000190 seconds
2017-07-31T07:49:32.334+0200: 32,382: Total time for which application threads were stopped: 0,0000871 seconds, Stopping threads took: 0,0000198 seconds
2017-07-31T07:50:22.339+0200: 82,387: Total time for which application threads were stopped: 0,0000737 seconds, Stopping threads took: 0,0000211 seconds
2017-07-31T07:51:02.345+0200: 122,392: Total time for which application threads were stopped: 0,0001867 seconds, Stopping threads took: 0,0000759 seconds
{Heap before GC invocations=9 (full 1):
 par new generation   total 109248K, used 95434K [0x00000000e0000000, 0x00000000e8000000, 0x00000000e8000000)
  eden space 87424K, 100% used [0x00000000e0000000, 0x00000000e5560000, 0x00000000e5560000)
  from space 21824K,  36% used [0x00000000e6ab0000, 0x00000000e7282ad0, 0x00000000e8000000)
  to   space 21824K,   0% used [0x00000000e5560000, 0x00000000e5560000, 0x00000000e6ab0000)
 concurrent mark-sweep generation total 393216K, used 6041K [0x00000000e8000000, 0x0000000100000000, 0x0000000100000000)
 Metaspace       used 28058K, capacity 28555K, committed 28796K, reserved 1075200K
  class space    used 3213K, capacity 3390K, committed 3452K, reserved 1048576K
2017-07-31T07:51:56.101+0200: 176,148: [GC (Allocation Failure) 2017-07-31T07:51:56.101+0200: 176,148: [ParNew
Desired survivor size 20112992 bytes, new threshold 8 (max 8)
- age   1:   10826928 bytes,   10826928 total
- age   2:     226872 bytes,   11053800 total
- age   3:     181312 bytes,   11235112 total
- age   4:    1815432 bytes,   13050544 total
- age   5:      58296 bytes,   13108840 total
- age   7:     103112 bytes,   13211952 total
- age   8:     178096 bytes,   13390048 total
: 95434K->13988K(109248K), 0,0236254 secs] 101476K->20870K(502464K), 0,0237568 secs] [Times: user=0,09 sys=0,00, real=0,02 secs] 
Heap after GC invocations=10 (full 1):
 par new generation   total 109248K, used 13988K [0x00000000e0000000, 0x00000000e8000000, 0x00000000e8000000)
  eden space 87424K,   0% used [0x00000000e0000000, 0x00000000e0000000, 0x00000000e5560000)
  from space 21824K,  64% used [0x00000000e5560000, 0x00000000e63092e0, 0x00000000e6ab0000)
  to   space 21824K,   0% used [0x00000000e6ab0000, 0x00000000e6ab0000, 0x00000000e8000000)
 concurrent mark-sweep generation total 393216K, used 6881K [0x00000000e8000000, 0x0000000100000000, 0x0000000100000000)
 Metaspace       used 28058K, capacity 28555K, committed 28796K, reserved 1075200K
  class space    used 3213K, capacity 3390K, committed 3452K, reserved 1048576K
}
2017-07-31T07:51:56.124+0200: 176,172: Total time for which application threads were stopped: 0,0241430 seconds, Stopping threads took: 0,0001717 seconds
2017-07-31T07:51:56.127+0200: 176,175: Total time for which application threads were stopped: 0,0000768 seconds, Stopping threads took: 0,0000205 seconds
2017-07-31T07:51:56.128+0200: 176,175: Total time for which application threads were stopped: 0,0000474 seconds, Stopping threads took: 0,0000120 seconds
2017-07-31T07:52:01.128+0200: 181,176: Total time for which application threads were stopped: 0,0001462 seconds, Stopping threads took: 0,0000359 seconds
2017-07-31T07:53:32.141+0200: 272,188: Total time for which application threads were stopped: 0,0000810 seconds, Stopping threads took: 0,0000333 seconds
2017-07-31T07:53:36.142+0200: 276,189: Total time for which application threads were stopped: 0,0004659 seconds, Stopping threads took: 0,0001788 seconds
2017-07-31T07:53:37.142+0200: 277,189: Total time for which application threads were stopped: 0,0000968 seconds, Stopping threads took: 0,0000268 seconds
2017-07-31T07:57:42.169+0200: 522,217: Total time for which application threads were stopped: 0,0000926 seconds, Stopping threads took: 0,0000316 seconds
2017-07-31T07:59:47.183+0200: 647,230: Total time for which application threads were stopped: 0,0000747 seconds, Stopping threads took: 0,0000305 seconds
2017-07-31T08:00:43.098+0200: 703,146: Total time for which application threads were stopped: 0,0044085 seconds, Stopping threads took: 0,0042954 seconds
2017-07-31T08:00:43.099+0200: 703,146: Total time for which application threads were stopped: 0,0000951 seconds, Stopping threads took: 0,0000287 seconds
2017-07-31T08:00:43.111+0200: 703,158: Total time for which application threads were stopped: 0,0000922 seconds, Stopping threads took: 0,0000192 seconds
2017-07-31T08:00:43.111+0200: 703,159: Total time for which application threads were stopped: 0,0000967 seconds, Stopping threads took: 0,0000225 seconds
2017-07-31T08:00:43.114+0200: 703,162: Total time for which application threads were stopped: 0,0001066 seconds, Stopping threads took: 0,0000285 seconds
2017-07-31T08:00:43.114+0200: 703,162: Total time for which application threads were stopped: 0,0000503 seconds, Stopping threads took: 0,0000149 seconds
2017-07-31T08:00:43.114+0200: 703,162: Total time for which application threads were stopped: 0,0000471 seconds, Stopping threads took: 0,0000149 seconds
2017-07-31T08:00:43.114+0200: 703,162: Total time for which application threads were stopped: 0,0000398 seconds, Stopping threads took: 0,0000105 seconds
2017-07-31T08:00:43.114+0200: 703,162: Total time for which application threads were stopped: 0,0000400 seconds, Stopping threads took: 0,0000110 seconds
2017-07-31T08:00:43.130+0200: 703,178: Total time for which application threads were stopped: 0,0146820 seconds, Stopping threads took: 0,0146029 seconds
2017-07-31T08:00:43.130+0200: 703,178: Total time for which application threads were stopped: 0,0000488 seconds, Stopping threads took: 0,0000083 seconds
2017-07-31T08:00:43.135+0200: 703,182: Total time for which application threads were stopped: 0,0003291 seconds, Stopping threads took: 0,0002448 seconds
2017-07-31T08:00:43.135+0200: 703,183: Total time for which application threads were stopped: 0,0000613 seconds, Stopping threads took: 0,0000132 seconds
2017-07-31T08:00:43.142+0200: 703,189: Total time for which application threads were stopped: 0,0001092 seconds, Stopping threads took: 0,0000382 seconds
2017-07-31T08:00:43.150+0200: 703,198: Total time for which application threads were stopped: 0,0001126 seconds, Stopping threads took: 0,0000389 seconds
2017-07-31T08:00:43.150+0200: 703,198: Total time for which application threads were stopped: 0,0000710 seconds, Stopping threads took: 0,0000183 seconds
2017-07-31T08:00:43.150+0200: 703,198: Total time for which application threads were stopped: 0,0000634 seconds, Stopping threads took: 0,0000193 seconds
2017-07-31T08:00:43.151+0200: 703,198: Total time for which application threads were stopped: 0,0000563 seconds, Stopping threads took: 0,0000146 seconds
2017-07-31T08:00:43.158+0200: 703,206: Total time for which application threads were stopped: 0,0004447 seconds, Stopping threads took: 0,0003540 seconds
2017-07-31T08:00:43.160+0200: 703,207: Total time for which application threads were stopped: 0,0011479 seconds, Stopping threads took: 0,0010651 seconds
2017-07-31T08:00:43.162+0200: 703,209: Total time for which application threads were stopped: 0,0000956 seconds, Stopping threads took: 0,0000286 seconds
2017-07-31T08:00:43.165+0200: 703,213: Total time for which application threads were stopped: 0,0037075 seconds, Stopping threads took: 0,0036283 seconds
2017-07-31T08:00:43.166+0200: 703,213: Total time for which application threads were stopped: 0,0000932 seconds, Stopping threads took: 0,0000368 seconds
2017-07-31T08:00:43.166+0200: 703,213: Total time for which application threads were stopped: 0,0000682 seconds, Stopping threads took: 0,0000192 seconds
2017-07-31T08:00:43.166+0200: 703,214: Total time for which application threads were stopped: 0,0000922 seconds, Stopping threads took: 0,0000254 seconds
2017-07-31T08:00:43.167+0200: 703,214: Total time for which application threads were stopped: 0,0000686 seconds, Stopping threads took: 0,0000200 seconds
2017-07-31T08:00:43.167+0200: 703,215: Total time for which application threads were stopped: 0,0003936 seconds, Stopping threads took: 0,0003421 seconds
2017-07-31T08:00:43.167+0200: 703,215: Total time for which application threads were stopped: 0,0000606 seconds, Stopping threads took: 0,0000210 seconds
2017-07-31T08:00:43.167+0200: 703,215: Total time for which application threads were stopped: 0,0003873 seconds, Stopping threads took: 0,0003417 seconds
2017-07-31T08:00:43.168+0200: 703,215: Total time for which application threads were stopped: 0,0000599 seconds, Stopping threads took: 0,0000190 seconds
2017-07-31T08:00:43.173+0200: 703,221: Total time for which application threads were stopped: 0,0000835 seconds, Stopping threads took: 0,0000151 seconds
2017-07-31T08:00:43.173+0200: 703,221: Total time for which application threads were stopped: 0,0000738 seconds, Stopping threads took: 0,0000234 seconds
2017-07-31T08:00:43.181+0200: 703,228: Total time for which application threads were stopped: 0,0001131 seconds, Stopping threads took: 0,0000378 seconds
2017-07-31T08:00:43.181+0200: 703,229: Total time for which application threads were stopped: 0,0000878 seconds, Stopping threads took: 0,0000261 seconds
2017-07-31T08:00:43.181+0200: 703,229: Total time for which application threads were stopped: 0,0000684 seconds, Stopping threads took: 0,0000188 seconds
2017-07-31T08:00:43.182+0200: 703,229: Total time for which application threads were stopped: 0,0000599 seconds, Stopping threads took: 0,0000175 seconds
2017-07-31T08:00:43.182+0200: 703,229: Total time for which application threads were stopped: 0,0000522 seconds, Stopping threads took: 0,0000081 seconds
2017-07-31T08:00:43.182+0200: 703,229: Total time for which application threads were stopped: 0,0000632 seconds, Stopping threads took: 0,0000172 seconds
2017-07-31T08:00:43.182+0200: 703,230: Total time for which application threads were stopped: 0,0000457 seconds, Stopping threads took: 0,0000061 seconds
2017-07-31T08:00:43.182+0200: 703,230: Total time for which application threads were stopped: 0,0000483 seconds, Stopping threads took: 0,0000072 seconds
2017-07-31T08:00:43.184+0200: 703,231: Total time for which application threads were stopped: 0,0001007 seconds, Stopping threads took: 0,0000278 seconds
2017-07-31T08:00:43.184+0200: 703,231: Total time for which application threads were stopped: 0,0000546 seconds, Stopping threads took: 0,0000095 seconds
2017-07-31T08:00:43.184+0200: 703,232: Total time for which application threads were stopped: 0,0000535 seconds, Stopping threads took: 0,0000157 seconds
2017-07-31T08:00:43.184+0200: 703,232: Total time for which application threads were stopped: 0,0000440 seconds, Stopping threads took: 0,0000066 seconds
2017-07-31T08:00:43.186+0200: 703,233: Total time for which application threads were stopped: 0,0001268 seconds, Stopping threads took: 0,0000323 seconds
2017-07-31T08:00:43.187+0200: 703,234: Total time for which application threads were stopped: 0,0000867 seconds, Stopping threads took: 0,0000280 seconds
2017-07-31T08:00:43.187+0200: 703,235: Total time for which application threads were stopped: 0,0000667 seconds, Stopping threads took: 0,0000106 seconds
2017-07-31T08:00:43.187+0200: 703,235: Total time for which application threads were stopped: 0,0000514 seconds, Stopping threads took: 0,0000110 seconds
2017-07-31T08:00:43.188+0200: 703,235: Total time for which application threads were stopped: 0,0000713 seconds, Stopping threads took: 0,0000231 seconds
2017-07-31T08:00:43.188+0200: 703,236: Total time for which application threads were stopped: 0,0000949 seconds, Stopping threads took: 0,0000321 seconds
2017-07-31T08:00:43.189+0200: 703,236: Total time for which application threads were stopped: 0,0002224 seconds, Stopping threads took: 0,0000245 seconds
2017-07-31T08:00:43.190+0200: 703,237: Total time for which application threads were stopped: 0,0001034 seconds, Stopping threads took: 0,0000256 seconds
2017-07-31T08:00:43.201+0200: 703,249: Total time for which application threads were stopped: 0,0001415 seconds, Stopping threads took: 0,0000376 seconds
2017-07-31T08:00:43.203+0200: 703,250: Total time for which application threads were stopped: 0,0000821 seconds, Stopping threads took: 0,0000225 seconds
2017-07-31T08:00:43.203+0200: 703,251: Total time for which application threads were stopped: 0,0000737 seconds, Stopping threads took: 0,0000096 seconds
Heap
 par new generation   total 109248K, used 32883K [0x00000000e0000000, 0x00000000e8000000, 0x00000000e8000000)
  eden space 87424K,  21% used [0x00000000e0000000, 0x00000000e1273938, 0x00000000e5560000)
  from space 21824K,  64% used [0x00000000e5560000, 0x00000000e63092e0, 0x00000000e6ab0000)
  to   space 21824K,   0% used [0x00000000e6ab0000, 0x00000000e6ab0000, 0x00000000e8000000)
 concurrent mark-sweep generation total 393216K, used 6881K [0x00000000e8000000, 0x0000000100000000, 0x0000000100000000)
 Metaspace       used 28171K, capacity 28723K, committed 29052K, reserved 1075200K
  class space    used 3227K, capacity 3424K, committed 3452K, reserved 1048576K
