OpenJDK 64-Bit Server VM (25.131-b11) for linux-amd64 JRE (1.8.0_131-8u131-b11-2ubuntu1.16.04.3-b11), built on Jul 28 2017 01:23:32 by "buildd" with gcc 5.4.0 20160609
Memory: 4k page, physical 7867732k(7504468k free), swap 8076284k(8076284k free)
CommandLine flags: -XX:CMSInitiatingOccupancyFraction=50 -XX:CMSMaxAbortablePrecleanTime=6000 -XX:+CMSParallelRemarkEnabled -XX:+CMSScavengeBeforeRemark -XX:ConcGCThreads=4 -XX:InitialHeapSize=536870912 -XX:MaxHeapSize=536870912 -XX:MaxTenuringThreshold=8 -XX:NewRatio=3 -XX:OldPLABSize=16 -XX:OnOutOfMemoryError=/opt/solr/bin/oom_solr.sh 8983 /var/solr/logs -XX:ParallelGCThreads=4 -XX:+ParallelRefProcEnabled -XX:PretenureSizeThreshold=67108864 -XX:+PrintGC -XX:+PrintGCApplicationStoppedTime -XX:+PrintGCDateStamps -XX:+PrintGCDetails -XX:+PrintGCTimeStamps -XX:+PrintHeapAtGC -XX:+PrintTenuringDistribution -XX:SurvivorRatio=4 -XX:TargetSurvivorRatio=90 -XX:ThreadStackSize=256 -XX:+UseCMSInitiatingOccupancyOnly -XX:+UseCompressedClassPointers -XX:+UseCompressedOops -XX:+UseConcMarkSweepGC -XX:+UseParNewGC 
2017-08-17T13:45:43.879+0200: 0,165: Total time for which application threads were stopped: 0,0000741 seconds, Stopping threads took: 0,0000110 seconds
2017-08-17T13:45:43.961+0200: 0,248: Total time for which application threads were stopped: 0,0001103 seconds, Stopping threads took: 0,0000164 seconds
2017-08-17T13:45:43.980+0200: 0,267: Total time for which application threads were stopped: 0,0001463 seconds, Stopping threads took: 0,0000799 seconds
2017-08-17T13:45:44.111+0200: 0,397: Total time for which application threads were stopped: 0,0001425 seconds, Stopping threads took: 0,0000182 seconds
2017-08-17T13:45:44.326+0200: 0,613: Total time for which application threads were stopped: 0,0001662 seconds, Stopping threads took: 0,0000191 seconds
2017-08-17T13:45:44.394+0200: 0,681: Total time for which application threads were stopped: 0,0001669 seconds, Stopping threads took: 0,0000186 seconds
2017-08-17T13:45:44.415+0200: 0,701: Total time for which application threads were stopped: 0,0001549 seconds, Stopping threads took: 0,0000323 seconds
2017-08-17T13:45:44.658+0200: 0,944: Total time for which application threads were stopped: 0,0001540 seconds, Stopping threads took: 0,0000124 seconds
2017-08-17T13:45:44.862+0200: 1,149: Total time for which application threads were stopped: 0,0002583 seconds, Stopping threads took: 0,0000201 seconds
2017-08-17T13:45:44.895+0200: 1,182: Total time for which application threads were stopped: 0,0001693 seconds, Stopping threads took: 0,0000235 seconds
2017-08-17T13:45:44.932+0200: 1,219: Total time for which application threads were stopped: 0,0002229 seconds, Stopping threads took: 0,0000237 seconds
2017-08-17T13:45:44.934+0200: 1,220: Total time for which application threads were stopped: 0,0002176 seconds, Stopping threads took: 0,0000177 seconds
2017-08-17T13:45:44.952+0200: 1,239: Total time for which application threads were stopped: 0,0001672 seconds, Stopping threads took: 0,0000168 seconds
2017-08-17T13:45:45.054+0200: 1,341: Total time for which application threads were stopped: 0,0002514 seconds, Stopping threads took: 0,0000297 seconds
2017-08-17T13:45:45.490+0200: 1,777: Total time for which application threads were stopped: 0,0002603 seconds, Stopping threads took: 0,0000160 seconds
{Heap before GC invocations=0 (full 0):
 par new generation   total 109248K, used 87424K [0x00000000e0000000, 0x00000000e8000000, 0x00000000e8000000)
  eden space 87424K, 100% used [0x00000000e0000000, 0x00000000e5560000, 0x00000000e5560000)
  from space 21824K,   0% used [0x00000000e5560000, 0x00000000e5560000, 0x00000000e6ab0000)
  to   space 21824K,   0% used [0x00000000e6ab0000, 0x00000000e6ab0000, 0x00000000e8000000)
 concurrent mark-sweep generation total 393216K, used 0K [0x00000000e8000000, 0x0000000100000000, 0x0000000100000000)
 Metaspace       used 18037K, capacity 18400K, committed 18688K, reserved 1064960K
  class space    used 2036K, capacity 2196K, committed 2304K, reserved 1048576K
2017-08-17T13:45:45.707+0200: 1,994: [GC (Allocation Failure) 2017-08-17T13:45:45.707+0200: 1,994: [ParNew
Desired survivor size 20112992 bytes, new threshold 8 (max 8)
- age   1:   12605744 bytes,   12605744 total
: 87424K->12425K(109248K), 0,0243415 secs] 87424K->12425K(502464K), 0,0244253 secs] [Times: user=0,04 sys=0,00, real=0,03 secs] 
Heap after GC invocations=1 (full 0):
 par new generation   total 109248K, used 12425K [0x00000000e0000000, 0x00000000e8000000, 0x00000000e8000000)
  eden space 87424K,   0% used [0x00000000e0000000, 0x00000000e0000000, 0x00000000e5560000)
  from space 21824K,  56% used [0x00000000e6ab0000, 0x00000000e76d26c0, 0x00000000e8000000)
  to   space 21824K,   0% used [0x00000000e5560000, 0x00000000e5560000, 0x00000000e6ab0000)
 concurrent mark-sweep generation total 393216K, used 0K [0x00000000e8000000, 0x0000000100000000, 0x0000000100000000)
 Metaspace       used 18037K, capacity 18400K, committed 18688K, reserved 1064960K
  class space    used 2036K, capacity 2196K, committed 2304K, reserved 1048576K
}
2017-08-17T13:45:45.732+0200: 2,018: Total time for which application threads were stopped: 0,0248018 seconds, Stopping threads took: 0,0001493 seconds
2017-08-17T13:45:46.301+0200: 2,588: Total time for which application threads were stopped: 0,0003679 seconds, Stopping threads took: 0,0000729 seconds
2017-08-17T13:45:46.367+0200: 2,654: Total time for which application threads were stopped: 0,0010028 seconds, Stopping threads took: 0,0007033 seconds
{Heap before GC invocations=1 (full 0):
 par new generation   total 109248K, used 99849K [0x00000000e0000000, 0x00000000e8000000, 0x00000000e8000000)
  eden space 87424K, 100% used [0x00000000e0000000, 0x00000000e5560000, 0x00000000e5560000)
  from space 21824K,  56% used [0x00000000e6ab0000, 0x00000000e76d26c0, 0x00000000e8000000)
  to   space 21824K,   0% used [0x00000000e5560000, 0x00000000e5560000, 0x00000000e6ab0000)
 concurrent mark-sweep generation total 393216K, used 0K [0x00000000e8000000, 0x0000000100000000, 0x0000000100000000)
 Metaspace       used 20069K, capacity 20430K, committed 20736K, reserved 1067008K
  class space    used 2297K, capacity 2469K, committed 2560K, reserved 1048576K
2017-08-17T13:45:46.377+0200: 2,664: [GC (Allocation Failure) 2017-08-17T13:45:46.377+0200: 2,664: [ParNew
Desired survivor size 20112992 bytes, new threshold 8 (max 8)
- age   1:    3735176 bytes,    3735176 total
- age   2:    6674752 bytes,   10409928 total
: 99849K->15801K(109248K), 0,0159554 secs] 99849K->15801K(502464K), 0,0160861 secs] [Times: user=0,05 sys=0,01, real=0,01 secs] 
Heap after GC invocations=2 (full 0):
 par new generation   total 109248K, used 15801K [0x00000000e0000000, 0x00000000e8000000, 0x00000000e8000000)
  eden space 87424K,   0% used [0x00000000e0000000, 0x00000000e0000000, 0x00000000e5560000)
  from space 21824K,  72% used [0x00000000e5560000, 0x00000000e64ce500, 0x00000000e6ab0000)
  to   space 21824K,   0% used [0x00000000e6ab0000, 0x00000000e6ab0000, 0x00000000e8000000)
 concurrent mark-sweep generation total 393216K, used 0K [0x00000000e8000000, 0x0000000100000000, 0x0000000100000000)
 Metaspace       used 20069K, capacity 20430K, committed 20736K, reserved 1067008K
  class space    used 2297K, capacity 2469K, committed 2560K, reserved 1048576K
}
2017-08-17T13:45:46.393+0200: 2,680: Total time for which application threads were stopped: 0,0187646 seconds, Stopping threads took: 0,0024795 seconds
2017-08-17T13:45:46.437+0200: 2,724: Total time for which application threads were stopped: 0,0026939 seconds, Stopping threads took: 0,0023831 seconds
2017-08-17T13:45:46.657+0200: 2,943: Total time for which application threads were stopped: 0,0014455 seconds, Stopping threads took: 0,0012707 seconds
{Heap before GC invocations=2 (full 0):
 par new generation   total 109248K, used 103225K [0x00000000e0000000, 0x00000000e8000000, 0x00000000e8000000)
  eden space 87424K, 100% used [0x00000000e0000000, 0x00000000e5560000, 0x00000000e5560000)
  from space 21824K,  72% used [0x00000000e5560000, 0x00000000e64ce500, 0x00000000e6ab0000)
  to   space 21824K,   0% used [0x00000000e6ab0000, 0x00000000e6ab0000, 0x00000000e8000000)
 concurrent mark-sweep generation total 393216K, used 0K [0x00000000e8000000, 0x0000000100000000, 0x0000000100000000)
 Metaspace       used 21005K, capacity 21352K, committed 21628K, reserved 1069056K
  class space    used 2418K, capacity 2588K, committed 2684K, reserved 1048576K
2017-08-17T13:45:46.707+0200: 2,994: [GC (Allocation Failure) 2017-08-17T13:45:46.707+0200: 2,994: [ParNew
Desired survivor size 20112992 bytes, new threshold 8 (max 8)
- age   1:    2218928 bytes,    2218928 total
- age   2:     874744 bytes,    3093672 total
- age   3:    6672552 bytes,    9766224 total
: 103225K->11291K(109248K), 0,0188710 secs] 103225K->11291K(502464K), 0,0189604 secs] [Times: user=0,07 sys=0,00, real=0,02 secs] 
Heap after GC invocations=3 (full 0):
 par new generation   total 109248K, used 11291K [0x00000000e0000000, 0x00000000e8000000, 0x00000000e8000000)
  eden space 87424K,   0% used [0x00000000e0000000, 0x00000000e0000000, 0x00000000e5560000)
  from space 21824K,  51% used [0x00000000e6ab0000, 0x00000000e75b6df0, 0x00000000e8000000)
  to   space 21824K,   0% used [0x00000000e5560000, 0x00000000e5560000, 0x00000000e6ab0000)
 concurrent mark-sweep generation total 393216K, used 0K [0x00000000e8000000, 0x0000000100000000, 0x0000000100000000)
 Metaspace       used 21005K, capacity 21352K, committed 21628K, reserved 1069056K
  class space    used 2418K, capacity 2588K, committed 2684K, reserved 1048576K
}
2017-08-17T13:45:46.726+0200: 3,013: Total time for which application threads were stopped: 0,0192374 seconds, Stopping threads took: 0,0001056 seconds
2017-08-17T13:45:46.737+0200: 3,023: [GC (CMS Initial Mark) [1 CMS-initial-mark: 0K(393216K)] 20085K(502464K), 0,0050955 secs] [Times: user=0,02 sys=0,00, real=0,01 secs] 
2017-08-17T13:45:46.742+0200: 3,029: Total time for which application threads were stopped: 0,0085353 seconds, Stopping threads took: 0,0033209 seconds
2017-08-17T13:45:46.749+0200: 3,035: [CMS-concurrent-mark-start]
2017-08-17T13:45:46.749+0200: 3,036: [CMS-concurrent-mark: 0,000/0,000 secs] [Times: user=0,01 sys=0,00, real=0,01 secs] 
2017-08-17T13:45:46.749+0200: 3,036: [CMS-concurrent-preclean-start]
2017-08-17T13:45:46.750+0200: 3,037: [CMS-concurrent-preclean: 0,001/0,001 secs] [Times: user=0,00 sys=0,00, real=0,00 secs] 
2017-08-17T13:45:46.750+0200: 3,037: [CMS-concurrent-abortable-preclean-start]
2017-08-17T13:45:46.788+0200: 3,075: Total time for which application threads were stopped: 0,0001535 seconds, Stopping threads took: 0,0000631 seconds
{Heap before GC invocations=3 (full 1):
 par new generation   total 109248K, used 98715K [0x00000000e0000000, 0x00000000e8000000, 0x00000000e8000000)
  eden space 87424K, 100% used [0x00000000e0000000, 0x00000000e5560000, 0x00000000e5560000)
  from space 21824K,  51% used [0x00000000e6ab0000, 0x00000000e75b6df0, 0x00000000e8000000)
  to   space 21824K,   0% used [0x00000000e5560000, 0x00000000e5560000, 0x00000000e6ab0000)
 concurrent mark-sweep generation total 393216K, used 0K [0x00000000e8000000, 0x0000000100000000, 0x0000000100000000)
 Metaspace       used 21260K, capacity 21622K, committed 21884K, reserved 1069056K
  class space    used 2445K, capacity 2602K, committed 2684K, reserved 1048576K
2017-08-17T13:45:46.844+0200: 3,131: [GC (Allocation Failure) 2017-08-17T13:45:46.844+0200: 3,131: [ParNew
Desired survivor size 20112992 bytes, new threshold 8 (max 8)
- age   1:     953000 bytes,     953000 total
- age   2:    1450232 bytes,    2403232 total
- age   3:     841464 bytes,    3244696 total
- age   4:    6672312 bytes,    9917008 total
: 98715K->12422K(109248K), 0,0146548 secs] 98715K->12422K(502464K), 0,0147254 secs] [Times: user=0,06 sys=0,00, real=0,02 secs] 
Heap after GC invocations=4 (full 1):
 par new generation   total 109248K, used 12422K [0x00000000e0000000, 0x00000000e8000000, 0x00000000e8000000)
  eden space 87424K,   0% used [0x00000000e0000000, 0x00000000e0000000, 0x00000000e5560000)
  from space 21824K,  56% used [0x00000000e5560000, 0x00000000e6181ba0, 0x00000000e6ab0000)
  to   space 21824K,   0% used [0x00000000e6ab0000, 0x00000000e6ab0000, 0x00000000e8000000)
 concurrent mark-sweep generation total 393216K, used 0K [0x00000000e8000000, 0x0000000100000000, 0x0000000100000000)
 Metaspace       used 21260K, capacity 21622K, committed 21884K, reserved 1069056K
  class space    used 2445K, capacity 2602K, committed 2684K, reserved 1048576K
}
2017-08-17T13:45:46.859+0200: 3,145: Total time for which application threads were stopped: 0,0149222 seconds, Stopping threads took: 0,0000604 seconds
{Heap before GC invocations=4 (full 1):
 par new generation   total 109248K, used 99846K [0x00000000e0000000, 0x00000000e8000000, 0x00000000e8000000)
  eden space 87424K, 100% used [0x00000000e0000000, 0x00000000e5560000, 0x00000000e5560000)
  from space 21824K,  56% used [0x00000000e5560000, 0x00000000e6181ba0, 0x00000000e6ab0000)
  to   space 21824K,   0% used [0x00000000e6ab0000, 0x00000000e6ab0000, 0x00000000e8000000)
 concurrent mark-sweep generation total 393216K, used 0K [0x00000000e8000000, 0x0000000100000000, 0x0000000100000000)
 Metaspace       used 21448K, capacity 21812K, committed 21884K, reserved 1069056K
  class space    used 2467K, capacity 2639K, committed 2684K, reserved 1048576K
2017-08-17T13:45:46.983+0200: 3,270: [GC (Allocation Failure) 2017-08-17T13:45:46.983+0200: 3,270: [ParNew
Desired survivor size 20112992 bytes, new threshold 8 (max 8)
- age   1:     949168 bytes,     949168 total
- age   2:     187192 bytes,    1136360 total
- age   3:    1449984 bytes,    2586344 total
- age   4:     841352 bytes,    3427696 total
- age   5:    6680424 bytes,   10108120 total
: 99846K->16334K(109248K), 0,0172261 secs] 99846K->16334K(502464K), 0,0173082 secs] [Times: user=0,06 sys=0,00, real=0,02 secs] 
Heap after GC invocations=5 (full 1):
 par new generation   total 109248K, used 16334K [0x00000000e0000000, 0x00000000e8000000, 0x00000000e8000000)
  eden space 87424K,   0% used [0x00000000e0000000, 0x00000000e0000000, 0x00000000e5560000)
  from space 21824K,  74% used [0x00000000e6ab0000, 0x00000000e7aa3920, 0x00000000e8000000)
  to   space 21824K,   0% used [0x00000000e5560000, 0x00000000e5560000, 0x00000000e6ab0000)
 concurrent mark-sweep generation total 393216K, used 0K [0x00000000e8000000, 0x0000000100000000, 0x0000000100000000)
 Metaspace       used 21448K, capacity 21812K, committed 21884K, reserved 1069056K
  class space    used 2467K, capacity 2639K, committed 2684K, reserved 1048576K
}
2017-08-17T13:45:47.000+0200: 3,287: Total time for which application threads were stopped: 0,0175566 seconds, Stopping threads took: 0,0000853 seconds
2017-08-17T13:45:47.000+0200: 3,287: [CMS-concurrent-abortable-preclean: 0,183/0,250 secs] [Times: user=0,91 sys=0,00, real=0,25 secs] 
2017-08-17T13:45:47.009+0200: 3,295: [GC (CMS Final Remark) [YG occupancy: 20759 K (109248 K)]{Heap before GC invocations=5 (full 1):
 par new generation   total 109248K, used 20759K [0x00000000e0000000, 0x00000000e8000000, 0x00000000e8000000)
  eden space 87424K,   5% used [0x00000000e0000000, 0x00000000e04523c8, 0x00000000e5560000)
  from space 21824K,  74% used [0x00000000e6ab0000, 0x00000000e7aa3920, 0x00000000e8000000)
  to   space 21824K,   0% used [0x00000000e5560000, 0x00000000e5560000, 0x00000000e6ab0000)
 concurrent mark-sweep generation total 393216K, used 0K [0x00000000e8000000, 0x0000000100000000, 0x0000000100000000)
 Metaspace       used 21470K, capacity 21876K, committed 21960K, reserved 1069056K
  class space    used 2468K, capacity 2639K, committed 2684K, reserved 1048576K
2017-08-17T13:45:47.009+0200: 3,295: [GC (CMS Final Remark) 2017-08-17T13:45:47.009+0200: 3,296: [ParNew
Desired survivor size 20112992 bytes, new threshold 8 (max 8)
- age   1:     577432 bytes,     577432 total
- age   2:     470664 bytes,    1048096 total
- age   3:     187192 bytes,    1235288 total
- age   4:    1450048 bytes,    2685336 total
- age   5:     841352 bytes,    3526688 total
- age   6:    6672432 bytes,   10199120 total
: 20759K->13198K(109248K), 0,0103429 secs] 20759K->13198K(502464K), 0,0104011 secs] [Times: user=0,04 sys=0,00, real=0,02 secs] 
Heap after GC invocations=6 (full 1):
 par new generation   total 109248K, used 13198K [0x00000000e0000000, 0x00000000e8000000, 0x00000000e8000000)
  eden space 87424K,   0% used [0x00000000e0000000, 0x00000000e0000000, 0x00000000e5560000)
  from space 21824K,  60% used [0x00000000e5560000, 0x00000000e6243818, 0x00000000e6ab0000)
  to   space 21824K,   0% used [0x00000000e6ab0000, 0x00000000e6ab0000, 0x00000000e8000000)
 concurrent mark-sweep generation total 393216K, used 0K [0x00000000e8000000, 0x0000000100000000, 0x0000000100000000)
 Metaspace       used 21470K, capacity 21876K, committed 21960K, reserved 1069056K
  class space    used 2468K, capacity 2639K, committed 2684K, reserved 1048576K
}
2017-08-17T13:45:47.019+0200: 3,306: [Rescan (parallel) , 0,0053524 secs]2017-08-17T13:45:47.025+0200: 3,311: [weak refs processing, 0,0019262 secs]2017-08-17T13:45:47.027+0200: 3,313: [class unloading, 0,0029383 secs]2017-08-17T13:45:47.030+0200: 3,316: [scrub symbol table, 0,0026032 secs]2017-08-17T13:45:47.032+0200: 3,319: [scrub string table, 0,0003494 secs][1 CMS-remark: 0K(393216K)] 13198K(502464K), 0,0243710 secs] [Times: user=0,08 sys=0,00, real=0,03 secs] 
2017-08-17T13:45:47.033+0200: 3,320: Total time for which application threads were stopped: 0,0247772 seconds, Stopping threads took: 0,0003091 seconds
2017-08-17T13:45:47.033+0200: 3,320: [CMS-concurrent-sweep-start]
2017-08-17T13:45:47.033+0200: 3,320: [CMS-concurrent-sweep: 0,000/0,000 secs] [Times: user=0,00 sys=0,00, real=0,00 secs] 
2017-08-17T13:45:47.033+0200: 3,320: [CMS-concurrent-reset-start]
2017-08-17T13:45:47.035+0200: 3,322: [CMS-concurrent-reset: 0,002/0,002 secs] [Times: user=0,00 sys=0,00, real=0,00 secs] 
2017-08-17T13:45:47.069+0200: 3,355: Total time for which application threads were stopped: 0,0003631 seconds, Stopping threads took: 0,0000284 seconds
2017-08-17T13:45:47.292+0200: 3,579: Total time for which application threads were stopped: 0,0004184 seconds, Stopping threads took: 0,0000283 seconds
2017-08-17T13:45:47.308+0200: 3,595: Total time for which application threads were stopped: 0,0004957 seconds, Stopping threads took: 0,0000968 seconds
2017-08-17T13:45:47.505+0200: 3,791: Total time for which application threads were stopped: 0,0002479 seconds, Stopping threads took: 0,0000529 seconds
{Heap before GC invocations=6 (full 1):
 par new generation   total 109248K, used 100745K [0x00000000e0000000, 0x00000000e8000000, 0x00000000e8000000)
  eden space 87424K, 100% used [0x00000000e0000000, 0x00000000e5560000, 0x00000000e5560000)
  from space 21824K,  61% used [0x00000000e5560000, 0x00000000e62624d0, 0x00000000e6ab0000)
  to   space 21824K,   0% used [0x00000000e6ab0000, 0x00000000e6ab0000, 0x00000000e8000000)
 concurrent mark-sweep generation total 393216K, used 0K [0x00000000e8000000, 0x0000000100000000, 0x0000000100000000)
 Metaspace       used 24113K, capacity 24532K, committed 24828K, reserved 1071104K
  class space    used 2837K, capacity 3013K, committed 3068K, reserved 1048576K
2017-08-17T13:45:47.510+0200: 3,796: [GC (GCLocker Initiated GC) 2017-08-17T13:45:47.510+0200: 3,796: [ParNew
Desired survivor size 20112992 bytes, new threshold 8 (max 8)
- age   1:    5703144 bytes,    5703144 total
- age   2:      17696 bytes,    5720840 total
- age   3:     112912 bytes,    5833752 total
- age   4:     185824 bytes,    6019576 total
- age   5:     280176 bytes,    6299752 total
- age   6:     816968 bytes,    7116720 total
- age   7:    6664104 bytes,   13780824 total
: 100745K->16037K(109248K), 0,0254648 secs] 100745K->16037K(502464K), 0,0255427 secs] [Times: user=0,05 sys=0,00, real=0,02 secs] 
Heap after GC invocations=7 (full 1):
 par new generation   total 109248K, used 16037K [0x00000000e0000000, 0x00000000e8000000, 0x00000000e8000000)
  eden space 87424K,   0% used [0x00000000e0000000, 0x00000000e0000000, 0x00000000e5560000)
  from space 21824K,  73% used [0x00000000e6ab0000, 0x00000000e7a597c0, 0x00000000e8000000)
  to   space 21824K,   0% used [0x00000000e5560000, 0x00000000e5560000, 0x00000000e6ab0000)
 concurrent mark-sweep generation total 393216K, used 0K [0x00000000e8000000, 0x0000000100000000, 0x0000000100000000)
 Metaspace       used 24113K, capacity 24532K, committed 24828K, reserved 1071104K
  class space    used 2837K, capacity 3013K, committed 3068K, reserved 1048576K
}
2017-08-17T13:45:47.535+0200: 3,822: Total time for which application threads were stopped: 0,0269854 seconds, Stopping threads took: 0,0012591 seconds
{Heap before GC invocations=7 (full 1):
 par new generation   total 109248K, used 103461K [0x00000000e0000000, 0x00000000e8000000, 0x00000000e8000000)
  eden space 87424K, 100% used [0x00000000e0000000, 0x00000000e5560000, 0x00000000e5560000)
  from space 21824K,  73% used [0x00000000e6ab0000, 0x00000000e7a597c0, 0x00000000e8000000)
  to   space 21824K,   0% used [0x00000000e5560000, 0x00000000e5560000, 0x00000000e6ab0000)
 concurrent mark-sweep generation total 393216K, used 0K [0x00000000e8000000, 0x0000000100000000, 0x0000000100000000)
 Metaspace       used 24585K, capacity 25018K, committed 25084K, reserved 1071104K
  class space    used 2869K, capacity 3046K, committed 3068K, reserved 1048576K
2017-08-17T13:45:47.649+0200: 3,936: [GC (Allocation Failure) 2017-08-17T13:45:47.650+0200: 3,936: [ParNew
Desired survivor size 20112992 bytes, new threshold 8 (max 8)
- age   1:    1706032 bytes,    1706032 total
- age   2:    1843200 bytes,    3549232 total
- age   3:       2432 bytes,    3551664 total
- age   4:      59856 bytes,    3611520 total
- age   5:     102104 bytes,    3713624 total
- age   6:     181112 bytes,    3894736 total
- age   7:     773584 bytes,    4668320 total
- age   8:    6129488 bytes,   10797808 total
: 103461K->14158K(109248K), 0,0208075 secs] 103461K->14158K(502464K), 0,0209210 secs] [Times: user=0,08 sys=0,01, real=0,02 secs] 
Heap after GC invocations=8 (full 1):
 par new generation   total 109248K, used 14158K [0x00000000e0000000, 0x00000000e8000000, 0x00000000e8000000)
  eden space 87424K,   0% used [0x00000000e0000000, 0x00000000e0000000, 0x00000000e5560000)
  from space 21824K,  64% used [0x00000000e5560000, 0x00000000e6333b00, 0x00000000e6ab0000)
  to   space 21824K,   0% used [0x00000000e6ab0000, 0x00000000e6ab0000, 0x00000000e8000000)
 concurrent mark-sweep generation total 393216K, used 0K [0x00000000e8000000, 0x0000000100000000, 0x0000000100000000)
 Metaspace       used 24585K, capacity 25018K, committed 25084K, reserved 1071104K
  class space    used 2869K, capacity 3046K, committed 3068K, reserved 1048576K
}
2017-08-17T13:45:47.670+0200: 3,957: Total time for which application threads were stopped: 0,0212339 seconds, Stopping threads took: 0,0000539 seconds
{Heap before GC invocations=8 (full 1):
 par new generation   total 109248K, used 101582K [0x00000000e0000000, 0x00000000e8000000, 0x00000000e8000000)
  eden space 87424K, 100% used [0x00000000e0000000, 0x00000000e5560000, 0x00000000e5560000)
  from space 21824K,  64% used [0x00000000e5560000, 0x00000000e6333b00, 0x00000000e6ab0000)
  to   space 21824K,   0% used [0x00000000e6ab0000, 0x00000000e6ab0000, 0x00000000e8000000)
 concurrent mark-sweep generation total 393216K, used 0K [0x00000000e8000000, 0x0000000100000000, 0x0000000100000000)
 Metaspace       used 25006K, capacity 25460K, committed 25724K, reserved 1071104K
  class space    used 2907K, capacity 3083K, committed 3196K, reserved 1048576K
2017-08-17T13:45:47.757+0200: 4,044: [GC (Allocation Failure) 2017-08-17T13:45:47.757+0200: 4,044: [ParNew
Desired survivor size 20112992 bytes, new threshold 8 (max 8)
- age   1:     941800 bytes,     941800 total
- age   2:     623320 bytes,    1565120 total
- age   3:    1805120 bytes,    3370240 total
- age   4:       2432 bytes,    3372672 total
- age   5:      59856 bytes,    3432528 total
- age   6:      99456 bytes,    3531984 total
- age   7:     180616 bytes,    3712600 total
- age   8:     772784 bytes,    4485384 total
: 101582K->8482K(109248K), 0,0286860 secs] 101582K->14550K(502464K), 0,0287639 secs] [Times: user=0,09 sys=0,00, real=0,02 secs] 
Heap after GC invocations=9 (full 1):
 par new generation   total 109248K, used 8482K [0x00000000e0000000, 0x00000000e8000000, 0x00000000e8000000)
  eden space 87424K,   0% used [0x00000000e0000000, 0x00000000e0000000, 0x00000000e5560000)
  from space 21824K,  38% used [0x00000000e6ab0000, 0x00000000e72f8a28, 0x00000000e8000000)
  to   space 21824K,   0% used [0x00000000e5560000, 0x00000000e5560000, 0x00000000e6ab0000)
 concurrent mark-sweep generation total 393216K, used 6068K [0x00000000e8000000, 0x0000000100000000, 0x0000000100000000)
 Metaspace       used 25006K, capacity 25460K, committed 25724K, reserved 1071104K
  class space    used 2907K, capacity 3083K, committed 3196K, reserved 1048576K
}
2017-08-17T13:45:47.786+0200: 4,073: Total time for which application threads were stopped: 0,0292340 seconds, Stopping threads took: 0,0000714 seconds
2017-08-17T13:45:47.877+0200: 4,164: Total time for which application threads were stopped: 0,0031297 seconds, Stopping threads took: 0,0030277 seconds
2017-08-17T13:45:47.892+0200: 4,178: Total time for which application threads were stopped: 0,0002687 seconds, Stopping threads took: 0,0001804 seconds
2017-08-17T13:45:47.892+0200: 4,179: Total time for which application threads were stopped: 0,0000676 seconds, Stopping threads took: 0,0000208 seconds
2017-08-17T13:45:47.892+0200: 4,179: Total time for which application threads were stopped: 0,0002500 seconds, Stopping threads took: 0,0001721 seconds
2017-08-17T13:45:47.892+0200: 4,179: Total time for which application threads were stopped: 0,0000952 seconds, Stopping threads took: 0,0000308 seconds
2017-08-17T13:45:47.893+0200: 4,179: Total time for which application threads were stopped: 0,0000772 seconds, Stopping threads took: 0,0000104 seconds
2017-08-17T13:45:47.893+0200: 4,180: Total time for which application threads were stopped: 0,0000778 seconds, Stopping threads took: 0,0000102 seconds
2017-08-17T13:45:47.893+0200: 4,180: Total time for which application threads were stopped: 0,0000979 seconds, Stopping threads took: 0,0000083 seconds
2017-08-17T13:45:47.893+0200: 4,180: Total time for which application threads were stopped: 0,0000922 seconds, Stopping threads took: 0,0000239 seconds
2017-08-17T13:45:47.893+0200: 4,180: Total time for which application threads were stopped: 0,0000866 seconds, Stopping threads took: 0,0000221 seconds
2017-08-17T13:45:47.894+0200: 4,180: Total time for which application threads were stopped: 0,0000842 seconds, Stopping threads took: 0,0000191 seconds
2017-08-17T13:45:47.894+0200: 4,180: Total time for which application threads were stopped: 0,0000747 seconds, Stopping threads took: 0,0000211 seconds
2017-08-17T13:45:47.894+0200: 4,181: Total time for which application threads were stopped: 0,0002666 seconds, Stopping threads took: 0,0002029 seconds
2017-08-17T13:45:47.894+0200: 4,181: Total time for which application threads were stopped: 0,0000784 seconds, Stopping threads took: 0,0000269 seconds
2017-08-17T13:45:47.894+0200: 4,181: Total time for which application threads were stopped: 0,0000770 seconds, Stopping threads took: 0,0000231 seconds
2017-08-17T13:45:47.895+0200: 4,181: Total time for which application threads were stopped: 0,0001003 seconds, Stopping threads took: 0,0000281 seconds
2017-08-17T13:45:47.897+0200: 4,184: Total time for which application threads were stopped: 0,0022066 seconds, Stopping threads took: 0,0021476 seconds
2017-08-17T13:45:47.897+0200: 4,184: Total time for which application threads were stopped: 0,0000621 seconds, Stopping threads took: 0,0000296 seconds
2017-08-17T13:45:47.897+0200: 4,184: Total time for which application threads were stopped: 0,0001544 seconds, Stopping threads took: 0,0001069 seconds
2017-08-17T13:45:47.898+0200: 4,184: Total time for which application threads were stopped: 0,0000631 seconds, Stopping threads took: 0,0000121 seconds
2017-08-17T13:45:47.898+0200: 4,184: Total time for which application threads were stopped: 0,0000394 seconds, Stopping threads took: 0,0000113 seconds
2017-08-17T13:45:47.898+0200: 4,185: Total time for which application threads were stopped: 0,0000374 seconds, Stopping threads took: 0,0000077 seconds
2017-08-17T13:45:47.898+0200: 4,185: Total time for which application threads were stopped: 0,0000372 seconds, Stopping threads took: 0,0000087 seconds
2017-08-17T13:45:47.898+0200: 4,185: Total time for which application threads were stopped: 0,0000319 seconds, Stopping threads took: 0,0000072 seconds
2017-08-17T13:45:47.898+0200: 4,185: Total time for which application threads were stopped: 0,0000322 seconds, Stopping threads took: 0,0000073 seconds
2017-08-17T13:45:47.898+0200: 4,185: Total time for which application threads were stopped: 0,0000966 seconds, Stopping threads took: 0,0000079 seconds
2017-08-17T13:45:47.901+0200: 4,188: Total time for which application threads were stopped: 0,0000670 seconds, Stopping threads took: 0,0000166 seconds
2017-08-17T13:45:47.903+0200: 4,190: Total time for which application threads were stopped: 0,0001281 seconds, Stopping threads took: 0,0000760 seconds
2017-08-17T13:45:47.913+0200: 4,200: Total time for which application threads were stopped: 0,0004927 seconds, Stopping threads took: 0,0003954 seconds
2017-08-17T13:45:47.916+0200: 4,202: Total time for which application threads were stopped: 0,0001554 seconds, Stopping threads took: 0,0000613 seconds
2017-08-17T13:45:47.916+0200: 4,202: Total time for which application threads were stopped: 0,0000672 seconds, Stopping threads took: 0,0000127 seconds
2017-08-17T13:45:47.916+0200: 4,203: Total time for which application threads were stopped: 0,0000730 seconds, Stopping threads took: 0,0000234 seconds
2017-08-17T13:45:47.916+0200: 4,203: Total time for which application threads were stopped: 0,0000615 seconds, Stopping threads took: 0,0000222 seconds
2017-08-17T13:45:47.916+0200: 4,203: Total time for which application threads were stopped: 0,0000917 seconds, Stopping threads took: 0,0000543 seconds
2017-08-17T13:45:47.916+0200: 4,203: Total time for which application threads were stopped: 0,0000638 seconds, Stopping threads took: 0,0000259 seconds
2017-08-17T13:45:47.926+0200: 4,212: Total time for which application threads were stopped: 0,0001553 seconds, Stopping threads took: 0,0000313 seconds
2017-08-17T13:45:47.927+0200: 4,213: Total time for which application threads were stopped: 0,0001020 seconds, Stopping threads took: 0,0000249 seconds
2017-08-17T13:45:47.928+0200: 4,215: Total time for which application threads were stopped: 0,0004336 seconds, Stopping threads took: 0,0003323 seconds
2017-08-17T13:45:47.937+0200: 4,224: Total time for which application threads were stopped: 0,0001306 seconds, Stopping threads took: 0,0000521 seconds
2017-08-17T13:45:47.942+0200: 4,229: Total time for which application threads were stopped: 0,0000899 seconds, Stopping threads took: 0,0000196 seconds
2017-08-17T13:45:47.946+0200: 4,233: Total time for which application threads were stopped: 0,0000902 seconds, Stopping threads took: 0,0000173 seconds
2017-08-17T13:45:47.946+0200: 4,233: Total time for which application threads were stopped: 0,0000755 seconds, Stopping threads took: 0,0000126 seconds
2017-08-17T13:45:47.947+0200: 4,234: Total time for which application threads were stopped: 0,0000754 seconds, Stopping threads took: 0,0000224 seconds
2017-08-17T13:45:47.948+0200: 4,234: Total time for which application threads were stopped: 0,0001036 seconds, Stopping threads took: 0,0000485 seconds
2017-08-17T13:45:47.948+0200: 4,234: Total time for which application threads were stopped: 0,0000545 seconds, Stopping threads took: 0,0000128 seconds
2017-08-17T13:45:47.948+0200: 4,235: Total time for which application threads were stopped: 0,0000531 seconds, Stopping threads took: 0,0000192 seconds
2017-08-17T13:45:47.948+0200: 4,235: Total time for which application threads were stopped: 0,0000494 seconds, Stopping threads took: 0,0000084 seconds
2017-08-17T13:45:47.948+0200: 4,235: Total time for which application threads were stopped: 0,0000595 seconds, Stopping threads took: 0,0000117 seconds
2017-08-17T13:45:47.950+0200: 4,237: Total time for which application threads were stopped: 0,0001009 seconds, Stopping threads took: 0,0000144 seconds
2017-08-17T13:45:47.962+0200: 4,248: Total time for which application threads were stopped: 0,0000930 seconds, Stopping threads took: 0,0000199 seconds
2017-08-17T13:45:47.963+0200: 4,250: Total time for which application threads were stopped: 0,0000716 seconds, Stopping threads took: 0,0000142 seconds
2017-08-17T13:45:47.964+0200: 4,251: Total time for which application threads were stopped: 0,0000717 seconds, Stopping threads took: 0,0000132 seconds
2017-08-17T13:45:47.965+0200: 4,251: Total time for which application threads were stopped: 0,0000574 seconds, Stopping threads took: 0,0000200 seconds
2017-08-17T13:45:47.965+0200: 4,252: Total time for which application threads were stopped: 0,0000675 seconds, Stopping threads took: 0,0000132 seconds
2017-08-17T13:45:47.967+0200: 4,254: Total time for which application threads were stopped: 0,0001386 seconds, Stopping threads took: 0,0000183 seconds
2017-08-17T13:45:48.013+0200: 4,300: Total time for which application threads were stopped: 0,0005385 seconds, Stopping threads took: 0,0000727 seconds
2017-08-17T13:45:48.028+0200: 4,314: Total time for which application threads were stopped: 0,0004047 seconds, Stopping threads took: 0,0000369 seconds
2017-08-17T13:45:48.087+0200: 4,374: Total time for which application threads were stopped: 0,0003836 seconds, Stopping threads took: 0,0000207 seconds
2017-08-17T13:45:48.088+0200: 4,375: Total time for which application threads were stopped: 0,0001141 seconds, Stopping threads took: 0,0000414 seconds
2017-08-17T13:45:48.093+0200: 4,380: Total time for which application threads were stopped: 0,0045873 seconds, Stopping threads took: 0,0045221 seconds
2017-08-17T13:45:48.093+0200: 4,380: Total time for which application threads were stopped: 0,0000774 seconds, Stopping threads took: 0,0000179 seconds
2017-08-17T13:45:48.103+0200: 4,390: Total time for which application threads were stopped: 0,0000783 seconds, Stopping threads took: 0,0000189 seconds
2017-08-17T13:45:48.122+0200: 4,409: Total time for which application threads were stopped: 0,0020167 seconds, Stopping threads took: 0,0000589 seconds
2017-08-17T13:45:48.125+0200: 4,412: Total time for which application threads were stopped: 0,0002145 seconds, Stopping threads took: 0,0001089 seconds
2017-08-17T13:45:48.125+0200: 4,412: Total time for which application threads were stopped: 0,0002130 seconds, Stopping threads took: 0,0001527 seconds
2017-08-17T13:45:48.126+0200: 4,413: Total time for which application threads were stopped: 0,0000992 seconds, Stopping threads took: 0,0000379 seconds
2017-08-17T13:45:48.129+0200: 4,416: Total time for which application threads were stopped: 0,0001114 seconds, Stopping threads took: 0,0000336 seconds
2017-08-17T13:45:48.131+0200: 4,418: Total time for which application threads were stopped: 0,0001156 seconds, Stopping threads took: 0,0000372 seconds
2017-08-17T13:45:48.142+0200: 4,429: Total time for which application threads were stopped: 0,0000935 seconds, Stopping threads took: 0,0000222 seconds
2017-08-17T13:45:48.146+0200: 4,433: Total time for which application threads were stopped: 0,0001128 seconds, Stopping threads took: 0,0000346 seconds
2017-08-17T13:45:48.146+0200: 4,433: Total time for which application threads were stopped: 0,0001111 seconds, Stopping threads took: 0,0000277 seconds
2017-08-17T13:45:48.148+0200: 4,435: Total time for which application threads were stopped: 0,0000980 seconds, Stopping threads took: 0,0000183 seconds
2017-08-17T13:45:48.153+0200: 4,440: Total time for which application threads were stopped: 0,0001110 seconds, Stopping threads took: 0,0000397 seconds
2017-08-17T13:45:48.155+0200: 4,441: Total time for which application threads were stopped: 0,0001077 seconds, Stopping threads took: 0,0000399 seconds
2017-08-17T13:45:48.181+0200: 4,468: Total time for which application threads were stopped: 0,0002384 seconds, Stopping threads took: 0,0001440 seconds
2017-08-17T13:45:48.181+0200: 4,468: Total time for which application threads were stopped: 0,0002250 seconds, Stopping threads took: 0,0000615 seconds
2017-08-17T13:45:48.193+0200: 4,480: Total time for which application threads were stopped: 0,0004140 seconds, Stopping threads took: 0,0000380 seconds
2017-08-17T13:45:48.193+0200: 4,480: Total time for which application threads were stopped: 0,0001335 seconds, Stopping threads took: 0,0000634 seconds
2017-08-17T13:45:48.198+0200: 4,485: Total time for which application threads were stopped: 0,0001713 seconds, Stopping threads took: 0,0000755 seconds
2017-08-17T13:45:48.211+0200: 4,498: Total time for which application threads were stopped: 0,0001009 seconds, Stopping threads took: 0,0000355 seconds
2017-08-17T13:45:50.212+0200: 6,498: Total time for which application threads were stopped: 0,0000612 seconds, Stopping threads took: 0,0000158 seconds
2017-08-17T13:46:05.214+0200: 21,501: Total time for which application threads were stopped: 0,0003623 seconds, Stopping threads took: 0,0000955 seconds
2017-08-17T13:46:16.092+0200: 31,502: Total time for which application threads were stopped: 0,0000873 seconds, Stopping threads took: 0,0000352 seconds
2017-08-17T13:47:46.106+0200: 121,516: Total time for which application threads were stopped: 0,0001878 seconds, Stopping threads took: 0,0000753 seconds
2017-08-17T13:47:51.107+0200: 126,517: Total time for which application threads were stopped: 0,0000771 seconds, Stopping threads took: 0,0000199 seconds
2017-08-17T13:47:59.131+0200: 134,541: Total time for which application threads were stopped: 0,0012128 seconds, Stopping threads took: 0,0011244 seconds
2017-08-17T13:47:59.200+0200: 134,610: Total time for which application threads were stopped: 0,0580378 seconds, Stopping threads took: 0,0579143 seconds
2017-08-17T13:47:59.206+0200: 134,616: Total time for which application threads were stopped: 0,0028270 seconds, Stopping threads took: 0,0027428 seconds
2017-08-17T13:47:59.207+0200: 134,617: Total time for which application threads were stopped: 0,0001114 seconds, Stopping threads took: 0,0000355 seconds
2017-08-17T13:47:59.209+0200: 134,619: Total time for which application threads were stopped: 0,0000866 seconds, Stopping threads took: 0,0000189 seconds
2017-08-17T13:47:59.211+0200: 134,621: Total time for which application threads were stopped: 0,0001018 seconds, Stopping threads took: 0,0000150 seconds
2017-08-17T13:47:59.211+0200: 134,621: Total time for which application threads were stopped: 0,0000915 seconds, Stopping threads took: 0,0000239 seconds
2017-08-17T13:47:59.212+0200: 134,622: Total time for which application threads were stopped: 0,0001981 seconds, Stopping threads took: 0,0001070 seconds
2017-08-17T13:47:59.212+0200: 134,622: Total time for which application threads were stopped: 0,0000870 seconds, Stopping threads took: 0,0000200 seconds
2017-08-17T13:47:59.213+0200: 134,623: Total time for which application threads were stopped: 0,0000796 seconds, Stopping threads took: 0,0000136 seconds
2017-08-17T13:47:59.213+0200: 134,623: Total time for which application threads were stopped: 0,0000542 seconds, Stopping threads took: 0,0000092 seconds
2017-08-17T13:47:59.213+0200: 134,623: Total time for which application threads were stopped: 0,0000484 seconds, Stopping threads took: 0,0000110 seconds
2017-08-17T13:47:59.213+0200: 134,623: Total time for which application threads were stopped: 0,0000414 seconds, Stopping threads took: 0,0000069 seconds
2017-08-17T13:47:59.213+0200: 134,623: Total time for which application threads were stopped: 0,0000473 seconds, Stopping threads took: 0,0000082 seconds
2017-08-17T13:47:59.213+0200: 134,623: Total time for which application threads were stopped: 0,0000510 seconds, Stopping threads took: 0,0000094 seconds
2017-08-17T13:47:59.214+0200: 134,624: Total time for which application threads were stopped: 0,0000670 seconds, Stopping threads took: 0,0000169 seconds
2017-08-17T13:47:59.215+0200: 134,625: Total time for which application threads were stopped: 0,0000902 seconds, Stopping threads took: 0,0000200 seconds
2017-08-17T13:47:59.215+0200: 134,625: Total time for which application threads were stopped: 0,0000650 seconds, Stopping threads took: 0,0000129 seconds
2017-08-17T13:47:59.215+0200: 134,625: Total time for which application threads were stopped: 0,0000552 seconds, Stopping threads took: 0,0000089 seconds
2017-08-17T13:47:59.216+0200: 134,626: Total time for which application threads were stopped: 0,0000500 seconds, Stopping threads took: 0,0000082 seconds
2017-08-17T13:47:59.216+0200: 134,626: Total time for which application threads were stopped: 0,0000476 seconds, Stopping threads took: 0,0000080 seconds
2017-08-17T13:47:59.225+0200: 134,635: Total time for which application threads were stopped: 0,0001427 seconds, Stopping threads took: 0,0000522 seconds
2017-08-17T13:47:59.226+0200: 134,636: Total time for which application threads were stopped: 0,0001053 seconds, Stopping threads took: 0,0000442 seconds
2017-08-17T13:47:59.229+0200: 134,639: Total time for which application threads were stopped: 0,0001087 seconds, Stopping threads took: 0,0000269 seconds
2017-08-17T13:47:59.229+0200: 134,639: Total time for which application threads were stopped: 0,0003269 seconds, Stopping threads took: 0,0002865 seconds
2017-08-17T13:47:59.229+0200: 134,639: Total time for which application threads were stopped: 0,0000799 seconds, Stopping threads took: 0,0000340 seconds
2017-08-17T13:47:59.230+0200: 134,640: Total time for which application threads were stopped: 0,0001131 seconds, Stopping threads took: 0,0000472 seconds
2017-08-17T13:47:59.231+0200: 134,641: Total time for which application threads were stopped: 0,0000591 seconds, Stopping threads took: 0,0000206 seconds
2017-08-17T13:47:59.231+0200: 134,641: Total time for which application threads were stopped: 0,0000697 seconds, Stopping threads took: 0,0000206 seconds
2017-08-17T13:47:59.232+0200: 134,642: Total time for which application threads were stopped: 0,0004777 seconds, Stopping threads took: 0,0004111 seconds
2017-08-17T13:47:59.232+0200: 134,642: Total time for which application threads were stopped: 0,0000427 seconds, Stopping threads took: 0,0000065 seconds
2017-08-17T13:47:59.232+0200: 134,642: Total time for which application threads were stopped: 0,0000380 seconds, Stopping threads took: 0,0000046 seconds
2017-08-17T13:47:59.238+0200: 134,648: Total time for which application threads were stopped: 0,0001075 seconds, Stopping threads took: 0,0000223 seconds
2017-08-17T13:47:59.238+0200: 134,648: Total time for which application threads were stopped: 0,0000437 seconds, Stopping threads took: 0,0000064 seconds
2017-08-17T13:47:59.243+0200: 134,653: Total time for which application threads were stopped: 0,0002419 seconds, Stopping threads took: 0,0001642 seconds
2017-08-17T13:47:59.243+0200: 134,653: Total time for which application threads were stopped: 0,0000778 seconds, Stopping threads took: 0,0000260 seconds
2017-08-17T13:47:59.243+0200: 134,653: Total time for which application threads were stopped: 0,0000544 seconds, Stopping threads took: 0,0000155 seconds
2017-08-17T13:47:59.246+0200: 134,656: Total time for which application threads were stopped: 0,0001234 seconds, Stopping threads took: 0,0000475 seconds
2017-08-17T13:47:59.246+0200: 134,656: Total time for which application threads were stopped: 0,0000633 seconds, Stopping threads took: 0,0000184 seconds
2017-08-17T13:47:59.246+0200: 134,656: Total time for which application threads were stopped: 0,0000568 seconds, Stopping threads took: 0,0000174 seconds
2017-08-17T13:47:59.246+0200: 134,656: Total time for which application threads were stopped: 0,0000390 seconds, Stopping threads took: 0,0000082 seconds
2017-08-17T13:47:59.246+0200: 134,656: Total time for which application threads were stopped: 0,0000368 seconds, Stopping threads took: 0,0000070 seconds
2017-08-17T13:47:59.247+0200: 134,657: Total time for which application threads were stopped: 0,0000913 seconds, Stopping threads took: 0,0000596 seconds
2017-08-17T13:47:59.247+0200: 134,657: Total time for which application threads were stopped: 0,0000473 seconds, Stopping threads took: 0,0000155 seconds
2017-08-17T13:47:59.247+0200: 134,657: Total time for which application threads were stopped: 0,0000332 seconds, Stopping threads took: 0,0000045 seconds
2017-08-17T13:47:59.247+0200: 134,657: Total time for which application threads were stopped: 0,0000623 seconds, Stopping threads took: 0,0000174 seconds
2017-08-17T13:47:59.247+0200: 134,657: Total time for which application threads were stopped: 0,0000558 seconds, Stopping threads took: 0,0000208 seconds
2017-08-17T13:47:59.247+0200: 134,657: Total time for which application threads were stopped: 0,0000430 seconds, Stopping threads took: 0,0000091 seconds
2017-08-17T13:47:59.247+0200: 134,657: Total time for which application threads were stopped: 0,0000407 seconds, Stopping threads took: 0,0000086 seconds
2017-08-17T13:47:59.248+0200: 134,658: Total time for which application threads were stopped: 0,0000396 seconds, Stopping threads took: 0,0000081 seconds
2017-08-17T13:47:59.248+0200: 134,658: Total time for which application threads were stopped: 0,0000557 seconds, Stopping threads took: 0,0000205 seconds
2017-08-17T13:47:59.248+0200: 134,658: Total time for which application threads were stopped: 0,0000636 seconds, Stopping threads took: 0,0000218 seconds
2017-08-17T13:47:59.248+0200: 134,658: Total time for which application threads were stopped: 0,0000391 seconds, Stopping threads took: 0,0000066 seconds
2017-08-17T13:47:59.248+0200: 134,658: Total time for which application threads were stopped: 0,0000495 seconds, Stopping threads took: 0,0000168 seconds
2017-08-17T13:47:59.248+0200: 134,658: Total time for which application threads were stopped: 0,0000425 seconds, Stopping threads took: 0,0000122 seconds
2017-08-17T13:47:59.248+0200: 134,658: Total time for which application threads were stopped: 0,0000484 seconds, Stopping threads took: 0,0000177 seconds
2017-08-17T13:47:59.249+0200: 134,659: Total time for which application threads were stopped: 0,0001721 seconds, Stopping threads took: 0,0000154 seconds
2017-08-17T13:47:59.250+0200: 134,660: Total time for which application threads were stopped: 0,0001552 seconds, Stopping threads took: 0,0000426 seconds
2017-08-17T13:47:59.250+0200: 134,660: Total time for which application threads were stopped: 0,0000625 seconds, Stopping threads took: 0,0000168 seconds
2017-08-17T13:47:59.250+0200: 134,660: Total time for which application threads were stopped: 0,0000558 seconds, Stopping threads took: 0,0000159 seconds
2017-08-17T13:47:59.251+0200: 134,661: Total time for which application threads were stopped: 0,0001388 seconds, Stopping threads took: 0,0000371 seconds
2017-08-17T13:47:59.253+0200: 134,663: Total time for which application threads were stopped: 0,0000808 seconds, Stopping threads took: 0,0000219 seconds
2017-08-17T13:47:59.253+0200: 134,663: Total time for which application threads were stopped: 0,0001182 seconds, Stopping threads took: 0,0000449 seconds
Heap
 par new generation   total 109248K, used 95857K [0x00000000e0000000, 0x00000000e8000000, 0x00000000e8000000)
  eden space 87424K,  99% used [0x00000000e0000000, 0x00000000e5553d48, 0x00000000e5560000)
  from space 21824K,  38% used [0x00000000e6ab0000, 0x00000000e72f8a28, 0x00000000e8000000)
  to   space 21824K,   0% used [0x00000000e5560000, 0x00000000e5560000, 0x00000000e6ab0000)
 concurrent mark-sweep generation total 393216K, used 6068K [0x00000000e8000000, 0x0000000100000000, 0x0000000100000000)
 Metaspace       used 28134K, capacity 28738K, committed 29052K, reserved 1075200K
  class space    used 3226K, capacity 3424K, committed 3452K, reserved 1048576K
