OpenJDK 64-Bit Server VM (25.91-b14) for linux-amd64 JRE (1.8.0_91-8u91-b14-3ubuntu1~16.04.1-b14), built on Jul 21 2016 04:13:34 by "buildd" with gcc 5.3.1 20160413
Memory: 4k page, physical 7867876k(7560632k free), swap 8076284k(8076284k free)
CommandLine flags: -XX:CMSInitiatingOccupancyFraction=50 -XX:CMSMaxAbortablePrecleanTime=6000 -XX:+CMSParallelRemarkEnabled -XX:+CMSScavengeBeforeRemark -XX:ConcGCThreads=4 -XX:InitialHeapSize=536870912 -XX:MaxHeapSize=536870912 -XX:MaxTenuringThreshold=8 -XX:NewRatio=3 -XX:OldPLABSize=16 -XX:OnOutOfMemoryError=/opt/solr/bin/oom_solr.sh 8983 /var/solr/logs -XX:ParallelGCThreads=4 -XX:+ParallelRefProcEnabled -XX:PretenureSizeThreshold=67108864 -XX:+PrintGC -XX:+PrintGCApplicationStoppedTime -XX:+PrintGCDateStamps -XX:+PrintGCDetails -XX:+PrintGCTimeStamps -XX:+PrintHeapAtGC -XX:+PrintTenuringDistribution -XX:SurvivorRatio=4 -XX:TargetSurvivorRatio=90 -XX:ThreadStackSize=256 -XX:+UseCMSInitiatingOccupancyOnly -XX:+UseCompressedClassPointers -XX:+UseCompressedOops -XX:+UseConcMarkSweepGC -XX:+UseParNewGC 
2016-10-22T15:39:18.252+0200: 0,120: Total time for which application threads were stopped: 0,0000724 seconds, Stopping threads took: 0,0000151 seconds
2016-10-22T15:39:18.318+0200: 0,186: Total time for which application threads were stopped: 0,0001874 seconds, Stopping threads took: 0,0000153 seconds
2016-10-22T15:39:18.333+0200: 0,202: Total time for which application threads were stopped: 0,0000751 seconds, Stopping threads took: 0,0000198 seconds
2016-10-22T15:39:18.495+0200: 0,363: Total time for which application threads were stopped: 0,0005183 seconds, Stopping threads took: 0,0000236 seconds
2016-10-22T15:39:18.699+0200: 0,567: Total time for which application threads were stopped: 0,0001115 seconds, Stopping threads took: 0,0000097 seconds
2016-10-22T15:39:18.844+0200: 0,712: Total time for which application threads were stopped: 0,0002062 seconds, Stopping threads took: 0,0000275 seconds
2016-10-22T15:39:18.908+0200: 0,776: Total time for which application threads were stopped: 0,0001903 seconds, Stopping threads took: 0,0000206 seconds
2016-10-22T15:39:19.173+0200: 1,041: Total time for which application threads were stopped: 0,0001618 seconds, Stopping threads took: 0,0000120 seconds
2016-10-22T15:39:19.400+0200: 1,268: Total time for which application threads were stopped: 0,0002141 seconds, Stopping threads took: 0,0000128 seconds
2016-10-22T15:39:19.508+0200: 1,376: Total time for which application threads were stopped: 0,0001873 seconds, Stopping threads took: 0,0000124 seconds
2016-10-22T15:39:19.509+0200: 1,377: Total time for which application threads were stopped: 0,0001029 seconds, Stopping threads took: 0,0000073 seconds
2016-10-22T15:39:19.523+0200: 1,391: Total time for which application threads were stopped: 0,0001710 seconds, Stopping threads took: 0,0000122 seconds
2016-10-22T15:39:19.622+0200: 1,490: Total time for which application threads were stopped: 0,0003733 seconds, Stopping threads took: 0,0000482 seconds
2016-10-22T15:39:19.744+0200: 1,612: Total time for which application threads were stopped: 0,0002170 seconds, Stopping threads took: 0,0000197 seconds
{Heap before GC invocations=0 (full 0):
 par new generation   total 109248K, used 87424K [0x00000000e0000000, 0x00000000e8000000, 0x00000000e8000000)
  eden space 87424K, 100% used [0x00000000e0000000, 0x00000000e5560000, 0x00000000e5560000)
  from space 21824K,   0% used [0x00000000e5560000, 0x00000000e5560000, 0x00000000e6ab0000)
  to   space 21824K,   0% used [0x00000000e6ab0000, 0x00000000e6ab0000, 0x00000000e8000000)
 concurrent mark-sweep generation total 393216K, used 0K [0x00000000e8000000, 0x0000000100000000, 0x0000000100000000)
 Metaspace       used 18504K, capacity 18822K, committed 18944K, reserved 1067008K
  class space    used 2109K, capacity 2228K, committed 2304K, reserved 1048576K
2016-10-22T15:39:19.906+0200: 1,774: [GC (Allocation Failure) 2016-10-22T15:39:19.906+0200: 1,774: [ParNew
Desired survivor size 20112992 bytes, new threshold 8 (max 8)
- age   1:   12474664 bytes,   12474664 total
: 87424K->12294K(109248K), 0,0241105 secs] 87424K->12294K(502464K), 0,0243481 secs] [Times: user=0,07 sys=0,01, real=0,02 secs] 
Heap after GC invocations=1 (full 0):
 par new generation   total 109248K, used 12294K [0x00000000e0000000, 0x00000000e8000000, 0x00000000e8000000)
  eden space 87424K,   0% used [0x00000000e0000000, 0x00000000e0000000, 0x00000000e5560000)
  from space 21824K,  56% used [0x00000000e6ab0000, 0x00000000e76b1920, 0x00000000e8000000)
  to   space 21824K,   0% used [0x00000000e5560000, 0x00000000e5560000, 0x00000000e6ab0000)
 concurrent mark-sweep generation total 393216K, used 0K [0x00000000e8000000, 0x0000000100000000, 0x0000000100000000)
 Metaspace       used 18504K, capacity 18822K, committed 18944K, reserved 1067008K
  class space    used 2109K, capacity 2228K, committed 2304K, reserved 1048576K
}
2016-10-22T15:39:19.930+0200: 1,798: Total time for which application threads were stopped: 0,0247055 seconds, Stopping threads took: 0,0000223 seconds
2016-10-22T15:39:20.124+0200: 1,992: Total time for which application threads were stopped: 0,0004089 seconds, Stopping threads took: 0,0000507 seconds
2016-10-22T15:39:20.168+0200: 2,036: Total time for which application threads were stopped: 0,0003108 seconds, Stopping threads took: 0,0000483 seconds
2016-10-22T15:39:20.213+0200: 2,081: Total time for which application threads were stopped: 0,0002936 seconds, Stopping threads took: 0,0000260 seconds
{Heap before GC invocations=1 (full 0):
 par new generation   total 109248K, used 99718K [0x00000000e0000000, 0x00000000e8000000, 0x00000000e8000000)
  eden space 87424K, 100% used [0x00000000e0000000, 0x00000000e5560000, 0x00000000e5560000)
  from space 21824K,  56% used [0x00000000e6ab0000, 0x00000000e76b1920, 0x00000000e8000000)
  to   space 21824K,   0% used [0x00000000e5560000, 0x00000000e5560000, 0x00000000e6ab0000)
 concurrent mark-sweep generation total 393216K, used 0K [0x00000000e8000000, 0x0000000100000000, 0x0000000100000000)
 Metaspace       used 20666K, capacity 20962K, committed 21248K, reserved 1069056K
  class space    used 2401K, capacity 2519K, committed 2560K, reserved 1048576K
2016-10-22T15:39:20.380+0200: 2,248: [GC (Allocation Failure) 2016-10-22T15:39:20.380+0200: 2,248: [ParNew
Desired survivor size 20112992 bytes, new threshold 8 (max 8)
- age   1:    2489768 bytes,    2489768 total
- age   2:    6025984 bytes,    8515752 total
: 99718K->11244K(109248K), 0,0090764 secs] 99718K->11244K(502464K), 0,0091450 secs] [Times: user=0,03 sys=0,00, real=0,01 secs] 
Heap after GC invocations=2 (full 0):
 par new generation   total 109248K, used 11244K [0x00000000e0000000, 0x00000000e8000000, 0x00000000e8000000)
  eden space 87424K,   0% used [0x00000000e0000000, 0x00000000e0000000, 0x00000000e5560000)
  from space 21824K,  51% used [0x00000000e5560000, 0x00000000e605b030, 0x00000000e6ab0000)
  to   space 21824K,   0% used [0x00000000e6ab0000, 0x00000000e6ab0000, 0x00000000e8000000)
 concurrent mark-sweep generation total 393216K, used 0K [0x00000000e8000000, 0x0000000100000000, 0x0000000100000000)
 Metaspace       used 20666K, capacity 20962K, committed 21248K, reserved 1069056K
  class space    used 2401K, capacity 2519K, committed 2560K, reserved 1048576K
}
2016-10-22T15:39:20.389+0200: 2,257: Total time for which application threads were stopped: 0,0093667 seconds, Stopping threads took: 0,0000440 seconds
2016-10-22T15:39:20.460+0200: 2,328: Total time for which application threads were stopped: 0,0000830 seconds, Stopping threads took: 0,0000163 seconds
2016-10-22T15:39:20.474+0200: 2,342: Total time for which application threads were stopped: 0,0002716 seconds, Stopping threads took: 0,0000177 seconds
2016-10-22T15:39:20.479+0200: 2,347: Total time for which application threads were stopped: 0,0000647 seconds, Stopping threads took: 0,0000126 seconds
2016-10-22T15:39:20.525+0200: 2,393: Total time for which application threads were stopped: 0,0001198 seconds, Stopping threads took: 0,0000365 seconds
2016-10-22T15:39:20.551+0200: 2,419: Total time for which application threads were stopped: 0,0001022 seconds, Stopping threads took: 0,0000289 seconds
2016-10-22T15:39:20.571+0200: 2,439: Total time for which application threads were stopped: 0,0000978 seconds, Stopping threads took: 0,0000304 seconds
2016-10-22T15:39:20.574+0200: 2,442: Total time for which application threads were stopped: 0,0003044 seconds, Stopping threads took: 0,0000268 seconds
2016-10-22T15:39:20.606+0200: 2,474: Total time for which application threads were stopped: 0,0000809 seconds, Stopping threads took: 0,0000175 seconds
2016-10-22T15:39:20.630+0200: 2,498: Total time for which application threads were stopped: 0,0001045 seconds, Stopping threads took: 0,0000206 seconds
2016-10-22T15:39:20.645+0200: 2,513: Total time for which application threads were stopped: 0,0000699 seconds, Stopping threads took: 0,0000143 seconds
2016-10-22T15:39:20.658+0200: 2,526: Total time for which application threads were stopped: 0,0000723 seconds, Stopping threads took: 0,0000141 seconds
2016-10-22T15:39:20.689+0200: 2,557: Total time for which application threads were stopped: 0,0001078 seconds, Stopping threads took: 0,0000324 seconds
2016-10-22T15:39:20.716+0200: 2,584: Total time for which application threads were stopped: 0,0001167 seconds, Stopping threads took: 0,0000264 seconds
2016-10-22T15:39:20.759+0200: 2,627: Total time for which application threads were stopped: 0,0001357 seconds, Stopping threads took: 0,0000683 seconds
2016-10-22T15:39:20.794+0200: 2,662: Total time for which application threads were stopped: 0,0000852 seconds, Stopping threads took: 0,0000207 seconds
2016-10-22T15:39:20.822+0200: 2,690: Total time for which application threads were stopped: 0,0001308 seconds, Stopping threads took: 0,0000239 seconds
2016-10-22T15:39:20.860+0200: 2,728: Total time for which application threads were stopped: 0,0000950 seconds, Stopping threads took: 0,0000249 seconds
2016-10-22T15:39:20.894+0200: 2,762: Total time for which application threads were stopped: 0,0001198 seconds, Stopping threads took: 0,0000361 seconds
2016-10-22T15:39:20.930+0200: 2,798: Total time for which application threads were stopped: 0,0001229 seconds, Stopping threads took: 0,0000399 seconds
2016-10-22T15:39:20.952+0200: 2,820: Total time for which application threads were stopped: 0,0001696 seconds, Stopping threads took: 0,0000838 seconds
{Heap before GC invocations=2 (full 0):
 par new generation   total 109248K, used 98668K [0x00000000e0000000, 0x00000000e8000000, 0x00000000e8000000)
  eden space 87424K, 100% used [0x00000000e0000000, 0x00000000e5560000, 0x00000000e5560000)
  from space 21824K,  51% used [0x00000000e5560000, 0x00000000e605b030, 0x00000000e6ab0000)
  to   space 21824K,   0% used [0x00000000e6ab0000, 0x00000000e6ab0000, 0x00000000e8000000)
 concurrent mark-sweep generation total 393216K, used 0K [0x00000000e8000000, 0x0000000100000000, 0x0000000100000000)
 Metaspace       used 26602K, capacity 27038K, committed 27196K, reserved 1073152K
  class space    used 3093K, capacity 3221K, committed 3244K, reserved 1048576K
2016-10-22T15:39:20.973+0200: 2,841: [GC (Allocation Failure) 2016-10-22T15:39:20.973+0200: 2,841: [ParNew
Desired survivor size 20112992 bytes, new threshold 8 (max 8)
- age   1:    8638416 bytes,    8638416 total
- age   2:     494704 bytes,    9133120 total
- age   3:    6005768 bytes,   15138888 total
: 98668K->17473K(109248K), 0,0133748 secs] 98668K->17473K(502464K), 0,0134337 secs] [Times: user=0,05 sys=0,00, real=0,02 secs] 
Heap after GC invocations=3 (full 0):
 par new generation   total 109248K, used 17473K [0x00000000e0000000, 0x00000000e8000000, 0x00000000e8000000)
  eden space 87424K,   0% used [0x00000000e0000000, 0x00000000e0000000, 0x00000000e5560000)
  from space 21824K,  80% used [0x00000000e6ab0000, 0x00000000e7bc0770, 0x00000000e8000000)
  to   space 21824K,   0% used [0x00000000e5560000, 0x00000000e5560000, 0x00000000e6ab0000)
 concurrent mark-sweep generation total 393216K, used 0K [0x00000000e8000000, 0x0000000100000000, 0x0000000100000000)
 Metaspace       used 26602K, capacity 27038K, committed 27196K, reserved 1073152K
  class space    used 3093K, capacity 3221K, committed 3244K, reserved 1048576K
}
2016-10-22T15:39:20.986+0200: 2,855: Total time for which application threads were stopped: 0,0136609 seconds, Stopping threads took: 0,0000670 seconds
2016-10-22T15:39:20.987+0200: 2,855: [GC (CMS Initial Mark) [1 CMS-initial-mark: 0K(393216K)] 19649K(502464K), 0,0044118 secs] [Times: user=0,01 sys=0,00, real=0,00 secs] 
2016-10-22T15:39:20.991+0200: 2,859: Total time for which application threads were stopped: 0,0047032 seconds, Stopping threads took: 0,0002136 seconds
2016-10-22T15:39:20.991+0200: 2,859: [CMS-concurrent-mark-start]
2016-10-22T15:39:20.992+0200: 2,860: [CMS-concurrent-mark: 0,001/0,001 secs] [Times: user=0,00 sys=0,00, real=0,00 secs] 
2016-10-22T15:39:20.992+0200: 2,860: [CMS-concurrent-preclean-start]
2016-10-22T15:39:20.993+0200: 2,861: [CMS-concurrent-preclean: 0,001/0,001 secs] [Times: user=0,01 sys=0,00, real=0,00 secs] 
2016-10-22T15:39:20.993+0200: 2,861: [CMS-concurrent-abortable-preclean-start]
2016-10-22T15:39:21.008+0200: 2,876: Total time for which application threads were stopped: 0,0000806 seconds, Stopping threads took: 0,0000205 seconds
2016-10-22T15:39:22.008+0200: 3,876: Total time for which application threads were stopped: 0,0000583 seconds, Stopping threads took: 0,0000144 seconds
2016-10-22T15:39:22.187+0200: 4,055: Total time for which application threads were stopped: 0,0002435 seconds, Stopping threads took: 0,0000255 seconds
2016-10-22T15:39:25.198+0200: 7,066: Total time for which application threads were stopped: 0,0000693 seconds, Stopping threads took: 0,0000182 seconds
 CMS: abort preclean due to time 2016-10-22T15:39:27.124+0200: 8,992: [CMS-concurrent-abortable-preclean: 2,726/6,131 secs] [Times: user=3,10 sys=0,00, real=6,14 secs] 
2016-10-22T15:39:27.124+0200: 8,992: [GC (CMS Final Remark) [YG occupancy: 27051 K (109248 K)]{Heap before GC invocations=3 (full 1):
 par new generation   total 109248K, used 27051K [0x00000000e0000000, 0x00000000e8000000, 0x00000000e8000000)
  eden space 87424K,  10% used [0x00000000e0000000, 0x00000000e095a5b0, 0x00000000e5560000)
  from space 21824K,  80% used [0x00000000e6ab0000, 0x00000000e7bc0770, 0x00000000e8000000)
  to   space 21824K,   0% used [0x00000000e5560000, 0x00000000e5560000, 0x00000000e6ab0000)
 concurrent mark-sweep generation total 393216K, used 0K [0x00000000e8000000, 0x0000000100000000, 0x0000000100000000)
 Metaspace       used 26901K, capacity 27364K, committed 27604K, reserved 1073152K
  class space    used 3137K, capacity 3286K, committed 3372K, reserved 1048576K
2016-10-22T15:39:27.124+0200: 8,992: [GC (CMS Final Remark) 2016-10-22T15:39:27.124+0200: 8,992: [ParNew
Desired survivor size 20112992 bytes, new threshold 8 (max 8)
- age   1:    2489736 bytes,    2489736 total
- age   2:    3381912 bytes,    5871648 total
- age   3:     494408 bytes,    6366056 total
- age   4:    5972264 bytes,   12338320 total
: 27051K->17596K(109248K), 0,0191046 secs] 27051K->17596K(502464K), 0,0191525 secs] [Times: user=0,04 sys=0,00, real=0,02 secs] 
Heap after GC invocations=4 (full 1):
 par new generation   total 109248K, used 17596K [0x00000000e0000000, 0x00000000e8000000, 0x00000000e8000000)
  eden space 87424K,   0% used [0x00000000e0000000, 0x00000000e0000000, 0x00000000e5560000)
  from space 21824K,  80% used [0x00000000e5560000, 0x00000000e668f128, 0x00000000e6ab0000)
  to   space 21824K,   0% used [0x00000000e6ab0000, 0x00000000e6ab0000, 0x00000000e8000000)
 concurrent mark-sweep generation total 393216K, used 0K [0x00000000e8000000, 0x0000000100000000, 0x0000000100000000)
 Metaspace       used 26901K, capacity 27364K, committed 27604K, reserved 1073152K
  class space    used 3137K, capacity 3286K, committed 3372K, reserved 1048576K
}
2016-10-22T15:39:27.143+0200: 9,011: [Rescan (parallel) , 0,0139359 secs]2016-10-22T15:39:27.157+0200: 9,025: [weak refs processing, 0,0030851 secs]2016-10-22T15:39:27.160+0200: 9,028: [class unloading, 0,0043407 secs]2016-10-22T15:39:27.165+0200: 9,033: [scrub symbol table, 0,0076266 secs]2016-10-22T15:39:27.172+0200: 9,040: [scrub string table, 0,0005525 secs][1 CMS-remark: 0K(393216K)] 17596K(502464K), 0,0497880 secs] [Times: user=0,10 sys=0,00, real=0,04 secs] 
2016-10-22T15:39:27.174+0200: 9,042: Total time for which application threads were stopped: 0,0498812 seconds, Stopping threads took: 0,0000255 seconds
2016-10-22T15:39:27.174+0200: 9,042: [CMS-concurrent-sweep-start]
2016-10-22T15:39:27.174+0200: 9,042: [CMS-concurrent-sweep: 0,000/0,000 secs] [Times: user=0,00 sys=0,00, real=0,00 secs] 
2016-10-22T15:39:27.174+0200: 9,042: [CMS-concurrent-reset-start]
2016-10-22T15:39:27.176+0200: 9,044: [CMS-concurrent-reset: 0,002/0,002 secs] [Times: user=0,00 sys=0,01, real=0,01 secs] 
2016-10-22T15:39:50.176+0200: 32,044: Total time for which application threads were stopped: 0,0000560 seconds, Stopping threads took: 0,0000154 seconds
2016-10-22T15:40:14.179+0200: 56,047: Total time for which application threads were stopped: 0,0003307 seconds, Stopping threads took: 0,0001062 seconds
2016-10-22T15:40:19.180+0200: 61,048: Total time for which application threads were stopped: 0,0000918 seconds, Stopping threads took: 0,0000350 seconds
2016-10-22T15:40:39.181+0200: 81,049: Total time for which application threads were stopped: 0,0000572 seconds, Stopping threads took: 0,0000166 seconds
2016-10-22T15:40:49.183+0200: 91,051: Total time for which application threads were stopped: 0,0000570 seconds, Stopping threads took: 0,0000193 seconds
2016-10-22T15:42:00.190+0200: 162,058: Total time for which application threads were stopped: 0,0001152 seconds, Stopping threads took: 0,0000366 seconds
2016-10-22T15:42:05.191+0200: 167,059: Total time for which application threads were stopped: 0,0001180 seconds, Stopping threads took: 0,0000322 seconds
2016-10-22T15:43:15.198+0200: 237,066: Total time for which application threads were stopped: 0,0000738 seconds, Stopping threads took: 0,0000325 seconds
2016-10-22T15:44:05.203+0200: 287,071: Total time for which application threads were stopped: 0,0000743 seconds, Stopping threads took: 0,0000330 seconds
2016-10-22T15:55:30.290+0200: 972,158: Total time for which application threads were stopped: 0,0000902 seconds, Stopping threads took: 0,0000358 seconds
2016-10-22T16:02:59.347+0200: 1421,215: Total time for which application threads were stopped: 0,0003645 seconds, Stopping threads took: 0,0001655 seconds
2016-10-22T16:07:49.381+0200: 1711,249: Total time for which application threads were stopped: 0,0000703 seconds, Stopping threads took: 0,0000288 seconds
2016-10-22T16:17:59.458+0200: 2321,326: Total time for which application threads were stopped: 0,0000793 seconds, Stopping threads took: 0,0000330 seconds
2016-10-22T16:18:00.458+0200: 2322,326: Total time for which application threads were stopped: 0,0000899 seconds, Stopping threads took: 0,0000174 seconds
2016-10-22T16:27:20.529+0200: 2882,397: Total time for which application threads were stopped: 0,0000996 seconds, Stopping threads took: 0,0000408 seconds
2016-10-22T16:32:35.560+0200: 3197,428: Total time for which application threads were stopped: 0,0000813 seconds, Stopping threads took: 0,0000417 seconds
2016-10-22T16:43:24.632+0200: 3846,500: Total time for which application threads were stopped: 0,0000769 seconds, Stopping threads took: 0,0000314 seconds
2016-10-22T16:43:29.632+0200: 3851,500: Total time for which application threads were stopped: 0,0000726 seconds, Stopping threads took: 0,0000175 seconds
2016-10-22T16:46:19.653+0200: 4021,521: Total time for which application threads were stopped: 0,0001102 seconds, Stopping threads took: 0,0000440 seconds
2016-10-22T17:26:24.925+0200: 6426,793: Total time for which application threads were stopped: 0,0001294 seconds, Stopping threads took: 0,0000683 seconds
2016-10-22T17:26:44.927+0200: 6446,795: Total time for which application threads were stopped: 0,0002758 seconds, Stopping threads took: 0,0000709 seconds
2016-10-22T17:30:34.951+0200: 6676,819: Total time for which application threads were stopped: 0,0002199 seconds, Stopping threads took: 0,0001460 seconds
2016-10-22T17:30:49.953+0200: 6691,821: Total time for which application threads were stopped: 0,0003569 seconds, Stopping threads took: 0,0001375 seconds
2016-10-22T17:43:50.025+0200: 7471,894: Total time for which application threads were stopped: 0,0000687 seconds, Stopping threads took: 0,0000301 seconds
2016-10-22T17:44:50.031+0200: 7531,899: Total time for which application threads were stopped: 0,0000809 seconds, Stopping threads took: 0,0000280 seconds
2016-10-22T17:47:20.045+0200: 7681,914: Total time for which application threads were stopped: 0,0001247 seconds, Stopping threads took: 0,0000323 seconds
2016-10-22T17:47:50.048+0200: 7711,917: Total time for which application threads were stopped: 0,0001071 seconds, Stopping threads took: 0,0000445 seconds
2016-10-22T19:55:19.778+0200: 15361,646: Total time for which application threads were stopped: 0,0001088 seconds, Stopping threads took: 0,0000459 seconds
2016-10-22T20:04:49.834+0200: 15931,702: Total time for which application threads were stopped: 0,0002281 seconds, Stopping threads took: 0,0000944 seconds
2016-10-22T23:06:13.487+0200: 26815,355: Total time for which application threads were stopped: 0,0001696 seconds, Stopping threads took: 0,0000315 seconds
Heap
 par new generation   total 109248K, used 45753K [0x00000000e0000000, 0x00000000e8000000, 0x00000000e8000000)
  eden space 87424K,  32% used [0x00000000e0000000, 0x00000000e1b7f4b0, 0x00000000e5560000)
  from space 21824K,  80% used [0x00000000e5560000, 0x00000000e668f128, 0x00000000e6ab0000)
  to   space 21824K,   0% used [0x00000000e6ab0000, 0x00000000e6ab0000, 0x00000000e8000000)
 concurrent mark-sweep generation total 393216K, used 0K [0x00000000e8000000, 0x0000000100000000, 0x0000000100000000)
 Metaspace       used 27057K, capacity 27498K, committed 27860K, reserved 1073152K
  class space    used 3154K, capacity 3287K, committed 3372K, reserved 1048576K
