OpenJDK 64-Bit Server VM (25.121-b13) for linux-amd64 JRE (1.8.0_121-8u121-b13-0ubuntu1.16.04.2-b13), built on Jan 23 2017 15:51:29 by "buildd" with gcc 5.4.0 20160609
Memory: 4k page, physical 7867764k(7415600k free), swap 8076284k(8076284k free)
CommandLine flags: -XX:CMSInitiatingOccupancyFraction=50 -XX:CMSMaxAbortablePrecleanTime=6000 -XX:+CMSParallelRemarkEnabled -XX:+CMSScavengeBeforeRemark -XX:ConcGCThreads=4 -XX:InitialHeapSize=536870912 -XX:MaxHeapSize=536870912 -XX:MaxTenuringThreshold=8 -XX:NewRatio=3 -XX:OldPLABSize=16 -XX:OnOutOfMemoryError=/opt/solr/bin/oom_solr.sh 8983 /var/solr/logs -XX:ParallelGCThreads=4 -XX:+ParallelRefProcEnabled -XX:PretenureSizeThreshold=67108864 -XX:+PrintGC -XX:+PrintGCApplicationStoppedTime -XX:+PrintGCDateStamps -XX:+PrintGCDetails -XX:+PrintGCTimeStamps -XX:+PrintHeapAtGC -XX:+PrintTenuringDistribution -XX:SurvivorRatio=4 -XX:TargetSurvivorRatio=90 -XX:ThreadStackSize=256 -XX:+UseCMSInitiatingOccupancyOnly -XX:+UseCompressedClassPointers -XX:+UseCompressedOops -XX:+UseConcMarkSweepGC -XX:+UseParNewGC 
2017-05-02T16:09:36.871+0200: 0,154: Total time for which application threads were stopped: 0,0000748 seconds, Stopping threads took: 0,0000154 seconds
2017-05-02T16:09:36.957+0200: 0,240: Total time for which application threads were stopped: 0,0001338 seconds, Stopping threads took: 0,0000357 seconds
2017-05-02T16:09:36.973+0200: 0,257: Total time for which application threads were stopped: 0,0001119 seconds, Stopping threads took: 0,0000258 seconds
2017-05-02T16:09:37.350+0200: 0,634: Total time for which application threads were stopped: 0,0001625 seconds, Stopping threads took: 0,0000182 seconds
2017-05-02T16:09:37.729+0200: 1,012: Total time for which application threads were stopped: 0,0002654 seconds, Stopping threads took: 0,0000259 seconds
2017-05-02T16:09:37.806+0200: 1,089: Total time for which application threads were stopped: 0,0001337 seconds, Stopping threads took: 0,0000141 seconds
2017-05-02T16:09:37.826+0200: 1,109: Total time for which application threads were stopped: 0,0001720 seconds, Stopping threads took: 0,0000363 seconds
2017-05-02T16:09:38.100+0200: 1,384: Total time for which application threads were stopped: 0,0001726 seconds, Stopping threads took: 0,0000151 seconds
2017-05-02T16:09:38.339+0200: 1,622: Total time for which application threads were stopped: 0,0002987 seconds, Stopping threads took: 0,0000288 seconds
2017-05-02T16:09:38.368+0200: 1,652: Total time for which application threads were stopped: 0,0001658 seconds, Stopping threads took: 0,0000197 seconds
2017-05-02T16:09:38.404+0200: 1,687: Total time for which application threads were stopped: 0,0002366 seconds, Stopping threads took: 0,0000252 seconds
2017-05-02T16:09:38.406+0200: 1,690: Total time for which application threads were stopped: 0,0006290 seconds, Stopping threads took: 0,0000309 seconds
2017-05-02T16:09:38.427+0200: 1,710: Total time for which application threads were stopped: 0,0010949 seconds, Stopping threads took: 0,0001142 seconds
2017-05-02T16:09:38.521+0200: 1,804: Total time for which application threads were stopped: 0,0002455 seconds, Stopping threads took: 0,0000188 seconds
2017-05-02T16:09:38.680+0200: 1,964: Total time for which application threads were stopped: 0,0002478 seconds, Stopping threads took: 0,0000327 seconds
{Heap before GC invocations=0 (full 0):
 par new generation   total 109248K, used 87424K [0x00000000e0000000, 0x00000000e8000000, 0x00000000e8000000)
  eden space 87424K, 100% used [0x00000000e0000000, 0x00000000e5560000, 0x00000000e5560000)
  from space 21824K,   0% used [0x00000000e5560000, 0x00000000e5560000, 0x00000000e6ab0000)
  to   space 21824K,   0% used [0x00000000e6ab0000, 0x00000000e6ab0000, 0x00000000e8000000)
 concurrent mark-sweep generation total 393216K, used 0K [0x00000000e8000000, 0x0000000100000000, 0x0000000100000000)
 Metaspace       used 17924K, capacity 18240K, committed 18304K, reserved 1064960K
  class space    used 2030K, capacity 2164K, committed 2176K, reserved 1048576K
2017-05-02T16:09:38.735+0200: 2,019: [GC (Allocation Failure) 2017-05-02T16:09:38.735+0200: 2,019: [ParNew
Desired survivor size 20112992 bytes, new threshold 8 (max 8)
- age   1:   11917104 bytes,   11917104 total
: 87424K->11746K(109248K), 0,0161727 secs] 87424K->11746K(502464K), 0,0162533 secs] [Times: user=0,04 sys=0,02, real=0,02 secs] 
Heap after GC invocations=1 (full 0):
 par new generation   total 109248K, used 11746K [0x00000000e0000000, 0x00000000e8000000, 0x00000000e8000000)
  eden space 87424K,   0% used [0x00000000e0000000, 0x00000000e0000000, 0x00000000e5560000)
  from space 21824K,  53% used [0x00000000e6ab0000, 0x00000000e7628a98, 0x00000000e8000000)
  to   space 21824K,   0% used [0x00000000e5560000, 0x00000000e5560000, 0x00000000e6ab0000)
 concurrent mark-sweep generation total 393216K, used 0K [0x00000000e8000000, 0x0000000100000000, 0x0000000100000000)
 Metaspace       used 17924K, capacity 18240K, committed 18304K, reserved 1064960K
  class space    used 2030K, capacity 2164K, committed 2176K, reserved 1048576K
}
2017-05-02T16:09:38.751+0200: 2,035: Total time for which application threads were stopped: 0,0165534 seconds, Stopping threads took: 0,0001511 seconds
2017-05-02T16:09:39.074+0200: 2,358: Total time for which application threads were stopped: 0,0003664 seconds, Stopping threads took: 0,0000443 seconds
{Heap before GC invocations=1 (full 0):
 par new generation   total 109248K, used 99170K [0x00000000e0000000, 0x00000000e8000000, 0x00000000e8000000)
  eden space 87424K, 100% used [0x00000000e0000000, 0x00000000e5560000, 0x00000000e5560000)
  from space 21824K,  53% used [0x00000000e6ab0000, 0x00000000e7628a98, 0x00000000e8000000)
  to   space 21824K,   0% used [0x00000000e5560000, 0x00000000e5560000, 0x00000000e6ab0000)
 concurrent mark-sweep generation total 393216K, used 0K [0x00000000e8000000, 0x0000000100000000, 0x0000000100000000)
 Metaspace       used 20013K, capacity 20352K, committed 20736K, reserved 1067008K
  class space    used 2291K, capacity 2464K, committed 2560K, reserved 1048576K
2017-05-02T16:09:39.118+0200: 2,402: [GC (Allocation Failure) 2017-05-02T16:09:39.118+0200: 2,402: [ParNew
Desired survivor size 20112992 bytes, new threshold 8 (max 8)
- age   1:    3757920 bytes,    3757920 total
- age   2:    6469544 bytes,   10227464 total
: 99170K->13319K(109248K), 0,0108032 secs] 99170K->13319K(502464K), 0,0108874 secs] [Times: user=0,04 sys=0,00, real=0,01 secs] 
Heap after GC invocations=2 (full 0):
 par new generation   total 109248K, used 13319K [0x00000000e0000000, 0x00000000e8000000, 0x00000000e8000000)
  eden space 87424K,   0% used [0x00000000e0000000, 0x00000000e0000000, 0x00000000e5560000)
  from space 21824K,  61% used [0x00000000e5560000, 0x00000000e6261e50, 0x00000000e6ab0000)
  to   space 21824K,   0% used [0x00000000e6ab0000, 0x00000000e6ab0000, 0x00000000e8000000)
 concurrent mark-sweep generation total 393216K, used 0K [0x00000000e8000000, 0x0000000100000000, 0x0000000100000000)
 Metaspace       used 20013K, capacity 20352K, committed 20736K, reserved 1067008K
  class space    used 2291K, capacity 2464K, committed 2560K, reserved 1048576K
}
2017-05-02T16:09:39.129+0200: 2,413: Total time for which application threads were stopped: 0,0111147 seconds, Stopping threads took: 0,0000489 seconds
2017-05-02T16:09:39.140+0200: 2,424: Total time for which application threads were stopped: 0,0003616 seconds, Stopping threads took: 0,0000532 seconds
2017-05-02T16:09:39.194+0200: 2,477: Total time for which application threads were stopped: 0,0032949 seconds, Stopping threads took: 0,0029804 seconds
2017-05-02T16:09:39.320+0200: 2,604: Total time for which application threads were stopped: 0,0001543 seconds, Stopping threads took: 0,0000474 seconds
{Heap before GC invocations=2 (full 0):
 par new generation   total 109248K, used 100743K [0x00000000e0000000, 0x00000000e8000000, 0x00000000e8000000)
  eden space 87424K, 100% used [0x00000000e0000000, 0x00000000e5560000, 0x00000000e5560000)
  from space 21824K,  61% used [0x00000000e5560000, 0x00000000e6261e50, 0x00000000e6ab0000)
  to   space 21824K,   0% used [0x00000000e6ab0000, 0x00000000e6ab0000, 0x00000000e8000000)
 concurrent mark-sweep generation total 393216K, used 0K [0x00000000e8000000, 0x0000000100000000, 0x0000000100000000)
 Metaspace       used 20951K, capacity 21338K, committed 21552K, reserved 1069056K
  class space    used 2420K, capacity 2583K, committed 2608K, reserved 1048576K
2017-05-02T16:09:39.336+0200: 2,619: [GC (Allocation Failure) 2017-05-02T16:09:39.336+0200: 2,619: [ParNew
Desired survivor size 20112992 bytes, new threshold 8 (max 8)
- age   1:    2158248 bytes,    2158248 total
- age   2:    1029880 bytes,    3188128 total
- age   3:    6467016 bytes,    9655144 total
: 100743K->11296K(109248K), 0,0106007 secs] 100743K->11296K(502464K), 0,0106883 secs] [Times: user=0,03 sys=0,01, real=0,01 secs] 
Heap after GC invocations=3 (full 0):
 par new generation   total 109248K, used 11296K [0x00000000e0000000, 0x00000000e8000000, 0x00000000e8000000)
  eden space 87424K,   0% used [0x00000000e0000000, 0x00000000e0000000, 0x00000000e5560000)
  from space 21824K,  51% used [0x00000000e6ab0000, 0x00000000e75b8180, 0x00000000e8000000)
  to   space 21824K,   0% used [0x00000000e5560000, 0x00000000e5560000, 0x00000000e6ab0000)
 concurrent mark-sweep generation total 393216K, used 0K [0x00000000e8000000, 0x0000000100000000, 0x0000000100000000)
 Metaspace       used 20951K, capacity 21338K, committed 21552K, reserved 1069056K
  class space    used 2420K, capacity 2583K, committed 2608K, reserved 1048576K
}
2017-05-02T16:09:39.346+0200: 2,630: Total time for which application threads were stopped: 0,0108803 seconds, Stopping threads took: 0,0000427 seconds
2017-05-02T16:09:39.347+0200: 2,631: [GC (CMS Initial Mark) [1 CMS-initial-mark: 0K(393216K)] 11969K(502464K), 0,0035384 secs] [Times: user=0,01 sys=0,00, real=0,01 secs] 
2017-05-02T16:09:39.351+0200: 2,634: Total time for which application threads were stopped: 0,0036879 seconds, Stopping threads took: 0,0000464 seconds
2017-05-02T16:09:39.351+0200: 2,634: [CMS-concurrent-mark-start]
2017-05-02T16:09:39.352+0200: 2,635: [CMS-concurrent-mark: 0,001/0,001 secs] [Times: user=0,01 sys=0,00, real=0,00 secs] 
2017-05-02T16:09:39.352+0200: 2,635: [CMS-concurrent-preclean-start]
2017-05-02T16:09:39.353+0200: 2,636: [CMS-concurrent-preclean: 0,001/0,001 secs] [Times: user=0,00 sys=0,00, real=0,00 secs] 
2017-05-02T16:09:39.353+0200: 2,636: [CMS-concurrent-abortable-preclean-start]
{Heap before GC invocations=3 (full 1):
 par new generation   total 109248K, used 98720K [0x00000000e0000000, 0x00000000e8000000, 0x00000000e8000000)
  eden space 87424K, 100% used [0x00000000e0000000, 0x00000000e5560000, 0x00000000e5560000)
  from space 21824K,  51% used [0x00000000e6ab0000, 0x00000000e75b8180, 0x00000000e8000000)
  to   space 21824K,   0% used [0x00000000e5560000, 0x00000000e5560000, 0x00000000e6ab0000)
 concurrent mark-sweep generation total 393216K, used 0K [0x00000000e8000000, 0x0000000100000000, 0x0000000100000000)
 Metaspace       used 21205K, capacity 21544K, committed 21628K, reserved 1069056K
  class space    used 2443K, capacity 2597K, committed 2608K, reserved 1048576K
2017-05-02T16:09:39.462+0200: 2,745: [GC (Allocation Failure) 2017-05-02T16:09:39.462+0200: 2,745: [ParNew
Desired survivor size 20112992 bytes, new threshold 8 (max 8)
- age   1:    1363592 bytes,    1363592 total
- age   2:    1468608 bytes,    2832200 total
- age   3:     998440 bytes,    3830640 total
- age   4:    6465336 bytes,   10295976 total
: 98720K->14846K(109248K), 0,0134385 secs] 98720K->14846K(502464K), 0,0135107 secs] [Times: user=0,04 sys=0,00, real=0,02 secs] 
Heap after GC invocations=4 (full 1):
 par new generation   total 109248K, used 14846K [0x00000000e0000000, 0x00000000e8000000, 0x00000000e8000000)
  eden space 87424K,   0% used [0x00000000e0000000, 0x00000000e0000000, 0x00000000e5560000)
  from space 21824K,  68% used [0x00000000e5560000, 0x00000000e63df8f0, 0x00000000e6ab0000)
  to   space 21824K,   0% used [0x00000000e6ab0000, 0x00000000e6ab0000, 0x00000000e8000000)
 concurrent mark-sweep generation total 393216K, used 0K [0x00000000e8000000, 0x0000000100000000, 0x0000000100000000)
 Metaspace       used 21205K, capacity 21544K, committed 21628K, reserved 1069056K
  class space    used 2443K, capacity 2597K, committed 2608K, reserved 1048576K
}
2017-05-02T16:09:39.475+0200: 2,759: Total time for which application threads were stopped: 0,0138045 seconds, Stopping threads took: 0,0001269 seconds
2017-05-02T16:09:39.475+0200: 2,759: [CMS-concurrent-abortable-preclean: 0,070/0,123 secs] [Times: user=0,44 sys=0,00, real=0,12 secs] 
2017-05-02T16:09:39.475+0200: 2,759: [GC (CMS Final Remark) [YG occupancy: 16156 K (109248 K)]{Heap before GC invocations=4 (full 1):
 par new generation   total 109248K, used 16156K [0x00000000e0000000, 0x00000000e8000000, 0x00000000e8000000)
  eden space 87424K,   1% used [0x00000000e0000000, 0x00000000e01477f8, 0x00000000e5560000)
  from space 21824K,  68% used [0x00000000e5560000, 0x00000000e63df8f0, 0x00000000e6ab0000)
  to   space 21824K,   0% used [0x00000000e6ab0000, 0x00000000e6ab0000, 0x00000000e8000000)
 concurrent mark-sweep generation total 393216K, used 0K [0x00000000e8000000, 0x0000000100000000, 0x0000000100000000)
 Metaspace       used 21205K, capacity 21544K, committed 21628K, reserved 1069056K
  class space    used 2443K, capacity 2597K, committed 2608K, reserved 1048576K
2017-05-02T16:09:39.475+0200: 2,759: [GC (CMS Final Remark) 2017-05-02T16:09:39.475+0200: 2,759: [ParNew
Desired survivor size 20112992 bytes, new threshold 8 (max 8)
- age   1:      33496 bytes,      33496 total
- age   2:    1308272 bytes,    1341768 total
- age   3:    1468608 bytes,    2810376 total
- age   4:     998464 bytes,    3808840 total
- age   5:    6465336 bytes,   10274176 total
: 16156K->13255K(109248K), 0,0094558 secs] 16156K->13255K(502464K), 0,0094960 secs] [Times: user=0,03 sys=0,00, real=0,01 secs] 
Heap after GC invocations=5 (full 1):
 par new generation   total 109248K, used 13255K [0x00000000e0000000, 0x00000000e8000000, 0x00000000e8000000)
  eden space 87424K,   0% used [0x00000000e0000000, 0x00000000e0000000, 0x00000000e5560000)
  from space 21824K,  60% used [0x00000000e6ab0000, 0x00000000e77a1e60, 0x00000000e8000000)
  to   space 21824K,   0% used [0x00000000e5560000, 0x00000000e5560000, 0x00000000e6ab0000)
 concurrent mark-sweep generation total 393216K, used 0K [0x00000000e8000000, 0x0000000100000000, 0x0000000100000000)
 Metaspace       used 21205K, capacity 21544K, committed 21628K, reserved 1069056K
  class space    used 2443K, capacity 2597K, committed 2608K, reserved 1048576K
}
2017-05-02T16:09:39.485+0200: 2,768: [Rescan (parallel) , 0,0034348 secs]2017-05-02T16:09:39.488+0200: 2,772: [weak refs processing, 0,0005723 secs]2017-05-02T16:09:39.489+0200: 2,773: [class unloading, 0,0028896 secs]2017-05-02T16:09:39.492+0200: 2,775: [scrub symbol table, 0,0026409 secs]2017-05-02T16:09:39.495+0200: 2,778: [scrub string table, 0,0003752 secs][1 CMS-remark: 0K(393216K)] 13255K(502464K), 0,0200389 secs] [Times: user=0,05 sys=0,00, real=0,02 secs] 
2017-05-02T16:09:39.495+0200: 2,779: Total time for which application threads were stopped: 0,0201478 seconds, Stopping threads took: 0,0000359 seconds
2017-05-02T16:09:39.496+0200: 2,779: [CMS-concurrent-sweep-start]
2017-05-02T16:09:39.496+0200: 2,779: [CMS-concurrent-sweep: 0,000/0,000 secs] [Times: user=0,00 sys=0,00, real=0,00 secs] 
2017-05-02T16:09:39.496+0200: 2,779: [CMS-concurrent-reset-start]
2017-05-02T16:09:39.497+0200: 2,781: [CMS-concurrent-reset: 0,002/0,002 secs] [Times: user=0,00 sys=0,00, real=0,00 secs] 
{Heap before GC invocations=5 (full 1):
 par new generation   total 109248K, used 100679K [0x00000000e0000000, 0x00000000e8000000, 0x00000000e8000000)
  eden space 87424K, 100% used [0x00000000e0000000, 0x00000000e5560000, 0x00000000e5560000)
  from space 21824K,  60% used [0x00000000e6ab0000, 0x00000000e77a1e60, 0x00000000e8000000)
  to   space 21824K,   0% used [0x00000000e5560000, 0x00000000e5560000, 0x00000000e6ab0000)
 concurrent mark-sweep generation total 393216K, used 0K [0x00000000e8000000, 0x0000000100000000, 0x0000000100000000)
 Metaspace       used 21328K, capacity 21710K, committed 22012K, reserved 1069056K
  class space    used 2461K, capacity 2630K, committed 2736K, reserved 1048576K
2017-05-02T16:09:39.589+0200: 2,873: [GC (Allocation Failure) 2017-05-02T16:09:39.589+0200: 2,873: [ParNew
Desired survivor size 20112992 bytes, new threshold 8 (max 8)
- age   1:    1222576 bytes,    1222576 total
- age   2:        384 bytes,    1222960 total
- age   3:     171392 bytes,    1394352 total
- age   4:    1468312 bytes,    2862664 total
- age   5:     996456 bytes,    3859120 total
- age   6:    6465456 bytes,   10324576 total
: 100679K->11779K(109248K), 0,0114474 secs] 100679K->11779K(502464K), 0,0115433 secs] [Times: user=0,04 sys=0,00, real=0,01 secs] 
Heap after GC invocations=6 (full 1):
 par new generation   total 109248K, used 11779K [0x00000000e0000000, 0x00000000e8000000, 0x00000000e8000000)
  eden space 87424K,   0% used [0x00000000e0000000, 0x00000000e0000000, 0x00000000e5560000)
  from space 21824K,  53% used [0x00000000e5560000, 0x00000000e60e0e18, 0x00000000e6ab0000)
  to   space 21824K,   0% used [0x00000000e6ab0000, 0x00000000e6ab0000, 0x00000000e8000000)
 concurrent mark-sweep generation total 393216K, used 0K [0x00000000e8000000, 0x0000000100000000, 0x0000000100000000)
 Metaspace       used 21328K, capacity 21710K, committed 22012K, reserved 1069056K
  class space    used 2461K, capacity 2630K, committed 2736K, reserved 1048576K
}
2017-05-02T16:09:39.601+0200: 2,884: Total time for which application threads were stopped: 0,0130709 seconds, Stopping threads took: 0,0013346 seconds
2017-05-02T16:09:39.649+0200: 2,933: Total time for which application threads were stopped: 0,0004022 seconds, Stopping threads took: 0,0000242 seconds
2017-05-02T16:09:39.903+0200: 3,187: Total time for which application threads were stopped: 0,0006002 seconds, Stopping threads took: 0,0000501 seconds
2017-05-02T16:09:39.923+0200: 3,206: Total time for which application threads were stopped: 0,0004061 seconds, Stopping threads took: 0,0000557 seconds
{Heap before GC invocations=6 (full 1):
 par new generation   total 109248K, used 99203K [0x00000000e0000000, 0x00000000e8000000, 0x00000000e8000000)
  eden space 87424K, 100% used [0x00000000e0000000, 0x00000000e5560000, 0x00000000e5560000)
  from space 21824K,  53% used [0x00000000e5560000, 0x00000000e60e0e18, 0x00000000e6ab0000)
  to   space 21824K,   0% used [0x00000000e6ab0000, 0x00000000e6ab0000, 0x00000000e8000000)
 concurrent mark-sweep generation total 393216K, used 0K [0x00000000e8000000, 0x0000000100000000, 0x0000000100000000)
 Metaspace       used 23743K, capacity 24210K, committed 24496K, reserved 1071104K
  class space    used 2794K, capacity 2972K, committed 2992K, reserved 1048576K
2017-05-02T16:09:40.078+0200: 3,362: [GC (Allocation Failure) 2017-05-02T16:09:40.078+0200: 3,362: [ParNew
Desired survivor size 20112992 bytes, new threshold 8 (max 8)
- age   1:    5022664 bytes,    5022664 total
- age   2:     112040 bytes,    5134704 total
- age   3:        384 bytes,    5135088 total
- age   4:     169864 bytes,    5304952 total
- age   5:     298544 bytes,    5603496 total
- age   6:     970136 bytes,    6573632 total
- age   7:    6457392 bytes,   13031024 total
: 99203K->17741K(109248K), 0,0166729 secs] 99203K->17741K(502464K), 0,0167462 secs] [Times: user=0,06 sys=0,00, real=0,02 secs] 
Heap after GC invocations=7 (full 1):
 par new generation   total 109248K, used 17741K [0x00000000e0000000, 0x00000000e8000000, 0x00000000e8000000)
  eden space 87424K,   0% used [0x00000000e0000000, 0x00000000e0000000, 0x00000000e5560000)
  from space 21824K,  81% used [0x00000000e6ab0000, 0x00000000e7c03580, 0x00000000e8000000)
  to   space 21824K,   0% used [0x00000000e5560000, 0x00000000e5560000, 0x00000000e6ab0000)
 concurrent mark-sweep generation total 393216K, used 0K [0x00000000e8000000, 0x0000000100000000, 0x0000000100000000)
 Metaspace       used 23743K, capacity 24210K, committed 24496K, reserved 1071104K
  class space    used 2794K, capacity 2972K, committed 2992K, reserved 1048576K
}
2017-05-02T16:09:40.095+0200: 3,379: Total time for which application threads were stopped: 0,0169881 seconds, Stopping threads took: 0,0000253 seconds
{Heap before GC invocations=7 (full 1):
 par new generation   total 109248K, used 105165K [0x00000000e0000000, 0x00000000e8000000, 0x00000000e8000000)
  eden space 87424K, 100% used [0x00000000e0000000, 0x00000000e5560000, 0x00000000e5560000)
  from space 21824K,  81% used [0x00000000e6ab0000, 0x00000000e7c03580, 0x00000000e8000000)
  to   space 21824K,   0% used [0x00000000e5560000, 0x00000000e5560000, 0x00000000e6ab0000)
 concurrent mark-sweep generation total 393216K, used 0K [0x00000000e8000000, 0x0000000100000000, 0x0000000100000000)
 Metaspace       used 24527K, capacity 25016K, committed 25136K, reserved 1071104K
  class space    used 2872K, capacity 3069K, committed 3120K, reserved 1048576K
2017-05-02T16:09:40.200+0200: 3,484: [GC (Allocation Failure) 2017-05-02T16:09:40.200+0200: 3,484: [ParNew
Desired survivor size 20112992 bytes, new threshold 8 (max 8)
- age   1:    2543136 bytes,    2543136 total
- age   2:    1770848 bytes,    4313984 total
- age   3:      48296 bytes,    4362280 total
- age   4:        384 bytes,    4362664 total
- age   5:      94400 bytes,    4457064 total
- age   6:     191512 bytes,    4648576 total
- age   7:     868592 bytes,    5517168 total
- age   8:    5990040 bytes,   11507208 total
: 105165K->13979K(109248K), 0,0105173 secs] 105165K->13979K(502464K), 0,0105951 secs] [Times: user=0,03 sys=0,00, real=0,02 secs] 
Heap after GC invocations=8 (full 1):
 par new generation   total 109248K, used 13979K [0x00000000e0000000, 0x00000000e8000000, 0x00000000e8000000)
  eden space 87424K,   0% used [0x00000000e0000000, 0x00000000e0000000, 0x00000000e5560000)
  from space 21824K,  64% used [0x00000000e5560000, 0x00000000e6306e00, 0x00000000e6ab0000)
  to   space 21824K,   0% used [0x00000000e6ab0000, 0x00000000e6ab0000, 0x00000000e8000000)
 concurrent mark-sweep generation total 393216K, used 0K [0x00000000e8000000, 0x0000000100000000, 0x0000000100000000)
 Metaspace       used 24527K, capacity 25016K, committed 25136K, reserved 1071104K
  class space    used 2872K, capacity 3069K, committed 3120K, reserved 1048576K
}
2017-05-02T16:09:40.211+0200: 3,494: Total time for which application threads were stopped: 0,0108433 seconds, Stopping threads took: 0,0000825 seconds
{Heap before GC invocations=8 (full 1):
 par new generation   total 109248K, used 101403K [0x00000000e0000000, 0x00000000e8000000, 0x00000000e8000000)
  eden space 87424K, 100% used [0x00000000e0000000, 0x00000000e5560000, 0x00000000e5560000)
  from space 21824K,  64% used [0x00000000e5560000, 0x00000000e6306e00, 0x00000000e6ab0000)
  to   space 21824K,   0% used [0x00000000e6ab0000, 0x00000000e6ab0000, 0x00000000e8000000)
 concurrent mark-sweep generation total 393216K, used 0K [0x00000000e8000000, 0x0000000100000000, 0x0000000100000000)
 Metaspace       used 24926K, capacity 25362K, committed 25648K, reserved 1071104K
  class space    used 2904K, capacity 3074K, committed 3120K, reserved 1048576K
2017-05-02T16:09:40.296+0200: 3,579: [GC (Allocation Failure) 2017-05-02T16:09:40.296+0200: 3,579: [ParNew
Desired survivor size 20112992 bytes, new threshold 8 (max 8)
- age   1:     860936 bytes,     860936 total
- age   2:    1090672 bytes,    1951608 total
- age   3:    1748088 bytes,    3699696 total
- age   4:      48296 bytes,    3747992 total
- age   5:        384 bytes,    3748376 total
- age   6:      94296 bytes,    3842672 total
- age   7:     191176 bytes,    4033848 total
- age   8:     868592 bytes,    4902440 total
: 101403K->10175K(109248K), 0,0271871 secs] 101403K->16107K(502464K), 0,0272605 secs] [Times: user=0,10 sys=0,00, real=0,03 secs] 
Heap after GC invocations=9 (full 1):
 par new generation   total 109248K, used 10175K [0x00000000e0000000, 0x00000000e8000000, 0x00000000e8000000)
  eden space 87424K,   0% used [0x00000000e0000000, 0x00000000e0000000, 0x00000000e5560000)
  from space 21824K,  46% used [0x00000000e6ab0000, 0x00000000e749fe40, 0x00000000e8000000)
  to   space 21824K,   0% used [0x00000000e5560000, 0x00000000e5560000, 0x00000000e6ab0000)
 concurrent mark-sweep generation total 393216K, used 5932K [0x00000000e8000000, 0x0000000100000000, 0x0000000100000000)
 Metaspace       used 24926K, capacity 25362K, committed 25648K, reserved 1071104K
  class space    used 2904K, capacity 3074K, committed 3120K, reserved 1048576K
}
2017-05-02T16:09:40.323+0200: 3,607: Total time for which application threads were stopped: 0,0274897 seconds, Stopping threads took: 0,0000896 seconds
2017-05-02T16:09:40.582+0200: 3,865: Total time for which application threads were stopped: 0,0004839 seconds, Stopping threads took: 0,0000261 seconds
2017-05-02T16:09:40.599+0200: 3,883: Total time for which application threads were stopped: 0,0003973 seconds, Stopping threads took: 0,0000236 seconds
2017-05-02T16:09:40.656+0200: 3,939: Total time for which application threads were stopped: 0,0005084 seconds, Stopping threads took: 0,0000515 seconds
2017-05-02T16:09:40.765+0200: 4,048: Total time for which application threads were stopped: 0,0003988 seconds, Stopping threads took: 0,0000932 seconds
2017-05-02T16:09:40.772+0200: 4,056: Total time for which application threads were stopped: 0,0001304 seconds, Stopping threads took: 0,0000438 seconds
2017-05-02T16:09:40.773+0200: 4,056: Total time for which application threads were stopped: 0,0001130 seconds, Stopping threads took: 0,0000412 seconds
2017-05-02T16:09:40.775+0200: 4,058: Total time for which application threads were stopped: 0,0008751 seconds, Stopping threads took: 0,0008077 seconds
2017-05-02T16:09:40.775+0200: 4,059: Total time for which application threads were stopped: 0,0000617 seconds, Stopping threads took: 0,0000223 seconds
2017-05-02T16:09:40.776+0200: 4,059: Total time for which application threads were stopped: 0,0003590 seconds, Stopping threads took: 0,0000120 seconds
2017-05-02T16:09:40.779+0200: 4,063: Total time for which application threads were stopped: 0,0001368 seconds, Stopping threads took: 0,0000716 seconds
2017-05-02T16:09:40.780+0200: 4,064: Total time for which application threads were stopped: 0,0000956 seconds, Stopping threads took: 0,0000281 seconds
2017-05-02T16:09:40.780+0200: 4,064: Total time for which application threads were stopped: 0,0000796 seconds, Stopping threads took: 0,0000251 seconds
2017-05-02T16:09:40.781+0200: 4,064: Total time for which application threads were stopped: 0,0000991 seconds, Stopping threads took: 0,0000320 seconds
2017-05-02T16:09:40.782+0200: 4,065: Total time for which application threads were stopped: 0,0000967 seconds, Stopping threads took: 0,0000286 seconds
2017-05-02T16:09:40.782+0200: 4,066: Total time for which application threads were stopped: 0,0001024 seconds, Stopping threads took: 0,0000311 seconds
2017-05-02T16:09:40.785+0200: 4,068: Total time for which application threads were stopped: 0,0001677 seconds, Stopping threads took: 0,0001070 seconds
2017-05-02T16:09:40.785+0200: 4,069: Total time for which application threads were stopped: 0,0001063 seconds, Stopping threads took: 0,0000315 seconds
2017-05-02T16:09:40.786+0200: 4,070: Total time for which application threads were stopped: 0,0005121 seconds, Stopping threads took: 0,0004567 seconds
2017-05-02T16:09:40.794+0200: 4,077: Total time for which application threads were stopped: 0,0001100 seconds, Stopping threads took: 0,0000385 seconds
2017-05-02T16:09:40.796+0200: 4,080: Total time for which application threads were stopped: 0,0001237 seconds, Stopping threads took: 0,0000395 seconds
2017-05-02T16:09:40.797+0200: 4,081: Total time for which application threads were stopped: 0,0001156 seconds, Stopping threads took: 0,0000331 seconds
2017-05-02T16:09:40.805+0200: 4,088: Total time for which application threads were stopped: 0,0001174 seconds, Stopping threads took: 0,0000403 seconds
2017-05-02T16:09:40.810+0200: 4,094: Total time for which application threads were stopped: 0,0043020 seconds, Stopping threads took: 0,0042189 seconds
2017-05-02T16:09:41.811+0200: 5,094: Total time for which application threads were stopped: 0,0000818 seconds, Stopping threads took: 0,0000170 seconds
2017-05-02T16:09:42.811+0200: 6,094: Total time for which application threads were stopped: 0,0000684 seconds, Stopping threads took: 0,0000184 seconds
2017-05-02T16:09:57.812+0200: 21,096: Total time for which application threads were stopped: 0,0000611 seconds, Stopping threads took: 0,0000151 seconds
2017-05-02T16:10:09.229+0200: 32,097: Total time for which application threads were stopped: 0,0000634 seconds, Stopping threads took: 0,0000151 seconds
2017-05-02T16:10:59.235+0200: 82,104: Total time for which application threads were stopped: 0,0000630 seconds, Stopping threads took: 0,0000176 seconds
2017-05-02T16:11:39.240+0200: 122,108: Total time for which application threads were stopped: 0,0001533 seconds, Stopping threads took: 0,0000549 seconds
{Heap before GC invocations=9 (full 1):
 par new generation   total 109248K, used 97599K [0x00000000e0000000, 0x00000000e8000000, 0x00000000e8000000)
  eden space 87424K, 100% used [0x00000000e0000000, 0x00000000e5560000, 0x00000000e5560000)
  from space 21824K,  46% used [0x00000000e6ab0000, 0x00000000e749fe40, 0x00000000e8000000)
  to   space 21824K,   0% used [0x00000000e5560000, 0x00000000e5560000, 0x00000000e6ab0000)
 concurrent mark-sweep generation total 393216K, used 5932K [0x00000000e8000000, 0x0000000100000000, 0x0000000100000000)
 Metaspace       used 27941K, capacity 28474K, committed 28848K, reserved 1075200K
  class space    used 3208K, capacity 3382K, committed 3504K, reserved 1048576K
2017-05-02T16:12:33.167+0200: 176,035: [GC (Allocation Failure) 2017-05-02T16:12:33.167+0200: 176,035: [ParNew
Desired survivor size 20112992 bytes, new threshold 8 (max 8)
- age   1:   10684200 bytes,   10684200 total
- age   2:     225040 bytes,   10909240 total
- age   3:     306616 bytes,   11215856 total
- age   4:    1743336 bytes,   12959192 total
- age   5:      48296 bytes,   13007488 total
- age   6:        384 bytes,   13007872 total
- age   7:      94168 bytes,   13102040 total
- age   8:     191080 bytes,   13293120 total
: 97599K->14477K(109248K), 0,0289816 secs] 103531K->21368K(502464K), 0,0290730 secs] [Times: user=0,05 sys=0,00, real=0,02 secs] 
Heap after GC invocations=10 (full 1):
 par new generation   total 109248K, used 14477K [0x00000000e0000000, 0x00000000e8000000, 0x00000000e8000000)
  eden space 87424K,   0% used [0x00000000e0000000, 0x00000000e0000000, 0x00000000e5560000)
  from space 21824K,  66% used [0x00000000e5560000, 0x00000000e6383590, 0x00000000e6ab0000)
  to   space 21824K,   0% used [0x00000000e6ab0000, 0x00000000e6ab0000, 0x00000000e8000000)
 concurrent mark-sweep generation total 393216K, used 6890K [0x00000000e8000000, 0x0000000100000000, 0x0000000100000000)
 Metaspace       used 27941K, capacity 28474K, committed 28848K, reserved 1075200K
  class space    used 3208K, capacity 3382K, committed 3504K, reserved 1048576K
}
2017-05-02T16:12:33.196+0200: 176,064: Total time for which application threads were stopped: 0,0292844 seconds, Stopping threads took: 0,0000421 seconds
2017-05-02T16:12:39.197+0200: 182,065: Total time for which application threads were stopped: 0,0000773 seconds, Stopping threads took: 0,0000195 seconds
2017-05-02T16:12:43.198+0200: 186,066: Total time for which application threads were stopped: 0,0008508 seconds, Stopping threads took: 0,0004193 seconds
2017-05-02T16:14:14.208+0200: 277,076: Total time for which application threads were stopped: 0,0000973 seconds, Stopping threads took: 0,0000387 seconds
2017-05-02T16:33:08.334+0200: 1411,202: Total time for which application threads were stopped: 0,0000866 seconds, Stopping threads took: 0,0000331 seconds
2017-05-02T16:37:53.362+0200: 1696,231: Total time for which application threads were stopped: 0,0000823 seconds, Stopping threads took: 0,0000330 seconds
2017-05-02T16:47:58.448+0200: 2301,317: Total time for which application threads were stopped: 0,0001023 seconds, Stopping threads took: 0,0000370 seconds
2017-05-02T16:47:59.448+0200: 2302,317: Total time for which application threads were stopped: 0,0000665 seconds, Stopping threads took: 0,0000138 seconds
2017-05-02T17:02:54.534+0200: 3197,403: Total time for which application threads were stopped: 0,0001336 seconds, Stopping threads took: 0,0000436 seconds
2017-05-02T17:14:08.600+0200: 3871,469: Total time for which application threads were stopped: 0,0001061 seconds, Stopping threads took: 0,0000369 seconds
2017-05-02T17:15:38.610+0200: 3961,479: Total time for which application threads were stopped: 0,0005080 seconds, Stopping threads took: 0,0001702 seconds
2017-05-02T17:27:59.717+0200: 4702,586: Total time for which application threads were stopped: 0,0001646 seconds, Stopping threads took: 0,0000631 seconds
2017-05-02T17:28:14.719+0200: 4717,587: Total time for which application threads were stopped: 0,0001670 seconds, Stopping threads took: 0,0000613 seconds
2017-05-02T17:53:59.900+0200: 6262,768: Total time for which application threads were stopped: 0,0000991 seconds, Stopping threads took: 0,0000354 seconds
2017-05-02T18:01:39.947+0200: 6722,816: Total time for which application threads were stopped: 0,0000804 seconds, Stopping threads took: 0,0000311 seconds
2017-05-02T18:10:39.018+0200: 7261,887: Total time for which application threads were stopped: 0,0001661 seconds, Stopping threads took: 0,0000604 seconds
2017-05-02T18:11:39.027+0200: 7321,896: Total time for which application threads were stopped: 0,0000894 seconds, Stopping threads took: 0,0000286 seconds
2017-05-02T18:13:04.151+0200: 7407,019: Total time for which application threads were stopped: 0,0014423 seconds, Stopping threads took: 0,0013050 seconds
2017-05-02T18:13:04.168+0200: 7407,037: Total time for which application threads were stopped: 0,0056422 seconds, Stopping threads took: 0,0054920 seconds
2017-05-02T18:13:04.188+0200: 7407,056: Total time for which application threads were stopped: 0,0009497 seconds, Stopping threads took: 0,0008503 seconds
2017-05-02T18:13:04.211+0200: 7407,080: Total time for which application threads were stopped: 0,0001576 seconds, Stopping threads took: 0,0000296 seconds
Heap
 par new generation   total 109248K, used 36244K [0x00000000e0000000, 0x00000000e8000000, 0x00000000e8000000)
  eden space 87424K,  24% used [0x00000000e0000000, 0x00000000e1541d10, 0x00000000e5560000)
  from space 21824K,  66% used [0x00000000e5560000, 0x00000000e6383590, 0x00000000e6ab0000)
  to   space 21824K,   0% used [0x00000000e6ab0000, 0x00000000e6ab0000, 0x00000000e8000000)
 concurrent mark-sweep generation total 393216K, used 6890K [0x00000000e8000000, 0x0000000100000000, 0x0000000100000000)
 Metaspace       used 28070K, capacity 28578K, committed 28848K, reserved 1075200K
  class space    used 3222K, capacity 3416K, committed 3504K, reserved 1048576K
