OpenJDK 64-Bit Server VM (25.121-b13) for linux-amd64 JRE (1.8.0_121-8u121-b13-0ubuntu1.16.04.2-b13), built on Jan 23 2017 15:51:29 by "buildd" with gcc 5.4.0 20160609
Memory: 4k page, physical 7867800k(7503504k free), swap 8076284k(8076284k free)
CommandLine flags: -XX:CMSInitiatingOccupancyFraction=50 -XX:CMSMaxAbortablePrecleanTime=6000 -XX:+CMSParallelRemarkEnabled -XX:+CMSScavengeBeforeRemark -XX:ConcGCThreads=4 -XX:InitialHeapSize=536870912 -XX:MaxHeapSize=536870912 -XX:MaxTenuringThreshold=8 -XX:NewRatio=3 -XX:OldPLABSize=16 -XX:OnOutOfMemoryError=/opt/solr/bin/oom_solr.sh 8983 /var/solr/logs -XX:ParallelGCThreads=4 -XX:+ParallelRefProcEnabled -XX:PretenureSizeThreshold=67108864 -XX:+PrintGC -XX:+PrintGCApplicationStoppedTime -XX:+PrintGCDateStamps -XX:+PrintGCDetails -XX:+PrintGCTimeStamps -XX:+PrintHeapAtGC -XX:+PrintTenuringDistribution -XX:SurvivorRatio=4 -XX:TargetSurvivorRatio=90 -XX:ThreadStackSize=256 -XX:+UseCMSInitiatingOccupancyOnly -XX:+UseCompressedClassPointers -XX:+UseCompressedOops -XX:+UseConcMarkSweepGC -XX:+UseParNewGC 
2017-02-18T01:23:14.782+0100: 0,152: Total time for which application threads were stopped: 0,0000758 seconds, Stopping threads took: 0,0000124 seconds
2017-02-18T01:23:14.872+0100: 0,241: Total time for which application threads were stopped: 0,0001227 seconds, Stopping threads took: 0,0000215 seconds
2017-02-18T01:23:14.886+0100: 0,256: Total time for which application threads were stopped: 0,0000819 seconds, Stopping threads took: 0,0000161 seconds
2017-02-18T01:23:15.254+0100: 0,624: Total time for which application threads were stopped: 0,0001316 seconds, Stopping threads took: 0,0000187 seconds
2017-02-18T01:23:15.604+0100: 0,974: Total time for which application threads were stopped: 0,0001709 seconds, Stopping threads took: 0,0000130 seconds
2017-02-18T01:23:15.691+0100: 1,061: Total time for which application threads were stopped: 0,0002086 seconds, Stopping threads took: 0,0000227 seconds
2017-02-18T01:23:15.722+0100: 1,092: Total time for which application threads were stopped: 0,0011516 seconds, Stopping threads took: 0,0001292 seconds
2017-02-18T01:23:15.977+0100: 1,346: Total time for which application threads were stopped: 0,0001860 seconds, Stopping threads took: 0,0000134 seconds
2017-02-18T01:23:16.174+0100: 1,543: Total time for which application threads were stopped: 0,0002373 seconds, Stopping threads took: 0,0000180 seconds
2017-02-18T01:23:16.198+0100: 1,568: Total time for which application threads were stopped: 0,0002469 seconds, Stopping threads took: 0,0000179 seconds
2017-02-18T01:23:16.237+0100: 1,606: Total time for which application threads were stopped: 0,0002660 seconds, Stopping threads took: 0,0000224 seconds
2017-02-18T01:23:16.239+0100: 1,609: Total time for which application threads were stopped: 0,0006173 seconds, Stopping threads took: 0,0000295 seconds
2017-02-18T01:23:16.261+0100: 1,631: Total time for which application threads were stopped: 0,0001773 seconds, Stopping threads took: 0,0000265 seconds
2017-02-18T01:23:16.332+0100: 1,702: Total time for which application threads were stopped: 0,0002405 seconds, Stopping threads took: 0,0000220 seconds
2017-02-18T01:23:16.482+0100: 1,852: Total time for which application threads were stopped: 0,0002832 seconds, Stopping threads took: 0,0000414 seconds
{Heap before GC invocations=0 (full 0):
 par new generation   total 109248K, used 87424K [0x00000000e0000000, 0x00000000e8000000, 0x00000000e8000000)
  eden space 87424K, 100% used [0x00000000e0000000, 0x00000000e5560000, 0x00000000e5560000)
  from space 21824K,   0% used [0x00000000e5560000, 0x00000000e5560000, 0x00000000e6ab0000)
  to   space 21824K,   0% used [0x00000000e6ab0000, 0x00000000e6ab0000, 0x00000000e8000000)
 concurrent mark-sweep generation total 393216K, used 0K [0x00000000e8000000, 0x0000000100000000, 0x0000000100000000)
 Metaspace       used 18207K, capacity 18464K, committed 18688K, reserved 1064960K
  class space    used 2058K, capacity 2196K, committed 2304K, reserved 1048576K
2017-02-18T01:23:16.579+0100: 1,949: [GC (Allocation Failure) 2017-02-18T01:23:16.579+0100: 1,949: [ParNew
Desired survivor size 20112992 bytes, new threshold 8 (max 8)
- age   1:   12811168 bytes,   12811168 total
: 87424K->12620K(109248K), 0,0162266 secs] 87424K->12620K(502464K), 0,0163153 secs] [Times: user=0,05 sys=0,01, real=0,02 secs] 
Heap after GC invocations=1 (full 0):
 par new generation   total 109248K, used 12620K [0x00000000e0000000, 0x00000000e8000000, 0x00000000e8000000)
  eden space 87424K,   0% used [0x00000000e0000000, 0x00000000e0000000, 0x00000000e5560000)
  from space 21824K,  57% used [0x00000000e6ab0000, 0x00000000e77032c0, 0x00000000e8000000)
  to   space 21824K,   0% used [0x00000000e5560000, 0x00000000e5560000, 0x00000000e6ab0000)
 concurrent mark-sweep generation total 393216K, used 0K [0x00000000e8000000, 0x0000000100000000, 0x0000000100000000)
 Metaspace       used 18207K, capacity 18464K, committed 18688K, reserved 1064960K
  class space    used 2058K, capacity 2196K, committed 2304K, reserved 1048576K
}
2017-02-18T01:23:16.596+0100: 1,965: Total time for which application threads were stopped: 0,0165291 seconds, Stopping threads took: 0,0000234 seconds
2017-02-18T01:23:16.874+0100: 2,244: Total time for which application threads were stopped: 0,0003600 seconds, Stopping threads took: 0,0000739 seconds
2017-02-18T01:23:16.904+0100: 2,274: Total time for which application threads were stopped: 0,0003444 seconds, Stopping threads took: 0,0000425 seconds
{Heap before GC invocations=1 (full 0):
 par new generation   total 109248K, used 100044K [0x00000000e0000000, 0x00000000e8000000, 0x00000000e8000000)
  eden space 87424K, 100% used [0x00000000e0000000, 0x00000000e5560000, 0x00000000e5560000)
  from space 21824K,  57% used [0x00000000e6ab0000, 0x00000000e77032c0, 0x00000000e8000000)
  to   space 21824K,   0% used [0x00000000e5560000, 0x00000000e5560000, 0x00000000e6ab0000)
 concurrent mark-sweep generation total 393216K, used 0K [0x00000000e8000000, 0x0000000100000000, 0x0000000100000000)
 Metaspace       used 20057K, capacity 20430K, committed 20736K, reserved 1067008K
  class space    used 2296K, capacity 2469K, committed 2560K, reserved 1048576K
2017-02-18T01:23:16.908+0100: 2,278: [GC (Allocation Failure) 2017-02-18T01:23:16.908+0100: 2,278: [ParNew
Desired survivor size 20112992 bytes, new threshold 8 (max 8)
- age   1:    3534608 bytes,    3534608 total
- age   2:    6686432 bytes,   10221040 total
: 100044K->15931K(109248K), 0,0099159 secs] 100044K->15931K(502464K), 0,0099797 secs] [Times: user=0,03 sys=0,00, real=0,01 secs] 
Heap after GC invocations=2 (full 0):
 par new generation   total 109248K, used 15931K [0x00000000e0000000, 0x00000000e8000000, 0x00000000e8000000)
  eden space 87424K,   0% used [0x00000000e0000000, 0x00000000e0000000, 0x00000000e5560000)
  from space 21824K,  72% used [0x00000000e5560000, 0x00000000e64eed80, 0x00000000e6ab0000)
  to   space 21824K,   0% used [0x00000000e6ab0000, 0x00000000e6ab0000, 0x00000000e8000000)
 concurrent mark-sweep generation total 393216K, used 0K [0x00000000e8000000, 0x0000000100000000, 0x0000000100000000)
 Metaspace       used 20057K, capacity 20430K, committed 20736K, reserved 1067008K
  class space    used 2296K, capacity 2469K, committed 2560K, reserved 1048576K
}
2017-02-18T01:23:16.918+0100: 2,288: Total time for which application threads were stopped: 0,0102136 seconds, Stopping threads took: 0,0001197 seconds
2017-02-18T01:23:16.939+0100: 2,308: Total time for which application threads were stopped: 0,0003604 seconds, Stopping threads took: 0,0000659 seconds
2017-02-18T01:23:17.100+0100: 2,470: Total time for which application threads were stopped: 0,0003174 seconds, Stopping threads took: 0,0001500 seconds
{Heap before GC invocations=2 (full 0):
 par new generation   total 109248K, used 103355K [0x00000000e0000000, 0x00000000e8000000, 0x00000000e8000000)
  eden space 87424K, 100% used [0x00000000e0000000, 0x00000000e5560000, 0x00000000e5560000)
  from space 21824K,  72% used [0x00000000e5560000, 0x00000000e64eed80, 0x00000000e6ab0000)
  to   space 21824K,   0% used [0x00000000e6ab0000, 0x00000000e6ab0000, 0x00000000e8000000)
 concurrent mark-sweep generation total 393216K, used 0K [0x00000000e8000000, 0x0000000100000000, 0x0000000100000000)
 Metaspace       used 20966K, capacity 21288K, committed 21628K, reserved 1069056K
  class space    used 2418K, capacity 2588K, committed 2684K, reserved 1048576K
2017-02-18T01:23:17.136+0100: 2,506: [GC (Allocation Failure) 2017-02-18T01:23:17.136+0100: 2,506: [ParNew
Desired survivor size 20112992 bytes, new threshold 8 (max 8)
- age   1:    2141704 bytes,    2141704 total
- age   2:     826608 bytes,    2968312 total
- age   3:    6682472 bytes,    9650784 total
: 103355K->10095K(109248K), 0,0095629 secs] 103355K->10095K(502464K), 0,0096415 secs] [Times: user=0,03 sys=0,00, real=0,01 secs] 
Heap after GC invocations=3 (full 0):
 par new generation   total 109248K, used 10095K [0x00000000e0000000, 0x00000000e8000000, 0x00000000e8000000)
  eden space 87424K,   0% used [0x00000000e0000000, 0x00000000e0000000, 0x00000000e5560000)
  from space 21824K,  46% used [0x00000000e6ab0000, 0x00000000e748bd08, 0x00000000e8000000)
  to   space 21824K,   0% used [0x00000000e5560000, 0x00000000e5560000, 0x00000000e6ab0000)
 concurrent mark-sweep generation total 393216K, used 0K [0x00000000e8000000, 0x0000000100000000, 0x0000000100000000)
 Metaspace       used 20966K, capacity 21288K, committed 21628K, reserved 1069056K
  class space    used 2418K, capacity 2588K, committed 2684K, reserved 1048576K
}
2017-02-18T01:23:17.146+0100: 2,516: Total time for which application threads were stopped: 0,0098765 seconds, Stopping threads took: 0,0000852 seconds
2017-02-18T01:23:17.146+0100: 2,516: [GC (CMS Initial Mark) [1 CMS-initial-mark: 0K(393216K)] 10127K(502464K), 0,0037825 secs] [Times: user=0,01 sys=0,00, real=0,00 secs] 
2017-02-18T01:23:17.150+0100: 2,520: Total time for which application threads were stopped: 0,0039158 seconds, Stopping threads took: 0,0000370 seconds
2017-02-18T01:23:17.150+0100: 2,520: [CMS-concurrent-mark-start]
2017-02-18T01:23:17.151+0100: 2,520: [CMS-concurrent-mark: 0,001/0,001 secs] [Times: user=0,00 sys=0,00, real=0,00 secs] 
2017-02-18T01:23:17.151+0100: 2,520: [CMS-concurrent-preclean-start]
2017-02-18T01:23:17.152+0100: 2,522: [CMS-concurrent-preclean: 0,001/0,001 secs] [Times: user=0,01 sys=0,00, real=0,00 secs] 
2017-02-18T01:23:17.152+0100: 2,522: [CMS-concurrent-abortable-preclean-start]
2017-02-18T01:23:17.202+0100: 2,572: Total time for which application threads were stopped: 0,0001207 seconds, Stopping threads took: 0,0000345 seconds
{Heap before GC invocations=3 (full 1):
 par new generation   total 109248K, used 97519K [0x00000000e0000000, 0x00000000e8000000, 0x00000000e8000000)
  eden space 87424K, 100% used [0x00000000e0000000, 0x00000000e5560000, 0x00000000e5560000)
  from space 21824K,  46% used [0x00000000e6ab0000, 0x00000000e748bd08, 0x00000000e8000000)
  to   space 21824K,   0% used [0x00000000e5560000, 0x00000000e5560000, 0x00000000e6ab0000)
 concurrent mark-sweep generation total 393216K, used 0K [0x00000000e8000000, 0x0000000100000000, 0x0000000100000000)
 Metaspace       used 21236K, capacity 21564K, committed 21884K, reserved 1069056K
  class space    used 2446K, capacity 2603K, committed 2684K, reserved 1048576K
2017-02-18T01:23:17.259+0100: 2,629: [GC (Allocation Failure) 2017-02-18T01:23:17.259+0100: 2,629: [ParNew
Desired survivor size 20112992 bytes, new threshold 8 (max 8)
- age   1:    1759504 bytes,    1759504 total
- age   2:    1453968 bytes,    3213472 total
- age   3:     797136 bytes,    4010608 total
- age   4:    6682648 bytes,   10693256 total
: 97519K->16380K(109248K), 0,0126485 secs] 97519K->16380K(502464K), 0,0127201 secs] [Times: user=0,05 sys=0,00, real=0,01 secs] 
Heap after GC invocations=4 (full 1):
 par new generation   total 109248K, used 16380K [0x00000000e0000000, 0x00000000e8000000, 0x00000000e8000000)
  eden space 87424K,   0% used [0x00000000e0000000, 0x00000000e0000000, 0x00000000e5560000)
  from space 21824K,  75% used [0x00000000e5560000, 0x00000000e655f140, 0x00000000e6ab0000)
  to   space 21824K,   0% used [0x00000000e6ab0000, 0x00000000e6ab0000, 0x00000000e8000000)
 concurrent mark-sweep generation total 393216K, used 0K [0x00000000e8000000, 0x0000000100000000, 0x0000000100000000)
 Metaspace       used 21236K, capacity 21564K, committed 21884K, reserved 1069056K
  class space    used 2446K, capacity 2603K, committed 2684K, reserved 1048576K
}
2017-02-18T01:23:17.272+0100: 2,642: Total time for which application threads were stopped: 0,0129195 seconds, Stopping threads took: 0,0000468 seconds
2017-02-18T01:23:17.272+0100: 2,642: [CMS-concurrent-abortable-preclean: 0,051/0,120 secs] [Times: user=0,45 sys=0,01, real=0,12 secs] 
2017-02-18T01:23:17.272+0100: 2,642: [GC (CMS Final Remark) [YG occupancy: 17021 K (109248 K)]{Heap before GC invocations=4 (full 1):
 par new generation   total 109248K, used 17021K [0x00000000e0000000, 0x00000000e8000000, 0x00000000e8000000)
  eden space 87424K,   0% used [0x00000000e0000000, 0x00000000e00a0468, 0x00000000e5560000)
  from space 21824K,  75% used [0x00000000e5560000, 0x00000000e655f140, 0x00000000e6ab0000)
  to   space 21824K,   0% used [0x00000000e6ab0000, 0x00000000e6ab0000, 0x00000000e8000000)
 concurrent mark-sweep generation total 393216K, used 0K [0x00000000e8000000, 0x0000000100000000, 0x0000000100000000)
 Metaspace       used 21236K, capacity 21564K, committed 21884K, reserved 1069056K
  class space    used 2446K, capacity 2603K, committed 2684K, reserved 1048576K
2017-02-18T01:23:17.272+0100: 2,642: [GC (CMS Final Remark) 2017-02-18T01:23:17.272+0100: 2,642: [ParNew
Desired survivor size 20112992 bytes, new threshold 8 (max 8)
- age   1:        560 bytes,        560 total
- age   2:    1612824 bytes,    1613384 total
- age   3:    1448720 bytes,    3062104 total
- age   4:     797136 bytes,    3859240 total
- age   5:    6682456 bytes,   10541696 total
: 17021K->12809K(109248K), 0,0099745 secs] 17021K->12809K(502464K), 0,0100076 secs] [Times: user=0,03 sys=0,00, real=0,01 secs] 
Heap after GC invocations=5 (full 1):
 par new generation   total 109248K, used 12809K [0x00000000e0000000, 0x00000000e8000000, 0x00000000e8000000)
  eden space 87424K,   0% used [0x00000000e0000000, 0x00000000e0000000, 0x00000000e5560000)
  from space 21824K,  58% used [0x00000000e6ab0000, 0x00000000e7732760, 0x00000000e8000000)
  to   space 21824K,   0% used [0x00000000e5560000, 0x00000000e5560000, 0x00000000e6ab0000)
 concurrent mark-sweep generation total 393216K, used 0K [0x00000000e8000000, 0x0000000100000000, 0x0000000100000000)
 Metaspace       used 21236K, capacity 21564K, committed 21884K, reserved 1069056K
  class space    used 2446K, capacity 2603K, committed 2684K, reserved 1048576K
}
2017-02-18T01:23:17.282+0100: 2,652: [Rescan (parallel) , 0,0037688 secs]2017-02-18T01:23:17.286+0100: 2,656: [weak refs processing, 0,0007631 secs]2017-02-18T01:23:17.287+0100: 2,656: [class unloading, 0,0028402 secs]2017-02-18T01:23:17.290+0100: 2,659: [scrub symbol table, 0,0033994 secs]2017-02-18T01:23:17.293+0100: 2,663: [scrub string table, 0,0003627 secs][1 CMS-remark: 0K(393216K)] 12809K(502464K), 0,0217822 secs] [Times: user=0,05 sys=0,00, real=0,03 secs] 
2017-02-18T01:23:17.294+0100: 2,664: Total time for which application threads were stopped: 0,0218826 seconds, Stopping threads took: 0,0000280 seconds
2017-02-18T01:23:17.294+0100: 2,664: [CMS-concurrent-sweep-start]
2017-02-18T01:23:17.294+0100: 2,664: [CMS-concurrent-sweep: 0,000/0,000 secs] [Times: user=0,00 sys=0,00, real=0,00 secs] 
2017-02-18T01:23:17.294+0100: 2,664: [CMS-concurrent-reset-start]
2017-02-18T01:23:17.296+0100: 2,666: [CMS-concurrent-reset: 0,002/0,002 secs] [Times: user=0,01 sys=0,00, real=0,00 secs] 
{Heap before GC invocations=5 (full 1):
 par new generation   total 109248K, used 100233K [0x00000000e0000000, 0x00000000e8000000, 0x00000000e8000000)
  eden space 87424K, 100% used [0x00000000e0000000, 0x00000000e5560000, 0x00000000e5560000)
  from space 21824K,  58% used [0x00000000e6ab0000, 0x00000000e7732760, 0x00000000e8000000)
  to   space 21824K,   0% used [0x00000000e5560000, 0x00000000e5560000, 0x00000000e6ab0000)
 concurrent mark-sweep generation total 393216K, used 0K [0x00000000e8000000, 0x0000000100000000, 0x0000000100000000)
 Metaspace       used 21383K, capacity 21800K, committed 21884K, reserved 1069056K
  class space    used 2467K, capacity 2637K, committed 2684K, reserved 1048576K
2017-02-18T01:23:17.383+0100: 2,753: [GC (Allocation Failure) 2017-02-18T01:23:17.383+0100: 2,753: [ParNew
Desired survivor size 20112992 bytes, new threshold 8 (max 8)
- age   1:     918952 bytes,     918952 total
- age   2:         32 bytes,     918984 total
- age   3:     179952 bytes,    1098936 total
- age   4:    1448184 bytes,    2547120 total
- age   5:     791312 bytes,    3338432 total
- age   6:    6682616 bytes,   10021048 total
: 100233K->15549K(109248K), 0,0104025 secs] 100233K->15549K(502464K), 0,0104934 secs] [Times: user=0,04 sys=0,00, real=0,01 secs] 
Heap after GC invocations=6 (full 1):
 par new generation   total 109248K, used 15549K [0x00000000e0000000, 0x00000000e8000000, 0x00000000e8000000)
  eden space 87424K,   0% used [0x00000000e0000000, 0x00000000e0000000, 0x00000000e5560000)
  from space 21824K,  71% used [0x00000000e5560000, 0x00000000e648f6b8, 0x00000000e6ab0000)
  to   space 21824K,   0% used [0x00000000e6ab0000, 0x00000000e6ab0000, 0x00000000e8000000)
 concurrent mark-sweep generation total 393216K, used 0K [0x00000000e8000000, 0x0000000100000000, 0x0000000100000000)
 Metaspace       used 21383K, capacity 21800K, committed 21884K, reserved 1069056K
  class space    used 2467K, capacity 2637K, committed 2684K, reserved 1048576K
}
2017-02-18T01:23:17.394+0100: 2,763: Total time for which application threads were stopped: 0,0107868 seconds, Stopping threads took: 0,0001034 seconds
2017-02-18T01:23:17.432+0100: 2,802: Total time for which application threads were stopped: 0,0003172 seconds, Stopping threads took: 0,0000236 seconds
2017-02-18T01:23:17.608+0100: 2,977: Total time for which application threads were stopped: 0,0004982 seconds, Stopping threads took: 0,0000632 seconds
2017-02-18T01:23:17.624+0100: 2,994: Total time for which application threads were stopped: 0,0004547 seconds, Stopping threads took: 0,0000459 seconds
{Heap before GC invocations=6 (full 1):
 par new generation   total 109248K, used 102973K [0x00000000e0000000, 0x00000000e8000000, 0x00000000e8000000)
  eden space 87424K, 100% used [0x00000000e0000000, 0x00000000e5560000, 0x00000000e5560000)
  from space 21824K,  71% used [0x00000000e5560000, 0x00000000e648f6b8, 0x00000000e6ab0000)
  to   space 21824K,   0% used [0x00000000e6ab0000, 0x00000000e6ab0000, 0x00000000e8000000)
 concurrent mark-sweep generation total 393216K, used 0K [0x00000000e8000000, 0x0000000100000000, 0x0000000100000000)
 Metaspace       used 24322K, capacity 24812K, committed 25084K, reserved 1071104K
  class space    used 2858K, capacity 3043K, committed 3068K, reserved 1048576K
2017-02-18T01:23:17.809+0100: 3,178: [GC (Allocation Failure) 2017-02-18T01:23:17.809+0100: 3,178: [ParNew
Desired survivor size 20112992 bytes, new threshold 8 (max 8)
- age   1:    5299176 bytes,    5299176 total
- age   2:     121072 bytes,    5420248 total
- age   3:         32 bytes,    5420280 total
- age   4:     178624 bytes,    5598904 total
- age   5:     278144 bytes,    5877048 total
- age   6:     767192 bytes,    6644240 total
- age   7:    6674992 bytes,   13319232 total
: 102973K->15170K(109248K), 0,0152995 secs] 102973K->15170K(502464K), 0,0153957 secs] [Times: user=0,05 sys=0,00, real=0,01 secs] 
Heap after GC invocations=7 (full 1):
 par new generation   total 109248K, used 15170K [0x00000000e0000000, 0x00000000e8000000, 0x00000000e8000000)
  eden space 87424K,   0% used [0x00000000e0000000, 0x00000000e0000000, 0x00000000e5560000)
  from space 21824K,  69% used [0x00000000e6ab0000, 0x00000000e7980a60, 0x00000000e8000000)
  to   space 21824K,   0% used [0x00000000e5560000, 0x00000000e5560000, 0x00000000e6ab0000)
 concurrent mark-sweep generation total 393216K, used 0K [0x00000000e8000000, 0x0000000100000000, 0x0000000100000000)
 Metaspace       used 24322K, capacity 24812K, committed 25084K, reserved 1071104K
  class space    used 2858K, capacity 3043K, committed 3068K, reserved 1048576K
}
2017-02-18T01:23:17.824+0100: 3,194: Total time for which application threads were stopped: 0,0161420 seconds, Stopping threads took: 0,0004697 seconds
{Heap before GC invocations=7 (full 1):
 par new generation   total 109248K, used 102594K [0x00000000e0000000, 0x00000000e8000000, 0x00000000e8000000)
  eden space 87424K, 100% used [0x00000000e0000000, 0x00000000e5560000, 0x00000000e5560000)
  from space 21824K,  69% used [0x00000000e6ab0000, 0x00000000e7980a60, 0x00000000e8000000)
  to   space 21824K,   0% used [0x00000000e5560000, 0x00000000e5560000, 0x00000000e6ab0000)
 concurrent mark-sweep generation total 393216K, used 0K [0x00000000e8000000, 0x0000000100000000, 0x0000000100000000)
 Metaspace       used 24939K, capacity 25378K, committed 25724K, reserved 1071104K
  class space    used 2908K, capacity 3079K, committed 3196K, reserved 1048576K
2017-02-18T01:23:17.963+0100: 3,333: [GC (Allocation Failure) 2017-02-18T01:23:17.963+0100: 3,333: [ParNew
Desired survivor size 20112992 bytes, new threshold 8 (max 8)
- age   1:    1382800 bytes,    1382800 total
- age   2:    2203464 bytes,    3586264 total
- age   3:      86544 bytes,    3672808 total
- age   5:     137120 bytes,    3809928 total
- age   6:     231760 bytes,    4041688 total
- age   7:     737696 bytes,    4779384 total
- age   8:    6408624 bytes,   11188008 total
: 102594K->16383K(109248K), 0,0106079 secs] 102594K->16383K(502464K), 0,0106790 secs] [Times: user=0,04 sys=0,00, real=0,02 secs] 
Heap after GC invocations=8 (full 1):
 par new generation   total 109248K, used 16383K [0x00000000e0000000, 0x00000000e8000000, 0x00000000e8000000)
  eden space 87424K,   0% used [0x00000000e0000000, 0x00000000e0000000, 0x00000000e5560000)
  from space 21824K,  75% used [0x00000000e5560000, 0x00000000e655fd80, 0x00000000e6ab0000)
  to   space 21824K,   0% used [0x00000000e6ab0000, 0x00000000e6ab0000, 0x00000000e8000000)
 concurrent mark-sweep generation total 393216K, used 0K [0x00000000e8000000, 0x0000000100000000, 0x0000000100000000)
 Metaspace       used 24939K, capacity 25378K, committed 25724K, reserved 1071104K
  class space    used 2908K, capacity 3079K, committed 3196K, reserved 1048576K
}
2017-02-18T01:23:17.974+0100: 3,344: Total time for which application threads were stopped: 0,0117927 seconds, Stopping threads took: 0,0009766 seconds
2017-02-18T01:23:18.072+0100: 3,441: Total time for which application threads were stopped: 0,0014014 seconds, Stopping threads took: 0,0010481 seconds
2017-02-18T01:23:18.118+0100: 3,488: Total time for which application threads were stopped: 0,0003694 seconds, Stopping threads took: 0,0000319 seconds
2017-02-18T01:23:18.174+0100: 3,544: Total time for which application threads were stopped: 0,0004443 seconds, Stopping threads took: 0,0000332 seconds
2017-02-18T01:23:18.190+0100: 3,560: Total time for which application threads were stopped: 0,0004422 seconds, Stopping threads took: 0,0000236 seconds
2017-02-18T01:23:18.258+0100: 3,628: Total time for which application threads were stopped: 0,0004128 seconds, Stopping threads took: 0,0000379 seconds
2017-02-18T01:23:18.685+0100: 4,055: Total time for which application threads were stopped: 0,0005818 seconds, Stopping threads took: 0,0000237 seconds
2017-02-18T01:24:06.692+0100: 52,061: Total time for which application threads were stopped: 0,0000841 seconds, Stopping threads took: 0,0000276 seconds
2017-02-18T01:25:11.210+0100: 117,070: Total time for which application threads were stopped: 0,0001025 seconds, Stopping threads took: 0,0000396 seconds
2017-02-18T01:25:16.211+0100: 122,070: Total time for which application threads were stopped: 0,0000726 seconds, Stopping threads took: 0,0000185 seconds
2017-02-18T01:27:36.228+0100: 262,087: Total time for which application threads were stopped: 0,0000936 seconds, Stopping threads took: 0,0000368 seconds
2017-02-18T01:34:01.273+0100: 647,132: Total time for which application threads were stopped: 0,0000794 seconds, Stopping threads took: 0,0000317 seconds
2017-02-18T01:39:16.310+0100: 962,169: Total time for which application threads were stopped: 0,0000918 seconds, Stopping threads took: 0,0000353 seconds
2017-02-18T01:39:21.310+0100: 967,170: Total time for which application threads were stopped: 0,0000644 seconds, Stopping threads took: 0,0000143 seconds
2017-02-18T01:44:46.349+0100: 1292,208: Total time for which application threads were stopped: 0,0000799 seconds, Stopping threads took: 0,0000296 seconds
2017-02-18T01:46:40.364+0100: 1406,223: Total time for which application threads were stopped: 0,0005005 seconds, Stopping threads took: 0,0001659 seconds
2017-02-18T01:52:00.405+0100: 1726,264: Total time for which application threads were stopped: 0,0000878 seconds, Stopping threads took: 0,0000305 seconds
2017-02-18T02:02:10.479+0100: 2336,339: Total time for which application threads were stopped: 0,0004877 seconds, Stopping threads took: 0,0001057 seconds
2017-02-18T02:02:11.480+0100: 2337,339: Total time for which application threads were stopped: 0,0001271 seconds, Stopping threads took: 0,0000280 seconds
2017-02-18T02:02:15.480+0100: 2341,340: Total time for which application threads were stopped: 0,0000831 seconds, Stopping threads took: 0,0000323 seconds
2017-02-18T02:05:46.512+0100: 2552,371: Total time for which application threads were stopped: 0,0000944 seconds, Stopping threads took: 0,0000358 seconds
2017-02-18T02:08:16.532+0100: 2702,392: Total time for which application threads were stopped: 0,0001181 seconds, Stopping threads took: 0,0000592 seconds
2017-02-18T02:08:20.533+0100: 2706,392: Total time for which application threads were stopped: 0,0001160 seconds, Stopping threads took: 0,0000244 seconds
2017-02-18T02:08:21.533+0100: 2707,393: Total time for which application threads were stopped: 0,0000633 seconds, Stopping threads took: 0,0000148 seconds
2017-02-18T02:11:20.557+0100: 2886,416: Total time for which application threads were stopped: 0,0000875 seconds, Stopping threads took: 0,0000310 seconds
2017-02-18T02:24:51.672+0100: 3697,531: Total time for which application threads were stopped: 0,0001991 seconds, Stopping threads took: 0,0000667 seconds
2017-02-18T02:26:55.692+0100: 3821,551: Total time for which application threads were stopped: 0,0001817 seconds, Stopping threads took: 0,0000648 seconds
2017-02-18T02:27:00.693+0100: 3826,552: Total time for which application threads were stopped: 0,0000709 seconds, Stopping threads took: 0,0000163 seconds
2017-02-18T02:53:31.957+0100: 5417,817: Total time for which application threads were stopped: 0,0001138 seconds, Stopping threads took: 0,0000412 seconds
2017-02-18T02:53:41.959+0100: 5427,818: Total time for which application threads were stopped: 0,0001739 seconds, Stopping threads took: 0,0000590 seconds
2017-02-18T04:24:10.237+0100: 7052,101: Total time for which application threads were stopped: 0,0001705 seconds, Stopping threads took: 0,0000637 seconds
2017-02-18T04:28:10.275+0100: 7292,139: Total time for which application threads were stopped: 0,0001788 seconds, Stopping threads took: 0,0000625 seconds
2017-02-18T04:34:40.326+0100: 7682,190: Total time for which application threads were stopped: 0,0001678 seconds, Stopping threads took: 0,0000609 seconds
2017-02-18T04:35:10.330+0100: 7712,195: Total time for which application threads were stopped: 0,0001016 seconds, Stopping threads took: 0,0000405 seconds
2017-02-18T04:38:24.530+0100: 7906,394: Total time for which application threads were stopped: 0,0001194 seconds, Stopping threads took: 0,0000423 seconds
2017-02-18T04:38:24.583+0100: 7906,448: Total time for which application threads were stopped: 0,0339683 seconds, Stopping threads took: 0,0338061 seconds
2017-02-18T04:38:24.645+0100: 7906,509: Total time for which application threads were stopped: 0,0016668 seconds, Stopping threads took: 0,0015499 seconds
2017-02-18T04:38:24.648+0100: 7906,513: Total time for which application threads were stopped: 0,0001355 seconds, Stopping threads took: 0,0000215 seconds
Heap
 par new generation   total 109248K, used 102862K [0x00000000e0000000, 0x00000000e8000000, 0x00000000e8000000)
  eden space 87424K,  98% used [0x00000000e0000000, 0x00000000e5473bb8, 0x00000000e5560000)
  from space 21824K,  75% used [0x00000000e5560000, 0x00000000e655fd80, 0x00000000e6ab0000)
  to   space 21824K,   0% used [0x00000000e6ab0000, 0x00000000e6ab0000, 0x00000000e8000000)
 concurrent mark-sweep generation total 393216K, used 0K [0x00000000e8000000, 0x0000000100000000, 0x0000000100000000)
 Metaspace       used 28143K, capacity 28668K, committed 28796K, reserved 1075200K
  class space    used 3231K, capacity 3426K, committed 3452K, reserved 1048576K
