OpenJDK 64-Bit Server VM (25.121-b13) for linux-amd64 JRE (1.8.0_121-8u121-b13-0ubuntu1.16.04.2-b13), built on Jan 23 2017 15:51:29 by "buildd" with gcc 5.4.0 20160609
Memory: 4k page, physical 7867760k(7442960k free), swap 8076284k(8076284k free)
CommandLine flags: -XX:CMSInitiatingOccupancyFraction=50 -XX:CMSMaxAbortablePrecleanTime=6000 -XX:+CMSParallelRemarkEnabled -XX:+CMSScavengeBeforeRemark -XX:ConcGCThreads=4 -XX:InitialHeapSize=536870912 -XX:MaxHeapSize=536870912 -XX:MaxTenuringThreshold=8 -XX:NewRatio=3 -XX:OldPLABSize=16 -XX:OnOutOfMemoryError=/opt/solr/bin/oom_solr.sh 8983 /var/solr/logs -XX:ParallelGCThreads=4 -XX:+ParallelRefProcEnabled -XX:PretenureSizeThreshold=67108864 -XX:+PrintGC -XX:+PrintGCApplicationStoppedTime -XX:+PrintGCDateStamps -XX:+PrintGCDetails -XX:+PrintGCTimeStamps -XX:+PrintHeapAtGC -XX:+PrintTenuringDistribution -XX:SurvivorRatio=4 -XX:TargetSurvivorRatio=90 -XX:ThreadStackSize=256 -XX:+UseCMSInitiatingOccupancyOnly -XX:+UseCompressedClassPointers -XX:+UseCompressedOops -XX:+UseConcMarkSweepGC -XX:+UseParNewGC 
2017-03-20T09:44:12.676+0100: 0,175: Total time for which application threads were stopped: 0,0000778 seconds, Stopping threads took: 0,0000102 seconds
2017-03-20T09:44:12.792+0100: 0,290: Total time for which application threads were stopped: 0,0002243 seconds, Stopping threads took: 0,0000291 seconds
2017-03-20T09:44:12.864+0100: 0,362: Total time for which application threads were stopped: 0,0000771 seconds, Stopping threads took: 0,0000096 seconds
2017-03-20T09:44:13.232+0100: 0,731: Total time for which application threads were stopped: 0,0001554 seconds, Stopping threads took: 0,0000193 seconds
2017-03-20T09:44:13.620+0100: 1,118: Total time for which application threads were stopped: 0,0001279 seconds, Stopping threads took: 0,0000141 seconds
2017-03-20T09:44:13.681+0100: 1,180: Total time for which application threads were stopped: 0,0007124 seconds, Stopping threads took: 0,0000792 seconds
2017-03-20T09:44:13.702+0100: 1,201: Total time for which application threads were stopped: 0,0001954 seconds, Stopping threads took: 0,0000654 seconds
2017-03-20T09:44:13.955+0100: 1,454: Total time for which application threads were stopped: 0,0001567 seconds, Stopping threads took: 0,0000120 seconds
2017-03-20T09:44:14.204+0100: 1,703: Total time for which application threads were stopped: 0,0002003 seconds, Stopping threads took: 0,0000114 seconds
2017-03-20T09:44:14.227+0100: 1,726: Total time for which application threads were stopped: 0,0003002 seconds, Stopping threads took: 0,0001432 seconds
2017-03-20T09:44:14.269+0100: 1,767: Total time for which application threads were stopped: 0,0005284 seconds, Stopping threads took: 0,0000255 seconds
2017-03-20T09:44:14.271+0100: 1,769: Total time for which application threads were stopped: 0,0001949 seconds, Stopping threads took: 0,0000198 seconds
2017-03-20T09:44:14.288+0100: 1,787: Total time for which application threads were stopped: 0,0001789 seconds, Stopping threads took: 0,0000170 seconds
2017-03-20T09:44:14.355+0100: 1,853: Total time for which application threads were stopped: 0,0002504 seconds, Stopping threads took: 0,0000247 seconds
2017-03-20T09:44:14.518+0100: 2,017: Total time for which application threads were stopped: 0,0005707 seconds, Stopping threads took: 0,0003434 seconds
{Heap before GC invocations=0 (full 0):
 par new generation   total 109248K, used 87424K [0x00000000e0000000, 0x00000000e8000000, 0x00000000e8000000)
  eden space 87424K, 100% used [0x00000000e0000000, 0x00000000e5560000, 0x00000000e5560000)
  from space 21824K,   0% used [0x00000000e5560000, 0x00000000e5560000, 0x00000000e6ab0000)
  to   space 21824K,   0% used [0x00000000e6ab0000, 0x00000000e6ab0000, 0x00000000e8000000)
 concurrent mark-sweep generation total 393216K, used 0K [0x00000000e8000000, 0x0000000100000000, 0x0000000100000000)
 Metaspace       used 17908K, capacity 18240K, committed 18304K, reserved 1064960K
  class space    used 2028K, capacity 2164K, committed 2176K, reserved 1048576K
2017-03-20T09:44:14.584+0100: 2,082: [GC (Allocation Failure) 2017-03-20T09:44:14.584+0100: 2,082: [ParNew
Desired survivor size 20112992 bytes, new threshold 8 (max 8)
- age   1:   11877128 bytes,   11877128 total
: 87424K->11704K(109248K), 0,0162184 secs] 87424K->11704K(502464K), 0,0162947 secs] [Times: user=0,04 sys=0,01, real=0,02 secs] 
Heap after GC invocations=1 (full 0):
 par new generation   total 109248K, used 11704K [0x00000000e0000000, 0x00000000e8000000, 0x00000000e8000000)
  eden space 87424K,   0% used [0x00000000e0000000, 0x00000000e0000000, 0x00000000e5560000)
  from space 21824K,  53% used [0x00000000e6ab0000, 0x00000000e761e1d8, 0x00000000e8000000)
  to   space 21824K,   0% used [0x00000000e5560000, 0x00000000e5560000, 0x00000000e6ab0000)
 concurrent mark-sweep generation total 393216K, used 0K [0x00000000e8000000, 0x0000000100000000, 0x0000000100000000)
 Metaspace       used 17908K, capacity 18240K, committed 18304K, reserved 1064960K
  class space    used 2028K, capacity 2164K, committed 2176K, reserved 1048576K
}
2017-03-20T09:44:14.600+0100: 2,099: Total time for which application threads were stopped: 0,0165446 seconds, Stopping threads took: 0,0000832 seconds
2017-03-20T09:44:14.912+0100: 2,410: Total time for which application threads were stopped: 0,0003464 seconds, Stopping threads took: 0,0000613 seconds
{Heap before GC invocations=1 (full 0):
 par new generation   total 109248K, used 99128K [0x00000000e0000000, 0x00000000e8000000, 0x00000000e8000000)
  eden space 87424K, 100% used [0x00000000e0000000, 0x00000000e5560000, 0x00000000e5560000)
  from space 21824K,  53% used [0x00000000e6ab0000, 0x00000000e761e1d8, 0x00000000e8000000)
  to   space 21824K,   0% used [0x00000000e5560000, 0x00000000e5560000, 0x00000000e6ab0000)
 concurrent mark-sweep generation total 393216K, used 0K [0x00000000e8000000, 0x0000000100000000, 0x0000000100000000)
 Metaspace       used 20021K, capacity 20346K, committed 20736K, reserved 1067008K
  class space    used 2291K, capacity 2463K, committed 2560K, reserved 1048576K
2017-03-20T09:44:14.952+0100: 2,450: [GC (Allocation Failure) 2017-03-20T09:44:14.952+0100: 2,450: [ParNew
Desired survivor size 20112992 bytes, new threshold 8 (max 8)
- age   1:    3902144 bytes,    3902144 total
- age   2:    6464488 bytes,   10366632 total
: 99128K->15212K(109248K), 0,0199670 secs] 99128K->15212K(502464K), 0,0200386 secs] [Times: user=0,07 sys=0,00, real=0,02 secs] 
Heap after GC invocations=2 (full 0):
 par new generation   total 109248K, used 15212K [0x00000000e0000000, 0x00000000e8000000, 0x00000000e8000000)
  eden space 87424K,   0% used [0x00000000e0000000, 0x00000000e0000000, 0x00000000e5560000)
  from space 21824K,  69% used [0x00000000e5560000, 0x00000000e643b240, 0x00000000e6ab0000)
  to   space 21824K,   0% used [0x00000000e6ab0000, 0x00000000e6ab0000, 0x00000000e8000000)
 concurrent mark-sweep generation total 393216K, used 0K [0x00000000e8000000, 0x0000000100000000, 0x0000000100000000)
 Metaspace       used 20021K, capacity 20346K, committed 20736K, reserved 1067008K
  class space    used 2291K, capacity 2463K, committed 2560K, reserved 1048576K
}
2017-03-20T09:44:14.972+0100: 2,470: Total time for which application threads were stopped: 0,0202661 seconds, Stopping threads took: 0,0000797 seconds
2017-03-20T09:44:14.988+0100: 2,486: Total time for which application threads were stopped: 0,0003635 seconds, Stopping threads took: 0,0000924 seconds
2017-03-20T09:44:15.028+0100: 2,526: Total time for which application threads were stopped: 0,0003080 seconds, Stopping threads took: 0,0000296 seconds
2017-03-20T09:44:15.159+0100: 2,657: Total time for which application threads were stopped: 0,0002793 seconds, Stopping threads took: 0,0001087 seconds
{Heap before GC invocations=2 (full 0):
 par new generation   total 109248K, used 102636K [0x00000000e0000000, 0x00000000e8000000, 0x00000000e8000000)
  eden space 87424K, 100% used [0x00000000e0000000, 0x00000000e5560000, 0x00000000e5560000)
  from space 21824K,  69% used [0x00000000e5560000, 0x00000000e643b240, 0x00000000e6ab0000)
  to   space 21824K,   0% used [0x00000000e6ab0000, 0x00000000e6ab0000, 0x00000000e8000000)
 concurrent mark-sweep generation total 393216K, used 0K [0x00000000e8000000, 0x0000000100000000, 0x0000000100000000)
 Metaspace       used 20988K, capacity 21274K, committed 21628K, reserved 1069056K
  class space    used 2416K, capacity 2583K, committed 2684K, reserved 1048576K
2017-03-20T09:44:15.194+0100: 2,693: [GC (Allocation Failure) 2017-03-20T09:44:15.194+0100: 2,693: [ParNew
Desired survivor size 20112992 bytes, new threshold 8 (max 8)
- age   1:    2074264 bytes,    2074264 total
- age   2:    1019448 bytes,    3093712 total
- age   3:    6462552 bytes,    9556264 total
: 102636K->11081K(109248K), 0,0114180 secs] 102636K->11081K(502464K), 0,0115030 secs] [Times: user=0,04 sys=0,00, real=0,01 secs] 
Heap after GC invocations=3 (full 0):
 par new generation   total 109248K, used 11081K [0x00000000e0000000, 0x00000000e8000000, 0x00000000e8000000)
  eden space 87424K,   0% used [0x00000000e0000000, 0x00000000e0000000, 0x00000000e5560000)
  from space 21824K,  50% used [0x00000000e6ab0000, 0x00000000e75824b0, 0x00000000e8000000)
  to   space 21824K,   0% used [0x00000000e5560000, 0x00000000e5560000, 0x00000000e6ab0000)
 concurrent mark-sweep generation total 393216K, used 0K [0x00000000e8000000, 0x0000000100000000, 0x0000000100000000)
 Metaspace       used 20988K, capacity 21274K, committed 21628K, reserved 1069056K
  class space    used 2416K, capacity 2583K, committed 2684K, reserved 1048576K
}
2017-03-20T09:44:15.206+0100: 2,704: Total time for which application threads were stopped: 0,0116715 seconds, Stopping threads took: 0,0000368 seconds
2017-03-20T09:44:15.206+0100: 2,704: [GC (CMS Initial Mark) [1 CMS-initial-mark: 0K(393216K)] 11082K(502464K), 0,0037182 secs] [Times: user=0,02 sys=0,00, real=0,01 secs] 
2017-03-20T09:44:15.210+0100: 2,708: Total time for which application threads were stopped: 0,0038401 seconds, Stopping threads took: 0,0000388 seconds
2017-03-20T09:44:15.210+0100: 2,708: [CMS-concurrent-mark-start]
2017-03-20T09:44:15.219+0100: 2,717: [CMS-concurrent-mark: 0,009/0,009 secs] [Times: user=0,03 sys=0,00, real=0,01 secs] 
2017-03-20T09:44:15.219+0100: 2,717: [CMS-concurrent-preclean-start]
2017-03-20T09:44:15.220+0100: 2,719: [CMS-concurrent-preclean: 0,001/0,001 secs] [Times: user=0,01 sys=0,00, real=0,00 secs] 
2017-03-20T09:44:15.220+0100: 2,719: [CMS-concurrent-abortable-preclean-start]
2017-03-20T09:44:15.262+0100: 2,761: Total time for which application threads were stopped: 0,0027480 seconds, Stopping threads took: 0,0026601 seconds
{Heap before GC invocations=3 (full 1):
 par new generation   total 109248K, used 98505K [0x00000000e0000000, 0x00000000e8000000, 0x00000000e8000000)
  eden space 87424K, 100% used [0x00000000e0000000, 0x00000000e5560000, 0x00000000e5560000)
  from space 21824K,  50% used [0x00000000e6ab0000, 0x00000000e75824b0, 0x00000000e8000000)
  to   space 21824K,   0% used [0x00000000e5560000, 0x00000000e5560000, 0x00000000e6ab0000)
 concurrent mark-sweep generation total 393216K, used 0K [0x00000000e8000000, 0x0000000100000000, 0x0000000100000000)
 Metaspace       used 21263K, capacity 21608K, committed 21884K, reserved 1069056K
  class space    used 2446K, capacity 2597K, committed 2684K, reserved 1048576K
2017-03-20T09:44:15.306+0100: 2,805: [GC (Allocation Failure) 2017-03-20T09:44:15.306+0100: 2,805: [ParNew
Desired survivor size 20112992 bytes, new threshold 8 (max 8)
- age   1:     905624 bytes,     905624 total
- age   2:    1483768 bytes,    2389392 total
- age   3:     986496 bytes,    3375888 total
- age   4:    6462576 bytes,    9838464 total
: 98505K->14187K(109248K), 0,0109918 secs] 98505K->14187K(502464K), 0,0110631 secs] [Times: user=0,03 sys=0,00, real=0,00 secs] 
Heap after GC invocations=4 (full 1):
 par new generation   total 109248K, used 14187K [0x00000000e0000000, 0x00000000e8000000, 0x00000000e8000000)
  eden space 87424K,   0% used [0x00000000e0000000, 0x00000000e0000000, 0x00000000e5560000)
  from space 21824K,  65% used [0x00000000e5560000, 0x00000000e633af68, 0x00000000e6ab0000)
  to   space 21824K,   0% used [0x00000000e6ab0000, 0x00000000e6ab0000, 0x00000000e8000000)
 concurrent mark-sweep generation total 393216K, used 0K [0x00000000e8000000, 0x0000000100000000, 0x0000000100000000)
 Metaspace       used 21263K, capacity 21608K, committed 21884K, reserved 1069056K
  class space    used 2446K, capacity 2597K, committed 2684K, reserved 1048576K
}
2017-03-20T09:44:15.317+0100: 2,816: Total time for which application threads were stopped: 0,0112461 seconds, Stopping threads took: 0,0000242 seconds
{Heap before GC invocations=4 (full 1):
 par new generation   total 109248K, used 101611K [0x00000000e0000000, 0x00000000e8000000, 0x00000000e8000000)
  eden space 87424K, 100% used [0x00000000e0000000, 0x00000000e5560000, 0x00000000e5560000)
  from space 21824K,  65% used [0x00000000e5560000, 0x00000000e633af68, 0x00000000e6ab0000)
  to   space 21824K,   0% used [0x00000000e6ab0000, 0x00000000e6ab0000, 0x00000000e8000000)
 concurrent mark-sweep generation total 393216K, used 0K [0x00000000e8000000, 0x0000000100000000, 0x0000000100000000)
 Metaspace       used 21408K, capacity 21768K, committed 21884K, reserved 1069056K
  class space    used 2463K, capacity 2629K, committed 2684K, reserved 1048576K
2017-03-20T09:44:15.401+0100: 2,900: [GC (Allocation Failure) 2017-03-20T09:44:15.401+0100: 2,900: [ParNew
Desired survivor size 20112992 bytes, new threshold 8 (max 8)
- age   1:     940464 bytes,     940464 total
- age   2:     171744 bytes,    1112208 total
- age   3:    1483432 bytes,    2595640 total
- age   4:     982544 bytes,    3578184 total
- age   5:    6462728 bytes,   10040912 total
: 101611K->11259K(109248K), 0,0090996 secs] 101611K->11259K(502464K), 0,0091707 secs] [Times: user=0,03 sys=0,00, real=0,01 secs] 
Heap after GC invocations=5 (full 1):
 par new generation   total 109248K, used 11259K [0x00000000e0000000, 0x00000000e8000000, 0x00000000e8000000)
  eden space 87424K,   0% used [0x00000000e0000000, 0x00000000e0000000, 0x00000000e5560000)
  from space 21824K,  51% used [0x00000000e6ab0000, 0x00000000e75aee40, 0x00000000e8000000)
  to   space 21824K,   0% used [0x00000000e5560000, 0x00000000e5560000, 0x00000000e6ab0000)
 concurrent mark-sweep generation total 393216K, used 0K [0x00000000e8000000, 0x0000000100000000, 0x0000000100000000)
 Metaspace       used 21408K, capacity 21768K, committed 21884K, reserved 1069056K
  class space    used 2463K, capacity 2629K, committed 2684K, reserved 1048576K
}
2017-03-20T09:44:15.410+0100: 2,909: Total time for which application threads were stopped: 0,0093654 seconds, Stopping threads took: 0,0000579 seconds
2017-03-20T09:44:15.450+0100: 2,948: Total time for which application threads were stopped: 0,0001036 seconds, Stopping threads took: 0,0000273 seconds
2017-03-20T09:44:15.462+0100: 2,961: Total time for which application threads were stopped: 0,0004044 seconds, Stopping threads took: 0,0000487 seconds
2017-03-20T09:44:15.488+0100: 2,986: Total time for which application threads were stopped: 0,0001397 seconds, Stopping threads took: 0,0000325 seconds
2017-03-20T09:44:15.512+0100: 3,010: Total time for which application threads were stopped: 0,0001024 seconds, Stopping threads took: 0,0000161 seconds
2017-03-20T09:44:15.648+0100: 3,146: Total time for which application threads were stopped: 0,0002211 seconds, Stopping threads took: 0,0000762 seconds
2017-03-20T09:44:15.686+0100: 3,184: Total time for which application threads were stopped: 0,0001449 seconds, Stopping threads took: 0,0000442 seconds
2017-03-20T09:44:15.686+0100: 3,185: Total time for which application threads were stopped: 0,0003797 seconds, Stopping threads took: 0,0000185 seconds
2017-03-20T09:44:15.701+0100: 3,199: Total time for which application threads were stopped: 0,0003718 seconds, Stopping threads took: 0,0000271 seconds
2017-03-20T09:44:15.712+0100: 3,210: Total time for which application threads were stopped: 0,0001044 seconds, Stopping threads took: 0,0000257 seconds
2017-03-20T09:44:15.786+0100: 3,285: Total time for which application threads were stopped: 0,0020249 seconds, Stopping threads took: 0,0019049 seconds
{Heap before GC invocations=5 (full 1):
 par new generation   total 109248K, used 98683K [0x00000000e0000000, 0x00000000e8000000, 0x00000000e8000000)
  eden space 87424K, 100% used [0x00000000e0000000, 0x00000000e5560000, 0x00000000e5560000)
  from space 21824K,  51% used [0x00000000e6ab0000, 0x00000000e75aee40, 0x00000000e8000000)
  to   space 21824K,   0% used [0x00000000e5560000, 0x00000000e5560000, 0x00000000e6ab0000)
 concurrent mark-sweep generation total 393216K, used 0K [0x00000000e8000000, 0x0000000100000000, 0x0000000100000000)
 Metaspace       used 23819K, capacity 24221K, committed 24284K, reserved 1071104K
  class space    used 2797K, capacity 2976K, committed 3016K, reserved 1048576K
2017-03-20T09:44:15.868+0100: 3,367: [GC (Allocation Failure) 2017-03-20T09:44:15.868+0100: 3,367: [ParNew
Desired survivor size 20112992 bytes, new threshold 8 (max 8)
- age   1:    4939776 bytes,    4939776 total
- age   2:     115384 bytes,    5055160 total
- age   3:     170152 bytes,    5225312 total
- age   4:     313800 bytes,    5539112 total
- age   5:     958184 bytes,    6497296 total
- age   6:    6454440 bytes,   12951736 total
: 98683K->17523K(109248K), 0,0147717 secs] 98683K->17523K(502464K), 0,0148564 secs] [Times: user=0,06 sys=0,00, real=0,01 secs] 
Heap after GC invocations=6 (full 1):
 par new generation   total 109248K, used 17523K [0x00000000e0000000, 0x00000000e8000000, 0x00000000e8000000)
  eden space 87424K,   0% used [0x00000000e0000000, 0x00000000e0000000, 0x00000000e5560000)
  from space 21824K,  80% used [0x00000000e5560000, 0x00000000e667cc00, 0x00000000e6ab0000)
  to   space 21824K,   0% used [0x00000000e6ab0000, 0x00000000e6ab0000, 0x00000000e8000000)
 concurrent mark-sweep generation total 393216K, used 0K [0x00000000e8000000, 0x0000000100000000, 0x0000000100000000)
 Metaspace       used 23819K, capacity 24221K, committed 24284K, reserved 1071104K
  class space    used 2797K, capacity 2976K, committed 3016K, reserved 1048576K
}
2017-03-20T09:44:15.883+0100: 3,382: Total time for which application threads were stopped: 0,0151923 seconds, Stopping threads took: 0,0001711 seconds
2017-03-20T09:44:15.883+0100: 3,382: [CMS-concurrent-abortable-preclean: 0,426/0,663 secs] [Times: user=2,42 sys=0,02, real=0,66 secs] 
2017-03-20T09:44:15.883+0100: 3,382: [GC (CMS Final Remark) [YG occupancy: 18164 K (109248 K)]{Heap before GC invocations=6 (full 1):
 par new generation   total 109248K, used 18164K [0x00000000e0000000, 0x00000000e8000000, 0x00000000e8000000)
  eden space 87424K,   0% used [0x00000000e0000000, 0x00000000e00a04e8, 0x00000000e5560000)
  from space 21824K,  80% used [0x00000000e5560000, 0x00000000e667cc00, 0x00000000e6ab0000)
  to   space 21824K,   0% used [0x00000000e6ab0000, 0x00000000e6ab0000, 0x00000000e8000000)
 concurrent mark-sweep generation total 393216K, used 0K [0x00000000e8000000, 0x0000000100000000, 0x0000000100000000)
 Metaspace       used 23819K, capacity 24221K, committed 24284K, reserved 1071104K
  class space    used 2797K, capacity 2976K, committed 3016K, reserved 1048576K
2017-03-20T09:44:15.883+0100: 3,382: [GC (CMS Final Remark) 2017-03-20T09:44:15.883+0100: 3,382: [ParNew
Desired survivor size 20112992 bytes, new threshold 8 (max 8)
- age   1:     103272 bytes,     103272 total
- age   2:    4939704 bytes,    5042976 total
- age   3:     115384 bytes,    5158360 total
- age   4:     170152 bytes,    5328512 total
- age   5:     313800 bytes,    5642312 total
- age   6:     958184 bytes,    6600496 total
- age   7:    6455856 bytes,   13056352 total
: 18164K->17333K(109248K), 0,0110049 secs] 18164K->17333K(502464K), 0,0110414 secs] [Times: user=0,04 sys=0,00, real=0,01 secs] 
Heap after GC invocations=7 (full 1):
 par new generation   total 109248K, used 17333K [0x00000000e0000000, 0x00000000e8000000, 0x00000000e8000000)
  eden space 87424K,   0% used [0x00000000e0000000, 0x00000000e0000000, 0x00000000e5560000)
  from space 21824K,  79% used [0x00000000e6ab0000, 0x00000000e7b9d5c0, 0x00000000e8000000)
  to   space 21824K,   0% used [0x00000000e5560000, 0x00000000e5560000, 0x00000000e6ab0000)
 concurrent mark-sweep generation total 393216K, used 0K [0x00000000e8000000, 0x0000000100000000, 0x0000000100000000)
 Metaspace       used 23819K, capacity 24221K, committed 24284K, reserved 1071104K
  class space    used 2797K, capacity 2976K, committed 3016K, reserved 1048576K
}
2017-03-20T09:44:15.895+0100: 3,393: [Rescan (parallel) , 0,0036381 secs]2017-03-20T09:44:15.898+0100: 3,397: [weak refs processing, 0,0006604 secs]2017-03-20T09:44:15.899+0100: 3,397: [class unloading, 0,0033859 secs]2017-03-20T09:44:15.902+0100: 3,401: [scrub symbol table, 0,0029141 secs]2017-03-20T09:44:15.905+0100: 3,404: [scrub string table, 0,0003813 secs][1 CMS-remark: 0K(393216K)] 17333K(502464K), 0,0228407 secs] [Times: user=0,06 sys=0,00, real=0,03 secs] 
2017-03-20T09:44:15.906+0100: 3,405: Total time for which application threads were stopped: 0,0229893 seconds, Stopping threads took: 0,0000494 seconds
2017-03-20T09:44:15.908+0100: 3,406: [CMS-concurrent-sweep-start]
2017-03-20T09:44:15.908+0100: 3,406: [CMS-concurrent-sweep: 0,000/0,000 secs] [Times: user=0,00 sys=0,00, real=0,00 secs] 
2017-03-20T09:44:15.908+0100: 3,406: [CMS-concurrent-reset-start]
2017-03-20T09:44:15.910+0100: 3,409: [CMS-concurrent-reset: 0,002/0,002 secs] [Times: user=0,01 sys=0,01, real=0,00 secs] 
{Heap before GC invocations=7 (full 1):
 par new generation   total 109248K, used 104752K [0x00000000e0000000, 0x00000000e8000000, 0x00000000e8000000)
  eden space 87424K,  99% used [0x00000000e0000000, 0x00000000e555ec40, 0x00000000e5560000)
  from space 21824K,  79% used [0x00000000e6ab0000, 0x00000000e7b9d5c0, 0x00000000e8000000)
  to   space 21824K,   0% used [0x00000000e5560000, 0x00000000e5560000, 0x00000000e6ab0000)
 concurrent mark-sweep generation total 393216K, used 0K [0x00000000e8000000, 0x0000000100000000, 0x0000000100000000)
 Metaspace       used 24496K, capacity 24931K, committed 25180K, reserved 1071104K
  class space    used 2867K, capacity 3041K, committed 3144K, reserved 1048576K
2017-03-20T09:44:16.046+0100: 3,545: [GC (Allocation Failure) 2017-03-20T09:44:16.046+0100: 3,545: [ParNew
Desired survivor size 20112992 bytes, new threshold 8 (max 8)
- age   1:    1917888 bytes,    1917888 total
- age   3:    1732896 bytes,    3650784 total
- age   4:      46528 bytes,    3697312 total
- age   5:     108144 bytes,    3805456 total
- age   6:     205944 bytes,    4011400 total
- age   7:     835704 bytes,    4847104 total
- age   8:    6011208 bytes,   10858312 total
: 104752K->14656K(109248K), 0,0194829 secs] 104752K->14656K(502464K), 0,0195420 secs] [Times: user=0,04 sys=0,00, real=0,01 secs] 
Heap after GC invocations=8 (full 1):
 par new generation   total 109248K, used 14656K [0x00000000e0000000, 0x00000000e8000000, 0x00000000e8000000)
  eden space 87424K,   0% used [0x00000000e0000000, 0x00000000e0000000, 0x00000000e5560000)
  from space 21824K,  67% used [0x00000000e5560000, 0x00000000e63b0368, 0x00000000e6ab0000)
  to   space 21824K,   0% used [0x00000000e6ab0000, 0x00000000e6ab0000, 0x00000000e8000000)
 concurrent mark-sweep generation total 393216K, used 0K [0x00000000e8000000, 0x0000000100000000, 0x0000000100000000)
 Metaspace       used 24496K, capacity 24931K, committed 25180K, reserved 1071104K
  class space    used 2867K, capacity 3041K, committed 3144K, reserved 1048576K
}
2017-03-20T09:44:16.066+0100: 3,564: Total time for which application threads were stopped: 0,0235997 seconds, Stopping threads took: 0,0038905 seconds
{Heap before GC invocations=8 (full 1):
 par new generation   total 109248K, used 102080K [0x00000000e0000000, 0x00000000e8000000, 0x00000000e8000000)
  eden space 87424K, 100% used [0x00000000e0000000, 0x00000000e5560000, 0x00000000e5560000)
  from space 21824K,  67% used [0x00000000e5560000, 0x00000000e63b0368, 0x00000000e6ab0000)
  to   space 21824K,   0% used [0x00000000e6ab0000, 0x00000000e6ab0000, 0x00000000e8000000)
 concurrent mark-sweep generation total 393216K, used 0K [0x00000000e8000000, 0x0000000100000000, 0x0000000100000000)
 Metaspace       used 24916K, capacity 25309K, committed 25436K, reserved 1071104K
  class space    used 2901K, capacity 3078K, committed 3144K, reserved 1048576K
2017-03-20T09:44:16.166+0100: 3,664: [GC (Allocation Failure) 2017-03-20T09:44:16.166+0100: 3,664: [ParNew
Desired survivor size 20112992 bytes, new threshold 8 (max 8)
- age   1:    1326576 bytes,    1326576 total
- age   2:     650192 bytes,    1976768 total
- age   4:    1709832 bytes,    3686600 total
- age   5:      46504 bytes,    3733104 total
- age   6:     105536 bytes,    3838640 total
- age   7:     205320 bytes,    4043960 total
- age   8:     834840 bytes,    4878800 total
: 102080K->8405K(109248K), 0,0378768 secs] 102080K->14355K(502464K), 0,0379731 secs] [Times: user=0,11 sys=0,01, real=0,04 secs] 
Heap after GC invocations=9 (full 1):
 par new generation   total 109248K, used 8405K [0x00000000e0000000, 0x00000000e8000000, 0x00000000e8000000)
  eden space 87424K,   0% used [0x00000000e0000000, 0x00000000e0000000, 0x00000000e5560000)
  from space 21824K,  38% used [0x00000000e6ab0000, 0x00000000e72e5650, 0x00000000e8000000)
  to   space 21824K,   0% used [0x00000000e5560000, 0x00000000e5560000, 0x00000000e6ab0000)
 concurrent mark-sweep generation total 393216K, used 5950K [0x00000000e8000000, 0x0000000100000000, 0x0000000100000000)
 Metaspace       used 24916K, capacity 25309K, committed 25436K, reserved 1071104K
  class space    used 2901K, capacity 3078K, committed 3144K, reserved 1048576K
}
2017-03-20T09:44:16.204+0100: 3,702: Total time for which application threads were stopped: 0,0428599 seconds, Stopping threads took: 0,0046991 seconds
2017-03-20T09:44:16.449+0100: 3,947: Total time for which application threads were stopped: 0,0004779 seconds, Stopping threads took: 0,0000441 seconds
2017-03-20T09:44:16.467+0100: 3,966: Total time for which application threads were stopped: 0,0005486 seconds, Stopping threads took: 0,0000521 seconds
2017-03-20T09:44:16.519+0100: 4,018: Total time for which application threads were stopped: 0,0004053 seconds, Stopping threads took: 0,0000205 seconds
2017-03-20T09:44:16.549+0100: 4,047: Total time for which application threads were stopped: 0,0004540 seconds, Stopping threads took: 0,0000524 seconds
2017-03-20T09:44:16.550+0100: 4,048: Total time for which application threads were stopped: 0,0001427 seconds, Stopping threads took: 0,0000558 seconds
2017-03-20T09:44:16.550+0100: 4,048: Total time for which application threads were stopped: 0,0001137 seconds, Stopping threads took: 0,0000519 seconds
2017-03-20T09:44:16.550+0100: 4,049: Total time for which application threads were stopped: 0,0000495 seconds, Stopping threads took: 0,0000132 seconds
2017-03-20T09:44:16.550+0100: 4,049: Total time for which application threads were stopped: 0,0000610 seconds, Stopping threads took: 0,0000280 seconds
2017-03-20T09:44:16.550+0100: 4,049: Total time for which application threads were stopped: 0,0000490 seconds, Stopping threads took: 0,0000174 seconds
2017-03-20T09:44:16.552+0100: 4,051: Total time for which application threads were stopped: 0,0001151 seconds, Stopping threads took: 0,0000344 seconds
2017-03-20T09:44:16.552+0100: 4,051: Total time for which application threads were stopped: 0,0000663 seconds, Stopping threads took: 0,0000204 seconds
2017-03-20T09:44:16.552+0100: 4,051: Total time for which application threads were stopped: 0,0000505 seconds, Stopping threads took: 0,0000088 seconds
2017-03-20T09:44:16.553+0100: 4,051: Total time for which application threads were stopped: 0,0000554 seconds, Stopping threads took: 0,0000166 seconds
2017-03-20T09:44:16.553+0100: 4,051: Total time for which application threads were stopped: 0,0000515 seconds, Stopping threads took: 0,0000096 seconds
2017-03-20T09:44:16.553+0100: 4,051: Total time for which application threads were stopped: 0,0000516 seconds, Stopping threads took: 0,0000147 seconds
2017-03-20T09:44:16.553+0100: 4,051: Total time for which application threads were stopped: 0,0000455 seconds, Stopping threads took: 0,0000088 seconds
2017-03-20T09:44:16.553+0100: 4,051: Total time for which application threads were stopped: 0,0000489 seconds, Stopping threads took: 0,0000140 seconds
2017-03-20T09:44:16.553+0100: 4,051: Total time for which application threads were stopped: 0,0000395 seconds, Stopping threads took: 0,0000113 seconds
2017-03-20T09:44:16.553+0100: 4,052: Total time for which application threads were stopped: 0,0000507 seconds, Stopping threads took: 0,0000096 seconds
2017-03-20T09:44:16.553+0100: 4,052: Total time for which application threads were stopped: 0,0000502 seconds, Stopping threads took: 0,0000100 seconds
2017-03-20T09:44:16.554+0100: 4,052: Total time for which application threads were stopped: 0,0000455 seconds, Stopping threads took: 0,0000109 seconds
2017-03-20T09:44:16.554+0100: 4,052: Total time for which application threads were stopped: 0,0000441 seconds, Stopping threads took: 0,0000160 seconds
2017-03-20T09:44:16.554+0100: 4,052: Total time for which application threads were stopped: 0,0000780 seconds, Stopping threads took: 0,0000299 seconds
2017-03-20T09:44:16.554+0100: 4,053: Total time for which application threads were stopped: 0,0001419 seconds, Stopping threads took: 0,0000138 seconds
2017-03-20T09:44:16.555+0100: 4,053: Total time for which application threads were stopped: 0,0000940 seconds, Stopping threads took: 0,0000387 seconds
2017-03-20T09:44:16.555+0100: 4,053: Total time for which application threads were stopped: 0,0000497 seconds, Stopping threads took: 0,0000186 seconds
2017-03-20T09:44:16.555+0100: 4,054: Total time for which application threads were stopped: 0,0001070 seconds, Stopping threads took: 0,0000455 seconds
2017-03-20T09:44:16.557+0100: 4,056: Total time for which application threads were stopped: 0,0002088 seconds, Stopping threads took: 0,0001277 seconds
2017-03-20T09:44:16.557+0100: 4,056: Total time for which application threads were stopped: 0,0000843 seconds, Stopping threads took: 0,0000365 seconds
2017-03-20T09:44:16.558+0100: 4,057: Total time for which application threads were stopped: 0,0000826 seconds, Stopping threads took: 0,0000179 seconds
2017-03-20T09:44:16.559+0100: 4,057: Total time for which application threads were stopped: 0,0000568 seconds, Stopping threads took: 0,0000129 seconds
2017-03-20T09:44:16.559+0100: 4,057: Total time for which application threads were stopped: 0,0000590 seconds, Stopping threads took: 0,0000141 seconds
2017-03-20T09:44:16.559+0100: 4,058: Total time for which application threads were stopped: 0,0000561 seconds, Stopping threads took: 0,0000121 seconds
2017-03-20T09:44:16.560+0100: 4,058: Total time for which application threads were stopped: 0,0000644 seconds, Stopping threads took: 0,0000145 seconds
2017-03-20T09:44:16.561+0100: 4,059: Total time for which application threads were stopped: 0,0001086 seconds, Stopping threads took: 0,0000448 seconds
2017-03-20T09:44:16.561+0100: 4,059: Total time for which application threads were stopped: 0,0000651 seconds, Stopping threads took: 0,0000132 seconds
2017-03-20T09:44:16.561+0100: 4,060: Total time for which application threads were stopped: 0,0000611 seconds, Stopping threads took: 0,0000216 seconds
2017-03-20T09:44:16.562+0100: 4,060: Total time for which application threads were stopped: 0,0000453 seconds, Stopping threads took: 0,0000092 seconds
2017-03-20T09:44:16.562+0100: 4,061: Total time for which application threads were stopped: 0,0000456 seconds, Stopping threads took: 0,0000093 seconds
2017-03-20T09:44:16.563+0100: 4,061: Total time for which application threads were stopped: 0,0000444 seconds, Stopping threads took: 0,0000092 seconds
2017-03-20T09:44:16.563+0100: 4,062: Total time for which application threads were stopped: 0,0000607 seconds, Stopping threads took: 0,0000255 seconds
2017-03-20T09:44:16.564+0100: 4,062: Total time for which application threads were stopped: 0,0000645 seconds, Stopping threads took: 0,0000247 seconds
2017-03-20T09:44:16.564+0100: 4,063: Total time for which application threads were stopped: 0,0000842 seconds, Stopping threads took: 0,0000398 seconds
2017-03-20T09:44:16.565+0100: 4,063: Total time for which application threads were stopped: 0,0001468 seconds, Stopping threads took: 0,0000400 seconds
2017-03-20T09:44:16.581+0100: 4,079: Total time for which application threads were stopped: 0,0001584 seconds, Stopping threads took: 0,0000485 seconds
2017-03-20T09:44:16.584+0100: 4,083: Total time for which application threads were stopped: 0,0000869 seconds, Stopping threads took: 0,0000275 seconds
2017-03-20T09:44:17.585+0100: 5,083: Total time for which application threads were stopped: 0,0000892 seconds, Stopping threads took: 0,0000173 seconds
2017-03-20T09:45:44.595+0100: 92,094: Total time for which application threads were stopped: 0,0001699 seconds, Stopping threads took: 0,0000672 seconds
2017-03-20T09:46:14.600+0100: 122,098: Total time for which application threads were stopped: 0,0000938 seconds, Stopping threads took: 0,0000290 seconds
2017-03-20T09:46:59.605+0100: 167,103: Total time for which application threads were stopped: 0,0000906 seconds, Stopping threads took: 0,0000359 seconds
{Heap before GC invocations=9 (full 1):
 par new generation   total 109248K, used 95829K [0x00000000e0000000, 0x00000000e8000000, 0x00000000e8000000)
  eden space 87424K, 100% used [0x00000000e0000000, 0x00000000e5560000, 0x00000000e5560000)
  from space 21824K,  38% used [0x00000000e6ab0000, 0x00000000e72e5650, 0x00000000e8000000)
  to   space 21824K,   0% used [0x00000000e5560000, 0x00000000e5560000, 0x00000000e6ab0000)
 concurrent mark-sweep generation total 393216K, used 5950K [0x00000000e8000000, 0x0000000100000000, 0x0000000100000000)
 Metaspace       used 27984K, capacity 28479K, committed 28740K, reserved 1075200K
  class space    used 3211K, capacity 3385K, committed 3400K, reserved 1048576K
2017-03-20T09:47:03.637+0100: 171,135: [GC (Allocation Failure) 2017-03-20T09:47:03.637+0100: 171,135: [ParNew
Desired survivor size 20112992 bytes, new threshold 8 (max 8)
- age   1:   10455912 bytes,   10455912 total
- age   2:     465160 bytes,   10921072 total
- age   3:     256488 bytes,   11177560 total
- age   5:    1704384 bytes,   12881944 total
- age   6:      46504 bytes,   12928448 total
- age   7:     105408 bytes,   13033856 total
- age   8:     205224 bytes,   13239080 total
: 95829K->14096K(109248K), 0,0236605 secs] 101779K->20959K(502464K), 0,0237431 secs] [Times: user=0,08 sys=0,01, real=0,03 secs] 
Heap after GC invocations=10 (full 1):
 par new generation   total 109248K, used 14096K [0x00000000e0000000, 0x00000000e8000000, 0x00000000e8000000)
  eden space 87424K,   0% used [0x00000000e0000000, 0x00000000e0000000, 0x00000000e5560000)
  from space 21824K,  64% used [0x00000000e5560000, 0x00000000e63240b0, 0x00000000e6ab0000)
  to   space 21824K,   0% used [0x00000000e6ab0000, 0x00000000e6ab0000, 0x00000000e8000000)
 concurrent mark-sweep generation total 393216K, used 6863K [0x00000000e8000000, 0x0000000100000000, 0x0000000100000000)
 Metaspace       used 27984K, capacity 28479K, committed 28740K, reserved 1075200K
  class space    used 3211K, capacity 3385K, committed 3400K, reserved 1048576K
}
2017-03-20T09:47:03.661+0100: 171,159: Total time for which application threads were stopped: 0,0238985 seconds, Stopping threads took: 0,0000151 seconds
2017-03-20T09:47:13.662+0100: 181,160: Total time for which application threads were stopped: 0,0001473 seconds, Stopping threads took: 0,0000396 seconds
2017-03-20T09:59:54.091+0100: 276,984: Total time for which application threads were stopped: 0,0000808 seconds, Stopping threads took: 0,0000295 seconds
2017-03-20T10:00:19.094+0100: 301,987: Total time for which application threads were stopped: 0,0000809 seconds, Stopping threads took: 0,0000313 seconds
2017-03-20T10:18:54.263+0100: 1417,156: Total time for which application threads were stopped: 0,0001206 seconds, Stopping threads took: 0,0000416 seconds
2017-03-20T10:23:39.309+0100: 1702,202: Total time for which application threads were stopped: 0,0001017 seconds, Stopping threads took: 0,0000385 seconds
2017-03-20T10:34:14.412+0100: 2337,305: Total time for which application threads were stopped: 0,0001847 seconds, Stopping threads took: 0,0000627 seconds
2017-03-20T10:50:34.579+0100: 3317,472: Total time for which application threads were stopped: 0,0001913 seconds, Stopping threads took: 0,0000705 seconds
2017-03-20T12:40:26.147+0100: 3822,768: Total time for which application threads were stopped: 0,0000810 seconds, Stopping threads took: 0,0000308 seconds
2017-03-20T12:40:31.147+0100: 3827,768: Total time for which application threads were stopped: 0,0000938 seconds, Stopping threads took: 0,0000287 seconds
2017-03-20T12:43:08.495+0100: 3985,116: Total time for which application threads were stopped: 0,0158298 seconds, Stopping threads took: 0,0157505 seconds
2017-03-20T12:43:08.498+0100: 3985,119: Total time for which application threads were stopped: 0,0001246 seconds, Stopping threads took: 0,0000326 seconds
2017-03-20T12:43:08.555+0100: 3985,176: Total time for which application threads were stopped: 0,0001086 seconds, Stopping threads took: 0,0000235 seconds
2017-03-20T12:43:08.562+0100: 3985,183: Total time for which application threads were stopped: 0,0010934 seconds, Stopping threads took: 0,0009763 seconds
2017-03-20T12:43:08.565+0100: 3985,186: Total time for which application threads were stopped: 0,0000840 seconds, Stopping threads took: 0,0000154 seconds
2017-03-20T12:43:08.566+0100: 3985,187: Total time for which application threads were stopped: 0,0001038 seconds, Stopping threads took: 0,0000118 seconds
Heap
 par new generation   total 109248K, used 34916K [0x00000000e0000000, 0x00000000e8000000, 0x00000000e8000000)
  eden space 87424K,  23% used [0x00000000e0000000, 0x00000000e1455150, 0x00000000e5560000)
  from space 21824K,  64% used [0x00000000e5560000, 0x00000000e63240b0, 0x00000000e6ab0000)
  to   space 21824K,   0% used [0x00000000e6ab0000, 0x00000000e6ab0000, 0x00000000e8000000)
 concurrent mark-sweep generation total 393216K, used 6863K [0x00000000e8000000, 0x0000000100000000, 0x0000000100000000)
 Metaspace       used 28108K, capacity 28583K, committed 28868K, reserved 1075200K
  class space    used 3225K, capacity 3419K, committed 3528K, reserved 1048576K
