OpenJDK 64-Bit Server VM (25.111-b14) for linux-amd64 JRE (1.8.0_111-8u111-b14-2ubuntu0.16.04.2-b14), built on Oct 27 2016 18:10:19 by "buildd" with gcc 5.4.0 20160609
Memory: 4k page, physical 7867840k(7460560k free), swap 8076284k(8076284k free)
CommandLine flags: -XX:CMSInitiatingOccupancyFraction=50 -XX:CMSMaxAbortablePrecleanTime=6000 -XX:+CMSParallelRemarkEnabled -XX:+CMSScavengeBeforeRemark -XX:ConcGCThreads=4 -XX:InitialHeapSize=536870912 -XX:MaxHeapSize=536870912 -XX:MaxTenuringThreshold=8 -XX:NewRatio=3 -XX:OldPLABSize=16 -XX:OnOutOfMemoryError=/opt/solr/bin/oom_solr.sh 8983 /var/solr/logs -XX:ParallelGCThreads=4 -XX:+ParallelRefProcEnabled -XX:PretenureSizeThreshold=67108864 -XX:+PrintGC -XX:+PrintGCApplicationStoppedTime -XX:+PrintGCDateStamps -XX:+PrintGCDetails -XX:+PrintGCTimeStamps -XX:+PrintHeapAtGC -XX:+PrintTenuringDistribution -XX:SurvivorRatio=4 -XX:TargetSurvivorRatio=90 -XX:ThreadStackSize=256 -XX:+UseCMSInitiatingOccupancyOnly -XX:+UseCompressedClassPointers -XX:+UseCompressedOops -XX:+UseConcMarkSweepGC -XX:+UseParNewGC 
2016-12-01T09:32:58.274+0100: 0,120: Total time for which application threads were stopped: 0,0000706 seconds, Stopping threads took: 0,0000139 seconds
2016-12-01T09:32:58.372+0100: 0,218: Total time for which application threads were stopped: 0,0000975 seconds, Stopping threads took: 0,0000157 seconds
2016-12-01T09:32:58.391+0100: 0,236: Total time for which application threads were stopped: 0,0070152 seconds, Stopping threads took: 0,0069007 seconds
2016-12-01T09:32:58.607+0100: 0,453: Total time for which application threads were stopped: 0,0001335 seconds, Stopping threads took: 0,0000105 seconds
2016-12-01T09:32:59.065+0100: 0,910: Total time for which application threads were stopped: 0,0001698 seconds, Stopping threads took: 0,0000265 seconds
2016-12-01T09:32:59.144+0100: 0,990: Total time for which application threads were stopped: 0,0001918 seconds, Stopping threads took: 0,0000157 seconds
2016-12-01T09:32:59.188+0100: 1,033: Total time for which application threads were stopped: 0,0002393 seconds, Stopping threads took: 0,0000406 seconds
2016-12-01T09:32:59.565+0100: 1,411: Total time for which application threads were stopped: 0,0002000 seconds, Stopping threads took: 0,0000221 seconds
2016-12-01T09:32:59.778+0100: 1,623: Total time for which application threads were stopped: 0,0002626 seconds, Stopping threads took: 0,0000159 seconds
2016-12-01T09:32:59.799+0100: 1,645: Total time for which application threads were stopped: 0,0004793 seconds, Stopping threads took: 0,0000341 seconds
2016-12-01T09:32:59.800+0100: 1,645: Total time for which application threads were stopped: 0,0001768 seconds, Stopping threads took: 0,0000209 seconds
2016-12-01T09:32:59.817+0100: 1,662: Total time for which application threads were stopped: 0,0008922 seconds, Stopping threads took: 0,0000840 seconds
2016-12-01T09:32:59.902+0100: 1,748: Total time for which application threads were stopped: 0,0005752 seconds, Stopping threads took: 0,0001143 seconds
2016-12-01T09:33:00.074+0100: 1,920: Total time for which application threads were stopped: 0,0003215 seconds, Stopping threads took: 0,0001330 seconds
{Heap before GC invocations=0 (full 0):
 par new generation   total 109248K, used 87424K [0x00000000e0000000, 0x00000000e8000000, 0x00000000e8000000)
  eden space 87424K, 100% used [0x00000000e0000000, 0x00000000e5560000, 0x00000000e5560000)
  from space 21824K,   0% used [0x00000000e5560000, 0x00000000e5560000, 0x00000000e6ab0000)
  to   space 21824K,   0% used [0x00000000e6ab0000, 0x00000000e6ab0000, 0x00000000e8000000)
 concurrent mark-sweep generation total 393216K, used 0K [0x00000000e8000000, 0x0000000100000000, 0x0000000100000000)
 Metaspace       used 18362K, capacity 18686K, committed 18944K, reserved 1067008K
  class space    used 2091K, capacity 2226K, committed 2304K, reserved 1048576K
2016-12-01T09:33:00.215+0100: 2,060: [GC (Allocation Failure) 2016-12-01T09:33:00.215+0100: 2,060: [ParNew
Desired survivor size 20112992 bytes, new threshold 8 (max 8)
- age   1:   12579208 bytes,   12579208 total
: 87424K->12403K(109248K), 0,0173251 secs] 87424K->12403K(502464K), 0,0174399 secs] [Times: user=0,06 sys=0,01, real=0,01 secs] 
Heap after GC invocations=1 (full 0):
 par new generation   total 109248K, used 12403K [0x00000000e0000000, 0x00000000e8000000, 0x00000000e8000000)
  eden space 87424K,   0% used [0x00000000e0000000, 0x00000000e0000000, 0x00000000e5560000)
  from space 21824K,  56% used [0x00000000e6ab0000, 0x00000000e76ccef8, 0x00000000e8000000)
  to   space 21824K,   0% used [0x00000000e5560000, 0x00000000e5560000, 0x00000000e6ab0000)
 concurrent mark-sweep generation total 393216K, used 0K [0x00000000e8000000, 0x0000000100000000, 0x0000000100000000)
 Metaspace       used 18362K, capacity 18686K, committed 18944K, reserved 1067008K
  class space    used 2091K, capacity 2226K, committed 2304K, reserved 1048576K
}
2016-12-01T09:33:00.233+0100: 2,078: Total time for which application threads were stopped: 0,0176726 seconds, Stopping threads took: 0,0000287 seconds
2016-12-01T09:33:00.384+0100: 2,229: Total time for which application threads were stopped: 0,0003169 seconds, Stopping threads took: 0,0000326 seconds
2016-12-01T09:33:00.431+0100: 2,276: Total time for which application threads were stopped: 0,0003089 seconds, Stopping threads took: 0,0000509 seconds
2016-12-01T09:33:00.464+0100: 2,309: Total time for which application threads were stopped: 0,0002915 seconds, Stopping threads took: 0,0000428 seconds
{Heap before GC invocations=1 (full 0):
 par new generation   total 109248K, used 99827K [0x00000000e0000000, 0x00000000e8000000, 0x00000000e8000000)
  eden space 87424K, 100% used [0x00000000e0000000, 0x00000000e5560000, 0x00000000e5560000)
  from space 21824K,  56% used [0x00000000e6ab0000, 0x00000000e76ccef8, 0x00000000e8000000)
  to   space 21824K,   0% used [0x00000000e5560000, 0x00000000e5560000, 0x00000000e6ab0000)
 concurrent mark-sweep generation total 393216K, used 0K [0x00000000e8000000, 0x0000000100000000, 0x0000000100000000)
 Metaspace       used 20727K, capacity 21020K, committed 21248K, reserved 1069056K
  class space    used 2404K, capacity 2518K, committed 2560K, reserved 1048576K
2016-12-01T09:33:00.625+0100: 2,471: [GC (Allocation Failure) 2016-12-01T09:33:00.625+0100: 2,471: [ParNew
Desired survivor size 20112992 bytes, new threshold 8 (max 8)
- age   1:    2661224 bytes,    2661224 total
- age   2:    6140312 bytes,    8801536 total
: 99827K->11449K(109248K), 0,0109935 secs] 99827K->11449K(502464K), 0,0110683 secs] [Times: user=0,04 sys=0,01, real=0,02 secs] 
Heap after GC invocations=2 (full 0):
 par new generation   total 109248K, used 11449K [0x00000000e0000000, 0x00000000e8000000, 0x00000000e8000000)
  eden space 87424K,   0% used [0x00000000e0000000, 0x00000000e0000000, 0x00000000e5560000)
  from space 21824K,  52% used [0x00000000e5560000, 0x00000000e608e420, 0x00000000e6ab0000)
  to   space 21824K,   0% used [0x00000000e6ab0000, 0x00000000e6ab0000, 0x00000000e8000000)
 concurrent mark-sweep generation total 393216K, used 0K [0x00000000e8000000, 0x0000000100000000, 0x0000000100000000)
 Metaspace       used 20727K, capacity 21020K, committed 21248K, reserved 1069056K
  class space    used 2404K, capacity 2518K, committed 2560K, reserved 1048576K
}
2016-12-01T09:33:00.636+0100: 2,482: Total time for which application threads were stopped: 0,0113113 seconds, Stopping threads took: 0,0000508 seconds
2016-12-01T09:33:00.691+0100: 2,537: Total time for which application threads were stopped: 0,0000715 seconds, Stopping threads took: 0,0000137 seconds
2016-12-01T09:33:00.725+0100: 2,571: Total time for which application threads were stopped: 0,0000780 seconds, Stopping threads took: 0,0000129 seconds
2016-12-01T09:33:00.726+0100: 2,571: Total time for which application threads were stopped: 0,0002442 seconds, Stopping threads took: 0,0000190 seconds
2016-12-01T09:33:00.750+0100: 2,596: Total time for which application threads were stopped: 0,0000683 seconds, Stopping threads took: 0,0000127 seconds
2016-12-01T09:33:00.833+0100: 2,678: Total time for which application threads were stopped: 0,0001548 seconds, Stopping threads took: 0,0000286 seconds
2016-12-01T09:33:00.852+0100: 2,697: Total time for which application threads were stopped: 0,0000922 seconds, Stopping threads took: 0,0000289 seconds
2016-12-01T09:33:00.859+0100: 2,704: Total time for which application threads were stopped: 0,0002896 seconds, Stopping threads took: 0,0000222 seconds
2016-12-01T09:33:00.866+0100: 2,712: Total time for which application threads were stopped: 0,0003297 seconds, Stopping threads took: 0,0000600 seconds
2016-12-01T09:33:00.878+0100: 2,724: Total time for which application threads were stopped: 0,0034283 seconds, Stopping threads took: 0,0033599 seconds
2016-12-01T09:33:00.905+0100: 2,751: Total time for which application threads were stopped: 0,0000970 seconds, Stopping threads took: 0,0000230 seconds
2016-12-01T09:33:00.921+0100: 2,767: Total time for which application threads were stopped: 0,0000911 seconds, Stopping threads took: 0,0000187 seconds
2016-12-01T09:33:00.941+0100: 2,786: Total time for which application threads were stopped: 0,0000738 seconds, Stopping threads took: 0,0000126 seconds
2016-12-01T09:33:00.961+0100: 2,807: Total time for which application threads were stopped: 0,0000845 seconds, Stopping threads took: 0,0000176 seconds
2016-12-01T09:33:00.986+0100: 2,832: Total time for which application threads were stopped: 0,0000922 seconds, Stopping threads took: 0,0000216 seconds
2016-12-01T09:33:01.038+0100: 2,884: Total time for which application threads were stopped: 0,0001188 seconds, Stopping threads took: 0,0000418 seconds
2016-12-01T09:33:01.060+0100: 2,905: Total time for which application threads were stopped: 0,0001112 seconds, Stopping threads took: 0,0000287 seconds
{Heap before GC invocations=2 (full 0):
 par new generation   total 109248K, used 98873K [0x00000000e0000000, 0x00000000e8000000, 0x00000000e8000000)
  eden space 87424K, 100% used [0x00000000e0000000, 0x00000000e5560000, 0x00000000e5560000)
  from space 21824K,  52% used [0x00000000e5560000, 0x00000000e608e420, 0x00000000e6ab0000)
  to   space 21824K,   0% used [0x00000000e6ab0000, 0x00000000e6ab0000, 0x00000000e8000000)
 concurrent mark-sweep generation total 393216K, used 0K [0x00000000e8000000, 0x0000000100000000, 0x0000000100000000)
 Metaspace       used 24856K, capacity 25221K, committed 25536K, reserved 1071104K
  class space    used 2897K, capacity 3025K, committed 3144K, reserved 1048576K
2016-12-01T09:33:01.081+0100: 2,927: [GC (Allocation Failure) 2016-12-01T09:33:01.081+0100: 2,927: [ParNew
Desired survivor size 20112992 bytes, new threshold 8 (max 8)
- age   1:    6691264 bytes,    6691264 total
- age   2:     511304 bytes,    7202568 total
- age   3:    6132648 bytes,   13335216 total
: 98873K->16676K(109248K), 0,0122012 secs] 98873K->16676K(502464K), 0,0122783 secs] [Times: user=0,04 sys=0,01, real=0,01 secs] 
Heap after GC invocations=3 (full 0):
 par new generation   total 109248K, used 16676K [0x00000000e0000000, 0x00000000e8000000, 0x00000000e8000000)
  eden space 87424K,   0% used [0x00000000e0000000, 0x00000000e0000000, 0x00000000e5560000)
  from space 21824K,  76% used [0x00000000e6ab0000, 0x00000000e7af9310, 0x00000000e8000000)
  to   space 21824K,   0% used [0x00000000e5560000, 0x00000000e5560000, 0x00000000e6ab0000)
 concurrent mark-sweep generation total 393216K, used 0K [0x00000000e8000000, 0x0000000100000000, 0x0000000100000000)
 Metaspace       used 24856K, capacity 25221K, committed 25536K, reserved 1071104K
  class space    used 2897K, capacity 3025K, committed 3144K, reserved 1048576K
}
2016-12-01T09:33:01.093+0100: 2,939: Total time for which application threads were stopped: 0,0124575 seconds, Stopping threads took: 0,0000304 seconds
2016-12-01T09:33:01.094+0100: 2,939: [GC (CMS Initial Mark) [1 CMS-initial-mark: 0K(393216K)] 16677K(502464K), 0,0052936 secs] [Times: user=0,01 sys=0,00, real=0,01 secs] 
2016-12-01T09:33:01.099+0100: 2,945: Total time for which application threads were stopped: 0,0054355 seconds, Stopping threads took: 0,0000505 seconds
2016-12-01T09:33:01.099+0100: 2,945: [CMS-concurrent-mark-start]
2016-12-01T09:33:01.100+0100: 2,946: [CMS-concurrent-mark: 0,001/0,001 secs] [Times: user=0,01 sys=0,00, real=0,00 secs] 
2016-12-01T09:33:01.100+0100: 2,946: [CMS-concurrent-preclean-start]
2016-12-01T09:33:01.101+0100: 2,947: [CMS-concurrent-preclean: 0,001/0,001 secs] [Times: user=0,00 sys=0,00, real=0,00 secs] 
2016-12-01T09:33:01.102+0100: 2,947: [GC (CMS Final Remark) [YG occupancy: 18074 K (109248 K)]2016-12-01T09:33:01.102+0100: 2,947: [Rescan (parallel) , 0,0039003 secs]2016-12-01T09:33:01.106+0100: 2,951: [weak refs processing, 0,0017612 secs]2016-12-01T09:33:01.107+0100: 2,953: [class unloading, 0,0044148 secs]2016-12-01T09:33:01.112+0100: 2,957: [scrub symbol table, 0,0055603 secs]2016-12-01T09:33:01.117+0100: 2,963: [scrub string table, 0,0004725 secs][1 CMS-remark: 0K(393216K)] 18074K(502464K), 0,0168614 secs] [Times: user=0,04 sys=0,00, real=0,02 secs] 
2016-12-01T09:33:01.119+0100: 2,964: Total time for which application threads were stopped: 0,0169850 seconds, Stopping threads took: 0,0000384 seconds
2016-12-01T09:33:01.119+0100: 2,964: [CMS-concurrent-sweep-start]
2016-12-01T09:33:01.119+0100: 2,964: [CMS-concurrent-sweep: 0,000/0,000 secs] [Times: user=0,00 sys=0,00, real=0,00 secs] 
{Heap before GC invocations=3 (full 1):
 par new generation   total 109248K, used 18074K [0x00000000e0000000, 0x00000000e8000000, 0x00000000e8000000)
  eden space 87424K,   1% used [0x00000000e0000000, 0x00000000e015d7c0, 0x00000000e5560000)
  from space 21824K,  76% used [0x00000000e6ab0000, 0x00000000e7af9310, 0x00000000e8000000)
  to   space 21824K,   0% used [0x00000000e5560000, 0x00000000e5560000, 0x00000000e6ab0000)
 concurrent mark-sweep generation total 393216K, used 0K [0x00000000e8000000, 0x0000000100000000, 0x0000000100000000)
 Metaspace       used 24881K, capacity 25253K, committed 25536K, reserved 1071104K
  class space    used 2899K, capacity 3057K, committed 3144K, reserved 1048576K
2016-12-01T09:33:01.119+0100: 2,964: [GC (GCLocker Initiated GC) 2016-12-01T09:33:01.119+0100: 2,964: [ParNew
Desired survivor size 20112992 bytes, new threshold 8 (max 8)
- age   1:      34344 bytes,      34344 total
- age   2:    3150296 bytes,    3184640 total
- age   3:     511304 bytes,    3695944 total
- age   4:    6131072 bytes,    9827016 total
: 18074K->19337K(109248K), 0,0123613 secs] 18074K->19337K(502464K), 0,0124147 secs] [Times: user=0,04 sys=0,00, real=0,01 secs] 
Heap after GC invocations=4 (full 1):
 par new generation   total 109248K, used 19337K [0x00000000e0000000, 0x00000000e8000000, 0x00000000e8000000)
  eden space 87424K,   0% used [0x00000000e0000000, 0x00000000e0000000, 0x00000000e5560000)
  from space 21824K,  88% used [0x00000000e5560000, 0x00000000e6842478, 0x00000000e6ab0000)
  to   space 21824K,   0% used [0x00000000e6ab0000, 0x00000000e6ab0000, 0x00000000e8000000)
 concurrent mark-sweep generation total 393216K, used 0K [0x00000000e8000000, 0x0000000100000000, 0x0000000100000000)
 Metaspace       used 24881K, capacity 25253K, committed 25536K, reserved 1071104K
  class space    used 2899K, capacity 3057K, committed 3144K, reserved 1048576K
}
2016-12-01T09:33:01.131+0100: 2,977: Total time for which application threads were stopped: 0,0125738 seconds, Stopping threads took: 0,0000242 seconds
2016-12-01T09:33:01.131+0100: 2,977: [CMS-concurrent-reset-start]
2016-12-01T09:33:01.136+0100: 2,981: [CMS-concurrent-reset: 0,005/0,005 secs] [Times: user=0,01 sys=0,00, real=0,01 secs] 
2016-12-01T09:33:02.131+0100: 3,977: Total time for which application threads were stopped: 0,0000912 seconds, Stopping threads took: 0,0000152 seconds
2016-12-01T09:33:02.205+0100: 4,050: Total time for which application threads were stopped: 0,0002783 seconds, Stopping threads took: 0,0000158 seconds
2016-12-01T09:33:30.207+0100: 32,053: Total time for which application threads were stopped: 0,0003772 seconds, Stopping threads took: 0,0000807 seconds
2016-12-01T09:35:40.221+0100: 162,066: Total time for which application threads were stopped: 0,0000721 seconds, Stopping threads took: 0,0000325 seconds
2016-12-01T09:35:45.222+0100: 167,067: Total time for which application threads were stopped: 0,0003915 seconds, Stopping threads took: 0,0001089 seconds
2016-12-01T09:35:59.224+0100: 181,069: Total time for which application threads were stopped: 0,0000714 seconds, Stopping threads took: 0,0000195 seconds
2016-12-01T09:36:55.230+0100: 237,076: Total time for which application threads were stopped: 0,0000873 seconds, Stopping threads took: 0,0000367 seconds
2016-12-01T09:37:29.234+0100: 271,079: Total time for which application threads were stopped: 0,0000779 seconds, Stopping threads took: 0,0000315 seconds
2016-12-01T09:37:34.234+0100: 276,080: Total time for which application threads were stopped: 0,0001077 seconds, Stopping threads took: 0,0000436 seconds
2016-12-01T09:37:40.235+0100: 282,080: Total time for which application threads were stopped: 0,0001060 seconds, Stopping threads took: 0,0000217 seconds
2016-12-01T09:37:45.235+0100: 287,081: Total time for which application threads were stopped: 0,0000662 seconds, Stopping threads took: 0,0000192 seconds
2016-12-01T09:38:20.240+0100: 322,085: Total time for which application threads were stopped: 0,0000764 seconds, Stopping threads took: 0,0000309 seconds
2016-12-01T09:40:14.253+0100: 436,098: Total time for which application threads were stopped: 0,0000815 seconds, Stopping threads took: 0,0000361 seconds
2016-12-01T09:40:24.254+0100: 446,099: Total time for which application threads were stopped: 0,0000737 seconds, Stopping threads took: 0,0000168 seconds
2016-12-01T09:56:39.365+0100: 1421,210: Total time for which application threads were stopped: 0,0000881 seconds, Stopping threads took: 0,0000287 seconds
2016-12-01T09:57:23.672+0100: 1465,518: Total time for which application threads were stopped: 0,0001338 seconds, Stopping threads took: 0,0000318 seconds
Heap
 par new generation   total 109248K, used 63453K [0x00000000e0000000, 0x00000000e8000000, 0x00000000e8000000)
  eden space 87424K,  50% used [0x00000000e0000000, 0x00000000e2b150a0, 0x00000000e5560000)
  from space 21824K,  88% used [0x00000000e5560000, 0x00000000e6842478, 0x00000000e6ab0000)
  to   space 21824K,   0% used [0x00000000e6ab0000, 0x00000000e6ab0000, 0x00000000e8000000)
 concurrent mark-sweep generation total 393216K, used 0K [0x00000000e8000000, 0x0000000100000000, 0x0000000100000000)
 Metaspace       used 27196K, capacity 27659K, committed 27976K, reserved 1073152K
  class space    used 3160K, capacity 3320K, committed 3400K, reserved 1048576K
