OpenJDK 64-Bit Server VM (25.121-b13) for linux-amd64 JRE (1.8.0_121-8u121-b13-0ubuntu1.16.04.2-b13), built on Jan 23 2017 15:51:29 by "buildd" with gcc 5.4.0 20160609
Memory: 4k page, physical 7867764k(7428584k free), swap 8076284k(8076284k free)
CommandLine flags: -XX:CMSInitiatingOccupancyFraction=50 -XX:CMSMaxAbortablePrecleanTime=6000 -XX:+CMSParallelRemarkEnabled -XX:+CMSScavengeBeforeRemark -XX:ConcGCThreads=4 -XX:InitialHeapSize=536870912 -XX:MaxHeapSize=536870912 -XX:MaxTenuringThreshold=8 -XX:NewRatio=3 -XX:OldPLABSize=16 -XX:OnOutOfMemoryError=/opt/solr/bin/oom_solr.sh 8983 /var/solr/logs -XX:ParallelGCThreads=4 -XX:+ParallelRefProcEnabled -XX:PretenureSizeThreshold=67108864 -XX:+PrintGC -XX:+PrintGCApplicationStoppedTime -XX:+PrintGCDateStamps -XX:+PrintGCDetails -XX:+PrintGCTimeStamps -XX:+PrintHeapAtGC -XX:+PrintTenuringDistribution -XX:SurvivorRatio=4 -XX:TargetSurvivorRatio=90 -XX:ThreadStackSize=256 -XX:+UseCMSInitiatingOccupancyOnly -XX:+UseCompressedClassPointers -XX:+UseCompressedOops -XX:+UseConcMarkSweepGC -XX:+UseParNewGC 
2017-04-24T15:34:55.011+0200: 0,138: Total time for which application threads were stopped: 0,0000680 seconds, Stopping threads took: 0,0000084 seconds
2017-04-24T15:34:55.103+0200: 0,230: Total time for which application threads were stopped: 0,0001306 seconds, Stopping threads took: 0,0000305 seconds
2017-04-24T15:34:55.130+0200: 0,256: Total time for which application threads were stopped: 0,0000827 seconds, Stopping threads took: 0,0000121 seconds
2017-04-24T15:34:55.494+0200: 0,620: Total time for which application threads were stopped: 0,0008341 seconds, Stopping threads took: 0,0006492 seconds
2017-04-24T15:34:55.982+0200: 1,108: Total time for which application threads were stopped: 0,0001583 seconds, Stopping threads took: 0,0000248 seconds
2017-04-24T15:34:56.117+0200: 1,244: Total time for which application threads were stopped: 0,0001833 seconds, Stopping threads took: 0,0000247 seconds
2017-04-24T15:34:56.209+0200: 1,336: Total time for which application threads were stopped: 0,0001965 seconds, Stopping threads took: 0,0000270 seconds
2017-04-24T15:34:56.721+0200: 1,848: Total time for which application threads were stopped: 0,0012776 seconds, Stopping threads took: 0,0001334 seconds
2017-04-24T15:34:57.382+0200: 2,509: Total time for which application threads were stopped: 0,0002443 seconds, Stopping threads took: 0,0000234 seconds
2017-04-24T15:34:57.402+0200: 2,528: Total time for which application threads were stopped: 0,0001886 seconds, Stopping threads took: 0,0000130 seconds
2017-04-24T15:34:57.438+0200: 2,565: Total time for which application threads were stopped: 0,0002655 seconds, Stopping threads took: 0,0000228 seconds
2017-04-24T15:34:57.443+0200: 2,570: Total time for which application threads were stopped: 0,0012634 seconds, Stopping threads took: 0,0001690 seconds
2017-04-24T15:34:57.484+0200: 2,610: Total time for which application threads were stopped: 0,0006199 seconds, Stopping threads took: 0,0001160 seconds
2017-04-24T15:34:57.642+0200: 2,769: Total time for which application threads were stopped: 0,0002663 seconds, Stopping threads took: 0,0000227 seconds
2017-04-24T15:34:57.827+0200: 2,954: Total time for which application threads were stopped: 0,0002897 seconds, Stopping threads took: 0,0000542 seconds
{Heap before GC invocations=0 (full 0):
 par new generation   total 109248K, used 87424K [0x00000000e0000000, 0x00000000e8000000, 0x00000000e8000000)
  eden space 87424K, 100% used [0x00000000e0000000, 0x00000000e5560000, 0x00000000e5560000)
  from space 21824K,   0% used [0x00000000e5560000, 0x00000000e5560000, 0x00000000e6ab0000)
  to   space 21824K,   0% used [0x00000000e6ab0000, 0x00000000e6ab0000, 0x00000000e8000000)
 concurrent mark-sweep generation total 393216K, used 0K [0x00000000e8000000, 0x0000000100000000, 0x0000000100000000)
 Metaspace       used 17838K, capacity 18176K, committed 18304K, reserved 1064960K
  class space    used 2024K, capacity 2164K, committed 2176K, reserved 1048576K
2017-04-24T15:34:57.870+0200: 2,997: [GC (Allocation Failure) 2017-04-24T15:34:57.870+0200: 2,997: [ParNew
Desired survivor size 20112992 bytes, new threshold 8 (max 8)
- age   1:   11620864 bytes,   11620864 total
: 87424K->11462K(109248K), 0,0151764 secs] 87424K->11462K(502464K), 0,0152649 secs] [Times: user=0,06 sys=0,00, real=0,02 secs] 
Heap after GC invocations=1 (full 0):
 par new generation   total 109248K, used 11462K [0x00000000e0000000, 0x00000000e8000000, 0x00000000e8000000)
  eden space 87424K,   0% used [0x00000000e0000000, 0x00000000e0000000, 0x00000000e5560000)
  from space 21824K,  52% used [0x00000000e6ab0000, 0x00000000e75e1838, 0x00000000e8000000)
  to   space 21824K,   0% used [0x00000000e5560000, 0x00000000e5560000, 0x00000000e6ab0000)
 concurrent mark-sweep generation total 393216K, used 0K [0x00000000e8000000, 0x0000000100000000, 0x0000000100000000)
 Metaspace       used 17838K, capacity 18176K, committed 18304K, reserved 1064960K
  class space    used 2024K, capacity 2164K, committed 2176K, reserved 1048576K
}
2017-04-24T15:34:57.885+0200: 3,012: Total time for which application threads were stopped: 0,0161738 seconds, Stopping threads took: 0,0007509 seconds
2017-04-24T15:34:58.486+0200: 3,613: Total time for which application threads were stopped: 0,0025688 seconds, Stopping threads took: 0,0021645 seconds
{Heap before GC invocations=1 (full 0):
 par new generation   total 109248K, used 98886K [0x00000000e0000000, 0x00000000e8000000, 0x00000000e8000000)
  eden space 87424K, 100% used [0x00000000e0000000, 0x00000000e5560000, 0x00000000e5560000)
  from space 21824K,  52% used [0x00000000e6ab0000, 0x00000000e75e1838, 0x00000000e8000000)
  to   space 21824K,   0% used [0x00000000e5560000, 0x00000000e5560000, 0x00000000e6ab0000)
 concurrent mark-sweep generation total 393216K, used 0K [0x00000000e8000000, 0x0000000100000000, 0x0000000100000000)
 Metaspace       used 20027K, capacity 20366K, committed 20736K, reserved 1067008K
  class space    used 2294K, capacity 2469K, committed 2560K, reserved 1048576K
2017-04-24T15:34:58.613+0200: 3,740: [GC (Allocation Failure) 2017-04-24T15:34:58.613+0200: 3,740: [ParNew
Desired survivor size 20112992 bytes, new threshold 8 (max 8)
- age   1:    4241168 bytes,    4241168 total
- age   2:    6181480 bytes,   10422648 total
: 98886K->12905K(109248K), 0,0429553 secs] 98886K->12905K(502464K), 0,0430424 secs] [Times: user=0,11 sys=0,00, real=0,05 secs] 
Heap after GC invocations=2 (full 0):
 par new generation   total 109248K, used 12905K [0x00000000e0000000, 0x00000000e8000000, 0x00000000e8000000)
  eden space 87424K,   0% used [0x00000000e0000000, 0x00000000e0000000, 0x00000000e5560000)
  from space 21824K,  59% used [0x00000000e5560000, 0x00000000e61fa4d8, 0x00000000e6ab0000)
  to   space 21824K,   0% used [0x00000000e6ab0000, 0x00000000e6ab0000, 0x00000000e8000000)
 concurrent mark-sweep generation total 393216K, used 0K [0x00000000e8000000, 0x0000000100000000, 0x0000000100000000)
 Metaspace       used 20027K, capacity 20366K, committed 20736K, reserved 1067008K
  class space    used 2294K, capacity 2469K, committed 2560K, reserved 1048576K
}
2017-04-24T15:34:58.656+0200: 3,783: Total time for which application threads were stopped: 0,0445446 seconds, Stopping threads took: 0,0012955 seconds
2017-04-24T15:34:58.674+0200: 3,800: Total time for which application threads were stopped: 0,0022299 seconds, Stopping threads took: 0,0010441 seconds
2017-04-24T15:34:58.766+0200: 3,893: Total time for which application threads were stopped: 0,0029615 seconds, Stopping threads took: 0,0026115 seconds
2017-04-24T15:34:58.929+0200: 4,056: Total time for which application threads were stopped: 0,0020846 seconds, Stopping threads took: 0,0005759 seconds
2017-04-24T15:34:58.940+0200: 4,067: Total time for which application threads were stopped: 0,0017802 seconds, Stopping threads took: 0,0014086 seconds
2017-04-24T15:34:58.993+0200: 4,119: Total time for which application threads were stopped: 0,0019898 seconds, Stopping threads took: 0,0012469 seconds
2017-04-24T15:34:58.995+0200: 4,121: Total time for which application threads were stopped: 0,0001592 seconds, Stopping threads took: 0,0000565 seconds
2017-04-24T15:34:59.005+0200: 4,132: Total time for which application threads were stopped: 0,0005018 seconds, Stopping threads took: 0,0002262 seconds
2017-04-24T15:34:59.010+0200: 4,136: Total time for which application threads were stopped: 0,0042144 seconds, Stopping threads took: 0,0040998 seconds
2017-04-24T15:34:59.051+0200: 4,177: Total time for which application threads were stopped: 0,0032915 seconds, Stopping threads took: 0,0021891 seconds
2017-04-24T15:34:59.053+0200: 4,179: Total time for which application threads were stopped: 0,0012783 seconds, Stopping threads took: 0,0006380 seconds
2017-04-24T15:34:59.059+0200: 4,185: Total time for which application threads were stopped: 0,0005705 seconds, Stopping threads took: 0,0002233 seconds
2017-04-24T15:34:59.060+0200: 4,186: Total time for which application threads were stopped: 0,0009087 seconds, Stopping threads took: 0,0002551 seconds
2017-04-24T15:34:59.062+0200: 4,189: Total time for which application threads were stopped: 0,0012842 seconds, Stopping threads took: 0,0009689 seconds
2017-04-24T15:34:59.066+0200: 4,192: Total time for which application threads were stopped: 0,0013046 seconds, Stopping threads took: 0,0007374 seconds
2017-04-24T15:34:59.090+0200: 4,216: Total time for which application threads were stopped: 0,0013415 seconds, Stopping threads took: 0,0006886 seconds
{Heap before GC invocations=2 (full 0):
 par new generation   total 109248K, used 100329K [0x00000000e0000000, 0x00000000e8000000, 0x00000000e8000000)
  eden space 87424K, 100% used [0x00000000e0000000, 0x00000000e5560000, 0x00000000e5560000)
  from space 21824K,  59% used [0x00000000e5560000, 0x00000000e61fa4d8, 0x00000000e6ab0000)
  to   space 21824K,   0% used [0x00000000e6ab0000, 0x00000000e6ab0000, 0x00000000e8000000)
 concurrent mark-sweep generation total 393216K, used 0K [0x00000000e8000000, 0x0000000100000000, 0x0000000100000000)
 Metaspace       used 20992K, capacity 21352K, committed 21628K, reserved 1069056K
  class space    used 2422K, capacity 2588K, committed 2684K, reserved 1048576K
2017-04-24T15:34:59.125+0200: 4,251: [GC (Allocation Failure) 2017-04-24T15:34:59.125+0200: 4,251: [ParNew
Desired survivor size 20112992 bytes, new threshold 8 (max 8)
- age   1:    2049160 bytes,    2049160 total
- age   2:    1289024 bytes,    3338184 total
- age   3:    6179552 bytes,    9517736 total
: 100329K->14216K(109248K), 0,0398163 secs] 100329K->14216K(502464K), 0,0401533 secs] [Times: user=0,11 sys=0,00, real=0,04 secs] 
Heap after GC invocations=3 (full 0):
 par new generation   total 109248K, used 14216K [0x00000000e0000000, 0x00000000e8000000, 0x00000000e8000000)
  eden space 87424K,   0% used [0x00000000e0000000, 0x00000000e0000000, 0x00000000e5560000)
  from space 21824K,  65% used [0x00000000e6ab0000, 0x00000000e7892040, 0x00000000e8000000)
  to   space 21824K,   0% used [0x00000000e5560000, 0x00000000e5560000, 0x00000000e6ab0000)
 concurrent mark-sweep generation total 393216K, used 0K [0x00000000e8000000, 0x0000000100000000, 0x0000000100000000)
 Metaspace       used 20992K, capacity 21352K, committed 21628K, reserved 1069056K
  class space    used 2422K, capacity 2588K, committed 2684K, reserved 1048576K
}
2017-04-24T15:34:59.165+0200: 4,292: Total time for which application threads were stopped: 0,0483002 seconds, Stopping threads took: 0,0075824 seconds
2017-04-24T15:34:59.172+0200: 4,299: [GC (CMS Initial Mark) [1 CMS-initial-mark: 0K(393216K)] 19224K(502464K), 0,0084613 secs] [Times: user=0,03 sys=0,00, real=0,01 secs] 
2017-04-24T15:34:59.181+0200: 4,307: Total time for which application threads were stopped: 0,0094669 seconds, Stopping threads took: 0,0007002 seconds
2017-04-24T15:34:59.181+0200: 4,307: [CMS-concurrent-mark-start]
2017-04-24T15:34:59.181+0200: 4,308: [CMS-concurrent-mark: 0,001/0,001 secs] [Times: user=0,00 sys=0,00, real=0,00 secs] 
2017-04-24T15:34:59.181+0200: 4,308: [CMS-concurrent-preclean-start]
2017-04-24T15:34:59.190+0200: 4,316: [CMS-concurrent-preclean: 0,008/0,008 secs] [Times: user=0,02 sys=0,00, real=0,01 secs] 
2017-04-24T15:34:59.191+0200: 4,317: Total time for which application threads were stopped: 0,0007745 seconds, Stopping threads took: 0,0002774 seconds
2017-04-24T15:34:59.193+0200: 4,319: Total time for which application threads were stopped: 0,0010688 seconds, Stopping threads took: 0,0007327 seconds
2017-04-24T15:34:59.193+0200: 4,319: [CMS-concurrent-abortable-preclean-start]
2017-04-24T15:34:59.204+0200: 4,330: Total time for which application threads were stopped: 0,0001744 seconds, Stopping threads took: 0,0000613 seconds
2017-04-24T15:34:59.204+0200: 4,330: Total time for which application threads were stopped: 0,0001047 seconds, Stopping threads took: 0,0000278 seconds
2017-04-24T15:34:59.207+0200: 4,333: Total time for which application threads were stopped: 0,0001840 seconds, Stopping threads took: 0,0000575 seconds
2017-04-24T15:34:59.209+0200: 4,335: Total time for which application threads were stopped: 0,0018006 seconds, Stopping threads took: 0,0017071 seconds
2017-04-24T15:34:59.211+0200: 4,338: Total time for which application threads were stopped: 0,0001791 seconds, Stopping threads took: 0,0000858 seconds
2017-04-24T15:34:59.218+0200: 4,345: Total time for which application threads were stopped: 0,0039764 seconds, Stopping threads took: 0,0038522 seconds
2017-04-24T15:34:59.247+0200: 4,373: Total time for which application threads were stopped: 0,0033265 seconds, Stopping threads took: 0,0029692 seconds
2017-04-24T15:34:59.249+0200: 4,375: Total time for which application threads were stopped: 0,0012650 seconds, Stopping threads took: 0,0008916 seconds
2017-04-24T15:34:59.255+0200: 4,382: Total time for which application threads were stopped: 0,0026004 seconds, Stopping threads took: 0,0018849 seconds
2017-04-24T15:34:59.380+0200: 4,506: Total time for which application threads were stopped: 0,0014888 seconds, Stopping threads took: 0,0013791 seconds
2017-04-24T15:34:59.444+0200: 4,570: Total time for which application threads were stopped: 0,0002715 seconds, Stopping threads took: 0,0001939 seconds
2017-04-24T15:34:59.444+0200: 4,570: [CMS-concurrent-abortable-preclean: 0,168/0,251 secs] [Times: user=0,67 sys=0,00, real=0,26 secs] 
2017-04-24T15:34:59.444+0200: 4,570: [GC (CMS Final Remark) [YG occupancy: 81285 K (109248 K)]{Heap before GC invocations=3 (full 1):
 par new generation   total 109248K, used 81285K [0x00000000e0000000, 0x00000000e8000000, 0x00000000e8000000)
  eden space 87424K,  76% used [0x00000000e0000000, 0x00000000e417f5a8, 0x00000000e5560000)
  from space 21824K,  65% used [0x00000000e6ab0000, 0x00000000e7892040, 0x00000000e8000000)
  to   space 21824K,   0% used [0x00000000e5560000, 0x00000000e5560000, 0x00000000e6ab0000)
 concurrent mark-sweep generation total 393216K, used 0K [0x00000000e8000000, 0x0000000100000000, 0x0000000100000000)
 Metaspace       used 21221K, capacity 21608K, committed 21884K, reserved 1069056K
  class space    used 2441K, capacity 2599K, committed 2684K, reserved 1048576K
2017-04-24T15:34:59.444+0200: 4,571: [GC (CMS Final Remark) 2017-04-24T15:34:59.444+0200: 4,571: [ParNew
Desired survivor size 20112992 bytes, new threshold 8 (max 8)
- age   1:    1307504 bytes,    1307504 total
- age   2:    1497592 bytes,    2805096 total
- age   3:    1256168 bytes,    4061264 total
- age   4:    6179680 bytes,   10240944 total
: 81285K->11732K(109248K), 0,0222139 secs] 81285K->11732K(502464K), 0,0222554 secs] [Times: user=0,08 sys=0,00, real=0,02 secs] 
Heap after GC invocations=4 (full 1):
 par new generation   total 109248K, used 11732K [0x00000000e0000000, 0x00000000e8000000, 0x00000000e8000000)
  eden space 87424K,   0% used [0x00000000e0000000, 0x00000000e0000000, 0x00000000e5560000)
  from space 21824K,  53% used [0x00000000e5560000, 0x00000000e60d5200, 0x00000000e6ab0000)
  to   space 21824K,   0% used [0x00000000e6ab0000, 0x00000000e6ab0000, 0x00000000e8000000)
 concurrent mark-sweep generation total 393216K, used 0K [0x00000000e8000000, 0x0000000100000000, 0x0000000100000000)
 Metaspace       used 21221K, capacity 21608K, committed 21884K, reserved 1069056K
  class space    used 2441K, capacity 2599K, committed 2684K, reserved 1048576K
}
2017-04-24T15:34:59.466+0200: 4,593: [Rescan (parallel) , 0,0038320 secs]2017-04-24T15:34:59.470+0200: 4,597: [weak refs processing, 0,0005052 secs]2017-04-24T15:34:59.471+0200: 4,597: [class unloading, 0,0031664 secs]2017-04-24T15:34:59.474+0200: 4,600: [scrub symbol table, 0,0028226 secs]2017-04-24T15:34:59.477+0200: 4,603: [scrub string table, 0,0004259 secs][1 CMS-remark: 0K(393216K)] 11732K(502464K), 0,0337472 secs] [Times: user=0,10 sys=0,00, real=0,03 secs] 
2017-04-24T15:34:59.478+0200: 4,604: Total time for which application threads were stopped: 0,0338744 seconds, Stopping threads took: 0,0000380 seconds
2017-04-24T15:34:59.479+0200: 4,606: [CMS-concurrent-sweep-start]
2017-04-24T15:34:59.479+0200: 4,606: [CMS-concurrent-sweep: 0,000/0,000 secs] [Times: user=0,00 sys=0,00, real=0,00 secs] 
2017-04-24T15:34:59.479+0200: 4,606: [CMS-concurrent-reset-start]
2017-04-24T15:34:59.482+0200: 4,609: [CMS-concurrent-reset: 0,003/0,003 secs] [Times: user=0,01 sys=0,00, real=0,01 secs] 
2017-04-24T15:34:59.492+0200: 4,619: Total time for which application threads were stopped: 0,0006697 seconds, Stopping threads took: 0,0005574 seconds
2017-04-24T15:34:59.495+0200: 4,622: Total time for which application threads were stopped: 0,0001601 seconds, Stopping threads took: 0,0000509 seconds
2017-04-24T15:34:59.495+0200: 4,622: Total time for which application threads were stopped: 0,0000802 seconds, Stopping threads took: 0,0000280 seconds
2017-04-24T15:34:59.495+0200: 4,622: Total time for which application threads were stopped: 0,0000586 seconds, Stopping threads took: 0,0000136 seconds
2017-04-24T15:34:59.497+0200: 4,623: Total time for which application threads were stopped: 0,0001637 seconds, Stopping threads took: 0,0000766 seconds
2017-04-24T15:34:59.497+0200: 4,623: Total time for which application threads were stopped: 0,0001102 seconds, Stopping threads took: 0,0000430 seconds
2017-04-24T15:34:59.497+0200: 4,623: Total time for which application threads were stopped: 0,0001479 seconds, Stopping threads took: 0,0000326 seconds
2017-04-24T15:34:59.498+0200: 4,624: Total time for which application threads were stopped: 0,0001529 seconds, Stopping threads took: 0,0000248 seconds
2017-04-24T15:34:59.509+0200: 4,636: Total time for which application threads were stopped: 0,0025985 seconds, Stopping threads took: 0,0024831 seconds
2017-04-24T15:34:59.511+0200: 4,637: Total time for which application threads were stopped: 0,0001495 seconds, Stopping threads took: 0,0000633 seconds
2017-04-24T15:34:59.511+0200: 4,637: Total time for which application threads were stopped: 0,0000628 seconds, Stopping threads took: 0,0000195 seconds
2017-04-24T15:34:59.512+0200: 4,638: Total time for which application threads were stopped: 0,0001503 seconds, Stopping threads took: 0,0000692 seconds
2017-04-24T15:34:59.512+0200: 4,639: Total time for which application threads were stopped: 0,0000905 seconds, Stopping threads took: 0,0000303 seconds
2017-04-24T15:34:59.512+0200: 4,639: Total time for which application threads were stopped: 0,0000755 seconds, Stopping threads took: 0,0000214 seconds
2017-04-24T15:34:59.513+0200: 4,639: Total time for which application threads were stopped: 0,0002036 seconds, Stopping threads took: 0,0001544 seconds
2017-04-24T15:34:59.513+0200: 4,639: Total time for which application threads were stopped: 0,0000709 seconds, Stopping threads took: 0,0000193 seconds
2017-04-24T15:34:59.513+0200: 4,639: Total time for which application threads were stopped: 0,0000982 seconds, Stopping threads took: 0,0000449 seconds
2017-04-24T15:34:59.513+0200: 4,639: Total time for which application threads were stopped: 0,0000661 seconds, Stopping threads took: 0,0000248 seconds
2017-04-24T15:34:59.513+0200: 4,640: Total time for which application threads were stopped: 0,0001581 seconds, Stopping threads took: 0,0000212 seconds
2017-04-24T15:34:59.513+0200: 4,640: Total time for which application threads were stopped: 0,0000671 seconds, Stopping threads took: 0,0000308 seconds
2017-04-24T15:34:59.513+0200: 4,640: Total time for which application threads were stopped: 0,0000734 seconds, Stopping threads took: 0,0000353 seconds
2017-04-24T15:34:59.514+0200: 4,640: Total time for which application threads were stopped: 0,0000517 seconds, Stopping threads took: 0,0000111 seconds
2017-04-24T15:34:59.514+0200: 4,640: Total time for which application threads were stopped: 0,0000482 seconds, Stopping threads took: 0,0000103 seconds
2017-04-24T15:34:59.514+0200: 4,641: Total time for which application threads were stopped: 0,0001079 seconds, Stopping threads took: 0,0000518 seconds
2017-04-24T15:34:59.514+0200: 4,641: Total time for which application threads were stopped: 0,0000647 seconds, Stopping threads took: 0,0000271 seconds
2017-04-24T15:34:59.515+0200: 4,641: Total time for which application threads were stopped: 0,0000926 seconds, Stopping threads took: 0,0000306 seconds
2017-04-24T15:34:59.515+0200: 4,641: Total time for which application threads were stopped: 0,0001026 seconds, Stopping threads took: 0,0000372 seconds
2017-04-24T15:34:59.558+0200: 4,685: Total time for which application threads were stopped: 0,0002127 seconds, Stopping threads took: 0,0000836 seconds
2017-04-24T15:34:59.560+0200: 4,687: Total time for which application threads were stopped: 0,0008412 seconds, Stopping threads took: 0,0003156 seconds
2017-04-24T15:34:59.563+0200: 4,689: Total time for which application threads were stopped: 0,0015514 seconds, Stopping threads took: 0,0011579 seconds
2017-04-24T15:34:59.565+0200: 4,692: Total time for which application threads were stopped: 0,0018510 seconds, Stopping threads took: 0,0015998 seconds
2017-04-24T15:34:59.657+0200: 4,784: Total time for which application threads were stopped: 0,0010919 seconds, Stopping threads took: 0,0009672 seconds
2017-04-24T15:34:59.658+0200: 4,784: Total time for which application threads were stopped: 0,0000696 seconds, Stopping threads took: 0,0000201 seconds
2017-04-24T15:34:59.673+0200: 4,799: Total time for which application threads were stopped: 0,0009100 seconds, Stopping threads took: 0,0003919 seconds
2017-04-24T15:34:59.674+0200: 4,800: Total time for which application threads were stopped: 0,0006575 seconds, Stopping threads took: 0,0002507 seconds
2017-04-24T15:34:59.678+0200: 4,805: Total time for which application threads were stopped: 0,0010082 seconds, Stopping threads took: 0,0003725 seconds
2017-04-24T15:34:59.691+0200: 4,817: Total time for which application threads were stopped: 0,0031237 seconds, Stopping threads took: 0,0026407 seconds
2017-04-24T15:34:59.695+0200: 4,821: Total time for which application threads were stopped: 0,0037091 seconds, Stopping threads took: 0,0030080 seconds
{Heap before GC invocations=4 (full 1):
 par new generation   total 109248K, used 99156K [0x00000000e0000000, 0x00000000e8000000, 0x00000000e8000000)
  eden space 87424K, 100% used [0x00000000e0000000, 0x00000000e5560000, 0x00000000e5560000)
  from space 21824K,  53% used [0x00000000e5560000, 0x00000000e60d5200, 0x00000000e6ab0000)
  to   space 21824K,   0% used [0x00000000e6ab0000, 0x00000000e6ab0000, 0x00000000e8000000)
 concurrent mark-sweep generation total 393216K, used 0K [0x00000000e8000000, 0x0000000100000000, 0x0000000100000000)
 Metaspace       used 21336K, capacity 21730K, committed 21884K, reserved 1069056K
  class space    used 2461K, capacity 2636K, committed 2684K, reserved 1048576K
2017-04-24T15:34:59.696+0200: 4,823: [GC (Allocation Failure) 2017-04-24T15:34:59.697+0200: 4,823: [ParNew
Desired survivor size 20112992 bytes, new threshold 8 (max 8)
- age   1:     429128 bytes,     429128 total
- age   2:     120928 bytes,     550056 total
- age   3:    1497384 bytes,    2047440 total
- age   4:    1256056 bytes,    3303496 total
- age   5:    6179640 bytes,    9483136 total
: 99156K->13010K(109248K), 0,0182389 secs] 99156K->13010K(502464K), 0,0185459 secs] [Times: user=0,05 sys=0,00, real=0,02 secs] 
Heap after GC invocations=5 (full 1):
 par new generation   total 109248K, used 13010K [0x00000000e0000000, 0x00000000e8000000, 0x00000000e8000000)
  eden space 87424K,   0% used [0x00000000e0000000, 0x00000000e0000000, 0x00000000e5560000)
  from space 21824K,  59% used [0x00000000e6ab0000, 0x00000000e7764b10, 0x00000000e8000000)
  to   space 21824K,   0% used [0x00000000e5560000, 0x00000000e5560000, 0x00000000e6ab0000)
 concurrent mark-sweep generation total 393216K, used 0K [0x00000000e8000000, 0x0000000100000000, 0x0000000100000000)
 Metaspace       used 21336K, capacity 21730K, committed 21884K, reserved 1069056K
  class space    used 2461K, capacity 2636K, committed 2684K, reserved 1048576K
}
2017-04-24T15:34:59.715+0200: 4,842: Total time for which application threads were stopped: 0,0194360 seconds, Stopping threads took: 0,0000882 seconds
2017-04-24T15:34:59.717+0200: 4,843: Total time for which application threads were stopped: 0,0003973 seconds, Stopping threads took: 0,0000752 seconds
2017-04-24T15:34:59.719+0200: 4,846: Total time for which application threads were stopped: 0,0007973 seconds, Stopping threads took: 0,0001753 seconds
2017-04-24T15:34:59.746+0200: 4,873: Total time for which application threads were stopped: 0,0010650 seconds, Stopping threads took: 0,0006682 seconds
2017-04-24T15:34:59.750+0200: 4,877: Total time for which application threads were stopped: 0,0006664 seconds, Stopping threads took: 0,0005643 seconds
2017-04-24T15:34:59.872+0200: 4,998: Total time for which application threads were stopped: 0,0001627 seconds, Stopping threads took: 0,0000546 seconds
2017-04-24T15:34:59.873+0200: 5,000: Total time for which application threads were stopped: 0,0001581 seconds, Stopping threads took: 0,0000540 seconds
2017-04-24T15:34:59.905+0200: 5,032: Total time for which application threads were stopped: 0,0007556 seconds, Stopping threads took: 0,0001800 seconds
2017-04-24T15:34:59.909+0200: 5,035: Total time for which application threads were stopped: 0,0004746 seconds, Stopping threads took: 0,0000355 seconds
2017-04-24T15:34:59.911+0200: 5,038: Total time for which application threads were stopped: 0,0008688 seconds, Stopping threads took: 0,0001626 seconds
2017-04-24T15:34:59.952+0200: 5,078: Total time for which application threads were stopped: 0,0001311 seconds, Stopping threads took: 0,0000537 seconds
2017-04-24T15:34:59.958+0200: 5,084: Total time for which application threads were stopped: 0,0001294 seconds, Stopping threads took: 0,0000404 seconds
2017-04-24T15:34:59.966+0200: 5,093: Total time for which application threads were stopped: 0,0001661 seconds, Stopping threads took: 0,0000693 seconds
2017-04-24T15:34:59.967+0200: 5,094: Total time for which application threads were stopped: 0,0001046 seconds, Stopping threads took: 0,0000407 seconds
2017-04-24T15:34:59.969+0200: 5,096: Total time for which application threads were stopped: 0,0000795 seconds, Stopping threads took: 0,0000156 seconds
2017-04-24T15:34:59.974+0200: 5,101: Total time for which application threads were stopped: 0,0001533 seconds, Stopping threads took: 0,0000517 seconds
2017-04-24T15:34:59.993+0200: 5,120: Total time for which application threads were stopped: 0,0001039 seconds, Stopping threads took: 0,0000221 seconds
2017-04-24T15:34:59.996+0200: 5,123: Total time for which application threads were stopped: 0,0001516 seconds, Stopping threads took: 0,0000602 seconds
2017-04-24T15:35:00.101+0200: 5,228: Total time for which application threads were stopped: 0,0001903 seconds, Stopping threads took: 0,0000762 seconds
2017-04-24T15:35:00.220+0200: 5,346: Total time for which application threads were stopped: 0,0007367 seconds, Stopping threads took: 0,0003162 seconds
2017-04-24T15:35:00.258+0200: 5,385: Total time for which application threads were stopped: 0,0001889 seconds, Stopping threads took: 0,0000468 seconds
2017-04-24T15:35:00.300+0200: 5,426: Total time for which application threads were stopped: 0,0003739 seconds, Stopping threads took: 0,0000295 seconds
2017-04-24T15:35:00.315+0200: 5,442: Total time for which application threads were stopped: 0,0004002 seconds, Stopping threads took: 0,0000416 seconds
2017-04-24T15:35:00.318+0200: 5,445: Total time for which application threads were stopped: 0,0015389 seconds, Stopping threads took: 0,0014815 seconds
2017-04-24T15:35:00.322+0200: 5,449: Total time for which application threads were stopped: 0,0010104 seconds, Stopping threads took: 0,0009042 seconds
2017-04-24T15:35:00.332+0200: 5,459: Total time for which application threads were stopped: 0,0004125 seconds, Stopping threads took: 0,0000680 seconds
2017-04-24T15:35:00.344+0200: 5,471: Total time for which application threads were stopped: 0,0001081 seconds, Stopping threads took: 0,0000391 seconds
2017-04-24T15:35:00.346+0200: 5,473: Total time for which application threads were stopped: 0,0000957 seconds, Stopping threads took: 0,0000338 seconds
2017-04-24T15:35:00.352+0200: 5,478: Total time for which application threads were stopped: 0,0002388 seconds, Stopping threads took: 0,0001854 seconds
2017-04-24T15:35:00.365+0200: 5,492: Total time for which application threads were stopped: 0,0000905 seconds, Stopping threads took: 0,0000314 seconds
2017-04-24T15:35:00.370+0200: 5,497: Total time for which application threads were stopped: 0,0002247 seconds, Stopping threads took: 0,0001489 seconds
2017-04-24T15:35:00.371+0200: 5,497: Total time for which application threads were stopped: 0,0001013 seconds, Stopping threads took: 0,0000548 seconds
2017-04-24T15:35:00.373+0200: 5,500: Total time for which application threads were stopped: 0,0000970 seconds, Stopping threads took: 0,0000449 seconds
2017-04-24T15:35:00.374+0200: 5,501: Total time for which application threads were stopped: 0,0001160 seconds, Stopping threads took: 0,0000588 seconds
2017-04-24T15:35:00.378+0200: 5,505: Total time for which application threads were stopped: 0,0001186 seconds, Stopping threads took: 0,0000515 seconds
{Heap before GC invocations=5 (full 1):
 par new generation   total 109248K, used 100434K [0x00000000e0000000, 0x00000000e8000000, 0x00000000e8000000)
  eden space 87424K, 100% used [0x00000000e0000000, 0x00000000e5560000, 0x00000000e5560000)
  from space 21824K,  59% used [0x00000000e6ab0000, 0x00000000e7764b10, 0x00000000e8000000)
  to   space 21824K,   0% used [0x00000000e5560000, 0x00000000e5560000, 0x00000000e6ab0000)
 concurrent mark-sweep generation total 393216K, used 0K [0x00000000e8000000, 0x0000000100000000, 0x0000000100000000)
 Metaspace       used 23876K, capacity 24332K, committed 24572K, reserved 1071104K
  class space    used 2816K, capacity 3011K, committed 3068K, reserved 1048576K
2017-04-24T15:35:00.614+0200: 5,741: [GC (Allocation Failure) 2017-04-24T15:35:00.614+0200: 5,741: [ParNew
Desired survivor size 20112992 bytes, new threshold 8 (max 8)
- age   1:    5113328 bytes,    5113328 total
- age   2:     117624 bytes,    5230952 total
- age   3:     118760 bytes,    5349712 total
- age   4:     326152 bytes,    5675864 total
- age   5:    1227864 bytes,    6903728 total
- age   6:    6171336 bytes,   13075064 total
: 100434K->16923K(109248K), 0,0114627 secs] 100434K->16923K(502464K), 0,0115493 secs] [Times: user=0,05 sys=0,00, real=0,01 secs] 
Heap after GC invocations=6 (full 1):
 par new generation   total 109248K, used 16923K [0x00000000e0000000, 0x00000000e8000000, 0x00000000e8000000)
  eden space 87424K,   0% used [0x00000000e0000000, 0x00000000e0000000, 0x00000000e5560000)
  from space 21824K,  77% used [0x00000000e5560000, 0x00000000e65e6f00, 0x00000000e6ab0000)
  to   space 21824K,   0% used [0x00000000e6ab0000, 0x00000000e6ab0000, 0x00000000e8000000)
 concurrent mark-sweep generation total 393216K, used 0K [0x00000000e8000000, 0x0000000100000000, 0x0000000100000000)
 Metaspace       used 23876K, capacity 24332K, committed 24572K, reserved 1071104K
  class space    used 2816K, capacity 3011K, committed 3068K, reserved 1048576K
}
2017-04-24T15:35:00.626+0200: 5,752: Total time for which application threads were stopped: 0,0118643 seconds, Stopping threads took: 0,0000858 seconds
2017-04-24T15:35:00.627+0200: 5,753: Total time for which application threads were stopped: 0,0001193 seconds, Stopping threads took: 0,0000431 seconds
2017-04-24T15:35:00.627+0200: 5,754: Total time for which application threads were stopped: 0,0001202 seconds, Stopping threads took: 0,0000460 seconds
{Heap before GC invocations=6 (full 1):
 par new generation   total 109248K, used 104347K [0x00000000e0000000, 0x00000000e8000000, 0x00000000e8000000)
  eden space 87424K, 100% used [0x00000000e0000000, 0x00000000e5560000, 0x00000000e5560000)
  from space 21824K,  77% used [0x00000000e5560000, 0x00000000e65e6f00, 0x00000000e6ab0000)
  to   space 21824K,   0% used [0x00000000e6ab0000, 0x00000000e6ab0000, 0x00000000e8000000)
 concurrent mark-sweep generation total 393216K, used 0K [0x00000000e8000000, 0x0000000100000000, 0x0000000100000000)
 Metaspace       used 24381K, capacity 24882K, committed 25084K, reserved 1071104K
  class space    used 2857K, capacity 3044K, committed 3068K, reserved 1048576K
2017-04-24T15:35:00.770+0200: 5,897: [GC (Allocation Failure) 2017-04-24T15:35:00.771+0200: 5,897: [ParNew
Desired survivor size 20112992 bytes, new threshold 8 (max 8)
- age   1:    1488256 bytes,    1488256 total
- age   2:    1788744 bytes,    3277000 total
- age   3:      59096 bytes,    3336096 total
- age   4:      67528 bytes,    3403624 total
- age   5:     191896 bytes,    3595520 total
- age   6:     963088 bytes,    4558608 total
- age   7:    5899480 bytes,   10458088 total
: 104347K->12397K(109248K), 0,0229063 secs] 104347K->12397K(502464K), 0,0230019 secs] [Times: user=0,05 sys=0,00, real=0,02 secs] 
Heap after GC invocations=7 (full 1):
 par new generation   total 109248K, used 12397K [0x00000000e0000000, 0x00000000e8000000, 0x00000000e8000000)
  eden space 87424K,   0% used [0x00000000e0000000, 0x00000000e0000000, 0x00000000e5560000)
  from space 21824K,  56% used [0x00000000e6ab0000, 0x00000000e76cb440, 0x00000000e8000000)
  to   space 21824K,   0% used [0x00000000e5560000, 0x00000000e5560000, 0x00000000e6ab0000)
 concurrent mark-sweep generation total 393216K, used 0K [0x00000000e8000000, 0x0000000100000000, 0x0000000100000000)
 Metaspace       used 24381K, capacity 24882K, committed 25084K, reserved 1071104K
  class space    used 2857K, capacity 3044K, committed 3068K, reserved 1048576K
}
2017-04-24T15:35:00.794+0200: 5,920: Total time for which application threads were stopped: 0,0301439 seconds, Stopping threads took: 0,0069357 seconds
2017-04-24T15:35:00.799+0200: 5,926: Total time for which application threads were stopped: 0,0008308 seconds, Stopping threads took: 0,0007496 seconds
2017-04-24T15:35:00.799+0200: 5,926: Total time for which application threads were stopped: 0,0000904 seconds, Stopping threads took: 0,0000287 seconds
2017-04-24T15:35:00.799+0200: 5,926: Total time for which application threads were stopped: 0,0000557 seconds, Stopping threads took: 0,0000191 seconds
{Heap before GC invocations=7 (full 1):
 par new generation   total 109248K, used 99819K [0x00000000e0000000, 0x00000000e8000000, 0x00000000e8000000)
  eden space 87424K,  99% used [0x00000000e0000000, 0x00000000e555faf8, 0x00000000e5560000)
  from space 21824K,  56% used [0x00000000e6ab0000, 0x00000000e76cb440, 0x00000000e8000000)
  to   space 21824K,   0% used [0x00000000e5560000, 0x00000000e5560000, 0x00000000e6ab0000)
 concurrent mark-sweep generation total 393216K, used 0K [0x00000000e8000000, 0x0000000100000000, 0x0000000100000000)
 Metaspace       used 24842K, capacity 25324K, committed 25468K, reserved 1071104K
  class space    used 2900K, capacity 3081K, committed 3196K, reserved 1048576K
2017-04-24T15:35:00.919+0200: 6,045: [GC (Allocation Failure) 2017-04-24T15:35:00.919+0200: 6,045: [ParNew
Desired survivor size 20112992 bytes, new threshold 8 (max 8)
- age   1:    1319680 bytes,    1319680 total
- age   2:     788312 bytes,    2107992 total
- age   3:    1765704 bytes,    3873696 total
- age   4:      58744 bytes,    3932440 total
- age   5:      67360 bytes,    3999800 total
- age   6:     188440 bytes,    4188240 total
- age   7:     962320 bytes,    5150560 total
- age   8:    5899424 bytes,   11049984 total
: 99819K->16116K(109248K), 0,0441560 secs] 99819K->16116K(502464K), 0,0443706 secs] [Times: user=0,08 sys=0,00, real=0,05 secs] 
Heap after GC invocations=8 (full 1):
 par new generation   total 109248K, used 16116K [0x00000000e0000000, 0x00000000e8000000, 0x00000000e8000000)
  eden space 87424K,   0% used [0x00000000e0000000, 0x00000000e0000000, 0x00000000e5560000)
  from space 21824K,  73% used [0x00000000e5560000, 0x00000000e651d1d8, 0x00000000e6ab0000)
  to   space 21824K,   0% used [0x00000000e6ab0000, 0x00000000e6ab0000, 0x00000000e8000000)
 concurrent mark-sweep generation total 393216K, used 0K [0x00000000e8000000, 0x0000000100000000, 0x0000000100000000)
 Metaspace       used 24842K, capacity 25324K, committed 25468K, reserved 1071104K
  class space    used 2900K, capacity 3081K, committed 3196K, reserved 1048576K
}
2017-04-24T15:35:00.963+0200: 6,090: Total time for which application threads were stopped: 0,0470303 seconds, Stopping threads took: 0,0021744 seconds
2017-04-24T15:35:01.126+0200: 6,252: Total time for which application threads were stopped: 0,0015228 seconds, Stopping threads took: 0,0013834 seconds
2017-04-24T15:35:01.129+0200: 6,256: Total time for which application threads were stopped: 0,0001325 seconds, Stopping threads took: 0,0000358 seconds
2017-04-24T15:35:01.130+0200: 6,256: Total time for which application threads were stopped: 0,0001734 seconds, Stopping threads took: 0,0001065 seconds
2017-04-24T15:35:01.131+0200: 6,257: Total time for which application threads were stopped: 0,0001471 seconds, Stopping threads took: 0,0000524 seconds
2017-04-24T15:35:01.132+0200: 6,259: Total time for which application threads were stopped: 0,0014338 seconds, Stopping threads took: 0,0013333 seconds
2017-04-24T15:35:01.158+0200: 6,284: Total time for which application threads were stopped: 0,0002440 seconds, Stopping threads took: 0,0001384 seconds
2017-04-24T15:35:01.163+0200: 6,290: Total time for which application threads were stopped: 0,0010428 seconds, Stopping threads took: 0,0009502 seconds
2017-04-24T15:35:01.173+0200: 6,299: Total time for which application threads were stopped: 0,0023073 seconds, Stopping threads took: 0,0022177 seconds
2017-04-24T15:35:01.173+0200: 6,299: Total time for which application threads were stopped: 0,0001643 seconds, Stopping threads took: 0,0000884 seconds
2017-04-24T15:35:01.174+0200: 6,300: Total time for which application threads were stopped: 0,0001610 seconds, Stopping threads took: 0,0000587 seconds
2017-04-24T15:35:01.198+0200: 6,325: Total time for which application threads were stopped: 0,0002871 seconds, Stopping threads took: 0,0001341 seconds
2017-04-24T15:35:01.218+0200: 6,345: Total time for which application threads were stopped: 0,0000761 seconds, Stopping threads took: 0,0000198 seconds
2017-04-24T15:35:01.257+0200: 6,384: Total time for which application threads were stopped: 0,0007917 seconds, Stopping threads took: 0,0007095 seconds
2017-04-24T15:35:01.265+0200: 6,392: Total time for which application threads were stopped: 0,0003746 seconds, Stopping threads took: 0,0000244 seconds
2017-04-24T15:35:01.278+0200: 6,404: Total time for which application threads were stopped: 0,0004124 seconds, Stopping threads took: 0,0000182 seconds
2017-04-24T15:35:01.341+0200: 6,467: Total time for which application threads were stopped: 0,0004510 seconds, Stopping threads took: 0,0000656 seconds
2017-04-24T15:35:01.342+0200: 6,469: Total time for which application threads were stopped: 0,0001582 seconds, Stopping threads took: 0,0000672 seconds
2017-04-24T15:35:01.342+0200: 6,469: Total time for which application threads were stopped: 0,0001588 seconds, Stopping threads took: 0,0000249 seconds
2017-04-24T15:35:01.352+0200: 6,479: Total time for which application threads were stopped: 0,0001277 seconds, Stopping threads took: 0,0000392 seconds
2017-04-24T15:35:01.356+0200: 6,482: Total time for which application threads were stopped: 0,0001181 seconds, Stopping threads took: 0,0000406 seconds
2017-04-24T15:35:01.364+0200: 6,491: Total time for which application threads were stopped: 0,0001840 seconds, Stopping threads took: 0,0000637 seconds
2017-04-24T15:35:01.374+0200: 6,500: Total time for which application threads were stopped: 0,0009223 seconds, Stopping threads took: 0,0008491 seconds
{Heap before GC invocations=8 (full 1):
 par new generation   total 109248K, used 103540K [0x00000000e0000000, 0x00000000e8000000, 0x00000000e8000000)
  eden space 87424K, 100% used [0x00000000e0000000, 0x00000000e5560000, 0x00000000e5560000)
  from space 21824K,  73% used [0x00000000e5560000, 0x00000000e651d1d8, 0x00000000e6ab0000)
  to   space 21824K,   0% used [0x00000000e6ab0000, 0x00000000e6ab0000, 0x00000000e8000000)
 concurrent mark-sweep generation total 393216K, used 0K [0x00000000e8000000, 0x0000000100000000, 0x0000000100000000)
 Metaspace       used 26973K, capacity 27558K, committed 27644K, reserved 1073152K
  class space    used 3097K, capacity 3290K, committed 3324K, reserved 1048576K
2017-04-24T15:35:01.383+0200: 6,510: [GC (Allocation Failure) 2017-04-24T15:35:01.383+0200: 6,510: [ParNew
Desired survivor size 20112992 bytes, new threshold 8 (max 8)
- age   1:    7615184 bytes,    7615184 total
- age   2:     238672 bytes,    7853856 total
- age   3:     208424 bytes,    8062280 total
- age   4:    1758744 bytes,    9821024 total
- age   5:      58392 bytes,    9879416 total
- age   6:      67328 bytes,    9946744 total
- age   7:     188152 bytes,   10134896 total
- age   8:     960704 bytes,   11095600 total
: 103540K->12697K(109248K), 0,0351540 secs] 103540K->19025K(502464K), 0,0352318 secs] [Times: user=0,11 sys=0,00, real=0,03 secs] 
Heap after GC invocations=9 (full 1):
 par new generation   total 109248K, used 12697K [0x00000000e0000000, 0x00000000e8000000, 0x00000000e8000000)
  eden space 87424K,   0% used [0x00000000e0000000, 0x00000000e0000000, 0x00000000e5560000)
  from space 21824K,  58% used [0x00000000e6ab0000, 0x00000000e77167c0, 0x00000000e8000000)
  to   space 21824K,   0% used [0x00000000e5560000, 0x00000000e5560000, 0x00000000e6ab0000)
 concurrent mark-sweep generation total 393216K, used 6327K [0x00000000e8000000, 0x0000000100000000, 0x0000000100000000)
 Metaspace       used 26973K, capacity 27558K, committed 27644K, reserved 1073152K
  class space    used 3097K, capacity 3290K, committed 3324K, reserved 1048576K
}
2017-04-24T15:35:01.418+0200: 6,545: Total time for which application threads were stopped: 0,0354915 seconds, Stopping threads took: 0,0000802 seconds
2017-04-24T15:35:01.423+0200: 6,549: Total time for which application threads were stopped: 0,0001347 seconds, Stopping threads took: 0,0000307 seconds
2017-04-24T15:35:01.423+0200: 6,549: Total time for which application threads were stopped: 0,0000971 seconds, Stopping threads took: 0,0000361 seconds
2017-04-24T15:35:01.423+0200: 6,550: Total time for which application threads were stopped: 0,0000980 seconds, Stopping threads took: 0,0000409 seconds
2017-04-24T15:35:01.442+0200: 6,568: Total time for which application threads were stopped: 0,0003044 seconds, Stopping threads took: 0,0002200 seconds
2017-04-24T15:35:01.450+0200: 6,576: Total time for which application threads were stopped: 0,0004078 seconds, Stopping threads took: 0,0003260 seconds
2017-04-24T15:35:01.456+0200: 6,583: Total time for which application threads were stopped: 0,0001284 seconds, Stopping threads took: 0,0000417 seconds
2017-04-24T15:35:01.478+0200: 6,604: Total time for which application threads were stopped: 0,0006689 seconds, Stopping threads took: 0,0005888 seconds
2017-04-24T15:35:01.478+0200: 6,605: Total time for which application threads were stopped: 0,0000931 seconds, Stopping threads took: 0,0000299 seconds
2017-04-24T15:35:01.490+0200: 6,617: Total time for which application threads were stopped: 0,0005041 seconds, Stopping threads took: 0,0000399 seconds
2017-04-24T15:35:01.514+0200: 6,641: Total time for which application threads were stopped: 0,0001285 seconds, Stopping threads took: 0,0000357 seconds
2017-04-24T15:36:18.524+0200: 83,650: Total time for which application threads were stopped: 0,0000881 seconds, Stopping threads took: 0,0000212 seconds
2017-04-24T15:36:53.527+0200: 118,654: Total time for which application threads were stopped: 0,0000812 seconds, Stopping threads took: 0,0000327 seconds
2017-04-24T15:36:58.528+0200: 123,655: Total time for which application threads were stopped: 0,0001138 seconds, Stopping threads took: 0,0000446 seconds
2017-04-24T15:39:33.546+0200: 278,673: Total time for which application threads were stopped: 0,0004445 seconds, Stopping threads took: 0,0001985 seconds
2017-04-24T15:49:12.890+0200: 858,017: Total time for which application threads were stopped: 0,0003671 seconds, Stopping threads took: 0,0000138 seconds
2017-04-24T15:49:12.902+0200: 858,029: Total time for which application threads were stopped: 0,0010336 seconds, Stopping threads took: 0,0009694 seconds
2017-04-24T15:49:12.907+0200: 858,033: Total time for which application threads were stopped: 0,0036702 seconds, Stopping threads took: 0,0033997 seconds
2017-04-24T15:49:12.911+0200: 858,037: Total time for which application threads were stopped: 0,0004495 seconds, Stopping threads took: 0,0000776 seconds
2017-04-24T15:49:12.914+0200: 858,041: Total time for which application threads were stopped: 0,0000915 seconds, Stopping threads took: 0,0000174 seconds
2017-04-24T15:49:12.915+0200: 858,042: Total time for which application threads were stopped: 0,0001019 seconds, Stopping threads took: 0,0000484 seconds
2017-04-24T15:49:12.916+0200: 858,043: Total time for which application threads were stopped: 0,0000694 seconds, Stopping threads took: 0,0000075 seconds
2017-04-24T15:49:12.916+0200: 858,043: Total time for which application threads were stopped: 0,0000624 seconds, Stopping threads took: 0,0000145 seconds
2017-04-24T15:49:12.916+0200: 858,043: Total time for which application threads were stopped: 0,0000439 seconds, Stopping threads took: 0,0000198 seconds
2017-04-24T15:49:12.917+0200: 858,043: Total time for which application threads were stopped: 0,0000607 seconds, Stopping threads took: 0,0000348 seconds
2017-04-24T15:49:12.917+0200: 858,043: Total time for which application threads were stopped: 0,0000256 seconds, Stopping threads took: 0,0000068 seconds
2017-04-24T15:49:12.917+0200: 858,043: Total time for which application threads were stopped: 0,0000371 seconds, Stopping threads took: 0,0000150 seconds
2017-04-24T15:49:12.917+0200: 858,043: Total time for which application threads were stopped: 0,0000265 seconds, Stopping threads took: 0,0000073 seconds
2017-04-24T15:49:12.917+0200: 858,043: Total time for which application threads were stopped: 0,0000333 seconds, Stopping threads took: 0,0000133 seconds
2017-04-24T15:49:12.917+0200: 858,043: Total time for which application threads were stopped: 0,0000423 seconds, Stopping threads took: 0,0000197 seconds
2017-04-24T15:49:12.917+0200: 858,043: Total time for which application threads were stopped: 0,0000369 seconds, Stopping threads took: 0,0000137 seconds
2017-04-24T15:49:12.917+0200: 858,043: Total time for which application threads were stopped: 0,0000348 seconds, Stopping threads took: 0,0000147 seconds
2017-04-24T15:49:12.917+0200: 858,043: Total time for which application threads were stopped: 0,0000308 seconds, Stopping threads took: 0,0000109 seconds
2017-04-24T15:49:12.917+0200: 858,044: Total time for which application threads were stopped: 0,0000364 seconds, Stopping threads took: 0,0000160 seconds
2017-04-24T15:49:12.917+0200: 858,044: Total time for which application threads were stopped: 0,0000331 seconds, Stopping threads took: 0,0000128 seconds
2017-04-24T15:49:12.917+0200: 858,044: Total time for which application threads were stopped: 0,0000344 seconds, Stopping threads took: 0,0000155 seconds
2017-04-24T15:49:12.917+0200: 858,044: Total time for which application threads were stopped: 0,0000356 seconds, Stopping threads took: 0,0000130 seconds
2017-04-24T15:49:12.917+0200: 858,044: Total time for which application threads were stopped: 0,0000298 seconds, Stopping threads took: 0,0000079 seconds
2017-04-24T15:49:12.917+0200: 858,044: Total time for which application threads were stopped: 0,0000252 seconds, Stopping threads took: 0,0000060 seconds
2017-04-24T15:49:12.917+0200: 858,044: Total time for which application threads were stopped: 0,0000474 seconds, Stopping threads took: 0,0000232 seconds
2017-04-24T15:49:12.918+0200: 858,044: Total time for which application threads were stopped: 0,0000403 seconds, Stopping threads took: 0,0000176 seconds
2017-04-24T15:49:12.918+0200: 858,044: Total time for which application threads were stopped: 0,0000403 seconds, Stopping threads took: 0,0000128 seconds
2017-04-24T15:49:12.918+0200: 858,044: Total time for which application threads were stopped: 0,0000578 seconds, Stopping threads took: 0,0000339 seconds
2017-04-24T15:49:12.918+0200: 858,044: Total time for which application threads were stopped: 0,0000729 seconds, Stopping threads took: 0,0000519 seconds
2017-04-24T15:49:12.918+0200: 858,044: Total time for which application threads were stopped: 0,0000331 seconds, Stopping threads took: 0,0000126 seconds
2017-04-24T15:49:12.918+0200: 858,044: Total time for which application threads were stopped: 0,0000327 seconds, Stopping threads took: 0,0000129 seconds
2017-04-24T15:49:12.918+0200: 858,045: Total time for which application threads were stopped: 0,0000281 seconds, Stopping threads took: 0,0000082 seconds
2017-04-24T15:49:12.918+0200: 858,045: Total time for which application threads were stopped: 0,0000268 seconds, Stopping threads took: 0,0000068 seconds
2017-04-24T15:49:12.918+0200: 858,045: Total time for which application threads were stopped: 0,0000480 seconds, Stopping threads took: 0,0000237 seconds
2017-04-24T15:49:12.924+0200: 858,051: Total time for which application threads were stopped: 0,0002012 seconds, Stopping threads took: 0,0001492 seconds
2017-04-24T15:49:12.924+0200: 858,051: Total time for which application threads were stopped: 0,0000726 seconds, Stopping threads took: 0,0000145 seconds
2017-04-24T15:49:12.928+0200: 858,055: Total time for which application threads were stopped: 0,0001151 seconds, Stopping threads took: 0,0000252 seconds
2017-04-24T15:49:12.928+0200: 858,055: Total time for which application threads were stopped: 0,0000540 seconds, Stopping threads took: 0,0000106 seconds
2017-04-24T15:49:12.928+0200: 858,055: Total time for which application threads were stopped: 0,0000450 seconds, Stopping threads took: 0,0000094 seconds
2017-04-24T15:49:12.929+0200: 858,055: Total time for which application threads were stopped: 0,0000596 seconds, Stopping threads took: 0,0000138 seconds
2017-04-24T15:49:12.929+0200: 858,056: Total time for which application threads were stopped: 0,0000849 seconds, Stopping threads took: 0,0000293 seconds
2017-04-24T15:49:12.929+0200: 858,056: Total time for which application threads were stopped: 0,0000530 seconds, Stopping threads took: 0,0000113 seconds
2017-04-24T15:49:12.930+0200: 858,057: Total time for which application threads were stopped: 0,0005279 seconds, Stopping threads took: 0,0001260 seconds
2017-04-24T15:49:12.930+0200: 858,057: Total time for which application threads were stopped: 0,0002442 seconds, Stopping threads took: 0,0001821 seconds
2017-04-24T15:49:12.930+0200: 858,057: Total time for which application threads were stopped: 0,0000618 seconds, Stopping threads took: 0,0000230 seconds
2017-04-24T15:49:12.930+0200: 858,057: Total time for which application threads were stopped: 0,0000479 seconds, Stopping threads took: 0,0000179 seconds
2017-04-24T15:49:12.934+0200: 858,060: Total time for which application threads were stopped: 0,0001137 seconds, Stopping threads took: 0,0000227 seconds
2017-04-24T15:49:12.934+0200: 858,060: Total time for which application threads were stopped: 0,0001365 seconds, Stopping threads took: 0,0000399 seconds
2017-04-24T15:49:12.935+0200: 858,062: Total time for which application threads were stopped: 0,0000968 seconds, Stopping threads took: 0,0000414 seconds
2017-04-24T15:49:12.936+0200: 858,062: Total time for which application threads were stopped: 0,0000785 seconds, Stopping threads took: 0,0000302 seconds
2017-04-24T15:49:12.936+0200: 858,062: Total time for which application threads were stopped: 0,0000389 seconds, Stopping threads took: 0,0000173 seconds
2017-04-24T15:49:12.936+0200: 858,062: Total time for which application threads were stopped: 0,0000353 seconds, Stopping threads took: 0,0000140 seconds
2017-04-24T15:49:12.936+0200: 858,063: Total time for which application threads were stopped: 0,0000375 seconds, Stopping threads took: 0,0000104 seconds
2017-04-24T15:49:12.936+0200: 858,063: Total time for which application threads were stopped: 0,0000419 seconds, Stopping threads took: 0,0000162 seconds
2017-04-24T15:49:12.937+0200: 858,063: Total time for which application threads were stopped: 0,0000299 seconds, Stopping threads took: 0,0000110 seconds
2017-04-24T15:49:12.937+0200: 858,063: Total time for which application threads were stopped: 0,0000956 seconds, Stopping threads took: 0,0000633 seconds
2017-04-24T15:49:12.938+0200: 858,064: Total time for which application threads were stopped: 0,0001036 seconds, Stopping threads took: 0,0000425 seconds
2017-04-24T15:49:12.938+0200: 858,064: Total time for which application threads were stopped: 0,0000529 seconds, Stopping threads took: 0,0000285 seconds
2017-04-24T15:49:12.938+0200: 858,064: Total time for which application threads were stopped: 0,0000408 seconds, Stopping threads took: 0,0000192 seconds
2017-04-24T15:49:12.938+0200: 858,064: Total time for which application threads were stopped: 0,0000360 seconds, Stopping threads took: 0,0000156 seconds
2017-04-24T15:49:12.938+0200: 858,064: Total time for which application threads were stopped: 0,0000565 seconds, Stopping threads took: 0,0000150 seconds
2017-04-24T15:49:12.938+0200: 858,065: Total time for which application threads were stopped: 0,0004124 seconds, Stopping threads took: 0,0003346 seconds
2017-04-24T15:49:12.939+0200: 858,065: Total time for which application threads were stopped: 0,0000634 seconds, Stopping threads took: 0,0000203 seconds
2017-04-24T15:49:12.939+0200: 858,065: Total time for which application threads were stopped: 0,0000495 seconds, Stopping threads took: 0,0000105 seconds
2017-04-24T15:49:12.939+0200: 858,066: Total time for which application threads were stopped: 0,0000599 seconds, Stopping threads took: 0,0000131 seconds
2017-04-24T15:49:12.939+0200: 858,066: Total time for which application threads were stopped: 0,0002509 seconds, Stopping threads took: 0,0000847 seconds
2017-04-24T15:49:12.941+0200: 858,068: Total time for which application threads were stopped: 0,0002209 seconds, Stopping threads took: 0,0001404 seconds
2017-04-24T15:49:12.941+0200: 858,068: Total time for which application threads were stopped: 0,0001073 seconds, Stopping threads took: 0,0000297 seconds
2017-04-24T15:49:12.942+0200: 858,068: Total time for which application threads were stopped: 0,0001684 seconds, Stopping threads took: 0,0000943 seconds
2017-04-24T15:49:12.943+0200: 858,069: Total time for which application threads were stopped: 0,0005237 seconds, Stopping threads took: 0,0000371 seconds
2017-04-24T15:49:12.950+0200: 858,076: Total time for which application threads were stopped: 0,0024523 seconds, Stopping threads took: 0,0023485 seconds
2017-04-24T15:49:12.951+0200: 858,077: Total time for which application threads were stopped: 0,0000536 seconds, Stopping threads took: 0,0000208 seconds
2017-04-24T15:49:12.951+0200: 858,077: Total time for which application threads were stopped: 0,0000488 seconds, Stopping threads took: 0,0000043 seconds
Heap
 par new generation   total 109248K, used 47732K [0x00000000e0000000, 0x00000000e8000000, 0x00000000e8000000)
  eden space 87424K,  40% used [0x00000000e0000000, 0x00000000e22368e0, 0x00000000e5560000)
  from space 21824K,  58% used [0x00000000e6ab0000, 0x00000000e77167c0, 0x00000000e8000000)
  to   space 21824K,   0% used [0x00000000e5560000, 0x00000000e5560000, 0x00000000e6ab0000)
 concurrent mark-sweep generation total 393216K, used 6327K [0x00000000e8000000, 0x0000000100000000, 0x0000000100000000)
 Metaspace       used 28133K, capacity 28734K, committed 29052K, reserved 1075200K
  class space    used 3228K, capacity 3424K, committed 3452K, reserved 1048576K
