OpenJDK 64-Bit Server VM (25.131-b11) for linux-amd64 JRE (1.8.0_131-8u131-b11-2ubuntu1.16.04.2-b11), built on Jul 22 2017 00:56:41 by "buildd" with gcc 5.4.0 20160609
Memory: 4k page, physical 7867736k(7415480k free), swap 8076284k(8076284k free)
CommandLine flags: -XX:CMSInitiatingOccupancyFraction=50 -XX:CMSMaxAbortablePrecleanTime=6000 -XX:+CMSParallelRemarkEnabled -XX:+CMSScavengeBeforeRemark -XX:ConcGCThreads=4 -XX:InitialHeapSize=536870912 -XX:MaxHeapSize=536870912 -XX:MaxTenuringThreshold=8 -XX:NewRatio=3 -XX:OldPLABSize=16 -XX:OnOutOfMemoryError=/opt/solr/bin/oom_solr.sh 8983 /var/solr/logs -XX:ParallelGCThreads=4 -XX:+ParallelRefProcEnabled -XX:PretenureSizeThreshold=67108864 -XX:+PrintGC -XX:+PrintGCApplicationStoppedTime -XX:+PrintGCDateStamps -XX:+PrintGCDetails -XX:+PrintGCTimeStamps -XX:+PrintHeapAtGC -XX:+PrintTenuringDistribution -XX:SurvivorRatio=4 -XX:TargetSurvivorRatio=90 -XX:ThreadStackSize=256 -XX:+UseCMSInitiatingOccupancyOnly -XX:+UseCompressedClassPointers -XX:+UseCompressedOops -XX:+UseConcMarkSweepGC -XX:+UseParNewGC 
2017-07-27T09:25:31.054+0200: 0,154: Total time for which application threads were stopped: 0,0000758 seconds, Stopping threads took: 0,0000104 seconds
2017-07-27T09:25:31.149+0200: 0,250: Total time for which application threads were stopped: 0,0000987 seconds, Stopping threads took: 0,0000094 seconds
2017-07-27T09:25:31.168+0200: 0,269: Total time for which application threads were stopped: 0,0000890 seconds, Stopping threads took: 0,0000170 seconds
2017-07-27T09:25:31.376+0200: 0,477: Total time for which application threads were stopped: 0,0001256 seconds, Stopping threads took: 0,0000129 seconds
2017-07-27T09:25:31.795+0200: 0,896: Total time for which application threads were stopped: 0,0009735 seconds, Stopping threads took: 0,0002502 seconds
2017-07-27T09:25:31.913+0200: 1,014: Total time for which application threads were stopped: 0,0001691 seconds, Stopping threads took: 0,0000147 seconds
2017-07-27T09:25:31.965+0200: 1,066: Total time for which application threads were stopped: 0,0001626 seconds, Stopping threads took: 0,0000244 seconds
2017-07-27T09:25:32.288+0200: 1,389: Total time for which application threads were stopped: 0,0001725 seconds, Stopping threads took: 0,0000150 seconds
2017-07-27T09:25:32.526+0200: 1,627: Total time for which application threads were stopped: 0,0002177 seconds, Stopping threads took: 0,0000151 seconds
2017-07-27T09:25:32.550+0200: 1,651: Total time for which application threads were stopped: 0,0002092 seconds, Stopping threads took: 0,0000164 seconds
2017-07-27T09:25:32.594+0200: 1,695: Total time for which application threads were stopped: 0,0002396 seconds, Stopping threads took: 0,0000323 seconds
2017-07-27T09:25:32.595+0200: 1,696: Total time for which application threads were stopped: 0,0002196 seconds, Stopping threads took: 0,0000310 seconds
2017-07-27T09:25:32.616+0200: 1,717: Total time for which application threads were stopped: 0,0001695 seconds, Stopping threads took: 0,0000177 seconds
2017-07-27T09:25:32.719+0200: 1,820: Total time for which application threads were stopped: 0,0009139 seconds, Stopping threads took: 0,0001245 seconds
2017-07-27T09:25:32.933+0200: 2,034: Total time for which application threads were stopped: 0,0002899 seconds, Stopping threads took: 0,0000719 seconds
{Heap before GC invocations=0 (full 0):
 par new generation   total 109248K, used 87424K [0x00000000e0000000, 0x00000000e8000000, 0x00000000e8000000)
  eden space 87424K, 100% used [0x00000000e0000000, 0x00000000e5560000, 0x00000000e5560000)
  from space 21824K,   0% used [0x00000000e5560000, 0x00000000e5560000, 0x00000000e6ab0000)
  to   space 21824K,   0% used [0x00000000e6ab0000, 0x00000000e6ab0000, 0x00000000e8000000)
 concurrent mark-sweep generation total 393216K, used 0K [0x00000000e8000000, 0x0000000100000000, 0x0000000100000000)
 Metaspace       used 17807K, capacity 18176K, committed 18304K, reserved 1064960K
  class space    used 2022K, capacity 2164K, committed 2176K, reserved 1048576K
2017-07-27T09:25:32.967+0200: 2,067: [GC (Allocation Failure) 2017-07-27T09:25:32.967+0200: 2,067: [ParNew
Desired survivor size 20112992 bytes, new threshold 8 (max 8)
- age   1:   11553808 bytes,   11553808 total
: 87424K->11393K(109248K), 0,0177293 secs] 87424K->11393K(502464K), 0,0178164 secs] [Times: user=0,04 sys=0,01, real=0,02 secs] 
Heap after GC invocations=1 (full 0):
 par new generation   total 109248K, used 11393K [0x00000000e0000000, 0x00000000e8000000, 0x00000000e8000000)
  eden space 87424K,   0% used [0x00000000e0000000, 0x00000000e0000000, 0x00000000e5560000)
  from space 21824K,  52% used [0x00000000e6ab0000, 0x00000000e75d04a8, 0x00000000e8000000)
  to   space 21824K,   0% used [0x00000000e5560000, 0x00000000e5560000, 0x00000000e6ab0000)
 concurrent mark-sweep generation total 393216K, used 0K [0x00000000e8000000, 0x0000000100000000, 0x0000000100000000)
 Metaspace       used 17807K, capacity 18176K, committed 18304K, reserved 1064960K
  class space    used 2022K, capacity 2164K, committed 2176K, reserved 1048576K
}
2017-07-27T09:25:32.985+0200: 2,085: Total time for which application threads were stopped: 0,0180347 seconds, Stopping threads took: 0,0000592 seconds
2017-07-27T09:25:33.344+0200: 2,445: Total time for which application threads were stopped: 0,0003337 seconds, Stopping threads took: 0,0000212 seconds
{Heap before GC invocations=1 (full 0):
 par new generation   total 109248K, used 98817K [0x00000000e0000000, 0x00000000e8000000, 0x00000000e8000000)
  eden space 87424K, 100% used [0x00000000e0000000, 0x00000000e5560000, 0x00000000e5560000)
  from space 21824K,  52% used [0x00000000e6ab0000, 0x00000000e75d04a8, 0x00000000e8000000)
  to   space 21824K,   0% used [0x00000000e5560000, 0x00000000e5560000, 0x00000000e6ab0000)
 concurrent mark-sweep generation total 393216K, used 0K [0x00000000e8000000, 0x0000000100000000, 0x0000000100000000)
 Metaspace       used 20042K, capacity 20362K, committed 20736K, reserved 1067008K
  class space    used 2294K, capacity 2467K, committed 2560K, reserved 1048576K
2017-07-27T09:25:33.376+0200: 2,477: [GC (Allocation Failure) 2017-07-27T09:25:33.376+0200: 2,477: [ParNew
Desired survivor size 20112992 bytes, new threshold 8 (max 8)
- age   1:    4366856 bytes,    4366856 total
- age   2:    6065664 bytes,   10432520 total
: 98817K->14627K(109248K), 0,0125143 secs] 98817K->14627K(502464K), 0,0125857 secs] [Times: user=0,03 sys=0,01, real=0,01 secs] 
Heap after GC invocations=2 (full 0):
 par new generation   total 109248K, used 14627K [0x00000000e0000000, 0x00000000e8000000, 0x00000000e8000000)
  eden space 87424K,   0% used [0x00000000e0000000, 0x00000000e0000000, 0x00000000e5560000)
  from space 21824K,  67% used [0x00000000e5560000, 0x00000000e63a8e80, 0x00000000e6ab0000)
  to   space 21824K,   0% used [0x00000000e6ab0000, 0x00000000e6ab0000, 0x00000000e8000000)
 concurrent mark-sweep generation total 393216K, used 0K [0x00000000e8000000, 0x0000000100000000, 0x0000000100000000)
 Metaspace       used 20042K, capacity 20362K, committed 20736K, reserved 1067008K
  class space    used 2294K, capacity 2467K, committed 2560K, reserved 1048576K
}
2017-07-27T09:25:33.389+0200: 2,489: Total time for which application threads were stopped: 0,0127969 seconds, Stopping threads took: 0,0000507 seconds
2017-07-27T09:25:33.399+0200: 2,499: Total time for which application threads were stopped: 0,0004794 seconds, Stopping threads took: 0,0001677 seconds
2017-07-27T09:25:33.436+0200: 2,537: Total time for which application threads were stopped: 0,0003572 seconds, Stopping threads took: 0,0000589 seconds
2017-07-27T09:25:33.572+0200: 2,673: Total time for which application threads were stopped: 0,0001750 seconds, Stopping threads took: 0,0000511 seconds
{Heap before GC invocations=2 (full 0):
 par new generation   total 109248K, used 102051K [0x00000000e0000000, 0x00000000e8000000, 0x00000000e8000000)
  eden space 87424K, 100% used [0x00000000e0000000, 0x00000000e5560000, 0x00000000e5560000)
  from space 21824K,  67% used [0x00000000e5560000, 0x00000000e63a8e80, 0x00000000e6ab0000)
  to   space 21824K,   0% used [0x00000000e6ab0000, 0x00000000e6ab0000, 0x00000000e8000000)
 concurrent mark-sweep generation total 393216K, used 0K [0x00000000e8000000, 0x0000000100000000, 0x0000000100000000)
 Metaspace       used 20977K, capacity 21284K, committed 21628K, reserved 1069056K
  class space    used 2416K, capacity 2586K, committed 2684K, reserved 1048576K
2017-07-27T09:25:33.610+0200: 2,710: [GC (Allocation Failure) 2017-07-27T09:25:33.610+0200: 2,710: [ParNew
Desired survivor size 20112992 bytes, new threshold 8 (max 8)
- age   1:    2379864 bytes,    2379864 total
- age   2:    1406072 bytes,    3785936 total
- age   3:    6064848 bytes,    9850784 total
: 102051K->12710K(109248K), 0,0176164 secs] 102051K->12710K(502464K), 0,0177044 secs] [Times: user=0,07 sys=0,00, real=0,01 secs] 
Heap after GC invocations=3 (full 0):
 par new generation   total 109248K, used 12710K [0x00000000e0000000, 0x00000000e8000000, 0x00000000e8000000)
  eden space 87424K,   0% used [0x00000000e0000000, 0x00000000e0000000, 0x00000000e5560000)
  from space 21824K,  58% used [0x00000000e6ab0000, 0x00000000e7719870, 0x00000000e8000000)
  to   space 21824K,   0% used [0x00000000e5560000, 0x00000000e5560000, 0x00000000e6ab0000)
 concurrent mark-sweep generation total 393216K, used 0K [0x00000000e8000000, 0x0000000100000000, 0x0000000100000000)
 Metaspace       used 20977K, capacity 21284K, committed 21628K, reserved 1069056K
  class space    used 2416K, capacity 2586K, committed 2684K, reserved 1048576K
}
2017-07-27T09:25:33.627+0200: 2,728: Total time for which application threads were stopped: 0,0223228 seconds, Stopping threads took: 0,0044502 seconds
2017-07-27T09:25:33.628+0200: 2,728: [GC (CMS Initial Mark) [1 CMS-initial-mark: 0K(393216K)] 14142K(502464K), 0,0044887 secs] [Times: user=0,01 sys=0,00, real=0,01 secs] 
2017-07-27T09:25:33.632+0200: 2,733: Total time for which application threads were stopped: 0,0046441 seconds, Stopping threads took: 0,0000582 seconds
2017-07-27T09:25:33.632+0200: 2,733: [CMS-concurrent-mark-start]
2017-07-27T09:25:33.633+0200: 2,734: [CMS-concurrent-mark: 0,001/0,001 secs] [Times: user=0,00 sys=0,00, real=0,00 secs] 
2017-07-27T09:25:33.633+0200: 2,734: [CMS-concurrent-preclean-start]
2017-07-27T09:25:33.634+0200: 2,735: [CMS-concurrent-preclean: 0,001/0,001 secs] [Times: user=0,01 sys=0,00, real=0,00 secs] 
2017-07-27T09:25:33.634+0200: 2,735: [CMS-concurrent-abortable-preclean-start]
2017-07-27T09:25:33.690+0200: 2,791: Total time for which application threads were stopped: 0,0013647 seconds, Stopping threads took: 0,0012185 seconds
{Heap before GC invocations=3 (full 1):
 par new generation   total 109248K, used 100134K [0x00000000e0000000, 0x00000000e8000000, 0x00000000e8000000)
  eden space 87424K, 100% used [0x00000000e0000000, 0x00000000e5560000, 0x00000000e5560000)
  from space 21824K,  58% used [0x00000000e6ab0000, 0x00000000e7719870, 0x00000000e8000000)
  to   space 21824K,   0% used [0x00000000e5560000, 0x00000000e5560000, 0x00000000e6ab0000)
 concurrent mark-sweep generation total 393216K, used 0K [0x00000000e8000000, 0x0000000100000000, 0x0000000100000000)
 Metaspace       used 21250K, capacity 21635K, committed 21884K, reserved 1069056K
  class space    used 2446K, capacity 2603K, committed 2684K, reserved 1048576K
2017-07-27T09:25:33.740+0200: 2,841: [GC (Allocation Failure) 2017-07-27T09:25:33.740+0200: 2,841: [ParNew
Desired survivor size 20112992 bytes, new threshold 8 (max 8)
- age   1:    1152632 bytes,    1152632 total
- age   2:    1491976 bytes,    2644608 total
- age   3:    1392216 bytes,    4036824 total
- age   4:    6065064 bytes,   10101888 total
: 100134K->12549K(109248K), 0,0095166 secs] 100134K->12549K(502464K), 0,0095830 secs] [Times: user=0,03 sys=0,00, real=0,02 secs] 
Heap after GC invocations=4 (full 1):
 par new generation   total 109248K, used 12549K [0x00000000e0000000, 0x00000000e8000000, 0x00000000e8000000)
  eden space 87424K,   0% used [0x00000000e0000000, 0x00000000e0000000, 0x00000000e5560000)
  from space 21824K,  57% used [0x00000000e5560000, 0x00000000e61a14e0, 0x00000000e6ab0000)
  to   space 21824K,   0% used [0x00000000e6ab0000, 0x00000000e6ab0000, 0x00000000e8000000)
 concurrent mark-sweep generation total 393216K, used 0K [0x00000000e8000000, 0x0000000100000000, 0x0000000100000000)
 Metaspace       used 21250K, capacity 21635K, committed 21884K, reserved 1069056K
  class space    used 2446K, capacity 2603K, committed 2684K, reserved 1048576K
}
2017-07-27T09:25:33.750+0200: 2,850: Total time for which application threads were stopped: 0,0118125 seconds, Stopping threads took: 0,0020914 seconds
2017-07-27T09:25:33.750+0200: 2,850: [CMS-concurrent-abortable-preclean: 0,056/0,116 secs] [Times: user=0,42 sys=0,00, real=0,12 secs] 
2017-07-27T09:25:33.750+0200: 2,851: [GC (CMS Final Remark) [YG occupancy: 13207 K (109248 K)]{Heap before GC invocations=4 (full 1):
 par new generation   total 109248K, used 13207K [0x00000000e0000000, 0x00000000e8000000, 0x00000000e8000000)
  eden space 87424K,   0% used [0x00000000e0000000, 0x00000000e00a47a0, 0x00000000e5560000)
  from space 21824K,  57% used [0x00000000e5560000, 0x00000000e61a14e0, 0x00000000e6ab0000)
  to   space 21824K,   0% used [0x00000000e6ab0000, 0x00000000e6ab0000, 0x00000000e8000000)
 concurrent mark-sweep generation total 393216K, used 0K [0x00000000e8000000, 0x0000000100000000, 0x0000000100000000)
 Metaspace       used 21250K, capacity 21635K, committed 21884K, reserved 1069056K
  class space    used 2446K, capacity 2603K, committed 2684K, reserved 1048576K
2017-07-27T09:25:33.750+0200: 2,851: [GC (CMS Final Remark) 2017-07-27T09:25:33.750+0200: 2,851: [ParNew
Desired survivor size 20112992 bytes, new threshold 8 (max 8)
- age   1:      47880 bytes,      47880 total
- age   2:    1065384 bytes,    1113264 total
- age   3:    1491976 bytes,    2605240 total
- age   4:    1392216 bytes,    3997456 total
- age   5:    6064984 bytes,   10062440 total
: 13207K->17307K(109248K), 0,0094516 secs] 13207K->17307K(502464K), 0,0094854 secs] [Times: user=0,03 sys=0,01, real=0,00 secs] 
Heap after GC invocations=5 (full 1):
 par new generation   total 109248K, used 17307K [0x00000000e0000000, 0x00000000e8000000, 0x00000000e8000000)
  eden space 87424K,   0% used [0x00000000e0000000, 0x00000000e0000000, 0x00000000e5560000)
  from space 21824K,  79% used [0x00000000e6ab0000, 0x00000000e7b96d00, 0x00000000e8000000)
  to   space 21824K,   0% used [0x00000000e5560000, 0x00000000e5560000, 0x00000000e6ab0000)
 concurrent mark-sweep generation total 393216K, used 0K [0x00000000e8000000, 0x0000000100000000, 0x0000000100000000)
 Metaspace       used 21250K, capacity 21635K, committed 21884K, reserved 1069056K
  class space    used 2446K, capacity 2603K, committed 2684K, reserved 1048576K
}
2017-07-27T09:25:33.760+0200: 2,860: [Rescan (parallel) , 0,0033347 secs]2017-07-27T09:25:33.763+0200: 2,864: [weak refs processing, 0,0009576 secs]2017-07-27T09:25:33.764+0200: 2,865: [class unloading, 0,0029506 secs]2017-07-27T09:25:33.767+0200: 2,868: [scrub symbol table, 0,0026734 secs]2017-07-27T09:25:33.770+0200: 2,870: [scrub string table, 0,0004020 secs][1 CMS-remark: 0K(393216K)] 17307K(502464K), 0,0204527 secs] [Times: user=0,05 sys=0,01, real=0,02 secs] 
2017-07-27T09:25:33.771+0200: 2,871: Total time for which application threads were stopped: 0,0207143 seconds, Stopping threads took: 0,0001881 seconds
2017-07-27T09:25:33.771+0200: 2,871: [CMS-concurrent-sweep-start]
2017-07-27T09:25:33.771+0200: 2,871: [CMS-concurrent-sweep: 0,000/0,000 secs] [Times: user=0,00 sys=0,00, real=0,00 secs] 
2017-07-27T09:25:33.771+0200: 2,871: [CMS-concurrent-reset-start]
2017-07-27T09:25:33.772+0200: 2,873: [CMS-concurrent-reset: 0,002/0,002 secs] [Times: user=0,01 sys=0,00, real=0,00 secs] 
{Heap before GC invocations=5 (full 1):
 par new generation   total 109248K, used 104701K [0x00000000e0000000, 0x00000000e8000000, 0x00000000e8000000)
  eden space 87424K,  99% used [0x00000000e0000000, 0x00000000e5558ad8, 0x00000000e5560000)
  from space 21824K,  79% used [0x00000000e6ab0000, 0x00000000e7b96d00, 0x00000000e8000000)
  to   space 21824K,   0% used [0x00000000e5560000, 0x00000000e5560000, 0x00000000e6ab0000)
 concurrent mark-sweep generation total 393216K, used 0K [0x00000000e8000000, 0x0000000100000000, 0x0000000100000000)
 Metaspace       used 21379K, capacity 21801K, committed 21884K, reserved 1069056K
  class space    used 2465K, capacity 2636K, committed 2684K, reserved 1048576K
2017-07-27T09:25:33.846+0200: 2,946: [GC (Allocation Failure) 2017-07-27T09:25:33.846+0200: 2,946: [ParNew
Desired survivor size 20112992 bytes, new threshold 8 (max 8)
- age   1:    1049424 bytes,    1049424 total
- age   3:     183000 bytes,    1232424 total
- age   4:    1491776 bytes,    2724200 total
- age   5:    1390232 bytes,    4114432 total
- age   6:    6064984 bytes,   10179416 total
: 104701K->12705K(109248K), 0,0097542 secs] 104701K->12705K(502464K), 0,0098354 secs] [Times: user=0,03 sys=0,00, real=0,01 secs] 
Heap after GC invocations=6 (full 1):
 par new generation   total 109248K, used 12705K [0x00000000e0000000, 0x00000000e8000000, 0x00000000e8000000)
  eden space 87424K,   0% used [0x00000000e0000000, 0x00000000e0000000, 0x00000000e5560000)
  from space 21824K,  58% used [0x00000000e5560000, 0x00000000e61c8458, 0x00000000e6ab0000)
  to   space 21824K,   0% used [0x00000000e6ab0000, 0x00000000e6ab0000, 0x00000000e8000000)
 concurrent mark-sweep generation total 393216K, used 0K [0x00000000e8000000, 0x0000000100000000, 0x0000000100000000)
 Metaspace       used 21379K, capacity 21801K, committed 21884K, reserved 1069056K
  class space    used 2465K, capacity 2636K, committed 2684K, reserved 1048576K
}
2017-07-27T09:25:33.855+0200: 2,956: Total time for which application threads were stopped: 0,0102285 seconds, Stopping threads took: 0,0002566 seconds
2017-07-27T09:25:33.896+0200: 2,997: Total time for which application threads were stopped: 0,0002901 seconds, Stopping threads took: 0,0000235 seconds
2017-07-27T09:25:34.113+0200: 3,214: Total time for which application threads were stopped: 0,0004999 seconds, Stopping threads took: 0,0000431 seconds
2017-07-27T09:25:34.130+0200: 3,231: Total time for which application threads were stopped: 0,0004700 seconds, Stopping threads took: 0,0001348 seconds
{Heap before GC invocations=6 (full 1):
 par new generation   total 109248K, used 100129K [0x00000000e0000000, 0x00000000e8000000, 0x00000000e8000000)
  eden space 87424K, 100% used [0x00000000e0000000, 0x00000000e5560000, 0x00000000e5560000)
  from space 21824K,  58% used [0x00000000e5560000, 0x00000000e61c8458, 0x00000000e6ab0000)
  to   space 21824K,   0% used [0x00000000e6ab0000, 0x00000000e6ab0000, 0x00000000e8000000)
 concurrent mark-sweep generation total 393216K, used 0K [0x00000000e8000000, 0x0000000100000000, 0x0000000100000000)
 Metaspace       used 24296K, capacity 24817K, committed 25084K, reserved 1071104K
  class space    used 2851K, capacity 3044K, committed 3068K, reserved 1048576K
2017-07-27T09:25:34.302+0200: 3,402: [GC (Allocation Failure) 2017-07-27T09:25:34.302+0200: 3,402: [ParNew
Desired survivor size 20112992 bytes, new threshold 8 (max 8)
- age   1:    5673144 bytes,    5673144 total
- age   2:     107144 bytes,    5780288 total
- age   4:     181504 bytes,    5961792 total
- age   5:     322080 bytes,    6283872 total
- age   6:    1365712 bytes,    7649584 total
- age   7:    6057056 bytes,   13706640 total
: 100129K->19373K(109248K), 0,0139287 secs] 100129K->19373K(502464K), 0,0139978 secs] [Times: user=0,05 sys=0,00, real=0,01 secs] 
Heap after GC invocations=7 (full 1):
 par new generation   total 109248K, used 19373K [0x00000000e0000000, 0x00000000e8000000, 0x00000000e8000000)
  eden space 87424K,   0% used [0x00000000e0000000, 0x00000000e0000000, 0x00000000e5560000)
  from space 21824K,  88% used [0x00000000e6ab0000, 0x00000000e7d9b710, 0x00000000e8000000)
  to   space 21824K,   0% used [0x00000000e5560000, 0x00000000e5560000, 0x00000000e6ab0000)
 concurrent mark-sweep generation total 393216K, used 0K [0x00000000e8000000, 0x0000000100000000, 0x0000000100000000)
 Metaspace       used 24296K, capacity 24817K, committed 25084K, reserved 1071104K
  class space    used 2851K, capacity 3044K, committed 3068K, reserved 1048576K
}
2017-07-27T09:25:34.316+0200: 3,416: Total time for which application threads were stopped: 0,0145203 seconds, Stopping threads took: 0,0003233 seconds
{Heap before GC invocations=7 (full 1):
 par new generation   total 109248K, used 106797K [0x00000000e0000000, 0x00000000e8000000, 0x00000000e8000000)
  eden space 87424K, 100% used [0x00000000e0000000, 0x00000000e5560000, 0x00000000e5560000)
  from space 21824K,  88% used [0x00000000e6ab0000, 0x00000000e7d9b710, 0x00000000e8000000)
  to   space 21824K,   0% used [0x00000000e5560000, 0x00000000e5560000, 0x00000000e6ab0000)
 concurrent mark-sweep generation total 393216K, used 0K [0x00000000e8000000, 0x0000000100000000, 0x0000000100000000)
 Metaspace       used 24521K, capacity 25015K, committed 25084K, reserved 1071104K
  class space    used 2870K, capacity 3045K, committed 3068K, reserved 1048576K
2017-07-27T09:25:34.391+0200: 3,491: [GC (Allocation Failure) 2017-07-27T09:25:34.391+0200: 3,491: [ParNew
Desired survivor size 20112992 bytes, new threshold 8 (max 8)
- age   1:    1530128 bytes,    1530128 total
- age   2:    1813840 bytes,    3343968 total
- age   3:      63448 bytes,    3407416 total
- age   5:      99744 bytes,    3507160 total
- age   6:     200600 bytes,    3707760 total
- age   7:     998576 bytes,    4706336 total
- age   8:    5870320 bytes,   10576656 total
: 106797K->14344K(109248K), 0,0133382 secs] 106797K->14344K(502464K), 0,0134380 secs] [Times: user=0,05 sys=0,00, real=0,01 secs] 
Heap after GC invocations=8 (full 1):
 par new generation   total 109248K, used 14344K [0x00000000e0000000, 0x00000000e8000000, 0x00000000e8000000)
  eden space 87424K,   0% used [0x00000000e0000000, 0x00000000e0000000, 0x00000000e5560000)
  from space 21824K,  65% used [0x00000000e5560000, 0x00000000e6362080, 0x00000000e6ab0000)
  to   space 21824K,   0% used [0x00000000e6ab0000, 0x00000000e6ab0000, 0x00000000e8000000)
 concurrent mark-sweep generation total 393216K, used 0K [0x00000000e8000000, 0x0000000100000000, 0x0000000100000000)
 Metaspace       used 24521K, capacity 25015K, committed 25084K, reserved 1071104K
  class space    used 2870K, capacity 3045K, committed 3068K, reserved 1048576K
}
2017-07-27T09:25:34.404+0200: 3,505: Total time for which application threads were stopped: 0,0137403 seconds, Stopping threads took: 0,0000776 seconds
{Heap before GC invocations=8 (full 1):
 par new generation   total 109248K, used 101768K [0x00000000e0000000, 0x00000000e8000000, 0x00000000e8000000)
  eden space 87424K, 100% used [0x00000000e0000000, 0x00000000e5560000, 0x00000000e5560000)
  from space 21824K,  65% used [0x00000000e5560000, 0x00000000e6362080, 0x00000000e6ab0000)
  to   space 21824K,   0% used [0x00000000e6ab0000, 0x00000000e6ab0000, 0x00000000e8000000)
 concurrent mark-sweep generation total 393216K, used 0K [0x00000000e8000000, 0x0000000100000000, 0x0000000100000000)
 Metaspace       used 24951K, capacity 25457K, committed 25724K, reserved 1071104K
  class space    used 2907K, capacity 3082K, committed 3196K, reserved 1048576K
2017-07-27T09:25:34.517+0200: 3,617: [GC (Allocation Failure) 2017-07-27T09:25:34.517+0200: 3,617: [ParNew
Desired survivor size 20112992 bytes, new threshold 8 (max 8)
- age   1:     728600 bytes,     728600 total
- age   2:    1004184 bytes,    1732784 total
- age   3:    1790656 bytes,    3523440 total
- age   4:      61064 bytes,    3584504 total
- age   6:      99544 bytes,    3684048 total
- age   7:     200136 bytes,    3884184 total
- age   8:     997744 bytes,    4881928 total
: 101768K->7082K(109248K), 0,0302475 secs] 101768K->12897K(502464K), 0,0303169 secs] [Times: user=0,09 sys=0,01, real=0,03 secs] 
Heap after GC invocations=9 (full 1):
 par new generation   total 109248K, used 7082K [0x00000000e0000000, 0x00000000e8000000, 0x00000000e8000000)
  eden space 87424K,   0% used [0x00000000e0000000, 0x00000000e0000000, 0x00000000e5560000)
  from space 21824K,  32% used [0x00000000e6ab0000, 0x00000000e719aaf0, 0x00000000e8000000)
  to   space 21824K,   0% used [0x00000000e5560000, 0x00000000e5560000, 0x00000000e6ab0000)
 concurrent mark-sweep generation total 393216K, used 5814K [0x00000000e8000000, 0x0000000100000000, 0x0000000100000000)
 Metaspace       used 24951K, capacity 25457K, committed 25724K, reserved 1071104K
  class space    used 2907K, capacity 3082K, committed 3196K, reserved 1048576K
}
2017-07-27T09:25:34.547+0200: 3,648: Total time for which application threads were stopped: 0,0305955 seconds, Stopping threads took: 0,0000738 seconds
2017-07-27T09:25:34.738+0200: 3,838: Total time for which application threads were stopped: 0,0040838 seconds, Stopping threads took: 0,0036675 seconds
2017-07-27T09:25:34.860+0200: 3,961: Total time for which application threads were stopped: 0,0004754 seconds, Stopping threads took: 0,0000447 seconds
2017-07-27T09:25:34.875+0200: 3,975: Total time for which application threads were stopped: 0,0004054 seconds, Stopping threads took: 0,0000202 seconds
2017-07-27T09:25:34.955+0200: 4,055: Total time for which application threads were stopped: 0,0020513 seconds, Stopping threads took: 0,0014740 seconds
2017-07-27T09:25:34.997+0200: 4,097: Total time for which application threads were stopped: 0,0004072 seconds, Stopping threads took: 0,0000208 seconds
2017-07-27T09:25:34.998+0200: 4,098: Total time for which application threads were stopped: 0,0000947 seconds, Stopping threads took: 0,0000183 seconds
2017-07-27T09:25:34.998+0200: 4,099: Total time for which application threads were stopped: 0,0000899 seconds, Stopping threads took: 0,0000286 seconds
2017-07-27T09:25:34.998+0200: 4,099: Total time for which application threads were stopped: 0,0000630 seconds, Stopping threads took: 0,0000161 seconds
2017-07-27T09:25:34.999+0200: 4,099: Total time for which application threads were stopped: 0,0000987 seconds, Stopping threads took: 0,0000315 seconds
2017-07-27T09:25:35.023+0200: 4,123: Total time for which application threads were stopped: 0,0070857 seconds, Stopping threads took: 0,0069942 seconds
2017-07-27T09:25:35.035+0200: 4,135: Total time for which application threads were stopped: 0,0030338 seconds, Stopping threads took: 0,0029486 seconds
2017-07-27T09:25:35.054+0200: 4,154: Total time for which application threads were stopped: 0,0001336 seconds, Stopping threads took: 0,0000551 seconds
2017-07-27T09:25:35.054+0200: 4,155: Total time for which application threads were stopped: 0,0000664 seconds, Stopping threads took: 0,0000210 seconds
2017-07-27T09:25:35.054+0200: 4,155: Total time for which application threads were stopped: 0,0000706 seconds, Stopping threads took: 0,0000235 seconds
2017-07-27T09:25:35.056+0200: 4,157: Total time for which application threads were stopped: 0,0021483 seconds, Stopping threads took: 0,0020760 seconds
2017-07-27T09:25:35.058+0200: 4,158: Total time for which application threads were stopped: 0,0001351 seconds, Stopping threads took: 0,0000348 seconds
2017-07-27T09:25:35.058+0200: 4,159: Total time for which application threads were stopped: 0,0003583 seconds, Stopping threads took: 0,0002712 seconds
2017-07-27T09:25:35.059+0200: 4,160: Total time for which application threads were stopped: 0,0001425 seconds, Stopping threads took: 0,0000685 seconds
2017-07-27T09:25:35.059+0200: 4,160: Total time for which application threads were stopped: 0,0000885 seconds, Stopping threads took: 0,0000227 seconds
2017-07-27T09:25:35.059+0200: 4,160: Total time for which application threads were stopped: 0,0000462 seconds, Stopping threads took: 0,0000088 seconds
2017-07-27T09:25:35.059+0200: 4,160: Total time for which application threads were stopped: 0,0000668 seconds, Stopping threads took: 0,0000259 seconds
2017-07-27T09:25:35.060+0200: 4,160: Total time for which application threads were stopped: 0,0000728 seconds, Stopping threads took: 0,0000097 seconds
2017-07-27T09:25:35.060+0200: 4,161: Total time for which application threads were stopped: 0,0001209 seconds, Stopping threads took: 0,0000249 seconds
2017-07-27T09:25:35.060+0200: 4,161: Total time for which application threads were stopped: 0,0001682 seconds, Stopping threads took: 0,0000976 seconds
2017-07-27T09:25:35.060+0200: 4,161: Total time for which application threads were stopped: 0,0000817 seconds, Stopping threads took: 0,0000214 seconds
2017-07-27T09:25:35.061+0200: 4,161: Total time for which application threads were stopped: 0,0002072 seconds, Stopping threads took: 0,0001590 seconds
2017-07-27T09:25:35.062+0200: 4,162: Total time for which application threads were stopped: 0,0001350 seconds, Stopping threads took: 0,0000592 seconds
2017-07-27T09:25:35.062+0200: 4,163: Total time for which application threads were stopped: 0,0002328 seconds, Stopping threads took: 0,0001254 seconds
2017-07-27T09:25:35.065+0200: 4,165: Total time for which application threads were stopped: 0,0001216 seconds, Stopping threads took: 0,0000421 seconds
2017-07-27T09:25:35.065+0200: 4,166: Total time for which application threads were stopped: 0,0000948 seconds, Stopping threads took: 0,0000328 seconds
2017-07-27T09:25:35.065+0200: 4,166: Total time for which application threads were stopped: 0,0000920 seconds, Stopping threads took: 0,0000369 seconds
2017-07-27T09:25:35.065+0200: 4,166: Total time for which application threads were stopped: 0,0000584 seconds, Stopping threads took: 0,0000226 seconds
2017-07-27T09:25:35.070+0200: 4,171: Total time for which application threads were stopped: 0,0001334 seconds, Stopping threads took: 0,0000380 seconds
2017-07-27T09:25:35.070+0200: 4,171: Total time for which application threads were stopped: 0,0000664 seconds, Stopping threads took: 0,0000257 seconds
2017-07-27T09:25:35.070+0200: 4,171: Total time for which application threads were stopped: 0,0000422 seconds, Stopping threads took: 0,0000155 seconds
2017-07-27T09:25:35.071+0200: 4,171: Total time for which application threads were stopped: 0,0000869 seconds, Stopping threads took: 0,0000349 seconds
2017-07-27T09:25:35.071+0200: 4,172: Total time for which application threads were stopped: 0,0001754 seconds, Stopping threads took: 0,0001425 seconds
2017-07-27T09:25:35.071+0200: 4,172: Total time for which application threads were stopped: 0,0000485 seconds, Stopping threads took: 0,0000061 seconds
2017-07-27T09:25:35.071+0200: 4,172: Total time for which application threads were stopped: 0,0000826 seconds, Stopping threads took: 0,0000184 seconds
2017-07-27T09:25:35.071+0200: 4,172: Total time for which application threads were stopped: 0,0000510 seconds, Stopping threads took: 0,0000103 seconds
2017-07-27T09:25:35.072+0200: 4,172: Total time for which application threads were stopped: 0,0001154 seconds, Stopping threads took: 0,0000708 seconds
2017-07-27T09:25:35.072+0200: 4,172: Total time for which application threads were stopped: 0,0000427 seconds, Stopping threads took: 0,0000174 seconds
2017-07-27T09:25:35.072+0200: 4,172: Total time for which application threads were stopped: 0,0000526 seconds, Stopping threads took: 0,0000103 seconds
2017-07-27T09:25:35.072+0200: 4,172: Total time for which application threads were stopped: 0,0000370 seconds, Stopping threads took: 0,0000087 seconds
2017-07-27T09:25:35.072+0200: 4,173: Total time for which application threads were stopped: 0,0000414 seconds, Stopping threads took: 0,0000084 seconds
2017-07-27T09:25:35.072+0200: 4,173: Total time for which application threads were stopped: 0,0000564 seconds, Stopping threads took: 0,0000240 seconds
2017-07-27T09:25:35.072+0200: 4,173: Total time for which application threads were stopped: 0,0002608 seconds, Stopping threads took: 0,0002198 seconds
2017-07-27T09:25:35.072+0200: 4,173: Total time for which application threads were stopped: 0,0000455 seconds, Stopping threads took: 0,0000231 seconds
2017-07-27T09:25:35.072+0200: 4,173: Total time for which application threads were stopped: 0,0000629 seconds, Stopping threads took: 0,0000096 seconds
2017-07-27T09:25:35.073+0200: 4,173: Total time for which application threads were stopped: 0,0001195 seconds, Stopping threads took: 0,0000100 seconds
2017-07-27T09:25:35.073+0200: 4,174: Total time for which application threads were stopped: 0,0001238 seconds, Stopping threads took: 0,0000798 seconds
2017-07-27T09:25:35.102+0200: 4,203: Total time for which application threads were stopped: 0,0001437 seconds, Stopping threads took: 0,0000529 seconds
2017-07-27T09:25:35.150+0200: 4,250: Total time for which application threads were stopped: 0,0004777 seconds, Stopping threads took: 0,0000294 seconds
2017-07-27T09:25:36.150+0200: 5,250: Total time for which application threads were stopped: 0,0000939 seconds, Stopping threads took: 0,0000160 seconds
2017-07-27T09:26:03.154+0200: 32,255: Total time for which application threads were stopped: 0,0000603 seconds, Stopping threads took: 0,0000146 seconds
2017-07-27T09:27:28.165+0200: 117,266: Total time for which application threads were stopped: 0,0001649 seconds, Stopping threads took: 0,0000655 seconds
2017-07-27T09:27:33.166+0200: 122,266: Total time for which application threads were stopped: 0,0000622 seconds, Stopping threads took: 0,0000152 seconds
{Heap before GC invocations=9 (full 1):
 par new generation   total 109248K, used 94506K [0x00000000e0000000, 0x00000000e8000000, 0x00000000e8000000)
  eden space 87424K, 100% used [0x00000000e0000000, 0x00000000e5560000, 0x00000000e5560000)
  from space 21824K,  32% used [0x00000000e6ab0000, 0x00000000e719aaf0, 0x00000000e8000000)
  to   space 21824K,   0% used [0x00000000e5560000, 0x00000000e5560000, 0x00000000e6ab0000)
 concurrent mark-sweep generation total 393216K, used 5814K [0x00000000e8000000, 0x0000000100000000, 0x0000000100000000)
 Metaspace       used 28041K, capacity 28557K, committed 28796K, reserved 1075200K
  class space    used 3213K, capacity 3388K, committed 3452K, reserved 1048576K
2017-07-27T09:28:26.838+0200: 175,938: [GC (Allocation Failure) 2017-07-27T09:28:26.838+0200: 175,938: [ParNew
Desired survivor size 20112992 bytes, new threshold 8 (max 8)
- age   1:   10776128 bytes,   10776128 total
- age   2:     224936 bytes,   11001064 total
- age   3:     220168 bytes,   11221232 total
- age   4:    1785832 bytes,   13007064 total
- age   5:      61064 bytes,   13068128 total
- age   7:      99416 bytes,   13167544 total
- age   8:     200040 bytes,   13367584 total
: 94506K->15249K(109248K), 0,0183395 secs] 100321K->22158K(502464K), 0,0184163 secs] [Times: user=0,05 sys=0,00, real=0,02 secs] 
Heap after GC invocations=10 (full 1):
 par new generation   total 109248K, used 15249K [0x00000000e0000000, 0x00000000e8000000, 0x00000000e8000000)
  eden space 87424K,   0% used [0x00000000e0000000, 0x00000000e0000000, 0x00000000e5560000)
  from space 21824K,  69% used [0x00000000e5560000, 0x00000000e6444620, 0x00000000e6ab0000)
  to   space 21824K,   0% used [0x00000000e6ab0000, 0x00000000e6ab0000, 0x00000000e8000000)
 concurrent mark-sweep generation total 393216K, used 6909K [0x00000000e8000000, 0x0000000100000000, 0x0000000100000000)
 Metaspace       used 28041K, capacity 28557K, committed 28796K, reserved 1075200K
  class space    used 3213K, capacity 3388K, committed 3452K, reserved 1048576K
}
2017-07-27T09:28:26.856+0200: 175,957: Total time for which application threads were stopped: 0,0186534 seconds, Stopping threads took: 0,0001010 seconds
2017-07-27T09:28:26.858+0200: 175,959: Total time for which application threads were stopped: 0,0000732 seconds, Stopping threads took: 0,0000232 seconds
2017-07-27T09:28:26.858+0200: 175,959: Total time for which application threads were stopped: 0,0000477 seconds, Stopping threads took: 0,0000197 seconds
2017-07-27T09:49:02.042+0200: 1411,142: Total time for which application threads were stopped: 0,0000900 seconds, Stopping threads took: 0,0000309 seconds
2017-07-27T09:52:27.070+0200: 1616,170: Total time for which application threads were stopped: 0,0000777 seconds, Stopping threads took: 0,0000288 seconds
2017-07-27T10:05:02.185+0200: 2371,285: Total time for which application threads were stopped: 0,0001008 seconds, Stopping threads took: 0,0000404 seconds
2017-07-27T10:05:03.185+0200: 2372,285: Total time for which application threads were stopped: 0,0000703 seconds, Stopping threads took: 0,0000166 seconds
2017-07-27T10:27:13.390+0200: 3702,490: Total time for which application threads were stopped: 0,0001625 seconds, Stopping threads took: 0,0000590 seconds
2017-07-27T10:27:57.397+0200: 3746,498: Total time for which application threads were stopped: 0,0001670 seconds, Stopping threads took: 0,0000618 seconds
2017-07-27T10:29:32.413+0200: 3841,514: Total time for which application threads were stopped: 0,0000775 seconds, Stopping threads took: 0,0000291 seconds
2017-07-27T10:30:27.422+0200: 3896,523: Total time for which application threads were stopped: 0,0001064 seconds, Stopping threads took: 0,0000339 seconds
2017-07-27T10:31:17.430+0200: 3946,530: Total time for which application threads were stopped: 0,0001819 seconds, Stopping threads took: 0,0000632 seconds
2017-07-27T10:31:32.432+0200: 3961,532: Total time for which application threads were stopped: 0,0001336 seconds, Stopping threads took: 0,0000302 seconds
2017-07-27T10:33:17.449+0200: 4066,549: Total time for which application threads were stopped: 0,0001638 seconds, Stopping threads took: 0,0000567 seconds
2017-07-27T10:49:48.601+0200: 5057,702: Total time for which application threads were stopped: 0,0001924 seconds, Stopping threads took: 0,0000557 seconds
2017-07-27T10:50:38.609+0200: 5107,710: Total time for which application threads were stopped: 0,0001452 seconds, Stopping threads took: 0,0000504 seconds
2017-07-27T12:23:41.205+0200: 7048,289: Total time for which application threads were stopped: 0,0001020 seconds, Stopping threads took: 0,0000372 seconds
2017-07-27T12:26:45.225+0200: 7232,308: Total time for which application threads were stopped: 0,0000833 seconds, Stopping threads took: 0,0000317 seconds
2017-07-27T12:28:15.235+0200: 7322,318: Total time for which application threads were stopped: 0,0001317 seconds, Stopping threads took: 0,0000507 seconds
2017-07-27T12:28:16.235+0200: 7323,319: Total time for which application threads were stopped: 0,0000635 seconds, Stopping threads took: 0,0000141 seconds
2017-07-27T12:34:15.279+0200: 7682,363: Total time for which application threads were stopped: 0,0001213 seconds, Stopping threads took: 0,0000393 seconds
2017-07-27T12:35:01.644+0200: 7728,727: Total time for which application threads were stopped: 0,0119960 seconds, Stopping threads took: 0,0119162 seconds
2017-07-27T12:35:01.645+0200: 7728,728: Total time for which application threads were stopped: 0,0000724 seconds, Stopping threads took: 0,0000128 seconds
2017-07-27T12:35:01.692+0200: 7728,775: Total time for which application threads were stopped: 0,0132083 seconds, Stopping threads took: 0,0131207 seconds
2017-07-27T12:35:01.692+0200: 7728,775: Total time for which application threads were stopped: 0,0000587 seconds, Stopping threads took: 0,0000101 seconds
2017-07-27T12:35:01.694+0200: 7728,777: Total time for which application threads were stopped: 0,0000979 seconds, Stopping threads took: 0,0000154 seconds
2017-07-27T12:35:01.711+0200: 7728,794: Total time for which application threads were stopped: 0,0041270 seconds, Stopping threads took: 0,0040235 seconds
2017-07-27T12:35:01.715+0200: 7728,798: Total time for which application threads were stopped: 0,0000934 seconds, Stopping threads took: 0,0000155 seconds
2017-07-27T12:35:01.715+0200: 7728,798: Total time for which application threads were stopped: 0,0000773 seconds, Stopping threads took: 0,0000273 seconds
2017-07-27T12:35:01.721+0200: 7728,804: Total time for which application threads were stopped: 0,0001066 seconds, Stopping threads took: 0,0000366 seconds
2017-07-27T12:35:01.723+0200: 7728,806: Total time for which application threads were stopped: 0,0020854 seconds, Stopping threads took: 0,0018818 seconds
2017-07-27T12:35:01.725+0200: 7728,809: Total time for which application threads were stopped: 0,0018262 seconds, Stopping threads took: 0,0017341 seconds
2017-07-27T12:35:01.727+0200: 7728,810: Total time for which application threads were stopped: 0,0000914 seconds, Stopping threads took: 0,0000180 seconds
2017-07-27T12:35:01.727+0200: 7728,810: Total time for which application threads were stopped: 0,0000897 seconds, Stopping threads took: 0,0000323 seconds
2017-07-27T12:35:01.729+0200: 7728,812: Total time for which application threads were stopped: 0,0000838 seconds, Stopping threads took: 0,0000150 seconds
2017-07-27T12:35:01.734+0200: 7728,817: Total time for which application threads were stopped: 0,0000812 seconds, Stopping threads took: 0,0000155 seconds
2017-07-27T12:35:01.736+0200: 7728,819: Total time for which application threads were stopped: 0,0000850 seconds, Stopping threads took: 0,0000156 seconds
2017-07-27T12:35:01.737+0200: 7728,820: Total time for which application threads were stopped: 0,0000995 seconds, Stopping threads took: 0,0000211 seconds
2017-07-27T12:35:01.739+0200: 7728,822: Total time for which application threads were stopped: 0,0007346 seconds, Stopping threads took: 0,0006219 seconds
2017-07-27T12:35:01.746+0200: 7728,829: Total time for which application threads were stopped: 0,0000757 seconds, Stopping threads took: 0,0000151 seconds
2017-07-27T12:35:01.746+0200: 7728,830: Total time for which application threads were stopped: 0,0000450 seconds, Stopping threads took: 0,0000116 seconds
2017-07-27T12:35:01.747+0200: 7728,830: Total time for which application threads were stopped: 0,0000461 seconds, Stopping threads took: 0,0000144 seconds
2017-07-27T12:35:01.747+0200: 7728,830: Total time for which application threads were stopped: 0,0001144 seconds, Stopping threads took: 0,0000097 seconds
2017-07-27T12:35:01.748+0200: 7728,831: Total time for which application threads were stopped: 0,0000759 seconds, Stopping threads took: 0,0000171 seconds
2017-07-27T12:35:01.748+0200: 7728,831: Total time for which application threads were stopped: 0,0001016 seconds, Stopping threads took: 0,0000221 seconds
Heap
 par new generation   total 109248K, used 35865K [0x00000000e0000000, 0x00000000e8000000, 0x00000000e8000000)
  eden space 87424K,  23% used [0x00000000e0000000, 0x00000000e1422028, 0x00000000e5560000)
  from space 21824K,  69% used [0x00000000e5560000, 0x00000000e6444620, 0x00000000e6ab0000)
  to   space 21824K,   0% used [0x00000000e6ab0000, 0x00000000e6ab0000, 0x00000000e8000000)
 concurrent mark-sweep generation total 393216K, used 6909K [0x00000000e8000000, 0x0000000100000000, 0x0000000100000000)
 Metaspace       used 28181K, capacity 28661K, committed 28796K, reserved 1075200K
  class space    used 3227K, capacity 3422K, committed 3452K, reserved 1048576K
