OpenJDK 64-Bit Server VM (25.121-b13) for linux-amd64 JRE (1.8.0_121-8u121-b13-0ubuntu1.16.04.2-b13), built on Jan 23 2017 15:51:29 by "buildd" with gcc 5.4.0 20160609
Memory: 4k page, physical 7867764k(7420164k free), swap 8076284k(8076284k free)
CommandLine flags: -XX:CMSInitiatingOccupancyFraction=50 -XX:CMSMaxAbortablePrecleanTime=6000 -XX:+CMSParallelRemarkEnabled -XX:+CMSScavengeBeforeRemark -XX:ConcGCThreads=4 -XX:InitialHeapSize=536870912 -XX:MaxHeapSize=536870912 -XX:MaxTenuringThreshold=8 -XX:NewRatio=3 -XX:OldPLABSize=16 -XX:OnOutOfMemoryError=/opt/solr/bin/oom_solr.sh 8983 /var/solr/logs -XX:ParallelGCThreads=4 -XX:+ParallelRefProcEnabled -XX:PretenureSizeThreshold=67108864 -XX:+PrintGC -XX:+PrintGCApplicationStoppedTime -XX:+PrintGCDateStamps -XX:+PrintGCDetails -XX:+PrintGCTimeStamps -XX:+PrintHeapAtGC -XX:+PrintTenuringDistribution -XX:SurvivorRatio=4 -XX:TargetSurvivorRatio=90 -XX:ThreadStackSize=256 -XX:+UseCMSInitiatingOccupancyOnly -XX:+UseCompressedClassPointers -XX:+UseCompressedOops -XX:+UseConcMarkSweepGC -XX:+UseParNewGC 
2017-04-07T11:32:40.714+0200: 0,165: Total time for which application threads were stopped: 0,0000771 seconds, Stopping threads took: 0,0000096 seconds
2017-04-07T11:32:40.800+0200: 0,252: Total time for which application threads were stopped: 0,0001283 seconds, Stopping threads took: 0,0000198 seconds
2017-04-07T11:32:40.819+0200: 0,271: Total time for which application threads were stopped: 0,0000892 seconds, Stopping threads took: 0,0000156 seconds
2017-04-07T11:32:41.177+0200: 0,629: Total time for which application threads were stopped: 0,0001722 seconds, Stopping threads took: 0,0000286 seconds
2017-04-07T11:32:41.661+0200: 1,112: Total time for which application threads were stopped: 0,0001269 seconds, Stopping threads took: 0,0000169 seconds
2017-04-07T11:32:41.734+0200: 1,185: Total time for which application threads were stopped: 0,0001723 seconds, Stopping threads took: 0,0000222 seconds
2017-04-07T11:32:41.757+0200: 1,208: Total time for which application threads were stopped: 0,0002242 seconds, Stopping threads took: 0,0000348 seconds
2017-04-07T11:32:42.236+0200: 1,688: Total time for which application threads were stopped: 0,0010798 seconds, Stopping threads took: 0,0001175 seconds
2017-04-07T11:32:42.851+0200: 2,303: Total time for which application threads were stopped: 0,0002141 seconds, Stopping threads took: 0,0000180 seconds
2017-04-07T11:32:42.873+0200: 2,324: Total time for which application threads were stopped: 0,0001916 seconds, Stopping threads took: 0,0000168 seconds
2017-04-07T11:32:42.901+0200: 2,353: Total time for which application threads were stopped: 0,0002453 seconds, Stopping threads took: 0,0000253 seconds
2017-04-07T11:32:42.903+0200: 2,354: Total time for which application threads were stopped: 0,0002241 seconds, Stopping threads took: 0,0000166 seconds
2017-04-07T11:32:42.917+0200: 2,368: Total time for which application threads were stopped: 0,0001679 seconds, Stopping threads took: 0,0000143 seconds
2017-04-07T11:32:42.984+0200: 2,436: Total time for which application threads were stopped: 0,0002598 seconds, Stopping threads took: 0,0000241 seconds
2017-04-07T11:32:43.147+0200: 2,598: Total time for which application threads were stopped: 0,0003963 seconds, Stopping threads took: 0,0001711 seconds
{Heap before GC invocations=0 (full 0):
 par new generation   total 109248K, used 87424K [0x00000000e0000000, 0x00000000e8000000, 0x00000000e8000000)
  eden space 87424K, 100% used [0x00000000e0000000, 0x00000000e5560000, 0x00000000e5560000)
  from space 21824K,   0% used [0x00000000e5560000, 0x00000000e5560000, 0x00000000e6ab0000)
  to   space 21824K,   0% used [0x00000000e6ab0000, 0x00000000e6ab0000, 0x00000000e8000000)
 concurrent mark-sweep generation total 393216K, used 0K [0x00000000e8000000, 0x0000000100000000, 0x0000000100000000)
 Metaspace       used 17464K, capacity 17824K, committed 18048K, reserved 1064960K
  class space    used 1986K, capacity 2132K, committed 2176K, reserved 1048576K
2017-04-07T11:32:43.150+0200: 2,601: [GC (Allocation Failure) 2017-04-07T11:32:43.150+0200: 2,601: [ParNew
Desired survivor size 20112992 bytes, new threshold 8 (max 8)
- age   1:   11014616 bytes,   11014616 total
: 87424K->10856K(109248K), 0,0149755 secs] 87424K->10856K(502464K), 0,0150689 secs] [Times: user=0,03 sys=0,03, real=0,02 secs] 
Heap after GC invocations=1 (full 0):
 par new generation   total 109248K, used 10856K [0x00000000e0000000, 0x00000000e8000000, 0x00000000e8000000)
  eden space 87424K,   0% used [0x00000000e0000000, 0x00000000e0000000, 0x00000000e5560000)
  from space 21824K,  49% used [0x00000000e6ab0000, 0x00000000e754a3d0, 0x00000000e8000000)
  to   space 21824K,   0% used [0x00000000e5560000, 0x00000000e5560000, 0x00000000e6ab0000)
 concurrent mark-sweep generation total 393216K, used 0K [0x00000000e8000000, 0x0000000100000000, 0x0000000100000000)
 Metaspace       used 17464K, capacity 17824K, committed 18048K, reserved 1064960K
  class space    used 1986K, capacity 2132K, committed 2176K, reserved 1048576K
}
2017-04-07T11:32:43.165+0200: 2,616: Total time for which application threads were stopped: 0,0152612 seconds, Stopping threads took: 0,0000565 seconds
2017-04-07T11:32:43.574+0200: 3,025: Total time for which application threads were stopped: 0,0003795 seconds, Stopping threads took: 0,0000565 seconds
{Heap before GC invocations=1 (full 0):
 par new generation   total 109248K, used 98280K [0x00000000e0000000, 0x00000000e8000000, 0x00000000e8000000)
  eden space 87424K, 100% used [0x00000000e0000000, 0x00000000e5560000, 0x00000000e5560000)
  from space 21824K,  49% used [0x00000000e6ab0000, 0x00000000e754a3d0, 0x00000000e8000000)
  to   space 21824K,   0% used [0x00000000e5560000, 0x00000000e5560000, 0x00000000e6ab0000)
 concurrent mark-sweep generation total 393216K, used 0K [0x00000000e8000000, 0x0000000100000000, 0x0000000100000000)
 Metaspace       used 20036K, capacity 20352K, committed 20736K, reserved 1067008K
  class space    used 2292K, capacity 2466K, committed 2560K, reserved 1048576K
2017-04-07T11:32:43.609+0200: 3,060: [GC (Allocation Failure) 2017-04-07T11:32:43.609+0200: 3,060: [ParNew
Desired survivor size 20112992 bytes, new threshold 8 (max 8)
- age   1:    4894528 bytes,    4894528 total
- age   2:    5653944 bytes,   10548472 total
: 98280K->13928K(109248K), 0,0179392 secs] 98280K->13928K(502464K), 0,0180313 secs] [Times: user=0,07 sys=0,00, real=0,02 secs] 
Heap after GC invocations=2 (full 0):
 par new generation   total 109248K, used 13928K [0x00000000e0000000, 0x00000000e8000000, 0x00000000e8000000)
  eden space 87424K,   0% used [0x00000000e0000000, 0x00000000e0000000, 0x00000000e5560000)
  from space 21824K,  63% used [0x00000000e5560000, 0x00000000e62fa300, 0x00000000e6ab0000)
  to   space 21824K,   0% used [0x00000000e6ab0000, 0x00000000e6ab0000, 0x00000000e8000000)
 concurrent mark-sweep generation total 393216K, used 0K [0x00000000e8000000, 0x0000000100000000, 0x0000000100000000)
 Metaspace       used 20036K, capacity 20352K, committed 20736K, reserved 1067008K
  class space    used 2292K, capacity 2466K, committed 2560K, reserved 1048576K
}
2017-04-07T11:32:43.627+0200: 3,078: Total time for which application threads were stopped: 0,0183584 seconds, Stopping threads took: 0,0001271 seconds
2017-04-07T11:32:43.639+0200: 3,090: Total time for which application threads were stopped: 0,0003245 seconds, Stopping threads took: 0,0000485 seconds
2017-04-07T11:32:43.674+0200: 3,125: Total time for which application threads were stopped: 0,0014314 seconds, Stopping threads took: 0,0011126 seconds
2017-04-07T11:32:43.800+0200: 3,251: Total time for which application threads were stopped: 0,0001853 seconds, Stopping threads took: 0,0000570 seconds
{Heap before GC invocations=2 (full 0):
 par new generation   total 109248K, used 101352K [0x00000000e0000000, 0x00000000e8000000, 0x00000000e8000000)
  eden space 87424K, 100% used [0x00000000e0000000, 0x00000000e5560000, 0x00000000e5560000)
  from space 21824K,  63% used [0x00000000e5560000, 0x00000000e62fa300, 0x00000000e6ab0000)
  to   space 21824K,   0% used [0x00000000e6ab0000, 0x00000000e6ab0000, 0x00000000e8000000)
 concurrent mark-sweep generation total 393216K, used 0K [0x00000000e8000000, 0x0000000100000000, 0x0000000100000000)
 Metaspace       used 20955K, capacity 21280K, committed 21628K, reserved 1069056K
  class space    used 2415K, capacity 2586K, committed 2684K, reserved 1048576K
2017-04-07T11:32:43.833+0200: 3,284: [GC (Allocation Failure) 2017-04-07T11:32:43.833+0200: 3,284: [ParNew
Desired survivor size 20112992 bytes, new threshold 8 (max 8)
- age   1:    2291656 bytes,    2291656 total
- age   2:    1828384 bytes,    4120040 total
- age   3:    5651256 bytes,    9771296 total
: 101352K->12608K(109248K), 0,0107433 secs] 101352K->12608K(502464K), 0,0108386 secs] [Times: user=0,03 sys=0,00, real=0,02 secs] 
Heap after GC invocations=3 (full 0):
 par new generation   total 109248K, used 12608K [0x00000000e0000000, 0x00000000e8000000, 0x00000000e8000000)
  eden space 87424K,   0% used [0x00000000e0000000, 0x00000000e0000000, 0x00000000e5560000)
  from space 21824K,  57% used [0x00000000e6ab0000, 0x00000000e77001c0, 0x00000000e8000000)
  to   space 21824K,   0% used [0x00000000e5560000, 0x00000000e5560000, 0x00000000e6ab0000)
 concurrent mark-sweep generation total 393216K, used 0K [0x00000000e8000000, 0x0000000100000000, 0x0000000100000000)
 Metaspace       used 20955K, capacity 21280K, committed 21628K, reserved 1069056K
  class space    used 2415K, capacity 2586K, committed 2684K, reserved 1048576K
}
2017-04-07T11:32:43.844+0200: 3,295: Total time for which application threads were stopped: 0,0110803 seconds, Stopping threads took: 0,0000796 seconds
2017-04-07T11:32:43.844+0200: 3,295: [GC (CMS Initial Mark) [1 CMS-initial-mark: 0K(393216K)] 13290K(502464K), 0,0029437 secs] [Times: user=0,01 sys=0,00, real=0,00 secs] 
2017-04-07T11:32:43.847+0200: 3,298: Total time for which application threads were stopped: 0,0031363 seconds, Stopping threads took: 0,0000996 seconds
2017-04-07T11:32:43.847+0200: 3,298: [CMS-concurrent-mark-start]
2017-04-07T11:32:43.848+0200: 3,299: [CMS-concurrent-mark: 0,001/0,001 secs] [Times: user=0,01 sys=0,00, real=0,00 secs] 
2017-04-07T11:32:43.848+0200: 3,299: [CMS-concurrent-preclean-start]
2017-04-07T11:32:43.849+0200: 3,300: [CMS-concurrent-preclean: 0,001/0,001 secs] [Times: user=0,00 sys=0,00, real=0,00 secs] 
2017-04-07T11:32:43.849+0200: 3,300: [CMS-concurrent-abortable-preclean-start]
2017-04-07T11:32:43.928+0200: 3,380: Total time for which application threads were stopped: 0,0001742 seconds, Stopping threads took: 0,0000800 seconds
{Heap before GC invocations=3 (full 1):
 par new generation   total 109248K, used 100032K [0x00000000e0000000, 0x00000000e8000000, 0x00000000e8000000)
  eden space 87424K, 100% used [0x00000000e0000000, 0x00000000e5560000, 0x00000000e5560000)
  from space 21824K,  57% used [0x00000000e6ab0000, 0x00000000e77001c0, 0x00000000e8000000)
  to   space 21824K,   0% used [0x00000000e5560000, 0x00000000e5560000, 0x00000000e6ab0000)
 concurrent mark-sweep generation total 393216K, used 0K [0x00000000e8000000, 0x0000000100000000, 0x0000000100000000)
 Metaspace       used 21249K, capacity 21638K, committed 21884K, reserved 1069056K
  class space    used 2446K, capacity 2604K, committed 2684K, reserved 1048576K
2017-04-07T11:32:43.961+0200: 3,412: [GC (Allocation Failure) 2017-04-07T11:32:43.961+0200: 3,412: [ParNew
Desired survivor size 20112992 bytes, new threshold 8 (max 8)
- age   1:    1259560 bytes,    1259560 total
- age   2:    1487680 bytes,    2747240 total
- age   3:    1826240 bytes,    4573480 total
- age   4:    5651592 bytes,   10225072 total
: 100032K->11203K(109248K), 0,0123686 secs] 100032K->11203K(502464K), 0,0124465 secs] [Times: user=0,05 sys=0,00, real=0,01 secs] 
Heap after GC invocations=4 (full 1):
 par new generation   total 109248K, used 11203K [0x00000000e0000000, 0x00000000e8000000, 0x00000000e8000000)
  eden space 87424K,   0% used [0x00000000e0000000, 0x00000000e0000000, 0x00000000e5560000)
  from space 21824K,  51% used [0x00000000e5560000, 0x00000000e6050d88, 0x00000000e6ab0000)
  to   space 21824K,   0% used [0x00000000e6ab0000, 0x00000000e6ab0000, 0x00000000e8000000)
 concurrent mark-sweep generation total 393216K, used 0K [0x00000000e8000000, 0x0000000100000000, 0x0000000100000000)
 Metaspace       used 21249K, capacity 21638K, committed 21884K, reserved 1069056K
  class space    used 2446K, capacity 2604K, committed 2684K, reserved 1048576K
}
2017-04-07T11:32:43.974+0200: 3,425: Total time for which application threads were stopped: 0,0149658 seconds, Stopping threads took: 0,0023419 seconds
2017-04-07T11:32:43.974+0200: 3,425: [CMS-concurrent-abortable-preclean: 0,080/0,124 secs] [Times: user=0,49 sys=0,00, real=0,12 secs] 
2017-04-07T11:32:43.986+0200: 3,437: [GC (CMS Final Remark) [YG occupancy: 20948 K (109248 K)]{Heap before GC invocations=4 (full 1):
 par new generation   total 109248K, used 20948K [0x00000000e0000000, 0x00000000e8000000, 0x00000000e8000000)
  eden space 87424K,  11% used [0x00000000e0000000, 0x00000000e0984378, 0x00000000e5560000)
  from space 21824K,  51% used [0x00000000e5560000, 0x00000000e6050d88, 0x00000000e6ab0000)
  to   space 21824K,   0% used [0x00000000e6ab0000, 0x00000000e6ab0000, 0x00000000e8000000)
 concurrent mark-sweep generation total 393216K, used 0K [0x00000000e8000000, 0x0000000100000000, 0x0000000100000000)
 Metaspace       used 21262K, capacity 21638K, committed 21884K, reserved 1069056K
  class space    used 2448K, capacity 2604K, committed 2684K, reserved 1048576K
2017-04-07T11:32:43.986+0200: 3,437: [GC (CMS Final Remark) 2017-04-07T11:32:43.986+0200: 3,437: [ParNew
Desired survivor size 20112992 bytes, new threshold 8 (max 8)
- age   1:     689408 bytes,     689408 total
- age   2:     627208 bytes,    1316616 total
- age   3:    1487552 bytes,    2804168 total
- age   4:    1824240 bytes,    4628408 total
- age   5:    5651232 bytes,   10279640 total
: 20948K->13100K(109248K), 0,0192117 secs] 20948K->13100K(502464K), 0,0192626 secs] [Times: user=0,07 sys=0,00, real=0,02 secs] 
Heap after GC invocations=5 (full 1):
 par new generation   total 109248K, used 13100K [0x00000000e0000000, 0x00000000e8000000, 0x00000000e8000000)
  eden space 87424K,   0% used [0x00000000e0000000, 0x00000000e0000000, 0x00000000e5560000)
  from space 21824K,  60% used [0x00000000e6ab0000, 0x00000000e777b1f0, 0x00000000e8000000)
  to   space 21824K,   0% used [0x00000000e5560000, 0x00000000e5560000, 0x00000000e6ab0000)
 concurrent mark-sweep generation total 393216K, used 0K [0x00000000e8000000, 0x0000000100000000, 0x0000000100000000)
 Metaspace       used 21262K, capacity 21638K, committed 21884K, reserved 1069056K
  class space    used 2448K, capacity 2604K, committed 2684K, reserved 1048576K
}
2017-04-07T11:32:44.006+0200: 3,457: [Rescan (parallel) , 0,0052138 secs]2017-04-07T11:32:44.011+0200: 3,462: [weak refs processing, 0,0006555 secs]2017-04-07T11:32:44.011+0200: 3,462: [class unloading, 0,0029193 secs]2017-04-07T11:32:44.014+0200: 3,465: [scrub symbol table, 0,0025803 secs]2017-04-07T11:32:44.017+0200: 3,468: [scrub string table, 0,0003660 secs][1 CMS-remark: 0K(393216K)] 13100K(502464K), 0,0316542 secs] [Times: user=0,10 sys=0,00, real=0,03 secs] 
2017-04-07T11:32:44.018+0200: 3,469: Total time for which application threads were stopped: 0,0318076 seconds, Stopping threads took: 0,0000632 seconds
2017-04-07T11:32:44.018+0200: 3,469: [CMS-concurrent-sweep-start]
2017-04-07T11:32:44.018+0200: 3,469: [CMS-concurrent-sweep: 0,000/0,000 secs] [Times: user=0,00 sys=0,00, real=0,00 secs] 
2017-04-07T11:32:44.018+0200: 3,469: [CMS-concurrent-reset-start]
2017-04-07T11:32:44.020+0200: 3,471: [CMS-concurrent-reset: 0,002/0,002 secs] [Times: user=0,01 sys=0,00, real=0,00 secs] 
{Heap before GC invocations=5 (full 1):
 par new generation   total 109248K, used 100524K [0x00000000e0000000, 0x00000000e8000000, 0x00000000e8000000)
  eden space 87424K, 100% used [0x00000000e0000000, 0x00000000e5560000, 0x00000000e5560000)
  from space 21824K,  60% used [0x00000000e6ab0000, 0x00000000e777b1f0, 0x00000000e8000000)
  to   space 21824K,   0% used [0x00000000e5560000, 0x00000000e5560000, 0x00000000e6ab0000)
 concurrent mark-sweep generation total 393216K, used 0K [0x00000000e8000000, 0x0000000100000000, 0x0000000100000000)
 Metaspace       used 21388K, capacity 21810K, committed 21884K, reserved 1069056K
  class space    used 2468K, capacity 2638K, committed 2684K, reserved 1048576K
2017-04-07T11:32:44.116+0200: 3,567: [GC (Allocation Failure) 2017-04-07T11:32:44.116+0200: 3,567: [ParNew
Desired survivor size 20112992 bytes, new threshold 8 (max 8)
- age   1:     589440 bytes,     589440 total
- age   2:      25520 bytes,     614960 total
- age   3:     172376 bytes,     787336 total
- age   4:    1487448 bytes,    2274784 total
- age   5:    1824128 bytes,    4098912 total
- age   6:    5651296 bytes,    9750208 total
: 100524K->11895K(109248K), 0,0093721 secs] 100524K->11895K(502464K), 0,0094502 secs] [Times: user=0,04 sys=0,00, real=0,01 secs] 
Heap after GC invocations=6 (full 1):
 par new generation   total 109248K, used 11895K [0x00000000e0000000, 0x00000000e8000000, 0x00000000e8000000)
  eden space 87424K,   0% used [0x00000000e0000000, 0x00000000e0000000, 0x00000000e5560000)
  from space 21824K,  54% used [0x00000000e5560000, 0x00000000e60fdf80, 0x00000000e6ab0000)
  to   space 21824K,   0% used [0x00000000e6ab0000, 0x00000000e6ab0000, 0x00000000e8000000)
 concurrent mark-sweep generation total 393216K, used 0K [0x00000000e8000000, 0x0000000100000000, 0x0000000100000000)
 Metaspace       used 21388K, capacity 21810K, committed 21884K, reserved 1069056K
  class space    used 2468K, capacity 2638K, committed 2684K, reserved 1048576K
}
2017-04-07T11:32:44.126+0200: 3,577: Total time for which application threads were stopped: 0,0110932 seconds, Stopping threads took: 0,0014973 seconds
2017-04-07T11:32:44.166+0200: 3,617: Total time for which application threads were stopped: 0,0004739 seconds, Stopping threads took: 0,0000415 seconds
2017-04-07T11:32:44.435+0200: 3,886: Total time for which application threads were stopped: 0,0004285 seconds, Stopping threads took: 0,0000286 seconds
2017-04-07T11:32:44.448+0200: 3,899: Total time for which application threads were stopped: 0,0003966 seconds, Stopping threads took: 0,0000228 seconds
2017-04-07T11:32:44.602+0200: 4,053: Total time for which application threads were stopped: 0,0024148 seconds, Stopping threads took: 0,0020722 seconds
{Heap before GC invocations=6 (full 1):
 par new generation   total 109248K, used 99319K [0x00000000e0000000, 0x00000000e8000000, 0x00000000e8000000)
  eden space 87424K, 100% used [0x00000000e0000000, 0x00000000e5560000, 0x00000000e5560000)
  from space 21824K,  54% used [0x00000000e5560000, 0x00000000e60fdf80, 0x00000000e6ab0000)
  to   space 21824K,   0% used [0x00000000e6ab0000, 0x00000000e6ab0000, 0x00000000e8000000)
 concurrent mark-sweep generation total 393216K, used 0K [0x00000000e8000000, 0x0000000100000000, 0x0000000100000000)
 Metaspace       used 23802K, capacity 24240K, committed 24572K, reserved 1071104K
  class space    used 2799K, capacity 2979K, committed 3068K, reserved 1048576K
2017-04-07T11:32:44.614+0200: 4,065: [GC (Allocation Failure) 2017-04-07T11:32:44.614+0200: 4,065: [ParNew
Desired survivor size 20112992 bytes, new threshold 8 (max 8)
- age   1:    5414072 bytes,    5414072 total
- age   2:     118848 bytes,    5532920 total
- age   3:      25416 bytes,    5558336 total
- age   4:     170832 bytes,    5729168 total
- age   5:     310016 bytes,    6039184 total
- age   6:    1797824 bytes,    7837008 total
- age   7:    5642952 bytes,   13479960 total
: 99319K->17256K(109248K), 0,0215821 secs] 99319K->17256K(502464K), 0,0216686 secs] [Times: user=0,08 sys=0,00, real=0,03 secs] 
Heap after GC invocations=7 (full 1):
 par new generation   total 109248K, used 17256K [0x00000000e0000000, 0x00000000e8000000, 0x00000000e8000000)
  eden space 87424K,   0% used [0x00000000e0000000, 0x00000000e0000000, 0x00000000e5560000)
  from space 21824K,  79% used [0x00000000e6ab0000, 0x00000000e7b8a200, 0x00000000e8000000)
  to   space 21824K,   0% used [0x00000000e5560000, 0x00000000e5560000, 0x00000000e6ab0000)
 concurrent mark-sweep generation total 393216K, used 0K [0x00000000e8000000, 0x0000000100000000, 0x0000000100000000)
 Metaspace       used 23802K, capacity 24240K, committed 24572K, reserved 1071104K
  class space    used 2799K, capacity 2979K, committed 3068K, reserved 1048576K
}
2017-04-07T11:32:44.635+0200: 4,086: Total time for which application threads were stopped: 0,0218836 seconds, Stopping threads took: 0,0000818 seconds
{Heap before GC invocations=7 (full 1):
 par new generation   total 109248K, used 104680K [0x00000000e0000000, 0x00000000e8000000, 0x00000000e8000000)
  eden space 87424K, 100% used [0x00000000e0000000, 0x00000000e5560000, 0x00000000e5560000)
  from space 21824K,  79% used [0x00000000e6ab0000, 0x00000000e7b8a200, 0x00000000e8000000)
  to   space 21824K,   0% used [0x00000000e5560000, 0x00000000e5560000, 0x00000000e6ab0000)
 concurrent mark-sweep generation total 393216K, used 0K [0x00000000e8000000, 0x0000000100000000, 0x0000000100000000)
 Metaspace       used 24448K, capacity 24956K, committed 25084K, reserved 1071104K
  class space    used 2862K, capacity 3045K, committed 3068K, reserved 1048576K
2017-04-07T11:32:44.746+0200: 4,197: [GC (Allocation Failure) 2017-04-07T11:32:44.746+0200: 4,197: [ParNew
Desired survivor size 20112992 bytes, new threshold 8 (max 8)
- age   1:    2091488 bytes,    2091488 total
- age   2:    1821432 bytes,    3912920 total
- age   3:      64696 bytes,    3977616 total
- age   4:      18456 bytes,    3996072 total
- age   5:      94720 bytes,    4090792 total
- age   6:     190448 bytes,    4281240 total
- age   7:    1261304 bytes,    5542544 total
- age   8:    5626288 bytes,   11168832 total
: 104680K->14187K(109248K), 0,0250646 secs] 104680K->14187K(502464K), 0,0251498 secs] [Times: user=0,07 sys=0,00, real=0,02 secs] 
Heap after GC invocations=8 (full 1):
 par new generation   total 109248K, used 14187K [0x00000000e0000000, 0x00000000e8000000, 0x00000000e8000000)
  eden space 87424K,   0% used [0x00000000e0000000, 0x00000000e0000000, 0x00000000e5560000)
  from space 21824K,  65% used [0x00000000e5560000, 0x00000000e633ac80, 0x00000000e6ab0000)
  to   space 21824K,   0% used [0x00000000e6ab0000, 0x00000000e6ab0000, 0x00000000e8000000)
 concurrent mark-sweep generation total 393216K, used 0K [0x00000000e8000000, 0x0000000100000000, 0x0000000100000000)
 Metaspace       used 24448K, capacity 24956K, committed 25084K, reserved 1071104K
  class space    used 2862K, capacity 3045K, committed 3068K, reserved 1048576K
}
2017-04-07T11:32:44.771+0200: 4,223: Total time for which application threads were stopped: 0,0254264 seconds, Stopping threads took: 0,0000867 seconds
{Heap before GC invocations=8 (full 1):
 par new generation   total 109248K, used 101611K [0x00000000e0000000, 0x00000000e8000000, 0x00000000e8000000)
  eden space 87424K, 100% used [0x00000000e0000000, 0x00000000e5560000, 0x00000000e5560000)
  from space 21824K,  65% used [0x00000000e5560000, 0x00000000e633ac80, 0x00000000e6ab0000)
  to   space 21824K,   0% used [0x00000000e6ab0000, 0x00000000e6ab0000, 0x00000000e8000000)
 concurrent mark-sweep generation total 393216K, used 0K [0x00000000e8000000, 0x0000000100000000, 0x0000000100000000)
 Metaspace       used 24542K, capacity 24982K, committed 25084K, reserved 1071104K
  class space    used 2869K, capacity 3050K, committed 3068K, reserved 1048576K
2017-04-07T11:32:44.858+0200: 4,309: [GC (Allocation Failure) 2017-04-07T11:32:44.858+0200: 4,309: [ParNew
Desired survivor size 20112992 bytes, new threshold 8 (max 8)
- age   1:     497080 bytes,     497080 total
- age   2:     618648 bytes,    1115728 total
- age   3:    1799136 bytes,    2914864 total
- age   4:      64696 bytes,    2979560 total
- age   5:      18456 bytes,    2998016 total
- age   6:      94488 bytes,    3092504 total
- age   7:     187712 bytes,    3280216 total
- age   8:    1260504 bytes,    4540720 total
: 101611K->7329K(109248K), 0,0288032 secs] 101611K->13432K(502464K), 0,0288651 secs] [Times: user=0,07 sys=0,01, real=0,03 secs] 
Heap after GC invocations=9 (full 1):
 par new generation   total 109248K, used 7329K [0x00000000e0000000, 0x00000000e8000000, 0x00000000e8000000)
  eden space 87424K,   0% used [0x00000000e0000000, 0x00000000e0000000, 0x00000000e5560000)
  from space 21824K,  33% used [0x00000000e6ab0000, 0x00000000e71d85d0, 0x00000000e8000000)
  to   space 21824K,   0% used [0x00000000e5560000, 0x00000000e5560000, 0x00000000e6ab0000)
 concurrent mark-sweep generation total 393216K, used 6103K [0x00000000e8000000, 0x0000000100000000, 0x0000000100000000)
 Metaspace       used 24542K, capacity 24982K, committed 25084K, reserved 1071104K
  class space    used 2869K, capacity 3050K, committed 3068K, reserved 1048576K
}
2017-04-07T11:32:44.887+0200: 4,338: Total time for which application threads were stopped: 0,0324702 seconds, Stopping threads took: 0,0034328 seconds
2017-04-07T11:32:44.889+0200: 4,340: Total time for which application threads were stopped: 0,0001316 seconds, Stopping threads took: 0,0000508 seconds
2017-04-07T11:32:44.934+0200: 4,385: Total time for which application threads were stopped: 0,0029874 seconds, Stopping threads took: 0,0028929 seconds
2017-04-07T11:32:44.936+0200: 4,387: Total time for which application threads were stopped: 0,0001675 seconds, Stopping threads took: 0,0000577 seconds
2017-04-07T11:32:44.939+0200: 4,390: Total time for which application threads were stopped: 0,0029640 seconds, Stopping threads took: 0,0028788 seconds
2017-04-07T11:32:44.939+0200: 4,390: Total time for which application threads were stopped: 0,0000672 seconds, Stopping threads took: 0,0000207 seconds
2017-04-07T11:32:44.939+0200: 4,390: Total time for which application threads were stopped: 0,0000896 seconds, Stopping threads took: 0,0000322 seconds
2017-04-07T11:32:44.939+0200: 4,390: Total time for which application threads were stopped: 0,0000568 seconds, Stopping threads took: 0,0000158 seconds
2017-04-07T11:32:44.939+0200: 4,390: Total time for which application threads were stopped: 0,0000629 seconds, Stopping threads took: 0,0000225 seconds
2017-04-07T11:32:44.939+0200: 4,391: Total time for which application threads were stopped: 0,0000546 seconds, Stopping threads took: 0,0000188 seconds
2017-04-07T11:32:44.940+0200: 4,391: Total time for which application threads were stopped: 0,0000817 seconds, Stopping threads took: 0,0000303 seconds
2017-04-07T11:32:44.940+0200: 4,391: Total time for which application threads were stopped: 0,0000568 seconds, Stopping threads took: 0,0000083 seconds
2017-04-07T11:32:44.940+0200: 4,391: Total time for which application threads were stopped: 0,0000758 seconds, Stopping threads took: 0,0000354 seconds
2017-04-07T11:32:44.940+0200: 4,391: Total time for which application threads were stopped: 0,0000640 seconds, Stopping threads took: 0,0000195 seconds
2017-04-07T11:32:44.940+0200: 4,391: Total time for which application threads were stopped: 0,0000635 seconds, Stopping threads took: 0,0000201 seconds
2017-04-07T11:32:44.940+0200: 4,391: Total time for which application threads were stopped: 0,0000459 seconds, Stopping threads took: 0,0000109 seconds
2017-04-07T11:32:44.940+0200: 4,391: Total time for which application threads were stopped: 0,0000471 seconds, Stopping threads took: 0,0000088 seconds
2017-04-07T11:32:44.940+0200: 4,391: Total time for which application threads were stopped: 0,0000687 seconds, Stopping threads took: 0,0000257 seconds
2017-04-07T11:32:44.940+0200: 4,391: Total time for which application threads were stopped: 0,0000768 seconds, Stopping threads took: 0,0000276 seconds
2017-04-07T11:32:44.940+0200: 4,392: Total time for which application threads were stopped: 0,0000625 seconds, Stopping threads took: 0,0000191 seconds
2017-04-07T11:32:44.941+0200: 4,392: Total time for which application threads were stopped: 0,0000712 seconds, Stopping threads took: 0,0000197 seconds
2017-04-07T11:32:44.941+0200: 4,392: Total time for which application threads were stopped: 0,0000526 seconds, Stopping threads took: 0,0000098 seconds
2017-04-07T11:32:44.941+0200: 4,392: Total time for which application threads were stopped: 0,0000665 seconds, Stopping threads took: 0,0000290 seconds
2017-04-07T11:32:44.941+0200: 4,392: Total time for which application threads were stopped: 0,0000591 seconds, Stopping threads took: 0,0000161 seconds
2017-04-07T11:32:44.941+0200: 4,392: Total time for which application threads were stopped: 0,0000679 seconds, Stopping threads took: 0,0000182 seconds
2017-04-07T11:32:44.941+0200: 4,392: Total time for which application threads were stopped: 0,0000621 seconds, Stopping threads took: 0,0000151 seconds
2017-04-07T11:32:44.941+0200: 4,392: Total time for which application threads were stopped: 0,0000720 seconds, Stopping threads took: 0,0000204 seconds
2017-04-07T11:32:44.941+0200: 4,392: Total time for which application threads were stopped: 0,0000536 seconds, Stopping threads took: 0,0000141 seconds
2017-04-07T11:32:44.941+0200: 4,393: Total time for which application threads were stopped: 0,0000570 seconds, Stopping threads took: 0,0000211 seconds
2017-04-07T11:32:44.942+0200: 4,393: Total time for which application threads were stopped: 0,0000610 seconds, Stopping threads took: 0,0000197 seconds
2017-04-07T11:32:44.942+0200: 4,393: Total time for which application threads were stopped: 0,0000534 seconds, Stopping threads took: 0,0000151 seconds
2017-04-07T11:32:44.942+0200: 4,393: Total time for which application threads were stopped: 0,0000458 seconds, Stopping threads took: 0,0000096 seconds
2017-04-07T11:32:44.942+0200: 4,393: Total time for which application threads were stopped: 0,0000747 seconds, Stopping threads took: 0,0000319 seconds
2017-04-07T11:32:44.942+0200: 4,393: Total time for which application threads were stopped: 0,0001534 seconds, Stopping threads took: 0,0000159 seconds
2017-04-07T11:32:44.946+0200: 4,397: Total time for which application threads were stopped: 0,0001466 seconds, Stopping threads took: 0,0000444 seconds
2017-04-07T11:32:44.951+0200: 4,402: Total time for which application threads were stopped: 0,0001266 seconds, Stopping threads took: 0,0000386 seconds
2017-04-07T11:32:44.957+0200: 4,408: Total time for which application threads were stopped: 0,0001449 seconds, Stopping threads took: 0,0000542 seconds
2017-04-07T11:32:44.969+0200: 4,420: Total time for which application threads were stopped: 0,0001766 seconds, Stopping threads took: 0,0000512 seconds
2017-04-07T11:32:44.970+0200: 4,421: Total time for which application threads were stopped: 0,0001738 seconds, Stopping threads took: 0,0000698 seconds
2017-04-07T11:32:44.990+0200: 4,441: Total time for which application threads were stopped: 0,0040407 seconds, Stopping threads took: 0,0039602 seconds
2017-04-07T11:32:44.999+0200: 4,450: Total time for which application threads were stopped: 0,0001522 seconds, Stopping threads took: 0,0000518 seconds
2017-04-07T11:32:44.999+0200: 4,450: Total time for which application threads were stopped: 0,0000890 seconds, Stopping threads took: 0,0000285 seconds
2017-04-07T11:32:45.000+0200: 4,451: Total time for which application threads were stopped: 0,0000872 seconds, Stopping threads took: 0,0000169 seconds
2017-04-07T11:32:45.000+0200: 4,451: Total time for which application threads were stopped: 0,0000722 seconds, Stopping threads took: 0,0000183 seconds
2017-04-07T11:32:45.000+0200: 4,451: Total time for which application threads were stopped: 0,0000705 seconds, Stopping threads took: 0,0000145 seconds
2017-04-07T11:32:45.000+0200: 4,451: Total time for which application threads were stopped: 0,0001300 seconds, Stopping threads took: 0,0000709 seconds
2017-04-07T11:32:45.000+0200: 4,451: Total time for which application threads were stopped: 0,0000799 seconds, Stopping threads took: 0,0000276 seconds
2017-04-07T11:32:45.001+0200: 4,452: Total time for which application threads were stopped: 0,0000936 seconds, Stopping threads took: 0,0000294 seconds
2017-04-07T11:32:45.001+0200: 4,452: Total time for which application threads were stopped: 0,0000723 seconds, Stopping threads took: 0,0000203 seconds
2017-04-07T11:32:45.001+0200: 4,452: Total time for which application threads were stopped: 0,0001080 seconds, Stopping threads took: 0,0000265 seconds
2017-04-07T11:32:45.001+0200: 4,452: Total time for which application threads were stopped: 0,0000787 seconds, Stopping threads took: 0,0000216 seconds
2017-04-07T11:32:45.001+0200: 4,452: Total time for which application threads were stopped: 0,0000736 seconds, Stopping threads took: 0,0000182 seconds
2017-04-07T11:32:45.002+0200: 4,453: Total time for which application threads were stopped: 0,0001006 seconds, Stopping threads took: 0,0000255 seconds
2017-04-07T11:32:45.002+0200: 4,453: Total time for which application threads were stopped: 0,0000876 seconds, Stopping threads took: 0,0000232 seconds
2017-04-07T11:32:45.002+0200: 4,453: Total time for which application threads were stopped: 0,0000824 seconds, Stopping threads took: 0,0000154 seconds
2017-04-07T11:32:45.002+0200: 4,453: Total time for which application threads were stopped: 0,0000967 seconds, Stopping threads took: 0,0000217 seconds
2017-04-07T11:32:45.002+0200: 4,454: Total time for which application threads were stopped: 0,0002371 seconds, Stopping threads took: 0,0001496 seconds
2017-04-07T11:32:45.003+0200: 4,454: Total time for which application threads were stopped: 0,0003244 seconds, Stopping threads took: 0,0002382 seconds
2017-04-07T11:32:45.003+0200: 4,454: Total time for which application threads were stopped: 0,0001803 seconds, Stopping threads took: 0,0000208 seconds
2017-04-07T11:32:45.005+0200: 4,456: Total time for which application threads were stopped: 0,0001411 seconds, Stopping threads took: 0,0000464 seconds
2017-04-07T11:32:45.014+0200: 4,465: Total time for which application threads were stopped: 0,0002776 seconds, Stopping threads took: 0,0001758 seconds
2017-04-07T11:32:45.018+0200: 4,469: Total time for which application threads were stopped: 0,0022904 seconds, Stopping threads took: 0,0021825 seconds
2017-04-07T11:32:45.031+0200: 4,482: Total time for which application threads were stopped: 0,0001281 seconds, Stopping threads took: 0,0000436 seconds
2017-04-07T11:32:45.033+0200: 4,484: Total time for which application threads were stopped: 0,0001740 seconds, Stopping threads took: 0,0001032 seconds
2017-04-07T11:32:45.036+0200: 4,487: Total time for which application threads were stopped: 0,0006973 seconds, Stopping threads took: 0,0006039 seconds
2017-04-07T11:32:45.037+0200: 4,488: Total time for which application threads were stopped: 0,0005774 seconds, Stopping threads took: 0,0004610 seconds
2017-04-07T11:32:45.040+0200: 4,491: Total time for which application threads were stopped: 0,0001416 seconds, Stopping threads took: 0,0000599 seconds
2017-04-07T11:32:45.041+0200: 4,492: Total time for which application threads were stopped: 0,0001211 seconds, Stopping threads took: 0,0000218 seconds
2017-04-07T11:32:45.041+0200: 4,492: Total time for which application threads were stopped: 0,0001043 seconds, Stopping threads took: 0,0000163 seconds
2017-04-07T11:32:45.046+0200: 4,497: Total time for which application threads were stopped: 0,0038963 seconds, Stopping threads took: 0,0038268 seconds
2017-04-07T11:32:45.046+0200: 4,497: Total time for which application threads were stopped: 0,0000998 seconds, Stopping threads took: 0,0000359 seconds
2017-04-07T11:32:45.046+0200: 4,497: Total time for which application threads were stopped: 0,0000731 seconds, Stopping threads took: 0,0000117 seconds
2017-04-07T11:32:45.047+0200: 4,498: Total time for which application threads were stopped: 0,0000905 seconds, Stopping threads took: 0,0000480 seconds
2017-04-07T11:32:45.048+0200: 4,499: Total time for which application threads were stopped: 0,0001285 seconds, Stopping threads took: 0,0000486 seconds
2017-04-07T11:32:45.051+0200: 4,502: Total time for which application threads were stopped: 0,0001266 seconds, Stopping threads took: 0,0000478 seconds
2017-04-07T11:32:45.052+0200: 4,503: Total time for which application threads were stopped: 0,0001148 seconds, Stopping threads took: 0,0000402 seconds
2017-04-07T11:32:45.052+0200: 4,503: Total time for which application threads were stopped: 0,0000991 seconds, Stopping threads took: 0,0000126 seconds
2017-04-07T11:32:45.052+0200: 4,503: Total time for which application threads were stopped: 0,0000538 seconds, Stopping threads took: 0,0000103 seconds
2017-04-07T11:32:45.052+0200: 4,503: Total time for which application threads were stopped: 0,0000463 seconds, Stopping threads took: 0,0000089 seconds
2017-04-07T11:32:45.054+0200: 4,505: Total time for which application threads were stopped: 0,0001179 seconds, Stopping threads took: 0,0000486 seconds
2017-04-07T11:32:45.054+0200: 4,506: Total time for which application threads were stopped: 0,0001228 seconds, Stopping threads took: 0,0000399 seconds
2017-04-07T11:32:45.055+0200: 4,506: Total time for which application threads were stopped: 0,0000671 seconds, Stopping threads took: 0,0000243 seconds
2017-04-07T11:32:45.057+0200: 4,508: Total time for which application threads were stopped: 0,0001343 seconds, Stopping threads took: 0,0000444 seconds
2017-04-07T11:32:45.057+0200: 4,508: Total time for which application threads were stopped: 0,0000853 seconds, Stopping threads took: 0,0000147 seconds
2017-04-07T11:32:45.058+0200: 4,509: Total time for which application threads were stopped: 0,0001158 seconds, Stopping threads took: 0,0000391 seconds
2017-04-07T11:32:45.058+0200: 4,509: Total time for which application threads were stopped: 0,0001445 seconds, Stopping threads took: 0,0000258 seconds
2017-04-07T11:32:45.122+0200: 4,573: Total time for which application threads were stopped: 0,0003353 seconds, Stopping threads took: 0,0002115 seconds
2017-04-07T11:32:45.145+0200: 4,596: Total time for which application threads were stopped: 0,0008592 seconds, Stopping threads took: 0,0007593 seconds
2017-04-07T11:32:45.146+0200: 4,597: Total time for which application threads were stopped: 0,0001064 seconds, Stopping threads took: 0,0000425 seconds
2017-04-07T11:32:45.153+0200: 4,604: Total time for which application threads were stopped: 0,0028839 seconds, Stopping threads took: 0,0027783 seconds
2017-04-07T11:32:45.155+0200: 4,606: Total time for which application threads were stopped: 0,0010049 seconds, Stopping threads took: 0,0009286 seconds
2017-04-07T11:32:45.181+0200: 4,632: Total time for which application threads were stopped: 0,0001711 seconds, Stopping threads took: 0,0000700 seconds
2017-04-07T11:32:45.221+0200: 4,672: Total time for which application threads were stopped: 0,0003940 seconds, Stopping threads took: 0,0003092 seconds
2017-04-07T11:32:45.282+0200: 4,734: Total time for which application threads were stopped: 0,0009034 seconds, Stopping threads took: 0,0004309 seconds
2017-04-07T11:32:45.305+0200: 4,756: Total time for which application threads were stopped: 0,0004951 seconds, Stopping threads took: 0,0000405 seconds
2017-04-07T11:32:45.380+0200: 4,831: Total time for which application threads were stopped: 0,0004174 seconds, Stopping threads took: 0,0000210 seconds
2017-04-07T11:32:45.381+0200: 4,832: Total time for which application threads were stopped: 0,0001120 seconds, Stopping threads took: 0,0000418 seconds
2017-04-07T11:32:45.381+0200: 4,832: Total time for which application threads were stopped: 0,0000633 seconds, Stopping threads took: 0,0000241 seconds
2017-04-07T11:32:45.389+0200: 4,840: Total time for which application threads were stopped: 0,0001078 seconds, Stopping threads took: 0,0000230 seconds
2017-04-07T11:32:45.398+0200: 4,849: Total time for which application threads were stopped: 0,0001374 seconds, Stopping threads took: 0,0000530 seconds
2017-04-07T11:32:45.405+0200: 4,856: Total time for which application threads were stopped: 0,0001319 seconds, Stopping threads took: 0,0000462 seconds
2017-04-07T11:32:45.416+0200: 4,867: Total time for which application threads were stopped: 0,0001526 seconds, Stopping threads took: 0,0000560 seconds
2017-04-07T11:32:45.436+0200: 4,887: Total time for which application threads were stopped: 0,0001580 seconds, Stopping threads took: 0,0000874 seconds
2017-04-07T11:32:45.470+0200: 4,921: Total time for which application threads were stopped: 0,0008140 seconds, Stopping threads took: 0,0006848 seconds
2017-04-07T11:32:45.477+0200: 4,928: Total time for which application threads were stopped: 0,0024732 seconds, Stopping threads took: 0,0020581 seconds
2017-04-07T11:32:46.478+0200: 5,929: Total time for which application threads were stopped: 0,0000835 seconds, Stopping threads took: 0,0000180 seconds
{Heap before GC invocations=9 (full 1):
 par new generation   total 109248K, used 94753K [0x00000000e0000000, 0x00000000e8000000, 0x00000000e8000000)
  eden space 87424K, 100% used [0x00000000e0000000, 0x00000000e5560000, 0x00000000e5560000)
  from space 21824K,  33% used [0x00000000e6ab0000, 0x00000000e71d85d0, 0x00000000e8000000)
  to   space 21824K,   0% used [0x00000000e5560000, 0x00000000e5560000, 0x00000000e6ab0000)
 concurrent mark-sweep generation total 393216K, used 6103K [0x00000000e8000000, 0x0000000100000000, 0x0000000100000000)
 Metaspace       used 28014K, capacity 28498K, committed 28796K, reserved 1075200K
  class space    used 3213K, capacity 3388K, committed 3452K, reserved 1048576K
2017-04-07T11:32:48.018+0200: 7,469: [GC (Allocation Failure) 2017-04-07T11:32:48.018+0200: 7,469: [ParNew
Desired survivor size 20112992 bytes, new threshold 8 (max 8)
- age   1:   11396760 bytes,   11396760 total
- age   2:     293296 bytes,   11690056 total
- age   3:     218688 bytes,   11908744 total
- age   4:    1790432 bytes,   13699176 total
- age   5:      64696 bytes,   13763872 total
- age   6:      18456 bytes,   13782328 total
- age   7:      94296 bytes,   13876624 total
- age   8:     187248 bytes,   14063872 total
: 94753K->15560K(109248K), 0,0147641 secs] 100856K->22907K(502464K), 0,0148408 secs] [Times: user=0,05 sys=0,00, real=0,01 secs] 
Heap after GC invocations=10 (full 1):
 par new generation   total 109248K, used 15560K [0x00000000e0000000, 0x00000000e8000000, 0x00000000e8000000)
  eden space 87424K,   0% used [0x00000000e0000000, 0x00000000e0000000, 0x00000000e5560000)
  from space 21824K,  71% used [0x00000000e5560000, 0x00000000e64920f0, 0x00000000e6ab0000)
  to   space 21824K,   0% used [0x00000000e6ab0000, 0x00000000e6ab0000, 0x00000000e8000000)
 concurrent mark-sweep generation total 393216K, used 7347K [0x00000000e8000000, 0x0000000100000000, 0x0000000100000000)
 Metaspace       used 28014K, capacity 28498K, committed 28796K, reserved 1075200K
  class space    used 3213K, capacity 3388K, committed 3452K, reserved 1048576K
}
2017-04-07T11:32:48.033+0200: 7,484: Total time for which application threads were stopped: 0,0149698 seconds, Stopping threads took: 0,0000163 seconds
2017-04-07T11:32:48.033+0200: 7,484: Total time for which application threads were stopped: 0,0000593 seconds, Stopping threads took: 0,0000205 seconds
2017-04-07T11:32:48.034+0200: 7,485: Total time for which application threads were stopped: 0,0000590 seconds, Stopping threads took: 0,0000257 seconds
2017-04-07T11:53:37.155+0200: 83,248: Total time for which application threads were stopped: 0,0000803 seconds, Stopping threads took: 0,0000346 seconds
2017-04-07T11:54:12.159+0200: 118,253: Total time for which application threads were stopped: 0,0001021 seconds, Stopping threads took: 0,0000425 seconds
2017-04-07T11:54:16.160+0200: 122,253: Total time for which application threads were stopped: 0,0002725 seconds, Stopping threads took: 0,0000760 seconds
2017-04-07T11:55:16.173+0200: 182,267: Total time for which application threads were stopped: 0,0000876 seconds, Stopping threads took: 0,0000361 seconds
2017-04-07T11:55:21.174+0200: 187,268: Total time for which application threads were stopped: 0,0000899 seconds, Stopping threads took: 0,0000362 seconds
2017-04-07T11:56:52.186+0200: 278,280: Total time for which application threads were stopped: 0,0001151 seconds, Stopping threads took: 0,0000482 seconds
2017-04-07T12:15:46.344+0200: 1412,437: Total time for which application threads were stopped: 0,0001173 seconds, Stopping threads took: 0,0000398 seconds
2017-04-07T12:20:11.384+0200: 1677,478: Total time for which application threads were stopped: 0,0002066 seconds, Stopping threads took: 0,0000726 seconds
2017-04-07T12:30:31.481+0200: 2297,575: Total time for which application threads were stopped: 0,0000882 seconds, Stopping threads took: 0,0000328 seconds
2017-04-07T12:30:36.482+0200: 2302,575: Total time for which application threads were stopped: 0,0001323 seconds, Stopping threads took: 0,0000292 seconds
2017-04-07T12:34:41.515+0200: 2547,609: Total time for which application threads were stopped: 0,0000745 seconds, Stopping threads took: 0,0000290 seconds
2017-04-07T12:45:31.596+0200: 3197,690: Total time for which application threads were stopped: 0,0002630 seconds, Stopping threads took: 0,0001606 seconds
2017-04-07T12:46:16.601+0200: 3242,695: Total time for which application threads were stopped: 0,0000820 seconds, Stopping threads took: 0,0000339 seconds
2017-04-07T12:57:16.687+0200: 3902,781: Total time for which application threads were stopped: 0,0001028 seconds, Stopping threads took: 0,0000341 seconds
2017-04-07T12:57:26.688+0200: 3912,782: Total time for which application threads were stopped: 0,0000721 seconds, Stopping threads took: 0,0000175 seconds
2017-04-07T13:10:21.792+0200: 4687,886: Total time for which application threads were stopped: 0,0001735 seconds, Stopping threads took: 0,0000675 seconds
2017-04-07T13:10:26.793+0200: 4692,887: Total time for which application threads were stopped: 0,0000812 seconds, Stopping threads took: 0,0000195 seconds
2017-04-07T13:36:36.994+0200: 6263,088: Total time for which application threads were stopped: 0,0000855 seconds, Stopping threads took: 0,0000344 seconds
2017-04-07T13:54:16.130+0200: 7322,224: Total time for which application threads were stopped: 0,0002773 seconds, Stopping threads took: 0,0001026 seconds
2017-04-07T13:58:38.883+0200: 7584,976: Total time for which application threads were stopped: 0,0005282 seconds, Stopping threads took: 0,0000248 seconds
2017-04-07T13:58:39.125+0200: 7585,219: Total time for which application threads were stopped: 0,0001262 seconds, Stopping threads took: 0,0000223 seconds
2017-04-07T13:58:40.125+0200: 7586,219: Total time for which application threads were stopped: 0,0000963 seconds, Stopping threads took: 0,0000201 seconds
2017-04-07T13:58:57.395+0200: 7603,489: Total time for which application threads were stopped: 0,0004065 seconds, Stopping threads took: 0,0000143 seconds
2017-04-07T13:58:57.396+0200: 7603,490: Total time for which application threads were stopped: 0,0004399 seconds, Stopping threads took: 0,0000143 seconds
2017-04-07T13:58:57.403+0200: 7603,497: Total time for which application threads were stopped: 0,0001309 seconds, Stopping threads took: 0,0000642 seconds
2017-04-07T13:58:57.410+0200: 7603,504: Total time for which application threads were stopped: 0,0041729 seconds, Stopping threads took: 0,0041022 seconds
2017-04-07T13:58:57.411+0200: 7603,505: Total time for which application threads were stopped: 0,0001129 seconds, Stopping threads took: 0,0000132 seconds
2017-04-07T13:58:57.417+0200: 7603,511: Total time for which application threads were stopped: 0,0000646 seconds, Stopping threads took: 0,0000115 seconds
2017-04-07T13:58:57.421+0200: 7603,514: Total time for which application threads were stopped: 0,0010580 seconds, Stopping threads took: 0,0001761 seconds
2017-04-07T13:58:57.425+0200: 7603,519: Total time for which application threads were stopped: 0,0025002 seconds, Stopping threads took: 0,0024350 seconds
2017-04-07T13:58:57.425+0200: 7603,519: Total time for which application threads were stopped: 0,0000826 seconds, Stopping threads took: 0,0000304 seconds
2017-04-07T13:58:57.425+0200: 7603,519: Total time for which application threads were stopped: 0,0000647 seconds, Stopping threads took: 0,0000178 seconds
2017-04-07T13:58:57.425+0200: 7603,519: Total time for which application threads were stopped: 0,0000786 seconds, Stopping threads took: 0,0000261 seconds
2017-04-07T13:58:57.425+0200: 7603,519: Total time for which application threads were stopped: 0,0000662 seconds, Stopping threads took: 0,0000147 seconds
2017-04-07T13:58:57.426+0200: 7603,519: Total time for which application threads were stopped: 0,0000468 seconds, Stopping threads took: 0,0000206 seconds
2017-04-07T13:58:57.426+0200: 7603,519: Total time for which application threads were stopped: 0,0000472 seconds, Stopping threads took: 0,0000201 seconds
2017-04-07T13:58:57.426+0200: 7603,520: Total time for which application threads were stopped: 0,0000326 seconds, Stopping threads took: 0,0000105 seconds
2017-04-07T13:58:57.426+0200: 7603,520: Total time for which application threads were stopped: 0,0000276 seconds, Stopping threads took: 0,0000077 seconds
2017-04-07T13:58:57.426+0200: 7603,520: Total time for which application threads were stopped: 0,0000320 seconds, Stopping threads took: 0,0000122 seconds
2017-04-07T13:58:57.426+0200: 7603,520: Total time for which application threads were stopped: 0,0000369 seconds, Stopping threads took: 0,0000174 seconds
2017-04-07T13:58:57.426+0200: 7603,520: Total time for which application threads were stopped: 0,0000478 seconds, Stopping threads took: 0,0000192 seconds
2017-04-07T13:58:57.426+0200: 7603,520: Total time for which application threads were stopped: 0,0000404 seconds, Stopping threads took: 0,0000105 seconds
2017-04-07T13:58:57.426+0200: 7603,520: Total time for which application threads were stopped: 0,0000470 seconds, Stopping threads took: 0,0000188 seconds
2017-04-07T13:58:57.426+0200: 7603,520: Total time for which application threads were stopped: 0,0000454 seconds, Stopping threads took: 0,0000184 seconds
2017-04-07T13:58:57.426+0200: 7603,520: Total time for which application threads were stopped: 0,0000226 seconds, Stopping threads took: 0,0000059 seconds
2017-04-07T13:58:57.426+0200: 7603,520: Total time for which application threads were stopped: 0,0000387 seconds, Stopping threads took: 0,0000194 seconds
2017-04-07T13:58:57.426+0200: 7603,520: Total time for which application threads were stopped: 0,0000322 seconds, Stopping threads took: 0,0000124 seconds
2017-04-07T13:58:57.426+0200: 7603,520: Total time for which application threads were stopped: 0,0000418 seconds, Stopping threads took: 0,0000189 seconds
2017-04-07T13:58:57.426+0200: 7603,520: Total time for which application threads were stopped: 0,0000253 seconds, Stopping threads took: 0,0000056 seconds
2017-04-07T13:58:57.426+0200: 7603,520: Total time for which application threads were stopped: 0,0000226 seconds, Stopping threads took: 0,0000052 seconds
2017-04-07T13:58:57.427+0200: 7603,520: Total time for which application threads were stopped: 0,0000223 seconds, Stopping threads took: 0,0000050 seconds
2017-04-07T13:58:57.431+0200: 7603,525: Total time for which application threads were stopped: 0,0001835 seconds, Stopping threads took: 0,0000537 seconds
2017-04-07T13:58:57.431+0200: 7603,525: Total time for which application threads were stopped: 0,0000973 seconds, Stopping threads took: 0,0000200 seconds
2017-04-07T13:58:57.432+0200: 7603,525: Total time for which application threads were stopped: 0,0000644 seconds, Stopping threads took: 0,0000138 seconds
2017-04-07T13:58:57.432+0200: 7603,525: Total time for which application threads were stopped: 0,0000551 seconds, Stopping threads took: 0,0000108 seconds
2017-04-07T13:58:57.432+0200: 7603,526: Total time for which application threads were stopped: 0,0000706 seconds, Stopping threads took: 0,0000101 seconds
2017-04-07T13:58:57.433+0200: 7603,527: Total time for which application threads were stopped: 0,0000698 seconds, Stopping threads took: 0,0000195 seconds
2017-04-07T13:58:57.433+0200: 7603,527: Total time for which application threads were stopped: 0,0000425 seconds, Stopping threads took: 0,0000096 seconds
2017-04-07T13:58:57.433+0200: 7603,527: Total time for which application threads were stopped: 0,0000359 seconds, Stopping threads took: 0,0000088 seconds
2017-04-07T13:58:57.435+0200: 7603,529: Total time for which application threads were stopped: 0,0000745 seconds, Stopping threads took: 0,0000182 seconds
2017-04-07T13:58:57.435+0200: 7603,529: Total time for which application threads were stopped: 0,0000461 seconds, Stopping threads took: 0,0000105 seconds
2017-04-07T13:58:57.435+0200: 7603,529: Total time for which application threads were stopped: 0,0000325 seconds, Stopping threads took: 0,0000083 seconds
2017-04-07T13:58:57.435+0200: 7603,529: Total time for which application threads were stopped: 0,0000661 seconds, Stopping threads took: 0,0000373 seconds
2017-04-07T13:58:57.436+0200: 7603,529: Total time for which application threads were stopped: 0,0000579 seconds, Stopping threads took: 0,0000264 seconds
2017-04-07T13:58:57.436+0200: 7603,530: Total time for which application threads were stopped: 0,0000544 seconds, Stopping threads took: 0,0000186 seconds
2017-04-07T13:58:57.436+0200: 7603,530: Total time for which application threads were stopped: 0,0000590 seconds, Stopping threads took: 0,0000270 seconds
2017-04-07T13:58:57.437+0200: 7603,531: Total time for which application threads were stopped: 0,0000695 seconds, Stopping threads took: 0,0000237 seconds
2017-04-07T13:58:57.437+0200: 7603,531: Total time for which application threads were stopped: 0,0000422 seconds, Stopping threads took: 0,0000208 seconds
2017-04-07T13:58:57.437+0200: 7603,531: Total time for which application threads were stopped: 0,0000395 seconds, Stopping threads took: 0,0000163 seconds
2017-04-07T13:58:57.437+0200: 7603,531: Total time for which application threads were stopped: 0,0000549 seconds, Stopping threads took: 0,0000311 seconds
2017-04-07T13:58:57.437+0200: 7603,531: Total time for which application threads were stopped: 0,0000387 seconds, Stopping threads took: 0,0000184 seconds
2017-04-07T13:58:57.437+0200: 7603,531: Total time for which application threads were stopped: 0,0000376 seconds, Stopping threads took: 0,0000182 seconds
2017-04-07T13:58:57.437+0200: 7603,531: Total time for which application threads were stopped: 0,0000374 seconds, Stopping threads took: 0,0000162 seconds
2017-04-07T13:58:57.437+0200: 7603,531: Total time for which application threads were stopped: 0,0000384 seconds, Stopping threads took: 0,0000184 seconds
2017-04-07T13:58:57.438+0200: 7603,532: Total time for which application threads were stopped: 0,0000544 seconds, Stopping threads took: 0,0000239 seconds
2017-04-07T13:58:57.438+0200: 7603,532: Total time for which application threads were stopped: 0,0000526 seconds, Stopping threads took: 0,0000276 seconds
2017-04-07T13:58:57.438+0200: 7603,532: Total time for which application threads were stopped: 0,0000462 seconds, Stopping threads took: 0,0000259 seconds
2017-04-07T13:58:57.438+0200: 7603,532: Total time for which application threads were stopped: 0,0000457 seconds, Stopping threads took: 0,0000234 seconds
2017-04-07T13:58:57.438+0200: 7603,532: Total time for which application threads were stopped: 0,0000409 seconds, Stopping threads took: 0,0000219 seconds
2017-04-07T13:58:57.438+0200: 7603,532: Total time for which application threads were stopped: 0,0000281 seconds, Stopping threads took: 0,0000077 seconds
2017-04-07T13:58:57.440+0200: 7603,533: Total time for which application threads were stopped: 0,0000986 seconds, Stopping threads took: 0,0000190 seconds
2017-04-07T13:58:57.440+0200: 7603,534: Total time for which application threads were stopped: 0,0000624 seconds, Stopping threads took: 0,0000206 seconds
2017-04-07T13:58:57.440+0200: 7603,534: Total time for which application threads were stopped: 0,0000634 seconds, Stopping threads took: 0,0000196 seconds
2017-04-07T13:58:57.440+0200: 7603,534: Total time for which application threads were stopped: 0,0000258 seconds, Stopping threads took: 0,0000076 seconds
2017-04-07T13:58:57.441+0200: 7603,534: Total time for which application threads were stopped: 0,0000237 seconds, Stopping threads took: 0,0000067 seconds
2017-04-07T13:58:57.441+0200: 7603,534: Total time for which application threads were stopped: 0,0000248 seconds, Stopping threads took: 0,0000066 seconds
2017-04-07T13:58:57.441+0200: 7603,535: Total time for which application threads were stopped: 0,0000539 seconds, Stopping threads took: 0,0000130 seconds
2017-04-07T13:58:57.441+0200: 7603,535: Total time for which application threads were stopped: 0,0000274 seconds, Stopping threads took: 0,0000083 seconds
2017-04-07T13:58:57.441+0200: 7603,535: Total time for which application threads were stopped: 0,0002077 seconds, Stopping threads took: 0,0000082 seconds
2017-04-07T13:58:57.442+0200: 7603,536: Total time for which application threads were stopped: 0,0000533 seconds, Stopping threads took: 0,0000145 seconds
2017-04-07T13:58:57.443+0200: 7603,536: Total time for which application threads were stopped: 0,0000489 seconds, Stopping threads took: 0,0000079 seconds
Heap
 par new generation   total 109248K, used 41614K [0x00000000e0000000, 0x00000000e8000000, 0x00000000e8000000)
  eden space 87424K,  29% used [0x00000000e0000000, 0x00000000e1971988, 0x00000000e5560000)
  from space 21824K,  71% used [0x00000000e5560000, 0x00000000e64920f0, 0x00000000e6ab0000)
  to   space 21824K,   0% used [0x00000000e6ab0000, 0x00000000e6ab0000, 0x00000000e8000000)
 concurrent mark-sweep generation total 393216K, used 7347K [0x00000000e8000000, 0x0000000100000000, 0x0000000100000000)
 Metaspace       used 29000K, capacity 29566K, committed 29692K, reserved 1075200K
  class space    used 3346K, capacity 3552K, committed 3580K, reserved 1048576K
