OpenJDK 64-Bit Server VM (25.91-b14) for linux-amd64 JRE (1.8.0_91-8u91-b14-3ubuntu1~16.04.1-b14), built on Jul 21 2016 04:13:34 by "buildd" with gcc 5.3.1 20160413
Memory: 4k page, physical 7867876k(7535872k free), swap 8076284k(8076284k free)
CommandLine flags: -XX:CMSInitiatingOccupancyFraction=50 -XX:CMSMaxAbortablePrecleanTime=6000 -XX:+CMSParallelRemarkEnabled -XX:+CMSScavengeBeforeRemark -XX:ConcGCThreads=4 -XX:InitialHeapSize=536870912 -XX:MaxHeapSize=536870912 -XX:MaxTenuringThreshold=8 -XX:NewRatio=3 -XX:OldPLABSize=16 -XX:OnOutOfMemoryError=/opt/solr/bin/oom_solr.sh 8983 /var/solr/logs -XX:ParallelGCThreads=4 -XX:+ParallelRefProcEnabled -XX:PretenureSizeThreshold=67108864 -XX:+PrintGC -XX:+PrintGCApplicationStoppedTime -XX:+PrintGCDateStamps -XX:+PrintGCDetails -XX:+PrintGCTimeStamps -XX:+PrintHeapAtGC -XX:+PrintTenuringDistribution -XX:SurvivorRatio=4 -XX:TargetSurvivorRatio=90 -XX:ThreadStackSize=256 -XX:+UseCMSInitiatingOccupancyOnly -XX:+UseCompressedClassPointers -XX:+UseCompressedOops -XX:+UseConcMarkSweepGC -XX:+UseParNewGC 
2016-10-24T08:37:43.910+0200: 0,115: Total time for which application threads were stopped: 0,0000865 seconds, Stopping threads took: 0,0000285 seconds
2016-10-24T08:37:43.992+0200: 0,198: Total time for which application threads were stopped: 0,0000951 seconds, Stopping threads took: 0,0000132 seconds
2016-10-24T08:37:44.010+0200: 0,216: Total time for which application threads were stopped: 0,0000871 seconds, Stopping threads took: 0,0000143 seconds
2016-10-24T08:37:44.250+0200: 0,455: Total time for which application threads were stopped: 0,0001504 seconds, Stopping threads took: 0,0000131 seconds
2016-10-24T08:37:44.681+0200: 0,886: Total time for which application threads were stopped: 0,0001523 seconds, Stopping threads took: 0,0000248 seconds
2016-10-24T08:37:44.746+0200: 0,951: Total time for which application threads were stopped: 0,0001958 seconds, Stopping threads took: 0,0000298 seconds
2016-10-24T08:37:44.798+0200: 1,003: Total time for which application threads were stopped: 0,0002325 seconds, Stopping threads took: 0,0000292 seconds
2016-10-24T08:37:45.107+0200: 1,312: Total time for which application threads were stopped: 0,0017666 seconds, Stopping threads took: 0,0001659 seconds
2016-10-24T08:37:45.323+0200: 1,528: Total time for which application threads were stopped: 0,0002764 seconds, Stopping threads took: 0,0000175 seconds
2016-10-24T08:37:45.433+0200: 1,638: Total time for which application threads were stopped: 0,0002046 seconds, Stopping threads took: 0,0000231 seconds
2016-10-24T08:37:45.434+0200: 1,639: Total time for which application threads were stopped: 0,0001381 seconds, Stopping threads took: 0,0000205 seconds
2016-10-24T08:37:45.450+0200: 1,655: Total time for which application threads were stopped: 0,0002180 seconds, Stopping threads took: 0,0000287 seconds
2016-10-24T08:37:45.551+0200: 1,757: Total time for which application threads were stopped: 0,0002541 seconds, Stopping threads took: 0,0000215 seconds
2016-10-24T08:37:45.638+0200: 1,843: Total time for which application threads were stopped: 0,0004671 seconds, Stopping threads took: 0,0002632 seconds
{Heap before GC invocations=0 (full 0):
 par new generation   total 109248K, used 87424K [0x00000000e0000000, 0x00000000e8000000, 0x00000000e8000000)
  eden space 87424K, 100% used [0x00000000e0000000, 0x00000000e5560000, 0x00000000e5560000)
  from space 21824K,   0% used [0x00000000e5560000, 0x00000000e5560000, 0x00000000e6ab0000)
  to   space 21824K,   0% used [0x00000000e6ab0000, 0x00000000e6ab0000, 0x00000000e8000000)
 concurrent mark-sweep generation total 393216K, used 0K [0x00000000e8000000, 0x0000000100000000, 0x0000000100000000)
 Metaspace       used 18024K, capacity 18310K, committed 18560K, reserved 1064960K
  class space    used 2049K, capacity 2164K, committed 2176K, reserved 1048576K
2016-10-24T08:37:45.719+0200: 1,925: [GC (Allocation Failure) 2016-10-24T08:37:45.720+0200: 1,925: [ParNew
Desired survivor size 20112992 bytes, new threshold 8 (max 8)
- age   1:   11962376 bytes,   11962376 total
: 87424K->11791K(109248K), 0,0161588 secs] 87424K->11791K(502464K), 0,0162595 secs] [Times: user=0,03 sys=0,03, real=0,02 secs] 
Heap after GC invocations=1 (full 0):
 par new generation   total 109248K, used 11791K [0x00000000e0000000, 0x00000000e8000000, 0x00000000e8000000)
  eden space 87424K,   0% used [0x00000000e0000000, 0x00000000e0000000, 0x00000000e5560000)
  from space 21824K,  54% used [0x00000000e6ab0000, 0x00000000e7633ea8, 0x00000000e8000000)
  to   space 21824K,   0% used [0x00000000e5560000, 0x00000000e5560000, 0x00000000e6ab0000)
 concurrent mark-sweep generation total 393216K, used 0K [0x00000000e8000000, 0x0000000100000000, 0x0000000100000000)
 Metaspace       used 18024K, capacity 18310K, committed 18560K, reserved 1064960K
  class space    used 2049K, capacity 2164K, committed 2176K, reserved 1048576K
}
2016-10-24T08:37:45.736+0200: 1,941: Total time for which application threads were stopped: 0,0164756 seconds, Stopping threads took: 0,0000206 seconds
2016-10-24T08:37:45.918+0200: 2,124: Total time for which application threads were stopped: 0,0002848 seconds, Stopping threads took: 0,0000270 seconds
2016-10-24T08:37:45.951+0200: 2,156: Total time for which application threads were stopped: 0,0003039 seconds, Stopping threads took: 0,0000260 seconds
2016-10-24T08:37:45.989+0200: 2,194: Total time for which application threads were stopped: 0,0003407 seconds, Stopping threads took: 0,0000282 seconds
{Heap before GC invocations=1 (full 0):
 par new generation   total 109248K, used 99215K [0x00000000e0000000, 0x00000000e8000000, 0x00000000e8000000)
  eden space 87424K, 100% used [0x00000000e0000000, 0x00000000e5560000, 0x00000000e5560000)
  from space 21824K,  54% used [0x00000000e6ab0000, 0x00000000e7633ea8, 0x00000000e8000000)
  to   space 21824K,   0% used [0x00000000e5560000, 0x00000000e5560000, 0x00000000e6ab0000)
 concurrent mark-sweep generation total 393216K, used 0K [0x00000000e8000000, 0x0000000100000000, 0x0000000100000000)
 Metaspace       used 20671K, capacity 21026K, committed 21248K, reserved 1069056K
  class space    used 2401K, capacity 2519K, committed 2560K, reserved 1048576K
2016-10-24T08:37:46.159+0200: 2,364: [GC (Allocation Failure) 2016-10-24T08:37:46.159+0200: 2,365: [ParNew
Desired survivor size 20112992 bytes, new threshold 8 (max 8)
- age   1:    3416688 bytes,    3416688 total
- age   2:    5953584 bytes,    9370272 total
: 99215K->12674K(109248K), 0,0195870 secs] 99215K->12674K(502464K), 0,0196613 secs] [Times: user=0,07 sys=0,01, real=0,02 secs] 
Heap after GC invocations=2 (full 0):
 par new generation   total 109248K, used 12674K [0x00000000e0000000, 0x00000000e8000000, 0x00000000e8000000)
  eden space 87424K,   0% used [0x00000000e0000000, 0x00000000e0000000, 0x00000000e5560000)
  from space 21824K,  58% used [0x00000000e5560000, 0x00000000e61c08a0, 0x00000000e6ab0000)
  to   space 21824K,   0% used [0x00000000e6ab0000, 0x00000000e6ab0000, 0x00000000e8000000)
 concurrent mark-sweep generation total 393216K, used 0K [0x00000000e8000000, 0x0000000100000000, 0x0000000100000000)
 Metaspace       used 20671K, capacity 21026K, committed 21248K, reserved 1069056K
  class space    used 2401K, capacity 2519K, committed 2560K, reserved 1048576K
}
2016-10-24T08:37:46.179+0200: 2,384: Total time for which application threads were stopped: 0,0198974 seconds, Stopping threads took: 0,0000299 seconds
2016-10-24T08:37:46.245+0200: 2,450: Total time for which application threads were stopped: 0,0001160 seconds, Stopping threads took: 0,0000420 seconds
2016-10-24T08:37:46.261+0200: 2,466: Total time for which application threads were stopped: 0,0002729 seconds, Stopping threads took: 0,0000127 seconds
2016-10-24T08:37:46.266+0200: 2,471: Total time for which application threads were stopped: 0,0000855 seconds, Stopping threads took: 0,0000202 seconds
2016-10-24T08:37:46.310+0200: 2,515: Total time for which application threads were stopped: 0,0001156 seconds, Stopping threads took: 0,0000227 seconds
2016-10-24T08:37:46.339+0200: 2,544: Total time for which application threads were stopped: 0,0001414 seconds, Stopping threads took: 0,0000273 seconds
2016-10-24T08:37:46.358+0200: 2,564: Total time for which application threads were stopped: 0,0000855 seconds, Stopping threads took: 0,0000283 seconds
2016-10-24T08:37:46.361+0200: 2,567: Total time for which application threads were stopped: 0,0002867 seconds, Stopping threads took: 0,0000414 seconds
2016-10-24T08:37:46.389+0200: 2,594: Total time for which application threads were stopped: 0,0000824 seconds, Stopping threads took: 0,0000199 seconds
2016-10-24T08:37:46.411+0200: 2,616: Total time for which application threads were stopped: 0,0001174 seconds, Stopping threads took: 0,0000215 seconds
2016-10-24T08:37:46.427+0200: 2,632: Total time for which application threads were stopped: 0,0000769 seconds, Stopping threads took: 0,0000137 seconds
2016-10-24T08:37:46.441+0200: 2,647: Total time for which application threads were stopped: 0,0000715 seconds, Stopping threads took: 0,0000126 seconds
2016-10-24T08:37:46.470+0200: 2,675: Total time for which application threads were stopped: 0,0000835 seconds, Stopping threads took: 0,0000131 seconds
2016-10-24T08:37:46.493+0200: 2,698: Total time for which application threads were stopped: 0,0001322 seconds, Stopping threads took: 0,0000451 seconds
2016-10-24T08:37:46.548+0200: 2,753: Total time for which application threads were stopped: 0,0001229 seconds, Stopping threads took: 0,0000265 seconds
2016-10-24T08:37:46.596+0200: 2,801: Total time for which application threads were stopped: 0,0001198 seconds, Stopping threads took: 0,0000246 seconds
2016-10-24T08:37:46.631+0200: 2,836: Total time for which application threads were stopped: 0,0001082 seconds, Stopping threads took: 0,0000209 seconds
2016-10-24T08:37:46.671+0200: 2,876: Total time for which application threads were stopped: 0,0001742 seconds, Stopping threads took: 0,0000313 seconds
2016-10-24T08:37:46.705+0200: 2,910: Total time for which application threads were stopped: 0,0000970 seconds, Stopping threads took: 0,0000282 seconds
2016-10-24T08:37:46.738+0200: 2,943: Total time for which application threads were stopped: 0,0001024 seconds, Stopping threads took: 0,0000283 seconds
{Heap before GC invocations=2 (full 0):
 par new generation   total 109248K, used 100098K [0x00000000e0000000, 0x00000000e8000000, 0x00000000e8000000)
  eden space 87424K, 100% used [0x00000000e0000000, 0x00000000e5560000, 0x00000000e5560000)
  from space 21824K,  58% used [0x00000000e5560000, 0x00000000e61c08a0, 0x00000000e6ab0000)
  to   space 21824K,   0% used [0x00000000e6ab0000, 0x00000000e6ab0000, 0x00000000e8000000)
 concurrent mark-sweep generation total 393216K, used 0K [0x00000000e8000000, 0x0000000100000000, 0x0000000100000000)
 Metaspace       used 26337K, capacity 26750K, committed 26940K, reserved 1073152K
  class space    used 3065K, capacity 3189K, committed 3244K, reserved 1048576K
2016-10-24T08:37:46.755+0200: 2,961: [GC (Allocation Failure) 2016-10-24T08:37:46.755+0200: 2,961: [ParNew
Desired survivor size 20112992 bytes, new threshold 8 (max 8)
- age   1:    8392376 bytes,    8392376 total
- age   2:     548704 bytes,    8941080 total
- age   3:    5943888 bytes,   14884968 total
: 100098K->19657K(109248K), 0,0174061 secs] 100098K->19657K(502464K), 0,0174666 secs] [Times: user=0,06 sys=0,01, real=0,02 secs] 
Heap after GC invocations=3 (full 0):
 par new generation   total 109248K, used 19657K [0x00000000e0000000, 0x00000000e8000000, 0x00000000e8000000)
  eden space 87424K,   0% used [0x00000000e0000000, 0x00000000e0000000, 0x00000000e5560000)
  from space 21824K,  90% used [0x00000000e6ab0000, 0x00000000e7de2768, 0x00000000e8000000)
  to   space 21824K,   0% used [0x00000000e5560000, 0x00000000e5560000, 0x00000000e6ab0000)
 concurrent mark-sweep generation total 393216K, used 0K [0x00000000e8000000, 0x0000000100000000, 0x0000000100000000)
 Metaspace       used 26337K, capacity 26750K, committed 26940K, reserved 1073152K
  class space    used 3065K, capacity 3189K, committed 3244K, reserved 1048576K
}
2016-10-24T08:37:46.773+0200: 2,978: Total time for which application threads were stopped: 0,0176788 seconds, Stopping threads took: 0,0000487 seconds
2016-10-24T08:37:46.774+0200: 2,979: [GC (CMS Initial Mark) [1 CMS-initial-mark: 0K(393216K)] 21039K(502464K), 0,0045881 secs] [Times: user=0,02 sys=0,00, real=0,00 secs] 
2016-10-24T08:37:46.779+0200: 2,984: Total time for which application threads were stopped: 0,0047602 seconds, Stopping threads took: 0,0000515 seconds
2016-10-24T08:37:46.779+0200: 2,984: [CMS-concurrent-mark-start]
2016-10-24T08:37:46.783+0200: 2,988: [CMS-concurrent-mark: 0,004/0,004 secs] [Times: user=0,01 sys=0,00, real=0,01 secs] 
2016-10-24T08:37:46.783+0200: 2,988: [CMS-concurrent-preclean-start]
2016-10-24T08:37:46.784+0200: 2,989: [CMS-concurrent-preclean: 0,001/0,001 secs] [Times: user=0,01 sys=0,00, real=0,00 secs] 
2016-10-24T08:37:46.784+0200: 2,989: Total time for which application threads were stopped: 0,0001591 seconds, Stopping threads took: 0,0000629 seconds
2016-10-24T08:37:46.792+0200: 2,997: [GC (CMS Final Remark) [YG occupancy: 21720 K (109248 K)]{Heap before GC invocations=3 (full 1):
 par new generation   total 109248K, used 21720K [0x00000000e0000000, 0x00000000e8000000, 0x00000000e8000000)
  eden space 87424K,   2% used [0x00000000e0000000, 0x00000000e0203b88, 0x00000000e5560000)
  from space 21824K,  90% used [0x00000000e6ab0000, 0x00000000e7de2768, 0x00000000e8000000)
  to   space 21824K,   0% used [0x00000000e5560000, 0x00000000e5560000, 0x00000000e6ab0000)
 concurrent mark-sweep generation total 393216K, used 0K [0x00000000e8000000, 0x0000000100000000, 0x0000000100000000)
 Metaspace       used 26492K, capacity 26910K, committed 27196K, reserved 1073152K
  class space    used 3081K, capacity 3221K, committed 3244K, reserved 1048576K
2016-10-24T08:37:46.792+0200: 2,997: [GC (CMS Final Remark) 2016-10-24T08:37:46.792+0200: 2,997: [ParNew
Desired survivor size 20112992 bytes, new threshold 8 (max 8)
- age   1:     139360 bytes,     139360 total
- age   2:    3378640 bytes,    3518000 total
- age   3:     548704 bytes,    4066704 total
- age   4:    5943904 bytes,   10010608 total
: 21720K->13523K(109248K), 0,0123398 secs] 21720K->13523K(502464K), 0,0123865 secs] [Times: user=0,04 sys=0,00, real=0,01 secs] 
Heap after GC invocations=4 (full 1):
 par new generation   total 109248K, used 13523K [0x00000000e0000000, 0x00000000e8000000, 0x00000000e8000000)
  eden space 87424K,   0% used [0x00000000e0000000, 0x00000000e0000000, 0x00000000e5560000)
  from space 21824K,  61% used [0x00000000e5560000, 0x00000000e6294c80, 0x00000000e6ab0000)
  to   space 21824K,   0% used [0x00000000e6ab0000, 0x00000000e6ab0000, 0x00000000e8000000)
 concurrent mark-sweep generation total 393216K, used 0K [0x00000000e8000000, 0x0000000100000000, 0x0000000100000000)
 Metaspace       used 26492K, capacity 26910K, committed 27196K, reserved 1073152K
  class space    used 3081K, capacity 3221K, committed 3244K, reserved 1048576K
}
2016-10-24T08:37:46.804+0200: 3,010: [Rescan (parallel) , 0,0043206 secs]2016-10-24T08:37:46.809+0200: 3,014: [weak refs processing, 0,0005871 secs]2016-10-24T08:37:46.809+0200: 3,015: [class unloading, 0,0033543 secs]2016-10-24T08:37:46.813+0200: 3,018: [scrub symbol table, 0,0046639 secs]2016-10-24T08:37:46.817+0200: 3,023: [scrub string table, 0,0003972 secs][1 CMS-remark: 0K(393216K)] 13523K(502464K), 0,0264497 secs] [Times: user=0,07 sys=0,00, real=0,02 secs] 
2016-10-24T08:37:46.818+0200: 3,024: Total time for which application threads were stopped: 0,0265838 seconds, Stopping threads took: 0,0000590 seconds
2016-10-24T08:37:46.819+0200: 3,025: [CMS-concurrent-sweep-start]
2016-10-24T08:37:46.819+0200: 3,025: [CMS-concurrent-sweep: 0,000/0,000 secs] [Times: user=0,00 sys=0,00, real=0,00 secs] 
2016-10-24T08:37:46.819+0200: 3,025: [CMS-concurrent-reset-start]
2016-10-24T08:37:46.821+0200: 3,026: [CMS-concurrent-reset: 0,002/0,002 secs] [Times: user=0,01 sys=0,00, real=0,00 secs] 
2016-10-24T08:37:47.819+0200: 4,024: Total time for which application threads were stopped: 0,0000986 seconds, Stopping threads took: 0,0000382 seconds
2016-10-24T08:37:47.843+0200: 4,048: Total time for which application threads were stopped: 0,0003139 seconds, Stopping threads took: 0,0000185 seconds
2016-10-24T08:40:25.203+0200: 162,069: Total time for which application threads were stopped: 0,0003887 seconds, Stopping threads took: 0,0001610 seconds
2016-10-24T08:40:30.204+0200: 167,070: Total time for which application threads were stopped: 0,0000673 seconds, Stopping threads took: 0,0000167 seconds
2016-10-24T08:40:44.205+0200: 181,072: Total time for which application threads were stopped: 0,0000829 seconds, Stopping threads took: 0,0000304 seconds
2016-10-24T08:41:35.211+0200: 232,077: Total time for which application threads were stopped: 0,0000938 seconds, Stopping threads took: 0,0000354 seconds
2016-10-24T08:41:40.212+0200: 237,078: Total time for which application threads were stopped: 0,0000601 seconds, Stopping threads took: 0,0000163 seconds
2016-10-24T08:42:19.216+0200: 276,082: Total time for which application threads were stopped: 0,0000941 seconds, Stopping threads took: 0,0000352 seconds
2016-10-24T08:42:30.217+0200: 287,084: Total time for which application threads were stopped: 0,0000630 seconds, Stopping threads took: 0,0000159 seconds
2016-10-24T09:01:24.356+0200: 1421,222: Total time for which application threads were stopped: 0,0005057 seconds, Stopping threads took: 0,0001672 seconds
2016-10-24T09:06:24.392+0200: 1721,258: Total time for which application threads were stopped: 0,0001039 seconds, Stopping threads took: 0,0000391 seconds
2016-10-24T09:14:45.455+0200: 2222,322: Total time for which application threads were stopped: 0,0000791 seconds, Stopping threads took: 0,0000344 seconds
2016-10-24T09:16:45.471+0200: 2342,337: Total time for which application threads were stopped: 0,0000765 seconds, Stopping threads took: 0,0000329 seconds
2016-10-24T09:16:49.471+0200: 2346,338: Total time for which application threads were stopped: 0,0000899 seconds, Stopping threads took: 0,0000245 seconds
2016-10-24T09:28:10.558+0200: 3027,425: Total time for which application threads were stopped: 0,0000780 seconds, Stopping threads took: 0,0000339 seconds
2016-10-24T09:35:10.608+0200: 3447,474: Total time for which application threads were stopped: 0,0000770 seconds, Stopping threads took: 0,0000313 seconds
2016-10-24T09:42:09.656+0200: 3866,522: Total time for which application threads were stopped: 0,0000972 seconds, Stopping threads took: 0,0000415 seconds
2016-10-24T09:42:14.657+0200: 3871,523: Total time for which application threads were stopped: 0,0000887 seconds, Stopping threads took: 0,0000257 seconds
2016-10-24T09:44:44.676+0200: 4021,543: Total time for which application threads were stopped: 0,0000853 seconds, Stopping threads took: 0,0000408 seconds
2016-10-24T10:29:51.020+0200: 6727,886: Total time for which application threads were stopped: 0,0000809 seconds, Stopping threads took: 0,0000316 seconds
2016-10-24T10:30:06.022+0200: 6742,889: Total time for which application threads were stopped: 0,0000737 seconds, Stopping threads took: 0,0000300 seconds
2016-10-24T10:41:31.111+0200: 7427,978: Total time for which application threads were stopped: 0,0000661 seconds, Stopping threads took: 0,0000249 seconds
2016-10-24T10:41:36.112+0200: 7432,978: Total time for which application threads were stopped: 0,0000937 seconds, Stopping threads took: 0,0000169 seconds
2016-10-24T10:42:45.120+0200: 7501,987: Total time for which application threads were stopped: 0,0000737 seconds, Stopping threads took: 0,0000282 seconds
2016-10-24T10:43:15.125+0200: 7531,991: Total time for which application threads were stopped: 0,0000730 seconds, Stopping threads took: 0,0000310 seconds
2016-10-24T10:44:15.132+0200: 7591,998: Total time for which application threads were stopped: 0,0001746 seconds, Stopping threads took: 0,0000669 seconds
2016-10-24T10:45:45.142+0200: 7682,008: Total time for which application threads were stopped: 0,0000868 seconds, Stopping threads took: 0,0000288 seconds
2016-10-24T10:46:15.145+0200: 7712,011: Total time for which application threads were stopped: 0,0001073 seconds, Stopping threads took: 0,0000419 seconds
2016-10-24T12:53:45.148+0200: 15362,014: Total time for which application threads were stopped: 0,0000897 seconds, Stopping threads took: 0,0000360 seconds
2016-10-24T12:54:06.151+0200: 15383,017: Total time for which application threads were stopped: 0,0000875 seconds, Stopping threads took: 0,0000370 seconds
2016-10-24T13:52:14.645+0200: 18871,511: Total time for which application threads were stopped: 0,0000859 seconds, Stopping threads took: 0,0000349 seconds
2016-10-24T13:58:14.696+0200: 19231,562: Total time for which application threads were stopped: 0,0001342 seconds, Stopping threads took: 0,0000518 seconds
2016-10-24T17:54:57.486+0200: 33434,352: Total time for which application threads were stopped: 0,0001590 seconds, Stopping threads took: 0,0000229 seconds
Heap
 par new generation   total 109248K, used 45084K [0x00000000e0000000, 0x00000000e8000000, 0x00000000e8000000)
  eden space 87424K,  36% used [0x00000000e0000000, 0x00000000e1ed2728, 0x00000000e5560000)
  from space 21824K,  61% used [0x00000000e5560000, 0x00000000e6294c80, 0x00000000e6ab0000)
  to   space 21824K,   0% used [0x00000000e6ab0000, 0x00000000e6ab0000, 0x00000000e8000000)
 concurrent mark-sweep generation total 393216K, used 0K [0x00000000e8000000, 0x0000000100000000, 0x0000000100000000)
 Metaspace       used 27060K, capacity 27498K, committed 27836K, reserved 1073152K
  class space    used 3154K, capacity 3287K, committed 3372K, reserved 1048576K
