OpenJDK 64-Bit Server VM (25.131-b11) for linux-amd64 JRE (1.8.0_131-8u131-b11-0ubuntu1.16.04.2-b11), built on May  6 2017 02:45:27 by "buildd" with gcc 5.4.0 20160609
Memory: 4k page, physical 7867740k(7472848k free), swap 8076284k(8076284k free)
CommandLine flags: -XX:CMSInitiatingOccupancyFraction=50 -XX:CMSMaxAbortablePrecleanTime=6000 -XX:+CMSParallelRemarkEnabled -XX:+CMSScavengeBeforeRemark -XX:ConcGCThreads=4 -XX:InitialHeapSize=536870912 -XX:MaxHeapSize=536870912 -XX:MaxTenuringThreshold=8 -XX:NewRatio=3 -XX:OldPLABSize=16 -XX:OnOutOfMemoryError=/opt/solr/bin/oom_solr.sh 8983 /var/solr/logs -XX:ParallelGCThreads=4 -XX:+ParallelRefProcEnabled -XX:PretenureSizeThreshold=67108864 -XX:+PrintGC -XX:+PrintGCApplicationStoppedTime -XX:+PrintGCDateStamps -XX:+PrintGCDetails -XX:+PrintGCTimeStamps -XX:+PrintHeapAtGC -XX:+PrintTenuringDistribution -XX:SurvivorRatio=4 -XX:TargetSurvivorRatio=90 -XX:ThreadStackSize=256 -XX:+UseCMSInitiatingOccupancyOnly -XX:+UseCompressedClassPointers -XX:+UseCompressedOops -XX:+UseConcMarkSweepGC -XX:+UseParNewGC 
2017-07-06T08:11:34.752+0200: 0,231: Total time for which application threads were stopped: 0,0001006 seconds, Stopping threads took: 0,0000199 seconds
2017-07-06T08:11:34.910+0200: 0,388: Total time for which application threads were stopped: 0,0001378 seconds, Stopping threads took: 0,0000139 seconds
2017-07-06T08:11:35.012+0200: 0,491: Total time for which application threads were stopped: 0,0001045 seconds, Stopping threads took: 0,0000193 seconds
2017-07-06T08:11:35.418+0200: 0,896: Total time for which application threads were stopped: 0,0001815 seconds, Stopping threads took: 0,0000150 seconds
2017-07-06T08:11:35.795+0200: 1,274: Total time for which application threads were stopped: 0,0001212 seconds, Stopping threads took: 0,0000092 seconds
2017-07-06T08:11:35.867+0200: 1,346: Total time for which application threads were stopped: 0,0012111 seconds, Stopping threads took: 0,0000538 seconds
2017-07-06T08:11:35.893+0200: 1,372: Total time for which application threads were stopped: 0,0001548 seconds, Stopping threads took: 0,0000224 seconds
2017-07-06T08:11:36.211+0200: 1,690: Total time for which application threads were stopped: 0,0001708 seconds, Stopping threads took: 0,0000216 seconds
2017-07-06T08:11:36.466+0200: 1,945: Total time for which application threads were stopped: 0,0002038 seconds, Stopping threads took: 0,0000161 seconds
2017-07-06T08:11:36.489+0200: 1,967: Total time for which application threads were stopped: 0,0002518 seconds, Stopping threads took: 0,0000778 seconds
2017-07-06T08:11:36.517+0200: 1,996: Total time for which application threads were stopped: 0,0002103 seconds, Stopping threads took: 0,0000249 seconds
2017-07-06T08:11:36.518+0200: 1,997: Total time for which application threads were stopped: 0,0001527 seconds, Stopping threads took: 0,0000130 seconds
2017-07-06T08:11:36.534+0200: 2,013: Total time for which application threads were stopped: 0,0001810 seconds, Stopping threads took: 0,0000165 seconds
2017-07-06T08:11:36.603+0200: 2,081: Total time for which application threads were stopped: 0,0002520 seconds, Stopping threads took: 0,0000203 seconds
2017-07-06T08:11:36.775+0200: 2,254: Total time for which application threads were stopped: 0,0003023 seconds, Stopping threads took: 0,0000636 seconds
2017-07-06T08:11:36.817+0200: 2,296: Total time for which application threads were stopped: 0,0040857 seconds, Stopping threads took: 0,0039912 seconds
{Heap before GC invocations=0 (full 0):
 par new generation   total 109248K, used 87424K [0x00000000e0000000, 0x00000000e8000000, 0x00000000e8000000)
  eden space 87424K, 100% used [0x00000000e0000000, 0x00000000e5560000, 0x00000000e5560000)
  from space 21824K,   0% used [0x00000000e5560000, 0x00000000e5560010, 0x00000000e6ab0000)
  to   space 21824K,   0% used [0x00000000e6ab0000, 0x00000000e6ab0000, 0x00000000e8000000)
 concurrent mark-sweep generation total 393216K, used 0K [0x00000000e8000000, 0x0000000100000000, 0x0000000100000000)
 Metaspace       used 17814K, capacity 18176K, committed 18304K, reserved 1064960K
  class space    used 2023K, capacity 2164K, committed 2176K, reserved 1048576K
2017-07-06T08:11:36.821+0200: 2,300: [GC (GCLocker Initiated GC) 2017-07-06T08:11:36.821+0200: 2,300: [ParNew
Desired survivor size 20112992 bytes, new threshold 8 (max 8)
- age   1:   11712832 bytes,   11712832 total
: 87424K->11554K(109248K), 0,0158407 secs] 87424K->11554K(502464K), 0,0159060 secs] [Times: user=0,05 sys=0,00, real=0,02 secs] 
Heap after GC invocations=1 (full 0):
 par new generation   total 109248K, used 11554K [0x00000000e0000000, 0x00000000e8000000, 0x00000000e8000000)
  eden space 87424K,   0% used [0x00000000e0000000, 0x00000000e0000000, 0x00000000e5560000)
  from space 21824K,  52% used [0x00000000e6ab0000, 0x00000000e75f8a60, 0x00000000e8000000)
  to   space 21824K,   0% used [0x00000000e5560000, 0x00000000e5560000, 0x00000000e6ab0000)
 concurrent mark-sweep generation total 393216K, used 0K [0x00000000e8000000, 0x0000000100000000, 0x0000000100000000)
 Metaspace       used 17814K, capacity 18176K, committed 18304K, reserved 1064960K
  class space    used 2023K, capacity 2164K, committed 2176K, reserved 1048576K
}
2017-07-06T08:11:36.837+0200: 2,316: Total time for which application threads were stopped: 0,0161401 seconds, Stopping threads took: 0,0000599 seconds
2017-07-06T08:11:37.240+0200: 2,719: Total time for which application threads were stopped: 0,0003375 seconds, Stopping threads took: 0,0000573 seconds
{Heap before GC invocations=1 (full 0):
 par new generation   total 109248K, used 98978K [0x00000000e0000000, 0x00000000e8000000, 0x00000000e8000000)
  eden space 87424K, 100% used [0x00000000e0000000, 0x00000000e5560000, 0x00000000e5560000)
  from space 21824K,  52% used [0x00000000e6ab0000, 0x00000000e75f8a60, 0x00000000e8000000)
  to   space 21824K,   0% used [0x00000000e5560000, 0x00000000e5560000, 0x00000000e6ab0000)
 concurrent mark-sweep generation total 393216K, used 0K [0x00000000e8000000, 0x0000000100000000, 0x0000000100000000)
 Metaspace       used 20005K, capacity 20364K, committed 20736K, reserved 1067008K
  class space    used 2294K, capacity 2468K, committed 2560K, reserved 1048576K
2017-07-06T08:11:37.277+0200: 2,756: [GC (Allocation Failure) 2017-07-06T08:11:37.277+0200: 2,756: [ParNew
Desired survivor size 20112992 bytes, new threshold 8 (max 8)
- age   1:    3982912 bytes,    3982912 total
- age   2:    6240176 bytes,   10223088 total
: 98978K->14887K(109248K), 0,0142544 secs] 98978K->14887K(502464K), 0,0143377 secs] [Times: user=0,04 sys=0,00, real=0,01 secs] 
Heap after GC invocations=2 (full 0):
 par new generation   total 109248K, used 14887K [0x00000000e0000000, 0x00000000e8000000, 0x00000000e8000000)
  eden space 87424K,   0% used [0x00000000e0000000, 0x00000000e0000000, 0x00000000e5560000)
  from space 21824K,  68% used [0x00000000e5560000, 0x00000000e63e9d00, 0x00000000e6ab0000)
  to   space 21824K,   0% used [0x00000000e6ab0000, 0x00000000e6ab0000, 0x00000000e8000000)
 concurrent mark-sweep generation total 393216K, used 0K [0x00000000e8000000, 0x0000000100000000, 0x0000000100000000)
 Metaspace       used 20005K, capacity 20364K, committed 20736K, reserved 1067008K
  class space    used 2294K, capacity 2468K, committed 2560K, reserved 1048576K
}
2017-07-06T08:11:37.292+0200: 2,770: Total time for which application threads were stopped: 0,0148558 seconds, Stopping threads took: 0,0003776 seconds
2017-07-06T08:11:37.312+0200: 2,790: Total time for which application threads were stopped: 0,0004265 seconds, Stopping threads took: 0,0000786 seconds
2017-07-06T08:11:37.375+0200: 2,853: Total time for which application threads were stopped: 0,0004042 seconds, Stopping threads took: 0,0000543 seconds
2017-07-06T08:11:37.512+0200: 2,991: Total time for which application threads were stopped: 0,0002070 seconds, Stopping threads took: 0,0000339 seconds
{Heap before GC invocations=2 (full 0):
 par new generation   total 109248K, used 102311K [0x00000000e0000000, 0x00000000e8000000, 0x00000000e8000000)
  eden space 87424K, 100% used [0x00000000e0000000, 0x00000000e5560000, 0x00000000e5560000)
  from space 21824K,  68% used [0x00000000e5560000, 0x00000000e63e9d00, 0x00000000e6ab0000)
  to   space 21824K,   0% used [0x00000000e6ab0000, 0x00000000e6ab0000, 0x00000000e8000000)
 concurrent mark-sweep generation total 393216K, used 0K [0x00000000e8000000, 0x0000000100000000, 0x0000000100000000)
 Metaspace       used 20957K, capacity 21286K, committed 21628K, reserved 1069056K
  class space    used 2416K, capacity 2587K, committed 2684K, reserved 1048576K
2017-07-06T08:11:37.549+0200: 3,027: [GC (Allocation Failure) 2017-07-06T08:11:37.549+0200: 3,027: [ParNew
Desired survivor size 20112992 bytes, new threshold 8 (max 8)
- age   1:    2168264 bytes,    2168264 total
- age   2:    1243800 bytes,    3412064 total
- age   3:    6234160 bytes,    9646224 total
: 102311K->12610K(109248K), 0,0180577 secs] 102311K->12610K(502464K), 0,0181456 secs] [Times: user=0,07 sys=0,00, real=0,02 secs] 
Heap after GC invocations=3 (full 0):
 par new generation   total 109248K, used 12610K [0x00000000e0000000, 0x00000000e8000000, 0x00000000e8000000)
  eden space 87424K,   0% used [0x00000000e0000000, 0x00000000e0000000, 0x00000000e5560000)
  from space 21824K,  57% used [0x00000000e6ab0000, 0x00000000e7700a78, 0x00000000e8000000)
  to   space 21824K,   0% used [0x00000000e5560000, 0x00000000e5560000, 0x00000000e6ab0000)
 concurrent mark-sweep generation total 393216K, used 0K [0x00000000e8000000, 0x0000000100000000, 0x0000000100000000)
 Metaspace       used 20957K, capacity 21286K, committed 21628K, reserved 1069056K
  class space    used 2416K, capacity 2587K, committed 2684K, reserved 1048576K
}
2017-07-06T08:11:37.567+0200: 3,045: Total time for which application threads were stopped: 0,0184038 seconds, Stopping threads took: 0,0000790 seconds
2017-07-06T08:11:37.567+0200: 3,046: [GC (CMS Initial Mark) [1 CMS-initial-mark: 0K(393216K)] 13353K(502464K), 0,0035615 secs] [Times: user=0,02 sys=0,00, real=0,00 secs] 
2017-07-06T08:11:37.571+0200: 3,049: Total time for which application threads were stopped: 0,0037471 seconds, Stopping threads took: 0,0000496 seconds
2017-07-06T08:11:37.571+0200: 3,049: [CMS-concurrent-mark-start]
2017-07-06T08:11:37.571+0200: 3,050: [CMS-concurrent-mark: 0,001/0,001 secs] [Times: user=0,00 sys=0,00, real=0,00 secs] 
2017-07-06T08:11:37.571+0200: 3,050: [CMS-concurrent-preclean-start]
2017-07-06T08:11:37.572+0200: 3,051: [CMS-concurrent-preclean: 0,001/0,001 secs] [Times: user=0,00 sys=0,00, real=0,00 secs] 
2017-07-06T08:11:37.573+0200: 3,051: [CMS-concurrent-abortable-preclean-start]
2017-07-06T08:11:37.679+0200: 3,158: Total time for which application threads were stopped: 0,0001750 seconds, Stopping threads took: 0,0000556 seconds
2017-07-06T08:11:37.679+0200: 3,158: [CMS-concurrent-abortable-preclean: 0,083/0,107 secs] [Times: user=0,41 sys=0,00, real=0,11 secs] 
2017-07-06T08:11:37.680+0200: 3,158: [GC (CMS Final Remark) [YG occupancy: 98600 K (109248 K)]{Heap before GC invocations=3 (full 1):
 par new generation   total 109248K, used 98600K [0x00000000e0000000, 0x00000000e8000000, 0x00000000e8000000)
  eden space 87424K,  98% used [0x00000000e0000000, 0x00000000e53f9638, 0x00000000e5560000)
  from space 21824K,  57% used [0x00000000e6ab0000, 0x00000000e7700a78, 0x00000000e8000000)
  to   space 21824K,   0% used [0x00000000e5560000, 0x00000000e5560000, 0x00000000e6ab0000)
 concurrent mark-sweep generation total 393216K, used 0K [0x00000000e8000000, 0x0000000100000000, 0x0000000100000000)
 Metaspace       used 21215K, capacity 21609K, committed 21884K, reserved 1069056K
  class space    used 2444K, capacity 2601K, committed 2684K, reserved 1048576K
2017-07-06T08:11:37.680+0200: 3,158: [GC (CMS Final Remark) 2017-07-06T08:11:37.680+0200: 3,158: [ParNew
Desired survivor size 20112992 bytes, new threshold 8 (max 8)
- age   1:    1769440 bytes,    1769440 total
- age   2:    1488176 bytes,    3257616 total
- age   3:    1208368 bytes,    4465984 total
- age   4:    6234136 bytes,   10700120 total
: 98600K->13567K(109248K), 0,0165843 secs] 98600K->13567K(502464K), 0,0166341 secs] [Times: user=0,06 sys=0,00, real=0,02 secs] 
Heap after GC invocations=4 (full 1):
 par new generation   total 109248K, used 13567K [0x00000000e0000000, 0x00000000e8000000, 0x00000000e8000000)
  eden space 87424K,   0% used [0x00000000e0000000, 0x00000000e0000000, 0x00000000e5560000)
  from space 21824K,  62% used [0x00000000e5560000, 0x00000000e629fee8, 0x00000000e6ab0000)
  to   space 21824K,   0% used [0x00000000e6ab0000, 0x00000000e6ab0000, 0x00000000e8000000)
 concurrent mark-sweep generation total 393216K, used 0K [0x00000000e8000000, 0x0000000100000000, 0x0000000100000000)
 Metaspace       used 21215K, capacity 21609K, committed 21884K, reserved 1069056K
  class space    used 2444K, capacity 2601K, committed 2684K, reserved 1048576K
}
2017-07-06T08:11:37.696+0200: 3,175: [Rescan (parallel) , 0,0050882 secs]2017-07-06T08:11:37.701+0200: 3,180: [weak refs processing, 0,0004769 secs]2017-07-06T08:11:37.702+0200: 3,180: [class unloading, 0,0028828 secs]2017-07-06T08:11:37.705+0200: 3,183: [scrub symbol table, 0,0027293 secs]2017-07-06T08:11:37.708+0200: 3,186: [scrub string table, 0,0004202 secs][1 CMS-remark: 0K(393216K)] 13567K(502464K), 0,0289405 secs] [Times: user=0,08 sys=0,01, real=0,03 secs] 
2017-07-06T08:11:37.709+0200: 3,187: Total time for which application threads were stopped: 0,0290673 seconds, Stopping threads took: 0,0000226 seconds
2017-07-06T08:11:37.709+0200: 3,187: [CMS-concurrent-sweep-start]
2017-07-06T08:11:37.709+0200: 3,187: [CMS-concurrent-sweep: 0,000/0,000 secs] [Times: user=0,00 sys=0,00, real=0,00 secs] 
2017-07-06T08:11:37.711+0200: 3,189: Total time for which application threads were stopped: 0,0001590 seconds, Stopping threads took: 0,0000948 seconds
2017-07-06T08:11:37.711+0200: 3,189: [CMS-concurrent-reset-start]
2017-07-06T08:11:37.713+0200: 3,192: [CMS-concurrent-reset: 0,002/0,002 secs] [Times: user=0,01 sys=0,00, real=0,00 secs] 
{Heap before GC invocations=4 (full 1):
 par new generation   total 109248K, used 100991K [0x00000000e0000000, 0x00000000e8000000, 0x00000000e8000000)
  eden space 87424K, 100% used [0x00000000e0000000, 0x00000000e5560000, 0x00000000e5560000)
  from space 21824K,  62% used [0x00000000e5560000, 0x00000000e629fee8, 0x00000000e6ab0000)
  to   space 21824K,   0% used [0x00000000e6ab0000, 0x00000000e6ab0000, 0x00000000e8000000)
 concurrent mark-sweep generation total 393216K, used 0K [0x00000000e8000000, 0x0000000100000000, 0x0000000100000000)
 Metaspace       used 21352K, capacity 21779K, committed 21884K, reserved 1069056K
  class space    used 2464K, capacity 2634K, committed 2684K, reserved 1048576K
2017-07-06T08:11:37.793+0200: 3,272: [GC (Allocation Failure) 2017-07-06T08:11:37.793+0200: 3,272: [ParNew
Desired survivor size 20112992 bytes, new threshold 8 (max 8)
- age   1:     500488 bytes,     500488 total
- age   2:     173072 bytes,     673560 total
- age   3:    1487896 bytes,    2161456 total
- age   4:    1206960 bytes,    3368416 total
- age   5:    6234160 bytes,    9602576 total
: 100991K->12879K(109248K), 0,0106239 secs] 100991K->12879K(502464K), 0,0106907 secs] [Times: user=0,04 sys=0,00, real=0,02 secs] 
Heap after GC invocations=5 (full 1):
 par new generation   total 109248K, used 12879K [0x00000000e0000000, 0x00000000e8000000, 0x00000000e8000000)
  eden space 87424K,   0% used [0x00000000e0000000, 0x00000000e0000000, 0x00000000e5560000)
  from space 21824K,  59% used [0x00000000e6ab0000, 0x00000000e7743f60, 0x00000000e8000000)
  to   space 21824K,   0% used [0x00000000e5560000, 0x00000000e5560000, 0x00000000e6ab0000)
 concurrent mark-sweep generation total 393216K, used 0K [0x00000000e8000000, 0x0000000100000000, 0x0000000100000000)
 Metaspace       used 21352K, capacity 21779K, committed 21884K, reserved 1069056K
  class space    used 2464K, capacity 2634K, committed 2684K, reserved 1048576K
}
2017-07-06T08:11:37.804+0200: 3,282: Total time for which application threads were stopped: 0,0109383 seconds, Stopping threads took: 0,0001041 seconds
2017-07-06T08:11:37.840+0200: 3,318: Total time for which application threads were stopped: 0,0003127 seconds, Stopping threads took: 0,0000313 seconds
2017-07-06T08:11:38.072+0200: 3,551: Total time for which application threads were stopped: 0,0005110 seconds, Stopping threads took: 0,0000688 seconds
2017-07-06T08:11:38.089+0200: 3,567: Total time for which application threads were stopped: 0,0003925 seconds, Stopping threads took: 0,0000540 seconds
{Heap before GC invocations=5 (full 1):
 par new generation   total 109248K, used 100303K [0x00000000e0000000, 0x00000000e8000000, 0x00000000e8000000)
  eden space 87424K, 100% used [0x00000000e0000000, 0x00000000e5560000, 0x00000000e5560000)
  from space 21824K,  59% used [0x00000000e6ab0000, 0x00000000e7743f60, 0x00000000e8000000)
  to   space 21824K,   0% used [0x00000000e5560000, 0x00000000e5560000, 0x00000000e6ab0000)
 concurrent mark-sweep generation total 393216K, used 0K [0x00000000e8000000, 0x0000000100000000, 0x0000000100000000)
 Metaspace       used 23774K, capacity 24217K, committed 24572K, reserved 1071104K
  class space    used 2798K, capacity 2977K, committed 3068K, reserved 1048576K
2017-07-06T08:11:38.231+0200: 3,709: [GC (Allocation Failure) 2017-07-06T08:11:38.231+0200: 3,709: [ParNew
Desired survivor size 20112992 bytes, new threshold 8 (max 8)
- age   1:    4958472 bytes,    4958472 total
- age   2:     117440 bytes,    5075912 total
- age   3:     171624 bytes,    5247536 total
- age   4:     318232 bytes,    5565768 total
- age   5:    1182544 bytes,    6748312 total
- age   6:    6226160 bytes,   12974472 total
: 100303K->14413K(109248K), 0,0172589 secs] 100303K->14413K(502464K), 0,0173278 secs] [Times: user=0,05 sys=0,00, real=0,02 secs] 
Heap after GC invocations=6 (full 1):
 par new generation   total 109248K, used 14413K [0x00000000e0000000, 0x00000000e8000000, 0x00000000e8000000)
  eden space 87424K,   0% used [0x00000000e0000000, 0x00000000e0000000, 0x00000000e5560000)
  from space 21824K,  66% used [0x00000000e5560000, 0x00000000e6373660, 0x00000000e6ab0000)
  to   space 21824K,   0% used [0x00000000e6ab0000, 0x00000000e6ab0000, 0x00000000e8000000)
 concurrent mark-sweep generation total 393216K, used 0K [0x00000000e8000000, 0x0000000100000000, 0x0000000100000000)
 Metaspace       used 23774K, capacity 24217K, committed 24572K, reserved 1071104K
  class space    used 2798K, capacity 2977K, committed 3068K, reserved 1048576K
}
2017-07-06T08:11:38.248+0200: 3,727: Total time for which application threads were stopped: 0,0176273 seconds, Stopping threads took: 0,0000955 seconds
{Heap before GC invocations=6 (full 1):
 par new generation   total 109248K, used 101837K [0x00000000e0000000, 0x00000000e8000000, 0x00000000e8000000)
  eden space 87424K, 100% used [0x00000000e0000000, 0x00000000e5560000, 0x00000000e5560000)
  from space 21824K,  66% used [0x00000000e5560000, 0x00000000e6373660, 0x00000000e6ab0000)
  to   space 21824K,   0% used [0x00000000e6ab0000, 0x00000000e6ab0000, 0x00000000e8000000)
 concurrent mark-sweep generation total 393216K, used 0K [0x00000000e8000000, 0x0000000100000000, 0x0000000100000000)
 Metaspace       used 24413K, capacity 24879K, committed 25084K, reserved 1071104K
  class space    used 2862K, capacity 3045K, committed 3068K, reserved 1048576K
2017-07-06T08:11:38.349+0200: 3,827: [GC (Allocation Failure) 2017-07-06T08:11:38.349+0200: 3,827: [ParNew
Desired survivor size 20112992 bytes, new threshold 8 (max 8)
- age   1:    2043152 bytes,    2043152 total
- age   2:    1776240 bytes,    3819392 total
- age   3:      55096 bytes,    3874488 total
- age   4:      87840 bytes,    3962328 total
- age   5:     205536 bytes,    4167864 total
- age   6:     950320 bytes,    5118184 total
- age   7:    5897760 bytes,   11015944 total
: 101837K->16055K(109248K), 0,0229326 secs] 101837K->16055K(502464K), 0,0230114 secs] [Times: user=0,05 sys=0,00, real=0,02 secs] 
Heap after GC invocations=7 (full 1):
 par new generation   total 109248K, used 16055K [0x00000000e0000000, 0x00000000e8000000, 0x00000000e8000000)
  eden space 87424K,   0% used [0x00000000e0000000, 0x00000000e0000000, 0x00000000e5560000)
  from space 21824K,  73% used [0x00000000e6ab0000, 0x00000000e7a5df70, 0x00000000e8000000)
  to   space 21824K,   0% used [0x00000000e5560000, 0x00000000e5560000, 0x00000000e6ab0000)
 concurrent mark-sweep generation total 393216K, used 0K [0x00000000e8000000, 0x0000000100000000, 0x0000000100000000)
 Metaspace       used 24413K, capacity 24879K, committed 25084K, reserved 1071104K
  class space    used 2862K, capacity 3045K, committed 3068K, reserved 1048576K
}
2017-07-06T08:11:38.372+0200: 3,850: Total time for which application threads were stopped: 0,0232485 seconds, Stopping threads took: 0,0000246 seconds
{Heap before GC invocations=7 (full 1):
 par new generation   total 109248K, used 103479K [0x00000000e0000000, 0x00000000e8000000, 0x00000000e8000000)
  eden space 87424K, 100% used [0x00000000e0000000, 0x00000000e5560000, 0x00000000e5560000)
  from space 21824K,  73% used [0x00000000e6ab0000, 0x00000000e7a5df70, 0x00000000e8000000)
  to   space 21824K,   0% used [0x00000000e5560000, 0x00000000e5560000, 0x00000000e6ab0000)
 concurrent mark-sweep generation total 393216K, used 0K [0x00000000e8000000, 0x0000000100000000, 0x0000000100000000)
 Metaspace       used 24755K, capacity 25241K, committed 25468K, reserved 1071104K
  class space    used 2893K, capacity 3079K, committed 3196K, reserved 1048576K
2017-07-06T08:11:38.479+0200: 3,958: [GC (Allocation Failure) 2017-07-06T08:11:38.479+0200: 3,958: [ParNew
Desired survivor size 20112992 bytes, new threshold 8 (max 8)
- age   1:     945360 bytes,     945360 total
- age   2:    1056504 bytes,    2001864 total
- age   3:    1754112 bytes,    3755976 total
- age   4:      55096 bytes,    3811072 total
- age   5:      87840 bytes,    3898912 total
- age   6:     205536 bytes,    4104448 total
- age   7:     950320 bytes,    5054768 total
- age   8:    5897808 bytes,   10952576 total
: 103479K->13420K(109248K), 0,0149095 secs] 103479K->13420K(502464K), 0,0150156 secs] [Times: user=0,06 sys=0,00, real=0,02 secs] 
Heap after GC invocations=8 (full 1):
 par new generation   total 109248K, used 13420K [0x00000000e0000000, 0x00000000e8000000, 0x00000000e8000000)
  eden space 87424K,   0% used [0x00000000e0000000, 0x00000000e0000000, 0x00000000e5560000)
  from space 21824K,  61% used [0x00000000e5560000, 0x00000000e627b140, 0x00000000e6ab0000)
  to   space 21824K,   0% used [0x00000000e6ab0000, 0x00000000e6ab0000, 0x00000000e8000000)
 concurrent mark-sweep generation total 393216K, used 0K [0x00000000e8000000, 0x0000000100000000, 0x0000000100000000)
 Metaspace       used 24755K, capacity 25241K, committed 25468K, reserved 1071104K
  class space    used 2893K, capacity 3079K, committed 3196K, reserved 1048576K
}
2017-07-06T08:11:38.494+0200: 3,973: Total time for which application threads were stopped: 0,0153280 seconds, Stopping threads took: 0,0001048 seconds
2017-07-06T08:11:38.585+0200: 4,063: Total time for which application threads were stopped: 0,0033659 seconds, Stopping threads took: 0,0030130 seconds
2017-07-06T08:11:38.591+0200: 4,069: Total time for which application threads were stopped: 0,0001761 seconds, Stopping threads took: 0,0000579 seconds
2017-07-06T08:11:38.591+0200: 4,070: Total time for which application threads were stopped: 0,0001058 seconds, Stopping threads took: 0,0000397 seconds
2017-07-06T08:11:38.599+0200: 4,077: Total time for which application threads were stopped: 0,0001554 seconds, Stopping threads took: 0,0000636 seconds
2017-07-06T08:11:38.599+0200: 4,077: Total time for which application threads were stopped: 0,0000656 seconds, Stopping threads took: 0,0000123 seconds
2017-07-06T08:11:38.601+0200: 4,080: Total time for which application threads were stopped: 0,0026154 seconds, Stopping threads took: 0,0025398 seconds
2017-07-06T08:11:38.602+0200: 4,080: Total time for which application threads were stopped: 0,0000813 seconds, Stopping threads took: 0,0000150 seconds
2017-07-06T08:11:38.602+0200: 4,080: Total time for which application threads were stopped: 0,0000828 seconds, Stopping threads took: 0,0000334 seconds
2017-07-06T08:11:38.602+0200: 4,081: Total time for which application threads were stopped: 0,0000689 seconds, Stopping threads took: 0,0000101 seconds
2017-07-06T08:11:38.609+0200: 4,087: Total time for which application threads were stopped: 0,0029844 seconds, Stopping threads took: 0,0028733 seconds
2017-07-06T08:11:38.609+0200: 4,087: Total time for which application threads were stopped: 0,0000878 seconds, Stopping threads took: 0,0000269 seconds
2017-07-06T08:11:38.609+0200: 4,088: Total time for which application threads were stopped: 0,0000849 seconds, Stopping threads took: 0,0000213 seconds
2017-07-06T08:11:38.609+0200: 4,088: Total time for which application threads were stopped: 0,0000817 seconds, Stopping threads took: 0,0000233 seconds
2017-07-06T08:11:38.609+0200: 4,088: Total time for which application threads were stopped: 0,0000775 seconds, Stopping threads took: 0,0000210 seconds
2017-07-06T08:11:38.610+0200: 4,088: Total time for which application threads were stopped: 0,0000994 seconds, Stopping threads took: 0,0000312 seconds
2017-07-06T08:11:38.610+0200: 4,088: Total time for which application threads were stopped: 0,0000521 seconds, Stopping threads took: 0,0000115 seconds
2017-07-06T08:11:38.616+0200: 4,095: Total time for which application threads were stopped: 0,0001886 seconds, Stopping threads took: 0,0000718 seconds
2017-07-06T08:11:38.616+0200: 4,095: Total time for which application threads were stopped: 0,0000843 seconds, Stopping threads took: 0,0000204 seconds
2017-07-06T08:11:38.616+0200: 4,095: Total time for which application threads were stopped: 0,0000695 seconds, Stopping threads took: 0,0000140 seconds
2017-07-06T08:11:38.617+0200: 4,095: Total time for which application threads were stopped: 0,0001078 seconds, Stopping threads took: 0,0000173 seconds
2017-07-06T08:11:38.617+0200: 4,096: Total time for which application threads were stopped: 0,0001766 seconds, Stopping threads took: 0,0000098 seconds
2017-07-06T08:11:38.621+0200: 4,099: Total time for which application threads were stopped: 0,0006857 seconds, Stopping threads took: 0,0005558 seconds
2017-07-06T08:11:38.626+0200: 4,105: Total time for which application threads were stopped: 0,0005928 seconds, Stopping threads took: 0,0005094 seconds
2017-07-06T08:11:38.627+0200: 4,106: Total time for which application threads were stopped: 0,0009605 seconds, Stopping threads took: 0,0008927 seconds
2017-07-06T08:11:38.627+0200: 4,106: Total time for which application threads were stopped: 0,0001052 seconds, Stopping threads took: 0,0000399 seconds
2017-07-06T08:11:38.627+0200: 4,106: Total time for which application threads were stopped: 0,0000810 seconds, Stopping threads took: 0,0000215 seconds
2017-07-06T08:11:38.628+0200: 4,106: Total time for which application threads were stopped: 0,0001147 seconds, Stopping threads took: 0,0000384 seconds
2017-07-06T08:11:38.628+0200: 4,107: Total time for which application threads were stopped: 0,0000842 seconds, Stopping threads took: 0,0000217 seconds
2017-07-06T08:11:38.628+0200: 4,107: Total time for which application threads were stopped: 0,0000744 seconds, Stopping threads took: 0,0000130 seconds
2017-07-06T08:11:38.628+0200: 4,107: Total time for which application threads were stopped: 0,0000869 seconds, Stopping threads took: 0,0000305 seconds
2017-07-06T08:11:38.628+0200: 4,107: Total time for which application threads were stopped: 0,0000782 seconds, Stopping threads took: 0,0000230 seconds
2017-07-06T08:11:38.629+0200: 4,107: Total time for which application threads were stopped: 0,0000776 seconds, Stopping threads took: 0,0000150 seconds
2017-07-06T08:11:38.629+0200: 4,107: Total time for which application threads were stopped: 0,0000759 seconds, Stopping threads took: 0,0000237 seconds
2017-07-06T08:11:38.636+0200: 4,115: Total time for which application threads were stopped: 0,0001410 seconds, Stopping threads took: 0,0000393 seconds
2017-07-06T08:11:38.637+0200: 4,115: Total time for which application threads were stopped: 0,0000770 seconds, Stopping threads took: 0,0000240 seconds
2017-07-06T08:11:38.637+0200: 4,115: Total time for which application threads were stopped: 0,0000625 seconds, Stopping threads took: 0,0000212 seconds
2017-07-06T08:11:38.637+0200: 4,116: Total time for which application threads were stopped: 0,0000502 seconds, Stopping threads took: 0,0000131 seconds
2017-07-06T08:11:38.637+0200: 4,116: Total time for which application threads were stopped: 0,0000622 seconds, Stopping threads took: 0,0000194 seconds
2017-07-06T08:11:38.637+0200: 4,116: Total time for which application threads were stopped: 0,0001101 seconds, Stopping threads took: 0,0000626 seconds
2017-07-06T08:11:38.637+0200: 4,116: Total time for which application threads were stopped: 0,0000667 seconds, Stopping threads took: 0,0000254 seconds
2017-07-06T08:11:38.638+0200: 4,116: Total time for which application threads were stopped: 0,0001369 seconds, Stopping threads took: 0,0000262 seconds
2017-07-06T08:11:38.641+0200: 4,119: Total time for which application threads were stopped: 0,0001462 seconds, Stopping threads took: 0,0000588 seconds
2017-07-06T08:11:38.641+0200: 4,119: Total time for which application threads were stopped: 0,0000670 seconds, Stopping threads took: 0,0000205 seconds
2017-07-06T08:11:38.654+0200: 4,132: Total time for which application threads were stopped: 0,0001439 seconds, Stopping threads took: 0,0000529 seconds
2017-07-06T08:11:38.664+0200: 4,142: Total time for which application threads were stopped: 0,0001872 seconds, Stopping threads took: 0,0000587 seconds
2017-07-06T08:11:38.664+0200: 4,143: Total time for which application threads were stopped: 0,0000938 seconds, Stopping threads took: 0,0000249 seconds
2017-07-06T08:11:38.664+0200: 4,143: Total time for which application threads were stopped: 0,0000782 seconds, Stopping threads took: 0,0000204 seconds
2017-07-06T08:11:38.664+0200: 4,143: Total time for which application threads were stopped: 0,0000546 seconds, Stopping threads took: 0,0000112 seconds
2017-07-06T08:11:38.664+0200: 4,143: Total time for which application threads were stopped: 0,0000512 seconds, Stopping threads took: 0,0000092 seconds
2017-07-06T08:11:38.673+0200: 4,152: Total time for which application threads were stopped: 0,0062369 seconds, Stopping threads took: 0,0061230 seconds
2017-07-06T08:11:38.678+0200: 4,156: Total time for which application threads were stopped: 0,0039931 seconds, Stopping threads took: 0,0039021 seconds
2017-07-06T08:11:38.683+0200: 4,162: Total time for which application threads were stopped: 0,0002491 seconds, Stopping threads took: 0,0000720 seconds
2017-07-06T08:11:38.693+0200: 4,171: Total time for which application threads were stopped: 0,0001719 seconds, Stopping threads took: 0,0000694 seconds
2017-07-06T08:11:38.694+0200: 4,173: Total time for which application threads were stopped: 0,0001335 seconds, Stopping threads took: 0,0000462 seconds
2017-07-06T08:11:38.694+0200: 4,173: Total time for which application threads were stopped: 0,0000997 seconds, Stopping threads took: 0,0000460 seconds
2017-07-06T08:11:38.696+0200: 4,175: Total time for which application threads were stopped: 0,0018050 seconds, Stopping threads took: 0,0017428 seconds
2017-07-06T08:11:38.700+0200: 4,179: Total time for which application threads were stopped: 0,0001090 seconds, Stopping threads took: 0,0000356 seconds
2017-07-06T08:11:38.718+0200: 4,197: Total time for which application threads were stopped: 0,0001178 seconds, Stopping threads took: 0,0000221 seconds
2017-07-06T08:11:38.722+0200: 4,200: Total time for which application threads were stopped: 0,0020705 seconds, Stopping threads took: 0,0019778 seconds
2017-07-06T08:11:38.732+0200: 4,210: Total time for which application threads were stopped: 0,0002715 seconds, Stopping threads took: 0,0000464 seconds
2017-07-06T08:11:38.732+0200: 4,211: Total time for which application threads were stopped: 0,0001007 seconds, Stopping threads took: 0,0000377 seconds
2017-07-06T08:11:38.736+0200: 4,214: Total time for which application threads were stopped: 0,0001455 seconds, Stopping threads took: 0,0000546 seconds
2017-07-06T08:11:38.739+0200: 4,218: Total time for which application threads were stopped: 0,0001265 seconds, Stopping threads took: 0,0000423 seconds
2017-07-06T08:11:38.742+0200: 4,221: Total time for which application threads were stopped: 0,0001410 seconds, Stopping threads took: 0,0000388 seconds
2017-07-06T08:11:38.763+0200: 4,241: Total time for which application threads were stopped: 0,0001515 seconds, Stopping threads took: 0,0000593 seconds
2017-07-06T08:11:38.773+0200: 4,252: Total time for which application threads were stopped: 0,0000995 seconds, Stopping threads took: 0,0000333 seconds
2017-07-06T08:11:38.780+0200: 4,258: Total time for which application threads were stopped: 0,0000768 seconds, Stopping threads took: 0,0000169 seconds
2017-07-06T08:11:38.830+0200: 4,309: Total time for which application threads were stopped: 0,0003974 seconds, Stopping threads took: 0,0000217 seconds
2017-07-06T08:11:38.844+0200: 4,322: Total time for which application threads were stopped: 0,0003833 seconds, Stopping threads took: 0,0000264 seconds
2017-07-06T08:11:38.902+0200: 4,381: Total time for which application threads were stopped: 0,0004083 seconds, Stopping threads took: 0,0000453 seconds
2017-07-06T08:11:38.917+0200: 4,396: Total time for which application threads were stopped: 0,0002168 seconds, Stopping threads took: 0,0001124 seconds
2017-07-06T08:11:38.918+0200: 4,397: Total time for which application threads were stopped: 0,0001170 seconds, Stopping threads took: 0,0000452 seconds
2017-07-06T08:11:38.928+0200: 4,407: Total time for which application threads were stopped: 0,0001822 seconds, Stopping threads took: 0,0000645 seconds
2017-07-06T08:11:38.930+0200: 4,409: Total time for which application threads were stopped: 0,0001396 seconds, Stopping threads took: 0,0000416 seconds
2017-07-06T08:11:38.932+0200: 4,411: Total time for which application threads were stopped: 0,0001368 seconds, Stopping threads took: 0,0000558 seconds
2017-07-06T08:11:38.934+0200: 4,413: Total time for which application threads were stopped: 0,0001266 seconds, Stopping threads took: 0,0000378 seconds
2017-07-06T08:11:38.935+0200: 4,414: Total time for which application threads were stopped: 0,0001147 seconds, Stopping threads took: 0,0000342 seconds
2017-07-06T08:11:38.938+0200: 4,417: Total time for which application threads were stopped: 0,0001164 seconds, Stopping threads took: 0,0000298 seconds
2017-07-06T08:11:38.943+0200: 4,422: Total time for which application threads were stopped: 0,0001091 seconds, Stopping threads took: 0,0000351 seconds
2017-07-06T08:11:38.955+0200: 4,434: Total time for which application threads were stopped: 0,0001504 seconds, Stopping threads took: 0,0000707 seconds
2017-07-06T08:11:38.971+0200: 4,450: Total time for which application threads were stopped: 0,0002745 seconds, Stopping threads took: 0,0002049 seconds
2017-07-06T08:11:38.987+0200: 4,465: Total time for which application threads were stopped: 0,0002054 seconds, Stopping threads took: 0,0000933 seconds
2017-07-06T08:11:38.998+0200: 4,477: Total time for which application threads were stopped: 0,0002215 seconds, Stopping threads took: 0,0001235 seconds
2017-07-06T08:11:38.998+0200: 4,477: Total time for which application threads were stopped: 0,0001590 seconds, Stopping threads took: 0,0000890 seconds
2017-07-06T08:11:39.003+0200: 4,482: Total time for which application threads were stopped: 0,0003434 seconds, Stopping threads took: 0,0002434 seconds
{Heap before GC invocations=8 (full 1):
 par new generation   total 109248K, used 100413K [0x00000000e0000000, 0x00000000e8000000, 0x00000000e8000000)
  eden space 87424K,  99% used [0x00000000e0000000, 0x00000000e54f4430, 0x00000000e5560000)
  from space 21824K,  61% used [0x00000000e5560000, 0x00000000e627b140, 0x00000000e6ab0000)
  to   space 21824K,   0% used [0x00000000e6ab0000, 0x00000000e6ab0000, 0x00000000e8000000)
 concurrent mark-sweep generation total 393216K, used 0K [0x00000000e8000000, 0x0000000100000000, 0x0000000100000000)
 Metaspace       used 27688K, capacity 28251K, committed 28540K, reserved 1075200K
  class space    used 3169K, capacity 3354K, committed 3452K, reserved 1048576K
2017-07-06T08:11:39.008+0200: 4,486: [GC (Allocation Failure) 2017-07-06T08:11:39.008+0200: 4,486: [ParNew
Desired survivor size 20112992 bytes, new threshold 8 (max 8)
- age   1:    8521168 bytes,    8521168 total
- age   2:     172952 bytes,    8694120 total
- age   3:     276920 bytes,    8971040 total
- age   4:    1747576 bytes,   10718616 total
- age   5:      54872 bytes,   10773488 total
- age   6:      85472 bytes,   10858960 total
- age   7:     204960 bytes,   11063920 total
- age   8:     948480 bytes,   12012400 total
: 100413K->16974K(109248K), 0,0727951 secs] 100413K->23266K(502464K), 0,0728789 secs] [Times: user=0,16 sys=0,01, real=0,07 secs] 
Heap after GC invocations=9 (full 1):
 par new generation   total 109248K, used 16974K [0x00000000e0000000, 0x00000000e8000000, 0x00000000e8000000)
  eden space 87424K,   0% used [0x00000000e0000000, 0x00000000e0000000, 0x00000000e5560000)
  from space 21824K,  77% used [0x00000000e6ab0000, 0x00000000e7b43810, 0x00000000e8000000)
  to   space 21824K,   0% used [0x00000000e5560000, 0x00000000e5560000, 0x00000000e6ab0000)
 concurrent mark-sweep generation total 393216K, used 6292K [0x00000000e8000000, 0x0000000100000000, 0x0000000100000000)
 Metaspace       used 27688K, capacity 28251K, committed 28540K, reserved 1075200K
  class space    used 3169K, capacity 3354K, committed 3452K, reserved 1048576K
}
2017-07-06T08:11:39.081+0200: 4,559: Total time for which application threads were stopped: 0,0732021 seconds, Stopping threads took: 0,0000412 seconds
2017-07-06T08:11:39.095+0200: 4,574: Total time for which application threads were stopped: 0,0011004 seconds, Stopping threads took: 0,0010308 seconds
2017-07-06T08:11:39.095+0200: 4,574: Total time for which application threads were stopped: 0,0000567 seconds, Stopping threads took: 0,0000161 seconds
2017-07-06T08:11:39.100+0200: 4,578: Total time for which application threads were stopped: 0,0005317 seconds, Stopping threads took: 0,0000209 seconds
2017-07-06T08:11:39.106+0200: 4,585: Total time for which application threads were stopped: 0,0061132 seconds, Stopping threads took: 0,0000183 seconds
2017-07-06T08:11:40.107+0200: 5,585: Total time for which application threads were stopped: 0,0003740 seconds, Stopping threads took: 0,0000959 seconds
2017-07-06T08:11:47.108+0200: 12,586: Total time for which application threads were stopped: 0,0000656 seconds, Stopping threads took: 0,0000164 seconds
2017-07-06T08:11:57.109+0200: 22,588: Total time for which application threads were stopped: 0,0000674 seconds, Stopping threads took: 0,0000192 seconds
2017-07-06T08:12:07.110+0200: 32,589: Total time for which application threads were stopped: 0,0000787 seconds, Stopping threads took: 0,0000228 seconds
2017-07-06T08:13:32.120+0200: 117,599: Total time for which application threads were stopped: 0,0000964 seconds, Stopping threads took: 0,0000352 seconds
2017-07-06T08:13:37.121+0200: 122,600: Total time for which application threads were stopped: 0,0000631 seconds, Stopping threads took: 0,0000155 seconds
2017-07-06T08:14:41.130+0200: 186,608: Total time for which application threads were stopped: 0,0000805 seconds, Stopping threads took: 0,0000319 seconds
2017-07-06T08:16:11.142+0200: 276,620: Total time for which application threads were stopped: 0,0001132 seconds, Stopping threads took: 0,0000319 seconds
2017-07-06T08:35:06.277+0200: 1411,756: Total time for which application threads were stopped: 0,0000844 seconds, Stopping threads took: 0,0000360 seconds
2017-07-06T08:39:06.306+0200: 1651,784: Total time for which application threads were stopped: 0,0000792 seconds, Stopping threads took: 0,0000316 seconds
2017-07-06T08:39:36.310+0200: 1681,788: Total time for which application threads were stopped: 0,0001300 seconds, Stopping threads took: 0,0000503 seconds
2017-07-06T08:49:57.384+0200: 2302,862: Total time for which application threads were stopped: 0,0005328 seconds, Stopping threads took: 0,0002041 seconds
2017-07-06T08:50:01.384+0200: 2306,863: Total time for which application threads were stopped: 0,0001044 seconds, Stopping threads took: 0,0000421 seconds
2017-07-06T08:54:10.025+0200: 2555,503: Total time for which application threads were stopped: 0,0001039 seconds, Stopping threads took: 0,0000424 seconds
2017-07-06T08:54:10.025+0200: 2555,504: Total time for which application threads were stopped: 0,0000623 seconds, Stopping threads took: 0,0000143 seconds
2017-07-06T08:54:10.026+0200: 2555,504: Total time for which application threads were stopped: 0,0000881 seconds, Stopping threads took: 0,0000387 seconds
2017-07-06T08:54:10.026+0200: 2555,504: Total time for which application threads were stopped: 0,0000488 seconds, Stopping threads took: 0,0000209 seconds
2017-07-06T08:54:10.026+0200: 2555,505: Total time for which application threads were stopped: 0,0000649 seconds, Stopping threads took: 0,0000172 seconds
2017-07-06T08:54:10.026+0200: 2555,505: Total time for which application threads were stopped: 0,0000377 seconds, Stopping threads took: 0,0000161 seconds
2017-07-06T08:54:10.026+0200: 2555,505: Total time for which application threads were stopped: 0,0000414 seconds, Stopping threads took: 0,0000193 seconds
2017-07-06T08:54:10.029+0200: 2555,508: Total time for which application threads were stopped: 0,0033154 seconds, Stopping threads took: 0,0032647 seconds
2017-07-06T08:54:10.030+0200: 2555,508: Total time for which application threads were stopped: 0,0000436 seconds, Stopping threads took: 0,0000142 seconds
2017-07-06T08:54:10.030+0200: 2555,508: Total time for which application threads were stopped: 0,0000354 seconds, Stopping threads took: 0,0000120 seconds
2017-07-06T08:54:10.030+0200: 2555,508: Total time for which application threads were stopped: 0,0000301 seconds, Stopping threads took: 0,0000072 seconds
2017-07-06T08:54:10.030+0200: 2555,508: Total time for which application threads were stopped: 0,0000297 seconds, Stopping threads took: 0,0000076 seconds
2017-07-06T08:54:10.030+0200: 2555,508: Total time for which application threads were stopped: 0,0000318 seconds, Stopping threads took: 0,0000101 seconds
2017-07-06T08:54:10.030+0200: 2555,509: Total time for which application threads were stopped: 0,0000297 seconds, Stopping threads took: 0,0000091 seconds
2017-07-06T08:54:10.030+0200: 2555,509: Total time for which application threads were stopped: 0,0000290 seconds, Stopping threads took: 0,0000069 seconds
2017-07-06T08:54:10.066+0200: 2555,544: Total time for which application threads were stopped: 0,0001427 seconds, Stopping threads took: 0,0000251 seconds
2017-07-06T08:54:10.080+0200: 2555,559: Total time for which application threads were stopped: 0,0001160 seconds, Stopping threads took: 0,0000314 seconds
2017-07-06T08:54:10.083+0200: 2555,562: Total time for which application threads were stopped: 0,0028271 seconds, Stopping threads took: 0,0000127 seconds
2017-07-06T08:54:10.083+0200: 2555,562: Total time for which application threads were stopped: 0,0000706 seconds, Stopping threads took: 0,0000181 seconds
2017-07-06T08:54:10.083+0200: 2555,562: Total time for which application threads were stopped: 0,0000486 seconds, Stopping threads took: 0,0000119 seconds
2017-07-06T08:54:10.083+0200: 2555,562: Total time for which application threads were stopped: 0,0000534 seconds, Stopping threads took: 0,0000135 seconds
2017-07-06T08:54:10.084+0200: 2555,562: Total time for which application threads were stopped: 0,0000512 seconds, Stopping threads took: 0,0000160 seconds
2017-07-06T08:54:10.084+0200: 2555,562: Total time for which application threads were stopped: 0,0000435 seconds, Stopping threads took: 0,0000115 seconds
2017-07-06T08:54:10.084+0200: 2555,562: Total time for which application threads were stopped: 0,0000434 seconds, Stopping threads took: 0,0000111 seconds
2017-07-06T08:54:10.084+0200: 2555,562: Total time for which application threads were stopped: 0,0000513 seconds, Stopping threads took: 0,0000169 seconds
2017-07-06T08:54:10.084+0200: 2555,562: Total time for which application threads were stopped: 0,0000469 seconds, Stopping threads took: 0,0000128 seconds
2017-07-06T08:54:10.084+0200: 2555,563: Total time for which application threads were stopped: 0,0000478 seconds, Stopping threads took: 0,0000130 seconds
2017-07-06T08:54:10.084+0200: 2555,563: Total time for which application threads were stopped: 0,0000463 seconds, Stopping threads took: 0,0000132 seconds
2017-07-06T08:54:10.084+0200: 2555,563: Total time for which application threads were stopped: 0,0000459 seconds, Stopping threads took: 0,0000117 seconds
2017-07-06T08:54:10.084+0200: 2555,563: Total time for which application threads were stopped: 0,0000483 seconds, Stopping threads took: 0,0000121 seconds
2017-07-06T08:54:10.084+0200: 2555,563: Total time for which application threads were stopped: 0,0000455 seconds, Stopping threads took: 0,0000115 seconds
2017-07-06T08:54:10.090+0200: 2555,569: Total time for which application threads were stopped: 0,0060371 seconds, Stopping threads took: 0,0059415 seconds
2017-07-06T08:54:10.108+0200: 2555,587: Total time for which application threads were stopped: 0,0001183 seconds, Stopping threads took: 0,0000224 seconds
2017-07-06T08:54:10.115+0200: 2555,593: Total time for which application threads were stopped: 0,0001643 seconds, Stopping threads took: 0,0000886 seconds
2017-07-06T08:54:10.116+0200: 2555,595: Total time for which application threads were stopped: 0,0001038 seconds, Stopping threads took: 0,0000373 seconds
2017-07-06T08:54:10.118+0200: 2555,597: Total time for which application threads were stopped: 0,0011251 seconds, Stopping threads took: 0,0000528 seconds
2017-07-06T08:54:10.119+0200: 2555,598: Total time for which application threads were stopped: 0,0000921 seconds, Stopping threads took: 0,0000197 seconds
2017-07-06T08:54:10.119+0200: 2555,598: Total time for which application threads were stopped: 0,0000722 seconds, Stopping threads took: 0,0000195 seconds
2017-07-06T08:54:10.120+0200: 2555,598: Total time for which application threads were stopped: 0,0000928 seconds, Stopping threads took: 0,0000274 seconds
2017-07-06T08:54:10.120+0200: 2555,599: Total time for which application threads were stopped: 0,0000635 seconds, Stopping threads took: 0,0000197 seconds
2017-07-06T08:54:10.121+0200: 2555,600: Total time for which application threads were stopped: 0,0007337 seconds, Stopping threads took: 0,0006262 seconds
2017-07-06T08:54:10.123+0200: 2555,602: Total time for which application threads were stopped: 0,0000962 seconds, Stopping threads took: 0,0000195 seconds
2017-07-06T08:54:10.124+0200: 2555,603: Total time for which application threads were stopped: 0,0007971 seconds, Stopping threads took: 0,0007210 seconds
2017-07-06T08:54:10.126+0200: 2555,604: Total time for which application threads were stopped: 0,0004567 seconds, Stopping threads took: 0,0003826 seconds
2017-07-06T08:54:10.126+0200: 2555,605: Total time for which application threads were stopped: 0,0000890 seconds, Stopping threads took: 0,0000248 seconds
2017-07-06T08:54:10.127+0200: 2555,606: Total time for which application threads were stopped: 0,0000893 seconds, Stopping threads took: 0,0000248 seconds
2017-07-06T08:54:10.130+0200: 2555,608: Total time for which application threads were stopped: 0,0001153 seconds, Stopping threads took: 0,0000389 seconds
2017-07-06T08:54:10.130+0200: 2555,608: Total time for which application threads were stopped: 0,0000602 seconds, Stopping threads took: 0,0000193 seconds
2017-07-06T08:54:10.130+0200: 2555,608: Total time for which application threads were stopped: 0,0000563 seconds, Stopping threads took: 0,0000165 seconds
2017-07-06T08:54:10.133+0200: 2555,611: Total time for which application threads were stopped: 0,0001426 seconds, Stopping threads took: 0,0000448 seconds
2017-07-06T08:54:10.135+0200: 2555,614: Total time for which application threads were stopped: 0,0000964 seconds, Stopping threads took: 0,0000307 seconds
2017-07-06T08:54:10.136+0200: 2555,615: Total time for which application threads were stopped: 0,0003929 seconds, Stopping threads took: 0,0003113 seconds
2017-07-06T08:54:10.137+0200: 2555,615: Total time for which application threads were stopped: 0,0000875 seconds, Stopping threads took: 0,0000259 seconds
2017-07-06T08:54:10.137+0200: 2555,616: Total time for which application threads were stopped: 0,0000463 seconds, Stopping threads took: 0,0000134 seconds
2017-07-06T08:54:10.137+0200: 2555,616: Total time for which application threads were stopped: 0,0000465 seconds, Stopping threads took: 0,0000124 seconds
2017-07-06T08:54:10.140+0200: 2555,618: Total time for which application threads were stopped: 0,0000986 seconds, Stopping threads took: 0,0000333 seconds
2017-07-06T08:54:10.141+0200: 2555,619: Total time for which application threads were stopped: 0,0004190 seconds, Stopping threads took: 0,0003487 seconds
2017-07-06T08:54:10.141+0200: 2555,620: Total time for which application threads were stopped: 0,0000712 seconds, Stopping threads took: 0,0000238 seconds
2017-07-06T08:54:10.141+0200: 2555,620: Total time for which application threads were stopped: 0,0000449 seconds, Stopping threads took: 0,0000134 seconds
2017-07-06T08:54:10.142+0200: 2555,620: Total time for which application threads were stopped: 0,0003375 seconds, Stopping threads took: 0,0002784 seconds
2017-07-06T08:54:10.142+0200: 2555,621: Total time for which application threads were stopped: 0,0000880 seconds, Stopping threads took: 0,0000261 seconds
2017-07-06T08:54:10.143+0200: 2555,622: Total time for which application threads were stopped: 0,0012836 seconds, Stopping threads took: 0,0012018 seconds
2017-07-06T08:54:10.144+0200: 2555,623: Total time for which application threads were stopped: 0,0001072 seconds, Stopping threads took: 0,0000306 seconds
2017-07-06T08:54:10.144+0200: 2555,623: Total time for which application threads were stopped: 0,0000869 seconds, Stopping threads took: 0,0000257 seconds
2017-07-06T08:54:10.146+0200: 2555,625: Total time for which application threads were stopped: 0,0000897 seconds, Stopping threads took: 0,0000283 seconds
2017-07-06T08:54:10.147+0200: 2555,626: Total time for which application threads were stopped: 0,0000952 seconds, Stopping threads took: 0,0000290 seconds
2017-07-06T08:54:10.148+0200: 2555,627: Total time for which application threads were stopped: 0,0000934 seconds, Stopping threads took: 0,0000271 seconds
2017-07-06T08:54:10.152+0200: 2555,631: Total time for which application threads were stopped: 0,0008032 seconds, Stopping threads took: 0,0007151 seconds
2017-07-06T08:54:10.153+0200: 2555,631: Total time for which application threads were stopped: 0,0004919 seconds, Stopping threads took: 0,0004160 seconds
2017-07-06T08:54:10.153+0200: 2555,632: Total time for which application threads were stopped: 0,0000713 seconds, Stopping threads took: 0,0000249 seconds
2017-07-06T08:54:10.153+0200: 2555,632: Total time for which application threads were stopped: 0,0001624 seconds, Stopping threads took: 0,0000133 seconds
2017-07-06T08:54:10.154+0200: 2555,632: Total time for which application threads were stopped: 0,0000732 seconds, Stopping threads took: 0,0000233 seconds
2017-07-06T08:54:10.154+0200: 2555,632: Total time for which application threads were stopped: 0,0000450 seconds, Stopping threads took: 0,0000137 seconds
2017-07-06T08:54:10.154+0200: 2555,632: Total time for which application threads were stopped: 0,0000402 seconds, Stopping threads took: 0,0000114 seconds
2017-07-06T08:54:10.154+0200: 2555,632: Total time for which application threads were stopped: 0,0000399 seconds, Stopping threads took: 0,0000113 seconds
2017-07-06T08:54:10.154+0200: 2555,632: Total time for which application threads were stopped: 0,0000404 seconds, Stopping threads took: 0,0000115 seconds
2017-07-06T08:54:10.154+0200: 2555,633: Total time for which application threads were stopped: 0,0000408 seconds, Stopping threads took: 0,0000115 seconds
2017-07-06T08:54:10.155+0200: 2555,633: Total time for which application threads were stopped: 0,0001217 seconds, Stopping threads took: 0,0000266 seconds
2017-07-06T08:54:10.160+0200: 2555,638: Total time for which application threads were stopped: 0,0000923 seconds, Stopping threads took: 0,0000268 seconds
2017-07-06T08:54:10.160+0200: 2555,638: Total time for which application threads were stopped: 0,0000459 seconds, Stopping threads took: 0,0000152 seconds
2017-07-06T08:54:10.160+0200: 2555,638: Total time for which application threads were stopped: 0,0000397 seconds, Stopping threads took: 0,0000116 seconds
2017-07-06T08:54:10.160+0200: 2555,639: Total time for which application threads were stopped: 0,0000990 seconds, Stopping threads took: 0,0000444 seconds
2017-07-06T08:54:10.161+0200: 2555,640: Total time for which application threads were stopped: 0,0005390 seconds, Stopping threads took: 0,0004597 seconds
Heap
 par new generation   total 109248K, used 46231K [0x00000000e0000000, 0x00000000e8000000, 0x00000000e8000000)
  eden space 87424K,  33% used [0x00000000e0000000, 0x00000000e1c926c8, 0x00000000e5560000)
  from space 21824K,  77% used [0x00000000e6ab0000, 0x00000000e7b43810, 0x00000000e8000000)
  to   space 21824K,   0% used [0x00000000e5560000, 0x00000000e5560000, 0x00000000e6ab0000)
 concurrent mark-sweep generation total 393216K, used 6292K [0x00000000e8000000, 0x0000000100000000, 0x0000000100000000)
 Metaspace       used 28117K, capacity 28709K, committed 29052K, reserved 1075200K
  class space    used 3226K, capacity 3421K, committed 3452K, reserved 1048576K
