OpenJDK 64-Bit Server VM (25.111-b14) for linux-amd64 JRE (1.8.0_111-8u111-b14-2ubuntu0.16.04.2-b14), built on Oct 27 2016 18:10:19 by "buildd" with gcc 5.4.0 20160609
Memory: 4k page, physical 7867800k(7506528k free), swap 8076284k(8076284k free)
CommandLine flags: -XX:CMSInitiatingOccupancyFraction=50 -XX:CMSMaxAbortablePrecleanTime=6000 -XX:+CMSParallelRemarkEnabled -XX:+CMSScavengeBeforeRemark -XX:ConcGCThreads=4 -XX:InitialHeapSize=536870912 -XX:MaxHeapSize=536870912 -XX:MaxTenuringThreshold=8 -XX:NewRatio=3 -XX:OldPLABSize=16 -XX:OnOutOfMemoryError=/opt/solr/bin/oom_solr.sh 8983 /var/solr/logs -XX:ParallelGCThreads=4 -XX:+ParallelRefProcEnabled -XX:PretenureSizeThreshold=67108864 -XX:+PrintGC -XX:+PrintGCApplicationStoppedTime -XX:+PrintGCDateStamps -XX:+PrintGCDetails -XX:+PrintGCTimeStamps -XX:+PrintHeapAtGC -XX:+PrintTenuringDistribution -XX:SurvivorRatio=4 -XX:TargetSurvivorRatio=90 -XX:ThreadStackSize=256 -XX:+UseCMSInitiatingOccupancyOnly -XX:+UseCompressedClassPointers -XX:+UseCompressedOops -XX:+UseConcMarkSweepGC -XX:+UseParNewGC 
2017-01-31T16:48:08.794+0100: 0,134: Total time for which application threads were stopped: 0,0000634 seconds, Stopping threads took: 0,0000139 seconds
2017-01-31T16:48:08.863+0100: 0,203: Total time for which application threads were stopped: 0,0001206 seconds, Stopping threads took: 0,0000251 seconds
2017-01-31T16:48:08.877+0100: 0,217: Total time for which application threads were stopped: 0,0001147 seconds, Stopping threads took: 0,0000274 seconds
2017-01-31T16:48:09.134+0100: 0,474: Total time for which application threads were stopped: 0,0001100 seconds, Stopping threads took: 0,0000131 seconds
2017-01-31T16:48:09.604+0100: 0,945: Total time for which application threads were stopped: 0,0001785 seconds, Stopping threads took: 0,0000232 seconds
2017-01-31T16:48:09.708+0100: 1,048: Total time for which application threads were stopped: 0,0002410 seconds, Stopping threads took: 0,0000316 seconds
2017-01-31T16:48:09.733+0100: 1,073: Total time for which application threads were stopped: 0,0001594 seconds, Stopping threads took: 0,0000200 seconds
2017-01-31T16:48:10.078+0100: 1,418: Total time for which application threads were stopped: 0,0001927 seconds, Stopping threads took: 0,0000203 seconds
2017-01-31T16:48:10.290+0100: 1,630: Total time for which application threads were stopped: 0,0008757 seconds, Stopping threads took: 0,0000587 seconds
2017-01-31T16:48:10.316+0100: 1,656: Total time for which application threads were stopped: 0,0001748 seconds, Stopping threads took: 0,0000128 seconds
2017-01-31T16:48:10.317+0100: 1,657: Total time for which application threads were stopped: 0,0001619 seconds, Stopping threads took: 0,0000230 seconds
2017-01-31T16:48:10.334+0100: 1,674: Total time for which application threads were stopped: 0,0001930 seconds, Stopping threads took: 0,0000244 seconds
2017-01-31T16:48:10.435+0100: 1,776: Total time for which application threads were stopped: 0,0001981 seconds, Stopping threads took: 0,0000194 seconds
2017-01-31T16:48:10.612+0100: 1,952: Total time for which application threads were stopped: 0,0003010 seconds, Stopping threads took: 0,0000735 seconds
{Heap before GC invocations=0 (full 0):
 par new generation   total 109248K, used 87424K [0x00000000e0000000, 0x00000000e8000000, 0x00000000e8000000)
  eden space 87424K, 100% used [0x00000000e0000000, 0x00000000e5560000, 0x00000000e5560000)
  from space 21824K,   0% used [0x00000000e5560000, 0x00000000e5560000, 0x00000000e6ab0000)
  to   space 21824K,   0% used [0x00000000e6ab0000, 0x00000000e6ab0000, 0x00000000e8000000)
 concurrent mark-sweep generation total 393216K, used 0K [0x00000000e8000000, 0x0000000100000000, 0x0000000100000000)
 Metaspace       used 17732K, capacity 18014K, committed 18304K, reserved 1064960K
  class space    used 2011K, capacity 2130K, committed 2176K, reserved 1048576K
2017-01-31T16:48:10.701+0100: 2,041: [GC (Allocation Failure) 2017-01-31T16:48:10.701+0100: 2,041: [ParNew
Desired survivor size 20112992 bytes, new threshold 8 (max 8)
- age   1:   12174336 bytes,   12174336 total
: 87424K->11993K(109248K), 0,0150458 secs] 87424K->11993K(502464K), 0,0151502 secs] [Times: user=0,05 sys=0,00, real=0,01 secs] 
Heap after GC invocations=1 (full 0):
 par new generation   total 109248K, used 11993K [0x00000000e0000000, 0x00000000e8000000, 0x00000000e8000000)
  eden space 87424K,   0% used [0x00000000e0000000, 0x00000000e0000000, 0x00000000e5560000)
  from space 21824K,  54% used [0x00000000e6ab0000, 0x00000000e76666f0, 0x00000000e8000000)
  to   space 21824K,   0% used [0x00000000e5560000, 0x00000000e5560000, 0x00000000e6ab0000)
 concurrent mark-sweep generation total 393216K, used 0K [0x00000000e8000000, 0x0000000100000000, 0x0000000100000000)
 Metaspace       used 17732K, capacity 18014K, committed 18304K, reserved 1064960K
  class space    used 2011K, capacity 2130K, committed 2176K, reserved 1048576K
}
2017-01-31T16:48:10.716+0100: 2,056: Total time for which application threads were stopped: 0,0154105 seconds, Stopping threads took: 0,0000379 seconds
2017-01-31T16:48:10.949+0100: 2,289: Total time for which application threads were stopped: 0,0003199 seconds, Stopping threads took: 0,0000574 seconds
2017-01-31T16:48:10.988+0100: 2,329: Total time for which application threads were stopped: 0,0003061 seconds, Stopping threads took: 0,0000584 seconds
2017-01-31T16:48:11.018+0100: 2,358: Total time for which application threads were stopped: 0,0003544 seconds, Stopping threads took: 0,0000596 seconds
{Heap before GC invocations=1 (full 0):
 par new generation   total 109248K, used 99417K [0x00000000e0000000, 0x00000000e8000000, 0x00000000e8000000)
  eden space 87424K, 100% used [0x00000000e0000000, 0x00000000e5560000, 0x00000000e5560000)
  from space 21824K,  54% used [0x00000000e6ab0000, 0x00000000e76666f0, 0x00000000e8000000)
  to   space 21824K,   0% used [0x00000000e5560000, 0x00000000e5560000, 0x00000000e6ab0000)
 concurrent mark-sweep generation total 393216K, used 0K [0x00000000e8000000, 0x0000000100000000, 0x0000000100000000)
 Metaspace       used 20448K, capacity 20786K, committed 20992K, reserved 1067008K
  class space    used 2354K, capacity 2484K, committed 2560K, reserved 1048576K
2017-01-31T16:48:11.106+0100: 2,446: [GC (Allocation Failure) 2017-01-31T16:48:11.106+0100: 2,446: [ParNew
Desired survivor size 20112992 bytes, new threshold 8 (max 8)
- age   1:    4409104 bytes,    4409104 total
- age   2:    6421168 bytes,   10830272 total
: 99417K->15117K(109248K), 0,0102984 secs] 99417K->15117K(502464K), 0,0103608 secs] [Times: user=0,03 sys=0,01, real=0,01 secs] 
Heap after GC invocations=2 (full 0):
 par new generation   total 109248K, used 15117K [0x00000000e0000000, 0x00000000e8000000, 0x00000000e8000000)
  eden space 87424K,   0% used [0x00000000e0000000, 0x00000000e0000000, 0x00000000e5560000)
  from space 21824K,  69% used [0x00000000e5560000, 0x00000000e64237c0, 0x00000000e6ab0000)
  to   space 21824K,   0% used [0x00000000e6ab0000, 0x00000000e6ab0000, 0x00000000e8000000)
 concurrent mark-sweep generation total 393216K, used 0K [0x00000000e8000000, 0x0000000100000000, 0x0000000100000000)
 Metaspace       used 20448K, capacity 20786K, committed 20992K, reserved 1067008K
  class space    used 2354K, capacity 2484K, committed 2560K, reserved 1048576K
}
2017-01-31T16:48:11.116+0100: 2,457: Total time for which application threads were stopped: 0,0106041 seconds, Stopping threads took: 0,0000795 seconds
2017-01-31T16:48:11.164+0100: 2,505: Total time for which application threads were stopped: 0,0001394 seconds, Stopping threads took: 0,0000522 seconds
2017-01-31T16:48:11.206+0100: 2,547: Total time for which application threads were stopped: 0,0045732 seconds, Stopping threads took: 0,0044457 seconds
2017-01-31T16:48:11.243+0100: 2,584: Total time for which application threads were stopped: 0,0001658 seconds, Stopping threads took: 0,0000506 seconds
{Heap before GC invocations=2 (full 0):
 par new generation   total 109248K, used 102541K [0x00000000e0000000, 0x00000000e8000000, 0x00000000e8000000)
  eden space 87424K, 100% used [0x00000000e0000000, 0x00000000e5560000, 0x00000000e5560000)
  from space 21824K,  69% used [0x00000000e5560000, 0x00000000e64237c0, 0x00000000e6ab0000)
  to   space 21824K,   0% used [0x00000000e6ab0000, 0x00000000e6ab0000, 0x00000000e8000000)
 concurrent mark-sweep generation total 393216K, used 0K [0x00000000e8000000, 0x0000000100000000, 0x0000000100000000)
 Metaspace       used 21799K, capacity 22158K, committed 22216K, reserved 1069056K
  class space    used 2524K, capacity 2681K, committed 2684K, reserved 1048576K
2017-01-31T16:48:11.283+0100: 2,623: [GC (Allocation Failure) 2017-01-31T16:48:11.283+0100: 2,623: [ParNew
Desired survivor size 20112992 bytes, new threshold 8 (max 8)
- age   1:    1513296 bytes,    1513296 total
- age   2:    1802592 bytes,    3315888 total
- age   3:    6420448 bytes,    9736336 total
: 102541K->13175K(109248K), 0,0111711 secs] 102541K->13175K(502464K), 0,0112560 secs] [Times: user=0,03 sys=0,00, real=0,01 secs] 
Heap after GC invocations=3 (full 0):
 par new generation   total 109248K, used 13175K [0x00000000e0000000, 0x00000000e8000000, 0x00000000e8000000)
  eden space 87424K,   0% used [0x00000000e0000000, 0x00000000e0000000, 0x00000000e5560000)
  from space 21824K,  60% used [0x00000000e6ab0000, 0x00000000e778de50, 0x00000000e8000000)
  to   space 21824K,   0% used [0x00000000e5560000, 0x00000000e5560000, 0x00000000e6ab0000)
 concurrent mark-sweep generation total 393216K, used 0K [0x00000000e8000000, 0x0000000100000000, 0x0000000100000000)
 Metaspace       used 21799K, capacity 22158K, committed 22216K, reserved 1069056K
  class space    used 2524K, capacity 2681K, committed 2684K, reserved 1048576K
}
2017-01-31T16:48:11.294+0100: 2,635: Total time for which application threads were stopped: 0,0114351 seconds, Stopping threads took: 0,0000375 seconds
2017-01-31T16:48:11.294+0100: 2,635: [GC (CMS Initial Mark) [1 CMS-initial-mark: 0K(393216K)] 13207K(502464K), 0,0025369 secs] [Times: user=0,01 sys=0,00, real=0,00 secs] 
2017-01-31T16:48:11.297+0100: 2,637: Total time for which application threads were stopped: 0,0028500 seconds, Stopping threads took: 0,0002409 seconds
2017-01-31T16:48:11.297+0100: 2,637: [CMS-concurrent-mark-start]
2017-01-31T16:48:11.298+0100: 2,639: [CMS-concurrent-mark: 0,001/0,001 secs] [Times: user=0,00 sys=0,01, real=0,01 secs] 
2017-01-31T16:48:11.298+0100: 2,639: [CMS-concurrent-preclean-start]
2017-01-31T16:48:11.300+0100: 2,640: [CMS-concurrent-preclean: 0,001/0,001 secs] [Times: user=0,00 sys=0,00, real=0,00 secs] 
2017-01-31T16:48:11.302+0100: 2,642: [GC (CMS Final Remark) [YG occupancy: 14970 K (109248 K)]{Heap before GC invocations=3 (full 1):
 par new generation   total 109248K, used 14970K [0x00000000e0000000, 0x00000000e8000000, 0x00000000e8000000)
  eden space 87424K,   2% used [0x00000000e0000000, 0x00000000e01c0c38, 0x00000000e5560000)
  from space 21824K,  60% used [0x00000000e6ab0000, 0x00000000e778de50, 0x00000000e8000000)
  to   space 21824K,   0% used [0x00000000e5560000, 0x00000000e5560000, 0x00000000e6ab0000)
 concurrent mark-sweep generation total 393216K, used 0K [0x00000000e8000000, 0x0000000100000000, 0x0000000100000000)
 Metaspace       used 21799K, capacity 22158K, committed 22216K, reserved 1069056K
  class space    used 2524K, capacity 2681K, committed 2684K, reserved 1048576K
2017-01-31T16:48:11.302+0100: 2,642: [GC (CMS Final Remark) 2017-01-31T16:48:11.302+0100: 2,642: [ParNew
Desired survivor size 20112992 bytes, new threshold 8 (max 8)
- age   1:     169960 bytes,     169960 total
- age   2:     582952 bytes,     752912 total
- age   3:    1783056 bytes,    2535968 total
- age   4:    6420176 bytes,    8956144 total
: 14970K->11316K(109248K), 0,0083449 secs] 14970K->11316K(502464K), 0,0083926 secs] [Times: user=0,03 sys=0,00, real=0,01 secs] 
Heap after GC invocations=4 (full 1):
 par new generation   total 109248K, used 11316K [0x00000000e0000000, 0x00000000e8000000, 0x00000000e8000000)
  eden space 87424K,   0% used [0x00000000e0000000, 0x00000000e0000000, 0x00000000e5560000)
  from space 21824K,  51% used [0x00000000e5560000, 0x00000000e606d060, 0x00000000e6ab0000)
  to   space 21824K,   0% used [0x00000000e6ab0000, 0x00000000e6ab0000, 0x00000000e8000000)
 concurrent mark-sweep generation total 393216K, used 0K [0x00000000e8000000, 0x0000000100000000, 0x0000000100000000)
 Metaspace       used 21799K, capacity 22158K, committed 22216K, reserved 1069056K
  class space    used 2524K, capacity 2681K, committed 2684K, reserved 1048576K
}
2017-01-31T16:48:11.310+0100: 2,650: [Rescan (parallel) , 0,0034393 secs]2017-01-31T16:48:11.314+0100: 2,654: [weak refs processing, 0,0012461 secs]2017-01-31T16:48:11.315+0100: 2,655: [class unloading, 0,0027915 secs]2017-01-31T16:48:11.318+0100: 2,658: [scrub symbol table, 0,0036956 secs]2017-01-31T16:48:11.321+0100: 2,662: [scrub string table, 0,0003619 secs][1 CMS-remark: 0K(393216K)] 11316K(502464K), 0,0205826 secs] [Times: user=0,05 sys=0,00, real=0,02 secs] 
2017-01-31T16:48:11.322+0100: 2,663: Total time for which application threads were stopped: 0,0225172 seconds, Stopping threads took: 0,0018614 seconds
2017-01-31T16:48:11.322+0100: 2,663: [CMS-concurrent-sweep-start]
2017-01-31T16:48:11.322+0100: 2,663: [CMS-concurrent-sweep: 0,000/0,000 secs] [Times: user=0,00 sys=0,00, real=0,00 secs] 
2017-01-31T16:48:11.322+0100: 2,663: [CMS-concurrent-reset-start]
2017-01-31T16:48:11.325+0100: 2,665: [CMS-concurrent-reset: 0,003/0,003 secs] [Times: user=0,01 sys=0,00, real=0,00 secs] 
2017-01-31T16:48:11.427+0100: 2,768: Total time for which application threads were stopped: 0,0004423 seconds, Stopping threads took: 0,0000559 seconds
{Heap before GC invocations=4 (full 1):
 par new generation   total 109248K, used 98740K [0x00000000e0000000, 0x00000000e8000000, 0x00000000e8000000)
  eden space 87424K, 100% used [0x00000000e0000000, 0x00000000e5560000, 0x00000000e5560000)
  from space 21824K,  51% used [0x00000000e5560000, 0x00000000e606d060, 0x00000000e6ab0000)
  to   space 21824K,   0% used [0x00000000e6ab0000, 0x00000000e6ab0000, 0x00000000e8000000)
 concurrent mark-sweep generation total 393216K, used 0K [0x00000000e8000000, 0x0000000100000000, 0x0000000100000000)
 Metaspace       used 22247K, capacity 22594K, committed 22856K, reserved 1069056K
  class space    used 2588K, capacity 2717K, committed 2812K, reserved 1048576K
2017-01-31T16:48:11.443+0100: 2,784: [GC (Allocation Failure) 2017-01-31T16:48:11.443+0100: 2,784: [ParNew
Desired survivor size 20112992 bytes, new threshold 8 (max 8)
- age   1:     721792 bytes,     721792 total
- age   2:         56 bytes,     721848 total
- age   3:     401904 bytes,    1123752 total
- age   4:    1393680 bytes,    2517432 total
- age   5:    6420464 bytes,    8937896 total
: 98740K->10208K(109248K), 0,0086137 secs] 98740K->10208K(502464K), 0,0086790 secs] [Times: user=0,04 sys=0,00, real=0,01 secs] 
Heap after GC invocations=5 (full 1):
 par new generation   total 109248K, used 10208K [0x00000000e0000000, 0x00000000e8000000, 0x00000000e8000000)
  eden space 87424K,   0% used [0x00000000e0000000, 0x00000000e0000000, 0x00000000e5560000)
  from space 21824K,  46% used [0x00000000e6ab0000, 0x00000000e74a82b0, 0x00000000e8000000)
  to   space 21824K,   0% used [0x00000000e5560000, 0x00000000e5560000, 0x00000000e6ab0000)
 concurrent mark-sweep generation total 393216K, used 0K [0x00000000e8000000, 0x0000000100000000, 0x0000000100000000)
 Metaspace       used 22247K, capacity 22594K, committed 22856K, reserved 1069056K
  class space    used 2588K, capacity 2717K, committed 2812K, reserved 1048576K
}
2017-01-31T16:48:11.452+0100: 2,792: Total time for which application threads were stopped: 0,0088718 seconds, Stopping threads took: 0,0000647 seconds
2017-01-31T16:48:11.645+0100: 2,986: Total time for which application threads were stopped: 0,0004836 seconds, Stopping threads took: 0,0000509 seconds
2017-01-31T16:48:11.661+0100: 3,001: Total time for which application threads were stopped: 0,0004323 seconds, Stopping threads took: 0,0000472 seconds
{Heap before GC invocations=5 (full 1):
 par new generation   total 109248K, used 97632K [0x00000000e0000000, 0x00000000e8000000, 0x00000000e8000000)
  eden space 87424K, 100% used [0x00000000e0000000, 0x00000000e5560000, 0x00000000e5560000)
  from space 21824K,  46% used [0x00000000e6ab0000, 0x00000000e74a82b0, 0x00000000e8000000)
  to   space 21824K,   0% used [0x00000000e5560000, 0x00000000e5560000, 0x00000000e6ab0000)
 concurrent mark-sweep generation total 393216K, used 0K [0x00000000e8000000, 0x0000000100000000, 0x0000000100000000)
 Metaspace       used 25731K, capacity 26150K, committed 26492K, reserved 1073152K
  class space    used 3023K, capacity 3157K, committed 3196K, reserved 1048576K
2017-01-31T16:48:11.863+0100: 3,203: [GC (Allocation Failure) 2017-01-31T16:48:11.863+0100: 3,203: [ParNew
Desired survivor size 20112992 bytes, new threshold 8 (max 8)
- age   1:    4618544 bytes,    4618544 total
- age   2:     210584 bytes,    4829128 total
- age   3:         32 bytes,    4829160 total
- age   4:     391032 bytes,    5220192 total
- age   5:     834040 bytes,    6054232 total
- age   6:    6415376 bytes,   12469608 total
: 97632K->17280K(109248K), 0,0115607 secs] 97632K->17280K(502464K), 0,0116325 secs] [Times: user=0,04 sys=0,00, real=0,01 secs] 
Heap after GC invocations=6 (full 1):
 par new generation   total 109248K, used 17280K [0x00000000e0000000, 0x00000000e8000000, 0x00000000e8000000)
  eden space 87424K,   0% used [0x00000000e0000000, 0x00000000e0000000, 0x00000000e5560000)
  from space 21824K,  79% used [0x00000000e5560000, 0x00000000e6640318, 0x00000000e6ab0000)
  to   space 21824K,   0% used [0x00000000e6ab0000, 0x00000000e6ab0000, 0x00000000e8000000)
 concurrent mark-sweep generation total 393216K, used 0K [0x00000000e8000000, 0x0000000100000000, 0x0000000100000000)
 Metaspace       used 25731K, capacity 26150K, committed 26492K, reserved 1073152K
  class space    used 3023K, capacity 3157K, committed 3196K, reserved 1048576K
}
2017-01-31T16:48:11.874+0100: 3,215: Total time for which application threads were stopped: 0,0118979 seconds, Stopping threads took: 0,0000891 seconds
2017-01-31T16:48:12.054+0100: 3,394: Total time for which application threads were stopped: 0,0003611 seconds, Stopping threads took: 0,0000211 seconds
2017-01-31T16:48:12.722+0100: 4,063: Total time for which application threads were stopped: 0,0002937 seconds, Stopping threads took: 0,0000165 seconds
2017-01-31T16:48:40.728+0100: 32,068: Total time for which application threads were stopped: 0,0000684 seconds, Stopping threads took: 0,0000192 seconds
2017-01-31T16:50:40.741+0100: 152,082: Total time for which application threads were stopped: 0,0003958 seconds, Stopping threads took: 0,0001840 seconds
2017-01-31T16:50:45.742+0100: 157,082: Total time for which application threads were stopped: 0,0001267 seconds, Stopping threads took: 0,0000422 seconds
2017-01-31T16:58:55.798+0100: 647,138: Total time for which application threads were stopped: 0,0000774 seconds, Stopping threads took: 0,0000314 seconds
2017-01-31T17:04:12.175+0100: 963,515: Total time for which application threads were stopped: 0,0001601 seconds, Stopping threads took: 0,0000270 seconds
Heap
 par new generation   total 109248K, used 81231K [0x00000000e0000000, 0x00000000e8000000, 0x00000000e8000000)
  eden space 87424K,  73% used [0x00000000e0000000, 0x00000000e3e73ba0, 0x00000000e5560000)
  from space 21824K,  79% used [0x00000000e5560000, 0x00000000e6640318, 0x00000000e6ab0000)
  to   space 21824K,   0% used [0x00000000e6ab0000, 0x00000000e6ab0000, 0x00000000e8000000)
 concurrent mark-sweep generation total 393216K, used 0K [0x00000000e8000000, 0x0000000100000000, 0x0000000100000000)
 Metaspace       used 28793K, capacity 29276K, committed 29692K, reserved 1075200K
  class space    used 3339K, capacity 3490K, committed 3580K, reserved 1048576K
