OpenJDK 64-Bit Server VM (25.131-b11) for linux-amd64 JRE (1.8.0_131-8u131-b11-0ubuntu1.16.04.2-b11), built on May  6 2017 02:45:27 by "buildd" with gcc 5.4.0 20160609
Memory: 4k page, physical 7867740k(7389536k free), swap 8076284k(8076284k free)
CommandLine flags: -XX:CMSInitiatingOccupancyFraction=50 -XX:CMSMaxAbortablePrecleanTime=6000 -XX:+CMSParallelRemarkEnabled -XX:+CMSScavengeBeforeRemark -XX:ConcGCThreads=4 -XX:InitialHeapSize=536870912 -XX:MaxHeapSize=536870912 -XX:MaxTenuringThreshold=8 -XX:NewRatio=3 -XX:OldPLABSize=16 -XX:OnOutOfMemoryError=/opt/solr/bin/oom_solr.sh 8983 /var/solr/logs -XX:ParallelGCThreads=4 -XX:+ParallelRefProcEnabled -XX:PretenureSizeThreshold=67108864 -XX:+PrintGC -XX:+PrintGCApplicationStoppedTime -XX:+PrintGCDateStamps -XX:+PrintGCDetails -XX:+PrintGCTimeStamps -XX:+PrintHeapAtGC -XX:+PrintTenuringDistribution -XX:SurvivorRatio=4 -XX:TargetSurvivorRatio=90 -XX:ThreadStackSize=256 -XX:+UseCMSInitiatingOccupancyOnly -XX:+UseCompressedClassPointers -XX:+UseCompressedOops -XX:+UseConcMarkSweepGC -XX:+UseParNewGC 
2017-05-24T09:17:01.872+0200: 0,128: Total time for which application threads were stopped: 0,0000728 seconds, Stopping threads took: 0,0000163 seconds
2017-05-24T09:17:01.952+0200: 0,209: Total time for which application threads were stopped: 0,0001043 seconds, Stopping threads took: 0,0000186 seconds
2017-05-24T09:17:01.969+0200: 0,225: Total time for which application threads were stopped: 0,0001521 seconds, Stopping threads took: 0,0000177 seconds
2017-05-24T09:17:02.201+0200: 0,457: Total time for which application threads were stopped: 0,0001090 seconds, Stopping threads took: 0,0000159 seconds
2017-05-24T09:17:02.620+0200: 0,877: Total time for which application threads were stopped: 0,0001781 seconds, Stopping threads took: 0,0000246 seconds
2017-05-24T09:17:02.777+0200: 1,033: Total time for which application threads were stopped: 0,0001946 seconds, Stopping threads took: 0,0000182 seconds
2017-05-24T09:17:02.866+0200: 1,123: Total time for which application threads were stopped: 0,0001482 seconds, Stopping threads took: 0,0000204 seconds
2017-05-24T09:17:03.170+0200: 1,427: Total time for which application threads were stopped: 0,0001967 seconds, Stopping threads took: 0,0000203 seconds
2017-05-24T09:17:03.458+0200: 1,715: Total time for which application threads were stopped: 0,0002269 seconds, Stopping threads took: 0,0000149 seconds
2017-05-24T09:17:03.484+0200: 1,741: Total time for which application threads were stopped: 0,0003565 seconds, Stopping threads took: 0,0001614 seconds
2017-05-24T09:17:03.522+0200: 1,779: Total time for which application threads were stopped: 0,0005349 seconds, Stopping threads took: 0,0000630 seconds
2017-05-24T09:17:03.524+0200: 1,780: Total time for which application threads were stopped: 0,0002222 seconds, Stopping threads took: 0,0000327 seconds
2017-05-24T09:17:03.550+0200: 1,807: Total time for which application threads were stopped: 0,0002339 seconds, Stopping threads took: 0,0000309 seconds
2017-05-24T09:17:03.665+0200: 1,922: Total time for which application threads were stopped: 0,0002370 seconds, Stopping threads took: 0,0000201 seconds
2017-05-24T09:17:03.838+0200: 2,095: Total time for which application threads were stopped: 0,0002745 seconds, Stopping threads took: 0,0000363 seconds
{Heap before GC invocations=0 (full 0):
 par new generation   total 109248K, used 87424K [0x00000000e0000000, 0x00000000e8000000, 0x00000000e8000000)
  eden space 87424K, 100% used [0x00000000e0000000, 0x00000000e5560000, 0x00000000e5560000)
  from space 21824K,   0% used [0x00000000e5560000, 0x00000000e5560000, 0x00000000e6ab0000)
  to   space 21824K,   0% used [0x00000000e6ab0000, 0x00000000e6ab0000, 0x00000000e8000000)
 concurrent mark-sweep generation total 393216K, used 0K [0x00000000e8000000, 0x0000000100000000, 0x0000000100000000)
 Metaspace       used 18063K, capacity 18400K, committed 18688K, reserved 1064960K
  class space    used 2041K, capacity 2196K, committed 2304K, reserved 1048576K
2017-05-24T09:17:03.942+0200: 2,199: [GC (Allocation Failure) 2017-05-24T09:17:03.942+0200: 2,199: [ParNew
Desired survivor size 20112992 bytes, new threshold 8 (max 8)
- age   1:   12614560 bytes,   12614560 total
: 87424K->12435K(109248K), 0,0165550 secs] 87424K->12435K(502464K), 0,0166460 secs] [Times: user=0,04 sys=0,02, real=0,02 secs] 
Heap after GC invocations=1 (full 0):
 par new generation   total 109248K, used 12435K [0x00000000e0000000, 0x00000000e8000000, 0x00000000e8000000)
  eden space 87424K,   0% used [0x00000000e0000000, 0x00000000e0000000, 0x00000000e5560000)
  from space 21824K,  56% used [0x00000000e6ab0000, 0x00000000e76d4de8, 0x00000000e8000000)
  to   space 21824K,   0% used [0x00000000e5560000, 0x00000000e5560000, 0x00000000e6ab0000)
 concurrent mark-sweep generation total 393216K, used 0K [0x00000000e8000000, 0x0000000100000000, 0x0000000100000000)
 Metaspace       used 18063K, capacity 18400K, committed 18688K, reserved 1064960K
  class space    used 2041K, capacity 2196K, committed 2304K, reserved 1048576K
}
2017-05-24T09:17:03.959+0200: 2,215: Total time for which application threads were stopped: 0,0191910 seconds, Stopping threads took: 0,0023584 seconds
2017-05-24T09:17:04.261+0200: 2,518: Total time for which application threads were stopped: 0,0003694 seconds, Stopping threads took: 0,0000746 seconds
2017-05-24T09:17:04.310+0200: 2,566: Total time for which application threads were stopped: 0,0004452 seconds, Stopping threads took: 0,0000900 seconds
{Heap before GC invocations=1 (full 0):
 par new generation   total 109248K, used 99859K [0x00000000e0000000, 0x00000000e8000000, 0x00000000e8000000)
  eden space 87424K, 100% used [0x00000000e0000000, 0x00000000e5560000, 0x00000000e5560000)
  from space 21824K,  56% used [0x00000000e6ab0000, 0x00000000e76d4de8, 0x00000000e8000000)
  to   space 21824K,   0% used [0x00000000e5560000, 0x00000000e5560000, 0x00000000e6ab0000)
 concurrent mark-sweep generation total 393216K, used 0K [0x00000000e8000000, 0x0000000100000000, 0x0000000100000000)
 Metaspace       used 20054K, capacity 20416K, committed 20736K, reserved 1067008K
  class space    used 2295K, capacity 2466K, committed 2560K, reserved 1048576K
2017-05-24T09:17:04.322+0200: 2,579: [GC (Allocation Failure) 2017-05-24T09:17:04.322+0200: 2,579: [ParNew
Desired survivor size 20112992 bytes, new threshold 8 (max 8)
- age   1:    3801608 bytes,    3801608 total
- age   2:    6669592 bytes,   10471200 total
: 99859K->15718K(109248K), 0,0098649 secs] 99859K->15718K(502464K), 0,0099425 secs] [Times: user=0,04 sys=0,00, real=0,01 secs] 
Heap after GC invocations=2 (full 0):
 par new generation   total 109248K, used 15718K [0x00000000e0000000, 0x00000000e8000000, 0x00000000e8000000)
  eden space 87424K,   0% used [0x00000000e0000000, 0x00000000e0000000, 0x00000000e5560000)
  from space 21824K,  72% used [0x00000000e5560000, 0x00000000e64b9bc0, 0x00000000e6ab0000)
  to   space 21824K,   0% used [0x00000000e6ab0000, 0x00000000e6ab0000, 0x00000000e8000000)
 concurrent mark-sweep generation total 393216K, used 0K [0x00000000e8000000, 0x0000000100000000, 0x0000000100000000)
 Metaspace       used 20054K, capacity 20416K, committed 20736K, reserved 1067008K
  class space    used 2295K, capacity 2466K, committed 2560K, reserved 1048576K
}
2017-05-24T09:17:04.332+0200: 2,589: Total time for which application threads were stopped: 0,0102541 seconds, Stopping threads took: 0,0001585 seconds
2017-05-24T09:17:04.367+0200: 2,624: Total time for which application threads were stopped: 0,0003165 seconds, Stopping threads took: 0,0000206 seconds
2017-05-24T09:17:04.481+0200: 2,738: Total time for which application threads were stopped: 0,0002301 seconds, Stopping threads took: 0,0000652 seconds
{Heap before GC invocations=2 (full 0):
 par new generation   total 109248K, used 103142K [0x00000000e0000000, 0x00000000e8000000, 0x00000000e8000000)
  eden space 87424K, 100% used [0x00000000e0000000, 0x00000000e5560000, 0x00000000e5560000)
  from space 21824K,  72% used [0x00000000e5560000, 0x00000000e64b9bc0, 0x00000000e6ab0000)
  to   space 21824K,   0% used [0x00000000e6ab0000, 0x00000000e6ab0000, 0x00000000e8000000)
 concurrent mark-sweep generation total 393216K, used 0K [0x00000000e8000000, 0x0000000100000000, 0x0000000100000000)
 Metaspace       used 20964K, capacity 21274K, committed 21628K, reserved 1069056K
  class space    used 2417K, capacity 2585K, committed 2684K, reserved 1048576K
2017-05-24T09:17:04.534+0200: 2,791: [GC (Allocation Failure) 2017-05-24T09:17:04.534+0200: 2,791: [ParNew
Desired survivor size 20112992 bytes, new threshold 8 (max 8)
- age   1:    1953504 bytes,    1953504 total
- age   2:     848904 bytes,    2802408 total
- age   3:    6665752 bytes,    9468160 total
: 103142K->11303K(109248K), 0,0165833 secs] 103142K->11303K(502464K), 0,0166697 secs] [Times: user=0,05 sys=0,00, real=0,02 secs] 
Heap after GC invocations=3 (full 0):
 par new generation   total 109248K, used 11303K [0x00000000e0000000, 0x00000000e8000000, 0x00000000e8000000)
  eden space 87424K,   0% used [0x00000000e0000000, 0x00000000e0000000, 0x00000000e5560000)
  from space 21824K,  51% used [0x00000000e6ab0000, 0x00000000e75b9d20, 0x00000000e8000000)
  to   space 21824K,   0% used [0x00000000e5560000, 0x00000000e5560000, 0x00000000e6ab0000)
 concurrent mark-sweep generation total 393216K, used 0K [0x00000000e8000000, 0x0000000100000000, 0x0000000100000000)
 Metaspace       used 20964K, capacity 21274K, committed 21628K, reserved 1069056K
  class space    used 2417K, capacity 2585K, committed 2684K, reserved 1048576K
}
2017-05-24T09:17:04.551+0200: 2,808: Total time for which application threads were stopped: 0,0168696 seconds, Stopping threads took: 0,0000419 seconds
2017-05-24T09:17:04.551+0200: 2,808: [GC (CMS Initial Mark) [1 CMS-initial-mark: 0K(393216K)] 12739K(502464K), 0,0043171 secs] [Times: user=0,02 sys=0,00, real=0,00 secs] 
2017-05-24T09:17:04.555+0200: 2,812: Total time for which application threads were stopped: 0,0044440 seconds, Stopping threads took: 0,0000448 seconds
2017-05-24T09:17:04.555+0200: 2,812: [CMS-concurrent-mark-start]
2017-05-24T09:17:04.556+0200: 2,813: [CMS-concurrent-mark: 0,000/0,000 secs] [Times: user=0,00 sys=0,00, real=0,00 secs] 
2017-05-24T09:17:04.556+0200: 2,813: [CMS-concurrent-preclean-start]
2017-05-24T09:17:04.557+0200: 2,814: [CMS-concurrent-preclean: 0,001/0,001 secs] [Times: user=0,00 sys=0,00, real=0,00 secs] 
2017-05-24T09:17:04.557+0200: 2,814: [CMS-concurrent-abortable-preclean-start]
2017-05-24T09:17:04.626+0200: 2,883: Total time for which application threads were stopped: 0,0002955 seconds, Stopping threads took: 0,0002019 seconds
{Heap before GC invocations=3 (full 1):
 par new generation   total 109248K, used 98727K [0x00000000e0000000, 0x00000000e8000000, 0x00000000e8000000)
  eden space 87424K, 100% used [0x00000000e0000000, 0x00000000e5560000, 0x00000000e5560000)
  from space 21824K,  51% used [0x00000000e6ab0000, 0x00000000e75b9d20, 0x00000000e8000000)
  to   space 21824K,   0% used [0x00000000e5560000, 0x00000000e5560000, 0x00000000e6ab0000)
 concurrent mark-sweep generation total 393216K, used 0K [0x00000000e8000000, 0x0000000100000000, 0x0000000100000000)
 Metaspace       used 21246K, capacity 21620K, committed 21884K, reserved 1069056K
  class space    used 2446K, capacity 2601K, committed 2684K, reserved 1048576K
2017-05-24T09:17:04.674+0200: 2,931: [GC (Allocation Failure) 2017-05-24T09:17:04.674+0200: 2,931: [ParNew
Desired survivor size 20112992 bytes, new threshold 8 (max 8)
- age   1:     813168 bytes,     813168 total
- age   2:    1454896 bytes,    2268064 total
- age   3:     817496 bytes,    3085560 total
- age   4:    6666016 bytes,    9751576 total
: 98727K->14113K(109248K), 0,0116720 secs] 98727K->14113K(502464K), 0,0117399 secs] [Times: user=0,04 sys=0,00, real=0,01 secs] 
Heap after GC invocations=4 (full 1):
 par new generation   total 109248K, used 14113K [0x00000000e0000000, 0x00000000e8000000, 0x00000000e8000000)
  eden space 87424K,   0% used [0x00000000e0000000, 0x00000000e0000000, 0x00000000e5560000)
  from space 21824K,  64% used [0x00000000e5560000, 0x00000000e6328700, 0x00000000e6ab0000)
  to   space 21824K,   0% used [0x00000000e6ab0000, 0x00000000e6ab0000, 0x00000000e8000000)
 concurrent mark-sweep generation total 393216K, used 0K [0x00000000e8000000, 0x0000000100000000, 0x0000000100000000)
 Metaspace       used 21246K, capacity 21620K, committed 21884K, reserved 1069056K
  class space    used 2446K, capacity 2601K, committed 2684K, reserved 1048576K
}
2017-05-24T09:17:04.686+0200: 2,942: Total time for which application threads were stopped: 0,0127666 seconds, Stopping threads took: 0,0008948 seconds
{Heap before GC invocations=4 (full 1):
 par new generation   total 109248K, used 101537K [0x00000000e0000000, 0x00000000e8000000, 0x00000000e8000000)
  eden space 87424K, 100% used [0x00000000e0000000, 0x00000000e5560000, 0x00000000e5560000)
  from space 21824K,  64% used [0x00000000e5560000, 0x00000000e6328700, 0x00000000e6ab0000)
  to   space 21824K,   0% used [0x00000000e6ab0000, 0x00000000e6ab0000, 0x00000000e8000000)
 concurrent mark-sweep generation total 393216K, used 0K [0x00000000e8000000, 0x0000000100000000, 0x0000000100000000)
 Metaspace       used 21473K, capacity 21856K, committed 21960K, reserved 1069056K
  class space    used 2473K, capacity 2635K, committed 2684K, reserved 1048576K
2017-05-24T09:17:04.772+0200: 3,029: [GC (Allocation Failure) 2017-05-24T09:17:04.772+0200: 3,029: [ParNew
Desired survivor size 20112992 bytes, new threshold 8 (max 8)
- age   1:    1053712 bytes,    1053712 total
- age   2:     187552 bytes,    1241264 total
- age   3:    1453360 bytes,    2694624 total
- age   4:     817384 bytes,    3512008 total
- age   5:    6665960 bytes,   10177968 total
: 101537K->12571K(109248K), 0,0100902 secs] 101537K->12571K(502464K), 0,0101669 secs] [Times: user=0,03 sys=0,00, real=0,01 secs] 
Heap after GC invocations=5 (full 1):
 par new generation   total 109248K, used 12571K [0x00000000e0000000, 0x00000000e8000000, 0x00000000e8000000)
  eden space 87424K,   0% used [0x00000000e0000000, 0x00000000e0000000, 0x00000000e5560000)
  from space 21824K,  57% used [0x00000000e6ab0000, 0x00000000e76f6d88, 0x00000000e8000000)
  to   space 21824K,   0% used [0x00000000e5560000, 0x00000000e5560000, 0x00000000e6ab0000)
 concurrent mark-sweep generation total 393216K, used 0K [0x00000000e8000000, 0x0000000100000000, 0x0000000100000000)
 Metaspace       used 21473K, capacity 21856K, committed 21960K, reserved 1069056K
  class space    used 2473K, capacity 2635K, committed 2684K, reserved 1048576K
}
2017-05-24T09:17:04.783+0200: 3,039: Total time for which application threads were stopped: 0,0103895 seconds, Stopping threads took: 0,0000671 seconds
2017-05-24T09:17:04.796+0200: 3,053: Total time for which application threads were stopped: 0,0001680 seconds, Stopping threads took: 0,0000601 seconds
2017-05-24T09:17:04.797+0200: 3,053: [CMS-concurrent-abortable-preclean: 0,162/0,239 secs] [Times: user=0,89 sys=0,01, real=0,24 secs] 
2017-05-24T09:17:04.797+0200: 3,054: Total time for which application threads were stopped: 0,0001280 seconds, Stopping threads took: 0,0000758 seconds
2017-05-24T09:17:04.798+0200: 3,055: [GC (CMS Final Remark) [YG occupancy: 21178 K (109248 K)]{Heap before GC invocations=5 (full 1):
 par new generation   total 109248K, used 21178K [0x00000000e0000000, 0x00000000e8000000, 0x00000000e8000000)
  eden space 87424K,   9% used [0x00000000e0000000, 0x00000000e0867d58, 0x00000000e5560000)
  from space 21824K,  57% used [0x00000000e6ab0000, 0x00000000e76f6d88, 0x00000000e8000000)
  to   space 21824K,   0% used [0x00000000e5560000, 0x00000000e5560000, 0x00000000e6ab0000)
 concurrent mark-sweep generation total 393216K, used 0K [0x00000000e8000000, 0x0000000100000000, 0x0000000100000000)
 Metaspace       used 21538K, capacity 21920K, committed 22216K, reserved 1069056K
  class space    used 2483K, capacity 2635K, committed 2684K, reserved 1048576K
2017-05-24T09:17:04.798+0200: 3,055: [GC (CMS Final Remark) 2017-05-24T09:17:04.798+0200: 3,055: [ParNew
Desired survivor size 20112992 bytes, new threshold 8 (max 8)
- age   1:     426696 bytes,     426696 total
- age   2:     156048 bytes,     582744 total
- age   3:     187288 bytes,     770032 total
- age   4:    1064624 bytes,    1834656 total
- age   5:     817352 bytes,    2652008 total
- age   6:    6665784 bytes,    9317792 total
: 21178K->13276K(109248K), 0,0135206 secs] 21178K->13276K(502464K), 0,0135830 secs] [Times: user=0,04 sys=0,00, real=0,01 secs] 
Heap after GC invocations=6 (full 1):
 par new generation   total 109248K, used 13276K [0x00000000e0000000, 0x00000000e8000000, 0x00000000e8000000)
  eden space 87424K,   0% used [0x00000000e0000000, 0x00000000e0000000, 0x00000000e5560000)
  from space 21824K,  60% used [0x00000000e5560000, 0x00000000e6257380, 0x00000000e6ab0000)
  to   space 21824K,   0% used [0x00000000e6ab0000, 0x00000000e6ab0000, 0x00000000e8000000)
 concurrent mark-sweep generation total 393216K, used 0K [0x00000000e8000000, 0x0000000100000000, 0x0000000100000000)
 Metaspace       used 21538K, capacity 21920K, committed 22216K, reserved 1069056K
  class space    used 2483K, capacity 2635K, committed 2684K, reserved 1048576K
}
2017-05-24T09:17:04.811+0200: 3,068: [Rescan (parallel) , 0,0034045 secs]2017-05-24T09:17:04.815+0200: 3,072: [weak refs processing, 0,0003958 secs]2017-05-24T09:17:04.815+0200: 3,072: [class unloading, 0,0029484 secs]2017-05-24T09:17:04.818+0200: 3,075: [scrub symbol table, 0,0031332 secs]2017-05-24T09:17:04.821+0200: 3,078: [scrub string table, 0,0004004 secs][1 CMS-remark: 0K(393216K)] 13276K(502464K), 0,0245967 secs] [Times: user=0,07 sys=0,00, real=0,02 secs] 
2017-05-24T09:17:04.822+0200: 3,079: Total time for which application threads were stopped: 0,0254706 seconds, Stopping threads took: 0,0007890 seconds
2017-05-24T09:17:04.823+0200: 3,080: [CMS-concurrent-sweep-start]
2017-05-24T09:17:04.823+0200: 3,080: [CMS-concurrent-sweep: 0,000/0,000 secs] [Times: user=0,00 sys=0,00, real=0,00 secs] 
2017-05-24T09:17:04.823+0200: 3,080: [CMS-concurrent-reset-start]
2017-05-24T09:17:04.825+0200: 3,082: [CMS-concurrent-reset: 0,002/0,002 secs] [Times: user=0,01 sys=0,00, real=0,00 secs] 
2017-05-24T09:17:04.835+0200: 3,092: Total time for which application threads were stopped: 0,0003700 seconds, Stopping threads took: 0,0000205 seconds
2017-05-24T09:17:05.060+0200: 3,317: Total time for which application threads were stopped: 0,0004883 seconds, Stopping threads took: 0,0000488 seconds
2017-05-24T09:17:05.077+0200: 3,334: Total time for which application threads were stopped: 0,0004980 seconds, Stopping threads took: 0,0001202 seconds
{Heap before GC invocations=6 (full 1):
 par new generation   total 109248K, used 100700K [0x00000000e0000000, 0x00000000e8000000, 0x00000000e8000000)
  eden space 87424K, 100% used [0x00000000e0000000, 0x00000000e5560000, 0x00000000e5560000)
  from space 21824K,  60% used [0x00000000e5560000, 0x00000000e6257380, 0x00000000e6ab0000)
  to   space 21824K,   0% used [0x00000000e6ab0000, 0x00000000e6ab0000, 0x00000000e8000000)
 concurrent mark-sweep generation total 393216K, used 0K [0x00000000e8000000, 0x0000000100000000, 0x0000000100000000)
 Metaspace       used 23877K, capacity 24326K, committed 24572K, reserved 1071104K
  class space    used 2813K, capacity 3010K, committed 3068K, reserved 1048576K
2017-05-24T09:17:05.267+0200: 3,524: [GC (Allocation Failure) 2017-05-24T09:17:05.267+0200: 3,524: [ParNew
Desired survivor size 20112992 bytes, new threshold 8 (max 8)
- age   1:    5122640 bytes,    5122640 total
- age   2:      27632 bytes,    5150272 total
- age   3:     155504 bytes,    5305776 total
- age   4:     186680 bytes,    5492456 total
- age   5:     284608 bytes,    5777064 total
- age   6:     791128 bytes,    6568192 total
- age   7:    6657560 bytes,   13225752 total
: 100700K->15468K(109248K), 0,0132267 secs] 100700K->15468K(502464K), 0,0133043 secs] [Times: user=0,04 sys=0,00, real=0,02 secs] 
Heap after GC invocations=7 (full 1):
 par new generation   total 109248K, used 15468K [0x00000000e0000000, 0x00000000e8000000, 0x00000000e8000000)
  eden space 87424K,   0% used [0x00000000e0000000, 0x00000000e0000000, 0x00000000e5560000)
  from space 21824K,  70% used [0x00000000e6ab0000, 0x00000000e79cb3b0, 0x00000000e8000000)
  to   space 21824K,   0% used [0x00000000e5560000, 0x00000000e5560000, 0x00000000e6ab0000)
 concurrent mark-sweep generation total 393216K, used 0K [0x00000000e8000000, 0x0000000100000000, 0x0000000100000000)
 Metaspace       used 23877K, capacity 24326K, committed 24572K, reserved 1071104K
  class space    used 2813K, capacity 3010K, committed 3068K, reserved 1048576K
}
2017-05-24T09:17:05.280+0200: 3,537: Total time for which application threads were stopped: 0,0135917 seconds, Stopping threads took: 0,0000743 seconds
{Heap before GC invocations=7 (full 1):
 par new generation   total 109248K, used 102892K [0x00000000e0000000, 0x00000000e8000000, 0x00000000e8000000)
  eden space 87424K, 100% used [0x00000000e0000000, 0x00000000e5560000, 0x00000000e5560000)
  from space 21824K,  70% used [0x00000000e6ab0000, 0x00000000e79cb3b0, 0x00000000e8000000)
  to   space 21824K,   0% used [0x00000000e5560000, 0x00000000e5560000, 0x00000000e6ab0000)
 concurrent mark-sweep generation total 393216K, used 0K [0x00000000e8000000, 0x0000000100000000, 0x0000000100000000)
 Metaspace       used 24356K, capacity 24812K, committed 25084K, reserved 1071104K
  class space    used 2856K, capacity 3043K, committed 3068K, reserved 1048576K
2017-05-24T09:17:05.385+0200: 3,642: [GC (Allocation Failure) 2017-05-24T09:17:05.385+0200: 3,642: [ParNew
Desired survivor size 20112992 bytes, new threshold 8 (max 8)
- age   1:    1644592 bytes,    1644592 total
- age   2:    1794784 bytes,    3439376 total
- age   3:      24936 bytes,    3464312 total
- age   4:      54240 bytes,    3518552 total
- age   5:     102648 bytes,    3621200 total
- age   6:     187816 bytes,    3809016 total
- age   7:     749192 bytes,    4558208 total
- age   8:    6124416 bytes,   10682624 total
: 102892K->16639K(109248K), 0,0220252 secs] 102892K->16639K(502464K), 0,0221247 secs] [Times: user=0,08 sys=0,00, real=0,02 secs] 
Heap after GC invocations=8 (full 1):
 par new generation   total 109248K, used 16639K [0x00000000e0000000, 0x00000000e8000000, 0x00000000e8000000)
  eden space 87424K,   0% used [0x00000000e0000000, 0x00000000e0000000, 0x00000000e5560000)
  from space 21824K,  76% used [0x00000000e5560000, 0x00000000e659fec0, 0x00000000e6ab0000)
  to   space 21824K,   0% used [0x00000000e6ab0000, 0x00000000e6ab0000, 0x00000000e8000000)
 concurrent mark-sweep generation total 393216K, used 0K [0x00000000e8000000, 0x0000000100000000, 0x0000000100000000)
 Metaspace       used 24356K, capacity 24812K, committed 25084K, reserved 1071104K
  class space    used 2856K, capacity 3043K, committed 3068K, reserved 1048576K
}
2017-05-24T09:17:05.407+0200: 3,664: Total time for which application threads were stopped: 0,0270497 seconds, Stopping threads took: 0,0047432 seconds
{Heap before GC invocations=8 (full 1):
 par new generation   total 109248K, used 104063K [0x00000000e0000000, 0x00000000e8000000, 0x00000000e8000000)
  eden space 87424K, 100% used [0x00000000e0000000, 0x00000000e5560000, 0x00000000e5560000)
  from space 21824K,  76% used [0x00000000e5560000, 0x00000000e659fec0, 0x00000000e6ab0000)
  to   space 21824K,   0% used [0x00000000e6ab0000, 0x00000000e6ab0000, 0x00000000e8000000)
 concurrent mark-sweep generation total 393216K, used 0K [0x00000000e8000000, 0x0000000100000000, 0x0000000100000000)
 Metaspace       used 24646K, capacity 25126K, committed 25468K, reserved 1071104K
  class space    used 2884K, capacity 3080K, committed 3196K, reserved 1048576K
2017-05-24T09:17:05.501+0200: 3,758: [GC (Allocation Failure) 2017-05-24T09:17:05.501+0200: 3,758: [ParNew
Desired survivor size 20112992 bytes, new threshold 8 (max 8)
- age   1:     591680 bytes,     591680 total
- age   2:     609592 bytes,    1201272 total
- age   3:    1772208 bytes,    2973480 total
- age   4:      24936 bytes,    2998416 total
- age   5:      54208 bytes,    3052624 total
- age   6:     102480 bytes,    3155104 total
- age   7:     185016 bytes,    3340120 total
- age   8:     748424 bytes,    4088544 total
: 104063K->5381K(109248K), 0,0450569 secs] 104063K->11444K(502464K), 0,0451375 secs] [Times: user=0,10 sys=0,00, real=0,04 secs] 
Heap after GC invocations=9 (full 1):
 par new generation   total 109248K, used 5381K [0x00000000e0000000, 0x00000000e8000000, 0x00000000e8000000)
  eden space 87424K,   0% used [0x00000000e0000000, 0x00000000e0000000, 0x00000000e5560000)
  from space 21824K,  24% used [0x00000000e6ab0000, 0x00000000e6ff1500, 0x00000000e8000000)
  to   space 21824K,   0% used [0x00000000e5560000, 0x00000000e5560000, 0x00000000e6ab0000)
 concurrent mark-sweep generation total 393216K, used 6063K [0x00000000e8000000, 0x0000000100000000, 0x0000000100000000)
 Metaspace       used 24646K, capacity 25126K, committed 25468K, reserved 1071104K
  class space    used 2884K, capacity 3080K, committed 3196K, reserved 1048576K
}
2017-05-24T09:17:05.546+0200: 3,803: Total time for which application threads were stopped: 0,0453725 seconds, Stopping threads took: 0,0000483 seconds
2017-05-24T09:17:05.800+0200: 4,056: Total time for which application threads were stopped: 0,0004990 seconds, Stopping threads took: 0,0000381 seconds
2017-05-24T09:17:05.809+0200: 4,066: Total time for which application threads were stopped: 0,0001430 seconds, Stopping threads took: 0,0000428 seconds
2017-05-24T09:17:05.813+0200: 4,070: Total time for which application threads were stopped: 0,0004573 seconds, Stopping threads took: 0,0000663 seconds
2017-05-24T09:17:05.815+0200: 4,072: Total time for which application threads were stopped: 0,0001253 seconds, Stopping threads took: 0,0000363 seconds
2017-05-24T09:17:05.823+0200: 4,080: Total time for which application threads were stopped: 0,0002584 seconds, Stopping threads took: 0,0001592 seconds
2017-05-24T09:17:05.826+0200: 4,083: Total time for which application threads were stopped: 0,0001263 seconds, Stopping threads took: 0,0000347 seconds
2017-05-24T09:17:05.827+0200: 4,084: Total time for which application threads were stopped: 0,0003577 seconds, Stopping threads took: 0,0000147 seconds
2017-05-24T09:17:05.829+0200: 4,085: Total time for which application threads were stopped: 0,0001263 seconds, Stopping threads took: 0,0000386 seconds
2017-05-24T09:17:05.832+0200: 4,088: Total time for which application threads were stopped: 0,0001267 seconds, Stopping threads took: 0,0000359 seconds
2017-05-24T09:17:05.833+0200: 4,089: Total time for which application threads were stopped: 0,0001259 seconds, Stopping threads took: 0,0000299 seconds
2017-05-24T09:17:05.836+0200: 4,092: Total time for which application threads were stopped: 0,0001361 seconds, Stopping threads took: 0,0000458 seconds
2017-05-24T09:17:05.837+0200: 4,094: Total time for which application threads were stopped: 0,0001347 seconds, Stopping threads took: 0,0000311 seconds
2017-05-24T09:17:05.841+0200: 4,098: Total time for which application threads were stopped: 0,0001345 seconds, Stopping threads took: 0,0000360 seconds
2017-05-24T09:17:05.842+0200: 4,099: Total time for which application threads were stopped: 0,0001129 seconds, Stopping threads took: 0,0000271 seconds
2017-05-24T09:17:05.876+0200: 4,133: Total time for which application threads were stopped: 0,0004924 seconds, Stopping threads took: 0,0000441 seconds
2017-05-24T09:17:05.883+0200: 4,140: Total time for which application threads were stopped: 0,0001228 seconds, Stopping threads took: 0,0000481 seconds
2017-05-24T09:17:05.888+0200: 4,145: Total time for which application threads were stopped: 0,0001316 seconds, Stopping threads took: 0,0000458 seconds
2017-05-24T09:17:05.890+0200: 4,147: Total time for which application threads were stopped: 0,0001475 seconds, Stopping threads took: 0,0000297 seconds
2017-05-24T09:17:05.891+0200: 4,147: Total time for which application threads were stopped: 0,0003951 seconds, Stopping threads took: 0,0003188 seconds
2017-05-24T09:17:05.891+0200: 4,148: Total time for which application threads were stopped: 0,0000989 seconds, Stopping threads took: 0,0000486 seconds
2017-05-24T09:17:05.900+0200: 4,157: Total time for which application threads were stopped: 0,0001430 seconds, Stopping threads took: 0,0000440 seconds
2017-05-24T09:17:05.901+0200: 4,158: Total time for which application threads were stopped: 0,0001203 seconds, Stopping threads took: 0,0000354 seconds
2017-05-24T09:17:05.902+0200: 4,159: Total time for which application threads were stopped: 0,0001100 seconds, Stopping threads took: 0,0000341 seconds
2017-05-24T09:17:05.903+0200: 4,159: Total time for which application threads were stopped: 0,0001044 seconds, Stopping threads took: 0,0000305 seconds
2017-05-24T09:17:05.904+0200: 4,161: Total time for which application threads were stopped: 0,0001332 seconds, Stopping threads took: 0,0000454 seconds
2017-05-24T09:17:05.905+0200: 4,162: Total time for which application threads were stopped: 0,0001295 seconds, Stopping threads took: 0,0000378 seconds
2017-05-24T09:17:05.905+0200: 4,162: Total time for which application threads were stopped: 0,0001528 seconds, Stopping threads took: 0,0000353 seconds
2017-05-24T09:17:05.905+0200: 4,162: Total time for which application threads were stopped: 0,0000750 seconds, Stopping threads took: 0,0000178 seconds
2017-05-24T09:17:05.906+0200: 4,162: Total time for which application threads were stopped: 0,0000599 seconds, Stopping threads took: 0,0000170 seconds
2017-05-24T09:17:05.906+0200: 4,162: Total time for which application threads were stopped: 0,0000575 seconds, Stopping threads took: 0,0000220 seconds
2017-05-24T09:17:05.906+0200: 4,163: Total time for which application threads were stopped: 0,0001036 seconds, Stopping threads took: 0,0000431 seconds
2017-05-24T09:17:05.906+0200: 4,163: Total time for which application threads were stopped: 0,0000515 seconds, Stopping threads took: 0,0000107 seconds
2017-05-24T09:17:05.906+0200: 4,163: Total time for which application threads were stopped: 0,0000896 seconds, Stopping threads took: 0,0000373 seconds
2017-05-24T09:17:05.906+0200: 4,163: Total time for which application threads were stopped: 0,0000607 seconds, Stopping threads took: 0,0000188 seconds
2017-05-24T09:17:05.906+0200: 4,163: Total time for which application threads were stopped: 0,0000670 seconds, Stopping threads took: 0,0000175 seconds
2017-05-24T09:17:05.910+0200: 4,167: Total time for which application threads were stopped: 0,0033470 seconds, Stopping threads took: 0,0032987 seconds
2017-05-24T09:17:05.910+0200: 4,167: Total time for which application threads were stopped: 0,0000620 seconds, Stopping threads took: 0,0000180 seconds
2017-05-24T09:17:05.910+0200: 4,167: Total time for which application threads were stopped: 0,0000513 seconds, Stopping threads took: 0,0000095 seconds
2017-05-24T09:17:05.910+0200: 4,167: Total time for which application threads were stopped: 0,0000571 seconds, Stopping threads took: 0,0000189 seconds
2017-05-24T09:17:05.910+0200: 4,167: Total time for which application threads were stopped: 0,0000468 seconds, Stopping threads took: 0,0000110 seconds
2017-05-24T09:17:05.910+0200: 4,167: Total time for which application threads were stopped: 0,0000439 seconds, Stopping threads took: 0,0000093 seconds
2017-05-24T09:17:05.910+0200: 4,167: Total time for which application threads were stopped: 0,0000440 seconds, Stopping threads took: 0,0000093 seconds
2017-05-24T09:17:05.911+0200: 4,167: Total time for which application threads were stopped: 0,0000555 seconds, Stopping threads took: 0,0000154 seconds
2017-05-24T09:17:05.912+0200: 4,169: Total time for which application threads were stopped: 0,0000752 seconds, Stopping threads took: 0,0000163 seconds
2017-05-24T09:17:05.912+0200: 4,169: Total time for which application threads were stopped: 0,0000791 seconds, Stopping threads took: 0,0000318 seconds
2017-05-24T09:17:05.912+0200: 4,169: Total time for which application threads were stopped: 0,0000513 seconds, Stopping threads took: 0,0000157 seconds
2017-05-24T09:17:05.913+0200: 4,169: Total time for which application threads were stopped: 0,0001203 seconds, Stopping threads took: 0,0000163 seconds
2017-05-24T09:17:05.919+0200: 4,176: Total time for which application threads were stopped: 0,0001351 seconds, Stopping threads took: 0,0000611 seconds
2017-05-24T09:17:05.922+0200: 4,179: Total time for which application threads were stopped: 0,0001671 seconds, Stopping threads took: 0,0000554 seconds
2017-05-24T09:17:05.930+0200: 4,187: Total time for which application threads were stopped: 0,0001287 seconds, Stopping threads took: 0,0000430 seconds
2017-05-24T09:17:05.944+0200: 4,201: Total time for which application threads were stopped: 0,0011355 seconds, Stopping threads took: 0,0010353 seconds
2017-05-24T09:17:05.967+0200: 4,224: Total time for which application threads were stopped: 0,0002205 seconds, Stopping threads took: 0,0000658 seconds
2017-05-24T09:17:05.995+0200: 4,252: Total time for which application threads were stopped: 0,0016768 seconds, Stopping threads took: 0,0015679 seconds
2017-05-24T09:17:06.040+0200: 4,297: Total time for which application threads were stopped: 0,0165347 seconds, Stopping threads took: 0,0159397 seconds
2017-05-24T09:17:06.096+0200: 4,353: Total time for which application threads were stopped: 0,0042966 seconds, Stopping threads took: 0,0000500 seconds
2017-05-24T09:17:07.096+0200: 5,353: Total time for which application threads were stopped: 0,0001627 seconds, Stopping threads took: 0,0000671 seconds
2017-05-24T09:18:24.109+0200: 82,366: Total time for which application threads were stopped: 0,0000661 seconds, Stopping threads took: 0,0000186 seconds
2017-05-24T09:18:59.114+0200: 117,371: Total time for which application threads were stopped: 0,0000983 seconds, Stopping threads took: 0,0000389 seconds
2017-05-24T09:19:04.115+0200: 122,372: Total time for which application threads were stopped: 0,0000701 seconds, Stopping threads took: 0,0000160 seconds
{Heap before GC invocations=9 (full 1):
 par new generation   total 109248K, used 92805K [0x00000000e0000000, 0x00000000e8000000, 0x00000000e8000000)
  eden space 87424K, 100% used [0x00000000e0000000, 0x00000000e5560000, 0x00000000e5560000)
  from space 21824K,  24% used [0x00000000e6ab0000, 0x00000000e6ff1500, 0x00000000e8000000)
  to   space 21824K,   0% used [0x00000000e5560000, 0x00000000e5560000, 0x00000000e6ab0000)
 concurrent mark-sweep generation total 393216K, used 6063K [0x00000000e8000000, 0x0000000100000000, 0x0000000100000000)
 Metaspace       used 27975K, capacity 28488K, committed 28796K, reserved 1075200K
  class space    used 3212K, capacity 3387K, committed 3452K, reserved 1048576K
2017-05-24T09:19:57.640+0200: 175,896: [GC (Allocation Failure) 2017-05-24T09:19:57.640+0200: 175,897: [ParNew
Desired survivor size 20112992 bytes, new threshold 8 (max 8)
- age   1:   11076336 bytes,   11076336 total
- age   2:     298384 bytes,   11374720 total
- age   3:     185984 bytes,   11560704 total
- age   4:    1766016 bytes,   13326720 total
- age   5:      24936 bytes,   13351656 total
- age   6:      54176 bytes,   13405832 total
- age   7:      99904 bytes,   13505736 total
- age   8:     184424 bytes,   13690160 total
: 92805K->14513K(109248K), 0,0154782 secs] 98868K->21394K(502464K), 0,0155416 secs] [Times: user=0,04 sys=0,00, real=0,01 secs] 
Heap after GC invocations=10 (full 1):
 par new generation   total 109248K, used 14513K [0x00000000e0000000, 0x00000000e8000000, 0x00000000e8000000)
  eden space 87424K,   0% used [0x00000000e0000000, 0x00000000e0000000, 0x00000000e5560000)
  from space 21824K,  66% used [0x00000000e5560000, 0x00000000e638c438, 0x00000000e6ab0000)
  to   space 21824K,   0% used [0x00000000e6ab0000, 0x00000000e6ab0000, 0x00000000e8000000)
 concurrent mark-sweep generation total 393216K, used 6881K [0x00000000e8000000, 0x0000000100000000, 0x0000000100000000)
 Metaspace       used 27975K, capacity 28488K, committed 28796K, reserved 1075200K
  class space    used 3212K, capacity 3387K, committed 3452K, reserved 1048576K
}
2017-05-24T09:19:57.655+0200: 175,912: Total time for which application threads were stopped: 0,0157387 seconds, Stopping threads took: 0,0000564 seconds
2017-05-24T09:19:57.662+0200: 175,919: Total time for which application threads were stopped: 0,0000727 seconds, Stopping threads took: 0,0000203 seconds
2017-05-24T09:19:57.662+0200: 175,919: Total time for which application threads were stopped: 0,0000361 seconds, Stopping threads took: 0,0000090 seconds
2017-05-24T09:20:02.663+0200: 180,919: Total time for which application threads were stopped: 0,0000851 seconds, Stopping threads took: 0,0000331 seconds
2017-05-24T09:21:37.674+0200: 275,931: Total time for which application threads were stopped: 0,0000984 seconds, Stopping threads took: 0,0000389 seconds
2017-05-24T09:21:39.675+0200: 277,932: Total time for which application threads were stopped: 0,0000712 seconds, Stopping threads took: 0,0000159 seconds
2017-05-24T09:22:45.328+0200: 343,585: Total time for which application threads were stopped: 0,0125391 seconds, Stopping threads took: 0,0124281 seconds
2017-05-24T09:22:45.328+0200: 343,585: Total time for which application threads were stopped: 0,0000870 seconds, Stopping threads took: 0,0000122 seconds
2017-05-24T09:22:45.345+0200: 343,602: Total time for which application threads were stopped: 0,0001207 seconds, Stopping threads took: 0,0000420 seconds
2017-05-24T09:22:45.358+0200: 343,615: Total time for which application threads were stopped: 0,0002202 seconds, Stopping threads took: 0,0001220 seconds
2017-05-24T09:22:45.358+0200: 343,615: Total time for which application threads were stopped: 0,0000802 seconds, Stopping threads took: 0,0000191 seconds
2017-05-24T09:22:45.358+0200: 343,615: Total time for which application threads were stopped: 0,0000723 seconds, Stopping threads took: 0,0000182 seconds
2017-05-24T09:22:45.358+0200: 343,615: Total time for which application threads were stopped: 0,0000631 seconds, Stopping threads took: 0,0000141 seconds
2017-05-24T09:22:45.359+0200: 343,615: Total time for which application threads were stopped: 0,0000607 seconds, Stopping threads took: 0,0000144 seconds
2017-05-24T09:22:45.359+0200: 343,615: Total time for which application threads were stopped: 0,0000618 seconds, Stopping threads took: 0,0000149 seconds
2017-05-24T09:22:45.359+0200: 343,616: Total time for which application threads were stopped: 0,0000624 seconds, Stopping threads took: 0,0000142 seconds
2017-05-24T09:22:45.359+0200: 343,616: Total time for which application threads were stopped: 0,0000574 seconds, Stopping threads took: 0,0000169 seconds
2017-05-24T09:22:45.368+0200: 343,625: Total time for which application threads were stopped: 0,0001078 seconds, Stopping threads took: 0,0000301 seconds
2017-05-24T09:22:45.369+0200: 343,625: Total time for which application threads were stopped: 0,0000709 seconds, Stopping threads took: 0,0000174 seconds
2017-05-24T09:22:45.369+0200: 343,625: Total time for which application threads were stopped: 0,0000601 seconds, Stopping threads took: 0,0000138 seconds
2017-05-24T09:22:45.369+0200: 343,626: Total time for which application threads were stopped: 0,0000571 seconds, Stopping threads took: 0,0000132 seconds
2017-05-24T09:22:45.373+0200: 343,630: Total time for which application threads were stopped: 0,0001365 seconds, Stopping threads took: 0,0000553 seconds
2017-05-24T09:22:45.374+0200: 343,631: Total time for which application threads were stopped: 0,0002606 seconds, Stopping threads took: 0,0000278 seconds
2017-05-24T09:22:45.375+0200: 343,632: Total time for which application threads were stopped: 0,0001075 seconds, Stopping threads took: 0,0000340 seconds
2017-05-24T09:22:45.375+0200: 343,632: Total time for which application threads were stopped: 0,0000643 seconds, Stopping threads took: 0,0000166 seconds
2017-05-24T09:22:45.379+0200: 343,635: Total time for which application threads were stopped: 0,0001583 seconds, Stopping threads took: 0,0000577 seconds
2017-05-24T09:22:45.379+0200: 343,636: Total time for which application threads were stopped: 0,0001078 seconds, Stopping threads took: 0,0000314 seconds
2017-05-24T09:22:45.380+0200: 343,636: Total time for which application threads were stopped: 0,0000774 seconds, Stopping threads took: 0,0000236 seconds
2017-05-24T09:22:45.380+0200: 343,637: Total time for which application threads were stopped: 0,0000559 seconds, Stopping threads took: 0,0000078 seconds
2017-05-24T09:22:45.380+0200: 343,637: Total time for which application threads were stopped: 0,0000597 seconds, Stopping threads took: 0,0000146 seconds
2017-05-24T09:22:45.380+0200: 343,637: Total time for which application threads were stopped: 0,0000537 seconds, Stopping threads took: 0,0000143 seconds
2017-05-24T09:22:45.381+0200: 343,637: Total time for which application threads were stopped: 0,0000891 seconds, Stopping threads took: 0,0000280 seconds
2017-05-24T09:22:45.382+0200: 343,638: Total time for which application threads were stopped: 0,0001037 seconds, Stopping threads took: 0,0000191 seconds
2017-05-24T09:22:45.382+0200: 343,639: Total time for which application threads were stopped: 0,0000934 seconds, Stopping threads took: 0,0000235 seconds
2017-05-24T09:22:45.382+0200: 343,639: Total time for which application threads were stopped: 0,0000677 seconds, Stopping threads took: 0,0000177 seconds
2017-05-24T09:22:45.382+0200: 343,639: Total time for which application threads were stopped: 0,0000640 seconds, Stopping threads took: 0,0000190 seconds
2017-05-24T09:22:45.383+0200: 343,639: Total time for which application threads were stopped: 0,0000704 seconds, Stopping threads took: 0,0000218 seconds
2017-05-24T09:22:45.383+0200: 343,640: Total time for which application threads were stopped: 0,0001011 seconds, Stopping threads took: 0,0000458 seconds
2017-05-24T09:22:45.391+0200: 343,648: Total time for which application threads were stopped: 0,0081246 seconds, Stopping threads took: 0,0080450 seconds
2017-05-24T09:22:45.391+0200: 343,648: Total time for which application threads were stopped: 0,0001915 seconds, Stopping threads took: 0,0000101 seconds
2017-05-24T09:22:45.393+0200: 343,649: Total time for which application threads were stopped: 0,0001280 seconds, Stopping threads took: 0,0000375 seconds
2017-05-24T09:22:45.394+0200: 343,651: Total time for which application threads were stopped: 0,0001310 seconds, Stopping threads took: 0,0000157 seconds
2017-05-24T09:22:45.397+0200: 343,653: Total time for which application threads were stopped: 0,0001178 seconds, Stopping threads took: 0,0000272 seconds
2017-05-24T09:22:45.397+0200: 343,654: Total time for which application threads were stopped: 0,0001475 seconds, Stopping threads took: 0,0000472 seconds
Heap
 par new generation   total 109248K, used 35722K [0x00000000e0000000, 0x00000000e8000000, 0x00000000e8000000)
  eden space 87424K,  24% used [0x00000000e0000000, 0x00000000e14b6680, 0x00000000e5560000)
  from space 21824K,  66% used [0x00000000e5560000, 0x00000000e638c438, 0x00000000e6ab0000)
  to   space 21824K,   0% used [0x00000000e6ab0000, 0x00000000e6ab0000, 0x00000000e8000000)
 concurrent mark-sweep generation total 393216K, used 6881K [0x00000000e8000000, 0x0000000100000000, 0x0000000100000000)
 Metaspace       used 28088K, capacity 28592K, committed 28796K, reserved 1075200K
  class space    used 3226K, capacity 3421K, committed 3452K, reserved 1048576K
