OpenJDK 64-Bit Server VM (25.131-b11) for linux-amd64 JRE (1.8.0_131-8u131-b11-0ubuntu1.16.04.2-b11), built on May  6 2017 02:45:27 by "buildd" with gcc 5.4.0 20160609
Memory: 4k page, physical 7867740k(7415264k free), swap 8076284k(8076284k free)
CommandLine flags: -XX:CMSInitiatingOccupancyFraction=50 -XX:CMSMaxAbortablePrecleanTime=6000 -XX:+CMSParallelRemarkEnabled -XX:+CMSScavengeBeforeRemark -XX:ConcGCThreads=4 -XX:InitialHeapSize=536870912 -XX:MaxHeapSize=536870912 -XX:MaxTenuringThreshold=8 -XX:NewRatio=3 -XX:OldPLABSize=16 -XX:OnOutOfMemoryError=/opt/solr/bin/oom_solr.sh 8983 /var/solr/logs -XX:ParallelGCThreads=4 -XX:+ParallelRefProcEnabled -XX:PretenureSizeThreshold=67108864 -XX:+PrintGC -XX:+PrintGCApplicationStoppedTime -XX:+PrintGCDateStamps -XX:+PrintGCDetails -XX:+PrintGCTimeStamps -XX:+PrintHeapAtGC -XX:+PrintTenuringDistribution -XX:SurvivorRatio=4 -XX:TargetSurvivorRatio=90 -XX:ThreadStackSize=256 -XX:+UseCMSInitiatingOccupancyOnly -XX:+UseCompressedClassPointers -XX:+UseCompressedOops -XX:+UseConcMarkSweepGC -XX:+UseParNewGC 
2017-06-17T15:01:46.443+0200: 0,159: Total time for which application threads were stopped: 0,0001130 seconds, Stopping threads took: 0,0000135 seconds
2017-06-17T15:01:46.534+0200: 0,251: Total time for which application threads were stopped: 0,0001134 seconds, Stopping threads took: 0,0000256 seconds
2017-06-17T15:01:46.545+0200: 0,262: Total time for which application threads were stopped: 0,0000741 seconds, Stopping threads took: 0,0000133 seconds
2017-06-17T15:01:46.725+0200: 0,441: Total time for which application threads were stopped: 0,0001569 seconds, Stopping threads took: 0,0000290 seconds
2017-06-17T15:01:47.292+0200: 1,008: Total time for which application threads were stopped: 0,0001658 seconds, Stopping threads took: 0,0000249 seconds
2017-06-17T15:01:47.444+0200: 1,160: Total time for which application threads were stopped: 0,0001646 seconds, Stopping threads took: 0,0000165 seconds
2017-06-17T15:01:47.478+0200: 1,194: Total time for which application threads were stopped: 0,0005051 seconds, Stopping threads took: 0,0000429 seconds
2017-06-17T15:01:47.851+0200: 1,567: Total time for which application threads were stopped: 0,0001874 seconds, Stopping threads took: 0,0000334 seconds
2017-06-17T15:01:47.939+0200: 1,656: Total time for which application threads were stopped: 0,0001738 seconds, Stopping threads took: 0,0000143 seconds
2017-06-17T15:01:48.089+0200: 1,805: Total time for which application threads were stopped: 0,0002518 seconds, Stopping threads took: 0,0000368 seconds
2017-06-17T15:01:48.110+0200: 1,827: Total time for which application threads were stopped: 0,0002143 seconds, Stopping threads took: 0,0000192 seconds
2017-06-17T15:01:48.140+0200: 1,857: Total time for which application threads were stopped: 0,0002453 seconds, Stopping threads took: 0,0000301 seconds
2017-06-17T15:01:48.141+0200: 1,858: Total time for which application threads were stopped: 0,0001734 seconds, Stopping threads took: 0,0000110 seconds
2017-06-17T15:01:48.153+0200: 1,869: Total time for which application threads were stopped: 0,0002071 seconds, Stopping threads took: 0,0000200 seconds
2017-06-17T15:01:48.234+0200: 1,951: Total time for which application threads were stopped: 0,0002427 seconds, Stopping threads took: 0,0000210 seconds
2017-06-17T15:01:48.402+0200: 2,119: Total time for which application threads were stopped: 0,0003740 seconds, Stopping threads took: 0,0001615 seconds
{Heap before GC invocations=0 (full 0):
 par new generation   total 109248K, used 87424K [0x00000000e0000000, 0x00000000e8000000, 0x00000000e8000000)
  eden space 87424K, 100% used [0x00000000e0000000, 0x00000000e5560000, 0x00000000e5560000)
  from space 21824K,   0% used [0x00000000e5560000, 0x00000000e5560000, 0x00000000e6ab0000)
  to   space 21824K,   0% used [0x00000000e6ab0000, 0x00000000e6ab0000, 0x00000000e8000000)
 concurrent mark-sweep generation total 393216K, used 0K [0x00000000e8000000, 0x0000000100000000, 0x0000000100000000)
 Metaspace       used 18022K, capacity 18336K, committed 18688K, reserved 1064960K
  class space    used 2036K, capacity 2196K, committed 2304K, reserved 1048576K
2017-06-17T15:01:48.491+0200: 2,207: [GC (Allocation Failure) 2017-06-17T15:01:48.491+0200: 2,207: [ParNew
Desired survivor size 20112992 bytes, new threshold 8 (max 8)
- age   1:   12558368 bytes,   12558368 total
: 87424K->12380K(109248K), 0,0177693 secs] 87424K->12380K(502464K), 0,0178269 secs] [Times: user=0,05 sys=0,01, real=0,01 secs] 
Heap after GC invocations=1 (full 0):
 par new generation   total 109248K, used 12380K [0x00000000e0000000, 0x00000000e8000000, 0x00000000e8000000)
  eden space 87424K,   0% used [0x00000000e0000000, 0x00000000e0000000, 0x00000000e5560000)
  from space 21824K,  56% used [0x00000000e6ab0000, 0x00000000e76c70e8, 0x00000000e8000000)
  to   space 21824K,   0% used [0x00000000e5560000, 0x00000000e5560000, 0x00000000e6ab0000)
 concurrent mark-sweep generation total 393216K, used 0K [0x00000000e8000000, 0x0000000100000000, 0x0000000100000000)
 Metaspace       used 18022K, capacity 18336K, committed 18688K, reserved 1064960K
  class space    used 2036K, capacity 2196K, committed 2304K, reserved 1048576K
}
2017-06-17T15:01:48.508+0200: 2,225: Total time for which application threads were stopped: 0,0182558 seconds, Stopping threads took: 0,0002412 seconds
2017-06-17T15:01:48.825+0200: 2,542: Total time for which application threads were stopped: 0,0025739 seconds, Stopping threads took: 0,0023137 seconds
2017-06-17T15:01:48.877+0200: 2,593: Total time for which application threads were stopped: 0,0004319 seconds, Stopping threads took: 0,0001234 seconds
{Heap before GC invocations=1 (full 0):
 par new generation   total 109248K, used 99791K [0x00000000e0000000, 0x00000000e8000000, 0x00000000e8000000)
  eden space 87424K,  99% used [0x00000000e0000000, 0x00000000e555cf00, 0x00000000e5560000)
  from space 21824K,  56% used [0x00000000e6ab0000, 0x00000000e76c70e8, 0x00000000e8000000)
  to   space 21824K,   0% used [0x00000000e5560000, 0x00000000e5560000, 0x00000000e6ab0000)
 concurrent mark-sweep generation total 393216K, used 0K [0x00000000e8000000, 0x0000000100000000, 0x0000000100000000)
 Metaspace       used 20072K, capacity 20430K, committed 20736K, reserved 1067008K
  class space    used 2297K, capacity 2469K, committed 2560K, reserved 1048576K
2017-06-17T15:01:48.879+0200: 2,595: [GC (Allocation Failure) 2017-06-17T15:01:48.879+0200: 2,595: [ParNew
Desired survivor size 20112992 bytes, new threshold 8 (max 8)
- age   1:    3836152 bytes,    3836152 total
- age   2:    6649048 bytes,   10485200 total
: 99791K->13712K(109248K), 0,0101902 secs] 99791K->13712K(502464K), 0,0102516 secs] [Times: user=0,02 sys=0,01, real=0,00 secs] 
Heap after GC invocations=2 (full 0):
 par new generation   total 109248K, used 13712K [0x00000000e0000000, 0x00000000e8000000, 0x00000000e8000000)
  eden space 87424K,   0% used [0x00000000e0000000, 0x00000000e0000000, 0x00000000e5560000)
  from space 21824K,  62% used [0x00000000e5560000, 0x00000000e62c42e8, 0x00000000e6ab0000)
  to   space 21824K,   0% used [0x00000000e6ab0000, 0x00000000e6ab0000, 0x00000000e8000000)
 concurrent mark-sweep generation total 393216K, used 0K [0x00000000e8000000, 0x0000000100000000, 0x0000000100000000)
 Metaspace       used 20072K, capacity 20430K, committed 20736K, reserved 1067008K
  class space    used 2297K, capacity 2469K, committed 2560K, reserved 1048576K
}
2017-06-17T15:01:48.889+0200: 2,606: Total time for which application threads were stopped: 0,0114095 seconds, Stopping threads took: 0,0010397 seconds
2017-06-17T15:01:48.928+0200: 2,645: Total time for which application threads were stopped: 0,0052112 seconds, Stopping threads took: 0,0049391 seconds
2017-06-17T15:01:49.054+0200: 2,770: Total time for which application threads were stopped: 0,0001924 seconds, Stopping threads took: 0,0000270 seconds
{Heap before GC invocations=2 (full 0):
 par new generation   total 109248K, used 101120K [0x00000000e0000000, 0x00000000e8000000, 0x00000000e8000000)
  eden space 87424K,  99% used [0x00000000e0000000, 0x00000000e555c030, 0x00000000e5560000)
  from space 21824K,  62% used [0x00000000e5560000, 0x00000000e62c42e8, 0x00000000e6ab0000)
  to   space 21824K,   0% used [0x00000000e6ab0000, 0x00000000e6ab0000, 0x00000000e8000000)
 concurrent mark-sweep generation total 393216K, used 0K [0x00000000e8000000, 0x0000000100000000, 0x0000000100000000)
 Metaspace       used 21008K, capacity 21416K, committed 21628K, reserved 1069056K
  class space    used 2417K, capacity 2588K, committed 2684K, reserved 1048576K
2017-06-17T15:01:49.111+0200: 2,828: [GC (Allocation Failure) 2017-06-17T15:01:49.111+0200: 2,828: [ParNew
Desired survivor size 20112992 bytes, new threshold 8 (max 8)
- age   1:    2168064 bytes,    2168064 total
- age   2:     873088 bytes,    3041152 total
- age   3:    6645192 bytes,    9686344 total
: 101120K->11597K(109248K), 0,0112479 secs] 101120K->11597K(502464K), 0,0113461 secs] [Times: user=0,04 sys=0,00, real=0,01 secs] 
Heap after GC invocations=3 (full 0):
 par new generation   total 109248K, used 11597K [0x00000000e0000000, 0x00000000e8000000, 0x00000000e8000000)
  eden space 87424K,   0% used [0x00000000e0000000, 0x00000000e0000000, 0x00000000e5560000)
  from space 21824K,  53% used [0x00000000e6ab0000, 0x00000000e76035c0, 0x00000000e8000000)
  to   space 21824K,   0% used [0x00000000e5560000, 0x00000000e5560000, 0x00000000e6ab0000)
 concurrent mark-sweep generation total 393216K, used 0K [0x00000000e8000000, 0x0000000100000000, 0x0000000100000000)
 Metaspace       used 21008K, capacity 21416K, committed 21628K, reserved 1069056K
  class space    used 2417K, capacity 2588K, committed 2684K, reserved 1048576K
}
2017-06-17T15:01:49.123+0200: 2,839: Total time for which application threads were stopped: 0,0116027 seconds, Stopping threads took: 0,0000684 seconds
2017-06-17T15:01:49.123+0200: 2,839: [GC (CMS Initial Mark) [1 CMS-initial-mark: 0K(393216K)] 12313K(502464K), 0,0030827 secs] [Times: user=0,01 sys=0,00, real=0,00 secs] 
2017-06-17T15:01:49.126+0200: 2,843: Total time for which application threads were stopped: 0,0032455 seconds, Stopping threads took: 0,0000425 seconds
2017-06-17T15:01:49.126+0200: 2,843: [CMS-concurrent-mark-start]
2017-06-17T15:01:49.127+0200: 2,843: [CMS-concurrent-mark: 0,001/0,001 secs] [Times: user=0,00 sys=0,00, real=0,00 secs] 
2017-06-17T15:01:49.127+0200: 2,843: [CMS-concurrent-preclean-start]
2017-06-17T15:01:49.128+0200: 2,844: [CMS-concurrent-preclean: 0,001/0,001 secs] [Times: user=0,01 sys=0,00, real=0,00 secs] 
2017-06-17T15:01:49.128+0200: 2,844: [CMS-concurrent-abortable-preclean-start]
2017-06-17T15:01:49.176+0200: 2,893: Total time for which application threads were stopped: 0,0001333 seconds, Stopping threads took: 0,0000265 seconds
{Heap before GC invocations=3 (full 1):
 par new generation   total 109248K, used 99021K [0x00000000e0000000, 0x00000000e8000000, 0x00000000e8000000)
  eden space 87424K, 100% used [0x00000000e0000000, 0x00000000e5560000, 0x00000000e5560000)
  from space 21824K,  53% used [0x00000000e6ab0000, 0x00000000e76035c0, 0x00000000e8000000)
  to   space 21824K,   0% used [0x00000000e5560000, 0x00000000e5560000, 0x00000000e6ab0000)
 concurrent mark-sweep generation total 393216K, used 0K [0x00000000e8000000, 0x0000000100000000, 0x0000000100000000)
 Metaspace       used 21282K, capacity 21692K, committed 21884K, reserved 1069056K
  class space    used 2447K, capacity 2603K, committed 2684K, reserved 1048576K
2017-06-17T15:01:49.263+0200: 2,980: [GC (Allocation Failure) 2017-06-17T15:01:49.263+0200: 2,980: [ParNew
Desired survivor size 20112992 bytes, new threshold 8 (max 8)
- age   1:     826680 bytes,     826680 total
- age   2:    1451384 bytes,    2278064 total
- age   3:     839808 bytes,    3117872 total
- age   4:    6645192 bytes,    9763064 total
: 99021K->14952K(109248K), 0,0119578 secs] 99021K->14952K(502464K), 0,0120299 secs] [Times: user=0,04 sys=0,00, real=0,01 secs] 
Heap after GC invocations=4 (full 1):
 par new generation   total 109248K, used 14952K [0x00000000e0000000, 0x00000000e8000000, 0x00000000e8000000)
  eden space 87424K,   0% used [0x00000000e0000000, 0x00000000e0000000, 0x00000000e5560000)
  from space 21824K,  68% used [0x00000000e5560000, 0x00000000e63fa150, 0x00000000e6ab0000)
  to   space 21824K,   0% used [0x00000000e6ab0000, 0x00000000e6ab0000, 0x00000000e8000000)
 concurrent mark-sweep generation total 393216K, used 0K [0x00000000e8000000, 0x0000000100000000, 0x0000000100000000)
 Metaspace       used 21282K, capacity 21692K, committed 21884K, reserved 1069056K
  class space    used 2447K, capacity 2603K, committed 2684K, reserved 1048576K
}
2017-06-17T15:01:49.275+0200: 2,992: Total time for which application threads were stopped: 0,0123130 seconds, Stopping threads took: 0,0001233 seconds
2017-06-17T15:01:49.275+0200: 2,992: [CMS-concurrent-abortable-preclean: 0,113/0,147 secs] [Times: user=0,55 sys=0,00, real=0,15 secs] 
2017-06-17T15:01:49.275+0200: 2,992: [GC (CMS Final Remark) [YG occupancy: 15635 K (109248 K)]{Heap before GC invocations=4 (full 1):
 par new generation   total 109248K, used 15635K [0x00000000e0000000, 0x00000000e8000000, 0x00000000e8000000)
  eden space 87424K,   0% used [0x00000000e0000000, 0x00000000e00aae08, 0x00000000e5560000)
  from space 21824K,  68% used [0x00000000e5560000, 0x00000000e63fa150, 0x00000000e6ab0000)
  to   space 21824K,   0% used [0x00000000e6ab0000, 0x00000000e6ab0000, 0x00000000e8000000)
 concurrent mark-sweep generation total 393216K, used 0K [0x00000000e8000000, 0x0000000100000000, 0x0000000100000000)
 Metaspace       used 21282K, capacity 21692K, committed 21884K, reserved 1069056K
  class space    used 2447K, capacity 2603K, committed 2684K, reserved 1048576K
2017-06-17T15:01:49.275+0200: 2,992: [GC (CMS Final Remark) 2017-06-17T15:01:49.275+0200: 2,992: [ParNew
Desired survivor size 20112992 bytes, new threshold 8 (max 8)
- age   1:       5808 bytes,       5808 total
- age   2:     825560 bytes,     831368 total
- age   3:    1451384 bytes,    2282752 total
- age   4:     839808 bytes,    3122560 total
- age   5:    6645432 bytes,    9767992 total
: 15635K->12428K(109248K), 0,0093504 secs] 15635K->12428K(502464K), 0,0093850 secs] [Times: user=0,03 sys=0,00, real=0,01 secs] 
Heap after GC invocations=5 (full 1):
 par new generation   total 109248K, used 12428K [0x00000000e0000000, 0x00000000e8000000, 0x00000000e8000000)
  eden space 87424K,   0% used [0x00000000e0000000, 0x00000000e0000000, 0x00000000e5560000)
  from space 21824K,  56% used [0x00000000e6ab0000, 0x00000000e76d3388, 0x00000000e8000000)
  to   space 21824K,   0% used [0x00000000e5560000, 0x00000000e5560000, 0x00000000e6ab0000)
 concurrent mark-sweep generation total 393216K, used 0K [0x00000000e8000000, 0x0000000100000000, 0x0000000100000000)
 Metaspace       used 21282K, capacity 21692K, committed 21884K, reserved 1069056K
  class space    used 2447K, capacity 2603K, committed 2684K, reserved 1048576K
}
2017-06-17T15:01:49.285+0200: 3,001: [Rescan (parallel) , 0,0032346 secs]2017-06-17T15:01:49.288+0200: 3,005: [weak refs processing, 0,0006013 secs]2017-06-17T15:01:49.289+0200: 3,005: [class unloading, 0,0028973 secs]2017-06-17T15:01:49.292+0200: 3,008: [scrub symbol table, 0,0026826 secs]2017-06-17T15:01:49.294+0200: 3,011: [scrub string table, 0,0003990 secs][1 CMS-remark: 0K(393216K)] 12428K(502464K), 0,0199255 secs] [Times: user=0,06 sys=0,00, real=0,02 secs] 
2017-06-17T15:01:49.295+0200: 3,012: Total time for which application threads were stopped: 0,0200585 seconds, Stopping threads took: 0,0000463 seconds
2017-06-17T15:01:49.295+0200: 3,012: [CMS-concurrent-sweep-start]
2017-06-17T15:01:49.295+0200: 3,012: [CMS-concurrent-sweep: 0,000/0,000 secs] [Times: user=0,00 sys=0,00, real=0,00 secs] 
2017-06-17T15:01:49.295+0200: 3,012: [CMS-concurrent-reset-start]
2017-06-17T15:01:49.298+0200: 3,015: [CMS-concurrent-reset: 0,003/0,003 secs] [Times: user=0,00 sys=0,00, real=0,01 secs] 
{Heap before GC invocations=5 (full 1):
 par new generation   total 109248K, used 99852K [0x00000000e0000000, 0x00000000e8000000, 0x00000000e8000000)
  eden space 87424K, 100% used [0x00000000e0000000, 0x00000000e5560000, 0x00000000e5560000)
  from space 21824K,  56% used [0x00000000e6ab0000, 0x00000000e76d3388, 0x00000000e8000000)
  to   space 21824K,   0% used [0x00000000e5560000, 0x00000000e5560000, 0x00000000e6ab0000)
 concurrent mark-sweep generation total 393216K, used 0K [0x00000000e8000000, 0x0000000100000000, 0x0000000100000000)
 Metaspace       used 21435K, capacity 21876K, committed 22140K, reserved 1069056K
  class space    used 2468K, capacity 2639K, committed 2684K, reserved 1048576K
2017-06-17T15:01:49.372+0200: 3,088: [GC (Allocation Failure) 2017-06-17T15:01:49.372+0200: 3,088: [ParNew
Desired survivor size 20112992 bytes, new threshold 8 (max 8)
- age   1:     625640 bytes,     625640 total
- age   3:     191208 bytes,     816848 total
- age   4:    1445192 bytes,    2262040 total
- age   5:     837792 bytes,    3099832 total
- age   6:    6645640 bytes,    9745472 total
: 99852K->12944K(109248K), 0,0104309 secs] 99852K->12944K(502464K), 0,0105314 secs] [Times: user=0,04 sys=0,00, real=0,01 secs] 
Heap after GC invocations=6 (full 1):
 par new generation   total 109248K, used 12944K [0x00000000e0000000, 0x00000000e8000000, 0x00000000e8000000)
  eden space 87424K,   0% used [0x00000000e0000000, 0x00000000e0000000, 0x00000000e5560000)
  from space 21824K,  59% used [0x00000000e5560000, 0x00000000e62040a8, 0x00000000e6ab0000)
  to   space 21824K,   0% used [0x00000000e6ab0000, 0x00000000e6ab0000, 0x00000000e8000000)
 concurrent mark-sweep generation total 393216K, used 0K [0x00000000e8000000, 0x0000000100000000, 0x0000000100000000)
 Metaspace       used 21435K, capacity 21876K, committed 22140K, reserved 1069056K
  class space    used 2468K, capacity 2639K, committed 2684K, reserved 1048576K
}
2017-06-17T15:01:49.382+0200: 3,099: Total time for which application threads were stopped: 0,0107814 seconds, Stopping threads took: 0,0000701 seconds
2017-06-17T15:01:49.417+0200: 3,134: Total time for which application threads were stopped: 0,0003143 seconds, Stopping threads took: 0,0000170 seconds
2017-06-17T15:01:49.659+0200: 3,376: Total time for which application threads were stopped: 0,0004380 seconds, Stopping threads took: 0,0000257 seconds
2017-06-17T15:01:49.676+0200: 3,393: Total time for which application threads were stopped: 0,0003774 seconds, Stopping threads took: 0,0000247 seconds
{Heap before GC invocations=6 (full 1):
 par new generation   total 109248K, used 100368K [0x00000000e0000000, 0x00000000e8000000, 0x00000000e8000000)
  eden space 87424K, 100% used [0x00000000e0000000, 0x00000000e5560000, 0x00000000e5560000)
  from space 21824K,  59% used [0x00000000e5560000, 0x00000000e62040a8, 0x00000000e6ab0000)
  to   space 21824K,   0% used [0x00000000e6ab0000, 0x00000000e6ab0000, 0x00000000e8000000)
 concurrent mark-sweep generation total 393216K, used 0K [0x00000000e8000000, 0x0000000100000000, 0x0000000100000000)
 Metaspace       used 23935K, capacity 24418K, committed 24572K, reserved 1071104K
  class space    used 2816K, capacity 3016K, committed 3068K, reserved 1048576K
2017-06-17T15:01:49.846+0200: 3,562: [GC (Allocation Failure) 2017-06-17T15:01:49.846+0200: 3,562: [ParNew
Desired survivor size 20112992 bytes, new threshold 8 (max 8)
- age   1:    5178160 bytes,    5178160 total
- age   2:     141064 bytes,    5319224 total
- age   4:     190336 bytes,    5509560 total
- age   5:     275952 bytes,    5785512 total
- age   6:     813496 bytes,    6599008 total
- age   7:    6637160 bytes,   13236168 total
: 100368K->14236K(109248K), 0,0115783 secs] 100368K->14236K(502464K), 0,0116497 secs] [Times: user=0,04 sys=0,00, real=0,02 secs] 
Heap after GC invocations=7 (full 1):
 par new generation   total 109248K, used 14236K [0x00000000e0000000, 0x00000000e8000000, 0x00000000e8000000)
  eden space 87424K,   0% used [0x00000000e0000000, 0x00000000e0000000, 0x00000000e5560000)
  from space 21824K,  65% used [0x00000000e6ab0000, 0x00000000e78971a0, 0x00000000e8000000)
  to   space 21824K,   0% used [0x00000000e5560000, 0x00000000e5560000, 0x00000000e6ab0000)
 concurrent mark-sweep generation total 393216K, used 0K [0x00000000e8000000, 0x0000000100000000, 0x0000000100000000)
 Metaspace       used 23935K, capacity 24418K, committed 24572K, reserved 1071104K
  class space    used 2816K, capacity 3016K, committed 3068K, reserved 1048576K
}
2017-06-17T15:01:49.858+0200: 3,574: Total time for which application threads were stopped: 0,0119100 seconds, Stopping threads took: 0,0000772 seconds
{Heap before GC invocations=7 (full 1):
 par new generation   total 109248K, used 101660K [0x00000000e0000000, 0x00000000e8000000, 0x00000000e8000000)
  eden space 87424K, 100% used [0x00000000e0000000, 0x00000000e5560000, 0x00000000e5560000)
  from space 21824K,  65% used [0x00000000e6ab0000, 0x00000000e78971a0, 0x00000000e8000000)
  to   space 21824K,   0% used [0x00000000e5560000, 0x00000000e5560000, 0x00000000e6ab0000)
 concurrent mark-sweep generation total 393216K, used 0K [0x00000000e8000000, 0x0000000100000000, 0x0000000100000000)
 Metaspace       used 24463K, capacity 24968K, committed 25084K, reserved 1071104K
  class space    used 2861K, capacity 3049K, committed 3068K, reserved 1048576K
2017-06-17T15:01:49.935+0200: 3,651: [GC (Allocation Failure) 2017-06-17T15:01:49.935+0200: 3,651: [ParNew
Desired survivor size 20112992 bytes, new threshold 8 (max 8)
- age   1:    1573440 bytes,    1573440 total
- age   2:    1775880 bytes,    3349320 total
- age   3:      79896 bytes,    3429216 total
- age   5:     104128 bytes,    3533344 total
- age   6:     180056 bytes,    3713400 total
- age   7:     771296 bytes,    4484696 total
- age   8:    6104152 bytes,   10588848 total
: 101660K->16321K(109248K), 0,0250652 secs] 101660K->16321K(502464K), 0,0251520 secs] [Times: user=0,07 sys=0,01, real=0,03 secs] 
Heap after GC invocations=8 (full 1):
 par new generation   total 109248K, used 16321K [0x00000000e0000000, 0x00000000e8000000, 0x00000000e8000000)
  eden space 87424K,   0% used [0x00000000e0000000, 0x00000000e0000000, 0x00000000e5560000)
  from space 21824K,  74% used [0x00000000e5560000, 0x00000000e6550510, 0x00000000e6ab0000)
  to   space 21824K,   0% used [0x00000000e6ab0000, 0x00000000e6ab0000, 0x00000000e8000000)
 concurrent mark-sweep generation total 393216K, used 0K [0x00000000e8000000, 0x0000000100000000, 0x0000000100000000)
 Metaspace       used 24463K, capacity 24968K, committed 25084K, reserved 1071104K
  class space    used 2861K, capacity 3049K, committed 3068K, reserved 1048576K
}
2017-06-17T15:01:49.960+0200: 3,676: Total time for which application threads were stopped: 0,0255513 seconds, Stopping threads took: 0,0001788 seconds
{Heap before GC invocations=8 (full 1):
 par new generation   total 109248K, used 103745K [0x00000000e0000000, 0x00000000e8000000, 0x00000000e8000000)
  eden space 87424K, 100% used [0x00000000e0000000, 0x00000000e5560000, 0x00000000e5560000)
  from space 21824K,  74% used [0x00000000e5560000, 0x00000000e6550510, 0x00000000e6ab0000)
  to   space 21824K,   0% used [0x00000000e6ab0000, 0x00000000e6ab0000, 0x00000000e8000000)
 concurrent mark-sweep generation total 393216K, used 0K [0x00000000e8000000, 0x0000000100000000, 0x0000000100000000)
 Metaspace       used 24699K, capacity 25154K, committed 25468K, reserved 1071104K
  class space    used 2886K, capacity 3086K, committed 3196K, reserved 1048576K
2017-06-17T15:01:50.053+0200: 3,770: [GC (Allocation Failure) 2017-06-17T15:01:50.053+0200: 3,770: [ParNew
Desired survivor size 20112992 bytes, new threshold 8 (max 8)
- age   1:     687576 bytes,     687576 total
- age   2:     984184 bytes,    1671760 total
- age   3:    1773080 bytes,    3444840 total
- age   4:      79864 bytes,    3524704 total
- age   6:     103960 bytes,    3628664 total
- age   7:     177200 bytes,    3805864 total
- age   8:     770528 bytes,    4576392 total
: 103745K->6631K(109248K), 0,0775770 secs] 103745K->12673K(502464K), 0,0776514 secs] [Times: user=0,13 sys=0,00, real=0,08 secs] 
Heap after GC invocations=9 (full 1):
 par new generation   total 109248K, used 6631K [0x00000000e0000000, 0x00000000e8000000, 0x00000000e8000000)
  eden space 87424K,   0% used [0x00000000e0000000, 0x00000000e0000000, 0x00000000e5560000)
  from space 21824K,  30% used [0x00000000e6ab0000, 0x00000000e7129ee0, 0x00000000e8000000)
  to   space 21824K,   0% used [0x00000000e5560000, 0x00000000e5560000, 0x00000000e6ab0000)
 concurrent mark-sweep generation total 393216K, used 6041K [0x00000000e8000000, 0x0000000100000000, 0x0000000100000000)
 Metaspace       used 24699K, capacity 25154K, committed 25468K, reserved 1071104K
  class space    used 2886K, capacity 3086K, committed 3196K, reserved 1048576K
}
2017-06-17T15:01:50.131+0200: 3,847: Total time for which application threads were stopped: 0,0789778 seconds, Stopping threads took: 0,0011508 seconds
2017-06-17T15:01:50.352+0200: 4,068: Total time for which application threads were stopped: 0,0003827 seconds, Stopping threads took: 0,0000234 seconds
2017-06-17T15:01:50.356+0200: 4,072: Total time for which application threads were stopped: 0,0001270 seconds, Stopping threads took: 0,0000473 seconds
2017-06-17T15:01:50.356+0200: 4,072: Total time for which application threads were stopped: 0,0000622 seconds, Stopping threads took: 0,0000178 seconds
2017-06-17T15:01:50.364+0200: 4,081: Total time for which application threads were stopped: 0,0003469 seconds, Stopping threads took: 0,0002488 seconds
2017-06-17T15:01:50.366+0200: 4,082: Total time for which application threads were stopped: 0,0002321 seconds, Stopping threads took: 0,0000381 seconds
2017-06-17T15:01:50.366+0200: 4,082: Total time for which application threads were stopped: 0,0000721 seconds, Stopping threads took: 0,0000139 seconds
2017-06-17T15:01:50.366+0200: 4,082: Total time for which application threads were stopped: 0,0000652 seconds, Stopping threads took: 0,0000106 seconds
2017-06-17T15:01:50.366+0200: 4,083: Total time for which application threads were stopped: 0,0000631 seconds, Stopping threads took: 0,0000109 seconds
2017-06-17T15:01:50.366+0200: 4,083: Total time for which application threads were stopped: 0,0000563 seconds, Stopping threads took: 0,0000092 seconds
2017-06-17T15:01:50.366+0200: 4,083: Total time for which application threads were stopped: 0,0000788 seconds, Stopping threads took: 0,0000120 seconds
2017-06-17T15:01:50.367+0200: 4,083: Total time for which application threads were stopped: 0,0000618 seconds, Stopping threads took: 0,0000101 seconds
2017-06-17T15:01:50.367+0200: 4,083: Total time for which application threads were stopped: 0,0000566 seconds, Stopping threads took: 0,0000060 seconds
2017-06-17T15:01:50.367+0200: 4,083: Total time for which application threads were stopped: 0,0000571 seconds, Stopping threads took: 0,0000054 seconds
2017-06-17T15:01:50.367+0200: 4,083: Total time for which application threads were stopped: 0,0000525 seconds, Stopping threads took: 0,0000052 seconds
2017-06-17T15:01:50.367+0200: 4,084: Total time for which application threads were stopped: 0,0000804 seconds, Stopping threads took: 0,0000130 seconds
2017-06-17T15:01:50.367+0200: 4,084: Total time for which application threads were stopped: 0,0000592 seconds, Stopping threads took: 0,0000079 seconds
2017-06-17T15:01:50.367+0200: 4,084: Total time for which application threads were stopped: 0,0000609 seconds, Stopping threads took: 0,0000111 seconds
2017-06-17T15:01:50.368+0200: 4,084: Total time for which application threads were stopped: 0,0000582 seconds, Stopping threads took: 0,0000079 seconds
2017-06-17T15:01:50.368+0200: 4,084: Total time for which application threads were stopped: 0,0000544 seconds, Stopping threads took: 0,0000078 seconds
2017-06-17T15:01:50.368+0200: 4,084: Total time for which application threads were stopped: 0,0000627 seconds, Stopping threads took: 0,0000090 seconds
2017-06-17T15:01:50.368+0200: 4,085: Total time for which application threads were stopped: 0,0001537 seconds, Stopping threads took: 0,0000079 seconds
2017-06-17T15:01:50.368+0200: 4,085: Total time for which application threads were stopped: 0,0000788 seconds, Stopping threads took: 0,0000099 seconds
2017-06-17T15:01:50.373+0200: 4,089: Total time for which application threads were stopped: 0,0004524 seconds, Stopping threads took: 0,0003497 seconds
2017-06-17T15:01:50.373+0200: 4,090: Total time for which application threads were stopped: 0,0002702 seconds, Stopping threads took: 0,0001894 seconds
2017-06-17T15:01:50.374+0200: 4,090: Total time for which application threads were stopped: 0,0000859 seconds, Stopping threads took: 0,0000174 seconds
2017-06-17T15:01:50.374+0200: 4,090: Total time for which application threads were stopped: 0,0000864 seconds, Stopping threads took: 0,0000102 seconds
2017-06-17T15:01:50.374+0200: 4,090: Total time for which application threads were stopped: 0,0000903 seconds, Stopping threads took: 0,0000115 seconds
2017-06-17T15:01:50.376+0200: 4,092: Total time for which application threads were stopped: 0,0001048 seconds, Stopping threads took: 0,0000244 seconds
2017-06-17T15:01:50.377+0200: 4,094: Total time for which application threads were stopped: 0,0001740 seconds, Stopping threads took: 0,0000869 seconds
2017-06-17T15:01:50.380+0200: 4,096: Total time for which application threads were stopped: 0,0013647 seconds, Stopping threads took: 0,0012953 seconds
2017-06-17T15:01:50.380+0200: 4,097: Total time for which application threads were stopped: 0,0000880 seconds, Stopping threads took: 0,0000415 seconds
2017-06-17T15:01:50.380+0200: 4,097: Total time for which application threads were stopped: 0,0000879 seconds, Stopping threads took: 0,0000290 seconds
2017-06-17T15:01:50.381+0200: 4,097: Total time for which application threads were stopped: 0,0000961 seconds, Stopping threads took: 0,0000407 seconds
2017-06-17T15:01:50.381+0200: 4,097: Total time for which application threads were stopped: 0,0000694 seconds, Stopping threads took: 0,0000254 seconds
2017-06-17T15:01:50.381+0200: 4,098: Total time for which application threads were stopped: 0,0001980 seconds, Stopping threads took: 0,0001274 seconds
2017-06-17T15:01:50.383+0200: 4,099: Total time for which application threads were stopped: 0,0001035 seconds, Stopping threads took: 0,0000208 seconds
2017-06-17T15:01:50.385+0200: 4,101: Total time for which application threads were stopped: 0,0001877 seconds, Stopping threads took: 0,0000620 seconds
2017-06-17T15:01:50.385+0200: 4,102: Total time for which application threads were stopped: 0,0001704 seconds, Stopping threads took: 0,0000571 seconds
2017-06-17T15:01:50.386+0200: 4,102: Total time for which application threads were stopped: 0,0000927 seconds, Stopping threads took: 0,0000197 seconds
2017-06-17T15:01:50.386+0200: 4,103: Total time for which application threads were stopped: 0,0004479 seconds, Stopping threads took: 0,0003331 seconds
2017-06-17T15:01:50.396+0200: 4,113: Total time for which application threads were stopped: 0,0001182 seconds, Stopping threads took: 0,0000392 seconds
2017-06-17T15:01:50.396+0200: 4,113: Total time for which application threads were stopped: 0,0000942 seconds, Stopping threads took: 0,0000240 seconds
2017-06-17T15:01:50.400+0200: 4,117: Total time for which application threads were stopped: 0,0027735 seconds, Stopping threads took: 0,0026610 seconds
2017-06-17T15:01:50.406+0200: 4,122: Total time for which application threads were stopped: 0,0003577 seconds, Stopping threads took: 0,0001651 seconds
2017-06-17T15:01:50.419+0200: 4,136: Total time for which application threads were stopped: 0,0002225 seconds, Stopping threads took: 0,0000616 seconds
2017-06-17T15:01:50.441+0200: 4,158: Total time for which application threads were stopped: 0,0001644 seconds, Stopping threads took: 0,0000830 seconds
2017-06-17T15:01:50.533+0200: 4,249: Total time for which application threads were stopped: 0,0006395 seconds, Stopping threads took: 0,0000277 seconds
2017-06-17T15:01:50.555+0200: 4,272: Total time for which application threads were stopped: 0,0005883 seconds, Stopping threads took: 0,0000406 seconds
2017-06-17T15:01:50.732+0200: 4,448: Total time for which application threads were stopped: 0,0005332 seconds, Stopping threads took: 0,0000219 seconds
2017-06-17T15:01:50.747+0200: 4,464: Total time for which application threads were stopped: 0,0001318 seconds, Stopping threads took: 0,0000448 seconds
2017-06-17T15:01:50.748+0200: 4,464: Total time for which application threads were stopped: 0,0004241 seconds, Stopping threads took: 0,0003190 seconds
2017-06-17T15:01:50.758+0200: 4,475: Total time for which application threads were stopped: 0,0002346 seconds, Stopping threads took: 0,0001559 seconds
2017-06-17T15:01:50.790+0200: 4,506: Total time for which application threads were stopped: 0,0001338 seconds, Stopping threads took: 0,0000180 seconds
2017-06-17T15:01:50.791+0200: 4,508: Total time for which application threads were stopped: 0,0001625 seconds, Stopping threads took: 0,0000666 seconds
2017-06-17T15:01:50.802+0200: 4,518: Total time for which application threads were stopped: 0,0001599 seconds, Stopping threads took: 0,0000268 seconds
2017-06-17T15:01:50.815+0200: 4,531: Total time for which application threads were stopped: 0,0001271 seconds, Stopping threads took: 0,0000395 seconds
2017-06-17T15:01:50.830+0200: 4,546: Total time for which application threads were stopped: 0,0003071 seconds, Stopping threads took: 0,0001950 seconds
2017-06-17T15:01:50.837+0200: 4,554: Total time for which application threads were stopped: 0,0001739 seconds, Stopping threads took: 0,0000692 seconds
2017-06-17T15:01:50.840+0200: 4,557: Total time for which application threads were stopped: 0,0001117 seconds, Stopping threads took: 0,0000504 seconds
2017-06-17T15:01:50.868+0200: 4,584: Total time for which application threads were stopped: 0,0006108 seconds, Stopping threads took: 0,0000478 seconds
2017-06-17T15:01:51.868+0200: 5,585: Total time for which application threads were stopped: 0,0001366 seconds, Stopping threads took: 0,0000255 seconds
2017-06-17T15:03:42.907+0200: 117,598: Total time for which application threads were stopped: 0,0000900 seconds, Stopping threads took: 0,0000391 seconds
2017-06-17T15:03:47.907+0200: 122,599: Total time for which application threads were stopped: 0,0000633 seconds, Stopping threads took: 0,0000179 seconds
{Heap before GC invocations=9 (full 1):
 par new generation   total 109248K, used 94055K [0x00000000e0000000, 0x00000000e8000000, 0x00000000e8000000)
  eden space 87424K, 100% used [0x00000000e0000000, 0x00000000e5560000, 0x00000000e5560000)
  from space 21824K,  30% used [0x00000000e6ab0000, 0x00000000e7129ee0, 0x00000000e8000000)
  to   space 21824K,   0% used [0x00000000e5560000, 0x00000000e5560000, 0x00000000e6ab0000)
 concurrent mark-sweep generation total 393216K, used 6041K [0x00000000e8000000, 0x0000000100000000, 0x0000000100000000)
 Metaspace       used 28035K, capacity 28584K, committed 28796K, reserved 1075200K
  class space    used 3214K, capacity 3393K, committed 3452K, reserved 1048576K
2017-06-17T15:04:41.353+0200: 176,045: [GC (Allocation Failure) 2017-06-17T15:04:41.353+0200: 176,045: [ParNew
Desired survivor size 20112992 bytes, new threshold 8 (max 8)
- age   1:   11088456 bytes,   11088456 total
- age   2:     201624 bytes,   11290080 total
- age   3:     204432 bytes,   11494512 total
- age   4:    1767552 bytes,   13262064 total
- age   5:      77352 bytes,   13339416 total
- age   7:     103704 bytes,   13443120 total
- age   8:     176640 bytes,   13619760 total
: 94055K->15191K(109248K), 0,0166018 secs] 100097K->22075K(502464K), 0,0167347 secs] [Times: user=0,06 sys=0,00, real=0,02 secs] 
Heap after GC invocations=10 (full 1):
 par new generation   total 109248K, used 15191K [0x00000000e0000000, 0x00000000e8000000, 0x00000000e8000000)
  eden space 87424K,   0% used [0x00000000e0000000, 0x00000000e0000000, 0x00000000e5560000)
  from space 21824K,  69% used [0x00000000e5560000, 0x00000000e6435ee8, 0x00000000e6ab0000)
  to   space 21824K,   0% used [0x00000000e6ab0000, 0x00000000e6ab0000, 0x00000000e8000000)
 concurrent mark-sweep generation total 393216K, used 6883K [0x00000000e8000000, 0x0000000100000000, 0x0000000100000000)
 Metaspace       used 28035K, capacity 28584K, committed 28796K, reserved 1075200K
  class space    used 3214K, capacity 3393K, committed 3452K, reserved 1048576K
}
2017-06-17T15:04:41.370+0200: 176,062: Total time for which application threads were stopped: 0,0171644 seconds, Stopping threads took: 0,0002212 seconds
2017-06-17T15:04:41.370+0200: 176,062: Total time for which application threads were stopped: 0,0000727 seconds, Stopping threads took: 0,0000260 seconds
2017-06-17T15:04:41.370+0200: 176,062: Total time for which application threads were stopped: 0,0000483 seconds, Stopping threads took: 0,0000238 seconds
2017-06-17T15:04:46.371+0200: 181,063: Total time for which application threads were stopped: 0,0000619 seconds, Stopping threads took: 0,0000135 seconds
2017-06-17T15:06:21.383+0200: 276,075: Total time for which application threads were stopped: 0,0003779 seconds, Stopping threads took: 0,0000708 seconds
2017-06-17T15:12:36.374+0200: 651,066: Total time for which application threads were stopped: 0,0379868 seconds, Stopping threads took: 0,0378985 seconds
2017-06-17T15:12:36.377+0200: 651,069: Total time for which application threads were stopped: 0,0001014 seconds, Stopping threads took: 0,0000314 seconds
2017-06-17T15:12:36.378+0200: 651,069: Total time for which application threads were stopped: 0,0002231 seconds, Stopping threads took: 0,0000241 seconds
2017-06-17T15:12:36.380+0200: 651,071: Total time for which application threads were stopped: 0,0001065 seconds, Stopping threads took: 0,0000348 seconds
2017-06-17T15:12:36.388+0200: 651,080: Total time for which application threads were stopped: 0,0001214 seconds, Stopping threads took: 0,0000500 seconds
2017-06-17T15:12:36.388+0200: 651,080: Total time for which application threads were stopped: 0,0000504 seconds, Stopping threads took: 0,0000139 seconds
2017-06-17T15:12:36.391+0200: 651,082: Total time for which application threads were stopped: 0,0001239 seconds, Stopping threads took: 0,0000187 seconds
2017-06-17T15:12:36.391+0200: 651,083: Total time for which application threads were stopped: 0,0000930 seconds, Stopping threads took: 0,0000247 seconds
2017-06-17T15:12:36.391+0200: 651,083: Total time for which application threads were stopped: 0,0000516 seconds, Stopping threads took: 0,0000164 seconds
2017-06-17T15:12:36.391+0200: 651,083: Total time for which application threads were stopped: 0,0000434 seconds, Stopping threads took: 0,0000131 seconds
2017-06-17T15:12:36.391+0200: 651,083: Total time for which application threads were stopped: 0,0000450 seconds, Stopping threads took: 0,0000132 seconds
2017-06-17T15:12:36.391+0200: 651,083: Total time for which application threads were stopped: 0,0000386 seconds, Stopping threads took: 0,0000044 seconds
2017-06-17T15:12:36.392+0200: 651,083: Total time for which application threads were stopped: 0,0000350 seconds, Stopping threads took: 0,0000041 seconds
2017-06-17T15:12:36.392+0200: 651,083: Total time for which application threads were stopped: 0,0000343 seconds, Stopping threads took: 0,0000045 seconds
2017-06-17T15:12:36.392+0200: 651,083: Total time for which application threads were stopped: 0,0000374 seconds, Stopping threads took: 0,0000045 seconds
2017-06-17T15:12:36.392+0200: 651,083: Total time for which application threads were stopped: 0,0000347 seconds, Stopping threads took: 0,0000043 seconds
2017-06-17T15:12:36.392+0200: 651,083: Total time for which application threads were stopped: 0,0000364 seconds, Stopping threads took: 0,0000054 seconds
2017-06-17T15:12:36.392+0200: 651,083: Total time for which application threads were stopped: 0,0000357 seconds, Stopping threads took: 0,0000047 seconds
2017-06-17T15:12:36.392+0200: 651,084: Total time for which application threads were stopped: 0,0000352 seconds, Stopping threads took: 0,0000043 seconds
2017-06-17T15:12:36.392+0200: 651,084: Total time for which application threads were stopped: 0,0000339 seconds, Stopping threads took: 0,0000043 seconds
2017-06-17T15:12:36.392+0200: 651,084: Total time for which application threads were stopped: 0,0000376 seconds, Stopping threads took: 0,0000044 seconds
2017-06-17T15:12:36.392+0200: 651,084: Total time for which application threads were stopped: 0,0000346 seconds, Stopping threads took: 0,0000044 seconds
2017-06-17T15:12:36.392+0200: 651,084: Total time for which application threads were stopped: 0,0000341 seconds, Stopping threads took: 0,0000047 seconds
2017-06-17T15:12:36.398+0200: 651,090: Total time for which application threads were stopped: 0,0031264 seconds, Stopping threads took: 0,0029891 seconds
2017-06-17T15:12:36.398+0200: 651,090: Total time for which application threads were stopped: 0,0001134 seconds, Stopping threads took: 0,0000139 seconds
2017-06-17T15:12:36.398+0200: 651,090: Total time for which application threads were stopped: 0,0000437 seconds, Stopping threads took: 0,0000085 seconds
2017-06-17T15:12:36.399+0200: 651,090: Total time for which application threads were stopped: 0,0000380 seconds, Stopping threads took: 0,0000047 seconds
2017-06-17T15:12:36.399+0200: 651,090: Total time for which application threads were stopped: 0,0000364 seconds, Stopping threads took: 0,0000045 seconds
2017-06-17T15:12:36.399+0200: 651,090: Total time for which application threads were stopped: 0,0000367 seconds, Stopping threads took: 0,0000049 seconds
2017-06-17T15:12:36.399+0200: 651,090: Total time for which application threads were stopped: 0,0000372 seconds, Stopping threads took: 0,0000053 seconds
2017-06-17T15:12:36.399+0200: 651,090: Total time for which application threads were stopped: 0,0000366 seconds, Stopping threads took: 0,0000056 seconds
2017-06-17T15:12:36.399+0200: 651,091: Total time for which application threads were stopped: 0,0000889 seconds, Stopping threads took: 0,0000049 seconds
2017-06-17T15:12:36.399+0200: 651,091: Total time for which application threads were stopped: 0,0000390 seconds, Stopping threads took: 0,0000049 seconds
2017-06-17T15:12:36.410+0200: 651,102: Total time for which application threads were stopped: 0,0059389 seconds, Stopping threads took: 0,0058154 seconds
2017-06-17T15:12:36.420+0200: 651,111: Total time for which application threads were stopped: 0,0000832 seconds, Stopping threads took: 0,0000132 seconds
2017-06-17T15:12:36.420+0200: 651,111: Total time for which application threads were stopped: 0,0000388 seconds, Stopping threads took: 0,0000053 seconds
2017-06-17T15:12:36.420+0200: 651,111: Total time for which application threads were stopped: 0,0000366 seconds, Stopping threads took: 0,0000045 seconds
2017-06-17T15:12:36.420+0200: 651,111: Total time for which application threads were stopped: 0,0000353 seconds, Stopping threads took: 0,0000046 seconds
2017-06-17T15:12:36.420+0200: 651,111: Total time for which application threads were stopped: 0,0000355 seconds, Stopping threads took: 0,0000047 seconds
2017-06-17T15:12:36.420+0200: 651,111: Total time for which application threads were stopped: 0,0000343 seconds, Stopping threads took: 0,0000051 seconds
2017-06-17T15:12:36.420+0200: 651,111: Total time for which application threads were stopped: 0,0000348 seconds, Stopping threads took: 0,0000041 seconds
2017-06-17T15:12:36.420+0200: 651,112: Total time for which application threads were stopped: 0,0000341 seconds, Stopping threads took: 0,0000044 seconds
2017-06-17T15:12:36.420+0200: 651,112: Total time for which application threads were stopped: 0,0000359 seconds, Stopping threads took: 0,0000049 seconds
2017-06-17T15:12:36.420+0200: 651,112: Total time for which application threads were stopped: 0,0000639 seconds, Stopping threads took: 0,0000232 seconds
2017-06-17T15:12:36.420+0200: 651,112: Total time for which application threads were stopped: 0,0000393 seconds, Stopping threads took: 0,0000055 seconds
2017-06-17T15:12:36.420+0200: 651,112: Total time for which application threads were stopped: 0,0000344 seconds, Stopping threads took: 0,0000046 seconds
2017-06-17T15:12:36.421+0200: 651,112: Total time for which application threads were stopped: 0,0000370 seconds, Stopping threads took: 0,0000050 seconds
2017-06-17T15:12:36.435+0200: 651,127: Total time for which application threads were stopped: 0,0013277 seconds, Stopping threads took: 0,0012495 seconds
2017-06-17T15:12:36.435+0200: 651,127: Total time for which application threads were stopped: 0,0000431 seconds, Stopping threads took: 0,0000070 seconds
2017-06-17T15:12:36.436+0200: 651,127: Total time for which application threads were stopped: 0,0000812 seconds, Stopping threads took: 0,0000136 seconds
2017-06-17T15:12:36.442+0200: 651,134: Total time for which application threads were stopped: 0,0001190 seconds, Stopping threads took: 0,0000370 seconds
2017-06-17T15:12:36.446+0200: 651,137: Total time for which application threads were stopped: 0,0001184 seconds, Stopping threads took: 0,0000362 seconds
2017-06-17T15:12:36.451+0200: 651,143: Total time for which application threads were stopped: 0,0001036 seconds, Stopping threads took: 0,0000320 seconds
2017-06-17T15:12:36.456+0200: 651,147: Total time for which application threads were stopped: 0,0001368 seconds, Stopping threads took: 0,0000535 seconds
2017-06-17T15:12:36.458+0200: 651,149: Total time for which application threads were stopped: 0,0001134 seconds, Stopping threads took: 0,0000396 seconds
2017-06-17T15:12:36.458+0200: 651,150: Total time for which application threads were stopped: 0,0000546 seconds, Stopping threads took: 0,0000069 seconds
2017-06-17T15:12:36.458+0200: 651,150: Total time for which application threads were stopped: 0,0000451 seconds, Stopping threads took: 0,0000150 seconds
2017-06-17T15:12:36.458+0200: 651,150: Total time for which application threads were stopped: 0,0000395 seconds, Stopping threads took: 0,0000114 seconds
2017-06-17T15:12:36.458+0200: 651,150: Total time for which application threads were stopped: 0,0000408 seconds, Stopping threads took: 0,0000130 seconds
2017-06-17T15:12:36.459+0200: 651,151: Total time for which application threads were stopped: 0,0001167 seconds, Stopping threads took: 0,0000381 seconds
2017-06-17T15:12:36.463+0200: 651,154: Total time for which application threads were stopped: 0,0001124 seconds, Stopping threads took: 0,0000320 seconds
2017-06-17T15:12:36.463+0200: 651,154: Total time for which application threads were stopped: 0,0000413 seconds, Stopping threads took: 0,0000057 seconds
2017-06-17T15:12:36.463+0200: 651,155: Total time for which application threads were stopped: 0,0004559 seconds, Stopping threads took: 0,0003857 seconds
2017-06-17T15:12:36.464+0200: 651,156: Total time for which application threads were stopped: 0,0000851 seconds, Stopping threads took: 0,0000197 seconds
2017-06-17T15:12:36.464+0200: 651,156: Total time for which application threads were stopped: 0,0000936 seconds, Stopping threads took: 0,0000293 seconds
2017-06-17T15:12:36.465+0200: 651,156: Total time for which application threads were stopped: 0,0000526 seconds, Stopping threads took: 0,0000140 seconds
2017-06-17T15:12:36.465+0200: 651,156: Total time for which application threads were stopped: 0,0000346 seconds, Stopping threads took: 0,0000050 seconds
2017-06-17T15:12:36.465+0200: 651,156: Total time for which application threads were stopped: 0,0000636 seconds, Stopping threads took: 0,0000202 seconds
2017-06-17T15:12:36.467+0200: 651,158: Total time for which application threads were stopped: 0,0002959 seconds, Stopping threads took: 0,0002056 seconds
2017-06-17T15:12:36.467+0200: 651,159: Total time for which application threads were stopped: 0,0002458 seconds, Stopping threads took: 0,0000174 seconds
2017-06-17T15:12:36.468+0200: 651,159: Total time for which application threads were stopped: 0,0001100 seconds, Stopping threads took: 0,0000290 seconds
2017-06-17T15:12:36.468+0200: 651,160: Total time for which application threads were stopped: 0,0000647 seconds, Stopping threads took: 0,0000222 seconds
2017-06-17T15:12:36.469+0200: 651,161: Total time for which application threads were stopped: 0,0001282 seconds, Stopping threads took: 0,0000304 seconds
2017-06-17T15:12:36.475+0200: 651,166: Total time for which application threads were stopped: 0,0000841 seconds, Stopping threads took: 0,0000166 seconds
2017-06-17T15:12:36.475+0200: 651,167: Total time for which application threads were stopped: 0,0001212 seconds, Stopping threads took: 0,0000285 seconds
Heap
 par new generation   total 109248K, used 35266K [0x00000000e0000000, 0x00000000e8000000, 0x00000000e8000000)
  eden space 87424K,  22% used [0x00000000e0000000, 0x00000000e139aa50, 0x00000000e5560000)
  from space 21824K,  69% used [0x00000000e5560000, 0x00000000e6435ee8, 0x00000000e6ab0000)
  to   space 21824K,   0% used [0x00000000e6ab0000, 0x00000000e6ab0000, 0x00000000e8000000)
 concurrent mark-sweep generation total 393216K, used 6883K [0x00000000e8000000, 0x0000000100000000, 0x0000000100000000)
 Metaspace       used 28149K, capacity 28688K, committed 28796K, reserved 1075200K
  class space    used 3228K, capacity 3427K, committed 3452K, reserved 1048576K
