OpenJDK 64-Bit Server VM (25.121-b13) for linux-amd64 JRE (1.8.0_121-8u121-b13-0ubuntu1.16.04.2-b13), built on Jan 23 2017 15:51:29 by "buildd" with gcc 5.4.0 20160609
Memory: 4k page, physical 7867760k(7500448k free), swap 8076284k(8076284k free)
CommandLine flags: -XX:CMSInitiatingOccupancyFraction=50 -XX:CMSMaxAbortablePrecleanTime=6000 -XX:+CMSParallelRemarkEnabled -XX:+CMSScavengeBeforeRemark -XX:ConcGCThreads=4 -XX:InitialHeapSize=536870912 -XX:MaxHeapSize=536870912 -XX:MaxTenuringThreshold=8 -XX:NewRatio=3 -XX:OldPLABSize=16 -XX:OnOutOfMemoryError=/opt/solr/bin/oom_solr.sh 8983 /var/solr/logs -XX:ParallelGCThreads=4 -XX:+ParallelRefProcEnabled -XX:PretenureSizeThreshold=67108864 -XX:+PrintGC -XX:+PrintGCApplicationStoppedTime -XX:+PrintGCDateStamps -XX:+PrintGCDetails -XX:+PrintGCTimeStamps -XX:+PrintHeapAtGC -XX:+PrintTenuringDistribution -XX:SurvivorRatio=4 -XX:TargetSurvivorRatio=90 -XX:ThreadStackSize=256 -XX:+UseCMSInitiatingOccupancyOnly -XX:+UseCompressedClassPointers -XX:+UseCompressedOops -XX:+UseConcMarkSweepGC -XX:+UseParNewGC 
2017-03-02T11:02:21.786+0100: 0,152: Total time for which application threads were stopped: 0,0000673 seconds, Stopping threads took: 0,0000088 seconds
2017-03-02T11:02:21.878+0100: 0,244: Total time for which application threads were stopped: 0,0000883 seconds, Stopping threads took: 0,0000137 seconds
2017-03-02T11:02:21.905+0100: 0,272: Total time for which application threads were stopped: 0,0000780 seconds, Stopping threads took: 0,0000122 seconds
2017-03-02T11:02:22.235+0100: 0,602: Total time for which application threads were stopped: 0,0001420 seconds, Stopping threads took: 0,0000226 seconds
2017-03-02T11:02:22.666+0100: 1,032: Total time for which application threads were stopped: 0,0002753 seconds, Stopping threads took: 0,0000305 seconds
2017-03-02T11:02:22.735+0100: 1,102: Total time for which application threads were stopped: 0,0001308 seconds, Stopping threads took: 0,0000116 seconds
2017-03-02T11:02:22.757+0100: 1,123: Total time for which application threads were stopped: 0,0001673 seconds, Stopping threads took: 0,0000187 seconds
2017-03-02T11:02:22.990+0100: 1,356: Total time for which application threads were stopped: 0,0001716 seconds, Stopping threads took: 0,0000200 seconds
2017-03-02T11:02:23.187+0100: 1,554: Total time for which application threads were stopped: 0,0001994 seconds, Stopping threads took: 0,0000155 seconds
2017-03-02T11:02:23.212+0100: 1,579: Total time for which application threads were stopped: 0,0002761 seconds, Stopping threads took: 0,0000176 seconds
2017-03-02T11:02:23.249+0100: 1,615: Total time for which application threads were stopped: 0,0006577 seconds, Stopping threads took: 0,0000691 seconds
2017-03-02T11:02:23.252+0100: 1,619: Total time for which application threads were stopped: 0,0004436 seconds, Stopping threads took: 0,0000977 seconds
2017-03-02T11:02:23.275+0100: 1,641: Total time for which application threads were stopped: 0,0001795 seconds, Stopping threads took: 0,0000229 seconds
2017-03-02T11:02:23.373+0100: 1,740: Total time for which application threads were stopped: 0,0002546 seconds, Stopping threads took: 0,0000301 seconds
2017-03-02T11:02:23.543+0100: 1,909: Total time for which application threads were stopped: 0,0004060 seconds, Stopping threads took: 0,0001444 seconds
{Heap before GC invocations=0 (full 0):
 par new generation   total 109248K, used 87424K [0x00000000e0000000, 0x00000000e8000000, 0x00000000e8000000)
  eden space 87424K, 100% used [0x00000000e0000000, 0x00000000e5560000, 0x00000000e5560000)
  from space 21824K,   0% used [0x00000000e5560000, 0x00000000e5560000, 0x00000000e6ab0000)
  to   space 21824K,   0% used [0x00000000e6ab0000, 0x00000000e6ab0000, 0x00000000e8000000)
 concurrent mark-sweep generation total 393216K, used 0K [0x00000000e8000000, 0x0000000100000000, 0x0000000100000000)
 Metaspace       used 17811K, capacity 18112K, committed 18304K, reserved 1064960K
  class space    used 2025K, capacity 2164K, committed 2176K, reserved 1048576K
2017-03-02T11:02:23.571+0100: 1,938: [GC (Allocation Failure) 2017-03-02T11:02:23.571+0100: 1,938: [ParNew
Desired survivor size 20112992 bytes, new threshold 8 (max 8)
- age   1:   11486568 bytes,   11486568 total
: 87424K->11327K(109248K), 0,0142274 secs] 87424K->11327K(502464K), 0,0143059 secs] [Times: user=0,05 sys=0,00, real=0,01 secs] 
Heap after GC invocations=1 (full 0):
 par new generation   total 109248K, used 11327K [0x00000000e0000000, 0x00000000e8000000, 0x00000000e8000000)
  eden space 87424K,   0% used [0x00000000e0000000, 0x00000000e0000000, 0x00000000e5560000)
  from space 21824K,  51% used [0x00000000e6ab0000, 0x00000000e75bfd50, 0x00000000e8000000)
  to   space 21824K,   0% used [0x00000000e5560000, 0x00000000e5560000, 0x00000000e6ab0000)
 concurrent mark-sweep generation total 393216K, used 0K [0x00000000e8000000, 0x0000000100000000, 0x0000000100000000)
 Metaspace       used 17811K, capacity 18112K, committed 18304K, reserved 1064960K
  class space    used 2025K, capacity 2164K, committed 2176K, reserved 1048576K
}
2017-03-02T11:02:23.586+0100: 1,952: Total time for which application threads were stopped: 0,0145274 seconds, Stopping threads took: 0,0000571 seconds
2017-03-02T11:02:23.926+0100: 2,293: Total time for which application threads were stopped: 0,0004450 seconds, Stopping threads took: 0,0000491 seconds
{Heap before GC invocations=1 (full 0):
 par new generation   total 109248K, used 98751K [0x00000000e0000000, 0x00000000e8000000, 0x00000000e8000000)
  eden space 87424K, 100% used [0x00000000e0000000, 0x00000000e5560000, 0x00000000e5560000)
  from space 21824K,  51% used [0x00000000e6ab0000, 0x00000000e75bfd50, 0x00000000e8000000)
  to   space 21824K,   0% used [0x00000000e5560000, 0x00000000e5560000, 0x00000000e6ab0000)
 concurrent mark-sweep generation total 393216K, used 0K [0x00000000e8000000, 0x0000000100000000, 0x0000000100000000)
 Metaspace       used 20037K, capacity 20360K, committed 20736K, reserved 1067008K
  class space    used 2294K, capacity 2468K, committed 2560K, reserved 1048576K
2017-03-02T11:02:23.974+0100: 2,340: [GC (Allocation Failure) 2017-03-02T11:02:23.974+0100: 2,340: [ParNew
Desired survivor size 20112992 bytes, new threshold 8 (max 8)
- age   1:    4408024 bytes,    4408024 total
- age   2:    6056968 bytes,   10464992 total
: 98751K->16096K(109248K), 0,0145624 secs] 98751K->16096K(502464K), 0,0146418 secs] [Times: user=0,05 sys=0,00, real=0,01 secs] 
Heap after GC invocations=2 (full 0):
 par new generation   total 109248K, used 16096K [0x00000000e0000000, 0x00000000e8000000, 0x00000000e8000000)
  eden space 87424K,   0% used [0x00000000e0000000, 0x00000000e0000000, 0x00000000e5560000)
  from space 21824K,  73% used [0x00000000e5560000, 0x00000000e6518290, 0x00000000e6ab0000)
  to   space 21824K,   0% used [0x00000000e6ab0000, 0x00000000e6ab0000, 0x00000000e8000000)
 concurrent mark-sweep generation total 393216K, used 0K [0x00000000e8000000, 0x0000000100000000, 0x0000000100000000)
 Metaspace       used 20037K, capacity 20360K, committed 20736K, reserved 1067008K
  class space    used 2294K, capacity 2468K, committed 2560K, reserved 1048576K
}
2017-03-02T11:02:23.988+0100: 2,355: Total time for which application threads were stopped: 0,0148852 seconds, Stopping threads took: 0,0000753 seconds
2017-03-02T11:02:23.999+0100: 2,365: Total time for which application threads were stopped: 0,0007208 seconds, Stopping threads took: 0,0000731 seconds
2017-03-02T11:02:24.044+0100: 2,410: Total time for which application threads were stopped: 0,0002858 seconds, Stopping threads took: 0,0000279 seconds
2017-03-02T11:02:24.151+0100: 2,518: Total time for which application threads were stopped: 0,0002120 seconds, Stopping threads took: 0,0001043 seconds
2017-03-02T11:02:24.186+0100: 2,552: Total time for which application threads were stopped: 0,0001383 seconds, Stopping threads took: 0,0000648 seconds
{Heap before GC invocations=2 (full 0):
 par new generation   total 109248K, used 108150K [0x00000000e0000000, 0x00000000e8000000, 0x00000000e8000000)
  eden space 87424K, 100% used [0x00000000e0000000, 0x00000000e5560000, 0x00000000e5560000)
  from space 21824K,  94% used [0x00000000e5560000, 0x00000000e699d800, 0x00000000e6ab0000)
  to   space 21824K,   0% used [0x00000000e6ab0000, 0x00000000e6ab0000, 0x00000000e8000000)
 concurrent mark-sweep generation total 393216K, used 0K [0x00000000e8000000, 0x0000000100000000, 0x0000000100000000)
 Metaspace       used 20965K, capacity 21282K, committed 21628K, reserved 1069056K
  class space    used 2417K, capacity 2587K, committed 2684K, reserved 1048576K
2017-03-02T11:02:24.192+0100: 2,559: [GC (GCLocker Initiated GC) 2017-03-02T11:02:24.193+0100: 2,559: [ParNew
Desired survivor size 20112992 bytes, new threshold 8 (max 8)
- age   1:    1998320 bytes,    1998320 total
- age   2:    1421704 bytes,    3420024 total
- age   3:    6055184 bytes,    9475208 total
: 108150K->11944K(109248K), 0,0196296 secs] 108150K->11944K(502464K), 0,0197047 secs] [Times: user=0,07 sys=0,00, real=0,02 secs] 
Heap after GC invocations=3 (full 0):
 par new generation   total 109248K, used 11944K [0x00000000e0000000, 0x00000000e8000000, 0x00000000e8000000)
  eden space 87424K,   0% used [0x00000000e0000000, 0x00000000e0000000, 0x00000000e5560000)
  from space 21824K,  54% used [0x00000000e6ab0000, 0x00000000e765a1d0, 0x00000000e8000000)
  to   space 21824K,   0% used [0x00000000e5560000, 0x00000000e5560000, 0x00000000e6ab0000)
 concurrent mark-sweep generation total 393216K, used 0K [0x00000000e8000000, 0x0000000100000000, 0x0000000100000000)
 Metaspace       used 20965K, capacity 21282K, committed 21628K, reserved 1069056K
  class space    used 2417K, capacity 2587K, committed 2684K, reserved 1048576K
}
2017-03-02T11:02:24.212+0100: 2,579: Total time for which application threads were stopped: 0,0198965 seconds, Stopping threads took: 0,0000457 seconds
2017-03-02T11:02:24.219+0100: 2,585: [GC (CMS Initial Mark) [1 CMS-initial-mark: 0K(393216K)] 17884K(502464K), 0,0059222 secs] [Times: user=0,02 sys=0,00, real=0,01 secs] 
2017-03-02T11:02:24.225+0100: 2,591: Total time for which application threads were stopped: 0,0076786 seconds, Stopping threads took: 0,0016474 seconds
2017-03-02T11:02:24.225+0100: 2,591: [CMS-concurrent-mark-start]
2017-03-02T11:02:24.225+0100: 2,591: [CMS-concurrent-mark: 0,000/0,000 secs] [Times: user=0,00 sys=0,00, real=0,00 secs] 
2017-03-02T11:02:24.225+0100: 2,591: [CMS-concurrent-preclean-start]
2017-03-02T11:02:24.226+0100: 2,593: [CMS-concurrent-preclean: 0,001/0,001 secs] [Times: user=0,00 sys=0,00, real=0,00 secs] 
2017-03-02T11:02:24.226+0100: 2,593: [CMS-concurrent-abortable-preclean-start]
2017-03-02T11:02:24.293+0100: 2,660: Total time for which application threads were stopped: 0,0001185 seconds, Stopping threads took: 0,0000211 seconds
{Heap before GC invocations=3 (full 1):
 par new generation   total 109248K, used 99368K [0x00000000e0000000, 0x00000000e8000000, 0x00000000e8000000)
  eden space 87424K, 100% used [0x00000000e0000000, 0x00000000e5560000, 0x00000000e5560000)
  from space 21824K,  54% used [0x00000000e6ab0000, 0x00000000e765a1d0, 0x00000000e8000000)
  to   space 21824K,   0% used [0x00000000e5560000, 0x00000000e5560000, 0x00000000e6ab0000)
 concurrent mark-sweep generation total 393216K, used 0K [0x00000000e8000000, 0x0000000100000000, 0x0000000100000000)
 Metaspace       used 21257K, capacity 21622K, committed 21884K, reserved 1069056K
  class space    used 2448K, capacity 2602K, committed 2684K, reserved 1048576K
2017-03-02T11:02:24.335+0100: 2,702: [GC (Allocation Failure) 2017-03-02T11:02:24.335+0100: 2,702: [ParNew
Desired survivor size 20112992 bytes, new threshold 8 (max 8)
- age   1:     582296 bytes,     582296 total
- age   2:    1487144 bytes,    2069440 total
- age   3:    1386848 bytes,    3456288 total
- age   4:    6055344 bytes,    9511632 total
: 99368K->10250K(109248K), 0,0097374 secs] 99368K->10250K(502464K), 0,0098029 secs] [Times: user=0,04 sys=0,00, real=0,01 secs] 
Heap after GC invocations=4 (full 1):
 par new generation   total 109248K, used 10250K [0x00000000e0000000, 0x00000000e8000000, 0x00000000e8000000)
  eden space 87424K,   0% used [0x00000000e0000000, 0x00000000e0000000, 0x00000000e5560000)
  from space 21824K,  46% used [0x00000000e5560000, 0x00000000e5f62a08, 0x00000000e6ab0000)
  to   space 21824K,   0% used [0x00000000e6ab0000, 0x00000000e6ab0000, 0x00000000e8000000)
 concurrent mark-sweep generation total 393216K, used 0K [0x00000000e8000000, 0x0000000100000000, 0x0000000100000000)
 Metaspace       used 21257K, capacity 21622K, committed 21884K, reserved 1069056K
  class space    used 2448K, capacity 2602K, committed 2684K, reserved 1048576K
}
2017-03-02T11:02:24.345+0100: 2,712: Total time for which application threads were stopped: 0,0100283 seconds, Stopping threads took: 0,0000969 seconds
2017-03-02T11:02:24.345+0100: 2,712: [CMS-concurrent-abortable-preclean: 0,078/0,119 secs] [Times: user=0,44 sys=0,00, real=0,12 secs] 
2017-03-02T11:02:24.359+0100: 2,725: [GC (CMS Final Remark) [YG occupancy: 22422 K (109248 K)]{Heap before GC invocations=4 (full 1):
 par new generation   total 109248K, used 22422K [0x00000000e0000000, 0x00000000e8000000, 0x00000000e8000000)
  eden space 87424K,  13% used [0x00000000e0000000, 0x00000000e0be3038, 0x00000000e5560000)
  from space 21824K,  46% used [0x00000000e5560000, 0x00000000e5f62a08, 0x00000000e6ab0000)
  to   space 21824K,   0% used [0x00000000e6ab0000, 0x00000000e6ab0000, 0x00000000e8000000)
 concurrent mark-sweep generation total 393216K, used 0K [0x00000000e8000000, 0x0000000100000000, 0x0000000100000000)
 Metaspace       used 21272K, capacity 21622K, committed 21884K, reserved 1069056K
  class space    used 2450K, capacity 2602K, committed 2684K, reserved 1048576K
2017-03-02T11:02:24.359+0100: 2,725: [GC (CMS Final Remark) 2017-03-02T11:02:24.359+0100: 2,725: [ParNew
Desired survivor size 20112992 bytes, new threshold 8 (max 8)
- age   1:     458040 bytes,     458040 total
- age   2:     311904 bytes,     769944 total
- age   3:    1487144 bytes,    2257088 total
- age   4:    1386800 bytes,    3643888 total
- age   5:    6055184 bytes,    9699072 total
: 22422K->16210K(109248K), 0,0097074 secs] 22422K->16210K(502464K), 0,0097496 secs] [Times: user=0,04 sys=0,00, real=0,01 secs] 
Heap after GC invocations=5 (full 1):
 par new generation   total 109248K, used 16210K [0x00000000e0000000, 0x00000000e8000000, 0x00000000e8000000)
  eden space 87424K,   0% used [0x00000000e0000000, 0x00000000e0000000, 0x00000000e5560000)
  from space 21824K,  74% used [0x00000000e6ab0000, 0x00000000e7a84b00, 0x00000000e8000000)
  to   space 21824K,   0% used [0x00000000e5560000, 0x00000000e5560000, 0x00000000e6ab0000)
 concurrent mark-sweep generation total 393216K, used 0K [0x00000000e8000000, 0x0000000100000000, 0x0000000100000000)
 Metaspace       used 21272K, capacity 21622K, committed 21884K, reserved 1069056K
  class space    used 2450K, capacity 2602K, committed 2684K, reserved 1048576K
}
2017-03-02T11:02:24.369+0100: 2,735: [Rescan (parallel) , 0,0036056 secs]2017-03-02T11:02:24.372+0100: 2,739: [weak refs processing, 0,0007327 secs]2017-03-02T11:02:24.373+0100: 2,740: [class unloading, 0,0028940 secs]2017-03-02T11:02:24.376+0100: 2,742: [scrub symbol table, 0,0025530 secs]2017-03-02T11:02:24.379+0100: 2,745: [scrub string table, 0,0003972 secs][1 CMS-remark: 0K(393216K)] 16210K(502464K), 0,0206355 secs] [Times: user=0,06 sys=0,00, real=0,02 secs] 
2017-03-02T11:02:24.379+0100: 2,746: Total time for which application threads were stopped: 0,0208032 seconds, Stopping threads took: 0,0000821 seconds
2017-03-02T11:02:24.380+0100: 2,746: [CMS-concurrent-sweep-start]
2017-03-02T11:02:24.380+0100: 2,746: [CMS-concurrent-sweep: 0,000/0,000 secs] [Times: user=0,00 sys=0,00, real=0,00 secs] 
2017-03-02T11:02:24.380+0100: 2,746: [CMS-concurrent-reset-start]
2017-03-02T11:02:24.382+0100: 2,748: [CMS-concurrent-reset: 0,002/0,002 secs] [Times: user=0,00 sys=0,00, real=0,00 secs] 
{Heap before GC invocations=5 (full 1):
 par new generation   total 109248K, used 103634K [0x00000000e0000000, 0x00000000e8000000, 0x00000000e8000000)
  eden space 87424K, 100% used [0x00000000e0000000, 0x00000000e5560000, 0x00000000e5560000)
  from space 21824K,  74% used [0x00000000e6ab0000, 0x00000000e7a84b00, 0x00000000e8000000)
  to   space 21824K,   0% used [0x00000000e5560000, 0x00000000e5560000, 0x00000000e6ab0000)
 concurrent mark-sweep generation total 393216K, used 0K [0x00000000e8000000, 0x0000000100000000, 0x0000000100000000)
 Metaspace       used 21473K, capacity 21858K, committed 22140K, reserved 1069056K
  class space    used 2476K, capacity 2636K, committed 2684K, reserved 1048576K
2017-03-02T11:02:24.465+0100: 2,831: [GC (Allocation Failure) 2017-03-02T11:02:24.465+0100: 2,831: [ParNew
Desired survivor size 20112992 bytes, new threshold 8 (max 8)
- age   1:     545088 bytes,     545088 total
- age   2:      19112 bytes,     564200 total
- age   3:     181408 bytes,     745608 total
- age   4:    1483544 bytes,    2229152 total
- age   5:    1384832 bytes,    3613984 total
- age   6:    6055168 bytes,    9669152 total
: 103634K->12084K(109248K), 0,0100247 secs] 103634K->12084K(502464K), 0,0101067 secs] [Times: user=0,04 sys=0,00, real=0,01 secs] 
Heap after GC invocations=6 (full 1):
 par new generation   total 109248K, used 12084K [0x00000000e0000000, 0x00000000e8000000, 0x00000000e8000000)
  eden space 87424K,   0% used [0x00000000e0000000, 0x00000000e0000000, 0x00000000e5560000)
  from space 21824K,  55% used [0x00000000e5560000, 0x00000000e612d118, 0x00000000e6ab0000)
  to   space 21824K,   0% used [0x00000000e6ab0000, 0x00000000e6ab0000, 0x00000000e8000000)
 concurrent mark-sweep generation total 393216K, used 0K [0x00000000e8000000, 0x0000000100000000, 0x0000000100000000)
 Metaspace       used 21473K, capacity 21858K, committed 22140K, reserved 1069056K
  class space    used 2476K, capacity 2636K, committed 2684K, reserved 1048576K
}
2017-03-02T11:02:24.475+0100: 2,841: Total time for which application threads were stopped: 0,0103359 seconds, Stopping threads took: 0,0000707 seconds
2017-03-02T11:02:24.493+0100: 2,860: Total time for which application threads were stopped: 0,0003028 seconds, Stopping threads took: 0,0000207 seconds
2017-03-02T11:02:24.691+0100: 3,057: Total time for which application threads were stopped: 0,0004717 seconds, Stopping threads took: 0,0000239 seconds
2017-03-02T11:02:24.707+0100: 3,073: Total time for which application threads were stopped: 0,0010127 seconds, Stopping threads took: 0,0006802 seconds
{Heap before GC invocations=6 (full 1):
 par new generation   total 109248K, used 99508K [0x00000000e0000000, 0x00000000e8000000, 0x00000000e8000000)
  eden space 87424K, 100% used [0x00000000e0000000, 0x00000000e5560000, 0x00000000e5560000)
  from space 21824K,  55% used [0x00000000e5560000, 0x00000000e612d118, 0x00000000e6ab0000)
  to   space 21824K,   0% used [0x00000000e6ab0000, 0x00000000e6ab0000, 0x00000000e8000000)
 concurrent mark-sweep generation total 393216K, used 0K [0x00000000e8000000, 0x0000000100000000, 0x0000000100000000)
 Metaspace       used 24160K, capacity 24612K, committed 24828K, reserved 1071104K
  class space    used 2843K, capacity 3043K, committed 3068K, reserved 1048576K
2017-03-02T11:02:24.910+0100: 3,277: [GC (Allocation Failure) 2017-03-02T11:02:24.910+0100: 3,277: [ParNew
Desired survivor size 20112992 bytes, new threshold 8 (max 8)
- age   1:    4923720 bytes,    4923720 total
- age   2:     174528 bytes,    5098248 total
- age   3:      19080 bytes,    5117328 total
- age   4:     180832 bytes,    5298160 total
- age   5:     312848 bytes,    5611008 total
- age   6:    1360440 bytes,    6971448 total
- age   7:    6047008 bytes,   13018456 total
: 99508K->16360K(109248K), 0,0125616 secs] 99508K->16360K(502464K), 0,0126354 secs] [Times: user=0,05 sys=0,00, real=0,02 secs] 
Heap after GC invocations=7 (full 1):
 par new generation   total 109248K, used 16360K [0x00000000e0000000, 0x00000000e8000000, 0x00000000e8000000)
  eden space 87424K,   0% used [0x00000000e0000000, 0x00000000e0000000, 0x00000000e5560000)
  from space 21824K,  74% used [0x00000000e6ab0000, 0x00000000e7aaa3c0, 0x00000000e8000000)
  to   space 21824K,   0% used [0x00000000e5560000, 0x00000000e5560000, 0x00000000e6ab0000)
 concurrent mark-sweep generation total 393216K, used 0K [0x00000000e8000000, 0x0000000100000000, 0x0000000100000000)
 Metaspace       used 24160K, capacity 24612K, committed 24828K, reserved 1071104K
  class space    used 2843K, capacity 3043K, committed 3068K, reserved 1048576K
}
2017-03-02T11:02:24.923+0100: 3,289: Total time for which application threads were stopped: 0,0133769 seconds, Stopping threads took: 0,0005293 seconds
{Heap before GC invocations=7 (full 1):
 par new generation   total 109248K, used 103784K [0x00000000e0000000, 0x00000000e8000000, 0x00000000e8000000)
  eden space 87424K, 100% used [0x00000000e0000000, 0x00000000e5560000, 0x00000000e5560000)
  from space 21824K,  74% used [0x00000000e6ab0000, 0x00000000e7aaa3c0, 0x00000000e8000000)
  to   space 21824K,   0% used [0x00000000e5560000, 0x00000000e5560000, 0x00000000e6ab0000)
 concurrent mark-sweep generation total 393216K, used 0K [0x00000000e8000000, 0x0000000100000000, 0x0000000100000000)
 Metaspace       used 25014K, capacity 25498K, committed 25724K, reserved 1071104K
  class space    used 2910K, capacity 3079K, committed 3196K, reserved 1048576K
2017-03-02T11:02:25.118+0100: 3,484: [GC (Allocation Failure) 2017-03-02T11:02:25.118+0100: 3,484: [ParNew
Desired survivor size 20112992 bytes, new threshold 8 (max 8)
- age   1:    1511488 bytes,    1511488 total
- age   2:    1338256 bytes,    2849744 total
- age   3:      88712 bytes,    2938456 total
- age   4:       2784 bytes,    2941240 total
- age   5:     104576 bytes,    3045816 total
- age   6:     189032 bytes,    3234848 total
- age   7:     994480 bytes,    4229328 total
- age   8:    5860248 bytes,   10089576 total
: 103784K->13625K(109248K), 0,0106900 secs] 103784K->13625K(502464K), 0,0107743 secs] [Times: user=0,04 sys=0,00, real=0,01 secs] 
Heap after GC invocations=8 (full 1):
 par new generation   total 109248K, used 13625K [0x00000000e0000000, 0x00000000e8000000, 0x00000000e8000000)
  eden space 87424K,   0% used [0x00000000e0000000, 0x00000000e0000000, 0x00000000e5560000)
  from space 21824K,  62% used [0x00000000e5560000, 0x00000000e62ae4c0, 0x00000000e6ab0000)
  to   space 21824K,   0% used [0x00000000e6ab0000, 0x00000000e6ab0000, 0x00000000e8000000)
 concurrent mark-sweep generation total 393216K, used 0K [0x00000000e8000000, 0x0000000100000000, 0x0000000100000000)
 Metaspace       used 25014K, capacity 25498K, committed 25724K, reserved 1071104K
  class space    used 2910K, capacity 3079K, committed 3196K, reserved 1048576K
}
2017-03-02T11:02:25.128+0100: 3,495: Total time for which application threads were stopped: 0,0109912 seconds, Stopping threads took: 0,0000327 seconds
2017-03-02T11:02:25.340+0100: 3,707: Total time for which application threads were stopped: 0,0004994 seconds, Stopping threads took: 0,0000607 seconds
2017-03-02T11:02:25.359+0100: 3,725: Total time for which application threads were stopped: 0,0005649 seconds, Stopping threads took: 0,0000360 seconds
2017-03-02T11:02:25.430+0100: 3,796: Total time for which application threads were stopped: 0,0005630 seconds, Stopping threads took: 0,0000334 seconds
2017-03-02T11:02:25.544+0100: 3,911: Total time for which application threads were stopped: 0,0005733 seconds, Stopping threads took: 0,0000611 seconds
2017-03-02T11:02:25.690+0100: 4,057: Total time for which application threads were stopped: 0,0005684 seconds, Stopping threads took: 0,0000420 seconds
2017-03-02T11:03:53.699+0100: 92,065: Total time for which application threads were stopped: 0,0000740 seconds, Stopping threads took: 0,0000202 seconds
2017-03-02T11:04:23.703+0100: 122,069: Total time for which application threads were stopped: 0,0003546 seconds, Stopping threads took: 0,0002598 seconds
2017-03-02T11:04:28.703+0100: 127,070: Total time for which application threads were stopped: 0,0000921 seconds, Stopping threads took: 0,0000374 seconds
2017-03-02T11:05:22.709+0100: 181,075: Total time for which application threads were stopped: 0,0000832 seconds, Stopping threads took: 0,0000336 seconds
2017-03-02T11:06:57.718+0100: 276,085: Total time for which application threads were stopped: 0,0001015 seconds, Stopping threads took: 0,0000412 seconds
2017-03-02T11:06:58.718+0100: 277,085: Total time for which application threads were stopped: 0,0002488 seconds, Stopping threads took: 0,0000185 seconds
2017-03-02T11:07:32.722+0100: 311,089: Total time for which application threads were stopped: 0,0000994 seconds, Stopping threads took: 0,0000341 seconds
2017-03-02T11:07:43.723+0100: 322,090: Total time for which application threads were stopped: 0,0000782 seconds, Stopping threads took: 0,0000195 seconds
2017-03-02T11:08:08.726+0100: 347,093: Total time for which application threads were stopped: 0,0000823 seconds, Stopping threads took: 0,0000300 seconds
2017-03-02T11:08:23.728+0100: 362,094: Total time for which application threads were stopped: 0,0000702 seconds, Stopping threads took: 0,0000161 seconds
2017-03-02T11:10:23.741+0100: 482,107: Total time for which application threads were stopped: 0,0004104 seconds, Stopping threads took: 0,0001359 seconds
2017-03-02T11:11:03.745+0100: 522,111: Total time for which application threads were stopped: 0,0000916 seconds, Stopping threads took: 0,0000314 seconds
2017-03-02T11:12:43.755+0100: 622,122: Total time for which application threads were stopped: 0,0001048 seconds, Stopping threads took: 0,0000353 seconds
2017-03-02T11:12:53.756+0100: 632,123: Total time for which application threads were stopped: 0,0000841 seconds, Stopping threads took: 0,0000315 seconds
2017-03-02T11:12:58.757+0100: 637,124: Total time for which application threads were stopped: 0,0000653 seconds, Stopping threads took: 0,0000147 seconds
2017-03-02T11:13:03.758+0100: 642,124: Total time for which application threads were stopped: 0,0001016 seconds, Stopping threads took: 0,0000157 seconds
2017-03-02T11:25:52.834+0100: 1411,200: Total time for which application threads were stopped: 0,0001265 seconds, Stopping threads took: 0,0000463 seconds
2017-03-02T11:27:53.845+0100: 1532,212: Total time for which application threads were stopped: 0,0000807 seconds, Stopping threads took: 0,0000294 seconds
2017-03-02T11:30:52.862+0100: 1711,229: Total time for which application threads were stopped: 0,0006363 seconds, Stopping threads took: 0,0000753 seconds
2017-03-02T11:40:43.924+0100: 2302,290: Total time for which application threads were stopped: 0,0001213 seconds, Stopping threads took: 0,0000394 seconds
2017-03-02T11:40:47.924+0100: 2306,291: Total time for which application threads were stopped: 0,0000741 seconds, Stopping threads took: 0,0000150 seconds
2017-03-02T11:49:53.984+0100: 2852,351: Total time for which application threads were stopped: 0,0001015 seconds, Stopping threads took: 0,0000383 seconds
2017-03-02T11:55:39.024+0100: 3197,391: Total time for which application threads were stopped: 0,0005603 seconds, Stopping threads took: 0,0001867 seconds
2017-03-02T12:06:13.103+0100: 3831,470: Total time for which application threads were stopped: 0,0000835 seconds, Stopping threads took: 0,0000330 seconds
2017-03-02T12:06:28.106+0100: 3846,472: Total time for which application threads were stopped: 0,0007009 seconds, Stopping threads took: 0,0001500 seconds
2017-03-02T12:28:09.233+0100: 5147,599: Total time for which application threads were stopped: 0,0000760 seconds, Stopping threads took: 0,0000272 seconds
2017-03-02T12:39:47.278+0100: 5845,645: Total time for which application threads were stopped: 0,0001605 seconds, Stopping threads took: 0,0000613 seconds
2017-03-02T12:39:47.279+0100: 5845,646: Total time for which application threads were stopped: 0,0001109 seconds, Stopping threads took: 0,0000169 seconds
Heap
 par new generation   total 109248K, used 83938K [0x00000000e0000000, 0x00000000e8000000, 0x00000000e8000000)
  eden space 87424K,  80% used [0x00000000e0000000, 0x00000000e44aa700, 0x00000000e5560000)
  from space 21824K,  62% used [0x00000000e5560000, 0x00000000e62ae4c0, 0x00000000e6ab0000)
  to   space 21824K,   0% used [0x00000000e6ab0000, 0x00000000e6ab0000, 0x00000000e8000000)
 concurrent mark-sweep generation total 393216K, used 0K [0x00000000e8000000, 0x0000000100000000, 0x0000000100000000)
 Metaspace       used 28083K, capacity 28586K, committed 28796K, reserved 1075200K
  class space    used 3227K, capacity 3421K, committed 3452K, reserved 1048576K
