OpenJDK 64-Bit Server VM (25.111-b14) for linux-amd64 JRE (1.8.0_111-8u111-b14-2ubuntu0.16.04.2-b14), built on Oct 27 2016 18:10:19 by "buildd" with gcc 5.4.0 20160609
Memory: 4k page, physical 7867840k(7459760k free), swap 8076284k(8076284k free)
CommandLine flags: -XX:CMSInitiatingOccupancyFraction=50 -XX:CMSMaxAbortablePrecleanTime=6000 -XX:+CMSParallelRemarkEnabled -XX:+CMSScavengeBeforeRemark -XX:ConcGCThreads=4 -XX:InitialHeapSize=536870912 -XX:MaxHeapSize=536870912 -XX:MaxTenuringThreshold=8 -XX:NewRatio=3 -XX:OldPLABSize=16 -XX:OnOutOfMemoryError=/opt/solr/bin/oom_solr.sh 8983 /var/solr/logs -XX:ParallelGCThreads=4 -XX:+ParallelRefProcEnabled -XX:PretenureSizeThreshold=67108864 -XX:+PrintGC -XX:+PrintGCApplicationStoppedTime -XX:+PrintGCDateStamps -XX:+PrintGCDetails -XX:+PrintGCTimeStamps -XX:+PrintHeapAtGC -XX:+PrintTenuringDistribution -XX:SurvivorRatio=4 -XX:TargetSurvivorRatio=90 -XX:ThreadStackSize=256 -XX:+UseCMSInitiatingOccupancyOnly -XX:+UseCompressedClassPointers -XX:+UseCompressedOops -XX:+UseConcMarkSweepGC -XX:+UseParNewGC 
2016-12-05T18:57:58.765+0100: 0,135: Total time for which application threads were stopped: 0,0000643 seconds, Stopping threads took: 0,0000140 seconds
2016-12-05T18:57:58.874+0100: 0,245: Total time for which application threads were stopped: 0,0000939 seconds, Stopping threads took: 0,0000132 seconds
2016-12-05T18:57:58.888+0100: 0,258: Total time for which application threads were stopped: 0,0000727 seconds, Stopping threads took: 0,0000102 seconds
2016-12-05T18:57:59.133+0100: 0,504: Total time for which application threads were stopped: 0,0001696 seconds, Stopping threads took: 0,0000232 seconds
2016-12-05T18:57:59.597+0100: 0,968: Total time for which application threads were stopped: 0,0001708 seconds, Stopping threads took: 0,0000164 seconds
2016-12-05T18:57:59.664+0100: 1,034: Total time for which application threads were stopped: 0,0001626 seconds, Stopping threads took: 0,0000225 seconds
2016-12-05T18:57:59.686+0100: 1,057: Total time for which application threads were stopped: 0,0001546 seconds, Stopping threads took: 0,0000258 seconds
2016-12-05T18:57:59.939+0100: 1,309: Total time for which application threads were stopped: 0,0001602 seconds, Stopping threads took: 0,0000164 seconds
2016-12-05T18:58:00.150+0100: 1,521: Total time for which application threads were stopped: 0,0003832 seconds, Stopping threads took: 0,0000597 seconds
2016-12-05T18:58:00.173+0100: 1,544: Total time for which application threads were stopped: 0,0001770 seconds, Stopping threads took: 0,0000223 seconds
2016-12-05T18:58:00.174+0100: 1,545: Total time for which application threads were stopped: 0,0001382 seconds, Stopping threads took: 0,0000082 seconds
2016-12-05T18:58:00.190+0100: 1,561: Total time for which application threads were stopped: 0,0001503 seconds, Stopping threads took: 0,0000115 seconds
2016-12-05T18:58:00.306+0100: 1,676: Total time for which application threads were stopped: 0,0002069 seconds, Stopping threads took: 0,0000348 seconds
2016-12-05T18:58:00.456+0100: 1,827: Total time for which application threads were stopped: 0,0002208 seconds, Stopping threads took: 0,0000257 seconds
{Heap before GC invocations=0 (full 0):
 par new generation   total 109248K, used 87424K [0x00000000e0000000, 0x00000000e8000000, 0x00000000e8000000)
  eden space 87424K, 100% used [0x00000000e0000000, 0x00000000e5560000, 0x00000000e5560000)
  from space 21824K,   0% used [0x00000000e5560000, 0x00000000e5560000, 0x00000000e6ab0000)
  to   space 21824K,   0% used [0x00000000e6ab0000, 0x00000000e6ab0000, 0x00000000e8000000)
 concurrent mark-sweep generation total 393216K, used 0K [0x00000000e8000000, 0x0000000100000000, 0x0000000100000000)
 Metaspace       used 18067K, capacity 18366K, committed 18560K, reserved 1064960K
  class space    used 2053K, capacity 2162K, committed 2176K, reserved 1048576K
2016-12-05T18:58:00.575+0100: 1,946: [GC (Allocation Failure) 2016-12-05T18:58:00.575+0100: 1,946: [ParNew
Desired survivor size 20112992 bytes, new threshold 8 (max 8)
- age   1:   12312928 bytes,   12312928 total
: 87424K->12146K(109248K), 0,0155382 secs] 87424K->12146K(502464K), 0,0156243 secs] [Times: user=0,05 sys=0,00, real=0,01 secs] 
Heap after GC invocations=1 (full 0):
 par new generation   total 109248K, used 12146K [0x00000000e0000000, 0x00000000e8000000, 0x00000000e8000000)
  eden space 87424K,   0% used [0x00000000e0000000, 0x00000000e0000000, 0x00000000e5560000)
  from space 21824K,  55% used [0x00000000e6ab0000, 0x00000000e768c960, 0x00000000e8000000)
  to   space 21824K,   0% used [0x00000000e5560000, 0x00000000e5560000, 0x00000000e6ab0000)
 concurrent mark-sweep generation total 393216K, used 0K [0x00000000e8000000, 0x0000000100000000, 0x0000000100000000)
 Metaspace       used 18067K, capacity 18366K, committed 18560K, reserved 1064960K
  class space    used 2053K, capacity 2162K, committed 2176K, reserved 1048576K
}
2016-12-05T18:58:00.591+0100: 1,961: Total time for which application threads were stopped: 0,0158109 seconds, Stopping threads took: 0,0000194 seconds
2016-12-05T18:58:00.760+0100: 2,131: Total time for which application threads were stopped: 0,0003320 seconds, Stopping threads took: 0,0000404 seconds
2016-12-05T18:58:00.806+0100: 2,177: Total time for which application threads were stopped: 0,0003560 seconds, Stopping threads took: 0,0000519 seconds
2016-12-05T18:58:00.833+0100: 2,204: Total time for which application threads were stopped: 0,0003451 seconds, Stopping threads took: 0,0000466 seconds
{Heap before GC invocations=1 (full 0):
 par new generation   total 109248K, used 99570K [0x00000000e0000000, 0x00000000e8000000, 0x00000000e8000000)
  eden space 87424K, 100% used [0x00000000e0000000, 0x00000000e5560000, 0x00000000e5560000)
  from space 21824K,  55% used [0x00000000e6ab0000, 0x00000000e768c960, 0x00000000e8000000)
  to   space 21824K,   0% used [0x00000000e5560000, 0x00000000e5560000, 0x00000000e6ab0000)
 concurrent mark-sweep generation total 393216K, used 0K [0x00000000e8000000, 0x0000000100000000, 0x0000000100000000)
 Metaspace       used 20715K, capacity 21020K, committed 21248K, reserved 1069056K
  class space    used 2403K, capacity 2518K, committed 2560K, reserved 1048576K
2016-12-05T18:58:00.999+0100: 2,370: [GC (Allocation Failure) 2016-12-05T18:58:00.999+0100: 2,370: [ParNew
Desired survivor size 20112992 bytes, new threshold 8 (max 8)
- age   1:    2933160 bytes,    2933160 total
- age   2:    6102040 bytes,    9035200 total
: 99570K->13170K(109248K), 0,0110836 secs] 99570K->13170K(502464K), 0,0111569 secs] [Times: user=0,04 sys=0,00, real=0,01 secs] 
Heap after GC invocations=2 (full 0):
 par new generation   total 109248K, used 13170K [0x00000000e0000000, 0x00000000e8000000, 0x00000000e8000000)
  eden space 87424K,   0% used [0x00000000e0000000, 0x00000000e0000000, 0x00000000e5560000)
  from space 21824K,  60% used [0x00000000e5560000, 0x00000000e623c9c8, 0x00000000e6ab0000)
  to   space 21824K,   0% used [0x00000000e6ab0000, 0x00000000e6ab0000, 0x00000000e8000000)
 concurrent mark-sweep generation total 393216K, used 0K [0x00000000e8000000, 0x0000000100000000, 0x0000000100000000)
 Metaspace       used 20715K, capacity 21020K, committed 21248K, reserved 1069056K
  class space    used 2403K, capacity 2518K, committed 2560K, reserved 1048576K
}
2016-12-05T18:58:01.010+0100: 2,381: Total time for which application threads were stopped: 0,0113925 seconds, Stopping threads took: 0,0000621 seconds
2016-12-05T18:58:01.060+0100: 2,430: Total time for which application threads were stopped: 0,0000739 seconds, Stopping threads took: 0,0000129 seconds
2016-12-05T18:58:01.093+0100: 2,463: Total time for which application threads were stopped: 0,0002910 seconds, Stopping threads took: 0,0000163 seconds
2016-12-05T18:58:01.097+0100: 2,468: Total time for which application threads were stopped: 0,0001318 seconds, Stopping threads took: 0,0000609 seconds
2016-12-05T18:58:01.119+0100: 2,490: Total time for which application threads were stopped: 0,0000766 seconds, Stopping threads took: 0,0000161 seconds
2016-12-05T18:58:01.194+0100: 2,565: Total time for which application threads were stopped: 0,0001077 seconds, Stopping threads took: 0,0000189 seconds
2016-12-05T18:58:01.212+0100: 2,582: Total time for which application threads were stopped: 0,0000937 seconds, Stopping threads took: 0,0000214 seconds
2016-12-05T18:58:01.219+0100: 2,590: Total time for which application threads were stopped: 0,0002717 seconds, Stopping threads took: 0,0000127 seconds
2016-12-05T18:58:01.227+0100: 2,598: Total time for which application threads were stopped: 0,0002900 seconds, Stopping threads took: 0,0000435 seconds
2016-12-05T18:58:01.243+0100: 2,614: Total time for which application threads were stopped: 0,0000847 seconds, Stopping threads took: 0,0000213 seconds
2016-12-05T18:58:01.276+0100: 2,647: Total time for which application threads were stopped: 0,0000855 seconds, Stopping threads took: 0,0000157 seconds
2016-12-05T18:58:01.294+0100: 2,665: Total time for which application threads were stopped: 0,0000631 seconds, Stopping threads took: 0,0000128 seconds
2016-12-05T18:58:01.307+0100: 2,678: Total time for which application threads were stopped: 0,0000962 seconds, Stopping threads took: 0,0000186 seconds
2016-12-05T18:58:01.324+0100: 2,695: Total time for which application threads were stopped: 0,0000894 seconds, Stopping threads took: 0,0000168 seconds
2016-12-05T18:58:01.359+0100: 2,729: Total time for which application threads were stopped: 0,0001390 seconds, Stopping threads took: 0,0000414 seconds
2016-12-05T18:58:01.419+0100: 2,790: Total time for which application threads were stopped: 0,0001068 seconds, Stopping threads took: 0,0000274 seconds
2016-12-05T18:58:01.451+0100: 2,822: Total time for which application threads were stopped: 0,0001197 seconds, Stopping threads took: 0,0000260 seconds
{Heap before GC invocations=2 (full 0):
 par new generation   total 109248K, used 100594K [0x00000000e0000000, 0x00000000e8000000, 0x00000000e8000000)
  eden space 87424K, 100% used [0x00000000e0000000, 0x00000000e5560000, 0x00000000e5560000)
  from space 21824K,  60% used [0x00000000e5560000, 0x00000000e623c9c8, 0x00000000e6ab0000)
  to   space 21824K,   0% used [0x00000000e6ab0000, 0x00000000e6ab0000, 0x00000000e8000000)
 concurrent mark-sweep generation total 393216K, used 0K [0x00000000e8000000, 0x0000000100000000, 0x0000000100000000)
 Metaspace       used 24849K, capacity 25223K, committed 25536K, reserved 1071104K
  class space    used 2896K, capacity 3024K, committed 3040K, reserved 1048576K
2016-12-05T18:58:01.460+0100: 2,831: [GC (Allocation Failure) 2016-12-05T18:58:01.460+0100: 2,831: [ParNew
Desired survivor size 20112992 bytes, new threshold 8 (max 8)
- age   1:    6697520 bytes,    6697520 total
- age   2:     546104 bytes,    7243624 total
- age   3:    6093768 bytes,   13337392 total
: 100594K->15570K(109248K), 0,0125071 secs] 100594K->15570K(502464K), 0,0125793 secs] [Times: user=0,04 sys=0,00, real=0,01 secs] 
Heap after GC invocations=3 (full 0):
 par new generation   total 109248K, used 15570K [0x00000000e0000000, 0x00000000e8000000, 0x00000000e8000000)
  eden space 87424K,   0% used [0x00000000e0000000, 0x00000000e0000000, 0x00000000e5560000)
  from space 21824K,  71% used [0x00000000e6ab0000, 0x00000000e79e48c0, 0x00000000e8000000)
  to   space 21824K,   0% used [0x00000000e5560000, 0x00000000e5560000, 0x00000000e6ab0000)
 concurrent mark-sweep generation total 393216K, used 0K [0x00000000e8000000, 0x0000000100000000, 0x0000000100000000)
 Metaspace       used 24849K, capacity 25223K, committed 25536K, reserved 1071104K
  class space    used 2896K, capacity 3024K, committed 3040K, reserved 1048576K
}
2016-12-05T18:58:01.473+0100: 2,844: Total time for which application threads were stopped: 0,0127622 seconds, Stopping threads took: 0,0000572 seconds
2016-12-05T18:58:01.473+0100: 2,844: [GC (CMS Initial Mark) [1 CMS-initial-mark: 0K(393216K)] 15570K(502464K), 0,0032506 secs] [Times: user=0,01 sys=0,00, real=0,01 secs] 
2016-12-05T18:58:01.476+0100: 2,847: Total time for which application threads were stopped: 0,0034507 seconds, Stopping threads took: 0,0001330 seconds
2016-12-05T18:58:01.477+0100: 2,847: [CMS-concurrent-mark-start]
2016-12-05T18:58:01.477+0100: 2,847: [CMS-concurrent-mark: 0,000/0,000 secs] [Times: user=0,00 sys=0,00, real=0,00 secs] 
2016-12-05T18:58:01.477+0100: 2,848: [CMS-concurrent-preclean-start]
2016-12-05T18:58:01.478+0100: 2,848: [CMS-concurrent-preclean: 0,001/0,001 secs] [Times: user=0,00 sys=0,00, real=0,00 secs] 
2016-12-05T18:58:01.478+0100: 2,849: [GC (CMS Final Remark) [YG occupancy: 16975 K (109248 K)]{Heap before GC invocations=3 (full 1):
 par new generation   total 109248K, used 16975K [0x00000000e0000000, 0x00000000e8000000, 0x00000000e8000000)
  eden space 87424K,   1% used [0x00000000e0000000, 0x00000000e015f420, 0x00000000e5560000)
  from space 21824K,  71% used [0x00000000e6ab0000, 0x00000000e79e48c0, 0x00000000e8000000)
  to   space 21824K,   0% used [0x00000000e5560000, 0x00000000e5560000, 0x00000000e6ab0000)
 concurrent mark-sweep generation total 393216K, used 0K [0x00000000e8000000, 0x0000000100000000, 0x0000000100000000)
 Metaspace       used 24849K, capacity 25223K, committed 25536K, reserved 1071104K
  class space    used 2896K, capacity 3024K, committed 3040K, reserved 1048576K
2016-12-05T18:58:01.478+0100: 2,849: [GC (CMS Final Remark) 2016-12-05T18:58:01.478+0100: 2,849: [ParNew
Desired survivor size 20112992 bytes, new threshold 8 (max 8)
- age   1:      18144 bytes,      18144 total
- age   2:    3151264 bytes,    3169408 total
- age   3:     546104 bytes,    3715512 total
- age   4:    6092288 bytes,    9807800 total
: 16975K->13832K(109248K), 0,0093298 secs] 16975K->13832K(502464K), 0,0093715 secs] [Times: user=0,04 sys=0,00, real=0,01 secs] 
Heap after GC invocations=4 (full 1):
 par new generation   total 109248K, used 13832K [0x00000000e0000000, 0x00000000e8000000, 0x00000000e8000000)
  eden space 87424K,   0% used [0x00000000e0000000, 0x00000000e0000000, 0x00000000e5560000)
  from space 21824K,  63% used [0x00000000e5560000, 0x00000000e62e22a0, 0x00000000e6ab0000)
  to   space 21824K,   0% used [0x00000000e6ab0000, 0x00000000e6ab0000, 0x00000000e8000000)
 concurrent mark-sweep generation total 393216K, used 0K [0x00000000e8000000, 0x0000000100000000, 0x0000000100000000)
 Metaspace       used 24849K, capacity 25223K, committed 25536K, reserved 1071104K
  class space    used 2896K, capacity 3024K, committed 3040K, reserved 1048576K
}
2016-12-05T18:58:01.487+0100: 2,858: [Rescan (parallel) , 0,0037888 secs]2016-12-05T18:58:01.491+0100: 2,862: [weak refs processing, 0,0009255 secs]2016-12-05T18:58:01.492+0100: 2,863: [class unloading, 0,0030864 secs]2016-12-05T18:58:01.495+0100: 2,866: [scrub symbol table, 0,0033806 secs]2016-12-05T18:58:01.499+0100: 2,869: [scrub string table, 0,0004243 secs][1 CMS-remark: 0K(393216K)] 13832K(502464K), 0,0217013 secs] [Times: user=0,06 sys=0,00, real=0,02 secs] 
2016-12-05T18:58:01.500+0100: 2,870: Total time for which application threads were stopped: 0,0218065 seconds, Stopping threads took: 0,0000377 seconds
2016-12-05T18:58:01.500+0100: 2,870: [CMS-concurrent-sweep-start]
2016-12-05T18:58:01.500+0100: 2,870: [CMS-concurrent-sweep: 0,000/0,000 secs] [Times: user=0,00 sys=0,00, real=0,00 secs] 
2016-12-05T18:58:01.500+0100: 2,870: [CMS-concurrent-reset-start]
2016-12-05T18:58:01.501+0100: 2,872: [CMS-concurrent-reset: 0,001/0,001 secs] [Times: user=0,01 sys=0,00, real=0,00 secs] 
2016-12-05T18:58:02.500+0100: 3,871: Total time for which application threads were stopped: 0,0000960 seconds, Stopping threads took: 0,0000167 seconds
2016-12-05T18:58:02.679+0100: 4,049: Total time for which application threads were stopped: 0,0002609 seconds, Stopping threads took: 0,0000182 seconds
2016-12-05T18:58:30.689+0100: 32,060: Total time for which application threads were stopped: 0,0000612 seconds, Stopping threads took: 0,0000179 seconds
2016-12-05T19:00:45.705+0100: 167,075: Total time for which application threads were stopped: 0,0000960 seconds, Stopping threads took: 0,0000317 seconds
2016-12-05T19:01:04.707+0100: 186,078: Total time for which application threads were stopped: 0,0000803 seconds, Stopping threads took: 0,0000335 seconds
2016-12-05T19:01:55.713+0100: 237,084: Total time for which application threads were stopped: 0,0000738 seconds, Stopping threads took: 0,0000319 seconds
2016-12-05T19:02:34.718+0100: 276,089: Total time for which application threads were stopped: 0,0000726 seconds, Stopping threads took: 0,0000306 seconds
2016-12-05T19:02:45.719+0100: 287,090: Total time for which application threads were stopped: 0,0000617 seconds, Stopping threads took: 0,0000165 seconds
2016-12-05T19:03:20.724+0100: 322,095: Total time for which application threads were stopped: 0,0000986 seconds, Stopping threads took: 0,0000411 seconds
2016-12-05T19:03:24.725+0100: 326,095: Total time for which application threads were stopped: 0,0002698 seconds, Stopping threads took: 0,0000785 seconds
2016-12-05T19:06:00.744+0100: 482,115: Total time for which application threads were stopped: 0,0001980 seconds, Stopping threads took: 0,0000854 seconds
2016-12-05T19:08:40.763+0100: 642,133: Total time for which application threads were stopped: 0,0001316 seconds, Stopping threads took: 0,0000643 seconds
2016-12-05T19:21:39.857+0100: 1421,228: Total time for which application threads were stopped: 0,0000851 seconds, Stopping threads took: 0,0000300 seconds
2016-12-05T19:26:44.894+0100: 1726,265: Total time for which application threads were stopped: 0,0000820 seconds, Stopping threads took: 0,0000363 seconds
2016-12-05T19:36:39.961+0100: 2321,332: Total time for which application threads were stopped: 0,0000745 seconds, Stopping threads took: 0,0000321 seconds
2016-12-05T19:36:40.961+0100: 2322,332: Total time for which application threads were stopped: 0,0000825 seconds, Stopping threads took: 0,0000201 seconds
2016-12-05T19:39:15.974+0100: 2477,345: Total time for which application threads were stopped: 0,0001010 seconds, Stopping threads took: 0,0000389 seconds
2016-12-05T19:51:51.042+0100: 3232,413: Total time for which application threads were stopped: 0,0000852 seconds, Stopping threads took: 0,0000308 seconds
2016-12-05T20:02:35.092+0100: 3876,463: Total time for which application threads were stopped: 0,0000711 seconds, Stopping threads took: 0,0000260 seconds
2016-12-05T20:02:40.093+0100: 3881,464: Total time for which application threads were stopped: 0,0000691 seconds, Stopping threads took: 0,0000181 seconds
2016-12-05T20:05:00.107+0100: 4021,478: Total time for which application threads were stopped: 0,0000854 seconds, Stopping threads took: 0,0000376 seconds
2016-12-05T20:45:31.377+0100: 6452,748: Total time for which application threads were stopped: 0,0002067 seconds, Stopping threads took: 0,0000732 seconds
2016-12-05T20:46:06.383+0100: 6487,753: Total time for which application threads were stopped: 0,0001471 seconds, Stopping threads took: 0,0000564 seconds
2016-12-05T20:49:41.416+0100: 6702,787: Total time for which application threads were stopped: 0,0001594 seconds, Stopping threads took: 0,0000677 seconds
2016-12-05T21:03:00.544+0100: 7501,915: Total time for which application threads were stopped: 0,0001916 seconds, Stopping threads took: 0,0000924 seconds
2016-12-05T21:03:30.549+0100: 7531,920: Total time for which application threads were stopped: 0,0001681 seconds, Stopping threads took: 0,0000647 seconds
2016-12-05T21:06:00.574+0100: 7681,944: Total time for which application threads were stopped: 0,0000720 seconds, Stopping threads took: 0,0000291 seconds
2016-12-05T21:06:30.579+0100: 7711,949: Total time for which application threads were stopped: 0,0001570 seconds, Stopping threads took: 0,0000612 seconds
2016-12-05T22:07:31.020+0100: 11372,390: Total time for which application threads were stopped: 0,0002730 seconds, Stopping threads took: 0,0001276 seconds
2016-12-05T23:14:00.467+0100: 15361,837: Total time for which application threads were stopped: 0,0000838 seconds, Stopping threads took: 0,0000291 seconds
2016-12-05T23:17:11.487+0100: 15552,857: Total time for which application threads were stopped: 0,0000908 seconds, Stopping threads took: 0,0000401 seconds
2016-12-05T23:37:30.614+0100: 16771,984: Total time for which application threads were stopped: 0,0000801 seconds, Stopping threads took: 0,0000318 seconds
2016-12-06T00:10:15.169+0100: 18736,540: Total time for which application threads were stopped: 0,0002205 seconds, Stopping threads took: 0,0000384 seconds
Heap
 par new generation   total 109248K, used 57439K [0x00000000e0000000, 0x00000000e8000000, 0x00000000e8000000)
  eden space 87424K,  49% used [0x00000000e0000000, 0x00000000e2a95b98, 0x00000000e5560000)
  from space 21824K,  63% used [0x00000000e5560000, 0x00000000e62e22a0, 0x00000000e6ab0000)
  to   space 21824K,   0% used [0x00000000e6ab0000, 0x00000000e6ab0000, 0x00000000e8000000)
 concurrent mark-sweep generation total 393216K, used 0K [0x00000000e8000000, 0x0000000100000000, 0x0000000100000000)
 Metaspace       used 27198K, capacity 27661K, committed 27968K, reserved 1073152K
  class space    used 3160K, capacity 3319K, committed 3424K, reserved 1048576K
