OpenJDK 64-Bit Server VM (25.121-b13) for linux-amd64 JRE (1.8.0_121-8u121-b13-0ubuntu1.16.04.2-b13), built on Jan 23 2017 15:51:29 by "buildd" with gcc 5.4.0 20160609
Memory: 4k page, physical 7867764k(7430496k free), swap 8076284k(8076284k free)
CommandLine flags: -XX:CMSInitiatingOccupancyFraction=50 -XX:CMSMaxAbortablePrecleanTime=6000 -XX:+CMSParallelRemarkEnabled -XX:+CMSScavengeBeforeRemark -XX:ConcGCThreads=4 -XX:InitialHeapSize=536870912 -XX:MaxHeapSize=536870912 -XX:MaxTenuringThreshold=8 -XX:NewRatio=3 -XX:OldPLABSize=16 -XX:OnOutOfMemoryError=/opt/solr/bin/oom_solr.sh 8983 /var/solr/logs -XX:ParallelGCThreads=4 -XX:+ParallelRefProcEnabled -XX:PretenureSizeThreshold=67108864 -XX:+PrintGC -XX:+PrintGCApplicationStoppedTime -XX:+PrintGCDateStamps -XX:+PrintGCDetails -XX:+PrintGCTimeStamps -XX:+PrintHeapAtGC -XX:+PrintTenuringDistribution -XX:SurvivorRatio=4 -XX:TargetSurvivorRatio=90 -XX:ThreadStackSize=256 -XX:+UseCMSInitiatingOccupancyOnly -XX:+UseCompressedClassPointers -XX:+UseCompressedOops -XX:+UseConcMarkSweepGC -XX:+UseParNewGC 
2017-04-20T12:08:50.744+0200: 0,157: Total time for which application threads were stopped: 0,0000714 seconds, Stopping threads took: 0,0000099 seconds
2017-04-20T12:08:50.837+0200: 0,250: Total time for which application threads were stopped: 0,0001197 seconds, Stopping threads took: 0,0000271 seconds
2017-04-20T12:08:50.864+0200: 0,277: Total time for which application threads were stopped: 0,0001059 seconds, Stopping threads took: 0,0000132 seconds
2017-04-20T12:08:51.328+0200: 0,741: Total time for which application threads were stopped: 0,0001839 seconds, Stopping threads took: 0,0000178 seconds
2017-04-20T12:08:51.688+0200: 1,101: Total time for which application threads were stopped: 0,0002429 seconds, Stopping threads took: 0,0000194 seconds
2017-04-20T12:08:51.748+0200: 1,161: Total time for which application threads were stopped: 0,0001365 seconds, Stopping threads took: 0,0000152 seconds
2017-04-20T12:08:51.768+0200: 1,182: Total time for which application threads were stopped: 0,0001725 seconds, Stopping threads took: 0,0000402 seconds
2017-04-20T12:08:52.036+0200: 1,449: Total time for which application threads were stopped: 0,0010082 seconds, Stopping threads took: 0,0000969 seconds
2017-04-20T12:08:52.281+0200: 1,694: Total time for which application threads were stopped: 0,0001907 seconds, Stopping threads took: 0,0000115 seconds
2017-04-20T12:08:52.309+0200: 1,722: Total time for which application threads were stopped: 0,0004218 seconds, Stopping threads took: 0,0000797 seconds
2017-04-20T12:08:52.332+0200: 1,745: Total time for which application threads were stopped: 0,0002120 seconds, Stopping threads took: 0,0000186 seconds
2017-04-20T12:08:52.333+0200: 1,746: Total time for which application threads were stopped: 0,0002851 seconds, Stopping threads took: 0,0000101 seconds
2017-04-20T12:08:52.346+0200: 1,760: Total time for which application threads were stopped: 0,0001975 seconds, Stopping threads took: 0,0000156 seconds
2017-04-20T12:08:52.425+0200: 1,838: Total time for which application threads were stopped: 0,0002438 seconds, Stopping threads took: 0,0000198 seconds
2017-04-20T12:08:52.594+0200: 2,007: Total time for which application threads were stopped: 0,0002665 seconds, Stopping threads took: 0,0000513 seconds
{Heap before GC invocations=0 (full 0):
 par new generation   total 109248K, used 87424K [0x00000000e0000000, 0x00000000e8000000, 0x00000000e8000000)
  eden space 87424K, 100% used [0x00000000e0000000, 0x00000000e5560000, 0x00000000e5560000)
  from space 21824K,   0% used [0x00000000e5560000, 0x00000000e5560000, 0x00000000e6ab0000)
  to   space 21824K,   0% used [0x00000000e6ab0000, 0x00000000e6ab0000, 0x00000000e8000000)
 concurrent mark-sweep generation total 393216K, used 0K [0x00000000e8000000, 0x0000000100000000, 0x0000000100000000)
 Metaspace       used 17995K, capacity 18336K, committed 18688K, reserved 1064960K
  class space    used 2036K, capacity 2196K, committed 2304K, reserved 1048576K
2017-04-20T12:08:52.677+0200: 2,090: [GC (Allocation Failure) 2017-04-20T12:08:52.677+0200: 2,090: [ParNew
Desired survivor size 20112992 bytes, new threshold 8 (max 8)
- age   1:   12526528 bytes,   12526528 total
: 87424K->12340K(109248K), 0,0159844 secs] 87424K->12340K(502464K), 0,0160707 secs] [Times: user=0,04 sys=0,02, real=0,02 secs] 
Heap after GC invocations=1 (full 0):
 par new generation   total 109248K, used 12340K [0x00000000e0000000, 0x00000000e8000000, 0x00000000e8000000)
  eden space 87424K,   0% used [0x00000000e0000000, 0x00000000e0000000, 0x00000000e5560000)
  from space 21824K,  56% used [0x00000000e6ab0000, 0x00000000e76bd3d8, 0x00000000e8000000)
  to   space 21824K,   0% used [0x00000000e5560000, 0x00000000e5560000, 0x00000000e6ab0000)
 concurrent mark-sweep generation total 393216K, used 0K [0x00000000e8000000, 0x0000000100000000, 0x0000000100000000)
 Metaspace       used 17995K, capacity 18336K, committed 18688K, reserved 1064960K
  class space    used 2036K, capacity 2196K, committed 2304K, reserved 1048576K
}
2017-04-20T12:08:52.693+0200: 2,107: Total time for which application threads were stopped: 0,0163241 seconds, Stopping threads took: 0,0000722 seconds
2017-04-20T12:08:52.993+0200: 2,406: Total time for which application threads were stopped: 0,0002992 seconds, Stopping threads took: 0,0000241 seconds
2017-04-20T12:08:53.035+0200: 2,448: Total time for which application threads were stopped: 0,0021056 seconds, Stopping threads took: 0,0017856 seconds
{Heap before GC invocations=1 (full 0):
 par new generation   total 109248K, used 99764K [0x00000000e0000000, 0x00000000e8000000, 0x00000000e8000000)
  eden space 87424K, 100% used [0x00000000e0000000, 0x00000000e5560000, 0x00000000e5560000)
  from space 21824K,  56% used [0x00000000e6ab0000, 0x00000000e76bd3d8, 0x00000000e8000000)
  to   space 21824K,   0% used [0x00000000e5560000, 0x00000000e5560000, 0x00000000e6ab0000)
 concurrent mark-sweep generation total 393216K, used 0K [0x00000000e8000000, 0x0000000100000000, 0x0000000100000000)
 Metaspace       used 20047K, capacity 20366K, committed 20736K, reserved 1067008K
  class space    used 2296K, capacity 2469K, committed 2560K, reserved 1048576K
2017-04-20T12:08:53.037+0200: 2,450: [GC (Allocation Failure) 2017-04-20T12:08:53.037+0200: 2,450: [ParNew
Desired survivor size 20112992 bytes, new threshold 8 (max 8)
- age   1:    3638312 bytes,    3638312 total
- age   2:    6632320 bytes,   10270632 total
: 99764K->13699K(109248K), 0,0123569 secs] 99764K->13699K(502464K), 0,0124251 secs] [Times: user=0,04 sys=0,00, real=0,02 secs] 
Heap after GC invocations=2 (full 0):
 par new generation   total 109248K, used 13699K [0x00000000e0000000, 0x00000000e8000000, 0x00000000e8000000)
  eden space 87424K,   0% used [0x00000000e0000000, 0x00000000e0000000, 0x00000000e5560000)
  from space 21824K,  62% used [0x00000000e5560000, 0x00000000e62c0c00, 0x00000000e6ab0000)
  to   space 21824K,   0% used [0x00000000e6ab0000, 0x00000000e6ab0000, 0x00000000e8000000)
 concurrent mark-sweep generation total 393216K, used 0K [0x00000000e8000000, 0x0000000100000000, 0x0000000100000000)
 Metaspace       used 20047K, capacity 20366K, committed 20736K, reserved 1067008K
  class space    used 2296K, capacity 2469K, committed 2560K, reserved 1048576K
}
2017-04-20T12:08:53.050+0200: 2,463: Total time for which application threads were stopped: 0,0125977 seconds, Stopping threads took: 0,0000507 seconds
2017-04-20T12:08:53.105+0200: 2,518: Total time for which application threads were stopped: 0,0003644 seconds, Stopping threads took: 0,0000370 seconds
2017-04-20T12:08:53.221+0200: 2,634: Total time for which application threads were stopped: 0,0001808 seconds, Stopping threads took: 0,0000588 seconds
{Heap before GC invocations=2 (full 0):
 par new generation   total 109248K, used 101123K [0x00000000e0000000, 0x00000000e8000000, 0x00000000e8000000)
  eden space 87424K, 100% used [0x00000000e0000000, 0x00000000e5560000, 0x00000000e5560000)
  from space 21824K,  62% used [0x00000000e5560000, 0x00000000e62c0c00, 0x00000000e6ab0000)
  to   space 21824K,   0% used [0x00000000e6ab0000, 0x00000000e6ab0000, 0x00000000e8000000)
 concurrent mark-sweep generation total 393216K, used 0K [0x00000000e8000000, 0x0000000100000000, 0x0000000100000000)
 Metaspace       used 20958K, capacity 21288K, committed 21628K, reserved 1069056K
  class space    used 2417K, capacity 2588K, committed 2684K, reserved 1048576K
2017-04-20T12:08:53.270+0200: 2,683: [GC (Allocation Failure) 2017-04-20T12:08:53.270+0200: 2,683: [ParNew
Desired survivor size 20112992 bytes, new threshold 8 (max 8)
- age   1:    2155584 bytes,    2155584 total
- age   2:     877616 bytes,    3033200 total
- age   3:    6627968 bytes,    9661168 total
: 101123K->12865K(109248K), 0,0185212 secs] 101123K->12865K(502464K), 0,0186327 secs] [Times: user=0,05 sys=0,01, real=0,02 secs] 
Heap after GC invocations=3 (full 0):
 par new generation   total 109248K, used 12865K [0x00000000e0000000, 0x00000000e8000000, 0x00000000e8000000)
  eden space 87424K,   0% used [0x00000000e0000000, 0x00000000e0000000, 0x00000000e5560000)
  from space 21824K,  58% used [0x00000000e6ab0000, 0x00000000e77407f8, 0x00000000e8000000)
  to   space 21824K,   0% used [0x00000000e5560000, 0x00000000e5560000, 0x00000000e6ab0000)
 concurrent mark-sweep generation total 393216K, used 0K [0x00000000e8000000, 0x0000000100000000, 0x0000000100000000)
 Metaspace       used 20958K, capacity 21288K, committed 21628K, reserved 1069056K
  class space    used 2417K, capacity 2588K, committed 2684K, reserved 1048576K
}
2017-04-20T12:08:53.289+0200: 2,702: Total time for which application threads were stopped: 0,0188504 seconds, Stopping threads took: 0,0000391 seconds
2017-04-20T12:08:53.289+0200: 2,702: [GC (CMS Initial Mark) [1 CMS-initial-mark: 0K(393216K)] 14303K(502464K), 0,0034980 secs] [Times: user=0,02 sys=0,00, real=0,00 secs] 
2017-04-20T12:08:53.293+0200: 2,706: Total time for which application threads were stopped: 0,0036415 seconds, Stopping threads took: 0,0000333 seconds
2017-04-20T12:08:53.293+0200: 2,706: [CMS-concurrent-mark-start]
2017-04-20T12:08:53.302+0200: 2,715: [CMS-concurrent-mark: 0,010/0,010 secs] [Times: user=0,03 sys=0,00, real=0,01 secs] 
2017-04-20T12:08:53.302+0200: 2,715: [CMS-concurrent-preclean-start]
2017-04-20T12:08:53.304+0200: 2,717: [CMS-concurrent-preclean: 0,001/0,001 secs] [Times: user=0,01 sys=0,00, real=0,00 secs] 
2017-04-20T12:08:53.304+0200: 2,717: [CMS-concurrent-abortable-preclean-start]
2017-04-20T12:08:53.381+0200: 2,795: Total time for which application threads were stopped: 0,0001838 seconds, Stopping threads took: 0,0000684 seconds
{Heap before GC invocations=3 (full 1):
 par new generation   total 109248K, used 100289K [0x00000000e0000000, 0x00000000e8000000, 0x00000000e8000000)
  eden space 87424K, 100% used [0x00000000e0000000, 0x00000000e5560000, 0x00000000e5560000)
  from space 21824K,  58% used [0x00000000e6ab0000, 0x00000000e77407f8, 0x00000000e8000000)
  to   space 21824K,   0% used [0x00000000e5560000, 0x00000000e5560000, 0x00000000e6ab0000)
 concurrent mark-sweep generation total 393216K, used 0K [0x00000000e8000000, 0x0000000100000000, 0x0000000100000000)
 Metaspace       used 21229K, capacity 21560K, committed 21884K, reserved 1069056K
  class space    used 2447K, capacity 2604K, committed 2684K, reserved 1048576K
2017-04-20T12:08:53.402+0200: 2,815: [GC (Allocation Failure) 2017-04-20T12:08:53.402+0200: 2,815: [ParNew
Desired survivor size 20112992 bytes, new threshold 8 (max 8)
- age   1:    1322648 bytes,    1322648 total
- age   2:    1458656 bytes,    2781304 total
- age   3:     852144 bytes,    3633448 total
- age   4:    6628008 bytes,   10261456 total
: 100289K->12418K(109248K), 0,0103007 secs] 100289K->12418K(502464K), 0,0103621 secs] [Times: user=0,04 sys=0,00, real=0,01 secs] 
Heap after GC invocations=4 (full 1):
 par new generation   total 109248K, used 12418K [0x00000000e0000000, 0x00000000e8000000, 0x00000000e8000000)
  eden space 87424K,   0% used [0x00000000e0000000, 0x00000000e0000000, 0x00000000e5560000)
  from space 21824K,  56% used [0x00000000e5560000, 0x00000000e6180ba0, 0x00000000e6ab0000)
  to   space 21824K,   0% used [0x00000000e6ab0000, 0x00000000e6ab0000, 0x00000000e8000000)
 concurrent mark-sweep generation total 393216K, used 0K [0x00000000e8000000, 0x0000000100000000, 0x0000000100000000)
 Metaspace       used 21229K, capacity 21560K, committed 21884K, reserved 1069056K
  class space    used 2447K, capacity 2604K, committed 2684K, reserved 1048576K
}
2017-04-20T12:08:53.412+0200: 2,825: Total time for which application threads were stopped: 0,0113431 seconds, Stopping threads took: 0,0008442 seconds
{Heap before GC invocations=4 (full 1):
 par new generation   total 109248K, used 99842K [0x00000000e0000000, 0x00000000e8000000, 0x00000000e8000000)
  eden space 87424K, 100% used [0x00000000e0000000, 0x00000000e5560000, 0x00000000e5560000)
  from space 21824K,  56% used [0x00000000e5560000, 0x00000000e6180ba0, 0x00000000e6ab0000)
  to   space 21824K,   0% used [0x00000000e6ab0000, 0x00000000e6ab0000, 0x00000000e8000000)
 concurrent mark-sweep generation total 393216K, used 0K [0x00000000e8000000, 0x0000000100000000, 0x0000000100000000)
 Metaspace       used 21381K, capacity 21796K, committed 21884K, reserved 1069056K
  class space    used 2465K, capacity 2638K, committed 2684K, reserved 1048576K
2017-04-20T12:08:53.514+0200: 2,927: [GC (Allocation Failure) 2017-04-20T12:08:53.514+0200: 2,927: [ParNew
Desired survivor size 20112992 bytes, new threshold 8 (max 8)
- age   1:     576464 bytes,     576464 total
- age   2:     188672 bytes,     765136 total
- age   3:    1458408 bytes,    2223544 total
- age   4:     852032 bytes,    3075576 total
- age   5:    6628048 bytes,    9703624 total
: 99842K->15325K(109248K), 0,0098638 secs] 99842K->15325K(502464K), 0,0099298 secs] [Times: user=0,04 sys=0,00, real=0,01 secs] 
Heap after GC invocations=5 (full 1):
 par new generation   total 109248K, used 15325K [0x00000000e0000000, 0x00000000e8000000, 0x00000000e8000000)
  eden space 87424K,   0% used [0x00000000e0000000, 0x00000000e0000000, 0x00000000e5560000)
  from space 21824K,  70% used [0x00000000e6ab0000, 0x00000000e79a7728, 0x00000000e8000000)
  to   space 21824K,   0% used [0x00000000e5560000, 0x00000000e5560000, 0x00000000e6ab0000)
 concurrent mark-sweep generation total 393216K, used 0K [0x00000000e8000000, 0x0000000100000000, 0x0000000100000000)
 Metaspace       used 21381K, capacity 21796K, committed 21884K, reserved 1069056K
  class space    used 2465K, capacity 2638K, committed 2684K, reserved 1048576K
}
2017-04-20T12:08:53.524+0200: 2,937: Total time for which application threads were stopped: 0,0101474 seconds, Stopping threads took: 0,0000752 seconds
2017-04-20T12:08:53.524+0200: 2,937: [CMS-concurrent-abortable-preclean: 0,174/0,220 secs] [Times: user=0,84 sys=0,00, real=0,22 secs] 
2017-04-20T12:08:53.538+0200: 2,951: [GC (CMS Final Remark) [YG occupancy: 24624 K (109248 K)]{Heap before GC invocations=5 (full 1):
 par new generation   total 109248K, used 24624K [0x00000000e0000000, 0x00000000e8000000, 0x00000000e8000000)
  eden space 87424K,  10% used [0x00000000e0000000, 0x00000000e0914ab0, 0x00000000e5560000)
  from space 21824K,  70% used [0x00000000e6ab0000, 0x00000000e79a7728, 0x00000000e8000000)
  to   space 21824K,   0% used [0x00000000e5560000, 0x00000000e5560000, 0x00000000e6ab0000)
 concurrent mark-sweep generation total 393216K, used 0K [0x00000000e8000000, 0x0000000100000000, 0x0000000100000000)
 Metaspace       used 21447K, capacity 21860K, committed 21960K, reserved 1069056K
  class space    used 2472K, capacity 2638K, committed 2684K, reserved 1048576K
2017-04-20T12:08:53.538+0200: 2,951: [GC (CMS Final Remark) 2017-04-20T12:08:53.538+0200: 2,951: [ParNew
Desired survivor size 20112992 bytes, new threshold 8 (max 8)
- age   1:     426904 bytes,     426904 total
- age   2:     111728 bytes,     538632 total
- age   3:     187880 bytes,     726512 total
- age   4:    1457048 bytes,    2183560 total
- age   5:     852032 bytes,    3035592 total
- age   6:    6628000 bytes,    9663592 total
: 24624K->11396K(109248K), 0,0097147 secs] 24624K->11396K(502464K), 0,0097588 secs] [Times: user=0,03 sys=0,00, real=0,01 secs] 
Heap after GC invocations=6 (full 1):
 par new generation   total 109248K, used 11396K [0x00000000e0000000, 0x00000000e8000000, 0x00000000e8000000)
  eden space 87424K,   0% used [0x00000000e0000000, 0x00000000e0000000, 0x00000000e5560000)
  from space 21824K,  52% used [0x00000000e5560000, 0x00000000e6081060, 0x00000000e6ab0000)
  to   space 21824K,   0% used [0x00000000e6ab0000, 0x00000000e6ab0000, 0x00000000e8000000)
 concurrent mark-sweep generation total 393216K, used 0K [0x00000000e8000000, 0x0000000100000000, 0x0000000100000000)
 Metaspace       used 21447K, capacity 21860K, committed 21960K, reserved 1069056K
  class space    used 2472K, capacity 2638K, committed 2684K, reserved 1048576K
}
2017-04-20T12:08:53.548+0200: 2,961: [Rescan (parallel) , 0,0033786 secs]2017-04-20T12:08:53.552+0200: 2,965: [weak refs processing, 0,0007887 secs]2017-04-20T12:08:53.552+0200: 2,965: [class unloading, 0,0029904 secs]2017-04-20T12:08:53.555+0200: 2,968: [scrub symbol table, 0,0032816 secs]2017-04-20T12:08:53.559+0200: 2,972: [scrub string table, 0,0003771 secs][1 CMS-remark: 0K(393216K)] 11396K(502464K), 0,0212604 secs] [Times: user=0,05 sys=0,00, real=0,02 secs] 
2017-04-20T12:08:53.560+0200: 2,973: Total time for which application threads were stopped: 0,0216649 seconds, Stopping threads took: 0,0002837 seconds
2017-04-20T12:08:53.560+0200: 2,973: [CMS-concurrent-sweep-start]
2017-04-20T12:08:53.560+0200: 2,974: [CMS-concurrent-sweep: 0,000/0,000 secs] [Times: user=0,00 sys=0,00, real=0,00 secs] 
2017-04-20T12:08:53.560+0200: 2,974: [CMS-concurrent-reset-start]
2017-04-20T12:08:53.563+0200: 2,976: [CMS-concurrent-reset: 0,002/0,002 secs] [Times: user=0,01 sys=0,00, real=0,00 secs] 
2017-04-20T12:08:53.584+0200: 2,997: Total time for which application threads were stopped: 0,0003077 seconds, Stopping threads took: 0,0000211 seconds
2017-04-20T12:08:53.820+0200: 3,233: Total time for which application threads were stopped: 0,0003967 seconds, Stopping threads took: 0,0000237 seconds
2017-04-20T12:08:53.836+0200: 3,249: Total time for which application threads were stopped: 0,0004032 seconds, Stopping threads took: 0,0000419 seconds
{Heap before GC invocations=6 (full 1):
 par new generation   total 109248K, used 98820K [0x00000000e0000000, 0x00000000e8000000, 0x00000000e8000000)
  eden space 87424K, 100% used [0x00000000e0000000, 0x00000000e5560000, 0x00000000e5560000)
  from space 21824K,  52% used [0x00000000e5560000, 0x00000000e6081060, 0x00000000e6ab0000)
  to   space 21824K,   0% used [0x00000000e6ab0000, 0x00000000e6ab0000, 0x00000000e8000000)
 concurrent mark-sweep generation total 393216K, used 0K [0x00000000e8000000, 0x0000000100000000, 0x0000000100000000)
 Metaspace       used 23746K, capacity 24226K, committed 24572K, reserved 1071104K
  class space    used 2792K, capacity 2979K, committed 3068K, reserved 1048576K
2017-04-20T12:08:53.972+0200: 3,385: [GC (Allocation Failure) 2017-04-20T12:08:53.972+0200: 3,385: [ParNew
Desired survivor size 20112992 bytes, new threshold 8 (max 8)
- age   1:    5021576 bytes,    5021576 total
- age   2:      74080 bytes,    5095656 total
- age   3:     111600 bytes,    5207256 total
- age   4:     187272 bytes,    5394528 total
- age   5:     288624 bytes,    5683152 total
- age   6:     827736 bytes,    6510888 total
- age   7:    6619648 bytes,   13130536 total
: 98820K->16434K(109248K), 0,0117647 secs] 98820K->16434K(502464K), 0,0118357 secs] [Times: user=0,04 sys=0,00, real=0,01 secs] 
Heap after GC invocations=7 (full 1):
 par new generation   total 109248K, used 16434K [0x00000000e0000000, 0x00000000e8000000, 0x00000000e8000000)
  eden space 87424K,   0% used [0x00000000e0000000, 0x00000000e0000000, 0x00000000e5560000)
  from space 21824K,  75% used [0x00000000e6ab0000, 0x00000000e7abcb40, 0x00000000e8000000)
  to   space 21824K,   0% used [0x00000000e5560000, 0x00000000e5560000, 0x00000000e6ab0000)
 concurrent mark-sweep generation total 393216K, used 0K [0x00000000e8000000, 0x0000000100000000, 0x0000000100000000)
 Metaspace       used 23746K, capacity 24226K, committed 24572K, reserved 1071104K
  class space    used 2792K, capacity 2979K, committed 3068K, reserved 1048576K
}
2017-04-20T12:08:53.984+0200: 3,397: Total time for which application threads were stopped: 0,0127219 seconds, Stopping threads took: 0,0007060 seconds
{Heap before GC invocations=7 (full 1):
 par new generation   total 109248K, used 103858K [0x00000000e0000000, 0x00000000e8000000, 0x00000000e8000000)
  eden space 87424K, 100% used [0x00000000e0000000, 0x00000000e5560000, 0x00000000e5560000)
  from space 21824K,  75% used [0x00000000e6ab0000, 0x00000000e7abcb40, 0x00000000e8000000)
  to   space 21824K,   0% used [0x00000000e5560000, 0x00000000e5560000, 0x00000000e6ab0000)
 concurrent mark-sweep generation total 393216K, used 0K [0x00000000e8000000, 0x0000000100000000, 0x0000000100000000)
 Metaspace       used 24164K, capacity 24680K, committed 24828K, reserved 1071104K
  class space    used 2840K, capacity 3044K, committed 3068K, reserved 1048576K
2017-04-20T12:08:54.077+0200: 3,490: [GC (Allocation Failure) 2017-04-20T12:08:54.077+0200: 3,490: [ParNew
Desired survivor size 20112992 bytes, new threshold 8 (max 8)
- age   1:    1827176 bytes,    1827176 total
- age   2:    1738776 bytes,    3565952 total
- age   3:      31472 bytes,    3597424 total
- age   4:      54032 bytes,    3651456 total
- age   5:     107744 bytes,    3759200 total
- age   6:     192000 bytes,    3951200 total
- age   7:     785512 bytes,    4736712 total
- age   8:    6087032 bytes,   10823744 total
: 103858K->17507K(109248K), 0,0191861 secs] 103858K->17507K(502464K), 0,0192664 secs] [Times: user=0,07 sys=0,00, real=0,02 secs] 
Heap after GC invocations=8 (full 1):
 par new generation   total 109248K, used 17507K [0x00000000e0000000, 0x00000000e8000000, 0x00000000e8000000)
  eden space 87424K,   0% used [0x00000000e0000000, 0x00000000e0000000, 0x00000000e5560000)
  from space 21824K,  80% used [0x00000000e5560000, 0x00000000e6678ca0, 0x00000000e6ab0000)
  to   space 21824K,   0% used [0x00000000e6ab0000, 0x00000000e6ab0000, 0x00000000e8000000)
 concurrent mark-sweep generation total 393216K, used 0K [0x00000000e8000000, 0x0000000100000000, 0x0000000100000000)
 Metaspace       used 24164K, capacity 24680K, committed 24828K, reserved 1071104K
  class space    used 2840K, capacity 3044K, committed 3068K, reserved 1048576K
}
2017-04-20T12:08:54.097+0200: 3,510: Total time for which application threads were stopped: 0,0197175 seconds, Stopping threads took: 0,0002517 seconds
{Heap before GC invocations=8 (full 1):
 par new generation   total 109248K, used 104931K [0x00000000e0000000, 0x00000000e8000000, 0x00000000e8000000)
  eden space 87424K, 100% used [0x00000000e0000000, 0x00000000e5560000, 0x00000000e5560000)
  from space 21824K,  80% used [0x00000000e5560000, 0x00000000e6678ca0, 0x00000000e6ab0000)
  to   space 21824K,   0% used [0x00000000e6ab0000, 0x00000000e6ab0000, 0x00000000e8000000)
 concurrent mark-sweep generation total 393216K, used 0K [0x00000000e8000000, 0x0000000100000000, 0x0000000100000000)
 Metaspace       used 24472K, capacity 24962K, committed 25084K, reserved 1071104K
  class space    used 2863K, capacity 3049K, committed 3068K, reserved 1048576K
2017-04-20T12:08:54.174+0200: 3,588: [GC (Allocation Failure) 2017-04-20T12:08:54.175+0200: 3,588: [ParNew
Desired survivor size 20112992 bytes, new threshold 8 (max 8)
- age   1:     623704 bytes,     623704 total
- age   2:     590160 bytes,    1213864 total
- age   3:    1712072 bytes,    2925936 total
- age   4:      31472 bytes,    2957408 total
- age   5:      54032 bytes,    3011440 total
- age   6:     107640 bytes,    3119080 total
- age   7:     192000 bytes,    3311080 total
- age   8:     785512 bytes,    4096592 total
: 104931K->6950K(109248K), 0,0283950 secs] 104931K->12977K(502464K), 0,0284666 secs] [Times: user=0,10 sys=0,01, real=0,03 secs] 
Heap after GC invocations=9 (full 1):
 par new generation   total 109248K, used 6950K [0x00000000e0000000, 0x00000000e8000000, 0x00000000e8000000)
  eden space 87424K,   0% used [0x00000000e0000000, 0x00000000e0000000, 0x00000000e5560000)
  from space 21824K,  31% used [0x00000000e6ab0000, 0x00000000e71799e0, 0x00000000e8000000)
  to   space 21824K,   0% used [0x00000000e5560000, 0x00000000e5560000, 0x00000000e6ab0000)
 concurrent mark-sweep generation total 393216K, used 6026K [0x00000000e8000000, 0x0000000100000000, 0x0000000100000000)
 Metaspace       used 24472K, capacity 24962K, committed 25084K, reserved 1071104K
  class space    used 2863K, capacity 3049K, committed 3068K, reserved 1048576K
}
2017-04-20T12:08:54.203+0200: 3,616: Total time for which application threads were stopped: 0,0287077 seconds, Stopping threads took: 0,0000637 seconds
2017-04-20T12:08:54.564+0200: 3,977: Total time for which application threads were stopped: 0,0004072 seconds, Stopping threads took: 0,0000203 seconds
2017-04-20T12:08:54.574+0200: 3,988: Total time for which application threads were stopped: 0,0003960 seconds, Stopping threads took: 0,0000186 seconds
2017-04-20T12:08:54.614+0200: 4,027: Total time for which application threads were stopped: 0,0004005 seconds, Stopping threads took: 0,0000428 seconds
2017-04-20T12:08:54.637+0200: 4,050: Total time for which application threads were stopped: 0,0003438 seconds, Stopping threads took: 0,0000437 seconds
2017-04-20T12:08:54.638+0200: 4,051: Total time for which application threads were stopped: 0,0001004 seconds, Stopping threads took: 0,0000281 seconds
2017-04-20T12:08:54.638+0200: 4,051: Total time for which application threads were stopped: 0,0000509 seconds, Stopping threads took: 0,0000106 seconds
2017-04-20T12:08:54.638+0200: 4,051: Total time for which application threads were stopped: 0,0000482 seconds, Stopping threads took: 0,0000087 seconds
2017-04-20T12:08:54.638+0200: 4,051: Total time for which application threads were stopped: 0,0000562 seconds, Stopping threads took: 0,0000115 seconds
2017-04-20T12:08:54.638+0200: 4,051: Total time for which application threads were stopped: 0,0000463 seconds, Stopping threads took: 0,0000105 seconds
2017-04-20T12:08:54.638+0200: 4,051: Total time for which application threads were stopped: 0,0000708 seconds, Stopping threads took: 0,0000173 seconds
2017-04-20T12:08:54.638+0200: 4,051: Total time for which application threads were stopped: 0,0000477 seconds, Stopping threads took: 0,0000114 seconds
2017-04-20T12:08:54.638+0200: 4,052: Total time for which application threads were stopped: 0,0000424 seconds, Stopping threads took: 0,0000093 seconds
2017-04-20T12:08:54.639+0200: 4,052: Total time for which application threads were stopped: 0,0000529 seconds, Stopping threads took: 0,0000105 seconds
2017-04-20T12:08:54.639+0200: 4,052: Total time for which application threads were stopped: 0,0000454 seconds, Stopping threads took: 0,0000086 seconds
2017-04-20T12:08:54.639+0200: 4,052: Total time for which application threads were stopped: 0,0000522 seconds, Stopping threads took: 0,0000101 seconds
2017-04-20T12:08:54.639+0200: 4,052: Total time for which application threads were stopped: 0,0000524 seconds, Stopping threads took: 0,0000154 seconds
2017-04-20T12:08:54.639+0200: 4,052: Total time for which application threads were stopped: 0,0000449 seconds, Stopping threads took: 0,0000143 seconds
2017-04-20T12:08:54.639+0200: 4,053: Total time for which application threads were stopped: 0,0000584 seconds, Stopping threads took: 0,0000120 seconds
2017-04-20T12:08:54.640+0200: 4,053: Total time for which application threads were stopped: 0,0000424 seconds, Stopping threads took: 0,0000082 seconds
2017-04-20T12:08:54.640+0200: 4,053: Total time for which application threads were stopped: 0,0000449 seconds, Stopping threads took: 0,0000110 seconds
2017-04-20T12:08:54.640+0200: 4,053: Total time for which application threads were stopped: 0,0000357 seconds, Stopping threads took: 0,0000087 seconds
2017-04-20T12:08:54.640+0200: 4,053: Total time for which application threads were stopped: 0,0000438 seconds, Stopping threads took: 0,0000157 seconds
2017-04-20T12:08:54.640+0200: 4,053: Total time for which application threads were stopped: 0,0000614 seconds, Stopping threads took: 0,0000127 seconds
2017-04-20T12:08:54.640+0200: 4,053: Total time for which application threads were stopped: 0,0001189 seconds, Stopping threads took: 0,0000096 seconds
2017-04-20T12:08:54.641+0200: 4,054: Total time for which application threads were stopped: 0,0000778 seconds, Stopping threads took: 0,0000191 seconds
2017-04-20T12:08:54.641+0200: 4,054: Total time for which application threads were stopped: 0,0000475 seconds, Stopping threads took: 0,0000089 seconds
2017-04-20T12:08:54.641+0200: 4,054: Total time for which application threads were stopped: 0,0000509 seconds, Stopping threads took: 0,0000096 seconds
2017-04-20T12:08:54.641+0200: 4,054: Total time for which application threads were stopped: 0,0000475 seconds, Stopping threads took: 0,0000084 seconds
2017-04-20T12:08:54.641+0200: 4,054: Total time for which application threads were stopped: 0,0000466 seconds, Stopping threads took: 0,0000087 seconds
2017-04-20T12:08:54.642+0200: 4,055: Total time for which application threads were stopped: 0,0000636 seconds, Stopping threads took: 0,0000222 seconds
2017-04-20T12:08:54.642+0200: 4,055: Total time for which application threads were stopped: 0,0000496 seconds, Stopping threads took: 0,0000115 seconds
2017-04-20T12:08:54.642+0200: 4,055: Total time for which application threads were stopped: 0,0000639 seconds, Stopping threads took: 0,0000167 seconds
2017-04-20T12:08:54.642+0200: 4,055: Total time for which application threads were stopped: 0,0000563 seconds, Stopping threads took: 0,0000091 seconds
2017-04-20T12:08:54.642+0200: 4,055: Total time for which application threads were stopped: 0,0000519 seconds, Stopping threads took: 0,0000092 seconds
2017-04-20T12:08:54.643+0200: 4,056: Total time for which application threads were stopped: 0,0001610 seconds, Stopping threads took: 0,0000950 seconds
2017-04-20T12:08:54.643+0200: 4,056: Total time for which application threads were stopped: 0,0004738 seconds, Stopping threads took: 0,0004206 seconds
2017-04-20T12:08:54.643+0200: 4,057: Total time for which application threads were stopped: 0,0001422 seconds, Stopping threads took: 0,0001015 seconds
2017-04-20T12:08:54.644+0200: 4,057: Total time for which application threads were stopped: 0,0000649 seconds, Stopping threads took: 0,0000243 seconds
2017-04-20T12:08:54.646+0200: 4,059: Total time for which application threads were stopped: 0,0028140 seconds, Stopping threads took: 0,0027498 seconds
2017-04-20T12:08:54.647+0200: 4,060: Total time for which application threads were stopped: 0,0001139 seconds, Stopping threads took: 0,0000338 seconds
2017-04-20T12:08:54.647+0200: 4,060: Total time for which application threads were stopped: 0,0000830 seconds, Stopping threads took: 0,0000397 seconds
2017-04-20T12:08:54.647+0200: 4,060: Total time for which application threads were stopped: 0,0000739 seconds, Stopping threads took: 0,0000239 seconds
2017-04-20T12:08:54.648+0200: 4,062: Total time for which application threads were stopped: 0,0001159 seconds, Stopping threads took: 0,0000427 seconds
2017-04-20T12:08:54.650+0200: 4,063: Total time for which application threads were stopped: 0,0001062 seconds, Stopping threads took: 0,0000383 seconds
2017-04-20T12:08:54.650+0200: 4,063: Total time for which application threads were stopped: 0,0001196 seconds, Stopping threads took: 0,0000110 seconds
2017-04-20T12:08:54.683+0200: 4,096: Total time for which application threads were stopped: 0,0001604 seconds, Stopping threads took: 0,0000395 seconds
2017-04-20T12:08:54.708+0200: 4,121: Total time for which application threads were stopped: 0,0001186 seconds, Stopping threads took: 0,0000381 seconds
2017-04-20T12:08:54.708+0200: 4,122: Total time for which application threads were stopped: 0,0004010 seconds, Stopping threads took: 0,0000159 seconds
2017-04-20T12:08:54.709+0200: 4,122: Total time for which application threads were stopped: 0,0001235 seconds, Stopping threads took: 0,0000292 seconds
2017-04-20T12:08:55.709+0200: 5,122: Total time for which application threads were stopped: 0,0000773 seconds, Stopping threads took: 0,0000171 seconds
2017-04-20T12:10:47.725+0200: 117,138: Total time for which application threads were stopped: 0,0001063 seconds, Stopping threads took: 0,0000362 seconds
2017-04-20T12:10:52.726+0200: 122,139: Total time for which application threads were stopped: 0,0000739 seconds, Stopping threads took: 0,0000164 seconds
{Heap before GC invocations=9 (full 1):
 par new generation   total 109248K, used 94374K [0x00000000e0000000, 0x00000000e8000000, 0x00000000e8000000)
  eden space 87424K, 100% used [0x00000000e0000000, 0x00000000e5560000, 0x00000000e5560000)
  from space 21824K,  31% used [0x00000000e6ab0000, 0x00000000e71799e0, 0x00000000e8000000)
  to   space 21824K,   0% used [0x00000000e5560000, 0x00000000e5560000, 0x00000000e6ab0000)
 concurrent mark-sweep generation total 393216K, used 6026K [0x00000000e8000000, 0x0000000100000000, 0x0000000100000000)
 Metaspace       used 27987K, capacity 28490K, committed 28796K, reserved 1075200K
  class space    used 3212K, capacity 3389K, committed 3452K, reserved 1048576K
2017-04-20T12:11:46.705+0200: 176,119: [GC (Allocation Failure) 2017-04-20T12:11:46.705+0200: 176,119: [ParNew
Desired survivor size 20112992 bytes, new threshold 8 (max 8)
- age   1:   11197320 bytes,   11197320 total
- age   2:     290472 bytes,   11487792 total
- age   3:     199680 bytes,   11687472 total
- age   4:    1705760 bytes,   13393232 total
- age   5:      31408 bytes,   13424640 total
- age   6:      54032 bytes,   13478672 total
- age   7:     104904 bytes,   13583576 total
- age   8:     188608 bytes,   13772184 total
: 94374K->14703K(109248K), 0,0126593 secs] 100401K->21583K(502464K), 0,0127344 secs] [Times: user=0,04 sys=0,00, real=0,01 secs] 
Heap after GC invocations=10 (full 1):
 par new generation   total 109248K, used 14703K [0x00000000e0000000, 0x00000000e8000000, 0x00000000e8000000)
  eden space 87424K,   0% used [0x00000000e0000000, 0x00000000e0000000, 0x00000000e5560000)
  from space 21824K,  67% used [0x00000000e5560000, 0x00000000e63bbcd0, 0x00000000e6ab0000)
  to   space 21824K,   0% used [0x00000000e6ab0000, 0x00000000e6ab0000, 0x00000000e8000000)
 concurrent mark-sweep generation total 393216K, used 6879K [0x00000000e8000000, 0x0000000100000000, 0x0000000100000000)
 Metaspace       used 27987K, capacity 28490K, committed 28796K, reserved 1075200K
  class space    used 3212K, capacity 3389K, committed 3452K, reserved 1048576K
}
2017-04-20T12:11:46.718+0200: 176,131: Total time for which application threads were stopped: 0,0129318 seconds, Stopping threads took: 0,0000668 seconds
2017-04-20T12:11:51.719+0200: 181,132: Total time for which application threads were stopped: 0,0001174 seconds, Stopping threads took: 0,0000254 seconds
2017-04-20T12:13:21.726+0200: 271,139: Total time for which application threads were stopped: 0,0001148 seconds, Stopping threads took: 0,0000547 seconds
2017-04-20T12:30:23.965+0200: 1293,378: Total time for which application threads were stopped: 0,0001196 seconds, Stopping threads took: 0,0000313 seconds
2017-04-20T12:30:23.967+0200: 1293,380: Total time for which application threads were stopped: 0,0003749 seconds, Stopping threads took: 0,0000323 seconds
2017-04-20T12:30:23.998+0200: 1293,411: Total time for which application threads were stopped: 0,0015501 seconds, Stopping threads took: 0,0014567 seconds
2017-04-20T12:30:24.009+0200: 1293,423: Total time for which application threads were stopped: 0,0059444 seconds, Stopping threads took: 0,0058195 seconds
2017-04-20T12:30:24.013+0200: 1293,426: Total time for which application threads were stopped: 0,0001761 seconds, Stopping threads took: 0,0000449 seconds
Heap
 par new generation   total 109248K, used 33816K [0x00000000e0000000, 0x00000000e8000000, 0x00000000e8000000)
  eden space 87424K,  21% used [0x00000000e0000000, 0x00000000e12aa4e0, 0x00000000e5560000)
  from space 21824K,  67% used [0x00000000e5560000, 0x00000000e63bbcd0, 0x00000000e6ab0000)
  to   space 21824K,   0% used [0x00000000e6ab0000, 0x00000000e6ab0000, 0x00000000e8000000)
 concurrent mark-sweep generation total 393216K, used 6879K [0x00000000e8000000, 0x0000000100000000, 0x0000000100000000)
 Metaspace       used 28103K, capacity 28662K, committed 28796K, reserved 1075200K
  class space    used 3226K, capacity 3423K, committed 3452K, reserved 1048576K
