OpenJDK 64-Bit Server VM (25.121-b13) for linux-amd64 JRE (1.8.0_121-8u121-b13-0ubuntu1.16.04.2-b13), built on Jan 23 2017 15:51:29 by "buildd" with gcc 5.4.0 20160609
Memory: 4k page, physical 7867800k(7500956k free), swap 8076284k(8076284k free)
CommandLine flags: -XX:CMSInitiatingOccupancyFraction=50 -XX:CMSMaxAbortablePrecleanTime=6000 -XX:+CMSParallelRemarkEnabled -XX:+CMSScavengeBeforeRemark -XX:ConcGCThreads=4 -XX:InitialHeapSize=536870912 -XX:MaxHeapSize=536870912 -XX:MaxTenuringThreshold=8 -XX:NewRatio=3 -XX:OldPLABSize=16 -XX:OnOutOfMemoryError=/opt/solr/bin/oom_solr.sh 8983 /var/solr/logs -XX:ParallelGCThreads=4 -XX:+ParallelRefProcEnabled -XX:PretenureSizeThreshold=67108864 -XX:+PrintGC -XX:+PrintGCApplicationStoppedTime -XX:+PrintGCDateStamps -XX:+PrintGCDetails -XX:+PrintGCTimeStamps -XX:+PrintHeapAtGC -XX:+PrintTenuringDistribution -XX:SurvivorRatio=4 -XX:TargetSurvivorRatio=90 -XX:ThreadStackSize=256 -XX:+UseCMSInitiatingOccupancyOnly -XX:+UseCompressedClassPointers -XX:+UseCompressedOops -XX:+UseConcMarkSweepGC -XX:+UseParNewGC 
2017-02-06T11:40:18.513+0100: 0,146: Total time for which application threads were stopped: 0,0000741 seconds, Stopping threads took: 0,0000146 seconds
2017-02-06T11:40:18.621+0100: 0,253: Total time for which application threads were stopped: 0,0001514 seconds, Stopping threads took: 0,0000353 seconds
2017-02-06T11:40:18.639+0100: 0,272: Total time for which application threads were stopped: 0,0001446 seconds, Stopping threads took: 0,0000629 seconds
2017-02-06T11:40:18.992+0100: 0,625: Total time for which application threads were stopped: 0,0001460 seconds, Stopping threads took: 0,0000165 seconds
2017-02-06T11:40:19.446+0100: 1,078: Total time for which application threads were stopped: 0,0001659 seconds, Stopping threads took: 0,0000254 seconds
2017-02-06T11:40:19.511+0100: 1,143: Total time for which application threads were stopped: 0,0001584 seconds, Stopping threads took: 0,0000179 seconds
2017-02-06T11:40:19.536+0100: 1,169: Total time for which application threads were stopped: 0,0002378 seconds, Stopping threads took: 0,0000265 seconds
2017-02-06T11:40:19.855+0100: 1,488: Total time for which application threads were stopped: 0,0001660 seconds, Stopping threads took: 0,0000160 seconds
2017-02-06T11:40:20.062+0100: 1,695: Total time for which application threads were stopped: 0,0001936 seconds, Stopping threads took: 0,0000151 seconds
2017-02-06T11:40:20.084+0100: 1,716: Total time for which application threads were stopped: 0,0001700 seconds, Stopping threads took: 0,0000236 seconds
2017-02-06T11:40:20.113+0100: 1,745: Total time for which application threads were stopped: 0,0002026 seconds, Stopping threads took: 0,0000174 seconds
2017-02-06T11:40:20.114+0100: 1,746: Total time for which application threads were stopped: 0,0001489 seconds, Stopping threads took: 0,0000132 seconds
2017-02-06T11:40:20.126+0100: 1,759: Total time for which application threads were stopped: 0,0001645 seconds, Stopping threads took: 0,0000171 seconds
2017-02-06T11:40:20.205+0100: 1,837: Total time for which application threads were stopped: 0,0002420 seconds, Stopping threads took: 0,0000215 seconds
2017-02-06T11:40:20.362+0100: 1,995: Total time for which application threads were stopped: 0,0003152 seconds, Stopping threads took: 0,0000581 seconds
{Heap before GC invocations=0 (full 0):
 par new generation   total 109248K, used 87424K [0x00000000e0000000, 0x00000000e8000000, 0x00000000e8000000)
  eden space 87424K, 100% used [0x00000000e0000000, 0x00000000e5560000, 0x00000000e5560000)
  from space 21824K,   0% used [0x00000000e5560000, 0x00000000e5560000, 0x00000000e6ab0000)
  to   space 21824K,   0% used [0x00000000e6ab0000, 0x00000000e6ab0000, 0x00000000e8000000)
 concurrent mark-sweep generation total 393216K, used 0K [0x00000000e8000000, 0x0000000100000000, 0x0000000100000000)
 Metaspace       used 18001K, capacity 18336K, committed 18688K, reserved 1064960K
  class space    used 2036K, capacity 2196K, committed 2304K, reserved 1048576K
2017-02-06T11:40:20.455+0100: 2,087: [GC (Allocation Failure) 2017-02-06T11:40:20.455+0100: 2,087: [ParNew
Desired survivor size 20112992 bytes, new threshold 8 (max 8)
- age   1:   12359008 bytes,   12359008 total
: 87424K->12176K(109248K), 0,0162889 secs] 87424K->12176K(502464K), 0,0163718 secs] [Times: user=0,05 sys=0,01, real=0,01 secs] 
Heap after GC invocations=1 (full 0):
 par new generation   total 109248K, used 12176K [0x00000000e0000000, 0x00000000e8000000, 0x00000000e8000000)
  eden space 87424K,   0% used [0x00000000e0000000, 0x00000000e0000000, 0x00000000e5560000)
  from space 21824K,  55% used [0x00000000e6ab0000, 0x00000000e7694230, 0x00000000e8000000)
  to   space 21824K,   0% used [0x00000000e5560000, 0x00000000e5560000, 0x00000000e6ab0000)
 concurrent mark-sweep generation total 393216K, used 0K [0x00000000e8000000, 0x0000000100000000, 0x0000000100000000)
 Metaspace       used 18001K, capacity 18336K, committed 18688K, reserved 1064960K
  class space    used 2036K, capacity 2196K, committed 2304K, reserved 1048576K
}
2017-02-06T11:40:20.471+0100: 2,104: Total time for which application threads were stopped: 0,0197106 seconds, Stopping threads took: 0,0031687 seconds
2017-02-06T11:40:20.762+0100: 2,395: Total time for which application threads were stopped: 0,0002967 seconds, Stopping threads took: 0,0000429 seconds
2017-02-06T11:40:20.795+0100: 2,427: Total time for which application threads were stopped: 0,0003564 seconds, Stopping threads took: 0,0000483 seconds
{Heap before GC invocations=1 (full 0):
 par new generation   total 109248K, used 99600K [0x00000000e0000000, 0x00000000e8000000, 0x00000000e8000000)
  eden space 87424K, 100% used [0x00000000e0000000, 0x00000000e5560000, 0x00000000e5560000)
  from space 21824K,  55% used [0x00000000e6ab0000, 0x00000000e7694230, 0x00000000e8000000)
  to   space 21824K,   0% used [0x00000000e5560000, 0x00000000e5560000, 0x00000000e6ab0000)
 concurrent mark-sweep generation total 393216K, used 0K [0x00000000e8000000, 0x0000000100000000, 0x0000000100000000)
 Metaspace       used 20089K, capacity 20438K, committed 20736K, reserved 1067008K
  class space    used 2301K, capacity 2473K, committed 2560K, reserved 1048576K
2017-02-06T11:40:20.804+0100: 2,437: [GC (Allocation Failure) 2017-02-06T11:40:20.804+0100: 2,437: [ParNew
Desired survivor size 20112992 bytes, new threshold 8 (max 8)
- age   1:    3756320 bytes,    3756320 total
- age   2:    6761528 bytes,   10517848 total
: 99600K->15639K(109248K), 0,0147772 secs] 99600K->15639K(502464K), 0,0148501 secs] [Times: user=0,05 sys=0,01, real=0,02 secs] 
Heap after GC invocations=2 (full 0):
 par new generation   total 109248K, used 15639K [0x00000000e0000000, 0x00000000e8000000, 0x00000000e8000000)
  eden space 87424K,   0% used [0x00000000e0000000, 0x00000000e0000000, 0x00000000e5560000)
  from space 21824K,  71% used [0x00000000e5560000, 0x00000000e64a5e40, 0x00000000e6ab0000)
  to   space 21824K,   0% used [0x00000000e6ab0000, 0x00000000e6ab0000, 0x00000000e8000000)
 concurrent mark-sweep generation total 393216K, used 0K [0x00000000e8000000, 0x0000000100000000, 0x0000000100000000)
 Metaspace       used 20089K, capacity 20438K, committed 20736K, reserved 1067008K
  class space    used 2301K, capacity 2473K, committed 2560K, reserved 1048576K
}
2017-02-06T11:40:20.819+0100: 2,452: Total time for which application threads were stopped: 0,0163689 seconds, Stopping threads took: 0,0013853 seconds
2017-02-06T11:40:20.881+0100: 2,513: Total time for which application threads were stopped: 0,0003382 seconds, Stopping threads took: 0,0000244 seconds
2017-02-06T11:40:20.992+0100: 2,625: Total time for which application threads were stopped: 0,0002285 seconds, Stopping threads took: 0,0000539 seconds
2017-02-06T11:40:21.043+0100: 2,675: Total time for which application threads were stopped: 0,0012960 seconds, Stopping threads took: 0,0012028 seconds
{Heap before GC invocations=2 (full 0):
 par new generation   total 109248K, used 103063K [0x00000000e0000000, 0x00000000e8000000, 0x00000000e8000000)
  eden space 87424K, 100% used [0x00000000e0000000, 0x00000000e5560000, 0x00000000e5560000)
  from space 21824K,  71% used [0x00000000e5560000, 0x00000000e64a5e40, 0x00000000e6ab0000)
  to   space 21824K,   0% used [0x00000000e6ab0000, 0x00000000e6ab0000, 0x00000000e8000000)
 concurrent mark-sweep generation total 393216K, used 0K [0x00000000e8000000, 0x0000000100000000, 0x0000000100000000)
 Metaspace       used 21126K, capacity 21488K, committed 21884K, reserved 1069056K
  class space    used 2435K, capacity 2592K, committed 2684K, reserved 1048576K
2017-02-06T11:40:21.056+0100: 2,688: [GC (Allocation Failure) 2017-02-06T11:40:21.056+0100: 2,688: [ParNew
Desired survivor size 20112992 bytes, new threshold 8 (max 8)
- age   1:    2572360 bytes,    2572360 total
- age   2:     936392 bytes,    3508752 total
- age   3:    6735912 bytes,   10244664 total
: 103063K->12437K(109248K), 0,0124495 secs] 103063K->12437K(502464K), 0,0125282 secs] [Times: user=0,05 sys=0,00, real=0,01 secs] 
Heap after GC invocations=3 (full 0):
 par new generation   total 109248K, used 12437K [0x00000000e0000000, 0x00000000e8000000, 0x00000000e8000000)
  eden space 87424K,   0% used [0x00000000e0000000, 0x00000000e0000000, 0x00000000e5560000)
  from space 21824K,  56% used [0x00000000e6ab0000, 0x00000000e76d5590, 0x00000000e8000000)
  to   space 21824K,   0% used [0x00000000e5560000, 0x00000000e5560000, 0x00000000e6ab0000)
 concurrent mark-sweep generation total 393216K, used 0K [0x00000000e8000000, 0x0000000100000000, 0x0000000100000000)
 Metaspace       used 21126K, capacity 21488K, committed 21884K, reserved 1069056K
  class space    used 2435K, capacity 2592K, committed 2684K, reserved 1048576K
}
2017-02-06T11:40:21.068+0100: 2,701: Total time for which application threads were stopped: 0,0127507 seconds, Stopping threads took: 0,0000940 seconds
2017-02-06T11:40:21.075+0100: 2,707: [GC (CMS Initial Mark) [1 CMS-initial-mark: 0K(393216K)] 18217K(502464K), 0,0044002 secs] [Times: user=0,01 sys=0,00, real=0,00 secs] 
2017-02-06T11:40:21.079+0100: 2,712: Total time for which application threads were stopped: 0,0082592 seconds, Stopping threads took: 0,0037655 seconds
2017-02-06T11:40:21.079+0100: 2,712: [CMS-concurrent-mark-start]
2017-02-06T11:40:21.079+0100: 2,712: [CMS-concurrent-mark: 0,000/0,000 secs] [Times: user=0,00 sys=0,00, real=0,00 secs] 
2017-02-06T11:40:21.079+0100: 2,712: [CMS-concurrent-preclean-start]
2017-02-06T11:40:21.081+0100: 2,713: [CMS-concurrent-preclean: 0,001/0,001 secs] [Times: user=0,00 sys=0,00, real=0,00 secs] 
2017-02-06T11:40:21.081+0100: 2,713: [CMS-concurrent-abortable-preclean-start]
2017-02-06T11:40:21.162+0100: 2,795: Total time for which application threads were stopped: 0,0007004 seconds, Stopping threads took: 0,0006050 seconds
2017-02-06T11:40:21.243+0100: 2,875: Total time for which application threads were stopped: 0,0031055 seconds, Stopping threads took: 0,0029848 seconds
2017-02-06T11:40:21.243+0100: 2,875: [CMS-concurrent-abortable-preclean: 0,144/0,162 secs] [Times: user=0,60 sys=0,01, real=0,16 secs] 
2017-02-06T11:40:21.243+0100: 2,875: [GC (CMS Final Remark) [YG occupancy: 93291 K (109248 K)]{Heap before GC invocations=3 (full 1):
 par new generation   total 109248K, used 93291K [0x00000000e0000000, 0x00000000e8000000, 0x00000000e8000000)
  eden space 87424K,  92% used [0x00000000e0000000, 0x00000000e4ef5900, 0x00000000e5560000)
  from space 21824K,  56% used [0x00000000e6ab0000, 0x00000000e76d5590, 0x00000000e8000000)
  to   space 21824K,   0% used [0x00000000e5560000, 0x00000000e5560000, 0x00000000e6ab0000)
 concurrent mark-sweep generation total 393216K, used 0K [0x00000000e8000000, 0x0000000100000000, 0x0000000100000000)
 Metaspace       used 21937K, capacity 22298K, committed 22420K, reserved 1069056K
  class space    used 2525K, capacity 2701K, committed 2812K, reserved 1048576K
2017-02-06T11:40:21.243+0100: 2,875: [GC (CMS Final Remark) 2017-02-06T11:40:21.243+0100: 2,875: [ParNew
Desired survivor size 20112992 bytes, new threshold 8 (max 8)
- age   1:    1377528 bytes,    1377528 total
- age   2:    1633592 bytes,    3011120 total
- age   3:     904824 bytes,    3915944 total
- age   4:    6735952 bytes,   10651896 total
: 93291K->15109K(109248K), 0,0107156 secs] 93291K->15109K(502464K), 0,0107730 secs] [Times: user=0,03 sys=0,00, real=0,01 secs] 
Heap after GC invocations=4 (full 1):
 par new generation   total 109248K, used 15109K [0x00000000e0000000, 0x00000000e8000000, 0x00000000e8000000)
  eden space 87424K,   0% used [0x00000000e0000000, 0x00000000e0000000, 0x00000000e5560000)
  from space 21824K,  69% used [0x00000000e5560000, 0x00000000e64216a8, 0x00000000e6ab0000)
  to   space 21824K,   0% used [0x00000000e6ab0000, 0x00000000e6ab0000, 0x00000000e8000000)
 concurrent mark-sweep generation total 393216K, used 0K [0x00000000e8000000, 0x0000000100000000, 0x0000000100000000)
 Metaspace       used 21937K, capacity 22298K, committed 22420K, reserved 1069056K
  class space    used 2525K, capacity 2701K, committed 2812K, reserved 1048576K
}
2017-02-06T11:40:21.254+0100: 2,886: [Rescan (parallel) , 0,0034243 secs]2017-02-06T11:40:21.257+0100: 2,890: [weak refs processing, 0,0006063 secs]2017-02-06T11:40:21.258+0100: 2,890: [class unloading, 0,0029335 secs]2017-02-06T11:40:21.261+0100: 2,893: [scrub symbol table, 0,0026821 secs]2017-02-06T11:40:21.263+0100: 2,896: [scrub string table, 0,0003665 secs][1 CMS-remark: 0K(393216K)] 15109K(502464K), 0,0214338 secs] [Times: user=0,05 sys=0,00, real=0,02 secs] 
2017-02-06T11:40:21.264+0100: 2,897: Total time for which application threads were stopped: 0,0215680 seconds, Stopping threads took: 0,0000520 seconds
2017-02-06T11:40:21.264+0100: 2,897: [CMS-concurrent-sweep-start]
2017-02-06T11:40:21.264+0100: 2,897: [CMS-concurrent-sweep: 0,000/0,000 secs] [Times: user=0,00 sys=0,00, real=0,00 secs] 
2017-02-06T11:40:21.264+0100: 2,897: [CMS-concurrent-reset-start]
2017-02-06T11:40:21.267+0100: 2,900: [CMS-concurrent-reset: 0,003/0,003 secs] [Times: user=0,01 sys=0,00, real=0,01 secs] 
{Heap before GC invocations=4 (full 1):
 par new generation   total 109248K, used 102533K [0x00000000e0000000, 0x00000000e8000000, 0x00000000e8000000)
  eden space 87424K, 100% used [0x00000000e0000000, 0x00000000e5560000, 0x00000000e5560000)
  from space 21824K,  69% used [0x00000000e5560000, 0x00000000e64216a8, 0x00000000e6ab0000)
  to   space 21824K,   0% used [0x00000000e6ab0000, 0x00000000e6ab0000, 0x00000000e8000000)
 concurrent mark-sweep generation total 393216K, used 0K [0x00000000e8000000, 0x0000000100000000, 0x0000000100000000)
 Metaspace       used 22333K, capacity 22720K, committed 22932K, reserved 1069056K
  class space    used 2587K, capacity 2734K, committed 2812K, reserved 1048576K
2017-02-06T11:40:21.357+0100: 2,990: [GC (Allocation Failure) 2017-02-06T11:40:21.357+0100: 2,990: [ParNew
Desired survivor size 20112992 bytes, new threshold 8 (max 8)
- age   1:     811408 bytes,     811408 total
- age   2:     401264 bytes,    1212672 total
- age   3:     857264 bytes,    2069936 total
- age   4:     902776 bytes,    2972712 total
- age   5:    6735840 bytes,    9708552 total
: 102533K->12118K(109248K), 0,0105404 secs] 102533K->12118K(502464K), 0,0106108 secs] [Times: user=0,04 sys=0,00, real=0,01 secs] 
Heap after GC invocations=5 (full 1):
 par new generation   total 109248K, used 12118K [0x00000000e0000000, 0x00000000e8000000, 0x00000000e8000000)
  eden space 87424K,   0% used [0x00000000e0000000, 0x00000000e0000000, 0x00000000e5560000)
  from space 21824K,  55% used [0x00000000e6ab0000, 0x00000000e7685a00, 0x00000000e8000000)
  to   space 21824K,   0% used [0x00000000e5560000, 0x00000000e5560000, 0x00000000e6ab0000)
 concurrent mark-sweep generation total 393216K, used 0K [0x00000000e8000000, 0x0000000100000000, 0x0000000100000000)
 Metaspace       used 22333K, capacity 22720K, committed 22932K, reserved 1069056K
  class space    used 2587K, capacity 2734K, committed 2812K, reserved 1048576K
}
2017-02-06T11:40:21.368+0100: 3,000: Total time for which application threads were stopped: 0,0108594 seconds, Stopping threads took: 0,0000841 seconds
2017-02-06T11:40:21.382+0100: 3,014: Total time for which application threads were stopped: 0,0004479 seconds, Stopping threads took: 0,0000708 seconds
{Heap before GC invocations=5 (full 1):
 par new generation   total 109248K, used 99542K [0x00000000e0000000, 0x00000000e8000000, 0x00000000e8000000)
  eden space 87424K, 100% used [0x00000000e0000000, 0x00000000e5560000, 0x00000000e5560000)
  from space 21824K,  55% used [0x00000000e6ab0000, 0x00000000e7685a00, 0x00000000e8000000)
  to   space 21824K,   0% used [0x00000000e5560000, 0x00000000e5560000, 0x00000000e6ab0000)
 concurrent mark-sweep generation total 393216K, used 0K [0x00000000e8000000, 0x0000000100000000, 0x0000000100000000)
 Metaspace       used 23273K, capacity 23626K, committed 23932K, reserved 1071104K
  class space    used 2701K, capacity 2865K, committed 2940K, reserved 1048576K
2017-02-06T11:40:21.546+0100: 3,178: [GC (Allocation Failure) 2017-02-06T11:40:21.546+0100: 3,178: [ParNew
Desired survivor size 20112992 bytes, new threshold 8 (max 8)
- age   1:    1523992 bytes,    1523992 total
- age   2:     173856 bytes,    1697848 total
- age   3:     367680 bytes,    2065528 total
- age   4:     856184 bytes,    2921712 total
- age   5:     890424 bytes,    3812136 total
- age   6:    6732224 bytes,   10544360 total
: 99542K->15094K(109248K), 0,0173186 secs] 99542K->15094K(502464K), 0,0173859 secs] [Times: user=0,06 sys=0,00, real=0,02 secs] 
Heap after GC invocations=6 (full 1):
 par new generation   total 109248K, used 15094K [0x00000000e0000000, 0x00000000e8000000, 0x00000000e8000000)
  eden space 87424K,   0% used [0x00000000e0000000, 0x00000000e0000000, 0x00000000e5560000)
  from space 21824K,  69% used [0x00000000e5560000, 0x00000000e641d9d8, 0x00000000e6ab0000)
  to   space 21824K,   0% used [0x00000000e6ab0000, 0x00000000e6ab0000, 0x00000000e8000000)
 concurrent mark-sweep generation total 393216K, used 0K [0x00000000e8000000, 0x0000000100000000, 0x0000000100000000)
 Metaspace       used 23273K, capacity 23626K, committed 23932K, reserved 1071104K
  class space    used 2701K, capacity 2865K, committed 2940K, reserved 1048576K
}
2017-02-06T11:40:21.563+0100: 3,196: Total time for which application threads were stopped: 0,0176527 seconds, Stopping threads took: 0,0000760 seconds
2017-02-06T11:40:21.674+0100: 3,307: Total time for which application threads were stopped: 0,0008594 seconds, Stopping threads took: 0,0004504 seconds
2017-02-06T11:40:21.689+0100: 3,322: Total time for which application threads were stopped: 0,0004331 seconds, Stopping threads took: 0,0000307 seconds
2017-02-06T11:40:22.164+0100: 3,796: Total time for which application threads were stopped: 0,0005725 seconds, Stopping threads took: 0,0000294 seconds
2017-02-06T11:40:22.183+0100: 3,815: Total time for which application threads were stopped: 0,0004554 seconds, Stopping threads took: 0,0000267 seconds
2017-02-06T11:40:22.223+0100: 3,856: Total time for which application threads were stopped: 0,0005043 seconds, Stopping threads took: 0,0000302 seconds
2017-02-06T11:40:22.422+0100: 4,055: Total time for which application threads were stopped: 0,0004061 seconds, Stopping threads took: 0,0000229 seconds
2017-02-06T11:40:25.423+0100: 7,055: Total time for which application threads were stopped: 0,0001051 seconds, Stopping threads took: 0,0000476 seconds
2017-02-06T11:40:30.423+0100: 12,056: Total time for which application threads were stopped: 0,0000749 seconds, Stopping threads took: 0,0000192 seconds
2017-02-06T11:40:50.425+0100: 32,058: Total time for which application threads were stopped: 0,0004525 seconds, Stopping threads took: 0,0001153 seconds
2017-02-06T11:42:45.437+0100: 147,070: Total time for which application threads were stopped: 0,0000750 seconds, Stopping threads took: 0,0000316 seconds
2017-02-06T11:42:50.438+0100: 152,071: Total time for which application threads were stopped: 0,0000598 seconds, Stopping threads took: 0,0000159 seconds
{Heap before GC invocations=6 (full 1):
 par new generation   total 109248K, used 102518K [0x00000000e0000000, 0x00000000e8000000, 0x00000000e8000000)
  eden space 87424K, 100% used [0x00000000e0000000, 0x00000000e5560000, 0x00000000e5560000)
  from space 21824K,  69% used [0x00000000e5560000, 0x00000000e641d9d8, 0x00000000e6ab0000)
  to   space 21824K,   0% used [0x00000000e6ab0000, 0x00000000e6ab0000, 0x00000000e8000000)
 concurrent mark-sweep generation total 393216K, used 0K [0x00000000e8000000, 0x0000000100000000, 0x0000000100000000)
 Metaspace       used 29163K, capacity 29722K, committed 29948K, reserved 1075200K
  class space    used 3364K, capacity 3571K, committed 3580K, reserved 1048576K
2017-02-06T11:44:49.470+0100: 271,102: [GC (Allocation Failure) 2017-02-06T11:44:49.470+0100: 271,103: [ParNew
Desired survivor size 20112992 bytes, new threshold 7 (max 8)
- age   1:   11034824 bytes,   11034824 total
- age   2:     808192 bytes,   11843016 total
- age   3:     164464 bytes,   12007480 total
- age   4:     359408 bytes,   12366888 total
- age   5:     283144 bytes,   12650032 total
- age   6:     861752 bytes,   13511784 total
- age   7:    6622096 bytes,   20133880 total
: 102518K->21824K(109248K), 0,0364473 secs] 102518K->22073K(502464K), 0,0367081 secs] [Times: user=0,07 sys=0,00, real=0,03 secs] 
Heap after GC invocations=7 (full 1):
 par new generation   total 109248K, used 21824K [0x00000000e0000000, 0x00000000e8000000, 0x00000000e8000000)
  eden space 87424K,   0% used [0x00000000e0000000, 0x00000000e0000000, 0x00000000e5560000)
  from space 21824K, 100% used [0x00000000e6ab0000, 0x00000000e8000000, 0x00000000e8000000)
  to   space 21824K,   0% used [0x00000000e5560000, 0x00000000e5560000, 0x00000000e6ab0000)
 concurrent mark-sweep generation total 393216K, used 249K [0x00000000e8000000, 0x0000000100000000, 0x0000000100000000)
 Metaspace       used 29163K, capacity 29722K, committed 29948K, reserved 1075200K
  class space    used 3364K, capacity 3571K, committed 3580K, reserved 1048576K
}
2017-02-06T11:44:49.506+0100: 271,139: Total time for which application threads were stopped: 0,0375205 seconds, Stopping threads took: 0,0002124 seconds
2017-02-06T11:44:50.507+0100: 272,139: Total time for which application threads were stopped: 0,0000646 seconds, Stopping threads took: 0,0000182 seconds
2017-02-06T11:45:00.508+0100: 282,140: Total time for which application threads were stopped: 0,0001031 seconds, Stopping threads took: 0,0000353 seconds
2017-02-06T11:45:40.512+0100: 322,144: Total time for which application threads were stopped: 0,0000827 seconds, Stopping threads took: 0,0000336 seconds
2017-02-06T11:48:20.528+0100: 482,161: Total time for which application threads were stopped: 0,0000759 seconds, Stopping threads took: 0,0000306 seconds
2017-02-06T11:49:00.532+0100: 522,165: Total time for which application threads were stopped: 0,0000668 seconds, Stopping threads took: 0,0000226 seconds
2017-02-06T11:49:59.538+0100: 581,171: Total time for which application threads were stopped: 0,0001238 seconds, Stopping threads took: 0,0000424 seconds
2017-02-06T11:50:40.543+0100: 622,176: Total time for which application threads were stopped: 0,0001011 seconds, Stopping threads took: 0,0000332 seconds
2017-02-06T12:03:50.628+0100: 1412,260: Total time for which application threads were stopped: 0,0000783 seconds, Stopping threads took: 0,0000286 seconds
2017-02-06T12:03:54.628+0100: 1416,261: Total time for which application threads were stopped: 0,0000827 seconds, Stopping threads took: 0,0000208 seconds
2017-02-06T12:07:49.652+0100: 1651,284: Total time for which application threads were stopped: 0,0001057 seconds, Stopping threads took: 0,0000393 seconds
2017-02-06T12:07:54.652+0100: 1656,285: Total time for which application threads were stopped: 0,0001073 seconds, Stopping threads took: 0,0000210 seconds
2017-02-06T12:19:04.719+0100: 2326,352: Total time for which application threads were stopped: 0,0000796 seconds, Stopping threads took: 0,0000295 seconds
2017-02-06T12:19:05.719+0100: 2327,352: Total time for which application threads were stopped: 0,0000837 seconds, Stopping threads took: 0,0000324 seconds
2017-02-06T12:37:05.828+0100: 3407,461: Total time for which application threads were stopped: 0,0000766 seconds, Stopping threads took: 0,0000305 seconds
2017-02-06T12:45:20.889+0100: 3902,522: Total time for which application threads were stopped: 0,0000981 seconds, Stopping threads took: 0,0000391 seconds
2017-02-06T12:46:29.900+0100: 3971,532: Total time for which application threads were stopped: 0,0000764 seconds, Stopping threads took: 0,0000301 seconds
2017-02-06T13:13:16.082+0100: 5577,715: Total time for which application threads were stopped: 0,0000761 seconds, Stopping threads took: 0,0000315 seconds
2017-02-06T13:14:11.089+0100: 5632,721: Total time for which application threads were stopped: 0,0000872 seconds, Stopping threads took: 0,0000332 seconds
2017-02-06T13:39:16.294+0100: 7137,926: Total time for which application threads were stopped: 0,0001587 seconds, Stopping threads took: 0,0000627 seconds
2017-02-06T13:42:50.327+0100: 7351,959: Total time for which application threads were stopped: 0,0001605 seconds, Stopping threads took: 0,0000622 seconds
2017-02-06T13:44:50.346+0100: 7471,978: Total time for which application threads were stopped: 0,0001708 seconds, Stopping threads took: 0,0000621 seconds
2017-02-06T13:48:20.382+0100: 7682,015: Total time for which application threads were stopped: 0,0000862 seconds, Stopping threads took: 0,0000333 seconds
2017-02-06T14:52:50.881+0100: 11552,513: Total time for which application threads were stopped: 0,0000907 seconds, Stopping threads took: 0,0000307 seconds
2017-02-06T15:39:33.138+0100: 14354,770: Total time for which application threads were stopped: 0,0001071 seconds, Stopping threads took: 0,0000351 seconds
2017-02-06T15:39:33.141+0100: 14354,774: Total time for which application threads were stopped: 0,0000698 seconds, Stopping threads took: 0,0000194 seconds
2017-02-06T15:39:33.161+0100: 14354,794: Total time for which application threads were stopped: 0,0003744 seconds, Stopping threads took: 0,0000207 seconds
2017-02-06T15:39:33.179+0100: 14354,812: Total time for which application threads were stopped: 0,0000850 seconds, Stopping threads took: 0,0000185 seconds
2017-02-06T15:39:33.179+0100: 14354,812: Total time for which application threads were stopped: 0,0000411 seconds, Stopping threads took: 0,0000127 seconds
2017-02-06T15:39:33.466+0100: 14355,099: Total time for which application threads were stopped: 0,0004140 seconds, Stopping threads took: 0,0001288 seconds
2017-02-06T15:39:33.468+0100: 14355,101: Total time for which application threads were stopped: 0,0001070 seconds, Stopping threads took: 0,0000558 seconds
2017-02-06T15:39:33.470+0100: 14355,103: Total time for which application threads were stopped: 0,0001773 seconds, Stopping threads took: 0,0001315 seconds
2017-02-06T15:39:34.470+0100: 14356,103: Total time for which application threads were stopped: 0,0000854 seconds, Stopping threads took: 0,0000151 seconds
2017-02-06T15:39:40.471+0100: 14362,103: Total time for which application threads were stopped: 0,0000830 seconds, Stopping threads took: 0,0000336 seconds
2017-02-06T15:39:41.076+0100: 14362,708: Total time for which application threads were stopped: 0,0000923 seconds, Stopping threads took: 0,0000136 seconds
2017-02-06T15:39:50.077+0100: 14371,709: Total time for which application threads were stopped: 0,0001337 seconds, Stopping threads took: 0,0000302 seconds
2017-02-06T15:40:18.016+0100: 14399,648: Total time for which application threads were stopped: 0,0001185 seconds, Stopping threads took: 0,0000483 seconds
2017-02-06T15:40:18.027+0100: 14399,660: Total time for which application threads were stopped: 0,0001043 seconds, Stopping threads took: 0,0000271 seconds
Heap
 par new generation   total 109248K, used 48691K [0x00000000e0000000, 0x00000000e8000000, 0x00000000e8000000)
  eden space 87424K,  30% used [0x00000000e0000000, 0x00000000e1a3cec0, 0x00000000e5560000)
  from space 21824K, 100% used [0x00000000e6ab0000, 0x00000000e8000000, 0x00000000e8000000)
  to   space 21824K,   0% used [0x00000000e5560000, 0x00000000e5560000, 0x00000000e6ab0000)
 concurrent mark-sweep generation total 393216K, used 249K [0x00000000e8000000, 0x0000000100000000, 0x0000000100000000)
 Metaspace       used 30165K, capacity 30666K, committed 31100K, reserved 1077248K
  class space    used 3495K, capacity 3671K, committed 3708K, reserved 1048576K
