OpenJDK 64-Bit Server VM (25.121-b13) for linux-amd64 JRE (1.8.0_121-8u121-b13-0ubuntu1.16.04.2-b13), built on Jan 23 2017 15:51:29 by "buildd" with gcc 5.4.0 20160609
Memory: 4k page, physical 7867760k(7445120k free), swap 8076284k(8076284k free)
CommandLine flags: -XX:CMSInitiatingOccupancyFraction=50 -XX:CMSMaxAbortablePrecleanTime=6000 -XX:+CMSParallelRemarkEnabled -XX:+CMSScavengeBeforeRemark -XX:ConcGCThreads=4 -XX:InitialHeapSize=536870912 -XX:MaxHeapSize=536870912 -XX:MaxTenuringThreshold=8 -XX:NewRatio=3 -XX:OldPLABSize=16 -XX:OnOutOfMemoryError=/opt/solr/bin/oom_solr.sh 8983 /var/solr/logs -XX:ParallelGCThreads=4 -XX:+ParallelRefProcEnabled -XX:PretenureSizeThreshold=67108864 -XX:+PrintGC -XX:+PrintGCApplicationStoppedTime -XX:+PrintGCDateStamps -XX:+PrintGCDetails -XX:+PrintGCTimeStamps -XX:+PrintHeapAtGC -XX:+PrintTenuringDistribution -XX:SurvivorRatio=4 -XX:TargetSurvivorRatio=90 -XX:ThreadStackSize=256 -XX:+UseCMSInitiatingOccupancyOnly -XX:+UseCompressedClassPointers -XX:+UseCompressedOops -XX:+UseConcMarkSweepGC -XX:+UseParNewGC 
2017-03-10T21:06:00.875+0100: 0,178: Total time for which application threads were stopped: 0,0000888 seconds, Stopping threads took: 0,0000135 seconds
2017-03-10T21:06:00.979+0100: 0,282: Total time for which application threads were stopped: 0,0000909 seconds, Stopping threads took: 0,0000106 seconds
2017-03-10T21:06:01.000+0100: 0,302: Total time for which application threads were stopped: 0,0000807 seconds, Stopping threads took: 0,0000113 seconds
2017-03-10T21:06:01.391+0100: 0,694: Total time for which application threads were stopped: 0,0001569 seconds, Stopping threads took: 0,0000178 seconds
2017-03-10T21:06:01.657+0100: 0,960: Total time for which application threads were stopped: 0,0001457 seconds, Stopping threads took: 0,0000249 seconds
2017-03-10T21:06:01.772+0100: 1,074: Total time for which application threads were stopped: 0,0001773 seconds, Stopping threads took: 0,0000258 seconds
2017-03-10T21:06:01.800+0100: 1,103: Total time for which application threads were stopped: 0,0003601 seconds, Stopping threads took: 0,0000187 seconds
2017-03-10T21:06:02.100+0100: 1,403: Total time for which application threads were stopped: 0,0009980 seconds, Stopping threads took: 0,0000909 seconds
2017-03-10T21:06:02.366+0100: 1,668: Total time for which application threads were stopped: 0,0001948 seconds, Stopping threads took: 0,0000245 seconds
2017-03-10T21:06:02.395+0100: 1,698: Total time for which application threads were stopped: 0,0001669 seconds, Stopping threads took: 0,0000248 seconds
2017-03-10T21:06:02.431+0100: 1,734: Total time for which application threads were stopped: 0,0002158 seconds, Stopping threads took: 0,0000290 seconds
2017-03-10T21:06:02.432+0100: 1,734: Total time for which application threads were stopped: 0,0001651 seconds, Stopping threads took: 0,0000212 seconds
2017-03-10T21:06:02.449+0100: 1,752: Total time for which application threads were stopped: 0,0001645 seconds, Stopping threads took: 0,0000116 seconds
2017-03-10T21:06:02.531+0100: 1,833: Total time for which application threads were stopped: 0,0001928 seconds, Stopping threads took: 0,0000191 seconds
2017-03-10T21:06:02.693+0100: 1,996: Total time for which application threads were stopped: 0,0002704 seconds, Stopping threads took: 0,0000339 seconds
{Heap before GC invocations=0 (full 0):
 par new generation   total 109248K, used 87424K [0x00000000e0000000, 0x00000000e8000000, 0x00000000e8000000)
  eden space 87424K, 100% used [0x00000000e0000000, 0x00000000e5560000, 0x00000000e5560000)
  from space 21824K,   0% used [0x00000000e5560000, 0x00000000e5560000, 0x00000000e6ab0000)
  to   space 21824K,   0% used [0x00000000e6ab0000, 0x00000000e6ab0000, 0x00000000e8000000)
 concurrent mark-sweep generation total 393216K, used 0K [0x00000000e8000000, 0x0000000100000000, 0x0000000100000000)
 Metaspace       used 18002K, capacity 18336K, committed 18688K, reserved 1064960K
  class space    used 2036K, capacity 2196K, committed 2304K, reserved 1048576K
2017-03-10T21:06:02.779+0100: 2,082: [GC (Allocation Failure) 2017-03-10T21:06:02.779+0100: 2,082: [ParNew
Desired survivor size 20112992 bytes, new threshold 8 (max 8)
- age   1:   12589280 bytes,   12589280 total
: 87424K->12400K(109248K), 0,0162054 secs] 87424K->12400K(502464K), 0,0162825 secs] [Times: user=0,04 sys=0,02, real=0,02 secs] 
Heap after GC invocations=1 (full 0):
 par new generation   total 109248K, used 12400K [0x00000000e0000000, 0x00000000e8000000, 0x00000000e8000000)
  eden space 87424K,   0% used [0x00000000e0000000, 0x00000000e0000000, 0x00000000e5560000)
  from space 21824K,  56% used [0x00000000e6ab0000, 0x00000000e76cc3e0, 0x00000000e8000000)
  to   space 21824K,   0% used [0x00000000e5560000, 0x00000000e5560000, 0x00000000e6ab0000)
 concurrent mark-sweep generation total 393216K, used 0K [0x00000000e8000000, 0x0000000100000000, 0x0000000100000000)
 Metaspace       used 18002K, capacity 18336K, committed 18688K, reserved 1064960K
  class space    used 2036K, capacity 2196K, committed 2304K, reserved 1048576K
}
2017-03-10T21:06:02.795+0100: 2,098: Total time for which application threads were stopped: 0,0165840 seconds, Stopping threads took: 0,0001193 seconds
2017-03-10T21:06:03.090+0100: 2,393: Total time for which application threads were stopped: 0,0003329 seconds, Stopping threads took: 0,0000652 seconds
2017-03-10T21:06:03.133+0100: 2,436: Total time for which application threads were stopped: 0,0004060 seconds, Stopping threads took: 0,0000462 seconds
{Heap before GC invocations=1 (full 0):
 par new generation   total 109248K, used 99824K [0x00000000e0000000, 0x00000000e8000000, 0x00000000e8000000)
  eden space 87424K, 100% used [0x00000000e0000000, 0x00000000e5560000, 0x00000000e5560000)
  from space 21824K,  56% used [0x00000000e6ab0000, 0x00000000e76cc3e0, 0x00000000e8000000)
  to   space 21824K,   0% used [0x00000000e5560000, 0x00000000e5560000, 0x00000000e6ab0000)
 concurrent mark-sweep generation total 393216K, used 0K [0x00000000e8000000, 0x0000000100000000, 0x0000000100000000)
 Metaspace       used 20032K, capacity 20356K, committed 20736K, reserved 1067008K
  class space    used 2295K, capacity 2466K, committed 2560K, reserved 1048576K
2017-03-10T21:06:03.144+0100: 2,447: [GC (Allocation Failure) 2017-03-10T21:06:03.144+0100: 2,447: [ParNew
Desired survivor size 20112992 bytes, new threshold 8 (max 8)
- age   1:    3696168 bytes,    3696168 total
- age   2:    6657240 bytes,   10353408 total
: 99824K->15655K(109248K), 0,0172881 secs] 99824K->15655K(502464K), 0,0173902 secs] [Times: user=0,05 sys=0,00, real=0,01 secs] 
Heap after GC invocations=2 (full 0):
 par new generation   total 109248K, used 15655K [0x00000000e0000000, 0x00000000e8000000, 0x00000000e8000000)
  eden space 87424K,   0% used [0x00000000e0000000, 0x00000000e0000000, 0x00000000e5560000)
  from space 21824K,  71% used [0x00000000e5560000, 0x00000000e64a9e00, 0x00000000e6ab0000)
  to   space 21824K,   0% used [0x00000000e6ab0000, 0x00000000e6ab0000, 0x00000000e8000000)
 concurrent mark-sweep generation total 393216K, used 0K [0x00000000e8000000, 0x0000000100000000, 0x0000000100000000)
 Metaspace       used 20032K, capacity 20356K, committed 20736K, reserved 1067008K
  class space    used 2295K, capacity 2466K, committed 2560K, reserved 1048576K
}
2017-03-10T21:06:03.162+0100: 2,464: Total time for which application threads were stopped: 0,0176267 seconds, Stopping threads took: 0,0000667 seconds
2017-03-10T21:06:03.206+0100: 2,509: Total time for which application threads were stopped: 0,0004179 seconds, Stopping threads took: 0,0001020 seconds
2017-03-10T21:06:03.347+0100: 2,649: Total time for which application threads were stopped: 0,0002116 seconds, Stopping threads took: 0,0000456 seconds
{Heap before GC invocations=2 (full 0):
 par new generation   total 109248K, used 103079K [0x00000000e0000000, 0x00000000e8000000, 0x00000000e8000000)
  eden space 87424K, 100% used [0x00000000e0000000, 0x00000000e5560000, 0x00000000e5560000)
  from space 21824K,  71% used [0x00000000e5560000, 0x00000000e64a9e00, 0x00000000e6ab0000)
  to   space 21824K,   0% used [0x00000000e6ab0000, 0x00000000e6ab0000, 0x00000000e8000000)
 concurrent mark-sweep generation total 393216K, used 0K [0x00000000e8000000, 0x0000000100000000, 0x0000000100000000)
 Metaspace       used 20949K, capacity 21278K, committed 21628K, reserved 1069056K
  class space    used 2417K, capacity 2585K, committed 2684K, reserved 1048576K
2017-03-10T21:06:03.388+0100: 2,691: [GC (Allocation Failure) 2017-03-10T21:06:03.388+0100: 2,691: [ParNew
Desired survivor size 20112992 bytes, new threshold 8 (max 8)
- age   1:    2303512 bytes,    2303512 total
- age   2:     856824 bytes,    3160336 total
- age   3:    6653848 bytes,    9814184 total
: 103079K->11211K(109248K), 0,0099647 secs] 103079K->11211K(502464K), 0,0100602 secs] [Times: user=0,03 sys=0,00, real=0,01 secs] 
Heap after GC invocations=3 (full 0):
 par new generation   total 109248K, used 11211K [0x00000000e0000000, 0x00000000e8000000, 0x00000000e8000000)
  eden space 87424K,   0% used [0x00000000e0000000, 0x00000000e0000000, 0x00000000e5560000)
  from space 21824K,  51% used [0x00000000e6ab0000, 0x00000000e75a2df0, 0x00000000e8000000)
  to   space 21824K,   0% used [0x00000000e5560000, 0x00000000e5560000, 0x00000000e6ab0000)
 concurrent mark-sweep generation total 393216K, used 0K [0x00000000e8000000, 0x0000000100000000, 0x0000000100000000)
 Metaspace       used 20949K, capacity 21278K, committed 21628K, reserved 1069056K
  class space    used 2417K, capacity 2585K, committed 2684K, reserved 1048576K
}
2017-03-10T21:06:03.399+0100: 2,701: Total time for which application threads were stopped: 0,0103395 seconds, Stopping threads took: 0,0000967 seconds
2017-03-10T21:06:03.406+0100: 2,709: [GC (CMS Initial Mark) [1 CMS-initial-mark: 0K(393216K)] 13326K(502464K), 0,0050910 secs] [Times: user=0,02 sys=0,00, real=0,01 secs] 
2017-03-10T21:06:03.411+0100: 2,714: Total time for which application threads were stopped: 0,0093621 seconds, Stopping threads took: 0,0041675 seconds
2017-03-10T21:06:03.411+0100: 2,714: [CMS-concurrent-mark-start]
2017-03-10T21:06:03.412+0100: 2,714: [CMS-concurrent-mark: 0,000/0,000 secs] [Times: user=0,00 sys=0,00, real=0,00 secs] 
2017-03-10T21:06:03.412+0100: 2,714: [CMS-concurrent-preclean-start]
2017-03-10T21:06:03.413+0100: 2,715: [CMS-concurrent-preclean: 0,001/0,001 secs] [Times: user=0,00 sys=0,00, real=0,00 secs] 
2017-03-10T21:06:03.413+0100: 2,715: [CMS-concurrent-abortable-preclean-start]
2017-03-10T21:06:03.482+0100: 2,785: Total time for which application threads were stopped: 0,0039111 seconds, Stopping threads took: 0,0038003 seconds
{Heap before GC invocations=3 (full 1):
 par new generation   total 109248K, used 98623K [0x00000000e0000000, 0x00000000e8000000, 0x00000000e8000000)
  eden space 87424K,  99% used [0x00000000e0000000, 0x00000000e555d188, 0x00000000e5560000)
  from space 21824K,  51% used [0x00000000e6ab0000, 0x00000000e75a2df0, 0x00000000e8000000)
  to   space 21824K,   0% used [0x00000000e5560000, 0x00000000e5560000, 0x00000000e6ab0000)
 concurrent mark-sweep generation total 393216K, used 0K [0x00000000e8000000, 0x0000000100000000, 0x0000000100000000)
 Metaspace       used 21216K, capacity 21554K, committed 21884K, reserved 1069056K
  class space    used 2445K, capacity 2600K, committed 2684K, reserved 1048576K
2017-03-10T21:06:03.520+0100: 2,823: [GC (Allocation Failure) 2017-03-10T21:06:03.520+0100: 2,823: [ParNew
Desired survivor size 20112992 bytes, new threshold 8 (max 8)
- age   1:     967032 bytes,     967032 total
- age   2:    1451824 bytes,    2418856 total
- age   3:     821512 bytes,    3240368 total
- age   4:    6653584 bytes,    9893952 total
: 98623K->14540K(109248K), 0,0094903 secs] 98623K->14540K(502464K), 0,0095524 secs] [Times: user=0,04 sys=0,00, real=0,01 secs] 
Heap after GC invocations=4 (full 1):
 par new generation   total 109248K, used 14540K [0x00000000e0000000, 0x00000000e8000000, 0x00000000e8000000)
  eden space 87424K,   0% used [0x00000000e0000000, 0x00000000e0000000, 0x00000000e5560000)
  from space 21824K,  66% used [0x00000000e5560000, 0x00000000e6393338, 0x00000000e6ab0000)
  to   space 21824K,   0% used [0x00000000e6ab0000, 0x00000000e6ab0000, 0x00000000e8000000)
 concurrent mark-sweep generation total 393216K, used 0K [0x00000000e8000000, 0x0000000100000000, 0x0000000100000000)
 Metaspace       used 21216K, capacity 21554K, committed 21884K, reserved 1069056K
  class space    used 2445K, capacity 2600K, committed 2684K, reserved 1048576K
}
2017-03-10T21:06:03.530+0100: 2,832: Total time for which application threads were stopped: 0,0101517 seconds, Stopping threads took: 0,0004666 seconds
2017-03-10T21:06:03.530+0100: 2,832: [CMS-concurrent-abortable-preclean: 0,067/0,117 secs] [Times: user=0,43 sys=0,00, real=0,11 secs] 
2017-03-10T21:06:03.549+0100: 2,852: [GC (CMS Final Remark) [YG occupancy: 25724 K (109248 K)]{Heap before GC invocations=4 (full 1):
 par new generation   total 109248K, used 25724K [0x00000000e0000000, 0x00000000e8000000, 0x00000000e8000000)
  eden space 87424K,  12% used [0x00000000e0000000, 0x00000000e0aebfb8, 0x00000000e5560000)
  from space 21824K,  66% used [0x00000000e5560000, 0x00000000e6393338, 0x00000000e6ab0000)
  to   space 21824K,   0% used [0x00000000e6ab0000, 0x00000000e6ab0000, 0x00000000e8000000)
 concurrent mark-sweep generation total 393216K, used 0K [0x00000000e8000000, 0x0000000100000000, 0x0000000100000000)
 Metaspace       used 21233K, capacity 21554K, committed 21884K, reserved 1069056K
  class space    used 2448K, capacity 2600K, committed 2684K, reserved 1048576K
2017-03-10T21:06:03.549+0100: 2,852: [GC (CMS Final Remark) 2017-03-10T21:06:03.549+0100: 2,852: [ParNew
Desired survivor size 20112992 bytes, new threshold 8 (max 8)
- age   1:     363848 bytes,     363848 total
- age   2:     790832 bytes,    1154680 total
- age   3:    1451680 bytes,    2606360 total
- age   4:     821464 bytes,    3427824 total
- age   5:    6653512 bytes,   10081336 total
: 25724K->12355K(109248K), 0,0089855 secs] 25724K->12355K(502464K), 0,0090267 secs] [Times: user=0,04 sys=0,00, real=0,01 secs] 
Heap after GC invocations=5 (full 1):
 par new generation   total 109248K, used 12355K [0x00000000e0000000, 0x00000000e8000000, 0x00000000e8000000)
  eden space 87424K,   0% used [0x00000000e0000000, 0x00000000e0000000, 0x00000000e5560000)
  from space 21824K,  56% used [0x00000000e6ab0000, 0x00000000e76c0c40, 0x00000000e8000000)
  to   space 21824K,   0% used [0x00000000e5560000, 0x00000000e5560000, 0x00000000e6ab0000)
 concurrent mark-sweep generation total 393216K, used 0K [0x00000000e8000000, 0x0000000100000000, 0x0000000100000000)
 Metaspace       used 21233K, capacity 21554K, committed 21884K, reserved 1069056K
  class space    used 2448K, capacity 2600K, committed 2684K, reserved 1048576K
}
2017-03-10T21:06:03.558+0100: 2,861: [Rescan (parallel) , 0,0032137 secs]2017-03-10T21:06:03.562+0100: 2,864: [weak refs processing, 0,0007946 secs]2017-03-10T21:06:03.562+0100: 2,865: [class unloading, 0,0027274 secs]2017-03-10T21:06:03.565+0100: 2,868: [scrub symbol table, 0,0024798 secs]2017-03-10T21:06:03.568+0100: 2,871: [scrub string table, 0,0003668 secs][1 CMS-remark: 0K(393216K)] 12355K(502464K), 0,0192681 secs] [Times: user=0,06 sys=0,00, real=0,02 secs] 
2017-03-10T21:06:03.569+0100: 2,871: Total time for which application threads were stopped: 0,0241651 seconds, Stopping threads took: 0,0048136 seconds
2017-03-10T21:06:03.569+0100: 2,871: [CMS-concurrent-sweep-start]
2017-03-10T21:06:03.569+0100: 2,872: [CMS-concurrent-sweep: 0,000/0,000 secs] [Times: user=0,00 sys=0,00, real=0,00 secs] 
2017-03-10T21:06:03.569+0100: 2,872: [CMS-concurrent-reset-start]
2017-03-10T21:06:03.571+0100: 2,874: [CMS-concurrent-reset: 0,003/0,003 secs] [Times: user=0,01 sys=0,01, real=0,01 secs] 
{Heap before GC invocations=5 (full 1):
 par new generation   total 109248K, used 99779K [0x00000000e0000000, 0x00000000e8000000, 0x00000000e8000000)
  eden space 87424K, 100% used [0x00000000e0000000, 0x00000000e5560000, 0x00000000e5560000)
  from space 21824K,  56% used [0x00000000e6ab0000, 0x00000000e76c0c40, 0x00000000e8000000)
  to   space 21824K,   0% used [0x00000000e5560000, 0x00000000e5560000, 0x00000000e6ab0000)
 concurrent mark-sweep generation total 393216K, used 0K [0x00000000e8000000, 0x0000000100000000, 0x0000000100000000)
 Metaspace       used 21445K, capacity 21854K, committed 22140K, reserved 1069056K
  class space    used 2475K, capacity 2634K, committed 2684K, reserved 1048576K
2017-03-10T21:06:03.658+0100: 2,961: [GC (Allocation Failure) 2017-03-10T21:06:03.658+0100: 2,961: [ParNew
Desired survivor size 20112992 bytes, new threshold 8 (max 8)
- age   1:     420264 bytes,     420264 total
- age   2:      18624 bytes,     438888 total
- age   3:     185568 bytes,     624456 total
- age   4:    1449968 bytes,    2074424 total
- age   5:     821400 bytes,    2895824 total
- age   6:    6653440 bytes,    9549264 total
: 99779K->14887K(109248K), 0,0094119 secs] 99779K->14887K(502464K), 0,0094744 secs] [Times: user=0,03 sys=0,01, real=0,01 secs] 
Heap after GC invocations=6 (full 1):
 par new generation   total 109248K, used 14887K [0x00000000e0000000, 0x00000000e8000000, 0x00000000e8000000)
  eden space 87424K,   0% used [0x00000000e0000000, 0x00000000e0000000, 0x00000000e5560000)
  from space 21824K,  68% used [0x00000000e5560000, 0x00000000e63e9cc8, 0x00000000e6ab0000)
  to   space 21824K,   0% used [0x00000000e6ab0000, 0x00000000e6ab0000, 0x00000000e8000000)
 concurrent mark-sweep generation total 393216K, used 0K [0x00000000e8000000, 0x0000000100000000, 0x0000000100000000)
 Metaspace       used 21445K, capacity 21854K, committed 22140K, reserved 1069056K
  class space    used 2475K, capacity 2634K, committed 2684K, reserved 1048576K
}
2017-03-10T21:06:03.667+0100: 2,970: Total time for which application threads were stopped: 0,0097010 seconds, Stopping threads took: 0,0000754 seconds
2017-03-10T21:06:03.683+0100: 2,985: Total time for which application threads were stopped: 0,0002985 seconds, Stopping threads took: 0,0000257 seconds
2017-03-10T21:06:03.838+0100: 3,141: Total time for which application threads were stopped: 0,0042185 seconds, Stopping threads took: 0,0038336 seconds
2017-03-10T21:06:03.869+0100: 3,172: Total time for which application threads were stopped: 0,0004090 seconds, Stopping threads took: 0,0000458 seconds
2017-03-10T21:06:03.882+0100: 3,185: Total time for which application threads were stopped: 0,0004080 seconds, Stopping threads took: 0,0000227 seconds
{Heap before GC invocations=6 (full 1):
 par new generation   total 109248K, used 102311K [0x00000000e0000000, 0x00000000e8000000, 0x00000000e8000000)
  eden space 87424K, 100% used [0x00000000e0000000, 0x00000000e5560000, 0x00000000e5560000)
  from space 21824K,  68% used [0x00000000e5560000, 0x00000000e63e9cc8, 0x00000000e6ab0000)
  to   space 21824K,   0% used [0x00000000e6ab0000, 0x00000000e6ab0000, 0x00000000e8000000)
 concurrent mark-sweep generation total 393216K, used 0K [0x00000000e8000000, 0x0000000100000000, 0x0000000100000000)
 Metaspace       used 23825K, capacity 24224K, committed 24572K, reserved 1071104K
  class space    used 2800K, capacity 2977K, committed 3068K, reserved 1048576K
2017-03-10T21:06:04.035+0100: 3,338: [GC (Allocation Failure) 2017-03-10T21:06:04.035+0100: 3,338: [ParNew
Desired survivor size 20112992 bytes, new threshold 8 (max 8)
- age   1:    5018672 bytes,    5018672 total
- age   2:     181408 bytes,    5200080 total
- age   3:      18560 bytes,    5218640 total
- age   4:     185024 bytes,    5403664 total
- age   5:     281920 bytes,    5685584 total
- age   6:     797016 bytes,    6482600 total
- age   7:    6645344 bytes,   13127944 total
: 102311K->14488K(109248K), 0,0128651 secs] 102311K->14488K(502464K), 0,0129458 secs] [Times: user=0,04 sys=0,00, real=0,01 secs] 
Heap after GC invocations=7 (full 1):
 par new generation   total 109248K, used 14488K [0x00000000e0000000, 0x00000000e8000000, 0x00000000e8000000)
  eden space 87424K,   0% used [0x00000000e0000000, 0x00000000e0000000, 0x00000000e5560000)
  from space 21824K,  66% used [0x00000000e6ab0000, 0x00000000e78d6338, 0x00000000e8000000)
  to   space 21824K,   0% used [0x00000000e5560000, 0x00000000e5560000, 0x00000000e6ab0000)
 concurrent mark-sweep generation total 393216K, used 0K [0x00000000e8000000, 0x0000000100000000, 0x0000000100000000)
 Metaspace       used 23825K, capacity 24224K, committed 24572K, reserved 1071104K
  class space    used 2800K, capacity 2977K, committed 3068K, reserved 1048576K
}
2017-03-10T21:06:04.048+0100: 3,351: Total time for which application threads were stopped: 0,0132386 seconds, Stopping threads took: 0,0000905 seconds
{Heap before GC invocations=7 (full 1):
 par new generation   total 109248K, used 101912K [0x00000000e0000000, 0x00000000e8000000, 0x00000000e8000000)
  eden space 87424K, 100% used [0x00000000e0000000, 0x00000000e5560000, 0x00000000e5560000)
  from space 21824K,  66% used [0x00000000e6ab0000, 0x00000000e78d6338, 0x00000000e8000000)
  to   space 21824K,   0% used [0x00000000e5560000, 0x00000000e5560000, 0x00000000e6ab0000)
 concurrent mark-sweep generation total 393216K, used 0K [0x00000000e8000000, 0x0000000100000000, 0x0000000100000000)
 Metaspace       used 24342K, capacity 24806K, committed 25084K, reserved 1071104K
  class space    used 2854K, capacity 3042K, committed 3068K, reserved 1048576K
2017-03-10T21:06:04.156+0100: 3,459: [GC (Allocation Failure) 2017-03-10T21:06:04.156+0100: 3,459: [ParNew
Desired survivor size 20112992 bytes, new threshold 8 (max 8)
- age   1:    1945824 bytes,    1945824 total
- age   2:    1704064 bytes,    3649888 total
- age   3:      85584 bytes,    3735472 total
- age   4:       6424 bytes,    3741896 total
- age   5:     107712 bytes,    3849608 total
- age   6:     185520 bytes,    4035128 total
- age   7:     754792 bytes,    4789920 total
- age   8:    6112616 bytes,   10902536 total
: 101912K->13412K(109248K), 0,0189360 secs] 101912K->13412K(502464K), 0,0190158 secs] [Times: user=0,06 sys=0,00, real=0,02 secs] 
Heap after GC invocations=8 (full 1):
 par new generation   total 109248K, used 13412K [0x00000000e0000000, 0x00000000e8000000, 0x00000000e8000000)
  eden space 87424K,   0% used [0x00000000e0000000, 0x00000000e0000000, 0x00000000e5560000)
  from space 21824K,  61% used [0x00000000e5560000, 0x00000000e6279098, 0x00000000e6ab0000)
  to   space 21824K,   0% used [0x00000000e6ab0000, 0x00000000e6ab0000, 0x00000000e8000000)
 concurrent mark-sweep generation total 393216K, used 0K [0x00000000e8000000, 0x0000000100000000, 0x0000000100000000)
 Metaspace       used 24342K, capacity 24806K, committed 25084K, reserved 1071104K
  class space    used 2854K, capacity 3042K, committed 3068K, reserved 1048576K
}
2017-03-10T21:06:04.175+0100: 3,478: Total time for which application threads were stopped: 0,0218407 seconds, Stopping threads took: 0,0019046 seconds
{Heap before GC invocations=8 (full 1):
 par new generation   total 109248K, used 100836K [0x00000000e0000000, 0x00000000e8000000, 0x00000000e8000000)
  eden space 87424K, 100% used [0x00000000e0000000, 0x00000000e5560000, 0x00000000e5560000)
  from space 21824K,  61% used [0x00000000e5560000, 0x00000000e6279098, 0x00000000e6ab0000)
  to   space 21824K,   0% used [0x00000000e6ab0000, 0x00000000e6ab0000, 0x00000000e8000000)
 concurrent mark-sweep generation total 393216K, used 0K [0x00000000e8000000, 0x0000000100000000, 0x0000000100000000)
 Metaspace       used 24630K, capacity 25120K, committed 25468K, reserved 1071104K
  class space    used 2878K, capacity 3079K, committed 3196K, reserved 1048576K
2017-03-10T21:06:04.249+0100: 3,552: [GC (Allocation Failure) 2017-03-10T21:06:04.249+0100: 3,552: [ParNew
Desired survivor size 20112992 bytes, new threshold 8 (max 8)
- age   1:     725528 bytes,     725528 total
- age   2:     981160 bytes,    1706688 total
- age   3:    1681800 bytes,    3388488 total
- age   4:      85552 bytes,    3474040 total
- age   5:       6424 bytes,    3480464 total
- age   6:     107512 bytes,    3587976 total
- age   7:     182752 bytes,    3770728 total
- age   8:     753992 bytes,    4524720 total
: 100836K->10667K(109248K), 0,0268544 secs] 100836K->16719K(502464K), 0,0269174 secs] [Times: user=0,10 sys=0,00, real=0,03 secs] 
Heap after GC invocations=9 (full 1):
 par new generation   total 109248K, used 10667K [0x00000000e0000000, 0x00000000e8000000, 0x00000000e8000000)
  eden space 87424K,   0% used [0x00000000e0000000, 0x00000000e0000000, 0x00000000e5560000)
  from space 21824K,  48% used [0x00000000e6ab0000, 0x00000000e751aee0, 0x00000000e8000000)
  to   space 21824K,   0% used [0x00000000e5560000, 0x00000000e5560000, 0x00000000e6ab0000)
 concurrent mark-sweep generation total 393216K, used 6051K [0x00000000e8000000, 0x0000000100000000, 0x0000000100000000)
 Metaspace       used 24630K, capacity 25120K, committed 25468K, reserved 1071104K
  class space    used 2878K, capacity 3079K, committed 3196K, reserved 1048576K
}
2017-03-10T21:06:04.276+0100: 3,579: Total time for which application threads were stopped: 0,0271470 seconds, Stopping threads took: 0,0000653 seconds
2017-03-10T21:06:04.603+0100: 3,906: Total time for which application threads were stopped: 0,0004751 seconds, Stopping threads took: 0,0000237 seconds
2017-03-10T21:06:04.624+0100: 3,926: Total time for which application threads were stopped: 0,0004221 seconds, Stopping threads took: 0,0000423 seconds
2017-03-10T21:06:04.727+0100: 4,029: Total time for which application threads were stopped: 0,0029338 seconds, Stopping threads took: 0,0025002 seconds
2017-03-10T21:06:04.759+0100: 4,061: Total time for which application threads were stopped: 0,0010211 seconds, Stopping threads took: 0,0004559 seconds
2017-03-10T21:06:04.765+0100: 4,068: Total time for which application threads were stopped: 0,0001479 seconds, Stopping threads took: 0,0000452 seconds
2017-03-10T21:06:04.766+0100: 4,068: Total time for which application threads were stopped: 0,0001013 seconds, Stopping threads took: 0,0000325 seconds
2017-03-10T21:06:04.766+0100: 4,069: Total time for which application threads were stopped: 0,0001243 seconds, Stopping threads took: 0,0000320 seconds
2017-03-10T21:06:04.767+0100: 4,070: Total time for which application threads were stopped: 0,0001202 seconds, Stopping threads took: 0,0000280 seconds
2017-03-10T21:06:04.768+0100: 4,071: Total time for which application threads were stopped: 0,0001515 seconds, Stopping threads took: 0,0000390 seconds
2017-03-10T21:06:04.769+0100: 4,071: Total time for which application threads were stopped: 0,0001081 seconds, Stopping threads took: 0,0000247 seconds
2017-03-10T21:06:04.769+0100: 4,072: Total time for which application threads were stopped: 0,0001023 seconds, Stopping threads took: 0,0000219 seconds
2017-03-10T21:06:04.769+0100: 4,072: Total time for which application threads were stopped: 0,0000925 seconds, Stopping threads took: 0,0000186 seconds
2017-03-10T21:06:04.769+0100: 4,072: Total time for which application threads were stopped: 0,0000858 seconds, Stopping threads took: 0,0000200 seconds
2017-03-10T21:06:04.770+0100: 4,072: Total time for which application threads were stopped: 0,0001379 seconds, Stopping threads took: 0,0000326 seconds
2017-03-10T21:06:04.770+0100: 4,073: Total time for which application threads were stopped: 0,0000999 seconds, Stopping threads took: 0,0000222 seconds
2017-03-10T21:06:04.770+0100: 4,073: Total time for which application threads were stopped: 0,0000872 seconds, Stopping threads took: 0,0000219 seconds
2017-03-10T21:06:04.770+0100: 4,073: Total time for which application threads were stopped: 0,0001082 seconds, Stopping threads took: 0,0000411 seconds
2017-03-10T21:06:04.770+0100: 4,073: Total time for which application threads were stopped: 0,0000794 seconds, Stopping threads took: 0,0000175 seconds
2017-03-10T21:06:04.771+0100: 4,073: Total time for which application threads were stopped: 0,0000993 seconds, Stopping threads took: 0,0000334 seconds
2017-03-10T21:06:04.771+0100: 4,073: Total time for which application threads were stopped: 0,0000810 seconds, Stopping threads took: 0,0000180 seconds
2017-03-10T21:06:04.771+0100: 4,074: Total time for which application threads were stopped: 0,0000869 seconds, Stopping threads took: 0,0000196 seconds
2017-03-10T21:06:04.771+0100: 4,074: Total time for which application threads were stopped: 0,0000800 seconds, Stopping threads took: 0,0000187 seconds
2017-03-10T21:06:04.771+0100: 4,074: Total time for which application threads were stopped: 0,0000877 seconds, Stopping threads took: 0,0000201 seconds
2017-03-10T21:06:04.772+0100: 4,074: Total time for which application threads were stopped: 0,0002080 seconds, Stopping threads took: 0,0000221 seconds
2017-03-10T21:06:04.773+0100: 4,075: Total time for which application threads were stopped: 0,0001372 seconds, Stopping threads took: 0,0000319 seconds
2017-03-10T21:06:04.773+0100: 4,076: Total time for which application threads were stopped: 0,0001200 seconds, Stopping threads took: 0,0000464 seconds
2017-03-10T21:06:04.778+0100: 4,081: Total time for which application threads were stopped: 0,0001264 seconds, Stopping threads took: 0,0000408 seconds
2017-03-10T21:06:04.779+0100: 4,081: Total time for which application threads were stopped: 0,0000987 seconds, Stopping threads took: 0,0000276 seconds
2017-03-10T21:06:04.779+0100: 4,081: Total time for which application threads were stopped: 0,0001177 seconds, Stopping threads took: 0,0000336 seconds
2017-03-10T21:06:04.779+0100: 4,082: Total time for which application threads were stopped: 0,0000942 seconds, Stopping threads took: 0,0000338 seconds
2017-03-10T21:06:04.779+0100: 4,082: Total time for which application threads were stopped: 0,0000901 seconds, Stopping threads took: 0,0000229 seconds
2017-03-10T21:06:04.779+0100: 4,082: Total time for which application threads were stopped: 0,0000941 seconds, Stopping threads took: 0,0000400 seconds
2017-03-10T21:06:04.780+0100: 4,082: Total time for which application threads were stopped: 0,0000470 seconds, Stopping threads took: 0,0000133 seconds
2017-03-10T21:06:04.780+0100: 4,082: Total time for which application threads were stopped: 0,0000677 seconds, Stopping threads took: 0,0000286 seconds
2017-03-10T21:06:04.780+0100: 4,083: Total time for which application threads were stopped: 0,0000840 seconds, Stopping threads took: 0,0000253 seconds
2017-03-10T21:06:04.780+0100: 4,083: Total time for which application threads were stopped: 0,0000782 seconds, Stopping threads took: 0,0000325 seconds
2017-03-10T21:06:04.780+0100: 4,083: Total time for which application threads were stopped: 0,0000719 seconds, Stopping threads took: 0,0000192 seconds
2017-03-10T21:06:04.782+0100: 4,085: Total time for which application threads were stopped: 0,0001747 seconds, Stopping threads took: 0,0000534 seconds
2017-03-10T21:06:04.786+0100: 4,089: Total time for which application threads were stopped: 0,0001526 seconds, Stopping threads took: 0,0000421 seconds
2017-03-10T21:06:04.786+0100: 4,089: Total time for which application threads were stopped: 0,0000950 seconds, Stopping threads took: 0,0000324 seconds
2017-03-10T21:06:04.787+0100: 4,090: Total time for which application threads were stopped: 0,0001059 seconds, Stopping threads took: 0,0000405 seconds
2017-03-10T21:06:04.787+0100: 4,090: Total time for which application threads were stopped: 0,0000801 seconds, Stopping threads took: 0,0000275 seconds
2017-03-10T21:06:04.787+0100: 4,090: Total time for which application threads were stopped: 0,0002710 seconds, Stopping threads took: 0,0002284 seconds
2017-03-10T21:06:04.787+0100: 4,090: Total time for which application threads were stopped: 0,0000850 seconds, Stopping threads took: 0,0000530 seconds
2017-03-10T21:06:04.788+0100: 4,090: Total time for which application threads were stopped: 0,0001344 seconds, Stopping threads took: 0,0000215 seconds
2017-03-10T21:06:04.790+0100: 4,092: Total time for which application threads were stopped: 0,0001694 seconds, Stopping threads took: 0,0000603 seconds
2017-03-10T21:06:04.791+0100: 4,094: Total time for which application threads were stopped: 0,0001307 seconds, Stopping threads took: 0,0000529 seconds
2017-03-10T21:06:04.826+0100: 4,129: Total time for which application threads were stopped: 0,0004166 seconds, Stopping threads took: 0,0002949 seconds
2017-03-10T21:06:04.831+0100: 4,134: Total time for which application threads were stopped: 0,0001758 seconds, Stopping threads took: 0,0000595 seconds
2017-03-10T21:06:04.874+0100: 4,177: Total time for which application threads were stopped: 0,0001635 seconds, Stopping threads took: 0,0000432 seconds
2017-03-10T21:06:04.875+0100: 4,178: Total time for which application threads were stopped: 0,0001351 seconds, Stopping threads took: 0,0000373 seconds
2017-03-10T21:06:05.875+0100: 5,178: Total time for which application threads were stopped: 0,0000748 seconds, Stopping threads took: 0,0000173 seconds
2017-03-10T21:07:57.423+0100: 117,192: Total time for which application threads were stopped: 0,0000830 seconds, Stopping threads took: 0,0000338 seconds
2017-03-10T21:08:02.424+0100: 122,193: Total time for which application threads were stopped: 0,0000806 seconds, Stopping threads took: 0,0000185 seconds
{Heap before GC invocations=9 (full 1):
 par new generation   total 109248K, used 98091K [0x00000000e0000000, 0x00000000e8000000, 0x00000000e8000000)
  eden space 87424K, 100% used [0x00000000e0000000, 0x00000000e5560000, 0x00000000e5560000)
  from space 21824K,  48% used [0x00000000e6ab0000, 0x00000000e751aee0, 0x00000000e8000000)
  to   space 21824K,   0% used [0x00000000e5560000, 0x00000000e5560000, 0x00000000e6ab0000)
 concurrent mark-sweep generation total 393216K, used 6051K [0x00000000e8000000, 0x0000000100000000, 0x0000000100000000)
 Metaspace       used 28001K, capacity 28476K, committed 28796K, reserved 1075200K
  class space    used 3212K, capacity 3385K, committed 3452K, reserved 1048576K
2017-03-10T21:08:56.217+0100: 175,986: [GC (Allocation Failure) 2017-03-10T21:08:56.217+0100: 175,986: [ParNew
Desired survivor size 20112992 bytes, new threshold 8 (max 8)
- age   1:   11033664 bytes,   11033664 total
- age   2:     194392 bytes,   11228056 total
- age   3:     202136 bytes,   11430192 total
- age   4:    1675792 bytes,   13105984 total
- age   5:      85432 bytes,   13191416 total
- age   6:       6424 bytes,   13197840 total
- age   7:     104776 bytes,   13302616 total
- age   8:     182128 bytes,   13484744 total
: 98091K->14918K(109248K), 0,0193725 secs] 104143K->21793K(502464K), 0,0194414 secs] [Times: user=0,07 sys=0,00, real=0,02 secs] 
Heap after GC invocations=10 (full 1):
 par new generation   total 109248K, used 14918K [0x00000000e0000000, 0x00000000e8000000, 0x00000000e8000000)
  eden space 87424K,   0% used [0x00000000e0000000, 0x00000000e0000000, 0x00000000e5560000)
  from space 21824K,  68% used [0x00000000e5560000, 0x00000000e63f19e8, 0x00000000e6ab0000)
  to   space 21824K,   0% used [0x00000000e6ab0000, 0x00000000e6ab0000, 0x00000000e8000000)
 concurrent mark-sweep generation total 393216K, used 6875K [0x00000000e8000000, 0x0000000100000000, 0x0000000100000000)
 Metaspace       used 28001K, capacity 28476K, committed 28796K, reserved 1075200K
  class space    used 3212K, capacity 3385K, committed 3452K, reserved 1048576K
}
2017-03-10T21:08:56.236+0100: 176,005: Total time for which application threads were stopped: 0,0195880 seconds, Stopping threads took: 0,0000368 seconds
2017-03-10T21:08:56.238+0100: 176,007: Total time for which application threads were stopped: 0,0000652 seconds, Stopping threads took: 0,0000259 seconds
2017-03-10T21:08:56.239+0100: 176,008: Total time for which application threads were stopped: 0,0000551 seconds, Stopping threads took: 0,0000293 seconds
2017-03-10T21:16:47.297+0100: 647,065: Total time for which application threads were stopped: 0,0000923 seconds, Stopping threads took: 0,0000385 seconds
2017-03-10T21:22:07.332+0100: 967,101: Total time for which application threads were stopped: 0,0001186 seconds, Stopping threads took: 0,0000445 seconds
2017-03-10T21:29:31.382+0100: 1411,151: Total time for which application threads were stopped: 0,0001219 seconds, Stopping threads took: 0,0000470 seconds
2017-03-10T21:33:26.405+0100: 1646,174: Total time for which application threads were stopped: 0,0000883 seconds, Stopping threads took: 0,0000316 seconds
2017-03-10T21:33:31.406+0100: 1651,175: Total time for which application threads were stopped: 0,0003396 seconds, Stopping threads took: 0,0001052 seconds
2017-03-10T21:44:36.479+0100: 2316,248: Total time for which application threads were stopped: 0,0001132 seconds, Stopping threads took: 0,0000458 seconds
2017-03-10T21:44:37.480+0100: 2317,248: Total time for which application threads were stopped: 0,0000664 seconds, Stopping threads took: 0,0000147 seconds
2017-03-10T21:56:32.545+0100: 3032,314: Total time for which application threads were stopped: 0,0001362 seconds, Stopping threads took: 0,0000478 seconds
2017-03-10T22:00:02.567+0100: 3242,336: Total time for which application threads were stopped: 0,0002062 seconds, Stopping threads took: 0,0001158 seconds
2017-03-10T22:01:17.575+0100: 3317,344: Total time for which application threads were stopped: 0,0000947 seconds, Stopping threads took: 0,0000408 seconds
2017-03-10T22:03:32.589+0100: 3452,358: Total time for which application threads were stopped: 0,0001121 seconds, Stopping threads took: 0,0000419 seconds
2017-03-10T22:09:32.625+0100: 3812,393: Total time for which application threads were stopped: 0,0001135 seconds, Stopping threads took: 0,0000316 seconds
2017-03-10T22:13:26.647+0100: 4046,415: Total time for which application threads were stopped: 0,0001611 seconds, Stopping threads took: 0,0000547 seconds
2017-03-10T22:13:51.650+0100: 4071,419: Total time for which application threads were stopped: 0,0004549 seconds, Stopping threads took: 0,0001729 seconds
2017-03-10T22:28:02.740+0100: 4922,509: Total time for which application threads were stopped: 0,0001878 seconds, Stopping threads took: 0,0000898 seconds
2017-03-10T22:28:07.741+0100: 4927,510: Total time for which application threads were stopped: 0,0000623 seconds, Stopping threads took: 0,0000143 seconds
2017-03-10T22:56:01.904+0100: 6601,673: Total time for which application threads were stopped: 0,0000786 seconds, Stopping threads took: 0,0000304 seconds
2017-03-10T23:00:17.931+0100: 6857,700: Total time for which application threads were stopped: 0,0000864 seconds, Stopping threads took: 0,0000333 seconds
2017-03-10T23:08:01.981+0100: 7321,750: Total time for which application threads were stopped: 0,0003288 seconds, Stopping threads took: 0,0001454 seconds
2017-03-10T23:14:02.015+0100: 7681,784: Total time for which application threads were stopped: 0,0004254 seconds, Stopping threads took: 0,0001676 seconds
2017-03-11T00:18:32.371+0100: 11552,139: Total time for which application threads were stopped: 0,0001406 seconds, Stopping threads took: 0,0000514 seconds
2017-03-11T00:37:25.791+0100: 12685,560: Total time for which application threads were stopped: 0,0624730 seconds, Stopping threads took: 0,0623948 seconds
2017-03-11T00:37:25.792+0100: 12685,561: Total time for which application threads were stopped: 0,0000931 seconds, Stopping threads took: 0,0000257 seconds
2017-03-11T00:37:25.838+0100: 12685,607: Total time for which application threads were stopped: 0,0035332 seconds, Stopping threads took: 0,0034506 seconds
2017-03-11T00:37:25.858+0100: 12685,627: Total time for which application threads were stopped: 0,0002085 seconds, Stopping threads took: 0,0000696 seconds
2017-03-11T00:37:25.864+0100: 12685,633: Total time for which application threads were stopped: 0,0007823 seconds, Stopping threads took: 0,0006831 seconds
2017-03-11T00:37:25.866+0100: 12685,635: Total time for which application threads were stopped: 0,0001199 seconds, Stopping threads took: 0,0000203 seconds
Heap
 par new generation   total 109248K, used 33808K [0x00000000e0000000, 0x00000000e8000000, 0x00000000e8000000)
  eden space 87424K,  21% used [0x00000000e0000000, 0x00000000e12728b8, 0x00000000e5560000)
  from space 21824K,  68% used [0x00000000e5560000, 0x00000000e63f19e8, 0x00000000e6ab0000)
  to   space 21824K,   0% used [0x00000000e6ab0000, 0x00000000e6ab0000, 0x00000000e8000000)
 concurrent mark-sweep generation total 393216K, used 6875K [0x00000000e8000000, 0x0000000100000000, 0x0000000100000000)
 Metaspace       used 28152K, capacity 28712K, committed 29052K, reserved 1075200K
  class space    used 3227K, capacity 3419K, committed 3452K, reserved 1048576K
