OpenJDK 64-Bit Server VM (25.121-b13) for linux-amd64 JRE (1.8.0_121-8u121-b13-0ubuntu1.16.04.2-b13), built on Jan 23 2017 15:51:29 by "buildd" with gcc 5.4.0 20160609
Memory: 4k page, physical 7867760k(7454284k free), swap 8076284k(8076284k free)
CommandLine flags: -XX:CMSInitiatingOccupancyFraction=50 -XX:CMSMaxAbortablePrecleanTime=6000 -XX:+CMSParallelRemarkEnabled -XX:+CMSScavengeBeforeRemark -XX:ConcGCThreads=4 -XX:InitialHeapSize=536870912 -XX:MaxHeapSize=536870912 -XX:MaxTenuringThreshold=8 -XX:NewRatio=3 -XX:OldPLABSize=16 -XX:OnOutOfMemoryError=/opt/solr/bin/oom_solr.sh 8983 /var/solr/logs -XX:ParallelGCThreads=4 -XX:+ParallelRefProcEnabled -XX:PretenureSizeThreshold=67108864 -XX:+PrintGC -XX:+PrintGCApplicationStoppedTime -XX:+PrintGCDateStamps -XX:+PrintGCDetails -XX:+PrintGCTimeStamps -XX:+PrintHeapAtGC -XX:+PrintTenuringDistribution -XX:SurvivorRatio=4 -XX:TargetSurvivorRatio=90 -XX:ThreadStackSize=256 -XX:+UseCMSInitiatingOccupancyOnly -XX:+UseCompressedClassPointers -XX:+UseCompressedOops -XX:+UseConcMarkSweepGC -XX:+UseParNewGC 
2017-03-25T07:11:02.718+0100: 0,128: Total time for which application threads were stopped: 0,0000638 seconds, Stopping threads took: 0,0000094 seconds
2017-03-25T07:11:02.812+0100: 0,222: Total time for which application threads were stopped: 0,0001189 seconds, Stopping threads took: 0,0000126 seconds
2017-03-25T07:11:02.831+0100: 0,240: Total time for which application threads were stopped: 0,0000981 seconds, Stopping threads took: 0,0000122 seconds
2017-03-25T07:11:03.083+0100: 0,492: Total time for which application threads were stopped: 0,0001349 seconds, Stopping threads took: 0,0000085 seconds
2017-03-25T07:11:03.468+0100: 0,877: Total time for which application threads were stopped: 0,0001608 seconds, Stopping threads took: 0,0000143 seconds
2017-03-25T07:11:03.567+0100: 0,976: Total time for which application threads were stopped: 0,0001740 seconds, Stopping threads took: 0,0000279 seconds
2017-03-25T07:11:03.586+0100: 0,996: Total time for which application threads were stopped: 0,0001949 seconds, Stopping threads took: 0,0000215 seconds
2017-03-25T07:11:03.945+0100: 1,355: Total time for which application threads were stopped: 0,0002252 seconds, Stopping threads took: 0,0000256 seconds
2017-03-25T07:11:04.165+0100: 1,575: Total time for which application threads were stopped: 0,0001974 seconds, Stopping threads took: 0,0000181 seconds
2017-03-25T07:11:04.193+0100: 1,603: Total time for which application threads were stopped: 0,0001839 seconds, Stopping threads took: 0,0000155 seconds
2017-03-25T07:11:04.223+0100: 1,632: Total time for which application threads were stopped: 0,0002179 seconds, Stopping threads took: 0,0000395 seconds
2017-03-25T07:11:04.224+0100: 1,634: Total time for which application threads were stopped: 0,0002164 seconds, Stopping threads took: 0,0000173 seconds
2017-03-25T07:11:04.243+0100: 1,652: Total time for which application threads were stopped: 0,0007697 seconds, Stopping threads took: 0,0000220 seconds
2017-03-25T07:11:04.332+0100: 1,742: Total time for which application threads were stopped: 0,0002477 seconds, Stopping threads took: 0,0000208 seconds
2017-03-25T07:11:04.510+0100: 1,920: Total time for which application threads were stopped: 0,0002625 seconds, Stopping threads took: 0,0000308 seconds
{Heap before GC invocations=0 (full 0):
 par new generation   total 109248K, used 87424K [0x00000000e0000000, 0x00000000e8000000, 0x00000000e8000000)
  eden space 87424K, 100% used [0x00000000e0000000, 0x00000000e5560000, 0x00000000e5560000)
  from space 21824K,   0% used [0x00000000e5560000, 0x00000000e5560000, 0x00000000e6ab0000)
  to   space 21824K,   0% used [0x00000000e6ab0000, 0x00000000e6ab0000, 0x00000000e8000000)
 concurrent mark-sweep generation total 393216K, used 0K [0x00000000e8000000, 0x0000000100000000, 0x0000000100000000)
 Metaspace       used 18199K, capacity 18464K, committed 18688K, reserved 1064960K
  class space    used 2058K, capacity 2196K, committed 2304K, reserved 1048576K
2017-03-25T07:11:04.626+0100: 2,035: [GC (Allocation Failure) 2017-03-25T07:11:04.626+0100: 2,035: [ParNew
Desired survivor size 20112992 bytes, new threshold 8 (max 8)
- age   1:   12818080 bytes,   12818080 total
: 87424K->12629K(109248K), 0,0163981 secs] 87424K->12629K(502464K), 0,0164789 secs] [Times: user=0,04 sys=0,02, real=0,02 secs] 
Heap after GC invocations=1 (full 0):
 par new generation   total 109248K, used 12629K [0x00000000e0000000, 0x00000000e8000000, 0x00000000e8000000)
  eden space 87424K,   0% used [0x00000000e0000000, 0x00000000e0000000, 0x00000000e5560000)
  from space 21824K,  57% used [0x00000000e6ab0000, 0x00000000e7705658, 0x00000000e8000000)
  to   space 21824K,   0% used [0x00000000e5560000, 0x00000000e5560000, 0x00000000e6ab0000)
 concurrent mark-sweep generation total 393216K, used 0K [0x00000000e8000000, 0x0000000100000000, 0x0000000100000000)
 Metaspace       used 18199K, capacity 18464K, committed 18688K, reserved 1064960K
  class space    used 2058K, capacity 2196K, committed 2304K, reserved 1048576K
}
2017-03-25T07:11:04.642+0100: 2,052: Total time for which application threads were stopped: 0,0166883 seconds, Stopping threads took: 0,0000175 seconds
2017-03-25T07:11:04.922+0100: 2,332: Total time for which application threads were stopped: 0,0004338 seconds, Stopping threads took: 0,0000470 seconds
2017-03-25T07:11:04.954+0100: 2,364: Total time for which application threads were stopped: 0,0015939 seconds, Stopping threads took: 0,0013040 seconds
{Heap before GC invocations=1 (full 0):
 par new generation   total 109248K, used 100053K [0x00000000e0000000, 0x00000000e8000000, 0x00000000e8000000)
  eden space 87424K, 100% used [0x00000000e0000000, 0x00000000e5560000, 0x00000000e5560000)
  from space 21824K,  57% used [0x00000000e6ab0000, 0x00000000e7705658, 0x00000000e8000000)
  to   space 21824K,   0% used [0x00000000e5560000, 0x00000000e5560000, 0x00000000e6ab0000)
 concurrent mark-sweep generation total 393216K, used 0K [0x00000000e8000000, 0x0000000100000000, 0x0000000100000000)
 Metaspace       used 20053K, capacity 20358K, committed 20736K, reserved 1067008K
  class space    used 2295K, capacity 2467K, committed 2560K, reserved 1048576K
2017-03-25T07:11:04.967+0100: 2,376: [GC (Allocation Failure) 2017-03-25T07:11:04.967+0100: 2,376: [ParNew
Desired survivor size 20112992 bytes, new threshold 8 (max 8)
- age   1:    3347592 bytes,    3347592 total
- age   2:    6691528 bytes,   10039120 total
: 100053K->15824K(109248K), 0,0203545 secs] 100053K->15824K(502464K), 0,0204275 secs] [Times: user=0,06 sys=0,01, real=0,02 secs] 
Heap after GC invocations=2 (full 0):
 par new generation   total 109248K, used 15824K [0x00000000e0000000, 0x00000000e8000000, 0x00000000e8000000)
  eden space 87424K,   0% used [0x00000000e0000000, 0x00000000e0000000, 0x00000000e5560000)
  from space 21824K,  72% used [0x00000000e5560000, 0x00000000e64d4080, 0x00000000e6ab0000)
  to   space 21824K,   0% used [0x00000000e6ab0000, 0x00000000e6ab0000, 0x00000000e8000000)
 concurrent mark-sweep generation total 393216K, used 0K [0x00000000e8000000, 0x0000000100000000, 0x0000000100000000)
 Metaspace       used 20053K, capacity 20358K, committed 20736K, reserved 1067008K
  class space    used 2295K, capacity 2467K, committed 2560K, reserved 1048576K
}
2017-03-25T07:11:04.987+0100: 2,396: Total time for which application threads were stopped: 0,0206057 seconds, Stopping threads took: 0,0000394 seconds
2017-03-25T07:11:05.028+0100: 2,438: Total time for which application threads were stopped: 0,0003757 seconds, Stopping threads took: 0,0000256 seconds
2017-03-25T07:11:05.162+0100: 2,571: Total time for which application threads were stopped: 0,0002343 seconds, Stopping threads took: 0,0000563 seconds
{Heap before GC invocations=2 (full 0):
 par new generation   total 109248K, used 103248K [0x00000000e0000000, 0x00000000e8000000, 0x00000000e8000000)
  eden space 87424K, 100% used [0x00000000e0000000, 0x00000000e5560000, 0x00000000e5560000)
  from space 21824K,  72% used [0x00000000e5560000, 0x00000000e64d4080, 0x00000000e6ab0000)
  to   space 21824K,   0% used [0x00000000e6ab0000, 0x00000000e6ab0000, 0x00000000e8000000)
 concurrent mark-sweep generation total 393216K, used 0K [0x00000000e8000000, 0x0000000100000000, 0x0000000100000000)
 Metaspace       used 20961K, capacity 21280K, committed 21628K, reserved 1069056K
  class space    used 2417K, capacity 2586K, committed 2684K, reserved 1048576K
2017-03-25T07:11:05.193+0100: 2,603: [GC (Allocation Failure) 2017-03-25T07:11:05.193+0100: 2,603: [ParNew
Desired survivor size 20112992 bytes, new threshold 8 (max 8)
- age   1:    2343640 bytes,    2343640 total
- age   2:     838232 bytes,    3181872 total
- age   3:    6689960 bytes,    9871832 total
: 103248K->12179K(109248K), 0,0104679 secs] 103248K->12179K(502464K), 0,0105502 secs] [Times: user=0,03 sys=0,01, real=0,01 secs] 
Heap after GC invocations=3 (full 0):
 par new generation   total 109248K, used 12179K [0x00000000e0000000, 0x00000000e8000000, 0x00000000e8000000)
  eden space 87424K,   0% used [0x00000000e0000000, 0x00000000e0000000, 0x00000000e5560000)
  from space 21824K,  55% used [0x00000000e6ab0000, 0x00000000e7694da0, 0x00000000e8000000)
  to   space 21824K,   0% used [0x00000000e5560000, 0x00000000e5560000, 0x00000000e6ab0000)
 concurrent mark-sweep generation total 393216K, used 0K [0x00000000e8000000, 0x0000000100000000, 0x0000000100000000)
 Metaspace       used 20961K, capacity 21280K, committed 21628K, reserved 1069056K
  class space    used 2417K, capacity 2586K, committed 2684K, reserved 1048576K
}
2017-03-25T07:11:05.204+0100: 2,613: Total time for which application threads were stopped: 0,0107579 seconds, Stopping threads took: 0,0000694 seconds
2017-03-25T07:11:05.204+0100: 2,614: [GC (CMS Initial Mark) [1 CMS-initial-mark: 0K(393216K)] 12902K(502464K), 0,0026185 secs] [Times: user=0,00 sys=0,00, real=0,00 secs] 
2017-03-25T07:11:05.207+0100: 2,616: Total time for which application threads were stopped: 0,0027483 seconds, Stopping threads took: 0,0000523 seconds
2017-03-25T07:11:05.207+0100: 2,617: [CMS-concurrent-mark-start]
2017-03-25T07:11:05.208+0100: 2,617: [CMS-concurrent-mark: 0,001/0,001 secs] [Times: user=0,01 sys=0,00, real=0,00 secs] 
2017-03-25T07:11:05.208+0100: 2,617: [CMS-concurrent-preclean-start]
2017-03-25T07:11:05.209+0100: 2,619: [CMS-concurrent-preclean: 0,001/0,001 secs] [Times: user=0,00 sys=0,00, real=0,00 secs] 
2017-03-25T07:11:05.209+0100: 2,619: [CMS-concurrent-abortable-preclean-start]
2017-03-25T07:11:05.290+0100: 2,700: Total time for which application threads were stopped: 0,0001923 seconds, Stopping threads took: 0,0000582 seconds
2017-03-25T07:11:05.290+0100: 2,700: [CMS-concurrent-abortable-preclean: 0,073/0,081 secs] [Times: user=0,29 sys=0,00, real=0,09 secs] 
2017-03-25T07:11:05.294+0100: 2,703: [GC (CMS Final Remark) [YG occupancy: 63306 K (109248 K)]{Heap before GC invocations=3 (full 1):
 par new generation   total 109248K, used 63306K [0x00000000e0000000, 0x00000000e8000000, 0x00000000e8000000)
  eden space 87424K,  58% used [0x00000000e0000000, 0x00000000e31ede30, 0x00000000e5560000)
  from space 21824K,  55% used [0x00000000e6ab0000, 0x00000000e7694da0, 0x00000000e8000000)
  to   space 21824K,   0% used [0x00000000e5560000, 0x00000000e5560000, 0x00000000e6ab0000)
 concurrent mark-sweep generation total 393216K, used 0K [0x00000000e8000000, 0x0000000100000000, 0x0000000100000000)
 Metaspace       used 21164K, capacity 21496K, committed 21884K, reserved 1069056K
  class space    used 2436K, capacity 2590K, committed 2684K, reserved 1048576K
2017-03-25T07:11:05.294+0100: 2,703: [GC (CMS Final Remark) 2017-03-25T07:11:05.294+0100: 2,703: [ParNew
Desired survivor size 20112992 bytes, new threshold 8 (max 8)
- age   1:    1637688 bytes,    1637688 total
- age   2:    1452224 bytes,    3089912 total
- age   3:     806856 bytes,    3896768 total
- age   4:    6691472 bytes,   10588240 total
: 63306K->14590K(109248K), 0,0119184 secs] 63306K->14590K(502464K), 0,0119638 secs] [Times: user=0,03 sys=0,00, real=0,01 secs] 
Heap after GC invocations=4 (full 1):
 par new generation   total 109248K, used 14590K [0x00000000e0000000, 0x00000000e8000000, 0x00000000e8000000)
  eden space 87424K,   0% used [0x00000000e0000000, 0x00000000e0000000, 0x00000000e5560000)
  from space 21824K,  66% used [0x00000000e5560000, 0x00000000e639fb28, 0x00000000e6ab0000)
  to   space 21824K,   0% used [0x00000000e6ab0000, 0x00000000e6ab0000, 0x00000000e8000000)
 concurrent mark-sweep generation total 393216K, used 0K [0x00000000e8000000, 0x0000000100000000, 0x0000000100000000)
 Metaspace       used 21164K, capacity 21496K, committed 21884K, reserved 1069056K
  class space    used 2436K, capacity 2590K, committed 2684K, reserved 1048576K
}
2017-03-25T07:11:05.306+0100: 2,715: [Rescan (parallel) , 0,0040303 secs]2017-03-25T07:11:05.310+0100: 2,719: [weak refs processing, 0,0007191 secs]2017-03-25T07:11:05.311+0100: 2,720: [class unloading, 0,0027778 secs]2017-03-25T07:11:05.313+0100: 2,723: [scrub symbol table, 0,0026116 secs]2017-03-25T07:11:05.316+0100: 2,726: [scrub string table, 0,0003824 secs][1 CMS-remark: 0K(393216K)] 14590K(502464K), 0,0231943 secs] [Times: user=0,05 sys=0,00, real=0,02 secs] 
2017-03-25T07:11:05.317+0100: 2,727: Total time for which application threads were stopped: 0,0233453 seconds, Stopping threads took: 0,0000654 seconds
2017-03-25T07:11:05.317+0100: 2,727: [CMS-concurrent-sweep-start]
2017-03-25T07:11:05.317+0100: 2,727: [CMS-concurrent-sweep: 0,000/0,000 secs] [Times: user=0,00 sys=0,00, real=0,00 secs] 
2017-03-25T07:11:05.317+0100: 2,727: [CMS-concurrent-reset-start]
2017-03-25T07:11:05.320+0100: 2,730: [CMS-concurrent-reset: 0,003/0,003 secs] [Times: user=0,01 sys=0,01, real=0,00 secs] 
{Heap before GC invocations=4 (full 1):
 par new generation   total 109248K, used 102014K [0x00000000e0000000, 0x00000000e8000000, 0x00000000e8000000)
  eden space 87424K, 100% used [0x00000000e0000000, 0x00000000e5560000, 0x00000000e5560000)
  from space 21824K,  66% used [0x00000000e5560000, 0x00000000e639fb28, 0x00000000e6ab0000)
  to   space 21824K,   0% used [0x00000000e6ab0000, 0x00000000e6ab0000, 0x00000000e8000000)
 concurrent mark-sweep generation total 393216K, used 0K [0x00000000e8000000, 0x0000000100000000, 0x0000000100000000)
 Metaspace       used 21272K, capacity 21646K, committed 21884K, reserved 1069056K
  class space    used 2455K, capacity 2632K, committed 2684K, reserved 1048576K
2017-03-25T07:11:05.394+0100: 2,803: [GC (Allocation Failure) 2017-03-25T07:11:05.394+0100: 2,803: [ParNew
Desired survivor size 20112992 bytes, new threshold 8 (max 8)
- age   1:     712760 bytes,     712760 total
- age   2:      87720 bytes,     800480 total
- age   3:    1451808 bytes,    2252288 total
- age   4:     804744 bytes,    3057032 total
- age   5:    6690064 bytes,    9747096 total
: 102014K->11922K(109248K), 0,0094374 secs] 102014K->11922K(502464K), 0,0095016 secs] [Times: user=0,03 sys=0,00, real=0,01 secs] 
Heap after GC invocations=5 (full 1):
 par new generation   total 109248K, used 11922K [0x00000000e0000000, 0x00000000e8000000, 0x00000000e8000000)
  eden space 87424K,   0% used [0x00000000e0000000, 0x00000000e0000000, 0x00000000e5560000)
  from space 21824K,  54% used [0x00000000e6ab0000, 0x00000000e7654b00, 0x00000000e8000000)
  to   space 21824K,   0% used [0x00000000e5560000, 0x00000000e5560000, 0x00000000e6ab0000)
 concurrent mark-sweep generation total 393216K, used 0K [0x00000000e8000000, 0x0000000100000000, 0x0000000100000000)
 Metaspace       used 21272K, capacity 21646K, committed 21884K, reserved 1069056K
  class space    used 2455K, capacity 2632K, committed 2684K, reserved 1048576K
}
2017-03-25T07:11:05.403+0100: 2,813: Total time for which application threads were stopped: 0,0107632 seconds, Stopping threads took: 0,0011278 seconds
2017-03-25T07:11:05.489+0100: 2,899: Total time for which application threads were stopped: 0,0003679 seconds, Stopping threads took: 0,0000464 seconds
2017-03-25T07:11:05.697+0100: 3,107: Total time for which application threads were stopped: 0,0004825 seconds, Stopping threads took: 0,0000240 seconds
2017-03-25T07:11:05.714+0100: 3,123: Total time for which application threads were stopped: 0,0003931 seconds, Stopping threads took: 0,0000387 seconds
{Heap before GC invocations=5 (full 1):
 par new generation   total 109248K, used 99346K [0x00000000e0000000, 0x00000000e8000000, 0x00000000e8000000)
  eden space 87424K, 100% used [0x00000000e0000000, 0x00000000e5560000, 0x00000000e5560000)
  from space 21824K,  54% used [0x00000000e6ab0000, 0x00000000e7654b00, 0x00000000e8000000)
  to   space 21824K,   0% used [0x00000000e5560000, 0x00000000e5560000, 0x00000000e6ab0000)
 concurrent mark-sweep generation total 393216K, used 0K [0x00000000e8000000, 0x0000000100000000, 0x0000000100000000)
 Metaspace       used 23611K, capacity 24078K, committed 24316K, reserved 1071104K
  class space    used 2753K, capacity 2948K, committed 3068K, reserved 1048576K
2017-03-25T07:11:05.814+0100: 3,224: [GC (Allocation Failure) 2017-03-25T07:11:05.814+0100: 3,224: [ParNew
Desired survivor size 20112992 bytes, new threshold 8 (max 8)
- age   1:    5207232 bytes,    5207232 total
- age   2:     151432 bytes,    5358664 total
- age   3:      86624 bytes,    5445288 total
- age   4:     274176 bytes,    5719464 total
- age   5:     786136 bytes,    6505600 total
- age   6:    6681656 bytes,   13187256 total
: 99346K->17258K(109248K), 0,0128492 secs] 99346K->17258K(502464K), 0,0129243 secs] [Times: user=0,04 sys=0,01, real=0,01 secs] 
Heap after GC invocations=6 (full 1):
 par new generation   total 109248K, used 17258K [0x00000000e0000000, 0x00000000e8000000, 0x00000000e8000000)
  eden space 87424K,   0% used [0x00000000e0000000, 0x00000000e0000000, 0x00000000e5560000)
  from space 21824K,  79% used [0x00000000e5560000, 0x00000000e663aa40, 0x00000000e6ab0000)
  to   space 21824K,   0% used [0x00000000e6ab0000, 0x00000000e6ab0000, 0x00000000e8000000)
 concurrent mark-sweep generation total 393216K, used 0K [0x00000000e8000000, 0x0000000100000000, 0x0000000100000000)
 Metaspace       used 23611K, capacity 24078K, committed 24316K, reserved 1071104K
  class space    used 2753K, capacity 2948K, committed 3068K, reserved 1048576K
}
2017-03-25T07:11:05.827+0100: 3,237: Total time for which application threads were stopped: 0,0132158 seconds, Stopping threads took: 0,0000818 seconds
{Heap before GC invocations=6 (full 1):
 par new generation   total 109248K, used 104682K [0x00000000e0000000, 0x00000000e8000000, 0x00000000e8000000)
  eden space 87424K, 100% used [0x00000000e0000000, 0x00000000e5560000, 0x00000000e5560000)
  from space 21824K,  79% used [0x00000000e5560000, 0x00000000e663aa40, 0x00000000e6ab0000)
  to   space 21824K,   0% used [0x00000000e6ab0000, 0x00000000e6ab0000, 0x00000000e8000000)
 concurrent mark-sweep generation total 393216K, used 0K [0x00000000e8000000, 0x0000000100000000, 0x0000000100000000)
 Metaspace       used 24458K, capacity 24942K, committed 25084K, reserved 1071104K
  class space    used 2862K, capacity 3044K, committed 3068K, reserved 1048576K
2017-03-25T07:11:05.965+0100: 3,375: [GC (Allocation Failure) 2017-03-25T07:11:05.965+0100: 3,375: [ParNew
Desired survivor size 20112992 bytes, new threshold 8 (max 8)
- age   1:    2249224 bytes,    2249224 total
- age   2:    1714376 bytes,    3963600 total
- age   3:      77432 bytes,    4041032 total
- age   4:      50240 bytes,    4091272 total
- age   5:     183432 bytes,    4274704 total
- age   6:     725560 bytes,    5000264 total
- age   7:    6147064 bytes,   11147328 total
: 104682K->13973K(109248K), 0,0115373 secs] 104682K->13973K(502464K), 0,0116080 secs] [Times: user=0,04 sys=0,00, real=0,01 secs] 
Heap after GC invocations=7 (full 1):
 par new generation   total 109248K, used 13973K [0x00000000e0000000, 0x00000000e8000000, 0x00000000e8000000)
  eden space 87424K,   0% used [0x00000000e0000000, 0x00000000e0000000, 0x00000000e5560000)
  from space 21824K,  64% used [0x00000000e6ab0000, 0x00000000e7855400, 0x00000000e8000000)
  to   space 21824K,   0% used [0x00000000e5560000, 0x00000000e5560000, 0x00000000e6ab0000)
 concurrent mark-sweep generation total 393216K, used 0K [0x00000000e8000000, 0x0000000100000000, 0x0000000100000000)
 Metaspace       used 24458K, capacity 24942K, committed 25084K, reserved 1071104K
  class space    used 2862K, capacity 3044K, committed 3068K, reserved 1048576K
}
2017-03-25T07:11:05.977+0100: 3,387: Total time for which application threads were stopped: 0,0118329 seconds, Stopping threads took: 0,0000405 seconds
{Heap before GC invocations=7 (full 1):
 par new generation   total 109248K, used 101394K [0x00000000e0000000, 0x00000000e8000000, 0x00000000e8000000)
  eden space 87424K,  99% used [0x00000000e0000000, 0x00000000e555f638, 0x00000000e5560000)
  from space 21824K,  64% used [0x00000000e6ab0000, 0x00000000e7855400, 0x00000000e8000000)
  to   space 21824K,   0% used [0x00000000e5560000, 0x00000000e5560000, 0x00000000e6ab0000)
 concurrent mark-sweep generation total 393216K, used 0K [0x00000000e8000000, 0x0000000100000000, 0x0000000100000000)
 Metaspace       used 24789K, capacity 25268K, committed 25468K, reserved 1071104K
  class space    used 2895K, capacity 3083K, committed 3196K, reserved 1048576K
2017-03-25T07:11:06.056+0100: 3,465: [GC (Allocation Failure) 2017-03-25T07:11:06.056+0100: 3,465: [ParNew
Desired survivor size 20112992 bytes, new threshold 8 (max 8)
- age   1:    1014032 bytes,    1014032 total
- age   2:    1158024 bytes,    2172056 total
- age   3:    1683296 bytes,    3855352 total
- age   4:      77328 bytes,    3932680 total
- age   5:      50136 bytes,    3982816 total
- age   6:     183376 bytes,    4166192 total
- age   7:     725560 bytes,    4891752 total
- age   8:    6147032 bytes,   11038784 total
: 101394K->17344K(109248K), 0,0197123 secs] 101394K->17344K(502464K), 0,0197979 secs] [Times: user=0,07 sys=0,00, real=0,02 secs] 
Heap after GC invocations=8 (full 1):
 par new generation   total 109248K, used 17344K [0x00000000e0000000, 0x00000000e8000000, 0x00000000e8000000)
  eden space 87424K,   0% used [0x00000000e0000000, 0x00000000e0000000, 0x00000000e5560000)
  from space 21824K,  79% used [0x00000000e5560000, 0x00000000e6650288, 0x00000000e6ab0000)
  to   space 21824K,   0% used [0x00000000e6ab0000, 0x00000000e6ab0000, 0x00000000e8000000)
 concurrent mark-sweep generation total 393216K, used 0K [0x00000000e8000000, 0x0000000100000000, 0x0000000100000000)
 Metaspace       used 24789K, capacity 25268K, committed 25468K, reserved 1071104K
  class space    used 2895K, capacity 3083K, committed 3196K, reserved 1048576K
}
2017-03-25T07:11:06.076+0100: 3,485: Total time for which application threads were stopped: 0,0200305 seconds, Stopping threads took: 0,0000630 seconds
{Heap before GC invocations=8 (full 1):
 par new generation   total 109248K, used 104768K [0x00000000e0000000, 0x00000000e8000000, 0x00000000e8000000)
  eden space 87424K, 100% used [0x00000000e0000000, 0x00000000e5560000, 0x00000000e5560000)
  from space 21824K,  79% used [0x00000000e5560000, 0x00000000e6650288, 0x00000000e6ab0000)
  to   space 21824K,   0% used [0x00000000e6ab0000, 0x00000000e6ab0000, 0x00000000e8000000)
 concurrent mark-sweep generation total 393216K, used 0K [0x00000000e8000000, 0x0000000100000000, 0x0000000100000000)
 Metaspace       used 25602K, capacity 26120K, committed 26236K, reserved 1073152K
  class space    used 2955K, capacity 3157K, committed 3196K, reserved 1048576K
2017-03-25T07:11:06.311+0100: 3,721: [GC (Allocation Failure) 2017-03-25T07:11:06.311+0100: 3,721: [ParNew
Desired survivor size 20112992 bytes, new threshold 8 (max 8)
- age   1:    4106464 bytes,    4106464 total
- age   2:     182544 bytes,    4289008 total
- age   3:     375184 bytes,    4664192 total
- age   4:    1679368 bytes,    6343560 total
- age   5:      77264 bytes,    6420824 total
- age   6:      50104 bytes,    6470928 total
- age   7:     182880 bytes,    6653808 total
- age   8:     724696 bytes,    7378504 total
: 104768K->10345K(109248K), 0,0381691 secs] 104768K->16429K(502464K), 0,0382554 secs] [Times: user=0,09 sys=0,00, real=0,03 secs] 
Heap after GC invocations=9 (full 1):
 par new generation   total 109248K, used 10345K [0x00000000e0000000, 0x00000000e8000000, 0x00000000e8000000)
  eden space 87424K,   0% used [0x00000000e0000000, 0x00000000e0000000, 0x00000000e5560000)
  from space 21824K,  47% used [0x00000000e6ab0000, 0x00000000e74ca680, 0x00000000e8000000)
  to   space 21824K,   0% used [0x00000000e5560000, 0x00000000e5560000, 0x00000000e6ab0000)
 concurrent mark-sweep generation total 393216K, used 6084K [0x00000000e8000000, 0x0000000100000000, 0x0000000100000000)
 Metaspace       used 25602K, capacity 26120K, committed 26236K, reserved 1073152K
  class space    used 2955K, capacity 3157K, committed 3196K, reserved 1048576K
}
2017-03-25T07:11:06.350+0100: 3,759: Total time for which application threads were stopped: 0,0385279 seconds, Stopping threads took: 0,0000588 seconds
2017-03-25T07:11:06.438+0100: 3,847: Total time for which application threads were stopped: 0,0004834 seconds, Stopping threads took: 0,0000418 seconds
2017-03-25T07:11:06.457+0100: 3,867: Total time for which application threads were stopped: 0,0004347 seconds, Stopping threads took: 0,0000357 seconds
2017-03-25T07:11:06.526+0100: 3,935: Total time for which application threads were stopped: 0,0004754 seconds, Stopping threads took: 0,0000384 seconds
2017-03-25T07:11:06.641+0100: 4,051: Total time for which application threads were stopped: 0,0005235 seconds, Stopping threads took: 0,0000241 seconds
2017-03-25T07:11:06.645+0100: 4,055: Total time for which application threads were stopped: 0,0003677 seconds, Stopping threads took: 0,0000234 seconds
2017-03-25T07:11:06.647+0100: 4,056: Total time for which application threads were stopped: 0,0002218 seconds, Stopping threads took: 0,0001188 seconds
2017-03-25T07:11:06.652+0100: 4,061: Total time for which application threads were stopped: 0,0017685 seconds, Stopping threads took: 0,0016744 seconds
2017-03-25T07:11:06.653+0100: 4,063: Total time for which application threads were stopped: 0,0000885 seconds, Stopping threads took: 0,0000196 seconds
2017-03-25T07:11:06.655+0100: 4,064: Total time for which application threads were stopped: 0,0002063 seconds, Stopping threads took: 0,0001203 seconds
2017-03-25T07:11:06.655+0100: 4,065: Total time for which application threads were stopped: 0,0000940 seconds, Stopping threads took: 0,0000236 seconds
2017-03-25T07:11:06.663+0100: 4,072: Total time for which application threads were stopped: 0,0001532 seconds, Stopping threads took: 0,0000380 seconds
2017-03-25T07:11:06.666+0100: 4,075: Total time for which application threads were stopped: 0,0001748 seconds, Stopping threads took: 0,0000346 seconds
2017-03-25T07:11:06.666+0100: 4,076: Total time for which application threads were stopped: 0,0001366 seconds, Stopping threads took: 0,0000269 seconds
2017-03-25T07:11:06.674+0100: 4,083: Total time for which application threads were stopped: 0,0010526 seconds, Stopping threads took: 0,0009357 seconds
2017-03-25T07:11:06.676+0100: 4,086: Total time for which application threads were stopped: 0,0001319 seconds, Stopping threads took: 0,0000304 seconds
2017-03-25T07:11:07.677+0100: 5,086: Total time for which application threads were stopped: 0,0000878 seconds, Stopping threads took: 0,0000169 seconds
2017-03-25T07:11:43.157+0100: 41,091: Total time for which application threads were stopped: 0,0001175 seconds, Stopping threads took: 0,0000369 seconds
2017-03-25T07:12:34.163+0100: 92,096: Total time for which application threads were stopped: 0,0003479 seconds, Stopping threads took: 0,0000884 seconds
2017-03-25T07:12:54.164+0100: 112,098: Total time for which application threads were stopped: 0,0001021 seconds, Stopping threads took: 0,0000404 seconds
2017-03-25T07:12:59.165+0100: 117,099: Total time for which application threads were stopped: 0,0000767 seconds, Stopping threads took: 0,0000153 seconds
2017-03-25T07:13:04.165+0100: 122,099: Total time for which application threads were stopped: 0,0000757 seconds, Stopping threads took: 0,0000193 seconds
2017-03-25T07:14:03.171+0100: 181,105: Total time for which application threads were stopped: 0,0001098 seconds, Stopping threads took: 0,0000349 seconds
2017-03-25T07:15:39.183+0100: 277,116: Total time for which application threads were stopped: 0,0000813 seconds, Stopping threads took: 0,0000322 seconds
2017-03-25T07:34:33.300+0100: 1411,234: Total time for which application threads were stopped: 0,0000884 seconds, Stopping threads took: 0,0000356 seconds
2017-03-25T07:39:13.329+0100: 1691,263: Total time for which application threads were stopped: 0,0000810 seconds, Stopping threads took: 0,0000315 seconds
2017-03-25T07:49:04.395+0100: 2282,329: Total time for which application threads were stopped: 0,0001698 seconds, Stopping threads took: 0,0000636 seconds
2017-03-25T07:49:23.399+0100: 2301,332: Total time for which application threads were stopped: 0,0001832 seconds, Stopping threads took: 0,0000666 seconds
2017-03-25T07:49:24.399+0100: 2302,333: Total time for which application threads were stopped: 0,0001316 seconds, Stopping threads took: 0,0000290 seconds
2017-03-25T08:04:19.488+0100: 3197,421: Total time for which application threads were stopped: 0,0001783 seconds, Stopping threads took: 0,0000621 seconds
2017-03-25T08:15:13.547+0100: 3851,481: Total time for which application threads were stopped: 0,0000884 seconds, Stopping threads took: 0,0000307 seconds
2017-03-25T08:15:18.547+0100: 3856,481: Total time for which application threads were stopped: 0,0000825 seconds, Stopping threads took: 0,0000183 seconds
2017-03-25T08:26:29.615+0100: 4527,548: Total time for which application threads were stopped: 0,0000785 seconds, Stopping threads took: 0,0000299 seconds
2017-03-25T08:26:39.616+0100: 4537,550: Total time for which application threads were stopped: 0,0001476 seconds, Stopping threads took: 0,0000327 seconds
2017-03-25T08:55:24.800+0100: 6262,733: Total time for which application threads were stopped: 0,0000803 seconds, Stopping threads took: 0,0000318 seconds
2017-03-25T10:43:20.176+0100: 7202,281: Total time for which application threads were stopped: 0,0001872 seconds, Stopping threads took: 0,0000722 seconds
2017-03-25T10:45:20.197+0100: 7322,301: Total time for which application threads were stopped: 0,0001775 seconds, Stopping threads took: 0,0000560 seconds
2017-03-25T10:51:20.238+0100: 7682,342: Total time for which application threads were stopped: 0,0000841 seconds, Stopping threads took: 0,0000292 seconds
2017-03-25T11:55:20.427+0100: 11521,776: Total time for which application threads were stopped: 0,0001380 seconds, Stopping threads took: 0,0000319 seconds
2017-03-25T11:55:50.431+0100: 11551,780: Total time for which application threads were stopped: 0,0000997 seconds, Stopping threads took: 0,0000431 seconds
2017-03-25T12:23:36.010+0100: 13217,360: Total time for which application threads were stopped: 0,0016290 seconds, Stopping threads took: 0,0014694 seconds
2017-03-25T12:23:36.090+0100: 13217,439: Total time for which application threads were stopped: 0,0003564 seconds, Stopping threads took: 0,0000915 seconds
2017-03-25T12:23:36.096+0100: 13217,445: Total time for which application threads were stopped: 0,0001286 seconds, Stopping threads took: 0,0000260 seconds
Heap
 par new generation   total 109248K, used 62751K [0x00000000e0000000, 0x00000000e8000000, 0x00000000e8000000)
  eden space 87424K,  59% used [0x00000000e0000000, 0x00000000e332d880, 0x00000000e5560000)
  from space 21824K,  47% used [0x00000000e6ab0000, 0x00000000e74ca680, 0x00000000e8000000)
  to   space 21824K,   0% used [0x00000000e5560000, 0x00000000e5560000, 0x00000000e6ab0000)
 concurrent mark-sweep generation total 393216K, used 6084K [0x00000000e8000000, 0x0000000100000000, 0x0000000100000000)
 Metaspace       used 28196K, capacity 28738K, committed 29052K, reserved 1075200K
  class space    used 3228K, capacity 3424K, committed 3452K, reserved 1048576K
