OpenJDK 64-Bit Server VM (25.111-b14) for linux-amd64 JRE (1.8.0_111-8u111-b14-2ubuntu0.16.04.2-b14), built on Oct 27 2016 18:10:19 by "buildd" with gcc 5.4.0 20160609
Memory: 4k page, physical 7867848k(7453700k free), swap 8076284k(8076284k free)
CommandLine flags: -XX:CMSInitiatingOccupancyFraction=50 -XX:CMSMaxAbortablePrecleanTime=6000 -XX:+CMSParallelRemarkEnabled -XX:+CMSScavengeBeforeRemark -XX:ConcGCThreads=4 -XX:InitialHeapSize=536870912 -XX:MaxHeapSize=536870912 -XX:MaxTenuringThreshold=8 -XX:NewRatio=3 -XX:OldPLABSize=16 -XX:OnOutOfMemoryError=/opt/solr/bin/oom_solr.sh 8983 /var/solr/logs -XX:ParallelGCThreads=4 -XX:+ParallelRefProcEnabled -XX:PretenureSizeThreshold=67108864 -XX:+PrintGC -XX:+PrintGCApplicationStoppedTime -XX:+PrintGCDateStamps -XX:+PrintGCDetails -XX:+PrintGCTimeStamps -XX:+PrintHeapAtGC -XX:+PrintTenuringDistribution -XX:SurvivorRatio=4 -XX:TargetSurvivorRatio=90 -XX:ThreadStackSize=256 -XX:+UseCMSInitiatingOccupancyOnly -XX:+UseCompressedClassPointers -XX:+UseCompressedOops -XX:+UseConcMarkSweepGC -XX:+UseParNewGC 
2016-11-30T09:16:57.906+0100: 0,109: Total time for which application threads were stopped: 0,0000626 seconds, Stopping threads took: 0,0000089 seconds
2016-11-30T09:16:57.970+0100: 0,173: Total time for which application threads were stopped: 0,0001488 seconds, Stopping threads took: 0,0000499 seconds
2016-11-30T09:16:57.979+0100: 0,182: Total time for which application threads were stopped: 0,0000712 seconds, Stopping threads took: 0,0000169 seconds
2016-11-30T09:16:58.111+0100: 0,314: Total time for which application threads were stopped: 0,0001573 seconds, Stopping threads took: 0,0000235 seconds
2016-11-30T09:16:58.255+0100: 0,458: Total time for which application threads were stopped: 0,0001139 seconds, Stopping threads took: 0,0000178 seconds
2016-11-30T09:16:58.294+0100: 0,497: Total time for which application threads were stopped: 0,0001356 seconds, Stopping threads took: 0,0000209 seconds
2016-11-30T09:16:58.305+0100: 0,508: Total time for which application threads were stopped: 0,0001622 seconds, Stopping threads took: 0,0000272 seconds
2016-11-30T09:16:58.477+0100: 0,680: Total time for which application threads were stopped: 0,0001696 seconds, Stopping threads took: 0,0000166 seconds
2016-11-30T09:16:58.651+0100: 0,854: Total time for which application threads were stopped: 0,0001875 seconds, Stopping threads took: 0,0000113 seconds
2016-11-30T09:16:58.670+0100: 0,872: Total time for which application threads were stopped: 0,0001718 seconds, Stopping threads took: 0,0000150 seconds
2016-11-30T09:16:58.670+0100: 0,873: Total time for which application threads were stopped: 0,0000971 seconds, Stopping threads took: 0,0000078 seconds
2016-11-30T09:16:58.680+0100: 0,883: Total time for which application threads were stopped: 0,0001718 seconds, Stopping threads took: 0,0000112 seconds
2016-11-30T09:16:58.749+0100: 0,952: Total time for which application threads were stopped: 0,0001974 seconds, Stopping threads took: 0,0000183 seconds
2016-11-30T09:16:58.899+0100: 1,102: Total time for which application threads were stopped: 0,0002391 seconds, Stopping threads took: 0,0000483 seconds
{Heap before GC invocations=0 (full 0):
 par new generation   total 109248K, used 87424K [0x00000000e0000000, 0x00000000e8000000, 0x00000000e8000000)
  eden space 87424K, 100% used [0x00000000e0000000, 0x00000000e5560000, 0x00000000e5560000)
  from space 21824K,   0% used [0x00000000e5560000, 0x00000000e5560000, 0x00000000e6ab0000)
  to   space 21824K,   0% used [0x00000000e6ab0000, 0x00000000e6ab0000, 0x00000000e8000000)
 concurrent mark-sweep generation total 393216K, used 0K [0x00000000e8000000, 0x0000000100000000, 0x0000000100000000)
 Metaspace       used 18091K, capacity 18366K, committed 18560K, reserved 1064960K
  class space    used 2054K, capacity 2162K, committed 2176K, reserved 1048576K
2016-11-30T09:16:59.029+0100: 1,231: [GC (Allocation Failure) 2016-11-30T09:16:59.029+0100: 1,231: [ParNew
Desired survivor size 20112992 bytes, new threshold 8 (max 8)
- age   1:   12323040 bytes,   12323040 total
: 87424K->12154K(109248K), 0,0149371 secs] 87424K->12154K(502464K), 0,0150251 secs] [Times: user=0,04 sys=0,02, real=0,02 secs] 
Heap after GC invocations=1 (full 0):
 par new generation   total 109248K, used 12154K [0x00000000e0000000, 0x00000000e8000000, 0x00000000e8000000)
  eden space 87424K,   0% used [0x00000000e0000000, 0x00000000e0000000, 0x00000000e5560000)
  from space 21824K,  55% used [0x00000000e6ab0000, 0x00000000e768ea00, 0x00000000e8000000)
  to   space 21824K,   0% used [0x00000000e5560000, 0x00000000e5560000, 0x00000000e6ab0000)
 concurrent mark-sweep generation total 393216K, used 0K [0x00000000e8000000, 0x0000000100000000, 0x0000000100000000)
 Metaspace       used 18091K, capacity 18366K, committed 18560K, reserved 1064960K
  class space    used 2054K, capacity 2162K, committed 2176K, reserved 1048576K
}
2016-11-30T09:16:59.044+0100: 1,246: Total time for which application threads were stopped: 0,0151999 seconds, Stopping threads took: 0,0000139 seconds
2016-11-30T09:16:59.245+0100: 1,448: Total time for which application threads were stopped: 0,0003088 seconds, Stopping threads took: 0,0000330 seconds
2016-11-30T09:16:59.278+0100: 1,481: Total time for which application threads were stopped: 0,0003312 seconds, Stopping threads took: 0,0000425 seconds
2016-11-30T09:16:59.302+0100: 1,505: Total time for which application threads were stopped: 0,0002739 seconds, Stopping threads took: 0,0000216 seconds
{Heap before GC invocations=1 (full 0):
 par new generation   total 109248K, used 99578K [0x00000000e0000000, 0x00000000e8000000, 0x00000000e8000000)
  eden space 87424K, 100% used [0x00000000e0000000, 0x00000000e5560000, 0x00000000e5560000)
  from space 21824K,  55% used [0x00000000e6ab0000, 0x00000000e768ea00, 0x00000000e8000000)
  to   space 21824K,   0% used [0x00000000e5560000, 0x00000000e5560000, 0x00000000e6ab0000)
 concurrent mark-sweep generation total 393216K, used 0K [0x00000000e8000000, 0x0000000100000000, 0x0000000100000000)
 Metaspace       used 20706K, capacity 21020K, committed 21248K, reserved 1069056K
  class space    used 2404K, capacity 2518K, committed 2560K, reserved 1048576K
2016-11-30T09:16:59.483+0100: 1,686: [GC (Allocation Failure) 2016-11-30T09:16:59.483+0100: 1,686: [ParNew
Desired survivor size 20112992 bytes, new threshold 8 (max 8)
- age   1:    2914184 bytes,    2914184 total
- age   2:    6167504 bytes,    9081688 total
: 99578K->13103K(109248K), 0,0247346 secs] 99578K->13103K(502464K), 0,0247931 secs] [Times: user=0,06 sys=0,00, real=0,02 secs] 
Heap after GC invocations=2 (full 0):
 par new generation   total 109248K, used 13103K [0x00000000e0000000, 0x00000000e8000000, 0x00000000e8000000)
  eden space 87424K,   0% used [0x00000000e0000000, 0x00000000e0000000, 0x00000000e5560000)
  from space 21824K,  60% used [0x00000000e5560000, 0x00000000e622bc48, 0x00000000e6ab0000)
  to   space 21824K,   0% used [0x00000000e6ab0000, 0x00000000e6ab0000, 0x00000000e8000000)
 concurrent mark-sweep generation total 393216K, used 0K [0x00000000e8000000, 0x0000000100000000, 0x0000000100000000)
 Metaspace       used 20706K, capacity 21020K, committed 21248K, reserved 1069056K
  class space    used 2404K, capacity 2518K, committed 2560K, reserved 1048576K
}
2016-11-30T09:16:59.508+0100: 1,711: Total time for which application threads were stopped: 0,0250004 seconds, Stopping threads took: 0,0000180 seconds
2016-11-30T09:16:59.577+0100: 1,780: Total time for which application threads were stopped: 0,0000989 seconds, Stopping threads took: 0,0000202 seconds
2016-11-30T09:16:59.640+0100: 1,842: Total time for which application threads were stopped: 0,0003080 seconds, Stopping threads took: 0,0000189 seconds
2016-11-30T09:16:59.646+0100: 1,849: Total time for which application threads were stopped: 0,0001309 seconds, Stopping threads took: 0,0000582 seconds
2016-11-30T09:16:59.674+0100: 1,877: Total time for which application threads were stopped: 0,0000748 seconds, Stopping threads took: 0,0000129 seconds
2016-11-30T09:16:59.769+0100: 1,972: Total time for which application threads were stopped: 0,0006732 seconds, Stopping threads took: 0,0005638 seconds
2016-11-30T09:16:59.814+0100: 2,017: Total time for which application threads were stopped: 0,0001056 seconds, Stopping threads took: 0,0000237 seconds
2016-11-30T09:16:59.823+0100: 2,025: Total time for which application threads were stopped: 0,0003649 seconds, Stopping threads took: 0,0000228 seconds
2016-11-30T09:16:59.831+0100: 2,033: Total time for which application threads were stopped: 0,0003431 seconds, Stopping threads took: 0,0000203 seconds
2016-11-30T09:16:59.839+0100: 2,042: Total time for which application threads were stopped: 0,0001168 seconds, Stopping threads took: 0,0000334 seconds
2016-11-30T09:16:59.948+0100: 2,151: Total time for which application threads were stopped: 0,0001290 seconds, Stopping threads took: 0,0000327 seconds
2016-11-30T09:16:59.995+0100: 2,198: Total time for which application threads were stopped: 0,0000983 seconds, Stopping threads took: 0,0000275 seconds
2016-11-30T09:17:00.056+0100: 2,259: Total time for which application threads were stopped: 0,0000962 seconds, Stopping threads took: 0,0000255 seconds
2016-11-30T09:17:00.109+0100: 2,312: Total time for which application threads were stopped: 0,0002714 seconds, Stopping threads took: 0,0001862 seconds
2016-11-30T09:17:00.210+0100: 2,413: Total time for which application threads were stopped: 0,0001160 seconds, Stopping threads took: 0,0000181 seconds
2016-11-30T09:17:00.310+0100: 2,513: Total time for which application threads were stopped: 0,0001279 seconds, Stopping threads took: 0,0000358 seconds
2016-11-30T09:17:00.342+0100: 2,545: Total time for which application threads were stopped: 0,0001156 seconds, Stopping threads took: 0,0000239 seconds
{Heap before GC invocations=2 (full 0):
 par new generation   total 109248K, used 100527K [0x00000000e0000000, 0x00000000e8000000, 0x00000000e8000000)
  eden space 87424K, 100% used [0x00000000e0000000, 0x00000000e5560000, 0x00000000e5560000)
  from space 21824K,  60% used [0x00000000e5560000, 0x00000000e622bc48, 0x00000000e6ab0000)
  to   space 21824K,   0% used [0x00000000e6ab0000, 0x00000000e6ab0000, 0x00000000e8000000)
 concurrent mark-sweep generation total 393216K, used 0K [0x00000000e8000000, 0x0000000100000000, 0x0000000100000000)
 Metaspace       used 24841K, capacity 25224K, committed 25536K, reserved 1071104K
  class space    used 2897K, capacity 3025K, committed 3092K, reserved 1048576K
2016-11-30T09:17:00.356+0100: 2,558: [GC (Allocation Failure) 2016-11-30T09:17:00.356+0100: 2,558: [ParNew
Desired survivor size 20112992 bytes, new threshold 8 (max 8)
- age   1:    6700448 bytes,    6700448 total
- age   2:     546584 bytes,    7247032 total
- age   3:    6096216 bytes,   13343248 total
: 100527K->15521K(109248K), 0,0123078 secs] 100527K->15521K(502464K), 0,0123880 secs] [Times: user=0,04 sys=0,00, real=0,01 secs] 
Heap after GC invocations=3 (full 0):
 par new generation   total 109248K, used 15521K [0x00000000e0000000, 0x00000000e8000000, 0x00000000e8000000)
  eden space 87424K,   0% used [0x00000000e0000000, 0x00000000e0000000, 0x00000000e5560000)
  from space 21824K,  71% used [0x00000000e6ab0000, 0x00000000e79d8440, 0x00000000e8000000)
  to   space 21824K,   0% used [0x00000000e5560000, 0x00000000e5560000, 0x00000000e6ab0000)
 concurrent mark-sweep generation total 393216K, used 0K [0x00000000e8000000, 0x0000000100000000, 0x0000000100000000)
 Metaspace       used 24841K, capacity 25224K, committed 25536K, reserved 1071104K
  class space    used 2897K, capacity 3025K, committed 3092K, reserved 1048576K
}
2016-11-30T09:17:00.368+0100: 2,571: Total time for which application threads were stopped: 0,0126575 seconds, Stopping threads took: 0,0001344 seconds
2016-11-30T09:17:00.368+0100: 2,571: [GC (CMS Initial Mark) [1 CMS-initial-mark: 0K(393216K)] 15536K(502464K), 0,0045137 secs] [Times: user=0,02 sys=0,00, real=0,01 secs] 
2016-11-30T09:17:00.373+0100: 2,576: Total time for which application threads were stopped: 0,0046369 seconds, Stopping threads took: 0,0000338 seconds
2016-11-30T09:17:00.373+0100: 2,576: [CMS-concurrent-mark-start]
2016-11-30T09:17:00.373+0100: 2,576: [CMS-concurrent-mark: 0,001/0,001 secs] [Times: user=0,00 sys=0,00, real=0,00 secs] 
2016-11-30T09:17:00.373+0100: 2,576: [CMS-concurrent-preclean-start]
2016-11-30T09:17:00.374+0100: 2,577: [CMS-concurrent-preclean: 0,001/0,001 secs] [Times: user=0,00 sys=0,00, real=0,00 secs] 
2016-11-30T09:17:00.374+0100: 2,577: [GC (CMS Final Remark) [YG occupancy: 16935 K (109248 K)]2016-11-30T09:17:00.374+0100: 2,577: [Rescan (parallel) , 0,0039159 secs]2016-11-30T09:17:00.378+0100: 2,581: [weak refs processing, 0,0008712 secs]2016-11-30T09:17:00.379+0100: 2,582: [class unloading, 0,0030851 secs]2016-11-30T09:17:00.382+0100: 2,585: [scrub symbol table, 0,0032616 secs]2016-11-30T09:17:00.386+0100: 2,589: [scrub string table, 0,0004305 secs][1 CMS-remark: 0K(393216K)] 16935K(502464K), 0,0122822 secs] [Times: user=0,02 sys=0,00, real=0,01 secs] 
2016-11-30T09:17:00.387+0100: 2,590: Total time for which application threads were stopped: 0,0123897 seconds, Stopping threads took: 0,0000384 seconds
2016-11-30T09:17:00.387+0100: 2,590: [CMS-concurrent-sweep-start]
2016-11-30T09:17:00.387+0100: 2,590: [CMS-concurrent-sweep: 0,000/0,000 secs] [Times: user=0,00 sys=0,00, real=0,00 secs] 
2016-11-30T09:17:00.387+0100: 2,590: [CMS-concurrent-reset-start]
2016-11-30T09:17:00.388+0100: 2,591: [CMS-concurrent-reset: 0,001/0,001 secs] [Times: user=0,01 sys=0,00, real=0,00 secs] 
{Heap before GC invocations=3 (full 1):
 par new generation   total 109248K, used 16935K [0x00000000e0000000, 0x00000000e8000000, 0x00000000e8000000)
  eden space 87424K,   1% used [0x00000000e0000000, 0x00000000e0161b08, 0x00000000e5560000)
  from space 21824K,  71% used [0x00000000e6ab0000, 0x00000000e79d8440, 0x00000000e8000000)
  to   space 21824K,   0% used [0x00000000e5560000, 0x00000000e5560000, 0x00000000e6ab0000)
 concurrent mark-sweep generation total 393216K, used 0K [0x00000000e8000000, 0x0000000100000000, 0x0000000100000000)
 Metaspace       used 24841K, capacity 25224K, committed 25536K, reserved 1071104K
  class space    used 2897K, capacity 3025K, committed 3092K, reserved 1048576K
2016-11-30T09:17:00.389+0100: 2,591: [GC (GCLocker Initiated GC) 2016-11-30T09:17:00.389+0100: 2,591: [ParNew
Desired survivor size 20112992 bytes, new threshold 8 (max 8)
- age   1:      16904 bytes,      16904 total
- age   2:    3154304 bytes,    3171208 total
- age   3:     546584 bytes,    3717792 total
- age   4:    6094736 bytes,    9812528 total
: 16935K->13832K(109248K), 0,0100800 secs] 16935K->13832K(502464K), 0,0101268 secs] [Times: user=0,04 sys=0,00, real=0,02 secs] 
Heap after GC invocations=4 (full 1):
 par new generation   total 109248K, used 13832K [0x00000000e0000000, 0x00000000e8000000, 0x00000000e8000000)
  eden space 87424K,   0% used [0x00000000e0000000, 0x00000000e0000000, 0x00000000e5560000)
  from space 21824K,  63% used [0x00000000e5560000, 0x00000000e62e23b8, 0x00000000e6ab0000)
  to   space 21824K,   0% used [0x00000000e6ab0000, 0x00000000e6ab0000, 0x00000000e8000000)
 concurrent mark-sweep generation total 393216K, used 0K [0x00000000e8000000, 0x0000000100000000, 0x0000000100000000)
 Metaspace       used 24841K, capacity 25224K, committed 25536K, reserved 1071104K
  class space    used 2897K, capacity 3025K, committed 3092K, reserved 1048576K
}
2016-11-30T09:17:00.399+0100: 2,602: Total time for which application threads were stopped: 0,0102894 seconds, Stopping threads took: 0,0000377 seconds
2016-11-30T09:17:00.441+0100: 2,644: Total time for which application threads were stopped: 0,0003540 seconds, Stopping threads took: 0,0000253 seconds
2016-11-30T09:17:01.442+0100: 3,644: Total time for which application threads were stopped: 0,0000855 seconds, Stopping threads took: 0,0000165 seconds
2016-11-30T09:17:01.845+0100: 4,048: Total time for which application threads were stopped: 0,0003028 seconds, Stopping threads took: 0,0000179 seconds
2016-11-30T09:17:28.323+0100: 31,050: Total time for which application threads were stopped: 0,0001112 seconds, Stopping threads took: 0,0000252 seconds
2016-11-30T09:19:38.337+0100: 161,064: Total time for which application threads were stopped: 0,0003476 seconds, Stopping threads took: 0,0001689 seconds
2016-11-30T09:19:43.337+0100: 166,065: Total time for which application threads were stopped: 0,0000582 seconds, Stopping threads took: 0,0000157 seconds
2016-11-30T09:20:53.346+0100: 236,073: Total time for which application threads were stopped: 0,0001330 seconds, Stopping threads took: 0,0000564 seconds
2016-11-30T09:21:23.349+0100: 266,076: Total time for which application threads were stopped: 0,0000850 seconds, Stopping threads took: 0,0000344 seconds
2016-11-30T09:21:38.351+0100: 281,078: Total time for which application threads were stopped: 0,0001467 seconds, Stopping threads took: 0,0000546 seconds
2016-11-30T09:21:43.352+0100: 286,079: Total time for which application threads were stopped: 0,0000594 seconds, Stopping threads took: 0,0000145 seconds
2016-11-30T09:22:18.356+0100: 321,083: Total time for which application threads were stopped: 0,0001182 seconds, Stopping threads took: 0,0000494 seconds
2016-11-30T09:22:38.358+0100: 341,086: Total time for which application threads were stopped: 0,0000750 seconds, Stopping threads took: 0,0000308 seconds
2016-11-30T09:22:43.359+0100: 346,086: Total time for which application threads were stopped: 0,0001323 seconds, Stopping threads took: 0,0000314 seconds
2016-11-30T09:40:38.481+0100: 1421,209: Total time for which application threads were stopped: 0,0002685 seconds, Stopping threads took: 0,0000667 seconds
2016-11-30T09:43:48.500+0100: 1611,227: Total time for which application threads were stopped: 0,0004368 seconds, Stopping threads took: 0,0001632 seconds
2016-11-30T09:43:53.500+0100: 1616,228: Total time for which application threads were stopped: 0,0000631 seconds, Stopping threads took: 0,0000139 seconds
2016-11-30T09:55:38.588+0100: 2321,315: Total time for which application threads were stopped: 0,0001003 seconds, Stopping threads took: 0,0000377 seconds
2016-11-30T09:58:08.605+0100: 2471,333: Total time for which application threads were stopped: 0,0000750 seconds, Stopping threads took: 0,0000312 seconds
2016-11-30T10:10:13.686+0100: 3196,414: Total time for which application threads were stopped: 0,0001150 seconds, Stopping threads took: 0,0000498 seconds
2016-11-30T10:22:38.772+0100: 3941,500: Total time for which application threads were stopped: 0,0000954 seconds, Stopping threads took: 0,0000427 seconds
2016-11-30T10:23:33.778+0100: 3996,506: Total time for which application threads were stopped: 0,0000774 seconds, Stopping threads took: 0,0000294 seconds
2016-11-30T10:23:58.780+0100: 4021,508: Total time for which application threads were stopped: 0,0000843 seconds, Stopping threads took: 0,0000147 seconds
2016-11-30T11:04:14.072+0100: 6436,800: Total time for which application threads were stopped: 0,0000849 seconds, Stopping threads took: 0,0000345 seconds
2016-11-30T11:04:19.073+0100: 6441,801: Total time for which application threads were stopped: 0,0000673 seconds, Stopping threads took: 0,0000158 seconds
2016-11-30T11:09:14.111+0100: 6736,839: Total time for which application threads were stopped: 0,0000878 seconds, Stopping threads took: 0,0000370 seconds
2016-11-30T11:21:58.189+0100: 7500,917: Total time for which application threads were stopped: 0,0000738 seconds, Stopping threads took: 0,0000295 seconds
2016-11-30T11:22:28.193+0100: 7530,920: Total time for which application threads were stopped: 0,0001866 seconds, Stopping threads took: 0,0000917 seconds
2016-11-30T11:24:58.208+0100: 7680,935: Total time for which application threads were stopped: 0,0000780 seconds, Stopping threads took: 0,0000307 seconds
2016-11-30T12:26:28.592+0100: 11371,320: Total time for which application threads were stopped: 0,0000968 seconds, Stopping threads took: 0,0000401 seconds
2016-11-30T12:29:28.611+0100: 11551,339: Total time for which application threads were stopped: 0,0000864 seconds, Stopping threads took: 0,0000345 seconds
2016-11-30T13:32:59.001+0100: 15361,729: Total time for which application threads were stopped: 0,0000956 seconds, Stopping threads took: 0,0000320 seconds
2016-11-30T13:55:58.159+0100: 16740,886: Total time for which application threads were stopped: 0,0000792 seconds, Stopping threads took: 0,0000298 seconds
2016-11-30T18:36:44.180+0100: 33586,908: Total time for which application threads were stopped: 0,0001519 seconds, Stopping threads took: 0,0000277 seconds
Heap
 par new generation   total 109248K, used 57180K [0x00000000e0000000, 0x00000000e8000000, 0x00000000e8000000)
  eden space 87424K,  49% used [0x00000000e0000000, 0x00000000e2a54ee0, 0x00000000e5560000)
  from space 21824K,  63% used [0x00000000e5560000, 0x00000000e62e23b8, 0x00000000e6ab0000)
  to   space 21824K,   0% used [0x00000000e6ab0000, 0x00000000e6ab0000, 0x00000000e8000000)
 concurrent mark-sweep generation total 393216K, used 0K [0x00000000e8000000, 0x0000000100000000, 0x0000000100000000)
 Metaspace       used 27205K, capacity 27662K, committed 27924K, reserved 1073152K
  class space    used 3160K, capacity 3320K, committed 3348K, reserved 1048576K
