OpenJDK 64-Bit Server VM (25.131-b11) for linux-amd64 JRE (1.8.0_131-8u131-b11-2ubuntu1.16.04.3-b11), built on Jul 28 2017 01:23:32 by "buildd" with gcc 5.4.0 20160609
Memory: 4k page, physical 7867732k(7480380k free), swap 8076284k(8076284k free)
CommandLine flags: -XX:CMSInitiatingOccupancyFraction=50 -XX:CMSMaxAbortablePrecleanTime=6000 -XX:+CMSParallelRemarkEnabled -XX:+CMSScavengeBeforeRemark -XX:ConcGCThreads=4 -XX:InitialHeapSize=536870912 -XX:MaxHeapSize=536870912 -XX:MaxTenuringThreshold=8 -XX:NewRatio=3 -XX:OldPLABSize=16 -XX:OnOutOfMemoryError=/opt/solr/bin/oom_solr.sh 8983 /var/solr/logs -XX:ParallelGCThreads=4 -XX:+ParallelRefProcEnabled -XX:PretenureSizeThreshold=67108864 -XX:+PrintGC -XX:+PrintGCApplicationStoppedTime -XX:+PrintGCDateStamps -XX:+PrintGCDetails -XX:+PrintGCTimeStamps -XX:+PrintHeapAtGC -XX:+PrintTenuringDistribution -XX:SurvivorRatio=4 -XX:TargetSurvivorRatio=90 -XX:ThreadStackSize=256 -XX:+UseCMSInitiatingOccupancyOnly -XX:+UseCompressedClassPointers -XX:+UseCompressedOops -XX:+UseConcMarkSweepGC -XX:+UseParNewGC 
2017-08-05T16:08:22.859+0200: 0,194: Total time for which application threads were stopped: 0,0000760 seconds, Stopping threads took: 0,0000125 seconds
2017-08-05T16:08:22.965+0200: 0,300: Total time for which application threads were stopped: 0,0001454 seconds, Stopping threads took: 0,0000249 seconds
2017-08-05T16:08:22.992+0200: 0,327: Total time for which application threads were stopped: 0,0000845 seconds, Stopping threads took: 0,0000141 seconds
2017-08-05T16:08:23.292+0200: 0,628: Total time for which application threads were stopped: 0,0003418 seconds, Stopping threads took: 0,0000366 seconds
2017-08-05T16:08:23.883+0200: 1,218: Total time for which application threads were stopped: 0,0001823 seconds, Stopping threads took: 0,0000150 seconds
2017-08-05T16:08:24.045+0200: 1,380: Total time for which application threads were stopped: 0,0001951 seconds, Stopping threads took: 0,0000223 seconds
2017-08-05T16:08:24.112+0200: 1,447: Total time for which application threads were stopped: 0,0002012 seconds, Stopping threads took: 0,0000378 seconds
2017-08-05T16:08:24.823+0200: 2,158: Total time for which application threads were stopped: 0,0009924 seconds, Stopping threads took: 0,0000755 seconds
2017-08-05T16:08:25.221+0200: 2,556: Total time for which application threads were stopped: 0,0001991 seconds, Stopping threads took: 0,0000154 seconds
2017-08-05T16:08:25.245+0200: 2,580: Total time for which application threads were stopped: 0,0001780 seconds, Stopping threads took: 0,0000283 seconds
2017-08-05T16:08:25.272+0200: 2,607: Total time for which application threads were stopped: 0,0002052 seconds, Stopping threads took: 0,0000221 seconds
2017-08-05T16:08:25.273+0200: 2,608: Total time for which application threads were stopped: 0,0001807 seconds, Stopping threads took: 0,0000167 seconds
2017-08-05T16:08:25.290+0200: 2,625: Total time for which application threads were stopped: 0,0001805 seconds, Stopping threads took: 0,0000210 seconds
2017-08-05T16:08:25.359+0200: 2,694: Total time for which application threads were stopped: 0,0002063 seconds, Stopping threads took: 0,0000173 seconds
2017-08-05T16:08:25.530+0200: 2,865: Total time for which application threads were stopped: 0,0003045 seconds, Stopping threads took: 0,0000699 seconds
{Heap before GC invocations=0 (full 0):
 par new generation   total 109248K, used 87424K [0x00000000e0000000, 0x00000000e8000000, 0x00000000e8000000)
  eden space 87424K, 100% used [0x00000000e0000000, 0x00000000e5560000, 0x00000000e5560000)
  from space 21824K,   0% used [0x00000000e5560000, 0x00000000e5560000, 0x00000000e6ab0000)
  to   space 21824K,   0% used [0x00000000e6ab0000, 0x00000000e6ab0000, 0x00000000e8000000)
 concurrent mark-sweep generation total 393216K, used 0K [0x00000000e8000000, 0x0000000100000000, 0x0000000100000000)
 Metaspace       used 17943K, capacity 18240K, committed 18304K, reserved 1064960K
  class space    used 2027K, capacity 2164K, committed 2176K, reserved 1048576K
2017-08-05T16:08:25.596+0200: 2,931: [GC (Allocation Failure) 2017-08-05T16:08:25.596+0200: 2,931: [ParNew
Desired survivor size 20112992 bytes, new threshold 8 (max 8)
- age   1:   12018192 bytes,   12018192 total
: 87424K->11854K(109248K), 0,0188327 secs] 87424K->11854K(502464K), 0,0189221 secs] [Times: user=0,03 sys=0,03, real=0,02 secs] 
Heap after GC invocations=1 (full 0):
 par new generation   total 109248K, used 11854K [0x00000000e0000000, 0x00000000e8000000, 0x00000000e8000000)
  eden space 87424K,   0% used [0x00000000e0000000, 0x00000000e0000000, 0x00000000e5560000)
  from space 21824K,  54% used [0x00000000e6ab0000, 0x00000000e7643840, 0x00000000e8000000)
  to   space 21824K,   0% used [0x00000000e5560000, 0x00000000e5560000, 0x00000000e6ab0000)
 concurrent mark-sweep generation total 393216K, used 0K [0x00000000e8000000, 0x0000000100000000, 0x0000000100000000)
 Metaspace       used 17943K, capacity 18240K, committed 18304K, reserved 1064960K
  class space    used 2027K, capacity 2164K, committed 2176K, reserved 1048576K
}
2017-08-05T16:08:25.615+0200: 2,950: Total time for which application threads were stopped: 0,0191631 seconds, Stopping threads took: 0,0000550 seconds
2017-08-05T16:08:25.984+0200: 3,319: Total time for which application threads were stopped: 0,0003486 seconds, Stopping threads took: 0,0000404 seconds
{Heap before GC invocations=1 (full 0):
 par new generation   total 109248K, used 99278K [0x00000000e0000000, 0x00000000e8000000, 0x00000000e8000000)
  eden space 87424K, 100% used [0x00000000e0000000, 0x00000000e5560000, 0x00000000e5560000)
  from space 21824K,  54% used [0x00000000e6ab0000, 0x00000000e7643840, 0x00000000e8000000)
  to   space 21824K,   0% used [0x00000000e5560000, 0x00000000e5560000, 0x00000000e6ab0000)
 concurrent mark-sweep generation total 393216K, used 0K [0x00000000e8000000, 0x0000000100000000, 0x0000000100000000)
 Metaspace       used 20059K, capacity 20430K, committed 20736K, reserved 1067008K
  class space    used 2294K, capacity 2469K, committed 2560K, reserved 1048576K
2017-08-05T16:08:26.023+0200: 3,358: [GC (Allocation Failure) 2017-08-05T16:08:26.023+0200: 3,358: [ParNew
Desired survivor size 20112992 bytes, new threshold 8 (max 8)
- age   1:    3669872 bytes,    3669872 total
- age   2:    6618184 bytes,   10288056 total
: 99278K->11607K(109248K), 0,0147908 secs] 99278K->11607K(502464K), 0,0148769 secs] [Times: user=0,05 sys=0,00, real=0,01 secs] 
Heap after GC invocations=2 (full 0):
 par new generation   total 109248K, used 11607K [0x00000000e0000000, 0x00000000e8000000, 0x00000000e8000000)
  eden space 87424K,   0% used [0x00000000e0000000, 0x00000000e0000000, 0x00000000e5560000)
  from space 21824K,  53% used [0x00000000e5560000, 0x00000000e60b5c90, 0x00000000e6ab0000)
  to   space 21824K,   0% used [0x00000000e6ab0000, 0x00000000e6ab0000, 0x00000000e8000000)
 concurrent mark-sweep generation total 393216K, used 0K [0x00000000e8000000, 0x0000000100000000, 0x0000000100000000)
 Metaspace       used 20059K, capacity 20430K, committed 20736K, reserved 1067008K
  class space    used 2294K, capacity 2469K, committed 2560K, reserved 1048576K
}
2017-08-05T16:08:26.038+0200: 3,373: Total time for which application threads were stopped: 0,0155647 seconds, Stopping threads took: 0,0005307 seconds
2017-08-05T16:08:26.051+0200: 3,386: Total time for which application threads were stopped: 0,0004220 seconds, Stopping threads took: 0,0000664 seconds
2017-08-05T16:08:26.085+0200: 3,420: Total time for which application threads were stopped: 0,0003823 seconds, Stopping threads took: 0,0000769 seconds
2017-08-05T16:08:26.229+0200: 3,564: Total time for which application threads were stopped: 0,0001928 seconds, Stopping threads took: 0,0000328 seconds
{Heap before GC invocations=2 (full 0):
 par new generation   total 109248K, used 99031K [0x00000000e0000000, 0x00000000e8000000, 0x00000000e8000000)
  eden space 87424K, 100% used [0x00000000e0000000, 0x00000000e5560000, 0x00000000e5560000)
  from space 21824K,  53% used [0x00000000e5560000, 0x00000000e60b5c90, 0x00000000e6ab0000)
  to   space 21824K,   0% used [0x00000000e6ab0000, 0x00000000e6ab0000, 0x00000000e8000000)
 concurrent mark-sweep generation total 393216K, used 0K [0x00000000e8000000, 0x0000000100000000, 0x0000000100000000)
 Metaspace       used 20993K, capacity 21352K, committed 21628K, reserved 1069056K
  class space    used 2416K, capacity 2588K, committed 2684K, reserved 1048576K
2017-08-05T16:08:26.270+0200: 3,605: [GC (Allocation Failure) 2017-08-05T16:08:26.270+0200: 3,605: [ParNew
Desired survivor size 20112992 bytes, new threshold 8 (max 8)
- age   1:    2191200 bytes,    2191200 total
- age   2:     900104 bytes,    3091304 total
- age   3:    6611792 bytes,    9703096 total
: 99031K->14203K(109248K), 0,0133605 secs] 99031K->14203K(502464K), 0,0134492 secs] [Times: user=0,04 sys=0,00, real=0,01 secs] 
Heap after GC invocations=3 (full 0):
 par new generation   total 109248K, used 14203K [0x00000000e0000000, 0x00000000e8000000, 0x00000000e8000000)
  eden space 87424K,   0% used [0x00000000e0000000, 0x00000000e0000000, 0x00000000e5560000)
  from space 21824K,  65% used [0x00000000e6ab0000, 0x00000000e788efb0, 0x00000000e8000000)
  to   space 21824K,   0% used [0x00000000e5560000, 0x00000000e5560000, 0x00000000e6ab0000)
 concurrent mark-sweep generation total 393216K, used 0K [0x00000000e8000000, 0x0000000100000000, 0x0000000100000000)
 Metaspace       used 20993K, capacity 21352K, committed 21628K, reserved 1069056K
  class space    used 2416K, capacity 2588K, committed 2684K, reserved 1048576K
}
2017-08-05T16:08:26.284+0200: 3,619: Total time for which application threads were stopped: 0,0157508 seconds, Stopping threads took: 0,0021403 seconds
2017-08-05T16:08:26.287+0200: 3,622: [GC (CMS Initial Mark) [1 CMS-initial-mark: 0K(393216K)] 16349K(502464K), 0,0047255 secs] [Times: user=0,01 sys=0,00, real=0,00 secs] 
2017-08-05T16:08:26.292+0200: 3,627: Total time for which application threads were stopped: 0,0057373 seconds, Stopping threads took: 0,0008953 seconds
2017-08-05T16:08:26.292+0200: 3,627: [CMS-concurrent-mark-start]
2017-08-05T16:08:26.293+0200: 3,628: [CMS-concurrent-mark: 0,001/0,001 secs] [Times: user=0,01 sys=0,00, real=0,00 secs] 
2017-08-05T16:08:26.293+0200: 3,628: [CMS-concurrent-preclean-start]
2017-08-05T16:08:26.294+0200: 3,629: [CMS-concurrent-preclean: 0,001/0,001 secs] [Times: user=0,00 sys=0,00, real=0,00 secs] 
2017-08-05T16:08:26.294+0200: 3,629: [CMS-concurrent-abortable-preclean-start]
2017-08-05T16:08:26.343+0200: 3,678: Total time for which application threads were stopped: 0,0001570 seconds, Stopping threads took: 0,0000735 seconds
{Heap before GC invocations=3 (full 1):
 par new generation   total 109248K, used 101627K [0x00000000e0000000, 0x00000000e8000000, 0x00000000e8000000)
  eden space 87424K, 100% used [0x00000000e0000000, 0x00000000e5560000, 0x00000000e5560000)
  from space 21824K,  65% used [0x00000000e6ab0000, 0x00000000e788efb0, 0x00000000e8000000)
  to   space 21824K,   0% used [0x00000000e5560000, 0x00000000e5560000, 0x00000000e6ab0000)
 concurrent mark-sweep generation total 393216K, used 0K [0x00000000e8000000, 0x0000000100000000, 0x0000000100000000)
 Metaspace       used 21263K, capacity 21624K, committed 21884K, reserved 1069056K
  class space    used 2445K, capacity 2602K, committed 2684K, reserved 1048576K
2017-08-05T16:08:26.406+0200: 3,741: [GC (Allocation Failure) 2017-08-05T16:08:26.406+0200: 3,741: [ParNew
Desired survivor size 20112992 bytes, new threshold 8 (max 8)
- age   1:     721328 bytes,     721328 total
- age   2:    1479064 bytes,    2200392 total
- age   3:     868648 bytes,    3069040 total
- age   4:    6608584 bytes,    9677624 total
: 101627K->11839K(109248K), 0,0115213 secs] 101627K->11839K(502464K), 0,0115973 secs] [Times: user=0,04 sys=0,00, real=0,00 secs] 
Heap after GC invocations=4 (full 1):
 par new generation   total 109248K, used 11839K [0x00000000e0000000, 0x00000000e8000000, 0x00000000e8000000)
  eden space 87424K,   0% used [0x00000000e0000000, 0x00000000e0000000, 0x00000000e5560000)
  from space 21824K,  54% used [0x00000000e5560000, 0x00000000e60efec0, 0x00000000e6ab0000)
  to   space 21824K,   0% used [0x00000000e6ab0000, 0x00000000e6ab0000, 0x00000000e8000000)
 concurrent mark-sweep generation total 393216K, used 0K [0x00000000e8000000, 0x0000000100000000, 0x0000000100000000)
 Metaspace       used 21263K, capacity 21624K, committed 21884K, reserved 1069056K
  class space    used 2445K, capacity 2602K, committed 2684K, reserved 1048576K
}
2017-08-05T16:08:26.418+0200: 3,753: Total time for which application threads were stopped: 0,0122409 seconds, Stopping threads took: 0,0004840 seconds
2017-08-05T16:08:26.418+0200: 3,753: [CMS-concurrent-abortable-preclean: 0,101/0,124 secs] [Times: user=0,46 sys=0,00, real=0,12 secs] 
2017-08-05T16:08:26.418+0200: 3,753: [GC (CMS Final Remark) [YG occupancy: 12527 K (109248 K)]{Heap before GC invocations=4 (full 1):
 par new generation   total 109248K, used 12527K [0x00000000e0000000, 0x00000000e8000000, 0x00000000e8000000)
  eden space 87424K,   0% used [0x00000000e0000000, 0x00000000e00abd70, 0x00000000e5560000)
  from space 21824K,  54% used [0x00000000e5560000, 0x00000000e60efec0, 0x00000000e6ab0000)
  to   space 21824K,   0% used [0x00000000e6ab0000, 0x00000000e6ab0000, 0x00000000e8000000)
 concurrent mark-sweep generation total 393216K, used 0K [0x00000000e8000000, 0x0000000100000000, 0x0000000100000000)
 Metaspace       used 21263K, capacity 21624K, committed 21884K, reserved 1069056K
  class space    used 2445K, capacity 2602K, committed 2684K, reserved 1048576K
2017-08-05T16:08:26.418+0200: 3,753: [GC (CMS Final Remark) 2017-08-05T16:08:26.418+0200: 3,753: [ParNew
Desired survivor size 20112992 bytes, new threshold 8 (max 8)
- age   1:      42320 bytes,      42320 total
- age   2:     522000 bytes,     564320 total
- age   3:    1479064 bytes,    2043384 total
- age   4:     868648 bytes,    2912032 total
- age   5:    6608824 bytes,    9520856 total
: 12527K->10710K(109248K), 0,0130250 secs] 12527K->10710K(502464K), 0,0130680 secs] [Times: user=0,04 sys=0,00, real=0,01 secs] 
Heap after GC invocations=5 (full 1):
 par new generation   total 109248K, used 10710K [0x00000000e0000000, 0x00000000e8000000, 0x00000000e8000000)
  eden space 87424K,   0% used [0x00000000e0000000, 0x00000000e0000000, 0x00000000e5560000)
  from space 21824K,  49% used [0x00000000e6ab0000, 0x00000000e7525800, 0x00000000e8000000)
  to   space 21824K,   0% used [0x00000000e5560000, 0x00000000e5560000, 0x00000000e6ab0000)
 concurrent mark-sweep generation total 393216K, used 0K [0x00000000e8000000, 0x0000000100000000, 0x0000000100000000)
 Metaspace       used 21263K, capacity 21624K, committed 21884K, reserved 1069056K
  class space    used 2445K, capacity 2602K, committed 2684K, reserved 1048576K
}
2017-08-05T16:08:26.431+0200: 3,766: [Rescan (parallel) , 0,0035171 secs]2017-08-05T16:08:26.435+0200: 3,770: [weak refs processing, 0,0006996 secs]2017-08-05T16:08:26.435+0200: 3,770: [class unloading, 0,0029592 secs]2017-08-05T16:08:26.438+0200: 3,773: [scrub symbol table, 0,0026020 secs]2017-08-05T16:08:26.441+0200: 3,776: [scrub string table, 0,0003819 secs][1 CMS-remark: 0K(393216K)] 10710K(502464K), 0,0239027 secs] [Times: user=0,06 sys=0,00, real=0,02 secs] 
2017-08-05T16:08:26.442+0200: 3,777: Total time for which application threads were stopped: 0,0240269 seconds, Stopping threads took: 0,0000443 seconds
2017-08-05T16:08:26.454+0200: 3,789: [CMS-concurrent-sweep-start]
2017-08-05T16:08:26.454+0200: 3,789: [CMS-concurrent-sweep: 0,000/0,000 secs] [Times: user=0,00 sys=0,00, real=0,00 secs] 
2017-08-05T16:08:26.454+0200: 3,789: [CMS-concurrent-reset-start]
2017-08-05T16:08:26.456+0200: 3,791: [CMS-concurrent-reset: 0,002/0,002 secs] [Times: user=0,01 sys=0,00, real=0,00 secs] 
{Heap before GC invocations=5 (full 1):
 par new generation   total 109248K, used 98134K [0x00000000e0000000, 0x00000000e8000000, 0x00000000e8000000)
  eden space 87424K, 100% used [0x00000000e0000000, 0x00000000e5560000, 0x00000000e5560000)
  from space 21824K,  49% used [0x00000000e6ab0000, 0x00000000e7525800, 0x00000000e8000000)
  to   space 21824K,   0% used [0x00000000e5560000, 0x00000000e5560000, 0x00000000e6ab0000)
 concurrent mark-sweep generation total 393216K, used 0K [0x00000000e8000000, 0x0000000100000000, 0x0000000100000000)
 Metaspace       used 21385K, capacity 21800K, committed 21884K, reserved 1069056K
  class space    used 2465K, capacity 2637K, committed 2684K, reserved 1048576K
2017-08-05T16:08:26.524+0200: 3,859: [GC (Allocation Failure) 2017-08-05T16:08:26.524+0200: 3,859: [ParNew
Desired survivor size 20112992 bytes, new threshold 8 (max 8)
- age   1:    1416904 bytes,    1416904 total
- age   3:     174848 bytes,    1591752 total
- age   4:    1479080 bytes,    3070832 total
- age   5:     864696 bytes,    3935528 total
- age   6:    6608600 bytes,   10544128 total
: 98134K->18230K(109248K), 0,0101959 secs] 98134K->18230K(502464K), 0,0102703 secs] [Times: user=0,04 sys=0,00, real=0,01 secs] 
Heap after GC invocations=6 (full 1):
 par new generation   total 109248K, used 18230K [0x00000000e0000000, 0x00000000e8000000, 0x00000000e8000000)
  eden space 87424K,   0% used [0x00000000e0000000, 0x00000000e0000000, 0x00000000e5560000)
  from space 21824K,  83% used [0x00000000e5560000, 0x00000000e672d880, 0x00000000e6ab0000)
  to   space 21824K,   0% used [0x00000000e6ab0000, 0x00000000e6ab0000, 0x00000000e8000000)
 concurrent mark-sweep generation total 393216K, used 0K [0x00000000e8000000, 0x0000000100000000, 0x0000000100000000)
 Metaspace       used 21385K, capacity 21800K, committed 21884K, reserved 1069056K
  class space    used 2465K, capacity 2637K, committed 2684K, reserved 1048576K
}
2017-08-05T16:08:26.534+0200: 3,869: Total time for which application threads were stopped: 0,0110018 seconds, Stopping threads took: 0,0006014 seconds
2017-08-05T16:08:26.592+0200: 3,927: Total time for which application threads were stopped: 0,0003423 seconds, Stopping threads took: 0,0000193 seconds
2017-08-05T16:08:26.731+0200: 4,066: Total time for which application threads were stopped: 0,0003286 seconds, Stopping threads took: 0,0000505 seconds
2017-08-05T16:08:26.755+0200: 4,090: Total time for which application threads were stopped: 0,0001897 seconds, Stopping threads took: 0,0000830 seconds
2017-08-05T16:08:26.757+0200: 4,092: Total time for which application threads were stopped: 0,0001403 seconds, Stopping threads took: 0,0000637 seconds
2017-08-05T16:08:26.761+0200: 4,096: Total time for which application threads were stopped: 0,0001288 seconds, Stopping threads took: 0,0000502 seconds
2017-08-05T16:08:26.833+0200: 4,168: Total time for which application threads were stopped: 0,0058016 seconds, Stopping threads took: 0,0057103 seconds
2017-08-05T16:08:26.861+0200: 4,196: Total time for which application threads were stopped: 0,0001280 seconds, Stopping threads took: 0,0000454 seconds
2017-08-05T16:08:26.862+0200: 4,197: Total time for which application threads were stopped: 0,0001265 seconds, Stopping threads took: 0,0000462 seconds
2017-08-05T16:08:26.862+0200: 4,197: Total time for which application threads were stopped: 0,0000801 seconds, Stopping threads took: 0,0000224 seconds
2017-08-05T16:08:26.863+0200: 4,198: Total time for which application threads were stopped: 0,0001241 seconds, Stopping threads took: 0,0000612 seconds
2017-08-05T16:08:26.863+0200: 4,198: Total time for which application threads were stopped: 0,0000676 seconds, Stopping threads took: 0,0000283 seconds
2017-08-05T16:08:26.863+0200: 4,198: Total time for which application threads were stopped: 0,0000601 seconds, Stopping threads took: 0,0000160 seconds
2017-08-05T16:08:26.863+0200: 4,198: Total time for which application threads were stopped: 0,0000510 seconds, Stopping threads took: 0,0000129 seconds
2017-08-05T16:08:26.863+0200: 4,198: Total time for which application threads were stopped: 0,0000440 seconds, Stopping threads took: 0,0000124 seconds
2017-08-05T16:08:26.863+0200: 4,198: Total time for which application threads were stopped: 0,0000525 seconds, Stopping threads took: 0,0000123 seconds
2017-08-05T16:08:26.863+0200: 4,198: Total time for which application threads were stopped: 0,0000405 seconds, Stopping threads took: 0,0000087 seconds
2017-08-05T16:08:26.864+0200: 4,199: Total time for which application threads were stopped: 0,0000414 seconds, Stopping threads took: 0,0000084 seconds
2017-08-05T16:08:26.864+0200: 4,199: Total time for which application threads were stopped: 0,0000404 seconds, Stopping threads took: 0,0000089 seconds
2017-08-05T16:08:26.864+0200: 4,199: Total time for which application threads were stopped: 0,0000401 seconds, Stopping threads took: 0,0000085 seconds
2017-08-05T16:08:26.864+0200: 4,199: Total time for which application threads were stopped: 0,0000638 seconds, Stopping threads took: 0,0000238 seconds
2017-08-05T16:08:26.864+0200: 4,199: Total time for which application threads were stopped: 0,0000399 seconds, Stopping threads took: 0,0000088 seconds
2017-08-05T16:08:26.864+0200: 4,199: Total time for which application threads were stopped: 0,0000418 seconds, Stopping threads took: 0,0000087 seconds
2017-08-05T16:08:26.864+0200: 4,199: Total time for which application threads were stopped: 0,0000381 seconds, Stopping threads took: 0,0000081 seconds
2017-08-05T16:08:26.864+0200: 4,199: Total time for which application threads were stopped: 0,0000370 seconds, Stopping threads took: 0,0000078 seconds
2017-08-05T16:08:26.865+0200: 4,200: Total time for which application threads were stopped: 0,0001072 seconds, Stopping threads took: 0,0000087 seconds
2017-08-05T16:08:26.866+0200: 4,201: Total time for which application threads were stopped: 0,0001287 seconds, Stopping threads took: 0,0000398 seconds
2017-08-05T16:08:26.867+0200: 4,202: Total time for which application threads were stopped: 0,0000651 seconds, Stopping threads took: 0,0000098 seconds
2017-08-05T16:08:26.867+0200: 4,202: Total time for which application threads were stopped: 0,0000693 seconds, Stopping threads took: 0,0000112 seconds
2017-08-05T16:08:26.867+0200: 4,202: Total time for which application threads were stopped: 0,0000599 seconds, Stopping threads took: 0,0000124 seconds
2017-08-05T16:08:26.867+0200: 4,202: Total time for which application threads were stopped: 0,0000618 seconds, Stopping threads took: 0,0000082 seconds
2017-08-05T16:08:26.871+0200: 4,206: Total time for which application threads were stopped: 0,0003716 seconds, Stopping threads took: 0,0002510 seconds
2017-08-05T16:08:26.872+0200: 4,207: Total time for which application threads were stopped: 0,0001129 seconds, Stopping threads took: 0,0000323 seconds
2017-08-05T16:08:26.872+0200: 4,207: Total time for which application threads were stopped: 0,0001502 seconds, Stopping threads took: 0,0000776 seconds
2017-08-05T16:08:26.872+0200: 4,207: Total time for which application threads were stopped: 0,0000770 seconds, Stopping threads took: 0,0000348 seconds
2017-08-05T16:08:26.872+0200: 4,207: Total time for which application threads were stopped: 0,0000654 seconds, Stopping threads took: 0,0000283 seconds
2017-08-05T16:08:26.872+0200: 4,207: Total time for which application threads were stopped: 0,0000764 seconds, Stopping threads took: 0,0000286 seconds
2017-08-05T16:08:26.872+0200: 4,208: Total time for which application threads were stopped: 0,0000514 seconds, Stopping threads took: 0,0000174 seconds
2017-08-05T16:08:26.873+0200: 4,208: Total time for which application threads were stopped: 0,0000925 seconds, Stopping threads took: 0,0000586 seconds
2017-08-05T16:08:26.873+0200: 4,208: Total time for which application threads were stopped: 0,0000571 seconds, Stopping threads took: 0,0000240 seconds
2017-08-05T16:08:26.873+0200: 4,208: Total time for which application threads were stopped: 0,0000429 seconds, Stopping threads took: 0,0000153 seconds
2017-08-05T16:08:26.873+0200: 4,208: Total time for which application threads were stopped: 0,0000575 seconds, Stopping threads took: 0,0000148 seconds
2017-08-05T16:08:26.873+0200: 4,208: Total time for which application threads were stopped: 0,0000461 seconds, Stopping threads took: 0,0000082 seconds
2017-08-05T16:08:26.875+0200: 4,210: Total time for which application threads were stopped: 0,0001372 seconds, Stopping threads took: 0,0000490 seconds
2017-08-05T16:08:26.875+0200: 4,210: Total time for which application threads were stopped: 0,0001132 seconds, Stopping threads took: 0,0000289 seconds
2017-08-05T16:08:26.876+0200: 4,211: Total time for which application threads were stopped: 0,0001586 seconds, Stopping threads took: 0,0000932 seconds
2017-08-05T16:08:26.876+0200: 4,211: Total time for which application threads were stopped: 0,0000615 seconds, Stopping threads took: 0,0000225 seconds
2017-08-05T16:08:26.876+0200: 4,211: Total time for which application threads were stopped: 0,0000657 seconds, Stopping threads took: 0,0000209 seconds
2017-08-05T16:08:26.876+0200: 4,211: Total time for which application threads were stopped: 0,0000567 seconds, Stopping threads took: 0,0000249 seconds
2017-08-05T16:08:26.876+0200: 4,211: Total time for which application threads were stopped: 0,0000486 seconds, Stopping threads took: 0,0000171 seconds
2017-08-05T16:08:26.878+0200: 4,213: Total time for which application threads were stopped: 0,0015579 seconds, Stopping threads took: 0,0014370 seconds
2017-08-05T16:08:26.878+0200: 4,213: Total time for which application threads were stopped: 0,0000884 seconds, Stopping threads took: 0,0000228 seconds
2017-08-05T16:08:26.879+0200: 4,214: Total time for which application threads were stopped: 0,0001695 seconds, Stopping threads took: 0,0000629 seconds
2017-08-05T16:08:26.879+0200: 4,214: Total time for which application threads were stopped: 0,0000858 seconds, Stopping threads took: 0,0000243 seconds
2017-08-05T16:08:26.880+0200: 4,215: Total time for which application threads were stopped: 0,0000736 seconds, Stopping threads took: 0,0000181 seconds
2017-08-05T16:08:26.880+0200: 4,215: Total time for which application threads were stopped: 0,0000961 seconds, Stopping threads took: 0,0000243 seconds
2017-08-05T16:08:26.880+0200: 4,215: Total time for which application threads were stopped: 0,0000960 seconds, Stopping threads took: 0,0000328 seconds
2017-08-05T16:08:26.880+0200: 4,215: Total time for which application threads were stopped: 0,0001371 seconds, Stopping threads took: 0,0000816 seconds
2017-08-05T16:08:26.886+0200: 4,221: Total time for which application threads were stopped: 0,0001220 seconds, Stopping threads took: 0,0000375 seconds
2017-08-05T16:08:26.887+0200: 4,222: Total time for which application threads were stopped: 0,0003273 seconds, Stopping threads took: 0,0000119 seconds
2017-08-05T16:08:26.890+0200: 4,225: Total time for which application threads were stopped: 0,0014957 seconds, Stopping threads took: 0,0014219 seconds
2017-08-05T16:08:26.890+0200: 4,225: Total time for which application threads were stopped: 0,0000749 seconds, Stopping threads took: 0,0000210 seconds
2017-08-05T16:08:26.890+0200: 4,225: Total time for which application threads were stopped: 0,0000814 seconds, Stopping threads took: 0,0000157 seconds
2017-08-05T16:08:26.891+0200: 4,226: Total time for which application threads were stopped: 0,0001193 seconds, Stopping threads took: 0,0000572 seconds
2017-08-05T16:08:26.892+0200: 4,227: Total time for which application threads were stopped: 0,0002533 seconds, Stopping threads took: 0,0000562 seconds
2017-08-05T16:08:26.893+0200: 4,228: Total time for which application threads were stopped: 0,0001067 seconds, Stopping threads took: 0,0000388 seconds
2017-08-05T16:08:26.898+0200: 4,233: Total time for which application threads were stopped: 0,0001224 seconds, Stopping threads took: 0,0000353 seconds
2017-08-05T16:08:26.898+0200: 4,233: Total time for which application threads were stopped: 0,0000491 seconds, Stopping threads took: 0,0000206 seconds
2017-08-05T16:08:26.898+0200: 4,233: Total time for which application threads were stopped: 0,0000546 seconds, Stopping threads took: 0,0000184 seconds
2017-08-05T16:08:26.898+0200: 4,233: Total time for which application threads were stopped: 0,0001062 seconds, Stopping threads took: 0,0000360 seconds
2017-08-05T16:08:26.900+0200: 4,235: Total time for which application threads were stopped: 0,0013685 seconds, Stopping threads took: 0,0012721 seconds
2017-08-05T16:08:26.900+0200: 4,235: Total time for which application threads were stopped: 0,0001310 seconds, Stopping threads took: 0,0000849 seconds
2017-08-05T16:08:26.901+0200: 4,236: Total time for which application threads were stopped: 0,0001220 seconds, Stopping threads took: 0,0000833 seconds
2017-08-05T16:08:26.901+0200: 4,236: Total time for which application threads were stopped: 0,0001405 seconds, Stopping threads took: 0,0000613 seconds
2017-08-05T16:08:26.901+0200: 4,236: Total time for which application threads were stopped: 0,0001388 seconds, Stopping threads took: 0,0000982 seconds
2017-08-05T16:08:26.902+0200: 4,237: Total time for which application threads were stopped: 0,0000633 seconds, Stopping threads took: 0,0000337 seconds
2017-08-05T16:08:26.902+0200: 4,237: Total time for which application threads were stopped: 0,0000717 seconds, Stopping threads took: 0,0000186 seconds
2017-08-05T16:08:26.902+0200: 4,237: Total time for which application threads were stopped: 0,0000470 seconds, Stopping threads took: 0,0000189 seconds
2017-08-05T16:08:26.902+0200: 4,237: Total time for which application threads were stopped: 0,0001659 seconds, Stopping threads took: 0,0001104 seconds
2017-08-05T16:08:26.903+0200: 4,238: Total time for which application threads were stopped: 0,0003365 seconds, Stopping threads took: 0,0002960 seconds
2017-08-05T16:08:26.908+0200: 4,243: Total time for which application threads were stopped: 0,0004173 seconds, Stopping threads took: 0,0000370 seconds
2017-08-05T16:08:26.926+0200: 4,261: Total time for which application threads were stopped: 0,0001218 seconds, Stopping threads took: 0,0000437 seconds
2017-08-05T16:08:26.926+0200: 4,261: Total time for which application threads were stopped: 0,0000683 seconds, Stopping threads took: 0,0000195 seconds
2017-08-05T16:08:26.928+0200: 4,263: Total time for which application threads were stopped: 0,0001242 seconds, Stopping threads took: 0,0000494 seconds
2017-08-05T16:08:26.928+0200: 4,263: Total time for which application threads were stopped: 0,0000601 seconds, Stopping threads took: 0,0000156 seconds
2017-08-05T16:08:26.928+0200: 4,263: Total time for which application threads were stopped: 0,0000591 seconds, Stopping threads took: 0,0000200 seconds
2017-08-05T16:08:26.928+0200: 4,264: Total time for which application threads were stopped: 0,0000510 seconds, Stopping threads took: 0,0000135 seconds
2017-08-05T16:08:26.929+0200: 4,264: Total time for which application threads were stopped: 0,0001274 seconds, Stopping threads took: 0,0000197 seconds
2017-08-05T16:08:26.931+0200: 4,266: Total time for which application threads were stopped: 0,0001277 seconds, Stopping threads took: 0,0000555 seconds
2017-08-05T16:08:26.944+0200: 4,279: Total time for which application threads were stopped: 0,0000786 seconds, Stopping threads took: 0,0000222 seconds
2017-08-05T16:08:26.944+0200: 4,280: Total time for which application threads were stopped: 0,0001124 seconds, Stopping threads took: 0,0000561 seconds
2017-08-05T16:08:26.945+0200: 4,280: Total time for which application threads were stopped: 0,0000900 seconds, Stopping threads took: 0,0000491 seconds
2017-08-05T16:08:26.950+0200: 4,285: Total time for which application threads were stopped: 0,0019561 seconds, Stopping threads took: 0,0018662 seconds
2017-08-05T16:08:26.954+0200: 4,289: Total time for which application threads were stopped: 0,0001466 seconds, Stopping threads took: 0,0000666 seconds
2017-08-05T16:08:26.954+0200: 4,289: Total time for which application threads were stopped: 0,0001163 seconds, Stopping threads took: 0,0000674 seconds
{Heap before GC invocations=6 (full 1):
 par new generation   total 109248K, used 105654K [0x00000000e0000000, 0x00000000e8000000, 0x00000000e8000000)
  eden space 87424K, 100% used [0x00000000e0000000, 0x00000000e5560000, 0x00000000e5560000)
  from space 21824K,  83% used [0x00000000e5560000, 0x00000000e672d880, 0x00000000e6ab0000)
  to   space 21824K,   0% used [0x00000000e6ab0000, 0x00000000e6ab0000, 0x00000000e8000000)
 concurrent mark-sweep generation total 393216K, used 0K [0x00000000e8000000, 0x0000000100000000, 0x0000000100000000)
 Metaspace       used 23666K, capacity 24108K, committed 24316K, reserved 1071104K
  class space    used 2777K, capacity 2979K, committed 3068K, reserved 1048576K
2017-08-05T16:08:27.042+0200: 4,377: [GC (Allocation Failure) 2017-08-05T16:08:27.042+0200: 4,377: [ParNew
Desired survivor size 20112992 bytes, new threshold 8 (max 8)
- age   1:    5026984 bytes,    5026984 total
- age   2:     118840 bytes,    5145824 total
- age   4:     173320 bytes,    5319144 total
- age   5:     309080 bytes,    5628224 total
- age   6:     840240 bytes,    6468464 total
- age   7:    6600496 bytes,   13068960 total
: 105654K->15771K(109248K), 0,0190816 secs] 105654K->15771K(502464K), 0,0191760 secs] [Times: user=0,04 sys=0,01, real=0,02 secs] 
Heap after GC invocations=7 (full 1):
 par new generation   total 109248K, used 15771K [0x00000000e0000000, 0x00000000e8000000, 0x00000000e8000000)
  eden space 87424K,   0% used [0x00000000e0000000, 0x00000000e0000000, 0x00000000e5560000)
  from space 21824K,  72% used [0x00000000e6ab0000, 0x00000000e7a16fc8, 0x00000000e8000000)
  to   space 21824K,   0% used [0x00000000e5560000, 0x00000000e5560000, 0x00000000e6ab0000)
 concurrent mark-sweep generation total 393216K, used 0K [0x00000000e8000000, 0x0000000100000000, 0x0000000100000000)
 Metaspace       used 23666K, capacity 24108K, committed 24316K, reserved 1071104K
  class space    used 2777K, capacity 2979K, committed 3068K, reserved 1048576K
}
2017-08-05T16:08:27.061+0200: 4,396: Total time for which application threads were stopped: 0,0195989 seconds, Stopping threads took: 0,0000623 seconds
2017-08-05T16:08:27.066+0200: 4,402: Total time for which application threads were stopped: 0,0005592 seconds, Stopping threads took: 0,0004693 seconds
2017-08-05T16:08:27.069+0200: 4,404: Total time for which application threads were stopped: 0,0001193 seconds, Stopping threads took: 0,0000456 seconds
{Heap before GC invocations=7 (full 1):
 par new generation   total 109248K, used 103195K [0x00000000e0000000, 0x00000000e8000000, 0x00000000e8000000)
  eden space 87424K, 100% used [0x00000000e0000000, 0x00000000e5560000, 0x00000000e5560000)
  from space 21824K,  72% used [0x00000000e6ab0000, 0x00000000e7a16fc8, 0x00000000e8000000)
  to   space 21824K,   0% used [0x00000000e5560000, 0x00000000e5560000, 0x00000000e6ab0000)
 concurrent mark-sweep generation total 393216K, used 0K [0x00000000e8000000, 0x0000000100000000, 0x0000000100000000)
 Metaspace       used 24483K, capacity 24962K, committed 25084K, reserved 1071104K
  class space    used 2866K, capacity 3047K, committed 3068K, reserved 1048576K
2017-08-05T16:08:27.205+0200: 4,540: [GC (Allocation Failure) 2017-08-05T16:08:27.205+0200: 4,540: [ParNew
Desired survivor size 20112992 bytes, new threshold 8 (max 8)
- age   1:    1940376 bytes,    1940376 total
- age   2:    1749784 bytes,    3690160 total
- age   3:      59536 bytes,    3749696 total
- age   5:     102512 bytes,    3852208 total
- age   6:     185520 bytes,    4037728 total
- age   7:     819824 bytes,    4857552 total
- age   8:    6068040 bytes,   10925592 total
: 103195K->16141K(109248K), 0,0124441 secs] 103195K->16141K(502464K), 0,0125307 secs] [Times: user=0,04 sys=0,00, real=0,01 secs] 
Heap after GC invocations=8 (full 1):
 par new generation   total 109248K, used 16141K [0x00000000e0000000, 0x00000000e8000000, 0x00000000e8000000)
  eden space 87424K,   0% used [0x00000000e0000000, 0x00000000e0000000, 0x00000000e5560000)
  from space 21824K,  73% used [0x00000000e5560000, 0x00000000e65236f0, 0x00000000e6ab0000)
  to   space 21824K,   0% used [0x00000000e6ab0000, 0x00000000e6ab0000, 0x00000000e8000000)
 concurrent mark-sweep generation total 393216K, used 0K [0x00000000e8000000, 0x0000000100000000, 0x0000000100000000)
 Metaspace       used 24483K, capacity 24962K, committed 25084K, reserved 1071104K
  class space    used 2866K, capacity 3047K, committed 3068K, reserved 1048576K
}
2017-08-05T16:08:27.217+0200: 4,553: Total time for which application threads were stopped: 0,0127682 seconds, Stopping threads took: 0,0000398 seconds
2017-08-05T16:08:27.218+0200: 4,553: Total time for which application threads were stopped: 0,0001519 seconds, Stopping threads took: 0,0000382 seconds
2017-08-05T16:08:27.218+0200: 4,553: Total time for which application threads were stopped: 0,0000612 seconds, Stopping threads took: 0,0000106 seconds
2017-08-05T16:08:27.218+0200: 4,553: Total time for which application threads were stopped: 0,0000414 seconds, Stopping threads took: 0,0000085 seconds
{Heap before GC invocations=8 (full 1):
 par new generation   total 109248K, used 103558K [0x00000000e0000000, 0x00000000e8000000, 0x00000000e8000000)
  eden space 87424K,  99% used [0x00000000e0000000, 0x00000000e555e160, 0x00000000e5560000)
  from space 21824K,  73% used [0x00000000e5560000, 0x00000000e65236f0, 0x00000000e6ab0000)
  to   space 21824K,   0% used [0x00000000e6ab0000, 0x00000000e6ab0000, 0x00000000e8000000)
 concurrent mark-sweep generation total 393216K, used 0K [0x00000000e8000000, 0x0000000100000000, 0x0000000100000000)
 Metaspace       used 24790K, capacity 25260K, committed 25468K, reserved 1071104K
  class space    used 2892K, capacity 3081K, committed 3196K, reserved 1048576K
2017-08-05T16:08:27.298+0200: 4,633: [GC (Allocation Failure) 2017-08-05T16:08:27.298+0200: 4,633: [ParNew
Desired survivor size 20112992 bytes, new threshold 8 (max 8)
- age   1:     950064 bytes,     950064 total
- age   2:     968400 bytes,    1918464 total
- age   3:    1727536 bytes,    3646000 total
- age   4:      59536 bytes,    3705536 total
- age   6:     102512 bytes,    3808048 total
- age   7:     185520 bytes,    3993568 total
- age   8:     819824 bytes,    4813392 total
: 103558K->6697K(109248K), 0,0484821 secs] 103558K->13220K(502464K), 0,0485760 secs] [Times: user=0,10 sys=0,00, real=0,05 secs] 
Heap after GC invocations=9 (full 1):
 par new generation   total 109248K, used 6697K [0x00000000e0000000, 0x00000000e8000000, 0x00000000e8000000)
  eden space 87424K,   0% used [0x00000000e0000000, 0x00000000e0000000, 0x00000000e5560000)
  from space 21824K,  30% used [0x00000000e6ab0000, 0x00000000e713a448, 0x00000000e8000000)
  to   space 21824K,   0% used [0x00000000e5560000, 0x00000000e5560000, 0x00000000e6ab0000)
 concurrent mark-sweep generation total 393216K, used 6523K [0x00000000e8000000, 0x0000000100000000, 0x0000000100000000)
 Metaspace       used 24790K, capacity 25260K, committed 25468K, reserved 1071104K
  class space    used 2892K, capacity 3081K, committed 3196K, reserved 1048576K
}
2017-08-05T16:08:27.347+0200: 4,682: Total time for which application threads were stopped: 0,0490368 seconds, Stopping threads took: 0,0002791 seconds
2017-08-05T16:08:27.444+0200: 4,779: Total time for which application threads were stopped: 0,0001703 seconds, Stopping threads took: 0,0000608 seconds
2017-08-05T16:08:27.447+0200: 4,782: Total time for which application threads were stopped: 0,0001442 seconds, Stopping threads took: 0,0000499 seconds
2017-08-05T16:08:27.448+0200: 4,783: Total time for which application threads were stopped: 0,0001124 seconds, Stopping threads took: 0,0000349 seconds
2017-08-05T16:08:27.448+0200: 4,783: Total time for which application threads were stopped: 0,0001249 seconds, Stopping threads took: 0,0000444 seconds
2017-08-05T16:08:27.512+0200: 4,847: Total time for which application threads were stopped: 0,0001172 seconds, Stopping threads took: 0,0000407 seconds
2017-08-05T16:08:27.514+0200: 4,849: Total time for which application threads were stopped: 0,0001361 seconds, Stopping threads took: 0,0000488 seconds
2017-08-05T16:08:27.514+0200: 4,849: Total time for which application threads were stopped: 0,0000541 seconds, Stopping threads took: 0,0000120 seconds
2017-08-05T16:08:27.523+0200: 4,858: Total time for which application threads were stopped: 0,0001290 seconds, Stopping threads took: 0,0000371 seconds
2017-08-05T16:08:27.524+0200: 4,859: Total time for which application threads were stopped: 0,0000952 seconds, Stopping threads took: 0,0000216 seconds
2017-08-05T16:08:27.547+0200: 4,882: Total time for which application threads were stopped: 0,0002001 seconds, Stopping threads took: 0,0001170 seconds
2017-08-05T16:08:27.563+0200: 4,898: Total time for which application threads were stopped: 0,0000969 seconds, Stopping threads took: 0,0000273 seconds
2017-08-05T16:08:27.602+0200: 4,937: Total time for which application threads were stopped: 0,0001980 seconds, Stopping threads took: 0,0000778 seconds
2017-08-05T16:08:27.614+0200: 4,949: Total time for which application threads were stopped: 0,0004155 seconds, Stopping threads took: 0,0000220 seconds
2017-08-05T16:08:27.630+0200: 4,965: Total time for which application threads were stopped: 0,0004143 seconds, Stopping threads took: 0,0000453 seconds
2017-08-05T16:08:27.696+0200: 5,031: Total time for which application threads were stopped: 0,0005493 seconds, Stopping threads took: 0,0000322 seconds
2017-08-05T16:08:27.720+0200: 5,055: Total time for which application threads were stopped: 0,0002490 seconds, Stopping threads took: 0,0001795 seconds
2017-08-05T16:08:27.720+0200: 5,055: Total time for which application threads were stopped: 0,0001182 seconds, Stopping threads took: 0,0000373 seconds
2017-08-05T16:08:27.730+0200: 5,065: Total time for which application threads were stopped: 0,0039904 seconds, Stopping threads took: 0,0038922 seconds
2017-08-05T16:08:27.742+0200: 5,077: Total time for which application threads were stopped: 0,0034894 seconds, Stopping threads took: 0,0033466 seconds
2017-08-05T16:08:27.750+0200: 5,085: Total time for which application threads were stopped: 0,0001180 seconds, Stopping threads took: 0,0000464 seconds
2017-08-05T16:08:27.763+0200: 5,098: Total time for which application threads were stopped: 0,0001533 seconds, Stopping threads took: 0,0000636 seconds
2017-08-05T16:08:27.766+0200: 5,101: Total time for which application threads were stopped: 0,0001390 seconds, Stopping threads took: 0,0000668 seconds
{Heap before GC invocations=9 (full 1):
 par new generation   total 109248K, used 92140K [0x00000000e0000000, 0x00000000e8000000, 0x00000000e8000000)
  eden space 87424K,  97% used [0x00000000e0000000, 0x00000000e5370e58, 0x00000000e5560000)
  from space 21824K,  30% used [0x00000000e6ab0000, 0x00000000e713a448, 0x00000000e8000000)
  to   space 21824K,   0% used [0x00000000e5560000, 0x00000000e5560000, 0x00000000e6ab0000)
 concurrent mark-sweep generation total 393216K, used 6523K [0x00000000e8000000, 0x0000000100000000, 0x0000000100000000)
 Metaspace       used 27684K, capacity 28202K, committed 28540K, reserved 1075200K
  class space    used 3169K, capacity 3354K, committed 3452K, reserved 1048576K
2017-08-05T16:08:27.802+0200: 5,137: [GC (Allocation Failure) 2017-08-05T16:08:27.802+0200: 5,137: [ParNew
Desired survivor size 20112992 bytes, new threshold 8 (max 8)
- age   1:    8537248 bytes,    8537248 total
- age   2:     145744 bytes,    8682992 total
- age   3:     315888 bytes,    8998880 total
- age   4:    1720768 bytes,   10719648 total
- age   5:      59536 bytes,   10779184 total
- age   7:      99920 bytes,   10879104 total
- age   8:     184976 bytes,   11064080 total
: 92140K->11632K(109248K), 0,0135671 secs] 98664K->18968K(502464K), 0,0136385 secs] [Times: user=0,03 sys=0,01, real=0,01 secs] 
Heap after GC invocations=10 (full 1):
 par new generation   total 109248K, used 11632K [0x00000000e0000000, 0x00000000e8000000, 0x00000000e8000000)
  eden space 87424K,   0% used [0x00000000e0000000, 0x00000000e0000000, 0x00000000e5560000)
  from space 21824K,  53% used [0x00000000e5560000, 0x00000000e60bc3e0, 0x00000000e6ab0000)
  to   space 21824K,   0% used [0x00000000e6ab0000, 0x00000000e6ab0000, 0x00000000e8000000)
 concurrent mark-sweep generation total 393216K, used 7335K [0x00000000e8000000, 0x0000000100000000, 0x0000000100000000)
 Metaspace       used 27684K, capacity 28202K, committed 28540K, reserved 1075200K
  class space    used 3169K, capacity 3354K, committed 3452K, reserved 1048576K
}
2017-08-05T16:08:27.816+0200: 5,151: Total time for which application threads were stopped: 0,0144895 seconds, Stopping threads took: 0,0007222 seconds
2017-08-05T16:08:27.817+0200: 5,152: Total time for which application threads were stopped: 0,0000943 seconds, Stopping threads took: 0,0000336 seconds
2017-08-05T16:08:27.818+0200: 5,153: Total time for which application threads were stopped: 0,0001308 seconds, Stopping threads took: 0,0000792 seconds
2017-08-05T16:08:27.818+0200: 5,153: Total time for which application threads were stopped: 0,0000504 seconds, Stopping threads took: 0,0000202 seconds
2017-08-05T16:08:27.818+0200: 5,153: Total time for which application threads were stopped: 0,0000385 seconds, Stopping threads took: 0,0000127 seconds
2017-08-05T16:08:27.840+0200: 5,175: Total time for which application threads were stopped: 0,0001158 seconds, Stopping threads took: 0,0000361 seconds
2017-08-05T16:08:27.841+0200: 5,176: Total time for which application threads were stopped: 0,0004408 seconds, Stopping threads took: 0,0000159 seconds
2017-08-05T16:08:27.842+0200: 5,177: Total time for which application threads were stopped: 0,0001027 seconds, Stopping threads took: 0,0000332 seconds
2017-08-05T16:08:27.874+0200: 5,209: Total time for which application threads were stopped: 0,0033908 seconds, Stopping threads took: 0,0032388 seconds
2017-08-05T16:09:45.886+0200: 83,221: Total time for which application threads were stopped: 0,0001832 seconds, Stopping threads took: 0,0000349 seconds
2017-08-05T16:10:20.892+0200: 118,227: Total time for which application threads were stopped: 0,0001699 seconds, Stopping threads took: 0,0000697 seconds
2017-08-05T16:10:24.892+0200: 122,228: Total time for which application threads were stopped: 0,0000665 seconds, Stopping threads took: 0,0000169 seconds
2017-08-05T16:11:24.902+0200: 182,237: Total time for which application threads were stopped: 0,0000959 seconds, Stopping threads took: 0,0000382 seconds
2017-08-05T16:12:54.915+0200: 272,250: Total time for which application threads were stopped: 0,0000855 seconds, Stopping threads took: 0,0000340 seconds
2017-08-05T16:13:00.915+0200: 278,250: Total time for which application threads were stopped: 0,0000881 seconds, Stopping threads took: 0,0000311 seconds
2017-08-05T16:28:44.005+0200: 1221,340: Total time for which application threads were stopped: 0,0001007 seconds, Stopping threads took: 0,0000195 seconds
2017-08-05T16:28:44.009+0200: 1221,344: Total time for which application threads were stopped: 0,0001072 seconds, Stopping threads took: 0,0000177 seconds
2017-08-05T16:28:44.011+0200: 1221,346: Total time for which application threads were stopped: 0,0001248 seconds, Stopping threads took: 0,0000220 seconds
2017-08-05T16:28:44.014+0200: 1221,349: Total time for which application threads were stopped: 0,0000996 seconds, Stopping threads took: 0,0000190 seconds
2017-08-05T16:28:44.015+0200: 1221,350: Total time for which application threads were stopped: 0,0000976 seconds, Stopping threads took: 0,0000218 seconds
2017-08-05T16:28:44.018+0200: 1221,353: Total time for which application threads were stopped: 0,0001014 seconds, Stopping threads took: 0,0000239 seconds
2017-08-05T16:28:44.024+0200: 1221,359: Total time for which application threads were stopped: 0,0001150 seconds, Stopping threads took: 0,0000210 seconds
2017-08-05T16:28:44.025+0200: 1221,360: Total time for which application threads were stopped: 0,0001542 seconds, Stopping threads took: 0,0000227 seconds
2017-08-05T16:28:44.026+0200: 1221,361: Total time for which application threads were stopped: 0,0001082 seconds, Stopping threads took: 0,0000216 seconds
2017-08-05T16:28:44.027+0200: 1221,362: Total time for which application threads were stopped: 0,0000954 seconds, Stopping threads took: 0,0000173 seconds
2017-08-05T16:28:44.029+0200: 1221,364: Total time for which application threads were stopped: 0,0001155 seconds, Stopping threads took: 0,0000224 seconds
2017-08-05T16:28:44.030+0200: 1221,365: Total time for which application threads were stopped: 0,0000882 seconds, Stopping threads took: 0,0000147 seconds
2017-08-05T16:28:44.031+0200: 1221,367: Total time for which application threads were stopped: 0,0000994 seconds, Stopping threads took: 0,0000224 seconds
2017-08-05T16:28:44.033+0200: 1221,368: Total time for which application threads were stopped: 0,0001037 seconds, Stopping threads took: 0,0000201 seconds
2017-08-05T16:28:44.034+0200: 1221,369: Total time for which application threads were stopped: 0,0000903 seconds, Stopping threads took: 0,0000147 seconds
2017-08-05T16:28:44.038+0200: 1221,373: Total time for which application threads were stopped: 0,0001084 seconds, Stopping threads took: 0,0000206 seconds
2017-08-05T16:28:44.042+0200: 1221,377: Total time for which application threads were stopped: 0,0001054 seconds, Stopping threads took: 0,0000178 seconds
2017-08-05T16:28:44.053+0200: 1221,388: Total time for which application threads were stopped: 0,0008827 seconds, Stopping threads took: 0,0000197 seconds
2017-08-05T16:28:44.057+0200: 1221,392: Total time for which application threads were stopped: 0,0000871 seconds, Stopping threads took: 0,0000186 seconds
2017-08-05T16:28:44.080+0200: 1221,415: Total time for which application threads were stopped: 0,0000850 seconds, Stopping threads took: 0,0000153 seconds
2017-08-05T16:28:44.084+0200: 1221,419: Total time for which application threads were stopped: 0,0000771 seconds, Stopping threads took: 0,0000207 seconds
2017-08-05T16:28:44.086+0200: 1221,421: Total time for which application threads were stopped: 0,0001036 seconds, Stopping threads took: 0,0000183 seconds
2017-08-05T16:28:44.087+0200: 1221,422: Total time for which application threads were stopped: 0,0002969 seconds, Stopping threads took: 0,0002266 seconds
2017-08-05T16:28:44.087+0200: 1221,422: Total time for which application threads were stopped: 0,0000782 seconds, Stopping threads took: 0,0000339 seconds
2017-08-05T16:28:44.087+0200: 1221,423: Total time for which application threads were stopped: 0,0003142 seconds, Stopping threads took: 0,0002589 seconds
2017-08-05T16:28:44.088+0200: 1221,423: Total time for which application threads were stopped: 0,0000599 seconds, Stopping threads took: 0,0000231 seconds
2017-08-05T16:28:44.088+0200: 1221,423: Total time for which application threads were stopped: 0,0001890 seconds, Stopping threads took: 0,0001386 seconds
2017-08-05T16:28:44.092+0200: 1221,427: Total time for which application threads were stopped: 0,0042245 seconds, Stopping threads took: 0,0029652 seconds
2017-08-05T16:28:44.092+0200: 1221,427: Total time for which application threads were stopped: 0,0000795 seconds, Stopping threads took: 0,0000129 seconds
2017-08-05T16:28:44.092+0200: 1221,427: Total time for which application threads were stopped: 0,0000557 seconds, Stopping threads took: 0,0000074 seconds
2017-08-05T16:28:44.096+0200: 1221,431: Total time for which application threads were stopped: 0,0018280 seconds, Stopping threads took: 0,0017427 seconds
2017-08-05T16:28:44.097+0200: 1221,432: Total time for which application threads were stopped: 0,0000751 seconds, Stopping threads took: 0,0000172 seconds
2017-08-05T16:28:44.097+0200: 1221,432: Total time for which application threads were stopped: 0,0000631 seconds, Stopping threads took: 0,0000092 seconds
2017-08-05T16:28:44.098+0200: 1221,433: Total time for which application threads were stopped: 0,0003691 seconds, Stopping threads took: 0,0002783 seconds
2017-08-05T16:28:44.100+0200: 1221,435: Total time for which application threads were stopped: 0,0000875 seconds, Stopping threads took: 0,0000208 seconds
2017-08-05T16:28:44.101+0200: 1221,436: Total time for which application threads were stopped: 0,0000694 seconds, Stopping threads took: 0,0000169 seconds
2017-08-05T16:28:44.103+0200: 1221,438: Total time for which application threads were stopped: 0,0001230 seconds, Stopping threads took: 0,0000394 seconds
2017-08-05T16:28:44.103+0200: 1221,438: Total time for which application threads were stopped: 0,0000522 seconds, Stopping threads took: 0,0000077 seconds
2017-08-05T16:28:44.103+0200: 1221,438: Total time for which application threads were stopped: 0,0000473 seconds, Stopping threads took: 0,0000061 seconds
2017-08-05T16:28:44.103+0200: 1221,438: Total time for which application threads were stopped: 0,0000439 seconds, Stopping threads took: 0,0000054 seconds
2017-08-05T16:28:44.105+0200: 1221,440: Total time for which application threads were stopped: 0,0002914 seconds, Stopping threads took: 0,0000320 seconds
2017-08-05T16:28:44.106+0200: 1221,441: Total time for which application threads were stopped: 0,0000787 seconds, Stopping threads took: 0,0000240 seconds
2017-08-05T16:28:44.106+0200: 1221,441: Total time for which application threads were stopped: 0,0000635 seconds, Stopping threads took: 0,0000176 seconds
2017-08-05T16:28:44.106+0200: 1221,441: Total time for which application threads were stopped: 0,0000511 seconds, Stopping threads took: 0,0000088 seconds
2017-08-05T16:28:44.106+0200: 1221,441: Total time for which application threads were stopped: 0,0000525 seconds, Stopping threads took: 0,0000074 seconds
2017-08-05T16:28:44.106+0200: 1221,441: Total time for which application threads were stopped: 0,0000442 seconds, Stopping threads took: 0,0000057 seconds
2017-08-05T16:28:44.107+0200: 1221,442: Total time for which application threads were stopped: 0,0001034 seconds, Stopping threads took: 0,0000286 seconds
2017-08-05T16:28:44.109+0200: 1221,444: Total time for which application threads were stopped: 0,0000862 seconds, Stopping threads took: 0,0000217 seconds
2017-08-05T16:28:44.109+0200: 1221,444: Total time for which application threads were stopped: 0,0000552 seconds, Stopping threads took: 0,0000082 seconds
2017-08-05T16:28:44.109+0200: 1221,445: Total time for which application threads were stopped: 0,0000471 seconds, Stopping threads took: 0,0000068 seconds
2017-08-05T16:28:44.110+0200: 1221,445: Total time for which application threads were stopped: 0,0001104 seconds, Stopping threads took: 0,0000059 seconds
2017-08-05T16:28:44.110+0200: 1221,445: Total time for which application threads were stopped: 0,0000645 seconds, Stopping threads took: 0,0000103 seconds
2017-08-05T16:28:44.111+0200: 1221,447: Total time for which application threads were stopped: 0,0000974 seconds, Stopping threads took: 0,0000133 seconds
2017-08-05T16:28:44.112+0200: 1221,447: Total time for which application threads were stopped: 0,0002264 seconds, Stopping threads took: 0,0000238 seconds
2017-08-05T16:28:44.122+0200: 1221,457: Total time for which application threads were stopped: 0,0001357 seconds, Stopping threads took: 0,0000327 seconds
2017-08-05T16:28:44.122+0200: 1221,457: Total time for which application threads were stopped: 0,0001466 seconds, Stopping threads took: 0,0000646 seconds
Heap
 par new generation   total 109248K, used 42786K [0x00000000e0000000, 0x00000000e8000000, 0x00000000e8000000)
  eden space 87424K,  35% used [0x00000000e0000000, 0x00000000e1e6c600, 0x00000000e5560000)
  from space 21824K,  53% used [0x00000000e5560000, 0x00000000e60bc3e0, 0x00000000e6ab0000)
  to   space 21824K,   0% used [0x00000000e6ab0000, 0x00000000e6ab0000, 0x00000000e8000000)
 concurrent mark-sweep generation total 393216K, used 7335K [0x00000000e8000000, 0x0000000100000000, 0x0000000100000000)
 Metaspace       used 28112K, capacity 28594K, committed 28796K, reserved 1075200K
  class space    used 3225K, capacity 3420K, committed 3452K, reserved 1048576K
