OpenJDK 64-Bit Server VM (25.131-b11) for linux-amd64 JRE (1.8.0_131-8u131-b11-0ubuntu1.16.04.2-b11), built on May  6 2017 02:45:27 by "buildd" with gcc 5.4.0 20160609
Memory: 4k page, physical 7867740k(7397528k free), swap 8076284k(8076284k free)
CommandLine flags: -XX:CMSInitiatingOccupancyFraction=50 -XX:CMSMaxAbortablePrecleanTime=6000 -XX:+CMSParallelRemarkEnabled -XX:+CMSScavengeBeforeRemark -XX:ConcGCThreads=4 -XX:InitialHeapSize=536870912 -XX:MaxHeapSize=536870912 -XX:MaxTenuringThreshold=8 -XX:NewRatio=3 -XX:OldPLABSize=16 -XX:OnOutOfMemoryError=/opt/solr/bin/oom_solr.sh 8983 /var/solr/logs -XX:ParallelGCThreads=4 -XX:+ParallelRefProcEnabled -XX:PretenureSizeThreshold=67108864 -XX:+PrintGC -XX:+PrintGCApplicationStoppedTime -XX:+PrintGCDateStamps -XX:+PrintGCDetails -XX:+PrintGCTimeStamps -XX:+PrintHeapAtGC -XX:+PrintTenuringDistribution -XX:SurvivorRatio=4 -XX:TargetSurvivorRatio=90 -XX:ThreadStackSize=256 -XX:+UseCMSInitiatingOccupancyOnly -XX:+UseCompressedClassPointers -XX:+UseCompressedOops -XX:+UseConcMarkSweepGC -XX:+UseParNewGC 
2017-06-10T13:44:14.556+0200: 0,148: Total time for which application threads were stopped: 0,0000683 seconds, Stopping threads took: 0,0000126 seconds
2017-06-10T13:44:14.664+0200: 0,255: Total time for which application threads were stopped: 0,0001031 seconds, Stopping threads took: 0,0000187 seconds
2017-06-10T13:44:14.678+0200: 0,270: Total time for which application threads were stopped: 0,0001329 seconds, Stopping threads took: 0,0000562 seconds
2017-06-10T13:44:14.884+0200: 0,475: Total time for which application threads were stopped: 0,0001479 seconds, Stopping threads took: 0,0000161 seconds
2017-06-10T13:44:15.263+0200: 0,854: Total time for which application threads were stopped: 0,0001388 seconds, Stopping threads took: 0,0000124 seconds
2017-06-10T13:44:15.392+0200: 0,983: Total time for which application threads were stopped: 0,0002228 seconds, Stopping threads took: 0,0000187 seconds
2017-06-10T13:44:15.467+0200: 1,058: Total time for which application threads were stopped: 0,0002593 seconds, Stopping threads took: 0,0000380 seconds
2017-06-10T13:44:15.771+0200: 1,362: Total time for which application threads were stopped: 0,0001716 seconds, Stopping threads took: 0,0000191 seconds
2017-06-10T13:44:16.010+0200: 1,601: Total time for which application threads were stopped: 0,0002443 seconds, Stopping threads took: 0,0000205 seconds
2017-06-10T13:44:16.038+0200: 1,629: Total time for which application threads were stopped: 0,0002264 seconds, Stopping threads took: 0,0000566 seconds
2017-06-10T13:44:16.075+0200: 1,667: Total time for which application threads were stopped: 0,0002072 seconds, Stopping threads took: 0,0000268 seconds
2017-06-10T13:44:16.076+0200: 1,668: Total time for which application threads were stopped: 0,0001741 seconds, Stopping threads took: 0,0000205 seconds
2017-06-10T13:44:16.094+0200: 1,686: Total time for which application threads were stopped: 0,0002078 seconds, Stopping threads took: 0,0000233 seconds
2017-06-10T13:44:16.216+0200: 1,807: Total time for which application threads were stopped: 0,0002405 seconds, Stopping threads took: 0,0000276 seconds
2017-06-10T13:44:16.388+0200: 1,979: Total time for which application threads were stopped: 0,0004354 seconds, Stopping threads took: 0,0002240 seconds
{Heap before GC invocations=0 (full 0):
 par new generation   total 109248K, used 87424K [0x00000000e0000000, 0x00000000e8000000, 0x00000000e8000000)
  eden space 87424K, 100% used [0x00000000e0000000, 0x00000000e5560000, 0x00000000e5560000)
  from space 21824K,   0% used [0x00000000e5560000, 0x00000000e5560000, 0x00000000e6ab0000)
  to   space 21824K,   0% used [0x00000000e6ab0000, 0x00000000e6ab0000, 0x00000000e8000000)
 concurrent mark-sweep generation total 393216K, used 0K [0x00000000e8000000, 0x0000000100000000, 0x0000000100000000)
 Metaspace       used 18045K, capacity 18336K, committed 18688K, reserved 1064960K
  class space    used 2039K, capacity 2196K, committed 2304K, reserved 1048576K
2017-06-10T13:44:16.485+0200: 2,076: [GC (Allocation Failure) 2017-06-10T13:44:16.485+0200: 2,076: [ParNew
Desired survivor size 20112992 bytes, new threshold 8 (max 8)
- age   1:   12618432 bytes,   12618432 total
: 87424K->12440K(109248K), 0,0158635 secs] 87424K->12440K(502464K), 0,0159484 secs] [Times: user=0,03 sys=0,03, real=0,01 secs] 
Heap after GC invocations=1 (full 0):
 par new generation   total 109248K, used 12440K [0x00000000e0000000, 0x00000000e8000000, 0x00000000e8000000)
  eden space 87424K,   0% used [0x00000000e0000000, 0x00000000e0000000, 0x00000000e5560000)
  from space 21824K,  57% used [0x00000000e6ab0000, 0x00000000e76d6150, 0x00000000e8000000)
  to   space 21824K,   0% used [0x00000000e5560000, 0x00000000e5560000, 0x00000000e6ab0000)
 concurrent mark-sweep generation total 393216K, used 0K [0x00000000e8000000, 0x0000000100000000, 0x0000000100000000)
 Metaspace       used 18045K, capacity 18336K, committed 18688K, reserved 1064960K
  class space    used 2039K, capacity 2196K, committed 2304K, reserved 1048576K
}
2017-06-10T13:44:16.501+0200: 2,092: Total time for which application threads were stopped: 0,0161958 seconds, Stopping threads took: 0,0000452 seconds
2017-06-10T13:44:16.800+0200: 2,392: Total time for which application threads were stopped: 0,0003293 seconds, Stopping threads took: 0,0000423 seconds
2017-06-10T13:44:16.846+0200: 2,438: Total time for which application threads were stopped: 0,0010017 seconds, Stopping threads took: 0,0007038 seconds
{Heap before GC invocations=1 (full 0):
 par new generation   total 109248K, used 99864K [0x00000000e0000000, 0x00000000e8000000, 0x00000000e8000000)
  eden space 87424K, 100% used [0x00000000e0000000, 0x00000000e5560000, 0x00000000e5560000)
  from space 21824K,  57% used [0x00000000e6ab0000, 0x00000000e76d6150, 0x00000000e8000000)
  to   space 21824K,   0% used [0x00000000e5560000, 0x00000000e5560000, 0x00000000e6ab0000)
 concurrent mark-sweep generation total 393216K, used 0K [0x00000000e8000000, 0x0000000100000000, 0x0000000100000000)
 Metaspace       used 20070K, capacity 20440K, committed 20736K, reserved 1067008K
  class space    used 2299K, capacity 2474K, committed 2560K, reserved 1048576K
2017-06-10T13:44:16.850+0200: 2,441: [GC (Allocation Failure) 2017-06-10T13:44:16.850+0200: 2,441: [ParNew
Desired survivor size 20112992 bytes, new threshold 8 (max 8)
- age   1:    3600000 bytes,    3600000 total
- age   2:    6670920 bytes,   10270920 total
: 99864K->11823K(109248K), 0,0144080 secs] 99864K->11823K(502464K), 0,0144833 secs] [Times: user=0,05 sys=0,00, real=0,01 secs] 
Heap after GC invocations=2 (full 0):
 par new generation   total 109248K, used 11823K [0x00000000e0000000, 0x00000000e8000000, 0x00000000e8000000)
  eden space 87424K,   0% used [0x00000000e0000000, 0x00000000e0000000, 0x00000000e5560000)
  from space 21824K,  54% used [0x00000000e5560000, 0x00000000e60ebdb0, 0x00000000e6ab0000)
  to   space 21824K,   0% used [0x00000000e6ab0000, 0x00000000e6ab0000, 0x00000000e8000000)
 concurrent mark-sweep generation total 393216K, used 0K [0x00000000e8000000, 0x0000000100000000, 0x0000000100000000)
 Metaspace       used 20070K, capacity 20440K, committed 20736K, reserved 1067008K
  class space    used 2299K, capacity 2474K, committed 2560K, reserved 1048576K
}
2017-06-10T13:44:16.864+0200: 2,456: Total time for which application threads were stopped: 0,0146632 seconds, Stopping threads took: 0,0000503 seconds
2017-06-10T13:44:16.921+0200: 2,513: Total time for which application threads were stopped: 0,0003590 seconds, Stopping threads took: 0,0000321 seconds
2017-06-10T13:44:17.060+0200: 2,651: Total time for which application threads were stopped: 0,0002353 seconds, Stopping threads took: 0,0000737 seconds
{Heap before GC invocations=2 (full 0):
 par new generation   total 109248K, used 99247K [0x00000000e0000000, 0x00000000e8000000, 0x00000000e8000000)
  eden space 87424K, 100% used [0x00000000e0000000, 0x00000000e5560000, 0x00000000e5560000)
  from space 21824K,  54% used [0x00000000e5560000, 0x00000000e60ebdb0, 0x00000000e6ab0000)
  to   space 21824K,   0% used [0x00000000e6ab0000, 0x00000000e6ab0000, 0x00000000e8000000)
 concurrent mark-sweep generation total 393216K, used 0K [0x00000000e8000000, 0x0000000100000000, 0x0000000100000000)
 Metaspace       used 21025K, capacity 21426K, committed 21628K, reserved 1069056K
  class space    used 2423K, capacity 2593K, committed 2684K, reserved 1048576K
2017-06-10T13:44:17.106+0200: 2,697: [GC (Allocation Failure) 2017-06-10T13:44:17.106+0200: 2,697: [ParNew
Desired survivor size 20112992 bytes, new threshold 8 (max 8)
- age   1:    2023912 bytes,    2023912 total
- age   2:     849584 bytes,    2873496 total
- age   3:    6665552 bytes,    9539048 total
: 99247K->14239K(109248K), 0,0116681 secs] 99247K->14239K(502464K), 0,0117350 secs] [Times: user=0,03 sys=0,00, real=0,01 secs] 
Heap after GC invocations=3 (full 0):
 par new generation   total 109248K, used 14239K [0x00000000e0000000, 0x00000000e8000000, 0x00000000e8000000)
  eden space 87424K,   0% used [0x00000000e0000000, 0x00000000e0000000, 0x00000000e5560000)
  from space 21824K,  65% used [0x00000000e6ab0000, 0x00000000e7897d70, 0x00000000e8000000)
  to   space 21824K,   0% used [0x00000000e5560000, 0x00000000e5560000, 0x00000000e6ab0000)
 concurrent mark-sweep generation total 393216K, used 0K [0x00000000e8000000, 0x0000000100000000, 0x0000000100000000)
 Metaspace       used 21025K, capacity 21426K, committed 21628K, reserved 1069056K
  class space    used 2423K, capacity 2593K, committed 2684K, reserved 1048576K
}
2017-06-10T13:44:17.118+0200: 2,709: Total time for which application threads were stopped: 0,0143952 seconds, Stopping threads took: 0,0025136 seconds
2017-06-10T13:44:17.126+0200: 2,718: [GC (CMS Initial Mark) [1 CMS-initial-mark: 0K(393216K)] 25229K(502464K), 0,0056453 secs] [Times: user=0,02 sys=0,00, real=0,01 secs] 
2017-06-10T13:44:17.132+0200: 2,723: Total time for which application threads were stopped: 0,0061925 seconds, Stopping threads took: 0,0004338 seconds
2017-06-10T13:44:17.132+0200: 2,723: [CMS-concurrent-mark-start]
2017-06-10T13:44:17.132+0200: 2,724: [CMS-concurrent-mark: 0,000/0,000 secs] [Times: user=0,00 sys=0,00, real=0,00 secs] 
2017-06-10T13:44:17.132+0200: 2,724: [CMS-concurrent-preclean-start]
2017-06-10T13:44:17.133+0200: 2,725: [CMS-concurrent-preclean: 0,001/0,001 secs] [Times: user=0,00 sys=0,00, real=0,00 secs] 
2017-06-10T13:44:17.134+0200: 2,725: [CMS-concurrent-abortable-preclean-start]
2017-06-10T13:44:17.182+0200: 2,773: Total time for which application threads were stopped: 0,0002162 seconds, Stopping threads took: 0,0000777 seconds
{Heap before GC invocations=3 (full 1):
 par new generation   total 109248K, used 101663K [0x00000000e0000000, 0x00000000e8000000, 0x00000000e8000000)
  eden space 87424K, 100% used [0x00000000e0000000, 0x00000000e5560000, 0x00000000e5560000)
  from space 21824K,  65% used [0x00000000e6ab0000, 0x00000000e7897d70, 0x00000000e8000000)
  to   space 21824K,   0% used [0x00000000e5560000, 0x00000000e5560000, 0x00000000e6ab0000)
 concurrent mark-sweep generation total 393216K, used 0K [0x00000000e8000000, 0x0000000100000000, 0x0000000100000000)
 Metaspace       used 21262K, capacity 21632K, committed 21884K, reserved 1069056K
  class space    used 2447K, capacity 2607K, committed 2684K, reserved 1048576K
2017-06-10T13:44:17.237+0200: 2,828: [GC (Allocation Failure) 2017-06-10T13:44:17.237+0200: 2,828: [ParNew
Desired survivor size 20112992 bytes, new threshold 8 (max 8)
- age   1:    1533960 bytes,    1533960 total
- age   2:    1459000 bytes,    2992960 total
- age   3:     820112 bytes,    3813072 total
- age   4:    6665736 bytes,   10478808 total
: 101663K->12930K(109248K), 0,0108003 secs] 101663K->12930K(502464K), 0,0108809 secs] [Times: user=0,04 sys=0,00, real=0,01 secs] 
Heap after GC invocations=4 (full 1):
 par new generation   total 109248K, used 12930K [0x00000000e0000000, 0x00000000e8000000, 0x00000000e8000000)
  eden space 87424K,   0% used [0x00000000e0000000, 0x00000000e0000000, 0x00000000e5560000)
  from space 21824K,  59% used [0x00000000e5560000, 0x00000000e6200b08, 0x00000000e6ab0000)
  to   space 21824K,   0% used [0x00000000e6ab0000, 0x00000000e6ab0000, 0x00000000e8000000)
 concurrent mark-sweep generation total 393216K, used 0K [0x00000000e8000000, 0x0000000100000000, 0x0000000100000000)
 Metaspace       used 21262K, capacity 21632K, committed 21884K, reserved 1069056K
  class space    used 2447K, capacity 2607K, committed 2684K, reserved 1048576K
}
2017-06-10T13:44:17.248+0200: 2,839: Total time for which application threads were stopped: 0,0111616 seconds, Stopping threads took: 0,0000926 seconds
{Heap before GC invocations=4 (full 1):
 par new generation   total 109248K, used 100354K [0x00000000e0000000, 0x00000000e8000000, 0x00000000e8000000)
  eden space 87424K, 100% used [0x00000000e0000000, 0x00000000e5560000, 0x00000000e5560000)
  from space 21824K,  59% used [0x00000000e5560000, 0x00000000e6200b08, 0x00000000e6ab0000)
  to   space 21824K,   0% used [0x00000000e6ab0000, 0x00000000e6ab0000, 0x00000000e8000000)
 concurrent mark-sweep generation total 393216K, used 0K [0x00000000e8000000, 0x0000000100000000, 0x0000000100000000)
 Metaspace       used 21500K, capacity 21868K, committed 21960K, reserved 1069056K
  class space    used 2478K, capacity 2641K, committed 2684K, reserved 1048576K
2017-06-10T13:44:17.349+0200: 2,940: [GC (Allocation Failure) 2017-06-10T13:44:17.349+0200: 2,940: [ParNew
Desired survivor size 20112992 bytes, new threshold 8 (max 8)
- age   1:     606280 bytes,     606280 total
- age   2:     175792 bytes,     782072 total
- age   3:    1457592 bytes,    2239664 total
- age   4:     818048 bytes,    3057712 total
- age   5:    6665848 bytes,    9723560 total
: 100354K->13275K(109248K), 0,0100155 secs] 100354K->13275K(502464K), 0,0100972 secs] [Times: user=0,03 sys=0,01, real=0,01 secs] 
Heap after GC invocations=5 (full 1):
 par new generation   total 109248K, used 13275K [0x00000000e0000000, 0x00000000e8000000, 0x00000000e8000000)
  eden space 87424K,   0% used [0x00000000e0000000, 0x00000000e0000000, 0x00000000e5560000)
  from space 21824K,  60% used [0x00000000e6ab0000, 0x00000000e77a6de0, 0x00000000e8000000)
  to   space 21824K,   0% used [0x00000000e5560000, 0x00000000e5560000, 0x00000000e6ab0000)
 concurrent mark-sweep generation total 393216K, used 0K [0x00000000e8000000, 0x0000000100000000, 0x0000000100000000)
 Metaspace       used 21500K, capacity 21868K, committed 21960K, reserved 1069056K
  class space    used 2478K, capacity 2641K, committed 2684K, reserved 1048576K
}
2017-06-10T13:44:17.359+0200: 2,950: Total time for which application threads were stopped: 0,0103468 seconds, Stopping threads took: 0,0001034 seconds
2017-06-10T13:44:17.359+0200: 2,950: [CMS-concurrent-abortable-preclean: 0,185/0,225 secs] [Times: user=0,85 sys=0,01, real=0,22 secs] 
2017-06-10T13:44:17.362+0200: 2,953: [GC (CMS Final Remark) [YG occupancy: 14728 K (109248 K)]{Heap before GC invocations=5 (full 1):
 par new generation   total 109248K, used 14728K [0x00000000e0000000, 0x00000000e8000000, 0x00000000e8000000)
  eden space 87424K,   1% used [0x00000000e0000000, 0x00000000e016b2f0, 0x00000000e5560000)
  from space 21824K,  60% used [0x00000000e6ab0000, 0x00000000e77a6de0, 0x00000000e8000000)
  to   space 21824K,   0% used [0x00000000e5560000, 0x00000000e5560000, 0x00000000e6ab0000)
 concurrent mark-sweep generation total 393216K, used 0K [0x00000000e8000000, 0x0000000100000000, 0x0000000100000000)
 Metaspace       used 21500K, capacity 21868K, committed 21960K, reserved 1069056K
  class space    used 2478K, capacity 2641K, committed 2684K, reserved 1048576K
2017-06-10T13:44:17.362+0200: 2,953: [GC (CMS Final Remark) 2017-06-10T13:44:17.362+0200: 2,953: [ParNew
Desired survivor size 20112992 bytes, new threshold 8 (max 8)
- age   1:       2936 bytes,       2936 total
- age   2:     409896 bytes,     412832 total
- age   3:     175792 bytes,     588624 total
- age   4:    1457592 bytes,    2046216 total
- age   5:     818048 bytes,    2864264 total
- age   6:    6665688 bytes,    9529952 total
: 14728K->11546K(109248K), 0,0090020 secs] 14728K->11546K(502464K), 0,0090487 secs] [Times: user=0,03 sys=0,00, real=0,01 secs] 
Heap after GC invocations=6 (full 1):
 par new generation   total 109248K, used 11546K [0x00000000e0000000, 0x00000000e8000000, 0x00000000e8000000)
  eden space 87424K,   0% used [0x00000000e0000000, 0x00000000e0000000, 0x00000000e5560000)
  from space 21824K,  52% used [0x00000000e5560000, 0x00000000e60a6a40, 0x00000000e6ab0000)
  to   space 21824K,   0% used [0x00000000e6ab0000, 0x00000000e6ab0000, 0x00000000e8000000)
 concurrent mark-sweep generation total 393216K, used 0K [0x00000000e8000000, 0x0000000100000000, 0x0000000100000000)
 Metaspace       used 21500K, capacity 21868K, committed 21960K, reserved 1069056K
  class space    used 2478K, capacity 2641K, committed 2684K, reserved 1048576K
}
2017-06-10T13:44:17.371+0200: 2,962: [Rescan (parallel) , 0,0032503 secs]2017-06-10T13:44:17.374+0200: 2,966: [weak refs processing, 0,0005332 secs]2017-06-10T13:44:17.375+0200: 2,966: [class unloading, 0,0029275 secs]2017-06-10T13:44:17.378+0200: 2,969: [scrub symbol table, 0,0029060 secs]2017-06-10T13:44:17.381+0200: 2,972: [scrub string table, 0,0003650 secs][1 CMS-remark: 0K(393216K)] 11546K(502464K), 0,0197244 secs] [Times: user=0,05 sys=0,00, real=0,01 secs] 
2017-06-10T13:44:17.382+0200: 2,973: Total time for which application threads were stopped: 0,0220800 seconds, Stopping threads took: 0,0022740 seconds
2017-06-10T13:44:17.382+0200: 2,973: [CMS-concurrent-sweep-start]
2017-06-10T13:44:17.382+0200: 2,973: [CMS-concurrent-sweep: 0,000/0,000 secs] [Times: user=0,00 sys=0,00, real=0,00 secs] 
2017-06-10T13:44:17.382+0200: 2,973: [CMS-concurrent-reset-start]
2017-06-10T13:44:17.384+0200: 2,975: [CMS-concurrent-reset: 0,002/0,002 secs] [Times: user=0,01 sys=0,00, real=0,01 secs] 
2017-06-10T13:44:17.403+0200: 2,994: Total time for which application threads were stopped: 0,0002931 seconds, Stopping threads took: 0,0000222 seconds
2017-06-10T13:44:17.652+0200: 3,243: Total time for which application threads were stopped: 0,0004799 seconds, Stopping threads took: 0,0000505 seconds
2017-06-10T13:44:17.672+0200: 3,263: Total time for which application threads were stopped: 0,0004030 seconds, Stopping threads took: 0,0000274 seconds
{Heap before GC invocations=6 (full 1):
 par new generation   total 109248K, used 98970K [0x00000000e0000000, 0x00000000e8000000, 0x00000000e8000000)
  eden space 87424K, 100% used [0x00000000e0000000, 0x00000000e5560000, 0x00000000e5560000)
  from space 21824K,  52% used [0x00000000e5560000, 0x00000000e60a6a40, 0x00000000e6ab0000)
  to   space 21824K,   0% used [0x00000000e6ab0000, 0x00000000e6ab0000, 0x00000000e8000000)
 concurrent mark-sweep generation total 393216K, used 0K [0x00000000e8000000, 0x0000000100000000, 0x0000000100000000)
 Metaspace       used 23870K, capacity 24332K, committed 24572K, reserved 1071104K
  class space    used 2809K, capacity 3015K, committed 3068K, reserved 1048576K
2017-06-10T13:44:17.830+0200: 3,421: [GC (Allocation Failure) 2017-06-10T13:44:17.830+0200: 3,421: [ParNew
Desired survivor size 20112992 bytes, new threshold 8 (max 8)
- age   1:    5115856 bytes,    5115856 total
- age   2:       2320 bytes,    5118176 total
- age   3:     163080 bytes,    5281256 total
- age   4:     174840 bytes,    5456096 total
- age   5:     288552 bytes,    5744648 total
- age   6:     791768 bytes,    6536416 total
- age   7:    6657456 bytes,   13193872 total
: 98970K->16846K(109248K), 0,0114299 secs] 98970K->16846K(502464K), 0,0114970 secs] [Times: user=0,04 sys=0,00, real=0,00 secs] 
Heap after GC invocations=7 (full 1):
 par new generation   total 109248K, used 16846K [0x00000000e0000000, 0x00000000e8000000, 0x00000000e8000000)
  eden space 87424K,   0% used [0x00000000e0000000, 0x00000000e0000000, 0x00000000e5560000)
  from space 21824K,  77% used [0x00000000e6ab0000, 0x00000000e7b238c0, 0x00000000e8000000)
  to   space 21824K,   0% used [0x00000000e5560000, 0x00000000e5560000, 0x00000000e6ab0000)
 concurrent mark-sweep generation total 393216K, used 0K [0x00000000e8000000, 0x0000000100000000, 0x0000000100000000)
 Metaspace       used 23870K, capacity 24332K, committed 24572K, reserved 1071104K
  class space    used 2809K, capacity 3015K, committed 3068K, reserved 1048576K
}
2017-06-10T13:44:17.842+0200: 3,433: Total time for which application threads were stopped: 0,0118848 seconds, Stopping threads took: 0,0002185 seconds
{Heap before GC invocations=7 (full 1):
 par new generation   total 109248K, used 104270K [0x00000000e0000000, 0x00000000e8000000, 0x00000000e8000000)
  eden space 87424K, 100% used [0x00000000e0000000, 0x00000000e5560000, 0x00000000e5560000)
  from space 21824K,  77% used [0x00000000e6ab0000, 0x00000000e7b238c0, 0x00000000e8000000)
  to   space 21824K,   0% used [0x00000000e5560000, 0x00000000e5560000, 0x00000000e6ab0000)
 concurrent mark-sweep generation total 393216K, used 0K [0x00000000e8000000, 0x0000000100000000, 0x0000000100000000)
 Metaspace       used 24443K, capacity 24940K, committed 25084K, reserved 1071104K
  class space    used 2861K, capacity 3047K, committed 3068K, reserved 1048576K
2017-06-10T13:44:17.986+0200: 3,578: [GC (Allocation Failure) 2017-06-10T13:44:17.986+0200: 3,578: [ParNew
Desired survivor size 20112992 bytes, new threshold 8 (max 8)
- age   1:    1968520 bytes,    1968520 total
- age   2:    1786256 bytes,    3754776 total
- age   3:        144 bytes,    3754920 total
- age   4:      64224 bytes,    3819144 total
- age   5:      91000 bytes,    3910144 total
- age   6:     201112 bytes,    4111256 total
- age   7:     739784 bytes,    4851040 total
- age   8:    6124528 bytes,   10975568 total
: 104270K->13875K(109248K), 0,0242674 secs] 104270K->13875K(502464K), 0,0243682 secs] [Times: user=0,06 sys=0,00, real=0,03 secs] 
Heap after GC invocations=8 (full 1):
 par new generation   total 109248K, used 13875K [0x00000000e0000000, 0x00000000e8000000, 0x00000000e8000000)
  eden space 87424K,   0% used [0x00000000e0000000, 0x00000000e0000000, 0x00000000e5560000)
  from space 21824K,  63% used [0x00000000e5560000, 0x00000000e62ecc00, 0x00000000e6ab0000)
  to   space 21824K,   0% used [0x00000000e6ab0000, 0x00000000e6ab0000, 0x00000000e8000000)
 concurrent mark-sweep generation total 393216K, used 0K [0x00000000e8000000, 0x0000000100000000, 0x0000000100000000)
 Metaspace       used 24443K, capacity 24940K, committed 25084K, reserved 1071104K
  class space    used 2861K, capacity 3047K, committed 3068K, reserved 1048576K
}
2017-06-10T13:44:18.011+0200: 3,602: Total time for which application threads were stopped: 0,0246487 seconds, Stopping threads took: 0,0000505 seconds
{Heap before GC invocations=8 (full 1):
 par new generation   total 109248K, used 101299K [0x00000000e0000000, 0x00000000e8000000, 0x00000000e8000000)
  eden space 87424K, 100% used [0x00000000e0000000, 0x00000000e5560000, 0x00000000e5560000)
  from space 21824K,  63% used [0x00000000e5560000, 0x00000000e62ecc00, 0x00000000e6ab0000)
  to   space 21824K,   0% used [0x00000000e6ab0000, 0x00000000e6ab0000, 0x00000000e8000000)
 concurrent mark-sweep generation total 393216K, used 0K [0x00000000e8000000, 0x0000000100000000, 0x0000000100000000)
 Metaspace       used 24828K, capacity 25324K, committed 25468K, reserved 1071104K
  class space    used 2899K, capacity 3085K, committed 3196K, reserved 1048576K
2017-06-10T13:44:18.135+0200: 3,726: [GC (Allocation Failure) 2017-06-10T13:44:18.135+0200: 3,726: [ParNew
Desired survivor size 20112992 bytes, new threshold 8 (max 8)
- age   1:     717208 bytes,     717208 total
- age   2:     988928 bytes,    1706136 total
- age   3:    1763968 bytes,    3470104 total
- age   4:        144 bytes,    3470248 total
- age   5:      64192 bytes,    3534440 total
- age   6:      90760 bytes,    3625200 total
- age   7:     198224 bytes,    3823424 total
- age   8:     739016 bytes,    4562440 total
: 101299K->7192K(109248K), 0,0337829 secs] 101299K->13255K(502464K), 0,0338516 secs] [Times: user=0,10 sys=0,00, real=0,03 secs] 
Heap after GC invocations=9 (full 1):
 par new generation   total 109248K, used 7192K [0x00000000e0000000, 0x00000000e8000000, 0x00000000e8000000)
  eden space 87424K,   0% used [0x00000000e0000000, 0x00000000e0000000, 0x00000000e5560000)
  from space 21824K,  32% used [0x00000000e6ab0000, 0x00000000e71b6098, 0x00000000e8000000)
  to   space 21824K,   0% used [0x00000000e5560000, 0x00000000e5560000, 0x00000000e6ab0000)
 concurrent mark-sweep generation total 393216K, used 6063K [0x00000000e8000000, 0x0000000100000000, 0x0000000100000000)
 Metaspace       used 24828K, capacity 25324K, committed 25468K, reserved 1071104K
  class space    used 2899K, capacity 3085K, committed 3196K, reserved 1048576K
}
2017-06-10T13:44:18.169+0200: 3,760: Total time for which application threads were stopped: 0,0340946 seconds, Stopping threads took: 0,0000654 seconds
2017-06-10T13:44:18.379+0200: 3,971: Total time for which application threads were stopped: 0,0004623 seconds, Stopping threads took: 0,0000177 seconds
2017-06-10T13:44:18.426+0200: 4,018: Total time for which application threads were stopped: 0,0004210 seconds, Stopping threads took: 0,0000236 seconds
2017-06-10T13:44:18.442+0200: 4,033: Total time for which application threads were stopped: 0,0003960 seconds, Stopping threads took: 0,0000190 seconds
2017-06-10T13:44:18.465+0200: 4,057: Total time for which application threads were stopped: 0,0004989 seconds, Stopping threads took: 0,0000706 seconds
2017-06-10T13:44:18.480+0200: 4,071: Total time for which application threads were stopped: 0,0001452 seconds, Stopping threads took: 0,0000572 seconds
2017-06-10T13:44:18.483+0200: 4,074: Total time for which application threads were stopped: 0,0001571 seconds, Stopping threads took: 0,0000688 seconds
2017-06-10T13:44:18.484+0200: 4,075: Total time for which application threads were stopped: 0,0001433 seconds, Stopping threads took: 0,0000624 seconds
2017-06-10T13:44:18.485+0200: 4,077: Total time for which application threads were stopped: 0,0000836 seconds, Stopping threads took: 0,0000277 seconds
2017-06-10T13:44:18.486+0200: 4,077: Total time for which application threads were stopped: 0,0000775 seconds, Stopping threads took: 0,0000233 seconds
2017-06-10T13:44:18.489+0200: 4,080: Total time for which application threads were stopped: 0,0001145 seconds, Stopping threads took: 0,0000388 seconds
2017-06-10T13:44:18.490+0200: 4,081: Total time for which application threads were stopped: 0,0003606 seconds, Stopping threads took: 0,0000370 seconds
2017-06-10T13:44:18.494+0200: 4,085: Total time for which application threads were stopped: 0,0001627 seconds, Stopping threads took: 0,0000433 seconds
2017-06-10T13:44:18.494+0200: 4,086: Total time for which application threads were stopped: 0,0000989 seconds, Stopping threads took: 0,0000345 seconds
2017-06-10T13:44:18.494+0200: 4,086: Total time for which application threads were stopped: 0,0001151 seconds, Stopping threads took: 0,0000596 seconds
2017-06-10T13:44:18.502+0200: 4,093: Total time for which application threads were stopped: 0,0001520 seconds, Stopping threads took: 0,0000624 seconds
2017-06-10T13:44:18.511+0200: 4,102: Total time for which application threads were stopped: 0,0001069 seconds, Stopping threads took: 0,0000377 seconds
2017-06-10T13:44:18.511+0200: 4,103: Total time for which application threads were stopped: 0,0000730 seconds, Stopping threads took: 0,0000168 seconds
2017-06-10T13:44:18.512+0200: 4,103: Total time for which application threads were stopped: 0,0000679 seconds, Stopping threads took: 0,0000154 seconds
2017-06-10T13:44:18.512+0200: 4,103: Total time for which application threads were stopped: 0,0000659 seconds, Stopping threads took: 0,0000143 seconds
2017-06-10T13:44:18.513+0200: 4,104: Total time for which application threads were stopped: 0,0001002 seconds, Stopping threads took: 0,0000241 seconds
2017-06-10T13:44:18.513+0200: 4,105: Total time for which application threads were stopped: 0,0000732 seconds, Stopping threads took: 0,0000215 seconds
2017-06-10T13:44:18.513+0200: 4,105: Total time for which application threads were stopped: 0,0000699 seconds, Stopping threads took: 0,0000214 seconds
2017-06-10T13:44:18.514+0200: 4,105: Total time for which application threads were stopped: 0,0000557 seconds, Stopping threads took: 0,0000149 seconds
2017-06-10T13:44:18.514+0200: 4,105: Total time for which application threads were stopped: 0,0000574 seconds, Stopping threads took: 0,0000207 seconds
2017-06-10T13:44:18.514+0200: 4,105: Total time for which application threads were stopped: 0,0000502 seconds, Stopping threads took: 0,0000113 seconds
2017-06-10T13:44:18.514+0200: 4,105: Total time for which application threads were stopped: 0,0000476 seconds, Stopping threads took: 0,0000108 seconds
2017-06-10T13:44:18.514+0200: 4,105: Total time for which application threads were stopped: 0,0001205 seconds, Stopping threads took: 0,0000137 seconds
2017-06-10T13:44:18.514+0200: 4,106: Total time for which application threads were stopped: 0,0000493 seconds, Stopping threads took: 0,0000078 seconds
2017-06-10T13:44:18.514+0200: 4,106: Total time for which application threads were stopped: 0,0000504 seconds, Stopping threads took: 0,0000136 seconds
2017-06-10T13:44:18.514+0200: 4,106: Total time for which application threads were stopped: 0,0000489 seconds, Stopping threads took: 0,0000088 seconds
2017-06-10T13:44:18.515+0200: 4,106: Total time for which application threads were stopped: 0,0000524 seconds, Stopping threads took: 0,0000153 seconds
2017-06-10T13:44:18.515+0200: 4,106: Total time for which application threads were stopped: 0,0000474 seconds, Stopping threads took: 0,0000114 seconds
2017-06-10T13:44:18.515+0200: 4,106: Total time for which application threads were stopped: 0,0000401 seconds, Stopping threads took: 0,0000085 seconds
2017-06-10T13:44:18.515+0200: 4,106: Total time for which application threads were stopped: 0,0000373 seconds, Stopping threads took: 0,0000074 seconds
2017-06-10T13:44:18.515+0200: 4,106: Total time for which application threads were stopped: 0,0000382 seconds, Stopping threads took: 0,0000085 seconds
2017-06-10T13:44:18.515+0200: 4,106: Total time for which application threads were stopped: 0,0000496 seconds, Stopping threads took: 0,0000102 seconds
2017-06-10T13:44:18.515+0200: 4,107: Total time for which application threads were stopped: 0,0000557 seconds, Stopping threads took: 0,0000223 seconds
2017-06-10T13:44:18.515+0200: 4,107: Total time for which application threads were stopped: 0,0000397 seconds, Stopping threads took: 0,0000128 seconds
2017-06-10T13:44:18.515+0200: 4,107: Total time for which application threads were stopped: 0,0000386 seconds, Stopping threads took: 0,0000122 seconds
2017-06-10T13:44:18.515+0200: 4,107: Total time for which application threads were stopped: 0,0000479 seconds, Stopping threads took: 0,0000146 seconds
2017-06-10T13:44:18.516+0200: 4,107: Total time for which application threads were stopped: 0,0000754 seconds, Stopping threads took: 0,0000263 seconds
2017-06-10T13:44:18.516+0200: 4,107: Total time for which application threads were stopped: 0,0000741 seconds, Stopping threads took: 0,0000284 seconds
2017-06-10T13:44:18.516+0200: 4,107: Total time for which application threads were stopped: 0,0000596 seconds, Stopping threads took: 0,0000160 seconds
2017-06-10T13:44:18.518+0200: 4,109: Total time for which application threads were stopped: 0,0017855 seconds, Stopping threads took: 0,0017424 seconds
2017-06-10T13:44:18.518+0200: 4,109: Total time for which application threads were stopped: 0,0000521 seconds, Stopping threads took: 0,0000164 seconds
2017-06-10T13:44:18.518+0200: 4,109: Total time for which application threads were stopped: 0,0000701 seconds, Stopping threads took: 0,0000175 seconds
2017-06-10T13:44:18.518+0200: 4,110: Total time for which application threads were stopped: 0,0001455 seconds, Stopping threads took: 0,0000324 seconds
2017-06-10T13:44:18.523+0200: 4,114: Total time for which application threads were stopped: 0,0001506 seconds, Stopping threads took: 0,0000656 seconds
2017-06-10T13:44:18.526+0200: 4,117: Total time for which application threads were stopped: 0,0001649 seconds, Stopping threads took: 0,0000561 seconds
2017-06-10T13:44:18.535+0200: 4,126: Total time for which application threads were stopped: 0,0001531 seconds, Stopping threads took: 0,0000628 seconds
2017-06-10T13:44:18.558+0200: 4,149: Total time for which application threads were stopped: 0,0035458 seconds, Stopping threads took: 0,0034048 seconds
2017-06-10T13:44:18.586+0200: 4,177: Total time for which application threads were stopped: 0,0033696 seconds, Stopping threads took: 0,0032688 seconds
2017-06-10T13:44:18.619+0200: 4,210: Total time for which application threads were stopped: 0,0001373 seconds, Stopping threads took: 0,0000391 seconds
2017-06-10T13:44:18.620+0200: 4,211: Total time for which application threads were stopped: 0,0005843 seconds, Stopping threads took: 0,0000299 seconds
2017-06-10T13:44:18.620+0200: 4,211: Total time for which application threads were stopped: 0,0001056 seconds, Stopping threads took: 0,0000308 seconds
2017-06-10T13:44:18.630+0200: 4,221: Total time for which application threads were stopped: 0,0029976 seconds, Stopping threads took: 0,0028392 seconds
2017-06-10T13:44:19.633+0200: 5,224: Total time for which application threads were stopped: 0,0000789 seconds, Stopping threads took: 0,0000196 seconds
2017-06-10T13:44:21.633+0200: 7,224: Total time for which application threads were stopped: 0,0000655 seconds, Stopping threads took: 0,0000150 seconds
2017-06-10T13:46:11.648+0200: 117,239: Total time for which application threads were stopped: 0,0000799 seconds, Stopping threads took: 0,0000341 seconds
2017-06-10T13:46:16.649+0200: 122,240: Total time for which application threads were stopped: 0,0000680 seconds, Stopping threads took: 0,0000174 seconds
{Heap before GC invocations=9 (full 1):
 par new generation   total 109248K, used 94616K [0x00000000e0000000, 0x00000000e8000000, 0x00000000e8000000)
  eden space 87424K, 100% used [0x00000000e0000000, 0x00000000e5560000, 0x00000000e5560000)
  from space 21824K,  32% used [0x00000000e6ab0000, 0x00000000e71b6098, 0x00000000e8000000)
  to   space 21824K,   0% used [0x00000000e5560000, 0x00000000e5560000, 0x00000000e6ab0000)
 concurrent mark-sweep generation total 393216K, used 6063K [0x00000000e8000000, 0x0000000100000000, 0x0000000100000000)
 Metaspace       used 28027K, capacity 28574K, committed 28796K, reserved 1075200K
  class space    used 3214K, capacity 3394K, committed 3452K, reserved 1048576K
2017-06-10T13:47:10.292+0200: 175,883: [GC (Allocation Failure) 2017-06-10T13:47:10.292+0200: 175,883: [ParNew
Desired survivor size 20112992 bytes, new threshold 8 (max 8)
- age   1:   11029544 bytes,   11029544 total
- age   2:     221224 bytes,   11250768 total
- age   3:     208936 bytes,   11459704 total
- age   4:    1756128 bytes,   13215832 total
- age   5:        144 bytes,   13215976 total
- age   6:      64160 bytes,   13280136 total
- age   7:      90568 bytes,   13370704 total
- age   8:     197600 bytes,   13568304 total
: 94616K->14555K(109248K), 0,0245388 secs] 100679K->21423K(502464K), 0,0246749 secs] [Times: user=0,09 sys=0,00, real=0,02 secs] 
