OpenJDK 64-Bit Server VM (25.111-b14) for linux-amd64 JRE (1.8.0_111-8u111-b14-2ubuntu0.16.04.2-b14), built on Oct 27 2016 18:10:19 by "buildd" with gcc 5.4.0 20160609
Memory: 4k page, physical 7867800k(7496324k free), swap 8076284k(8076284k free)
CommandLine flags: -XX:CMSInitiatingOccupancyFraction=50 -XX:CMSMaxAbortablePrecleanTime=6000 -XX:+CMSParallelRemarkEnabled -XX:+CMSScavengeBeforeRemark -XX:ConcGCThreads=4 -XX:InitialHeapSize=536870912 -XX:MaxHeapSize=536870912 -XX:MaxTenuringThreshold=8 -XX:NewRatio=3 -XX:OldPLABSize=16 -XX:OnOutOfMemoryError=/opt/solr/bin/oom_solr.sh 8983 /var/solr/logs -XX:ParallelGCThreads=4 -XX:+ParallelRefProcEnabled -XX:PretenureSizeThreshold=67108864 -XX:+PrintGC -XX:+PrintGCApplicationStoppedTime -XX:+PrintGCDateStamps -XX:+PrintGCDetails -XX:+PrintGCTimeStamps -XX:+PrintHeapAtGC -XX:+PrintTenuringDistribution -XX:SurvivorRatio=4 -XX:TargetSurvivorRatio=90 -XX:ThreadStackSize=256 -XX:+UseCMSInitiatingOccupancyOnly -XX:+UseCompressedClassPointers -XX:+UseCompressedOops -XX:+UseConcMarkSweepGC -XX:+UseParNewGC 
2017-01-26T16:56:11.824+0100: 0,128: Total time for which application threads were stopped: 0,0000626 seconds, Stopping threads took: 0,0000089 seconds
2017-01-26T16:56:11.906+0100: 0,210: Total time for which application threads were stopped: 0,0001461 seconds, Stopping threads took: 0,0000278 seconds
2017-01-26T16:56:11.922+0100: 0,226: Total time for which application threads were stopped: 0,0000956 seconds, Stopping threads took: 0,0000108 seconds
2017-01-26T16:56:12.593+0100: 0,897: Total time for which application threads were stopped: 0,0002175 seconds, Stopping threads took: 0,0000184 seconds
2017-01-26T16:56:12.735+0100: 1,039: Total time for which application threads were stopped: 0,0002135 seconds, Stopping threads took: 0,0000385 seconds
2017-01-26T16:56:12.764+0100: 1,068: Total time for which application threads were stopped: 0,0006646 seconds, Stopping threads took: 0,0005060 seconds
2017-01-26T16:56:13.121+0100: 1,425: Total time for which application threads were stopped: 0,0002327 seconds, Stopping threads took: 0,0000279 seconds
2017-01-26T16:56:13.338+0100: 1,642: Total time for which application threads were stopped: 0,0001820 seconds, Stopping threads took: 0,0000118 seconds
2017-01-26T16:56:13.376+0100: 1,681: Total time for which application threads were stopped: 0,0001638 seconds, Stopping threads took: 0,0000142 seconds
2017-01-26T16:56:13.377+0100: 1,681: Total time for which application threads were stopped: 0,0000966 seconds, Stopping threads took: 0,0000079 seconds
2017-01-26T16:56:13.391+0100: 1,695: Total time for which application threads were stopped: 0,0003190 seconds, Stopping threads took: 0,0000146 seconds
2017-01-26T16:56:13.480+0100: 1,784: Total time for which application threads were stopped: 0,0001948 seconds, Stopping threads took: 0,0000178 seconds
2017-01-26T16:56:13.626+0100: 1,930: Total time for which application threads were stopped: 0,0002736 seconds, Stopping threads took: 0,0000690 seconds
2017-01-26T16:56:13.760+0100: 2,064: Total time for which application threads were stopped: 0,0001523 seconds, Stopping threads took: 0,0000359 seconds
{Heap before GC invocations=0 (full 0):
 par new generation   total 109248K, used 87551K [0x00000000e0000000, 0x00000000e8000000, 0x00000000e8000000)
  eden space 87424K, 100% used [0x00000000e0000000, 0x00000000e5560000, 0x00000000e5560000)
  from space 21824K,   0% used [0x00000000e5560000, 0x00000000e557fc10, 0x00000000e6ab0000)
  to   space 21824K,   0% used [0x00000000e6ab0000, 0x00000000e6ab0000, 0x00000000e8000000)
 concurrent mark-sweep generation total 393216K, used 0K [0x00000000e8000000, 0x0000000100000000, 0x0000000100000000)
 Metaspace       used 18014K, capacity 18302K, committed 18560K, reserved 1064960K
  class space    used 2046K, capacity 2162K, committed 2176K, reserved 1048576K
2017-01-26T16:56:13.760+0100: 2,064: [GC (GCLocker Initiated GC) 2017-01-26T16:56:13.760+0100: 2,064: [ParNew
Desired survivor size 20112992 bytes, new threshold 8 (max 8)
- age   1:   13168496 bytes,   13168496 total
: 87551K->12987K(109248K), 0,0155634 secs] 87551K->12987K(502464K), 0,0156460 secs] [Times: user=0,02 sys=0,03, real=0,01 secs] 
Heap after GC invocations=1 (full 0):
 par new generation   total 109248K, used 12987K [0x00000000e0000000, 0x00000000e8000000, 0x00000000e8000000)
  eden space 87424K,   0% used [0x00000000e0000000, 0x00000000e0000000, 0x00000000e5560000)
  from space 21824K,  59% used [0x00000000e6ab0000, 0x00000000e775eff0, 0x00000000e8000000)
  to   space 21824K,   0% used [0x00000000e5560000, 0x00000000e5560000, 0x00000000e6ab0000)
 concurrent mark-sweep generation total 393216K, used 0K [0x00000000e8000000, 0x0000000100000000, 0x0000000100000000)
 Metaspace       used 18014K, capacity 18302K, committed 18560K, reserved 1064960K
  class space    used 2046K, capacity 2162K, committed 2176K, reserved 1048576K
}
2017-01-26T16:56:13.775+0100: 2,080: Total time for which application threads were stopped: 0,0157714 seconds, Stopping threads took: 0,0000321 seconds
2017-01-26T16:56:13.990+0100: 2,294: Total time for which application threads were stopped: 0,0003450 seconds, Stopping threads took: 0,0000555 seconds
2017-01-26T16:56:14.022+0100: 2,326: Total time for which application threads were stopped: 0,0003726 seconds, Stopping threads took: 0,0000573 seconds
2017-01-26T16:56:14.063+0100: 2,367: Total time for which application threads were stopped: 0,0003588 seconds, Stopping threads took: 0,0000252 seconds
{Heap before GC invocations=1 (full 0):
 par new generation   total 109248K, used 100411K [0x00000000e0000000, 0x00000000e8000000, 0x00000000e8000000)
  eden space 87424K, 100% used [0x00000000e0000000, 0x00000000e5560000, 0x00000000e5560000)
  from space 21824K,  59% used [0x00000000e6ab0000, 0x00000000e775eff0, 0x00000000e8000000)
  to   space 21824K,   0% used [0x00000000e5560000, 0x00000000e5560000, 0x00000000e6ab0000)
 concurrent mark-sweep generation total 393216K, used 0K [0x00000000e8000000, 0x0000000100000000, 0x0000000100000000)
 Metaspace       used 20558K, capacity 20846K, committed 20992K, reserved 1067008K
  class space    used 2371K, capacity 2484K, committed 2560K, reserved 1048576K
2017-01-26T16:56:14.165+0100: 2,469: [GC (Allocation Failure) 2017-01-26T16:56:14.165+0100: 2,469: [ParNew
Desired survivor size 20112992 bytes, new threshold 8 (max 8)
- age   1:    3846728 bytes,    3846728 total
- age   2:    6654000 bytes,   10500728 total
: 100411K->15995K(109248K), 0,0101941 secs] 100411K->15995K(502464K), 0,0102633 secs] [Times: user=0,03 sys=0,00, real=0,01 secs] 
Heap after GC invocations=2 (full 0):
 par new generation   total 109248K, used 15995K [0x00000000e0000000, 0x00000000e8000000, 0x00000000e8000000)
  eden space 87424K,   0% used [0x00000000e0000000, 0x00000000e0000000, 0x00000000e5560000)
  from space 21824K,  73% used [0x00000000e5560000, 0x00000000e64fec80, 0x00000000e6ab0000)
  to   space 21824K,   0% used [0x00000000e6ab0000, 0x00000000e6ab0000, 0x00000000e8000000)
 concurrent mark-sweep generation total 393216K, used 0K [0x00000000e8000000, 0x0000000100000000, 0x0000000100000000)
 Metaspace       used 20558K, capacity 20846K, committed 20992K, reserved 1067008K
  class space    used 2371K, capacity 2484K, committed 2560K, reserved 1048576K
}
2017-01-26T16:56:14.175+0100: 2,479: Total time for which application threads were stopped: 0,0105051 seconds, Stopping threads took: 0,0000849 seconds
2017-01-26T16:56:14.218+0100: 2,522: Total time for which application threads were stopped: 0,0001584 seconds, Stopping threads took: 0,0000674 seconds
2017-01-26T16:56:14.218+0100: 2,522: Total time for which application threads were stopped: 0,0000854 seconds, Stopping threads took: 0,0000495 seconds
2017-01-26T16:56:14.251+0100: 2,555: Total time for which application threads were stopped: 0,0002531 seconds, Stopping threads took: 0,0000429 seconds
2017-01-26T16:56:14.282+0100: 2,586: Total time for which application threads were stopped: 0,0002120 seconds, Stopping threads took: 0,0001246 seconds
{Heap before GC invocations=2 (full 0):
 par new generation   total 109248K, used 103419K [0x00000000e0000000, 0x00000000e8000000, 0x00000000e8000000)
  eden space 87424K, 100% used [0x00000000e0000000, 0x00000000e5560000, 0x00000000e5560000)
  from space 21824K,  73% used [0x00000000e5560000, 0x00000000e64fec80, 0x00000000e6ab0000)
  to   space 21824K,   0% used [0x00000000e6ab0000, 0x00000000e6ab0000, 0x00000000e8000000)
 concurrent mark-sweep generation total 393216K, used 0K [0x00000000e8000000, 0x0000000100000000, 0x0000000100000000)
 Metaspace       used 21791K, capacity 22116K, committed 22216K, reserved 1069056K
  class space    used 2522K, capacity 2648K, committed 2684K, reserved 1048576K
2017-01-26T16:56:14.333+0100: 2,638: [GC (Allocation Failure) 2017-01-26T16:56:14.334+0100: 2,638: [ParNew
Desired survivor size 20112992 bytes, new threshold 8 (max 8)
- age   1:    1578120 bytes,    1578120 total
- age   2:    1605760 bytes,    3183880 total
- age   3:    6613520 bytes,    9797400 total
: 103419K->11407K(109248K), 0,0097370 secs] 103419K->11407K(502464K), 0,0098288 secs] [Times: user=0,02 sys=0,01, real=0,01 secs] 
Heap after GC invocations=3 (full 0):
 par new generation   total 109248K, used 11407K [0x00000000e0000000, 0x00000000e8000000, 0x00000000e8000000)
  eden space 87424K,   0% used [0x00000000e0000000, 0x00000000e0000000, 0x00000000e5560000)
  from space 21824K,  52% used [0x00000000e6ab0000, 0x00000000e75d3e50, 0x00000000e8000000)
  to   space 21824K,   0% used [0x00000000e5560000, 0x00000000e5560000, 0x00000000e6ab0000)
 concurrent mark-sweep generation total 393216K, used 0K [0x00000000e8000000, 0x0000000100000000, 0x0000000100000000)
 Metaspace       used 21791K, capacity 22116K, committed 22216K, reserved 1069056K
  class space    used 2522K, capacity 2648K, committed 2684K, reserved 1048576K
}
2017-01-26T16:56:14.343+0100: 2,648: Total time for which application threads were stopped: 0,0100558 seconds, Stopping threads took: 0,0000784 seconds
2017-01-26T16:56:14.344+0100: 2,648: [GC (CMS Initial Mark) [1 CMS-initial-mark: 0K(393216K)] 12325K(502464K), 0,0025808 secs] [Times: user=0,01 sys=0,00, real=0,00 secs] 
2017-01-26T16:56:14.346+0100: 2,650: Total time for which application threads were stopped: 0,0028700 seconds, Stopping threads took: 0,0002146 seconds
2017-01-26T16:56:14.346+0100: 2,650: [CMS-concurrent-mark-start]
2017-01-26T16:56:14.347+0100: 2,651: [CMS-concurrent-mark: 0,001/0,001 secs] [Times: user=0,01 sys=0,00, real=0,01 secs] 
2017-01-26T16:56:14.347+0100: 2,651: [CMS-concurrent-preclean-start]
2017-01-26T16:56:14.349+0100: 2,653: [CMS-concurrent-preclean: 0,001/0,001 secs] [Times: user=0,00 sys=0,00, real=0,00 secs] 
2017-01-26T16:56:14.351+0100: 2,655: [GC (CMS Final Remark) [YG occupancy: 14083 K (109248 K)]{Heap before GC invocations=3 (full 1):
 par new generation   total 109248K, used 14083K [0x00000000e0000000, 0x00000000e8000000, 0x00000000e8000000)
  eden space 87424K,   3% used [0x00000000e0000000, 0x00000000e029d030, 0x00000000e5560000)
  from space 21824K,  52% used [0x00000000e6ab0000, 0x00000000e75d3e50, 0x00000000e8000000)
  to   space 21824K,   0% used [0x00000000e5560000, 0x00000000e5560000, 0x00000000e6ab0000)
 concurrent mark-sweep generation total 393216K, used 0K [0x00000000e8000000, 0x0000000100000000, 0x0000000100000000)
 Metaspace       used 21798K, capacity 22154K, committed 22216K, reserved 1069056K
  class space    used 2524K, capacity 2681K, committed 2684K, reserved 1048576K
2017-01-26T16:56:14.351+0100: 2,655: [GC (CMS Final Remark) 2017-01-26T16:56:14.351+0100: 2,655: [ParNew
Desired survivor size 20112992 bytes, new threshold 8 (max 8)
- age   1:     310432 bytes,     310432 total
- age   2:     680136 bytes,     990568 total
- age   3:    1605664 bytes,    2596232 total
- age   4:    6613320 bytes,    9209552 total
: 14083K->14553K(109248K), 0,0082879 secs] 14083K->14553K(502464K), 0,0083316 secs] [Times: user=0,03 sys=0,00, real=0,01 secs] 
Heap after GC invocations=4 (full 1):
 par new generation   total 109248K, used 14553K [0x00000000e0000000, 0x00000000e8000000, 0x00000000e8000000)
  eden space 87424K,   0% used [0x00000000e0000000, 0x00000000e0000000, 0x00000000e5560000)
  from space 21824K,  66% used [0x00000000e5560000, 0x00000000e63965c0, 0x00000000e6ab0000)
  to   space 21824K,   0% used [0x00000000e6ab0000, 0x00000000e6ab0000, 0x00000000e8000000)
 concurrent mark-sweep generation total 393216K, used 0K [0x00000000e8000000, 0x0000000100000000, 0x0000000100000000)
 Metaspace       used 21798K, capacity 22154K, committed 22216K, reserved 1069056K
  class space    used 2524K, capacity 2681K, committed 2684K, reserved 1048576K
}
2017-01-26T16:56:14.359+0100: 2,663: [Rescan (parallel) , 0,0034518 secs]2017-01-26T16:56:14.362+0100: 2,667: [weak refs processing, 0,0009585 secs]2017-01-26T16:56:14.363+0100: 2,668: [class unloading, 0,0027782 secs]2017-01-26T16:56:14.366+0100: 2,670: [scrub symbol table, 0,0035789 secs]2017-01-26T16:56:14.370+0100: 2,674: [scrub string table, 0,0003453 secs][1 CMS-remark: 0K(393216K)] 14553K(502464K), 0,0203013 secs] [Times: user=0,04 sys=0,00, real=0,02 secs] 
2017-01-26T16:56:14.371+0100: 2,675: Total time for which application threads were stopped: 0,0222389 seconds, Stopping threads took: 0,0018603 seconds
2017-01-26T16:56:14.371+0100: 2,675: [CMS-concurrent-sweep-start]
2017-01-26T16:56:14.371+0100: 2,675: [CMS-concurrent-sweep: 0,000/0,000 secs] [Times: user=0,00 sys=0,00, real=0,00 secs] 
2017-01-26T16:56:14.371+0100: 2,675: [CMS-concurrent-reset-start]
2017-01-26T16:56:14.373+0100: 2,677: [CMS-concurrent-reset: 0,002/0,002 secs] [Times: user=0,01 sys=0,00, real=0,00 secs] 
{Heap before GC invocations=4 (full 1):
 par new generation   total 109248K, used 101977K [0x00000000e0000000, 0x00000000e8000000, 0x00000000e8000000)
  eden space 87424K, 100% used [0x00000000e0000000, 0x00000000e5560000, 0x00000000e5560000)
  from space 21824K,  66% used [0x00000000e5560000, 0x00000000e63965c0, 0x00000000e6ab0000)
  to   space 21824K,   0% used [0x00000000e6ab0000, 0x00000000e6ab0000, 0x00000000e8000000)
 concurrent mark-sweep generation total 393216K, used 0K [0x00000000e8000000, 0x0000000100000000, 0x0000000100000000)
 Metaspace       used 21988K, capacity 22300K, committed 22472K, reserved 1069056K
  class space    used 2549K, capacity 2684K, committed 2684K, reserved 1048576K
2017-01-26T16:56:14.473+0100: 2,777: [GC (Allocation Failure) 2017-01-26T16:56:14.473+0100: 2,777: [ParNew
Desired survivor size 20112992 bytes, new threshold 8 (max 8)
- age   1:     452744 bytes,     452744 total
- age   2:       4696 bytes,     457440 total
- age   3:     378312 bytes,     835752 total
- age   4:    1602872 bytes,    2438624 total
- age   5:    6613120 bytes,    9051744 total
: 101977K->10818K(109248K), 0,0097236 secs] 101977K->10818K(502464K), 0,0097869 secs] [Times: user=0,02 sys=0,01, real=0,01 secs] 
Heap after GC invocations=5 (full 1):
 par new generation   total 109248K, used 10818K [0x00000000e0000000, 0x00000000e8000000, 0x00000000e8000000)
  eden space 87424K,   0% used [0x00000000e0000000, 0x00000000e0000000, 0x00000000e5560000)
  from space 21824K,  49% used [0x00000000e6ab0000, 0x00000000e7540a60, 0x00000000e8000000)
  to   space 21824K,   0% used [0x00000000e5560000, 0x00000000e5560000, 0x00000000e6ab0000)
 concurrent mark-sweep generation total 393216K, used 0K [0x00000000e8000000, 0x0000000100000000, 0x0000000100000000)
 Metaspace       used 21988K, capacity 22300K, committed 22472K, reserved 1069056K
  class space    used 2549K, capacity 2684K, committed 2684K, reserved 1048576K
}
2017-01-26T16:56:14.483+0100: 2,787: Total time for which application threads were stopped: 0,0123892 seconds, Stopping threads took: 0,0024369 seconds
2017-01-26T16:56:14.503+0100: 2,807: Total time for which application threads were stopped: 0,0016857 seconds, Stopping threads took: 0,0013912 seconds
2017-01-26T16:56:14.672+0100: 2,976: Total time for which application threads were stopped: 0,0009939 seconds, Stopping threads took: 0,0004194 seconds
2017-01-26T16:56:14.691+0100: 2,995: Total time for which application threads were stopped: 0,0004307 seconds, Stopping threads took: 0,0000381 seconds
{Heap before GC invocations=5 (full 1):
 par new generation   total 109248K, used 98242K [0x00000000e0000000, 0x00000000e8000000, 0x00000000e8000000)
  eden space 87424K, 100% used [0x00000000e0000000, 0x00000000e5560000, 0x00000000e5560000)
  from space 21824K,  49% used [0x00000000e6ab0000, 0x00000000e7540a60, 0x00000000e8000000)
  to   space 21824K,   0% used [0x00000000e5560000, 0x00000000e5560000, 0x00000000e6ab0000)
 concurrent mark-sweep generation total 393216K, used 0K [0x00000000e8000000, 0x0000000100000000, 0x0000000100000000)
 Metaspace       used 25917K, capacity 26270K, committed 26492K, reserved 1073152K
  class space    used 3031K, capacity 3155K, committed 3196K, reserved 1048576K
2017-01-26T16:56:14.923+0100: 3,228: [GC (Allocation Failure) 2017-01-26T16:56:14.923+0100: 3,228: [ParNew
Desired survivor size 20112992 bytes, new threshold 8 (max 8)
- age   1:    5126368 bytes,    5126368 total
- age   2:     157104 bytes,    5283472 total
- age   3:       4696 bytes,    5288168 total
- age   4:     367144 bytes,    5655312 total
- age   5:     654256 bytes,    6309568 total
- age   6:    6607200 bytes,   12916768 total
: 98242K->17351K(109248K), 0,0173826 secs] 98242K->17351K(502464K), 0,0174514 secs] [Times: user=0,04 sys=0,00, real=0,02 secs] 
Heap after GC invocations=6 (full 1):
 par new generation   total 109248K, used 17351K [0x00000000e0000000, 0x00000000e8000000, 0x00000000e8000000)
  eden space 87424K,   0% used [0x00000000e0000000, 0x00000000e0000000, 0x00000000e5560000)
  from space 21824K,  79% used [0x00000000e5560000, 0x00000000e6651c58, 0x00000000e6ab0000)
  to   space 21824K,   0% used [0x00000000e6ab0000, 0x00000000e6ab0000, 0x00000000e8000000)
 concurrent mark-sweep generation total 393216K, used 0K [0x00000000e8000000, 0x0000000100000000, 0x0000000100000000)
 Metaspace       used 25917K, capacity 26270K, committed 26492K, reserved 1073152K
  class space    used 3031K, capacity 3155K, committed 3196K, reserved 1048576K
}
2017-01-26T16:56:14.941+0100: 3,245: Total time for which application threads were stopped: 0,0176735 seconds, Stopping threads took: 0,0000535 seconds
2017-01-26T16:56:15.116+0100: 3,420: Total time for which application threads were stopped: 0,0004610 seconds, Stopping threads took: 0,0000308 seconds
2017-01-26T16:56:15.743+0100: 4,047: Total time for which application threads were stopped: 0,0002804 seconds, Stopping threads took: 0,0000156 seconds
2017-01-26T16:58:43.763+0100: 152,067: Total time for which application threads were stopped: 0,0000881 seconds, Stopping threads took: 0,0000367 seconds
2017-01-26T16:58:48.763+0100: 157,068: Total time for which application threads were stopped: 0,0001151 seconds, Stopping threads took: 0,0000473 seconds
2017-01-26T16:59:12.767+0100: 181,071: Total time for which application threads were stopped: 0,0004239 seconds, Stopping threads took: 0,0001779 seconds
2017-01-26T17:00:42.777+0100: 271,081: Total time for which application threads were stopped: 0,0000785 seconds, Stopping threads took: 0,0000332 seconds
2017-01-26T17:00:58.779+0100: 287,083: Total time for which application threads were stopped: 0,0003548 seconds, Stopping threads took: 0,0001508 seconds
2017-01-26T17:19:47.897+0100: 1416,201: Total time for which application threads were stopped: 0,0001991 seconds, Stopping threads took: 0,0000710 seconds
2017-01-26T17:24:37.924+0100: 1706,228: Total time for which application threads were stopped: 0,0000770 seconds, Stopping threads took: 0,0000255 seconds
2017-01-26T17:35:12.998+0100: 2341,302: Total time for which application threads were stopped: 0,0006343 seconds, Stopping threads took: 0,0002623 seconds
2017-01-26T17:35:13.998+0100: 2342,302: Total time for which application threads were stopped: 0,0000839 seconds, Stopping threads took: 0,0000185 seconds
2017-01-26T17:52:52.821+0100: 3401,126: Total time for which application threads were stopped: 0,0003325 seconds, Stopping threads took: 0,0002132 seconds
Heap
 par new generation   total 109248K, used 76730K [0x00000000e0000000, 0x00000000e8000000, 0x00000000e8000000)
  eden space 87424K,  67% used [0x00000000e0000000, 0x00000000e39fce80, 0x00000000e5560000)
  from space 21824K,  79% used [0x00000000e5560000, 0x00000000e6651c58, 0x00000000e6ab0000)
  to   space 21824K,   0% used [0x00000000e6ab0000, 0x00000000e6ab0000, 0x00000000e8000000)
 concurrent mark-sweep generation total 393216K, used 0K [0x00000000e8000000, 0x0000000100000000, 0x0000000100000000)
 Metaspace       used 28814K, capacity 29268K, committed 29692K, reserved 1075200K
  class space    used 3338K, capacity 3488K, committed 3580K, reserved 1048576K
