OpenJDK 64-Bit Server VM (25.121-b13) for linux-amd64 JRE (1.8.0_121-8u121-b13-0ubuntu1.16.04.2-b13), built on Jan 23 2017 15:51:29 by "buildd" with gcc 5.4.0 20160609
Memory: 4k page, physical 7867800k(7505408k free), swap 8076284k(8076284k free)
CommandLine flags: -XX:CMSInitiatingOccupancyFraction=50 -XX:CMSMaxAbortablePrecleanTime=6000 -XX:+CMSParallelRemarkEnabled -XX:+CMSScavengeBeforeRemark -XX:ConcGCThreads=4 -XX:InitialHeapSize=536870912 -XX:MaxHeapSize=536870912 -XX:MaxTenuringThreshold=8 -XX:NewRatio=3 -XX:OldPLABSize=16 -XX:OnOutOfMemoryError=/opt/solr/bin/oom_solr.sh 8983 /var/solr/logs -XX:ParallelGCThreads=4 -XX:+ParallelRefProcEnabled -XX:PretenureSizeThreshold=67108864 -XX:+PrintGC -XX:+PrintGCApplicationStoppedTime -XX:+PrintGCDateStamps -XX:+PrintGCDetails -XX:+PrintGCTimeStamps -XX:+PrintHeapAtGC -XX:+PrintTenuringDistribution -XX:SurvivorRatio=4 -XX:TargetSurvivorRatio=90 -XX:ThreadStackSize=256 -XX:+UseCMSInitiatingOccupancyOnly -XX:+UseCompressedClassPointers -XX:+UseCompressedOops -XX:+UseConcMarkSweepGC -XX:+UseParNewGC 
2017-02-10T19:01:13.731+0100: 0,153: Total time for which application threads were stopped: 0,0000660 seconds, Stopping threads took: 0,0000089 seconds
2017-02-10T19:01:13.824+0100: 0,246: Total time for which application threads were stopped: 0,0001110 seconds, Stopping threads took: 0,0000173 seconds
2017-02-10T19:01:13.846+0100: 0,268: Total time for which application threads were stopped: 0,0000991 seconds, Stopping threads took: 0,0000202 seconds
2017-02-10T19:01:14.249+0100: 0,671: Total time for which application threads were stopped: 0,0001279 seconds, Stopping threads took: 0,0000103 seconds
2017-02-10T19:01:14.630+0100: 1,052: Total time for which application threads were stopped: 0,0001458 seconds, Stopping threads took: 0,0000161 seconds
2017-02-10T19:01:14.724+0100: 1,145: Total time for which application threads were stopped: 0,0002379 seconds, Stopping threads took: 0,0000216 seconds
2017-02-10T19:01:14.750+0100: 1,172: Total time for which application threads were stopped: 0,0002416 seconds, Stopping threads took: 0,0000496 seconds
2017-02-10T19:01:15.050+0100: 1,472: Total time for which application threads were stopped: 0,0002286 seconds, Stopping threads took: 0,0000361 seconds
2017-02-10T19:01:15.277+0100: 1,699: Total time for which application threads were stopped: 0,0004779 seconds, Stopping threads took: 0,0000931 seconds
2017-02-10T19:01:15.305+0100: 1,727: Total time for which application threads were stopped: 0,0004530 seconds, Stopping threads took: 0,0000743 seconds
2017-02-10T19:01:15.341+0100: 1,763: Total time for which application threads were stopped: 0,0006283 seconds, Stopping threads took: 0,0000873 seconds
2017-02-10T19:01:15.343+0100: 1,765: Total time for which application threads were stopped: 0,0001752 seconds, Stopping threads took: 0,0000143 seconds
2017-02-10T19:01:15.357+0100: 1,779: Total time for which application threads were stopped: 0,0001837 seconds, Stopping threads took: 0,0000172 seconds
2017-02-10T19:01:15.426+0100: 1,847: Total time for which application threads were stopped: 0,0002065 seconds, Stopping threads took: 0,0000176 seconds
2017-02-10T19:01:15.584+0100: 2,006: Total time for which application threads were stopped: 0,0002395 seconds, Stopping threads took: 0,0000213 seconds
{Heap before GC invocations=0 (full 0):
 par new generation   total 109248K, used 87424K [0x00000000e0000000, 0x00000000e8000000, 0x00000000e8000000)
  eden space 87424K, 100% used [0x00000000e0000000, 0x00000000e5560000, 0x00000000e5560000)
  from space 21824K,   0% used [0x00000000e5560000, 0x00000000e5560000, 0x00000000e6ab0000)
  to   space 21824K,   0% used [0x00000000e6ab0000, 0x00000000e6ab0000, 0x00000000e8000000)
 concurrent mark-sweep generation total 393216K, used 0K [0x00000000e8000000, 0x0000000100000000, 0x0000000100000000)
 Metaspace       used 18023K, capacity 18336K, committed 18688K, reserved 1064960K
  class space    used 2039K, capacity 2196K, committed 2304K, reserved 1048576K
2017-02-10T19:01:15.664+0100: 2,086: [GC (Allocation Failure) 2017-02-10T19:01:15.664+0100: 2,086: [ParNew
Desired survivor size 20112992 bytes, new threshold 8 (max 8)
- age   1:   12604216 bytes,   12604216 total
: 87424K->12427K(109248K), 0,0163971 secs] 87424K->12427K(502464K), 0,0164738 secs] [Times: user=0,03 sys=0,02, real=0,02 secs] 
Heap after GC invocations=1 (full 0):
 par new generation   total 109248K, used 12427K [0x00000000e0000000, 0x00000000e8000000, 0x00000000e8000000)
  eden space 87424K,   0% used [0x00000000e0000000, 0x00000000e0000000, 0x00000000e5560000)
  from space 21824K,  56% used [0x00000000e6ab0000, 0x00000000e76d2fb8, 0x00000000e8000000)
  to   space 21824K,   0% used [0x00000000e5560000, 0x00000000e5560000, 0x00000000e6ab0000)
 concurrent mark-sweep generation total 393216K, used 0K [0x00000000e8000000, 0x0000000100000000, 0x0000000100000000)
 Metaspace       used 18023K, capacity 18336K, committed 18688K, reserved 1064960K
  class space    used 2039K, capacity 2196K, committed 2304K, reserved 1048576K
}
2017-02-10T19:01:15.681+0100: 2,102: Total time for which application threads were stopped: 0,0166877 seconds, Stopping threads took: 0,0000470 seconds
2017-02-10T19:01:15.975+0100: 2,397: Total time for which application threads were stopped: 0,0003855 seconds, Stopping threads took: 0,0000429 seconds
2017-02-10T19:01:16.024+0100: 2,446: Total time for which application threads were stopped: 0,0013736 seconds, Stopping threads took: 0,0010409 seconds
{Heap before GC invocations=1 (full 0):
 par new generation   total 109248K, used 99851K [0x00000000e0000000, 0x00000000e8000000, 0x00000000e8000000)
  eden space 87424K, 100% used [0x00000000e0000000, 0x00000000e5560000, 0x00000000e5560000)
  from space 21824K,  56% used [0x00000000e6ab0000, 0x00000000e76d2fb8, 0x00000000e8000000)
  to   space 21824K,   0% used [0x00000000e5560000, 0x00000000e5560000, 0x00000000e6ab0000)
 concurrent mark-sweep generation total 393216K, used 0K [0x00000000e8000000, 0x0000000100000000, 0x0000000100000000)
 Metaspace       used 20033K, capacity 20366K, committed 20736K, reserved 1067008K
  class space    used 2297K, capacity 2471K, committed 2560K, reserved 1048576K
2017-02-10T19:01:16.026+0100: 2,448: [GC (Allocation Failure) 2017-02-10T19:01:16.026+0100: 2,448: [ParNew
Desired survivor size 20112992 bytes, new threshold 8 (max 8)
- age   1:    3720088 bytes,    3720088 total
- age   2:    6654024 bytes,   10374112 total
: 99851K->11780K(109248K), 0,0152197 secs] 99851K->11780K(502464K), 0,0152919 secs] [Times: user=0,05 sys=0,01, real=0,02 secs] 
Heap after GC invocations=2 (full 0):
 par new generation   total 109248K, used 11780K [0x00000000e0000000, 0x00000000e8000000, 0x00000000e8000000)
  eden space 87424K,   0% used [0x00000000e0000000, 0x00000000e0000000, 0x00000000e5560000)
  from space 21824K,  53% used [0x00000000e5560000, 0x00000000e60e13d0, 0x00000000e6ab0000)
  to   space 21824K,   0% used [0x00000000e6ab0000, 0x00000000e6ab0000, 0x00000000e8000000)
 concurrent mark-sweep generation total 393216K, used 0K [0x00000000e8000000, 0x0000000100000000, 0x0000000100000000)
 Metaspace       used 20033K, capacity 20366K, committed 20736K, reserved 1067008K
  class space    used 2297K, capacity 2471K, committed 2560K, reserved 1048576K
}
2017-02-10T19:01:16.041+0100: 2,463: Total time for which application threads were stopped: 0,0154764 seconds, Stopping threads took: 0,0000494 seconds
2017-02-10T19:01:16.072+0100: 2,493: Total time for which application threads were stopped: 0,0003655 seconds, Stopping threads took: 0,0000654 seconds
2017-02-10T19:01:16.206+0100: 2,628: Total time for which application threads were stopped: 0,0028594 seconds, Stopping threads took: 0,0027019 seconds
{Heap before GC invocations=2 (full 0):
 par new generation   total 109248K, used 99204K [0x00000000e0000000, 0x00000000e8000000, 0x00000000e8000000)
  eden space 87424K, 100% used [0x00000000e0000000, 0x00000000e5560000, 0x00000000e5560000)
  from space 21824K,  53% used [0x00000000e5560000, 0x00000000e60e13d0, 0x00000000e6ab0000)
  to   space 21824K,   0% used [0x00000000e6ab0000, 0x00000000e6ab0000, 0x00000000e8000000)
 concurrent mark-sweep generation total 393216K, used 0K [0x00000000e8000000, 0x0000000100000000, 0x0000000100000000)
 Metaspace       used 20952K, capacity 21294K, committed 21552K, reserved 1069056K
  class space    used 2419K, capacity 2591K, committed 2608K, reserved 1048576K
2017-02-10T19:01:16.235+0100: 2,657: [GC (Allocation Failure) 2017-02-10T19:01:16.235+0100: 2,657: [ParNew
Desired survivor size 20112992 bytes, new threshold 8 (max 8)
- age   1:    2201080 bytes,    2201080 total
- age   2:     845872 bytes,    3046952 total
- age   3:    6651432 bytes,    9698384 total
: 99204K->14342K(109248K), 0,0121192 secs] 99204K->14342K(502464K), 0,0122113 secs] [Times: user=0,04 sys=0,00, real=0,02 secs] 
Heap after GC invocations=3 (full 0):
 par new generation   total 109248K, used 14342K [0x00000000e0000000, 0x00000000e8000000, 0x00000000e8000000)
  eden space 87424K,   0% used [0x00000000e0000000, 0x00000000e0000000, 0x00000000e5560000)
  from space 21824K,  65% used [0x00000000e6ab0000, 0x00000000e78b1a80, 0x00000000e8000000)
  to   space 21824K,   0% used [0x00000000e5560000, 0x00000000e5560000, 0x00000000e6ab0000)
 concurrent mark-sweep generation total 393216K, used 0K [0x00000000e8000000, 0x0000000100000000, 0x0000000100000000)
 Metaspace       used 20952K, capacity 21294K, committed 21552K, reserved 1069056K
  class space    used 2419K, capacity 2591K, committed 2608K, reserved 1048576K
}
2017-02-10T19:01:16.247+0100: 2,669: Total time for which application threads were stopped: 0,0124740 seconds, Stopping threads took: 0,0000905 seconds
2017-02-10T19:01:16.248+0100: 2,669: [GC (CMS Initial Mark) [1 CMS-initial-mark: 0K(393216K)] 15780K(502464K), 0,0049297 secs] [Times: user=0,01 sys=0,00, real=0,00 secs] 
2017-02-10T19:01:16.253+0100: 2,674: Total time for which application threads were stopped: 0,0050876 seconds, Stopping threads took: 0,0000492 seconds
2017-02-10T19:01:16.253+0100: 2,674: [CMS-concurrent-mark-start]
2017-02-10T19:01:16.253+0100: 2,675: [CMS-concurrent-mark: 0,001/0,001 secs] [Times: user=0,00 sys=0,00, real=0,00 secs] 
2017-02-10T19:01:16.253+0100: 2,675: [CMS-concurrent-preclean-start]
2017-02-10T19:01:16.255+0100: 2,676: [CMS-concurrent-preclean: 0,001/0,001 secs] [Times: user=0,01 sys=0,00, real=0,00 secs] 
2017-02-10T19:01:16.256+0100: 2,678: [GC (CMS Final Remark) [YG occupancy: 16495 K (109248 K)]{Heap before GC invocations=3 (full 1):
 par new generation   total 109248K, used 16495K [0x00000000e0000000, 0x00000000e8000000, 0x00000000e8000000)
  eden space 87424K,   2% used [0x00000000e0000000, 0x00000000e021a348, 0x00000000e5560000)
  from space 21824K,  65% used [0x00000000e6ab0000, 0x00000000e78b1a80, 0x00000000e8000000)
  to   space 21824K,   0% used [0x00000000e5560000, 0x00000000e5560000, 0x00000000e6ab0000)
 concurrent mark-sweep generation total 393216K, used 0K [0x00000000e8000000, 0x0000000100000000, 0x0000000100000000)
 Metaspace       used 20952K, capacity 21294K, committed 21552K, reserved 1069056K
  class space    used 2419K, capacity 2591K, committed 2608K, reserved 1048576K
2017-02-10T19:01:16.256+0100: 2,678: [GC (CMS Final Remark) 2017-02-10T19:01:16.256+0100: 2,678: [ParNew
Desired survivor size 20112992 bytes, new threshold 8 (max 8)
- age   1:       4264 bytes,       4264 total
- age   2:    1729376 bytes,    1733640 total
- age   3:     816640 bytes,    2550280 total
- age   4:    6651504 bytes,    9201784 total
: 16495K->10705K(109248K), 0,0175567 secs] 16495K->10705K(502464K), 0,0176065 secs] [Times: user=0,06 sys=0,01, real=0,02 secs] 
Heap after GC invocations=4 (full 1):
 par new generation   total 109248K, used 10705K [0x00000000e0000000, 0x00000000e8000000, 0x00000000e8000000)
  eden space 87424K,   0% used [0x00000000e0000000, 0x00000000e0000000, 0x00000000e5560000)
  from space 21824K,  49% used [0x00000000e5560000, 0x00000000e5fd47b0, 0x00000000e6ab0000)
  to   space 21824K,   0% used [0x00000000e6ab0000, 0x00000000e6ab0000, 0x00000000e8000000)
 concurrent mark-sweep generation total 393216K, used 0K [0x00000000e8000000, 0x0000000100000000, 0x0000000100000000)
 Metaspace       used 20952K, capacity 21294K, committed 21552K, reserved 1069056K
  class space    used 2419K, capacity 2591K, committed 2608K, reserved 1048576K
}
2017-02-10T19:01:16.274+0100: 2,695: [Rescan (parallel) , 0,0042918 secs]2017-02-10T19:01:16.278+0100: 2,700: [weak refs processing, 0,0025824 secs]2017-02-10T19:01:16.281+0100: 2,702: [class unloading, 0,0029464 secs]2017-02-10T19:01:16.283+0100: 2,705: [scrub symbol table, 0,0024697 secs]2017-02-10T19:01:16.286+0100: 2,708: [scrub string table, 0,0003954 secs][1 CMS-remark: 0K(393216K)] 10705K(502464K), 0,0309342 secs] [Times: user=0,10 sys=0,01, real=0,04 secs] 
2017-02-10T19:01:16.287+0100: 2,709: Total time for which application threads were stopped: 0,0314224 seconds, Stopping threads took: 0,0004060 seconds
2017-02-10T19:01:16.287+0100: 2,709: [CMS-concurrent-sweep-start]
2017-02-10T19:01:16.287+0100: 2,709: [CMS-concurrent-sweep: 0,000/0,000 secs] [Times: user=0,00 sys=0,00, real=0,00 secs] 
2017-02-10T19:01:16.287+0100: 2,709: [CMS-concurrent-reset-start]
2017-02-10T19:01:16.290+0100: 2,711: [CMS-concurrent-reset: 0,003/0,003 secs] [Times: user=0,00 sys=0,00, real=0,00 secs] 
{Heap before GC invocations=4 (full 1):
 par new generation   total 109248K, used 98118K [0x00000000e0000000, 0x00000000e8000000, 0x00000000e8000000)
  eden space 87424K,  99% used [0x00000000e0000000, 0x00000000e555d140, 0x00000000e5560000)
  from space 21824K,  49% used [0x00000000e5560000, 0x00000000e5fd47b0, 0x00000000e6ab0000)
  to   space 21824K,   0% used [0x00000000e6ab0000, 0x00000000e6ab0000, 0x00000000e8000000)
 concurrent mark-sweep generation total 393216K, used 0K [0x00000000e8000000, 0x0000000100000000, 0x0000000100000000)
 Metaspace       used 21208K, capacity 21582K, committed 21808K, reserved 1069056K
  class space    used 2450K, capacity 2608K, committed 2608K, reserved 1048576K
2017-02-10T19:01:16.376+0100: 2,798: [GC (Allocation Failure) 2017-02-10T19:01:16.376+0100: 2,798: [ParNew
Desired survivor size 20112992 bytes, new threshold 8 (max 8)
- age   1:     927064 bytes,     927064 total
- age   2:        144 bytes,     927208 total
- age   3:    1453520 bytes,    2380728 total
- age   4:     812496 bytes,    3193224 total
- age   5:    6651408 bytes,    9844632 total
: 98118K->13875K(109248K), 0,0109033 secs] 98118K->13875K(502464K), 0,0109747 secs] [Times: user=0,04 sys=0,00, real=0,02 secs] 
Heap after GC invocations=5 (full 1):
 par new generation   total 109248K, used 13875K [0x00000000e0000000, 0x00000000e8000000, 0x00000000e8000000)
  eden space 87424K,   0% used [0x00000000e0000000, 0x00000000e0000000, 0x00000000e5560000)
  from space 21824K,  63% used [0x00000000e6ab0000, 0x00000000e783cfa8, 0x00000000e8000000)
  to   space 21824K,   0% used [0x00000000e5560000, 0x00000000e5560000, 0x00000000e6ab0000)
 concurrent mark-sweep generation total 393216K, used 0K [0x00000000e8000000, 0x0000000100000000, 0x0000000100000000)
 Metaspace       used 21208K, capacity 21582K, committed 21808K, reserved 1069056K
  class space    used 2450K, capacity 2608K, committed 2608K, reserved 1048576K
}
2017-02-10T19:01:16.387+0100: 2,809: Total time for which application threads were stopped: 0,0113344 seconds, Stopping threads took: 0,0001288 seconds
{Heap before GC invocations=5 (full 1):
 par new generation   total 109248K, used 101299K [0x00000000e0000000, 0x00000000e8000000, 0x00000000e8000000)
  eden space 87424K, 100% used [0x00000000e0000000, 0x00000000e5560000, 0x00000000e5560000)
  from space 21824K,  63% used [0x00000000e6ab0000, 0x00000000e783cfa8, 0x00000000e8000000)
  to   space 21824K,   0% used [0x00000000e5560000, 0x00000000e5560000, 0x00000000e6ab0000)
 concurrent mark-sweep generation total 393216K, used 0K [0x00000000e8000000, 0x0000000100000000, 0x0000000100000000)
 Metaspace       used 21589K, capacity 21972K, committed 22192K, reserved 1069056K
  class space    used 2503K, capacity 2673K, committed 2736K, reserved 1048576K
2017-02-10T19:01:16.498+0100: 2,919: [GC (Allocation Failure) 2017-02-10T19:01:16.498+0100: 2,919: [ParNew
Desired survivor size 20112992 bytes, new threshold 8 (max 8)
- age   1:     736360 bytes,     736360 total
- age   2:     185216 bytes,     921576 total
- age   3:        144 bytes,     921720 total
- age   4:    1063592 bytes,    1985312 total
- age   5:     810480 bytes,    2795792 total
- age   6:    6651664 bytes,    9447456 total
: 101299K->12571K(109248K), 0,0110916 secs] 101299K->12571K(502464K), 0,0111644 secs] [Times: user=0,03 sys=0,00, real=0,02 secs] 
Heap after GC invocations=6 (full 1):
 par new generation   total 109248K, used 12571K [0x00000000e0000000, 0x00000000e8000000, 0x00000000e8000000)
  eden space 87424K,   0% used [0x00000000e0000000, 0x00000000e0000000, 0x00000000e5560000)
  from space 21824K,  57% used [0x00000000e5560000, 0x00000000e61a6f80, 0x00000000e6ab0000)
  to   space 21824K,   0% used [0x00000000e6ab0000, 0x00000000e6ab0000, 0x00000000e8000000)
 concurrent mark-sweep generation total 393216K, used 0K [0x00000000e8000000, 0x0000000100000000, 0x0000000100000000)
 Metaspace       used 21589K, capacity 21972K, committed 22192K, reserved 1069056K
  class space    used 2503K, capacity 2673K, committed 2736K, reserved 1048576K
}
2017-02-10T19:01:16.509+0100: 2,931: Total time for which application threads were stopped: 0,0113986 seconds, Stopping threads took: 0,0000732 seconds
2017-02-10T19:01:16.510+0100: 2,932: Total time for which application threads were stopped: 0,0003374 seconds, Stopping threads took: 0,0000436 seconds
2017-02-10T19:01:16.702+0100: 3,123: Total time for which application threads were stopped: 0,0004375 seconds, Stopping threads took: 0,0000526 seconds
2017-02-10T19:01:16.715+0100: 3,137: Total time for which application threads were stopped: 0,0003560 seconds, Stopping threads took: 0,0000267 seconds
{Heap before GC invocations=6 (full 1):
 par new generation   total 109248K, used 99995K [0x00000000e0000000, 0x00000000e8000000, 0x00000000e8000000)
  eden space 87424K, 100% used [0x00000000e0000000, 0x00000000e5560000, 0x00000000e5560000)
  from space 21824K,  57% used [0x00000000e5560000, 0x00000000e61a6f80, 0x00000000e6ab0000)
  to   space 21824K,   0% used [0x00000000e6ab0000, 0x00000000e6ab0000, 0x00000000e8000000)
 concurrent mark-sweep generation total 393216K, used 0K [0x00000000e8000000, 0x0000000100000000, 0x0000000100000000)
 Metaspace       used 24943K, capacity 25478K, committed 25648K, reserved 1071104K
  class space    used 2909K, capacity 3114K, committed 3120K, reserved 1048576K
2017-02-10T19:01:16.995+0100: 3,416: [GC (Allocation Failure) 2017-02-10T19:01:16.995+0100: 3,416: [ParNew
Desired survivor size 20112992 bytes, new threshold 8 (max 8)
- age   1:    4928576 bytes,    4928576 total
- age   2:     152264 bytes,    5080840 total
- age   3:     179160 bytes,    5260000 total
- age   4:        144 bytes,    5260144 total
- age   5:     280624 bytes,    5540768 total
- age   6:     790528 bytes,    6331296 total
- age   7:    6645448 bytes,   12976744 total
: 99995K->14569K(109248K), 0,0163316 secs] 99995K->14569K(502464K), 0,0164102 secs] [Times: user=0,06 sys=0,00, real=0,02 secs] 
Heap after GC invocations=7 (full 1):
 par new generation   total 109248K, used 14569K [0x00000000e0000000, 0x00000000e8000000, 0x00000000e8000000)
  eden space 87424K,   0% used [0x00000000e0000000, 0x00000000e0000000, 0x00000000e5560000)
  from space 21824K,  66% used [0x00000000e6ab0000, 0x00000000e78ea660, 0x00000000e8000000)
  to   space 21824K,   0% used [0x00000000e5560000, 0x00000000e5560000, 0x00000000e6ab0000)
 concurrent mark-sweep generation total 393216K, used 0K [0x00000000e8000000, 0x0000000100000000, 0x0000000100000000)
 Metaspace       used 24943K, capacity 25478K, committed 25648K, reserved 1071104K
  class space    used 2909K, capacity 3114K, committed 3120K, reserved 1048576K
}
2017-02-10T19:01:17.011+0100: 3,433: Total time for which application threads were stopped: 0,0168226 seconds, Stopping threads took: 0,0001712 seconds
2017-02-10T19:01:17.146+0100: 3,567: Total time for which application threads were stopped: 0,0004355 seconds, Stopping threads took: 0,0000237 seconds
2017-02-10T19:01:17.160+0100: 3,582: Total time for which application threads were stopped: 0,0003747 seconds, Stopping threads took: 0,0000366 seconds
2017-02-10T19:01:17.213+0100: 3,635: Total time for which application threads were stopped: 0,0004882 seconds, Stopping threads took: 0,0000342 seconds
2017-02-10T19:01:17.629+0100: 4,050: Total time for which application threads were stopped: 0,0004880 seconds, Stopping threads took: 0,0000428 seconds
2017-02-10T19:01:45.016+0100: 32,059: Total time for which application threads were stopped: 0,0000920 seconds, Stopping threads took: 0,0000385 seconds
2017-02-10T19:02:45.023+0100: 92,067: Total time for which application threads were stopped: 0,0000849 seconds, Stopping threads took: 0,0000335 seconds
2017-02-10T19:03:20.027+0100: 127,071: Total time for which application threads were stopped: 0,0001793 seconds, Stopping threads took: 0,0000749 seconds
2017-02-10T19:03:30.029+0100: 137,072: Total time for which application threads were stopped: 0,0001753 seconds, Stopping threads took: 0,0000666 seconds
2017-02-10T19:04:19.035+0100: 186,079: Total time for which application threads were stopped: 0,0000913 seconds, Stopping threads took: 0,0000355 seconds
2017-02-10T19:05:35.047+0100: 262,091: Total time for which application threads were stopped: 0,0001713 seconds, Stopping threads took: 0,0000629 seconds
2017-02-10T19:05:49.050+0100: 276,094: Total time for which application threads were stopped: 0,0001439 seconds, Stopping threads took: 0,0000349 seconds
2017-02-10T19:24:45.232+0100: 1412,276: Total time for which application threads were stopped: 0,0001729 seconds, Stopping threads took: 0,0000641 seconds
2017-02-10T19:29:29.279+0100: 1696,323: Total time for which application threads were stopped: 0,0000809 seconds, Stopping threads took: 0,0000300 seconds
2017-02-10T22:15:03.227+0100: 2306,224: Total time for which application threads were stopped: 0,0001171 seconds, Stopping threads took: 0,0000432 seconds
2017-02-10T22:15:04.227+0100: 2307,224: Total time for which application threads were stopped: 0,0000659 seconds, Stopping threads took: 0,0000146 seconds
2017-02-10T22:15:08.228+0100: 2311,225: Total time for which application threads were stopped: 0,0000654 seconds, Stopping threads took: 0,0000147 seconds
2017-02-10T22:16:23.237+0100: 2386,234: Total time for which application threads were stopped: 0,0000812 seconds, Stopping threads took: 0,0000278 seconds
2017-02-10T22:20:09.266+0100: 2612,263: Total time for which application threads were stopped: 0,0000947 seconds, Stopping threads took: 0,0000345 seconds
2017-02-10T22:20:39.270+0100: 2642,267: Total time for which application threads were stopped: 0,0001166 seconds, Stopping threads took: 0,0000436 seconds
2017-02-10T22:22:33.285+0100: 2756,282: Total time for which application threads were stopped: 0,0001482 seconds, Stopping threads took: 0,0000515 seconds
2017-02-10T22:29:54.801+0100: 3197,332: Total time for which application threads were stopped: 0,0000940 seconds, Stopping threads took: 0,0000306 seconds
2017-02-10T22:36:39.842+0100: 3602,374: Total time for which application threads were stopped: 0,0001288 seconds, Stopping threads took: 0,0000339 seconds
2017-02-10T22:37:39.848+0100: 3662,380: Total time for which application threads were stopped: 0,0005544 seconds, Stopping threads took: 0,0001859 seconds
2017-02-10T22:38:23.853+0100: 3706,384: Total time for which application threads were stopped: 0,0004787 seconds, Stopping threads took: 0,0002405 seconds
2017-02-10T22:40:28.866+0100: 3831,397: Total time for which application threads were stopped: 0,0001268 seconds, Stopping threads took: 0,0000344 seconds
2017-02-10T22:40:33.867+0100: 3836,398: Total time for which application threads were stopped: 0,0002734 seconds, Stopping threads took: 0,0000584 seconds
2017-02-10T23:10:00.063+0100: 5602,594: Total time for which application threads were stopped: 0,0000915 seconds, Stopping threads took: 0,0000310 seconds
2017-02-10T23:21:10.131+0100: 6272,662: Total time for which application threads were stopped: 0,0001311 seconds, Stopping threads took: 0,0000520 seconds
2017-02-10T23:30:32.728+0100: 6835,259: Total time for which application threads were stopped: 0,0088478 seconds, Stopping threads took: 0,0087243 seconds
2017-02-10T23:30:32.742+0100: 6835,273: Total time for which application threads were stopped: 0,0001979 seconds, Stopping threads took: 0,0000751 seconds
2017-02-10T23:30:32.749+0100: 6835,280: Total time for which application threads were stopped: 0,0013858 seconds, Stopping threads took: 0,0012587 seconds
2017-02-10T23:30:32.751+0100: 6835,282: Total time for which application threads were stopped: 0,0001307 seconds, Stopping threads took: 0,0000376 seconds
Heap
 par new generation   total 109248K, used 78198K [0x00000000e0000000, 0x00000000e8000000, 0x00000000e8000000)
  eden space 87424K,  72% used [0x00000000e0000000, 0x00000000e3e23548, 0x00000000e5560000)
  from space 21824K,  66% used [0x00000000e6ab0000, 0x00000000e78ea660, 0x00000000e8000000)
  to   space 21824K,   0% used [0x00000000e5560000, 0x00000000e5560000, 0x00000000e6ab0000)
 concurrent mark-sweep generation total 393216K, used 0K [0x00000000e8000000, 0x0000000100000000, 0x0000000100000000)
 Metaspace       used 28007K, capacity 28590K, committed 28848K, reserved 1075200K
  class space    used 3231K, capacity 3400K, committed 3504K, reserved 1048576K
