OpenJDK 64-Bit Server VM (25.131-b11) for linux-amd64 JRE (1.8.0_131-8u131-b11-0ubuntu1.16.04.2-b11), built on May  6 2017 02:45:27 by "buildd" with gcc 5.4.0 20160609
Memory: 4k page, physical 7867740k(7329336k free), swap 8076284k(8076284k free)
CommandLine flags: -XX:CMSInitiatingOccupancyFraction=50 -XX:CMSMaxAbortablePrecleanTime=6000 -XX:+CMSParallelRemarkEnabled -XX:+CMSScavengeBeforeRemark -XX:ConcGCThreads=4 -XX:InitialHeapSize=536870912 -XX:MaxHeapSize=536870912 -XX:MaxTenuringThreshold=8 -XX:NewRatio=3 -XX:OldPLABSize=16 -XX:OnOutOfMemoryError=/opt/solr/bin/oom_solr.sh 8983 /var/solr/logs -XX:ParallelGCThreads=4 -XX:+ParallelRefProcEnabled -XX:PretenureSizeThreshold=67108864 -XX:+PrintGC -XX:+PrintGCApplicationStoppedTime -XX:+PrintGCDateStamps -XX:+PrintGCDetails -XX:+PrintGCTimeStamps -XX:+PrintHeapAtGC -XX:+PrintTenuringDistribution -XX:SurvivorRatio=4 -XX:TargetSurvivorRatio=90 -XX:ThreadStackSize=256 -XX:+UseCMSInitiatingOccupancyOnly -XX:+UseCompressedClassPointers -XX:+UseCompressedOops -XX:+UseConcMarkSweepGC -XX:+UseParNewGC 
2017-05-26T13:05:20.833+0200: 0,191: Total time for which application threads were stopped: 0,0001062 seconds, Stopping threads took: 0,0000226 seconds
2017-05-26T13:05:20.967+0200: 0,325: Total time for which application threads were stopped: 0,0001192 seconds, Stopping threads took: 0,0000221 seconds
2017-05-26T13:05:20.992+0200: 0,350: Total time for which application threads were stopped: 0,0001092 seconds, Stopping threads took: 0,0000216 seconds
2017-05-26T13:05:21.298+0200: 0,656: Total time for which application threads were stopped: 0,0001911 seconds, Stopping threads took: 0,0000238 seconds
2017-05-26T13:05:21.874+0200: 1,232: Total time for which application threads were stopped: 0,0001626 seconds, Stopping threads took: 0,0000260 seconds
2017-05-26T13:05:21.956+0200: 1,314: Total time for which application threads were stopped: 0,0002054 seconds, Stopping threads took: 0,0000215 seconds
2017-05-26T13:05:22.006+0200: 1,364: Total time for which application threads were stopped: 0,0011805 seconds, Stopping threads took: 0,0002461 seconds
2017-05-26T13:05:22.386+0200: 1,744: Total time for which application threads were stopped: 0,0001921 seconds, Stopping threads took: 0,0000180 seconds
2017-05-26T13:05:22.715+0200: 2,073: Total time for which application threads were stopped: 0,0002892 seconds, Stopping threads took: 0,0000320 seconds
2017-05-26T13:05:22.738+0200: 2,096: Total time for which application threads were stopped: 0,0003471 seconds, Stopping threads took: 0,0000261 seconds
2017-05-26T13:05:22.776+0200: 2,134: Total time for which application threads were stopped: 0,0002827 seconds, Stopping threads took: 0,0000404 seconds
2017-05-26T13:05:22.777+0200: 2,135: Total time for which application threads were stopped: 0,0002404 seconds, Stopping threads took: 0,0000297 seconds
2017-05-26T13:05:22.792+0200: 2,150: Total time for which application threads were stopped: 0,0001812 seconds, Stopping threads took: 0,0000157 seconds
2017-05-26T13:05:22.874+0200: 2,232: Total time for which application threads were stopped: 0,0002770 seconds, Stopping threads took: 0,0000218 seconds
2017-05-26T13:05:23.086+0200: 2,444: Total time for which application threads were stopped: 0,0030470 seconds, Stopping threads took: 0,0027991 seconds
{Heap before GC invocations=0 (full 0):
 par new generation   total 109248K, used 87424K [0x00000000e0000000, 0x00000000e8000000, 0x00000000e8000000)
  eden space 87424K, 100% used [0x00000000e0000000, 0x00000000e5560000, 0x00000000e5560000)
  from space 21824K,   0% used [0x00000000e5560000, 0x00000000e5560000, 0x00000000e6ab0000)
  to   space 21824K,   0% used [0x00000000e6ab0000, 0x00000000e6ab0000, 0x00000000e8000000)
 concurrent mark-sweep generation total 393216K, used 0K [0x00000000e8000000, 0x0000000100000000, 0x0000000100000000)
 Metaspace       used 17864K, capacity 18176K, committed 18304K, reserved 1064960K
  class space    used 2024K, capacity 2164K, committed 2176K, reserved 1048576K
2017-05-26T13:05:23.157+0200: 2,515: [GC (Allocation Failure) 2017-05-26T13:05:23.157+0200: 2,515: [ParNew
Desired survivor size 20112992 bytes, new threshold 8 (max 8)
- age   1:   11798184 bytes,   11798184 total
: 87424K->11623K(109248K), 0,0202671 secs] 87424K->11623K(502464K), 0,0203411 secs] [Times: user=0,06 sys=0,00, real=0,02 secs] 
Heap after GC invocations=1 (full 0):
 par new generation   total 109248K, used 11623K [0x00000000e0000000, 0x00000000e8000000, 0x00000000e8000000)
  eden space 87424K,   0% used [0x00000000e0000000, 0x00000000e0000000, 0x00000000e5560000)
  from space 21824K,  53% used [0x00000000e6ab0000, 0x00000000e7609c28, 0x00000000e8000000)
  to   space 21824K,   0% used [0x00000000e5560000, 0x00000000e5560000, 0x00000000e6ab0000)
 concurrent mark-sweep generation total 393216K, used 0K [0x00000000e8000000, 0x0000000100000000, 0x0000000100000000)
 Metaspace       used 17864K, capacity 18176K, committed 18304K, reserved 1064960K
  class space    used 2024K, capacity 2164K, committed 2176K, reserved 1048576K
}
2017-05-26T13:05:23.177+0200: 2,535: Total time for which application threads were stopped: 0,0205454 seconds, Stopping threads took: 0,0000528 seconds
2017-05-26T13:05:23.620+0200: 2,978: Total time for which application threads were stopped: 0,0003285 seconds, Stopping threads took: 0,0000306 seconds
{Heap before GC invocations=1 (full 0):
 par new generation   total 109248K, used 99047K [0x00000000e0000000, 0x00000000e8000000, 0x00000000e8000000)
  eden space 87424K, 100% used [0x00000000e0000000, 0x00000000e5560000, 0x00000000e5560000)
  from space 21824K,  53% used [0x00000000e6ab0000, 0x00000000e7609c28, 0x00000000e8000000)
  to   space 21824K,   0% used [0x00000000e5560000, 0x00000000e5560000, 0x00000000e6ab0000)
 concurrent mark-sweep generation total 393216K, used 0K [0x00000000e8000000, 0x0000000100000000, 0x0000000100000000)
 Metaspace       used 20015K, capacity 20350K, committed 20736K, reserved 1067008K
  class space    used 2292K, capacity 2465K, committed 2560K, reserved 1048576K
2017-05-26T13:05:23.672+0200: 3,031: [GC (Allocation Failure) 2017-05-26T13:05:23.673+0200: 3,031: [ParNew
Desired survivor size 20112992 bytes, new threshold 8 (max 8)
- age   1:    4065528 bytes,    4065528 total
- age   2:    6364560 bytes,   10430088 total
: 99047K->13175K(109248K), 0,0228439 secs] 99047K->13175K(502464K), 0,0229275 secs] [Times: user=0,07 sys=0,00, real=0,02 secs] 
Heap after GC invocations=2 (full 0):
 par new generation   total 109248K, used 13175K [0x00000000e0000000, 0x00000000e8000000, 0x00000000e8000000)
  eden space 87424K,   0% used [0x00000000e0000000, 0x00000000e0000000, 0x00000000e5560000)
  from space 21824K,  60% used [0x00000000e5560000, 0x00000000e623dc60, 0x00000000e6ab0000)
  to   space 21824K,   0% used [0x00000000e6ab0000, 0x00000000e6ab0000, 0x00000000e8000000)
 concurrent mark-sweep generation total 393216K, used 0K [0x00000000e8000000, 0x0000000100000000, 0x0000000100000000)
 Metaspace       used 20015K, capacity 20350K, committed 20736K, reserved 1067008K
  class space    used 2292K, capacity 2465K, committed 2560K, reserved 1048576K
}
2017-05-26T13:05:23.695+0200: 3,054: Total time for which application threads were stopped: 0,0232057 seconds, Stopping threads took: 0,0000497 seconds
2017-05-26T13:05:23.706+0200: 3,064: Total time for which application threads were stopped: 0,0012075 seconds, Stopping threads took: 0,0007668 seconds
2017-05-26T13:05:23.766+0200: 3,124: Total time for which application threads were stopped: 0,0004019 seconds, Stopping threads took: 0,0000612 seconds
2017-05-26T13:05:23.955+0200: 3,313: Total time for which application threads were stopped: 0,0012116 seconds, Stopping threads took: 0,0002668 seconds
{Heap before GC invocations=2 (full 0):
 par new generation   total 109248K, used 100599K [0x00000000e0000000, 0x00000000e8000000, 0x00000000e8000000)
  eden space 87424K, 100% used [0x00000000e0000000, 0x00000000e5560000, 0x00000000e5560000)
  from space 21824K,  60% used [0x00000000e5560000, 0x00000000e623dc60, 0x00000000e6ab0000)
  to   space 21824K,   0% used [0x00000000e6ab0000, 0x00000000e6ab0000, 0x00000000e8000000)
 concurrent mark-sweep generation total 393216K, used 0K [0x00000000e8000000, 0x0000000100000000, 0x0000000100000000)
 Metaspace       used 20933K, capacity 21272K, committed 21552K, reserved 1069056K
  class space    used 2414K, capacity 2584K, committed 2608K, reserved 1048576K
2017-05-26T13:05:23.980+0200: 3,338: [GC (Allocation Failure) 2017-05-26T13:05:23.980+0200: 3,338: [ParNew
Desired survivor size 20112992 bytes, new threshold 8 (max 8)
- age   1:    2197664 bytes,    2197664 total
- age   2:    1142400 bytes,    3340064 total
- age   3:    6362656 bytes,    9702720 total
: 100599K->11403K(109248K), 0,0382229 secs] 100599K->11403K(502464K), 0,0383014 secs] [Times: user=0,11 sys=0,00, real=0,04 secs] 
Heap after GC invocations=3 (full 0):
 par new generation   total 109248K, used 11403K [0x00000000e0000000, 0x00000000e8000000, 0x00000000e8000000)
  eden space 87424K,   0% used [0x00000000e0000000, 0x00000000e0000000, 0x00000000e5560000)
  from space 21824K,  52% used [0x00000000e6ab0000, 0x00000000e75d2e00, 0x00000000e8000000)
  to   space 21824K,   0% used [0x00000000e5560000, 0x00000000e5560000, 0x00000000e6ab0000)
 concurrent mark-sweep generation total 393216K, used 0K [0x00000000e8000000, 0x0000000100000000, 0x0000000100000000)
 Metaspace       used 20933K, capacity 21272K, committed 21552K, reserved 1069056K
  class space    used 2414K, capacity 2584K, committed 2608K, reserved 1048576K
}
2017-05-26T13:05:24.018+0200: 3,376: Total time for which application threads were stopped: 0,0385411 seconds, Stopping threads took: 0,0000933 seconds
2017-05-26T13:05:24.022+0200: 3,380: [GC (CMS Initial Mark) [1 CMS-initial-mark: 0K(393216K)] 12113K(502464K), 0,0052122 secs] [Times: user=0,02 sys=0,00, real=0,01 secs] 
2017-05-26T13:05:24.027+0200: 3,385: Total time for which application threads were stopped: 0,0088154 seconds, Stopping threads took: 0,0034736 seconds
2017-05-26T13:05:24.027+0200: 3,385: [CMS-concurrent-mark-start]
2017-05-26T13:05:24.040+0200: 3,398: [CMS-concurrent-mark: 0,013/0,013 secs] [Times: user=0,03 sys=0,00, real=0,01 secs] 
2017-05-26T13:05:24.040+0200: 3,398: [CMS-concurrent-preclean-start]
2017-05-26T13:05:24.041+0200: 3,399: [CMS-concurrent-preclean: 0,001/0,001 secs] [Times: user=0,00 sys=0,00, real=0,00 secs] 
2017-05-26T13:05:24.041+0200: 3,399: [CMS-concurrent-abortable-preclean-start]
{Heap before GC invocations=3 (full 1):
 par new generation   total 109248K, used 98827K [0x00000000e0000000, 0x00000000e8000000, 0x00000000e8000000)
  eden space 87424K, 100% used [0x00000000e0000000, 0x00000000e5560000, 0x00000000e5560000)
  from space 21824K,  52% used [0x00000000e6ab0000, 0x00000000e75d2e00, 0x00000000e8000000)
  to   space 21824K,   0% used [0x00000000e5560000, 0x00000000e5560000, 0x00000000e6ab0000)
 concurrent mark-sweep generation total 393216K, used 0K [0x00000000e8000000, 0x0000000100000000, 0x0000000100000000)
 Metaspace       used 21231K, capacity 21548K, committed 21628K, reserved 1069056K
  class space    used 2445K, capacity 2599K, committed 2608K, reserved 1048576K
2017-05-26T13:05:24.236+0200: 3,594: [GC (Allocation Failure) 2017-05-26T13:05:24.236+0200: 3,594: [ParNew
Desired survivor size 20112992 bytes, new threshold 8 (max 8)
- age   1:     781472 bytes,     781472 total
- age   2:    1454288 bytes,    2235760 total
- age   3:    1109448 bytes,    3345208 total
- age   4:    6362656 bytes,    9707864 total
: 98827K->14930K(109248K), 0,0247978 secs] 98827K->14930K(502464K), 0,0248777 secs] [Times: user=0,05 sys=0,00, real=0,03 secs] 
Heap after GC invocations=4 (full 1):
 par new generation   total 109248K, used 14930K [0x00000000e0000000, 0x00000000e8000000, 0x00000000e8000000)
  eden space 87424K,   0% used [0x00000000e0000000, 0x00000000e0000000, 0x00000000e5560000)
  from space 21824K,  68% used [0x00000000e5560000, 0x00000000e63f4bc8, 0x00000000e6ab0000)
  to   space 21824K,   0% used [0x00000000e6ab0000, 0x00000000e6ab0000, 0x00000000e8000000)
 concurrent mark-sweep generation total 393216K, used 0K [0x00000000e8000000, 0x0000000100000000, 0x0000000100000000)
 Metaspace       used 21231K, capacity 21548K, committed 21628K, reserved 1069056K
  class space    used 2445K, capacity 2599K, committed 2608K, reserved 1048576K
}
2017-05-26T13:05:24.261+0200: 3,619: Total time for which application threads were stopped: 0,0251665 seconds, Stopping threads took: 0,0000824 seconds
2017-05-26T13:05:24.323+0200: 3,681: Total time for which application threads were stopped: 0,0095452 seconds, Stopping threads took: 0,0094148 seconds
2017-05-26T13:05:24.330+0200: 3,688: [CMS-concurrent-abortable-preclean: 0,096/0,289 secs] [Times: user=0,71 sys=0,01, real=0,29 secs] 
2017-05-26T13:05:24.341+0200: 3,699: [GC (CMS Final Remark) [YG occupancy: 58704 K (109248 K)]{Heap before GC invocations=4 (full 1):
 par new generation   total 109248K, used 58704K [0x00000000e0000000, 0x00000000e8000000, 0x00000000e8000000)
  eden space 87424K,  50% used [0x00000000e0000000, 0x00000000e2abf690, 0x00000000e5560000)
  from space 21824K,  68% used [0x00000000e5560000, 0x00000000e63f4bc8, 0x00000000e6ab0000)
  to   space 21824K,   0% used [0x00000000e6ab0000, 0x00000000e6ab0000, 0x00000000e8000000)
 concurrent mark-sweep generation total 393216K, used 0K [0x00000000e8000000, 0x0000000100000000, 0x0000000100000000)
 Metaspace       used 21313K, capacity 21644K, committed 21756K, reserved 1069056K
  class space    used 2455K, capacity 2631K, committed 2736K, reserved 1048576K
2017-05-26T13:05:24.341+0200: 3,699: [GC (CMS Final Remark) 2017-05-26T13:05:24.341+0200: 3,699: [ParNew
Desired survivor size 20112992 bytes, new threshold 8 (max 8)
- age   1:     376920 bytes,     376920 total
- age   2:     186696 bytes,     563616 total
- age   3:    1454224 bytes,    2017840 total
- age   4:    1107496 bytes,    3125336 total
- age   5:    6362736 bytes,    9488072 total
: 58704K->11257K(109248K), 0,0193252 secs] 58704K->11257K(502464K), 0,0193728 secs] [Times: user=0,05 sys=0,00, real=0,02 secs] 
Heap after GC invocations=5 (full 1):
 par new generation   total 109248K, used 11257K [0x00000000e0000000, 0x00000000e8000000, 0x00000000e8000000)
  eden space 87424K,   0% used [0x00000000e0000000, 0x00000000e0000000, 0x00000000e5560000)
  from space 21824K,  51% used [0x00000000e6ab0000, 0x00000000e75ae6a0, 0x00000000e8000000)
  to   space 21824K,   0% used [0x00000000e5560000, 0x00000000e5560000, 0x00000000e6ab0000)
 concurrent mark-sweep generation total 393216K, used 0K [0x00000000e8000000, 0x0000000100000000, 0x0000000100000000)
 Metaspace       used 21313K, capacity 21644K, committed 21756K, reserved 1069056K
  class space    used 2455K, capacity 2631K, committed 2736K, reserved 1048576K
}
2017-05-26T13:05:24.360+0200: 3,719: [Rescan (parallel) , 0,0050515 secs]2017-05-26T13:05:24.365+0200: 3,724: [weak refs processing, 0,0017515 secs]2017-05-26T13:05:24.367+0200: 3,725: [class unloading, 0,0038266 secs]2017-05-26T13:05:24.371+0200: 3,729: [scrub symbol table, 0,0036998 secs]2017-05-26T13:05:24.375+0200: 3,733: [scrub string table, 0,0004225 secs][1 CMS-remark: 0K(393216K)] 11257K(502464K), 0,0375660 secs] [Times: user=0,08 sys=0,00, real=0,04 secs] 
2017-05-26T13:05:24.378+0200: 3,737: Total time for which application threads were stopped: 0,0408156 seconds, Stopping threads took: 0,0031247 seconds
2017-05-26T13:05:24.379+0200: 3,737: [CMS-concurrent-sweep-start]
2017-05-26T13:05:24.379+0200: 3,737: [CMS-concurrent-sweep: 0,000/0,000 secs] [Times: user=0,00 sys=0,00, real=0,00 secs] 
2017-05-26T13:05:24.379+0200: 3,737: [CMS-concurrent-reset-start]
2017-05-26T13:05:24.380+0200: 3,738: [CMS-concurrent-reset: 0,002/0,002 secs] [Times: user=0,00 sys=0,00, real=0,00 secs] 
2017-05-26T13:05:24.473+0200: 3,831: Total time for which application threads were stopped: 0,0003355 seconds, Stopping threads took: 0,0000205 seconds
2017-05-26T13:05:24.724+0200: 4,082: Total time for which application threads were stopped: 0,0004182 seconds, Stopping threads took: 0,0000285 seconds
2017-05-26T13:05:24.762+0200: 4,120: Total time for which application threads were stopped: 0,0001006 seconds, Stopping threads took: 0,0000300 seconds
2017-05-26T13:05:24.762+0200: 4,120: Total time for which application threads were stopped: 0,0001050 seconds, Stopping threads took: 0,0000335 seconds
2017-05-26T13:05:24.770+0200: 4,129: Total time for which application threads were stopped: 0,0001546 seconds, Stopping threads took: 0,0000503 seconds
2017-05-26T13:05:24.771+0200: 4,129: Total time for which application threads were stopped: 0,0005819 seconds, Stopping threads took: 0,0004884 seconds
2017-05-26T13:05:24.772+0200: 4,130: Total time for which application threads were stopped: 0,0001206 seconds, Stopping threads took: 0,0000346 seconds
2017-05-26T13:05:24.772+0200: 4,130: Total time for which application threads were stopped: 0,0000750 seconds, Stopping threads took: 0,0000191 seconds
2017-05-26T13:05:24.772+0200: 4,130: Total time for which application threads were stopped: 0,0000550 seconds, Stopping threads took: 0,0000173 seconds
2017-05-26T13:05:24.773+0200: 4,131: Total time for which application threads were stopped: 0,0000897 seconds, Stopping threads took: 0,0000291 seconds
2017-05-26T13:05:24.773+0200: 4,131: Total time for which application threads were stopped: 0,0000429 seconds, Stopping threads took: 0,0000095 seconds
2017-05-26T13:05:24.773+0200: 4,131: Total time for which application threads were stopped: 0,0000517 seconds, Stopping threads took: 0,0000099 seconds
2017-05-26T13:05:24.773+0200: 4,131: Total time for which application threads were stopped: 0,0000490 seconds, Stopping threads took: 0,0000081 seconds
2017-05-26T13:05:24.773+0200: 4,131: Total time for which application threads were stopped: 0,0000487 seconds, Stopping threads took: 0,0000083 seconds
2017-05-26T13:05:24.774+0200: 4,132: Total time for which application threads were stopped: 0,0001315 seconds, Stopping threads took: 0,0000334 seconds
2017-05-26T13:05:24.774+0200: 4,132: Total time for which application threads were stopped: 0,0000500 seconds, Stopping threads took: 0,0000109 seconds
2017-05-26T13:05:24.779+0200: 4,137: Total time for which application threads were stopped: 0,0042835 seconds, Stopping threads took: 0,0041643 seconds
2017-05-26T13:05:24.779+0200: 4,138: Total time for which application threads were stopped: 0,0001438 seconds, Stopping threads took: 0,0000227 seconds
2017-05-26T13:05:24.779+0200: 4,138: Total time for which application threads were stopped: 0,0000712 seconds, Stopping threads took: 0,0000099 seconds
2017-05-26T13:05:24.780+0200: 4,138: Total time for which application threads were stopped: 0,0000985 seconds, Stopping threads took: 0,0000170 seconds
2017-05-26T13:05:24.780+0200: 4,139: Total time for which application threads were stopped: 0,0000923 seconds, Stopping threads took: 0,0000162 seconds
2017-05-26T13:05:24.780+0200: 4,139: Total time for which application threads were stopped: 0,0000813 seconds, Stopping threads took: 0,0000228 seconds
2017-05-26T13:05:24.781+0200: 4,139: Total time for which application threads were stopped: 0,0000643 seconds, Stopping threads took: 0,0000130 seconds
2017-05-26T13:05:24.781+0200: 4,139: Total time for which application threads were stopped: 0,0001348 seconds, Stopping threads took: 0,0000090 seconds
2017-05-26T13:05:24.783+0200: 4,141: Total time for which application threads were stopped: 0,0010517 seconds, Stopping threads took: 0,0009572 seconds
2017-05-26T13:05:24.783+0200: 4,141: Total time for which application threads were stopped: 0,0000552 seconds, Stopping threads took: 0,0000108 seconds
2017-05-26T13:05:24.783+0200: 4,141: Total time for which application threads were stopped: 0,0000520 seconds, Stopping threads took: 0,0000089 seconds
2017-05-26T13:05:24.783+0200: 4,142: Total time for which application threads were stopped: 0,0000525 seconds, Stopping threads took: 0,0000096 seconds
2017-05-26T13:05:24.783+0200: 4,142: Total time for which application threads were stopped: 0,0000516 seconds, Stopping threads took: 0,0000089 seconds
2017-05-26T13:05:24.784+0200: 4,142: Total time for which application threads were stopped: 0,0000651 seconds, Stopping threads took: 0,0000169 seconds
2017-05-26T13:05:24.784+0200: 4,142: Total time for which application threads were stopped: 0,0000524 seconds, Stopping threads took: 0,0000086 seconds
2017-05-26T13:05:24.784+0200: 4,142: Total time for which application threads were stopped: 0,0000464 seconds, Stopping threads took: 0,0000089 seconds
2017-05-26T13:05:24.784+0200: 4,142: Total time for which application threads were stopped: 0,0000441 seconds, Stopping threads took: 0,0000080 seconds
2017-05-26T13:05:24.784+0200: 4,142: Total time for which application threads were stopped: 0,0000442 seconds, Stopping threads took: 0,0000080 seconds
2017-05-26T13:05:24.785+0200: 4,143: Total time for which application threads were stopped: 0,0000521 seconds, Stopping threads took: 0,0000096 seconds
2017-05-26T13:05:24.785+0200: 4,143: Total time for which application threads were stopped: 0,0000456 seconds, Stopping threads took: 0,0000080 seconds
2017-05-26T13:05:24.785+0200: 4,143: Total time for which application threads were stopped: 0,0000531 seconds, Stopping threads took: 0,0000096 seconds
2017-05-26T13:05:24.785+0200: 4,143: Total time for which application threads were stopped: 0,0000456 seconds, Stopping threads took: 0,0000081 seconds
2017-05-26T13:05:24.785+0200: 4,143: Total time for which application threads were stopped: 0,0000448 seconds, Stopping threads took: 0,0000080 seconds
2017-05-26T13:05:24.785+0200: 4,143: Total time for which application threads were stopped: 0,0000439 seconds, Stopping threads took: 0,0000082 seconds
2017-05-26T13:05:24.785+0200: 4,143: Total time for which application threads were stopped: 0,0000456 seconds, Stopping threads took: 0,0000081 seconds
2017-05-26T13:05:24.785+0200: 4,143: Total time for which application threads were stopped: 0,0000445 seconds, Stopping threads took: 0,0000081 seconds
2017-05-26T13:05:24.785+0200: 4,144: Total time for which application threads were stopped: 0,0000597 seconds, Stopping threads took: 0,0000104 seconds
2017-05-26T13:05:24.785+0200: 4,144: Total time for which application threads were stopped: 0,0000448 seconds, Stopping threads took: 0,0000084 seconds
2017-05-26T13:05:24.786+0200: 4,144: Total time for which application threads were stopped: 0,0000603 seconds, Stopping threads took: 0,0000090 seconds
2017-05-26T13:05:24.786+0200: 4,144: Total time for which application threads were stopped: 0,0000439 seconds, Stopping threads took: 0,0000082 seconds
2017-05-26T13:05:24.786+0200: 4,144: Total time for which application threads were stopped: 0,0000480 seconds, Stopping threads took: 0,0000089 seconds
2017-05-26T13:05:24.786+0200: 4,144: Total time for which application threads were stopped: 0,0000430 seconds, Stopping threads took: 0,0000082 seconds
2017-05-26T13:05:24.786+0200: 4,144: Total time for which application threads were stopped: 0,0000439 seconds, Stopping threads took: 0,0000085 seconds
2017-05-26T13:05:24.786+0200: 4,144: Total time for which application threads were stopped: 0,0000550 seconds, Stopping threads took: 0,0000084 seconds
2017-05-26T13:05:24.786+0200: 4,145: Total time for which application threads were stopped: 0,0000639 seconds, Stopping threads took: 0,0000140 seconds
2017-05-26T13:05:24.790+0200: 4,148: Total time for which application threads were stopped: 0,0001354 seconds, Stopping threads took: 0,0000422 seconds
2017-05-26T13:05:24.793+0200: 4,152: Total time for which application threads were stopped: 0,0026076 seconds, Stopping threads took: 0,0024065 seconds
2017-05-26T13:05:24.794+0200: 4,152: Total time for which application threads were stopped: 0,0001012 seconds, Stopping threads took: 0,0000341 seconds
2017-05-26T13:05:24.794+0200: 4,153: Total time for which application threads were stopped: 0,0001201 seconds, Stopping threads took: 0,0000556 seconds
2017-05-26T13:05:24.796+0200: 4,154: Total time for which application threads were stopped: 0,0004419 seconds, Stopping threads took: 0,0000368 seconds
2017-05-26T13:05:24.797+0200: 4,155: Total time for which application threads were stopped: 0,0006033 seconds, Stopping threads took: 0,0005270 seconds
2017-05-26T13:05:24.807+0200: 4,165: Total time for which application threads were stopped: 0,0006133 seconds, Stopping threads took: 0,0005110 seconds
2017-05-26T13:05:24.811+0200: 4,169: Total time for which application threads were stopped: 0,0001636 seconds, Stopping threads took: 0,0000650 seconds
2017-05-26T13:05:24.818+0200: 4,176: Total time for which application threads were stopped: 0,0001101 seconds, Stopping threads took: 0,0000347 seconds
2017-05-26T13:05:24.818+0200: 4,177: Total time for which application threads were stopped: 0,0000900 seconds, Stopping threads took: 0,0000283 seconds
2017-05-26T13:05:24.820+0200: 4,178: Total time for which application threads were stopped: 0,0004539 seconds, Stopping threads took: 0,0000542 seconds
2017-05-26T13:05:24.832+0200: 4,190: Total time for which application threads were stopped: 0,0001477 seconds, Stopping threads took: 0,0000629 seconds
2017-05-26T13:05:24.834+0200: 4,192: Total time for which application threads were stopped: 0,0004779 seconds, Stopping threads took: 0,0002526 seconds
2017-05-26T13:05:24.837+0200: 4,195: Total time for which application threads were stopped: 0,0001290 seconds, Stopping threads took: 0,0000507 seconds
2017-05-26T13:05:24.841+0200: 4,199: Total time for which application threads were stopped: 0,0001720 seconds, Stopping threads took: 0,0000889 seconds
2017-05-26T13:05:24.841+0200: 4,199: Total time for which application threads were stopped: 0,0000996 seconds, Stopping threads took: 0,0000235 seconds
2017-05-26T13:05:24.841+0200: 4,199: Total time for which application threads were stopped: 0,0000888 seconds, Stopping threads took: 0,0000113 seconds
2017-05-26T13:05:24.842+0200: 4,200: Total time for which application threads were stopped: 0,0001302 seconds, Stopping threads took: 0,0000266 seconds
2017-05-26T13:05:24.843+0200: 4,201: Total time for which application threads were stopped: 0,0008928 seconds, Stopping threads took: 0,0008070 seconds
2017-05-26T13:05:24.845+0200: 4,204: Total time for which application threads were stopped: 0,0001110 seconds, Stopping threads took: 0,0000202 seconds
2017-05-26T13:05:24.845+0200: 4,204: Total time for which application threads were stopped: 0,0000793 seconds, Stopping threads took: 0,0000189 seconds
2017-05-26T13:05:24.850+0200: 4,208: Total time for which application threads were stopped: 0,0039245 seconds, Stopping threads took: 0,0038372 seconds
2017-05-26T13:05:24.853+0200: 4,211: Total time for which application threads were stopped: 0,0028557 seconds, Stopping threads took: 0,0027511 seconds
2017-05-26T13:05:24.853+0200: 4,211: Total time for which application threads were stopped: 0,0000509 seconds, Stopping threads took: 0,0000073 seconds
2017-05-26T13:05:24.854+0200: 4,212: Total time for which application threads were stopped: 0,0000866 seconds, Stopping threads took: 0,0000176 seconds
2017-05-26T13:05:24.854+0200: 4,213: Total time for which application threads were stopped: 0,0000801 seconds, Stopping threads took: 0,0000135 seconds
2017-05-26T13:05:24.854+0200: 4,213: Total time for which application threads were stopped: 0,0000491 seconds, Stopping threads took: 0,0000082 seconds
2017-05-26T13:05:24.855+0200: 4,213: Total time for which application threads were stopped: 0,0000689 seconds, Stopping threads took: 0,0000121 seconds
2017-05-26T13:05:24.881+0200: 4,239: Total time for which application threads were stopped: 0,0001556 seconds, Stopping threads took: 0,0000236 seconds
2017-05-26T13:05:24.907+0200: 4,266: Total time for which application threads were stopped: 0,0005688 seconds, Stopping threads took: 0,0004723 seconds
2017-05-26T13:05:24.909+0200: 4,267: Total time for which application threads were stopped: 0,0001435 seconds, Stopping threads took: 0,0000366 seconds
{Heap before GC invocations=5 (full 1):
 par new generation   total 109248K, used 98681K [0x00000000e0000000, 0x00000000e8000000, 0x00000000e8000000)
  eden space 87424K, 100% used [0x00000000e0000000, 0x00000000e5560000, 0x00000000e5560000)
  from space 21824K,  51% used [0x00000000e6ab0000, 0x00000000e75ae6a0, 0x00000000e8000000)
  to   space 21824K,   0% used [0x00000000e5560000, 0x00000000e5560000, 0x00000000e6ab0000)
 concurrent mark-sweep generation total 393216K, used 0K [0x00000000e8000000, 0x0000000100000000, 0x0000000100000000)
 Metaspace       used 23297K, capacity 23808K, committed 23984K, reserved 1071104K
  class space    used 2689K, capacity 2881K, committed 2992K, reserved 1048576K
2017-05-26T13:05:24.940+0200: 4,298: [GC (Allocation Failure) 2017-05-26T13:05:24.940+0200: 4,298: [ParNew
Desired survivor size 20112992 bytes, new threshold 8 (max 8)
- age   1:    3167136 bytes,    3167136 total
- age   2:      51864 bytes,    3219000 total
- age   3:     184984 bytes,    3403984 total
- age   4:     284528 bytes,    3688512 total
- age   5:    1093816 bytes,    4782328 total
- age   6:    6354488 bytes,   11136816 total
: 98681K->16150K(109248K), 0,0564679 secs] 98681K->16150K(502464K), 0,0565436 secs] [Times: user=0,07 sys=0,00, real=0,05 secs] 
Heap after GC invocations=6 (full 1):
 par new generation   total 109248K, used 16150K [0x00000000e0000000, 0x00000000e8000000, 0x00000000e8000000)
  eden space 87424K,   0% used [0x00000000e0000000, 0x00000000e0000000, 0x00000000e5560000)
  from space 21824K,  74% used [0x00000000e5560000, 0x00000000e6525800, 0x00000000e6ab0000)
  to   space 21824K,   0% used [0x00000000e6ab0000, 0x00000000e6ab0000, 0x00000000e8000000)
 concurrent mark-sweep generation total 393216K, used 0K [0x00000000e8000000, 0x0000000100000000, 0x0000000100000000)
 Metaspace       used 23297K, capacity 23808K, committed 23984K, reserved 1071104K
  class space    used 2689K, capacity 2881K, committed 2992K, reserved 1048576K
}
2017-05-26T13:05:24.996+0200: 4,355: Total time for which application threads were stopped: 0,0587437 seconds, Stopping threads took: 0,0020074 seconds
2017-05-26T13:05:25.010+0200: 4,368: Total time for which application threads were stopped: 0,0002361 seconds, Stopping threads took: 0,0000967 seconds
2017-05-26T13:05:25.077+0200: 4,436: Total time for which application threads were stopped: 0,0002158 seconds, Stopping threads took: 0,0000750 seconds
2017-05-26T13:05:25.078+0200: 4,436: Total time for which application threads were stopped: 0,0000685 seconds, Stopping threads took: 0,0000166 seconds
2017-05-26T13:05:25.120+0200: 4,478: Total time for which application threads were stopped: 0,0009954 seconds, Stopping threads took: 0,0008807 seconds
2017-05-26T13:05:25.121+0200: 4,480: Total time for which application threads were stopped: 0,0001565 seconds, Stopping threads took: 0,0000558 seconds
2017-05-26T13:05:25.123+0200: 4,481: Total time for which application threads were stopped: 0,0001393 seconds, Stopping threads took: 0,0000387 seconds
2017-05-26T13:05:25.123+0200: 4,481: Total time for which application threads were stopped: 0,0001781 seconds, Stopping threads took: 0,0000175 seconds
{Heap before GC invocations=6 (full 1):
 par new generation   total 109248K, used 103544K [0x00000000e0000000, 0x00000000e8000000, 0x00000000e8000000)
  eden space 87424K,  99% used [0x00000000e0000000, 0x00000000e5558b90, 0x00000000e5560000)
  from space 21824K,  74% used [0x00000000e5560000, 0x00000000e6525800, 0x00000000e6ab0000)
  to   space 21824K,   0% used [0x00000000e6ab0000, 0x00000000e6ab0000, 0x00000000e8000000)
 concurrent mark-sweep generation total 393216K, used 0K [0x00000000e8000000, 0x0000000100000000, 0x0000000100000000)
 Metaspace       used 24582K, capacity 25024K, committed 25136K, reserved 1071104K
  class space    used 2875K, capacity 3073K, committed 3120K, reserved 1048576K
2017-05-26T13:05:25.279+0200: 4,637: [GC (Allocation Failure) 2017-05-26T13:05:25.279+0200: 4,637: [ParNew
Desired survivor size 20112992 bytes, new threshold 8 (max 8)
- age   1:    3530024 bytes,    3530024 total
- age   2:     833792 bytes,    4363816 total
- age   3:      31928 bytes,    4395744 total
- age   4:     102192 bytes,    4497936 total
- age   5:     176400 bytes,    4674336 total
- age   6:     832984 bytes,    5507320 total
- age   7:    6035432 bytes,   11542752 total
: 103544K->13718K(109248K), 0,0554266 secs] 103544K->13718K(502464K), 0,0554922 secs] [Times: user=0,06 sys=0,00, real=0,05 secs] 
Heap after GC invocations=7 (full 1):
 par new generation   total 109248K, used 13718K [0x00000000e0000000, 0x00000000e8000000, 0x00000000e8000000)
  eden space 87424K,   0% used [0x00000000e0000000, 0x00000000e0000000, 0x00000000e5560000)
  from space 21824K,  62% used [0x00000000e6ab0000, 0x00000000e7815a68, 0x00000000e8000000)
  to   space 21824K,   0% used [0x00000000e5560000, 0x00000000e5560000, 0x00000000e6ab0000)
 concurrent mark-sweep generation total 393216K, used 0K [0x00000000e8000000, 0x0000000100000000, 0x0000000100000000)
 Metaspace       used 24582K, capacity 25024K, committed 25136K, reserved 1071104K
  class space    used 2875K, capacity 3073K, committed 3120K, reserved 1048576K
}
2017-05-26T13:05:25.335+0200: 4,693: Total time for which application threads were stopped: 0,0612442 seconds, Stopping threads took: 0,0055754 seconds
2017-05-26T13:05:25.422+0200: 4,780: Total time for which application threads were stopped: 0,0131163 seconds, Stopping threads took: 0,0129908 seconds
2017-05-26T13:05:25.431+0200: 4,789: Total time for which application threads were stopped: 0,0044784 seconds, Stopping threads took: 0,0043455 seconds
2017-05-26T13:05:25.445+0200: 4,803: Total time for which application threads were stopped: 0,0111039 seconds, Stopping threads took: 0,0109375 seconds
{Heap before GC invocations=7 (full 1):
 par new generation   total 109248K, used 101142K [0x00000000e0000000, 0x00000000e8000000, 0x00000000e8000000)
  eden space 87424K, 100% used [0x00000000e0000000, 0x00000000e5560000, 0x00000000e5560000)
  from space 21824K,  62% used [0x00000000e6ab0000, 0x00000000e7815a68, 0x00000000e8000000)
  to   space 21824K,   0% used [0x00000000e5560000, 0x00000000e5560000, 0x00000000e6ab0000)
 concurrent mark-sweep generation total 393216K, used 0K [0x00000000e8000000, 0x0000000100000000, 0x0000000100000000)
 Metaspace       used 24937K, capacity 25366K, committed 25648K, reserved 1071104K
  class space    used 2904K, capacity 3077K, committed 3120K, reserved 1048576K
2017-05-26T13:05:25.830+0200: 5,188: [GC (Allocation Failure) 2017-05-26T13:05:25.830+0200: 5,188: [ParNew
Desired survivor size 20112992 bytes, new threshold 8 (max 8)
- age   1:     977256 bytes,     977256 total
- age   2:    1606136 bytes,    2583392 total
- age   3:     830128 bytes,    3413520 total
- age   4:      29512 bytes,    3443032 total
- age   5:     101920 bytes,    3544952 total
- age   6:     175968 bytes,    3720920 total
- age   7:     832216 bytes,    4553136 total
- age   8:    6035400 bytes,   10588536 total
: 101142K->14967K(109248K), 0,0980163 secs] 101142K->14967K(502464K), 0,0981103 secs] [Times: user=0,08 sys=0,00, real=0,10 secs] 
Heap after GC invocations=8 (full 1):
 par new generation   total 109248K, used 14967K [0x00000000e0000000, 0x00000000e8000000, 0x00000000e8000000)
  eden space 87424K,   0% used [0x00000000e0000000, 0x00000000e0000000, 0x00000000e5560000)
  from space 21824K,  68% used [0x00000000e5560000, 0x00000000e63fdf00, 0x00000000e6ab0000)
  to   space 21824K,   0% used [0x00000000e6ab0000, 0x00000000e6ab0000, 0x00000000e8000000)
 concurrent mark-sweep generation total 393216K, used 0K [0x00000000e8000000, 0x0000000100000000, 0x0000000100000000)
 Metaspace       used 24937K, capacity 25366K, committed 25648K, reserved 1071104K
  class space    used 2904K, capacity 3077K, committed 3120K, reserved 1048576K
}
2017-05-26T13:05:25.928+0200: 5,286: Total time for which application threads were stopped: 0,1053420 seconds, Stopping threads took: 0,0069992 seconds
2017-05-26T13:05:25.934+0200: 5,292: Total time for which application threads were stopped: 0,0040781 seconds, Stopping threads took: 0,0038748 seconds
{Heap before GC invocations=8 (full 1):
 par new generation   total 109248K, used 102391K [0x00000000e0000000, 0x00000000e8000000, 0x00000000e8000000)
  eden space 87424K, 100% used [0x00000000e0000000, 0x00000000e5560000, 0x00000000e5560000)
  from space 21824K,  68% used [0x00000000e5560000, 0x00000000e63fdf00, 0x00000000e6ab0000)
  to   space 21824K,   0% used [0x00000000e6ab0000, 0x00000000e6ab0000, 0x00000000e8000000)
 concurrent mark-sweep generation total 393216K, used 0K [0x00000000e8000000, 0x0000000100000000, 0x0000000100000000)
 Metaspace       used 25348K, capacity 25802K, committed 25904K, reserved 1073152K
  class space    used 2931K, capacity 3116K, committed 3120K, reserved 1048576K
2017-05-26T13:05:26.269+0200: 5,627: [GC (Allocation Failure) 2017-05-26T13:05:26.269+0200: 5,627: [ParNew
Desired survivor size 20112992 bytes, new threshold 8 (max 8)
- age   1:    1319800 bytes,    1319800 total
- age   2:     210488 bytes,    1530288 total
- age   3:    1183680 bytes,    2713968 total
- age   4:     828160 bytes,    3542128 total
- age   5:      29512 bytes,    3571640 total
- age   6:     101920 bytes,    3673560 total
- age   7:     175968 bytes,    3849528 total
- age   8:     832216 bytes,    4681744 total
: 102391K->6372K(109248K), 0,0532011 secs] 102391K->12858K(502464K), 0,0533380 secs] [Times: user=0,10 sys=0,01, real=0,05 secs] 
Heap after GC invocations=9 (full 1):
 par new generation   total 109248K, used 6372K [0x00000000e0000000, 0x00000000e8000000, 0x00000000e8000000)
  eden space 87424K,   0% used [0x00000000e0000000, 0x00000000e0000000, 0x00000000e5560000)
  from space 21824K,  29% used [0x00000000e6ab0000, 0x00000000e70e9100, 0x00000000e8000000)
  to   space 21824K,   0% used [0x00000000e5560000, 0x00000000e5560000, 0x00000000e6ab0000)
 concurrent mark-sweep generation total 393216K, used 6486K [0x00000000e8000000, 0x0000000100000000, 0x0000000100000000)
 Metaspace       used 25348K, capacity 25802K, committed 25904K, reserved 1073152K
  class space    used 2931K, capacity 3116K, committed 3120K, reserved 1048576K
}
2017-05-26T13:05:26.323+0200: 5,681: Total time for which application threads were stopped: 0,0536546 seconds, Stopping threads took: 0,0000617 seconds
2017-05-26T13:05:26.330+0200: 5,688: Total time for which application threads were stopped: 0,0001258 seconds, Stopping threads took: 0,0000284 seconds
2017-05-26T13:05:26.426+0200: 5,785: Total time for which application threads were stopped: 0,0001391 seconds, Stopping threads took: 0,0000315 seconds
2017-05-26T13:05:26.428+0200: 5,787: Total time for which application threads were stopped: 0,0010912 seconds, Stopping threads took: 0,0009937 seconds
2017-05-26T13:05:26.442+0200: 5,800: Total time for which application threads were stopped: 0,0109635 seconds, Stopping threads took: 0,0108729 seconds
2017-05-26T13:05:26.442+0200: 5,800: Total time for which application threads were stopped: 0,0001092 seconds, Stopping threads took: 0,0000375 seconds
2017-05-26T13:05:26.443+0200: 5,801: Total time for which application threads were stopped: 0,0000844 seconds, Stopping threads took: 0,0000119 seconds
2017-05-26T13:05:26.482+0200: 5,841: Total time for which application threads were stopped: 0,0008274 seconds, Stopping threads took: 0,0000953 seconds
2017-05-26T13:05:26.506+0200: 5,864: Total time for which application threads were stopped: 0,0048919 seconds, Stopping threads took: 0,0047140 seconds
2017-05-26T13:05:26.506+0200: 5,864: Total time for which application threads were stopped: 0,0001924 seconds, Stopping threads took: 0,0000928 seconds
2017-05-26T13:05:26.509+0200: 5,867: Total time for which application threads were stopped: 0,0001453 seconds, Stopping threads took: 0,0000292 seconds
2017-05-26T13:05:26.516+0200: 5,874: Total time for which application threads were stopped: 0,0001409 seconds, Stopping threads took: 0,0000452 seconds
2017-05-26T13:05:26.519+0200: 5,877: Total time for which application threads were stopped: 0,0001978 seconds, Stopping threads took: 0,0000564 seconds
2017-05-26T13:05:26.535+0200: 5,893: Total time for which application threads were stopped: 0,0011201 seconds, Stopping threads took: 0,0000562 seconds
2017-05-26T13:05:26.593+0200: 5,951: Total time for which application threads were stopped: 0,0120724 seconds, Stopping threads took: 0,0119468 seconds
2017-05-26T13:05:26.796+0200: 6,154: Total time for which application threads were stopped: 0,0052314 seconds, Stopping threads took: 0,0046786 seconds
2017-05-26T13:05:26.977+0200: 6,335: Total time for which application threads were stopped: 0,0001327 seconds, Stopping threads took: 0,0000534 seconds
2017-05-26T13:05:26.977+0200: 6,335: Total time for which application threads were stopped: 0,0000612 seconds, Stopping threads took: 0,0000165 seconds
2017-05-26T13:05:27.073+0200: 6,431: Total time for which application threads were stopped: 0,0073287 seconds, Stopping threads took: 0,0000499 seconds
2017-05-26T13:05:27.090+0200: 6,448: Total time for which application threads were stopped: 0,0065692 seconds, Stopping threads took: 0,0064000 seconds
2017-05-26T13:05:27.162+0200: 6,520: Total time for which application threads were stopped: 0,0002704 seconds, Stopping threads took: 0,0000954 seconds
2017-05-26T13:05:27.164+0200: 6,523: Total time for which application threads were stopped: 0,0008977 seconds, Stopping threads took: 0,0006138 seconds
2017-05-26T13:05:27.221+0200: 6,579: Total time for which application threads were stopped: 0,0003787 seconds, Stopping threads took: 0,0002385 seconds
2017-05-26T13:05:27.235+0200: 6,593: Total time for which application threads were stopped: 0,0116559 seconds, Stopping threads took: 0,0115703 seconds
2017-05-26T13:05:27.285+0200: 6,644: Total time for which application threads were stopped: 0,0068976 seconds, Stopping threads took: 0,0067925 seconds
2017-05-26T13:05:27.327+0200: 6,685: Total time for which application threads were stopped: 0,0049349 seconds, Stopping threads took: 0,0048011 seconds
2017-05-26T13:05:27.329+0200: 6,687: Total time for which application threads were stopped: 0,0004453 seconds, Stopping threads took: 0,0003588 seconds
2017-05-26T13:05:27.422+0200: 6,780: Total time for which application threads were stopped: 0,0090944 seconds, Stopping threads took: 0,0085445 seconds
2017-05-26T13:05:27.525+0200: 6,883: Total time for which application threads were stopped: 0,0001376 seconds, Stopping threads took: 0,0000419 seconds
2017-05-26T13:06:43.537+0200: 82,896: Total time for which application threads were stopped: 0,0001436 seconds, Stopping threads took: 0,0000379 seconds
2017-05-26T13:07:18.544+0200: 117,902: Total time for which application threads were stopped: 0,0000855 seconds, Stopping threads took: 0,0000364 seconds
2017-05-26T13:07:22.544+0200: 121,903: Total time for which application threads were stopped: 0,0000830 seconds, Stopping threads took: 0,0000201 seconds
2017-05-26T13:09:58.570+0200: 277,928: Total time for which application threads were stopped: 0,0000977 seconds, Stopping threads took: 0,0000374 seconds
2017-05-26T13:28:52.724+0200: 1412,082: Total time for which application threads were stopped: 0,0000927 seconds, Stopping threads took: 0,0000343 seconds
2017-05-26T13:33:37.760+0200: 1697,118: Total time for which application threads were stopped: 0,0000872 seconds, Stopping threads took: 0,0000328 seconds
2017-05-26T13:44:07.053+0200: 2326,411: Total time for which application threads were stopped: 0,0472044 seconds, Stopping threads took: 0,0471072 seconds
2017-05-26T13:44:07.055+0200: 2326,414: Total time for which application threads were stopped: 0,0001142 seconds, Stopping threads took: 0,0000349 seconds
2017-05-26T13:44:07.056+0200: 2326,415: Total time for which application threads were stopped: 0,0001081 seconds, Stopping threads took: 0,0000298 seconds
2017-05-26T13:44:07.057+0200: 2326,415: Total time for which application threads were stopped: 0,0000706 seconds, Stopping threads took: 0,0000143 seconds
2017-05-26T13:44:07.057+0200: 2326,415: Total time for which application threads were stopped: 0,0000743 seconds, Stopping threads took: 0,0000250 seconds
2017-05-26T13:44:07.057+0200: 2326,416: Total time for which application threads were stopped: 0,0002244 seconds, Stopping threads took: 0,0001546 seconds
2017-05-26T13:44:07.062+0200: 2326,420: Total time for which application threads were stopped: 0,0000953 seconds, Stopping threads took: 0,0000197 seconds
2017-05-26T13:44:07.065+0200: 2326,423: Total time for which application threads were stopped: 0,0004051 seconds, Stopping threads took: 0,0003244 seconds
2017-05-26T13:44:07.065+0200: 2326,423: Total time for which application threads were stopped: 0,0000835 seconds, Stopping threads took: 0,0000146 seconds
2017-05-26T13:44:07.067+0200: 2326,425: Total time for which application threads were stopped: 0,0001036 seconds, Stopping threads took: 0,0000176 seconds
2017-05-26T13:44:07.068+0200: 2326,426: Total time for which application threads were stopped: 0,0000872 seconds, Stopping threads took: 0,0000174 seconds
2017-05-26T13:44:07.068+0200: 2326,426: Total time for which application threads were stopped: 0,0000409 seconds, Stopping threads took: 0,0000080 seconds
2017-05-26T13:44:07.068+0200: 2326,426: Total time for which application threads were stopped: 0,0000556 seconds, Stopping threads took: 0,0000173 seconds
2017-05-26T13:44:07.068+0200: 2326,426: Total time for which application threads were stopped: 0,0000373 seconds, Stopping threads took: 0,0000051 seconds
2017-05-26T13:44:07.068+0200: 2326,427: Total time for which application threads were stopped: 0,0000569 seconds, Stopping threads took: 0,0000138 seconds
2017-05-26T13:44:07.068+0200: 2326,427: Total time for which application threads were stopped: 0,0000366 seconds, Stopping threads took: 0,0000055 seconds
2017-05-26T13:44:07.068+0200: 2326,427: Total time for which application threads were stopped: 0,0000393 seconds, Stopping threads took: 0,0000052 seconds
2017-05-26T13:44:07.069+0200: 2326,427: Total time for which application threads were stopped: 0,0000387 seconds, Stopping threads took: 0,0000054 seconds
2017-05-26T13:44:07.069+0200: 2326,427: Total time for which application threads were stopped: 0,0000364 seconds, Stopping threads took: 0,0000051 seconds
2017-05-26T13:44:07.069+0200: 2326,427: Total time for which application threads were stopped: 0,0000332 seconds, Stopping threads took: 0,0000050 seconds
2017-05-26T13:44:07.069+0200: 2326,427: Total time for which application threads were stopped: 0,0000374 seconds, Stopping threads took: 0,0000048 seconds
2017-05-26T13:44:07.069+0200: 2326,427: Total time for which application threads were stopped: 0,0000367 seconds, Stopping threads took: 0,0000079 seconds
2017-05-26T13:44:07.069+0200: 2326,427: Total time for which application threads were stopped: 0,0000328 seconds, Stopping threads took: 0,0000044 seconds
2017-05-26T13:44:07.073+0200: 2326,431: Total time for which application threads were stopped: 0,0028109 seconds, Stopping threads took: 0,0027240 seconds
2017-05-26T13:44:07.073+0200: 2326,431: Total time for which application threads were stopped: 0,0000538 seconds, Stopping threads took: 0,0000078 seconds
2017-05-26T13:44:07.073+0200: 2326,431: Total time for which application threads were stopped: 0,0000433 seconds, Stopping threads took: 0,0000059 seconds
2017-05-26T13:44:07.073+0200: 2326,431: Total time for which application threads were stopped: 0,0000478 seconds, Stopping threads took: 0,0000055 seconds
2017-05-26T13:44:07.073+0200: 2326,431: Total time for which application threads were stopped: 0,0000433 seconds, Stopping threads took: 0,0000051 seconds
2017-05-26T13:44:07.096+0200: 2326,454: Total time for which application threads were stopped: 0,0001285 seconds, Stopping threads took: 0,0000423 seconds
2017-05-26T13:44:07.096+0200: 2326,455: Total time for which application threads were stopped: 0,0000855 seconds, Stopping threads took: 0,0000264 seconds
2017-05-26T13:44:07.097+0200: 2326,455: Total time for which application threads were stopped: 0,0000535 seconds, Stopping threads took: 0,0000132 seconds
2017-05-26T13:44:07.097+0200: 2326,455: Total time for which application threads were stopped: 0,0000483 seconds, Stopping threads took: 0,0000153 seconds
2017-05-26T13:44:07.097+0200: 2326,455: Total time for which application threads were stopped: 0,0000440 seconds, Stopping threads took: 0,0000115 seconds
2017-05-26T13:44:07.101+0200: 2326,459: Total time for which application threads were stopped: 0,0026250 seconds, Stopping threads took: 0,0025374 seconds
2017-05-26T13:44:07.101+0200: 2326,459: Total time for which application threads were stopped: 0,0000531 seconds, Stopping threads took: 0,0000118 seconds
2017-05-26T13:44:07.101+0200: 2326,459: Total time for which application threads were stopped: 0,0000424 seconds, Stopping threads took: 0,0000053 seconds
2017-05-26T13:44:07.101+0200: 2326,460: Total time for which application threads were stopped: 0,0000341 seconds, Stopping threads took: 0,0000044 seconds
2017-05-26T13:44:07.101+0200: 2326,460: Total time for which application threads were stopped: 0,0000414 seconds, Stopping threads took: 0,0000071 seconds
2017-05-26T13:44:07.101+0200: 2326,460: Total time for which application threads were stopped: 0,0000357 seconds, Stopping threads took: 0,0000046 seconds
2017-05-26T13:44:07.102+0200: 2326,460: Total time for which application threads were stopped: 0,0000385 seconds, Stopping threads took: 0,0000045 seconds
2017-05-26T13:44:07.102+0200: 2326,460: Total time for which application threads were stopped: 0,0000585 seconds, Stopping threads took: 0,0000047 seconds
2017-05-26T13:44:07.102+0200: 2326,460: Total time for which application threads were stopped: 0,0011793 seconds, Stopping threads took: 0,0000066 seconds
2017-05-26T13:44:07.103+0200: 2326,461: Total time for which application threads were stopped: 0,0000958 seconds, Stopping threads took: 0,0000193 seconds
2017-05-26T13:44:07.104+0200: 2326,462: Total time for which application threads were stopped: 0,0004345 seconds, Stopping threads took: 0,0003654 seconds
2017-05-26T13:44:07.109+0200: 2326,467: Total time for which application threads were stopped: 0,0000844 seconds, Stopping threads took: 0,0000130 seconds
2017-05-26T13:44:07.109+0200: 2326,468: Total time for which application threads were stopped: 0,0000556 seconds, Stopping threads took: 0,0000187 seconds
2017-05-26T13:44:07.110+0200: 2326,468: Total time for which application threads were stopped: 0,0000465 seconds, Stopping threads took: 0,0000116 seconds
2017-05-26T13:44:07.112+0200: 2326,470: Total time for which application threads were stopped: 0,0000843 seconds, Stopping threads took: 0,0000241 seconds
2017-05-26T13:44:07.112+0200: 2326,470: Total time for which application threads were stopped: 0,0000445 seconds, Stopping threads took: 0,0000119 seconds
2017-05-26T13:44:07.112+0200: 2326,470: Total time for which application threads were stopped: 0,0000416 seconds, Stopping threads took: 0,0000128 seconds
2017-05-26T13:44:07.112+0200: 2326,470: Total time for which application threads were stopped: 0,0000373 seconds, Stopping threads took: 0,0000102 seconds
2017-05-26T13:44:07.112+0200: 2326,471: Total time for which application threads were stopped: 0,0000561 seconds, Stopping threads took: 0,0000149 seconds
2017-05-26T13:44:07.112+0200: 2326,471: Total time for which application threads were stopped: 0,0000409 seconds, Stopping threads took: 0,0000122 seconds
2017-05-26T13:44:07.112+0200: 2326,471: Total time for which application threads were stopped: 0,0000397 seconds, Stopping threads took: 0,0000102 seconds
2017-05-26T13:44:07.113+0200: 2326,471: Total time for which application threads were stopped: 0,0001053 seconds, Stopping threads took: 0,0000282 seconds
2017-05-26T13:44:07.114+0200: 2326,472: Total time for which application threads were stopped: 0,0000586 seconds, Stopping threads took: 0,0000095 seconds
2017-05-26T13:44:07.114+0200: 2326,472: Total time for which application threads were stopped: 0,0000455 seconds, Stopping threads took: 0,0000122 seconds
2017-05-26T13:44:07.115+0200: 2326,473: Total time for which application threads were stopped: 0,0011649 seconds, Stopping threads took: 0,0010911 seconds
2017-05-26T13:44:07.117+0200: 2326,475: Total time for which application threads were stopped: 0,0000918 seconds, Stopping threads took: 0,0000190 seconds
2017-05-26T13:44:07.118+0200: 2326,476: Total time for which application threads were stopped: 0,0000894 seconds, Stopping threads took: 0,0000087 seconds
2017-05-26T13:44:07.119+0200: 2326,477: Total time for which application threads were stopped: 0,0001050 seconds, Stopping threads took: 0,0000294 seconds
2017-05-26T13:44:07.119+0200: 2326,477: Total time for which application threads were stopped: 0,0000520 seconds, Stopping threads took: 0,0000182 seconds
2017-05-26T13:44:07.121+0200: 2326,479: Total time for which application threads were stopped: 0,0002678 seconds, Stopping threads took: 0,0000206 seconds
2017-05-26T13:44:07.132+0200: 2326,490: Total time for which application threads were stopped: 0,0059566 seconds, Stopping threads took: 0,0058732 seconds
2017-05-26T13:44:07.133+0200: 2326,492: Total time for which application threads were stopped: 0,0000790 seconds, Stopping threads took: 0,0000152 seconds
2017-05-26T13:44:07.133+0200: 2326,492: Total time for which application threads were stopped: 0,0000737 seconds, Stopping threads took: 0,0000064 seconds
Heap
 par new generation   total 109248K, used 64719K [0x00000000e0000000, 0x00000000e8000000, 0x00000000e8000000)
  eden space 87424K,  66% used [0x00000000e0000000, 0x00000000e38face8, 0x00000000e5560000)
  from space 21824K,  29% used [0x00000000e6ab0000, 0x00000000e70e9100, 0x00000000e8000000)
  to   space 21824K,   0% used [0x00000000e5560000, 0x00000000e5560000, 0x00000000e6ab0000)
 concurrent mark-sweep generation total 393216K, used 6486K [0x00000000e8000000, 0x0000000100000000, 0x0000000100000000)
 Metaspace       used 28147K, capacity 28674K, committed 28848K, reserved 1075200K
  class space    used 3223K, capacity 3386K, committed 3504K, reserved 1048576K
