OpenJDK 64-Bit Server VM (25.131-b11) for linux-amd64 JRE (1.8.0_131-8u131-b11-0ubuntu1.16.04.2-b11), built on May  6 2017 02:45:27 by "buildd" with gcc 5.4.0 20160609
Memory: 4k page, physical 7867740k(7402248k free), swap 8076284k(8076284k free)
CommandLine flags: -XX:CMSInitiatingOccupancyFraction=50 -XX:CMSMaxAbortablePrecleanTime=6000 -XX:+CMSParallelRemarkEnabled -XX:+CMSScavengeBeforeRemark -XX:ConcGCThreads=4 -XX:InitialHeapSize=536870912 -XX:MaxHeapSize=536870912 -XX:MaxTenuringThreshold=8 -XX:NewRatio=3 -XX:OldPLABSize=16 -XX:OnOutOfMemoryError=/opt/solr/bin/oom_solr.sh 8983 /var/solr/logs -XX:ParallelGCThreads=4 -XX:+ParallelRefProcEnabled -XX:PretenureSizeThreshold=67108864 -XX:+PrintGC -XX:+PrintGCApplicationStoppedTime -XX:+PrintGCDateStamps -XX:+PrintGCDetails -XX:+PrintGCTimeStamps -XX:+PrintHeapAtGC -XX:+PrintTenuringDistribution -XX:SurvivorRatio=4 -XX:TargetSurvivorRatio=90 -XX:ThreadStackSize=256 -XX:+UseCMSInitiatingOccupancyOnly -XX:+UseCompressedClassPointers -XX:+UseCompressedOops -XX:+UseConcMarkSweepGC -XX:+UseParNewGC 
2017-05-21T09:25:54.839+0200: 0,141: Total time for which application threads were stopped: 0,0000614 seconds, Stopping threads took: 0,0000097 seconds
2017-05-21T09:25:54.917+0200: 0,219: Total time for which application threads were stopped: 0,0002474 seconds, Stopping threads took: 0,0000151 seconds
2017-05-21T09:25:54.933+0200: 0,236: Total time for which application threads were stopped: 0,0001084 seconds, Stopping threads took: 0,0000194 seconds
2017-05-21T09:25:55.173+0200: 0,475: Total time for which application threads were stopped: 0,0001486 seconds, Stopping threads took: 0,0000204 seconds
2017-05-21T09:25:55.520+0200: 0,823: Total time for which application threads were stopped: 0,0001702 seconds, Stopping threads took: 0,0000257 seconds
2017-05-21T09:25:55.608+0200: 0,911: Total time for which application threads were stopped: 0,0002009 seconds, Stopping threads took: 0,0000298 seconds
2017-05-21T09:25:55.673+0200: 0,976: Total time for which application threads were stopped: 0,0002050 seconds, Stopping threads took: 0,0000221 seconds
2017-05-21T09:25:56.121+0200: 1,423: Total time for which application threads were stopped: 0,0001780 seconds, Stopping threads took: 0,0000163 seconds
2017-05-21T09:25:56.352+0200: 1,654: Total time for which application threads were stopped: 0,0008595 seconds, Stopping threads took: 0,0000958 seconds
2017-05-21T09:25:56.374+0200: 1,677: Total time for which application threads were stopped: 0,0001781 seconds, Stopping threads took: 0,0000188 seconds
2017-05-21T09:25:56.411+0200: 1,714: Total time for which application threads were stopped: 0,0001958 seconds, Stopping threads took: 0,0000210 seconds
2017-05-21T09:25:56.412+0200: 1,715: Total time for which application threads were stopped: 0,0001612 seconds, Stopping threads took: 0,0000156 seconds
2017-05-21T09:25:56.428+0200: 1,731: Total time for which application threads were stopped: 0,0001743 seconds, Stopping threads took: 0,0000197 seconds
2017-05-21T09:25:56.544+0200: 1,847: Total time for which application threads were stopped: 0,0002333 seconds, Stopping threads took: 0,0000232 seconds
2017-05-21T09:25:56.710+0200: 2,012: Total time for which application threads were stopped: 0,0044297 seconds, Stopping threads took: 0,0042066 seconds
{Heap before GC invocations=0 (full 0):
 par new generation   total 109248K, used 87424K [0x00000000e0000000, 0x00000000e8000000, 0x00000000e8000000)
  eden space 87424K, 100% used [0x00000000e0000000, 0x00000000e5560000, 0x00000000e5560000)
  from space 21824K,   0% used [0x00000000e5560000, 0x00000000e5560000, 0x00000000e6ab0000)
  to   space 21824K,   0% used [0x00000000e6ab0000, 0x00000000e6ab0000, 0x00000000e8000000)
 concurrent mark-sweep generation total 393216K, used 0K [0x00000000e8000000, 0x0000000100000000, 0x0000000100000000)
 Metaspace       used 18085K, capacity 18400K, committed 18688K, reserved 1064960K
  class space    used 2043K, capacity 2196K, committed 2304K, reserved 1048576K
2017-05-21T09:25:56.811+0200: 2,114: [GC (Allocation Failure) 2017-05-21T09:25:56.811+0200: 2,114: [ParNew
Desired survivor size 20112992 bytes, new threshold 8 (max 8)
- age   1:   12640504 bytes,   12640504 total
: 87424K->12454K(109248K), 0,0183112 secs] 87424K->12454K(502464K), 0,0183967 secs] [Times: user=0,04 sys=0,01, real=0,02 secs] 
Heap after GC invocations=1 (full 0):
 par new generation   total 109248K, used 12454K [0x00000000e0000000, 0x00000000e8000000, 0x00000000e8000000)
  eden space 87424K,   0% used [0x00000000e0000000, 0x00000000e0000000, 0x00000000e5560000)
  from space 21824K,  57% used [0x00000000e6ab0000, 0x00000000e76d9b00, 0x00000000e8000000)
  to   space 21824K,   0% used [0x00000000e5560000, 0x00000000e5560000, 0x00000000e6ab0000)
 concurrent mark-sweep generation total 393216K, used 0K [0x00000000e8000000, 0x0000000100000000, 0x0000000100000000)
 Metaspace       used 18085K, capacity 18400K, committed 18688K, reserved 1064960K
  class space    used 2043K, capacity 2196K, committed 2304K, reserved 1048576K
}
2017-05-21T09:25:56.830+0200: 2,132: Total time for which application threads were stopped: 0,0186503 seconds, Stopping threads took: 0,0000512 seconds
2017-05-21T09:25:57.143+0200: 2,445: Total time for which application threads were stopped: 0,0002956 seconds, Stopping threads took: 0,0000263 seconds
2017-05-21T09:25:57.172+0200: 2,474: Total time for which application threads were stopped: 0,0003264 seconds, Stopping threads took: 0,0000747 seconds
{Heap before GC invocations=1 (full 0):
 par new generation   total 109248K, used 99878K [0x00000000e0000000, 0x00000000e8000000, 0x00000000e8000000)
  eden space 87424K, 100% used [0x00000000e0000000, 0x00000000e5560000, 0x00000000e5560000)
  from space 21824K,  57% used [0x00000000e6ab0000, 0x00000000e76d9b00, 0x00000000e8000000)
  to   space 21824K,   0% used [0x00000000e5560000, 0x00000000e5560000, 0x00000000e6ab0000)
 concurrent mark-sweep generation total 393216K, used 0K [0x00000000e8000000, 0x0000000100000000, 0x0000000100000000)
 Metaspace       used 20081K, capacity 20450K, committed 20736K, reserved 1067008K
  class space    used 2301K, capacity 2479K, committed 2560K, reserved 1048576K
2017-05-21T09:25:57.177+0200: 2,480: [GC (Allocation Failure) 2017-05-21T09:25:57.177+0200: 2,480: [ParNew
Desired survivor size 20112992 bytes, new threshold 8 (max 8)
- age   1:    3635544 bytes,    3635544 total
- age   2:    6672200 bytes,   10307744 total
: 99878K->13852K(109248K), 0,0106445 secs] 99878K->13852K(502464K), 0,0107281 secs] [Times: user=0,03 sys=0,01, real=0,01 secs] 
Heap after GC invocations=2 (full 0):
 par new generation   total 109248K, used 13852K [0x00000000e0000000, 0x00000000e8000000, 0x00000000e8000000)
  eden space 87424K,   0% used [0x00000000e0000000, 0x00000000e0000000, 0x00000000e5560000)
  from space 21824K,  63% used [0x00000000e5560000, 0x00000000e62e7358, 0x00000000e6ab0000)
  to   space 21824K,   0% used [0x00000000e6ab0000, 0x00000000e6ab0000, 0x00000000e8000000)
 concurrent mark-sweep generation total 393216K, used 0K [0x00000000e8000000, 0x0000000100000000, 0x0000000100000000)
 Metaspace       used 20081K, capacity 20450K, committed 20736K, reserved 1067008K
  class space    used 2301K, capacity 2479K, committed 2560K, reserved 1048576K
}
2017-05-21T09:25:57.188+0200: 2,491: Total time for which application threads were stopped: 0,0109449 seconds, Stopping threads took: 0,0000692 seconds
2017-05-21T09:25:57.225+0200: 2,528: Total time for which application threads were stopped: 0,0003481 seconds, Stopping threads took: 0,0000558 seconds
2017-05-21T09:25:57.350+0200: 2,652: Total time for which application threads were stopped: 0,0002250 seconds, Stopping threads took: 0,0000571 seconds
{Heap before GC invocations=2 (full 0):
 par new generation   total 109248K, used 101276K [0x00000000e0000000, 0x00000000e8000000, 0x00000000e8000000)
  eden space 87424K, 100% used [0x00000000e0000000, 0x00000000e5560000, 0x00000000e5560000)
  from space 21824K,  63% used [0x00000000e5560000, 0x00000000e62e7358, 0x00000000e6ab0000)
  to   space 21824K,   0% used [0x00000000e6ab0000, 0x00000000e6ab0000, 0x00000000e8000000)
 concurrent mark-sweep generation total 393216K, used 0K [0x00000000e8000000, 0x0000000100000000, 0x0000000100000000)
 Metaspace       used 20970K, capacity 21314K, committed 21552K, reserved 1069056K
  class space    used 2422K, capacity 2599K, committed 2608K, reserved 1048576K
2017-05-21T09:25:57.372+0200: 2,675: [GC (Allocation Failure) 2017-05-21T09:25:57.372+0200: 2,675: [ParNew
Desired survivor size 20112992 bytes, new threshold 8 (max 8)
- age   1:    2017544 bytes,    2017544 total
- age   2:     855280 bytes,    2872824 total
- age   3:    6668264 bytes,    9541088 total
: 101276K->11507K(109248K), 0,0136585 secs] 101276K->11507K(502464K), 0,0137557 secs] [Times: user=0,04 sys=0,00, real=0,02 secs] 
Heap after GC invocations=3 (full 0):
 par new generation   total 109248K, used 11507K [0x00000000e0000000, 0x00000000e8000000, 0x00000000e8000000)
  eden space 87424K,   0% used [0x00000000e0000000, 0x00000000e0000000, 0x00000000e5560000)
  from space 21824K,  52% used [0x00000000e6ab0000, 0x00000000e75ece00, 0x00000000e8000000)
  to   space 21824K,   0% used [0x00000000e5560000, 0x00000000e5560000, 0x00000000e6ab0000)
 concurrent mark-sweep generation total 393216K, used 0K [0x00000000e8000000, 0x0000000100000000, 0x0000000100000000)
 Metaspace       used 20970K, capacity 21314K, committed 21552K, reserved 1069056K
  class space    used 2422K, capacity 2599K, committed 2608K, reserved 1048576K
}
2017-05-21T09:25:57.386+0200: 2,688: Total time for which application threads were stopped: 0,0139842 seconds, Stopping threads took: 0,0000604 seconds
2017-05-21T09:25:57.395+0200: 2,697: [GC (CMS Initial Mark) [1 CMS-initial-mark: 0K(393216K)] 15173K(502464K), 0,0040654 secs] [Times: user=0,01 sys=0,00, real=0,00 secs] 
2017-05-21T09:25:57.399+0200: 2,701: Total time for which application threads were stopped: 0,0042174 seconds, Stopping threads took: 0,0000412 seconds
2017-05-21T09:25:57.399+0200: 2,701: [CMS-concurrent-mark-start]
2017-05-21T09:25:57.406+0200: 2,708: [CMS-concurrent-mark: 0,007/0,007 secs] [Times: user=0,03 sys=0,00, real=0,01 secs] 
2017-05-21T09:25:57.406+0200: 2,708: [CMS-concurrent-preclean-start]
2017-05-21T09:25:57.407+0200: 2,710: [CMS-concurrent-preclean: 0,001/0,001 secs] [Times: user=0,01 sys=0,00, real=0,00 secs] 
2017-05-21T09:25:57.407+0200: 2,710: [CMS-concurrent-abortable-preclean-start]
2017-05-21T09:25:57.490+0200: 2,793: Total time for which application threads were stopped: 0,0002153 seconds, Stopping threads took: 0,0001314 seconds
{Heap before GC invocations=3 (full 1):
 par new generation   total 109248K, used 98931K [0x00000000e0000000, 0x00000000e8000000, 0x00000000e8000000)
  eden space 87424K, 100% used [0x00000000e0000000, 0x00000000e5560000, 0x00000000e5560000)
  from space 21824K,  52% used [0x00000000e6ab0000, 0x00000000e75ece00, 0x00000000e8000000)
  to   space 21824K,   0% used [0x00000000e5560000, 0x00000000e5560000, 0x00000000e6ab0000)
 concurrent mark-sweep generation total 393216K, used 0K [0x00000000e8000000, 0x0000000100000000, 0x0000000100000000)
 Metaspace       used 21269K, capacity 21655K, committed 21960K, reserved 1069056K
  class space    used 2452K, capacity 2615K, committed 2736K, reserved 1048576K
2017-05-21T09:25:57.530+0200: 2,832: [GC (Allocation Failure) 2017-05-21T09:25:57.530+0200: 2,832: [ParNew
Desired survivor size 20112992 bytes, new threshold 8 (max 8)
- age   1:    1521928 bytes,    1521928 total
- age   2:    1451168 bytes,    2973096 total
- age   3:     823872 bytes,    3796968 total
- age   4:    6668248 bytes,   10465216 total
: 98931K->14746K(109248K), 0,0106763 secs] 98931K->14746K(502464K), 0,0107480 secs] [Times: user=0,03 sys=0,00, real=0,01 secs] 
Heap after GC invocations=4 (full 1):
 par new generation   total 109248K, used 14746K [0x00000000e0000000, 0x00000000e8000000, 0x00000000e8000000)
  eden space 87424K,   0% used [0x00000000e0000000, 0x00000000e0000000, 0x00000000e5560000)
  from space 21824K,  67% used [0x00000000e5560000, 0x00000000e63c69f0, 0x00000000e6ab0000)
  to   space 21824K,   0% used [0x00000000e6ab0000, 0x00000000e6ab0000, 0x00000000e8000000)
 concurrent mark-sweep generation total 393216K, used 0K [0x00000000e8000000, 0x0000000100000000, 0x0000000100000000)
 Metaspace       used 21269K, capacity 21655K, committed 21960K, reserved 1069056K
  class space    used 2452K, capacity 2615K, committed 2736K, reserved 1048576K
}
2017-05-21T09:25:57.540+0200: 2,843: Total time for which application threads were stopped: 0,0109855 seconds, Stopping threads took: 0,0000818 seconds
2017-05-21T09:25:57.651+0200: 2,954: Total time for which application threads were stopped: 0,0001862 seconds, Stopping threads took: 0,0000688 seconds
2017-05-21T09:25:57.651+0200: 2,954: [CMS-concurrent-abortable-preclean: 0,194/0,244 secs] [Times: user=0,93 sys=0,01, real=0,24 secs] 
2017-05-21T09:25:57.652+0200: 2,954: [GC (CMS Final Remark) [YG occupancy: 101129 K (109248 K)]{Heap before GC invocations=4 (full 1):
 par new generation   total 109248K, used 101129K [0x00000000e0000000, 0x00000000e8000000, 0x00000000e8000000)
  eden space 87424K,  98% used [0x00000000e0000000, 0x00000000e545bc00, 0x00000000e5560000)
  from space 21824K,  67% used [0x00000000e5560000, 0x00000000e63c69f0, 0x00000000e6ab0000)
  to   space 21824K,   0% used [0x00000000e6ab0000, 0x00000000e6ab0000, 0x00000000e8000000)
 concurrent mark-sweep generation total 393216K, used 0K [0x00000000e8000000, 0x0000000100000000, 0x0000000100000000)
 Metaspace       used 21475K, capacity 21891K, committed 22216K, reserved 1069056K
  class space    used 2477K, capacity 2649K, committed 2736K, reserved 1048576K
2017-05-21T09:25:57.652+0200: 2,954: [GC (CMS Final Remark) 2017-05-21T09:25:57.652+0200: 2,954: [ParNew
Desired survivor size 20112992 bytes, new threshold 8 (max 8)
- age   1:     952672 bytes,     952672 total
- age   2:     183848 bytes,    1136520 total
- age   3:    1444864 bytes,    2581384 total
- age   4:     819984 bytes,    3401368 total
- age   5:    6668232 bytes,   10069600 total
: 101129K->14847K(109248K), 0,0129176 secs] 101129K->14847K(502464K), 0,0129672 secs] [Times: user=0,05 sys=0,00, real=0,02 secs] 
Heap after GC invocations=5 (full 1):
 par new generation   total 109248K, used 14847K [0x00000000e0000000, 0x00000000e8000000, 0x00000000e8000000)
  eden space 87424K,   0% used [0x00000000e0000000, 0x00000000e0000000, 0x00000000e5560000)
  from space 21824K,  68% used [0x00000000e6ab0000, 0x00000000e792fef0, 0x00000000e8000000)
  to   space 21824K,   0% used [0x00000000e5560000, 0x00000000e5560000, 0x00000000e6ab0000)
 concurrent mark-sweep generation total 393216K, used 0K [0x00000000e8000000, 0x0000000100000000, 0x0000000100000000)
 Metaspace       used 21475K, capacity 21891K, committed 22216K, reserved 1069056K
  class space    used 2477K, capacity 2649K, committed 2736K, reserved 1048576K
}
2017-05-21T09:25:57.665+0200: 2,967: [Rescan (parallel) , 0,0038499 secs]2017-05-21T09:25:57.669+0200: 2,971: [weak refs processing, 0,0006856 secs]2017-05-21T09:25:57.669+0200: 2,972: [class unloading, 0,0030451 secs]2017-05-21T09:25:57.672+0200: 2,975: [scrub symbol table, 0,0031153 secs]2017-05-21T09:25:57.675+0200: 2,978: [scrub string table, 0,0003598 secs][1 CMS-remark: 0K(393216K)] 14847K(502464K), 0,0247102 secs] [Times: user=0,07 sys=0,00, real=0,03 secs] 
2017-05-21T09:25:57.676+0200: 2,979: Total time for which application threads were stopped: 0,0248362 seconds, Stopping threads took: 0,0000425 seconds
2017-05-21T09:25:57.676+0200: 2,979: [CMS-concurrent-sweep-start]
2017-05-21T09:25:57.677+0200: 2,979: [CMS-concurrent-sweep: 0,000/0,000 secs] [Times: user=0,00 sys=0,00, real=0,00 secs] 
2017-05-21T09:25:57.677+0200: 2,979: [CMS-concurrent-reset-start]
2017-05-21T09:25:57.686+0200: 2,988: [CMS-concurrent-reset: 0,009/0,009 secs] [Times: user=0,03 sys=0,00, real=0,01 secs] 
2017-05-21T09:25:57.711+0200: 3,013: Total time for which application threads were stopped: 0,0003452 seconds, Stopping threads took: 0,0000209 seconds
2017-05-21T09:25:57.975+0200: 3,278: Total time for which application threads were stopped: 0,0005195 seconds, Stopping threads took: 0,0000270 seconds
2017-05-21T09:25:57.991+0200: 3,294: Total time for which application threads were stopped: 0,0004536 seconds, Stopping threads took: 0,0000305 seconds
{Heap before GC invocations=5 (full 1):
 par new generation   total 109248K, used 102271K [0x00000000e0000000, 0x00000000e8000000, 0x00000000e8000000)
  eden space 87424K, 100% used [0x00000000e0000000, 0x00000000e5560000, 0x00000000e5560000)
  from space 21824K,  68% used [0x00000000e6ab0000, 0x00000000e792fef0, 0x00000000e8000000)
  to   space 21824K,   0% used [0x00000000e5560000, 0x00000000e5560000, 0x00000000e6ab0000)
 concurrent mark-sweep generation total 393216K, used 0K [0x00000000e8000000, 0x0000000100000000, 0x0000000100000000)
 Metaspace       used 23812K, capacity 24261K, committed 24496K, reserved 1071104K
  class space    used 2802K, capacity 2992K, committed 2992K, reserved 1048576K
2017-05-21T09:25:58.166+0200: 3,468: [GC (Allocation Failure) 2017-05-21T09:25:58.166+0200: 3,469: [ParNew
Desired survivor size 20112992 bytes, new threshold 8 (max 8)
- age   1:    5154888 bytes,    5154888 total
- age   2:     142152 bytes,    5297040 total
- age   3:     182760 bytes,    5479800 total
- age   4:     275536 bytes,    5755336 total
- age   5:     795664 bytes,    6551000 total
- age   6:    6660024 bytes,   13211024 total
: 102271K->15772K(109248K), 0,0124855 secs] 102271K->15772K(502464K), 0,0125737 secs] [Times: user=0,05 sys=0,00, real=0,01 secs] 
Heap after GC invocations=6 (full 1):
 par new generation   total 109248K, used 15772K [0x00000000e0000000, 0x00000000e8000000, 0x00000000e8000000)
  eden space 87424K,   0% used [0x00000000e0000000, 0x00000000e0000000, 0x00000000e5560000)
  from space 21824K,  72% used [0x00000000e5560000, 0x00000000e64c7280, 0x00000000e6ab0000)
  to   space 21824K,   0% used [0x00000000e6ab0000, 0x00000000e6ab0000, 0x00000000e8000000)
 concurrent mark-sweep generation total 393216K, used 0K [0x00000000e8000000, 0x0000000100000000, 0x0000000100000000)
 Metaspace       used 23812K, capacity 24261K, committed 24496K, reserved 1071104K
  class space    used 2802K, capacity 2992K, committed 2992K, reserved 1048576K
}
2017-05-21T09:25:58.179+0200: 3,481: Total time for which application threads were stopped: 0,0147013 seconds, Stopping threads took: 0,0018651 seconds
{Heap before GC invocations=6 (full 1):
 par new generation   total 109248K, used 103196K [0x00000000e0000000, 0x00000000e8000000, 0x00000000e8000000)
  eden space 87424K, 100% used [0x00000000e0000000, 0x00000000e5560000, 0x00000000e5560000)
  from space 21824K,  72% used [0x00000000e5560000, 0x00000000e64c7280, 0x00000000e6ab0000)
  to   space 21824K,   0% used [0x00000000e6ab0000, 0x00000000e6ab0000, 0x00000000e8000000)
 concurrent mark-sweep generation total 393216K, used 0K [0x00000000e8000000, 0x0000000100000000, 0x0000000100000000)
 Metaspace       used 24303K, capacity 24785K, committed 24880K, reserved 1071104K
  class space    used 2854K, capacity 3058K, committed 3120K, reserved 1048576K
2017-05-21T09:25:58.265+0200: 3,567: [GC (Allocation Failure) 2017-05-21T09:25:58.265+0200: 3,567: [ParNew
Desired survivor size 20112992 bytes, new threshold 8 (max 8)
- age   1:    2090032 bytes,    2090032 total
- age   2:    1768512 bytes,    3858544 total
- age   3:      73000 bytes,    3931544 total
- age   4:      94672 bytes,    4026216 total
- age   5:     178720 bytes,    4204936 total
- age   6:     753512 bytes,    4958448 total
- age   7:    6128872 bytes,   11087320 total
: 103196K->15992K(109248K), 0,0120320 secs] 103196K->15992K(502464K), 0,0121013 secs] [Times: user=0,04 sys=0,00, real=0,01 secs] 
Heap after GC invocations=7 (full 1):
 par new generation   total 109248K, used 15992K [0x00000000e0000000, 0x00000000e8000000, 0x00000000e8000000)
  eden space 87424K,   0% used [0x00000000e0000000, 0x00000000e0000000, 0x00000000e5560000)
  from space 21824K,  73% used [0x00000000e6ab0000, 0x00000000e7a4e310, 0x00000000e8000000)
  to   space 21824K,   0% used [0x00000000e5560000, 0x00000000e5560000, 0x00000000e6ab0000)
 concurrent mark-sweep generation total 393216K, used 0K [0x00000000e8000000, 0x0000000100000000, 0x0000000100000000)
 Metaspace       used 24303K, capacity 24785K, committed 24880K, reserved 1071104K
  class space    used 2854K, capacity 3058K, committed 3120K, reserved 1048576K
}
2017-05-21T09:25:58.277+0200: 3,579: Total time for which application threads were stopped: 0,0123431 seconds, Stopping threads took: 0,0000544 seconds
{Heap before GC invocations=7 (full 1):
 par new generation   total 109248K, used 103416K [0x00000000e0000000, 0x00000000e8000000, 0x00000000e8000000)
  eden space 87424K, 100% used [0x00000000e0000000, 0x00000000e5560000, 0x00000000e5560000)
  from space 21824K,  73% used [0x00000000e6ab0000, 0x00000000e7a4e310, 0x00000000e8000000)
  to   space 21824K,   0% used [0x00000000e5560000, 0x00000000e5560000, 0x00000000e6ab0000)
 concurrent mark-sweep generation total 393216K, used 0K [0x00000000e8000000, 0x0000000100000000, 0x0000000100000000)
 Metaspace       used 24530K, capacity 25003K, committed 25136K, reserved 1071104K
  class space    used 2871K, capacity 3063K, committed 3120K, reserved 1048576K
2017-05-21T09:25:58.362+0200: 3,664: [GC (Allocation Failure) 2017-05-21T09:25:58.362+0200: 3,664: [ParNew
Desired survivor size 20112992 bytes, new threshold 8 (max 8)
- age   1:    1114088 bytes,    1114088 total
- age   2:     978128 bytes,    2092216 total
- age   3:    1745232 bytes,    3837448 total
- age   4:      72968 bytes,    3910416 total
- age   5:      94504 bytes,    4004920 total
- age   6:     175872 bytes,    4180792 total
- age   7:     752696 bytes,    4933488 total
- age   8:    6126896 bytes,   11060384 total
: 103416K->13450K(109248K), 0,0136514 secs] 103416K->13450K(502464K), 0,0137369 secs] [Times: user=0,05 sys=0,00, real=0,01 secs] 
Heap after GC invocations=8 (full 1):
 par new generation   total 109248K, used 13450K [0x00000000e0000000, 0x00000000e8000000, 0x00000000e8000000)
  eden space 87424K,   0% used [0x00000000e0000000, 0x00000000e0000000, 0x00000000e5560000)
  from space 21824K,  61% used [0x00000000e5560000, 0x00000000e6282940, 0x00000000e6ab0000)
  to   space 21824K,   0% used [0x00000000e6ab0000, 0x00000000e6ab0000, 0x00000000e8000000)
 concurrent mark-sweep generation total 393216K, used 0K [0x00000000e8000000, 0x0000000100000000, 0x0000000100000000)
 Metaspace       used 24530K, capacity 25003K, committed 25136K, reserved 1071104K
  class space    used 2871K, capacity 3063K, committed 3120K, reserved 1048576K
}
2017-05-21T09:25:58.376+0200: 3,678: Total time for which application threads were stopped: 0,0139962 seconds, Stopping threads took: 0,0000595 seconds
2017-05-21T09:25:58.721+0200: 4,024: Total time for which application threads were stopped: 0,0005534 seconds, Stopping threads took: 0,0000404 seconds
2017-05-21T09:25:58.738+0200: 4,040: Total time for which application threads were stopped: 0,0005105 seconds, Stopping threads took: 0,0000220 seconds
2017-05-21T09:25:58.746+0200: 4,049: Total time for which application threads were stopped: 0,0003459 seconds, Stopping threads took: 0,0000606 seconds
2017-05-21T09:25:58.749+0200: 4,051: Total time for which application threads were stopped: 0,0003162 seconds, Stopping threads took: 0,0002320 seconds
2017-05-21T09:25:58.750+0200: 4,052: Total time for which application threads were stopped: 0,0001028 seconds, Stopping threads took: 0,0000354 seconds
2017-05-21T09:25:58.750+0200: 4,053: Total time for which application threads were stopped: 0,0000962 seconds, Stopping threads took: 0,0000309 seconds
2017-05-21T09:25:58.786+0200: 4,089: Total time for which application threads were stopped: 0,0004090 seconds, Stopping threads took: 0,0000446 seconds
2017-05-21T09:25:58.789+0200: 4,091: Total time for which application threads were stopped: 0,0000973 seconds, Stopping threads took: 0,0000334 seconds
2017-05-21T09:25:58.789+0200: 4,091: Total time for which application threads were stopped: 0,0000834 seconds, Stopping threads took: 0,0000277 seconds
2017-05-21T09:25:58.789+0200: 4,091: Total time for which application threads were stopped: 0,0000879 seconds, Stopping threads took: 0,0000380 seconds
2017-05-21T09:25:58.799+0200: 4,101: Total time for which application threads were stopped: 0,0001359 seconds, Stopping threads took: 0,0000603 seconds
2017-05-21T09:25:58.807+0200: 4,109: Total time for which application threads were stopped: 0,0001413 seconds, Stopping threads took: 0,0000660 seconds
2017-05-21T09:25:58.808+0200: 4,110: Total time for which application threads were stopped: 0,0000872 seconds, Stopping threads took: 0,0000224 seconds
2017-05-21T09:25:58.808+0200: 4,111: Total time for which application threads were stopped: 0,0000643 seconds, Stopping threads took: 0,0000147 seconds
2017-05-21T09:25:58.809+0200: 4,111: Total time for which application threads were stopped: 0,0000575 seconds, Stopping threads took: 0,0000133 seconds
2017-05-21T09:25:58.810+0200: 4,112: Total time for which application threads were stopped: 0,0001377 seconds, Stopping threads took: 0,0000386 seconds
2017-05-21T09:25:58.810+0200: 4,113: Total time for which application threads were stopped: 0,0000943 seconds, Stopping threads took: 0,0000271 seconds
2017-05-21T09:25:58.811+0200: 4,113: Total time for which application threads were stopped: 0,0000595 seconds, Stopping threads took: 0,0000115 seconds
2017-05-21T09:25:58.811+0200: 4,113: Total time for which application threads were stopped: 0,0000681 seconds, Stopping threads took: 0,0000229 seconds
2017-05-21T09:25:58.811+0200: 4,113: Total time for which application threads were stopped: 0,0000617 seconds, Stopping threads took: 0,0000215 seconds
2017-05-21T09:25:58.811+0200: 4,114: Total time for which application threads were stopped: 0,0000671 seconds, Stopping threads took: 0,0000157 seconds
2017-05-21T09:25:58.811+0200: 4,114: Total time for which application threads were stopped: 0,0000474 seconds, Stopping threads took: 0,0000088 seconds
2017-05-21T09:25:58.812+0200: 4,114: Total time for which application threads were stopped: 0,0001029 seconds, Stopping threads took: 0,0000249 seconds
2017-05-21T09:25:58.812+0200: 4,114: Total time for which application threads were stopped: 0,0000783 seconds, Stopping threads took: 0,0000122 seconds
2017-05-21T09:25:58.814+0200: 4,116: Total time for which application threads were stopped: 0,0021326 seconds, Stopping threads took: 0,0020738 seconds
2017-05-21T09:25:58.818+0200: 4,121: Total time for which application threads were stopped: 0,0002780 seconds, Stopping threads took: 0,0000422 seconds
2017-05-21T09:25:58.822+0200: 4,125: Total time for which application threads were stopped: 0,0001799 seconds, Stopping threads took: 0,0000965 seconds
2017-05-21T09:25:58.822+0200: 4,125: Total time for which application threads were stopped: 0,0000689 seconds, Stopping threads took: 0,0000242 seconds
2017-05-21T09:25:58.823+0200: 4,125: Total time for which application threads were stopped: 0,0000799 seconds, Stopping threads took: 0,0000209 seconds
2017-05-21T09:25:58.823+0200: 4,125: Total time for which application threads were stopped: 0,0000749 seconds, Stopping threads took: 0,0000289 seconds
2017-05-21T09:25:58.823+0200: 4,125: Total time for which application threads were stopped: 0,0000695 seconds, Stopping threads took: 0,0000284 seconds
2017-05-21T09:25:58.823+0200: 4,126: Total time for which application threads were stopped: 0,0000837 seconds, Stopping threads took: 0,0000327 seconds
2017-05-21T09:25:58.823+0200: 4,126: Total time for which application threads were stopped: 0,0000708 seconds, Stopping threads took: 0,0000301 seconds
2017-05-21T09:25:58.823+0200: 4,126: Total time for which application threads were stopped: 0,0000593 seconds, Stopping threads took: 0,0000155 seconds
2017-05-21T09:25:58.823+0200: 4,126: Total time for which application threads were stopped: 0,0000687 seconds, Stopping threads took: 0,0000204 seconds
2017-05-21T09:25:58.824+0200: 4,126: Total time for which application threads were stopped: 0,0000640 seconds, Stopping threads took: 0,0000238 seconds
2017-05-21T09:25:58.824+0200: 4,126: Total time for which application threads were stopped: 0,0000623 seconds, Stopping threads took: 0,0000182 seconds
2017-05-21T09:25:58.824+0200: 4,126: Total time for which application threads were stopped: 0,0000445 seconds, Stopping threads took: 0,0000119 seconds
2017-05-21T09:25:58.824+0200: 4,127: Total time for which application threads were stopped: 0,0000598 seconds, Stopping threads took: 0,0000184 seconds
2017-05-21T09:25:58.824+0200: 4,127: Total time for which application threads were stopped: 0,0000590 seconds, Stopping threads took: 0,0000179 seconds
2017-05-21T09:25:58.824+0200: 4,127: Total time for which application threads were stopped: 0,0000527 seconds, Stopping threads took: 0,0000135 seconds
2017-05-21T09:25:58.826+0200: 4,129: Total time for which application threads were stopped: 0,0001065 seconds, Stopping threads took: 0,0000348 seconds
2017-05-21T09:25:58.826+0200: 4,129: Total time for which application threads were stopped: 0,0000641 seconds, Stopping threads took: 0,0000141 seconds
2017-05-21T09:25:58.830+0200: 4,132: Total time for which application threads were stopped: 0,0035326 seconds, Stopping threads took: 0,0034789 seconds
2017-05-21T09:25:58.830+0200: 4,132: Total time for which application threads were stopped: 0,0000564 seconds, Stopping threads took: 0,0000128 seconds
2017-05-21T09:25:58.830+0200: 4,133: Total time for which application threads were stopped: 0,0001185 seconds, Stopping threads took: 0,0000102 seconds
2017-05-21T09:25:58.840+0200: 4,143: Total time for which application threads were stopped: 0,0025689 seconds, Stopping threads took: 0,0024876 seconds
2017-05-21T09:25:58.849+0200: 4,151: Total time for which application threads were stopped: 0,0001638 seconds, Stopping threads took: 0,0000615 seconds
2017-05-21T09:25:58.850+0200: 4,152: Total time for which application threads were stopped: 0,0002015 seconds, Stopping threads took: 0,0001122 seconds
2017-05-21T09:25:58.867+0200: 4,169: Total time for which application threads were stopped: 0,0001201 seconds, Stopping threads took: 0,0000223 seconds
2017-05-21T09:25:58.910+0200: 4,212: Total time for which application threads were stopped: 0,0045746 seconds, Stopping threads took: 0,0044524 seconds
2017-05-21T09:25:58.930+0200: 4,232: Total time for which application threads were stopped: 0,0001438 seconds, Stopping threads took: 0,0000467 seconds
2017-05-21T09:25:58.931+0200: 4,233: Total time for which application threads were stopped: 0,0005300 seconds, Stopping threads took: 0,0000324 seconds
2017-05-21T09:25:59.931+0200: 5,233: Total time for which application threads were stopped: 0,0000752 seconds, Stopping threads took: 0,0000163 seconds
{Heap before GC invocations=8 (full 1):
 par new generation   total 109248K, used 100874K [0x00000000e0000000, 0x00000000e8000000, 0x00000000e8000000)
  eden space 87424K, 100% used [0x00000000e0000000, 0x00000000e5560000, 0x00000000e5560000)
  from space 21824K,  61% used [0x00000000e5560000, 0x00000000e6282940, 0x00000000e6ab0000)
  to   space 21824K,   0% used [0x00000000e6ab0000, 0x00000000e6ab0000, 0x00000000e8000000)
 concurrent mark-sweep generation total 393216K, used 0K [0x00000000e8000000, 0x0000000100000000, 0x0000000100000000)
 Metaspace       used 28023K, capacity 28531K, committed 28848K, reserved 1075200K
  class space    used 3220K, capacity 3403K, committed 3504K, reserved 1048576K
2017-05-21T09:26:05.540+0200: 10,842: [GC (Allocation Failure) 2017-05-21T09:26:05.540+0200: 10,842: [ParNew
Desired survivor size 20112992 bytes, new threshold 8 (max 8)
- age   1:   11339672 bytes,   11339672 total
- age   2:     170600 bytes,   11510272 total
- age   3:     198512 bytes,   11708784 total
- age   4:    1738464 bytes,   13447248 total
- age   5:      70552 bytes,   13517800 total
- age   6:      94280 bytes,   13612080 total
- age   7:     175280 bytes,   13787360 total
- age   8:     750536 bytes,   14537896 total
: 100874K->19294K(109248K), 0,1978268 secs] 100874K->25810K(502464K), 0,1979240 secs] [Times: user=0,16 sys=0,00, real=0,20 secs] 
Heap after GC invocations=9 (full 1):
 par new generation   total 109248K, used 19294K [0x00000000e0000000, 0x00000000e8000000, 0x00000000e8000000)
  eden space 87424K,   0% used [0x00000000e0000000, 0x00000000e0000000, 0x00000000e5560000)
  from space 21824K,  88% used [0x00000000e6ab0000, 0x00000000e7d87b60, 0x00000000e8000000)
  to   space 21824K,   0% used [0x00000000e5560000, 0x00000000e5560000, 0x00000000e6ab0000)
 concurrent mark-sweep generation total 393216K, used 6516K [0x00000000e8000000, 0x0000000100000000, 0x0000000100000000)
 Metaspace       used 28023K, capacity 28531K, committed 28848K, reserved 1075200K
  class space    used 3220K, capacity 3403K, committed 3504K, reserved 1048576K
}
2017-05-21T09:26:05.738+0200: 11,040: Total time for which application threads were stopped: 0,1982464 seconds, Stopping threads took: 0,0000256 seconds
2017-05-21T09:26:05.748+0200: 11,050: Total time for which application threads were stopped: 0,0000785 seconds, Stopping threads took: 0,0000193 seconds
2017-05-21T09:26:05.748+0200: 11,050: Total time for which application threads were stopped: 0,0000334 seconds, Stopping threads took: 0,0000064 seconds
2017-05-21T09:26:10.749+0200: 16,051: Total time for which application threads were stopped: 0,0004554 seconds, Stopping threads took: 0,0001080 seconds
2017-05-21T09:27:16.755+0200: 82,058: Total time for which application threads were stopped: 0,0000904 seconds, Stopping threads took: 0,0000193 seconds
2017-05-21T09:27:51.759+0200: 117,061: Total time for which application threads were stopped: 0,0000712 seconds, Stopping threads took: 0,0000257 seconds
2017-05-21T09:27:56.759+0200: 122,062: Total time for which application threads were stopped: 0,0000617 seconds, Stopping threads took: 0,0000165 seconds
2017-05-21T09:28:55.766+0200: 181,069: Total time for which application threads were stopped: 0,0007546 seconds, Stopping threads took: 0,0002610 seconds
2017-05-21T09:30:30.776+0200: 276,079: Total time for which application threads were stopped: 0,0001710 seconds, Stopping threads took: 0,0000658 seconds
2017-05-21T09:30:31.776+0200: 277,079: Total time for which application threads were stopped: 0,0000655 seconds, Stopping threads took: 0,0000166 seconds
2017-05-21T09:49:26.902+0200: 1412,205: Total time for which application threads were stopped: 0,0000877 seconds, Stopping threads took: 0,0000337 seconds
2017-05-21T09:53:25.929+0200: 1651,232: Total time for which application threads were stopped: 0,0000876 seconds, Stopping threads took: 0,0000344 seconds
2017-05-21T10:05:07.004+0200: 2352,307: Total time for which application threads were stopped: 0,0000946 seconds, Stopping threads took: 0,0000373 seconds
2017-05-21T10:05:11.005+0200: 2356,307: Total time for which application threads were stopped: 0,0000630 seconds, Stopping threads took: 0,0000158 seconds
2017-05-21T10:25:42.131+0200: 3587,433: Total time for which application threads were stopped: 0,0000807 seconds, Stopping threads took: 0,0000327 seconds
2017-05-21T10:30:41.173+0200: 3886,475: Total time for which application threads were stopped: 0,0001265 seconds, Stopping threads took: 0,0000470 seconds
2017-05-21T10:46:47.312+0200: 4852,615: Total time for which application threads were stopped: 0,0001068 seconds, Stopping threads took: 0,0000386 seconds
2017-05-21T10:49:37.329+0200: 5022,631: Total time for which application threads were stopped: 0,0000927 seconds, Stopping threads took: 0,0000362 seconds
2017-05-21T11:27:56.592+0200: 7321,894: Total time for which application threads were stopped: 0,0003949 seconds, Stopping threads took: 0,0001268 seconds
2017-05-21T11:30:22.606+0200: 7467,909: Total time for which application threads were stopped: 0,0004840 seconds, Stopping threads took: 0,0002035 seconds
2017-05-21T11:33:56.628+0200: 7681,931: Total time for which application threads were stopped: 0,0000761 seconds, Stopping threads took: 0,0000295 seconds
2017-05-21T12:38:27.137+0200: 11552,439: Total time for which application threads were stopped: 0,0000773 seconds, Stopping threads took: 0,0000301 seconds
2017-05-21T13:41:56.593+0200: 15361,896: Total time for which application threads were stopped: 0,0000939 seconds, Stopping threads took: 0,0000318 seconds
2017-05-21T13:43:47.607+0200: 15472,909: Total time for which application threads were stopped: 0,0000879 seconds, Stopping threads took: 0,0000347 seconds
2017-05-21T14:42:32.204+0200: 18631,760: Total time for which application threads were stopped: 0,0000940 seconds, Stopping threads took: 0,0000323 seconds
2017-05-21T16:29:41.997+0200: 25061,553: Total time for which application threads were stopped: 0,0001001 seconds, Stopping threads took: 0,0000339 seconds
2017-05-21T16:29:42.003+0200: 25061,558: Total time for which application threads were stopped: 0,0001020 seconds, Stopping threads took: 0,0000333 seconds
2017-05-21T16:29:42.003+0200: 25061,558: Total time for which application threads were stopped: 0,0000472 seconds, Stopping threads took: 0,0000109 seconds
2017-05-21T16:29:42.003+0200: 25061,559: Total time for which application threads were stopped: 0,0000507 seconds, Stopping threads took: 0,0000166 seconds
2017-05-21T16:29:42.003+0200: 25061,559: Total time for which application threads were stopped: 0,0000543 seconds, Stopping threads took: 0,0000226 seconds
2017-05-21T16:29:42.003+0200: 25061,559: Total time for which application threads were stopped: 0,0000527 seconds, Stopping threads took: 0,0000192 seconds
2017-05-21T16:29:42.003+0200: 25061,559: Total time for which application threads were stopped: 0,0000593 seconds, Stopping threads took: 0,0000261 seconds
2017-05-21T16:29:42.003+0200: 25061,559: Total time for which application threads were stopped: 0,0000568 seconds, Stopping threads took: 0,0000242 seconds
2017-05-21T16:29:42.014+0200: 25061,570: Total time for which application threads were stopped: 0,0001009 seconds, Stopping threads took: 0,0000235 seconds
2017-05-21T16:29:42.122+0200: 25061,677: Total time for which application threads were stopped: 0,0002173 seconds, Stopping threads took: 0,0001270 seconds
2017-05-21T16:29:42.123+0200: 25061,678: Total time for which application threads were stopped: 0,0000937 seconds, Stopping threads took: 0,0000186 seconds
2017-05-21T16:29:42.123+0200: 25061,678: Total time for which application threads were stopped: 0,0000488 seconds, Stopping threads took: 0,0000075 seconds
2017-05-21T16:29:42.124+0200: 25061,680: Total time for which application threads were stopped: 0,0010256 seconds, Stopping threads took: 0,0009297 seconds
2017-05-21T16:29:42.125+0200: 25061,680: Total time for which application threads were stopped: 0,0000898 seconds, Stopping threads took: 0,0000234 seconds
2017-05-21T16:29:42.125+0200: 25061,680: Total time for which application threads were stopped: 0,0000527 seconds, Stopping threads took: 0,0000096 seconds
2017-05-21T16:29:42.125+0200: 25061,680: Total time for which application threads were stopped: 0,0001074 seconds, Stopping threads took: 0,0000619 seconds
2017-05-21T16:29:42.125+0200: 25061,681: Total time for which application threads were stopped: 0,0000889 seconds, Stopping threads took: 0,0000276 seconds
2017-05-21T16:29:42.134+0200: 25061,689: Total time for which application threads were stopped: 0,0001277 seconds, Stopping threads took: 0,0000389 seconds
2017-05-21T16:29:42.134+0200: 25061,689: Total time for which application threads were stopped: 0,0000686 seconds, Stopping threads took: 0,0000173 seconds
2017-05-21T16:29:42.145+0200: 25061,700: Total time for which application threads were stopped: 0,0001167 seconds, Stopping threads took: 0,0000376 seconds
2017-05-21T16:29:42.145+0200: 25061,700: Total time for which application threads were stopped: 0,0000725 seconds, Stopping threads took: 0,0000223 seconds
2017-05-21T16:29:42.145+0200: 25061,700: Total time for which application threads were stopped: 0,0000465 seconds, Stopping threads took: 0,0000062 seconds
2017-05-21T16:29:42.145+0200: 25061,700: Total time for which application threads were stopped: 0,0000484 seconds, Stopping threads took: 0,0000171 seconds
2017-05-21T16:29:42.145+0200: 25061,701: Total time for which application threads were stopped: 0,0000857 seconds, Stopping threads took: 0,0000135 seconds
2017-05-21T16:29:42.148+0200: 25061,703: Total time for which application threads were stopped: 0,0001192 seconds, Stopping threads took: 0,0000332 seconds
2017-05-21T16:29:42.148+0200: 25061,704: Total time for which application threads were stopped: 0,0002162 seconds, Stopping threads took: 0,0000190 seconds
2017-05-21T16:29:42.149+0200: 25061,705: Total time for which application threads were stopped: 0,0001307 seconds, Stopping threads took: 0,0000424 seconds
2017-05-21T16:29:42.152+0200: 25061,707: Total time for which application threads were stopped: 0,0001428 seconds, Stopping threads took: 0,0000355 seconds
2017-05-21T16:29:42.163+0200: 25061,718: Total time for which application threads were stopped: 0,0001110 seconds, Stopping threads took: 0,0000336 seconds
2017-05-21T16:29:42.163+0200: 25061,719: Total time for which application threads were stopped: 0,0001378 seconds, Stopping threads took: 0,0000246 seconds
Heap
 par new generation   total 109248K, used 44783K [0x00000000e0000000, 0x00000000e8000000, 0x00000000e8000000)
  eden space 87424K,  29% used [0x00000000e0000000, 0x00000000e18e4170, 0x00000000e5560000)
  from space 21824K,  88% used [0x00000000e6ab0000, 0x00000000e7d87b60, 0x00000000e8000000)
  to   space 21824K,   0% used [0x00000000e5560000, 0x00000000e5560000, 0x00000000e6ab0000)
 concurrent mark-sweep generation total 393216K, used 6516K [0x00000000e8000000, 0x0000000100000000, 0x0000000100000000)
 Metaspace       used 28198K, capacity 28763K, committed 29104K, reserved 1075200K
  class space    used 3235K, capacity 3437K, committed 3504K, reserved 1048576K
