OpenJDK 64-Bit Server VM (25.121-b13) for linux-amd64 JRE (1.8.0_121-8u121-b13-0ubuntu1.16.04.2-b13), built on Jan 23 2017 15:51:29 by "buildd" with gcc 5.4.0 20160609
Memory: 4k page, physical 7867800k(7500960k free), swap 8076284k(8076284k free)
CommandLine flags: -XX:CMSInitiatingOccupancyFraction=50 -XX:CMSMaxAbortablePrecleanTime=6000 -XX:+CMSParallelRemarkEnabled -XX:+CMSScavengeBeforeRemark -XX:ConcGCThreads=4 -XX:InitialHeapSize=536870912 -XX:MaxHeapSize=536870912 -XX:MaxTenuringThreshold=8 -XX:NewRatio=3 -XX:OldPLABSize=16 -XX:OnOutOfMemoryError=/opt/solr/bin/oom_solr.sh 8983 /var/solr/logs -XX:ParallelGCThreads=4 -XX:+ParallelRefProcEnabled -XX:PretenureSizeThreshold=67108864 -XX:+PrintGC -XX:+PrintGCApplicationStoppedTime -XX:+PrintGCDateStamps -XX:+PrintGCDetails -XX:+PrintGCTimeStamps -XX:+PrintHeapAtGC -XX:+PrintTenuringDistribution -XX:SurvivorRatio=4 -XX:TargetSurvivorRatio=90 -XX:ThreadStackSize=256 -XX:+UseCMSInitiatingOccupancyOnly -XX:+UseCompressedClassPointers -XX:+UseCompressedOops -XX:+UseConcMarkSweepGC -XX:+UseParNewGC 
2017-02-03T10:35:33.306+0100: 0,150: Total time for which application threads were stopped: 0,0000795 seconds, Stopping threads took: 0,0000143 seconds
2017-02-03T10:35:33.410+0100: 0,255: Total time for which application threads were stopped: 0,0000882 seconds, Stopping threads took: 0,0000107 seconds
2017-02-03T10:35:33.423+0100: 0,267: Total time for which application threads were stopped: 0,0001066 seconds, Stopping threads took: 0,0000237 seconds
2017-02-03T10:35:33.807+0100: 0,651: Total time for which application threads were stopped: 0,0001559 seconds, Stopping threads took: 0,0000323 seconds
2017-02-03T10:35:34.167+0100: 1,011: Total time for which application threads were stopped: 0,0001903 seconds, Stopping threads took: 0,0000153 seconds
2017-02-03T10:35:34.294+0100: 1,138: Total time for which application threads were stopped: 0,0002188 seconds, Stopping threads took: 0,0000326 seconds
2017-02-03T10:35:34.369+0100: 1,214: Total time for which application threads were stopped: 0,0003031 seconds, Stopping threads took: 0,0000503 seconds
2017-02-03T10:35:34.610+0100: 1,454: Total time for which application threads were stopped: 0,0003410 seconds, Stopping threads took: 0,0001505 seconds
2017-02-03T10:35:34.840+0100: 1,685: Total time for which application threads were stopped: 0,0010555 seconds, Stopping threads took: 0,0001297 seconds
2017-02-03T10:35:34.865+0100: 1,709: Total time for which application threads were stopped: 0,0001800 seconds, Stopping threads took: 0,0000227 seconds
2017-02-03T10:35:34.903+0100: 1,747: Total time for which application threads were stopped: 0,0002246 seconds, Stopping threads took: 0,0000217 seconds
2017-02-03T10:35:34.906+0100: 1,750: Total time for which application threads were stopped: 0,0009992 seconds, Stopping threads took: 0,0001232 seconds
2017-02-03T10:35:34.926+0100: 1,770: Total time for which application threads were stopped: 0,0002009 seconds, Stopping threads took: 0,0000198 seconds
2017-02-03T10:35:35.008+0100: 1,853: Total time for which application threads were stopped: 0,0002146 seconds, Stopping threads took: 0,0000210 seconds
2017-02-03T10:35:35.153+0100: 1,997: Total time for which application threads were stopped: 0,0002945 seconds, Stopping threads took: 0,0000846 seconds
{Heap before GC invocations=0 (full 0):
 par new generation   total 109248K, used 87424K [0x00000000e0000000, 0x00000000e8000000, 0x00000000e8000000)
  eden space 87424K, 100% used [0x00000000e0000000, 0x00000000e5560000, 0x00000000e5560000)
  from space 21824K,   0% used [0x00000000e5560000, 0x00000000e5560000, 0x00000000e6ab0000)
  to   space 21824K,   0% used [0x00000000e6ab0000, 0x00000000e6ab0000, 0x00000000e8000000)
 concurrent mark-sweep generation total 393216K, used 0K [0x00000000e8000000, 0x0000000100000000, 0x0000000100000000)
 Metaspace       used 18004K, capacity 18336K, committed 18688K, reserved 1064960K
  class space    used 2037K, capacity 2196K, committed 2304K, reserved 1048576K
2017-02-03T10:35:35.238+0100: 2,082: [GC (Allocation Failure) 2017-02-03T10:35:35.238+0100: 2,082: [ParNew
Desired survivor size 20112992 bytes, new threshold 8 (max 8)
- age   1:   12506056 bytes,   12506056 total
: 87424K->12332K(109248K), 0,0171395 secs] 87424K->12332K(502464K), 0,0172246 secs] [Times: user=0,03 sys=0,02, real=0,02 secs] 
Heap after GC invocations=1 (full 0):
 par new generation   total 109248K, used 12332K [0x00000000e0000000, 0x00000000e8000000, 0x00000000e8000000)
  eden space 87424K,   0% used [0x00000000e0000000, 0x00000000e0000000, 0x00000000e5560000)
  from space 21824K,  56% used [0x00000000e6ab0000, 0x00000000e76bb390, 0x00000000e8000000)
  to   space 21824K,   0% used [0x00000000e5560000, 0x00000000e5560000, 0x00000000e6ab0000)
 concurrent mark-sweep generation total 393216K, used 0K [0x00000000e8000000, 0x0000000100000000, 0x0000000100000000)
 Metaspace       used 18004K, capacity 18336K, committed 18688K, reserved 1064960K
  class space    used 2037K, capacity 2196K, committed 2304K, reserved 1048576K
}
2017-02-03T10:35:35.255+0100: 2,099: Total time for which application threads were stopped: 0,0174915 seconds, Stopping threads took: 0,0000494 seconds
2017-02-03T10:35:35.568+0100: 2,413: Total time for which application threads were stopped: 0,0003347 seconds, Stopping threads took: 0,0000620 seconds
{Heap before GC invocations=1 (full 0):
 par new generation   total 109248K, used 99756K [0x00000000e0000000, 0x00000000e8000000, 0x00000000e8000000)
  eden space 87424K, 100% used [0x00000000e0000000, 0x00000000e5560000, 0x00000000e5560000)
  from space 21824K,  56% used [0x00000000e6ab0000, 0x00000000e76bb390, 0x00000000e8000000)
  to   space 21824K,   0% used [0x00000000e5560000, 0x00000000e5560000, 0x00000000e6ab0000)
 concurrent mark-sweep generation total 393216K, used 0K [0x00000000e8000000, 0x0000000100000000, 0x0000000100000000)
 Metaspace       used 20064K, capacity 20426K, committed 20736K, reserved 1067008K
  class space    used 2298K, capacity 2469K, committed 2560K, reserved 1048576K
2017-02-03T10:35:35.612+0100: 2,456: [GC (Allocation Failure) 2017-02-03T10:35:35.612+0100: 2,456: [ParNew
Desired survivor size 20112992 bytes, new threshold 8 (max 8)
- age   1:    3577512 bytes,    3577512 total
- age   2:    6775008 bytes,   10352520 total
: 99756K->13776K(109248K), 0,0103063 secs] 99756K->13776K(502464K), 0,0103724 secs] [Times: user=0,04 sys=0,00, real=0,01 secs] 
Heap after GC invocations=2 (full 0):
 par new generation   total 109248K, used 13776K [0x00000000e0000000, 0x00000000e8000000, 0x00000000e8000000)
  eden space 87424K,   0% used [0x00000000e0000000, 0x00000000e0000000, 0x00000000e5560000)
  from space 21824K,  63% used [0x00000000e5560000, 0x00000000e62d40a8, 0x00000000e6ab0000)
  to   space 21824K,   0% used [0x00000000e6ab0000, 0x00000000e6ab0000, 0x00000000e8000000)
 concurrent mark-sweep generation total 393216K, used 0K [0x00000000e8000000, 0x0000000100000000, 0x0000000100000000)
 Metaspace       used 20064K, capacity 20426K, committed 20736K, reserved 1067008K
  class space    used 2298K, capacity 2469K, committed 2560K, reserved 1048576K
}
2017-02-03T10:35:35.622+0100: 2,466: Total time for which application threads were stopped: 0,0106721 seconds, Stopping threads took: 0,0001544 seconds
2017-02-03T10:35:35.627+0100: 2,471: Total time for which application threads were stopped: 0,0014989 seconds, Stopping threads took: 0,0012311 seconds
2017-02-03T10:35:35.651+0100: 2,495: Total time for which application threads were stopped: 0,0003603 seconds, Stopping threads took: 0,0000470 seconds
2017-02-03T10:35:35.753+0100: 2,597: Total time for which application threads were stopped: 0,0009349 seconds, Stopping threads took: 0,0007940 seconds
2017-02-03T10:35:35.803+0100: 2,647: Total time for which application threads were stopped: 0,0001422 seconds, Stopping threads took: 0,0000488 seconds
{Heap before GC invocations=2 (full 0):
 par new generation   total 109248K, used 107880K [0x00000000e0000000, 0x00000000e8000000, 0x00000000e8000000)
  eden space 87424K, 100% used [0x00000000e0000000, 0x00000000e5560000, 0x00000000e5560000)
  from space 21824K,  93% used [0x00000000e5560000, 0x00000000e695a228, 0x00000000e6ab0000)
  to   space 21824K,   0% used [0x00000000e6ab0000, 0x00000000e6ab0000, 0x00000000e8000000)
 concurrent mark-sweep generation total 393216K, used 0K [0x00000000e8000000, 0x0000000100000000, 0x0000000100000000)
 Metaspace       used 21117K, capacity 21476K, committed 21628K, reserved 1069056K
  class space    used 2435K, capacity 2588K, committed 2684K, reserved 1048576K
2017-02-03T10:35:35.815+0100: 2,659: [GC (GCLocker Initiated GC) 2017-02-03T10:35:35.815+0100: 2,659: [ParNew
Desired survivor size 20112992 bytes, new threshold 8 (max 8)
- age   1:    2408928 bytes,    2408928 total
- age   2:     896488 bytes,    3305416 total
- age   3:    6771456 bytes,   10076872 total
: 107880K->12958K(109248K), 0,0159855 secs] 107880K->12958K(502464K), 0,0160592 secs] [Times: user=0,05 sys=0,00, real=0,01 secs] 
Heap after GC invocations=3 (full 0):
 par new generation   total 109248K, used 12958K [0x00000000e0000000, 0x00000000e8000000, 0x00000000e8000000)
  eden space 87424K,   0% used [0x00000000e0000000, 0x00000000e0000000, 0x00000000e5560000)
  from space 21824K,  59% used [0x00000000e6ab0000, 0x00000000e7757868, 0x00000000e8000000)
  to   space 21824K,   0% used [0x00000000e5560000, 0x00000000e5560000, 0x00000000e6ab0000)
 concurrent mark-sweep generation total 393216K, used 0K [0x00000000e8000000, 0x0000000100000000, 0x0000000100000000)
 Metaspace       used 21117K, capacity 21476K, committed 21628K, reserved 1069056K
  class space    used 2435K, capacity 2588K, committed 2684K, reserved 1048576K
}
2017-02-03T10:35:35.831+0100: 2,675: Total time for which application threads were stopped: 0,0162732 seconds, Stopping threads took: 0,0000434 seconds
2017-02-03T10:35:35.835+0100: 2,679: [GC (CMS Initial Mark) [1 CMS-initial-mark: 0K(393216K)] 16678K(502464K), 0,0042015 secs] [Times: user=0,00 sys=0,00, real=0,00 secs] 
2017-02-03T10:35:35.839+0100: 2,684: Total time for which application threads were stopped: 0,0043706 seconds, Stopping threads took: 0,0000611 seconds
2017-02-03T10:35:35.839+0100: 2,684: [CMS-concurrent-mark-start]
2017-02-03T10:35:35.840+0100: 2,684: [CMS-concurrent-mark: 0,000/0,000 secs] [Times: user=0,00 sys=0,00, real=0,00 secs] 
2017-02-03T10:35:35.840+0100: 2,684: [CMS-concurrent-preclean-start]
2017-02-03T10:35:35.840+0100: 2,685: [CMS-concurrent-preclean: 0,001/0,001 secs] [Times: user=0,00 sys=0,00, real=0,00 secs] 
2017-02-03T10:35:35.840+0100: 2,685: [CMS-concurrent-abortable-preclean-start]
2017-02-03T10:35:35.845+0100: 2,690: Total time for which application threads were stopped: 0,0001470 seconds, Stopping threads took: 0,0000398 seconds
2017-02-03T10:35:35.923+0100: 2,767: Total time for which application threads were stopped: 0,0001410 seconds, Stopping threads took: 0,0000547 seconds
2017-02-03T10:35:35.965+0100: 2,809: Total time for which application threads were stopped: 0,0001752 seconds, Stopping threads took: 0,0000918 seconds
{Heap before GC invocations=3 (full 1):
 par new generation   total 109248K, used 100382K [0x00000000e0000000, 0x00000000e8000000, 0x00000000e8000000)
  eden space 87424K, 100% used [0x00000000e0000000, 0x00000000e5560000, 0x00000000e5560000)
  from space 21824K,  59% used [0x00000000e6ab0000, 0x00000000e7757868, 0x00000000e8000000)
  to   space 21824K,   0% used [0x00000000e5560000, 0x00000000e5560000, 0x00000000e6ab0000)
 concurrent mark-sweep generation total 393216K, used 0K [0x00000000e8000000, 0x0000000100000000, 0x0000000100000000)
 Metaspace       used 22156K, capacity 22516K, committed 22624K, reserved 1069056K
  class space    used 2558K, capacity 2730K, committed 2760K, reserved 1048576K
2017-02-03T10:35:36.031+0100: 2,875: [GC (Allocation Failure) 2017-02-03T10:35:36.031+0100: 2,875: [ParNew
Desired survivor size 20112992 bytes, new threshold 8 (max 8)
- age   1:    1474240 bytes,    1474240 total
- age   2:    1649424 bytes,    3123664 total
- age   3:     874808 bytes,    3998472 total
- age   4:    6771184 bytes,   10769656 total
: 100382K->12824K(109248K), 0,0116183 secs] 100382K->12824K(502464K), 0,0117009 secs] [Times: user=0,04 sys=0,00, real=0,01 secs] 
Heap after GC invocations=4 (full 1):
 par new generation   total 109248K, used 12824K [0x00000000e0000000, 0x00000000e8000000, 0x00000000e8000000)
  eden space 87424K,   0% used [0x00000000e0000000, 0x00000000e0000000, 0x00000000e5560000)
  from space 21824K,  58% used [0x00000000e5560000, 0x00000000e61e63b0, 0x00000000e6ab0000)
  to   space 21824K,   0% used [0x00000000e6ab0000, 0x00000000e6ab0000, 0x00000000e8000000)
 concurrent mark-sweep generation total 393216K, used 0K [0x00000000e8000000, 0x0000000100000000, 0x0000000100000000)
 Metaspace       used 22156K, capacity 22516K, committed 22624K, reserved 1069056K
  class space    used 2558K, capacity 2730K, committed 2760K, reserved 1048576K
}
2017-02-03T10:35:36.042+0100: 2,887: Total time for which application threads were stopped: 0,0119208 seconds, Stopping threads took: 0,0000551 seconds
2017-02-03T10:35:36.097+0100: 2,941: Total time for which application threads were stopped: 0,0001550 seconds, Stopping threads took: 0,0000643 seconds
2017-02-03T10:35:36.097+0100: 2,941: [CMS-concurrent-abortable-preclean: 0,175/0,257 secs] [Times: user=0,95 sys=0,02, real=0,26 secs] 
2017-02-03T10:35:36.098+0100: 2,943: [GC (CMS Final Remark) [YG occupancy: 80129 K (109248 K)]{Heap before GC invocations=4 (full 1):
 par new generation   total 109248K, used 80129K [0x00000000e0000000, 0x00000000e8000000, 0x00000000e8000000)
  eden space 87424K,  76% used [0x00000000e0000000, 0x00000000e41ba2e8, 0x00000000e5560000)
  from space 21824K,  58% used [0x00000000e5560000, 0x00000000e61e63b0, 0x00000000e6ab0000)
  to   space 21824K,   0% used [0x00000000e6ab0000, 0x00000000e6ab0000, 0x00000000e8000000)
 concurrent mark-sweep generation total 393216K, used 0K [0x00000000e8000000, 0x0000000100000000, 0x0000000100000000)
 Metaspace       used 22252K, capacity 22650K, committed 22880K, reserved 1069056K
  class space    used 2568K, capacity 2731K, committed 2760K, reserved 1048576K
2017-02-03T10:35:36.098+0100: 2,943: [GC (CMS Final Remark) 2017-02-03T10:35:36.098+0100: 2,943: [ParNew
Desired survivor size 20112992 bytes, new threshold 8 (max 8)
- age   1:     534696 bytes,     534696 total
- age   2:     392984 bytes,     927680 total
- age   3:    1639888 bytes,    2567568 total
- age   4:     872792 bytes,    3440360 total
- age   5:    6771592 bytes,   10211952 total
: 80129K->13755K(109248K), 0,0111228 secs] 80129K->13755K(502464K), 0,0111664 secs] [Times: user=0,03 sys=0,00, real=0,01 secs] 
Heap after GC invocations=5 (full 1):
 par new generation   total 109248K, used 13755K [0x00000000e0000000, 0x00000000e8000000, 0x00000000e8000000)
  eden space 87424K,   0% used [0x00000000e0000000, 0x00000000e0000000, 0x00000000e5560000)
  from space 21824K,  63% used [0x00000000e6ab0000, 0x00000000e781ee10, 0x00000000e8000000)
  to   space 21824K,   0% used [0x00000000e5560000, 0x00000000e5560000, 0x00000000e6ab0000)
 concurrent mark-sweep generation total 393216K, used 0K [0x00000000e8000000, 0x0000000100000000, 0x0000000100000000)
 Metaspace       used 22252K, capacity 22650K, committed 22880K, reserved 1069056K
  class space    used 2568K, capacity 2731K, committed 2760K, reserved 1048576K
}
2017-02-03T10:35:36.110+0100: 2,954: [Rescan (parallel) , 0,0034645 secs]2017-02-03T10:35:36.113+0100: 2,957: [weak refs processing, 0,0005721 secs]2017-02-03T10:35:36.114+0100: 2,958: [class unloading, 0,0029808 secs]2017-02-03T10:35:36.117+0100: 2,961: [scrub symbol table, 0,0032131 secs]2017-02-03T10:35:36.120+0100: 2,964: [scrub string table, 0,0003608 secs][1 CMS-remark: 0K(393216K)] 13755K(502464K), 0,0224539 secs] [Times: user=0,05 sys=0,00, real=0,02 secs] 
2017-02-03T10:35:36.121+0100: 2,965: Total time for which application threads were stopped: 0,0226887 seconds, Stopping threads took: 0,0001443 seconds
2017-02-03T10:35:36.121+0100: 2,965: [CMS-concurrent-sweep-start]
2017-02-03T10:35:36.121+0100: 2,965: [CMS-concurrent-sweep: 0,000/0,000 secs] [Times: user=0,00 sys=0,00, real=0,00 secs] 
2017-02-03T10:35:36.121+0100: 2,965: [CMS-concurrent-reset-start]
2017-02-03T10:35:36.124+0100: 2,968: [CMS-concurrent-reset: 0,002/0,002 secs] [Times: user=0,00 sys=0,00, real=0,00 secs] 
2017-02-03T10:35:36.154+0100: 2,998: Total time for which application threads were stopped: 0,0012841 seconds, Stopping threads took: 0,0009500 seconds
{Heap before GC invocations=5 (full 1):
 par new generation   total 109248K, used 101179K [0x00000000e0000000, 0x00000000e8000000, 0x00000000e8000000)
  eden space 87424K, 100% used [0x00000000e0000000, 0x00000000e5560000, 0x00000000e5560000)
  from space 21824K,  63% used [0x00000000e6ab0000, 0x00000000e781ee10, 0x00000000e8000000)
  to   space 21824K,   0% used [0x00000000e5560000, 0x00000000e5560000, 0x00000000e6ab0000)
 concurrent mark-sweep generation total 393216K, used 0K [0x00000000e8000000, 0x0000000100000000, 0x0000000100000000)
 Metaspace       used 23246K, capacity 23620K, committed 23880K, reserved 1071104K
  class space    used 2697K, capacity 2862K, committed 2888K, reserved 1048576K
2017-02-03T10:35:36.286+0100: 3,130: [GC (Allocation Failure) 2017-02-03T10:35:36.286+0100: 3,130: [ParNew
Desired survivor size 20112992 bytes, new threshold 8 (max 8)
- age   1:    1707616 bytes,    1707616 total
- age   2:     110464 bytes,    1818080 total
- age   3:     392240 bytes,    2210320 total
- age   4:     863168 bytes,    3073488 total
- age   5:     860472 bytes,    3933960 total
- age   6:    6767752 bytes,   10701712 total
: 101179K->13572K(109248K), 0,0110319 secs] 101179K->13572K(502464K), 0,0111025 secs] [Times: user=0,04 sys=0,00, real=0,02 secs] 
Heap after GC invocations=6 (full 1):
 par new generation   total 109248K, used 13572K [0x00000000e0000000, 0x00000000e8000000, 0x00000000e8000000)
  eden space 87424K,   0% used [0x00000000e0000000, 0x00000000e0000000, 0x00000000e5560000)
  from space 21824K,  62% used [0x00000000e5560000, 0x00000000e62a1090, 0x00000000e6ab0000)
  to   space 21824K,   0% used [0x00000000e6ab0000, 0x00000000e6ab0000, 0x00000000e8000000)
 concurrent mark-sweep generation total 393216K, used 0K [0x00000000e8000000, 0x0000000100000000, 0x0000000100000000)
 Metaspace       used 23246K, capacity 23620K, committed 23880K, reserved 1071104K
  class space    used 2697K, capacity 2862K, committed 2888K, reserved 1048576K
}
2017-02-03T10:35:36.297+0100: 3,141: Total time for which application threads were stopped: 0,0114399 seconds, Stopping threads took: 0,0001580 seconds
2017-02-03T10:35:36.420+0100: 3,264: Total time for which application threads were stopped: 0,0012153 seconds, Stopping threads took: 0,0007489 seconds
2017-02-03T10:35:36.435+0100: 3,279: Total time for which application threads were stopped: 0,0004768 seconds, Stopping threads took: 0,0000461 seconds
2017-02-03T10:35:36.910+0100: 3,755: Total time for which application threads were stopped: 0,0005164 seconds, Stopping threads took: 0,0000215 seconds
2017-02-03T10:35:36.925+0100: 3,769: Total time for which application threads were stopped: 0,0004239 seconds, Stopping threads took: 0,0000195 seconds
2017-02-03T10:35:36.956+0100: 3,800: Total time for which application threads were stopped: 0,0004166 seconds, Stopping threads took: 0,0000272 seconds
2017-02-03T10:35:37.210+0100: 4,055: Total time for which application threads were stopped: 0,0005206 seconds, Stopping threads took: 0,0000301 seconds
{Heap before GC invocations=6 (full 1):
 par new generation   total 109248K, used 100996K [0x00000000e0000000, 0x00000000e8000000, 0x00000000e8000000)
  eden space 87424K, 100% used [0x00000000e0000000, 0x00000000e5560000, 0x00000000e5560000)
  from space 21824K,  62% used [0x00000000e5560000, 0x00000000e62a1090, 0x00000000e6ab0000)
  to   space 21824K,   0% used [0x00000000e6ab0000, 0x00000000e6ab0000, 0x00000000e8000000)
 concurrent mark-sweep generation total 393216K, used 0K [0x00000000e8000000, 0x0000000100000000, 0x0000000100000000)
 Metaspace       used 29130K, capacity 29652K, committed 30024K, reserved 1075200K
  class space    used 3359K, capacity 3568K, committed 3656K, reserved 1048576K
2017-02-03T10:35:44.188+0100: 11,032: [GC (Allocation Failure) 2017-02-03T10:35:44.188+0100: 11,032: [ParNew
Desired survivor size 20112992 bytes, new threshold 7 (max 8)
- age   1:   11340576 bytes,   11340576 total
- age   2:     714264 bytes,   12054840 total
- age   3:     109440 bytes,   12164280 total
- age   4:     381832 bytes,   12546112 total
- age   5:     319008 bytes,   12865120 total
- age   6:     848200 bytes,   13713320 total
- age   7:    6666320 bytes,   20379640 total
: 100996K->21824K(109248K), 0,0168214 secs] 100996K->21824K(502464K), 0,0168922 secs] [Times: user=0,05 sys=0,00, real=0,01 secs] 
Heap after GC invocations=7 (full 1):
 par new generation   total 109248K, used 21824K [0x00000000e0000000, 0x00000000e8000000, 0x00000000e8000000)
  eden space 87424K,   0% used [0x00000000e0000000, 0x00000000e0000000, 0x00000000e5560000)
  from space 21824K, 100% used [0x00000000e6ab0000, 0x00000000e8000000, 0x00000000e8000000)
  to   space 21824K,   0% used [0x00000000e5560000, 0x00000000e5560000, 0x00000000e6ab0000)
 concurrent mark-sweep generation total 393216K, used 0K [0x00000000e8000000, 0x0000000100000000, 0x0000000100000000)
 Metaspace       used 29130K, capacity 29652K, committed 30024K, reserved 1075200K
  class space    used 3359K, capacity 3568K, committed 3656K, reserved 1048576K
}
2017-02-03T10:35:44.204+0100: 11,049: Total time for which application threads were stopped: 0,0170276 seconds, Stopping threads took: 0,0000165 seconds
2017-02-03T10:35:45.205+0100: 12,049: Total time for which application threads were stopped: 0,0000805 seconds, Stopping threads took: 0,0000187 seconds
2017-02-03T10:36:05.212+0100: 32,056: Total time for which application threads were stopped: 0,0000600 seconds, Stopping threads took: 0,0000164 seconds
2017-02-03T10:37:55.225+0100: 142,069: Total time for which application threads were stopped: 0,0000775 seconds, Stopping threads took: 0,0000331 seconds
2017-02-03T10:38:34.229+0100: 181,073: Total time for which application threads were stopped: 0,0000754 seconds, Stopping threads took: 0,0000312 seconds
2017-02-03T10:59:05.356+0100: 1412,200: Total time for which application threads were stopped: 0,0000743 seconds, Stopping threads took: 0,0000278 seconds
2017-02-03T11:04:24.390+0100: 1731,234: Total time for which application threads were stopped: 0,0003954 seconds, Stopping threads took: 0,0001465 seconds
2017-02-03T11:14:04.451+0100: 2311,295: Total time for which application threads were stopped: 0,0005262 seconds, Stopping threads took: 0,0002520 seconds
2017-02-03T11:14:05.451+0100: 2312,295: Total time for which application threads were stopped: 0,0001064 seconds, Stopping threads took: 0,0000381 seconds
2017-02-03T11:15:04.457+0100: 2371,302: Total time for which application threads were stopped: 0,0004741 seconds, Stopping threads took: 0,0001700 seconds
2017-02-03T11:19:29.485+0100: 2636,329: Total time for which application threads were stopped: 0,0003632 seconds, Stopping threads took: 0,0001264 seconds
2017-02-03T11:28:50.539+0100: 3197,384: Total time for which application threads were stopped: 0,0000869 seconds, Stopping threads took: 0,0000320 seconds
2017-02-03T11:31:35.556+0100: 3362,400: Total time for which application threads were stopped: 0,0000898 seconds, Stopping threads took: 0,0000357 seconds
2017-02-03T11:35:05.577+0100: 3572,421: Total time for which application threads were stopped: 0,0000739 seconds, Stopping threads took: 0,0000272 seconds
2017-02-03T11:37:29.590+0100: 3716,434: Total time for which application threads were stopped: 0,0000807 seconds, Stopping threads took: 0,0000335 seconds
2017-02-03T11:40:09.606+0100: 3876,450: Total time for which application threads were stopped: 0,0000940 seconds, Stopping threads took: 0,0000309 seconds
2017-02-03T11:40:14.607+0100: 3881,451: Total time for which application threads were stopped: 0,0000618 seconds, Stopping threads took: 0,0000167 seconds
2017-02-03T11:42:05.618+0100: 3992,462: Total time for which application threads were stopped: 0,0000750 seconds, Stopping threads took: 0,0000309 seconds
2017-02-03T12:02:40.745+0100: 5227,589: Total time for which application threads were stopped: 0,0002821 seconds, Stopping threads took: 0,0001539 seconds
2017-02-03T12:02:45.746+0100: 5232,590: Total time for which application threads were stopped: 0,0000654 seconds, Stopping threads took: 0,0000166 seconds
2017-02-03T12:20:20.856+0100: 6287,700: Total time for which application threads were stopped: 0,0001099 seconds, Stopping threads took: 0,0000421 seconds
2017-02-03T12:38:34.968+0100: 7381,812: Total time for which application threads were stopped: 0,0000917 seconds, Stopping threads took: 0,0000348 seconds
2017-02-03T12:40:04.977+0100: 7471,822: Total time for which application threads were stopped: 0,0000726 seconds, Stopping threads took: 0,0000276 seconds
2017-02-03T12:43:34.999+0100: 7681,843: Total time for which application threads were stopped: 0,0004642 seconds, Stopping threads took: 0,0001441 seconds
2017-02-03T12:44:05.002+0100: 7711,846: Total time for which application threads were stopped: 0,0004607 seconds, Stopping threads took: 0,0001756 seconds
2017-02-03T14:51:34.817+0100: 15361,662: Total time for which application threads were stopped: 0,0000765 seconds, Stopping threads took: 0,0000300 seconds
2017-02-03T14:52:04.821+0100: 15391,665: Total time for which application threads were stopped: 0,0000840 seconds, Stopping threads took: 0,0000325 seconds
2017-02-03T15:54:35.217+0100: 19142,061: Total time for which application threads were stopped: 0,0001682 seconds, Stopping threads took: 0,0000587 seconds
2017-02-03T22:56:40.745+0100: 44467,589: Total time for which application threads were stopped: 0,0001894 seconds, Stopping threads took: 0,0000671 seconds
2017-02-04T01:29:28.001+0100: 53634,845: Total time for which application threads were stopped: 0,0006774 seconds, Stopping threads took: 0,0005938 seconds
2017-02-04T01:29:28.155+0100: 53634,999: Total time for which application threads were stopped: 0,0001573 seconds, Stopping threads took: 0,0000258 seconds
Heap
 par new generation   total 109248K, used 46298K [0x00000000e0000000, 0x00000000e8000000, 0x00000000e8000000)
  eden space 87424K,  27% used [0x00000000e0000000, 0x00000000e17e6a60, 0x00000000e5560000)
  from space 21824K, 100% used [0x00000000e6ab0000, 0x00000000e8000000, 0x00000000e8000000)
  to   space 21824K,   0% used [0x00000000e5560000, 0x00000000e5560000, 0x00000000e6ab0000)
 concurrent mark-sweep generation total 393216K, used 0K [0x00000000e8000000, 0x0000000100000000, 0x0000000100000000)
 Metaspace       used 29310K, capacity 29792K, committed 30024K, reserved 1075200K
  class space    used 3373K, capacity 3570K, committed 3656K, reserved 1048576K
