OpenJDK 64-Bit Server VM (25.131-b11) for linux-amd64 JRE (1.8.0_131-8u131-b11-2ubuntu1.16.04.2-b11), built on Jul 22 2017 00:56:41 by "buildd" with gcc 5.4.0 20160609
Memory: 4k page, physical 7867736k(7477760k free), swap 8076284k(8076284k free)
CommandLine flags: -XX:CMSInitiatingOccupancyFraction=50 -XX:CMSMaxAbortablePrecleanTime=6000 -XX:+CMSParallelRemarkEnabled -XX:+CMSScavengeBeforeRemark -XX:ConcGCThreads=4 -XX:InitialHeapSize=536870912 -XX:MaxHeapSize=536870912 -XX:MaxTenuringThreshold=8 -XX:NewRatio=3 -XX:OldPLABSize=16 -XX:OnOutOfMemoryError=/opt/solr/bin/oom_solr.sh 8983 /var/solr/logs -XX:ParallelGCThreads=4 -XX:+ParallelRefProcEnabled -XX:PretenureSizeThreshold=67108864 -XX:+PrintGC -XX:+PrintGCApplicationStoppedTime -XX:+PrintGCDateStamps -XX:+PrintGCDetails -XX:+PrintGCTimeStamps -XX:+PrintHeapAtGC -XX:+PrintTenuringDistribution -XX:SurvivorRatio=4 -XX:TargetSurvivorRatio=90 -XX:ThreadStackSize=256 -XX:+UseCMSInitiatingOccupancyOnly -XX:+UseCompressedClassPointers -XX:+UseCompressedOops -XX:+UseConcMarkSweepGC -XX:+UseParNewGC 
2017-08-01T07:10:41.539+0200: 0,217: Total time for which application threads were stopped: 0,0001066 seconds, Stopping threads took: 0,0000378 seconds
2017-08-01T07:10:41.647+0200: 0,325: Total time for which application threads were stopped: 0,0000894 seconds, Stopping threads took: 0,0000139 seconds
2017-08-01T07:10:41.665+0200: 0,344: Total time for which application threads were stopped: 0,0000938 seconds, Stopping threads took: 0,0000166 seconds
2017-08-01T07:10:42.063+0200: 0,742: Total time for which application threads were stopped: 0,0001665 seconds, Stopping threads took: 0,0000182 seconds
2017-08-01T07:10:42.529+0200: 1,207: Total time for which application threads were stopped: 0,0003175 seconds, Stopping threads took: 0,0000429 seconds
2017-08-01T07:10:42.600+0200: 1,278: Total time for which application threads were stopped: 0,0001472 seconds, Stopping threads took: 0,0000208 seconds
2017-08-01T07:10:42.620+0200: 1,298: Total time for which application threads were stopped: 0,0001681 seconds, Stopping threads took: 0,0000251 seconds
2017-08-01T07:10:42.898+0200: 1,576: Total time for which application threads were stopped: 0,0003819 seconds, Stopping threads took: 0,0001121 seconds
2017-08-01T07:10:43.164+0200: 1,842: Total time for which application threads were stopped: 0,0002091 seconds, Stopping threads took: 0,0000155 seconds
2017-08-01T07:10:43.196+0200: 1,874: Total time for which application threads were stopped: 0,0001609 seconds, Stopping threads took: 0,0000218 seconds
2017-08-01T07:10:43.236+0200: 1,914: Total time for which application threads were stopped: 0,0002447 seconds, Stopping threads took: 0,0000223 seconds
2017-08-01T07:10:43.237+0200: 1,916: Total time for which application threads were stopped: 0,0002130 seconds, Stopping threads took: 0,0000165 seconds
2017-08-01T07:10:43.252+0200: 1,930: Total time for which application threads were stopped: 0,0001754 seconds, Stopping threads took: 0,0000188 seconds
2017-08-01T07:10:43.320+0200: 1,998: Total time for which application threads were stopped: 0,0002441 seconds, Stopping threads took: 0,0000217 seconds
2017-08-01T07:10:43.490+0200: 2,168: Total time for which application threads were stopped: 0,0002811 seconds, Stopping threads took: 0,0000582 seconds
{Heap before GC invocations=0 (full 0):
 par new generation   total 109248K, used 87424K [0x00000000e0000000, 0x00000000e8000000, 0x00000000e8000000)
  eden space 87424K, 100% used [0x00000000e0000000, 0x00000000e5560000, 0x00000000e5560000)
  from space 21824K,   0% used [0x00000000e5560000, 0x00000000e5560000, 0x00000000e6ab0000)
  to   space 21824K,   0% used [0x00000000e6ab0000, 0x00000000e6ab0000, 0x00000000e8000000)
 concurrent mark-sweep generation total 393216K, used 0K [0x00000000e8000000, 0x0000000100000000, 0x0000000100000000)
 Metaspace       used 17854K, capacity 18176K, committed 18304K, reserved 1064960K
  class space    used 2023K, capacity 2164K, committed 2176K, reserved 1048576K
2017-08-01T07:10:43.542+0200: 2,220: [GC (Allocation Failure) 2017-08-01T07:10:43.542+0200: 2,220: [ParNew
Desired survivor size 20112992 bytes, new threshold 8 (max 8)
- age   1:   11772272 bytes,   11772272 total
: 87424K->11595K(109248K), 0,0161247 secs] 87424K->11595K(502464K), 0,0162069 secs] [Times: user=0,06 sys=0,00, real=0,02 secs] 
Heap after GC invocations=1 (full 0):
 par new generation   total 109248K, used 11595K [0x00000000e0000000, 0x00000000e8000000, 0x00000000e8000000)
  eden space 87424K,   0% used [0x00000000e0000000, 0x00000000e0000000, 0x00000000e5560000)
  from space 21824K,  53% used [0x00000000e6ab0000, 0x00000000e7602ee8, 0x00000000e8000000)
  to   space 21824K,   0% used [0x00000000e5560000, 0x00000000e5560000, 0x00000000e6ab0000)
 concurrent mark-sweep generation total 393216K, used 0K [0x00000000e8000000, 0x0000000100000000, 0x0000000100000000)
 Metaspace       used 17854K, capacity 18176K, committed 18304K, reserved 1064960K
  class space    used 2023K, capacity 2164K, committed 2176K, reserved 1048576K
}
2017-08-01T07:10:43.558+0200: 2,236: Total time for which application threads were stopped: 0,0191885 seconds, Stopping threads took: 0,0028207 seconds
2017-08-01T07:10:43.945+0200: 2,624: Total time for which application threads were stopped: 0,0004408 seconds, Stopping threads took: 0,0000743 seconds
{Heap before GC invocations=1 (full 0):
 par new generation   total 109248K, used 99019K [0x00000000e0000000, 0x00000000e8000000, 0x00000000e8000000)
  eden space 87424K, 100% used [0x00000000e0000000, 0x00000000e5560000, 0x00000000e5560000)
  from space 21824K,  53% used [0x00000000e6ab0000, 0x00000000e7602ee8, 0x00000000e8000000)
  to   space 21824K,   0% used [0x00000000e5560000, 0x00000000e5560000, 0x00000000e6ab0000)
 concurrent mark-sweep generation total 393216K, used 0K [0x00000000e8000000, 0x0000000100000000, 0x0000000100000000)
 Metaspace       used 20029K, capacity 20346K, committed 20736K, reserved 1067008K
  class space    used 2291K, capacity 2463K, committed 2560K, reserved 1048576K
2017-08-01T07:10:43.991+0200: 2,669: [GC (Allocation Failure) 2017-08-01T07:10:43.991+0200: 2,669: [ParNew
Desired survivor size 20112992 bytes, new threshold 8 (max 8)
- age   1:    4001704 bytes,    4001704 total
- age   2:    6297688 bytes,   10299392 total
: 99019K->11238K(109248K), 0,0130603 secs] 99019K->11238K(502464K), 0,0131327 secs] [Times: user=0,05 sys=0,00, real=0,01 secs] 
Heap after GC invocations=2 (full 0):
 par new generation   total 109248K, used 11238K [0x00000000e0000000, 0x00000000e8000000, 0x00000000e8000000)
  eden space 87424K,   0% used [0x00000000e0000000, 0x00000000e0000000, 0x00000000e5560000)
  from space 21824K,  51% used [0x00000000e5560000, 0x00000000e6059830, 0x00000000e6ab0000)
  to   space 21824K,   0% used [0x00000000e6ab0000, 0x00000000e6ab0000, 0x00000000e8000000)
 concurrent mark-sweep generation total 393216K, used 0K [0x00000000e8000000, 0x0000000100000000, 0x0000000100000000)
 Metaspace       used 20029K, capacity 20346K, committed 20736K, reserved 1067008K
  class space    used 2291K, capacity 2463K, committed 2560K, reserved 1048576K
}
2017-08-01T07:10:44.004+0200: 2,683: Total time for which application threads were stopped: 0,0141687 seconds, Stopping threads took: 0,0008584 seconds
2017-08-01T07:10:44.013+0200: 2,691: Total time for which application threads were stopped: 0,0003251 seconds, Stopping threads took: 0,0000507 seconds
2017-08-01T07:10:44.058+0200: 2,736: Total time for which application threads were stopped: 0,0020885 seconds, Stopping threads took: 0,0018140 seconds
2017-08-01T07:10:44.195+0200: 2,873: Total time for which application threads were stopped: 0,0002416 seconds, Stopping threads took: 0,0000484 seconds
{Heap before GC invocations=2 (full 0):
 par new generation   total 109248K, used 98662K [0x00000000e0000000, 0x00000000e8000000, 0x00000000e8000000)
  eden space 87424K, 100% used [0x00000000e0000000, 0x00000000e5560000, 0x00000000e5560000)
  from space 21824K,  51% used [0x00000000e5560000, 0x00000000e6059830, 0x00000000e6ab0000)
  to   space 21824K,   0% used [0x00000000e6ab0000, 0x00000000e6ab0000, 0x00000000e8000000)
 concurrent mark-sweep generation total 393216K, used 0K [0x00000000e8000000, 0x0000000100000000, 0x0000000100000000)
 Metaspace       used 20983K, capacity 21332K, committed 21628K, reserved 1069056K
  class space    used 2412K, capacity 2582K, committed 2684K, reserved 1048576K
2017-08-01T07:10:44.229+0200: 2,908: [GC (Allocation Failure) 2017-08-01T07:10:44.229+0200: 2,908: [ParNew
Desired survivor size 20112992 bytes, new threshold 8 (max 8)
- age   1:    2009408 bytes,    2009408 total
- age   2:    1170840 bytes,    3180248 total
- age   3:    6295688 bytes,    9475936 total
: 98662K->14124K(109248K), 0,0141599 secs] 98662K->14124K(502464K), 0,0142420 secs] [Times: user=0,04 sys=0,00, real=0,02 secs] 
Heap after GC invocations=3 (full 0):
 par new generation   total 109248K, used 14124K [0x00000000e0000000, 0x00000000e8000000, 0x00000000e8000000)
  eden space 87424K,   0% used [0x00000000e0000000, 0x00000000e0000000, 0x00000000e5560000)
  from space 21824K,  64% used [0x00000000e6ab0000, 0x00000000e787b330, 0x00000000e8000000)
  to   space 21824K,   0% used [0x00000000e5560000, 0x00000000e5560000, 0x00000000e6ab0000)
 concurrent mark-sweep generation total 393216K, used 0K [0x00000000e8000000, 0x0000000100000000, 0x0000000100000000)
 Metaspace       used 20983K, capacity 21332K, committed 21628K, reserved 1069056K
  class space    used 2412K, capacity 2582K, committed 2684K, reserved 1048576K
}
2017-08-01T07:10:44.244+0200: 2,922: Total time for which application threads were stopped: 0,0144607 seconds, Stopping threads took: 0,0000535 seconds
2017-08-01T07:10:44.244+0200: 2,922: [GC (CMS Initial Mark) [1 CMS-initial-mark: 0K(393216K)] 14819K(502464K), 0,0036618 secs] [Times: user=0,02 sys=0,00, real=0,00 secs] 
2017-08-01T07:10:44.248+0200: 2,926: Total time for which application threads were stopped: 0,0038223 seconds, Stopping threads took: 0,0000473 seconds
2017-08-01T07:10:44.248+0200: 2,926: [CMS-concurrent-mark-start]
2017-08-01T07:10:44.248+0200: 2,926: [CMS-concurrent-mark: 0,000/0,000 secs] [Times: user=0,00 sys=0,00, real=0,00 secs] 
2017-08-01T07:10:44.248+0200: 2,926: [CMS-concurrent-preclean-start]
2017-08-01T07:10:44.249+0200: 2,928: [CMS-concurrent-preclean: 0,001/0,001 secs] [Times: user=0,00 sys=0,00, real=0,00 secs] 
2017-08-01T07:10:44.249+0200: 2,928: [CMS-concurrent-abortable-preclean-start]
2017-08-01T07:10:44.294+0200: 2,972: Total time for which application threads were stopped: 0,0002025 seconds, Stopping threads took: 0,0000725 seconds
{Heap before GC invocations=3 (full 1):
 par new generation   total 109248K, used 101548K [0x00000000e0000000, 0x00000000e8000000, 0x00000000e8000000)
  eden space 87424K, 100% used [0x00000000e0000000, 0x00000000e5560000, 0x00000000e5560000)
  from space 21824K,  64% used [0x00000000e6ab0000, 0x00000000e787b330, 0x00000000e8000000)
  to   space 21824K,   0% used [0x00000000e5560000, 0x00000000e5560000, 0x00000000e6ab0000)
 concurrent mark-sweep generation total 393216K, used 0K [0x00000000e8000000, 0x0000000100000000, 0x0000000100000000)
 Metaspace       used 21258K, capacity 21602K, committed 21884K, reserved 1069056K
  class space    used 2441K, capacity 2596K, committed 2684K, reserved 1048576K
2017-08-01T07:10:44.352+0200: 3,030: [GC (Allocation Failure) 2017-08-01T07:10:44.352+0200: 3,030: [ParNew
Desired survivor size 20112992 bytes, new threshold 8 (max 8)
- age   1:    1190208 bytes,    1190208 total
- age   2:    1491960 bytes,    2682168 total
- age   3:    1137952 bytes,    3820120 total
- age   4:    6295744 bytes,   10115864 total
: 101548K->11668K(109248K), 0,0105010 secs] 101548K->11668K(502464K), 0,0105689 secs] [Times: user=0,04 sys=0,00, real=0,01 secs] 
Heap after GC invocations=4 (full 1):
 par new generation   total 109248K, used 11668K [0x00000000e0000000, 0x00000000e8000000, 0x00000000e8000000)
  eden space 87424K,   0% used [0x00000000e0000000, 0x00000000e0000000, 0x00000000e5560000)
  from space 21824K,  53% used [0x00000000e5560000, 0x00000000e60c53a0, 0x00000000e6ab0000)
  to   space 21824K,   0% used [0x00000000e6ab0000, 0x00000000e6ab0000, 0x00000000e8000000)
 concurrent mark-sweep generation total 393216K, used 0K [0x00000000e8000000, 0x0000000100000000, 0x0000000100000000)
 Metaspace       used 21258K, capacity 21602K, committed 21884K, reserved 1069056K
  class space    used 2441K, capacity 2596K, committed 2684K, reserved 1048576K
}
2017-08-01T07:10:44.363+0200: 3,041: Total time for which application threads were stopped: 0,0108093 seconds, Stopping threads took: 0,0001007 seconds
2017-08-01T07:10:44.363+0200: 3,041: [CMS-concurrent-abortable-preclean: 0,046/0,113 secs] [Times: user=0,45 sys=0,00, real=0,12 secs] 
2017-08-01T07:10:44.372+0200: 3,050: [GC (CMS Final Remark) [YG occupancy: 22350 K (109248 K)]{Heap before GC invocations=4 (full 1):
 par new generation   total 109248K, used 22350K [0x00000000e0000000, 0x00000000e8000000, 0x00000000e8000000)
  eden space 87424K,  12% used [0x00000000e0000000, 0x00000000e0a6e6a0, 0x00000000e5560000)
  from space 21824K,  53% used [0x00000000e5560000, 0x00000000e60c53a0, 0x00000000e6ab0000)
  to   space 21824K,   0% used [0x00000000e6ab0000, 0x00000000e6ab0000, 0x00000000e8000000)
 concurrent mark-sweep generation total 393216K, used 0K [0x00000000e8000000, 0x0000000100000000, 0x0000000100000000)
 Metaspace       used 21268K, capacity 21602K, committed 21884K, reserved 1069056K
  class space    used 2442K, capacity 2596K, committed 2684K, reserved 1048576K
2017-08-01T07:10:44.372+0200: 3,050: [GC (CMS Final Remark) 2017-08-01T07:10:44.372+0200: 3,050: [ParNew
Desired survivor size 20112992 bytes, new threshold 8 (max 8)
- age   1:    1478160 bytes,    1478160 total
- age   2:     331672 bytes,    1809832 total
- age   3:    1491832 bytes,    3301664 total
- age   4:    1136016 bytes,    4437680 total
- age   5:    6295704 bytes,   10733384 total
: 22350K->12863K(109248K), 0,0120011 secs] 22350K->12863K(502464K), 0,0120543 secs] [Times: user=0,04 sys=0,00, real=0,01 secs] 
Heap after GC invocations=5 (full 1):
 par new generation   total 109248K, used 12863K [0x00000000e0000000, 0x00000000e8000000, 0x00000000e8000000)
  eden space 87424K,   0% used [0x00000000e0000000, 0x00000000e0000000, 0x00000000e5560000)
  from space 21824K,  58% used [0x00000000e6ab0000, 0x00000000e773ff10, 0x00000000e8000000)
  to   space 21824K,   0% used [0x00000000e5560000, 0x00000000e5560000, 0x00000000e6ab0000)
 concurrent mark-sweep generation total 393216K, used 0K [0x00000000e8000000, 0x0000000100000000, 0x0000000100000000)
 Metaspace       used 21268K, capacity 21602K, committed 21884K, reserved 1069056K
  class space    used 2442K, capacity 2596K, committed 2684K, reserved 1048576K
}
2017-08-01T07:10:44.384+0200: 3,062: [Rescan (parallel) , 0,0039188 secs]2017-08-01T07:10:44.388+0200: 3,066: [weak refs processing, 0,0012591 secs]2017-08-01T07:10:44.389+0200: 3,068: [class unloading, 0,0028401 secs]2017-08-01T07:10:44.392+0200: 3,071: [scrub symbol table, 0,0031316 secs]2017-08-01T07:10:44.395+0200: 3,074: [scrub string table, 0,0003650 secs][1 CMS-remark: 0K(393216K)] 12863K(502464K), 0,0242556 secs] [Times: user=0,06 sys=0,00, real=0,02 secs] 
2017-08-01T07:10:44.396+0200: 3,075: Total time for which application threads were stopped: 0,0244074 seconds, Stopping threads took: 0,0000622 seconds
2017-08-01T07:10:44.396+0200: 3,075: [CMS-concurrent-sweep-start]
2017-08-01T07:10:44.396+0200: 3,075: [CMS-concurrent-sweep: 0,000/0,000 secs] [Times: user=0,00 sys=0,00, real=0,00 secs] 
2017-08-01T07:10:44.396+0200: 3,075: [CMS-concurrent-reset-start]
2017-08-01T07:10:44.398+0200: 3,077: [CMS-concurrent-reset: 0,002/0,002 secs] [Times: user=0,01 sys=0,00, real=0,01 secs] 
{Heap before GC invocations=5 (full 1):
 par new generation   total 109248K, used 100287K [0x00000000e0000000, 0x00000000e8000000, 0x00000000e8000000)
  eden space 87424K, 100% used [0x00000000e0000000, 0x00000000e5560000, 0x00000000e5560000)
  from space 21824K,  58% used [0x00000000e6ab0000, 0x00000000e773ff10, 0x00000000e8000000)
  to   space 21824K,   0% used [0x00000000e5560000, 0x00000000e5560000, 0x00000000e6ab0000)
 concurrent mark-sweep generation total 393216K, used 0K [0x00000000e8000000, 0x0000000100000000, 0x0000000100000000)
 Metaspace       used 21403K, capacity 21780K, committed 21884K, reserved 1069056K
  class space    used 2463K, capacity 2631K, committed 2684K, reserved 1048576K
2017-08-01T07:10:44.478+0200: 3,156: [GC (Allocation Failure) 2017-08-01T07:10:44.478+0200: 3,156: [ParNew
Desired survivor size 20112992 bytes, new threshold 8 (max 8)
- age   1:     954856 bytes,     954856 total
- age   2:      14192 bytes,     969048 total
- age   3:     176144 bytes,    1145192 total
- age   4:    1491600 bytes,    2636792 total
- age   5:    1134000 bytes,    3770792 total
- age   6:    6295672 bytes,   10066464 total
: 100287K->15007K(109248K), 0,0148986 secs] 100287K->15007K(502464K), 0,0149610 secs] [Times: user=0,05 sys=0,00, real=0,01 secs] 
Heap after GC invocations=6 (full 1):
 par new generation   total 109248K, used 15007K [0x00000000e0000000, 0x00000000e8000000, 0x00000000e8000000)
  eden space 87424K,   0% used [0x00000000e0000000, 0x00000000e0000000, 0x00000000e5560000)
  from space 21824K,  68% used [0x00000000e5560000, 0x00000000e6407f80, 0x00000000e6ab0000)
  to   space 21824K,   0% used [0x00000000e6ab0000, 0x00000000e6ab0000, 0x00000000e8000000)
 concurrent mark-sweep generation total 393216K, used 0K [0x00000000e8000000, 0x0000000100000000, 0x0000000100000000)
 Metaspace       used 21403K, capacity 21780K, committed 21884K, reserved 1069056K
  class space    used 2463K, capacity 2631K, committed 2684K, reserved 1048576K
}
2017-08-01T07:10:44.493+0200: 3,171: Total time for which application threads were stopped: 0,0151731 seconds, Stopping threads took: 0,0000697 seconds
2017-08-01T07:10:44.539+0200: 3,218: Total time for which application threads were stopped: 0,0004274 seconds, Stopping threads took: 0,0000455 seconds
2017-08-01T07:10:44.802+0200: 3,481: Total time for which application threads were stopped: 0,0004830 seconds, Stopping threads took: 0,0000253 seconds
2017-08-01T07:10:44.824+0200: 3,502: Total time for which application threads were stopped: 0,0004098 seconds, Stopping threads took: 0,0000615 seconds
{Heap before GC invocations=6 (full 1):
 par new generation   total 109248K, used 102431K [0x00000000e0000000, 0x00000000e8000000, 0x00000000e8000000)
  eden space 87424K, 100% used [0x00000000e0000000, 0x00000000e5560000, 0x00000000e5560000)
  from space 21824K,  68% used [0x00000000e5560000, 0x00000000e6407f80, 0x00000000e6ab0000)
  to   space 21824K,   0% used [0x00000000e6ab0000, 0x00000000e6ab0000, 0x00000000e8000000)
 concurrent mark-sweep generation total 393216K, used 0K [0x00000000e8000000, 0x0000000100000000, 0x0000000100000000)
 Metaspace       used 24101K, capacity 24562K, committed 24828K, reserved 1071104K
  class space    used 2833K, capacity 3004K, committed 3068K, reserved 1048576K
2017-08-01T07:10:44.977+0200: 3,656: [GC (Allocation Failure) 2017-08-01T07:10:44.977+0200: 3,656: [ParNew
Desired survivor size 20112992 bytes, new threshold 8 (max 8)
- age   1:    5509592 bytes,    5509592 total
- age   2:     131080 bytes,    5640672 total
- age   3:      14112 bytes,    5654784 total
- age   4:     174672 bytes,    5829456 total
- age   5:     321944 bytes,    6151400 total
- age   6:    1109560 bytes,    7260960 total
- age   7:    6288896 bytes,   13549856 total
: 102431K->16116K(109248K), 0,0121655 secs] 102431K->16116K(502464K), 0,0122395 secs] [Times: user=0,04 sys=0,00, real=0,01 secs] 
Heap after GC invocations=7 (full 1):
 par new generation   total 109248K, used 16116K [0x00000000e0000000, 0x00000000e8000000, 0x00000000e8000000)
  eden space 87424K,   0% used [0x00000000e0000000, 0x00000000e0000000, 0x00000000e5560000)
  from space 21824K,  73% used [0x00000000e6ab0000, 0x00000000e7a6d1c8, 0x00000000e8000000)
  to   space 21824K,   0% used [0x00000000e5560000, 0x00000000e5560000, 0x00000000e6ab0000)
 concurrent mark-sweep generation total 393216K, used 0K [0x00000000e8000000, 0x0000000100000000, 0x0000000100000000)
 Metaspace       used 24101K, capacity 24562K, committed 24828K, reserved 1071104K
  class space    used 2833K, capacity 3004K, committed 3068K, reserved 1048576K
}
2017-08-01T07:10:44.990+0200: 3,668: Total time for which application threads were stopped: 0,0125595 seconds, Stopping threads took: 0,0000601 seconds
{Heap before GC invocations=7 (full 1):
 par new generation   total 109248K, used 103540K [0x00000000e0000000, 0x00000000e8000000, 0x00000000e8000000)
  eden space 87424K, 100% used [0x00000000e0000000, 0x00000000e5560000, 0x00000000e5560000)
  from space 21824K,  73% used [0x00000000e6ab0000, 0x00000000e7a6d1c8, 0x00000000e8000000)
  to   space 21824K,   0% used [0x00000000e5560000, 0x00000000e5560000, 0x00000000e6ab0000)
 concurrent mark-sweep generation total 393216K, used 0K [0x00000000e8000000, 0x0000000100000000, 0x0000000100000000)
 Metaspace       used 24461K, capacity 24914K, committed 25084K, reserved 1071104K
  class space    used 2859K, capacity 3036K, committed 3068K, reserved 1048576K
2017-08-01T07:10:45.089+0200: 3,768: [GC (Allocation Failure) 2017-08-01T07:10:45.089+0200: 3,768: [ParNew
Desired survivor size 20112992 bytes, new threshold 8 (max 8)
- age   1:    1580056 bytes,    1580056 total
- age   2:    1806552 bytes,    3386608 total
- age   3:      69432 bytes,    3456040 total
- age   4:      10368 bytes,    3466408 total
- age   5:      99640 bytes,    3566048 total
- age   6:     200496 bytes,    3766544 total
- age   7:     893896 bytes,    4660440 total
- age   8:    5950512 bytes,   10610952 total
: 103540K->16743K(109248K), 0,0157530 secs] 103540K->16743K(502464K), 0,0158340 secs] [Times: user=0,05 sys=0,00, real=0,02 secs] 
Heap after GC invocations=8 (full 1):
 par new generation   total 109248K, used 16743K [0x00000000e0000000, 0x00000000e8000000, 0x00000000e8000000)
  eden space 87424K,   0% used [0x00000000e0000000, 0x00000000e0000000, 0x00000000e5560000)
  from space 21824K,  76% used [0x00000000e5560000, 0x00000000e65b9fc0, 0x00000000e6ab0000)
  to   space 21824K,   0% used [0x00000000e6ab0000, 0x00000000e6ab0000, 0x00000000e8000000)
 concurrent mark-sweep generation total 393216K, used 0K [0x00000000e8000000, 0x0000000100000000, 0x0000000100000000)
 Metaspace       used 24461K, capacity 24914K, committed 25084K, reserved 1071104K
  class space    used 2859K, capacity 3036K, committed 3068K, reserved 1048576K
}
2017-08-01T07:10:45.105+0200: 3,784: Total time for which application threads were stopped: 0,0219554 seconds, Stopping threads took: 0,0059411 seconds
2017-08-01T07:10:45.202+0200: 3,880: Total time for which application threads were stopped: 0,0020700 seconds, Stopping threads took: 0,0019788 seconds
{Heap before GC invocations=8 (full 1):
 par new generation   total 109248K, used 104183K [0x00000000e0000000, 0x00000000e8000000, 0x00000000e8000000)
  eden space 87424K, 100% used [0x00000000e0000000, 0x00000000e5560000, 0x00000000e5560000)
  from space 21824K,  76% used [0x00000000e5560000, 0x00000000e65bdfd0, 0x00000000e6ab0000)
  to   space 21824K,   0% used [0x00000000e6ab0000, 0x00000000e6ab0000, 0x00000000e8000000)
 concurrent mark-sweep generation total 393216K, used 0K [0x00000000e8000000, 0x0000000100000000, 0x0000000100000000)
 Metaspace       used 24856K, capacity 25362K, committed 25724K, reserved 1071104K
  class space    used 2895K, capacity 3074K, committed 3196K, reserved 1048576K
2017-08-01T07:10:45.202+0200: 3,881: [GC (Allocation Failure) 2017-08-01T07:10:45.202+0200: 3,881: [ParNew
Desired survivor size 20112992 bytes, new threshold 8 (max 8)
- age   1:    1191416 bytes,    1191416 total
- age   2:     606752 bytes,    1798168 total
- age   3:    1783704 bytes,    3581872 total
- age   4:      69400 bytes,    3651272 total
- age   5:       7888 bytes,    3659160 total
- age   6:      99336 bytes,    3758496 total
- age   7:     200000 bytes,    3958496 total
- age   8:     893128 bytes,    4851624 total
: 104183K->8071K(109248K), 0,0691177 secs] 104183K->13965K(502464K), 0,0691859 secs] [Times: user=0,17 sys=0,01, real=0,07 secs] 
Heap after GC invocations=9 (full 1):
 par new generation   total 109248K, used 8071K [0x00000000e0000000, 0x00000000e8000000, 0x00000000e8000000)
  eden space 87424K,   0% used [0x00000000e0000000, 0x00000000e0000000, 0x00000000e5560000)
  from space 21824K,  36% used [0x00000000e6ab0000, 0x00000000e7291f50, 0x00000000e8000000)
  to   space 21824K,   0% used [0x00000000e5560000, 0x00000000e5560000, 0x00000000e6ab0000)
 concurrent mark-sweep generation total 393216K, used 5893K [0x00000000e8000000, 0x0000000100000000, 0x0000000100000000)
 Metaspace       used 24856K, capacity 25362K, committed 25724K, reserved 1071104K
  class space    used 2895K, capacity 3074K, committed 3196K, reserved 1048576K
}
2017-08-01T07:10:45.271+0200: 3,950: Total time for which application threads were stopped: 0,0693755 seconds, Stopping threads took: 0,0000385 seconds
{Heap before GC invocations=9 (full 1):
 par new generation   total 109248K, used 9605K [0x00000000e0000000, 0x00000000e8000000, 0x00000000e8000000)
  eden space 87424K,   1% used [0x00000000e0000000, 0x00000000e017f510, 0x00000000e5560000)
  from space 21824K,  36% used [0x00000000e6ab0000, 0x00000000e7291f50, 0x00000000e8000000)
  to   space 21824K,   0% used [0x00000000e5560000, 0x00000000e5560000, 0x00000000e6ab0000)
 concurrent mark-sweep generation total 393216K, used 5893K [0x00000000e8000000, 0x0000000100000000, 0x0000000100000000)
 Metaspace       used 24858K, capacity 25362K, committed 25724K, reserved 1071104K
  class space    used 2895K, capacity 3074K, committed 3196K, reserved 1048576K
2017-08-01T07:10:45.278+0200: 3,956: [GC (GCLocker Initiated GC) 2017-08-01T07:10:45.278+0200: 3,956: [ParNew
Desired survivor size 20112992 bytes, new threshold 8 (max 8)
- age   1:     156136 bytes,     156136 total
- age   2:     819392 bytes,     975528 total
- age   3:     605712 bytes,    1581240 total
- age   4:    1783704 bytes,    3364944 total
- age   5:      69400 bytes,    3434344 total
- age   6:       7888 bytes,    3442232 total
- age   7:      99336 bytes,    3541568 total
- age   8:     200000 bytes,    3741568 total
: 9605K->5059K(109248K), 0,0073590 secs] 15498K->11838K(502464K), 0,0074336 secs] [Times: user=0,03 sys=0,00, real=0,00 secs] 
Heap after GC invocations=10 (full 1):
 par new generation   total 109248K, used 5059K [0x00000000e0000000, 0x00000000e8000000, 0x00000000e8000000)
  eden space 87424K,   0% used [0x00000000e0000000, 0x00000000e0000000, 0x00000000e5560000)
  from space 21824K,  23% used [0x00000000e5560000, 0x00000000e5a50e40, 0x00000000e6ab0000)
  to   space 21824K,   0% used [0x00000000e6ab0000, 0x00000000e6ab0000, 0x00000000e8000000)
 concurrent mark-sweep generation total 393216K, used 6778K [0x00000000e8000000, 0x0000000100000000, 0x0000000100000000)
 Metaspace       used 24858K, capacity 25362K, committed 25724K, reserved 1071104K
  class space    used 2895K, capacity 3074K, committed 3196K, reserved 1048576K
}
2017-08-01T07:10:45.285+0200: 3,964: Total time for which application threads were stopped: 0,0079092 seconds, Stopping threads took: 0,0003325 seconds
2017-08-01T07:10:45.376+0200: 4,054: Total time for which application threads were stopped: 0,0003561 seconds, Stopping threads took: 0,0000387 seconds
2017-08-01T07:10:45.404+0200: 4,082: Total time for which application threads were stopped: 0,0001272 seconds, Stopping threads took: 0,0000491 seconds
2017-08-01T07:10:45.411+0200: 4,089: Total time for which application threads were stopped: 0,0001508 seconds, Stopping threads took: 0,0000628 seconds
2017-08-01T07:10:45.414+0200: 4,092: Total time for which application threads were stopped: 0,0003499 seconds, Stopping threads took: 0,0002655 seconds
2017-08-01T07:10:45.414+0200: 4,093: Total time for which application threads were stopped: 0,0000850 seconds, Stopping threads took: 0,0000294 seconds
2017-08-01T07:10:45.415+0200: 4,093: Total time for which application threads were stopped: 0,0000994 seconds, Stopping threads took: 0,0000248 seconds
2017-08-01T07:10:45.417+0200: 4,096: Total time for which application threads were stopped: 0,0000941 seconds, Stopping threads took: 0,0000256 seconds
2017-08-01T07:10:45.418+0200: 4,097: Total time for which application threads were stopped: 0,0002793 seconds, Stopping threads took: 0,0001935 seconds
2017-08-01T07:10:45.419+0200: 4,097: Total time for which application threads were stopped: 0,0000909 seconds, Stopping threads took: 0,0000254 seconds
2017-08-01T07:10:45.422+0200: 4,100: Total time for which application threads were stopped: 0,0029476 seconds, Stopping threads took: 0,0029068 seconds
2017-08-01T07:10:45.422+0200: 4,100: Total time for which application threads were stopped: 0,0000607 seconds, Stopping threads took: 0,0000116 seconds
2017-08-01T07:10:45.422+0200: 4,101: Total time for which application threads were stopped: 0,0000737 seconds, Stopping threads took: 0,0000245 seconds
2017-08-01T07:10:45.422+0200: 4,101: Total time for which application threads were stopped: 0,0000729 seconds, Stopping threads took: 0,0000329 seconds
2017-08-01T07:10:45.422+0200: 4,101: Total time for which application threads were stopped: 0,0000533 seconds, Stopping threads took: 0,0000234 seconds
2017-08-01T07:10:45.423+0200: 4,101: Total time for which application threads were stopped: 0,0000427 seconds, Stopping threads took: 0,0000088 seconds
2017-08-01T07:10:45.423+0200: 4,101: Total time for which application threads were stopped: 0,0000373 seconds, Stopping threads took: 0,0000084 seconds
2017-08-01T07:10:45.423+0200: 4,101: Total time for which application threads were stopped: 0,0000407 seconds, Stopping threads took: 0,0000115 seconds
2017-08-01T07:10:45.423+0200: 4,101: Total time for which application threads were stopped: 0,0001491 seconds, Stopping threads took: 0,0001180 seconds
2017-08-01T07:10:45.423+0200: 4,101: Total time for which application threads were stopped: 0,0000389 seconds, Stopping threads took: 0,0000139 seconds
2017-08-01T07:10:45.423+0200: 4,101: Total time for which application threads were stopped: 0,0000854 seconds, Stopping threads took: 0,0000598 seconds
2017-08-01T07:10:45.423+0200: 4,102: Total time for which application threads were stopped: 0,0000759 seconds, Stopping threads took: 0,0000223 seconds
2017-08-01T07:10:45.423+0200: 4,102: Total time for which application threads were stopped: 0,0000646 seconds, Stopping threads took: 0,0000208 seconds
2017-08-01T07:10:45.424+0200: 4,102: Total time for which application threads were stopped: 0,0000812 seconds, Stopping threads took: 0,0000335 seconds
2017-08-01T07:10:45.424+0200: 4,102: Total time for which application threads were stopped: 0,0000689 seconds, Stopping threads took: 0,0000154 seconds
2017-08-01T07:10:45.424+0200: 4,102: Total time for which application threads were stopped: 0,0000524 seconds, Stopping threads took: 0,0000158 seconds
2017-08-01T07:10:45.424+0200: 4,103: Total time for which application threads were stopped: 0,0003277 seconds, Stopping threads took: 0,0002744 seconds
2017-08-01T07:10:45.425+0200: 4,103: Total time for which application threads were stopped: 0,0001243 seconds, Stopping threads took: 0,0000212 seconds
2017-08-01T07:10:45.426+0200: 4,104: Total time for which application threads were stopped: 0,0001206 seconds, Stopping threads took: 0,0000323 seconds
2017-08-01T07:10:45.426+0200: 4,104: Total time for which application threads were stopped: 0,0000621 seconds, Stopping threads took: 0,0000144 seconds
2017-08-01T07:10:45.426+0200: 4,104: Total time for which application threads were stopped: 0,0001008 seconds, Stopping threads took: 0,0000595 seconds
2017-08-01T07:10:45.426+0200: 4,105: Total time for which application threads were stopped: 0,0000508 seconds, Stopping threads took: 0,0000178 seconds
2017-08-01T07:10:45.426+0200: 4,105: Total time for which application threads were stopped: 0,0000506 seconds, Stopping threads took: 0,0000143 seconds
2017-08-01T07:10:45.427+0200: 4,105: Total time for which application threads were stopped: 0,0000633 seconds, Stopping threads took: 0,0000257 seconds
2017-08-01T07:10:45.427+0200: 4,105: Total time for which application threads were stopped: 0,0000460 seconds, Stopping threads took: 0,0000139 seconds
2017-08-01T07:10:45.427+0200: 4,105: Total time for which application threads were stopped: 0,0000395 seconds, Stopping threads took: 0,0000137 seconds
2017-08-01T07:10:45.427+0200: 4,105: Total time for which application threads were stopped: 0,0000444 seconds, Stopping threads took: 0,0000150 seconds
2017-08-01T07:10:45.427+0200: 4,105: Total time for which application threads were stopped: 0,0000475 seconds, Stopping threads took: 0,0000161 seconds
2017-08-01T07:10:45.427+0200: 4,105: Total time for which application threads were stopped: 0,0000385 seconds, Stopping threads took: 0,0000074 seconds
2017-08-01T07:10:45.427+0200: 4,105: Total time for which application threads were stopped: 0,0000344 seconds, Stopping threads took: 0,0000062 seconds
2017-08-01T07:10:45.427+0200: 4,105: Total time for which application threads were stopped: 0,0000375 seconds, Stopping threads took: 0,0000069 seconds
2017-08-01T07:10:45.427+0200: 4,105: Total time for which application threads were stopped: 0,0000357 seconds, Stopping threads took: 0,0000062 seconds
2017-08-01T07:10:45.427+0200: 4,106: Total time for which application threads were stopped: 0,0000441 seconds, Stopping threads took: 0,0000149 seconds
2017-08-01T07:10:45.427+0200: 4,106: Total time for which application threads were stopped: 0,0000388 seconds, Stopping threads took: 0,0000072 seconds
2017-08-01T07:10:45.427+0200: 4,106: Total time for which application threads were stopped: 0,0000393 seconds, Stopping threads took: 0,0000089 seconds
2017-08-01T07:10:45.428+0200: 4,106: Total time for which application threads were stopped: 0,0000436 seconds, Stopping threads took: 0,0000084 seconds
2017-08-01T07:10:45.428+0200: 4,106: Total time for which application threads were stopped: 0,0000398 seconds, Stopping threads took: 0,0000082 seconds
2017-08-01T07:10:45.428+0200: 4,106: Total time for which application threads were stopped: 0,0000995 seconds, Stopping threads took: 0,0000078 seconds
2017-08-01T07:10:45.428+0200: 4,106: Total time for which application threads were stopped: 0,0002610 seconds, Stopping threads took: 0,0002224 seconds
2017-08-01T07:10:45.429+0200: 4,108: Total time for which application threads were stopped: 0,0000956 seconds, Stopping threads took: 0,0000148 seconds
2017-08-01T07:10:45.429+0200: 4,108: Total time for which application threads were stopped: 0,0000556 seconds, Stopping threads took: 0,0000098 seconds
2017-08-01T07:10:45.430+0200: 4,108: Total time for which application threads were stopped: 0,0000492 seconds, Stopping threads took: 0,0000088 seconds
2017-08-01T07:10:45.431+0200: 4,110: Total time for which application threads were stopped: 0,0000629 seconds, Stopping threads took: 0,0000125 seconds
2017-08-01T07:10:45.442+0200: 4,120: Total time for which application threads were stopped: 0,0001709 seconds, Stopping threads took: 0,0000758 seconds
2017-08-01T07:10:45.450+0200: 4,129: Total time for which application threads were stopped: 0,0001628 seconds, Stopping threads took: 0,0000619 seconds
2017-08-01T07:10:45.451+0200: 4,129: Total time for which application threads were stopped: 0,0000860 seconds, Stopping threads took: 0,0000272 seconds
2017-08-01T07:10:45.458+0200: 4,136: Total time for which application threads were stopped: 0,0001170 seconds, Stopping threads took: 0,0000544 seconds
2017-08-01T07:10:45.461+0200: 4,139: Total time for which application threads were stopped: 0,0001332 seconds, Stopping threads took: 0,0000506 seconds
2017-08-01T07:10:45.461+0200: 4,140: Total time for which application threads were stopped: 0,0001204 seconds, Stopping threads took: 0,0000422 seconds
2017-08-01T07:10:45.464+0200: 4,142: Total time for which application threads were stopped: 0,0003713 seconds, Stopping threads took: 0,0000401 seconds
2017-08-01T07:10:45.465+0200: 4,143: Total time for which application threads were stopped: 0,0001111 seconds, Stopping threads took: 0,0000350 seconds
2017-08-01T07:10:45.482+0200: 4,160: Total time for which application threads were stopped: 0,0003123 seconds, Stopping threads took: 0,0002229 seconds
2017-08-01T07:10:45.491+0200: 4,170: Total time for which application threads were stopped: 0,0001147 seconds, Stopping threads took: 0,0000332 seconds
2017-08-01T07:10:45.493+0200: 4,171: Total time for which application threads were stopped: 0,0001726 seconds, Stopping threads took: 0,0000688 seconds
2017-08-01T07:10:45.502+0200: 4,180: Total time for which application threads were stopped: 0,0001154 seconds, Stopping threads took: 0,0000288 seconds
2017-08-01T07:10:45.558+0200: 4,237: Total time for which application threads were stopped: 0,0004688 seconds, Stopping threads took: 0,0000611 seconds
2017-08-01T07:10:45.573+0200: 4,251: Total time for which application threads were stopped: 0,0004278 seconds, Stopping threads took: 0,0000276 seconds
2017-08-01T07:10:45.641+0200: 4,319: Total time for which application threads were stopped: 0,0004451 seconds, Stopping threads took: 0,0000234 seconds
2017-08-01T07:10:45.642+0200: 4,321: Total time for which application threads were stopped: 0,0001227 seconds, Stopping threads took: 0,0000604 seconds
2017-08-01T07:10:45.643+0200: 4,321: Total time for which application threads were stopped: 0,0000945 seconds, Stopping threads took: 0,0000282 seconds
2017-08-01T07:10:45.643+0200: 4,321: Total time for which application threads were stopped: 0,0000692 seconds, Stopping threads took: 0,0000146 seconds
2017-08-01T07:10:45.651+0200: 4,329: Total time for which application threads were stopped: 0,0000836 seconds, Stopping threads took: 0,0000220 seconds
2017-08-01T07:10:45.662+0200: 4,340: Total time for which application threads were stopped: 0,0001375 seconds, Stopping threads took: 0,0000474 seconds
2017-08-01T07:10:45.664+0200: 4,342: Total time for which application threads were stopped: 0,0001255 seconds, Stopping threads took: 0,0000437 seconds
2017-08-01T07:10:45.667+0200: 4,345: Total time for which application threads were stopped: 0,0001190 seconds, Stopping threads took: 0,0000396 seconds
2017-08-01T07:10:45.669+0200: 4,348: Total time for which application threads were stopped: 0,0001330 seconds, Stopping threads took: 0,0000517 seconds
2017-08-01T07:10:45.671+0200: 4,350: Total time for which application threads were stopped: 0,0002007 seconds, Stopping threads took: 0,0000296 seconds
2017-08-01T07:10:45.676+0200: 4,354: Total time for which application threads were stopped: 0,0001133 seconds, Stopping threads took: 0,0000431 seconds
2017-08-01T07:10:45.683+0200: 4,361: Total time for which application threads were stopped: 0,0001279 seconds, Stopping threads took: 0,0000381 seconds
2017-08-01T07:10:45.687+0200: 4,366: Total time for which application threads were stopped: 0,0001109 seconds, Stopping threads took: 0,0000327 seconds
2017-08-01T07:10:45.696+0200: 4,375: Total time for which application threads were stopped: 0,0002594 seconds, Stopping threads took: 0,0001334 seconds
2017-08-01T07:10:45.705+0200: 4,384: Total time for which application threads were stopped: 0,0004461 seconds, Stopping threads took: 0,0003726 seconds
2017-08-01T07:10:45.707+0200: 4,385: Total time for which application threads were stopped: 0,0001201 seconds, Stopping threads took: 0,0000385 seconds
2017-08-01T07:10:45.727+0200: 4,405: Total time for which application threads were stopped: 0,0022581 seconds, Stopping threads took: 0,0021472 seconds
2017-08-01T07:10:45.743+0200: 4,421: Total time for which application threads were stopped: 0,0001273 seconds, Stopping threads took: 0,0000414 seconds
2017-08-01T07:10:45.749+0200: 4,427: Total time for which application threads were stopped: 0,0005673 seconds, Stopping threads took: 0,0000447 seconds
2017-08-01T07:10:46.749+0200: 5,427: Total time for which application threads were stopped: 0,0001232 seconds, Stopping threads took: 0,0000250 seconds
2017-08-01T07:12:38.762+0200: 117,440: Total time for which application threads were stopped: 0,0001402 seconds, Stopping threads took: 0,0000559 seconds
2017-08-01T07:12:43.763+0200: 122,441: Total time for which application threads were stopped: 0,0001490 seconds, Stopping threads took: 0,0000358 seconds
{Heap before GC invocations=10 (full 1):
 par new generation   total 109248K, used 92483K [0x00000000e0000000, 0x00000000e8000000, 0x00000000e8000000)
  eden space 87424K, 100% used [0x00000000e0000000, 0x00000000e5560000, 0x00000000e5560000)
  from space 21824K,  23% used [0x00000000e5560000, 0x00000000e5a50e40, 0x00000000e6ab0000)
  to   space 21824K,   0% used [0x00000000e6ab0000, 0x00000000e6ab0000, 0x00000000e8000000)
 concurrent mark-sweep generation total 393216K, used 6778K [0x00000000e8000000, 0x0000000100000000, 0x0000000100000000)
 Metaspace       used 28003K, capacity 28528K, committed 28796K, reserved 1075200K
  class space    used 3206K, capacity 3379K, committed 3452K, reserved 1048576K
2017-08-01T07:13:37.549+0200: 176,227: [GC (Allocation Failure) 2017-08-01T07:13:37.549+0200: 176,227: [ParNew
Desired survivor size 20112992 bytes, new threshold 8 (max 8)
- age   1:   10694256 bytes,   10694256 total
- age   2:      36624 bytes,   10730880 total
- age   3:     365016 bytes,   11095896 total
- age   4:     215392 bytes,   11311288 total
- age   5:    1779304 bytes,   13090592 total
- age   6:      69400 bytes,   13159992 total
- age   7:       7888 bytes,   13167880 total
- age   8:      99208 bytes,   13267088 total
: 92483K->13702K(109248K), 0,0126111 secs] 99262K->20700K(502464K), 0,0126908 secs] [Times: user=0,04 sys=0,00, real=0,02 secs] 
Heap after GC invocations=11 (full 1):
 par new generation   total 109248K, used 13702K [0x00000000e0000000, 0x00000000e8000000, 0x00000000e8000000)
  eden space 87424K,   0% used [0x00000000e0000000, 0x00000000e0000000, 0x00000000e5560000)
  from space 21824K,  62% used [0x00000000e6ab0000, 0x00000000e7811ad0, 0x00000000e8000000)
  to   space 21824K,   0% used [0x00000000e5560000, 0x00000000e5560000, 0x00000000e6ab0000)
 concurrent mark-sweep generation total 393216K, used 6997K [0x00000000e8000000, 0x0000000100000000, 0x0000000100000000)
 Metaspace       used 28003K, capacity 28528K, committed 28796K, reserved 1075200K
  class space    used 3206K, capacity 3379K, committed 3452K, reserved 1048576K
}
2017-08-01T07:13:37.562+0200: 176,240: Total time for which application threads were stopped: 0,0128827 seconds, Stopping threads took: 0,0000413 seconds
2017-08-01T07:13:37.568+0200: 176,246: Total time for which application threads were stopped: 0,0000681 seconds, Stopping threads took: 0,0000229 seconds
2017-08-01T07:13:37.568+0200: 176,247: Total time for which application threads were stopped: 0,0000843 seconds, Stopping threads took: 0,0000446 seconds
2017-08-01T07:13:42.569+0200: 181,247: Total time for which application threads were stopped: 0,0000897 seconds, Stopping threads took: 0,0000355 seconds
2017-08-01T07:13:47.570+0200: 186,248: Total time for which application threads were stopped: 0,0000753 seconds, Stopping threads took: 0,0000187 seconds
2017-08-01T08:28:29.165+0200: 1412,446: Total time for which application threads were stopped: 0,0001819 seconds, Stopping threads took: 0,0000698 seconds
2017-08-01T08:32:34.203+0200: 1657,484: Total time for which application threads were stopped: 0,0001037 seconds, Stopping threads took: 0,0000389 seconds
2017-08-01T08:32:39.204+0200: 1662,485: Total time for which application threads were stopped: 0,0001324 seconds, Stopping threads took: 0,0000296 seconds
2017-08-01T08:43:34.288+0200: 2317,568: Total time for which application threads were stopped: 0,0000813 seconds, Stopping threads took: 0,0000302 seconds
2017-08-01T09:00:24.927+0200: 3327,689: Total time for which application threads were stopped: 0,0001463 seconds, Stopping threads took: 0,0000546 seconds
2017-08-01T09:08:28.322+0200: 3811,084: Total time for which application threads were stopped: 0,0078277 seconds, Stopping threads took: 0,0077414 seconds
2017-08-01T09:08:28.323+0200: 3811,085: Total time for which application threads were stopped: 0,0001206 seconds, Stopping threads took: 0,0000416 seconds
2017-08-01T09:08:28.324+0200: 3811,085: Total time for which application threads were stopped: 0,0000702 seconds, Stopping threads took: 0,0000108 seconds
2017-08-01T09:08:28.325+0200: 3811,086: Total time for which application threads were stopped: 0,0001043 seconds, Stopping threads took: 0,0000246 seconds
2017-08-01T09:08:28.326+0200: 3811,088: Total time for which application threads were stopped: 0,0014910 seconds, Stopping threads took: 0,0013943 seconds
2017-08-01T09:08:28.331+0200: 3811,093: Total time for which application threads were stopped: 0,0000925 seconds, Stopping threads took: 0,0000157 seconds
2017-08-01T09:08:28.332+0200: 3811,093: Total time for which application threads were stopped: 0,0001150 seconds, Stopping threads took: 0,0000099 seconds
2017-08-01T09:08:28.338+0200: 3811,099: Total time for which application threads were stopped: 0,0001219 seconds, Stopping threads took: 0,0000227 seconds
2017-08-01T09:08:28.338+0200: 3811,100: Total time for which application threads were stopped: 0,0001157 seconds, Stopping threads took: 0,0000255 seconds
2017-08-01T09:08:28.340+0200: 3811,101: Total time for which application threads were stopped: 0,0000917 seconds, Stopping threads took: 0,0000164 seconds
2017-08-01T09:08:28.340+0200: 3811,102: Total time for which application threads were stopped: 0,0000700 seconds, Stopping threads took: 0,0000133 seconds
2017-08-01T09:08:28.342+0200: 3811,104: Total time for which application threads were stopped: 0,0001050 seconds, Stopping threads took: 0,0000223 seconds
2017-08-01T09:08:28.343+0200: 3811,105: Total time for which application threads were stopped: 0,0000994 seconds, Stopping threads took: 0,0000183 seconds
2017-08-01T09:08:28.344+0200: 3811,105: Total time for which application threads were stopped: 0,0000746 seconds, Stopping threads took: 0,0000148 seconds
2017-08-01T09:08:28.344+0200: 3811,105: Total time for which application threads were stopped: 0,0000992 seconds, Stopping threads took: 0,0000467 seconds
2017-08-01T09:08:28.344+0200: 3811,106: Total time for which application threads were stopped: 0,0000573 seconds, Stopping threads took: 0,0000201 seconds
2017-08-01T09:08:28.344+0200: 3811,106: Total time for which application threads were stopped: 0,0000500 seconds, Stopping threads took: 0,0000076 seconds
2017-08-01T09:08:28.344+0200: 3811,106: Total time for which application threads were stopped: 0,0000400 seconds, Stopping threads took: 0,0000077 seconds
2017-08-01T09:08:28.344+0200: 3811,106: Total time for which application threads were stopped: 0,0000398 seconds, Stopping threads took: 0,0000064 seconds
2017-08-01T09:08:28.344+0200: 3811,106: Total time for which application threads were stopped: 0,0000408 seconds, Stopping threads took: 0,0000072 seconds
2017-08-01T09:08:28.344+0200: 3811,106: Total time for which application threads were stopped: 0,0000490 seconds, Stopping threads took: 0,0000155 seconds
2017-08-01T09:08:28.344+0200: 3811,106: Total time for which application threads were stopped: 0,0000568 seconds, Stopping threads took: 0,0000252 seconds
2017-08-01T09:08:28.345+0200: 3811,107: Total time for which application threads were stopped: 0,0000804 seconds, Stopping threads took: 0,0000164 seconds
2017-08-01T09:08:28.346+0200: 3811,107: Total time for which application threads were stopped: 0,0000731 seconds, Stopping threads took: 0,0000132 seconds
2017-08-01T09:08:28.346+0200: 3811,107: Total time for which application threads were stopped: 0,0000360 seconds, Stopping threads took: 0,0000051 seconds
2017-08-01T09:08:28.350+0200: 3811,112: Total time for which application threads were stopped: 0,0001170 seconds, Stopping threads took: 0,0000353 seconds
2017-08-01T09:08:28.350+0200: 3811,112: Total time for which application threads were stopped: 0,0000604 seconds, Stopping threads took: 0,0000162 seconds
2017-08-01T09:08:28.350+0200: 3811,112: Total time for which application threads were stopped: 0,0000438 seconds, Stopping threads took: 0,0000122 seconds
2017-08-01T09:08:28.351+0200: 3811,112: Total time for which application threads were stopped: 0,0000424 seconds, Stopping threads took: 0,0000120 seconds
2017-08-01T09:08:28.351+0200: 3811,112: Total time for which application threads were stopped: 0,0000410 seconds, Stopping threads took: 0,0000109 seconds
2017-08-01T09:08:28.363+0200: 3811,125: Total time for which application threads were stopped: 0,0001137 seconds, Stopping threads took: 0,0000347 seconds
2017-08-01T09:08:28.363+0200: 3811,125: Total time for which application threads were stopped: 0,0000498 seconds, Stopping threads took: 0,0000137 seconds
2017-08-01T09:08:28.363+0200: 3811,125: Total time for which application threads were stopped: 0,0000493 seconds, Stopping threads took: 0,0000144 seconds
2017-08-01T09:08:28.364+0200: 3811,126: Total time for which application threads were stopped: 0,0000953 seconds, Stopping threads took: 0,0000219 seconds
2017-08-01T09:08:28.364+0200: 3811,126: Total time for which application threads were stopped: 0,0000516 seconds, Stopping threads took: 0,0000156 seconds
2017-08-01T09:08:28.364+0200: 3811,126: Total time for which application threads were stopped: 0,0000474 seconds, Stopping threads took: 0,0000156 seconds
2017-08-01T09:08:28.373+0200: 3811,134: Total time for which application threads were stopped: 0,0041261 seconds, Stopping threads took: 0,0040309 seconds
2017-08-01T09:08:28.392+0200: 3811,153: Total time for which application threads were stopped: 0,0003730 seconds, Stopping threads took: 0,0002974 seconds
2017-08-01T09:08:28.395+0200: 3811,156: Total time for which application threads were stopped: 0,0002882 seconds, Stopping threads took: 0,0002211 seconds
2017-08-01T09:08:28.399+0200: 3811,160: Total time for which application threads were stopped: 0,0029617 seconds, Stopping threads took: 0,0028478 seconds
2017-08-01T09:08:28.399+0200: 3811,161: Total time for which application threads were stopped: 0,0000879 seconds, Stopping threads took: 0,0000258 seconds
2017-08-01T09:08:28.399+0200: 3811,161: Total time for which application threads were stopped: 0,0000592 seconds, Stopping threads took: 0,0000151 seconds
2017-08-01T09:08:28.408+0200: 3811,170: Total time for which application threads were stopped: 0,0046366 seconds, Stopping threads took: 0,0045533 seconds
2017-08-01T09:08:28.410+0200: 3811,172: Total time for which application threads were stopped: 0,0001191 seconds, Stopping threads took: 0,0000475 seconds
2017-08-01T09:08:28.410+0200: 3811,172: Total time for which application threads were stopped: 0,0000953 seconds, Stopping threads took: 0,0000294 seconds
2017-08-01T09:08:28.411+0200: 3811,172: Total time for which application threads were stopped: 0,0000822 seconds, Stopping threads took: 0,0000321 seconds
2017-08-01T09:08:28.411+0200: 3811,173: Total time for which application threads were stopped: 0,0004060 seconds, Stopping threads took: 0,0003536 seconds
2017-08-01T09:08:28.412+0200: 3811,174: Total time for which application threads were stopped: 0,0004447 seconds, Stopping threads took: 0,0003764 seconds
2017-08-01T09:08:28.414+0200: 3811,175: Total time for which application threads were stopped: 0,0001389 seconds, Stopping threads took: 0,0000229 seconds
2017-08-01T09:08:28.417+0200: 3811,178: Total time for which application threads were stopped: 0,0000922 seconds, Stopping threads took: 0,0000273 seconds
2017-08-01T09:08:28.417+0200: 3811,178: Total time for which application threads were stopped: 0,0000685 seconds, Stopping threads took: 0,0000232 seconds
2017-08-01T09:08:28.417+0200: 3811,178: Total time for which application threads were stopped: 0,0000576 seconds, Stopping threads took: 0,0000183 seconds
2017-08-01T09:08:28.417+0200: 3811,178: Total time for which application threads were stopped: 0,0000551 seconds, Stopping threads took: 0,0000171 seconds
2017-08-01T09:08:28.417+0200: 3811,179: Total time for which application threads were stopped: 0,0000890 seconds, Stopping threads took: 0,0000442 seconds
2017-08-01T09:08:28.420+0200: 3811,181: Total time for which application threads were stopped: 0,0001667 seconds, Stopping threads took: 0,0000377 seconds
2017-08-01T09:08:28.420+0200: 3811,181: Total time for which application threads were stopped: 0,0000704 seconds, Stopping threads took: 0,0000242 seconds
2017-08-01T09:08:28.420+0200: 3811,182: Total time for which application threads were stopped: 0,0000785 seconds, Stopping threads took: 0,0000259 seconds
2017-08-01T09:08:28.420+0200: 3811,182: Total time for which application threads were stopped: 0,0000633 seconds, Stopping threads took: 0,0000194 seconds
2017-08-01T09:08:28.420+0200: 3811,182: Total time for which application threads were stopped: 0,0000612 seconds, Stopping threads took: 0,0000185 seconds
2017-08-01T09:08:28.421+0200: 3811,182: Total time for which application threads were stopped: 0,0000760 seconds, Stopping threads took: 0,0000276 seconds
2017-08-01T09:08:28.421+0200: 3811,182: Total time for which application threads were stopped: 0,0000631 seconds, Stopping threads took: 0,0000192 seconds
2017-08-01T09:08:28.421+0200: 3811,182: Total time for which application threads were stopped: 0,0000621 seconds, Stopping threads took: 0,0000220 seconds
2017-08-01T09:08:28.422+0200: 3811,184: Total time for which application threads were stopped: 0,0012655 seconds, Stopping threads took: 0,0011771 seconds
2017-08-01T09:08:28.425+0200: 3811,186: Total time for which application threads were stopped: 0,0000970 seconds, Stopping threads took: 0,0000289 seconds
2017-08-01T09:08:28.425+0200: 3811,187: Total time for which application threads were stopped: 0,0006597 seconds, Stopping threads took: 0,0000142 seconds
2017-08-01T09:08:28.426+0200: 3811,188: Total time for which application threads were stopped: 0,0000949 seconds, Stopping threads took: 0,0000298 seconds
2017-08-01T09:08:28.426+0200: 3811,188: Total time for which application threads were stopped: 0,0000961 seconds, Stopping threads took: 0,0000211 seconds
2017-08-01T09:08:28.426+0200: 3811,188: Total time for which application threads were stopped: 0,0000799 seconds, Stopping threads took: 0,0000224 seconds
2017-08-01T09:08:28.427+0200: 3811,188: Total time for which application threads were stopped: 0,0000653 seconds, Stopping threads took: 0,0000191 seconds
2017-08-01T09:08:28.427+0200: 3811,188: Total time for which application threads were stopped: 0,0000772 seconds, Stopping threads took: 0,0000243 seconds
2017-08-01T09:08:28.427+0200: 3811,189: Total time for which application threads were stopped: 0,0000577 seconds, Stopping threads took: 0,0000174 seconds
2017-08-01T09:08:28.427+0200: 3811,189: Total time for which application threads were stopped: 0,0000570 seconds, Stopping threads took: 0,0000179 seconds
2017-08-01T09:08:28.427+0200: 3811,189: Total time for which application threads were stopped: 0,0000575 seconds, Stopping threads took: 0,0000154 seconds
2017-08-01T09:08:28.427+0200: 3811,189: Total time for which application threads were stopped: 0,0000577 seconds, Stopping threads took: 0,0000169 seconds
2017-08-01T09:08:28.427+0200: 3811,189: Total time for which application threads were stopped: 0,0000537 seconds, Stopping threads took: 0,0000138 seconds
2017-08-01T09:08:28.428+0200: 3811,189: Total time for which application threads were stopped: 0,0000585 seconds, Stopping threads took: 0,0000146 seconds
2017-08-01T09:08:28.430+0200: 3811,192: Total time for which application threads were stopped: 0,0002443 seconds, Stopping threads took: 0,0000539 seconds
2017-08-01T09:08:28.433+0200: 3811,194: Total time for which application threads were stopped: 0,0001176 seconds, Stopping threads took: 0,0000351 seconds
2017-08-01T09:08:28.433+0200: 3811,194: Total time for which application threads were stopped: 0,0000677 seconds, Stopping threads took: 0,0000195 seconds
2017-08-01T09:08:28.433+0200: 3811,194: Total time for which application threads were stopped: 0,0000630 seconds, Stopping threads took: 0,0000182 seconds
2017-08-01T09:08:28.434+0200: 3811,195: Total time for which application threads were stopped: 0,0001095 seconds, Stopping threads took: 0,0000344 seconds
2017-08-01T09:08:28.434+0200: 3811,195: Total time for which application threads were stopped: 0,0001095 seconds, Stopping threads took: 0,0000219 seconds
Heap
 par new generation   total 109248K, used 31416K [0x00000000e0000000, 0x00000000e8000000, 0x00000000e8000000)
  eden space 87424K,  20% used [0x00000000e0000000, 0x00000000e114c898, 0x00000000e5560000)
  from space 21824K,  62% used [0x00000000e6ab0000, 0x00000000e7811ad0, 0x00000000e8000000)
  to   space 21824K,   0% used [0x00000000e5560000, 0x00000000e5560000, 0x00000000e6ab0000)
 concurrent mark-sweep generation total 393216K, used 6997K [0x00000000e8000000, 0x0000000100000000, 0x0000000100000000)
 Metaspace       used 28120K, capacity 28600K, committed 28796K, reserved 1075200K
  class space    used 3220K, capacity 3381K, committed 3452K, reserved 1048576K
