OpenJDK 64-Bit Server VM (25.131-b11) for linux-amd64 JRE (1.8.0_131-8u131-b11-0ubuntu1.16.04.2-b11), built on May  6 2017 02:45:27 by "buildd" with gcc 5.4.0 20160609
Memory: 4k page, physical 7867740k(7413180k free), swap 8076284k(8076284k free)
CommandLine flags: -XX:CMSInitiatingOccupancyFraction=50 -XX:CMSMaxAbortablePrecleanTime=6000 -XX:+CMSParallelRemarkEnabled -XX:+CMSScavengeBeforeRemark -XX:ConcGCThreads=4 -XX:InitialHeapSize=536870912 -XX:MaxHeapSize=536870912 -XX:MaxTenuringThreshold=8 -XX:NewRatio=3 -XX:OldPLABSize=16 -XX:OnOutOfMemoryError=/opt/solr/bin/oom_solr.sh 8983 /var/solr/logs -XX:ParallelGCThreads=4 -XX:+ParallelRefProcEnabled -XX:PretenureSizeThreshold=67108864 -XX:+PrintGC -XX:+PrintGCApplicationStoppedTime -XX:+PrintGCDateStamps -XX:+PrintGCDetails -XX:+PrintGCTimeStamps -XX:+PrintHeapAtGC -XX:+PrintTenuringDistribution -XX:SurvivorRatio=4 -XX:TargetSurvivorRatio=90 -XX:ThreadStackSize=256 -XX:+UseCMSInitiatingOccupancyOnly -XX:+UseCompressedClassPointers -XX:+UseCompressedOops -XX:+UseConcMarkSweepGC -XX:+UseParNewGC 
2017-06-19T11:26:16.474+0200: 0,129: Total time for which application threads were stopped: 0,0001049 seconds, Stopping threads took: 0,0000175 seconds
2017-06-19T11:26:16.551+0200: 0,206: Total time for which application threads were stopped: 0,0001278 seconds, Stopping threads took: 0,0000279 seconds
2017-06-19T11:26:16.563+0200: 0,218: Total time for which application threads were stopped: 0,0000914 seconds, Stopping threads took: 0,0000173 seconds
2017-06-19T11:26:16.732+0200: 0,386: Total time for which application threads were stopped: 0,0001429 seconds, Stopping threads took: 0,0000174 seconds
2017-06-19T11:26:17.125+0200: 0,780: Total time for which application threads were stopped: 0,0002058 seconds, Stopping threads took: 0,0000196 seconds
2017-06-19T11:26:17.334+0200: 0,989: Total time for which application threads were stopped: 0,0002055 seconds, Stopping threads took: 0,0000230 seconds
2017-06-19T11:26:17.393+0200: 1,048: Total time for which application threads were stopped: 0,0001953 seconds, Stopping threads took: 0,0000306 seconds
2017-06-19T11:26:17.699+0200: 1,354: Total time for which application threads were stopped: 0,0002212 seconds, Stopping threads took: 0,0000218 seconds
2017-06-19T11:26:17.917+0200: 1,572: Total time for which application threads were stopped: 0,0002802 seconds, Stopping threads took: 0,0000236 seconds
2017-06-19T11:26:17.939+0200: 1,593: Total time for which application threads were stopped: 0,0002520 seconds, Stopping threads took: 0,0000375 seconds
2017-06-19T11:26:17.971+0200: 1,626: Total time for which application threads were stopped: 0,0002571 seconds, Stopping threads took: 0,0000338 seconds
2017-06-19T11:26:17.975+0200: 1,629: Total time for which application threads were stopped: 0,0002315 seconds, Stopping threads took: 0,0000215 seconds
2017-06-19T11:26:17.992+0200: 1,647: Total time for which application threads were stopped: 0,0001669 seconds, Stopping threads took: 0,0000123 seconds
2017-06-19T11:26:18.091+0200: 1,746: Total time for which application threads were stopped: 0,0009296 seconds, Stopping threads took: 0,0001003 seconds
2017-06-19T11:26:18.295+0200: 1,949: Total time for which application threads were stopped: 0,0002951 seconds, Stopping threads took: 0,0000384 seconds
{Heap before GC invocations=0 (full 0):
 par new generation   total 109248K, used 87424K [0x00000000e0000000, 0x00000000e8000000, 0x00000000e8000000)
  eden space 87424K, 100% used [0x00000000e0000000, 0x00000000e5560000, 0x00000000e5560000)
  from space 21824K,   0% used [0x00000000e5560000, 0x00000000e5560000, 0x00000000e6ab0000)
  to   space 21824K,   0% used [0x00000000e6ab0000, 0x00000000e6ab0000, 0x00000000e8000000)
 concurrent mark-sweep generation total 393216K, used 0K [0x00000000e8000000, 0x0000000100000000, 0x0000000100000000)
 Metaspace       used 18198K, capacity 18528K, committed 18688K, reserved 1064960K
  class space    used 2058K, capacity 2196K, committed 2304K, reserved 1048576K
2017-06-19T11:26:18.401+0200: 2,056: [GC (Allocation Failure) 2017-06-19T11:26:18.401+0200: 2,056: [ParNew
Desired survivor size 20112992 bytes, new threshold 8 (max 8)
- age   1:   12787528 bytes,   12787528 total
: 87424K->12610K(109248K), 0,0175686 secs] 87424K->12610K(502464K), 0,0176543 secs] [Times: user=0,04 sys=0,02, real=0,02 secs] 
Heap after GC invocations=1 (full 0):
 par new generation   total 109248K, used 12610K [0x00000000e0000000, 0x00000000e8000000, 0x00000000e8000000)
  eden space 87424K,   0% used [0x00000000e0000000, 0x00000000e0000000, 0x00000000e5560000)
  from space 21824K,  57% used [0x00000000e6ab0000, 0x00000000e77009c8, 0x00000000e8000000)
  to   space 21824K,   0% used [0x00000000e5560000, 0x00000000e5560000, 0x00000000e6ab0000)
 concurrent mark-sweep generation total 393216K, used 0K [0x00000000e8000000, 0x0000000100000000, 0x0000000100000000)
 Metaspace       used 18198K, capacity 18528K, committed 18688K, reserved 1064960K
  class space    used 2058K, capacity 2196K, committed 2304K, reserved 1048576K
}
2017-06-19T11:26:18.419+0200: 2,073: Total time for which application threads were stopped: 0,0178652 seconds, Stopping threads took: 0,0000223 seconds
2017-06-19T11:26:18.710+0200: 2,364: Total time for which application threads were stopped: 0,0003106 seconds, Stopping threads took: 0,0000203 seconds
2017-06-19T11:26:18.741+0200: 2,396: Total time for which application threads were stopped: 0,0003465 seconds, Stopping threads took: 0,0000581 seconds
{Heap before GC invocations=1 (full 0):
 par new generation   total 109248K, used 100034K [0x00000000e0000000, 0x00000000e8000000, 0x00000000e8000000)
  eden space 87424K, 100% used [0x00000000e0000000, 0x00000000e5560000, 0x00000000e5560000)
  from space 21824K,  57% used [0x00000000e6ab0000, 0x00000000e77009c8, 0x00000000e8000000)
  to   space 21824K,   0% used [0x00000000e5560000, 0x00000000e5560000, 0x00000000e6ab0000)
 concurrent mark-sweep generation total 393216K, used 0K [0x00000000e8000000, 0x0000000100000000, 0x0000000100000000)
 Metaspace       used 20079K, capacity 20450K, committed 20736K, reserved 1067008K
  class space    used 2302K, capacity 2479K, committed 2560K, reserved 1048576K
2017-06-19T11:26:18.745+0200: 2,400: [GC (Allocation Failure) 2017-06-19T11:26:18.745+0200: 2,400: [ParNew
Desired survivor size 20112992 bytes, new threshold 8 (max 8)
- age   1:    3466488 bytes,    3466488 total
- age   2:    6693056 bytes,   10159544 total
: 100034K->15818K(109248K), 0,0165090 secs] 100034K->15818K(502464K), 0,0165817 secs] [Times: user=0,06 sys=0,00, real=0,02 secs] 
Heap after GC invocations=2 (full 0):
 par new generation   total 109248K, used 15818K [0x00000000e0000000, 0x00000000e8000000, 0x00000000e8000000)
  eden space 87424K,   0% used [0x00000000e0000000, 0x00000000e0000000, 0x00000000e5560000)
  from space 21824K,  72% used [0x00000000e5560000, 0x00000000e64d28c0, 0x00000000e6ab0000)
  to   space 21824K,   0% used [0x00000000e6ab0000, 0x00000000e6ab0000, 0x00000000e8000000)
 concurrent mark-sweep generation total 393216K, used 0K [0x00000000e8000000, 0x0000000100000000, 0x0000000100000000)
 Metaspace       used 20079K, capacity 20450K, committed 20736K, reserved 1067008K
  class space    used 2302K, capacity 2479K, committed 2560K, reserved 1048576K
}
2017-06-19T11:26:18.762+0200: 2,417: Total time for which application threads were stopped: 0,0167862 seconds, Stopping threads took: 0,0000509 seconds
2017-06-19T11:26:18.803+0200: 2,458: Total time for which application threads were stopped: 0,0050715 seconds, Stopping threads took: 0,0048133 seconds
2017-06-19T11:26:18.941+0200: 2,596: Total time for which application threads were stopped: 0,0002012 seconds, Stopping threads took: 0,0000442 seconds
{Heap before GC invocations=2 (full 0):
 par new generation   total 109248K, used 103242K [0x00000000e0000000, 0x00000000e8000000, 0x00000000e8000000)
  eden space 87424K, 100% used [0x00000000e0000000, 0x00000000e5560000, 0x00000000e5560000)
  from space 21824K,  72% used [0x00000000e5560000, 0x00000000e64d28c0, 0x00000000e6ab0000)
  to   space 21824K,   0% used [0x00000000e6ab0000, 0x00000000e6ab0000, 0x00000000e8000000)
 concurrent mark-sweep generation total 393216K, used 0K [0x00000000e8000000, 0x0000000100000000, 0x0000000100000000)
 Metaspace       used 21020K, capacity 21372K, committed 21552K, reserved 1069056K
  class space    used 2424K, capacity 2598K, committed 2608K, reserved 1048576K
2017-06-19T11:26:18.991+0200: 2,645: [GC (Allocation Failure) 2017-06-19T11:26:18.991+0200: 2,645: [ParNew
Desired survivor size 20112992 bytes, new threshold 8 (max 8)
- age   1:    2203880 bytes,    2203880 total
- age   2:     825456 bytes,    3029336 total
- age   3:    6688432 bytes,    9717768 total
: 103242K->12258K(109248K), 0,0231001 secs] 103242K->12258K(502464K), 0,0231982 secs] [Times: user=0,06 sys=0,00, real=0,02 secs] 
Heap after GC invocations=3 (full 0):
 par new generation   total 109248K, used 12258K [0x00000000e0000000, 0x00000000e8000000, 0x00000000e8000000)
  eden space 87424K,   0% used [0x00000000e0000000, 0x00000000e0000000, 0x00000000e5560000)
  from space 21824K,  56% used [0x00000000e6ab0000, 0x00000000e76a8988, 0x00000000e8000000)
  to   space 21824K,   0% used [0x00000000e5560000, 0x00000000e5560000, 0x00000000e6ab0000)
 concurrent mark-sweep generation total 393216K, used 0K [0x00000000e8000000, 0x0000000100000000, 0x0000000100000000)
 Metaspace       used 21020K, capacity 21372K, committed 21552K, reserved 1069056K
  class space    used 2424K, capacity 2598K, committed 2608K, reserved 1048576K
}
2017-06-19T11:26:19.014+0200: 2,669: Total time for which application threads were stopped: 0,0234633 seconds, Stopping threads took: 0,0000504 seconds
2017-06-19T11:26:19.014+0200: 2,669: [GC (CMS Initial Mark) [1 CMS-initial-mark: 0K(393216K)] 13037K(502464K), 0,0038280 secs] [Times: user=0,02 sys=0,00, real=0,00 secs] 
2017-06-19T11:26:19.018+0200: 2,673: Total time for which application threads were stopped: 0,0039974 seconds, Stopping threads took: 0,0000614 seconds
2017-06-19T11:26:19.018+0200: 2,673: [CMS-concurrent-mark-start]
2017-06-19T11:26:19.023+0200: 2,678: [CMS-concurrent-mark: 0,005/0,005 secs] [Times: user=0,02 sys=0,00, real=0,01 secs] 
2017-06-19T11:26:19.023+0200: 2,678: [CMS-concurrent-preclean-start]
2017-06-19T11:26:19.024+0200: 2,679: [CMS-concurrent-preclean: 0,001/0,001 secs] [Times: user=0,00 sys=0,00, real=0,00 secs] 
2017-06-19T11:26:19.024+0200: 2,679: [CMS-concurrent-abortable-preclean-start]
2017-06-19T11:26:19.104+0200: 2,759: Total time for which application threads were stopped: 0,0001531 seconds, Stopping threads took: 0,0000583 seconds
2017-06-19T11:26:19.117+0200: 2,772: Total time for which application threads were stopped: 0,0025096 seconds, Stopping threads took: 0,0024371 seconds
2017-06-19T11:26:19.117+0200: 2,772: [CMS-concurrent-abortable-preclean: 0,081/0,093 secs] [Times: user=0,36 sys=0,00, real=0,09 secs] 
2017-06-19T11:26:19.117+0200: 2,772: [GC (CMS Final Remark) [YG occupancy: 82976 K (109248 K)]{Heap before GC invocations=3 (full 1):
 par new generation   total 109248K, used 82976K [0x00000000e0000000, 0x00000000e8000000, 0x00000000e8000000)
  eden space 87424K,  80% used [0x00000000e0000000, 0x00000000e450f9b8, 0x00000000e5560000)
  from space 21824K,  56% used [0x00000000e6ab0000, 0x00000000e76a8988, 0x00000000e8000000)
  to   space 21824K,   0% used [0x00000000e5560000, 0x00000000e5560000, 0x00000000e6ab0000)
 concurrent mark-sweep generation total 393216K, used 0K [0x00000000e8000000, 0x0000000100000000, 0x0000000100000000)
 Metaspace       used 21268K, capacity 21648K, committed 21960K, reserved 1069056K
  class space    used 2449K, capacity 2612K, committed 2736K, reserved 1048576K
2017-06-19T11:26:19.117+0200: 2,772: [GC (CMS Final Remark) 2017-06-19T11:26:19.117+0200: 2,772: [ParNew
Desired survivor size 20112992 bytes, new threshold 8 (max 8)
- age   1:    1091688 bytes,    1091688 total
- age   2:    1456808 bytes,    2548496 total
- age   3:     792208 bytes,    3340704 total
- age   4:    6688760 bytes,   10029464 total
: 82976K->12851K(109248K), 0,0100830 secs] 82976K->12851K(502464K), 0,0101231 secs] [Times: user=0,03 sys=0,00, real=0,01 secs] 
Heap after GC invocations=4 (full 1):
 par new generation   total 109248K, used 12851K [0x00000000e0000000, 0x00000000e8000000, 0x00000000e8000000)
  eden space 87424K,   0% used [0x00000000e0000000, 0x00000000e0000000, 0x00000000e5560000)
  from space 21824K,  58% used [0x00000000e5560000, 0x00000000e61ecc60, 0x00000000e6ab0000)
  to   space 21824K,   0% used [0x00000000e6ab0000, 0x00000000e6ab0000, 0x00000000e8000000)
 concurrent mark-sweep generation total 393216K, used 0K [0x00000000e8000000, 0x0000000100000000, 0x0000000100000000)
 Metaspace       used 21268K, capacity 21648K, committed 21960K, reserved 1069056K
  class space    used 2449K, capacity 2612K, committed 2736K, reserved 1048576K
}
2017-06-19T11:26:19.127+0200: 2,782: [Rescan (parallel) , 0,0032798 secs]2017-06-19T11:26:19.131+0200: 2,785: [weak refs processing, 0,0007836 secs]2017-06-19T11:26:19.131+0200: 2,786: [class unloading, 0,0027987 secs]2017-06-19T11:26:19.134+0200: 2,789: [scrub symbol table, 0,0030008 secs]2017-06-19T11:26:19.137+0200: 2,792: [scrub string table, 0,0003628 secs][1 CMS-remark: 0K(393216K)] 12851K(502464K), 0,0209882 secs] [Times: user=0,05 sys=0,00, real=0,02 secs] 
2017-06-19T11:26:19.138+0200: 2,793: Total time for which application threads were stopped: 0,0210778 seconds, Stopping threads took: 0,0000311 seconds
2017-06-19T11:26:19.138+0200: 2,793: [CMS-concurrent-sweep-start]
2017-06-19T11:26:19.138+0200: 2,793: [CMS-concurrent-sweep: 0,000/0,000 secs] [Times: user=0,00 sys=0,00, real=0,00 secs] 
2017-06-19T11:26:19.138+0200: 2,793: [CMS-concurrent-reset-start]
2017-06-19T11:26:19.141+0200: 2,795: [CMS-concurrent-reset: 0,002/0,002 secs] [Times: user=0,00 sys=0,01, real=0,01 secs] 
{Heap before GC invocations=4 (full 1):
 par new generation   total 109248K, used 100273K [0x00000000e0000000, 0x00000000e8000000, 0x00000000e8000000)
  eden space 87424K,  99% used [0x00000000e0000000, 0x00000000e555f940, 0x00000000e5560000)
  from space 21824K,  58% used [0x00000000e5560000, 0x00000000e61ecc60, 0x00000000e6ab0000)
  to   space 21824K,   0% used [0x00000000e6ab0000, 0x00000000e6ab0000, 0x00000000e8000000)
 concurrent mark-sweep generation total 393216K, used 0K [0x00000000e8000000, 0x0000000100000000, 0x0000000100000000)
 Metaspace       used 21388K, capacity 21750K, committed 21960K, reserved 1069056K
  class space    used 2470K, capacity 2646K, committed 2736K, reserved 1048576K
2017-06-19T11:26:19.225+0200: 2,880: [GC (Allocation Failure) 2017-06-19T11:26:19.225+0200: 2,880: [ParNew
Desired survivor size 20112992 bytes, new threshold 8 (max 8)
- age   1:    1427728 bytes,    1427728 total
- age   2:     156552 bytes,    1584280 total
- age   3:    1456568 bytes,    3040848 total
- age   4:     790176 bytes,    3831024 total
- age   5:    6688528 bytes,   10519552 total
: 100273K->12102K(109248K), 0,0113949 secs] 100273K->12102K(502464K), 0,0114597 secs] [Times: user=0,04 sys=0,00, real=0,01 secs] 
Heap after GC invocations=5 (full 1):
 par new generation   total 109248K, used 12102K [0x00000000e0000000, 0x00000000e8000000, 0x00000000e8000000)
  eden space 87424K,   0% used [0x00000000e0000000, 0x00000000e0000000, 0x00000000e5560000)
  from space 21824K,  55% used [0x00000000e6ab0000, 0x00000000e7681a50, 0x00000000e8000000)
  to   space 21824K,   0% used [0x00000000e5560000, 0x00000000e5560000, 0x00000000e6ab0000)
 concurrent mark-sweep generation total 393216K, used 0K [0x00000000e8000000, 0x0000000100000000, 0x0000000100000000)
 Metaspace       used 21388K, capacity 21750K, committed 21960K, reserved 1069056K
  class space    used 2470K, capacity 2646K, committed 2736K, reserved 1048576K
}
2017-06-19T11:26:19.237+0200: 2,892: Total time for which application threads were stopped: 0,0116862 seconds, Stopping threads took: 0,0000836 seconds
2017-06-19T11:26:19.287+0200: 2,942: Total time for which application threads were stopped: 0,0003572 seconds, Stopping threads took: 0,0000198 seconds
2017-06-19T11:26:19.540+0200: 3,195: Total time for which application threads were stopped: 0,0005199 seconds, Stopping threads took: 0,0000816 seconds
2017-06-19T11:26:19.554+0200: 3,209: Total time for which application threads were stopped: 0,0003978 seconds, Stopping threads took: 0,0000469 seconds
{Heap before GC invocations=5 (full 1):
 par new generation   total 109248K, used 99526K [0x00000000e0000000, 0x00000000e8000000, 0x00000000e8000000)
  eden space 87424K, 100% used [0x00000000e0000000, 0x00000000e5560000, 0x00000000e5560000)
  from space 21824K,  55% used [0x00000000e6ab0000, 0x00000000e7681a50, 0x00000000e8000000)
  to   space 21824K,   0% used [0x00000000e5560000, 0x00000000e5560000, 0x00000000e6ab0000)
 concurrent mark-sweep generation total 393216K, used 0K [0x00000000e8000000, 0x0000000100000000, 0x0000000100000000)
 Metaspace       used 23842K, capacity 24320K, committed 24496K, reserved 1071104K
  class space    used 2804K, capacity 2989K, committed 2992K, reserved 1048576K
2017-06-19T11:26:19.687+0200: 3,341: [GC (Allocation Failure) 2017-06-19T11:26:19.687+0200: 3,341: [ParNew
Desired survivor size 20112992 bytes, new threshold 8 (max 8)
- age   1:    5304600 bytes,    5304600 total
- age   2:     105368 bytes,    5409968 total
- age   3:     155328 bytes,    5565296 total
- age   4:     286600 bytes,    5851896 total
- age   5:     766008 bytes,    6617904 total
- age   6:    6680208 bytes,   13298112 total
: 99526K->17829K(109248K), 0,0177331 secs] 99526K->17829K(502464K), 0,0178015 secs] [Times: user=0,05 sys=0,00, real=0,02 secs] 
Heap after GC invocations=6 (full 1):
 par new generation   total 109248K, used 17829K [0x00000000e0000000, 0x00000000e8000000, 0x00000000e8000000)
  eden space 87424K,   0% used [0x00000000e0000000, 0x00000000e0000000, 0x00000000e5560000)
  from space 21824K,  81% used [0x00000000e5560000, 0x00000000e66c97c0, 0x00000000e6ab0000)
  to   space 21824K,   0% used [0x00000000e6ab0000, 0x00000000e6ab0000, 0x00000000e8000000)
 concurrent mark-sweep generation total 393216K, used 0K [0x00000000e8000000, 0x0000000100000000, 0x0000000100000000)
 Metaspace       used 23842K, capacity 24320K, committed 24496K, reserved 1071104K
  class space    used 2804K, capacity 2989K, committed 2992K, reserved 1048576K
}
2017-06-19T11:26:19.705+0200: 3,359: Total time for which application threads were stopped: 0,0202377 seconds, Stopping threads took: 0,0022257 seconds
{Heap before GC invocations=6 (full 1):
 par new generation   total 109248K, used 105253K [0x00000000e0000000, 0x00000000e8000000, 0x00000000e8000000)
  eden space 87424K, 100% used [0x00000000e0000000, 0x00000000e5560000, 0x00000000e5560000)
  from space 21824K,  81% used [0x00000000e5560000, 0x00000000e66c97c0, 0x00000000e6ab0000)
  to   space 21824K,   0% used [0x00000000e6ab0000, 0x00000000e6ab0000, 0x00000000e8000000)
 concurrent mark-sweep generation total 393216K, used 0K [0x00000000e8000000, 0x0000000100000000, 0x0000000100000000)
 Metaspace       used 24401K, capacity 24902K, committed 25136K, reserved 1071104K
  class space    used 2862K, capacity 3054K, committed 3120K, reserved 1048576K
2017-06-19T11:26:19.811+0200: 3,466: [GC (Allocation Failure) 2017-06-19T11:26:19.811+0200: 3,466: [ParNew
Desired survivor size 20112992 bytes, new threshold 8 (max 8)
- age   1:    2035632 bytes,    2035632 total
- age   2:    1776224 bytes,    3811856 total
- age   3:      53576 bytes,    3865432 total
- age   4:      91616 bytes,    3957048 total
- age   5:     191976 bytes,    4149024 total
- age   6:     721792 bytes,    4870816 total
- age   7:    6146800 bytes,   11017616 total
: 105253K->15971K(109248K), 0,0120759 secs] 105253K->15971K(502464K), 0,0121473 secs] [Times: user=0,04 sys=0,00, real=0,01 secs] 
Heap after GC invocations=7 (full 1):
 par new generation   total 109248K, used 15971K [0x00000000e0000000, 0x00000000e8000000, 0x00000000e8000000)
  eden space 87424K,   0% used [0x00000000e0000000, 0x00000000e0000000, 0x00000000e5560000)
  from space 21824K,  73% used [0x00000000e6ab0000, 0x00000000e7a48f58, 0x00000000e8000000)
  to   space 21824K,   0% used [0x00000000e5560000, 0x00000000e5560000, 0x00000000e6ab0000)
 concurrent mark-sweep generation total 393216K, used 0K [0x00000000e8000000, 0x0000000100000000, 0x0000000100000000)
 Metaspace       used 24401K, capacity 24902K, committed 25136K, reserved 1071104K
  class space    used 2862K, capacity 3054K, committed 3120K, reserved 1048576K
}
2017-06-19T11:26:19.823+0200: 3,478: Total time for which application threads were stopped: 0,0124208 seconds, Stopping threads took: 0,0000856 seconds
{Heap before GC invocations=7 (full 1):
 par new generation   total 109248K, used 103395K [0x00000000e0000000, 0x00000000e8000000, 0x00000000e8000000)
  eden space 87424K, 100% used [0x00000000e0000000, 0x00000000e5560000, 0x00000000e5560000)
  from space 21824K,  73% used [0x00000000e6ab0000, 0x00000000e7a48f58, 0x00000000e8000000)
  to   space 21824K,   0% used [0x00000000e5560000, 0x00000000e5560000, 0x00000000e6ab0000)
 concurrent mark-sweep generation total 393216K, used 0K [0x00000000e8000000, 0x0000000100000000, 0x0000000100000000)
 Metaspace       used 24840K, capacity 25344K, committed 25392K, reserved 1071104K
  class space    used 2903K, capacity 3091K, committed 3120K, reserved 1048576K
2017-06-19T11:26:19.918+0200: 3,573: [GC (Allocation Failure) 2017-06-19T11:26:19.918+0200: 3,573: [ParNew
Desired survivor size 20112992 bytes, new threshold 8 (max 8)
- age   1:     940880 bytes,     940880 total
- age   2:     608024 bytes,    1548904 total
- age   3:    1773392 bytes,    3322296 total
- age   4:      53576 bytes,    3375872 total
- age   5:      91448 bytes,    3467320 total
- age   6:     189176 bytes,    3656496 total
- age   7:     721024 bytes,    4377520 total
- age   8:    6146760 bytes,   10524280 total
: 103395K->13071K(109248K), 0,0137984 secs] 103395K->13071K(502464K), 0,0138779 secs] [Times: user=0,05 sys=0,00, real=0,02 secs] 
Heap after GC invocations=8 (full 1):
 par new generation   total 109248K, used 13071K [0x00000000e0000000, 0x00000000e8000000, 0x00000000e8000000)
  eden space 87424K,   0% used [0x00000000e0000000, 0x00000000e0000000, 0x00000000e5560000)
  from space 21824K,  59% used [0x00000000e5560000, 0x00000000e6223ca8, 0x00000000e6ab0000)
  to   space 21824K,   0% used [0x00000000e6ab0000, 0x00000000e6ab0000, 0x00000000e8000000)
 concurrent mark-sweep generation total 393216K, used 0K [0x00000000e8000000, 0x0000000100000000, 0x0000000100000000)
 Metaspace       used 24840K, capacity 25344K, committed 25392K, reserved 1071104K
  class space    used 2903K, capacity 3091K, committed 3120K, reserved 1048576K
}
2017-06-19T11:26:19.932+0200: 3,587: Total time for which application threads were stopped: 0,0141969 seconds, Stopping threads took: 0,0001482 seconds
2017-06-19T11:26:20.327+0200: 3,982: Total time for which application threads were stopped: 0,0004667 seconds, Stopping threads took: 0,0000193 seconds
2017-06-19T11:26:20.339+0200: 3,994: Total time for which application threads were stopped: 0,0003921 seconds, Stopping threads took: 0,0000213 seconds
2017-06-19T11:26:20.383+0200: 4,038: Total time for which application threads were stopped: 0,0004152 seconds, Stopping threads took: 0,0000178 seconds
2017-06-19T11:26:20.400+0200: 4,054: Total time for which application threads were stopped: 0,0007268 seconds, Stopping threads took: 0,0002942 seconds
2017-06-19T11:26:20.407+0200: 4,061: Total time for which application threads were stopped: 0,0001742 seconds, Stopping threads took: 0,0000539 seconds
2017-06-19T11:26:20.409+0200: 4,064: Total time for which application threads were stopped: 0,0001727 seconds, Stopping threads took: 0,0000516 seconds
2017-06-19T11:26:20.416+0200: 4,071: Total time for which application threads were stopped: 0,0013249 seconds, Stopping threads took: 0,0012192 seconds
2017-06-19T11:26:20.417+0200: 4,072: Total time for which application threads were stopped: 0,0001296 seconds, Stopping threads took: 0,0000514 seconds
2017-06-19T11:26:20.418+0200: 4,073: Total time for which application threads were stopped: 0,0001124 seconds, Stopping threads took: 0,0000193 seconds
2017-06-19T11:26:20.423+0200: 4,078: Total time for which application threads were stopped: 0,0046306 seconds, Stopping threads took: 0,0045087 seconds
2017-06-19T11:26:20.423+0200: 4,078: Total time for which application threads were stopped: 0,0001090 seconds, Stopping threads took: 0,0000297 seconds
2017-06-19T11:26:20.423+0200: 4,078: Total time for which application threads were stopped: 0,0000918 seconds, Stopping threads took: 0,0000151 seconds
2017-06-19T11:26:20.424+0200: 4,078: Total time for which application threads were stopped: 0,0000780 seconds, Stopping threads took: 0,0000285 seconds
2017-06-19T11:26:20.424+0200: 4,079: Total time for which application threads were stopped: 0,0000835 seconds, Stopping threads took: 0,0000138 seconds
2017-06-19T11:26:20.424+0200: 4,079: Total time for which application threads were stopped: 0,0000696 seconds, Stopping threads took: 0,0000106 seconds
2017-06-19T11:26:20.424+0200: 4,079: Total time for which application threads were stopped: 0,0000673 seconds, Stopping threads took: 0,0000101 seconds
2017-06-19T11:26:20.424+0200: 4,079: Total time for which application threads were stopped: 0,0000846 seconds, Stopping threads took: 0,0000152 seconds
2017-06-19T11:26:20.424+0200: 4,079: Total time for which application threads were stopped: 0,0000918 seconds, Stopping threads took: 0,0000240 seconds
2017-06-19T11:26:20.425+0200: 4,079: Total time for which application threads were stopped: 0,0000720 seconds, Stopping threads took: 0,0000230 seconds
2017-06-19T11:26:20.425+0200: 4,079: Total time for which application threads were stopped: 0,0000736 seconds, Stopping threads took: 0,0000186 seconds
2017-06-19T11:26:20.425+0200: 4,080: Total time for which application threads were stopped: 0,0000712 seconds, Stopping threads took: 0,0000096 seconds
2017-06-19T11:26:20.425+0200: 4,080: Total time for which application threads were stopped: 0,0000936 seconds, Stopping threads took: 0,0000264 seconds
2017-06-19T11:26:20.425+0200: 4,080: Total time for which application threads were stopped: 0,0000657 seconds, Stopping threads took: 0,0000105 seconds
2017-06-19T11:26:20.426+0200: 4,080: Total time for which application threads were stopped: 0,0001790 seconds, Stopping threads took: 0,0000189 seconds
2017-06-19T11:26:20.429+0200: 4,084: Total time for which application threads were stopped: 0,0001199 seconds, Stopping threads took: 0,0000331 seconds
2017-06-19T11:26:20.429+0200: 4,084: Total time for which application threads were stopped: 0,0001059 seconds, Stopping threads took: 0,0000258 seconds
2017-06-19T11:26:20.429+0200: 4,084: Total time for which application threads were stopped: 0,0000919 seconds, Stopping threads took: 0,0000141 seconds
2017-06-19T11:26:20.429+0200: 4,084: Total time for which application threads were stopped: 0,0000666 seconds, Stopping threads took: 0,0000092 seconds
2017-06-19T11:26:20.430+0200: 4,084: Total time for which application threads were stopped: 0,0001778 seconds, Stopping threads took: 0,0001214 seconds
2017-06-19T11:26:20.430+0200: 4,085: Total time for which application threads were stopped: 0,0000737 seconds, Stopping threads took: 0,0000131 seconds
2017-06-19T11:26:20.430+0200: 4,085: Total time for which application threads were stopped: 0,0000540 seconds, Stopping threads took: 0,0000123 seconds
2017-06-19T11:26:20.430+0200: 4,085: Total time for which application threads were stopped: 0,0001184 seconds, Stopping threads took: 0,0000721 seconds
2017-06-19T11:26:20.432+0200: 4,086: Total time for which application threads were stopped: 0,0001406 seconds, Stopping threads took: 0,0000357 seconds
2017-06-19T11:26:20.433+0200: 4,087: Total time for which application threads were stopped: 0,0001103 seconds, Stopping threads took: 0,0000152 seconds
2017-06-19T11:26:20.450+0200: 4,105: Total time for which application threads were stopped: 0,0033670 seconds, Stopping threads took: 0,0000344 seconds
2017-06-19T11:26:20.456+0200: 4,111: Total time for which application threads were stopped: 0,0001129 seconds, Stopping threads took: 0,0000326 seconds
2017-06-19T11:26:20.460+0200: 4,114: Total time for which application threads were stopped: 0,0001626 seconds, Stopping threads took: 0,0000397 seconds
2017-06-19T11:26:20.460+0200: 4,115: Total time for which application threads were stopped: 0,0001177 seconds, Stopping threads took: 0,0000202 seconds
2017-06-19T11:26:20.460+0200: 4,115: Total time for which application threads were stopped: 0,0000916 seconds, Stopping threads took: 0,0000159 seconds
2017-06-19T11:26:20.481+0200: 4,136: Total time for which application threads were stopped: 0,0179066 seconds, Stopping threads took: 0,0177997 seconds
2017-06-19T11:26:20.482+0200: 4,136: Total time for which application threads were stopped: 0,0000694 seconds, Stopping threads took: 0,0000093 seconds
2017-06-19T11:26:20.482+0200: 4,137: Total time for which application threads were stopped: 0,0000729 seconds, Stopping threads took: 0,0000093 seconds
2017-06-19T11:26:20.482+0200: 4,137: Total time for which application threads were stopped: 0,0000580 seconds, Stopping threads took: 0,0000059 seconds
2017-06-19T11:26:20.482+0200: 4,137: Total time for which application threads were stopped: 0,0000589 seconds, Stopping threads took: 0,0000061 seconds
2017-06-19T11:26:20.482+0200: 4,137: Total time for which application threads were stopped: 0,0000569 seconds, Stopping threads took: 0,0000057 seconds
2017-06-19T11:26:20.482+0200: 4,137: Total time for which application threads were stopped: 0,0001752 seconds, Stopping threads took: 0,0000072 seconds
2017-06-19T11:26:20.483+0200: 4,138: Total time for which application threads were stopped: 0,0001435 seconds, Stopping threads took: 0,0000189 seconds
{Heap before GC invocations=8 (full 1):
 par new generation   total 109248K, used 100495K [0x00000000e0000000, 0x00000000e8000000, 0x00000000e8000000)
  eden space 87424K, 100% used [0x00000000e0000000, 0x00000000e5560000, 0x00000000e5560000)
  from space 21824K,  59% used [0x00000000e5560000, 0x00000000e6223ca8, 0x00000000e6ab0000)
  to   space 21824K,   0% used [0x00000000e6ab0000, 0x00000000e6ab0000, 0x00000000e8000000)
 concurrent mark-sweep generation total 393216K, used 0K [0x00000000e8000000, 0x0000000100000000, 0x0000000100000000)
 Metaspace       used 27193K, capacity 27706K, committed 27952K, reserved 1073152K
  class space    used 3120K, capacity 3300K, committed 3376K, reserved 1048576K
2017-06-19T11:26:20.506+0200: 4,161: [GC (Allocation Failure) 2017-06-19T11:26:20.506+0200: 4,161: [ParNew
Desired survivor size 20112992 bytes, new threshold 8 (max 8)
- age   1:    7803064 bytes,    7803064 total
- age   2:     363104 bytes,    8166168 total
- age   3:     217664 bytes,    8383832 total
- age   4:    1769248 bytes,   10153080 total
- age   5:      53576 bytes,   10206656 total
- age   6:      88872 bytes,   10295528 total
- age   7:     188616 bytes,   10484144 total
- age   8:     719776 bytes,   11203920 total
: 100495K->16031K(109248K), 0,0747621 secs] 100495K->22666K(502464K), 0,0748187 secs] [Times: user=0,10 sys=0,01, real=0,08 secs] 
Heap after GC invocations=9 (full 1):
 par new generation   total 109248K, used 16031K [0x00000000e0000000, 0x00000000e8000000, 0x00000000e8000000)
  eden space 87424K,   0% used [0x00000000e0000000, 0x00000000e0000000, 0x00000000e5560000)
  from space 21824K,  73% used [0x00000000e6ab0000, 0x00000000e7a57c28, 0x00000000e8000000)
  to   space 21824K,   0% used [0x00000000e5560000, 0x00000000e5560000, 0x00000000e6ab0000)
 concurrent mark-sweep generation total 393216K, used 6635K [0x00000000e8000000, 0x0000000100000000, 0x0000000100000000)
 Metaspace       used 27193K, capacity 27706K, committed 27952K, reserved 1073152K
  class space    used 3120K, capacity 3300K, committed 3376K, reserved 1048576K
}
2017-06-19T11:26:20.581+0200: 4,236: Total time for which application threads were stopped: 0,0750490 seconds, Stopping threads took: 0,0000276 seconds
2017-06-19T11:26:20.584+0200: 4,239: Total time for which application threads were stopped: 0,0001028 seconds, Stopping threads took: 0,0000260 seconds
2017-06-19T11:26:20.584+0200: 4,239: Total time for which application threads were stopped: 0,0000666 seconds, Stopping threads took: 0,0000105 seconds
2017-06-19T11:26:20.587+0200: 4,241: Total time for which application threads were stopped: 0,0001368 seconds, Stopping threads took: 0,0000412 seconds
2017-06-19T11:26:20.617+0200: 4,272: Total time for which application threads were stopped: 0,0008627 seconds, Stopping threads took: 0,0006268 seconds
2017-06-19T11:26:20.647+0200: 4,302: Total time for which application threads were stopped: 0,0001553 seconds, Stopping threads took: 0,0000634 seconds
2017-06-19T11:26:20.648+0200: 4,302: Total time for which application threads were stopped: 0,0004354 seconds, Stopping threads took: 0,0000303 seconds
2017-06-19T11:26:21.648+0200: 5,303: Total time for which application threads were stopped: 0,0001002 seconds, Stopping threads took: 0,0000217 seconds
2017-06-19T11:28:18.661+0200: 122,315: Total time for which application threads were stopped: 0,0000792 seconds, Stopping threads took: 0,0000336 seconds
2017-06-19T11:28:23.661+0200: 127,316: Total time for which application threads were stopped: 0,0000706 seconds, Stopping threads took: 0,0000154 seconds
2017-06-19T11:29:17.676+0200: 181,330: Total time for which application threads were stopped: 0,0000887 seconds, Stopping threads took: 0,0000326 seconds
2017-06-19T11:30:47.686+0200: 271,341: Total time for which application threads were stopped: 0,0000893 seconds, Stopping threads took: 0,0000346 seconds
2017-06-19T11:49:42.815+0200: 1406,470: Total time for which application threads were stopped: 0,0001603 seconds, Stopping threads took: 0,0000573 seconds
2017-06-19T11:55:07.853+0200: 1731,507: Total time for which application threads were stopped: 0,0000900 seconds, Stopping threads took: 0,0000343 seconds
2017-06-19T12:04:37.921+0200: 2301,576: Total time for which application threads were stopped: 0,0001032 seconds, Stopping threads took: 0,0000350 seconds
2017-06-19T12:04:38.921+0200: 2302,576: Total time for which application threads were stopped: 0,0001112 seconds, Stopping threads took: 0,0000322 seconds
2017-06-19T12:07:02.062+0200: 2445,717: Total time for which application threads were stopped: 0,0001133 seconds, Stopping threads took: 0,0000335 seconds
2017-06-19T12:07:02.071+0200: 2445,725: Total time for which application threads were stopped: 0,0059469 seconds, Stopping threads took: 0,0058373 seconds
2017-06-19T12:07:02.132+0200: 2445,787: Total time for which application threads were stopped: 0,0001283 seconds, Stopping threads took: 0,0000358 seconds
2017-06-19T12:07:02.139+0200: 2445,793: Total time for which application threads were stopped: 0,0043553 seconds, Stopping threads took: 0,0042525 seconds
2017-06-19T12:07:02.144+0200: 2445,799: Total time for which application threads were stopped: 0,0012969 seconds, Stopping threads took: 0,0012126 seconds
2017-06-19T12:07:02.149+0200: 2445,804: Total time for which application threads were stopped: 0,0030320 seconds, Stopping threads took: 0,0029480 seconds
Heap
 par new generation   total 109248K, used 52107K [0x00000000e0000000, 0x00000000e8000000, 0x00000000e8000000)
  eden space 87424K,  41% used [0x00000000e0000000, 0x00000000e233b1a0, 0x00000000e5560000)
  from space 21824K,  73% used [0x00000000e6ab0000, 0x00000000e7a57c28, 0x00000000e8000000)
  to   space 21824K,   0% used [0x00000000e5560000, 0x00000000e5560000, 0x00000000e6ab0000)
 concurrent mark-sweep generation total 393216K, used 6635K [0x00000000e8000000, 0x0000000100000000, 0x0000000100000000)
 Metaspace       used 28164K, capacity 28744K, committed 29104K, reserved 1075200K
  class space    used 3231K, capacity 3431K, committed 3504K, reserved 1048576K
