OpenJDK 64-Bit Server VM (25.131-b11) for linux-amd64 JRE (1.8.0_131-8u131-b11-0ubuntu1.16.04.2-b11), built on May  6 2017 02:45:27 by "buildd" with gcc 5.4.0 20160609
Memory: 4k page, physical 7867740k(7412028k free), swap 8076284k(8076284k free)
CommandLine flags: -XX:CMSInitiatingOccupancyFraction=50 -XX:CMSMaxAbortablePrecleanTime=6000 -XX:+CMSParallelRemarkEnabled -XX:+CMSScavengeBeforeRemark -XX:ConcGCThreads=4 -XX:InitialHeapSize=536870912 -XX:MaxHeapSize=536870912 -XX:MaxTenuringThreshold=8 -XX:NewRatio=3 -XX:OldPLABSize=16 -XX:OnOutOfMemoryError=/opt/solr/bin/oom_solr.sh 8983 /var/solr/logs -XX:ParallelGCThreads=4 -XX:+ParallelRefProcEnabled -XX:PretenureSizeThreshold=67108864 -XX:+PrintGC -XX:+PrintGCApplicationStoppedTime -XX:+PrintGCDateStamps -XX:+PrintGCDetails -XX:+PrintGCTimeStamps -XX:+PrintHeapAtGC -XX:+PrintTenuringDistribution -XX:SurvivorRatio=4 -XX:TargetSurvivorRatio=90 -XX:ThreadStackSize=256 -XX:+UseCMSInitiatingOccupancyOnly -XX:+UseCompressedClassPointers -XX:+UseCompressedOops -XX:+UseConcMarkSweepGC -XX:+UseParNewGC 
2017-06-25T15:49:20.879+0200: 0,132: Total time for which application threads were stopped: 0,0000691 seconds, Stopping threads took: 0,0000134 seconds
2017-06-25T15:49:20.971+0200: 0,224: Total time for which application threads were stopped: 0,0001203 seconds, Stopping threads took: 0,0000151 seconds
2017-06-25T15:49:20.986+0200: 0,239: Total time for which application threads were stopped: 0,0000806 seconds, Stopping threads took: 0,0000091 seconds
2017-06-25T15:49:21.369+0200: 0,623: Total time for which application threads were stopped: 0,0001176 seconds, Stopping threads took: 0,0000115 seconds
2017-06-25T15:49:21.784+0200: 1,037: Total time for which application threads were stopped: 0,0001766 seconds, Stopping threads took: 0,0000243 seconds
2017-06-25T15:49:21.993+0200: 1,246: Total time for which application threads were stopped: 0,0003964 seconds, Stopping threads took: 0,0002064 seconds
2017-06-25T15:49:22.033+0200: 1,286: Total time for which application threads were stopped: 0,0002681 seconds, Stopping threads took: 0,0000409 seconds
2017-06-25T15:49:22.339+0200: 1,593: Total time for which application threads were stopped: 0,0001945 seconds, Stopping threads took: 0,0000124 seconds
2017-06-25T15:49:22.577+0200: 1,830: Total time for which application threads were stopped: 0,0002846 seconds, Stopping threads took: 0,0000884 seconds
2017-06-25T15:49:22.606+0200: 1,859: Total time for which application threads were stopped: 0,0007859 seconds, Stopping threads took: 0,0000694 seconds
2017-06-25T15:49:22.641+0200: 1,895: Total time for which application threads were stopped: 0,0002411 seconds, Stopping threads took: 0,0000197 seconds
2017-06-25T15:49:22.643+0200: 1,896: Total time for which application threads were stopped: 0,0002186 seconds, Stopping threads took: 0,0000182 seconds
2017-06-25T15:49:22.661+0200: 1,915: Total time for which application threads were stopped: 0,0001709 seconds, Stopping threads took: 0,0000164 seconds
2017-06-25T15:49:22.754+0200: 2,007: Total time for which application threads were stopped: 0,0002789 seconds, Stopping threads took: 0,0000225 seconds
2017-06-25T15:49:22.912+0200: 2,166: Total time for which application threads were stopped: 0,0002891 seconds, Stopping threads took: 0,0000819 seconds
{Heap before GC invocations=0 (full 0):
 par new generation   total 109248K, used 87424K [0x00000000e0000000, 0x00000000e8000000, 0x00000000e8000000)
  eden space 87424K, 100% used [0x00000000e0000000, 0x00000000e5560000, 0x00000000e5560000)
  from space 21824K,   0% used [0x00000000e5560000, 0x00000000e5560000, 0x00000000e6ab0000)
  to   space 21824K,   0% used [0x00000000e6ab0000, 0x00000000e6ab0000, 0x00000000e8000000)
 concurrent mark-sweep generation total 393216K, used 0K [0x00000000e8000000, 0x0000000100000000, 0x0000000100000000)
 Metaspace       used 18028K, capacity 18336K, committed 18688K, reserved 1064960K
  class space    used 2036K, capacity 2196K, committed 2304K, reserved 1048576K
2017-06-25T15:49:23.001+0200: 2,254: [GC (Allocation Failure) 2017-06-25T15:49:23.001+0200: 2,254: [ParNew
Desired survivor size 20112992 bytes, new threshold 8 (max 8)
- age   1:   12585808 bytes,   12585808 total
: 87424K->12400K(109248K), 0,0156040 secs] 87424K->12400K(502464K), 0,0156822 secs] [Times: user=0,04 sys=0,02, real=0,02 secs] 
Heap after GC invocations=1 (full 0):
 par new generation   total 109248K, used 12400K [0x00000000e0000000, 0x00000000e8000000, 0x00000000e8000000)
  eden space 87424K,   0% used [0x00000000e0000000, 0x00000000e0000000, 0x00000000e5560000)
  from space 21824K,  56% used [0x00000000e6ab0000, 0x00000000e76cc088, 0x00000000e8000000)
  to   space 21824K,   0% used [0x00000000e5560000, 0x00000000e5560000, 0x00000000e6ab0000)
 concurrent mark-sweep generation total 393216K, used 0K [0x00000000e8000000, 0x0000000100000000, 0x0000000100000000)
 Metaspace       used 18028K, capacity 18336K, committed 18688K, reserved 1064960K
  class space    used 2036K, capacity 2196K, committed 2304K, reserved 1048576K
}
2017-06-25T15:49:23.017+0200: 2,270: Total time for which application threads were stopped: 0,0159145 seconds, Stopping threads took: 0,0000623 seconds
2017-06-25T15:49:23.330+0200: 2,584: Total time for which application threads were stopped: 0,0030116 seconds, Stopping threads took: 0,0027185 seconds
{Heap before GC invocations=1 (full 0):
 par new generation   total 109248K, used 99824K [0x00000000e0000000, 0x00000000e8000000, 0x00000000e8000000)
  eden space 87424K, 100% used [0x00000000e0000000, 0x00000000e5560000, 0x00000000e5560000)
  from space 21824K,  56% used [0x00000000e6ab0000, 0x00000000e76cc088, 0x00000000e8000000)
  to   space 21824K,   0% used [0x00000000e5560000, 0x00000000e5560000, 0x00000000e6ab0000)
 concurrent mark-sweep generation total 393216K, used 0K [0x00000000e8000000, 0x0000000100000000, 0x0000000100000000)
 Metaspace       used 20073K, capacity 20426K, committed 20736K, reserved 1067008K
  class space    used 2293K, capacity 2467K, committed 2560K, reserved 1048576K
2017-06-25T15:49:23.382+0200: 2,635: [GC (Allocation Failure) 2017-06-25T15:49:23.382+0200: 2,635: [ParNew
Desired survivor size 20112992 bytes, new threshold 8 (max 8)
- age   1:    3782696 bytes,    3782696 total
- age   2:    6655544 bytes,   10438240 total
: 99824K->15749K(109248K), 0,0120081 secs] 99824K->15749K(502464K), 0,0120692 secs] [Times: user=0,02 sys=0,01, real=0,01 secs] 
Heap after GC invocations=2 (full 0):
 par new generation   total 109248K, used 15749K [0x00000000e0000000, 0x00000000e8000000, 0x00000000e8000000)
  eden space 87424K,   0% used [0x00000000e0000000, 0x00000000e0000000, 0x00000000e5560000)
  from space 21824K,  72% used [0x00000000e5560000, 0x00000000e64c14c0, 0x00000000e6ab0000)
  to   space 21824K,   0% used [0x00000000e6ab0000, 0x00000000e6ab0000, 0x00000000e8000000)
 concurrent mark-sweep generation total 393216K, used 0K [0x00000000e8000000, 0x0000000100000000, 0x0000000100000000)
 Metaspace       used 20073K, capacity 20426K, committed 20736K, reserved 1067008K
  class space    used 2293K, capacity 2467K, committed 2560K, reserved 1048576K
}
2017-06-25T15:49:23.394+0200: 2,648: Total time for which application threads were stopped: 0,0130822 seconds, Stopping threads took: 0,0008732 seconds
2017-06-25T15:49:23.402+0200: 2,655: Total time for which application threads were stopped: 0,0038370 seconds, Stopping threads took: 0,0035742 seconds
2017-06-25T15:49:23.431+0200: 2,684: Total time for which application threads were stopped: 0,0004260 seconds, Stopping threads took: 0,0000490 seconds
2017-06-25T15:49:23.560+0200: 2,813: Total time for which application threads were stopped: 0,0001858 seconds, Stopping threads took: 0,0000417 seconds
{Heap before GC invocations=2 (full 0):
 par new generation   total 109248K, used 103173K [0x00000000e0000000, 0x00000000e8000000, 0x00000000e8000000)
  eden space 87424K, 100% used [0x00000000e0000000, 0x00000000e5560000, 0x00000000e5560000)
  from space 21824K,  72% used [0x00000000e5560000, 0x00000000e64c14c0, 0x00000000e6ab0000)
  to   space 21824K,   0% used [0x00000000e6ab0000, 0x00000000e6ab0000, 0x00000000e8000000)
 concurrent mark-sweep generation total 393216K, used 0K [0x00000000e8000000, 0x0000000100000000, 0x0000000100000000)
 Metaspace       used 20990K, capacity 21348K, committed 21628K, reserved 1069056K
  class space    used 2416K, capacity 2586K, committed 2684K, reserved 1048576K
2017-06-25T15:49:23.594+0200: 2,847: [GC (Allocation Failure) 2017-06-25T15:49:23.594+0200: 2,847: [ParNew
Desired survivor size 20112992 bytes, new threshold 8 (max 8)
- age   1:    2169448 bytes,    2169448 total
- age   2:     845800 bytes,    3015248 total
- age   3:    6651992 bytes,    9667240 total
: 103173K->11292K(109248K), 0,0153651 secs] 103173K->11292K(502464K), 0,0154503 secs] [Times: user=0,06 sys=0,00, real=0,01 secs] 
Heap after GC invocations=3 (full 0):
 par new generation   total 109248K, used 11292K [0x00000000e0000000, 0x00000000e8000000, 0x00000000e8000000)
  eden space 87424K,   0% used [0x00000000e0000000, 0x00000000e0000000, 0x00000000e5560000)
  from space 21824K,  51% used [0x00000000e6ab0000, 0x00000000e75b7250, 0x00000000e8000000)
  to   space 21824K,   0% used [0x00000000e5560000, 0x00000000e5560000, 0x00000000e6ab0000)
 concurrent mark-sweep generation total 393216K, used 0K [0x00000000e8000000, 0x0000000100000000, 0x0000000100000000)
 Metaspace       used 20990K, capacity 21348K, committed 21628K, reserved 1069056K
  class space    used 2416K, capacity 2586K, committed 2684K, reserved 1048576K
}
2017-06-25T15:49:23.610+0200: 2,863: Total time for which application threads were stopped: 0,0173793 seconds, Stopping threads took: 0,0017592 seconds
2017-06-25T15:49:23.610+0200: 2,863: [GC (CMS Initial Mark) [1 CMS-initial-mark: 0K(393216K)] 12716K(502464K), 0,0034764 secs] [Times: user=0,01 sys=0,00, real=0,00 secs] 
2017-06-25T15:49:23.613+0200: 2,867: Total time for which application threads were stopped: 0,0036307 seconds, Stopping threads took: 0,0000712 seconds
2017-06-25T15:49:23.613+0200: 2,867: [CMS-concurrent-mark-start]
2017-06-25T15:49:23.615+0200: 2,868: [CMS-concurrent-mark: 0,002/0,002 secs] [Times: user=0,00 sys=0,00, real=0,01 secs] 
2017-06-25T15:49:23.615+0200: 2,869: [CMS-concurrent-preclean-start]
2017-06-25T15:49:23.617+0200: 2,870: [CMS-concurrent-preclean: 0,001/0,001 secs] [Times: user=0,01 sys=0,00, real=0,00 secs] 
2017-06-25T15:49:23.617+0200: 2,870: [CMS-concurrent-abortable-preclean-start]
2017-06-25T15:49:23.665+0200: 2,918: Total time for which application threads were stopped: 0,0001520 seconds, Stopping threads took: 0,0000495 seconds
{Heap before GC invocations=3 (full 1):
 par new generation   total 109248K, used 98716K [0x00000000e0000000, 0x00000000e8000000, 0x00000000e8000000)
  eden space 87424K, 100% used [0x00000000e0000000, 0x00000000e5560000, 0x00000000e5560000)
  from space 21824K,  51% used [0x00000000e6ab0000, 0x00000000e75b7250, 0x00000000e8000000)
  to   space 21824K,   0% used [0x00000000e5560000, 0x00000000e5560000, 0x00000000e6ab0000)
 concurrent mark-sweep generation total 393216K, used 0K [0x00000000e8000000, 0x0000000100000000, 0x0000000100000000)
 Metaspace       used 21271K, capacity 21630K, committed 21884K, reserved 1069056K
  class space    used 2446K, capacity 2602K, committed 2684K, reserved 1048576K
2017-06-25T15:49:23.707+0200: 2,961: [GC (Allocation Failure) 2017-06-25T15:49:23.707+0200: 2,961: [ParNew
Desired survivor size 20112992 bytes, new threshold 8 (max 8)
- age   1:    1493936 bytes,    1493936 total
- age   2:    1465248 bytes,    2959184 total
- age   3:     812488 bytes,    3771672 total
- age   4:    6652192 bytes,   10423864 total
: 98716K->12314K(109248K), 0,0109622 secs] 98716K->12314K(502464K), 0,0110353 secs] [Times: user=0,03 sys=0,00, real=0,01 secs] 
Heap after GC invocations=4 (full 1):
 par new generation   total 109248K, used 12314K [0x00000000e0000000, 0x00000000e8000000, 0x00000000e8000000)
  eden space 87424K,   0% used [0x00000000e0000000, 0x00000000e0000000, 0x00000000e5560000)
  from space 21824K,  56% used [0x00000000e5560000, 0x00000000e6166ab0, 0x00000000e6ab0000)
  to   space 21824K,   0% used [0x00000000e6ab0000, 0x00000000e6ab0000, 0x00000000e8000000)
 concurrent mark-sweep generation total 393216K, used 0K [0x00000000e8000000, 0x0000000100000000, 0x0000000100000000)
 Metaspace       used 21271K, capacity 21630K, committed 21884K, reserved 1069056K
  class space    used 2446K, capacity 2602K, committed 2684K, reserved 1048576K
}
2017-06-25T15:49:23.718+0200: 2,972: Total time for which application threads were stopped: 0,0112766 seconds, Stopping threads took: 0,0000951 seconds
2017-06-25T15:49:23.718+0200: 2,972: [CMS-concurrent-abortable-preclean: 0,049/0,102 secs] [Times: user=0,37 sys=0,01, real=0,10 secs] 
2017-06-25T15:49:23.721+0200: 2,974: [GC (CMS Final Remark) [YG occupancy: 13641 K (109248 K)]{Heap before GC invocations=4 (full 1):
 par new generation   total 109248K, used 13641K [0x00000000e0000000, 0x00000000e8000000, 0x00000000e8000000)
  eden space 87424K,   1% used [0x00000000e0000000, 0x00000000e014bd20, 0x00000000e5560000)
  from space 21824K,  56% used [0x00000000e5560000, 0x00000000e6166ab0, 0x00000000e6ab0000)
  to   space 21824K,   0% used [0x00000000e6ab0000, 0x00000000e6ab0000, 0x00000000e8000000)
 concurrent mark-sweep generation total 393216K, used 0K [0x00000000e8000000, 0x0000000100000000, 0x0000000100000000)
 Metaspace       used 21271K, capacity 21630K, committed 21884K, reserved 1069056K
  class space    used 2446K, capacity 2602K, committed 2684K, reserved 1048576K
2017-06-25T15:49:23.721+0200: 2,974: [GC (CMS Final Remark) 2017-06-25T15:49:23.721+0200: 2,974: [ParNew
Desired survivor size 20112992 bytes, new threshold 8 (max 8)
- age   1:     101408 bytes,     101408 total
- age   2:     850584 bytes,     951992 total
- age   3:    1465136 bytes,    2417128 total
- age   4:     812488 bytes,    3229616 total
- age   5:    6652064 bytes,    9881680 total
: 13641K->14530K(109248K), 0,0139467 secs] 13641K->14530K(502464K), 0,0139848 secs] [Times: user=0,04 sys=0,00, real=0,02 secs] 
Heap after GC invocations=5 (full 1):
 par new generation   total 109248K, used 14530K [0x00000000e0000000, 0x00000000e8000000, 0x00000000e8000000)
  eden space 87424K,   0% used [0x00000000e0000000, 0x00000000e0000000, 0x00000000e5560000)
  from space 21824K,  66% used [0x00000000e6ab0000, 0x00000000e78e0970, 0x00000000e8000000)
  to   space 21824K,   0% used [0x00000000e5560000, 0x00000000e5560000, 0x00000000e6ab0000)
 concurrent mark-sweep generation total 393216K, used 0K [0x00000000e8000000, 0x0000000100000000, 0x0000000100000000)
 Metaspace       used 21271K, capacity 21630K, committed 21884K, reserved 1069056K
  class space    used 2446K, capacity 2602K, committed 2684K, reserved 1048576K
}
2017-06-25T15:49:23.735+0200: 2,988: [Rescan (parallel) , 0,0031904 secs]2017-06-25T15:49:23.738+0200: 2,992: [weak refs processing, 0,0010371 secs]2017-06-25T15:49:23.739+0200: 2,993: [class unloading, 0,0028232 secs]2017-06-25T15:49:23.742+0200: 2,995: [scrub symbol table, 0,0025312 secs]2017-06-25T15:49:23.745+0200: 2,998: [scrub string table, 0,0003540 secs][1 CMS-remark: 0K(393216K)] 14530K(502464K), 0,0245949 secs] [Times: user=0,06 sys=0,00, real=0,03 secs] 
2017-06-25T15:49:23.746+0200: 2,999: Total time for which application threads were stopped: 0,0247237 seconds, Stopping threads took: 0,0000549 seconds
2017-06-25T15:49:23.746+0200: 2,999: [CMS-concurrent-sweep-start]
2017-06-25T15:49:23.746+0200: 2,999: [CMS-concurrent-sweep: 0,000/0,000 secs] [Times: user=0,00 sys=0,00, real=0,00 secs] 
2017-06-25T15:49:23.746+0200: 2,999: [CMS-concurrent-reset-start]
2017-06-25T15:49:23.751+0200: 3,004: [CMS-concurrent-reset: 0,005/0,005 secs] [Times: user=0,01 sys=0,00, real=0,00 secs] 
{Heap before GC invocations=5 (full 1):
 par new generation   total 109248K, used 101954K [0x00000000e0000000, 0x00000000e8000000, 0x00000000e8000000)
  eden space 87424K, 100% used [0x00000000e0000000, 0x00000000e5560000, 0x00000000e5560000)
  from space 21824K,  66% used [0x00000000e6ab0000, 0x00000000e78e0970, 0x00000000e8000000)
  to   space 21824K,   0% used [0x00000000e5560000, 0x00000000e5560000, 0x00000000e6ab0000)
 concurrent mark-sweep generation total 393216K, used 0K [0x00000000e8000000, 0x0000000100000000, 0x0000000100000000)
 Metaspace       used 21415K, capacity 21802K, committed 21884K, reserved 1069056K
  class space    used 2467K, capacity 2636K, committed 2684K, reserved 1048576K
2017-06-25T15:49:23.828+0200: 3,081: [GC (Allocation Failure) 2017-06-25T15:49:23.828+0200: 3,081: [ParNew
Desired survivor size 20112992 bytes, new threshold 8 (max 8)
- age   1:     566304 bytes,     566304 total
- age   2:        328 bytes,     566632 total
- age   3:     185672 bytes,     752304 total
- age   4:    1465048 bytes,    2217352 total
- age   5:     810496 bytes,    3027848 total
- age   6:    6652040 bytes,    9679888 total
: 101954K->12085K(109248K), 0,0136558 secs] 101954K->12085K(502464K), 0,0137371 secs] [Times: user=0,05 sys=0,00, real=0,01 secs] 
Heap after GC invocations=6 (full 1):
 par new generation   total 109248K, used 12085K [0x00000000e0000000, 0x00000000e8000000, 0x00000000e8000000)
  eden space 87424K,   0% used [0x00000000e0000000, 0x00000000e0000000, 0x00000000e5560000)
  from space 21824K,  55% used [0x00000000e5560000, 0x00000000e612d630, 0x00000000e6ab0000)
  to   space 21824K,   0% used [0x00000000e6ab0000, 0x00000000e6ab0000, 0x00000000e8000000)
 concurrent mark-sweep generation total 393216K, used 0K [0x00000000e8000000, 0x0000000100000000, 0x0000000100000000)
 Metaspace       used 21415K, capacity 21802K, committed 21884K, reserved 1069056K
  class space    used 2467K, capacity 2636K, committed 2684K, reserved 1048576K
}
2017-06-25T15:49:23.842+0200: 3,095: Total time for which application threads were stopped: 0,0140517 seconds, Stopping threads took: 0,0001641 seconds
2017-06-25T15:49:23.874+0200: 3,127: Total time for which application threads were stopped: 0,0003366 seconds, Stopping threads took: 0,0000177 seconds
2017-06-25T15:49:24.087+0200: 3,340: Total time for which application threads were stopped: 0,0004768 seconds, Stopping threads took: 0,0000237 seconds
2017-06-25T15:49:24.123+0200: 3,376: Total time for which application threads were stopped: 0,0004791 seconds, Stopping threads took: 0,0000365 seconds
2017-06-25T15:49:24.141+0200: 3,394: Total time for which application threads were stopped: 0,0003870 seconds, Stopping threads took: 0,0000200 seconds
2017-06-25T15:49:24.176+0200: 3,429: Total time for which application threads were stopped: 0,0003796 seconds, Stopping threads took: 0,0000327 seconds
{Heap before GC invocations=6 (full 1):
 par new generation   total 109248K, used 99509K [0x00000000e0000000, 0x00000000e8000000, 0x00000000e8000000)
  eden space 87424K, 100% used [0x00000000e0000000, 0x00000000e5560000, 0x00000000e5560000)
  from space 21824K,  55% used [0x00000000e5560000, 0x00000000e612d630, 0x00000000e6ab0000)
  to   space 21824K,   0% used [0x00000000e6ab0000, 0x00000000e6ab0000, 0x00000000e8000000)
 concurrent mark-sweep generation total 393216K, used 0K [0x00000000e8000000, 0x0000000100000000, 0x0000000100000000)
 Metaspace       used 24282K, capacity 24756K, committed 24828K, reserved 1071104K
  class space    used 2846K, capacity 3043K, committed 3068K, reserved 1048576K
2017-06-25T15:49:24.301+0200: 3,554: [GC (Allocation Failure) 2017-06-25T15:49:24.301+0200: 3,554: [ParNew
Desired survivor size 20112992 bytes, new threshold 8 (max 8)
- age   1:    5736496 bytes,    5736496 total
- age   2:     128568 bytes,    5865064 total
- age   3:        328 bytes,    5865392 total
- age   4:     184216 bytes,    6049608 total
- age   5:     295176 bytes,    6344784 total
- age   6:     786144 bytes,    7130928 total
- age   7:    6643536 bytes,   13774464 total
: 99509K->16596K(109248K), 0,0137111 secs] 99509K->16596K(502464K), 0,0137994 secs] [Times: user=0,05 sys=0,00, real=0,02 secs] 
Heap after GC invocations=7 (full 1):
 par new generation   total 109248K, used 16596K [0x00000000e0000000, 0x00000000e8000000, 0x00000000e8000000)
  eden space 87424K,   0% used [0x00000000e0000000, 0x00000000e0000000, 0x00000000e5560000)
  from space 21824K,  76% used [0x00000000e6ab0000, 0x00000000e7ae5180, 0x00000000e8000000)
  to   space 21824K,   0% used [0x00000000e5560000, 0x00000000e5560000, 0x00000000e6ab0000)
 concurrent mark-sweep generation total 393216K, used 0K [0x00000000e8000000, 0x0000000100000000, 0x0000000100000000)
 Metaspace       used 24282K, capacity 24756K, committed 24828K, reserved 1071104K
  class space    used 2846K, capacity 3043K, committed 3068K, reserved 1048576K
}
2017-06-25T15:49:24.315+0200: 3,568: Total time for which application threads were stopped: 0,0141639 seconds, Stopping threads took: 0,0001192 seconds
{Heap before GC invocations=7 (full 1):
 par new generation   total 109248K, used 104020K [0x00000000e0000000, 0x00000000e8000000, 0x00000000e8000000)
  eden space 87424K, 100% used [0x00000000e0000000, 0x00000000e5560000, 0x00000000e5560000)
  from space 21824K,  76% used [0x00000000e6ab0000, 0x00000000e7ae5180, 0x00000000e8000000)
  to   space 21824K,   0% used [0x00000000e5560000, 0x00000000e5560000, 0x00000000e6ab0000)
 concurrent mark-sweep generation total 393216K, used 0K [0x00000000e8000000, 0x0000000100000000, 0x0000000100000000)
 Metaspace       used 24495K, capacity 24954K, committed 25084K, reserved 1071104K
  class space    used 2861K, capacity 3044K, committed 3068K, reserved 1048576K
2017-06-25T15:49:24.402+0200: 3,656: [GC (Allocation Failure) 2017-06-25T15:49:24.402+0200: 3,656: [ParNew
Desired survivor size 20112992 bytes, new threshold 8 (max 8)
- age   1:    1414456 bytes,    1414456 total
- age   2:    1822720 bytes,    3237176 total
- age   3:      56152 bytes,    3293328 total
- age   5:     109528 bytes,    3402856 total
- age   6:     176592 bytes,    3579448 total
- age   7:     761880 bytes,    4341328 total
- age   8:    6110240 bytes,   10451568 total
: 104020K->18244K(109248K), 0,0230917 secs] 104020K->18244K(502464K), 0,0231689 secs] [Times: user=0,07 sys=0,00, real=0,02 secs] 
Heap after GC invocations=8 (full 1):
 par new generation   total 109248K, used 18244K [0x00000000e0000000, 0x00000000e8000000, 0x00000000e8000000)
  eden space 87424K,   0% used [0x00000000e0000000, 0x00000000e0000000, 0x00000000e5560000)
  from space 21824K,  83% used [0x00000000e5560000, 0x00000000e67313e0, 0x00000000e6ab0000)
  to   space 21824K,   0% used [0x00000000e6ab0000, 0x00000000e6ab0000, 0x00000000e8000000)
 concurrent mark-sweep generation total 393216K, used 0K [0x00000000e8000000, 0x0000000100000000, 0x0000000100000000)
 Metaspace       used 24495K, capacity 24954K, committed 25084K, reserved 1071104K
  class space    used 2861K, capacity 3044K, committed 3068K, reserved 1048576K
}
2017-06-25T15:49:24.426+0200: 3,679: Total time for which application threads were stopped: 0,0248249 seconds, Stopping threads took: 0,0014322 seconds
{Heap before GC invocations=8 (full 1):
 par new generation   total 109248K, used 105668K [0x00000000e0000000, 0x00000000e8000000, 0x00000000e8000000)
  eden space 87424K, 100% used [0x00000000e0000000, 0x00000000e5560000, 0x00000000e5560000)
  from space 21824K,  83% used [0x00000000e5560000, 0x00000000e67313e0, 0x00000000e6ab0000)
  to   space 21824K,   0% used [0x00000000e6ab0000, 0x00000000e6ab0000, 0x00000000e8000000)
 concurrent mark-sweep generation total 393216K, used 0K [0x00000000e8000000, 0x0000000100000000, 0x0000000100000000)
 Metaspace       used 24856K, capacity 25332K, committed 25468K, reserved 1071104K
  class space    used 2897K, capacity 3081K, committed 3196K, reserved 1048576K
2017-06-25T15:49:24.518+0200: 3,771: [GC (Allocation Failure) 2017-06-25T15:49:24.518+0200: 3,771: [ParNew
Desired survivor size 20112992 bytes, new threshold 8 (max 8)
- age   1:     788008 bytes,     788008 total
- age   2:     989720 bytes,    1777728 total
- age   3:    1800592 bytes,    3578320 total
- age   4:      56152 bytes,    3634472 total
- age   6:     109424 bytes,    3743896 total
- age   7:     176592 bytes,    3920488 total
- age   8:     761880 bytes,    4682368 total
: 105668K->6990K(109248K), 0,0326910 secs] 105668K->13040K(502464K), 0,0327631 secs] [Times: user=0,09 sys=0,01, real=0,03 secs] 
Heap after GC invocations=9 (full 1):
 par new generation   total 109248K, used 6990K [0x00000000e0000000, 0x00000000e8000000, 0x00000000e8000000)
  eden space 87424K,   0% used [0x00000000e0000000, 0x00000000e0000000, 0x00000000e5560000)
  from space 21824K,  32% used [0x00000000e6ab0000, 0x00000000e7183a58, 0x00000000e8000000)
  to   space 21824K,   0% used [0x00000000e5560000, 0x00000000e5560000, 0x00000000e6ab0000)
 concurrent mark-sweep generation total 393216K, used 6049K [0x00000000e8000000, 0x0000000100000000, 0x0000000100000000)
 Metaspace       used 24856K, capacity 25332K, committed 25468K, reserved 1071104K
  class space    used 2897K, capacity 3081K, committed 3196K, reserved 1048576K
}
2017-06-25T15:49:24.550+0200: 3,804: Total time for which application threads were stopped: 0,0329982 seconds, Stopping threads took: 0,0000636 seconds
2017-06-25T15:49:24.798+0200: 4,052: Total time for which application threads were stopped: 0,0003505 seconds, Stopping threads took: 0,0000154 seconds
2017-06-25T15:49:24.799+0200: 4,053: Total time for which application threads were stopped: 0,0002678 seconds, Stopping threads took: 0,0000487 seconds
2017-06-25T15:49:24.801+0200: 4,054: Total time for which application threads were stopped: 0,0000846 seconds, Stopping threads took: 0,0000155 seconds
2017-06-25T15:49:24.801+0200: 4,055: Total time for which application threads were stopped: 0,0000573 seconds, Stopping threads took: 0,0000156 seconds
2017-06-25T15:49:24.802+0200: 4,055: Total time for which application threads were stopped: 0,0000499 seconds, Stopping threads took: 0,0000098 seconds
2017-06-25T15:49:24.804+0200: 4,057: Total time for which application threads were stopped: 0,0001253 seconds, Stopping threads took: 0,0000511 seconds
2017-06-25T15:49:24.824+0200: 4,078: Total time for which application threads were stopped: 0,0001234 seconds, Stopping threads took: 0,0000383 seconds
2017-06-25T15:49:24.826+0200: 4,079: Total time for which application threads were stopped: 0,0001004 seconds, Stopping threads took: 0,0000405 seconds
2017-06-25T15:49:24.826+0200: 4,079: Total time for which application threads were stopped: 0,0000712 seconds, Stopping threads took: 0,0000181 seconds
2017-06-25T15:49:24.828+0200: 4,081: Total time for which application threads were stopped: 0,0001303 seconds, Stopping threads took: 0,0000378 seconds
2017-06-25T15:49:24.829+0200: 4,082: Total time for which application threads were stopped: 0,0001196 seconds, Stopping threads took: 0,0000307 seconds
2017-06-25T15:49:24.831+0200: 4,084: Total time for which application threads were stopped: 0,0001218 seconds, Stopping threads took: 0,0000334 seconds
2017-06-25T15:49:24.844+0200: 4,098: Total time for which application threads were stopped: 0,0004970 seconds, Stopping threads took: 0,0000640 seconds
2017-06-25T15:49:24.854+0200: 4,108: Total time for which application threads were stopped: 0,0002065 seconds, Stopping threads took: 0,0001078 seconds
2017-06-25T15:49:24.856+0200: 4,109: Total time for which application threads were stopped: 0,0001034 seconds, Stopping threads took: 0,0000284 seconds
2017-06-25T15:49:24.857+0200: 4,110: Total time for which application threads were stopped: 0,0003758 seconds, Stopping threads took: 0,0000106 seconds
2017-06-25T15:49:24.860+0200: 4,114: Total time for which application threads were stopped: 0,0001135 seconds, Stopping threads took: 0,0000319 seconds
2017-06-25T15:49:24.861+0200: 4,115: Total time for which application threads were stopped: 0,0001062 seconds, Stopping threads took: 0,0000331 seconds
2017-06-25T15:49:24.864+0200: 4,117: Total time for which application threads were stopped: 0,0001054 seconds, Stopping threads took: 0,0000323 seconds
2017-06-25T15:49:24.865+0200: 4,118: Total time for which application threads were stopped: 0,0000970 seconds, Stopping threads took: 0,0000293 seconds
2017-06-25T15:49:24.867+0200: 4,121: Total time for which application threads were stopped: 0,0001101 seconds, Stopping threads took: 0,0000308 seconds
2017-06-25T15:49:24.868+0200: 4,121: Total time for which application threads were stopped: 0,0000894 seconds, Stopping threads took: 0,0000280 seconds
2017-06-25T15:49:24.869+0200: 4,122: Total time for which application threads were stopped: 0,0001020 seconds, Stopping threads took: 0,0000371 seconds
2017-06-25T15:49:24.895+0200: 4,148: Total time for which application threads were stopped: 0,0002460 seconds, Stopping threads took: 0,0000885 seconds
2017-06-25T15:49:24.895+0200: 4,149: Total time for which application threads were stopped: 0,0000730 seconds, Stopping threads took: 0,0000257 seconds
2017-06-25T15:49:24.900+0200: 4,153: Total time for which application threads were stopped: 0,0001329 seconds, Stopping threads took: 0,0000510 seconds
2017-06-25T15:49:24.901+0200: 4,155: Total time for which application threads were stopped: 0,0000818 seconds, Stopping threads took: 0,0000212 seconds
2017-06-25T15:49:24.903+0200: 4,157: Total time for which application threads were stopped: 0,0001084 seconds, Stopping threads took: 0,0000472 seconds
2017-06-25T15:49:24.904+0200: 4,157: Total time for which application threads were stopped: 0,0001166 seconds, Stopping threads took: 0,0000358 seconds
2017-06-25T15:49:24.908+0200: 4,161: Total time for which application threads were stopped: 0,0001051 seconds, Stopping threads took: 0,0000382 seconds
2017-06-25T15:49:24.909+0200: 4,162: Total time for which application threads were stopped: 0,0003269 seconds, Stopping threads took: 0,0000121 seconds
2017-06-25T15:49:24.909+0200: 4,163: Total time for which application threads were stopped: 0,0000927 seconds, Stopping threads took: 0,0000423 seconds
2017-06-25T15:49:24.910+0200: 4,163: Total time for which application threads were stopped: 0,0001183 seconds, Stopping threads took: 0,0000582 seconds
2017-06-25T15:49:24.910+0200: 4,164: Total time for which application threads were stopped: 0,0001154 seconds, Stopping threads took: 0,0000465 seconds
2017-06-25T15:49:24.911+0200: 4,164: Total time for which application threads were stopped: 0,0001083 seconds, Stopping threads took: 0,0000668 seconds
2017-06-25T15:49:24.914+0200: 4,167: Total time for which application threads were stopped: 0,0001260 seconds, Stopping threads took: 0,0000393 seconds
2017-06-25T15:49:24.920+0200: 4,173: Total time for which application threads were stopped: 0,0000908 seconds, Stopping threads took: 0,0000225 seconds
2017-06-25T15:49:24.920+0200: 4,174: Total time for which application threads were stopped: 0,0000991 seconds, Stopping threads took: 0,0000269 seconds
2017-06-25T15:49:24.929+0200: 4,182: Total time for which application threads were stopped: 0,0001416 seconds, Stopping threads took: 0,0000752 seconds
2017-06-25T15:49:24.929+0200: 4,182: Total time for which application threads were stopped: 0,0000933 seconds, Stopping threads took: 0,0000345 seconds
2017-06-25T15:49:24.930+0200: 4,183: Total time for which application threads were stopped: 0,0000710 seconds, Stopping threads took: 0,0000259 seconds
2017-06-25T15:49:24.934+0200: 4,188: Total time for which application threads were stopped: 0,0001106 seconds, Stopping threads took: 0,0000228 seconds
2017-06-25T15:49:24.934+0200: 4,188: Total time for which application threads were stopped: 0,0000537 seconds, Stopping threads took: 0,0000093 seconds
2017-06-25T15:49:24.935+0200: 4,188: Total time for which application threads were stopped: 0,0000603 seconds, Stopping threads took: 0,0000103 seconds
2017-06-25T15:49:24.935+0200: 4,189: Total time for which application threads were stopped: 0,0000708 seconds, Stopping threads took: 0,0000141 seconds
2017-06-25T15:49:24.936+0200: 4,190: Total time for which application threads were stopped: 0,0001016 seconds, Stopping threads took: 0,0000385 seconds
2017-06-25T15:49:24.937+0200: 4,190: Total time for which application threads were stopped: 0,0000557 seconds, Stopping threads took: 0,0000111 seconds
2017-06-25T15:49:24.937+0200: 4,190: Total time for which application threads were stopped: 0,0001024 seconds, Stopping threads took: 0,0000472 seconds
2017-06-25T15:49:24.942+0200: 4,195: Total time for which application threads were stopped: 0,0001289 seconds, Stopping threads took: 0,0000268 seconds
2017-06-25T15:49:24.943+0200: 4,196: Total time for which application threads were stopped: 0,0011111 seconds, Stopping threads took: 0,0009642 seconds
2017-06-25T15:49:24.943+0200: 4,196: Total time for which application threads were stopped: 0,0000990 seconds, Stopping threads took: 0,0000361 seconds
2017-06-25T15:49:24.945+0200: 4,198: Total time for which application threads were stopped: 0,0000885 seconds, Stopping threads took: 0,0000213 seconds
2017-06-25T15:49:24.982+0200: 4,235: Total time for which application threads were stopped: 0,0001421 seconds, Stopping threads took: 0,0000454 seconds
2017-06-25T15:49:25.021+0200: 4,275: Total time for which application threads were stopped: 0,0001377 seconds, Stopping threads took: 0,0000330 seconds
2017-06-25T15:49:25.022+0200: 4,275: Total time for which application threads were stopped: 0,0004693 seconds, Stopping threads took: 0,0000109 seconds
2017-06-25T15:49:25.031+0200: 4,285: Total time for which application threads were stopped: 0,0002146 seconds, Stopping threads took: 0,0001222 seconds
2017-06-25T15:49:26.032+0200: 5,285: Total time for which application threads were stopped: 0,0000706 seconds, Stopping threads took: 0,0000169 seconds
2017-06-25T15:49:32.032+0200: 11,286: Total time for which application threads were stopped: 0,0000851 seconds, Stopping threads took: 0,0000196 seconds
2017-06-25T15:49:42.033+0200: 21,287: Total time for which application threads were stopped: 0,0000825 seconds, Stopping threads took: 0,0000191 seconds
2017-06-25T15:49:52.487+0200: 32,288: Total time for which application threads were stopped: 0,0000677 seconds, Stopping threads took: 0,0000182 seconds
2017-06-25T15:51:22.497+0200: 122,298: Total time for which application threads were stopped: 0,0004592 seconds, Stopping threads took: 0,0002046 seconds
{Heap before GC invocations=9 (full 1):
 par new generation   total 109248K, used 94414K [0x00000000e0000000, 0x00000000e8000000, 0x00000000e8000000)
  eden space 87424K, 100% used [0x00000000e0000000, 0x00000000e5560000, 0x00000000e5560000)
  from space 21824K,  32% used [0x00000000e6ab0000, 0x00000000e7183a58, 0x00000000e8000000)
  to   space 21824K,   0% used [0x00000000e5560000, 0x00000000e5560000, 0x00000000e6ab0000)
 concurrent mark-sweep generation total 393216K, used 6049K [0x00000000e8000000, 0x0000000100000000, 0x0000000100000000)
 Metaspace       used 28084K, capacity 28640K, committed 28796K, reserved 1075200K
  class space    used 3213K, capacity 3389K, committed 3452K, reserved 1048576K
2017-06-25T15:52:11.305+0200: 171,106: [GC (Allocation Failure) 2017-06-25T15:52:11.305+0200: 171,106: [ParNew
Desired survivor size 20112992 bytes, new threshold 8 (max 8)
- age   1:   10953904 bytes,   10953904 total
- age   2:     186520 bytes,   11140424 total
- age   3:     210288 bytes,   11350712 total
- age   4:    1794744 bytes,   13145456 total
- age   5:      56152 bytes,   13201608 total
- age   7:     106656 bytes,   13308264 total
- age   8:     176032 bytes,   13484296 total
: 94414K->15079K(109248K), 0,0155443 secs] 100464K->21959K(502464K), 0,0156170 secs] [Times: user=0,05 sys=0,00, real=0,02 secs] 
Heap after GC invocations=10 (full 1):
 par new generation   total 109248K, used 15079K [0x00000000e0000000, 0x00000000e8000000, 0x00000000e8000000)
  eden space 87424K,   0% used [0x00000000e0000000, 0x00000000e0000000, 0x00000000e5560000)
  from space 21824K,  69% used [0x00000000e5560000, 0x00000000e6419c40, 0x00000000e6ab0000)
  to   space 21824K,   0% used [0x00000000e6ab0000, 0x00000000e6ab0000, 0x00000000e8000000)
 concurrent mark-sweep generation total 393216K, used 6880K [0x00000000e8000000, 0x0000000100000000, 0x0000000100000000)
 Metaspace       used 28084K, capacity 28640K, committed 28796K, reserved 1075200K
  class space    used 3213K, capacity 3389K, committed 3452K, reserved 1048576K
}
2017-06-25T15:52:11.320+0200: 171,121: Total time for which application threads were stopped: 0,0158001 seconds, Stopping threads took: 0,0000426 seconds
2017-06-25T15:52:11.321+0200: 171,122: Total time for which application threads were stopped: 0,0000573 seconds, Stopping threads took: 0,0000246 seconds
2017-06-25T15:52:11.321+0200: 171,122: Total time for which application threads were stopped: 0,0000244 seconds, Stopping threads took: 0,0000086 seconds
2017-06-25T15:52:21.322+0200: 181,123: Total time for which application threads were stopped: 0,0000911 seconds, Stopping threads took: 0,0000215 seconds
2017-06-25T15:53:51.333+0200: 271,133: Total time for which application threads were stopped: 0,0000801 seconds, Stopping threads took: 0,0000306 seconds
2017-06-25T16:12:46.459+0200: 1406,260: Total time for which application threads were stopped: 0,0000659 seconds, Stopping threads took: 0,0000213 seconds
2017-06-25T16:17:31.493+0200: 1691,294: Total time for which application threads were stopped: 0,0001092 seconds, Stopping threads took: 0,0000400 seconds
2017-06-25T16:17:36.493+0200: 1696,294: Total time for which application threads were stopped: 0,0000687 seconds, Stopping threads took: 0,0000171 seconds
2017-06-25T16:26:22.553+0200: 2222,354: Total time for which application threads were stopped: 0,0004401 seconds, Stopping threads took: 0,0001551 seconds
2017-06-25T16:27:41.561+0200: 2301,362: Total time for which application threads were stopped: 0,0001041 seconds, Stopping threads took: 0,0000428 seconds
2017-06-25T16:27:42.561+0200: 2302,362: Total time for which application threads were stopped: 0,0000791 seconds, Stopping threads took: 0,0000195 seconds
2017-06-25T16:28:52.568+0200: 2372,369: Total time for which application threads were stopped: 0,0000717 seconds, Stopping threads took: 0,0000289 seconds
2017-06-25T16:42:37.650+0200: 3197,451: Total time for which application threads were stopped: 0,0000803 seconds, Stopping threads took: 0,0000315 seconds
2017-06-25T16:50:52.703+0200: 3692,504: Total time for which application threads were stopped: 0,0002719 seconds, Stopping threads took: 0,0001436 seconds
2017-06-25T16:56:11.736+0200: 4011,537: Total time for which application threads were stopped: 0,0004876 seconds, Stopping threads took: 0,0001744 seconds
2017-06-25T16:56:21.738+0200: 4021,538: Total time for which application threads were stopped: 0,0002220 seconds, Stopping threads took: 0,0000559 seconds
2017-06-25T17:07:52.811+0200: 4712,612: Total time for which application threads were stopped: 0,0000956 seconds, Stopping threads took: 0,0000390 seconds
2017-06-25T17:07:57.811+0200: 4717,612: Total time for which application threads were stopped: 0,0000860 seconds, Stopping threads took: 0,0000207 seconds
2017-06-25T17:33:43.003+0200: 6262,804: Total time for which application threads were stopped: 0,0000890 seconds, Stopping threads took: 0,0000388 seconds
2017-06-25T17:49:52.107+0200: 7231,908: Total time for which application threads were stopped: 0,0000944 seconds, Stopping threads took: 0,0000387 seconds
2017-06-25T17:51:22.116+0200: 7321,917: Total time for which application threads were stopped: 0,0000764 seconds, Stopping threads took: 0,0000307 seconds
2017-06-25T17:57:22.155+0200: 7681,955: Total time for which application threads were stopped: 0,0000965 seconds, Stopping threads took: 0,0000357 seconds
2017-06-25T19:01:52.557+0200: 11552,358: Total time for which application threads were stopped: 0,0001151 seconds, Stopping threads took: 0,0000441 seconds
2017-06-25T20:05:22.035+0200: 15361,836: Total time for which application threads were stopped: 0,0001768 seconds, Stopping threads took: 0,0000685 seconds
2017-06-25T20:06:22.045+0200: 15421,845: Total time for which application threads were stopped: 0,0000897 seconds, Stopping threads took: 0,0000342 seconds
2017-06-25T22:48:18.219+0200: 25138,019: Total time for which application threads were stopped: 0,0001622 seconds, Stopping threads took: 0,0000792 seconds
2017-06-25T22:48:18.235+0200: 25138,036: Total time for which application threads were stopped: 0,0001045 seconds, Stopping threads took: 0,0000283 seconds
2017-06-25T22:48:18.235+0200: 25138,036: Total time for which application threads were stopped: 0,0000639 seconds, Stopping threads took: 0,0000169 seconds
2017-06-25T22:48:18.243+0200: 25138,043: Total time for which application threads were stopped: 0,0001075 seconds, Stopping threads took: 0,0000228 seconds
2017-06-25T22:48:18.260+0200: 25138,061: Total time for which application threads were stopped: 0,0001023 seconds, Stopping threads took: 0,0000278 seconds
2017-06-25T22:48:18.260+0200: 25138,061: Total time for which application threads were stopped: 0,0000654 seconds, Stopping threads took: 0,0000199 seconds
2017-06-25T22:48:18.260+0200: 25138,061: Total time for which application threads were stopped: 0,0000575 seconds, Stopping threads took: 0,0000156 seconds
2017-06-25T22:48:18.260+0200: 25138,061: Total time for which application threads were stopped: 0,0000573 seconds, Stopping threads took: 0,0000161 seconds
2017-06-25T22:48:18.284+0200: 25138,084: Total time for which application threads were stopped: 0,0206068 seconds, Stopping threads took: 0,0205100 seconds
2017-06-25T22:48:18.284+0200: 25138,084: Total time for which application threads were stopped: 0,0000709 seconds, Stopping threads took: 0,0000113 seconds
2017-06-25T22:48:18.301+0200: 25138,101: Total time for which application threads were stopped: 0,0001454 seconds, Stopping threads took: 0,0000654 seconds
2017-06-25T22:48:18.301+0200: 25138,102: Total time for which application threads were stopped: 0,0000767 seconds, Stopping threads took: 0,0000306 seconds
2017-06-25T22:48:18.301+0200: 25138,102: Total time for which application threads were stopped: 0,0000834 seconds, Stopping threads took: 0,0000333 seconds
2017-06-25T22:48:18.301+0200: 25138,102: Total time for which application threads were stopped: 0,0000697 seconds, Stopping threads took: 0,0000274 seconds
2017-06-25T22:48:18.304+0200: 25138,105: Total time for which application threads were stopped: 0,0002018 seconds, Stopping threads took: 0,0001229 seconds
2017-06-25T22:48:18.304+0200: 25138,105: Total time for which application threads were stopped: 0,0003095 seconds, Stopping threads took: 0,0002395 seconds
2017-06-25T22:48:18.310+0200: 25138,111: Total time for which application threads were stopped: 0,0000949 seconds, Stopping threads took: 0,0000302 seconds
2017-06-25T22:48:18.310+0200: 25138,111: Total time for which application threads were stopped: 0,0000565 seconds, Stopping threads took: 0,0000143 seconds
2017-06-25T22:48:18.311+0200: 25138,112: Total time for which application threads were stopped: 0,0012815 seconds, Stopping threads took: 0,0012482 seconds
2017-06-25T22:48:18.311+0200: 25138,112: Total time for which application threads were stopped: 0,0000486 seconds, Stopping threads took: 0,0000192 seconds
2017-06-25T22:48:18.312+0200: 25138,112: Total time for which application threads were stopped: 0,0000433 seconds, Stopping threads took: 0,0000163 seconds
2017-06-25T22:48:18.313+0200: 25138,114: Total time for which application threads were stopped: 0,0006959 seconds, Stopping threads took: 0,0000173 seconds
2017-06-25T22:48:18.315+0200: 25138,116: Total time for which application threads were stopped: 0,0000790 seconds, Stopping threads took: 0,0000169 seconds
2017-06-25T22:48:18.318+0200: 25138,119: Total time for which application threads were stopped: 0,0029141 seconds, Stopping threads took: 0,0028300 seconds
2017-06-25T22:48:18.318+0200: 25138,119: Total time for which application threads were stopped: 0,0000601 seconds, Stopping threads took: 0,0000263 seconds
2017-06-25T22:48:18.318+0200: 25138,119: Total time for which application threads were stopped: 0,0000473 seconds, Stopping threads took: 0,0000193 seconds
2017-06-25T22:48:18.319+0200: 25138,120: Total time for which application threads were stopped: 0,0009264 seconds, Stopping threads took: 0,0008925 seconds
2017-06-25T22:48:18.320+0200: 25138,120: Total time for which application threads were stopped: 0,0000522 seconds, Stopping threads took: 0,0000240 seconds
2017-06-25T22:48:18.320+0200: 25138,120: Total time for which application threads were stopped: 0,0000513 seconds, Stopping threads took: 0,0000244 seconds
2017-06-25T22:48:18.320+0200: 25138,121: Total time for which application threads were stopped: 0,0000694 seconds, Stopping threads took: 0,0000325 seconds
2017-06-25T22:48:18.320+0200: 25138,121: Total time for which application threads were stopped: 0,0000483 seconds, Stopping threads took: 0,0000202 seconds
2017-06-25T22:48:18.320+0200: 25138,121: Total time for which application threads were stopped: 0,0000427 seconds, Stopping threads took: 0,0000181 seconds
2017-06-25T22:48:18.321+0200: 25138,122: Total time for which application threads were stopped: 0,0002283 seconds, Stopping threads took: 0,0001916 seconds
2017-06-25T22:48:18.322+0200: 25138,123: Total time for which application threads were stopped: 0,0001443 seconds, Stopping threads took: 0,0000601 seconds
2017-06-25T22:48:18.322+0200: 25138,123: Total time for which application threads were stopped: 0,0000623 seconds, Stopping threads took: 0,0000243 seconds
2017-06-25T22:48:18.322+0200: 25138,123: Total time for which application threads were stopped: 0,0000401 seconds, Stopping threads took: 0,0000147 seconds
2017-06-25T22:48:18.323+0200: 25138,123: Total time for which application threads were stopped: 0,0000375 seconds, Stopping threads took: 0,0000129 seconds
2017-06-25T22:48:18.323+0200: 25138,123: Total time for which application threads were stopped: 0,0000381 seconds, Stopping threads took: 0,0000144 seconds
2017-06-25T22:48:18.323+0200: 25138,124: Total time for which application threads were stopped: 0,0000475 seconds, Stopping threads took: 0,0000189 seconds
2017-06-25T22:48:18.323+0200: 25138,124: Total time for which application threads were stopped: 0,0000370 seconds, Stopping threads took: 0,0000133 seconds
2017-06-25T22:48:18.323+0200: 25138,124: Total time for which application threads were stopped: 0,0001220 seconds, Stopping threads took: 0,0000127 seconds
2017-06-25T22:48:18.325+0200: 25138,126: Total time for which application threads were stopped: 0,0000957 seconds, Stopping threads took: 0,0000203 seconds
2017-06-25T22:48:18.327+0200: 25138,128: Total time for which application threads were stopped: 0,0001209 seconds, Stopping threads took: 0,0000168 seconds
Heap
 par new generation   total 109248K, used 36273K [0x00000000e0000000, 0x00000000e8000000, 0x00000000e8000000)
  eden space 87424K,  24% used [0x00000000e0000000, 0x00000000e14b2a88, 0x00000000e5560000)
  from space 21824K,  69% used [0x00000000e5560000, 0x00000000e6419c40, 0x00000000e6ab0000)
  to   space 21824K,   0% used [0x00000000e6ab0000, 0x00000000e6ab0000, 0x00000000e8000000)
 concurrent mark-sweep generation total 393216K, used 6880K [0x00000000e8000000, 0x0000000100000000, 0x0000000100000000)
 Metaspace       used 28242K, capacity 28744K, committed 29052K, reserved 1075200K
  class space    used 3227K, capacity 3423K, committed 3452K, reserved 1048576K
