OpenJDK 64-Bit Server VM (25.131-b11) for linux-amd64 JRE (1.8.0_131-8u131-b11-0ubuntu1.16.04.2-b11), built on May  6 2017 02:45:27 by "buildd" with gcc 5.4.0 20160609
Memory: 4k page, physical 7867740k(7405972k free), swap 8076284k(8076284k free)
CommandLine flags: -XX:CMSInitiatingOccupancyFraction=50 -XX:CMSMaxAbortablePrecleanTime=6000 -XX:+CMSParallelRemarkEnabled -XX:+CMSScavengeBeforeRemark -XX:ConcGCThreads=4 -XX:InitialHeapSize=536870912 -XX:MaxHeapSize=536870912 -XX:MaxTenuringThreshold=8 -XX:NewRatio=3 -XX:OldPLABSize=16 -XX:OnOutOfMemoryError=/opt/solr/bin/oom_solr.sh 8983 /var/solr/logs -XX:ParallelGCThreads=4 -XX:+ParallelRefProcEnabled -XX:PretenureSizeThreshold=67108864 -XX:+PrintGC -XX:+PrintGCApplicationStoppedTime -XX:+PrintGCDateStamps -XX:+PrintGCDetails -XX:+PrintGCTimeStamps -XX:+PrintHeapAtGC -XX:+PrintTenuringDistribution -XX:SurvivorRatio=4 -XX:TargetSurvivorRatio=90 -XX:ThreadStackSize=256 -XX:+UseCMSInitiatingOccupancyOnly -XX:+UseCompressedClassPointers -XX:+UseCompressedOops -XX:+UseConcMarkSweepGC -XX:+UseParNewGC 
2017-05-26T06:39:40.645+0200: 0,133: Total time for which application threads were stopped: 0,0000597 seconds, Stopping threads took: 0,0000086 seconds
2017-05-26T06:39:40.731+0200: 0,218: Total time for which application threads were stopped: 0,0001181 seconds, Stopping threads took: 0,0000174 seconds
2017-05-26T06:39:40.749+0200: 0,237: Total time for which application threads were stopped: 0,0001266 seconds, Stopping threads took: 0,0000158 seconds
2017-05-26T06:39:40.968+0200: 0,456: Total time for which application threads were stopped: 0,0001187 seconds, Stopping threads took: 0,0000122 seconds
2017-05-26T06:39:41.400+0200: 0,888: Total time for which application threads were stopped: 0,0001940 seconds, Stopping threads took: 0,0000136 seconds
2017-05-26T06:39:41.517+0200: 1,005: Total time for which application threads were stopped: 0,0001953 seconds, Stopping threads took: 0,0000275 seconds
2017-05-26T06:39:41.580+0200: 1,067: Total time for which application threads were stopped: 0,0002493 seconds, Stopping threads took: 0,0000395 seconds
2017-05-26T06:39:42.004+0200: 1,492: Total time for which application threads were stopped: 0,0003262 seconds, Stopping threads took: 0,0001337 seconds
2017-05-26T06:39:42.244+0200: 1,732: Total time for which application threads were stopped: 0,0002152 seconds, Stopping threads took: 0,0000386 seconds
2017-05-26T06:39:42.269+0200: 1,757: Total time for which application threads were stopped: 0,0001942 seconds, Stopping threads took: 0,0000225 seconds
2017-05-26T06:39:42.302+0200: 1,790: Total time for which application threads were stopped: 0,0002140 seconds, Stopping threads took: 0,0000283 seconds
2017-05-26T06:39:42.304+0200: 1,792: Total time for which application threads were stopped: 0,0005568 seconds, Stopping threads took: 0,0000290 seconds
2017-05-26T06:39:42.318+0200: 1,806: Total time for which application threads were stopped: 0,0001834 seconds, Stopping threads took: 0,0000156 seconds
2017-05-26T06:39:42.384+0200: 1,872: Total time for which application threads were stopped: 0,0002372 seconds, Stopping threads took: 0,0000221 seconds
2017-05-26T06:39:42.544+0200: 2,032: Total time for which application threads were stopped: 0,0005004 seconds, Stopping threads took: 0,0002712 seconds
{Heap before GC invocations=0 (full 0):
 par new generation   total 109248K, used 87424K [0x00000000e0000000, 0x00000000e8000000, 0x00000000e8000000)
  eden space 87424K, 100% used [0x00000000e0000000, 0x00000000e5560000, 0x00000000e5560000)
  from space 21824K,   0% used [0x00000000e5560000, 0x00000000e5560000, 0x00000000e6ab0000)
  to   space 21824K,   0% used [0x00000000e6ab0000, 0x00000000e6ab0000, 0x00000000e8000000)
 concurrent mark-sweep generation total 393216K, used 0K [0x00000000e8000000, 0x0000000100000000, 0x0000000100000000)
 Metaspace       used 18059K, capacity 18336K, committed 18688K, reserved 1064960K
  class space    used 2042K, capacity 2196K, committed 2304K, reserved 1048576K
2017-05-26T06:39:42.656+0200: 2,143: [GC (Allocation Failure) 2017-05-26T06:39:42.656+0200: 2,143: [ParNew
Desired survivor size 20112992 bytes, new threshold 8 (max 8)
- age   1:   12627848 bytes,   12627848 total
: 87424K->12456K(109248K), 0,0186351 secs] 87424K->12456K(502464K), 0,0187206 secs] [Times: user=0,05 sys=0,01, real=0,02 secs] 
Heap after GC invocations=1 (full 0):
 par new generation   total 109248K, used 12456K [0x00000000e0000000, 0x00000000e8000000, 0x00000000e8000000)
  eden space 87424K,   0% used [0x00000000e0000000, 0x00000000e0000000, 0x00000000e5560000)
  from space 21824K,  57% used [0x00000000e6ab0000, 0x00000000e76da290, 0x00000000e8000000)
  to   space 21824K,   0% used [0x00000000e5560000, 0x00000000e5560000, 0x00000000e6ab0000)
 concurrent mark-sweep generation total 393216K, used 0K [0x00000000e8000000, 0x0000000100000000, 0x0000000100000000)
 Metaspace       used 18059K, capacity 18336K, committed 18688K, reserved 1064960K
  class space    used 2042K, capacity 2196K, committed 2304K, reserved 1048576K
}
2017-05-26T06:39:42.674+0200: 2,162: Total time for which application threads were stopped: 0,0189250 seconds, Stopping threads took: 0,0000219 seconds
2017-05-26T06:39:42.946+0200: 2,434: Total time for which application threads were stopped: 0,0004360 seconds, Stopping threads took: 0,0000835 seconds
2017-05-26T06:39:43.001+0200: 2,489: Total time for which application threads were stopped: 0,0006458 seconds, Stopping threads took: 0,0003668 seconds
{Heap before GC invocations=1 (full 0):
 par new generation   total 109248K, used 99880K [0x00000000e0000000, 0x00000000e8000000, 0x00000000e8000000)
  eden space 87424K, 100% used [0x00000000e0000000, 0x00000000e5560000, 0x00000000e5560000)
  from space 21824K,  57% used [0x00000000e6ab0000, 0x00000000e76da290, 0x00000000e8000000)
  to   space 21824K,   0% used [0x00000000e5560000, 0x00000000e5560000, 0x00000000e6ab0000)
 concurrent mark-sweep generation total 393216K, used 0K [0x00000000e8000000, 0x0000000100000000, 0x0000000100000000)
 Metaspace       used 20051K, capacity 20366K, committed 20736K, reserved 1067008K
  class space    used 2296K, capacity 2469K, committed 2560K, reserved 1048576K
2017-05-26T06:39:43.003+0200: 2,491: [GC (Allocation Failure) 2017-05-26T06:39:43.003+0200: 2,491: [ParNew
Desired survivor size 20112992 bytes, new threshold 8 (max 8)
- age   1:    3799160 bytes,    3799160 total
- age   2:    6674608 bytes,   10473768 total
: 99880K->13793K(109248K), 0,0132961 secs] 99880K->13793K(502464K), 0,0133851 secs] [Times: user=0,05 sys=0,00, real=0,01 secs] 
Heap after GC invocations=2 (full 0):
 par new generation   total 109248K, used 13793K [0x00000000e0000000, 0x00000000e8000000, 0x00000000e8000000)
  eden space 87424K,   0% used [0x00000000e0000000, 0x00000000e0000000, 0x00000000e5560000)
  from space 21824K,  63% used [0x00000000e5560000, 0x00000000e62d84e8, 0x00000000e6ab0000)
  to   space 21824K,   0% used [0x00000000e6ab0000, 0x00000000e6ab0000, 0x00000000e8000000)
 concurrent mark-sweep generation total 393216K, used 0K [0x00000000e8000000, 0x0000000100000000, 0x0000000100000000)
 Metaspace       used 20051K, capacity 20366K, committed 20736K, reserved 1067008K
  class space    used 2296K, capacity 2469K, committed 2560K, reserved 1048576K
}
2017-05-26T06:39:43.016+0200: 2,504: Total time for which application threads were stopped: 0,0136360 seconds, Stopping threads took: 0,0000766 seconds
2017-05-26T06:39:43.054+0200: 2,541: Total time for which application threads were stopped: 0,0004084 seconds, Stopping threads took: 0,0000468 seconds
2017-05-26T06:39:43.191+0200: 2,679: Total time for which application threads were stopped: 0,0002392 seconds, Stopping threads took: 0,0000801 seconds
{Heap before GC invocations=2 (full 0):
 par new generation   total 109248K, used 101217K [0x00000000e0000000, 0x00000000e8000000, 0x00000000e8000000)
  eden space 87424K, 100% used [0x00000000e0000000, 0x00000000e5560000, 0x00000000e5560000)
  from space 21824K,  63% used [0x00000000e5560000, 0x00000000e62d84e8, 0x00000000e6ab0000)
  to   space 21824K,   0% used [0x00000000e6ab0000, 0x00000000e6ab0000, 0x00000000e8000000)
 concurrent mark-sweep generation total 393216K, used 0K [0x00000000e8000000, 0x0000000100000000, 0x0000000100000000)
 Metaspace       used 20978K, capacity 21364K, committed 21628K, reserved 1069056K
  class space    used 2422K, capacity 2590K, committed 2684K, reserved 1048576K
2017-05-26T06:39:43.226+0200: 2,714: [GC (Allocation Failure) 2017-05-26T06:39:43.227+0200: 2,714: [ParNew
Desired survivor size 20112992 bytes, new threshold 8 (max 8)
- age   1:    2242832 bytes,    2242832 total
- age   2:     846312 bytes,    3089144 total
- age   3:    6670656 bytes,    9759800 total
: 101217K->13063K(109248K), 0,0100793 secs] 101217K->13063K(502464K), 0,0101511 secs] [Times: user=0,04 sys=0,00, real=0,00 secs] 
Heap after GC invocations=3 (full 0):
 par new generation   total 109248K, used 13063K [0x00000000e0000000, 0x00000000e8000000, 0x00000000e8000000)
  eden space 87424K,   0% used [0x00000000e0000000, 0x00000000e0000000, 0x00000000e5560000)
  from space 21824K,  59% used [0x00000000e6ab0000, 0x00000000e7771d70, 0x00000000e8000000)
  to   space 21824K,   0% used [0x00000000e5560000, 0x00000000e5560000, 0x00000000e6ab0000)
 concurrent mark-sweep generation total 393216K, used 0K [0x00000000e8000000, 0x0000000100000000, 0x0000000100000000)
 Metaspace       used 20978K, capacity 21364K, committed 21628K, reserved 1069056K
  class space    used 2422K, capacity 2590K, committed 2684K, reserved 1048576K
}
2017-05-26T06:39:43.237+0200: 2,724: Total time for which application threads were stopped: 0,0105007 seconds, Stopping threads took: 0,0002137 seconds
2017-05-26T06:39:43.242+0200: 2,730: [GC (CMS Initial Mark) [1 CMS-initial-mark: 0K(393216K)] 15308K(502464K), 0,0041735 secs] [Times: user=0,02 sys=0,00, real=0,01 secs] 
2017-05-26T06:39:43.246+0200: 2,734: Total time for which application threads were stopped: 0,0079754 seconds, Stopping threads took: 0,0037053 seconds
2017-05-26T06:39:43.246+0200: 2,734: [CMS-concurrent-mark-start]
2017-05-26T06:39:43.247+0200: 2,734: [CMS-concurrent-mark: 0,000/0,000 secs] [Times: user=0,00 sys=0,00, real=0,00 secs] 
2017-05-26T06:39:43.247+0200: 2,734: [CMS-concurrent-preclean-start]
2017-05-26T06:39:43.248+0200: 2,736: [CMS-concurrent-preclean: 0,001/0,001 secs] [Times: user=0,00 sys=0,00, real=0,00 secs] 
2017-05-26T06:39:43.248+0200: 2,736: [CMS-concurrent-abortable-preclean-start]
2017-05-26T06:39:43.316+0200: 2,804: Total time for which application threads were stopped: 0,0001034 seconds, Stopping threads took: 0,0000226 seconds
{Heap before GC invocations=3 (full 1):
 par new generation   total 109248K, used 100487K [0x00000000e0000000, 0x00000000e8000000, 0x00000000e8000000)
  eden space 87424K, 100% used [0x00000000e0000000, 0x00000000e5560000, 0x00000000e5560000)
  from space 21824K,  59% used [0x00000000e6ab0000, 0x00000000e7771d70, 0x00000000e8000000)
  to   space 21824K,   0% used [0x00000000e5560000, 0x00000000e5560000, 0x00000000e6ab0000)
 concurrent mark-sweep generation total 393216K, used 0K [0x00000000e8000000, 0x0000000100000000, 0x0000000100000000)
 Metaspace       used 21258K, capacity 21634K, committed 21884K, reserved 1069056K
  class space    used 2448K, capacity 2604K, committed 2684K, reserved 1048576K
2017-05-26T06:39:43.355+0200: 2,843: [GC (Allocation Failure) 2017-05-26T06:39:43.355+0200: 2,843: [ParNew
Desired survivor size 20112992 bytes, new threshold 8 (max 8)
- age   1:    1085552 bytes,    1085552 total
- age   2:    1458416 bytes,    2543968 total
- age   3:     816808 bytes,    3360776 total
- age   4:    6670560 bytes,   10031336 total
: 100487K->12563K(109248K), 0,0180443 secs] 100487K->12563K(502464K), 0,0181117 secs] [Times: user=0,06 sys=0,00, real=0,02 secs] 
Heap after GC invocations=4 (full 1):
 par new generation   total 109248K, used 12563K [0x00000000e0000000, 0x00000000e8000000, 0x00000000e8000000)
  eden space 87424K,   0% used [0x00000000e0000000, 0x00000000e0000000, 0x00000000e5560000)
  from space 21824K,  57% used [0x00000000e5560000, 0x00000000e61a4ff0, 0x00000000e6ab0000)
  to   space 21824K,   0% used [0x00000000e6ab0000, 0x00000000e6ab0000, 0x00000000e8000000)
 concurrent mark-sweep generation total 393216K, used 0K [0x00000000e8000000, 0x0000000100000000, 0x0000000100000000)
 Metaspace       used 21258K, capacity 21634K, committed 21884K, reserved 1069056K
  class space    used 2448K, capacity 2604K, committed 2684K, reserved 1048576K
}
2017-05-26T06:39:43.373+0200: 2,861: Total time for which application threads were stopped: 0,0184318 seconds, Stopping threads took: 0,0001813 seconds
2017-05-26T06:39:43.373+0200: 2,861: [CMS-concurrent-abortable-preclean: 0,069/0,125 secs] [Times: user=0,48 sys=0,00, real=0,12 secs] 
2017-05-26T06:39:43.376+0200: 2,863: [GC (CMS Final Remark) [YG occupancy: 14553 K (109248 K)]{Heap before GC invocations=4 (full 1):
 par new generation   total 109248K, used 14553K [0x00000000e0000000, 0x00000000e8000000, 0x00000000e8000000)
  eden space 87424K,   2% used [0x00000000e0000000, 0x00000000e01f1528, 0x00000000e5560000)
  from space 21824K,  57% used [0x00000000e5560000, 0x00000000e61a4ff0, 0x00000000e6ab0000)
  to   space 21824K,   0% used [0x00000000e6ab0000, 0x00000000e6ab0000, 0x00000000e8000000)
 concurrent mark-sweep generation total 393216K, used 0K [0x00000000e8000000, 0x0000000100000000, 0x0000000100000000)
 Metaspace       used 21258K, capacity 21634K, committed 21884K, reserved 1069056K
  class space    used 2448K, capacity 2604K, committed 2684K, reserved 1048576K
2017-05-26T06:39:43.376+0200: 2,863: [GC (CMS Final Remark) 2017-05-26T06:39:43.376+0200: 2,863: [ParNew
Desired survivor size 20112992 bytes, new threshold 8 (max 8)
- age   1:      47768 bytes,      47768 total
- age   2:     478816 bytes,     526584 total
- age   3:    1458432 bytes,    1985016 total
- age   4:     816808 bytes,    2801824 total
- age   5:    6670560 bytes,    9472384 total
: 14553K->15056K(109248K), 0,0084663 secs] 14553K->15056K(502464K), 0,0085070 secs] [Times: user=0,04 sys=0,00, real=0,01 secs] 
Heap after GC invocations=5 (full 1):
 par new generation   total 109248K, used 15056K [0x00000000e0000000, 0x00000000e8000000, 0x00000000e8000000)
  eden space 87424K,   0% used [0x00000000e0000000, 0x00000000e0000000, 0x00000000e5560000)
  from space 21824K,  68% used [0x00000000e6ab0000, 0x00000000e7964128, 0x00000000e8000000)
  to   space 21824K,   0% used [0x00000000e5560000, 0x00000000e5560000, 0x00000000e6ab0000)
 concurrent mark-sweep generation total 393216K, used 0K [0x00000000e8000000, 0x0000000100000000, 0x0000000100000000)
 Metaspace       used 21258K, capacity 21634K, committed 21884K, reserved 1069056K
  class space    used 2448K, capacity 2604K, committed 2684K, reserved 1048576K
}
2017-05-26T06:39:43.384+0200: 2,872: [Rescan (parallel) , 0,0043369 secs]2017-05-26T06:39:43.389+0200: 2,876: [weak refs processing, 0,0007017 secs]2017-05-26T06:39:43.389+0200: 2,877: [class unloading, 0,0028250 secs]2017-05-26T06:39:43.392+0200: 2,880: [scrub symbol table, 0,0025392 secs]2017-05-26T06:39:43.395+0200: 2,882: [scrub string table, 0,0003633 secs][1 CMS-remark: 0K(393216K)] 15056K(502464K), 0,0199229 secs] [Times: user=0,06 sys=0,00, real=0,02 secs] 
2017-05-26T06:39:43.396+0200: 2,883: Total time for which application threads were stopped: 0,0201146 seconds, Stopping threads took: 0,0001147 seconds
2017-05-26T06:39:43.396+0200: 2,883: [CMS-concurrent-sweep-start]
2017-05-26T06:39:43.396+0200: 2,883: [CMS-concurrent-sweep: 0,000/0,000 secs] [Times: user=0,00 sys=0,00, real=0,00 secs] 
2017-05-26T06:39:43.396+0200: 2,883: [CMS-concurrent-reset-start]
2017-05-26T06:39:43.398+0200: 2,886: [CMS-concurrent-reset: 0,003/0,003 secs] [Times: user=0,01 sys=0,00, real=0,01 secs] 
{Heap before GC invocations=5 (full 1):
 par new generation   total 109248K, used 102480K [0x00000000e0000000, 0x00000000e8000000, 0x00000000e8000000)
  eden space 87424K, 100% used [0x00000000e0000000, 0x00000000e5560000, 0x00000000e5560000)
  from space 21824K,  68% used [0x00000000e6ab0000, 0x00000000e7964128, 0x00000000e8000000)
  to   space 21824K,   0% used [0x00000000e5560000, 0x00000000e5560000, 0x00000000e6ab0000)
 concurrent mark-sweep generation total 393216K, used 0K [0x00000000e8000000, 0x0000000100000000, 0x0000000100000000)
 Metaspace       used 21412K, capacity 21806K, committed 21884K, reserved 1069056K
  class space    used 2467K, capacity 2638K, committed 2684K, reserved 1048576K
2017-05-26T06:39:43.492+0200: 2,980: [GC (Allocation Failure) 2017-05-26T06:39:43.493+0200: 2,980: [ParNew
Desired survivor size 20112992 bytes, new threshold 8 (max 8)
- age   1:     790456 bytes,     790456 total
- age   2:       4064 bytes,     794520 total
- age   3:     178272 bytes,     972792 total
- age   4:    1457712 bytes,    2430504 total
- age   5:     814856 bytes,    3245360 total
- age   6:    6670560 bytes,    9915920 total
: 102480K->12274K(109248K), 0,0105613 secs] 102480K->12274K(502464K), 0,0106421 secs] [Times: user=0,04 sys=0,00, real=0,01 secs] 
Heap after GC invocations=6 (full 1):
 par new generation   total 109248K, used 12274K [0x00000000e0000000, 0x00000000e8000000, 0x00000000e8000000)
  eden space 87424K,   0% used [0x00000000e0000000, 0x00000000e0000000, 0x00000000e5560000)
  from space 21824K,  56% used [0x00000000e5560000, 0x00000000e615ca80, 0x00000000e6ab0000)
  to   space 21824K,   0% used [0x00000000e6ab0000, 0x00000000e6ab0000, 0x00000000e8000000)
 concurrent mark-sweep generation total 393216K, used 0K [0x00000000e8000000, 0x0000000100000000, 0x0000000100000000)
 Metaspace       used 21412K, capacity 21806K, committed 21884K, reserved 1069056K
  class space    used 2467K, capacity 2638K, committed 2684K, reserved 1048576K
}
2017-05-26T06:39:43.503+0200: 2,991: Total time for which application threads were stopped: 0,0108479 seconds, Stopping threads took: 0,0000269 seconds
2017-05-26T06:39:43.532+0200: 3,019: Total time for which application threads were stopped: 0,0003618 seconds, Stopping threads took: 0,0000244 seconds
2017-05-26T06:39:43.799+0200: 3,286: Total time for which application threads were stopped: 0,0004516 seconds, Stopping threads took: 0,0000418 seconds
2017-05-26T06:39:43.814+0200: 3,302: Total time for which application threads were stopped: 0,0004147 seconds, Stopping threads took: 0,0000591 seconds
{Heap before GC invocations=6 (full 1):
 par new generation   total 109248K, used 99698K [0x00000000e0000000, 0x00000000e8000000, 0x00000000e8000000)
  eden space 87424K, 100% used [0x00000000e0000000, 0x00000000e5560000, 0x00000000e5560000)
  from space 21824K,  56% used [0x00000000e5560000, 0x00000000e615ca80, 0x00000000e6ab0000)
  to   space 21824K,   0% used [0x00000000e6ab0000, 0x00000000e6ab0000, 0x00000000e8000000)
 concurrent mark-sweep generation total 393216K, used 0K [0x00000000e8000000, 0x0000000100000000, 0x0000000100000000)
 Metaspace       used 23871K, capacity 24304K, committed 24572K, reserved 1071104K
  class space    used 2806K, capacity 2981K, committed 3068K, reserved 1048576K
2017-05-26T06:39:43.953+0200: 3,441: [GC (Allocation Failure) 2017-05-26T06:39:43.953+0200: 3,441: [ParNew
Desired survivor size 20112992 bytes, new threshold 8 (max 8)
- age   1:    5307288 bytes,    5307288 total
- age   2:     136792 bytes,    5444080 total
- age   3:       4064 bytes,    5448144 total
- age   4:     177088 bytes,    5625232 total
- age   5:     288176 bytes,    5913408 total
- age   6:     788656 bytes,    6702064 total
- age   7:    6662368 bytes,   13364432 total
: 99698K->16757K(109248K), 0,0114152 secs] 99698K->16757K(502464K), 0,0114994 secs] [Times: user=0,04 sys=0,00, real=0,01 secs] 
Heap after GC invocations=7 (full 1):
 par new generation   total 109248K, used 16757K [0x00000000e0000000, 0x00000000e8000000, 0x00000000e8000000)
  eden space 87424K,   0% used [0x00000000e0000000, 0x00000000e0000000, 0x00000000e5560000)
  from space 21824K,  76% used [0x00000000e6ab0000, 0x00000000e7b0d440, 0x00000000e8000000)
  to   space 21824K,   0% used [0x00000000e5560000, 0x00000000e5560000, 0x00000000e6ab0000)
 concurrent mark-sweep generation total 393216K, used 0K [0x00000000e8000000, 0x0000000100000000, 0x0000000100000000)
 Metaspace       used 23871K, capacity 24304K, committed 24572K, reserved 1071104K
  class space    used 2806K, capacity 2981K, committed 3068K, reserved 1048576K
}
2017-05-26T06:39:43.965+0200: 3,453: Total time for which application threads were stopped: 0,0119314 seconds, Stopping threads took: 0,0001478 seconds
{Heap before GC invocations=7 (full 1):
 par new generation   total 109248K, used 104181K [0x00000000e0000000, 0x00000000e8000000, 0x00000000e8000000)
  eden space 87424K, 100% used [0x00000000e0000000, 0x00000000e5560000, 0x00000000e5560000)
  from space 21824K,  76% used [0x00000000e6ab0000, 0x00000000e7b0d440, 0x00000000e8000000)
  to   space 21824K,   0% used [0x00000000e5560000, 0x00000000e5560000, 0x00000000e6ab0000)
 concurrent mark-sweep generation total 393216K, used 0K [0x00000000e8000000, 0x0000000100000000, 0x0000000100000000)
 Metaspace       used 24464K, capacity 24950K, committed 25084K, reserved 1071104K
  class space    used 2862K, capacity 3046K, committed 3068K, reserved 1048576K
2017-05-26T06:39:44.065+0200: 3,552: [GC (Allocation Failure) 2017-05-26T06:39:44.065+0200: 3,552: [ParNew
Desired survivor size 20112992 bytes, new threshold 8 (max 8)
- age   1:    1823016 bytes,    1823016 total
- age   2:    1779720 bytes,    3602736 total
- age   3:      73480 bytes,    3676216 total
- age   5:      94280 bytes,    3770496 total
- age   6:     187512 bytes,    3958008 total
- age   7:     745600 bytes,    4703608 total
- age   8:    6128960 bytes,   10832568 total
: 104181K->17824K(109248K), 0,0247524 secs] 104181K->17824K(502464K), 0,0248404 secs] [Times: user=0,10 sys=0,00, real=0,03 secs] 
Heap after GC invocations=8 (full 1):
 par new generation   total 109248K, used 17824K [0x00000000e0000000, 0x00000000e8000000, 0x00000000e8000000)
  eden space 87424K,   0% used [0x00000000e0000000, 0x00000000e0000000, 0x00000000e5560000)
  from space 21824K,  81% used [0x00000000e5560000, 0x00000000e66c81d0, 0x00000000e6ab0000)
  to   space 21824K,   0% used [0x00000000e6ab0000, 0x00000000e6ab0000, 0x00000000e8000000)
 concurrent mark-sweep generation total 393216K, used 0K [0x00000000e8000000, 0x0000000100000000, 0x0000000100000000)
 Metaspace       used 24464K, capacity 24950K, committed 25084K, reserved 1071104K
  class space    used 2862K, capacity 3046K, committed 3068K, reserved 1048576K
}
2017-05-26T06:39:44.090+0200: 3,577: Total time for which application threads were stopped: 0,0252116 seconds, Stopping threads took: 0,0001550 seconds
{Heap before GC invocations=8 (full 1):
 par new generation   total 109248K, used 105248K [0x00000000e0000000, 0x00000000e8000000, 0x00000000e8000000)
  eden space 87424K, 100% used [0x00000000e0000000, 0x00000000e5560000, 0x00000000e5560000)
  from space 21824K,  81% used [0x00000000e5560000, 0x00000000e66c81d0, 0x00000000e6ab0000)
  to   space 21824K,   0% used [0x00000000e6ab0000, 0x00000000e6ab0000, 0x00000000e8000000)
 concurrent mark-sweep generation total 393216K, used 0K [0x00000000e8000000, 0x0000000100000000, 0x0000000100000000)
 Metaspace       used 24832K, capacity 25264K, committed 25468K, reserved 1071104K
  class space    used 2899K, capacity 3083K, committed 3196K, reserved 1048576K
2017-05-26T06:39:44.196+0200: 3,683: [GC (Allocation Failure) 2017-05-26T06:39:44.196+0200: 3,683: [ParNew
Desired survivor size 20112992 bytes, new threshold 8 (max 8)
- age   1:    1060616 bytes,    1060616 total
- age   2:    1006392 bytes,    2067008 total
- age   3:    1756904 bytes,    3823912 total
- age   4:      73448 bytes,    3897360 total
- age   6:      94112 bytes,    3991472 total
- age   7:     184776 bytes,    4176248 total
- age   8:     744864 bytes,    4921112 total
: 105248K->8423K(109248K), 0,0559341 secs] 105248K->14491K(502464K), 0,0560064 secs] [Times: user=0,10 sys=0,00, real=0,06 secs] 
Heap after GC invocations=9 (full 1):
 par new generation   total 109248K, used 8423K [0x00000000e0000000, 0x00000000e8000000, 0x00000000e8000000)
  eden space 87424K,   0% used [0x00000000e0000000, 0x00000000e0000000, 0x00000000e5560000)
  from space 21824K,  38% used [0x00000000e6ab0000, 0x00000000e72e9c70, 0x00000000e8000000)
  to   space 21824K,   0% used [0x00000000e5560000, 0x00000000e5560000, 0x00000000e6ab0000)
 concurrent mark-sweep generation total 393216K, used 6068K [0x00000000e8000000, 0x0000000100000000, 0x0000000100000000)
 Metaspace       used 24832K, capacity 25264K, committed 25468K, reserved 1071104K
  class space    used 2899K, capacity 3083K, committed 3196K, reserved 1048576K
}
2017-05-26T06:39:44.252+0200: 3,740: Total time for which application threads were stopped: 0,0632804 seconds, Stopping threads took: 0,0070760 seconds
2017-05-26T06:39:44.516+0200: 4,004: Total time for which application threads were stopped: 0,0004481 seconds, Stopping threads took: 0,0000421 seconds
2017-05-26T06:39:44.533+0200: 4,021: Total time for which application threads were stopped: 0,0004276 seconds, Stopping threads took: 0,0000531 seconds
2017-05-26T06:39:44.568+0200: 4,055: Total time for which application threads were stopped: 0,0005343 seconds, Stopping threads took: 0,0001785 seconds
2017-05-26T06:39:44.598+0200: 4,086: Total time for which application threads were stopped: 0,0004972 seconds, Stopping threads took: 0,0000459 seconds
2017-05-26T06:39:44.606+0200: 4,093: Total time for which application threads were stopped: 0,0001650 seconds, Stopping threads took: 0,0000485 seconds
2017-05-26T06:39:44.607+0200: 4,095: Total time for which application threads were stopped: 0,0001511 seconds, Stopping threads took: 0,0000590 seconds
2017-05-26T06:39:44.607+0200: 4,095: Total time for which application threads were stopped: 0,0000961 seconds, Stopping threads took: 0,0000295 seconds
2017-05-26T06:39:44.611+0200: 4,098: Total time for which application threads were stopped: 0,0001455 seconds, Stopping threads took: 0,0000402 seconds
2017-05-26T06:39:44.611+0200: 4,099: Total time for which application threads were stopped: 0,0001137 seconds, Stopping threads took: 0,0000363 seconds
2017-05-26T06:39:44.621+0200: 4,109: Total time for which application threads were stopped: 0,0001244 seconds, Stopping threads took: 0,0000548 seconds
2017-05-26T06:39:44.626+0200: 4,114: Total time for which application threads were stopped: 0,0045660 seconds, Stopping threads took: 0,0045044 seconds
2017-05-26T06:39:44.632+0200: 4,119: Total time for which application threads were stopped: 0,0001035 seconds, Stopping threads took: 0,0000360 seconds
2017-05-26T06:39:44.632+0200: 4,120: Total time for which application threads were stopped: 0,0000845 seconds, Stopping threads took: 0,0000272 seconds
2017-05-26T06:39:44.633+0200: 4,120: Total time for which application threads were stopped: 0,0000805 seconds, Stopping threads took: 0,0000257 seconds
2017-05-26T06:39:44.633+0200: 4,121: Total time for which application threads were stopped: 0,0001018 seconds, Stopping threads took: 0,0000293 seconds
2017-05-26T06:39:44.635+0200: 4,122: Total time for which application threads were stopped: 0,0001214 seconds, Stopping threads took: 0,0000340 seconds
2017-05-26T06:39:44.636+0200: 4,124: Total time for which application threads were stopped: 0,0014598 seconds, Stopping threads took: 0,0013840 seconds
2017-05-26T06:39:44.636+0200: 4,124: Total time for which application threads were stopped: 0,0000568 seconds, Stopping threads took: 0,0000127 seconds
2017-05-26T06:39:44.636+0200: 4,124: Total time for which application threads were stopped: 0,0000502 seconds, Stopping threads took: 0,0000169 seconds
2017-05-26T06:39:44.637+0200: 4,124: Total time for which application threads were stopped: 0,0000631 seconds, Stopping threads took: 0,0000236 seconds
2017-05-26T06:39:44.637+0200: 4,124: Total time for which application threads were stopped: 0,0000743 seconds, Stopping threads took: 0,0000209 seconds
2017-05-26T06:39:44.637+0200: 4,125: Total time for which application threads were stopped: 0,0000573 seconds, Stopping threads took: 0,0000152 seconds
2017-05-26T06:39:44.637+0200: 4,125: Total time for which application threads were stopped: 0,0000620 seconds, Stopping threads took: 0,0000164 seconds
2017-05-26T06:39:44.637+0200: 4,125: Total time for which application threads were stopped: 0,0000537 seconds, Stopping threads took: 0,0000160 seconds
2017-05-26T06:39:44.637+0200: 4,125: Total time for which application threads were stopped: 0,0000516 seconds, Stopping threads took: 0,0000156 seconds
2017-05-26T06:39:44.638+0200: 4,125: Total time for which application threads were stopped: 0,0000434 seconds, Stopping threads took: 0,0000101 seconds
2017-05-26T06:39:44.638+0200: 4,125: Total time for which application threads were stopped: 0,0001079 seconds, Stopping threads took: 0,0000080 seconds
2017-05-26T06:39:44.638+0200: 4,126: Total time for which application threads were stopped: 0,0000781 seconds, Stopping threads took: 0,0000294 seconds
2017-05-26T06:39:44.638+0200: 4,126: Total time for which application threads were stopped: 0,0000405 seconds, Stopping threads took: 0,0000085 seconds
2017-05-26T06:39:44.638+0200: 4,126: Total time for which application threads were stopped: 0,0000335 seconds, Stopping threads took: 0,0000089 seconds
2017-05-26T06:39:44.638+0200: 4,126: Total time for which application threads were stopped: 0,0000660 seconds, Stopping threads took: 0,0000179 seconds
2017-05-26T06:39:44.638+0200: 4,126: Total time for which application threads were stopped: 0,0000396 seconds, Stopping threads took: 0,0000085 seconds
2017-05-26T06:39:44.638+0200: 4,126: Total time for which application threads were stopped: 0,0000489 seconds, Stopping threads took: 0,0000097 seconds
2017-05-26T06:39:44.638+0200: 4,126: Total time for which application threads were stopped: 0,0000393 seconds, Stopping threads took: 0,0000077 seconds
2017-05-26T06:39:44.639+0200: 4,126: Total time for which application threads were stopped: 0,0000333 seconds, Stopping threads took: 0,0000091 seconds
2017-05-26T06:39:44.639+0200: 4,126: Total time for which application threads were stopped: 0,0000366 seconds, Stopping threads took: 0,0000104 seconds
2017-05-26T06:39:44.639+0200: 4,126: Total time for which application threads were stopped: 0,0000470 seconds, Stopping threads took: 0,0000178 seconds
2017-05-26T06:39:44.639+0200: 4,126: Total time for which application threads were stopped: 0,0000548 seconds, Stopping threads took: 0,0000173 seconds
2017-05-26T06:39:44.639+0200: 4,127: Total time for which application threads were stopped: 0,0000400 seconds, Stopping threads took: 0,0000100 seconds
2017-05-26T06:39:44.639+0200: 4,127: Total time for which application threads were stopped: 0,0000387 seconds, Stopping threads took: 0,0000136 seconds
2017-05-26T06:39:44.639+0200: 4,127: Total time for which application threads were stopped: 0,0000422 seconds, Stopping threads took: 0,0000077 seconds
2017-05-26T06:39:44.639+0200: 4,127: Total time for which application threads were stopped: 0,0000389 seconds, Stopping threads took: 0,0000080 seconds
2017-05-26T06:39:44.639+0200: 4,127: Total time for which application threads were stopped: 0,0000649 seconds, Stopping threads took: 0,0000216 seconds
2017-05-26T06:39:44.639+0200: 4,127: Total time for which application threads were stopped: 0,0000625 seconds, Stopping threads took: 0,0000188 seconds
2017-05-26T06:39:44.640+0200: 4,127: Total time for which application threads were stopped: 0,0000721 seconds, Stopping threads took: 0,0000204 seconds
2017-05-26T06:39:44.640+0200: 4,127: Total time for which application threads were stopped: 0,0000521 seconds, Stopping threads took: 0,0000142 seconds
2017-05-26T06:39:44.640+0200: 4,127: Total time for which application threads were stopped: 0,0001335 seconds, Stopping threads took: 0,0000168 seconds
2017-05-26T06:39:44.645+0200: 4,132: Total time for which application threads were stopped: 0,0001484 seconds, Stopping threads took: 0,0000457 seconds
2017-05-26T06:39:44.648+0200: 4,135: Total time for which application threads were stopped: 0,0001704 seconds, Stopping threads took: 0,0000437 seconds
2017-05-26T06:39:44.652+0200: 4,140: Total time for which application threads were stopped: 0,0001407 seconds, Stopping threads took: 0,0000438 seconds
2017-05-26T06:39:44.663+0200: 4,151: Total time for which application threads were stopped: 0,0001292 seconds, Stopping threads took: 0,0000237 seconds
2017-05-26T06:39:44.707+0200: 4,195: Total time for which application threads were stopped: 0,0009246 seconds, Stopping threads took: 0,0007762 seconds
2017-05-26T06:39:44.723+0200: 4,210: Total time for which application threads were stopped: 0,0001357 seconds, Stopping threads took: 0,0000423 seconds
2017-05-26T06:39:44.724+0200: 4,211: Total time for which application threads were stopped: 0,0004365 seconds, Stopping threads took: 0,0000324 seconds
2017-05-26T06:39:44.724+0200: 4,212: Total time for which application threads were stopped: 0,0001192 seconds, Stopping threads took: 0,0000499 seconds
2017-05-26T06:39:44.730+0200: 4,218: Total time for which application threads were stopped: 0,0001375 seconds, Stopping threads took: 0,0000489 seconds
2017-05-26T06:39:44.731+0200: 4,219: Total time for which application threads were stopped: 0,0000689 seconds, Stopping threads took: 0,0000187 seconds
2017-05-26T06:39:45.731+0200: 5,219: Total time for which application threads were stopped: 0,0000663 seconds, Stopping threads took: 0,0000166 seconds
{Heap before GC invocations=9 (full 1):
 par new generation   total 109248K, used 95847K [0x00000000e0000000, 0x00000000e8000000, 0x00000000e8000000)
  eden space 87424K, 100% used [0x00000000e0000000, 0x00000000e5560000, 0x00000000e5560000)
  from space 21824K,  38% used [0x00000000e6ab0000, 0x00000000e72e9c70, 0x00000000e8000000)
  to   space 21824K,   0% used [0x00000000e5560000, 0x00000000e5560000, 0x00000000e6ab0000)
 concurrent mark-sweep generation total 393216K, used 6068K [0x00000000e8000000, 0x0000000100000000, 0x0000000100000000)
 Metaspace       used 28020K, capacity 28562K, committed 28796K, reserved 1075200K
  class space    used 3212K, capacity 3390K, committed 3452K, reserved 1048576K
2017-05-26T06:39:51.415+0200: 10,903: [GC (Allocation Failure) 2017-05-26T06:39:51.415+0200: 10,903: [ParNew
Desired survivor size 20112992 bytes, new threshold 8 (max 8)
- age   1:   10915648 bytes,   10915648 total
- age   2:     253368 bytes,   11169016 total
- age   3:     227512 bytes,   11396528 total
- age   4:    1751520 bytes,   13148048 total
- age   5:      73448 bytes,   13221496 total
- age   7:      93984 bytes,   13315480 total
- age   8:     184344 bytes,   13499824 total
: 95847K->14411K(109248K), 0,0153697 secs] 101915K->21291K(502464K), 0,0154392 secs] [Times: user=0,05 sys=0,00, real=0,02 secs] 
Heap after GC invocations=10 (full 1):
 par new generation   total 109248K, used 14411K [0x00000000e0000000, 0x00000000e8000000, 0x00000000e8000000)
  eden space 87424K,   0% used [0x00000000e0000000, 0x00000000e0000000, 0x00000000e5560000)
  from space 21824K,  66% used [0x00000000e5560000, 0x00000000e6372f40, 0x00000000e6ab0000)
  to   space 21824K,   0% used [0x00000000e6ab0000, 0x00000000e6ab0000, 0x00000000e8000000)
 concurrent mark-sweep generation total 393216K, used 6879K [0x00000000e8000000, 0x0000000100000000, 0x0000000100000000)
 Metaspace       used 28020K, capacity 28562K, committed 28796K, reserved 1075200K
  class space    used 3212K, capacity 3390K, committed 3452K, reserved 1048576K
}
2017-05-26T06:39:51.430+0200: 10,918: Total time for which application threads were stopped: 0,0155696 seconds, Stopping threads took: 0,0000181 seconds
2017-05-26T06:39:51.431+0200: 10,919: Total time for which application threads were stopped: 0,0000534 seconds, Stopping threads took: 0,0000152 seconds
2017-05-26T06:39:51.431+0200: 10,919: Total time for which application threads were stopped: 0,0000271 seconds, Stopping threads took: 0,0000113 seconds
2017-05-26T06:41:02.442+0200: 81,930: Total time for which application threads were stopped: 0,0001453 seconds, Stopping threads took: 0,0000399 seconds
2017-05-26T06:41:37.448+0200: 116,936: Total time for which application threads were stopped: 0,0001615 seconds, Stopping threads took: 0,0000659 seconds
2017-05-26T06:41:42.449+0200: 121,937: Total time for which application threads were stopped: 0,0000761 seconds, Stopping threads took: 0,0000205 seconds
2017-05-26T06:42:46.460+0200: 185,947: Total time for which application threads were stopped: 0,0001794 seconds, Stopping threads took: 0,0000679 seconds
2017-05-26T06:44:12.474+0200: 271,962: Total time for which application threads were stopped: 0,0000791 seconds, Stopping threads took: 0,0000333 seconds
2017-05-26T06:44:16.475+0200: 275,962: Total time for which application threads were stopped: 0,0000893 seconds, Stopping threads took: 0,0000347 seconds
2017-05-26T06:44:17.475+0200: 276,963: Total time for which application threads were stopped: 0,0001343 seconds, Stopping threads took: 0,0000321 seconds
2017-05-26T06:45:02.482+0200: 321,970: Total time for which application threads were stopped: 0,0000917 seconds, Stopping threads took: 0,0000373 seconds
2017-05-26T06:48:21.738+0200: 521,999: Total time for which application threads were stopped: 0,0000893 seconds, Stopping threads took: 0,0000304 seconds
2017-05-26T06:55:39.844+0200: 960,106: Total time for which application threads were stopped: 0,0001576 seconds, Stopping threads took: 0,0000544 seconds
2017-05-26T06:55:39.844+0200: 960,106: Total time for which application threads were stopped: 0,0000725 seconds, Stopping threads took: 0,0000124 seconds
2017-05-26T06:55:39.881+0200: 960,142: Total time for which application threads were stopped: 0,0005228 seconds, Stopping threads took: 0,0002821 seconds
2017-05-26T06:55:39.902+0200: 960,164: Total time for which application threads were stopped: 0,0001307 seconds, Stopping threads took: 0,0000418 seconds
2017-05-26T06:55:39.903+0200: 960,164: Total time for which application threads were stopped: 0,0000668 seconds, Stopping threads took: 0,0000205 seconds
2017-05-26T06:55:39.903+0200: 960,164: Total time for which application threads were stopped: 0,0000650 seconds, Stopping threads took: 0,0000206 seconds
2017-05-26T06:55:39.903+0200: 960,164: Total time for which application threads were stopped: 0,0000605 seconds, Stopping threads took: 0,0000189 seconds
2017-05-26T06:55:39.903+0200: 960,165: Total time for which application threads were stopped: 0,0000602 seconds, Stopping threads took: 0,0000186 seconds
2017-05-26T06:55:39.904+0200: 960,165: Total time for which application threads were stopped: 0,0000594 seconds, Stopping threads took: 0,0000120 seconds
2017-05-26T06:55:39.904+0200: 960,165: Total time for which application threads were stopped: 0,0000551 seconds, Stopping threads took: 0,0000160 seconds
2017-05-26T06:55:39.904+0200: 960,165: Total time for which application threads were stopped: 0,0000854 seconds, Stopping threads took: 0,0000126 seconds
2017-05-26T06:55:39.926+0200: 960,187: Total time for which application threads were stopped: 0,0134172 seconds, Stopping threads took: 0,0133305 seconds
2017-05-26T06:55:39.927+0200: 960,188: Total time for which application threads were stopped: 0,0001202 seconds, Stopping threads took: 0,0000392 seconds
2017-05-26T06:55:39.927+0200: 960,189: Total time for which application threads were stopped: 0,0000895 seconds, Stopping threads took: 0,0000255 seconds
2017-05-26T06:55:39.930+0200: 960,192: Total time for which application threads were stopped: 0,0025176 seconds, Stopping threads took: 0,0024394 seconds
2017-05-26T06:55:39.933+0200: 960,195: Total time for which application threads were stopped: 0,0000929 seconds, Stopping threads took: 0,0000187 seconds
2017-05-26T06:55:39.933+0200: 960,195: Total time for which application threads were stopped: 0,0000395 seconds, Stopping threads took: 0,0000056 seconds
2017-05-26T06:55:39.933+0200: 960,195: Total time for which application threads were stopped: 0,0000321 seconds, Stopping threads took: 0,0000051 seconds
2017-05-26T06:55:39.934+0200: 960,196: Total time for which application threads were stopped: 0,0000863 seconds, Stopping threads took: 0,0000293 seconds
2017-05-26T06:55:39.935+0200: 960,196: Total time for which application threads were stopped: 0,0000394 seconds, Stopping threads took: 0,0000054 seconds
2017-05-26T06:55:39.935+0200: 960,196: Total time for which application threads were stopped: 0,0000320 seconds, Stopping threads took: 0,0000044 seconds
2017-05-26T06:55:39.935+0200: 960,196: Total time for which application threads were stopped: 0,0000312 seconds, Stopping threads took: 0,0000044 seconds
2017-05-26T06:55:39.935+0200: 960,197: Total time for which application threads were stopped: 0,0000526 seconds, Stopping threads took: 0,0000164 seconds
2017-05-26T06:55:39.936+0200: 960,198: Total time for which application threads were stopped: 0,0001161 seconds, Stopping threads took: 0,0000315 seconds
2017-05-26T06:55:39.936+0200: 960,198: Total time for which application threads were stopped: 0,0000444 seconds, Stopping threads took: 0,0000074 seconds
2017-05-26T06:55:39.936+0200: 960,198: Total time for which application threads were stopped: 0,0000336 seconds, Stopping threads took: 0,0000049 seconds
2017-05-26T06:55:39.937+0200: 960,198: Total time for which application threads were stopped: 0,0000466 seconds, Stopping threads took: 0,0000141 seconds
2017-05-26T06:55:39.937+0200: 960,198: Total time for which application threads were stopped: 0,0000309 seconds, Stopping threads took: 0,0000046 seconds
2017-05-26T06:55:39.937+0200: 960,198: Total time for which application threads were stopped: 0,0000297 seconds, Stopping threads took: 0,0000044 seconds
2017-05-26T06:55:39.938+0200: 960,199: Total time for which application threads were stopped: 0,0002141 seconds, Stopping threads took: 0,0000287 seconds
2017-05-26T06:55:39.940+0200: 960,202: Total time for which application threads were stopped: 0,0000770 seconds, Stopping threads took: 0,0000218 seconds
2017-05-26T06:55:39.941+0200: 960,202: Total time for which application threads were stopped: 0,0000988 seconds, Stopping threads took: 0,0000184 seconds
Heap
 par new generation   total 109248K, used 39552K [0x00000000e0000000, 0x00000000e8000000, 0x00000000e8000000)
  eden space 87424K,  28% used [0x00000000e0000000, 0x00000000e188d360, 0x00000000e5560000)
  from space 21824K,  66% used [0x00000000e5560000, 0x00000000e6372f40, 0x00000000e6ab0000)
  to   space 21824K,   0% used [0x00000000e6ab0000, 0x00000000e6ab0000, 0x00000000e8000000)
 concurrent mark-sweep generation total 393216K, used 6879K [0x00000000e8000000, 0x0000000100000000, 0x0000000100000000)
 Metaspace       used 28144K, capacity 28730K, committed 29052K, reserved 1075200K
  class space    used 3226K, capacity 3424K, committed 3452K, reserved 1048576K
