OpenJDK 64-Bit Server VM (25.121-b13) for linux-amd64 JRE (1.8.0_121-8u121-b13-0ubuntu1.16.04.2-b13), built on Jan 23 2017 15:51:29 by "buildd" with gcc 5.4.0 20160609
Memory: 4k page, physical 7867764k(7412492k free), swap 8076284k(8076284k free)
CommandLine flags: -XX:CMSInitiatingOccupancyFraction=50 -XX:CMSMaxAbortablePrecleanTime=6000 -XX:+CMSParallelRemarkEnabled -XX:+CMSScavengeBeforeRemark -XX:ConcGCThreads=4 -XX:InitialHeapSize=536870912 -XX:MaxHeapSize=536870912 -XX:MaxTenuringThreshold=8 -XX:NewRatio=3 -XX:OldPLABSize=16 -XX:OnOutOfMemoryError=/opt/solr/bin/oom_solr.sh 8983 /var/solr/logs -XX:ParallelGCThreads=4 -XX:+ParallelRefProcEnabled -XX:PretenureSizeThreshold=67108864 -XX:+PrintGC -XX:+PrintGCApplicationStoppedTime -XX:+PrintGCDateStamps -XX:+PrintGCDetails -XX:+PrintGCTimeStamps -XX:+PrintHeapAtGC -XX:+PrintTenuringDistribution -XX:SurvivorRatio=4 -XX:TargetSurvivorRatio=90 -XX:ThreadStackSize=256 -XX:+UseCMSInitiatingOccupancyOnly -XX:+UseCompressedClassPointers -XX:+UseCompressedOops -XX:+UseConcMarkSweepGC -XX:+UseParNewGC 
2017-05-03T16:06:39.280+0200: 0,183: Total time for which application threads were stopped: 0,0000641 seconds, Stopping threads took: 0,0000089 seconds
2017-05-03T16:06:39.382+0200: 0,285: Total time for which application threads were stopped: 0,0001324 seconds, Stopping threads took: 0,0000215 seconds
2017-05-03T16:06:39.410+0200: 0,313: Total time for which application threads were stopped: 0,0001041 seconds, Stopping threads took: 0,0000210 seconds
2017-05-03T16:06:39.890+0200: 0,792: Total time for which application threads were stopped: 0,0001369 seconds, Stopping threads took: 0,0000127 seconds
2017-05-03T16:06:40.297+0200: 1,200: Total time for which application threads were stopped: 0,0005250 seconds, Stopping threads took: 0,0000539 seconds
2017-05-03T16:06:40.365+0200: 1,267: Total time for which application threads were stopped: 0,0001434 seconds, Stopping threads took: 0,0000125 seconds
2017-05-03T16:06:40.383+0200: 1,286: Total time for which application threads were stopped: 0,0001758 seconds, Stopping threads took: 0,0000205 seconds
2017-05-03T16:06:40.687+0200: 1,590: Total time for which application threads were stopped: 0,0001732 seconds, Stopping threads took: 0,0000132 seconds
2017-05-03T16:06:40.948+0200: 1,851: Total time for which application threads were stopped: 0,0002236 seconds, Stopping threads took: 0,0000241 seconds
2017-05-03T16:06:40.965+0200: 1,868: Total time for which application threads were stopped: 0,0001634 seconds, Stopping threads took: 0,0000121 seconds
2017-05-03T16:06:40.993+0200: 1,896: Total time for which application threads were stopped: 0,0002129 seconds, Stopping threads took: 0,0000246 seconds
2017-05-03T16:06:40.995+0200: 1,897: Total time for which application threads were stopped: 0,0001717 seconds, Stopping threads took: 0,0000145 seconds
2017-05-03T16:06:41.008+0200: 1,911: Total time for which application threads were stopped: 0,0001770 seconds, Stopping threads took: 0,0000156 seconds
2017-05-03T16:06:41.087+0200: 1,990: Total time for which application threads were stopped: 0,0002382 seconds, Stopping threads took: 0,0000201 seconds
2017-05-03T16:06:41.262+0200: 2,165: Total time for which application threads were stopped: 0,0005598 seconds, Stopping threads took: 0,0002868 seconds
{Heap before GC invocations=0 (full 0):
 par new generation   total 109248K, used 87424K [0x00000000e0000000, 0x00000000e8000000, 0x00000000e8000000)
  eden space 87424K, 100% used [0x00000000e0000000, 0x00000000e5560000, 0x00000000e5560000)
  from space 21824K,   0% used [0x00000000e5560000, 0x00000000e5560000, 0x00000000e6ab0000)
  to   space 21824K,   0% used [0x00000000e6ab0000, 0x00000000e6ab0000, 0x00000000e8000000)
 concurrent mark-sweep generation total 393216K, used 0K [0x00000000e8000000, 0x0000000100000000, 0x0000000100000000)
 Metaspace       used 17842K, capacity 18176K, committed 18304K, reserved 1064960K
  class space    used 2024K, capacity 2164K, committed 2176K, reserved 1048576K
2017-05-03T16:06:41.304+0200: 2,207: [GC (Allocation Failure) 2017-05-03T16:06:41.305+0200: 2,207: [ParNew
Desired survivor size 20112992 bytes, new threshold 8 (max 8)
- age   1:   11692368 bytes,   11692368 total
: 87424K->11525K(109248K), 0,0143426 secs] 87424K->11525K(502464K), 0,0144135 secs] [Times: user=0,01 sys=0,04, real=0,02 secs] 
Heap after GC invocations=1 (full 0):
 par new generation   total 109248K, used 11525K [0x00000000e0000000, 0x00000000e8000000, 0x00000000e8000000)
  eden space 87424K,   0% used [0x00000000e0000000, 0x00000000e0000000, 0x00000000e5560000)
  from space 21824K,  52% used [0x00000000e6ab0000, 0x00000000e75f1460, 0x00000000e8000000)
  to   space 21824K,   0% used [0x00000000e5560000, 0x00000000e5560000, 0x00000000e6ab0000)
 concurrent mark-sweep generation total 393216K, used 0K [0x00000000e8000000, 0x0000000100000000, 0x0000000100000000)
 Metaspace       used 17842K, capacity 18176K, committed 18304K, reserved 1064960K
  class space    used 2024K, capacity 2164K, committed 2176K, reserved 1048576K
}
2017-05-03T16:06:41.319+0200: 2,222: Total time for which application threads were stopped: 0,0171091 seconds, Stopping threads took: 0,0025461 seconds
2017-05-03T16:06:41.658+0200: 2,561: Total time for which application threads were stopped: 0,0003375 seconds, Stopping threads took: 0,0000414 seconds
{Heap before GC invocations=1 (full 0):
 par new generation   total 109248K, used 98949K [0x00000000e0000000, 0x00000000e8000000, 0x00000000e8000000)
  eden space 87424K, 100% used [0x00000000e0000000, 0x00000000e5560000, 0x00000000e5560000)
  from space 21824K,  52% used [0x00000000e6ab0000, 0x00000000e75f1460, 0x00000000e8000000)
  to   space 21824K,   0% used [0x00000000e5560000, 0x00000000e5560000, 0x00000000e6ab0000)
 concurrent mark-sweep generation total 393216K, used 0K [0x00000000e8000000, 0x0000000100000000, 0x0000000100000000)
 Metaspace       used 20039K, capacity 20374K, committed 20736K, reserved 1067008K
  class space    used 2295K, capacity 2473K, committed 2560K, reserved 1048576K
2017-05-03T16:06:41.705+0200: 2,608: [GC (Allocation Failure) 2017-05-03T16:06:41.705+0200: 2,608: [ParNew
Desired survivor size 20112992 bytes, new threshold 8 (max 8)
- age   1:    4182016 bytes,    4182016 total
- age   2:    6257784 bytes,   10439800 total
: 98949K->14746K(109248K), 0,0235584 secs] 98949K->14746K(502464K), 0,0236312 secs] [Times: user=0,07 sys=0,00, real=0,03 secs] 
Heap after GC invocations=2 (full 0):
 par new generation   total 109248K, used 14746K [0x00000000e0000000, 0x00000000e8000000, 0x00000000e8000000)
  eden space 87424K,   0% used [0x00000000e0000000, 0x00000000e0000000, 0x00000000e5560000)
  from space 21824K,  67% used [0x00000000e5560000, 0x00000000e63c6a00, 0x00000000e6ab0000)
  to   space 21824K,   0% used [0x00000000e6ab0000, 0x00000000e6ab0000, 0x00000000e8000000)
 concurrent mark-sweep generation total 393216K, used 0K [0x00000000e8000000, 0x0000000100000000, 0x0000000100000000)
 Metaspace       used 20039K, capacity 20374K, committed 20736K, reserved 1067008K
  class space    used 2295K, capacity 2473K, committed 2560K, reserved 1048576K
}
2017-05-03T16:06:41.728+0200: 2,631: Total time for which application threads were stopped: 0,0238947 seconds, Stopping threads took: 0,0000834 seconds
2017-05-03T16:06:41.738+0200: 2,641: Total time for which application threads were stopped: 0,0033292 seconds, Stopping threads took: 0,0030578 seconds
2017-05-03T16:06:41.764+0200: 2,666: Total time for which application threads were stopped: 0,0003377 seconds, Stopping threads took: 0,0000586 seconds
2017-05-03T16:06:41.914+0200: 2,817: Total time for which application threads were stopped: 0,0002322 seconds, Stopping threads took: 0,0000688 seconds
{Heap before GC invocations=2 (full 0):
 par new generation   total 109248K, used 102170K [0x00000000e0000000, 0x00000000e8000000, 0x00000000e8000000)
  eden space 87424K, 100% used [0x00000000e0000000, 0x00000000e5560000, 0x00000000e5560000)
  from space 21824K,  67% used [0x00000000e5560000, 0x00000000e63c6a00, 0x00000000e6ab0000)
  to   space 21824K,   0% used [0x00000000e6ab0000, 0x00000000e6ab0000, 0x00000000e8000000)
 concurrent mark-sweep generation total 393216K, used 0K [0x00000000e8000000, 0x0000000100000000, 0x0000000100000000)
 Metaspace       used 20970K, capacity 21296K, committed 21628K, reserved 1069056K
  class space    used 2418K, capacity 2592K, committed 2684K, reserved 1048576K
2017-05-03T16:06:41.943+0200: 2,846: [GC (Allocation Failure) 2017-05-03T16:06:41.944+0200: 2,846: [ParNew
Desired survivor size 20112992 bytes, new threshold 8 (max 8)
- age   1:    2024664 bytes,    2024664 total
- age   2:    1226016 bytes,    3250680 total
- age   3:    6256272 bytes,    9506952 total
: 102170K->12749K(109248K), 0,0101778 secs] 102170K->12749K(502464K), 0,0102596 secs] [Times: user=0,03 sys=0,00, real=0,02 secs] 
Heap after GC invocations=3 (full 0):
 par new generation   total 109248K, used 12749K [0x00000000e0000000, 0x00000000e8000000, 0x00000000e8000000)
  eden space 87424K,   0% used [0x00000000e0000000, 0x00000000e0000000, 0x00000000e5560000)
  from space 21824K,  58% used [0x00000000e6ab0000, 0x00000000e7723638, 0x00000000e8000000)
  to   space 21824K,   0% used [0x00000000e5560000, 0x00000000e5560000, 0x00000000e6ab0000)
 concurrent mark-sweep generation total 393216K, used 0K [0x00000000e8000000, 0x0000000100000000, 0x0000000100000000)
 Metaspace       used 20970K, capacity 21296K, committed 21628K, reserved 1069056K
  class space    used 2418K, capacity 2592K, committed 2684K, reserved 1048576K
}
2017-05-03T16:06:41.954+0200: 2,857: Total time for which application threads were stopped: 0,0106097 seconds, Stopping threads took: 0,0001938 seconds
2017-05-03T16:06:41.954+0200: 2,857: [GC (CMS Initial Mark) [1 CMS-initial-mark: 0K(393216K)] 14158K(502464K), 0,0049715 secs] [Times: user=0,02 sys=0,00, real=0,00 secs] 
2017-05-03T16:06:41.959+0200: 2,862: Total time for which application threads were stopped: 0,0050991 seconds, Stopping threads took: 0,0000347 seconds
2017-05-03T16:06:41.959+0200: 2,862: [CMS-concurrent-mark-start]
2017-05-03T16:06:41.960+0200: 2,863: [CMS-concurrent-mark: 0,001/0,001 secs] [Times: user=0,00 sys=0,00, real=0,00 secs] 
2017-05-03T16:06:41.960+0200: 2,863: [CMS-concurrent-preclean-start]
2017-05-03T16:06:41.961+0200: 2,864: [CMS-concurrent-preclean: 0,001/0,001 secs] [Times: user=0,01 sys=0,00, real=0,00 secs] 
2017-05-03T16:06:41.961+0200: 2,864: [CMS-concurrent-abortable-preclean-start]
2017-05-03T16:06:42.034+0200: 2,936: Total time for which application threads were stopped: 0,0001163 seconds, Stopping threads took: 0,0000344 seconds
{Heap before GC invocations=3 (full 1):
 par new generation   total 109248K, used 100173K [0x00000000e0000000, 0x00000000e8000000, 0x00000000e8000000)
  eden space 87424K, 100% used [0x00000000e0000000, 0x00000000e5560000, 0x00000000e5560000)
  from space 21824K,  58% used [0x00000000e6ab0000, 0x00000000e7723638, 0x00000000e8000000)
  to   space 21824K,   0% used [0x00000000e5560000, 0x00000000e5560000, 0x00000000e6ab0000)
 concurrent mark-sweep generation total 393216K, used 0K [0x00000000e8000000, 0x0000000100000000, 0x0000000100000000)
 Metaspace       used 21228K, capacity 21578K, committed 21884K, reserved 1069056K
  class space    used 2447K, capacity 2608K, committed 2684K, reserved 1048576K
2017-05-03T16:06:42.065+0200: 2,968: [GC (Allocation Failure) 2017-05-03T16:06:42.065+0200: 2,968: [ParNew
Desired survivor size 20112992 bytes, new threshold 8 (max 8)
- age   1:     562232 bytes,     562232 total
- age   2:    1478304 bytes,    2040536 total
- age   3:    1195064 bytes,    3235600 total
- age   4:    6256000 bytes,    9491600 total
: 100173K->12245K(109248K), 0,0127404 secs] 100173K->12245K(502464K), 0,0128032 secs] [Times: user=0,04 sys=0,00, real=0,02 secs] 
Heap after GC invocations=4 (full 1):
 par new generation   total 109248K, used 12245K [0x00000000e0000000, 0x00000000e8000000, 0x00000000e8000000)
  eden space 87424K,   0% used [0x00000000e0000000, 0x00000000e0000000, 0x00000000e5560000)
  from space 21824K,  56% used [0x00000000e5560000, 0x00000000e6155400, 0x00000000e6ab0000)
  to   space 21824K,   0% used [0x00000000e6ab0000, 0x00000000e6ab0000, 0x00000000e8000000)
 concurrent mark-sweep generation total 393216K, used 0K [0x00000000e8000000, 0x0000000100000000, 0x0000000100000000)
 Metaspace       used 21228K, capacity 21578K, committed 21884K, reserved 1069056K
  class space    used 2447K, capacity 2608K, committed 2684K, reserved 1048576K
}
2017-05-03T16:06:42.078+0200: 2,980: Total time for which application threads were stopped: 0,0129933 seconds, Stopping threads took: 0,0000520 seconds
2017-05-03T16:06:42.078+0200: 2,981: [CMS-concurrent-abortable-preclean: 0,074/0,117 secs] [Times: user=0,44 sys=0,00, real=0,12 secs] 
2017-05-03T16:06:42.085+0200: 2,988: [GC (CMS Final Remark) [YG occupancy: 14253 K (109248 K)]{Heap before GC invocations=4 (full 1):
 par new generation   total 109248K, used 14253K [0x00000000e0000000, 0x00000000e8000000, 0x00000000e8000000)
  eden space 87424K,   2% used [0x00000000e0000000, 0x00000000e01f63c8, 0x00000000e5560000)
  from space 21824K,  56% used [0x00000000e5560000, 0x00000000e6155400, 0x00000000e6ab0000)
  to   space 21824K,   0% used [0x00000000e6ab0000, 0x00000000e6ab0000, 0x00000000e8000000)
 concurrent mark-sweep generation total 393216K, used 0K [0x00000000e8000000, 0x0000000100000000, 0x0000000100000000)
 Metaspace       used 21229K, capacity 21578K, committed 21884K, reserved 1069056K
  class space    used 2447K, capacity 2608K, committed 2684K, reserved 1048576K
2017-05-03T16:06:42.085+0200: 2,988: [GC (CMS Final Remark) 2017-05-03T16:06:42.085+0200: 2,988: [ParNew
Desired survivor size 20112992 bytes, new threshold 8 (max 8)
- age   1:     304584 bytes,     304584 total
- age   2:     286280 bytes,     590864 total
- age   3:    1478256 bytes,    2069120 total
- age   4:    1195064 bytes,    3264184 total
- age   5:    6255896 bytes,    9520080 total
: 14253K->10575K(109248K), 0,0108401 secs] 14253K->10575K(502464K), 0,0108860 secs] [Times: user=0,04 sys=0,00, real=0,02 secs] 
Heap after GC invocations=5 (full 1):
 par new generation   total 109248K, used 10575K [0x00000000e0000000, 0x00000000e8000000, 0x00000000e8000000)
  eden space 87424K,   0% used [0x00000000e0000000, 0x00000000e0000000, 0x00000000e5560000)
  from space 21824K,  48% used [0x00000000e6ab0000, 0x00000000e7503f60, 0x00000000e8000000)
  to   space 21824K,   0% used [0x00000000e5560000, 0x00000000e5560000, 0x00000000e6ab0000)
 concurrent mark-sweep generation total 393216K, used 0K [0x00000000e8000000, 0x0000000100000000, 0x0000000100000000)
 Metaspace       used 21229K, capacity 21578K, committed 21884K, reserved 1069056K
  class space    used 2447K, capacity 2608K, committed 2684K, reserved 1048576K
}
2017-05-03T16:06:42.096+0200: 2,999: [Rescan (parallel) , 0,0032095 secs]2017-05-03T16:06:42.099+0200: 3,002: [weak refs processing, 0,0012820 secs]2017-05-03T16:06:42.101+0200: 3,003: [class unloading, 0,0028355 secs]2017-05-03T16:06:42.104+0200: 3,006: [scrub symbol table, 0,0029529 secs]2017-05-03T16:06:42.106+0200: 3,009: [scrub string table, 0,0003576 secs][1 CMS-remark: 0K(393216K)] 10575K(502464K), 0,0221714 secs] [Times: user=0,06 sys=0,00, real=0,03 secs] 
2017-05-03T16:06:42.107+0200: 3,010: Total time for which application threads were stopped: 0,0255030 seconds, Stopping threads took: 0,0032429 seconds
2017-05-03T16:06:42.107+0200: 3,010: [CMS-concurrent-sweep-start]
2017-05-03T16:06:42.107+0200: 3,010: [CMS-concurrent-sweep: 0,000/0,000 secs] [Times: user=0,00 sys=0,00, real=0,00 secs] 
2017-05-03T16:06:42.107+0200: 3,010: [CMS-concurrent-reset-start]
2017-05-03T16:06:42.110+0200: 3,012: [CMS-concurrent-reset: 0,002/0,002 secs] [Times: user=0,01 sys=0,00, real=0,00 secs] 
{Heap before GC invocations=5 (full 1):
 par new generation   total 109248K, used 97987K [0x00000000e0000000, 0x00000000e8000000, 0x00000000e8000000)
  eden space 87424K,  99% used [0x00000000e0000000, 0x00000000e555cd10, 0x00000000e5560000)
  from space 21824K,  48% used [0x00000000e6ab0000, 0x00000000e7503f60, 0x00000000e8000000)
  to   space 21824K,   0% used [0x00000000e5560000, 0x00000000e5560000, 0x00000000e6ab0000)
 concurrent mark-sweep generation total 393216K, used 0K [0x00000000e8000000, 0x0000000100000000, 0x0000000100000000)
 Metaspace       used 21357K, capacity 21744K, committed 21884K, reserved 1069056K
  class space    used 2467K, capacity 2641K, committed 2684K, reserved 1048576K
2017-05-03T16:06:42.191+0200: 3,094: [GC (Allocation Failure) 2017-05-03T16:06:42.191+0200: 3,094: [ParNew
Desired survivor size 20112992 bytes, new threshold 8 (max 8)
- age   1:    1254104 bytes,    1254104 total
- age   3:     177768 bytes,    1431872 total
- age   4:    1477960 bytes,    2909832 total
- age   5:    1189208 bytes,    4099040 total
- age   6:    6256048 bytes,   10355088 total
: 97987K->14258K(109248K), 0,0096875 secs] 97987K->14258K(502464K), 0,0097774 secs] [Times: user=0,04 sys=0,00, real=0,01 secs] 
Heap after GC invocations=6 (full 1):
 par new generation   total 109248K, used 14258K [0x00000000e0000000, 0x00000000e8000000, 0x00000000e8000000)
  eden space 87424K,   0% used [0x00000000e0000000, 0x00000000e0000000, 0x00000000e5560000)
  from space 21824K,  65% used [0x00000000e5560000, 0x00000000e634cab0, 0x00000000e6ab0000)
  to   space 21824K,   0% used [0x00000000e6ab0000, 0x00000000e6ab0000, 0x00000000e8000000)
 concurrent mark-sweep generation total 393216K, used 0K [0x00000000e8000000, 0x0000000100000000, 0x0000000100000000)
 Metaspace       used 21357K, capacity 21744K, committed 21884K, reserved 1069056K
  class space    used 2467K, capacity 2641K, committed 2684K, reserved 1048576K
}
2017-05-03T16:06:42.201+0200: 3,104: Total time for which application threads were stopped: 0,0100372 seconds, Stopping threads took: 0,0000961 seconds
2017-05-03T16:06:42.243+0200: 3,146: Total time for which application threads were stopped: 0,0004164 seconds, Stopping threads took: 0,0000428 seconds
2017-05-03T16:06:42.481+0200: 3,384: Total time for which application threads were stopped: 0,0005162 seconds, Stopping threads took: 0,0000688 seconds
2017-05-03T16:06:42.501+0200: 3,403: Total time for which application threads were stopped: 0,0025861 seconds, Stopping threads took: 0,0021789 seconds
{Heap before GC invocations=6 (full 1):
 par new generation   total 109248K, used 101682K [0x00000000e0000000, 0x00000000e8000000, 0x00000000e8000000)
  eden space 87424K, 100% used [0x00000000e0000000, 0x00000000e5560000, 0x00000000e5560000)
  from space 21824K,  65% used [0x00000000e5560000, 0x00000000e634cab0, 0x00000000e6ab0000)
  to   space 21824K,   0% used [0x00000000e6ab0000, 0x00000000e6ab0000, 0x00000000e8000000)
 concurrent mark-sweep generation total 393216K, used 0K [0x00000000e8000000, 0x0000000100000000, 0x0000000100000000)
 Metaspace       used 23941K, capacity 24406K, committed 24572K, reserved 1071104K
  class space    used 2823K, capacity 3016K, committed 3068K, reserved 1048576K
2017-05-03T16:06:42.677+0200: 3,580: [GC (Allocation Failure) 2017-05-03T16:06:42.677+0200: 3,580: [ParNew
Desired survivor size 20112992 bytes, new threshold 8 (max 8)
- age   1:    5122568 bytes,    5122568 total
- age   2:     116504 bytes,    5239072 total
- age   4:     176272 bytes,    5415344 total
- age   5:     308176 bytes,    5723520 total
- age   6:    1164880 bytes,    6888400 total
- age   7:    6247944 bytes,   13136344 total
: 101682K->17486K(109248K), 0,0125923 secs] 101682K->17486K(502464K), 0,0126572 secs] [Times: user=0,04 sys=0,00, real=0,01 secs] 
Heap after GC invocations=7 (full 1):
 par new generation   total 109248K, used 17486K [0x00000000e0000000, 0x00000000e8000000, 0x00000000e8000000)
  eden space 87424K,   0% used [0x00000000e0000000, 0x00000000e0000000, 0x00000000e5560000)
  from space 21824K,  80% used [0x00000000e6ab0000, 0x00000000e7bc3ba0, 0x00000000e8000000)
  to   space 21824K,   0% used [0x00000000e5560000, 0x00000000e5560000, 0x00000000e6ab0000)
 concurrent mark-sweep generation total 393216K, used 0K [0x00000000e8000000, 0x0000000100000000, 0x0000000100000000)
 Metaspace       used 23941K, capacity 24406K, committed 24572K, reserved 1071104K
  class space    used 2823K, capacity 3016K, committed 3068K, reserved 1048576K
}
2017-05-03T16:06:42.689+0200: 3,592: Total time for which application threads were stopped: 0,0129624 seconds, Stopping threads took: 0,0000679 seconds
{Heap before GC invocations=7 (full 1):
 par new generation   total 109248K, used 104910K [0x00000000e0000000, 0x00000000e8000000, 0x00000000e8000000)
  eden space 87424K, 100% used [0x00000000e0000000, 0x00000000e5560000, 0x00000000e5560000)
  from space 21824K,  80% used [0x00000000e6ab0000, 0x00000000e7bc3ba0, 0x00000000e8000000)
  to   space 21824K,   0% used [0x00000000e5560000, 0x00000000e5560000, 0x00000000e6ab0000)
 concurrent mark-sweep generation total 393216K, used 0K [0x00000000e8000000, 0x0000000100000000, 0x0000000100000000)
 Metaspace       used 24433K, capacity 24892K, committed 25084K, reserved 1071104K
  class space    used 2861K, capacity 3049K, committed 3068K, reserved 1048576K
2017-05-03T16:06:42.801+0200: 3,704: [GC (Allocation Failure) 2017-05-03T16:06:42.801+0200: 3,704: [ParNew
Desired survivor size 20112992 bytes, new threshold 8 (max 8)
- age   1:    2147008 bytes,    2147008 total
- age   2:    1795576 bytes,    3942584 total
- age   3:      56312 bytes,    3998896 total
- age   5:      98784 bytes,    4097680 total
- age   6:     188872 bytes,    4286552 total
- age   7:     951936 bytes,    5238488 total
- age   8:    5908792 bytes,   11147280 total
: 104910K->14102K(109248K), 0,0223432 secs] 104910K->14102K(502464K), 0,0224297 secs] [Times: user=0,05 sys=0,00, real=0,02 secs] 
Heap after GC invocations=8 (full 1):
 par new generation   total 109248K, used 14102K [0x00000000e0000000, 0x00000000e8000000, 0x00000000e8000000)
  eden space 87424K,   0% used [0x00000000e0000000, 0x00000000e0000000, 0x00000000e5560000)
  from space 21824K,  64% used [0x00000000e5560000, 0x00000000e6325a50, 0x00000000e6ab0000)
  to   space 21824K,   0% used [0x00000000e6ab0000, 0x00000000e6ab0000, 0x00000000e8000000)
 concurrent mark-sweep generation total 393216K, used 0K [0x00000000e8000000, 0x0000000100000000, 0x0000000100000000)
 Metaspace       used 24433K, capacity 24892K, committed 25084K, reserved 1071104K
  class space    used 2861K, capacity 3049K, committed 3068K, reserved 1048576K
}
2017-05-03T16:06:42.823+0200: 3,726: Total time for which application threads were stopped: 0,0227469 seconds, Stopping threads took: 0,0000810 seconds
{Heap before GC invocations=8 (full 1):
 par new generation   total 109248K, used 101526K [0x00000000e0000000, 0x00000000e8000000, 0x00000000e8000000)
  eden space 87424K, 100% used [0x00000000e0000000, 0x00000000e5560000, 0x00000000e5560000)
  from space 21824K,  64% used [0x00000000e5560000, 0x00000000e6325a50, 0x00000000e6ab0000)
  to   space 21824K,   0% used [0x00000000e6ab0000, 0x00000000e6ab0000, 0x00000000e8000000)
 concurrent mark-sweep generation total 393216K, used 0K [0x00000000e8000000, 0x0000000100000000, 0x0000000100000000)
 Metaspace       used 24563K, capacity 25046K, committed 25084K, reserved 1071104K
  class space    used 2874K, capacity 3054K, committed 3068K, reserved 1048576K
2017-05-03T16:06:42.908+0200: 3,811: [GC (Allocation Failure) 2017-05-03T16:06:42.908+0200: 3,811: [ParNew
Desired survivor size 20112992 bytes, new threshold 8 (max 8)
- age   1:     762424 bytes,     762424 total
- age   2:     994736 bytes,    1757160 total
- age   3:    1773280 bytes,    3530440 total
- age   4:      56312 bytes,    3586752 total
- age   6:      98584 bytes,    3685336 total
- age   7:     186104 bytes,    3871440 total
- age   8:     951168 bytes,    4822608 total
: 101526K->8473K(109248K), 0,0304938 secs] 101526K->14326K(502464K), 0,0305827 secs] [Times: user=0,10 sys=0,00, real=0,03 secs] 
Heap after GC invocations=9 (full 1):
 par new generation   total 109248K, used 8473K [0x00000000e0000000, 0x00000000e8000000, 0x00000000e8000000)
  eden space 87424K,   0% used [0x00000000e0000000, 0x00000000e0000000, 0x00000000e5560000)
  from space 21824K,  38% used [0x00000000e6ab0000, 0x00000000e72f6750, 0x00000000e8000000)
  to   space 21824K,   0% used [0x00000000e5560000, 0x00000000e5560000, 0x00000000e6ab0000)
 concurrent mark-sweep generation total 393216K, used 5852K [0x00000000e8000000, 0x0000000100000000, 0x0000000100000000)
 Metaspace       used 24563K, capacity 25046K, committed 25084K, reserved 1071104K
  class space    used 2874K, capacity 3054K, committed 3068K, reserved 1048576K
}
2017-05-03T16:06:42.939+0200: 3,842: Total time for which application threads were stopped: 0,0308479 seconds, Stopping threads took: 0,0000802 seconds
2017-05-03T16:06:43.159+0200: 4,061: Total time for which application threads were stopped: 0,0003472 seconds, Stopping threads took: 0,0000537 seconds
2017-05-03T16:06:43.159+0200: 4,062: Total time for which application threads were stopped: 0,0001163 seconds, Stopping threads took: 0,0000405 seconds
2017-05-03T16:06:43.167+0200: 4,070: Total time for which application threads were stopped: 0,0001257 seconds, Stopping threads took: 0,0000389 seconds
2017-05-03T16:06:43.168+0200: 4,070: Total time for which application threads were stopped: 0,0001157 seconds, Stopping threads took: 0,0000627 seconds
2017-05-03T16:06:43.168+0200: 4,071: Total time for which application threads were stopped: 0,0000906 seconds, Stopping threads took: 0,0000182 seconds
2017-05-03T16:06:43.170+0200: 4,073: Total time for which application threads were stopped: 0,0001268 seconds, Stopping threads took: 0,0000230 seconds
2017-05-03T16:06:43.171+0200: 4,074: Total time for which application threads were stopped: 0,0001257 seconds, Stopping threads took: 0,0000339 seconds
2017-05-03T16:06:43.172+0200: 4,074: Total time for which application threads were stopped: 0,0001145 seconds, Stopping threads took: 0,0000296 seconds
2017-05-03T16:06:43.173+0200: 4,075: Total time for which application threads were stopped: 0,0001503 seconds, Stopping threads took: 0,0000601 seconds
2017-05-03T16:06:43.173+0200: 4,076: Total time for which application threads were stopped: 0,0000965 seconds, Stopping threads took: 0,0000153 seconds
2017-05-03T16:06:43.182+0200: 4,085: Total time for which application threads were stopped: 0,0002908 seconds, Stopping threads took: 0,0001812 seconds
2017-05-03T16:06:43.183+0200: 4,086: Total time for which application threads were stopped: 0,0001102 seconds, Stopping threads took: 0,0000257 seconds
2017-05-03T16:06:43.184+0200: 4,087: Total time for which application threads were stopped: 0,0002251 seconds, Stopping threads took: 0,0001302 seconds
2017-05-03T16:06:43.186+0200: 4,089: Total time for which application threads were stopped: 0,0002222 seconds, Stopping threads took: 0,0001477 seconds
2017-05-03T16:06:43.191+0200: 4,093: Total time for which application threads were stopped: 0,0001548 seconds, Stopping threads took: 0,0000657 seconds
2017-05-03T16:06:43.195+0200: 4,098: Total time for which application threads were stopped: 0,0001546 seconds, Stopping threads took: 0,0000642 seconds
2017-05-03T16:06:43.195+0200: 4,098: Total time for which application threads were stopped: 0,0001210 seconds, Stopping threads took: 0,0000502 seconds
2017-05-03T16:06:43.196+0200: 4,099: Total time for which application threads were stopped: 0,0001075 seconds, Stopping threads took: 0,0000509 seconds
2017-05-03T16:06:43.196+0200: 4,099: Total time for which application threads were stopped: 0,0000957 seconds, Stopping threads took: 0,0000271 seconds
2017-05-03T16:06:43.197+0200: 4,099: Total time for which application threads were stopped: 0,0000991 seconds, Stopping threads took: 0,0000235 seconds
2017-05-03T16:06:43.197+0200: 4,100: Total time for which application threads were stopped: 0,0000952 seconds, Stopping threads took: 0,0000242 seconds
2017-05-03T16:06:43.197+0200: 4,100: Total time for which application threads were stopped: 0,0000804 seconds, Stopping threads took: 0,0000185 seconds
2017-05-03T16:06:43.198+0200: 4,101: Total time for which application threads were stopped: 0,0001854 seconds, Stopping threads took: 0,0000262 seconds
2017-05-03T16:06:43.200+0200: 4,102: Total time for which application threads were stopped: 0,0001340 seconds, Stopping threads took: 0,0000401 seconds
2017-05-03T16:06:43.202+0200: 4,105: Total time for which application threads were stopped: 0,0001874 seconds, Stopping threads took: 0,0000509 seconds
2017-05-03T16:06:43.204+0200: 4,107: Total time for which application threads were stopped: 0,0001148 seconds, Stopping threads took: 0,0000342 seconds
2017-05-03T16:06:43.205+0200: 4,108: Total time for which application threads were stopped: 0,0001376 seconds, Stopping threads took: 0,0000392 seconds
2017-05-03T16:06:43.206+0200: 4,108: Total time for which application threads were stopped: 0,0001252 seconds, Stopping threads took: 0,0000318 seconds
2017-05-03T16:06:43.206+0200: 4,109: Total time for which application threads were stopped: 0,0001309 seconds, Stopping threads took: 0,0000406 seconds
2017-05-03T16:06:43.210+0200: 4,112: Total time for which application threads were stopped: 0,0011302 seconds, Stopping threads took: 0,0010255 seconds
2017-05-03T16:06:43.210+0200: 4,113: Total time for which application threads were stopped: 0,0001177 seconds, Stopping threads took: 0,0000355 seconds
2017-05-03T16:06:43.211+0200: 4,113: Total time for which application threads were stopped: 0,0001211 seconds, Stopping threads took: 0,0000492 seconds
2017-05-03T16:06:43.213+0200: 4,116: Total time for which application threads were stopped: 0,0001505 seconds, Stopping threads took: 0,0000372 seconds
2017-05-03T16:06:43.222+0200: 4,124: Total time for which application threads were stopped: 0,0045540 seconds, Stopping threads took: 0,0044815 seconds
2017-05-03T16:06:43.241+0200: 4,144: Total time for which application threads were stopped: 0,0001684 seconds, Stopping threads took: 0,0000428 seconds
2017-05-03T16:06:43.254+0200: 4,157: Total time for which application threads were stopped: 0,0002315 seconds, Stopping threads took: 0,0001539 seconds
2017-05-03T16:06:43.255+0200: 4,158: Total time for which application threads were stopped: 0,0003773 seconds, Stopping threads took: 0,0000217 seconds
2017-05-03T16:06:43.257+0200: 4,160: Total time for which application threads were stopped: 0,0001232 seconds, Stopping threads took: 0,0000332 seconds
2017-05-03T16:06:43.259+0200: 4,161: Total time for which application threads were stopped: 0,0001177 seconds, Stopping threads took: 0,0000330 seconds
2017-05-03T16:06:43.264+0200: 4,166: Total time for which application threads were stopped: 0,0001243 seconds, Stopping threads took: 0,0000360 seconds
2017-05-03T16:06:43.268+0200: 4,171: Total time for which application threads were stopped: 0,0001599 seconds, Stopping threads took: 0,0000524 seconds
2017-05-03T16:06:43.269+0200: 4,171: Total time for which application threads were stopped: 0,0003788 seconds, Stopping threads took: 0,0000169 seconds
2017-05-03T16:06:43.270+0200: 4,173: Total time for which application threads were stopped: 0,0002113 seconds, Stopping threads took: 0,0001252 seconds
2017-05-03T16:06:43.273+0200: 4,176: Total time for which application threads were stopped: 0,0001637 seconds, Stopping threads took: 0,0000667 seconds
2017-05-03T16:06:43.278+0200: 4,180: Total time for which application threads were stopped: 0,0038410 seconds, Stopping threads took: 0,0037557 seconds
2017-05-03T16:06:43.281+0200: 4,184: Total time for which application threads were stopped: 0,0002797 seconds, Stopping threads took: 0,0000551 seconds
2017-05-03T16:06:43.326+0200: 4,229: Total time for which application threads were stopped: 0,0006369 seconds, Stopping threads took: 0,0000473 seconds
2017-05-03T16:06:43.337+0200: 4,239: Total time for which application threads were stopped: 0,0007405 seconds, Stopping threads took: 0,0006608 seconds
2017-05-03T16:06:43.344+0200: 4,247: Total time for which application threads were stopped: 0,0004065 seconds, Stopping threads took: 0,0002885 seconds
2017-05-03T16:06:43.344+0200: 4,247: Total time for which application threads were stopped: 0,0000877 seconds, Stopping threads took: 0,0000163 seconds
2017-05-03T16:06:43.366+0200: 4,269: Total time for which application threads were stopped: 0,0002046 seconds, Stopping threads took: 0,0000663 seconds
2017-05-03T16:06:43.373+0200: 4,276: Total time for which application threads were stopped: 0,0007620 seconds, Stopping threads took: 0,0006656 seconds
2017-05-03T16:06:43.374+0200: 4,276: Total time for which application threads were stopped: 0,0001065 seconds, Stopping threads took: 0,0000358 seconds
2017-05-03T16:06:43.376+0200: 4,279: Total time for which application threads were stopped: 0,0001595 seconds, Stopping threads took: 0,0000664 seconds
2017-05-03T16:06:43.380+0200: 4,283: Total time for which application threads were stopped: 0,0001215 seconds, Stopping threads took: 0,0000353 seconds
2017-05-03T16:06:43.394+0200: 4,297: Total time for which application threads were stopped: 0,0001566 seconds, Stopping threads took: 0,0000814 seconds
2017-05-03T16:06:43.408+0200: 4,311: Total time for which application threads were stopped: 0,0001897 seconds, Stopping threads took: 0,0000949 seconds
2017-05-03T16:06:43.415+0200: 4,318: Total time for which application threads were stopped: 0,0001569 seconds, Stopping threads took: 0,0000700 seconds
2017-05-03T16:06:43.447+0200: 4,349: Total time for which application threads were stopped: 0,0001516 seconds, Stopping threads took: 0,0000394 seconds
2017-05-03T16:06:43.447+0200: 4,350: Total time for which application threads were stopped: 0,0004569 seconds, Stopping threads took: 0,0000296 seconds
2017-05-03T16:06:43.448+0200: 4,351: Total time for which application threads were stopped: 0,0001129 seconds, Stopping threads took: 0,0000517 seconds
2017-05-03T16:06:43.453+0200: 4,356: Total time for which application threads were stopped: 0,0001644 seconds, Stopping threads took: 0,0000442 seconds
2017-05-03T16:06:44.453+0200: 5,356: Total time for which application threads were stopped: 0,0000668 seconds, Stopping threads took: 0,0000148 seconds
{Heap before GC invocations=9 (full 1):
 par new generation   total 109248K, used 95897K [0x00000000e0000000, 0x00000000e8000000, 0x00000000e8000000)
  eden space 87424K, 100% used [0x00000000e0000000, 0x00000000e5560000, 0x00000000e5560000)
  from space 21824K,  38% used [0x00000000e6ab0000, 0x00000000e72f6750, 0x00000000e8000000)
  to   space 21824K,   0% used [0x00000000e5560000, 0x00000000e5560000, 0x00000000e6ab0000)
 concurrent mark-sweep generation total 393216K, used 5852K [0x00000000e8000000, 0x0000000100000000, 0x0000000100000000)
 Metaspace       used 28003K, capacity 28508K, committed 28796K, reserved 1075200K
  class space    used 3214K, capacity 3393K, committed 3452K, reserved 1048576K
2017-05-03T16:06:50.314+0200: 11,217: [GC (Allocation Failure) 2017-05-03T16:06:50.314+0200: 11,217: [ParNew
Desired survivor size 20112992 bytes, new threshold 8 (max 8)
- age   1:   11203560 bytes,   11203560 total
- age   2:     176200 bytes,   11379760 total
- age   3:     215608 bytes,   11595368 total
- age   4:    1766968 bytes,   13362336 total
- age   5:      53896 bytes,   13416232 total
- age   7:      98392 bytes,   13514624 total
- age   8:     185480 bytes,   13700104 total
: 95897K->14733K(109248K), 0,0202736 secs] 101750K->21630K(502464K), 0,0203683 secs] [Times: user=0,05 sys=0,00, real=0,02 secs] 
Heap after GC invocations=10 (full 1):
 par new generation   total 109248K, used 14733K [0x00000000e0000000, 0x00000000e8000000, 0x00000000e8000000)
  eden space 87424K,   0% used [0x00000000e0000000, 0x00000000e0000000, 0x00000000e5560000)
  from space 21824K,  67% used [0x00000000e5560000, 0x00000000e63c3430, 0x00000000e6ab0000)
  to   space 21824K,   0% used [0x00000000e6ab0000, 0x00000000e6ab0000, 0x00000000e8000000)
 concurrent mark-sweep generation total 393216K, used 6897K [0x00000000e8000000, 0x0000000100000000, 0x0000000100000000)
 Metaspace       used 28003K, capacity 28508K, committed 28796K, reserved 1075200K
  class space    used 3214K, capacity 3393K, committed 3452K, reserved 1048576K
}
2017-05-03T16:06:50.334+0200: 11,237: Total time for which application threads were stopped: 0,0205569 seconds, Stopping threads took: 0,0000250 seconds
2017-05-03T16:06:50.335+0200: 11,238: Total time for which application threads were stopped: 0,0000756 seconds, Stopping threads took: 0,0000212 seconds
2017-05-03T16:06:50.335+0200: 11,238: Total time for which application threads were stopped: 0,0000541 seconds, Stopping threads took: 0,0000252 seconds
2017-05-03T16:08:36.347+0200: 117,250: Total time for which application threads were stopped: 0,0001121 seconds, Stopping threads took: 0,0000421 seconds
2017-05-03T16:08:41.347+0200: 122,250: Total time for which application threads were stopped: 0,0000939 seconds, Stopping threads took: 0,0000205 seconds
2017-05-03T16:09:45.356+0200: 186,258: Total time for which application threads were stopped: 0,0001050 seconds, Stopping threads took: 0,0000397 seconds
2017-05-03T16:11:15.367+0200: 276,270: Total time for which application threads were stopped: 0,0000841 seconds, Stopping threads took: 0,0000317 seconds
2017-05-03T16:30:10.509+0200: 1411,412: Total time for which application threads were stopped: 0,0000862 seconds, Stopping threads took: 0,0000330 seconds
2017-05-03T16:34:30.541+0200: 1671,443: Total time for which application threads were stopped: 0,0000867 seconds, Stopping threads took: 0,0000304 seconds
2017-05-03T16:43:41.604+0200: 2222,506: Total time for which application threads were stopped: 0,0001958 seconds, Stopping threads took: 0,0000887 seconds
2017-05-03T16:45:00.612+0200: 2301,515: Total time for which application threads were stopped: 0,0000893 seconds, Stopping threads took: 0,0000333 seconds
2017-05-03T16:45:05.613+0200: 2306,515: Total time for which application threads were stopped: 0,0001357 seconds, Stopping threads took: 0,0000295 seconds
2017-05-03T16:48:30.636+0200: 2511,539: Total time for which application threads were stopped: 0,0000863 seconds, Stopping threads took: 0,0000304 seconds
2017-05-03T16:59:56.731+0200: 3197,634: Total time for which application threads were stopped: 0,0000806 seconds, Stopping threads took: 0,0000276 seconds
2017-05-03T17:11:20.802+0200: 3881,705: Total time for which application threads were stopped: 0,0004891 seconds, Stopping threads took: 0,0001274 seconds
2017-05-03T17:26:26.892+0200: 4787,795: Total time for which application threads were stopped: 0,0004519 seconds, Stopping threads took: 0,0001618 seconds
2017-05-03T17:26:36.893+0200: 4797,796: Total time for which application threads were stopped: 0,0004022 seconds, Stopping threads took: 0,0000845 seconds
2017-05-03T17:57:12.074+0200: 6632,976: Total time for which application threads were stopped: 0,0000910 seconds, Stopping threads took: 0,0000318 seconds
2017-05-03T18:07:41.136+0200: 7262,039: Total time for which application threads were stopped: 0,0005072 seconds, Stopping threads took: 0,0002004 seconds
2017-05-03T18:08:41.142+0200: 7322,044: Total time for which application threads were stopped: 0,0000920 seconds, Stopping threads took: 0,0000338 seconds
2017-05-03T18:14:41.174+0200: 7682,077: Total time for which application threads were stopped: 0,0004297 seconds, Stopping threads took: 0,0001454 seconds
2017-05-03T18:15:11.177+0200: 7712,079: Total time for which application threads were stopped: 0,0001196 seconds, Stopping threads took: 0,0000474 seconds
2017-05-03T20:22:41.007+0200: 15361,910: Total time for which application threads were stopped: 0,0001272 seconds, Stopping threads took: 0,0000468 seconds
2017-05-03T20:37:11.115+0200: 16232,018: Total time for which application threads were stopped: 0,0001014 seconds, Stopping threads took: 0,0000373 seconds
2017-05-03T21:24:41.493+0200: 19082,396: Total time for which application threads were stopped: 0,0000860 seconds, Stopping threads took: 0,0000325 seconds
2017-05-04T00:12:47.747+0200: 29168,650: Total time for which application threads were stopped: 0,0142530 seconds, Stopping threads took: 0,0141579 seconds
2017-05-04T00:12:47.765+0200: 29168,667: Total time for which application threads were stopped: 0,0122043 seconds, Stopping threads took: 0,0121225 seconds
2017-05-04T00:12:47.765+0200: 29168,668: Total time for which application threads were stopped: 0,0000805 seconds, Stopping threads took: 0,0000207 seconds
2017-05-04T00:12:47.782+0200: 29168,685: Total time for which application threads were stopped: 0,0050068 seconds, Stopping threads took: 0,0049083 seconds
2017-05-04T00:12:47.782+0200: 29168,685: Total time for which application threads were stopped: 0,0000674 seconds, Stopping threads took: 0,0000108 seconds
2017-05-04T00:12:47.783+0200: 29168,686: Total time for which application threads were stopped: 0,0001092 seconds, Stopping threads took: 0,0000310 seconds
2017-05-04T00:12:47.783+0200: 29168,686: Total time for which application threads were stopped: 0,0002018 seconds, Stopping threads took: 0,0001339 seconds
2017-05-04T00:12:47.784+0200: 29168,687: Total time for which application threads were stopped: 0,0001056 seconds, Stopping threads took: 0,0000297 seconds
2017-05-04T00:12:47.784+0200: 29168,687: Total time for which application threads were stopped: 0,0000554 seconds, Stopping threads took: 0,0000078 seconds
2017-05-04T00:12:47.784+0200: 29168,687: Total time for which application threads were stopped: 0,0000687 seconds, Stopping threads took: 0,0000235 seconds
2017-05-04T00:12:47.785+0200: 29168,687: Total time for which application threads were stopped: 0,0000565 seconds, Stopping threads took: 0,0000072 seconds
2017-05-04T00:12:47.785+0200: 29168,687: Total time for which application threads were stopped: 0,0000487 seconds, Stopping threads took: 0,0000060 seconds
2017-05-04T00:12:47.785+0200: 29168,688: Total time for which application threads were stopped: 0,0000671 seconds, Stopping threads took: 0,0000224 seconds
2017-05-04T00:12:47.785+0200: 29168,688: Total time for which application threads were stopped: 0,0000476 seconds, Stopping threads took: 0,0000064 seconds
2017-05-04T00:12:47.785+0200: 29168,688: Total time for which application threads were stopped: 0,0000437 seconds, Stopping threads took: 0,0000056 seconds
2017-05-04T00:12:47.785+0200: 29168,688: Total time for which application threads were stopped: 0,0000454 seconds, Stopping threads took: 0,0000058 seconds
2017-05-04T00:12:47.785+0200: 29168,688: Total time for which application threads were stopped: 0,0000455 seconds, Stopping threads took: 0,0000065 seconds
2017-05-04T00:12:47.785+0200: 29168,688: Total time for which application threads were stopped: 0,0000407 seconds, Stopping threads took: 0,0000063 seconds
2017-05-04T00:12:47.785+0200: 29168,688: Total time for which application threads were stopped: 0,0000437 seconds, Stopping threads took: 0,0000056 seconds
2017-05-04T00:12:47.787+0200: 29168,690: Total time for which application threads were stopped: 0,0001211 seconds, Stopping threads took: 0,0000206 seconds
2017-05-04T00:12:47.787+0200: 29168,690: Total time for which application threads were stopped: 0,0000709 seconds, Stopping threads took: 0,0000115 seconds
2017-05-04T00:12:47.787+0200: 29168,690: Total time for which application threads were stopped: 0,0000633 seconds, Stopping threads took: 0,0000084 seconds
2017-05-04T00:12:47.787+0200: 29168,690: Total time for which application threads were stopped: 0,0000619 seconds, Stopping threads took: 0,0000089 seconds
2017-05-04T00:12:47.787+0200: 29168,690: Total time for which application threads were stopped: 0,0000950 seconds, Stopping threads took: 0,0000071 seconds
2017-05-04T00:12:47.788+0200: 29168,690: Total time for which application threads were stopped: 0,0000557 seconds, Stopping threads took: 0,0000071 seconds
2017-05-04T00:12:47.788+0200: 29168,690: Total time for which application threads were stopped: 0,0000543 seconds, Stopping threads took: 0,0000083 seconds
2017-05-04T00:12:47.788+0200: 29168,691: Total time for which application threads were stopped: 0,0000571 seconds, Stopping threads took: 0,0000126 seconds
2017-05-04T00:12:47.788+0200: 29168,691: Total time for which application threads were stopped: 0,0000504 seconds, Stopping threads took: 0,0000091 seconds
2017-05-04T00:12:47.788+0200: 29168,691: Total time for which application threads were stopped: 0,0000467 seconds, Stopping threads took: 0,0000057 seconds
2017-05-04T00:12:47.788+0200: 29168,691: Total time for which application threads were stopped: 0,0000827 seconds, Stopping threads took: 0,0000430 seconds
2017-05-04T00:12:47.788+0200: 29168,691: Total time for which application threads were stopped: 0,0000431 seconds, Stopping threads took: 0,0000088 seconds
2017-05-04T00:12:47.793+0200: 29168,696: Total time for which application threads were stopped: 0,0000990 seconds, Stopping threads took: 0,0000269 seconds
2017-05-04T00:12:47.794+0200: 29168,696: Total time for which application threads were stopped: 0,0000619 seconds, Stopping threads took: 0,0000086 seconds
2017-05-04T00:12:47.794+0200: 29168,697: Total time for which application threads were stopped: 0,0000486 seconds, Stopping threads took: 0,0000156 seconds
2017-05-04T00:12:47.794+0200: 29168,697: Total time for which application threads were stopped: 0,0000367 seconds, Stopping threads took: 0,0000050 seconds
2017-05-04T00:12:47.794+0200: 29168,697: Total time for which application threads were stopped: 0,0000529 seconds, Stopping threads took: 0,0000169 seconds
2017-05-04T00:12:47.796+0200: 29168,699: Total time for which application threads were stopped: 0,0010967 seconds, Stopping threads took: 0,0010143 seconds
2017-05-04T00:12:47.802+0200: 29168,705: Total time for which application threads were stopped: 0,0001054 seconds, Stopping threads took: 0,0000198 seconds
2017-05-04T00:12:47.803+0200: 29168,705: Total time for which application threads were stopped: 0,0000707 seconds, Stopping threads took: 0,0000179 seconds
2017-05-04T00:12:47.805+0200: 29168,708: Total time for which application threads were stopped: 0,0007533 seconds, Stopping threads took: 0,0006677 seconds
2017-05-04T00:12:47.806+0200: 29168,709: Total time for which application threads were stopped: 0,0001175 seconds, Stopping threads took: 0,0000211 seconds
2017-05-04T00:12:47.807+0200: 29168,710: Total time for which application threads were stopped: 0,0000999 seconds, Stopping threads took: 0,0000321 seconds
2017-05-04T00:12:47.807+0200: 29168,710: Total time for which application threads were stopped: 0,0000707 seconds, Stopping threads took: 0,0000218 seconds
2017-05-04T00:12:47.807+0200: 29168,710: Total time for which application threads were stopped: 0,0000575 seconds, Stopping threads took: 0,0000155 seconds
2017-05-04T00:12:47.808+0200: 29168,710: Total time for which application threads were stopped: 0,0000559 seconds, Stopping threads took: 0,0000158 seconds
2017-05-04T00:12:47.808+0200: 29168,710: Total time for which application threads were stopped: 0,0000501 seconds, Stopping threads took: 0,0000155 seconds
2017-05-04T00:12:47.809+0200: 29168,712: Total time for which application threads were stopped: 0,0000908 seconds, Stopping threads took: 0,0000267 seconds
2017-05-04T00:12:47.809+0200: 29168,712: Total time for which application threads were stopped: 0,0000463 seconds, Stopping threads took: 0,0000061 seconds
2017-05-04T00:12:47.809+0200: 29168,712: Total time for which application threads were stopped: 0,0000485 seconds, Stopping threads took: 0,0000124 seconds
2017-05-04T00:12:47.810+0200: 29168,712: Total time for which application threads were stopped: 0,0000566 seconds, Stopping threads took: 0,0000252 seconds
2017-05-04T00:12:47.810+0200: 29168,712: Total time for which application threads were stopped: 0,0000467 seconds, Stopping threads took: 0,0000141 seconds
2017-05-04T00:12:47.812+0200: 29168,715: Total time for which application threads were stopped: 0,0001183 seconds, Stopping threads took: 0,0000395 seconds
2017-05-04T00:12:47.812+0200: 29168,715: Total time for which application threads were stopped: 0,0000540 seconds, Stopping threads took: 0,0000179 seconds
2017-05-04T00:12:47.812+0200: 29168,715: Total time for which application threads were stopped: 0,0000439 seconds, Stopping threads took: 0,0000116 seconds
2017-05-04T00:12:47.814+0200: 29168,716: Total time for which application threads were stopped: 0,0001262 seconds, Stopping threads took: 0,0000518 seconds
2017-05-04T00:12:47.817+0200: 29168,720: Total time for which application threads were stopped: 0,0033155 seconds, Stopping threads took: 0,0032224 seconds
2017-05-04T00:12:47.817+0200: 29168,720: Total time for which application threads were stopped: 0,0000604 seconds, Stopping threads took: 0,0000206 seconds
2017-05-04T00:12:47.817+0200: 29168,720: Total time for which application threads were stopped: 0,0000553 seconds, Stopping threads took: 0,0000198 seconds
2017-05-04T00:12:47.817+0200: 29168,720: Total time for which application threads were stopped: 0,0000503 seconds, Stopping threads took: 0,0000161 seconds
2017-05-04T00:12:47.818+0200: 29168,721: Total time for which application threads were stopped: 0,0000717 seconds, Stopping threads took: 0,0000226 seconds
2017-05-04T00:12:47.818+0200: 29168,721: Total time for which application threads were stopped: 0,0000514 seconds, Stopping threads took: 0,0000159 seconds
2017-05-04T00:12:47.818+0200: 29168,721: Total time for which application threads were stopped: 0,0000480 seconds, Stopping threads took: 0,0000143 seconds
2017-05-04T00:12:47.818+0200: 29168,721: Total time for which application threads were stopped: 0,0000486 seconds, Stopping threads took: 0,0000153 seconds
2017-05-04T00:12:47.818+0200: 29168,721: Total time for which application threads were stopped: 0,0001785 seconds, Stopping threads took: 0,0000175 seconds
2017-05-04T00:12:47.819+0200: 29168,722: Total time for which application threads were stopped: 0,0000898 seconds, Stopping threads took: 0,0000267 seconds
2017-05-04T00:12:47.820+0200: 29168,723: Total time for which application threads were stopped: 0,0001190 seconds, Stopping threads took: 0,0000292 seconds
2017-05-04T00:12:47.821+0200: 29168,724: Total time for which application threads were stopped: 0,0001111 seconds, Stopping threads took: 0,0000394 seconds
2017-05-04T00:12:47.827+0200: 29168,730: Total time for which application threads were stopped: 0,0015582 seconds, Stopping threads took: 0,0000309 seconds
Heap
 par new generation   total 109248K, used 38596K [0x00000000e0000000, 0x00000000e8000000, 0x00000000e8000000)
  eden space 87424K,  27% used [0x00000000e0000000, 0x00000000e174dca0, 0x00000000e5560000)
  from space 21824K,  67% used [0x00000000e5560000, 0x00000000e63c3430, 0x00000000e6ab0000)
  to   space 21824K,   0% used [0x00000000e6ab0000, 0x00000000e6ab0000, 0x00000000e8000000)
 concurrent mark-sweep generation total 393216K, used 6897K [0x00000000e8000000, 0x0000000100000000, 0x0000000100000000)
 Metaspace       used 28174K, capacity 28740K, committed 29052K, reserved 1075200K
  class space    used 3228K, capacity 3427K, committed 3452K, reserved 1048576K
