OpenJDK 64-Bit Server VM (25.111-b14) for linux-amd64 JRE (1.8.0_111-8u111-b14-2ubuntu0.16.04.2-b14), built on Oct 27 2016 18:10:19 by "buildd" with gcc 5.4.0 20160609
Memory: 4k page, physical 7867840k(7444808k free), swap 8076284k(8076284k free)
CommandLine flags: -XX:CMSInitiatingOccupancyFraction=50 -XX:CMSMaxAbortablePrecleanTime=6000 -XX:+CMSParallelRemarkEnabled -XX:+CMSScavengeBeforeRemark -XX:ConcGCThreads=4 -XX:InitialHeapSize=536870912 -XX:MaxHeapSize=536870912 -XX:MaxTenuringThreshold=8 -XX:NewRatio=3 -XX:OldPLABSize=16 -XX:OnOutOfMemoryError=/opt/solr/bin/oom_solr.sh 8983 /var/solr/logs -XX:ParallelGCThreads=4 -XX:+ParallelRefProcEnabled -XX:PretenureSizeThreshold=67108864 -XX:+PrintGC -XX:+PrintGCApplicationStoppedTime -XX:+PrintGCDateStamps -XX:+PrintGCDetails -XX:+PrintGCTimeStamps -XX:+PrintHeapAtGC -XX:+PrintTenuringDistribution -XX:SurvivorRatio=4 -XX:TargetSurvivorRatio=90 -XX:ThreadStackSize=256 -XX:+UseCMSInitiatingOccupancyOnly -XX:+UseCompressedClassPointers -XX:+UseCompressedOops -XX:+UseConcMarkSweepGC -XX:+UseParNewGC 
2016-12-07T23:08:21.202+0100: 0,113: Total time for which application threads were stopped: 0,0000706 seconds, Stopping threads took: 0,0000136 seconds
2016-12-07T23:08:21.279+0100: 0,190: Total time for which application threads were stopped: 0,0001114 seconds, Stopping threads took: 0,0000168 seconds
2016-12-07T23:08:21.289+0100: 0,200: Total time for which application threads were stopped: 0,0000878 seconds, Stopping threads took: 0,0000167 seconds
2016-12-07T23:08:21.487+0100: 0,398: Total time for which application threads were stopped: 0,0001375 seconds, Stopping threads took: 0,0000234 seconds
2016-12-07T23:08:21.918+0100: 0,829: Total time for which application threads were stopped: 0,0001510 seconds, Stopping threads took: 0,0000125 seconds
2016-12-07T23:08:22.023+0100: 0,934: Total time for which application threads were stopped: 0,0001454 seconds, Stopping threads took: 0,0000128 seconds
2016-12-07T23:08:22.081+0100: 0,993: Total time for which application threads were stopped: 0,0001907 seconds, Stopping threads took: 0,0000323 seconds
2016-12-07T23:08:22.507+0100: 1,418: Total time for which application threads were stopped: 0,0002023 seconds, Stopping threads took: 0,0000238 seconds
2016-12-07T23:08:22.739+0100: 1,650: Total time for which application threads were stopped: 0,0002046 seconds, Stopping threads took: 0,0000148 seconds
2016-12-07T23:08:22.768+0100: 1,679: Total time for which application threads were stopped: 0,0002280 seconds, Stopping threads took: 0,0000175 seconds
2016-12-07T23:08:22.769+0100: 1,681: Total time for which application threads were stopped: 0,0001558 seconds, Stopping threads took: 0,0000123 seconds
2016-12-07T23:08:22.786+0100: 1,697: Total time for which application threads were stopped: 0,0001673 seconds, Stopping threads took: 0,0000254 seconds
2016-12-07T23:08:22.865+0100: 1,776: Total time for which application threads were stopped: 0,0002373 seconds, Stopping threads took: 0,0000217 seconds
2016-12-07T23:08:23.014+0100: 1,926: Total time for which application threads were stopped: 0,0002208 seconds, Stopping threads took: 0,0000316 seconds
{Heap before GC invocations=0 (full 0):
 par new generation   total 109248K, used 87424K [0x00000000e0000000, 0x00000000e8000000, 0x00000000e8000000)
  eden space 87424K, 100% used [0x00000000e0000000, 0x00000000e5560000, 0x00000000e5560000)
  from space 21824K,   0% used [0x00000000e5560000, 0x00000000e5560000, 0x00000000e6ab0000)
  to   space 21824K,   0% used [0x00000000e6ab0000, 0x00000000e6ab0000, 0x00000000e8000000)
 concurrent mark-sweep generation total 393216K, used 0K [0x00000000e8000000, 0x0000000100000000, 0x0000000100000000)
 Metaspace       used 18093K, capacity 18366K, committed 18560K, reserved 1064960K
  class space    used 2054K, capacity 2162K, committed 2176K, reserved 1048576K
2016-12-07T23:08:23.166+0100: 2,077: [GC (Allocation Failure) 2016-12-07T23:08:23.166+0100: 2,077: [ParNew
Desired survivor size 20112992 bytes, new threshold 8 (max 8)
- age   1:   12328128 bytes,   12328128 total
: 87424K->12149K(109248K), 0,0160720 secs] 87424K->12149K(502464K), 0,0161676 secs] [Times: user=0,04 sys=0,03, real=0,02 secs] 
Heap after GC invocations=1 (full 0):
 par new generation   total 109248K, used 12149K [0x00000000e0000000, 0x00000000e8000000, 0x00000000e8000000)
  eden space 87424K,   0% used [0x00000000e0000000, 0x00000000e0000000, 0x00000000e5560000)
  from space 21824K,  55% used [0x00000000e6ab0000, 0x00000000e768d7d8, 0x00000000e8000000)
  to   space 21824K,   0% used [0x00000000e5560000, 0x00000000e5560000, 0x00000000e6ab0000)
 concurrent mark-sweep generation total 393216K, used 0K [0x00000000e8000000, 0x0000000100000000, 0x0000000100000000)
 Metaspace       used 18093K, capacity 18366K, committed 18560K, reserved 1064960K
  class space    used 2054K, capacity 2162K, committed 2176K, reserved 1048576K
}
2016-12-07T23:08:23.182+0100: 2,093: Total time for which application threads were stopped: 0,0163445 seconds, Stopping threads took: 0,0000174 seconds
2016-12-07T23:08:23.352+0100: 2,263: Total time for which application threads were stopped: 0,0002576 seconds, Stopping threads took: 0,0000256 seconds
2016-12-07T23:08:23.385+0100: 2,296: Total time for which application threads were stopped: 0,0003267 seconds, Stopping threads took: 0,0000452 seconds
2016-12-07T23:08:23.413+0100: 2,324: Total time for which application threads were stopped: 0,0003459 seconds, Stopping threads took: 0,0000428 seconds
{Heap before GC invocations=1 (full 0):
 par new generation   total 109248K, used 99573K [0x00000000e0000000, 0x00000000e8000000, 0x00000000e8000000)
  eden space 87424K, 100% used [0x00000000e0000000, 0x00000000e5560000, 0x00000000e5560000)
  from space 21824K,  55% used [0x00000000e6ab0000, 0x00000000e768d7d8, 0x00000000e8000000)
  to   space 21824K,   0% used [0x00000000e5560000, 0x00000000e5560000, 0x00000000e6ab0000)
 concurrent mark-sweep generation total 393216K, used 0K [0x00000000e8000000, 0x0000000100000000, 0x0000000100000000)
 Metaspace       used 20711K, capacity 21020K, committed 21248K, reserved 1069056K
  class space    used 2404K, capacity 2518K, committed 2560K, reserved 1048576K
2016-12-07T23:08:23.579+0100: 2,490: [GC (Allocation Failure) 2016-12-07T23:08:23.579+0100: 2,490: [ParNew
Desired survivor size 20112992 bytes, new threshold 8 (max 8)
- age   1:    2917568 bytes,    2917568 total
- age   2:    6101928 bytes,    9019496 total
: 99573K->13113K(109248K), 0,0153684 secs] 99573K->13113K(502464K), 0,0154823 secs] [Times: user=0,05 sys=0,00, real=0,01 secs] 
Heap after GC invocations=2 (full 0):
 par new generation   total 109248K, used 13113K [0x00000000e0000000, 0x00000000e8000000, 0x00000000e8000000)
  eden space 87424K,   0% used [0x00000000e0000000, 0x00000000e0000000, 0x00000000e5560000)
  from space 21824K,  60% used [0x00000000e5560000, 0x00000000e622e418, 0x00000000e6ab0000)
  to   space 21824K,   0% used [0x00000000e6ab0000, 0x00000000e6ab0000, 0x00000000e8000000)
 concurrent mark-sweep generation total 393216K, used 0K [0x00000000e8000000, 0x0000000100000000, 0x0000000100000000)
 Metaspace       used 20711K, capacity 21020K, committed 21248K, reserved 1069056K
  class space    used 2404K, capacity 2518K, committed 2560K, reserved 1048576K
}
2016-12-07T23:08:23.594+0100: 2,506: Total time for which application threads were stopped: 0,0157309 seconds, Stopping threads took: 0,0000340 seconds
2016-12-07T23:08:23.651+0100: 2,563: Total time for which application threads were stopped: 0,0001185 seconds, Stopping threads took: 0,0000188 seconds
2016-12-07T23:08:23.683+0100: 2,595: Total time for which application threads were stopped: 0,0002940 seconds, Stopping threads took: 0,0000127 seconds
2016-12-07T23:08:23.689+0100: 2,600: Total time for which application threads were stopped: 0,0000978 seconds, Stopping threads took: 0,0000372 seconds
2016-12-07T23:08:23.711+0100: 2,622: Total time for which application threads were stopped: 0,0000875 seconds, Stopping threads took: 0,0000236 seconds
2016-12-07T23:08:23.794+0100: 2,705: Total time for which application threads were stopped: 0,0001650 seconds, Stopping threads took: 0,0000487 seconds
2016-12-07T23:08:23.817+0100: 2,729: Total time for which application threads were stopped: 0,0000974 seconds, Stopping threads took: 0,0000301 seconds
2016-12-07T23:08:23.825+0100: 2,737: Total time for which application threads were stopped: 0,0002914 seconds, Stopping threads took: 0,0000176 seconds
2016-12-07T23:08:23.833+0100: 2,744: Total time for which application threads were stopped: 0,0002776 seconds, Stopping threads took: 0,0000266 seconds
2016-12-07T23:08:23.834+0100: 2,746: Total time for which application threads were stopped: 0,0000806 seconds, Stopping threads took: 0,0000228 seconds
2016-12-07T23:08:23.868+0100: 2,779: Total time for which application threads were stopped: 0,0000711 seconds, Stopping threads took: 0,0000130 seconds
2016-12-07T23:08:23.883+0100: 2,794: Total time for which application threads were stopped: 0,0000739 seconds, Stopping threads took: 0,0000141 seconds
2016-12-07T23:08:23.902+0100: 2,813: Total time for which application threads were stopped: 0,0000826 seconds, Stopping threads took: 0,0000169 seconds
2016-12-07T23:08:23.919+0100: 2,830: Total time for which application threads were stopped: 0,0000869 seconds, Stopping threads took: 0,0000243 seconds
2016-12-07T23:08:23.952+0100: 2,864: Total time for which application threads were stopped: 0,0001481 seconds, Stopping threads took: 0,0000311 seconds
2016-12-07T23:08:24.017+0100: 2,928: Total time for which application threads were stopped: 0,0001187 seconds, Stopping threads took: 0,0000250 seconds
2016-12-07T23:08:24.048+0100: 2,960: Total time for which application threads were stopped: 0,0001169 seconds, Stopping threads took: 0,0000264 seconds
{Heap before GC invocations=2 (full 0):
 par new generation   total 109248K, used 100537K [0x00000000e0000000, 0x00000000e8000000, 0x00000000e8000000)
  eden space 87424K, 100% used [0x00000000e0000000, 0x00000000e5560000, 0x00000000e5560000)
  from space 21824K,  60% used [0x00000000e5560000, 0x00000000e622e418, 0x00000000e6ab0000)
  to   space 21824K,   0% used [0x00000000e6ab0000, 0x00000000e6ab0000, 0x00000000e8000000)
 concurrent mark-sweep generation total 393216K, used 0K [0x00000000e8000000, 0x0000000100000000, 0x0000000100000000)
 Metaspace       used 24856K, capacity 25223K, committed 25536K, reserved 1071104K
  class space    used 2897K, capacity 3024K, committed 3092K, reserved 1048576K
2016-12-07T23:08:24.065+0100: 2,976: [GC (Allocation Failure) 2016-12-07T23:08:24.065+0100: 2,976: [ParNew
Desired survivor size 20112992 bytes, new threshold 8 (max 8)
- age   1:    6689392 bytes,    6689392 total
- age   2:     550024 bytes,    7239416 total
- age   3:    6093416 bytes,   13332832 total
: 100537K->16823K(109248K), 0,0129921 secs] 100537K->16823K(502464K), 0,0130748 secs] [Times: user=0,05 sys=0,00, real=0,01 secs] 
Heap after GC invocations=3 (full 0):
 par new generation   total 109248K, used 16823K [0x00000000e0000000, 0x00000000e8000000, 0x00000000e8000000)
  eden space 87424K,   0% used [0x00000000e0000000, 0x00000000e0000000, 0x00000000e5560000)
  from space 21824K,  77% used [0x00000000e6ab0000, 0x00000000e7b1dc10, 0x00000000e8000000)
  to   space 21824K,   0% used [0x00000000e5560000, 0x00000000e5560000, 0x00000000e6ab0000)
 concurrent mark-sweep generation total 393216K, used 0K [0x00000000e8000000, 0x0000000100000000, 0x0000000100000000)
 Metaspace       used 24856K, capacity 25223K, committed 25536K, reserved 1071104K
  class space    used 2897K, capacity 3024K, committed 3092K, reserved 1048576K
}
2016-12-07T23:08:24.078+0100: 2,989: Total time for which application threads were stopped: 0,0132447 seconds, Stopping threads took: 0,0000284 seconds
2016-12-07T23:08:24.079+0100: 2,991: [GC (CMS Initial Mark) [1 CMS-initial-mark: 0K(393216K)] 18221K(502464K), 0,0054883 secs] [Times: user=0,02 sys=0,00, real=0,00 secs] 
2016-12-07T23:08:24.085+0100: 2,996: Total time for which application threads were stopped: 0,0057278 seconds, Stopping threads took: 0,0001580 seconds
2016-12-07T23:08:24.085+0100: 2,996: [CMS-concurrent-mark-start]
2016-12-07T23:08:24.085+0100: 2,997: [CMS-concurrent-mark: 0,001/0,001 secs] [Times: user=0,00 sys=0,00, real=0,00 secs] 
2016-12-07T23:08:24.086+0100: 2,997: [CMS-concurrent-preclean-start]
2016-12-07T23:08:24.087+0100: 2,998: [CMS-concurrent-preclean: 0,001/0,001 secs] [Times: user=0,01 sys=0,00, real=0,00 secs] 
2016-12-07T23:08:24.087+0100: 2,999: [GC (CMS Final Remark) [YG occupancy: 18221 K (109248 K)]{Heap before GC invocations=3 (full 1):
 par new generation   total 109248K, used 18221K [0x00000000e0000000, 0x00000000e8000000, 0x00000000e8000000)
  eden space 87424K,   1% used [0x00000000e0000000, 0x00000000e015db50, 0x00000000e5560000)
  from space 21824K,  77% used [0x00000000e6ab0000, 0x00000000e7b1dc10, 0x00000000e8000000)
  to   space 21824K,   0% used [0x00000000e5560000, 0x00000000e5560000, 0x00000000e6ab0000)
 concurrent mark-sweep generation total 393216K, used 0K [0x00000000e8000000, 0x0000000100000000, 0x0000000100000000)
 Metaspace       used 24888K, capacity 25319K, committed 25536K, reserved 1071104K
  class space    used 2900K, capacity 3056K, committed 3092K, reserved 1048576K
2016-12-07T23:08:24.087+0100: 2,999: [GC (CMS Final Remark) 2016-12-07T23:08:24.087+0100: 2,999: [ParNew
Desired survivor size 20112992 bytes, new threshold 8 (max 8)
- age   1:      32704 bytes,      32704 total
- age   2:    3148512 bytes,    3181216 total
- age   3:     550024 bytes,    3731240 total
- age   4:    6095456 bytes,    9826696 total
: 18221K->13897K(109248K), 0,0101142 secs] 18221K->13897K(502464K), 0,0101514 secs] [Times: user=0,04 sys=0,00, real=0,01 secs] 
Heap after GC invocations=4 (full 1):
 par new generation   total 109248K, used 13897K [0x00000000e0000000, 0x00000000e8000000, 0x00000000e8000000)
  eden space 87424K,   0% used [0x00000000e0000000, 0x00000000e0000000, 0x00000000e5560000)
  from space 21824K,  63% used [0x00000000e5560000, 0x00000000e62f2678, 0x00000000e6ab0000)
  to   space 21824K,   0% used [0x00000000e6ab0000, 0x00000000e6ab0000, 0x00000000e8000000)
 concurrent mark-sweep generation total 393216K, used 0K [0x00000000e8000000, 0x0000000100000000, 0x0000000100000000)
 Metaspace       used 24888K, capacity 25319K, committed 25536K, reserved 1071104K
  class space    used 2900K, capacity 3056K, committed 3092K, reserved 1048576K
}
2016-12-07T23:08:24.097+0100: 3,009: [Rescan (parallel) , 0,0044381 secs]2016-12-07T23:08:24.102+0100: 3,013: [weak refs processing, 0,0020441 secs]2016-12-07T23:08:24.104+0100: 3,015: [class unloading, 0,0031895 secs]2016-12-07T23:08:24.107+0100: 3,018: [scrub symbol table, 0,0039638 secs]2016-12-07T23:08:24.111+0100: 3,022: [scrub string table, 0,0003836 secs][1 CMS-remark: 0K(393216K)] 13897K(502464K), 0,0248839 secs] [Times: user=0,06 sys=0,00, real=0,03 secs] 
2016-12-07T23:08:24.112+0100: 3,023: Total time for which application threads were stopped: 0,0251598 seconds, Stopping threads took: 0,0002138 seconds
2016-12-07T23:08:24.112+0100: 3,023: [CMS-concurrent-sweep-start]
2016-12-07T23:08:24.112+0100: 3,024: [CMS-concurrent-sweep: 0,000/0,000 secs] [Times: user=0,00 sys=0,00, real=0,00 secs] 
2016-12-07T23:08:24.112+0100: 3,024: [CMS-concurrent-reset-start]
2016-12-07T23:08:24.114+0100: 3,025: [CMS-concurrent-reset: 0,001/0,001 secs] [Times: user=0,01 sys=0,00, real=0,00 secs] 
2016-12-07T23:08:24.165+0100: 3,076: Total time for which application threads were stopped: 0,0003375 seconds, Stopping threads took: 0,0000250 seconds
2016-12-07T23:08:25.139+0100: 4,050: Total time for which application threads were stopped: 0,0003410 seconds, Stopping threads took: 0,0000192 seconds
2016-12-07T23:08:53.143+0100: 32,054: Total time for which application threads were stopped: 0,0000570 seconds, Stopping threads took: 0,0000158 seconds
2016-12-07T23:11:03.166+0100: 162,077: Total time for which application threads were stopped: 0,0000785 seconds, Stopping threads took: 0,0000342 seconds
2016-12-07T23:11:08.167+0100: 167,078: Total time for which application threads were stopped: 0,0003212 seconds, Stopping threads took: 0,0000904 seconds
2016-12-07T23:12:18.175+0100: 237,086: Total time for which application threads were stopped: 0,0001205 seconds, Stopping threads took: 0,0000535 seconds
2016-12-07T23:13:08.180+0100: 287,091: Total time for which application threads were stopped: 0,0000989 seconds, Stopping threads took: 0,0000329 seconds
2016-12-07T23:32:02.302+0100: 1421,213: Total time for which application threads were stopped: 0,0003975 seconds, Stopping threads took: 0,0001551 seconds
2016-12-07T23:36:52.331+0100: 1711,242: Total time for which application threads were stopped: 0,0000915 seconds, Stopping threads took: 0,0000381 seconds
2016-12-07T23:40:57.355+0100: 1956,267: Total time for which application threads were stopped: 0,0000880 seconds, Stopping threads took: 0,0000374 seconds
2016-12-07T23:47:02.405+0100: 2321,316: Total time for which application threads were stopped: 0,0000844 seconds, Stopping threads took: 0,0000338 seconds
2016-12-07T23:47:03.405+0100: 2322,317: Total time for which application threads were stopped: 0,0001255 seconds, Stopping threads took: 0,0000303 seconds
2016-12-07T23:48:32.421+0100: 2411,332: Total time for which application threads were stopped: 0,0001577 seconds, Stopping threads took: 0,0000576 seconds
2016-12-07T23:49:33.432+0100: 2472,343: Total time for which application threads were stopped: 0,0000767 seconds, Stopping threads took: 0,0000304 seconds
2016-12-07T23:50:53.448+0100: 2552,359: Total time for which application threads were stopped: 0,0001540 seconds, Stopping threads took: 0,0000580 seconds
2016-12-07T23:57:23.516+0100: 2942,427: Total time for which application threads were stopped: 0,0000857 seconds, Stopping threads took: 0,0000322 seconds
2016-12-08T00:01:38.545+0100: 3197,457: Total time for which application threads were stopped: 0,0001634 seconds, Stopping threads took: 0,0000598 seconds
2016-12-08T00:06:22.577+0100: 3481,488: Total time for which application threads were stopped: 0,0001181 seconds, Stopping threads took: 0,0000452 seconds
2016-12-08T00:12:47.618+0100: 3866,529: Total time for which application threads were stopped: 0,0000899 seconds, Stopping threads took: 0,0000313 seconds
2016-12-08T00:12:57.619+0100: 3876,530: Total time for which application threads were stopped: 0,0000641 seconds, Stopping threads took: 0,0000155 seconds
2016-12-08T00:15:22.634+0100: 4021,545: Total time for which application threads were stopped: 0,0000743 seconds, Stopping threads took: 0,0000320 seconds
2016-12-08T00:52:23.847+0100: 6242,758: Total time for which application threads were stopped: 0,0003557 seconds, Stopping threads took: 0,0002239 seconds
2016-12-08T00:52:58.850+0100: 6277,762: Total time for which application threads were stopped: 0,0004562 seconds, Stopping threads took: 0,0001480 seconds
2016-12-08T00:53:28.854+0100: 6307,765: Total time for which application threads were stopped: 0,0005585 seconds, Stopping threads took: 0,0001841 seconds
2016-12-08T01:07:09.270+0100: 7128,182: Total time for which application threads were stopped: 0,0002367 seconds, Stopping threads took: 0,0000332 seconds
Heap
 par new generation   total 109248K, used 57209K [0x00000000e0000000, 0x00000000e8000000, 0x00000000e8000000)
  eden space 87424K,  49% used [0x00000000e0000000, 0x00000000e2a4bda0, 0x00000000e5560000)
  from space 21824K,  63% used [0x00000000e5560000, 0x00000000e62f2678, 0x00000000e6ab0000)
  to   space 21824K,   0% used [0x00000000e6ab0000, 0x00000000e6ab0000, 0x00000000e8000000)
 concurrent mark-sweep generation total 393216K, used 0K [0x00000000e8000000, 0x0000000100000000, 0x0000000100000000)
 Metaspace       used 27191K, capacity 27597K, committed 27920K, reserved 1073152K
  class space    used 3160K, capacity 3319K, committed 3348K, reserved 1048576K
