OpenJDK 64-Bit Server VM (25.121-b13) for linux-amd64 JRE (1.8.0_121-8u121-b13-0ubuntu1.16.04.2-b13), built on Jan 23 2017 15:51:29 by "buildd" with gcc 5.4.0 20160609
Memory: 4k page, physical 7867760k(7497944k free), swap 8076284k(8076284k free)
CommandLine flags: -XX:CMSInitiatingOccupancyFraction=50 -XX:CMSMaxAbortablePrecleanTime=6000 -XX:+CMSParallelRemarkEnabled -XX:+CMSScavengeBeforeRemark -XX:ConcGCThreads=4 -XX:InitialHeapSize=536870912 -XX:MaxHeapSize=536870912 -XX:MaxTenuringThreshold=8 -XX:NewRatio=3 -XX:OldPLABSize=16 -XX:OnOutOfMemoryError=/opt/solr/bin/oom_solr.sh 8983 /var/solr/logs -XX:ParallelGCThreads=4 -XX:+ParallelRefProcEnabled -XX:PretenureSizeThreshold=67108864 -XX:+PrintGC -XX:+PrintGCApplicationStoppedTime -XX:+PrintGCDateStamps -XX:+PrintGCDetails -XX:+PrintGCTimeStamps -XX:+PrintHeapAtGC -XX:+PrintTenuringDistribution -XX:SurvivorRatio=4 -XX:TargetSurvivorRatio=90 -XX:ThreadStackSize=256 -XX:+UseCMSInitiatingOccupancyOnly -XX:+UseCompressedClassPointers -XX:+UseCompressedOops -XX:+UseConcMarkSweepGC -XX:+UseParNewGC 
2017-02-25T18:24:53.807+0100: 0,151: Total time for which application threads were stopped: 0,0000667 seconds, Stopping threads took: 0,0000097 seconds
2017-02-25T18:24:53.903+0100: 0,248: Total time for which application threads were stopped: 0,0001344 seconds, Stopping threads took: 0,0000290 seconds
2017-02-25T18:24:53.921+0100: 0,265: Total time for which application threads were stopped: 0,0000990 seconds, Stopping threads took: 0,0000172 seconds
2017-02-25T18:24:54.271+0100: 0,616: Total time for which application threads were stopped: 0,0001718 seconds, Stopping threads took: 0,0000257 seconds
2017-02-25T18:24:54.685+0100: 1,029: Total time for which application threads were stopped: 0,0001108 seconds, Stopping threads took: 0,0000136 seconds
2017-02-25T18:24:54.757+0100: 1,101: Total time for which application threads were stopped: 0,0001377 seconds, Stopping threads took: 0,0000244 seconds
2017-02-25T18:24:54.790+0100: 1,134: Total time for which application threads were stopped: 0,0001855 seconds, Stopping threads took: 0,0000234 seconds
2017-02-25T18:24:55.051+0100: 1,395: Total time for which application threads were stopped: 0,0006207 seconds, Stopping threads took: 0,0000680 seconds
2017-02-25T18:24:55.264+0100: 1,609: Total time for which application threads were stopped: 0,0007991 seconds, Stopping threads took: 0,0000860 seconds
2017-02-25T18:24:55.297+0100: 1,641: Total time for which application threads were stopped: 0,0006999 seconds, Stopping threads took: 0,0000512 seconds
2017-02-25T18:24:55.333+0100: 1,678: Total time for which application threads were stopped: 0,0005626 seconds, Stopping threads took: 0,0000247 seconds
2017-02-25T18:24:55.336+0100: 1,680: Total time for which application threads were stopped: 0,0004055 seconds, Stopping threads took: 0,0000173 seconds
2017-02-25T18:24:55.352+0100: 1,696: Total time for which application threads were stopped: 0,0008349 seconds, Stopping threads took: 0,0001972 seconds
2017-02-25T18:24:55.444+0100: 1,788: Total time for which application threads were stopped: 0,0002610 seconds, Stopping threads took: 0,0000363 seconds
2017-02-25T18:24:55.597+0100: 1,941: Total time for which application threads were stopped: 0,0005088 seconds, Stopping threads took: 0,0002972 seconds
{Heap before GC invocations=0 (full 0):
 par new generation   total 109248K, used 87424K [0x00000000e0000000, 0x00000000e8000000, 0x00000000e8000000)
  eden space 87424K, 100% used [0x00000000e0000000, 0x00000000e5560000, 0x00000000e5560000)
  from space 21824K,   0% used [0x00000000e5560000, 0x00000000e5560000, 0x00000000e6ab0000)
  to   space 21824K,   0% used [0x00000000e6ab0000, 0x00000000e6ab0000, 0x00000000e8000000)
 concurrent mark-sweep generation total 393216K, used 0K [0x00000000e8000000, 0x0000000100000000, 0x0000000100000000)
 Metaspace       used 17923K, capacity 18240K, committed 18304K, reserved 1064960K
  class space    used 2027K, capacity 2164K, committed 2176K, reserved 1048576K
2017-02-25T18:24:55.662+0100: 2,007: [GC (Allocation Failure) 2017-02-25T18:24:55.662+0100: 2,007: [ParNew
Desired survivor size 20112992 bytes, new threshold 8 (max 8)
- age   1:   12043272 bytes,   12043272 total
: 87424K->11874K(109248K), 0,0155080 secs] 87424K->11874K(502464K), 0,0155879 secs] [Times: user=0,05 sys=0,00, real=0,02 secs] 
Heap after GC invocations=1 (full 0):
 par new generation   total 109248K, used 11874K [0x00000000e0000000, 0x00000000e8000000, 0x00000000e8000000)
  eden space 87424K,   0% used [0x00000000e0000000, 0x00000000e0000000, 0x00000000e5560000)
  from space 21824K,  54% used [0x00000000e6ab0000, 0x00000000e7648bb0, 0x00000000e8000000)
  to   space 21824K,   0% used [0x00000000e5560000, 0x00000000e5560000, 0x00000000e6ab0000)
 concurrent mark-sweep generation total 393216K, used 0K [0x00000000e8000000, 0x0000000100000000, 0x0000000100000000)
 Metaspace       used 17923K, capacity 18240K, committed 18304K, reserved 1064960K
  class space    used 2027K, capacity 2164K, committed 2176K, reserved 1048576K
}
2017-02-25T18:24:55.678+0100: 2,022: Total time for which application threads were stopped: 0,0158248 seconds, Stopping threads took: 0,0000590 seconds
2017-02-25T18:24:55.989+0100: 2,334: Total time for which application threads were stopped: 0,0003236 seconds, Stopping threads took: 0,0000586 seconds
{Heap before GC invocations=1 (full 0):
 par new generation   total 109248K, used 99298K [0x00000000e0000000, 0x00000000e8000000, 0x00000000e8000000)
  eden space 87424K, 100% used [0x00000000e0000000, 0x00000000e5560000, 0x00000000e5560000)
  from space 21824K,  54% used [0x00000000e6ab0000, 0x00000000e7648bb0, 0x00000000e8000000)
  to   space 21824K,   0% used [0x00000000e5560000, 0x00000000e5560000, 0x00000000e6ab0000)
 concurrent mark-sweep generation total 393216K, used 0K [0x00000000e8000000, 0x0000000100000000, 0x0000000100000000)
 Metaspace       used 20011K, capacity 20358K, committed 20736K, reserved 1067008K
  class space    used 2292K, capacity 2465K, committed 2560K, reserved 1048576K
2017-02-25T18:24:56.031+0100: 2,375: [GC (Allocation Failure) 2017-02-25T18:24:56.031+0100: 2,375: [ParNew
Desired survivor size 20112992 bytes, new threshold 8 (max 8)
- age   1:    3941392 bytes,    3941392 total
- age   2:    6592648 bytes,   10534040 total
: 99298K->13601K(109248K), 0,0210095 secs] 99298K->13601K(502464K), 0,0210954 secs] [Times: user=0,07 sys=0,00, real=0,02 secs] 
Heap after GC invocations=2 (full 0):
 par new generation   total 109248K, used 13601K [0x00000000e0000000, 0x00000000e8000000, 0x00000000e8000000)
  eden space 87424K,   0% used [0x00000000e0000000, 0x00000000e0000000, 0x00000000e5560000)
  from space 21824K,  62% used [0x00000000e5560000, 0x00000000e62a8518, 0x00000000e6ab0000)
  to   space 21824K,   0% used [0x00000000e6ab0000, 0x00000000e6ab0000, 0x00000000e8000000)
 concurrent mark-sweep generation total 393216K, used 0K [0x00000000e8000000, 0x0000000100000000, 0x0000000100000000)
 Metaspace       used 20011K, capacity 20358K, committed 20736K, reserved 1067008K
  class space    used 2292K, capacity 2465K, committed 2560K, reserved 1048576K
}
2017-02-25T18:24:56.052+0100: 2,396: Total time for which application threads were stopped: 0,0213828 seconds, Stopping threads took: 0,0000932 seconds
2017-02-25T18:24:56.074+0100: 2,418: Total time for which application threads were stopped: 0,0039722 seconds, Stopping threads took: 0,0036393 seconds
2017-02-25T18:24:56.107+0100: 2,452: Total time for which application threads were stopped: 0,0005000 seconds, Stopping threads took: 0,0001911 seconds
2017-02-25T18:24:56.235+0100: 2,580: Total time for which application threads were stopped: 0,0002126 seconds, Stopping threads took: 0,0000459 seconds
{Heap before GC invocations=2 (full 0):
 par new generation   total 109248K, used 101025K [0x00000000e0000000, 0x00000000e8000000, 0x00000000e8000000)
  eden space 87424K, 100% used [0x00000000e0000000, 0x00000000e5560000, 0x00000000e5560000)
  from space 21824K,  62% used [0x00000000e5560000, 0x00000000e62a8518, 0x00000000e6ab0000)
  to   space 21824K,   0% used [0x00000000e6ab0000, 0x00000000e6ab0000, 0x00000000e8000000)
 concurrent mark-sweep generation total 393216K, used 0K [0x00000000e8000000, 0x0000000100000000, 0x0000000100000000)
 Metaspace       used 20949K, capacity 21280K, committed 21628K, reserved 1069056K
  class space    used 2414K, capacity 2584K, committed 2684K, reserved 1048576K
2017-02-25T18:24:56.270+0100: 2,614: [GC (Allocation Failure) 2017-02-25T18:24:56.270+0100: 2,614: [ParNew
Desired survivor size 20112992 bytes, new threshold 8 (max 8)
- age   1:    2191112 bytes,    2191112 total
- age   2:     882472 bytes,    3073584 total
- age   3:    6590664 bytes,    9664248 total
: 101025K->14501K(109248K), 0,0099769 secs] 101025K->14501K(502464K), 0,0100558 secs] [Times: user=0,03 sys=0,00, real=0,01 secs] 
Heap after GC invocations=3 (full 0):
 par new generation   total 109248K, used 14501K [0x00000000e0000000, 0x00000000e8000000, 0x00000000e8000000)
  eden space 87424K,   0% used [0x00000000e0000000, 0x00000000e0000000, 0x00000000e5560000)
  from space 21824K,  66% used [0x00000000e6ab0000, 0x00000000e78d9730, 0x00000000e8000000)
  to   space 21824K,   0% used [0x00000000e5560000, 0x00000000e5560000, 0x00000000e6ab0000)
 concurrent mark-sweep generation total 393216K, used 0K [0x00000000e8000000, 0x0000000100000000, 0x0000000100000000)
 Metaspace       used 20949K, capacity 21280K, committed 21628K, reserved 1069056K
  class space    used 2414K, capacity 2584K, committed 2684K, reserved 1048576K
}
2017-02-25T18:24:56.280+0100: 2,624: Total time for which application threads were stopped: 0,0140974 seconds, Stopping threads took: 0,0038816 seconds
2017-02-25T18:24:56.280+0100: 2,624: [GC (CMS Initial Mark) [1 CMS-initial-mark: 0K(393216K)] 15235K(502464K), 0,0050923 secs] [Times: user=0,02 sys=0,00, real=0,00 secs] 
2017-02-25T18:24:56.285+0100: 2,629: Total time for which application threads were stopped: 0,0052394 seconds, Stopping threads took: 0,0000471 seconds
2017-02-25T18:24:56.285+0100: 2,629: [CMS-concurrent-mark-start]
2017-02-25T18:24:56.286+0100: 2,630: [CMS-concurrent-mark: 0,001/0,001 secs] [Times: user=0,00 sys=0,00, real=0,00 secs] 
2017-02-25T18:24:56.286+0100: 2,630: [CMS-concurrent-preclean-start]
2017-02-25T18:24:56.287+0100: 2,631: [CMS-concurrent-preclean: 0,001/0,001 secs] [Times: user=0,00 sys=0,00, real=0,00 secs] 
2017-02-25T18:24:56.287+0100: 2,631: [CMS-concurrent-abortable-preclean-start]
2017-02-25T18:24:56.414+0100: 2,758: Total time for which application threads were stopped: 0,0001632 seconds, Stopping threads took: 0,0000370 seconds
{Heap before GC invocations=3 (full 1):
 par new generation   total 109248K, used 101925K [0x00000000e0000000, 0x00000000e8000000, 0x00000000e8000000)
  eden space 87424K, 100% used [0x00000000e0000000, 0x00000000e5560000, 0x00000000e5560000)
  from space 21824K,  66% used [0x00000000e6ab0000, 0x00000000e78d9730, 0x00000000e8000000)
  to   space 21824K,   0% used [0x00000000e5560000, 0x00000000e5560000, 0x00000000e6ab0000)
 concurrent mark-sweep generation total 393216K, used 0K [0x00000000e8000000, 0x0000000100000000, 0x0000000100000000)
 Metaspace       used 21230K, capacity 21548K, committed 21884K, reserved 1069056K
  class space    used 2445K, capacity 2600K, committed 2684K, reserved 1048576K
2017-02-25T18:24:56.414+0100: 2,759: [GC (Allocation Failure) 2017-02-25T18:24:56.414+0100: 2,759: [ParNew
Desired survivor size 20112992 bytes, new threshold 8 (max 8)
- age   1:    1026640 bytes,    1026640 total
- age   2:    1481328 bytes,    2507968 total
- age   3:     878784 bytes,    3386752 total
- age   4:    6590600 bytes,    9977352 total
: 101925K->11428K(109248K), 0,0111777 secs] 101925K->11428K(502464K), 0,0112431 secs] [Times: user=0,04 sys=0,00, real=0,01 secs] 
Heap after GC invocations=4 (full 1):
 par new generation   total 109248K, used 11428K [0x00000000e0000000, 0x00000000e8000000, 0x00000000e8000000)
  eden space 87424K,   0% used [0x00000000e0000000, 0x00000000e0000000, 0x00000000e5560000)
  from space 21824K,  52% used [0x00000000e5560000, 0x00000000e60892c0, 0x00000000e6ab0000)
  to   space 21824K,   0% used [0x00000000e6ab0000, 0x00000000e6ab0000, 0x00000000e8000000)
 concurrent mark-sweep generation total 393216K, used 0K [0x00000000e8000000, 0x0000000100000000, 0x0000000100000000)
 Metaspace       used 21230K, capacity 21548K, committed 21884K, reserved 1069056K
  class space    used 2445K, capacity 2600K, committed 2684K, reserved 1048576K
}
2017-02-25T18:24:56.426+0100: 2,770: Total time for which application threads were stopped: 0,0114230 seconds, Stopping threads took: 0,0000536 seconds
{Heap before GC invocations=4 (full 1):
 par new generation   total 109248K, used 98852K [0x00000000e0000000, 0x00000000e8000000, 0x00000000e8000000)
  eden space 87424K, 100% used [0x00000000e0000000, 0x00000000e5560000, 0x00000000e5560000)
  from space 21824K,  52% used [0x00000000e5560000, 0x00000000e60892c0, 0x00000000e6ab0000)
  to   space 21824K,   0% used [0x00000000e6ab0000, 0x00000000e6ab0000, 0x00000000e8000000)
 concurrent mark-sweep generation total 393216K, used 0K [0x00000000e8000000, 0x0000000100000000, 0x0000000100000000)
 Metaspace       used 21378K, capacity 21782K, committed 21884K, reserved 1069056K
  class space    used 2465K, capacity 2633K, committed 2684K, reserved 1048576K
2017-02-25T18:24:56.506+0100: 2,850: [GC (Allocation Failure) 2017-02-25T18:24:56.506+0100: 2,850: [ParNew
Desired survivor size 20112992 bytes, new threshold 8 (max 8)
- age   1:     832880 bytes,     832880 total
- age   2:     174008 bytes,    1006888 total
- age   3:    1481064 bytes,    2487952 total
- age   4:     874736 bytes,    3362688 total
- age   5:    6590896 bytes,    9953584 total
: 98852K->12390K(109248K), 0,0116923 secs] 98852K->12390K(502464K), 0,0117786 secs] [Times: user=0,04 sys=0,00, real=0,01 secs] 
Heap after GC invocations=5 (full 1):
 par new generation   total 109248K, used 12390K [0x00000000e0000000, 0x00000000e8000000, 0x00000000e8000000)
  eden space 87424K,   0% used [0x00000000e0000000, 0x00000000e0000000, 0x00000000e5560000)
  from space 21824K,  56% used [0x00000000e6ab0000, 0x00000000e76c9800, 0x00000000e8000000)
  to   space 21824K,   0% used [0x00000000e5560000, 0x00000000e5560000, 0x00000000e6ab0000)
 concurrent mark-sweep generation total 393216K, used 0K [0x00000000e8000000, 0x0000000100000000, 0x0000000100000000)
 Metaspace       used 21378K, capacity 21782K, committed 21884K, reserved 1069056K
  class space    used 2465K, capacity 2633K, committed 2684K, reserved 1048576K
}
2017-02-25T18:24:56.518+0100: 2,862: Total time for which application threads were stopped: 0,0120003 seconds, Stopping threads took: 0,0000453 seconds
2017-02-25T18:24:56.518+0100: 2,862: [CMS-concurrent-abortable-preclean: 0,128/0,231 secs] [Times: user=0,87 sys=0,00, real=0,24 secs] 
2017-02-25T18:24:56.518+0100: 2,863: [GC (CMS Final Remark) [YG occupancy: 13710 K (109248 K)]{Heap before GC invocations=5 (full 1):
 par new generation   total 109248K, used 13710K [0x00000000e0000000, 0x00000000e8000000, 0x00000000e8000000)
  eden space 87424K,   1% used [0x00000000e0000000, 0x00000000e014a0e8, 0x00000000e5560000)
  from space 21824K,  56% used [0x00000000e6ab0000, 0x00000000e76c9800, 0x00000000e8000000)
  to   space 21824K,   0% used [0x00000000e5560000, 0x00000000e5560000, 0x00000000e6ab0000)
 concurrent mark-sweep generation total 393216K, used 0K [0x00000000e8000000, 0x0000000100000000, 0x0000000100000000)
 Metaspace       used 21378K, capacity 21782K, committed 21884K, reserved 1069056K
  class space    used 2465K, capacity 2633K, committed 2684K, reserved 1048576K
2017-02-25T18:24:56.518+0100: 2,863: [GC (CMS Final Remark) 2017-02-25T18:24:56.518+0100: 2,863: [ParNew
Desired survivor size 20112992 bytes, new threshold 8 (max 8)
- age   1:      49760 bytes,      49760 total
- age   2:     783568 bytes,     833328 total
- age   3:     174008 bytes,    1007336 total
- age   4:    1481352 bytes,    2488688 total
- age   5:     874736 bytes,    3363424 total
- age   6:    6590552 bytes,    9953976 total
: 13710K->16371K(109248K), 0,0148676 secs] 13710K->16371K(502464K), 0,0149233 secs] [Times: user=0,05 sys=0,00, real=0,01 secs] 
Heap after GC invocations=6 (full 1):
 par new generation   total 109248K, used 16371K [0x00000000e0000000, 0x00000000e8000000, 0x00000000e8000000)
  eden space 87424K,   0% used [0x00000000e0000000, 0x00000000e0000000, 0x00000000e5560000)
  from space 21824K,  75% used [0x00000000e5560000, 0x00000000e655cd00, 0x00000000e6ab0000)
  to   space 21824K,   0% used [0x00000000e6ab0000, 0x00000000e6ab0000, 0x00000000e8000000)
 concurrent mark-sweep generation total 393216K, used 0K [0x00000000e8000000, 0x0000000100000000, 0x0000000100000000)
 Metaspace       used 21378K, capacity 21782K, committed 21884K, reserved 1069056K
  class space    used 2465K, capacity 2633K, committed 2684K, reserved 1048576K
}
2017-02-25T18:24:56.533+0100: 2,878: [Rescan (parallel) , 0,0032994 secs]2017-02-25T18:24:56.536+0100: 2,881: [weak refs processing, 0,0003628 secs]2017-02-25T18:24:56.537+0100: 2,881: [class unloading, 0,0028527 secs]2017-02-25T18:24:56.540+0100: 2,884: [scrub symbol table, 0,0033255 secs]2017-02-25T18:24:56.543+0100: 2,887: [scrub string table, 0,0003631 secs][1 CMS-remark: 0K(393216K)] 16371K(502464K), 0,0258011 secs] [Times: user=0,07 sys=0,00, real=0,02 secs] 
2017-02-25T18:24:56.544+0100: 2,888: Total time for which application threads were stopped: 0,0263462 seconds, Stopping threads took: 0,0004490 seconds
2017-02-25T18:24:56.546+0100: 2,891: [CMS-concurrent-sweep-start]
2017-02-25T18:24:56.546+0100: 2,891: [CMS-concurrent-sweep: 0,000/0,000 secs] [Times: user=0,00 sys=0,00, real=0,00 secs] 
2017-02-25T18:24:56.546+0100: 2,891: [CMS-concurrent-reset-start]
2017-02-25T18:24:56.549+0100: 2,893: [CMS-concurrent-reset: 0,002/0,002 secs] [Times: user=0,01 sys=0,00, real=0,00 secs] 
2017-02-25T18:24:56.584+0100: 2,928: Total time for which application threads were stopped: 0,0002965 seconds, Stopping threads took: 0,0000165 seconds
2017-02-25T18:24:56.751+0100: 3,095: Total time for which application threads were stopped: 0,0004263 seconds, Stopping threads took: 0,0000465 seconds
2017-02-25T18:24:56.773+0100: 3,117: Total time for which application threads were stopped: 0,0004486 seconds, Stopping threads took: 0,0000433 seconds
{Heap before GC invocations=6 (full 1):
 par new generation   total 109248K, used 103795K [0x00000000e0000000, 0x00000000e8000000, 0x00000000e8000000)
  eden space 87424K, 100% used [0x00000000e0000000, 0x00000000e5560000, 0x00000000e5560000)
  from space 21824K,  75% used [0x00000000e5560000, 0x00000000e655cd00, 0x00000000e6ab0000)
  to   space 21824K,   0% used [0x00000000e6ab0000, 0x00000000e6ab0000, 0x00000000e8000000)
 concurrent mark-sweep generation total 393216K, used 0K [0x00000000e8000000, 0x0000000100000000, 0x0000000100000000)
 Metaspace       used 24210K, capacity 24670K, committed 24828K, reserved 1071104K
  class space    used 2849K, capacity 3041K, committed 3068K, reserved 1048576K
2017-02-25T18:24:56.947+0100: 3,291: [GC (Allocation Failure) 2017-02-25T18:24:56.947+0100: 3,291: [ParNew
Desired survivor size 20112992 bytes, new threshold 8 (max 8)
- age   1:    4858824 bytes,    4858824 total
- age   3:     111864 bytes,    4970688 total
- age   4:     172520 bytes,    5143208 total
- age   5:     311248 bytes,    5454456 total
- age   6:     850400 bytes,    6304856 total
- age   7:    6583760 bytes,   12888616 total
: 103795K->13114K(109248K), 0,0138274 secs] 103795K->13114K(502464K), 0,0138995 secs] [Times: user=0,04 sys=0,00, real=0,02 secs] 
Heap after GC invocations=7 (full 1):
 par new generation   total 109248K, used 13114K [0x00000000e0000000, 0x00000000e8000000, 0x00000000e8000000)
  eden space 87424K,   0% used [0x00000000e0000000, 0x00000000e0000000, 0x00000000e5560000)
  from space 21824K,  60% used [0x00000000e6ab0000, 0x00000000e777e948, 0x00000000e8000000)
  to   space 21824K,   0% used [0x00000000e5560000, 0x00000000e5560000, 0x00000000e6ab0000)
 concurrent mark-sweep generation total 393216K, used 0K [0x00000000e8000000, 0x0000000100000000, 0x0000000100000000)
 Metaspace       used 24210K, capacity 24670K, committed 24828K, reserved 1071104K
  class space    used 2849K, capacity 3041K, committed 3068K, reserved 1048576K
}
2017-02-25T18:24:56.961+0100: 3,305: Total time for which application threads were stopped: 0,0141530 seconds, Stopping threads took: 0,0000612 seconds
{Heap before GC invocations=7 (full 1):
 par new generation   total 109248K, used 100538K [0x00000000e0000000, 0x00000000e8000000, 0x00000000e8000000)
  eden space 87424K, 100% used [0x00000000e0000000, 0x00000000e5560000, 0x00000000e5560000)
  from space 21824K,  60% used [0x00000000e6ab0000, 0x00000000e777e948, 0x00000000e8000000)
  to   space 21824K,   0% used [0x00000000e5560000, 0x00000000e5560000, 0x00000000e6ab0000)
 concurrent mark-sweep generation total 393216K, used 0K [0x00000000e8000000, 0x0000000100000000, 0x0000000100000000)
 Metaspace       used 24759K, capacity 25236K, committed 25468K, reserved 1071104K
  class space    used 2898K, capacity 3077K, committed 3196K, reserved 1048576K
2017-02-25T18:24:57.092+0100: 3,437: [GC (Allocation Failure) 2017-02-25T18:24:57.093+0100: 3,437: [ParNew
Desired survivor size 20112992 bytes, new threshold 8 (max 8)
- age   1:    1296960 bytes,    1296960 total
- age   2:    1775680 bytes,    3072640 total
- age   4:      74704 bytes,    3147344 total
- age   5:     143048 bytes,    3290392 total
- age   6:     256584 bytes,    3546976 total
- age   7:     832784 bytes,    4379760 total
- age   8:    6317400 bytes,   10697160 total
: 100538K->15948K(109248K), 0,0110588 secs] 100538K->15948K(502464K), 0,0111353 secs] [Times: user=0,04 sys=0,00, real=0,01 secs] 
Heap after GC invocations=8 (full 1):
 par new generation   total 109248K, used 15948K [0x00000000e0000000, 0x00000000e8000000, 0x00000000e8000000)
  eden space 87424K,   0% used [0x00000000e0000000, 0x00000000e0000000, 0x00000000e5560000)
  from space 21824K,  73% used [0x00000000e5560000, 0x00000000e64f30c0, 0x00000000e6ab0000)
  to   space 21824K,   0% used [0x00000000e6ab0000, 0x00000000e6ab0000, 0x00000000e8000000)
 concurrent mark-sweep generation total 393216K, used 0K [0x00000000e8000000, 0x0000000100000000, 0x0000000100000000)
 Metaspace       used 24759K, capacity 25236K, committed 25468K, reserved 1071104K
  class space    used 2898K, capacity 3077K, committed 3196K, reserved 1048576K
}
2017-02-25T18:24:57.104+0100: 3,448: Total time for which application threads were stopped: 0,0113949 seconds, Stopping threads took: 0,0000840 seconds
2017-02-25T18:24:57.366+0100: 3,710: Total time for which application threads were stopped: 0,0005347 seconds, Stopping threads took: 0,0000511 seconds
2017-02-25T18:24:57.388+0100: 3,732: Total time for which application threads were stopped: 0,0004105 seconds, Stopping threads took: 0,0000342 seconds
2017-02-25T18:24:57.450+0100: 3,794: Total time for which application threads were stopped: 0,0017233 seconds, Stopping threads took: 0,0012734 seconds
2017-02-25T18:24:57.596+0100: 3,941: Total time for which application threads were stopped: 0,0005034 seconds, Stopping threads took: 0,0000250 seconds
2017-02-25T18:24:57.706+0100: 4,050: Total time for which application threads were stopped: 0,0005243 seconds, Stopping threads took: 0,0000234 seconds
2017-02-25T18:25:00.706+0100: 7,051: Total time for which application threads were stopped: 0,0000670 seconds, Stopping threads took: 0,0000164 seconds
2017-02-25T18:25:25.132+0100: 32,053: Total time for which application threads were stopped: 0,0000939 seconds, Stopping threads took: 0,0000226 seconds
2017-02-25T18:26:50.142+0100: 117,063: Total time for which application threads were stopped: 0,0001498 seconds, Stopping threads took: 0,0000686 seconds
2017-02-25T18:27:00.143+0100: 127,064: Total time for which application threads were stopped: 0,0000828 seconds, Stopping threads took: 0,0000333 seconds
{Heap before GC invocations=8 (full 1):
 par new generation   total 109248K, used 103372K [0x00000000e0000000, 0x00000000e8000000, 0x00000000e8000000)
  eden space 87424K, 100% used [0x00000000e0000000, 0x00000000e5560000, 0x00000000e5560000)
  from space 21824K,  73% used [0x00000000e5560000, 0x00000000e64f30c0, 0x00000000e6ab0000)
  to   space 21824K,   0% used [0x00000000e6ab0000, 0x00000000e6ab0000, 0x00000000e8000000)
 concurrent mark-sweep generation total 393216K, used 0K [0x00000000e8000000, 0x0000000100000000, 0x0000000100000000)
 Metaspace       used 27986K, capacity 28558K, committed 28796K, reserved 1075200K
  class space    used 3218K, capacity 3392K, committed 3452K, reserved 1048576K
2017-02-25T18:27:49.124+0100: 176,045: [GC (Allocation Failure) 2017-02-25T18:27:49.124+0100: 176,045: [ParNew
Desired survivor size 20112992 bytes, new threshold 8 (max 8)
- age   1:   13070392 bytes,   13070392 total
- age   2:     291904 bytes,   13362296 total
- age   3:    1754128 bytes,   15116424 total
- age   5:      69776 bytes,   15186200 total
- age   6:     142760 bytes,   15328960 total
- age   7:     255800 bytes,   15584760 total
- age   8:     829792 bytes,   16414552 total
: 103372K->20619K(109248K), 0,0543555 secs] 103372K->27377K(502464K), 0,0544771 secs] [Times: user=0,19 sys=0,00, real=0,05 secs] 
Heap after GC invocations=9 (full 1):
 par new generation   total 109248K, used 20619K [0x00000000e0000000, 0x00000000e8000000, 0x00000000e8000000)
  eden space 87424K,   0% used [0x00000000e0000000, 0x00000000e0000000, 0x00000000e5560000)
  from space 21824K,  94% used [0x00000000e6ab0000, 0x00000000e7ed2ed0, 0x00000000e8000000)
  to   space 21824K,   0% used [0x00000000e5560000, 0x00000000e5560000, 0x00000000e6ab0000)
 concurrent mark-sweep generation total 393216K, used 6757K [0x00000000e8000000, 0x0000000100000000, 0x0000000100000000)
 Metaspace       used 27986K, capacity 28558K, committed 28796K, reserved 1075200K
  class space    used 3218K, capacity 3392K, committed 3452K, reserved 1048576K
}
2017-02-25T18:27:49.178+0100: 176,099: Total time for which application threads were stopped: 0,0548181 seconds, Stopping threads took: 0,0001329 seconds
2017-02-25T18:48:24.344+0100: 1411,265: Total time for which application threads were stopped: 0,0001727 seconds, Stopping threads took: 0,0000648 seconds
2017-02-25T18:49:14.352+0100: 1461,273: Total time for which application threads were stopped: 0,0001701 seconds, Stopping threads took: 0,0000592 seconds
2017-02-25T18:49:29.355+0100: 1476,276: Total time for which application threads were stopped: 0,0000925 seconds, Stopping threads took: 0,0000323 seconds
2017-02-25T18:50:54.368+0100: 1561,289: Total time for which application threads were stopped: 0,0001416 seconds, Stopping threads took: 0,0000514 seconds
2017-02-25T18:51:35.375+0100: 1602,296: Total time for which application threads were stopped: 0,0001872 seconds, Stopping threads took: 0,0000655 seconds
2017-02-25T18:52:24.383+0100: 1651,304: Total time for which application threads were stopped: 0,0001981 seconds, Stopping threads took: 0,0000664 seconds
2017-02-25T18:52:29.383+0100: 1656,305: Total time for which application threads were stopped: 0,0001392 seconds, Stopping threads took: 0,0000308 seconds
2017-02-25T19:03:14.488+0100: 2301,409: Total time for which application threads were stopped: 0,0001653 seconds, Stopping threads took: 0,0000556 seconds
2017-02-25T19:03:15.489+0100: 2302,410: Total time for which application threads were stopped: 0,0001379 seconds, Stopping threads took: 0,0000304 seconds
2017-02-25T19:07:24.530+0100: 2551,451: Total time for which application threads were stopped: 0,0001916 seconds, Stopping threads took: 0,0000667 seconds
2017-02-25T19:12:14.576+0100: 2841,497: Total time for which application threads were stopped: 0,0001026 seconds, Stopping threads took: 0,0000386 seconds
2017-02-25T19:18:05.626+0100: 3192,548: Total time for which application threads were stopped: 0,0001667 seconds, Stopping threads took: 0,0000567 seconds
2017-02-25T19:18:10.627+0100: 3197,548: Total time for which application threads were stopped: 0,0000670 seconds, Stopping threads took: 0,0000148 seconds
2017-02-25T19:18:24.629+0100: 3211,550: Total time for which application threads were stopped: 0,0000839 seconds, Stopping threads took: 0,0000295 seconds
2017-02-25T19:23:24.673+0100: 3511,594: Total time for which application threads were stopped: 0,0002113 seconds, Stopping threads took: 0,0001010 seconds
2017-02-25T19:29:59.731+0100: 3906,652: Total time for which application threads were stopped: 0,0002351 seconds, Stopping threads took: 0,0000739 seconds
2017-02-25T19:50:10.844+0100: 5117,766: Total time for which application threads were stopped: 0,0000943 seconds, Stopping threads took: 0,0000335 seconds
2017-02-25T20:09:15.938+0100: 6262,859: Total time for which application threads were stopped: 0,0000911 seconds, Stopping threads took: 0,0000360 seconds
2017-02-25T20:25:55.017+0100: 7261,939: Total time for which application threads were stopped: 0,0000825 seconds, Stopping threads took: 0,0000299 seconds
2017-02-25T20:32:55.050+0100: 7681,971: Total time for which application threads were stopped: 0,0000936 seconds, Stopping threads took: 0,0000308 seconds
2017-02-25T20:33:25.052+0100: 7711,973: Total time for which application threads were stopped: 0,0000974 seconds, Stopping threads took: 0,0000343 seconds
2017-02-25T20:56:08.604+0100: 9075,525: Total time for which application threads were stopped: 0,0001636 seconds, Stopping threads took: 0,0000260 seconds
2017-02-25T20:56:08.644+0100: 9075,565: Total time for which application threads were stopped: 0,0018850 seconds, Stopping threads took: 0,0017874 seconds
2017-02-25T20:56:08.653+0100: 9075,574: Total time for which application threads were stopped: 0,0001739 seconds, Stopping threads took: 0,0000195 seconds
Heap
 par new generation   total 109248K, used 38805K [0x00000000e0000000, 0x00000000e8000000, 0x00000000e8000000)
  eden space 87424K,  20% used [0x00000000e0000000, 0x00000000e11c2580, 0x00000000e5560000)
  from space 21824K,  94% used [0x00000000e6ab0000, 0x00000000e7ed2ed0, 0x00000000e8000000)
  to   space 21824K,   0% used [0x00000000e5560000, 0x00000000e5560000, 0x00000000e6ab0000)
 concurrent mark-sweep generation total 393216K, used 6757K [0x00000000e8000000, 0x0000000100000000, 0x0000000100000000)
 Metaspace       used 28141K, capacity 28724K, committed 28796K, reserved 1075200K
  class space    used 3231K, capacity 3425K, committed 3452K, reserved 1048576K
