OpenJDK 64-Bit Server VM (25.121-b13) for linux-amd64 JRE (1.8.0_121-8u121-b13-0ubuntu1.16.04.2-b13), built on Jan 23 2017 15:51:29 by "buildd" with gcc 5.4.0 20160609
Memory: 4k page, physical 7867800k(7503060k free), swap 8076284k(8076284k free)
CommandLine flags: -XX:CMSInitiatingOccupancyFraction=50 -XX:CMSMaxAbortablePrecleanTime=6000 -XX:+CMSParallelRemarkEnabled -XX:+CMSScavengeBeforeRemark -XX:ConcGCThreads=4 -XX:InitialHeapSize=536870912 -XX:MaxHeapSize=536870912 -XX:MaxTenuringThreshold=8 -XX:NewRatio=3 -XX:OldPLABSize=16 -XX:OnOutOfMemoryError=/opt/solr/bin/oom_solr.sh 8983 /var/solr/logs -XX:ParallelGCThreads=4 -XX:+ParallelRefProcEnabled -XX:PretenureSizeThreshold=67108864 -XX:+PrintGC -XX:+PrintGCApplicationStoppedTime -XX:+PrintGCDateStamps -XX:+PrintGCDetails -XX:+PrintGCTimeStamps -XX:+PrintHeapAtGC -XX:+PrintTenuringDistribution -XX:SurvivorRatio=4 -XX:TargetSurvivorRatio=90 -XX:ThreadStackSize=256 -XX:+UseCMSInitiatingOccupancyOnly -XX:+UseCompressedClassPointers -XX:+UseCompressedOops -XX:+UseConcMarkSweepGC -XX:+UseParNewGC 
2017-02-23T10:39:38.833+0100: 0,176: Total time for which application threads were stopped: 0,0000896 seconds, Stopping threads took: 0,0000122 seconds
2017-02-23T10:39:38.913+0100: 0,255: Total time for which application threads were stopped: 0,0001269 seconds, Stopping threads took: 0,0000151 seconds
2017-02-23T10:39:38.965+0100: 0,307: Total time for which application threads were stopped: 0,0001163 seconds, Stopping threads took: 0,0000254 seconds
2017-02-23T10:39:39.722+0100: 1,064: Total time for which application threads were stopped: 0,0004914 seconds, Stopping threads took: 0,0000825 seconds
2017-02-23T10:39:39.788+0100: 1,130: Total time for which application threads were stopped: 0,0001685 seconds, Stopping threads took: 0,0000205 seconds
2017-02-23T10:39:39.813+0100: 1,155: Total time for which application threads were stopped: 0,0001476 seconds, Stopping threads took: 0,0000201 seconds
2017-02-23T10:39:40.050+0100: 1,392: Total time for which application threads were stopped: 0,0002087 seconds, Stopping threads took: 0,0000263 seconds
2017-02-23T10:39:40.262+0100: 1,604: Total time for which application threads were stopped: 0,0001923 seconds, Stopping threads took: 0,0000158 seconds
2017-02-23T10:39:40.284+0100: 1,626: Total time for which application threads were stopped: 0,0002942 seconds, Stopping threads took: 0,0000417 seconds
2017-02-23T10:39:40.310+0100: 1,652: Total time for which application threads were stopped: 0,0002613 seconds, Stopping threads took: 0,0000216 seconds
2017-02-23T10:39:40.312+0100: 1,654: Total time for which application threads were stopped: 0,0002096 seconds, Stopping threads took: 0,0000176 seconds
2017-02-23T10:39:40.324+0100: 1,666: Total time for which application threads were stopped: 0,0001767 seconds, Stopping threads took: 0,0000169 seconds
2017-02-23T10:39:40.392+0100: 1,734: Total time for which application threads were stopped: 0,0002525 seconds, Stopping threads took: 0,0000256 seconds
2017-02-23T10:39:40.558+0100: 1,900: Total time for which application threads were stopped: 0,0003398 seconds, Stopping threads took: 0,0000985 seconds
{Heap before GC invocations=0 (full 0):
 par new generation   total 109248K, used 87424K [0x00000000e0000000, 0x00000000e8000000, 0x00000000e8000000)
  eden space 87424K, 100% used [0x00000000e0000000, 0x00000000e5560000, 0x00000000e5560000)
  from space 21824K,   0% used [0x00000000e5560000, 0x00000000e5560000, 0x00000000e6ab0000)
  to   space 21824K,   0% used [0x00000000e6ab0000, 0x00000000e6ab0000, 0x00000000e8000000)
 concurrent mark-sweep generation total 393216K, used 0K [0x00000000e8000000, 0x0000000100000000, 0x0000000100000000)
 Metaspace       used 17871K, capacity 18176K, committed 18304K, reserved 1064960K
  class space    used 2024K, capacity 2164K, committed 2176K, reserved 1048576K
2017-02-23T10:39:40.610+0100: 1,952: [GC (Allocation Failure) 2017-02-23T10:39:40.610+0100: 1,952: [ParNew
Desired survivor size 20112992 bytes, new threshold 8 (max 8)
- age   1:   11782440 bytes,   11782440 total
: 87424K->11610K(109248K), 0,0152476 secs] 87424K->11610K(502464K), 0,0153318 secs] [Times: user=0,04 sys=0,01, real=0,02 secs] 
Heap after GC invocations=1 (full 0):
 par new generation   total 109248K, used 11610K [0x00000000e0000000, 0x00000000e8000000, 0x00000000e8000000)
  eden space 87424K,   0% used [0x00000000e0000000, 0x00000000e0000000, 0x00000000e5560000)
  from space 21824K,  53% used [0x00000000e6ab0000, 0x00000000e7606948, 0x00000000e8000000)
  to   space 21824K,   0% used [0x00000000e5560000, 0x00000000e5560000, 0x00000000e6ab0000)
 concurrent mark-sweep generation total 393216K, used 0K [0x00000000e8000000, 0x0000000100000000, 0x0000000100000000)
 Metaspace       used 17871K, capacity 18176K, committed 18304K, reserved 1064960K
  class space    used 2024K, capacity 2164K, committed 2176K, reserved 1048576K
}
2017-02-23T10:39:40.626+0100: 1,968: Total time for which application threads were stopped: 0,0194867 seconds, Stopping threads took: 0,0039906 seconds
2017-02-23T10:39:40.985+0100: 2,327: Total time for which application threads were stopped: 0,0003189 seconds, Stopping threads took: 0,0000281 seconds
{Heap before GC invocations=1 (full 0):
 par new generation   total 109248K, used 99034K [0x00000000e0000000, 0x00000000e8000000, 0x00000000e8000000)
  eden space 87424K, 100% used [0x00000000e0000000, 0x00000000e5560000, 0x00000000e5560000)
  from space 21824K,  53% used [0x00000000e6ab0000, 0x00000000e7606948, 0x00000000e8000000)
  to   space 21824K,   0% used [0x00000000e5560000, 0x00000000e5560000, 0x00000000e6ab0000)
 concurrent mark-sweep generation total 393216K, used 0K [0x00000000e8000000, 0x0000000100000000, 0x0000000100000000)
 Metaspace       used 20053K, capacity 20382K, committed 20736K, reserved 1067008K
  class space    used 2298K, capacity 2477K, committed 2560K, reserved 1048576K
2017-02-23T10:39:41.010+0100: 2,352: [GC (Allocation Failure) 2017-02-23T10:39:41.010+0100: 2,352: [ParNew
Desired survivor size 20112992 bytes, new threshold 8 (max 8)
- age   1:    3997600 bytes,    3997600 total
- age   2:    6359344 bytes,   10356944 total
: 99034K->15167K(109248K), 0,0102538 secs] 99034K->15167K(502464K), 0,0103237 secs] [Times: user=0,04 sys=0,00, real=0,01 secs] 
Heap after GC invocations=2 (full 0):
 par new generation   total 109248K, used 15167K [0x00000000e0000000, 0x00000000e8000000, 0x00000000e8000000)
  eden space 87424K,   0% used [0x00000000e0000000, 0x00000000e0000000, 0x00000000e5560000)
  from space 21824K,  69% used [0x00000000e5560000, 0x00000000e642fe80, 0x00000000e6ab0000)
  to   space 21824K,   0% used [0x00000000e6ab0000, 0x00000000e6ab0000, 0x00000000e8000000)
 concurrent mark-sweep generation total 393216K, used 0K [0x00000000e8000000, 0x0000000100000000, 0x0000000100000000)
 Metaspace       used 20053K, capacity 20382K, committed 20736K, reserved 1067008K
  class space    used 2298K, capacity 2477K, committed 2560K, reserved 1048576K
}
2017-02-23T10:39:41.021+0100: 2,363: Total time for which application threads were stopped: 0,0111644 seconds, Stopping threads took: 0,0006996 seconds
2017-02-23T10:39:41.031+0100: 2,373: Total time for which application threads were stopped: 0,0003393 seconds, Stopping threads took: 0,0000490 seconds
2017-02-23T10:39:41.059+0100: 2,401: Total time for which application threads were stopped: 0,0003897 seconds, Stopping threads took: 0,0000802 seconds
2017-02-23T10:39:41.189+0100: 2,531: Total time for which application threads were stopped: 0,0002073 seconds, Stopping threads took: 0,0000569 seconds
{Heap before GC invocations=2 (full 0):
 par new generation   total 109248K, used 102591K [0x00000000e0000000, 0x00000000e8000000, 0x00000000e8000000)
  eden space 87424K, 100% used [0x00000000e0000000, 0x00000000e5560000, 0x00000000e5560000)
  from space 21824K,  69% used [0x00000000e5560000, 0x00000000e642fe80, 0x00000000e6ab0000)
  to   space 21824K,   0% used [0x00000000e6ab0000, 0x00000000e6ab0000, 0x00000000e8000000)
 concurrent mark-sweep generation total 393216K, used 0K [0x00000000e8000000, 0x0000000100000000, 0x0000000100000000)
 Metaspace       used 20966K, capacity 21304K, committed 21552K, reserved 1069056K
  class space    used 2422K, capacity 2596K, committed 2608K, reserved 1048576K
2017-02-23T10:39:41.209+0100: 2,551: [GC (Allocation Failure) 2017-02-23T10:39:41.209+0100: 2,551: [ParNew
Desired survivor size 20112992 bytes, new threshold 8 (max 8)
- age   1:    2112168 bytes,    2112168 total
- age   2:    1142192 bytes,    3254360 total
- age   3:    6356072 bytes,    9610432 total
: 102591K->11376K(109248K), 0,0119872 secs] 102591K->11376K(502464K), 0,0120771 secs] [Times: user=0,04 sys=0,00, real=0,01 secs] 
Heap after GC invocations=3 (full 0):
 par new generation   total 109248K, used 11376K [0x00000000e0000000, 0x00000000e8000000, 0x00000000e8000000)
  eden space 87424K,   0% used [0x00000000e0000000, 0x00000000e0000000, 0x00000000e5560000)
  from space 21824K,  52% used [0x00000000e6ab0000, 0x00000000e75cc200, 0x00000000e8000000)
  to   space 21824K,   0% used [0x00000000e5560000, 0x00000000e5560000, 0x00000000e6ab0000)
 concurrent mark-sweep generation total 393216K, used 0K [0x00000000e8000000, 0x0000000100000000, 0x0000000100000000)
 Metaspace       used 20966K, capacity 21304K, committed 21552K, reserved 1069056K
  class space    used 2422K, capacity 2596K, committed 2608K, reserved 1048576K
}
2017-02-23T10:39:41.221+0100: 2,563: Total time for which application threads were stopped: 0,0122792 seconds, Stopping threads took: 0,0000544 seconds
2017-02-23T10:39:41.221+0100: 2,563: [GC (CMS Initial Mark) [1 CMS-initial-mark: 0K(393216K)] 11392K(502464K), 0,0030121 secs] [Times: user=0,01 sys=0,00, real=0,01 secs] 
2017-02-23T10:39:41.224+0100: 2,567: Total time for which application threads were stopped: 0,0031801 seconds, Stopping threads took: 0,0000502 seconds
2017-02-23T10:39:41.225+0100: 2,567: [CMS-concurrent-mark-start]
2017-02-23T10:39:41.235+0100: 2,577: [CMS-concurrent-mark: 0,010/0,010 secs] [Times: user=0,04 sys=0,00, real=0,01 secs] 
2017-02-23T10:39:41.235+0100: 2,577: [CMS-concurrent-preclean-start]
2017-02-23T10:39:41.236+0100: 2,578: [CMS-concurrent-preclean: 0,001/0,001 secs] [Times: user=0,00 sys=0,00, real=0,00 secs] 
2017-02-23T10:39:41.236+0100: 2,578: [CMS-concurrent-abortable-preclean-start]
2017-02-23T10:39:41.334+0100: 2,676: Total time for which application threads were stopped: 0,0002879 seconds, Stopping threads took: 0,0001944 seconds
{Heap before GC invocations=3 (full 1):
 par new generation   total 109248K, used 98800K [0x00000000e0000000, 0x00000000e8000000, 0x00000000e8000000)
  eden space 87424K, 100% used [0x00000000e0000000, 0x00000000e5560000, 0x00000000e5560000)
  from space 21824K,  52% used [0x00000000e6ab0000, 0x00000000e75cc200, 0x00000000e8000000)
  to   space 21824K,   0% used [0x00000000e5560000, 0x00000000e5560000, 0x00000000e6ab0000)
 concurrent mark-sweep generation total 393216K, used 0K [0x00000000e8000000, 0x0000000100000000, 0x0000000100000000)
 Metaspace       used 21237K, capacity 21570K, committed 21756K, reserved 1069056K
  class space    used 2449K, capacity 2609K, committed 2736K, reserved 1048576K
2017-02-23T10:39:41.358+0100: 2,700: [GC (Allocation Failure) 2017-02-23T10:39:41.358+0100: 2,700: [ParNew
Desired survivor size 20112992 bytes, new threshold 8 (max 8)
- age   1:    1341592 bytes,    1341592 total
- age   2:    1464312 bytes,    2805904 total
- age   3:    1107432 bytes,    3913336 total
- age   4:    6356248 bytes,   10269584 total
: 98800K->14806K(109248K), 0,0098916 secs] 98800K->14806K(502464K), 0,0099597 secs] [Times: user=0,03 sys=0,00, real=0,01 secs] 
Heap after GC invocations=4 (full 1):
 par new generation   total 109248K, used 14806K [0x00000000e0000000, 0x00000000e8000000, 0x00000000e8000000)
  eden space 87424K,   0% used [0x00000000e0000000, 0x00000000e0000000, 0x00000000e5560000)
  from space 21824K,  67% used [0x00000000e5560000, 0x00000000e63d59e8, 0x00000000e6ab0000)
  to   space 21824K,   0% used [0x00000000e6ab0000, 0x00000000e6ab0000, 0x00000000e8000000)
 concurrent mark-sweep generation total 393216K, used 0K [0x00000000e8000000, 0x0000000100000000, 0x0000000100000000)
 Metaspace       used 21237K, capacity 21570K, committed 21756K, reserved 1069056K
  class space    used 2449K, capacity 2609K, committed 2736K, reserved 1048576K
}
2017-02-23T10:39:41.368+0100: 2,710: Total time for which application threads were stopped: 0,0121313 seconds, Stopping threads took: 0,0020469 seconds
2017-02-23T10:39:41.368+0100: 2,710: [CMS-concurrent-abortable-preclean: 0,099/0,133 secs] [Times: user=0,48 sys=0,00, real=0,13 secs] 
2017-02-23T10:39:41.369+0100: 2,711: [GC (CMS Final Remark) [YG occupancy: 16777 K (109248 K)]{Heap before GC invocations=4 (full 1):
 par new generation   total 109248K, used 16777K [0x00000000e0000000, 0x00000000e8000000, 0x00000000e8000000)
  eden space 87424K,   2% used [0x00000000e0000000, 0x00000000e01ecd00, 0x00000000e5560000)
  from space 21824K,  67% used [0x00000000e5560000, 0x00000000e63d59e8, 0x00000000e6ab0000)
  to   space 21824K,   0% used [0x00000000e6ab0000, 0x00000000e6ab0000, 0x00000000e8000000)
 concurrent mark-sweep generation total 393216K, used 0K [0x00000000e8000000, 0x0000000100000000, 0x0000000100000000)
 Metaspace       used 21237K, capacity 21570K, committed 21756K, reserved 1069056K
  class space    used 2449K, capacity 2609K, committed 2736K, reserved 1048576K
2017-02-23T10:39:41.369+0100: 2,711: [GC (CMS Final Remark) 2017-02-23T10:39:41.369+0100: 2,711: [ParNew
Desired survivor size 20112992 bytes, new threshold 8 (max 8)
- age   1:     129272 bytes,     129272 total
- age   2:    1148616 bytes,    1277888 total
- age   3:    1464312 bytes,    2742200 total
- age   4:    1107432 bytes,    3849632 total
- age   5:    6356352 bytes,   10205984 total
: 16777K->13220K(109248K), 0,0096229 secs] 16777K->13220K(502464K), 0,0096601 secs] [Times: user=0,04 sys=0,00, real=0,01 secs] 
Heap after GC invocations=5 (full 1):
 par new generation   total 109248K, used 13220K [0x00000000e0000000, 0x00000000e8000000, 0x00000000e8000000)
  eden space 87424K,   0% used [0x00000000e0000000, 0x00000000e0000000, 0x00000000e5560000)
  from space 21824K,  60% used [0x00000000e6ab0000, 0x00000000e7799328, 0x00000000e8000000)
  to   space 21824K,   0% used [0x00000000e5560000, 0x00000000e5560000, 0x00000000e6ab0000)
 concurrent mark-sweep generation total 393216K, used 0K [0x00000000e8000000, 0x0000000100000000, 0x0000000100000000)
 Metaspace       used 21237K, capacity 21570K, committed 21756K, reserved 1069056K
  class space    used 2449K, capacity 2609K, committed 2736K, reserved 1048576K
}
2017-02-23T10:39:41.378+0100: 2,720: [Rescan (parallel) , 0,0039021 secs]2017-02-23T10:39:41.382+0100: 2,724: [weak refs processing, 0,0012388 secs]2017-02-23T10:39:41.384+0100: 2,726: [class unloading, 0,0028239 secs]2017-02-23T10:39:41.386+0100: 2,728: [scrub symbol table, 0,0025424 secs]2017-02-23T10:39:41.389+0100: 2,731: [scrub string table, 0,0004750 secs][1 CMS-remark: 0K(393216K)] 13220K(502464K), 0,0212895 secs] [Times: user=0,06 sys=0,00, real=0,02 secs] 
2017-02-23T10:39:41.390+0100: 2,732: Total time for which application threads were stopped: 0,0214115 seconds, Stopping threads took: 0,0000497 seconds
2017-02-23T10:39:41.390+0100: 2,732: [CMS-concurrent-sweep-start]
2017-02-23T10:39:41.390+0100: 2,732: [CMS-concurrent-sweep: 0,000/0,000 secs] [Times: user=0,00 sys=0,00, real=0,00 secs] 
2017-02-23T10:39:41.390+0100: 2,732: [CMS-concurrent-reset-start]
2017-02-23T10:39:41.393+0100: 2,735: [CMS-concurrent-reset: 0,002/0,002 secs] [Times: user=0,01 sys=0,00, real=0,00 secs] 
{Heap before GC invocations=5 (full 1):
 par new generation   total 109248K, used 100644K [0x00000000e0000000, 0x00000000e8000000, 0x00000000e8000000)
  eden space 87424K, 100% used [0x00000000e0000000, 0x00000000e5560000, 0x00000000e5560000)
  from space 21824K,  60% used [0x00000000e6ab0000, 0x00000000e7799328, 0x00000000e8000000)
  to   space 21824K,   0% used [0x00000000e5560000, 0x00000000e5560000, 0x00000000e6ab0000)
 concurrent mark-sweep generation total 393216K, used 0K [0x00000000e8000000, 0x0000000100000000, 0x0000000100000000)
 Metaspace       used 21368K, capacity 21804K, committed 22012K, reserved 1069056K
  class space    used 2470K, capacity 2643K, committed 2736K, reserved 1048576K
2017-02-23T10:39:41.488+0100: 2,830: [GC (Allocation Failure) 2017-02-23T10:39:41.488+0100: 2,830: [ParNew
Desired survivor size 20112992 bytes, new threshold 8 (max 8)
- age   1:     439552 bytes,     439552 total
- age   2:        872 bytes,     440424 total
- age   3:     168680 bytes,     609104 total
- age   4:    1464248 bytes,    2073352 total
- age   5:    1105384 bytes,    3178736 total
- age   6:    6356360 bytes,    9535096 total
: 100644K->11714K(109248K), 0,0096358 secs] 100644K->11714K(502464K), 0,0097067 secs] [Times: user=0,03 sys=0,00, real=0,01 secs] 
Heap after GC invocations=6 (full 1):
 par new generation   total 109248K, used 11714K [0x00000000e0000000, 0x00000000e8000000, 0x00000000e8000000)
  eden space 87424K,   0% used [0x00000000e0000000, 0x00000000e0000000, 0x00000000e5560000)
  from space 21824K,  53% used [0x00000000e5560000, 0x00000000e60d0918, 0x00000000e6ab0000)
  to   space 21824K,   0% used [0x00000000e6ab0000, 0x00000000e6ab0000, 0x00000000e8000000)
 concurrent mark-sweep generation total 393216K, used 0K [0x00000000e8000000, 0x0000000100000000, 0x0000000100000000)
 Metaspace       used 21368K, capacity 21804K, committed 22012K, reserved 1069056K
  class space    used 2470K, capacity 2643K, committed 2736K, reserved 1048576K
}
2017-02-23T10:39:41.498+0100: 2,840: Total time for which application threads were stopped: 0,0099308 seconds, Stopping threads took: 0,0000866 seconds
2017-02-23T10:39:41.538+0100: 2,880: Total time for which application threads were stopped: 0,0003070 seconds, Stopping threads took: 0,0000186 seconds
2017-02-23T10:39:41.725+0100: 3,067: Total time for which application threads were stopped: 0,0004361 seconds, Stopping threads took: 0,0000464 seconds
2017-02-23T10:39:41.741+0100: 3,083: Total time for which application threads were stopped: 0,0003990 seconds, Stopping threads took: 0,0000241 seconds
{Heap before GC invocations=6 (full 1):
 par new generation   total 109248K, used 99138K [0x00000000e0000000, 0x00000000e8000000, 0x00000000e8000000)
  eden space 87424K, 100% used [0x00000000e0000000, 0x00000000e5560000, 0x00000000e5560000)
  from space 21824K,  53% used [0x00000000e5560000, 0x00000000e60d0918, 0x00000000e6ab0000)
  to   space 21824K,   0% used [0x00000000e6ab0000, 0x00000000e6ab0000, 0x00000000e8000000)
 concurrent mark-sweep generation total 393216K, used 0K [0x00000000e8000000, 0x0000000100000000, 0x0000000100000000)
 Metaspace       used 24270K, capacity 24702K, committed 24880K, reserved 1071104K
  class space    used 2853K, capacity 3052K, committed 3120K, reserved 1048576K
2017-02-23T10:39:41.919+0100: 3,261: [GC (Allocation Failure) 2017-02-23T10:39:41.919+0100: 3,261: [ParNew
Desired survivor size 20112992 bytes, new threshold 8 (max 8)
- age   1:    4761480 bytes,    4761480 total
- age   2:     120896 bytes,    4882376 total
- age   3:        872 bytes,    4883248 total
- age   4:     167248 bytes,    5050496 total
- age   5:     294304 bytes,    5344800 total
- age   6:    1081024 bytes,    6425824 total
- age   7:    6349056 bytes,   12774880 total
: 99138K->16570K(109248K), 0,0168990 secs] 99138K->16570K(502464K), 0,0169764 secs] [Times: user=0,06 sys=0,00, real=0,02 secs] 
Heap after GC invocations=7 (full 1):
 par new generation   total 109248K, used 16570K [0x00000000e0000000, 0x00000000e8000000, 0x00000000e8000000)
  eden space 87424K,   0% used [0x00000000e0000000, 0x00000000e0000000, 0x00000000e5560000)
  from space 21824K,  75% used [0x00000000e6ab0000, 0x00000000e7ade800, 0x00000000e8000000)
  to   space 21824K,   0% used [0x00000000e5560000, 0x00000000e5560000, 0x00000000e6ab0000)
 concurrent mark-sweep generation total 393216K, used 0K [0x00000000e8000000, 0x0000000100000000, 0x0000000100000000)
 Metaspace       used 24270K, capacity 24702K, committed 24880K, reserved 1071104K
  class space    used 2853K, capacity 3052K, committed 3120K, reserved 1048576K
}
2017-02-23T10:39:41.936+0100: 3,278: Total time for which application threads were stopped: 0,0174002 seconds, Stopping threads took: 0,0000850 seconds
{Heap before GC invocations=7 (full 1):
 par new generation   total 109248K, used 103994K [0x00000000e0000000, 0x00000000e8000000, 0x00000000e8000000)
  eden space 87424K, 100% used [0x00000000e0000000, 0x00000000e5560000, 0x00000000e5560000)
  from space 21824K,  75% used [0x00000000e6ab0000, 0x00000000e7ade800, 0x00000000e8000000)
  to   space 21824K,   0% used [0x00000000e5560000, 0x00000000e5560000, 0x00000000e6ab0000)
 concurrent mark-sweep generation total 393216K, used 0K [0x00000000e8000000, 0x0000000100000000, 0x0000000100000000)
 Metaspace       used 24995K, capacity 25460K, committed 25648K, reserved 1071104K
  class space    used 2913K, capacity 3088K, committed 3120K, reserved 1048576K
2017-02-23T10:39:42.115+0100: 3,457: [GC (Allocation Failure) 2017-02-23T10:39:42.115+0100: 3,457: [ParNew
Desired survivor size 20112992 bytes, new threshold 8 (max 8)
- age   1:    1455416 bytes,    1455416 total
- age   2:    1771968 bytes,    3227384 total
- age   3:      83648 bytes,    3311032 total
- age   4:        584 bytes,    3311616 total
- age   5:     133064 bytes,    3444680 total
- age   6:     247280 bytes,    3691960 total
- age   7:    1003464 bytes,    4695424 total
- age   8:    6132064 bytes,   10827488 total
: 103994K->15186K(109248K), 0,0120088 secs] 103994K->15186K(502464K), 0,0120878 secs] [Times: user=0,04 sys=0,00, real=0,01 secs] 
Heap after GC invocations=8 (full 1):
 par new generation   total 109248K, used 15186K [0x00000000e0000000, 0x00000000e8000000, 0x00000000e8000000)
  eden space 87424K,   0% used [0x00000000e0000000, 0x00000000e0000000, 0x00000000e5560000)
  from space 21824K,  69% used [0x00000000e5560000, 0x00000000e64349c8, 0x00000000e6ab0000)
  to   space 21824K,   0% used [0x00000000e6ab0000, 0x00000000e6ab0000, 0x00000000e8000000)
 concurrent mark-sweep generation total 393216K, used 0K [0x00000000e8000000, 0x0000000100000000, 0x0000000100000000)
 Metaspace       used 24995K, capacity 25460K, committed 25648K, reserved 1071104K
  class space    used 2913K, capacity 3088K, committed 3120K, reserved 1048576K
}
2017-02-23T10:39:42.127+0100: 3,469: Total time for which application threads were stopped: 0,0123231 seconds, Stopping threads took: 0,0000647 seconds
2017-02-23T10:39:42.300+0100: 3,642: Total time for which application threads were stopped: 0,0003838 seconds, Stopping threads took: 0,0000193 seconds
2017-02-23T10:39:42.355+0100: 3,697: Total time for which application threads were stopped: 0,0004765 seconds, Stopping threads took: 0,0000265 seconds
2017-02-23T10:39:42.371+0100: 3,713: Total time for which application threads were stopped: 0,0004907 seconds, Stopping threads took: 0,0000337 seconds
2017-02-23T10:39:42.443+0100: 3,785: Total time for which application threads were stopped: 0,0033210 seconds, Stopping threads took: 0,0028718 seconds
2017-02-23T10:39:42.721+0100: 4,063: Total time for which application threads were stopped: 0,0003342 seconds, Stopping threads took: 0,0000245 seconds
2017-02-23T10:39:45.721+0100: 7,063: Total time for which application threads were stopped: 0,0000926 seconds, Stopping threads took: 0,0000196 seconds
2017-02-23T10:40:10.728+0100: 32,070: Total time for which application threads were stopped: 0,0001029 seconds, Stopping threads took: 0,0000387 seconds
2017-02-23T10:40:15.729+0100: 37,071: Total time for which application threads were stopped: 0,0000736 seconds, Stopping threads took: 0,0000166 seconds
2017-02-23T10:41:35.739+0100: 117,081: Total time for which application threads were stopped: 0,0000943 seconds, Stopping threads took: 0,0000383 seconds
2017-02-23T10:41:40.739+0100: 122,081: Total time for which application threads were stopped: 0,0000676 seconds, Stopping threads took: 0,0000165 seconds
2017-02-23T10:44:05.760+0100: 267,102: Total time for which application threads were stopped: 0,0001570 seconds, Stopping threads took: 0,0000630 seconds
2017-02-23T11:03:09.911+0100: 1411,253: Total time for which application threads were stopped: 0,0001005 seconds, Stopping threads took: 0,0000397 seconds
2017-02-23T11:07:39.952+0100: 1681,295: Total time for which application threads were stopped: 0,0001711 seconds, Stopping threads took: 0,0000616 seconds
2017-02-23T11:07:40.953+0100: 1682,295: Total time for which application threads were stopped: 0,0001081 seconds, Stopping threads took: 0,0000238 seconds
2017-02-23T11:17:56.048+0100: 2297,390: Total time for which application threads were stopped: 0,0000959 seconds, Stopping threads took: 0,0000347 seconds
2017-02-23T11:18:00.048+0100: 2301,391: Total time for which application threads were stopped: 0,0001388 seconds, Stopping threads took: 0,0000301 seconds
2017-02-23T11:18:01.049+0100: 2302,391: Total time for which application threads were stopped: 0,0001394 seconds, Stopping threads took: 0,0000306 seconds
2017-02-23T11:18:05.050+0100: 2306,392: Total time for which application threads were stopped: 0,0002071 seconds, Stopping threads took: 0,0000642 seconds
2017-02-23T11:22:10.087+0100: 2551,429: Total time for which application threads were stopped: 0,0001971 seconds, Stopping threads took: 0,0000690 seconds
2017-02-23T11:23:50.104+0100: 2651,446: Total time for which application threads were stopped: 0,0001745 seconds, Stopping threads took: 0,0000630 seconds
2017-02-23T11:24:40.111+0100: 2701,453: Total time for which application threads were stopped: 0,0001736 seconds, Stopping threads took: 0,0000607 seconds
2017-02-23T11:25:40.120+0100: 2761,462: Total time for which application threads were stopped: 0,0002417 seconds, Stopping threads took: 0,0000712 seconds
2017-02-23T11:32:51.185+0100: 3192,527: Total time for which application threads were stopped: 0,0001949 seconds, Stopping threads took: 0,0000662 seconds
2017-02-23T11:32:56.186+0100: 3197,528: Total time for which application threads were stopped: 0,0001467 seconds, Stopping threads took: 0,0000300 seconds
2017-02-23T11:33:40.193+0100: 3241,535: Total time for which application threads were stopped: 0,0001885 seconds, Stopping threads took: 0,0000697 seconds
2017-02-23T11:43:05.277+0100: 3806,619: Total time for which application threads were stopped: 0,0002029 seconds, Stopping threads took: 0,0000639 seconds
2017-02-23T11:43:15.279+0100: 3816,621: Total time for which application threads were stopped: 0,0001010 seconds, Stopping threads took: 0,0000204 seconds
2017-02-23T12:04:56.481+0100: 5117,823: Total time for which application threads were stopped: 0,0000819 seconds, Stopping threads took: 0,0000316 seconds
2017-02-23T12:05:01.482+0100: 5122,824: Total time for which application threads were stopped: 0,0000790 seconds, Stopping threads took: 0,0000284 seconds
2017-02-23T16:37:28.129+0100: 6392,574: Total time for which application threads were stopped: 0,0000872 seconds, Stopping threads took: 0,0000289 seconds
2017-02-23T16:50:27.223+0100: 7171,668: Total time for which application threads were stopped: 0,0001995 seconds, Stopping threads took: 0,0000616 seconds
2017-02-23T16:51:57.236+0100: 7261,681: Total time for which application threads were stopped: 0,0001377 seconds, Stopping threads took: 0,0000489 seconds
2017-02-23T16:58:57.288+0100: 7681,733: Total time for which application threads were stopped: 0,0000789 seconds, Stopping threads took: 0,0000276 seconds
2017-02-23T16:59:27.291+0100: 7711,736: Total time for which application threads were stopped: 0,0003214 seconds, Stopping threads took: 0,0001380 seconds
2017-02-23T18:02:57.641+0100: 11522,086: Total time for which application threads were stopped: 0,0001131 seconds, Stopping threads took: 0,0000368 seconds
2017-02-23T18:57:52.993+0100: 14817,438: Total time for which application threads were stopped: 0,0000848 seconds, Stopping threads took: 0,0000200 seconds
2017-02-23T19:26:27.229+0100: 16531,674: Total time for which application threads were stopped: 0,0001827 seconds, Stopping threads took: 0,0000634 seconds
{Heap before GC invocations=8 (full 1):
 par new generation   total 109248K, used 102610K [0x00000000e0000000, 0x00000000e8000000, 0x00000000e8000000)
  eden space 87424K, 100% used [0x00000000e0000000, 0x00000000e5560000, 0x00000000e5560000)
  from space 21824K,  69% used [0x00000000e5560000, 0x00000000e64349c8, 0x00000000e6ab0000)
  to   space 21824K,   0% used [0x00000000e6ab0000, 0x00000000e6ab0000, 0x00000000e8000000)
 concurrent mark-sweep generation total 393216K, used 0K [0x00000000e8000000, 0x0000000100000000, 0x0000000100000000)
 Metaspace       used 28143K, capacity 28740K, committed 29104K, reserved 1075200K
  class space    used 3227K, capacity 3406K, committed 3504K, reserved 1048576K
2017-02-24T00:11:28.029+0100: 33632,474: [GC (Allocation Failure) 2017-02-24T00:11:28.029+0100: 33632,474: [ParNew
Desired survivor size 20112992 bytes, new threshold 8 (max 8)
- age   1:   12816152 bytes,   12816152 total
- age   2:     367768 bytes,   13183920 total
- age   3:    1761584 bytes,   14945504 total
- age   4:      83648 bytes,   15029152 total
- age   5:        584 bytes,   15029736 total
- age   6:     132936 bytes,   15162672 total
- age   7:     247184 bytes,   15409856 total
- age   8:    1002104 bytes,   16411960 total
: 102610K->19133K(109248K), 0,1860061 secs] 102610K->25681K(502464K), 0,1861084 secs] [Times: user=0,11 sys=0,00, real=0,19 secs] 
Heap after GC invocations=9 (full 1):
 par new generation   total 109248K, used 19133K [0x00000000e0000000, 0x00000000e8000000, 0x00000000e8000000)
  eden space 87424K,   0% used [0x00000000e0000000, 0x00000000e0000000, 0x00000000e5560000)
  from space 21824K,  87% used [0x00000000e6ab0000, 0x00000000e7d5f670, 0x00000000e8000000)
  to   space 21824K,   0% used [0x00000000e5560000, 0x00000000e5560000, 0x00000000e6ab0000)
 concurrent mark-sweep generation total 393216K, used 6547K [0x00000000e8000000, 0x0000000100000000, 0x0000000100000000)
 Metaspace       used 28143K, capacity 28740K, committed 29104K, reserved 1075200K
  class space    used 3227K, capacity 3406K, committed 3504K, reserved 1048576K
}
2017-02-24T00:11:28.215+0100: 33632,660: Total time for which application threads were stopped: 0,1863010 seconds, Stopping threads took: 0,0000268 seconds
2017-02-24T00:11:28.235+0100: 33632,681: Total time for which application threads were stopped: 0,0001466 seconds, Stopping threads took: 0,0000579 seconds
2017-02-24T00:11:28.247+0100: 33632,692: Total time for which application threads were stopped: 0,0001263 seconds, Stopping threads took: 0,0000331 seconds
2017-02-24T00:11:28.252+0100: 33632,697: Total time for which application threads were stopped: 0,0001511 seconds, Stopping threads took: 0,0000653 seconds
2017-02-24T00:11:28.254+0100: 33632,699: Total time for which application threads were stopped: 0,0001000 seconds, Stopping threads took: 0,0000197 seconds
Heap
 par new generation   total 109248K, used 29069K [0x00000000e0000000, 0x00000000e8000000, 0x00000000e8000000)
  eden space 87424K,  11% used [0x00000000e0000000, 0x00000000e09b4040, 0x00000000e5560000)
  from space 21824K,  87% used [0x00000000e6ab0000, 0x00000000e7d5f670, 0x00000000e8000000)
  to   space 21824K,   0% used [0x00000000e5560000, 0x00000000e5560000, 0x00000000e6ab0000)
 concurrent mark-sweep generation total 393216K, used 6547K [0x00000000e8000000, 0x0000000100000000, 0x0000000100000000)
 Metaspace       used 28243K, capacity 28906K, committed 29104K, reserved 1075200K
  class space    used 3241K, capacity 3439K, committed 3504K, reserved 1048576K
