OpenJDK 64-Bit Server VM (25.91-b14) for linux-amd64 JRE (1.8.0_91-8u91-b14-3ubuntu1~16.04.1-b14), built on Jul 21 2016 04:13:34 by "buildd" with gcc 5.3.1 20160413
Memory: 4k page, physical 7867876k(7555644k free), swap 8076284k(8076284k free)
CommandLine flags: -XX:CMSInitiatingOccupancyFraction=50 -XX:CMSMaxAbortablePrecleanTime=6000 -XX:+CMSParallelRemarkEnabled -XX:+CMSScavengeBeforeRemark -XX:ConcGCThreads=4 -XX:InitialHeapSize=536870912 -XX:MaxHeapSize=536870912 -XX:MaxTenuringThreshold=8 -XX:NewRatio=3 -XX:OldPLABSize=16 -XX:OnOutOfMemoryError=/opt/solr/bin/oom_solr.sh 8983 /var/solr/logs -XX:ParallelGCThreads=4 -XX:+ParallelRefProcEnabled -XX:PretenureSizeThreshold=67108864 -XX:+PrintGC -XX:+PrintGCApplicationStoppedTime -XX:+PrintGCDateStamps -XX:+PrintGCDetails -XX:+PrintGCTimeStamps -XX:+PrintHeapAtGC -XX:+PrintTenuringDistribution -XX:SurvivorRatio=4 -XX:TargetSurvivorRatio=90 -XX:ThreadStackSize=256 -XX:+UseCMSInitiatingOccupancyOnly -XX:+UseCompressedClassPointers -XX:+UseCompressedOops -XX:+UseConcMarkSweepGC -XX:+UseParNewGC 
2016-11-03T09:25:16.267+0100: 0,108: Total time for which application threads were stopped: 0,0000609 seconds, Stopping threads took: 0,0000092 seconds
2016-11-03T09:25:16.357+0100: 0,198: Total time for which application threads were stopped: 0,0001006 seconds, Stopping threads took: 0,0000154 seconds
2016-11-03T09:25:16.398+0100: 0,239: Total time for which application threads were stopped: 0,0000901 seconds, Stopping threads took: 0,0000103 seconds
2016-11-03T09:25:16.557+0100: 0,398: Total time for which application threads were stopped: 0,0001097 seconds, Stopping threads took: 0,0000120 seconds
2016-11-03T09:25:16.713+0100: 0,554: Total time for which application threads were stopped: 0,0001443 seconds, Stopping threads took: 0,0000123 seconds
2016-11-03T09:25:16.765+0100: 0,606: Total time for which application threads were stopped: 0,0001367 seconds, Stopping threads took: 0,0000138 seconds
2016-11-03T09:25:16.781+0100: 0,622: Total time for which application threads were stopped: 0,0001884 seconds, Stopping threads took: 0,0000277 seconds
2016-11-03T09:25:17.016+0100: 0,857: Total time for which application threads were stopped: 0,0003318 seconds, Stopping threads took: 0,0000214 seconds
2016-11-03T09:25:17.434+0100: 1,275: Total time for which application threads were stopped: 0,0002467 seconds, Stopping threads took: 0,0000267 seconds
2016-11-03T09:25:17.509+0100: 1,350: Total time for which application threads were stopped: 0,0001881 seconds, Stopping threads took: 0,0000155 seconds
2016-11-03T09:25:17.510+0100: 1,351: Total time for which application threads were stopped: 0,0000860 seconds, Stopping threads took: 0,0000064 seconds
2016-11-03T09:25:17.521+0100: 1,362: Total time for which application threads were stopped: 0,0001592 seconds, Stopping threads took: 0,0000111 seconds
2016-11-03T09:25:17.589+0100: 1,430: Total time for which application threads were stopped: 0,0002023 seconds, Stopping threads took: 0,0000176 seconds
2016-11-03T09:25:17.758+0100: 1,599: Total time for which application threads were stopped: 0,0003966 seconds, Stopping threads took: 0,0001408 seconds
{Heap before GC invocations=0 (full 0):
 par new generation   total 109248K, used 87424K [0x00000000e0000000, 0x00000000e8000000, 0x00000000e8000000)
  eden space 87424K, 100% used [0x00000000e0000000, 0x00000000e5560000, 0x00000000e5560000)
  from space 21824K,   0% used [0x00000000e5560000, 0x00000000e5560000, 0x00000000e6ab0000)
  to   space 21824K,   0% used [0x00000000e6ab0000, 0x00000000e6ab0000, 0x00000000e8000000)
 concurrent mark-sweep generation total 393216K, used 0K [0x00000000e8000000, 0x0000000100000000, 0x0000000100000000)
 Metaspace       used 18296K, capacity 18598K, committed 18944K, reserved 1067008K
  class space    used 2084K, capacity 2196K, committed 2304K, reserved 1048576K
2016-11-03T09:25:17.908+0100: 1,749: [GC (Allocation Failure) 2016-11-03T09:25:17.908+0100: 1,749: [ParNew
Desired survivor size 20112992 bytes, new threshold 8 (max 8)
- age   1:   12244816 bytes,   12244816 total
: 87424K->12084K(109248K), 0,0237397 secs] 87424K->12084K(502464K), 0,0238354 secs] [Times: user=0,05 sys=0,03, real=0,02 secs] 
Heap after GC invocations=1 (full 0):
 par new generation   total 109248K, used 12084K [0x00000000e0000000, 0x00000000e8000000, 0x00000000e8000000)
  eden space 87424K,   0% used [0x00000000e0000000, 0x00000000e0000000, 0x00000000e5560000)
  from space 21824K,  55% used [0x00000000e6ab0000, 0x00000000e767d058, 0x00000000e8000000)
  to   space 21824K,   0% used [0x00000000e5560000, 0x00000000e5560000, 0x00000000e6ab0000)
 concurrent mark-sweep generation total 393216K, used 0K [0x00000000e8000000, 0x0000000100000000, 0x0000000100000000)
 Metaspace       used 18296K, capacity 18598K, committed 18944K, reserved 1067008K
  class space    used 2084K, capacity 2196K, committed 2304K, reserved 1048576K
}
2016-11-03T09:25:17.932+0100: 1,773: Total time for which application threads were stopped: 0,0240279 seconds, Stopping threads took: 0,0000189 seconds
2016-11-03T09:25:18.138+0100: 1,979: Total time for which application threads were stopped: 0,0013558 seconds, Stopping threads took: 0,0000330 seconds
2016-11-03T09:25:18.177+0100: 2,018: Total time for which application threads were stopped: 0,0002989 seconds, Stopping threads took: 0,0000266 seconds
2016-11-03T09:25:18.212+0100: 2,053: Total time for which application threads were stopped: 0,0003447 seconds, Stopping threads took: 0,0000396 seconds
{Heap before GC invocations=1 (full 0):
 par new generation   total 109248K, used 99508K [0x00000000e0000000, 0x00000000e8000000, 0x00000000e8000000)
  eden space 87424K, 100% used [0x00000000e0000000, 0x00000000e5560000, 0x00000000e5560000)
  from space 21824K,  55% used [0x00000000e6ab0000, 0x00000000e767d058, 0x00000000e8000000)
  to   space 21824K,   0% used [0x00000000e5560000, 0x00000000e5560000, 0x00000000e6ab0000)
 concurrent mark-sweep generation total 393216K, used 0K [0x00000000e8000000, 0x0000000100000000, 0x0000000100000000)
 Metaspace       used 20660K, capacity 20962K, committed 21248K, reserved 1069056K
  class space    used 2401K, capacity 2519K, committed 2560K, reserved 1048576K
2016-11-03T09:25:18.464+0100: 2,305: [GC (Allocation Failure) 2016-11-03T09:25:18.464+0100: 2,305: [ParNew
Desired survivor size 20112992 bytes, new threshold 8 (max 8)
- age   1:    2724720 bytes,    2724720 total
- age   2:    5990872 bytes,    8715592 total
: 99508K->12967K(109248K), 0,0157939 secs] 99508K->12967K(502464K), 0,0158609 secs] [Times: user=0,06 sys=0,00, real=0,01 secs] 
Heap after GC invocations=2 (full 0):
 par new generation   total 109248K, used 12967K [0x00000000e0000000, 0x00000000e8000000, 0x00000000e8000000)
  eden space 87424K,   0% used [0x00000000e0000000, 0x00000000e0000000, 0x00000000e5560000)
  from space 21824K,  59% used [0x00000000e5560000, 0x00000000e6209c78, 0x00000000e6ab0000)
  to   space 21824K,   0% used [0x00000000e6ab0000, 0x00000000e6ab0000, 0x00000000e8000000)
 concurrent mark-sweep generation total 393216K, used 0K [0x00000000e8000000, 0x0000000100000000, 0x0000000100000000)
 Metaspace       used 20660K, capacity 20962K, committed 21248K, reserved 1069056K
  class space    used 2401K, capacity 2519K, committed 2560K, reserved 1048576K
}
2016-11-03T09:25:18.480+0100: 2,321: Total time for which application threads were stopped: 0,0160854 seconds, Stopping threads took: 0,0000409 seconds
2016-11-03T09:25:18.548+0100: 2,389: Total time for which application threads were stopped: 0,0000809 seconds, Stopping threads took: 0,0000172 seconds
2016-11-03T09:25:18.560+0100: 2,401: Total time for which application threads were stopped: 0,0002553 seconds, Stopping threads took: 0,0000133 seconds
2016-11-03T09:25:18.566+0100: 2,407: Total time for which application threads were stopped: 0,0000924 seconds, Stopping threads took: 0,0000278 seconds
2016-11-03T09:25:18.611+0100: 2,452: Total time for which application threads were stopped: 0,0001305 seconds, Stopping threads took: 0,0000213 seconds
2016-11-03T09:25:18.641+0100: 2,482: Total time for which application threads were stopped: 0,0001009 seconds, Stopping threads took: 0,0000276 seconds
2016-11-03T09:25:18.659+0100: 2,500: Total time for which application threads were stopped: 0,0001163 seconds, Stopping threads took: 0,0000192 seconds
2016-11-03T09:25:18.662+0100: 2,503: Total time for which application threads were stopped: 0,0002521 seconds, Stopping threads took: 0,0000126 seconds
2016-11-03T09:25:18.691+0100: 2,532: Total time for which application threads were stopped: 0,0000937 seconds, Stopping threads took: 0,0000221 seconds
2016-11-03T09:25:18.713+0100: 2,554: Total time for which application threads were stopped: 0,0001038 seconds, Stopping threads took: 0,0000214 seconds
2016-11-03T09:25:18.729+0100: 2,570: Total time for which application threads were stopped: 0,0000843 seconds, Stopping threads took: 0,0000204 seconds
2016-11-03T09:25:18.742+0100: 2,583: Total time for which application threads were stopped: 0,0000831 seconds, Stopping threads took: 0,0000182 seconds
2016-11-03T09:25:18.770+0100: 2,611: Total time for which application threads were stopped: 0,0001091 seconds, Stopping threads took: 0,0000243 seconds
2016-11-03T09:25:18.815+0100: 2,656: Total time for which application threads were stopped: 0,0001273 seconds, Stopping threads took: 0,0000483 seconds
2016-11-03T09:25:18.842+0100: 2,683: Total time for which application threads were stopped: 0,0000866 seconds, Stopping threads took: 0,0000214 seconds
2016-11-03T09:25:18.883+0100: 2,724: Total time for which application threads were stopped: 0,0001173 seconds, Stopping threads took: 0,0000321 seconds
2016-11-03T09:25:18.930+0100: 2,771: Total time for which application threads were stopped: 0,0001157 seconds, Stopping threads took: 0,0000359 seconds
2016-11-03T09:25:18.960+0100: 2,801: Total time for which application threads were stopped: 0,0003728 seconds, Stopping threads took: 0,0000326 seconds
2016-11-03T09:25:18.973+0100: 2,814: Total time for which application threads were stopped: 0,0001115 seconds, Stopping threads took: 0,0000362 seconds
2016-11-03T09:25:19.015+0100: 2,856: Total time for which application threads were stopped: 0,0001214 seconds, Stopping threads took: 0,0000557 seconds
2016-11-03T09:25:19.043+0100: 2,884: Total time for which application threads were stopped: 0,0000986 seconds, Stopping threads took: 0,0000224 seconds
2016-11-03T09:25:19.063+0100: 2,904: Total time for which application threads were stopped: 0,0001186 seconds, Stopping threads took: 0,0000386 seconds
{Heap before GC invocations=2 (full 0):
 par new generation   total 109248K, used 100391K [0x00000000e0000000, 0x00000000e8000000, 0x00000000e8000000)
  eden space 87424K, 100% used [0x00000000e0000000, 0x00000000e5560000, 0x00000000e5560000)
  from space 21824K,  59% used [0x00000000e5560000, 0x00000000e6209c78, 0x00000000e6ab0000)
  to   space 21824K,   0% used [0x00000000e6ab0000, 0x00000000e6ab0000, 0x00000000e8000000)
 concurrent mark-sweep generation total 393216K, used 0K [0x00000000e8000000, 0x0000000100000000, 0x0000000100000000)
 Metaspace       used 26626K, capacity 27078K, committed 27272K, reserved 1073152K
  class space    used 3100K, capacity 3255K, committed 3320K, reserved 1048576K
2016-11-03T09:25:19.080+0100: 2,921: [GC (Allocation Failure) 2016-11-03T09:25:19.080+0100: 2,921: [ParNew
Desired survivor size 20112992 bytes, new threshold 8 (max 8)
- age   1:    8808800 bytes,    8808800 total
- age   2:     517504 bytes,    9326304 total
- age   3:    5980664 bytes,   15306968 total
: 100391K->16916K(109248K), 0,0163009 secs] 100391K->16916K(502464K), 0,0163546 secs] [Times: user=0,05 sys=0,00, real=0,02 secs] 
Heap after GC invocations=3 (full 0):
 par new generation   total 109248K, used 16916K [0x00000000e0000000, 0x00000000e8000000, 0x00000000e8000000)
  eden space 87424K,   0% used [0x00000000e0000000, 0x00000000e0000000, 0x00000000e5560000)
  from space 21824K,  77% used [0x00000000e6ab0000, 0x00000000e7b350c8, 0x00000000e8000000)
  to   space 21824K,   0% used [0x00000000e5560000, 0x00000000e5560000, 0x00000000e6ab0000)
 concurrent mark-sweep generation total 393216K, used 0K [0x00000000e8000000, 0x0000000100000000, 0x0000000100000000)
 Metaspace       used 26626K, capacity 27078K, committed 27272K, reserved 1073152K
  class space    used 3100K, capacity 3255K, committed 3320K, reserved 1048576K
}
2016-11-03T09:25:19.096+0100: 2,937: Total time for which application threads were stopped: 0,0165585 seconds, Stopping threads took: 0,0000591 seconds
2016-11-03T09:25:19.096+0100: 2,937: [GC (CMS Initial Mark) [1 CMS-initial-mark: 0K(393216K)] 16923K(502464K), 0,0049854 secs] [Times: user=0,01 sys=0,00, real=0,00 secs] 
2016-11-03T09:25:19.101+0100: 2,942: Total time for which application threads were stopped: 0,0051154 seconds, Stopping threads took: 0,0000392 seconds
2016-11-03T09:25:19.101+0100: 2,942: [CMS-concurrent-mark-start]
2016-11-03T09:25:19.102+0100: 2,943: [CMS-concurrent-mark: 0,000/0,000 secs] [Times: user=0,01 sys=0,00, real=0,00 secs] 
2016-11-03T09:25:19.102+0100: 2,943: [CMS-concurrent-preclean-start]
2016-11-03T09:25:19.103+0100: 2,944: [CMS-concurrent-preclean: 0,001/0,001 secs] [Times: user=0,00 sys=0,00, real=0,00 secs] 
2016-11-03T09:25:19.103+0100: 2,944: [CMS-concurrent-abortable-preclean-start]
2016-11-03T09:25:19.120+0100: 2,961: Total time for which application threads were stopped: 0,0000815 seconds, Stopping threads took: 0,0000244 seconds
2016-11-03T09:25:20.120+0100: 3,961: Total time for which application threads were stopped: 0,0000525 seconds, Stopping threads took: 0,0000178 seconds
2016-11-03T09:25:20.210+0100: 4,051: Total time for which application threads were stopped: 0,0004206 seconds, Stopping threads took: 0,0000258 seconds
2016-11-03T09:25:23.211+0100: 7,052: Total time for which application threads were stopped: 0,0001882 seconds, Stopping threads took: 0,0000749 seconds
 CMS: abort preclean due to time 2016-11-03T09:25:25.201+0100: 9,042: [CMS-concurrent-abortable-preclean: 2,615/6,098 secs] [Times: user=3,00 sys=0,02, real=6,10 secs] 
2016-11-03T09:25:25.202+0100: 9,043: [GC (CMS Final Remark) [YG occupancy: 27159 K (109248 K)]{Heap before GC invocations=3 (full 1):
 par new generation   total 109248K, used 27159K [0x00000000e0000000, 0x00000000e8000000, 0x00000000e8000000)
  eden space 87424K,  11% used [0x00000000e0000000, 0x00000000e0a00d50, 0x00000000e5560000)
  from space 21824K,  77% used [0x00000000e6ab0000, 0x00000000e7b350c8, 0x00000000e8000000)
  to   space 21824K,   0% used [0x00000000e5560000, 0x00000000e5560000, 0x00000000e6ab0000)
 concurrent mark-sweep generation total 393216K, used 0K [0x00000000e8000000, 0x0000000100000000, 0x0000000100000000)
 Metaspace       used 26940K, capacity 27308K, committed 27528K, reserved 1073152K
  class space    used 3145K, capacity 3288K, committed 3320K, reserved 1048576K
2016-11-03T09:25:25.202+0100: 9,043: [GC (CMS Final Remark) 2016-11-03T09:25:25.202+0100: 9,043: [ParNew
Desired survivor size 20112992 bytes, new threshold 8 (max 8)
- age   1:    2497416 bytes,    2497416 total
- age   2:    3534544 bytes,    6031960 total
- age   3:     517264 bytes,    6549224 total
- age   4:    5946816 bytes,   12496040 total
: 27159K->20485K(109248K), 0,0117942 secs] 27159K->20485K(502464K), 0,0118371 secs] [Times: user=0,03 sys=0,00, real=0,01 secs] 
Heap after GC invocations=4 (full 1):
 par new generation   total 109248K, used 20485K [0x00000000e0000000, 0x00000000e8000000, 0x00000000e8000000)
  eden space 87424K,   0% used [0x00000000e0000000, 0x00000000e0000000, 0x00000000e5560000)
  from space 21824K,  93% used [0x00000000e5560000, 0x00000000e6961590, 0x00000000e6ab0000)
  to   space 21824K,   0% used [0x00000000e6ab0000, 0x00000000e6ab0000, 0x00000000e8000000)
 concurrent mark-sweep generation total 393216K, used 0K [0x00000000e8000000, 0x0000000100000000, 0x0000000100000000)
 Metaspace       used 26940K, capacity 27308K, committed 27528K, reserved 1073152K
  class space    used 3145K, capacity 3288K, committed 3320K, reserved 1048576K
}
2016-11-03T09:25:25.214+0100: 9,055: [Rescan (parallel) , 0,0089432 secs]2016-11-03T09:25:25.223+0100: 9,064: [weak refs processing, 0,0008842 secs]2016-11-03T09:25:25.223+0100: 9,064: [class unloading, 0,0031561 secs]2016-11-03T09:25:25.227+0100: 9,068: [scrub symbol table, 0,0046428 secs]2016-11-03T09:25:25.231+0100: 9,072: [scrub string table, 0,0004261 secs][1 CMS-remark: 0K(393216K)] 20485K(502464K), 0,0306943 secs] [Times: user=0,08 sys=0,00, real=0,03 secs] 
2016-11-03T09:25:25.232+0100: 9,073: Total time for which application threads were stopped: 0,0307729 seconds, Stopping threads took: 0,0000137 seconds
2016-11-03T09:25:25.232+0100: 9,074: [CMS-concurrent-sweep-start]
2016-11-03T09:25:25.233+0100: 9,074: [CMS-concurrent-sweep: 0,000/0,000 secs] [Times: user=0,00 sys=0,00, real=0,00 secs] 
2016-11-03T09:25:25.233+0100: 9,074: [CMS-concurrent-reset-start]
2016-11-03T09:25:25.234+0100: 9,075: [CMS-concurrent-reset: 0,002/0,002 secs] [Times: user=0,00 sys=0,00, real=0,00 secs] 
2016-11-03T09:25:41.442+0100: 25,283: Total time for which application threads were stopped: 0,0000979 seconds, Stopping threads took: 0,0000208 seconds
2016-11-03T09:25:41.448+0100: 25,289: Total time for which application threads were stopped: 0,0000781 seconds, Stopping threads took: 0,0000176 seconds
2016-11-03T09:25:41.459+0100: 25,300: Total time for which application threads were stopped: 0,0002116 seconds, Stopping threads took: 0,0000850 seconds
2016-11-03T09:25:41.464+0100: 25,305: Total time for which application threads were stopped: 0,0004677 seconds, Stopping threads took: 0,0003684 seconds
2016-11-03T09:25:41.477+0100: 25,318: Total time for which application threads were stopped: 0,0106107 seconds, Stopping threads took: 0,0105106 seconds
2016-11-03T09:25:41.488+0100: 25,329: Total time for which application threads were stopped: 0,0005126 seconds, Stopping threads took: 0,0002001 seconds
2016-11-03T09:25:41.496+0100: 25,337: Total time for which application threads were stopped: 0,0001328 seconds, Stopping threads took: 0,0000458 seconds
2016-11-03T09:25:41.520+0100: 25,361: Total time for which application threads were stopped: 0,0003802 seconds, Stopping threads took: 0,0002434 seconds
2016-11-03T09:25:41.525+0100: 25,366: Total time for which application threads were stopped: 0,0004256 seconds, Stopping threads took: 0,0000375 seconds
2016-11-03T09:25:41.542+0100: 25,383: Total time for which application threads were stopped: 0,0001108 seconds, Stopping threads took: 0,0000237 seconds
2016-11-03T09:25:41.550+0100: 25,391: Total time for which application threads were stopped: 0,0001221 seconds, Stopping threads took: 0,0000370 seconds
2016-11-03T09:25:41.552+0100: 25,393: Total time for which application threads were stopped: 0,0001139 seconds, Stopping threads took: 0,0000405 seconds
2016-11-03T09:25:41.562+0100: 25,403: Total time for which application threads were stopped: 0,0004343 seconds, Stopping threads took: 0,0003389 seconds
2016-11-03T09:25:41.566+0100: 25,407: Total time for which application threads were stopped: 0,0004244 seconds, Stopping threads took: 0,0001766 seconds
2016-11-03T09:25:42.566+0100: 26,407: Total time for which application threads were stopped: 0,0000846 seconds, Stopping threads took: 0,0000217 seconds
2016-11-03T09:25:43.164+0100: 27,005: Total time for which application threads were stopped: 0,0002174 seconds, Stopping threads took: 0,0000640 seconds
2016-11-03T09:25:43.174+0100: 27,015: Total time for which application threads were stopped: 0,0000933 seconds, Stopping threads took: 0,0000292 seconds
2016-11-03T09:25:43.174+0100: 27,015: Total time for which application threads were stopped: 0,0000543 seconds, Stopping threads took: 0,0000177 seconds
2016-11-03T09:25:43.236+0100: 27,077: Total time for which application threads were stopped: 0,0005884 seconds, Stopping threads took: 0,0002691 seconds
2016-11-03T09:25:43.391+0100: 27,232: Total time for which application threads were stopped: 0,0136268 seconds, Stopping threads took: 0,0135405 seconds
2016-11-03T09:25:43.399+0100: 27,240: Total time for which application threads were stopped: 0,0077030 seconds, Stopping threads took: 0,0076174 seconds
2016-11-03T09:25:43.400+0100: 27,241: Total time for which application threads were stopped: 0,0001964 seconds, Stopping threads took: 0,0000506 seconds
2016-11-03T09:25:43.438+0100: 27,279: Total time for which application threads were stopped: 0,0000988 seconds, Stopping threads took: 0,0000240 seconds
2016-11-03T09:25:43.474+0100: 27,315: Total time for which application threads were stopped: 0,0000985 seconds, Stopping threads took: 0,0000251 seconds
2016-11-03T09:25:43.478+0100: 27,319: Total time for which application threads were stopped: 0,0000869 seconds, Stopping threads took: 0,0000202 seconds
2016-11-03T09:25:43.497+0100: 27,338: Total time for which application threads were stopped: 0,0000964 seconds, Stopping threads took: 0,0000261 seconds
2016-11-03T09:25:43.499+0100: 27,340: Total time for which application threads were stopped: 0,0000880 seconds, Stopping threads took: 0,0000269 seconds
2016-11-03T09:25:43.500+0100: 27,341: Total time for which application threads were stopped: 0,0000868 seconds, Stopping threads took: 0,0000233 seconds
2016-11-03T09:25:43.502+0100: 27,343: Total time for which application threads were stopped: 0,0000743 seconds, Stopping threads took: 0,0000149 seconds
2016-11-03T09:25:43.511+0100: 27,352: Total time for which application threads were stopped: 0,0001568 seconds, Stopping threads took: 0,0000572 seconds
2016-11-03T09:25:43.515+0100: 27,356: Total time for which application threads were stopped: 0,0010559 seconds, Stopping threads took: 0,0008540 seconds
2016-11-03T09:25:43.520+0100: 27,361: Total time for which application threads were stopped: 0,0018584 seconds, Stopping threads took: 0,0016953 seconds
2016-11-03T09:25:43.521+0100: 27,362: Total time for which application threads were stopped: 0,0001094 seconds, Stopping threads took: 0,0000242 seconds
2016-11-03T09:25:43.526+0100: 27,367: Total time for which application threads were stopped: 0,0029866 seconds, Stopping threads took: 0,0025245 seconds
2016-11-03T09:25:43.553+0100: 27,394: Total time for which application threads were stopped: 0,0000844 seconds, Stopping threads took: 0,0000234 seconds
2016-11-03T09:25:43.557+0100: 27,398: Total time for which application threads were stopped: 0,0004438 seconds, Stopping threads took: 0,0001632 seconds
2016-11-03T09:25:43.560+0100: 27,401: Total time for which application threads were stopped: 0,0002038 seconds, Stopping threads took: 0,0000861 seconds
2016-11-03T09:25:43.571+0100: 27,412: Total time for which application threads were stopped: 0,0001171 seconds, Stopping threads took: 0,0000443 seconds
2016-11-03T09:25:43.572+0100: 27,413: Total time for which application threads were stopped: 0,0000901 seconds, Stopping threads took: 0,0000244 seconds
2016-11-03T09:25:43.576+0100: 27,417: Total time for which application threads were stopped: 0,0001121 seconds, Stopping threads took: 0,0000387 seconds
2016-11-03T09:25:43.856+0100: 27,697: Total time for which application threads were stopped: 0,0001166 seconds, Stopping threads took: 0,0000337 seconds
2016-11-03T09:25:43.856+0100: 27,697: Total time for which application threads were stopped: 0,0001381 seconds, Stopping threads took: 0,0000393 seconds
2016-11-03T09:25:43.856+0100: 27,697: Total time for which application threads were stopped: 0,0000460 seconds, Stopping threads took: 0,0000155 seconds
2016-11-03T09:25:43.856+0100: 27,697: Total time for which application threads were stopped: 0,0000394 seconds, Stopping threads took: 0,0000124 seconds
2016-11-03T09:25:43.856+0100: 27,697: Total time for which application threads were stopped: 0,0000388 seconds, Stopping threads took: 0,0000052 seconds
2016-11-03T09:25:43.856+0100: 27,697: Total time for which application threads were stopped: 0,0000670 seconds, Stopping threads took: 0,0000354 seconds
2016-11-03T09:25:43.856+0100: 27,697: Total time for which application threads were stopped: 0,0001482 seconds, Stopping threads took: 0,0000248 seconds
2016-11-03T09:25:43.909+0100: 27,750: Total time for which application threads were stopped: 0,0000843 seconds, Stopping threads took: 0,0000188 seconds
2016-11-03T09:25:43.910+0100: 27,751: Total time for which application threads were stopped: 0,0000783 seconds, Stopping threads took: 0,0000160 seconds
2016-11-03T09:25:44.044+0100: 27,885: Total time for which application threads were stopped: 0,0001109 seconds, Stopping threads took: 0,0000246 seconds
2016-11-03T09:25:44.044+0100: 27,885: Total time for which application threads were stopped: 0,0000501 seconds, Stopping threads took: 0,0000080 seconds
2016-11-03T09:25:44.044+0100: 27,885: Total time for which application threads were stopped: 0,0000485 seconds, Stopping threads took: 0,0000073 seconds
2016-11-03T09:25:44.044+0100: 27,885: Total time for which application threads were stopped: 0,0000619 seconds, Stopping threads took: 0,0000187 seconds
2016-11-03T09:25:44.044+0100: 27,885: Total time for which application threads were stopped: 0,0004833 seconds, Stopping threads took: 0,0004400 seconds
2016-11-03T09:25:44.044+0100: 27,885: Total time for which application threads were stopped: 0,0000351 seconds, Stopping threads took: 0,0000065 seconds
2016-11-03T09:25:44.072+0100: 27,913: Total time for which application threads were stopped: 0,0001256 seconds, Stopping threads took: 0,0000489 seconds
2016-11-03T09:25:44.074+0100: 27,915: Total time for which application threads were stopped: 0,0001316 seconds, Stopping threads took: 0,0000210 seconds
2016-11-03T09:25:44.075+0100: 27,916: Total time for which application threads were stopped: 0,0001430 seconds, Stopping threads took: 0,0000192 seconds
2016-11-03T09:25:44.079+0100: 27,920: Total time for which application threads were stopped: 0,0002815 seconds, Stopping threads took: 0,0001997 seconds
2016-11-03T09:25:44.119+0100: 27,960: Total time for which application threads were stopped: 0,0001134 seconds, Stopping threads took: 0,0000198 seconds
2016-11-03T09:25:44.120+0100: 27,961: Total time for which application threads were stopped: 0,0000986 seconds, Stopping threads took: 0,0000210 seconds
2016-11-03T09:25:44.660+0100: 28,501: Total time for which application threads were stopped: 0,0001738 seconds, Stopping threads took: 0,0000677 seconds
2016-11-03T09:25:44.743+0100: 28,584: Total time for which application threads were stopped: 0,0001377 seconds, Stopping threads took: 0,0000237 seconds
2016-11-03T09:25:44.744+0100: 28,585: Total time for which application threads were stopped: 0,0001033 seconds, Stopping threads took: 0,0000231 seconds
2016-11-03T09:25:44.764+0100: 28,605: Total time for which application threads were stopped: 0,0178814 seconds, Stopping threads took: 0,0177402 seconds
2016-11-03T09:25:44.765+0100: 28,606: Total time for which application threads were stopped: 0,0002782 seconds, Stopping threads took: 0,0000156 seconds
2016-11-03T09:25:45.145+0100: 28,986: Total time for which application threads were stopped: 0,0005423 seconds, Stopping threads took: 0,0000269 seconds
2016-11-03T09:25:45.150+0100: 28,991: Total time for which application threads were stopped: 0,0001051 seconds, Stopping threads took: 0,0000219 seconds
2016-11-03T09:25:45.150+0100: 28,991: Total time for which application threads were stopped: 0,0000663 seconds, Stopping threads took: 0,0000153 seconds
2016-11-03T09:25:45.150+0100: 28,991: Total time for which application threads were stopped: 0,0000635 seconds, Stopping threads took: 0,0000197 seconds
2016-11-03T09:25:45.151+0100: 28,992: Total time for which application threads were stopped: 0,0006116 seconds, Stopping threads took: 0,0005278 seconds
2016-11-03T09:25:45.168+0100: 29,009: Total time for which application threads were stopped: 0,0164937 seconds, Stopping threads took: 0,0163844 seconds
2016-11-03T09:25:45.175+0100: 29,016: Total time for which application threads were stopped: 0,0063546 seconds, Stopping threads took: 0,0062298 seconds
2016-11-03T09:25:45.186+0100: 29,027: Total time for which application threads were stopped: 0,0000958 seconds, Stopping threads took: 0,0000267 seconds
2016-11-03T09:25:45.191+0100: 29,032: Total time for which application threads were stopped: 0,0000993 seconds, Stopping threads took: 0,0000285 seconds
2016-11-03T09:25:45.194+0100: 29,035: Total time for which application threads were stopped: 0,0000855 seconds, Stopping threads took: 0,0000242 seconds
2016-11-03T09:25:45.194+0100: 29,035: Total time for which application threads were stopped: 0,0000411 seconds, Stopping threads took: 0,0000096 seconds
2016-11-03T09:25:45.212+0100: 29,053: Total time for which application threads were stopped: 0,0002950 seconds, Stopping threads took: 0,0000508 seconds
2016-11-03T09:25:45.219+0100: 29,060: Total time for which application threads were stopped: 0,0001131 seconds, Stopping threads took: 0,0000309 seconds
2016-11-03T09:25:45.220+0100: 29,061: Total time for which application threads were stopped: 0,0000970 seconds, Stopping threads took: 0,0000226 seconds
2016-11-03T09:25:45.223+0100: 29,064: Total time for which application threads were stopped: 0,0001064 seconds, Stopping threads took: 0,0000259 seconds
2016-11-03T09:25:45.228+0100: 29,069: Total time for which application threads were stopped: 0,0000916 seconds, Stopping threads took: 0,0000210 seconds
2016-11-03T09:25:45.228+0100: 29,069: Total time for which application threads were stopped: 0,0000708 seconds, Stopping threads took: 0,0000143 seconds
2016-11-03T09:25:45.229+0100: 29,070: Total time for which application threads were stopped: 0,0000777 seconds, Stopping threads took: 0,0000171 seconds
2016-11-03T09:25:45.229+0100: 29,070: Total time for which application threads were stopped: 0,0000445 seconds, Stopping threads took: 0,0000064 seconds
2016-11-03T09:25:45.229+0100: 29,070: Total time for which application threads were stopped: 0,0000376 seconds, Stopping threads took: 0,0000057 seconds
2016-11-03T09:25:45.230+0100: 29,071: Total time for which application threads were stopped: 0,0008571 seconds, Stopping threads took: 0,0007803 seconds
2016-11-03T09:25:45.230+0100: 29,071: Total time for which application threads were stopped: 0,0000642 seconds, Stopping threads took: 0,0000185 seconds
2016-11-03T09:25:45.230+0100: 29,071: Total time for which application threads were stopped: 0,0000483 seconds, Stopping threads took: 0,0000079 seconds
2016-11-03T09:25:45.230+0100: 29,071: Total time for which application threads were stopped: 0,0000386 seconds, Stopping threads took: 0,0000063 seconds
2016-11-03T09:25:45.231+0100: 29,072: Total time for which application threads were stopped: 0,0000405 seconds, Stopping threads took: 0,0000063 seconds
2016-11-03T09:25:45.232+0100: 29,073: Total time for which application threads were stopped: 0,0000836 seconds, Stopping threads took: 0,0000196 seconds
2016-11-03T09:25:45.232+0100: 29,073: Total time for which application threads were stopped: 0,0000504 seconds, Stopping threads took: 0,0000075 seconds
2016-11-03T09:25:45.237+0100: 29,078: Total time for which application threads were stopped: 0,0001118 seconds, Stopping threads took: 0,0000219 seconds
2016-11-03T09:25:45.237+0100: 29,078: Total time for which application threads were stopped: 0,0000617 seconds, Stopping threads took: 0,0000094 seconds
2016-11-03T09:25:45.247+0100: 29,088: Total time for which application threads were stopped: 0,0018528 seconds, Stopping threads took: 0,0017587 seconds
2016-11-03T09:25:45.247+0100: 29,088: Total time for which application threads were stopped: 0,0000786 seconds, Stopping threads took: 0,0000296 seconds
2016-11-03T09:25:46.247+0100: 30,088: Total time for which application threads were stopped: 0,0000757 seconds, Stopping threads took: 0,0000183 seconds
2016-11-03T09:25:57.015+0100: 40,856: Total time for which application threads were stopped: 0,0038255 seconds, Stopping threads took: 0,0037283 seconds
2016-11-03T09:25:57.015+0100: 40,856: Total time for which application threads were stopped: 0,0000940 seconds, Stopping threads took: 0,0000541 seconds
2016-11-03T09:25:57.023+0100: 40,864: Total time for which application threads were stopped: 0,0000796 seconds, Stopping threads took: 0,0000206 seconds
2016-11-03T09:25:57.023+0100: 40,864: Total time for which application threads were stopped: 0,0000468 seconds, Stopping threads took: 0,0000098 seconds
2016-11-03T09:25:57.040+0100: 40,881: Total time for which application threads were stopped: 0,0002136 seconds, Stopping threads took: 0,0001030 seconds
2016-11-03T09:25:57.040+0100: 40,881: Total time for which application threads were stopped: 0,0000601 seconds, Stopping threads took: 0,0000091 seconds
2016-11-03T09:25:57.044+0100: 40,885: Total time for which application threads were stopped: 0,0001394 seconds, Stopping threads took: 0,0000702 seconds
2016-11-03T09:25:57.044+0100: 40,885: Total time for which application threads were stopped: 0,0000599 seconds, Stopping threads took: 0,0000228 seconds
2016-11-03T09:26:00.702+0100: 44,543: Total time for which application threads were stopped: 0,0001580 seconds, Stopping threads took: 0,0000319 seconds
2016-11-03T09:26:00.702+0100: 44,543: Total time for which application threads were stopped: 0,0001332 seconds, Stopping threads took: 0,0000203 seconds
2016-11-03T09:26:00.709+0100: 44,550: Total time for which application threads were stopped: 0,0059366 seconds, Stopping threads took: 0,0053052 seconds
2016-11-03T09:26:00.711+0100: 44,552: Total time for which application threads were stopped: 0,0001940 seconds, Stopping threads took: 0,0001081 seconds
2016-11-03T09:26:28.026+0100: 71,867: Total time for which application threads were stopped: 0,0001210 seconds, Stopping threads took: 0,0000262 seconds
2016-11-03T09:26:28.026+0100: 71,867: Total time for which application threads were stopped: 0,0000712 seconds, Stopping threads took: 0,0000204 seconds
2016-11-03T09:26:28.029+0100: 71,870: Total time for which application threads were stopped: 0,0001176 seconds, Stopping threads took: 0,0000285 seconds
2016-11-03T09:26:28.030+0100: 71,871: Total time for which application threads were stopped: 0,0003317 seconds, Stopping threads took: 0,0000087 seconds
2016-11-03T09:26:28.031+0100: 71,872: Total time for which application threads were stopped: 0,0001013 seconds, Stopping threads took: 0,0000154 seconds
2016-11-03T09:26:28.031+0100: 71,872: Total time for which application threads were stopped: 0,0000726 seconds, Stopping threads took: 0,0000238 seconds
2016-11-03T09:26:28.032+0100: 71,873: Total time for which application threads were stopped: 0,0001215 seconds, Stopping threads took: 0,0000437 seconds
2016-11-03T09:26:29.032+0100: 72,873: Total time for which application threads were stopped: 0,0000608 seconds, Stopping threads took: 0,0000163 seconds
2016-11-03T09:26:39.034+0100: 82,875: Total time for which application threads were stopped: 0,0000691 seconds, Stopping threads took: 0,0000184 seconds
2016-11-03T09:26:45.168+0100: 89,009: Total time for which application threads were stopped: 0,0000697 seconds, Stopping threads took: 0,0000168 seconds
2016-11-03T09:26:51.169+0100: 95,010: Total time for which application threads were stopped: 0,0000821 seconds, Stopping threads took: 0,0000335 seconds
2016-11-03T09:27:03.171+0100: 107,012: Total time for which application threads were stopped: 0,0000846 seconds, Stopping threads took: 0,0000193 seconds
2016-11-03T09:27:28.031+0100: 131,872: Total time for which application threads were stopped: 0,0001460 seconds, Stopping threads took: 0,0000580 seconds
2016-11-03T09:28:13.038+0100: 176,879: Total time for which application threads were stopped: 0,0001688 seconds, Stopping threads took: 0,0000739 seconds
2016-11-03T09:28:23.261+0100: 187,102: Total time for which application threads were stopped: 0,0001097 seconds, Stopping threads took: 0,0000232 seconds
2016-11-03T09:28:23.261+0100: 187,102: Total time for which application threads were stopped: 0,0000698 seconds, Stopping threads took: 0,0000142 seconds
2016-11-03T09:28:23.263+0100: 187,104: Total time for which application threads were stopped: 0,0000839 seconds, Stopping threads took: 0,0000260 seconds
2016-11-03T09:28:23.263+0100: 187,104: Total time for which application threads were stopped: 0,0000578 seconds, Stopping threads took: 0,0000222 seconds
2016-11-03T09:28:23.272+0100: 187,113: Total time for which application threads were stopped: 0,0001483 seconds, Stopping threads took: 0,0000449 seconds
2016-11-03T09:28:23.272+0100: 187,113: Total time for which application threads were stopped: 0,0000626 seconds, Stopping threads took: 0,0000115 seconds
2016-11-03T09:28:23.275+0100: 187,116: Total time for which application threads were stopped: 0,0000946 seconds, Stopping threads took: 0,0000242 seconds
2016-11-03T09:28:23.275+0100: 187,116: Total time for which application threads were stopped: 0,0000491 seconds, Stopping threads took: 0,0000120 seconds
2016-11-03T09:28:33.277+0100: 197,118: Total time for which application threads were stopped: 0,0000702 seconds, Stopping threads took: 0,0000191 seconds
2016-11-03T09:28:34.475+0100: 198,316: Total time for which application threads were stopped: 0,0001429 seconds, Stopping threads took: 0,0000259 seconds
2016-11-03T09:28:34.475+0100: 198,316: Total time for which application threads were stopped: 0,0000692 seconds, Stopping threads took: 0,0000080 seconds
2016-11-03T09:28:34.478+0100: 198,319: Total time for which application threads were stopped: 0,0001155 seconds, Stopping threads took: 0,0000373 seconds
2016-11-03T09:28:34.478+0100: 198,319: Total time for which application threads were stopped: 0,0000625 seconds, Stopping threads took: 0,0000222 seconds
2016-11-03T09:28:34.484+0100: 198,325: Total time for which application threads were stopped: 0,0002662 seconds, Stopping threads took: 0,0001674 seconds
2016-11-03T09:28:34.484+0100: 198,325: Total time for which application threads were stopped: 0,0001255 seconds, Stopping threads took: 0,0000450 seconds
2016-11-03T09:28:34.491+0100: 198,332: Total time for which application threads were stopped: 0,0024396 seconds, Stopping threads took: 0,0021766 seconds
2016-11-03T09:28:34.494+0100: 198,335: Total time for which application threads were stopped: 0,0019982 seconds, Stopping threads took: 0,0016899 seconds
2016-11-03T09:28:34.496+0100: 198,337: Total time for which application threads were stopped: 0,0002815 seconds, Stopping threads took: 0,0000673 seconds
2016-11-03T09:28:35.496+0100: 199,337: Total time for which application threads were stopped: 0,0000836 seconds, Stopping threads took: 0,0000190 seconds
2016-11-03T09:28:38.989+0100: 202,830: Total time for which application threads were stopped: 0,0001128 seconds, Stopping threads took: 0,0000260 seconds
2016-11-03T09:28:38.989+0100: 202,830: Total time for which application threads were stopped: 0,0000586 seconds, Stopping threads took: 0,0000098 seconds
2016-11-03T09:28:38.991+0100: 202,832: Total time for which application threads were stopped: 0,0008500 seconds, Stopping threads took: 0,0007386 seconds
2016-11-03T09:28:38.993+0100: 202,834: Total time for which application threads were stopped: 0,0021111 seconds, Stopping threads took: 0,0020228 seconds
2016-11-03T09:28:39.994+0100: 203,835: Total time for which application threads were stopped: 0,0000634 seconds, Stopping threads took: 0,0000176 seconds
2016-11-03T09:28:41.994+0100: 205,835: Total time for which application threads were stopped: 0,0001565 seconds, Stopping threads took: 0,0000496 seconds
2016-11-03T09:28:52.996+0100: 216,837: Total time for which application threads were stopped: 0,0000857 seconds, Stopping threads took: 0,0000345 seconds
2016-11-03T09:28:57.811+0100: 221,652: Total time for which application threads were stopped: 0,0001185 seconds, Stopping threads took: 0,0000307 seconds
2016-11-03T09:28:57.811+0100: 221,652: Total time for which application threads were stopped: 0,0001980 seconds, Stopping threads took: 0,0001501 seconds
2016-11-03T09:28:57.813+0100: 221,654: Total time for which application threads were stopped: 0,0000882 seconds, Stopping threads took: 0,0000237 seconds
2016-11-03T09:28:57.813+0100: 221,654: Total time for which application threads were stopped: 0,0000417 seconds, Stopping threads took: 0,0000076 seconds
2016-11-03T09:28:57.819+0100: 221,660: Total time for which application threads were stopped: 0,0001068 seconds, Stopping threads took: 0,0000234 seconds
2016-11-03T09:28:57.819+0100: 221,660: Total time for which application threads were stopped: 0,0000647 seconds, Stopping threads took: 0,0000105 seconds
2016-11-03T09:28:57.821+0100: 221,662: Total time for which application threads were stopped: 0,0001515 seconds, Stopping threads took: 0,0000628 seconds
2016-11-03T09:28:57.822+0100: 221,663: Total time for which application threads were stopped: 0,0000746 seconds, Stopping threads took: 0,0000218 seconds
2016-11-03T09:29:22.825+0100: 246,666: Total time for which application threads were stopped: 0,0000791 seconds, Stopping threads took: 0,0000327 seconds
2016-11-03T09:29:34.488+0100: 258,329: Total time for which application threads were stopped: 0,0000737 seconds, Stopping threads took: 0,0000174 seconds
2016-11-03T09:29:51.491+0100: 275,332: Total time for which application threads were stopped: 0,0002369 seconds, Stopping threads took: 0,0000897 seconds
2016-11-03T09:29:57.822+0100: 281,663: Total time for which application threads were stopped: 0,0001332 seconds, Stopping threads took: 0,0000346 seconds
2016-11-03T09:31:37.838+0100: 381,679: Total time for which application threads were stopped: 0,0000829 seconds, Stopping threads took: 0,0000320 seconds
2016-11-03T09:34:11.863+0100: 535,704: Total time for which application threads were stopped: 0,0001546 seconds, Stopping threads took: 0,0000640 seconds
2016-11-03T09:34:12.863+0100: 536,704: Total time for which application threads were stopped: 0,0000804 seconds, Stopping threads took: 0,0000198 seconds
2016-11-03T09:39:32.038+0100: 855,879: Total time for which application threads were stopped: 0,0000875 seconds, Stopping threads took: 0,0000226 seconds
2016-11-03T09:39:32.050+0100: 855,891: Total time for which application threads were stopped: 0,0001201 seconds, Stopping threads took: 0,0000309 seconds
Heap
 par new generation   total 109248K, used 56652K [0x00000000e0000000, 0x00000000e8000000, 0x00000000e8000000)
  eden space 87424K,  41% used [0x00000000e0000000, 0x00000000e2351db8, 0x00000000e5560000)
  from space 21824K,  93% used [0x00000000e5560000, 0x00000000e6961590, 0x00000000e6ab0000)
  to   space 21824K,   0% used [0x00000000e6ab0000, 0x00000000e6ab0000, 0x00000000e8000000)
 concurrent mark-sweep generation total 393216K, used 0K [0x00000000e8000000, 0x0000000100000000, 0x0000000100000000)
 Metaspace       used 29172K, capacity 29668K, committed 29832K, reserved 1075200K
  class space    used 3388K, capacity 3534K, committed 3576K, reserved 1048576K
