OpenJDK 64-Bit Server VM (25.111-b14) for linux-amd64 JRE (1.8.0_111-8u111-b14-2ubuntu0.16.04.2-b14), built on Oct 27 2016 18:10:19 by "buildd" with gcc 5.4.0 20160609
Memory: 4k page, physical 7867848k(7447276k free), swap 8076284k(8076284k free)
CommandLine flags: -XX:CMSInitiatingOccupancyFraction=50 -XX:CMSMaxAbortablePrecleanTime=6000 -XX:+CMSParallelRemarkEnabled -XX:+CMSScavengeBeforeRemark -XX:ConcGCThreads=4 -XX:InitialHeapSize=536870912 -XX:MaxHeapSize=536870912 -XX:MaxTenuringThreshold=8 -XX:NewRatio=3 -XX:OldPLABSize=16 -XX:OnOutOfMemoryError=/opt/solr/bin/oom_solr.sh 8983 /var/solr/logs -XX:ParallelGCThreads=4 -XX:+ParallelRefProcEnabled -XX:PretenureSizeThreshold=67108864 -XX:+PrintGC -XX:+PrintGCApplicationStoppedTime -XX:+PrintGCDateStamps -XX:+PrintGCDetails -XX:+PrintGCTimeStamps -XX:+PrintHeapAtGC -XX:+PrintTenuringDistribution -XX:SurvivorRatio=4 -XX:TargetSurvivorRatio=90 -XX:ThreadStackSize=256 -XX:+UseCMSInitiatingOccupancyOnly -XX:+UseCompressedClassPointers -XX:+UseCompressedOops -XX:+UseConcMarkSweepGC -XX:+UseParNewGC 
2016-11-28T06:46:54.726+0100: 0,115: Total time for which application threads were stopped: 0,0000698 seconds, Stopping threads took: 0,0000133 seconds
2016-11-28T06:46:54.801+0100: 0,190: Total time for which application threads were stopped: 0,0001075 seconds, Stopping threads took: 0,0000152 seconds
2016-11-28T06:46:54.824+0100: 0,214: Total time for which application threads were stopped: 0,0000998 seconds, Stopping threads took: 0,0000206 seconds
2016-11-28T06:46:54.993+0100: 0,383: Total time for which application threads were stopped: 0,0001207 seconds, Stopping threads took: 0,0000157 seconds
2016-11-28T06:46:55.258+0100: 0,647: Total time for which application threads were stopped: 0,0001566 seconds, Stopping threads took: 0,0000241 seconds
2016-11-28T06:46:55.450+0100: 0,840: Total time for which application threads were stopped: 0,0002111 seconds, Stopping threads took: 0,0000228 seconds
2016-11-28T06:46:55.524+0100: 0,913: Total time for which application threads were stopped: 0,0001761 seconds, Stopping threads took: 0,0000215 seconds
2016-11-28T06:46:55.787+0100: 1,176: Total time for which application threads were stopped: 0,0001786 seconds, Stopping threads took: 0,0000197 seconds
2016-11-28T06:46:56.022+0100: 1,412: Total time for which application threads were stopped: 0,0002108 seconds, Stopping threads took: 0,0000261 seconds
2016-11-28T06:46:56.048+0100: 1,437: Total time for which application threads were stopped: 0,0013695 seconds, Stopping threads took: 0,0001883 seconds
2016-11-28T06:46:56.050+0100: 1,439: Total time for which application threads were stopped: 0,0001542 seconds, Stopping threads took: 0,0000134 seconds
2016-11-28T06:46:56.062+0100: 1,451: Total time for which application threads were stopped: 0,0002055 seconds, Stopping threads took: 0,0000225 seconds
2016-11-28T06:46:56.171+0100: 1,560: Total time for which application threads were stopped: 0,0002500 seconds, Stopping threads took: 0,0000200 seconds
2016-11-28T06:46:56.375+0100: 1,765: Total time for which application threads were stopped: 0,0002622 seconds, Stopping threads took: 0,0000315 seconds
{Heap before GC invocations=0 (full 0):
 par new generation   total 109248K, used 87424K [0x00000000e0000000, 0x00000000e8000000, 0x00000000e8000000)
  eden space 87424K, 100% used [0x00000000e0000000, 0x00000000e5560000, 0x00000000e5560000)
  from space 21824K,   0% used [0x00000000e5560000, 0x00000000e5560000, 0x00000000e6ab0000)
  to   space 21824K,   0% used [0x00000000e6ab0000, 0x00000000e6ab0000, 0x00000000e8000000)
 concurrent mark-sweep generation total 393216K, used 0K [0x00000000e8000000, 0x0000000100000000, 0x0000000100000000)
 Metaspace       used 18092K, capacity 18366K, committed 18560K, reserved 1064960K
  class space    used 2053K, capacity 2162K, committed 2176K, reserved 1048576K
2016-11-28T06:46:56.531+0100: 1,920: [GC (Allocation Failure) 2016-11-28T06:46:56.531+0100: 1,920: [ParNew
Desired survivor size 20112992 bytes, new threshold 8 (max 8)
- age   1:   12322520 bytes,   12322520 total
: 87424K->12148K(109248K), 0,0284122 secs] 87424K->12148K(502464K), 0,0285608 secs] [Times: user=0,09 sys=0,01, real=0,04 secs] 
Heap after GC invocations=1 (full 0):
 par new generation   total 109248K, used 12148K [0x00000000e0000000, 0x00000000e8000000, 0x00000000e8000000)
  eden space 87424K,   0% used [0x00000000e0000000, 0x00000000e0000000, 0x00000000e5560000)
  from space 21824K,  55% used [0x00000000e6ab0000, 0x00000000e768d300, 0x00000000e8000000)
  to   space 21824K,   0% used [0x00000000e5560000, 0x00000000e5560000, 0x00000000e6ab0000)
 concurrent mark-sweep generation total 393216K, used 0K [0x00000000e8000000, 0x0000000100000000, 0x0000000100000000)
 Metaspace       used 18092K, capacity 18366K, committed 18560K, reserved 1064960K
  class space    used 2053K, capacity 2162K, committed 2176K, reserved 1048576K
}
2016-11-28T06:46:56.559+0100: 1,948: Total time for which application threads were stopped: 0,0288221 seconds, Stopping threads took: 0,0000358 seconds
2016-11-28T06:46:56.747+0100: 2,137: Total time for which application threads were stopped: 0,0003287 seconds, Stopping threads took: 0,0000414 seconds
2016-11-28T06:46:56.778+0100: 2,167: Total time for which application threads were stopped: 0,0003562 seconds, Stopping threads took: 0,0000453 seconds
2016-11-28T06:46:56.804+0100: 2,193: Total time for which application threads were stopped: 0,0003136 seconds, Stopping threads took: 0,0000426 seconds
{Heap before GC invocations=1 (full 0):
 par new generation   total 109248K, used 99572K [0x00000000e0000000, 0x00000000e8000000, 0x00000000e8000000)
  eden space 87424K, 100% used [0x00000000e0000000, 0x00000000e5560000, 0x00000000e5560000)
  from space 21824K,  55% used [0x00000000e6ab0000, 0x00000000e768d300, 0x00000000e8000000)
  to   space 21824K,   0% used [0x00000000e5560000, 0x00000000e5560000, 0x00000000e6ab0000)
 concurrent mark-sweep generation total 393216K, used 0K [0x00000000e8000000, 0x0000000100000000, 0x0000000100000000)
 Metaspace       used 20728K, capacity 21020K, committed 21248K, reserved 1069056K
  class space    used 2403K, capacity 2518K, committed 2560K, reserved 1048576K
2016-11-28T06:46:56.971+0100: 2,360: [GC (Allocation Failure) 2016-11-28T06:46:56.971+0100: 2,360: [ParNew
Desired survivor size 20112992 bytes, new threshold 8 (max 8)
- age   1:    2926256 bytes,    2926256 total
- age   2:    6101440 bytes,    9027696 total
: 99572K->14937K(109248K), 0,0242114 secs] 99572K->14937K(502464K), 0,0242915 secs] [Times: user=0,08 sys=0,00, real=0,02 secs] 
Heap after GC invocations=2 (full 0):
 par new generation   total 109248K, used 14937K [0x00000000e0000000, 0x00000000e8000000, 0x00000000e8000000)
  eden space 87424K,   0% used [0x00000000e0000000, 0x00000000e0000000, 0x00000000e5560000)
  from space 21824K,  68% used [0x00000000e5560000, 0x00000000e63f6740, 0x00000000e6ab0000)
  to   space 21824K,   0% used [0x00000000e6ab0000, 0x00000000e6ab0000, 0x00000000e8000000)
 concurrent mark-sweep generation total 393216K, used 0K [0x00000000e8000000, 0x0000000100000000, 0x0000000100000000)
 Metaspace       used 20728K, capacity 21020K, committed 21248K, reserved 1069056K
  class space    used 2403K, capacity 2518K, committed 2560K, reserved 1048576K
}
2016-11-28T06:46:56.996+0100: 2,385: Total time for which application threads were stopped: 0,0245112 seconds, Stopping threads took: 0,0000396 seconds
2016-11-28T06:46:57.043+0100: 2,432: Total time for which application threads were stopped: 0,0000821 seconds, Stopping threads took: 0,0000202 seconds
2016-11-28T06:46:57.075+0100: 2,464: Total time for which application threads were stopped: 0,0000837 seconds, Stopping threads took: 0,0000202 seconds
2016-11-28T06:46:57.076+0100: 2,465: Total time for which application threads were stopped: 0,0002261 seconds, Stopping threads took: 0,0000088 seconds
2016-11-28T06:46:57.102+0100: 2,491: Total time for which application threads were stopped: 0,0000719 seconds, Stopping threads took: 0,0000153 seconds
2016-11-28T06:46:57.178+0100: 2,567: Total time for which application threads were stopped: 0,0001092 seconds, Stopping threads took: 0,0000211 seconds
2016-11-28T06:46:57.195+0100: 2,584: Total time for which application threads were stopped: 0,0001086 seconds, Stopping threads took: 0,0000317 seconds
2016-11-28T06:46:57.202+0100: 2,591: Total time for which application threads were stopped: 0,0002674 seconds, Stopping threads took: 0,0000134 seconds
2016-11-28T06:46:57.209+0100: 2,598: Total time for which application threads were stopped: 0,0003559 seconds, Stopping threads took: 0,0000218 seconds
2016-11-28T06:46:57.226+0100: 2,615: Total time for which application threads were stopped: 0,0001323 seconds, Stopping threads took: 0,0000694 seconds
2016-11-28T06:46:57.251+0100: 2,640: Total time for which application threads were stopped: 0,0001285 seconds, Stopping threads took: 0,0000193 seconds
2016-11-28T06:46:57.270+0100: 2,659: Total time for which application threads were stopped: 0,0000711 seconds, Stopping threads took: 0,0000139 seconds
2016-11-28T06:46:57.284+0100: 2,673: Total time for which application threads were stopped: 0,0000836 seconds, Stopping threads took: 0,0000179 seconds
2016-11-28T06:46:57.310+0100: 2,699: Total time for which application threads were stopped: 0,0000751 seconds, Stopping threads took: 0,0000136 seconds
2016-11-28T06:46:57.343+0100: 2,732: Total time for which application threads were stopped: 0,0001615 seconds, Stopping threads took: 0,0000488 seconds
2016-11-28T06:46:57.394+0100: 2,783: Total time for which application threads were stopped: 0,0001102 seconds, Stopping threads took: 0,0000286 seconds
2016-11-28T06:46:57.426+0100: 2,815: Total time for which application threads were stopped: 0,0001288 seconds, Stopping threads took: 0,0000309 seconds
{Heap before GC invocations=2 (full 0):
 par new generation   total 109248K, used 102361K [0x00000000e0000000, 0x00000000e8000000, 0x00000000e8000000)
  eden space 87424K, 100% used [0x00000000e0000000, 0x00000000e5560000, 0x00000000e5560000)
  from space 21824K,  68% used [0x00000000e5560000, 0x00000000e63f6740, 0x00000000e6ab0000)
  to   space 21824K,   0% used [0x00000000e6ab0000, 0x00000000e6ab0000, 0x00000000e8000000)
 concurrent mark-sweep generation total 393216K, used 0K [0x00000000e8000000, 0x0000000100000000, 0x0000000100000000)
 Metaspace       used 24858K, capacity 25220K, committed 25536K, reserved 1071104K
  class space    used 2896K, capacity 3024K, committed 3064K, reserved 1048576K
2016-11-28T06:46:57.435+0100: 2,824: [GC (Allocation Failure) 2016-11-28T06:46:57.435+0100: 2,824: [ParNew
Desired survivor size 20112992 bytes, new threshold 8 (max 8)
- age   1:    6690960 bytes,    6690960 total
- age   2:     548688 bytes,    7239648 total
- age   3:    6083208 bytes,   13322856 total
: 102361K->16285K(109248K), 0,0146956 secs] 102361K->16285K(502464K), 0,0147768 secs] [Times: user=0,05 sys=0,00, real=0,01 secs] 
Heap after GC invocations=3 (full 0):
 par new generation   total 109248K, used 16285K [0x00000000e0000000, 0x00000000e8000000, 0x00000000e8000000)
  eden space 87424K,   0% used [0x00000000e0000000, 0x00000000e0000000, 0x00000000e5560000)
  from space 21824K,  74% used [0x00000000e6ab0000, 0x00000000e7a97400, 0x00000000e8000000)
  to   space 21824K,   0% used [0x00000000e5560000, 0x00000000e5560000, 0x00000000e6ab0000)
 concurrent mark-sweep generation total 393216K, used 0K [0x00000000e8000000, 0x0000000100000000, 0x0000000100000000)
 Metaspace       used 24858K, capacity 25220K, committed 25536K, reserved 1071104K
  class space    used 2896K, capacity 3024K, committed 3064K, reserved 1048576K
}
2016-11-28T06:46:57.449+0100: 2,839: Total time for which application threads were stopped: 0,0149346 seconds, Stopping threads took: 0,0000231 seconds
2016-11-28T06:46:57.450+0100: 2,839: [GC (CMS Initial Mark) [1 CMS-initial-mark: 0K(393216K)] 16285K(502464K), 0,0029723 secs] [Times: user=0,00 sys=0,00, real=0,01 secs] 
2016-11-28T06:46:57.453+0100: 2,842: Total time for which application threads were stopped: 0,0032207 seconds, Stopping threads took: 0,0001820 seconds
2016-11-28T06:46:57.453+0100: 2,842: [CMS-concurrent-mark-start]
2016-11-28T06:46:57.453+0100: 2,843: [CMS-concurrent-mark: 0,001/0,001 secs] [Times: user=0,01 sys=0,00, real=0,00 secs] 
2016-11-28T06:46:57.453+0100: 2,843: [CMS-concurrent-preclean-start]
2016-11-28T06:46:57.455+0100: 2,844: [CMS-concurrent-preclean: 0,001/0,001 secs] [Times: user=0,00 sys=0,00, real=0,00 secs] 
2016-11-28T06:46:57.455+0100: 2,844: [GC (CMS Final Remark) [YG occupancy: 17688 K (109248 K)]2016-11-28T06:46:57.455+0100: 2,844: [Rescan (parallel) , 0,0039096 secs]2016-11-28T06:46:57.459+0100: 2,848: [weak refs processing, 0,0014475 secs]2016-11-28T06:46:57.460+0100: 2,850: [class unloading, 0,0031280 secs]2016-11-28T06:46:57.463+0100: 2,853: [scrub symbol table, 0,0031608 secs]2016-11-28T06:46:57.467+0100: 2,856: [scrub string table, 0,0003743 secs][1 CMS-remark: 0K(393216K)] 17688K(502464K), 0,0126690 secs] [Times: user=0,03 sys=0,00, real=0,01 secs] 
2016-11-28T06:46:57.468+0100: 2,857: Total time for which application threads were stopped: 0,0127798 seconds, Stopping threads took: 0,0000245 seconds
2016-11-28T06:46:57.468+0100: 2,857: [CMS-concurrent-sweep-start]
2016-11-28T06:46:57.468+0100: 2,857: [CMS-concurrent-sweep: 0,000/0,000 secs] [Times: user=0,00 sys=0,00, real=0,00 secs] 
{Heap before GC invocations=3 (full 1):
 par new generation   total 109248K, used 17688K [0x00000000e0000000, 0x00000000e8000000, 0x00000000e8000000)
  eden space 87424K,   1% used [0x00000000e0000000, 0x00000000e015ecf8, 0x00000000e5560000)
  from space 21824K,  74% used [0x00000000e6ab0000, 0x00000000e7a97400, 0x00000000e8000000)
  to   space 21824K,   0% used [0x00000000e5560000, 0x00000000e5560000, 0x00000000e6ab0000)
 concurrent mark-sweep generation total 393216K, used 0K [0x00000000e8000000, 0x0000000100000000, 0x0000000100000000)
 Metaspace       used 24864K, capacity 25220K, committed 25536K, reserved 1071104K
  class space    used 2896K, capacity 3024K, committed 3064K, reserved 1048576K
2016-11-28T06:46:57.468+0100: 2,857: [GC (GCLocker Initiated GC) 2016-11-28T06:46:57.468+0100: 2,857: [ParNew
Desired survivor size 20112992 bytes, new threshold 8 (max 8)
- age   1:      38872 bytes,      38872 total
- age   2:    3150344 bytes,    3189216 total
- age   3:     548688 bytes,    3737904 total
- age   4:    6083328 bytes,    9821232 total
: 17688K->13469K(109248K), 0,0098215 secs] 17688K->13469K(502464K), 0,0098626 secs] [Times: user=0,04 sys=0,00, real=0,01 secs] 
Heap after GC invocations=4 (full 1):
 par new generation   total 109248K, used 13469K [0x00000000e0000000, 0x00000000e8000000, 0x00000000e8000000)
  eden space 87424K,   0% used [0x00000000e0000000, 0x00000000e0000000, 0x00000000e5560000)
  from space 21824K,  61% used [0x00000000e5560000, 0x00000000e62876e8, 0x00000000e6ab0000)
  to   space 21824K,   0% used [0x00000000e6ab0000, 0x00000000e6ab0000, 0x00000000e8000000)
 concurrent mark-sweep generation total 393216K, used 0K [0x00000000e8000000, 0x0000000100000000, 0x0000000100000000)
 Metaspace       used 24864K, capacity 25220K, committed 25536K, reserved 1071104K
  class space    used 2896K, capacity 3024K, committed 3064K, reserved 1048576K
}
2016-11-28T06:46:57.478+0100: 2,867: Total time for which application threads were stopped: 0,0099921 seconds, Stopping threads took: 0,0000260 seconds
2016-11-28T06:46:57.478+0100: 2,868: [CMS-concurrent-reset-start]
2016-11-28T06:46:57.480+0100: 2,870: [CMS-concurrent-reset: 0,002/0,002 secs] [Times: user=0,00 sys=0,00, real=0,01 secs] 
2016-11-28T06:46:57.522+0100: 2,911: Total time for which application threads were stopped: 0,0002944 seconds, Stopping threads took: 0,0000197 seconds
2016-11-28T06:46:58.522+0100: 3,911: Total time for which application threads were stopped: 0,0000839 seconds, Stopping threads took: 0,0000175 seconds
2016-11-28T06:46:58.665+0100: 4,054: Total time for which application threads were stopped: 0,0002697 seconds, Stopping threads took: 0,0000158 seconds
2016-11-28T06:47:26.668+0100: 32,057: Total time for which application threads were stopped: 0,0004744 seconds, Stopping threads took: 0,0001187 seconds
2016-11-28T06:49:36.682+0100: 162,072: Total time for which application threads were stopped: 0,0000682 seconds, Stopping threads took: 0,0000308 seconds
2016-11-28T06:49:41.682+0100: 167,073: Total time for which application threads were stopped: 0,0000617 seconds, Stopping threads took: 0,0000186 seconds
2016-11-28T06:49:55.684+0100: 181,075: Total time for which application threads were stopped: 0,0001146 seconds, Stopping threads took: 0,0000484 seconds
2016-11-28T06:50:51.691+0100: 237,082: Total time for which application threads were stopped: 0,0000703 seconds, Stopping threads took: 0,0000316 seconds
2016-11-28T06:51:10.693+0100: 256,084: Total time for which application threads were stopped: 0,0000877 seconds, Stopping threads took: 0,0000355 seconds
2016-11-28T06:51:20.695+0100: 266,086: Total time for which application threads were stopped: 0,0000644 seconds, Stopping threads took: 0,0000184 seconds
2016-11-28T06:51:25.696+0100: 271,086: Total time for which application threads were stopped: 0,0000654 seconds, Stopping threads took: 0,0000180 seconds
2016-11-28T06:51:36.697+0100: 282,088: Total time for which application threads were stopped: 0,0000591 seconds, Stopping threads took: 0,0000151 seconds
2016-11-28T06:51:41.698+0100: 287,088: Total time for which application threads were stopped: 0,0001540 seconds, Stopping threads took: 0,0000625 seconds
2016-11-28T06:51:51.699+0100: 297,090: Total time for which application threads were stopped: 0,0000580 seconds, Stopping threads took: 0,0000153 seconds
2016-11-28T06:52:16.702+0100: 322,093: Total time for which application threads were stopped: 0,0000820 seconds, Stopping threads took: 0,0000340 seconds
2016-11-28T06:57:07.106+0100: 612,497: Total time for which application threads were stopped: 0,0001152 seconds, Stopping threads took: 0,0000151 seconds
Heap
 par new generation   total 109248K, used 57062K [0x00000000e0000000, 0x00000000e8000000, 0x00000000e8000000)
  eden space 87424K,  49% used [0x00000000e0000000, 0x00000000e2a924f0, 0x00000000e5560000)
  from space 21824K,  61% used [0x00000000e5560000, 0x00000000e62876e8, 0x00000000e6ab0000)
  to   space 21824K,   0% used [0x00000000e6ab0000, 0x00000000e6ab0000, 0x00000000e8000000)
 concurrent mark-sweep generation total 393216K, used 0K [0x00000000e8000000, 0x0000000100000000, 0x0000000100000000)
 Metaspace       used 27165K, capacity 27594K, committed 27840K, reserved 1073152K
  class space    used 3160K, capacity 3319K, committed 3320K, reserved 1048576K
