OpenJDK 64-Bit Server VM (25.131-b11) for linux-amd64 JRE (1.8.0_131-8u131-b11-0ubuntu1.16.04.2-b11), built on May  6 2017 02:45:27 by "buildd" with gcc 5.4.0 20160609
Memory: 4k page, physical 7867740k(7464080k free), swap 8076284k(8076284k free)
CommandLine flags: -XX:CMSInitiatingOccupancyFraction=50 -XX:CMSMaxAbortablePrecleanTime=6000 -XX:+CMSParallelRemarkEnabled -XX:+CMSScavengeBeforeRemark -XX:ConcGCThreads=4 -XX:InitialHeapSize=536870912 -XX:MaxHeapSize=536870912 -XX:MaxTenuringThreshold=8 -XX:NewRatio=3 -XX:OldPLABSize=16 -XX:OnOutOfMemoryError=/opt/solr/bin/oom_solr.sh 8983 /var/solr/logs -XX:ParallelGCThreads=4 -XX:+ParallelRefProcEnabled -XX:PretenureSizeThreshold=67108864 -XX:+PrintGC -XX:+PrintGCApplicationStoppedTime -XX:+PrintGCDateStamps -XX:+PrintGCDetails -XX:+PrintGCTimeStamps -XX:+PrintHeapAtGC -XX:+PrintTenuringDistribution -XX:SurvivorRatio=4 -XX:TargetSurvivorRatio=90 -XX:ThreadStackSize=256 -XX:+UseCMSInitiatingOccupancyOnly -XX:+UseCompressedClassPointers -XX:+UseCompressedOops -XX:+UseConcMarkSweepGC -XX:+UseParNewGC 
2017-07-08T01:26:41.972+0200: 0,246: Total time for which application threads were stopped: 0,0000832 seconds, Stopping threads took: 0,0000107 seconds
2017-07-08T01:26:42.658+0200: 0,932: Total time for which application threads were stopped: 0,0001187 seconds, Stopping threads took: 0,0000138 seconds
2017-07-08T01:26:42.683+0200: 0,957: Total time for which application threads were stopped: 0,0001103 seconds, Stopping threads took: 0,0000243 seconds
2017-07-08T01:26:42.944+0200: 1,219: Total time for which application threads were stopped: 0,0001666 seconds, Stopping threads took: 0,0000294 seconds
2017-07-08T01:26:43.405+0200: 1,679: Total time for which application threads were stopped: 0,0001376 seconds, Stopping threads took: 0,0000145 seconds
2017-07-08T01:26:43.490+0200: 1,764: Total time for which application threads were stopped: 0,0001883 seconds, Stopping threads took: 0,0000158 seconds
2017-07-08T01:26:43.544+0200: 1,818: Total time for which application threads were stopped: 0,0002031 seconds, Stopping threads took: 0,0000234 seconds
2017-07-08T01:26:43.812+0200: 2,086: Total time for which application threads were stopped: 0,0002327 seconds, Stopping threads took: 0,0000209 seconds
2017-07-08T01:26:44.073+0200: 2,347: Total time for which application threads were stopped: 0,0002156 seconds, Stopping threads took: 0,0000152 seconds
2017-07-08T01:26:44.098+0200: 2,372: Total time for which application threads were stopped: 0,0002001 seconds, Stopping threads took: 0,0000130 seconds
2017-07-08T01:26:44.141+0200: 2,415: Total time for which application threads were stopped: 0,0002067 seconds, Stopping threads took: 0,0000308 seconds
2017-07-08T01:26:44.141+0200: 2,416: Total time for which application threads were stopped: 0,0001760 seconds, Stopping threads took: 0,0000282 seconds
2017-07-08T01:26:44.161+0200: 2,435: Total time for which application threads were stopped: 0,0002053 seconds, Stopping threads took: 0,0000160 seconds
2017-07-08T01:26:44.259+0200: 2,533: Total time for which application threads were stopped: 0,0002427 seconds, Stopping threads took: 0,0000231 seconds
2017-07-08T01:26:44.457+0200: 2,732: Total time for which application threads were stopped: 0,0002564 seconds, Stopping threads took: 0,0000198 seconds
2017-07-08T01:26:44.551+0200: 2,826: Total time for which application threads were stopped: 0,0001864 seconds, Stopping threads took: 0,0000386 seconds
{Heap before GC invocations=0 (full 0):
 par new generation   total 109248K, used 87624K [0x00000000e0000000, 0x00000000e8000000, 0x00000000e8000000)
  eden space 87424K, 100% used [0x00000000e0000000, 0x00000000e5560000, 0x00000000e5560000)
  from space 21824K,   0% used [0x00000000e5560000, 0x00000000e5592010, 0x00000000e6ab0000)
  to   space 21824K,   0% used [0x00000000e6ab0000, 0x00000000e6ab0000, 0x00000000e8000000)
 concurrent mark-sweep generation total 393216K, used 0K [0x00000000e8000000, 0x0000000100000000, 0x0000000100000000)
 Metaspace       used 18023K, capacity 18336K, committed 18688K, reserved 1064960K
  class space    used 2037K, capacity 2196K, committed 2304K, reserved 1048576K
2017-07-08T01:26:44.557+0200: 2,831: [GC (GCLocker Initiated GC) 2017-07-08T01:26:44.557+0200: 2,831: [ParNew
Desired survivor size 20112992 bytes, new threshold 8 (max 8)
- age   1:   12622176 bytes,   12622176 total
: 87624K->12438K(109248K), 0,0171731 secs] 87624K->12438K(502464K), 0,0172347 secs] [Times: user=0,04 sys=0,02, real=0,02 secs] 
Heap after GC invocations=1 (full 0):
 par new generation   total 109248K, used 12438K [0x00000000e0000000, 0x00000000e8000000, 0x00000000e8000000)
  eden space 87424K,   0% used [0x00000000e0000000, 0x00000000e0000000, 0x00000000e5560000)
  from space 21824K,  56% used [0x00000000e6ab0000, 0x00000000e76d5be0, 0x00000000e8000000)
  to   space 21824K,   0% used [0x00000000e5560000, 0x00000000e5560000, 0x00000000e6ab0000)
 concurrent mark-sweep generation total 393216K, used 0K [0x00000000e8000000, 0x0000000100000000, 0x0000000100000000)
 Metaspace       used 18023K, capacity 18336K, committed 18688K, reserved 1064960K
  class space    used 2037K, capacity 2196K, committed 2304K, reserved 1048576K
}
2017-07-08T01:26:44.574+0200: 2,849: Total time for which application threads were stopped: 0,0174458 seconds, Stopping threads took: 0,0000271 seconds
2017-07-08T01:26:44.928+0200: 3,202: Total time for which application threads were stopped: 0,0003050 seconds, Stopping threads took: 0,0000241 seconds
{Heap before GC invocations=1 (full 0):
 par new generation   total 109248K, used 99862K [0x00000000e0000000, 0x00000000e8000000, 0x00000000e8000000)
  eden space 87424K, 100% used [0x00000000e0000000, 0x00000000e5560000, 0x00000000e5560000)
  from space 21824K,  56% used [0x00000000e6ab0000, 0x00000000e76d5be0, 0x00000000e8000000)
  to   space 21824K,   0% used [0x00000000e5560000, 0x00000000e5560000, 0x00000000e6ab0000)
 concurrent mark-sweep generation total 393216K, used 0K [0x00000000e8000000, 0x0000000100000000, 0x0000000100000000)
 Metaspace       used 20079K, capacity 20446K, committed 20736K, reserved 1067008K
  class space    used 2299K, capacity 2477K, committed 2560K, reserved 1048576K
2017-07-08T01:26:44.966+0200: 3,241: [GC (Allocation Failure) 2017-07-08T01:26:44.966+0200: 3,241: [ParNew
Desired survivor size 20112992 bytes, new threshold 8 (max 8)
- age   1:    3479192 bytes,    3479192 total
- age   2:    6679448 bytes,   10158640 total
: 99862K->11782K(109248K), 0,0115168 secs] 99862K->11782K(502464K), 0,0115811 secs] [Times: user=0,03 sys=0,00, real=0,01 secs] 
Heap after GC invocations=2 (full 0):
 par new generation   total 109248K, used 11782K [0x00000000e0000000, 0x00000000e8000000, 0x00000000e8000000)
  eden space 87424K,   0% used [0x00000000e0000000, 0x00000000e0000000, 0x00000000e5560000)
  from space 21824K,  53% used [0x00000000e5560000, 0x00000000e60e1b80, 0x00000000e6ab0000)
  to   space 21824K,   0% used [0x00000000e6ab0000, 0x00000000e6ab0000, 0x00000000e8000000)
 concurrent mark-sweep generation total 393216K, used 0K [0x00000000e8000000, 0x0000000100000000, 0x0000000100000000)
 Metaspace       used 20079K, capacity 20446K, committed 20736K, reserved 1067008K
  class space    used 2299K, capacity 2477K, committed 2560K, reserved 1048576K
}
2017-07-08T01:26:44.978+0200: 3,252: Total time for which application threads were stopped: 0,0117862 seconds, Stopping threads took: 0,0000688 seconds
2017-07-08T01:26:44.982+0200: 3,256: Total time for which application threads were stopped: 0,0003852 seconds, Stopping threads took: 0,0000561 seconds
2017-07-08T01:26:45.015+0200: 3,289: Total time for which application threads were stopped: 0,0003622 seconds, Stopping threads took: 0,0000635 seconds
2017-07-08T01:26:45.155+0200: 3,429: Total time for which application threads were stopped: 0,0001756 seconds, Stopping threads took: 0,0000242 seconds
{Heap before GC invocations=2 (full 0):
 par new generation   total 109248K, used 99206K [0x00000000e0000000, 0x00000000e8000000, 0x00000000e8000000)
  eden space 87424K, 100% used [0x00000000e0000000, 0x00000000e5560000, 0x00000000e5560000)
  from space 21824K,  53% used [0x00000000e5560000, 0x00000000e60e1b80, 0x00000000e6ab0000)
  to   space 21824K,   0% used [0x00000000e6ab0000, 0x00000000e6ab0000, 0x00000000e8000000)
 concurrent mark-sweep generation total 393216K, used 0K [0x00000000e8000000, 0x0000000100000000, 0x0000000100000000)
 Metaspace       used 20999K, capacity 21368K, committed 21552K, reserved 1069056K
  class space    used 2421K, capacity 2596K, committed 2608K, reserved 1048576K
2017-07-08T01:26:45.189+0200: 3,464: [GC (Allocation Failure) 2017-07-08T01:26:45.189+0200: 3,464: [ParNew
Desired survivor size 20112992 bytes, new threshold 8 (max 8)
- age   1:    2147368 bytes,    2147368 total
- age   2:     856776 bytes,    3004144 total
- age   3:    6660584 bytes,    9664728 total
: 99206K->14105K(109248K), 0,0093932 secs] 99206K->14105K(502464K), 0,0094848 secs] [Times: user=0,04 sys=0,00, real=0,01 secs] 
Heap after GC invocations=3 (full 0):
 par new generation   total 109248K, used 14105K [0x00000000e0000000, 0x00000000e8000000, 0x00000000e8000000)
  eden space 87424K,   0% used [0x00000000e0000000, 0x00000000e0000000, 0x00000000e5560000)
  from space 21824K,  64% used [0x00000000e6ab0000, 0x00000000e7876560, 0x00000000e8000000)
  to   space 21824K,   0% used [0x00000000e5560000, 0x00000000e5560000, 0x00000000e6ab0000)
 concurrent mark-sweep generation total 393216K, used 0K [0x00000000e8000000, 0x0000000100000000, 0x0000000100000000)
 Metaspace       used 20999K, capacity 21368K, committed 21552K, reserved 1069056K
  class space    used 2421K, capacity 2596K, committed 2608K, reserved 1048576K
}
2017-07-08T01:26:45.199+0200: 3,473: Total time for which application threads were stopped: 0,0097461 seconds, Stopping threads took: 0,0000744 seconds
2017-07-08T01:26:45.199+0200: 3,473: [GC (CMS Initial Mark) [1 CMS-initial-mark: 0K(393216K)] 14809K(502464K), 0,0056562 secs] [Times: user=0,01 sys=0,00, real=0,00 secs] 
2017-07-08T01:26:45.205+0200: 3,479: Total time for which application threads were stopped: 0,0058034 seconds, Stopping threads took: 0,0000491 seconds
2017-07-08T01:26:45.205+0200: 3,479: [CMS-concurrent-mark-start]
2017-07-08T01:26:45.206+0200: 3,480: [CMS-concurrent-mark: 0,001/0,001 secs] [Times: user=0,00 sys=0,00, real=0,00 secs] 
2017-07-08T01:26:45.206+0200: 3,480: [CMS-concurrent-preclean-start]
2017-07-08T01:26:45.207+0200: 3,481: [CMS-concurrent-preclean: 0,001/0,001 secs] [Times: user=0,01 sys=0,00, real=0,01 secs] 
2017-07-08T01:26:45.207+0200: 3,481: [GC (CMS Final Remark) [YG occupancy: 15546 K (109248 K)]2017-07-08T01:26:45.207+0200: 3,481: [Rescan (parallel) , 0,0054001 secs]2017-07-08T01:26:45.213+0200: 3,487: [weak refs processing, 0,0017645 secs]2017-07-08T01:26:45.214+0200: 3,489: [class unloading, 0,0038630 secs]2017-07-08T01:26:45.218+0200: 3,493: [scrub symbol table, 0,0041754 secs]2017-07-08T01:26:45.222+0200: 3,497: [scrub string table, 0,0005713 secs][1 CMS-remark: 0K(393216K)] 15546K(502464K), 0,0166069 secs] [Times: user=0,04 sys=0,00, real=0,01 secs] 
2017-07-08T01:26:45.224+0200: 3,498: Total time for which application threads were stopped: 0,0167625 seconds, Stopping threads took: 0,0000531 seconds
2017-07-08T01:26:45.224+0200: 3,498: [CMS-concurrent-sweep-start]
2017-07-08T01:26:45.224+0200: 3,498: [CMS-concurrent-sweep: 0,000/0,000 secs] [Times: user=0,00 sys=0,00, real=0,00 secs] 
2017-07-08T01:26:45.224+0200: 3,498: [CMS-concurrent-reset-start]
2017-07-08T01:26:45.226+0200: 3,500: [CMS-concurrent-reset: 0,002/0,002 secs] [Times: user=0,01 sys=0,00, real=0,01 secs] 
{Heap before GC invocations=3 (full 1):
 par new generation   total 109248K, used 16934K [0x00000000e0000000, 0x00000000e8000000, 0x00000000e8000000)
  eden space 87424K,   3% used [0x00000000e0000000, 0x00000000e02c3450, 0x00000000e5560000)
  from space 21824K,  64% used [0x00000000e6ab0000, 0x00000000e7876560, 0x00000000e8000000)
  to   space 21824K,   0% used [0x00000000e5560000, 0x00000000e5560000, 0x00000000e6ab0000)
 concurrent mark-sweep generation total 393216K, used 0K [0x00000000e8000000, 0x0000000100000000, 0x0000000100000000)
 Metaspace       used 21001K, capacity 21368K, committed 21552K, reserved 1069056K
  class space    used 2421K, capacity 2596K, committed 2608K, reserved 1048576K
2017-07-08T01:26:45.230+0200: 3,505: [GC (GCLocker Initiated GC) 2017-07-08T01:26:45.230+0200: 3,505: [ParNew
Desired survivor size 20112992 bytes, new threshold 8 (max 8)
- age   1:     156008 bytes,     156008 total
- age   2:    1447280 bytes,    1603288 total
- age   3:     827544 bytes,    2430832 total
- age   4:    6660400 bytes,    9091232 total
: 16934K->11780K(109248K), 0,0129328 secs] 16934K->11780K(502464K), 0,0130225 secs] [Times: user=0,05 sys=0,00, real=0,01 secs] 
Heap after GC invocations=4 (full 1):
 par new generation   total 109248K, used 11780K [0x00000000e0000000, 0x00000000e8000000, 0x00000000e8000000)
  eden space 87424K,   0% used [0x00000000e0000000, 0x00000000e0000000, 0x00000000e5560000)
  from space 21824K,  53% used [0x00000000e5560000, 0x00000000e60e1140, 0x00000000e6ab0000)
  to   space 21824K,   0% used [0x00000000e6ab0000, 0x00000000e6ab0000, 0x00000000e8000000)
 concurrent mark-sweep generation total 393216K, used 0K [0x00000000e8000000, 0x0000000100000000, 0x0000000100000000)
 Metaspace       used 21001K, capacity 21368K, committed 21552K, reserved 1069056K
  class space    used 2421K, capacity 2596K, committed 2608K, reserved 1048576K
}
2017-07-08T01:26:45.243+0200: 3,518: Total time for which application threads were stopped: 0,0132733 seconds, Stopping threads took: 0,0000612 seconds
{Heap before GC invocations=4 (full 1):
 par new generation   total 109248K, used 99204K [0x00000000e0000000, 0x00000000e8000000, 0x00000000e8000000)
  eden space 87424K, 100% used [0x00000000e0000000, 0x00000000e5560000, 0x00000000e5560000)
  from space 21824K,  53% used [0x00000000e5560000, 0x00000000e60e1140, 0x00000000e6ab0000)
  to   space 21824K,   0% used [0x00000000e6ab0000, 0x00000000e6ab0000, 0x00000000e8000000)
 concurrent mark-sweep generation total 393216K, used 0K [0x00000000e8000000, 0x0000000100000000, 0x0000000100000000)
 Metaspace       used 21246K, capacity 21644K, committed 21936K, reserved 1069056K
  class space    used 2451K, capacity 2611K, committed 2736K, reserved 1048576K
2017-07-08T01:26:45.345+0200: 3,619: [GC (Allocation Failure) 2017-07-08T01:26:45.345+0200: 3,619: [ParNew
Desired survivor size 20112992 bytes, new threshold 8 (max 8)
- age   1:    1254848 bytes,    1254848 total
- age   2:       8192 bytes,    1263040 total
- age   3:    1446568 bytes,    2709608 total
- age   4:     823464 bytes,    3533072 total
- age   5:    6660448 bytes,   10193520 total
: 99204K->12004K(109248K), 0,0112994 secs] 99204K->12004K(502464K), 0,0113746 secs] [Times: user=0,04 sys=0,00, real=0,02 secs] 
Heap after GC invocations=5 (full 1):
 par new generation   total 109248K, used 12004K [0x00000000e0000000, 0x00000000e8000000, 0x00000000e8000000)
  eden space 87424K,   0% used [0x00000000e0000000, 0x00000000e0000000, 0x00000000e5560000)
  from space 21824K,  55% used [0x00000000e6ab0000, 0x00000000e7669270, 0x00000000e8000000)
  to   space 21824K,   0% used [0x00000000e5560000, 0x00000000e5560000, 0x00000000e6ab0000)
 concurrent mark-sweep generation total 393216K, used 0K [0x00000000e8000000, 0x0000000100000000, 0x0000000100000000)
 Metaspace       used 21246K, capacity 21644K, committed 21936K, reserved 1069056K
  class space    used 2451K, capacity 2611K, committed 2736K, reserved 1048576K
}
2017-07-08T01:26:45.356+0200: 3,631: Total time for which application threads were stopped: 0,0116060 seconds, Stopping threads took: 0,0000699 seconds
{Heap before GC invocations=5 (full 1):
 par new generation   total 109248K, used 99428K [0x00000000e0000000, 0x00000000e8000000, 0x00000000e8000000)
  eden space 87424K, 100% used [0x00000000e0000000, 0x00000000e5560000, 0x00000000e5560000)
  from space 21824K,  55% used [0x00000000e6ab0000, 0x00000000e7669270, 0x00000000e8000000)
  to   space 21824K,   0% used [0x00000000e5560000, 0x00000000e5560000, 0x00000000e6ab0000)
 concurrent mark-sweep generation total 393216K, used 0K [0x00000000e8000000, 0x0000000100000000, 0x0000000100000000)
 Metaspace       used 21452K, capacity 21816K, committed 21936K, reserved 1069056K
  class space    used 2472K, capacity 2645K, committed 2736K, reserved 1048576K
2017-07-08T01:26:45.452+0200: 3,726: [GC (Allocation Failure) 2017-07-08T01:26:45.452+0200: 3,726: [ParNew
Desired survivor size 20112992 bytes, new threshold 8 (max 8)
- age   1:     816448 bytes,     816448 total
- age   2:     187232 bytes,    1003680 total
- age   3:       2632 bytes,    1006312 total
- age   4:    1446056 bytes,    2452368 total
- age   5:     821480 bytes,    3273848 total
- age   6:    6660648 bytes,    9934496 total
: 99428K->15166K(109248K), 0,0109338 secs] 99428K->15166K(502464K), 0,0110109 secs] [Times: user=0,03 sys=0,01, real=0,01 secs] 
Heap after GC invocations=6 (full 1):
 par new generation   total 109248K, used 15166K [0x00000000e0000000, 0x00000000e8000000, 0x00000000e8000000)
  eden space 87424K,   0% used [0x00000000e0000000, 0x00000000e0000000, 0x00000000e5560000)
  from space 21824K,  69% used [0x00000000e5560000, 0x00000000e642f8d8, 0x00000000e6ab0000)
  to   space 21824K,   0% used [0x00000000e6ab0000, 0x00000000e6ab0000, 0x00000000e8000000)
 concurrent mark-sweep generation total 393216K, used 0K [0x00000000e8000000, 0x0000000100000000, 0x0000000100000000)
 Metaspace       used 21452K, capacity 21816K, committed 21936K, reserved 1069056K
  class space    used 2472K, capacity 2645K, committed 2736K, reserved 1048576K
}
2017-07-08T01:26:45.463+0200: 3,737: Total time for which application threads were stopped: 0,0113264 seconds, Stopping threads took: 0,0001528 seconds
2017-07-08T01:26:45.492+0200: 3,766: Total time for which application threads were stopped: 0,0003698 seconds, Stopping threads took: 0,0000248 seconds
2017-07-08T01:26:45.733+0200: 4,007: Total time for which application threads were stopped: 0,0004603 seconds, Stopping threads took: 0,0000393 seconds
2017-07-08T01:26:45.760+0200: 4,035: Total time for which application threads were stopped: 0,0005089 seconds, Stopping threads took: 0,0000231 seconds
2017-07-08T01:26:45.785+0200: 4,059: Total time for which application threads were stopped: 0,0002641 seconds, Stopping threads took: 0,0000406 seconds
2017-07-08T01:26:45.792+0200: 4,066: Total time for which application threads were stopped: 0,0004459 seconds, Stopping threads took: 0,0003662 seconds
2017-07-08T01:26:45.794+0200: 4,068: Total time for which application threads were stopped: 0,0003044 seconds, Stopping threads took: 0,0002243 seconds
2017-07-08T01:26:45.797+0200: 4,071: Total time for which application threads were stopped: 0,0001551 seconds, Stopping threads took: 0,0000412 seconds
2017-07-08T01:26:45.798+0200: 4,072: Total time for which application threads were stopped: 0,0002260 seconds, Stopping threads took: 0,0000938 seconds
2017-07-08T01:26:45.802+0200: 4,076: Total time for which application threads were stopped: 0,0001078 seconds, Stopping threads took: 0,0000252 seconds
2017-07-08T01:26:45.802+0200: 4,076: Total time for which application threads were stopped: 0,0000599 seconds, Stopping threads took: 0,0000153 seconds
2017-07-08T01:26:45.802+0200: 4,077: Total time for which application threads were stopped: 0,0000580 seconds, Stopping threads took: 0,0000190 seconds
2017-07-08T01:26:45.803+0200: 4,077: Total time for which application threads were stopped: 0,0002499 seconds, Stopping threads took: 0,0001668 seconds
2017-07-08T01:26:45.803+0200: 4,077: Total time for which application threads were stopped: 0,0001454 seconds, Stopping threads took: 0,0001062 seconds
2017-07-08T01:26:45.803+0200: 4,078: Total time for which application threads were stopped: 0,0000694 seconds, Stopping threads took: 0,0000101 seconds
2017-07-08T01:26:45.803+0200: 4,078: Total time for which application threads were stopped: 0,0000515 seconds, Stopping threads took: 0,0000178 seconds
2017-07-08T01:26:45.803+0200: 4,078: Total time for which application threads were stopped: 0,0000507 seconds, Stopping threads took: 0,0000155 seconds
2017-07-08T01:26:45.804+0200: 4,078: Total time for which application threads were stopped: 0,0000542 seconds, Stopping threads took: 0,0000116 seconds
2017-07-08T01:26:45.804+0200: 4,078: Total time for which application threads were stopped: 0,0000536 seconds, Stopping threads took: 0,0000156 seconds
2017-07-08T01:26:45.804+0200: 4,078: Total time for which application threads were stopped: 0,0000475 seconds, Stopping threads took: 0,0000126 seconds
2017-07-08T01:26:45.804+0200: 4,078: Total time for which application threads were stopped: 0,0000414 seconds, Stopping threads took: 0,0000091 seconds
2017-07-08T01:26:45.804+0200: 4,078: Total time for which application threads were stopped: 0,0000521 seconds, Stopping threads took: 0,0000166 seconds
2017-07-08T01:26:45.804+0200: 4,078: Total time for which application threads were stopped: 0,0000427 seconds, Stopping threads took: 0,0000092 seconds
2017-07-08T01:26:45.804+0200: 4,079: Total time for which application threads were stopped: 0,0000453 seconds, Stopping threads took: 0,0000096 seconds
2017-07-08T01:26:45.804+0200: 4,079: Total time for which application threads were stopped: 0,0000524 seconds, Stopping threads took: 0,0000097 seconds
2017-07-08T01:26:45.805+0200: 4,079: Total time for which application threads were stopped: 0,0001211 seconds, Stopping threads took: 0,0000084 seconds
2017-07-08T01:26:45.806+0200: 4,080: Total time for which application threads were stopped: 0,0001662 seconds, Stopping threads took: 0,0000968 seconds
2017-07-08T01:26:45.806+0200: 4,080: Total time for which application threads were stopped: 0,0000623 seconds, Stopping threads took: 0,0000179 seconds
2017-07-08T01:26:45.807+0200: 4,081: Total time for which application threads were stopped: 0,0002593 seconds, Stopping threads took: 0,0002197 seconds
2017-07-08T01:26:45.807+0200: 4,081: Total time for which application threads were stopped: 0,0000500 seconds, Stopping threads took: 0,0000182 seconds
2017-07-08T01:26:45.807+0200: 4,081: Total time for which application threads were stopped: 0,0000482 seconds, Stopping threads took: 0,0000162 seconds
2017-07-08T01:26:45.807+0200: 4,081: Total time for which application threads were stopped: 0,0000443 seconds, Stopping threads took: 0,0000177 seconds
2017-07-08T01:26:45.807+0200: 4,082: Total time for which application threads were stopped: 0,0001585 seconds, Stopping threads took: 0,0001204 seconds
2017-07-08T01:26:45.810+0200: 4,084: Total time for which application threads were stopped: 0,0021532 seconds, Stopping threads took: 0,0020951 seconds
2017-07-08T01:26:45.810+0200: 4,084: Total time for which application threads were stopped: 0,0000436 seconds, Stopping threads took: 0,0000160 seconds
2017-07-08T01:26:45.810+0200: 4,084: Total time for which application threads were stopped: 0,0000473 seconds, Stopping threads took: 0,0000125 seconds
2017-07-08T01:26:45.810+0200: 4,085: Total time for which application threads were stopped: 0,0000409 seconds, Stopping threads took: 0,0000143 seconds
2017-07-08T01:26:45.811+0200: 4,086: Total time for which application threads were stopped: 0,0000909 seconds, Stopping threads took: 0,0000212 seconds
2017-07-08T01:26:45.815+0200: 4,089: Total time for which application threads were stopped: 0,0008676 seconds, Stopping threads took: 0,0008061 seconds
2017-07-08T01:26:45.815+0200: 4,089: Total time for which application threads were stopped: 0,0000609 seconds, Stopping threads took: 0,0000202 seconds
2017-07-08T01:26:45.816+0200: 4,090: Total time for which application threads were stopped: 0,0000813 seconds, Stopping threads took: 0,0000262 seconds
2017-07-08T01:26:45.818+0200: 4,093: Total time for which application threads were stopped: 0,0005726 seconds, Stopping threads took: 0,0000180 seconds
2017-07-08T01:26:45.822+0200: 4,097: Total time for which application threads were stopped: 0,0003834 seconds, Stopping threads took: 0,0003084 seconds
2017-07-08T01:26:45.823+0200: 4,097: Total time for which application threads were stopped: 0,0000591 seconds, Stopping threads took: 0,0000210 seconds
2017-07-08T01:26:45.823+0200: 4,097: Total time for which application threads were stopped: 0,0000569 seconds, Stopping threads took: 0,0000198 seconds
2017-07-08T01:26:45.823+0200: 4,097: Total time for which application threads were stopped: 0,0000652 seconds, Stopping threads took: 0,0000197 seconds
2017-07-08T01:26:45.823+0200: 4,097: Total time for which application threads were stopped: 0,0000568 seconds, Stopping threads took: 0,0000166 seconds
2017-07-08T01:26:45.823+0200: 4,097: Total time for which application threads were stopped: 0,0000726 seconds, Stopping threads took: 0,0000167 seconds
2017-07-08T01:26:45.823+0200: 4,098: Total time for which application threads were stopped: 0,0000961 seconds, Stopping threads took: 0,0000257 seconds
2017-07-08T01:26:45.824+0200: 4,098: Total time for which application threads were stopped: 0,0000649 seconds, Stopping threads took: 0,0000181 seconds
2017-07-08T01:26:45.824+0200: 4,098: Total time for which application threads were stopped: 0,0000726 seconds, Stopping threads took: 0,0000204 seconds
2017-07-08T01:26:45.824+0200: 4,098: Total time for which application threads were stopped: 0,0000664 seconds, Stopping threads took: 0,0000153 seconds
2017-07-08T01:26:45.824+0200: 4,098: Total time for which application threads were stopped: 0,0000784 seconds, Stopping threads took: 0,0000196 seconds
2017-07-08T01:26:45.824+0200: 4,099: Total time for which application threads were stopped: 0,0000716 seconds, Stopping threads took: 0,0000194 seconds
2017-07-08T01:26:45.824+0200: 4,099: Total time for which application threads were stopped: 0,0000735 seconds, Stopping threads took: 0,0000174 seconds
2017-07-08T01:26:45.825+0200: 4,099: Total time for which application threads were stopped: 0,0000977 seconds, Stopping threads took: 0,0000280 seconds
2017-07-08T01:26:45.825+0200: 4,099: Total time for which application threads were stopped: 0,0000737 seconds, Stopping threads took: 0,0000182 seconds
2017-07-08T01:26:45.825+0200: 4,099: Total time for which application threads were stopped: 0,0001606 seconds, Stopping threads took: 0,0000182 seconds
2017-07-08T01:26:45.828+0200: 4,102: Total time for which application threads were stopped: 0,0004482 seconds, Stopping threads took: 0,0000290 seconds
2017-07-08T01:26:45.829+0200: 4,104: Total time for which application threads were stopped: 0,0001121 seconds, Stopping threads took: 0,0000441 seconds
2017-07-08T01:26:45.830+0200: 4,104: Total time for which application threads were stopped: 0,0000952 seconds, Stopping threads took: 0,0000283 seconds
2017-07-08T01:26:45.836+0200: 4,111: Total time for which application threads were stopped: 0,0000933 seconds, Stopping threads took: 0,0000210 seconds
2017-07-08T01:26:45.838+0200: 4,112: Total time for which application threads were stopped: 0,0001214 seconds, Stopping threads took: 0,0000418 seconds
2017-07-08T01:26:45.954+0200: 4,228: Total time for which application threads were stopped: 0,0001742 seconds, Stopping threads took: 0,0000496 seconds
{Heap before GC invocations=6 (full 1):
 par new generation   total 109248K, used 102600K [0x00000000e0000000, 0x00000000e8000000, 0x00000000e8000000)
  eden space 87424K, 100% used [0x00000000e0000000, 0x00000000e5560000, 0x00000000e5560000)
  from space 21824K,  69% used [0x00000000e5560000, 0x00000000e6432018, 0x00000000e6ab0000)
  to   space 21824K,   0% used [0x00000000e6ab0000, 0x00000000e6ab0000, 0x00000000e8000000)
 concurrent mark-sweep generation total 393216K, used 0K [0x00000000e8000000, 0x0000000100000000, 0x0000000100000000)
 Metaspace       used 23917K, capacity 24408K, committed 24624K, reserved 1071104K
  class space    used 2814K, capacity 3019K, committed 3120K, reserved 1048576K
2017-07-08T01:26:45.955+0200: 4,229: [GC (Allocation Failure) 2017-07-08T01:26:45.955+0200: 4,229: [ParNew
Desired survivor size 20112992 bytes, new threshold 8 (max 8)
- age   1:    5139656 bytes,    5139656 total
- age   2:     131344 bytes,    5271000 total
- age   3:     186120 bytes,    5457120 total
- age   4:       2552 bytes,    5459672 total
- age   5:     276712 bytes,    5736384 total
- age   6:     797288 bytes,    6533672 total
- age   7:    6653696 bytes,   13187368 total
: 102600K->14923K(109248K), 0,0130329 secs] 102600K->14923K(502464K), 0,0131185 secs] [Times: user=0,04 sys=0,00, real=0,01 secs] 
Heap after GC invocations=7 (full 1):
 par new generation   total 109248K, used 14923K [0x00000000e0000000, 0x00000000e8000000, 0x00000000e8000000)
  eden space 87424K,   0% used [0x00000000e0000000, 0x00000000e0000000, 0x00000000e5560000)
  from space 21824K,  68% used [0x00000000e6ab0000, 0x00000000e7942f30, 0x00000000e8000000)
  to   space 21824K,   0% used [0x00000000e5560000, 0x00000000e5560000, 0x00000000e6ab0000)
 concurrent mark-sweep generation total 393216K, used 0K [0x00000000e8000000, 0x0000000100000000, 0x0000000100000000)
 Metaspace       used 23917K, capacity 24408K, committed 24624K, reserved 1071104K
  class space    used 2814K, capacity 3019K, committed 3120K, reserved 1048576K
}
2017-07-08T01:26:45.968+0200: 4,242: Total time for which application threads were stopped: 0,0133371 seconds, Stopping threads took: 0,0000639 seconds
{Heap before GC invocations=7 (full 1):
 par new generation   total 109248K, used 30115K [0x00000000e0000000, 0x00000000e8000000, 0x00000000e8000000)
  eden space 87424K,  17% used [0x00000000e0000000, 0x00000000e0ed5fb8, 0x00000000e5560000)
  from space 21824K,  68% used [0x00000000e6ab0000, 0x00000000e7942f30, 0x00000000e8000000)
  to   space 21824K,   0% used [0x00000000e5560000, 0x00000000e5560000, 0x00000000e6ab0000)
 concurrent mark-sweep generation total 393216K, used 0K [0x00000000e8000000, 0x0000000100000000, 0x0000000100000000)
 Metaspace       used 23926K, capacity 24408K, committed 24624K, reserved 1071104K
  class space    used 2814K, capacity 3019K, committed 3120K, reserved 1048576K
2017-07-08T01:26:45.982+0200: 4,256: [GC (GCLocker Initiated GC) 2017-07-08T01:26:45.982+0200: 4,256: [ParNew
Desired survivor size 20112992 bytes, new threshold 8 (max 8)
- age   1:     382936 bytes,     382936 total
- age   2:    4965768 bytes,    5348704 total
- age   3:     131320 bytes,    5480024 total
- age   4:     186096 bytes,    5666120 total
- age   5:       2552 bytes,    5668672 total
- age   6:     276640 bytes,    5945312 total
- age   7:     797216 bytes,    6742528 total
- age   8:    6652552 bytes,   13395080 total
: 30115K->18908K(109248K), 0,0107865 secs] 30115K->18908K(502464K), 0,0108422 secs] [Times: user=0,04 sys=0,00, real=0,01 secs] 
Heap after GC invocations=8 (full 1):
 par new generation   total 109248K, used 18908K [0x00000000e0000000, 0x00000000e8000000, 0x00000000e8000000)
  eden space 87424K,   0% used [0x00000000e0000000, 0x00000000e0000000, 0x00000000e5560000)
  from space 21824K,  86% used [0x00000000e5560000, 0x00000000e67d7290, 0x00000000e6ab0000)
  to   space 21824K,   0% used [0x00000000e6ab0000, 0x00000000e6ab0000, 0x00000000e8000000)
 concurrent mark-sweep generation total 393216K, used 0K [0x00000000e8000000, 0x0000000100000000, 0x0000000100000000)
 Metaspace       used 23926K, capacity 24408K, committed 24624K, reserved 1071104K
  class space    used 2814K, capacity 3019K, committed 3120K, reserved 1048576K
}
2017-07-08T01:26:45.993+0200: 4,267: Total time for which application threads were stopped: 0,0149848 seconds, Stopping threads took: 0,0040061 seconds
2017-07-08T01:26:45.994+0200: 4,268: Total time for which application threads were stopped: 0,0001323 seconds, Stopping threads took: 0,0000488 seconds
2017-07-08T01:26:46.012+0200: 4,286: Total time for which application threads were stopped: 0,0007040 seconds, Stopping threads took: 0,0005712 seconds
{Heap before GC invocations=8 (full 1):
 par new generation   total 109248K, used 106332K [0x00000000e0000000, 0x00000000e8000000, 0x00000000e8000000)
  eden space 87424K, 100% used [0x00000000e0000000, 0x00000000e5560000, 0x00000000e5560000)
  from space 21824K,  86% used [0x00000000e5560000, 0x00000000e67d7290, 0x00000000e6ab0000)
  to   space 21824K,   0% used [0x00000000e6ab0000, 0x00000000e6ab0000, 0x00000000e8000000)
 concurrent mark-sweep generation total 393216K, used 0K [0x00000000e8000000, 0x0000000100000000, 0x0000000100000000)
 Metaspace       used 24507K, capacity 24974K, committed 25136K, reserved 1071104K
  class space    used 2868K, capacity 3055K, committed 3120K, reserved 1048576K
2017-07-08T01:26:46.066+0200: 4,340: [GC (Allocation Failure) 2017-07-08T01:26:46.066+0200: 4,340: [ParNew
Desired survivor size 20112992 bytes, new threshold 8 (max 8)
- age   1:    2104584 bytes,    2104584 total
- age   2:      27344 bytes,    2131928 total
- age   3:    1795224 bytes,    3927152 total
- age   4:      66736 bytes,    3993888 total
- age   5:     100192 bytes,    4094080 total
- age   6:       2488 bytes,    4096568 total
- age   7:     187400 bytes,    4283968 total
- age   8:     746880 bytes,    5030848 total
: 106332K->9508K(109248K), 0,0321905 secs] 106332K->16116K(502464K), 0,0322859 secs] [Times: user=0,11 sys=0,00, real=0,04 secs] 
Heap after GC invocations=9 (full 1):
 par new generation   total 109248K, used 9508K [0x00000000e0000000, 0x00000000e8000000, 0x00000000e8000000)
  eden space 87424K,   0% used [0x00000000e0000000, 0x00000000e0000000, 0x00000000e5560000)
  from space 21824K,  43% used [0x00000000e6ab0000, 0x00000000e73f90d0, 0x00000000e8000000)
  to   space 21824K,   0% used [0x00000000e5560000, 0x00000000e5560000, 0x00000000e6ab0000)
 concurrent mark-sweep generation total 393216K, used 6608K [0x00000000e8000000, 0x0000000100000000, 0x0000000100000000)
 Metaspace       used 24507K, capacity 24974K, committed 25136K, reserved 1071104K
  class space    used 2868K, capacity 3055K, committed 3120K, reserved 1048576K
}
2017-07-08T01:26:46.098+0200: 4,372: Total time for which application threads were stopped: 0,0325613 seconds, Stopping threads took: 0,0000867 seconds
2017-07-08T01:26:46.111+0200: 4,386: Total time for which application threads were stopped: 0,0001924 seconds, Stopping threads took: 0,0000944 seconds
{Heap before GC invocations=9 (full 1):
 par new generation   total 109248K, used 96901K [0x00000000e0000000, 0x00000000e8000000, 0x00000000e8000000)
  eden space 87424K,  99% used [0x00000000e0000000, 0x00000000e5558680, 0x00000000e5560000)
  from space 21824K,  43% used [0x00000000e6ab0000, 0x00000000e73f90d0, 0x00000000e8000000)
  to   space 21824K,   0% used [0x00000000e5560000, 0x00000000e5560000, 0x00000000e6ab0000)
 concurrent mark-sweep generation total 393216K, used 6608K [0x00000000e8000000, 0x0000000100000000, 0x0000000100000000)
 Metaspace       used 24807K, capacity 25336K, committed 25392K, reserved 1071104K
  class space    used 2897K, capacity 3089K, committed 3120K, reserved 1048576K
2017-07-08T01:26:46.183+0200: 4,457: [GC (Allocation Failure) 2017-07-08T01:26:46.183+0200: 4,457: [ParNew
Desired survivor size 20112992 bytes, new threshold 8 (max 8)
- age   1:    1142648 bytes,    1142648 total
- age   2:     608464 bytes,    1751112 total
- age   3:      27344 bytes,    1778456 total
- age   4:    1783056 bytes,    3561512 total
- age   5:      66704 bytes,    3628216 total
- age   6:     100128 bytes,    3728344 total
- age   7:       2456 bytes,    3730800 total
- age   8:     184632 bytes,    3915432 total
: 96901K->5645K(109248K), 0,0200178 secs] 103510K->12996K(502464K), 0,0201069 secs] [Times: user=0,06 sys=0,00, real=0,02 secs] 
Heap after GC invocations=10 (full 1):
 par new generation   total 109248K, used 5645K [0x00000000e0000000, 0x00000000e8000000, 0x00000000e8000000)
  eden space 87424K,   0% used [0x00000000e0000000, 0x00000000e0000000, 0x00000000e5560000)
  from space 21824K,  25% used [0x00000000e5560000, 0x00000000e5ae3680, 0x00000000e6ab0000)
  to   space 21824K,   0% used [0x00000000e6ab0000, 0x00000000e6ab0000, 0x00000000e8000000)
 concurrent mark-sweep generation total 393216K, used 7350K [0x00000000e8000000, 0x0000000100000000, 0x0000000100000000)
 Metaspace       used 24807K, capacity 25336K, committed 25392K, reserved 1071104K
  class space    used 2897K, capacity 3089K, committed 3120K, reserved 1048576K
}
2017-07-08T01:26:46.203+0200: 4,478: Total time for which application threads were stopped: 0,0206927 seconds, Stopping threads took: 0,0003743 seconds
2017-07-08T01:26:46.254+0200: 4,529: Total time for which application threads were stopped: 0,0001307 seconds, Stopping threads took: 0,0000526 seconds
2017-07-08T01:26:46.280+0200: 4,555: Total time for which application threads were stopped: 0,0001356 seconds, Stopping threads took: 0,0000437 seconds
2017-07-08T01:26:46.290+0200: 4,564: Total time for which application threads were stopped: 0,0040171 seconds, Stopping threads took: 0,0039316 seconds
2017-07-08T01:26:46.290+0200: 4,565: Total time for which application threads were stopped: 0,0000921 seconds, Stopping threads took: 0,0000264 seconds
2017-07-08T01:26:46.295+0200: 4,569: Total time for which application threads were stopped: 0,0001600 seconds, Stopping threads took: 0,0000660 seconds
2017-07-08T01:26:46.295+0200: 4,569: Total time for which application threads were stopped: 0,0001954 seconds, Stopping threads took: 0,0000331 seconds
2017-07-08T01:26:46.297+0200: 4,572: Total time for which application threads were stopped: 0,0001326 seconds, Stopping threads took: 0,0000474 seconds
2017-07-08T01:26:46.300+0200: 4,574: Total time for which application threads were stopped: 0,0001678 seconds, Stopping threads took: 0,0000472 seconds
2017-07-08T01:26:46.301+0200: 4,575: Total time for which application threads were stopped: 0,0001148 seconds, Stopping threads took: 0,0000297 seconds
2017-07-08T01:26:46.306+0200: 4,580: Total time for which application threads were stopped: 0,0001493 seconds, Stopping threads took: 0,0000440 seconds
2017-07-08T01:26:46.306+0200: 4,580: Total time for which application threads were stopped: 0,0000938 seconds, Stopping threads took: 0,0000210 seconds
2017-07-08T01:26:46.310+0200: 4,584: Total time for which application threads were stopped: 0,0039128 seconds, Stopping threads took: 0,0038355 seconds
2017-07-08T01:26:46.311+0200: 4,585: Total time for which application threads were stopped: 0,0005634 seconds, Stopping threads took: 0,0004919 seconds
2017-07-08T01:26:46.311+0200: 4,585: Total time for which application threads were stopped: 0,0000840 seconds, Stopping threads took: 0,0000402 seconds
2017-07-08T01:26:46.314+0200: 4,588: Total time for which application threads were stopped: 0,0017983 seconds, Stopping threads took: 0,0016959 seconds
2017-07-08T01:26:46.317+0200: 4,591: Total time for which application threads were stopped: 0,0001543 seconds, Stopping threads took: 0,0000476 seconds
2017-07-08T01:26:46.318+0200: 4,592: Total time for which application threads were stopped: 0,0001136 seconds, Stopping threads took: 0,0000525 seconds
2017-07-08T01:26:46.318+0200: 4,592: Total time for which application threads were stopped: 0,0000851 seconds, Stopping threads took: 0,0000335 seconds
2017-07-08T01:26:46.318+0200: 4,593: Total time for which application threads were stopped: 0,0000628 seconds, Stopping threads took: 0,0000182 seconds
2017-07-08T01:26:46.318+0200: 4,593: Total time for which application threads were stopped: 0,0000583 seconds, Stopping threads took: 0,0000205 seconds
2017-07-08T01:26:46.320+0200: 4,595: Total time for which application threads were stopped: 0,0001602 seconds, Stopping threads took: 0,0000494 seconds
2017-07-08T01:26:46.321+0200: 4,595: Total time for which application threads were stopped: 0,0000910 seconds, Stopping threads took: 0,0000268 seconds
2017-07-08T01:26:46.321+0200: 4,595: Total time for which application threads were stopped: 0,0000892 seconds, Stopping threads took: 0,0000317 seconds
2017-07-08T01:26:46.322+0200: 4,596: Total time for which application threads were stopped: 0,0001229 seconds, Stopping threads took: 0,0000392 seconds
2017-07-08T01:26:46.322+0200: 4,596: Total time for which application threads were stopped: 0,0000899 seconds, Stopping threads took: 0,0000201 seconds
2017-07-08T01:26:46.322+0200: 4,597: Total time for which application threads were stopped: 0,0000920 seconds, Stopping threads took: 0,0000220 seconds
2017-07-08T01:26:46.324+0200: 4,598: Total time for which application threads were stopped: 0,0001198 seconds, Stopping threads took: 0,0000470 seconds
2017-07-08T01:26:46.326+0200: 4,600: Total time for which application threads were stopped: 0,0001229 seconds, Stopping threads took: 0,0000463 seconds
2017-07-08T01:26:46.326+0200: 4,601: Total time for which application threads were stopped: 0,0002761 seconds, Stopping threads took: 0,0000897 seconds
2017-07-08T01:26:46.362+0200: 4,636: Total time for which application threads were stopped: 0,0001573 seconds, Stopping threads took: 0,0000464 seconds
2017-07-08T01:26:46.363+0200: 4,637: Total time for which application threads were stopped: 0,0001802 seconds, Stopping threads took: 0,0001251 seconds
2017-07-08T01:26:46.363+0200: 4,637: Total time for which application threads were stopped: 0,0001106 seconds, Stopping threads took: 0,0000403 seconds
2017-07-08T01:26:46.374+0200: 4,648: Total time for which application threads were stopped: 0,0001601 seconds, Stopping threads took: 0,0000579 seconds
2017-07-08T01:26:46.374+0200: 4,649: Total time for which application threads were stopped: 0,0001188 seconds, Stopping threads took: 0,0000476 seconds
2017-07-08T01:26:46.390+0200: 4,665: Total time for which application threads were stopped: 0,0001338 seconds, Stopping threads took: 0,0000786 seconds
2017-07-08T01:26:46.406+0200: 4,680: Total time for which application threads were stopped: 0,0001512 seconds, Stopping threads took: 0,0000806 seconds
2017-07-08T01:26:46.439+0200: 4,713: Total time for which application threads were stopped: 0,0001108 seconds, Stopping threads took: 0,0000264 seconds
2017-07-08T01:26:46.447+0200: 4,722: Total time for which application threads were stopped: 0,0005135 seconds, Stopping threads took: 0,0000258 seconds
2017-07-08T01:26:46.466+0200: 4,741: Total time for which application threads were stopped: 0,0003556 seconds, Stopping threads took: 0,0000235 seconds
2017-07-08T01:26:46.518+0200: 4,792: Total time for which application threads were stopped: 0,0037882 seconds, Stopping threads took: 0,0034457 seconds
2017-07-08T01:26:46.520+0200: 4,795: Total time for which application threads were stopped: 0,0001670 seconds, Stopping threads took: 0,0001159 seconds
2017-07-08T01:26:46.521+0200: 4,795: Total time for which application threads were stopped: 0,0000880 seconds, Stopping threads took: 0,0000397 seconds
2017-07-08T01:26:46.529+0200: 4,804: Total time for which application threads were stopped: 0,0000777 seconds, Stopping threads took: 0,0000208 seconds
2017-07-08T01:26:46.536+0200: 4,810: Total time for which application threads were stopped: 0,0001346 seconds, Stopping threads took: 0,0000496 seconds
2017-07-08T01:26:46.542+0200: 4,817: Total time for which application threads were stopped: 0,0001227 seconds, Stopping threads took: 0,0000400 seconds
2017-07-08T01:26:46.552+0200: 4,826: Total time for which application threads were stopped: 0,0001571 seconds, Stopping threads took: 0,0000758 seconds
2017-07-08T01:26:46.569+0200: 4,843: Total time for which application threads were stopped: 0,0002025 seconds, Stopping threads took: 0,0001048 seconds
2017-07-08T01:26:46.591+0200: 4,866: Total time for which application threads were stopped: 0,0002367 seconds, Stopping threads took: 0,0001680 seconds
2017-07-08T01:26:46.592+0200: 4,866: Total time for which application threads were stopped: 0,0001605 seconds, Stopping threads took: 0,0000630 seconds
2017-07-08T01:26:46.617+0200: 4,891: Total time for which application threads were stopped: 0,0001608 seconds, Stopping threads took: 0,0000707 seconds
2017-07-08T01:26:46.618+0200: 4,892: Total time for which application threads were stopped: 0,0003882 seconds, Stopping threads took: 0,0000186 seconds
2017-07-08T01:26:46.618+0200: 4,892: Total time for which application threads were stopped: 0,0000913 seconds, Stopping threads took: 0,0000237 seconds
2017-07-08T01:26:47.618+0200: 5,893: Total time for which application threads were stopped: 0,0000797 seconds, Stopping threads took: 0,0000214 seconds
2017-07-08T01:28:09.626+0200: 87,900: Total time for which application threads were stopped: 0,0000615 seconds, Stopping threads took: 0,0000175 seconds
2017-07-08T01:28:39.629+0200: 117,903: Total time for which application threads were stopped: 0,0001555 seconds, Stopping threads took: 0,0000614 seconds
2017-07-08T01:28:44.630+0200: 122,904: Total time for which application threads were stopped: 0,0001103 seconds, Stopping threads took: 0,0000286 seconds
2017-07-08T01:31:19.646+0200: 277,920: Total time for which application threads were stopped: 0,0002955 seconds, Stopping threads took: 0,0000701 seconds
2017-07-08T01:50:08.757+0200: 1407,032: Total time for which application threads were stopped: 0,0002268 seconds, Stopping threads took: 0,0001522 seconds
2017-07-08T01:55:03.792+0200: 1702,067: Total time for which application threads were stopped: 0,0000789 seconds, Stopping threads took: 0,0000303 seconds
2017-07-08T02:05:04.868+0200: 2303,142: Total time for which application threads were stopped: 0,0000889 seconds, Stopping threads took: 0,0000321 seconds
2017-07-08T02:05:08.869+0200: 2307,143: Total time for which application threads were stopped: 0,0000633 seconds, Stopping threads took: 0,0000162 seconds
2017-07-08T02:09:13.901+0200: 2552,175: Total time for which application threads were stopped: 0,0001887 seconds, Stopping threads took: 0,0000710 seconds
{Heap before GC invocations=10 (full 1):
 par new generation   total 109248K, used 93069K [0x00000000e0000000, 0x00000000e8000000, 0x00000000e8000000)
  eden space 87424K, 100% used [0x00000000e0000000, 0x00000000e5560000, 0x00000000e5560000)
  from space 21824K,  25% used [0x00000000e5560000, 0x00000000e5ae3680, 0x00000000e6ab0000)
  to   space 21824K,   0% used [0x00000000e6ab0000, 0x00000000e6ab0000, 0x00000000e8000000)
 concurrent mark-sweep generation total 393216K, used 7350K [0x00000000e8000000, 0x0000000100000000, 0x0000000100000000)
 Metaspace       used 28110K, capacity 28580K, committed 28848K, reserved 1075200K
  class space    used 3224K, capacity 3397K, committed 3504K, reserved 1048576K
2017-07-08T02:15:02.422+0200: 2900,696: [GC (Allocation Failure) 2017-07-08T02:15:02.422+0200: 2900,696: [ParNew
Desired survivor size 20112992 bytes, new threshold 8 (max 8)
- age   1:   10771384 bytes,   10771384 total
- age   2:     432200 bytes,   11203584 total
- age   3:     216088 bytes,   11419672 total
- age   4:      27312 bytes,   11446984 total
- age   5:    1771768 bytes,   13218752 total
- age   6:      64352 bytes,   13283104 total
- age   7:      99936 bytes,   13383040 total
- age   8:       2456 bytes,   13385496 total
: 93069K->13943K(109248K), 0,1478499 secs] 100420K->21479K(502464K), 0,1479667 secs] [Times: user=0,04 sys=0,00, real=0,15 secs] 
Heap after GC invocations=11 (full 1):
 par new generation   total 109248K, used 13943K [0x00000000e0000000, 0x00000000e8000000, 0x00000000e8000000)
  eden space 87424K,   0% used [0x00000000e0000000, 0x00000000e0000000, 0x00000000e5560000)
  from space 21824K,  63% used [0x00000000e6ab0000, 0x00000000e784de70, 0x00000000e8000000)
  to   space 21824K,   0% used [0x00000000e5560000, 0x00000000e5560000, 0x00000000e6ab0000)
 concurrent mark-sweep generation total 393216K, used 7535K [0x00000000e8000000, 0x0000000100000000, 0x0000000100000000)
 Metaspace       used 28110K, capacity 28580K, committed 28848K, reserved 1075200K
  class space    used 3224K, capacity 3397K, committed 3504K, reserved 1048576K
}
2017-07-08T02:15:02.570+0200: 2900,844: Total time for which application threads were stopped: 0,1482150 seconds, Stopping threads took: 0,0000420 seconds
2017-07-08T02:15:02.570+0200: 2900,845: Total time for which application threads were stopped: 0,0001291 seconds, Stopping threads took: 0,0000361 seconds
2017-07-08T02:15:02.572+0200: 2900,847: Total time for which application threads were stopped: 0,0000875 seconds, Stopping threads took: 0,0000185 seconds
2017-07-08T02:15:02.577+0200: 2900,851: Total time for which application threads were stopped: 0,0001423 seconds, Stopping threads took: 0,0000424 seconds
2017-07-08T02:15:02.577+0200: 2900,852: Total time for which application threads were stopped: 0,0000968 seconds, Stopping threads took: 0,0000368 seconds
2017-07-08T02:15:02.578+0200: 2900,852: Total time for which application threads were stopped: 0,0001095 seconds, Stopping threads took: 0,0000302 seconds
2017-07-08T02:15:02.578+0200: 2900,853: Total time for which application threads were stopped: 0,0000842 seconds, Stopping threads took: 0,0000159 seconds
2017-07-08T02:15:02.581+0200: 2900,855: Total time for which application threads were stopped: 0,0001147 seconds, Stopping threads took: 0,0000366 seconds
2017-07-08T02:15:02.582+0200: 2900,857: Total time for which application threads were stopped: 0,0001154 seconds, Stopping threads took: 0,0000435 seconds
2017-07-08T02:15:02.583+0200: 2900,857: Total time for which application threads were stopped: 0,0000645 seconds, Stopping threads took: 0,0000225 seconds
2017-07-08T02:15:02.583+0200: 2900,857: Total time for which application threads were stopped: 0,0000617 seconds, Stopping threads took: 0,0000187 seconds
2017-07-08T02:15:02.583+0200: 2900,857: Total time for which application threads were stopped: 0,0000567 seconds, Stopping threads took: 0,0000194 seconds
2017-07-08T02:15:02.583+0200: 2900,857: Total time for which application threads were stopped: 0,0000493 seconds, Stopping threads took: 0,0000160 seconds
2017-07-08T02:15:02.583+0200: 2900,858: Total time for which application threads were stopped: 0,0000512 seconds, Stopping threads took: 0,0000176 seconds
2017-07-08T02:15:02.583+0200: 2900,858: Total time for which application threads were stopped: 0,0000508 seconds, Stopping threads took: 0,0000175 seconds
2017-07-08T02:15:02.583+0200: 2900,858: Total time for which application threads were stopped: 0,0000478 seconds, Stopping threads took: 0,0000148 seconds
2017-07-08T02:15:02.583+0200: 2900,858: Total time for which application threads were stopped: 0,0000487 seconds, Stopping threads took: 0,0000150 seconds
2017-07-08T02:15:02.584+0200: 2900,858: Total time for which application threads were stopped: 0,0000471 seconds, Stopping threads took: 0,0000149 seconds
2017-07-08T02:15:02.584+0200: 2900,858: Total time for which application threads were stopped: 0,0000531 seconds, Stopping threads took: 0,0000186 seconds
2017-07-08T02:15:02.584+0200: 2900,858: Total time for which application threads were stopped: 0,0000514 seconds, Stopping threads took: 0,0000172 seconds
2017-07-08T02:15:02.586+0200: 2900,861: Total time for which application threads were stopped: 0,0024402 seconds, Stopping threads took: 0,0023766 seconds
2017-07-08T02:15:02.586+0200: 2900,861: Total time for which application threads were stopped: 0,0000704 seconds, Stopping threads took: 0,0000245 seconds
2017-07-08T02:15:02.587+0200: 2900,861: Total time for which application threads were stopped: 0,0000486 seconds, Stopping threads took: 0,0000162 seconds
2017-07-08T02:15:02.587+0200: 2900,861: Total time for which application threads were stopped: 0,0000496 seconds, Stopping threads took: 0,0000151 seconds
2017-07-08T02:15:02.587+0200: 2900,861: Total time for which application threads were stopped: 0,0000454 seconds, Stopping threads took: 0,0000143 seconds
2017-07-08T02:15:02.587+0200: 2900,861: Total time for which application threads were stopped: 0,0000455 seconds, Stopping threads took: 0,0000142 seconds
2017-07-08T02:15:02.587+0200: 2900,861: Total time for which application threads were stopped: 0,0000483 seconds, Stopping threads took: 0,0000151 seconds
2017-07-08T02:15:02.587+0200: 2900,861: Total time for which application threads were stopped: 0,0000491 seconds, Stopping threads took: 0,0000159 seconds
2017-07-08T02:15:02.594+0200: 2900,868: Total time for which application threads were stopped: 0,0000685 seconds, Stopping threads took: 0,0000147 seconds
2017-07-08T02:15:02.594+0200: 2900,868: Total time for which application threads were stopped: 0,0000451 seconds, Stopping threads took: 0,0000122 seconds
2017-07-08T02:15:02.594+0200: 2900,868: Total time for which application threads were stopped: 0,0000623 seconds, Stopping threads took: 0,0000302 seconds
2017-07-08T02:15:02.595+0200: 2900,869: Total time for which application threads were stopped: 0,0000901 seconds, Stopping threads took: 0,0000372 seconds
2017-07-08T02:15:02.595+0200: 2900,869: Total time for which application threads were stopped: 0,0000462 seconds, Stopping threads took: 0,0000171 seconds
2017-07-08T02:15:02.595+0200: 2900,870: Total time for which application threads were stopped: 0,0000481 seconds, Stopping threads took: 0,0000156 seconds
2017-07-08T02:15:02.597+0200: 2900,871: Total time for which application threads were stopped: 0,0001010 seconds, Stopping threads took: 0,0000328 seconds
2017-07-08T02:15:02.597+0200: 2900,871: Total time for which application threads were stopped: 0,0000556 seconds, Stopping threads took: 0,0000173 seconds
2017-07-08T02:15:02.597+0200: 2900,871: Total time for which application threads were stopped: 0,0000529 seconds, Stopping threads took: 0,0000157 seconds
2017-07-08T02:15:02.598+0200: 2900,872: Total time for which application threads were stopped: 0,0008108 seconds, Stopping threads took: 0,0007460 seconds
2017-07-08T02:15:02.598+0200: 2900,872: Total time for which application threads were stopped: 0,0000611 seconds, Stopping threads took: 0,0000210 seconds
2017-07-08T02:15:02.598+0200: 2900,873: Total time for which application threads were stopped: 0,0000495 seconds, Stopping threads took: 0,0000160 seconds
2017-07-08T02:15:02.598+0200: 2900,873: Total time for which application threads were stopped: 0,0000473 seconds, Stopping threads took: 0,0000158 seconds
2017-07-08T02:15:02.598+0200: 2900,873: Total time for which application threads were stopped: 0,0000481 seconds, Stopping threads took: 0,0000156 seconds
2017-07-08T02:15:02.598+0200: 2900,873: Total time for which application threads were stopped: 0,0000750 seconds, Stopping threads took: 0,0000208 seconds
2017-07-08T02:15:02.601+0200: 2900,875: Total time for which application threads were stopped: 0,0000876 seconds, Stopping threads took: 0,0000197 seconds
2017-07-08T02:15:02.601+0200: 2900,876: Total time for which application threads were stopped: 0,0000481 seconds, Stopping threads took: 0,0000130 seconds
2017-07-08T02:15:02.602+0200: 2900,876: Total time for which application threads were stopped: 0,0000834 seconds, Stopping threads took: 0,0000271 seconds
2017-07-08T02:15:02.602+0200: 2900,876: Total time for which application threads were stopped: 0,0000551 seconds, Stopping threads took: 0,0000130 seconds
2017-07-08T02:15:02.602+0200: 2900,876: Total time for which application threads were stopped: 0,0000489 seconds, Stopping threads took: 0,0000167 seconds
2017-07-08T02:15:02.603+0200: 2900,877: Total time for which application threads were stopped: 0,0000832 seconds, Stopping threads took: 0,0000333 seconds
2017-07-08T02:15:02.603+0200: 2900,877: Total time for which application threads were stopped: 0,0000686 seconds, Stopping threads took: 0,0000363 seconds
2017-07-08T02:15:02.604+0200: 2900,878: Total time for which application threads were stopped: 0,0001050 seconds, Stopping threads took: 0,0000467 seconds
2017-07-08T02:15:02.604+0200: 2900,879: Total time for which application threads were stopped: 0,0000893 seconds, Stopping threads took: 0,0000521 seconds
2017-07-08T02:15:02.604+0200: 2900,879: Total time for which application threads were stopped: 0,0000641 seconds, Stopping threads took: 0,0000308 seconds
2017-07-08T02:15:02.605+0200: 2900,879: Total time for which application threads were stopped: 0,0000667 seconds, Stopping threads took: 0,0000314 seconds
2017-07-08T02:15:02.605+0200: 2900,879: Total time for which application threads were stopped: 0,0000519 seconds, Stopping threads took: 0,0000180 seconds
2017-07-08T02:15:02.605+0200: 2900,879: Total time for which application threads were stopped: 0,0000509 seconds, Stopping threads took: 0,0000172 seconds
2017-07-08T02:15:02.605+0200: 2900,879: Total time for which application threads were stopped: 0,0000451 seconds, Stopping threads took: 0,0000148 seconds
2017-07-08T02:15:02.605+0200: 2900,879: Total time for which application threads were stopped: 0,0000459 seconds, Stopping threads took: 0,0000143 seconds
2017-07-08T02:15:02.605+0200: 2900,879: Total time for which application threads were stopped: 0,0000489 seconds, Stopping threads took: 0,0000181 seconds
2017-07-08T02:15:02.605+0200: 2900,879: Total time for which application threads were stopped: 0,0000486 seconds, Stopping threads took: 0,0000169 seconds
2017-07-08T02:15:02.605+0200: 2900,880: Total time for which application threads were stopped: 0,0000618 seconds, Stopping threads took: 0,0000200 seconds
2017-07-08T02:15:02.606+0200: 2900,880: Total time for which application threads were stopped: 0,0000591 seconds, Stopping threads took: 0,0000269 seconds
2017-07-08T02:15:02.606+0200: 2900,880: Total time for which application threads were stopped: 0,0000471 seconds, Stopping threads took: 0,0000155 seconds
2017-07-08T02:15:02.606+0200: 2900,880: Total time for which application threads were stopped: 0,0001044 seconds, Stopping threads took: 0,0000533 seconds
2017-07-08T02:15:02.607+0200: 2900,881: Total time for which application threads were stopped: 0,0001256 seconds, Stopping threads took: 0,0000341 seconds
2017-07-08T02:15:02.607+0200: 2900,882: Total time for which application threads were stopped: 0,0001508 seconds, Stopping threads took: 0,0000197 seconds
2017-07-08T02:15:02.610+0200: 2900,884: Total time for which application threads were stopped: 0,0000860 seconds, Stopping threads took: 0,0000231 seconds
2017-07-08T02:15:02.610+0200: 2900,884: Total time for which application threads were stopped: 0,0000955 seconds, Stopping threads took: 0,0000282 seconds
Heap
 par new generation   total 109248K, used 18958K [0x00000000e0000000, 0x00000000e8000000, 0x00000000e8000000)
  eden space 87424K,   5% used [0x00000000e0000000, 0x00000000e04e59b8, 0x00000000e5560000)
  from space 21824K,  63% used [0x00000000e6ab0000, 0x00000000e784de70, 0x00000000e8000000)
  to   space 21824K,   0% used [0x00000000e5560000, 0x00000000e5560000, 0x00000000e6ab0000)
 concurrent mark-sweep generation total 393216K, used 7535K [0x00000000e8000000, 0x0000000100000000, 0x0000000100000000)
 Metaspace       used 28175K, capacity 28744K, committed 29104K, reserved 1075200K
  class space    used 3232K, capacity 3431K, committed 3504K, reserved 1048576K
