OpenJDK 64-Bit Server VM (25.121-b13) for linux-amd64 JRE (1.8.0_121-8u121-b13-0ubuntu1.16.04.2-b13), built on Jan 23 2017 15:51:29 by "buildd" with gcc 5.4.0 20160609
Memory: 4k page, physical 7867760k(7502452k free), swap 8076284k(8076284k free)
CommandLine flags: -XX:CMSInitiatingOccupancyFraction=50 -XX:CMSMaxAbortablePrecleanTime=6000 -XX:+CMSParallelRemarkEnabled -XX:+CMSScavengeBeforeRemark -XX:ConcGCThreads=4 -XX:InitialHeapSize=536870912 -XX:MaxHeapSize=536870912 -XX:MaxTenuringThreshold=8 -XX:NewRatio=3 -XX:OldPLABSize=16 -XX:OnOutOfMemoryError=/opt/solr/bin/oom_solr.sh 8983 /var/solr/logs -XX:ParallelGCThreads=4 -XX:+ParallelRefProcEnabled -XX:PretenureSizeThreshold=67108864 -XX:+PrintGC -XX:+PrintGCApplicationStoppedTime -XX:+PrintGCDateStamps -XX:+PrintGCDetails -XX:+PrintGCTimeStamps -XX:+PrintHeapAtGC -XX:+PrintTenuringDistribution -XX:SurvivorRatio=4 -XX:TargetSurvivorRatio=90 -XX:ThreadStackSize=256 -XX:+UseCMSInitiatingOccupancyOnly -XX:+UseCompressedClassPointers -XX:+UseCompressedOops -XX:+UseConcMarkSweepGC -XX:+UseParNewGC 
2017-02-26T12:07:40.982+0100: 0,154: Total time for which application threads were stopped: 0,0000792 seconds, Stopping threads took: 0,0000137 seconds
2017-02-26T12:07:41.072+0100: 0,245: Total time for which application threads were stopped: 0,0012184 seconds, Stopping threads took: 0,0011310 seconds
2017-02-26T12:07:41.091+0100: 0,264: Total time for which application threads were stopped: 0,0000787 seconds, Stopping threads took: 0,0000162 seconds
2017-02-26T12:07:41.409+0100: 0,581: Total time for which application threads were stopped: 0,0001658 seconds, Stopping threads took: 0,0000146 seconds
2017-02-26T12:07:41.832+0100: 1,005: Total time for which application threads were stopped: 0,0001865 seconds, Stopping threads took: 0,0000256 seconds
2017-02-26T12:07:41.922+0100: 1,094: Total time for which application threads were stopped: 0,0001480 seconds, Stopping threads took: 0,0000173 seconds
2017-02-26T12:07:41.948+0100: 1,120: Total time for which application threads were stopped: 0,0001839 seconds, Stopping threads took: 0,0000239 seconds
2017-02-26T12:07:42.195+0100: 1,367: Total time for which application threads were stopped: 0,0001882 seconds, Stopping threads took: 0,0000195 seconds
2017-02-26T12:07:42.405+0100: 1,578: Total time for which application threads were stopped: 0,0003507 seconds, Stopping threads took: 0,0000159 seconds
2017-02-26T12:07:42.429+0100: 1,601: Total time for which application threads were stopped: 0,0002143 seconds, Stopping threads took: 0,0000234 seconds
2017-02-26T12:07:42.463+0100: 1,635: Total time for which application threads were stopped: 0,0001915 seconds, Stopping threads took: 0,0000162 seconds
2017-02-26T12:07:42.464+0100: 1,636: Total time for which application threads were stopped: 0,0001624 seconds, Stopping threads took: 0,0000136 seconds
2017-02-26T12:07:42.488+0100: 1,660: Total time for which application threads were stopped: 0,0003833 seconds, Stopping threads took: 0,0000287 seconds
2017-02-26T12:07:42.588+0100: 1,760: Total time for which application threads were stopped: 0,0003829 seconds, Stopping threads took: 0,0000463 seconds
2017-02-26T12:07:42.745+0100: 1,917: Total time for which application threads were stopped: 0,0002699 seconds, Stopping threads took: 0,0000429 seconds
{Heap before GC invocations=0 (full 0):
 par new generation   total 109248K, used 87424K [0x00000000e0000000, 0x00000000e8000000, 0x00000000e8000000)
  eden space 87424K, 100% used [0x00000000e0000000, 0x00000000e5560000, 0x00000000e5560000)
  from space 21824K,   0% used [0x00000000e5560000, 0x00000000e5560000, 0x00000000e6ab0000)
  to   space 21824K,   0% used [0x00000000e6ab0000, 0x00000000e6ab0000, 0x00000000e8000000)
 concurrent mark-sweep generation total 393216K, used 0K [0x00000000e8000000, 0x0000000100000000, 0x0000000100000000)
 Metaspace       used 18027K, capacity 18336K, committed 18688K, reserved 1064960K
  class space    used 2036K, capacity 2196K, committed 2304K, reserved 1048576K
2017-02-26T12:07:42.838+0100: 2,010: [GC (Allocation Failure) 2017-02-26T12:07:42.838+0100: 2,010: [ParNew
Desired survivor size 20112992 bytes, new threshold 8 (max 8)
- age   1:   12588512 bytes,   12588512 total
: 87424K->12405K(109248K), 0,0166812 secs] 87424K->12405K(502464K), 0,0167625 secs] [Times: user=0,02 sys=0,03, real=0,01 secs] 
Heap after GC invocations=1 (full 0):
 par new generation   total 109248K, used 12405K [0x00000000e0000000, 0x00000000e8000000, 0x00000000e8000000)
  eden space 87424K,   0% used [0x00000000e0000000, 0x00000000e0000000, 0x00000000e5560000)
  from space 21824K,  56% used [0x00000000e6ab0000, 0x00000000e76cd628, 0x00000000e8000000)
  to   space 21824K,   0% used [0x00000000e5560000, 0x00000000e5560000, 0x00000000e6ab0000)
 concurrent mark-sweep generation total 393216K, used 0K [0x00000000e8000000, 0x0000000100000000, 0x0000000100000000)
 Metaspace       used 18027K, capacity 18336K, committed 18688K, reserved 1064960K
  class space    used 2036K, capacity 2196K, committed 2304K, reserved 1048576K
}
2017-02-26T12:07:42.854+0100: 2,027: Total time for which application threads were stopped: 0,0169881 seconds, Stopping threads took: 0,0000347 seconds
2017-02-26T12:07:43.154+0100: 2,326: Total time for which application threads were stopped: 0,0004004 seconds, Stopping threads took: 0,0000478 seconds
{Heap before GC invocations=1 (full 0):
 par new generation   total 109248K, used 99829K [0x00000000e0000000, 0x00000000e8000000, 0x00000000e8000000)
  eden space 87424K, 100% used [0x00000000e0000000, 0x00000000e5560000, 0x00000000e5560000)
  from space 21824K,  56% used [0x00000000e6ab0000, 0x00000000e76cd628, 0x00000000e8000000)
  to   space 21824K,   0% used [0x00000000e5560000, 0x00000000e5560000, 0x00000000e6ab0000)
 concurrent mark-sweep generation total 393216K, used 0K [0x00000000e8000000, 0x0000000100000000, 0x0000000100000000)
 Metaspace       used 20049K, capacity 20366K, committed 20736K, reserved 1067008K
  class space    used 2296K, capacity 2471K, committed 2560K, reserved 1048576K
2017-02-26T12:07:43.215+0100: 2,387: [GC (Allocation Failure) 2017-02-26T12:07:43.215+0100: 2,387: [ParNew
Desired survivor size 20112992 bytes, new threshold 8 (max 8)
- age   1:    3703272 bytes,    3703272 total
- age   2:    6657520 bytes,   10360792 total
: 99829K->15711K(109248K), 0,0103407 secs] 99829K->15711K(502464K), 0,0104181 secs] [Times: user=0,04 sys=0,00, real=0,00 secs] 
Heap after GC invocations=2 (full 0):
 par new generation   total 109248K, used 15711K [0x00000000e0000000, 0x00000000e8000000, 0x00000000e8000000)
  eden space 87424K,   0% used [0x00000000e0000000, 0x00000000e0000000, 0x00000000e5560000)
  from space 21824K,  71% used [0x00000000e5560000, 0x00000000e64b7c40, 0x00000000e6ab0000)
  to   space 21824K,   0% used [0x00000000e6ab0000, 0x00000000e6ab0000, 0x00000000e8000000)
 concurrent mark-sweep generation total 393216K, used 0K [0x00000000e8000000, 0x0000000100000000, 0x0000000100000000)
 Metaspace       used 20049K, capacity 20366K, committed 20736K, reserved 1067008K
  class space    used 2296K, capacity 2471K, committed 2560K, reserved 1048576K
}
2017-02-26T12:07:43.225+0100: 2,398: Total time for which application threads were stopped: 0,0121075 seconds, Stopping threads took: 0,0015234 seconds
2017-02-26T12:07:43.231+0100: 2,403: Total time for which application threads were stopped: 0,0004263 seconds, Stopping threads took: 0,0000452 seconds
2017-02-26T12:07:43.277+0100: 2,449: Total time for which application threads were stopped: 0,0004945 seconds, Stopping threads took: 0,0000862 seconds
2017-02-26T12:07:43.399+0100: 2,571: Total time for which application threads were stopped: 0,0001935 seconds, Stopping threads took: 0,0000568 seconds
{Heap before GC invocations=2 (full 0):
 par new generation   total 109248K, used 103135K [0x00000000e0000000, 0x00000000e8000000, 0x00000000e8000000)
  eden space 87424K, 100% used [0x00000000e0000000, 0x00000000e5560000, 0x00000000e5560000)
  from space 21824K,  71% used [0x00000000e5560000, 0x00000000e64b7c40, 0x00000000e6ab0000)
  to   space 21824K,   0% used [0x00000000e6ab0000, 0x00000000e6ab0000, 0x00000000e8000000)
 concurrent mark-sweep generation total 393216K, used 0K [0x00000000e8000000, 0x0000000100000000, 0x0000000100000000)
 Metaspace       used 20995K, capacity 21294K, committed 21628K, reserved 1069056K
  class space    used 2420K, capacity 2591K, committed 2684K, reserved 1048576K
2017-02-26T12:07:43.438+0100: 2,611: [GC (Allocation Failure) 2017-02-26T12:07:43.439+0100: 2,611: [ParNew
Desired survivor size 20112992 bytes, new threshold 8 (max 8)
- age   1:    1959440 bytes,    1959440 total
- age   2:     855536 bytes,    2814976 total
- age   3:    6653488 bytes,    9468464 total
: 103135K->12356K(109248K), 0,0207498 secs] 103135K->12356K(502464K), 0,0208365 secs] [Times: user=0,07 sys=0,01, real=0,02 secs] 
Heap after GC invocations=3 (full 0):
 par new generation   total 109248K, used 12356K [0x00000000e0000000, 0x00000000e8000000, 0x00000000e8000000)
  eden space 87424K,   0% used [0x00000000e0000000, 0x00000000e0000000, 0x00000000e5560000)
  from space 21824K,  56% used [0x00000000e6ab0000, 0x00000000e76c1270, 0x00000000e8000000)
  to   space 21824K,   0% used [0x00000000e5560000, 0x00000000e5560000, 0x00000000e6ab0000)
 concurrent mark-sweep generation total 393216K, used 0K [0x00000000e8000000, 0x0000000100000000, 0x0000000100000000)
 Metaspace       used 20995K, capacity 21294K, committed 21628K, reserved 1069056K
  class space    used 2420K, capacity 2591K, committed 2684K, reserved 1048576K
}
2017-02-26T12:07:43.459+0100: 2,632: Total time for which application threads were stopped: 0,0210731 seconds, Stopping threads took: 0,0000472 seconds
2017-02-26T12:07:43.471+0100: 2,643: [GC (CMS Initial Mark) [1 CMS-initial-mark: 0K(393216K)] 16775K(502464K), 0,0082342 secs] [Times: user=0,03 sys=0,00, real=0,01 secs] 
2017-02-26T12:07:43.479+0100: 2,651: Total time for which application threads were stopped: 0,0096615 seconds, Stopping threads took: 0,0013055 seconds
2017-02-26T12:07:43.479+0100: 2,651: [CMS-concurrent-mark-start]
2017-02-26T12:07:43.479+0100: 2,652: [CMS-concurrent-mark: 0,001/0,001 secs] [Times: user=0,00 sys=0,00, real=0,00 secs] 
2017-02-26T12:07:43.480+0100: 2,652: [CMS-concurrent-preclean-start]
2017-02-26T12:07:43.481+0100: 2,653: [CMS-concurrent-preclean: 0,001/0,001 secs] [Times: user=0,00 sys=0,00, real=0,00 secs] 
2017-02-26T12:07:43.481+0100: 2,653: [CMS-concurrent-abortable-preclean-start]
2017-02-26T12:07:43.536+0100: 2,709: Total time for which application threads were stopped: 0,0010104 seconds, Stopping threads took: 0,0009208 seconds
{Heap before GC invocations=3 (full 1):
 par new generation   total 109248K, used 99780K [0x00000000e0000000, 0x00000000e8000000, 0x00000000e8000000)
  eden space 87424K, 100% used [0x00000000e0000000, 0x00000000e5560000, 0x00000000e5560000)
  from space 21824K,  56% used [0x00000000e6ab0000, 0x00000000e76c1270, 0x00000000e8000000)
  to   space 21824K,   0% used [0x00000000e5560000, 0x00000000e5560000, 0x00000000e6ab0000)
 concurrent mark-sweep generation total 393216K, used 0K [0x00000000e8000000, 0x0000000100000000, 0x0000000100000000)
 Metaspace       used 21297K, capacity 21658K, committed 21884K, reserved 1069056K
  class space    used 2452K, capacity 2610K, committed 2684K, reserved 1048576K
2017-02-26T12:07:43.587+0100: 2,759: [GC (Allocation Failure) 2017-02-26T12:07:43.587+0100: 2,759: [ParNew
Desired survivor size 20112992 bytes, new threshold 8 (max 8)
- age   1:     876856 bytes,     876856 total
- age   2:    1451760 bytes,    2328616 total
- age   3:     822256 bytes,    3150872 total
- age   4:    6653696 bytes,    9804568 total
: 99780K->11476K(109248K), 0,0107151 secs] 99780K->11476K(502464K), 0,0107948 secs] [Times: user=0,04 sys=0,00, real=0,01 secs] 
Heap after GC invocations=4 (full 1):
 par new generation   total 109248K, used 11476K [0x00000000e0000000, 0x00000000e8000000, 0x00000000e8000000)
  eden space 87424K,   0% used [0x00000000e0000000, 0x00000000e0000000, 0x00000000e5560000)
  from space 21824K,  52% used [0x00000000e5560000, 0x00000000e60953d0, 0x00000000e6ab0000)
  to   space 21824K,   0% used [0x00000000e6ab0000, 0x00000000e6ab0000, 0x00000000e8000000)
 concurrent mark-sweep generation total 393216K, used 0K [0x00000000e8000000, 0x0000000100000000, 0x0000000100000000)
 Metaspace       used 21297K, capacity 21658K, committed 21884K, reserved 1069056K
  class space    used 2452K, capacity 2610K, committed 2684K, reserved 1048576K
}
2017-02-26T12:07:43.598+0100: 2,770: Total time for which application threads were stopped: 0,0118221 seconds, Stopping threads took: 0,0008516 seconds
2017-02-26T12:07:43.598+0100: 2,770: [CMS-concurrent-abortable-preclean: 0,055/0,117 secs] [Times: user=0,43 sys=0,00, real=0,12 secs] 
2017-02-26T12:07:43.598+0100: 2,771: [GC (CMS Final Remark) [YG occupancy: 12176 K (109248 K)]{Heap before GC invocations=4 (full 1):
 par new generation   total 109248K, used 12176K [0x00000000e0000000, 0x00000000e8000000, 0x00000000e8000000)
  eden space 87424K,   0% used [0x00000000e0000000, 0x00000000e00aeee0, 0x00000000e5560000)
  from space 21824K,  52% used [0x00000000e5560000, 0x00000000e60953d0, 0x00000000e6ab0000)
  to   space 21824K,   0% used [0x00000000e6ab0000, 0x00000000e6ab0000, 0x00000000e8000000)
 concurrent mark-sweep generation total 393216K, used 0K [0x00000000e8000000, 0x0000000100000000, 0x0000000100000000)
 Metaspace       used 21297K, capacity 21658K, committed 21884K, reserved 1069056K
  class space    used 2452K, capacity 2610K, committed 2684K, reserved 1048576K
2017-02-26T12:07:43.598+0100: 2,771: [GC (CMS Final Remark) 2017-02-26T12:07:43.598+0100: 2,771: [ParNew
Desired survivor size 20112992 bytes, new threshold 8 (max 8)
- age   1:     140392 bytes,     140392 total
- age   2:     668912 bytes,     809304 total
- age   3:    1451640 bytes,    2260944 total
- age   4:     822256 bytes,    3083200 total
- age   5:    6653744 bytes,    9736944 total
: 12176K->16657K(109248K), 0,0098536 secs] 12176K->16657K(502464K), 0,0098870 secs] [Times: user=0,03 sys=0,00, real=0,01 secs] 
Heap after GC invocations=5 (full 1):
 par new generation   total 109248K, used 16657K [0x00000000e0000000, 0x00000000e8000000, 0x00000000e8000000)
  eden space 87424K,   0% used [0x00000000e0000000, 0x00000000e0000000, 0x00000000e5560000)
  from space 21824K,  76% used [0x00000000e6ab0000, 0x00000000e7af4480, 0x00000000e8000000)
  to   space 21824K,   0% used [0x00000000e5560000, 0x00000000e5560000, 0x00000000e6ab0000)
 concurrent mark-sweep generation total 393216K, used 0K [0x00000000e8000000, 0x0000000100000000, 0x0000000100000000)
 Metaspace       used 21297K, capacity 21658K, committed 21884K, reserved 1069056K
  class space    used 2452K, capacity 2610K, committed 2684K, reserved 1048576K
}
2017-02-26T12:07:43.608+0100: 2,781: [Rescan (parallel) , 0,0036139 secs]2017-02-26T12:07:43.612+0100: 2,784: [weak refs processing, 0,0010154 secs]2017-02-26T12:07:43.613+0100: 2,785: [class unloading, 0,0030415 secs]2017-02-26T12:07:43.616+0100: 2,788: [scrub symbol table, 0,0025604 secs]2017-02-26T12:07:43.618+0100: 2,791: [scrub string table, 0,0003818 secs][1 CMS-remark: 0K(393216K)] 16657K(502464K), 0,0211500 secs] [Times: user=0,06 sys=0,00, real=0,02 secs] 
2017-02-26T12:07:43.619+0100: 2,792: Total time for which application threads were stopped: 0,0212749 seconds, Stopping threads took: 0,0000528 seconds
2017-02-26T12:07:43.619+0100: 2,792: [CMS-concurrent-sweep-start]
2017-02-26T12:07:43.619+0100: 2,792: [CMS-concurrent-sweep: 0,000/0,000 secs] [Times: user=0,00 sys=0,00, real=0,00 secs] 
2017-02-26T12:07:43.619+0100: 2,792: [CMS-concurrent-reset-start]
2017-02-26T12:07:43.622+0100: 2,794: [CMS-concurrent-reset: 0,003/0,003 secs] [Times: user=0,00 sys=0,00, real=0,00 secs] 
{Heap before GC invocations=5 (full 1):
 par new generation   total 109248K, used 104081K [0x00000000e0000000, 0x00000000e8000000, 0x00000000e8000000)
  eden space 87424K, 100% used [0x00000000e0000000, 0x00000000e5560000, 0x00000000e5560000)
  from space 21824K,  76% used [0x00000000e6ab0000, 0x00000000e7af4480, 0x00000000e8000000)
  to   space 21824K,   0% used [0x00000000e5560000, 0x00000000e5560000, 0x00000000e6ab0000)
 concurrent mark-sweep generation total 393216K, used 0K [0x00000000e8000000, 0x0000000100000000, 0x0000000100000000)
 Metaspace       used 21409K, capacity 21824K, committed 21884K, reserved 1069056K
  class space    used 2471K, capacity 2643K, committed 2684K, reserved 1048576K
2017-02-26T12:07:43.698+0100: 2,870: [GC (Allocation Failure) 2017-02-26T12:07:43.698+0100: 2,870: [ParNew
Desired survivor size 20112992 bytes, new threshold 8 (max 8)
- age   1:     974576 bytes,     974576 total
- age   3:     185312 bytes,    1159888 total
- age   4:    1451440 bytes,    2611328 total
- age   5:     820208 bytes,    3431536 total
- age   6:    6653936 bytes,   10085472 total
: 104081K->11148K(109248K), 0,0130542 secs] 104081K->11148K(502464K), 0,0131371 secs] [Times: user=0,05 sys=0,01, real=0,01 secs] 
Heap after GC invocations=6 (full 1):
 par new generation   total 109248K, used 11148K [0x00000000e0000000, 0x00000000e8000000, 0x00000000e8000000)
  eden space 87424K,   0% used [0x00000000e0000000, 0x00000000e0000000, 0x00000000e5560000)
  from space 21824K,  51% used [0x00000000e5560000, 0x00000000e6043080, 0x00000000e6ab0000)
  to   space 21824K,   0% used [0x00000000e6ab0000, 0x00000000e6ab0000, 0x00000000e8000000)
 concurrent mark-sweep generation total 393216K, used 0K [0x00000000e8000000, 0x0000000100000000, 0x0000000100000000)
 Metaspace       used 21409K, capacity 21824K, committed 21884K, reserved 1069056K
  class space    used 2471K, capacity 2643K, committed 2684K, reserved 1048576K
}
2017-02-26T12:07:43.711+0100: 2,884: Total time for which application threads were stopped: 0,0135849 seconds, Stopping threads took: 0,0002942 seconds
2017-02-26T12:07:43.746+0100: 2,919: Total time for which application threads were stopped: 0,0003258 seconds, Stopping threads took: 0,0000177 seconds
2017-02-26T12:07:43.937+0100: 3,109: Total time for which application threads were stopped: 0,0004392 seconds, Stopping threads took: 0,0000458 seconds
2017-02-26T12:07:43.954+0100: 3,126: Total time for which application threads were stopped: 0,0005566 seconds, Stopping threads took: 0,0002419 seconds
{Heap before GC invocations=6 (full 1):
 par new generation   total 109248K, used 98572K [0x00000000e0000000, 0x00000000e8000000, 0x00000000e8000000)
  eden space 87424K, 100% used [0x00000000e0000000, 0x00000000e5560000, 0x00000000e5560000)
  from space 21824K,  51% used [0x00000000e5560000, 0x00000000e6043080, 0x00000000e6ab0000)
  to   space 21824K,   0% used [0x00000000e6ab0000, 0x00000000e6ab0000, 0x00000000e8000000)
 concurrent mark-sweep generation total 393216K, used 0K [0x00000000e8000000, 0x0000000100000000, 0x0000000100000000)
 Metaspace       used 24057K, capacity 24484K, committed 24572K, reserved 1071104K
  class space    used 2840K, capacity 3017K, committed 3068K, reserved 1048576K
2017-02-26T12:07:44.139+0100: 3,311: [GC (Allocation Failure) 2017-02-26T12:07:44.139+0100: 3,311: [ParNew
Desired survivor size 20112992 bytes, new threshold 8 (max 8)
- age   1:    4944688 bytes,    4944688 total
- age   2:     111536 bytes,    5056224 total
- age   4:     183896 bytes,    5240120 total
- age   5:     281552 bytes,    5521672 total
- age   6:     795856 bytes,    6317528 total
- age   7:    6646752 bytes,   12964280 total
: 98572K->19128K(109248K), 0,0221136 secs] 98572K->19128K(502464K), 0,0221921 secs] [Times: user=0,07 sys=0,01, real=0,02 secs] 
Heap after GC invocations=7 (full 1):
 par new generation   total 109248K, used 19128K [0x00000000e0000000, 0x00000000e8000000, 0x00000000e8000000)
  eden space 87424K,   0% used [0x00000000e0000000, 0x00000000e0000000, 0x00000000e5560000)
  from space 21824K,  87% used [0x00000000e6ab0000, 0x00000000e7d5e018, 0x00000000e8000000)
  to   space 21824K,   0% used [0x00000000e5560000, 0x00000000e5560000, 0x00000000e6ab0000)
 concurrent mark-sweep generation total 393216K, used 0K [0x00000000e8000000, 0x0000000100000000, 0x0000000100000000)
 Metaspace       used 24057K, capacity 24484K, committed 24572K, reserved 1071104K
  class space    used 2840K, capacity 3017K, committed 3068K, reserved 1048576K
}
2017-02-26T12:07:44.161+0100: 3,333: Total time for which application threads were stopped: 0,0224922 seconds, Stopping threads took: 0,0000615 seconds
{Heap before GC invocations=7 (full 1):
 par new generation   total 109248K, used 106552K [0x00000000e0000000, 0x00000000e8000000, 0x00000000e8000000)
  eden space 87424K, 100% used [0x00000000e0000000, 0x00000000e5560000, 0x00000000e5560000)
  from space 21824K,  87% used [0x00000000e6ab0000, 0x00000000e7d5e018, 0x00000000e8000000)
  to   space 21824K,   0% used [0x00000000e5560000, 0x00000000e5560000, 0x00000000e6ab0000)
 concurrent mark-sweep generation total 393216K, used 0K [0x00000000e8000000, 0x0000000100000000, 0x0000000100000000)
 Metaspace       used 24968K, capacity 25402K, committed 25724K, reserved 1071104K
  class space    used 2911K, capacity 3085K, committed 3196K, reserved 1048576K
2017-02-26T12:07:44.330+0100: 3,502: [GC (Allocation Failure) 2017-02-26T12:07:44.330+0100: 3,502: [ParNew
Desired survivor size 20112992 bytes, new threshold 8 (max 8)
- age   1:    1358776 bytes,    1358776 total
- age   2:    1822864 bytes,    3181640 total
- age   3:      87456 bytes,    3269096 total
- age   5:     139088 bytes,    3408184 total
- age   6:     227264 bytes,    3635448 total
- age   7:     777776 bytes,    4413224 total
- age   8:    6381440 bytes,   10794664 total
: 106552K->13225K(109248K), 0,0242226 secs] 106552K->13225K(502464K), 0,0243166 secs] [Times: user=0,05 sys=0,00, real=0,02 secs] 
Heap after GC invocations=8 (full 1):
 par new generation   total 109248K, used 13225K [0x00000000e0000000, 0x00000000e8000000, 0x00000000e8000000)
  eden space 87424K,   0% used [0x00000000e0000000, 0x00000000e0000000, 0x00000000e5560000)
  from space 21824K,  60% used [0x00000000e5560000, 0x00000000e624a7c0, 0x00000000e6ab0000)
  to   space 21824K,   0% used [0x00000000e6ab0000, 0x00000000e6ab0000, 0x00000000e8000000)
 concurrent mark-sweep generation total 393216K, used 0K [0x00000000e8000000, 0x0000000100000000, 0x0000000100000000)
 Metaspace       used 24968K, capacity 25402K, committed 25724K, reserved 1071104K
  class space    used 2911K, capacity 3085K, committed 3196K, reserved 1048576K
}
2017-02-26T12:07:44.354+0100: 3,527: Total time for which application threads were stopped: 0,0245733 seconds, Stopping threads took: 0,0000449 seconds
2017-02-26T12:07:44.536+0100: 3,709: Total time for which application threads were stopped: 0,0004794 seconds, Stopping threads took: 0,0000222 seconds
2017-02-26T12:07:44.592+0100: 3,764: Total time for which application threads were stopped: 0,0004807 seconds, Stopping threads took: 0,0000411 seconds
2017-02-26T12:07:44.609+0100: 3,781: Total time for which application threads were stopped: 0,0004223 seconds, Stopping threads took: 0,0000205 seconds
2017-02-26T12:07:44.666+0100: 3,839: Total time for which application threads were stopped: 0,0004780 seconds, Stopping threads took: 0,0000330 seconds
2017-02-26T12:07:44.779+0100: 3,952: Total time for which application threads were stopped: 0,0004728 seconds, Stopping threads took: 0,0000207 seconds
2017-02-26T12:07:44.883+0100: 4,055: Total time for which application threads were stopped: 0,0005552 seconds, Stopping threads took: 0,0000290 seconds
2017-02-26T12:07:47.884+0100: 7,056: Total time for which application threads were stopped: 0,0000685 seconds, Stopping threads took: 0,0000170 seconds
2017-02-26T12:08:12.887+0100: 32,059: Total time for which application threads were stopped: 0,0000936 seconds, Stopping threads took: 0,0000415 seconds
2017-02-26T12:08:17.888+0100: 37,060: Total time for which application threads were stopped: 0,0000818 seconds, Stopping threads took: 0,0000326 seconds
2017-02-26T12:09:37.900+0100: 117,073: Total time for which application threads were stopped: 0,0006453 seconds, Stopping threads took: 0,0002334 seconds
2017-02-26T12:09:42.901+0100: 122,073: Total time for which application threads were stopped: 0,0000732 seconds, Stopping threads took: 0,0000184 seconds
2017-02-26T12:10:41.908+0100: 181,080: Total time for which application threads were stopped: 0,0001319 seconds, Stopping threads took: 0,0000552 seconds
2017-02-26T12:11:52.918+0100: 252,090: Total time for which application threads were stopped: 0,0000818 seconds, Stopping threads took: 0,0000301 seconds
2017-02-26T12:12:02.919+0100: 262,091: Total time for which application threads were stopped: 0,0001111 seconds, Stopping threads took: 0,0000278 seconds
2017-02-26T12:12:06.919+0100: 266,092: Total time for which application threads were stopped: 0,0000689 seconds, Stopping threads took: 0,0000161 seconds
2017-02-26T12:12:07.920+0100: 267,092: Total time for which application threads were stopped: 0,0000699 seconds, Stopping threads took: 0,0000191 seconds
2017-02-26T12:12:12.920+0100: 272,092: Total time for which application threads were stopped: 0,0000776 seconds, Stopping threads took: 0,0000206 seconds
2017-02-26T12:12:16.921+0100: 276,093: Total time for which application threads were stopped: 0,0000872 seconds, Stopping threads took: 0,0000350 seconds
2017-02-26T12:12:17.921+0100: 277,093: Total time for which application threads were stopped: 0,0000674 seconds, Stopping threads took: 0,0000163 seconds
2017-02-26T12:12:42.924+0100: 302,096: Total time for which application threads were stopped: 0,0000722 seconds, Stopping threads took: 0,0000167 seconds
2017-02-26T12:12:51.925+0100: 311,098: Total time for which application threads were stopped: 0,0002149 seconds, Stopping threads took: 0,0000808 seconds
2017-02-26T12:12:56.926+0100: 316,098: Total time for which application threads were stopped: 0,0001449 seconds, Stopping threads took: 0,0000258 seconds
2017-02-26T12:13:02.927+0100: 322,099: Total time for which application threads were stopped: 0,0001129 seconds, Stopping threads took: 0,0000222 seconds
2017-02-26T12:13:31.835+0100: 351,007: Total time for which application threads were stopped: 0,0004572 seconds, Stopping threads took: 0,0000158 seconds
2017-02-26T12:13:31.836+0100: 351,008: Total time for which application threads were stopped: 0,0003834 seconds, Stopping threads took: 0,0000110 seconds
2017-02-26T12:13:31.854+0100: 351,026: Total time for which application threads were stopped: 0,0001698 seconds, Stopping threads took: 0,0000477 seconds
2017-02-26T12:13:31.854+0100: 351,027: Total time for which application threads were stopped: 0,0001060 seconds, Stopping threads took: 0,0000195 seconds
2017-02-26T12:13:31.859+0100: 351,032: Total time for which application threads were stopped: 0,0001736 seconds, Stopping threads took: 0,0000761 seconds
2017-02-26T12:13:31.860+0100: 351,033: Total time for which application threads were stopped: 0,0001452 seconds, Stopping threads took: 0,0000631 seconds
{Heap before GC invocations=8 (full 1):
 par new generation   total 109248K, used 100649K [0x00000000e0000000, 0x00000000e8000000, 0x00000000e8000000)
  eden space 87424K, 100% used [0x00000000e0000000, 0x00000000e5560000, 0x00000000e5560000)
  from space 21824K,  60% used [0x00000000e5560000, 0x00000000e624a7c0, 0x00000000e6ab0000)
  to   space 21824K,   0% used [0x00000000e6ab0000, 0x00000000e6ab0000, 0x00000000e8000000)
 concurrent mark-sweep generation total 393216K, used 0K [0x00000000e8000000, 0x0000000100000000, 0x0000000100000000)
 Metaspace       used 28189K, capacity 28756K, committed 28796K, reserved 1075200K
  class space    used 3238K, capacity 3432K, committed 3452K, reserved 1048576K
2017-02-26T12:13:31.865+0100: 351,037: [GC (Allocation Failure) 2017-02-26T12:13:31.865+0100: 351,037: [ParNew
Desired survivor size 20112992 bytes, new threshold 8 (max 8)
- age   1:   12244496 bytes,   12244496 total
- age   2:     562376 bytes,   12806872 total
- age   3:    1759608 bytes,   14566480 total
- age   4:      87456 bytes,   14653936 total
- age   6:     134032 bytes,   14787968 total
- age   7:     226768 bytes,   15014736 total
- age   8:     774416 bytes,   15789152 total
: 100649K->18324K(109248K), 0,0414848 secs] 100649K->24804K(502464K), 0,0415630 secs] [Times: user=0,11 sys=0,01, real=0,04 secs] 
Heap after GC invocations=9 (full 1):
 par new generation   total 109248K, used 18324K [0x00000000e0000000, 0x00000000e8000000, 0x00000000e8000000)
  eden space 87424K,   0% used [0x00000000e0000000, 0x00000000e0000000, 0x00000000e5560000)
  from space 21824K,  83% used [0x00000000e6ab0000, 0x00000000e7c95288, 0x00000000e8000000)
  to   space 21824K,   0% used [0x00000000e5560000, 0x00000000e5560000, 0x00000000e6ab0000)
 concurrent mark-sweep generation total 393216K, used 6479K [0x00000000e8000000, 0x0000000100000000, 0x0000000100000000)
 Metaspace       used 28189K, capacity 28756K, committed 28796K, reserved 1075200K
  class space    used 3238K, capacity 3432K, committed 3452K, reserved 1048576K
}
2017-02-26T12:13:31.906+0100: 351,079: Total time for which application threads were stopped: 0,0417763 seconds, Stopping threads took: 0,0000502 seconds
Heap
 par new generation   total 109248K, used 19461K [0x00000000e0000000, 0x00000000e8000000, 0x00000000e8000000)
  eden space 87424K,   1% used [0x00000000e0000000, 0x00000000e011c230, 0x00000000e5560000)
  from space 21824K,  83% used [0x00000000e6ab0000, 0x00000000e7c95288, 0x00000000e8000000)
  to   space 21824K,   0% used [0x00000000e5560000, 0x00000000e5560000, 0x00000000e6ab0000)
 concurrent mark-sweep generation total 393216K, used 6479K [0x00000000e8000000, 0x0000000100000000, 0x0000000100000000)
 Metaspace       used 28198K, capacity 28756K, committed 28796K, reserved 1075200K
  class space    used 3238K, capacity 3432K, committed 3452K, reserved 1048576K
