OpenJDK 64-Bit Server VM (25.111-b14) for linux-amd64 JRE (1.8.0_111-8u111-b14-2ubuntu0.16.04.2-b14), built on Oct 27 2016 18:10:19 by "buildd" with gcc 5.4.0 20160609
Memory: 4k page, physical 7867804k(7518976k free), swap 8076284k(8076284k free)
CommandLine flags: -XX:CMSInitiatingOccupancyFraction=50 -XX:CMSMaxAbortablePrecleanTime=6000 -XX:+CMSParallelRemarkEnabled -XX:+CMSScavengeBeforeRemark -XX:ConcGCThreads=4 -XX:InitialHeapSize=536870912 -XX:MaxHeapSize=536870912 -XX:MaxTenuringThreshold=8 -XX:NewRatio=3 -XX:OldPLABSize=16 -XX:OnOutOfMemoryError=/opt/solr/bin/oom_solr.sh 8983 /var/solr/logs -XX:ParallelGCThreads=4 -XX:+ParallelRefProcEnabled -XX:PretenureSizeThreshold=67108864 -XX:+PrintGC -XX:+PrintGCApplicationStoppedTime -XX:+PrintGCDateStamps -XX:+PrintGCDetails -XX:+PrintGCTimeStamps -XX:+PrintHeapAtGC -XX:+PrintTenuringDistribution -XX:SurvivorRatio=4 -XX:TargetSurvivorRatio=90 -XX:ThreadStackSize=256 -XX:+UseCMSInitiatingOccupancyOnly -XX:+UseCompressedClassPointers -XX:+UseCompressedOops -XX:+UseConcMarkSweepGC -XX:+UseParNewGC 
2017-01-05T17:36:21.930+0100: 0,143: Total time for which application threads were stopped: 0,0001215 seconds, Stopping threads took: 0,0000178 seconds
2017-01-05T17:36:22.011+0100: 0,224: Total time for which application threads were stopped: 0,0001394 seconds, Stopping threads took: 0,0000342 seconds
2017-01-05T17:36:22.025+0100: 0,238: Total time for which application threads were stopped: 0,0001054 seconds, Stopping threads took: 0,0000121 seconds
2017-01-05T17:36:22.227+0100: 0,440: Total time for which application threads were stopped: 0,0001180 seconds, Stopping threads took: 0,0000097 seconds
2017-01-05T17:36:22.639+0100: 0,852: Total time for which application threads were stopped: 0,0001594 seconds, Stopping threads took: 0,0000233 seconds
2017-01-05T17:36:22.816+0100: 1,028: Total time for which application threads were stopped: 0,0001531 seconds, Stopping threads took: 0,0000144 seconds
2017-01-05T17:36:22.842+0100: 1,055: Total time for which application threads were stopped: 0,0003096 seconds, Stopping threads took: 0,0000426 seconds
2017-01-05T17:36:23.104+0100: 1,317: Total time for which application threads were stopped: 0,0001842 seconds, Stopping threads took: 0,0000193 seconds
2017-01-05T17:36:23.353+0100: 1,566: Total time for which application threads were stopped: 0,0002209 seconds, Stopping threads took: 0,0000169 seconds
2017-01-05T17:36:23.383+0100: 1,595: Total time for which application threads were stopped: 0,0009497 seconds, Stopping threads took: 0,0001449 seconds
2017-01-05T17:36:23.384+0100: 1,597: Total time for which application threads were stopped: 0,0003302 seconds, Stopping threads took: 0,0000589 seconds
2017-01-05T17:36:23.400+0100: 1,613: Total time for which application threads were stopped: 0,0003390 seconds, Stopping threads took: 0,0000424 seconds
2017-01-05T17:36:23.531+0100: 1,743: Total time for which application threads were stopped: 0,0008785 seconds, Stopping threads took: 0,0000296 seconds
2017-01-05T17:36:23.691+0100: 1,904: Total time for which application threads were stopped: 0,0003311 seconds, Stopping threads took: 0,0001192 seconds
{Heap before GC invocations=0 (full 0):
 par new generation   total 109248K, used 87424K [0x00000000e0000000, 0x00000000e8000000, 0x00000000e8000000)
  eden space 87424K, 100% used [0x00000000e0000000, 0x00000000e5560000, 0x00000000e5560000)
  from space 21824K,   0% used [0x00000000e5560000, 0x00000000e5560000, 0x00000000e6ab0000)
  to   space 21824K,   0% used [0x00000000e6ab0000, 0x00000000e6ab0000, 0x00000000e8000000)
 concurrent mark-sweep generation total 393216K, used 0K [0x00000000e8000000, 0x0000000100000000, 0x0000000100000000)
 Metaspace       used 18368K, capacity 18686K, committed 18944K, reserved 1067008K
  class space    used 2091K, capacity 2226K, committed 2304K, reserved 1048576K
2017-01-05T17:36:23.829+0100: 2,042: [GC (Allocation Failure) 2017-01-05T17:36:23.829+0100: 2,042: [ParNew
Desired survivor size 20112992 bytes, new threshold 8 (max 8)
- age   1:   12581656 bytes,   12581656 total
: 87424K->12393K(109248K), 0,0168546 secs] 87424K->12393K(502464K), 0,0169542 secs] [Times: user=0,07 sys=0,00, real=0,02 secs] 
Heap after GC invocations=1 (full 0):
 par new generation   total 109248K, used 12393K [0x00000000e0000000, 0x00000000e8000000, 0x00000000e8000000)
  eden space 87424K,   0% used [0x00000000e0000000, 0x00000000e0000000, 0x00000000e5560000)
  from space 21824K,  56% used [0x00000000e6ab0000, 0x00000000e76ca5d0, 0x00000000e8000000)
  to   space 21824K,   0% used [0x00000000e5560000, 0x00000000e5560000, 0x00000000e6ab0000)
 concurrent mark-sweep generation total 393216K, used 0K [0x00000000e8000000, 0x0000000100000000, 0x0000000100000000)
 Metaspace       used 18368K, capacity 18686K, committed 18944K, reserved 1067008K
  class space    used 2091K, capacity 2226K, committed 2304K, reserved 1048576K
}
2017-01-05T17:36:23.846+0100: 2,059: Total time for which application threads were stopped: 0,0171338 seconds, Stopping threads took: 0,0000200 seconds
2017-01-05T17:36:24.012+0100: 2,224: Total time for which application threads were stopped: 0,0002786 seconds, Stopping threads took: 0,0000203 seconds
2017-01-05T17:36:24.046+0100: 2,259: Total time for which application threads were stopped: 0,0003306 seconds, Stopping threads took: 0,0000438 seconds
2017-01-05T17:36:24.076+0100: 2,289: Total time for which application threads were stopped: 0,0002765 seconds, Stopping threads took: 0,0000223 seconds
{Heap before GC invocations=1 (full 0):
 par new generation   total 109248K, used 99817K [0x00000000e0000000, 0x00000000e8000000, 0x00000000e8000000)
  eden space 87424K, 100% used [0x00000000e0000000, 0x00000000e5560000, 0x00000000e5560000)
  from space 21824K,  56% used [0x00000000e6ab0000, 0x00000000e76ca5d0, 0x00000000e8000000)
  to   space 21824K,   0% used [0x00000000e5560000, 0x00000000e5560000, 0x00000000e6ab0000)
 concurrent mark-sweep generation total 393216K, used 0K [0x00000000e8000000, 0x0000000100000000, 0x0000000100000000)
 Metaspace       used 20744K, capacity 21084K, committed 21248K, reserved 1069056K
  class space    used 2404K, capacity 2518K, committed 2560K, reserved 1048576K
2017-01-05T17:36:24.245+0100: 2,458: [GC (Allocation Failure) 2017-01-05T17:36:24.245+0100: 2,458: [ParNew
Desired survivor size 20112992 bytes, new threshold 8 (max 8)
- age   1:    2663168 bytes,    2663168 total
- age   2:    6141264 bytes,    8804432 total
: 99817K->11417K(109248K), 0,0137538 secs] 99817K->11417K(502464K), 0,0138333 secs] [Times: user=0,05 sys=0,00, real=0,01 secs] 
Heap after GC invocations=2 (full 0):
 par new generation   total 109248K, used 11417K [0x00000000e0000000, 0x00000000e8000000, 0x00000000e8000000)
  eden space 87424K,   0% used [0x00000000e0000000, 0x00000000e0000000, 0x00000000e5560000)
  from space 21824K,  52% used [0x00000000e5560000, 0x00000000e6086440, 0x00000000e6ab0000)
  to   space 21824K,   0% used [0x00000000e6ab0000, 0x00000000e6ab0000, 0x00000000e8000000)
 concurrent mark-sweep generation total 393216K, used 0K [0x00000000e8000000, 0x0000000100000000, 0x0000000100000000)
 Metaspace       used 20744K, capacity 21084K, committed 21248K, reserved 1069056K
  class space    used 2404K, capacity 2518K, committed 2560K, reserved 1048576K
}
2017-01-05T17:36:24.259+0100: 2,472: Total time for which application threads were stopped: 0,0140849 seconds, Stopping threads took: 0,0000437 seconds
2017-01-05T17:36:24.313+0100: 2,525: Total time for which application threads were stopped: 0,0000790 seconds, Stopping threads took: 0,0000183 seconds
2017-01-05T17:36:24.345+0100: 2,557: Total time for which application threads were stopped: 0,0000749 seconds, Stopping threads took: 0,0000126 seconds
2017-01-05T17:36:24.345+0100: 2,558: Total time for which application threads were stopped: 0,0002680 seconds, Stopping threads took: 0,0000250 seconds
2017-01-05T17:36:24.373+0100: 2,585: Total time for which application threads were stopped: 0,0000796 seconds, Stopping threads took: 0,0000177 seconds
2017-01-05T17:36:24.450+0100: 2,662: Total time for which application threads were stopped: 0,0001463 seconds, Stopping threads took: 0,0000366 seconds
2017-01-05T17:36:24.474+0100: 2,687: Total time for which application threads were stopped: 0,0012753 seconds, Stopping threads took: 0,0011919 seconds
2017-01-05T17:36:24.486+0100: 2,699: Total time for which application threads were stopped: 0,0004105 seconds, Stopping threads took: 0,0000832 seconds
2017-01-05T17:36:24.499+0100: 2,712: Total time for which application threads were stopped: 0,0003618 seconds, Stopping threads took: 0,0000402 seconds
2017-01-05T17:36:24.509+0100: 2,722: Total time for which application threads were stopped: 0,0001284 seconds, Stopping threads took: 0,0000570 seconds
2017-01-05T17:36:24.547+0100: 2,760: Total time for which application threads were stopped: 0,0000890 seconds, Stopping threads took: 0,0000204 seconds
2017-01-05T17:36:24.565+0100: 2,777: Total time for which application threads were stopped: 0,0000769 seconds, Stopping threads took: 0,0000147 seconds
2017-01-05T17:36:24.584+0100: 2,796: Total time for which application threads were stopped: 0,0000831 seconds, Stopping threads took: 0,0000150 seconds
2017-01-05T17:36:24.604+0100: 2,817: Total time for which application threads were stopped: 0,0000747 seconds, Stopping threads took: 0,0000138 seconds
2017-01-05T17:36:24.641+0100: 2,854: Total time for which application threads were stopped: 0,0001426 seconds, Stopping threads took: 0,0000256 seconds
2017-01-05T17:36:24.699+0100: 2,912: Total time for which application threads were stopped: 0,0001489 seconds, Stopping threads took: 0,0000740 seconds
2017-01-05T17:36:24.727+0100: 2,940: Total time for which application threads were stopped: 0,0001620 seconds, Stopping threads took: 0,0000784 seconds
{Heap before GC invocations=2 (full 0):
 par new generation   total 109248K, used 98841K [0x00000000e0000000, 0x00000000e8000000, 0x00000000e8000000)
  eden space 87424K, 100% used [0x00000000e0000000, 0x00000000e5560000, 0x00000000e5560000)
  from space 21824K,  52% used [0x00000000e5560000, 0x00000000e6086440, 0x00000000e6ab0000)
  to   space 21824K,   0% used [0x00000000e6ab0000, 0x00000000e6ab0000, 0x00000000e8000000)
 concurrent mark-sweep generation total 393216K, used 0K [0x00000000e8000000, 0x0000000100000000, 0x0000000100000000)
 Metaspace       used 24854K, capacity 25221K, committed 25536K, reserved 1071104K
  class space    used 2896K, capacity 3025K, committed 3092K, reserved 1048576K
2017-01-05T17:36:24.741+0100: 2,954: [GC (Allocation Failure) 2017-01-05T17:36:24.741+0100: 2,954: [ParNew
Desired survivor size 20112992 bytes, new threshold 8 (max 8)
- age   1:    6687392 bytes,    6687392 total
- age   2:     513136 bytes,    7200528 total
- age   3:    6133400 bytes,   13333928 total
: 98841K->15636K(109248K), 0,0118502 secs] 98841K->15636K(502464K), 0,0119180 secs] [Times: user=0,03 sys=0,00, real=0,01 secs] 
Heap after GC invocations=3 (full 0):
 par new generation   total 109248K, used 15636K [0x00000000e0000000, 0x00000000e8000000, 0x00000000e8000000)
  eden space 87424K,   0% used [0x00000000e0000000, 0x00000000e0000000, 0x00000000e5560000)
  from space 21824K,  71% used [0x00000000e6ab0000, 0x00000000e79f52f0, 0x00000000e8000000)
  to   space 21824K,   0% used [0x00000000e5560000, 0x00000000e5560000, 0x00000000e6ab0000)
 concurrent mark-sweep generation total 393216K, used 0K [0x00000000e8000000, 0x0000000100000000, 0x0000000100000000)
 Metaspace       used 24854K, capacity 25221K, committed 25536K, reserved 1071104K
  class space    used 2896K, capacity 3025K, committed 3092K, reserved 1048576K
}
2017-01-05T17:36:24.753+0100: 2,966: Total time for which application threads were stopped: 0,0121028 seconds, Stopping threads took: 0,0000500 seconds
2017-01-05T17:36:24.754+0100: 2,967: [GC (CMS Initial Mark) [1 CMS-initial-mark: 0K(393216K)] 17030K(502464K), 0,0030336 secs] [Times: user=0,01 sys=0,00, real=0,00 secs] 
2017-01-05T17:36:24.757+0100: 2,970: Total time for which application threads were stopped: 0,0038993 seconds, Stopping threads took: 0,0007887 seconds
2017-01-05T17:36:24.757+0100: 2,970: [CMS-concurrent-mark-start]
2017-01-05T17:36:24.758+0100: 2,971: [CMS-concurrent-mark: 0,000/0,000 secs] [Times: user=0,00 sys=0,00, real=0,00 secs] 
2017-01-05T17:36:24.758+0100: 2,971: [CMS-concurrent-preclean-start]
2017-01-05T17:36:24.759+0100: 2,972: [CMS-concurrent-preclean: 0,001/0,001 secs] [Times: user=0,00 sys=0,01, real=0,00 secs] 
2017-01-05T17:36:24.759+0100: 2,972: [GC (CMS Final Remark) [YG occupancy: 17030 K (109248 K)]{Heap before GC invocations=3 (full 1):
 par new generation   total 109248K, used 17030K [0x00000000e0000000, 0x00000000e8000000, 0x00000000e8000000)
  eden space 87424K,   1% used [0x00000000e0000000, 0x00000000e015c738, 0x00000000e5560000)
  from space 21824K,  71% used [0x00000000e6ab0000, 0x00000000e79f52f0, 0x00000000e8000000)
  to   space 21824K,   0% used [0x00000000e5560000, 0x00000000e5560000, 0x00000000e6ab0000)
 concurrent mark-sweep generation total 393216K, used 0K [0x00000000e8000000, 0x0000000100000000, 0x0000000100000000)
 Metaspace       used 24858K, capacity 25221K, committed 25536K, reserved 1071104K
  class space    used 2897K, capacity 3025K, committed 3092K, reserved 1048576K
2017-01-05T17:36:24.759+0100: 2,972: [GC (CMS Final Remark) 2017-01-05T17:36:24.759+0100: 2,972: [ParNew
Desired survivor size 20112992 bytes, new threshold 8 (max 8)
- age   1:       4856 bytes,       4856 total
- age   2:    6686328 bytes,    6691184 total
- age   3:     513136 bytes,    7204320 total
- age   4:    6133320 bytes,   13337640 total
: 17030K->18997K(109248K), 0,0113318 secs] 17030K->18997K(502464K), 0,0113775 secs] [Times: user=0,04 sys=0,00, real=0,01 secs] 
Heap after GC invocations=4 (full 1):
 par new generation   total 109248K, used 18997K [0x00000000e0000000, 0x00000000e8000000, 0x00000000e8000000)
  eden space 87424K,   0% used [0x00000000e0000000, 0x00000000e0000000, 0x00000000e5560000)
  from space 21824K,  87% used [0x00000000e5560000, 0x00000000e67ed640, 0x00000000e6ab0000)
  to   space 21824K,   0% used [0x00000000e6ab0000, 0x00000000e6ab0000, 0x00000000e8000000)
 concurrent mark-sweep generation total 393216K, used 0K [0x00000000e8000000, 0x0000000100000000, 0x0000000100000000)
 Metaspace       used 24858K, capacity 25221K, committed 25536K, reserved 1071104K
  class space    used 2897K, capacity 3025K, committed 3092K, reserved 1048576K
}
2017-01-05T17:36:24.771+0100: 2,984: [Rescan (parallel) , 0,0037448 secs]2017-01-05T17:36:24.775+0100: 2,987: [weak refs processing, 0,0005310 secs]2017-01-05T17:36:24.775+0100: 2,988: [class unloading, 0,0033230 secs]2017-01-05T17:36:24.778+0100: 2,991: [scrub symbol table, 0,0033208 secs]2017-01-05T17:36:24.782+0100: 2,995: [scrub string table, 0,0004005 secs][1 CMS-remark: 0K(393216K)] 18997K(502464K), 0,0234553 secs] [Times: user=0,06 sys=0,00, real=0,03 secs] 
2017-01-05T17:36:24.783+0100: 2,996: Total time for which application threads were stopped: 0,0236474 seconds, Stopping threads took: 0,0001028 seconds
2017-01-05T17:36:24.785+0100: 2,997: [CMS-concurrent-sweep-start]
2017-01-05T17:36:24.785+0100: 2,998: [CMS-concurrent-sweep: 0,000/0,000 secs] [Times: user=0,00 sys=0,00, real=0,00 secs] 
2017-01-05T17:36:24.785+0100: 2,998: [CMS-concurrent-reset-start]
2017-01-05T17:36:24.787+0100: 2,999: [CMS-concurrent-reset: 0,002/0,002 secs] [Times: user=0,00 sys=0,00, real=0,00 secs] 
2017-01-05T17:36:24.856+0100: 3,069: Total time for which application threads were stopped: 0,0004409 seconds, Stopping threads took: 0,0000222 seconds
2017-01-05T17:36:24.872+0100: 3,085: Total time for which application threads were stopped: 0,0004347 seconds, Stopping threads took: 0,0000249 seconds
2017-01-05T17:36:25.841+0100: 4,054: Total time for which application threads were stopped: 0,0003675 seconds, Stopping threads took: 0,0000193 seconds
2017-01-05T17:36:53.847+0100: 32,060: Total time for which application threads were stopped: 0,0004981 seconds, Stopping threads took: 0,0001565 seconds
2017-01-05T17:39:03.867+0100: 162,080: Total time for which application threads were stopped: 0,0000972 seconds, Stopping threads took: 0,0000412 seconds
2017-01-05T17:39:08.868+0100: 167,081: Total time for which application threads were stopped: 0,0000876 seconds, Stopping threads took: 0,0000202 seconds
2017-01-05T17:39:22.869+0100: 181,082: Total time for which application threads were stopped: 0,0000934 seconds, Stopping threads took: 0,0000243 seconds
2017-01-05T17:40:03.873+0100: 222,086: Total time for which application threads were stopped: 0,0001126 seconds, Stopping threads took: 0,0000493 seconds
2017-01-05T17:40:42.879+0100: 261,092: Total time for which application threads were stopped: 0,0007659 seconds, Stopping threads took: 0,0004142 seconds
2017-01-05T17:40:52.880+0100: 271,093: Total time for which application threads were stopped: 0,0000660 seconds, Stopping threads took: 0,0000235 seconds
2017-01-05T17:40:57.881+0100: 276,094: Total time for which application threads were stopped: 0,0004266 seconds, Stopping threads took: 0,0001862 seconds
2017-01-05T17:41:08.883+0100: 287,095: Total time for which application threads were stopped: 0,0007135 seconds, Stopping threads took: 0,0001422 seconds
2017-01-05T17:41:18.884+0100: 297,096: Total time for which application threads were stopped: 0,0000861 seconds, Stopping threads took: 0,0000200 seconds
2017-01-05T17:41:43.886+0100: 322,099: Total time for which application threads were stopped: 0,0000785 seconds, Stopping threads took: 0,0000336 seconds
2017-01-05T17:52:48.952+0100: 987,164: Total time for which application threads were stopped: 0,0000886 seconds, Stopping threads took: 0,0000292 seconds
2017-01-05T17:52:53.952+0100: 992,165: Total time for which application threads were stopped: 0,0000605 seconds, Stopping threads took: 0,0000173 seconds
2017-01-05T18:00:08.003+0100: 1426,215: Total time for which application threads were stopped: 0,0000967 seconds, Stopping threads took: 0,0000385 seconds
2017-01-05T18:04:04.039+0100: 1662,252: Total time for which application threads were stopped: 0,0007637 seconds, Stopping threads took: 0,0004266 seconds
2017-01-05T18:04:58.046+0100: 1716,258: Total time for which application threads were stopped: 0,0000760 seconds, Stopping threads took: 0,0000313 seconds
2017-01-05T18:15:33.123+0100: 2351,336: Total time for which application threads were stopped: 0,0000742 seconds, Stopping threads took: 0,0000316 seconds
2017-01-05T18:15:34.123+0100: 2352,336: Total time for which application threads were stopped: 0,0000617 seconds, Stopping threads took: 0,0000174 seconds
2017-01-05T18:36:04.269+0100: 3582,482: Total time for which application threads were stopped: 0,0000732 seconds, Stopping threads took: 0,0000290 seconds
2017-01-05T18:42:13.319+0100: 3951,532: Total time for which application threads were stopped: 0,0002328 seconds, Stopping threads took: 0,0000889 seconds
2017-01-05T18:43:23.329+0100: 4021,542: Total time for which application threads were stopped: 0,0002341 seconds, Stopping threads took: 0,0000478 seconds
2017-01-05T19:29:09.651+0100: 6767,863: Total time for which application threads were stopped: 0,0000919 seconds, Stopping threads took: 0,0000422 seconds
2017-01-05T19:30:54.667+0100: 6872,880: Total time for which application threads were stopped: 0,0001406 seconds, Stopping threads took: 0,0000586 seconds
2017-01-05T19:38:09.732+0100: 7307,945: Total time for which application threads were stopped: 0,0000864 seconds, Stopping threads took: 0,0000391 seconds
2017-01-05T19:41:23.760+0100: 7501,973: Total time for which application threads were stopped: 0,0000831 seconds, Stopping threads took: 0,0000368 seconds
2017-01-05T19:41:53.765+0100: 7531,978: Total time for which application threads were stopped: 0,0001273 seconds, Stopping threads took: 0,0000480 seconds
2017-01-05T19:43:23.778+0100: 7621,991: Total time for which application threads were stopped: 0,0000717 seconds, Stopping threads took: 0,0000316 seconds
2017-01-05T19:44:23.788+0100: 7682,001: Total time for which application threads were stopped: 0,0000942 seconds, Stopping threads took: 0,0000383 seconds
2017-01-05T19:48:23.825+0100: 7922,038: Total time for which application threads were stopped: 0,0000962 seconds, Stopping threads took: 0,0000359 seconds
2017-01-05T20:48:53.287+0100: 11551,500: Total time for which application threads were stopped: 0,0001070 seconds, Stopping threads took: 0,0000372 seconds
2017-01-05T21:52:23.688+0100: 15361,900: Total time for which application threads were stopped: 0,0000894 seconds, Stopping threads took: 0,0000369 seconds
2017-01-05T22:45:24.014+0100: 18542,227: Total time for which application threads were stopped: 0,0000766 seconds, Stopping threads took: 0,0000300 seconds
2017-01-06T01:33:08.778+0100: 28606,991: Total time for which application threads were stopped: 0,0001414 seconds, Stopping threads took: 0,0000228 seconds
Heap
 par new generation   total 109248K, used 64568K [0x00000000e0000000, 0x00000000e8000000, 0x00000000e8000000)
  eden space 87424K,  52% used [0x00000000e0000000, 0x00000000e2c80a10, 0x00000000e5560000)
  from space 21824K,  87% used [0x00000000e5560000, 0x00000000e67ed640, 0x00000000e6ab0000)
  to   space 21824K,   0% used [0x00000000e6ab0000, 0x00000000e6ab0000, 0x00000000e8000000)
 concurrent mark-sweep generation total 393216K, used 0K [0x00000000e8000000, 0x0000000100000000, 0x0000000100000000)
 Metaspace       used 27279K, capacity 27729K, committed 27924K, reserved 1073152K
  class space    used 3168K, capacity 3321K, committed 3348K, reserved 1048576K
