OpenJDK 64-Bit Server VM (25.121-b13) for linux-amd64 JRE (1.8.0_121-8u121-b13-0ubuntu1.16.04.2-b13), built on Jan 23 2017 15:51:29 by "buildd" with gcc 5.4.0 20160609
Memory: 4k page, physical 7867764k(7420684k free), swap 8076284k(8076284k free)
CommandLine flags: -XX:CMSInitiatingOccupancyFraction=50 -XX:CMSMaxAbortablePrecleanTime=6000 -XX:+CMSParallelRemarkEnabled -XX:+CMSScavengeBeforeRemark -XX:ConcGCThreads=4 -XX:InitialHeapSize=536870912 -XX:MaxHeapSize=536870912 -XX:MaxTenuringThreshold=8 -XX:NewRatio=3 -XX:OldPLABSize=16 -XX:OnOutOfMemoryError=/opt/solr/bin/oom_solr.sh 8983 /var/solr/logs -XX:ParallelGCThreads=4 -XX:+ParallelRefProcEnabled -XX:PretenureSizeThreshold=67108864 -XX:+PrintGC -XX:+PrintGCApplicationStoppedTime -XX:+PrintGCDateStamps -XX:+PrintGCDetails -XX:+PrintGCTimeStamps -XX:+PrintHeapAtGC -XX:+PrintTenuringDistribution -XX:SurvivorRatio=4 -XX:TargetSurvivorRatio=90 -XX:ThreadStackSize=256 -XX:+UseCMSInitiatingOccupancyOnly -XX:+UseCompressedClassPointers -XX:+UseCompressedOops -XX:+UseConcMarkSweepGC -XX:+UseParNewGC 
2017-04-28T07:03:39.023+0200: 0,166: Total time for which application threads were stopped: 0,0000706 seconds, Stopping threads took: 0,0000096 seconds
2017-04-28T07:03:39.126+0200: 0,270: Total time for which application threads were stopped: 0,0009333 seconds, Stopping threads took: 0,0001560 seconds
2017-04-28T07:03:39.156+0200: 0,300: Total time for which application threads were stopped: 0,0000799 seconds, Stopping threads took: 0,0000139 seconds
2017-04-28T07:03:39.583+0200: 0,726: Total time for which application threads were stopped: 0,0001756 seconds, Stopping threads took: 0,0000183 seconds
2017-04-28T07:03:39.988+0200: 1,131: Total time for which application threads were stopped: 0,0001107 seconds, Stopping threads took: 0,0000094 seconds
2017-04-28T07:03:40.045+0200: 1,188: Total time for which application threads were stopped: 0,0002380 seconds, Stopping threads took: 0,0000853 seconds
2017-04-28T07:03:40.068+0200: 1,211: Total time for which application threads were stopped: 0,0001726 seconds, Stopping threads took: 0,0000225 seconds
2017-04-28T07:03:40.338+0200: 1,481: Total time for which application threads were stopped: 0,0001607 seconds, Stopping threads took: 0,0000114 seconds
2017-04-28T07:03:40.589+0200: 1,732: Total time for which application threads were stopped: 0,0004212 seconds, Stopping threads took: 0,0000507 seconds
2017-04-28T07:03:40.612+0200: 1,755: Total time for which application threads were stopped: 0,0001962 seconds, Stopping threads took: 0,0000275 seconds
2017-04-28T07:03:40.647+0200: 1,790: Total time for which application threads were stopped: 0,0002198 seconds, Stopping threads took: 0,0000179 seconds
2017-04-28T07:03:40.648+0200: 1,791: Total time for which application threads were stopped: 0,0002160 seconds, Stopping threads took: 0,0000201 seconds
2017-04-28T07:03:40.673+0200: 1,816: Total time for which application threads were stopped: 0,0004549 seconds, Stopping threads took: 0,0000763 seconds
2017-04-28T07:03:40.743+0200: 1,886: Total time for which application threads were stopped: 0,0002143 seconds, Stopping threads took: 0,0000210 seconds
2017-04-28T07:03:40.901+0200: 2,044: Total time for which application threads were stopped: 0,0003990 seconds, Stopping threads took: 0,0001759 seconds
{Heap before GC invocations=0 (full 0):
 par new generation   total 109248K, used 87424K [0x00000000e0000000, 0x00000000e8000000, 0x00000000e8000000)
  eden space 87424K, 100% used [0x00000000e0000000, 0x00000000e5560000, 0x00000000e5560000)
  from space 21824K,   0% used [0x00000000e5560000, 0x00000000e5560000, 0x00000000e6ab0000)
  to   space 21824K,   0% used [0x00000000e6ab0000, 0x00000000e6ab0000, 0x00000000e8000000)
 concurrent mark-sweep generation total 393216K, used 0K [0x00000000e8000000, 0x0000000100000000, 0x0000000100000000)
 Metaspace       used 17956K, capacity 18240K, committed 18304K, reserved 1064960K
  class space    used 2032K, capacity 2164K, committed 2176K, reserved 1048576K
2017-04-28T07:03:40.966+0200: 2,110: [GC (Allocation Failure) 2017-04-28T07:03:40.966+0200: 2,110: [ParNew
Desired survivor size 20112992 bytes, new threshold 8 (max 8)
- age   1:   11939608 bytes,   11939608 total
: 87424K->11772K(109248K), 0,0154055 secs] 87424K->11772K(502464K), 0,0154842 secs] [Times: user=0,03 sys=0,01, real=0,01 secs] 
Heap after GC invocations=1 (full 0):
 par new generation   total 109248K, used 11772K [0x00000000e0000000, 0x00000000e8000000, 0x00000000e8000000)
  eden space 87424K,   0% used [0x00000000e0000000, 0x00000000e0000000, 0x00000000e5560000)
  from space 21824K,  53% used [0x00000000e6ab0000, 0x00000000e762f2c0, 0x00000000e8000000)
  to   space 21824K,   0% used [0x00000000e5560000, 0x00000000e5560000, 0x00000000e6ab0000)
 concurrent mark-sweep generation total 393216K, used 0K [0x00000000e8000000, 0x0000000100000000, 0x0000000100000000)
 Metaspace       used 17956K, capacity 18240K, committed 18304K, reserved 1064960K
  class space    used 2032K, capacity 2164K, committed 2176K, reserved 1048576K
}
2017-04-28T07:03:40.982+0200: 2,125: Total time for which application threads were stopped: 0,0191543 seconds, Stopping threads took: 0,0035198 seconds
2017-04-28T07:03:41.310+0200: 2,454: Total time for which application threads were stopped: 0,0004229 seconds, Stopping threads took: 0,0000570 seconds
{Heap before GC invocations=1 (full 0):
 par new generation   total 109248K, used 99191K [0x00000000e0000000, 0x00000000e8000000, 0x00000000e8000000)
  eden space 87424K,  99% used [0x00000000e0000000, 0x00000000e555ea60, 0x00000000e5560000)
  from space 21824K,  53% used [0x00000000e6ab0000, 0x00000000e762f2c0, 0x00000000e8000000)
  to   space 21824K,   0% used [0x00000000e5560000, 0x00000000e5560000, 0x00000000e6ab0000)
 concurrent mark-sweep generation total 393216K, used 0K [0x00000000e8000000, 0x0000000100000000, 0x0000000100000000)
 Metaspace       used 20039K, capacity 20354K, committed 20736K, reserved 1067008K
  class space    used 2293K, capacity 2467K, committed 2560K, reserved 1048576K
2017-04-28T07:03:41.345+0200: 2,488: [GC (Allocation Failure) 2017-04-28T07:03:41.345+0200: 2,488: [ParNew
Desired survivor size 20112992 bytes, new threshold 8 (max 8)
- age   1:    3948280 bytes,    3948280 total
- age   2:    6488264 bytes,   10436544 total
: 99191K->15246K(109248K), 0,0101410 secs] 99191K->15246K(502464K), 0,0102051 secs] [Times: user=0,02 sys=0,00, real=0,01 secs] 
Heap after GC invocations=2 (full 0):
 par new generation   total 109248K, used 15246K [0x00000000e0000000, 0x00000000e8000000, 0x00000000e8000000)
  eden space 87424K,   0% used [0x00000000e0000000, 0x00000000e0000000, 0x00000000e5560000)
  from space 21824K,  69% used [0x00000000e5560000, 0x00000000e6443900, 0x00000000e6ab0000)
  to   space 21824K,   0% used [0x00000000e6ab0000, 0x00000000e6ab0000, 0x00000000e8000000)
 concurrent mark-sweep generation total 393216K, used 0K [0x00000000e8000000, 0x0000000100000000, 0x0000000100000000)
 Metaspace       used 20039K, capacity 20354K, committed 20736K, reserved 1067008K
  class space    used 2293K, capacity 2467K, committed 2560K, reserved 1048576K
}
2017-04-28T07:03:41.355+0200: 2,498: Total time for which application threads were stopped: 0,0104226 seconds, Stopping threads took: 0,0000773 seconds
2017-04-28T07:03:41.377+0200: 2,521: Total time for which application threads were stopped: 0,0053580 seconds, Stopping threads took: 0,0050614 seconds
2017-04-28T07:03:41.427+0200: 2,571: Total time for which application threads were stopped: 0,0013235 seconds, Stopping threads took: 0,0010186 seconds
2017-04-28T07:03:41.539+0200: 2,682: Total time for which application threads were stopped: 0,0001865 seconds, Stopping threads took: 0,0000412 seconds
{Heap before GC invocations=2 (full 0):
 par new generation   total 109248K, used 102670K [0x00000000e0000000, 0x00000000e8000000, 0x00000000e8000000)
  eden space 87424K, 100% used [0x00000000e0000000, 0x00000000e5560000, 0x00000000e5560000)
  from space 21824K,  69% used [0x00000000e5560000, 0x00000000e6443900, 0x00000000e6ab0000)
  to   space 21824K,   0% used [0x00000000e6ab0000, 0x00000000e6ab0000, 0x00000000e8000000)
 concurrent mark-sweep generation total 393216K, used 0K [0x00000000e8000000, 0x0000000100000000, 0x0000000100000000)
 Metaspace       used 20978K, capacity 21282K, committed 21628K, reserved 1069056K
  class space    used 2417K, capacity 2587K, committed 2684K, reserved 1048576K
2017-04-28T07:03:41.574+0200: 2,717: [GC (Allocation Failure) 2017-04-28T07:03:41.574+0200: 2,717: [ParNew
Desired survivor size 20112992 bytes, new threshold 8 (max 8)
- age   1:    2073360 bytes,    2073360 total
- age   2:    1005856 bytes,    3079216 total
- age   3:    6485744 bytes,    9564960 total
: 102670K->12887K(109248K), 0,0099609 secs] 102670K->12887K(502464K), 0,0100335 secs] [Times: user=0,02 sys=0,00, real=0,01 secs] 
Heap after GC invocations=3 (full 0):
 par new generation   total 109248K, used 12887K [0x00000000e0000000, 0x00000000e8000000, 0x00000000e8000000)
  eden space 87424K,   0% used [0x00000000e0000000, 0x00000000e0000000, 0x00000000e5560000)
  from space 21824K,  59% used [0x00000000e6ab0000, 0x00000000e7745e08, 0x00000000e8000000)
  to   space 21824K,   0% used [0x00000000e5560000, 0x00000000e5560000, 0x00000000e6ab0000)
 concurrent mark-sweep generation total 393216K, used 0K [0x00000000e8000000, 0x0000000100000000, 0x0000000100000000)
 Metaspace       used 20978K, capacity 21282K, committed 21628K, reserved 1069056K
  class space    used 2417K, capacity 2587K, committed 2684K, reserved 1048576K
}
2017-04-28T07:03:41.584+0200: 2,727: Total time for which application threads were stopped: 0,0119206 seconds, Stopping threads took: 0,0017578 seconds
2017-04-28T07:03:41.584+0200: 2,727: [GC (CMS Initial Mark) [1 CMS-initial-mark: 0K(393216K)] 13558K(502464K), 0,0050868 secs] [Times: user=0,02 sys=0,00, real=0,01 secs] 
2017-04-28T07:03:41.589+0200: 2,732: Total time for which application threads were stopped: 0,0052296 seconds, Stopping threads took: 0,0000317 seconds
2017-04-28T07:03:41.589+0200: 2,732: [CMS-concurrent-mark-start]
2017-04-28T07:03:41.591+0200: 2,734: [CMS-concurrent-mark: 0,002/0,002 secs] [Times: user=0,01 sys=0,00, real=0,00 secs] 
2017-04-28T07:03:41.591+0200: 2,734: [CMS-concurrent-preclean-start]
2017-04-28T07:03:41.592+0200: 2,735: [CMS-concurrent-preclean: 0,001/0,001 secs] [Times: user=0,01 sys=0,00, real=0,00 secs] 
2017-04-28T07:03:41.592+0200: 2,735: [CMS-concurrent-abortable-preclean-start]
2017-04-28T07:03:41.685+0200: 2,829: Total time for which application threads were stopped: 0,0001445 seconds, Stopping threads took: 0,0000508 seconds
2017-04-28T07:03:41.685+0200: 2,829: [CMS-concurrent-abortable-preclean: 0,075/0,093 secs] [Times: user=0,36 sys=0,01, real=0,09 secs] 
2017-04-28T07:03:41.686+0200: 2,829: [GC (CMS Final Remark) [YG occupancy: 84105 K (109248 K)]{Heap before GC invocations=3 (full 1):
 par new generation   total 109248K, used 84105K [0x00000000e0000000, 0x00000000e8000000, 0x00000000e8000000)
  eden space 87424K,  81% used [0x00000000e0000000, 0x00000000e458c9b8, 0x00000000e5560000)
  from space 21824K,  59% used [0x00000000e6ab0000, 0x00000000e7745e08, 0x00000000e8000000)
  to   space 21824K,   0% used [0x00000000e5560000, 0x00000000e5560000, 0x00000000e6ab0000)
 concurrent mark-sweep generation total 393216K, used 0K [0x00000000e8000000, 0x0000000100000000, 0x0000000100000000)
 Metaspace       used 21198K, capacity 21551K, committed 21884K, reserved 1069056K
  class space    used 2443K, capacity 2603K, committed 2684K, reserved 1048576K
2017-04-28T07:03:41.686+0200: 2,829: [GC (CMS Final Remark) 2017-04-28T07:03:41.686+0200: 2,829: [ParNew
Desired survivor size 20112992 bytes, new threshold 8 (max 8)
- age   1:    1518552 bytes,    1518552 total
- age   2:    1473776 bytes,    2992328 total
- age   3:     972560 bytes,    3964888 total
- age   4:    6484240 bytes,   10449128 total
: 84105K->13570K(109248K), 0,0120225 secs] 84105K->13570K(502464K), 0,0120707 secs] [Times: user=0,04 sys=0,00, real=0,01 secs] 
Heap after GC invocations=4 (full 1):
 par new generation   total 109248K, used 13570K [0x00000000e0000000, 0x00000000e8000000, 0x00000000e8000000)
  eden space 87424K,   0% used [0x00000000e0000000, 0x00000000e0000000, 0x00000000e5560000)
  from space 21824K,  62% used [0x00000000e5560000, 0x00000000e62a0938, 0x00000000e6ab0000)
  to   space 21824K,   0% used [0x00000000e6ab0000, 0x00000000e6ab0000, 0x00000000e8000000)
 concurrent mark-sweep generation total 393216K, used 0K [0x00000000e8000000, 0x0000000100000000, 0x0000000100000000)
 Metaspace       used 21198K, capacity 21551K, committed 21884K, reserved 1069056K
  class space    used 2443K, capacity 2603K, committed 2684K, reserved 1048576K
}
2017-04-28T07:03:41.698+0200: 2,841: [Rescan (parallel) , 0,0037771 secs]2017-04-28T07:03:41.702+0200: 2,845: [weak refs processing, 0,0005434 secs]2017-04-28T07:03:41.702+0200: 2,845: [class unloading, 0,0028527 secs]2017-04-28T07:03:41.705+0200: 2,848: [scrub symbol table, 0,0026505 secs]2017-04-28T07:03:41.708+0200: 2,851: [scrub string table, 0,0003745 secs][1 CMS-remark: 0K(393216K)] 13570K(502464K), 0,0229058 secs] [Times: user=0,06 sys=0,00, real=0,03 secs] 
2017-04-28T07:03:41.709+0200: 2,852: Total time for which application threads were stopped: 0,0230735 seconds, Stopping threads took: 0,0000829 seconds
2017-04-28T07:03:41.709+0200: 2,852: [CMS-concurrent-sweep-start]
2017-04-28T07:03:41.709+0200: 2,852: [CMS-concurrent-sweep: 0,000/0,000 secs] [Times: user=0,00 sys=0,00, real=0,00 secs] 
2017-04-28T07:03:41.709+0200: 2,852: [CMS-concurrent-reset-start]
2017-04-28T07:03:41.711+0200: 2,854: [CMS-concurrent-reset: 0,002/0,002 secs] [Times: user=0,00 sys=0,00, real=0,00 secs] 
{Heap before GC invocations=4 (full 1):
 par new generation   total 109248K, used 100994K [0x00000000e0000000, 0x00000000e8000000, 0x00000000e8000000)
  eden space 87424K, 100% used [0x00000000e0000000, 0x00000000e5560000, 0x00000000e5560000)
  from space 21824K,  62% used [0x00000000e5560000, 0x00000000e62a0938, 0x00000000e6ab0000)
  to   space 21824K,   0% used [0x00000000e6ab0000, 0x00000000e6ab0000, 0x00000000e8000000)
 concurrent mark-sweep generation total 393216K, used 0K [0x00000000e8000000, 0x0000000100000000, 0x0000000100000000)
 Metaspace       used 21325K, capacity 21651K, committed 21884K, reserved 1069056K
  class space    used 2461K, capacity 2635K, committed 2684K, reserved 1048576K
2017-04-28T07:03:41.788+0200: 2,932: [GC (Allocation Failure) 2017-04-28T07:03:41.788+0200: 2,932: [ParNew
Desired survivor size 20112992 bytes, new threshold 8 (max 8)
- age   1:    1007760 bytes,    1007760 total
- age   2:     141648 bytes,    1149408 total
- age   3:    1473536 bytes,    2622944 total
- age   4:     970496 bytes,    3593440 total
- age   5:    6484288 bytes,   10077728 total
: 100994K->12650K(109248K), 0,0107925 secs] 100994K->12650K(502464K), 0,0108641 secs] [Times: user=0,04 sys=0,00, real=0,01 secs] 
Heap after GC invocations=5 (full 1):
 par new generation   total 109248K, used 12650K [0x00000000e0000000, 0x00000000e8000000, 0x00000000e8000000)
  eden space 87424K,   0% used [0x00000000e0000000, 0x00000000e0000000, 0x00000000e5560000)
  from space 21824K,  57% used [0x00000000e6ab0000, 0x00000000e770a9e0, 0x00000000e8000000)
  to   space 21824K,   0% used [0x00000000e5560000, 0x00000000e5560000, 0x00000000e6ab0000)
 concurrent mark-sweep generation total 393216K, used 0K [0x00000000e8000000, 0x0000000100000000, 0x0000000100000000)
 Metaspace       used 21325K, capacity 21651K, committed 21884K, reserved 1069056K
  class space    used 2461K, capacity 2635K, committed 2684K, reserved 1048576K
}
2017-04-28T07:03:41.799+0200: 2,943: Total time for which application threads were stopped: 0,0111245 seconds, Stopping threads took: 0,0001183 seconds
2017-04-28T07:03:41.854+0200: 2,997: Total time for which application threads were stopped: 0,0003217 seconds, Stopping threads took: 0,0000221 seconds
2017-04-28T07:03:42.115+0200: 3,258: Total time for which application threads were stopped: 0,0004770 seconds, Stopping threads took: 0,0000348 seconds
2017-04-28T07:03:42.133+0200: 3,276: Total time for which application threads were stopped: 0,0004056 seconds, Stopping threads took: 0,0000524 seconds
{Heap before GC invocations=5 (full 1):
 par new generation   total 109248K, used 100074K [0x00000000e0000000, 0x00000000e8000000, 0x00000000e8000000)
  eden space 87424K, 100% used [0x00000000e0000000, 0x00000000e5560000, 0x00000000e5560000)
  from space 21824K,  57% used [0x00000000e6ab0000, 0x00000000e770a9e0, 0x00000000e8000000)
  to   space 21824K,   0% used [0x00000000e5560000, 0x00000000e5560000, 0x00000000e6ab0000)
 concurrent mark-sweep generation total 393216K, used 0K [0x00000000e8000000, 0x0000000100000000, 0x0000000100000000)
 Metaspace       used 23473K, capacity 23967K, committed 24188K, reserved 1071104K
  class space    used 2724K, capacity 2915K, committed 2940K, reserved 1048576K
2017-04-28T07:03:42.240+0200: 3,383: [GC (Allocation Failure) 2017-04-28T07:03:42.240+0200: 3,383: [ParNew
Desired survivor size 20112992 bytes, new threshold 8 (max 8)
- age   1:    4641776 bytes,    4641776 total
- age   2:     113208 bytes,    4754984 total
- age   3:     140352 bytes,    4895336 total
- age   4:     303712 bytes,    5199048 total
- age   5:     951288 bytes,    6150336 total
- age   6:    6475976 bytes,   12626312 total
: 100074K->17292K(109248K), 0,0176040 secs] 100074K->17292K(502464K), 0,0176965 secs] [Times: user=0,06 sys=0,00, real=0,01 secs] 
Heap after GC invocations=6 (full 1):
 par new generation   total 109248K, used 17292K [0x00000000e0000000, 0x00000000e8000000, 0x00000000e8000000)
  eden space 87424K,   0% used [0x00000000e0000000, 0x00000000e0000000, 0x00000000e5560000)
  from space 21824K,  79% used [0x00000000e5560000, 0x00000000e6643080, 0x00000000e6ab0000)
  to   space 21824K,   0% used [0x00000000e6ab0000, 0x00000000e6ab0000, 0x00000000e8000000)
 concurrent mark-sweep generation total 393216K, used 0K [0x00000000e8000000, 0x0000000100000000, 0x0000000100000000)
 Metaspace       used 23473K, capacity 23967K, committed 24188K, reserved 1071104K
  class space    used 2724K, capacity 2915K, committed 2940K, reserved 1048576K
}
2017-04-28T07:03:42.258+0200: 3,401: Total time for which application threads were stopped: 0,0181259 seconds, Stopping threads took: 0,0001513 seconds
{Heap before GC invocations=6 (full 1):
 par new generation   total 109248K, used 104716K [0x00000000e0000000, 0x00000000e8000000, 0x00000000e8000000)
  eden space 87424K, 100% used [0x00000000e0000000, 0x00000000e5560000, 0x00000000e5560000)
  from space 21824K,  79% used [0x00000000e5560000, 0x00000000e6643080, 0x00000000e6ab0000)
  to   space 21824K,   0% used [0x00000000e6ab0000, 0x00000000e6ab0000, 0x00000000e8000000)
 concurrent mark-sweep generation total 393216K, used 0K [0x00000000e8000000, 0x0000000100000000, 0x0000000100000000)
 Metaspace       used 24241K, capacity 24677K, committed 24828K, reserved 1071104K
  class space    used 2844K, capacity 3044K, committed 3068K, reserved 1048576K
2017-04-28T07:03:42.373+0200: 3,516: [GC (Allocation Failure) 2017-04-28T07:03:42.373+0200: 3,516: [ParNew
Desired survivor size 20112992 bytes, new threshold 8 (max 8)
- age   1:    2280056 bytes,    2280056 total
- age   2:    1641632 bytes,    3921688 total
- age   3:      58032 bytes,    3979720 total
- age   4:      82160 bytes,    4061880 total
- age   5:     208544 bytes,    4270424 total
- age   6:     824648 bytes,    5095072 total
- age   7:    6023600 bytes,   11118672 total
: 104716K->15267K(109248K), 0,0136271 secs] 104716K->15267K(502464K), 0,0137027 secs] [Times: user=0,05 sys=0,00, real=0,02 secs] 
Heap after GC invocations=7 (full 1):
 par new generation   total 109248K, used 15267K [0x00000000e0000000, 0x00000000e8000000, 0x00000000e8000000)
  eden space 87424K,   0% used [0x00000000e0000000, 0x00000000e0000000, 0x00000000e5560000)
  from space 21824K,  69% used [0x00000000e6ab0000, 0x00000000e7998c18, 0x00000000e8000000)
  to   space 21824K,   0% used [0x00000000e5560000, 0x00000000e5560000, 0x00000000e6ab0000)
 concurrent mark-sweep generation total 393216K, used 0K [0x00000000e8000000, 0x0000000100000000, 0x0000000100000000)
 Metaspace       used 24241K, capacity 24677K, committed 24828K, reserved 1071104K
  class space    used 2844K, capacity 3044K, committed 3068K, reserved 1048576K
}
2017-04-28T07:03:42.387+0200: 3,530: Total time for which application threads were stopped: 0,0149770 seconds, Stopping threads took: 0,0010728 seconds
{Heap before GC invocations=7 (full 1):
 par new generation   total 109248K, used 102691K [0x00000000e0000000, 0x00000000e8000000, 0x00000000e8000000)
  eden space 87424K, 100% used [0x00000000e0000000, 0x00000000e5560000, 0x00000000e5560000)
  from space 21824K,  69% used [0x00000000e6ab0000, 0x00000000e7998c18, 0x00000000e8000000)
  to   space 21824K,   0% used [0x00000000e5560000, 0x00000000e5560000, 0x00000000e6ab0000)
 concurrent mark-sweep generation total 393216K, used 0K [0x00000000e8000000, 0x0000000100000000, 0x0000000100000000)
 Metaspace       used 24496K, capacity 24959K, committed 25084K, reserved 1071104K
  class space    used 2867K, capacity 3049K, committed 3068K, reserved 1048576K
2017-04-28T07:03:42.511+0200: 3,655: [GC (Allocation Failure) 2017-04-28T07:03:42.511+0200: 3,655: [ParNew
Desired survivor size 20112992 bytes, new threshold 8 (max 8)
- age   1:     900280 bytes,     900280 total
- age   2:     808808 bytes,    1709088 total
- age   3:    1619368 bytes,    3328456 total
- age   4:      57928 bytes,    3386384 total
- age   5:      82096 bytes,    3468480 total
- age   6:     205616 bytes,    3674096 total
- age   7:     823880 bytes,    4497976 total
- age   8:    6022872 bytes,   10520848 total
: 102691K->12977K(109248K), 0,0228604 secs] 102691K->12977K(502464K), 0,0229421 secs] [Times: user=0,06 sys=0,00, real=0,02 secs] 
Heap after GC invocations=8 (full 1):
 par new generation   total 109248K, used 12977K [0x00000000e0000000, 0x00000000e8000000, 0x00000000e8000000)
  eden space 87424K,   0% used [0x00000000e0000000, 0x00000000e0000000, 0x00000000e5560000)
  from space 21824K,  59% used [0x00000000e5560000, 0x00000000e620c7b8, 0x00000000e6ab0000)
  to   space 21824K,   0% used [0x00000000e6ab0000, 0x00000000e6ab0000, 0x00000000e8000000)
 concurrent mark-sweep generation total 393216K, used 0K [0x00000000e8000000, 0x0000000100000000, 0x0000000100000000)
 Metaspace       used 24496K, capacity 24959K, committed 25084K, reserved 1071104K
  class space    used 2867K, capacity 3049K, committed 3068K, reserved 1048576K
}
2017-04-28T07:03:42.534+0200: 3,678: Total time for which application threads were stopped: 0,0231850 seconds, Stopping threads took: 0,0000573 seconds
2017-04-28T07:03:42.867+0200: 4,011: Total time for which application threads were stopped: 0,0006964 seconds, Stopping threads took: 0,0000506 seconds
2017-04-28T07:03:42.882+0200: 4,025: Total time for which application threads were stopped: 0,0006152 seconds, Stopping threads took: 0,0000422 seconds
{Heap before GC invocations=8 (full 1):
 par new generation   total 109248K, used 100401K [0x00000000e0000000, 0x00000000e8000000, 0x00000000e8000000)
  eden space 87424K, 100% used [0x00000000e0000000, 0x00000000e5560000, 0x00000000e5560000)
  from space 21824K,  59% used [0x00000000e5560000, 0x00000000e620c7b8, 0x00000000e6ab0000)
  to   space 21824K,   0% used [0x00000000e6ab0000, 0x00000000e6ab0000, 0x00000000e8000000)
 concurrent mark-sweep generation total 393216K, used 0K [0x00000000e8000000, 0x0000000100000000, 0x0000000100000000)
 Metaspace       used 26487K, capacity 27015K, committed 27388K, reserved 1073152K
  class space    used 3032K, capacity 3223K, committed 3324K, reserved 1048576K
2017-04-28T07:03:42.896+0200: 4,039: [GC (Allocation Failure) 2017-04-28T07:03:42.896+0200: 4,039: [ParNew
Desired survivor size 20112992 bytes, new threshold 8 (max 8)
- age   1:    7280944 bytes,    7280944 total
- age   2:     171088 bytes,    7452032 total
- age   3:     336848 bytes,    7788880 total
- age   4:    1616320 bytes,    9405200 total
- age   5:      57928 bytes,    9463128 total
- age   6:      79520 bytes,    9542648 total
- age   7:     205024 bytes,    9747672 total
- age   8:     822744 bytes,   10570416 total
: 100401K->13721K(109248K), 0,0396781 secs] 100401K->19683K(502464K), 0,0397589 secs] [Times: user=0,12 sys=0,01, real=0,04 secs] 
Heap after GC invocations=9 (full 1):
 par new generation   total 109248K, used 13721K [0x00000000e0000000, 0x00000000e8000000, 0x00000000e8000000)
  eden space 87424K,   0% used [0x00000000e0000000, 0x00000000e0000000, 0x00000000e5560000)
  from space 21824K,  62% used [0x00000000e6ab0000, 0x00000000e7816650, 0x00000000e8000000)
  to   space 21824K,   0% used [0x00000000e5560000, 0x00000000e5560000, 0x00000000e6ab0000)
 concurrent mark-sweep generation total 393216K, used 5962K [0x00000000e8000000, 0x0000000100000000, 0x0000000100000000)
 Metaspace       used 26487K, capacity 27015K, committed 27388K, reserved 1073152K
  class space    used 3032K, capacity 3223K, committed 3324K, reserved 1048576K
}
2017-04-28T07:03:42.936+0200: 4,079: Total time for which application threads were stopped: 0,0402542 seconds, Stopping threads took: 0,0000349 seconds
2017-04-28T07:03:42.983+0200: 4,127: Total time for which application threads were stopped: 0,0006402 seconds, Stopping threads took: 0,0000662 seconds
2017-04-28T07:03:42.984+0200: 4,128: Total time for which application threads were stopped: 0,0001354 seconds, Stopping threads took: 0,0000444 seconds
2017-04-28T07:03:42.986+0200: 4,130: Total time for which application threads were stopped: 0,0012834 seconds, Stopping threads took: 0,0012151 seconds
2017-04-28T07:03:42.987+0200: 4,130: Total time for which application threads were stopped: 0,0001014 seconds, Stopping threads took: 0,0000228 seconds
2017-04-28T07:03:43.007+0200: 4,150: Total time for which application threads were stopped: 0,0001453 seconds, Stopping threads took: 0,0000393 seconds
2017-04-28T07:03:43.007+0200: 4,151: Total time for which application threads were stopped: 0,0001024 seconds, Stopping threads took: 0,0000264 seconds
2017-04-28T07:03:43.008+0200: 4,151: Total time for which application threads were stopped: 0,0001395 seconds, Stopping threads took: 0,0000410 seconds
2017-04-28T07:03:43.009+0200: 4,152: Total time for which application threads were stopped: 0,0001155 seconds, Stopping threads took: 0,0000339 seconds
2017-04-28T07:03:43.014+0200: 4,158: Total time for which application threads were stopped: 0,0046162 seconds, Stopping threads took: 0,0044919 seconds
2017-04-28T07:03:43.015+0200: 4,158: Total time for which application threads were stopped: 0,0001133 seconds, Stopping threads took: 0,0000263 seconds
2017-04-28T07:03:43.015+0200: 4,158: Total time for which application threads were stopped: 0,0000999 seconds, Stopping threads took: 0,0000214 seconds
2017-04-28T07:03:43.015+0200: 4,159: Total time for which application threads were stopped: 0,0000907 seconds, Stopping threads took: 0,0000249 seconds
2017-04-28T07:03:43.015+0200: 4,159: Total time for which application threads were stopped: 0,0000868 seconds, Stopping threads took: 0,0000179 seconds
2017-04-28T07:03:43.016+0200: 4,159: Total time for which application threads were stopped: 0,0001033 seconds, Stopping threads took: 0,0000195 seconds
2017-04-28T07:03:43.016+0200: 4,159: Total time for which application threads were stopped: 0,0000891 seconds, Stopping threads took: 0,0000201 seconds
2017-04-28T07:03:43.016+0200: 4,159: Total time for which application threads were stopped: 0,0000941 seconds, Stopping threads took: 0,0000213 seconds
2017-04-28T07:03:43.016+0200: 4,159: Total time for which application threads were stopped: 0,0000799 seconds, Stopping threads took: 0,0000191 seconds
2017-04-28T07:03:43.016+0200: 4,159: Total time for which application threads were stopped: 0,0000791 seconds, Stopping threads took: 0,0000166 seconds
2017-04-28T07:03:43.017+0200: 4,160: Total time for which application threads were stopped: 0,0000920 seconds, Stopping threads took: 0,0000243 seconds
2017-04-28T07:03:43.017+0200: 4,160: Total time for which application threads were stopped: 0,0000804 seconds, Stopping threads took: 0,0000187 seconds
2017-04-28T07:03:43.017+0200: 4,160: Total time for which application threads were stopped: 0,0000856 seconds, Stopping threads took: 0,0000184 seconds
2017-04-28T07:03:43.017+0200: 4,160: Total time for which application threads were stopped: 0,0000829 seconds, Stopping threads took: 0,0000181 seconds
2017-04-28T07:03:43.017+0200: 4,160: Total time for which application threads were stopped: 0,0001898 seconds, Stopping threads took: 0,0000211 seconds
2017-04-28T07:03:43.018+0200: 4,161: Total time for which application threads were stopped: 0,0001062 seconds, Stopping threads took: 0,0000265 seconds
2017-04-28T07:03:43.018+0200: 4,161: Total time for which application threads were stopped: 0,0000858 seconds, Stopping threads took: 0,0000236 seconds
2017-04-28T07:03:43.018+0200: 4,161: Total time for which application threads were stopped: 0,0000859 seconds, Stopping threads took: 0,0000205 seconds
2017-04-28T07:03:43.018+0200: 4,161: Total time for which application threads were stopped: 0,0000990 seconds, Stopping threads took: 0,0000183 seconds
2017-04-28T07:03:43.018+0200: 4,162: Total time for which application threads were stopped: 0,0000810 seconds, Stopping threads took: 0,0000209 seconds
2017-04-28T07:03:43.019+0200: 4,162: Total time for which application threads were stopped: 0,0000852 seconds, Stopping threads took: 0,0000201 seconds
2017-04-28T07:03:43.019+0200: 4,162: Total time for which application threads were stopped: 0,0000735 seconds, Stopping threads took: 0,0000161 seconds
2017-04-28T07:03:43.019+0200: 4,162: Total time for which application threads were stopped: 0,0000775 seconds, Stopping threads took: 0,0000165 seconds
2017-04-28T07:03:43.019+0200: 4,162: Total time for which application threads were stopped: 0,0000741 seconds, Stopping threads took: 0,0000188 seconds
2017-04-28T07:03:43.019+0200: 4,162: Total time for which application threads were stopped: 0,0000887 seconds, Stopping threads took: 0,0000193 seconds
2017-04-28T07:03:43.020+0200: 4,163: Total time for which application threads were stopped: 0,0000833 seconds, Stopping threads took: 0,0000190 seconds
2017-04-28T07:03:43.020+0200: 4,163: Total time for which application threads were stopped: 0,0000782 seconds, Stopping threads took: 0,0000165 seconds
2017-04-28T07:03:43.020+0200: 4,163: Total time for which application threads were stopped: 0,0000805 seconds, Stopping threads took: 0,0000213 seconds
2017-04-28T07:03:43.020+0200: 4,163: Total time for which application threads were stopped: 0,0000921 seconds, Stopping threads took: 0,0000176 seconds
2017-04-28T07:03:43.020+0200: 4,163: Total time for which application threads were stopped: 0,0000707 seconds, Stopping threads took: 0,0000155 seconds
2017-04-28T07:03:43.020+0200: 4,164: Total time for which application threads were stopped: 0,0000802 seconds, Stopping threads took: 0,0000184 seconds
2017-04-28T07:03:43.020+0200: 4,164: Total time for which application threads were stopped: 0,0000758 seconds, Stopping threads took: 0,0000171 seconds
2017-04-28T07:03:43.021+0200: 4,164: Total time for which application threads were stopped: 0,0000817 seconds, Stopping threads took: 0,0000177 seconds
2017-04-28T07:03:43.021+0200: 4,164: Total time for which application threads were stopped: 0,0000845 seconds, Stopping threads took: 0,0000224 seconds
2017-04-28T07:03:43.021+0200: 4,164: Total time for which application threads were stopped: 0,0002125 seconds, Stopping threads took: 0,0000161 seconds
2017-04-28T07:03:43.026+0200: 4,169: Total time for which application threads were stopped: 0,0001434 seconds, Stopping threads took: 0,0000417 seconds
2017-04-28T07:03:43.030+0200: 4,173: Total time for which application threads were stopped: 0,0004173 seconds, Stopping threads took: 0,0003006 seconds
2017-04-28T07:03:43.036+0200: 4,179: Total time for which application threads were stopped: 0,0001860 seconds, Stopping threads took: 0,0000655 seconds
2017-04-28T07:03:43.051+0200: 4,194: Total time for which application threads were stopped: 0,0001352 seconds, Stopping threads took: 0,0000242 seconds
2017-04-28T07:03:43.076+0200: 4,219: Total time for which application threads were stopped: 0,0002000 seconds, Stopping threads took: 0,0000854 seconds
2017-04-28T07:03:43.089+0200: 4,233: Total time for which application threads were stopped: 0,0001682 seconds, Stopping threads took: 0,0000438 seconds
2017-04-28T07:03:43.111+0200: 4,254: Total time for which application threads were stopped: 0,0001213 seconds, Stopping threads took: 0,0000368 seconds
2017-04-28T07:03:43.111+0200: 4,255: Total time for which application threads were stopped: 0,0004257 seconds, Stopping threads took: 0,0000139 seconds
2017-04-28T07:03:43.118+0200: 4,261: Total time for which application threads were stopped: 0,0059706 seconds, Stopping threads took: 0,0058707 seconds
2017-04-28T07:03:43.127+0200: 4,270: Total time for which application threads were stopped: 0,0030985 seconds, Stopping threads took: 0,0029587 seconds
2017-04-28T07:03:44.134+0200: 5,277: Total time for which application threads were stopped: 0,0000706 seconds, Stopping threads took: 0,0000178 seconds
2017-04-28T07:05:36.148+0200: 117,291: Total time for which application threads were stopped: 0,0000894 seconds, Stopping threads took: 0,0000374 seconds
2017-04-28T07:05:41.149+0200: 122,292: Total time for which application threads were stopped: 0,0000695 seconds, Stopping threads took: 0,0000157 seconds
2017-04-28T07:06:40.156+0200: 181,299: Total time for which application threads were stopped: 0,0000925 seconds, Stopping threads took: 0,0000333 seconds
2017-04-28T07:08:10.165+0200: 271,308: Total time for which application threads were stopped: 0,0000866 seconds, Stopping threads took: 0,0000330 seconds
2017-04-28T07:27:10.302+0200: 1411,445: Total time for which application threads were stopped: 0,0001697 seconds, Stopping threads took: 0,0000642 seconds
2017-04-28T07:31:35.332+0200: 1676,475: Total time for which application threads were stopped: 0,0000816 seconds, Stopping threads took: 0,0000311 seconds
2017-04-28T07:34:36.353+0200: 1857,496: Total time for which application threads were stopped: 0,0000881 seconds, Stopping threads took: 0,0000338 seconds
2017-04-28T07:34:41.353+0200: 1862,497: Total time for which application threads were stopped: 0,0001304 seconds, Stopping threads took: 0,0000289 seconds
2017-04-28T07:42:06.413+0200: 2307,556: Total time for which application threads were stopped: 0,0001664 seconds, Stopping threads took: 0,0000613 seconds
2017-04-28T07:42:10.414+0200: 2311,557: Total time for which application threads were stopped: 0,0000708 seconds, Stopping threads took: 0,0000172 seconds
2017-04-28T07:54:00.828+0200: 3021,971: Total time for which application threads were stopped: 0,0383156 seconds, Stopping threads took: 0,0382308 seconds
2017-04-28T07:54:00.829+0200: 3021,972: Total time for which application threads were stopped: 0,0001179 seconds, Stopping threads took: 0,0000411 seconds
2017-04-28T07:54:00.860+0200: 3022,003: Total time for which application threads were stopped: 0,0001124 seconds, Stopping threads took: 0,0000170 seconds
2017-04-28T07:54:00.865+0200: 3022,008: Total time for which application threads were stopped: 0,0005155 seconds, Stopping threads took: 0,0004229 seconds
2017-04-28T07:54:00.865+0200: 3022,009: Total time for which application threads were stopped: 0,0000941 seconds, Stopping threads took: 0,0000280 seconds
2017-04-28T07:54:00.867+0200: 3022,011: Total time for which application threads were stopped: 0,0012948 seconds, Stopping threads took: 0,0012216 seconds
2017-04-28T07:54:00.870+0200: 3022,013: Total time for which application threads were stopped: 0,0009927 seconds, Stopping threads took: 0,0009136 seconds
2017-04-28T07:54:00.872+0200: 3022,015: Total time for which application threads were stopped: 0,0017736 seconds, Stopping threads took: 0,0017188 seconds
2017-04-28T07:54:00.872+0200: 3022,015: Total time for which application threads were stopped: 0,0000427 seconds, Stopping threads took: 0,0000189 seconds
2017-04-28T07:54:00.872+0200: 3022,015: Total time for which application threads were stopped: 0,0000488 seconds, Stopping threads took: 0,0000217 seconds
2017-04-28T07:54:00.872+0200: 3022,015: Total time for which application threads were stopped: 0,0000426 seconds, Stopping threads took: 0,0000196 seconds
2017-04-28T07:54:00.872+0200: 3022,015: Total time for which application threads were stopped: 0,0000504 seconds, Stopping threads took: 0,0000266 seconds
2017-04-28T07:54:00.877+0200: 3022,021: Total time for which application threads were stopped: 0,0001104 seconds, Stopping threads took: 0,0000439 seconds
2017-04-28T07:54:00.878+0200: 3022,021: Total time for which application threads were stopped: 0,0000586 seconds, Stopping threads took: 0,0000206 seconds
2017-04-28T07:54:00.878+0200: 3022,021: Total time for which application threads were stopped: 0,0003578 seconds, Stopping threads took: 0,0003318 seconds
2017-04-28T07:54:00.879+0200: 3022,023: Total time for which application threads were stopped: 0,0000797 seconds, Stopping threads took: 0,0000224 seconds
2017-04-28T07:54:00.880+0200: 3022,024: Total time for which application threads were stopped: 0,0000749 seconds, Stopping threads took: 0,0000146 seconds
2017-04-28T07:54:00.881+0200: 3022,024: Total time for which application threads were stopped: 0,0000412 seconds, Stopping threads took: 0,0000060 seconds
2017-04-28T07:54:00.881+0200: 3022,024: Total time for which application threads were stopped: 0,0000373 seconds, Stopping threads took: 0,0000045 seconds
2017-04-28T07:54:00.883+0200: 3022,026: Total time for which application threads were stopped: 0,0000972 seconds, Stopping threads took: 0,0000304 seconds
2017-04-28T07:54:00.883+0200: 3022,026: Total time for which application threads were stopped: 0,0000518 seconds, Stopping threads took: 0,0000160 seconds
2017-04-28T07:54:00.883+0200: 3022,026: Total time for which application threads were stopped: 0,0000474 seconds, Stopping threads took: 0,0000063 seconds
2017-04-28T07:54:00.884+0200: 3022,027: Total time for which application threads were stopped: 0,0000474 seconds, Stopping threads took: 0,0000074 seconds
2017-04-28T07:54:00.884+0200: 3022,027: Total time for which application threads were stopped: 0,0000387 seconds, Stopping threads took: 0,0000049 seconds
2017-04-28T07:54:00.884+0200: 3022,027: Total time for which application threads were stopped: 0,0000328 seconds, Stopping threads took: 0,0000043 seconds
2017-04-28T07:54:00.884+0200: 3022,027: Total time for which application threads were stopped: 0,0000427 seconds, Stopping threads took: 0,0000061 seconds
2017-04-28T07:54:00.884+0200: 3022,027: Total time for which application threads were stopped: 0,0000378 seconds, Stopping threads took: 0,0000048 seconds
2017-04-28T07:54:00.884+0200: 3022,027: Total time for which application threads were stopped: 0,0000369 seconds, Stopping threads took: 0,0000048 seconds
2017-04-28T07:54:00.884+0200: 3022,027: Total time for which application threads were stopped: 0,0000436 seconds, Stopping threads took: 0,0000066 seconds
2017-04-28T07:54:00.884+0200: 3022,028: Total time for which application threads were stopped: 0,0001286 seconds, Stopping threads took: 0,0000110 seconds
2017-04-28T07:54:00.886+0200: 3022,029: Total time for which application threads were stopped: 0,0009417 seconds, Stopping threads took: 0,0008852 seconds
2017-04-28T07:54:00.888+0200: 3022,031: Total time for which application threads were stopped: 0,0001124 seconds, Stopping threads took: 0,0000361 seconds
2017-04-28T07:54:00.891+0200: 3022,034: Total time for which application threads were stopped: 0,0001055 seconds, Stopping threads took: 0,0000305 seconds
2017-04-28T07:54:00.892+0200: 3022,035: Total time for which application threads were stopped: 0,0001479 seconds, Stopping threads took: 0,0000395 seconds
Heap
 par new generation   total 109248K, used 55777K [0x00000000e0000000, 0x00000000e8000000, 0x00000000e8000000)
  eden space 87424K,  48% used [0x00000000e0000000, 0x00000000e2912040, 0x00000000e5560000)
  from space 21824K,  62% used [0x00000000e6ab0000, 0x00000000e7816650, 0x00000000e8000000)
  to   space 21824K,   0% used [0x00000000e5560000, 0x00000000e5560000, 0x00000000e6ab0000)
 concurrent mark-sweep generation total 393216K, used 5962K [0x00000000e8000000, 0x0000000100000000, 0x0000000100000000)
 Metaspace       used 28112K, capacity 28613K, committed 28796K, reserved 1075200K
  class space    used 3224K, capacity 3388K, committed 3452K, reserved 1048576K
