OpenJDK 64-Bit Server VM (25.111-b14) for linux-amd64 JRE (1.8.0_111-8u111-b14-2ubuntu0.16.04.2-b14), built on Oct 27 2016 18:10:19 by "buildd" with gcc 5.4.0 20160609
Memory: 4k page, physical 7867840k(7531716k free), swap 8076284k(8076284k free)
CommandLine flags: -XX:CMSInitiatingOccupancyFraction=50 -XX:CMSMaxAbortablePrecleanTime=6000 -XX:+CMSParallelRemarkEnabled -XX:+CMSScavengeBeforeRemark -XX:ConcGCThreads=4 -XX:InitialHeapSize=536870912 -XX:MaxHeapSize=536870912 -XX:MaxTenuringThreshold=8 -XX:NewRatio=3 -XX:OldPLABSize=16 -XX:OnOutOfMemoryError=/opt/solr/bin/oom_solr.sh 8983 /var/solr/logs -XX:ParallelGCThreads=4 -XX:+ParallelRefProcEnabled -XX:PretenureSizeThreshold=67108864 -XX:+PrintGC -XX:+PrintGCApplicationStoppedTime -XX:+PrintGCDateStamps -XX:+PrintGCDetails -XX:+PrintGCTimeStamps -XX:+PrintHeapAtGC -XX:+PrintTenuringDistribution -XX:SurvivorRatio=4 -XX:TargetSurvivorRatio=90 -XX:ThreadStackSize=256 -XX:+UseCMSInitiatingOccupancyOnly -XX:+UseCompressedClassPointers -XX:+UseCompressedOops -XX:+UseConcMarkSweepGC -XX:+UseParNewGC 
2016-12-19T16:01:11.715+0100: 0,133: Total time for which application threads were stopped: 0,0001019 seconds, Stopping threads took: 0,0000134 seconds
2016-12-19T16:01:11.815+0100: 0,233: Total time for which application threads were stopped: 0,0001099 seconds, Stopping threads took: 0,0000187 seconds
2016-12-19T16:01:11.827+0100: 0,245: Total time for which application threads were stopped: 0,0001018 seconds, Stopping threads took: 0,0000102 seconds
2016-12-19T16:01:12.423+0100: 0,841: Total time for which application threads were stopped: 0,0002238 seconds, Stopping threads took: 0,0000152 seconds
2016-12-19T16:01:12.556+0100: 0,974: Total time for which application threads were stopped: 0,0001772 seconds, Stopping threads took: 0,0000272 seconds
2016-12-19T16:01:12.578+0100: 0,996: Total time for which application threads were stopped: 0,0001987 seconds, Stopping threads took: 0,0000324 seconds
2016-12-19T16:01:12.830+0100: 1,248: Total time for which application threads were stopped: 0,0001942 seconds, Stopping threads took: 0,0000152 seconds
2016-12-19T16:01:13.037+0100: 1,454: Total time for which application threads were stopped: 0,0007394 seconds, Stopping threads took: 0,0000760 seconds
2016-12-19T16:01:13.065+0100: 1,483: Total time for which application threads were stopped: 0,0001871 seconds, Stopping threads took: 0,0000184 seconds
2016-12-19T16:01:13.065+0100: 1,483: Total time for which application threads were stopped: 0,0001190 seconds, Stopping threads took: 0,0000074 seconds
2016-12-19T16:01:13.080+0100: 1,498: Total time for which application threads were stopped: 0,0001737 seconds, Stopping threads took: 0,0000117 seconds
2016-12-19T16:01:13.182+0100: 1,600: Total time for which application threads were stopped: 0,0002015 seconds, Stopping threads took: 0,0000204 seconds
2016-12-19T16:01:13.348+0100: 1,766: Total time for which application threads were stopped: 0,0002319 seconds, Stopping threads took: 0,0000266 seconds
{Heap before GC invocations=0 (full 0):
 par new generation   total 109248K, used 87424K [0x00000000e0000000, 0x00000000e8000000, 0x00000000e8000000)
  eden space 87424K, 100% used [0x00000000e0000000, 0x00000000e5560000, 0x00000000e5560000)
  from space 21824K,   0% used [0x00000000e5560000, 0x00000000e5560000, 0x00000000e6ab0000)
  to   space 21824K,   0% used [0x00000000e6ab0000, 0x00000000e6ab0000, 0x00000000e8000000)
 concurrent mark-sweep generation total 393216K, used 0K [0x00000000e8000000, 0x0000000100000000, 0x0000000100000000)
 Metaspace       used 18106K, capacity 18430K, committed 18560K, reserved 1064960K
  class space    used 2054K, capacity 2162K, committed 2176K, reserved 1048576K
2016-12-19T16:01:13.455+0100: 1,873: [GC (Allocation Failure) 2016-12-19T16:01:13.455+0100: 1,873: [ParNew
Desired survivor size 20112992 bytes, new threshold 8 (max 8)
- age   1:   12330952 bytes,   12330952 total
: 87424K->12146K(109248K), 0,0161396 secs] 87424K->12146K(502464K), 0,0162273 secs] [Times: user=0,04 sys=0,01, real=0,02 secs] 
Heap after GC invocations=1 (full 0):
 par new generation   total 109248K, used 12146K [0x00000000e0000000, 0x00000000e8000000, 0x00000000e8000000)
  eden space 87424K,   0% used [0x00000000e0000000, 0x00000000e0000000, 0x00000000e5560000)
  from space 21824K,  55% used [0x00000000e6ab0000, 0x00000000e768c988, 0x00000000e8000000)
  to   space 21824K,   0% used [0x00000000e5560000, 0x00000000e5560000, 0x00000000e6ab0000)
 concurrent mark-sweep generation total 393216K, used 0K [0x00000000e8000000, 0x0000000100000000, 0x0000000100000000)
 Metaspace       used 18106K, capacity 18430K, committed 18560K, reserved 1064960K
  class space    used 2054K, capacity 2162K, committed 2176K, reserved 1048576K
}
2016-12-19T16:01:13.472+0100: 1,889: Total time for which application threads were stopped: 0,0164186 seconds, Stopping threads took: 0,0000145 seconds
2016-12-19T16:01:13.637+0100: 2,055: Total time for which application threads were stopped: 0,0003035 seconds, Stopping threads took: 0,0000394 seconds
2016-12-19T16:01:13.670+0100: 2,088: Total time for which application threads were stopped: 0,0003777 seconds, Stopping threads took: 0,0000391 seconds
2016-12-19T16:01:13.698+0100: 2,116: Total time for which application threads were stopped: 0,0003328 seconds, Stopping threads took: 0,0000473 seconds
{Heap before GC invocations=1 (full 0):
 par new generation   total 109248K, used 99570K [0x00000000e0000000, 0x00000000e8000000, 0x00000000e8000000)
  eden space 87424K, 100% used [0x00000000e0000000, 0x00000000e5560000, 0x00000000e5560000)
  from space 21824K,  55% used [0x00000000e6ab0000, 0x00000000e768c988, 0x00000000e8000000)
  to   space 21824K,   0% used [0x00000000e5560000, 0x00000000e5560000, 0x00000000e6ab0000)
 concurrent mark-sweep generation total 393216K, used 0K [0x00000000e8000000, 0x0000000100000000, 0x0000000100000000)
 Metaspace       used 20726K, capacity 21020K, committed 21248K, reserved 1069056K
  class space    used 2404K, capacity 2518K, committed 2560K, reserved 1048576K
2016-12-19T16:01:13.866+0100: 2,284: [GC (Allocation Failure) 2016-12-19T16:01:13.866+0100: 2,284: [ParNew
Desired survivor size 20112992 bytes, new threshold 8 (max 8)
- age   1:    2917168 bytes,    2917168 total
- age   2:    6100664 bytes,    9017832 total
: 99570K->13143K(109248K), 0,0209978 secs] 99570K->13143K(502464K), 0,0210849 secs] [Times: user=0,08 sys=0,00, real=0,02 secs] 
Heap after GC invocations=2 (full 0):
 par new generation   total 109248K, used 13143K [0x00000000e0000000, 0x00000000e8000000, 0x00000000e8000000)
  eden space 87424K,   0% used [0x00000000e0000000, 0x00000000e0000000, 0x00000000e5560000)
  from space 21824K,  60% used [0x00000000e5560000, 0x00000000e6235d48, 0x00000000e6ab0000)
  to   space 21824K,   0% used [0x00000000e6ab0000, 0x00000000e6ab0000, 0x00000000e8000000)
 concurrent mark-sweep generation total 393216K, used 0K [0x00000000e8000000, 0x0000000100000000, 0x0000000100000000)
 Metaspace       used 20726K, capacity 21020K, committed 21248K, reserved 1069056K
  class space    used 2404K, capacity 2518K, committed 2560K, reserved 1048576K
}
2016-12-19T16:01:13.887+0100: 2,305: Total time for which application threads were stopped: 0,0213114 seconds, Stopping threads took: 0,0000515 seconds
2016-12-19T16:01:13.943+0100: 2,361: Total time for which application threads were stopped: 0,0000744 seconds, Stopping threads took: 0,0000129 seconds
2016-12-19T16:01:13.975+0100: 2,393: Total time for which application threads were stopped: 0,0000765 seconds, Stopping threads took: 0,0000129 seconds
2016-12-19T16:01:13.976+0100: 2,394: Total time for which application threads were stopped: 0,0002595 seconds, Stopping threads took: 0,0000191 seconds
2016-12-19T16:01:14.000+0100: 2,418: Total time for which application threads were stopped: 0,0000885 seconds, Stopping threads took: 0,0000306 seconds
2016-12-19T16:01:14.076+0100: 2,494: Total time for which application threads were stopped: 0,0001061 seconds, Stopping threads took: 0,0000183 seconds
2016-12-19T16:01:14.093+0100: 2,511: Total time for which application threads were stopped: 0,0000889 seconds, Stopping threads took: 0,0000219 seconds
2016-12-19T16:01:14.100+0100: 2,518: Total time for which application threads were stopped: 0,0002708 seconds, Stopping threads took: 0,0000123 seconds
2016-12-19T16:01:14.107+0100: 2,525: Total time for which application threads were stopped: 0,0002794 seconds, Stopping threads took: 0,0000252 seconds
2016-12-19T16:01:14.116+0100: 2,534: Total time for which application threads were stopped: 0,0000840 seconds, Stopping threads took: 0,0000281 seconds
2016-12-19T16:01:14.145+0100: 2,562: Total time for which application threads were stopped: 0,0000947 seconds, Stopping threads took: 0,0000243 seconds
2016-12-19T16:01:14.160+0100: 2,578: Total time for which application threads were stopped: 0,0000731 seconds, Stopping threads took: 0,0000177 seconds
2016-12-19T16:01:14.178+0100: 2,596: Total time for which application threads were stopped: 0,0000745 seconds, Stopping threads took: 0,0000157 seconds
2016-12-19T16:01:14.197+0100: 2,615: Total time for which application threads were stopped: 0,0000758 seconds, Stopping threads took: 0,0000136 seconds
2016-12-19T16:01:14.218+0100: 2,636: Total time for which application threads were stopped: 0,0000737 seconds, Stopping threads took: 0,0000162 seconds
2016-12-19T16:01:14.281+0100: 2,699: Total time for which application threads were stopped: 0,0001287 seconds, Stopping threads took: 0,0000459 seconds
2016-12-19T16:01:14.308+0100: 2,726: Total time for which application threads were stopped: 0,0000993 seconds, Stopping threads took: 0,0000321 seconds
{Heap before GC invocations=2 (full 0):
 par new generation   total 109248K, used 100567K [0x00000000e0000000, 0x00000000e8000000, 0x00000000e8000000)
  eden space 87424K, 100% used [0x00000000e0000000, 0x00000000e5560000, 0x00000000e5560000)
  from space 21824K,  60% used [0x00000000e5560000, 0x00000000e6235d48, 0x00000000e6ab0000)
  to   space 21824K,   0% used [0x00000000e6ab0000, 0x00000000e6ab0000, 0x00000000e8000000)
 concurrent mark-sweep generation total 393216K, used 0K [0x00000000e8000000, 0x0000000100000000, 0x0000000100000000)
 Metaspace       used 24873K, capacity 25221K, committed 25536K, reserved 1071104K
  class space    used 2897K, capacity 3025K, committed 3144K, reserved 1048576K
2016-12-19T16:01:14.334+0100: 2,752: [GC (Allocation Failure) 2016-12-19T16:01:14.334+0100: 2,752: [ParNew
Desired survivor size 20112992 bytes, new threshold 8 (max 8)
- age   1:    6697752 bytes,    6697752 total
- age   2:     549624 bytes,    7247376 total
- age   3:    6093944 bytes,   13341320 total
: 100567K->16835K(109248K), 0,0178128 secs] 100567K->16835K(502464K), 0,0179196 secs] [Times: user=0,06 sys=0,01, real=0,02 secs] 
Heap after GC invocations=3 (full 0):
 par new generation   total 109248K, used 16835K [0x00000000e0000000, 0x00000000e8000000, 0x00000000e8000000)
  eden space 87424K,   0% used [0x00000000e0000000, 0x00000000e0000000, 0x00000000e5560000)
  from space 21824K,  77% used [0x00000000e6ab0000, 0x00000000e7b20c68, 0x00000000e8000000)
  to   space 21824K,   0% used [0x00000000e5560000, 0x00000000e5560000, 0x00000000e6ab0000)
 concurrent mark-sweep generation total 393216K, used 0K [0x00000000e8000000, 0x0000000100000000, 0x0000000100000000)
 Metaspace       used 24873K, capacity 25221K, committed 25536K, reserved 1071104K
  class space    used 2897K, capacity 3025K, committed 3144K, reserved 1048576K
}
2016-12-19T16:01:14.352+0100: 2,770: Total time for which application threads were stopped: 0,0181420 seconds, Stopping threads took: 0,0000256 seconds
2016-12-19T16:01:14.352+0100: 2,770: [GC (CMS Initial Mark) [1 CMS-initial-mark: 0K(393216K)] 16836K(502464K), 0,0049384 secs] [Times: user=0,01 sys=0,00, real=0,00 secs] 
2016-12-19T16:01:14.357+0100: 2,775: Total time for which application threads were stopped: 0,0050759 seconds, Stopping threads took: 0,0000380 seconds
2016-12-19T16:01:14.357+0100: 2,775: [CMS-concurrent-mark-start]
2016-12-19T16:01:14.358+0100: 2,776: [CMS-concurrent-mark: 0,000/0,000 secs] [Times: user=0,00 sys=0,00, real=0,00 secs] 
2016-12-19T16:01:14.358+0100: 2,776: [CMS-concurrent-preclean-start]
2016-12-19T16:01:14.359+0100: 2,777: [CMS-concurrent-preclean: 0,001/0,001 secs] [Times: user=0,00 sys=0,01, real=0,01 secs] 
2016-12-19T16:01:14.359+0100: 2,777: [GC (CMS Final Remark) [YG occupancy: 18239 K (109248 K)]{Heap before GC invocations=3 (full 1):
 par new generation   total 109248K, used 18239K [0x00000000e0000000, 0x00000000e8000000, 0x00000000e8000000)
  eden space 87424K,   1% used [0x00000000e0000000, 0x00000000e015f0f8, 0x00000000e5560000)
  from space 21824K,  77% used [0x00000000e6ab0000, 0x00000000e7b20c68, 0x00000000e8000000)
  to   space 21824K,   0% used [0x00000000e5560000, 0x00000000e5560000, 0x00000000e6ab0000)
 concurrent mark-sweep generation total 393216K, used 0K [0x00000000e8000000, 0x0000000100000000, 0x0000000100000000)
 Metaspace       used 24894K, capacity 25285K, committed 25536K, reserved 1071104K
  class space    used 2898K, capacity 3025K, committed 3144K, reserved 1048576K
2016-12-19T16:01:14.359+0100: 2,777: [GC (CMS Final Remark) 2016-12-19T16:01:14.359+0100: 2,777: [ParNew
Desired survivor size 20112992 bytes, new threshold 8 (max 8)
- age   1:      33224 bytes,      33224 total
- age   2:    3156744 bytes,    3189968 total
- age   3:     549624 bytes,    3739592 total
- age   4:    6092112 bytes,    9831704 total
: 18239K->13906K(109248K), 0,0099901 secs] 18239K->13906K(502464K), 0,0100352 secs] [Times: user=0,04 sys=0,00, real=0,00 secs] 
Heap after GC invocations=4 (full 1):
 par new generation   total 109248K, used 13906K [0x00000000e0000000, 0x00000000e8000000, 0x00000000e8000000)
  eden space 87424K,   0% used [0x00000000e0000000, 0x00000000e0000000, 0x00000000e5560000)
  from space 21824K,  63% used [0x00000000e5560000, 0x00000000e62f49a0, 0x00000000e6ab0000)
  to   space 21824K,   0% used [0x00000000e6ab0000, 0x00000000e6ab0000, 0x00000000e8000000)
 concurrent mark-sweep generation total 393216K, used 0K [0x00000000e8000000, 0x0000000100000000, 0x0000000100000000)
 Metaspace       used 24894K, capacity 25285K, committed 25536K, reserved 1071104K
  class space    used 2898K, capacity 3025K, committed 3144K, reserved 1048576K
}
2016-12-19T16:01:14.369+0100: 2,787: [Rescan (parallel) , 0,0033885 secs]2016-12-19T16:01:14.373+0100: 2,791: [weak refs processing, 0,0009234 secs]2016-12-19T16:01:14.374+0100: 2,792: [class unloading, 0,0031835 secs]2016-12-19T16:01:14.377+0100: 2,795: [scrub symbol table, 0,0032304 secs]2016-12-19T16:01:14.380+0100: 2,798: [scrub string table, 0,0003789 secs][1 CMS-remark: 0K(393216K)] 13906K(502464K), 0,0218448 secs] [Times: user=0,06 sys=0,00, real=0,02 secs] 
2016-12-19T16:01:14.381+0100: 2,799: Total time for which application threads were stopped: 0,0223387 seconds, Stopping threads took: 0,0004259 seconds
2016-12-19T16:01:14.381+0100: 2,799: [CMS-concurrent-sweep-start]
2016-12-19T16:01:14.381+0100: 2,799: [CMS-concurrent-sweep: 0,000/0,000 secs] [Times: user=0,00 sys=0,00, real=0,00 secs] 
2016-12-19T16:01:14.381+0100: 2,799: [CMS-concurrent-reset-start]
2016-12-19T16:01:14.383+0100: 2,801: [CMS-concurrent-reset: 0,002/0,002 secs] [Times: user=0,01 sys=0,00, real=0,00 secs] 
2016-12-19T16:01:14.442+0100: 2,860: Total time for which application threads were stopped: 0,0003608 seconds, Stopping threads took: 0,0000280 seconds
2016-12-19T16:01:15.442+0100: 3,860: Total time for which application threads were stopped: 0,0001041 seconds, Stopping threads took: 0,0000195 seconds
2016-12-19T16:01:15.633+0100: 4,051: Total time for which application threads were stopped: 0,0003621 seconds, Stopping threads took: 0,0000152 seconds
2016-12-19T16:01:43.637+0100: 32,055: Total time for which application threads were stopped: 0,0000727 seconds, Stopping threads took: 0,0000328 seconds
2016-12-19T16:03:53.651+0100: 162,069: Total time for which application threads were stopped: 0,0001229 seconds, Stopping threads took: 0,0000578 seconds
2016-12-19T16:03:58.651+0100: 167,069: Total time for which application threads were stopped: 0,0000844 seconds, Stopping threads took: 0,0000334 seconds
2016-12-19T16:04:53.658+0100: 222,076: Total time for which application threads were stopped: 0,0000722 seconds, Stopping threads took: 0,0000310 seconds
2016-12-19T16:05:58.664+0100: 287,082: Total time for which application threads were stopped: 0,0000791 seconds, Stopping threads took: 0,0000353 seconds
2016-12-19T16:24:52.790+0100: 1421,208: Total time for which application threads were stopped: 0,0000741 seconds, Stopping threads took: 0,0000331 seconds
2016-12-19T16:28:38.816+0100: 1647,234: Total time for which application threads were stopped: 0,0000781 seconds, Stopping threads took: 0,0000349 seconds
2016-12-19T16:30:12.826+0100: 1741,244: Total time for which application threads were stopped: 0,0000736 seconds, Stopping threads took: 0,0000314 seconds
2016-12-19T16:30:13.826+0100: 1742,244: Total time for which application threads were stopped: 0,0004921 seconds, Stopping threads took: 0,0002006 seconds
2016-12-19T16:39:48.894+0100: 2317,312: Total time for which application threads were stopped: 0,0001643 seconds, Stopping threads took: 0,0000671 seconds
2016-12-19T16:39:52.894+0100: 2321,312: Total time for which application threads were stopped: 0,0000616 seconds, Stopping threads took: 0,0000150 seconds
2016-12-19T16:39:53.894+0100: 2322,312: Total time for which application threads were stopped: 0,0000557 seconds, Stopping threads took: 0,0000148 seconds
2016-12-19T16:43:42.924+0100: 2551,342: Total time for which application threads were stopped: 0,0000802 seconds, Stopping threads took: 0,0000360 seconds
2016-12-19T16:44:17.929+0100: 2586,347: Total time for which application threads were stopped: 0,0000799 seconds, Stopping threads took: 0,0000315 seconds
2016-12-19T16:54:28.994+0100: 3197,412: Total time for which application threads were stopped: 0,0000720 seconds, Stopping threads took: 0,0000285 seconds
2016-12-19T16:59:13.017+0100: 3481,435: Total time for which application threads were stopped: 0,0004727 seconds, Stopping threads took: 0,0001843 seconds
2016-12-19T17:00:43.025+0100: 3571,443: Total time for which application threads were stopped: 0,0000735 seconds, Stopping threads took: 0,0000271 seconds
2016-12-19T17:05:23.048+0100: 3851,466: Total time for which application threads were stopped: 0,0001087 seconds, Stopping threads took: 0,0000346 seconds
2016-12-19T17:05:28.048+0100: 3856,466: Total time for which application threads were stopped: 0,0000996 seconds, Stopping threads took: 0,0000256 seconds
2016-12-19T17:08:13.062+0100: 4021,480: Total time for which application threads were stopped: 0,0000702 seconds, Stopping threads took: 0,0000274 seconds
2016-12-19T17:45:29.254+0100: 6257,671: Total time for which application threads were stopped: 0,0000833 seconds, Stopping threads took: 0,0000337 seconds
2016-12-19T17:45:34.254+0100: 6262,672: Total time for which application threads were stopped: 0,0000544 seconds, Stopping threads took: 0,0000142 seconds
2016-12-19T17:46:54.262+0100: 6342,680: Total time for which application threads were stopped: 0,0000685 seconds, Stopping threads took: 0,0000296 seconds
2016-12-19T18:06:13.385+0100: 7501,803: Total time for which application threads were stopped: 0,0003842 seconds, Stopping threads took: 0,0001709 seconds
2016-12-19T18:06:43.388+0100: 7531,806: Total time for which application threads were stopped: 0,0004407 seconds, Stopping threads took: 0,0001730 seconds
2016-12-19T18:09:13.404+0100: 7681,822: Total time for which application threads were stopped: 0,0000848 seconds, Stopping threads took: 0,0000317 seconds
2016-12-19T19:13:42.942+0100: 11551,360: Total time for which application threads were stopped: 0,0001616 seconds, Stopping threads took: 0,0000614 seconds
2016-12-19T20:17:13.455+0100: 15361,873: Total time for which application threads were stopped: 0,0001522 seconds, Stopping threads took: 0,0000573 seconds
2016-12-19T20:18:43.470+0100: 15451,888: Total time for which application threads were stopped: 0,0000842 seconds, Stopping threads took: 0,0000342 seconds
2016-12-20T00:50:16.893+0100: 31745,311: Total time for which application threads were stopped: 0,0001323 seconds, Stopping threads took: 0,0000180 seconds
Heap
 par new generation   total 109248K, used 57354K [0x00000000e0000000, 0x00000000e8000000, 0x00000000e8000000)
  eden space 87424K,  49% used [0x00000000e0000000, 0x00000000e2a6e198, 0x00000000e5560000)
  from space 21824K,  63% used [0x00000000e5560000, 0x00000000e62f49a0, 0x00000000e6ab0000)
  to   space 21824K,   0% used [0x00000000e6ab0000, 0x00000000e6ab0000, 0x00000000e8000000)
 concurrent mark-sweep generation total 393216K, used 0K [0x00000000e8000000, 0x0000000100000000, 0x0000000100000000)
 Metaspace       used 27305K, capacity 27729K, committed 27976K, reserved 1073152K
  class space    used 3168K, capacity 3321K, committed 3400K, reserved 1048576K
