OpenJDK 64-Bit Server VM (25.131-b11) for linux-amd64 JRE (1.8.0_131-8u131-b11-0ubuntu1.16.04.2-b11), built on May  6 2017 02:45:27 by "buildd" with gcc 5.4.0 20160609
Memory: 4k page, physical 7867740k(7405600k free), swap 8076284k(8076284k free)
CommandLine flags: -XX:CMSInitiatingOccupancyFraction=50 -XX:CMSMaxAbortablePrecleanTime=6000 -XX:+CMSParallelRemarkEnabled -XX:+CMSScavengeBeforeRemark -XX:ConcGCThreads=4 -XX:InitialHeapSize=536870912 -XX:MaxHeapSize=536870912 -XX:MaxTenuringThreshold=8 -XX:NewRatio=3 -XX:OldPLABSize=16 -XX:OnOutOfMemoryError=/opt/solr/bin/oom_solr.sh 8983 /var/solr/logs -XX:ParallelGCThreads=4 -XX:+ParallelRefProcEnabled -XX:PretenureSizeThreshold=67108864 -XX:+PrintGC -XX:+PrintGCApplicationStoppedTime -XX:+PrintGCDateStamps -XX:+PrintGCDetails -XX:+PrintGCTimeStamps -XX:+PrintHeapAtGC -XX:+PrintTenuringDistribution -XX:SurvivorRatio=4 -XX:TargetSurvivorRatio=90 -XX:ThreadStackSize=256 -XX:+UseCMSInitiatingOccupancyOnly -XX:+UseCompressedClassPointers -XX:+UseCompressedOops -XX:+UseConcMarkSweepGC -XX:+UseParNewGC 
2017-06-08T06:20:09.978+0200: 0,165: Total time for which application threads were stopped: 0,0000775 seconds, Stopping threads took: 0,0000117 seconds
2017-06-08T06:20:10.074+0200: 0,260: Total time for which application threads were stopped: 0,0001100 seconds, Stopping threads took: 0,0000218 seconds
2017-06-08T06:20:10.086+0200: 0,273: Total time for which application threads were stopped: 0,0000871 seconds, Stopping threads took: 0,0000152 seconds
2017-06-08T06:20:10.287+0200: 0,474: Total time for which application threads were stopped: 0,0001647 seconds, Stopping threads took: 0,0000219 seconds
2017-06-08T06:20:10.852+0200: 1,039: Total time for which application threads were stopped: 0,0001596 seconds, Stopping threads took: 0,0000134 seconds
2017-06-08T06:20:10.963+0200: 1,150: Total time for which application threads were stopped: 0,0001588 seconds, Stopping threads took: 0,0000165 seconds
2017-06-08T06:20:10.990+0200: 1,177: Total time for which application threads were stopped: 0,0001649 seconds, Stopping threads took: 0,0000243 seconds
2017-06-08T06:20:11.369+0200: 1,556: Total time for which application threads were stopped: 0,0001660 seconds, Stopping threads took: 0,0000223 seconds
2017-06-08T06:20:11.615+0200: 1,802: Total time for which application threads were stopped: 0,0001972 seconds, Stopping threads took: 0,0000161 seconds
2017-06-08T06:20:11.636+0200: 1,822: Total time for which application threads were stopped: 0,0001719 seconds, Stopping threads took: 0,0000115 seconds
2017-06-08T06:20:11.661+0200: 1,848: Total time for which application threads were stopped: 0,0001890 seconds, Stopping threads took: 0,0000206 seconds
2017-06-08T06:20:11.662+0200: 1,849: Total time for which application threads were stopped: 0,0001840 seconds, Stopping threads took: 0,0000159 seconds
2017-06-08T06:20:11.674+0200: 1,860: Total time for which application threads were stopped: 0,0001948 seconds, Stopping threads took: 0,0000154 seconds
2017-06-08T06:20:11.754+0200: 1,940: Total time for which application threads were stopped: 0,0002338 seconds, Stopping threads took: 0,0000213 seconds
2017-06-08T06:20:11.927+0200: 2,114: Total time for which application threads were stopped: 0,0003857 seconds, Stopping threads took: 0,0001685 seconds
{Heap before GC invocations=0 (full 0):
 par new generation   total 109248K, used 87424K [0x00000000e0000000, 0x00000000e8000000, 0x00000000e8000000)
  eden space 87424K, 100% used [0x00000000e0000000, 0x00000000e5560000, 0x00000000e5560000)
  from space 21824K,   0% used [0x00000000e5560000, 0x00000000e5560000, 0x00000000e6ab0000)
  to   space 21824K,   0% used [0x00000000e6ab0000, 0x00000000e6ab0000, 0x00000000e8000000)
 concurrent mark-sweep generation total 393216K, used 0K [0x00000000e8000000, 0x0000000100000000, 0x0000000100000000)
 Metaspace       used 18012K, capacity 18336K, committed 18688K, reserved 1064960K
  class space    used 2035K, capacity 2196K, committed 2304K, reserved 1048576K
2017-06-08T06:20:12.018+0200: 2,205: [GC (Allocation Failure) 2017-06-08T06:20:12.018+0200: 2,205: [ParNew
Desired survivor size 20112992 bytes, new threshold 8 (max 8)
- age   1:   12557768 bytes,   12557768 total
: 87424K->12378K(109248K), 0,0161017 secs] 87424K->12378K(502464K), 0,0161860 secs] [Times: user=0,04 sys=0,01, real=0,02 secs] 
Heap after GC invocations=1 (full 0):
 par new generation   total 109248K, used 12378K [0x00000000e0000000, 0x00000000e8000000, 0x00000000e8000000)
  eden space 87424K,   0% used [0x00000000e0000000, 0x00000000e0000000, 0x00000000e5560000)
  from space 21824K,  56% used [0x00000000e6ab0000, 0x00000000e76c6bf0, 0x00000000e8000000)
  to   space 21824K,   0% used [0x00000000e5560000, 0x00000000e5560000, 0x00000000e6ab0000)
 concurrent mark-sweep generation total 393216K, used 0K [0x00000000e8000000, 0x0000000100000000, 0x0000000100000000)
 Metaspace       used 18012K, capacity 18336K, committed 18688K, reserved 1064960K
  class space    used 2035K, capacity 2196K, committed 2304K, reserved 1048576K
}
2017-06-08T06:20:12.034+0200: 2,221: Total time for which application threads were stopped: 0,0196338 seconds, Stopping threads took: 0,0032760 seconds
2017-06-08T06:20:12.348+0200: 2,535: Total time for which application threads were stopped: 0,0003558 seconds, Stopping threads took: 0,0000614 seconds
2017-06-08T06:20:12.381+0200: 2,567: Total time for which application threads were stopped: 0,0003504 seconds, Stopping threads took: 0,0000569 seconds
{Heap before GC invocations=1 (full 0):
 par new generation   total 109248K, used 99802K [0x00000000e0000000, 0x00000000e8000000, 0x00000000e8000000)
  eden space 87424K, 100% used [0x00000000e0000000, 0x00000000e5560000, 0x00000000e5560000)
  from space 21824K,  56% used [0x00000000e6ab0000, 0x00000000e76c6bf0, 0x00000000e8000000)
  to   space 21824K,   0% used [0x00000000e5560000, 0x00000000e5560000, 0x00000000e6ab0000)
 concurrent mark-sweep generation total 393216K, used 0K [0x00000000e8000000, 0x0000000100000000, 0x0000000100000000)
 Metaspace       used 20066K, capacity 20432K, committed 20736K, reserved 1067008K
  class space    used 2298K, capacity 2472K, committed 2560K, reserved 1048576K
2017-06-08T06:20:12.385+0200: 2,571: [GC (Allocation Failure) 2017-06-08T06:20:12.385+0200: 2,571: [ParNew
Desired survivor size 20112992 bytes, new threshold 8 (max 8)
- age   1:    3664144 bytes,    3664144 total
- age   2:    6647760 bytes,   10311904 total
: 99802K->13685K(109248K), 0,0100406 secs] 99802K->13685K(502464K), 0,0101164 secs] [Times: user=0,04 sys=0,00, real=0,01 secs] 
Heap after GC invocations=2 (full 0):
 par new generation   total 109248K, used 13685K [0x00000000e0000000, 0x00000000e8000000, 0x00000000e8000000)
  eden space 87424K,   0% used [0x00000000e0000000, 0x00000000e0000000, 0x00000000e5560000)
  from space 21824K,  62% used [0x00000000e5560000, 0x00000000e62bd780, 0x00000000e6ab0000)
  to   space 21824K,   0% used [0x00000000e6ab0000, 0x00000000e6ab0000, 0x00000000e8000000)
 concurrent mark-sweep generation total 393216K, used 0K [0x00000000e8000000, 0x0000000100000000, 0x0000000100000000)
 Metaspace       used 20066K, capacity 20432K, committed 20736K, reserved 1067008K
  class space    used 2298K, capacity 2472K, committed 2560K, reserved 1048576K
}
2017-06-08T06:20:12.395+0200: 2,582: Total time for which application threads were stopped: 0,0103256 seconds, Stopping threads took: 0,0000865 seconds
2017-06-08T06:20:12.434+0200: 2,621: Total time for which application threads were stopped: 0,0040069 seconds, Stopping threads took: 0,0037177 seconds
2017-06-08T06:20:12.585+0200: 2,771: Total time for which application threads were stopped: 0,0002101 seconds, Stopping threads took: 0,0000445 seconds
{Heap before GC invocations=2 (full 0):
 par new generation   total 109248K, used 101109K [0x00000000e0000000, 0x00000000e8000000, 0x00000000e8000000)
  eden space 87424K, 100% used [0x00000000e0000000, 0x00000000e5560000, 0x00000000e5560000)
  from space 21824K,  62% used [0x00000000e5560000, 0x00000000e62bd780, 0x00000000e6ab0000)
  to   space 21824K,   0% used [0x00000000e6ab0000, 0x00000000e6ab0000, 0x00000000e8000000)
 concurrent mark-sweep generation total 393216K, used 0K [0x00000000e8000000, 0x0000000100000000, 0x0000000100000000)
 Metaspace       used 20973K, capacity 21290K, committed 21628K, reserved 1069056K
  class space    used 2418K, capacity 2591K, committed 2684K, reserved 1048576K
2017-06-08T06:20:12.615+0200: 2,802: [GC (Allocation Failure) 2017-06-08T06:20:12.615+0200: 2,802: [ParNew
Desired survivor size 20112992 bytes, new threshold 8 (max 8)
- age   1:    2255440 bytes,    2255440 total
- age   2:     850872 bytes,    3106312 total
- age   3:    6645512 bytes,    9751824 total
: 101109K->11462K(109248K), 0,0102106 secs] 101109K->11462K(502464K), 0,0102966 secs] [Times: user=0,04 sys=0,00, real=0,01 secs] 
Heap after GC invocations=3 (full 0):
 par new generation   total 109248K, used 11462K [0x00000000e0000000, 0x00000000e8000000, 0x00000000e8000000)
  eden space 87424K,   0% used [0x00000000e0000000, 0x00000000e0000000, 0x00000000e5560000)
  from space 21824K,  52% used [0x00000000e6ab0000, 0x00000000e75e1b00, 0x00000000e8000000)
  to   space 21824K,   0% used [0x00000000e5560000, 0x00000000e5560000, 0x00000000e6ab0000)
 concurrent mark-sweep generation total 393216K, used 0K [0x00000000e8000000, 0x0000000100000000, 0x0000000100000000)
 Metaspace       used 20973K, capacity 21290K, committed 21628K, reserved 1069056K
  class space    used 2418K, capacity 2591K, committed 2684K, reserved 1048576K
}
2017-06-08T06:20:12.625+0200: 2,812: Total time for which application threads were stopped: 0,0105544 seconds, Stopping threads took: 0,0000624 seconds
2017-06-08T06:20:12.626+0200: 2,812: [GC (CMS Initial Mark) [1 CMS-initial-mark: 0K(393216K)] 11494K(502464K), 0,0051061 secs] [Times: user=0,01 sys=0,00, real=0,00 secs] 
2017-06-08T06:20:12.631+0200: 2,817: Total time for which application threads were stopped: 0,0052880 seconds, Stopping threads took: 0,0000627 seconds
2017-06-08T06:20:12.631+0200: 2,817: [CMS-concurrent-mark-start]
2017-06-08T06:20:12.631+0200: 2,818: [CMS-concurrent-mark: 0,000/0,000 secs] [Times: user=0,01 sys=0,00, real=0,00 secs] 
2017-06-08T06:20:12.631+0200: 2,818: [CMS-concurrent-preclean-start]
2017-06-08T06:20:12.632+0200: 2,819: [CMS-concurrent-preclean: 0,001/0,001 secs] [Times: user=0,00 sys=0,00, real=0,00 secs] 
2017-06-08T06:20:12.633+0200: 2,819: [GC (CMS Final Remark) [YG occupancy: 12984 K (109248 K)]2017-06-08T06:20:12.633+0200: 2,819: [Rescan (parallel) , 0,0056971 secs]2017-06-08T06:20:12.638+0200: 2,825: [weak refs processing, 0,0039332 secs]2017-06-08T06:20:12.642+0200: 2,829: [class unloading, 0,0037987 secs]2017-06-08T06:20:12.646+0200: 2,833: [scrub symbol table, 0,0039332 secs]2017-06-08T06:20:12.650+0200: 2,837: [scrub string table, 0,0006042 secs][1 CMS-remark: 0K(393216K)] 12984K(502464K), 0,0187828 secs] [Times: user=0,06 sys=0,00, real=0,02 secs] 
2017-06-08T06:20:12.651+0200: 2,838: Total time for which application threads were stopped: 0,0189291 seconds, Stopping threads took: 0,0000307 seconds
2017-06-08T06:20:12.655+0200: 2,842: [CMS-concurrent-sweep-start]
2017-06-08T06:20:12.655+0200: 2,842: [CMS-concurrent-sweep: 0,000/0,000 secs] [Times: user=0,00 sys=0,00, real=0,00 secs] 
{Heap before GC invocations=3 (full 1):
 par new generation   total 109248K, used 15470K [0x00000000e0000000, 0x00000000e8000000, 0x00000000e8000000)
  eden space 87424K,   4% used [0x00000000e0000000, 0x00000000e03e9e80, 0x00000000e5560000)
  from space 21824K,  52% used [0x00000000e6ab0000, 0x00000000e75e1b00, 0x00000000e8000000)
  to   space 21824K,   0% used [0x00000000e5560000, 0x00000000e5560000, 0x00000000e6ab0000)
 concurrent mark-sweep generation total 393216K, used 0K [0x00000000e8000000, 0x0000000100000000, 0x0000000100000000)
 Metaspace       used 20975K, capacity 21290K, committed 21628K, reserved 1069056K
  class space    used 2418K, capacity 2591K, committed 2684K, reserved 1048576K
2017-06-08T06:20:12.655+0200: 2,842: [GC (GCLocker Initiated GC) 2017-06-08T06:20:12.655+0200: 2,842: [ParNew
Desired survivor size 20112992 bytes, new threshold 8 (max 8)
- age   1:     150256 bytes,     150256 total
- age   2:    1946272 bytes,    2096528 total
- age   3:     850872 bytes,    2947400 total
- age   4:    6645352 bytes,    9592752 total
: 15470K->15006K(109248K), 0,0107290 secs] 15470K->15006K(502464K), 0,0107880 secs] [Times: user=0,04 sys=0,00, real=0,01 secs] 
Heap after GC invocations=4 (full 1):
 par new generation   total 109248K, used 15006K [0x00000000e0000000, 0x00000000e8000000, 0x00000000e8000000)
  eden space 87424K,   0% used [0x00000000e0000000, 0x00000000e0000000, 0x00000000e5560000)
  from space 21824K,  68% used [0x00000000e5560000, 0x00000000e6407a50, 0x00000000e6ab0000)
  to   space 21824K,   0% used [0x00000000e6ab0000, 0x00000000e6ab0000, 0x00000000e8000000)
 concurrent mark-sweep generation total 393216K, used 0K [0x00000000e8000000, 0x0000000100000000, 0x0000000100000000)
 Metaspace       used 20975K, capacity 21290K, committed 21628K, reserved 1069056K
  class space    used 2418K, capacity 2591K, committed 2684K, reserved 1048576K
}
2017-06-08T06:20:12.666+0200: 2,853: Total time for which application threads were stopped: 0,0110124 seconds, Stopping threads took: 0,0000647 seconds
2017-06-08T06:20:12.666+0200: 2,853: [CMS-concurrent-reset-start]
2017-06-08T06:20:12.668+0200: 2,855: [CMS-concurrent-reset: 0,002/0,002 secs] [Times: user=0,01 sys=0,00, real=0,00 secs] 
{Heap before GC invocations=4 (full 1):
 par new generation   total 109248K, used 102430K [0x00000000e0000000, 0x00000000e8000000, 0x00000000e8000000)
  eden space 87424K, 100% used [0x00000000e0000000, 0x00000000e5560000, 0x00000000e5560000)
  from space 21824K,  68% used [0x00000000e5560000, 0x00000000e6407a50, 0x00000000e6ab0000)
  to   space 21824K,   0% used [0x00000000e6ab0000, 0x00000000e6ab0000, 0x00000000e8000000)
 concurrent mark-sweep generation total 393216K, used 0K [0x00000000e8000000, 0x0000000100000000, 0x0000000100000000)
 Metaspace       used 21208K, capacity 21560K, committed 21884K, reserved 1069056K
  class space    used 2446K, capacity 2605K, committed 2684K, reserved 1048576K
2017-06-08T06:20:12.770+0200: 2,956: [GC (Allocation Failure) 2017-06-08T06:20:12.770+0200: 2,957: [ParNew
Desired survivor size 20112992 bytes, new threshold 8 (max 8)
- age   1:    1055728 bytes,    1055728 total
- age   2:       2016 bytes,    1057744 total
- age   3:    1475336 bytes,    2533080 total
- age   4:     817528 bytes,    3350608 total
- age   5:    6645440 bytes,    9996048 total
: 102430K->11214K(109248K), 0,0127272 secs] 102430K->11214K(502464K), 0,0127931 secs] [Times: user=0,03 sys=0,00, real=0,02 secs] 
Heap after GC invocations=5 (full 1):
 par new generation   total 109248K, used 11214K [0x00000000e0000000, 0x00000000e8000000, 0x00000000e8000000)
  eden space 87424K,   0% used [0x00000000e0000000, 0x00000000e0000000, 0x00000000e5560000)
  from space 21824K,  51% used [0x00000000e6ab0000, 0x00000000e75a3980, 0x00000000e8000000)
  to   space 21824K,   0% used [0x00000000e5560000, 0x00000000e5560000, 0x00000000e6ab0000)
 concurrent mark-sweep generation total 393216K, used 0K [0x00000000e8000000, 0x0000000100000000, 0x0000000100000000)
 Metaspace       used 21208K, capacity 21560K, committed 21884K, reserved 1069056K
  class space    used 2446K, capacity 2605K, committed 2684K, reserved 1048576K
}
2017-06-08T06:20:12.783+0200: 2,969: Total time for which application threads were stopped: 0,0151970 seconds, Stopping threads took: 0,0022634 seconds
{Heap before GC invocations=5 (full 1):
 par new generation   total 109248K, used 98638K [0x00000000e0000000, 0x00000000e8000000, 0x00000000e8000000)
  eden space 87424K, 100% used [0x00000000e0000000, 0x00000000e5560000, 0x00000000e5560000)
  from space 21824K,  51% used [0x00000000e6ab0000, 0x00000000e75a3980, 0x00000000e8000000)
  to   space 21824K,   0% used [0x00000000e5560000, 0x00000000e5560000, 0x00000000e6ab0000)
 concurrent mark-sweep generation total 393216K, used 0K [0x00000000e8000000, 0x0000000100000000, 0x0000000100000000)
 Metaspace       used 21392K, capacity 21796K, committed 21884K, reserved 1069056K
  class space    used 2466K, capacity 2639K, committed 2684K, reserved 1048576K
2017-06-08T06:20:12.882+0200: 3,068: [GC (Allocation Failure) 2017-06-08T06:20:12.882+0200: 3,068: [ParNew
Desired survivor size 20112992 bytes, new threshold 8 (max 8)
- age   1:     659584 bytes,     659584 total
- age   2:     189680 bytes,     849264 total
- age   3:       1872 bytes,     851136 total
- age   4:    1469744 bytes,    2320880 total
- age   5:     815480 bytes,    3136360 total
- age   6:    6645568 bytes,    9781928 total
: 98638K->14774K(109248K), 0,0160605 secs] 98638K->14774K(502464K), 0,0161373 secs] [Times: user=0,06 sys=0,00, real=0,02 secs] 
Heap after GC invocations=6 (full 1):
 par new generation   total 109248K, used 14774K [0x00000000e0000000, 0x00000000e8000000, 0x00000000e8000000)
  eden space 87424K,   0% used [0x00000000e0000000, 0x00000000e0000000, 0x00000000e5560000)
  from space 21824K,  67% used [0x00000000e5560000, 0x00000000e63cdb08, 0x00000000e6ab0000)
  to   space 21824K,   0% used [0x00000000e6ab0000, 0x00000000e6ab0000, 0x00000000e8000000)
 concurrent mark-sweep generation total 393216K, used 0K [0x00000000e8000000, 0x0000000100000000, 0x0000000100000000)
 Metaspace       used 21392K, capacity 21796K, committed 21884K, reserved 1069056K
  class space    used 2466K, capacity 2639K, committed 2684K, reserved 1048576K
}
2017-06-08T06:20:12.898+0200: 3,085: Total time for which application threads were stopped: 0,0163780 seconds, Stopping threads took: 0,0000660 seconds
2017-06-08T06:20:12.936+0200: 3,123: Total time for which application threads were stopped: 0,0003091 seconds, Stopping threads took: 0,0000367 seconds
2017-06-08T06:20:13.142+0200: 3,329: Total time for which application threads were stopped: 0,0004867 seconds, Stopping threads took: 0,0000730 seconds
2017-06-08T06:20:13.179+0200: 3,365: Total time for which application threads were stopped: 0,0004886 seconds, Stopping threads took: 0,0000606 seconds
2017-06-08T06:20:13.199+0200: 3,386: Total time for which application threads were stopped: 0,0004031 seconds, Stopping threads took: 0,0000316 seconds
{Heap before GC invocations=6 (full 1):
 par new generation   total 109248K, used 102198K [0x00000000e0000000, 0x00000000e8000000, 0x00000000e8000000)
  eden space 87424K, 100% used [0x00000000e0000000, 0x00000000e5560000, 0x00000000e5560000)
  from space 21824K,  67% used [0x00000000e5560000, 0x00000000e63cdb08, 0x00000000e6ab0000)
  to   space 21824K,   0% used [0x00000000e6ab0000, 0x00000000e6ab0000, 0x00000000e8000000)
 concurrent mark-sweep generation total 393216K, used 0K [0x00000000e8000000, 0x0000000100000000, 0x0000000100000000)
 Metaspace       used 23799K, capacity 24292K, committed 24572K, reserved 1071104K
  class space    used 2793K, capacity 2981K, committed 3068K, reserved 1048576K
2017-06-08T06:20:13.350+0200: 3,537: [GC (Allocation Failure) 2017-06-08T06:20:13.350+0200: 3,537: [ParNew
Desired survivor size 20112992 bytes, new threshold 8 (max 8)
- age   1:    5242032 bytes,    5242032 total
- age   2:     113224 bytes,    5355256 total
- age   3:     188088 bytes,    5543344 total
- age   4:       1800 bytes,    5545144 total
- age   5:     299952 bytes,    5845096 total
- age   6:     791184 bytes,    6636280 total
- age   7:    6637288 bytes,   13273568 total
: 102198K->15745K(109248K), 0,0123885 secs] 102198K->15745K(502464K), 0,0124580 secs] [Times: user=0,05 sys=0,00, real=0,02 secs] 
Heap after GC invocations=7 (full 1):
 par new generation   total 109248K, used 15745K [0x00000000e0000000, 0x00000000e8000000, 0x00000000e8000000)
  eden space 87424K,   0% used [0x00000000e0000000, 0x00000000e0000000, 0x00000000e5560000)
  from space 21824K,  72% used [0x00000000e6ab0000, 0x00000000e7a106f0, 0x00000000e8000000)
  to   space 21824K,   0% used [0x00000000e5560000, 0x00000000e5560000, 0x00000000e6ab0000)
 concurrent mark-sweep generation total 393216K, used 0K [0x00000000e8000000, 0x0000000100000000, 0x0000000100000000)
 Metaspace       used 23799K, capacity 24292K, committed 24572K, reserved 1071104K
  class space    used 2793K, capacity 2981K, committed 3068K, reserved 1048576K
}
2017-06-08T06:20:13.362+0200: 3,549: Total time for which application threads were stopped: 0,0144586 seconds, Stopping threads took: 0,0018013 seconds
{Heap before GC invocations=7 (full 1):
 par new generation   total 109248K, used 103169K [0x00000000e0000000, 0x00000000e8000000, 0x00000000e8000000)
  eden space 87424K, 100% used [0x00000000e0000000, 0x00000000e5560000, 0x00000000e5560000)
  from space 21824K,  72% used [0x00000000e6ab0000, 0x00000000e7a106f0, 0x00000000e8000000)
  to   space 21824K,   0% used [0x00000000e5560000, 0x00000000e5560000, 0x00000000e6ab0000)
 concurrent mark-sweep generation total 393216K, used 0K [0x00000000e8000000, 0x0000000100000000, 0x0000000100000000)
 Metaspace       used 24243K, capacity 24750K, committed 24828K, reserved 1071104K
  class space    used 2843K, capacity 3047K, committed 3068K, reserved 1048576K
2017-06-08T06:20:13.450+0200: 3,637: [GC (Allocation Failure) 2017-06-08T06:20:13.450+0200: 3,637: [ParNew
Desired survivor size 20112992 bytes, new threshold 8 (max 8)
- age   1:    1766704 bytes,    1766704 total
- age   2:    1762000 bytes,    3528704 total
- age   3:      57576 bytes,    3586280 total
- age   4:     103136 bytes,    3689416 total
- age   5:       1016 bytes,    3690432 total
- age   6:     181184 bytes,    3871616 total
- age   7:     772448 bytes,    4644064 total
- age   8:    6102720 bytes,   10746784 total
: 103169K->16269K(109248K), 0,0152157 secs] 103169K->16269K(502464K), 0,0152909 secs] [Times: user=0,05 sys=0,00, real=0,02 secs] 
Heap after GC invocations=8 (full 1):
 par new generation   total 109248K, used 16269K [0x00000000e0000000, 0x00000000e8000000, 0x00000000e8000000)
  eden space 87424K,   0% used [0x00000000e0000000, 0x00000000e0000000, 0x00000000e5560000)
  from space 21824K,  74% used [0x00000000e5560000, 0x00000000e6543700, 0x00000000e6ab0000)
  to   space 21824K,   0% used [0x00000000e6ab0000, 0x00000000e6ab0000, 0x00000000e8000000)
 concurrent mark-sweep generation total 393216K, used 0K [0x00000000e8000000, 0x0000000100000000, 0x0000000100000000)
 Metaspace       used 24243K, capacity 24750K, committed 24828K, reserved 1071104K
  class space    used 2843K, capacity 3047K, committed 3068K, reserved 1048576K
}
2017-06-08T06:20:13.465+0200: 3,652: Total time for which application threads were stopped: 0,0155030 seconds, Stopping threads took: 0,0000282 seconds
{Heap before GC invocations=8 (full 1):
 par new generation   total 109248K, used 103693K [0x00000000e0000000, 0x00000000e8000000, 0x00000000e8000000)
  eden space 87424K, 100% used [0x00000000e0000000, 0x00000000e5560000, 0x00000000e5560000)
  from space 21824K,  74% used [0x00000000e5560000, 0x00000000e6543700, 0x00000000e6ab0000)
  to   space 21824K,   0% used [0x00000000e6ab0000, 0x00000000e6ab0000, 0x00000000e8000000)
 concurrent mark-sweep generation total 393216K, used 0K [0x00000000e8000000, 0x0000000100000000, 0x0000000100000000)
 Metaspace       used 24517K, capacity 24964K, committed 25084K, reserved 1071104K
  class space    used 2864K, capacity 3051K, committed 3068K, reserved 1048576K
2017-06-08T06:20:13.587+0200: 3,774: [GC (Allocation Failure) 2017-06-08T06:20:13.587+0200: 3,774: [ParNew
Desired survivor size 20112992 bytes, new threshold 8 (max 8)
- age   1:     562456 bytes,     562456 total
- age   2:     621504 bytes,    1183960 total
- age   3:    1735448 bytes,    2919408 total
- age   4:      57576 bytes,    2976984 total
- age   5:     102928 bytes,    3079912 total
- age   6:       1016 bytes,    3080928 total
- age   7:     181184 bytes,    3262112 total
- age   8:     772448 bytes,    4034560 total
: 103693K->6669K(109248K), 0,0505918 secs] 103693K->12711K(502464K), 0,0506568 secs] [Times: user=0,11 sys=0,00, real=0,05 secs] 
Heap after GC invocations=9 (full 1):
 par new generation   total 109248K, used 6669K [0x00000000e0000000, 0x00000000e8000000, 0x00000000e8000000)
  eden space 87424K,   0% used [0x00000000e0000000, 0x00000000e0000000, 0x00000000e5560000)
  from space 21824K,  30% used [0x00000000e6ab0000, 0x00000000e7133490, 0x00000000e8000000)
  to   space 21824K,   0% used [0x00000000e5560000, 0x00000000e5560000, 0x00000000e6ab0000)
 concurrent mark-sweep generation total 393216K, used 6041K [0x00000000e8000000, 0x0000000100000000, 0x0000000100000000)
 Metaspace       used 24517K, capacity 24964K, committed 25084K, reserved 1071104K
  class space    used 2864K, capacity 3051K, committed 3068K, reserved 1048576K
}
2017-06-08T06:20:13.638+0200: 3,825: Total time for which application threads were stopped: 0,0512108 seconds, Stopping threads took: 0,0003876 seconds
2017-06-08T06:20:13.876+0200: 4,063: Total time for which application threads were stopped: 0,0006742 seconds, Stopping threads took: 0,0002391 seconds
2017-06-08T06:20:13.882+0200: 4,069: Total time for which application threads were stopped: 0,0013949 seconds, Stopping threads took: 0,0012762 seconds
2017-06-08T06:20:13.884+0200: 4,070: Total time for which application threads were stopped: 0,0001414 seconds, Stopping threads took: 0,0000484 seconds
2017-06-08T06:20:13.885+0200: 4,072: Total time for which application threads were stopped: 0,0001212 seconds, Stopping threads took: 0,0000287 seconds
2017-06-08T06:20:13.887+0200: 4,074: Total time for which application threads were stopped: 0,0001959 seconds, Stopping threads took: 0,0001160 seconds
2017-06-08T06:20:13.903+0200: 4,089: Total time for which application threads were stopped: 0,0010130 seconds, Stopping threads took: 0,0009116 seconds
2017-06-08T06:20:13.921+0200: 4,108: Total time for which application threads were stopped: 0,0005058 seconds, Stopping threads took: 0,0003931 seconds
2017-06-08T06:20:13.926+0200: 4,112: Total time for which application threads were stopped: 0,0001373 seconds, Stopping threads took: 0,0000278 seconds
2017-06-08T06:20:13.930+0200: 4,117: Total time for which application threads were stopped: 0,0001689 seconds, Stopping threads took: 0,0000406 seconds
2017-06-08T06:20:13.938+0200: 4,125: Total time for which application threads were stopped: 0,0002473 seconds, Stopping threads took: 0,0001083 seconds
2017-06-08T06:20:13.943+0200: 4,129: Total time for which application threads were stopped: 0,0008676 seconds, Stopping threads took: 0,0007835 seconds
2017-06-08T06:20:13.947+0200: 4,134: Total time for which application threads were stopped: 0,0002708 seconds, Stopping threads took: 0,0001758 seconds
2017-06-08T06:20:13.950+0200: 4,136: Total time for which application threads were stopped: 0,0002242 seconds, Stopping threads took: 0,0001293 seconds
2017-06-08T06:20:13.950+0200: 4,137: Total time for which application threads were stopped: 0,0000871 seconds, Stopping threads took: 0,0000230 seconds
2017-06-08T06:20:13.954+0200: 4,140: Total time for which application threads were stopped: 0,0001825 seconds, Stopping threads took: 0,0000659 seconds
2017-06-08T06:20:13.956+0200: 4,143: Total time for which application threads were stopped: 0,0011741 seconds, Stopping threads took: 0,0010453 seconds
2017-06-08T06:20:13.957+0200: 4,143: Total time for which application threads were stopped: 0,0002312 seconds, Stopping threads took: 0,0001249 seconds
2017-06-08T06:20:14.022+0200: 4,209: Total time for which application threads were stopped: 0,0002029 seconds, Stopping threads took: 0,0000457 seconds
2017-06-08T06:20:14.025+0200: 4,212: Total time for which application threads were stopped: 0,0005216 seconds, Stopping threads took: 0,0000354 seconds
2017-06-08T06:20:14.043+0200: 4,229: Total time for which application threads were stopped: 0,0001437 seconds, Stopping threads took: 0,0000577 seconds
2017-06-08T06:20:14.043+0200: 4,230: Total time for which application threads were stopped: 0,0004612 seconds, Stopping threads took: 0,0000137 seconds
2017-06-08T06:20:14.044+0200: 4,231: Total time for which application threads were stopped: 0,0001420 seconds, Stopping threads took: 0,0000327 seconds
2017-06-08T06:20:14.047+0200: 4,234: Total time for which application threads were stopped: 0,0001305 seconds, Stopping threads took: 0,0000352 seconds
2017-06-08T06:20:14.048+0200: 4,235: Total time for which application threads were stopped: 0,0000772 seconds, Stopping threads took: 0,0000158 seconds
2017-06-08T06:20:14.051+0200: 4,237: Total time for which application threads were stopped: 0,0001119 seconds, Stopping threads took: 0,0000301 seconds
2017-06-08T06:20:14.052+0200: 4,238: Total time for which application threads were stopped: 0,0000845 seconds, Stopping threads took: 0,0000182 seconds
2017-06-08T06:20:14.055+0200: 4,242: Total time for which application threads were stopped: 0,0002255 seconds, Stopping threads took: 0,0000346 seconds
2017-06-08T06:20:14.056+0200: 4,243: Total time for which application threads were stopped: 0,0000947 seconds, Stopping threads took: 0,0000254 seconds
2017-06-08T06:20:14.090+0200: 4,276: Total time for which application threads were stopped: 0,0026817 seconds, Stopping threads took: 0,0025772 seconds
2017-06-08T06:20:14.096+0200: 4,283: Total time for which application threads were stopped: 0,0001385 seconds, Stopping threads took: 0,0000462 seconds
2017-06-08T06:20:14.098+0200: 4,285: Total time for which application threads were stopped: 0,0001091 seconds, Stopping threads took: 0,0000356 seconds
2017-06-08T06:20:14.103+0200: 4,290: Total time for which application threads were stopped: 0,0001113 seconds, Stopping threads took: 0,0000353 seconds
2017-06-08T06:20:14.104+0200: 4,291: Total time for which application threads were stopped: 0,0003704 seconds, Stopping threads took: 0,0000204 seconds
2017-06-08T06:20:14.105+0200: 4,291: Total time for which application threads were stopped: 0,0001093 seconds, Stopping threads took: 0,0000365 seconds
2017-06-08T06:20:14.106+0200: 4,292: Total time for which application threads were stopped: 0,0001339 seconds, Stopping threads took: 0,0000554 seconds
2017-06-08T06:20:14.106+0200: 4,293: Total time for which application threads were stopped: 0,0000844 seconds, Stopping threads took: 0,0000270 seconds
2017-06-08T06:20:14.110+0200: 4,296: Total time for which application threads were stopped: 0,0037959 seconds, Stopping threads took: 0,0037297 seconds
2017-06-08T06:20:14.110+0200: 4,297: Total time for which application threads were stopped: 0,0000524 seconds, Stopping threads took: 0,0000141 seconds
2017-06-08T06:20:14.111+0200: 4,297: Total time for which application threads were stopped: 0,0000916 seconds, Stopping threads took: 0,0000273 seconds
2017-06-08T06:20:14.117+0200: 4,304: Total time for which application threads were stopped: 0,0000869 seconds, Stopping threads took: 0,0000244 seconds
2017-06-08T06:20:14.123+0200: 4,310: Total time for which application threads were stopped: 0,0001125 seconds, Stopping threads took: 0,0000425 seconds
2017-06-08T06:20:14.137+0200: 4,323: Total time for which application threads were stopped: 0,0001464 seconds, Stopping threads took: 0,0000384 seconds
2017-06-08T06:20:14.137+0200: 4,324: Total time for which application threads were stopped: 0,0001102 seconds, Stopping threads took: 0,0000265 seconds
2017-06-08T06:20:14.137+0200: 4,324: Total time for which application threads were stopped: 0,0000891 seconds, Stopping threads took: 0,0000202 seconds
2017-06-08T06:20:14.137+0200: 4,324: Total time for which application threads were stopped: 0,0000597 seconds, Stopping threads took: 0,0000150 seconds
2017-06-08T06:20:14.142+0200: 4,328: Total time for which application threads were stopped: 0,0044460 seconds, Stopping threads took: 0,0043345 seconds
2017-06-08T06:20:14.142+0200: 4,329: Total time for which application threads were stopped: 0,0001306 seconds, Stopping threads took: 0,0000418 seconds
2017-06-08T06:20:14.142+0200: 4,329: Total time for which application threads were stopped: 0,0000505 seconds, Stopping threads took: 0,0000104 seconds
2017-06-08T06:20:14.146+0200: 4,333: Total time for which application threads were stopped: 0,0001925 seconds, Stopping threads took: 0,0000388 seconds
2017-06-08T06:20:14.146+0200: 4,333: Total time for which application threads were stopped: 0,0000862 seconds, Stopping threads took: 0,0000099 seconds
2017-06-08T06:20:14.150+0200: 4,337: Total time for which application threads were stopped: 0,0003901 seconds, Stopping threads took: 0,0002874 seconds
2017-06-08T06:20:14.151+0200: 4,337: Total time for which application threads were stopped: 0,0001668 seconds, Stopping threads took: 0,0001045 seconds
2017-06-08T06:20:14.151+0200: 4,338: Total time for which application threads were stopped: 0,0002259 seconds, Stopping threads took: 0,0000176 seconds
2017-06-08T06:20:14.155+0200: 4,341: Total time for which application threads were stopped: 0,0001379 seconds, Stopping threads took: 0,0000622 seconds
2017-06-08T06:20:14.162+0200: 4,348: Total time for which application threads were stopped: 0,0001334 seconds, Stopping threads took: 0,0000380 seconds
2017-06-08T06:20:14.162+0200: 4,349: Total time for which application threads were stopped: 0,0001560 seconds, Stopping threads took: 0,0000817 seconds
2017-06-08T06:20:14.170+0200: 4,356: Total time for which application threads were stopped: 0,0001566 seconds, Stopping threads took: 0,0000612 seconds
2017-06-08T06:20:14.175+0200: 4,362: Total time for which application threads were stopped: 0,0001270 seconds, Stopping threads took: 0,0000429 seconds
2017-06-08T06:20:14.185+0200: 4,371: Total time for which application threads were stopped: 0,0007920 seconds, Stopping threads took: 0,0006969 seconds
2017-06-08T06:20:14.198+0200: 4,384: Total time for which application threads were stopped: 0,0025854 seconds, Stopping threads took: 0,0025106 seconds
2017-06-08T06:20:14.239+0200: 4,426: Total time for which application threads were stopped: 0,0001488 seconds, Stopping threads took: 0,0000498 seconds
2017-06-08T06:20:14.240+0200: 4,427: Total time for which application threads were stopped: 0,0004415 seconds, Stopping threads took: 0,0000162 seconds
2017-06-08T06:20:14.247+0200: 4,433: Total time for which application threads were stopped: 0,0001718 seconds, Stopping threads took: 0,0000538 seconds
2017-06-08T06:20:15.247+0200: 5,434: Total time for which application threads were stopped: 0,0000880 seconds, Stopping threads took: 0,0000199 seconds
{Heap before GC invocations=9 (full 1):
 par new generation   total 109248K, used 94093K [0x00000000e0000000, 0x00000000e8000000, 0x00000000e8000000)
  eden space 87424K, 100% used [0x00000000e0000000, 0x00000000e5560000, 0x00000000e5560000)
  from space 21824K,  30% used [0x00000000e6ab0000, 0x00000000e7133490, 0x00000000e8000000)
  to   space 21824K,   0% used [0x00000000e5560000, 0x00000000e5560000, 0x00000000e6ab0000)
 concurrent mark-sweep generation total 393216K, used 6041K [0x00000000e8000000, 0x0000000100000000, 0x0000000100000000)
 Metaspace       used 28022K, capacity 28554K, committed 28796K, reserved 1075200K
  class space    used 3213K, capacity 3390K, committed 3452K, reserved 1048576K
2017-06-08T06:20:20.880+0200: 11,067: [GC (Allocation Failure) 2017-06-08T06:20:20.880+0200: 11,067: [ParNew
Desired survivor size 20112992 bytes, new threshold 8 (max 8)
- age   1:   11296552 bytes,   11296552 total
- age   2:     276576 bytes,   11573128 total
- age   3:     224616 bytes,   11797744 total
- age   4:    1728912 bytes,   13526656 total
- age   5:      57576 bytes,   13584232 total
- age   6:     100128 bytes,   13684360 total
- age   7:       1016 bytes,   13685376 total
- age   8:     177760 bytes,   13863136 total
: 94093K->14605K(109248K), 0,0576201 secs] 100135K->21490K(502464K), 0,0579656 secs] [Times: user=0,08 sys=0,01, real=0,06 secs] 
Heap after GC invocations=10 (full 1):
 par new generation   total 109248K, used 14605K [0x00000000e0000000, 0x00000000e8000000, 0x00000000e8000000)
  eden space 87424K,   0% used [0x00000000e0000000, 0x00000000e0000000, 0x00000000e5560000)
  from space 21824K,  66% used [0x00000000e5560000, 0x00000000e63a3730, 0x00000000e6ab0000)
  to   space 21824K,   0% used [0x00000000e6ab0000, 0x00000000e6ab0000, 0x00000000e8000000)
 concurrent mark-sweep generation total 393216K, used 6884K [0x00000000e8000000, 0x0000000100000000, 0x0000000100000000)
 Metaspace       used 28022K, capacity 28554K, committed 28796K, reserved 1075200K
  class space    used 3213K, capacity 3390K, committed 3452K, reserved 1048576K
}
2017-06-08T06:20:20.938+0200: 11,125: Total time for which application threads were stopped: 0,0584317 seconds, Stopping threads took: 0,0001005 seconds
2017-06-08T06:20:20.942+0200: 11,128: Total time for which application threads were stopped: 0,0000800 seconds, Stopping threads took: 0,0000223 seconds
2017-06-08T06:20:20.942+0200: 11,129: Total time for which application threads were stopped: 0,0000360 seconds, Stopping threads took: 0,0000059 seconds
2017-06-08T06:21:46.950+0200: 97,137: Total time for which application threads were stopped: 0,0005310 seconds, Stopping threads took: 0,0002172 seconds
2017-06-08T06:22:26.955+0200: 137,142: Total time for which application threads were stopped: 0,0000902 seconds, Stopping threads took: 0,0000319 seconds
2017-06-08T06:22:31.955+0200: 142,142: Total time for which application threads were stopped: 0,0000626 seconds, Stopping threads took: 0,0000159 seconds
2017-06-08T06:23:15.961+0200: 186,148: Total time for which application threads were stopped: 0,0000871 seconds, Stopping threads took: 0,0000342 seconds
2017-06-08T06:24:45.973+0200: 276,159: Total time for which application threads were stopped: 0,0001747 seconds, Stopping threads took: 0,0000706 seconds
2017-06-08T06:31:47.027+0200: 697,214: Total time for which application threads were stopped: 0,0000788 seconds, Stopping threads took: 0,0000323 seconds
2017-06-08T06:32:02.029+0200: 712,216: Total time for which application threads were stopped: 0,0000787 seconds, Stopping threads took: 0,0000303 seconds
2017-06-08T06:32:07.030+0200: 717,216: Total time for which application threads were stopped: 0,0000873 seconds, Stopping threads took: 0,0000200 seconds
2017-06-08T06:32:12.031+0200: 722,217: Total time for which application threads were stopped: 0,0000776 seconds, Stopping threads took: 0,0000298 seconds
2017-06-08T06:32:21.032+0200: 731,219: Total time for which application threads were stopped: 0,0000631 seconds, Stopping threads took: 0,0000153 seconds
2017-06-08T06:43:56.123+0200: 1426,309: Total time for which application threads were stopped: 0,0001108 seconds, Stopping threads took: 0,0000438 seconds
2017-06-08T06:48:42.156+0200: 1712,343: Total time for which application threads were stopped: 0,0002528 seconds, Stopping threads took: 0,0001515 seconds
2017-06-08T06:48:46.156+0200: 1716,343: Total time for which application threads were stopped: 0,0000711 seconds, Stopping threads took: 0,0000187 seconds
2017-06-08T06:51:07.173+0200: 1857,360: Total time for which application threads were stopped: 0,0001025 seconds, Stopping threads took: 0,0000410 seconds
2017-06-08T06:59:57.234+0200: 2387,420: Total time for which application threads were stopped: 0,0000745 seconds, Stopping threads took: 0,0000275 seconds
2017-06-08T07:00:01.234+0200: 2391,421: Total time for which application threads were stopped: 0,0000792 seconds, Stopping threads took: 0,0000304 seconds
2017-06-08T07:05:17.344+0200: 2707,531: Total time for which application threads were stopped: 0,0445240 seconds, Stopping threads took: 0,0444422 seconds
2017-06-08T07:05:17.345+0200: 2707,532: Total time for which application threads were stopped: 0,0000766 seconds, Stopping threads took: 0,0000163 seconds
2017-06-08T07:05:17.346+0200: 2707,532: Total time for which application threads were stopped: 0,0001429 seconds, Stopping threads took: 0,0000101 seconds
2017-06-08T07:05:17.350+0200: 2707,537: Total time for which application threads were stopped: 0,0000935 seconds, Stopping threads took: 0,0000139 seconds
2017-06-08T07:05:17.350+0200: 2707,537: Total time for which application threads were stopped: 0,0000570 seconds, Stopping threads took: 0,0000105 seconds
2017-06-08T07:05:17.351+0200: 2707,537: Total time for which application threads were stopped: 0,0000784 seconds, Stopping threads took: 0,0000257 seconds
2017-06-08T07:05:17.351+0200: 2707,537: Total time for which application threads were stopped: 0,0000471 seconds, Stopping threads took: 0,0000065 seconds
2017-06-08T07:05:17.351+0200: 2707,538: Total time for which application threads were stopped: 0,0000433 seconds, Stopping threads took: 0,0000054 seconds
2017-06-08T07:05:17.351+0200: 2707,538: Total time for which application threads were stopped: 0,0000408 seconds, Stopping threads took: 0,0000050 seconds
2017-06-08T07:05:17.351+0200: 2707,538: Total time for which application threads were stopped: 0,0000409 seconds, Stopping threads took: 0,0000056 seconds
2017-06-08T07:05:17.352+0200: 2707,538: Total time for which application threads were stopped: 0,0000709 seconds, Stopping threads took: 0,0000248 seconds
2017-06-08T07:05:17.352+0200: 2707,538: Total time for which application threads were stopped: 0,0000412 seconds, Stopping threads took: 0,0000060 seconds
2017-06-08T07:05:17.352+0200: 2707,539: Total time for which application threads were stopped: 0,0000378 seconds, Stopping threads took: 0,0000053 seconds
2017-06-08T07:05:17.352+0200: 2707,539: Total time for which application threads were stopped: 0,0003796 seconds, Stopping threads took: 0,0003402 seconds
2017-06-08T07:05:17.353+0200: 2707,539: Total time for which application threads were stopped: 0,0000497 seconds, Stopping threads took: 0,0000158 seconds
2017-06-08T07:05:17.353+0200: 2707,540: Total time for which application threads were stopped: 0,0003658 seconds, Stopping threads took: 0,0003345 seconds
2017-06-08T07:05:17.354+0200: 2707,540: Total time for which application threads were stopped: 0,0000460 seconds, Stopping threads took: 0,0000076 seconds
2017-06-08T07:05:17.355+0200: 2707,541: Total time for which application threads were stopped: 0,0001468 seconds, Stopping threads took: 0,0000444 seconds
2017-06-08T07:05:17.356+0200: 2707,542: Total time for which application threads were stopped: 0,0001070 seconds, Stopping threads took: 0,0000249 seconds
2017-06-08T07:05:17.358+0200: 2707,545: Total time for which application threads were stopped: 0,0004367 seconds, Stopping threads took: 0,0000991 seconds
2017-06-08T07:05:17.359+0200: 2707,546: Total time for which application threads were stopped: 0,0003091 seconds, Stopping threads took: 0,0000421 seconds
2017-06-08T07:05:17.359+0200: 2707,546: Total time for which application threads were stopped: 0,0002810 seconds, Stopping threads took: 0,0000425 seconds
2017-06-08T07:05:17.360+0200: 2707,547: Total time for which application threads were stopped: 0,0002564 seconds, Stopping threads took: 0,0000480 seconds
2017-06-08T07:05:17.360+0200: 2707,547: Total time for which application threads were stopped: 0,0002163 seconds, Stopping threads took: 0,0000374 seconds
2017-06-08T07:05:17.360+0200: 2707,547: Total time for which application threads were stopped: 0,0000611 seconds, Stopping threads took: 0,0000085 seconds
2017-06-08T07:05:17.360+0200: 2707,547: Total time for which application threads were stopped: 0,0000557 seconds, Stopping threads took: 0,0000094 seconds
2017-06-08T07:05:17.360+0200: 2707,547: Total time for which application threads were stopped: 0,0000458 seconds, Stopping threads took: 0,0000061 seconds
2017-06-08T07:05:17.361+0200: 2707,547: Total time for which application threads were stopped: 0,0000477 seconds, Stopping threads took: 0,0000065 seconds
2017-06-08T07:05:17.361+0200: 2707,547: Total time for which application threads were stopped: 0,0000544 seconds, Stopping threads took: 0,0000066 seconds
2017-06-08T07:05:17.362+0200: 2707,549: Total time for which application threads were stopped: 0,0000893 seconds, Stopping threads took: 0,0000179 seconds
2017-06-08T07:05:17.362+0200: 2707,549: Total time for which application threads were stopped: 0,0000610 seconds, Stopping threads took: 0,0000096 seconds
2017-06-08T07:05:17.362+0200: 2707,549: Total time for which application threads were stopped: 0,0000589 seconds, Stopping threads took: 0,0000081 seconds
2017-06-08T07:05:17.362+0200: 2707,549: Total time for which application threads were stopped: 0,0000555 seconds, Stopping threads took: 0,0000070 seconds
2017-06-08T07:05:17.362+0200: 2707,549: Total time for which application threads were stopped: 0,0000539 seconds, Stopping threads took: 0,0000065 seconds
2017-06-08T07:05:17.386+0200: 2707,573: Total time for which application threads were stopped: 0,0003650 seconds, Stopping threads took: 0,0000327 seconds
2017-06-08T07:05:17.386+0200: 2707,573: Total time for which application threads were stopped: 0,0000726 seconds, Stopping threads took: 0,0000124 seconds
2017-06-08T07:05:17.386+0200: 2707,573: Total time for which application threads were stopped: 0,0000712 seconds, Stopping threads took: 0,0000205 seconds
2017-06-08T07:05:17.386+0200: 2707,573: Total time for which application threads were stopped: 0,0000535 seconds, Stopping threads took: 0,0000081 seconds
2017-06-08T07:05:17.386+0200: 2707,573: Total time for which application threads were stopped: 0,0000504 seconds, Stopping threads took: 0,0000070 seconds
2017-06-08T07:05:17.386+0200: 2707,573: Total time for which application threads were stopped: 0,0000448 seconds, Stopping threads took: 0,0000087 seconds
2017-06-08T07:05:17.387+0200: 2707,573: Total time for which application threads were stopped: 0,0000444 seconds, Stopping threads took: 0,0000066 seconds
2017-06-08T07:05:17.387+0200: 2707,573: Total time for which application threads were stopped: 0,0000398 seconds, Stopping threads took: 0,0000052 seconds
2017-06-08T07:05:17.387+0200: 2707,573: Total time for which application threads were stopped: 0,0000376 seconds, Stopping threads took: 0,0000052 seconds
2017-06-08T07:05:17.387+0200: 2707,573: Total time for which application threads were stopped: 0,0000371 seconds, Stopping threads took: 0,0000048 seconds
2017-06-08T07:05:17.387+0200: 2707,574: Total time for which application threads were stopped: 0,0000597 seconds, Stopping threads took: 0,0000199 seconds
2017-06-08T07:05:17.387+0200: 2707,574: Total time for which application threads were stopped: 0,0000421 seconds, Stopping threads took: 0,0000088 seconds
2017-06-08T07:05:17.387+0200: 2707,574: Total time for which application threads were stopped: 0,0000400 seconds, Stopping threads took: 0,0000081 seconds
2017-06-08T07:05:17.397+0200: 2707,584: Total time for which application threads were stopped: 0,0000962 seconds, Stopping threads took: 0,0000311 seconds
2017-06-08T07:05:17.401+0200: 2707,587: Total time for which application threads were stopped: 0,0001037 seconds, Stopping threads took: 0,0000254 seconds
2017-06-08T07:05:17.401+0200: 2707,588: Total time for which application threads were stopped: 0,0000799 seconds, Stopping threads took: 0,0000218 seconds
2017-06-08T07:05:17.402+0200: 2707,589: Total time for which application threads were stopped: 0,0001550 seconds, Stopping threads took: 0,0000654 seconds
2017-06-08T07:05:17.404+0200: 2707,590: Total time for which application threads were stopped: 0,0000849 seconds, Stopping threads took: 0,0000228 seconds
2017-06-08T07:05:17.404+0200: 2707,591: Total time for which application threads were stopped: 0,0000529 seconds, Stopping threads took: 0,0000129 seconds
2017-06-08T07:05:17.404+0200: 2707,591: Total time for which application threads were stopped: 0,0000466 seconds, Stopping threads took: 0,0000140 seconds
2017-06-08T07:05:17.404+0200: 2707,591: Total time for which application threads were stopped: 0,0000429 seconds, Stopping threads took: 0,0000115 seconds
2017-06-08T07:05:17.411+0200: 2707,598: Total time for which application threads were stopped: 0,0001088 seconds, Stopping threads took: 0,0000289 seconds
2017-06-08T07:05:17.411+0200: 2707,598: Total time for which application threads were stopped: 0,0000588 seconds, Stopping threads took: 0,0000166 seconds
2017-06-08T07:05:17.411+0200: 2707,598: Total time for which application threads were stopped: 0,0000513 seconds, Stopping threads took: 0,0000119 seconds
2017-06-08T07:05:17.411+0200: 2707,598: Total time for which application threads were stopped: 0,0000478 seconds, Stopping threads took: 0,0000116 seconds
2017-06-08T07:05:17.412+0200: 2707,598: Total time for which application threads were stopped: 0,0000507 seconds, Stopping threads took: 0,0000132 seconds
2017-06-08T07:05:17.412+0200: 2707,598: Total time for which application threads were stopped: 0,0000464 seconds, Stopping threads took: 0,0000114 seconds
2017-06-08T07:05:17.412+0200: 2707,599: Total time for which application threads were stopped: 0,0000450 seconds, Stopping threads took: 0,0000111 seconds
2017-06-08T07:05:17.412+0200: 2707,599: Total time for which application threads were stopped: 0,0000478 seconds, Stopping threads took: 0,0000143 seconds
2017-06-08T07:05:17.412+0200: 2707,599: Total time for which application threads were stopped: 0,0000470 seconds, Stopping threads took: 0,0000119 seconds
2017-06-08T07:05:17.412+0200: 2707,599: Total time for which application threads were stopped: 0,0000467 seconds, Stopping threads took: 0,0000115 seconds
2017-06-08T07:05:17.414+0200: 2707,601: Total time for which application threads were stopped: 0,0001315 seconds, Stopping threads took: 0,0000574 seconds
2017-06-08T07:05:17.415+0200: 2707,601: Total time for which application threads were stopped: 0,0000729 seconds, Stopping threads took: 0,0000261 seconds
2017-06-08T07:05:17.415+0200: 2707,601: Total time for which application threads were stopped: 0,0000610 seconds, Stopping threads took: 0,0000280 seconds
2017-06-08T07:05:17.416+0200: 2707,603: Total time for which application threads were stopped: 0,0013086 seconds, Stopping threads took: 0,0012520 seconds
2017-06-08T07:05:17.416+0200: 2707,603: Total time for which application threads were stopped: 0,0000617 seconds, Stopping threads took: 0,0000160 seconds
2017-06-08T07:05:17.417+0200: 2707,603: Total time for which application threads were stopped: 0,0002102 seconds, Stopping threads took: 0,0000247 seconds
2017-06-08T07:05:17.418+0200: 2707,604: Total time for which application threads were stopped: 0,0000859 seconds, Stopping threads took: 0,0000282 seconds
2017-06-08T07:05:17.421+0200: 2707,607: Total time for which application threads were stopped: 0,0001467 seconds, Stopping threads took: 0,0000318 seconds
2017-06-08T07:05:17.421+0200: 2707,608: Total time for which application threads were stopped: 0,0000952 seconds, Stopping threads took: 0,0000105 seconds
Heap
 par new generation   total 109248K, used 38868K [0x00000000e0000000, 0x00000000e8000000, 0x00000000e8000000)
  eden space 87424K,  27% used [0x00000000e0000000, 0x00000000e17b1bc8, 0x00000000e5560000)
  from space 21824K,  66% used [0x00000000e5560000, 0x00000000e63a3730, 0x00000000e6ab0000)
  to   space 21824K,   0% used [0x00000000e6ab0000, 0x00000000e6ab0000, 0x00000000e8000000)
 concurrent mark-sweep generation total 393216K, used 6884K [0x00000000e8000000, 0x0000000100000000, 0x0000000100000000)
 Metaspace       used 28150K, capacity 28724K, committed 29052K, reserved 1075200K
  class space    used 3227K, capacity 3425K, committed 3452K, reserved 1048576K
