OpenJDK 64-Bit Server VM (25.111-b14) for linux-amd64 JRE (1.8.0_111-8u111-b14-2ubuntu0.16.04.2-b14), built on Oct 27 2016 18:10:19 by "buildd" with gcc 5.4.0 20160609
Memory: 4k page, physical 7867804k(7518352k free), swap 8076284k(8076284k free)
CommandLine flags: -XX:CMSInitiatingOccupancyFraction=50 -XX:CMSMaxAbortablePrecleanTime=6000 -XX:+CMSParallelRemarkEnabled -XX:+CMSScavengeBeforeRemark -XX:ConcGCThreads=4 -XX:InitialHeapSize=536870912 -XX:MaxHeapSize=536870912 -XX:MaxTenuringThreshold=8 -XX:NewRatio=3 -XX:OldPLABSize=16 -XX:OnOutOfMemoryError=/opt/solr/bin/oom_solr.sh 8983 /var/solr/logs -XX:ParallelGCThreads=4 -XX:+ParallelRefProcEnabled -XX:PretenureSizeThreshold=67108864 -XX:+PrintGC -XX:+PrintGCApplicationStoppedTime -XX:+PrintGCDateStamps -XX:+PrintGCDetails -XX:+PrintGCTimeStamps -XX:+PrintHeapAtGC -XX:+PrintTenuringDistribution -XX:SurvivorRatio=4 -XX:TargetSurvivorRatio=90 -XX:ThreadStackSize=256 -XX:+UseCMSInitiatingOccupancyOnly -XX:+UseCompressedClassPointers -XX:+UseCompressedOops -XX:+UseConcMarkSweepGC -XX:+UseParNewGC 
2016-12-24T18:58:14.270+0100: 0,139: Total time for which application threads were stopped: 0,0000639 seconds, Stopping threads took: 0,0000089 seconds
2016-12-24T18:58:14.359+0100: 0,229: Total time for which application threads were stopped: 0,0000988 seconds, Stopping threads took: 0,0000163 seconds
2016-12-24T18:58:14.379+0100: 0,249: Total time for which application threads were stopped: 0,0000869 seconds, Stopping threads took: 0,0000110 seconds
2016-12-24T18:58:14.562+0100: 0,432: Total time for which application threads were stopped: 0,0001999 seconds, Stopping threads took: 0,0000487 seconds
2016-12-24T18:58:15.018+0100: 0,887: Total time for which application threads were stopped: 0,0001810 seconds, Stopping threads took: 0,0000241 seconds
2016-12-24T18:58:15.165+0100: 1,035: Total time for which application threads were stopped: 0,0001941 seconds, Stopping threads took: 0,0000240 seconds
2016-12-24T18:58:15.207+0100: 1,077: Total time for which application threads were stopped: 0,0001820 seconds, Stopping threads took: 0,0000334 seconds
2016-12-24T18:58:15.524+0100: 1,394: Total time for which application threads were stopped: 0,0001623 seconds, Stopping threads took: 0,0000203 seconds
2016-12-24T18:58:15.741+0100: 1,610: Total time for which application threads were stopped: 0,0002132 seconds, Stopping threads took: 0,0000353 seconds
2016-12-24T18:58:15.771+0100: 1,641: Total time for which application threads were stopped: 0,0012475 seconds, Stopping threads took: 0,0000940 seconds
2016-12-24T18:58:15.772+0100: 1,642: Total time for which application threads were stopped: 0,0001838 seconds, Stopping threads took: 0,0000189 seconds
2016-12-24T18:58:15.785+0100: 1,655: Total time for which application threads were stopped: 0,0005768 seconds, Stopping threads took: 0,0002568 seconds
2016-12-24T18:58:15.876+0100: 1,745: Total time for which application threads were stopped: 0,0002265 seconds, Stopping threads took: 0,0000223 seconds
2016-12-24T18:58:16.022+0100: 1,892: Total time for which application threads were stopped: 0,0003990 seconds, Stopping threads took: 0,0001942 seconds
{Heap before GC invocations=0 (full 0):
 par new generation   total 109248K, used 87424K [0x00000000e0000000, 0x00000000e8000000, 0x00000000e8000000)
  eden space 87424K, 100% used [0x00000000e0000000, 0x00000000e5560000, 0x00000000e5560000)
  from space 21824K,   0% used [0x00000000e5560000, 0x00000000e5560000, 0x00000000e6ab0000)
  to   space 21824K,   0% used [0x00000000e6ab0000, 0x00000000e6ab0000, 0x00000000e8000000)
 concurrent mark-sweep generation total 393216K, used 0K [0x00000000e8000000, 0x0000000100000000, 0x0000000100000000)
 Metaspace       used 18127K, capacity 18430K, committed 18560K, reserved 1064960K
  class space    used 2054K, capacity 2162K, committed 2176K, reserved 1048576K
2016-12-24T18:58:16.130+0100: 1,999: [GC (Allocation Failure) 2016-12-24T18:58:16.130+0100: 2,000: [ParNew
Desired survivor size 20112992 bytes, new threshold 8 (max 8)
- age   1:   12323344 bytes,   12323344 total
: 87424K->12143K(109248K), 0,0158556 secs] 87424K->12143K(502464K), 0,0159452 secs] [Times: user=0,02 sys=0,04, real=0,01 secs] 
Heap after GC invocations=1 (full 0):
 par new generation   total 109248K, used 12143K [0x00000000e0000000, 0x00000000e8000000, 0x00000000e8000000)
  eden space 87424K,   0% used [0x00000000e0000000, 0x00000000e0000000, 0x00000000e5560000)
  from space 21824K,  55% used [0x00000000e6ab0000, 0x00000000e768bfa8, 0x00000000e8000000)
  to   space 21824K,   0% used [0x00000000e5560000, 0x00000000e5560000, 0x00000000e6ab0000)
 concurrent mark-sweep generation total 393216K, used 0K [0x00000000e8000000, 0x0000000100000000, 0x0000000100000000)
 Metaspace       used 18127K, capacity 18430K, committed 18560K, reserved 1064960K
  class space    used 2054K, capacity 2162K, committed 2176K, reserved 1048576K
}
2016-12-24T18:58:16.146+0100: 2,015: Total time for which application threads were stopped: 0,0161292 seconds, Stopping threads took: 0,0000261 seconds
2016-12-24T18:58:16.314+0100: 2,184: Total time for which application threads were stopped: 0,0003096 seconds, Stopping threads took: 0,0000389 seconds
2016-12-24T18:58:16.351+0100: 2,220: Total time for which application threads were stopped: 0,0002962 seconds, Stopping threads took: 0,0000236 seconds
2016-12-24T18:58:16.381+0100: 2,251: Total time for which application threads were stopped: 0,0002718 seconds, Stopping threads took: 0,0000240 seconds
{Heap before GC invocations=1 (full 0):
 par new generation   total 109248K, used 99567K [0x00000000e0000000, 0x00000000e8000000, 0x00000000e8000000)
  eden space 87424K, 100% used [0x00000000e0000000, 0x00000000e5560000, 0x00000000e5560000)
  from space 21824K,  55% used [0x00000000e6ab0000, 0x00000000e768bfa8, 0x00000000e8000000)
  to   space 21824K,   0% used [0x00000000e5560000, 0x00000000e5560000, 0x00000000e6ab0000)
 concurrent mark-sweep generation total 393216K, used 0K [0x00000000e8000000, 0x0000000100000000, 0x0000000100000000)
 Metaspace       used 20744K, capacity 21080K, committed 21248K, reserved 1069056K
  class space    used 2403K, capacity 2518K, committed 2560K, reserved 1048576K
2016-12-24T18:58:16.548+0100: 2,417: [GC (Allocation Failure) 2016-12-24T18:58:16.548+0100: 2,418: [ParNew
Desired survivor size 20112992 bytes, new threshold 8 (max 8)
- age   1:    3351120 bytes,    3351120 total
- age   2:    6101608 bytes,    9452728 total
: 99567K->13121K(109248K), 0,0152056 secs] 99567K->13121K(502464K), 0,0152782 secs] [Times: user=0,06 sys=0,00, real=0,01 secs] 
Heap after GC invocations=2 (full 0):
 par new generation   total 109248K, used 13121K [0x00000000e0000000, 0x00000000e8000000, 0x00000000e8000000)
  eden space 87424K,   0% used [0x00000000e0000000, 0x00000000e0000000, 0x00000000e5560000)
  from space 21824K,  60% used [0x00000000e5560000, 0x00000000e6230670, 0x00000000e6ab0000)
  to   space 21824K,   0% used [0x00000000e6ab0000, 0x00000000e6ab0000, 0x00000000e8000000)
 concurrent mark-sweep generation total 393216K, used 0K [0x00000000e8000000, 0x0000000100000000, 0x0000000100000000)
 Metaspace       used 20744K, capacity 21080K, committed 21248K, reserved 1069056K
  class space    used 2403K, capacity 2518K, committed 2560K, reserved 1048576K
}
2016-12-24T18:58:16.563+0100: 2,433: Total time for which application threads were stopped: 0,0154674 seconds, Stopping threads took: 0,0000231 seconds
2016-12-24T18:58:16.612+0100: 2,482: Total time for which application threads were stopped: 0,0001148 seconds, Stopping threads took: 0,0000244 seconds
2016-12-24T18:58:16.658+0100: 2,528: Total time for which application threads were stopped: 0,0000973 seconds, Stopping threads took: 0,0000220 seconds
2016-12-24T18:58:16.659+0100: 2,528: Total time for which application threads were stopped: 0,0002484 seconds, Stopping threads took: 0,0000196 seconds
2016-12-24T18:58:16.683+0100: 2,553: Total time for which application threads were stopped: 0,0000808 seconds, Stopping threads took: 0,0000213 seconds
2016-12-24T18:58:16.756+0100: 2,626: Total time for which application threads were stopped: 0,0001566 seconds, Stopping threads took: 0,0000449 seconds
2016-12-24T18:58:16.785+0100: 2,655: Total time for which application threads were stopped: 0,0001171 seconds, Stopping threads took: 0,0000354 seconds
2016-12-24T18:58:16.793+0100: 2,662: Total time for which application threads were stopped: 0,0002744 seconds, Stopping threads took: 0,0000232 seconds
2016-12-24T18:58:16.800+0100: 2,670: Total time for which application threads were stopped: 0,0000741 seconds, Stopping threads took: 0,0000158 seconds
2016-12-24T18:58:16.801+0100: 2,671: Total time for which application threads were stopped: 0,0002610 seconds, Stopping threads took: 0,0000117 seconds
2016-12-24T18:58:16.845+0100: 2,715: Total time for which application threads were stopped: 0,0000773 seconds, Stopping threads took: 0,0000251 seconds
2016-12-24T18:58:16.862+0100: 2,731: Total time for which application threads were stopped: 0,0000867 seconds, Stopping threads took: 0,0000182 seconds
2016-12-24T18:58:16.880+0100: 2,750: Total time for which application threads were stopped: 0,0000847 seconds, Stopping threads took: 0,0000254 seconds
2016-12-24T18:58:16.897+0100: 2,767: Total time for which application threads were stopped: 0,0000730 seconds, Stopping threads took: 0,0000132 seconds
2016-12-24T18:58:16.921+0100: 2,790: Total time for which application threads were stopped: 0,0000855 seconds, Stopping threads took: 0,0000221 seconds
2016-12-24T18:58:16.975+0100: 2,845: Total time for which application threads were stopped: 0,0001222 seconds, Stopping threads took: 0,0000414 seconds
2016-12-24T18:58:17.005+0100: 2,875: Total time for which application threads were stopped: 0,0001441 seconds, Stopping threads took: 0,0000310 seconds
{Heap before GC invocations=2 (full 0):
 par new generation   total 109248K, used 100545K [0x00000000e0000000, 0x00000000e8000000, 0x00000000e8000000)
  eden space 87424K, 100% used [0x00000000e0000000, 0x00000000e5560000, 0x00000000e5560000)
  from space 21824K,  60% used [0x00000000e5560000, 0x00000000e6230670, 0x00000000e6ab0000)
  to   space 21824K,   0% used [0x00000000e6ab0000, 0x00000000e6ab0000, 0x00000000e8000000)
 concurrent mark-sweep generation total 393216K, used 0K [0x00000000e8000000, 0x0000000100000000, 0x0000000100000000)
 Metaspace       used 24826K, capacity 25156K, committed 25536K, reserved 1071104K
  class space    used 2894K, capacity 3024K, committed 3144K, reserved 1048576K
2016-12-24T18:58:17.023+0100: 2,892: [GC (Allocation Failure) 2016-12-24T18:58:17.023+0100: 2,893: [ParNew
Desired survivor size 20112992 bytes, new threshold 8 (max 8)
- age   1:    4850064 bytes,    4850064 total
- age   2:     540976 bytes,    5391040 total
- age   3:    6084880 bytes,   11475920 total
: 100545K->14674K(109248K), 0,0097289 secs] 100545K->14674K(502464K), 0,0098027 secs] [Times: user=0,03 sys=0,00, real=0,01 secs] 
Heap after GC invocations=3 (full 0):
 par new generation   total 109248K, used 14674K [0x00000000e0000000, 0x00000000e8000000, 0x00000000e8000000)
  eden space 87424K,   0% used [0x00000000e0000000, 0x00000000e0000000, 0x00000000e5560000)
  from space 21824K,  67% used [0x00000000e6ab0000, 0x00000000e7904a10, 0x00000000e8000000)
  to   space 21824K,   0% used [0x00000000e5560000, 0x00000000e5560000, 0x00000000e6ab0000)
 concurrent mark-sweep generation total 393216K, used 0K [0x00000000e8000000, 0x0000000100000000, 0x0000000100000000)
 Metaspace       used 24826K, capacity 25156K, committed 25536K, reserved 1071104K
  class space    used 2894K, capacity 3024K, committed 3144K, reserved 1048576K
}
2016-12-24T18:58:17.033+0100: 2,902: Total time for which application threads were stopped: 0,0099444 seconds, Stopping threads took: 0,0000223 seconds
2016-12-24T18:58:17.034+0100: 2,904: [GC (CMS Initial Mark) [1 CMS-initial-mark: 0K(393216K)] 16316K(502464K), 0,0047075 secs] [Times: user=0,01 sys=0,00, real=0,00 secs] 
2016-12-24T18:58:17.039+0100: 2,909: Total time for which application threads were stopped: 0,0048573 seconds, Stopping threads took: 0,0000511 seconds
2016-12-24T18:58:17.039+0100: 2,909: [CMS-concurrent-mark-start]
2016-12-24T18:58:17.040+0100: 2,909: [CMS-concurrent-mark: 0,000/0,000 secs] [Times: user=0,00 sys=0,00, real=0,00 secs] 
2016-12-24T18:58:17.040+0100: 2,909: [CMS-concurrent-preclean-start]
2016-12-24T18:58:17.041+0100: 2,911: [CMS-concurrent-preclean: 0,001/0,001 secs] [Times: user=0,01 sys=0,00, real=0,00 secs] 
2016-12-24T18:58:17.041+0100: 2,911: [GC (CMS Final Remark) [YG occupancy: 16346 K (109248 K)]{Heap before GC invocations=3 (full 1):
 par new generation   total 109248K, used 16346K [0x00000000e0000000, 0x00000000e8000000, 0x00000000e8000000)
  eden space 87424K,   1% used [0x00000000e0000000, 0x00000000e01a2028, 0x00000000e5560000)
  from space 21824K,  67% used [0x00000000e6ab0000, 0x00000000e7904a10, 0x00000000e8000000)
  to   space 21824K,   0% used [0x00000000e5560000, 0x00000000e5560000, 0x00000000e6ab0000)
 concurrent mark-sweep generation total 393216K, used 0K [0x00000000e8000000, 0x0000000100000000, 0x0000000100000000)
 Metaspace       used 24826K, capacity 25156K, committed 25536K, reserved 1071104K
  class space    used 2894K, capacity 3024K, committed 3144K, reserved 1048576K
2016-12-24T18:58:17.041+0100: 2,911: [GC (CMS Final Remark) 2016-12-24T18:58:17.041+0100: 2,911: [ParNew
Desired survivor size 20112992 bytes, new threshold 8 (max 8)
- age   1:    1712144 bytes,    1712144 total
- age   2:    1313928 bytes,    3026072 total
- age   3:     540856 bytes,    3566928 total
- age   4:    6083312 bytes,    9650240 total
: 16346K->12457K(109248K), 0,0179345 secs] 16346K->12457K(502464K), 0,0179719 secs] [Times: user=0,06 sys=0,00, real=0,02 secs] 
Heap after GC invocations=4 (full 1):
 par new generation   total 109248K, used 12457K [0x00000000e0000000, 0x00000000e8000000, 0x00000000e8000000)
  eden space 87424K,   0% used [0x00000000e0000000, 0x00000000e0000000, 0x00000000e5560000)
  from space 21824K,  57% used [0x00000000e5560000, 0x00000000e618a558, 0x00000000e6ab0000)
  to   space 21824K,   0% used [0x00000000e6ab0000, 0x00000000e6ab0000, 0x00000000e8000000)
 concurrent mark-sweep generation total 393216K, used 0K [0x00000000e8000000, 0x0000000100000000, 0x0000000100000000)
 Metaspace       used 24826K, capacity 25156K, committed 25536K, reserved 1071104K
  class space    used 2894K, capacity 3024K, committed 3144K, reserved 1048576K
}
2016-12-24T18:58:17.059+0100: 2,929: [Rescan (parallel) , 0,0032082 secs]2016-12-24T18:58:17.062+0100: 2,932: [weak refs processing, 0,0007889 secs]2016-12-24T18:58:17.063+0100: 2,933: [class unloading, 0,0031286 secs]2016-12-24T18:58:17.066+0100: 2,936: [scrub symbol table, 0,0032081 secs]2016-12-24T18:58:17.069+0100: 2,939: [scrub string table, 0,0003691 secs][1 CMS-remark: 0K(393216K)] 12457K(502464K), 0,0294190 secs] [Times: user=0,08 sys=0,00, real=0,03 secs] 
2016-12-24T18:58:17.071+0100: 2,940: Total time for which application threads were stopped: 0,0295450 seconds, Stopping threads took: 0,0000525 seconds
2016-12-24T18:58:17.072+0100: 2,942: [CMS-concurrent-sweep-start]
2016-12-24T18:58:17.072+0100: 2,942: [CMS-concurrent-sweep: 0,000/0,000 secs] [Times: user=0,00 sys=0,00, real=0,00 secs] 
2016-12-24T18:58:17.072+0100: 2,942: [CMS-concurrent-reset-start]
2016-12-24T18:58:17.073+0100: 2,943: [CMS-concurrent-reset: 0,001/0,001 secs] [Times: user=0,00 sys=0,00, real=0,00 secs] 
2016-12-24T18:58:17.139+0100: 3,009: Total time for which application threads were stopped: 0,0003275 seconds, Stopping threads took: 0,0000199 seconds
2016-12-24T18:58:18.139+0100: 4,009: Total time for which application threads were stopped: 0,0000925 seconds, Stopping threads took: 0,0000171 seconds
2016-12-24T18:58:18.192+0100: 4,061: Total time for which application threads were stopped: 0,0002516 seconds, Stopping threads took: 0,0000149 seconds
2016-12-24T18:58:45.691+0100: 32,065: Total time for which application threads were stopped: 0,0003795 seconds, Stopping threads took: 0,0000981 seconds
2016-12-24T19:01:00.708+0100: 167,082: Total time for which application threads were stopped: 0,0003358 seconds, Stopping threads took: 0,0001406 seconds
2016-12-24T21:10:57.161+0100: 222,590: Total time for which application threads were stopped: 0,0000734 seconds, Stopping threads took: 0,0000309 seconds
2016-12-24T21:12:02.168+0100: 287,596: Total time for which application threads were stopped: 0,0000822 seconds, Stopping threads took: 0,0000363 seconds
2016-12-24T21:30:56.285+0100: 1421,713: Total time for which application threads were stopped: 0,0002860 seconds, Stopping threads took: 0,0001040 seconds
2016-12-24T21:36:51.318+0100: 1776,747: Total time for which application threads were stopped: 0,0000781 seconds, Stopping threads took: 0,0000343 seconds
2016-12-24T21:38:57.332+0100: 1902,761: Total time for which application threads were stopped: 0,0004475 seconds, Stopping threads took: 0,0001578 seconds
2016-12-24T21:39:36.335+0100: 1941,764: Total time for which application threads were stopped: 0,0000744 seconds, Stopping threads took: 0,0000277 seconds
2016-12-24T21:43:16.356+0100: 2161,785: Total time for which application threads were stopped: 0,0000838 seconds, Stopping threads took: 0,0000312 seconds
2016-12-24T21:46:46.377+0100: 2371,806: Total time for which application threads were stopped: 0,0000887 seconds, Stopping threads took: 0,0000356 seconds
2016-12-24T21:46:47.378+0100: 2372,806: Total time for which application threads were stopped: 0,0001076 seconds, Stopping threads took: 0,0000338 seconds
2016-12-24T21:46:51.378+0100: 2376,807: Total time for which application threads were stopped: 0,0000651 seconds, Stopping threads took: 0,0000154 seconds
2016-12-24T22:08:31.502+0100: 3676,931: Total time for which application threads were stopped: 0,0003583 seconds, Stopping threads took: 0,0001459 seconds
2016-12-24T22:09:16.507+0100: 3721,935: Total time for which application threads were stopped: 0,0003936 seconds, Stopping threads took: 0,0001627 seconds
2016-12-24T22:12:36.527+0100: 3921,956: Total time for which application threads were stopped: 0,0000964 seconds, Stopping threads took: 0,0000344 seconds
2016-12-24T22:14:16.537+0100: 4021,966: Total time for which application threads were stopped: 0,0002833 seconds, Stopping threads took: 0,0001467 seconds
2016-12-24T23:00:51.825+0100: 6817,254: Total time for which application threads were stopped: 0,0003031 seconds, Stopping threads took: 0,0000357 seconds
2016-12-24T23:01:11.828+0100: 6837,257: Total time for which application threads were stopped: 0,0003853 seconds, Stopping threads took: 0,0000991 seconds
2016-12-24T23:12:16.897+0100: 7502,326: Total time for which application threads were stopped: 0,0003215 seconds, Stopping threads took: 0,0001287 seconds
2016-12-24T23:12:46.900+0100: 7532,329: Total time for which application threads were stopped: 0,0003109 seconds, Stopping threads took: 0,0001190 seconds
2016-12-24T23:14:06.909+0100: 7612,338: Total time for which application threads were stopped: 0,0000775 seconds, Stopping threads took: 0,0000321 seconds
2016-12-24T23:15:16.916+0100: 7682,345: Total time for which application threads were stopped: 0,0000829 seconds, Stopping threads took: 0,0000352 seconds
2016-12-24T23:15:46.920+0100: 7712,348: Total time for which application threads were stopped: 0,0000868 seconds, Stopping threads took: 0,0000360 seconds
2016-12-25T00:07:30.421+0100: 10815,850: Total time for which application threads were stopped: 0,0001350 seconds, Stopping threads took: 0,0000231 seconds
Heap
 par new generation   total 109248K, used 57412K [0x00000000e0000000, 0x00000000e8000000, 0x00000000e8000000)
  eden space 87424K,  51% used [0x00000000e0000000, 0x00000000e2be6dd0, 0x00000000e5560000)
  from space 21824K,  57% used [0x00000000e5560000, 0x00000000e618a558, 0x00000000e6ab0000)
  to   space 21824K,   0% used [0x00000000e6ab0000, 0x00000000e6ab0000, 0x00000000e8000000)
 concurrent mark-sweep generation total 393216K, used 0K [0x00000000e8000000, 0x0000000100000000, 0x0000000100000000)
 Metaspace       used 27291K, capacity 27724K, committed 27972K, reserved 1073152K
  class space    used 3167K, capacity 3320K, committed 3400K, reserved 1048576K
