OpenJDK 64-Bit Server VM (25.131-b11) for linux-amd64 JRE (1.8.0_131-8u131-b11-2ubuntu1.16.04.3-b11), built on Jul 28 2017 01:23:32 by "buildd" with gcc 5.4.0 20160609
Memory: 4k page, physical 7867732k(7467196k free), swap 8076284k(8076284k free)
CommandLine flags: -XX:CMSInitiatingOccupancyFraction=50 -XX:CMSMaxAbortablePrecleanTime=6000 -XX:+CMSParallelRemarkEnabled -XX:+CMSScavengeBeforeRemark -XX:ConcGCThreads=4 -XX:InitialHeapSize=536870912 -XX:MaxHeapSize=536870912 -XX:MaxTenuringThreshold=8 -XX:NewRatio=3 -XX:OldPLABSize=16 -XX:OnOutOfMemoryError=/opt/solr/bin/oom_solr.sh 8983 /var/solr/logs -XX:ParallelGCThreads=4 -XX:+ParallelRefProcEnabled -XX:PretenureSizeThreshold=67108864 -XX:+PrintGC -XX:+PrintGCApplicationStoppedTime -XX:+PrintGCDateStamps -XX:+PrintGCDetails -XX:+PrintGCTimeStamps -XX:+PrintHeapAtGC -XX:+PrintTenuringDistribution -XX:SurvivorRatio=4 -XX:TargetSurvivorRatio=90 -XX:ThreadStackSize=256 -XX:+UseCMSInitiatingOccupancyOnly -XX:+UseCompressedClassPointers -XX:+UseCompressedOops -XX:+UseConcMarkSweepGC -XX:+UseParNewGC 
2017-08-10T13:33:34.104+0200: 0,204: Total time for which application threads were stopped: 0,0000892 seconds, Stopping threads took: 0,0000111 seconds
2017-08-10T13:33:34.216+0200: 0,316: Total time for which application threads were stopped: 0,0000966 seconds, Stopping threads took: 0,0000118 seconds
2017-08-10T13:33:34.287+0200: 0,386: Total time for which application threads were stopped: 0,0001042 seconds, Stopping threads took: 0,0000159 seconds
2017-08-10T13:33:34.731+0200: 0,831: Total time for which application threads were stopped: 0,0001392 seconds, Stopping threads took: 0,0000118 seconds
2017-08-10T13:33:35.111+0200: 1,211: Total time for which application threads were stopped: 0,0001309 seconds, Stopping threads took: 0,0000320 seconds
2017-08-10T13:33:35.173+0200: 1,273: Total time for which application threads were stopped: 0,0008101 seconds, Stopping threads took: 0,0000908 seconds
2017-08-10T13:33:35.191+0200: 1,291: Total time for which application threads were stopped: 0,0001790 seconds, Stopping threads took: 0,0000224 seconds
2017-08-10T13:33:35.464+0200: 1,564: Total time for which application threads were stopped: 0,0001697 seconds, Stopping threads took: 0,0000219 seconds
2017-08-10T13:33:35.713+0200: 1,813: Total time for which application threads were stopped: 0,0002017 seconds, Stopping threads took: 0,0000234 seconds
2017-08-10T13:33:35.736+0200: 1,836: Total time for which application threads were stopped: 0,0002100 seconds, Stopping threads took: 0,0000136 seconds
2017-08-10T13:33:35.775+0200: 1,875: Total time for which application threads were stopped: 0,0006267 seconds, Stopping threads took: 0,0000333 seconds
2017-08-10T13:33:35.778+0200: 1,878: Total time for which application threads were stopped: 0,0002196 seconds, Stopping threads took: 0,0000269 seconds
2017-08-10T13:33:35.800+0200: 1,900: Total time for which application threads were stopped: 0,0001812 seconds, Stopping threads took: 0,0000169 seconds
2017-08-10T13:33:35.875+0200: 1,974: Total time for which application threads were stopped: 0,0002196 seconds, Stopping threads took: 0,0000253 seconds
2017-08-10T13:33:36.050+0200: 2,150: Total time for which application threads were stopped: 0,0002838 seconds, Stopping threads took: 0,0000547 seconds
{Heap before GC invocations=0 (full 0):
 par new generation   total 109248K, used 87424K [0x00000000e0000000, 0x00000000e8000000, 0x00000000e8000000)
  eden space 87424K, 100% used [0x00000000e0000000, 0x00000000e5560000, 0x00000000e5560000)
  from space 21824K,   0% used [0x00000000e5560000, 0x00000000e5560000, 0x00000000e6ab0000)
  to   space 21824K,   0% used [0x00000000e6ab0000, 0x00000000e6ab0000, 0x00000000e8000000)
 concurrent mark-sweep generation total 393216K, used 0K [0x00000000e8000000, 0x0000000100000000, 0x0000000100000000)
 Metaspace       used 17810K, capacity 18112K, committed 18304K, reserved 1064960K
  class space    used 2024K, capacity 2164K, committed 2176K, reserved 1048576K
2017-08-10T13:33:36.081+0200: 2,181: [GC (Allocation Failure) 2017-08-10T13:33:36.081+0200: 2,181: [ParNew
Desired survivor size 20112992 bytes, new threshold 8 (max 8)
- age   1:   11464168 bytes,   11464168 total
: 87424K->11304K(109248K), 0,0146688 secs] 87424K->11304K(502464K), 0,0147459 secs] [Times: user=0,03 sys=0,02, real=0,01 secs] 
Heap after GC invocations=1 (full 0):
 par new generation   total 109248K, used 11304K [0x00000000e0000000, 0x00000000e8000000, 0x00000000e8000000)
  eden space 87424K,   0% used [0x00000000e0000000, 0x00000000e0000000, 0x00000000e5560000)
  from space 21824K,  51% used [0x00000000e6ab0000, 0x00000000e75ba200, 0x00000000e8000000)
  to   space 21824K,   0% used [0x00000000e5560000, 0x00000000e5560000, 0x00000000e6ab0000)
 concurrent mark-sweep generation total 393216K, used 0K [0x00000000e8000000, 0x0000000100000000, 0x0000000100000000)
 Metaspace       used 17810K, capacity 18112K, committed 18304K, reserved 1064960K
  class space    used 2024K, capacity 2164K, committed 2176K, reserved 1048576K
}
2017-08-10T13:33:36.096+0200: 2,196: Total time for which application threads were stopped: 0,0150680 seconds, Stopping threads took: 0,0001541 seconds
2017-08-10T13:33:36.497+0200: 2,597: Total time for which application threads were stopped: 0,0004113 seconds, Stopping threads took: 0,0000302 seconds
{Heap before GC invocations=1 (full 0):
 par new generation   total 109248K, used 98728K [0x00000000e0000000, 0x00000000e8000000, 0x00000000e8000000)
  eden space 87424K, 100% used [0x00000000e0000000, 0x00000000e5560000, 0x00000000e5560000)
  from space 21824K,  51% used [0x00000000e6ab0000, 0x00000000e75ba200, 0x00000000e8000000)
  to   space 21824K,   0% used [0x00000000e5560000, 0x00000000e5560000, 0x00000000e6ab0000)
 concurrent mark-sweep generation total 393216K, used 0K [0x00000000e8000000, 0x0000000100000000, 0x0000000100000000)
 Metaspace       used 20054K, capacity 20362K, committed 20736K, reserved 1067008K
  class space    used 2294K, capacity 2469K, committed 2560K, reserved 1048576K
2017-08-10T13:33:36.533+0200: 2,633: [GC (Allocation Failure) 2017-08-10T13:33:36.533+0200: 2,633: [ParNew
Desired survivor size 20112992 bytes, new threshold 8 (max 8)
- age   1:    4518376 bytes,    4518376 total
- age   2:    6035936 bytes,   10554312 total
: 98728K->14326K(109248K), 0,0113382 secs] 98728K->14326K(502464K), 0,0114131 secs] [Times: user=0,04 sys=0,00, real=0,01 secs] 
Heap after GC invocations=2 (full 0):
 par new generation   total 109248K, used 14326K [0x00000000e0000000, 0x00000000e8000000, 0x00000000e8000000)
  eden space 87424K,   0% used [0x00000000e0000000, 0x00000000e0000000, 0x00000000e5560000)
  from space 21824K,  65% used [0x00000000e5560000, 0x00000000e635d800, 0x00000000e6ab0000)
  to   space 21824K,   0% used [0x00000000e6ab0000, 0x00000000e6ab0000, 0x00000000e8000000)
 concurrent mark-sweep generation total 393216K, used 0K [0x00000000e8000000, 0x0000000100000000, 0x0000000100000000)
 Metaspace       used 20054K, capacity 20362K, committed 20736K, reserved 1067008K
  class space    used 2294K, capacity 2469K, committed 2560K, reserved 1048576K
}
2017-08-10T13:33:36.545+0200: 2,645: Total time for which application threads were stopped: 0,0156636 seconds, Stopping threads took: 0,0041044 seconds
2017-08-10T13:33:36.553+0200: 2,653: Total time for which application threads were stopped: 0,0003260 seconds, Stopping threads took: 0,0000459 seconds
2017-08-10T13:33:36.585+0200: 2,685: Total time for which application threads were stopped: 0,0003157 seconds, Stopping threads took: 0,0000596 seconds
2017-08-10T13:33:36.716+0200: 2,816: Total time for which application threads were stopped: 0,0028707 seconds, Stopping threads took: 0,0027382 seconds
{Heap before GC invocations=2 (full 0):
 par new generation   total 109248K, used 101750K [0x00000000e0000000, 0x00000000e8000000, 0x00000000e8000000)
  eden space 87424K, 100% used [0x00000000e0000000, 0x00000000e5560000, 0x00000000e5560000)
  from space 21824K,  65% used [0x00000000e5560000, 0x00000000e635d800, 0x00000000e6ab0000)
  to   space 21824K,   0% used [0x00000000e6ab0000, 0x00000000e6ab0000, 0x00000000e8000000)
 concurrent mark-sweep generation total 393216K, used 0K [0x00000000e8000000, 0x0000000100000000, 0x0000000100000000)
 Metaspace       used 20974K, capacity 21284K, committed 21628K, reserved 1069056K
  class space    used 2415K, capacity 2588K, committed 2684K, reserved 1048576K
2017-08-10T13:33:36.749+0200: 2,848: [GC (Allocation Failure) 2017-08-10T13:33:36.749+0200: 2,848: [ParNew
Desired survivor size 20112992 bytes, new threshold 8 (max 8)
- age   1:    2009896 bytes,    2009896 total
- age   2:    1480792 bytes,    3490688 total
- age   3:    6034544 bytes,    9525232 total
: 101750K->11311K(109248K), 0,0098290 secs] 101750K->11311K(502464K), 0,0099232 secs] [Times: user=0,03 sys=0,01, real=0,01 secs] 
Heap after GC invocations=3 (full 0):
 par new generation   total 109248K, used 11311K [0x00000000e0000000, 0x00000000e8000000, 0x00000000e8000000)
  eden space 87424K,   0% used [0x00000000e0000000, 0x00000000e0000000, 0x00000000e5560000)
  from space 21824K,  51% used [0x00000000e6ab0000, 0x00000000e75bbf00, 0x00000000e8000000)
  to   space 21824K,   0% used [0x00000000e5560000, 0x00000000e5560000, 0x00000000e6ab0000)
 concurrent mark-sweep generation total 393216K, used 0K [0x00000000e8000000, 0x0000000100000000, 0x0000000100000000)
 Metaspace       used 20974K, capacity 21284K, committed 21628K, reserved 1069056K
  class space    used 2415K, capacity 2588K, committed 2684K, reserved 1048576K
}
2017-08-10T13:33:36.759+0200: 2,858: Total time for which application threads were stopped: 0,0101455 seconds, Stopping threads took: 0,0000658 seconds
2017-08-10T13:33:36.761+0200: 2,861: [GC (CMS Initial Mark) [1 CMS-initial-mark: 0K(393216K)] 12035K(502464K), 0,0044287 secs] [Times: user=0,01 sys=0,00, real=0,00 secs] 
2017-08-10T13:33:36.766+0200: 2,866: Total time for which application threads were stopped: 0,0046191 seconds, Stopping threads took: 0,0000812 seconds
2017-08-10T13:33:36.766+0200: 2,866: [CMS-concurrent-mark-start]
2017-08-10T13:33:36.767+0200: 2,867: [CMS-concurrent-mark: 0,001/0,001 secs] [Times: user=0,01 sys=0,00, real=0,00 secs] 
2017-08-10T13:33:36.767+0200: 2,867: [CMS-concurrent-preclean-start]
2017-08-10T13:33:36.768+0200: 2,868: [CMS-concurrent-preclean: 0,001/0,001 secs] [Times: user=0,01 sys=0,00, real=0,00 secs] 
2017-08-10T13:33:36.768+0200: 2,868: [GC (CMS Final Remark) [YG occupancy: 12716 K (109248 K)]{Heap before GC invocations=3 (full 1):
 par new generation   total 109248K, used 12716K [0x00000000e0000000, 0x00000000e8000000, 0x00000000e8000000)
  eden space 87424K,   1% used [0x00000000e0000000, 0x00000000e015f388, 0x00000000e5560000)
  from space 21824K,  51% used [0x00000000e6ab0000, 0x00000000e75bbf00, 0x00000000e8000000)
  to   space 21824K,   0% used [0x00000000e5560000, 0x00000000e5560000, 0x00000000e6ab0000)
 concurrent mark-sweep generation total 393216K, used 0K [0x00000000e8000000, 0x0000000100000000, 0x0000000100000000)
 Metaspace       used 20975K, capacity 21284K, committed 21628K, reserved 1069056K
  class space    used 2415K, capacity 2588K, committed 2684K, reserved 1048576K
2017-08-10T13:33:36.768+0200: 2,868: [GC (CMS Final Remark) 2017-08-10T13:33:36.768+0200: 2,868: [ParNew
Desired survivor size 20112992 bytes, new threshold 8 (max 8)
- age   1:      17688 bytes,      17688 total
- age   2:    2009136 bytes,    2026824 total
- age   3:    1480792 bytes,    3507616 total
- age   4:    6034312 bytes,    9541928 total
: 12716K->12585K(109248K), 0,0108281 secs] 12716K->12585K(502464K), 0,0108711 secs] [Times: user=0,03 sys=0,00, real=0,01 secs] 
Heap after GC invocations=4 (full 1):
 par new generation   total 109248K, used 12585K [0x00000000e0000000, 0x00000000e8000000, 0x00000000e8000000)
  eden space 87424K,   0% used [0x00000000e0000000, 0x00000000e0000000, 0x00000000e5560000)
  from space 21824K,  57% used [0x00000000e5560000, 0x00000000e61aa580, 0x00000000e6ab0000)
  to   space 21824K,   0% used [0x00000000e6ab0000, 0x00000000e6ab0000, 0x00000000e8000000)
 concurrent mark-sweep generation total 393216K, used 0K [0x00000000e8000000, 0x0000000100000000, 0x0000000100000000)
 Metaspace       used 20975K, capacity 21284K, committed 21628K, reserved 1069056K
  class space    used 2415K, capacity 2588K, committed 2684K, reserved 1048576K
}
2017-08-10T13:33:36.779+0200: 2,879: [Rescan (parallel) , 0,0034509 secs]2017-08-10T13:33:36.783+0200: 2,882: [weak refs processing, 0,0005920 secs]2017-08-10T13:33:36.783+0200: 2,883: [class unloading, 0,0026715 secs]2017-08-10T13:33:36.786+0200: 2,886: [scrub symbol table, 0,0028690 secs]2017-08-10T13:33:36.789+0200: 2,889: [scrub string table, 0,0003608 secs][1 CMS-remark: 0K(393216K)] 12585K(502464K), 0,0214634 secs] [Times: user=0,05 sys=0,00, real=0,03 secs] 
2017-08-10T13:33:36.790+0200: 2,889: Total time for which application threads were stopped: 0,0215746 seconds, Stopping threads took: 0,0000260 seconds
2017-08-10T13:33:36.790+0200: 2,889: [CMS-concurrent-sweep-start]
2017-08-10T13:33:36.790+0200: 2,890: [CMS-concurrent-sweep: 0,000/0,000 secs] [Times: user=0,00 sys=0,00, real=0,00 secs] 
2017-08-10T13:33:36.790+0200: 2,890: [CMS-concurrent-reset-start]
2017-08-10T13:33:36.792+0200: 2,891: [CMS-concurrent-reset: 0,002/0,002 secs] [Times: user=0,01 sys=0,00, real=0,00 secs] 
{Heap before GC invocations=4 (full 1):
 par new generation   total 109248K, used 100009K [0x00000000e0000000, 0x00000000e8000000, 0x00000000e8000000)
  eden space 87424K, 100% used [0x00000000e0000000, 0x00000000e5560000, 0x00000000e5560000)
  from space 21824K,  57% used [0x00000000e5560000, 0x00000000e61aa580, 0x00000000e6ab0000)
  to   space 21824K,   0% used [0x00000000e6ab0000, 0x00000000e6ab0000, 0x00000000e8000000)
 concurrent mark-sweep generation total 393216K, used 0K [0x00000000e8000000, 0x0000000100000000, 0x0000000100000000)
 Metaspace       used 21239K, capacity 21642K, committed 21884K, reserved 1069056K
  class space    used 2447K, capacity 2606K, committed 2684K, reserved 1048576K
2017-08-10T13:33:36.897+0200: 2,997: [GC (Allocation Failure) 2017-08-10T13:33:36.897+0200: 2,997: [ParNew
Desired survivor size 20112992 bytes, new threshold 8 (max 8)
- age   1:     800896 bytes,     800896 total
- age   2:        152 bytes,     801048 total
- age   3:    1474512 bytes,    2275560 total
- age   4:    1447936 bytes,    3723496 total
- age   5:    6034416 bytes,    9757912 total
: 100009K->12581K(109248K), 0,0094745 secs] 100009K->12581K(502464K), 0,0095418 secs] [Times: user=0,04 sys=0,00, real=0,01 secs] 
Heap after GC invocations=5 (full 1):
 par new generation   total 109248K, used 12581K [0x00000000e0000000, 0x00000000e8000000, 0x00000000e8000000)
  eden space 87424K,   0% used [0x00000000e0000000, 0x00000000e0000000, 0x00000000e5560000)
  from space 21824K,  57% used [0x00000000e6ab0000, 0x00000000e76f9728, 0x00000000e8000000)
  to   space 21824K,   0% used [0x00000000e5560000, 0x00000000e5560000, 0x00000000e6ab0000)
 concurrent mark-sweep generation total 393216K, used 0K [0x00000000e8000000, 0x0000000100000000, 0x0000000100000000)
 Metaspace       used 21239K, capacity 21642K, committed 21884K, reserved 1069056K
  class space    used 2447K, capacity 2606K, committed 2684K, reserved 1048576K
}
2017-08-10T13:33:36.907+0200: 3,007: Total time for which application threads were stopped: 0,0098467 seconds, Stopping threads took: 0,0001477 seconds
{Heap before GC invocations=5 (full 1):
 par new generation   total 109248K, used 100005K [0x00000000e0000000, 0x00000000e8000000, 0x00000000e8000000)
  eden space 87424K, 100% used [0x00000000e0000000, 0x00000000e5560000, 0x00000000e5560000)
  from space 21824K,  57% used [0x00000000e6ab0000, 0x00000000e76f9728, 0x00000000e8000000)
  to   space 21824K,   0% used [0x00000000e5560000, 0x00000000e5560000, 0x00000000e6ab0000)
 concurrent mark-sweep generation total 393216K, used 0K [0x00000000e8000000, 0x0000000100000000, 0x0000000100000000)
 Metaspace       used 21407K, capacity 21808K, committed 21884K, reserved 1069056K
  class space    used 2467K, capacity 2639K, committed 2684K, reserved 1048576K
2017-08-10T13:33:37.000+0200: 3,100: [GC (Allocation Failure) 2017-08-10T13:33:37.000+0200: 3,100: [ParNew
Desired survivor size 20112992 bytes, new threshold 8 (max 8)
- age   1:     891936 bytes,     891936 total
- age   2:     180672 bytes,    1072608 total
- age   3:        152 bytes,    1072760 total
- age   4:    1474312 bytes,    2547072 total
- age   5:    1445952 bytes,    3993024 total
- age   6:    6034432 bytes,   10027456 total
: 100005K->12428K(109248K), 0,0095833 secs] 100005K->12428K(502464K), 0,0096464 secs] [Times: user=0,03 sys=0,00, real=0,02 secs] 
Heap after GC invocations=6 (full 1):
 par new generation   total 109248K, used 12428K [0x00000000e0000000, 0x00000000e8000000, 0x00000000e8000000)
  eden space 87424K,   0% used [0x00000000e0000000, 0x00000000e0000000, 0x00000000e5560000)
  from space 21824K,  56% used [0x00000000e5560000, 0x00000000e61831c0, 0x00000000e6ab0000)
  to   space 21824K,   0% used [0x00000000e6ab0000, 0x00000000e6ab0000, 0x00000000e8000000)
 concurrent mark-sweep generation total 393216K, used 0K [0x00000000e8000000, 0x0000000100000000, 0x0000000100000000)
 Metaspace       used 21407K, capacity 21808K, committed 21884K, reserved 1069056K
  class space    used 2467K, capacity 2639K, committed 2684K, reserved 1048576K
}
2017-08-10T13:33:37.010+0200: 3,109: Total time for which application threads were stopped: 0,0128501 seconds, Stopping threads took: 0,0030588 seconds
2017-08-10T13:33:37.050+0200: 3,150: Total time for which application threads were stopped: 0,0003556 seconds, Stopping threads took: 0,0000342 seconds
2017-08-10T13:33:37.297+0200: 3,397: Total time for which application threads were stopped: 0,0004448 seconds, Stopping threads took: 0,0000386 seconds
2017-08-10T13:33:37.310+0200: 3,410: Total time for which application threads were stopped: 0,0004002 seconds, Stopping threads took: 0,0000445 seconds
2017-08-10T13:33:37.478+0200: 3,578: Total time for which application threads were stopped: 0,0001911 seconds, Stopping threads took: 0,0000665 seconds
{Heap before GC invocations=6 (full 1):
 par new generation   total 109248K, used 99853K [0x00000000e0000000, 0x00000000e8000000, 0x00000000e8000000)
  eden space 87424K, 100% used [0x00000000e0000000, 0x00000000e5560000, 0x00000000e5560000)
  from space 21824K,  56% used [0x00000000e5560000, 0x00000000e61837c0, 0x00000000e6ab0000)
  to   space 21824K,   0% used [0x00000000e6ab0000, 0x00000000e6ab0000, 0x00000000e8000000)
 concurrent mark-sweep generation total 393216K, used 0K [0x00000000e8000000, 0x0000000100000000, 0x0000000100000000)
 Metaspace       used 23899K, capacity 24412K, committed 24572K, reserved 1071104K
  class space    used 2811K, capacity 3015K, committed 3068K, reserved 1048576K
2017-08-10T13:33:37.478+0200: 3,578: [GC (GCLocker Initiated GC) 2017-08-10T13:33:37.478+0200: 3,578: [ParNew
Desired survivor size 20112992 bytes, new threshold 8 (max 8)
- age   1:    5308152 bytes,    5308152 total
- age   2:     114680 bytes,    5422832 total
- age   3:     179224 bytes,    5602056 total
- age   4:        152 bytes,    5602208 total
- age   5:     304480 bytes,    5906688 total
- age   6:    1419624 bytes,    7326312 total
- age   7:    6025888 bytes,   13352200 total
: 99853K->15027K(109248K), 0,0158142 secs] 99853K->15027K(502464K), 0,0158828 secs] [Times: user=0,05 sys=0,00, real=0,02 secs] 
Heap after GC invocations=7 (full 1):
 par new generation   total 109248K, used 15027K [0x00000000e0000000, 0x00000000e8000000, 0x00000000e8000000)
  eden space 87424K,   0% used [0x00000000e0000000, 0x00000000e0000000, 0x00000000e5560000)
  from space 21824K,  68% used [0x00000000e6ab0000, 0x00000000e795cd38, 0x00000000e8000000)
  to   space 21824K,   0% used [0x00000000e5560000, 0x00000000e5560000, 0x00000000e6ab0000)
 concurrent mark-sweep generation total 393216K, used 0K [0x00000000e8000000, 0x0000000100000000, 0x0000000100000000)
 Metaspace       used 23899K, capacity 24412K, committed 24572K, reserved 1071104K
  class space    used 2811K, capacity 3015K, committed 3068K, reserved 1048576K
}
2017-08-10T13:33:37.494+0200: 3,594: Total time for which application threads were stopped: 0,0160553 seconds, Stopping threads took: 0,0000409 seconds
{Heap before GC invocations=7 (full 1):
 par new generation   total 109248K, used 102451K [0x00000000e0000000, 0x00000000e8000000, 0x00000000e8000000)
  eden space 87424K, 100% used [0x00000000e0000000, 0x00000000e5560000, 0x00000000e5560000)
  from space 21824K,  68% used [0x00000000e6ab0000, 0x00000000e795cd38, 0x00000000e8000000)
  to   space 21824K,   0% used [0x00000000e5560000, 0x00000000e5560000, 0x00000000e6ab0000)
 concurrent mark-sweep generation total 393216K, used 0K [0x00000000e8000000, 0x0000000100000000, 0x0000000100000000)
 Metaspace       used 24469K, capacity 24908K, committed 25084K, reserved 1071104K
  class space    used 2863K, capacity 3050K, committed 3068K, reserved 1048576K
2017-08-10T13:33:37.619+0200: 3,718: [GC (Allocation Failure) 2017-08-10T13:33:37.619+0200: 3,719: [ParNew
Desired survivor size 20112992 bytes, new threshold 8 (max 8)
- age   1:    1861560 bytes,    1861560 total
- age   2:    1788312 bytes,    3649872 total
- age   3:      67000 bytes,    3716872 total
- age   4:     100000 bytes,    3816872 total
- age   5:        152 bytes,    3817024 total
- age   6:     201376 bytes,    4018400 total
- age   7:     988520 bytes,    5006920 total
- age   8:    5889080 bytes,   10896000 total
: 102451K->14907K(109248K), 0,0182488 secs] 102451K->14907K(502464K), 0,0183510 secs] [Times: user=0,06 sys=0,00, real=0,02 secs] 
Heap after GC invocations=8 (full 1):
 par new generation   total 109248K, used 14907K [0x00000000e0000000, 0x00000000e8000000, 0x00000000e8000000)
  eden space 87424K,   0% used [0x00000000e0000000, 0x00000000e0000000, 0x00000000e5560000)
  from space 21824K,  68% used [0x00000000e5560000, 0x00000000e63eef18, 0x00000000e6ab0000)
  to   space 21824K,   0% used [0x00000000e6ab0000, 0x00000000e6ab0000, 0x00000000e8000000)
 concurrent mark-sweep generation total 393216K, used 0K [0x00000000e8000000, 0x0000000100000000, 0x0000000100000000)
 Metaspace       used 24469K, capacity 24908K, committed 25084K, reserved 1071104K
  class space    used 2863K, capacity 3050K, committed 3068K, reserved 1048576K
}
2017-08-10T13:33:37.637+0200: 3,737: Total time for which application threads were stopped: 0,0186937 seconds, Stopping threads took: 0,0000826 seconds
{Heap before GC invocations=8 (full 1):
 par new generation   total 109248K, used 102331K [0x00000000e0000000, 0x00000000e8000000, 0x00000000e8000000)
  eden space 87424K, 100% used [0x00000000e0000000, 0x00000000e5560000, 0x00000000e5560000)
  from space 21824K,  68% used [0x00000000e5560000, 0x00000000e63eef18, 0x00000000e6ab0000)
  to   space 21824K,   0% used [0x00000000e6ab0000, 0x00000000e6ab0000, 0x00000000e8000000)
 concurrent mark-sweep generation total 393216K, used 0K [0x00000000e8000000, 0x0000000100000000, 0x0000000100000000)
 Metaspace       used 24861K, capacity 25340K, committed 25468K, reserved 1071104K
  class space    used 2901K, capacity 3085K, committed 3196K, reserved 1048576K
2017-08-10T13:33:37.811+0200: 3,911: [GC (Allocation Failure) 2017-08-10T13:33:37.811+0200: 3,911: [ParNew
Desired survivor size 20112992 bytes, new threshold 8 (max 8)
- age   1:    1165016 bytes,    1165016 total
- age   2:    1021288 bytes,    2186304 total
- age   3:    1763224 bytes,    3949528 total
- age   4:      67000 bytes,    4016528 total
- age   5:      99800 bytes,    4116328 total
- age   6:        152 bytes,    4116480 total
- age   7:     198272 bytes,    4314752 total
- age   8:     987752 bytes,    5302504 total
: 102331K->8714K(109248K), 0,0487059 secs] 102331K->14548K(502464K), 0,0487794 secs] [Times: user=0,10 sys=0,01, real=0,04 secs] 
Heap after GC invocations=9 (full 1):
 par new generation   total 109248K, used 8714K [0x00000000e0000000, 0x00000000e8000000, 0x00000000e8000000)
  eden space 87424K,   0% used [0x00000000e0000000, 0x00000000e0000000, 0x00000000e5560000)
  from space 21824K,  39% used [0x00000000e6ab0000, 0x00000000e7332b10, 0x00000000e8000000)
  to   space 21824K,   0% used [0x00000000e5560000, 0x00000000e5560000, 0x00000000e6ab0000)
 concurrent mark-sweep generation total 393216K, used 5833K [0x00000000e8000000, 0x0000000100000000, 0x0000000100000000)
 Metaspace       used 24861K, capacity 25340K, committed 25468K, reserved 1071104K
  class space    used 2901K, capacity 3085K, committed 3196K, reserved 1048576K
}
2017-08-10T13:33:37.860+0200: 3,960: Total time for which application threads were stopped: 0,0498904 seconds, Stopping threads took: 0,0009335 seconds
2017-08-10T13:33:37.954+0200: 4,053: Total time for which application threads were stopped: 0,0012324 seconds, Stopping threads took: 0,0008628 seconds
2017-08-10T13:33:38.013+0200: 4,113: Total time for which application threads were stopped: 0,0001190 seconds, Stopping threads took: 0,0000425 seconds
2017-08-10T13:33:38.027+0200: 4,127: Total time for which application threads were stopped: 0,0001111 seconds, Stopping threads took: 0,0000363 seconds
2017-08-10T13:33:38.028+0200: 4,128: Total time for which application threads were stopped: 0,0001287 seconds, Stopping threads took: 0,0000847 seconds
2017-08-10T13:33:38.029+0200: 4,129: Total time for which application threads were stopped: 0,0014822 seconds, Stopping threads took: 0,0014335 seconds
2017-08-10T13:33:38.029+0200: 4,129: Total time for which application threads were stopped: 0,0000774 seconds, Stopping threads took: 0,0000343 seconds
2017-08-10T13:33:38.030+0200: 4,129: Total time for which application threads were stopped: 0,0000607 seconds, Stopping threads took: 0,0000244 seconds
2017-08-10T13:33:38.030+0200: 4,130: Total time for which application threads were stopped: 0,0000674 seconds, Stopping threads took: 0,0000189 seconds
2017-08-10T13:33:38.030+0200: 4,130: Total time for which application threads were stopped: 0,0000480 seconds, Stopping threads took: 0,0000155 seconds
2017-08-10T13:33:38.030+0200: 4,130: Total time for which application threads were stopped: 0,0000517 seconds, Stopping threads took: 0,0000099 seconds
2017-08-10T13:33:38.030+0200: 4,130: Total time for which application threads were stopped: 0,0000545 seconds, Stopping threads took: 0,0000209 seconds
2017-08-10T13:33:38.030+0200: 4,130: Total time for which application threads were stopped: 0,0000539 seconds, Stopping threads took: 0,0000212 seconds
2017-08-10T13:33:38.030+0200: 4,130: Total time for which application threads were stopped: 0,0000405 seconds, Stopping threads took: 0,0000079 seconds
2017-08-10T13:33:38.031+0200: 4,131: Total time for which application threads were stopped: 0,0003022 seconds, Stopping threads took: 0,0002369 seconds
2017-08-10T13:33:38.031+0200: 4,131: Total time for which application threads were stopped: 0,0000620 seconds, Stopping threads took: 0,0000169 seconds
2017-08-10T13:33:38.031+0200: 4,131: Total time for which application threads were stopped: 0,0000557 seconds, Stopping threads took: 0,0000195 seconds
2017-08-10T13:33:38.031+0200: 4,131: Total time for which application threads were stopped: 0,0000447 seconds, Stopping threads took: 0,0000111 seconds
2017-08-10T13:33:38.031+0200: 4,131: Total time for which application threads were stopped: 0,0000454 seconds, Stopping threads took: 0,0000176 seconds
2017-08-10T13:33:38.032+0200: 4,132: Total time for which application threads were stopped: 0,0001017 seconds, Stopping threads took: 0,0000278 seconds
2017-08-10T13:33:38.032+0200: 4,132: Total time for which application threads were stopped: 0,0000614 seconds, Stopping threads took: 0,0000099 seconds
2017-08-10T13:33:38.032+0200: 4,132: Total time for which application threads were stopped: 0,0000541 seconds, Stopping threads took: 0,0000193 seconds
2017-08-10T13:33:38.033+0200: 4,132: Total time for which application threads were stopped: 0,0000574 seconds, Stopping threads took: 0,0000166 seconds
2017-08-10T13:33:38.033+0200: 4,132: Total time for which application threads were stopped: 0,0001201 seconds, Stopping threads took: 0,0000171 seconds
2017-08-10T13:33:38.033+0200: 4,133: Total time for which application threads were stopped: 0,0000646 seconds, Stopping threads took: 0,0000142 seconds
2017-08-10T13:33:38.033+0200: 4,133: Total time for which application threads were stopped: 0,0000566 seconds, Stopping threads took: 0,0000114 seconds
2017-08-10T13:33:38.034+0200: 4,133: Total time for which application threads were stopped: 0,0000822 seconds, Stopping threads took: 0,0000228 seconds
2017-08-10T13:33:38.034+0200: 4,133: Total time for which application threads were stopped: 0,0000563 seconds, Stopping threads took: 0,0000160 seconds
2017-08-10T13:33:38.034+0200: 4,134: Total time for which application threads were stopped: 0,0000569 seconds, Stopping threads took: 0,0000230 seconds
2017-08-10T13:33:38.034+0200: 4,134: Total time for which application threads were stopped: 0,0000902 seconds, Stopping threads took: 0,0000321 seconds
2017-08-10T13:33:38.034+0200: 4,134: Total time for which application threads were stopped: 0,0000853 seconds, Stopping threads took: 0,0000412 seconds
2017-08-10T13:33:38.035+0200: 4,134: Total time for which application threads were stopped: 0,0000799 seconds, Stopping threads took: 0,0000451 seconds
2017-08-10T13:33:38.035+0200: 4,134: Total time for which application threads were stopped: 0,0000733 seconds, Stopping threads took: 0,0000399 seconds
2017-08-10T13:33:38.035+0200: 4,135: Total time for which application threads were stopped: 0,0000558 seconds, Stopping threads took: 0,0000187 seconds
2017-08-10T13:33:38.035+0200: 4,135: Total time for which application threads were stopped: 0,0000479 seconds, Stopping threads took: 0,0000197 seconds
2017-08-10T13:33:38.035+0200: 4,135: Total time for which application threads were stopped: 0,0000738 seconds, Stopping threads took: 0,0000233 seconds
2017-08-10T13:33:38.035+0200: 4,135: Total time for which application threads were stopped: 0,0000546 seconds, Stopping threads took: 0,0000154 seconds
2017-08-10T13:33:38.035+0200: 4,135: Total time for which application threads were stopped: 0,0000567 seconds, Stopping threads took: 0,0000171 seconds
2017-08-10T13:33:38.036+0200: 4,135: Total time for which application threads were stopped: 0,0000828 seconds, Stopping threads took: 0,0000359 seconds
2017-08-10T13:33:38.037+0200: 4,136: Total time for which application threads were stopped: 0,0009909 seconds, Stopping threads took: 0,0009336 seconds
2017-08-10T13:33:38.037+0200: 4,137: Total time for which application threads were stopped: 0,0000944 seconds, Stopping threads took: 0,0000420 seconds
2017-08-10T13:33:38.037+0200: 4,137: Total time for which application threads were stopped: 0,0000641 seconds, Stopping threads took: 0,0000224 seconds
2017-08-10T13:33:38.037+0200: 4,137: Total time for which application threads were stopped: 0,0000964 seconds, Stopping threads took: 0,0000164 seconds
2017-08-10T13:33:38.037+0200: 4,137: Total time for which application threads were stopped: 0,0001134 seconds, Stopping threads took: 0,0000096 seconds
2017-08-10T13:33:38.042+0200: 4,141: Total time for which application threads were stopped: 0,0002668 seconds, Stopping threads took: 0,0000520 seconds
2017-08-10T13:33:38.053+0200: 4,153: Total time for which application threads were stopped: 0,0010378 seconds, Stopping threads took: 0,0009135 seconds
2017-08-10T13:33:38.054+0200: 4,154: Total time for which application threads were stopped: 0,0000910 seconds, Stopping threads took: 0,0000190 seconds
2017-08-10T13:33:38.066+0200: 4,165: Total time for which application threads were stopped: 0,0000963 seconds, Stopping threads took: 0,0000246 seconds
2017-08-10T13:33:38.066+0200: 4,166: Total time for which application threads were stopped: 0,0001463 seconds, Stopping threads took: 0,0000379 seconds
2017-08-10T13:33:38.091+0200: 4,191: Total time for which application threads were stopped: 0,0001362 seconds, Stopping threads took: 0,0000323 seconds
2017-08-10T13:33:38.100+0200: 4,199: Total time for which application threads were stopped: 0,0000780 seconds, Stopping threads took: 0,0000185 seconds
2017-08-10T13:33:38.109+0200: 4,209: Total time for which application threads were stopped: 0,0002308 seconds, Stopping threads took: 0,0001519 seconds
2017-08-10T13:33:38.177+0200: 4,277: Total time for which application threads were stopped: 0,0004858 seconds, Stopping threads took: 0,0000223 seconds
2017-08-10T13:33:38.224+0200: 4,324: Total time for which application threads were stopped: 0,0005183 seconds, Stopping threads took: 0,0000279 seconds
2017-08-10T13:33:38.443+0200: 4,543: Total time for which application threads were stopped: 0,0005331 seconds, Stopping threads took: 0,0000255 seconds
2017-08-10T13:33:38.530+0200: 4,629: Total time for which application threads were stopped: 0,0037011 seconds, Stopping threads took: 0,0035518 seconds
2017-08-10T13:33:38.530+0200: 4,630: Total time for which application threads were stopped: 0,0001368 seconds, Stopping threads took: 0,0000341 seconds
2017-08-10T13:33:38.542+0200: 4,641: Total time for which application threads were stopped: 0,0003157 seconds, Stopping threads took: 0,0002191 seconds
2017-08-10T13:33:38.543+0200: 4,643: Total time for which application threads were stopped: 0,0001260 seconds, Stopping threads took: 0,0000356 seconds
2017-08-10T13:33:38.549+0200: 4,648: Total time for which application threads were stopped: 0,0008017 seconds, Stopping threads took: 0,0005153 seconds
2017-08-10T13:33:38.551+0200: 4,650: Total time for which application threads were stopped: 0,0002858 seconds, Stopping threads took: 0,0000565 seconds
2017-08-10T13:33:38.560+0200: 4,660: Total time for which application threads were stopped: 0,0001364 seconds, Stopping threads took: 0,0000455 seconds
2017-08-10T13:33:38.564+0200: 4,664: Total time for which application threads were stopped: 0,0001148 seconds, Stopping threads took: 0,0000342 seconds
2017-08-10T13:33:38.579+0200: 4,679: Total time for which application threads were stopped: 0,0005321 seconds, Stopping threads took: 0,0004196 seconds
2017-08-10T13:33:38.591+0200: 4,691: Total time for which application threads were stopped: 0,0005455 seconds, Stopping threads took: 0,0004344 seconds
2017-08-10T13:33:38.625+0200: 4,725: Total time for which application threads were stopped: 0,0031352 seconds, Stopping threads took: 0,0030075 seconds
2017-08-10T13:33:38.631+0200: 4,730: Total time for which application threads were stopped: 0,0001144 seconds, Stopping threads took: 0,0000417 seconds
2017-08-10T13:33:38.669+0200: 4,769: Total time for which application threads were stopped: 0,0030414 seconds, Stopping threads took: 0,0029269 seconds
2017-08-10T13:33:38.675+0200: 4,775: Total time for which application threads were stopped: 0,0003998 seconds, Stopping threads took: 0,0000389 seconds
2017-08-10T13:33:38.677+0200: 4,777: Total time for which application threads were stopped: 0,0002005 seconds, Stopping threads took: 0,0000512 seconds
2017-08-10T13:33:38.708+0200: 4,808: Total time for which application threads were stopped: 0,0001163 seconds, Stopping threads took: 0,0000388 seconds
2017-08-10T13:33:38.708+0200: 4,808: Total time for which application threads were stopped: 0,0000525 seconds, Stopping threads took: 0,0000210 seconds
2017-08-10T13:33:38.709+0200: 4,809: Total time for which application threads were stopped: 0,0000722 seconds, Stopping threads took: 0,0000238 seconds
2017-08-10T13:33:40.709+0200: 6,809: Total time for which application threads were stopped: 0,0000826 seconds, Stopping threads took: 0,0000212 seconds
2017-08-10T13:33:56.711+0200: 22,811: Total time for which application threads were stopped: 0,0000705 seconds, Stopping threads took: 0,0000187 seconds
2017-08-10T13:34:05.712+0200: 31,812: Total time for which application threads were stopped: 0,0000708 seconds, Stopping threads took: 0,0000186 seconds
2017-08-10T13:35:35.227+0200: 121,823: Total time for which application threads were stopped: 0,0001276 seconds, Stopping threads took: 0,0000413 seconds
2017-08-10T13:35:41.228+0200: 127,823: Total time for which application threads were stopped: 0,0000881 seconds, Stopping threads took: 0,0000351 seconds
{Heap before GC invocations=9 (full 1):
 par new generation   total 109248K, used 96138K [0x00000000e0000000, 0x00000000e8000000, 0x00000000e8000000)
  eden space 87424K, 100% used [0x00000000e0000000, 0x00000000e5560000, 0x00000000e5560000)
  from space 21824K,  39% used [0x00000000e6ab0000, 0x00000000e7332b10, 0x00000000e8000000)
  to   space 21824K,   0% used [0x00000000e5560000, 0x00000000e5560000, 0x00000000e6ab0000)
 concurrent mark-sweep generation total 393216K, used 5833K [0x00000000e8000000, 0x0000000100000000, 0x0000000100000000)
 Metaspace       used 28080K, capacity 28568K, committed 28796K, reserved 1075200K
  class space    used 3214K, capacity 3391K, committed 3452K, reserved 1048576K
2017-08-10T13:36:29.631+0200: 176,227: [GC (Allocation Failure) 2017-08-10T13:36:29.631+0200: 176,227: [ParNew
Desired survivor size 20112992 bytes, new threshold 8 (max 8)
- age   1:   10914144 bytes,   10914144 total
- age   2:     212200 bytes,   11126344 total
- age   3:     241888 bytes,   11368232 total
- age   4:    1758192 bytes,   13126424 total
- age   5:      67000 bytes,   13193424 total
- age   6:      97032 bytes,   13290456 total
- age   7:        152 bytes,   13290608 total
- age   8:     198016 bytes,   13488624 total
: 96138K->15085K(109248K), 0,0200613 secs] 101972K->22002K(502464K), 0,0201362 secs] [Times: user=0,07 sys=0,00, real=0,02 secs] 
Heap after GC invocations=10 (full 1):
 par new generation   total 109248K, used 15085K [0x00000000e0000000, 0x00000000e8000000, 0x00000000e8000000)
  eden space 87424K,   0% used [0x00000000e0000000, 0x00000000e0000000, 0x00000000e5560000)
  from space 21824K,  69% used [0x00000000e5560000, 0x00000000e641b590, 0x00000000e6ab0000)
  to   space 21824K,   0% used [0x00000000e6ab0000, 0x00000000e6ab0000, 0x00000000e8000000)
 concurrent mark-sweep generation total 393216K, used 6917K [0x00000000e8000000, 0x0000000100000000, 0x0000000100000000)
 Metaspace       used 28080K, capacity 28568K, committed 28796K, reserved 1075200K
  class space    used 3214K, capacity 3391K, committed 3452K, reserved 1048576K
}
2017-08-10T13:36:29.651+0200: 176,247: Total time for which application threads were stopped: 0,0203137 seconds, Stopping threads took: 0,0000541 seconds
2017-08-10T13:36:29.653+0200: 176,249: Total time for which application threads were stopped: 0,0000843 seconds, Stopping threads took: 0,0000399 seconds
2017-08-10T13:36:29.658+0200: 176,254: Total time for which application threads were stopped: 0,0000893 seconds, Stopping threads took: 0,0000262 seconds
2017-08-10T13:36:30.658+0200: 177,254: Total time for which application threads were stopped: 0,0000640 seconds, Stopping threads took: 0,0000165 seconds
2017-08-10T13:36:39.659+0200: 186,255: Total time for which application threads were stopped: 0,0001016 seconds, Stopping threads took: 0,0000519 seconds
2017-08-10T13:37:59.670+0200: 266,265: Total time for which application threads were stopped: 0,0000911 seconds, Stopping threads took: 0,0000364 seconds
2017-08-10T13:38:09.671+0200: 276,267: Total time for which application threads were stopped: 0,0002628 seconds, Stopping threads took: 0,0001189 seconds
2017-08-10T13:38:20.672+0200: 287,268: Total time for which application threads were stopped: 0,0000740 seconds, Stopping threads took: 0,0000176 seconds
2017-08-10T13:57:04.830+0200: 1411,426: Total time for which application threads were stopped: 0,0000913 seconds, Stopping threads took: 0,0000306 seconds
2017-08-10T14:01:59.873+0200: 1706,469: Total time for which application threads were stopped: 0,0001043 seconds, Stopping threads took: 0,0000512 seconds
2017-08-10T15:48:04.109+0200: 2302,299: Total time for which application threads were stopped: 0,0001825 seconds, Stopping threads took: 0,0000641 seconds
2017-08-10T16:02:59.242+0200: 3197,432: Total time for which application threads were stopped: 0,0001704 seconds, Stopping threads took: 0,0000670 seconds
2017-08-10T16:25:51.202+0200: 3816,724: Total time for which application threads were stopped: 0,0000943 seconds, Stopping threads took: 0,0000362 seconds
2017-08-10T18:18:12.117+0200: 3962,259: Total time for which application threads were stopped: 0,0000903 seconds, Stopping threads took: 0,0000388 seconds
2017-08-10T18:30:53.730+0200: 4722,358: Total time for which application threads were stopped: 0,0000775 seconds, Stopping threads took: 0,0000306 seconds
2017-08-10T18:52:13.889+0200: 6002,517: Total time for which application threads were stopped: 0,0001601 seconds, Stopping threads took: 0,0000586 seconds
2017-08-10T23:59:03.176+0200: 6262,281: Total time for which application threads were stopped: 0,0000794 seconds, Stopping threads took: 0,0000315 seconds
2017-08-11T00:15:13.277+0200: 7232,383: Total time for which application threads were stopped: 0,0001139 seconds, Stopping threads took: 0,0000420 seconds
2017-08-11T00:16:43.286+0200: 7322,392: Total time for which application threads were stopped: 0,0002596 seconds, Stopping threads took: 0,0001197 seconds
2017-08-11T00:22:43.320+0200: 7682,426: Total time for which application threads were stopped: 0,0000853 seconds, Stopping threads took: 0,0000282 seconds
2017-08-11T01:13:20.199+0200: 10719,305: Total time for which application threads were stopped: 0,0635597 seconds, Stopping threads took: 0,0634634 seconds
2017-08-11T01:13:20.199+0200: 10719,305: Total time for which application threads were stopped: 0,0000764 seconds, Stopping threads took: 0,0000216 seconds
2017-08-11T01:13:20.200+0200: 10719,306: Total time for which application threads were stopped: 0,0001037 seconds, Stopping threads took: 0,0000332 seconds
2017-08-11T01:13:20.208+0200: 10719,314: Total time for which application threads were stopped: 0,0071668 seconds, Stopping threads took: 0,0070775 seconds
2017-08-11T01:13:20.211+0200: 10719,317: Total time for which application threads were stopped: 0,0005736 seconds, Stopping threads took: 0,0004855 seconds
2017-08-11T01:13:20.211+0200: 10719,317: Total time for which application threads were stopped: 0,0000767 seconds, Stopping threads took: 0,0000217 seconds
2017-08-11T01:13:20.218+0200: 10719,324: Total time for which application threads were stopped: 0,0001332 seconds, Stopping threads took: 0,0000283 seconds
2017-08-11T01:13:20.218+0200: 10719,324: Total time for which application threads were stopped: 0,0000859 seconds, Stopping threads took: 0,0000247 seconds
2017-08-11T01:13:20.219+0200: 10719,325: Total time for which application threads were stopped: 0,0000776 seconds, Stopping threads took: 0,0000186 seconds
2017-08-11T01:13:20.219+0200: 10719,325: Total time for which application threads were stopped: 0,0003610 seconds, Stopping threads took: 0,0000164 seconds
2017-08-11T01:13:20.219+0200: 10719,325: Total time for which application threads were stopped: 0,0000873 seconds, Stopping threads took: 0,0000303 seconds
2017-08-11T01:13:20.225+0200: 10719,330: Total time for which application threads were stopped: 0,0005603 seconds, Stopping threads took: 0,0004745 seconds
2017-08-11T01:13:20.225+0200: 10719,331: Total time for which application threads were stopped: 0,0001145 seconds, Stopping threads took: 0,0000390 seconds
2017-08-11T01:13:20.226+0200: 10719,331: Total time for which application threads were stopped: 0,0000629 seconds, Stopping threads took: 0,0000169 seconds
2017-08-11T01:13:20.227+0200: 10719,332: Total time for which application threads were stopped: 0,0000912 seconds, Stopping threads took: 0,0000352 seconds
2017-08-11T01:13:20.231+0200: 10719,337: Total time for which application threads were stopped: 0,0045168 seconds, Stopping threads took: 0,0044519 seconds
2017-08-11T01:13:20.234+0200: 10719,339: Total time for which application threads were stopped: 0,0000771 seconds, Stopping threads took: 0,0000211 seconds
2017-08-11T01:13:20.236+0200: 10719,342: Total time for which application threads were stopped: 0,0000850 seconds, Stopping threads took: 0,0000168 seconds
2017-08-11T01:13:20.236+0200: 10719,342: Total time for which application threads were stopped: 0,0000598 seconds, Stopping threads took: 0,0000157 seconds
2017-08-11T01:13:20.237+0200: 10719,342: Total time for which application threads were stopped: 0,0000457 seconds, Stopping threads took: 0,0000121 seconds
2017-08-11T01:13:20.237+0200: 10719,342: Total time for which application threads were stopped: 0,0000429 seconds, Stopping threads took: 0,0000117 seconds
2017-08-11T01:13:20.237+0200: 10719,343: Total time for which application threads were stopped: 0,0000437 seconds, Stopping threads took: 0,0000133 seconds
2017-08-11T01:13:20.237+0200: 10719,343: Total time for which application threads were stopped: 0,0000439 seconds, Stopping threads took: 0,0000130 seconds
2017-08-11T01:13:20.239+0200: 10719,345: Total time for which application threads were stopped: 0,0000982 seconds, Stopping threads took: 0,0000308 seconds
2017-08-11T01:13:20.239+0200: 10719,345: Total time for which application threads were stopped: 0,0000513 seconds, Stopping threads took: 0,0000158 seconds
2017-08-11T01:13:20.250+0200: 10719,356: Total time for which application threads were stopped: 0,0001221 seconds, Stopping threads took: 0,0000504 seconds
2017-08-11T01:13:20.252+0200: 10719,357: Total time for which application threads were stopped: 0,0001305 seconds, Stopping threads took: 0,0000526 seconds
2017-08-11T01:13:20.259+0200: 10719,365: Total time for which application threads were stopped: 0,0001084 seconds, Stopping threads took: 0,0000209 seconds
2017-08-11T01:13:20.259+0200: 10719,365: Total time for which application threads were stopped: 0,0000727 seconds, Stopping threads took: 0,0000226 seconds
2017-08-11T01:13:20.259+0200: 10719,365: Total time for which application threads were stopped: 0,0000297 seconds, Stopping threads took: 0,0000088 seconds
2017-08-11T01:13:20.259+0200: 10719,365: Total time for which application threads were stopped: 0,0000455 seconds, Stopping threads took: 0,0000081 seconds
2017-08-11T01:13:20.259+0200: 10719,365: Total time for which application threads were stopped: 0,0000543 seconds, Stopping threads took: 0,0000162 seconds
2017-08-11T01:13:20.259+0200: 10719,365: Total time for which application threads were stopped: 0,0000391 seconds, Stopping threads took: 0,0000153 seconds
2017-08-11T01:13:20.260+0200: 10719,366: Total time for which application threads were stopped: 0,0000893 seconds, Stopping threads took: 0,0000300 seconds
2017-08-11T01:13:20.260+0200: 10719,366: Total time for which application threads were stopped: 0,0000423 seconds, Stopping threads took: 0,0000152 seconds
2017-08-11T01:13:20.261+0200: 10719,366: Total time for which application threads were stopped: 0,0000596 seconds, Stopping threads took: 0,0000261 seconds
2017-08-11T01:13:20.261+0200: 10719,367: Total time for which application threads were stopped: 0,0000441 seconds, Stopping threads took: 0,0000154 seconds
2017-08-11T01:13:20.263+0200: 10719,369: Total time for which application threads were stopped: 0,0000792 seconds, Stopping threads took: 0,0000180 seconds
2017-08-11T01:13:20.263+0200: 10719,369: Total time for which application threads were stopped: 0,0001276 seconds, Stopping threads took: 0,0000866 seconds
2017-08-11T01:13:20.265+0200: 10719,370: Total time for which application threads were stopped: 0,0000809 seconds, Stopping threads took: 0,0000313 seconds
2017-08-11T01:13:20.265+0200: 10719,370: Total time for which application threads were stopped: 0,0000529 seconds, Stopping threads took: 0,0000258 seconds
2017-08-11T01:13:20.265+0200: 10719,371: Total time for which application threads were stopped: 0,0000379 seconds, Stopping threads took: 0,0000151 seconds
2017-08-11T01:13:20.265+0200: 10719,371: Total time for which application threads were stopped: 0,0000235 seconds, Stopping threads took: 0,0000056 seconds
2017-08-11T01:13:20.265+0200: 10719,371: Total time for which application threads were stopped: 0,0000339 seconds, Stopping threads took: 0,0000057 seconds
2017-08-11T01:13:20.265+0200: 10719,371: Total time for which application threads were stopped: 0,0000469 seconds, Stopping threads took: 0,0000144 seconds
2017-08-11T01:13:20.266+0200: 10719,372: Total time for which application threads were stopped: 0,0006951 seconds, Stopping threads took: 0,0006360 seconds
2017-08-11T01:13:20.266+0200: 10719,372: Total time for which application threads were stopped: 0,0000594 seconds, Stopping threads took: 0,0000181 seconds
2017-08-11T01:13:20.267+0200: 10719,373: Total time for which application threads were stopped: 0,0000719 seconds, Stopping threads took: 0,0000278 seconds
2017-08-11T01:13:20.267+0200: 10719,373: Total time for which application threads were stopped: 0,0000494 seconds, Stopping threads took: 0,0000185 seconds
2017-08-11T01:13:20.267+0200: 10719,373: Total time for which application threads were stopped: 0,0000376 seconds, Stopping threads took: 0,0000131 seconds
2017-08-11T01:13:20.267+0200: 10719,373: Total time for which application threads were stopped: 0,0000415 seconds, Stopping threads took: 0,0000192 seconds
2017-08-11T01:13:20.267+0200: 10719,373: Total time for which application threads were stopped: 0,0000391 seconds, Stopping threads took: 0,0000146 seconds
2017-08-11T01:13:20.267+0200: 10719,373: Total time for which application threads were stopped: 0,0000341 seconds, Stopping threads took: 0,0000082 seconds
2017-08-11T01:13:20.267+0200: 10719,373: Total time for which application threads were stopped: 0,0000367 seconds, Stopping threads took: 0,0000082 seconds
2017-08-11T01:13:20.268+0200: 10719,373: Total time for which application threads were stopped: 0,0001580 seconds, Stopping threads took: 0,0000152 seconds
2017-08-11T01:13:20.269+0200: 10719,375: Total time for which application threads were stopped: 0,0000800 seconds, Stopping threads took: 0,0000269 seconds
2017-08-11T01:13:20.269+0200: 10719,375: Total time for which application threads were stopped: 0,0000448 seconds, Stopping threads took: 0,0000190 seconds
2017-08-11T01:13:20.269+0200: 10719,375: Total time for which application threads were stopped: 0,0000471 seconds, Stopping threads took: 0,0000164 seconds
2017-08-11T01:13:20.269+0200: 10719,375: Total time for which application threads were stopped: 0,0000431 seconds, Stopping threads took: 0,0000187 seconds
2017-08-11T01:13:20.269+0200: 10719,375: Total time for which application threads were stopped: 0,0000494 seconds, Stopping threads took: 0,0000240 seconds
2017-08-11T01:13:20.269+0200: 10719,375: Total time for which application threads were stopped: 0,0001175 seconds, Stopping threads took: 0,0000146 seconds
2017-08-11T01:13:20.271+0200: 10719,376: Total time for which application threads were stopped: 0,0000936 seconds, Stopping threads took: 0,0000316 seconds
2017-08-11T01:13:20.275+0200: 10719,381: Total time for which application threads were stopped: 0,0042906 seconds, Stopping threads took: 0,0041862 seconds
2017-08-11T01:13:20.275+0200: 10719,381: Total time for which application threads were stopped: 0,0000975 seconds, Stopping threads took: 0,0000185 seconds
Heap
 par new generation   total 109248K, used 35988K [0x00000000e0000000, 0x00000000e8000000, 0x00000000e8000000)
  eden space 87424K,  23% used [0x00000000e0000000, 0x00000000e1469a70, 0x00000000e5560000)
  from space 21824K,  69% used [0x00000000e5560000, 0x00000000e641b590, 0x00000000e6ab0000)
  to   space 21824K,   0% used [0x00000000e6ab0000, 0x00000000e6ab0000, 0x00000000e8000000)
 concurrent mark-sweep generation total 393216K, used 6917K [0x00000000e8000000, 0x0000000100000000, 0x0000000100000000)
 Metaspace       used 28219K, capacity 28736K, committed 29052K, reserved 1075200K
  class space    used 3228K, capacity 3425K, committed 3452K, reserved 1048576K
