OpenJDK 64-Bit Server VM (25.121-b13) for linux-amd64 JRE (1.8.0_121-8u121-b13-0ubuntu1.16.04.2-b13), built on Jan 23 2017 15:51:29 by "buildd" with gcc 5.4.0 20160609
Memory: 4k page, physical 7867760k(7428376k free), swap 8076284k(8076284k free)
CommandLine flags: -XX:CMSInitiatingOccupancyFraction=50 -XX:CMSMaxAbortablePrecleanTime=6000 -XX:+CMSParallelRemarkEnabled -XX:+CMSScavengeBeforeRemark -XX:ConcGCThreads=4 -XX:InitialHeapSize=536870912 -XX:MaxHeapSize=536870912 -XX:MaxTenuringThreshold=8 -XX:NewRatio=3 -XX:OldPLABSize=16 -XX:OnOutOfMemoryError=/opt/solr/bin/oom_solr.sh 8983 /var/solr/logs -XX:ParallelGCThreads=4 -XX:+ParallelRefProcEnabled -XX:PretenureSizeThreshold=67108864 -XX:+PrintGC -XX:+PrintGCApplicationStoppedTime -XX:+PrintGCDateStamps -XX:+PrintGCDetails -XX:+PrintGCTimeStamps -XX:+PrintHeapAtGC -XX:+PrintTenuringDistribution -XX:SurvivorRatio=4 -XX:TargetSurvivorRatio=90 -XX:ThreadStackSize=256 -XX:+UseCMSInitiatingOccupancyOnly -XX:+UseCompressedClassPointers -XX:+UseCompressedOops -XX:+UseConcMarkSweepGC -XX:+UseParNewGC 
2017-03-19T00:59:01.906+0100: 0,199: Total time for which application threads were stopped: 0,0000661 seconds, Stopping threads took: 0,0000092 seconds
2017-03-19T00:59:02.088+0100: 0,380: Total time for which application threads were stopped: 0,0001132 seconds, Stopping threads took: 0,0000154 seconds
2017-03-19T00:59:02.105+0100: 0,397: Total time for which application threads were stopped: 0,0000879 seconds, Stopping threads took: 0,0000139 seconds
2017-03-19T00:59:02.486+0100: 0,778: Total time for which application threads were stopped: 0,0001128 seconds, Stopping threads took: 0,0000135 seconds
2017-03-19T00:59:02.768+0100: 1,061: Total time for which application threads were stopped: 0,0001390 seconds, Stopping threads took: 0,0000278 seconds
2017-03-19T00:59:02.875+0100: 1,168: Total time for which application threads were stopped: 0,0001391 seconds, Stopping threads took: 0,0000115 seconds
2017-03-19T00:59:02.931+0100: 1,223: Total time for which application threads were stopped: 0,0014139 seconds, Stopping threads took: 0,0000648 seconds
2017-03-19T00:59:03.282+0100: 1,574: Total time for which application threads were stopped: 0,0009308 seconds, Stopping threads took: 0,0000947 seconds
2017-03-19T00:59:03.492+0100: 1,784: Total time for which application threads were stopped: 0,0001958 seconds, Stopping threads took: 0,0000145 seconds
2017-03-19T00:59:03.509+0100: 1,801: Total time for which application threads were stopped: 0,0001722 seconds, Stopping threads took: 0,0000145 seconds
2017-03-19T00:59:03.537+0100: 1,829: Total time for which application threads were stopped: 0,0001887 seconds, Stopping threads took: 0,0000328 seconds
2017-03-19T00:59:03.538+0100: 1,830: Total time for which application threads were stopped: 0,0001669 seconds, Stopping threads took: 0,0000248 seconds
2017-03-19T00:59:03.551+0100: 1,843: Total time for which application threads were stopped: 0,0002144 seconds, Stopping threads took: 0,0000258 seconds
2017-03-19T00:59:03.631+0100: 1,923: Total time for which application threads were stopped: 0,0002448 seconds, Stopping threads took: 0,0000193 seconds
2017-03-19T00:59:03.794+0100: 2,086: Total time for which application threads were stopped: 0,0009635 seconds, Stopping threads took: 0,0007336 seconds
{Heap before GC invocations=0 (full 0):
 par new generation   total 109248K, used 87424K [0x00000000e0000000, 0x00000000e8000000, 0x00000000e8000000)
  eden space 87424K, 100% used [0x00000000e0000000, 0x00000000e5560000, 0x00000000e5560000)
  from space 21824K,   0% used [0x00000000e5560000, 0x00000000e5560000, 0x00000000e6ab0000)
  to   space 21824K,   0% used [0x00000000e6ab0000, 0x00000000e6ab0000, 0x00000000e8000000)
 concurrent mark-sweep generation total 393216K, used 0K [0x00000000e8000000, 0x0000000100000000, 0x0000000100000000)
 Metaspace       used 18036K, capacity 18336K, committed 18688K, reserved 1064960K
  class space    used 2040K, capacity 2196K, committed 2304K, reserved 1048576K
2017-03-19T00:59:03.901+0100: 2,193: [GC (Allocation Failure) 2017-03-19T00:59:03.901+0100: 2,193: [ParNew
Desired survivor size 20112992 bytes, new threshold 8 (max 8)
- age   1:   12617256 bytes,   12617256 total
: 87424K->12440K(109248K), 0,0189471 secs] 87424K->12440K(502464K), 0,0190345 secs] [Times: user=0,07 sys=0,00, real=0,02 secs] 
Heap after GC invocations=1 (full 0):
 par new generation   total 109248K, used 12440K [0x00000000e0000000, 0x00000000e8000000, 0x00000000e8000000)
  eden space 87424K,   0% used [0x00000000e0000000, 0x00000000e0000000, 0x00000000e5560000)
  from space 21824K,  57% used [0x00000000e6ab0000, 0x00000000e76d6108, 0x00000000e8000000)
  to   space 21824K,   0% used [0x00000000e5560000, 0x00000000e5560000, 0x00000000e6ab0000)
 concurrent mark-sweep generation total 393216K, used 0K [0x00000000e8000000, 0x0000000100000000, 0x0000000100000000)
 Metaspace       used 18036K, capacity 18336K, committed 18688K, reserved 1064960K
  class space    used 2040K, capacity 2196K, committed 2304K, reserved 1048576K
}
2017-03-19T00:59:03.920+0100: 2,212: Total time for which application threads were stopped: 0,0193006 seconds, Stopping threads took: 0,0000449 seconds
2017-03-19T00:59:04.218+0100: 2,511: Total time for which application threads were stopped: 0,0003935 seconds, Stopping threads took: 0,0001173 seconds
{Heap before GC invocations=1 (full 0):
 par new generation   total 109248K, used 99864K [0x00000000e0000000, 0x00000000e8000000, 0x00000000e8000000)
  eden space 87424K, 100% used [0x00000000e0000000, 0x00000000e5560000, 0x00000000e5560000)
  from space 21824K,  57% used [0x00000000e6ab0000, 0x00000000e76d6108, 0x00000000e8000000)
  to   space 21824K,   0% used [0x00000000e5560000, 0x00000000e5560000, 0x00000000e6ab0000)
 concurrent mark-sweep generation total 393216K, used 0K [0x00000000e8000000, 0x0000000100000000, 0x0000000100000000)
 Metaspace       used 20048K, capacity 20372K, committed 20736K, reserved 1067008K
  class space    used 2296K, capacity 2472K, committed 2560K, reserved 1048576K
2017-03-19T00:59:04.263+0100: 2,556: [GC (Allocation Failure) 2017-03-19T00:59:04.263+0100: 2,556: [ParNew
Desired survivor size 20112992 bytes, new threshold 8 (max 8)
- age   1:    3657552 bytes,    3657552 total
- age   2:    6666432 bytes,   10323984 total
: 99864K->15822K(109248K), 0,0205989 secs] 99864K->15822K(502464K), 0,0206678 secs] [Times: user=0,06 sys=0,02, real=0,02 secs] 
Heap after GC invocations=2 (full 0):
 par new generation   total 109248K, used 15822K [0x00000000e0000000, 0x00000000e8000000, 0x00000000e8000000)
  eden space 87424K,   0% used [0x00000000e0000000, 0x00000000e0000000, 0x00000000e5560000)
  from space 21824K,  72% used [0x00000000e5560000, 0x00000000e64d3880, 0x00000000e6ab0000)
  to   space 21824K,   0% used [0x00000000e6ab0000, 0x00000000e6ab0000, 0x00000000e8000000)
 concurrent mark-sweep generation total 393216K, used 0K [0x00000000e8000000, 0x0000000100000000, 0x0000000100000000)
 Metaspace       used 20048K, capacity 20372K, committed 20736K, reserved 1067008K
  class space    used 2296K, capacity 2472K, committed 2560K, reserved 1048576K
}
2017-03-19T00:59:04.284+0100: 2,576: Total time for which application threads were stopped: 0,0217176 seconds, Stopping threads took: 0,0009020 seconds
2017-03-19T00:59:04.289+0100: 2,581: Total time for which application threads were stopped: 0,0003791 seconds, Stopping threads took: 0,0000647 seconds
2017-03-19T00:59:04.330+0100: 2,623: Total time for which application threads were stopped: 0,0003395 seconds, Stopping threads took: 0,0000369 seconds
2017-03-19T00:59:04.438+0100: 2,731: Total time for which application threads were stopped: 0,0001613 seconds, Stopping threads took: 0,0000427 seconds
{Heap before GC invocations=2 (full 0):
 par new generation   total 109248K, used 103246K [0x00000000e0000000, 0x00000000e8000000, 0x00000000e8000000)
  eden space 87424K, 100% used [0x00000000e0000000, 0x00000000e5560000, 0x00000000e5560000)
  from space 21824K,  72% used [0x00000000e5560000, 0x00000000e64d3880, 0x00000000e6ab0000)
  to   space 21824K,   0% used [0x00000000e6ab0000, 0x00000000e6ab0000, 0x00000000e8000000)
 concurrent mark-sweep generation total 393216K, used 0K [0x00000000e8000000, 0x0000000100000000, 0x0000000100000000)
 Metaspace       used 20978K, capacity 21294K, committed 21628K, reserved 1069056K
  class space    used 2420K, capacity 2591K, committed 2684K, reserved 1048576K
2017-03-19T00:59:04.470+0100: 2,762: [GC (Allocation Failure) 2017-03-19T00:59:04.470+0100: 2,762: [ParNew
Desired survivor size 20112992 bytes, new threshold 8 (max 8)
- age   1:    2279808 bytes,    2279808 total
- age   2:     843432 bytes,    3123240 total
- age   3:    6662896 bytes,    9786136 total
: 103246K->13494K(109248K), 0,0105239 secs] 103246K->13494K(502464K), 0,0106038 secs] [Times: user=0,04 sys=0,00, real=0,01 secs] 
Heap after GC invocations=3 (full 0):
 par new generation   total 109248K, used 13494K [0x00000000e0000000, 0x00000000e8000000, 0x00000000e8000000)
  eden space 87424K,   0% used [0x00000000e0000000, 0x00000000e0000000, 0x00000000e5560000)
  from space 21824K,  61% used [0x00000000e6ab0000, 0x00000000e77ddb60, 0x00000000e8000000)
  to   space 21824K,   0% used [0x00000000e5560000, 0x00000000e5560000, 0x00000000e6ab0000)
 concurrent mark-sweep generation total 393216K, used 0K [0x00000000e8000000, 0x0000000100000000, 0x0000000100000000)
 Metaspace       used 20978K, capacity 21294K, committed 21628K, reserved 1069056K
  class space    used 2420K, capacity 2591K, committed 2684K, reserved 1048576K
}
2017-03-19T00:59:04.481+0100: 2,773: Total time for which application threads were stopped: 0,0122239 seconds, Stopping threads took: 0,0014848 seconds
2017-03-19T00:59:04.481+0100: 2,773: [GC (CMS Initial Mark) [1 CMS-initial-mark: 0K(393216K)] 13526K(502464K), 0,0034434 secs] [Times: user=0,02 sys=0,00, real=0,00 secs] 
2017-03-19T00:59:04.485+0100: 2,777: Total time for which application threads were stopped: 0,0039418 seconds, Stopping threads took: 0,0004147 seconds
2017-03-19T00:59:04.485+0100: 2,777: [CMS-concurrent-mark-start]
2017-03-19T00:59:04.485+0100: 2,777: [CMS-concurrent-mark: 0,001/0,001 secs] [Times: user=0,00 sys=0,00, real=0,00 secs] 
2017-03-19T00:59:04.485+0100: 2,777: [CMS-concurrent-preclean-start]
2017-03-19T00:59:04.486+0100: 2,779: [CMS-concurrent-preclean: 0,001/0,001 secs] [Times: user=0,00 sys=0,00, real=0,01 secs] 
2017-03-19T00:59:04.486+0100: 2,779: [GC (CMS Final Remark) [YG occupancy: 13526 K (109248 K)]{Heap before GC invocations=3 (full 1):
 par new generation   total 109248K, used 13526K [0x00000000e0000000, 0x00000000e8000000, 0x00000000e8000000)
  eden space 87424K,   0% used [0x00000000e0000000, 0x00000000e0008010, 0x00000000e5560000)
  from space 21824K,  61% used [0x00000000e6ab0000, 0x00000000e77ddb60, 0x00000000e8000000)
  to   space 21824K,   0% used [0x00000000e5560000, 0x00000000e5560000, 0x00000000e6ab0000)
 concurrent mark-sweep generation total 393216K, used 0K [0x00000000e8000000, 0x0000000100000000, 0x0000000100000000)
 Metaspace       used 20979K, capacity 21294K, committed 21628K, reserved 1069056K
  class space    used 2420K, capacity 2591K, committed 2684K, reserved 1048576K
2017-03-19T00:59:04.486+0100: 2,779: [GC (CMS Final Remark) 2017-03-19T00:59:04.486+0100: 2,779: [ParNew
Desired survivor size 20112992 bytes, new threshold 8 (max 8)
- age   1:      32784 bytes,      32784 total
- age   2:    2279808 bytes,    2312592 total
- age   3:     843432 bytes,    3156024 total
- age   4:    6662944 bytes,    9818968 total
: 13526K->12947K(109248K), 0,0087323 secs] 13526K->12947K(502464K), 0,0087727 secs] [Times: user=0,04 sys=0,00, real=0,00 secs] 
Heap after GC invocations=4 (full 1):
 par new generation   total 109248K, used 12947K [0x00000000e0000000, 0x00000000e8000000, 0x00000000e8000000)
  eden space 87424K,   0% used [0x00000000e0000000, 0x00000000e0000000, 0x00000000e5560000)
  from space 21824K,  59% used [0x00000000e5560000, 0x00000000e6204ec0, 0x00000000e6ab0000)
  to   space 21824K,   0% used [0x00000000e6ab0000, 0x00000000e6ab0000, 0x00000000e8000000)
 concurrent mark-sweep generation total 393216K, used 0K [0x00000000e8000000, 0x0000000100000000, 0x0000000100000000)
 Metaspace       used 20979K, capacity 21294K, committed 21628K, reserved 1069056K
  class space    used 2420K, capacity 2591K, committed 2684K, reserved 1048576K
}
2017-03-19T00:59:04.495+0100: 2,788: [Rescan (parallel) , 0,0035340 secs]2017-03-19T00:59:04.499+0100: 2,791: [weak refs processing, 0,0006243 secs]2017-03-19T00:59:04.499+0100: 2,792: [class unloading, 0,0027105 secs]2017-03-19T00:59:04.502+0100: 2,794: [scrub symbol table, 0,0024903 secs]2017-03-19T00:59:04.505+0100: 2,797: [scrub string table, 0,0003996 secs][1 CMS-remark: 0K(393216K)] 12947K(502464K), 0,0191914 secs] [Times: user=0,06 sys=0,00, real=0,01 secs] 
2017-03-19T00:59:04.506+0100: 2,798: Total time for which application threads were stopped: 0,0193191 seconds, Stopping threads took: 0,0000444 seconds
2017-03-19T00:59:04.506+0100: 2,798: [CMS-concurrent-sweep-start]
2017-03-19T00:59:04.506+0100: 2,798: [CMS-concurrent-sweep: 0,000/0,000 secs] [Times: user=0,00 sys=0,00, real=0,00 secs] 
2017-03-19T00:59:04.506+0100: 2,798: [CMS-concurrent-reset-start]
2017-03-19T00:59:04.507+0100: 2,800: [CMS-concurrent-reset: 0,002/0,002 secs] [Times: user=0,00 sys=0,00, real=0,01 secs] 
{Heap before GC invocations=4 (full 1):
 par new generation   total 109248K, used 100371K [0x00000000e0000000, 0x00000000e8000000, 0x00000000e8000000)
  eden space 87424K, 100% used [0x00000000e0000000, 0x00000000e5560000, 0x00000000e5560000)
  from space 21824K,  59% used [0x00000000e5560000, 0x00000000e6204ec0, 0x00000000e6ab0000)
  to   space 21824K,   0% used [0x00000000e6ab0000, 0x00000000e6ab0000, 0x00000000e8000000)
 concurrent mark-sweep generation total 393216K, used 0K [0x00000000e8000000, 0x0000000100000000, 0x0000000100000000)
 Metaspace       used 21237K, capacity 21634K, committed 21884K, reserved 1069056K
  class space    used 2449K, capacity 2606K, committed 2684K, reserved 1048576K
2017-03-19T00:59:04.634+0100: 2,926: [GC (Allocation Failure) 2017-03-19T00:59:04.634+0100: 2,926: [ParNew
Desired survivor size 20112992 bytes, new threshold 8 (max 8)
- age   1:    1360184 bytes,    1360184 total
- age   3:    1460784 bytes,    2820968 total
- age   4:     810184 bytes,    3631152 total
- age   5:    6662952 bytes,   10294104 total
: 100371K->13125K(109248K), 0,0100160 secs] 100371K->13125K(502464K), 0,0100780 secs] [Times: user=0,04 sys=0,00, real=0,01 secs] 
Heap after GC invocations=5 (full 1):
 par new generation   total 109248K, used 13125K [0x00000000e0000000, 0x00000000e8000000, 0x00000000e8000000)
  eden space 87424K,   0% used [0x00000000e0000000, 0x00000000e0000000, 0x00000000e5560000)
  from space 21824K,  60% used [0x00000000e6ab0000, 0x00000000e7781440, 0x00000000e8000000)
  to   space 21824K,   0% used [0x00000000e5560000, 0x00000000e5560000, 0x00000000e6ab0000)
 concurrent mark-sweep generation total 393216K, used 0K [0x00000000e8000000, 0x0000000100000000, 0x0000000100000000)
 Metaspace       used 21237K, capacity 21634K, committed 21884K, reserved 1069056K
  class space    used 2449K, capacity 2606K, committed 2684K, reserved 1048576K
}
2017-03-19T00:59:04.644+0100: 2,936: Total time for which application threads were stopped: 0,0103430 seconds, Stopping threads took: 0,0000995 seconds
{Heap before GC invocations=5 (full 1):
 par new generation   total 109248K, used 100549K [0x00000000e0000000, 0x00000000e8000000, 0x00000000e8000000)
  eden space 87424K, 100% used [0x00000000e0000000, 0x00000000e5560000, 0x00000000e5560000)
  from space 21824K,  60% used [0x00000000e6ab0000, 0x00000000e7781440, 0x00000000e8000000)
  to   space 21824K,   0% used [0x00000000e5560000, 0x00000000e5560000, 0x00000000e6ab0000)
 concurrent mark-sweep generation total 393216K, used 0K [0x00000000e8000000, 0x0000000100000000, 0x0000000100000000)
 Metaspace       used 21403K, capacity 21800K, committed 21884K, reserved 1069056K
  class space    used 2469K, capacity 2639K, committed 2684K, reserved 1048576K
2017-03-19T00:59:04.738+0100: 3,030: [GC (Allocation Failure) 2017-03-19T00:59:04.738+0100: 3,030: [ParNew
Desired survivor size 20112992 bytes, new threshold 8 (max 8)
- age   1:     440200 bytes,     440200 total
- age   2:     181848 bytes,     622048 total
- age   4:    1460392 bytes,    2082440 total
- age   5:     810072 bytes,    2892512 total
- age   6:    6662712 bytes,    9555224 total
: 100549K->11166K(109248K), 0,0097465 secs] 100549K->11166K(502464K), 0,0098209 secs] [Times: user=0,04 sys=0,00, real=0,01 secs] 
Heap after GC invocations=6 (full 1):
 par new generation   total 109248K, used 11166K [0x00000000e0000000, 0x00000000e8000000, 0x00000000e8000000)
  eden space 87424K,   0% used [0x00000000e0000000, 0x00000000e0000000, 0x00000000e5560000)
  from space 21824K,  51% used [0x00000000e5560000, 0x00000000e60479e0, 0x00000000e6ab0000)
  to   space 21824K,   0% used [0x00000000e6ab0000, 0x00000000e6ab0000, 0x00000000e8000000)
 concurrent mark-sweep generation total 393216K, used 0K [0x00000000e8000000, 0x0000000100000000, 0x0000000100000000)
 Metaspace       used 21403K, capacity 21800K, committed 21884K, reserved 1069056K
  class space    used 2469K, capacity 2639K, committed 2684K, reserved 1048576K
}
2017-03-19T00:59:04.748+0100: 3,040: Total time for which application threads were stopped: 0,0100912 seconds, Stopping threads took: 0,0001166 seconds
2017-03-19T00:59:04.782+0100: 3,074: Total time for which application threads were stopped: 0,0003568 seconds, Stopping threads took: 0,0000240 seconds
2017-03-19T00:59:04.994+0100: 3,287: Total time for which application threads were stopped: 0,0005273 seconds, Stopping threads took: 0,0000560 seconds
2017-03-19T00:59:05.009+0100: 3,301: Total time for which application threads were stopped: 0,0003117 seconds, Stopping threads took: 0,0000129 seconds
{Heap before GC invocations=6 (full 1):
 par new generation   total 109248K, used 98590K [0x00000000e0000000, 0x00000000e8000000, 0x00000000e8000000)
  eden space 87424K, 100% used [0x00000000e0000000, 0x00000000e5560000, 0x00000000e5560000)
  from space 21824K,  51% used [0x00000000e5560000, 0x00000000e60479e0, 0x00000000e6ab0000)
  to   space 21824K,   0% used [0x00000000e6ab0000, 0x00000000e6ab0000, 0x00000000e8000000)
 concurrent mark-sweep generation total 393216K, used 0K [0x00000000e8000000, 0x0000000100000000, 0x0000000100000000)
 Metaspace       used 23826K, capacity 24302K, committed 24572K, reserved 1071104K
  class space    used 2808K, capacity 2982K, committed 3068K, reserved 1048576K
2017-03-19T00:59:05.135+0100: 3,427: [GC (Allocation Failure) 2017-03-19T00:59:05.135+0100: 3,427: [ParNew
Desired survivor size 20112992 bytes, new threshold 8 (max 8)
- age   1:    5131472 bytes,    5131472 total
- age   2:     110360 bytes,    5241832 total
- age   3:     180432 bytes,    5422264 total
- age   5:     290824 bytes,    5713088 total
- age   6:     785776 bytes,    6498864 total
- age   7:    6654464 bytes,   13153328 total
: 98590K->16478K(109248K), 0,0122670 secs] 98590K->16478K(502464K), 0,0123376 secs] [Times: user=0,04 sys=0,00, real=0,02 secs] 
Heap after GC invocations=7 (full 1):
 par new generation   total 109248K, used 16478K [0x00000000e0000000, 0x00000000e8000000, 0x00000000e8000000)
  eden space 87424K,   0% used [0x00000000e0000000, 0x00000000e0000000, 0x00000000e5560000)
  from space 21824K,  75% used [0x00000000e6ab0000, 0x00000000e7ac7900, 0x00000000e8000000)
  to   space 21824K,   0% used [0x00000000e5560000, 0x00000000e5560000, 0x00000000e6ab0000)
 concurrent mark-sweep generation total 393216K, used 0K [0x00000000e8000000, 0x0000000100000000, 0x0000000100000000)
 Metaspace       used 23826K, capacity 24302K, committed 24572K, reserved 1071104K
  class space    used 2808K, capacity 2982K, committed 3068K, reserved 1048576K
}
2017-03-19T00:59:05.147+0100: 3,440: Total time for which application threads were stopped: 0,0126045 seconds, Stopping threads took: 0,0000596 seconds
{Heap before GC invocations=7 (full 1):
 par new generation   total 109248K, used 103902K [0x00000000e0000000, 0x00000000e8000000, 0x00000000e8000000)
  eden space 87424K, 100% used [0x00000000e0000000, 0x00000000e5560000, 0x00000000e5560000)
  from space 21824K,  75% used [0x00000000e6ab0000, 0x00000000e7ac7900, 0x00000000e8000000)
  to   space 21824K,   0% used [0x00000000e5560000, 0x00000000e5560000, 0x00000000e6ab0000)
 concurrent mark-sweep generation total 393216K, used 0K [0x00000000e8000000, 0x0000000100000000, 0x0000000100000000)
 Metaspace       used 24416K, capacity 24884K, committed 25084K, reserved 1071104K
  class space    used 2863K, capacity 3047K, committed 3068K, reserved 1048576K
2017-03-19T00:59:05.249+0100: 3,542: [GC (Allocation Failure) 2017-03-19T00:59:05.249+0100: 3,542: [ParNew
Desired survivor size 20112992 bytes, new threshold 8 (max 8)
- age   1:    2182640 bytes,    2182640 total
- age   2:    1738936 bytes,    3921576 total
- age   3:      65160 bytes,    3986736 total
- age   4:      95192 bytes,    4081928 total
- age   6:     187072 bytes,    4269000 total
- age   7:     751640 bytes,    5020640 total
- age   8:    6121152 bytes,   11141792 total
: 103902K->20463K(109248K), 0,0192584 secs] 103902K->20463K(502464K), 0,0193449 secs] [Times: user=0,07 sys=0,00, real=0,02 secs] 
Heap after GC invocations=8 (full 1):
 par new generation   total 109248K, used 20463K [0x00000000e0000000, 0x00000000e8000000, 0x00000000e8000000)
  eden space 87424K,   0% used [0x00000000e0000000, 0x00000000e0000000, 0x00000000e5560000)
  from space 21824K,  93% used [0x00000000e5560000, 0x00000000e695bef0, 0x00000000e6ab0000)
  to   space 21824K,   0% used [0x00000000e6ab0000, 0x00000000e6ab0000, 0x00000000e8000000)
 concurrent mark-sweep generation total 393216K, used 0K [0x00000000e8000000, 0x0000000100000000, 0x0000000100000000)
 Metaspace       used 24416K, capacity 24884K, committed 25084K, reserved 1071104K
  class space    used 2863K, capacity 3047K, committed 3068K, reserved 1048576K
}
2017-03-19T00:59:05.269+0100: 3,561: Total time for which application threads were stopped: 0,0196814 seconds, Stopping threads took: 0,0000971 seconds
{Heap before GC invocations=8 (full 1):
 par new generation   total 109248K, used 107887K [0x00000000e0000000, 0x00000000e8000000, 0x00000000e8000000)
  eden space 87424K, 100% used [0x00000000e0000000, 0x00000000e5560000, 0x00000000e5560000)
  from space 21824K,  93% used [0x00000000e5560000, 0x00000000e695bef0, 0x00000000e6ab0000)
  to   space 21824K,   0% used [0x00000000e6ab0000, 0x00000000e6ab0000, 0x00000000e8000000)
 concurrent mark-sweep generation total 393216K, used 0K [0x00000000e8000000, 0x0000000100000000, 0x0000000100000000)
 Metaspace       used 24816K, capacity 25262K, committed 25468K, reserved 1071104K
  class space    used 2902K, capacity 3084K, committed 3196K, reserved 1048576K
2017-03-19T00:59:05.388+0100: 3,681: [GC (Allocation Failure) 2017-03-19T00:59:05.388+0100: 3,681: [ParNew
Desired survivor size 20112992 bytes, new threshold 8 (max 8)
- age   1:    1137648 bytes,    1137648 total
- age   2:     983040 bytes,    2120688 total
- age   3:    1715896 bytes,    3836584 total
- age   4:      65160 bytes,    3901744 total
- age   5:      94896 bytes,    3996640 total
- age   7:     181600 bytes,    4178240 total
- age   8:     750104 bytes,    4928344 total
: 107887K->7445K(109248K), 0,0401859 secs] 107887K->13505K(502464K), 0,0402501 secs] [Times: user=0,09 sys=0,00, real=0,04 secs] 
Heap after GC invocations=9 (full 1):
 par new generation   total 109248K, used 7445K [0x00000000e0000000, 0x00000000e8000000, 0x00000000e8000000)
  eden space 87424K,   0% used [0x00000000e0000000, 0x00000000e0000000, 0x00000000e5560000)
  from space 21824K,  34% used [0x00000000e6ab0000, 0x00000000e71f5500, 0x00000000e8000000)
  to   space 21824K,   0% used [0x00000000e5560000, 0x00000000e5560000, 0x00000000e6ab0000)
 concurrent mark-sweep generation total 393216K, used 6060K [0x00000000e8000000, 0x0000000100000000, 0x0000000100000000)
 Metaspace       used 24816K, capacity 25262K, committed 25468K, reserved 1071104K
  class space    used 2902K, capacity 3084K, committed 3196K, reserved 1048576K
}
2017-03-19T00:59:05.429+0100: 3,721: Total time for which application threads were stopped: 0,0409582 seconds, Stopping threads took: 0,0005611 seconds
2017-03-19T00:59:05.657+0100: 3,949: Total time for which application threads were stopped: 0,0005194 seconds, Stopping threads took: 0,0000568 seconds
2017-03-19T00:59:05.672+0100: 3,964: Total time for which application threads were stopped: 0,0003748 seconds, Stopping threads took: 0,0000234 seconds
2017-03-19T00:59:05.717+0100: 4,009: Total time for which application threads were stopped: 0,0004242 seconds, Stopping threads took: 0,0000772 seconds
2017-03-19T00:59:05.765+0100: 4,057: Total time for which application threads were stopped: 0,0004745 seconds, Stopping threads took: 0,0000233 seconds
2017-03-19T00:59:05.782+0100: 4,074: Total time for which application threads were stopped: 0,0075920 seconds, Stopping threads took: 0,0074673 seconds
2017-03-19T00:59:05.785+0100: 4,078: Total time for which application threads were stopped: 0,0001319 seconds, Stopping threads took: 0,0000362 seconds
2017-03-19T00:59:05.794+0100: 4,086: Total time for which application threads were stopped: 0,0001771 seconds, Stopping threads took: 0,0000530 seconds
2017-03-19T00:59:05.805+0100: 4,098: Total time for which application threads were stopped: 0,0003230 seconds, Stopping threads took: 0,0002279 seconds
2017-03-19T00:59:05.842+0100: 4,135: Total time for which application threads were stopped: 0,0005961 seconds, Stopping threads took: 0,0001400 seconds
2017-03-19T00:59:05.850+0100: 4,143: Total time for which application threads were stopped: 0,0002116 seconds, Stopping threads took: 0,0000914 seconds
2017-03-19T00:59:05.859+0100: 4,152: Total time for which application threads were stopped: 0,0001522 seconds, Stopping threads took: 0,0000487 seconds
2017-03-19T00:59:05.861+0100: 4,154: Total time for which application threads were stopped: 0,0001399 seconds, Stopping threads took: 0,0000492 seconds
2017-03-19T00:59:05.871+0100: 4,164: Total time for which application threads were stopped: 0,0001352 seconds, Stopping threads took: 0,0000348 seconds
2017-03-19T00:59:05.872+0100: 4,164: Total time for which application threads were stopped: 0,0001087 seconds, Stopping threads took: 0,0000310 seconds
2017-03-19T00:59:05.873+0100: 4,165: Total time for which application threads were stopped: 0,0000619 seconds, Stopping threads took: 0,0000136 seconds
2017-03-19T00:59:05.874+0100: 4,167: Total time for which application threads were stopped: 0,0000963 seconds, Stopping threads took: 0,0000194 seconds
2017-03-19T00:59:05.875+0100: 4,168: Total time for which application threads were stopped: 0,0001174 seconds, Stopping threads took: 0,0000443 seconds
2017-03-19T00:59:05.876+0100: 4,168: Total time for which application threads were stopped: 0,0000783 seconds, Stopping threads took: 0,0000166 seconds
2017-03-19T00:59:05.877+0100: 4,170: Total time for which application threads were stopped: 0,0000847 seconds, Stopping threads took: 0,0000194 seconds
2017-03-19T00:59:05.878+0100: 4,170: Total time for which application threads were stopped: 0,0000753 seconds, Stopping threads took: 0,0000154 seconds
2017-03-19T00:59:05.879+0100: 4,171: Total time for which application threads were stopped: 0,0000859 seconds, Stopping threads took: 0,0000157 seconds
2017-03-19T00:59:06.879+0100: 5,171: Total time for which application threads were stopped: 0,0000967 seconds, Stopping threads took: 0,0000219 seconds
2017-03-19T00:59:07.879+0100: 6,171: Total time for which application threads were stopped: 0,0000634 seconds, Stopping threads took: 0,0000161 seconds
2017-03-19T00:59:17.881+0100: 16,173: Total time for which application threads were stopped: 0,0000753 seconds, Stopping threads took: 0,0000190 seconds
2017-03-19T00:59:23.881+0100: 22,174: Total time for which application threads were stopped: 0,0000716 seconds, Stopping threads took: 0,0000164 seconds
2017-03-19T00:59:33.882+0100: 32,175: Total time for which application threads were stopped: 0,0000687 seconds, Stopping threads took: 0,0000171 seconds
2017-03-19T00:59:42.883+0100: 41,176: Total time for which application threads were stopped: 0,0001028 seconds, Stopping threads took: 0,0000345 seconds
2017-03-19T01:01:03.891+0100: 122,184: Total time for which application threads were stopped: 0,0000797 seconds, Stopping threads took: 0,0000310 seconds
{Heap before GC invocations=9 (full 1):
 par new generation   total 109248K, used 94869K [0x00000000e0000000, 0x00000000e8000000, 0x00000000e8000000)
  eden space 87424K, 100% used [0x00000000e0000000, 0x00000000e5560000, 0x00000000e5560000)
  from space 21824K,  34% used [0x00000000e6ab0000, 0x00000000e71f5500, 0x00000000e8000000)
  to   space 21824K,   0% used [0x00000000e5560000, 0x00000000e5560000, 0x00000000e6ab0000)
 concurrent mark-sweep generation total 393216K, used 6060K [0x00000000e8000000, 0x0000000100000000, 0x0000000100000000)
 Metaspace       used 28003K, capacity 28494K, committed 28796K, reserved 1075200K
  class space    used 3215K, capacity 3390K, committed 3452K, reserved 1048576K
2017-03-19T01:01:57.793+0100: 176,086: [GC (Allocation Failure) 2017-03-19T01:01:57.793+0100: 176,086: [ParNew
Desired survivor size 20112992 bytes, new threshold 8 (max 8)
- age   1:   10797184 bytes,   10797184 total
- age   2:     231600 bytes,   11028784 total
- age   3:     204448 bytes,   11233232 total
- age   4:    1711520 bytes,   12944752 total
- age   5:      65160 bytes,   13009912 total
- age   6:      94768 bytes,   13104680 total
- age   8:     181168 bytes,   13285848 total
: 94869K->14041K(109248K), 0,0126075 secs] 100929K->20928K(502464K), 0,0126731 secs] [Times: user=0,04 sys=0,00, real=0,02 secs] 
Heap after GC invocations=10 (full 1):
 par new generation   total 109248K, used 14041K [0x00000000e0000000, 0x00000000e8000000, 0x00000000e8000000)
  eden space 87424K,   0% used [0x00000000e0000000, 0x00000000e0000000, 0x00000000e5560000)
  from space 21824K,  64% used [0x00000000e5560000, 0x00000000e6316550, 0x00000000e6ab0000)
  to   space 21824K,   0% used [0x00000000e6ab0000, 0x00000000e6ab0000, 0x00000000e8000000)
 concurrent mark-sweep generation total 393216K, used 6886K [0x00000000e8000000, 0x0000000100000000, 0x0000000100000000)
 Metaspace       used 28003K, capacity 28494K, committed 28796K, reserved 1075200K
  class space    used 3215K, capacity 3390K, committed 3452K, reserved 1048576K
}
2017-03-19T01:01:57.806+0100: 176,098: Total time for which application threads were stopped: 0,0128209 seconds, Stopping threads took: 0,0000309 seconds
2017-03-19T01:02:02.806+0100: 181,099: Total time for which application threads were stopped: 0,0000590 seconds, Stopping threads took: 0,0000130 seconds
2017-03-19T01:22:32.933+0100: 1411,225: Total time for which application threads were stopped: 0,0000924 seconds, Stopping threads took: 0,0000379 seconds
2017-03-19T01:26:07.956+0100: 1626,248: Total time for which application threads were stopped: 0,0000841 seconds, Stopping threads took: 0,0000317 seconds
2017-03-19T01:38:03.045+0100: 2341,337: Total time for which application threads were stopped: 0,0008268 seconds, Stopping threads took: 0,0002605 seconds
2017-03-19T01:38:04.045+0100: 2342,337: Total time for which application threads were stopped: 0,0000715 seconds, Stopping threads took: 0,0000161 seconds
2017-03-19T01:57:44.169+0100: 3522,461: Total time for which application threads were stopped: 0,0000793 seconds, Stopping threads took: 0,0000253 seconds
2017-03-19T02:05:04.215+0100: 3962,507: Total time for which application threads were stopped: 0,0004827 seconds, Stopping threads took: 0,0001769 seconds
2017-03-19T02:07:18.234+0100: 4096,527: Total time for which application threads were stopped: 0,0000806 seconds, Stopping threads took: 0,0000308 seconds
2017-03-19T02:07:28.236+0100: 4106,528: Total time for which application threads were stopped: 0,0000700 seconds, Stopping threads took: 0,0000152 seconds
2017-03-19T02:21:04.323+0100: 4922,615: Total time for which application threads were stopped: 0,0000813 seconds, Stopping threads took: 0,0000297 seconds
2017-03-19T02:21:54.328+0100: 4972,621: Total time for which application threads were stopped: 0,0004515 seconds, Stopping threads took: 0,0001705 seconds
2017-03-19T02:42:53.813+0100: 6232,105: Total time for which application threads were stopped: 0,0067091 seconds, Stopping threads took: 0,0066177 seconds
2017-03-19T02:42:53.813+0100: 6232,106: Total time for which application threads were stopped: 0,0000777 seconds, Stopping threads took: 0,0000262 seconds
2017-03-19T02:42:53.834+0100: 6232,127: Total time for which application threads were stopped: 0,0074437 seconds, Stopping threads took: 0,0073195 seconds
2017-03-19T02:42:53.841+0100: 6232,133: Total time for which application threads were stopped: 0,0001820 seconds, Stopping threads took: 0,0000597 seconds
2017-03-19T02:42:53.845+0100: 6232,137: Total time for which application threads were stopped: 0,0001007 seconds, Stopping threads took: 0,0000338 seconds
2017-03-19T02:42:53.848+0100: 6232,141: Total time for which application threads were stopped: 0,0002612 seconds, Stopping threads took: 0,0001370 seconds
Heap
 par new generation   total 109248K, used 34116K [0x00000000e0000000, 0x00000000e8000000, 0x00000000e8000000)
  eden space 87424K,  22% used [0x00000000e0000000, 0x00000000e139ab60, 0x00000000e5560000)
  from space 21824K,  64% used [0x00000000e5560000, 0x00000000e6316550, 0x00000000e6ab0000)
  to   space 21824K,   0% used [0x00000000e6ab0000, 0x00000000e6ab0000, 0x00000000e8000000)
 concurrent mark-sweep generation total 393216K, used 6886K [0x00000000e8000000, 0x0000000100000000, 0x0000000100000000)
 Metaspace       used 28118K, capacity 28662K, committed 28796K, reserved 1075200K
  class space    used 3229K, capacity 3424K, committed 3452K, reserved 1048576K
