OpenJDK 64-Bit Server VM (25.121-b13) for linux-amd64 JRE (1.8.0_121-8u121-b13-0ubuntu1.16.04.2-b13), built on Jan 23 2017 15:51:29 by "buildd" with gcc 5.4.0 20160609
Memory: 4k page, physical 7867800k(7511228k free), swap 8076284k(8076284k free)
CommandLine flags: -XX:CMSInitiatingOccupancyFraction=50 -XX:CMSMaxAbortablePrecleanTime=6000 -XX:+CMSParallelRemarkEnabled -XX:+CMSScavengeBeforeRemark -XX:ConcGCThreads=4 -XX:InitialHeapSize=536870912 -XX:MaxHeapSize=536870912 -XX:MaxTenuringThreshold=8 -XX:NewRatio=3 -XX:OldPLABSize=16 -XX:OnOutOfMemoryError=/opt/solr/bin/oom_solr.sh 8983 /var/solr/logs -XX:ParallelGCThreads=4 -XX:+ParallelRefProcEnabled -XX:PretenureSizeThreshold=67108864 -XX:+PrintGC -XX:+PrintGCApplicationStoppedTime -XX:+PrintGCDateStamps -XX:+PrintGCDetails -XX:+PrintGCTimeStamps -XX:+PrintHeapAtGC -XX:+PrintTenuringDistribution -XX:SurvivorRatio=4 -XX:TargetSurvivorRatio=90 -XX:ThreadStackSize=256 -XX:+UseCMSInitiatingOccupancyOnly -XX:+UseCompressedClassPointers -XX:+UseCompressedOops -XX:+UseConcMarkSweepGC -XX:+UseParNewGC 
2017-02-17T13:49:02.584+0100: 0,155: Total time for which application threads were stopped: 0,0000779 seconds, Stopping threads took: 0,0000132 seconds
2017-02-17T13:49:02.688+0100: 0,259: Total time for which application threads were stopped: 0,0001296 seconds, Stopping threads took: 0,0000298 seconds
2017-02-17T13:49:02.704+0100: 0,275: Total time for which application threads were stopped: 0,0000943 seconds, Stopping threads took: 0,0000154 seconds
2017-02-17T13:49:02.905+0100: 0,476: Total time for which application threads were stopped: 0,0001414 seconds, Stopping threads took: 0,0000132 seconds
2017-02-17T13:49:03.415+0100: 0,986: Total time for which application threads were stopped: 0,0001337 seconds, Stopping threads took: 0,0000172 seconds
2017-02-17T13:49:03.498+0100: 1,069: Total time for which application threads were stopped: 0,0002366 seconds, Stopping threads took: 0,0000313 seconds
2017-02-17T13:49:03.524+0100: 1,096: Total time for which application threads were stopped: 0,0002879 seconds, Stopping threads took: 0,0000428 seconds
2017-02-17T13:49:03.798+0100: 1,369: Total time for which application threads were stopped: 0,0001710 seconds, Stopping threads took: 0,0000122 seconds
2017-02-17T13:49:04.016+0100: 1,587: Total time for which application threads were stopped: 0,0001998 seconds, Stopping threads took: 0,0000156 seconds
2017-02-17T13:49:04.042+0100: 1,613: Total time for which application threads were stopped: 0,0004050 seconds, Stopping threads took: 0,0000203 seconds
2017-02-17T13:49:04.082+0100: 1,653: Total time for which application threads were stopped: 0,0003370 seconds, Stopping threads took: 0,0000203 seconds
2017-02-17T13:49:04.083+0100: 1,654: Total time for which application threads were stopped: 0,0001789 seconds, Stopping threads took: 0,0000177 seconds
2017-02-17T13:49:04.103+0100: 1,674: Total time for which application threads were stopped: 0,0003344 seconds, Stopping threads took: 0,0000207 seconds
2017-02-17T13:49:04.190+0100: 1,761: Total time for which application threads were stopped: 0,0003727 seconds, Stopping threads took: 0,0000261 seconds
2017-02-17T13:49:04.359+0100: 1,930: Total time for which application threads were stopped: 0,0002520 seconds, Stopping threads took: 0,0000202 seconds
{Heap before GC invocations=0 (full 0):
 par new generation   total 109248K, used 87424K [0x00000000e0000000, 0x00000000e8000000, 0x00000000e8000000)
  eden space 87424K, 100% used [0x00000000e0000000, 0x00000000e5560000, 0x00000000e5560000)
  from space 21824K,   0% used [0x00000000e5560000, 0x00000000e5560000, 0x00000000e6ab0000)
  to   space 21824K,   0% used [0x00000000e6ab0000, 0x00000000e6ab0000, 0x00000000e8000000)
 concurrent mark-sweep generation total 393216K, used 0K [0x00000000e8000000, 0x0000000100000000, 0x0000000100000000)
 Metaspace       used 18167K, capacity 18464K, committed 18688K, reserved 1064960K
  class space    used 2055K, capacity 2196K, committed 2304K, reserved 1048576K
2017-02-17T13:49:04.464+0100: 2,036: [GC (Allocation Failure) 2017-02-17T13:49:04.464+0100: 2,036: [ParNew
Desired survivor size 20112992 bytes, new threshold 8 (max 8)
- age   1:   12744520 bytes,   12744520 total
: 87424K->12557K(109248K), 0,0166896 secs] 87424K->12557K(502464K), 0,0167721 secs] [Times: user=0,04 sys=0,01, real=0,02 secs] 
Heap after GC invocations=1 (full 0):
 par new generation   total 109248K, used 12557K [0x00000000e0000000, 0x00000000e8000000, 0x00000000e8000000)
  eden space 87424K,   0% used [0x00000000e0000000, 0x00000000e0000000, 0x00000000e5560000)
  from space 21824K,  57% used [0x00000000e6ab0000, 0x00000000e76f3408, 0x00000000e8000000)
  to   space 21824K,   0% used [0x00000000e5560000, 0x00000000e5560000, 0x00000000e6ab0000)
 concurrent mark-sweep generation total 393216K, used 0K [0x00000000e8000000, 0x0000000100000000, 0x0000000100000000)
 Metaspace       used 18167K, capacity 18464K, committed 18688K, reserved 1064960K
  class space    used 2055K, capacity 2196K, committed 2304K, reserved 1048576K
}
2017-02-17T13:49:04.481+0100: 2,052: Total time for which application threads were stopped: 0,0170386 seconds, Stopping threads took: 0,0000725 seconds
2017-02-17T13:49:04.758+0100: 2,329: Total time for which application threads were stopped: 0,0003489 seconds, Stopping threads took: 0,0000308 seconds
{Heap before GC invocations=1 (full 0):
 par new generation   total 109248K, used 99981K [0x00000000e0000000, 0x00000000e8000000, 0x00000000e8000000)
  eden space 87424K, 100% used [0x00000000e0000000, 0x00000000e5560000, 0x00000000e5560000)
  from space 21824K,  57% used [0x00000000e6ab0000, 0x00000000e76f3408, 0x00000000e8000000)
  to   space 21824K,   0% used [0x00000000e5560000, 0x00000000e5560000, 0x00000000e6ab0000)
 concurrent mark-sweep generation total 393216K, used 0K [0x00000000e8000000, 0x0000000100000000, 0x0000000100000000)
 Metaspace       used 20031K, capacity 20366K, committed 20736K, reserved 1067008K
  class space    used 2295K, capacity 2469K, committed 2560K, reserved 1048576K
2017-02-17T13:49:04.805+0100: 2,376: [GC (Allocation Failure) 2017-02-17T13:49:04.805+0100: 2,377: [ParNew
Desired survivor size 20112992 bytes, new threshold 8 (max 8)
- age   1:    3363216 bytes,    3363216 total
- age   2:    6680280 bytes,   10043496 total
: 99981K->13847K(109248K), 0,0206323 secs] 99981K->13847K(502464K), 0,0207336 secs] [Times: user=0,07 sys=0,01, real=0,02 secs] 
Heap after GC invocations=2 (full 0):
 par new generation   total 109248K, used 13847K [0x00000000e0000000, 0x00000000e8000000, 0x00000000e8000000)
  eden space 87424K,   0% used [0x00000000e0000000, 0x00000000e0000000, 0x00000000e5560000)
  from space 21824K,  63% used [0x00000000e5560000, 0x00000000e62e5e20, 0x00000000e6ab0000)
  to   space 21824K,   0% used [0x00000000e6ab0000, 0x00000000e6ab0000, 0x00000000e8000000)
 concurrent mark-sweep generation total 393216K, used 0K [0x00000000e8000000, 0x0000000100000000, 0x0000000100000000)
 Metaspace       used 20031K, capacity 20366K, committed 20736K, reserved 1067008K
  class space    used 2295K, capacity 2469K, committed 2560K, reserved 1048576K
}
2017-02-17T13:49:04.826+0100: 2,397: Total time for which application threads were stopped: 0,0262375 seconds, Stopping threads took: 0,0053092 seconds
2017-02-17T13:49:04.834+0100: 2,405: Total time for which application threads were stopped: 0,0005411 seconds, Stopping threads took: 0,0000958 seconds
2017-02-17T13:49:04.881+0100: 2,452: Total time for which application threads were stopped: 0,0003167 seconds, Stopping threads took: 0,0000256 seconds
2017-02-17T13:49:05.005+0100: 2,577: Total time for which application threads were stopped: 0,0028450 seconds, Stopping threads took: 0,0026857 seconds
{Heap before GC invocations=2 (full 0):
 par new generation   total 109248K, used 101271K [0x00000000e0000000, 0x00000000e8000000, 0x00000000e8000000)
  eden space 87424K, 100% used [0x00000000e0000000, 0x00000000e5560000, 0x00000000e5560000)
  from space 21824K,  63% used [0x00000000e5560000, 0x00000000e62e5e20, 0x00000000e6ab0000)
  to   space 21824K,   0% used [0x00000000e6ab0000, 0x00000000e6ab0000, 0x00000000e8000000)
 concurrent mark-sweep generation total 393216K, used 0K [0x00000000e8000000, 0x0000000100000000, 0x0000000100000000)
 Metaspace       used 20952K, capacity 21288K, committed 21552K, reserved 1069056K
  class space    used 2419K, capacity 2588K, committed 2608K, reserved 1048576K
2017-02-17T13:49:05.026+0100: 2,598: [GC (Allocation Failure) 2017-02-17T13:49:05.026+0100: 2,598: [ParNew
Desired survivor size 20112992 bytes, new threshold 8 (max 8)
- age   1:    2234360 bytes,    2234360 total
- age   2:     833400 bytes,    3067760 total
- age   3:    6676512 bytes,    9744272 total
: 101271K->11312K(109248K), 0,0100131 secs] 101271K->11312K(502464K), 0,0100952 secs] [Times: user=0,03 sys=0,00, real=0,01 secs] 
Heap after GC invocations=3 (full 0):
 par new generation   total 109248K, used 11312K [0x00000000e0000000, 0x00000000e8000000, 0x00000000e8000000)
  eden space 87424K,   0% used [0x00000000e0000000, 0x00000000e0000000, 0x00000000e5560000)
  from space 21824K,  51% used [0x00000000e6ab0000, 0x00000000e75bc200, 0x00000000e8000000)
  to   space 21824K,   0% used [0x00000000e5560000, 0x00000000e5560000, 0x00000000e6ab0000)
 concurrent mark-sweep generation total 393216K, used 0K [0x00000000e8000000, 0x0000000100000000, 0x0000000100000000)
 Metaspace       used 20952K, capacity 21288K, committed 21552K, reserved 1069056K
  class space    used 2419K, capacity 2588K, committed 2608K, reserved 1048576K
}
2017-02-17T13:49:05.036+0100: 2,608: Total time for which application threads were stopped: 0,0103130 seconds, Stopping threads took: 0,0000655 seconds
2017-02-17T13:49:05.038+0100: 2,609: [GC (CMS Initial Mark) [1 CMS-initial-mark: 0K(393216K)] 12037K(502464K), 0,0029038 secs] [Times: user=0,01 sys=0,00, real=0,00 secs] 
2017-02-17T13:49:05.041+0100: 2,612: Total time for which application threads were stopped: 0,0030776 seconds, Stopping threads took: 0,0000725 seconds
2017-02-17T13:49:05.041+0100: 2,612: [CMS-concurrent-mark-start]
2017-02-17T13:49:05.041+0100: 2,612: [CMS-concurrent-mark: 0,000/0,000 secs] [Times: user=0,00 sys=0,00, real=0,00 secs] 
2017-02-17T13:49:05.041+0100: 2,612: [CMS-concurrent-preclean-start]
2017-02-17T13:49:05.042+0100: 2,613: [CMS-concurrent-preclean: 0,001/0,001 secs] [Times: user=0,00 sys=0,00, real=0,00 secs] 
2017-02-17T13:49:05.042+0100: 2,613: [CMS-concurrent-abortable-preclean-start]
{Heap before GC invocations=3 (full 1):
 par new generation   total 109248K, used 98736K [0x00000000e0000000, 0x00000000e8000000, 0x00000000e8000000)
  eden space 87424K, 100% used [0x00000000e0000000, 0x00000000e5560000, 0x00000000e5560000)
  from space 21824K,  51% used [0x00000000e6ab0000, 0x00000000e75bc200, 0x00000000e8000000)
  to   space 21824K,   0% used [0x00000000e5560000, 0x00000000e5560000, 0x00000000e6ab0000)
 concurrent mark-sweep generation total 393216K, used 0K [0x00000000e8000000, 0x0000000100000000, 0x0000000100000000)
 Metaspace       used 21246K, capacity 21576K, committed 21628K, reserved 1069056K
  class space    used 2450K, capacity 2605K, committed 2608K, reserved 1048576K
2017-02-17T13:49:05.168+0100: 2,740: [GC (Allocation Failure) 2017-02-17T13:49:05.168+0100: 2,740: [ParNew
Desired survivor size 20112992 bytes, new threshold 8 (max 8)
- age   1:     735752 bytes,     735752 total
- age   2:    1449568 bytes,    2185320 total
- age   3:     798120 bytes,    2983440 total
- age   4:    6676624 bytes,    9660064 total
: 98736K->12826K(109248K), 0,0103581 secs] 98736K->12826K(502464K), 0,0104266 secs] [Times: user=0,04 sys=0,00, real=0,02 secs] 
Heap after GC invocations=4 (full 1):
 par new generation   total 109248K, used 12826K [0x00000000e0000000, 0x00000000e8000000, 0x00000000e8000000)
  eden space 87424K,   0% used [0x00000000e0000000, 0x00000000e0000000, 0x00000000e5560000)
  from space 21824K,  58% used [0x00000000e5560000, 0x00000000e61e6940, 0x00000000e6ab0000)
  to   space 21824K,   0% used [0x00000000e6ab0000, 0x00000000e6ab0000, 0x00000000e8000000)
 concurrent mark-sweep generation total 393216K, used 0K [0x00000000e8000000, 0x0000000100000000, 0x0000000100000000)
 Metaspace       used 21246K, capacity 21576K, committed 21628K, reserved 1069056K
  class space    used 2450K, capacity 2605K, committed 2608K, reserved 1048576K
}
2017-02-17T13:49:05.179+0100: 2,750: Total time for which application threads were stopped: 0,0106541 seconds, Stopping threads took: 0,0000680 seconds
2017-02-17T13:49:05.229+0100: 2,801: Total time for which application threads were stopped: 0,0001331 seconds, Stopping threads took: 0,0000387 seconds
2017-02-17T13:49:05.231+0100: 2,802: Total time for which application threads were stopped: 0,0001134 seconds, Stopping threads took: 0,0000542 seconds
{Heap before GC invocations=4 (full 1):
 par new generation   total 109248K, used 100250K [0x00000000e0000000, 0x00000000e8000000, 0x00000000e8000000)
  eden space 87424K, 100% used [0x00000000e0000000, 0x00000000e5560000, 0x00000000e5560000)
  from space 21824K,  58% used [0x00000000e5560000, 0x00000000e61e6940, 0x00000000e6ab0000)
  to   space 21824K,   0% used [0x00000000e6ab0000, 0x00000000e6ab0000, 0x00000000e8000000)
 concurrent mark-sweep generation total 393216K, used 0K [0x00000000e8000000, 0x0000000100000000, 0x0000000100000000)
 Metaspace       used 21409K, capacity 21812K, committed 21960K, reserved 1069056K
  class space    used 2469K, capacity 2639K, committed 2684K, reserved 1048576K
2017-02-17T13:49:05.291+0100: 2,862: [GC (Allocation Failure) 2017-02-17T13:49:05.291+0100: 2,862: [ParNew
Desired survivor size 20112992 bytes, new threshold 8 (max 8)
- age   1:     605632 bytes,     605632 total
- age   2:     189296 bytes,     794928 total
- age   3:    1449464 bytes,    2244392 total
- age   4:     798008 bytes,    3042400 total
- age   5:    6676576 bytes,    9718976 total
: 100250K->11350K(109248K), 0,0100911 secs] 100250K->11350K(502464K), 0,0101636 secs] [Times: user=0,04 sys=0,00, real=0,01 secs] 
Heap after GC invocations=5 (full 1):
 par new generation   total 109248K, used 11350K [0x00000000e0000000, 0x00000000e8000000, 0x00000000e8000000)
  eden space 87424K,   0% used [0x00000000e0000000, 0x00000000e0000000, 0x00000000e5560000)
  from space 21824K,  52% used [0x00000000e6ab0000, 0x00000000e75c5a40, 0x00000000e8000000)
  to   space 21824K,   0% used [0x00000000e5560000, 0x00000000e5560000, 0x00000000e6ab0000)
 concurrent mark-sweep generation total 393216K, used 0K [0x00000000e8000000, 0x0000000100000000, 0x0000000100000000)
 Metaspace       used 21409K, capacity 21812K, committed 21960K, reserved 1069056K
  class space    used 2469K, capacity 2639K, committed 2684K, reserved 1048576K
}
2017-02-17T13:49:05.301+0100: 2,872: Total time for which application threads were stopped: 0,0104132 seconds, Stopping threads took: 0,0001021 seconds
2017-02-17T13:49:05.301+0100: 2,872: [CMS-concurrent-abortable-preclean: 0,168/0,259 secs] [Times: user=0,97 sys=0,00, real=0,26 secs] 
2017-02-17T13:49:05.301+0100: 2,872: [GC (CMS Final Remark) [YG occupancy: 11382 K (109248 K)]{Heap before GC invocations=5 (full 1):
 par new generation   total 109248K, used 11382K [0x00000000e0000000, 0x00000000e8000000, 0x00000000e8000000)
  eden space 87424K,   0% used [0x00000000e0000000, 0x00000000e0008010, 0x00000000e5560000)
  from space 21824K,  52% used [0x00000000e6ab0000, 0x00000000e75c5a40, 0x00000000e8000000)
  to   space 21824K,   0% used [0x00000000e5560000, 0x00000000e5560000, 0x00000000e6ab0000)
 concurrent mark-sweep generation total 393216K, used 0K [0x00000000e8000000, 0x0000000100000000, 0x0000000100000000)
 Metaspace       used 21409K, capacity 21812K, committed 21960K, reserved 1069056K
  class space    used 2469K, capacity 2639K, committed 2684K, reserved 1048576K
2017-02-17T13:49:05.301+0100: 2,872: [GC (CMS Final Remark) 2017-02-17T13:49:05.301+0100: 2,872: [ParNew
Desired survivor size 20112992 bytes, new threshold 8 (max 8)
- age   1:      32784 bytes,      32784 total
- age   2:     600328 bytes,     633112 total
- age   3:     189296 bytes,     822408 total
- age   4:    1449568 bytes,    2271976 total
- age   5:     798008 bytes,    3069984 total
- age   6:    6676600 bytes,    9746584 total
: 11382K->14939K(109248K), 0,0096953 secs] 11382K->14939K(502464K), 0,0097481 secs] [Times: user=0,04 sys=0,00, real=0,01 secs] 
Heap after GC invocations=6 (full 1):
 par new generation   total 109248K, used 14939K [0x00000000e0000000, 0x00000000e8000000, 0x00000000e8000000)
  eden space 87424K,   0% used [0x00000000e0000000, 0x00000000e0000000, 0x00000000e5560000)
  from space 21824K,  68% used [0x00000000e5560000, 0x00000000e63f6fe0, 0x00000000e6ab0000)
  to   space 21824K,   0% used [0x00000000e6ab0000, 0x00000000e6ab0000, 0x00000000e8000000)
 concurrent mark-sweep generation total 393216K, used 0K [0x00000000e8000000, 0x0000000100000000, 0x0000000100000000)
 Metaspace       used 21409K, capacity 21812K, committed 21960K, reserved 1069056K
  class space    used 2469K, capacity 2639K, committed 2684K, reserved 1048576K
}
2017-02-17T13:49:05.311+0100: 2,882: [Rescan (parallel) , 0,0038310 secs]2017-02-17T13:49:05.315+0100: 2,886: [weak refs processing, 0,0014008 secs]2017-02-17T13:49:05.316+0100: 2,887: [class unloading, 0,0029687 secs]2017-02-17T13:49:05.319+0100: 2,890: [scrub symbol table, 0,0030875 secs]2017-02-17T13:49:05.322+0100: 2,893: [scrub string table, 0,0003797 secs][1 CMS-remark: 0K(393216K)] 14939K(502464K), 0,0220641 secs] [Times: user=0,06 sys=0,00, real=0,02 secs] 
2017-02-17T13:49:05.323+0100: 2,894: Total time for which application threads were stopped: 0,0221958 seconds, Stopping threads took: 0,0000495 seconds
2017-02-17T13:49:05.329+0100: 2,901: [CMS-concurrent-sweep-start]
2017-02-17T13:49:05.329+0100: 2,901: [CMS-concurrent-sweep: 0,000/0,000 secs] [Times: user=0,00 sys=0,00, real=0,00 secs] 
2017-02-17T13:49:05.329+0100: 2,901: [CMS-concurrent-reset-start]
2017-02-17T13:49:05.332+0100: 2,903: [CMS-concurrent-reset: 0,002/0,002 secs] [Times: user=0,01 sys=0,00, real=0,00 secs] 
2017-02-17T13:49:05.364+0100: 2,935: Total time for which application threads were stopped: 0,0003342 seconds, Stopping threads took: 0,0000233 seconds
2017-02-17T13:49:05.566+0100: 3,137: Total time for which application threads were stopped: 0,0005799 seconds, Stopping threads took: 0,0000589 seconds
2017-02-17T13:49:05.583+0100: 3,154: Total time for which application threads were stopped: 0,0003733 seconds, Stopping threads took: 0,0000524 seconds
{Heap before GC invocations=6 (full 1):
 par new generation   total 109248K, used 102363K [0x00000000e0000000, 0x00000000e8000000, 0x00000000e8000000)
  eden space 87424K, 100% used [0x00000000e0000000, 0x00000000e5560000, 0x00000000e5560000)
  from space 21824K,  68% used [0x00000000e5560000, 0x00000000e63f6fe0, 0x00000000e6ab0000)
  to   space 21824K,   0% used [0x00000000e6ab0000, 0x00000000e6ab0000, 0x00000000e8000000)
 concurrent mark-sweep generation total 393216K, used 0K [0x00000000e8000000, 0x0000000100000000, 0x0000000100000000)
 Metaspace       used 24372K, capacity 24828K, committed 25084K, reserved 1071104K
  class space    used 2864K, capacity 3047K, committed 3068K, reserved 1048576K
2017-02-17T13:49:05.789+0100: 3,361: [GC (Allocation Failure) 2017-02-17T13:49:05.789+0100: 3,361: [ParNew
Desired survivor size 20112992 bytes, new threshold 8 (max 8)
- age   1:    5355176 bytes,    5355176 total
- age   3:     108488 bytes,    5463664 total
- age   4:     187880 bytes,    5651544 total
- age   5:     279440 bytes,    5930984 total
- age   6:     773792 bytes,    6704776 total
- age   7:    6668928 bytes,   13373704 total
: 102363K->15798K(109248K), 0,0124668 secs] 102363K->15798K(502464K), 0,0125329 secs] [Times: user=0,05 sys=0,01, real=0,01 secs] 
Heap after GC invocations=7 (full 1):
 par new generation   total 109248K, used 15798K [0x00000000e0000000, 0x00000000e8000000, 0x00000000e8000000)
  eden space 87424K,   0% used [0x00000000e0000000, 0x00000000e0000000, 0x00000000e5560000)
  from space 21824K,  72% used [0x00000000e6ab0000, 0x00000000e7a1d880, 0x00000000e8000000)
  to   space 21824K,   0% used [0x00000000e5560000, 0x00000000e5560000, 0x00000000e6ab0000)
 concurrent mark-sweep generation total 393216K, used 0K [0x00000000e8000000, 0x0000000100000000, 0x0000000100000000)
 Metaspace       used 24372K, capacity 24828K, committed 25084K, reserved 1071104K
  class space    used 2864K, capacity 3047K, committed 3068K, reserved 1048576K
}
2017-02-17T13:49:05.802+0100: 3,373: Total time for which application threads were stopped: 0,0170141 seconds, Stopping threads took: 0,0042828 seconds
{Heap before GC invocations=7 (full 1):
 par new generation   total 109248K, used 103222K [0x00000000e0000000, 0x00000000e8000000, 0x00000000e8000000)
  eden space 87424K, 100% used [0x00000000e0000000, 0x00000000e5560000, 0x00000000e5560000)
  from space 21824K,  72% used [0x00000000e6ab0000, 0x00000000e7a1d880, 0x00000000e8000000)
  to   space 21824K,   0% used [0x00000000e5560000, 0x00000000e5560000, 0x00000000e6ab0000)
 concurrent mark-sweep generation total 393216K, used 0K [0x00000000e8000000, 0x0000000100000000, 0x0000000100000000)
 Metaspace       used 24803K, capacity 25266K, committed 25468K, reserved 1071104K
  class space    used 2903K, capacity 3083K, committed 3196K, reserved 1048576K
2017-02-17T13:49:05.921+0100: 3,492: [GC (Allocation Failure) 2017-02-17T13:49:05.921+0100: 3,492: [ParNew
Desired survivor size 20112992 bytes, new threshold 8 (max 8)
- age   1:     721328 bytes,     721328 total
- age   2:    2216664 bytes,    2937992 total
- age   4:      81960 bytes,    3019952 total
- age   5:     143256 bytes,    3163208 total
- age   6:     231408 bytes,    3394616 total
- age   7:     747152 bytes,    4141768 total
- age   8:    6402528 bytes,   10544296 total
: 103222K->16385K(109248K), 0,0260099 secs] 103222K->16385K(502464K), 0,0260759 secs] [Times: user=0,10 sys=0,00, real=0,02 secs] 
Heap after GC invocations=8 (full 1):
 par new generation   total 109248K, used 16385K [0x00000000e0000000, 0x00000000e8000000, 0x00000000e8000000)
  eden space 87424K,   0% used [0x00000000e0000000, 0x00000000e0000000, 0x00000000e5560000)
  from space 21824K,  75% used [0x00000000e5560000, 0x00000000e6560590, 0x00000000e6ab0000)
  to   space 21824K,   0% used [0x00000000e6ab0000, 0x00000000e6ab0000, 0x00000000e8000000)
 concurrent mark-sweep generation total 393216K, used 0K [0x00000000e8000000, 0x0000000100000000, 0x0000000100000000)
 Metaspace       used 24803K, capacity 25266K, committed 25468K, reserved 1071104K
  class space    used 2903K, capacity 3083K, committed 3196K, reserved 1048576K
}
2017-02-17T13:49:05.947+0100: 3,519: Total time for which application threads were stopped: 0,0262682 seconds, Stopping threads took: 0,0000420 seconds
2017-02-17T13:49:06.168+0100: 3,740: Total time for which application threads were stopped: 0,0003899 seconds, Stopping threads took: 0,0000209 seconds
2017-02-17T13:49:06.218+0100: 3,789: Total time for which application threads were stopped: 0,0005322 seconds, Stopping threads took: 0,0000411 seconds
2017-02-17T13:49:06.240+0100: 3,811: Total time for which application threads were stopped: 0,0005082 seconds, Stopping threads took: 0,0000437 seconds
2017-02-17T13:49:06.311+0100: 3,882: Total time for which application threads were stopped: 0,0005042 seconds, Stopping threads took: 0,0000643 seconds
2017-02-17T13:49:06.436+0100: 4,007: Total time for which application threads were stopped: 0,0004955 seconds, Stopping threads took: 0,0000471 seconds
2017-02-17T13:49:06.482+0100: 4,053: Total time for which application threads were stopped: 0,0008401 seconds, Stopping threads took: 0,0000602 seconds
2017-02-17T13:49:34.486+0100: 32,057: Total time for which application threads were stopped: 0,0000961 seconds, Stopping threads took: 0,0000401 seconds
2017-02-17T13:49:54.491+0100: 52,062: Total time for which application threads were stopped: 0,0000858 seconds, Stopping threads took: 0,0000359 seconds
2017-02-17T13:50:59.500+0100: 117,071: Total time for which application threads were stopped: 0,0001091 seconds, Stopping threads took: 0,0000442 seconds
2017-02-17T13:51:04.501+0100: 122,072: Total time for which application threads were stopped: 0,0000885 seconds, Stopping threads took: 0,0000254 seconds
2017-02-17T13:51:43.506+0100: 161,077: Total time for which application threads were stopped: 0,0001404 seconds, Stopping threads took: 0,0000585 seconds
2017-02-17T13:51:48.507+0100: 166,078: Total time for which application threads were stopped: 0,0000823 seconds, Stopping threads took: 0,0000192 seconds
2017-02-17T13:51:53.507+0100: 171,079: Total time for which application threads were stopped: 0,0000874 seconds, Stopping threads took: 0,0000204 seconds
2017-02-17T13:51:58.508+0100: 176,080: Total time for which application threads were stopped: 0,0001727 seconds, Stopping threads took: 0,0000654 seconds
2017-02-17T13:52:03.509+0100: 181,080: Total time for which application threads were stopped: 0,0001405 seconds, Stopping threads took: 0,0000334 seconds
2017-02-17T13:52:08.510+0100: 186,081: Total time for which application threads were stopped: 0,0001309 seconds, Stopping threads took: 0,0000338 seconds
2017-02-17T13:52:18.512+0100: 196,083: Total time for which application threads were stopped: 0,0000669 seconds, Stopping threads took: 0,0000161 seconds
2017-02-17T13:53:14.521+0100: 252,092: Total time for which application threads were stopped: 0,0001008 seconds, Stopping threads took: 0,0000364 seconds
2017-02-17T13:53:18.522+0100: 256,093: Total time for which application threads were stopped: 0,0001525 seconds, Stopping threads took: 0,0000360 seconds
2017-02-17T13:53:24.523+0100: 262,094: Total time for which application threads were stopped: 0,0001739 seconds, Stopping threads took: 0,0000347 seconds
2017-02-17T13:53:29.524+0100: 267,095: Total time for which application threads were stopped: 0,0000961 seconds, Stopping threads took: 0,0000361 seconds
2017-02-17T13:53:38.526+0100: 276,097: Total time for which application threads were stopped: 0,0000978 seconds, Stopping threads took: 0,0000156 seconds
2017-02-17T14:12:33.695+0100: 1411,266: Total time for which application threads were stopped: 0,0001856 seconds, Stopping threads took: 0,0000655 seconds
2017-02-17T14:12:34.695+0100: 1412,266: Total time for which application threads were stopped: 0,0000857 seconds, Stopping threads took: 0,0000195 seconds
2017-02-17T14:17:48.742+0100: 1726,313: Total time for which application threads were stopped: 0,0001048 seconds, Stopping threads took: 0,0000348 seconds
2017-02-17T14:28:04.835+0100: 2342,406: Total time for which application threads were stopped: 0,0001965 seconds, Stopping threads took: 0,0000690 seconds
2017-02-17T14:28:08.836+0100: 2346,407: Total time for which application threads were stopped: 0,0001044 seconds, Stopping threads took: 0,0000242 seconds
2017-02-17T14:47:35.005+0100: 3512,576: Total time for which application threads were stopped: 0,0000723 seconds, Stopping threads took: 0,0000240 seconds
{Heap before GC invocations=8 (full 1):
 par new generation   total 109248K, used 103809K [0x00000000e0000000, 0x00000000e8000000, 0x00000000e8000000)
  eden space 87424K, 100% used [0x00000000e0000000, 0x00000000e5560000, 0x00000000e5560000)
  from space 21824K,  75% used [0x00000000e5560000, 0x00000000e6560590, 0x00000000e6ab0000)
  to   space 21824K,   0% used [0x00000000e6ab0000, 0x00000000e6ab0000, 0x00000000e8000000)
 concurrent mark-sweep generation total 393216K, used 0K [0x00000000e8000000, 0x0000000100000000, 0x0000000100000000)
 Metaspace       used 28066K, capacity 28578K, committed 28796K, reserved 1075200K
  class space    used 3227K, capacity 3397K, committed 3452K, reserved 1048576K
2017-02-17T14:51:10.124+0100: 3727,695: [GC (Allocation Failure) 2017-02-17T14:51:10.124+0100: 3727,695: [ParNew
Desired survivor size 20112992 bytes, new threshold 8 (max 8)
- age   1:   12915288 bytes,   12915288 total
- age   2:     274064 bytes,   13189352 total
- age   3:    1818320 bytes,   15007672 total
- age   5:      81960 bytes,   15089632 total
- age   6:     140584 bytes,   15230216 total
- age   7:     231152 bytes,   15461368 total
- age   8:     745424 bytes,   16206792 total
: 103809K->18091K(109248K), 0,1673046 secs] 103809K->24877K(502464K), 0,1673889 secs] [Times: user=0,13 sys=0,00, real=0,17 secs] 
Heap after GC invocations=9 (full 1):
 par new generation   total 109248K, used 18091K [0x00000000e0000000, 0x00000000e8000000, 0x00000000e8000000)
  eden space 87424K,   0% used [0x00000000e0000000, 0x00000000e0000000, 0x00000000e5560000)
  from space 21824K,  82% used [0x00000000e6ab0000, 0x00000000e7c5ae50, 0x00000000e8000000)
  to   space 21824K,   0% used [0x00000000e5560000, 0x00000000e5560000, 0x00000000e6ab0000)
 concurrent mark-sweep generation total 393216K, used 6786K [0x00000000e8000000, 0x0000000100000000, 0x0000000100000000)
 Metaspace       used 28066K, capacity 28578K, committed 28796K, reserved 1075200K
  class space    used 3227K, capacity 3397K, committed 3452K, reserved 1048576K
}
2017-02-17T14:51:10.291+0100: 3727,862: Total time for which application threads were stopped: 0,1676021 seconds, Stopping threads took: 0,0000351 seconds
2017-02-17T14:51:10.307+0100: 3727,878: Total time for which application threads were stopped: 0,0000979 seconds, Stopping threads took: 0,0000276 seconds
2017-02-17T14:51:10.316+0100: 3727,887: Total time for which application threads were stopped: 0,0004018 seconds, Stopping threads took: 0,0002940 seconds
2017-02-17T14:51:10.323+0100: 3727,895: Total time for which application threads were stopped: 0,0011621 seconds, Stopping threads took: 0,0010504 seconds
2017-02-17T14:51:10.325+0100: 3727,896: Total time for which application threads were stopped: 0,0001524 seconds, Stopping threads took: 0,0000442 seconds
Heap
 par new generation   total 109248K, used 25539K [0x00000000e0000000, 0x00000000e8000000, 0x00000000e8000000)
  eden space 87424K,   8% used [0x00000000e0000000, 0x00000000e0745fd8, 0x00000000e5560000)
  from space 21824K,  82% used [0x00000000e6ab0000, 0x00000000e7c5ae50, 0x00000000e8000000)
  to   space 21824K,   0% used [0x00000000e5560000, 0x00000000e5560000, 0x00000000e6ab0000)
 concurrent mark-sweep generation total 393216K, used 6786K [0x00000000e8000000, 0x0000000100000000, 0x0000000100000000)
 Metaspace       used 28149K, capacity 28684K, committed 28796K, reserved 1075200K
  class space    used 3235K, capacity 3430K, committed 3452K, reserved 1048576K
