OpenJDK 64-Bit Server VM (25.121-b13) for linux-amd64 JRE (1.8.0_121-8u121-b13-0ubuntu1.16.04.2-b13), built on Jan 23 2017 15:51:29 by "buildd" with gcc 5.4.0 20160609
Memory: 4k page, physical 7867760k(7444580k free), swap 8076284k(8076284k free)
CommandLine flags: -XX:CMSInitiatingOccupancyFraction=50 -XX:CMSMaxAbortablePrecleanTime=6000 -XX:+CMSParallelRemarkEnabled -XX:+CMSScavengeBeforeRemark -XX:ConcGCThreads=4 -XX:InitialHeapSize=536870912 -XX:MaxHeapSize=536870912 -XX:MaxTenuringThreshold=8 -XX:NewRatio=3 -XX:OldPLABSize=16 -XX:OnOutOfMemoryError=/opt/solr/bin/oom_solr.sh 8983 /var/solr/logs -XX:ParallelGCThreads=4 -XX:+ParallelRefProcEnabled -XX:PretenureSizeThreshold=67108864 -XX:+PrintGC -XX:+PrintGCApplicationStoppedTime -XX:+PrintGCDateStamps -XX:+PrintGCDetails -XX:+PrintGCTimeStamps -XX:+PrintHeapAtGC -XX:+PrintTenuringDistribution -XX:SurvivorRatio=4 -XX:TargetSurvivorRatio=90 -XX:ThreadStackSize=256 -XX:+UseCMSInitiatingOccupancyOnly -XX:+UseCompressedClassPointers -XX:+UseCompressedOops -XX:+UseConcMarkSweepGC -XX:+UseParNewGC 
2017-03-21T07:28:00.699+0100: 0,124: Total time for which application threads were stopped: 0,0001061 seconds, Stopping threads took: 0,0000112 seconds
2017-03-21T07:28:00.779+0100: 0,204: Total time for which application threads were stopped: 0,0001320 seconds, Stopping threads took: 0,0000188 seconds
2017-03-21T07:28:00.795+0100: 0,220: Total time for which application threads were stopped: 0,0001123 seconds, Stopping threads took: 0,0000327 seconds
2017-03-21T07:28:01.065+0100: 0,490: Total time for which application threads were stopped: 0,0001158 seconds, Stopping threads took: 0,0000193 seconds
2017-03-21T07:28:01.477+0100: 0,902: Total time for which application threads were stopped: 0,0023501 seconds, Stopping threads took: 0,0021909 seconds
2017-03-21T07:28:01.540+0100: 0,964: Total time for which application threads were stopped: 0,0001626 seconds, Stopping threads took: 0,0000363 seconds
2017-03-21T07:28:01.556+0100: 0,981: Total time for which application threads were stopped: 0,0001507 seconds, Stopping threads took: 0,0000199 seconds
2017-03-21T07:28:01.951+0100: 1,376: Total time for which application threads were stopped: 0,0002161 seconds, Stopping threads took: 0,0000168 seconds
2017-03-21T07:28:02.238+0100: 1,663: Total time for which application threads were stopped: 0,0002070 seconds, Stopping threads took: 0,0000221 seconds
2017-03-21T07:28:02.259+0100: 1,684: Total time for which application threads were stopped: 0,0002783 seconds, Stopping threads took: 0,0000713 seconds
2017-03-21T07:28:02.295+0100: 1,719: Total time for which application threads were stopped: 0,0004223 seconds, Stopping threads took: 0,0000408 seconds
2017-03-21T07:28:02.296+0100: 1,721: Total time for which application threads were stopped: 0,0002761 seconds, Stopping threads took: 0,0000322 seconds
2017-03-21T07:28:02.310+0100: 1,735: Total time for which application threads were stopped: 0,0002329 seconds, Stopping threads took: 0,0000216 seconds
2017-03-21T07:28:02.416+0100: 1,841: Total time for which application threads were stopped: 0,0002353 seconds, Stopping threads took: 0,0000267 seconds
2017-03-21T07:28:02.597+0100: 2,022: Total time for which application threads were stopped: 0,0002511 seconds, Stopping threads took: 0,0000349 seconds
{Heap before GC invocations=0 (full 0):
 par new generation   total 109248K, used 87424K [0x00000000e0000000, 0x00000000e8000000, 0x00000000e8000000)
  eden space 87424K, 100% used [0x00000000e0000000, 0x00000000e5560000, 0x00000000e5560000)
  from space 21824K,   0% used [0x00000000e5560000, 0x00000000e5560000, 0x00000000e6ab0000)
  to   space 21824K,   0% used [0x00000000e6ab0000, 0x00000000e6ab0000, 0x00000000e8000000)
 concurrent mark-sweep generation total 393216K, used 0K [0x00000000e8000000, 0x0000000100000000, 0x0000000100000000)
 Metaspace       used 18196K, capacity 18464K, committed 18688K, reserved 1064960K
  class space    used 2060K, capacity 2196K, committed 2304K, reserved 1048576K
2017-03-21T07:28:02.694+0100: 2,119: [GC (Allocation Failure) 2017-03-21T07:28:02.694+0100: 2,119: [ParNew
Desired survivor size 20112992 bytes, new threshold 8 (max 8)
- age   1:   12813360 bytes,   12813360 total
: 87424K->12632K(109248K), 0,0212709 secs] 87424K->12632K(502464K), 0,0213572 secs] [Times: user=0,04 sys=0,01, real=0,02 secs] 
Heap after GC invocations=1 (full 0):
 par new generation   total 109248K, used 12632K [0x00000000e0000000, 0x00000000e8000000, 0x00000000e8000000)
  eden space 87424K,   0% used [0x00000000e0000000, 0x00000000e0000000, 0x00000000e5560000)
  from space 21824K,  57% used [0x00000000e6ab0000, 0x00000000e77063e0, 0x00000000e8000000)
  to   space 21824K,   0% used [0x00000000e5560000, 0x00000000e5560000, 0x00000000e6ab0000)
 concurrent mark-sweep generation total 393216K, used 0K [0x00000000e8000000, 0x0000000100000000, 0x0000000100000000)
 Metaspace       used 18196K, capacity 18464K, committed 18688K, reserved 1064960K
  class space    used 2060K, capacity 2196K, committed 2304K, reserved 1048576K
}
2017-03-21T07:28:02.715+0100: 2,140: Total time for which application threads were stopped: 0,0255766 seconds, Stopping threads took: 0,0039909 seconds
2017-03-21T07:28:02.982+0100: 2,407: Total time for which application threads were stopped: 0,0003415 seconds, Stopping threads took: 0,0000414 seconds
2017-03-21T07:28:03.018+0100: 2,442: Total time for which application threads were stopped: 0,0003783 seconds, Stopping threads took: 0,0000878 seconds
{Heap before GC invocations=1 (full 0):
 par new generation   total 109248K, used 100056K [0x00000000e0000000, 0x00000000e8000000, 0x00000000e8000000)
  eden space 87424K, 100% used [0x00000000e0000000, 0x00000000e5560000, 0x00000000e5560000)
  from space 21824K,  57% used [0x00000000e6ab0000, 0x00000000e77063e0, 0x00000000e8000000)
  to   space 21824K,   0% used [0x00000000e5560000, 0x00000000e5560000, 0x00000000e6ab0000)
 concurrent mark-sweep generation total 393216K, used 0K [0x00000000e8000000, 0x0000000100000000, 0x0000000100000000)
 Metaspace       used 20044K, capacity 20370K, committed 20736K, reserved 1067008K
  class space    used 2298K, capacity 2471K, committed 2560K, reserved 1048576K
2017-03-21T07:28:03.027+0100: 2,452: [GC (Allocation Failure) 2017-03-21T07:28:03.027+0100: 2,452: [ParNew
Desired survivor size 20112992 bytes, new threshold 8 (max 8)
- age   1:    3547792 bytes,    3547792 total
- age   2:    6690192 bytes,   10237984 total
: 100056K->13899K(109248K), 0,0114010 secs] 100056K->13899K(502464K), 0,0114719 secs] [Times: user=0,04 sys=0,01, real=0,02 secs] 
Heap after GC invocations=2 (full 0):
 par new generation   total 109248K, used 13899K [0x00000000e0000000, 0x00000000e8000000, 0x00000000e8000000)
  eden space 87424K,   0% used [0x00000000e0000000, 0x00000000e0000000, 0x00000000e5560000)
  from space 21824K,  63% used [0x00000000e5560000, 0x00000000e62f2e60, 0x00000000e6ab0000)
  to   space 21824K,   0% used [0x00000000e6ab0000, 0x00000000e6ab0000, 0x00000000e8000000)
 concurrent mark-sweep generation total 393216K, used 0K [0x00000000e8000000, 0x0000000100000000, 0x0000000100000000)
 Metaspace       used 20044K, capacity 20370K, committed 20736K, reserved 1067008K
  class space    used 2298K, capacity 2471K, committed 2560K, reserved 1048576K
}
2017-03-21T07:28:03.039+0100: 2,463: Total time for which application threads were stopped: 0,0117886 seconds, Stopping threads took: 0,0001953 seconds
2017-03-21T07:28:03.070+0100: 2,495: Total time for which application threads were stopped: 0,0030894 seconds, Stopping threads took: 0,0027423 seconds
2017-03-21T07:28:03.200+0100: 2,625: Total time for which application threads were stopped: 0,0010920 seconds, Stopping threads took: 0,0009586 seconds
{Heap before GC invocations=2 (full 0):
 par new generation   total 109248K, used 101323K [0x00000000e0000000, 0x00000000e8000000, 0x00000000e8000000)
  eden space 87424K, 100% used [0x00000000e0000000, 0x00000000e5560000, 0x00000000e5560000)
  from space 21824K,  63% used [0x00000000e5560000, 0x00000000e62f2e60, 0x00000000e6ab0000)
  to   space 21824K,   0% used [0x00000000e6ab0000, 0x00000000e6ab0000, 0x00000000e8000000)
 concurrent mark-sweep generation total 393216K, used 0K [0x00000000e8000000, 0x0000000100000000, 0x0000000100000000)
 Metaspace       used 20945K, capacity 21292K, committed 21552K, reserved 1069056K
  class space    used 2420K, capacity 2590K, committed 2608K, reserved 1048576K
2017-03-21T07:28:03.229+0100: 2,654: [GC (Allocation Failure) 2017-03-21T07:28:03.229+0100: 2,654: [ParNew
Desired survivor size 20112992 bytes, new threshold 8 (max 8)
- age   1:    1948160 bytes,    1948160 total
- age   2:     822528 bytes,    2770688 total
- age   3:    6685568 bytes,    9456256 total
: 101323K->11469K(109248K), 0,0185129 secs] 101323K->11469K(502464K), 0,0185950 secs] [Times: user=0,06 sys=0,00, real=0,02 secs] 
Heap after GC invocations=3 (full 0):
 par new generation   total 109248K, used 11469K [0x00000000e0000000, 0x00000000e8000000, 0x00000000e8000000)
  eden space 87424K,   0% used [0x00000000e0000000, 0x00000000e0000000, 0x00000000e5560000)
  from space 21824K,  52% used [0x00000000e6ab0000, 0x00000000e75e3500, 0x00000000e8000000)
  to   space 21824K,   0% used [0x00000000e5560000, 0x00000000e5560000, 0x00000000e6ab0000)
 concurrent mark-sweep generation total 393216K, used 0K [0x00000000e8000000, 0x0000000100000000, 0x0000000100000000)
 Metaspace       used 20945K, capacity 21292K, committed 21552K, reserved 1069056K
  class space    used 2420K, capacity 2590K, committed 2608K, reserved 1048576K
}
2017-03-21T07:28:03.247+0100: 2,672: Total time for which application threads were stopped: 0,0187778 seconds, Stopping threads took: 0,0000283 seconds
2017-03-21T07:28:03.248+0100: 2,673: [GC (CMS Initial Mark) [1 CMS-initial-mark: 0K(393216K)] 12208K(502464K), 0,0049790 secs] [Times: user=0,01 sys=0,00, real=0,01 secs] 
2017-03-21T07:28:03.253+0100: 2,678: Total time for which application threads were stopped: 0,0052054 seconds, Stopping threads took: 0,0001370 seconds
2017-03-21T07:28:03.253+0100: 2,678: [CMS-concurrent-mark-start]
2017-03-21T07:28:03.253+0100: 2,678: [CMS-concurrent-mark: 0,000/0,000 secs] [Times: user=0,00 sys=0,00, real=0,00 secs] 
2017-03-21T07:28:03.253+0100: 2,678: [CMS-concurrent-preclean-start]
2017-03-21T07:28:03.254+0100: 2,679: [CMS-concurrent-preclean: 0,001/0,001 secs] [Times: user=0,00 sys=0,00, real=0,00 secs] 
2017-03-21T07:28:03.255+0100: 2,679: [GC (CMS Final Remark) [YG occupancy: 12208 K (109248 K)]{Heap before GC invocations=3 (full 1):
 par new generation   total 109248K, used 12208K [0x00000000e0000000, 0x00000000e8000000, 0x00000000e8000000)
  eden space 87424K,   0% used [0x00000000e0000000, 0x00000000e00b8c58, 0x00000000e5560000)
  from space 21824K,  52% used [0x00000000e6ab0000, 0x00000000e75e3500, 0x00000000e8000000)
  to   space 21824K,   0% used [0x00000000e5560000, 0x00000000e5560000, 0x00000000e6ab0000)
 concurrent mark-sweep generation total 393216K, used 0K [0x00000000e8000000, 0x0000000100000000, 0x0000000100000000)
 Metaspace       used 20945K, capacity 21292K, committed 21552K, reserved 1069056K
  class space    used 2420K, capacity 2590K, committed 2608K, reserved 1048576K
2017-03-21T07:28:03.255+0100: 2,679: [GC (CMS Final Remark) 2017-03-21T07:28:03.255+0100: 2,679: [ParNew
Desired survivor size 20112992 bytes, new threshold 8 (max 8)
- age   1:       2960 bytes,       2960 total
- age   2:    1476096 bytes,    1479056 total
- age   3:     793296 bytes,    2272352 total
- age   4:    6685568 bytes,    8957920 total
: 12208K->12539K(109248K), 0,0205013 secs] 12208K->12539K(502464K), 0,0205483 secs] [Times: user=0,08 sys=0,00, real=0,02 secs] 
Heap after GC invocations=4 (full 1):
 par new generation   total 109248K, used 12539K [0x00000000e0000000, 0x00000000e8000000, 0x00000000e8000000)
  eden space 87424K,   0% used [0x00000000e0000000, 0x00000000e0000000, 0x00000000e5560000)
  from space 21824K,  57% used [0x00000000e5560000, 0x00000000e619edc0, 0x00000000e6ab0000)
  to   space 21824K,   0% used [0x00000000e6ab0000, 0x00000000e6ab0000, 0x00000000e8000000)
 concurrent mark-sweep generation total 393216K, used 0K [0x00000000e8000000, 0x0000000100000000, 0x0000000100000000)
 Metaspace       used 20945K, capacity 21292K, committed 21552K, reserved 1069056K
  class space    used 2420K, capacity 2590K, committed 2608K, reserved 1048576K
}
2017-03-21T07:28:03.275+0100: 2,700: [Rescan (parallel) , 0,0030688 secs]2017-03-21T07:28:03.278+0100: 2,703: [weak refs processing, 0,0009335 secs]2017-03-21T07:28:03.279+0100: 2,704: [class unloading, 0,0027078 secs]2017-03-21T07:28:03.282+0100: 2,707: [scrub symbol table, 0,0025707 secs]2017-03-21T07:28:03.285+0100: 2,709: [scrub string table, 0,0003639 secs][1 CMS-remark: 0K(393216K)] 12539K(502464K), 0,0308142 secs] [Times: user=0,10 sys=0,00, real=0,03 secs] 
2017-03-21T07:28:03.285+0100: 2,710: Total time for which application threads were stopped: 0,0309320 seconds, Stopping threads took: 0,0000261 seconds
2017-03-21T07:28:03.286+0100: 2,711: [CMS-concurrent-sweep-start]
2017-03-21T07:28:03.286+0100: 2,711: [CMS-concurrent-sweep: 0,000/0,000 secs] [Times: user=0,00 sys=0,00, real=0,00 secs] 
2017-03-21T07:28:03.286+0100: 2,711: [CMS-concurrent-reset-start]
2017-03-21T07:28:03.288+0100: 2,713: [CMS-concurrent-reset: 0,002/0,002 secs] [Times: user=0,00 sys=0,00, real=0,00 secs] 
{Heap before GC invocations=4 (full 1):
 par new generation   total 109248K, used 99963K [0x00000000e0000000, 0x00000000e8000000, 0x00000000e8000000)
  eden space 87424K, 100% used [0x00000000e0000000, 0x00000000e5560000, 0x00000000e5560000)
  from space 21824K,  57% used [0x00000000e5560000, 0x00000000e619edc0, 0x00000000e6ab0000)
  to   space 21824K,   0% used [0x00000000e6ab0000, 0x00000000e6ab0000, 0x00000000e8000000)
 concurrent mark-sweep generation total 393216K, used 0K [0x00000000e8000000, 0x0000000100000000, 0x0000000100000000)
 Metaspace       used 21196K, capacity 21580K, committed 21808K, reserved 1069056K
  class space    used 2450K, capacity 2607K, committed 2608K, reserved 1048576K
2017-03-21T07:28:03.384+0100: 2,809: [GC (Allocation Failure) 2017-03-21T07:28:03.384+0100: 2,809: [ParNew
Desired survivor size 20112992 bytes, new threshold 8 (max 8)
- age   1:    1086432 bytes,    1086432 total
- age   2:       1200 bytes,    1087632 total
- age   3:    1455328 bytes,    2542960 total
- age   4:     789216 bytes,    3332176 total
- age   5:    6685624 bytes,   10017800 total
: 99963K->12083K(109248K), 0,0104192 secs] 99963K->12083K(502464K), 0,0104868 secs] [Times: user=0,03 sys=0,00, real=0,01 secs] 
Heap after GC invocations=5 (full 1):
 par new generation   total 109248K, used 12083K [0x00000000e0000000, 0x00000000e8000000, 0x00000000e8000000)
  eden space 87424K,   0% used [0x00000000e0000000, 0x00000000e0000000, 0x00000000e5560000)
  from space 21824K,  55% used [0x00000000e6ab0000, 0x00000000e767cd60, 0x00000000e8000000)
  to   space 21824K,   0% used [0x00000000e5560000, 0x00000000e5560000, 0x00000000e6ab0000)
 concurrent mark-sweep generation total 393216K, used 0K [0x00000000e8000000, 0x0000000100000000, 0x0000000100000000)
 Metaspace       used 21196K, capacity 21580K, committed 21808K, reserved 1069056K
  class space    used 2450K, capacity 2607K, committed 2608K, reserved 1048576K
}
2017-03-21T07:28:03.394+0100: 2,819: Total time for which application threads were stopped: 0,0107042 seconds, Stopping threads took: 0,0000752 seconds
{Heap before GC invocations=5 (full 1):
 par new generation   total 109248K, used 99507K [0x00000000e0000000, 0x00000000e8000000, 0x00000000e8000000)
  eden space 87424K, 100% used [0x00000000e0000000, 0x00000000e5560000, 0x00000000e5560000)
  from space 21824K,  55% used [0x00000000e6ab0000, 0x00000000e767cd60, 0x00000000e8000000)
  to   space 21824K,   0% used [0x00000000e5560000, 0x00000000e5560000, 0x00000000e6ab0000)
 concurrent mark-sweep generation total 393216K, used 0K [0x00000000e8000000, 0x0000000100000000, 0x0000000100000000)
 Metaspace       used 21359K, capacity 21752K, committed 21936K, reserved 1069056K
  class space    used 2470K, capacity 2641K, committed 2736K, reserved 1048576K
2017-03-21T07:28:03.481+0100: 2,906: [GC (Allocation Failure) 2017-03-21T07:28:03.481+0100: 2,906: [ParNew
Desired survivor size 20112992 bytes, new threshold 8 (max 8)
- age   1:    1376864 bytes,    1376864 total
- age   2:     186504 bytes,    1563368 total
- age   3:       1200 bytes,    1564568 total
- age   4:    1455088 bytes,    3019656 total
- age   5:     787136 bytes,    3806792 total
- age   6:    6685824 bytes,   10492616 total
: 99507K->15189K(109248K), 0,0137134 secs] 99507K->15189K(502464K), 0,0137843 secs] [Times: user=0,04 sys=0,00, real=0,01 secs] 
Heap after GC invocations=6 (full 1):
 par new generation   total 109248K, used 15189K [0x00000000e0000000, 0x00000000e8000000, 0x00000000e8000000)
  eden space 87424K,   0% used [0x00000000e0000000, 0x00000000e0000000, 0x00000000e5560000)
  from space 21824K,  69% used [0x00000000e5560000, 0x00000000e64356b0, 0x00000000e6ab0000)
  to   space 21824K,   0% used [0x00000000e6ab0000, 0x00000000e6ab0000, 0x00000000e8000000)
 concurrent mark-sweep generation total 393216K, used 0K [0x00000000e8000000, 0x0000000100000000, 0x0000000100000000)
 Metaspace       used 21359K, capacity 21752K, committed 21936K, reserved 1069056K
  class space    used 2470K, capacity 2641K, committed 2736K, reserved 1048576K
}
2017-03-21T07:28:03.495+0100: 2,920: Total time for which application threads were stopped: 0,0140614 seconds, Stopping threads took: 0,0000958 seconds
2017-03-21T07:28:03.540+0100: 2,965: Total time for which application threads were stopped: 0,0004286 seconds, Stopping threads took: 0,0000691 seconds
2017-03-21T07:28:03.735+0100: 3,159: Total time for which application threads were stopped: 0,0004793 seconds, Stopping threads took: 0,0000499 seconds
2017-03-21T07:28:03.750+0100: 3,175: Total time for which application threads were stopped: 0,0005282 seconds, Stopping threads took: 0,0000421 seconds
{Heap before GC invocations=6 (full 1):
 par new generation   total 109248K, used 102613K [0x00000000e0000000, 0x00000000e8000000, 0x00000000e8000000)
  eden space 87424K, 100% used [0x00000000e0000000, 0x00000000e5560000, 0x00000000e5560000)
  from space 21824K,  69% used [0x00000000e5560000, 0x00000000e64356b0, 0x00000000e6ab0000)
  to   space 21824K,   0% used [0x00000000e6ab0000, 0x00000000e6ab0000, 0x00000000e8000000)
 concurrent mark-sweep generation total 393216K, used 0K [0x00000000e8000000, 0x0000000100000000, 0x0000000100000000)
 Metaspace       used 23938K, capacity 24408K, committed 24624K, reserved 1071104K
  class space    used 2834K, capacity 3015K, committed 3120K, reserved 1048576K
2017-03-21T07:28:03.935+0100: 3,359: [GC (Allocation Failure) 2017-03-21T07:28:03.935+0100: 3,360: [ParNew
Desired survivor size 20112992 bytes, new threshold 8 (max 8)
- age   1:    5216392 bytes,    5216392 total
- age   2:     109832 bytes,    5326224 total
- age   3:     185176 bytes,    5511400 total
- age   4:       1144 bytes,    5512544 total
- age   5:     285368 bytes,    5797912 total
- age   6:     762984 bytes,    6560896 total
- age   7:    6677192 bytes,   13238088 total
: 102613K->16533K(109248K), 0,0183708 secs] 102613K->16533K(502464K), 0,0184598 secs] [Times: user=0,06 sys=0,00, real=0,02 secs] 
Heap after GC invocations=7 (full 1):
 par new generation   total 109248K, used 16533K [0x00000000e0000000, 0x00000000e8000000, 0x00000000e8000000)
  eden space 87424K,   0% used [0x00000000e0000000, 0x00000000e0000000, 0x00000000e5560000)
  from space 21824K,  75% used [0x00000000e6ab0000, 0x00000000e7ad57c8, 0x00000000e8000000)
  to   space 21824K,   0% used [0x00000000e5560000, 0x00000000e5560000, 0x00000000e6ab0000)
 concurrent mark-sweep generation total 393216K, used 0K [0x00000000e8000000, 0x0000000100000000, 0x0000000100000000)
 Metaspace       used 23938K, capacity 24408K, committed 24624K, reserved 1071104K
  class space    used 2834K, capacity 3015K, committed 3120K, reserved 1048576K
}
2017-03-21T07:28:03.953+0100: 3,378: Total time for which application threads were stopped: 0,0188241 seconds, Stopping threads took: 0,0000744 seconds
{Heap before GC invocations=7 (full 1):
 par new generation   total 109248K, used 103957K [0x00000000e0000000, 0x00000000e8000000, 0x00000000e8000000)
  eden space 87424K, 100% used [0x00000000e0000000, 0x00000000e5560000, 0x00000000e5560000)
  from space 21824K,  75% used [0x00000000e6ab0000, 0x00000000e7ad57c8, 0x00000000e8000000)
  to   space 21824K,   0% used [0x00000000e5560000, 0x00000000e5560000, 0x00000000e6ab0000)
 concurrent mark-sweep generation total 393216K, used 0K [0x00000000e8000000, 0x0000000100000000, 0x0000000100000000)
 Metaspace       used 24385K, capacity 24830K, committed 25136K, reserved 1071104K
  class space    used 2863K, capacity 3048K, committed 3120K, reserved 1048576K
2017-03-21T07:28:04.048+0100: 3,473: [GC (Allocation Failure) 2017-03-21T07:28:04.048+0100: 3,473: [ParNew
Desired survivor size 20112992 bytes, new threshold 8 (max 8)
- age   1:    1757008 bytes,    1757008 total
- age   2:    1743792 bytes,    3500800 total
- age   3:      55360 bytes,    3556160 total
- age   4:     103536 bytes,    3659696 total
- age   5:       1112 bytes,    3660808 total
- age   6:     189368 bytes,    3850176 total
- age   7:     718392 bytes,    4568568 total
- age   8:    6144200 bytes,   10712768 total
: 103957K->19598K(109248K), 0,0137157 secs] 103957K->19598K(502464K), 0,0138205 secs] [Times: user=0,05 sys=0,01, real=0,02 secs] 
Heap after GC invocations=8 (full 1):
 par new generation   total 109248K, used 19598K [0x00000000e0000000, 0x00000000e8000000, 0x00000000e8000000)
  eden space 87424K,   0% used [0x00000000e0000000, 0x00000000e0000000, 0x00000000e5560000)
  from space 21824K,  89% used [0x00000000e5560000, 0x00000000e68838c8, 0x00000000e6ab0000)
  to   space 21824K,   0% used [0x00000000e6ab0000, 0x00000000e6ab0000, 0x00000000e8000000)
 concurrent mark-sweep generation total 393216K, used 0K [0x00000000e8000000, 0x0000000100000000, 0x0000000100000000)
 Metaspace       used 24385K, capacity 24830K, committed 25136K, reserved 1071104K
  class space    used 2863K, capacity 3048K, committed 3120K, reserved 1048576K
}
2017-03-21T07:28:04.062+0100: 3,487: Total time for which application threads were stopped: 0,0155069 seconds, Stopping threads took: 0,0014796 seconds
{Heap before GC invocations=8 (full 1):
 par new generation   total 109248K, used 107022K [0x00000000e0000000, 0x00000000e8000000, 0x00000000e8000000)
  eden space 87424K, 100% used [0x00000000e0000000, 0x00000000e5560000, 0x00000000e5560000)
  from space 21824K,  89% used [0x00000000e5560000, 0x00000000e68838c8, 0x00000000e6ab0000)
  to   space 21824K,   0% used [0x00000000e6ab0000, 0x00000000e6ab0000, 0x00000000e8000000)
 concurrent mark-sweep generation total 393216K, used 0K [0x00000000e8000000, 0x0000000100000000, 0x0000000100000000)
 Metaspace       used 24770K, capacity 25272K, committed 25392K, reserved 1071104K
  class space    used 2898K, capacity 3085K, committed 3120K, reserved 1048576K
2017-03-21T07:28:04.174+0100: 3,599: [GC (Allocation Failure) 2017-03-21T07:28:04.174+0100: 3,599: [ParNew
Desired survivor size 20112992 bytes, new threshold 8 (max 8)
- age   1:     943800 bytes,     943800 total
- age   2:     979976 bytes,    1923776 total
- age   3:    1724048 bytes,    3647824 total
- age   4:      55360 bytes,    3703184 total
- age   5:     103368 bytes,    3806552 total
- age   6:       1080 bytes,    3807632 total
- age   7:     186600 bytes,    3994232 total
- age   8:     717592 bytes,    4711824 total
: 107022K->5951K(109248K), 0,0271680 secs] 107022K->12034K(502464K), 0,0272401 secs] [Times: user=0,09 sys=0,00, real=0,03 secs] 
Heap after GC invocations=9 (full 1):
 par new generation   total 109248K, used 5951K [0x00000000e0000000, 0x00000000e8000000, 0x00000000e8000000)
  eden space 87424K,   0% used [0x00000000e0000000, 0x00000000e0000000, 0x00000000e5560000)
  from space 21824K,  27% used [0x00000000e6ab0000, 0x00000000e707fe68, 0x00000000e8000000)
  to   space 21824K,   0% used [0x00000000e5560000, 0x00000000e5560000, 0x00000000e6ab0000)
 concurrent mark-sweep generation total 393216K, used 6083K [0x00000000e8000000, 0x0000000100000000, 0x0000000100000000)
 Metaspace       used 24770K, capacity 25272K, committed 25392K, reserved 1071104K
  class space    used 2898K, capacity 3085K, committed 3120K, reserved 1048576K
}
2017-03-21T07:28:04.202+0100: 3,626: Total time for which application threads were stopped: 0,0274767 seconds, Stopping threads took: 0,0000791 seconds
2017-03-21T07:28:04.491+0100: 3,916: Total time for which application threads were stopped: 0,0005841 seconds, Stopping threads took: 0,0000379 seconds
2017-03-21T07:28:04.508+0100: 3,933: Total time for which application threads were stopped: 0,0004756 seconds, Stopping threads took: 0,0000376 seconds
2017-03-21T07:28:04.598+0100: 4,023: Total time for which application threads were stopped: 0,0007679 seconds, Stopping threads took: 0,0002717 seconds
2017-03-21T07:28:04.628+0100: 4,053: Total time for which application threads were stopped: 0,0004441 seconds, Stopping threads took: 0,0000298 seconds
2017-03-21T07:28:04.630+0100: 4,055: Total time for which application threads were stopped: 0,0001410 seconds, Stopping threads took: 0,0000465 seconds
2017-03-21T07:28:04.630+0100: 4,055: Total time for which application threads were stopped: 0,0000918 seconds, Stopping threads took: 0,0000236 seconds
2017-03-21T07:28:04.631+0100: 4,055: Total time for which application threads were stopped: 0,0000580 seconds, Stopping threads took: 0,0000169 seconds
2017-03-21T07:28:04.631+0100: 4,056: Total time for which application threads were stopped: 0,0000844 seconds, Stopping threads took: 0,0000189 seconds
2017-03-21T07:28:04.634+0100: 4,059: Total time for which application threads were stopped: 0,0019561 seconds, Stopping threads took: 0,0018483 seconds
2017-03-21T07:28:04.634+0100: 4,059: Total time for which application threads were stopped: 0,0000958 seconds, Stopping threads took: 0,0000245 seconds
2017-03-21T07:28:04.634+0100: 4,059: Total time for which application threads were stopped: 0,0000696 seconds, Stopping threads took: 0,0000157 seconds
2017-03-21T07:28:04.634+0100: 4,059: Total time for which application threads were stopped: 0,0000665 seconds, Stopping threads took: 0,0000155 seconds
2017-03-21T07:28:04.635+0100: 4,060: Total time for which application threads were stopped: 0,0000745 seconds, Stopping threads took: 0,0000190 seconds
2017-03-21T07:28:04.635+0100: 4,060: Total time for which application threads were stopped: 0,0000658 seconds, Stopping threads took: 0,0000152 seconds
2017-03-21T07:28:04.635+0100: 4,060: Total time for which application threads were stopped: 0,0000683 seconds, Stopping threads took: 0,0000156 seconds
2017-03-21T07:28:04.635+0100: 4,060: Total time for which application threads were stopped: 0,0000630 seconds, Stopping threads took: 0,0000149 seconds
2017-03-21T07:28:04.635+0100: 4,060: Total time for which application threads were stopped: 0,0000636 seconds, Stopping threads took: 0,0000156 seconds
2017-03-21T07:28:04.635+0100: 4,060: Total time for which application threads were stopped: 0,0000750 seconds, Stopping threads took: 0,0000176 seconds
2017-03-21T07:28:04.636+0100: 4,060: Total time for which application threads were stopped: 0,0000660 seconds, Stopping threads took: 0,0000154 seconds
2017-03-21T07:28:04.636+0100: 4,061: Total time for which application threads were stopped: 0,0000643 seconds, Stopping threads took: 0,0000155 seconds
2017-03-21T07:28:04.636+0100: 4,061: Total time for which application threads were stopped: 0,0000652 seconds, Stopping threads took: 0,0000153 seconds
2017-03-21T07:28:04.636+0100: 4,061: Total time for which application threads were stopped: 0,0000630 seconds, Stopping threads took: 0,0000152 seconds
2017-03-21T07:28:04.636+0100: 4,061: Total time for which application threads were stopped: 0,0000750 seconds, Stopping threads took: 0,0000179 seconds
2017-03-21T07:28:04.636+0100: 4,061: Total time for which application threads were stopped: 0,0001638 seconds, Stopping threads took: 0,0000157 seconds
2017-03-21T07:28:04.638+0100: 4,063: Total time for which application threads were stopped: 0,0002059 seconds, Stopping threads took: 0,0000921 seconds
2017-03-21T07:28:04.638+0100: 4,063: Total time for which application threads were stopped: 0,0000947 seconds, Stopping threads took: 0,0000231 seconds
2017-03-21T07:28:04.654+0100: 4,079: Total time for which application threads were stopped: 0,0039208 seconds, Stopping threads took: 0,0038174 seconds
2017-03-21T07:28:04.665+0100: 4,089: Total time for which application threads were stopped: 0,0061801 seconds, Stopping threads took: 0,0060708 seconds
2017-03-21T07:28:04.667+0100: 4,091: Total time for which application threads were stopped: 0,0006871 seconds, Stopping threads took: 0,0005920 seconds
2017-03-21T07:28:04.667+0100: 4,092: Total time for which application threads were stopped: 0,0000765 seconds, Stopping threads took: 0,0000164 seconds
2017-03-21T07:28:04.667+0100: 4,092: Total time for which application threads were stopped: 0,0000634 seconds, Stopping threads took: 0,0000103 seconds
2017-03-21T07:28:04.667+0100: 4,092: Total time for which application threads were stopped: 0,0000660 seconds, Stopping threads took: 0,0000112 seconds
2017-03-21T07:28:04.667+0100: 4,092: Total time for which application threads were stopped: 0,0000559 seconds, Stopping threads took: 0,0000092 seconds
2017-03-21T07:28:04.667+0100: 4,092: Total time for which application threads were stopped: 0,0000574 seconds, Stopping threads took: 0,0000118 seconds
2017-03-21T07:28:04.667+0100: 4,092: Total time for which application threads were stopped: 0,0000553 seconds, Stopping threads took: 0,0000086 seconds
2017-03-21T07:28:04.668+0100: 4,092: Total time for which application threads were stopped: 0,0000580 seconds, Stopping threads took: 0,0000092 seconds
2017-03-21T07:28:04.668+0100: 4,093: Total time for which application threads were stopped: 0,0000774 seconds, Stopping threads took: 0,0000160 seconds
2017-03-21T07:28:04.675+0100: 4,100: Total time for which application threads were stopped: 0,0001300 seconds, Stopping threads took: 0,0000494 seconds
2017-03-21T07:28:04.676+0100: 4,101: Total time for which application threads were stopped: 0,0000958 seconds, Stopping threads took: 0,0000205 seconds
2017-03-21T07:28:04.676+0100: 4,101: Total time for which application threads were stopped: 0,0000696 seconds, Stopping threads took: 0,0000140 seconds
2017-03-21T07:28:04.676+0100: 4,101: Total time for which application threads were stopped: 0,0000742 seconds, Stopping threads took: 0,0000153 seconds
2017-03-21T07:28:04.676+0100: 4,101: Total time for which application threads were stopped: 0,0000612 seconds, Stopping threads took: 0,0000112 seconds
2017-03-21T07:28:04.677+0100: 4,101: Total time for which application threads were stopped: 0,0000529 seconds, Stopping threads took: 0,0000121 seconds
2017-03-21T07:28:04.677+0100: 4,101: Total time for which application threads were stopped: 0,0000675 seconds, Stopping threads took: 0,0000150 seconds
2017-03-21T07:28:04.677+0100: 4,102: Total time for which application threads were stopped: 0,0001837 seconds, Stopping threads took: 0,0000109 seconds
2017-03-21T07:28:04.712+0100: 4,137: Total time for which application threads were stopped: 0,0001858 seconds, Stopping threads took: 0,0000399 seconds
2017-03-21T07:28:04.726+0100: 4,151: Total time for which application threads were stopped: 0,0061642 seconds, Stopping threads took: 0,0060428 seconds
2017-03-21T07:28:04.775+0100: 4,200: Total time for which application threads were stopped: 0,0001463 seconds, Stopping threads took: 0,0000388 seconds
2017-03-21T07:28:04.776+0100: 4,201: Total time for which application threads were stopped: 0,0001814 seconds, Stopping threads took: 0,0000302 seconds
2017-03-21T07:28:05.776+0100: 5,201: Total time for which application threads were stopped: 0,0000728 seconds, Stopping threads took: 0,0000162 seconds
2017-03-21T07:29:32.180+0100: 92,211: Total time for which application threads were stopped: 0,0001103 seconds, Stopping threads took: 0,0000297 seconds
2017-03-21T07:29:57.183+0100: 117,215: Total time for which application threads were stopped: 0,0001292 seconds, Stopping threads took: 0,0000516 seconds
2017-03-21T07:30:02.184+0100: 122,216: Total time for which application threads were stopped: 0,0000673 seconds, Stopping threads took: 0,0000174 seconds
2017-03-21T07:31:01.191+0100: 181,223: Total time for which application threads were stopped: 0,0001715 seconds, Stopping threads took: 0,0000709 seconds
2017-03-21T07:32:31.201+0100: 271,232: Total time for which application threads were stopped: 0,0001721 seconds, Stopping threads took: 0,0000688 seconds
2017-03-21T07:32:37.202+0100: 277,233: Total time for which application threads were stopped: 0,0000822 seconds, Stopping threads took: 0,0000309 seconds
2017-03-21T07:51:26.320+0100: 1406,352: Total time for which application threads were stopped: 0,0000774 seconds, Stopping threads took: 0,0000297 seconds
2017-03-21T07:55:26.344+0100: 1646,376: Total time for which application threads were stopped: 0,0000928 seconds, Stopping threads took: 0,0000387 seconds
2017-03-21T07:55:31.345+0100: 1651,377: Total time for which application threads were stopped: 0,0000624 seconds, Stopping threads took: 0,0000147 seconds
2017-03-21T08:02:27.401+0100: 2067,433: Total time for which application threads were stopped: 0,0000804 seconds, Stopping threads took: 0,0000317 seconds
2017-03-21T08:02:31.402+0100: 2071,433: Total time for which application threads were stopped: 0,0000674 seconds, Stopping threads took: 0,0000143 seconds
2017-03-21T08:06:21.430+0100: 2301,462: Total time for which application threads were stopped: 0,0000808 seconds, Stopping threads took: 0,0000327 seconds
2017-03-21T08:06:22.431+0100: 2302,462: Total time for which application threads were stopped: 0,0004755 seconds, Stopping threads took: 0,0001039 seconds
{Heap before GC invocations=9 (full 1):
 par new generation   total 109248K, used 93375K [0x00000000e0000000, 0x00000000e8000000, 0x00000000e8000000)
  eden space 87424K, 100% used [0x00000000e0000000, 0x00000000e5560000, 0x00000000e5560000)
  from space 21824K,  27% used [0x00000000e6ab0000, 0x00000000e707fe68, 0x00000000e8000000)
  to   space 21824K,   0% used [0x00000000e5560000, 0x00000000e5560000, 0x00000000e6ab0000)
 concurrent mark-sweep generation total 393216K, used 6083K [0x00000000e8000000, 0x0000000100000000, 0x0000000100000000)
 Metaspace       used 28001K, capacity 28498K, committed 28848K, reserved 1075200K
  class space    used 3214K, capacity 3390K, committed 3504K, reserved 1048576K
2017-03-21T08:16:56.611+0100: 2936,643: [GC (Allocation Failure) 2017-03-21T08:16:56.611+0100: 2936,643: [ParNew
Desired survivor size 20112992 bytes, new threshold 8 (max 8)
- age   1:   10823536 bytes,   10823536 total
- age   2:     235536 bytes,   11059072 total
- age   3:     201776 bytes,   11260848 total
- age   4:    1718488 bytes,   12979336 total
- age   5:      55360 bytes,   13034696 total
- age   6:     100792 bytes,   13135488 total
- age   7:       1080 bytes,   13136568 total
- age   8:     185976 bytes,   13322544 total
: 93375K->14568K(109248K), 0,0477497 secs] 99458K->21435K(502464K), 0,0479212 secs] [Times: user=0,03 sys=0,01, real=0,04 secs] 
Heap after GC invocations=10 (full 1):
 par new generation   total 109248K, used 14568K [0x00000000e0000000, 0x00000000e8000000, 0x00000000e8000000)
  eden space 87424K,   0% used [0x00000000e0000000, 0x00000000e0000000, 0x00000000e5560000)
  from space 21824K,  66% used [0x00000000e5560000, 0x00000000e639a168, 0x00000000e6ab0000)
  to   space 21824K,   0% used [0x00000000e6ab0000, 0x00000000e6ab0000, 0x00000000e8000000)
 concurrent mark-sweep generation total 393216K, used 6866K [0x00000000e8000000, 0x0000000100000000, 0x0000000100000000)
 Metaspace       used 28001K, capacity 28498K, committed 28848K, reserved 1075200K
  class space    used 3214K, capacity 3390K, committed 3504K, reserved 1048576K
}
2017-03-21T08:16:56.659+0100: 2936,691: Total time for which application threads were stopped: 0,0481124 seconds, Stopping threads took: 0,0000198 seconds
2017-03-21T08:16:56.704+0100: 2936,736: Total time for which application threads were stopped: 0,0062582 seconds, Stopping threads took: 0,0061750 seconds
2017-03-21T08:16:56.707+0100: 2936,739: Total time for which application threads were stopped: 0,0001034 seconds, Stopping threads took: 0,0000303 seconds
2017-03-21T08:16:56.720+0100: 2936,752: Total time for which application threads were stopped: 0,0014245 seconds, Stopping threads took: 0,0013607 seconds
2017-03-21T08:16:56.726+0100: 2936,758: Total time for which application threads were stopped: 0,0001158 seconds, Stopping threads took: 0,0000460 seconds
2017-03-21T08:16:56.729+0100: 2936,761: Total time for which application threads were stopped: 0,0001230 seconds, Stopping threads took: 0,0000122 seconds
Heap
 par new generation   total 109248K, used 26774K [0x00000000e0000000, 0x00000000e8000000, 0x00000000e8000000)
  eden space 87424K,  13% used [0x00000000e0000000, 0x00000000e0beb910, 0x00000000e5560000)
  from space 21824K,  66% used [0x00000000e5560000, 0x00000000e639a168, 0x00000000e6ab0000)
  to   space 21824K,   0% used [0x00000000e6ab0000, 0x00000000e6ab0000, 0x00000000e8000000)
 concurrent mark-sweep generation total 393216K, used 6866K [0x00000000e8000000, 0x0000000100000000, 0x0000000100000000)
 Metaspace       used 28089K, capacity 28602K, committed 28848K, reserved 1075200K
  class space    used 3228K, capacity 3424K, committed 3504K, reserved 1048576K
