OpenJDK 64-Bit Server VM (25.131-b11) for linux-amd64 JRE (1.8.0_131-8u131-b11-2ubuntu1.16.04.3-b11), built on Jul 28 2017 01:23:32 by "buildd" with gcc 5.4.0 20160609
Memory: 4k page, physical 7867732k(7387228k free), swap 8076284k(8076284k free)
CommandLine flags: -XX:CMSInitiatingOccupancyFraction=50 -XX:CMSMaxAbortablePrecleanTime=6000 -XX:+CMSParallelRemarkEnabled -XX:+CMSScavengeBeforeRemark -XX:ConcGCThreads=4 -XX:InitialHeapSize=536870912 -XX:MaxHeapSize=536870912 -XX:MaxTenuringThreshold=8 -XX:NewRatio=3 -XX:OldPLABSize=16 -XX:OnOutOfMemoryError=/opt/solr/bin/oom_solr.sh 8983 /var/solr/logs -XX:ParallelGCThreads=4 -XX:+ParallelRefProcEnabled -XX:PretenureSizeThreshold=67108864 -XX:+PrintGC -XX:+PrintGCApplicationStoppedTime -XX:+PrintGCDateStamps -XX:+PrintGCDetails -XX:+PrintGCTimeStamps -XX:+PrintHeapAtGC -XX:+PrintTenuringDistribution -XX:SurvivorRatio=4 -XX:TargetSurvivorRatio=90 -XX:ThreadStackSize=256 -XX:+UseCMSInitiatingOccupancyOnly -XX:+UseCompressedClassPointers -XX:+UseCompressedOops -XX:+UseConcMarkSweepGC -XX:+UseParNewGC 
2017-09-05T05:53:27.680+0200: 0,128: Total time for which application threads were stopped: 0,0000669 seconds, Stopping threads took: 0,0000136 seconds
2017-09-05T05:53:27.747+0200: 0,195: Total time for which application threads were stopped: 0,0001138 seconds, Stopping threads took: 0,0000173 seconds
2017-09-05T05:53:27.760+0200: 0,208: Total time for which application threads were stopped: 0,0000733 seconds, Stopping threads took: 0,0000115 seconds
2017-09-05T05:53:27.873+0200: 0,321: Total time for which application threads were stopped: 0,0001141 seconds, Stopping threads took: 0,0000134 seconds
2017-09-05T05:53:28.054+0200: 0,502: Total time for which application threads were stopped: 0,0001481 seconds, Stopping threads took: 0,0000193 seconds
2017-09-05T05:53:28.131+0200: 0,579: Total time for which application threads were stopped: 0,0001240 seconds, Stopping threads took: 0,0000147 seconds
2017-09-05T05:53:28.145+0200: 0,593: Total time for which application threads were stopped: 0,0001831 seconds, Stopping threads took: 0,0000222 seconds
2017-09-05T05:53:28.466+0200: 0,914: Total time for which application threads were stopped: 0,0001635 seconds, Stopping threads took: 0,0000219 seconds
2017-09-05T05:53:28.655+0200: 1,103: Total time for which application threads were stopped: 0,0002138 seconds, Stopping threads took: 0,0000208 seconds
2017-09-05T05:53:28.678+0200: 1,126: Total time for which application threads were stopped: 0,0001720 seconds, Stopping threads took: 0,0000151 seconds
2017-09-05T05:53:28.706+0200: 1,154: Total time for which application threads were stopped: 0,0003380 seconds, Stopping threads took: 0,0000251 seconds
2017-09-05T05:53:28.708+0200: 1,156: Total time for which application threads were stopped: 0,0001837 seconds, Stopping threads took: 0,0000285 seconds
2017-09-05T05:53:28.727+0200: 1,175: Total time for which application threads were stopped: 0,0002790 seconds, Stopping threads took: 0,0000350 seconds
2017-09-05T05:53:28.823+0200: 1,271: Total time for which application threads were stopped: 0,0002392 seconds, Stopping threads took: 0,0000200 seconds
2017-09-05T05:53:29.255+0200: 1,703: Total time for which application threads were stopped: 0,0003657 seconds, Stopping threads took: 0,0000296 seconds
{Heap before GC invocations=0 (full 0):
 par new generation   total 109248K, used 87424K [0x00000000e0000000, 0x00000000e8000000, 0x00000000e8000000)
  eden space 87424K, 100% used [0x00000000e0000000, 0x00000000e5560000, 0x00000000e5560000)
  from space 21824K,   0% used [0x00000000e5560000, 0x00000000e5560000, 0x00000000e6ab0000)
  to   space 21824K,   0% used [0x00000000e6ab0000, 0x00000000e6ab0000, 0x00000000e8000000)
 concurrent mark-sweep generation total 393216K, used 0K [0x00000000e8000000, 0x0000000100000000, 0x0000000100000000)
 Metaspace       used 18030K, capacity 18336K, committed 18688K, reserved 1064960K
  class space    used 2036K, capacity 2196K, committed 2304K, reserved 1048576K
2017-09-05T05:53:29.497+0200: 1,945: [GC (Allocation Failure) 2017-09-05T05:53:29.497+0200: 1,945: [ParNew
Desired survivor size 20112992 bytes, new threshold 8 (max 8)
- age   1:   12604752 bytes,   12604752 total
: 87424K->12415K(109248K), 0,0615317 secs] 87424K->12415K(502464K), 0,0616337 secs] [Times: user=0,05 sys=0,00, real=0,06 secs] 
Heap after GC invocations=1 (full 0):
 par new generation   total 109248K, used 12415K [0x00000000e0000000, 0x00000000e8000000, 0x00000000e8000000)
  eden space 87424K,   0% used [0x00000000e0000000, 0x00000000e0000000, 0x00000000e5560000)
  from space 21824K,  56% used [0x00000000e6ab0000, 0x00000000e76cfd40, 0x00000000e8000000)
  to   space 21824K,   0% used [0x00000000e5560000, 0x00000000e5560000, 0x00000000e6ab0000)
 concurrent mark-sweep generation total 393216K, used 0K [0x00000000e8000000, 0x0000000100000000, 0x0000000100000000)
 Metaspace       used 18030K, capacity 18336K, committed 18688K, reserved 1064960K
  class space    used 2036K, capacity 2196K, committed 2304K, reserved 1048576K
}
2017-09-05T05:53:29.559+0200: 2,007: Total time for which application threads were stopped: 0,0628003 seconds, Stopping threads took: 0,0009255 seconds
2017-09-05T05:53:30.051+0200: 2,499: Total time for which application threads were stopped: 0,0003250 seconds, Stopping threads took: 0,0000370 seconds
2017-09-05T05:53:30.089+0200: 2,537: Total time for which application threads were stopped: 0,0004043 seconds, Stopping threads took: 0,0000612 seconds
{Heap before GC invocations=1 (full 0):
 par new generation   total 109248K, used 99839K [0x00000000e0000000, 0x00000000e8000000, 0x00000000e8000000)
  eden space 87424K, 100% used [0x00000000e0000000, 0x00000000e5560000, 0x00000000e5560000)
  from space 21824K,  56% used [0x00000000e6ab0000, 0x00000000e76cfd40, 0x00000000e8000000)
  to   space 21824K,   0% used [0x00000000e5560000, 0x00000000e5560000, 0x00000000e6ab0000)
 concurrent mark-sweep generation total 393216K, used 0K [0x00000000e8000000, 0x0000000100000000, 0x0000000100000000)
 Metaspace       used 20071K, capacity 20450K, committed 20736K, reserved 1067008K
  class space    used 2302K, capacity 2479K, committed 2560K, reserved 1048576K
2017-09-05T05:53:30.093+0200: 2,541: [GC (Allocation Failure) 2017-09-05T05:53:30.093+0200: 2,541: [ParNew
Desired survivor size 20112992 bytes, new threshold 8 (max 8)
- age   1:    3603704 bytes,    3603704 total
- age   2:    6673968 bytes,   10277672 total
: 99839K->13730K(109248K), 0,0161250 secs] 99839K->13730K(502464K), 0,0162929 secs] [Times: user=0,04 sys=0,01, real=0,01 secs] 
Heap after GC invocations=2 (full 0):
 par new generation   total 109248K, used 13730K [0x00000000e0000000, 0x00000000e8000000, 0x00000000e8000000)
  eden space 87424K,   0% used [0x00000000e0000000, 0x00000000e0000000, 0x00000000e5560000)
  from space 21824K,  62% used [0x00000000e5560000, 0x00000000e62c8a70, 0x00000000e6ab0000)
  to   space 21824K,   0% used [0x00000000e6ab0000, 0x00000000e6ab0000, 0x00000000e8000000)
 concurrent mark-sweep generation total 393216K, used 0K [0x00000000e8000000, 0x0000000100000000, 0x0000000100000000)
 Metaspace       used 20071K, capacity 20450K, committed 20736K, reserved 1067008K
  class space    used 2302K, capacity 2479K, committed 2560K, reserved 1048576K
}
2017-09-05T05:53:30.110+0200: 2,558: Total time for which application threads were stopped: 0,0169260 seconds, Stopping threads took: 0,0003251 seconds
2017-09-05T05:53:30.170+0200: 2,618: Total time for which application threads were stopped: 0,0004357 seconds, Stopping threads took: 0,0000598 seconds
2017-09-05T05:53:30.386+0200: 2,834: Total time for which application threads were stopped: 0,0001786 seconds, Stopping threads took: 0,0000577 seconds
{Heap before GC invocations=2 (full 0):
 par new generation   total 109248K, used 101154K [0x00000000e0000000, 0x00000000e8000000, 0x00000000e8000000)
  eden space 87424K, 100% used [0x00000000e0000000, 0x00000000e5560000, 0x00000000e5560000)
  from space 21824K,  62% used [0x00000000e5560000, 0x00000000e62c8a70, 0x00000000e6ab0000)
  to   space 21824K,   0% used [0x00000000e6ab0000, 0x00000000e6ab0000, 0x00000000e8000000)
 concurrent mark-sweep generation total 393216K, used 0K [0x00000000e8000000, 0x0000000100000000, 0x0000000100000000)
 Metaspace       used 20999K, capacity 21314K, committed 21552K, reserved 1069056K
  class space    used 2424K, capacity 2599K, committed 2608K, reserved 1048576K
2017-09-05T05:53:30.422+0200: 2,870: [GC (Allocation Failure) 2017-09-05T05:53:30.422+0200: 2,871: [ParNew
Desired survivor size 20112992 bytes, new threshold 8 (max 8)
- age   1:    2190688 bytes,    2190688 total
- age   2:     874120 bytes,    3064808 total
- age   3:    6671536 bytes,    9736344 total
: 101154K->12881K(109248K), 0,0142621 secs] 101154K->12881K(502464K), 0,0143439 secs] [Times: user=0,05 sys=0,01, real=0,02 secs] 
Heap after GC invocations=3 (full 0):
 par new generation   total 109248K, used 12881K [0x00000000e0000000, 0x00000000e8000000, 0x00000000e8000000)
  eden space 87424K,   0% used [0x00000000e0000000, 0x00000000e0000000, 0x00000000e5560000)
  from space 21824K,  59% used [0x00000000e6ab0000, 0x00000000e7744788, 0x00000000e8000000)
  to   space 21824K,   0% used [0x00000000e5560000, 0x00000000e5560000, 0x00000000e6ab0000)
 concurrent mark-sweep generation total 393216K, used 0K [0x00000000e8000000, 0x0000000100000000, 0x0000000100000000)
 Metaspace       used 20999K, capacity 21314K, committed 21552K, reserved 1069056K
  class space    used 2424K, capacity 2599K, committed 2608K, reserved 1048576K
}
2017-09-05T05:53:30.437+0200: 2,885: Total time for which application threads were stopped: 0,0146458 seconds, Stopping threads took: 0,0000685 seconds
2017-09-05T05:53:30.437+0200: 2,885: [GC (CMS Initial Mark) [1 CMS-initial-mark: 0K(393216K)] 13602K(502464K), 0,0051712 secs] [Times: user=0,02 sys=0,00, real=0,00 secs] 
2017-09-05T05:53:30.442+0200: 2,890: Total time for which application threads were stopped: 0,0053123 seconds, Stopping threads took: 0,0000279 seconds
2017-09-05T05:53:30.442+0200: 2,890: [CMS-concurrent-mark-start]
2017-09-05T05:53:30.443+0200: 2,891: [CMS-concurrent-mark: 0,001/0,001 secs] [Times: user=0,00 sys=0,00, real=0,00 secs] 
2017-09-05T05:53:30.443+0200: 2,891: [CMS-concurrent-preclean-start]
2017-09-05T05:53:30.444+0200: 2,893: [CMS-concurrent-preclean: 0,001/0,001 secs] [Times: user=0,01 sys=0,00, real=0,00 secs] 
2017-09-05T05:53:30.445+0200: 2,893: [CMS-concurrent-abortable-preclean-start]
2017-09-05T05:53:30.524+0200: 2,972: Total time for which application threads were stopped: 0,0002962 seconds, Stopping threads took: 0,0001415 seconds
{Heap before GC invocations=3 (full 1):
 par new generation   total 109248K, used 100305K [0x00000000e0000000, 0x00000000e8000000, 0x00000000e8000000)
  eden space 87424K, 100% used [0x00000000e0000000, 0x00000000e5560000, 0x00000000e5560000)
  from space 21824K,  59% used [0x00000000e6ab0000, 0x00000000e7744788, 0x00000000e8000000)
  to   space 21824K,   0% used [0x00000000e5560000, 0x00000000e5560000, 0x00000000e6ab0000)
 concurrent mark-sweep generation total 393216K, used 0K [0x00000000e8000000, 0x0000000100000000, 0x0000000100000000)
 Metaspace       used 21282K, capacity 21672K, committed 21960K, reserved 1069056K
  class space    used 2453K, capacity 2618K, committed 2684K, reserved 1048576K
2017-09-05T05:53:30.560+0200: 3,008: [GC (Allocation Failure) 2017-09-05T05:53:30.560+0200: 3,008: [ParNew
Desired survivor size 20112992 bytes, new threshold 8 (max 8)
- age   1:     716008 bytes,     716008 total
- age   2:    1451888 bytes,    2167896 total
- age   3:     842744 bytes,    3010640 total
- age   4:    6671776 bytes,    9682416 total
: 100305K->13741K(109248K), 0,0110338 secs] 100305K->13741K(502464K), 0,0111011 secs] [Times: user=0,04 sys=0,00, real=0,01 secs] 
Heap after GC invocations=4 (full 1):
 par new generation   total 109248K, used 13741K [0x00000000e0000000, 0x00000000e8000000, 0x00000000e8000000)
  eden space 87424K,   0% used [0x00000000e0000000, 0x00000000e0000000, 0x00000000e5560000)
  from space 21824K,  62% used [0x00000000e5560000, 0x00000000e62cb548, 0x00000000e6ab0000)
  to   space 21824K,   0% used [0x00000000e6ab0000, 0x00000000e6ab0000, 0x00000000e8000000)
 concurrent mark-sweep generation total 393216K, used 0K [0x00000000e8000000, 0x0000000100000000, 0x0000000100000000)
 Metaspace       used 21282K, capacity 21672K, committed 21960K, reserved 1069056K
  class space    used 2453K, capacity 2618K, committed 2684K, reserved 1048576K
}
2017-09-05T05:53:30.571+0200: 3,019: Total time for which application threads were stopped: 0,0112789 seconds, Stopping threads took: 0,0000464 seconds
2017-09-05T05:53:30.571+0200: 3,019: [CMS-concurrent-abortable-preclean: 0,080/0,127 secs] [Times: user=0,48 sys=0,00, real=0,13 secs] 
2017-09-05T05:53:30.572+0200: 3,020: [GC (CMS Final Remark) [YG occupancy: 15109 K (109248 K)]{Heap before GC invocations=4 (full 1):
 par new generation   total 109248K, used 15109K [0x00000000e0000000, 0x00000000e8000000, 0x00000000e8000000)
  eden space 87424K,   1% used [0x00000000e0000000, 0x00000000e0155fd0, 0x00000000e5560000)
  from space 21824K,  62% used [0x00000000e5560000, 0x00000000e62cb548, 0x00000000e6ab0000)
  to   space 21824K,   0% used [0x00000000e6ab0000, 0x00000000e6ab0000, 0x00000000e8000000)
 concurrent mark-sweep generation total 393216K, used 0K [0x00000000e8000000, 0x0000000100000000, 0x0000000100000000)
 Metaspace       used 21282K, capacity 21672K, committed 21960K, reserved 1069056K
  class space    used 2453K, capacity 2618K, committed 2684K, reserved 1048576K
2017-09-05T05:53:30.572+0200: 3,020: [GC (CMS Final Remark) 2017-09-05T05:53:30.572+0200: 3,020: [ParNew
Desired survivor size 20112992 bytes, new threshold 8 (max 8)
- age   1:     172480 bytes,     172480 total
- age   2:     442136 bytes,     614616 total
- age   3:    1451888 bytes,    2066504 total
- age   4:     842744 bytes,    2909248 total
- age   5:    6671592 bytes,    9580840 total
: 15109K->10788K(109248K), 0,0102326 secs] 15109K->10788K(502464K), 0,0102753 secs] [Times: user=0,03 sys=0,00, real=0,01 secs] 
Heap after GC invocations=5 (full 1):
 par new generation   total 109248K, used 10788K [0x00000000e0000000, 0x00000000e8000000, 0x00000000e8000000)
  eden space 87424K,   0% used [0x00000000e0000000, 0x00000000e0000000, 0x00000000e5560000)
  from space 21824K,  49% used [0x00000000e6ab0000, 0x00000000e7539228, 0x00000000e8000000)
  to   space 21824K,   0% used [0x00000000e5560000, 0x00000000e5560000, 0x00000000e6ab0000)
 concurrent mark-sweep generation total 393216K, used 0K [0x00000000e8000000, 0x0000000100000000, 0x0000000100000000)
 Metaspace       used 21282K, capacity 21672K, committed 21960K, reserved 1069056K
  class space    used 2453K, capacity 2618K, committed 2684K, reserved 1048576K
}
2017-09-05T05:53:30.582+0200: 3,030: [Rescan (parallel) , 0,0035429 secs]2017-09-05T05:53:30.586+0200: 3,034: [weak refs processing, 0,0010215 secs]2017-09-05T05:53:30.587+0200: 3,035: [class unloading, 0,0027836 secs]2017-09-05T05:53:30.590+0200: 3,038: [scrub symbol table, 0,0027096 secs]2017-09-05T05:53:30.592+0200: 3,041: [scrub string table, 0,0003655 secs][1 CMS-remark: 0K(393216K)] 10788K(502464K), 0,0213412 secs] [Times: user=0,05 sys=0,00, real=0,03 secs] 
2017-09-05T05:53:30.593+0200: 3,041: Total time for which application threads were stopped: 0,0214650 seconds, Stopping threads took: 0,0000454 seconds
2017-09-05T05:53:30.593+0200: 3,042: [CMS-concurrent-sweep-start]
2017-09-05T05:53:30.593+0200: 3,042: [CMS-concurrent-sweep: 0,000/0,000 secs] [Times: user=0,00 sys=0,00, real=0,00 secs] 
2017-09-05T05:53:30.594+0200: 3,042: [CMS-concurrent-reset-start]
2017-09-05T05:53:30.596+0200: 3,044: [CMS-concurrent-reset: 0,002/0,002 secs] [Times: user=0,01 sys=0,00, real=0,00 secs] 
{Heap before GC invocations=5 (full 1):
 par new generation   total 109248K, used 98212K [0x00000000e0000000, 0x00000000e8000000, 0x00000000e8000000)
  eden space 87424K, 100% used [0x00000000e0000000, 0x00000000e5560000, 0x00000000e5560000)
  from space 21824K,  49% used [0x00000000e6ab0000, 0x00000000e7539228, 0x00000000e8000000)
  to   space 21824K,   0% used [0x00000000e5560000, 0x00000000e5560000, 0x00000000e6ab0000)
 concurrent mark-sweep generation total 393216K, used 0K [0x00000000e8000000, 0x0000000100000000, 0x0000000100000000)
 Metaspace       used 21415K, capacity 21838K, committed 21960K, reserved 1069056K
  class space    used 2472K, capacity 2651K, committed 2684K, reserved 1048576K
2017-09-05T05:53:30.685+0200: 3,133: [GC (Allocation Failure) 2017-09-05T05:53:30.685+0200: 3,134: [ParNew
Desired survivor size 20112992 bytes, new threshold 8 (max 8)
- age   1:     878936 bytes,     878936 total
- age   3:     186072 bytes,    1065008 total
- age   4:    1451480 bytes,    2516488 total
- age   5:     838824 bytes,    3355312 total
- age   6:    6671504 bytes,   10026816 total
: 98212K->14377K(109248K), 0,0157857 secs] 98212K->14377K(502464K), 0,0158569 secs] [Times: user=0,05 sys=0,00, real=0,01 secs] 
Heap after GC invocations=6 (full 1):
 par new generation   total 109248K, used 14377K [0x00000000e0000000, 0x00000000e8000000, 0x00000000e8000000)
  eden space 87424K,   0% used [0x00000000e0000000, 0x00000000e0000000, 0x00000000e5560000)
  from space 21824K,  65% used [0x00000000e5560000, 0x00000000e636a6e8, 0x00000000e6ab0000)
  to   space 21824K,   0% used [0x00000000e6ab0000, 0x00000000e6ab0000, 0x00000000e8000000)
 concurrent mark-sweep generation total 393216K, used 0K [0x00000000e8000000, 0x0000000100000000, 0x0000000100000000)
 Metaspace       used 21415K, capacity 21838K, committed 21960K, reserved 1069056K
  class space    used 2472K, capacity 2651K, committed 2684K, reserved 1048576K
}
2017-09-05T05:53:30.701+0200: 3,149: Total time for which application threads were stopped: 0,0175508 seconds, Stopping threads took: 0,0015448 seconds
2017-09-05T05:53:30.738+0200: 3,186: Total time for which application threads were stopped: 0,0003123 seconds, Stopping threads took: 0,0000239 seconds
2017-09-05T05:53:30.997+0200: 3,446: Total time for which application threads were stopped: 0,0004753 seconds, Stopping threads took: 0,0000214 seconds
2017-09-05T05:53:31.011+0200: 3,459: Total time for which application threads were stopped: 0,0010551 seconds, Stopping threads took: 0,0006891 seconds
{Heap before GC invocations=6 (full 1):
 par new generation   total 109248K, used 101801K [0x00000000e0000000, 0x00000000e8000000, 0x00000000e8000000)
  eden space 87424K, 100% used [0x00000000e0000000, 0x00000000e5560000, 0x00000000e5560000)
  from space 21824K,  65% used [0x00000000e5560000, 0x00000000e636a6e8, 0x00000000e6ab0000)
  to   space 21824K,   0% used [0x00000000e6ab0000, 0x00000000e6ab0000, 0x00000000e8000000)
 concurrent mark-sweep generation total 393216K, used 0K [0x00000000e8000000, 0x0000000100000000, 0x0000000100000000)
 Metaspace       used 23789K, capacity 24274K, committed 24572K, reserved 1071104K
  class space    used 2801K, capacity 2993K, committed 3068K, reserved 1048576K
2017-09-05T05:53:31.157+0200: 3,605: [GC (Allocation Failure) 2017-09-05T05:53:31.157+0200: 3,605: [ParNew
Desired survivor size 20112992 bytes, new threshold 8 (max 8)
- age   1:    5048240 bytes,    5048240 total
- age   2:     116024 bytes,    5164264 total
- age   4:     184680 bytes,    5348944 total
- age   5:     281640 bytes,    5630584 total
- age   6:     814464 bytes,    6445048 total
- age   7:    6663232 bytes,   13108280 total
: 101801K->15746K(109248K), 0,0129392 secs] 101801K->15746K(502464K), 0,0130186 secs] [Times: user=0,04 sys=0,00, real=0,01 secs] 
Heap after GC invocations=7 (full 1):
 par new generation   total 109248K, used 15746K [0x00000000e0000000, 0x00000000e8000000, 0x00000000e8000000)
  eden space 87424K,   0% used [0x00000000e0000000, 0x00000000e0000000, 0x00000000e5560000)
  from space 21824K,  72% used [0x00000000e6ab0000, 0x00000000e7a108a0, 0x00000000e8000000)
  to   space 21824K,   0% used [0x00000000e5560000, 0x00000000e5560000, 0x00000000e6ab0000)
 concurrent mark-sweep generation total 393216K, used 0K [0x00000000e8000000, 0x0000000100000000, 0x0000000100000000)
 Metaspace       used 23789K, capacity 24274K, committed 24572K, reserved 1071104K
  class space    used 2801K, capacity 2993K, committed 3068K, reserved 1048576K
}
2017-09-05T05:53:31.170+0200: 3,618: Total time for which application threads were stopped: 0,0133647 seconds, Stopping threads took: 0,0000579 seconds
{Heap before GC invocations=7 (full 1):
 par new generation   total 109248K, used 103170K [0x00000000e0000000, 0x00000000e8000000, 0x00000000e8000000)
  eden space 87424K, 100% used [0x00000000e0000000, 0x00000000e5560000, 0x00000000e5560000)
  from space 21824K,  72% used [0x00000000e6ab0000, 0x00000000e7a108a0, 0x00000000e8000000)
  to   space 21824K,   0% used [0x00000000e5560000, 0x00000000e5560000, 0x00000000e6ab0000)
 concurrent mark-sweep generation total 393216K, used 0K [0x00000000e8000000, 0x0000000100000000, 0x0000000100000000)
 Metaspace       used 24375K, capacity 24872K, committed 25084K, reserved 1071104K
  class space    used 2863K, capacity 3061K, committed 3068K, reserved 1048576K
2017-09-05T05:53:31.286+0200: 3,734: [GC (Allocation Failure) 2017-09-05T05:53:31.286+0200: 3,735: [ParNew
Desired survivor size 20112992 bytes, new threshold 8 (max 8)
- age   1:    1927912 bytes,    1927912 total
- age   2:    1794816 bytes,    3722728 total
- age   3:      62968 bytes,    3785696 total
- age   5:     100536 bytes,    3886232 total
- age   6:     193168 bytes,    4079400 total
- age   7:     764104 bytes,    4843504 total
- age   8:    6128848 bytes,   10972352 total
: 103170K->16548K(109248K), 0,0182234 secs] 103170K->16548K(502464K), 0,0183126 secs] [Times: user=0,05 sys=0,01, real=0,01 secs] 
Heap after GC invocations=8 (full 1):
 par new generation   total 109248K, used 16548K [0x00000000e0000000, 0x00000000e8000000, 0x00000000e8000000)
  eden space 87424K,   0% used [0x00000000e0000000, 0x00000000e0000000, 0x00000000e5560000)
  from space 21824K,  75% used [0x00000000e5560000, 0x00000000e6589150, 0x00000000e6ab0000)
  to   space 21824K,   0% used [0x00000000e6ab0000, 0x00000000e6ab0000, 0x00000000e8000000)
 concurrent mark-sweep generation total 393216K, used 0K [0x00000000e8000000, 0x0000000100000000, 0x0000000100000000)
 Metaspace       used 24375K, capacity 24872K, committed 25084K, reserved 1071104K
  class space    used 2863K, capacity 3061K, committed 3068K, reserved 1048576K
}
2017-09-05T05:53:31.305+0200: 3,753: Total time for which application threads were stopped: 0,0219542 seconds, Stopping threads took: 0,0034035 seconds
{Heap before GC invocations=8 (full 1):
 par new generation   total 109248K, used 103972K [0x00000000e0000000, 0x00000000e8000000, 0x00000000e8000000)
  eden space 87424K, 100% used [0x00000000e0000000, 0x00000000e5560000, 0x00000000e5560000)
  from space 21824K,  75% used [0x00000000e5560000, 0x00000000e6589150, 0x00000000e6ab0000)
  to   space 21824K,   0% used [0x00000000e6ab0000, 0x00000000e6ab0000, 0x00000000e8000000)
 concurrent mark-sweep generation total 393216K, used 0K [0x00000000e8000000, 0x0000000100000000, 0x0000000100000000)
 Metaspace       used 24678K, capacity 25170K, committed 25468K, reserved 1071104K
  class space    used 2887K, capacity 3095K, committed 3196K, reserved 1048576K
2017-09-05T05:53:31.415+0200: 3,863: [GC (Allocation Failure) 2017-09-05T05:53:31.415+0200: 3,863: [ParNew
Desired survivor size 20112992 bytes, new threshold 8 (max 8)
- age   1:     908136 bytes,     908136 total
- age   2:     619752 bytes,    1527888 total
- age   3:    1791264 bytes,    3319152 total
- age   4:      62968 bytes,    3382120 total
- age   6:     100472 bytes,    3482592 total
- age   7:     190368 bytes,    3672960 total
- age   8:     763336 bytes,    4436296 total
: 103972K->8155K(109248K), 0,0427656 secs] 103972K->14222K(502464K), 0,0428364 secs] [Times: user=0,09 sys=0,00, real=0,04 secs] 
Heap after GC invocations=9 (full 1):
 par new generation   total 109248K, used 8155K [0x00000000e0000000, 0x00000000e8000000, 0x00000000e8000000)
  eden space 87424K,   0% used [0x00000000e0000000, 0x00000000e0000000, 0x00000000e5560000)
  from space 21824K,  37% used [0x00000000e6ab0000, 0x00000000e72a6ce0, 0x00000000e8000000)
  to   space 21824K,   0% used [0x00000000e5560000, 0x00000000e5560000, 0x00000000e6ab0000)
 concurrent mark-sweep generation total 393216K, used 6067K [0x00000000e8000000, 0x0000000100000000, 0x0000000100000000)
 Metaspace       used 24678K, capacity 25170K, committed 25468K, reserved 1071104K
  class space    used 2887K, capacity 3095K, committed 3196K, reserved 1048576K
}
2017-09-05T05:53:31.458+0200: 3,906: Total time for which application threads were stopped: 0,0474155 seconds, Stopping threads took: 0,0043976 seconds
2017-09-05T05:53:31.605+0200: 4,053: Total time for which application threads were stopped: 0,0005034 seconds, Stopping threads took: 0,0000634 seconds
2017-09-05T05:53:31.608+0200: 4,056: Total time for which application threads were stopped: 0,0001466 seconds, Stopping threads took: 0,0000475 seconds
2017-09-05T05:53:31.608+0200: 4,056: Total time for which application threads were stopped: 0,0000789 seconds, Stopping threads took: 0,0000269 seconds
2017-09-05T05:53:31.608+0200: 4,056: Total time for which application threads were stopped: 0,0000955 seconds, Stopping threads took: 0,0000247 seconds
2017-09-05T05:53:31.608+0200: 4,056: Total time for which application threads were stopped: 0,0000901 seconds, Stopping threads took: 0,0000212 seconds
2017-09-05T05:53:31.608+0200: 4,056: Total time for which application threads were stopped: 0,0000822 seconds, Stopping threads took: 0,0000198 seconds
2017-09-05T05:53:31.609+0200: 4,057: Total time for which application threads were stopped: 0,0009901 seconds, Stopping threads took: 0,0008933 seconds
2017-09-05T05:53:31.612+0200: 4,060: Total time for which application threads were stopped: 0,0001406 seconds, Stopping threads took: 0,0000241 seconds
2017-09-05T05:53:31.612+0200: 4,060: Total time for which application threads were stopped: 0,0001050 seconds, Stopping threads took: 0,0000220 seconds
2017-09-05T05:53:31.612+0200: 4,060: Total time for which application threads were stopped: 0,0000949 seconds, Stopping threads took: 0,0000260 seconds
2017-09-05T05:53:31.612+0200: 4,061: Total time for which application threads were stopped: 0,0004521 seconds, Stopping threads took: 0,0003678 seconds
2017-09-05T05:53:31.613+0200: 4,061: Total time for which application threads were stopped: 0,0001820 seconds, Stopping threads took: 0,0000771 seconds
2017-09-05T05:53:31.614+0200: 4,062: Total time for which application threads were stopped: 0,0004813 seconds, Stopping threads took: 0,0004292 seconds
2017-09-05T05:53:31.614+0200: 4,062: Total time for which application threads were stopped: 0,0000722 seconds, Stopping threads took: 0,0000256 seconds
2017-09-05T05:53:31.614+0200: 4,062: Total time for which application threads were stopped: 0,0000589 seconds, Stopping threads took: 0,0000175 seconds
2017-09-05T05:53:31.614+0200: 4,062: Total time for which application threads were stopped: 0,0000826 seconds, Stopping threads took: 0,0000392 seconds
2017-09-05T05:53:31.614+0200: 4,062: Total time for which application threads were stopped: 0,0001427 seconds, Stopping threads took: 0,0000833 seconds
2017-09-05T05:53:31.617+0200: 4,065: Total time for which application threads were stopped: 0,0028974 seconds, Stopping threads took: 0,0028444 seconds
2017-09-05T05:53:31.618+0200: 4,066: Total time for which application threads were stopped: 0,0000962 seconds, Stopping threads took: 0,0000305 seconds
2017-09-05T05:53:31.619+0200: 4,067: Total time for which application threads were stopped: 0,0008018 seconds, Stopping threads took: 0,0007607 seconds
2017-09-05T05:53:31.619+0200: 4,067: Total time for which application threads were stopped: 0,0005729 seconds, Stopping threads took: 0,0004364 seconds
2017-09-05T05:53:31.620+0200: 4,069: Total time for which application threads were stopped: 0,0000977 seconds, Stopping threads took: 0,0000265 seconds
2017-09-05T05:53:31.623+0200: 4,071: Total time for which application threads were stopped: 0,0001680 seconds, Stopping threads took: 0,0000737 seconds
2017-09-05T05:53:31.624+0200: 4,072: Total time for which application threads were stopped: 0,0000999 seconds, Stopping threads took: 0,0000419 seconds
2017-09-05T05:53:31.625+0200: 4,073: Total time for which application threads were stopped: 0,0001221 seconds, Stopping threads took: 0,0000385 seconds
2017-09-05T05:53:31.626+0200: 4,074: Total time for which application threads were stopped: 0,0000737 seconds, Stopping threads took: 0,0000208 seconds
2017-09-05T05:53:31.627+0200: 4,075: Total time for which application threads were stopped: 0,0018691 seconds, Stopping threads took: 0,0018316 seconds
2017-09-05T05:53:31.628+0200: 4,076: Total time for which application threads were stopped: 0,0001114 seconds, Stopping threads took: 0,0000250 seconds
2017-09-05T05:53:31.628+0200: 4,076: Total time for which application threads were stopped: 0,0000865 seconds, Stopping threads took: 0,0000187 seconds
2017-09-05T05:53:31.628+0200: 4,076: Total time for which application threads were stopped: 0,0000893 seconds, Stopping threads took: 0,0000211 seconds
2017-09-05T05:53:31.628+0200: 4,076: Total time for which application threads were stopped: 0,0000875 seconds, Stopping threads took: 0,0000220 seconds
2017-09-05T05:53:31.628+0200: 4,076: Total time for which application threads were stopped: 0,0000755 seconds, Stopping threads took: 0,0000126 seconds
2017-09-05T05:53:31.629+0200: 4,077: Total time for which application threads were stopped: 0,0000845 seconds, Stopping threads took: 0,0000128 seconds
2017-09-05T05:53:31.629+0200: 4,077: Total time for which application threads were stopped: 0,0000725 seconds, Stopping threads took: 0,0000099 seconds
2017-09-05T05:53:31.629+0200: 4,077: Total time for which application threads were stopped: 0,0000736 seconds, Stopping threads took: 0,0000111 seconds
2017-09-05T05:53:31.629+0200: 4,077: Total time for which application threads were stopped: 0,0000992 seconds, Stopping threads took: 0,0000351 seconds
2017-09-05T05:53:31.629+0200: 4,077: Total time for which application threads were stopped: 0,0000772 seconds, Stopping threads took: 0,0000188 seconds
2017-09-05T05:53:31.629+0200: 4,078: Total time for which application threads were stopped: 0,0000753 seconds, Stopping threads took: 0,0000215 seconds
2017-09-05T05:53:31.630+0200: 4,078: Total time for which application threads were stopped: 0,0000638 seconds, Stopping threads took: 0,0000099 seconds
2017-09-05T05:53:31.630+0200: 4,078: Total time for which application threads were stopped: 0,0000588 seconds, Stopping threads took: 0,0000166 seconds
2017-09-05T05:53:31.630+0200: 4,078: Total time for which application threads were stopped: 0,0000525 seconds, Stopping threads took: 0,0000150 seconds
2017-09-05T05:53:31.630+0200: 4,078: Total time for which application threads were stopped: 0,0001217 seconds, Stopping threads took: 0,0000189 seconds
2017-09-05T05:53:31.631+0200: 4,079: Total time for which application threads were stopped: 0,0005046 seconds, Stopping threads took: 0,0004345 seconds
2017-09-05T05:53:31.631+0200: 4,079: Total time for which application threads were stopped: 0,0000724 seconds, Stopping threads took: 0,0000137 seconds
2017-09-05T05:53:31.631+0200: 4,079: Total time for which application threads were stopped: 0,0000690 seconds, Stopping threads took: 0,0000234 seconds
2017-09-05T05:53:31.631+0200: 4,079: Total time for which application threads were stopped: 0,0000548 seconds, Stopping threads took: 0,0000184 seconds
2017-09-05T05:53:31.643+0200: 4,091: Total time for which application threads were stopped: 0,0001337 seconds, Stopping threads took: 0,0000425 seconds
2017-09-05T05:53:31.665+0200: 4,113: Total time for which application threads were stopped: 0,0037607 seconds, Stopping threads took: 0,0036585 seconds
2017-09-05T05:53:31.668+0200: 4,116: Total time for which application threads were stopped: 0,0004088 seconds, Stopping threads took: 0,0002792 seconds
2017-09-05T05:53:31.686+0200: 4,134: Total time for which application threads were stopped: 0,0009507 seconds, Stopping threads took: 0,0008520 seconds
2017-09-05T05:53:31.687+0200: 4,135: Total time for which application threads were stopped: 0,0003027 seconds, Stopping threads took: 0,0002254 seconds
2017-09-05T05:53:31.690+0200: 4,138: Total time for which application threads were stopped: 0,0005158 seconds, Stopping threads took: 0,0004194 seconds
2017-09-05T05:53:31.691+0200: 4,139: Total time for which application threads were stopped: 0,0008519 seconds, Stopping threads took: 0,0007922 seconds
2017-09-05T05:53:31.710+0200: 4,158: Total time for which application threads were stopped: 0,0001820 seconds, Stopping threads took: 0,0000975 seconds
2017-09-05T05:53:31.718+0200: 4,166: Total time for which application threads were stopped: 0,0001076 seconds, Stopping threads took: 0,0000495 seconds
2017-09-05T05:53:31.727+0200: 4,175: Total time for which application threads were stopped: 0,0001003 seconds, Stopping threads took: 0,0000254 seconds
2017-09-05T05:53:31.766+0200: 4,214: Total time for which application threads were stopped: 0,0004667 seconds, Stopping threads took: 0,0000268 seconds
2017-09-05T05:53:31.780+0200: 4,228: Total time for which application threads were stopped: 0,0005611 seconds, Stopping threads took: 0,0000401 seconds
2017-09-05T05:53:31.830+0200: 4,278: Total time for which application threads were stopped: 0,0004156 seconds, Stopping threads took: 0,0000396 seconds
2017-09-05T05:53:31.831+0200: 4,279: Total time for which application threads were stopped: 0,0001114 seconds, Stopping threads took: 0,0000442 seconds
2017-09-05T05:53:31.834+0200: 4,282: Total time for which application threads were stopped: 0,0002182 seconds, Stopping threads took: 0,0001225 seconds
2017-09-05T05:53:31.837+0200: 4,285: Total time for which application threads were stopped: 0,0000708 seconds, Stopping threads took: 0,0000180 seconds
2017-09-05T05:53:31.860+0200: 4,308: Total time for which application threads were stopped: 0,0001461 seconds, Stopping threads took: 0,0000642 seconds
2017-09-05T05:53:31.865+0200: 4,313: Total time for which application threads were stopped: 0,0001432 seconds, Stopping threads took: 0,0000454 seconds
2017-09-05T05:53:31.867+0200: 4,315: Total time for which application threads were stopped: 0,0001250 seconds, Stopping threads took: 0,0000500 seconds
2017-09-05T05:53:31.870+0200: 4,318: Total time for which application threads were stopped: 0,0001354 seconds, Stopping threads took: 0,0000380 seconds
2017-09-05T05:53:31.873+0200: 4,321: Total time for which application threads were stopped: 0,0001371 seconds, Stopping threads took: 0,0000670 seconds
2017-09-05T05:53:31.874+0200: 4,322: Total time for which application threads were stopped: 0,0000889 seconds, Stopping threads took: 0,0000315 seconds
2017-09-05T05:53:31.877+0200: 4,325: Total time for which application threads were stopped: 0,0001530 seconds, Stopping threads took: 0,0000497 seconds
2017-09-05T05:53:31.885+0200: 4,333: Total time for which application threads were stopped: 0,0039277 seconds, Stopping threads took: 0,0038464 seconds
2017-09-05T05:53:31.897+0200: 4,345: Total time for which application threads were stopped: 0,0007294 seconds, Stopping threads took: 0,0006285 seconds
2017-09-05T05:53:31.911+0200: 4,359: Total time for which application threads were stopped: 0,0023302 seconds, Stopping threads took: 0,0022609 seconds
2017-09-05T05:53:31.928+0200: 4,376: Total time for which application threads were stopped: 0,0001203 seconds, Stopping threads took: 0,0000313 seconds
2017-09-05T05:53:31.938+0200: 4,386: Total time for which application threads were stopped: 0,0012835 seconds, Stopping threads took: 0,0010471 seconds
2017-09-05T05:53:31.963+0200: 4,411: Total time for which application threads were stopped: 0,0004633 seconds, Stopping threads took: 0,0000424 seconds
2017-09-05T05:53:32.963+0200: 5,412: Total time for which application threads were stopped: 0,0001092 seconds, Stopping threads took: 0,0000172 seconds
{Heap before GC invocations=9 (full 1):
 par new generation   total 109248K, used 95579K [0x00000000e0000000, 0x00000000e8000000, 0x00000000e8000000)
  eden space 87424K, 100% used [0x00000000e0000000, 0x00000000e5560000, 0x00000000e5560000)
  from space 21824K,  37% used [0x00000000e6ab0000, 0x00000000e72a6ce0, 0x00000000e8000000)
  to   space 21824K,   0% used [0x00000000e5560000, 0x00000000e5560000, 0x00000000e6ab0000)
 concurrent mark-sweep generation total 393216K, used 6067K [0x00000000e8000000, 0x0000000100000000, 0x0000000100000000)
 Metaspace       used 28081K, capacity 28664K, committed 28796K, reserved 1075200K
  class space    used 3220K, capacity 3402K, committed 3452K, reserved 1048576K
2017-09-05T05:53:33.896+0200: 6,344: [GC (Allocation Failure) 2017-09-05T05:53:33.896+0200: 6,344: [ParNew
Desired survivor size 20112992 bytes, new threshold 8 (max 8)
- age   1:   10886288 bytes,   10886288 total
- age   2:     455872 bytes,   11342160 total
- age   3:     220912 bytes,   11563072 total
- age   4:    1785136 bytes,   13348208 total
- age   5:      62968 bytes,   13411176 total
- age   7:      97832 bytes,   13509008 total
- age   8:     189808 bytes,   13698816 total
: 95579K->15205K(109248K), 0,0138203 secs] 101646K->22106K(502464K), 0,0138935 secs] [Times: user=0,05 sys=0,00, real=0,01 secs] 
