OpenJDK 64-Bit Server VM (25.121-b13) for linux-amd64 JRE (1.8.0_121-8u121-b13-0ubuntu1.16.04.2-b13), built on Jan 23 2017 15:51:29 by "buildd" with gcc 5.4.0 20160609
Memory: 4k page, physical 7867764k(7430304k free), swap 8076284k(8076284k free)
CommandLine flags: -XX:CMSInitiatingOccupancyFraction=50 -XX:CMSMaxAbortablePrecleanTime=6000 -XX:+CMSParallelRemarkEnabled -XX:+CMSScavengeBeforeRemark -XX:ConcGCThreads=4 -XX:InitialHeapSize=536870912 -XX:MaxHeapSize=536870912 -XX:MaxTenuringThreshold=8 -XX:NewRatio=3 -XX:OldPLABSize=16 -XX:OnOutOfMemoryError=/opt/solr/bin/oom_solr.sh 8983 /var/solr/logs -XX:ParallelGCThreads=4 -XX:+ParallelRefProcEnabled -XX:PretenureSizeThreshold=67108864 -XX:+PrintGC -XX:+PrintGCApplicationStoppedTime -XX:+PrintGCDateStamps -XX:+PrintGCDetails -XX:+PrintGCTimeStamps -XX:+PrintHeapAtGC -XX:+PrintTenuringDistribution -XX:SurvivorRatio=4 -XX:TargetSurvivorRatio=90 -XX:ThreadStackSize=256 -XX:+UseCMSInitiatingOccupancyOnly -XX:+UseCompressedClassPointers -XX:+UseCompressedOops -XX:+UseConcMarkSweepGC -XX:+UseParNewGC 
2017-04-15T12:02:58.896+0200: 0,155: Total time for which application threads were stopped: 0,0001879 seconds, Stopping threads took: 0,0000119 seconds
2017-04-15T12:02:58.974+0200: 0,233: Total time for which application threads were stopped: 0,0001470 seconds, Stopping threads took: 0,0000132 seconds
2017-04-15T12:02:58.996+0200: 0,255: Total time for which application threads were stopped: 0,0001263 seconds, Stopping threads took: 0,0000259 seconds
2017-04-15T12:02:59.313+0200: 0,572: Total time for which application threads were stopped: 0,0059970 seconds, Stopping threads took: 0,0058348 seconds
2017-04-15T12:02:59.714+0200: 0,973: Total time for which application threads were stopped: 0,0001618 seconds, Stopping threads took: 0,0000263 seconds
2017-04-15T12:02:59.846+0200: 1,105: Total time for which application threads were stopped: 0,0002051 seconds, Stopping threads took: 0,0000204 seconds
2017-04-15T12:02:59.888+0200: 1,147: Total time for which application threads were stopped: 0,0002194 seconds, Stopping threads took: 0,0000389 seconds
2017-04-15T12:03:00.180+0200: 1,439: Total time for which application threads were stopped: 0,0001858 seconds, Stopping threads took: 0,0000235 seconds
2017-04-15T12:03:00.443+0200: 1,702: Total time for which application threads were stopped: 0,0007574 seconds, Stopping threads took: 0,0000139 seconds
2017-04-15T12:03:00.471+0200: 1,730: Total time for which application threads were stopped: 0,0001870 seconds, Stopping threads took: 0,0000169 seconds
2017-04-15T12:03:00.510+0200: 1,769: Total time for which application threads were stopped: 0,0011379 seconds, Stopping threads took: 0,0000818 seconds
2017-04-15T12:03:00.513+0200: 1,772: Total time for which application threads were stopped: 0,0001889 seconds, Stopping threads took: 0,0000188 seconds
2017-04-15T12:03:00.533+0200: 1,792: Total time for which application threads were stopped: 0,0013087 seconds, Stopping threads took: 0,0000696 seconds
2017-04-15T12:03:00.601+0200: 1,860: Total time for which application threads were stopped: 0,0002008 seconds, Stopping threads took: 0,0000221 seconds
2017-04-15T12:03:00.761+0200: 2,020: Total time for which application threads were stopped: 0,0002832 seconds, Stopping threads took: 0,0000487 seconds
{Heap before GC invocations=0 (full 0):
 par new generation   total 109248K, used 87424K [0x00000000e0000000, 0x00000000e8000000, 0x00000000e8000000)
  eden space 87424K, 100% used [0x00000000e0000000, 0x00000000e5560000, 0x00000000e5560000)
  from space 21824K,   0% used [0x00000000e5560000, 0x00000000e5560000, 0x00000000e6ab0000)
  to   space 21824K,   0% used [0x00000000e6ab0000, 0x00000000e6ab0000, 0x00000000e8000000)
 concurrent mark-sweep generation total 393216K, used 0K [0x00000000e8000000, 0x0000000100000000, 0x0000000100000000)
 Metaspace       used 17784K, capacity 18112K, committed 18304K, reserved 1064960K
  class space    used 2021K, capacity 2164K, committed 2176K, reserved 1048576K
2017-04-15T12:03:00.785+0200: 2,044: [GC (Allocation Failure) 2017-04-15T12:03:00.786+0200: 2,045: [ParNew
Desired survivor size 20112992 bytes, new threshold 8 (max 8)
- age   1:   11400568 bytes,   11400568 total
: 87424K->11242K(109248K), 0,0147483 secs] 87424K->11242K(502464K), 0,0150703 secs] [Times: user=0,05 sys=0,00, real=0,01 secs] 
Heap after GC invocations=1 (full 0):
 par new generation   total 109248K, used 11242K [0x00000000e0000000, 0x00000000e8000000, 0x00000000e8000000)
  eden space 87424K,   0% used [0x00000000e0000000, 0x00000000e0000000, 0x00000000e5560000)
  from space 21824K,  51% used [0x00000000e6ab0000, 0x00000000e75aa898, 0x00000000e8000000)
  to   space 21824K,   0% used [0x00000000e5560000, 0x00000000e5560000, 0x00000000e6ab0000)
 concurrent mark-sweep generation total 393216K, used 0K [0x00000000e8000000, 0x0000000100000000, 0x0000000100000000)
 Metaspace       used 17784K, capacity 18112K, committed 18304K, reserved 1064960K
  class space    used 2021K, capacity 2164K, committed 2176K, reserved 1048576K
}
2017-04-15T12:03:00.800+0200: 2,059: Total time for which application threads were stopped: 0,0152798 seconds, Stopping threads took: 0,0000427 seconds
2017-04-15T12:03:01.166+0200: 2,425: Total time for which application threads were stopped: 0,0004680 seconds, Stopping threads took: 0,0001535 seconds
{Heap before GC invocations=1 (full 0):
 par new generation   total 109248K, used 98666K [0x00000000e0000000, 0x00000000e8000000, 0x00000000e8000000)
  eden space 87424K, 100% used [0x00000000e0000000, 0x00000000e5560000, 0x00000000e5560000)
  from space 21824K,  51% used [0x00000000e6ab0000, 0x00000000e75aa898, 0x00000000e8000000)
  to   space 21824K,   0% used [0x00000000e5560000, 0x00000000e5560000, 0x00000000e6ab0000)
 concurrent mark-sweep generation total 393216K, used 0K [0x00000000e8000000, 0x0000000100000000, 0x0000000100000000)
 Metaspace       used 20018K, capacity 20364K, committed 20736K, reserved 1067008K
  class space    used 2294K, capacity 2468K, committed 2560K, reserved 1048576K
2017-04-15T12:03:01.210+0200: 2,469: [GC (Allocation Failure) 2017-04-15T12:03:01.210+0200: 2,469: [ParNew
Desired survivor size 20112992 bytes, new threshold 8 (max 8)
- age   1:    4434880 bytes,    4434880 total
- age   2:    5979104 bytes,   10413984 total
: 98666K->12525K(109248K), 0,0102253 secs] 98666K->12525K(502464K), 0,0103000 secs] [Times: user=0,04 sys=0,00, real=0,01 secs] 
Heap after GC invocations=2 (full 0):
 par new generation   total 109248K, used 12525K [0x00000000e0000000, 0x00000000e8000000, 0x00000000e8000000)
  eden space 87424K,   0% used [0x00000000e0000000, 0x00000000e0000000, 0x00000000e5560000)
  from space 21824K,  57% used [0x00000000e5560000, 0x00000000e619b610, 0x00000000e6ab0000)
  to   space 21824K,   0% used [0x00000000e6ab0000, 0x00000000e6ab0000, 0x00000000e8000000)
 concurrent mark-sweep generation total 393216K, used 0K [0x00000000e8000000, 0x0000000100000000, 0x0000000100000000)
 Metaspace       used 20018K, capacity 20364K, committed 20736K, reserved 1067008K
  class space    used 2294K, capacity 2468K, committed 2560K, reserved 1048576K
}
2017-04-15T12:03:01.220+0200: 2,479: Total time for which application threads were stopped: 0,0126621 seconds, Stopping threads took: 0,0021982 seconds
2017-04-15T12:03:01.230+0200: 2,489: Total time for which application threads were stopped: 0,0022692 seconds, Stopping threads took: 0,0019176 seconds
2017-04-15T12:03:01.291+0200: 2,550: Total time for which application threads were stopped: 0,0003550 seconds, Stopping threads took: 0,0000577 seconds
2017-04-15T12:03:01.434+0200: 2,693: Total time for which application threads were stopped: 0,0002122 seconds, Stopping threads took: 0,0000479 seconds
{Heap before GC invocations=2 (full 0):
 par new generation   total 109248K, used 99949K [0x00000000e0000000, 0x00000000e8000000, 0x00000000e8000000)
  eden space 87424K, 100% used [0x00000000e0000000, 0x00000000e5560000, 0x00000000e5560000)
  from space 21824K,  57% used [0x00000000e5560000, 0x00000000e619b610, 0x00000000e6ab0000)
  to   space 21824K,   0% used [0x00000000e6ab0000, 0x00000000e6ab0000, 0x00000000e8000000)
 concurrent mark-sweep generation total 393216K, used 0K [0x00000000e8000000, 0x0000000100000000, 0x0000000100000000)
 Metaspace       used 20982K, capacity 21292K, committed 21628K, reserved 1069056K
  class space    used 2417K, capacity 2588K, committed 2684K, reserved 1048576K
2017-04-15T12:03:01.472+0200: 2,731: [GC (Allocation Failure) 2017-04-15T12:03:01.472+0200: 2,731: [ParNew
Desired survivor size 20112992 bytes, new threshold 8 (max 8)
- age   1:    2021472 bytes,    2021472 total
- age   2:    1499952 bytes,    3521424 total
- age   3:    5977376 bytes,    9498800 total
: 99949K->14125K(109248K), 0,0107534 secs] 99949K->14125K(502464K), 0,0108386 secs] [Times: user=0,04 sys=0,00, real=0,02 secs] 
Heap after GC invocations=3 (full 0):
 par new generation   total 109248K, used 14125K [0x00000000e0000000, 0x00000000e8000000, 0x00000000e8000000)
  eden space 87424K,   0% used [0x00000000e0000000, 0x00000000e0000000, 0x00000000e5560000)
  from space 21824K,  64% used [0x00000000e6ab0000, 0x00000000e787b4e0, 0x00000000e8000000)
  to   space 21824K,   0% used [0x00000000e5560000, 0x00000000e5560000, 0x00000000e6ab0000)
 concurrent mark-sweep generation total 393216K, used 0K [0x00000000e8000000, 0x0000000100000000, 0x0000000100000000)
 Metaspace       used 20982K, capacity 21292K, committed 21628K, reserved 1069056K
  class space    used 2417K, capacity 2588K, committed 2684K, reserved 1048576K
}
2017-04-15T12:03:01.482+0200: 2,741: Total time for which application threads were stopped: 0,0110799 seconds, Stopping threads took: 0,0000654 seconds
2017-04-15T12:03:01.483+0200: 2,742: [GC (CMS Initial Mark) [1 CMS-initial-mark: 0K(393216K)] 14842K(502464K), 0,0034540 secs] [Times: user=0,01 sys=0,00, real=0,00 secs] 
2017-04-15T12:03:01.486+0200: 2,745: Total time for which application threads were stopped: 0,0036083 seconds, Stopping threads took: 0,0000502 seconds
2017-04-15T12:03:01.486+0200: 2,745: [CMS-concurrent-mark-start]
2017-04-15T12:03:01.487+0200: 2,746: [CMS-concurrent-mark: 0,001/0,001 secs] [Times: user=0,00 sys=0,00, real=0,00 secs] 
2017-04-15T12:03:01.487+0200: 2,746: [CMS-concurrent-preclean-start]
2017-04-15T12:03:01.488+0200: 2,747: [CMS-concurrent-preclean: 0,001/0,001 secs] [Times: user=0,01 sys=0,00, real=0,00 secs] 
2017-04-15T12:03:01.488+0200: 2,747: [CMS-concurrent-abortable-preclean-start]
2017-04-15T12:03:01.550+0200: 2,809: Total time for which application threads were stopped: 0,0001365 seconds, Stopping threads took: 0,0000517 seconds
{Heap before GC invocations=3 (full 1):
 par new generation   total 109248K, used 101549K [0x00000000e0000000, 0x00000000e8000000, 0x00000000e8000000)
  eden space 87424K, 100% used [0x00000000e0000000, 0x00000000e5560000, 0x00000000e5560000)
  from space 21824K,  64% used [0x00000000e6ab0000, 0x00000000e787b4e0, 0x00000000e8000000)
  to   space 21824K,   0% used [0x00000000e5560000, 0x00000000e5560000, 0x00000000e6ab0000)
 concurrent mark-sweep generation total 393216K, used 0K [0x00000000e8000000, 0x0000000100000000, 0x0000000100000000)
 Metaspace       used 21235K, capacity 21626K, committed 21884K, reserved 1069056K
  class space    used 2446K, capacity 2602K, committed 2684K, reserved 1048576K
2017-04-15T12:03:01.582+0200: 2,841: [GC (Allocation Failure) 2017-04-15T12:03:01.582+0200: 2,841: [ParNew
Desired survivor size 20112992 bytes, new threshold 8 (max 8)
- age   1:     882312 bytes,     882312 total
- age   2:    1500008 bytes,    2382320 total
- age   3:    1463192 bytes,    3845512 total
- age   4:    5977416 bytes,    9822928 total
: 101549K->11683K(109248K), 0,0112556 secs] 101549K->11683K(502464K), 0,0113204 secs] [Times: user=0,04 sys=0,00, real=0,00 secs] 
Heap after GC invocations=4 (full 1):
 par new generation   total 109248K, used 11683K [0x00000000e0000000, 0x00000000e8000000, 0x00000000e8000000)
  eden space 87424K,   0% used [0x00000000e0000000, 0x00000000e0000000, 0x00000000e5560000)
  from space 21824K,  53% used [0x00000000e5560000, 0x00000000e60c8c80, 0x00000000e6ab0000)
  to   space 21824K,   0% used [0x00000000e6ab0000, 0x00000000e6ab0000, 0x00000000e8000000)
 concurrent mark-sweep generation total 393216K, used 0K [0x00000000e8000000, 0x0000000100000000, 0x0000000100000000)
 Metaspace       used 21235K, capacity 21626K, committed 21884K, reserved 1069056K
  class space    used 2446K, capacity 2602K, committed 2684K, reserved 1048576K
}
2017-04-15T12:03:01.593+0200: 2,852: Total time for which application threads were stopped: 0,0114804 seconds, Stopping threads took: 0,0000263 seconds
2017-04-15T12:03:01.593+0200: 2,852: [CMS-concurrent-abortable-preclean: 0,063/0,105 secs] [Times: user=0,41 sys=0,00, real=0,10 secs] 
2017-04-15T12:03:01.594+0200: 2,853: [GC (CMS Final Remark) [YG occupancy: 13071 K (109248 K)]{Heap before GC invocations=4 (full 1):
 par new generation   total 109248K, used 13071K [0x00000000e0000000, 0x00000000e8000000, 0x00000000e8000000)
  eden space 87424K,   1% used [0x00000000e0000000, 0x00000000e015b250, 0x00000000e5560000)
  from space 21824K,  53% used [0x00000000e5560000, 0x00000000e60c8c80, 0x00000000e6ab0000)
  to   space 21824K,   0% used [0x00000000e6ab0000, 0x00000000e6ab0000, 0x00000000e8000000)
 concurrent mark-sweep generation total 393216K, used 0K [0x00000000e8000000, 0x0000000100000000, 0x0000000100000000)
 Metaspace       used 21235K, capacity 21626K, committed 21884K, reserved 1069056K
  class space    used 2446K, capacity 2602K, committed 2684K, reserved 1048576K
2017-04-15T12:03:01.594+0200: 2,853: [GC (CMS Final Remark) 2017-04-15T12:03:01.594+0200: 2,853: [ParNew
Desired survivor size 20112992 bytes, new threshold 8 (max 8)
- age   1:     274512 bytes,     274512 total
- age   2:     681776 bytes,     956288 total
- age   3:    1499176 bytes,    2455464 total
- age   4:    1463192 bytes,    3918656 total
- age   5:    5977696 bytes,    9896352 total
: 13071K->14634K(109248K), 0,0094106 secs] 13071K->14634K(502464K), 0,0094488 secs] [Times: user=0,03 sys=0,00, real=0,02 secs] 
Heap after GC invocations=5 (full 1):
 par new generation   total 109248K, used 14634K [0x00000000e0000000, 0x00000000e8000000, 0x00000000e8000000)
  eden space 87424K,   0% used [0x00000000e0000000, 0x00000000e0000000, 0x00000000e5560000)
  from space 21824K,  67% used [0x00000000e6ab0000, 0x00000000e78fabe8, 0x00000000e8000000)
  to   space 21824K,   0% used [0x00000000e5560000, 0x00000000e5560000, 0x00000000e6ab0000)
 concurrent mark-sweep generation total 393216K, used 0K [0x00000000e8000000, 0x0000000100000000, 0x0000000100000000)
 Metaspace       used 21235K, capacity 21626K, committed 21884K, reserved 1069056K
  class space    used 2446K, capacity 2602K, committed 2684K, reserved 1048576K
}
2017-04-15T12:03:01.603+0200: 2,862: [Rescan (parallel) , 0,0033473 secs]2017-04-15T12:03:01.607+0200: 2,866: [weak refs processing, 0,0017670 secs]2017-04-15T12:03:01.608+0200: 2,867: [class unloading, 0,0028453 secs]2017-04-15T12:03:01.611+0200: 2,870: [scrub symbol table, 0,0025298 secs]2017-04-15T12:03:01.614+0200: 2,873: [scrub string table, 0,0004288 secs][1 CMS-remark: 0K(393216K)] 14634K(502464K), 0,0210032 secs] [Times: user=0,06 sys=0,00, real=0,03 secs] 
2017-04-15T12:03:01.615+0200: 2,874: Total time for which application threads were stopped: 0,0212548 seconds, Stopping threads took: 0,0001819 seconds
2017-04-15T12:03:01.615+0200: 2,874: [CMS-concurrent-sweep-start]
2017-04-15T12:03:01.615+0200: 2,874: [CMS-concurrent-sweep: 0,000/0,000 secs] [Times: user=0,00 sys=0,00, real=0,00 secs] 
2017-04-15T12:03:01.615+0200: 2,874: [CMS-concurrent-reset-start]
2017-04-15T12:03:01.617+0200: 2,876: [CMS-concurrent-reset: 0,002/0,002 secs] [Times: user=0,00 sys=0,00, real=0,00 secs] 
{Heap before GC invocations=5 (full 1):
 par new generation   total 109248K, used 102058K [0x00000000e0000000, 0x00000000e8000000, 0x00000000e8000000)
  eden space 87424K, 100% used [0x00000000e0000000, 0x00000000e5560000, 0x00000000e5560000)
  from space 21824K,  67% used [0x00000000e6ab0000, 0x00000000e78fabe8, 0x00000000e8000000)
  to   space 21824K,   0% used [0x00000000e5560000, 0x00000000e5560000, 0x00000000e6ab0000)
 concurrent mark-sweep generation total 393216K, used 0K [0x00000000e8000000, 0x0000000100000000, 0x0000000100000000)
 Metaspace       used 21360K, capacity 21786K, committed 21884K, reserved 1069056K
  class space    used 2466K, capacity 2634K, committed 2684K, reserved 1048576K
2017-04-15T12:03:01.702+0200: 2,961: [GC (Allocation Failure) 2017-04-15T12:03:01.702+0200: 2,961: [ParNew
Desired survivor size 20112992 bytes, new threshold 8 (max 8)
- age   1:     645840 bytes,     645840 total
- age   3:     176640 bytes,     822480 total
- age   4:    1499104 bytes,    2321584 total
- age   5:    1463080 bytes,    3784664 total
- age   6:    5977480 bytes,    9762144 total
: 102058K->12393K(109248K), 0,0094800 secs] 102058K->12393K(502464K), 0,0095558 secs] [Times: user=0,04 sys=0,00, real=0,00 secs] 
Heap after GC invocations=6 (full 1):
 par new generation   total 109248K, used 12393K [0x00000000e0000000, 0x00000000e8000000, 0x00000000e8000000)
  eden space 87424K,   0% used [0x00000000e0000000, 0x00000000e0000000, 0x00000000e5560000)
  from space 21824K,  56% used [0x00000000e5560000, 0x00000000e617a5e8, 0x00000000e6ab0000)
  to   space 21824K,   0% used [0x00000000e6ab0000, 0x00000000e6ab0000, 0x00000000e8000000)
 concurrent mark-sweep generation total 393216K, used 0K [0x00000000e8000000, 0x0000000100000000, 0x0000000100000000)
 Metaspace       used 21360K, capacity 21786K, committed 21884K, reserved 1069056K
  class space    used 2466K, capacity 2634K, committed 2684K, reserved 1048576K
}
2017-04-15T12:03:01.712+0200: 2,971: Total time for which application threads were stopped: 0,0103382 seconds, Stopping threads took: 0,0006521 seconds
2017-04-15T12:03:01.757+0200: 3,016: Total time for which application threads were stopped: 0,0003843 seconds, Stopping threads took: 0,0000477 seconds
2017-04-15T12:03:01.982+0200: 3,241: Total time for which application threads were stopped: 0,0004425 seconds, Stopping threads took: 0,0000233 seconds
2017-04-15T12:03:01.997+0200: 3,256: Total time for which application threads were stopped: 0,0004039 seconds, Stopping threads took: 0,0000439 seconds
{Heap before GC invocations=6 (full 1):
 par new generation   total 109248K, used 99817K [0x00000000e0000000, 0x00000000e8000000, 0x00000000e8000000)
  eden space 87424K, 100% used [0x00000000e0000000, 0x00000000e5560000, 0x00000000e5560000)
  from space 21824K,  56% used [0x00000000e5560000, 0x00000000e617a5e8, 0x00000000e6ab0000)
  to   space 21824K,   0% used [0x00000000e6ab0000, 0x00000000e6ab0000, 0x00000000e8000000)
 concurrent mark-sweep generation total 393216K, used 0K [0x00000000e8000000, 0x0000000100000000, 0x0000000100000000)
 Metaspace       used 23687K, capacity 24168K, committed 24316K, reserved 1071104K
  class space    used 2783K, capacity 2979K, committed 3068K, reserved 1048576K
2017-04-15T12:03:02.134+0200: 3,393: [GC (Allocation Failure) 2017-04-15T12:03:02.134+0200: 3,393: [ParNew
Desired survivor size 20112992 bytes, new threshold 8 (max 8)
- age   1:    5177360 bytes,    5177360 total
- age   2:     110720 bytes,    5288080 total
- age   4:     175160 bytes,    5463240 total
- age   5:     321608 bytes,    5784848 total
- age   6:    1438704 bytes,    7223552 total
- age   7:    5969368 bytes,   13192920 total
: 99817K->16455K(109248K), 0,0222583 secs] 99817K->16455K(502464K), 0,0223377 secs] [Times: user=0,07 sys=0,00, real=0,02 secs] 
Heap after GC invocations=7 (full 1):
 par new generation   total 109248K, used 16455K [0x00000000e0000000, 0x00000000e8000000, 0x00000000e8000000)
  eden space 87424K,   0% used [0x00000000e0000000, 0x00000000e0000000, 0x00000000e5560000)
  from space 21824K,  75% used [0x00000000e6ab0000, 0x00000000e7ac1ec0, 0x00000000e8000000)
  to   space 21824K,   0% used [0x00000000e5560000, 0x00000000e5560000, 0x00000000e6ab0000)
 concurrent mark-sweep generation total 393216K, used 0K [0x00000000e8000000, 0x0000000100000000, 0x0000000100000000)
 Metaspace       used 23687K, capacity 24168K, committed 24316K, reserved 1071104K
  class space    used 2783K, capacity 2979K, committed 3068K, reserved 1048576K
}
2017-04-15T12:03:02.157+0200: 3,416: Total time for which application threads were stopped: 0,0246473 seconds, Stopping threads took: 0,0020513 seconds
{Heap before GC invocations=7 (full 1):
 par new generation   total 109248K, used 103879K [0x00000000e0000000, 0x00000000e8000000, 0x00000000e8000000)
  eden space 87424K, 100% used [0x00000000e0000000, 0x00000000e5560000, 0x00000000e5560000)
  from space 21824K,  75% used [0x00000000e6ab0000, 0x00000000e7ac1ec0, 0x00000000e8000000)
  to   space 21824K,   0% used [0x00000000e5560000, 0x00000000e5560000, 0x00000000e6ab0000)
 concurrent mark-sweep generation total 393216K, used 0K [0x00000000e8000000, 0x0000000100000000, 0x0000000100000000)
 Metaspace       used 24324K, capacity 24750K, committed 24828K, reserved 1071104K
  class space    used 2856K, capacity 3044K, committed 3068K, reserved 1048576K
2017-04-15T12:03:02.268+0200: 3,527: [GC (Allocation Failure) 2017-04-15T12:03:02.268+0200: 3,527: [ParNew
Desired survivor size 20112992 bytes, new threshold 8 (max 8)
- age   1:    1869456 bytes,    1869456 total
- age   2:    1810872 bytes,    3680328 total
- age   3:      54464 bytes,    3734792 total
- age   5:     101376 bytes,    3836168 total
- age   6:     186744 bytes,    4022912 total
- age   7:    1003888 bytes,    5026800 total
- age   8:    5867920 bytes,   10894720 total
: 103879K->16257K(109248K), 0,0115359 secs] 103879K->16257K(502464K), 0,0116193 secs] [Times: user=0,04 sys=0,00, real=0,01 secs] 
Heap after GC invocations=8 (full 1):
 par new generation   total 109248K, used 16257K [0x00000000e0000000, 0x00000000e8000000, 0x00000000e8000000)
  eden space 87424K,   0% used [0x00000000e0000000, 0x00000000e0000000, 0x00000000e5560000)
  from space 21824K,  74% used [0x00000000e5560000, 0x00000000e6540430, 0x00000000e6ab0000)
  to   space 21824K,   0% used [0x00000000e6ab0000, 0x00000000e6ab0000, 0x00000000e8000000)
 concurrent mark-sweep generation total 393216K, used 0K [0x00000000e8000000, 0x0000000100000000, 0x0000000100000000)
 Metaspace       used 24324K, capacity 24750K, committed 24828K, reserved 1071104K
  class space    used 2856K, capacity 3044K, committed 3068K, reserved 1048576K
}
2017-04-15T12:03:02.280+0200: 3,539: Total time for which application threads were stopped: 0,0122100 seconds, Stopping threads took: 0,0003784 seconds
{Heap before GC invocations=8 (full 1):
 par new generation   total 109248K, used 103681K [0x00000000e0000000, 0x00000000e8000000, 0x00000000e8000000)
  eden space 87424K, 100% used [0x00000000e0000000, 0x00000000e5560000, 0x00000000e5560000)
  from space 21824K,  74% used [0x00000000e5560000, 0x00000000e6540430, 0x00000000e6ab0000)
  to   space 21824K,   0% used [0x00000000e6ab0000, 0x00000000e6ab0000, 0x00000000e8000000)
 concurrent mark-sweep generation total 393216K, used 0K [0x00000000e8000000, 0x0000000100000000, 0x0000000100000000)
 Metaspace       used 24540K, capacity 25032K, committed 25084K, reserved 1071104K
  class space    used 2871K, capacity 3049K, committed 3068K, reserved 1048576K
2017-04-15T12:03:02.370+0200: 3,629: [GC (Allocation Failure) 2017-04-15T12:03:02.370+0200: 3,629: [ParNew
Desired survivor size 20112992 bytes, new threshold 8 (max 8)
- age   1:     596056 bytes,     596056 total
- age   2:    1015104 bytes,    1611160 total
- age   3:    1782568 bytes,    3393728 total
- age   4:      54464 bytes,    3448192 total
- age   6:     101176 bytes,    3549368 total
- age   7:     183976 bytes,    3733344 total
- age   8:    1003088 bytes,    4736432 total
: 103681K->6711K(109248K), 0,0289696 secs] 103681K->12524K(502464K), 0,0290382 secs] [Times: user=0,08 sys=0,00, real=0,03 secs] 
Heap after GC invocations=9 (full 1):
 par new generation   total 109248K, used 6711K [0x00000000e0000000, 0x00000000e8000000, 0x00000000e8000000)
  eden space 87424K,   0% used [0x00000000e0000000, 0x00000000e0000000, 0x00000000e5560000)
  from space 21824K,  30% used [0x00000000e6ab0000, 0x00000000e713deb8, 0x00000000e8000000)
  to   space 21824K,   0% used [0x00000000e5560000, 0x00000000e5560000, 0x00000000e6ab0000)
 concurrent mark-sweep generation total 393216K, used 5812K [0x00000000e8000000, 0x0000000100000000, 0x0000000100000000)
 Metaspace       used 24540K, capacity 25032K, committed 25084K, reserved 1071104K
  class space    used 2871K, capacity 3049K, committed 3068K, reserved 1048576K
}
2017-04-15T12:03:02.399+0200: 3,658: Total time for which application threads were stopped: 0,0292388 seconds, Stopping threads took: 0,0000632 seconds
2017-04-15T12:03:02.699+0200: 3,958: Total time for which application threads were stopped: 0,0004846 seconds, Stopping threads took: 0,0000273 seconds
2017-04-15T12:03:02.711+0200: 3,970: Total time for which application threads were stopped: 0,0003918 seconds, Stopping threads took: 0,0000207 seconds
2017-04-15T12:03:02.753+0200: 4,012: Total time for which application threads were stopped: 0,0003919 seconds, Stopping threads took: 0,0000244 seconds
2017-04-15T12:03:02.790+0200: 4,049: Total time for which application threads were stopped: 0,0003257 seconds, Stopping threads took: 0,0000268 seconds
2017-04-15T12:03:02.790+0200: 4,049: Total time for which application threads were stopped: 0,0001099 seconds, Stopping threads took: 0,0000277 seconds
2017-04-15T12:03:02.793+0200: 4,052: Total time for which application threads were stopped: 0,0001294 seconds, Stopping threads took: 0,0000606 seconds
2017-04-15T12:03:02.793+0200: 4,052: Total time for which application threads were stopped: 0,0000886 seconds, Stopping threads took: 0,0000390 seconds
2017-04-15T12:03:02.795+0200: 4,054: Total time for which application threads were stopped: 0,0001294 seconds, Stopping threads took: 0,0000491 seconds
2017-04-15T12:03:02.798+0200: 4,057: Total time for which application threads were stopped: 0,0000944 seconds, Stopping threads took: 0,0000389 seconds
2017-04-15T12:03:02.798+0200: 4,057: Total time for which application threads were stopped: 0,0000777 seconds, Stopping threads took: 0,0000219 seconds
2017-04-15T12:03:02.806+0200: 4,065: Total time for which application threads were stopped: 0,0011883 seconds, Stopping threads took: 0,0011107 seconds
2017-04-15T12:03:02.821+0200: 4,080: Total time for which application threads were stopped: 0,0001613 seconds, Stopping threads took: 0,0000568 seconds
2017-04-15T12:03:02.826+0200: 4,085: Total time for which application threads were stopped: 0,0001782 seconds, Stopping threads took: 0,0000626 seconds
2017-04-15T12:03:02.830+0200: 4,089: Total time for which application threads were stopped: 0,0006518 seconds, Stopping threads took: 0,0005515 seconds
2017-04-15T12:03:02.850+0200: 4,109: Total time for which application threads were stopped: 0,0042854 seconds, Stopping threads took: 0,0041656 seconds
2017-04-15T12:03:02.858+0200: 4,117: Total time for which application threads were stopped: 0,0004899 seconds, Stopping threads took: 0,0004028 seconds
2017-04-15T12:03:02.874+0200: 4,133: Total time for which application threads were stopped: 0,0003127 seconds, Stopping threads took: 0,0001532 seconds
{Heap before GC invocations=9 (full 1):
 par new generation   total 109248K, used 93140K [0x00000000e0000000, 0x00000000e8000000, 0x00000000e8000000)
  eden space 87424K,  98% used [0x00000000e0000000, 0x00000000e54674a0, 0x00000000e5560000)
  from space 21824K,  30% used [0x00000000e6ab0000, 0x00000000e713deb8, 0x00000000e8000000)
  to   space 21824K,   0% used [0x00000000e5560000, 0x00000000e5560000, 0x00000000e6ab0000)
 concurrent mark-sweep generation total 393216K, used 5812K [0x00000000e8000000, 0x0000000100000000, 0x0000000100000000)
 Metaspace       used 27706K, capacity 28278K, committed 28540K, reserved 1075200K
  class space    used 3173K, capacity 3358K, committed 3452K, reserved 1048576K
2017-04-15T12:03:02.890+0200: 4,149: [GC (Allocation Failure) 2017-04-15T12:03:02.890+0200: 4,149: [ParNew
Desired survivor size 20112992 bytes, new threshold 8 (max 8)
- age   1:    9012184 bytes,    9012184 total
- age   2:     172944 bytes,    9185128 total
- age   3:     228552 bytes,    9413680 total
- age   4:    1776392 bytes,   11190072 total
- age   5:      54464 bytes,   11244536 total
- age   7:      98616 bytes,   11343152 total
- age   8:     183368 bytes,   11526520 total
: 93140K->12307K(109248K), 0,0293812 secs] 98953K->19232K(502464K), 0,0294596 secs] [Times: user=0,08 sys=0,00, real=0,03 secs] 
Heap after GC invocations=10 (full 1):
 par new generation   total 109248K, used 12307K [0x00000000e0000000, 0x00000000e8000000, 0x00000000e8000000)
  eden space 87424K,   0% used [0x00000000e0000000, 0x00000000e0000000, 0x00000000e5560000)
  from space 21824K,  56% used [0x00000000e5560000, 0x00000000e6164e00, 0x00000000e6ab0000)
  to   space 21824K,   0% used [0x00000000e6ab0000, 0x00000000e6ab0000, 0x00000000e8000000)
 concurrent mark-sweep generation total 393216K, used 6924K [0x00000000e8000000, 0x0000000100000000, 0x0000000100000000)
 Metaspace       used 27706K, capacity 28278K, committed 28540K, reserved 1075200K
  class space    used 3173K, capacity 3358K, committed 3452K, reserved 1048576K
}
2017-04-15T12:03:02.919+0200: 4,178: Total time for which application threads were stopped: 0,0308173 seconds, Stopping threads took: 0,0011170 seconds
2017-04-15T12:03:02.941+0200: 4,200: Total time for which application threads were stopped: 0,0005042 seconds, Stopping threads took: 0,0000433 seconds
2017-04-15T12:03:02.942+0200: 4,201: Total time for which application threads were stopped: 0,0001413 seconds, Stopping threads took: 0,0000231 seconds
2017-04-15T12:03:02.942+0200: 4,201: Total time for which application threads were stopped: 0,0001047 seconds, Stopping threads took: 0,0000228 seconds
2017-04-15T12:03:02.944+0200: 4,203: Total time for which application threads were stopped: 0,0001322 seconds, Stopping threads took: 0,0000319 seconds
2017-04-15T12:03:02.946+0200: 4,205: Total time for which application threads were stopped: 0,0001511 seconds, Stopping threads took: 0,0000351 seconds
2017-04-15T12:03:02.947+0200: 4,206: Total time for which application threads were stopped: 0,0001204 seconds, Stopping threads took: 0,0000376 seconds
2017-04-15T12:03:02.950+0200: 4,209: Total time for which application threads were stopped: 0,0019623 seconds, Stopping threads took: 0,0018833 seconds
2017-04-15T12:03:02.950+0200: 4,209: Total time for which application threads were stopped: 0,0000930 seconds, Stopping threads took: 0,0000231 seconds
2017-04-15T12:03:02.952+0200: 4,211: Total time for which application threads were stopped: 0,0001107 seconds, Stopping threads took: 0,0000288 seconds
2017-04-15T12:03:02.952+0200: 4,211: Total time for which application threads were stopped: 0,0001214 seconds, Stopping threads took: 0,0000254 seconds
2017-04-15T12:03:02.954+0200: 4,213: Total time for which application threads were stopped: 0,0002317 seconds, Stopping threads took: 0,0000196 seconds
2017-04-15T12:03:02.956+0200: 4,215: Total time for which application threads were stopped: 0,0001045 seconds, Stopping threads took: 0,0000348 seconds
2017-04-15T12:03:02.956+0200: 4,215: Total time for which application threads were stopped: 0,0001009 seconds, Stopping threads took: 0,0000335 seconds
2017-04-15T12:03:02.964+0200: 4,223: Total time for which application threads were stopped: 0,0001303 seconds, Stopping threads took: 0,0000345 seconds
2017-04-15T12:03:02.974+0200: 4,233: Total time for which application threads were stopped: 0,0001221 seconds, Stopping threads took: 0,0000362 seconds
2017-04-15T12:03:02.975+0200: 4,234: Total time for which application threads were stopped: 0,0001011 seconds, Stopping threads took: 0,0000289 seconds
2017-04-15T12:03:02.976+0200: 4,235: Total time for which application threads were stopped: 0,0001042 seconds, Stopping threads took: 0,0000216 seconds
2017-04-15T12:04:25.986+0200: 87,245: Total time for which application threads were stopped: 0,0000856 seconds, Stopping threads took: 0,0000199 seconds
2017-04-15T12:05:00.990+0200: 122,249: Total time for which application threads were stopped: 0,0000814 seconds, Stopping threads took: 0,0000329 seconds
2017-04-15T12:05:05.990+0200: 127,249: Total time for which application threads were stopped: 0,0000870 seconds, Stopping threads took: 0,0000334 seconds
2017-04-15T12:07:36.006+0200: 277,265: Total time for which application threads were stopped: 0,0000899 seconds, Stopping threads took: 0,0000304 seconds
2017-04-15T12:26:25.121+0200: 1406,380: Total time for which application threads were stopped: 0,0001121 seconds, Stopping threads took: 0,0000361 seconds
2017-04-15T12:31:01.150+0200: 1682,409: Total time for which application threads were stopped: 0,0000855 seconds, Stopping threads took: 0,0000315 seconds
2017-04-15T12:31:20.152+0200: 1701,411: Total time for which application threads were stopped: 0,0000786 seconds, Stopping threads took: 0,0000293 seconds
2017-04-15T12:31:31.154+0200: 1712,413: Total time for which application threads were stopped: 0,0000638 seconds, Stopping threads took: 0,0000147 seconds
2017-04-15T12:41:20.218+0200: 2301,477: Total time for which application threads were stopped: 0,0001572 seconds, Stopping threads took: 0,0000544 seconds
2017-04-15T12:41:21.219+0200: 2302,478: Total time for which application threads were stopped: 0,0000748 seconds, Stopping threads took: 0,0000174 seconds
2017-04-15T12:56:16.313+0200: 3197,572: Total time for which application threads were stopped: 0,0000796 seconds, Stopping threads took: 0,0000306 seconds
2017-04-15T13:07:00.380+0200: 3841,639: Total time for which application threads were stopped: 0,0000886 seconds, Stopping threads took: 0,0000317 seconds
2017-04-15T13:07:10.381+0200: 3851,640: Total time for which application threads were stopped: 0,0000937 seconds, Stopping threads took: 0,0000201 seconds
2017-04-15T13:08:40.391+0200: 3941,650: Total time for which application threads were stopped: 0,0000764 seconds, Stopping threads took: 0,0000294 seconds
2017-04-15T13:20:56.461+0200: 4677,720: Total time for which application threads were stopped: 0,0004107 seconds, Stopping threads took: 0,0001503 seconds
2017-04-15T13:21:06.462+0200: 4687,721: Total time for which application threads were stopped: 0,0000837 seconds, Stopping threads took: 0,0000316 seconds
2017-04-15T13:30:53.372+0200: 5274,631: Total time for which application threads were stopped: 0,0193597 seconds, Stopping threads took: 0,0192865 seconds
2017-04-15T13:30:53.373+0200: 5274,632: Total time for which application threads were stopped: 0,0000742 seconds, Stopping threads took: 0,0000248 seconds
2017-04-15T13:30:53.392+0200: 5274,650: Total time for which application threads were stopped: 0,0001069 seconds, Stopping threads took: 0,0000460 seconds
2017-04-15T13:30:53.394+0200: 5274,653: Total time for which application threads were stopped: 0,0001260 seconds, Stopping threads took: 0,0000424 seconds
2017-04-15T13:30:53.401+0200: 5274,660: Total time for which application threads were stopped: 0,0000709 seconds, Stopping threads took: 0,0000133 seconds
2017-04-15T13:30:53.404+0200: 5274,663: Total time for which application threads were stopped: 0,0001375 seconds, Stopping threads took: 0,0000249 seconds
Heap
 par new generation   total 109248K, used 43920K [0x00000000e0000000, 0x00000000e8000000, 0x00000000e8000000)
  eden space 87424K,  36% used [0x00000000e0000000, 0x00000000e1edf348, 0x00000000e5560000)
  from space 21824K,  56% used [0x00000000e5560000, 0x00000000e6164e00, 0x00000000e6ab0000)
  to   space 21824K,   0% used [0x00000000e6ab0000, 0x00000000e6ab0000, 0x00000000e8000000)
 concurrent mark-sweep generation total 393216K, used 6924K [0x00000000e8000000, 0x0000000100000000, 0x0000000100000000)
 Metaspace       used 28125K, capacity 28670K, committed 28796K, reserved 1075200K
  class space    used 3229K, capacity 3424K, committed 3452K, reserved 1048576K
