OpenJDK 64-Bit Server VM (25.121-b13) for linux-amd64 JRE (1.8.0_121-8u121-b13-0ubuntu1.16.04.2-b13), built on Jan 23 2017 15:51:29 by "buildd" with gcc 5.4.0 20160609
Memory: 4k page, physical 7867760k(7507960k free), swap 8076284k(8076284k free)
CommandLine flags: -XX:CMSInitiatingOccupancyFraction=50 -XX:CMSMaxAbortablePrecleanTime=6000 -XX:+CMSParallelRemarkEnabled -XX:+CMSScavengeBeforeRemark -XX:ConcGCThreads=4 -XX:InitialHeapSize=536870912 -XX:MaxHeapSize=536870912 -XX:MaxTenuringThreshold=8 -XX:NewRatio=3 -XX:OldPLABSize=16 -XX:OnOutOfMemoryError=/opt/solr/bin/oom_solr.sh 8983 /var/solr/logs -XX:ParallelGCThreads=4 -XX:+ParallelRefProcEnabled -XX:PretenureSizeThreshold=67108864 -XX:+PrintGC -XX:+PrintGCApplicationStoppedTime -XX:+PrintGCDateStamps -XX:+PrintGCDetails -XX:+PrintGCTimeStamps -XX:+PrintHeapAtGC -XX:+PrintTenuringDistribution -XX:SurvivorRatio=4 -XX:TargetSurvivorRatio=90 -XX:ThreadStackSize=256 -XX:+UseCMSInitiatingOccupancyOnly -XX:+UseCompressedClassPointers -XX:+UseCompressedOops -XX:+UseConcMarkSweepGC -XX:+UseParNewGC 
2017-03-02T09:47:23.544+0100: 0,131: Total time for which application threads were stopped: 0,0001069 seconds, Stopping threads took: 0,0000235 seconds
2017-03-02T09:47:23.627+0100: 0,214: Total time for which application threads were stopped: 0,0000970 seconds, Stopping threads took: 0,0000139 seconds
2017-03-02T09:47:23.647+0100: 0,235: Total time for which application threads were stopped: 0,0001662 seconds, Stopping threads took: 0,0000787 seconds
2017-03-02T09:47:23.952+0100: 0,540: Total time for which application threads were stopped: 0,0001466 seconds, Stopping threads took: 0,0000124 seconds
2017-03-02T09:47:24.434+0100: 1,022: Total time for which application threads were stopped: 0,0001733 seconds, Stopping threads took: 0,0000138 seconds
2017-03-02T09:47:24.490+0100: 1,077: Total time for which application threads were stopped: 0,0001440 seconds, Stopping threads took: 0,0000155 seconds
2017-03-02T09:47:24.520+0100: 1,107: Total time for which application threads were stopped: 0,0002624 seconds, Stopping threads took: 0,0000848 seconds
2017-03-02T09:47:24.751+0100: 1,339: Total time for which application threads were stopped: 0,0001807 seconds, Stopping threads took: 0,0000255 seconds
2017-03-02T09:47:24.950+0100: 1,537: Total time for which application threads were stopped: 0,0002279 seconds, Stopping threads took: 0,0000221 seconds
2017-03-02T09:47:24.971+0100: 1,559: Total time for which application threads were stopped: 0,0002069 seconds, Stopping threads took: 0,0000277 seconds
2017-03-02T09:47:25.009+0100: 1,597: Total time for which application threads were stopped: 0,0002433 seconds, Stopping threads took: 0,0000221 seconds
2017-03-02T09:47:25.012+0100: 1,599: Total time for which application threads were stopped: 0,0003227 seconds, Stopping threads took: 0,0000245 seconds
2017-03-02T09:47:25.024+0100: 1,611: Total time for which application threads were stopped: 0,0001663 seconds, Stopping threads took: 0,0000200 seconds
2017-03-02T09:47:25.133+0100: 1,720: Total time for which application threads were stopped: 0,0001972 seconds, Stopping threads took: 0,0000179 seconds
2017-03-02T09:47:25.310+0100: 1,898: Total time for which application threads were stopped: 0,0038610 seconds, Stopping threads took: 0,0036409 seconds
{Heap before GC invocations=0 (full 0):
 par new generation   total 109248K, used 87424K [0x00000000e0000000, 0x00000000e8000000, 0x00000000e8000000)
  eden space 87424K, 100% used [0x00000000e0000000, 0x00000000e5560000, 0x00000000e5560000)
  from space 21824K,   0% used [0x00000000e5560000, 0x00000000e5560000, 0x00000000e6ab0000)
  to   space 21824K,   0% used [0x00000000e6ab0000, 0x00000000e6ab0000, 0x00000000e8000000)
 concurrent mark-sweep generation total 393216K, used 0K [0x00000000e8000000, 0x0000000100000000, 0x0000000100000000)
 Metaspace       used 17991K, capacity 18336K, committed 18688K, reserved 1064960K
  class space    used 2036K, capacity 2196K, committed 2304K, reserved 1048576K
2017-03-02T09:47:25.384+0100: 1,971: [GC (Allocation Failure) 2017-03-02T09:47:25.384+0100: 1,971: [ParNew
Desired survivor size 20112992 bytes, new threshold 8 (max 8)
- age   1:   12347976 bytes,   12347976 total
: 87424K->12172K(109248K), 0,0161250 secs] 87424K->12172K(502464K), 0,0162008 secs] [Times: user=0,06 sys=0,00, real=0,01 secs] 
Heap after GC invocations=1 (full 0):
 par new generation   total 109248K, used 12172K [0x00000000e0000000, 0x00000000e8000000, 0x00000000e8000000)
  eden space 87424K,   0% used [0x00000000e0000000, 0x00000000e0000000, 0x00000000e5560000)
  from space 21824K,  55% used [0x00000000e6ab0000, 0x00000000e76931c0, 0x00000000e8000000)
  to   space 21824K,   0% used [0x00000000e5560000, 0x00000000e5560000, 0x00000000e6ab0000)
 concurrent mark-sweep generation total 393216K, used 0K [0x00000000e8000000, 0x0000000100000000, 0x0000000100000000)
 Metaspace       used 17991K, capacity 18336K, committed 18688K, reserved 1064960K
  class space    used 2036K, capacity 2196K, committed 2304K, reserved 1048576K
}
2017-03-02T09:47:25.400+0100: 1,987: Total time for which application threads were stopped: 0,0167721 seconds, Stopping threads took: 0,0003925 seconds
2017-03-02T09:47:25.716+0100: 2,303: Total time for which application threads were stopped: 0,0003346 seconds, Stopping threads took: 0,0000524 seconds
{Heap before GC invocations=1 (full 0):
 par new generation   total 109248K, used 99596K [0x00000000e0000000, 0x00000000e8000000, 0x00000000e8000000)
  eden space 87424K, 100% used [0x00000000e0000000, 0x00000000e5560000, 0x00000000e5560000)
  from space 21824K,  55% used [0x00000000e6ab0000, 0x00000000e76931c0, 0x00000000e8000000)
  to   space 21824K,   0% used [0x00000000e5560000, 0x00000000e5560000, 0x00000000e6ab0000)
 concurrent mark-sweep generation total 393216K, used 0K [0x00000000e8000000, 0x0000000100000000, 0x0000000100000000)
 Metaspace       used 20047K, capacity 20372K, committed 20736K, reserved 1067008K
  class space    used 2296K, capacity 2472K, committed 2560K, reserved 1048576K
2017-03-02T09:47:25.770+0100: 2,358: [GC (Allocation Failure) 2017-03-02T09:47:25.770+0100: 2,358: [ParNew
Desired survivor size 20112992 bytes, new threshold 8 (max 8)
- age   1:    3717016 bytes,    3717016 total
- age   2:    6614560 bytes,   10331576 total
: 99596K->15468K(109248K), 0,0104314 secs] 99596K->15468K(502464K), 0,0105077 secs] [Times: user=0,04 sys=0,00, real=0,00 secs] 
Heap after GC invocations=2 (full 0):
 par new generation   total 109248K, used 15468K [0x00000000e0000000, 0x00000000e8000000, 0x00000000e8000000)
  eden space 87424K,   0% used [0x00000000e0000000, 0x00000000e0000000, 0x00000000e5560000)
  from space 21824K,  70% used [0x00000000e5560000, 0x00000000e647b140, 0x00000000e6ab0000)
  to   space 21824K,   0% used [0x00000000e6ab0000, 0x00000000e6ab0000, 0x00000000e8000000)
 concurrent mark-sweep generation total 393216K, used 0K [0x00000000e8000000, 0x0000000100000000, 0x0000000100000000)
 Metaspace       used 20047K, capacity 20372K, committed 20736K, reserved 1067008K
  class space    used 2296K, capacity 2472K, committed 2560K, reserved 1048576K
}
2017-03-02T09:47:25.781+0100: 2,368: Total time for which application threads were stopped: 0,0123735 seconds, Stopping threads took: 0,0016913 seconds
2017-03-02T09:47:25.787+0100: 2,375: Total time for which application threads were stopped: 0,0003179 seconds, Stopping threads took: 0,0000595 seconds
2017-03-02T09:47:25.835+0100: 2,423: Total time for which application threads were stopped: 0,0003023 seconds, Stopping threads took: 0,0000243 seconds
2017-03-02T09:47:25.952+0100: 2,539: Total time for which application threads were stopped: 0,0002034 seconds, Stopping threads took: 0,0000503 seconds
{Heap before GC invocations=2 (full 0):
 par new generation   total 109248K, used 102892K [0x00000000e0000000, 0x00000000e8000000, 0x00000000e8000000)
  eden space 87424K, 100% used [0x00000000e0000000, 0x00000000e5560000, 0x00000000e5560000)
  from space 21824K,  70% used [0x00000000e5560000, 0x00000000e647b140, 0x00000000e6ab0000)
  to   space 21824K,   0% used [0x00000000e6ab0000, 0x00000000e6ab0000, 0x00000000e8000000)
 concurrent mark-sweep generation total 393216K, used 0K [0x00000000e8000000, 0x0000000100000000, 0x0000000100000000)
 Metaspace       used 20973K, capacity 21300K, committed 21628K, reserved 1069056K
  class space    used 2419K, capacity 2592K, committed 2684K, reserved 1048576K
2017-03-02T09:47:25.990+0100: 2,577: [GC (Allocation Failure) 2017-03-02T09:47:25.990+0100: 2,577: [ParNew
Desired survivor size 20112992 bytes, new threshold 8 (max 8)
- age   1:    2260152 bytes,    2260152 total
- age   2:     893912 bytes,    3154064 total
- age   3:    6611232 bytes,    9765296 total
: 102892K->11139K(109248K), 0,0127047 secs] 102892K->11139K(502464K), 0,0127978 secs] [Times: user=0,04 sys=0,00, real=0,02 secs] 
Heap after GC invocations=3 (full 0):
 par new generation   total 109248K, used 11139K [0x00000000e0000000, 0x00000000e8000000, 0x00000000e8000000)
  eden space 87424K,   0% used [0x00000000e0000000, 0x00000000e0000000, 0x00000000e5560000)
  from space 21824K,  51% used [0x00000000e6ab0000, 0x00000000e7590f10, 0x00000000e8000000)
  to   space 21824K,   0% used [0x00000000e5560000, 0x00000000e5560000, 0x00000000e6ab0000)
 concurrent mark-sweep generation total 393216K, used 0K [0x00000000e8000000, 0x0000000100000000, 0x0000000100000000)
 Metaspace       used 20973K, capacity 21300K, committed 21628K, reserved 1069056K
  class space    used 2419K, capacity 2592K, committed 2684K, reserved 1048576K
}
2017-03-02T09:47:26.003+0100: 2,590: Total time for which application threads were stopped: 0,0130237 seconds, Stopping threads took: 0,0000771 seconds
2017-03-02T09:47:26.006+0100: 2,594: [GC (CMS Initial Mark) [1 CMS-initial-mark: 0K(393216K)] 13314K(502464K), 0,0035469 secs] [Times: user=0,01 sys=0,00, real=0,00 secs] 
2017-03-02T09:47:26.010+0100: 2,597: Total time for which application threads were stopped: 0,0037264 seconds, Stopping threads took: 0,0000803 seconds
2017-03-02T09:47:26.010+0100: 2,597: [CMS-concurrent-mark-start]
2017-03-02T09:47:26.010+0100: 2,598: [CMS-concurrent-mark: 0,001/0,001 secs] [Times: user=0,00 sys=0,00, real=0,01 secs] 
2017-03-02T09:47:26.010+0100: 2,598: [CMS-concurrent-preclean-start]
2017-03-02T09:47:26.012+0100: 2,599: [CMS-concurrent-preclean: 0,001/0,001 secs] [Times: user=0,01 sys=0,00, real=0,00 secs] 
2017-03-02T09:47:26.012+0100: 2,599: [CMS-concurrent-abortable-preclean-start]
2017-03-02T09:47:26.091+0100: 2,678: Total time for which application threads were stopped: 0,0029471 seconds, Stopping threads took: 0,0028634 seconds
{Heap before GC invocations=3 (full 1):
 par new generation   total 109248K, used 98563K [0x00000000e0000000, 0x00000000e8000000, 0x00000000e8000000)
  eden space 87424K, 100% used [0x00000000e0000000, 0x00000000e5560000, 0x00000000e5560000)
  from space 21824K,  51% used [0x00000000e6ab0000, 0x00000000e7590f10, 0x00000000e8000000)
  to   space 21824K,   0% used [0x00000000e5560000, 0x00000000e5560000, 0x00000000e6ab0000)
 concurrent mark-sweep generation total 393216K, used 0K [0x00000000e8000000, 0x0000000100000000, 0x0000000100000000)
 Metaspace       used 21265K, capacity 21652K, committed 21884K, reserved 1069056K
  class space    used 2450K, capacity 2609K, committed 2684K, reserved 1048576K
2017-03-02T09:47:26.134+0100: 2,722: [GC (Allocation Failure) 2017-03-02T09:47:26.134+0100: 2,722: [ParNew
Desired survivor size 20112992 bytes, new threshold 8 (max 8)
- age   1:     897936 bytes,     897936 total
- age   2:    1455184 bytes,    2353120 total
- age   3:     862440 bytes,    3215560 total
- age   4:    6611096 bytes,    9826656 total
: 98563K->14463K(109248K), 0,0101841 secs] 98563K->14463K(502464K), 0,0102546 secs] [Times: user=0,04 sys=0,00, real=0,01 secs] 
Heap after GC invocations=4 (full 1):
 par new generation   total 109248K, used 14463K [0x00000000e0000000, 0x00000000e8000000, 0x00000000e8000000)
  eden space 87424K,   0% used [0x00000000e0000000, 0x00000000e0000000, 0x00000000e5560000)
  from space 21824K,  66% used [0x00000000e5560000, 0x00000000e637fc98, 0x00000000e6ab0000)
  to   space 21824K,   0% used [0x00000000e6ab0000, 0x00000000e6ab0000, 0x00000000e8000000)
 concurrent mark-sweep generation total 393216K, used 0K [0x00000000e8000000, 0x0000000100000000, 0x0000000100000000)
 Metaspace       used 21265K, capacity 21652K, committed 21884K, reserved 1069056K
  class space    used 2450K, capacity 2609K, committed 2684K, reserved 1048576K
}
2017-03-02T09:47:26.144+0100: 2,732: Total time for which application threads were stopped: 0,0104138 seconds, Stopping threads took: 0,0000228 seconds
2017-03-02T09:47:26.144+0100: 2,732: [CMS-concurrent-abortable-preclean: 0,080/0,133 secs] [Times: user=0,49 sys=0,00, real=0,13 secs] 
2017-03-02T09:47:26.145+0100: 2,732: [GC (CMS Final Remark) [YG occupancy: 15167 K (109248 K)]{Heap before GC invocations=4 (full 1):
 par new generation   total 109248K, used 15167K [0x00000000e0000000, 0x00000000e8000000, 0x00000000e8000000)
  eden space 87424K,   0% used [0x00000000e0000000, 0x00000000e00b0360, 0x00000000e5560000)
  from space 21824K,  66% used [0x00000000e5560000, 0x00000000e637fc98, 0x00000000e6ab0000)
  to   space 21824K,   0% used [0x00000000e6ab0000, 0x00000000e6ab0000, 0x00000000e8000000)
 concurrent mark-sweep generation total 393216K, used 0K [0x00000000e8000000, 0x0000000100000000, 0x0000000100000000)
 Metaspace       used 21265K, capacity 21652K, committed 21884K, reserved 1069056K
  class space    used 2450K, capacity 2609K, committed 2684K, reserved 1048576K
2017-03-02T09:47:26.145+0100: 2,732: [GC (CMS Final Remark) 2017-03-02T09:47:26.145+0100: 2,732: [ParNew
Desired survivor size 20112992 bytes, new threshold 8 (max 8)
- age   1:      93824 bytes,      93824 total
- age   2:     694456 bytes,     788280 total
- age   3:    1455040 bytes,    2243320 total
- age   4:     862440 bytes,    3105760 total
- age   5:    6611304 bytes,    9717064 total
: 15167K->11162K(109248K), 0,0111935 secs] 15167K->11162K(502464K), 0,0112283 secs] [Times: user=0,04 sys=0,00, real=0,01 secs] 
Heap after GC invocations=5 (full 1):
 par new generation   total 109248K, used 11162K [0x00000000e0000000, 0x00000000e8000000, 0x00000000e8000000)
  eden space 87424K,   0% used [0x00000000e0000000, 0x00000000e0000000, 0x00000000e5560000)
  from space 21824K,  51% used [0x00000000e6ab0000, 0x00000000e7596be0, 0x00000000e8000000)
  to   space 21824K,   0% used [0x00000000e5560000, 0x00000000e5560000, 0x00000000e6ab0000)
 concurrent mark-sweep generation total 393216K, used 0K [0x00000000e8000000, 0x0000000100000000, 0x0000000100000000)
 Metaspace       used 21265K, capacity 21652K, committed 21884K, reserved 1069056K
  class space    used 2450K, capacity 2609K, committed 2684K, reserved 1048576K
}
2017-03-02T09:47:26.156+0100: 2,744: [Rescan (parallel) , 0,0033599 secs]2017-03-02T09:47:26.159+0100: 2,747: [weak refs processing, 0,0013049 secs]2017-03-02T09:47:26.161+0100: 2,748: [class unloading, 0,0029415 secs]2017-03-02T09:47:26.164+0100: 2,751: [scrub symbol table, 0,0025190 secs]2017-03-02T09:47:26.166+0100: 2,754: [scrub string table, 0,0004034 secs][1 CMS-remark: 0K(393216K)] 11162K(502464K), 0,0223987 secs] [Times: user=0,06 sys=0,00, real=0,02 secs] 
2017-03-02T09:47:26.167+0100: 2,755: Total time for which application threads were stopped: 0,0225061 seconds, Stopping threads took: 0,0000378 seconds
2017-03-02T09:47:26.167+0100: 2,755: [CMS-concurrent-sweep-start]
2017-03-02T09:47:26.167+0100: 2,755: [CMS-concurrent-sweep: 0,000/0,000 secs] [Times: user=0,00 sys=0,00, real=0,00 secs] 
2017-03-02T09:47:26.167+0100: 2,755: [CMS-concurrent-reset-start]
2017-03-02T09:47:26.172+0100: 2,759: [CMS-concurrent-reset: 0,005/0,005 secs] [Times: user=0,02 sys=0,00, real=0,01 secs] 
{Heap before GC invocations=5 (full 1):
 par new generation   total 109248K, used 98586K [0x00000000e0000000, 0x00000000e8000000, 0x00000000e8000000)
  eden space 87424K, 100% used [0x00000000e0000000, 0x00000000e5560000, 0x00000000e5560000)
  from space 21824K,  51% used [0x00000000e6ab0000, 0x00000000e7596be0, 0x00000000e8000000)
  to   space 21824K,   0% used [0x00000000e5560000, 0x00000000e5560000, 0x00000000e6ab0000)
 concurrent mark-sweep generation total 393216K, used 0K [0x00000000e8000000, 0x0000000100000000, 0x0000000100000000)
 Metaspace       used 21408K, capacity 21818K, committed 21884K, reserved 1069056K
  class space    used 2470K, capacity 2642K, committed 2684K, reserved 1048576K
2017-03-02T09:47:26.263+0100: 2,851: [GC (Allocation Failure) 2017-03-02T09:47:26.263+0100: 2,851: [ParNew
Desired survivor size 20112992 bytes, new threshold 8 (max 8)
- age   1:    1101032 bytes,    1101032 total
- age   3:     180480 bytes,    1281512 total
- age   4:    1454816 bytes,    2736328 total
- age   5:     860392 bytes,    3596720 total
- age   6:    6611048 bytes,   10207768 total
: 98586K->14407K(109248K), 0,0103686 secs] 98586K->14407K(502464K), 0,0104427 secs] [Times: user=0,04 sys=0,00, real=0,01 secs] 
Heap after GC invocations=6 (full 1):
 par new generation   total 109248K, used 14407K [0x00000000e0000000, 0x00000000e8000000, 0x00000000e8000000)
  eden space 87424K,   0% used [0x00000000e0000000, 0x00000000e0000000, 0x00000000e5560000)
  from space 21824K,  66% used [0x00000000e5560000, 0x00000000e6371fa8, 0x00000000e6ab0000)
  to   space 21824K,   0% used [0x00000000e6ab0000, 0x00000000e6ab0000, 0x00000000e8000000)
 concurrent mark-sweep generation total 393216K, used 0K [0x00000000e8000000, 0x0000000100000000, 0x0000000100000000)
 Metaspace       used 21408K, capacity 21818K, committed 21884K, reserved 1069056K
  class space    used 2470K, capacity 2642K, committed 2684K, reserved 1048576K
}
2017-03-02T09:47:26.274+0100: 2,861: Total time for which application threads were stopped: 0,0106679 seconds, Stopping threads took: 0,0000749 seconds
2017-03-02T09:47:26.308+0100: 2,895: Total time for which application threads were stopped: 0,0003020 seconds, Stopping threads took: 0,0000143 seconds
2017-03-02T09:47:26.479+0100: 3,066: Total time for which application threads were stopped: 0,0004067 seconds, Stopping threads took: 0,0000206 seconds
2017-03-02T09:47:26.497+0100: 3,084: Total time for which application threads were stopped: 0,0004059 seconds, Stopping threads took: 0,0000479 seconds
{Heap before GC invocations=6 (full 1):
 par new generation   total 109248K, used 101831K [0x00000000e0000000, 0x00000000e8000000, 0x00000000e8000000)
  eden space 87424K, 100% used [0x00000000e0000000, 0x00000000e5560000, 0x00000000e5560000)
  from space 21824K,  66% used [0x00000000e5560000, 0x00000000e6371fa8, 0x00000000e6ab0000)
  to   space 21824K,   0% used [0x00000000e6ab0000, 0x00000000e6ab0000, 0x00000000e8000000)
 concurrent mark-sweep generation total 393216K, used 0K [0x00000000e8000000, 0x0000000100000000, 0x0000000100000000)
 Metaspace       used 24366K, capacity 24834K, committed 25084K, reserved 1071104K
  class space    used 2861K, capacity 3050K, committed 3068K, reserved 1048576K
2017-03-02T09:47:26.668+0100: 3,256: [GC (Allocation Failure) 2017-03-02T09:47:26.668+0100: 3,256: [ParNew
Desired survivor size 20112992 bytes, new threshold 8 (max 8)
- age   1:    5243744 bytes,    5243744 total
- age   2:     113712 bytes,    5357456 total
- age   4:     179016 bytes,    5536472 total
- age   5:     282712 bytes,    5819184 total
- age   6:     834096 bytes,    6653280 total
- age   7:    6602416 bytes,   13255696 total
: 101831K->15940K(109248K), 0,0202670 secs] 101831K->15940K(502464K), 0,0203326 secs] [Times: user=0,08 sys=0,00, real=0,02 secs] 
Heap after GC invocations=7 (full 1):
 par new generation   total 109248K, used 15940K [0x00000000e0000000, 0x00000000e8000000, 0x00000000e8000000)
  eden space 87424K,   0% used [0x00000000e0000000, 0x00000000e0000000, 0x00000000e5560000)
  from space 21824K,  73% used [0x00000000e6ab0000, 0x00000000e7a410d0, 0x00000000e8000000)
  to   space 21824K,   0% used [0x00000000e5560000, 0x00000000e5560000, 0x00000000e6ab0000)
 concurrent mark-sweep generation total 393216K, used 0K [0x00000000e8000000, 0x0000000100000000, 0x0000000100000000)
 Metaspace       used 24366K, capacity 24834K, committed 25084K, reserved 1071104K
  class space    used 2861K, capacity 3050K, committed 3068K, reserved 1048576K
}
2017-03-02T09:47:26.689+0100: 3,276: Total time for which application threads were stopped: 0,0212539 seconds, Stopping threads took: 0,0007247 seconds
{Heap before GC invocations=7 (full 1):
 par new generation   total 109248K, used 103364K [0x00000000e0000000, 0x00000000e8000000, 0x00000000e8000000)
  eden space 87424K, 100% used [0x00000000e0000000, 0x00000000e5560000, 0x00000000e5560000)
  from space 21824K,  73% used [0x00000000e6ab0000, 0x00000000e7a410d0, 0x00000000e8000000)
  to   space 21824K,   0% used [0x00000000e5560000, 0x00000000e5560000, 0x00000000e6ab0000)
 concurrent mark-sweep generation total 393216K, used 0K [0x00000000e8000000, 0x0000000100000000, 0x0000000100000000)
 Metaspace       used 24986K, capacity 25464K, committed 25724K, reserved 1071104K
  class space    used 2913K, capacity 3086K, committed 3196K, reserved 1048576K
2017-03-02T09:47:26.831+0100: 3,419: [GC (Allocation Failure) 2017-03-02T09:47:26.831+0100: 3,419: [ParNew
Desired survivor size 20112992 bytes, new threshold 8 (max 8)
- age   1:     877456 bytes,     877456 total
- age   2:    1785208 bytes,    2662664 total
- age   3:      54496 bytes,    2717160 total
- age   5:     104080 bytes,    2821240 total
- age   6:     183928 bytes,    3005168 total
- age   7:     777200 bytes,    3782368 total
- age   8:    6083216 bytes,    9865584 total
: 103364K->13947K(109248K), 0,0132621 secs] 103364K->13947K(502464K), 0,0133423 secs] [Times: user=0,05 sys=0,00, real=0,01 secs] 
Heap after GC invocations=8 (full 1):
 par new generation   total 109248K, used 13947K [0x00000000e0000000, 0x00000000e8000000, 0x00000000e8000000)
  eden space 87424K,   0% used [0x00000000e0000000, 0x00000000e0000000, 0x00000000e5560000)
  from space 21824K,  63% used [0x00000000e5560000, 0x00000000e62fed88, 0x00000000e6ab0000)
  to   space 21824K,   0% used [0x00000000e6ab0000, 0x00000000e6ab0000, 0x00000000e8000000)
 concurrent mark-sweep generation total 393216K, used 0K [0x00000000e8000000, 0x0000000100000000, 0x0000000100000000)
 Metaspace       used 24986K, capacity 25464K, committed 25724K, reserved 1071104K
  class space    used 2913K, capacity 3086K, committed 3196K, reserved 1048576K
}
2017-03-02T09:47:26.844+0100: 3,432: Total time for which application threads were stopped: 0,0139452 seconds, Stopping threads took: 0,0004340 seconds
2017-03-02T09:47:27.047+0100: 3,634: Total time for which application threads were stopped: 0,0005360 seconds, Stopping threads took: 0,0000389 seconds
2017-03-02T09:47:27.074+0100: 3,662: Total time for which application threads were stopped: 0,0012986 seconds, Stopping threads took: 0,0008228 seconds
2017-03-02T09:47:27.147+0100: 3,735: Total time for which application threads were stopped: 0,0005214 seconds, Stopping threads took: 0,0001025 seconds
2017-03-02T09:47:27.267+0100: 3,855: Total time for which application threads were stopped: 0,0004910 seconds, Stopping threads took: 0,0000391 seconds
2017-03-02T09:47:27.461+0100: 4,048: Total time for which application threads were stopped: 0,0003912 seconds, Stopping threads took: 0,0000276 seconds
2017-03-02T09:48:55.000+0100: 92,058: Total time for which application threads were stopped: 0,0000634 seconds, Stopping threads took: 0,0000176 seconds
2017-03-02T09:49:30.005+0100: 127,063: Total time for which application threads were stopped: 0,0004588 seconds, Stopping threads took: 0,0001473 seconds
2017-03-02T09:52:00.020+0100: 277,078: Total time for which application threads were stopped: 0,0000817 seconds, Stopping threads took: 0,0000329 seconds
2017-03-02T10:10:54.124+0100: 1411,182: Total time for which application threads were stopped: 0,0000879 seconds, Stopping threads took: 0,0000332 seconds
2017-03-02T10:16:04.157+0100: 1721,215: Total time for which application threads were stopped: 0,0001092 seconds, Stopping threads took: 0,0000395 seconds
2017-03-02T10:25:49.228+0100: 2306,286: Total time for which application threads were stopped: 0,0004161 seconds, Stopping threads took: 0,0002254 seconds
2017-03-02T10:25:50.228+0100: 2307,286: Total time for which application threads were stopped: 0,0000663 seconds, Stopping threads took: 0,0000146 seconds
2017-03-02T10:29:54.255+0100: 2551,314: Total time for which application threads were stopped: 0,0004403 seconds, Stopping threads took: 0,0001038 seconds
2017-03-02T10:37:55.847+0100: 3032,905: Total time for which application threads were stopped: 0,0001885 seconds, Stopping threads took: 0,0000604 seconds
2017-03-02T10:37:55.863+0100: 3032,921: Total time for which application threads were stopped: 0,0001704 seconds, Stopping threads took: 0,0000192 seconds
Heap
 par new generation   total 109248K, used 83177K [0x00000000e0000000, 0x00000000e8000000, 0x00000000e8000000)
  eden space 87424K,  79% used [0x00000000e0000000, 0x00000000e439b7f8, 0x00000000e5560000)
  from space 21824K,  63% used [0x00000000e5560000, 0x00000000e62fed88, 0x00000000e6ab0000)
  to   space 21824K,   0% used [0x00000000e6ab0000, 0x00000000e6ab0000, 0x00000000e8000000)
 concurrent mark-sweep generation total 393216K, used 0K [0x00000000e8000000, 0x0000000100000000, 0x0000000100000000)
 Metaspace       used 28092K, capacity 28672K, committed 28796K, reserved 1075200K
  class space    used 3231K, capacity 3426K, committed 3452K, reserved 1048576K
