OpenJDK 64-Bit Server VM (25.131-b11) for linux-amd64 JRE (1.8.0_131-8u131-b11-2ubuntu1.16.04.3-b11), built on Jul 28 2017 01:23:32 by "buildd" with gcc 5.4.0 20160609
Memory: 4k page, physical 7867732k(7445672k free), swap 8076284k(8076284k free)
CommandLine flags: -XX:CMSInitiatingOccupancyFraction=50 -XX:CMSMaxAbortablePrecleanTime=6000 -XX:+CMSParallelRemarkEnabled -XX:+CMSScavengeBeforeRemark -XX:ConcGCThreads=4 -XX:InitialHeapSize=536870912 -XX:MaxHeapSize=536870912 -XX:MaxTenuringThreshold=8 -XX:NewRatio=3 -XX:OldPLABSize=16 -XX:OnOutOfMemoryError=/opt/solr/bin/oom_solr.sh 8983 /var/solr/logs -XX:ParallelGCThreads=4 -XX:+ParallelRefProcEnabled -XX:PretenureSizeThreshold=67108864 -XX:+PrintGC -XX:+PrintGCApplicationStoppedTime -XX:+PrintGCDateStamps -XX:+PrintGCDetails -XX:+PrintGCTimeStamps -XX:+PrintHeapAtGC -XX:+PrintTenuringDistribution -XX:SurvivorRatio=4 -XX:TargetSurvivorRatio=90 -XX:ThreadStackSize=256 -XX:+UseCMSInitiatingOccupancyOnly -XX:+UseCompressedClassPointers -XX:+UseCompressedOops -XX:+UseConcMarkSweepGC -XX:+UseParNewGC 
2017-08-07T12:54:31.948+0200: 0,195: Total time for which application threads were stopped: 0,0000743 seconds, Stopping threads took: 0,0000117 seconds
2017-08-07T12:54:32.037+0200: 0,284: Total time for which application threads were stopped: 0,0001136 seconds, Stopping threads took: 0,0000236 seconds
2017-08-07T12:54:32.052+0200: 0,299: Total time for which application threads were stopped: 0,0001001 seconds, Stopping threads took: 0,0000332 seconds
2017-08-07T12:54:32.229+0200: 0,476: Total time for which application threads were stopped: 0,0001454 seconds, Stopping threads took: 0,0000123 seconds
2017-08-07T12:54:32.486+0200: 0,733: Total time for which application threads were stopped: 0,0002843 seconds, Stopping threads took: 0,0000884 seconds
2017-08-07T12:54:32.560+0200: 0,807: Total time for which application threads were stopped: 0,0002351 seconds, Stopping threads took: 0,0000334 seconds
2017-08-07T12:54:32.602+0200: 0,848: Total time for which application threads were stopped: 0,0002137 seconds, Stopping threads took: 0,0000342 seconds
2017-08-07T12:54:33.074+0200: 1,321: Total time for which application threads were stopped: 0,0001773 seconds, Stopping threads took: 0,0000122 seconds
2017-08-07T12:54:33.384+0200: 1,631: Total time for which application threads were stopped: 0,0002813 seconds, Stopping threads took: 0,0000249 seconds
2017-08-07T12:54:33.433+0200: 1,680: Total time for which application threads were stopped: 0,0002730 seconds, Stopping threads took: 0,0000281 seconds
2017-08-07T12:54:33.473+0200: 1,720: Total time for which application threads were stopped: 0,0039439 seconds, Stopping threads took: 0,0037327 seconds
2017-08-07T12:54:33.475+0200: 1,722: Total time for which application threads were stopped: 0,0002378 seconds, Stopping threads took: 0,0000357 seconds
2017-08-07T12:54:33.494+0200: 1,741: Total time for which application threads were stopped: 0,0002165 seconds, Stopping threads took: 0,0000147 seconds
2017-08-07T12:54:33.595+0200: 1,842: Total time for which application threads were stopped: 0,0002668 seconds, Stopping threads took: 0,0000304 seconds
2017-08-07T12:54:34.262+0200: 2,509: Total time for which application threads were stopped: 0,0003240 seconds, Stopping threads took: 0,0000160 seconds
{Heap before GC invocations=0 (full 0):
 par new generation   total 109248K, used 87424K [0x00000000e0000000, 0x00000000e8000000, 0x00000000e8000000)
  eden space 87424K, 100% used [0x00000000e0000000, 0x00000000e5560000, 0x00000000e5560000)
  from space 21824K,   0% used [0x00000000e5560000, 0x00000000e5560000, 0x00000000e6ab0000)
  to   space 21824K,   0% used [0x00000000e6ab0000, 0x00000000e6ab0000, 0x00000000e8000000)
 concurrent mark-sweep generation total 393216K, used 0K [0x00000000e8000000, 0x0000000100000000, 0x0000000100000000)
 Metaspace       used 17927K, capacity 18240K, committed 18304K, reserved 1064960K
  class space    used 2028K, capacity 2164K, committed 2176K, reserved 1048576K
2017-08-07T12:54:34.429+0200: 2,676: [GC (Allocation Failure) 2017-08-07T12:54:34.429+0200: 2,676: [ParNew
Desired survivor size 20112992 bytes, new threshold 8 (max 8)
- age   1:   11836784 bytes,   11836784 total
: 87424K->11662K(109248K), 0,0538982 secs] 87424K->11662K(502464K), 0,0540101 secs] [Times: user=0,06 sys=0,00, real=0,05 secs] 
Heap after GC invocations=1 (full 0):
 par new generation   total 109248K, used 11662K [0x00000000e0000000, 0x00000000e8000000, 0x00000000e8000000)
  eden space 87424K,   0% used [0x00000000e0000000, 0x00000000e0000000, 0x00000000e5560000)
  from space 21824K,  53% used [0x00000000e6ab0000, 0x00000000e7613ac0, 0x00000000e8000000)
  to   space 21824K,   0% used [0x00000000e5560000, 0x00000000e5560000, 0x00000000e6ab0000)
 concurrent mark-sweep generation total 393216K, used 0K [0x00000000e8000000, 0x0000000100000000, 0x0000000100000000)
 Metaspace       used 17927K, capacity 18240K, committed 18304K, reserved 1064960K
  class space    used 2028K, capacity 2164K, committed 2176K, reserved 1048576K
}
2017-08-07T12:54:34.483+0200: 2,730: Total time for which application threads were stopped: 0,0563836 seconds, Stopping threads took: 0,0021608 seconds
2017-08-07T12:54:35.306+0200: 3,552: Total time for which application threads were stopped: 0,0022106 seconds, Stopping threads took: 0,0017536 seconds
{Heap before GC invocations=1 (full 0):
 par new generation   total 109248K, used 99086K [0x00000000e0000000, 0x00000000e8000000, 0x00000000e8000000)
  eden space 87424K, 100% used [0x00000000e0000000, 0x00000000e5560000, 0x00000000e5560000)
  from space 21824K,  53% used [0x00000000e6ab0000, 0x00000000e7613ac0, 0x00000000e8000000)
  to   space 21824K,   0% used [0x00000000e5560000, 0x00000000e5560000, 0x00000000e6ab0000)
 concurrent mark-sweep generation total 393216K, used 0K [0x00000000e8000000, 0x0000000100000000, 0x0000000100000000)
 Metaspace       used 20084K, capacity 20432K, committed 20736K, reserved 1067008K
  class space    used 2296K, capacity 2472K, committed 2560K, reserved 1048576K
2017-08-07T12:54:35.366+0200: 3,613: [GC (Allocation Failure) 2017-08-07T12:54:35.366+0200: 3,613: [ParNew
Desired survivor size 20112992 bytes, new threshold 8 (max 8)
- age   1:    4083264 bytes,    4083264 total
- age   2:    6424360 bytes,   10507624 total
: 99086K->13259K(109248K), 0,0281149 secs] 99086K->13259K(502464K), 0,0282053 secs] [Times: user=0,07 sys=0,00, real=0,02 secs] 
Heap after GC invocations=2 (full 0):
 par new generation   total 109248K, used 13259K [0x00000000e0000000, 0x00000000e8000000, 0x00000000e8000000)
  eden space 87424K,   0% used [0x00000000e0000000, 0x00000000e0000000, 0x00000000e5560000)
  from space 21824K,  60% used [0x00000000e5560000, 0x00000000e6252d08, 0x00000000e6ab0000)
  to   space 21824K,   0% used [0x00000000e6ab0000, 0x00000000e6ab0000, 0x00000000e8000000)
 concurrent mark-sweep generation total 393216K, used 0K [0x00000000e8000000, 0x0000000100000000, 0x0000000100000000)
 Metaspace       used 20084K, capacity 20432K, committed 20736K, reserved 1067008K
  class space    used 2296K, capacity 2472K, committed 2560K, reserved 1048576K
}
2017-08-07T12:54:35.394+0200: 3,641: Total time for which application threads were stopped: 0,0284437 seconds, Stopping threads took: 0,0000772 seconds
2017-08-07T12:54:35.419+0200: 3,666: Total time for which application threads were stopped: 0,0003886 seconds, Stopping threads took: 0,0000444 seconds
2017-08-07T12:54:35.465+0200: 3,712: Total time for which application threads were stopped: 0,0005359 seconds, Stopping threads took: 0,0001385 seconds
2017-08-07T12:54:35.705+0200: 3,952: Total time for which application threads were stopped: 0,0002354 seconds, Stopping threads took: 0,0000327 seconds
{Heap before GC invocations=2 (full 0):
 par new generation   total 109248K, used 100683K [0x00000000e0000000, 0x00000000e8000000, 0x00000000e8000000)
  eden space 87424K, 100% used [0x00000000e0000000, 0x00000000e5560000, 0x00000000e5560000)
  from space 21824K,  60% used [0x00000000e5560000, 0x00000000e6252d08, 0x00000000e6ab0000)
  to   space 21824K,   0% used [0x00000000e6ab0000, 0x00000000e6ab0000, 0x00000000e8000000)
 concurrent mark-sweep generation total 393216K, used 0K [0x00000000e8000000, 0x0000000100000000, 0x0000000100000000)
 Metaspace       used 21014K, capacity 21354K, committed 21628K, reserved 1069056K
  class space    used 2418K, capacity 2591K, committed 2684K, reserved 1048576K
2017-08-07T12:54:35.757+0200: 4,004: [GC (Allocation Failure) 2017-08-07T12:54:35.758+0200: 4,004: [ParNew
Desired survivor size 20112992 bytes, new threshold 8 (max 8)
- age   1:    2225200 bytes,    2225200 total
- age   2:    1077216 bytes,    3302416 total
- age   3:    6422456 bytes,    9724872 total
: 100683K->12919K(109248K), 0,0248106 secs] 100683K->12919K(502464K), 0,0248973 secs] [Times: user=0,07 sys=0,00, real=0,02 secs] 
Heap after GC invocations=3 (full 0):
 par new generation   total 109248K, used 12919K [0x00000000e0000000, 0x00000000e8000000, 0x00000000e8000000)
  eden space 87424K,   0% used [0x00000000e0000000, 0x00000000e0000000, 0x00000000e5560000)
  from space 21824K,  59% used [0x00000000e6ab0000, 0x00000000e774dce0, 0x00000000e8000000)
  to   space 21824K,   0% used [0x00000000e5560000, 0x00000000e5560000, 0x00000000e6ab0000)
 concurrent mark-sweep generation total 393216K, used 0K [0x00000000e8000000, 0x0000000100000000, 0x0000000100000000)
 Metaspace       used 21014K, capacity 21354K, committed 21628K, reserved 1069056K
  class space    used 2418K, capacity 2591K, committed 2684K, reserved 1048576K
}
2017-08-07T12:54:35.782+0200: 4,029: Total time for which application threads were stopped: 0,0254699 seconds, Stopping threads took: 0,0004064 seconds
2017-08-07T12:54:35.793+0200: 4,040: [GC (CMS Initial Mark) [1 CMS-initial-mark: 0K(393216K)] 16408K(502464K), 0,0066090 secs] [Times: user=0,02 sys=0,00, real=0,01 secs] 
2017-08-07T12:54:35.800+0200: 4,047: Total time for which application threads were stopped: 0,0107169 seconds, Stopping threads took: 0,0039875 seconds
2017-08-07T12:54:35.800+0200: 4,047: [CMS-concurrent-mark-start]
2017-08-07T12:54:35.805+0200: 4,052: [CMS-concurrent-mark: 0,005/0,005 secs] [Times: user=0,02 sys=0,00, real=0,01 secs] 
2017-08-07T12:54:35.805+0200: 4,052: [CMS-concurrent-preclean-start]
2017-08-07T12:54:35.807+0200: 4,053: [CMS-concurrent-preclean: 0,001/0,001 secs] [Times: user=0,00 sys=0,00, real=0,00 secs] 
2017-08-07T12:54:35.807+0200: 4,054: [CMS-concurrent-abortable-preclean-start]
2017-08-07T12:54:35.829+0200: 4,076: Total time for which application threads were stopped: 0,0066187 seconds, Stopping threads took: 0,0062897 seconds
2017-08-07T12:54:35.921+0200: 4,168: Total time for which application threads were stopped: 0,0005160 seconds, Stopping threads took: 0,0002500 seconds
2017-08-07T12:54:35.948+0200: 4,195: Total time for which application threads were stopped: 0,0006738 seconds, Stopping threads took: 0,0005730 seconds
2017-08-07T12:54:35.958+0200: 4,205: Total time for which application threads were stopped: 0,0001450 seconds, Stopping threads took: 0,0000248 seconds
2017-08-07T12:54:35.973+0200: 4,220: Total time for which application threads were stopped: 0,0003212 seconds, Stopping threads took: 0,0002318 seconds
2017-08-07T12:54:35.982+0200: 4,229: Total time for which application threads were stopped: 0,0001601 seconds, Stopping threads took: 0,0000610 seconds
2017-08-07T12:54:35.982+0200: 4,229: Total time for which application threads were stopped: 0,0000752 seconds, Stopping threads took: 0,0000299 seconds
2017-08-07T12:54:35.982+0200: 4,229: Total time for which application threads were stopped: 0,0000537 seconds, Stopping threads took: 0,0000126 seconds
2017-08-07T12:54:35.983+0200: 4,230: Total time for which application threads were stopped: 0,0001290 seconds, Stopping threads took: 0,0000305 seconds
2017-08-07T12:54:35.983+0200: 4,230: Total time for which application threads were stopped: 0,0000763 seconds, Stopping threads took: 0,0000130 seconds
2017-08-07T12:54:35.983+0200: 4,230: Total time for which application threads were stopped: 0,0000633 seconds, Stopping threads took: 0,0000116 seconds
2017-08-07T12:54:35.983+0200: 4,230: Total time for which application threads were stopped: 0,0000593 seconds, Stopping threads took: 0,0000094 seconds
2017-08-07T12:54:35.984+0200: 4,231: Total time for which application threads were stopped: 0,0000918 seconds, Stopping threads took: 0,0000190 seconds
2017-08-07T12:54:35.985+0200: 4,231: Total time for which application threads were stopped: 0,0000802 seconds, Stopping threads took: 0,0000207 seconds
2017-08-07T12:54:35.989+0200: 4,236: Total time for which application threads were stopped: 0,0043976 seconds, Stopping threads took: 0,0042886 seconds
{Heap before GC invocations=3 (full 1):
 par new generation   total 109248K, used 100343K [0x00000000e0000000, 0x00000000e8000000, 0x00000000e8000000)
  eden space 87424K, 100% used [0x00000000e0000000, 0x00000000e5560000, 0x00000000e5560000)
  from space 21824K,  59% used [0x00000000e6ab0000, 0x00000000e774dce0, 0x00000000e8000000)
  to   space 21824K,   0% used [0x00000000e5560000, 0x00000000e5560000, 0x00000000e6ab0000)
 concurrent mark-sweep generation total 393216K, used 0K [0x00000000e8000000, 0x0000000100000000, 0x0000000100000000)
 Metaspace       used 21302K, capacity 21624K, committed 21884K, reserved 1069056K
  class space    used 2449K, capacity 2607K, committed 2684K, reserved 1048576K
2017-08-07T12:54:35.995+0200: 4,242: [GC (Allocation Failure) 2017-08-07T12:54:35.995+0200: 4,242: [ParNew
Desired survivor size 20112992 bytes, new threshold 8 (max 8)
- age   1:    1287104 bytes,    1287104 total
- age   2:    1490528 bytes,    2777632 total
- age   3:    1054056 bytes,    3831688 total
- age   4:    6422456 bytes,   10254144 total
: 100343K->13741K(109248K), 0,0300321 secs] 100343K->13741K(502464K), 0,0301089 secs] [Times: user=0,06 sys=0,00, real=0,04 secs] 
Heap after GC invocations=4 (full 1):
 par new generation   total 109248K, used 13741K [0x00000000e0000000, 0x00000000e8000000, 0x00000000e8000000)
  eden space 87424K,   0% used [0x00000000e0000000, 0x00000000e0000000, 0x00000000e5560000)
  from space 21824K,  62% used [0x00000000e5560000, 0x00000000e62cb548, 0x00000000e6ab0000)
  to   space 21824K,   0% used [0x00000000e6ab0000, 0x00000000e6ab0000, 0x00000000e8000000)
 concurrent mark-sweep generation total 393216K, used 0K [0x00000000e8000000, 0x0000000100000000, 0x0000000100000000)
 Metaspace       used 21302K, capacity 21624K, committed 21884K, reserved 1069056K
  class space    used 2449K, capacity 2607K, committed 2684K, reserved 1048576K
}
2017-08-07T12:54:36.026+0200: 4,273: Total time for which application threads were stopped: 0,0303066 seconds, Stopping threads took: 0,0000244 seconds
2017-08-07T12:54:36.026+0200: 4,273: Total time for which application threads were stopped: 0,0001473 seconds, Stopping threads took: 0,0000582 seconds
2017-08-07T12:54:36.027+0200: 4,274: Total time for which application threads were stopped: 0,0001827 seconds, Stopping threads took: 0,0000694 seconds
2017-08-07T12:54:36.027+0200: 4,274: Total time for which application threads were stopped: 0,0001081 seconds, Stopping threads took: 0,0000262 seconds
2017-08-07T12:54:36.028+0200: 4,274: Total time for which application threads were stopped: 0,0001057 seconds, Stopping threads took: 0,0000293 seconds
2017-08-07T12:54:36.028+0200: 4,275: Total time for which application threads were stopped: 0,0001093 seconds, Stopping threads took: 0,0000325 seconds
2017-08-07T12:54:36.034+0200: 4,281: Total time for which application threads were stopped: 0,0005723 seconds, Stopping threads took: 0,0004722 seconds
2017-08-07T12:54:36.069+0200: 4,316: Total time for which application threads were stopped: 0,0002951 seconds, Stopping threads took: 0,0000890 seconds
2017-08-07T12:54:36.074+0200: 4,321: Total time for which application threads were stopped: 0,0006213 seconds, Stopping threads took: 0,0004905 seconds
2017-08-07T12:54:36.074+0200: 4,321: Total time for which application threads were stopped: 0,0000979 seconds, Stopping threads took: 0,0000179 seconds
2017-08-07T12:54:36.075+0200: 4,321: Total time for which application threads were stopped: 0,0000987 seconds, Stopping threads took: 0,0000331 seconds
2017-08-07T12:54:36.087+0200: 4,334: Total time for which application threads were stopped: 0,0001851 seconds, Stopping threads took: 0,0000472 seconds
2017-08-07T12:54:36.118+0200: 4,365: Total time for which application threads were stopped: 0,0001885 seconds, Stopping threads took: 0,0000713 seconds
2017-08-07T12:54:36.118+0200: 4,365: [CMS-concurrent-abortable-preclean: 0,182/0,311 secs] [Times: user=0,83 sys=0,02, real=0,31 secs] 
2017-08-07T12:54:36.118+0200: 4,365: Total time for which application threads were stopped: 0,0000776 seconds, Stopping threads took: 0,0000197 seconds
2017-08-07T12:54:36.118+0200: 4,365: [GC (CMS Final Remark) [YG occupancy: 82977 K (109248 K)]{Heap before GC invocations=4 (full 1):
 par new generation   total 109248K, used 82977K [0x00000000e0000000, 0x00000000e8000000, 0x00000000e8000000)
  eden space 87424K,  79% used [0x00000000e0000000, 0x00000000e439cee8, 0x00000000e5560000)
  from space 21824K,  62% used [0x00000000e5560000, 0x00000000e62cb548, 0x00000000e6ab0000)
  to   space 21824K,   0% used [0x00000000e6ab0000, 0x00000000e6ab0000, 0x00000000e8000000)
 concurrent mark-sweep generation total 393216K, used 0K [0x00000000e8000000, 0x0000000100000000, 0x0000000100000000)
 Metaspace       used 21429K, capacity 21856K, committed 21960K, reserved 1069056K
  class space    used 2466K, capacity 2639K, committed 2684K, reserved 1048576K
2017-08-07T12:54:36.118+0200: 4,365: [GC (CMS Final Remark) 2017-08-07T12:54:36.118+0200: 4,365: [ParNew
Desired survivor size 20112992 bytes, new threshold 8 (max 8)
- age   1:     497520 bytes,     497520 total
- age   2:     170728 bytes,     668248 total
- age   3:    1490432 bytes,    2158680 total
- age   4:    1052136 bytes,    3210816 total
- age   5:    6422456 bytes,    9633272 total
: 82977K->12511K(109248K), 0,0253152 secs] 82977K->12511K(502464K), 0,0253631 secs] [Times: user=0,05 sys=0,00, real=0,02 secs] 
Heap after GC invocations=5 (full 1):
 par new generation   total 109248K, used 12511K [0x00000000e0000000, 0x00000000e8000000, 0x00000000e8000000)
  eden space 87424K,   0% used [0x00000000e0000000, 0x00000000e0000000, 0x00000000e5560000)
  from space 21824K,  57% used [0x00000000e6ab0000, 0x00000000e76e7c10, 0x00000000e8000000)
  to   space 21824K,   0% used [0x00000000e5560000, 0x00000000e5560000, 0x00000000e6ab0000)
 concurrent mark-sweep generation total 393216K, used 0K [0x00000000e8000000, 0x0000000100000000, 0x0000000100000000)
 Metaspace       used 21429K, capacity 21856K, committed 21960K, reserved 1069056K
  class space    used 2466K, capacity 2639K, committed 2684K, reserved 1048576K
}
2017-08-07T12:54:36.144+0200: 4,391: [Rescan (parallel) , 0,0113186 secs]2017-08-07T12:54:36.155+0200: 4,402: [weak refs processing, 0,0026092 secs]2017-08-07T12:54:36.158+0200: 4,405: [class unloading, 0,0032004 secs]2017-08-07T12:54:36.161+0200: 4,408: [scrub symbol table, 0,0032167 secs]2017-08-07T12:54:36.164+0200: 4,411: [scrub string table, 0,0003965 secs][1 CMS-remark: 0K(393216K)] 12511K(502464K), 0,0468410 secs] [Times: user=0,08 sys=0,00, real=0,05 secs] 
2017-08-07T12:54:36.165+0200: 4,412: Total time for which application threads were stopped: 0,0469750 seconds, Stopping threads took: 0,0000683 seconds
2017-08-07T12:54:36.171+0200: 4,418: [CMS-concurrent-sweep-start]
2017-08-07T12:54:36.171+0200: 4,418: [CMS-concurrent-sweep: 0,000/0,000 secs] [Times: user=0,00 sys=0,00, real=0,00 secs] 
2017-08-07T12:54:36.171+0200: 4,418: [CMS-concurrent-reset-start]
2017-08-07T12:54:36.172+0200: 4,419: Total time for which application threads were stopped: 0,0001815 seconds, Stopping threads took: 0,0000958 seconds
2017-08-07T12:54:36.174+0200: 4,421: [CMS-concurrent-reset: 0,002/0,003 secs] [Times: user=0,01 sys=0,00, real=0,00 secs] 
2017-08-07T12:54:36.174+0200: 4,421: Total time for which application threads were stopped: 0,0001485 seconds, Stopping threads took: 0,0000693 seconds
2017-08-07T12:54:36.177+0200: 4,424: Total time for which application threads were stopped: 0,0001481 seconds, Stopping threads took: 0,0000354 seconds
2017-08-07T12:54:36.180+0200: 4,427: Total time for which application threads were stopped: 0,0005258 seconds, Stopping threads took: 0,0004151 seconds
2017-08-07T12:54:36.190+0200: 4,436: Total time for which application threads were stopped: 0,0005373 seconds, Stopping threads took: 0,0004458 seconds
2017-08-07T12:54:36.193+0200: 4,439: Total time for which application threads were stopped: 0,0013733 seconds, Stopping threads took: 0,0011770 seconds
2017-08-07T12:54:36.196+0200: 4,443: Total time for which application threads were stopped: 0,0001410 seconds, Stopping threads took: 0,0000413 seconds
2017-08-07T12:54:36.196+0200: 4,443: Total time for which application threads were stopped: 0,0003121 seconds, Stopping threads took: 0,0002562 seconds
2017-08-07T12:54:36.215+0200: 4,462: Total time for which application threads were stopped: 0,0001621 seconds, Stopping threads took: 0,0000774 seconds
2017-08-07T12:54:36.224+0200: 4,471: Total time for which application threads were stopped: 0,0001417 seconds, Stopping threads took: 0,0000449 seconds
2017-08-07T12:54:36.224+0200: 4,471: Total time for which application threads were stopped: 0,0000696 seconds, Stopping threads took: 0,0000201 seconds
2017-08-07T12:54:36.230+0200: 4,477: Total time for which application threads were stopped: 0,0006563 seconds, Stopping threads took: 0,0005888 seconds
2017-08-07T12:54:36.237+0200: 4,484: Total time for which application threads were stopped: 0,0003578 seconds, Stopping threads took: 0,0000223 seconds
2017-08-07T12:54:36.243+0200: 4,490: Total time for which application threads were stopped: 0,0001481 seconds, Stopping threads took: 0,0000593 seconds
2017-08-07T12:54:36.249+0200: 4,496: Total time for which application threads were stopped: 0,0035277 seconds, Stopping threads took: 0,0034504 seconds
2017-08-07T12:54:36.252+0200: 4,499: Total time for which application threads were stopped: 0,0001284 seconds, Stopping threads took: 0,0000587 seconds
2017-08-07T12:54:36.295+0200: 4,542: Total time for which application threads were stopped: 0,0002866 seconds, Stopping threads took: 0,0001837 seconds
2017-08-07T12:54:36.302+0200: 4,549: Total time for which application threads were stopped: 0,0001353 seconds, Stopping threads took: 0,0000651 seconds
2017-08-07T12:54:36.302+0200: 4,549: Total time for which application threads were stopped: 0,0000681 seconds, Stopping threads took: 0,0000193 seconds
2017-08-07T12:54:36.303+0200: 4,550: Total time for which application threads were stopped: 0,0001202 seconds, Stopping threads took: 0,0000342 seconds
2017-08-07T12:54:36.304+0200: 4,550: Total time for which application threads were stopped: 0,0000685 seconds, Stopping threads took: 0,0000225 seconds
2017-08-07T12:54:36.305+0200: 4,552: Total time for which application threads were stopped: 0,0000975 seconds, Stopping threads took: 0,0000297 seconds
2017-08-07T12:54:36.309+0200: 4,556: Total time for which application threads were stopped: 0,0001128 seconds, Stopping threads took: 0,0000357 seconds
2017-08-07T12:54:36.314+0200: 4,561: Total time for which application threads were stopped: 0,0001603 seconds, Stopping threads took: 0,0000216 seconds
2017-08-07T12:54:36.327+0200: 4,574: Total time for which application threads were stopped: 0,0001570 seconds, Stopping threads took: 0,0000766 seconds
2017-08-07T12:54:36.485+0200: 4,732: Total time for which application threads were stopped: 0,0002072 seconds, Stopping threads took: 0,0000424 seconds
2017-08-07T12:54:36.514+0200: 4,761: Total time for which application threads were stopped: 0,0001376 seconds, Stopping threads took: 0,0000599 seconds
2017-08-07T12:54:36.548+0200: 4,795: Total time for which application threads were stopped: 0,0001405 seconds, Stopping threads took: 0,0000462 seconds
2017-08-07T12:54:36.550+0200: 4,796: Total time for which application threads were stopped: 0,0001554 seconds, Stopping threads took: 0,0000429 seconds
2017-08-07T12:54:36.550+0200: 4,797: Total time for which application threads were stopped: 0,0001326 seconds, Stopping threads took: 0,0000402 seconds
2017-08-07T12:54:36.559+0200: 4,806: Total time for which application threads were stopped: 0,0015791 seconds, Stopping threads took: 0,0014605 seconds
2017-08-07T12:54:36.564+0200: 4,811: Total time for which application threads were stopped: 0,0044376 seconds, Stopping threads took: 0,0043249 seconds
2017-08-07T12:54:36.574+0200: 4,821: Total time for which application threads were stopped: 0,0001790 seconds, Stopping threads took: 0,0000925 seconds
2017-08-07T12:54:36.574+0200: 4,821: Total time for which application threads were stopped: 0,0000839 seconds, Stopping threads took: 0,0000308 seconds
2017-08-07T12:54:36.574+0200: 4,821: Total time for which application threads were stopped: 0,0000691 seconds, Stopping threads took: 0,0000217 seconds
2017-08-07T12:54:36.575+0200: 4,822: Total time for which application threads were stopped: 0,0001441 seconds, Stopping threads took: 0,0000375 seconds
2017-08-07T12:54:36.578+0200: 4,824: Total time for which application threads were stopped: 0,0004987 seconds, Stopping threads took: 0,0003771 seconds
2017-08-07T12:54:36.578+0200: 4,825: Total time for which application threads were stopped: 0,0000975 seconds, Stopping threads took: 0,0000250 seconds
2017-08-07T12:54:36.578+0200: 4,825: Total time for which application threads were stopped: 0,0002401 seconds, Stopping threads took: 0,0000309 seconds
2017-08-07T12:54:36.584+0200: 4,830: Total time for which application threads were stopped: 0,0004507 seconds, Stopping threads took: 0,0000269 seconds
2017-08-07T12:54:36.586+0200: 4,833: Total time for which application threads were stopped: 0,0001159 seconds, Stopping threads took: 0,0000268 seconds
2017-08-07T12:54:36.586+0200: 4,833: Total time for which application threads were stopped: 0,0000977 seconds, Stopping threads took: 0,0000298 seconds
2017-08-07T12:54:36.601+0200: 4,848: Total time for which application threads were stopped: 0,0004463 seconds, Stopping threads took: 0,0000381 seconds
2017-08-07T12:54:36.624+0200: 4,871: Total time for which application threads were stopped: 0,0001716 seconds, Stopping threads took: 0,0000502 seconds
2017-08-07T12:54:36.632+0200: 4,879: Total time for which application threads were stopped: 0,0059389 seconds, Stopping threads took: 0,0058439 seconds
2017-08-07T12:54:36.637+0200: 4,884: Total time for which application threads were stopped: 0,0001968 seconds, Stopping threads took: 0,0001255 seconds
2017-08-07T12:54:36.654+0200: 4,901: Total time for which application threads were stopped: 0,0001266 seconds, Stopping threads took: 0,0000493 seconds
2017-08-07T12:54:36.655+0200: 4,902: Total time for which application threads were stopped: 0,0001130 seconds, Stopping threads took: 0,0000337 seconds
2017-08-07T12:54:36.656+0200: 4,902: Total time for which application threads were stopped: 0,0000757 seconds, Stopping threads took: 0,0000228 seconds
2017-08-07T12:54:36.671+0200: 4,918: Total time for which application threads were stopped: 0,0001872 seconds, Stopping threads took: 0,0000876 seconds
2017-08-07T12:54:36.697+0200: 4,944: Total time for which application threads were stopped: 0,0041879 seconds, Stopping threads took: 0,0040957 seconds
{Heap before GC invocations=5 (full 1):
 par new generation   total 109248K, used 99935K [0x00000000e0000000, 0x00000000e8000000, 0x00000000e8000000)
  eden space 87424K, 100% used [0x00000000e0000000, 0x00000000e5560000, 0x00000000e5560000)
  from space 21824K,  57% used [0x00000000e6ab0000, 0x00000000e76e7c10, 0x00000000e8000000)
  to   space 21824K,   0% used [0x00000000e5560000, 0x00000000e5560000, 0x00000000e6ab0000)
 concurrent mark-sweep generation total 393216K, used 0K [0x00000000e8000000, 0x0000000100000000, 0x0000000100000000)
 Metaspace       used 23766K, capacity 24240K, committed 24572K, reserved 1071104K
  class space    used 2786K, capacity 2983K, committed 3068K, reserved 1048576K
2017-08-07T12:54:36.763+0200: 5,010: [GC (Allocation Failure) 2017-08-07T12:54:36.763+0200: 5,010: [ParNew
Desired survivor size 20112992 bytes, new threshold 8 (max 8)
- age   1:    5064472 bytes,    5064472 total
- age   2:      89480 bytes,    5153952 total
- age   3:     167976 bytes,    5321928 total
- age   4:     320656 bytes,    5642584 total
- age   5:    1025784 bytes,    6668368 total
- age   6:    6414512 bytes,   13082880 total
: 99935K->15531K(109248K), 0,0311405 secs] 99935K->15531K(502464K), 0,0312481 secs] [Times: user=0,06 sys=0,00, real=0,03 secs] 
Heap after GC invocations=6 (full 1):
 par new generation   total 109248K, used 15531K [0x00000000e0000000, 0x00000000e8000000, 0x00000000e8000000)
  eden space 87424K,   0% used [0x00000000e0000000, 0x00000000e0000000, 0x00000000e5560000)
  from space 21824K,  71% used [0x00000000e5560000, 0x00000000e648adc8, 0x00000000e6ab0000)
  to   space 21824K,   0% used [0x00000000e6ab0000, 0x00000000e6ab0000, 0x00000000e8000000)
 concurrent mark-sweep generation total 393216K, used 0K [0x00000000e8000000, 0x0000000100000000, 0x0000000100000000)
 Metaspace       used 23766K, capacity 24240K, committed 24572K, reserved 1071104K
  class space    used 2786K, capacity 2983K, committed 3068K, reserved 1048576K
}
2017-08-07T12:54:36.795+0200: 5,041: Total time for which application threads were stopped: 0,0316443 seconds, Stopping threads took: 0,0001864 seconds
2017-08-07T12:54:36.810+0200: 5,057: Total time for which application threads were stopped: 0,0002395 seconds, Stopping threads took: 0,0001048 seconds
2017-08-07T12:54:36.811+0200: 5,058: Total time for which application threads were stopped: 0,0000878 seconds, Stopping threads took: 0,0000084 seconds
{Heap before GC invocations=6 (full 1):
 par new generation   total 109248K, used 102955K [0x00000000e0000000, 0x00000000e8000000, 0x00000000e8000000)
  eden space 87424K, 100% used [0x00000000e0000000, 0x00000000e5560000, 0x00000000e5560000)
  from space 21824K,  71% used [0x00000000e5560000, 0x00000000e648adc8, 0x00000000e6ab0000)
  to   space 21824K,   0% used [0x00000000e6ab0000, 0x00000000e6ab0000, 0x00000000e8000000)
 concurrent mark-sweep generation total 393216K, used 0K [0x00000000e8000000, 0x0000000100000000, 0x0000000100000000)
 Metaspace       used 24307K, capacity 24758K, committed 24828K, reserved 1071104K
  class space    used 2848K, capacity 3048K, committed 3068K, reserved 1048576K
2017-08-07T12:54:36.930+0200: 5,177: [GC (Allocation Failure) 2017-08-07T12:54:36.930+0200: 5,177: [ParNew
Desired survivor size 20112992 bytes, new threshold 8 (max 8)
- age   1:    1812904 bytes,    1812904 total
- age   2:    1773040 bytes,    3585944 total
- age   3:      37016 bytes,    3622960 total
- age   4:     110096 bytes,    3733056 total
- age   5:     186104 bytes,    3919160 total
- age   6:     927632 bytes,    4846792 total
- age   7:    5976240 bytes,   10823032 total
: 102955K->13470K(109248K), 0,0284490 secs] 102955K->13470K(502464K), 0,0285242 secs] [Times: user=0,08 sys=0,00, real=0,03 secs] 
Heap after GC invocations=7 (full 1):
 par new generation   total 109248K, used 13470K [0x00000000e0000000, 0x00000000e8000000, 0x00000000e8000000)
  eden space 87424K,   0% used [0x00000000e0000000, 0x00000000e0000000, 0x00000000e5560000)
  from space 21824K,  61% used [0x00000000e6ab0000, 0x00000000e77d7bc0, 0x00000000e8000000)
  to   space 21824K,   0% used [0x00000000e5560000, 0x00000000e5560000, 0x00000000e6ab0000)
 concurrent mark-sweep generation total 393216K, used 0K [0x00000000e8000000, 0x0000000100000000, 0x0000000100000000)
 Metaspace       used 24307K, capacity 24758K, committed 24828K, reserved 1071104K
  class space    used 2848K, capacity 3048K, committed 3068K, reserved 1048576K
}
2017-08-07T12:54:36.959+0200: 5,206: Total time for which application threads were stopped: 0,0290878 seconds, Stopping threads took: 0,0003768 seconds
2017-08-07T12:54:36.959+0200: 5,206: Total time for which application threads were stopped: 0,0001871 seconds, Stopping threads took: 0,0000792 seconds
2017-08-07T12:54:36.960+0200: 5,206: Total time for which application threads were stopped: 0,0000830 seconds, Stopping threads took: 0,0000291 seconds
2017-08-07T12:54:36.960+0200: 5,206: Total time for which application threads were stopped: 0,0000565 seconds, Stopping threads took: 0,0000089 seconds
{Heap before GC invocations=7 (full 1):
 par new generation   total 109248K, used 100894K [0x00000000e0000000, 0x00000000e8000000, 0x00000000e8000000)
  eden space 87424K, 100% used [0x00000000e0000000, 0x00000000e5560000, 0x00000000e5560000)
  from space 21824K,  61% used [0x00000000e6ab0000, 0x00000000e77d7bc0, 0x00000000e8000000)
  to   space 21824K,   0% used [0x00000000e5560000, 0x00000000e5560000, 0x00000000e6ab0000)
 concurrent mark-sweep generation total 393216K, used 0K [0x00000000e8000000, 0x0000000100000000, 0x0000000100000000)
 Metaspace       used 24480K, capacity 24912K, committed 25084K, reserved 1071104K
  class space    used 2865K, capacity 3053K, committed 3068K, reserved 1048576K
2017-08-07T12:54:37.033+0200: 5,280: [GC (Allocation Failure) 2017-08-07T12:54:37.033+0200: 5,280: [ParNew
Desired survivor size 20112992 bytes, new threshold 8 (max 8)
- age   1:     423048 bytes,     423048 total
- age   2:     987696 bytes,    1410744 total
- age   3:    1750840 bytes,    3161584 total
- age   4:      36984 bytes,    3198568 total
- age   5:     109864 bytes,    3308432 total
- age   6:     186104 bytes,    3494536 total
- age   7:     927632 bytes,    4422168 total
- age   8:    5975872 bytes,   10398040 total
: 100894K->18587K(109248K), 0,0288812 secs] 100894K->18587K(502464K), 0,0289651 secs] [Times: user=0,06 sys=0,01, real=0,03 secs] 
Heap after GC invocations=8 (full 1):
 par new generation   total 109248K, used 18587K [0x00000000e0000000, 0x00000000e8000000, 0x00000000e8000000)
  eden space 87424K,   0% used [0x00000000e0000000, 0x00000000e0000000, 0x00000000e5560000)
  from space 21824K,  85% used [0x00000000e5560000, 0x00000000e6786c88, 0x00000000e6ab0000)
  to   space 21824K,   0% used [0x00000000e6ab0000, 0x00000000e6ab0000, 0x00000000e8000000)
 concurrent mark-sweep generation total 393216K, used 0K [0x00000000e8000000, 0x0000000100000000, 0x0000000100000000)
 Metaspace       used 24480K, capacity 24912K, committed 25084K, reserved 1071104K
  class space    used 2865K, capacity 3053K, committed 3068K, reserved 1048576K
}
2017-08-07T12:54:37.062+0200: 5,309: Total time for which application threads were stopped: 0,0337265 seconds, Stopping threads took: 0,0046104 seconds
2017-08-07T12:54:37.139+0200: 5,386: Total time for which application threads were stopped: 0,0002148 seconds, Stopping threads took: 0,0000510 seconds
2017-08-07T12:54:37.188+0200: 5,435: Total time for which application threads were stopped: 0,0113840 seconds, Stopping threads took: 0,0112895 seconds
2017-08-07T12:54:37.244+0200: 5,491: Total time for which application threads were stopped: 0,0040738 seconds, Stopping threads took: 0,0039158 seconds
2017-08-07T12:54:37.247+0200: 5,493: Total time for which application threads were stopped: 0,0004234 seconds, Stopping threads took: 0,0003313 seconds
2017-08-07T12:54:37.247+0200: 5,494: Total time for which application threads were stopped: 0,0001065 seconds, Stopping threads took: 0,0000182 seconds
2017-08-07T12:54:37.248+0200: 5,495: Total time for which application threads were stopped: 0,0001056 seconds, Stopping threads took: 0,0000180 seconds
2017-08-07T12:54:37.419+0200: 5,666: Total time for which application threads were stopped: 0,0061718 seconds, Stopping threads took: 0,0060671 seconds
2017-08-07T12:54:37.420+0200: 5,667: Total time for which application threads were stopped: 0,0001785 seconds, Stopping threads took: 0,0000728 seconds
2017-08-07T12:54:37.431+0200: 5,677: Total time for which application threads were stopped: 0,0001510 seconds, Stopping threads took: 0,0000305 seconds
2017-08-07T12:54:37.436+0200: 5,683: Total time for which application threads were stopped: 0,0001819 seconds, Stopping threads took: 0,0000452 seconds
2017-08-07T12:54:37.437+0200: 5,683: Total time for which application threads were stopped: 0,0001085 seconds, Stopping threads took: 0,0000268 seconds
{Heap before GC invocations=8 (full 1):
 par new generation   total 109248K, used 106011K [0x00000000e0000000, 0x00000000e8000000, 0x00000000e8000000)
  eden space 87424K, 100% used [0x00000000e0000000, 0x00000000e5560000, 0x00000000e5560000)
  from space 21824K,  85% used [0x00000000e5560000, 0x00000000e6786c88, 0x00000000e6ab0000)
  to   space 21824K,   0% used [0x00000000e6ab0000, 0x00000000e6ab0000, 0x00000000e8000000)
 concurrent mark-sweep generation total 393216K, used 0K [0x00000000e8000000, 0x0000000100000000, 0x0000000100000000)
 Metaspace       used 25643K, capacity 26180K, committed 26492K, reserved 1073152K
  class space    used 2957K, capacity 3159K, committed 3196K, reserved 1048576K
2017-08-07T12:54:37.454+0200: 5,701: [GC (Allocation Failure) 2017-08-07T12:54:37.454+0200: 5,701: [ParNew
Desired survivor size 20112992 bytes, new threshold 8 (max 8)
- age   1:    6297824 bytes,    6297824 total
- age   2:     144880 bytes,    6442704 total
- age   3:     208144 bytes,    6650848 total
- age   4:    1745872 bytes,    8396720 total
- age   5:      36504 bytes,    8433224 total
- age   6:     106552 bytes,    8539776 total
- age   7:     182776 bytes,    8722552 total
- age   8:     926096 bytes,    9648648 total
: 106011K->12537K(109248K), 0,0641771 secs] 106011K->18951K(502464K), 0,0642721 secs] [Times: user=0,17 sys=0,00, real=0,07 secs] 
Heap after GC invocations=9 (full 1):
 par new generation   total 109248K, used 12537K [0x00000000e0000000, 0x00000000e8000000, 0x00000000e8000000)
  eden space 87424K,   0% used [0x00000000e0000000, 0x00000000e0000000, 0x00000000e5560000)
  from space 21824K,  57% used [0x00000000e6ab0000, 0x00000000e76ee7c0, 0x00000000e8000000)
  to   space 21824K,   0% used [0x00000000e5560000, 0x00000000e5560000, 0x00000000e6ab0000)
 concurrent mark-sweep generation total 393216K, used 6413K [0x00000000e8000000, 0x0000000100000000, 0x0000000100000000)
 Metaspace       used 25643K, capacity 26180K, committed 26492K, reserved 1073152K
  class space    used 2957K, capacity 3159K, committed 3196K, reserved 1048576K
}
2017-08-07T12:54:37.518+0200: 5,765: Total time for which application threads were stopped: 0,0644933 seconds, Stopping threads took: 0,0000592 seconds
2017-08-07T12:54:37.529+0200: 5,776: Total time for which application threads were stopped: 0,0001544 seconds, Stopping threads took: 0,0000286 seconds
2017-08-07T12:54:37.580+0200: 5,826: Total time for which application threads were stopped: 0,0084349 seconds, Stopping threads took: 0,0083228 seconds
2017-08-07T12:54:37.722+0200: 5,969: Total time for which application threads were stopped: 0,0005514 seconds, Stopping threads took: 0,0004190 seconds
2017-08-07T12:54:37.725+0200: 5,972: Total time for which application threads were stopped: 0,0005109 seconds, Stopping threads took: 0,0000441 seconds
2017-08-07T12:54:37.748+0200: 5,995: Total time for which application threads were stopped: 0,0004904 seconds, Stopping threads took: 0,0000500 seconds
2017-08-07T12:54:37.854+0200: 6,101: Total time for which application threads were stopped: 0,0020355 seconds, Stopping threads took: 0,0015157 seconds
2017-08-07T12:54:37.913+0200: 6,160: Total time for which application threads were stopped: 0,0001337 seconds, Stopping threads took: 0,0000356 seconds
2017-08-07T12:54:37.914+0200: 6,160: Total time for which application threads were stopped: 0,0001181 seconds, Stopping threads took: 0,0000452 seconds
2017-08-07T12:54:37.915+0200: 6,162: Total time for which application threads were stopped: 0,0003011 seconds, Stopping threads took: 0,0000423 seconds
2017-08-07T12:54:37.924+0200: 6,171: Total time for which application threads were stopped: 0,0001343 seconds, Stopping threads took: 0,0000391 seconds
2017-08-07T12:54:37.943+0200: 6,190: Total time for which application threads were stopped: 0,0001485 seconds, Stopping threads took: 0,0000452 seconds
2017-08-07T12:54:37.958+0200: 6,205: Total time for which application threads were stopped: 0,0001285 seconds, Stopping threads took: 0,0000401 seconds
2017-08-07T12:54:37.964+0200: 6,211: Total time for which application threads were stopped: 0,0003086 seconds, Stopping threads took: 0,0002229 seconds
2017-08-07T12:54:37.991+0200: 6,238: Total time for which application threads were stopped: 0,0001544 seconds, Stopping threads took: 0,0000474 seconds
2017-08-07T12:54:38.054+0200: 6,301: Total time for which application threads were stopped: 0,0117150 seconds, Stopping threads took: 0,0116202 seconds
2017-08-07T12:54:38.055+0200: 6,302: Total time for which application threads were stopped: 0,0001090 seconds, Stopping threads took: 0,0000229 seconds
2017-08-07T12:54:38.064+0200: 6,311: Total time for which application threads were stopped: 0,0004691 seconds, Stopping threads took: 0,0000480 seconds
2017-08-07T12:54:38.109+0200: 6,356: Total time for which application threads were stopped: 0,0001380 seconds, Stopping threads took: 0,0000506 seconds
2017-08-07T12:54:39.109+0200: 7,356: Total time for which application threads were stopped: 0,0000756 seconds, Stopping threads took: 0,0000161 seconds
2017-08-07T12:55:54.120+0200: 82,367: Total time for which application threads were stopped: 0,0001327 seconds, Stopping threads took: 0,0000348 seconds
2017-08-07T12:56:29.125+0200: 117,372: Total time for which application threads were stopped: 0,0001141 seconds, Stopping threads took: 0,0000341 seconds
2017-08-07T12:56:33.127+0200: 121,374: Total time for which application threads were stopped: 0,0000660 seconds, Stopping threads took: 0,0000170 seconds
2017-08-07T12:57:38.137+0200: 186,384: Total time for which application threads were stopped: 0,0001058 seconds, Stopping threads took: 0,0000435 seconds
2017-08-07T12:59:08.149+0200: 276,396: Total time for which application threads were stopped: 0,0002214 seconds, Stopping threads took: 0,0000647 seconds
2017-08-07T12:59:09.149+0200: 277,396: Total time for which application threads were stopped: 0,0001380 seconds, Stopping threads took: 0,0000351 seconds
2017-08-07T14:00:29.185+0200: 1411,074: Total time for which application threads were stopped: 0,0000980 seconds, Stopping threads took: 0,0000377 seconds
2017-08-07T14:03:49.219+0200: 1611,107: Total time for which application threads were stopped: 0,0000793 seconds, Stopping threads took: 0,0000316 seconds
2017-08-07T14:15:20.344+0200: 2302,233: Total time for which application threads were stopped: 0,0001786 seconds, Stopping threads took: 0,0000669 seconds
2017-08-07T14:15:24.345+0200: 2306,234: Total time for which application threads were stopped: 0,0001464 seconds, Stopping threads took: 0,0000311 seconds
2017-08-07T17:46:19.149+0200: 3303,658: Total time for which application threads were stopped: 0,0000984 seconds, Stopping threads took: 0,0000377 seconds
2017-08-07T17:58:57.229+0200: 4061,737: Total time for which application threads were stopped: 0,0000870 seconds, Stopping threads took: 0,0000400 seconds
2017-08-07T18:11:39.329+0200: 4823,838: Total time for which application threads were stopped: 0,0001096 seconds, Stopping threads took: 0,0000376 seconds
2017-08-07T18:11:49.330+0200: 4833,839: Total time for which application threads were stopped: 0,0000713 seconds, Stopping threads took: 0,0000146 seconds
2017-08-07T18:39:09.516+0200: 6474,025: Total time for which application threads were stopped: 0,0001617 seconds, Stopping threads took: 0,0000613 seconds
2017-08-07T18:41:17.537+0200: 6602,046: Total time for which application threads were stopped: 0,0000892 seconds, Stopping threads took: 0,0000366 seconds
2017-08-07T18:52:47.652+0200: 7292,161: Total time for which application threads were stopped: 0,0001594 seconds, Stopping threads took: 0,0000565 seconds
2017-08-07T18:53:17.657+0200: 7322,166: Total time for which application threads were stopped: 0,0001885 seconds, Stopping threads took: 0,0000585 seconds
2017-08-07T18:59:17.719+0200: 7682,227: Total time for which application threads were stopped: 0,0001730 seconds, Stopping threads took: 0,0000630 seconds
2017-08-07T21:36:17.320+0200: 11551,813: Total time for which application threads were stopped: 0,0001044 seconds, Stopping threads took: 0,0000370 seconds
2017-08-07T22:17:04.576+0200: 13999,069: Total time for which application threads were stopped: 0,0000894 seconds, Stopping threads took: 0,0000350 seconds
2017-08-07T22:39:47.732+0200: 15362,225: Total time for which application threads were stopped: 0,0000915 seconds, Stopping threads took: 0,0000384 seconds
2017-08-07T22:55:17.830+0200: 16292,323: Total time for which application threads were stopped: 0,0000854 seconds, Stopping threads took: 0,0000341 seconds
2017-08-07T23:48:57.004+0200: 19511,497: Total time for which application threads were stopped: 0,0117910 seconds, Stopping threads took: 0,0117104 seconds
2017-08-07T23:48:57.005+0200: 19511,498: Total time for which application threads were stopped: 0,0000683 seconds, Stopping threads took: 0,0000126 seconds
2017-08-07T23:48:57.005+0200: 19511,498: Total time for which application threads were stopped: 0,0000527 seconds, Stopping threads took: 0,0000102 seconds
2017-08-07T23:48:57.006+0200: 19511,498: Total time for which application threads were stopped: 0,0000444 seconds, Stopping threads took: 0,0000068 seconds
2017-08-07T23:48:57.006+0200: 19511,498: Total time for which application threads were stopped: 0,0000411 seconds, Stopping threads took: 0,0000053 seconds
2017-08-07T23:48:57.006+0200: 19511,499: Total time for which application threads were stopped: 0,0000477 seconds, Stopping threads took: 0,0000069 seconds
2017-08-07T23:48:57.006+0200: 19511,499: Total time for which application threads were stopped: 0,0000434 seconds, Stopping threads took: 0,0000062 seconds
2017-08-07T23:48:57.006+0200: 19511,499: Total time for which application threads were stopped: 0,0000634 seconds, Stopping threads took: 0,0000229 seconds
2017-08-07T23:48:57.006+0200: 19511,499: Total time for which application threads were stopped: 0,0000379 seconds, Stopping threads took: 0,0000047 seconds
2017-08-07T23:48:57.007+0200: 19511,499: Total time for which application threads were stopped: 0,0000352 seconds, Stopping threads took: 0,0000050 seconds
2017-08-07T23:48:57.007+0200: 19511,499: Total time for which application threads were stopped: 0,0000387 seconds, Stopping threads took: 0,0000061 seconds
2017-08-07T23:48:57.007+0200: 19511,500: Total time for which application threads were stopped: 0,0000358 seconds, Stopping threads took: 0,0000048 seconds
2017-08-07T23:48:57.007+0200: 19511,500: Total time for which application threads were stopped: 0,0000373 seconds, Stopping threads took: 0,0000044 seconds
2017-08-07T23:48:57.007+0200: 19511,500: Total time for which application threads were stopped: 0,0000344 seconds, Stopping threads took: 0,0000045 seconds
2017-08-07T23:48:57.007+0200: 19511,500: Total time for which application threads were stopped: 0,0000347 seconds, Stopping threads took: 0,0000052 seconds
2017-08-07T23:48:57.007+0200: 19511,500: Total time for which application threads were stopped: 0,0000349 seconds, Stopping threads took: 0,0000049 seconds
2017-08-07T23:48:57.007+0200: 19511,500: Total time for which application threads were stopped: 0,0000366 seconds, Stopping threads took: 0,0000053 seconds
2017-08-07T23:48:57.017+0200: 19511,509: Total time for which application threads were stopped: 0,0001814 seconds, Stopping threads took: 0,0000993 seconds
2017-08-07T23:48:57.017+0200: 19511,510: Total time for which application threads were stopped: 0,0000683 seconds, Stopping threads took: 0,0000076 seconds
2017-08-07T23:48:57.019+0200: 19511,511: Total time for which application threads were stopped: 0,0007683 seconds, Stopping threads took: 0,0000138 seconds
2017-08-07T23:48:57.019+0200: 19511,512: Total time for which application threads were stopped: 0,0000868 seconds, Stopping threads took: 0,0000267 seconds
2017-08-07T23:48:57.020+0200: 19511,512: Total time for which application threads were stopped: 0,0000575 seconds, Stopping threads took: 0,0000085 seconds
2017-08-07T23:48:57.020+0200: 19511,512: Total time for which application threads were stopped: 0,0000463 seconds, Stopping threads took: 0,0000069 seconds
2017-08-07T23:48:57.020+0200: 19511,513: Total time for which application threads were stopped: 0,0000491 seconds, Stopping threads took: 0,0000091 seconds
2017-08-07T23:48:57.020+0200: 19511,513: Total time for which application threads were stopped: 0,0000519 seconds, Stopping threads took: 0,0000061 seconds
2017-08-07T23:48:57.020+0200: 19511,513: Total time for which application threads were stopped: 0,0000468 seconds, Stopping threads took: 0,0000065 seconds
2017-08-07T23:48:57.020+0200: 19511,513: Total time for which application threads were stopped: 0,0000424 seconds, Stopping threads took: 0,0000062 seconds
2017-08-07T23:48:57.020+0200: 19511,513: Total time for which application threads were stopped: 0,0000418 seconds, Stopping threads took: 0,0000054 seconds
2017-08-07T23:48:57.020+0200: 19511,513: Total time for which application threads were stopped: 0,0000408 seconds, Stopping threads took: 0,0000054 seconds
2017-08-07T23:48:57.020+0200: 19511,513: Total time for which application threads were stopped: 0,0000406 seconds, Stopping threads took: 0,0000058 seconds
2017-08-07T23:48:57.020+0200: 19511,513: Total time for which application threads were stopped: 0,0000389 seconds, Stopping threads took: 0,0000050 seconds
2017-08-07T23:48:57.020+0200: 19511,513: Total time for which application threads were stopped: 0,0000395 seconds, Stopping threads took: 0,0000055 seconds
2017-08-07T23:48:57.020+0200: 19511,513: Total time for which application threads were stopped: 0,0000388 seconds, Stopping threads took: 0,0000057 seconds
2017-08-07T23:48:57.021+0200: 19511,513: Total time for which application threads were stopped: 0,0000359 seconds, Stopping threads took: 0,0000052 seconds
2017-08-07T23:48:57.021+0200: 19511,513: Total time for which application threads were stopped: 0,0000381 seconds, Stopping threads took: 0,0000047 seconds
2017-08-07T23:48:57.021+0200: 19511,513: Total time for which application threads were stopped: 0,0000375 seconds, Stopping threads took: 0,0000048 seconds
2017-08-07T23:48:57.045+0200: 19511,538: Total time for which application threads were stopped: 0,0001034 seconds, Stopping threads took: 0,0000339 seconds
2017-08-07T23:48:57.046+0200: 19511,539: Total time for which application threads were stopped: 0,0000913 seconds, Stopping threads took: 0,0000307 seconds
2017-08-07T23:48:57.049+0200: 19511,542: Total time for which application threads were stopped: 0,0000888 seconds, Stopping threads took: 0,0000163 seconds
2017-08-07T23:48:57.049+0200: 19511,542: Total time for which application threads were stopped: 0,0000431 seconds, Stopping threads took: 0,0000065 seconds
2017-08-07T23:48:57.049+0200: 19511,542: Total time for which application threads were stopped: 0,0000365 seconds, Stopping threads took: 0,0000048 seconds
2017-08-07T23:48:57.050+0200: 19511,543: Total time for which application threads were stopped: 0,0001075 seconds, Stopping threads took: 0,0000368 seconds
2017-08-07T23:48:57.051+0200: 19511,543: Total time for which application threads were stopped: 0,0000822 seconds, Stopping threads took: 0,0000249 seconds
2017-08-07T23:48:57.051+0200: 19511,544: Total time for which application threads were stopped: 0,0000958 seconds, Stopping threads took: 0,0000311 seconds
2017-08-07T23:48:57.053+0200: 19511,545: Total time for which application threads were stopped: 0,0000919 seconds, Stopping threads took: 0,0000196 seconds
2017-08-07T23:48:57.053+0200: 19511,546: Total time for which application threads were stopped: 0,0000439 seconds, Stopping threads took: 0,0000065 seconds
2017-08-07T23:48:57.053+0200: 19511,546: Total time for which application threads were stopped: 0,0000370 seconds, Stopping threads took: 0,0000052 seconds
2017-08-07T23:48:57.053+0200: 19511,546: Total time for which application threads were stopped: 0,0000353 seconds, Stopping threads took: 0,0000050 seconds
2017-08-07T23:48:57.053+0200: 19511,546: Total time for which application threads were stopped: 0,0000391 seconds, Stopping threads took: 0,0000049 seconds
2017-08-07T23:48:57.053+0200: 19511,546: Total time for which application threads were stopped: 0,0000395 seconds, Stopping threads took: 0,0000071 seconds
2017-08-07T23:48:57.053+0200: 19511,546: Total time for which application threads were stopped: 0,0000376 seconds, Stopping threads took: 0,0000049 seconds
2017-08-07T23:48:57.057+0200: 19511,550: Total time for which application threads were stopped: 0,0002144 seconds, Stopping threads took: 0,0001394 seconds
2017-08-07T23:48:57.057+0200: 19511,550: Total time for which application threads were stopped: 0,0000860 seconds, Stopping threads took: 0,0000481 seconds
2017-08-07T23:48:57.057+0200: 19511,550: Total time for which application threads were stopped: 0,0000706 seconds, Stopping threads took: 0,0000292 seconds
2017-08-07T23:48:57.058+0200: 19511,550: Total time for which application threads were stopped: 0,0000565 seconds, Stopping threads took: 0,0000196 seconds
2017-08-07T23:48:57.059+0200: 19511,552: Total time for which application threads were stopped: 0,0000908 seconds, Stopping threads took: 0,0000302 seconds
2017-08-07T23:48:57.060+0200: 19511,552: Total time for which application threads were stopped: 0,0001296 seconds, Stopping threads took: 0,0000702 seconds
2017-08-07T23:48:57.060+0200: 19511,553: Total time for which application threads were stopped: 0,0000708 seconds, Stopping threads took: 0,0000351 seconds
2017-08-07T23:48:57.060+0200: 19511,553: Total time for which application threads were stopped: 0,0000783 seconds, Stopping threads took: 0,0000156 seconds
2017-08-07T23:48:57.061+0200: 19511,554: Total time for which application threads were stopped: 0,0001049 seconds, Stopping threads took: 0,0000446 seconds
2017-08-07T23:48:57.061+0200: 19511,554: Total time for which application threads were stopped: 0,0000527 seconds, Stopping threads took: 0,0000168 seconds
2017-08-07T23:48:57.061+0200: 19511,554: Total time for which application threads were stopped: 0,0000539 seconds, Stopping threads took: 0,0000219 seconds
2017-08-07T23:48:57.062+0200: 19511,554: Total time for which application threads were stopped: 0,0001710 seconds, Stopping threads took: 0,0001269 seconds
2017-08-07T23:48:57.062+0200: 19511,554: Total time for which application threads were stopped: 0,0000768 seconds, Stopping threads took: 0,0000417 seconds
2017-08-07T23:48:57.062+0200: 19511,555: Total time for which application threads were stopped: 0,0000937 seconds, Stopping threads took: 0,0000597 seconds
2017-08-07T23:48:57.062+0200: 19511,555: Total time for which application threads were stopped: 0,0000639 seconds, Stopping threads took: 0,0000260 seconds
2017-08-07T23:48:57.062+0200: 19511,555: Total time for which application threads were stopped: 0,0000760 seconds, Stopping threads took: 0,0000440 seconds
2017-08-07T23:48:57.062+0200: 19511,555: Total time for which application threads were stopped: 0,0000559 seconds, Stopping threads took: 0,0000249 seconds
2017-08-07T23:48:57.064+0200: 19511,557: Total time for which application threads were stopped: 0,0001883 seconds, Stopping threads took: 0,0000936 seconds
2017-08-07T23:48:57.072+0200: 19511,565: Total time for which application threads were stopped: 0,0000989 seconds, Stopping threads took: 0,0000269 seconds
2017-08-07T23:48:57.073+0200: 19511,565: Total time for which application threads were stopped: 0,0000407 seconds, Stopping threads took: 0,0000087 seconds
2017-08-07T23:48:57.073+0200: 19511,565: Total time for which application threads were stopped: 0,0000357 seconds, Stopping threads took: 0,0000075 seconds
2017-08-07T23:48:57.073+0200: 19511,565: Total time for which application threads were stopped: 0,0000363 seconds, Stopping threads took: 0,0000080 seconds
2017-08-07T23:48:57.073+0200: 19511,566: Total time for which application threads were stopped: 0,0000457 seconds, Stopping threads took: 0,0000113 seconds
2017-08-07T23:48:57.073+0200: 19511,566: Total time for which application threads were stopped: 0,0001404 seconds, Stopping threads took: 0,0000095 seconds
2017-08-07T23:48:57.075+0200: 19511,567: Total time for which application threads were stopped: 0,0000885 seconds, Stopping threads took: 0,0000236 seconds
2017-08-07T23:48:57.075+0200: 19511,568: Total time for which application threads were stopped: 0,0001445 seconds, Stopping threads took: 0,0000662 seconds
Heap
 par new generation   total 109248K, used 60770K [0x00000000e0000000, 0x00000000e8000000, 0x00000000e8000000)
  eden space 87424K,  55% used [0x00000000e0000000, 0x00000000e2f1a308, 0x00000000e5560000)
  from space 21824K,  57% used [0x00000000e6ab0000, 0x00000000e76ee7c0, 0x00000000e8000000)
  to   space 21824K,   0% used [0x00000000e5560000, 0x00000000e5560000, 0x00000000e6ab0000)
 concurrent mark-sweep generation total 393216K, used 6413K [0x00000000e8000000, 0x0000000100000000, 0x0000000100000000)
 Metaspace       used 28195K, capacity 28756K, committed 29052K, reserved 1075200K
  class space    used 3227K, capacity 3393K, committed 3452K, reserved 1048576K
