OpenJDK 64-Bit Server VM (25.131-b11) for linux-amd64 JRE (1.8.0_131-8u131-b11-2ubuntu1.16.04.3-b11), built on Jul 28 2017 01:23:32 by "buildd" with gcc 5.4.0 20160609
Memory: 4k page, physical 7867732k(7393820k free), swap 8076284k(8076284k free)
CommandLine flags: -XX:CMSInitiatingOccupancyFraction=50 -XX:CMSMaxAbortablePrecleanTime=6000 -XX:+CMSParallelRemarkEnabled -XX:+CMSScavengeBeforeRemark -XX:ConcGCThreads=4 -XX:InitialHeapSize=536870912 -XX:MaxHeapSize=536870912 -XX:MaxTenuringThreshold=8 -XX:NewRatio=3 -XX:OldPLABSize=16 -XX:OnOutOfMemoryError=/opt/solr/bin/oom_solr.sh 8983 /var/solr/logs -XX:ParallelGCThreads=4 -XX:+ParallelRefProcEnabled -XX:PretenureSizeThreshold=67108864 -XX:+PrintGC -XX:+PrintGCApplicationStoppedTime -XX:+PrintGCDateStamps -XX:+PrintGCDetails -XX:+PrintGCTimeStamps -XX:+PrintHeapAtGC -XX:+PrintTenuringDistribution -XX:SurvivorRatio=4 -XX:TargetSurvivorRatio=90 -XX:ThreadStackSize=256 -XX:+UseCMSInitiatingOccupancyOnly -XX:+UseCompressedClassPointers -XX:+UseCompressedOops -XX:+UseConcMarkSweepGC -XX:+UseParNewGC 
2017-09-03T21:58:29.012+0200: 0,186: Total time for which application threads were stopped: 0,0000843 seconds, Stopping threads took: 0,0000113 seconds
2017-09-03T21:58:29.107+0200: 0,282: Total time for which application threads were stopped: 0,0001192 seconds, Stopping threads took: 0,0000284 seconds
2017-09-03T21:58:29.125+0200: 0,300: Total time for which application threads were stopped: 0,0000911 seconds, Stopping threads took: 0,0000175 seconds
2017-09-03T21:58:29.389+0200: 0,563: Total time for which application threads were stopped: 0,0001708 seconds, Stopping threads took: 0,0000277 seconds
2017-09-03T21:58:29.885+0200: 1,060: Total time for which application threads were stopped: 0,0001586 seconds, Stopping threads took: 0,0000130 seconds
2017-09-03T21:58:29.984+0200: 1,158: Total time for which application threads were stopped: 0,0001234 seconds, Stopping threads took: 0,0000127 seconds
2017-09-03T21:58:30.002+0200: 1,177: Total time for which application threads were stopped: 0,0001544 seconds, Stopping threads took: 0,0000285 seconds
2017-09-03T21:58:30.295+0200: 1,469: Total time for which application threads were stopped: 0,0005628 seconds, Stopping threads took: 0,0000336 seconds
2017-09-03T21:58:30.526+0200: 1,700: Total time for which application threads were stopped: 0,0008533 seconds, Stopping threads took: 0,0000680 seconds
2017-09-03T21:58:30.551+0200: 1,726: Total time for which application threads were stopped: 0,0001659 seconds, Stopping threads took: 0,0000200 seconds
2017-09-03T21:58:30.579+0200: 1,754: Total time for which application threads were stopped: 0,0002009 seconds, Stopping threads took: 0,0000258 seconds
2017-09-03T21:58:30.580+0200: 1,755: Total time for which application threads were stopped: 0,0001835 seconds, Stopping threads took: 0,0000196 seconds
2017-09-03T21:58:30.603+0200: 1,777: Total time for which application threads were stopped: 0,0001663 seconds, Stopping threads took: 0,0000160 seconds
2017-09-03T21:58:30.692+0200: 1,866: Total time for which application threads were stopped: 0,0002896 seconds, Stopping threads took: 0,0000680 seconds
2017-09-03T21:58:30.838+0200: 2,012: Total time for which application threads were stopped: 0,0002709 seconds, Stopping threads took: 0,0000464 seconds
{Heap before GC invocations=0 (full 0):
 par new generation   total 109248K, used 87424K [0x00000000e0000000, 0x00000000e8000000, 0x00000000e8000000)
  eden space 87424K, 100% used [0x00000000e0000000, 0x00000000e5560000, 0x00000000e5560000)
  from space 21824K,   0% used [0x00000000e5560000, 0x00000000e5560000, 0x00000000e6ab0000)
  to   space 21824K,   0% used [0x00000000e6ab0000, 0x00000000e6ab0000, 0x00000000e8000000)
 concurrent mark-sweep generation total 393216K, used 0K [0x00000000e8000000, 0x0000000100000000, 0x0000000100000000)
 Metaspace       used 18064K, capacity 18400K, committed 18688K, reserved 1064960K
  class space    used 2040K, capacity 2196K, committed 2304K, reserved 1048576K
2017-09-03T21:58:30.941+0200: 2,116: [GC (Allocation Failure) 2017-09-03T21:58:30.941+0200: 2,116: [ParNew
Desired survivor size 20112992 bytes, new threshold 8 (max 8)
- age   1:   12621600 bytes,   12621600 total
: 87424K->12439K(109248K), 0,0160792 secs] 87424K->12439K(502464K), 0,0161703 secs] [Times: user=0,05 sys=0,00, real=0,01 secs] 
Heap after GC invocations=1 (full 0):
 par new generation   total 109248K, used 12439K [0x00000000e0000000, 0x00000000e8000000, 0x00000000e8000000)
  eden space 87424K,   0% used [0x00000000e0000000, 0x00000000e0000000, 0x00000000e5560000)
  from space 21824K,  56% used [0x00000000e6ab0000, 0x00000000e76d5d38, 0x00000000e8000000)
  to   space 21824K,   0% used [0x00000000e5560000, 0x00000000e5560000, 0x00000000e6ab0000)
 concurrent mark-sweep generation total 393216K, used 0K [0x00000000e8000000, 0x0000000100000000, 0x0000000100000000)
 Metaspace       used 18064K, capacity 18400K, committed 18688K, reserved 1064960K
  class space    used 2040K, capacity 2196K, committed 2304K, reserved 1048576K
}
2017-09-03T21:58:30.957+0200: 2,132: Total time for which application threads were stopped: 0,0178749 seconds, Stopping threads took: 0,0014738 seconds
2017-09-03T21:58:31.245+0200: 2,420: Total time for which application threads were stopped: 0,0004008 seconds, Stopping threads took: 0,0000493 seconds
2017-09-03T21:58:31.296+0200: 2,470: Total time for which application threads were stopped: 0,0020866 seconds, Stopping threads took: 0,0018200 seconds
{Heap before GC invocations=1 (full 0):
 par new generation   total 109248K, used 99860K [0x00000000e0000000, 0x00000000e8000000, 0x00000000e8000000)
  eden space 87424K,  99% used [0x00000000e0000000, 0x00000000e555f358, 0x00000000e5560000)
  from space 21824K,  56% used [0x00000000e6ab0000, 0x00000000e76d5d38, 0x00000000e8000000)
  to   space 21824K,   0% used [0x00000000e5560000, 0x00000000e5560000, 0x00000000e6ab0000)
 concurrent mark-sweep generation total 393216K, used 0K [0x00000000e8000000, 0x0000000100000000, 0x0000000100000000)
 Metaspace       used 20081K, capacity 20436K, committed 20736K, reserved 1067008K
  class space    used 2298K, capacity 2472K, committed 2560K, reserved 1048576K
2017-09-03T21:58:31.301+0200: 2,476: [GC (Allocation Failure) 2017-09-03T21:58:31.301+0200: 2,476: [ParNew
Desired survivor size 20112992 bytes, new threshold 8 (max 8)
- age   1:    3688704 bytes,    3688704 total
- age   2:    6680128 bytes,   10368832 total
: 99860K->15788K(109248K), 0,0149195 secs] 99860K->15788K(502464K), 0,0149884 secs] [Times: user=0,05 sys=0,00, real=0,01 secs] 
Heap after GC invocations=2 (full 0):
 par new generation   total 109248K, used 15788K [0x00000000e0000000, 0x00000000e8000000, 0x00000000e8000000)
  eden space 87424K,   0% used [0x00000000e0000000, 0x00000000e0000000, 0x00000000e5560000)
  from space 21824K,  72% used [0x00000000e5560000, 0x00000000e64cb380, 0x00000000e6ab0000)
  to   space 21824K,   0% used [0x00000000e6ab0000, 0x00000000e6ab0000, 0x00000000e8000000)
 concurrent mark-sweep generation total 393216K, used 0K [0x00000000e8000000, 0x0000000100000000, 0x0000000100000000)
 Metaspace       used 20081K, capacity 20436K, committed 20736K, reserved 1067008K
  class space    used 2298K, capacity 2472K, committed 2560K, reserved 1048576K
}
2017-09-03T21:58:31.316+0200: 2,491: Total time for which application threads were stopped: 0,0192738 seconds, Stopping threads took: 0,0041583 seconds
2017-09-03T21:58:31.366+0200: 2,541: Total time for which application threads were stopped: 0,0004750 seconds, Stopping threads took: 0,0001675 seconds
2017-09-03T21:58:31.508+0200: 2,683: Total time for which application threads were stopped: 0,0001698 seconds, Stopping threads took: 0,0000472 seconds
{Heap before GC invocations=2 (full 0):
 par new generation   total 109248K, used 103212K [0x00000000e0000000, 0x00000000e8000000, 0x00000000e8000000)
  eden space 87424K, 100% used [0x00000000e0000000, 0x00000000e5560000, 0x00000000e5560000)
  from space 21824K,  72% used [0x00000000e5560000, 0x00000000e64cb380, 0x00000000e6ab0000)
  to   space 21824K,   0% used [0x00000000e6ab0000, 0x00000000e6ab0000, 0x00000000e8000000)
 concurrent mark-sweep generation total 393216K, used 0K [0x00000000e8000000, 0x0000000100000000, 0x0000000100000000)
 Metaspace       used 20988K, capacity 21358K, committed 21628K, reserved 1069056K
  class space    used 2418K, capacity 2591K, committed 2684K, reserved 1048576K
2017-09-03T21:58:31.548+0200: 2,722: [GC (Allocation Failure) 2017-09-03T21:58:31.548+0200: 2,722: [ParNew
Desired survivor size 20112992 bytes, new threshold 8 (max 8)
- age   1:    2020608 bytes,    2020608 total
- age   2:     859352 bytes,    2879960 total
- age   3:    6677080 bytes,    9557040 total
: 103212K->13515K(109248K), 0,0196631 secs] 103212K->13515K(502464K), 0,0197464 secs] [Times: user=0,07 sys=0,00, real=0,02 secs] 
Heap after GC invocations=3 (full 0):
 par new generation   total 109248K, used 13515K [0x00000000e0000000, 0x00000000e8000000, 0x00000000e8000000)
  eden space 87424K,   0% used [0x00000000e0000000, 0x00000000e0000000, 0x00000000e5560000)
  from space 21824K,  61% used [0x00000000e6ab0000, 0x00000000e77e2cc0, 0x00000000e8000000)
  to   space 21824K,   0% used [0x00000000e5560000, 0x00000000e5560000, 0x00000000e6ab0000)
 concurrent mark-sweep generation total 393216K, used 0K [0x00000000e8000000, 0x0000000100000000, 0x0000000100000000)
 Metaspace       used 20988K, capacity 21358K, committed 21628K, reserved 1069056K
  class space    used 2418K, capacity 2591K, committed 2684K, reserved 1048576K
}
2017-09-03T21:58:31.567+0200: 2,742: Total time for which application threads were stopped: 0,0201543 seconds, Stopping threads took: 0,0002652 seconds
2017-09-03T21:58:31.567+0200: 2,742: [GC (CMS Initial Mark) [1 CMS-initial-mark: 0K(393216K)] 14229K(502464K), 0,0039293 secs] [Times: user=0,01 sys=0,00, real=0,00 secs] 
2017-09-03T21:58:31.571+0200: 2,746: Total time for which application threads were stopped: 0,0040703 seconds, Stopping threads took: 0,0000375 seconds
2017-09-03T21:58:31.571+0200: 2,746: [CMS-concurrent-mark-start]
2017-09-03T21:58:31.572+0200: 2,747: [CMS-concurrent-mark: 0,001/0,001 secs] [Times: user=0,00 sys=0,00, real=0,00 secs] 
2017-09-03T21:58:31.572+0200: 2,747: [CMS-concurrent-preclean-start]
2017-09-03T21:58:31.573+0200: 2,748: [CMS-concurrent-preclean: 0,001/0,001 secs] [Times: user=0,01 sys=0,00, real=0,01 secs] 
2017-09-03T21:58:31.573+0200: 2,748: [CMS-concurrent-abortable-preclean-start]
2017-09-03T21:58:31.641+0200: 2,815: Total time for which application threads were stopped: 0,0001481 seconds, Stopping threads took: 0,0000510 seconds
{Heap before GC invocations=3 (full 1):
 par new generation   total 109248K, used 100939K [0x00000000e0000000, 0x00000000e8000000, 0x00000000e8000000)
  eden space 87424K, 100% used [0x00000000e0000000, 0x00000000e5560000, 0x00000000e5560000)
  from space 21824K,  61% used [0x00000000e6ab0000, 0x00000000e77e2cc0, 0x00000000e8000000)
  to   space 21824K,   0% used [0x00000000e5560000, 0x00000000e5560000, 0x00000000e6ab0000)
 concurrent mark-sweep generation total 393216K, used 0K [0x00000000e8000000, 0x0000000100000000, 0x0000000100000000)
 Metaspace       used 21263K, capacity 21643K, committed 21884K, reserved 1069056K
  class space    used 2449K, capacity 2608K, committed 2684K, reserved 1048576K
2017-09-03T21:58:31.676+0200: 2,850: [GC (Allocation Failure) 2017-09-03T21:58:31.676+0200: 2,850: [ParNew
Desired survivor size 20112992 bytes, new threshold 8 (max 8)
- age   1:    1043896 bytes,    1043896 total
- age   2:    1463456 bytes,    2507352 total
- age   3:     827912 bytes,    3335264 total
- age   4:    6676352 bytes,   10011616 total
: 100939K->11562K(109248K), 0,0110922 secs] 100939K->11562K(502464K), 0,0111606 secs] [Times: user=0,04 sys=0,00, real=0,01 secs] 
Heap after GC invocations=4 (full 1):
 par new generation   total 109248K, used 11562K [0x00000000e0000000, 0x00000000e8000000, 0x00000000e8000000)
  eden space 87424K,   0% used [0x00000000e0000000, 0x00000000e0000000, 0x00000000e5560000)
  from space 21824K,  52% used [0x00000000e5560000, 0x00000000e60aaaa0, 0x00000000e6ab0000)
  to   space 21824K,   0% used [0x00000000e6ab0000, 0x00000000e6ab0000, 0x00000000e8000000)
 concurrent mark-sweep generation total 393216K, used 0K [0x00000000e8000000, 0x0000000100000000, 0x0000000100000000)
 Metaspace       used 21263K, capacity 21643K, committed 21884K, reserved 1069056K
  class space    used 2449K, capacity 2608K, committed 2684K, reserved 1048576K
}
2017-09-03T21:58:31.687+0200: 2,862: Total time for which application threads were stopped: 0,0113888 seconds, Stopping threads took: 0,0001045 seconds
2017-09-03T21:58:31.687+0200: 2,862: [CMS-concurrent-abortable-preclean: 0,068/0,114 secs] [Times: user=0,43 sys=0,00, real=0,11 secs] 
2017-09-03T21:58:31.696+0200: 2,871: [GC (CMS Final Remark) [YG occupancy: 15527 K (109248 K)]{Heap before GC invocations=4 (full 1):
 par new generation   total 109248K, used 15527K [0x00000000e0000000, 0x00000000e8000000, 0x00000000e8000000)
  eden space 87424K,   4% used [0x00000000e0000000, 0x00000000e03df350, 0x00000000e5560000)
  from space 21824K,  52% used [0x00000000e5560000, 0x00000000e60aaaa0, 0x00000000e6ab0000)
  to   space 21824K,   0% used [0x00000000e6ab0000, 0x00000000e6ab0000, 0x00000000e8000000)
 concurrent mark-sweep generation total 393216K, used 0K [0x00000000e8000000, 0x0000000100000000, 0x0000000100000000)
 Metaspace       used 21265K, capacity 21643K, committed 21884K, reserved 1069056K
  class space    used 2449K, capacity 2608K, committed 2684K, reserved 1048576K
2017-09-03T21:58:31.696+0200: 2,871: [GC (CMS Final Remark) 2017-09-03T21:58:31.696+0200: 2,871: [ParNew
Desired survivor size 20112992 bytes, new threshold 8 (max 8)
- age   1:     305480 bytes,     305480 total
- age   2:     326240 bytes,     631720 total
- age   3:    1458408 bytes,    2090128 total
- age   4:     827912 bytes,    2918040 total
- age   5:    6676792 bytes,    9594832 total
: 15527K->14855K(109248K), 0,0099054 secs] 15527K->14855K(502464K), 0,0099451 secs] [Times: user=0,03 sys=0,00, real=0,01 secs] 
Heap after GC invocations=5 (full 1):
 par new generation   total 109248K, used 14855K [0x00000000e0000000, 0x00000000e8000000, 0x00000000e8000000)
  eden space 87424K,   0% used [0x00000000e0000000, 0x00000000e0000000, 0x00000000e5560000)
  from space 21824K,  68% used [0x00000000e6ab0000, 0x00000000e7931ec8, 0x00000000e8000000)
  to   space 21824K,   0% used [0x00000000e5560000, 0x00000000e5560000, 0x00000000e6ab0000)
 concurrent mark-sweep generation total 393216K, used 0K [0x00000000e8000000, 0x0000000100000000, 0x0000000100000000)
 Metaspace       used 21265K, capacity 21643K, committed 21884K, reserved 1069056K
  class space    used 2449K, capacity 2608K, committed 2684K, reserved 1048576K
}
2017-09-03T21:58:31.706+0200: 2,881: [Rescan (parallel) , 0,0033473 secs]2017-09-03T21:58:31.710+0200: 2,884: [weak refs processing, 0,0013468 secs]2017-09-03T21:58:31.711+0200: 2,886: [class unloading, 0,0028645 secs]2017-09-03T21:58:31.714+0200: 2,888: [scrub symbol table, 0,0025122 secs]2017-09-03T21:58:31.716+0200: 2,891: [scrub string table, 0,0003667 secs][1 CMS-remark: 0K(393216K)] 14855K(502464K), 0,0210507 secs] [Times: user=0,06 sys=0,00, real=0,02 secs] 
2017-09-03T21:58:31.717+0200: 2,892: Total time for which application threads were stopped: 0,0243345 seconds, Stopping threads took: 0,0032043 seconds
2017-09-03T21:58:31.717+0200: 2,892: [CMS-concurrent-sweep-start]
2017-09-03T21:58:31.717+0200: 2,892: [CMS-concurrent-sweep: 0,000/0,000 secs] [Times: user=0,00 sys=0,00, real=0,00 secs] 
2017-09-03T21:58:31.717+0200: 2,892: [CMS-concurrent-reset-start]
2017-09-03T21:58:31.719+0200: 2,894: [CMS-concurrent-reset: 0,002/0,002 secs] [Times: user=0,00 sys=0,00, real=0,00 secs] 
{Heap before GC invocations=5 (full 1):
 par new generation   total 109248K, used 102279K [0x00000000e0000000, 0x00000000e8000000, 0x00000000e8000000)
  eden space 87424K, 100% used [0x00000000e0000000, 0x00000000e5560000, 0x00000000e5560000)
  from space 21824K,  68% used [0x00000000e6ab0000, 0x00000000e7931ec8, 0x00000000e8000000)
  to   space 21824K,   0% used [0x00000000e5560000, 0x00000000e5560000, 0x00000000e6ab0000)
 concurrent mark-sweep generation total 393216K, used 0K [0x00000000e8000000, 0x0000000100000000, 0x0000000100000000)
 Metaspace       used 21421K, capacity 21815K, committed 21884K, reserved 1069056K
  class space    used 2470K, capacity 2642K, committed 2684K, reserved 1048576K
2017-09-03T21:58:31.797+0200: 2,972: [GC (Allocation Failure) 2017-09-03T21:58:31.797+0200: 2,972: [ParNew
Desired survivor size 20112992 bytes, new threshold 8 (max 8)
- age   1:     469160 bytes,     469160 total
- age   2:       3536 bytes,     472696 total
- age   3:     187976 bytes,     660672 total
- age   4:    1457464 bytes,    2118136 total
- age   5:     825896 bytes,    2944032 total
- age   6:    6676296 bytes,    9620328 total
: 102279K->11161K(109248K), 0,0120604 secs] 102279K->11161K(502464K), 0,0121520 secs] [Times: user=0,05 sys=0,00, real=0,01 secs] 
Heap after GC invocations=6 (full 1):
 par new generation   total 109248K, used 11161K [0x00000000e0000000, 0x00000000e8000000, 0x00000000e8000000)
  eden space 87424K,   0% used [0x00000000e0000000, 0x00000000e0000000, 0x00000000e5560000)
  from space 21824K,  51% used [0x00000000e5560000, 0x00000000e60465a0, 0x00000000e6ab0000)
  to   space 21824K,   0% used [0x00000000e6ab0000, 0x00000000e6ab0000, 0x00000000e8000000)
 concurrent mark-sweep generation total 393216K, used 0K [0x00000000e8000000, 0x0000000100000000, 0x0000000100000000)
 Metaspace       used 21421K, capacity 21815K, committed 21884K, reserved 1069056K
  class space    used 2470K, capacity 2642K, committed 2684K, reserved 1048576K
}
2017-09-03T21:58:31.809+0200: 2,984: Total time for which application threads were stopped: 0,0123679 seconds, Stopping threads took: 0,0000554 seconds
2017-09-03T21:58:31.840+0200: 3,015: Total time for which application threads were stopped: 0,0003539 seconds, Stopping threads took: 0,0000211 seconds
2017-09-03T21:58:32.090+0200: 3,265: Total time for which application threads were stopped: 0,0004547 seconds, Stopping threads took: 0,0000422 seconds
2017-09-03T21:58:32.106+0200: 3,280: Total time for which application threads were stopped: 0,0003447 seconds, Stopping threads took: 0,0000190 seconds
{Heap before GC invocations=6 (full 1):
 par new generation   total 109248K, used 98585K [0x00000000e0000000, 0x00000000e8000000, 0x00000000e8000000)
  eden space 87424K, 100% used [0x00000000e0000000, 0x00000000e5560000, 0x00000000e5560000)
  from space 21824K,  51% used [0x00000000e5560000, 0x00000000e60465a0, 0x00000000e6ab0000)
  to   space 21824K,   0% used [0x00000000e6ab0000, 0x00000000e6ab0000, 0x00000000e8000000)
 concurrent mark-sweep generation total 393216K, used 0K [0x00000000e8000000, 0x0000000100000000, 0x0000000100000000)
 Metaspace       used 23758K, capacity 24185K, committed 24316K, reserved 1071104K
  class space    used 2795K, capacity 2985K, committed 3068K, reserved 1048576K
2017-09-03T21:58:32.265+0200: 3,440: [GC (Allocation Failure) 2017-09-03T21:58:32.265+0200: 3,440: [ParNew
Desired survivor size 20112992 bytes, new threshold 8 (max 8)
- age   1:    5166064 bytes,    5166064 total
- age   2:     138624 bytes,    5304688 total
- age   3:       3536 bytes,    5308224 total
- age   4:     186816 bytes,    5495040 total
- age   5:     287912 bytes,    5782952 total
- age   6:     801416 bytes,    6584368 total
- age   7:    6668064 bytes,   13252432 total
: 98585K->16324K(109248K), 0,0110786 secs] 98585K->16324K(502464K), 0,0111422 secs] [Times: user=0,04 sys=0,00, real=0,01 secs] 
Heap after GC invocations=7 (full 1):
 par new generation   total 109248K, used 16324K [0x00000000e0000000, 0x00000000e8000000, 0x00000000e8000000)
  eden space 87424K,   0% used [0x00000000e0000000, 0x00000000e0000000, 0x00000000e5560000)
  from space 21824K,  74% used [0x00000000e6ab0000, 0x00000000e7aa1200, 0x00000000e8000000)
  to   space 21824K,   0% used [0x00000000e5560000, 0x00000000e5560000, 0x00000000e6ab0000)
 concurrent mark-sweep generation total 393216K, used 0K [0x00000000e8000000, 0x0000000100000000, 0x0000000100000000)
 Metaspace       used 23758K, capacity 24185K, committed 24316K, reserved 1071104K
  class space    used 2795K, capacity 2985K, committed 3068K, reserved 1048576K
}
2017-09-03T21:58:32.276+0200: 3,451: Total time for which application threads were stopped: 0,0152813 seconds, Stopping threads took: 0,0039366 seconds
{Heap before GC invocations=7 (full 1):
 par new generation   total 109248K, used 103748K [0x00000000e0000000, 0x00000000e8000000, 0x00000000e8000000)
  eden space 87424K, 100% used [0x00000000e0000000, 0x00000000e5560000, 0x00000000e5560000)
  from space 21824K,  74% used [0x00000000e6ab0000, 0x00000000e7aa1200, 0x00000000e8000000)
  to   space 21824K,   0% used [0x00000000e5560000, 0x00000000e5560000, 0x00000000e6ab0000)
 concurrent mark-sweep generation total 393216K, used 0K [0x00000000e8000000, 0x0000000100000000, 0x0000000100000000)
 Metaspace       used 24381K, capacity 24895K, committed 25084K, reserved 1071104K
  class space    used 2860K, capacity 3050K, committed 3068K, reserved 1048576K
2017-09-03T21:58:32.393+0200: 3,567: [GC (Allocation Failure) 2017-09-03T21:58:32.393+0200: 3,567: [ParNew
Desired survivor size 20112992 bytes, new threshold 8 (max 8)
- age   1:    1776920 bytes,    1776920 total
- age   2:    1764216 bytes,    3541136 total
- age   3:      73600 bytes,    3614736 total
- age   4:       1768 bytes,    3616504 total
- age   5:     103184 bytes,    3719688 total
- age   6:     191640 bytes,    3911328 total
- age   7:     759168 bytes,    4670496 total
- age   8:    6135064 bytes,   10805560 total
: 103748K->17620K(109248K), 0,0136367 secs] 103748K->17620K(502464K), 0,0137221 secs] [Times: user=0,04 sys=0,00, real=0,02 secs] 
Heap after GC invocations=8 (full 1):
 par new generation   total 109248K, used 17620K [0x00000000e0000000, 0x00000000e8000000, 0x00000000e8000000)
  eden space 87424K,   0% used [0x00000000e0000000, 0x00000000e0000000, 0x00000000e5560000)
  from space 21824K,  80% used [0x00000000e5560000, 0x00000000e66951d0, 0x00000000e6ab0000)
  to   space 21824K,   0% used [0x00000000e6ab0000, 0x00000000e6ab0000, 0x00000000e8000000)
 concurrent mark-sweep generation total 393216K, used 0K [0x00000000e8000000, 0x0000000100000000, 0x0000000100000000)
 Metaspace       used 24381K, capacity 24895K, committed 25084K, reserved 1071104K
  class space    used 2860K, capacity 3050K, committed 3068K, reserved 1048576K
}
2017-09-03T21:58:32.406+0200: 3,581: Total time for which application threads were stopped: 0,0140111 seconds, Stopping threads took: 0,0001258 seconds
{Heap before GC invocations=8 (full 1):
 par new generation   total 109248K, used 105044K [0x00000000e0000000, 0x00000000e8000000, 0x00000000e8000000)
  eden space 87424K, 100% used [0x00000000e0000000, 0x00000000e5560000, 0x00000000e5560000)
  from space 21824K,  80% used [0x00000000e5560000, 0x00000000e66951d0, 0x00000000e6ab0000)
  to   space 21824K,   0% used [0x00000000e6ab0000, 0x00000000e6ab0000, 0x00000000e8000000)
 concurrent mark-sweep generation total 393216K, used 0K [0x00000000e8000000, 0x0000000100000000, 0x0000000100000000)
 Metaspace       used 24637K, capacity 25145K, committed 25468K, reserved 1071104K
  class space    used 2882K, capacity 3087K, committed 3196K, reserved 1048576K
2017-09-03T21:58:32.505+0200: 3,680: [GC (Allocation Failure) 2017-09-03T21:58:32.505+0200: 3,680: [ParNew
Desired survivor size 20112992 bytes, new threshold 8 (max 8)
- age   1:     803000 bytes,     803000 total
- age   2:     998704 bytes,    1801704 total
- age   3:    1741928 bytes,    3543632 total
- age   4:      73568 bytes,    3617200 total
- age   5:       1768 bytes,    3618968 total
- age   6:     103016 bytes,    3721984 total
- age   7:     188840 bytes,    3910824 total
- age   8:     758400 bytes,    4669224 total
: 105044K->6968K(109248K), 0,0304108 secs] 105044K->13042K(502464K), 0,0304762 secs] [Times: user=0,10 sys=0,00, real=0,03 secs] 
Heap after GC invocations=9 (full 1):
 par new generation   total 109248K, used 6968K [0x00000000e0000000, 0x00000000e8000000, 0x00000000e8000000)
  eden space 87424K,   0% used [0x00000000e0000000, 0x00000000e0000000, 0x00000000e5560000)
  from space 21824K,  31% used [0x00000000e6ab0000, 0x00000000e717e1e8, 0x00000000e8000000)
  to   space 21824K,   0% used [0x00000000e5560000, 0x00000000e5560000, 0x00000000e6ab0000)
 concurrent mark-sweep generation total 393216K, used 6073K [0x00000000e8000000, 0x0000000100000000, 0x0000000100000000)
 Metaspace       used 24637K, capacity 25145K, committed 25468K, reserved 1071104K
  class space    used 2882K, capacity 3087K, committed 3196K, reserved 1048576K
}
2017-09-03T21:58:32.536+0200: 3,710: Total time for which application threads were stopped: 0,0306812 seconds, Stopping threads took: 0,0000455 seconds
2017-09-03T21:58:32.739+0200: 3,913: Total time for which application threads were stopped: 0,0006488 seconds, Stopping threads took: 0,0000545 seconds
2017-09-03T21:58:32.836+0200: 4,010: Total time for which application threads were stopped: 0,0005919 seconds, Stopping threads took: 0,0000413 seconds
2017-09-03T21:58:32.850+0200: 4,025: Total time for which application threads were stopped: 0,0005011 seconds, Stopping threads took: 0,0000346 seconds
2017-09-03T21:58:32.889+0200: 4,064: Total time for which application threads were stopped: 0,0050210 seconds, Stopping threads took: 0,0047619 seconds
2017-09-03T21:58:32.897+0200: 4,072: Total time for which application threads were stopped: 0,0001599 seconds, Stopping threads took: 0,0000722 seconds
2017-09-03T21:58:32.899+0200: 4,073: Total time for which application threads were stopped: 0,0001139 seconds, Stopping threads took: 0,0000361 seconds
2017-09-03T21:58:32.901+0200: 4,076: Total time for which application threads were stopped: 0,0018973 seconds, Stopping threads took: 0,0018402 seconds
2017-09-03T21:58:32.901+0200: 4,076: Total time for which application threads were stopped: 0,0000833 seconds, Stopping threads took: 0,0000274 seconds
2017-09-03T21:58:32.905+0200: 4,079: Total time for which application threads were stopped: 0,0001032 seconds, Stopping threads took: 0,0000350 seconds
2017-09-03T21:58:32.906+0200: 4,080: Total time for which application threads were stopped: 0,0001031 seconds, Stopping threads took: 0,0000289 seconds
2017-09-03T21:58:32.906+0200: 4,081: Total time for which application threads were stopped: 0,0000741 seconds, Stopping threads took: 0,0000142 seconds
2017-09-03T21:58:32.907+0200: 4,082: Total time for which application threads were stopped: 0,0000847 seconds, Stopping threads took: 0,0000295 seconds
2017-09-03T21:58:32.909+0200: 4,084: Total time for which application threads were stopped: 0,0000796 seconds, Stopping threads took: 0,0000164 seconds
2017-09-03T21:58:32.910+0200: 4,085: Total time for which application threads were stopped: 0,0001368 seconds, Stopping threads took: 0,0000649 seconds
2017-09-03T21:58:32.911+0200: 4,086: Total time for which application threads were stopped: 0,0000912 seconds, Stopping threads took: 0,0000194 seconds
2017-09-03T21:58:32.912+0200: 4,087: Total time for which application threads were stopped: 0,0001112 seconds, Stopping threads took: 0,0000381 seconds
2017-09-03T21:58:32.917+0200: 4,091: Total time for which application threads were stopped: 0,0003816 seconds, Stopping threads took: 0,0000316 seconds
2017-09-03T21:58:32.921+0200: 4,095: Total time for which application threads were stopped: 0,0001522 seconds, Stopping threads took: 0,0000556 seconds
2017-09-03T21:58:32.921+0200: 4,096: Total time for which application threads were stopped: 0,0001952 seconds, Stopping threads took: 0,0001365 seconds
2017-09-03T21:58:32.926+0200: 4,101: Total time for which application threads were stopped: 0,0001067 seconds, Stopping threads took: 0,0000337 seconds
2017-09-03T21:58:32.932+0200: 4,107: Total time for which application threads were stopped: 0,0001100 seconds, Stopping threads took: 0,0000344 seconds
2017-09-03T21:58:32.933+0200: 4,107: Total time for which application threads were stopped: 0,0000912 seconds, Stopping threads took: 0,0000298 seconds
2017-09-03T21:58:32.933+0200: 4,108: Total time for which application threads were stopped: 0,0000817 seconds, Stopping threads took: 0,0000241 seconds
2017-09-03T21:58:32.934+0200: 4,108: Total time for which application threads were stopped: 0,0000995 seconds, Stopping threads took: 0,0000306 seconds
2017-09-03T21:58:32.935+0200: 4,110: Total time for which application threads were stopped: 0,0001186 seconds, Stopping threads took: 0,0000326 seconds
2017-09-03T21:58:32.937+0200: 4,112: Total time for which application threads were stopped: 0,0017113 seconds, Stopping threads took: 0,0016402 seconds
2017-09-03T21:58:32.937+0200: 4,112: Total time for which application threads were stopped: 0,0001533 seconds, Stopping threads took: 0,0000239 seconds
2017-09-03T21:58:32.938+0200: 4,112: Total time for which application threads were stopped: 0,0000724 seconds, Stopping threads took: 0,0000202 seconds
2017-09-03T21:58:32.938+0200: 4,112: Total time for which application threads were stopped: 0,0000592 seconds, Stopping threads took: 0,0000164 seconds
2017-09-03T21:58:32.938+0200: 4,113: Total time for which application threads were stopped: 0,0000615 seconds, Stopping threads took: 0,0000165 seconds
2017-09-03T21:58:32.938+0200: 4,113: Total time for which application threads were stopped: 0,0000554 seconds, Stopping threads took: 0,0000147 seconds
2017-09-03T21:58:32.938+0200: 4,113: Total time for which application threads were stopped: 0,0000547 seconds, Stopping threads took: 0,0000146 seconds
2017-09-03T21:58:32.938+0200: 4,113: Total time for which application threads were stopped: 0,0000688 seconds, Stopping threads took: 0,0000209 seconds
2017-09-03T21:58:32.939+0200: 4,113: Total time for which application threads were stopped: 0,0000561 seconds, Stopping threads took: 0,0000148 seconds
2017-09-03T21:58:32.939+0200: 4,113: Total time for which application threads were stopped: 0,0000617 seconds, Stopping threads took: 0,0000190 seconds
2017-09-03T21:58:32.939+0200: 4,113: Total time for which application threads were stopped: 0,0000576 seconds, Stopping threads took: 0,0000183 seconds
2017-09-03T21:58:32.939+0200: 4,114: Total time for which application threads were stopped: 0,0000562 seconds, Stopping threads took: 0,0000161 seconds
2017-09-03T21:58:32.939+0200: 4,114: Total time for which application threads were stopped: 0,0000750 seconds, Stopping threads took: 0,0000195 seconds
2017-09-03T21:58:32.939+0200: 4,114: Total time for which application threads were stopped: 0,0000576 seconds, Stopping threads took: 0,0000172 seconds
2017-09-03T21:58:32.940+0200: 4,114: Total time for which application threads were stopped: 0,0000946 seconds, Stopping threads took: 0,0000493 seconds
2017-09-03T21:58:32.940+0200: 4,114: Total time for which application threads were stopped: 0,0000631 seconds, Stopping threads took: 0,0000245 seconds
2017-09-03T21:58:32.940+0200: 4,114: Total time for which application threads were stopped: 0,0000597 seconds, Stopping threads took: 0,0000145 seconds
2017-09-03T21:58:32.940+0200: 4,115: Total time for which application threads were stopped: 0,0000764 seconds, Stopping threads took: 0,0000158 seconds
2017-09-03T21:58:32.940+0200: 4,115: Total time for which application threads were stopped: 0,0000447 seconds, Stopping threads took: 0,0000085 seconds
2017-09-03T21:58:32.940+0200: 4,115: Total time for which application threads were stopped: 0,0000525 seconds, Stopping threads took: 0,0000169 seconds
2017-09-03T21:58:32.940+0200: 4,115: Total time for which application threads were stopped: 0,0000520 seconds, Stopping threads took: 0,0000182 seconds
2017-09-03T21:58:32.940+0200: 4,115: Total time for which application threads were stopped: 0,0001098 seconds, Stopping threads took: 0,0000078 seconds
2017-09-03T21:58:32.945+0200: 4,119: Total time for which application threads were stopped: 0,0001161 seconds, Stopping threads took: 0,0000380 seconds
2017-09-03T21:58:32.947+0200: 4,122: Total time for which application threads were stopped: 0,0001604 seconds, Stopping threads took: 0,0000262 seconds
2017-09-03T21:58:32.951+0200: 4,126: Total time for which application threads were stopped: 0,0001594 seconds, Stopping threads took: 0,0000688 seconds
2017-09-03T21:58:32.961+0200: 4,136: Total time for which application threads were stopped: 0,0001129 seconds, Stopping threads took: 0,0000380 seconds
2017-09-03T21:58:32.996+0200: 4,171: Total time for which application threads were stopped: 0,0001532 seconds, Stopping threads took: 0,0000519 seconds
2017-09-03T21:58:33.013+0200: 4,187: Total time for which application threads were stopped: 0,0001840 seconds, Stopping threads took: 0,0000667 seconds
2017-09-03T21:58:33.015+0200: 4,190: Total time for which application threads were stopped: 0,0019155 seconds, Stopping threads took: 0,0014090 seconds
2017-09-03T21:58:33.020+0200: 4,194: Total time for which application threads were stopped: 0,0001317 seconds, Stopping threads took: 0,0000301 seconds
2017-09-03T21:58:34.020+0200: 5,195: Total time for which application threads were stopped: 0,0000673 seconds, Stopping threads took: 0,0000170 seconds
2017-09-03T21:58:35.020+0200: 6,195: Total time for which application threads were stopped: 0,0000687 seconds, Stopping threads took: 0,0000186 seconds
2017-09-03T21:58:50.022+0200: 21,197: Total time for which application threads were stopped: 0,0000645 seconds, Stopping threads took: 0,0000164 seconds
2017-09-03T21:59:09.126+0200: 36,327: Total time for which application threads were stopped: 0,0000796 seconds, Stopping threads took: 0,0000315 seconds
2017-09-03T21:59:59.132+0200: 86,332: Total time for which application threads were stopped: 0,0001044 seconds, Stopping threads took: 0,0000374 seconds
2017-09-03T22:00:33.136+0200: 120,336: Total time for which application threads were stopped: 0,0001581 seconds, Stopping threads took: 0,0000670 seconds
2017-09-03T22:00:38.137+0200: 125,337: Total time for which application threads were stopped: 0,0000716 seconds, Stopping threads took: 0,0000187 seconds
{Heap before GC invocations=9 (full 1):
 par new generation   total 109248K, used 94392K [0x00000000e0000000, 0x00000000e8000000, 0x00000000e8000000)
  eden space 87424K, 100% used [0x00000000e0000000, 0x00000000e5560000, 0x00000000e5560000)
  from space 21824K,  31% used [0x00000000e6ab0000, 0x00000000e717e1e8, 0x00000000e8000000)
  to   space 21824K,   0% used [0x00000000e5560000, 0x00000000e5560000, 0x00000000e6ab0000)
 concurrent mark-sweep generation total 393216K, used 6073K [0x00000000e8000000, 0x0000000100000000, 0x0000000100000000)
 Metaspace       used 28020K, capacity 28583K, committed 28796K, reserved 1075200K
  class space    used 3217K, capacity 3396K, committed 3452K, reserved 1048576K
2017-09-03T22:01:33.137+0200: 180,337: [GC (Allocation Failure) 2017-09-03T22:01:33.137+0200: 180,337: [ParNew
Desired survivor size 20112992 bytes, new threshold 8 (max 8)
- age   1:   11118688 bytes,   11118688 total
- age   2:     213136 bytes,   11331824 total
- age   3:     219000 bytes,   11550824 total
- age   4:    1736344 bytes,   13287168 total
- age   5:      71152 bytes,   13358320 total
- age   6:       1768 bytes,   13360088 total
- age   7:     102792 bytes,   13462880 total
- age   8:     188280 bytes,   13651160 total
: 94392K->14466K(109248K), 0,0252412 secs] 100466K->21367K(502464K), 0,0253510 secs] [Times: user=0,09 sys=0,00, real=0,02 secs] 
Heap after GC invocations=10 (full 1):
 par new generation   total 109248K, used 14466K [0x00000000e0000000, 0x00000000e8000000, 0x00000000e8000000)
  eden space 87424K,   0% used [0x00000000e0000000, 0x00000000e0000000, 0x00000000e5560000)
  from space 21824K,  66% used [0x00000000e5560000, 0x00000000e6380b00, 0x00000000e6ab0000)
  to   space 21824K,   0% used [0x00000000e6ab0000, 0x00000000e6ab0000, 0x00000000e8000000)
 concurrent mark-sweep generation total 393216K, used 6901K [0x00000000e8000000, 0x0000000100000000, 0x0000000100000000)
 Metaspace       used 28020K, capacity 28583K, committed 28796K, reserved 1075200K
  class space    used 3217K, capacity 3396K, committed 3452K, reserved 1048576K
}
2017-09-03T22:01:33.162+0200: 180,362: Total time for which application threads were stopped: 0,0255838 seconds, Stopping threads took: 0,0000544 seconds
2017-09-03T22:01:33.162+0200: 180,363: Total time for which application threads were stopped: 0,0000926 seconds, Stopping threads took: 0,0000414 seconds
2017-09-03T22:01:33.163+0200: 180,363: Total time for which application threads were stopped: 0,0000613 seconds, Stopping threads took: 0,0000310 seconds
2017-09-03T22:03:13.176+0200: 280,376: Total time for which application threads were stopped: 0,0001355 seconds, Stopping threads took: 0,0000529 seconds
2017-09-03T22:06:58.200+0200: 505,401: Total time for which application threads were stopped: 0,0000812 seconds, Stopping threads took: 0,0000300 seconds
2017-09-03T22:22:08.295+0200: 1415,495: Total time for which application threads were stopped: 0,0000915 seconds, Stopping threads took: 0,0000301 seconds
2017-09-03T22:24:43.312+0200: 1570,512: Total time for which application threads were stopped: 0,0000859 seconds, Stopping threads took: 0,0000323 seconds
2017-09-03T22:24:48.312+0200: 1575,513: Total time for which application threads were stopped: 0,0000625 seconds, Stopping threads took: 0,0000143 seconds
2017-09-03T22:35:08.378+0200: 2195,578: Total time for which application threads were stopped: 0,0000878 seconds, Stopping threads took: 0,0000340 seconds
2017-09-03T22:37:23.392+0200: 2330,592: Total time for which application threads were stopped: 0,0000992 seconds, Stopping threads took: 0,0000354 seconds
2017-09-03T22:37:28.392+0200: 2335,592: Total time for which application threads were stopped: 0,0000777 seconds, Stopping threads took: 0,0000166 seconds
2017-09-03T22:54:43.515+0200: 3370,716: Total time for which application threads were stopped: 0,0000862 seconds, Stopping threads took: 0,0000322 seconds
2017-09-03T23:05:33.580+0200: 4020,781: Total time for which application threads were stopped: 0,0000929 seconds, Stopping threads took: 0,0000308 seconds
2017-09-03T23:05:38.581+0200: 4025,781: Total time for which application threads were stopped: 0,0000742 seconds, Stopping threads took: 0,0000147 seconds
2017-09-03T23:19:43.663+0200: 4870,863: Total time for which application threads were stopped: 0,0000991 seconds, Stopping threads took: 0,0000401 seconds
2017-09-03T23:20:08.665+0200: 4895,866: Total time for which application threads were stopped: 0,0000888 seconds, Stopping threads took: 0,0000332 seconds
2017-09-03T23:50:03.870+0200: 6691,070: Total time for which application threads were stopped: 0,0000909 seconds, Stopping threads took: 0,0000344 seconds
2017-09-03T23:59:08.923+0200: 7236,123: Total time for which application threads were stopped: 0,0000774 seconds, Stopping threads took: 0,0000291 seconds
2017-09-04T00:00:38.932+0200: 7326,132: Total time for which application threads were stopped: 0,0000986 seconds, Stopping threads took: 0,0000375 seconds
2017-09-04T00:06:38.967+0200: 7686,167: Total time for which application threads were stopped: 0,0000805 seconds, Stopping threads took: 0,0000332 seconds
2017-09-04T00:07:08.970+0200: 7716,170: Total time for which application threads were stopped: 0,0000825 seconds, Stopping threads took: 0,0000316 seconds
2017-09-04T02:14:38.777+0200: 15365,978: Total time for which application threads were stopped: 0,0001116 seconds, Stopping threads took: 0,0000427 seconds
2017-09-04T02:23:24.326+0200: 15891,526: Total time for which application threads were stopped: 0,0001133 seconds, Stopping threads took: 0,0000294 seconds
2017-09-04T02:23:24.326+0200: 15891,527: Total time for which application threads were stopped: 0,0000656 seconds, Stopping threads took: 0,0000175 seconds
2017-09-04T02:23:24.345+0200: 15891,545: Total time for which application threads were stopped: 0,0103322 seconds, Stopping threads took: 0,0102276 seconds
2017-09-04T02:23:24.381+0200: 15891,582: Total time for which application threads were stopped: 0,0000991 seconds, Stopping threads took: 0,0000259 seconds
2017-09-04T02:23:24.390+0200: 15891,590: Total time for which application threads were stopped: 0,0001246 seconds, Stopping threads took: 0,0000417 seconds
2017-09-04T02:23:24.399+0200: 15891,599: Total time for which application threads were stopped: 0,0000699 seconds, Stopping threads took: 0,0000141 seconds
2017-09-04T02:23:24.399+0200: 15891,599: Total time for which application threads were stopped: 0,0000462 seconds, Stopping threads took: 0,0000127 seconds
2017-09-04T02:23:24.399+0200: 15891,600: Total time for which application threads were stopped: 0,0000563 seconds, Stopping threads took: 0,0000241 seconds
2017-09-04T02:23:24.403+0200: 15891,603: Total time for which application threads were stopped: 0,0002731 seconds, Stopping threads took: 0,0000267 seconds
2017-09-04T02:23:24.403+0200: 15891,603: Total time for which application threads were stopped: 0,0000708 seconds, Stopping threads took: 0,0000196 seconds
2017-09-04T02:23:24.403+0200: 15891,604: Total time for which application threads were stopped: 0,0000705 seconds, Stopping threads took: 0,0000219 seconds
2017-09-04T02:23:24.405+0200: 15891,605: Total time for which application threads were stopped: 0,0000845 seconds, Stopping threads took: 0,0000170 seconds
2017-09-04T02:23:24.411+0200: 15891,611: Total time for which application threads were stopped: 0,0000984 seconds, Stopping threads took: 0,0000167 seconds
2017-09-04T02:23:24.415+0200: 15891,615: Total time for which application threads were stopped: 0,0000922 seconds, Stopping threads took: 0,0000177 seconds
2017-09-04T02:23:24.418+0200: 15891,618: Total time for which application threads were stopped: 0,0000740 seconds, Stopping threads took: 0,0000129 seconds
2017-09-04T02:23:24.418+0200: 15891,618: Total time for which application threads were stopped: 0,0000643 seconds, Stopping threads took: 0,0000317 seconds
2017-09-04T02:23:24.419+0200: 15891,620: Total time for which application threads were stopped: 0,0010320 seconds, Stopping threads took: 0,0009845 seconds
2017-09-04T02:23:24.420+0200: 15891,621: Total time for which application threads were stopped: 0,0000735 seconds, Stopping threads took: 0,0000100 seconds
2017-09-04T02:23:24.421+0200: 15891,622: Total time for which application threads were stopped: 0,0001010 seconds, Stopping threads took: 0,0000193 seconds
2017-09-04T02:23:24.422+0200: 15891,622: Total time for which application threads were stopped: 0,0000507 seconds, Stopping threads took: 0,0000135 seconds
2017-09-04T02:23:24.422+0200: 15891,622: Total time for which application threads were stopped: 0,0000362 seconds, Stopping threads took: 0,0000106 seconds
2017-09-04T02:23:24.422+0200: 15891,622: Total time for which application threads were stopped: 0,0001208 seconds, Stopping threads took: 0,0000114 seconds
2017-09-04T02:23:24.422+0200: 15891,623: Total time for which application threads were stopped: 0,0000467 seconds, Stopping threads took: 0,0000134 seconds
2017-09-04T02:23:24.423+0200: 15891,623: Total time for which application threads were stopped: 0,0000796 seconds, Stopping threads took: 0,0000169 seconds
Heap
 par new generation   total 109248K, used 34541K [0x00000000e0000000, 0x00000000e8000000, 0x00000000e8000000)
  eden space 87424K,  22% used [0x00000000e0000000, 0x00000000e139ab28, 0x00000000e5560000)
  from space 21824K,  66% used [0x00000000e5560000, 0x00000000e6380b00, 0x00000000e6ab0000)
  to   space 21824K,   0% used [0x00000000e6ab0000, 0x00000000e6ab0000, 0x00000000e8000000)
 concurrent mark-sweep generation total 393216K, used 6901K [0x00000000e8000000, 0x0000000100000000, 0x0000000100000000)
 Metaspace       used 28180K, capacity 28687K, committed 28796K, reserved 1075200K
  class space    used 3232K, capacity 3430K, committed 3452K, reserved 1048576K
