OpenJDK 64-Bit Server VM (25.121-b13) for linux-amd64 JRE (1.8.0_121-8u121-b13-0ubuntu1.16.04.2-b13), built on Jan 23 2017 15:51:29 by "buildd" with gcc 5.4.0 20160609
Memory: 4k page, physical 7867764k(7496748k free), swap 8076284k(8076284k free)
CommandLine flags: -XX:CMSInitiatingOccupancyFraction=50 -XX:CMSMaxAbortablePrecleanTime=6000 -XX:+CMSParallelRemarkEnabled -XX:+CMSScavengeBeforeRemark -XX:ConcGCThreads=4 -XX:InitialHeapSize=536870912 -XX:MaxHeapSize=536870912 -XX:MaxTenuringThreshold=8 -XX:NewRatio=3 -XX:OldPLABSize=16 -XX:OnOutOfMemoryError=/opt/solr/bin/oom_solr.sh 8983 /var/solr/logs -XX:ParallelGCThreads=4 -XX:+ParallelRefProcEnabled -XX:PretenureSizeThreshold=67108864 -XX:+PrintGC -XX:+PrintGCApplicationStoppedTime -XX:+PrintGCDateStamps -XX:+PrintGCDetails -XX:+PrintGCTimeStamps -XX:+PrintHeapAtGC -XX:+PrintTenuringDistribution -XX:SurvivorRatio=4 -XX:TargetSurvivorRatio=90 -XX:ThreadStackSize=256 -XX:+UseCMSInitiatingOccupancyOnly -XX:+UseCompressedClassPointers -XX:+UseCompressedOops -XX:+UseConcMarkSweepGC -XX:+UseParNewGC 
2017-03-30T14:52:15.701+0200: 0,126: Total time for which application threads were stopped: 0,0000629 seconds, Stopping threads took: 0,0000122 seconds
2017-03-30T14:52:15.783+0200: 0,208: Total time for which application threads were stopped: 0,0001563 seconds, Stopping threads took: 0,0000359 seconds
2017-03-30T14:52:15.803+0200: 0,228: Total time for which application threads were stopped: 0,0001147 seconds, Stopping threads took: 0,0000283 seconds
2017-03-30T14:52:16.048+0200: 0,473: Total time for which application threads were stopped: 0,0001504 seconds, Stopping threads took: 0,0000203 seconds
2017-03-30T14:52:16.501+0200: 0,926: Total time for which application threads were stopped: 0,0002043 seconds, Stopping threads took: 0,0000223 seconds
2017-03-30T14:52:16.612+0200: 1,037: Total time for which application threads were stopped: 0,0001970 seconds, Stopping threads took: 0,0000334 seconds
2017-03-30T14:52:16.635+0200: 1,060: Total time for which application threads were stopped: 0,0004740 seconds, Stopping threads took: 0,0001793 seconds
2017-03-30T14:52:16.990+0200: 1,415: Total time for which application threads were stopped: 0,0002038 seconds, Stopping threads took: 0,0000224 seconds
2017-03-30T14:52:17.216+0200: 1,640: Total time for which application threads were stopped: 0,0002069 seconds, Stopping threads took: 0,0000189 seconds
2017-03-30T14:52:17.237+0200: 1,662: Total time for which application threads were stopped: 0,0004500 seconds, Stopping threads took: 0,0000191 seconds
2017-03-30T14:52:17.277+0200: 1,702: Total time for which application threads were stopped: 0,0011083 seconds, Stopping threads took: 0,0001625 seconds
2017-03-30T14:52:17.279+0200: 1,703: Total time for which application threads were stopped: 0,0001977 seconds, Stopping threads took: 0,0000200 seconds
2017-03-30T14:52:17.295+0200: 1,719: Total time for which application threads were stopped: 0,0001638 seconds, Stopping threads took: 0,0000110 seconds
2017-03-30T14:52:17.380+0200: 1,804: Total time for which application threads were stopped: 0,0002381 seconds, Stopping threads took: 0,0000217 seconds
2017-03-30T14:52:17.525+0200: 1,950: Total time for which application threads were stopped: 0,0003423 seconds, Stopping threads took: 0,0000869 seconds
{Heap before GC invocations=0 (full 0):
 par new generation   total 109248K, used 87424K [0x00000000e0000000, 0x00000000e8000000, 0x00000000e8000000)
  eden space 87424K, 100% used [0x00000000e0000000, 0x00000000e5560000, 0x00000000e5560000)
  from space 21824K,   0% used [0x00000000e5560000, 0x00000000e5560000, 0x00000000e6ab0000)
  to   space 21824K,   0% used [0x00000000e6ab0000, 0x00000000e6ab0000, 0x00000000e8000000)
 concurrent mark-sweep generation total 393216K, used 0K [0x00000000e8000000, 0x0000000100000000, 0x0000000100000000)
 Metaspace       used 18024K, capacity 18336K, committed 18688K, reserved 1064960K
  class space    used 2037K, capacity 2196K, committed 2304K, reserved 1048576K
2017-03-30T14:52:17.635+0200: 2,060: [GC (Allocation Failure) 2017-03-30T14:52:17.635+0200: 2,060: [ParNew
Desired survivor size 20112992 bytes, new threshold 8 (max 8)
- age   1:   12593248 bytes,   12593248 total
: 87424K->12420K(109248K), 0,0160046 secs] 87424K->12420K(502464K), 0,0160851 secs] [Times: user=0,06 sys=0,00, real=0,02 secs] 
Heap after GC invocations=1 (full 0):
 par new generation   total 109248K, used 12420K [0x00000000e0000000, 0x00000000e8000000, 0x00000000e8000000)
  eden space 87424K,   0% used [0x00000000e0000000, 0x00000000e0000000, 0x00000000e5560000)
  from space 21824K,  56% used [0x00000000e6ab0000, 0x00000000e76d12b8, 0x00000000e8000000)
  to   space 21824K,   0% used [0x00000000e5560000, 0x00000000e5560000, 0x00000000e6ab0000)
 concurrent mark-sweep generation total 393216K, used 0K [0x00000000e8000000, 0x0000000100000000, 0x0000000100000000)
 Metaspace       used 18024K, capacity 18336K, committed 18688K, reserved 1064960K
  class space    used 2037K, capacity 2196K, committed 2304K, reserved 1048576K
}
2017-03-30T14:52:17.651+0200: 2,076: Total time for which application threads were stopped: 0,0184949 seconds, Stopping threads took: 0,0021449 seconds
2017-03-30T14:52:17.930+0200: 2,355: Total time for which application threads were stopped: 0,0003801 seconds, Stopping threads took: 0,0000333 seconds
{Heap before GC invocations=1 (full 0):
 par new generation   total 109248K, used 99844K [0x00000000e0000000, 0x00000000e8000000, 0x00000000e8000000)
  eden space 87424K, 100% used [0x00000000e0000000, 0x00000000e5560000, 0x00000000e5560000)
  from space 21824K,  56% used [0x00000000e6ab0000, 0x00000000e76d12b8, 0x00000000e8000000)
  to   space 21824K,   0% used [0x00000000e5560000, 0x00000000e5560000, 0x00000000e6ab0000)
 concurrent mark-sweep generation total 393216K, used 0K [0x00000000e8000000, 0x0000000100000000, 0x0000000100000000)
 Metaspace       used 20059K, capacity 20374K, committed 20736K, reserved 1067008K
  class space    used 2297K, capacity 2473K, committed 2560K, reserved 1048576K
2017-03-30T14:52:17.977+0200: 2,401: [GC (Allocation Failure) 2017-03-30T14:52:17.977+0200: 2,401: [ParNew
Desired survivor size 20112992 bytes, new threshold 8 (max 8)
- age   1:    3788824 bytes,    3788824 total
- age   2:    6662864 bytes,   10451688 total
: 99844K->13715K(109248K), 0,0150122 secs] 99844K->13715K(502464K), 0,0150897 secs] [Times: user=0,03 sys=0,01, real=0,02 secs] 
Heap after GC invocations=2 (full 0):
 par new generation   total 109248K, used 13715K [0x00000000e0000000, 0x00000000e8000000, 0x00000000e8000000)
  eden space 87424K,   0% used [0x00000000e0000000, 0x00000000e0000000, 0x00000000e5560000)
  from space 21824K,  62% used [0x00000000e5560000, 0x00000000e62c4e48, 0x00000000e6ab0000)
  to   space 21824K,   0% used [0x00000000e6ab0000, 0x00000000e6ab0000, 0x00000000e8000000)
 concurrent mark-sweep generation total 393216K, used 0K [0x00000000e8000000, 0x0000000100000000, 0x0000000100000000)
 Metaspace       used 20059K, capacity 20374K, committed 20736K, reserved 1067008K
  class space    used 2297K, capacity 2473K, committed 2560K, reserved 1048576K
}
2017-03-30T14:52:17.992+0200: 2,416: Total time for which application threads were stopped: 0,0153958 seconds, Stopping threads took: 0,0001234 seconds
2017-03-30T14:52:18.003+0200: 2,428: Total time for which application threads were stopped: 0,0027618 seconds, Stopping threads took: 0,0024866 seconds
2017-03-30T14:52:18.042+0200: 2,467: Total time for which application threads were stopped: 0,0003762 seconds, Stopping threads took: 0,0000611 seconds
2017-03-30T14:52:18.184+0200: 2,609: Total time for which application threads were stopped: 0,0001854 seconds, Stopping threads took: 0,0000521 seconds
{Heap before GC invocations=2 (full 0):
 par new generation   total 109248K, used 101139K [0x00000000e0000000, 0x00000000e8000000, 0x00000000e8000000)
  eden space 87424K, 100% used [0x00000000e0000000, 0x00000000e5560000, 0x00000000e5560000)
  from space 21824K,  62% used [0x00000000e5560000, 0x00000000e62c4e48, 0x00000000e6ab0000)
  to   space 21824K,   0% used [0x00000000e6ab0000, 0x00000000e6ab0000, 0x00000000e8000000)
 concurrent mark-sweep generation total 393216K, used 0K [0x00000000e8000000, 0x0000000100000000, 0x0000000100000000)
 Metaspace       used 20994K, capacity 21296K, committed 21628K, reserved 1069056K
  class space    used 2421K, capacity 2592K, committed 2684K, reserved 1048576K
2017-03-30T14:52:18.228+0200: 2,653: [GC (Allocation Failure) 2017-03-30T14:52:18.228+0200: 2,653: [ParNew
Desired survivor size 20112992 bytes, new threshold 8 (max 8)
- age   1:    2287576 bytes,    2287576 total
- age   2:     857488 bytes,    3145064 total
- age   3:    6659184 bytes,    9804248 total
: 101139K->14467K(109248K), 0,0196798 secs] 101139K->14467K(502464K), 0,0197764 secs] [Times: user=0,07 sys=0,00, real=0,02 secs] 
Heap after GC invocations=3 (full 0):
 par new generation   total 109248K, used 14467K [0x00000000e0000000, 0x00000000e8000000, 0x00000000e8000000)
  eden space 87424K,   0% used [0x00000000e0000000, 0x00000000e0000000, 0x00000000e5560000)
  from space 21824K,  66% used [0x00000000e6ab0000, 0x00000000e78d0cc0, 0x00000000e8000000)
  to   space 21824K,   0% used [0x00000000e5560000, 0x00000000e5560000, 0x00000000e6ab0000)
 concurrent mark-sweep generation total 393216K, used 0K [0x00000000e8000000, 0x0000000100000000, 0x0000000100000000)
 Metaspace       used 20994K, capacity 21296K, committed 21628K, reserved 1069056K
  class space    used 2421K, capacity 2592K, committed 2684K, reserved 1048576K
}
2017-03-30T14:52:18.248+0200: 2,672: Total time for which application threads were stopped: 0,0200286 seconds, Stopping threads took: 0,0000820 seconds
2017-03-30T14:52:18.258+0200: 2,683: [GC (CMS Initial Mark) [1 CMS-initial-mark: 0K(393216K)] 26423K(502464K), 0,0073606 secs] [Times: user=0,02 sys=0,00, real=0,01 secs] 
2017-03-30T14:52:18.265+0200: 2,690: Total time for which application threads were stopped: 0,0075449 seconds, Stopping threads took: 0,0000546 seconds
2017-03-30T14:52:18.266+0200: 2,690: [CMS-concurrent-mark-start]
2017-03-30T14:52:18.266+0200: 2,691: [CMS-concurrent-mark: 0,000/0,000 secs] [Times: user=0,00 sys=0,00, real=0,00 secs] 
2017-03-30T14:52:18.266+0200: 2,691: [CMS-concurrent-preclean-start]
2017-03-30T14:52:18.267+0200: 2,692: [CMS-concurrent-preclean: 0,001/0,001 secs] [Times: user=0,00 sys=0,00, real=0,01 secs] 
2017-03-30T14:52:18.267+0200: 2,692: [CMS-concurrent-abortable-preclean-start]
2017-03-30T14:52:18.335+0200: 2,759: Total time for which application threads were stopped: 0,0033824 seconds, Stopping threads took: 0,0032877 seconds
{Heap before GC invocations=3 (full 1):
 par new generation   total 109248K, used 101891K [0x00000000e0000000, 0x00000000e8000000, 0x00000000e8000000)
  eden space 87424K, 100% used [0x00000000e0000000, 0x00000000e5560000, 0x00000000e5560000)
  from space 21824K,  66% used [0x00000000e6ab0000, 0x00000000e78d0cc0, 0x00000000e8000000)
  to   space 21824K,   0% used [0x00000000e5560000, 0x00000000e5560000, 0x00000000e6ab0000)
 concurrent mark-sweep generation total 393216K, used 0K [0x00000000e8000000, 0x0000000100000000, 0x0000000100000000)
 Metaspace       used 21272K, capacity 21625K, committed 21884K, reserved 1069056K
  class space    used 2450K, capacity 2606K, committed 2684K, reserved 1048576K
2017-03-30T14:52:18.368+0200: 2,793: [GC (Allocation Failure) 2017-03-30T14:52:18.368+0200: 2,793: [ParNew
Desired survivor size 20112992 bytes, new threshold 8 (max 8)
- age   1:    1577360 bytes,    1577360 total
- age   2:    1458480 bytes,    3035840 total
- age   3:     822312 bytes,    3858152 total
- age   4:    6659128 bytes,   10517280 total
: 101891K->12480K(109248K), 0,0172634 secs] 101891K->12480K(502464K), 0,0173392 secs] [Times: user=0,06 sys=0,00, real=0,01 secs] 
Heap after GC invocations=4 (full 1):
 par new generation   total 109248K, used 12480K [0x00000000e0000000, 0x00000000e8000000, 0x00000000e8000000)
  eden space 87424K,   0% used [0x00000000e0000000, 0x00000000e0000000, 0x00000000e5560000)
  from space 21824K,  57% used [0x00000000e5560000, 0x00000000e61903a8, 0x00000000e6ab0000)
  to   space 21824K,   0% used [0x00000000e6ab0000, 0x00000000e6ab0000, 0x00000000e8000000)
 concurrent mark-sweep generation total 393216K, used 0K [0x00000000e8000000, 0x0000000100000000, 0x0000000100000000)
 Metaspace       used 21272K, capacity 21625K, committed 21884K, reserved 1069056K
  class space    used 2450K, capacity 2606K, committed 2684K, reserved 1048576K
}
2017-03-30T14:52:18.385+0200: 2,810: Total time for which application threads were stopped: 0,0175915 seconds, Stopping threads took: 0,0001144 seconds
{Heap before GC invocations=4 (full 1):
 par new generation   total 109248K, used 99904K [0x00000000e0000000, 0x00000000e8000000, 0x00000000e8000000)
  eden space 87424K, 100% used [0x00000000e0000000, 0x00000000e5560000, 0x00000000e5560000)
  from space 21824K,  57% used [0x00000000e5560000, 0x00000000e61903a8, 0x00000000e6ab0000)
  to   space 21824K,   0% used [0x00000000e6ab0000, 0x00000000e6ab0000, 0x00000000e8000000)
 concurrent mark-sweep generation total 393216K, used 0K [0x00000000e8000000, 0x0000000100000000, 0x0000000100000000)
 Metaspace       used 21435K, capacity 21797K, committed 21884K, reserved 1069056K
  class space    used 2470K, capacity 2640K, committed 2684K, reserved 1048576K
2017-03-30T14:52:18.503+0200: 2,928: [GC (Allocation Failure) 2017-03-30T14:52:18.503+0200: 2,928: [ParNew
Desired survivor size 20112992 bytes, new threshold 8 (max 8)
- age   1:    1110512 bytes,    1110512 total
- age   2:     182544 bytes,    1293056 total
- age   3:    1458232 bytes,    2751288 total
- age   4:     822032 bytes,    3573320 total
- age   5:    6659056 bytes,   10232376 total
: 99904K->12994K(109248K), 0,0137665 secs] 99904K->12994K(502464K), 0,0138386 secs] [Times: user=0,04 sys=0,00, real=0,01 secs] 
Heap after GC invocations=5 (full 1):
 par new generation   total 109248K, used 12994K [0x00000000e0000000, 0x00000000e8000000, 0x00000000e8000000)
  eden space 87424K,   0% used [0x00000000e0000000, 0x00000000e0000000, 0x00000000e5560000)
  from space 21824K,  59% used [0x00000000e6ab0000, 0x00000000e7760940, 0x00000000e8000000)
  to   space 21824K,   0% used [0x00000000e5560000, 0x00000000e5560000, 0x00000000e6ab0000)
 concurrent mark-sweep generation total 393216K, used 0K [0x00000000e8000000, 0x0000000100000000, 0x0000000100000000)
 Metaspace       used 21435K, capacity 21797K, committed 21884K, reserved 1069056K
  class space    used 2470K, capacity 2640K, committed 2684K, reserved 1048576K
}
2017-03-30T14:52:18.517+0200: 2,942: Total time for which application threads were stopped: 0,0141164 seconds, Stopping threads took: 0,0001387 seconds
2017-03-30T14:52:18.517+0200: 2,942: [CMS-concurrent-abortable-preclean: 0,184/0,250 secs] [Times: user=0,94 sys=0,01, real=0,24 secs] 
2017-03-30T14:52:18.517+0200: 2,942: [GC (CMS Final Remark) [YG occupancy: 13640 K (109248 K)]{Heap before GC invocations=5 (full 1):
 par new generation   total 109248K, used 13640K [0x00000000e0000000, 0x00000000e8000000, 0x00000000e8000000)
  eden space 87424K,   0% used [0x00000000e0000000, 0x00000000e00a1900, 0x00000000e5560000)
  from space 21824K,  59% used [0x00000000e6ab0000, 0x00000000e7760940, 0x00000000e8000000)
  to   space 21824K,   0% used [0x00000000e5560000, 0x00000000e5560000, 0x00000000e6ab0000)
 concurrent mark-sweep generation total 393216K, used 0K [0x00000000e8000000, 0x0000000100000000, 0x0000000100000000)
 Metaspace       used 21435K, capacity 21797K, committed 21884K, reserved 1069056K
  class space    used 2470K, capacity 2640K, committed 2684K, reserved 1048576K
2017-03-30T14:52:18.517+0200: 2,942: [GC (CMS Final Remark) 2017-03-30T14:52:18.517+0200: 2,942: [ParNew
Desired survivor size 20112992 bytes, new threshold 8 (max 8)
- age   1:      46744 bytes,      46744 total
- age   2:    1028512 bytes,    1075256 total
- age   3:     182544 bytes,    1257800 total
- age   4:    1458168 bytes,    2715968 total
- age   5:     822032 bytes,    3538000 total
- age   6:    6659048 bytes,   10197048 total
: 13640K->13303K(109248K), 0,0165028 secs] 13640K->13303K(502464K), 0,0165452 secs] [Times: user=0,05 sys=0,00, real=0,02 secs] 
Heap after GC invocations=6 (full 1):
 par new generation   total 109248K, used 13303K [0x00000000e0000000, 0x00000000e8000000, 0x00000000e8000000)
  eden space 87424K,   0% used [0x00000000e0000000, 0x00000000e0000000, 0x00000000e5560000)
  from space 21824K,  60% used [0x00000000e5560000, 0x00000000e625dfe0, 0x00000000e6ab0000)
  to   space 21824K,   0% used [0x00000000e6ab0000, 0x00000000e6ab0000, 0x00000000e8000000)
 concurrent mark-sweep generation total 393216K, used 0K [0x00000000e8000000, 0x0000000100000000, 0x0000000100000000)
 Metaspace       used 21435K, capacity 21797K, committed 21884K, reserved 1069056K
  class space    used 2470K, capacity 2640K, committed 2684K, reserved 1048576K
}
2017-03-30T14:52:18.534+0200: 2,959: [Rescan (parallel) , 0,0033324 secs]2017-03-30T14:52:18.537+0200: 2,962: [weak refs processing, 0,0008506 secs]2017-03-30T14:52:18.538+0200: 2,963: [class unloading, 0,0029229 secs]2017-03-30T14:52:18.541+0200: 2,966: [scrub symbol table, 0,0036364 secs]2017-03-30T14:52:18.545+0200: 2,970: [scrub string table, 0,0003683 secs][1 CMS-remark: 0K(393216K)] 13303K(502464K), 0,0282948 secs] [Times: user=0,08 sys=0,00, real=0,03 secs] 
2017-03-30T14:52:18.546+0200: 2,970: Total time for which application threads were stopped: 0,0284173 seconds, Stopping threads took: 0,0000366 seconds
2017-03-30T14:52:18.555+0200: 2,980: [CMS-concurrent-sweep-start]
2017-03-30T14:52:18.555+0200: 2,980: [CMS-concurrent-sweep: 0,000/0,000 secs] [Times: user=0,00 sys=0,00, real=0,00 secs] 
2017-03-30T14:52:18.555+0200: 2,980: [CMS-concurrent-reset-start]
2017-03-30T14:52:18.557+0200: 2,981: [CMS-concurrent-reset: 0,002/0,002 secs] [Times: user=0,01 sys=0,00, real=0,00 secs] 
2017-03-30T14:52:18.584+0200: 3,009: Total time for which application threads were stopped: 0,0003367 seconds, Stopping threads took: 0,0000220 seconds
2017-03-30T14:52:18.797+0200: 3,222: Total time for which application threads were stopped: 0,0005486 seconds, Stopping threads took: 0,0000634 seconds
2017-03-30T14:52:18.812+0200: 3,237: Total time for which application threads were stopped: 0,0004135 seconds, Stopping threads took: 0,0000489 seconds
{Heap before GC invocations=6 (full 1):
 par new generation   total 109248K, used 100727K [0x00000000e0000000, 0x00000000e8000000, 0x00000000e8000000)
  eden space 87424K, 100% used [0x00000000e0000000, 0x00000000e5560000, 0x00000000e5560000)
  from space 21824K,  60% used [0x00000000e5560000, 0x00000000e625dfe0, 0x00000000e6ab0000)
  to   space 21824K,   0% used [0x00000000e6ab0000, 0x00000000e6ab0000, 0x00000000e8000000)
 concurrent mark-sweep generation total 393216K, used 0K [0x00000000e8000000, 0x0000000100000000, 0x0000000100000000)
 Metaspace       used 23899K, capacity 24323K, committed 24572K, reserved 1071104K
  class space    used 2818K, capacity 3013K, committed 3068K, reserved 1048576K
2017-03-30T14:52:18.964+0200: 3,389: [GC (Allocation Failure) 2017-03-30T14:52:18.964+0200: 3,389: [ParNew
Desired survivor size 20112992 bytes, new threshold 8 (max 8)
- age   1:    5489128 bytes,    5489128 total
- age   3:     118216 bytes,    5607344 total
- age   4:     181104 bytes,    5788448 total
- age   5:     280872 bytes,    6069320 total
- age   6:     797736 bytes,    6867056 total
- age   7:    6651168 bytes,   13518224 total
: 100727K->15637K(109248K), 0,0247190 secs] 100727K->15637K(502464K), 0,0248120 secs] [Times: user=0,09 sys=0,00, real=0,03 secs] 
Heap after GC invocations=7 (full 1):
 par new generation   total 109248K, used 15637K [0x00000000e0000000, 0x00000000e8000000, 0x00000000e8000000)
  eden space 87424K,   0% used [0x00000000e0000000, 0x00000000e0000000, 0x00000000e5560000)
  from space 21824K,  71% used [0x00000000e6ab0000, 0x00000000e79f55a0, 0x00000000e8000000)
  to   space 21824K,   0% used [0x00000000e5560000, 0x00000000e5560000, 0x00000000e6ab0000)
 concurrent mark-sweep generation total 393216K, used 0K [0x00000000e8000000, 0x0000000100000000, 0x0000000100000000)
 Metaspace       used 23899K, capacity 24323K, committed 24572K, reserved 1071104K
  class space    used 2818K, capacity 3013K, committed 3068K, reserved 1048576K
}
2017-03-30T14:52:18.989+0200: 3,414: Total time for which application threads were stopped: 0,0251195 seconds, Stopping threads took: 0,0000616 seconds
{Heap before GC invocations=7 (full 1):
 par new generation   total 109248K, used 103061K [0x00000000e0000000, 0x00000000e8000000, 0x00000000e8000000)
  eden space 87424K, 100% used [0x00000000e0000000, 0x00000000e5560000, 0x00000000e5560000)
  from space 21824K,  71% used [0x00000000e6ab0000, 0x00000000e79f55a0, 0x00000000e8000000)
  to   space 21824K,   0% used [0x00000000e5560000, 0x00000000e5560000, 0x00000000e6ab0000)
 concurrent mark-sweep generation total 393216K, used 0K [0x00000000e8000000, 0x0000000100000000, 0x0000000100000000)
 Metaspace       used 24643K, capacity 25097K, committed 25468K, reserved 1071104K
  class space    used 2887K, capacity 3078K, committed 3196K, reserved 1048576K
2017-03-30T14:52:19.115+0200: 3,540: [GC (Allocation Failure) 2017-03-30T14:52:19.115+0200: 3,540: [ParNew
Desired survivor size 20112992 bytes, new threshold 8 (max 8)
- age   1:    2018376 bytes,    2018376 total
- age   2:    1845616 bytes,    3863992 total
- age   4:      66120 bytes,    3930112 total
- age   5:      97112 bytes,    4027224 total
- age   6:     188208 bytes,    4215432 total
- age   7:     746600 bytes,    4962032 total
- age   8:    6117664 bytes,   11079696 total
: 103061K->14004K(109248K), 0,0142560 secs] 103061K->14004K(502464K), 0,0143427 secs] [Times: user=0,04 sys=0,00, real=0,02 secs] 
Heap after GC invocations=8 (full 1):
 par new generation   total 109248K, used 14004K [0x00000000e0000000, 0x00000000e8000000, 0x00000000e8000000)
  eden space 87424K,   0% used [0x00000000e0000000, 0x00000000e0000000, 0x00000000e5560000)
  from space 21824K,  64% used [0x00000000e5560000, 0x00000000e630d388, 0x00000000e6ab0000)
  to   space 21824K,   0% used [0x00000000e6ab0000, 0x00000000e6ab0000, 0x00000000e8000000)
 concurrent mark-sweep generation total 393216K, used 0K [0x00000000e8000000, 0x0000000100000000, 0x0000000100000000)
 Metaspace       used 24643K, capacity 25097K, committed 25468K, reserved 1071104K
  class space    used 2887K, capacity 3078K, committed 3196K, reserved 1048576K
}
2017-03-30T14:52:19.129+0200: 3,554: Total time for which application threads were stopped: 0,0220766 seconds, Stopping threads took: 0,0075298 seconds
{Heap before GC invocations=8 (full 1):
 par new generation   total 109248K, used 101428K [0x00000000e0000000, 0x00000000e8000000, 0x00000000e8000000)
  eden space 87424K, 100% used [0x00000000e0000000, 0x00000000e5560000, 0x00000000e5560000)
  from space 21824K,  64% used [0x00000000e5560000, 0x00000000e630d388, 0x00000000e6ab0000)
  to   space 21824K,   0% used [0x00000000e6ab0000, 0x00000000e6ab0000, 0x00000000e8000000)
 concurrent mark-sweep generation total 393216K, used 0K [0x00000000e8000000, 0x0000000100000000, 0x0000000100000000)
 Metaspace       used 24954K, capacity 25379K, committed 25724K, reserved 1071104K
  class space    used 2910K, capacity 3083K, committed 3196K, reserved 1048576K
2017-03-30T14:52:19.227+0200: 3,652: [GC (Allocation Failure) 2017-03-30T14:52:19.227+0200: 3,652: [ParNew
Desired survivor size 20112992 bytes, new threshold 8 (max 8)
- age   1:     697856 bytes,     697856 total
- age   2:     680368 bytes,    1378224 total
- age   3:    1844840 bytes,    3223064 total
- age   5:      66120 bytes,    3289184 total
- age   6:      94528 bytes,    3383712 total
- age   7:     187712 bytes,    3571424 total
- age   8:     745832 bytes,    4317256 total
: 101428K->6858K(109248K), 0,0541166 secs] 101428K->12915K(502464K), 0,0541992 secs] [Times: user=0,11 sys=0,00, real=0,05 secs] 
Heap after GC invocations=9 (full 1):
 par new generation   total 109248K, used 6858K [0x00000000e0000000, 0x00000000e8000000, 0x00000000e8000000)
  eden space 87424K,   0% used [0x00000000e0000000, 0x00000000e0000000, 0x00000000e5560000)
  from space 21824K,  31% used [0x00000000e6ab0000, 0x00000000e71629e0, 0x00000000e8000000)
  to   space 21824K,   0% used [0x00000000e5560000, 0x00000000e5560000, 0x00000000e6ab0000)
 concurrent mark-sweep generation total 393216K, used 6056K [0x00000000e8000000, 0x0000000100000000, 0x0000000100000000)
 Metaspace       used 24954K, capacity 25379K, committed 25724K, reserved 1071104K
  class space    used 2910K, capacity 3083K, committed 3196K, reserved 1048576K
}
2017-03-30T14:52:19.281+0200: 3,706: Total time for which application threads were stopped: 0,0567188 seconds, Stopping threads took: 0,0023032 seconds
2017-03-30T14:52:19.446+0200: 3,871: Total time for which application threads were stopped: 0,0005856 seconds, Stopping threads took: 0,0002056 seconds
2017-03-30T14:52:19.532+0200: 3,957: Total time for which application threads were stopped: 0,0004781 seconds, Stopping threads took: 0,0000424 seconds
2017-03-30T14:52:19.547+0200: 3,971: Total time for which application threads were stopped: 0,0004564 seconds, Stopping threads took: 0,0000194 seconds
2017-03-30T14:52:19.604+0200: 4,029: Total time for which application threads were stopped: 0,0004695 seconds, Stopping threads took: 0,0000345 seconds
2017-03-30T14:52:19.632+0200: 4,057: Total time for which application threads were stopped: 0,0006672 seconds, Stopping threads took: 0,0000663 seconds
2017-03-30T14:52:19.639+0200: 4,064: Total time for which application threads were stopped: 0,0019743 seconds, Stopping threads took: 0,0019050 seconds
2017-03-30T14:52:19.643+0200: 4,068: Total time for which application threads were stopped: 0,0001578 seconds, Stopping threads took: 0,0000502 seconds
2017-03-30T14:52:19.643+0200: 4,068: Total time for which application threads were stopped: 0,0001147 seconds, Stopping threads took: 0,0000493 seconds
2017-03-30T14:52:19.643+0200: 4,068: Total time for which application threads were stopped: 0,0000801 seconds, Stopping threads took: 0,0000195 seconds
2017-03-30T14:52:19.644+0200: 4,068: Total time for which application threads were stopped: 0,0000904 seconds, Stopping threads took: 0,0000328 seconds
2017-03-30T14:52:19.644+0200: 4,069: Total time for which application threads were stopped: 0,0001039 seconds, Stopping threads took: 0,0000210 seconds
2017-03-30T14:52:19.644+0200: 4,069: Total time for which application threads were stopped: 0,0000732 seconds, Stopping threads took: 0,0000178 seconds
2017-03-30T14:52:19.644+0200: 4,069: Total time for which application threads were stopped: 0,0000689 seconds, Stopping threads took: 0,0000185 seconds
2017-03-30T14:52:19.644+0200: 4,069: Total time for which application threads were stopped: 0,0000831 seconds, Stopping threads took: 0,0000351 seconds
2017-03-30T14:52:19.644+0200: 4,069: Total time for which application threads were stopped: 0,0000630 seconds, Stopping threads took: 0,0000176 seconds
2017-03-30T14:52:19.644+0200: 4,069: Total time for which application threads were stopped: 0,0000601 seconds, Stopping threads took: 0,0000190 seconds
2017-03-30T14:52:19.645+0200: 4,069: Total time for which application threads were stopped: 0,0000555 seconds, Stopping threads took: 0,0000156 seconds
2017-03-30T14:52:19.645+0200: 4,069: Total time for which application threads were stopped: 0,0000626 seconds, Stopping threads took: 0,0000205 seconds
2017-03-30T14:52:19.645+0200: 4,070: Total time for which application threads were stopped: 0,0000657 seconds, Stopping threads took: 0,0000195 seconds
2017-03-30T14:52:19.645+0200: 4,070: Total time for which application threads were stopped: 0,0001403 seconds, Stopping threads took: 0,0000889 seconds
2017-03-30T14:52:19.645+0200: 4,070: Total time for which application threads were stopped: 0,0001095 seconds, Stopping threads took: 0,0000749 seconds
2017-03-30T14:52:19.645+0200: 4,070: Total time for which application threads were stopped: 0,0000764 seconds, Stopping threads took: 0,0000434 seconds
2017-03-30T14:52:19.646+0200: 4,070: Total time for which application threads were stopped: 0,0001517 seconds, Stopping threads took: 0,0001180 seconds
2017-03-30T14:52:19.646+0200: 4,071: Total time for which application threads were stopped: 0,0000556 seconds, Stopping threads took: 0,0000231 seconds
2017-03-30T14:52:19.646+0200: 4,071: Total time for which application threads were stopped: 0,0001835 seconds, Stopping threads took: 0,0000463 seconds
2017-03-30T14:52:19.647+0200: 4,072: Total time for which application threads were stopped: 0,0001930 seconds, Stopping threads took: 0,0000237 seconds
2017-03-30T14:52:19.648+0200: 4,072: Total time for which application threads were stopped: 0,0001139 seconds, Stopping threads took: 0,0000328 seconds
2017-03-30T14:52:19.648+0200: 4,073: Total time for which application threads were stopped: 0,0001162 seconds, Stopping threads took: 0,0000351 seconds
2017-03-30T14:52:19.649+0200: 4,074: Total time for which application threads were stopped: 0,0001151 seconds, Stopping threads took: 0,0000351 seconds
2017-03-30T14:52:19.650+0200: 4,075: Total time for which application threads were stopped: 0,0001004 seconds, Stopping threads took: 0,0000336 seconds
2017-03-30T14:52:19.651+0200: 4,076: Total time for which application threads were stopped: 0,0001111 seconds, Stopping threads took: 0,0000277 seconds
2017-03-30T14:52:19.655+0200: 4,079: Total time for which application threads were stopped: 0,0033725 seconds, Stopping threads took: 0,0033057 seconds
2017-03-30T14:52:19.655+0200: 4,080: Total time for which application threads were stopped: 0,0000912 seconds, Stopping threads took: 0,0000302 seconds
2017-03-30T14:52:19.659+0200: 4,084: Total time for which application threads were stopped: 0,0002529 seconds, Stopping threads took: 0,0001796 seconds
2017-03-30T14:52:19.660+0200: 4,085: Total time for which application threads were stopped: 0,0001112 seconds, Stopping threads took: 0,0000458 seconds
2017-03-30T14:52:19.661+0200: 4,085: Total time for which application threads were stopped: 0,0000862 seconds, Stopping threads took: 0,0000292 seconds
2017-03-30T14:52:19.661+0200: 4,086: Total time for which application threads were stopped: 0,0000732 seconds, Stopping threads took: 0,0000245 seconds
2017-03-30T14:52:19.662+0200: 4,086: Total time for which application threads were stopped: 0,0000741 seconds, Stopping threads took: 0,0000239 seconds
2017-03-30T14:52:19.662+0200: 4,087: Total time for which application threads were stopped: 0,0000963 seconds, Stopping threads took: 0,0000390 seconds
2017-03-30T14:52:19.663+0200: 4,088: Total time for which application threads were stopped: 0,0001024 seconds, Stopping threads took: 0,0000299 seconds
2017-03-30T14:52:19.667+0200: 4,091: Total time for which application threads were stopped: 0,0027946 seconds, Stopping threads took: 0,0027235 seconds
2017-03-30T14:52:19.668+0200: 4,093: Total time for which application threads were stopped: 0,0001083 seconds, Stopping threads took: 0,0000328 seconds
2017-03-30T14:52:19.668+0200: 4,093: Total time for which application threads were stopped: 0,0000767 seconds, Stopping threads took: 0,0000237 seconds
2017-03-30T14:52:19.669+0200: 4,094: Total time for which application threads were stopped: 0,0000765 seconds, Stopping threads took: 0,0000176 seconds
2017-03-30T14:52:19.669+0200: 4,094: Total time for which application threads were stopped: 0,0001746 seconds, Stopping threads took: 0,0000375 seconds
2017-03-30T14:52:19.670+0200: 4,095: Total time for which application threads were stopped: 0,0000601 seconds, Stopping threads took: 0,0000158 seconds
2017-03-30T14:52:19.676+0200: 4,101: Total time for which application threads were stopped: 0,0001451 seconds, Stopping threads took: 0,0000319 seconds
2017-03-30T14:52:19.696+0200: 4,120: Total time for which application threads were stopped: 0,0001535 seconds, Stopping threads took: 0,0000738 seconds
2017-03-30T14:52:19.730+0200: 4,155: Total time for which application threads were stopped: 0,0001388 seconds, Stopping threads took: 0,0000368 seconds
2017-03-30T14:52:19.731+0200: 4,156: Total time for which application threads were stopped: 0,0004417 seconds, Stopping threads took: 0,0000340 seconds
2017-03-30T14:52:19.732+0200: 4,156: Total time for which application threads were stopped: 0,0000860 seconds, Stopping threads took: 0,0000268 seconds
2017-03-30T14:52:19.754+0200: 4,179: Total time for which application threads were stopped: 0,0000829 seconds, Stopping threads took: 0,0000188 seconds
2017-03-30T14:52:21.758+0200: 6,182: Total time for which application threads were stopped: 0,0000700 seconds, Stopping threads took: 0,0000225 seconds
2017-03-30T14:52:37.760+0200: 22,184: Total time for which application threads were stopped: 0,0000989 seconds, Stopping threads took: 0,0000241 seconds
2017-03-30T14:52:47.761+0200: 32,186: Total time for which application threads were stopped: 0,0000627 seconds, Stopping threads took: 0,0000159 seconds
2017-03-30T14:53:42.768+0200: 87,192: Total time for which application threads were stopped: 0,0000651 seconds, Stopping threads took: 0,0000183 seconds
2017-03-30T14:54:17.771+0200: 122,196: Total time for which application threads were stopped: 0,0000920 seconds, Stopping threads took: 0,0000334 seconds
{Heap before GC invocations=9 (full 1):
 par new generation   total 109248K, used 94282K [0x00000000e0000000, 0x00000000e8000000, 0x00000000e8000000)
  eden space 87424K, 100% used [0x00000000e0000000, 0x00000000e5560000, 0x00000000e5560000)
  from space 21824K,  31% used [0x00000000e6ab0000, 0x00000000e71629e0, 0x00000000e8000000)
  to   space 21824K,   0% used [0x00000000e5560000, 0x00000000e5560000, 0x00000000e6ab0000)
 concurrent mark-sweep generation total 393216K, used 6056K [0x00000000e8000000, 0x0000000100000000, 0x0000000100000000)
 Metaspace       used 28005K, capacity 28489K, committed 28796K, reserved 1075200K
  class space    used 3215K, capacity 3390K, committed 3452K, reserved 1048576K
2017-03-30T14:55:11.520+0200: 175,944: [GC (Allocation Failure) 2017-03-30T14:55:11.520+0200: 175,944: [ParNew
Desired survivor size 20112992 bytes, new threshold 8 (max 8)
- age   1:   10974896 bytes,   10974896 total
- age   2:     250344 bytes,   11225240 total
- age   3:     286216 bytes,   11511456 total
- age   4:    1840088 bytes,   13351544 total
- age   6:      66120 bytes,   13417664 total
- age   7:      94400 bytes,   13512064 total
- age   8:     187616 bytes,   13699680 total
: 94282K->15146K(109248K), 0,0127296 secs] 100339K->22017K(502464K), 0,0127942 secs] [Times: user=0,05 sys=0,00, real=0,01 secs] 
Heap after GC invocations=10 (full 1):
 par new generation   total 109248K, used 15146K [0x00000000e0000000, 0x00000000e8000000, 0x00000000e8000000)
  eden space 87424K,   0% used [0x00000000e0000000, 0x00000000e0000000, 0x00000000e5560000)
  from space 21824K,  69% used [0x00000000e5560000, 0x00000000e642ab70, 0x00000000e6ab0000)
  to   space 21824K,   0% used [0x00000000e6ab0000, 0x00000000e6ab0000, 0x00000000e8000000)
 concurrent mark-sweep generation total 393216K, used 6870K [0x00000000e8000000, 0x0000000100000000, 0x0000000100000000)
 Metaspace       used 28005K, capacity 28489K, committed 28796K, reserved 1075200K
  class space    used 3215K, capacity 3390K, committed 3452K, reserved 1048576K
}
2017-03-30T14:55:11.532+0200: 175,957: Total time for which application threads were stopped: 0,0129675 seconds, Stopping threads took: 0,0000587 seconds
2017-03-30T14:55:16.533+0200: 180,958: Total time for which application threads were stopped: 0,0000603 seconds, Stopping threads took: 0,0000135 seconds
2017-03-30T14:56:51.543+0200: 275,968: Total time for which application threads were stopped: 0,0000894 seconds, Stopping threads took: 0,0000357 seconds
2017-03-30T14:56:52.544+0200: 276,968: Total time for which application threads were stopped: 0,0000922 seconds, Stopping threads took: 0,0000233 seconds
2017-03-30T15:15:46.672+0200: 1411,097: Total time for which application threads were stopped: 0,0000848 seconds, Stopping threads took: 0,0000325 seconds
2017-03-30T15:20:36.702+0200: 1701,127: Total time for which application threads were stopped: 0,0001278 seconds, Stopping threads took: 0,0000484 seconds
2017-03-30T15:30:37.761+0200: 2302,186: Total time for which application threads were stopped: 0,0000790 seconds, Stopping threads took: 0,0000285 seconds
2017-03-30T15:30:41.762+0200: 2306,186: Total time for which application threads were stopped: 0,0000833 seconds, Stopping threads took: 0,0000198 seconds
2017-03-30T15:45:32.848+0200: 3197,273: Total time for which application threads were stopped: 0,0000883 seconds, Stopping threads took: 0,0000388 seconds
2017-03-30T15:57:21.916+0200: 3906,341: Total time for which application threads were stopped: 0,0000772 seconds, Stopping threads took: 0,0000284 seconds
2017-03-30T15:57:26.917+0200: 3911,342: Total time for which application threads were stopped: 0,0000627 seconds, Stopping threads took: 0,0000155 seconds
2017-03-30T16:07:47.981+0200: 4532,406: Total time for which application threads were stopped: 0,0000864 seconds, Stopping threads took: 0,0000325 seconds
2017-03-30T16:36:38.171+0200: 6262,596: Total time for which application threads were stopped: 0,0000788 seconds, Stopping threads took: 0,0000317 seconds
2017-03-30T16:53:47.293+0200: 7291,718: Total time for which application threads were stopped: 0,0000800 seconds, Stopping threads took: 0,0000308 seconds
2017-03-30T16:54:17.297+0200: 7321,722: Total time for which application threads were stopped: 0,0001839 seconds, Stopping threads took: 0,0000675 seconds
2017-03-30T16:55:47.308+0200: 7411,733: Total time for which application threads were stopped: 0,0000932 seconds, Stopping threads took: 0,0000336 seconds
2017-03-30T17:00:17.340+0200: 7681,765: Total time for which application threads were stopped: 0,0000908 seconds, Stopping threads took: 0,0000302 seconds
2017-03-30T17:44:24.558+0200: 10328,983: Total time for which application threads were stopped: 0,0209754 seconds, Stopping threads took: 0,0208603 seconds
2017-03-30T17:44:24.559+0200: 10328,984: Total time for which application threads were stopped: 0,0001014 seconds, Stopping threads took: 0,0000322 seconds
2017-03-30T17:44:24.599+0200: 10329,024: Total time for which application threads were stopped: 0,0097482 seconds, Stopping threads took: 0,0096661 seconds
2017-03-30T17:44:24.608+0200: 10329,033: Total time for which application threads were stopped: 0,0003003 seconds, Stopping threads took: 0,0002383 seconds
2017-03-30T17:44:24.611+0200: 10329,036: Total time for which application threads were stopped: 0,0001924 seconds, Stopping threads took: 0,0000972 seconds
2017-03-30T17:44:24.616+0200: 10329,040: Total time for which application threads were stopped: 0,0001152 seconds, Stopping threads took: 0,0000170 seconds
Heap
 par new generation   total 109248K, used 35175K [0x00000000e0000000, 0x00000000e8000000, 0x00000000e8000000)
  eden space 87424K,  22% used [0x00000000e0000000, 0x00000000e138f220, 0x00000000e5560000)
  from space 21824K,  69% used [0x00000000e5560000, 0x00000000e642ab70, 0x00000000e6ab0000)
  to   space 21824K,   0% used [0x00000000e6ab0000, 0x00000000e6ab0000, 0x00000000e8000000)
 concurrent mark-sweep generation total 393216K, used 6870K [0x00000000e8000000, 0x0000000100000000, 0x0000000100000000)
 Metaspace       used 28152K, capacity 28723K, committed 29052K, reserved 1075200K
  class space    used 3230K, capacity 3425K, committed 3452K, reserved 1048576K
