OpenJDK 64-Bit Server VM (25.111-b14) for linux-amd64 JRE (1.8.0_111-8u111-b14-2ubuntu0.16.04.2-b14), built on Oct 27 2016 18:10:19 by "buildd" with gcc 5.4.0 20160609
Memory: 4k page, physical 7867840k(7559236k free), swap 8076284k(8076284k free)
CommandLine flags: -XX:CMSInitiatingOccupancyFraction=50 -XX:CMSMaxAbortablePrecleanTime=6000 -XX:+CMSParallelRemarkEnabled -XX:+CMSScavengeBeforeRemark -XX:ConcGCThreads=4 -XX:InitialHeapSize=536870912 -XX:MaxHeapSize=536870912 -XX:MaxTenuringThreshold=8 -XX:NewRatio=3 -XX:OldPLABSize=16 -XX:OnOutOfMemoryError=/opt/solr/bin/oom_solr.sh 8983 /var/solr/logs -XX:ParallelGCThreads=4 -XX:+ParallelRefProcEnabled -XX:PretenureSizeThreshold=67108864 -XX:+PrintGC -XX:+PrintGCApplicationStoppedTime -XX:+PrintGCDateStamps -XX:+PrintGCDetails -XX:+PrintGCTimeStamps -XX:+PrintHeapAtGC -XX:+PrintTenuringDistribution -XX:SurvivorRatio=4 -XX:TargetSurvivorRatio=90 -XX:ThreadStackSize=256 -XX:+UseCMSInitiatingOccupancyOnly -XX:+UseCompressedClassPointers -XX:+UseCompressedOops -XX:+UseConcMarkSweepGC -XX:+UseParNewGC 
2016-12-06T01:53:39.754+0100: 0,157: Total time for which application threads were stopped: 0,0000672 seconds, Stopping threads took: 0,0000136 seconds
2016-12-06T01:53:39.881+0100: 0,285: Total time for which application threads were stopped: 0,0000955 seconds, Stopping threads took: 0,0000138 seconds
2016-12-06T01:53:39.903+0100: 0,307: Total time for which application threads were stopped: 0,0001171 seconds, Stopping threads took: 0,0000250 seconds
2016-12-06T01:53:40.215+0100: 0,619: Total time for which application threads were stopped: 0,0001809 seconds, Stopping threads took: 0,0000185 seconds
2016-12-06T01:53:40.611+0100: 1,015: Total time for which application threads were stopped: 0,0001393 seconds, Stopping threads took: 0,0000107 seconds
2016-12-06T01:53:40.753+0100: 1,156: Total time for which application threads were stopped: 0,0001877 seconds, Stopping threads took: 0,0000264 seconds
2016-12-06T01:53:40.814+0100: 1,218: Total time for which application threads were stopped: 0,0001970 seconds, Stopping threads took: 0,0000337 seconds
2016-12-06T01:53:41.126+0100: 1,530: Total time for which application threads were stopped: 0,0001668 seconds, Stopping threads took: 0,0000267 seconds
2016-12-06T01:53:41.365+0100: 1,768: Total time for which application threads were stopped: 0,0001953 seconds, Stopping threads took: 0,0000120 seconds
2016-12-06T01:53:41.395+0100: 1,799: Total time for which application threads were stopped: 0,0001840 seconds, Stopping threads took: 0,0000194 seconds
2016-12-06T01:53:41.396+0100: 1,800: Total time for which application threads were stopped: 0,0001131 seconds, Stopping threads took: 0,0000192 seconds
2016-12-06T01:53:41.413+0100: 1,816: Total time for which application threads were stopped: 0,0001584 seconds, Stopping threads took: 0,0000120 seconds
2016-12-06T01:53:41.518+0100: 1,921: Total time for which application threads were stopped: 0,0002188 seconds, Stopping threads took: 0,0000160 seconds
2016-12-06T01:53:41.681+0100: 2,084: Total time for which application threads were stopped: 0,0007247 seconds, Stopping threads took: 0,0005220 seconds
{Heap before GC invocations=0 (full 0):
 par new generation   total 109248K, used 87424K [0x00000000e0000000, 0x00000000e8000000, 0x00000000e8000000)
  eden space 87424K, 100% used [0x00000000e0000000, 0x00000000e5560000, 0x00000000e5560000)
  from space 21824K,   0% used [0x00000000e5560000, 0x00000000e5560000, 0x00000000e6ab0000)
  to   space 21824K,   0% used [0x00000000e6ab0000, 0x00000000e6ab0000, 0x00000000e8000000)
 concurrent mark-sweep generation total 393216K, used 0K [0x00000000e8000000, 0x0000000100000000, 0x0000000100000000)
 Metaspace       used 18116K, capacity 18430K, committed 18560K, reserved 1064960K
  class space    used 2054K, capacity 2162K, committed 2176K, reserved 1048576K
2016-12-06T01:53:41.822+0100: 2,226: [GC (Allocation Failure) 2016-12-06T01:53:41.822+0100: 2,226: [ParNew
Desired survivor size 20112992 bytes, new threshold 8 (max 8)
- age   1:   12331400 bytes,   12331400 total
: 87424K->12147K(109248K), 0,0163271 secs] 87424K->12147K(502464K), 0,0164159 secs] [Times: user=0,04 sys=0,02, real=0,01 secs] 
Heap after GC invocations=1 (full 0):
 par new generation   total 109248K, used 12147K [0x00000000e0000000, 0x00000000e8000000, 0x00000000e8000000)
  eden space 87424K,   0% used [0x00000000e0000000, 0x00000000e0000000, 0x00000000e5560000)
  from space 21824K,  55% used [0x00000000e6ab0000, 0x00000000e768cfd8, 0x00000000e8000000)
  to   space 21824K,   0% used [0x00000000e5560000, 0x00000000e5560000, 0x00000000e6ab0000)
 concurrent mark-sweep generation total 393216K, used 0K [0x00000000e8000000, 0x0000000100000000, 0x0000000100000000)
 Metaspace       used 18116K, capacity 18430K, committed 18560K, reserved 1064960K
  class space    used 2054K, capacity 2162K, committed 2176K, reserved 1048576K
}
2016-12-06T01:53:41.839+0100: 2,242: Total time for which application threads were stopped: 0,0165901 seconds, Stopping threads took: 0,0000139 seconds
2016-12-06T01:53:42.007+0100: 2,411: Total time for which application threads were stopped: 0,0002574 seconds, Stopping threads took: 0,0000235 seconds
2016-12-06T01:53:42.037+0100: 2,441: Total time for which application threads were stopped: 0,0002942 seconds, Stopping threads took: 0,0000225 seconds
2016-12-06T01:53:42.066+0100: 2,469: Total time for which application threads were stopped: 0,0003688 seconds, Stopping threads took: 0,0000371 seconds
{Heap before GC invocations=1 (full 0):
 par new generation   total 109248K, used 99571K [0x00000000e0000000, 0x00000000e8000000, 0x00000000e8000000)
  eden space 87424K, 100% used [0x00000000e0000000, 0x00000000e5560000, 0x00000000e5560000)
  from space 21824K,  55% used [0x00000000e6ab0000, 0x00000000e768cfd8, 0x00000000e8000000)
  to   space 21824K,   0% used [0x00000000e5560000, 0x00000000e5560000, 0x00000000e6ab0000)
 concurrent mark-sweep generation total 393216K, used 0K [0x00000000e8000000, 0x0000000100000000, 0x0000000100000000)
 Metaspace       used 20728K, capacity 21020K, committed 21248K, reserved 1069056K
  class space    used 2404K, capacity 2518K, committed 2560K, reserved 1048576K
2016-12-06T01:53:42.234+0100: 2,637: [GC (Allocation Failure) 2016-12-06T01:53:42.234+0100: 2,637: [ParNew
Desired survivor size 20112992 bytes, new threshold 8 (max 8)
- age   1:    2916120 bytes,    2916120 total
- age   2:    6104256 bytes,    9020376 total
: 99571K->11243K(109248K), 0,0143225 secs] 99571K->11243K(502464K), 0,0143975 secs] [Times: user=0,04 sys=0,01, real=0,01 secs] 
Heap after GC invocations=2 (full 0):
 par new generation   total 109248K, used 11243K [0x00000000e0000000, 0x00000000e8000000, 0x00000000e8000000)
  eden space 87424K,   0% used [0x00000000e0000000, 0x00000000e0000000, 0x00000000e5560000)
  from space 21824K,  51% used [0x00000000e5560000, 0x00000000e605ae80, 0x00000000e6ab0000)
  to   space 21824K,   0% used [0x00000000e6ab0000, 0x00000000e6ab0000, 0x00000000e8000000)
 concurrent mark-sweep generation total 393216K, used 0K [0x00000000e8000000, 0x0000000100000000, 0x0000000100000000)
 Metaspace       used 20728K, capacity 21020K, committed 21248K, reserved 1069056K
  class space    used 2404K, capacity 2518K, committed 2560K, reserved 1048576K
}
2016-12-06T01:53:42.248+0100: 2,651: Total time for which application threads were stopped: 0,0146354 seconds, Stopping threads took: 0,0000381 seconds
2016-12-06T01:53:42.301+0100: 2,704: Total time for which application threads were stopped: 0,0000720 seconds, Stopping threads took: 0,0000137 seconds
2016-12-06T01:53:42.332+0100: 2,735: Total time for which application threads were stopped: 0,0000747 seconds, Stopping threads took: 0,0000133 seconds
2016-12-06T01:53:42.332+0100: 2,736: Total time for which application threads were stopped: 0,0002604 seconds, Stopping threads took: 0,0000170 seconds
2016-12-06T01:53:42.358+0100: 2,761: Total time for which application threads were stopped: 0,0000736 seconds, Stopping threads took: 0,0000128 seconds
2016-12-06T01:53:42.435+0100: 2,838: Total time for which application threads were stopped: 0,0000958 seconds, Stopping threads took: 0,0000137 seconds
2016-12-06T01:53:42.452+0100: 2,856: Total time for which application threads were stopped: 0,0000833 seconds, Stopping threads took: 0,0000230 seconds
2016-12-06T01:53:42.460+0100: 2,863: Total time for which application threads were stopped: 0,0003058 seconds, Stopping threads took: 0,0000311 seconds
2016-12-06T01:53:42.468+0100: 2,872: Total time for which application threads were stopped: 0,0003236 seconds, Stopping threads took: 0,0000218 seconds
2016-12-06T01:53:42.478+0100: 2,882: Total time for which application threads were stopped: 0,0001002 seconds, Stopping threads took: 0,0000229 seconds
2016-12-06T01:53:42.508+0100: 2,912: Total time for which application threads were stopped: 0,0001093 seconds, Stopping threads took: 0,0000242 seconds
2016-12-06T01:53:42.525+0100: 2,928: Total time for which application threads were stopped: 0,0000793 seconds, Stopping threads took: 0,0000162 seconds
2016-12-06T01:53:42.543+0100: 2,947: Total time for which application threads were stopped: 0,0000728 seconds, Stopping threads took: 0,0000128 seconds
2016-12-06T01:53:42.562+0100: 2,965: Total time for which application threads were stopped: 0,0000889 seconds, Stopping threads took: 0,0000238 seconds
2016-12-06T01:53:42.585+0100: 2,988: Total time for which application threads were stopped: 0,0001018 seconds, Stopping threads took: 0,0000176 seconds
2016-12-06T01:53:42.652+0100: 3,055: Total time for which application threads were stopped: 0,0001060 seconds, Stopping threads took: 0,0000301 seconds
2016-12-06T01:53:42.677+0100: 3,081: Total time for which application threads were stopped: 0,0001270 seconds, Stopping threads took: 0,0000250 seconds
{Heap before GC invocations=2 (full 0):
 par new generation   total 109248K, used 98667K [0x00000000e0000000, 0x00000000e8000000, 0x00000000e8000000)
  eden space 87424K, 100% used [0x00000000e0000000, 0x00000000e5560000, 0x00000000e5560000)
  from space 21824K,  51% used [0x00000000e5560000, 0x00000000e605ae80, 0x00000000e6ab0000)
  to   space 21824K,   0% used [0x00000000e6ab0000, 0x00000000e6ab0000, 0x00000000e8000000)
 concurrent mark-sweep generation total 393216K, used 0K [0x00000000e8000000, 0x0000000100000000, 0x0000000100000000)
 Metaspace       used 24878K, capacity 25221K, committed 25536K, reserved 1071104K
  class space    used 2898K, capacity 3025K, committed 3144K, reserved 1048576K
2016-12-06T01:53:42.701+0100: 3,105: [GC (Allocation Failure) 2016-12-06T01:53:42.701+0100: 3,105: [ParNew
Desired survivor size 20112992 bytes, new threshold 8 (max 8)
- age   1:    6720952 bytes,    6720952 total
- age   2:     548720 bytes,    7269672 total
- age   3:    6086312 bytes,   13355984 total
: 98667K->19080K(109248K), 0,0120591 secs] 98667K->19080K(502464K), 0,0121347 secs] [Times: user=0,05 sys=0,00, real=0,01 secs] 
Heap after GC invocations=3 (full 0):
 par new generation   total 109248K, used 19080K [0x00000000e0000000, 0x00000000e8000000, 0x00000000e8000000)
  eden space 87424K,   0% used [0x00000000e0000000, 0x00000000e0000000, 0x00000000e5560000)
  from space 21824K,  87% used [0x00000000e6ab0000, 0x00000000e7d52048, 0x00000000e8000000)
  to   space 21824K,   0% used [0x00000000e5560000, 0x00000000e5560000, 0x00000000e6ab0000)
 concurrent mark-sweep generation total 393216K, used 0K [0x00000000e8000000, 0x0000000100000000, 0x0000000100000000)
 Metaspace       used 24878K, capacity 25221K, committed 25536K, reserved 1071104K
  class space    used 2898K, capacity 3025K, committed 3144K, reserved 1048576K
}
2016-12-06T01:53:42.713+0100: 3,117: Total time for which application threads were stopped: 0,0122982 seconds, Stopping threads took: 0,0000269 seconds
2016-12-06T01:53:42.713+0100: 3,117: [GC (CMS Initial Mark) [1 CMS-initial-mark: 0K(393216K)] 19087K(502464K), 0,0031497 secs] [Times: user=0,01 sys=0,00, real=0,00 secs] 
2016-12-06T01:53:42.717+0100: 3,120: Total time for which application threads were stopped: 0,0033709 seconds, Stopping threads took: 0,0001415 seconds
2016-12-06T01:53:42.717+0100: 3,120: [CMS-concurrent-mark-start]
2016-12-06T01:53:42.717+0100: 3,120: [CMS-concurrent-mark: 0,000/0,000 secs] [Times: user=0,00 sys=0,00, real=0,00 secs] 
2016-12-06T01:53:42.717+0100: 3,120: [CMS-concurrent-preclean-start]
2016-12-06T01:53:42.718+0100: 3,121: [CMS-concurrent-preclean: 0,001/0,001 secs] [Times: user=0,00 sys=0,00, real=0,00 secs] 
2016-12-06T01:53:42.718+0100: 3,121: [GC (CMS Final Remark) [YG occupancy: 19087 K (109248 K)]{Heap before GC invocations=3 (full 1):
 par new generation   total 109248K, used 19087K [0x00000000e0000000, 0x00000000e8000000, 0x00000000e8000000)
  eden space 87424K,   0% used [0x00000000e0000000, 0x00000000e0001c10, 0x00000000e5560000)
  from space 21824K,  87% used [0x00000000e6ab0000, 0x00000000e7d52048, 0x00000000e8000000)
  to   space 21824K,   0% used [0x00000000e5560000, 0x00000000e5560000, 0x00000000e6ab0000)
 concurrent mark-sweep generation total 393216K, used 0K [0x00000000e8000000, 0x0000000100000000, 0x0000000100000000)
 Metaspace       used 24879K, capacity 25221K, committed 25536K, reserved 1071104K
  class space    used 2898K, capacity 3025K, committed 3144K, reserved 1048576K
2016-12-06T01:53:42.718+0100: 3,121: [GC (CMS Final Remark) 2016-12-06T01:53:42.718+0100: 3,121: [ParNew
Desired survivor size 20112992 bytes, new threshold 8 (max 8)
- age   1:       7184 bytes,       7184 total
- age   2:    6714376 bytes,    6721560 total
- age   3:     548576 bytes,    7270136 total
- age   4:    6085184 bytes,   13355320 total
: 19087K->17525K(109248K), 0,0107160 secs] 19087K->17525K(502464K), 0,0107528 secs] [Times: user=0,04 sys=0,00, real=0,01 secs] 
Heap after GC invocations=4 (full 1):
 par new generation   total 109248K, used 17525K [0x00000000e0000000, 0x00000000e8000000, 0x00000000e8000000)
  eden space 87424K,   0% used [0x00000000e0000000, 0x00000000e0000000, 0x00000000e5560000)
  from space 21824K,  80% used [0x00000000e5560000, 0x00000000e667d4f0, 0x00000000e6ab0000)
  to   space 21824K,   0% used [0x00000000e6ab0000, 0x00000000e6ab0000, 0x00000000e8000000)
 concurrent mark-sweep generation total 393216K, used 0K [0x00000000e8000000, 0x0000000100000000, 0x0000000100000000)
 Metaspace       used 24879K, capacity 25221K, committed 25536K, reserved 1071104K
  class space    used 2898K, capacity 3025K, committed 3144K, reserved 1048576K
}
2016-12-06T01:53:42.729+0100: 3,132: [Rescan (parallel) , 0,0034542 secs]2016-12-06T01:53:42.732+0100: 3,136: [weak refs processing, 0,0005190 secs]2016-12-06T01:53:42.733+0100: 3,136: [class unloading, 0,0036800 secs]2016-12-06T01:53:42.736+0100: 3,140: [scrub symbol table, 0,0041838 secs]2016-12-06T01:53:42.740+0100: 3,144: [scrub string table, 0,0004488 secs][1 CMS-remark: 0K(393216K)] 17525K(502464K), 0,0237525 secs] [Times: user=0,07 sys=0,00, real=0,03 secs] 
2016-12-06T01:53:42.742+0100: 3,145: Total time for which application threads were stopped: 0,0238534 seconds, Stopping threads took: 0,0000360 seconds
2016-12-06T01:53:42.742+0100: 3,145: [CMS-concurrent-sweep-start]
2016-12-06T01:53:42.742+0100: 3,145: [CMS-concurrent-sweep: 0,000/0,000 secs] [Times: user=0,00 sys=0,00, real=0,00 secs] 
2016-12-06T01:53:42.742+0100: 3,145: [CMS-concurrent-reset-start]
2016-12-06T01:53:42.744+0100: 3,147: [CMS-concurrent-reset: 0,002/0,002 secs] [Times: user=0,01 sys=0,00, real=0,00 secs] 
2016-12-06T01:53:42.788+0100: 3,191: Total time for which application threads were stopped: 0,0004261 seconds, Stopping threads took: 0,0000456 seconds
2016-12-06T01:53:43.646+0100: 4,050: Total time for which application threads were stopped: 0,0003111 seconds, Stopping threads took: 0,0000157 seconds
2016-12-06T01:54:11.650+0100: 32,053: Total time for which application threads were stopped: 0,0000734 seconds, Stopping threads took: 0,0000313 seconds
2016-12-06T01:56:21.665+0100: 162,069: Total time for which application threads were stopped: 0,0000994 seconds, Stopping threads took: 0,0000429 seconds
2016-12-06T01:56:26.666+0100: 167,070: Total time for which application threads were stopped: 0,0001250 seconds, Stopping threads took: 0,0000482 seconds
2016-12-06T01:56:45.668+0100: 186,072: Total time for which application threads were stopped: 0,0000980 seconds, Stopping threads took: 0,0000417 seconds
2016-12-06T01:57:36.675+0100: 237,079: Total time for which application threads were stopped: 0,0000956 seconds, Stopping threads took: 0,0000449 seconds
2016-12-06T01:58:05.678+0100: 266,082: Total time for which application threads were stopped: 0,0000854 seconds, Stopping threads took: 0,0000352 seconds
2016-12-06T01:58:21.680+0100: 282,084: Total time for which application threads were stopped: 0,0003879 seconds, Stopping threads took: 0,0001701 seconds
2016-12-06T01:58:26.681+0100: 287,084: Total time for which application threads were stopped: 0,0000942 seconds, Stopping threads took: 0,0000256 seconds
2016-12-06T01:58:30.682+0100: 291,085: Total time for which application threads were stopped: 0,0001886 seconds, Stopping threads took: 0,0000797 seconds
2016-12-06T01:58:35.682+0100: 296,086: Total time for which application threads were stopped: 0,0000659 seconds, Stopping threads took: 0,0000160 seconds
2016-12-06T01:58:50.684+0100: 311,088: Total time for which application threads were stopped: 0,0000820 seconds, Stopping threads took: 0,0000356 seconds
2016-12-06T01:59:41.461+0100: 361,865: Total time for which application threads were stopped: 0,0001453 seconds, Stopping threads took: 0,0000289 seconds
Heap
 par new generation   total 109248K, used 61095K [0x00000000e0000000, 0x00000000e8000000, 0x00000000e8000000)
  eden space 87424K,  49% used [0x00000000e0000000, 0x00000000e2a8c970, 0x00000000e5560000)
  from space 21824K,  80% used [0x00000000e5560000, 0x00000000e667d4f0, 0x00000000e6ab0000)
  to   space 21824K,   0% used [0x00000000e6ab0000, 0x00000000e6ab0000, 0x00000000e8000000)
 concurrent mark-sweep generation total 393216K, used 0K [0x00000000e8000000, 0x0000000100000000, 0x0000000100000000)
 Metaspace       used 27174K, capacity 27595K, committed 27976K, reserved 1073152K
  class space    used 3161K, capacity 3320K, committed 3400K, reserved 1048576K
