OpenJDK 64-Bit Server VM (25.121-b13) for linux-amd64 JRE (1.8.0_121-8u121-b13-0ubuntu1.16.04.2-b13), built on Jan 23 2017 15:51:29 by "buildd" with gcc 5.4.0 20160609
Memory: 4k page, physical 7867760k(7433064k free), swap 8076284k(8076284k free)
CommandLine flags: -XX:CMSInitiatingOccupancyFraction=50 -XX:CMSMaxAbortablePrecleanTime=6000 -XX:+CMSParallelRemarkEnabled -XX:+CMSScavengeBeforeRemark -XX:ConcGCThreads=4 -XX:InitialHeapSize=536870912 -XX:MaxHeapSize=536870912 -XX:MaxTenuringThreshold=8 -XX:NewRatio=3 -XX:OldPLABSize=16 -XX:OnOutOfMemoryError=/opt/solr/bin/oom_solr.sh 8983 /var/solr/logs -XX:ParallelGCThreads=4 -XX:+ParallelRefProcEnabled -XX:PretenureSizeThreshold=67108864 -XX:+PrintGC -XX:+PrintGCApplicationStoppedTime -XX:+PrintGCDateStamps -XX:+PrintGCDetails -XX:+PrintGCTimeStamps -XX:+PrintHeapAtGC -XX:+PrintTenuringDistribution -XX:SurvivorRatio=4 -XX:TargetSurvivorRatio=90 -XX:ThreadStackSize=256 -XX:+UseCMSInitiatingOccupancyOnly -XX:+UseCompressedClassPointers -XX:+UseCompressedOops -XX:+UseConcMarkSweepGC -XX:+UseParNewGC 
2017-03-11T13:35:48.904+0100: 0,161: Total time for which application threads were stopped: 0,0000712 seconds, Stopping threads took: 0,0000102 seconds
2017-03-11T13:35:49.016+0100: 0,272: Total time for which application threads were stopped: 0,0001266 seconds, Stopping threads took: 0,0000297 seconds
2017-03-11T13:35:49.064+0100: 0,321: Total time for which application threads were stopped: 0,0000787 seconds, Stopping threads took: 0,0000101 seconds
2017-03-11T13:35:49.747+0100: 1,004: Total time for which application threads were stopped: 0,0001428 seconds, Stopping threads took: 0,0000214 seconds
2017-03-11T13:35:50.033+0100: 1,290: Total time for which application threads were stopped: 0,0001875 seconds, Stopping threads took: 0,0000229 seconds
2017-03-11T13:35:50.131+0100: 1,387: Total time for which application threads were stopped: 0,0001588 seconds, Stopping threads took: 0,0000228 seconds
2017-03-11T13:35:50.158+0100: 1,415: Total time for which application threads were stopped: 0,0003665 seconds, Stopping threads took: 0,0000277 seconds
2017-03-11T13:35:50.421+0100: 1,678: Total time for which application threads were stopped: 0,0002093 seconds, Stopping threads took: 0,0000131 seconds
2017-03-11T13:35:50.653+0100: 1,910: Total time for which application threads were stopped: 0,0002135 seconds, Stopping threads took: 0,0000156 seconds
2017-03-11T13:35:50.681+0100: 1,938: Total time for which application threads were stopped: 0,0001795 seconds, Stopping threads took: 0,0000277 seconds
2017-03-11T13:35:50.717+0100: 1,974: Total time for which application threads were stopped: 0,0002568 seconds, Stopping threads took: 0,0000728 seconds
2017-03-11T13:35:50.718+0100: 1,975: Total time for which application threads were stopped: 0,0001598 seconds, Stopping threads took: 0,0000139 seconds
2017-03-11T13:35:50.738+0100: 1,995: Total time for which application threads were stopped: 0,0002067 seconds, Stopping threads took: 0,0000236 seconds
2017-03-11T13:35:50.825+0100: 2,081: Total time for which application threads were stopped: 0,0002515 seconds, Stopping threads took: 0,0000207 seconds
2017-03-11T13:35:50.988+0100: 2,244: Total time for which application threads were stopped: 0,0003864 seconds, Stopping threads took: 0,0001650 seconds
{Heap before GC invocations=0 (full 0):
 par new generation   total 109248K, used 87424K [0x00000000e0000000, 0x00000000e8000000, 0x00000000e8000000)
  eden space 87424K, 100% used [0x00000000e0000000, 0x00000000e5560000, 0x00000000e5560000)
  from space 21824K,   0% used [0x00000000e5560000, 0x00000000e5560000, 0x00000000e6ab0000)
  to   space 21824K,   0% used [0x00000000e6ab0000, 0x00000000e6ab0000, 0x00000000e8000000)
 concurrent mark-sweep generation total 393216K, used 0K [0x00000000e8000000, 0x0000000100000000, 0x0000000100000000)
 Metaspace       used 17992K, capacity 18336K, committed 18688K, reserved 1064960K
  class space    used 2036K, capacity 2196K, committed 2304K, reserved 1048576K
2017-03-11T13:35:51.064+0100: 2,321: [GC (Allocation Failure) 2017-03-11T13:35:51.064+0100: 2,321: [ParNew
Desired survivor size 20112992 bytes, new threshold 8 (max 8)
- age   1:   12466000 bytes,   12466000 total
: 87424K->12293K(109248K), 0,0155012 secs] 87424K->12293K(502464K), 0,0155815 secs] [Times: user=0,02 sys=0,04, real=0,01 secs] 
Heap after GC invocations=1 (full 0):
 par new generation   total 109248K, used 12293K [0x00000000e0000000, 0x00000000e8000000, 0x00000000e8000000)
  eden space 87424K,   0% used [0x00000000e0000000, 0x00000000e0000000, 0x00000000e5560000)
  from space 21824K,  56% used [0x00000000e6ab0000, 0x00000000e76b17f8, 0x00000000e8000000)
  to   space 21824K,   0% used [0x00000000e5560000, 0x00000000e5560000, 0x00000000e6ab0000)
 concurrent mark-sweep generation total 393216K, used 0K [0x00000000e8000000, 0x0000000100000000, 0x0000000100000000)
 Metaspace       used 17992K, capacity 18336K, committed 18688K, reserved 1064960K
  class space    used 2036K, capacity 2196K, committed 2304K, reserved 1048576K
}
2017-03-11T13:35:51.080+0100: 2,337: Total time for which application threads were stopped: 0,0158067 seconds, Stopping threads took: 0,0000554 seconds
2017-03-11T13:35:51.406+0100: 2,663: Total time for which application threads were stopped: 0,0003114 seconds, Stopping threads took: 0,0000432 seconds
2017-03-11T13:35:51.441+0100: 2,698: Total time for which application threads were stopped: 0,0008086 seconds, Stopping threads took: 0,0005116 seconds
{Heap before GC invocations=1 (full 0):
 par new generation   total 109248K, used 99717K [0x00000000e0000000, 0x00000000e8000000, 0x00000000e8000000)
  eden space 87424K, 100% used [0x00000000e0000000, 0x00000000e5560000, 0x00000000e5560000)
  from space 21824K,  56% used [0x00000000e6ab0000, 0x00000000e76b17f8, 0x00000000e8000000)
  to   space 21824K,   0% used [0x00000000e5560000, 0x00000000e5560000, 0x00000000e6ab0000)
 concurrent mark-sweep generation total 393216K, used 0K [0x00000000e8000000, 0x0000000100000000, 0x0000000100000000)
 Metaspace       used 20063K, capacity 20438K, committed 20736K, reserved 1067008K
  class space    used 2299K, capacity 2473K, committed 2560K, reserved 1048576K
2017-03-11T13:35:51.445+0100: 2,702: [GC (Allocation Failure) 2017-03-11T13:35:51.445+0100: 2,702: [ParNew
Desired survivor size 20112992 bytes, new threshold 8 (max 8)
- age   1:    3815144 bytes,    3815144 total
- age   2:    6631488 bytes,   10446632 total
: 99717K->13565K(109248K), 0,0175698 secs] 99717K->13565K(502464K), 0,0176372 secs] [Times: user=0,07 sys=0,00, real=0,02 secs] 
Heap after GC invocations=2 (full 0):
 par new generation   total 109248K, used 13565K [0x00000000e0000000, 0x00000000e8000000, 0x00000000e8000000)
  eden space 87424K,   0% used [0x00000000e0000000, 0x00000000e0000000, 0x00000000e5560000)
  from space 21824K,  62% used [0x00000000e5560000, 0x00000000e629f6b0, 0x00000000e6ab0000)
  to   space 21824K,   0% used [0x00000000e6ab0000, 0x00000000e6ab0000, 0x00000000e8000000)
 concurrent mark-sweep generation total 393216K, used 0K [0x00000000e8000000, 0x0000000100000000, 0x0000000100000000)
 Metaspace       used 20063K, capacity 20438K, committed 20736K, reserved 1067008K
  class space    used 2299K, capacity 2473K, committed 2560K, reserved 1048576K
}
2017-03-11T13:35:51.463+0100: 2,720: Total time for which application threads were stopped: 0,0185022 seconds, Stopping threads took: 0,0007350 seconds
2017-03-11T13:35:51.511+0100: 2,768: Total time for which application threads were stopped: 0,0003534 seconds, Stopping threads took: 0,0000512 seconds
2017-03-11T13:35:51.654+0100: 2,911: Total time for which application threads were stopped: 0,0001970 seconds, Stopping threads took: 0,0000482 seconds
{Heap before GC invocations=2 (full 0):
 par new generation   total 109248K, used 100989K [0x00000000e0000000, 0x00000000e8000000, 0x00000000e8000000)
  eden space 87424K, 100% used [0x00000000e0000000, 0x00000000e5560000, 0x00000000e5560000)
  from space 21824K,  62% used [0x00000000e5560000, 0x00000000e629f6b0, 0x00000000e6ab0000)
  to   space 21824K,   0% used [0x00000000e6ab0000, 0x00000000e6ab0000, 0x00000000e8000000)
 concurrent mark-sweep generation total 393216K, used 0K [0x00000000e8000000, 0x0000000100000000, 0x0000000100000000)
 Metaspace       used 20977K, capacity 21302K, committed 21628K, reserved 1069056K
  class space    used 2421K, capacity 2593K, committed 2684K, reserved 1048576K
2017-03-11T13:35:51.686+0100: 2,943: [GC (Allocation Failure) 2017-03-11T13:35:51.686+0100: 2,943: [ParNew
Desired survivor size 20112992 bytes, new threshold 8 (max 8)
- age   1:    2175304 bytes,    2175304 total
- age   2:     877288 bytes,    3052592 total
- age   3:    6629456 bytes,    9682048 total
: 100989K->12968K(109248K), 0,0108130 secs] 100989K->12968K(502464K), 0,0109032 secs] [Times: user=0,04 sys=0,00, real=0,01 secs] 
Heap after GC invocations=3 (full 0):
 par new generation   total 109248K, used 12968K [0x00000000e0000000, 0x00000000e8000000, 0x00000000e8000000)
  eden space 87424K,   0% used [0x00000000e0000000, 0x00000000e0000000, 0x00000000e5560000)
  from space 21824K,  59% used [0x00000000e6ab0000, 0x00000000e775a0a0, 0x00000000e8000000)
  to   space 21824K,   0% used [0x00000000e5560000, 0x00000000e5560000, 0x00000000e6ab0000)
 concurrent mark-sweep generation total 393216K, used 0K [0x00000000e8000000, 0x0000000100000000, 0x0000000100000000)
 Metaspace       used 20977K, capacity 21302K, committed 21628K, reserved 1069056K
  class space    used 2421K, capacity 2593K, committed 2684K, reserved 1048576K
}
2017-03-11T13:35:51.697+0100: 2,954: Total time for which application threads were stopped: 0,0111130 seconds, Stopping threads took: 0,0000500 seconds
2017-03-11T13:35:51.697+0100: 2,954: [GC (CMS Initial Mark) [1 CMS-initial-mark: 0K(393216K)] 13716K(502464K), 0,0082849 secs] [Times: user=0,02 sys=0,00, real=0,01 secs] 
2017-03-11T13:35:51.705+0100: 2,962: Total time for which application threads were stopped: 0,0084380 seconds, Stopping threads took: 0,0000364 seconds
2017-03-11T13:35:51.705+0100: 2,962: [CMS-concurrent-mark-start]
2017-03-11T13:35:51.706+0100: 2,963: [CMS-concurrent-mark: 0,001/0,001 secs] [Times: user=0,01 sys=0,00, real=0,00 secs] 
2017-03-11T13:35:51.707+0100: 2,963: [CMS-concurrent-preclean-start]
2017-03-11T13:35:51.708+0100: 2,964: [CMS-concurrent-preclean: 0,001/0,001 secs] [Times: user=0,00 sys=0,00, real=0,00 secs] 
2017-03-11T13:35:51.708+0100: 2,964: [CMS-concurrent-abortable-preclean-start]
2017-03-11T13:35:51.769+0100: 3,026: Total time for which application threads were stopped: 0,0001853 seconds, Stopping threads took: 0,0000839 seconds
{Heap before GC invocations=3 (full 1):
 par new generation   total 109248K, used 100392K [0x00000000e0000000, 0x00000000e8000000, 0x00000000e8000000)
  eden space 87424K, 100% used [0x00000000e0000000, 0x00000000e5560000, 0x00000000e5560000)
  from space 21824K,  59% used [0x00000000e6ab0000, 0x00000000e775a0a0, 0x00000000e8000000)
  to   space 21824K,   0% used [0x00000000e5560000, 0x00000000e5560000, 0x00000000e6ab0000)
 concurrent mark-sweep generation total 393216K, used 0K [0x00000000e8000000, 0x0000000100000000, 0x0000000100000000)
 Metaspace       used 21249K, capacity 21632K, committed 21884K, reserved 1069056K
  class space    used 2450K, capacity 2607K, committed 2684K, reserved 1048576K
2017-03-11T13:35:51.809+0100: 3,066: [GC (Allocation Failure) 2017-03-11T13:35:51.809+0100: 3,066: [ParNew
Desired survivor size 20112992 bytes, new threshold 8 (max 8)
- age   1:    1316920 bytes,    1316920 total
- age   2:    1463896 bytes,    2780816 total
- age   3:     865304 bytes,    3646120 total
- age   4:    6629704 bytes,   10275824 total
: 100392K->12466K(109248K), 0,0124553 secs] 100392K->12466K(502464K), 0,0125174 secs] [Times: user=0,03 sys=0,00, real=0,02 secs] 
Heap after GC invocations=4 (full 1):
 par new generation   total 109248K, used 12466K [0x00000000e0000000, 0x00000000e8000000, 0x00000000e8000000)
  eden space 87424K,   0% used [0x00000000e0000000, 0x00000000e0000000, 0x00000000e5560000)
  from space 21824K,  57% used [0x00000000e5560000, 0x00000000e618c9a0, 0x00000000e6ab0000)
  to   space 21824K,   0% used [0x00000000e6ab0000, 0x00000000e6ab0000, 0x00000000e8000000)
 concurrent mark-sweep generation total 393216K, used 0K [0x00000000e8000000, 0x0000000100000000, 0x0000000100000000)
 Metaspace       used 21249K, capacity 21632K, committed 21884K, reserved 1069056K
  class space    used 2450K, capacity 2607K, committed 2684K, reserved 1048576K
}
2017-03-11T13:35:51.822+0100: 3,079: Total time for which application threads were stopped: 0,0146801 seconds, Stopping threads took: 0,0020344 seconds
2017-03-11T13:35:51.822+0100: 3,079: [CMS-concurrent-abortable-preclean: 0,062/0,114 secs] [Times: user=0,43 sys=0,00, real=0,12 secs] 
2017-03-11T13:35:51.822+0100: 3,079: [GC (CMS Final Remark) [YG occupancy: 13792 K (109248 K)]{Heap before GC invocations=4 (full 1):
 par new generation   total 109248K, used 13792K [0x00000000e0000000, 0x00000000e8000000, 0x00000000e8000000)
  eden space 87424K,   1% used [0x00000000e0000000, 0x00000000e014b7b8, 0x00000000e5560000)
  from space 21824K,  57% used [0x00000000e5560000, 0x00000000e618c9a0, 0x00000000e6ab0000)
  to   space 21824K,   0% used [0x00000000e6ab0000, 0x00000000e6ab0000, 0x00000000e8000000)
 concurrent mark-sweep generation total 393216K, used 0K [0x00000000e8000000, 0x0000000100000000, 0x0000000100000000)
 Metaspace       used 21249K, capacity 21632K, committed 21884K, reserved 1069056K
  class space    used 2450K, capacity 2607K, committed 2684K, reserved 1048576K
2017-03-11T13:35:51.822+0100: 3,079: [GC (CMS Final Remark) 2017-03-11T13:35:51.822+0100: 3,079: [ParNew
Desired survivor size 20112992 bytes, new threshold 8 (max 8)
- age   1:      15760 bytes,      15760 total
- age   2:    1312240 bytes,    1328000 total
- age   3:    1463896 bytes,    2791896 total
- age   4:     865304 bytes,    3657200 total
- age   5:    6629416 bytes,   10286616 total
: 13792K->17545K(109248K), 0,0091813 secs] 13792K->17545K(502464K), 0,0092183 secs] [Times: user=0,04 sys=0,00, real=0,00 secs] 
Heap after GC invocations=5 (full 1):
 par new generation   total 109248K, used 17545K [0x00000000e0000000, 0x00000000e8000000, 0x00000000e8000000)
  eden space 87424K,   0% used [0x00000000e0000000, 0x00000000e0000000, 0x00000000e5560000)
  from space 21824K,  80% used [0x00000000e6ab0000, 0x00000000e7bd2580, 0x00000000e8000000)
  to   space 21824K,   0% used [0x00000000e5560000, 0x00000000e5560000, 0x00000000e6ab0000)
 concurrent mark-sweep generation total 393216K, used 0K [0x00000000e8000000, 0x0000000100000000, 0x0000000100000000)
 Metaspace       used 21249K, capacity 21632K, committed 21884K, reserved 1069056K
  class space    used 2450K, capacity 2607K, committed 2684K, reserved 1048576K
}
2017-03-11T13:35:51.831+0100: 3,088: [Rescan (parallel) , 0,0034663 secs]2017-03-11T13:35:51.835+0100: 3,092: [weak refs processing, 0,0007195 secs]2017-03-11T13:35:51.836+0100: 3,092: [class unloading, 0,0029523 secs]2017-03-11T13:35:51.839+0100: 3,095: [scrub symbol table, 0,0026304 secs]2017-03-11T13:35:51.841+0100: 3,098: [scrub string table, 0,0004159 secs][1 CMS-remark: 0K(393216K)] 17545K(502464K), 0,0200406 secs] [Times: user=0,06 sys=0,00, real=0,02 secs] 
2017-03-11T13:35:51.842+0100: 3,099: Total time for which application threads were stopped: 0,0201572 seconds, Stopping threads took: 0,0000462 seconds
2017-03-11T13:35:51.842+0100: 3,099: [CMS-concurrent-sweep-start]
2017-03-11T13:35:51.842+0100: 3,099: [CMS-concurrent-sweep: 0,000/0,000 secs] [Times: user=0,00 sys=0,00, real=0,00 secs] 
2017-03-11T13:35:51.842+0100: 3,099: [CMS-concurrent-reset-start]
2017-03-11T13:35:51.844+0100: 3,101: [CMS-concurrent-reset: 0,002/0,002 secs] [Times: user=0,00 sys=0,00, real=0,00 secs] 
{Heap before GC invocations=5 (full 1):
 par new generation   total 109248K, used 104969K [0x00000000e0000000, 0x00000000e8000000, 0x00000000e8000000)
  eden space 87424K, 100% used [0x00000000e0000000, 0x00000000e5560000, 0x00000000e5560000)
  from space 21824K,  80% used [0x00000000e6ab0000, 0x00000000e7bd2580, 0x00000000e8000000)
  to   space 21824K,   0% used [0x00000000e5560000, 0x00000000e5560000, 0x00000000e6ab0000)
 concurrent mark-sweep generation total 393216K, used 0K [0x00000000e8000000, 0x0000000100000000, 0x0000000100000000)
 Metaspace       used 21381K, capacity 21802K, committed 21884K, reserved 1069056K
  class space    used 2470K, capacity 2640K, committed 2684K, reserved 1048576K
2017-03-11T13:35:51.932+0100: 3,189: [GC (Allocation Failure) 2017-03-11T13:35:51.932+0100: 3,189: [ParNew
Desired survivor size 20112992 bytes, new threshold 8 (max 8)
- age   1:     526504 bytes,     526504 total
- age   2:         80 bytes,     526584 total
- age   3:     172824 bytes,     699408 total
- age   4:    1463728 bytes,    2163136 total
- age   5:     863256 bytes,    3026392 total
- age   6:    6629600 bytes,    9655992 total
: 104969K->11761K(109248K), 0,0101466 secs] 104969K->11761K(502464K), 0,0102184 secs] [Times: user=0,03 sys=0,00, real=0,02 secs] 
Heap after GC invocations=6 (full 1):
 par new generation   total 109248K, used 11761K [0x00000000e0000000, 0x00000000e8000000, 0x00000000e8000000)
  eden space 87424K,   0% used [0x00000000e0000000, 0x00000000e0000000, 0x00000000e5560000)
  from space 21824K,  53% used [0x00000000e5560000, 0x00000000e60dc550, 0x00000000e6ab0000)
  to   space 21824K,   0% used [0x00000000e6ab0000, 0x00000000e6ab0000, 0x00000000e8000000)
 concurrent mark-sweep generation total 393216K, used 0K [0x00000000e8000000, 0x0000000100000000, 0x0000000100000000)
 Metaspace       used 21381K, capacity 21802K, committed 21884K, reserved 1069056K
  class space    used 2470K, capacity 2640K, committed 2684K, reserved 1048576K
}
2017-03-11T13:35:51.942+0100: 3,199: Total time for which application threads were stopped: 0,0124588 seconds, Stopping threads took: 0,0020777 seconds
2017-03-11T13:35:51.974+0100: 3,231: Total time for which application threads were stopped: 0,0003364 seconds, Stopping threads took: 0,0000210 seconds
2017-03-11T13:35:52.127+0100: 3,384: Total time for which application threads were stopped: 0,0004750 seconds, Stopping threads took: 0,0000246 seconds
2017-03-11T13:35:52.165+0100: 3,422: Total time for which application threads were stopped: 0,0003561 seconds, Stopping threads took: 0,0000257 seconds
2017-03-11T13:35:52.186+0100: 3,443: Total time for which application threads were stopped: 0,0004216 seconds, Stopping threads took: 0,0000508 seconds
{Heap before GC invocations=6 (full 1):
 par new generation   total 109248K, used 99185K [0x00000000e0000000, 0x00000000e8000000, 0x00000000e8000000)
  eden space 87424K, 100% used [0x00000000e0000000, 0x00000000e5560000, 0x00000000e5560000)
  from space 21824K,  53% used [0x00000000e5560000, 0x00000000e60dc550, 0x00000000e6ab0000)
  to   space 21824K,   0% used [0x00000000e6ab0000, 0x00000000e6ab0000, 0x00000000e8000000)
 concurrent mark-sweep generation total 393216K, used 0K [0x00000000e8000000, 0x0000000100000000, 0x0000000100000000)
 Metaspace       used 23982K, capacity 24466K, committed 24572K, reserved 1071104K
  class space    used 2825K, capacity 3016K, committed 3068K, reserved 1048576K
2017-03-11T13:35:52.366+0100: 3,623: [GC (Allocation Failure) 2017-03-11T13:35:52.366+0100: 3,623: [ParNew
Desired survivor size 20112992 bytes, new threshold 8 (max 8)
- age   1:    5201672 bytes,    5201672 total
- age   2:     114152 bytes,    5315824 total
- age   3:         80 bytes,    5315904 total
- age   4:     171384 bytes,    5487288 total
- age   5:     294128 bytes,    5781416 total
- age   6:     838896 bytes,    6620312 total
- age   7:    6621480 bytes,   13241792 total
: 99185K->16496K(109248K), 0,0287568 secs] 99185K->16496K(502464K), 0,0288314 secs] [Times: user=0,07 sys=0,00, real=0,03 secs] 
Heap after GC invocations=7 (full 1):
 par new generation   total 109248K, used 16496K [0x00000000e0000000, 0x00000000e8000000, 0x00000000e8000000)
  eden space 87424K,   0% used [0x00000000e0000000, 0x00000000e0000000, 0x00000000e5560000)
  from space 21824K,  75% used [0x00000000e6ab0000, 0x00000000e7acc240, 0x00000000e8000000)
  to   space 21824K,   0% used [0x00000000e5560000, 0x00000000e5560000, 0x00000000e6ab0000)
 concurrent mark-sweep generation total 393216K, used 0K [0x00000000e8000000, 0x0000000100000000, 0x0000000100000000)
 Metaspace       used 23982K, capacity 24466K, committed 24572K, reserved 1071104K
  class space    used 2825K, capacity 3016K, committed 3068K, reserved 1048576K
}
2017-03-11T13:35:52.395+0100: 3,652: Total time for which application threads were stopped: 0,0291074 seconds, Stopping threads took: 0,0000661 seconds
2017-03-11T13:35:52.526+0100: 3,783: Total time for which application threads were stopped: 0,0002042 seconds, Stopping threads took: 0,0000529 seconds
{Heap before GC invocations=7 (full 1):
 par new generation   total 109248K, used 105661K [0x00000000e0000000, 0x00000000e8000000, 0x00000000e8000000)
  eden space 87424K, 100% used [0x00000000e0000000, 0x00000000e5560000, 0x00000000e5560000)
  from space 21824K,  83% used [0x00000000e6ab0000, 0x00000000e7c7f630, 0x00000000e8000000)
  to   space 21824K,   0% used [0x00000000e5560000, 0x00000000e5560000, 0x00000000e6ab0000)
 concurrent mark-sweep generation total 393216K, used 0K [0x00000000e8000000, 0x0000000100000000, 0x0000000100000000)
 Metaspace       used 24757K, capacity 25256K, committed 25468K, reserved 1071104K
  class space    used 2895K, capacity 3084K, committed 3196K, reserved 1048576K
2017-03-11T13:35:52.530+0100: 3,786: [GC (Allocation Failure) 2017-03-11T13:35:52.530+0100: 3,786: [ParNew
Desired survivor size 20112992 bytes, new threshold 8 (max 8)
- age   1:    2046200 bytes,    2046200 total
- age   2:    1724272 bytes,    3770472 total
- age   3:      60128 bytes,    3830600 total
- age   4:         80 bytes,    3830680 total
- age   5:      97184 bytes,    3927864 total
- age   6:     184616 bytes,    4112480 total
- age   7:     804864 bytes,    4917344 total
- age   8:    6086552 bytes,   11003896 total
: 105661K->14700K(109248K), 0,0122548 secs] 105661K->14700K(502464K), 0,0123365 secs] [Times: user=0,04 sys=0,00, real=0,02 secs] 
Heap after GC invocations=8 (full 1):
 par new generation   total 109248K, used 14700K [0x00000000e0000000, 0x00000000e8000000, 0x00000000e8000000)
  eden space 87424K,   0% used [0x00000000e0000000, 0x00000000e0000000, 0x00000000e5560000)
  from space 21824K,  67% used [0x00000000e5560000, 0x00000000e63bb280, 0x00000000e6ab0000)
  to   space 21824K,   0% used [0x00000000e6ab0000, 0x00000000e6ab0000, 0x00000000e8000000)
 concurrent mark-sweep generation total 393216K, used 0K [0x00000000e8000000, 0x0000000100000000, 0x0000000100000000)
 Metaspace       used 24757K, capacity 25256K, committed 25468K, reserved 1071104K
  class space    used 2895K, capacity 3084K, committed 3196K, reserved 1048576K
}
2017-03-11T13:35:52.542+0100: 3,799: Total time for which application threads were stopped: 0,0125494 seconds, Stopping threads took: 0,0000595 seconds
{Heap before GC invocations=8 (full 1):
 par new generation   total 109248K, used 27796K [0x00000000e0000000, 0x00000000e8000000, 0x00000000e8000000)
  eden space 87424K,  14% used [0x00000000e0000000, 0x00000000e0cca010, 0x00000000e5560000)
  from space 21824K,  67% used [0x00000000e5560000, 0x00000000e63bb280, 0x00000000e6ab0000)
  to   space 21824K,   0% used [0x00000000e6ab0000, 0x00000000e6ab0000, 0x00000000e8000000)
 concurrent mark-sweep generation total 393216K, used 0K [0x00000000e8000000, 0x0000000100000000, 0x0000000100000000)
 Metaspace       used 24761K, capacity 25256K, committed 25468K, reserved 1071104K
  class space    used 2895K, capacity 3084K, committed 3196K, reserved 1048576K
2017-03-11T13:35:52.553+0100: 3,810: [GC (GCLocker Initiated GC) 2017-03-11T13:35:52.553+0100: 3,810: [ParNew
Desired survivor size 20112992 bytes, new threshold 8 (max 8)
- age   1:     169896 bytes,     169896 total
- age   2:    1887888 bytes,    2057784 total
- age   3:    1724272 bytes,    3782056 total
- age   4:      60128 bytes,    3842184 total
- age   5:         80 bytes,    3842264 total
- age   6:      97184 bytes,    3939448 total
- age   7:     184616 bytes,    4124064 total
- age   8:     804864 bytes,    4928928 total
: 27796K->8712K(109248K), 0,0294945 secs] 27796K->14738K(502464K), 0,0295722 secs] [Times: user=0,08 sys=0,00, real=0,03 secs] 
Heap after GC invocations=9 (full 1):
 par new generation   total 109248K, used 8712K [0x00000000e0000000, 0x00000000e8000000, 0x00000000e8000000)
  eden space 87424K,   0% used [0x00000000e0000000, 0x00000000e0000000, 0x00000000e5560000)
  from space 21824K,  39% used [0x00000000e6ab0000, 0x00000000e7332160, 0x00000000e8000000)
  to   space 21824K,   0% used [0x00000000e5560000, 0x00000000e5560000, 0x00000000e6ab0000)
 concurrent mark-sweep generation total 393216K, used 6026K [0x00000000e8000000, 0x0000000100000000, 0x0000000100000000)
 Metaspace       used 24761K, capacity 25256K, committed 25468K, reserved 1071104K
  class space    used 2895K, capacity 3084K, committed 3196K, reserved 1048576K
}
2017-03-11T13:35:52.583+0100: 3,840: Total time for which application threads were stopped: 0,0319366 seconds, Stopping threads took: 0,0022228 seconds
{Heap before GC invocations=9 (full 1):
 par new generation   total 109248K, used 96136K [0x00000000e0000000, 0x00000000e8000000, 0x00000000e8000000)
  eden space 87424K, 100% used [0x00000000e0000000, 0x00000000e5560000, 0x00000000e5560000)
  from space 21824K,  39% used [0x00000000e6ab0000, 0x00000000e7332160, 0x00000000e8000000)
  to   space 21824K,   0% used [0x00000000e5560000, 0x00000000e5560000, 0x00000000e6ab0000)
 concurrent mark-sweep generation total 393216K, used 6026K [0x00000000e8000000, 0x0000000100000000, 0x0000000100000000)
 Metaspace       used 25045K, capacity 25522K, committed 25724K, reserved 1071104K
  class space    used 2913K, capacity 3086K, committed 3196K, reserved 1048576K
2017-03-11T13:35:52.681+0100: 3,938: [GC (Allocation Failure) 2017-03-11T13:35:52.681+0100: 3,938: [ParNew
Desired survivor size 20112992 bytes, new threshold 8 (max 8)
- age   1:     559296 bytes,     559296 total
- age   2:       7416 bytes,     566712 total
- age   3:    1121648 bytes,    1688360 total
- age   4:    1701584 bytes,    3389944 total
- age   5:      60128 bytes,    3450072 total
- age   6:         80 bytes,    3450152 total
- age   7:      97184 bytes,    3547336 total
- age   8:     184280 bytes,    3731616 total
: 96136K->5289K(109248K), 0,0082144 secs] 102162K->12115K(502464K), 0,0082808 secs] [Times: user=0,03 sys=0,00, real=0,00 secs] 
Heap after GC invocations=10 (full 1):
 par new generation   total 109248K, used 5289K [0x00000000e0000000, 0x00000000e8000000, 0x00000000e8000000)
  eden space 87424K,   0% used [0x00000000e0000000, 0x00000000e0000000, 0x00000000e5560000)
  from space 21824K,  24% used [0x00000000e5560000, 0x00000000e5a8a7c0, 0x00000000e6ab0000)
  to   space 21824K,   0% used [0x00000000e6ab0000, 0x00000000e6ab0000, 0x00000000e8000000)
 concurrent mark-sweep generation total 393216K, used 6825K [0x00000000e8000000, 0x0000000100000000, 0x0000000100000000)
 Metaspace       used 25045K, capacity 25522K, committed 25724K, reserved 1071104K
  class space    used 2913K, capacity 3086K, committed 3196K, reserved 1048576K
}
2017-03-11T13:35:52.690+0100: 3,946: Total time for which application threads were stopped: 0,0115791 seconds, Stopping threads took: 0,0031471 seconds
2017-03-11T13:35:52.793+0100: 4,050: Total time for which application threads were stopped: 0,0009293 seconds, Stopping threads took: 0,0004012 seconds
2017-03-11T13:35:52.797+0100: 4,054: Total time for which application threads were stopped: 0,0002177 seconds, Stopping threads took: 0,0001304 seconds
2017-03-11T13:35:52.797+0100: 4,054: Total time for which application threads were stopped: 0,0001358 seconds, Stopping threads took: 0,0000750 seconds
2017-03-11T13:35:52.797+0100: 4,054: Total time for which application threads were stopped: 0,0000878 seconds, Stopping threads took: 0,0000307 seconds
2017-03-11T13:35:52.798+0100: 4,054: Total time for which application threads were stopped: 0,0001035 seconds, Stopping threads took: 0,0000464 seconds
2017-03-11T13:35:52.798+0100: 4,054: Total time for which application threads were stopped: 0,0000956 seconds, Stopping threads took: 0,0000382 seconds
2017-03-11T13:35:52.805+0100: 4,062: Total time for which application threads were stopped: 0,0039462 seconds, Stopping threads took: 0,0038759 seconds
2017-03-11T13:35:52.806+0100: 4,062: Total time for which application threads were stopped: 0,0000986 seconds, Stopping threads took: 0,0000469 seconds
2017-03-11T13:35:52.806+0100: 4,062: Total time for which application threads were stopped: 0,0000670 seconds, Stopping threads took: 0,0000296 seconds
2017-03-11T13:35:52.806+0100: 4,063: Total time for which application threads were stopped: 0,0000770 seconds, Stopping threads took: 0,0000293 seconds
2017-03-11T13:35:52.806+0100: 4,063: Total time for which application threads were stopped: 0,0000667 seconds, Stopping threads took: 0,0000228 seconds
2017-03-11T13:35:52.806+0100: 4,063: Total time for which application threads were stopped: 0,0000749 seconds, Stopping threads took: 0,0000242 seconds
2017-03-11T13:35:52.806+0100: 4,063: Total time for which application threads were stopped: 0,0000896 seconds, Stopping threads took: 0,0000366 seconds
2017-03-11T13:35:52.807+0100: 4,063: Total time for which application threads were stopped: 0,0000757 seconds, Stopping threads took: 0,0000206 seconds
2017-03-11T13:35:52.807+0100: 4,063: Total time for which application threads were stopped: 0,0000480 seconds, Stopping threads took: 0,0000120 seconds
2017-03-11T13:35:52.807+0100: 4,063: Total time for which application threads were stopped: 0,0000622 seconds, Stopping threads took: 0,0000158 seconds
2017-03-11T13:35:52.807+0100: 4,064: Total time for which application threads were stopped: 0,0000940 seconds, Stopping threads took: 0,0000208 seconds
2017-03-11T13:35:52.808+0100: 4,064: Total time for which application threads were stopped: 0,0000843 seconds, Stopping threads took: 0,0000241 seconds
2017-03-11T13:35:52.808+0100: 4,064: Total time for which application threads were stopped: 0,0000718 seconds, Stopping threads took: 0,0000213 seconds
2017-03-11T13:35:52.808+0100: 4,065: Total time for which application threads were stopped: 0,0000946 seconds, Stopping threads took: 0,0000294 seconds
2017-03-11T13:35:52.808+0100: 4,065: Total time for which application threads were stopped: 0,0001305 seconds, Stopping threads took: 0,0000202 seconds
2017-03-11T13:35:52.813+0100: 4,070: Total time for which application threads were stopped: 0,0001399 seconds, Stopping threads took: 0,0000673 seconds
2017-03-11T13:35:52.813+0100: 4,070: Total time for which application threads were stopped: 0,0000720 seconds, Stopping threads took: 0,0000285 seconds
2017-03-11T13:35:52.826+0100: 4,082: Total time for which application threads were stopped: 0,0043956 seconds, Stopping threads took: 0,0043016 seconds
2017-03-11T13:35:52.832+0100: 4,089: Total time for which application threads were stopped: 0,0003114 seconds, Stopping threads took: 0,0000362 seconds
2017-03-11T13:35:52.833+0100: 4,090: Total time for which application threads were stopped: 0,0005055 seconds, Stopping threads took: 0,0004071 seconds
2017-03-11T13:35:52.837+0100: 4,094: Total time for which application threads were stopped: 0,0031762 seconds, Stopping threads took: 0,0030714 seconds
2017-03-11T13:35:52.838+0100: 4,094: Total time for which application threads were stopped: 0,0001343 seconds, Stopping threads took: 0,0000430 seconds
2017-03-11T13:35:52.839+0100: 4,096: Total time for which application threads were stopped: 0,0003252 seconds, Stopping threads took: 0,0001314 seconds
2017-03-11T13:35:52.841+0100: 4,097: Total time for which application threads were stopped: 0,0006688 seconds, Stopping threads took: 0,0005670 seconds
2017-03-11T13:35:52.841+0100: 4,098: Total time for which application threads were stopped: 0,0001197 seconds, Stopping threads took: 0,0000335 seconds
2017-03-11T13:35:52.842+0100: 4,099: Total time for which application threads were stopped: 0,0003892 seconds, Stopping threads took: 0,0001109 seconds
2017-03-11T13:35:52.864+0100: 4,120: Total time for which application threads were stopped: 0,0001526 seconds, Stopping threads took: 0,0000484 seconds
2017-03-11T13:35:52.887+0100: 4,144: Total time for which application threads were stopped: 0,0001406 seconds, Stopping threads took: 0,0000675 seconds
2017-03-11T13:35:52.889+0100: 4,146: Total time for which application threads were stopped: 0,0001665 seconds, Stopping threads took: 0,0000532 seconds
2017-03-11T13:35:52.899+0100: 4,156: Total time for which application threads were stopped: 0,0001106 seconds, Stopping threads took: 0,0000342 seconds
2017-03-11T13:35:52.900+0100: 4,157: Total time for which application threads were stopped: 0,0000978 seconds, Stopping threads took: 0,0000301 seconds
2017-03-11T13:35:52.910+0100: 4,167: Total time for which application threads were stopped: 0,0001274 seconds, Stopping threads took: 0,0000230 seconds
2017-03-11T13:35:52.911+0100: 4,168: Total time for which application threads were stopped: 0,0001407 seconds, Stopping threads took: 0,0000376 seconds
2017-03-11T13:35:52.918+0100: 4,175: Total time for which application threads were stopped: 0,0001383 seconds, Stopping threads took: 0,0000261 seconds
2017-03-11T13:35:52.923+0100: 4,180: Total time for which application threads were stopped: 0,0002594 seconds, Stopping threads took: 0,0001697 seconds
2017-03-11T13:35:52.924+0100: 4,181: Total time for which application threads were stopped: 0,0001128 seconds, Stopping threads took: 0,0000351 seconds
2017-03-11T13:35:52.925+0100: 4,182: Total time for which application threads were stopped: 0,0001172 seconds, Stopping threads took: 0,0000368 seconds
2017-03-11T13:35:52.926+0100: 4,182: Total time for which application threads were stopped: 0,0000826 seconds, Stopping threads took: 0,0000320 seconds
2017-03-11T13:35:52.926+0100: 4,183: Total time for which application threads were stopped: 0,0000952 seconds, Stopping threads took: 0,0000251 seconds
2017-03-11T13:35:52.928+0100: 4,185: Total time for which application threads were stopped: 0,0001075 seconds, Stopping threads took: 0,0000350 seconds
2017-03-11T13:35:52.929+0100: 4,185: Total time for which application threads were stopped: 0,0001641 seconds, Stopping threads took: 0,0000289 seconds
2017-03-11T13:35:52.992+0100: 4,249: Total time for which application threads were stopped: 0,0004950 seconds, Stopping threads took: 0,0000393 seconds
2017-03-11T13:35:53.016+0100: 4,273: Total time for which application threads were stopped: 0,0004583 seconds, Stopping threads took: 0,0000407 seconds
2017-03-11T13:35:53.082+0100: 4,339: Total time for which application threads were stopped: 0,0003995 seconds, Stopping threads took: 0,0000216 seconds
2017-03-11T13:35:53.084+0100: 4,340: Total time for which application threads were stopped: 0,0001194 seconds, Stopping threads took: 0,0000483 seconds
2017-03-11T13:35:53.090+0100: 4,347: Total time for which application threads were stopped: 0,0002749 seconds, Stopping threads took: 0,0001629 seconds
2017-03-11T13:35:53.098+0100: 4,354: Total time for which application threads were stopped: 0,0001124 seconds, Stopping threads took: 0,0000359 seconds
2017-03-11T13:35:53.118+0100: 4,374: Total time for which application threads were stopped: 0,0002505 seconds, Stopping threads took: 0,0001368 seconds
2017-03-11T13:35:53.122+0100: 4,378: Total time for which application threads were stopped: 0,0001403 seconds, Stopping threads took: 0,0000475 seconds
2017-03-11T13:35:53.126+0100: 4,383: Total time for which application threads were stopped: 0,0001559 seconds, Stopping threads took: 0,0000595 seconds
2017-03-11T13:35:53.138+0100: 4,395: Total time for which application threads were stopped: 0,0001123 seconds, Stopping threads took: 0,0000282 seconds
2017-03-11T13:35:53.158+0100: 4,414: Total time for which application threads were stopped: 0,0002226 seconds, Stopping threads took: 0,0001052 seconds
2017-03-11T13:35:53.169+0100: 4,426: Total time for which application threads were stopped: 0,0008828 seconds, Stopping threads took: 0,0007705 seconds
2017-03-11T13:35:53.184+0100: 4,441: Total time for which application threads were stopped: 0,0002165 seconds, Stopping threads took: 0,0000419 seconds
2017-03-11T13:35:53.219+0100: 4,475: Total time for which application threads were stopped: 0,0007699 seconds, Stopping threads took: 0,0006344 seconds
2017-03-11T13:35:53.227+0100: 4,484: Total time for which application threads were stopped: 0,0001513 seconds, Stopping threads took: 0,0000539 seconds
2017-03-11T13:35:54.227+0100: 5,484: Total time for which application threads were stopped: 0,0000704 seconds, Stopping threads took: 0,0000168 seconds
2017-03-11T13:35:55.228+0100: 6,484: Total time for which application threads were stopped: 0,0000931 seconds, Stopping threads took: 0,0000192 seconds
2017-03-11T13:36:05.231+0100: 16,487: Total time for which application threads were stopped: 0,0004372 seconds, Stopping threads took: 0,0001061 seconds
2017-03-11T13:36:10.231+0100: 21,488: Total time for which application threads were stopped: 0,0000823 seconds, Stopping threads took: 0,0000189 seconds
2017-03-11T13:36:11.231+0100: 22,488: Total time for which application threads were stopped: 0,0000708 seconds, Stopping threads took: 0,0000184 seconds
2017-03-11T13:36:20.659+0100: 32,489: Total time for which application threads were stopped: 0,0000677 seconds, Stopping threads took: 0,0000190 seconds
2017-03-11T13:36:29.661+0100: 41,490: Total time for which application threads were stopped: 0,0000827 seconds, Stopping threads took: 0,0000332 seconds
2017-03-11T13:37:14.665+0100: 86,495: Total time for which application threads were stopped: 0,0000847 seconds, Stopping threads took: 0,0000207 seconds
2017-03-11T13:37:20.666+0100: 92,496: Total time for which application threads were stopped: 0,0000601 seconds, Stopping threads took: 0,0000149 seconds
2017-03-11T13:37:39.668+0100: 111,498: Total time for which application threads were stopped: 0,0001183 seconds, Stopping threads took: 0,0000389 seconds
2017-03-11T13:37:45.669+0100: 117,499: Total time for which application threads were stopped: 0,0003099 seconds, Stopping threads took: 0,0001039 seconds
2017-03-11T13:37:50.670+0100: 122,499: Total time for which application threads were stopped: 0,0000731 seconds, Stopping threads took: 0,0000194 seconds
2017-03-11T13:40:25.685+0100: 277,515: Total time for which application threads were stopped: 0,0000841 seconds, Stopping threads took: 0,0000329 seconds
2017-03-11T13:59:14.822+0100: 1406,652: Total time for which application threads were stopped: 0,0001890 seconds, Stopping threads took: 0,0000667 seconds
2017-03-11T14:02:50.846+0100: 1622,676: Total time for which application threads were stopped: 0,0000755 seconds, Stopping threads took: 0,0000265 seconds
2017-03-11T14:02:59.847+0100: 1631,677: Total time for which application threads were stopped: 0,0000715 seconds, Stopping threads took: 0,0000175 seconds
2017-03-11T14:14:09.913+0100: 2301,743: Total time for which application threads were stopped: 0,0000933 seconds, Stopping threads took: 0,0000370 seconds
2017-03-11T14:14:10.913+0100: 2302,743: Total time for which application threads were stopped: 0,0000592 seconds, Stopping threads took: 0,0000139 seconds
2017-03-11T14:15:19.920+0100: 2371,750: Total time for which application threads were stopped: 0,0000768 seconds, Stopping threads took: 0,0000293 seconds
2017-03-11T14:29:06.014+0100: 3197,844: Total time for which application threads were stopped: 0,0001863 seconds, Stopping threads took: 0,0000714 seconds
2017-03-11T14:42:20.125+0100: 3991,955: Total time for which application threads were stopped: 0,0000801 seconds, Stopping threads took: 0,0000310 seconds
2017-03-11T14:42:25.126+0100: 3996,956: Total time for which application threads were stopped: 0,0000825 seconds, Stopping threads took: 0,0000180 seconds
{Heap before GC invocations=10 (full 1):
 par new generation   total 109248K, used 92713K [0x00000000e0000000, 0x00000000e8000000, 0x00000000e8000000)
  eden space 87424K, 100% used [0x00000000e0000000, 0x00000000e5560000, 0x00000000e5560000)
  from space 21824K,  24% used [0x00000000e5560000, 0x00000000e5a8a7c0, 0x00000000e6ab0000)
  to   space 21824K,   0% used [0x00000000e6ab0000, 0x00000000e6ab0000, 0x00000000e8000000)
 concurrent mark-sweep generation total 393216K, used 6825K [0x00000000e8000000, 0x0000000100000000, 0x0000000100000000)
 Metaspace       used 28099K, capacity 28568K, committed 28796K, reserved 1075200K
  class space    used 3222K, capacity 3393K, committed 3452K, reserved 1048576K
2017-03-11T14:53:59.981+0100: 4691,810: [GC (Allocation Failure) 2017-03-11T14:53:59.981+0100: 4691,811: [ParNew
Desired survivor size 20112992 bytes, new threshold 8 (max 8)
- age   1:   10572656 bytes,   10572656 total
- age   2:     192880 bytes,   10765536 total
- age   3:       7296 bytes,   10772832 total
- age   4:     336976 bytes,   11109808 total
- age   5:    1696832 bytes,   12806640 total
- age   6:      60128 bytes,   12866768 total
- age   7:         80 bytes,   12866848 total
- age   8:      97056 bytes,   12963904 total
: 92713K->13142K(109248K), 0,1147509 secs] 99539K->20167K(502464K), 0,1148431 secs] [Times: user=0,04 sys=0,00, real=0,11 secs] 
Heap after GC invocations=11 (full 1):
 par new generation   total 109248K, used 13142K [0x00000000e0000000, 0x00000000e8000000, 0x00000000e8000000)
  eden space 87424K,   0% used [0x00000000e0000000, 0x00000000e0000000, 0x00000000e5560000)
  from space 21824K,  60% used [0x00000000e6ab0000, 0x00000000e7785840, 0x00000000e8000000)
  to   space 21824K,   0% used [0x00000000e5560000, 0x00000000e5560000, 0x00000000e6ab0000)
 concurrent mark-sweep generation total 393216K, used 7025K [0x00000000e8000000, 0x0000000100000000, 0x0000000100000000)
 Metaspace       used 28099K, capacity 28568K, committed 28796K, reserved 1075200K
  class space    used 3222K, capacity 3393K, committed 3452K, reserved 1048576K
}
2017-03-11T14:54:00.095+0100: 4691,925: Total time for which application threads were stopped: 0,1150178 seconds, Stopping threads took: 0,0000202 seconds
2017-03-11T14:54:00.103+0100: 4691,933: Total time for which application threads were stopped: 0,0000884 seconds, Stopping threads took: 0,0000223 seconds
2017-03-11T14:54:00.114+0100: 4691,944: Total time for which application threads were stopped: 0,0000968 seconds, Stopping threads took: 0,0000190 seconds
2017-03-11T14:54:00.125+0100: 4691,955: Total time for which application threads were stopped: 0,0001027 seconds, Stopping threads took: 0,0000237 seconds
2017-03-11T14:54:00.126+0100: 4691,956: Total time for which application threads were stopped: 0,0000841 seconds, Stopping threads took: 0,0000232 seconds
2017-03-11T14:54:00.127+0100: 4691,957: Total time for which application threads were stopped: 0,0000572 seconds, Stopping threads took: 0,0000123 seconds
2017-03-11T14:54:00.127+0100: 4691,957: Total time for which application threads were stopped: 0,0000627 seconds, Stopping threads took: 0,0000129 seconds
2017-03-11T14:54:00.127+0100: 4691,957: Total time for which application threads were stopped: 0,0000560 seconds, Stopping threads took: 0,0000127 seconds
2017-03-11T14:54:00.128+0100: 4691,958: Total time for which application threads were stopped: 0,0000522 seconds, Stopping threads took: 0,0000100 seconds
2017-03-11T14:54:00.128+0100: 4691,958: Total time for which application threads were stopped: 0,0000514 seconds, Stopping threads took: 0,0000113 seconds
2017-03-11T14:54:00.130+0100: 4691,960: Total time for which application threads were stopped: 0,0001065 seconds, Stopping threads took: 0,0000315 seconds
2017-03-11T14:54:00.131+0100: 4691,961: Total time for which application threads were stopped: 0,0001020 seconds, Stopping threads took: 0,0000314 seconds
2017-03-11T14:54:00.135+0100: 4691,965: Total time for which application threads were stopped: 0,0000902 seconds, Stopping threads took: 0,0000181 seconds
2017-03-11T14:54:00.137+0100: 4691,967: Total time for which application threads were stopped: 0,0000922 seconds, Stopping threads took: 0,0000165 seconds
2017-03-11T14:54:00.140+0100: 4691,970: Total time for which application threads were stopped: 0,0000835 seconds, Stopping threads took: 0,0000161 seconds
2017-03-11T14:54:00.140+0100: 4691,970: Total time for which application threads were stopped: 0,0000332 seconds, Stopping threads took: 0,0000046 seconds
2017-03-11T14:54:00.140+0100: 4691,970: Total time for which application threads were stopped: 0,0000408 seconds, Stopping threads took: 0,0000115 seconds
2017-03-11T14:54:00.141+0100: 4691,970: Total time for which application threads were stopped: 0,0000309 seconds, Stopping threads took: 0,0000040 seconds
2017-03-11T14:54:00.141+0100: 4691,971: Total time for which application threads were stopped: 0,0000310 seconds, Stopping threads took: 0,0000042 seconds
2017-03-11T14:54:00.141+0100: 4691,971: Total time for which application threads were stopped: 0,0000315 seconds, Stopping threads took: 0,0000041 seconds
2017-03-11T14:54:00.141+0100: 4691,971: Total time for which application threads were stopped: 0,0000307 seconds, Stopping threads took: 0,0000041 seconds
2017-03-11T14:54:00.141+0100: 4691,971: Total time for which application threads were stopped: 0,0000329 seconds, Stopping threads took: 0,0000062 seconds
2017-03-11T14:54:00.141+0100: 4691,971: Total time for which application threads were stopped: 0,0000312 seconds, Stopping threads took: 0,0000044 seconds
2017-03-11T14:54:00.141+0100: 4691,971: Total time for which application threads were stopped: 0,0000307 seconds, Stopping threads took: 0,0000041 seconds
2017-03-11T14:54:00.141+0100: 4691,971: Total time for which application threads were stopped: 0,0000302 seconds, Stopping threads took: 0,0000040 seconds
2017-03-11T14:54:00.141+0100: 4691,971: Total time for which application threads were stopped: 0,0000329 seconds, Stopping threads took: 0,0000066 seconds
2017-03-11T14:54:00.141+0100: 4691,971: Total time for which application threads were stopped: 0,0000302 seconds, Stopping threads took: 0,0000040 seconds
2017-03-11T14:54:00.141+0100: 4691,971: Total time for which application threads were stopped: 0,0000306 seconds, Stopping threads took: 0,0000040 seconds
2017-03-11T14:54:00.143+0100: 4691,973: Total time for which application threads were stopped: 0,0001038 seconds, Stopping threads took: 0,0000276 seconds
2017-03-11T14:54:00.143+0100: 4691,973: Total time for which application threads were stopped: 0,0000501 seconds, Stopping threads took: 0,0000156 seconds
2017-03-11T14:54:00.143+0100: 4691,973: Total time for which application threads were stopped: 0,0000458 seconds, Stopping threads took: 0,0000120 seconds
2017-03-11T14:54:00.146+0100: 4691,976: Total time for which application threads were stopped: 0,0000779 seconds, Stopping threads took: 0,0000213 seconds
2017-03-11T14:54:00.146+0100: 4691,976: Total time for which application threads were stopped: 0,0000628 seconds, Stopping threads took: 0,0000249 seconds
2017-03-11T14:54:00.147+0100: 4691,977: Total time for which application threads were stopped: 0,0000481 seconds, Stopping threads took: 0,0000181 seconds
2017-03-11T14:54:00.147+0100: 4691,977: Total time for which application threads were stopped: 0,0000392 seconds, Stopping threads took: 0,0000124 seconds
2017-03-11T14:54:00.147+0100: 4691,977: Total time for which application threads were stopped: 0,0000435 seconds, Stopping threads took: 0,0000139 seconds
2017-03-11T14:54:00.147+0100: 4691,977: Total time for which application threads were stopped: 0,0000359 seconds, Stopping threads took: 0,0000113 seconds
2017-03-11T14:54:00.147+0100: 4691,977: Total time for which application threads were stopped: 0,0000387 seconds, Stopping threads took: 0,0000145 seconds
2017-03-11T14:54:00.147+0100: 4691,977: Total time for which application threads were stopped: 0,0000371 seconds, Stopping threads took: 0,0000148 seconds
2017-03-11T14:54:00.147+0100: 4691,977: Total time for which application threads were stopped: 0,0000373 seconds, Stopping threads took: 0,0000159 seconds
2017-03-11T14:54:00.149+0100: 4691,979: Total time for which application threads were stopped: 0,0001143 seconds, Stopping threads took: 0,0000316 seconds
2017-03-11T14:54:00.149+0100: 4691,979: Total time for which application threads were stopped: 0,0000741 seconds, Stopping threads took: 0,0000205 seconds
2017-03-11T14:54:00.151+0100: 4691,981: Total time for which application threads were stopped: 0,0001210 seconds, Stopping threads took: 0,0000316 seconds
2017-03-11T14:54:00.152+0100: 4691,982: Total time for which application threads were stopped: 0,0011165 seconds, Stopping threads took: 0,0010407 seconds
2017-03-11T14:54:00.155+0100: 4691,985: Total time for which application threads were stopped: 0,0000933 seconds, Stopping threads took: 0,0000394 seconds
2017-03-11T14:54:00.156+0100: 4691,986: Total time for which application threads were stopped: 0,0000698 seconds, Stopping threads took: 0,0000162 seconds
2017-03-11T14:54:00.160+0100: 4691,990: Total time for which application threads were stopped: 0,0022160 seconds, Stopping threads took: 0,0021646 seconds
2017-03-11T14:54:00.160+0100: 4691,990: Total time for which application threads were stopped: 0,0000472 seconds, Stopping threads took: 0,0000221 seconds
2017-03-11T14:54:00.160+0100: 4691,990: Total time for which application threads were stopped: 0,0000485 seconds, Stopping threads took: 0,0000171 seconds
2017-03-11T14:54:00.160+0100: 4691,990: Total time for which application threads were stopped: 0,0000401 seconds, Stopping threads took: 0,0000158 seconds
2017-03-11T14:54:00.163+0100: 4691,993: Total time for which application threads were stopped: 0,0019833 seconds, Stopping threads took: 0,0019226 seconds
2017-03-11T14:54:00.163+0100: 4691,993: Total time for which application threads were stopped: 0,0000444 seconds, Stopping threads took: 0,0000129 seconds
2017-03-11T14:54:00.163+0100: 4691,993: Total time for which application threads were stopped: 0,0000387 seconds, Stopping threads took: 0,0000101 seconds
2017-03-11T14:54:00.164+0100: 4691,994: Total time for which application threads were stopped: 0,0005665 seconds, Stopping threads took: 0,0005093 seconds
2017-03-11T14:54:00.165+0100: 4691,994: Total time for which application threads were stopped: 0,0000378 seconds, Stopping threads took: 0,0000107 seconds
2017-03-11T14:54:00.166+0100: 4691,996: Total time for which application threads were stopped: 0,0000966 seconds, Stopping threads took: 0,0000438 seconds
2017-03-11T14:54:00.166+0100: 4691,996: Total time for which application threads were stopped: 0,0000455 seconds, Stopping threads took: 0,0000153 seconds
2017-03-11T14:54:00.166+0100: 4691,996: Total time for which application threads were stopped: 0,0000401 seconds, Stopping threads took: 0,0000169 seconds
2017-03-11T14:54:00.166+0100: 4691,996: Total time for which application threads were stopped: 0,0000438 seconds, Stopping threads took: 0,0000193 seconds
2017-03-11T14:54:00.167+0100: 4691,997: Total time for which application threads were stopped: 0,0004025 seconds, Stopping threads took: 0,0003779 seconds
2017-03-11T14:54:00.167+0100: 4691,997: Total time for which application threads were stopped: 0,0000261 seconds, Stopping threads took: 0,0000069 seconds
2017-03-11T14:54:00.167+0100: 4691,997: Total time for which application threads were stopped: 0,0000369 seconds, Stopping threads took: 0,0000175 seconds
2017-03-11T14:54:00.167+0100: 4691,997: Total time for which application threads were stopped: 0,0000452 seconds, Stopping threads took: 0,0000198 seconds
2017-03-11T14:54:00.168+0100: 4691,998: Total time for which application threads were stopped: 0,0000614 seconds, Stopping threads took: 0,0000221 seconds
2017-03-11T14:54:00.168+0100: 4691,998: Total time for which application threads were stopped: 0,0000246 seconds, Stopping threads took: 0,0000056 seconds
2017-03-11T14:54:00.168+0100: 4691,998: Total time for which application threads were stopped: 0,0001037 seconds, Stopping threads took: 0,0000055 seconds
2017-03-11T14:54:00.169+0100: 4691,999: Total time for which application threads were stopped: 0,0001061 seconds, Stopping threads took: 0,0000478 seconds
2017-03-11T14:54:00.169+0100: 4691,999: Total time for which application threads were stopped: 0,0000370 seconds, Stopping threads took: 0,0000110 seconds
2017-03-11T14:54:00.172+0100: 4692,002: Total time for which application threads were stopped: 0,0000950 seconds, Stopping threads took: 0,0000256 seconds
2017-03-11T14:54:00.172+0100: 4692,002: Total time for which application threads were stopped: 0,0000367 seconds, Stopping threads took: 0,0000100 seconds
2017-03-11T14:54:00.172+0100: 4692,002: Total time for which application threads were stopped: 0,0000773 seconds, Stopping threads took: 0,0000129 seconds
Heap
 par new generation   total 109248K, used 18170K [0x00000000e0000000, 0x00000000e8000000, 0x00000000e8000000)
  eden space 87424K,   5% used [0x00000000e0000000, 0x00000000e04e91c0, 0x00000000e5560000)
  from space 21824K,  60% used [0x00000000e6ab0000, 0x00000000e7785840, 0x00000000e8000000)
  to   space 21824K,   0% used [0x00000000e5560000, 0x00000000e5560000, 0x00000000e6ab0000)
 concurrent mark-sweep generation total 393216K, used 7025K [0x00000000e8000000, 0x0000000100000000, 0x0000000100000000)
 Metaspace       used 28167K, capacity 28738K, committed 29052K, reserved 1075200K
  class space    used 3231K, capacity 3428K, committed 3452K, reserved 1048576K
