OpenJDK 64-Bit Server VM (25.121-b13) for linux-amd64 JRE (1.8.0_121-8u121-b13-0ubuntu1.16.04.2-b13), built on Jan 23 2017 15:51:29 by "buildd" with gcc 5.4.0 20160609
Memory: 4k page, physical 7867764k(7419352k free), swap 8076284k(8076284k free)
CommandLine flags: -XX:CMSInitiatingOccupancyFraction=50 -XX:CMSMaxAbortablePrecleanTime=6000 -XX:+CMSParallelRemarkEnabled -XX:+CMSScavengeBeforeRemark -XX:ConcGCThreads=4 -XX:InitialHeapSize=536870912 -XX:MaxHeapSize=536870912 -XX:MaxTenuringThreshold=8 -XX:NewRatio=3 -XX:OldPLABSize=16 -XX:OnOutOfMemoryError=/opt/solr/bin/oom_solr.sh 8983 /var/solr/logs -XX:ParallelGCThreads=4 -XX:+ParallelRefProcEnabled -XX:PretenureSizeThreshold=67108864 -XX:+PrintGC -XX:+PrintGCApplicationStoppedTime -XX:+PrintGCDateStamps -XX:+PrintGCDetails -XX:+PrintGCTimeStamps -XX:+PrintHeapAtGC -XX:+PrintTenuringDistribution -XX:SurvivorRatio=4 -XX:TargetSurvivorRatio=90 -XX:ThreadStackSize=256 -XX:+UseCMSInitiatingOccupancyOnly -XX:+UseCompressedClassPointers -XX:+UseCompressedOops -XX:+UseConcMarkSweepGC -XX:+UseParNewGC 
2017-04-10T15:04:58.778+0200: 0,166: Total time for which application threads were stopped: 0,0000706 seconds, Stopping threads took: 0,0000105 seconds
2017-04-10T15:04:58.876+0200: 0,264: Total time for which application threads were stopped: 0,0001204 seconds, Stopping threads took: 0,0000160 seconds
2017-04-10T15:04:59.243+0200: 0,631: Total time for which application threads were stopped: 0,0000810 seconds, Stopping threads took: 0,0000135 seconds
2017-04-10T15:04:59.668+0200: 1,056: Total time for which application threads were stopped: 0,0001799 seconds, Stopping threads took: 0,0000286 seconds
2017-04-10T15:04:59.973+0200: 1,361: Total time for which application threads were stopped: 0,0001486 seconds, Stopping threads took: 0,0000119 seconds
2017-04-10T15:05:00.099+0200: 1,487: Total time for which application threads were stopped: 0,0005978 seconds, Stopping threads took: 0,0000896 seconds
2017-04-10T15:05:00.121+0200: 1,509: Total time for which application threads were stopped: 0,0001519 seconds, Stopping threads took: 0,0000223 seconds
2017-04-10T15:05:00.443+0200: 1,831: Total time for which application threads were stopped: 0,0002370 seconds, Stopping threads took: 0,0000210 seconds
2017-04-10T15:05:00.708+0200: 2,096: Total time for which application threads were stopped: 0,0001939 seconds, Stopping threads took: 0,0000165 seconds
2017-04-10T15:05:00.732+0200: 2,120: Total time for which application threads were stopped: 0,0001702 seconds, Stopping threads took: 0,0000140 seconds
2017-04-10T15:05:00.760+0200: 2,148: Total time for which application threads were stopped: 0,0002007 seconds, Stopping threads took: 0,0000192 seconds
2017-04-10T15:05:00.761+0200: 2,148: Total time for which application threads were stopped: 0,0001300 seconds, Stopping threads took: 0,0000120 seconds
2017-04-10T15:05:00.774+0200: 2,162: Total time for which application threads were stopped: 0,0001659 seconds, Stopping threads took: 0,0000119 seconds
2017-04-10T15:05:00.858+0200: 2,246: Total time for which application threads were stopped: 0,0002603 seconds, Stopping threads took: 0,0000207 seconds
2017-04-10T15:05:01.023+0200: 2,410: Total time for which application threads were stopped: 0,0002935 seconds, Stopping threads took: 0,0000678 seconds
{Heap before GC invocations=0 (full 0):
 par new generation   total 109248K, used 87424K [0x00000000e0000000, 0x00000000e8000000, 0x00000000e8000000)
  eden space 87424K, 100% used [0x00000000e0000000, 0x00000000e5560000, 0x00000000e5560000)
  from space 21824K,   0% used [0x00000000e5560000, 0x00000000e5560000, 0x00000000e6ab0000)
  to   space 21824K,   0% used [0x00000000e6ab0000, 0x00000000e6ab0000, 0x00000000e8000000)
 concurrent mark-sweep generation total 393216K, used 0K [0x00000000e8000000, 0x0000000100000000, 0x0000000100000000)
 Metaspace       used 17811K, capacity 18112K, committed 18304K, reserved 1064960K
  class space    used 2023K, capacity 2164K, committed 2176K, reserved 1048576K
2017-04-10T15:05:01.058+0200: 2,446: [GC (Allocation Failure) 2017-04-10T15:05:01.058+0200: 2,446: [ParNew
Desired survivor size 20112992 bytes, new threshold 8 (max 8)
- age   1:   11620160 bytes,   11620160 total
: 87424K->11468K(109248K), 0,0163289 secs] 87424K->11468K(502464K), 0,0164321 secs] [Times: user=0,05 sys=0,00, real=0,01 secs] 
Heap after GC invocations=1 (full 0):
 par new generation   total 109248K, used 11468K [0x00000000e0000000, 0x00000000e8000000, 0x00000000e8000000)
  eden space 87424K,   0% used [0x00000000e0000000, 0x00000000e0000000, 0x00000000e5560000)
  from space 21824K,  52% used [0x00000000e6ab0000, 0x00000000e75e3180, 0x00000000e8000000)
  to   space 21824K,   0% used [0x00000000e5560000, 0x00000000e5560000, 0x00000000e6ab0000)
 concurrent mark-sweep generation total 393216K, used 0K [0x00000000e8000000, 0x0000000100000000, 0x0000000100000000)
 Metaspace       used 17811K, capacity 18112K, committed 18304K, reserved 1064960K
  class space    used 2023K, capacity 2164K, committed 2176K, reserved 1048576K
}
2017-04-10T15:05:01.075+0200: 2,462: Total time for which application threads were stopped: 0,0166849 seconds, Stopping threads took: 0,0000615 seconds
2017-04-10T15:05:01.407+0200: 2,795: Total time for which application threads were stopped: 0,0003517 seconds, Stopping threads took: 0,0000442 seconds
{Heap before GC invocations=1 (full 0):
 par new generation   total 109248K, used 98892K [0x00000000e0000000, 0x00000000e8000000, 0x00000000e8000000)
  eden space 87424K, 100% used [0x00000000e0000000, 0x00000000e5560000, 0x00000000e5560000)
  from space 21824K,  52% used [0x00000000e6ab0000, 0x00000000e75e3180, 0x00000000e8000000)
  to   space 21824K,   0% used [0x00000000e5560000, 0x00000000e5560000, 0x00000000e6ab0000)
 concurrent mark-sweep generation total 393216K, used 0K [0x00000000e8000000, 0x0000000100000000, 0x0000000100000000)
 Metaspace       used 20043K, capacity 20348K, committed 20736K, reserved 1067008K
  class space    used 2292K, capacity 2464K, committed 2560K, reserved 1048576K
2017-04-10T15:05:01.451+0200: 2,839: [GC (Allocation Failure) 2017-04-10T15:05:01.451+0200: 2,839: [ParNew
Desired survivor size 20112992 bytes, new threshold 8 (max 8)
- age   1:    4094880 bytes,    4094880 total
- age   2:    6145000 bytes,   10239880 total
: 98892K->14654K(109248K), 0,0155748 secs] 98892K->14654K(502464K), 0,0156402 secs] [Times: user=0,04 sys=0,01, real=0,01 secs] 
Heap after GC invocations=2 (full 0):
 par new generation   total 109248K, used 14654K [0x00000000e0000000, 0x00000000e8000000, 0x00000000e8000000)
  eden space 87424K,   0% used [0x00000000e0000000, 0x00000000e0000000, 0x00000000e5560000)
  from space 21824K,  67% used [0x00000000e5560000, 0x00000000e63af980, 0x00000000e6ab0000)
  to   space 21824K,   0% used [0x00000000e6ab0000, 0x00000000e6ab0000, 0x00000000e8000000)
 concurrent mark-sweep generation total 393216K, used 0K [0x00000000e8000000, 0x0000000100000000, 0x0000000100000000)
 Metaspace       used 20043K, capacity 20348K, committed 20736K, reserved 1067008K
  class space    used 2292K, capacity 2464K, committed 2560K, reserved 1048576K
}
2017-04-10T15:05:01.466+0200: 2,854: Total time for which application threads were stopped: 0,0158326 seconds, Stopping threads took: 0,0000644 seconds
2017-04-10T15:05:01.485+0200: 2,873: Total time for which application threads were stopped: 0,0004004 seconds, Stopping threads took: 0,0000752 seconds
2017-04-10T15:05:01.541+0200: 2,929: Total time for which application threads were stopped: 0,0003666 seconds, Stopping threads took: 0,0000394 seconds
2017-04-10T15:05:01.633+0200: 3,021: Total time for which application threads were stopped: 0,0001490 seconds, Stopping threads took: 0,0000494 seconds
{Heap before GC invocations=2 (full 0):
 par new generation   total 109248K, used 102078K [0x00000000e0000000, 0x00000000e8000000, 0x00000000e8000000)
  eden space 87424K, 100% used [0x00000000e0000000, 0x00000000e5560000, 0x00000000e5560000)
  from space 21824K,  67% used [0x00000000e5560000, 0x00000000e63af980, 0x00000000e6ab0000)
  to   space 21824K,   0% used [0x00000000e6ab0000, 0x00000000e6ab0000, 0x00000000e8000000)
 concurrent mark-sweep generation total 393216K, used 0K [0x00000000e8000000, 0x0000000100000000, 0x0000000100000000)
 Metaspace       used 21015K, capacity 21398K, committed 21628K, reserved 1069056K
  class space    used 2416K, capacity 2583K, committed 2684K, reserved 1048576K
2017-04-10T15:05:01.681+0200: 3,068: [GC (Allocation Failure) 2017-04-10T15:05:01.681+0200: 3,068: [ParNew
Desired survivor size 20112992 bytes, new threshold 8 (max 8)
- age   1:    2422384 bytes,    2422384 total
- age   2:    1326152 bytes,    3748536 total
- age   3:    6143048 bytes,    9891584 total
: 102078K->12558K(109248K), 0,0099999 secs] 102078K->12558K(502464K), 0,0100769 secs] [Times: user=0,03 sys=0,00, real=0,01 secs] 
Heap after GC invocations=3 (full 0):
 par new generation   total 109248K, used 12558K [0x00000000e0000000, 0x00000000e8000000, 0x00000000e8000000)
  eden space 87424K,   0% used [0x00000000e0000000, 0x00000000e0000000, 0x00000000e5560000)
  from space 21824K,  57% used [0x00000000e6ab0000, 0x00000000e76f3b78, 0x00000000e8000000)
  to   space 21824K,   0% used [0x00000000e5560000, 0x00000000e5560000, 0x00000000e6ab0000)
 concurrent mark-sweep generation total 393216K, used 0K [0x00000000e8000000, 0x0000000100000000, 0x0000000100000000)
 Metaspace       used 21015K, capacity 21398K, committed 21628K, reserved 1069056K
  class space    used 2416K, capacity 2583K, committed 2684K, reserved 1048576K
}
2017-04-10T15:05:01.691+0200: 3,079: Total time for which application threads were stopped: 0,0102947 seconds, Stopping threads took: 0,0000845 seconds
2017-04-10T15:05:01.694+0200: 3,082: [GC (CMS Initial Mark) [1 CMS-initial-mark: 0K(393216K)] 13940K(502464K), 0,0034854 secs] [Times: user=0,02 sys=0,00, real=0,00 secs] 
2017-04-10T15:05:01.697+0200: 3,085: Total time for which application threads were stopped: 0,0036522 seconds, Stopping threads took: 0,0000711 seconds
2017-04-10T15:05:01.697+0200: 3,085: [CMS-concurrent-mark-start]
2017-04-10T15:05:01.698+0200: 3,086: [CMS-concurrent-mark: 0,001/0,001 secs] [Times: user=0,00 sys=0,00, real=0,01 secs] 
2017-04-10T15:05:01.698+0200: 3,086: [CMS-concurrent-preclean-start]
2017-04-10T15:05:01.699+0200: 3,087: [CMS-concurrent-preclean: 0,001/0,001 secs] [Times: user=0,00 sys=0,00, real=0,00 secs] 
2017-04-10T15:05:01.699+0200: 3,087: [GC (CMS Final Remark) [YG occupancy: 13940 K (109248 K)]{Heap before GC invocations=3 (full 1):
 par new generation   total 109248K, used 13940K [0x00000000e0000000, 0x00000000e8000000, 0x00000000e8000000)
  eden space 87424K,   1% used [0x00000000e0000000, 0x00000000e01594d8, 0x00000000e5560000)
  from space 21824K,  57% used [0x00000000e6ab0000, 0x00000000e76f3b78, 0x00000000e8000000)
  to   space 21824K,   0% used [0x00000000e5560000, 0x00000000e5560000, 0x00000000e6ab0000)
 concurrent mark-sweep generation total 393216K, used 0K [0x00000000e8000000, 0x0000000100000000, 0x0000000100000000)
 Metaspace       used 21015K, capacity 21398K, committed 21628K, reserved 1069056K
  class space    used 2416K, capacity 2583K, committed 2684K, reserved 1048576K
2017-04-10T15:05:01.699+0200: 3,087: [GC (CMS Final Remark) 2017-04-10T15:05:01.699+0200: 3,087: [ParNew
Desired survivor size 20112992 bytes, new threshold 8 (max 8)
- age   1:      43960 bytes,      43960 total
- age   2:    2422224 bytes,    2466184 total
- age   3:    1326152 bytes,    3792336 total
- age   4:    6143672 bytes,    9936008 total
: 13940K->11289K(109248K), 0,0149422 secs] 13940K->11289K(502464K), 0,0149864 secs] [Times: user=0,05 sys=0,01, real=0,01 secs] 
Heap after GC invocations=4 (full 1):
 par new generation   total 109248K, used 11289K [0x00000000e0000000, 0x00000000e8000000, 0x00000000e8000000)
  eden space 87424K,   0% used [0x00000000e0000000, 0x00000000e0000000, 0x00000000e5560000)
  from space 21824K,  51% used [0x00000000e5560000, 0x00000000e60667c0, 0x00000000e6ab0000)
  to   space 21824K,   0% used [0x00000000e6ab0000, 0x00000000e6ab0000, 0x00000000e8000000)
 concurrent mark-sweep generation total 393216K, used 0K [0x00000000e8000000, 0x0000000100000000, 0x0000000100000000)
 Metaspace       used 21015K, capacity 21398K, committed 21628K, reserved 1069056K
  class space    used 2416K, capacity 2583K, committed 2684K, reserved 1048576K
}
2017-04-10T15:05:01.714+0200: 3,102: [Rescan (parallel) , 0,0042102 secs]2017-04-10T15:05:01.719+0200: 3,106: [weak refs processing, 0,0018197 secs]2017-04-10T15:05:01.720+0200: 3,108: [class unloading, 0,0031344 secs]2017-04-10T15:05:01.724+0200: 3,111: [scrub symbol table, 0,0033174 secs]2017-04-10T15:05:01.727+0200: 3,115: [scrub string table, 0,0003691 secs][1 CMS-remark: 0K(393216K)] 11289K(502464K), 0,0284865 secs] [Times: user=0,08 sys=0,01, real=0,02 secs] 
2017-04-10T15:05:01.728+0200: 3,116: Total time for which application threads were stopped: 0,0286080 seconds, Stopping threads took: 0,0000266 seconds
2017-04-10T15:05:01.728+0200: 3,116: [CMS-concurrent-sweep-start]
2017-04-10T15:05:01.728+0200: 3,116: [CMS-concurrent-sweep: 0,000/0,000 secs] [Times: user=0,00 sys=0,00, real=0,00 secs] 
2017-04-10T15:05:01.728+0200: 3,116: [CMS-concurrent-reset-start]
2017-04-10T15:05:01.730+0200: 3,118: [CMS-concurrent-reset: 0,002/0,002 secs] [Times: user=0,01 sys=0,00, real=0,01 secs] 
{Heap before GC invocations=4 (full 1):
 par new generation   total 109248K, used 98713K [0x00000000e0000000, 0x00000000e8000000, 0x00000000e8000000)
  eden space 87424K, 100% used [0x00000000e0000000, 0x00000000e5560000, 0x00000000e5560000)
  from space 21824K,  51% used [0x00000000e5560000, 0x00000000e60667c0, 0x00000000e6ab0000)
  to   space 21824K,   0% used [0x00000000e6ab0000, 0x00000000e6ab0000, 0x00000000e8000000)
 concurrent mark-sweep generation total 393216K, used 0K [0x00000000e8000000, 0x0000000100000000, 0x0000000100000000)
 Metaspace       used 21261K, capacity 21674K, committed 21884K, reserved 1069056K
  class space    used 2444K, capacity 2598K, committed 2684K, reserved 1048576K
2017-04-10T15:05:01.826+0200: 3,214: [GC (Allocation Failure) 2017-04-10T15:05:01.826+0200: 3,214: [ParNew
Desired survivor size 20112992 bytes, new threshold 8 (max 8)
- age   1:    1435896 bytes,    1435896 total
- age   3:    1506264 bytes,    2942160 total
- age   4:    1293264 bytes,    4235424 total
- age   5:    6143096 bytes,   10378520 total
: 98713K->14929K(109248K), 0,0100979 secs] 98713K->14929K(502464K), 0,0101692 secs] [Times: user=0,04 sys=0,00, real=0,01 secs] 
Heap after GC invocations=5 (full 1):
 par new generation   total 109248K, used 14929K [0x00000000e0000000, 0x00000000e8000000, 0x00000000e8000000)
  eden space 87424K,   0% used [0x00000000e0000000, 0x00000000e0000000, 0x00000000e5560000)
  from space 21824K,  68% used [0x00000000e6ab0000, 0x00000000e79445e0, 0x00000000e8000000)
  to   space 21824K,   0% used [0x00000000e5560000, 0x00000000e5560000, 0x00000000e6ab0000)
 concurrent mark-sweep generation total 393216K, used 0K [0x00000000e8000000, 0x0000000100000000, 0x0000000100000000)
 Metaspace       used 21261K, capacity 21674K, committed 21884K, reserved 1069056K
  class space    used 2444K, capacity 2598K, committed 2684K, reserved 1048576K
}
2017-04-10T15:05:01.836+0200: 3,224: Total time for which application threads were stopped: 0,0104607 seconds, Stopping threads took: 0,0001322 seconds
{Heap before GC invocations=5 (full 1):
 par new generation   total 109248K, used 102353K [0x00000000e0000000, 0x00000000e8000000, 0x00000000e8000000)
  eden space 87424K, 100% used [0x00000000e0000000, 0x00000000e5560000, 0x00000000e5560000)
  from space 21824K,  68% used [0x00000000e6ab0000, 0x00000000e79445e0, 0x00000000e8000000)
  to   space 21824K,   0% used [0x00000000e5560000, 0x00000000e5560000, 0x00000000e6ab0000)
 concurrent mark-sweep generation total 393216K, used 0K [0x00000000e8000000, 0x0000000100000000, 0x0000000100000000)
 Metaspace       used 21424K, capacity 21834K, committed 22140K, reserved 1069056K
  class space    used 2464K, capacity 2630K, committed 2684K, reserved 1048576K
2017-04-10T15:05:01.941+0200: 3,329: [GC (Allocation Failure) 2017-04-10T15:05:01.941+0200: 3,329: [ParNew
Desired survivor size 20112992 bytes, new threshold 8 (max 8)
- age   1:     914760 bytes,     914760 total
- age   2:     170912 bytes,    1085672 total
- age   4:    1506056 bytes,    2591728 total
- age   5:    1291216 bytes,    3882944 total
- age   6:    6142952 bytes,   10025896 total
: 102353K->13350K(109248K), 0,0112871 secs] 102353K->13350K(502464K), 0,0113526 secs] [Times: user=0,03 sys=0,00, real=0,01 secs] 
Heap after GC invocations=6 (full 1):
 par new generation   total 109248K, used 13350K [0x00000000e0000000, 0x00000000e8000000, 0x00000000e8000000)
  eden space 87424K,   0% used [0x00000000e0000000, 0x00000000e0000000, 0x00000000e5560000)
  from space 21824K,  61% used [0x00000000e5560000, 0x00000000e62698a8, 0x00000000e6ab0000)
  to   space 21824K,   0% used [0x00000000e6ab0000, 0x00000000e6ab0000, 0x00000000e8000000)
 concurrent mark-sweep generation total 393216K, used 0K [0x00000000e8000000, 0x0000000100000000, 0x0000000100000000)
 Metaspace       used 21424K, capacity 21834K, committed 22140K, reserved 1069056K
  class space    used 2464K, capacity 2630K, committed 2684K, reserved 1048576K
}
2017-04-10T15:05:01.953+0200: 3,340: Total time for which application threads were stopped: 0,0123849 seconds, Stopping threads took: 0,0008727 seconds
2017-04-10T15:05:01.986+0200: 3,374: Total time for which application threads were stopped: 0,0003461 seconds, Stopping threads took: 0,0000226 seconds
2017-04-10T15:05:02.127+0200: 3,515: Total time for which application threads were stopped: 0,0005392 seconds, Stopping threads took: 0,0000800 seconds
2017-04-10T15:05:02.179+0200: 3,567: Total time for which application threads were stopped: 0,0004600 seconds, Stopping threads took: 0,0000361 seconds
2017-04-10T15:05:02.199+0200: 3,587: Total time for which application threads were stopped: 0,0004597 seconds, Stopping threads took: 0,0000497 seconds
{Heap before GC invocations=6 (full 1):
 par new generation   total 109248K, used 100774K [0x00000000e0000000, 0x00000000e8000000, 0x00000000e8000000)
  eden space 87424K, 100% used [0x00000000e0000000, 0x00000000e5560000, 0x00000000e5560000)
  from space 21824K,  61% used [0x00000000e5560000, 0x00000000e62698a8, 0x00000000e6ab0000)
  to   space 21824K,   0% used [0x00000000e6ab0000, 0x00000000e6ab0000, 0x00000000e8000000)
 concurrent mark-sweep generation total 393216K, used 0K [0x00000000e8000000, 0x0000000100000000, 0x0000000100000000)
 Metaspace       used 23838K, capacity 24280K, committed 24572K, reserved 1071104K
  class space    used 2798K, capacity 2975K, committed 3068K, reserved 1048576K
2017-04-10T15:05:02.348+0200: 3,736: [GC (Allocation Failure) 2017-04-10T15:05:02.348+0200: 3,736: [ParNew
Desired survivor size 20112992 bytes, new threshold 8 (max 8)
- age   1:    5333896 bytes,    5333896 total
- age   2:     119656 bytes,    5453552 total
- age   3:     169456 bytes,    5623008 total
- age   5:     328568 bytes,    5951576 total
- age   6:    1266888 bytes,    7218464 total
- age   7:    6134848 bytes,   13353312 total
: 100774K->16753K(109248K), 0,0119973 secs] 100774K->16753K(502464K), 0,0120704 secs] [Times: user=0,04 sys=0,00, real=0,02 secs] 
Heap after GC invocations=7 (full 1):
 par new generation   total 109248K, used 16753K [0x00000000e0000000, 0x00000000e8000000, 0x00000000e8000000)
  eden space 87424K,   0% used [0x00000000e0000000, 0x00000000e0000000, 0x00000000e5560000)
  from space 21824K,  76% used [0x00000000e6ab0000, 0x00000000e7b0c5c8, 0x00000000e8000000)
  to   space 21824K,   0% used [0x00000000e5560000, 0x00000000e5560000, 0x00000000e6ab0000)
 concurrent mark-sweep generation total 393216K, used 0K [0x00000000e8000000, 0x0000000100000000, 0x0000000100000000)
 Metaspace       used 23838K, capacity 24280K, committed 24572K, reserved 1071104K
  class space    used 2798K, capacity 2975K, committed 3068K, reserved 1048576K
}
2017-04-10T15:05:02.360+0200: 3,748: Total time for which application threads were stopped: 0,0123398 seconds, Stopping threads took: 0,0000624 seconds
{Heap before GC invocations=7 (full 1):
 par new generation   total 109248K, used 104177K [0x00000000e0000000, 0x00000000e8000000, 0x00000000e8000000)
  eden space 87424K, 100% used [0x00000000e0000000, 0x00000000e5560000, 0x00000000e5560000)
  from space 21824K,  76% used [0x00000000e6ab0000, 0x00000000e7b0c5c8, 0x00000000e8000000)
  to   space 21824K,   0% used [0x00000000e5560000, 0x00000000e5560000, 0x00000000e6ab0000)
 concurrent mark-sweep generation total 393216K, used 0K [0x00000000e8000000, 0x0000000100000000, 0x0000000100000000)
 Metaspace       used 24249K, capacity 24734K, committed 24828K, reserved 1071104K
  class space    used 2842K, capacity 3040K, committed 3068K, reserved 1048576K
2017-04-10T15:05:02.466+0200: 3,854: [GC (Allocation Failure) 2017-04-10T15:05:02.466+0200: 3,854: [ParNew
Desired survivor size 20112992 bytes, new threshold 8 (max 8)
- age   1:    1763336 bytes,    1763336 total
- age   2:    1819432 bytes,    3582768 total
- age   3:      63776 bytes,    3646544 total
- age   4:      92240 bytes,    3738784 total
- age   6:     208520 bytes,    3947304 total
- age   7:     981912 bytes,    4929216 total
- age   8:    5868176 bytes,   10797392 total
: 104177K->16603K(109248K), 0,0341736 secs] 104177K->16603K(502464K), 0,0342695 secs] [Times: user=0,07 sys=0,00, real=0,04 secs] 
Heap after GC invocations=8 (full 1):
 par new generation   total 109248K, used 16603K [0x00000000e0000000, 0x00000000e8000000, 0x00000000e8000000)
  eden space 87424K,   0% used [0x00000000e0000000, 0x00000000e0000000, 0x00000000e5560000)
  from space 21824K,  76% used [0x00000000e5560000, 0x00000000e6596da0, 0x00000000e6ab0000)
  to   space 21824K,   0% used [0x00000000e6ab0000, 0x00000000e6ab0000, 0x00000000e8000000)
 concurrent mark-sweep generation total 393216K, used 0K [0x00000000e8000000, 0x0000000100000000, 0x0000000100000000)
 Metaspace       used 24249K, capacity 24734K, committed 24828K, reserved 1071104K
  class space    used 2842K, capacity 3040K, committed 3068K, reserved 1048576K
}
2017-04-10T15:05:02.501+0200: 3,888: Total time for which application threads were stopped: 0,0345553 seconds, Stopping threads took: 0,0000525 seconds
{Heap before GC invocations=8 (full 1):
 par new generation   total 109248K, used 104011K [0x00000000e0000000, 0x00000000e8000000, 0x00000000e8000000)
  eden space 87424K,  99% used [0x00000000e0000000, 0x00000000e555bf20, 0x00000000e5560000)
  from space 21824K,  76% used [0x00000000e5560000, 0x00000000e6596da0, 0x00000000e6ab0000)
  to   space 21824K,   0% used [0x00000000e6ab0000, 0x00000000e6ab0000, 0x00000000e8000000)
 concurrent mark-sweep generation total 393216K, used 0K [0x00000000e8000000, 0x0000000100000000, 0x0000000100000000)
 Metaspace       used 24530K, capacity 24952K, committed 25084K, reserved 1071104K
  class space    used 2864K, capacity 3045K, committed 3068K, reserved 1048576K
2017-04-10T15:05:02.599+0200: 3,987: [GC (Allocation Failure) 2017-04-10T15:05:02.599+0200: 3,987: [ParNew
Desired survivor size 20112992 bytes, new threshold 8 (max 8)
- age   1:     740600 bytes,     740600 total
- age   2:    1010008 bytes,    1750608 total
- age   3:    1794864 bytes,    3545472 total
- age   4:      63776 bytes,    3609248 total
- age   5:      92040 bytes,    3701288 total
- age   7:     205752 bytes,    3907040 total
- age   8:     981112 bytes,    4888152 total
: 104011K->8104K(109248K), 0,0322137 secs] 104011K->13917K(502464K), 0,0322787 secs] [Times: user=0,10 sys=0,01, real=0,03 secs] 
Heap after GC invocations=9 (full 1):
 par new generation   total 109248K, used 8104K [0x00000000e0000000, 0x00000000e8000000, 0x00000000e8000000)
  eden space 87424K,   0% used [0x00000000e0000000, 0x00000000e0000000, 0x00000000e5560000)
  from space 21824K,  37% used [0x00000000e6ab0000, 0x00000000e729a3e0, 0x00000000e8000000)
  to   space 21824K,   0% used [0x00000000e5560000, 0x00000000e5560000, 0x00000000e6ab0000)
 concurrent mark-sweep generation total 393216K, used 5812K [0x00000000e8000000, 0x0000000100000000, 0x0000000100000000)
 Metaspace       used 24530K, capacity 24952K, committed 25084K, reserved 1071104K
  class space    used 2864K, capacity 3045K, committed 3068K, reserved 1048576K
}
2017-04-10T15:05:02.632+0200: 4,020: Total time for which application threads were stopped: 0,0327462 seconds, Stopping threads took: 0,0003272 seconds
2017-04-10T15:05:02.662+0200: 4,050: Total time for which application threads were stopped: 0,0016476 seconds, Stopping threads took: 0,0013598 seconds
2017-04-10T15:05:02.758+0200: 4,146: Total time for which application threads were stopped: 0,0012929 seconds, Stopping threads took: 0,0011893 seconds
2017-04-10T15:05:02.758+0200: 4,146: Total time for which application threads were stopped: 0,0000708 seconds, Stopping threads took: 0,0000204 seconds
2017-04-10T15:05:02.766+0200: 4,154: Total time for which application threads were stopped: 0,0039481 seconds, Stopping threads took: 0,0038397 seconds
2017-04-10T15:05:02.766+0200: 4,154: Total time for which application threads were stopped: 0,0001309 seconds, Stopping threads took: 0,0000250 seconds
2017-04-10T15:05:02.767+0200: 4,155: Total time for which application threads were stopped: 0,0001337 seconds, Stopping threads took: 0,0000442 seconds
2017-04-10T15:05:02.773+0200: 4,161: Total time for which application threads were stopped: 0,0003987 seconds, Stopping threads took: 0,0003090 seconds
2017-04-10T15:05:02.773+0200: 4,161: Total time for which application threads were stopped: 0,0000962 seconds, Stopping threads took: 0,0000563 seconds
2017-04-10T15:05:02.773+0200: 4,161: Total time for which application threads were stopped: 0,0001845 seconds, Stopping threads took: 0,0001284 seconds
2017-04-10T15:05:02.774+0200: 4,161: Total time for which application threads were stopped: 0,0000440 seconds, Stopping threads took: 0,0000132 seconds
2017-04-10T15:05:02.774+0200: 4,162: Total time for which application threads were stopped: 0,0001081 seconds, Stopping threads took: 0,0000328 seconds
2017-04-10T15:05:02.774+0200: 4,162: Total time for which application threads were stopped: 0,0000534 seconds, Stopping threads took: 0,0000174 seconds
2017-04-10T15:05:02.775+0200: 4,162: Total time for which application threads were stopped: 0,0000764 seconds, Stopping threads took: 0,0000143 seconds
2017-04-10T15:05:02.776+0200: 4,164: Total time for which application threads were stopped: 0,0001106 seconds, Stopping threads took: 0,0000359 seconds
2017-04-10T15:05:02.776+0200: 4,164: Total time for which application threads were stopped: 0,0005613 seconds, Stopping threads took: 0,0004929 seconds
2017-04-10T15:05:02.777+0200: 4,165: Total time for which application threads were stopped: 0,0002152 seconds, Stopping threads took: 0,0001244 seconds
2017-04-10T15:05:02.777+0200: 4,165: Total time for which application threads were stopped: 0,0000692 seconds, Stopping threads took: 0,0000116 seconds
2017-04-10T15:05:02.777+0200: 4,165: Total time for which application threads were stopped: 0,0000732 seconds, Stopping threads took: 0,0000228 seconds
2017-04-10T15:05:02.777+0200: 4,165: Total time for which application threads were stopped: 0,0000490 seconds, Stopping threads took: 0,0000129 seconds
2017-04-10T15:05:02.778+0200: 4,165: Total time for which application threads were stopped: 0,0001459 seconds, Stopping threads took: 0,0000982 seconds
2017-04-10T15:05:02.778+0200: 4,166: Total time for which application threads were stopped: 0,0000723 seconds, Stopping threads took: 0,0000146 seconds
2017-04-10T15:05:02.778+0200: 4,166: Total time for which application threads were stopped: 0,0000690 seconds, Stopping threads took: 0,0000236 seconds
2017-04-10T15:05:02.778+0200: 4,166: Total time for which application threads were stopped: 0,0000680 seconds, Stopping threads took: 0,0000177 seconds
2017-04-10T15:05:02.778+0200: 4,166: Total time for which application threads were stopped: 0,0000413 seconds, Stopping threads took: 0,0000100 seconds
2017-04-10T15:05:02.779+0200: 4,166: Total time for which application threads were stopped: 0,0001311 seconds, Stopping threads took: 0,0000210 seconds
2017-04-10T15:05:02.780+0200: 4,168: Total time for which application threads were stopped: 0,0000966 seconds, Stopping threads took: 0,0000242 seconds
2017-04-10T15:05:02.780+0200: 4,168: Total time for which application threads were stopped: 0,0000558 seconds, Stopping threads took: 0,0000118 seconds
2017-04-10T15:05:02.780+0200: 4,168: Total time for which application threads were stopped: 0,0000539 seconds, Stopping threads took: 0,0000082 seconds
2017-04-10T15:05:02.786+0200: 4,174: Total time for which application threads were stopped: 0,0001162 seconds, Stopping threads took: 0,0000413 seconds
2017-04-10T15:05:02.786+0200: 4,174: Total time for which application threads were stopped: 0,0000628 seconds, Stopping threads took: 0,0000211 seconds
2017-04-10T15:05:02.786+0200: 4,174: Total time for which application threads were stopped: 0,0000451 seconds, Stopping threads took: 0,0000091 seconds
2017-04-10T15:05:02.786+0200: 4,174: Total time for which application threads were stopped: 0,0000534 seconds, Stopping threads took: 0,0000166 seconds
2017-04-10T15:05:02.786+0200: 4,174: Total time for which application threads were stopped: 0,0000538 seconds, Stopping threads took: 0,0000155 seconds
2017-04-10T15:05:02.786+0200: 4,174: Total time for which application threads were stopped: 0,0000508 seconds, Stopping threads took: 0,0000152 seconds
2017-04-10T15:05:02.789+0200: 4,177: Total time for which application threads were stopped: 0,0001233 seconds, Stopping threads took: 0,0000365 seconds
2017-04-10T15:05:02.789+0200: 4,177: Total time for which application threads were stopped: 0,0000524 seconds, Stopping threads took: 0,0000099 seconds
2017-04-10T15:05:02.789+0200: 4,177: Total time for which application threads were stopped: 0,0000589 seconds, Stopping threads took: 0,0000120 seconds
2017-04-10T15:05:02.794+0200: 4,182: Total time for which application threads were stopped: 0,0001171 seconds, Stopping threads took: 0,0000279 seconds
2017-04-10T15:05:02.795+0200: 4,182: Total time for which application threads were stopped: 0,0000782 seconds, Stopping threads took: 0,0000174 seconds
2017-04-10T15:05:02.795+0200: 4,183: Total time for which application threads were stopped: 0,0000787 seconds, Stopping threads took: 0,0000337 seconds
2017-04-10T15:05:02.795+0200: 4,183: Total time for which application threads were stopped: 0,0000975 seconds, Stopping threads took: 0,0000326 seconds
2017-04-10T15:05:02.795+0200: 4,183: Total time for which application threads were stopped: 0,0000801 seconds, Stopping threads took: 0,0000136 seconds
2017-04-10T15:05:02.795+0200: 4,183: Total time for which application threads were stopped: 0,0000627 seconds, Stopping threads took: 0,0000121 seconds
2017-04-10T15:05:02.795+0200: 4,183: Total time for which application threads were stopped: 0,0000650 seconds, Stopping threads took: 0,0000097 seconds
2017-04-10T15:05:02.796+0200: 4,183: Total time for which application threads were stopped: 0,0000568 seconds, Stopping threads took: 0,0000089 seconds
2017-04-10T15:05:02.796+0200: 4,184: Total time for which application threads were stopped: 0,0001635 seconds, Stopping threads took: 0,0000097 seconds
2017-04-10T15:05:02.796+0200: 4,184: Total time for which application threads were stopped: 0,0001022 seconds, Stopping threads took: 0,0000182 seconds
2017-04-10T15:05:02.809+0200: 4,196: Total time for which application threads were stopped: 0,0001578 seconds, Stopping threads took: 0,0000628 seconds
2017-04-10T15:05:02.811+0200: 4,199: Total time for which application threads were stopped: 0,0001440 seconds, Stopping threads took: 0,0000232 seconds
2017-04-10T15:05:02.812+0200: 4,200: Total time for which application threads were stopped: 0,0001327 seconds, Stopping threads took: 0,0000247 seconds
2017-04-10T15:05:02.812+0200: 4,200: Total time for which application threads were stopped: 0,0000724 seconds, Stopping threads took: 0,0000112 seconds
2017-04-10T15:05:02.816+0200: 4,204: Total time for which application threads were stopped: 0,0025589 seconds, Stopping threads took: 0,0024390 seconds
2017-04-10T15:05:02.817+0200: 4,205: Total time for which application threads were stopped: 0,0001042 seconds, Stopping threads took: 0,0000197 seconds
2017-04-10T15:05:02.818+0200: 4,206: Total time for which application threads were stopped: 0,0001226 seconds, Stopping threads took: 0,0000229 seconds
2017-04-10T15:05:02.819+0200: 4,206: Total time for which application threads were stopped: 0,0000785 seconds, Stopping threads took: 0,0000130 seconds
2017-04-10T15:05:02.819+0200: 4,207: Total time for which application threads were stopped: 0,0000653 seconds, Stopping threads took: 0,0000095 seconds
2017-04-10T15:05:02.819+0200: 4,207: Total time for which application threads were stopped: 0,0000588 seconds, Stopping threads took: 0,0000084 seconds
2017-04-10T15:05:02.820+0200: 4,207: Total time for which application threads were stopped: 0,0000937 seconds, Stopping threads took: 0,0000147 seconds
2017-04-10T15:05:02.841+0200: 4,229: Total time for which application threads were stopped: 0,0001677 seconds, Stopping threads took: 0,0000447 seconds
2017-04-10T15:05:02.845+0200: 4,233: Total time for which application threads were stopped: 0,0001558 seconds, Stopping threads took: 0,0000492 seconds
2017-04-10T15:05:02.845+0200: 4,233: Total time for which application threads were stopped: 0,0001142 seconds, Stopping threads took: 0,0000275 seconds
2017-04-10T15:05:02.845+0200: 4,233: Total time for which application threads were stopped: 0,0000928 seconds, Stopping threads took: 0,0000191 seconds
2017-04-10T15:05:02.852+0200: 4,240: Total time for which application threads were stopped: 0,0001253 seconds, Stopping threads took: 0,0000357 seconds
2017-04-10T15:05:02.853+0200: 4,241: Total time for which application threads were stopped: 0,0001823 seconds, Stopping threads took: 0,0000473 seconds
2017-04-10T15:05:02.875+0200: 4,263: Total time for which application threads were stopped: 0,0001284 seconds, Stopping threads took: 0,0000384 seconds
2017-04-10T15:05:02.877+0200: 4,265: Total time for which application threads were stopped: 0,0012384 seconds, Stopping threads took: 0,0011657 seconds
2017-04-10T15:05:02.882+0200: 4,270: Total time for which application threads were stopped: 0,0035782 seconds, Stopping threads took: 0,0034851 seconds
2017-04-10T15:05:02.889+0200: 4,276: Total time for which application threads were stopped: 0,0001195 seconds, Stopping threads took: 0,0000595 seconds
2017-04-10T15:05:02.894+0200: 4,282: Total time for which application threads were stopped: 0,0001311 seconds, Stopping threads took: 0,0000227 seconds
2017-04-10T15:05:02.899+0200: 4,287: Total time for which application threads were stopped: 0,0001205 seconds, Stopping threads took: 0,0000535 seconds
2017-04-10T15:05:02.902+0200: 4,290: Total time for which application threads were stopped: 0,0001291 seconds, Stopping threads took: 0,0000315 seconds
2017-04-10T15:05:02.903+0200: 4,291: Total time for which application threads were stopped: 0,0001364 seconds, Stopping threads took: 0,0000401 seconds
2017-04-10T15:05:02.909+0200: 4,297: Total time for which application threads were stopped: 0,0001178 seconds, Stopping threads took: 0,0000186 seconds
2017-04-10T15:05:02.918+0200: 4,306: Total time for which application threads were stopped: 0,0007953 seconds, Stopping threads took: 0,0007162 seconds
2017-04-10T15:05:02.929+0200: 4,317: Total time for which application threads were stopped: 0,0001159 seconds, Stopping threads took: 0,0000451 seconds
2017-04-10T15:05:02.938+0200: 4,326: Total time for which application threads were stopped: 0,0001376 seconds, Stopping threads took: 0,0000346 seconds
2017-04-10T15:05:02.983+0200: 4,370: Total time for which application threads were stopped: 0,0003809 seconds, Stopping threads took: 0,0000216 seconds
2017-04-10T15:05:02.996+0200: 4,383: Total time for which application threads were stopped: 0,0003713 seconds, Stopping threads took: 0,0000207 seconds
2017-04-10T15:05:03.038+0200: 4,426: Total time for which application threads were stopped: 0,0004460 seconds, Stopping threads took: 0,0000351 seconds
2017-04-10T15:05:03.039+0200: 4,427: Total time for which application threads were stopped: 0,0001202 seconds, Stopping threads took: 0,0000380 seconds
2017-04-10T15:05:03.046+0200: 4,434: Total time for which application threads were stopped: 0,0038304 seconds, Stopping threads took: 0,0037554 seconds
2017-04-10T15:05:03.046+0200: 4,434: Total time for which application threads were stopped: 0,0000823 seconds, Stopping threads took: 0,0000301 seconds
2017-04-10T15:05:03.049+0200: 4,437: Total time for which application threads were stopped: 0,0000955 seconds, Stopping threads took: 0,0000375 seconds
2017-04-10T15:05:03.055+0200: 4,442: Total time for which application threads were stopped: 0,0000786 seconds, Stopping threads took: 0,0000192 seconds
2017-04-10T15:05:03.059+0200: 4,447: Total time for which application threads were stopped: 0,0000722 seconds, Stopping threads took: 0,0000211 seconds
2017-04-10T15:05:03.064+0200: 4,451: Total time for which application threads were stopped: 0,0001306 seconds, Stopping threads took: 0,0000520 seconds
2017-04-10T15:05:03.066+0200: 4,454: Total time for which application threads were stopped: 0,0001022 seconds, Stopping threads took: 0,0000405 seconds
2017-04-10T15:05:03.068+0200: 4,456: Total time for which application threads were stopped: 0,0001301 seconds, Stopping threads took: 0,0000474 seconds
2017-04-10T15:05:03.078+0200: 4,466: Total time for which application threads were stopped: 0,0007366 seconds, Stopping threads took: 0,0006552 seconds
2017-04-10T15:05:03.078+0200: 4,466: Total time for which application threads were stopped: 0,0000901 seconds, Stopping threads took: 0,0000260 seconds
2017-04-10T15:05:03.078+0200: 4,466: Total time for which application threads were stopped: 0,0000774 seconds, Stopping threads took: 0,0000167 seconds
2017-04-10T15:05:03.084+0200: 4,472: Total time for which application threads were stopped: 0,0001571 seconds, Stopping threads took: 0,0000777 seconds
2017-04-10T15:05:03.086+0200: 4,474: Total time for which application threads were stopped: 0,0001386 seconds, Stopping threads took: 0,0000501 seconds
2017-04-10T15:05:03.090+0200: 4,477: Total time for which application threads were stopped: 0,0001125 seconds, Stopping threads took: 0,0000395 seconds
2017-04-10T15:05:03.093+0200: 4,480: Total time for which application threads were stopped: 0,0000920 seconds, Stopping threads took: 0,0000198 seconds
2017-04-10T15:05:03.094+0200: 4,482: Total time for which application threads were stopped: 0,0000869 seconds, Stopping threads took: 0,0000182 seconds
2017-04-10T15:05:03.099+0200: 4,487: Total time for which application threads were stopped: 0,0001880 seconds, Stopping threads took: 0,0001004 seconds
2017-04-10T15:05:03.136+0200: 4,524: Total time for which application threads were stopped: 0,0052530 seconds, Stopping threads took: 0,0051861 seconds
2017-04-10T15:05:03.152+0200: 4,540: Total time for which application threads were stopped: 0,0005364 seconds, Stopping threads took: 0,0004496 seconds
2017-04-10T15:05:03.159+0200: 4,547: Total time for which application threads were stopped: 0,0001803 seconds, Stopping threads took: 0,0000222 seconds
{Heap before GC invocations=9 (full 1):
 par new generation   total 109248K, used 93462K [0x00000000e0000000, 0x00000000e8000000, 0x00000000e8000000)
  eden space 87424K,  97% used [0x00000000e0000000, 0x00000000e535b648, 0x00000000e5560000)
  from space 21824K,  37% used [0x00000000e6ab0000, 0x00000000e729a3e0, 0x00000000e8000000)
  to   space 21824K,   0% used [0x00000000e5560000, 0x00000000e5560000, 0x00000000e6ab0000)
 concurrent mark-sweep generation total 393216K, used 5812K [0x00000000e8000000, 0x0000000100000000, 0x0000000100000000)
 Metaspace       used 27731K, capacity 28254K, committed 28540K, reserved 1075200K
  class space    used 3169K, capacity 3352K, committed 3452K, reserved 1048576K
2017-04-10T15:05:03.164+0200: 4,552: [GC (Allocation Failure) 2017-04-10T15:05:03.164+0200: 4,552: [ParNew
Desired survivor size 20112992 bytes, new threshold 8 (max 8)
- age   1:    9030856 bytes,    9030856 total
- age   2:     194088 bytes,    9224944 total
- age   3:     215736 bytes,    9440680 total
- age   4:    1788592 bytes,   11229272 total
- age   5:      63776 bytes,   11293048 total
- age   6:      91928 bytes,   11384976 total
- age   8:     202632 bytes,   11587608 total
: 93462K->13105K(109248K), 0,0197239 secs] 99275K->19989K(502464K), 0,0198072 secs] [Times: user=0,06 sys=0,00, real=0,02 secs] 
Heap after GC invocations=10 (full 1):
 par new generation   total 109248K, used 13105K [0x00000000e0000000, 0x00000000e8000000, 0x00000000e8000000)
  eden space 87424K,   0% used [0x00000000e0000000, 0x00000000e0000000, 0x00000000e5560000)
  from space 21824K,  60% used [0x00000000e5560000, 0x00000000e622c490, 0x00000000e6ab0000)
  to   space 21824K,   0% used [0x00000000e6ab0000, 0x00000000e6ab0000, 0x00000000e8000000)
 concurrent mark-sweep generation total 393216K, used 6884K [0x00000000e8000000, 0x0000000100000000, 0x0000000100000000)
 Metaspace       used 27731K, capacity 28254K, committed 28540K, reserved 1075200K
  class space    used 3169K, capacity 3352K, committed 3452K, reserved 1048576K
}
2017-04-10T15:05:03.184+0200: 4,572: Total time for which application threads were stopped: 0,0200241 seconds, Stopping threads took: 0,0000368 seconds
2017-04-10T15:05:03.190+0200: 4,578: Total time for which application threads were stopped: 0,0001109 seconds, Stopping threads took: 0,0000641 seconds
2017-04-10T15:05:03.194+0200: 4,582: Total time for which application threads were stopped: 0,0001081 seconds, Stopping threads took: 0,0000424 seconds
2017-04-10T15:05:03.198+0200: 4,586: Total time for which application threads were stopped: 0,0001070 seconds, Stopping threads took: 0,0000388 seconds
2017-04-10T15:05:03.199+0200: 4,587: Total time for which application threads were stopped: 0,0003996 seconds, Stopping threads took: 0,0000190 seconds
2017-04-10T15:05:03.200+0200: 4,587: Total time for which application threads were stopped: 0,0000982 seconds, Stopping threads took: 0,0000344 seconds
2017-04-10T15:05:04.200+0200: 5,588: Total time for which application threads were stopped: 0,0001594 seconds, Stopping threads took: 0,0000268 seconds
2017-04-10T15:08:41.096+0200: 87,855: Total time for which application threads were stopped: 0,0000794 seconds, Stopping threads took: 0,0000333 seconds
2017-04-10T15:09:16.100+0200: 122,858: Total time for which application threads were stopped: 0,0000764 seconds, Stopping threads took: 0,0000298 seconds
2017-04-10T15:09:21.101+0200: 127,859: Total time for which application threads were stopped: 0,0000963 seconds, Stopping threads took: 0,0000255 seconds
2017-04-10T15:09:45.103+0200: 151,861: Total time for which application threads were stopped: 0,0000908 seconds, Stopping threads took: 0,0000342 seconds
2017-04-10T15:11:39.653+0200: 265,853: Total time for which application threads were stopped: 0,0005608 seconds, Stopping threads took: 0,0000217 seconds
2017-04-10T15:11:39.655+0200: 265,855: Total time for which application threads were stopped: 0,0004800 seconds, Stopping threads took: 0,0000152 seconds
2017-04-10T15:11:39.669+0200: 265,869: Total time for which application threads were stopped: 0,0030190 seconds, Stopping threads took: 0,0028831 seconds
2017-04-10T15:11:39.671+0200: 265,871: Total time for which application threads were stopped: 0,0008288 seconds, Stopping threads took: 0,0001746 seconds
2017-04-10T15:11:39.682+0200: 265,882: Total time for which application threads were stopped: 0,0006377 seconds, Stopping threads took: 0,0005383 seconds
2017-04-10T15:11:39.682+0200: 265,882: Total time for which application threads were stopped: 0,0001210 seconds, Stopping threads took: 0,0000260 seconds
2017-04-10T15:11:39.686+0200: 265,886: Total time for which application threads were stopped: 0,0001006 seconds, Stopping threads took: 0,0000187 seconds
2017-04-10T15:11:39.687+0200: 265,887: Total time for which application threads were stopped: 0,0000958 seconds, Stopping threads took: 0,0000145 seconds
2017-04-10T15:11:39.690+0200: 265,890: Total time for which application threads were stopped: 0,0001144 seconds, Stopping threads took: 0,0000273 seconds
2017-04-10T15:11:39.690+0200: 265,890: Total time for which application threads were stopped: 0,0000806 seconds, Stopping threads took: 0,0000252 seconds
2017-04-10T15:11:39.690+0200: 265,890: Total time for which application threads were stopped: 0,0000910 seconds, Stopping threads took: 0,0000392 seconds
2017-04-10T15:11:39.690+0200: 265,890: Total time for which application threads were stopped: 0,0001093 seconds, Stopping threads took: 0,0000303 seconds
2017-04-10T15:11:39.691+0200: 265,891: Total time for which application threads were stopped: 0,0001040 seconds, Stopping threads took: 0,0000370 seconds
2017-04-10T15:11:39.691+0200: 265,891: Total time for which application threads were stopped: 0,0000654 seconds, Stopping threads took: 0,0000195 seconds
2017-04-10T15:11:39.691+0200: 265,891: Total time for which application threads were stopped: 0,0000461 seconds, Stopping threads took: 0,0000103 seconds
2017-04-10T15:11:39.691+0200: 265,891: Total time for which application threads were stopped: 0,0000555 seconds, Stopping threads took: 0,0000220 seconds
2017-04-10T15:11:39.691+0200: 265,891: Total time for which application threads were stopped: 0,0000560 seconds, Stopping threads took: 0,0000228 seconds
2017-04-10T15:11:39.692+0200: 265,892: Total time for which application threads were stopped: 0,0001143 seconds, Stopping threads took: 0,0000332 seconds
2017-04-10T15:11:39.693+0200: 265,893: Total time for which application threads were stopped: 0,0009780 seconds, Stopping threads took: 0,0000249 seconds
2017-04-10T15:11:39.695+0200: 265,895: Total time for which application threads were stopped: 0,0001047 seconds, Stopping threads took: 0,0000287 seconds
2017-04-10T15:11:39.695+0200: 265,895: Total time for which application threads were stopped: 0,0000349 seconds, Stopping threads took: 0,0000111 seconds
2017-04-10T15:11:39.699+0200: 265,899: Total time for which application threads were stopped: 0,0001540 seconds, Stopping threads took: 0,0000991 seconds
2017-04-10T15:11:39.700+0200: 265,900: Total time for which application threads were stopped: 0,0001288 seconds, Stopping threads took: 0,0000566 seconds
2017-04-10T15:11:39.700+0200: 265,900: Total time for which application threads were stopped: 0,0000612 seconds, Stopping threads took: 0,0000120 seconds
2017-04-10T15:11:39.700+0200: 265,900: Total time for which application threads were stopped: 0,0000487 seconds, Stopping threads took: 0,0000086 seconds
2017-04-10T15:11:39.700+0200: 265,900: Total time for which application threads were stopped: 0,0000507 seconds, Stopping threads took: 0,0000086 seconds
2017-04-10T15:11:39.701+0200: 265,900: Total time for which application threads were stopped: 0,0000529 seconds, Stopping threads took: 0,0000254 seconds
2017-04-10T15:11:39.701+0200: 265,901: Total time for which application threads were stopped: 0,0000374 seconds, Stopping threads took: 0,0000087 seconds
2017-04-10T15:11:39.705+0200: 265,905: Total time for which application threads were stopped: 0,0001170 seconds, Stopping threads took: 0,0000490 seconds
2017-04-10T15:11:39.706+0200: 265,906: Total time for which application threads were stopped: 0,0000922 seconds, Stopping threads took: 0,0000422 seconds
2017-04-10T15:11:39.707+0200: 265,907: Total time for which application threads were stopped: 0,0000678 seconds, Stopping threads took: 0,0000276 seconds
2017-04-10T15:11:39.708+0200: 265,908: Total time for which application threads were stopped: 0,0012008 seconds, Stopping threads took: 0,0011610 seconds
2017-04-10T15:11:39.708+0200: 265,908: Total time for which application threads were stopped: 0,0000425 seconds, Stopping threads took: 0,0000166 seconds
2017-04-10T15:11:39.708+0200: 265,908: Total time for which application threads were stopped: 0,0000395 seconds, Stopping threads took: 0,0000169 seconds
2017-04-10T15:11:39.711+0200: 265,911: Total time for which application threads were stopped: 0,0001763 seconds, Stopping threads took: 0,0000993 seconds
2017-04-10T15:11:39.711+0200: 265,911: Total time for which application threads were stopped: 0,0000905 seconds, Stopping threads took: 0,0000590 seconds
2017-04-10T15:11:39.713+0200: 265,913: Total time for which application threads were stopped: 0,0002329 seconds, Stopping threads took: 0,0001007 seconds
2017-04-10T15:11:39.715+0200: 265,915: Total time for which application threads were stopped: 0,0004540 seconds, Stopping threads took: 0,0001528 seconds
2017-04-10T15:11:39.716+0200: 265,916: Total time for which application threads were stopped: 0,0000548 seconds, Stopping threads took: 0,0000131 seconds
2017-04-10T15:11:39.716+0200: 265,916: Total time for which application threads were stopped: 0,0000403 seconds, Stopping threads took: 0,0000174 seconds
2017-04-10T15:11:39.716+0200: 265,916: Total time for which application threads were stopped: 0,0000448 seconds, Stopping threads took: 0,0000251 seconds
2017-04-10T15:11:39.718+0200: 265,918: Total time for which application threads were stopped: 0,0017451 seconds, Stopping threads took: 0,0017187 seconds
2017-04-10T15:11:39.718+0200: 265,918: Total time for which application threads were stopped: 0,0000590 seconds, Stopping threads took: 0,0000305 seconds
2017-04-10T15:11:39.718+0200: 265,918: Total time for which application threads were stopped: 0,0000476 seconds, Stopping threads took: 0,0000275 seconds
2017-04-10T15:11:39.725+0200: 265,925: Total time for which application threads were stopped: 0,0025828 seconds, Stopping threads took: 0,0025207 seconds
2017-04-10T15:11:39.725+0200: 265,925: Total time for which application threads were stopped: 0,0000702 seconds, Stopping threads took: 0,0000390 seconds
2017-04-10T15:11:39.725+0200: 265,925: Total time for which application threads were stopped: 0,0000384 seconds, Stopping threads took: 0,0000085 seconds
2017-04-10T15:11:39.725+0200: 265,925: Total time for which application threads were stopped: 0,0000378 seconds, Stopping threads took: 0,0000072 seconds
2017-04-10T15:11:39.727+0200: 265,927: Total time for which application threads were stopped: 0,0000903 seconds, Stopping threads took: 0,0000394 seconds
2017-04-10T15:11:39.727+0200: 265,927: Total time for which application threads were stopped: 0,0000411 seconds, Stopping threads took: 0,0000069 seconds
2017-04-10T15:11:39.729+0200: 265,929: Total time for which application threads were stopped: 0,0001045 seconds, Stopping threads took: 0,0000514 seconds
2017-04-10T15:11:39.730+0200: 265,930: Total time for which application threads were stopped: 0,0004270 seconds, Stopping threads took: 0,0002829 seconds
2017-04-10T15:11:39.731+0200: 265,931: Total time for which application threads were stopped: 0,0000419 seconds, Stopping threads took: 0,0000088 seconds
2017-04-10T15:11:39.731+0200: 265,931: Total time for which application threads were stopped: 0,0000361 seconds, Stopping threads took: 0,0000052 seconds
2017-04-10T15:11:39.736+0200: 265,936: Total time for which application threads were stopped: 0,0001174 seconds, Stopping threads took: 0,0000696 seconds
2017-04-10T15:11:39.738+0200: 265,938: Total time for which application threads were stopped: 0,0001374 seconds, Stopping threads took: 0,0000442 seconds
2017-04-10T15:11:39.738+0200: 265,938: Total time for which application threads were stopped: 0,0000689 seconds, Stopping threads took: 0,0000273 seconds
2017-04-10T15:11:39.738+0200: 265,938: Total time for which application threads were stopped: 0,0000839 seconds, Stopping threads took: 0,0000467 seconds
2017-04-10T15:11:39.738+0200: 265,938: Total time for which application threads were stopped: 0,0000534 seconds, Stopping threads took: 0,0000226 seconds
2017-04-10T15:11:39.738+0200: 265,938: Total time for which application threads were stopped: 0,0000550 seconds, Stopping threads took: 0,0000227 seconds
2017-04-10T15:11:39.739+0200: 265,939: Total time for which application threads were stopped: 0,0000556 seconds, Stopping threads took: 0,0000233 seconds
2017-04-10T15:11:39.739+0200: 265,939: Total time for which application threads were stopped: 0,0000734 seconds, Stopping threads took: 0,0000387 seconds
2017-04-10T15:11:39.739+0200: 265,939: Total time for which application threads were stopped: 0,0000391 seconds, Stopping threads took: 0,0000161 seconds
2017-04-10T15:11:39.739+0200: 265,939: Total time for which application threads were stopped: 0,0000499 seconds, Stopping threads took: 0,0000185 seconds
2017-04-10T15:11:39.739+0200: 265,939: Total time for which application threads were stopped: 0,0000338 seconds, Stopping threads took: 0,0000124 seconds
2017-04-10T15:11:39.740+0200: 265,939: Total time for which application threads were stopped: 0,0001852 seconds, Stopping threads took: 0,0000106 seconds
2017-04-10T15:11:39.742+0200: 265,942: Total time for which application threads were stopped: 0,0001068 seconds, Stopping threads took: 0,0000252 seconds
2017-04-10T15:11:39.744+0200: 265,944: Total time for which application threads were stopped: 0,0001190 seconds, Stopping threads took: 0,0000653 seconds
2017-04-10T15:11:39.744+0200: 265,944: Total time for which application threads were stopped: 0,0001281 seconds, Stopping threads took: 0,0000395 seconds
Heap
 par new generation   total 109248K, used 40248K [0x00000000e0000000, 0x00000000e8000000, 0x00000000e8000000)
  eden space 87424K,  31% used [0x00000000e0000000, 0x00000000e1a81cd8, 0x00000000e5560000)
  from space 21824K,  60% used [0x00000000e5560000, 0x00000000e622c490, 0x00000000e6ab0000)
  to   space 21824K,   0% used [0x00000000e6ab0000, 0x00000000e6ab0000, 0x00000000e8000000)
 concurrent mark-sweep generation total 393216K, used 6884K [0x00000000e8000000, 0x0000000100000000, 0x0000000100000000)
 Metaspace       used 28173K, capacity 28714K, committed 29052K, reserved 1075200K
  class space    used 3228K, capacity 3420K, committed 3452K, reserved 1048576K
