OpenJDK 64-Bit Server VM (25.131-b11) for linux-amd64 JRE (1.8.0_131-8u131-b11-0ubuntu1.16.04.2-b11), built on May  6 2017 02:45:27 by "buildd" with gcc 5.4.0 20160609
Memory: 4k page, physical 7867740k(7401888k free), swap 8076284k(8076284k free)
CommandLine flags: -XX:CMSInitiatingOccupancyFraction=50 -XX:CMSMaxAbortablePrecleanTime=6000 -XX:+CMSParallelRemarkEnabled -XX:+CMSScavengeBeforeRemark -XX:ConcGCThreads=4 -XX:InitialHeapSize=536870912 -XX:MaxHeapSize=536870912 -XX:MaxTenuringThreshold=8 -XX:NewRatio=3 -XX:OldPLABSize=16 -XX:OnOutOfMemoryError=/opt/solr/bin/oom_solr.sh 8983 /var/solr/logs -XX:ParallelGCThreads=4 -XX:+ParallelRefProcEnabled -XX:PretenureSizeThreshold=67108864 -XX:+PrintGC -XX:+PrintGCApplicationStoppedTime -XX:+PrintGCDateStamps -XX:+PrintGCDetails -XX:+PrintGCTimeStamps -XX:+PrintHeapAtGC -XX:+PrintTenuringDistribution -XX:SurvivorRatio=4 -XX:TargetSurvivorRatio=90 -XX:ThreadStackSize=256 -XX:+UseCMSInitiatingOccupancyOnly -XX:+UseCompressedClassPointers -XX:+UseCompressedOops -XX:+UseConcMarkSweepGC -XX:+UseParNewGC 
2017-05-27T19:03:04.806+0200: 0,134: Total time for which application threads were stopped: 0,0000660 seconds, Stopping threads took: 0,0000096 seconds
2017-05-27T19:03:04.894+0200: 0,221: Total time for which application threads were stopped: 0,0001323 seconds, Stopping threads took: 0,0000214 seconds
2017-05-27T19:03:04.911+0200: 0,239: Total time for which application threads were stopped: 0,0001216 seconds, Stopping threads took: 0,0000278 seconds
2017-05-27T19:03:05.135+0200: 0,463: Total time for which application threads were stopped: 0,0001299 seconds, Stopping threads took: 0,0000136 seconds
2017-05-27T19:03:05.499+0200: 0,827: Total time for which application threads were stopped: 0,0001981 seconds, Stopping threads took: 0,0000327 seconds
2017-05-27T19:03:05.579+0200: 0,907: Total time for which application threads were stopped: 0,0001795 seconds, Stopping threads took: 0,0000235 seconds
2017-05-27T19:03:05.621+0200: 0,949: Total time for which application threads were stopped: 0,0001787 seconds, Stopping threads took: 0,0000290 seconds
2017-05-27T19:03:06.154+0200: 1,482: Total time for which application threads were stopped: 0,0001671 seconds, Stopping threads took: 0,0000200 seconds
2017-05-27T19:03:06.392+0200: 1,720: Total time for which application threads were stopped: 0,0001925 seconds, Stopping threads took: 0,0000206 seconds
2017-05-27T19:03:06.420+0200: 1,747: Total time for which application threads were stopped: 0,0001758 seconds, Stopping threads took: 0,0000373 seconds
2017-05-27T19:03:06.455+0200: 1,783: Total time for which application threads were stopped: 0,0002057 seconds, Stopping threads took: 0,0000177 seconds
2017-05-27T19:03:06.456+0200: 1,784: Total time for which application threads were stopped: 0,0002232 seconds, Stopping threads took: 0,0000185 seconds
2017-05-27T19:03:06.474+0200: 1,802: Total time for which application threads were stopped: 0,0001729 seconds, Stopping threads took: 0,0000155 seconds
2017-05-27T19:03:06.555+0200: 1,883: Total time for which application threads were stopped: 0,0002270 seconds, Stopping threads took: 0,0000202 seconds
2017-05-27T19:03:06.719+0200: 2,047: Total time for which application threads were stopped: 0,0002232 seconds, Stopping threads took: 0,0000231 seconds
{Heap before GC invocations=0 (full 0):
 par new generation   total 109248K, used 87424K [0x00000000e0000000, 0x00000000e8000000, 0x00000000e8000000)
  eden space 87424K, 100% used [0x00000000e0000000, 0x00000000e5560000, 0x00000000e5560000)
  from space 21824K,   0% used [0x00000000e5560000, 0x00000000e5560000, 0x00000000e6ab0000)
  to   space 21824K,   0% used [0x00000000e6ab0000, 0x00000000e6ab0000, 0x00000000e8000000)
 concurrent mark-sweep generation total 393216K, used 0K [0x00000000e8000000, 0x0000000100000000, 0x0000000100000000)
 Metaspace       used 17997K, capacity 18336K, committed 18688K, reserved 1064960K
  class space    used 2036K, capacity 2196K, committed 2304K, reserved 1048576K
2017-05-27T19:03:06.802+0200: 2,130: [GC (Allocation Failure) 2017-05-27T19:03:06.802+0200: 2,130: [ParNew
Desired survivor size 20112992 bytes, new threshold 8 (max 8)
- age   1:   12574968 bytes,   12574968 total
: 87424K->12396K(109248K), 0,0157430 secs] 87424K->12396K(502464K), 0,0158477 secs] [Times: user=0,06 sys=0,00, real=0,01 secs] 
Heap after GC invocations=1 (full 0):
 par new generation   total 109248K, used 12396K [0x00000000e0000000, 0x00000000e8000000, 0x00000000e8000000)
  eden space 87424K,   0% used [0x00000000e0000000, 0x00000000e0000000, 0x00000000e5560000)
  from space 21824K,  56% used [0x00000000e6ab0000, 0x00000000e76cb310, 0x00000000e8000000)
  to   space 21824K,   0% used [0x00000000e5560000, 0x00000000e5560000, 0x00000000e6ab0000)
 concurrent mark-sweep generation total 393216K, used 0K [0x00000000e8000000, 0x0000000100000000, 0x0000000100000000)
 Metaspace       used 17997K, capacity 18336K, committed 18688K, reserved 1064960K
  class space    used 2036K, capacity 2196K, committed 2304K, reserved 1048576K
}
2017-05-27T19:03:06.818+0200: 2,146: Total time for which application threads were stopped: 0,0168183 seconds, Stopping threads took: 0,0007752 seconds
2017-05-27T19:03:07.127+0200: 2,455: Total time for which application threads were stopped: 0,0003653 seconds, Stopping threads took: 0,0000649 seconds
{Heap before GC invocations=1 (full 0):
 par new generation   total 109248K, used 99820K [0x00000000e0000000, 0x00000000e8000000, 0x00000000e8000000)
  eden space 87424K, 100% used [0x00000000e0000000, 0x00000000e5560000, 0x00000000e5560000)
  from space 21824K,  56% used [0x00000000e6ab0000, 0x00000000e76cb310, 0x00000000e8000000)
  to   space 21824K,   0% used [0x00000000e5560000, 0x00000000e5560000, 0x00000000e6ab0000)
 concurrent mark-sweep generation total 393216K, used 0K [0x00000000e8000000, 0x0000000100000000, 0x0000000100000000)
 Metaspace       used 20066K, capacity 20434K, committed 20736K, reserved 1067008K
  class space    used 2297K, capacity 2471K, committed 2560K, reserved 1048576K
2017-05-27T19:03:07.183+0200: 2,511: [GC (Allocation Failure) 2017-05-27T19:03:07.183+0200: 2,511: [ParNew
Desired survivor size 20112992 bytes, new threshold 8 (max 8)
- age   1:    3621936 bytes,    3621936 total
- age   2:    6643992 bytes,   10265928 total
: 99820K->15702K(109248K), 0,0153616 secs] 99820K->15702K(502464K), 0,0154424 secs] [Times: user=0,05 sys=0,01, real=0,01 secs] 
Heap after GC invocations=2 (full 0):
 par new generation   total 109248K, used 15702K [0x00000000e0000000, 0x00000000e8000000, 0x00000000e8000000)
  eden space 87424K,   0% used [0x00000000e0000000, 0x00000000e0000000, 0x00000000e5560000)
  from space 21824K,  71% used [0x00000000e5560000, 0x00000000e64b5b80, 0x00000000e6ab0000)
  to   space 21824K,   0% used [0x00000000e6ab0000, 0x00000000e6ab0000, 0x00000000e8000000)
 concurrent mark-sweep generation total 393216K, used 0K [0x00000000e8000000, 0x0000000100000000, 0x0000000100000000)
 Metaspace       used 20066K, capacity 20434K, committed 20736K, reserved 1067008K
  class space    used 2297K, capacity 2471K, committed 2560K, reserved 1048576K
}
2017-05-27T19:03:07.198+0200: 2,526: Total time for which application threads were stopped: 0,0156399 seconds, Stopping threads took: 0,0000496 seconds
2017-05-27T19:03:07.206+0200: 2,534: Total time for which application threads were stopped: 0,0004835 seconds, Stopping threads took: 0,0000489 seconds
2017-05-27T19:03:07.250+0200: 2,578: Total time for which application threads were stopped: 0,0003964 seconds, Stopping threads took: 0,0000793 seconds
2017-05-27T19:03:07.384+0200: 2,712: Total time for which application threads were stopped: 0,0001741 seconds, Stopping threads took: 0,0000302 seconds
2017-05-27T19:03:07.425+0200: 2,753: Total time for which application threads were stopped: 0,0001748 seconds, Stopping threads took: 0,0001048 seconds
{Heap before GC invocations=2 (full 0):
 par new generation   total 109248K, used 103142K [0x00000000e0000000, 0x00000000e8000000, 0x00000000e8000000)
  eden space 87424K, 100% used [0x00000000e0000000, 0x00000000e5560000, 0x00000000e5560000)
  from space 21824K,  72% used [0x00000000e5560000, 0x00000000e64b9b90, 0x00000000e6ab0000)
  to   space 21824K,   0% used [0x00000000e6ab0000, 0x00000000e6ab0000, 0x00000000e8000000)
 concurrent mark-sweep generation total 393216K, used 0K [0x00000000e8000000, 0x0000000100000000, 0x0000000100000000)
 Metaspace       used 20954K, capacity 21292K, committed 21628K, reserved 1069056K
  class space    used 2418K, capacity 2590K, committed 2684K, reserved 1048576K
2017-05-27T19:03:07.425+0200: 2,753: [GC (GCLocker Initiated GC) 2017-05-27T19:03:07.426+0200: 2,754: [ParNew
Desired survivor size 20112992 bytes, new threshold 8 (max 8)
- age   1:    2088712 bytes,    2088712 total
- age   2:     872152 bytes,    2960864 total
- age   3:    6641536 bytes,    9602400 total
: 103142K->12290K(109248K), 0,0098477 secs] 103142K->12290K(502464K), 0,0099243 secs] [Times: user=0,04 sys=0,00, real=0,01 secs] 
Heap after GC invocations=3 (full 0):
 par new generation   total 109248K, used 12290K [0x00000000e0000000, 0x00000000e8000000, 0x00000000e8000000)
  eden space 87424K,   0% used [0x00000000e0000000, 0x00000000e0000000, 0x00000000e5560000)
  from space 21824K,  56% used [0x00000000e6ab0000, 0x00000000e76b0808, 0x00000000e8000000)
  to   space 21824K,   0% used [0x00000000e5560000, 0x00000000e5560000, 0x00000000e6ab0000)
 concurrent mark-sweep generation total 393216K, used 0K [0x00000000e8000000, 0x0000000100000000, 0x0000000100000000)
 Metaspace       used 20954K, capacity 21292K, committed 21628K, reserved 1069056K
  class space    used 2418K, capacity 2590K, committed 2684K, reserved 1048576K
}
2017-05-27T19:03:07.435+0200: 2,763: Total time for which application threads were stopped: 0,0103139 seconds, Stopping threads took: 0,0002716 seconds
2017-05-27T19:03:07.436+0200: 2,764: [GC (CMS Initial Mark) [1 CMS-initial-mark: 0K(393216K)] 12290K(502464K), 0,0035238 secs] [Times: user=0,01 sys=0,00, real=0,00 secs] 
2017-05-27T19:03:07.439+0200: 2,767: Total time for which application threads were stopped: 0,0036638 seconds, Stopping threads took: 0,0000350 seconds
2017-05-27T19:03:07.439+0200: 2,767: [CMS-concurrent-mark-start]
2017-05-27T19:03:07.440+0200: 2,768: [CMS-concurrent-mark: 0,001/0,001 secs] [Times: user=0,00 sys=0,00, real=0,00 secs] 
2017-05-27T19:03:07.440+0200: 2,768: [CMS-concurrent-preclean-start]
2017-05-27T19:03:07.441+0200: 2,769: [CMS-concurrent-preclean: 0,001/0,001 secs] [Times: user=0,01 sys=0,00, real=0,00 secs] 
2017-05-27T19:03:07.441+0200: 2,769: [CMS-concurrent-abortable-preclean-start]
2017-05-27T19:03:07.502+0200: 2,830: Total time for which application threads were stopped: 0,0001978 seconds, Stopping threads took: 0,0001070 seconds
{Heap before GC invocations=3 (full 1):
 par new generation   total 109248K, used 99685K [0x00000000e0000000, 0x00000000e8000000, 0x00000000e8000000)
  eden space 87424K,  99% used [0x00000000e0000000, 0x00000000e5558c70, 0x00000000e5560000)
  from space 21824K,  56% used [0x00000000e6ab0000, 0x00000000e76b0808, 0x00000000e8000000)
  to   space 21824K,   0% used [0x00000000e5560000, 0x00000000e5560000, 0x00000000e6ab0000)
 concurrent mark-sweep generation total 393216K, used 0K [0x00000000e8000000, 0x0000000100000000, 0x0000000100000000)
 Metaspace       used 21240K, capacity 21632K, committed 21884K, reserved 1069056K
  class space    used 2448K, capacity 2605K, committed 2684K, reserved 1048576K
2017-05-27T19:03:07.550+0200: 2,878: [GC (Allocation Failure) 2017-05-27T19:03:07.550+0200: 2,878: [ParNew
Desired survivor size 20112992 bytes, new threshold 8 (max 8)
- age   1:    1109016 bytes,    1109016 total
- age   2:    1460872 bytes,    2569888 total
- age   3:     840744 bytes,    3410632 total
- age   4:    6641576 bytes,   10052208 total
: 99685K->12742K(109248K), 0,0093861 secs] 99685K->12742K(502464K), 0,0094449 secs] [Times: user=0,04 sys=0,00, real=0,01 secs] 
Heap after GC invocations=4 (full 1):
 par new generation   total 109248K, used 12742K [0x00000000e0000000, 0x00000000e8000000, 0x00000000e8000000)
  eden space 87424K,   0% used [0x00000000e0000000, 0x00000000e0000000, 0x00000000e5560000)
  from space 21824K,  58% used [0x00000000e5560000, 0x00000000e61d1b40, 0x00000000e6ab0000)
  to   space 21824K,   0% used [0x00000000e6ab0000, 0x00000000e6ab0000, 0x00000000e8000000)
 concurrent mark-sweep generation total 393216K, used 0K [0x00000000e8000000, 0x0000000100000000, 0x0000000100000000)
 Metaspace       used 21240K, capacity 21632K, committed 21884K, reserved 1069056K
  class space    used 2448K, capacity 2605K, committed 2684K, reserved 1048576K
}
2017-05-27T19:03:07.559+0200: 2,887: Total time for which application threads were stopped: 0,0110988 seconds, Stopping threads took: 0,0015284 seconds
2017-05-27T19:03:07.559+0200: 2,887: [CMS-concurrent-abortable-preclean: 0,061/0,118 secs] [Times: user=0,45 sys=0,00, real=0,12 secs] 
2017-05-27T19:03:07.568+0200: 2,896: [GC (CMS Final Remark) [YG occupancy: 17485 K (109248 K)]{Heap before GC invocations=4 (full 1):
 par new generation   total 109248K, used 17485K [0x00000000e0000000, 0x00000000e8000000, 0x00000000e8000000)
  eden space 87424K,   5% used [0x00000000e0000000, 0x00000000e04a19f8, 0x00000000e5560000)
  from space 21824K,  58% used [0x00000000e5560000, 0x00000000e61d1b40, 0x00000000e6ab0000)
  to   space 21824K,   0% used [0x00000000e6ab0000, 0x00000000e6ab0000, 0x00000000e8000000)
 concurrent mark-sweep generation total 393216K, used 0K [0x00000000e8000000, 0x0000000100000000, 0x0000000100000000)
 Metaspace       used 21240K, capacity 21632K, committed 21884K, reserved 1069056K
  class space    used 2448K, capacity 2605K, committed 2684K, reserved 1048576K
2017-05-27T19:03:07.568+0200: 2,896: [GC (CMS Final Remark) 2017-05-27T19:03:07.568+0200: 2,896: [ParNew
Desired survivor size 20112992 bytes, new threshold 8 (max 8)
- age   1:     695160 bytes,     695160 total
- age   2:     260096 bytes,     955256 total
- age   3:    1455624 bytes,    2410880 total
- age   4:     840744 bytes,    3251624 total
- age   5:    6642424 bytes,    9894048 total
: 17485K->13308K(109248K), 0,0088917 secs] 17485K->13308K(502464K), 0,0089299 secs] [Times: user=0,03 sys=0,00, real=0,01 secs] 
Heap after GC invocations=5 (full 1):
 par new generation   total 109248K, used 13308K [0x00000000e0000000, 0x00000000e8000000, 0x00000000e8000000)
  eden space 87424K,   0% used [0x00000000e0000000, 0x00000000e0000000, 0x00000000e5560000)
  from space 21824K,  60% used [0x00000000e6ab0000, 0x00000000e77af3e0, 0x00000000e8000000)
  to   space 21824K,   0% used [0x00000000e5560000, 0x00000000e5560000, 0x00000000e6ab0000)
 concurrent mark-sweep generation total 393216K, used 0K [0x00000000e8000000, 0x0000000100000000, 0x0000000100000000)
 Metaspace       used 21240K, capacity 21632K, committed 21884K, reserved 1069056K
  class space    used 2448K, capacity 2605K, committed 2684K, reserved 1048576K
}
2017-05-27T19:03:07.577+0200: 2,905: [Rescan (parallel) , 0,0031993 secs]2017-05-27T19:03:07.580+0200: 2,908: [weak refs processing, 0,0006247 secs]2017-05-27T19:03:07.580+0200: 2,908: [class unloading, 0,0028372 secs]2017-05-27T19:03:07.583+0200: 2,911: [scrub symbol table, 0,0036927 secs]2017-05-27T19:03:07.587+0200: 2,915: [scrub string table, 0,0004191 secs][1 CMS-remark: 0K(393216K)] 13308K(502464K), 0,0203377 secs] [Times: user=0,05 sys=0,00, real=0,02 secs] 
2017-05-27T19:03:07.588+0200: 2,916: Total time for which application threads were stopped: 0,0258625 seconds, Stopping threads took: 0,0054441 seconds
2017-05-27T19:03:07.588+0200: 2,916: [CMS-concurrent-sweep-start]
2017-05-27T19:03:07.588+0200: 2,916: [CMS-concurrent-sweep: 0,000/0,000 secs] [Times: user=0,00 sys=0,00, real=0,00 secs] 
2017-05-27T19:03:07.588+0200: 2,916: [CMS-concurrent-reset-start]
2017-05-27T19:03:07.591+0200: 2,918: [CMS-concurrent-reset: 0,002/0,002 secs] [Times: user=0,01 sys=0,00, real=0,00 secs] 
{Heap before GC invocations=5 (full 1):
 par new generation   total 109248K, used 100732K [0x00000000e0000000, 0x00000000e8000000, 0x00000000e8000000)
  eden space 87424K, 100% used [0x00000000e0000000, 0x00000000e5560000, 0x00000000e5560000)
  from space 21824K,  60% used [0x00000000e6ab0000, 0x00000000e77af3e0, 0x00000000e8000000)
  to   space 21824K,   0% used [0x00000000e5560000, 0x00000000e5560000, 0x00000000e6ab0000)
 concurrent mark-sweep generation total 393216K, used 0K [0x00000000e8000000, 0x0000000100000000, 0x0000000100000000)
 Metaspace       used 21399K, capacity 21804K, committed 21884K, reserved 1069056K
  class space    used 2469K, capacity 2639K, committed 2684K, reserved 1048576K
2017-05-27T19:03:07.670+0200: 2,998: [GC (Allocation Failure) 2017-05-27T19:03:07.670+0200: 2,998: [ParNew
Desired survivor size 20112992 bytes, new threshold 8 (max 8)
- age   1:    1076136 bytes,    1076136 total
- age   2:       2520 bytes,    1078656 total
- age   3:     187384 bytes,    1266040 total
- age   4:    1455040 bytes,    2721080 total
- age   5:     838744 bytes,    3559824 total
- age   6:    6641576 bytes,   10201400 total
: 100732K->13290K(109248K), 0,0117311 secs] 100732K->13290K(502464K), 0,0118057 secs] [Times: user=0,03 sys=0,00, real=0,01 secs] 
Heap after GC invocations=6 (full 1):
 par new generation   total 109248K, used 13290K [0x00000000e0000000, 0x00000000e8000000, 0x00000000e8000000)
  eden space 87424K,   0% used [0x00000000e0000000, 0x00000000e0000000, 0x00000000e5560000)
  from space 21824K,  60% used [0x00000000e5560000, 0x00000000e625a9a0, 0x00000000e6ab0000)
  to   space 21824K,   0% used [0x00000000e6ab0000, 0x00000000e6ab0000, 0x00000000e8000000)
 concurrent mark-sweep generation total 393216K, used 0K [0x00000000e8000000, 0x0000000100000000, 0x0000000100000000)
 Metaspace       used 21399K, capacity 21804K, committed 21884K, reserved 1069056K
  class space    used 2469K, capacity 2639K, committed 2684K, reserved 1048576K
}
2017-05-27T19:03:07.682+0200: 3,010: Total time for which application threads were stopped: 0,0124219 seconds, Stopping threads took: 0,0004808 seconds
2017-05-27T19:03:07.712+0200: 3,040: Total time for which application threads were stopped: 0,0004196 seconds, Stopping threads took: 0,0000674 seconds
2017-05-27T19:03:07.995+0200: 3,323: Total time for which application threads were stopped: 0,0006156 seconds, Stopping threads took: 0,0001450 seconds
2017-05-27T19:03:08.014+0200: 3,342: Total time for which application threads were stopped: 0,0003778 seconds, Stopping threads took: 0,0000441 seconds
{Heap before GC invocations=6 (full 1):
 par new generation   total 109248K, used 100714K [0x00000000e0000000, 0x00000000e8000000, 0x00000000e8000000)
  eden space 87424K, 100% used [0x00000000e0000000, 0x00000000e5560000, 0x00000000e5560000)
  from space 21824K,  60% used [0x00000000e5560000, 0x00000000e625a9a0, 0x00000000e6ab0000)
  to   space 21824K,   0% used [0x00000000e6ab0000, 0x00000000e6ab0000, 0x00000000e8000000)
 concurrent mark-sweep generation total 393216K, used 0K [0x00000000e8000000, 0x0000000100000000, 0x0000000100000000)
 Metaspace       used 23705K, capacity 24170K, committed 24316K, reserved 1071104K
  class space    used 2780K, capacity 2980K, committed 3068K, reserved 1048576K
2017-05-27T19:03:08.167+0200: 3,495: [GC (Allocation Failure) 2017-05-27T19:03:08.167+0200: 3,495: [ParNew
Desired survivor size 20112992 bytes, new threshold 8 (max 8)
- age   1:    4896176 bytes,    4896176 total
- age   2:     127480 bytes,    5023656 total
- age   3:       2496 bytes,    5026152 total
- age   4:     186224 bytes,    5212376 total
- age   5:     285432 bytes,    5497808 total
- age   6:     814408 bytes,    6312216 total
- age   7:    6633328 bytes,   12945544 total
: 100714K->16068K(109248K), 0,0122776 secs] 100714K->16068K(502464K), 0,0123382 secs] [Times: user=0,04 sys=0,00, real=0,01 secs] 
Heap after GC invocations=7 (full 1):
 par new generation   total 109248K, used 16068K [0x00000000e0000000, 0x00000000e8000000, 0x00000000e8000000)
  eden space 87424K,   0% used [0x00000000e0000000, 0x00000000e0000000, 0x00000000e5560000)
  from space 21824K,  73% used [0x00000000e6ab0000, 0x00000000e7a61000, 0x00000000e8000000)
  to   space 21824K,   0% used [0x00000000e5560000, 0x00000000e5560000, 0x00000000e6ab0000)
 concurrent mark-sweep generation total 393216K, used 0K [0x00000000e8000000, 0x0000000100000000, 0x0000000100000000)
 Metaspace       used 23705K, capacity 24170K, committed 24316K, reserved 1071104K
  class space    used 2780K, capacity 2980K, committed 3068K, reserved 1048576K
}
2017-05-27T19:03:08.179+0200: 3,507: Total time for which application threads were stopped: 0,0127026 seconds, Stopping threads took: 0,0001700 seconds
{Heap before GC invocations=7 (full 1):
 par new generation   total 109248K, used 103492K [0x00000000e0000000, 0x00000000e8000000, 0x00000000e8000000)
  eden space 87424K, 100% used [0x00000000e0000000, 0x00000000e5560000, 0x00000000e5560000)
  from space 21824K,  73% used [0x00000000e6ab0000, 0x00000000e7a61000, 0x00000000e8000000)
  to   space 21824K,   0% used [0x00000000e5560000, 0x00000000e5560000, 0x00000000e6ab0000)
 concurrent mark-sweep generation total 393216K, used 0K [0x00000000e8000000, 0x0000000100000000, 0x0000000100000000)
 Metaspace       used 24367K, capacity 24880K, committed 25084K, reserved 1071104K
  class space    used 2856K, capacity 3045K, committed 3068K, reserved 1048576K
2017-05-27T19:03:08.278+0200: 3,606: [GC (Allocation Failure) 2017-05-27T19:03:08.278+0200: 3,606: [ParNew
Desired survivor size 20112992 bytes, new threshold 8 (max 8)
- age   1:    2127072 bytes,    2127072 total
- age   2:    1776296 bytes,    3903368 total
- age   3:      59120 bytes,    3962488 total
- age   4:        192 bytes,    3962680 total
- age   5:     104464 bytes,    4067144 total
- age   6:     197448 bytes,    4264592 total
- age   7:     764048 bytes,    5028640 total
- age   8:    6098696 bytes,   11127336 total
: 103492K->18755K(109248K), 0,0196705 secs] 103492K->18755K(502464K), 0,0197575 secs] [Times: user=0,08 sys=0,00, real=0,02 secs] 
Heap after GC invocations=8 (full 1):
 par new generation   total 109248K, used 18755K [0x00000000e0000000, 0x00000000e8000000, 0x00000000e8000000)
  eden space 87424K,   0% used [0x00000000e0000000, 0x00000000e0000000, 0x00000000e5560000)
  from space 21824K,  85% used [0x00000000e5560000, 0x00000000e67b0f28, 0x00000000e6ab0000)
  to   space 21824K,   0% used [0x00000000e6ab0000, 0x00000000e6ab0000, 0x00000000e8000000)
 concurrent mark-sweep generation total 393216K, used 0K [0x00000000e8000000, 0x0000000100000000, 0x0000000100000000)
 Metaspace       used 24367K, capacity 24880K, committed 25084K, reserved 1071104K
  class space    used 2856K, capacity 3045K, committed 3068K, reserved 1048576K
}
2017-05-27T19:03:08.298+0200: 3,626: Total time for which application threads were stopped: 0,0225747 seconds, Stopping threads took: 0,0026088 seconds
{Heap before GC invocations=8 (full 1):
 par new generation   total 109248K, used 106179K [0x00000000e0000000, 0x00000000e8000000, 0x00000000e8000000)
  eden space 87424K, 100% used [0x00000000e0000000, 0x00000000e5560000, 0x00000000e5560000)
  from space 21824K,  85% used [0x00000000e5560000, 0x00000000e67b0f28, 0x00000000e6ab0000)
  to   space 21824K,   0% used [0x00000000e6ab0000, 0x00000000e6ab0000, 0x00000000e8000000)
 concurrent mark-sweep generation total 393216K, used 0K [0x00000000e8000000, 0x0000000100000000, 0x0000000100000000)
 Metaspace       used 24531K, capacity 25034K, committed 25084K, reserved 1071104K
  class space    used 2870K, capacity 3050K, committed 3068K, reserved 1048576K
2017-05-27T19:03:08.372+0200: 3,700: [GC (Allocation Failure) 2017-05-27T19:03:08.372+0200: 3,700: [ParNew
Desired survivor size 20112992 bytes, new threshold 8 (max 8)
- age   1:     548288 bytes,     548288 total
- age   2:     999176 bytes,    1547464 total
- age   3:    1748024 bytes,    3295488 total
- age   4:      59088 bytes,    3354576 total
- age   5:        192 bytes,    3354768 total
- age   6:     104296 bytes,    3459064 total
- age   7:     194648 bytes,    3653712 total
- age   8:     763280 bytes,    4416992 total
: 106179K->6745K(109248K), 0,0283208 secs] 106179K->12783K(502464K), 0,0283975 secs] [Times: user=0,09 sys=0,00, real=0,03 secs] 
Heap after GC invocations=9 (full 1):
 par new generation   total 109248K, used 6745K [0x00000000e0000000, 0x00000000e8000000, 0x00000000e8000000)
  eden space 87424K,   0% used [0x00000000e0000000, 0x00000000e0000000, 0x00000000e5560000)
  from space 21824K,  30% used [0x00000000e6ab0000, 0x00000000e7146428, 0x00000000e8000000)
  to   space 21824K,   0% used [0x00000000e5560000, 0x00000000e5560000, 0x00000000e6ab0000)
 concurrent mark-sweep generation total 393216K, used 6038K [0x00000000e8000000, 0x0000000100000000, 0x0000000100000000)
 Metaspace       used 24531K, capacity 25034K, committed 25084K, reserved 1071104K
  class space    used 2870K, capacity 3050K, committed 3068K, reserved 1048576K
}
2017-05-27T19:03:08.400+0200: 3,728: Total time for which application threads were stopped: 0,0286313 seconds, Stopping threads took: 0,0000638 seconds
2017-05-27T19:03:08.683+0200: 4,011: Total time for which application threads were stopped: 0,0004363 seconds, Stopping threads took: 0,0000253 seconds
2017-05-27T19:03:08.733+0200: 4,061: Total time for which application threads were stopped: 0,0008060 seconds, Stopping threads took: 0,0004383 seconds
2017-05-27T19:03:08.743+0200: 4,071: Total time for which application threads were stopped: 0,0001200 seconds, Stopping threads took: 0,0000338 seconds
2017-05-27T19:03:08.745+0200: 4,073: Total time for which application threads were stopped: 0,0001084 seconds, Stopping threads took: 0,0000330 seconds
2017-05-27T19:03:08.746+0200: 4,074: Total time for which application threads were stopped: 0,0000725 seconds, Stopping threads took: 0,0000266 seconds
2017-05-27T19:03:08.746+0200: 4,074: Total time for which application threads were stopped: 0,0000671 seconds, Stopping threads took: 0,0000161 seconds
2017-05-27T19:03:08.748+0200: 4,076: Total time for which application threads were stopped: 0,0001106 seconds, Stopping threads took: 0,0000362 seconds
2017-05-27T19:03:08.748+0200: 4,076: Total time for which application threads were stopped: 0,0001232 seconds, Stopping threads took: 0,0000533 seconds
2017-05-27T19:03:08.750+0200: 4,078: Total time for which application threads were stopped: 0,0001305 seconds, Stopping threads took: 0,0000516 seconds
2017-05-27T19:03:08.754+0200: 4,081: Total time for which application threads were stopped: 0,0001162 seconds, Stopping threads took: 0,0000330 seconds
2017-05-27T19:03:08.780+0200: 4,108: Total time for which application threads were stopped: 0,0005189 seconds, Stopping threads took: 0,0000494 seconds
2017-05-27T19:03:08.783+0200: 4,111: Total time for which application threads were stopped: 0,0001085 seconds, Stopping threads took: 0,0000272 seconds
2017-05-27T19:03:08.785+0200: 4,113: Total time for which application threads were stopped: 0,0001382 seconds, Stopping threads took: 0,0000633 seconds
2017-05-27T19:03:08.805+0200: 4,133: Total time for which application threads were stopped: 0,0001943 seconds, Stopping threads took: 0,0000299 seconds
2017-05-27T19:03:08.813+0200: 4,141: Total time for which application threads were stopped: 0,0001528 seconds, Stopping threads took: 0,0000340 seconds
2017-05-27T19:03:08.814+0200: 4,142: Total time for which application threads were stopped: 0,0006551 seconds, Stopping threads took: 0,0000224 seconds
2017-05-27T19:03:08.822+0200: 4,150: Total time for which application threads were stopped: 0,0010806 seconds, Stopping threads took: 0,0010021 seconds
2017-05-27T19:03:08.826+0200: 4,154: Total time for which application threads were stopped: 0,0001384 seconds, Stopping threads took: 0,0000327 seconds
2017-05-27T19:03:08.838+0200: 4,166: Total time for which application threads were stopped: 0,0001458 seconds, Stopping threads took: 0,0000361 seconds
2017-05-27T19:03:08.842+0200: 4,170: Total time for which application threads were stopped: 0,0025860 seconds, Stopping threads took: 0,0024778 seconds
2017-05-27T19:03:08.843+0200: 4,171: Total time for which application threads were stopped: 0,0001007 seconds, Stopping threads took: 0,0000262 seconds
2017-05-27T19:03:08.886+0200: 4,214: Total time for which application threads were stopped: 0,0004818 seconds, Stopping threads took: 0,0000597 seconds
2017-05-27T19:03:08.901+0200: 4,229: Total time for which application threads were stopped: 0,0001568 seconds, Stopping threads took: 0,0000426 seconds
2017-05-27T19:03:08.901+0200: 4,229: Total time for which application threads were stopped: 0,0002310 seconds, Stopping threads took: 0,0001457 seconds
2017-05-27T19:03:08.903+0200: 4,231: Total time for which application threads were stopped: 0,0001411 seconds, Stopping threads took: 0,0000435 seconds
2017-05-27T19:03:08.911+0200: 4,239: Total time for which application threads were stopped: 0,0001466 seconds, Stopping threads took: 0,0000508 seconds
2017-05-27T19:03:08.919+0200: 4,247: Total time for which application threads were stopped: 0,0001571 seconds, Stopping threads took: 0,0000510 seconds
2017-05-27T19:03:08.926+0200: 4,254: Total time for which application threads were stopped: 0,0002706 seconds, Stopping threads took: 0,0001137 seconds
2017-05-27T19:03:08.934+0200: 4,262: Total time for which application threads were stopped: 0,0001315 seconds, Stopping threads took: 0,0000451 seconds
2017-05-27T19:03:08.938+0200: 4,266: Total time for which application threads were stopped: 0,0001331 seconds, Stopping threads took: 0,0000451 seconds
2017-05-27T19:03:08.946+0200: 4,274: Total time for which application threads were stopped: 0,0003004 seconds, Stopping threads took: 0,0002209 seconds
2017-05-27T19:03:08.946+0200: 4,274: Total time for which application threads were stopped: 0,0001059 seconds, Stopping threads took: 0,0000502 seconds
2017-05-27T19:03:08.947+0200: 4,275: Total time for which application threads were stopped: 0,0000753 seconds, Stopping threads took: 0,0000194 seconds
2017-05-27T19:03:08.947+0200: 4,275: Total time for which application threads were stopped: 0,0000453 seconds, Stopping threads took: 0,0000106 seconds
2017-05-27T19:03:08.947+0200: 4,275: Total time for which application threads were stopped: 0,0000686 seconds, Stopping threads took: 0,0000214 seconds
2017-05-27T19:03:08.947+0200: 4,275: Total time for which application threads were stopped: 0,0000513 seconds, Stopping threads took: 0,0000126 seconds
2017-05-27T19:03:08.947+0200: 4,275: Total time for which application threads were stopped: 0,0001891 seconds, Stopping threads took: 0,0001503 seconds
2017-05-27T19:03:08.947+0200: 4,275: Total time for which application threads were stopped: 0,0000550 seconds, Stopping threads took: 0,0000180 seconds
2017-05-27T19:03:08.947+0200: 4,275: Total time for which application threads were stopped: 0,0000544 seconds, Stopping threads took: 0,0000100 seconds
2017-05-27T19:03:08.947+0200: 4,275: Total time for which application threads were stopped: 0,0000461 seconds, Stopping threads took: 0,0000084 seconds
2017-05-27T19:03:08.948+0200: 4,276: Total time for which application threads were stopped: 0,0000528 seconds, Stopping threads took: 0,0000095 seconds
2017-05-27T19:03:08.948+0200: 4,276: Total time for which application threads were stopped: 0,0000509 seconds, Stopping threads took: 0,0000089 seconds
2017-05-27T19:03:08.948+0200: 4,276: Total time for which application threads were stopped: 0,0000752 seconds, Stopping threads took: 0,0000306 seconds
2017-05-27T19:03:08.948+0200: 4,276: Total time for which application threads were stopped: 0,0000622 seconds, Stopping threads took: 0,0000276 seconds
2017-05-27T19:03:08.948+0200: 4,276: Total time for which application threads were stopped: 0,0000968 seconds, Stopping threads took: 0,0000335 seconds
2017-05-27T19:03:08.948+0200: 4,276: Total time for which application threads were stopped: 0,0000754 seconds, Stopping threads took: 0,0000172 seconds
2017-05-27T19:03:08.948+0200: 4,276: Total time for which application threads were stopped: 0,0000733 seconds, Stopping threads took: 0,0000248 seconds
2017-05-27T19:03:08.949+0200: 4,277: Total time for which application threads were stopped: 0,0001063 seconds, Stopping threads took: 0,0000585 seconds
2017-05-27T19:03:08.949+0200: 4,277: Total time for which application threads were stopped: 0,0001439 seconds, Stopping threads took: 0,0000471 seconds
2017-05-27T19:03:08.950+0200: 4,278: Total time for which application threads were stopped: 0,0001208 seconds, Stopping threads took: 0,0000701 seconds
2017-05-27T19:03:08.950+0200: 4,278: Total time for which application threads were stopped: 0,0001262 seconds, Stopping threads took: 0,0000233 seconds
2017-05-27T19:03:08.968+0200: 4,296: Total time for which application threads were stopped: 0,0003933 seconds, Stopping threads took: 0,0002573 seconds
2017-05-27T19:03:08.997+0200: 4,325: Total time for which application threads were stopped: 0,0017575 seconds, Stopping threads took: 0,0016119 seconds
2017-05-27T19:03:09.018+0200: 4,346: Total time for which application threads were stopped: 0,0009891 seconds, Stopping threads took: 0,0008590 seconds
2017-05-27T19:03:09.039+0200: 4,367: Total time for which application threads were stopped: 0,0040733 seconds, Stopping threads took: 0,0039531 seconds
2017-05-27T19:03:09.077+0200: 4,405: Total time for which application threads were stopped: 0,0005815 seconds, Stopping threads took: 0,0000230 seconds
2017-05-27T19:03:09.084+0200: 4,412: Total time for which application threads were stopped: 0,0001885 seconds, Stopping threads took: 0,0000478 seconds
2017-05-27T19:03:10.086+0200: 5,414: Total time for which application threads were stopped: 0,0001067 seconds, Stopping threads took: 0,0000343 seconds
{Heap before GC invocations=9 (full 1):
 par new generation   total 109248K, used 94169K [0x00000000e0000000, 0x00000000e8000000, 0x00000000e8000000)
  eden space 87424K, 100% used [0x00000000e0000000, 0x00000000e5560000, 0x00000000e5560000)
  from space 21824K,  30% used [0x00000000e6ab0000, 0x00000000e7146428, 0x00000000e8000000)
  to   space 21824K,   0% used [0x00000000e5560000, 0x00000000e5560000, 0x00000000e6ab0000)
 concurrent mark-sweep generation total 393216K, used 6038K [0x00000000e8000000, 0x0000000100000000, 0x0000000100000000)
 Metaspace       used 28016K, capacity 28554K, committed 28796K, reserved 1075200K
  class space    used 3212K, capacity 3388K, committed 3452K, reserved 1048576K
2017-05-27T19:03:40.034+0200: 35,841: [GC (Allocation Failure) 2017-05-27T19:03:40.035+0200: 35,841: [ParNew
Desired survivor size 20112992 bytes, new threshold 8 (max 8)
- age   1:   11244936 bytes,   11244936 total
- age   2:     165936 bytes,   11410872 total
- age   3:     219336 bytes,   11630208 total
- age   4:    1741872 bytes,   13372080 total
- age   5:      56640 bytes,   13428720 total
- age   6:        192 bytes,   13428912 total
- age   7:     104072 bytes,   13532984 total
- age   8:     194120 bytes,   13727104 total
: 94169K->14568K(109248K), 0,0219116 secs] 100207K->21439K(502464K), 0,0221222 secs] [Times: user=0,05 sys=0,00, real=0,03 secs] 
Heap after GC invocations=10 (full 1):
 par new generation   total 109248K, used 14568K [0x00000000e0000000, 0x00000000e8000000, 0x00000000e8000000)
  eden space 87424K,   0% used [0x00000000e0000000, 0x00000000e0000000, 0x00000000e5560000)
  from space 21824K,  66% used [0x00000000e5560000, 0x00000000e639a3a0, 0x00000000e6ab0000)
  to   space 21824K,   0% used [0x00000000e6ab0000, 0x00000000e6ab0000, 0x00000000e8000000)
 concurrent mark-sweep generation total 393216K, used 6870K [0x00000000e8000000, 0x0000000100000000, 0x0000000100000000)
 Metaspace       used 28016K, capacity 28554K, committed 28796K, reserved 1075200K
  class space    used 3212K, capacity 3388K, committed 3452K, reserved 1048576K
}
2017-05-27T19:03:40.057+0200: 35,863: Total time for which application threads were stopped: 0,0226440 seconds, Stopping threads took: 0,0001479 seconds
2017-05-27T19:03:40.058+0200: 35,864: Total time for which application threads were stopped: 0,0000766 seconds, Stopping threads took: 0,0000364 seconds
2017-05-27T19:03:40.058+0200: 35,865: Total time for which application threads were stopped: 0,0000320 seconds, Stopping threads took: 0,0000126 seconds
2017-05-27T19:04:32.063+0200: 87,870: Total time for which application threads were stopped: 0,0000613 seconds, Stopping threads took: 0,0000184 seconds
2017-05-27T19:05:02.067+0200: 117,873: Total time for which application threads were stopped: 0,0001402 seconds, Stopping threads took: 0,0000506 seconds
2017-05-27T19:05:06.067+0200: 121,874: Total time for which application threads were stopped: 0,0000611 seconds, Stopping threads took: 0,0000168 seconds
2017-05-27T19:06:05.074+0200: 180,881: Total time for which application threads were stopped: 0,0000861 seconds, Stopping threads took: 0,0000363 seconds
2017-05-27T19:07:35.087+0200: 270,893: Total time for which application threads were stopped: 0,0001545 seconds, Stopping threads took: 0,0000368 seconds
2017-05-27T19:07:42.087+0200: 277,894: Total time for which application threads were stopped: 0,0001397 seconds, Stopping threads took: 0,0000642 seconds
2017-05-27T19:15:40.508+0200: 756,315: Total time for which application threads were stopped: 0,0386867 seconds, Stopping threads took: 0,0386043 seconds
2017-05-27T19:15:40.516+0200: 756,322: Total time for which application threads were stopped: 0,0000937 seconds, Stopping threads took: 0,0000198 seconds
2017-05-27T19:15:40.516+0200: 756,322: Total time for which application threads were stopped: 0,0000743 seconds, Stopping threads took: 0,0000147 seconds
2017-05-27T19:15:40.517+0200: 756,323: Total time for which application threads were stopped: 0,0000737 seconds, Stopping threads took: 0,0000118 seconds
2017-05-27T19:15:40.517+0200: 756,324: Total time for which application threads were stopped: 0,0000645 seconds, Stopping threads took: 0,0000134 seconds
2017-05-27T19:15:40.522+0200: 756,328: Total time for which application threads were stopped: 0,0002145 seconds, Stopping threads took: 0,0001321 seconds
2017-05-27T19:15:40.524+0200: 756,331: Total time for which application threads were stopped: 0,0001314 seconds, Stopping threads took: 0,0000400 seconds
2017-05-27T19:15:40.524+0200: 756,331: Total time for which application threads were stopped: 0,0000782 seconds, Stopping threads took: 0,0000201 seconds
2017-05-27T19:15:40.525+0200: 756,331: Total time for which application threads were stopped: 0,0000675 seconds, Stopping threads took: 0,0000177 seconds
2017-05-27T19:15:40.525+0200: 756,331: Total time for which application threads were stopped: 0,0000597 seconds, Stopping threads took: 0,0000145 seconds
2017-05-27T19:15:40.548+0200: 756,354: Total time for which application threads were stopped: 0,0001309 seconds, Stopping threads took: 0,0000486 seconds
2017-05-27T19:15:40.548+0200: 756,354: Total time for which application threads were stopped: 0,0000752 seconds, Stopping threads took: 0,0000211 seconds
2017-05-27T19:15:40.548+0200: 756,354: Total time for which application threads were stopped: 0,0000675 seconds, Stopping threads took: 0,0000167 seconds
2017-05-27T19:15:40.548+0200: 756,354: Total time for which application threads were stopped: 0,0001105 seconds, Stopping threads took: 0,0000204 seconds
2017-05-27T19:15:40.548+0200: 756,355: Total time for which application threads were stopped: 0,0000835 seconds, Stopping threads took: 0,0000300 seconds
2017-05-27T19:15:40.549+0200: 756,355: Total time for which application threads were stopped: 0,0000885 seconds, Stopping threads took: 0,0000266 seconds
2017-05-27T19:15:40.549+0200: 756,356: Total time for which application threads were stopped: 0,0000627 seconds, Stopping threads took: 0,0000150 seconds
2017-05-27T19:15:40.549+0200: 756,356: Total time for which application threads were stopped: 0,0000487 seconds, Stopping threads took: 0,0000139 seconds
2017-05-27T19:15:40.549+0200: 756,356: Total time for which application threads were stopped: 0,0000442 seconds, Stopping threads took: 0,0000110 seconds
2017-05-27T19:15:40.551+0200: 756,358: Total time for which application threads were stopped: 0,0001554 seconds, Stopping threads took: 0,0000408 seconds
2017-05-27T19:15:40.553+0200: 756,360: Total time for which application threads were stopped: 0,0000924 seconds, Stopping threads took: 0,0000261 seconds
2017-05-27T19:15:40.553+0200: 756,360: Total time for which application threads were stopped: 0,0000612 seconds, Stopping threads took: 0,0000159 seconds
2017-05-27T19:15:40.553+0200: 756,360: Total time for which application threads were stopped: 0,0000537 seconds, Stopping threads took: 0,0000141 seconds
2017-05-27T19:15:40.564+0200: 756,371: Total time for which application threads were stopped: 0,0001106 seconds, Stopping threads took: 0,0000337 seconds
2017-05-27T19:15:40.564+0200: 756,371: Total time for which application threads were stopped: 0,0000545 seconds, Stopping threads took: 0,0000117 seconds
2017-05-27T19:15:40.564+0200: 756,371: Total time for which application threads were stopped: 0,0000565 seconds, Stopping threads took: 0,0000170 seconds
2017-05-27T19:15:40.565+0200: 756,371: Total time for which application threads were stopped: 0,0000526 seconds, Stopping threads took: 0,0000137 seconds
2017-05-27T19:15:40.565+0200: 756,371: Total time for which application threads were stopped: 0,0000540 seconds, Stopping threads took: 0,0000161 seconds
2017-05-27T19:15:40.565+0200: 756,371: Total time for which application threads were stopped: 0,0000543 seconds, Stopping threads took: 0,0000163 seconds
2017-05-27T19:15:40.565+0200: 756,371: Total time for which application threads were stopped: 0,0000489 seconds, Stopping threads took: 0,0000132 seconds
2017-05-27T19:15:40.566+0200: 756,373: Total time for which application threads were stopped: 0,0001115 seconds, Stopping threads took: 0,0000331 seconds
2017-05-27T19:15:40.567+0200: 756,373: Total time for which application threads were stopped: 0,0000792 seconds, Stopping threads took: 0,0000155 seconds
2017-05-27T19:15:40.567+0200: 756,373: Total time for which application threads were stopped: 0,0000635 seconds, Stopping threads took: 0,0000172 seconds
2017-05-27T19:15:40.567+0200: 756,373: Total time for which application threads were stopped: 0,0000556 seconds, Stopping threads took: 0,0000144 seconds
2017-05-27T19:15:40.568+0200: 756,374: Total time for which application threads were stopped: 0,0000986 seconds, Stopping threads took: 0,0000304 seconds
2017-05-27T19:15:40.570+0200: 756,376: Total time for which application threads were stopped: 0,0000973 seconds, Stopping threads took: 0,0000289 seconds
2017-05-27T19:15:40.570+0200: 756,376: Total time for which application threads were stopped: 0,0000603 seconds, Stopping threads took: 0,0000152 seconds
2017-05-27T19:15:40.570+0200: 756,376: Total time for which application threads were stopped: 0,0000520 seconds, Stopping threads took: 0,0000129 seconds
2017-05-27T19:15:40.570+0200: 756,377: Total time for which application threads were stopped: 0,0000615 seconds, Stopping threads took: 0,0000185 seconds
2017-05-27T19:15:40.570+0200: 756,377: Total time for which application threads were stopped: 0,0000574 seconds, Stopping threads took: 0,0000166 seconds
2017-05-27T19:15:40.571+0200: 756,377: Total time for which application threads were stopped: 0,0001949 seconds, Stopping threads took: 0,0000160 seconds
2017-05-27T19:15:40.571+0200: 756,378: Total time for which application threads were stopped: 0,0000859 seconds, Stopping threads took: 0,0000268 seconds
2017-05-27T19:15:40.573+0200: 756,379: Total time for which application threads were stopped: 0,0001406 seconds, Stopping threads took: 0,0000323 seconds
2017-05-27T19:15:40.577+0200: 756,384: Total time for which application threads were stopped: 0,0000916 seconds, Stopping threads took: 0,0000289 seconds
2017-05-27T19:15:40.578+0200: 756,384: Total time for which application threads were stopped: 0,0001146 seconds, Stopping threads took: 0,0000248 seconds
Heap
 par new generation   total 109248K, used 37956K [0x00000000e0000000, 0x00000000e8000000, 0x00000000e8000000)
  eden space 87424K,  26% used [0x00000000e0000000, 0x00000000e16d7000, 0x00000000e5560000)
  from space 21824K,  66% used [0x00000000e5560000, 0x00000000e639a3a0, 0x00000000e6ab0000)
  to   space 21824K,   0% used [0x00000000e6ab0000, 0x00000000e6ab0000, 0x00000000e8000000)
 concurrent mark-sweep generation total 393216K, used 6870K [0x00000000e8000000, 0x0000000100000000, 0x0000000100000000)
 Metaspace       used 28143K, capacity 28658K, committed 28796K, reserved 1075200K
  class space    used 3226K, capacity 3422K, committed 3452K, reserved 1048576K
