OpenJDK 64-Bit Server VM (25.121-b13) for linux-amd64 JRE (1.8.0_121-8u121-b13-0ubuntu1.16.04.2-b13), built on Jan 23 2017 15:51:29 by "buildd" with gcc 5.4.0 20160609
Memory: 4k page, physical 7867764k(7428616k free), swap 8076284k(8076284k free)
CommandLine flags: -XX:CMSInitiatingOccupancyFraction=50 -XX:CMSMaxAbortablePrecleanTime=6000 -XX:+CMSParallelRemarkEnabled -XX:+CMSScavengeBeforeRemark -XX:ConcGCThreads=4 -XX:InitialHeapSize=536870912 -XX:MaxHeapSize=536870912 -XX:MaxTenuringThreshold=8 -XX:NewRatio=3 -XX:OldPLABSize=16 -XX:OnOutOfMemoryError=/opt/solr/bin/oom_solr.sh 8983 /var/solr/logs -XX:ParallelGCThreads=4 -XX:+ParallelRefProcEnabled -XX:PretenureSizeThreshold=67108864 -XX:+PrintGC -XX:+PrintGCApplicationStoppedTime -XX:+PrintGCDateStamps -XX:+PrintGCDetails -XX:+PrintGCTimeStamps -XX:+PrintHeapAtGC -XX:+PrintTenuringDistribution -XX:SurvivorRatio=4 -XX:TargetSurvivorRatio=90 -XX:ThreadStackSize=256 -XX:+UseCMSInitiatingOccupancyOnly -XX:+UseCompressedClassPointers -XX:+UseCompressedOops -XX:+UseConcMarkSweepGC -XX:+UseParNewGC 
2017-04-15T18:29:10.790+0200: 0,173: Total time for which application threads were stopped: 0,0000848 seconds, Stopping threads took: 0,0000214 seconds
2017-04-15T18:29:10.892+0200: 0,275: Total time for which application threads were stopped: 0,0001049 seconds, Stopping threads took: 0,0000188 seconds
2017-04-15T18:29:10.910+0200: 0,293: Total time for which application threads were stopped: 0,0000933 seconds, Stopping threads took: 0,0000222 seconds
2017-04-15T18:29:11.415+0200: 0,798: Total time for which application threads were stopped: 0,0019140 seconds, Stopping threads took: 0,0000855 seconds
2017-04-15T18:29:11.855+0200: 1,238: Total time for which application threads were stopped: 0,0001204 seconds, Stopping threads took: 0,0000126 seconds
2017-04-15T18:29:11.949+0200: 1,331: Total time for which application threads were stopped: 0,0001473 seconds, Stopping threads took: 0,0000221 seconds
2017-04-15T18:29:11.982+0200: 1,365: Total time for which application threads were stopped: 0,0001984 seconds, Stopping threads took: 0,0000436 seconds
2017-04-15T18:29:12.286+0200: 1,668: Total time for which application threads were stopped: 0,0001738 seconds, Stopping threads took: 0,0000299 seconds
2017-04-15T18:29:12.503+0200: 1,885: Total time for which application threads were stopped: 0,0001858 seconds, Stopping threads took: 0,0000142 seconds
2017-04-15T18:29:12.522+0200: 1,905: Total time for which application threads were stopped: 0,0001962 seconds, Stopping threads took: 0,0000174 seconds
2017-04-15T18:29:12.548+0200: 1,931: Total time for which application threads were stopped: 0,0002225 seconds, Stopping threads took: 0,0000214 seconds
2017-04-15T18:29:12.550+0200: 1,932: Total time for which application threads were stopped: 0,0001892 seconds, Stopping threads took: 0,0000157 seconds
2017-04-15T18:29:12.563+0200: 1,946: Total time for which application threads were stopped: 0,0002878 seconds, Stopping threads took: 0,0000147 seconds
2017-04-15T18:29:12.633+0200: 2,016: Total time for which application threads were stopped: 0,0002440 seconds, Stopping threads took: 0,0000221 seconds
2017-04-15T18:29:12.803+0200: 2,186: Total time for which application threads were stopped: 0,0003166 seconds, Stopping threads took: 0,0000951 seconds
{Heap before GC invocations=0 (full 0):
 par new generation   total 109248K, used 87424K [0x00000000e0000000, 0x00000000e8000000, 0x00000000e8000000)
  eden space 87424K, 100% used [0x00000000e0000000, 0x00000000e5560000, 0x00000000e5560000)
  from space 21824K,   0% used [0x00000000e5560000, 0x00000000e5560000, 0x00000000e6ab0000)
  to   space 21824K,   0% used [0x00000000e6ab0000, 0x00000000e6ab0000, 0x00000000e8000000)
 concurrent mark-sweep generation total 393216K, used 0K [0x00000000e8000000, 0x0000000100000000, 0x0000000100000000)
 Metaspace       used 18062K, capacity 18400K, committed 18688K, reserved 1064960K
  class space    used 2039K, capacity 2196K, committed 2304K, reserved 1048576K
2017-04-15T18:29:12.905+0200: 2,287: [GC (Allocation Failure) 2017-04-15T18:29:12.905+0200: 2,287: [ParNew
Desired survivor size 20112992 bytes, new threshold 8 (max 8)
- age   1:   12614760 bytes,   12614760 total
: 87424K->12434K(109248K), 0,0201708 secs] 87424K->12434K(502464K), 0,0202633 secs] [Times: user=0,05 sys=0,01, real=0,02 secs] 
Heap after GC invocations=1 (full 0):
 par new generation   total 109248K, used 12434K [0x00000000e0000000, 0x00000000e8000000, 0x00000000e8000000)
  eden space 87424K,   0% used [0x00000000e0000000, 0x00000000e0000000, 0x00000000e5560000)
  from space 21824K,  56% used [0x00000000e6ab0000, 0x00000000e76d4900, 0x00000000e8000000)
  to   space 21824K,   0% used [0x00000000e5560000, 0x00000000e5560000, 0x00000000e6ab0000)
 concurrent mark-sweep generation total 393216K, used 0K [0x00000000e8000000, 0x0000000100000000, 0x0000000100000000)
 Metaspace       used 18062K, capacity 18400K, committed 18688K, reserved 1064960K
  class space    used 2039K, capacity 2196K, committed 2304K, reserved 1048576K
}
2017-04-15T18:29:12.925+0200: 2,308: Total time for which application threads were stopped: 0,0205502 seconds, Stopping threads took: 0,0000723 seconds
2017-04-15T18:29:13.215+0200: 2,598: Total time for which application threads were stopped: 0,0003481 seconds, Stopping threads took: 0,0000783 seconds
{Heap before GC invocations=1 (full 0):
 par new generation   total 109248K, used 99858K [0x00000000e0000000, 0x00000000e8000000, 0x00000000e8000000)
  eden space 87424K, 100% used [0x00000000e0000000, 0x00000000e5560000, 0x00000000e5560000)
  from space 21824K,  56% used [0x00000000e6ab0000, 0x00000000e76d4900, 0x00000000e8000000)
  to   space 21824K,   0% used [0x00000000e5560000, 0x00000000e5560000, 0x00000000e6ab0000)
 concurrent mark-sweep generation total 393216K, used 0K [0x00000000e8000000, 0x0000000100000000, 0x0000000100000000)
 Metaspace       used 20068K, capacity 20420K, committed 20736K, reserved 1067008K
  class space    used 2294K, capacity 2466K, committed 2560K, reserved 1048576K
2017-04-15T18:29:13.274+0200: 2,657: [GC (Allocation Failure) 2017-04-15T18:29:13.274+0200: 2,657: [ParNew
Desired survivor size 20112992 bytes, new threshold 8 (max 8)
- age   1:    3712384 bytes,    3712384 total
- age   2:    6666848 bytes,   10379232 total
: 99858K->15801K(109248K), 0,0144773 secs] 99858K->15801K(502464K), 0,0145744 secs] [Times: user=0,05 sys=0,00, real=0,02 secs] 
Heap after GC invocations=2 (full 0):
 par new generation   total 109248K, used 15801K [0x00000000e0000000, 0x00000000e8000000, 0x00000000e8000000)
  eden space 87424K,   0% used [0x00000000e0000000, 0x00000000e0000000, 0x00000000e5560000)
  from space 21824K,  72% used [0x00000000e5560000, 0x00000000e64ce600, 0x00000000e6ab0000)
  to   space 21824K,   0% used [0x00000000e6ab0000, 0x00000000e6ab0000, 0x00000000e8000000)
 concurrent mark-sweep generation total 393216K, used 0K [0x00000000e8000000, 0x0000000100000000, 0x0000000100000000)
 Metaspace       used 20068K, capacity 20420K, committed 20736K, reserved 1067008K
  class space    used 2294K, capacity 2466K, committed 2560K, reserved 1048576K
}
2017-04-15T18:29:13.289+0200: 2,671: Total time for which application threads were stopped: 0,0160058 seconds, Stopping threads took: 0,0012673 seconds
2017-04-15T18:29:13.291+0200: 2,674: Total time for which application threads were stopped: 0,0003533 seconds, Stopping threads took: 0,0000415 seconds
2017-04-15T18:29:13.339+0200: 2,722: Total time for which application threads were stopped: 0,0003003 seconds, Stopping threads took: 0,0000209 seconds
2017-04-15T18:29:13.464+0200: 2,847: Total time for which application threads were stopped: 0,0001918 seconds, Stopping threads took: 0,0000630 seconds
{Heap before GC invocations=2 (full 0):
 par new generation   total 109248K, used 103210K [0x00000000e0000000, 0x00000000e8000000, 0x00000000e8000000)
  eden space 87424K,  99% used [0x00000000e0000000, 0x00000000e555c240, 0x00000000e5560000)
  from space 21824K,  72% used [0x00000000e5560000, 0x00000000e64ce600, 0x00000000e6ab0000)
  to   space 21824K,   0% used [0x00000000e6ab0000, 0x00000000e6ab0000, 0x00000000e8000000)
 concurrent mark-sweep generation total 393216K, used 0K [0x00000000e8000000, 0x0000000100000000, 0x0000000100000000)
 Metaspace       used 20994K, capacity 21342K, committed 21628K, reserved 1069056K
  class space    used 2416K, capacity 2585K, committed 2684K, reserved 1048576K
2017-04-15T18:29:13.510+0200: 2,892: [GC (Allocation Failure) 2017-04-15T18:29:13.510+0200: 2,892: [ParNew
Desired survivor size 20112992 bytes, new threshold 8 (max 8)
- age   1:    1963688 bytes,    1963688 total
- age   2:     848448 bytes,    2812136 total
- age   3:    6663120 bytes,    9475256 total
: 103210K->11272K(109248K), 0,0100816 secs] 103210K->11272K(502464K), 0,0101662 secs] [Times: user=0,04 sys=0,00, real=0,01 secs] 
Heap after GC invocations=3 (full 0):
 par new generation   total 109248K, used 11272K [0x00000000e0000000, 0x00000000e8000000, 0x00000000e8000000)
  eden space 87424K,   0% used [0x00000000e0000000, 0x00000000e0000000, 0x00000000e5560000)
  from space 21824K,  51% used [0x00000000e6ab0000, 0x00000000e75b2390, 0x00000000e8000000)
  to   space 21824K,   0% used [0x00000000e5560000, 0x00000000e5560000, 0x00000000e6ab0000)
 concurrent mark-sweep generation total 393216K, used 0K [0x00000000e8000000, 0x0000000100000000, 0x0000000100000000)
 Metaspace       used 20994K, capacity 21342K, committed 21628K, reserved 1069056K
  class space    used 2416K, capacity 2585K, committed 2684K, reserved 1048576K
}
2017-04-15T18:29:13.520+0200: 2,903: Total time for which application threads were stopped: 0,0107901 seconds, Stopping threads took: 0,0004741 seconds
2017-04-15T18:29:13.520+0200: 2,903: [GC (CMS Initial Mark) [1 CMS-initial-mark: 0K(393216K)] 12039K(502464K), 0,0037618 secs] [Times: user=0,01 sys=0,00, real=0,00 secs] 
2017-04-15T18:29:13.524+0200: 2,907: Total time for which application threads were stopped: 0,0039879 seconds, Stopping threads took: 0,0001096 seconds
2017-04-15T18:29:13.524+0200: 2,907: [CMS-concurrent-mark-start]
2017-04-15T18:29:13.525+0200: 2,907: [CMS-concurrent-mark: 0,000/0,000 secs] [Times: user=0,00 sys=0,00, real=0,00 secs] 
2017-04-15T18:29:13.525+0200: 2,907: [CMS-concurrent-preclean-start]
2017-04-15T18:29:13.526+0200: 2,908: [CMS-concurrent-preclean: 0,001/0,001 secs] [Times: user=0,01 sys=0,00, real=0,00 secs] 
2017-04-15T18:29:13.526+0200: 2,908: [GC (CMS Final Remark) [YG occupancy: 12744 K (109248 K)]{Heap before GC invocations=3 (full 1):
 par new generation   total 109248K, used 12744K [0x00000000e0000000, 0x00000000e8000000, 0x00000000e8000000)
  eden space 87424K,   1% used [0x00000000e0000000, 0x00000000e016fec0, 0x00000000e5560000)
  from space 21824K,  51% used [0x00000000e6ab0000, 0x00000000e75b2390, 0x00000000e8000000)
  to   space 21824K,   0% used [0x00000000e5560000, 0x00000000e5560000, 0x00000000e6ab0000)
 concurrent mark-sweep generation total 393216K, used 0K [0x00000000e8000000, 0x0000000100000000, 0x0000000100000000)
 Metaspace       used 21004K, capacity 21342K, committed 21628K, reserved 1069056K
  class space    used 2418K, capacity 2585K, committed 2684K, reserved 1048576K
2017-04-15T18:29:13.526+0200: 2,908: [GC (CMS Final Remark) 2017-04-15T18:29:13.526+0200: 2,908: [ParNew
Desired survivor size 20112992 bytes, new threshold 8 (max 8)
- age   1:     184936 bytes,     184936 total
- age   2:    1961040 bytes,    2145976 total
- age   3:     848472 bytes,    2994448 total
- age   4:    6663896 bytes,    9658344 total
: 12744K->14117K(109248K), 0,0133685 secs] 12744K->14117K(502464K), 0,0134221 secs] [Times: user=0,05 sys=0,00, real=0,02 secs] 
Heap after GC invocations=4 (full 1):
 par new generation   total 109248K, used 14117K [0x00000000e0000000, 0x00000000e8000000, 0x00000000e8000000)
  eden space 87424K,   0% used [0x00000000e0000000, 0x00000000e0000000, 0x00000000e5560000)
  from space 21824K,  64% used [0x00000000e5560000, 0x00000000e63295e0, 0x00000000e6ab0000)
  to   space 21824K,   0% used [0x00000000e6ab0000, 0x00000000e6ab0000, 0x00000000e8000000)
 concurrent mark-sweep generation total 393216K, used 0K [0x00000000e8000000, 0x0000000100000000, 0x0000000100000000)
 Metaspace       used 21004K, capacity 21342K, committed 21628K, reserved 1069056K
  class space    used 2418K, capacity 2585K, committed 2684K, reserved 1048576K
}
2017-04-15T18:29:13.539+0200: 2,922: [Rescan (parallel) , 0,0047890 secs]2017-04-15T18:29:13.544+0200: 2,927: [weak refs processing, 0,0016427 secs]2017-04-15T18:29:13.546+0200: 2,928: [class unloading, 0,0030245 secs]2017-04-15T18:29:13.549+0200: 2,931: [scrub symbol table, 0,0041733 secs]2017-04-15T18:29:13.553+0200: 2,936: [scrub string table, 0,0004820 secs][1 CMS-remark: 0K(393216K)] 14117K(502464K), 0,0282179 secs] [Times: user=0,09 sys=0,00, real=0,03 secs] 
2017-04-15T18:29:13.554+0200: 2,937: Total time for which application threads were stopped: 0,0283720 seconds, Stopping threads took: 0,0000504 seconds
2017-04-15T18:29:13.558+0200: 2,941: [CMS-concurrent-sweep-start]
2017-04-15T18:29:13.558+0200: 2,941: [CMS-concurrent-sweep: 0,000/0,000 secs] [Times: user=0,00 sys=0,00, real=0,00 secs] 
2017-04-15T18:29:13.558+0200: 2,941: [CMS-concurrent-reset-start]
2017-04-15T18:29:13.561+0200: 2,943: [CMS-concurrent-reset: 0,002/0,002 secs] [Times: user=0,01 sys=0,00, real=0,00 secs] 
{Heap before GC invocations=4 (full 1):
 par new generation   total 109248K, used 101541K [0x00000000e0000000, 0x00000000e8000000, 0x00000000e8000000)
  eden space 87424K, 100% used [0x00000000e0000000, 0x00000000e5560000, 0x00000000e5560000)
  from space 21824K,  64% used [0x00000000e5560000, 0x00000000e63295e0, 0x00000000e6ab0000)
  to   space 21824K,   0% used [0x00000000e6ab0000, 0x00000000e6ab0000, 0x00000000e8000000)
 concurrent mark-sweep generation total 393216K, used 0K [0x00000000e8000000, 0x0000000100000000, 0x0000000100000000)
 Metaspace       used 21209K, capacity 21612K, committed 21884K, reserved 1069056K
  class space    used 2444K, capacity 2599K, committed 2684K, reserved 1048576K
2017-04-15T18:29:13.654+0200: 3,036: [GC (Allocation Failure) 2017-04-15T18:29:13.654+0200: 3,036: [ParNew
Desired survivor size 20112992 bytes, new threshold 8 (max 8)
- age   1:    1417960 bytes,    1417960 total
- age   2:       1424 bytes,    1419384 total
- age   3:    1466008 bytes,    2885392 total
- age   4:     836576 bytes,    3721968 total
- age   5:    6663120 bytes,   10385088 total
: 101541K->12495K(109248K), 0,0116165 secs] 101541K->12495K(502464K), 0,0116876 secs] [Times: user=0,04 sys=0,00, real=0,01 secs] 
Heap after GC invocations=5 (full 1):
 par new generation   total 109248K, used 12495K [0x00000000e0000000, 0x00000000e8000000, 0x00000000e8000000)
  eden space 87424K,   0% used [0x00000000e0000000, 0x00000000e0000000, 0x00000000e5560000)
  from space 21824K,  57% used [0x00000000e6ab0000, 0x00000000e76e3ca8, 0x00000000e8000000)
  to   space 21824K,   0% used [0x00000000e5560000, 0x00000000e5560000, 0x00000000e6ab0000)
 concurrent mark-sweep generation total 393216K, used 0K [0x00000000e8000000, 0x0000000100000000, 0x0000000100000000)
 Metaspace       used 21209K, capacity 21612K, committed 21884K, reserved 1069056K
  class space    used 2444K, capacity 2599K, committed 2684K, reserved 1048576K
}
2017-04-15T18:29:13.665+0200: 3,048: Total time for which application threads were stopped: 0,0119239 seconds, Stopping threads took: 0,0000890 seconds
{Heap before GC invocations=5 (full 1):
 par new generation   total 109248K, used 99919K [0x00000000e0000000, 0x00000000e8000000, 0x00000000e8000000)
  eden space 87424K, 100% used [0x00000000e0000000, 0x00000000e5560000, 0x00000000e5560000)
  from space 21824K,  57% used [0x00000000e6ab0000, 0x00000000e76e3ca8, 0x00000000e8000000)
  to   space 21824K,   0% used [0x00000000e5560000, 0x00000000e5560000, 0x00000000e6ab0000)
 concurrent mark-sweep generation total 393216K, used 0K [0x00000000e8000000, 0x0000000100000000, 0x0000000100000000)
 Metaspace       used 21379K, capacity 21784K, committed 21884K, reserved 1069056K
  class space    used 2465K, capacity 2633K, committed 2684K, reserved 1048576K
2017-04-15T18:29:13.753+0200: 3,135: [GC (Allocation Failure) 2017-04-15T18:29:13.753+0200: 3,135: [ParNew
Desired survivor size 20112992 bytes, new threshold 8 (max 8)
- age   1:    1273232 bytes,    1273232 total
- age   2:     182392 bytes,    1455624 total
- age   3:       1424 bytes,    1457048 total
- age   4:    1465488 bytes,    2922536 total
- age   5:     834512 bytes,    3757048 total
- age   6:    6663088 bytes,   10420136 total
: 99919K->15740K(109248K), 0,0105037 secs] 99919K->15740K(502464K), 0,0105711 secs] [Times: user=0,03 sys=0,00, real=0,01 secs] 
Heap after GC invocations=6 (full 1):
 par new generation   total 109248K, used 15740K [0x00000000e0000000, 0x00000000e8000000, 0x00000000e8000000)
  eden space 87424K,   0% used [0x00000000e0000000, 0x00000000e0000000, 0x00000000e5560000)
  from space 21824K,  72% used [0x00000000e5560000, 0x00000000e64bf1f0, 0x00000000e6ab0000)
  to   space 21824K,   0% used [0x00000000e6ab0000, 0x00000000e6ab0000, 0x00000000e8000000)
 concurrent mark-sweep generation total 393216K, used 0K [0x00000000e8000000, 0x0000000100000000, 0x0000000100000000)
 Metaspace       used 21379K, capacity 21784K, committed 21884K, reserved 1069056K
  class space    used 2465K, capacity 2633K, committed 2684K, reserved 1048576K
}
2017-04-15T18:29:13.763+0200: 3,146: Total time for which application threads were stopped: 0,0108042 seconds, Stopping threads took: 0,0000676 seconds
2017-04-15T18:29:13.797+0200: 3,180: Total time for which application threads were stopped: 0,0003981 seconds, Stopping threads took: 0,0000128 seconds
2017-04-15T18:29:14.008+0200: 3,391: Total time for which application threads were stopped: 0,0005127 seconds, Stopping threads took: 0,0000470 seconds
2017-04-15T18:29:14.028+0200: 3,410: Total time for which application threads were stopped: 0,0004047 seconds, Stopping threads took: 0,0000386 seconds
{Heap before GC invocations=6 (full 1):
 par new generation   total 109248K, used 103164K [0x00000000e0000000, 0x00000000e8000000, 0x00000000e8000000)
  eden space 87424K, 100% used [0x00000000e0000000, 0x00000000e5560000, 0x00000000e5560000)
  from space 21824K,  72% used [0x00000000e5560000, 0x00000000e64bf1f0, 0x00000000e6ab0000)
  to   space 21824K,   0% used [0x00000000e6ab0000, 0x00000000e6ab0000, 0x00000000e8000000)
 concurrent mark-sweep generation total 393216K, used 0K [0x00000000e8000000, 0x0000000100000000, 0x0000000100000000)
 Metaspace       used 23780K, capacity 24218K, committed 24572K, reserved 1071104K
  class space    used 2794K, capacity 2976K, committed 3068K, reserved 1048576K
2017-04-15T18:29:14.199+0200: 3,582: [GC (Allocation Failure) 2017-04-15T18:29:14.199+0200: 3,582: [ParNew
Desired survivor size 20112992 bytes, new threshold 8 (max 8)
- age   1:    5377264 bytes,    5377264 total
- age   2:     109032 bytes,    5486296 total
- age   3:     181040 bytes,    5667336 total
- age   4:       1424 bytes,    5668760 total
- age   5:     288192 bytes,    5956952 total
- age   6:     810160 bytes,    6767112 total
- age   7:    6655184 bytes,   13422296 total
: 103164K->14377K(109248K), 0,0174031 secs] 103164K->14377K(502464K), 0,0175137 secs] [Times: user=0,06 sys=0,00, real=0,01 secs] 
Heap after GC invocations=7 (full 1):
 par new generation   total 109248K, used 14377K [0x00000000e0000000, 0x00000000e8000000, 0x00000000e8000000)
  eden space 87424K,   0% used [0x00000000e0000000, 0x00000000e0000000, 0x00000000e5560000)
  from space 21824K,  65% used [0x00000000e6ab0000, 0x00000000e78ba720, 0x00000000e8000000)
  to   space 21824K,   0% used [0x00000000e5560000, 0x00000000e5560000, 0x00000000e6ab0000)
 concurrent mark-sweep generation total 393216K, used 0K [0x00000000e8000000, 0x0000000100000000, 0x0000000100000000)
 Metaspace       used 23780K, capacity 24218K, committed 24572K, reserved 1071104K
  class space    used 2794K, capacity 2976K, committed 3068K, reserved 1048576K
}
2017-04-15T18:29:14.217+0200: 3,599: Total time for which application threads were stopped: 0,0178565 seconds, Stopping threads took: 0,0000638 seconds
{Heap before GC invocations=7 (full 1):
 par new generation   total 109248K, used 101801K [0x00000000e0000000, 0x00000000e8000000, 0x00000000e8000000)
  eden space 87424K, 100% used [0x00000000e0000000, 0x00000000e5560000, 0x00000000e5560000)
  from space 21824K,  65% used [0x00000000e6ab0000, 0x00000000e78ba720, 0x00000000e8000000)
  to   space 21824K,   0% used [0x00000000e5560000, 0x00000000e5560000, 0x00000000e6ab0000)
 concurrent mark-sweep generation total 393216K, used 0K [0x00000000e8000000, 0x0000000100000000, 0x0000000100000000)
 Metaspace       used 24277K, capacity 24730K, committed 24828K, reserved 1071104K
  class space    used 2848K, capacity 3040K, committed 3068K, reserved 1048576K
2017-04-15T18:29:14.325+0200: 3,707: [GC (Allocation Failure) 2017-04-15T18:29:14.325+0200: 3,707: [ParNew
Desired survivor size 20112992 bytes, new threshold 8 (max 8)
- age   1:    2027472 bytes,    2027472 total
- age   2:    1829440 bytes,    3856912 total
- age   3:      61184 bytes,    3918096 total
- age   4:      98912 bytes,    4017008 total
- age   5:       1088 bytes,    4018096 total
- age   6:     188880 bytes,    4206976 total
- age   7:     767936 bytes,    4974912 total
- age   8:    6122128 bytes,   11097040 total
: 101801K->16542K(109248K), 0,0158504 secs] 101801K->16542K(502464K), 0,0159309 secs] [Times: user=0,06 sys=0,00, real=0,02 secs] 
Heap after GC invocations=8 (full 1):
 par new generation   total 109248K, used 16542K [0x00000000e0000000, 0x00000000e8000000, 0x00000000e8000000)
  eden space 87424K,   0% used [0x00000000e0000000, 0x00000000e0000000, 0x00000000e5560000)
  from space 21824K,  75% used [0x00000000e5560000, 0x00000000e6587b60, 0x00000000e6ab0000)
  to   space 21824K,   0% used [0x00000000e6ab0000, 0x00000000e6ab0000, 0x00000000e8000000)
 concurrent mark-sweep generation total 393216K, used 0K [0x00000000e8000000, 0x0000000100000000, 0x0000000100000000)
 Metaspace       used 24277K, capacity 24730K, committed 24828K, reserved 1071104K
  class space    used 2848K, capacity 3040K, committed 3068K, reserved 1048576K
}
2017-04-15T18:29:14.341+0200: 3,723: Total time for which application threads were stopped: 0,0180088 seconds, Stopping threads took: 0,0018915 seconds
{Heap before GC invocations=8 (full 1):
 par new generation   total 109248K, used 103966K [0x00000000e0000000, 0x00000000e8000000, 0x00000000e8000000)
  eden space 87424K, 100% used [0x00000000e0000000, 0x00000000e5560000, 0x00000000e5560000)
  from space 21824K,  75% used [0x00000000e5560000, 0x00000000e6587b60, 0x00000000e6ab0000)
  to   space 21824K,   0% used [0x00000000e6ab0000, 0x00000000e6ab0000, 0x00000000e8000000)
 concurrent mark-sweep generation total 393216K, used 0K [0x00000000e8000000, 0x0000000100000000, 0x0000000100000000)
 Metaspace       used 24615K, capacity 25114K, committed 25468K, reserved 1071104K
  class space    used 2877K, capacity 3078K, committed 3196K, reserved 1048576K
2017-04-15T18:29:14.570+0200: 3,953: [GC (Allocation Failure) 2017-04-15T18:29:14.570+0200: 3,953: [ParNew
Desired survivor size 20112992 bytes, new threshold 8 (max 8)
- age   1:     912184 bytes,     912184 total
- age   2:     990952 bytes,    1903136 total
- age   3:    1807144 bytes,    3710280 total
- age   4:      61184 bytes,    3771464 total
- age   5:      98640 bytes,    3870104 total
- age   6:       1088 bytes,    3871192 total
- age   7:     186080 bytes,    4057272 total
- age   8:     767136 bytes,    4824408 total
: 103966K->6832K(109248K), 0,0580164 secs] 103966K->12893K(502464K), 0,0580846 secs] [Times: user=0,12 sys=0,00, real=0,06 secs] 
Heap after GC invocations=9 (full 1):
 par new generation   total 109248K, used 6832K [0x00000000e0000000, 0x00000000e8000000, 0x00000000e8000000)
  eden space 87424K,   0% used [0x00000000e0000000, 0x00000000e0000000, 0x00000000e5560000)
  from space 21824K,  31% used [0x00000000e6ab0000, 0x00000000e715c3e0, 0x00000000e8000000)
  to   space 21824K,   0% used [0x00000000e5560000, 0x00000000e5560000, 0x00000000e6ab0000)
 concurrent mark-sweep generation total 393216K, used 6060K [0x00000000e8000000, 0x0000000100000000, 0x0000000100000000)
 Metaspace       used 24615K, capacity 25114K, committed 25468K, reserved 1071104K
  class space    used 2877K, capacity 3078K, committed 3196K, reserved 1048576K
}
2017-04-15T18:29:14.629+0200: 4,011: Total time for which application threads were stopped: 0,0597994 seconds, Stopping threads took: 0,0015171 seconds
2017-04-15T18:29:14.685+0200: 4,067: Total time for which application threads were stopped: 0,0084067 seconds, Stopping threads took: 0,0077763 seconds
2017-04-15T18:29:14.803+0200: 4,186: Total time for which application threads were stopped: 0,0001630 seconds, Stopping threads took: 0,0000391 seconds
2017-04-15T18:29:14.847+0200: 4,229: Total time for which application threads were stopped: 0,0001565 seconds, Stopping threads took: 0,0000390 seconds
2017-04-15T18:29:14.847+0200: 4,229: Total time for which application threads were stopped: 0,0000799 seconds, Stopping threads took: 0,0000171 seconds
2017-04-15T18:29:14.849+0200: 4,231: Total time for which application threads were stopped: 0,0001715 seconds, Stopping threads took: 0,0000372 seconds
2017-04-15T18:29:14.849+0200: 4,231: Total time for which application threads were stopped: 0,0000799 seconds, Stopping threads took: 0,0000169 seconds
2017-04-15T18:29:14.849+0200: 4,232: Total time for which application threads were stopped: 0,0000899 seconds, Stopping threads took: 0,0000200 seconds
2017-04-15T18:29:14.849+0200: 4,232: Total time for which application threads were stopped: 0,0000684 seconds, Stopping threads took: 0,0000144 seconds
2017-04-15T18:29:14.850+0200: 4,232: Total time for which application threads were stopped: 0,0000903 seconds, Stopping threads took: 0,0000191 seconds
2017-04-15T18:29:14.851+0200: 4,234: Total time for which application threads were stopped: 0,0001412 seconds, Stopping threads took: 0,0000367 seconds
2017-04-15T18:29:14.851+0200: 4,234: Total time for which application threads were stopped: 0,0001028 seconds, Stopping threads took: 0,0000250 seconds
2017-04-15T18:29:14.851+0200: 4,234: Total time for which application threads were stopped: 0,0000849 seconds, Stopping threads took: 0,0000178 seconds
2017-04-15T18:29:14.851+0200: 4,234: Total time for which application threads were stopped: 0,0000807 seconds, Stopping threads took: 0,0000199 seconds
2017-04-15T18:29:14.852+0200: 4,234: Total time for which application threads were stopped: 0,0000973 seconds, Stopping threads took: 0,0000272 seconds
2017-04-15T18:29:14.852+0200: 4,235: Total time for which application threads were stopped: 0,0004775 seconds, Stopping threads took: 0,0003951 seconds
2017-04-15T18:29:14.856+0200: 4,238: Total time for which application threads were stopped: 0,0009810 seconds, Stopping threads took: 0,0008514 seconds
2017-04-15T18:29:14.859+0200: 4,241: Total time for which application threads were stopped: 0,0001797 seconds, Stopping threads took: 0,0000457 seconds
2017-04-15T18:29:14.859+0200: 4,241: Total time for which application threads were stopped: 0,0001013 seconds, Stopping threads took: 0,0000209 seconds
2017-04-15T18:29:14.859+0200: 4,242: Total time for which application threads were stopped: 0,0001155 seconds, Stopping threads took: 0,0000271 seconds
2017-04-15T18:29:14.859+0200: 4,242: Total time for which application threads were stopped: 0,0000977 seconds, Stopping threads took: 0,0000218 seconds
2017-04-15T18:29:14.860+0200: 4,243: Total time for which application threads were stopped: 0,0001425 seconds, Stopping threads took: 0,0000504 seconds
2017-04-15T18:29:14.860+0200: 4,243: Total time for which application threads were stopped: 0,0001999 seconds, Stopping threads took: 0,0000288 seconds
2017-04-15T18:29:14.862+0200: 4,245: Total time for which application threads were stopped: 0,0004792 seconds, Stopping threads took: 0,0003305 seconds
2017-04-15T18:29:14.863+0200: 4,245: Total time for which application threads were stopped: 0,0001597 seconds, Stopping threads took: 0,0000425 seconds
2017-04-15T18:29:14.874+0200: 4,256: Total time for which application threads were stopped: 0,0002392 seconds, Stopping threads took: 0,0001527 seconds
2017-04-15T18:29:14.876+0200: 4,258: Total time for which application threads were stopped: 0,0001301 seconds, Stopping threads took: 0,0000449 seconds
2017-04-15T18:29:14.876+0200: 4,258: Total time for which application threads were stopped: 0,0000690 seconds, Stopping threads took: 0,0000246 seconds
2017-04-15T18:29:14.876+0200: 4,259: Total time for which application threads were stopped: 0,0001088 seconds, Stopping threads took: 0,0000537 seconds
2017-04-15T18:29:14.876+0200: 4,259: Total time for which application threads were stopped: 0,0000633 seconds, Stopping threads took: 0,0000247 seconds
2017-04-15T18:29:14.878+0200: 4,261: Total time for which application threads were stopped: 0,0018273 seconds, Stopping threads took: 0,0017742 seconds
2017-04-15T18:29:14.878+0200: 4,261: Total time for which application threads were stopped: 0,0000711 seconds, Stopping threads took: 0,0000201 seconds
2017-04-15T18:29:14.878+0200: 4,261: Total time for which application threads were stopped: 0,0000535 seconds, Stopping threads took: 0,0000210 seconds
2017-04-15T18:29:14.879+0200: 4,262: Total time for which application threads were stopped: 0,0001852 seconds, Stopping threads took: 0,0001200 seconds
2017-04-15T18:29:14.879+0200: 4,262: Total time for which application threads were stopped: 0,0000686 seconds, Stopping threads took: 0,0000109 seconds
2017-04-15T18:29:14.879+0200: 4,262: Total time for which application threads were stopped: 0,0000783 seconds, Stopping threads took: 0,0000147 seconds
2017-04-15T18:29:14.880+0200: 4,262: Total time for which application threads were stopped: 0,0000876 seconds, Stopping threads took: 0,0000206 seconds
2017-04-15T18:29:14.880+0200: 4,262: Total time for which application threads were stopped: 0,0000818 seconds, Stopping threads took: 0,0000108 seconds
2017-04-15T18:29:14.880+0200: 4,263: Total time for which application threads were stopped: 0,0000888 seconds, Stopping threads took: 0,0000339 seconds
2017-04-15T18:29:14.880+0200: 4,263: Total time for which application threads were stopped: 0,0000759 seconds, Stopping threads took: 0,0000177 seconds
2017-04-15T18:29:14.880+0200: 4,263: Total time for which application threads were stopped: 0,0000921 seconds, Stopping threads took: 0,0000130 seconds
2017-04-15T18:29:14.880+0200: 4,263: Total time for which application threads were stopped: 0,0000692 seconds, Stopping threads took: 0,0000106 seconds
2017-04-15T18:29:14.881+0200: 4,263: Total time for which application threads were stopped: 0,0001711 seconds, Stopping threads took: 0,0000110 seconds
2017-04-15T18:29:14.892+0200: 4,275: Total time for which application threads were stopped: 0,0001707 seconds, Stopping threads took: 0,0000521 seconds
2017-04-15T18:29:14.905+0200: 4,288: Total time for which application threads were stopped: 0,0001479 seconds, Stopping threads took: 0,0000366 seconds
2017-04-15T18:29:14.906+0200: 4,288: Total time for which application threads were stopped: 0,0000840 seconds, Stopping threads took: 0,0000197 seconds
2017-04-15T18:29:14.913+0200: 4,295: Total time for which application threads were stopped: 0,0038370 seconds, Stopping threads took: 0,0037070 seconds
2017-04-15T18:29:14.913+0200: 4,296: Total time for which application threads were stopped: 0,0001351 seconds, Stopping threads took: 0,0000303 seconds
2017-04-15T18:29:14.914+0200: 4,296: Total time for which application threads were stopped: 0,0001343 seconds, Stopping threads took: 0,0000377 seconds
2017-04-15T18:29:14.914+0200: 4,296: Total time for which application threads were stopped: 0,0001085 seconds, Stopping threads took: 0,0000226 seconds
2017-04-15T18:29:14.914+0200: 4,296: Total time for which application threads were stopped: 0,0001037 seconds, Stopping threads took: 0,0000227 seconds
2017-04-15T18:29:14.922+0200: 4,304: Total time for which application threads were stopped: 0,0001560 seconds, Stopping threads took: 0,0000594 seconds
2017-04-15T18:29:14.924+0200: 4,307: Total time for which application threads were stopped: 0,0001083 seconds, Stopping threads took: 0,0000238 seconds
2017-04-15T18:29:14.926+0200: 4,309: Total time for which application threads were stopped: 0,0001281 seconds, Stopping threads took: 0,0000411 seconds
2017-04-15T18:29:14.928+0200: 4,311: Total time for which application threads were stopped: 0,0015717 seconds, Stopping threads took: 0,0015181 seconds
2017-04-15T18:29:14.930+0200: 4,312: Total time for which application threads were stopped: 0,0001409 seconds, Stopping threads took: 0,0000613 seconds
2017-04-15T18:29:14.930+0200: 4,312: Total time for which application threads were stopped: 0,0001074 seconds, Stopping threads took: 0,0000385 seconds
2017-04-15T18:29:14.932+0200: 4,314: Total time for which application threads were stopped: 0,0001673 seconds, Stopping threads took: 0,0000448 seconds
2017-04-15T18:29:14.937+0200: 4,320: Total time for which application threads were stopped: 0,0001658 seconds, Stopping threads took: 0,0000446 seconds
2017-04-15T18:29:14.938+0200: 4,321: Total time for which application threads were stopped: 0,0006661 seconds, Stopping threads took: 0,0005955 seconds
2017-04-15T18:29:14.938+0200: 4,321: Total time for which application threads were stopped: 0,0000638 seconds, Stopping threads took: 0,0000144 seconds
2017-04-15T18:29:14.939+0200: 4,321: Total time for which application threads were stopped: 0,0002047 seconds, Stopping threads took: 0,0000193 seconds
2017-04-15T18:29:14.940+0200: 4,323: Total time for which application threads were stopped: 0,0001292 seconds, Stopping threads took: 0,0000293 seconds
2017-04-15T18:29:14.946+0200: 4,329: Total time for which application threads were stopped: 0,0001544 seconds, Stopping threads took: 0,0000436 seconds
2017-04-15T18:29:14.952+0200: 4,335: Total time for which application threads were stopped: 0,0012999 seconds, Stopping threads took: 0,0011457 seconds
2017-04-15T18:29:14.955+0200: 4,337: Total time for which application threads were stopped: 0,0001739 seconds, Stopping threads took: 0,0000378 seconds
2017-04-15T18:29:14.956+0200: 4,339: Total time for which application threads were stopped: 0,0001760 seconds, Stopping threads took: 0,0000431 seconds
2017-04-15T18:29:14.956+0200: 4,339: Total time for which application threads were stopped: 0,0001128 seconds, Stopping threads took: 0,0000247 seconds
2017-04-15T18:29:14.956+0200: 4,339: Total time for which application threads were stopped: 0,0000988 seconds, Stopping threads took: 0,0000198 seconds
2017-04-15T18:29:14.962+0200: 4,344: Total time for which application threads were stopped: 0,0007292 seconds, Stopping threads took: 0,0006022 seconds
2017-04-15T18:29:14.973+0200: 4,355: Total time for which application threads were stopped: 0,0062240 seconds, Stopping threads took: 0,0060472 seconds
2017-04-15T18:29:14.973+0200: 4,356: Total time for which application threads were stopped: 0,0001103 seconds, Stopping threads took: 0,0000165 seconds
2017-04-15T18:29:14.975+0200: 4,358: Total time for which application threads were stopped: 0,0006264 seconds, Stopping threads took: 0,0004673 seconds
2017-04-15T18:29:14.976+0200: 4,359: Total time for which application threads were stopped: 0,0001188 seconds, Stopping threads took: 0,0000209 seconds
2017-04-15T18:29:14.978+0200: 4,360: Total time for which application threads were stopped: 0,0001461 seconds, Stopping threads took: 0,0000257 seconds
2017-04-15T18:29:14.979+0200: 4,361: Total time for which application threads were stopped: 0,0002753 seconds, Stopping threads took: 0,0001133 seconds
2017-04-15T18:29:14.979+0200: 4,362: Total time for which application threads were stopped: 0,0001443 seconds, Stopping threads took: 0,0000193 seconds
2017-04-15T18:29:14.979+0200: 4,362: Total time for which application threads were stopped: 0,0000925 seconds, Stopping threads took: 0,0000111 seconds
2017-04-15T18:29:14.979+0200: 4,362: Total time for which application threads were stopped: 0,0000863 seconds, Stopping threads took: 0,0000119 seconds
2017-04-15T18:29:14.982+0200: 4,364: Total time for which application threads were stopped: 0,0002795 seconds, Stopping threads took: 0,0000652 seconds
2017-04-15T18:29:14.995+0200: 4,377: Total time for which application threads were stopped: 0,0002127 seconds, Stopping threads took: 0,0000894 seconds
2017-04-15T18:29:14.999+0200: 4,381: Total time for which application threads were stopped: 0,0014101 seconds, Stopping threads took: 0,0011047 seconds
2017-04-15T18:29:15.086+0200: 4,469: Total time for which application threads were stopped: 0,0011855 seconds, Stopping threads took: 0,0010081 seconds
2017-04-15T18:29:15.099+0200: 4,482: Total time for which application threads were stopped: 0,0024645 seconds, Stopping threads took: 0,0023270 seconds
2017-04-15T18:29:15.151+0200: 4,533: Total time for which application threads were stopped: 0,0276048 seconds, Stopping threads took: 0,0274491 seconds
2017-04-15T18:29:15.155+0200: 4,538: Total time for which application threads were stopped: 0,0001649 seconds, Stopping threads took: 0,0000346 seconds
2017-04-15T18:29:15.226+0200: 4,609: Total time for which application threads were stopped: 0,0002341 seconds, Stopping threads took: 0,0000276 seconds
2017-04-15T18:29:15.272+0200: 4,654: Total time for which application threads were stopped: 0,0006792 seconds, Stopping threads took: 0,0002689 seconds
2017-04-15T18:29:15.415+0200: 4,797: Total time for which application threads were stopped: 0,0005686 seconds, Stopping threads took: 0,0000548 seconds
2017-04-15T18:29:15.463+0200: 4,845: Total time for which application threads were stopped: 0,0005377 seconds, Stopping threads took: 0,0000463 seconds
2017-04-15T18:29:15.616+0200: 4,999: Total time for which application threads were stopped: 0,0007472 seconds, Stopping threads took: 0,0000495 seconds
2017-04-15T18:29:15.620+0200: 5,002: Total time for which application threads were stopped: 0,0001523 seconds, Stopping threads took: 0,0000455 seconds
2017-04-15T18:29:15.622+0200: 5,005: Total time for which application threads were stopped: 0,0001505 seconds, Stopping threads took: 0,0000348 seconds
2017-04-15T18:29:15.633+0200: 5,016: Total time for which application threads were stopped: 0,0001206 seconds, Stopping threads took: 0,0000397 seconds
2017-04-15T18:29:15.656+0200: 5,039: Total time for which application threads were stopped: 0,0001737 seconds, Stopping threads took: 0,0000510 seconds
2017-04-15T18:29:15.668+0200: 5,050: Total time for which application threads were stopped: 0,0001413 seconds, Stopping threads took: 0,0000622 seconds
2017-04-15T18:29:15.688+0200: 5,071: Total time for which application threads were stopped: 0,0001573 seconds, Stopping threads took: 0,0000600 seconds
2017-04-15T18:29:15.729+0200: 5,111: Total time for which application threads were stopped: 0,0001521 seconds, Stopping threads took: 0,0000644 seconds
2017-04-15T18:29:15.736+0200: 5,119: Total time for which application threads were stopped: 0,0005887 seconds, Stopping threads took: 0,0000401 seconds
2017-04-15T18:29:15.736+0200: 5,119: Total time for which application threads were stopped: 0,0001509 seconds, Stopping threads took: 0,0000590 seconds
{Heap before GC invocations=9 (full 1):
 par new generation   total 109248K, used 94256K [0x00000000e0000000, 0x00000000e8000000, 0x00000000e8000000)
  eden space 87424K, 100% used [0x00000000e0000000, 0x00000000e5560000, 0x00000000e5560000)
  from space 21824K,  31% used [0x00000000e6ab0000, 0x00000000e715c3e0, 0x00000000e8000000)
  to   space 21824K,   0% used [0x00000000e5560000, 0x00000000e5560000, 0x00000000e6ab0000)
 concurrent mark-sweep generation total 393216K, used 6060K [0x00000000e8000000, 0x0000000100000000, 0x0000000100000000)
 Metaspace       used 28029K, capacity 28536K, committed 28796K, reserved 1075200K
  class space    used 3208K, capacity 3383K, committed 3452K, reserved 1048576K
2017-04-15T18:29:15.771+0200: 5,154: [GC (Allocation Failure) 2017-04-15T18:29:15.771+0200: 5,154: [ParNew
Desired survivor size 20112992 bytes, new threshold 8 (max 8)
- age   1:   11391528 bytes,   11391528 total
- age   2:     195848 bytes,   11587376 total
- age   3:     204488 bytes,   11791864 total
- age   4:    1800992 bytes,   13592856 total
- age   5:      61184 bytes,   13654040 total
- age   6:      96000 bytes,   13750040 total
- age   7:       1088 bytes,   13751128 total
- age   8:     185520 bytes,   13936648 total
: 94256K->15748K(109248K), 0,0336274 secs] 100317K->22637K(502464K), 0,0337076 secs] [Times: user=0,12 sys=0,00, real=0,03 secs] 
Heap after GC invocations=10 (full 1):
 par new generation   total 109248K, used 15748K [0x00000000e0000000, 0x00000000e8000000, 0x00000000e8000000)
  eden space 87424K,   0% used [0x00000000e0000000, 0x00000000e0000000, 0x00000000e5560000)
  from space 21824K,  72% used [0x00000000e5560000, 0x00000000e64c12f8, 0x00000000e6ab0000)
  to   space 21824K,   0% used [0x00000000e6ab0000, 0x00000000e6ab0000, 0x00000000e8000000)
 concurrent mark-sweep generation total 393216K, used 6888K [0x00000000e8000000, 0x0000000100000000, 0x0000000100000000)
 Metaspace       used 28029K, capacity 28536K, committed 28796K, reserved 1075200K
  class space    used 3208K, capacity 3383K, committed 3452K, reserved 1048576K
}
2017-04-15T18:29:15.805+0200: 5,187: Total time for which application threads were stopped: 0,0339904 seconds, Stopping threads took: 0,0000416 seconds
2017-04-15T18:29:15.806+0200: 5,189: Total time for which application threads were stopped: 0,0000973 seconds, Stopping threads took: 0,0000257 seconds
2017-04-15T18:29:15.806+0200: 5,189: Total time for which application threads were stopped: 0,0000575 seconds, Stopping threads took: 0,0000148 seconds
2017-04-15T18:30:32.815+0200: 82,197: Total time for which application threads were stopped: 0,0005601 seconds, Stopping threads took: 0,0001769 seconds
2017-04-15T18:31:07.819+0200: 117,202: Total time for which application threads were stopped: 0,0000915 seconds, Stopping threads took: 0,0000377 seconds
2017-04-15T18:31:12.819+0200: 122,202: Total time for which application threads were stopped: 0,0000652 seconds, Stopping threads took: 0,0000162 seconds
2017-04-15T18:32:12.826+0200: 182,208: Total time for which application threads were stopped: 0,0000943 seconds, Stopping threads took: 0,0000372 seconds
2017-04-15T18:33:32.834+0200: 262,217: Total time for which application threads were stopped: 0,0002173 seconds, Stopping threads took: 0,0001386 seconds
2017-04-15T18:33:47.835+0200: 277,218: Total time for which application threads were stopped: 0,0000908 seconds, Stopping threads took: 0,0000332 seconds
2017-04-15T18:52:36.954+0200: 1406,336: Total time for which application threads were stopped: 0,0000938 seconds, Stopping threads took: 0,0000356 seconds
2017-04-15T18:55:52.973+0200: 1602,356: Total time for which application threads were stopped: 0,0000819 seconds, Stopping threads took: 0,0000322 seconds
2017-04-15T18:57:26.983+0200: 1696,365: Total time for which application threads were stopped: 0,0000811 seconds, Stopping threads took: 0,0000308 seconds
2017-04-15T19:07:32.047+0200: 2301,429: Total time for which application threads were stopped: 0,0001738 seconds, Stopping threads took: 0,0000596 seconds
2017-04-15T19:07:33.047+0200: 2302,429: Total time for which application threads were stopped: 0,0001080 seconds, Stopping threads took: 0,0000345 seconds
2017-04-15T19:21:28.850+0200: 3138,232: Total time for which application threads were stopped: 0,0076853 seconds, Stopping threads took: 0,0075971 seconds
2017-04-15T19:21:28.852+0200: 3138,235: Total time for which application threads were stopped: 0,0000813 seconds, Stopping threads took: 0,0000139 seconds
2017-04-15T19:21:28.853+0200: 3138,235: Total time for which application threads were stopped: 0,0000862 seconds, Stopping threads took: 0,0000149 seconds
2017-04-15T19:21:28.859+0200: 3138,241: Total time for which application threads were stopped: 0,0000930 seconds, Stopping threads took: 0,0000135 seconds
2017-04-15T19:21:28.859+0200: 3138,242: Total time for which application threads were stopped: 0,0004470 seconds, Stopping threads took: 0,0003715 seconds
2017-04-15T19:21:28.860+0200: 3138,243: Total time for which application threads were stopped: 0,0004371 seconds, Stopping threads took: 0,0003670 seconds
2017-04-15T19:21:28.861+0200: 3138,244: Total time for which application threads were stopped: 0,0000939 seconds, Stopping threads took: 0,0000227 seconds
2017-04-15T19:21:28.861+0200: 3138,244: Total time for which application threads were stopped: 0,0000768 seconds, Stopping threads took: 0,0000299 seconds
2017-04-15T19:21:28.861+0200: 3138,244: Total time for which application threads were stopped: 0,0000510 seconds, Stopping threads took: 0,0000118 seconds
2017-04-15T19:21:28.861+0200: 3138,244: Total time for which application threads were stopped: 0,0000710 seconds, Stopping threads took: 0,0000228 seconds
2017-04-15T19:21:28.862+0200: 3138,244: Total time for which application threads were stopped: 0,0000449 seconds, Stopping threads took: 0,0000105 seconds
2017-04-15T19:21:28.862+0200: 3138,244: Total time for which application threads were stopped: 0,0000555 seconds, Stopping threads took: 0,0000174 seconds
2017-04-15T19:21:28.862+0200: 3138,244: Total time for which application threads were stopped: 0,0000422 seconds, Stopping threads took: 0,0000140 seconds
2017-04-15T19:21:28.862+0200: 3138,244: Total time for which application threads were stopped: 0,0000337 seconds, Stopping threads took: 0,0000099 seconds
2017-04-15T19:21:28.862+0200: 3138,244: Total time for which application threads were stopped: 0,0000331 seconds, Stopping threads took: 0,0000099 seconds
2017-04-15T19:21:28.862+0200: 3138,244: Total time for which application threads were stopped: 0,0000327 seconds, Stopping threads took: 0,0000071 seconds
2017-04-15T19:21:28.863+0200: 3138,245: Total time for which application threads were stopped: 0,0002249 seconds, Stopping threads took: 0,0001414 seconds
2017-04-15T19:21:28.864+0200: 3138,246: Total time for which application threads were stopped: 0,0001059 seconds, Stopping threads took: 0,0000204 seconds
2017-04-15T19:21:28.866+0200: 3138,249: Total time for which application threads were stopped: 0,0001025 seconds, Stopping threads took: 0,0000328 seconds
2017-04-15T19:21:28.866+0200: 3138,249: Total time for which application threads were stopped: 0,0000803 seconds, Stopping threads took: 0,0000459 seconds
2017-04-15T19:21:28.867+0200: 3138,249: Total time for which application threads were stopped: 0,0000367 seconds, Stopping threads took: 0,0000145 seconds
2017-04-15T19:21:28.867+0200: 3138,249: Total time for which application threads were stopped: 0,0000361 seconds, Stopping threads took: 0,0000132 seconds
2017-04-15T19:21:28.867+0200: 3138,249: Total time for which application threads were stopped: 0,0000341 seconds, Stopping threads took: 0,0000118 seconds
2017-04-15T19:21:28.867+0200: 3138,249: Total time for which application threads were stopped: 0,0000258 seconds, Stopping threads took: 0,0000057 seconds
2017-04-15T19:21:28.867+0200: 3138,249: Total time for which application threads were stopped: 0,0000261 seconds, Stopping threads took: 0,0000058 seconds
2017-04-15T19:21:28.867+0200: 3138,249: Total time for which application threads were stopped: 0,0000371 seconds, Stopping threads took: 0,0000112 seconds
2017-04-15T19:21:28.867+0200: 3138,249: Total time for which application threads were stopped: 0,0000395 seconds, Stopping threads took: 0,0000179 seconds
2017-04-15T19:21:28.870+0200: 3138,253: Total time for which application threads were stopped: 0,0000966 seconds, Stopping threads took: 0,0000191 seconds
2017-04-15T19:21:28.870+0200: 3138,253: Total time for which application threads were stopped: 0,0000542 seconds, Stopping threads took: 0,0000115 seconds
2017-04-15T19:21:28.870+0200: 3138,253: Total time for which application threads were stopped: 0,0000605 seconds, Stopping threads took: 0,0000239 seconds
2017-04-15T19:21:28.870+0200: 3138,253: Total time for which application threads were stopped: 0,0000412 seconds, Stopping threads took: 0,0000088 seconds
2017-04-15T19:21:28.871+0200: 3138,253: Total time for which application threads were stopped: 0,0000552 seconds, Stopping threads took: 0,0000215 seconds
2017-04-15T19:21:28.878+0200: 3138,261: Total time for which application threads were stopped: 0,0001296 seconds, Stopping threads took: 0,0000339 seconds
2017-04-15T19:21:28.878+0200: 3138,261: Total time for which application threads were stopped: 0,0000607 seconds, Stopping threads took: 0,0000095 seconds
2017-04-15T19:21:28.878+0200: 3138,261: Total time for which application threads were stopped: 0,0000550 seconds, Stopping threads took: 0,0000073 seconds
2017-04-15T19:21:28.879+0200: 3138,261: Total time for which application threads were stopped: 0,0000526 seconds, Stopping threads took: 0,0000074 seconds
2017-04-15T19:21:28.879+0200: 3138,261: Total time for which application threads were stopped: 0,0000455 seconds, Stopping threads took: 0,0000064 seconds
2017-04-15T19:21:28.879+0200: 3138,261: Total time for which application threads were stopped: 0,0000603 seconds, Stopping threads took: 0,0000130 seconds
2017-04-15T19:21:28.879+0200: 3138,262: Total time for which application threads were stopped: 0,0001086 seconds, Stopping threads took: 0,0000573 seconds
2017-04-15T19:21:28.879+0200: 3138,262: Total time for which application threads were stopped: 0,0000477 seconds, Stopping threads took: 0,0000189 seconds
2017-04-15T19:21:28.879+0200: 3138,262: Total time for which application threads were stopped: 0,0000416 seconds, Stopping threads took: 0,0000163 seconds
2017-04-15T19:21:28.880+0200: 3138,262: Total time for which application threads were stopped: 0,0000700 seconds, Stopping threads took: 0,0000443 seconds
2017-04-15T19:21:28.883+0200: 3138,265: Total time for which application threads were stopped: 0,0001356 seconds, Stopping threads took: 0,0000636 seconds
2017-04-15T19:21:28.888+0200: 3138,270: Total time for which application threads were stopped: 0,0013000 seconds, Stopping threads took: 0,0012212 seconds
2017-04-15T19:21:28.889+0200: 3138,271: Total time for which application threads were stopped: 0,0004641 seconds, Stopping threads took: 0,0004059 seconds
2017-04-15T19:21:28.890+0200: 3138,272: Total time for which application threads were stopped: 0,0010338 seconds, Stopping threads took: 0,0009590 seconds
2017-04-15T19:21:28.890+0200: 3138,273: Total time for which application threads were stopped: 0,0000648 seconds, Stopping threads took: 0,0000123 seconds
2017-04-15T19:21:28.893+0200: 3138,276: Total time for which application threads were stopped: 0,0001655 seconds, Stopping threads took: 0,0000266 seconds
2017-04-15T19:21:28.893+0200: 3138,276: Total time for which application threads were stopped: 0,0000586 seconds, Stopping threads took: 0,0000154 seconds
2017-04-15T19:21:28.894+0200: 3138,276: Total time for which application threads were stopped: 0,0000464 seconds, Stopping threads took: 0,0000126 seconds
2017-04-15T19:21:28.894+0200: 3138,276: Total time for which application threads were stopped: 0,0000509 seconds, Stopping threads took: 0,0000133 seconds
2017-04-15T19:21:28.894+0200: 3138,276: Total time for which application threads were stopped: 0,0000544 seconds, Stopping threads took: 0,0000153 seconds
2017-04-15T19:21:28.894+0200: 3138,277: Total time for which application threads were stopped: 0,0000496 seconds, Stopping threads took: 0,0000136 seconds
2017-04-15T19:21:28.894+0200: 3138,277: Total time for which application threads were stopped: 0,0000484 seconds, Stopping threads took: 0,0000136 seconds
2017-04-15T19:21:28.895+0200: 3138,277: Total time for which application threads were stopped: 0,0002287 seconds, Stopping threads took: 0,0001602 seconds
2017-04-15T19:21:28.895+0200: 3138,278: Total time for which application threads were stopped: 0,0000840 seconds, Stopping threads took: 0,0000371 seconds
2017-04-15T19:21:28.896+0200: 3138,279: Total time for which application threads were stopped: 0,0000958 seconds, Stopping threads took: 0,0000289 seconds
2017-04-15T19:21:28.898+0200: 3138,280: Total time for which application threads were stopped: 0,0013773 seconds, Stopping threads took: 0,0013069 seconds
2017-04-15T19:21:28.898+0200: 3138,281: Total time for which application threads were stopped: 0,0000964 seconds, Stopping threads took: 0,0000352 seconds
2017-04-15T19:21:28.898+0200: 3138,281: Total time for which application threads were stopped: 0,0000520 seconds, Stopping threads took: 0,0000124 seconds
2017-04-15T19:21:28.898+0200: 3138,281: Total time for which application threads were stopped: 0,0000795 seconds, Stopping threads took: 0,0000295 seconds
2017-04-15T19:21:28.899+0200: 3138,281: Total time for which application threads were stopped: 0,0000527 seconds, Stopping threads took: 0,0000099 seconds
2017-04-15T19:21:28.899+0200: 3138,281: Total time for which application threads were stopped: 0,0001416 seconds, Stopping threads took: 0,0000108 seconds
2017-04-15T19:21:28.901+0200: 3138,283: Total time for which application threads were stopped: 0,0002404 seconds, Stopping threads took: 0,0000432 seconds
2017-04-15T19:21:28.901+0200: 3138,284: Total time for which application threads were stopped: 0,0001010 seconds, Stopping threads took: 0,0000343 seconds
2017-04-15T19:21:28.908+0200: 3138,291: Total time for which application threads were stopped: 0,0019844 seconds, Stopping threads took: 0,0018691 seconds
Heap
 par new generation   total 109248K, used 42988K [0x00000000e0000000, 0x00000000e8000000, 0x00000000e8000000)
  eden space 87424K,  31% used [0x00000000e0000000, 0x00000000e1a99e88, 0x00000000e5560000)
  from space 21824K,  72% used [0x00000000e5560000, 0x00000000e64c12f8, 0x00000000e6ab0000)
  to   space 21824K,   0% used [0x00000000e6ab0000, 0x00000000e6ab0000, 0x00000000e8000000)
 concurrent mark-sweep generation total 393216K, used 6888K [0x00000000e8000000, 0x0000000100000000, 0x0000000100000000)
 Metaspace       used 28158K, capacity 28672K, committed 29052K, reserved 1075200K
  class space    used 3223K, capacity 3385K, committed 3452K, reserved 1048576K
