OpenJDK 64-Bit Server VM (25.111-b14) for linux-amd64 JRE (1.8.0_111-8u111-b14-2ubuntu0.16.04.2-b14), built on Oct 27 2016 18:10:19 by "buildd" with gcc 5.4.0 20160609
Memory: 4k page, physical 7867840k(7449972k free), swap 8076284k(8076284k free)
CommandLine flags: -XX:CMSInitiatingOccupancyFraction=50 -XX:CMSMaxAbortablePrecleanTime=6000 -XX:+CMSParallelRemarkEnabled -XX:+CMSScavengeBeforeRemark -XX:ConcGCThreads=4 -XX:InitialHeapSize=536870912 -XX:MaxHeapSize=536870912 -XX:MaxTenuringThreshold=8 -XX:NewRatio=3 -XX:OldPLABSize=16 -XX:OnOutOfMemoryError=/opt/solr/bin/oom_solr.sh 8983 /var/solr/logs -XX:ParallelGCThreads=4 -XX:+ParallelRefProcEnabled -XX:PretenureSizeThreshold=67108864 -XX:+PrintGC -XX:+PrintGCApplicationStoppedTime -XX:+PrintGCDateStamps -XX:+PrintGCDetails -XX:+PrintGCTimeStamps -XX:+PrintHeapAtGC -XX:+PrintTenuringDistribution -XX:SurvivorRatio=4 -XX:TargetSurvivorRatio=90 -XX:ThreadStackSize=256 -XX:+UseCMSInitiatingOccupancyOnly -XX:+UseCompressedClassPointers -XX:+UseCompressedOops -XX:+UseConcMarkSweepGC -XX:+UseParNewGC 
2016-12-13T16:15:54.735+0100: 0,124: Total time for which application threads were stopped: 0,0000682 seconds, Stopping threads took: 0,0000102 seconds
2016-12-13T16:15:54.828+0100: 0,217: Total time for which application threads were stopped: 0,0001324 seconds, Stopping threads took: 0,0000205 seconds
2016-12-13T16:15:54.850+0100: 0,239: Total time for which application threads were stopped: 0,0001001 seconds, Stopping threads took: 0,0000205 seconds
2016-12-13T16:15:55.056+0100: 0,445: Total time for which application threads were stopped: 0,0001197 seconds, Stopping threads took: 0,0000099 seconds
2016-12-13T16:15:55.479+0100: 0,868: Total time for which application threads were stopped: 0,0002617 seconds, Stopping threads took: 0,0000141 seconds
2016-12-13T16:15:55.586+0100: 0,975: Total time for which application threads were stopped: 0,0001936 seconds, Stopping threads took: 0,0000260 seconds
2016-12-13T16:15:55.641+0100: 1,030: Total time for which application threads were stopped: 0,0001888 seconds, Stopping threads took: 0,0000287 seconds
2016-12-13T16:15:56.007+0100: 1,396: Total time for which application threads were stopped: 0,0001705 seconds, Stopping threads took: 0,0000191 seconds
2016-12-13T16:15:56.208+0100: 1,597: Total time for which application threads were stopped: 0,0001953 seconds, Stopping threads took: 0,0000214 seconds
2016-12-13T16:15:56.235+0100: 1,624: Total time for which application threads were stopped: 0,0009656 seconds, Stopping threads took: 0,0002386 seconds
2016-12-13T16:15:56.237+0100: 1,625: Total time for which application threads were stopped: 0,0003380 seconds, Stopping threads took: 0,0000195 seconds
2016-12-13T16:15:56.252+0100: 1,641: Total time for which application threads were stopped: 0,0001868 seconds, Stopping threads took: 0,0000122 seconds
2016-12-13T16:15:56.351+0100: 1,740: Total time for which application threads were stopped: 0,0001907 seconds, Stopping threads took: 0,0000196 seconds
2016-12-13T16:15:56.510+0100: 1,899: Total time for which application threads were stopped: 0,0002361 seconds, Stopping threads took: 0,0000370 seconds
{Heap before GC invocations=0 (full 0):
 par new generation   total 109248K, used 87424K [0x00000000e0000000, 0x00000000e8000000, 0x00000000e8000000)
  eden space 87424K, 100% used [0x00000000e0000000, 0x00000000e5560000, 0x00000000e5560000)
  from space 21824K,   0% used [0x00000000e5560000, 0x00000000e5560000, 0x00000000e6ab0000)
  to   space 21824K,   0% used [0x00000000e6ab0000, 0x00000000e6ab0000, 0x00000000e8000000)
 concurrent mark-sweep generation total 393216K, used 0K [0x00000000e8000000, 0x0000000100000000, 0x0000000100000000)
 Metaspace       used 17945K, capacity 18238K, committed 18304K, reserved 1064960K
  class space    used 2044K, capacity 2162K, committed 2176K, reserved 1048576K
2016-12-13T16:15:56.632+0100: 2,021: [GC (Allocation Failure) 2016-12-13T16:15:56.632+0100: 2,021: [ParNew
Desired survivor size 20112992 bytes, new threshold 8 (max 8)
- age   1:   12037512 bytes,   12037512 total
: 87424K->11870K(109248K), 0,0150224 secs] 87424K->11870K(502464K), 0,0151088 secs] [Times: user=0,04 sys=0,02, real=0,01 secs] 
Heap after GC invocations=1 (full 0):
 par new generation   total 109248K, used 11870K [0x00000000e0000000, 0x00000000e8000000, 0x00000000e8000000)
  eden space 87424K,   0% used [0x00000000e0000000, 0x00000000e0000000, 0x00000000e5560000)
  from space 21824K,  54% used [0x00000000e6ab0000, 0x00000000e7647988, 0x00000000e8000000)
  to   space 21824K,   0% used [0x00000000e5560000, 0x00000000e5560000, 0x00000000e6ab0000)
 concurrent mark-sweep generation total 393216K, used 0K [0x00000000e8000000, 0x0000000100000000, 0x0000000100000000)
 Metaspace       used 17945K, capacity 18238K, committed 18304K, reserved 1064960K
  class space    used 2044K, capacity 2162K, committed 2176K, reserved 1048576K
}
2016-12-13T16:15:56.647+0100: 2,036: Total time for which application threads were stopped: 0,0152675 seconds, Stopping threads took: 0,0000172 seconds
2016-12-13T16:15:56.832+0100: 2,220: Total time for which application threads were stopped: 0,0002976 seconds, Stopping threads took: 0,0000414 seconds
2016-12-13T16:15:56.863+0100: 2,252: Total time for which application threads were stopped: 0,0002687 seconds, Stopping threads took: 0,0000370 seconds
2016-12-13T16:15:56.895+0100: 2,284: Total time for which application threads were stopped: 0,0002609 seconds, Stopping threads took: 0,0000335 seconds
{Heap before GC invocations=1 (full 0):
 par new generation   total 109248K, used 99294K [0x00000000e0000000, 0x00000000e8000000, 0x00000000e8000000)
  eden space 87424K, 100% used [0x00000000e0000000, 0x00000000e5560000, 0x00000000e5560000)
  from space 21824K,  54% used [0x00000000e6ab0000, 0x00000000e7647988, 0x00000000e8000000)
  to   space 21824K,   0% used [0x00000000e5560000, 0x00000000e5560000, 0x00000000e6ab0000)
 concurrent mark-sweep generation total 393216K, used 0K [0x00000000e8000000, 0x0000000100000000, 0x0000000100000000)
 Metaspace       used 20692K, capacity 21010K, committed 21248K, reserved 1069056K
  class space    used 2402K, capacity 2516K, committed 2560K, reserved 1048576K
2016-12-13T16:15:57.054+0100: 2,443: [GC (Allocation Failure) 2016-12-13T16:15:57.054+0100: 2,443: [ParNew
Desired survivor size 20112992 bytes, new threshold 8 (max 8)
- age   1:    3633528 bytes,    3633528 total
- age   2:    6068904 bytes,    9702432 total
: 99294K->14807K(109248K), 0,0159657 secs] 99294K->14807K(502464K), 0,0160487 secs] [Times: user=0,04 sys=0,01, real=0,01 secs] 
Heap after GC invocations=2 (full 0):
 par new generation   total 109248K, used 14807K [0x00000000e0000000, 0x00000000e8000000, 0x00000000e8000000)
  eden space 87424K,   0% used [0x00000000e0000000, 0x00000000e0000000, 0x00000000e5560000)
  from space 21824K,  67% used [0x00000000e5560000, 0x00000000e63d5f40, 0x00000000e6ab0000)
  to   space 21824K,   0% used [0x00000000e6ab0000, 0x00000000e6ab0000, 0x00000000e8000000)
 concurrent mark-sweep generation total 393216K, used 0K [0x00000000e8000000, 0x0000000100000000, 0x0000000100000000)
 Metaspace       used 20692K, capacity 21010K, committed 21248K, reserved 1069056K
  class space    used 2402K, capacity 2516K, committed 2560K, reserved 1048576K
}
2016-12-13T16:15:57.070+0100: 2,459: Total time for which application threads were stopped: 0,0162727 seconds, Stopping threads took: 0,0000236 seconds
2016-12-13T16:15:57.145+0100: 2,534: Total time for which application threads were stopped: 0,0000787 seconds, Stopping threads took: 0,0000124 seconds
2016-12-13T16:15:57.177+0100: 2,566: Total time for which application threads were stopped: 0,0000791 seconds, Stopping threads took: 0,0000147 seconds
2016-12-13T16:15:57.178+0100: 2,567: Total time for which application threads were stopped: 0,0002549 seconds, Stopping threads took: 0,0000220 seconds
2016-12-13T16:15:57.202+0100: 2,591: Total time for which application threads were stopped: 0,0000837 seconds, Stopping threads took: 0,0000167 seconds
2016-12-13T16:15:57.279+0100: 2,668: Total time for which application threads were stopped: 0,0001722 seconds, Stopping threads took: 0,0000468 seconds
2016-12-13T16:15:57.299+0100: 2,687: Total time for which application threads were stopped: 0,0000833 seconds, Stopping threads took: 0,0000179 seconds
2016-12-13T16:15:57.306+0100: 2,695: Total time for which application threads were stopped: 0,0002685 seconds, Stopping threads took: 0,0000212 seconds
2016-12-13T16:15:57.313+0100: 2,702: Total time for which application threads were stopped: 0,0002717 seconds, Stopping threads took: 0,0000203 seconds
2016-12-13T16:15:57.320+0100: 2,709: Total time for which application threads were stopped: 0,0001156 seconds, Stopping threads took: 0,0000526 seconds
2016-12-13T16:15:57.347+0100: 2,736: Total time for which application threads were stopped: 0,0000827 seconds, Stopping threads took: 0,0000239 seconds
2016-12-13T16:15:57.364+0100: 2,753: Total time for which application threads were stopped: 0,0000777 seconds, Stopping threads took: 0,0000142 seconds
2016-12-13T16:15:57.384+0100: 2,773: Total time for which application threads were stopped: 0,0000801 seconds, Stopping threads took: 0,0000135 seconds
2016-12-13T16:15:57.403+0100: 2,792: Total time for which application threads were stopped: 0,0000821 seconds, Stopping threads took: 0,0000202 seconds
2016-12-13T16:15:57.436+0100: 2,825: Total time for which application threads were stopped: 0,0001351 seconds, Stopping threads took: 0,0000236 seconds
2016-12-13T16:15:57.485+0100: 2,873: Total time for which application threads were stopped: 0,0000959 seconds, Stopping threads took: 0,0000238 seconds
{Heap before GC invocations=2 (full 0):
 par new generation   total 109248K, used 102231K [0x00000000e0000000, 0x00000000e8000000, 0x00000000e8000000)
  eden space 87424K, 100% used [0x00000000e0000000, 0x00000000e5560000, 0x00000000e5560000)
  from space 21824K,  67% used [0x00000000e5560000, 0x00000000e63d5f40, 0x00000000e6ab0000)
  to   space 21824K,   0% used [0x00000000e6ab0000, 0x00000000e6ab0000, 0x00000000e8000000)
 concurrent mark-sweep generation total 393216K, used 0K [0x00000000e8000000, 0x0000000100000000, 0x0000000100000000)
 Metaspace       used 24614K, capacity 25029K, committed 25280K, reserved 1071104K
  class space    used 2877K, capacity 3025K, committed 3144K, reserved 1048576K
2016-12-13T16:15:57.503+0100: 2,892: [GC (Allocation Failure) 2016-12-13T16:15:57.503+0100: 2,892: [ParNew
Desired survivor size 20112992 bytes, new threshold 8 (max 8)
- age   1:    4626432 bytes,    4626432 total
- age   2:     572040 bytes,    5198472 total
- age   3:    6052344 bytes,   11250816 total
: 102231K->12658K(109248K), 0,0104899 secs] 102231K->12658K(502464K), 0,0105675 secs] [Times: user=0,03 sys=0,00, real=0,01 secs] 
Heap after GC invocations=3 (full 0):
 par new generation   total 109248K, used 12658K [0x00000000e0000000, 0x00000000e8000000, 0x00000000e8000000)
  eden space 87424K,   0% used [0x00000000e0000000, 0x00000000e0000000, 0x00000000e5560000)
  from space 21824K,  58% used [0x00000000e6ab0000, 0x00000000e770ca00, 0x00000000e8000000)
  to   space 21824K,   0% used [0x00000000e5560000, 0x00000000e5560000, 0x00000000e6ab0000)
 concurrent mark-sweep generation total 393216K, used 0K [0x00000000e8000000, 0x0000000100000000, 0x0000000100000000)
 Metaspace       used 24614K, capacity 25029K, committed 25280K, reserved 1071104K
  class space    used 2877K, capacity 3025K, committed 3144K, reserved 1048576K
}
2016-12-13T16:15:57.514+0100: 2,903: Total time for which application threads were stopped: 0,0107402 seconds, Stopping threads took: 0,0000380 seconds
2016-12-13T16:15:57.514+0100: 2,903: [GC (CMS Initial Mark) [1 CMS-initial-mark: 0K(393216K)] 14028K(502464K), 0,0027638 secs] [Times: user=0,01 sys=0,00, real=0,00 secs] 
2016-12-13T16:15:57.517+0100: 2,906: Total time for which application threads were stopped: 0,0029084 seconds, Stopping threads took: 0,0000734 seconds
2016-12-13T16:15:57.517+0100: 2,906: [CMS-concurrent-mark-start]
2016-12-13T16:15:57.518+0100: 2,906: [CMS-concurrent-mark: 0,001/0,001 secs] [Times: user=0,00 sys=0,00, real=0,00 secs] 
2016-12-13T16:15:57.518+0100: 2,907: [CMS-concurrent-preclean-start]
2016-12-13T16:15:57.519+0100: 2,908: [CMS-concurrent-preclean: 0,001/0,001 secs] [Times: user=0,00 sys=0,00, real=0,00 secs] 
2016-12-13T16:15:57.519+0100: 2,908: [GC (CMS Final Remark) [YG occupancy: 14466 K (109248 K)]2016-12-13T16:15:57.519+0100: 2,908: [Rescan (parallel) , 0,0033642 secs]2016-12-13T16:15:57.522+0100: 2,911: [weak refs processing, 0,0010632 secs]2016-12-13T16:15:57.523+0100: 2,912: [class unloading, 0,0030585 secs]2016-12-13T16:15:57.527+0100: 2,915: [scrub symbol table, 0,0038742 secs]2016-12-13T16:15:57.530+0100: 2,919: [scrub string table, 0,0003783 secs][1 CMS-remark: 0K(393216K)] 14466K(502464K), 0,0123814 secs] [Times: user=0,02 sys=0,00, real=0,02 secs] 
2016-12-13T16:15:57.531+0100: 2,920: Total time for which application threads were stopped: 0,0124976 seconds, Stopping threads took: 0,0000295 seconds
2016-12-13T16:15:57.531+0100: 2,920: [CMS-concurrent-sweep-start]
2016-12-13T16:15:57.531+0100: 2,920: [CMS-concurrent-sweep: 0,000/0,000 secs] [Times: user=0,00 sys=0,00, real=0,00 secs] 
{Heap before GC invocations=3 (full 1):
 par new generation   total 109248K, used 14466K [0x00000000e0000000, 0x00000000e8000000, 0x00000000e8000000)
  eden space 87424K,   2% used [0x00000000e0000000, 0x00000000e01c3e60, 0x00000000e5560000)
  from space 21824K,  58% used [0x00000000e6ab0000, 0x00000000e770ca00, 0x00000000e8000000)
  to   space 21824K,   0% used [0x00000000e5560000, 0x00000000e5560000, 0x00000000e6ab0000)
 concurrent mark-sweep generation total 393216K, used 0K [0x00000000e8000000, 0x0000000100000000, 0x0000000100000000)
 Metaspace       used 24622K, capacity 25029K, committed 25280K, reserved 1071104K
  class space    used 2878K, capacity 3025K, committed 3144K, reserved 1048576K
2016-12-13T16:15:57.532+0100: 2,921: [GC (GCLocker Initiated GC) 2016-12-13T16:15:57.532+0100: 2,921: [ParNew
Desired survivor size 20112992 bytes, new threshold 8 (max 8)
- age   1:      73256 bytes,      73256 total
- age   2:    1239408 bytes,    1312664 total
- age   3:     572040 bytes,    1884704 total
- age   4:    6050920 bytes,    7935624 total
: 14466K->13942K(109248K), 0,0089933 secs] 14466K->13942K(502464K), 0,0090484 secs] [Times: user=0,04 sys=0,00, real=0,00 secs] 
Heap after GC invocations=4 (full 1):
 par new generation   total 109248K, used 13942K [0x00000000e0000000, 0x00000000e8000000, 0x00000000e8000000)
  eden space 87424K,   0% used [0x00000000e0000000, 0x00000000e0000000, 0x00000000e5560000)
  from space 21824K,  63% used [0x00000000e5560000, 0x00000000e62fdb80, 0x00000000e6ab0000)
  to   space 21824K,   0% used [0x00000000e6ab0000, 0x00000000e6ab0000, 0x00000000e8000000)
 concurrent mark-sweep generation total 393216K, used 0K [0x00000000e8000000, 0x0000000100000000, 0x0000000100000000)
 Metaspace       used 24622K, capacity 25029K, committed 25280K, reserved 1071104K
  class space    used 2878K, capacity 3025K, committed 3144K, reserved 1048576K
}
2016-12-13T16:15:57.541+0100: 2,930: Total time for which application threads were stopped: 0,0091798 seconds, Stopping threads took: 0,0000190 seconds
2016-12-13T16:15:57.541+0100: 2,930: [CMS-concurrent-reset-start]
2016-12-13T16:15:57.543+0100: 2,932: [CMS-concurrent-reset: 0,001/0,001 secs] [Times: user=0,00 sys=0,01, real=0,01 secs] 
2016-12-13T16:15:57.610+0100: 2,999: Total time for which application threads were stopped: 0,0003831 seconds, Stopping threads took: 0,0000217 seconds
2016-12-13T16:15:58.611+0100: 3,999: Total time for which application threads were stopped: 0,0000806 seconds, Stopping threads took: 0,0000165 seconds
2016-12-13T16:15:58.662+0100: 4,051: Total time for which application threads were stopped: 0,0002786 seconds, Stopping threads took: 0,0000246 seconds
2016-12-13T16:16:26.134+0100: 32,058: Total time for which application threads were stopped: 0,0001048 seconds, Stopping threads took: 0,0000297 seconds
2016-12-13T16:18:36.148+0100: 162,072: Total time for which application threads were stopped: 0,0000766 seconds, Stopping threads took: 0,0000302 seconds
2016-12-13T16:18:41.149+0100: 167,073: Total time for which application threads were stopped: 0,0000941 seconds, Stopping threads took: 0,0000214 seconds
2016-12-13T16:18:55.151+0100: 181,075: Total time for which application threads were stopped: 0,0003483 seconds, Stopping threads took: 0,0001018 seconds
2016-12-13T16:19:51.156+0100: 237,080: Total time for which application threads were stopped: 0,0000902 seconds, Stopping threads took: 0,0000395 seconds
2016-12-13T16:20:25.160+0100: 271,084: Total time for which application threads were stopped: 0,0001075 seconds, Stopping threads took: 0,0000525 seconds
2016-12-13T16:20:36.161+0100: 282,085: Total time for which application threads were stopped: 0,0000817 seconds, Stopping threads took: 0,0000311 seconds
2016-12-13T16:20:41.161+0100: 287,085: Total time for which application threads were stopped: 0,0003009 seconds, Stopping threads took: 0,0000784 seconds
2016-12-13T16:21:16.165+0100: 322,089: Total time for which application threads were stopped: 0,0005647 seconds, Stopping threads took: 0,0003009 seconds
2016-12-13T16:23:56.183+0100: 482,106: Total time for which application threads were stopped: 0,0000899 seconds, Stopping threads took: 0,0000393 seconds
2016-12-13T16:26:00.195+0100: 606,119: Total time for which application threads were stopped: 0,0000787 seconds, Stopping threads took: 0,0000314 seconds
2016-12-13T16:39:45.288+0100: 1431,212: Total time for which application threads were stopped: 0,0001010 seconds, Stopping threads took: 0,0000338 seconds
2016-12-13T16:44:30.318+0100: 1716,242: Total time for which application threads were stopped: 0,0004539 seconds, Stopping threads took: 0,0001728 seconds
2016-12-13T16:55:05.384+0100: 2351,308: Total time for which application threads were stopped: 0,0001036 seconds, Stopping threads took: 0,0000396 seconds
2016-12-13T16:55:06.384+0100: 2352,308: Total time for which application threads were stopped: 0,0000645 seconds, Stopping threads took: 0,0000158 seconds
2016-12-13T16:59:26.411+0100: 2612,334: Total time for which application threads were stopped: 0,0000741 seconds, Stopping threads took: 0,0000310 seconds
2016-12-13T17:16:16.538+0100: 3622,461: Total time for which application threads were stopped: 0,0000797 seconds, Stopping threads took: 0,0000345 seconds
2016-12-13T17:20:00.569+0100: 3846,493: Total time for which application threads were stopped: 0,0000755 seconds, Stopping threads took: 0,0000324 seconds
2016-12-13T17:20:10.571+0100: 3856,495: Total time for which application threads were stopped: 0,0000576 seconds, Stopping threads took: 0,0000139 seconds
2016-12-13T17:22:55.593+0100: 4021,517: Total time for which application threads were stopped: 0,0001429 seconds, Stopping threads took: 0,0000566 seconds
2016-12-13T18:06:31.893+0100: 6637,817: Total time for which application threads were stopped: 0,0000829 seconds, Stopping threads took: 0,0000335 seconds
2016-12-13T18:06:51.896+0100: 6657,820: Total time for which application threads were stopped: 0,0001323 seconds, Stopping threads took: 0,0000308 seconds
2016-12-13T18:19:52.021+0100: 7437,945: Total time for which application threads were stopped: 0,0001560 seconds, Stopping threads took: 0,0000642 seconds
2016-12-13T18:20:56.032+0100: 7501,955: Total time for which application threads were stopped: 0,0001022 seconds, Stopping threads took: 0,0000318 seconds
2016-12-13T18:21:26.036+0100: 7531,960: Total time for which application threads were stopped: 0,0000918 seconds, Stopping threads took: 0,0000371 seconds
2016-12-13T18:23:56.059+0100: 7681,983: Total time for which application threads were stopped: 0,0001721 seconds, Stopping threads took: 0,0000676 seconds
2016-12-13T18:24:26.064+0100: 7711,988: Total time for which application threads were stopped: 0,0001128 seconds, Stopping threads took: 0,0000439 seconds
2016-12-13T19:25:25.653+0100: 11371,576: Total time for which application threads were stopped: 0,0002042 seconds, Stopping threads took: 0,0000653 seconds
2016-12-13T20:31:56.288+0100: 15362,212: Total time for which application threads were stopped: 0,0001527 seconds, Stopping threads took: 0,0000562 seconds
2016-12-13T20:48:56.450+0100: 16382,374: Total time for which application threads were stopped: 0,0000840 seconds, Stopping threads took: 0,0000335 seconds
2016-12-14T01:45:24.707+0100: 34170,631: Total time for which application threads were stopped: 0,0001463 seconds, Stopping threads took: 0,0000254 seconds
Heap
 par new generation   total 109248K, used 58788K [0x00000000e0000000, 0x00000000e8000000, 0x00000000e8000000)
  eden space 87424K,  51% used [0x00000000e0000000, 0x00000000e2bcb5f8, 0x00000000e5560000)
  from space 21824K,  63% used [0x00000000e5560000, 0x00000000e62fdb80, 0x00000000e6ab0000)
  to   space 21824K,   0% used [0x00000000e6ab0000, 0x00000000e6ab0000, 0x00000000e8000000)
 concurrent mark-sweep generation total 393216K, used 0K [0x00000000e8000000, 0x0000000100000000, 0x0000000100000000)
 Metaspace       used 27232K, capacity 27659K, committed 27976K, reserved 1073152K
  class space    used 3161K, capacity 3320K, committed 3400K, reserved 1048576K
