OpenJDK 64-Bit Server VM (25.121-b13) for linux-amd64 JRE (1.8.0_121-8u121-b13-0ubuntu1.16.04.2-b13), built on Jan 23 2017 15:51:29 by "buildd" with gcc 5.4.0 20160609
Memory: 4k page, physical 7867760k(7447356k free), swap 8076284k(8076284k free)
CommandLine flags: -XX:CMSInitiatingOccupancyFraction=50 -XX:CMSMaxAbortablePrecleanTime=6000 -XX:+CMSParallelRemarkEnabled -XX:+CMSScavengeBeforeRemark -XX:ConcGCThreads=4 -XX:InitialHeapSize=536870912 -XX:MaxHeapSize=536870912 -XX:MaxTenuringThreshold=8 -XX:NewRatio=3 -XX:OldPLABSize=16 -XX:OnOutOfMemoryError=/opt/solr/bin/oom_solr.sh 8983 /var/solr/logs -XX:ParallelGCThreads=4 -XX:+ParallelRefProcEnabled -XX:PretenureSizeThreshold=67108864 -XX:+PrintGC -XX:+PrintGCApplicationStoppedTime -XX:+PrintGCDateStamps -XX:+PrintGCDetails -XX:+PrintGCTimeStamps -XX:+PrintHeapAtGC -XX:+PrintTenuringDistribution -XX:SurvivorRatio=4 -XX:TargetSurvivorRatio=90 -XX:ThreadStackSize=256 -XX:+UseCMSInitiatingOccupancyOnly -XX:+UseCompressedClassPointers -XX:+UseCompressedOops -XX:+UseConcMarkSweepGC -XX:+UseParNewGC 
2017-03-28T18:16:03.575+0200: 0,115: Total time for which application threads were stopped: 0,0000821 seconds, Stopping threads took: 0,0000144 seconds
2017-03-28T18:16:03.658+0200: 0,198: Total time for which application threads were stopped: 0,0000916 seconds, Stopping threads took: 0,0000125 seconds
2017-03-28T18:16:03.671+0200: 0,211: Total time for which application threads were stopped: 0,0000743 seconds, Stopping threads took: 0,0000135 seconds
2017-03-28T18:16:04.107+0200: 0,647: Total time for which application threads were stopped: 0,0001096 seconds, Stopping threads took: 0,0000092 seconds
2017-03-28T18:16:04.650+0200: 1,190: Total time for which application threads were stopped: 0,0001719 seconds, Stopping threads took: 0,0000152 seconds
2017-03-28T18:16:04.754+0200: 1,294: Total time for which application threads were stopped: 0,0149942 seconds, Stopping threads took: 0,0000302 seconds
2017-03-28T18:16:04.796+0200: 1,336: Total time for which application threads were stopped: 0,0001929 seconds, Stopping threads took: 0,0000334 seconds
2017-03-28T18:16:05.074+0200: 1,613: Total time for which application threads were stopped: 0,0003096 seconds, Stopping threads took: 0,0000374 seconds
2017-03-28T18:16:05.296+0200: 1,836: Total time for which application threads were stopped: 0,0002036 seconds, Stopping threads took: 0,0000180 seconds
2017-03-28T18:16:05.321+0200: 1,861: Total time for which application threads were stopped: 0,0010364 seconds, Stopping threads took: 0,0001239 seconds
2017-03-28T18:16:05.349+0200: 1,889: Total time for which application threads were stopped: 0,0001810 seconds, Stopping threads took: 0,0000170 seconds
2017-03-28T18:16:05.350+0200: 1,890: Total time for which application threads were stopped: 0,0001544 seconds, Stopping threads took: 0,0000133 seconds
2017-03-28T18:16:05.366+0200: 1,906: Total time for which application threads were stopped: 0,0002003 seconds, Stopping threads took: 0,0000347 seconds
2017-03-28T18:16:05.477+0200: 2,017: Total time for which application threads were stopped: 0,0002356 seconds, Stopping threads took: 0,0000231 seconds
2017-03-28T18:16:05.685+0200: 2,225: Total time for which application threads were stopped: 0,0002610 seconds, Stopping threads took: 0,0000515 seconds
{Heap before GC invocations=0 (full 0):
 par new generation   total 109248K, used 87424K [0x00000000e0000000, 0x00000000e8000000, 0x00000000e8000000)
  eden space 87424K, 100% used [0x00000000e0000000, 0x00000000e5560000, 0x00000000e5560000)
  from space 21824K,   0% used [0x00000000e5560000, 0x00000000e5560000, 0x00000000e6ab0000)
  to   space 21824K,   0% used [0x00000000e6ab0000, 0x00000000e6ab0000, 0x00000000e8000000)
 concurrent mark-sweep generation total 393216K, used 0K [0x00000000e8000000, 0x0000000100000000, 0x0000000100000000)
 Metaspace       used 18006K, capacity 18336K, committed 18688K, reserved 1064960K
  class space    used 2036K, capacity 2196K, committed 2304K, reserved 1048576K
2017-03-28T18:16:05.770+0200: 2,310: [GC (Allocation Failure) 2017-03-28T18:16:05.770+0200: 2,310: [ParNew
Desired survivor size 20112992 bytes, new threshold 8 (max 8)
- age   1:   12468664 bytes,   12468664 total
: 87424K->12286K(109248K), 0,0159437 secs] 87424K->12286K(502464K), 0,0160165 secs] [Times: user=0,03 sys=0,02, real=0,02 secs] 
Heap after GC invocations=1 (full 0):
 par new generation   total 109248K, used 12286K [0x00000000e0000000, 0x00000000e8000000, 0x00000000e8000000)
  eden space 87424K,   0% used [0x00000000e0000000, 0x00000000e0000000, 0x00000000e5560000)
  from space 21824K,  56% used [0x00000000e6ab0000, 0x00000000e76afb70, 0x00000000e8000000)
  to   space 21824K,   0% used [0x00000000e5560000, 0x00000000e5560000, 0x00000000e6ab0000)
 concurrent mark-sweep generation total 393216K, used 0K [0x00000000e8000000, 0x0000000100000000, 0x0000000100000000)
 Metaspace       used 18006K, capacity 18336K, committed 18688K, reserved 1064960K
  class space    used 2036K, capacity 2196K, committed 2304K, reserved 1048576K
}
2017-03-28T18:16:05.786+0200: 2,326: Total time for which application threads were stopped: 0,0177455 seconds, Stopping threads took: 0,0015412 seconds
2017-03-28T18:16:06.104+0200: 2,644: Total time for which application threads were stopped: 0,0003054 seconds, Stopping threads took: 0,0000492 seconds
{Heap before GC invocations=1 (full 0):
 par new generation   total 109248K, used 99710K [0x00000000e0000000, 0x00000000e8000000, 0x00000000e8000000)
  eden space 87424K, 100% used [0x00000000e0000000, 0x00000000e5560000, 0x00000000e5560000)
  from space 21824K,  56% used [0x00000000e6ab0000, 0x00000000e76afb70, 0x00000000e8000000)
  to   space 21824K,   0% used [0x00000000e5560000, 0x00000000e5560000, 0x00000000e6ab0000)
 concurrent mark-sweep generation total 393216K, used 0K [0x00000000e8000000, 0x0000000100000000, 0x0000000100000000)
 Metaspace       used 20017K, capacity 20358K, committed 20736K, reserved 1067008K
  class space    used 2293K, capacity 2467K, committed 2560K, reserved 1048576K
2017-03-28T18:16:06.150+0200: 2,690: [GC (Allocation Failure) 2017-03-28T18:16:06.150+0200: 2,690: [ParNew
Desired survivor size 20112992 bytes, new threshold 8 (max 8)
- age   1:    3918792 bytes,    3918792 total
- age   2:    6632128 bytes,   10550920 total
: 99710K->13624K(109248K), 0,0133238 secs] 99710K->13624K(502464K), 0,0133971 secs] [Times: user=0,03 sys=0,02, real=0,01 secs] 
Heap after GC invocations=2 (full 0):
 par new generation   total 109248K, used 13624K [0x00000000e0000000, 0x00000000e8000000, 0x00000000e8000000)
  eden space 87424K,   0% used [0x00000000e0000000, 0x00000000e0000000, 0x00000000e5560000)
  from space 21824K,  62% used [0x00000000e5560000, 0x00000000e62ae328, 0x00000000e6ab0000)
  to   space 21824K,   0% used [0x00000000e6ab0000, 0x00000000e6ab0000, 0x00000000e8000000)
 concurrent mark-sweep generation total 393216K, used 0K [0x00000000e8000000, 0x0000000100000000, 0x0000000100000000)
 Metaspace       used 20017K, capacity 20358K, committed 20736K, reserved 1067008K
  class space    used 2293K, capacity 2467K, committed 2560K, reserved 1048576K
}
2017-03-28T18:16:06.164+0200: 2,703: Total time for which application threads were stopped: 0,0136987 seconds, Stopping threads took: 0,0001211 seconds
2017-03-28T18:16:06.168+0200: 2,707: Total time for which application threads were stopped: 0,0004120 seconds, Stopping threads took: 0,0001704 seconds
2017-03-28T18:16:06.195+0200: 2,735: Total time for which application threads were stopped: 0,0015159 seconds, Stopping threads took: 0,0012396 seconds
2017-03-28T18:16:06.400+0200: 2,940: Total time for which application threads were stopped: 0,0002054 seconds, Stopping threads took: 0,0000783 seconds
{Heap before GC invocations=2 (full 0):
 par new generation   total 109248K, used 101048K [0x00000000e0000000, 0x00000000e8000000, 0x00000000e8000000)
  eden space 87424K, 100% used [0x00000000e0000000, 0x00000000e5560000, 0x00000000e5560000)
  from space 21824K,  62% used [0x00000000e5560000, 0x00000000e62ae328, 0x00000000e6ab0000)
  to   space 21824K,   0% used [0x00000000e6ab0000, 0x00000000e6ab0000, 0x00000000e8000000)
 concurrent mark-sweep generation total 393216K, used 0K [0x00000000e8000000, 0x0000000100000000, 0x0000000100000000)
 Metaspace       used 20950K, capacity 21280K, committed 21552K, reserved 1069056K
  class space    used 2417K, capacity 2586K, committed 2608K, reserved 1048576K
2017-03-28T18:16:06.433+0200: 2,973: [GC (Allocation Failure) 2017-03-28T18:16:06.433+0200: 2,973: [ParNew
Desired survivor size 20112992 bytes, new threshold 8 (max 8)
- age   1:    2179560 bytes,    2179560 total
- age   2:     878888 bytes,    3058448 total
- age   3:    6629856 bytes,    9688304 total
: 101048K->13073K(109248K), 0,0174141 secs] 101048K->13073K(502464K), 0,0175071 secs] [Times: user=0,06 sys=0,00, real=0,02 secs] 
Heap after GC invocations=3 (full 0):
 par new generation   total 109248K, used 13073K [0x00000000e0000000, 0x00000000e8000000, 0x00000000e8000000)
  eden space 87424K,   0% used [0x00000000e0000000, 0x00000000e0000000, 0x00000000e5560000)
  from space 21824K,  59% used [0x00000000e6ab0000, 0x00000000e7774440, 0x00000000e8000000)
  to   space 21824K,   0% used [0x00000000e5560000, 0x00000000e5560000, 0x00000000e6ab0000)
 concurrent mark-sweep generation total 393216K, used 0K [0x00000000e8000000, 0x0000000100000000, 0x0000000100000000)
 Metaspace       used 20950K, capacity 21280K, committed 21552K, reserved 1069056K
  class space    used 2417K, capacity 2586K, committed 2608K, reserved 1048576K
}
2017-03-28T18:16:06.451+0200: 2,990: Total time for which application threads were stopped: 0,0176919 seconds, Stopping threads took: 0,0000544 seconds
2017-03-28T18:16:06.451+0200: 2,991: [GC (CMS Initial Mark) [1 CMS-initial-mark: 0K(393216K)] 13807K(502464K), 0,0059936 secs] [Times: user=0,02 sys=0,00, real=0,00 secs] 
2017-03-28T18:16:06.458+0200: 2,997: Total time for which application threads were stopped: 0,0061468 seconds, Stopping threads took: 0,0000459 seconds
2017-03-28T18:16:06.458+0200: 2,997: [CMS-concurrent-mark-start]
2017-03-28T18:16:06.482+0200: 3,022: [CMS-concurrent-mark: 0,025/0,025 secs] [Times: user=0,09 sys=0,00, real=0,03 secs] 
2017-03-28T18:16:06.483+0200: 3,022: [CMS-concurrent-preclean-start]
2017-03-28T18:16:06.485+0200: 3,025: [CMS-concurrent-preclean: 0,002/0,002 secs] [Times: user=0,01 sys=0,00, real=0,00 secs] 
2017-03-28T18:16:06.485+0200: 3,025: [CMS-concurrent-abortable-preclean-start]
{Heap before GC invocations=3 (full 1):
 par new generation   total 109248K, used 100497K [0x00000000e0000000, 0x00000000e8000000, 0x00000000e8000000)
  eden space 87424K, 100% used [0x00000000e0000000, 0x00000000e5560000, 0x00000000e5560000)
  from space 21824K,  59% used [0x00000000e6ab0000, 0x00000000e7774440, 0x00000000e8000000)
  to   space 21824K,   0% used [0x00000000e5560000, 0x00000000e5560000, 0x00000000e6ab0000)
 concurrent mark-sweep generation total 393216K, used 0K [0x00000000e8000000, 0x0000000100000000, 0x0000000100000000)
 Metaspace       used 21233K, capacity 21556K, committed 21628K, reserved 1069056K
  class space    used 2448K, capacity 2601K, committed 2608K, reserved 1048576K
2017-03-28T18:16:06.621+0200: 3,161: [GC (Allocation Failure) 2017-03-28T18:16:06.621+0200: 3,161: [ParNew
Desired survivor size 20112992 bytes, new threshold 8 (max 8)
- age   1:     826176 bytes,     826176 total
- age   2:    1465728 bytes,    2291904 total
- age   3:     865064 bytes,    3156968 total
- age   4:    6629936 bytes,    9786904 total
: 100497K->11251K(109248K), 0,0119491 secs] 100497K->11251K(502464K), 0,0121669 secs] [Times: user=0,04 sys=0,01, real=0,01 secs] 
Heap after GC invocations=4 (full 1):
 par new generation   total 109248K, used 11251K [0x00000000e0000000, 0x00000000e8000000, 0x00000000e8000000)
  eden space 87424K,   0% used [0x00000000e0000000, 0x00000000e0000000, 0x00000000e5560000)
  from space 21824K,  51% used [0x00000000e5560000, 0x00000000e605ccc8, 0x00000000e6ab0000)
  to   space 21824K,   0% used [0x00000000e6ab0000, 0x00000000e6ab0000, 0x00000000e8000000)
 concurrent mark-sweep generation total 393216K, used 0K [0x00000000e8000000, 0x0000000100000000, 0x0000000100000000)
 Metaspace       used 21233K, capacity 21556K, committed 21628K, reserved 1069056K
  class space    used 2448K, capacity 2601K, committed 2608K, reserved 1048576K
}
2017-03-28T18:16:06.634+0200: 3,173: Total time for which application threads were stopped: 0,0133285 seconds, Stopping threads took: 0,0004018 seconds
2017-03-28T18:16:06.686+0200: 3,226: Total time for which application threads were stopped: 0,0016727 seconds, Stopping threads took: 0,0015463 seconds
{Heap before GC invocations=4 (full 1):
 par new generation   total 109248K, used 98675K [0x00000000e0000000, 0x00000000e8000000, 0x00000000e8000000)
  eden space 87424K, 100% used [0x00000000e0000000, 0x00000000e5560000, 0x00000000e5560000)
  from space 21824K,  51% used [0x00000000e5560000, 0x00000000e605ccc8, 0x00000000e6ab0000)
  to   space 21824K,   0% used [0x00000000e6ab0000, 0x00000000e6ab0000, 0x00000000e8000000)
 concurrent mark-sweep generation total 393216K, used 0K [0x00000000e8000000, 0x0000000100000000, 0x0000000100000000)
 Metaspace       used 21382K, capacity 21786K, committed 21960K, reserved 1069056K
  class space    used 2466K, capacity 2634K, committed 2736K, reserved 1048576K
2017-03-28T18:16:06.774+0200: 3,314: [GC (Allocation Failure) 2017-03-28T18:16:06.774+0200: 3,314: [ParNew
Desired survivor size 20112992 bytes, new threshold 8 (max 8)
- age   1:    1028328 bytes,    1028328 total
- age   2:     182776 bytes,    1211104 total
- age   3:    1465480 bytes,    2676584 total
- age   4:     864984 bytes,    3541568 total
- age   5:    6629896 bytes,   10171464 total
: 98675K->16836K(109248K), 0,0099340 secs] 98675K->16836K(502464K), 0,0100086 secs] [Times: user=0,03 sys=0,01, real=0,01 secs] 
Heap after GC invocations=5 (full 1):
 par new generation   total 109248K, used 16836K [0x00000000e0000000, 0x00000000e8000000, 0x00000000e8000000)
  eden space 87424K,   0% used [0x00000000e0000000, 0x00000000e0000000, 0x00000000e5560000)
  from space 21824K,  77% used [0x00000000e6ab0000, 0x00000000e7b211c0, 0x00000000e8000000)
  to   space 21824K,   0% used [0x00000000e5560000, 0x00000000e5560000, 0x00000000e6ab0000)
 concurrent mark-sweep generation total 393216K, used 0K [0x00000000e8000000, 0x0000000100000000, 0x0000000100000000)
 Metaspace       used 21382K, capacity 21786K, committed 21960K, reserved 1069056K
  class space    used 2466K, capacity 2634K, committed 2736K, reserved 1048576K
}
2017-03-28T18:16:06.784+0200: 3,324: Total time for which application threads were stopped: 0,0107875 seconds, Stopping threads took: 0,0006437 seconds
2017-03-28T18:16:06.784+0200: 3,324: [CMS-concurrent-abortable-preclean: 0,235/0,299 secs] [Times: user=1,04 sys=0,02, real=0,30 secs] 
2017-03-28T18:16:06.785+0200: 3,325: [GC (CMS Final Remark) [YG occupancy: 18754 K (109248 K)]{Heap before GC invocations=5 (full 1):
 par new generation   total 109248K, used 18754K [0x00000000e0000000, 0x00000000e8000000, 0x00000000e8000000)
  eden space 87424K,   2% used [0x00000000e0000000, 0x00000000e01df680, 0x00000000e5560000)
  from space 21824K,  77% used [0x00000000e6ab0000, 0x00000000e7b211c0, 0x00000000e8000000)
  to   space 21824K,   0% used [0x00000000e5560000, 0x00000000e5560000, 0x00000000e6ab0000)
 concurrent mark-sweep generation total 393216K, used 0K [0x00000000e8000000, 0x0000000100000000, 0x0000000100000000)
 Metaspace       used 21382K, capacity 21786K, committed 21960K, reserved 1069056K
  class space    used 2466K, capacity 2634K, committed 2736K, reserved 1048576K
2017-03-28T18:16:06.785+0200: 3,325: [GC (CMS Final Remark) 2017-03-28T18:16:06.785+0200: 3,325: [ParNew
Desired survivor size 20112992 bytes, new threshold 8 (max 8)
- age   1:     139736 bytes,     139736 total
- age   2:     180568 bytes,     320304 total
- age   3:     182776 bytes,     503080 total
- age   4:    1465480 bytes,    1968560 total
- age   5:     864984 bytes,    2833544 total
- age   6:    6629944 bytes,    9463488 total
: 18754K->11469K(109248K), 0,0090251 secs] 18754K->11469K(502464K), 0,0090642 secs] [Times: user=0,03 sys=0,00, real=0,01 secs] 
Heap after GC invocations=6 (full 1):
 par new generation   total 109248K, used 11469K [0x00000000e0000000, 0x00000000e8000000, 0x00000000e8000000)
  eden space 87424K,   0% used [0x00000000e0000000, 0x00000000e0000000, 0x00000000e5560000)
  from space 21824K,  52% used [0x00000000e5560000, 0x00000000e60935d0, 0x00000000e6ab0000)
  to   space 21824K,   0% used [0x00000000e6ab0000, 0x00000000e6ab0000, 0x00000000e8000000)
 concurrent mark-sweep generation total 393216K, used 0K [0x00000000e8000000, 0x0000000100000000, 0x0000000100000000)
 Metaspace       used 21382K, capacity 21786K, committed 21960K, reserved 1069056K
  class space    used 2466K, capacity 2634K, committed 2736K, reserved 1048576K
}
2017-03-28T18:16:06.794+0200: 3,334: [Rescan (parallel) , 0,0032687 secs]2017-03-28T18:16:06.797+0200: 3,337: [weak refs processing, 0,0011773 secs]2017-03-28T18:16:06.798+0200: 3,338: [class unloading, 0,0028479 secs]2017-03-28T18:16:06.801+0200: 3,341: [scrub symbol table, 0,0026667 secs]2017-03-28T18:16:06.804+0200: 3,344: [scrub string table, 0,0004052 secs][1 CMS-remark: 0K(393216K)] 11469K(502464K), 0,0201322 secs] [Times: user=0,05 sys=0,00, real=0,02 secs] 
2017-03-28T18:16:06.805+0200: 3,345: Total time for which application threads were stopped: 0,0202665 seconds, Stopping threads took: 0,0000595 seconds
2017-03-28T18:16:06.805+0200: 3,345: [CMS-concurrent-sweep-start]
2017-03-28T18:16:06.805+0200: 3,345: [CMS-concurrent-sweep: 0,000/0,000 secs] [Times: user=0,00 sys=0,00, real=0,00 secs] 
2017-03-28T18:16:06.805+0200: 3,345: [CMS-concurrent-reset-start]
2017-03-28T18:16:06.807+0200: 3,347: [CMS-concurrent-reset: 0,002/0,002 secs] [Times: user=0,01 sys=0,00, real=0,01 secs] 
2017-03-28T18:16:06.849+0200: 3,389: Total time for which application threads were stopped: 0,0003353 seconds, Stopping threads took: 0,0000205 seconds
2017-03-28T18:16:07.064+0200: 3,604: Total time for which application threads were stopped: 0,0004946 seconds, Stopping threads took: 0,0000553 seconds
2017-03-28T18:16:07.078+0200: 3,617: Total time for which application threads were stopped: 0,0004456 seconds, Stopping threads took: 0,0000333 seconds
{Heap before GC invocations=6 (full 1):
 par new generation   total 109248K, used 98893K [0x00000000e0000000, 0x00000000e8000000, 0x00000000e8000000)
  eden space 87424K, 100% used [0x00000000e0000000, 0x00000000e5560000, 0x00000000e5560000)
  from space 21824K,  52% used [0x00000000e5560000, 0x00000000e60935d0, 0x00000000e6ab0000)
  to   space 21824K,   0% used [0x00000000e6ab0000, 0x00000000e6ab0000, 0x00000000e8000000)
 concurrent mark-sweep generation total 393216K, used 0K [0x00000000e8000000, 0x0000000100000000, 0x0000000100000000)
 Metaspace       used 23829K, capacity 24226K, committed 24496K, reserved 1071104K
  class space    used 2805K, capacity 2978K, committed 2992K, reserved 1048576K
2017-03-28T18:16:07.283+0200: 3,823: [GC (Allocation Failure) 2017-03-28T18:16:07.283+0200: 3,823: [ParNew
Desired survivor size 20112992 bytes, new threshold 8 (max 8)
- age   1:    5282576 bytes,    5282576 total
- age   2:       3088 bytes,    5285664 total
- age   3:     106768 bytes,    5392432 total
- age   4:     181232 bytes,    5573664 total
- age   5:     287960 bytes,    5861624 total
- age   6:     838696 bytes,    6700320 total
- age   7:    6621640 bytes,   13321960 total
: 98893K->16156K(109248K), 0,0124545 secs] 98893K->16156K(502464K), 0,0125298 secs] [Times: user=0,05 sys=0,00, real=0,01 secs] 
Heap after GC invocations=7 (full 1):
 par new generation   total 109248K, used 16156K [0x00000000e0000000, 0x00000000e8000000, 0x00000000e8000000)
  eden space 87424K,   0% used [0x00000000e0000000, 0x00000000e0000000, 0x00000000e5560000)
  from space 21824K,  74% used [0x00000000e6ab0000, 0x00000000e7a77140, 0x00000000e8000000)
  to   space 21824K,   0% used [0x00000000e5560000, 0x00000000e5560000, 0x00000000e6ab0000)
 concurrent mark-sweep generation total 393216K, used 0K [0x00000000e8000000, 0x0000000100000000, 0x0000000100000000)
 Metaspace       used 23829K, capacity 24226K, committed 24496K, reserved 1071104K
  class space    used 2805K, capacity 2978K, committed 2992K, reserved 1048576K
}
2017-03-28T18:16:07.295+0200: 3,835: Total time for which application threads were stopped: 0,0129715 seconds, Stopping threads took: 0,0001875 seconds
{Heap before GC invocations=7 (full 1):
 par new generation   total 109248K, used 103580K [0x00000000e0000000, 0x00000000e8000000, 0x00000000e8000000)
  eden space 87424K, 100% used [0x00000000e0000000, 0x00000000e5560000, 0x00000000e5560000)
  from space 21824K,  74% used [0x00000000e6ab0000, 0x00000000e7a77140, 0x00000000e8000000)
  to   space 21824K,   0% used [0x00000000e5560000, 0x00000000e5560000, 0x00000000e6ab0000)
 concurrent mark-sweep generation total 393216K, used 0K [0x00000000e8000000, 0x0000000100000000, 0x0000000100000000)
 Metaspace       used 24261K, capacity 24696K, committed 24880K, reserved 1071104K
  class space    used 2850K, capacity 3046K, committed 3120K, reserved 1048576K
2017-03-28T18:16:07.388+0200: 3,928: [GC (Allocation Failure) 2017-03-28T18:16:07.388+0200: 3,928: [ParNew
Desired survivor size 20112992 bytes, new threshold 8 (max 8)
- age   1:    1746024 bytes,    1746024 total
- age   2:    1816856 bytes,    3562880 total
- age   4:      60096 bytes,    3622976 total
- age   5:      98560 bytes,    3721536 total
- age   6:     192752 bytes,    3914288 total
- age   7:     794432 bytes,    4708720 total
- age   8:    6089040 bytes,   10797760 total
: 103580K->14721K(109248K), 0,0141883 secs] 103580K->14721K(502464K), 0,0142759 secs] [Times: user=0,05 sys=0,00, real=0,01 secs] 
Heap after GC invocations=8 (full 1):
 par new generation   total 109248K, used 14721K [0x00000000e0000000, 0x00000000e8000000, 0x00000000e8000000)
  eden space 87424K,   0% used [0x00000000e0000000, 0x00000000e0000000, 0x00000000e5560000)
  from space 21824K,  67% used [0x00000000e5560000, 0x00000000e63c0460, 0x00000000e6ab0000)
  to   space 21824K,   0% used [0x00000000e6ab0000, 0x00000000e6ab0000, 0x00000000e8000000)
 concurrent mark-sweep generation total 393216K, used 0K [0x00000000e8000000, 0x0000000100000000, 0x0000000100000000)
 Metaspace       used 24261K, capacity 24696K, committed 24880K, reserved 1071104K
  class space    used 2850K, capacity 3046K, committed 3120K, reserved 1048576K
}
2017-03-28T18:16:07.402+0200: 3,942: Total time for which application threads were stopped: 0,0147665 seconds, Stopping threads took: 0,0002942 seconds
{Heap before GC invocations=8 (full 1):
 par new generation   total 109248K, used 102145K [0x00000000e0000000, 0x00000000e8000000, 0x00000000e8000000)
  eden space 87424K, 100% used [0x00000000e0000000, 0x00000000e5560000, 0x00000000e5560000)
  from space 21824K,  67% used [0x00000000e5560000, 0x00000000e63c0460, 0x00000000e6ab0000)
  to   space 21824K,   0% used [0x00000000e6ab0000, 0x00000000e6ab0000, 0x00000000e8000000)
 concurrent mark-sweep generation total 393216K, used 0K [0x00000000e8000000, 0x0000000100000000, 0x0000000100000000)
 Metaspace       used 24479K, capacity 24962K, committed 25136K, reserved 1071104K
  class space    used 2865K, capacity 3048K, committed 3120K, reserved 1048576K
2017-03-28T18:16:07.471+0200: 4,011: [GC (Allocation Failure) 2017-03-28T18:16:07.471+0200: 4,011: [ParNew
Desired survivor size 20112992 bytes, new threshold 8 (max 8)
- age   1:     657136 bytes,     657136 total
- age   2:    1009952 bytes,    1667088 total
- age   3:    1794752 bytes,    3461840 total
- age   5:      60096 bytes,    3521936 total
- age   6:      98560 bytes,    3620496 total
- age   7:     192752 bytes,    3813248 total
- age   8:     794432 bytes,    4607680 total
: 102145K->8623K(109248K), 0,0466177 secs] 102145K->14649K(502464K), 0,0466874 secs] [Times: user=0,14 sys=0,00, real=0,04 secs] 
Heap after GC invocations=9 (full 1):
 par new generation   total 109248K, used 8623K [0x00000000e0000000, 0x00000000e8000000, 0x00000000e8000000)
  eden space 87424K,   0% used [0x00000000e0000000, 0x00000000e0000000, 0x00000000e5560000)
  from space 21824K,  39% used [0x00000000e6ab0000, 0x00000000e731bc80, 0x00000000e8000000)
  to   space 21824K,   0% used [0x00000000e5560000, 0x00000000e5560000, 0x00000000e6ab0000)
 concurrent mark-sweep generation total 393216K, used 6026K [0x00000000e8000000, 0x0000000100000000, 0x0000000100000000)
 Metaspace       used 24479K, capacity 24962K, committed 25136K, reserved 1071104K
  class space    used 2865K, capacity 3048K, committed 3120K, reserved 1048576K
}
2017-03-28T18:16:07.518+0200: 4,058: Total time for which application threads were stopped: 0,0471569 seconds, Stopping threads took: 0,0001352 seconds
2017-03-28T18:16:07.548+0200: 4,088: Total time for which application threads were stopped: 0,0011843 seconds, Stopping threads took: 0,0010767 seconds
2017-03-28T18:16:07.614+0200: 4,154: Total time for which application threads were stopped: 0,0016612 seconds, Stopping threads took: 0,0015320 seconds
2017-03-28T18:16:07.615+0200: 4,154: Total time for which application threads were stopped: 0,0001027 seconds, Stopping threads took: 0,0000551 seconds
2017-03-28T18:16:07.615+0200: 4,155: Total time for which application threads were stopped: 0,0000693 seconds, Stopping threads took: 0,0000142 seconds
2017-03-28T18:16:07.615+0200: 4,155: Total time for which application threads were stopped: 0,0001106 seconds, Stopping threads took: 0,0000360 seconds
2017-03-28T18:16:07.622+0200: 4,162: Total time for which application threads were stopped: 0,0035603 seconds, Stopping threads took: 0,0034784 seconds
2017-03-28T18:16:07.627+0200: 4,167: Total time for which application threads were stopped: 0,0001712 seconds, Stopping threads took: 0,0000943 seconds
2017-03-28T18:16:07.633+0200: 4,172: Total time for which application threads were stopped: 0,0001580 seconds, Stopping threads took: 0,0000878 seconds
2017-03-28T18:16:07.633+0200: 4,173: Total time for which application threads were stopped: 0,0000672 seconds, Stopping threads took: 0,0000196 seconds
2017-03-28T18:16:07.633+0200: 4,173: Total time for which application threads were stopped: 0,0000938 seconds, Stopping threads took: 0,0000268 seconds
2017-03-28T18:16:07.633+0200: 4,173: Total time for which application threads were stopped: 0,0000729 seconds, Stopping threads took: 0,0000277 seconds
2017-03-28T18:16:07.636+0200: 4,176: Total time for which application threads were stopped: 0,0001559 seconds, Stopping threads took: 0,0000852 seconds
2017-03-28T18:16:07.636+0200: 4,176: Total time for which application threads were stopped: 0,0000667 seconds, Stopping threads took: 0,0000192 seconds
2017-03-28T18:16:07.637+0200: 4,177: Total time for which application threads were stopped: 0,0000979 seconds, Stopping threads took: 0,0000423 seconds
2017-03-28T18:16:07.637+0200: 4,177: Total time for which application threads were stopped: 0,0001369 seconds, Stopping threads took: 0,0000406 seconds
2017-03-28T18:16:07.637+0200: 4,177: Total time for which application threads were stopped: 0,0000987 seconds, Stopping threads took: 0,0000285 seconds
2017-03-28T18:16:07.638+0200: 4,177: Total time for which application threads were stopped: 0,0000680 seconds, Stopping threads took: 0,0000089 seconds
2017-03-28T18:16:07.638+0200: 4,178: Total time for which application threads were stopped: 0,0000603 seconds, Stopping threads took: 0,0000083 seconds
2017-03-28T18:16:07.638+0200: 4,178: Total time for which application threads were stopped: 0,0000738 seconds, Stopping threads took: 0,0000104 seconds
2017-03-28T18:16:07.638+0200: 4,178: Total time for which application threads were stopped: 0,0000599 seconds, Stopping threads took: 0,0000084 seconds
2017-03-28T18:16:07.638+0200: 4,178: Total time for which application threads were stopped: 0,0000981 seconds, Stopping threads took: 0,0000086 seconds
2017-03-28T18:16:07.639+0200: 4,179: Total time for which application threads were stopped: 0,0004431 seconds, Stopping threads took: 0,0004035 seconds
2017-03-28T18:16:07.639+0200: 4,179: Total time for which application threads were stopped: 0,0000418 seconds, Stopping threads took: 0,0000117 seconds
2017-03-28T18:16:07.639+0200: 4,179: Total time for which application threads were stopped: 0,0001350 seconds, Stopping threads took: 0,0000781 seconds
2017-03-28T18:16:07.639+0200: 4,179: Total time for which application threads were stopped: 0,0001453 seconds, Stopping threads took: 0,0000195 seconds
2017-03-28T18:16:07.647+0200: 4,187: Total time for which application threads were stopped: 0,0001970 seconds, Stopping threads took: 0,0001027 seconds
2017-03-28T18:16:07.655+0200: 4,195: Total time for which application threads were stopped: 0,0006718 seconds, Stopping threads took: 0,0005523 seconds
2017-03-28T18:16:07.680+0200: 4,219: Total time for which application threads were stopped: 0,0010920 seconds, Stopping threads took: 0,0009870 seconds
2017-03-28T18:16:07.680+0200: 4,220: Total time for which application threads were stopped: 0,0000705 seconds, Stopping threads took: 0,0000236 seconds
2017-03-28T18:16:07.680+0200: 4,220: Total time for which application threads were stopped: 0,0000840 seconds, Stopping threads took: 0,0000284 seconds
2017-03-28T18:16:07.680+0200: 4,220: Total time for which application threads were stopped: 0,0001064 seconds, Stopping threads took: 0,0000626 seconds
2017-03-28T18:16:07.681+0200: 4,221: Total time for which application threads were stopped: 0,0001238 seconds, Stopping threads took: 0,0000244 seconds
2017-03-28T18:16:07.681+0200: 4,221: Total time for which application threads were stopped: 0,0000561 seconds, Stopping threads took: 0,0000087 seconds
2017-03-28T18:16:07.681+0200: 4,221: Total time for which application threads were stopped: 0,0000592 seconds, Stopping threads took: 0,0000097 seconds
2017-03-28T18:16:07.681+0200: 4,221: Total time for which application threads were stopped: 0,0000521 seconds, Stopping threads took: 0,0000106 seconds
2017-03-28T18:16:07.681+0200: 4,221: Total time for which application threads were stopped: 0,0000491 seconds, Stopping threads took: 0,0000085 seconds
2017-03-28T18:16:07.682+0200: 4,221: Total time for which application threads were stopped: 0,0000828 seconds, Stopping threads took: 0,0000153 seconds
2017-03-28T18:16:07.682+0200: 4,221: Total time for which application threads were stopped: 0,0000545 seconds, Stopping threads took: 0,0000109 seconds
2017-03-28T18:16:07.682+0200: 4,222: Total time for which application threads were stopped: 0,0000605 seconds, Stopping threads took: 0,0000099 seconds
2017-03-28T18:16:07.682+0200: 4,222: Total time for which application threads were stopped: 0,0000515 seconds, Stopping threads took: 0,0000088 seconds
2017-03-28T18:16:07.682+0200: 4,222: Total time for which application threads were stopped: 0,0000522 seconds, Stopping threads took: 0,0000082 seconds
2017-03-28T18:16:07.682+0200: 4,222: Total time for which application threads were stopped: 0,0000745 seconds, Stopping threads took: 0,0000149 seconds
2017-03-28T18:16:07.682+0200: 4,222: Total time for which application threads were stopped: 0,0000551 seconds, Stopping threads took: 0,0000089 seconds
2017-03-28T18:16:07.683+0200: 4,222: Total time for which application threads were stopped: 0,0000592 seconds, Stopping threads took: 0,0000102 seconds
2017-03-28T18:16:07.683+0200: 4,223: Total time for which application threads were stopped: 0,0001740 seconds, Stopping threads took: 0,0000088 seconds
2017-03-28T18:16:07.697+0200: 4,237: Total time for which application threads were stopped: 0,0050473 seconds, Stopping threads took: 0,0049567 seconds
2017-03-28T18:16:07.707+0200: 4,247: Total time for which application threads were stopped: 0,0001962 seconds, Stopping threads took: 0,0000817 seconds
2017-03-28T18:16:07.709+0200: 4,249: Total time for which application threads were stopped: 0,0003281 seconds, Stopping threads took: 0,0002257 seconds
2017-03-28T18:16:07.718+0200: 4,258: Total time for which application threads were stopped: 0,0002025 seconds, Stopping threads took: 0,0000565 seconds
2017-03-28T18:16:07.719+0200: 4,259: Total time for which application threads were stopped: 0,0005083 seconds, Stopping threads took: 0,0004190 seconds
2017-03-28T18:16:07.719+0200: 4,259: Total time for which application threads were stopped: 0,0000961 seconds, Stopping threads took: 0,0000242 seconds
2017-03-28T18:16:07.719+0200: 4,259: Total time for which application threads were stopped: 0,0000625 seconds, Stopping threads took: 0,0000217 seconds
2017-03-28T18:16:07.721+0200: 4,261: Total time for which application threads were stopped: 0,0001383 seconds, Stopping threads took: 0,0000293 seconds
2017-03-28T18:16:07.734+0200: 4,274: Total time for which application threads were stopped: 0,0001306 seconds, Stopping threads took: 0,0000264 seconds
2017-03-28T18:16:07.734+0200: 4,274: Total time for which application threads were stopped: 0,0001279 seconds, Stopping threads took: 0,0000310 seconds
2017-03-28T18:16:07.738+0200: 4,278: Total time for which application threads were stopped: 0,0035472 seconds, Stopping threads took: 0,0034553 seconds
2017-03-28T18:16:07.746+0200: 4,285: Total time for which application threads were stopped: 0,0001177 seconds, Stopping threads took: 0,0000274 seconds
2017-03-28T18:16:07.752+0200: 4,292: Total time for which application threads were stopped: 0,0001556 seconds, Stopping threads took: 0,0000489 seconds
2017-03-28T18:16:07.755+0200: 4,295: Total time for which application threads were stopped: 0,0001384 seconds, Stopping threads took: 0,0000357 seconds
2017-03-28T18:16:07.756+0200: 4,295: Total time for which application threads were stopped: 0,0000912 seconds, Stopping threads took: 0,0000230 seconds
2017-03-28T18:16:07.756+0200: 4,296: Total time for which application threads were stopped: 0,0001007 seconds, Stopping threads took: 0,0000365 seconds
2017-03-28T18:16:07.759+0200: 4,299: Total time for which application threads were stopped: 0,0002303 seconds, Stopping threads took: 0,0000453 seconds
2017-03-28T18:16:07.763+0200: 4,303: Total time for which application threads were stopped: 0,0001246 seconds, Stopping threads took: 0,0000440 seconds
2017-03-28T18:16:07.770+0200: 4,310: Total time for which application threads were stopped: 0,0001622 seconds, Stopping threads took: 0,0000401 seconds
2017-03-28T18:16:07.775+0200: 4,315: Total time for which application threads were stopped: 0,0001456 seconds, Stopping threads took: 0,0000448 seconds
2017-03-28T18:16:07.775+0200: 4,315: Total time for which application threads were stopped: 0,0001021 seconds, Stopping threads took: 0,0000258 seconds
2017-03-28T18:16:07.775+0200: 4,315: Total time for which application threads were stopped: 0,0000892 seconds, Stopping threads took: 0,0000180 seconds
2017-03-28T18:16:07.776+0200: 4,315: Total time for which application threads were stopped: 0,0000774 seconds, Stopping threads took: 0,0000172 seconds
2017-03-28T18:16:07.776+0200: 4,316: Total time for which application threads were stopped: 0,0000730 seconds, Stopping threads took: 0,0000164 seconds
2017-03-28T18:16:07.778+0200: 4,318: Total time for which application threads were stopped: 0,0001413 seconds, Stopping threads took: 0,0000328 seconds
2017-03-28T18:16:07.779+0200: 4,318: Total time for which application threads were stopped: 0,0001339 seconds, Stopping threads took: 0,0000353 seconds
2017-03-28T18:16:07.782+0200: 4,322: Total time for which application threads were stopped: 0,0001548 seconds, Stopping threads took: 0,0000627 seconds
2017-03-28T18:16:07.782+0200: 4,322: Total time for which application threads were stopped: 0,0001840 seconds, Stopping threads took: 0,0000545 seconds
2017-03-28T18:16:07.791+0200: 4,330: Total time for which application threads were stopped: 0,0001566 seconds, Stopping threads took: 0,0000466 seconds
2017-03-28T18:16:07.791+0200: 4,331: Total time for which application threads were stopped: 0,0001446 seconds, Stopping threads took: 0,0000482 seconds
2017-03-28T18:16:07.791+0200: 4,331: Total time for which application threads were stopped: 0,0001250 seconds, Stopping threads took: 0,0000204 seconds
2017-03-28T18:16:07.792+0200: 4,331: Total time for which application threads were stopped: 0,0000796 seconds, Stopping threads took: 0,0000184 seconds
2017-03-28T18:16:07.792+0200: 4,332: Total time for which application threads were stopped: 0,0000713 seconds, Stopping threads took: 0,0000168 seconds
2017-03-28T18:16:07.795+0200: 4,335: Total time for which application threads were stopped: 0,0001156 seconds, Stopping threads took: 0,0000434 seconds
2017-03-28T18:16:07.806+0200: 4,346: Total time for which application threads were stopped: 0,0001453 seconds, Stopping threads took: 0,0000458 seconds
2017-03-28T18:16:07.807+0200: 4,346: Total time for which application threads were stopped: 0,0000934 seconds, Stopping threads took: 0,0000238 seconds
2017-03-28T18:16:07.813+0200: 4,352: Total time for which application threads were stopped: 0,0001864 seconds, Stopping threads took: 0,0000470 seconds
2017-03-28T18:16:07.820+0200: 4,360: Total time for which application threads were stopped: 0,0001532 seconds, Stopping threads took: 0,0000536 seconds
2017-03-28T18:16:07.835+0200: 4,375: Total time for which application threads were stopped: 0,0003032 seconds, Stopping threads took: 0,0001317 seconds
2017-03-28T18:16:07.835+0200: 4,375: Total time for which application threads were stopped: 0,0003602 seconds, Stopping threads took: 0,0002751 seconds
2017-03-28T18:16:07.866+0200: 4,406: Total time for which application threads were stopped: 0,0027971 seconds, Stopping threads took: 0,0026787 seconds
2017-03-28T18:16:07.892+0200: 4,432: Total time for which application threads were stopped: 0,0001381 seconds, Stopping threads took: 0,0000414 seconds
2017-03-28T18:16:07.955+0200: 4,495: Total time for which application threads were stopped: 0,0004099 seconds, Stopping threads took: 0,0000268 seconds
2017-03-28T18:16:07.972+0200: 4,512: Total time for which application threads were stopped: 0,0004478 seconds, Stopping threads took: 0,0000248 seconds
2017-03-28T18:16:08.028+0200: 4,568: Total time for which application threads were stopped: 0,0004196 seconds, Stopping threads took: 0,0000708 seconds
2017-03-28T18:16:08.029+0200: 4,569: Total time for which application threads were stopped: 0,0001189 seconds, Stopping threads took: 0,0000478 seconds
2017-03-28T18:16:08.030+0200: 4,570: Total time for which application threads were stopped: 0,0007846 seconds, Stopping threads took: 0,0007070 seconds
2017-03-28T18:16:08.040+0200: 4,580: Total time for which application threads were stopped: 0,0001221 seconds, Stopping threads took: 0,0000318 seconds
2017-03-28T18:16:08.062+0200: 4,602: Total time for which application threads were stopped: 0,0025765 seconds, Stopping threads took: 0,0024547 seconds
2017-03-28T18:16:08.074+0200: 4,614: Total time for which application threads were stopped: 0,0019508 seconds, Stopping threads took: 0,0018496 seconds
2017-03-28T18:16:08.100+0200: 4,640: Total time for which application threads were stopped: 0,0004318 seconds, Stopping threads took: 0,0003417 seconds
2017-03-28T18:16:08.131+0200: 4,671: Total time for which application threads were stopped: 0,0001522 seconds, Stopping threads took: 0,0000695 seconds
2017-03-28T18:16:08.141+0200: 4,681: Total time for which application threads were stopped: 0,0004615 seconds, Stopping threads took: 0,0000492 seconds
2017-03-28T18:16:09.141+0200: 5,681: Total time for which application threads were stopped: 0,0000961 seconds, Stopping threads took: 0,0000195 seconds
2017-03-28T18:16:11.141+0200: 7,681: Total time for which application threads were stopped: 0,0000691 seconds, Stopping threads took: 0,0000189 seconds
{Heap before GC invocations=9 (full 1):
 par new generation   total 109248K, used 96047K [0x00000000e0000000, 0x00000000e8000000, 0x00000000e8000000)
  eden space 87424K, 100% used [0x00000000e0000000, 0x00000000e5560000, 0x00000000e5560000)
  from space 21824K,  39% used [0x00000000e6ab0000, 0x00000000e731bc80, 0x00000000e8000000)
  to   space 21824K,   0% used [0x00000000e5560000, 0x00000000e5560000, 0x00000000e6ab0000)
 concurrent mark-sweep generation total 393216K, used 6026K [0x00000000e8000000, 0x0000000100000000, 0x0000000100000000)
 Metaspace       used 28003K, capacity 28482K, committed 28848K, reserved 1075200K
  class space    used 3212K, capacity 3386K, committed 3504K, reserved 1048576K
2017-03-28T18:16:14.668+0200: 11,207: [GC (Allocation Failure) 2017-03-28T18:16:14.668+0200: 11,207: [ParNew
Desired survivor size 20112992 bytes, new threshold 8 (max 8)
- age   1:   11528048 bytes,   11528048 total
- age   2:     161168 bytes,   11689216 total
- age   3:     223704 bytes,   11912920 total
- age   4:    1788248 bytes,   13701168 total
- age   6:      60096 bytes,   13761264 total
- age   7:      95760 bytes,   13857024 total
- age   8:     189392 bytes,   14046416 total
: 96047K->15529K(109248K), 0,0524787 secs] 102073K->22411K(502464K), 0,0525363 secs] [Times: user=0,06 sys=0,00, real=0,05 secs] 
Heap after GC invocations=10 (full 1):
 par new generation   total 109248K, used 15529K [0x00000000e0000000, 0x00000000e8000000, 0x00000000e8000000)
  eden space 87424K,   0% used [0x00000000e0000000, 0x00000000e0000000, 0x00000000e5560000)
  from space 21824K,  71% used [0x00000000e5560000, 0x00000000e648a670, 0x00000000e6ab0000)
  to   space 21824K,   0% used [0x00000000e6ab0000, 0x00000000e6ab0000, 0x00000000e8000000)
 concurrent mark-sweep generation total 393216K, used 6882K [0x00000000e8000000, 0x0000000100000000, 0x0000000100000000)
 Metaspace       used 28003K, capacity 28482K, committed 28848K, reserved 1075200K
  class space    used 3212K, capacity 3386K, committed 3504K, reserved 1048576K
}
2017-03-28T18:16:14.720+0200: 11,260: Total time for which application threads were stopped: 0,0528261 seconds, Stopping threads took: 0,0001096 seconds
2017-03-28T18:16:14.730+0200: 11,270: Total time for which application threads were stopped: 0,0000867 seconds, Stopping threads took: 0,0000243 seconds
2017-03-28T18:16:14.731+0200: 11,271: Total time for which application threads were stopped: 0,0000542 seconds, Stopping threads took: 0,0000123 seconds
2017-03-28T18:16:35.734+0200: 32,274: Total time for which application threads were stopped: 0,0000711 seconds, Stopping threads took: 0,0000181 seconds
2017-03-28T18:17:25.739+0200: 82,279: Total time for which application threads were stopped: 0,0000761 seconds, Stopping threads took: 0,0000216 seconds
2017-03-28T18:18:00.743+0200: 117,283: Total time for which application threads were stopped: 0,0001009 seconds, Stopping threads took: 0,0000411 seconds
2017-03-28T18:18:05.744+0200: 122,283: Total time for which application threads were stopped: 0,0001123 seconds, Stopping threads took: 0,0000280 seconds
2017-03-28T18:20:40.763+0200: 277,303: Total time for which application threads were stopped: 0,0000838 seconds, Stopping threads took: 0,0000316 seconds
2017-03-28T18:26:50.803+0200: 647,343: Total time for which application threads were stopped: 0,0001057 seconds, Stopping threads took: 0,0000358 seconds
2017-03-28T18:32:10.837+0200: 967,377: Total time for which application threads were stopped: 0,0001087 seconds, Stopping threads took: 0,0000404 seconds
2017-03-28T18:39:34.885+0200: 1411,425: Total time for which application threads were stopped: 0,0017645 seconds, Stopping threads took: 0,0002815 seconds
2017-03-28T18:44:14.912+0200: 1691,452: Total time for which application threads were stopped: 0,0001218 seconds, Stopping threads took: 0,0000492 seconds
2017-03-28T18:54:24.997+0200: 2301,537: Total time for which application threads were stopped: 0,0001914 seconds, Stopping threads took: 0,0000687 seconds
2017-03-28T18:54:25.997+0200: 2302,537: Total time for which application threads were stopped: 0,0001390 seconds, Stopping threads took: 0,0000312 seconds
2017-03-28T18:54:40.000+0200: 2316,539: Total time for which application threads were stopped: 0,0000824 seconds, Stopping threads took: 0,0000168 seconds
2017-03-28T19:09:16.141+0200: 3192,681: Total time for which application threads were stopped: 0,0001009 seconds, Stopping threads took: 0,0000353 seconds
2017-03-28T19:09:21.142+0200: 3197,682: Total time for which application threads were stopped: 0,0001413 seconds, Stopping threads took: 0,0000322 seconds
2017-03-28T19:15:45.204+0200: 3581,744: Total time for which application threads were stopped: 0,0000880 seconds, Stopping threads took: 0,0000322 seconds
2017-03-28T19:20:00.244+0200: 3836,784: Total time for which application threads were stopped: 0,0001185 seconds, Stopping threads took: 0,0000347 seconds
2017-03-28T19:20:05.245+0200: 3841,785: Total time for which application threads were stopped: 0,0001148 seconds, Stopping threads took: 0,0000249 seconds
2017-03-28T19:34:41.387+0200: 4717,927: Total time for which application threads were stopped: 0,0001097 seconds, Stopping threads took: 0,0000366 seconds
2017-03-28T19:34:51.388+0200: 4727,928: Total time for which application threads were stopped: 0,0001459 seconds, Stopping threads took: 0,0000552 seconds
2017-03-28T20:00:26.576+0200: 6263,116: Total time for which application threads were stopped: 0,0000807 seconds, Stopping threads took: 0,0000315 seconds
2017-03-28T20:18:05.709+0200: 7322,248: Total time for which application threads were stopped: 0,0000988 seconds, Stopping threads took: 0,0000352 seconds
2017-03-28T20:24:05.750+0200: 7682,290: Total time for which application threads were stopped: 0,0001686 seconds, Stopping threads took: 0,0000620 seconds
2017-03-28T21:28:35.273+0200: 11551,812: Total time for which application threads were stopped: 0,0001030 seconds, Stopping threads took: 0,0000367 seconds
2017-03-28T22:30:07.082+0200: 15243,622: Total time for which application threads were stopped: 0,0019670 seconds, Stopping threads took: 0,0018717 seconds
2017-03-28T22:30:07.101+0200: 15243,640: Total time for which application threads were stopped: 0,0001028 seconds, Stopping threads took: 0,0000291 seconds
2017-03-28T22:30:07.102+0200: 15243,642: Total time for which application threads were stopped: 0,0000940 seconds, Stopping threads took: 0,0000221 seconds
2017-03-28T22:30:07.102+0200: 15243,642: Total time for which application threads were stopped: 0,0000750 seconds, Stopping threads took: 0,0000163 seconds
2017-03-28T22:30:07.102+0200: 15243,642: Total time for which application threads were stopped: 0,0000596 seconds, Stopping threads took: 0,0000170 seconds
2017-03-28T22:30:07.114+0200: 15243,654: Total time for which application threads were stopped: 0,0001242 seconds, Stopping threads took: 0,0000261 seconds
2017-03-28T22:30:07.115+0200: 15243,654: Total time for which application threads were stopped: 0,0000706 seconds, Stopping threads took: 0,0000182 seconds
2017-03-28T22:30:07.115+0200: 15243,655: Total time for which application threads were stopped: 0,0000545 seconds, Stopping threads took: 0,0000133 seconds
2017-03-28T22:30:07.115+0200: 15243,655: Total time for which application threads were stopped: 0,0000451 seconds, Stopping threads took: 0,0000124 seconds
2017-03-28T22:30:07.115+0200: 15243,655: Total time for which application threads were stopped: 0,0000445 seconds, Stopping threads took: 0,0000143 seconds
2017-03-28T22:30:07.115+0200: 15243,655: Total time for which application threads were stopped: 0,0000413 seconds, Stopping threads took: 0,0000126 seconds
2017-03-28T22:30:07.115+0200: 15243,655: Total time for which application threads were stopped: 0,0000495 seconds, Stopping threads took: 0,0000124 seconds
2017-03-28T22:30:07.115+0200: 15243,655: Total time for which application threads were stopped: 0,0000411 seconds, Stopping threads took: 0,0000112 seconds
2017-03-28T22:30:07.115+0200: 15243,655: Total time for which application threads were stopped: 0,0000418 seconds, Stopping threads took: 0,0000116 seconds
2017-03-28T22:30:07.115+0200: 15243,655: Total time for which application threads were stopped: 0,0000431 seconds, Stopping threads took: 0,0000108 seconds
2017-03-28T22:30:07.115+0200: 15243,655: Total time for which application threads were stopped: 0,0000435 seconds, Stopping threads took: 0,0000110 seconds
2017-03-28T22:30:07.115+0200: 15243,655: Total time for which application threads were stopped: 0,0000446 seconds, Stopping threads took: 0,0000149 seconds
2017-03-28T22:30:07.116+0200: 15243,655: Total time for which application threads were stopped: 0,0000365 seconds, Stopping threads took: 0,0000066 seconds
2017-03-28T22:30:07.116+0200: 15243,655: Total time for which application threads were stopped: 0,0000426 seconds, Stopping threads took: 0,0000112 seconds
2017-03-28T22:30:07.116+0200: 15243,656: Total time for which application threads were stopped: 0,0000456 seconds, Stopping threads took: 0,0000116 seconds
2017-03-28T22:30:07.116+0200: 15243,656: Total time for which application threads were stopped: 0,0000480 seconds, Stopping threads took: 0,0000127 seconds
2017-03-28T22:30:07.116+0200: 15243,656: Total time for which application threads were stopped: 0,0000455 seconds, Stopping threads took: 0,0000117 seconds
2017-03-28T22:30:07.117+0200: 15243,657: Total time for which application threads were stopped: 0,0001232 seconds, Stopping threads took: 0,0000249 seconds
2017-03-28T22:30:07.117+0200: 15243,657: Total time for which application threads were stopped: 0,0000540 seconds, Stopping threads took: 0,0000135 seconds
2017-03-28T22:30:07.121+0200: 15243,661: Total time for which application threads were stopped: 0,0001028 seconds, Stopping threads took: 0,0000336 seconds
2017-03-28T22:30:07.122+0200: 15243,662: Total time for which application threads were stopped: 0,0000796 seconds, Stopping threads took: 0,0000215 seconds
2017-03-28T22:30:07.122+0200: 15243,662: Total time for which application threads were stopped: 0,0000421 seconds, Stopping threads took: 0,0000105 seconds
2017-03-28T22:30:07.122+0200: 15243,662: Total time for which application threads were stopped: 0,0000399 seconds, Stopping threads took: 0,0000103 seconds
2017-03-28T22:30:07.122+0200: 15243,662: Total time for which application threads were stopped: 0,0000390 seconds, Stopping threads took: 0,0000105 seconds
2017-03-28T22:30:07.122+0200: 15243,662: Total time for which application threads were stopped: 0,0000383 seconds, Stopping threads took: 0,0000104 seconds
2017-03-28T22:30:07.122+0200: 15243,662: Total time for which application threads were stopped: 0,0000510 seconds, Stopping threads took: 0,0000101 seconds
2017-03-28T22:30:07.122+0200: 15243,662: Total time for which application threads were stopped: 0,0000383 seconds, Stopping threads took: 0,0000103 seconds
2017-03-28T22:30:07.122+0200: 15243,662: Total time for which application threads were stopped: 0,0000379 seconds, Stopping threads took: 0,0000102 seconds
2017-03-28T22:30:07.122+0200: 15243,662: Total time for which application threads were stopped: 0,0000379 seconds, Stopping threads took: 0,0000102 seconds
2017-03-28T22:30:07.125+0200: 15243,665: Total time for which application threads were stopped: 0,0010603 seconds, Stopping threads took: 0,0009679 seconds
2017-03-28T22:30:07.134+0200: 15243,673: Total time for which application threads were stopped: 0,0012796 seconds, Stopping threads took: 0,0012094 seconds
2017-03-28T22:30:07.161+0200: 15243,701: Total time for which application threads were stopped: 0,0002437 seconds, Stopping threads took: 0,0001545 seconds
2017-03-28T22:30:07.164+0200: 15243,704: Total time for which application threads were stopped: 0,0023275 seconds, Stopping threads took: 0,0022535 seconds
2017-03-28T22:30:07.164+0200: 15243,704: Total time for which application threads were stopped: 0,0000534 seconds, Stopping threads took: 0,0000164 seconds
2017-03-28T22:30:07.164+0200: 15243,704: Total time for which application threads were stopped: 0,0000417 seconds, Stopping threads took: 0,0000107 seconds
2017-03-28T22:30:07.164+0200: 15243,704: Total time for which application threads were stopped: 0,0000391 seconds, Stopping threads took: 0,0000101 seconds
2017-03-28T22:30:07.165+0200: 15243,705: Total time for which application threads were stopped: 0,0000877 seconds, Stopping threads took: 0,0000241 seconds
2017-03-28T22:30:07.166+0200: 15243,705: Total time for which application threads were stopped: 0,0000554 seconds, Stopping threads took: 0,0000158 seconds
2017-03-28T22:30:07.166+0200: 15243,706: Total time for which application threads were stopped: 0,0000535 seconds, Stopping threads took: 0,0000183 seconds
2017-03-28T22:30:07.166+0200: 15243,706: Total time for which application threads were stopped: 0,0000739 seconds, Stopping threads took: 0,0000133 seconds
2017-03-28T22:30:07.167+0200: 15243,707: Total time for which application threads were stopped: 0,0000584 seconds, Stopping threads took: 0,0000181 seconds
2017-03-28T22:30:07.167+0200: 15243,707: Total time for which application threads were stopped: 0,0000477 seconds, Stopping threads took: 0,0000133 seconds
2017-03-28T22:30:07.167+0200: 15243,707: Total time for which application threads were stopped: 0,0000452 seconds, Stopping threads took: 0,0000122 seconds
2017-03-28T22:30:07.168+0200: 15243,708: Total time for which application threads were stopped: 0,0001820 seconds, Stopping threads took: 0,0001041 seconds
2017-03-28T22:30:07.169+0200: 15243,709: Total time for which application threads were stopped: 0,0000951 seconds, Stopping threads took: 0,0000300 seconds
2017-03-28T22:30:07.169+0200: 15243,709: Total time for which application threads were stopped: 0,0000809 seconds, Stopping threads took: 0,0000216 seconds
2017-03-28T22:30:07.169+0200: 15243,709: Total time for which application threads were stopped: 0,0000531 seconds, Stopping threads took: 0,0000155 seconds
2017-03-28T22:30:07.171+0200: 15243,711: Total time for which application threads were stopped: 0,0001317 seconds, Stopping threads took: 0,0000429 seconds
2017-03-28T22:30:07.173+0200: 15243,712: Total time for which application threads were stopped: 0,0001038 seconds, Stopping threads took: 0,0000291 seconds
2017-03-28T22:30:07.173+0200: 15243,713: Total time for which application threads were stopped: 0,0000676 seconds, Stopping threads took: 0,0000169 seconds
2017-03-28T22:30:07.174+0200: 15243,714: Total time for which application threads were stopped: 0,0003954 seconds, Stopping threads took: 0,0003318 seconds
2017-03-28T22:30:07.174+0200: 15243,714: Total time for which application threads were stopped: 0,0000589 seconds, Stopping threads took: 0,0000240 seconds
2017-03-28T22:30:07.175+0200: 15243,715: Total time for which application threads were stopped: 0,0001162 seconds, Stopping threads took: 0,0000421 seconds
2017-03-28T22:30:07.175+0200: 15243,715: Total time for which application threads were stopped: 0,0000802 seconds, Stopping threads took: 0,0000182 seconds
2017-03-28T22:30:07.175+0200: 15243,715: Total time for which application threads were stopped: 0,0000637 seconds, Stopping threads took: 0,0000201 seconds
2017-03-28T22:30:07.176+0200: 15243,715: Total time for which application threads were stopped: 0,0000541 seconds, Stopping threads took: 0,0000148 seconds
2017-03-28T22:30:07.176+0200: 15243,716: Total time for which application threads were stopped: 0,0000687 seconds, Stopping threads took: 0,0000210 seconds
2017-03-28T22:30:07.176+0200: 15243,716: Total time for which application threads were stopped: 0,0000616 seconds, Stopping threads took: 0,0000155 seconds
2017-03-28T22:30:07.176+0200: 15243,716: Total time for which application threads were stopped: 0,0001781 seconds, Stopping threads took: 0,0000204 seconds
2017-03-28T22:30:07.178+0200: 15243,718: Total time for which application threads were stopped: 0,0001640 seconds, Stopping threads took: 0,0000355 seconds
2017-03-28T22:30:07.180+0200: 15243,720: Total time for which application threads were stopped: 0,0001361 seconds, Stopping threads took: 0,0000635 seconds
2017-03-28T22:30:07.181+0200: 15243,721: Total time for which application threads were stopped: 0,0001548 seconds, Stopping threads took: 0,0000418 seconds
Heap
 par new generation   total 109248K, used 39795K [0x00000000e0000000, 0x00000000e8000000, 0x00000000e8000000)
  eden space 87424K,  27% used [0x00000000e0000000, 0x00000000e17b2988, 0x00000000e5560000)
  from space 21824K,  71% used [0x00000000e5560000, 0x00000000e648a670, 0x00000000e6ab0000)
  to   space 21824K,   0% used [0x00000000e6ab0000, 0x00000000e6ab0000, 0x00000000e8000000)
 concurrent mark-sweep generation total 393216K, used 6882K [0x00000000e8000000, 0x0000000100000000, 0x0000000100000000)
 Metaspace       used 28168K, capacity 28778K, committed 29104K, reserved 1075200K
  class space    used 3226K, capacity 3420K, committed 3504K, reserved 1048576K
