OpenJDK 64-Bit Server VM (25.121-b13) for linux-amd64 JRE (1.8.0_121-8u121-b13-0ubuntu1.16.04.2-b13), built on Jan 23 2017 15:51:29 by "buildd" with gcc 5.4.0 20160609
Memory: 4k page, physical 7867764k(7426728k free), swap 8076284k(8076284k free)
CommandLine flags: -XX:CMSInitiatingOccupancyFraction=50 -XX:CMSMaxAbortablePrecleanTime=6000 -XX:+CMSParallelRemarkEnabled -XX:+CMSScavengeBeforeRemark -XX:ConcGCThreads=4 -XX:InitialHeapSize=536870912 -XX:MaxHeapSize=536870912 -XX:MaxTenuringThreshold=8 -XX:NewRatio=3 -XX:OldPLABSize=16 -XX:OnOutOfMemoryError=/opt/solr/bin/oom_solr.sh 8983 /var/solr/logs -XX:ParallelGCThreads=4 -XX:+ParallelRefProcEnabled -XX:PretenureSizeThreshold=67108864 -XX:+PrintGC -XX:+PrintGCApplicationStoppedTime -XX:+PrintGCDateStamps -XX:+PrintGCDetails -XX:+PrintGCTimeStamps -XX:+PrintHeapAtGC -XX:+PrintTenuringDistribution -XX:SurvivorRatio=4 -XX:TargetSurvivorRatio=90 -XX:ThreadStackSize=256 -XX:+UseCMSInitiatingOccupancyOnly -XX:+UseCompressedClassPointers -XX:+UseCompressedOops -XX:+UseConcMarkSweepGC -XX:+UseParNewGC 
2017-05-01T16:28:35.950+0200: 0,164: Total time for which application threads were stopped: 0,0000661 seconds, Stopping threads took: 0,0000095 seconds
2017-05-01T16:28:36.036+0200: 0,251: Total time for which application threads were stopped: 0,0001433 seconds, Stopping threads took: 0,0000251 seconds
2017-05-01T16:28:36.060+0200: 0,275: Total time for which application threads were stopped: 0,0001053 seconds, Stopping threads took: 0,0000156 seconds
2017-05-01T16:28:36.444+0200: 0,658: Total time for which application threads were stopped: 0,0001615 seconds, Stopping threads took: 0,0000220 seconds
2017-05-01T16:28:36.806+0200: 1,021: Total time for which application threads were stopped: 0,0008012 seconds, Stopping threads took: 0,0006554 seconds
2017-05-01T16:28:36.920+0200: 1,135: Total time for which application threads were stopped: 0,0001652 seconds, Stopping threads took: 0,0000188 seconds
2017-05-01T16:28:36.946+0200: 1,161: Total time for which application threads were stopped: 0,0006715 seconds, Stopping threads took: 0,0002353 seconds
2017-05-01T16:28:37.239+0200: 1,453: Total time for which application threads were stopped: 0,0004024 seconds, Stopping threads took: 0,0000773 seconds
2017-05-01T16:28:37.510+0200: 1,725: Total time for which application threads were stopped: 0,0003218 seconds, Stopping threads took: 0,0000145 seconds
2017-05-01T16:28:37.535+0200: 1,749: Total time for which application threads were stopped: 0,0001714 seconds, Stopping threads took: 0,0000227 seconds
2017-05-01T16:28:37.572+0200: 1,786: Total time for which application threads were stopped: 0,0002077 seconds, Stopping threads took: 0,0000201 seconds
2017-05-01T16:28:37.576+0200: 1,790: Total time for which application threads were stopped: 0,0007683 seconds, Stopping threads took: 0,0000632 seconds
2017-05-01T16:28:37.592+0200: 1,806: Total time for which application threads were stopped: 0,0001917 seconds, Stopping threads took: 0,0000257 seconds
2017-05-01T16:28:37.661+0200: 1,875: Total time for which application threads were stopped: 0,0002405 seconds, Stopping threads took: 0,0000199 seconds
2017-05-01T16:28:37.844+0200: 2,059: Total time for which application threads were stopped: 0,0006157 seconds, Stopping threads took: 0,0003853 seconds
{Heap before GC invocations=0 (full 0):
 par new generation   total 109248K, used 87424K [0x00000000e0000000, 0x00000000e8000000, 0x00000000e8000000)
  eden space 87424K, 100% used [0x00000000e0000000, 0x00000000e5560000, 0x00000000e5560000)
  from space 21824K,   0% used [0x00000000e5560000, 0x00000000e5560000, 0x00000000e6ab0000)
  to   space 21824K,   0% used [0x00000000e6ab0000, 0x00000000e6ab0000, 0x00000000e8000000)
 concurrent mark-sweep generation total 393216K, used 0K [0x00000000e8000000, 0x0000000100000000, 0x0000000100000000)
 Metaspace       used 18045K, capacity 18336K, committed 18688K, reserved 1064960K
  class space    used 2041K, capacity 2196K, committed 2304K, reserved 1048576K
2017-05-01T16:28:37.917+0200: 2,132: [GC (Allocation Failure) 2017-05-01T16:28:37.918+0200: 2,132: [ParNew
Desired survivor size 20112992 bytes, new threshold 8 (max 8)
- age   1:   12137848 bytes,   12137848 total
: 87424K->11962K(109248K), 0,0155059 secs] 87424K->11962K(502464K), 0,0155863 secs] [Times: user=0,02 sys=0,03, real=0,02 secs] 
Heap after GC invocations=1 (full 0):
 par new generation   total 109248K, used 11962K [0x00000000e0000000, 0x00000000e8000000, 0x00000000e8000000)
  eden space 87424K,   0% used [0x00000000e0000000, 0x00000000e0000000, 0x00000000e5560000)
  from space 21824K,  54% used [0x00000000e6ab0000, 0x00000000e765eb50, 0x00000000e8000000)
  to   space 21824K,   0% used [0x00000000e5560000, 0x00000000e5560000, 0x00000000e6ab0000)
 concurrent mark-sweep generation total 393216K, used 0K [0x00000000e8000000, 0x0000000100000000, 0x0000000100000000)
 Metaspace       used 18045K, capacity 18336K, committed 18688K, reserved 1064960K
  class space    used 2041K, capacity 2196K, committed 2304K, reserved 1048576K
}
2017-05-01T16:28:37.933+0200: 2,147: Total time for which application threads were stopped: 0,0158731 seconds, Stopping threads took: 0,0001209 seconds
2017-05-01T16:28:38.266+0200: 2,480: Total time for which application threads were stopped: 0,0016612 seconds, Stopping threads took: 0,0013866 seconds
{Heap before GC invocations=1 (full 0):
 par new generation   total 109248K, used 99386K [0x00000000e0000000, 0x00000000e8000000, 0x00000000e8000000)
  eden space 87424K, 100% used [0x00000000e0000000, 0x00000000e5560000, 0x00000000e5560000)
  from space 21824K,  54% used [0x00000000e6ab0000, 0x00000000e765eb50, 0x00000000e8000000)
  to   space 21824K,   0% used [0x00000000e5560000, 0x00000000e5560000, 0x00000000e6ab0000)
 concurrent mark-sweep generation total 393216K, used 0K [0x00000000e8000000, 0x0000000100000000, 0x0000000100000000)
 Metaspace       used 20068K, capacity 20436K, committed 20736K, reserved 1067008K
  class space    used 2297K, capacity 2472K, committed 2560K, reserved 1048576K
2017-05-01T16:28:38.297+0200: 2,511: [GC (Allocation Failure) 2017-05-01T16:28:38.297+0200: 2,511: [ParNew
Desired survivor size 20112992 bytes, new threshold 8 (max 8)
- age   1:    3943672 bytes,    3943672 total
- age   2:    6478064 bytes,   10421736 total
: 99386K->15381K(109248K), 0,0149187 secs] 99386K->15381K(502464K), 0,0149884 secs] [Times: user=0,04 sys=0,00, real=0,02 secs] 
Heap after GC invocations=2 (full 0):
 par new generation   total 109248K, used 15381K [0x00000000e0000000, 0x00000000e8000000, 0x00000000e8000000)
  eden space 87424K,   0% used [0x00000000e0000000, 0x00000000e0000000, 0x00000000e5560000)
  from space 21824K,  70% used [0x00000000e5560000, 0x00000000e64654c0, 0x00000000e6ab0000)
  to   space 21824K,   0% used [0x00000000e6ab0000, 0x00000000e6ab0000, 0x00000000e8000000)
 concurrent mark-sweep generation total 393216K, used 0K [0x00000000e8000000, 0x0000000100000000, 0x0000000100000000)
 Metaspace       used 20068K, capacity 20436K, committed 20736K, reserved 1067008K
  class space    used 2297K, capacity 2472K, committed 2560K, reserved 1048576K
}
2017-05-01T16:28:38.312+0200: 2,526: Total time for which application threads were stopped: 0,0151481 seconds, Stopping threads took: 0,0000244 seconds
2017-05-01T16:28:38.322+0200: 2,536: Total time for which application threads were stopped: 0,0036868 seconds, Stopping threads took: 0,0034319 seconds
2017-05-01T16:28:38.350+0200: 2,564: Total time for which application threads were stopped: 0,0009952 seconds, Stopping threads took: 0,0007494 seconds
2017-05-01T16:28:38.490+0200: 2,704: Total time for which application threads were stopped: 0,0003270 seconds, Stopping threads took: 0,0002065 seconds
{Heap before GC invocations=2 (full 0):
 par new generation   total 109248K, used 102805K [0x00000000e0000000, 0x00000000e8000000, 0x00000000e8000000)
  eden space 87424K, 100% used [0x00000000e0000000, 0x00000000e5560000, 0x00000000e5560000)
  from space 21824K,  70% used [0x00000000e5560000, 0x00000000e64654c0, 0x00000000e6ab0000)
  to   space 21824K,   0% used [0x00000000e6ab0000, 0x00000000e6ab0000, 0x00000000e8000000)
 concurrent mark-sweep generation total 393216K, used 0K [0x00000000e8000000, 0x0000000100000000, 0x0000000100000000)
 Metaspace       used 20981K, capacity 21294K, committed 21628K, reserved 1069056K
  class space    used 2418K, capacity 2591K, committed 2684K, reserved 1048576K
2017-05-01T16:28:38.522+0200: 2,736: [GC (Allocation Failure) 2017-05-01T16:28:38.522+0200: 2,736: [ParNew
Desired survivor size 20112992 bytes, new threshold 8 (max 8)
- age   1:    2197808 bytes,    2197808 total
- age   2:    1016720 bytes,    3214528 total
- age   3:    6474496 bytes,    9689024 total
: 102805K->12283K(109248K), 0,0148685 secs] 102805K->12283K(502464K), 0,0149489 secs] [Times: user=0,05 sys=0,00, real=0,01 secs] 
Heap after GC invocations=3 (full 0):
 par new generation   total 109248K, used 12283K [0x00000000e0000000, 0x00000000e8000000, 0x00000000e8000000)
  eden space 87424K,   0% used [0x00000000e0000000, 0x00000000e0000000, 0x00000000e5560000)
  from space 21824K,  56% used [0x00000000e6ab0000, 0x00000000e76aeff8, 0x00000000e8000000)
  to   space 21824K,   0% used [0x00000000e5560000, 0x00000000e5560000, 0x00000000e6ab0000)
 concurrent mark-sweep generation total 393216K, used 0K [0x00000000e8000000, 0x0000000100000000, 0x0000000100000000)
 Metaspace       used 20981K, capacity 21294K, committed 21628K, reserved 1069056K
  class space    used 2418K, capacity 2591K, committed 2684K, reserved 1048576K
}
2017-05-01T16:28:38.537+0200: 2,751: Total time for which application threads were stopped: 0,0160348 seconds, Stopping threads took: 0,0009193 seconds
2017-05-01T16:28:38.537+0200: 2,751: [GC (CMS Initial Mark) [1 CMS-initial-mark: 0K(393216K)] 13022K(502464K), 0,0035481 secs] [Times: user=0,01 sys=0,00, real=0,01 secs] 
2017-05-01T16:28:38.541+0200: 2,755: Total time for which application threads were stopped: 0,0036719 seconds, Stopping threads took: 0,0000325 seconds
2017-05-01T16:28:38.541+0200: 2,755: [CMS-concurrent-mark-start]
2017-05-01T16:28:38.542+0200: 2,756: [CMS-concurrent-mark: 0,001/0,001 secs] [Times: user=0,00 sys=0,00, real=0,00 secs] 
2017-05-01T16:28:38.542+0200: 2,756: [CMS-concurrent-preclean-start]
2017-05-01T16:28:38.543+0200: 2,757: [CMS-concurrent-preclean: 0,001/0,001 secs] [Times: user=0,01 sys=0,00, real=0,00 secs] 
2017-05-01T16:28:38.543+0200: 2,757: [CMS-concurrent-abortable-preclean-start]
2017-05-01T16:28:38.598+0200: 2,812: Total time for which application threads were stopped: 0,0001234 seconds, Stopping threads took: 0,0000506 seconds
{Heap before GC invocations=3 (full 1):
 par new generation   total 109248K, used 99707K [0x00000000e0000000, 0x00000000e8000000, 0x00000000e8000000)
  eden space 87424K, 100% used [0x00000000e0000000, 0x00000000e5560000, 0x00000000e5560000)
  from space 21824K,  56% used [0x00000000e6ab0000, 0x00000000e76aeff8, 0x00000000e8000000)
  to   space 21824K,   0% used [0x00000000e5560000, 0x00000000e5560000, 0x00000000e6ab0000)
 concurrent mark-sweep generation total 393216K, used 0K [0x00000000e8000000, 0x0000000100000000, 0x0000000100000000)
 Metaspace       used 21279K, capacity 21630K, committed 21884K, reserved 1069056K
  class space    used 2449K, capacity 2606K, committed 2684K, reserved 1048576K
2017-05-01T16:28:38.656+0200: 2,870: [GC (Allocation Failure) 2017-05-01T16:28:38.656+0200: 2,870: [ParNew
Desired survivor size 20112992 bytes, new threshold 8 (max 8)
- age   1:     572056 bytes,     572056 total
- age   2:    1471104 bytes,    2043160 total
- age   3:     983328 bytes,    3026488 total
- age   4:    6474136 bytes,    9500624 total
: 99707K->12828K(109248K), 0,0112337 secs] 99707K->12828K(502464K), 0,0113046 secs] [Times: user=0,03 sys=0,01, real=0,01 secs] 
Heap after GC invocations=4 (full 1):
 par new generation   total 109248K, used 12828K [0x00000000e0000000, 0x00000000e8000000, 0x00000000e8000000)
  eden space 87424K,   0% used [0x00000000e0000000, 0x00000000e0000000, 0x00000000e5560000)
  from space 21824K,  58% used [0x00000000e5560000, 0x00000000e61e70f0, 0x00000000e6ab0000)
  to   space 21824K,   0% used [0x00000000e6ab0000, 0x00000000e6ab0000, 0x00000000e8000000)
 concurrent mark-sweep generation total 393216K, used 0K [0x00000000e8000000, 0x0000000100000000, 0x0000000100000000)
 Metaspace       used 21279K, capacity 21630K, committed 21884K, reserved 1069056K
  class space    used 2449K, capacity 2606K, committed 2684K, reserved 1048576K
}
2017-05-01T16:28:38.667+0200: 2,881: Total time for which application threads were stopped: 0,0115280 seconds, Stopping threads took: 0,0000866 seconds
2017-05-01T16:28:38.667+0200: 2,881: [CMS-concurrent-abortable-preclean: 0,056/0,124 secs] [Times: user=0,47 sys=0,01, real=0,12 secs] 
2017-05-01T16:28:38.668+0200: 2,882: [GC (CMS Final Remark) [YG occupancy: 14833 K (109248 K)]{Heap before GC invocations=4 (full 1):
 par new generation   total 109248K, used 14833K [0x00000000e0000000, 0x00000000e8000000, 0x00000000e8000000)
  eden space 87424K,   2% used [0x00000000e0000000, 0x00000000e01f5660, 0x00000000e5560000)
  from space 21824K,  58% used [0x00000000e5560000, 0x00000000e61e70f0, 0x00000000e6ab0000)
  to   space 21824K,   0% used [0x00000000e6ab0000, 0x00000000e6ab0000, 0x00000000e8000000)
 concurrent mark-sweep generation total 393216K, used 0K [0x00000000e8000000, 0x0000000100000000, 0x0000000100000000)
 Metaspace       used 21279K, capacity 21630K, committed 21884K, reserved 1069056K
  class space    used 2449K, capacity 2606K, committed 2684K, reserved 1048576K
2017-05-01T16:28:38.668+0200: 2,882: [GC (CMS Final Remark) 2017-05-01T16:28:38.668+0200: 2,882: [ParNew
Desired survivor size 20112992 bytes, new threshold 8 (max 8)
- age   1:     178728 bytes,     178728 total
- age   2:     353544 bytes,     532272 total
- age   3:    1471104 bytes,    2003376 total
- age   4:     983328 bytes,    2986704 total
- age   5:    6474152 bytes,    9460856 total
: 14833K->11613K(109248K), 0,0087822 secs] 14833K->11613K(502464K), 0,0088216 secs] [Times: user=0,03 sys=0,00, real=0,01 secs] 
Heap after GC invocations=5 (full 1):
 par new generation   total 109248K, used 11613K [0x00000000e0000000, 0x00000000e8000000, 0x00000000e8000000)
  eden space 87424K,   0% used [0x00000000e0000000, 0x00000000e0000000, 0x00000000e5560000)
  from space 21824K,  53% used [0x00000000e6ab0000, 0x00000000e7607610, 0x00000000e8000000)
  to   space 21824K,   0% used [0x00000000e5560000, 0x00000000e5560000, 0x00000000e6ab0000)
 concurrent mark-sweep generation total 393216K, used 0K [0x00000000e8000000, 0x0000000100000000, 0x0000000100000000)
 Metaspace       used 21279K, capacity 21630K, committed 21884K, reserved 1069056K
  class space    used 2449K, capacity 2606K, committed 2684K, reserved 1048576K
}
2017-05-01T16:28:38.677+0200: 2,891: [Rescan (parallel) , 0,0031207 secs]2017-05-01T16:28:38.680+0200: 2,894: [weak refs processing, 0,0003797 secs]2017-05-01T16:28:38.681+0200: 2,895: [class unloading, 0,0028326 secs]2017-05-01T16:28:38.683+0200: 2,898: [scrub symbol table, 0,0025904 secs]2017-05-01T16:28:38.686+0200: 2,900: [scrub string table, 0,0004010 secs][1 CMS-remark: 0K(393216K)] 11613K(502464K), 0,0188210 secs] [Times: user=0,05 sys=0,00, real=0,02 secs] 
2017-05-01T16:28:38.687+0200: 2,901: Total time for which application threads were stopped: 0,0189426 seconds, Stopping threads took: 0,0000506 seconds
2017-05-01T16:28:38.687+0200: 2,901: [CMS-concurrent-sweep-start]
2017-05-01T16:28:38.687+0200: 2,901: [CMS-concurrent-sweep: 0,000/0,000 secs] [Times: user=0,00 sys=0,00, real=0,00 secs] 
2017-05-01T16:28:38.687+0200: 2,901: [CMS-concurrent-reset-start]
2017-05-01T16:28:38.689+0200: 2,903: [CMS-concurrent-reset: 0,002/0,002 secs] [Times: user=0,01 sys=0,00, real=0,00 secs] 
{Heap before GC invocations=5 (full 1):
 par new generation   total 109248K, used 99037K [0x00000000e0000000, 0x00000000e8000000, 0x00000000e8000000)
  eden space 87424K, 100% used [0x00000000e0000000, 0x00000000e5560000, 0x00000000e5560000)
  from space 21824K,  53% used [0x00000000e6ab0000, 0x00000000e7607610, 0x00000000e8000000)
  to   space 21824K,   0% used [0x00000000e5560000, 0x00000000e5560000, 0x00000000e6ab0000)
 concurrent mark-sweep generation total 393216K, used 0K [0x00000000e8000000, 0x0000000100000000, 0x0000000100000000)
 Metaspace       used 21395K, capacity 21808K, committed 21884K, reserved 1069056K
  class space    used 2468K, capacity 2641K, committed 2684K, reserved 1048576K
2017-05-01T16:28:38.760+0200: 2,974: [GC (Allocation Failure) 2017-05-01T16:28:38.760+0200: 2,974: [ParNew
Desired survivor size 20112992 bytes, new threshold 8 (max 8)
- age   1:     571568 bytes,     571568 total
- age   3:     186424 bytes,     757992 total
- age   4:    1470904 bytes,    2228896 total
- age   5:     981360 bytes,    3210256 total
- age   6:    6474392 bytes,    9684648 total
: 99037K->14158K(109248K), 0,0093967 secs] 99037K->14158K(502464K), 0,0094703 secs] [Times: user=0,03 sys=0,00, real=0,00 secs] 
Heap after GC invocations=6 (full 1):
 par new generation   total 109248K, used 14158K [0x00000000e0000000, 0x00000000e8000000, 0x00000000e8000000)
  eden space 87424K,   0% used [0x00000000e0000000, 0x00000000e0000000, 0x00000000e5560000)
  from space 21824K,  64% used [0x00000000e5560000, 0x00000000e6333b08, 0x00000000e6ab0000)
  to   space 21824K,   0% used [0x00000000e6ab0000, 0x00000000e6ab0000, 0x00000000e8000000)
 concurrent mark-sweep generation total 393216K, used 0K [0x00000000e8000000, 0x0000000100000000, 0x0000000100000000)
 Metaspace       used 21395K, capacity 21808K, committed 21884K, reserved 1069056K
  class space    used 2468K, capacity 2641K, committed 2684K, reserved 1048576K
}
2017-05-01T16:28:38.770+0200: 2,984: Total time for which application threads were stopped: 0,0097135 seconds, Stopping threads took: 0,0001007 seconds
2017-05-01T16:28:38.802+0200: 3,016: Total time for which application threads were stopped: 0,0003674 seconds, Stopping threads took: 0,0000451 seconds
2017-05-01T16:28:39.042+0200: 3,257: Total time for which application threads were stopped: 0,0005525 seconds, Stopping threads took: 0,0000478 seconds
2017-05-01T16:28:39.058+0200: 3,272: Total time for which application threads were stopped: 0,0004887 seconds, Stopping threads took: 0,0000517 seconds
{Heap before GC invocations=6 (full 1):
 par new generation   total 109248K, used 101582K [0x00000000e0000000, 0x00000000e8000000, 0x00000000e8000000)
  eden space 87424K, 100% used [0x00000000e0000000, 0x00000000e5560000, 0x00000000e5560000)
  from space 21824K,  64% used [0x00000000e5560000, 0x00000000e6333b08, 0x00000000e6ab0000)
  to   space 21824K,   0% used [0x00000000e6ab0000, 0x00000000e6ab0000, 0x00000000e8000000)
 concurrent mark-sweep generation total 393216K, used 0K [0x00000000e8000000, 0x0000000100000000, 0x0000000100000000)
 Metaspace       used 23819K, capacity 24306K, committed 24572K, reserved 1071104K
  class space    used 2794K, capacity 2984K, committed 3068K, reserved 1048576K
2017-05-01T16:28:39.230+0200: 3,444: [GC (Allocation Failure) 2017-05-01T16:28:39.230+0200: 3,444: [ParNew
Desired survivor size 20112992 bytes, new threshold 8 (max 8)
- age   1:    5089144 bytes,    5089144 total
- age   2:     115520 bytes,    5204664 total
- age   4:     184888 bytes,    5389552 total
- age   5:     301168 bytes,    5690720 total
- age   6:     957040 bytes,    6647760 total
- age   7:    6465944 bytes,   13113704 total
: 101582K->16707K(109248K), 0,0196696 secs] 101582K->16707K(502464K), 0,0197553 secs] [Times: user=0,07 sys=0,00, real=0,02 secs] 
Heap after GC invocations=7 (full 1):
 par new generation   total 109248K, used 16707K [0x00000000e0000000, 0x00000000e8000000, 0x00000000e8000000)
  eden space 87424K,   0% used [0x00000000e0000000, 0x00000000e0000000, 0x00000000e5560000)
  from space 21824K,  76% used [0x00000000e6ab0000, 0x00000000e7b00ea0, 0x00000000e8000000)
  to   space 21824K,   0% used [0x00000000e5560000, 0x00000000e5560000, 0x00000000e6ab0000)
 concurrent mark-sweep generation total 393216K, used 0K [0x00000000e8000000, 0x0000000100000000, 0x0000000100000000)
 Metaspace       used 23819K, capacity 24306K, committed 24572K, reserved 1071104K
  class space    used 2794K, capacity 2984K, committed 3068K, reserved 1048576K
}
2017-05-01T16:28:39.250+0200: 3,464: Total time for which application threads were stopped: 0,0200512 seconds, Stopping threads took: 0,0000582 seconds
{Heap before GC invocations=7 (full 1):
 par new generation   total 109248K, used 104131K [0x00000000e0000000, 0x00000000e8000000, 0x00000000e8000000)
  eden space 87424K, 100% used [0x00000000e0000000, 0x00000000e5560000, 0x00000000e5560000)
  from space 21824K,  76% used [0x00000000e6ab0000, 0x00000000e7b00ea0, 0x00000000e8000000)
  to   space 21824K,   0% used [0x00000000e5560000, 0x00000000e5560000, 0x00000000e6ab0000)
 concurrent mark-sweep generation total 393216K, used 0K [0x00000000e8000000, 0x0000000100000000, 0x0000000100000000)
 Metaspace       used 24341K, capacity 24840K, committed 25084K, reserved 1071104K
  class space    used 2852K, capacity 3052K, committed 3068K, reserved 1048576K
2017-05-01T16:28:39.354+0200: 3,568: [GC (Allocation Failure) 2017-05-01T16:28:39.354+0200: 3,568: [ParNew
Desired survivor size 20112992 bytes, new threshold 8 (max 8)
- age   1:    1707232 bytes,    1707232 total
- age   2:    1783456 bytes,    3490688 total
- age   3:      55936 bytes,    3546624 total
- age   5:     107440 bytes,    3654064 total
- age   6:     205976 bytes,    3860040 total
- age   7:     881328 bytes,    4741368 total
- age   8:    5966688 bytes,   10708056 total
: 104131K->12389K(109248K), 0,0102328 secs] 104131K->12389K(502464K), 0,0103194 secs] [Times: user=0,04 sys=0,00, real=0,01 secs] 
Heap after GC invocations=8 (full 1):
 par new generation   total 109248K, used 12389K [0x00000000e0000000, 0x00000000e8000000, 0x00000000e8000000)
  eden space 87424K,   0% used [0x00000000e0000000, 0x00000000e0000000, 0x00000000e5560000)
  from space 21824K,  56% used [0x00000000e5560000, 0x00000000e6179580, 0x00000000e6ab0000)
  to   space 21824K,   0% used [0x00000000e6ab0000, 0x00000000e6ab0000, 0x00000000e8000000)
 concurrent mark-sweep generation total 393216K, used 0K [0x00000000e8000000, 0x0000000100000000, 0x0000000100000000)
 Metaspace       used 24341K, capacity 24840K, committed 25084K, reserved 1071104K
  class space    used 2852K, capacity 3052K, committed 3068K, reserved 1048576K
}
2017-05-01T16:28:39.365+0200: 3,579: Total time for which application threads were stopped: 0,0143360 seconds, Stopping threads took: 0,0038264 seconds
{Heap before GC invocations=8 (full 1):
 par new generation   total 109248K, used 99813K [0x00000000e0000000, 0x00000000e8000000, 0x00000000e8000000)
  eden space 87424K, 100% used [0x00000000e0000000, 0x00000000e5560000, 0x00000000e5560000)
  from space 21824K,  56% used [0x00000000e5560000, 0x00000000e6179580, 0x00000000e6ab0000)
  to   space 21824K,   0% used [0x00000000e6ab0000, 0x00000000e6ab0000, 0x00000000e8000000)
 concurrent mark-sweep generation total 393216K, used 0K [0x00000000e8000000, 0x0000000100000000, 0x0000000100000000)
 Metaspace       used 24674K, capacity 25202K, committed 25468K, reserved 1071104K
  class space    used 2879K, capacity 3086K, committed 3196K, reserved 1048576K
2017-05-01T16:28:39.474+0200: 3,688: [GC (Allocation Failure) 2017-05-01T16:28:39.474+0200: 3,688: [ParNew
Desired survivor size 20112992 bytes, new threshold 8 (max 8)
- age   1:     895480 bytes,     895480 total
- age   2:     615728 bytes,    1511208 total
- age   3:    1756712 bytes,    3267920 total
- age   4:      55936 bytes,    3323856 total
- age   6:     107344 bytes,    3431200 total
- age   7:     203208 bytes,    3634408 total
- age   8:     880560 bytes,    4514968 total
: 99813K->9391K(109248K), 0,0401133 secs] 99813K->15300K(502464K), 0,0401848 secs] [Times: user=0,10 sys=0,00, real=0,04 secs] 
Heap after GC invocations=9 (full 1):
 par new generation   total 109248K, used 9391K [0x00000000e0000000, 0x00000000e8000000, 0x00000000e8000000)
  eden space 87424K,   0% used [0x00000000e0000000, 0x00000000e0000000, 0x00000000e5560000)
  from space 21824K,  43% used [0x00000000e6ab0000, 0x00000000e73dbe00, 0x00000000e8000000)
  to   space 21824K,   0% used [0x00000000e5560000, 0x00000000e5560000, 0x00000000e6ab0000)
 concurrent mark-sweep generation total 393216K, used 5909K [0x00000000e8000000, 0x0000000100000000, 0x0000000100000000)
 Metaspace       used 24674K, capacity 25202K, committed 25468K, reserved 1071104K
  class space    used 2879K, capacity 3086K, committed 3196K, reserved 1048576K
}
2017-05-01T16:28:39.514+0200: 3,728: Total time for which application threads were stopped: 0,0416508 seconds, Stopping threads took: 0,0013088 seconds
2017-05-01T16:28:39.776+0200: 3,991: Total time for which application threads were stopped: 0,0004090 seconds, Stopping threads took: 0,0000232 seconds
2017-05-01T16:28:39.794+0200: 4,008: Total time for which application threads were stopped: 0,0005098 seconds, Stopping threads took: 0,0000281 seconds
2017-05-01T16:28:39.837+0200: 4,052: Total time for which application threads were stopped: 0,0011129 seconds, Stopping threads took: 0,0005568 seconds
2017-05-01T16:28:39.854+0200: 4,069: Total time for which application threads were stopped: 0,0005339 seconds, Stopping threads took: 0,0000443 seconds
2017-05-01T16:28:39.858+0200: 4,073: Total time for which application threads were stopped: 0,0001922 seconds, Stopping threads took: 0,0000405 seconds
2017-05-01T16:28:39.859+0200: 4,073: Total time for which application threads were stopped: 0,0002000 seconds, Stopping threads took: 0,0000978 seconds
2017-05-01T16:28:39.870+0200: 4,084: Total time for which application threads were stopped: 0,0001316 seconds, Stopping threads took: 0,0000442 seconds
2017-05-01T16:28:39.882+0200: 4,096: Total time for which application threads were stopped: 0,0037510 seconds, Stopping threads took: 0,0036380 seconds
2017-05-01T16:28:39.883+0200: 4,097: Total time for which application threads were stopped: 0,0001201 seconds, Stopping threads took: 0,0000332 seconds
2017-05-01T16:28:39.884+0200: 4,098: Total time for which application threads were stopped: 0,0001067 seconds, Stopping threads took: 0,0000271 seconds
2017-05-01T16:28:39.884+0200: 4,098: Total time for which application threads were stopped: 0,0001020 seconds, Stopping threads took: 0,0000253 seconds
2017-05-01T16:28:39.885+0200: 4,100: Total time for which application threads were stopped: 0,0001518 seconds, Stopping threads took: 0,0000365 seconds
2017-05-01T16:28:39.886+0200: 4,100: Total time for which application threads were stopped: 0,0001094 seconds, Stopping threads took: 0,0000253 seconds
2017-05-01T16:28:39.886+0200: 4,100: Total time for which application threads were stopped: 0,0001093 seconds, Stopping threads took: 0,0000224 seconds
2017-05-01T16:28:39.886+0200: 4,100: Total time for which application threads were stopped: 0,0000932 seconds, Stopping threads took: 0,0000210 seconds
2017-05-01T16:28:39.886+0200: 4,101: Total time for which application threads were stopped: 0,0000823 seconds, Stopping threads took: 0,0000204 seconds
2017-05-01T16:28:39.887+0200: 4,101: Total time for which application threads were stopped: 0,0000957 seconds, Stopping threads took: 0,0000231 seconds
2017-05-01T16:28:39.887+0200: 4,101: Total time for which application threads were stopped: 0,0000835 seconds, Stopping threads took: 0,0000183 seconds
2017-05-01T16:28:39.887+0200: 4,101: Total time for which application threads were stopped: 0,0000842 seconds, Stopping threads took: 0,0000184 seconds
2017-05-01T16:28:39.887+0200: 4,101: Total time for which application threads were stopped: 0,0000901 seconds, Stopping threads took: 0,0000170 seconds
2017-05-01T16:28:39.887+0200: 4,102: Total time for which application threads were stopped: 0,0000754 seconds, Stopping threads took: 0,0000203 seconds
2017-05-01T16:28:39.888+0200: 4,102: Total time for which application threads were stopped: 0,0001152 seconds, Stopping threads took: 0,0000237 seconds
2017-05-01T16:28:39.888+0200: 4,102: Total time for which application threads were stopped: 0,0000861 seconds, Stopping threads took: 0,0000193 seconds
2017-05-01T16:28:39.888+0200: 4,102: Total time for which application threads were stopped: 0,0000828 seconds, Stopping threads took: 0,0000196 seconds
2017-05-01T16:28:39.888+0200: 4,102: Total time for which application threads were stopped: 0,0000827 seconds, Stopping threads took: 0,0000240 seconds
2017-05-01T16:28:39.888+0200: 4,103: Total time for which application threads were stopped: 0,0001868 seconds, Stopping threads took: 0,0000182 seconds
2017-05-01T16:28:39.889+0200: 4,103: Total time for which application threads were stopped: 0,0001178 seconds, Stopping threads took: 0,0000325 seconds
2017-05-01T16:28:39.889+0200: 4,103: Total time for which application threads were stopped: 0,0000931 seconds, Stopping threads took: 0,0000251 seconds
2017-05-01T16:28:39.889+0200: 4,104: Total time for which application threads were stopped: 0,0001227 seconds, Stopping threads took: 0,0000492 seconds
2017-05-01T16:28:39.889+0200: 4,104: Total time for which application threads were stopped: 0,0000872 seconds, Stopping threads took: 0,0000220 seconds
2017-05-01T16:28:39.890+0200: 4,104: Total time for which application threads were stopped: 0,0000895 seconds, Stopping threads took: 0,0000177 seconds
2017-05-01T16:28:39.890+0200: 4,104: Total time for which application threads were stopped: 0,0000992 seconds, Stopping threads took: 0,0000204 seconds
2017-05-01T16:28:39.890+0200: 4,104: Total time for which application threads were stopped: 0,0001117 seconds, Stopping threads took: 0,0000437 seconds
2017-05-01T16:28:39.890+0200: 4,104: Total time for which application threads were stopped: 0,0000885 seconds, Stopping threads took: 0,0000225 seconds
2017-05-01T16:28:39.890+0200: 4,105: Total time for which application threads were stopped: 0,0001088 seconds, Stopping threads took: 0,0000326 seconds
2017-05-01T16:28:39.893+0200: 4,108: Total time for which application threads were stopped: 0,0029541 seconds, Stopping threads took: 0,0028593 seconds
2017-05-01T16:28:39.894+0200: 4,108: Total time for which application threads were stopped: 0,0000858 seconds, Stopping threads took: 0,0000262 seconds
2017-05-01T16:28:39.894+0200: 4,108: Total time for which application threads were stopped: 0,0000528 seconds, Stopping threads took: 0,0000117 seconds
2017-05-01T16:28:39.894+0200: 4,108: Total time for which application threads were stopped: 0,0000563 seconds, Stopping threads took: 0,0000168 seconds
2017-05-01T16:28:39.894+0200: 4,108: Total time for which application threads were stopped: 0,0000570 seconds, Stopping threads took: 0,0000094 seconds
2017-05-01T16:28:39.894+0200: 4,108: Total time for which application threads were stopped: 0,0000546 seconds, Stopping threads took: 0,0000093 seconds
2017-05-01T16:28:39.894+0200: 4,109: Total time for which application threads were stopped: 0,0000604 seconds, Stopping threads took: 0,0000101 seconds
2017-05-01T16:28:39.895+0200: 4,109: Total time for which application threads were stopped: 0,0000525 seconds, Stopping threads took: 0,0000111 seconds
2017-05-01T16:28:39.895+0200: 4,109: Total time for which application threads were stopped: 0,0000518 seconds, Stopping threads took: 0,0000081 seconds
2017-05-01T16:28:39.895+0200: 4,109: Total time for which application threads were stopped: 0,0000547 seconds, Stopping threads took: 0,0000095 seconds
2017-05-01T16:28:39.895+0200: 4,109: Total time for which application threads were stopped: 0,0001653 seconds, Stopping threads took: 0,0000081 seconds
2017-05-01T16:28:39.903+0200: 4,117: Total time for which application threads were stopped: 0,0001240 seconds, Stopping threads took: 0,0000425 seconds
2017-05-01T16:28:39.906+0200: 4,120: Total time for which application threads were stopped: 0,0001653 seconds, Stopping threads took: 0,0000677 seconds
2017-05-01T16:28:39.914+0200: 4,128: Total time for which application threads were stopped: 0,0001956 seconds, Stopping threads took: 0,0000634 seconds
2017-05-01T16:28:39.947+0200: 4,162: Total time for which application threads were stopped: 0,0011046 seconds, Stopping threads took: 0,0009664 seconds
2017-05-01T16:28:39.962+0200: 4,176: Total time for which application threads were stopped: 0,0015862 seconds, Stopping threads took: 0,0014667 seconds
2017-05-01T16:28:39.991+0200: 4,206: Total time for which application threads were stopped: 0,0005643 seconds, Stopping threads took: 0,0000513 seconds
2017-05-01T16:28:40.992+0200: 5,206: Total time for which application threads were stopped: 0,0000744 seconds, Stopping threads took: 0,0000173 seconds
2017-05-01T16:28:51.993+0200: 16,207: Total time for which application threads were stopped: 0,0000641 seconds, Stopping threads took: 0,0000160 seconds
2017-05-01T16:29:01.994+0200: 26,208: Total time for which application threads were stopped: 0,0000975 seconds, Stopping threads took: 0,0000232 seconds
2017-05-01T16:29:07.995+0200: 32,209: Total time for which application threads were stopped: 0,0000880 seconds, Stopping threads took: 0,0000187 seconds
{Heap before GC invocations=9 (full 1):
 par new generation   total 109248K, used 96815K [0x00000000e0000000, 0x00000000e8000000, 0x00000000e8000000)
  eden space 87424K, 100% used [0x00000000e0000000, 0x00000000e5560000, 0x00000000e5560000)
  from space 21824K,  43% used [0x00000000e6ab0000, 0x00000000e73dbe00, 0x00000000e8000000)
  to   space 21824K,   0% used [0x00000000e5560000, 0x00000000e5560000, 0x00000000e6ab0000)
 concurrent mark-sweep generation total 393216K, used 5909K [0x00000000e8000000, 0x0000000100000000, 0x0000000100000000)
 Metaspace       used 28109K, capacity 28634K, committed 28796K, reserved 1075200K
  class space    used 3220K, capacity 3394K, committed 3452K, reserved 1048576K
2017-05-01T16:29:32.021+0200: 56,923: [GC (Allocation Failure) 2017-05-01T16:29:32.021+0200: 56,923: [ParNew
Desired survivor size 20112992 bytes, new threshold 8 (max 8)
- age   1:   10869208 bytes,   10869208 total
- age   2:     463632 bytes,   11332840 total
- age   3:     225648 bytes,   11558488 total
- age   4:    1751104 bytes,   13309592 total
- age   5:      55936 bytes,   13365528 total
- age   7:     104576 bytes,   13470104 total
- age   8:     202584 bytes,   13672688 total
: 96815K->15130K(109248K), 0,0223470 secs] 102724K->22008K(502464K), 0,0224512 secs] [Times: user=0,05 sys=0,00, real=0,03 secs] 
Heap after GC invocations=10 (full 1):
 par new generation   total 109248K, used 15130K [0x00000000e0000000, 0x00000000e8000000, 0x00000000e8000000)
  eden space 87424K,   0% used [0x00000000e0000000, 0x00000000e0000000, 0x00000000e5560000)
  from space 21824K,  69% used [0x00000000e5560000, 0x00000000e6426920, 0x00000000e6ab0000)
  to   space 21824K,   0% used [0x00000000e6ab0000, 0x00000000e6ab0000, 0x00000000e8000000)
 concurrent mark-sweep generation total 393216K, used 6878K [0x00000000e8000000, 0x0000000100000000, 0x0000000100000000)
 Metaspace       used 28109K, capacity 28634K, committed 28796K, reserved 1075200K
  class space    used 3220K, capacity 3394K, committed 3452K, reserved 1048576K
}
2017-05-01T16:29:32.043+0200: 56,945: Total time for which application threads were stopped: 0,0226799 seconds, Stopping threads took: 0,0000350 seconds
2017-05-01T16:29:32.045+0200: 56,947: Total time for which application threads were stopped: 0,0001926 seconds, Stopping threads took: 0,0001327 seconds
2017-05-01T16:29:32.045+0200: 56,947: Total time for which application threads were stopped: 0,0001998 seconds, Stopping threads took: 0,0001046 seconds
2017-05-01T16:29:32.091+0200: 56,993: Total time for which application threads were stopped: 0,0013673 seconds, Stopping threads took: 0,0001289 seconds
2017-05-01T16:29:32.108+0200: 57,010: Total time for which application threads were stopped: 0,0002038 seconds, Stopping threads took: 0,0001323 seconds
2017-05-01T16:29:32.108+0200: 57,010: Total time for which application threads were stopped: 0,0000451 seconds, Stopping threads took: 0,0000143 seconds
2017-05-01T16:29:32.108+0200: 57,010: Total time for which application threads were stopped: 0,0000932 seconds, Stopping threads took: 0,0000661 seconds
2017-05-01T16:29:32.109+0200: 57,011: Total time for which application threads were stopped: 0,0000430 seconds, Stopping threads took: 0,0000215 seconds
2017-05-01T16:29:32.109+0200: 57,011: Total time for which application threads were stopped: 0,0000313 seconds, Stopping threads took: 0,0000131 seconds
2017-05-01T16:29:32.109+0200: 57,011: Total time for which application threads were stopped: 0,0000252 seconds, Stopping threads took: 0,0000071 seconds
2017-05-01T16:29:32.109+0200: 57,011: Total time for which application threads were stopped: 0,0000240 seconds, Stopping threads took: 0,0000067 seconds
2017-05-01T16:29:32.109+0200: 57,011: Total time for which application threads were stopped: 0,0000250 seconds, Stopping threads took: 0,0000079 seconds
2017-05-01T16:29:32.109+0200: 57,011: Total time for which application threads were stopped: 0,0000273 seconds, Stopping threads took: 0,0000094 seconds
2017-05-01T16:29:32.109+0200: 57,011: Total time for which application threads were stopped: 0,0000272 seconds, Stopping threads took: 0,0000071 seconds
2017-05-01T16:29:32.170+0200: 57,072: Total time for which application threads were stopped: 0,0001086 seconds, Stopping threads took: 0,0000175 seconds
2017-05-01T16:29:32.189+0200: 57,091: Total time for which application threads were stopped: 0,0000952 seconds, Stopping threads took: 0,0000197 seconds
2017-05-01T16:29:32.215+0200: 57,117: Total time for which application threads were stopped: 0,0001083 seconds, Stopping threads took: 0,0000459 seconds
2017-05-01T16:29:32.219+0200: 57,121: Total time for which application threads were stopped: 0,0000886 seconds, Stopping threads took: 0,0000215 seconds
2017-05-01T16:29:32.219+0200: 57,121: Total time for which application threads were stopped: 0,0000587 seconds, Stopping threads took: 0,0000090 seconds
2017-05-01T16:29:32.236+0200: 57,138: Total time for which application threads were stopped: 0,0001094 seconds, Stopping threads took: 0,0000269 seconds
2017-05-01T16:29:32.237+0200: 57,139: Total time for which application threads were stopped: 0,0001321 seconds, Stopping threads took: 0,0000183 seconds
2017-05-01T16:29:32.266+0200: 57,168: Total time for which application threads were stopped: 0,0000739 seconds, Stopping threads took: 0,0000187 seconds
2017-05-01T16:29:32.266+0200: 57,168: Total time for which application threads were stopped: 0,0000650 seconds, Stopping threads took: 0,0000109 seconds
2017-05-01T16:29:32.266+0200: 57,168: Total time for which application threads were stopped: 0,0000355 seconds, Stopping threads took: 0,0000081 seconds
2017-05-01T16:29:32.272+0200: 57,174: Total time for which application threads were stopped: 0,0001017 seconds, Stopping threads took: 0,0000318 seconds
2017-05-01T16:29:32.272+0200: 57,174: Total time for which application threads were stopped: 0,0000586 seconds, Stopping threads took: 0,0000185 seconds
2017-05-01T16:29:32.272+0200: 57,174: Total time for which application threads were stopped: 0,0000508 seconds, Stopping threads took: 0,0000147 seconds
2017-05-01T16:29:32.272+0200: 57,174: Total time for which application threads were stopped: 0,0000479 seconds, Stopping threads took: 0,0000166 seconds
2017-05-01T16:29:32.382+0200: 57,284: Total time for which application threads were stopped: 0,0001085 seconds, Stopping threads took: 0,0000252 seconds
2017-05-01T16:29:32.383+0200: 57,285: Total time for which application threads were stopped: 0,0000619 seconds, Stopping threads took: 0,0000129 seconds
2017-05-01T16:29:32.421+0200: 57,323: Total time for which application threads were stopped: 0,0001226 seconds, Stopping threads took: 0,0000181 seconds
2017-05-01T16:29:32.422+0200: 57,324: Total time for which application threads were stopped: 0,0000976 seconds, Stopping threads took: 0,0000207 seconds
2017-05-01T16:29:32.489+0200: 57,391: Total time for which application threads were stopped: 0,0001135 seconds, Stopping threads took: 0,0000358 seconds
2017-05-01T16:29:32.489+0200: 57,391: Total time for which application threads were stopped: 0,0000872 seconds, Stopping threads took: 0,0000429 seconds
2017-05-01T16:29:32.495+0200: 57,397: Total time for which application threads were stopped: 0,0000762 seconds, Stopping threads took: 0,0000181 seconds
2017-05-01T16:29:32.495+0200: 57,397: Total time for which application threads were stopped: 0,0000285 seconds, Stopping threads took: 0,0000073 seconds
2017-05-01T16:29:32.518+0200: 57,420: Total time for which application threads were stopped: 0,0000805 seconds, Stopping threads took: 0,0000200 seconds
2017-05-01T16:29:32.522+0200: 57,424: Total time for which application threads were stopped: 0,0001416 seconds, Stopping threads took: 0,0000369 seconds
2017-05-01T16:29:32.523+0200: 57,425: Total time for which application threads were stopped: 0,0001275 seconds, Stopping threads took: 0,0000316 seconds
2017-05-01T16:29:32.750+0200: 57,652: Total time for which application threads were stopped: 0,0001268 seconds, Stopping threads took: 0,0000421 seconds
2017-05-01T16:29:32.784+0200: 57,687: Total time for which application threads were stopped: 0,0007036 seconds, Stopping threads took: 0,0000365 seconds
2017-05-01T16:29:32.931+0200: 57,833: Total time for which application threads were stopped: 0,0006265 seconds, Stopping threads took: 0,0000939 seconds
2017-05-01T16:29:32.932+0200: 57,834: Total time for which application threads were stopped: 0,0005162 seconds, Stopping threads took: 0,0000167 seconds
2017-05-01T16:29:32.935+0200: 57,837: Total time for which application threads were stopped: 0,0000991 seconds, Stopping threads took: 0,0000200 seconds
2017-05-01T16:29:32.935+0200: 57,837: Total time for which application threads were stopped: 0,0000599 seconds, Stopping threads took: 0,0000088 seconds
2017-05-01T16:29:32.941+0200: 57,843: Total time for which application threads were stopped: 0,0001702 seconds, Stopping threads took: 0,0000606 seconds
2017-05-01T16:29:32.942+0200: 57,844: Total time for which application threads were stopped: 0,0001132 seconds, Stopping threads took: 0,0000306 seconds
2017-05-01T16:29:32.968+0200: 57,870: Total time for which application threads were stopped: 0,0001310 seconds, Stopping threads took: 0,0000260 seconds
2017-05-01T16:29:32.968+0200: 57,870: Total time for which application threads were stopped: 0,0001310 seconds, Stopping threads took: 0,0000788 seconds
2017-05-01T16:29:32.968+0200: 57,870: Total time for which application threads were stopped: 0,0000657 seconds, Stopping threads took: 0,0000243 seconds
2017-05-01T16:29:32.968+0200: 57,870: Total time for which application threads were stopped: 0,0000626 seconds, Stopping threads took: 0,0000205 seconds
2017-05-01T16:29:32.969+0200: 57,871: Total time for which application threads were stopped: 0,0000490 seconds, Stopping threads took: 0,0000122 seconds
2017-05-01T16:29:32.969+0200: 57,871: Total time for which application threads were stopped: 0,0001071 seconds, Stopping threads took: 0,0000267 seconds
2017-05-01T16:29:32.970+0200: 57,872: Total time for which application threads were stopped: 0,0000739 seconds, Stopping threads took: 0,0000222 seconds
2017-05-01T16:29:32.970+0200: 57,872: Total time for which application threads were stopped: 0,0000779 seconds, Stopping threads took: 0,0000293 seconds
2017-05-01T16:29:32.970+0200: 57,872: Total time for which application threads were stopped: 0,0000476 seconds, Stopping threads took: 0,0000072 seconds
2017-05-01T16:29:32.970+0200: 57,872: Total time for which application threads were stopped: 0,0000472 seconds, Stopping threads took: 0,0000075 seconds
2017-05-01T16:29:32.970+0200: 57,872: Total time for which application threads were stopped: 0,0000424 seconds, Stopping threads took: 0,0000065 seconds
2017-05-01T16:29:32.970+0200: 57,872: Total time for which application threads were stopped: 0,0000766 seconds, Stopping threads took: 0,0000070 seconds
2017-05-01T16:29:32.970+0200: 57,872: Total time for which application threads were stopped: 0,0000398 seconds, Stopping threads took: 0,0000061 seconds
2017-05-01T16:29:32.971+0200: 57,873: Total time for which application threads were stopped: 0,0000883 seconds, Stopping threads took: 0,0000222 seconds
2017-05-01T16:29:32.972+0200: 57,874: Total time for which application threads were stopped: 0,0000870 seconds, Stopping threads took: 0,0000457 seconds
2017-05-01T16:29:32.974+0200: 57,876: Total time for which application threads were stopped: 0,0001219 seconds, Stopping threads took: 0,0000240 seconds
2017-05-01T16:29:32.974+0200: 57,876: Total time for which application threads were stopped: 0,0001115 seconds, Stopping threads took: 0,0000492 seconds
2017-05-01T16:29:32.975+0200: 57,877: Total time for which application threads were stopped: 0,0001316 seconds, Stopping threads took: 0,0000340 seconds
2017-05-01T16:29:32.976+0200: 57,878: Total time for which application threads were stopped: 0,0001049 seconds, Stopping threads took: 0,0000280 seconds
2017-05-01T16:29:32.976+0200: 57,878: Total time for which application threads were stopped: 0,0001099 seconds, Stopping threads took: 0,0000334 seconds
2017-05-01T16:29:32.976+0200: 57,878: Total time for which application threads were stopped: 0,0000982 seconds, Stopping threads took: 0,0000504 seconds
2017-05-01T16:29:33.976+0200: 58,878: Total time for which application threads were stopped: 0,0000698 seconds, Stopping threads took: 0,0000160 seconds
2017-05-01T16:29:37.977+0200: 62,879: Total time for which application threads were stopped: 0,0000650 seconds, Stopping threads took: 0,0000156 seconds
2017-05-01T16:30:32.976+0200: 117,878: Total time for which application threads were stopped: 0,0000855 seconds, Stopping threads took: 0,0000170 seconds
2017-05-01T16:30:43.978+0200: 128,880: Total time for which application threads were stopped: 0,0000793 seconds, Stopping threads took: 0,0000214 seconds
2017-05-01T16:32:02.987+0200: 207,889: Total time for which application threads were stopped: 0,0000795 seconds, Stopping threads took: 0,0000314 seconds
2017-05-01T16:37:58.028+0200: 562,930: Total time for which application threads were stopped: 0,0002158 seconds, Stopping threads took: 0,0001568 seconds
2017-05-01T16:44:42.079+0200: 966,981: Total time for which application threads were stopped: 0,0001248 seconds, Stopping threads took: 0,0000551 seconds
2017-05-01T16:44:43.080+0200: 967,982: Total time for which application threads were stopped: 0,0000998 seconds, Stopping threads took: 0,0000242 seconds
2017-05-01T16:56:13.176+0200: 1658,078: Total time for which application threads were stopped: 0,0001674 seconds, Stopping threads took: 0,0000584 seconds
2017-05-01T16:58:07.195+0200: 1772,097: Total time for which application threads were stopped: 0,0001671 seconds, Stopping threads took: 0,0000620 seconds
2017-05-01T17:14:32.339+0200: 2757,241: Total time for which application threads were stopped: 0,0001633 seconds, Stopping threads took: 0,0000620 seconds
2017-05-01T17:21:52.390+0200: 3197,292: Total time for which application threads were stopped: 0,0001327 seconds, Stopping threads took: 0,0000495 seconds
2017-05-01T17:31:53.458+0200: 3798,360: Total time for which application threads were stopped: 0,0001112 seconds, Stopping threads took: 0,0000556 seconds
2017-05-01T17:32:08.460+0200: 3813,362: Total time for which application threads were stopped: 0,0000797 seconds, Stopping threads took: 0,0000312 seconds
2017-05-01T17:44:47.560+0200: 4572,462: Total time for which application threads were stopped: 0,0001215 seconds, Stopping threads took: 0,0000527 seconds
2017-05-01T17:44:52.561+0200: 4577,463: Total time for which application threads were stopped: 0,0001197 seconds, Stopping threads took: 0,0000370 seconds
2017-05-01T18:19:06.766+0200: 6631,668: Total time for which application threads were stopped: 0,0001231 seconds, Stopping threads took: 0,0000564 seconds
2017-05-01T18:23:06.790+0200: 6871,692: Total time for which application threads were stopped: 0,0000863 seconds, Stopping threads took: 0,0000319 seconds
2017-05-01T18:23:36.794+0200: 6901,696: Total time for which application threads were stopped: 0,0001524 seconds, Stopping threads took: 0,0000542 seconds
2017-05-01T18:24:06.797+0200: 6931,699: Total time for which application threads were stopped: 0,0003720 seconds, Stopping threads took: 0,0000840 seconds
2017-05-01T18:27:06.817+0200: 7111,719: Total time for which application threads were stopped: 0,0000814 seconds, Stopping threads took: 0,0000334 seconds
2017-05-01T18:32:06.848+0200: 7411,750: Total time for which application threads were stopped: 0,0001534 seconds, Stopping threads took: 0,0000499 seconds
2017-05-01T18:32:36.851+0200: 7441,753: Total time for which application threads were stopped: 0,0000985 seconds, Stopping threads took: 0,0000343 seconds
2017-05-01T18:37:06.880+0200: 7711,782: Total time for which application threads were stopped: 0,0001648 seconds, Stopping threads took: 0,0000613 seconds
2017-05-01T19:38:07.367+0200: 11372,269: Total time for which application threads were stopped: 0,0001797 seconds, Stopping threads took: 0,0000714 seconds
2017-05-01T23:28:38.993+0200: 25203,895: Total time for which application threads were stopped: 0,0001124 seconds, Stopping threads took: 0,0000323 seconds
2017-05-01T23:28:39.018+0200: 25203,920: Total time for which application threads were stopped: 0,0195061 seconds, Stopping threads took: 0,0194179 seconds
2017-05-01T23:28:39.018+0200: 25203,920: Total time for which application threads were stopped: 0,0000823 seconds, Stopping threads took: 0,0000166 seconds
2017-05-01T23:28:39.029+0200: 25203,931: Total time for which application threads were stopped: 0,0001058 seconds, Stopping threads took: 0,0000275 seconds
2017-05-01T23:28:39.029+0200: 25203,931: Total time for which application threads were stopped: 0,0000539 seconds, Stopping threads took: 0,0000133 seconds
2017-05-01T23:28:39.056+0200: 25203,958: Total time for which application threads were stopped: 0,0110159 seconds, Stopping threads took: 0,0109374 seconds
2017-05-01T23:28:39.059+0200: 25203,961: Total time for which application threads were stopped: 0,0023010 seconds, Stopping threads took: 0,0022134 seconds
2017-05-01T23:28:39.059+0200: 25203,961: Total time for which application threads were stopped: 0,0000561 seconds, Stopping threads took: 0,0000081 seconds
2017-05-01T23:28:39.062+0200: 25203,964: Total time for which application threads were stopped: 0,0000942 seconds, Stopping threads took: 0,0000280 seconds
2017-05-01T23:28:39.062+0200: 25203,964: Total time for which application threads were stopped: 0,0000866 seconds, Stopping threads took: 0,0000204 seconds
2017-05-01T23:28:39.063+0200: 25203,965: Total time for which application threads were stopped: 0,0000569 seconds, Stopping threads took: 0,0000164 seconds
2017-05-01T23:28:39.063+0200: 25203,965: Total time for which application threads were stopped: 0,0000631 seconds, Stopping threads took: 0,0000199 seconds
2017-05-01T23:28:39.064+0200: 25203,966: Total time for which application threads were stopped: 0,0000708 seconds, Stopping threads took: 0,0000110 seconds
2017-05-01T23:28:39.064+0200: 25203,966: Total time for which application threads were stopped: 0,0000735 seconds, Stopping threads took: 0,0000211 seconds
2017-05-01T23:28:39.064+0200: 25203,966: Total time for which application threads were stopped: 0,0000483 seconds, Stopping threads took: 0,0000138 seconds
2017-05-01T23:28:39.064+0200: 25203,966: Total time for which application threads were stopped: 0,0000370 seconds, Stopping threads took: 0,0000056 seconds
2017-05-01T23:28:39.064+0200: 25203,966: Total time for which application threads were stopped: 0,0000499 seconds, Stopping threads took: 0,0000179 seconds
2017-05-01T23:28:39.066+0200: 25203,968: Total time for which application threads were stopped: 0,0000923 seconds, Stopping threads took: 0,0000245 seconds
2017-05-01T23:28:39.066+0200: 25203,968: Total time for which application threads were stopped: 0,0000510 seconds, Stopping threads took: 0,0000094 seconds
2017-05-01T23:28:39.068+0200: 25203,970: Total time for which application threads were stopped: 0,0007017 seconds, Stopping threads took: 0,0006137 seconds
2017-05-01T23:28:39.068+0200: 25203,970: Total time for which application threads were stopped: 0,0000569 seconds, Stopping threads took: 0,0000093 seconds
2017-05-01T23:28:39.069+0200: 25203,971: Total time for which application threads were stopped: 0,0001193 seconds, Stopping threads took: 0,0000258 seconds
2017-05-01T23:28:39.069+0200: 25203,971: Total time for which application threads were stopped: 0,0000586 seconds, Stopping threads took: 0,0000114 seconds
2017-05-01T23:28:39.069+0200: 25203,971: Total time for which application threads were stopped: 0,0000347 seconds, Stopping threads took: 0,0000053 seconds
2017-05-01T23:28:39.073+0200: 25203,975: Total time for which application threads were stopped: 0,0000877 seconds, Stopping threads took: 0,0000240 seconds
2017-05-01T23:28:39.073+0200: 25203,975: Total time for which application threads were stopped: 0,0001403 seconds, Stopping threads took: 0,0000055 seconds
2017-05-01T23:28:39.082+0200: 25203,984: Total time for which application threads were stopped: 0,0001262 seconds, Stopping threads took: 0,0000181 seconds
Heap
 par new generation   total 109248K, used 43445K [0x00000000e0000000, 0x00000000e8000000, 0x00000000e8000000)
  eden space 87424K,  32% used [0x00000000e0000000, 0x00000000e1ba6d80, 0x00000000e5560000)
  from space 21824K,  69% used [0x00000000e5560000, 0x00000000e6426920, 0x00000000e6ab0000)
  to   space 21824K,   0% used [0x00000000e6ab0000, 0x00000000e6ab0000, 0x00000000e8000000)
 concurrent mark-sweep generation total 393216K, used 6878K [0x00000000e8000000, 0x0000000100000000, 0x0000000100000000)
 Metaspace       used 30007K, capacity 30672K, committed 30844K, reserved 1077248K
  class space    used 3432K, capacity 3639K, committed 3708K, reserved 1048576K
