OpenJDK 64-Bit Server VM (25.121-b13) for linux-amd64 JRE (1.8.0_121-8u121-b13-0ubuntu1.16.04.2-b13), built on Jan 23 2017 15:51:29 by "buildd" with gcc 5.4.0 20160609
Memory: 4k page, physical 7867764k(7420080k free), swap 8076284k(8076284k free)
CommandLine flags: -XX:CMSInitiatingOccupancyFraction=50 -XX:CMSMaxAbortablePrecleanTime=6000 -XX:+CMSParallelRemarkEnabled -XX:+CMSScavengeBeforeRemark -XX:ConcGCThreads=4 -XX:InitialHeapSize=536870912 -XX:MaxHeapSize=536870912 -XX:MaxTenuringThreshold=8 -XX:NewRatio=3 -XX:OldPLABSize=16 -XX:OnOutOfMemoryError=/opt/solr/bin/oom_solr.sh 8983 /var/solr/logs -XX:ParallelGCThreads=4 -XX:+ParallelRefProcEnabled -XX:PretenureSizeThreshold=67108864 -XX:+PrintGC -XX:+PrintGCApplicationStoppedTime -XX:+PrintGCDateStamps -XX:+PrintGCDetails -XX:+PrintGCTimeStamps -XX:+PrintHeapAtGC -XX:+PrintTenuringDistribution -XX:SurvivorRatio=4 -XX:TargetSurvivorRatio=90 -XX:ThreadStackSize=256 -XX:+UseCMSInitiatingOccupancyOnly -XX:+UseCompressedClassPointers -XX:+UseCompressedOops -XX:+UseConcMarkSweepGC -XX:+UseParNewGC 
2017-04-19T22:21:44.912+0200: 0,180: Total time for which application threads were stopped: 0,0001072 seconds, Stopping threads took: 0,0000232 seconds
2017-04-19T22:21:45.053+0200: 0,321: Total time for which application threads were stopped: 0,0001021 seconds, Stopping threads took: 0,0000125 seconds
2017-04-19T22:21:45.134+0200: 0,403: Total time for which application threads were stopped: 0,0001804 seconds, Stopping threads took: 0,0000948 seconds
2017-04-19T22:21:45.543+0200: 0,811: Total time for which application threads were stopped: 0,0001428 seconds, Stopping threads took: 0,0000217 seconds
2017-04-19T22:21:45.888+0200: 1,156: Total time for which application threads were stopped: 0,0001255 seconds, Stopping threads took: 0,0000107 seconds
2017-04-19T22:21:45.947+0200: 1,215: Total time for which application threads were stopped: 0,0001608 seconds, Stopping threads took: 0,0000245 seconds
2017-04-19T22:21:45.962+0200: 1,230: Total time for which application threads were stopped: 0,0002983 seconds, Stopping threads took: 0,0000295 seconds
2017-04-19T22:21:46.241+0200: 1,509: Total time for which application threads were stopped: 0,0001806 seconds, Stopping threads took: 0,0000164 seconds
2017-04-19T22:21:46.496+0200: 1,764: Total time for which application threads were stopped: 0,0001870 seconds, Stopping threads took: 0,0000117 seconds
2017-04-19T22:21:46.515+0200: 1,783: Total time for which application threads were stopped: 0,0001993 seconds, Stopping threads took: 0,0000169 seconds
2017-04-19T22:21:46.542+0200: 1,810: Total time for which application threads were stopped: 0,0002398 seconds, Stopping threads took: 0,0000297 seconds
2017-04-19T22:21:46.544+0200: 1,812: Total time for which application threads were stopped: 0,0002500 seconds, Stopping threads took: 0,0000305 seconds
2017-04-19T22:21:46.557+0200: 1,825: Total time for which application threads were stopped: 0,0001734 seconds, Stopping threads took: 0,0000225 seconds
2017-04-19T22:21:46.623+0200: 1,891: Total time for which application threads were stopped: 0,0002278 seconds, Stopping threads took: 0,0000222 seconds
2017-04-19T22:21:46.781+0200: 2,050: Total time for which application threads were stopped: 0,0003783 seconds, Stopping threads took: 0,0001614 seconds
{Heap before GC invocations=0 (full 0):
 par new generation   total 109248K, used 87424K [0x00000000e0000000, 0x00000000e8000000, 0x00000000e8000000)
  eden space 87424K, 100% used [0x00000000e0000000, 0x00000000e5560000, 0x00000000e5560000)
  from space 21824K,   0% used [0x00000000e5560000, 0x00000000e5560000, 0x00000000e6ab0000)
  to   space 21824K,   0% used [0x00000000e6ab0000, 0x00000000e6ab0000, 0x00000000e8000000)
 concurrent mark-sweep generation total 393216K, used 0K [0x00000000e8000000, 0x0000000100000000, 0x0000000100000000)
 Metaspace       used 17810K, capacity 18112K, committed 18304K, reserved 1064960K
  class space    used 2025K, capacity 2164K, committed 2176K, reserved 1048576K
2017-04-19T22:21:46.815+0200: 2,083: [GC (Allocation Failure) 2017-04-19T22:21:46.815+0200: 2,083: [ParNew
Desired survivor size 20112992 bytes, new threshold 8 (max 8)
- age   1:   11527296 bytes,   11527296 total
: 87424K->11361K(109248K), 0,0166676 secs] 87424K->11361K(502464K), 0,0167622 secs] [Times: user=0,05 sys=0,01, real=0,01 secs] 
Heap after GC invocations=1 (full 0):
 par new generation   total 109248K, used 11361K [0x00000000e0000000, 0x00000000e8000000, 0x00000000e8000000)
  eden space 87424K,   0% used [0x00000000e0000000, 0x00000000e0000000, 0x00000000e5560000)
  from space 21824K,  52% used [0x00000000e6ab0000, 0x00000000e75c85e8, 0x00000000e8000000)
  to   space 21824K,   0% used [0x00000000e5560000, 0x00000000e5560000, 0x00000000e6ab0000)
 concurrent mark-sweep generation total 393216K, used 0K [0x00000000e8000000, 0x0000000100000000, 0x0000000100000000)
 Metaspace       used 17810K, capacity 18112K, committed 18304K, reserved 1064960K
  class space    used 2025K, capacity 2164K, committed 2176K, reserved 1048576K
}
2017-04-19T22:21:46.831+0200: 2,100: Total time for which application threads were stopped: 0,0169622 seconds, Stopping threads took: 0,0000237 seconds
2017-04-19T22:21:47.194+0200: 2,462: Total time for which application threads were stopped: 0,0004864 seconds, Stopping threads took: 0,0000885 seconds
{Heap before GC invocations=1 (full 0):
 par new generation   total 109248K, used 98785K [0x00000000e0000000, 0x00000000e8000000, 0x00000000e8000000)
  eden space 87424K, 100% used [0x00000000e0000000, 0x00000000e5560000, 0x00000000e5560000)
  from space 21824K,  52% used [0x00000000e6ab0000, 0x00000000e75c85e8, 0x00000000e8000000)
  to   space 21824K,   0% used [0x00000000e5560000, 0x00000000e5560000, 0x00000000e6ab0000)
 concurrent mark-sweep generation total 393216K, used 0K [0x00000000e8000000, 0x0000000100000000, 0x0000000100000000)
 Metaspace       used 20049K, capacity 20350K, committed 20736K, reserved 1067008K
  class space    used 2293K, capacity 2465K, committed 2560K, reserved 1048576K
2017-04-19T22:21:47.238+0200: 2,506: [GC (Allocation Failure) 2017-04-19T22:21:47.238+0200: 2,506: [ParNew
Desired survivor size 20112992 bytes, new threshold 8 (max 8)
- age   1:    4314552 bytes,    4314552 total
- age   2:    6096080 bytes,   10410632 total
: 98785K->14543K(109248K), 0,0131987 secs] 98785K->14543K(502464K), 0,0132843 secs] [Times: user=0,05 sys=0,00, real=0,01 secs] 
Heap after GC invocations=2 (full 0):
 par new generation   total 109248K, used 14543K [0x00000000e0000000, 0x00000000e8000000, 0x00000000e8000000)
  eden space 87424K,   0% used [0x00000000e0000000, 0x00000000e0000000, 0x00000000e5560000)
  from space 21824K,  66% used [0x00000000e5560000, 0x00000000e6393c80, 0x00000000e6ab0000)
  to   space 21824K,   0% used [0x00000000e6ab0000, 0x00000000e6ab0000, 0x00000000e8000000)
 concurrent mark-sweep generation total 393216K, used 0K [0x00000000e8000000, 0x0000000100000000, 0x0000000100000000)
 Metaspace       used 20049K, capacity 20350K, committed 20736K, reserved 1067008K
  class space    used 2293K, capacity 2465K, committed 2560K, reserved 1048576K
}
2017-04-19T22:21:47.251+0200: 2,519: Total time for which application threads were stopped: 0,0140537 seconds, Stopping threads took: 0,0005903 seconds
2017-04-19T22:21:47.254+0200: 2,522: Total time for which application threads were stopped: 0,0002957 seconds, Stopping threads took: 0,0000442 seconds
2017-04-19T22:21:47.285+0200: 2,553: Total time for which application threads were stopped: 0,0003766 seconds, Stopping threads took: 0,0000832 seconds
2017-04-19T22:21:47.424+0200: 2,693: Total time for which application threads were stopped: 0,0002203 seconds, Stopping threads took: 0,0000722 seconds
{Heap before GC invocations=2 (full 0):
 par new generation   total 109248K, used 101967K [0x00000000e0000000, 0x00000000e8000000, 0x00000000e8000000)
  eden space 87424K, 100% used [0x00000000e0000000, 0x00000000e5560000, 0x00000000e5560000)
  from space 21824K,  66% used [0x00000000e5560000, 0x00000000e6393c80, 0x00000000e6ab0000)
  to   space 21824K,   0% used [0x00000000e6ab0000, 0x00000000e6ab0000, 0x00000000e8000000)
 concurrent mark-sweep generation total 393216K, used 0K [0x00000000e8000000, 0x0000000100000000, 0x0000000100000000)
 Metaspace       used 20963K, capacity 21272K, committed 21628K, reserved 1069056K
  class space    used 2417K, capacity 2584K, committed 2684K, reserved 1048576K
2017-04-19T22:21:47.462+0200: 2,730: [GC (Allocation Failure) 2017-04-19T22:21:47.462+0200: 2,730: [ParNew
Desired survivor size 20112992 bytes, new threshold 8 (max 8)
- age   1:    2131200 bytes,    2131200 total
- age   2:    1396632 bytes,    3527832 total
- age   3:    6094416 bytes,    9622248 total
: 101967K->12668K(109248K), 0,0104224 secs] 101967K->12668K(502464K), 0,0105031 secs] [Times: user=0,03 sys=0,00, real=0,01 secs] 
Heap after GC invocations=3 (full 0):
 par new generation   total 109248K, used 12668K [0x00000000e0000000, 0x00000000e8000000, 0x00000000e8000000)
  eden space 87424K,   0% used [0x00000000e0000000, 0x00000000e0000000, 0x00000000e5560000)
  from space 21824K,  58% used [0x00000000e6ab0000, 0x00000000e770f160, 0x00000000e8000000)
  to   space 21824K,   0% used [0x00000000e5560000, 0x00000000e5560000, 0x00000000e6ab0000)
 concurrent mark-sweep generation total 393216K, used 0K [0x00000000e8000000, 0x0000000100000000, 0x0000000100000000)
 Metaspace       used 20963K, capacity 21272K, committed 21628K, reserved 1069056K
  class space    used 2417K, capacity 2584K, committed 2684K, reserved 1048576K
}
2017-04-19T22:21:47.472+0200: 2,740: Total time for which application threads were stopped: 0,0107194 seconds, Stopping threads took: 0,0000766 seconds
2017-04-19T22:21:47.474+0200: 2,742: [GC (CMS Initial Mark) [1 CMS-initial-mark: 0K(393216K)] 13378K(502464K), 0,0034568 secs] [Times: user=0,01 sys=0,00, real=0,00 secs] 
2017-04-19T22:21:47.477+0200: 2,745: Total time for which application threads were stopped: 0,0047818 seconds, Stopping threads took: 0,0012366 seconds
2017-04-19T22:21:47.477+0200: 2,745: [CMS-concurrent-mark-start]
2017-04-19T22:21:47.478+0200: 2,746: [CMS-concurrent-mark: 0,000/0,000 secs] [Times: user=0,01 sys=0,00, real=0,00 secs] 
2017-04-19T22:21:47.478+0200: 2,746: [CMS-concurrent-preclean-start]
2017-04-19T22:21:47.479+0200: 2,747: [CMS-concurrent-preclean: 0,001/0,001 secs] [Times: user=0,00 sys=0,00, real=0,00 secs] 
2017-04-19T22:21:47.479+0200: 2,747: [GC (CMS Final Remark) [YG occupancy: 14089 K (109248 K)]{Heap before GC invocations=3 (full 1):
 par new generation   total 109248K, used 14089K [0x00000000e0000000, 0x00000000e8000000, 0x00000000e8000000)
  eden space 87424K,   1% used [0x00000000e0000000, 0x00000000e01634d0, 0x00000000e5560000)
  from space 21824K,  58% used [0x00000000e6ab0000, 0x00000000e770f160, 0x00000000e8000000)
  to   space 21824K,   0% used [0x00000000e5560000, 0x00000000e5560000, 0x00000000e6ab0000)
 concurrent mark-sweep generation total 393216K, used 0K [0x00000000e8000000, 0x0000000100000000, 0x0000000100000000)
 Metaspace       used 20965K, capacity 21272K, committed 21628K, reserved 1069056K
  class space    used 2417K, capacity 2584K, committed 2684K, reserved 1048576K
2017-04-19T22:21:47.479+0200: 2,747: [GC (CMS Final Remark) 2017-04-19T22:21:47.479+0200: 2,747: [ParNew
Desired survivor size 20112992 bytes, new threshold 8 (max 8)
- age   1:     150792 bytes,     150792 total
- age   2:    2129872 bytes,    2280664 total
- age   3:    1396632 bytes,    3677296 total
- age   4:    6094352 bytes,    9771648 total
: 14089K->11095K(109248K), 0,0087154 secs] 14089K->11095K(502464K), 0,0087558 secs] [Times: user=0,03 sys=0,00, real=0,01 secs] 
Heap after GC invocations=4 (full 1):
 par new generation   total 109248K, used 11095K [0x00000000e0000000, 0x00000000e8000000, 0x00000000e8000000)
  eden space 87424K,   0% used [0x00000000e0000000, 0x00000000e0000000, 0x00000000e5560000)
  from space 21824K,  50% used [0x00000000e5560000, 0x00000000e6035e18, 0x00000000e6ab0000)
  to   space 21824K,   0% used [0x00000000e6ab0000, 0x00000000e6ab0000, 0x00000000e8000000)
 concurrent mark-sweep generation total 393216K, used 0K [0x00000000e8000000, 0x0000000100000000, 0x0000000100000000)
 Metaspace       used 20965K, capacity 21272K, committed 21628K, reserved 1069056K
  class space    used 2417K, capacity 2584K, committed 2684K, reserved 1048576K
}
2017-04-19T22:21:47.488+0200: 2,756: [Rescan (parallel) , 0,0031308 secs]2017-04-19T22:21:47.491+0200: 2,759: [weak refs processing, 0,0012507 secs]2017-04-19T22:21:47.492+0200: 2,760: [class unloading, 0,0027321 secs]2017-04-19T22:21:47.495+0200: 2,763: [scrub symbol table, 0,0024449 secs]2017-04-19T22:21:47.497+0200: 2,766: [scrub string table, 0,0003771 secs][1 CMS-remark: 0K(393216K)] 11095K(502464K), 0,0193054 secs] [Times: user=0,05 sys=0,00, real=0,02 secs] 
2017-04-19T22:21:47.498+0200: 2,766: Total time for which application threads were stopped: 0,0194205 seconds, Stopping threads took: 0,0000423 seconds
2017-04-19T22:21:47.498+0200: 2,766: [CMS-concurrent-sweep-start]
2017-04-19T22:21:47.498+0200: 2,767: [CMS-concurrent-sweep: 0,000/0,000 secs] [Times: user=0,00 sys=0,00, real=0,00 secs] 
2017-04-19T22:21:47.498+0200: 2,767: [CMS-concurrent-reset-start]
2017-04-19T22:21:47.500+0200: 2,768: [CMS-concurrent-reset: 0,002/0,002 secs] [Times: user=0,01 sys=0,00, real=0,00 secs] 
{Heap before GC invocations=4 (full 1):
 par new generation   total 109248K, used 98519K [0x00000000e0000000, 0x00000000e8000000, 0x00000000e8000000)
  eden space 87424K, 100% used [0x00000000e0000000, 0x00000000e5560000, 0x00000000e5560000)
  from space 21824K,  50% used [0x00000000e5560000, 0x00000000e6035e18, 0x00000000e6ab0000)
  to   space 21824K,   0% used [0x00000000e6ab0000, 0x00000000e6ab0000, 0x00000000e8000000)
 concurrent mark-sweep generation total 393216K, used 0K [0x00000000e8000000, 0x0000000100000000, 0x0000000100000000)
 Metaspace       used 21196K, capacity 21548K, committed 21884K, reserved 1069056K
  class space    used 2444K, capacity 2599K, committed 2684K, reserved 1048576K
2017-04-19T22:21:47.606+0200: 2,875: [GC (Allocation Failure) 2017-04-19T22:21:47.606+0200: 2,875: [ParNew
Desired survivor size 20112992 bytes, new threshold 8 (max 8)
- age   1:    1048312 bytes,    1048312 total
- age   3:    1473384 bytes,    2521696 total
- age   4:    1371520 bytes,    3893216 total
- age   5:    6094472 bytes,    9987688 total
: 98519K->14682K(109248K), 0,0157395 secs] 98519K->14682K(502464K), 0,0158033 secs] [Times: user=0,05 sys=0,00, real=0,01 secs] 
Heap after GC invocations=5 (full 1):
 par new generation   total 109248K, used 14682K [0x00000000e0000000, 0x00000000e8000000, 0x00000000e8000000)
  eden space 87424K,   0% used [0x00000000e0000000, 0x00000000e0000000, 0x00000000e5560000)
  from space 21824K,  67% used [0x00000000e6ab0000, 0x00000000e79068e8, 0x00000000e8000000)
  to   space 21824K,   0% used [0x00000000e5560000, 0x00000000e5560000, 0x00000000e6ab0000)
 concurrent mark-sweep generation total 393216K, used 0K [0x00000000e8000000, 0x0000000100000000, 0x0000000100000000)
 Metaspace       used 21196K, capacity 21548K, committed 21884K, reserved 1069056K
  class space    used 2444K, capacity 2599K, committed 2684K, reserved 1048576K
}
2017-04-19T22:21:47.622+0200: 2,890: Total time for which application threads were stopped: 0,0160203 seconds, Stopping threads took: 0,0000582 seconds
{Heap before GC invocations=5 (full 1):
 par new generation   total 109248K, used 102106K [0x00000000e0000000, 0x00000000e8000000, 0x00000000e8000000)
  eden space 87424K, 100% used [0x00000000e0000000, 0x00000000e5560000, 0x00000000e5560000)
  from space 21824K,  67% used [0x00000000e6ab0000, 0x00000000e79068e8, 0x00000000e8000000)
  to   space 21824K,   0% used [0x00000000e5560000, 0x00000000e5560000, 0x00000000e6ab0000)
 concurrent mark-sweep generation total 393216K, used 0K [0x00000000e8000000, 0x0000000100000000, 0x0000000100000000)
 Metaspace       used 21369K, capacity 21790K, committed 21884K, reserved 1069056K
  class space    used 2464K, capacity 2634K, committed 2684K, reserved 1048576K
2017-04-19T22:21:47.720+0200: 2,989: [GC (Allocation Failure) 2017-04-19T22:21:47.720+0200: 2,989: [ParNew
Desired survivor size 20112992 bytes, new threshold 8 (max 8)
- age   1:     666976 bytes,     666976 total
- age   2:     183656 bytes,     850632 total
- age   4:    1472696 bytes,    2323328 total
- age   5:    1369504 bytes,    3692832 total
- age   6:    6094352 bytes,    9787184 total
: 102106K->11339K(109248K), 0,0098458 secs] 102106K->11339K(502464K), 0,0099385 secs] [Times: user=0,04 sys=0,00, real=0,01 secs] 
Heap after GC invocations=6 (full 1):
 par new generation   total 109248K, used 11339K [0x00000000e0000000, 0x00000000e8000000, 0x00000000e8000000)
  eden space 87424K,   0% used [0x00000000e0000000, 0x00000000e0000000, 0x00000000e5560000)
  from space 21824K,  51% used [0x00000000e5560000, 0x00000000e6072d30, 0x00000000e6ab0000)
  to   space 21824K,   0% used [0x00000000e6ab0000, 0x00000000e6ab0000, 0x00000000e8000000)
 concurrent mark-sweep generation total 393216K, used 0K [0x00000000e8000000, 0x0000000100000000, 0x0000000100000000)
 Metaspace       used 21369K, capacity 21790K, committed 21884K, reserved 1069056K
  class space    used 2464K, capacity 2634K, committed 2684K, reserved 1048576K
}
2017-04-19T22:21:47.730+0200: 2,999: Total time for which application threads were stopped: 0,0101916 seconds, Stopping threads took: 0,0000813 seconds
2017-04-19T22:21:47.766+0200: 3,034: Total time for which application threads were stopped: 0,0003622 seconds, Stopping threads took: 0,0000226 seconds
2017-04-19T22:21:47.988+0200: 3,257: Total time for which application threads were stopped: 0,0004770 seconds, Stopping threads took: 0,0000297 seconds
2017-04-19T22:21:48.001+0200: 3,269: Total time for which application threads were stopped: 0,0004052 seconds, Stopping threads took: 0,0000287 seconds
{Heap before GC invocations=6 (full 1):
 par new generation   total 109248K, used 98763K [0x00000000e0000000, 0x00000000e8000000, 0x00000000e8000000)
  eden space 87424K, 100% used [0x00000000e0000000, 0x00000000e5560000, 0x00000000e5560000)
  from space 21824K,  51% used [0x00000000e5560000, 0x00000000e6072d30, 0x00000000e6ab0000)
  to   space 21824K,   0% used [0x00000000e6ab0000, 0x00000000e6ab0000, 0x00000000e8000000)
 concurrent mark-sweep generation total 393216K, used 0K [0x00000000e8000000, 0x0000000100000000, 0x0000000100000000)
 Metaspace       used 23933K, capacity 24380K, committed 24572K, reserved 1071104K
  class space    used 2827K, capacity 3007K, committed 3068K, reserved 1048576K
2017-04-19T22:21:48.184+0200: 3,452: [GC (Allocation Failure) 2017-04-19T22:21:48.184+0200: 3,452: [ParNew
Desired survivor size 20112992 bytes, new threshold 8 (max 8)
- age   1:    5160904 bytes,    5160904 total
- age   2:     117720 bytes,    5278624 total
- age   3:     182240 bytes,    5460864 total
- age   5:     302960 bytes,    5763824 total
- age   6:    1345088 bytes,    7108912 total
- age   7:    6086456 bytes,   13195368 total
: 98763K->16604K(109248K), 0,0138817 secs] 98763K->16604K(502464K), 0,0139514 secs] [Times: user=0,04 sys=0,00, real=0,02 secs] 
Heap after GC invocations=7 (full 1):
 par new generation   total 109248K, used 16604K [0x00000000e0000000, 0x00000000e8000000, 0x00000000e8000000)
  eden space 87424K,   0% used [0x00000000e0000000, 0x00000000e0000000, 0x00000000e5560000)
  from space 21824K,  76% used [0x00000000e6ab0000, 0x00000000e7ae7280, 0x00000000e8000000)
  to   space 21824K,   0% used [0x00000000e5560000, 0x00000000e5560000, 0x00000000e6ab0000)
 concurrent mark-sweep generation total 393216K, used 0K [0x00000000e8000000, 0x0000000100000000, 0x0000000100000000)
 Metaspace       used 23933K, capacity 24380K, committed 24572K, reserved 1071104K
  class space    used 2827K, capacity 3007K, committed 3068K, reserved 1048576K
}
2017-04-19T22:21:48.198+0200: 3,466: Total time for which application threads were stopped: 0,0141869 seconds, Stopping threads took: 0,0000378 seconds
{Heap before GC invocations=7 (full 1):
 par new generation   total 109248K, used 104028K [0x00000000e0000000, 0x00000000e8000000, 0x00000000e8000000)
  eden space 87424K, 100% used [0x00000000e0000000, 0x00000000e5560000, 0x00000000e5560000)
  from space 21824K,  76% used [0x00000000e6ab0000, 0x00000000e7ae7280, 0x00000000e8000000)
  to   space 21824K,   0% used [0x00000000e5560000, 0x00000000e5560000, 0x00000000e6ab0000)
 concurrent mark-sweep generation total 393216K, used 0K [0x00000000e8000000, 0x0000000100000000, 0x0000000100000000)
 Metaspace       used 24297K, capacity 24732K, committed 24828K, reserved 1071104K
  class space    used 2852K, capacity 3039K, committed 3068K, reserved 1048576K
2017-04-19T22:21:48.269+0200: 3,537: [GC (Allocation Failure) 2017-04-19T22:21:48.269+0200: 3,537: [ParNew
Desired survivor size 20112992 bytes, new threshold 8 (max 8)
- age   1:    1640488 bytes,    1640488 total
- age   2:    1793136 bytes,    3433624 total
- age   3:      62496 bytes,    3496120 total
- age   4:      99320 bytes,    3595440 total
- age   6:     191232 bytes,    3786672 total
- age   7:     990104 bytes,    4776776 total
- age   8:    5881768 bytes,   10658544 total
: 104028K->13815K(109248K), 0,0139501 secs] 104028K->13815K(502464K), 0,0140313 secs] [Times: user=0,05 sys=0,00, real=0,01 secs] 
Heap after GC invocations=8 (full 1):
 par new generation   total 109248K, used 13815K [0x00000000e0000000, 0x00000000e8000000, 0x00000000e8000000)
  eden space 87424K,   0% used [0x00000000e0000000, 0x00000000e0000000, 0x00000000e5560000)
  from space 21824K,  63% used [0x00000000e5560000, 0x00000000e62dde40, 0x00000000e6ab0000)
  to   space 21824K,   0% used [0x00000000e6ab0000, 0x00000000e6ab0000, 0x00000000e8000000)
 concurrent mark-sweep generation total 393216K, used 0K [0x00000000e8000000, 0x0000000100000000, 0x0000000100000000)
 Metaspace       used 24297K, capacity 24732K, committed 24828K, reserved 1071104K
  class space    used 2852K, capacity 3039K, committed 3068K, reserved 1048576K
}
2017-04-19T22:21:48.283+0200: 3,551: Total time for which application threads were stopped: 0,0149213 seconds, Stopping threads took: 0,0007008 seconds
{Heap before GC invocations=8 (full 1):
 par new generation   total 109248K, used 101239K [0x00000000e0000000, 0x00000000e8000000, 0x00000000e8000000)
  eden space 87424K, 100% used [0x00000000e0000000, 0x00000000e5560000, 0x00000000e5560000)
  from space 21824K,  63% used [0x00000000e5560000, 0x00000000e62dde40, 0x00000000e6ab0000)
  to   space 21824K,   0% used [0x00000000e6ab0000, 0x00000000e6ab0000, 0x00000000e8000000)
 concurrent mark-sweep generation total 393216K, used 0K [0x00000000e8000000, 0x0000000100000000, 0x0000000100000000)
 Metaspace       used 24657K, capacity 25116K, committed 25468K, reserved 1071104K
  class space    used 2886K, capacity 3077K, committed 3196K, reserved 1048576K
2017-04-19T22:21:48.395+0200: 3,664: [GC (Allocation Failure) 2017-04-19T22:21:48.395+0200: 3,664: [ParNew
Desired survivor size 20112992 bytes, new threshold 8 (max 8)
- age   1:    1008456 bytes,    1008456 total
- age   2:     957392 bytes,    1965848 total
- age   3:    1770816 bytes,    3736664 total
- age   4:      62496 bytes,    3799160 total
- age   5:      99048 bytes,    3898208 total
- age   7:     188560 bytes,    4086768 total
- age   8:     989336 bytes,    5076104 total
: 101239K->8445K(109248K), 0,0507167 secs] 101239K->14271K(502464K), 0,0507838 secs] [Times: user=0,11 sys=0,00, real=0,05 secs] 
Heap after GC invocations=9 (full 1):
 par new generation   total 109248K, used 8445K [0x00000000e0000000, 0x00000000e8000000, 0x00000000e8000000)
  eden space 87424K,   0% used [0x00000000e0000000, 0x00000000e0000000, 0x00000000e5560000)
  from space 21824K,  38% used [0x00000000e6ab0000, 0x00000000e72ef4f0, 0x00000000e8000000)
  to   space 21824K,   0% used [0x00000000e5560000, 0x00000000e5560000, 0x00000000e6ab0000)
 concurrent mark-sweep generation total 393216K, used 5825K [0x00000000e8000000, 0x0000000100000000, 0x0000000100000000)
 Metaspace       used 24657K, capacity 25116K, committed 25468K, reserved 1071104K
  class space    used 2886K, capacity 3077K, committed 3196K, reserved 1048576K
}
2017-04-19T22:21:48.446+0200: 3,714: Total time for which application threads were stopped: 0,0510223 seconds, Stopping threads took: 0,0000576 seconds
2017-04-19T22:21:48.678+0200: 3,946: Total time for which application threads were stopped: 0,0004833 seconds, Stopping threads took: 0,0000398 seconds
2017-04-19T22:21:48.697+0200: 3,965: Total time for which application threads were stopped: 0,0003509 seconds, Stopping threads took: 0,0000139 seconds
2017-04-19T22:21:48.743+0200: 4,011: Total time for which application threads were stopped: 0,0004654 seconds, Stopping threads took: 0,0000249 seconds
2017-04-19T22:21:48.793+0200: 4,062: Total time for which application threads were stopped: 0,0004535 seconds, Stopping threads took: 0,0000586 seconds
2017-04-19T22:21:48.794+0200: 4,062: Total time for which application threads were stopped: 0,0001422 seconds, Stopping threads took: 0,0000578 seconds
2017-04-19T22:21:48.794+0200: 4,062: Total time for which application threads were stopped: 0,0001027 seconds, Stopping threads took: 0,0000329 seconds
2017-04-19T22:21:48.798+0200: 4,066: Total time for which application threads were stopped: 0,0030977 seconds, Stopping threads took: 0,0030328 seconds
2017-04-19T22:21:48.798+0200: 4,066: Total time for which application threads were stopped: 0,0001016 seconds, Stopping threads took: 0,0000283 seconds
2017-04-19T22:21:48.798+0200: 4,067: Total time for which application threads were stopped: 0,0000765 seconds, Stopping threads took: 0,0000228 seconds
2017-04-19T22:21:48.799+0200: 4,067: Total time for which application threads were stopped: 0,0000844 seconds, Stopping threads took: 0,0000231 seconds
2017-04-19T22:21:48.800+0200: 4,069: Total time for which application threads were stopped: 0,0013166 seconds, Stopping threads took: 0,0012457 seconds
2017-04-19T22:21:48.801+0200: 4,069: Total time for which application threads were stopped: 0,0000738 seconds, Stopping threads took: 0,0000168 seconds
2017-04-19T22:21:48.802+0200: 4,071: Total time for which application threads were stopped: 0,0000835 seconds, Stopping threads took: 0,0000252 seconds
2017-04-19T22:21:48.810+0200: 4,078: Total time for which application threads were stopped: 0,0030639 seconds, Stopping threads took: 0,0029706 seconds
2017-04-19T22:21:48.814+0200: 4,082: Total time for which application threads were stopped: 0,0001517 seconds, Stopping threads took: 0,0000823 seconds
2017-04-19T22:21:48.815+0200: 4,083: Total time for which application threads were stopped: 0,0002795 seconds, Stopping threads took: 0,0001960 seconds
2017-04-19T22:21:48.816+0200: 4,084: Total time for which application threads were stopped: 0,0001006 seconds, Stopping threads took: 0,0000316 seconds
2017-04-19T22:21:48.820+0200: 4,088: Total time for which application threads were stopped: 0,0023699 seconds, Stopping threads took: 0,0022748 seconds
2017-04-19T22:21:48.820+0200: 4,089: Total time for which application threads were stopped: 0,0001702 seconds, Stopping threads took: 0,0000882 seconds
2017-04-19T22:21:48.821+0200: 4,090: Total time for which application threads were stopped: 0,0001059 seconds, Stopping threads took: 0,0000434 seconds
2017-04-19T22:21:48.822+0200: 4,090: Total time for which application threads were stopped: 0,0000652 seconds, Stopping threads took: 0,0000156 seconds
2017-04-19T22:21:48.828+0200: 4,097: Total time for which application threads were stopped: 0,0001533 seconds, Stopping threads took: 0,0000629 seconds
2017-04-19T22:21:48.831+0200: 4,100: Total time for which application threads were stopped: 0,0001216 seconds, Stopping threads took: 0,0000460 seconds
2017-04-19T22:21:48.856+0200: 4,125: Total time for which application threads were stopped: 0,0004092 seconds, Stopping threads took: 0,0000478 seconds
2017-04-19T22:21:48.858+0200: 4,126: Total time for which application threads were stopped: 0,0002614 seconds, Stopping threads took: 0,0002009 seconds
2017-04-19T22:21:48.859+0200: 4,127: Total time for which application threads were stopped: 0,0001283 seconds, Stopping threads took: 0,0000231 seconds
2017-04-19T22:21:48.860+0200: 4,128: Total time for which application threads were stopped: 0,0000707 seconds, Stopping threads took: 0,0000158 seconds
2017-04-19T22:21:48.861+0200: 4,129: Total time for which application threads were stopped: 0,0001341 seconds, Stopping threads took: 0,0000620 seconds
2017-04-19T22:21:48.861+0200: 4,129: Total time for which application threads were stopped: 0,0000787 seconds, Stopping threads took: 0,0000253 seconds
2017-04-19T22:21:48.861+0200: 4,129: Total time for which application threads were stopped: 0,0000661 seconds, Stopping threads took: 0,0000132 seconds
2017-04-19T22:21:48.862+0200: 4,130: Total time for which application threads were stopped: 0,0000710 seconds, Stopping threads took: 0,0000149 seconds
2017-04-19T22:21:48.862+0200: 4,131: Total time for which application threads were stopped: 0,0000703 seconds, Stopping threads took: 0,0000220 seconds
2017-04-19T22:21:48.863+0200: 4,131: Total time for which application threads were stopped: 0,0000865 seconds, Stopping threads took: 0,0000251 seconds
2017-04-19T22:21:48.864+0200: 4,132: Total time for which application threads were stopped: 0,0001167 seconds, Stopping threads took: 0,0000521 seconds
2017-04-19T22:21:48.864+0200: 4,133: Total time for which application threads were stopped: 0,0000690 seconds, Stopping threads took: 0,0000163 seconds
2017-04-19T22:21:48.865+0200: 4,133: Total time for which application threads were stopped: 0,0000686 seconds, Stopping threads took: 0,0000224 seconds
2017-04-19T22:21:48.866+0200: 4,134: Total time for which application threads were stopped: 0,0000700 seconds, Stopping threads took: 0,0000133 seconds
2017-04-19T22:21:48.866+0200: 4,134: Total time for which application threads were stopped: 0,0000593 seconds, Stopping threads took: 0,0000102 seconds
2017-04-19T22:21:48.873+0200: 4,141: Total time for which application threads were stopped: 0,0001168 seconds, Stopping threads took: 0,0000446 seconds
2017-04-19T22:21:48.874+0200: 4,143: Total time for which application threads were stopped: 0,0001130 seconds, Stopping threads took: 0,0000375 seconds
2017-04-19T22:21:48.875+0200: 4,143: Total time for which application threads were stopped: 0,0000678 seconds, Stopping threads took: 0,0000158 seconds
2017-04-19T22:21:48.875+0200: 4,143: Total time for which application threads were stopped: 0,0000688 seconds, Stopping threads took: 0,0000167 seconds
2017-04-19T22:21:48.877+0200: 4,145: Total time for which application threads were stopped: 0,0001060 seconds, Stopping threads took: 0,0000353 seconds
2017-04-19T22:21:48.878+0200: 4,146: Total time for which application threads were stopped: 0,0001152 seconds, Stopping threads took: 0,0000465 seconds
2017-04-19T22:21:48.878+0200: 4,147: Total time for which application threads were stopped: 0,0000749 seconds, Stopping threads took: 0,0000280 seconds
2017-04-19T22:21:48.880+0200: 4,148: Total time for which application threads were stopped: 0,0001242 seconds, Stopping threads took: 0,0000157 seconds
2017-04-19T22:21:51.880+0200: 7,149: Total time for which application threads were stopped: 0,0000607 seconds, Stopping threads took: 0,0000152 seconds
2017-04-19T22:22:06.882+0200: 22,151: Total time for which application threads were stopped: 0,0000763 seconds, Stopping threads took: 0,0000295 seconds
2017-04-19T22:22:16.884+0200: 32,152: Total time for which application threads were stopped: 0,0000927 seconds, Stopping threads took: 0,0000160 seconds
2017-04-19T22:22:46.888+0200: 62,156: Total time for which application threads were stopped: 0,0001121 seconds, Stopping threads took: 0,0000359 seconds
2017-04-19T22:23:06.892+0200: 82,160: Total time for which application threads were stopped: 0,0001611 seconds, Stopping threads took: 0,0000619 seconds
2017-04-19T22:23:41.898+0200: 117,166: Total time for which application threads were stopped: 0,0001864 seconds, Stopping threads took: 0,0000739 seconds
2017-04-19T22:23:46.899+0200: 122,167: Total time for which application threads were stopped: 0,0000624 seconds, Stopping threads took: 0,0000151 seconds
{Heap before GC invocations=9 (full 1):
 par new generation   total 109248K, used 95869K [0x00000000e0000000, 0x00000000e8000000, 0x00000000e8000000)
  eden space 87424K, 100% used [0x00000000e0000000, 0x00000000e5560000, 0x00000000e5560000)
  from space 21824K,  38% used [0x00000000e6ab0000, 0x00000000e72ef4f0, 0x00000000e8000000)
  to   space 21824K,   0% used [0x00000000e5560000, 0x00000000e5560000, 0x00000000e6ab0000)
 concurrent mark-sweep generation total 393216K, used 5825K [0x00000000e8000000, 0x0000000100000000, 0x0000000100000000)
 Metaspace       used 27983K, capacity 28488K, committed 28796K, reserved 1075200K
  class space    used 3211K, capacity 3385K, committed 3452K, reserved 1048576K
2017-04-19T22:24:40.908+0200: 176,176: [GC (Allocation Failure) 2017-04-19T22:24:40.908+0200: 176,176: [ParNew
Desired survivor size 20112992 bytes, new threshold 8 (max 8)
- age   1:   11043616 bytes,   11043616 total
- age   2:     215016 bytes,   11258632 total
- age   3:     177768 bytes,   11436400 total
- age   4:    1765288 bytes,   13201688 total
- age   5:      62496 bytes,   13264184 total
- age   6:      96344 bytes,   13360528 total
- age   8:     187776 bytes,   13548304 total
: 95869K->14342K(109248K), 0,0231312 secs] 101695K->21254K(502464K), 0,0232480 secs] [Times: user=0,08 sys=0,00, real=0,02 secs] 
Heap after GC invocations=10 (full 1):
 par new generation   total 109248K, used 14342K [0x00000000e0000000, 0x00000000e8000000, 0x00000000e8000000)
  eden space 87424K,   0% used [0x00000000e0000000, 0x00000000e0000000, 0x00000000e5560000)
  from space 21824K,  65% used [0x00000000e5560000, 0x00000000e6361a30, 0x00000000e6ab0000)
  to   space 21824K,   0% used [0x00000000e6ab0000, 0x00000000e6ab0000, 0x00000000e8000000)
 concurrent mark-sweep generation total 393216K, used 6911K [0x00000000e8000000, 0x0000000100000000, 0x0000000100000000)
 Metaspace       used 27983K, capacity 28488K, committed 28796K, reserved 1075200K
  class space    used 3211K, capacity 3385K, committed 3452K, reserved 1048576K
}
2017-04-19T22:24:40.931+0200: 176,200: Total time for which application threads were stopped: 0,0235734 seconds, Stopping threads took: 0,0001165 seconds
2017-04-19T22:24:45.932+0200: 181,200: Total time for which application threads were stopped: 0,0001426 seconds, Stopping threads took: 0,0000356 seconds
2017-04-19T22:26:15.947+0200: 271,215: Total time for which application threads were stopped: 0,0001042 seconds, Stopping threads took: 0,0000387 seconds
2017-04-19T22:26:21.948+0200: 277,217: Total time for which application threads were stopped: 0,0001565 seconds, Stopping threads took: 0,0000388 seconds
2017-04-19T22:45:11.140+0200: 1406,408: Total time for which application threads were stopped: 0,0001610 seconds, Stopping threads took: 0,0000576 seconds
2017-04-19T22:49:31.184+0200: 1666,453: Total time for which application threads were stopped: 0,0001632 seconds, Stopping threads took: 0,0000579 seconds
2017-04-19T23:00:06.291+0200: 2301,559: Total time for which application threads were stopped: 0,0001603 seconds, Stopping threads took: 0,0000574 seconds
2017-04-19T23:00:07.291+0200: 2302,560: Total time for which application threads were stopped: 0,0001303 seconds, Stopping threads took: 0,0000291 seconds
2017-04-19T23:15:02.443+0200: 3197,711: Total time for which application threads were stopped: 0,0000777 seconds, Stopping threads took: 0,0000296 seconds
2017-04-19T23:19:46.492+0200: 3481,760: Total time for which application threads were stopped: 0,0001587 seconds, Stopping threads took: 0,0000583 seconds
2017-04-19T23:24:46.544+0200: 3781,812: Total time for which application threads were stopped: 0,0000875 seconds, Stopping threads took: 0,0000319 seconds
2017-04-19T23:24:51.545+0200: 3786,813: Total time for which application threads were stopped: 0,0001377 seconds, Stopping threads took: 0,0000292 seconds
2017-04-19T23:40:47.226+0200: 4742,941: Total time for which application threads were stopped: 0,0000867 seconds, Stopping threads took: 0,0000339 seconds
2017-04-19T23:40:57.228+0200: 4752,943: Total time for which application threads were stopped: 0,0004803 seconds, Stopping threads took: 0,0001848 seconds
2017-04-20T00:10:16.470+0200: 6512,185: Total time for which application threads were stopped: 0,0000794 seconds, Stopping threads took: 0,0000305 seconds
2017-04-20T00:17:31.523+0200: 6947,238: Total time for which application threads were stopped: 0,0001983 seconds, Stopping threads took: 0,0000513 seconds
2017-04-20T00:22:46.558+0200: 7262,273: Total time for which application threads were stopped: 0,0000893 seconds, Stopping threads took: 0,0000332 seconds
2017-04-20T00:23:46.564+0200: 7322,279: Total time for which application threads were stopped: 0,0000862 seconds, Stopping threads took: 0,0000275 seconds
2017-04-20T00:24:33.014+0200: 7368,729: Total time for which application threads were stopped: 0,0001304 seconds, Stopping threads took: 0,0000275 seconds
2017-04-20T00:24:33.067+0200: 7368,782: Total time for which application threads were stopped: 0,0000863 seconds, Stopping threads took: 0,0000164 seconds
2017-04-20T00:24:33.070+0200: 7368,784: Total time for which application threads were stopped: 0,0019204 seconds, Stopping threads took: 0,0017969 seconds
2017-04-20T00:24:33.075+0200: 7368,790: Total time for which application threads were stopped: 0,0000748 seconds, Stopping threads took: 0,0000199 seconds
2017-04-20T00:24:33.076+0200: 7368,791: Total time for which application threads were stopped: 0,0000767 seconds, Stopping threads took: 0,0000128 seconds
Heap
 par new generation   total 109248K, used 32362K [0x00000000e0000000, 0x00000000e8000000, 0x00000000e8000000)
  eden space 87424K,  20% used [0x00000000e0000000, 0x00000000e1199008, 0x00000000e5560000)
  from space 21824K,  65% used [0x00000000e5560000, 0x00000000e6361a30, 0x00000000e6ab0000)
  to   space 21824K,   0% used [0x00000000e6ab0000, 0x00000000e6ab0000, 0x00000000e8000000)
 concurrent mark-sweep generation total 393216K, used 6911K [0x00000000e8000000, 0x0000000100000000, 0x0000000100000000)
 Metaspace       used 28105K, capacity 28592K, committed 28796K, reserved 1075200K
  class space    used 3225K, capacity 3419K, committed 3452K, reserved 1048576K
