OpenJDK 64-Bit Server VM (25.111-b14) for linux-amd64 JRE (1.8.0_111-8u111-b14-2ubuntu0.16.04.2-b14), built on Oct 27 2016 18:10:19 by "buildd" with gcc 5.4.0 20160609
Memory: 4k page, physical 7867848k(7459120k free), swap 8076284k(8076284k free)
CommandLine flags: -XX:CMSInitiatingOccupancyFraction=50 -XX:CMSMaxAbortablePrecleanTime=6000 -XX:+CMSParallelRemarkEnabled -XX:+CMSScavengeBeforeRemark -XX:ConcGCThreads=4 -XX:InitialHeapSize=536870912 -XX:MaxHeapSize=536870912 -XX:MaxTenuringThreshold=8 -XX:NewRatio=3 -XX:OldPLABSize=16 -XX:OnOutOfMemoryError=/opt/solr/bin/oom_solr.sh 8983 /var/solr/logs -XX:ParallelGCThreads=4 -XX:+ParallelRefProcEnabled -XX:PretenureSizeThreshold=67108864 -XX:+PrintGC -XX:+PrintGCApplicationStoppedTime -XX:+PrintGCDateStamps -XX:+PrintGCDetails -XX:+PrintGCTimeStamps -XX:+PrintHeapAtGC -XX:+PrintTenuringDistribution -XX:SurvivorRatio=4 -XX:TargetSurvivorRatio=90 -XX:ThreadStackSize=256 -XX:+UseCMSInitiatingOccupancyOnly -XX:+UseCompressedClassPointers -XX:+UseCompressedOops -XX:+UseConcMarkSweepGC -XX:+UseParNewGC 
2016-11-20T21:22:48.107+0100: 0,118: Total time for which application threads were stopped: 0,0000673 seconds, Stopping threads took: 0,0000133 seconds
2016-11-20T21:22:48.169+0100: 0,181: Total time for which application threads were stopped: 0,0000916 seconds, Stopping threads took: 0,0000149 seconds
2016-11-20T21:22:48.179+0100: 0,190: Total time for which application threads were stopped: 0,0000737 seconds, Stopping threads took: 0,0000086 seconds
2016-11-20T21:22:48.313+0100: 0,324: Total time for which application threads were stopped: 0,0001257 seconds, Stopping threads took: 0,0000148 seconds
2016-11-20T21:22:48.461+0100: 0,472: Total time for which application threads were stopped: 0,0001149 seconds, Stopping threads took: 0,0000097 seconds
2016-11-20T21:22:48.500+0100: 0,511: Total time for which application threads were stopped: 0,0001739 seconds, Stopping threads took: 0,0000225 seconds
2016-11-20T21:22:48.515+0100: 0,526: Total time for which application threads were stopped: 0,0001478 seconds, Stopping threads took: 0,0000185 seconds
2016-11-20T21:22:48.685+0100: 0,697: Total time for which application threads were stopped: 0,0002159 seconds, Stopping threads took: 0,0000199 seconds
2016-11-20T21:22:48.863+0100: 0,874: Total time for which application threads were stopped: 0,0002462 seconds, Stopping threads took: 0,0000274 seconds
2016-11-20T21:22:48.892+0100: 0,903: Total time for which application threads were stopped: 0,0001783 seconds, Stopping threads took: 0,0000154 seconds
2016-11-20T21:22:48.893+0100: 0,904: Total time for which application threads were stopped: 0,0001668 seconds, Stopping threads took: 0,0000163 seconds
2016-11-20T21:22:48.909+0100: 0,920: Total time for which application threads were stopped: 0,0001770 seconds, Stopping threads took: 0,0000163 seconds
2016-11-20T21:22:48.992+0100: 1,004: Total time for which application threads were stopped: 0,0002330 seconds, Stopping threads took: 0,0000231 seconds
2016-11-20T21:22:49.148+0100: 1,159: Total time for which application threads were stopped: 0,0005337 seconds, Stopping threads took: 0,0003342 seconds
{Heap before GC invocations=0 (full 0):
 par new generation   total 109248K, used 87424K [0x00000000e0000000, 0x00000000e8000000, 0x00000000e8000000)
  eden space 87424K, 100% used [0x00000000e0000000, 0x00000000e5560000, 0x00000000e5560000)
  from space 21824K,   0% used [0x00000000e5560000, 0x00000000e5560000, 0x00000000e6ab0000)
  to   space 21824K,   0% used [0x00000000e6ab0000, 0x00000000e6ab0000, 0x00000000e8000000)
 concurrent mark-sweep generation total 393216K, used 0K [0x00000000e8000000, 0x0000000100000000, 0x0000000100000000)
 Metaspace       used 18090K, capacity 18366K, committed 18560K, reserved 1064960K
  class space    used 2053K, capacity 2162K, committed 2176K, reserved 1048576K
2016-11-20T21:22:49.274+0100: 1,285: [GC (Allocation Failure) 2016-11-20T21:22:49.274+0100: 1,285: [ParNew
Desired survivor size 20112992 bytes, new threshold 8 (max 8)
- age   1:   12331336 bytes,   12331336 total
: 87424K->12148K(109248K), 0,0307723 secs] 87424K->12148K(502464K), 0,0308520 secs] [Times: user=0,05 sys=0,02, real=0,03 secs] 
Heap after GC invocations=1 (full 0):
 par new generation   total 109248K, used 12148K [0x00000000e0000000, 0x00000000e8000000, 0x00000000e8000000)
  eden space 87424K,   0% used [0x00000000e0000000, 0x00000000e0000000, 0x00000000e5560000)
  from space 21824K,  55% used [0x00000000e6ab0000, 0x00000000e768d310, 0x00000000e8000000)
  to   space 21824K,   0% used [0x00000000e5560000, 0x00000000e5560000, 0x00000000e6ab0000)
 concurrent mark-sweep generation total 393216K, used 0K [0x00000000e8000000, 0x0000000100000000, 0x0000000100000000)
 Metaspace       used 18090K, capacity 18366K, committed 18560K, reserved 1064960K
  class space    used 2053K, capacity 2162K, committed 2176K, reserved 1048576K
}
2016-11-20T21:22:49.305+0100: 1,316: Total time for which application threads were stopped: 0,0310103 seconds, Stopping threads took: 0,0000139 seconds
2016-11-20T21:22:49.486+0100: 1,497: Total time for which application threads were stopped: 0,0002900 seconds, Stopping threads took: 0,0000216 seconds
2016-11-20T21:22:49.513+0100: 1,524: Total time for which application threads were stopped: 0,0002599 seconds, Stopping threads took: 0,0000234 seconds
2016-11-20T21:22:49.538+0100: 1,549: Total time for which application threads were stopped: 0,0003162 seconds, Stopping threads took: 0,0000398 seconds
{Heap before GC invocations=1 (full 0):
 par new generation   total 109248K, used 99572K [0x00000000e0000000, 0x00000000e8000000, 0x00000000e8000000)
  eden space 87424K, 100% used [0x00000000e0000000, 0x00000000e5560000, 0x00000000e5560000)
  from space 21824K,  55% used [0x00000000e6ab0000, 0x00000000e768d310, 0x00000000e8000000)
  to   space 21824K,   0% used [0x00000000e5560000, 0x00000000e5560000, 0x00000000e6ab0000)
 concurrent mark-sweep generation total 393216K, used 0K [0x00000000e8000000, 0x0000000100000000, 0x0000000100000000)
 Metaspace       used 20715K, capacity 21020K, committed 21248K, reserved 1069056K
  class space    used 2404K, capacity 2518K, committed 2560K, reserved 1048576K
2016-11-20T21:22:49.731+0100: 1,742: [GC (Allocation Failure) 2016-11-20T21:22:49.731+0100: 1,742: [ParNew
Desired survivor size 20112992 bytes, new threshold 8 (max 8)
- age   1:    3381640 bytes,    3381640 total
- age   2:    6101096 bytes,    9482736 total
: 99572K->13141K(109248K), 0,0301729 secs] 99572K->13141K(502464K), 0,0302746 secs] [Times: user=0,08 sys=0,00, real=0,02 secs] 
Heap after GC invocations=2 (full 0):
 par new generation   total 109248K, used 13141K [0x00000000e0000000, 0x00000000e8000000, 0x00000000e8000000)
  eden space 87424K,   0% used [0x00000000e0000000, 0x00000000e0000000, 0x00000000e5560000)
  from space 21824K,  60% used [0x00000000e5560000, 0x00000000e62356f0, 0x00000000e6ab0000)
  to   space 21824K,   0% used [0x00000000e6ab0000, 0x00000000e6ab0000, 0x00000000e8000000)
 concurrent mark-sweep generation total 393216K, used 0K [0x00000000e8000000, 0x0000000100000000, 0x0000000100000000)
 Metaspace       used 20715K, capacity 21020K, committed 21248K, reserved 1069056K
  class space    used 2404K, capacity 2518K, committed 2560K, reserved 1048576K
}
2016-11-20T21:22:49.761+0100: 1,773: Total time for which application threads were stopped: 0,0305785 seconds, Stopping threads took: 0,0000219 seconds
2016-11-20T21:22:49.853+0100: 1,864: Total time for which application threads were stopped: 0,0000832 seconds, Stopping threads took: 0,0000150 seconds
2016-11-20T21:22:49.906+0100: 1,917: Total time for which application threads were stopped: 0,0001109 seconds, Stopping threads took: 0,0000187 seconds
2016-11-20T21:22:49.907+0100: 1,918: Total time for which application threads were stopped: 0,0002490 seconds, Stopping threads took: 0,0000191 seconds
2016-11-20T21:22:49.945+0100: 1,956: Total time for which application threads were stopped: 0,0000697 seconds, Stopping threads took: 0,0000124 seconds
2016-11-20T21:22:50.038+0100: 2,049: Total time for which application threads were stopped: 0,0001498 seconds, Stopping threads took: 0,0000349 seconds
2016-11-20T21:22:50.071+0100: 2,082: Total time for which application threads were stopped: 0,0001194 seconds, Stopping threads took: 0,0000361 seconds
2016-11-20T21:22:50.132+0100: 2,143: Total time for which application threads were stopped: 0,0003930 seconds, Stopping threads took: 0,0000310 seconds
2016-11-20T21:22:50.182+0100: 2,193: Total time for which application threads were stopped: 0,0003683 seconds, Stopping threads took: 0,0000369 seconds
2016-11-20T21:22:50.222+0100: 2,234: Total time for which application threads were stopped: 0,0001163 seconds, Stopping threads took: 0,0000433 seconds
2016-11-20T21:22:50.293+0100: 2,304: Total time for which application threads were stopped: 0,0001126 seconds, Stopping threads took: 0,0000306 seconds
2016-11-20T21:22:50.318+0100: 2,329: Total time for which application threads were stopped: 0,0001253 seconds, Stopping threads took: 0,0000370 seconds
2016-11-20T21:22:50.361+0100: 2,373: Total time for which application threads were stopped: 0,0001118 seconds, Stopping threads took: 0,0000286 seconds
2016-11-20T21:22:50.393+0100: 2,405: Total time for which application threads were stopped: 0,0000977 seconds, Stopping threads took: 0,0000261 seconds
2016-11-20T21:22:50.503+0100: 2,514: Total time for which application threads were stopped: 0,0001624 seconds, Stopping threads took: 0,0000331 seconds
2016-11-20T21:22:50.558+0100: 2,569: Total time for which application threads were stopped: 0,0001427 seconds, Stopping threads took: 0,0000412 seconds
2016-11-20T21:22:50.597+0100: 2,608: Total time for which application threads were stopped: 0,0001321 seconds, Stopping threads took: 0,0000270 seconds
{Heap before GC invocations=2 (full 0):
 par new generation   total 109248K, used 100565K [0x00000000e0000000, 0x00000000e8000000, 0x00000000e8000000)
  eden space 87424K, 100% used [0x00000000e0000000, 0x00000000e5560000, 0x00000000e5560000)
  from space 21824K,  60% used [0x00000000e5560000, 0x00000000e62356f0, 0x00000000e6ab0000)
  to   space 21824K,   0% used [0x00000000e6ab0000, 0x00000000e6ab0000, 0x00000000e8000000)
 concurrent mark-sweep generation total 393216K, used 0K [0x00000000e8000000, 0x0000000100000000, 0x0000000100000000)
 Metaspace       used 24835K, capacity 25221K, committed 25536K, reserved 1071104K
  class space    used 2896K, capacity 3025K, committed 3092K, reserved 1048576K
2016-11-20T21:22:50.615+0100: 2,626: [GC (Allocation Failure) 2016-11-20T21:22:50.615+0100: 2,626: [ParNew
Desired survivor size 20112992 bytes, new threshold 8 (max 8)
- age   1:    6690376 bytes,    6690376 total
- age   2:     547208 bytes,    7237584 total
- age   3:    6084608 bytes,   13322192 total
: 100565K->16050K(109248K), 0,0189743 secs] 100565K->16050K(502464K), 0,0190781 secs] [Times: user=0,06 sys=0,00, real=0,02 secs] 
Heap after GC invocations=3 (full 0):
 par new generation   total 109248K, used 16050K [0x00000000e0000000, 0x00000000e8000000, 0x00000000e8000000)
  eden space 87424K,   0% used [0x00000000e0000000, 0x00000000e0000000, 0x00000000e5560000)
  from space 21824K,  73% used [0x00000000e6ab0000, 0x00000000e7a5c8c0, 0x00000000e8000000)
  to   space 21824K,   0% used [0x00000000e5560000, 0x00000000e5560000, 0x00000000e6ab0000)
 concurrent mark-sweep generation total 393216K, used 0K [0x00000000e8000000, 0x0000000100000000, 0x0000000100000000)
 Metaspace       used 24835K, capacity 25221K, committed 25536K, reserved 1071104K
  class space    used 2896K, capacity 3025K, committed 3092K, reserved 1048576K
}
2016-11-20T21:22:50.634+0100: 2,645: Total time for which application threads were stopped: 0,0192608 seconds, Stopping threads took: 0,0000276 seconds
2016-11-20T21:22:50.634+0100: 2,645: [GC (CMS Initial Mark) [1 CMS-initial-mark: 0K(393216K)] 17453K(502464K), 0,0029600 secs] [Times: user=0,01 sys=0,00, real=0,00 secs] 
2016-11-20T21:22:50.637+0100: 2,648: Total time for which application threads were stopped: 0,0032465 seconds, Stopping threads took: 0,0002083 seconds
2016-11-20T21:22:50.637+0100: 2,648: [CMS-concurrent-mark-start]
2016-11-20T21:22:50.638+0100: 2,649: [CMS-concurrent-mark: 0,000/0,000 secs] [Times: user=0,01 sys=0,00, real=0,00 secs] 
2016-11-20T21:22:50.638+0100: 2,649: [CMS-concurrent-preclean-start]
2016-11-20T21:22:50.639+0100: 2,650: [CMS-concurrent-preclean: 0,001/0,001 secs] [Times: user=0,00 sys=0,00, real=0,00 secs] 
2016-11-20T21:22:50.640+0100: 2,652: [GC (CMS Final Remark) [YG occupancy: 17453 K (109248 K)]{Heap before GC invocations=3 (full 1):
 par new generation   total 109248K, used 17453K [0x00000000e0000000, 0x00000000e8000000, 0x00000000e8000000)
  eden space 87424K,   1% used [0x00000000e0000000, 0x00000000e015ec88, 0x00000000e5560000)
  from space 21824K,  73% used [0x00000000e6ab0000, 0x00000000e7a5c8c0, 0x00000000e8000000)
  to   space 21824K,   0% used [0x00000000e5560000, 0x00000000e5560000, 0x00000000e6ab0000)
 concurrent mark-sweep generation total 393216K, used 0K [0x00000000e8000000, 0x0000000100000000, 0x0000000100000000)
 Metaspace       used 24861K, capacity 25253K, committed 25536K, reserved 1071104K
  class space    used 2899K, capacity 3057K, committed 3092K, reserved 1048576K
2016-11-20T21:22:50.641+0100: 2,652: [GC (CMS Final Remark) 2016-11-20T21:22:50.641+0100: 2,652: [ParNew
Desired survivor size 20112992 bytes, new threshold 8 (max 8)
- age   1:      30656 bytes,      30656 total
- age   2:    3151680 bytes,    3182336 total
- age   3:     547208 bytes,    3729544 total
- age   4:    6082832 bytes,    9812376 total
: 17453K->16642K(109248K), 0,0165575 secs] 17453K->16642K(502464K), 0,0166074 secs] [Times: user=0,06 sys=0,00, real=0,02 secs] 
Heap after GC invocations=4 (full 1):
 par new generation   total 109248K, used 16642K [0x00000000e0000000, 0x00000000e8000000, 0x00000000e8000000)
  eden space 87424K,   0% used [0x00000000e0000000, 0x00000000e0000000, 0x00000000e5560000)
  from space 21824K,  76% used [0x00000000e5560000, 0x00000000e65a08b0, 0x00000000e6ab0000)
  to   space 21824K,   0% used [0x00000000e6ab0000, 0x00000000e6ab0000, 0x00000000e8000000)
 concurrent mark-sweep generation total 393216K, used 0K [0x00000000e8000000, 0x0000000100000000, 0x0000000100000000)
 Metaspace       used 24861K, capacity 25253K, committed 25536K, reserved 1071104K
  class space    used 2899K, capacity 3057K, committed 3092K, reserved 1048576K
}
2016-11-20T21:22:50.657+0100: 2,668: [Rescan (parallel) , 0,0040939 secs]2016-11-20T21:22:50.661+0100: 2,673: [weak refs processing, 0,0008189 secs]2016-11-20T21:22:50.662+0100: 2,673: [class unloading, 0,0031676 secs]2016-11-20T21:22:50.665+0100: 2,677: [scrub symbol table, 0,0042121 secs]2016-11-20T21:22:50.670+0100: 2,681: [scrub string table, 0,0003569 secs][1 CMS-remark: 0K(393216K)] 16642K(502464K), 0,0301747 secs] [Times: user=0,08 sys=0,00, real=0,04 secs] 
2016-11-20T21:22:50.671+0100: 2,682: Total time for which application threads were stopped: 0,0302894 seconds, Stopping threads took: 0,0000424 seconds
2016-11-20T21:22:50.671+0100: 2,682: [CMS-concurrent-sweep-start]
2016-11-20T21:22:50.671+0100: 2,682: [CMS-concurrent-sweep: 0,000/0,000 secs] [Times: user=0,00 sys=0,00, real=0,00 secs] 
2016-11-20T21:22:50.671+0100: 2,682: [CMS-concurrent-reset-start]
2016-11-20T21:22:50.673+0100: 2,684: [CMS-concurrent-reset: 0,002/0,002 secs] [Times: user=0,01 sys=0,00, real=0,00 secs] 
2016-11-20T21:22:51.671+0100: 3,683: Total time for which application threads were stopped: 0,0001237 seconds, Stopping threads took: 0,0000239 seconds
2016-11-20T21:22:52.042+0100: 4,053: Total time for which application threads were stopped: 0,0002346 seconds, Stopping threads took: 0,0000153 seconds
2016-11-20T21:23:19.049+0100: 31,060: Total time for which application threads were stopped: 0,0000547 seconds, Stopping threads took: 0,0000183 seconds
2016-11-20T21:25:28.467+0100: 161,074: Total time for which application threads were stopped: 0,0000949 seconds, Stopping threads took: 0,0000431 seconds
2016-11-20T21:25:33.468+0100: 166,075: Total time for which application threads were stopped: 0,0001194 seconds, Stopping threads took: 0,0000317 seconds
2016-11-20T21:25:53.471+0100: 186,078: Total time for which application threads were stopped: 0,0001162 seconds, Stopping threads took: 0,0000484 seconds
2016-11-20T21:26:43.477+0100: 236,084: Total time for which application threads were stopped: 0,0000878 seconds, Stopping threads took: 0,0000354 seconds
2016-11-20T21:27:23.482+0100: 276,089: Total time for which application threads were stopped: 0,0004958 seconds, Stopping threads took: 0,0001397 seconds
2016-11-20T21:27:28.482+0100: 281,089: Total time for which application threads were stopped: 0,0003252 seconds, Stopping threads took: 0,0000808 seconds
2016-11-20T21:27:33.483+0100: 286,090: Total time for which application threads were stopped: 0,0000628 seconds, Stopping threads took: 0,0000179 seconds
2016-11-20T21:28:18.488+0100: 331,095: Total time for which application threads were stopped: 0,0001411 seconds, Stopping threads took: 0,0000344 seconds
2016-11-20T21:33:28.521+0100: 641,129: Total time for which application threads were stopped: 0,0000939 seconds, Stopping threads took: 0,0000345 seconds
2016-11-20T21:46:33.617+0100: 1426,224: Total time for which application threads were stopped: 0,0001213 seconds, Stopping threads took: 0,0000475 seconds
2016-11-20T21:51:13.655+0100: 1706,262: Total time for which application threads were stopped: 0,0000705 seconds, Stopping threads took: 0,0000268 seconds
2016-11-20T22:01:28.732+0100: 2321,339: Total time for which application threads were stopped: 0,0004184 seconds, Stopping threads took: 0,0001902 seconds
2016-11-20T22:03:58.748+0100: 2471,355: Total time for which application threads were stopped: 0,0000800 seconds, Stopping threads took: 0,0000329 seconds
2016-11-20T22:16:03.821+0100: 3196,428: Total time for which application threads were stopped: 0,0000786 seconds, Stopping threads took: 0,0000319 seconds
2016-11-20T22:27:03.891+0100: 3856,498: Total time for which application threads were stopped: 0,0000805 seconds, Stopping threads took: 0,0000331 seconds
2016-11-20T22:27:08.892+0100: 3861,499: Total time for which application threads were stopped: 0,0000607 seconds, Stopping threads took: 0,0000143 seconds
2016-11-20T22:29:48.909+0100: 4021,516: Total time for which application threads were stopped: 0,0000964 seconds, Stopping threads took: 0,0000422 seconds
2016-11-20T23:10:04.158+0100: 6436,766: Total time for which application threads were stopped: 0,0001439 seconds, Stopping threads took: 0,0000458 seconds
2016-11-20T23:10:24.160+0100: 6456,768: Total time for which application threads were stopped: 0,0000563 seconds, Stopping threads took: 0,0000141 seconds
2016-11-20T23:14:19.185+0100: 6691,792: Total time for which application threads were stopped: 0,0001657 seconds, Stopping threads took: 0,0000663 seconds
2016-11-20T23:27:48.268+0100: 7500,875: Total time for which application threads were stopped: 0,0001218 seconds, Stopping threads took: 0,0000573 seconds
2016-11-20T23:28:18.271+0100: 7530,878: Total time for which application threads were stopped: 0,0000960 seconds, Stopping threads took: 0,0000506 seconds
2016-11-20T23:30:48.286+0100: 7680,893: Total time for which application threads were stopped: 0,0000829 seconds, Stopping threads took: 0,0000271 seconds
2016-11-20T23:31:18.288+0100: 7710,896: Total time for which application threads were stopped: 0,0003538 seconds, Stopping threads took: 0,0001877 seconds
2016-11-20T23:38:08.896+0100: 8121,503: Total time for which application threads were stopped: 0,0001363 seconds, Stopping threads took: 0,0000240 seconds
Heap
 par new generation   total 109248K, used 60146K [0x00000000e0000000, 0x00000000e8000000, 0x00000000e8000000)
  eden space 87424K,  49% used [0x00000000e0000000, 0x00000000e2a7c228, 0x00000000e5560000)
  from space 21824K,  76% used [0x00000000e5560000, 0x00000000e65a08b0, 0x00000000e6ab0000)
  to   space 21824K,   0% used [0x00000000e6ab0000, 0x00000000e6ab0000, 0x00000000e8000000)
 concurrent mark-sweep generation total 393216K, used 0K [0x00000000e8000000, 0x0000000100000000, 0x0000000100000000)
 Metaspace       used 27183K, capacity 27659K, committed 27924K, reserved 1073152K
  class space    used 3160K, capacity 3320K, committed 3348K, reserved 1048576K
