OpenJDK 64-Bit Server VM (25.111-b14) for linux-amd64 JRE (1.8.0_111-8u111-b14-2ubuntu0.16.04.2-b14), built on Oct 27 2016 18:10:19 by "buildd" with gcc 5.4.0 20160609
Memory: 4k page, physical 7867804k(7510648k free), swap 8076284k(8076284k free)
CommandLine flags: -XX:CMSInitiatingOccupancyFraction=50 -XX:CMSMaxAbortablePrecleanTime=6000 -XX:+CMSParallelRemarkEnabled -XX:+CMSScavengeBeforeRemark -XX:ConcGCThreads=4 -XX:InitialHeapSize=536870912 -XX:MaxHeapSize=536870912 -XX:MaxTenuringThreshold=8 -XX:NewRatio=3 -XX:OldPLABSize=16 -XX:OnOutOfMemoryError=/opt/solr/bin/oom_solr.sh 8983 /var/solr/logs -XX:ParallelGCThreads=4 -XX:+ParallelRefProcEnabled -XX:PretenureSizeThreshold=67108864 -XX:+PrintGC -XX:+PrintGCApplicationStoppedTime -XX:+PrintGCDateStamps -XX:+PrintGCDetails -XX:+PrintGCTimeStamps -XX:+PrintHeapAtGC -XX:+PrintTenuringDistribution -XX:SurvivorRatio=4 -XX:TargetSurvivorRatio=90 -XX:ThreadStackSize=256 -XX:+UseCMSInitiatingOccupancyOnly -XX:+UseCompressedClassPointers -XX:+UseCompressedOops -XX:+UseConcMarkSweepGC -XX:+UseParNewGC 
2017-01-04T00:57:09.459+0100: 0,109: Total time for which application threads were stopped: 0,0000701 seconds, Stopping threads took: 0,0000140 seconds
2017-01-04T00:57:09.538+0100: 0,188: Total time for which application threads were stopped: 0,0001169 seconds, Stopping threads took: 0,0000213 seconds
2017-01-04T00:57:09.550+0100: 0,200: Total time for which application threads were stopped: 0,0001011 seconds, Stopping threads took: 0,0000138 seconds
2017-01-04T00:57:09.856+0100: 0,505: Total time for which application threads were stopped: 0,0001823 seconds, Stopping threads took: 0,0000319 seconds
2017-01-04T00:57:10.091+0100: 0,741: Total time for which application threads were stopped: 0,0002022 seconds, Stopping threads took: 0,0000273 seconds
2017-01-04T00:57:10.306+0100: 0,956: Total time for which application threads were stopped: 0,0001592 seconds, Stopping threads took: 0,0000182 seconds
2017-01-04T00:57:10.320+0100: 0,969: Total time for which application threads were stopped: 0,0001537 seconds, Stopping threads took: 0,0000230 seconds
2017-01-04T00:57:10.713+0100: 1,362: Total time for which application threads were stopped: 0,0002001 seconds, Stopping threads took: 0,0000270 seconds
2017-01-04T00:57:10.968+0100: 1,618: Total time for which application threads were stopped: 0,0002118 seconds, Stopping threads took: 0,0000215 seconds
2017-01-04T00:57:10.995+0100: 1,645: Total time for which application threads were stopped: 0,0011646 seconds, Stopping threads took: 0,0002347 seconds
2017-01-04T00:57:10.996+0100: 1,646: Total time for which application threads were stopped: 0,0001913 seconds, Stopping threads took: 0,0000282 seconds
2017-01-04T00:57:11.010+0100: 1,660: Total time for which application threads were stopped: 0,0007759 seconds, Stopping threads took: 0,0000595 seconds
2017-01-04T00:57:11.117+0100: 1,767: Total time for which application threads were stopped: 0,0002251 seconds, Stopping threads took: 0,0000187 seconds
2017-01-04T00:57:11.316+0100: 1,966: Total time for which application threads were stopped: 0,0005427 seconds, Stopping threads took: 0,0003395 seconds
{Heap before GC invocations=0 (full 0):
 par new generation   total 109248K, used 87424K [0x00000000e0000000, 0x00000000e8000000, 0x00000000e8000000)
  eden space 87424K, 100% used [0x00000000e0000000, 0x00000000e5560000, 0x00000000e5560000)
  from space 21824K,   0% used [0x00000000e5560000, 0x00000000e5560000, 0x00000000e6ab0000)
  to   space 21824K,   0% used [0x00000000e6ab0000, 0x00000000e6ab0000, 0x00000000e8000000)
 concurrent mark-sweep generation total 393216K, used 0K [0x00000000e8000000, 0x0000000100000000, 0x0000000100000000)
 Metaspace       used 18092K, capacity 18362K, committed 18560K, reserved 1064960K
  class space    used 2054K, capacity 2162K, committed 2176K, reserved 1048576K
2017-01-04T00:57:11.481+0100: 2,131: [GC (Allocation Failure) 2017-01-04T00:57:11.481+0100: 2,131: [ParNew
Desired survivor size 20112992 bytes, new threshold 8 (max 8)
- age   1:   12323000 bytes,   12323000 total
: 87424K->12142K(109248K), 0,0173899 secs] 87424K->12142K(502464K), 0,0174774 secs] [Times: user=0,04 sys=0,02, real=0,02 secs] 
Heap after GC invocations=1 (full 0):
 par new generation   total 109248K, used 12142K [0x00000000e0000000, 0x00000000e8000000, 0x00000000e8000000)
  eden space 87424K,   0% used [0x00000000e0000000, 0x00000000e0000000, 0x00000000e5560000)
  from space 21824K,  55% used [0x00000000e6ab0000, 0x00000000e768b958, 0x00000000e8000000)
  to   space 21824K,   0% used [0x00000000e5560000, 0x00000000e5560000, 0x00000000e6ab0000)
 concurrent mark-sweep generation total 393216K, used 0K [0x00000000e8000000, 0x0000000100000000, 0x0000000100000000)
 Metaspace       used 18092K, capacity 18362K, committed 18560K, reserved 1064960K
  class space    used 2054K, capacity 2162K, committed 2176K, reserved 1048576K
}
2017-01-04T00:57:11.499+0100: 2,148: Total time for which application threads were stopped: 0,0176358 seconds, Stopping threads took: 0,0000141 seconds
2017-01-04T00:57:11.689+0100: 2,339: Total time for which application threads were stopped: 0,0003592 seconds, Stopping threads took: 0,0000461 seconds
2017-01-04T00:57:11.726+0100: 2,375: Total time for which application threads were stopped: 0,0002708 seconds, Stopping threads took: 0,0000383 seconds
2017-01-04T00:57:11.756+0100: 2,405: Total time for which application threads were stopped: 0,0002784 seconds, Stopping threads took: 0,0000244 seconds
{Heap before GC invocations=1 (full 0):
 par new generation   total 109248K, used 99566K [0x00000000e0000000, 0x00000000e8000000, 0x00000000e8000000)
  eden space 87424K, 100% used [0x00000000e0000000, 0x00000000e5560000, 0x00000000e5560000)
  from space 21824K,  55% used [0x00000000e6ab0000, 0x00000000e768b958, 0x00000000e8000000)
  to   space 21824K,   0% used [0x00000000e5560000, 0x00000000e5560000, 0x00000000e6ab0000)
 concurrent mark-sweep generation total 393216K, used 0K [0x00000000e8000000, 0x0000000100000000, 0x0000000100000000)
 Metaspace       used 20715K, capacity 21076K, committed 21248K, reserved 1069056K
  class space    used 2403K, capacity 2518K, committed 2560K, reserved 1048576K
2017-01-04T00:57:11.916+0100: 2,566: [GC (Allocation Failure) 2017-01-04T00:57:11.916+0100: 2,566: [ParNew
Desired survivor size 20112992 bytes, new threshold 8 (max 8)
- age   1:    3348040 bytes,    3348040 total
- age   2:    6101800 bytes,    9449840 total
: 99566K->14951K(109248K), 0,0243208 secs] 99566K->14951K(502464K), 0,0243842 secs] [Times: user=0,07 sys=0,00, real=0,03 secs] 
Heap after GC invocations=2 (full 0):
 par new generation   total 109248K, used 14951K [0x00000000e0000000, 0x00000000e8000000, 0x00000000e8000000)
  eden space 87424K,   0% used [0x00000000e0000000, 0x00000000e0000000, 0x00000000e5560000)
  from space 21824K,  68% used [0x00000000e5560000, 0x00000000e63f9dc0, 0x00000000e6ab0000)
  to   space 21824K,   0% used [0x00000000e6ab0000, 0x00000000e6ab0000, 0x00000000e8000000)
 concurrent mark-sweep generation total 393216K, used 0K [0x00000000e8000000, 0x0000000100000000, 0x0000000100000000)
 Metaspace       used 20715K, capacity 21076K, committed 21248K, reserved 1069056K
  class space    used 2403K, capacity 2518K, committed 2560K, reserved 1048576K
}
2017-01-04T00:57:11.941+0100: 2,590: Total time for which application threads were stopped: 0,0245942 seconds, Stopping threads took: 0,0000317 seconds
2017-01-04T00:57:12.001+0100: 2,651: Total time for which application threads were stopped: 0,0000794 seconds, Stopping threads took: 0,0000161 seconds
2017-01-04T00:57:12.032+0100: 2,682: Total time for which application threads were stopped: 0,0000756 seconds, Stopping threads took: 0,0000127 seconds
2017-01-04T00:57:12.033+0100: 2,682: Total time for which application threads were stopped: 0,0002324 seconds, Stopping threads took: 0,0000106 seconds
2017-01-04T00:57:12.057+0100: 2,707: Total time for which application threads were stopped: 0,0000730 seconds, Stopping threads took: 0,0000157 seconds
2017-01-04T00:57:12.133+0100: 2,783: Total time for which application threads were stopped: 0,0001137 seconds, Stopping threads took: 0,0000228 seconds
2017-01-04T00:57:12.153+0100: 2,803: Total time for which application threads were stopped: 0,0000824 seconds, Stopping threads took: 0,0000217 seconds
2017-01-04T00:57:12.162+0100: 2,812: Total time for which application threads were stopped: 0,0003512 seconds, Stopping threads took: 0,0000674 seconds
2017-01-04T00:57:12.171+0100: 2,821: Total time for which application threads were stopped: 0,0001107 seconds, Stopping threads took: 0,0000276 seconds
2017-01-04T00:57:12.174+0100: 2,824: Total time for which application threads were stopped: 0,0003588 seconds, Stopping threads took: 0,0000244 seconds
2017-01-04T00:57:12.214+0100: 2,863: Total time for which application threads were stopped: 0,0000826 seconds, Stopping threads took: 0,0000141 seconds
2017-01-04T00:57:12.232+0100: 2,882: Total time for which application threads were stopped: 0,0000827 seconds, Stopping threads took: 0,0000237 seconds
2017-01-04T00:57:12.250+0100: 2,900: Total time for which application threads were stopped: 0,0000860 seconds, Stopping threads took: 0,0000127 seconds
2017-01-04T00:57:12.269+0100: 2,918: Total time for which application threads were stopped: 0,0000819 seconds, Stopping threads took: 0,0000130 seconds
2017-01-04T00:57:12.291+0100: 2,941: Total time for which application threads were stopped: 0,0001086 seconds, Stopping threads took: 0,0000178 seconds
2017-01-04T00:57:12.358+0100: 3,008: Total time for which application threads were stopped: 0,0001126 seconds, Stopping threads took: 0,0000249 seconds
2017-01-04T00:57:12.387+0100: 3,037: Total time for which application threads were stopped: 0,0001645 seconds, Stopping threads took: 0,0000666 seconds
{Heap before GC invocations=2 (full 0):
 par new generation   total 109248K, used 102375K [0x00000000e0000000, 0x00000000e8000000, 0x00000000e8000000)
  eden space 87424K, 100% used [0x00000000e0000000, 0x00000000e5560000, 0x00000000e5560000)
  from space 21824K,  68% used [0x00000000e5560000, 0x00000000e63f9dc0, 0x00000000e6ab0000)
  to   space 21824K,   0% used [0x00000000e6ab0000, 0x00000000e6ab0000, 0x00000000e8000000)
 concurrent mark-sweep generation total 393216K, used 0K [0x00000000e8000000, 0x0000000100000000, 0x0000000100000000)
 Metaspace       used 24827K, capacity 25216K, committed 25536K, reserved 1071104K
  class space    used 2894K, capacity 3024K, committed 3144K, reserved 1048576K
2017-01-04T00:57:12.407+0100: 3,056: [GC (Allocation Failure) 2017-01-04T00:57:12.407+0100: 3,056: [ParNew
Desired survivor size 20112992 bytes, new threshold 8 (max 8)
- age   1:    4851856 bytes,    4851856 total
- age   2:     537816 bytes,    5389672 total
- age   3:    6083528 bytes,   11473200 total
: 102375K->12528K(109248K), 0,0120918 secs] 102375K->12528K(502464K), 0,0121779 secs] [Times: user=0,04 sys=0,00, real=0,01 secs] 
Heap after GC invocations=3 (full 0):
 par new generation   total 109248K, used 12528K [0x00000000e0000000, 0x00000000e8000000, 0x00000000e8000000)
  eden space 87424K,   0% used [0x00000000e0000000, 0x00000000e0000000, 0x00000000e5560000)
  from space 21824K,  57% used [0x00000000e6ab0000, 0x00000000e76ec000, 0x00000000e8000000)
  to   space 21824K,   0% used [0x00000000e5560000, 0x00000000e5560000, 0x00000000e6ab0000)
 concurrent mark-sweep generation total 393216K, used 0K [0x00000000e8000000, 0x0000000100000000, 0x0000000100000000)
 Metaspace       used 24827K, capacity 25216K, committed 25536K, reserved 1071104K
  class space    used 2894K, capacity 3024K, committed 3144K, reserved 1048576K
}
2017-01-04T00:57:12.419+0100: 3,068: Total time for which application threads were stopped: 0,0123753 seconds, Stopping threads took: 0,0000537 seconds
2017-01-04T00:57:12.420+0100: 3,069: [GC (CMS Initial Mark) [1 CMS-initial-mark: 0K(393216K)] 12784K(502464K), 0,0034310 secs] [Times: user=0,01 sys=0,00, real=0,00 secs] 
2017-01-04T00:57:12.423+0100: 3,073: Total time for which application threads were stopped: 0,0035649 seconds, Stopping threads took: 0,0000527 seconds
2017-01-04T00:57:12.423+0100: 3,073: [CMS-concurrent-mark-start]
2017-01-04T00:57:12.424+0100: 3,073: [CMS-concurrent-mark: 0,001/0,001 secs] [Times: user=0,00 sys=0,00, real=0,00 secs] 
2017-01-04T00:57:12.424+0100: 3,074: [CMS-concurrent-preclean-start]
2017-01-04T00:57:12.425+0100: 3,075: [CMS-concurrent-preclean: 0,001/0,001 secs] [Times: user=0,00 sys=0,00, real=0,00 secs] 
2017-01-04T00:57:12.425+0100: 3,075: [GC (CMS Final Remark) [YG occupancy: 14170 K (109248 K)]{Heap before GC invocations=3 (full 1):
 par new generation   total 109248K, used 14170K [0x00000000e0000000, 0x00000000e8000000, 0x00000000e8000000)
  eden space 87424K,   1% used [0x00000000e0000000, 0x00000000e019aba8, 0x00000000e5560000)
  from space 21824K,  57% used [0x00000000e6ab0000, 0x00000000e76ec000, 0x00000000e8000000)
  to   space 21824K,   0% used [0x00000000e5560000, 0x00000000e5560000, 0x00000000e6ab0000)
 concurrent mark-sweep generation total 393216K, used 0K [0x00000000e8000000, 0x0000000100000000, 0x0000000100000000)
 Metaspace       used 24828K, capacity 25216K, committed 25536K, reserved 1071104K
  class space    used 2894K, capacity 3024K, committed 3144K, reserved 1048576K
2017-01-04T00:57:12.425+0100: 3,075: [GC (CMS Final Remark) 2017-01-04T00:57:12.425+0100: 3,075: [ParNew
Desired survivor size 20112992 bytes, new threshold 8 (max 8)
- age   1:     758504 bytes,     758504 total
- age   2:    1315760 bytes,    2074264 total
- age   3:     537816 bytes,    2612080 total
- age   4:    6083504 bytes,    8695584 total
: 14170K->11809K(109248K), 0,0082979 secs] 14170K->11809K(502464K), 0,0083367 secs] [Times: user=0,03 sys=0,00, real=0,01 secs] 
Heap after GC invocations=4 (full 1):
 par new generation   total 109248K, used 11809K [0x00000000e0000000, 0x00000000e8000000, 0x00000000e8000000)
  eden space 87424K,   0% used [0x00000000e0000000, 0x00000000e0000000, 0x00000000e5560000)
  from space 21824K,  54% used [0x00000000e5560000, 0x00000000e60e8418, 0x00000000e6ab0000)
  to   space 21824K,   0% used [0x00000000e6ab0000, 0x00000000e6ab0000, 0x00000000e8000000)
 concurrent mark-sweep generation total 393216K, used 0K [0x00000000e8000000, 0x0000000100000000, 0x0000000100000000)
 Metaspace       used 24828K, capacity 25216K, committed 25536K, reserved 1071104K
  class space    used 2894K, capacity 3024K, committed 3144K, reserved 1048576K
}
2017-01-04T00:57:12.434+0100: 3,083: [Rescan (parallel) , 0,0032981 secs]2017-01-04T00:57:12.437+0100: 3,087: [weak refs processing, 0,0009556 secs]2017-01-04T00:57:12.438+0100: 3,088: [class unloading, 0,0032009 secs]2017-01-04T00:57:12.441+0100: 3,091: [scrub symbol table, 0,0037690 secs]2017-01-04T00:57:12.445+0100: 3,095: [scrub string table, 0,0003754 secs][1 CMS-remark: 0K(393216K)] 11809K(502464K), 0,0206459 secs] [Times: user=0,06 sys=0,00, real=0,02 secs] 
2017-01-04T00:57:12.446+0100: 3,096: Total time for which application threads were stopped: 0,0207731 seconds, Stopping threads took: 0,0000442 seconds
2017-01-04T00:57:12.446+0100: 3,096: [CMS-concurrent-sweep-start]
2017-01-04T00:57:12.446+0100: 3,096: [CMS-concurrent-sweep: 0,000/0,000 secs] [Times: user=0,00 sys=0,00, real=0,00 secs] 
2017-01-04T00:57:12.446+0100: 3,096: [CMS-concurrent-reset-start]
2017-01-04T00:57:12.453+0100: 3,102: [CMS-concurrent-reset: 0,006/0,006 secs] [Times: user=0,01 sys=0,01, real=0,01 secs] 
2017-01-04T00:57:13.394+0100: 4,043: Total time for which application threads were stopped: 0,0003247 seconds, Stopping threads took: 0,0000188 seconds
2017-01-04T00:59:51.413+0100: 162,063: Total time for which application threads were stopped: 0,0000726 seconds, Stopping threads took: 0,0000311 seconds
2017-01-04T00:59:56.414+0100: 167,064: Total time for which application threads were stopped: 0,0002829 seconds, Stopping threads took: 0,0000855 seconds
2017-01-04T01:00:51.421+0100: 222,071: Total time for which application threads were stopped: 0,0000831 seconds, Stopping threads took: 0,0000339 seconds
2017-01-04T01:01:56.428+0100: 287,078: Total time for which application threads were stopped: 0,0001093 seconds, Stopping threads took: 0,0000419 seconds
2017-01-04T01:06:34.567+0100: 565,216: Total time for which application threads were stopped: 0,0001300 seconds, Stopping threads took: 0,0000265 seconds
Heap
 par new generation   total 109248K, used 57576K [0x00000000e0000000, 0x00000000e8000000, 0x00000000e8000000)
  eden space 87424K,  52% used [0x00000000e0000000, 0x00000000e2cb1f78, 0x00000000e5560000)
  from space 21824K,  54% used [0x00000000e5560000, 0x00000000e60e8418, 0x00000000e6ab0000)
  to   space 21824K,   0% used [0x00000000e6ab0000, 0x00000000e6ab0000, 0x00000000e8000000)
 concurrent mark-sweep generation total 393216K, used 0K [0x00000000e8000000, 0x0000000100000000, 0x0000000100000000)
 Metaspace       used 27224K, capacity 27660K, committed 27972K, reserved 1073152K
  class space    used 3167K, capacity 3320K, committed 3400K, reserved 1048576K
