OpenJDK 64-Bit Server VM (25.131-b11) for linux-amd64 JRE (1.8.0_131-8u131-b11-0ubuntu1.16.04.2-b11), built on May  6 2017 02:45:27 by "buildd" with gcc 5.4.0 20160609
Memory: 4k page, physical 7867740k(7400912k free), swap 8076284k(8076284k free)
CommandLine flags: -XX:CMSInitiatingOccupancyFraction=50 -XX:CMSMaxAbortablePrecleanTime=6000 -XX:+CMSParallelRemarkEnabled -XX:+CMSScavengeBeforeRemark -XX:ConcGCThreads=4 -XX:InitialHeapSize=536870912 -XX:MaxHeapSize=536870912 -XX:MaxTenuringThreshold=8 -XX:NewRatio=3 -XX:OldPLABSize=16 -XX:OnOutOfMemoryError=/opt/solr/bin/oom_solr.sh 8983 /var/solr/logs -XX:ParallelGCThreads=4 -XX:+ParallelRefProcEnabled -XX:PretenureSizeThreshold=67108864 -XX:+PrintGC -XX:+PrintGCApplicationStoppedTime -XX:+PrintGCDateStamps -XX:+PrintGCDetails -XX:+PrintGCTimeStamps -XX:+PrintHeapAtGC -XX:+PrintTenuringDistribution -XX:SurvivorRatio=4 -XX:TargetSurvivorRatio=90 -XX:ThreadStackSize=256 -XX:+UseCMSInitiatingOccupancyOnly -XX:+UseCompressedClassPointers -XX:+UseCompressedOops -XX:+UseConcMarkSweepGC -XX:+UseParNewGC 
2017-05-31T14:19:57.767+0200: 0,137: Total time for which application threads were stopped: 0,0000852 seconds, Stopping threads took: 0,0000131 seconds
2017-05-31T14:19:57.857+0200: 0,227: Total time for which application threads were stopped: 0,0001417 seconds, Stopping threads took: 0,0000269 seconds
2017-05-31T14:19:57.881+0200: 0,251: Total time for which application threads were stopped: 0,0000827 seconds, Stopping threads took: 0,0000089 seconds
2017-05-31T14:19:58.096+0200: 0,465: Total time for which application threads were stopped: 0,0001685 seconds, Stopping threads took: 0,0000220 seconds
2017-05-31T14:19:58.510+0200: 0,879: Total time for which application threads were stopped: 0,0001801 seconds, Stopping threads took: 0,0000317 seconds
2017-05-31T14:19:58.674+0200: 1,044: Total time for which application threads were stopped: 0,0002842 seconds, Stopping threads took: 0,0000328 seconds
2017-05-31T14:19:58.726+0200: 1,095: Total time for which application threads were stopped: 0,0002282 seconds, Stopping threads took: 0,0000255 seconds
2017-05-31T14:19:59.106+0200: 1,475: Total time for which application threads were stopped: 0,0011663 seconds, Stopping threads took: 0,0002437 seconds
2017-05-31T14:19:59.359+0200: 1,728: Total time for which application threads were stopped: 0,0002212 seconds, Stopping threads took: 0,0000194 seconds
2017-05-31T14:19:59.383+0200: 1,752: Total time for which application threads were stopped: 0,0001844 seconds, Stopping threads took: 0,0000153 seconds
2017-05-31T14:19:59.420+0200: 1,790: Total time for which application threads were stopped: 0,0001940 seconds, Stopping threads took: 0,0000167 seconds
2017-05-31T14:19:59.421+0200: 1,791: Total time for which application threads were stopped: 0,0001722 seconds, Stopping threads took: 0,0000128 seconds
2017-05-31T14:19:59.440+0200: 1,809: Total time for which application threads were stopped: 0,0001699 seconds, Stopping threads took: 0,0000110 seconds
2017-05-31T14:19:59.520+0200: 1,889: Total time for which application threads were stopped: 0,0002160 seconds, Stopping threads took: 0,0000229 seconds
2017-05-31T14:19:59.695+0200: 2,064: Total time for which application threads were stopped: 0,0003394 seconds, Stopping threads took: 0,0001209 seconds
{Heap before GC invocations=0 (full 0):
 par new generation   total 109248K, used 87424K [0x00000000e0000000, 0x00000000e8000000, 0x00000000e8000000)
  eden space 87424K, 100% used [0x00000000e0000000, 0x00000000e5560000, 0x00000000e5560000)
  from space 21824K,   0% used [0x00000000e5560000, 0x00000000e5560000, 0x00000000e6ab0000)
  to   space 21824K,   0% used [0x00000000e6ab0000, 0x00000000e6ab0000, 0x00000000e8000000)
 concurrent mark-sweep generation total 393216K, used 0K [0x00000000e8000000, 0x0000000100000000, 0x0000000100000000)
 Metaspace       used 18029K, capacity 18336K, committed 18688K, reserved 1064960K
  class space    used 2037K, capacity 2196K, committed 2304K, reserved 1048576K
2017-05-31T14:19:59.792+0200: 2,162: [GC (Allocation Failure) 2017-05-31T14:19:59.792+0200: 2,162: [ParNew
Desired survivor size 20112992 bytes, new threshold 8 (max 8)
- age   1:   12596056 bytes,   12596056 total
: 87424K->12414K(109248K), 0,0161252 secs] 87424K->12414K(502464K), 0,0162147 secs] [Times: user=0,04 sys=0,04, real=0,01 secs] 
Heap after GC invocations=1 (full 0):
 par new generation   total 109248K, used 12414K [0x00000000e0000000, 0x00000000e8000000, 0x00000000e8000000)
  eden space 87424K,   0% used [0x00000000e0000000, 0x00000000e0000000, 0x00000000e5560000)
  from space 21824K,  56% used [0x00000000e6ab0000, 0x00000000e76cf878, 0x00000000e8000000)
  to   space 21824K,   0% used [0x00000000e5560000, 0x00000000e5560000, 0x00000000e6ab0000)
 concurrent mark-sweep generation total 393216K, used 0K [0x00000000e8000000, 0x0000000100000000, 0x0000000100000000)
 Metaspace       used 18029K, capacity 18336K, committed 18688K, reserved 1064960K
  class space    used 2037K, capacity 2196K, committed 2304K, reserved 1048576K
}
2017-05-31T14:19:59.808+0200: 2,178: Total time for which application threads were stopped: 0,0165001 seconds, Stopping threads took: 0,0000481 seconds
2017-05-31T14:20:00.147+0200: 2,516: Total time for which application threads were stopped: 0,0004603 seconds, Stopping threads took: 0,0001827 seconds
{Heap before GC invocations=1 (full 0):
 par new generation   total 109248K, used 99838K [0x00000000e0000000, 0x00000000e8000000, 0x00000000e8000000)
  eden space 87424K, 100% used [0x00000000e0000000, 0x00000000e5560000, 0x00000000e5560000)
  from space 21824K,  56% used [0x00000000e6ab0000, 0x00000000e76cf878, 0x00000000e8000000)
  to   space 21824K,   0% used [0x00000000e5560000, 0x00000000e5560000, 0x00000000e6ab0000)
 concurrent mark-sweep generation total 393216K, used 0K [0x00000000e8000000, 0x0000000100000000, 0x0000000100000000)
 Metaspace       used 20061K, capacity 20422K, committed 20736K, reserved 1067008K
  class space    used 2293K, capacity 2467K, committed 2560K, reserved 1048576K
2017-05-31T14:20:00.194+0200: 2,564: [GC (Allocation Failure) 2017-05-31T14:20:00.194+0200: 2,564: [ParNew
Desired survivor size 20112992 bytes, new threshold 8 (max 8)
- age   1:    3749008 bytes,    3749008 total
- age   2:    6665720 bytes,   10414728 total
: 99838K->13731K(109248K), 0,0167978 secs] 99838K->13731K(502464K), 0,0168762 secs] [Times: user=0,06 sys=0,00, real=0,02 secs] 
Heap after GC invocations=2 (full 0):
 par new generation   total 109248K, used 13731K [0x00000000e0000000, 0x00000000e8000000, 0x00000000e8000000)
  eden space 87424K,   0% used [0x00000000e0000000, 0x00000000e0000000, 0x00000000e5560000)
  from space 21824K,  62% used [0x00000000e5560000, 0x00000000e62c8e98, 0x00000000e6ab0000)
  to   space 21824K,   0% used [0x00000000e6ab0000, 0x00000000e6ab0000, 0x00000000e8000000)
 concurrent mark-sweep generation total 393216K, used 0K [0x00000000e8000000, 0x0000000100000000, 0x0000000100000000)
 Metaspace       used 20061K, capacity 20422K, committed 20736K, reserved 1067008K
  class space    used 2293K, capacity 2467K, committed 2560K, reserved 1048576K
}
2017-05-31T14:20:00.211+0200: 2,581: Total time for which application threads were stopped: 0,0171205 seconds, Stopping threads took: 0,0001036 seconds
2017-05-31T14:20:00.218+0200: 2,587: Total time for which application threads were stopped: 0,0037004 seconds, Stopping threads took: 0,0034582 seconds
2017-05-31T14:20:00.241+0200: 2,610: Total time for which application threads were stopped: 0,0003196 seconds, Stopping threads took: 0,0000528 seconds
2017-05-31T14:20:00.362+0200: 2,731: Total time for which application threads were stopped: 0,0041186 seconds, Stopping threads took: 0,0039622 seconds
{Heap before GC invocations=2 (full 0):
 par new generation   total 109248K, used 101155K [0x00000000e0000000, 0x00000000e8000000, 0x00000000e8000000)
  eden space 87424K, 100% used [0x00000000e0000000, 0x00000000e5560000, 0x00000000e5560000)
  from space 21824K,  62% used [0x00000000e5560000, 0x00000000e62c8e98, 0x00000000e6ab0000)
  to   space 21824K,   0% used [0x00000000e6ab0000, 0x00000000e6ab0000, 0x00000000e8000000)
 concurrent mark-sweep generation total 393216K, used 0K [0x00000000e8000000, 0x0000000100000000, 0x0000000100000000)
 Metaspace       used 20949K, capacity 21280K, committed 21552K, reserved 1069056K
  class space    used 2416K, capacity 2586K, committed 2608K, reserved 1048576K
2017-05-31T14:20:00.384+0200: 2,753: [GC (Allocation Failure) 2017-05-31T14:20:00.384+0200: 2,753: [ParNew
Desired survivor size 20112992 bytes, new threshold 8 (max 8)
- age   1:    2070496 bytes,    2070496 total
- age   2:     856736 bytes,    2927232 total
- age   3:    6662616 bytes,    9589848 total
: 101155K->11551K(109248K), 0,0099808 secs] 101155K->11551K(502464K), 0,0100585 secs] [Times: user=0,03 sys=0,00, real=0,01 secs] 
Heap after GC invocations=3 (full 0):
 par new generation   total 109248K, used 11551K [0x00000000e0000000, 0x00000000e8000000, 0x00000000e8000000)
  eden space 87424K,   0% used [0x00000000e0000000, 0x00000000e0000000, 0x00000000e5560000)
  from space 21824K,  52% used [0x00000000e6ab0000, 0x00000000e75f7d00, 0x00000000e8000000)
  to   space 21824K,   0% used [0x00000000e5560000, 0x00000000e5560000, 0x00000000e6ab0000)
 concurrent mark-sweep generation total 393216K, used 0K [0x00000000e8000000, 0x0000000100000000, 0x0000000100000000)
 Metaspace       used 20949K, capacity 21280K, committed 21552K, reserved 1069056K
  class space    used 2416K, capacity 2586K, committed 2608K, reserved 1048576K
}
2017-05-31T14:20:00.394+0200: 2,763: Total time for which application threads were stopped: 0,0106451 seconds, Stopping threads took: 0,0004522 seconds
2017-05-31T14:20:00.394+0200: 2,764: [GC (CMS Initial Mark) [1 CMS-initial-mark: 0K(393216K)] 12313K(502464K), 0,0031878 secs] [Times: user=0,01 sys=0,00, real=0,00 secs] 
2017-05-31T14:20:00.397+0200: 2,767: Total time for which application threads were stopped: 0,0033450 seconds, Stopping threads took: 0,0000601 seconds
2017-05-31T14:20:00.397+0200: 2,767: [CMS-concurrent-mark-start]
2017-05-31T14:20:00.398+0200: 2,767: [CMS-concurrent-mark: 0,001/0,001 secs] [Times: user=0,01 sys=0,00, real=0,01 secs] 
2017-05-31T14:20:00.398+0200: 2,768: [CMS-concurrent-preclean-start]
2017-05-31T14:20:00.399+0200: 2,769: [CMS-concurrent-preclean: 0,001/0,001 secs] [Times: user=0,00 sys=0,00, real=0,00 secs] 
2017-05-31T14:20:00.399+0200: 2,769: [GC (CMS Final Remark) [YG occupancy: 13008 K (109248 K)]{Heap before GC invocations=3 (full 1):
 par new generation   total 109248K, used 13008K [0x00000000e0000000, 0x00000000e8000000, 0x00000000e8000000)
  eden space 87424K,   1% used [0x00000000e0000000, 0x00000000e016c3e0, 0x00000000e5560000)
  from space 21824K,  52% used [0x00000000e6ab0000, 0x00000000e75f7d00, 0x00000000e8000000)
  to   space 21824K,   0% used [0x00000000e5560000, 0x00000000e5560000, 0x00000000e6ab0000)
 concurrent mark-sweep generation total 393216K, used 0K [0x00000000e8000000, 0x0000000100000000, 0x0000000100000000)
 Metaspace       used 20950K, capacity 21280K, committed 21552K, reserved 1069056K
  class space    used 2416K, capacity 2586K, committed 2608K, reserved 1048576K
2017-05-31T14:20:00.399+0200: 2,769: [GC (CMS Final Remark) 2017-05-31T14:20:00.399+0200: 2,769: [ParNew
Desired survivor size 20112992 bytes, new threshold 8 (max 8)
- age   1:     157688 bytes,     157688 total
- age   2:    1593992 bytes,    1751680 total
- age   3:     827504 bytes,    2579184 total
- age   4:    6662872 bytes,    9242056 total
: 13008K->14818K(109248K), 0,0094766 secs] 13008K->14818K(502464K), 0,0095281 secs] [Times: user=0,04 sys=0,00, real=0,00 secs] 
Heap after GC invocations=4 (full 1):
 par new generation   total 109248K, used 14818K [0x00000000e0000000, 0x00000000e8000000, 0x00000000e8000000)
  eden space 87424K,   0% used [0x00000000e0000000, 0x00000000e0000000, 0x00000000e5560000)
  from space 21824K,  67% used [0x00000000e5560000, 0x00000000e63d8a40, 0x00000000e6ab0000)
  to   space 21824K,   0% used [0x00000000e6ab0000, 0x00000000e6ab0000, 0x00000000e8000000)
 concurrent mark-sweep generation total 393216K, used 0K [0x00000000e8000000, 0x0000000100000000, 0x0000000100000000)
 Metaspace       used 20950K, capacity 21280K, committed 21552K, reserved 1069056K
  class space    used 2416K, capacity 2586K, committed 2608K, reserved 1048576K
}
2017-05-31T14:20:00.409+0200: 2,778: [Rescan (parallel) , 0,0031688 secs]2017-05-31T14:20:00.412+0200: 2,782: [weak refs processing, 0,0007659 secs]2017-05-31T14:20:00.413+0200: 2,782: [class unloading, 0,0027049 secs]2017-05-31T14:20:00.416+0200: 2,785: [scrub symbol table, 0,0030207 secs]2017-05-31T14:20:00.419+0200: 2,788: [scrub string table, 0,0003675 secs][1 CMS-remark: 0K(393216K)] 14818K(502464K), 0,0201717 secs] [Times: user=0,06 sys=0,00, real=0,02 secs] 
2017-05-31T14:20:00.420+0200: 2,789: Total time for which application threads were stopped: 0,0203232 seconds, Stopping threads took: 0,0000595 seconds
2017-05-31T14:20:00.420+0200: 2,789: [CMS-concurrent-sweep-start]
2017-05-31T14:20:00.420+0200: 2,789: [CMS-concurrent-sweep: 0,000/0,000 secs] [Times: user=0,00 sys=0,00, real=0,00 secs] 
2017-05-31T14:20:00.420+0200: 2,789: [CMS-concurrent-reset-start]
2017-05-31T14:20:00.422+0200: 2,791: [CMS-concurrent-reset: 0,002/0,002 secs] [Times: user=0,00 sys=0,00, real=0,00 secs] 
{Heap before GC invocations=4 (full 1):
 par new generation   total 109248K, used 102242K [0x00000000e0000000, 0x00000000e8000000, 0x00000000e8000000)
  eden space 87424K, 100% used [0x00000000e0000000, 0x00000000e5560000, 0x00000000e5560000)
  from space 21824K,  67% used [0x00000000e5560000, 0x00000000e63d8a40, 0x00000000e6ab0000)
  to   space 21824K,   0% used [0x00000000e6ab0000, 0x00000000e6ab0000, 0x00000000e8000000)
 concurrent mark-sweep generation total 393216K, used 0K [0x00000000e8000000, 0x0000000100000000, 0x0000000100000000)
 Metaspace       used 21205K, capacity 21556K, committed 21808K, reserved 1069056K
  class space    used 2446K, capacity 2601K, committed 2608K, reserved 1048576K
2017-05-31T14:20:00.534+0200: 2,904: [GC (Allocation Failure) 2017-05-31T14:20:00.535+0200: 2,904: [ParNew
Desired survivor size 20112992 bytes, new threshold 8 (max 8)
- age   1:     550296 bytes,     550296 total
- age   3:    1445552 bytes,    1995848 total
- age   4:     821424 bytes,    2817272 total
- age   5:    6662816 bytes,    9480088 total
: 102242K->10933K(109248K), 0,0097365 secs] 102242K->10933K(502464K), 0,0098032 secs] [Times: user=0,03 sys=0,00, real=0,01 secs] 
Heap after GC invocations=5 (full 1):
 par new generation   total 109248K, used 10933K [0x00000000e0000000, 0x00000000e8000000, 0x00000000e8000000)
  eden space 87424K,   0% used [0x00000000e0000000, 0x00000000e0000000, 0x00000000e5560000)
  from space 21824K,  50% used [0x00000000e6ab0000, 0x00000000e755d430, 0x00000000e8000000)
  to   space 21824K,   0% used [0x00000000e5560000, 0x00000000e5560000, 0x00000000e6ab0000)
 concurrent mark-sweep generation total 393216K, used 0K [0x00000000e8000000, 0x0000000100000000, 0x0000000100000000)
 Metaspace       used 21205K, capacity 21556K, committed 21808K, reserved 1069056K
  class space    used 2446K, capacity 2601K, committed 2608K, reserved 1048576K
}
2017-05-31T14:20:00.544+0200: 2,914: Total time for which application threads were stopped: 0,0100450 seconds, Stopping threads took: 0,0000949 seconds
{Heap before GC invocations=5 (full 1):
 par new generation   total 109248K, used 98357K [0x00000000e0000000, 0x00000000e8000000, 0x00000000e8000000)
  eden space 87424K, 100% used [0x00000000e0000000, 0x00000000e5560000, 0x00000000e5560000)
  from space 21824K,  50% used [0x00000000e6ab0000, 0x00000000e755d430, 0x00000000e8000000)
  to   space 21824K,   0% used [0x00000000e5560000, 0x00000000e5560000, 0x00000000e6ab0000)
 concurrent mark-sweep generation total 393216K, used 0K [0x00000000e8000000, 0x0000000100000000, 0x0000000100000000)
 Metaspace       used 21386K, capacity 21792K, committed 21936K, reserved 1069056K
  class space    used 2466K, capacity 2635K, committed 2736K, reserved 1048576K
2017-05-31T14:20:00.625+0200: 2,995: [GC (Allocation Failure) 2017-05-31T14:20:00.626+0200: 2,995: [ParNew
Desired survivor size 20112992 bytes, new threshold 8 (max 8)
- age   1:     757536 bytes,     757536 total
- age   2:     196896 bytes,     954432 total
- age   4:    1445136 bytes,    2399568 total
- age   5:     821312 bytes,    3220880 total
- age   6:    6662600 bytes,    9883480 total
: 98357K->16073K(109248K), 0,0120288 secs] 98357K->16073K(502464K), 0,0121025 secs] [Times: user=0,03 sys=0,00, real=0,02 secs] 
Heap after GC invocations=6 (full 1):
 par new generation   total 109248K, used 16073K [0x00000000e0000000, 0x00000000e8000000, 0x00000000e8000000)
  eden space 87424K,   0% used [0x00000000e0000000, 0x00000000e0000000, 0x00000000e5560000)
  from space 21824K,  73% used [0x00000000e5560000, 0x00000000e65124c0, 0x00000000e6ab0000)
  to   space 21824K,   0% used [0x00000000e6ab0000, 0x00000000e6ab0000, 0x00000000e8000000)
 concurrent mark-sweep generation total 393216K, used 0K [0x00000000e8000000, 0x0000000100000000, 0x0000000100000000)
 Metaspace       used 21386K, capacity 21792K, committed 21936K, reserved 1069056K
  class space    used 2466K, capacity 2635K, committed 2736K, reserved 1048576K
}
2017-05-31T14:20:00.638+0200: 3,007: Total time for which application threads were stopped: 0,0139733 seconds, Stopping threads took: 0,0017194 seconds
2017-05-31T14:20:00.668+0200: 3,038: Total time for which application threads were stopped: 0,0003343 seconds, Stopping threads took: 0,0000366 seconds
2017-05-31T14:20:00.929+0200: 3,298: Total time for which application threads were stopped: 0,0004960 seconds, Stopping threads took: 0,0000288 seconds
2017-05-31T14:20:00.942+0200: 3,312: Total time for which application threads were stopped: 0,0004603 seconds, Stopping threads took: 0,0000447 seconds
{Heap before GC invocations=6 (full 1):
 par new generation   total 109248K, used 103497K [0x00000000e0000000, 0x00000000e8000000, 0x00000000e8000000)
  eden space 87424K, 100% used [0x00000000e0000000, 0x00000000e5560000, 0x00000000e5560000)
  from space 21824K,  73% used [0x00000000e5560000, 0x00000000e65124c0, 0x00000000e6ab0000)
  to   space 21824K,   0% used [0x00000000e6ab0000, 0x00000000e6ab0000, 0x00000000e8000000)
 concurrent mark-sweep generation total 393216K, used 0K [0x00000000e8000000, 0x0000000100000000, 0x0000000100000000)
 Metaspace       used 23972K, capacity 24386K, committed 24624K, reserved 1071104K
  class space    used 2832K, capacity 3010K, committed 3120K, reserved 1048576K
2017-05-31T14:20:01.114+0200: 3,484: [GC (Allocation Failure) 2017-05-31T14:20:01.114+0200: 3,484: [ParNew
Desired survivor size 20112992 bytes, new threshold 8 (max 8)
- age   1:    5431112 bytes,    5431112 total
- age   2:     121144 bytes,    5552256 total
- age   3:     195680 bytes,    5747936 total
- age   5:     275696 bytes,    6023632 total
- age   6:     796960 bytes,    6820592 total
- age   7:    6654792 bytes,   13475384 total
: 103497K->16582K(109248K), 0,0155374 secs] 103497K->16582K(502464K), 0,0156085 secs] [Times: user=0,06 sys=0,00, real=0,02 secs] 
Heap after GC invocations=7 (full 1):
 par new generation   total 109248K, used 16582K [0x00000000e0000000, 0x00000000e8000000, 0x00000000e8000000)
  eden space 87424K,   0% used [0x00000000e0000000, 0x00000000e0000000, 0x00000000e5560000)
  from space 21824K,  75% used [0x00000000e6ab0000, 0x00000000e7ae1b68, 0x00000000e8000000)
  to   space 21824K,   0% used [0x00000000e5560000, 0x00000000e5560000, 0x00000000e6ab0000)
 concurrent mark-sweep generation total 393216K, used 0K [0x00000000e8000000, 0x0000000100000000, 0x0000000100000000)
 Metaspace       used 23972K, capacity 24386K, committed 24624K, reserved 1071104K
  class space    used 2832K, capacity 3010K, committed 3120K, reserved 1048576K
}
2017-05-31T14:20:01.130+0200: 3,500: Total time for which application threads were stopped: 0,0161059 seconds, Stopping threads took: 0,0002891 seconds
{Heap before GC invocations=7 (full 1):
 par new generation   total 109248K, used 104006K [0x00000000e0000000, 0x00000000e8000000, 0x00000000e8000000)
  eden space 87424K, 100% used [0x00000000e0000000, 0x00000000e5560000, 0x00000000e5560000)
  from space 21824K,  75% used [0x00000000e6ab0000, 0x00000000e7ae1b68, 0x00000000e8000000)
  to   space 21824K,   0% used [0x00000000e5560000, 0x00000000e5560000, 0x00000000e6ab0000)
 concurrent mark-sweep generation total 393216K, used 0K [0x00000000e8000000, 0x0000000100000000, 0x0000000100000000)
 Metaspace       used 24305K, capacity 24744K, committed 24880K, reserved 1071104K
  class space    used 2853K, capacity 3043K, committed 3120K, reserved 1048576K
2017-05-31T14:20:01.197+0200: 3,567: [GC (Allocation Failure) 2017-05-31T14:20:01.197+0200: 3,567: [ParNew
Desired survivor size 20112992 bytes, new threshold 8 (max 8)
- age   1:    2102904 bytes,    2102904 total
- age   2:    1816560 bytes,    3919464 total
- age   3:      53288 bytes,    3972752 total
- age   4:     111608 bytes,    4084360 total
- age   6:     179384 bytes,    4263744 total
- age   7:     753792 bytes,    5017536 total
- age   8:    6120016 bytes,   11137552 total
: 104006K->19206K(109248K), 0,0118260 secs] 104006K->19206K(502464K), 0,0119082 secs] [Times: user=0,04 sys=0,00, real=0,01 secs] 
Heap after GC invocations=8 (full 1):
 par new generation   total 109248K, used 19206K [0x00000000e0000000, 0x00000000e8000000, 0x00000000e8000000)
  eden space 87424K,   0% used [0x00000000e0000000, 0x00000000e0000000, 0x00000000e5560000)
  from space 21824K,  88% used [0x00000000e5560000, 0x00000000e6821890, 0x00000000e6ab0000)
  to   space 21824K,   0% used [0x00000000e6ab0000, 0x00000000e6ab0000, 0x00000000e8000000)
 concurrent mark-sweep generation total 393216K, used 0K [0x00000000e8000000, 0x0000000100000000, 0x0000000100000000)
 Metaspace       used 24305K, capacity 24744K, committed 24880K, reserved 1071104K
  class space    used 2853K, capacity 3043K, committed 3120K, reserved 1048576K
}
2017-05-31T14:20:01.209+0200: 3,579: Total time for which application threads were stopped: 0,0127235 seconds, Stopping threads took: 0,0006039 seconds
{Heap before GC invocations=8 (full 1):
 par new generation   total 109248K, used 106622K [0x00000000e0000000, 0x00000000e8000000, 0x00000000e8000000)
  eden space 87424K,  99% used [0x00000000e0000000, 0x00000000e555df98, 0x00000000e5560000)
  from space 21824K,  88% used [0x00000000e5560000, 0x00000000e6821890, 0x00000000e6ab0000)
  to   space 21824K,   0% used [0x00000000e6ab0000, 0x00000000e6ab0000, 0x00000000e8000000)
 concurrent mark-sweep generation total 393216K, used 0K [0x00000000e8000000, 0x0000000100000000, 0x0000000100000000)
 Metaspace       used 24626K, capacity 25122K, committed 25392K, reserved 1071104K
  class space    used 2879K, capacity 3080K, committed 3120K, reserved 1048576K
2017-05-31T14:20:01.369+0200: 3,739: [GC (Allocation Failure) 2017-05-31T14:20:01.369+0200: 3,739: [ParNew
Desired survivor size 20112992 bytes, new threshold 8 (max 8)
- age   1:     863752 bytes,     863752 total
- age   2:     946824 bytes,    1810576 total
- age   3:    1794272 bytes,    3604848 total
- age   4:      53256 bytes,    3658104 total
- age   5:     111408 bytes,    3769512 total
- age   7:     176616 bytes,    3946128 total
- age   8:     753024 bytes,    4699152 total
: 106622K->8194K(109248K), 0,0469798 secs] 106622K->14253K(502464K), 0,0470554 secs] [Times: user=0,09 sys=0,01, real=0,05 secs] 
Heap after GC invocations=9 (full 1):
 par new generation   total 109248K, used 8194K [0x00000000e0000000, 0x00000000e8000000, 0x00000000e8000000)
  eden space 87424K,   0% used [0x00000000e0000000, 0x00000000e0000000, 0x00000000e5560000)
  from space 21824K,  37% used [0x00000000e6ab0000, 0x00000000e72b0910, 0x00000000e8000000)
  to   space 21824K,   0% used [0x00000000e5560000, 0x00000000e5560000, 0x00000000e6ab0000)
 concurrent mark-sweep generation total 393216K, used 6058K [0x00000000e8000000, 0x0000000100000000, 0x0000000100000000)
 Metaspace       used 24626K, capacity 25122K, committed 25392K, reserved 1071104K
  class space    used 2879K, capacity 3080K, committed 3120K, reserved 1048576K
}
2017-05-31T14:20:01.416+0200: 3,786: Total time for which application threads were stopped: 0,0473480 seconds, Stopping threads took: 0,0000824 seconds
2017-05-31T14:20:01.682+0200: 4,051: Total time for which application threads were stopped: 0,0006265 seconds, Stopping threads took: 0,0001346 seconds
2017-05-31T14:20:01.685+0200: 4,055: Total time for which application threads were stopped: 0,0005369 seconds, Stopping threads took: 0,0000443 seconds
2017-05-31T14:20:01.687+0200: 4,056: Total time for which application threads were stopped: 0,0001367 seconds, Stopping threads took: 0,0000232 seconds
2017-05-31T14:20:01.693+0200: 4,062: Total time for which application threads were stopped: 0,0001620 seconds, Stopping threads took: 0,0000567 seconds
2017-05-31T14:20:01.697+0200: 4,066: Total time for which application threads were stopped: 0,0001402 seconds, Stopping threads took: 0,0000292 seconds
2017-05-31T14:20:01.697+0200: 4,067: Total time for which application threads were stopped: 0,0003561 seconds, Stopping threads took: 0,0000142 seconds
2017-05-31T14:20:01.699+0200: 4,068: Total time for which application threads were stopped: 0,0000939 seconds, Stopping threads took: 0,0000217 seconds
2017-05-31T14:20:01.702+0200: 4,071: Total time for which application threads were stopped: 0,0001698 seconds, Stopping threads took: 0,0000463 seconds
2017-05-31T14:20:01.706+0200: 4,075: Total time for which application threads were stopped: 0,0032958 seconds, Stopping threads took: 0,0032084 seconds
2017-05-31T14:20:01.708+0200: 4,078: Total time for which application threads were stopped: 0,0001775 seconds, Stopping threads took: 0,0000649 seconds
2017-05-31T14:20:01.710+0200: 4,079: Total time for which application threads were stopped: 0,0001148 seconds, Stopping threads took: 0,0000298 seconds
2017-05-31T14:20:01.713+0200: 4,083: Total time for which application threads were stopped: 0,0001085 seconds, Stopping threads took: 0,0000229 seconds
2017-05-31T14:20:01.714+0200: 4,084: Total time for which application threads were stopped: 0,0001088 seconds, Stopping threads took: 0,0000317 seconds
2017-05-31T14:20:01.754+0200: 4,123: Total time for which application threads were stopped: 0,0039609 seconds, Stopping threads took: 0,0035845 seconds
2017-05-31T14:20:01.763+0200: 4,132: Total time for which application threads were stopped: 0,0001127 seconds, Stopping threads took: 0,0000451 seconds
2017-05-31T14:20:01.767+0200: 4,137: Total time for which application threads were stopped: 0,0001327 seconds, Stopping threads took: 0,0000507 seconds
2017-05-31T14:20:01.771+0200: 4,141: Total time for which application threads were stopped: 0,0000989 seconds, Stopping threads took: 0,0000366 seconds
2017-05-31T14:20:01.777+0200: 4,147: Total time for which application threads were stopped: 0,0001101 seconds, Stopping threads took: 0,0000340 seconds
2017-05-31T14:20:01.778+0200: 4,147: Total time for which application threads were stopped: 0,0000813 seconds, Stopping threads took: 0,0000281 seconds
2017-05-31T14:20:01.778+0200: 4,147: Total time for which application threads were stopped: 0,0000821 seconds, Stopping threads took: 0,0000218 seconds
2017-05-31T14:20:01.779+0200: 4,149: Total time for which application threads were stopped: 0,0001310 seconds, Stopping threads took: 0,0000397 seconds
2017-05-31T14:20:01.780+0200: 4,149: Total time for which application threads were stopped: 0,0000775 seconds, Stopping threads took: 0,0000249 seconds
2017-05-31T14:20:01.780+0200: 4,149: Total time for which application threads were stopped: 0,0000847 seconds, Stopping threads took: 0,0000388 seconds
2017-05-31T14:20:01.780+0200: 4,150: Total time for which application threads were stopped: 0,0000708 seconds, Stopping threads took: 0,0000168 seconds
2017-05-31T14:20:01.780+0200: 4,150: Total time for which application threads were stopped: 0,0000506 seconds, Stopping threads took: 0,0000133 seconds
2017-05-31T14:20:01.780+0200: 4,150: Total time for which application threads were stopped: 0,0000763 seconds, Stopping threads took: 0,0000300 seconds
2017-05-31T14:20:01.782+0200: 4,151: Total time for which application threads were stopped: 0,0001731 seconds, Stopping threads took: 0,0000248 seconds
2017-05-31T14:20:01.782+0200: 4,152: Total time for which application threads were stopped: 0,0000706 seconds, Stopping threads took: 0,0000220 seconds
2017-05-31T14:20:01.782+0200: 4,152: Total time for which application threads were stopped: 0,0000590 seconds, Stopping threads took: 0,0000192 seconds
2017-05-31T14:20:01.786+0200: 4,155: Total time for which application threads were stopped: 0,0032522 seconds, Stopping threads took: 0,0031721 seconds
2017-05-31T14:20:01.786+0200: 4,155: Total time for which application threads were stopped: 0,0000707 seconds, Stopping threads took: 0,0000151 seconds
2017-05-31T14:20:01.786+0200: 4,155: Total time for which application threads were stopped: 0,0000484 seconds, Stopping threads took: 0,0000160 seconds
2017-05-31T14:20:01.786+0200: 4,156: Total time for which application threads were stopped: 0,0000487 seconds, Stopping threads took: 0,0000095 seconds
2017-05-31T14:20:01.790+0200: 4,159: Total time for which application threads were stopped: 0,0001008 seconds, Stopping threads took: 0,0000223 seconds
2017-05-31T14:20:01.790+0200: 4,159: Total time for which application threads were stopped: 0,0000890 seconds, Stopping threads took: 0,0000236 seconds
2017-05-31T14:20:01.790+0200: 4,160: Total time for which application threads were stopped: 0,0000715 seconds, Stopping threads took: 0,0000209 seconds
2017-05-31T14:20:01.790+0200: 4,160: Total time for which application threads were stopped: 0,0000602 seconds, Stopping threads took: 0,0000176 seconds
2017-05-31T14:20:01.793+0200: 4,162: Total time for which application threads were stopped: 0,0021898 seconds, Stopping threads took: 0,0021308 seconds
2017-05-31T14:20:01.793+0200: 4,162: Total time for which application threads were stopped: 0,0000584 seconds, Stopping threads took: 0,0000104 seconds
2017-05-31T14:20:01.793+0200: 4,162: Total time for which application threads were stopped: 0,0000651 seconds, Stopping threads took: 0,0000174 seconds
2017-05-31T14:20:01.793+0200: 4,162: Total time for which application threads were stopped: 0,0000634 seconds, Stopping threads took: 0,0000165 seconds
2017-05-31T14:20:01.793+0200: 4,162: Total time for which application threads were stopped: 0,0000474 seconds, Stopping threads took: 0,0000085 seconds
2017-05-31T14:20:01.793+0200: 4,163: Total time for which application threads were stopped: 0,0000552 seconds, Stopping threads took: 0,0000107 seconds
2017-05-31T14:20:01.793+0200: 4,163: Total time for which application threads were stopped: 0,0000464 seconds, Stopping threads took: 0,0000085 seconds
2017-05-31T14:20:01.793+0200: 4,163: Total time for which application threads were stopped: 0,0000927 seconds, Stopping threads took: 0,0000272 seconds
2017-05-31T14:20:01.794+0200: 4,163: Total time for which application threads were stopped: 0,0000501 seconds, Stopping threads took: 0,0000142 seconds
2017-05-31T14:20:01.794+0200: 4,163: Total time for which application threads were stopped: 0,0001220 seconds, Stopping threads took: 0,0000083 seconds
2017-05-31T14:20:01.798+0200: 4,168: Total time for which application threads were stopped: 0,0001586 seconds, Stopping threads took: 0,0000757 seconds
2017-05-31T14:20:01.804+0200: 4,173: Total time for which application threads were stopped: 0,0001617 seconds, Stopping threads took: 0,0000522 seconds
2017-05-31T14:20:01.810+0200: 4,179: Total time for which application threads were stopped: 0,0029610 seconds, Stopping threads took: 0,0028757 seconds
2017-05-31T14:20:01.842+0200: 4,211: Total time for which application threads were stopped: 0,0011612 seconds, Stopping threads took: 0,0010881 seconds
2017-05-31T14:20:01.870+0200: 4,239: Total time for which application threads were stopped: 0,0001748 seconds, Stopping threads took: 0,0000583 seconds
2017-05-31T14:20:01.870+0200: 4,240: Total time for which application threads were stopped: 0,0004186 seconds, Stopping threads took: 0,0000109 seconds
2017-05-31T14:20:01.871+0200: 4,240: Total time for which application threads were stopped: 0,0000956 seconds, Stopping threads took: 0,0000223 seconds
2017-05-31T14:20:01.871+0200: 4,240: Total time for which application threads were stopped: 0,0000985 seconds, Stopping threads took: 0,0000438 seconds
2017-05-31T14:20:01.876+0200: 4,245: Total time for which application threads were stopped: 0,0001099 seconds, Stopping threads took: 0,0000368 seconds
2017-05-31T14:20:02.876+0200: 5,245: Total time for which application threads were stopped: 0,0001087 seconds, Stopping threads took: 0,0000212 seconds
2017-05-31T14:20:13.877+0200: 16,247: Total time for which application threads were stopped: 0,0000629 seconds, Stopping threads took: 0,0000163 seconds
2017-05-31T14:20:19.878+0200: 22,247: Total time for which application threads were stopped: 0,0000608 seconds, Stopping threads took: 0,0000152 seconds
2017-05-31T14:20:29.879+0200: 32,249: Total time for which application threads were stopped: 0,0000849 seconds, Stopping threads took: 0,0000228 seconds
2017-05-31T14:21:54.888+0200: 117,258: Total time for which application threads were stopped: 0,0001053 seconds, Stopping threads took: 0,0000512 seconds
2017-05-31T14:21:59.889+0200: 122,258: Total time for which application threads were stopped: 0,0000642 seconds, Stopping threads took: 0,0000160 seconds
{Heap before GC invocations=9 (full 1):
 par new generation   total 109248K, used 95618K [0x00000000e0000000, 0x00000000e8000000, 0x00000000e8000000)
  eden space 87424K, 100% used [0x00000000e0000000, 0x00000000e5560000, 0x00000000e5560000)
  from space 21824K,  37% used [0x00000000e6ab0000, 0x00000000e72b0910, 0x00000000e8000000)
  to   space 21824K,   0% used [0x00000000e5560000, 0x00000000e5560000, 0x00000000e6ab0000)
 concurrent mark-sweep generation total 393216K, used 6058K [0x00000000e8000000, 0x0000000100000000, 0x0000000100000000)
 Metaspace       used 27999K, capacity 28540K, committed 28848K, reserved 1075200K
  class space    used 3210K, capacity 3385K, committed 3504K, reserved 1048576K
2017-05-31T14:22:53.534+0200: 175,903: [GC (Allocation Failure) 2017-05-31T14:22:53.534+0200: 175,903: [ParNew
Desired survivor size 20112992 bytes, new threshold 8 (max 8)
- age   1:   11115976 bytes,   11115976 total
- age   2:     224984 bytes,   11340960 total
- age   3:     158832 bytes,   11499792 total
- age   4:    1788848 bytes,   13288640 total
- age   5:      53256 bytes,   13341896 total
- age   6:     108704 bytes,   13450600 total
- age   8:     175992 bytes,   13626592 total
: 95618K->14316K(109248K), 0,0173062 secs] 101677K->21195K(502464K), 0,0173692 secs] [Times: user=0,06 sys=0,00, real=0,02 secs] 
Heap after GC invocations=10 (full 1):
 par new generation   total 109248K, used 14316K [0x00000000e0000000, 0x00000000e8000000, 0x00000000e8000000)
  eden space 87424K,   0% used [0x00000000e0000000, 0x00000000e0000000, 0x00000000e5560000)
  from space 21824K,  65% used [0x00000000e5560000, 0x00000000e635b1f0, 0x00000000e6ab0000)
  to   space 21824K,   0% used [0x00000000e6ab0000, 0x00000000e6ab0000, 0x00000000e8000000)
 concurrent mark-sweep generation total 393216K, used 6879K [0x00000000e8000000, 0x0000000100000000, 0x0000000100000000)
 Metaspace       used 27999K, capacity 28540K, committed 28848K, reserved 1075200K
  class space    used 3210K, capacity 3385K, committed 3504K, reserved 1048576K
}
2017-05-31T14:22:53.551+0200: 175,921: Total time for which application threads were stopped: 0,0175450 seconds, Stopping threads took: 0,0000394 seconds
2017-05-31T14:22:53.553+0200: 175,922: Total time for which application threads were stopped: 0,0000856 seconds, Stopping threads took: 0,0000389 seconds
2017-05-31T14:22:53.557+0200: 175,927: Total time for which application threads were stopped: 0,0000995 seconds, Stopping threads took: 0,0000490 seconds
2017-05-31T14:26:31.016+0200: 393,385: Total time for which application threads were stopped: 0,0004560 seconds, Stopping threads took: 0,0000180 seconds
2017-05-31T14:26:31.038+0200: 393,408: Total time for which application threads were stopped: 0,0001113 seconds, Stopping threads took: 0,0000456 seconds
2017-05-31T14:26:31.039+0200: 393,408: Total time for which application threads were stopped: 0,0000734 seconds, Stopping threads took: 0,0000228 seconds
2017-05-31T14:26:31.039+0200: 393,408: Total time for which application threads were stopped: 0,0000599 seconds, Stopping threads took: 0,0000235 seconds
2017-05-31T14:26:31.040+0200: 393,409: Total time for which application threads were stopped: 0,0010911 seconds, Stopping threads took: 0,0009373 seconds
2017-05-31T14:26:31.040+0200: 393,409: Total time for which application threads were stopped: 0,0000831 seconds, Stopping threads took: 0,0000376 seconds
2017-05-31T14:26:31.040+0200: 393,410: Total time for which application threads were stopped: 0,0000503 seconds, Stopping threads took: 0,0000202 seconds
2017-05-31T14:26:31.040+0200: 393,410: Total time for which application threads were stopped: 0,0000331 seconds, Stopping threads took: 0,0000101 seconds
2017-05-31T14:26:31.040+0200: 393,410: Total time for which application threads were stopped: 0,0000351 seconds, Stopping threads took: 0,0000121 seconds
2017-05-31T14:26:31.040+0200: 393,410: Total time for which application threads were stopped: 0,0000393 seconds, Stopping threads took: 0,0000080 seconds
2017-05-31T14:26:31.071+0200: 393,441: Total time for which application threads were stopped: 0,0000925 seconds, Stopping threads took: 0,0000230 seconds
2017-05-31T14:26:31.099+0200: 393,469: Total time for which application threads were stopped: 0,0001418 seconds, Stopping threads took: 0,0000436 seconds
2017-05-31T14:26:31.099+0200: 393,469: Total time for which application threads were stopped: 0,0000874 seconds, Stopping threads took: 0,0000306 seconds
2017-05-31T14:26:31.103+0200: 393,473: Total time for which application threads were stopped: 0,0008464 seconds, Stopping threads took: 0,0007781 seconds
2017-05-31T14:26:31.105+0200: 393,474: Total time for which application threads were stopped: 0,0001085 seconds, Stopping threads took: 0,0000455 seconds
2017-05-31T14:26:31.108+0200: 393,477: Total time for which application threads were stopped: 0,0004005 seconds, Stopping threads took: 0,0000654 seconds
2017-05-31T14:26:31.418+0200: 393,788: Total time for which application threads were stopped: 0,0006328 seconds, Stopping threads took: 0,0001666 seconds
2017-05-31T14:26:31.547+0200: 393,916: Total time for which application threads were stopped: 0,0001484 seconds, Stopping threads took: 0,0000489 seconds
2017-05-31T14:26:31.556+0200: 393,925: Total time for which application threads were stopped: 0,0001168 seconds, Stopping threads took: 0,0000368 seconds
2017-05-31T14:26:31.556+0200: 393,926: Total time for which application threads were stopped: 0,0000588 seconds, Stopping threads took: 0,0000180 seconds
2017-05-31T14:26:32.030+0200: 394,400: Total time for which application threads were stopped: 0,0001202 seconds, Stopping threads took: 0,0000231 seconds
2017-05-31T14:26:32.033+0200: 394,403: Total time for which application threads were stopped: 0,0003245 seconds, Stopping threads took: 0,0001271 seconds
2017-05-31T14:26:32.218+0200: 394,587: Total time for which application threads were stopped: 0,0029700 seconds, Stopping threads took: 0,0028065 seconds
2017-05-31T14:26:32.220+0200: 394,589: Total time for which application threads were stopped: 0,0001391 seconds, Stopping threads took: 0,0000495 seconds
2017-05-31T14:26:33.222+0200: 395,592: Total time for which application threads were stopped: 0,0001576 seconds, Stopping threads took: 0,0000253 seconds
2017-05-31T14:26:33.475+0200: 395,845: Total time for which application threads were stopped: 0,0003908 seconds, Stopping threads took: 0,0001121 seconds
2017-05-31T14:26:34.475+0200: 396,845: Total time for which application threads were stopped: 0,0002153 seconds, Stopping threads took: 0,0000371 seconds
2017-05-31T14:26:35.326+0200: 397,696: Total time for which application threads were stopped: 0,0005481 seconds, Stopping threads took: 0,0000177 seconds
2017-05-31T14:26:35.331+0200: 397,701: Total time for which application threads were stopped: 0,0001112 seconds, Stopping threads took: 0,0000384 seconds
2017-05-31T14:26:35.335+0200: 397,704: Total time for which application threads were stopped: 0,0001095 seconds, Stopping threads took: 0,0000130 seconds
2017-05-31T14:26:35.339+0200: 397,708: Total time for which application threads were stopped: 0,0000914 seconds, Stopping threads took: 0,0000191 seconds
2017-05-31T14:26:35.339+0200: 397,708: Total time for which application threads were stopped: 0,0000513 seconds, Stopping threads took: 0,0000087 seconds
2017-05-31T14:26:35.339+0200: 397,709: Total time for which application threads were stopped: 0,0000449 seconds, Stopping threads took: 0,0000072 seconds
2017-05-31T14:26:35.339+0200: 397,709: Total time for which application threads were stopped: 0,0000538 seconds, Stopping threads took: 0,0000150 seconds
2017-05-31T14:26:35.339+0200: 397,709: Total time for which application threads were stopped: 0,0000573 seconds, Stopping threads took: 0,0000194 seconds
2017-05-31T14:26:35.339+0200: 397,709: Total time for which application threads were stopped: 0,0000469 seconds, Stopping threads took: 0,0000223 seconds
2017-05-31T14:26:35.339+0200: 397,709: Total time for which application threads were stopped: 0,0000337 seconds, Stopping threads took: 0,0000141 seconds
2017-05-31T14:26:35.339+0200: 397,709: Total time for which application threads were stopped: 0,0000417 seconds, Stopping threads took: 0,0000203 seconds
2017-05-31T14:26:35.346+0200: 397,715: Total time for which application threads were stopped: 0,0037567 seconds, Stopping threads took: 0,0036897 seconds
2017-05-31T14:26:35.346+0200: 397,715: Total time for which application threads were stopped: 0,0000732 seconds, Stopping threads took: 0,0000323 seconds
2017-05-31T14:26:35.351+0200: 397,721: Total time for which application threads were stopped: 0,0003167 seconds, Stopping threads took: 0,0002440 seconds
2017-05-31T14:26:35.351+0200: 397,721: Total time for which application threads were stopped: 0,0000433 seconds, Stopping threads took: 0,0000167 seconds
2017-05-31T14:26:35.351+0200: 397,721: Total time for which application threads were stopped: 0,0000511 seconds, Stopping threads took: 0,0000227 seconds
2017-05-31T14:26:35.352+0200: 397,721: Total time for which application threads were stopped: 0,0000528 seconds, Stopping threads took: 0,0000228 seconds
2017-05-31T14:26:35.352+0200: 397,721: Total time for which application threads were stopped: 0,0000471 seconds, Stopping threads took: 0,0000217 seconds
2017-05-31T14:26:35.354+0200: 397,723: Total time for which application threads were stopped: 0,0016766 seconds, Stopping threads took: 0,0016308 seconds
2017-05-31T14:26:35.354+0200: 397,723: Total time for which application threads were stopped: 0,0000419 seconds, Stopping threads took: 0,0000087 seconds
2017-05-31T14:26:35.354+0200: 397,723: Total time for which application threads were stopped: 0,0000537 seconds, Stopping threads took: 0,0000198 seconds
2017-05-31T14:26:35.354+0200: 397,723: Total time for which application threads were stopped: 0,0000465 seconds, Stopping threads took: 0,0000246 seconds
2017-05-31T14:26:35.354+0200: 397,724: Total time for which application threads were stopped: 0,0000377 seconds, Stopping threads took: 0,0000173 seconds
2017-05-31T14:26:35.354+0200: 397,724: Total time for which application threads were stopped: 0,0000448 seconds, Stopping threads took: 0,0000244 seconds
2017-05-31T14:26:35.354+0200: 397,724: Total time for which application threads were stopped: 0,0000608 seconds, Stopping threads took: 0,0000288 seconds
2017-05-31T14:26:35.354+0200: 397,724: Total time for which application threads were stopped: 0,0000378 seconds, Stopping threads took: 0,0000169 seconds
2017-05-31T14:26:35.354+0200: 397,724: Total time for which application threads were stopped: 0,0000345 seconds, Stopping threads took: 0,0000144 seconds
2017-05-31T14:26:35.355+0200: 397,724: Total time for which application threads were stopped: 0,0000990 seconds, Stopping threads took: 0,0000171 seconds
2017-05-31T14:26:35.356+0200: 397,726: Total time for which application threads were stopped: 0,0001133 seconds, Stopping threads took: 0,0000251 seconds
Heap
 par new generation   total 109248K, used 89752K [0x00000000e0000000, 0x00000000e8000000, 0x00000000e8000000)
  eden space 87424K,  86% used [0x00000000e0000000, 0x00000000e49ab0a0, 0x00000000e5560000)
  from space 21824K,  65% used [0x00000000e5560000, 0x00000000e635b1f0, 0x00000000e6ab0000)
  to   space 21824K,   0% used [0x00000000e6ab0000, 0x00000000e6ab0000, 0x00000000e8000000)
 concurrent mark-sweep generation total 393216K, used 6879K [0x00000000e8000000, 0x0000000100000000, 0x0000000100000000)
 Metaspace       used 30404K, capacity 31004K, committed 31408K, reserved 1077248K
  class space    used 3422K, capacity 3648K, committed 3760K, reserved 1048576K
