OpenJDK 64-Bit Server VM (25.121-b13) for linux-amd64 JRE (1.8.0_121-8u121-b13-0ubuntu1.16.04.2-b13), built on Jan 23 2017 15:51:29 by "buildd" with gcc 5.4.0 20160609
Memory: 4k page, physical 7867764k(7358260k free), swap 8076284k(8076284k free)
CommandLine flags: -XX:CMSInitiatingOccupancyFraction=50 -XX:CMSMaxAbortablePrecleanTime=6000 -XX:+CMSParallelRemarkEnabled -XX:+CMSScavengeBeforeRemark -XX:ConcGCThreads=4 -XX:InitialHeapSize=536870912 -XX:MaxHeapSize=536870912 -XX:MaxTenuringThreshold=8 -XX:NewRatio=3 -XX:OldPLABSize=16 -XX:OnOutOfMemoryError=/opt/solr/bin/oom_solr.sh 8983 /var/solr/logs -XX:ParallelGCThreads=4 -XX:+ParallelRefProcEnabled -XX:PretenureSizeThreshold=67108864 -XX:+PrintGC -XX:+PrintGCApplicationStoppedTime -XX:+PrintGCDateStamps -XX:+PrintGCDetails -XX:+PrintGCTimeStamps -XX:+PrintHeapAtGC -XX:+PrintTenuringDistribution -XX:SurvivorRatio=4 -XX:TargetSurvivorRatio=90 -XX:ThreadStackSize=256 -XX:+UseCMSInitiatingOccupancyOnly -XX:+UseCompressedClassPointers -XX:+UseCompressedOops -XX:+UseConcMarkSweepGC -XX:+UseParNewGC 
2017-04-23T14:28:35.916+0200: 0,214: Total time for which application threads were stopped: 0,0000911 seconds, Stopping threads took: 0,0000167 seconds
2017-04-23T14:28:36.045+0200: 0,343: Total time for which application threads were stopped: 0,0001050 seconds, Stopping threads took: 0,0000107 seconds
2017-04-23T14:28:36.112+0200: 0,410: Total time for which application threads were stopped: 0,0001139 seconds, Stopping threads took: 0,0000213 seconds
2017-04-23T14:28:36.614+0200: 0,912: Total time for which application threads were stopped: 0,0001644 seconds, Stopping threads took: 0,0000179 seconds
2017-04-23T14:28:36.991+0200: 1,289: Total time for which application threads were stopped: 0,0001407 seconds, Stopping threads took: 0,0000111 seconds
2017-04-23T14:28:37.077+0200: 1,375: Total time for which application threads were stopped: 0,0001433 seconds, Stopping threads took: 0,0000127 seconds
2017-04-23T14:28:37.103+0200: 1,401: Total time for which application threads were stopped: 0,0008451 seconds, Stopping threads took: 0,0001215 seconds
2017-04-23T14:28:37.388+0200: 1,686: Total time for which application threads were stopped: 0,0001727 seconds, Stopping threads took: 0,0000205 seconds
2017-04-23T14:28:37.610+0200: 1,908: Total time for which application threads were stopped: 0,0001957 seconds, Stopping threads took: 0,0000135 seconds
2017-04-23T14:28:37.627+0200: 1,925: Total time for which application threads were stopped: 0,0001642 seconds, Stopping threads took: 0,0000130 seconds
2017-04-23T14:28:37.660+0200: 1,958: Total time for which application threads were stopped: 0,0001918 seconds, Stopping threads took: 0,0000174 seconds
2017-04-23T14:28:37.661+0200: 1,959: Total time for which application threads were stopped: 0,0001923 seconds, Stopping threads took: 0,0000193 seconds
2017-04-23T14:28:37.676+0200: 1,975: Total time for which application threads were stopped: 0,0001933 seconds, Stopping threads took: 0,0000318 seconds
2017-04-23T14:28:37.742+0200: 2,040: Total time for which application threads were stopped: 0,0002532 seconds, Stopping threads took: 0,0000215 seconds
2017-04-23T14:28:37.902+0200: 2,200: Total time for which application threads were stopped: 0,0004687 seconds, Stopping threads took: 0,0002403 seconds
{Heap before GC invocations=0 (full 0):
 par new generation   total 109248K, used 87424K [0x00000000e0000000, 0x00000000e8000000, 0x00000000e8000000)
  eden space 87424K, 100% used [0x00000000e0000000, 0x00000000e5560000, 0x00000000e5560000)
  from space 21824K,   0% used [0x00000000e5560000, 0x00000000e5560000, 0x00000000e6ab0000)
  to   space 21824K,   0% used [0x00000000e6ab0000, 0x00000000e6ab0000, 0x00000000e8000000)
 concurrent mark-sweep generation total 393216K, used 0K [0x00000000e8000000, 0x0000000100000000, 0x0000000100000000)
 Metaspace       used 17990K, capacity 18336K, committed 18688K, reserved 1064960K
  class space    used 2035K, capacity 2196K, committed 2304K, reserved 1048576K
2017-04-23T14:28:37.988+0200: 2,286: [GC (Allocation Failure) 2017-04-23T14:28:37.988+0200: 2,287: [ParNew
Desired survivor size 20112992 bytes, new threshold 8 (max 8)
- age   1:   12590976 bytes,   12590976 total
: 87424K->12413K(109248K), 0,0153206 secs] 87424K->12413K(502464K), 0,0153997 secs] [Times: user=0,06 sys=0,00, real=0,01 secs] 
Heap after GC invocations=1 (full 0):
 par new generation   total 109248K, used 12413K [0x00000000e0000000, 0x00000000e8000000, 0x00000000e8000000)
  eden space 87424K,   0% used [0x00000000e0000000, 0x00000000e0000000, 0x00000000e5560000)
  from space 21824K,  56% used [0x00000000e6ab0000, 0x00000000e76cf6c8, 0x00000000e8000000)
  to   space 21824K,   0% used [0x00000000e5560000, 0x00000000e5560000, 0x00000000e6ab0000)
 concurrent mark-sweep generation total 393216K, used 0K [0x00000000e8000000, 0x0000000100000000, 0x0000000100000000)
 Metaspace       used 17990K, capacity 18336K, committed 18688K, reserved 1064960K
  class space    used 2035K, capacity 2196K, committed 2304K, reserved 1048576K
}
2017-04-23T14:28:38.004+0200: 2,302: Total time for which application threads were stopped: 0,0156338 seconds, Stopping threads took: 0,0000480 seconds
2017-04-23T14:28:38.317+0200: 2,615: Total time for which application threads were stopped: 0,0003062 seconds, Stopping threads took: 0,0000503 seconds
{Heap before GC invocations=1 (full 0):
 par new generation   total 109248K, used 99837K [0x00000000e0000000, 0x00000000e8000000, 0x00000000e8000000)
  eden space 87424K, 100% used [0x00000000e0000000, 0x00000000e5560000, 0x00000000e5560000)
  from space 21824K,  56% used [0x00000000e6ab0000, 0x00000000e76cf6c8, 0x00000000e8000000)
  to   space 21824K,   0% used [0x00000000e5560000, 0x00000000e5560000, 0x00000000e6ab0000)
 concurrent mark-sweep generation total 393216K, used 0K [0x00000000e8000000, 0x0000000100000000, 0x0000000100000000)
 Metaspace       used 20044K, capacity 20370K, committed 20736K, reserved 1067008K
  class space    used 2295K, capacity 2471K, committed 2560K, reserved 1048576K
2017-04-23T14:28:38.372+0200: 2,670: [GC (Allocation Failure) 2017-04-23T14:28:38.372+0200: 2,670: [ParNew
Desired survivor size 20112992 bytes, new threshold 8 (max 8)
- age   1:    3728032 bytes,    3728032 total
- age   2:    6662648 bytes,   10390680 total
: 99837K->15684K(109248K), 0,0102572 secs] 99837K->15684K(502464K), 0,0103322 secs] [Times: user=0,04 sys=0,00, real=0,01 secs] 
Heap after GC invocations=2 (full 0):
 par new generation   total 109248K, used 15684K [0x00000000e0000000, 0x00000000e8000000, 0x00000000e8000000)
  eden space 87424K,   0% used [0x00000000e0000000, 0x00000000e0000000, 0x00000000e5560000)
  from space 21824K,  71% used [0x00000000e5560000, 0x00000000e64b11c0, 0x00000000e6ab0000)
  to   space 21824K,   0% used [0x00000000e6ab0000, 0x00000000e6ab0000, 0x00000000e8000000)
 concurrent mark-sweep generation total 393216K, used 0K [0x00000000e8000000, 0x0000000100000000, 0x0000000100000000)
 Metaspace       used 20044K, capacity 20370K, committed 20736K, reserved 1067008K
  class space    used 2295K, capacity 2471K, committed 2560K, reserved 1048576K
}
2017-04-23T14:28:38.383+0200: 2,681: Total time for which application threads were stopped: 0,0106544 seconds, Stopping threads took: 0,0001803 seconds
2017-04-23T14:28:38.387+0200: 2,685: Total time for which application threads were stopped: 0,0003411 seconds, Stopping threads took: 0,0000412 seconds
2017-04-23T14:28:38.419+0200: 2,717: Total time for which application threads were stopped: 0,0003148 seconds, Stopping threads took: 0,0000228 seconds
2017-04-23T14:28:38.562+0200: 2,860: Total time for which application threads were stopped: 0,0001779 seconds, Stopping threads took: 0,0000522 seconds
{Heap before GC invocations=2 (full 0):
 par new generation   total 109248K, used 103108K [0x00000000e0000000, 0x00000000e8000000, 0x00000000e8000000)
  eden space 87424K, 100% used [0x00000000e0000000, 0x00000000e5560000, 0x00000000e5560000)
  from space 21824K,  71% used [0x00000000e5560000, 0x00000000e64b11c0, 0x00000000e6ab0000)
  to   space 21824K,   0% used [0x00000000e6ab0000, 0x00000000e6ab0000, 0x00000000e8000000)
 concurrent mark-sweep generation total 393216K, used 0K [0x00000000e8000000, 0x0000000100000000, 0x0000000100000000)
 Metaspace       used 20948K, capacity 21292K, committed 21628K, reserved 1069056K
  class space    used 2417K, capacity 2590K, committed 2684K, reserved 1048576K
2017-04-23T14:28:38.594+0200: 2,892: [GC (Allocation Failure) 2017-04-23T14:28:38.594+0200: 2,892: [ParNew
Desired survivor size 20112992 bytes, new threshold 8 (max 8)
- age   1:    2028576 bytes,    2028576 total
- age   2:     858352 bytes,    2886928 total
- age   3:    6659216 bytes,    9546144 total
: 103108K->11242K(109248K), 0,0193744 secs] 103108K->11242K(502464K), 0,0194796 secs] [Times: user=0,07 sys=0,00, real=0,02 secs] 
Heap after GC invocations=3 (full 0):
 par new generation   total 109248K, used 11242K [0x00000000e0000000, 0x00000000e8000000, 0x00000000e8000000)
  eden space 87424K,   0% used [0x00000000e0000000, 0x00000000e0000000, 0x00000000e5560000)
  from space 21824K,  51% used [0x00000000e6ab0000, 0x00000000e75aaa50, 0x00000000e8000000)
  to   space 21824K,   0% used [0x00000000e5560000, 0x00000000e5560000, 0x00000000e6ab0000)
 concurrent mark-sweep generation total 393216K, used 0K [0x00000000e8000000, 0x0000000100000000, 0x0000000100000000)
 Metaspace       used 20948K, capacity 21292K, committed 21628K, reserved 1069056K
  class space    used 2417K, capacity 2590K, committed 2684K, reserved 1048576K
}
2017-04-23T14:28:38.614+0200: 2,912: Total time for which application threads were stopped: 0,0197501 seconds, Stopping threads took: 0,0000894 seconds
2017-04-23T14:28:38.620+0200: 2,918: [GC (CMS Initial Mark) [1 CMS-initial-mark: 0K(393216K)] 12663K(502464K), 0,0050876 secs] [Times: user=0,02 sys=0,00, real=0,00 secs] 
2017-04-23T14:28:38.625+0200: 2,923: Total time for which application threads were stopped: 0,0052708 seconds, Stopping threads took: 0,0000696 seconds
2017-04-23T14:28:38.625+0200: 2,923: [CMS-concurrent-mark-start]
2017-04-23T14:28:38.626+0200: 2,924: [CMS-concurrent-mark: 0,001/0,001 secs] [Times: user=0,00 sys=0,00, real=0,01 secs] 
2017-04-23T14:28:38.626+0200: 2,924: [CMS-concurrent-preclean-start]
2017-04-23T14:28:38.627+0200: 2,925: [CMS-concurrent-preclean: 0,001/0,001 secs] [Times: user=0,00 sys=0,00, real=0,00 secs] 
2017-04-23T14:28:38.627+0200: 2,925: [CMS-concurrent-abortable-preclean-start]
2017-04-23T14:28:38.688+0200: 2,986: Total time for which application threads were stopped: 0,0001905 seconds, Stopping threads took: 0,0001027 seconds
{Heap before GC invocations=3 (full 1):
 par new generation   total 109248K, used 98666K [0x00000000e0000000, 0x00000000e8000000, 0x00000000e8000000)
  eden space 87424K, 100% used [0x00000000e0000000, 0x00000000e5560000, 0x00000000e5560000)
  from space 21824K,  51% used [0x00000000e6ab0000, 0x00000000e75aaa50, 0x00000000e8000000)
  to   space 21824K,   0% used [0x00000000e5560000, 0x00000000e5560000, 0x00000000e6ab0000)
 concurrent mark-sweep generation total 393216K, used 0K [0x00000000e8000000, 0x0000000100000000, 0x0000000100000000)
 Metaspace       used 21220K, capacity 21561K, committed 21884K, reserved 1069056K
  class space    used 2446K, capacity 2605K, committed 2684K, reserved 1048576K
2017-04-23T14:28:38.718+0200: 3,016: [GC (Allocation Failure) 2017-04-23T14:28:38.718+0200: 3,016: [ParNew
Desired survivor size 20112992 bytes, new threshold 8 (max 8)
- age   1:     745776 bytes,     745776 total
- age   2:    1456112 bytes,    2201888 total
- age   3:     824976 bytes,    3026864 total
- age   4:    6659208 bytes,    9686072 total
: 98666K->14202K(109248K), 0,0127120 secs] 98666K->14202K(502464K), 0,0127755 secs] [Times: user=0,04 sys=0,00, real=0,01 secs] 
Heap after GC invocations=4 (full 1):
 par new generation   total 109248K, used 14202K [0x00000000e0000000, 0x00000000e8000000, 0x00000000e8000000)
  eden space 87424K,   0% used [0x00000000e0000000, 0x00000000e0000000, 0x00000000e5560000)
  from space 21824K,  65% used [0x00000000e5560000, 0x00000000e633ebc8, 0x00000000e6ab0000)
  to   space 21824K,   0% used [0x00000000e6ab0000, 0x00000000e6ab0000, 0x00000000e8000000)
 concurrent mark-sweep generation total 393216K, used 0K [0x00000000e8000000, 0x0000000100000000, 0x0000000100000000)
 Metaspace       used 21220K, capacity 21561K, committed 21884K, reserved 1069056K
  class space    used 2446K, capacity 2605K, committed 2684K, reserved 1048576K
}
2017-04-23T14:28:38.731+0200: 3,029: Total time for which application threads were stopped: 0,0129302 seconds, Stopping threads took: 0,0000227 seconds
2017-04-23T14:28:38.731+0200: 3,029: [CMS-concurrent-abortable-preclean: 0,062/0,104 secs] [Times: user=0,40 sys=0,00, real=0,10 secs] 
2017-04-23T14:28:38.731+0200: 3,029: [GC (CMS Final Remark) [YG occupancy: 14887 K (109248 K)]{Heap before GC invocations=4 (full 1):
 par new generation   total 109248K, used 14887K [0x00000000e0000000, 0x00000000e8000000, 0x00000000e8000000)
  eden space 87424K,   0% used [0x00000000e0000000, 0x00000000e00ab288, 0x00000000e5560000)
  from space 21824K,  65% used [0x00000000e5560000, 0x00000000e633ebc8, 0x00000000e6ab0000)
  to   space 21824K,   0% used [0x00000000e6ab0000, 0x00000000e6ab0000, 0x00000000e8000000)
 concurrent mark-sweep generation total 393216K, used 0K [0x00000000e8000000, 0x0000000100000000, 0x0000000100000000)
 Metaspace       used 21220K, capacity 21561K, committed 21884K, reserved 1069056K
  class space    used 2446K, capacity 2605K, committed 2684K, reserved 1048576K
2017-04-23T14:28:38.731+0200: 3,029: [GC (CMS Final Remark) 2017-04-23T14:28:38.731+0200: 3,029: [ParNew
Desired survivor size 20112992 bytes, new threshold 8 (max 8)
- age   1:     100104 bytes,     100104 total
- age   2:     712992 bytes,     813096 total
- age   3:    1456152 bytes,    2269248 total
- age   4:     824976 bytes,    3094224 total
- age   5:    6659328 bytes,    9753552 total
: 14887K->10984K(109248K), 0,0093630 secs] 14887K->10984K(502464K), 0,0094046 secs] [Times: user=0,03 sys=0,00, real=0,01 secs] 
Heap after GC invocations=5 (full 1):
 par new generation   total 109248K, used 10984K [0x00000000e0000000, 0x00000000e8000000, 0x00000000e8000000)
  eden space 87424K,   0% used [0x00000000e0000000, 0x00000000e0000000, 0x00000000e5560000)
  from space 21824K,  50% used [0x00000000e6ab0000, 0x00000000e756a130, 0x00000000e8000000)
  to   space 21824K,   0% used [0x00000000e5560000, 0x00000000e5560000, 0x00000000e6ab0000)
 concurrent mark-sweep generation total 393216K, used 0K [0x00000000e8000000, 0x0000000100000000, 0x0000000100000000)
 Metaspace       used 21220K, capacity 21561K, committed 21884K, reserved 1069056K
  class space    used 2446K, capacity 2605K, committed 2684K, reserved 1048576K
}
2017-04-23T14:28:38.741+0200: 3,039: [Rescan (parallel) , 0,0032898 secs]2017-04-23T14:28:38.744+0200: 3,042: [weak refs processing, 0,0004818 secs]2017-04-23T14:28:38.744+0200: 3,042: [class unloading, 0,0028781 secs]2017-04-23T14:28:38.747+0200: 3,045: [scrub symbol table, 0,0025782 secs]2017-04-23T14:28:38.750+0200: 3,048: [scrub string table, 0,0003652 secs][1 CMS-remark: 0K(393216K)] 10984K(502464K), 0,0196231 secs] [Times: user=0,05 sys=0,00, real=0,02 secs] 
2017-04-23T14:28:38.751+0200: 3,049: Total time for which application threads were stopped: 0,0198659 seconds, Stopping threads took: 0,0001756 seconds
2017-04-23T14:28:38.755+0200: 3,053: [CMS-concurrent-sweep-start]
2017-04-23T14:28:38.755+0200: 3,053: [CMS-concurrent-sweep: 0,000/0,000 secs] [Times: user=0,00 sys=0,00, real=0,00 secs] 
2017-04-23T14:28:38.755+0200: 3,053: [CMS-concurrent-reset-start]
2017-04-23T14:28:38.758+0200: 3,056: [CMS-concurrent-reset: 0,002/0,002 secs] [Times: user=0,01 sys=0,00, real=0,00 secs] 
{Heap before GC invocations=5 (full 1):
 par new generation   total 109248K, used 98408K [0x00000000e0000000, 0x00000000e8000000, 0x00000000e8000000)
  eden space 87424K, 100% used [0x00000000e0000000, 0x00000000e5560000, 0x00000000e5560000)
  from space 21824K,  50% used [0x00000000e6ab0000, 0x00000000e756a130, 0x00000000e8000000)
  to   space 21824K,   0% used [0x00000000e5560000, 0x00000000e5560000, 0x00000000e6ab0000)
 concurrent mark-sweep generation total 393216K, used 0K [0x00000000e8000000, 0x0000000100000000, 0x0000000100000000)
 Metaspace       used 21436K, capacity 21861K, committed 22140K, reserved 1069056K
  class space    used 2475K, capacity 2639K, committed 2684K, reserved 1048576K
2017-04-23T14:28:38.847+0200: 3,145: [GC (Allocation Failure) 2017-04-23T14:28:38.847+0200: 3,145: [ParNew
Desired survivor size 20112992 bytes, new threshold 8 (max 8)
- age   1:     510464 bytes,     510464 total
- age   3:     187456 bytes,     697920 total
- age   4:    1449256 bytes,    2147176 total
- age   5:     822928 bytes,    2970104 total
- age   6:    6659208 bytes,    9629312 total
: 98408K->14423K(109248K), 0,0101530 secs] 98408K->14423K(502464K), 0,0103129 secs] [Times: user=0,03 sys=0,00, real=0,00 secs] 
Heap after GC invocations=6 (full 1):
 par new generation   total 109248K, used 14423K [0x00000000e0000000, 0x00000000e8000000, 0x00000000e8000000)
  eden space 87424K,   0% used [0x00000000e0000000, 0x00000000e0000000, 0x00000000e5560000)
  from space 21824K,  66% used [0x00000000e5560000, 0x00000000e6375d90, 0x00000000e6ab0000)
  to   space 21824K,   0% used [0x00000000e6ab0000, 0x00000000e6ab0000, 0x00000000e8000000)
 concurrent mark-sweep generation total 393216K, used 0K [0x00000000e8000000, 0x0000000100000000, 0x0000000100000000)
 Metaspace       used 21436K, capacity 21861K, committed 22140K, reserved 1069056K
  class space    used 2475K, capacity 2639K, committed 2684K, reserved 1048576K
}
2017-04-23T14:28:38.857+0200: 3,155: Total time for which application threads were stopped: 0,0105349 seconds, Stopping threads took: 0,0000445 seconds
2017-04-23T14:28:38.878+0200: 3,176: Total time for which application threads were stopped: 0,0003196 seconds, Stopping threads took: 0,0000218 seconds
2017-04-23T14:28:39.098+0200: 3,396: Total time for which application threads were stopped: 0,0005503 seconds, Stopping threads took: 0,0000435 seconds
2017-04-23T14:28:39.115+0200: 3,413: Total time for which application threads were stopped: 0,0004053 seconds, Stopping threads took: 0,0000684 seconds
{Heap before GC invocations=6 (full 1):
 par new generation   total 109248K, used 101847K [0x00000000e0000000, 0x00000000e8000000, 0x00000000e8000000)
  eden space 87424K, 100% used [0x00000000e0000000, 0x00000000e5560000, 0x00000000e5560000)
  from space 21824K,  66% used [0x00000000e5560000, 0x00000000e6375d90, 0x00000000e6ab0000)
  to   space 21824K,   0% used [0x00000000e6ab0000, 0x00000000e6ab0000, 0x00000000e8000000)
 concurrent mark-sweep generation total 393216K, used 0K [0x00000000e8000000, 0x0000000100000000, 0x0000000100000000)
 Metaspace       used 23749K, capacity 24231K, committed 24572K, reserved 1071104K
  class space    used 2792K, capacity 2982K, committed 3068K, reserved 1048576K
2017-04-23T14:28:39.263+0200: 3,561: [GC (Allocation Failure) 2017-04-23T14:28:39.263+0200: 3,561: [ParNew
Desired survivor size 20112992 bytes, new threshold 8 (max 8)
- age   1:    4867480 bytes,    4867480 total
- age   2:     166656 bytes,    5034136 total
- age   4:     186568 bytes,    5220704 total
- age   5:     280568 bytes,    5501272 total
- age   6:     798544 bytes,    6299816 total
- age   7:    6650808 bytes,   12950624 total
: 101847K->15439K(109248K), 0,0183895 secs] 101847K->15439K(502464K), 0,0184623 secs] [Times: user=0,07 sys=0,00, real=0,02 secs] 
Heap after GC invocations=7 (full 1):
 par new generation   total 109248K, used 15439K [0x00000000e0000000, 0x00000000e8000000, 0x00000000e8000000)
  eden space 87424K,   0% used [0x00000000e0000000, 0x00000000e0000000, 0x00000000e5560000)
  from space 21824K,  70% used [0x00000000e6ab0000, 0x00000000e79c3e60, 0x00000000e8000000)
  to   space 21824K,   0% used [0x00000000e5560000, 0x00000000e5560000, 0x00000000e6ab0000)
 concurrent mark-sweep generation total 393216K, used 0K [0x00000000e8000000, 0x0000000100000000, 0x0000000100000000)
 Metaspace       used 23749K, capacity 24231K, committed 24572K, reserved 1071104K
  class space    used 2792K, capacity 2982K, committed 3068K, reserved 1048576K
}
2017-04-23T14:28:39.282+0200: 3,580: Total time for which application threads were stopped: 0,0187954 seconds, Stopping threads took: 0,0001305 seconds
{Heap before GC invocations=7 (full 1):
 par new generation   total 109248K, used 102863K [0x00000000e0000000, 0x00000000e8000000, 0x00000000e8000000)
  eden space 87424K, 100% used [0x00000000e0000000, 0x00000000e5560000, 0x00000000e5560000)
  from space 21824K,  70% used [0x00000000e6ab0000, 0x00000000e79c3e60, 0x00000000e8000000)
  to   space 21824K,   0% used [0x00000000e5560000, 0x00000000e5560000, 0x00000000e6ab0000)
 concurrent mark-sweep generation total 393216K, used 0K [0x00000000e8000000, 0x0000000100000000, 0x0000000100000000)
 Metaspace       used 24171K, capacity 24701K, committed 24828K, reserved 1071104K
  class space    used 2843K, capacity 3050K, committed 3068K, reserved 1048576K
2017-04-23T14:28:39.376+0200: 3,674: [GC (Allocation Failure) 2017-04-23T14:28:39.376+0200: 3,674: [ParNew
Desired survivor size 20112992 bytes, new threshold 8 (max 8)
- age   1:    1977688 bytes,    1977688 total
- age   2:    1731176 bytes,    3708864 total
- age   3:      93336 bytes,    3802200 total
- age   5:     102056 bytes,    3904256 total
- age   6:     183272 bytes,    4087528 total
- age   7:     756344 bytes,    4843872 total
- age   8:    6118112 bytes,   10961984 total
: 102863K->15882K(109248K), 0,0100515 secs] 102863K->15882K(502464K), 0,0101211 secs] [Times: user=0,04 sys=0,00, real=0,02 secs] 
Heap after GC invocations=8 (full 1):
 par new generation   total 109248K, used 15882K [0x00000000e0000000, 0x00000000e8000000, 0x00000000e8000000)
  eden space 87424K,   0% used [0x00000000e0000000, 0x00000000e0000000, 0x00000000e5560000)
  from space 21824K,  72% used [0x00000000e5560000, 0x00000000e64e2890, 0x00000000e6ab0000)
  to   space 21824K,   0% used [0x00000000e6ab0000, 0x00000000e6ab0000, 0x00000000e8000000)
 concurrent mark-sweep generation total 393216K, used 0K [0x00000000e8000000, 0x0000000100000000, 0x0000000100000000)
 Metaspace       used 24171K, capacity 24701K, committed 24828K, reserved 1071104K
  class space    used 2843K, capacity 3050K, committed 3068K, reserved 1048576K
}
2017-04-23T14:28:39.386+0200: 3,684: Total time for which application threads were stopped: 0,0127234 seconds, Stopping threads took: 0,0024197 seconds
{Heap before GC invocations=8 (full 1):
 par new generation   total 109248K, used 103306K [0x00000000e0000000, 0x00000000e8000000, 0x00000000e8000000)
  eden space 87424K, 100% used [0x00000000e0000000, 0x00000000e5560000, 0x00000000e5560000)
  from space 21824K,  72% used [0x00000000e5560000, 0x00000000e64e2890, 0x00000000e6ab0000)
  to   space 21824K,   0% used [0x00000000e6ab0000, 0x00000000e6ab0000, 0x00000000e8000000)
 concurrent mark-sweep generation total 393216K, used 0K [0x00000000e8000000, 0x0000000100000000, 0x0000000100000000)
 Metaspace       used 24589K, capacity 25127K, committed 25468K, reserved 1071104K
  class space    used 2876K, capacity 3084K, committed 3196K, reserved 1048576K
2017-04-23T14:28:39.481+0200: 3,779: [GC (Allocation Failure) 2017-04-23T14:28:39.481+0200: 3,779: [ParNew
Desired survivor size 20112992 bytes, new threshold 8 (max 8)
- age   1:     649240 bytes,     649240 total
- age   2:     600824 bytes,    1250064 total
- age   3:    1708760 bytes,    2958824 total
- age   4:      93304 bytes,    3052128 total
- age   6:     101992 bytes,    3154120 total
- age   7:     180472 bytes,    3334592 total
- age   8:     755576 bytes,    4090168 total
: 103306K->6661K(109248K), 0,0504569 secs] 103306K->12718K(502464K), 0,0505357 secs] [Times: user=0,10 sys=0,00, real=0,05 secs] 
Heap after GC invocations=9 (full 1):
 par new generation   total 109248K, used 6661K [0x00000000e0000000, 0x00000000e8000000, 0x00000000e8000000)
  eden space 87424K,   0% used [0x00000000e0000000, 0x00000000e0000000, 0x00000000e5560000)
  from space 21824K,  30% used [0x00000000e6ab0000, 0x00000000e71315a0, 0x00000000e8000000)
  to   space 21824K,   0% used [0x00000000e5560000, 0x00000000e5560000, 0x00000000e6ab0000)
 concurrent mark-sweep generation total 393216K, used 6056K [0x00000000e8000000, 0x0000000100000000, 0x0000000100000000)
 Metaspace       used 24589K, capacity 25127K, committed 25468K, reserved 1071104K
  class space    used 2876K, capacity 3084K, committed 3196K, reserved 1048576K
}
2017-04-23T14:28:39.531+0200: 3,829: Total time for which application threads were stopped: 0,0576429 seconds, Stopping threads took: 0,0069205 seconds
2017-04-23T14:28:39.779+0200: 4,077: Total time for which application threads were stopped: 0,0007597 seconds, Stopping threads took: 0,0000694 seconds
2017-04-23T14:28:39.780+0200: 4,078: Total time for which application threads were stopped: 0,0001763 seconds, Stopping threads took: 0,0000738 seconds
2017-04-23T14:28:39.781+0200: 4,079: Total time for which application threads were stopped: 0,0001358 seconds, Stopping threads took: 0,0000294 seconds
2017-04-23T14:28:39.782+0200: 4,080: Total time for which application threads were stopped: 0,0001430 seconds, Stopping threads took: 0,0000409 seconds
2017-04-23T14:28:39.783+0200: 4,081: Total time for which application threads were stopped: 0,0001206 seconds, Stopping threads took: 0,0000360 seconds
2017-04-23T14:28:39.783+0200: 4,081: Total time for which application threads were stopped: 0,0001305 seconds, Stopping threads took: 0,0000304 seconds
2017-04-23T14:28:39.784+0200: 4,082: Total time for which application threads were stopped: 0,0001157 seconds, Stopping threads took: 0,0000272 seconds
2017-04-23T14:28:39.784+0200: 4,082: Total time for which application threads were stopped: 0,0001341 seconds, Stopping threads took: 0,0000392 seconds
2017-04-23T14:28:39.787+0200: 4,085: Total time for which application threads were stopped: 0,0001469 seconds, Stopping threads took: 0,0000368 seconds
2017-04-23T14:28:39.790+0200: 4,088: Total time for which application threads were stopped: 0,0001350 seconds, Stopping threads took: 0,0000315 seconds
2017-04-23T14:28:39.793+0200: 4,091: Total time for which application threads were stopped: 0,0001365 seconds, Stopping threads took: 0,0000365 seconds
2017-04-23T14:28:39.795+0200: 4,093: Total time for which application threads were stopped: 0,0001813 seconds, Stopping threads took: 0,0000834 seconds
2017-04-23T14:28:39.795+0200: 4,093: Total time for which application threads were stopped: 0,0001635 seconds, Stopping threads took: 0,0000365 seconds
2017-04-23T14:28:39.798+0200: 4,096: Total time for which application threads were stopped: 0,0001354 seconds, Stopping threads took: 0,0000435 seconds
2017-04-23T14:28:39.799+0200: 4,097: Total time for which application threads were stopped: 0,0000711 seconds, Stopping threads took: 0,0000157 seconds
2017-04-23T14:28:39.799+0200: 4,097: Total time for which application threads were stopped: 0,0000701 seconds, Stopping threads took: 0,0000136 seconds
2017-04-23T14:28:39.842+0200: 4,140: Total time for which application threads were stopped: 0,0005391 seconds, Stopping threads took: 0,0000894 seconds
2017-04-23T14:28:39.851+0200: 4,149: Total time for which application threads were stopped: 0,0065459 seconds, Stopping threads took: 0,0064450 seconds
2017-04-23T14:28:39.868+0200: 4,166: Total time for which application threads were stopped: 0,0001632 seconds, Stopping threads took: 0,0000392 seconds
2017-04-23T14:28:39.871+0200: 4,169: Total time for which application threads were stopped: 0,0004224 seconds, Stopping threads took: 0,0000217 seconds
2017-04-23T14:28:39.875+0200: 4,173: Total time for which application threads were stopped: 0,0001389 seconds, Stopping threads took: 0,0000269 seconds
2017-04-23T14:28:39.878+0200: 4,176: Total time for which application threads were stopped: 0,0019644 seconds, Stopping threads took: 0,0018673 seconds
2017-04-23T14:28:39.881+0200: 4,179: Total time for which application threads were stopped: 0,0001187 seconds, Stopping threads took: 0,0000368 seconds
2017-04-23T14:28:39.882+0200: 4,180: Total time for which application threads were stopped: 0,0002781 seconds, Stopping threads took: 0,0000305 seconds
2017-04-23T14:28:39.885+0200: 4,183: Total time for which application threads were stopped: 0,0002391 seconds, Stopping threads took: 0,0001739 seconds
2017-04-23T14:28:39.888+0200: 4,186: Total time for which application threads were stopped: 0,0022948 seconds, Stopping threads took: 0,0021834 seconds
2017-04-23T14:28:39.889+0200: 4,187: Total time for which application threads were stopped: 0,0001125 seconds, Stopping threads took: 0,0000185 seconds
2017-04-23T14:28:39.932+0200: 4,230: Total time for which application threads were stopped: 0,0004376 seconds, Stopping threads took: 0,0000450 seconds
2017-04-23T14:28:39.933+0200: 4,231: Total time for which application threads were stopped: 0,0001415 seconds, Stopping threads took: 0,0000414 seconds
2017-04-23T14:28:39.934+0200: 4,232: Total time for which application threads were stopped: 0,0002266 seconds, Stopping threads took: 0,0001380 seconds
2017-04-23T14:28:39.936+0200: 4,234: Total time for which application threads were stopped: 0,0001410 seconds, Stopping threads took: 0,0000550 seconds
2017-04-23T14:28:39.940+0200: 4,238: Total time for which application threads were stopped: 0,0000845 seconds, Stopping threads took: 0,0000232 seconds
2017-04-23T14:28:39.944+0200: 4,242: Total time for which application threads were stopped: 0,0001242 seconds, Stopping threads took: 0,0000299 seconds
2017-04-23T14:28:39.950+0200: 4,248: Total time for which application threads were stopped: 0,0001315 seconds, Stopping threads took: 0,0000427 seconds
2017-04-23T14:28:39.951+0200: 4,249: Total time for which application threads were stopped: 0,0000930 seconds, Stopping threads took: 0,0000316 seconds
2017-04-23T14:28:39.951+0200: 4,249: Total time for which application threads were stopped: 0,0001295 seconds, Stopping threads took: 0,0000392 seconds
2017-04-23T14:28:39.952+0200: 4,250: Total time for which application threads were stopped: 0,0001032 seconds, Stopping threads took: 0,0000298 seconds
2017-04-23T14:28:39.953+0200: 4,251: Total time for which application threads were stopped: 0,0001539 seconds, Stopping threads took: 0,0000340 seconds
2017-04-23T14:28:39.954+0200: 4,252: Total time for which application threads were stopped: 0,0001378 seconds, Stopping threads took: 0,0000492 seconds
2017-04-23T14:28:39.954+0200: 4,252: Total time for which application threads were stopped: 0,0001166 seconds, Stopping threads took: 0,0000314 seconds
2017-04-23T14:28:39.954+0200: 4,252: Total time for which application threads were stopped: 0,0000791 seconds, Stopping threads took: 0,0000236 seconds
2017-04-23T14:28:39.954+0200: 4,252: Total time for which application threads were stopped: 0,0000725 seconds, Stopping threads took: 0,0000207 seconds
2017-04-23T14:28:39.955+0200: 4,253: Total time for which application threads were stopped: 0,0000720 seconds, Stopping threads took: 0,0000235 seconds
2017-04-23T14:28:39.955+0200: 4,253: Total time for which application threads were stopped: 0,0000565 seconds, Stopping threads took: 0,0000136 seconds
2017-04-23T14:28:39.955+0200: 4,253: Total time for which application threads were stopped: 0,0000779 seconds, Stopping threads took: 0,0000158 seconds
2017-04-23T14:28:39.958+0200: 4,256: Total time for which application threads were stopped: 0,0029428 seconds, Stopping threads took: 0,0028135 seconds
2017-04-23T14:28:39.958+0200: 4,256: Total time for which application threads were stopped: 0,0001237 seconds, Stopping threads took: 0,0000476 seconds
2017-04-23T14:28:39.959+0200: 4,257: Total time for which application threads were stopped: 0,0002503 seconds, Stopping threads took: 0,0000452 seconds
2017-04-23T14:28:39.966+0200: 4,264: Total time for which application threads were stopped: 0,0001729 seconds, Stopping threads took: 0,0000408 seconds
2017-04-23T14:28:39.969+0200: 4,267: Total time for which application threads were stopped: 0,0002594 seconds, Stopping threads took: 0,0001194 seconds
2017-04-23T14:28:39.977+0200: 4,275: Total time for which application threads were stopped: 0,0001568 seconds, Stopping threads took: 0,0000513 seconds
2017-04-23T14:28:39.989+0200: 4,288: Total time for which application threads were stopped: 0,0001626 seconds, Stopping threads took: 0,0000408 seconds
2017-04-23T14:28:40.035+0200: 4,333: Total time for which application threads were stopped: 0,0002172 seconds, Stopping threads took: 0,0001039 seconds
2017-04-23T14:28:40.038+0200: 4,336: Total time for which application threads were stopped: 0,0001063 seconds, Stopping threads took: 0,0000355 seconds
2017-04-23T14:28:40.051+0200: 4,349: Total time for which application threads were stopped: 0,0001211 seconds, Stopping threads took: 0,0000340 seconds
2017-04-23T14:28:40.052+0200: 4,350: Total time for which application threads were stopped: 0,0003762 seconds, Stopping threads took: 0,0000172 seconds
2017-04-23T14:28:40.052+0200: 4,350: Total time for which application threads were stopped: 0,0000992 seconds, Stopping threads took: 0,0000286 seconds
2017-04-23T14:28:41.053+0200: 5,351: Total time for which application threads were stopped: 0,0000746 seconds, Stopping threads took: 0,0000173 seconds
2017-04-23T14:29:58.063+0200: 82,361: Total time for which application threads were stopped: 0,0000715 seconds, Stopping threads took: 0,0000205 seconds
2017-04-23T14:30:33.067+0200: 117,365: Total time for which application threads were stopped: 0,0003252 seconds, Stopping threads took: 0,0002144 seconds
2017-04-23T14:30:38.068+0200: 122,366: Total time for which application threads were stopped: 0,0000694 seconds, Stopping threads took: 0,0000166 seconds
{Heap before GC invocations=9 (full 1):
 par new generation   total 109248K, used 94085K [0x00000000e0000000, 0x00000000e8000000, 0x00000000e8000000)
  eden space 87424K, 100% used [0x00000000e0000000, 0x00000000e5560000, 0x00000000e5560000)
  from space 21824K,  30% used [0x00000000e6ab0000, 0x00000000e71315a0, 0x00000000e8000000)
  to   space 21824K,   0% used [0x00000000e5560000, 0x00000000e5560000, 0x00000000e6ab0000)
 concurrent mark-sweep generation total 393216K, used 6056K [0x00000000e8000000, 0x0000000100000000, 0x0000000100000000)
 Metaspace       used 27970K, capacity 28489K, committed 28796K, reserved 1075200K
  class space    used 3213K, capacity 3391K, committed 3452K, reserved 1048576K
2017-04-23T14:31:32.012+0200: 176,310: [GC (Allocation Failure) 2017-04-23T14:31:32.012+0200: 176,310: [ParNew
Desired survivor size 20112992 bytes, new threshold 8 (max 8)
- age   1:   11090456 bytes,   11090456 total
- age   2:     243800 bytes,   11334256 total
- age   3:     210624 bytes,   11544880 total
- age   4:    1702664 bytes,   13247544 total
- age   5:      93184 bytes,   13340728 total
- age   7:      99288 bytes,   13440016 total
- age   8:     179912 bytes,   13619928 total
: 94085K->14675K(109248K), 0,0221362 secs] 100142K->21555K(502464K), 0,0222202 secs] [Times: user=0,08 sys=0,00, real=0,02 secs] 
Heap after GC invocations=10 (full 1):
 par new generation   total 109248K, used 14675K [0x00000000e0000000, 0x00000000e8000000, 0x00000000e8000000)
  eden space 87424K,   0% used [0x00000000e0000000, 0x00000000e0000000, 0x00000000e5560000)
  from space 21824K,  67% used [0x00000000e5560000, 0x00000000e63b4e80, 0x00000000e6ab0000)
  to   space 21824K,   0% used [0x00000000e6ab0000, 0x00000000e6ab0000, 0x00000000e8000000)
 concurrent mark-sweep generation total 393216K, used 6879K [0x00000000e8000000, 0x0000000100000000, 0x0000000100000000)
 Metaspace       used 27970K, capacity 28489K, committed 28796K, reserved 1075200K
  class space    used 3213K, capacity 3391K, committed 3452K, reserved 1048576K
}
2017-04-23T14:31:32.034+0200: 176,332: Total time for which application threads were stopped: 0,0224472 seconds, Stopping threads took: 0,0000820 seconds
2017-04-23T14:31:32.036+0200: 176,334: Total time for which application threads were stopped: 0,0000932 seconds, Stopping threads took: 0,0000253 seconds
2017-04-23T14:31:32.036+0200: 176,334: Total time for which application threads were stopped: 0,0000450 seconds, Stopping threads took: 0,0000158 seconds
2017-04-23T14:31:37.036+0200: 181,334: Total time for which application threads were stopped: 0,0000674 seconds, Stopping threads took: 0,0000175 seconds
2017-04-23T14:33:12.049+0200: 276,347: Total time for which application threads were stopped: 0,0001409 seconds, Stopping threads took: 0,0000507 seconds
2017-04-23T14:33:13.049+0200: 277,347: Total time for which application threads were stopped: 0,0002522 seconds, Stopping threads took: 0,0001532 seconds
2017-04-23T14:52:07.167+0200: 1411,465: Total time for which application threads were stopped: 0,0000922 seconds, Stopping threads took: 0,0000390 seconds
2017-04-23T14:57:07.198+0200: 1711,497: Total time for which application threads were stopped: 0,0000848 seconds, Stopping threads took: 0,0000285 seconds
2017-04-23T14:57:08.199+0200: 1712,497: Total time for which application threads were stopped: 0,0000635 seconds, Stopping threads took: 0,0000151 seconds
2017-04-23T15:06:57.264+0200: 2301,562: Total time for which application threads were stopped: 0,0000999 seconds, Stopping threads took: 0,0000434 seconds
2017-04-23T15:06:58.264+0200: 2302,562: Total time for which application threads were stopped: 0,0000972 seconds, Stopping threads took: 0,0000243 seconds
2017-04-23T15:08:12.273+0200: 2376,571: Total time for which application threads were stopped: 0,0009313 seconds, Stopping threads took: 0,0004129 seconds
2017-04-23T15:21:58.359+0200: 3202,657: Total time for which application threads were stopped: 0,0004433 seconds, Stopping threads took: 0,0001596 seconds
2017-04-23T15:26:08.386+0200: 3452,684: Total time for which application threads were stopped: 0,0001239 seconds, Stopping threads took: 0,0000361 seconds
2017-04-23T15:33:22.434+0200: 3886,732: Total time for which application threads were stopped: 0,0001822 seconds, Stopping threads took: 0,0000505 seconds
2017-04-23T15:48:53.538+0200: 4817,836: Total time for which application threads were stopped: 0,0001648 seconds, Stopping threads took: 0,0000756 seconds
2017-04-23T15:48:58.538+0200: 4822,836: Total time for which application threads were stopped: 0,0000790 seconds, Stopping threads took: 0,0000170 seconds
2017-04-23T16:21:38.776+0200: 6783,074: Total time for which application threads were stopped: 0,0004251 seconds, Stopping threads took: 0,0001722 seconds
2017-04-23T16:30:37.838+0200: 7322,136: Total time for which application threads were stopped: 0,0000840 seconds, Stopping threads took: 0,0000306 seconds
2017-04-23T16:31:37.847+0200: 7382,145: Total time for which application threads were stopped: 0,0001051 seconds, Stopping threads took: 0,0000442 seconds
2017-04-23T16:36:37.894+0200: 7682,192: Total time for which application threads were stopped: 0,0001773 seconds, Stopping threads took: 0,0000659 seconds
2017-04-23T16:56:26.048+0200: 8870,346: Total time for which application threads were stopped: 0,0003458 seconds, Stopping threads took: 0,0000141 seconds
2017-04-23T16:56:26.065+0200: 8870,363: Total time for which application threads were stopped: 0,0000794 seconds, Stopping threads took: 0,0000210 seconds
2017-04-23T16:56:26.065+0200: 8870,363: Total time for which application threads were stopped: 0,0000480 seconds, Stopping threads took: 0,0000110 seconds
2017-04-23T16:56:26.065+0200: 8870,363: Total time for which application threads were stopped: 0,0000415 seconds, Stopping threads took: 0,0000096 seconds
2017-04-23T16:56:26.065+0200: 8870,363: Total time for which application threads were stopped: 0,0000295 seconds, Stopping threads took: 0,0000076 seconds
2017-04-23T16:56:26.065+0200: 8870,363: Total time for which application threads were stopped: 0,0000310 seconds, Stopping threads took: 0,0000085 seconds
2017-04-23T16:56:26.065+0200: 8870,363: Total time for which application threads were stopped: 0,0000291 seconds, Stopping threads took: 0,0000082 seconds
2017-04-23T16:56:26.065+0200: 8870,363: Total time for which application threads were stopped: 0,0000309 seconds, Stopping threads took: 0,0000098 seconds
2017-04-23T16:56:26.065+0200: 8870,364: Total time for which application threads were stopped: 0,0000329 seconds, Stopping threads took: 0,0000133 seconds
2017-04-23T16:56:26.066+0200: 8870,364: Total time for which application threads were stopped: 0,0000363 seconds, Stopping threads took: 0,0000079 seconds
2017-04-23T16:56:26.074+0200: 8870,372: Total time for which application threads were stopped: 0,0001212 seconds, Stopping threads took: 0,0000559 seconds
2017-04-23T16:56:26.083+0200: 8870,381: Total time for which application threads were stopped: 0,0001024 seconds, Stopping threads took: 0,0000374 seconds
2017-04-23T16:56:26.096+0200: 8870,394: Total time for which application threads were stopped: 0,0000722 seconds, Stopping threads took: 0,0000163 seconds
2017-04-23T16:56:26.096+0200: 8870,394: Total time for which application threads were stopped: 0,0000378 seconds, Stopping threads took: 0,0000084 seconds
2017-04-23T16:56:26.097+0200: 8870,395: Total time for which application threads were stopped: 0,0000790 seconds, Stopping threads took: 0,0000171 seconds
2017-04-23T16:56:26.098+0200: 8870,396: Total time for which application threads were stopped: 0,0002135 seconds, Stopping threads took: 0,0000202 seconds
2017-04-23T16:56:27.063+0200: 8871,361: Total time for which application threads were stopped: 0,0001726 seconds, Stopping threads took: 0,0000475 seconds
2017-04-23T16:56:27.239+0200: 8871,537: Total time for which application threads were stopped: 0,0001595 seconds, Stopping threads took: 0,0000512 seconds
2017-04-23T16:56:27.240+0200: 8871,538: Total time for which application threads were stopped: 0,0001641 seconds, Stopping threads took: 0,0001013 seconds
2017-04-23T16:56:27.241+0200: 8871,539: Total time for which application threads were stopped: 0,0001461 seconds, Stopping threads took: 0,0000574 seconds
2017-04-23T16:56:27.269+0200: 8871,567: Total time for which application threads were stopped: 0,0001187 seconds, Stopping threads took: 0,0000248 seconds
2017-04-23T16:56:27.274+0200: 8871,572: Total time for which application threads were stopped: 0,0005832 seconds, Stopping threads took: 0,0001729 seconds
2017-04-23T16:56:27.290+0200: 8871,588: Total time for which application threads were stopped: 0,0031149 seconds, Stopping threads took: 0,0029926 seconds
2017-04-23T16:56:28.300+0200: 8872,598: Total time for which application threads were stopped: 0,0095264 seconds, Stopping threads took: 0,0093735 seconds
2017-04-23T16:56:28.719+0200: 8873,017: Total time for which application threads were stopped: 0,0001472 seconds, Stopping threads took: 0,0000256 seconds
2017-04-23T16:56:28.720+0200: 8873,018: Total time for which application threads were stopped: 0,0001061 seconds, Stopping threads took: 0,0000157 seconds
2017-04-23T16:56:29.722+0200: 8874,021: Total time for which application threads were stopped: 0,0025841 seconds, Stopping threads took: 0,0018288 seconds
2017-04-23T16:56:30.723+0200: 8875,021: Total time for which application threads were stopped: 0,0001658 seconds, Stopping threads took: 0,0000288 seconds
2017-04-23T16:56:31.723+0200: 8876,021: Total time for which application threads were stopped: 0,0001008 seconds, Stopping threads took: 0,0000196 seconds
{Heap before GC invocations=10 (full 1):
 par new generation   total 109248K, used 102099K [0x00000000e0000000, 0x00000000e8000000, 0x00000000e8000000)
  eden space 87424K, 100% used [0x00000000e0000000, 0x00000000e5560000, 0x00000000e5560000)
  from space 21824K,  67% used [0x00000000e5560000, 0x00000000e63b4e80, 0x00000000e6ab0000)
  to   space 21824K,   0% used [0x00000000e6ab0000, 0x00000000e6ab0000, 0x00000000e8000000)
 concurrent mark-sweep generation total 393216K, used 6879K [0x00000000e8000000, 0x0000000100000000, 0x0000000100000000)
 Metaspace       used 30333K, capacity 30947K, committed 31100K, reserved 1077248K
  class space    used 3411K, capacity 3651K, committed 3708K, reserved 1048576K
2017-04-23T16:56:32.064+0200: 8876,362: [GC (Allocation Failure) 2017-04-23T16:56:32.064+0200: 8876,363: [ParNew
Desired survivor size 20112992 bytes, new threshold 8 (max 8)
- age   1:    2290992 bytes,    2290992 total
- age   2:    7802504 bytes,   10093496 total
- age   3:     183160 bytes,   10276656 total
- age   4:     141152 bytes,   10417808 total
- age   5:    1435272 bytes,   11853080 total
- age   6:      92928 bytes,   11946008 total
- age   8:      99240 bytes,   12045248 total
: 102099K->17526K(109248K), 0,0304999 secs] 108979K->24586K(502464K), 0,0305918 secs] [Times: user=0,06 sys=0,01, real=0,03 secs] 
Heap after GC invocations=11 (full 1):
 par new generation   total 109248K, used 17526K [0x00000000e0000000, 0x00000000e8000000, 0x00000000e8000000)
  eden space 87424K,   0% used [0x00000000e0000000, 0x00000000e0000000, 0x00000000e5560000)
  from space 21824K,  80% used [0x00000000e6ab0000, 0x00000000e7bcdaa0, 0x00000000e8000000)
  to   space 21824K,   0% used [0x00000000e5560000, 0x00000000e5560000, 0x00000000e6ab0000)
 concurrent mark-sweep generation total 393216K, used 7060K [0x00000000e8000000, 0x0000000100000000, 0x0000000100000000)
 Metaspace       used 30333K, capacity 30947K, committed 31100K, reserved 1077248K
  class space    used 3411K, capacity 3651K, committed 3708K, reserved 1048576K
}
2017-04-23T16:56:32.095+0200: 8876,393: Total time for which application threads were stopped: 0,0308020 seconds, Stopping threads took: 0,0000263 seconds
2017-04-23T16:56:33.095+0200: 8877,393: Total time for which application threads were stopped: 0,0002484 seconds, Stopping threads took: 0,0000271 seconds
2017-04-23T16:56:34.096+0200: 8878,394: Total time for which application threads were stopped: 0,0000962 seconds, Stopping threads took: 0,0000180 seconds
2017-04-23T16:56:34.766+0200: 8879,064: Total time for which application threads were stopped: 0,0005346 seconds, Stopping threads took: 0,0000165 seconds
2017-04-23T16:56:34.772+0200: 8879,070: Total time for which application threads were stopped: 0,0001214 seconds, Stopping threads took: 0,0000541 seconds
2017-04-23T16:56:34.774+0200: 8879,072: Total time for which application threads were stopped: 0,0001015 seconds, Stopping threads took: 0,0000396 seconds
2017-04-23T16:56:34.775+0200: 8879,073: Total time for which application threads were stopped: 0,0000651 seconds, Stopping threads took: 0,0000141 seconds
2017-04-23T16:56:34.775+0200: 8879,073: Total time for which application threads were stopped: 0,0000352 seconds, Stopping threads took: 0,0000076 seconds
2017-04-23T16:56:34.776+0200: 8879,074: Total time for which application threads were stopped: 0,0000317 seconds, Stopping threads took: 0,0000066 seconds
2017-04-23T16:56:34.776+0200: 8879,074: Total time for which application threads were stopped: 0,0000307 seconds, Stopping threads took: 0,0000069 seconds
2017-04-23T16:56:34.776+0200: 8879,074: Total time for which application threads were stopped: 0,0000310 seconds, Stopping threads took: 0,0000060 seconds
2017-04-23T16:56:34.776+0200: 8879,074: Total time for which application threads were stopped: 0,0000307 seconds, Stopping threads took: 0,0000064 seconds
2017-04-23T16:56:34.776+0200: 8879,074: Total time for which application threads were stopped: 0,0000491 seconds, Stopping threads took: 0,0000070 seconds
2017-04-23T16:56:34.779+0200: 8879,077: Total time for which application threads were stopped: 0,0001165 seconds, Stopping threads took: 0,0000403 seconds
2017-04-23T16:56:34.781+0200: 8879,079: Total time for which application threads were stopped: 0,0001241 seconds, Stopping threads took: 0,0000519 seconds
2017-04-23T16:56:34.781+0200: 8879,079: Total time for which application threads were stopped: 0,0000446 seconds, Stopping threads took: 0,0000131 seconds
2017-04-23T16:56:34.782+0200: 8879,080: Total time for which application threads were stopped: 0,0010101 seconds, Stopping threads took: 0,0009237 seconds
2017-04-23T16:56:34.782+0200: 8879,080: Total time for which application threads were stopped: 0,0000726 seconds, Stopping threads took: 0,0000249 seconds
2017-04-23T16:56:34.784+0200: 8879,082: Total time for which application threads were stopped: 0,0001043 seconds, Stopping threads took: 0,0000393 seconds
2017-04-23T16:56:34.784+0200: 8879,082: Total time for which application threads were stopped: 0,0001103 seconds, Stopping threads took: 0,0000812 seconds
2017-04-23T16:56:34.786+0200: 8879,084: Total time for which application threads were stopped: 0,0018032 seconds, Stopping threads took: 0,0017454 seconds
2017-04-23T16:56:34.787+0200: 8879,085: Total time for which application threads were stopped: 0,0000448 seconds, Stopping threads took: 0,0000090 seconds
2017-04-23T16:56:34.787+0200: 8879,085: Total time for which application threads were stopped: 0,0000337 seconds, Stopping threads took: 0,0000088 seconds
2017-04-23T16:56:34.787+0200: 8879,085: Total time for which application threads were stopped: 0,0000291 seconds, Stopping threads took: 0,0000067 seconds
2017-04-23T16:56:34.787+0200: 8879,085: Total time for which application threads were stopped: 0,0000421 seconds, Stopping threads took: 0,0000189 seconds
2017-04-23T16:56:34.787+0200: 8879,085: Total time for which application threads were stopped: 0,0000342 seconds, Stopping threads took: 0,0000142 seconds
2017-04-23T16:56:34.788+0200: 8879,086: Total time for which application threads were stopped: 0,0000753 seconds, Stopping threads took: 0,0000314 seconds
2017-04-23T16:56:34.788+0200: 8879,086: Total time for which application threads were stopped: 0,0000521 seconds, Stopping threads took: 0,0000197 seconds
2017-04-23T16:56:34.788+0200: 8879,086: Total time for which application threads were stopped: 0,0000312 seconds, Stopping threads took: 0,0000074 seconds
2017-04-23T16:56:34.791+0200: 8879,089: Total time for which application threads were stopped: 0,0033273 seconds, Stopping threads took: 0,0032858 seconds
2017-04-23T16:56:34.791+0200: 8879,089: Total time for which application threads were stopped: 0,0000575 seconds, Stopping threads took: 0,0000237 seconds
2017-04-23T16:56:34.791+0200: 8879,089: Total time for which application threads were stopped: 0,0001028 seconds, Stopping threads took: 0,0000788 seconds
2017-04-23T16:56:34.791+0200: 8879,090: Total time for which application threads were stopped: 0,0000502 seconds, Stopping threads took: 0,0000280 seconds
2017-04-23T16:56:34.792+0200: 8879,090: Total time for which application threads were stopped: 0,0000284 seconds, Stopping threads took: 0,0000071 seconds
2017-04-23T16:56:34.792+0200: 8879,090: Total time for which application threads were stopped: 0,0000478 seconds, Stopping threads took: 0,0000232 seconds
2017-04-23T16:56:34.792+0200: 8879,090: Total time for which application threads were stopped: 0,0000443 seconds, Stopping threads took: 0,0000150 seconds
2017-04-23T16:56:34.792+0200: 8879,090: Total time for which application threads were stopped: 0,0000634 seconds, Stopping threads took: 0,0000323 seconds
2017-04-23T16:56:34.792+0200: 8879,090: Total time for which application threads were stopped: 0,0000561 seconds, Stopping threads took: 0,0000334 seconds
2017-04-23T16:56:34.792+0200: 8879,090: Total time for which application threads were stopped: 0,0000365 seconds, Stopping threads took: 0,0000149 seconds
2017-04-23T16:56:34.792+0200: 8879,090: Total time for which application threads were stopped: 0,0000444 seconds, Stopping threads took: 0,0000221 seconds
2017-04-23T16:56:34.792+0200: 8879,090: Total time for which application threads were stopped: 0,0000556 seconds, Stopping threads took: 0,0000282 seconds
2017-04-23T16:56:34.793+0200: 8879,091: Total time for which application threads were stopped: 0,0000618 seconds, Stopping threads took: 0,0000251 seconds
2017-04-23T16:56:34.793+0200: 8879,091: Total time for which application threads were stopped: 0,0000374 seconds, Stopping threads took: 0,0000135 seconds
2017-04-23T16:56:34.794+0200: 8879,092: Total time for which application threads were stopped: 0,0003621 seconds, Stopping threads took: 0,0002968 seconds
2017-04-23T16:56:34.795+0200: 8879,093: Total time for which application threads were stopped: 0,0001381 seconds, Stopping threads took: 0,0000302 seconds
2017-04-23T16:56:34.795+0200: 8879,093: Total time for which application threads were stopped: 0,0000692 seconds, Stopping threads took: 0,0000211 seconds
2017-04-23T16:56:34.796+0200: 8879,094: Total time for which application threads were stopped: 0,0000752 seconds, Stopping threads took: 0,0000267 seconds
2017-04-23T16:56:34.796+0200: 8879,094: Total time for which application threads were stopped: 0,0000381 seconds, Stopping threads took: 0,0000158 seconds
2017-04-23T16:56:34.796+0200: 8879,094: Total time for which application threads were stopped: 0,0000293 seconds, Stopping threads took: 0,0000083 seconds
2017-04-23T16:56:34.796+0200: 8879,094: Total time for which application threads were stopped: 0,0001060 seconds, Stopping threads took: 0,0000132 seconds
2017-04-23T16:56:34.798+0200: 8879,096: Total time for which application threads were stopped: 0,0000974 seconds, Stopping threads took: 0,0000294 seconds
Heap
 par new generation   total 109248K, used 60291K [0x00000000e0000000, 0x00000000e8000000, 0x00000000e8000000)
  eden space 87424K,  48% used [0x00000000e0000000, 0x00000000e29c31d0, 0x00000000e5560000)
  from space 21824K,  80% used [0x00000000e6ab0000, 0x00000000e7bcdaa0, 0x00000000e8000000)
  to   space 21824K,   0% used [0x00000000e5560000, 0x00000000e5560000, 0x00000000e6ab0000)
 concurrent mark-sweep generation total 393216K, used 7060K [0x00000000e8000000, 0x0000000100000000, 0x0000000100000000)
 Metaspace       used 30512K, capacity 31153K, committed 31356K, reserved 1077248K
  class space    used 3427K, capacity 3654K, committed 3708K, reserved 1048576K
