OpenJDK 64-Bit Server VM (25.111-b14) for linux-amd64 JRE (1.8.0_111-8u111-b14-2ubuntu0.16.04.2-b14), built on Oct 27 2016 18:10:19 by "buildd" with gcc 5.4.0 20160609
Memory: 4k page, physical 7867804k(7525576k free), swap 8076284k(8076284k free)
CommandLine flags: -XX:CMSInitiatingOccupancyFraction=50 -XX:CMSMaxAbortablePrecleanTime=6000 -XX:+CMSParallelRemarkEnabled -XX:+CMSScavengeBeforeRemark -XX:ConcGCThreads=4 -XX:InitialHeapSize=536870912 -XX:MaxHeapSize=536870912 -XX:MaxTenuringThreshold=8 -XX:NewRatio=3 -XX:OldPLABSize=16 -XX:OnOutOfMemoryError=/opt/solr/bin/oom_solr.sh 8983 /var/solr/logs -XX:ParallelGCThreads=4 -XX:+ParallelRefProcEnabled -XX:PretenureSizeThreshold=67108864 -XX:+PrintGC -XX:+PrintGCApplicationStoppedTime -XX:+PrintGCDateStamps -XX:+PrintGCDetails -XX:+PrintGCTimeStamps -XX:+PrintHeapAtGC -XX:+PrintTenuringDistribution -XX:SurvivorRatio=4 -XX:TargetSurvivorRatio=90 -XX:ThreadStackSize=256 -XX:+UseCMSInitiatingOccupancyOnly -XX:+UseCompressedClassPointers -XX:+UseCompressedOops -XX:+UseConcMarkSweepGC -XX:+UseParNewGC 
2016-12-22T09:47:34.737+0100: 0,136: Total time for which application threads were stopped: 0,0000727 seconds, Stopping threads took: 0,0000106 seconds
2016-12-22T09:47:34.834+0100: 0,233: Total time for which application threads were stopped: 0,0001967 seconds, Stopping threads took: 0,0000156 seconds
2016-12-22T09:47:34.847+0100: 0,246: Total time for which application threads were stopped: 0,0000884 seconds, Stopping threads took: 0,0000141 seconds
2016-12-22T09:47:35.038+0100: 0,436: Total time for which application threads were stopped: 0,0003223 seconds, Stopping threads took: 0,0000298 seconds
2016-12-22T09:47:35.539+0100: 0,937: Total time for which application threads were stopped: 0,0007267 seconds, Stopping threads took: 0,0000317 seconds
2016-12-22T09:47:35.627+0100: 1,026: Total time for which application threads were stopped: 0,0001639 seconds, Stopping threads took: 0,0000163 seconds
2016-12-22T09:47:35.659+0100: 1,058: Total time for which application threads were stopped: 0,0002161 seconds, Stopping threads took: 0,0000381 seconds
2016-12-22T09:47:35.956+0100: 1,355: Total time for which application threads were stopped: 0,0010940 seconds, Stopping threads took: 0,0000832 seconds
2016-12-22T09:47:36.167+0100: 1,566: Total time for which application threads were stopped: 0,0001915 seconds, Stopping threads took: 0,0000125 seconds
2016-12-22T09:47:36.191+0100: 1,590: Total time for which application threads were stopped: 0,0002376 seconds, Stopping threads took: 0,0000218 seconds
2016-12-22T09:47:36.192+0100: 1,591: Total time for which application threads were stopped: 0,0001841 seconds, Stopping threads took: 0,0000416 seconds
2016-12-22T09:47:36.203+0100: 1,602: Total time for which application threads were stopped: 0,0001692 seconds, Stopping threads took: 0,0000146 seconds
2016-12-22T09:47:36.306+0100: 1,704: Total time for which application threads were stopped: 0,0002198 seconds, Stopping threads took: 0,0000189 seconds
2016-12-22T09:47:36.457+0100: 1,855: Total time for which application threads were stopped: 0,0003413 seconds, Stopping threads took: 0,0001224 seconds
{Heap before GC invocations=0 (full 0):
 par new generation   total 109248K, used 87424K [0x00000000e0000000, 0x00000000e8000000, 0x00000000e8000000)
  eden space 87424K, 100% used [0x00000000e0000000, 0x00000000e5560000, 0x00000000e5560000)
  from space 21824K,   0% used [0x00000000e5560000, 0x00000000e5560000, 0x00000000e6ab0000)
  to   space 21824K,   0% used [0x00000000e6ab0000, 0x00000000e6ab0000, 0x00000000e8000000)
 concurrent mark-sweep generation total 393216K, used 0K [0x00000000e8000000, 0x0000000100000000, 0x0000000100000000)
 Metaspace       used 18353K, capacity 18686K, committed 18944K, reserved 1067008K
  class space    used 2091K, capacity 2226K, committed 2304K, reserved 1048576K
2016-12-22T09:47:36.600+0100: 1,999: [GC (Allocation Failure) 2016-12-22T09:47:36.600+0100: 1,999: [ParNew
Desired survivor size 20112992 bytes, new threshold 8 (max 8)
- age   1:   12578792 bytes,   12578792 total
: 87424K->12416K(109248K), 0,0179212 secs] 87424K->12416K(502464K), 0,0180206 secs] [Times: user=0,06 sys=0,01, real=0,02 secs] 
Heap after GC invocations=1 (full 0):
 par new generation   total 109248K, used 12416K [0x00000000e0000000, 0x00000000e8000000, 0x00000000e8000000)
  eden space 87424K,   0% used [0x00000000e0000000, 0x00000000e0000000, 0x00000000e5560000)
  from space 21824K,  56% used [0x00000000e6ab0000, 0x00000000e76d00b0, 0x00000000e8000000)
  to   space 21824K,   0% used [0x00000000e5560000, 0x00000000e5560000, 0x00000000e6ab0000)
 concurrent mark-sweep generation total 393216K, used 0K [0x00000000e8000000, 0x0000000100000000, 0x0000000100000000)
 Metaspace       used 18353K, capacity 18686K, committed 18944K, reserved 1067008K
  class space    used 2091K, capacity 2226K, committed 2304K, reserved 1048576K
}
2016-12-22T09:47:36.618+0100: 2,017: Total time for which application threads were stopped: 0,0182542 seconds, Stopping threads took: 0,0000294 seconds
2016-12-22T09:47:36.749+0100: 2,147: Total time for which application threads were stopped: 0,0002776 seconds, Stopping threads took: 0,0000221 seconds
2016-12-22T09:47:36.783+0100: 2,181: Total time for which application threads were stopped: 0,0003156 seconds, Stopping threads took: 0,0000235 seconds
2016-12-22T09:47:36.814+0100: 2,212: Total time for which application threads were stopped: 0,0002878 seconds, Stopping threads took: 0,0000231 seconds
{Heap before GC invocations=1 (full 0):
 par new generation   total 109248K, used 99840K [0x00000000e0000000, 0x00000000e8000000, 0x00000000e8000000)
  eden space 87424K, 100% used [0x00000000e0000000, 0x00000000e5560000, 0x00000000e5560000)
  from space 21824K,  56% used [0x00000000e6ab0000, 0x00000000e76d00b0, 0x00000000e8000000)
  to   space 21824K,   0% used [0x00000000e5560000, 0x00000000e5560000, 0x00000000e6ab0000)
 concurrent mark-sweep generation total 393216K, used 0K [0x00000000e8000000, 0x0000000100000000, 0x0000000100000000)
 Metaspace       used 20708K, capacity 21020K, committed 21248K, reserved 1069056K
  class space    used 2404K, capacity 2518K, committed 2560K, reserved 1048576K
2016-12-22T09:47:36.988+0100: 2,386: [GC (Allocation Failure) 2016-12-22T09:47:36.988+0100: 2,386: [ParNew
Desired survivor size 20112992 bytes, new threshold 8 (max 8)
- age   1:    2729456 bytes,    2729456 total
- age   2:    6139856 bytes,    8869312 total
: 99840K->13278K(109248K), 0,0111646 secs] 99840K->13278K(502464K), 0,0112402 secs] [Times: user=0,03 sys=0,00, real=0,01 secs] 
Heap after GC invocations=2 (full 0):
 par new generation   total 109248K, used 13278K [0x00000000e0000000, 0x00000000e8000000, 0x00000000e8000000)
  eden space 87424K,   0% used [0x00000000e0000000, 0x00000000e0000000, 0x00000000e5560000)
  from space 21824K,  60% used [0x00000000e5560000, 0x00000000e6257ae8, 0x00000000e6ab0000)
  to   space 21824K,   0% used [0x00000000e6ab0000, 0x00000000e6ab0000, 0x00000000e8000000)
 concurrent mark-sweep generation total 393216K, used 0K [0x00000000e8000000, 0x0000000100000000, 0x0000000100000000)
 Metaspace       used 20708K, capacity 21020K, committed 21248K, reserved 1069056K
  class space    used 2404K, capacity 2518K, committed 2560K, reserved 1048576K
}
2016-12-22T09:47:36.999+0100: 2,397: Total time for which application threads were stopped: 0,0114618 seconds, Stopping threads took: 0,0000277 seconds
2016-12-22T09:47:37.050+0100: 2,449: Total time for which application threads were stopped: 0,0000742 seconds, Stopping threads took: 0,0000169 seconds
2016-12-22T09:47:37.083+0100: 2,482: Total time for which application threads were stopped: 0,0002508 seconds, Stopping threads took: 0,0000161 seconds
2016-12-22T09:47:37.088+0100: 2,487: Total time for which application threads were stopped: 0,0000813 seconds, Stopping threads took: 0,0000198 seconds
2016-12-22T09:47:37.108+0100: 2,506: Total time for which application threads were stopped: 0,0000681 seconds, Stopping threads took: 0,0000127 seconds
2016-12-22T09:47:37.188+0100: 2,587: Total time for which application threads were stopped: 0,0001284 seconds, Stopping threads took: 0,0000233 seconds
2016-12-22T09:47:37.210+0100: 2,608: Total time for which application threads were stopped: 0,0000820 seconds, Stopping threads took: 0,0000203 seconds
2016-12-22T09:47:37.217+0100: 2,616: Total time for which application threads were stopped: 0,0003120 seconds, Stopping threads took: 0,0000204 seconds
2016-12-22T09:47:37.225+0100: 2,623: Total time for which application threads were stopped: 0,0002814 seconds, Stopping threads took: 0,0000183 seconds
2016-12-22T09:47:37.235+0100: 2,633: Total time for which application threads were stopped: 0,0006696 seconds, Stopping threads took: 0,0005923 seconds
2016-12-22T09:47:37.268+0100: 2,666: Total time for which application threads were stopped: 0,0000828 seconds, Stopping threads took: 0,0000199 seconds
2016-12-22T09:47:37.285+0100: 2,684: Total time for which application threads were stopped: 0,0000888 seconds, Stopping threads took: 0,0000207 seconds
2016-12-22T09:47:37.307+0100: 2,705: Total time for which application threads were stopped: 0,0000789 seconds, Stopping threads took: 0,0000167 seconds
2016-12-22T09:47:37.326+0100: 2,725: Total time for which application threads were stopped: 0,0000758 seconds, Stopping threads took: 0,0000140 seconds
2016-12-22T09:47:37.362+0100: 2,761: Total time for which application threads were stopped: 0,0001412 seconds, Stopping threads took: 0,0000243 seconds
2016-12-22T09:47:37.424+0100: 2,823: Total time for which application threads were stopped: 0,0001288 seconds, Stopping threads took: 0,0000274 seconds
2016-12-22T09:47:37.458+0100: 2,856: Total time for which application threads were stopped: 0,0001276 seconds, Stopping threads took: 0,0000281 seconds
{Heap before GC invocations=2 (full 0):
 par new generation   total 109248K, used 100702K [0x00000000e0000000, 0x00000000e8000000, 0x00000000e8000000)
  eden space 87424K, 100% used [0x00000000e0000000, 0x00000000e5560000, 0x00000000e5560000)
  from space 21824K,  60% used [0x00000000e5560000, 0x00000000e6257ae8, 0x00000000e6ab0000)
  to   space 21824K,   0% used [0x00000000e6ab0000, 0x00000000e6ab0000, 0x00000000e8000000)
 concurrent mark-sweep generation total 393216K, used 0K [0x00000000e8000000, 0x0000000100000000, 0x0000000100000000)
 Metaspace       used 25102K, capacity 25448K, committed 25612K, reserved 1071104K
  class space    used 2921K, capacity 3057K, committed 3092K, reserved 1048576K
2016-12-22T09:47:37.502+0100: 2,900: [GC (Allocation Failure) 2016-12-22T09:47:37.502+0100: 2,900: [ParNew
Desired survivor size 20112992 bytes, new threshold 8 (max 8)
- age   1:    6915560 bytes,    6915560 total
- age   2:     513864 bytes,    7429424 total
- age   3:    6120904 bytes,   13550328 total
: 100702K->16505K(109248K), 0,0202342 secs] 100702K->16505K(502464K), 0,0203268 secs] [Times: user=0,07 sys=0,00, real=0,02 secs] 
Heap after GC invocations=3 (full 0):
 par new generation   total 109248K, used 16505K [0x00000000e0000000, 0x00000000e8000000, 0x00000000e8000000)
  eden space 87424K,   0% used [0x00000000e0000000, 0x00000000e0000000, 0x00000000e5560000)
  from space 21824K,  75% used [0x00000000e6ab0000, 0x00000000e7ace410, 0x00000000e8000000)
  to   space 21824K,   0% used [0x00000000e5560000, 0x00000000e5560000, 0x00000000e6ab0000)
 concurrent mark-sweep generation total 393216K, used 0K [0x00000000e8000000, 0x0000000100000000, 0x0000000100000000)
 Metaspace       used 25102K, capacity 25448K, committed 25612K, reserved 1071104K
  class space    used 2921K, capacity 3057K, committed 3092K, reserved 1048576K
}
2016-12-22T09:47:37.522+0100: 2,921: Total time for which application threads were stopped: 0,0204998 seconds, Stopping threads took: 0,0000249 seconds
2016-12-22T09:47:37.523+0100: 2,921: [GC (CMS Initial Mark) [1 CMS-initial-mark: 0K(393216K)] 16505K(502464K), 0,0068131 secs] [Times: user=0,02 sys=0,00, real=0,01 secs] 
2016-12-22T09:47:37.530+0100: 2,928: Total time for which application threads were stopped: 0,0069451 seconds, Stopping threads took: 0,0000438 seconds
2016-12-22T09:47:37.530+0100: 2,928: [CMS-concurrent-mark-start]
2016-12-22T09:47:37.530+0100: 2,929: [CMS-concurrent-mark: 0,000/0,000 secs] [Times: user=0,00 sys=0,01, real=0,00 secs] 
2016-12-22T09:47:37.530+0100: 2,929: [CMS-concurrent-preclean-start]
2016-12-22T09:47:37.531+0100: 2,930: [CMS-concurrent-preclean: 0,001/0,001 secs] [Times: user=0,00 sys=0,00, real=0,00 secs] 
2016-12-22T09:47:37.532+0100: 2,931: [GC (CMS Final Remark) [YG occupancy: 17918 K (109248 K)]{Heap before GC invocations=3 (full 1):
 par new generation   total 109248K, used 17918K [0x00000000e0000000, 0x00000000e8000000, 0x00000000e8000000)
  eden space 87424K,   1% used [0x00000000e0000000, 0x00000000e01614c0, 0x00000000e5560000)
  from space 21824K,  75% used [0x00000000e6ab0000, 0x00000000e7ace410, 0x00000000e8000000)
  to   space 21824K,   0% used [0x00000000e5560000, 0x00000000e5560000, 0x00000000e6ab0000)
 concurrent mark-sweep generation total 393216K, used 0K [0x00000000e8000000, 0x0000000100000000, 0x0000000100000000)
 Metaspace       used 25102K, capacity 25448K, committed 25612K, reserved 1071104K
  class space    used 2921K, capacity 3057K, committed 3092K, reserved 1048576K
2016-12-22T09:47:37.532+0100: 2,931: [GC (CMS Final Remark) 2016-12-22T09:47:37.532+0100: 2,931: [ParNew
Desired survivor size 20112992 bytes, new threshold 8 (max 8)
- age   1:         88 bytes,         88 total
- age   2:    3171840 bytes,    3171928 total
- age   3:     513864 bytes,    3685792 total
- age   4:    6120904 bytes,    9806696 total
: 17918K->13435K(109248K), 0,0147537 secs] 17918K->13435K(502464K), 0,0147937 secs] [Times: user=0,04 sys=0,00, real=0,02 secs] 
Heap after GC invocations=4 (full 1):
 par new generation   total 109248K, used 13435K [0x00000000e0000000, 0x00000000e8000000, 0x00000000e8000000)
  eden space 87424K,   0% used [0x00000000e0000000, 0x00000000e0000000, 0x00000000e5560000)
  from space 21824K,  61% used [0x00000000e5560000, 0x00000000e627eca0, 0x00000000e6ab0000)
  to   space 21824K,   0% used [0x00000000e6ab0000, 0x00000000e6ab0000, 0x00000000e8000000)
 concurrent mark-sweep generation total 393216K, used 0K [0x00000000e8000000, 0x0000000100000000, 0x0000000100000000)
 Metaspace       used 25102K, capacity 25448K, committed 25612K, reserved 1071104K
  class space    used 2921K, capacity 3057K, committed 3092K, reserved 1048576K
}
2016-12-22T09:47:37.547+0100: 2,946: [Rescan (parallel) , 0,0054105 secs]2016-12-22T09:47:37.553+0100: 2,951: [weak refs processing, 0,0021002 secs]2016-12-22T09:47:37.555+0100: 2,953: [class unloading, 0,0046266 secs]2016-12-22T09:47:37.559+0100: 2,958: [scrub symbol table, 0,0066193 secs]2016-12-22T09:47:37.566+0100: 2,965: [scrub string table, 0,0006313 secs][1 CMS-remark: 0K(393216K)] 13435K(502464K), 0,0352344 secs] [Times: user=0,09 sys=0,00, real=0,04 secs] 
2016-12-22T09:47:37.568+0100: 2,966: Total time for which application threads were stopped: 0,0353588 seconds, Stopping threads took: 0,0000310 seconds
2016-12-22T09:47:37.568+0100: 2,967: [CMS-concurrent-sweep-start]
2016-12-22T09:47:37.568+0100: 2,967: [CMS-concurrent-sweep: 0,000/0,000 secs] [Times: user=0,00 sys=0,00, real=0,00 secs] 
2016-12-22T09:47:37.568+0100: 2,967: [CMS-concurrent-reset-start]
2016-12-22T09:47:37.569+0100: 2,968: [CMS-concurrent-reset: 0,001/0,001 secs] [Times: user=0,00 sys=0,01, real=0,00 secs] 
2016-12-22T09:47:37.569+0100: 2,968: Total time for which application threads were stopped: 0,0001691 seconds, Stopping threads took: 0,0000334 seconds
2016-12-22T09:47:38.571+0100: 3,969: Total time for which application threads were stopped: 0,0001001 seconds, Stopping threads took: 0,0000160 seconds
2016-12-22T09:47:38.655+0100: 4,053: Total time for which application threads were stopped: 0,0002852 seconds, Stopping threads took: 0,0000157 seconds
2016-12-22T09:50:16.679+0100: 162,078: Total time for which application threads were stopped: 0,0001079 seconds, Stopping threads took: 0,0000489 seconds
2016-12-22T09:50:21.680+0100: 167,078: Total time for which application threads were stopped: 0,0000759 seconds, Stopping threads took: 0,0000186 seconds
2016-12-22T09:51:15.770+0100: 222,084: Total time for which application threads were stopped: 0,0000735 seconds, Stopping threads took: 0,0000307 seconds
2016-12-22T09:52:20.777+0100: 287,092: Total time for which application threads were stopped: 0,0000699 seconds, Stopping threads took: 0,0000269 seconds
2016-12-22T09:55:05.796+0100: 452,110: Total time for which application threads were stopped: 0,0000715 seconds, Stopping threads took: 0,0000311 seconds
2016-12-22T09:57:55.815+0100: 622,129: Total time for which application threads were stopped: 0,0000713 seconds, Stopping threads took: 0,0000277 seconds
2016-12-22T09:58:05.816+0100: 632,130: Total time for which application threads were stopped: 0,0000561 seconds, Stopping threads took: 0,0000139 seconds
2016-12-22T09:58:10.816+0100: 637,131: Total time for which application threads were stopped: 0,0003369 seconds, Stopping threads took: 0,0000794 seconds
2016-12-22T09:58:15.817+0100: 642,131: Total time for which application threads were stopped: 0,0000533 seconds, Stopping threads took: 0,0000137 seconds
2016-12-22T10:11:14.897+0100: 1421,212: Total time for which application threads were stopped: 0,0000836 seconds, Stopping threads took: 0,0000332 seconds
2016-12-22T10:14:15.916+0100: 1602,230: Total time for which application threads were stopped: 0,0000787 seconds, Stopping threads took: 0,0000323 seconds
2016-12-22T10:14:55.920+0100: 1642,235: Total time for which application threads were stopped: 0,0000692 seconds, Stopping threads took: 0,0000297 seconds
2016-12-22T10:15:00.921+0100: 1647,235: Total time for which application threads were stopped: 0,0000685 seconds, Stopping threads took: 0,0000284 seconds
2016-12-22T10:15:44.926+0100: 1691,240: Total time for which application threads were stopped: 0,0000830 seconds, Stopping threads took: 0,0000301 seconds
2016-12-22T10:26:15.001+0100: 2321,315: Total time for which application threads were stopped: 0,0000933 seconds, Stopping threads took: 0,0000406 seconds
2016-12-22T10:26:16.001+0100: 2322,315: Total time for which application threads were stopped: 0,0000543 seconds, Stopping threads took: 0,0000148 seconds
2016-12-22T10:40:51.111+0100: 3197,425: Total time for which application threads were stopped: 0,0001097 seconds, Stopping threads took: 0,0000453 seconds
2016-12-22T10:52:05.185+0100: 3871,499: Total time for which application threads were stopped: 0,0000765 seconds, Stopping threads took: 0,0000302 seconds
2016-12-22T10:53:30.195+0100: 3956,509: Total time for which application threads were stopped: 0,0000900 seconds, Stopping threads took: 0,0000378 seconds
2016-12-22T10:54:35.203+0100: 4021,517: Total time for which application threads were stopped: 0,0000770 seconds, Stopping threads took: 0,0000322 seconds
2016-12-22T11:27:59.221+0100: 6025,535: Total time for which application threads were stopped: 0,0001288 seconds, Stopping threads took: 0,0000266 seconds
Heap
 par new generation   total 109248K, used 57386K [0x00000000e0000000, 0x00000000e8000000, 0x00000000e8000000)
  eden space 87424K,  50% used [0x00000000e0000000, 0x00000000e2aebc28, 0x00000000e5560000)
  from space 21824K,  61% used [0x00000000e5560000, 0x00000000e627eca0, 0x00000000e6ab0000)
  to   space 21824K,   0% used [0x00000000e6ab0000, 0x00000000e6ab0000, 0x00000000e8000000)
 concurrent mark-sweep generation total 393216K, used 0K [0x00000000e8000000, 0x0000000100000000, 0x0000000100000000)
 Metaspace       used 27244K, capacity 27728K, committed 27916K, reserved 1073152K
  class space    used 3167K, capacity 3321K, committed 3348K, reserved 1048576K
