OpenJDK 64-Bit Server VM (25.131-b11) for linux-amd64 JRE (1.8.0_131-8u131-b11-0ubuntu1.16.04.2-b11), built on May  6 2017 02:45:27 by "buildd" with gcc 5.4.0 20160609
Memory: 4k page, physical 7867740k(7558348k free), swap 8076284k(8076284k free)
CommandLine flags: -XX:CMSInitiatingOccupancyFraction=50 -XX:CMSMaxAbortablePrecleanTime=6000 -XX:+CMSParallelRemarkEnabled -XX:+CMSScavengeBeforeRemark -XX:ConcGCThreads=4 -XX:InitialHeapSize=536870912 -XX:MaxHeapSize=536870912 -XX:MaxTenuringThreshold=8 -XX:NewRatio=3 -XX:OldPLABSize=16 -XX:OnOutOfMemoryError=/opt/solr/bin/oom_solr.sh 8983 /var/solr/logs -XX:ParallelGCThreads=4 -XX:+ParallelRefProcEnabled -XX:PretenureSizeThreshold=67108864 -XX:+PrintGC -XX:+PrintGCApplicationStoppedTime -XX:+PrintGCDateStamps -XX:+PrintGCDetails -XX:+PrintGCTimeStamps -XX:+PrintHeapAtGC -XX:+PrintTenuringDistribution -XX:SurvivorRatio=4 -XX:TargetSurvivorRatio=90 -XX:ThreadStackSize=256 -XX:+UseCMSInitiatingOccupancyOnly -XX:+UseCompressedClassPointers -XX:+UseCompressedOops -XX:+UseConcMarkSweepGC -XX:+UseParNewGC 
2017-06-28T09:24:33.766+0200: 0,188: Total time for which application threads were stopped: 0,0000772 seconds, Stopping threads took: 0,0000135 seconds
2017-06-28T09:24:33.882+0200: 0,304: Total time for which application threads were stopped: 0,0001124 seconds, Stopping threads took: 0,0000181 seconds
2017-06-28T09:24:33.902+0200: 0,323: Total time for which application threads were stopped: 0,0000922 seconds, Stopping threads took: 0,0000152 seconds
2017-06-28T09:24:34.202+0200: 0,624: Total time for which application threads were stopped: 0,0001640 seconds, Stopping threads took: 0,0000271 seconds
2017-06-28T09:24:34.595+0200: 1,017: Total time for which application threads were stopped: 0,0001522 seconds, Stopping threads took: 0,0000160 seconds
2017-06-28T09:24:34.681+0200: 1,103: Total time for which application threads were stopped: 0,0002009 seconds, Stopping threads took: 0,0000601 seconds
2017-06-28T09:24:34.705+0200: 1,127: Total time for which application threads were stopped: 0,0001744 seconds, Stopping threads took: 0,0000217 seconds
2017-06-28T09:24:35.073+0200: 1,495: Total time for which application threads were stopped: 0,0002384 seconds, Stopping threads took: 0,0000305 seconds
2017-06-28T09:24:35.406+0200: 1,828: Total time for which application threads were stopped: 0,0002248 seconds, Stopping threads took: 0,0000170 seconds
2017-06-28T09:24:35.427+0200: 1,848: Total time for which application threads were stopped: 0,0002207 seconds, Stopping threads took: 0,0000231 seconds
2017-06-28T09:24:35.464+0200: 1,886: Total time for which application threads were stopped: 0,0005465 seconds, Stopping threads took: 0,0000263 seconds
2017-06-28T09:24:35.468+0200: 1,889: Total time for which application threads were stopped: 0,0003250 seconds, Stopping threads took: 0,0001020 seconds
2017-06-28T09:24:35.486+0200: 1,908: Total time for which application threads were stopped: 0,0001760 seconds, Stopping threads took: 0,0000155 seconds
2017-06-28T09:24:35.578+0200: 1,999: Total time for which application threads were stopped: 0,0002349 seconds, Stopping threads took: 0,0000218 seconds
2017-06-28T09:24:35.765+0200: 2,186: Total time for which application threads were stopped: 0,0002290 seconds, Stopping threads took: 0,0000223 seconds
{Heap before GC invocations=0 (full 0):
 par new generation   total 109248K, used 87424K [0x00000000e0000000, 0x00000000e8000000, 0x00000000e8000000)
  eden space 87424K, 100% used [0x00000000e0000000, 0x00000000e5560000, 0x00000000e5560000)
  from space 21824K,   0% used [0x00000000e5560000, 0x00000000e5560000, 0x00000000e6ab0000)
  to   space 21824K,   0% used [0x00000000e6ab0000, 0x00000000e6ab0000, 0x00000000e8000000)
 concurrent mark-sweep generation total 393216K, used 0K [0x00000000e8000000, 0x0000000100000000, 0x0000000100000000)
 Metaspace       used 18016K, capacity 18336K, committed 18688K, reserved 1064960K
  class space    used 2036K, capacity 2196K, committed 2304K, reserved 1048576K
2017-06-28T09:24:35.848+0200: 2,270: [GC (Allocation Failure) 2017-06-28T09:24:35.848+0200: 2,270: [ParNew
Desired survivor size 20112992 bytes, new threshold 8 (max 8)
- age   1:   12592496 bytes,   12592496 total
: 87424K->12411K(109248K), 0,0174806 secs] 87424K->12411K(502464K), 0,0175463 secs] [Times: user=0,05 sys=0,01, real=0,02 secs] 
Heap after GC invocations=1 (full 0):
 par new generation   total 109248K, used 12411K [0x00000000e0000000, 0x00000000e8000000, 0x00000000e8000000)
  eden space 87424K,   0% used [0x00000000e0000000, 0x00000000e0000000, 0x00000000e5560000)
  from space 21824K,  56% used [0x00000000e6ab0000, 0x00000000e76ceca0, 0x00000000e8000000)
  to   space 21824K,   0% used [0x00000000e5560000, 0x00000000e5560000, 0x00000000e6ab0000)
 concurrent mark-sweep generation total 393216K, used 0K [0x00000000e8000000, 0x0000000100000000, 0x0000000100000000)
 Metaspace       used 18016K, capacity 18336K, committed 18688K, reserved 1064960K
  class space    used 2036K, capacity 2196K, committed 2304K, reserved 1048576K
}
2017-06-28T09:24:35.866+0200: 2,287: Total time for which application threads were stopped: 0,0178098 seconds, Stopping threads took: 0,0000878 seconds
2017-06-28T09:24:36.231+0200: 2,652: Total time for which application threads were stopped: 0,0003103 seconds, Stopping threads took: 0,0000336 seconds
{Heap before GC invocations=1 (full 0):
 par new generation   total 109248K, used 99835K [0x00000000e0000000, 0x00000000e8000000, 0x00000000e8000000)
  eden space 87424K, 100% used [0x00000000e0000000, 0x00000000e5560000, 0x00000000e5560000)
  from space 21824K,  56% used [0x00000000e6ab0000, 0x00000000e76ceca0, 0x00000000e8000000)
  to   space 21824K,   0% used [0x00000000e5560000, 0x00000000e5560000, 0x00000000e6ab0000)
 concurrent mark-sweep generation total 393216K, used 0K [0x00000000e8000000, 0x0000000100000000, 0x0000000100000000)
 Metaspace       used 20048K, capacity 20386K, committed 20736K, reserved 1067008K
  class space    used 2299K, capacity 2479K, committed 2560K, reserved 1048576K
2017-06-28T09:24:36.274+0200: 2,696: [GC (Allocation Failure) 2017-06-28T09:24:36.274+0200: 2,696: [ParNew
Desired survivor size 20112992 bytes, new threshold 8 (max 8)
- age   1:    3781864 bytes,    3781864 total
- age   2:    6661392 bytes,   10443256 total
: 99835K->15772K(109248K), 0,0154312 secs] 99835K->15772K(502464K), 0,0155057 secs] [Times: user=0,06 sys=0,00, real=0,01 secs] 
Heap after GC invocations=2 (full 0):
 par new generation   total 109248K, used 15772K [0x00000000e0000000, 0x00000000e8000000, 0x00000000e8000000)
  eden space 87424K,   0% used [0x00000000e0000000, 0x00000000e0000000, 0x00000000e5560000)
  from space 21824K,  72% used [0x00000000e5560000, 0x00000000e64c7200, 0x00000000e6ab0000)
  to   space 21824K,   0% used [0x00000000e6ab0000, 0x00000000e6ab0000, 0x00000000e8000000)
 concurrent mark-sweep generation total 393216K, used 0K [0x00000000e8000000, 0x0000000100000000, 0x0000000100000000)
 Metaspace       used 20048K, capacity 20386K, committed 20736K, reserved 1067008K
  class space    used 2299K, capacity 2479K, committed 2560K, reserved 1048576K
}
2017-06-28T09:24:36.290+0200: 2,712: Total time for which application threads were stopped: 0,0157822 seconds, Stopping threads took: 0,0001219 seconds
2017-06-28T09:24:36.295+0200: 2,716: Total time for which application threads were stopped: 0,0023116 seconds, Stopping threads took: 0,0020679 seconds
2017-06-28T09:24:36.321+0200: 2,742: Total time for which application threads were stopped: 0,0004149 seconds, Stopping threads took: 0,0000554 seconds
2017-06-28T09:24:36.437+0200: 2,858: Total time for which application threads were stopped: 0,0002386 seconds, Stopping threads took: 0,0000609 seconds
{Heap before GC invocations=2 (full 0):
 par new generation   total 109248K, used 103196K [0x00000000e0000000, 0x00000000e8000000, 0x00000000e8000000)
  eden space 87424K, 100% used [0x00000000e0000000, 0x00000000e5560000, 0x00000000e5560000)
  from space 21824K,  72% used [0x00000000e5560000, 0x00000000e64c7200, 0x00000000e6ab0000)
  to   space 21824K,   0% used [0x00000000e6ab0000, 0x00000000e6ab0000, 0x00000000e8000000)
 concurrent mark-sweep generation total 393216K, used 0K [0x00000000e8000000, 0x0000000100000000, 0x0000000100000000)
 Metaspace       used 20982K, capacity 21308K, committed 21552K, reserved 1069056K
  class space    used 2421K, capacity 2598K, committed 2608K, reserved 1048576K
2017-06-28T09:24:36.482+0200: 2,904: [GC (Allocation Failure) 2017-06-28T09:24:36.482+0200: 2,904: [ParNew
Desired survivor size 20112992 bytes, new threshold 8 (max 8)
- age   1:    2079576 bytes,    2079576 total
- age   2:     870032 bytes,    2949608 total
- age   3:    6656952 bytes,    9606560 total
: 103196K->12433K(109248K), 0,0100764 secs] 103196K->12433K(502464K), 0,0101698 secs] [Times: user=0,04 sys=0,00, real=0,02 secs] 
Heap after GC invocations=3 (full 0):
 par new generation   total 109248K, used 12433K [0x00000000e0000000, 0x00000000e8000000, 0x00000000e8000000)
  eden space 87424K,   0% used [0x00000000e0000000, 0x00000000e0000000, 0x00000000e5560000)
  from space 21824K,  56% used [0x00000000e6ab0000, 0x00000000e76d4460, 0x00000000e8000000)
  to   space 21824K,   0% used [0x00000000e5560000, 0x00000000e5560000, 0x00000000e6ab0000)
 concurrent mark-sweep generation total 393216K, used 0K [0x00000000e8000000, 0x0000000100000000, 0x0000000100000000)
 Metaspace       used 20982K, capacity 21308K, committed 21552K, reserved 1069056K
  class space    used 2421K, capacity 2598K, committed 2608K, reserved 1048576K
}
2017-06-28T09:24:36.492+0200: 2,914: Total time for which application threads were stopped: 0,0104564 seconds, Stopping threads took: 0,0001075 seconds
2017-06-28T09:24:36.492+0200: 2,914: [GC (CMS Initial Mark) [1 CMS-initial-mark: 0K(393216K)] 13171K(502464K), 0,0034829 secs] [Times: user=0,01 sys=0,00, real=0,00 secs] 
2017-06-28T09:24:36.496+0200: 2,917: Total time for which application threads were stopped: 0,0036640 seconds, Stopping threads took: 0,0000860 seconds
2017-06-28T09:24:36.496+0200: 2,917: [CMS-concurrent-mark-start]
2017-06-28T09:24:36.496+0200: 2,918: [CMS-concurrent-mark: 0,000/0,000 secs] [Times: user=0,00 sys=0,00, real=0,00 secs] 
2017-06-28T09:24:36.496+0200: 2,918: [CMS-concurrent-preclean-start]
2017-06-28T09:24:36.498+0200: 2,919: [CMS-concurrent-preclean: 0,001/0,001 secs] [Times: user=0,01 sys=0,00, real=0,00 secs] 
2017-06-28T09:24:36.498+0200: 2,919: [CMS-concurrent-abortable-preclean-start]
2017-06-28T09:24:36.602+0200: 3,024: Total time for which application threads were stopped: 0,0025521 seconds, Stopping threads took: 0,0024348 seconds
2017-06-28T09:24:36.602+0200: 3,024: [CMS-concurrent-abortable-preclean: 0,100/0,105 secs] [Times: user=0,39 sys=0,01, real=0,11 secs] 
2017-06-28T09:24:36.611+0200: 3,033: [GC (CMS Final Remark) [YG occupancy: 84009 K (109248 K)]{Heap before GC invocations=3 (full 1):
 par new generation   total 109248K, used 84009K [0x00000000e0000000, 0x00000000e8000000, 0x00000000e8000000)
  eden space 87424K,  81% used [0x00000000e0000000, 0x00000000e45e6268, 0x00000000e5560000)
  from space 21824K,  56% used [0x00000000e6ab0000, 0x00000000e76d4460, 0x00000000e8000000)
  to   space 21824K,   0% used [0x00000000e5560000, 0x00000000e5560000, 0x00000000e6ab0000)
 concurrent mark-sweep generation total 393216K, used 0K [0x00000000e8000000, 0x0000000100000000, 0x0000000100000000)
 Metaspace       used 21252K, capacity 21650K, committed 21960K, reserved 1069056K
  class space    used 2449K, capacity 2613K, committed 2736K, reserved 1048576K
2017-06-28T09:24:36.611+0200: 3,033: [GC (CMS Final Remark) 2017-06-28T09:24:36.611+0200: 3,033: [ParNew
Desired survivor size 20112992 bytes, new threshold 8 (max 8)
- age   1:    1669216 bytes,    1669216 total
- age   2:    1440616 bytes,    3109832 total
- age   3:     846432 bytes,    3956264 total
- age   4:    6656960 bytes,   10613224 total
: 84009K->12782K(109248K), 0,0092506 secs] 84009K->12782K(502464K), 0,0092876 secs] [Times: user=0,03 sys=0,00, real=0,00 secs] 
Heap after GC invocations=4 (full 1):
 par new generation   total 109248K, used 12782K [0x00000000e0000000, 0x00000000e8000000, 0x00000000e8000000)
  eden space 87424K,   0% used [0x00000000e0000000, 0x00000000e0000000, 0x00000000e5560000)
  from space 21824K,  58% used [0x00000000e5560000, 0x00000000e61dbb70, 0x00000000e6ab0000)
  to   space 21824K,   0% used [0x00000000e6ab0000, 0x00000000e6ab0000, 0x00000000e8000000)
 concurrent mark-sweep generation total 393216K, used 0K [0x00000000e8000000, 0x0000000100000000, 0x0000000100000000)
 Metaspace       used 21252K, capacity 21650K, committed 21960K, reserved 1069056K
  class space    used 2449K, capacity 2613K, committed 2736K, reserved 1048576K
}
2017-06-28T09:24:36.621+0200: 3,042: [Rescan (parallel) , 0,0033086 secs]2017-06-28T09:24:36.624+0200: 3,046: [weak refs processing, 0,0009303 secs]2017-06-28T09:24:36.625+0200: 3,047: [class unloading, 0,0028327 secs]2017-06-28T09:24:36.628+0200: 3,049: [scrub symbol table, 0,0026074 secs]2017-06-28T09:24:36.631+0200: 3,052: [scrub string table, 0,0003960 secs][1 CMS-remark: 0K(393216K)] 12782K(502464K), 0,0200553 secs] [Times: user=0,05 sys=0,00, real=0,02 secs] 
2017-06-28T09:24:36.632+0200: 3,053: Total time for which application threads were stopped: 0,0212077 seconds, Stopping threads took: 0,0010661 seconds
2017-06-28T09:24:36.637+0200: 3,059: [CMS-concurrent-sweep-start]
2017-06-28T09:24:36.637+0200: 3,059: [CMS-concurrent-sweep: 0,000/0,000 secs] [Times: user=0,00 sys=0,00, real=0,00 secs] 
2017-06-28T09:24:36.637+0200: 3,059: [CMS-concurrent-reset-start]
2017-06-28T09:24:36.642+0200: 3,064: [CMS-concurrent-reset: 0,005/0,005 secs] [Times: user=0,02 sys=0,00, real=0,00 secs] 
{Heap before GC invocations=4 (full 1):
 par new generation   total 109248K, used 100206K [0x00000000e0000000, 0x00000000e8000000, 0x00000000e8000000)
  eden space 87424K, 100% used [0x00000000e0000000, 0x00000000e5560000, 0x00000000e5560000)
  from space 21824K,  58% used [0x00000000e5560000, 0x00000000e61dbb70, 0x00000000e6ab0000)
  to   space 21824K,   0% used [0x00000000e6ab0000, 0x00000000e6ab0000, 0x00000000e8000000)
 concurrent mark-sweep generation total 393216K, used 0K [0x00000000e8000000, 0x0000000100000000, 0x0000000100000000)
 Metaspace       used 21384K, capacity 21756K, committed 21960K, reserved 1069056K
  class space    used 2470K, capacity 2647K, committed 2736K, reserved 1048576K
2017-06-28T09:24:36.723+0200: 3,145: [GC (Allocation Failure) 2017-06-28T09:24:36.723+0200: 3,145: [ParNew
Desired survivor size 20112992 bytes, new threshold 8 (max 8)
- age   1:     844416 bytes,     844416 total
- age   2:     149544 bytes,     993960 total
- age   3:    1440376 bytes,    2434336 total
- age   4:     844336 bytes,    3278672 total
- age   5:    6657072 bytes,    9935744 total
: 100206K->11169K(109248K), 0,0104094 secs] 100206K->11169K(502464K), 0,0104796 secs] [Times: user=0,04 sys=0,00, real=0,01 secs] 
Heap after GC invocations=5 (full 1):
 par new generation   total 109248K, used 11169K [0x00000000e0000000, 0x00000000e8000000, 0x00000000e8000000)
  eden space 87424K,   0% used [0x00000000e0000000, 0x00000000e0000000, 0x00000000e5560000)
  from space 21824K,  51% used [0x00000000e6ab0000, 0x00000000e7598530, 0x00000000e8000000)
  to   space 21824K,   0% used [0x00000000e5560000, 0x00000000e5560000, 0x00000000e6ab0000)
 concurrent mark-sweep generation total 393216K, used 0K [0x00000000e8000000, 0x0000000100000000, 0x0000000100000000)
 Metaspace       used 21384K, capacity 21756K, committed 21960K, reserved 1069056K
  class space    used 2470K, capacity 2647K, committed 2736K, reserved 1048576K
}
2017-06-28T09:24:36.734+0200: 3,155: Total time for which application threads were stopped: 0,0106843 seconds, Stopping threads took: 0,0000292 seconds
2017-06-28T09:24:36.790+0200: 3,211: Total time for which application threads were stopped: 0,0003250 seconds, Stopping threads took: 0,0000220 seconds
2017-06-28T09:24:37.049+0200: 3,470: Total time for which application threads were stopped: 0,0004366 seconds, Stopping threads took: 0,0000224 seconds
2017-06-28T09:24:37.072+0200: 3,494: Total time for which application threads were stopped: 0,0003914 seconds, Stopping threads took: 0,0000500 seconds
2017-06-28T09:24:37.102+0200: 3,524: Total time for which application threads were stopped: 0,0004147 seconds, Stopping threads took: 0,0000742 seconds
{Heap before GC invocations=5 (full 1):
 par new generation   total 109248K, used 98593K [0x00000000e0000000, 0x00000000e8000000, 0x00000000e8000000)
  eden space 87424K, 100% used [0x00000000e0000000, 0x00000000e5560000, 0x00000000e5560000)
  from space 21824K,  51% used [0x00000000e6ab0000, 0x00000000e7598530, 0x00000000e8000000)
  to   space 21824K,   0% used [0x00000000e5560000, 0x00000000e5560000, 0x00000000e6ab0000)
 concurrent mark-sweep generation total 393216K, used 0K [0x00000000e8000000, 0x0000000100000000, 0x0000000100000000)
 Metaspace       used 23758K, capacity 24198K, committed 24240K, reserved 1071104K
  class space    used 2793K, capacity 2990K, committed 2992K, reserved 1048576K
2017-06-28T09:24:37.210+0200: 3,632: [GC (Allocation Failure) 2017-06-28T09:24:37.211+0200: 3,632: [ParNew
Desired survivor size 20112992 bytes, new threshold 8 (max 8)
- age   1:    5218632 bytes,    5218632 total
- age   2:     125376 bytes,    5344008 total
- age   3:     148288 bytes,    5492296 total
- age   4:     270520 bytes,    5762816 total
- age   5:     819968 bytes,    6582784 total
- age   6:    6648936 bytes,   13231720 total
: 98593K->16644K(109248K), 0,0284948 secs] 98593K->16644K(502464K), 0,0285769 secs] [Times: user=0,05 sys=0,01, real=0,02 secs] 
Heap after GC invocations=6 (full 1):
 par new generation   total 109248K, used 16644K [0x00000000e0000000, 0x00000000e8000000, 0x00000000e8000000)
  eden space 87424K,   0% used [0x00000000e0000000, 0x00000000e0000000, 0x00000000e5560000)
  from space 21824K,  76% used [0x00000000e5560000, 0x00000000e65a1090, 0x00000000e6ab0000)
  to   space 21824K,   0% used [0x00000000e6ab0000, 0x00000000e6ab0000, 0x00000000e8000000)
 concurrent mark-sweep generation total 393216K, used 0K [0x00000000e8000000, 0x0000000100000000, 0x0000000100000000)
 Metaspace       used 23758K, capacity 24198K, committed 24240K, reserved 1071104K
  class space    used 2793K, capacity 2990K, committed 2992K, reserved 1048576K
}
2017-06-28T09:24:37.239+0200: 3,661: Total time for which application threads were stopped: 0,0288225 seconds, Stopping threads took: 0,0000558 seconds
{Heap before GC invocations=6 (full 1):
 par new generation   total 109248K, used 104068K [0x00000000e0000000, 0x00000000e8000000, 0x00000000e8000000)
  eden space 87424K, 100% used [0x00000000e0000000, 0x00000000e5560000, 0x00000000e5560000)
  from space 21824K,  76% used [0x00000000e5560000, 0x00000000e65a1090, 0x00000000e6ab0000)
  to   space 21824K,   0% used [0x00000000e6ab0000, 0x00000000e6ab0000, 0x00000000e8000000)
 concurrent mark-sweep generation total 393216K, used 0K [0x00000000e8000000, 0x0000000100000000, 0x0000000100000000)
 Metaspace       used 24223K, capacity 24652K, committed 24880K, reserved 1071104K
  class space    used 2847K, capacity 3055K, committed 3120K, reserved 1048576K
2017-06-28T09:24:37.339+0200: 3,761: [GC (Allocation Failure) 2017-06-28T09:24:37.339+0200: 3,761: [ParNew
Desired survivor size 20112992 bytes, new threshold 8 (max 8)
- age   1:    1731160 bytes,    1731160 total
- age   2:    1765640 bytes,    3496800 total
- age   3:      60600 bytes,    3557400 total
- age   4:      89432 bytes,    3646832 total
- age   5:     182808 bytes,    3829640 total
- age   6:     769632 bytes,    4599272 total
- age   7:    6116088 bytes,   10715360 total
: 104068K->14446K(109248K), 0,0184808 secs] 104068K->14446K(502464K), 0,0185542 secs] [Times: user=0,06 sys=0,00, real=0,02 secs] 
Heap after GC invocations=7 (full 1):
 par new generation   total 109248K, used 14446K [0x00000000e0000000, 0x00000000e8000000, 0x00000000e8000000)
  eden space 87424K,   0% used [0x00000000e0000000, 0x00000000e0000000, 0x00000000e5560000)
  from space 21824K,  66% used [0x00000000e6ab0000, 0x00000000e78cbac0, 0x00000000e8000000)
  to   space 21824K,   0% used [0x00000000e5560000, 0x00000000e5560000, 0x00000000e6ab0000)
 concurrent mark-sweep generation total 393216K, used 0K [0x00000000e8000000, 0x0000000100000000, 0x0000000100000000)
 Metaspace       used 24223K, capacity 24652K, committed 24880K, reserved 1071104K
  class space    used 2847K, capacity 3055K, committed 3120K, reserved 1048576K
}
2017-06-28T09:24:37.358+0200: 3,780: Total time for which application threads were stopped: 0,0189034 seconds, Stopping threads took: 0,0001675 seconds
{Heap before GC invocations=7 (full 1):
 par new generation   total 109248K, used 101870K [0x00000000e0000000, 0x00000000e8000000, 0x00000000e8000000)
  eden space 87424K, 100% used [0x00000000e0000000, 0x00000000e5560000, 0x00000000e5560000)
  from space 21824K,  66% used [0x00000000e6ab0000, 0x00000000e78cbac0, 0x00000000e8000000)
  to   space 21824K,   0% used [0x00000000e5560000, 0x00000000e5560000, 0x00000000e6ab0000)
 concurrent mark-sweep generation total 393216K, used 0K [0x00000000e8000000, 0x0000000100000000, 0x0000000100000000)
 Metaspace       used 24514K, capacity 24998K, committed 25136K, reserved 1071104K
  class space    used 2869K, capacity 3060K, committed 3120K, reserved 1048576K
2017-06-28T09:24:37.447+0200: 3,868: [GC (Allocation Failure) 2017-06-28T09:24:37.447+0200: 3,868: [ParNew
Desired survivor size 20112992 bytes, new threshold 8 (max 8)
- age   1:     533760 bytes,     533760 total
- age   2:     980752 bytes,    1514512 total
- age   3:    1741240 bytes,    3255752 total
- age   4:      60600 bytes,    3316352 total
- age   5:      89232 bytes,    3405584 total
- age   6:     180080 bytes,    3585664 total
- age   7:     768864 bytes,    4354528 total
- age   8:    6115840 bytes,   10470368 total
: 101870K->14324K(109248K), 0,0127514 secs] 101870K->14324K(502464K), 0,0128265 secs] [Times: user=0,05 sys=0,00, real=0,01 secs] 
Heap after GC invocations=8 (full 1):
 par new generation   total 109248K, used 14324K [0x00000000e0000000, 0x00000000e8000000, 0x00000000e8000000)
  eden space 87424K,   0% used [0x00000000e0000000, 0x00000000e0000000, 0x00000000e5560000)
  from space 21824K,  65% used [0x00000000e5560000, 0x00000000e635d2c0, 0x00000000e6ab0000)
  to   space 21824K,   0% used [0x00000000e6ab0000, 0x00000000e6ab0000, 0x00000000e8000000)
 concurrent mark-sweep generation total 393216K, used 0K [0x00000000e8000000, 0x0000000100000000, 0x0000000100000000)
 Metaspace       used 24514K, capacity 24998K, committed 25136K, reserved 1071104K
  class space    used 2869K, capacity 3060K, committed 3120K, reserved 1048576K
}
2017-06-28T09:24:37.460+0200: 3,881: Total time for which application threads were stopped: 0,0130644 seconds, Stopping threads took: 0,0000622 seconds
2017-06-28T09:24:37.631+0200: 4,053: Total time for which application threads were stopped: 0,0004501 seconds, Stopping threads took: 0,0000343 seconds
2017-06-28T09:24:37.632+0200: 4,053: Total time for which application threads were stopped: 0,0001595 seconds, Stopping threads took: 0,0000545 seconds
2017-06-28T09:24:37.632+0200: 4,053: Total time for which application threads were stopped: 0,0000799 seconds, Stopping threads took: 0,0000360 seconds
2017-06-28T09:24:37.632+0200: 4,054: Total time for which application threads were stopped: 0,0000824 seconds, Stopping threads took: 0,0000213 seconds
2017-06-28T09:24:37.632+0200: 4,054: Total time for which application threads were stopped: 0,0000824 seconds, Stopping threads took: 0,0000222 seconds
2017-06-28T09:24:37.632+0200: 4,054: Total time for which application threads were stopped: 0,0000764 seconds, Stopping threads took: 0,0000180 seconds
2017-06-28T09:24:37.633+0200: 4,054: Total time for which application threads were stopped: 0,0000883 seconds, Stopping threads took: 0,0000230 seconds
2017-06-28T09:24:37.633+0200: 4,054: Total time for which application threads were stopped: 0,0000720 seconds, Stopping threads took: 0,0000179 seconds
2017-06-28T09:24:37.633+0200: 4,054: Total time for which application threads were stopped: 0,0000806 seconds, Stopping threads took: 0,0000226 seconds
2017-06-28T09:24:37.633+0200: 4,055: Total time for which application threads were stopped: 0,0000759 seconds, Stopping threads took: 0,0000194 seconds
2017-06-28T09:24:37.633+0200: 4,055: Total time for which application threads were stopped: 0,0000650 seconds, Stopping threads took: 0,0000209 seconds
2017-06-28T09:24:37.633+0200: 4,055: Total time for which application threads were stopped: 0,0001041 seconds, Stopping threads took: 0,0000220 seconds
2017-06-28T09:24:37.633+0200: 4,055: Total time for which application threads were stopped: 0,0000746 seconds, Stopping threads took: 0,0000199 seconds
2017-06-28T09:24:37.634+0200: 4,056: Total time for which application threads were stopped: 0,0004250 seconds, Stopping threads took: 0,0003507 seconds
2017-06-28T09:24:37.634+0200: 4,056: Total time for which application threads were stopped: 0,0002932 seconds, Stopping threads took: 0,0002389 seconds
2017-06-28T09:24:37.634+0200: 4,056: Total time for which application threads were stopped: 0,0000768 seconds, Stopping threads took: 0,0000186 seconds
2017-06-28T09:24:37.635+0200: 4,056: Total time for which application threads were stopped: 0,0000920 seconds, Stopping threads took: 0,0000208 seconds
2017-06-28T09:24:37.635+0200: 4,056: Total time for which application threads were stopped: 0,0000772 seconds, Stopping threads took: 0,0000209 seconds
2017-06-28T09:24:37.639+0200: 4,061: Total time for which application threads were stopped: 0,0001475 seconds, Stopping threads took: 0,0000453 seconds
2017-06-28T09:24:37.639+0200: 4,061: Total time for which application threads were stopped: 0,0000971 seconds, Stopping threads took: 0,0000293 seconds
2017-06-28T09:24:37.640+0200: 4,061: Total time for which application threads were stopped: 0,0001856 seconds, Stopping threads took: 0,0000224 seconds
2017-06-28T09:24:37.640+0200: 4,062: Total time for which application threads were stopped: 0,0001079 seconds, Stopping threads took: 0,0000330 seconds
2017-06-28T09:24:37.640+0200: 4,062: Total time for which application threads were stopped: 0,0000796 seconds, Stopping threads took: 0,0000219 seconds
2017-06-28T09:24:37.641+0200: 4,062: Total time for which application threads were stopped: 0,0000823 seconds, Stopping threads took: 0,0000116 seconds
2017-06-28T09:24:37.641+0200: 4,062: Total time for which application threads were stopped: 0,0000707 seconds, Stopping threads took: 0,0000104 seconds
2017-06-28T09:24:37.641+0200: 4,062: Total time for which application threads were stopped: 0,0000672 seconds, Stopping threads took: 0,0000091 seconds
2017-06-28T09:24:37.641+0200: 4,063: Total time for which application threads were stopped: 0,0004322 seconds, Stopping threads took: 0,0003516 seconds
2017-06-28T09:24:37.642+0200: 4,063: Total time for which application threads were stopped: 0,0003643 seconds, Stopping threads took: 0,0003076 seconds
2017-06-28T09:24:37.642+0200: 4,064: Total time for which application threads were stopped: 0,0000812 seconds, Stopping threads took: 0,0000116 seconds
2017-06-28T09:24:37.642+0200: 4,064: Total time for which application threads were stopped: 0,0000707 seconds, Stopping threads took: 0,0000096 seconds
2017-06-28T09:24:37.646+0200: 4,068: Total time for which application threads were stopped: 0,0042295 seconds, Stopping threads took: 0,0041196 seconds
2017-06-28T09:24:37.647+0200: 4,068: Total time for which application threads were stopped: 0,0001019 seconds, Stopping threads took: 0,0000343 seconds
2017-06-28T09:24:37.647+0200: 4,069: Total time for which application threads were stopped: 0,0000863 seconds, Stopping threads took: 0,0000195 seconds
2017-06-28T09:24:37.648+0200: 4,070: Total time for which application threads were stopped: 0,0001440 seconds, Stopping threads took: 0,0000461 seconds
2017-06-28T09:24:37.649+0200: 4,070: Total time for which application threads were stopped: 0,0001140 seconds, Stopping threads took: 0,0000301 seconds
2017-06-28T09:24:37.649+0200: 4,071: Total time for which application threads were stopped: 0,0000822 seconds, Stopping threads took: 0,0000201 seconds
2017-06-28T09:24:37.649+0200: 4,071: Total time for which application threads were stopped: 0,0000665 seconds, Stopping threads took: 0,0000175 seconds
2017-06-28T09:24:37.649+0200: 4,071: Total time for which application threads were stopped: 0,0000736 seconds, Stopping threads took: 0,0000168 seconds
2017-06-28T09:24:37.650+0200: 4,071: Total time for which application threads were stopped: 0,0000821 seconds, Stopping threads took: 0,0000201 seconds
2017-06-28T09:24:37.650+0200: 4,071: Total time for which application threads were stopped: 0,0000731 seconds, Stopping threads took: 0,0000183 seconds
2017-06-28T09:24:37.650+0200: 4,072: Total time for which application threads were stopped: 0,0001633 seconds, Stopping threads took: 0,0000198 seconds
2017-06-28T09:24:37.667+0200: 4,088: Total time for which application threads were stopped: 0,0001764 seconds, Stopping threads took: 0,0000897 seconds
2017-06-28T09:24:37.675+0200: 4,097: Total time for which application threads were stopped: 0,0002047 seconds, Stopping threads took: 0,0000669 seconds
2017-06-28T09:24:37.680+0200: 4,101: Total time for which application threads were stopped: 0,0004474 seconds, Stopping threads took: 0,0003487 seconds
2017-06-28T09:24:37.685+0200: 4,106: Total time for which application threads were stopped: 0,0012591 seconds, Stopping threads took: 0,0011746 seconds
2017-06-28T09:24:37.685+0200: 4,107: Total time for which application threads were stopped: 0,0000942 seconds, Stopping threads took: 0,0000283 seconds
2017-06-28T09:24:37.714+0200: 4,136: Total time for which application threads were stopped: 0,0003383 seconds, Stopping threads took: 0,0002804 seconds
2017-06-28T09:24:37.734+0200: 4,156: Total time for which application threads were stopped: 0,0001149 seconds, Stopping threads took: 0,0000425 seconds
2017-06-28T09:24:37.791+0200: 4,213: Total time for which application threads were stopped: 0,0005700 seconds, Stopping threads took: 0,0000391 seconds
2017-06-28T09:24:37.815+0200: 4,237: Total time for which application threads were stopped: 0,0005141 seconds, Stopping threads took: 0,0000359 seconds
{Heap before GC invocations=8 (full 1):
 par new generation   total 109248K, used 101748K [0x00000000e0000000, 0x00000000e8000000, 0x00000000e8000000)
  eden space 87424K, 100% used [0x00000000e0000000, 0x00000000e5560000, 0x00000000e5560000)
  from space 21824K,  65% used [0x00000000e5560000, 0x00000000e635d2c0, 0x00000000e6ab0000)
  to   space 21824K,   0% used [0x00000000e6ab0000, 0x00000000e6ab0000, 0x00000000e8000000)
 concurrent mark-sweep generation total 393216K, used 0K [0x00000000e8000000, 0x0000000100000000, 0x0000000100000000)
 Metaspace       used 26625K, capacity 27186K, committed 27312K, reserved 1073152K
  class space    used 3047K, capacity 3234K, committed 3248K, reserved 1048576K
2017-06-28T09:24:37.896+0200: 4,318: [GC (Allocation Failure) 2017-06-28T09:24:37.896+0200: 4,318: [ParNew
Desired survivor size 20112992 bytes, new threshold 8 (max 8)
- age   1:    7600248 bytes,    7600248 total
- age   2:     181624 bytes,    7781872 total
- age   3:     201352 bytes,    7983224 total
- age   4:    1736560 bytes,    9719784 total
- age   5:      60600 bytes,    9780384 total
- age   6:      86624 bytes,    9867008 total
- age   7:     179448 bytes,   10046456 total
- age   8:     767728 bytes,   10814184 total
: 101748K->13166K(109248K), 0,0754985 secs] 101748K->19767K(502464K), 0,0755782 secs] [Times: user=0,19 sys=0,00, real=0,08 secs] 
Heap after GC invocations=9 (full 1):
 par new generation   total 109248K, used 13166K [0x00000000e0000000, 0x00000000e8000000, 0x00000000e8000000)
  eden space 87424K,   0% used [0x00000000e0000000, 0x00000000e0000000, 0x00000000e5560000)
  from space 21824K,  60% used [0x00000000e6ab0000, 0x00000000e778bb30, 0x00000000e8000000)
  to   space 21824K,   0% used [0x00000000e5560000, 0x00000000e5560000, 0x00000000e6ab0000)
 concurrent mark-sweep generation total 393216K, used 6601K [0x00000000e8000000, 0x0000000100000000, 0x0000000100000000)
 Metaspace       used 26625K, capacity 27186K, committed 27312K, reserved 1073152K
  class space    used 3047K, capacity 3234K, committed 3248K, reserved 1048576K
}
2017-06-28T09:24:37.972+0200: 4,393: Total time for which application threads were stopped: 0,0759825 seconds, Stopping threads took: 0,0002044 seconds
2017-06-28T09:24:37.991+0200: 4,412: Total time for which application threads were stopped: 0,0004499 seconds, Stopping threads took: 0,0000334 seconds
2017-06-28T09:24:37.995+0200: 4,416: Total time for which application threads were stopped: 0,0001303 seconds, Stopping threads took: 0,0000371 seconds
2017-06-28T09:24:37.995+0200: 4,416: Total time for which application threads were stopped: 0,0000840 seconds, Stopping threads took: 0,0000275 seconds
2017-06-28T09:24:37.995+0200: 4,417: Total time for which application threads were stopped: 0,0000811 seconds, Stopping threads took: 0,0000201 seconds
2017-06-28T09:24:38.004+0200: 4,425: Total time for which application threads were stopped: 0,0001146 seconds, Stopping threads took: 0,0000346 seconds
2017-06-28T09:24:38.022+0200: 4,443: Total time for which application threads were stopped: 0,0001397 seconds, Stopping threads took: 0,0000454 seconds
2017-06-28T09:24:38.024+0200: 4,446: Total time for which application threads were stopped: 0,0001663 seconds, Stopping threads took: 0,0000631 seconds
2017-06-28T09:24:38.028+0200: 4,450: Total time for which application threads were stopped: 0,0001267 seconds, Stopping threads took: 0,0000433 seconds
2017-06-28T09:24:38.034+0200: 4,456: Total time for which application threads were stopped: 0,0036506 seconds, Stopping threads took: 0,0034526 seconds
2017-06-28T09:24:38.037+0200: 4,459: Total time for which application threads were stopped: 0,0001406 seconds, Stopping threads took: 0,0000413 seconds
2017-06-28T09:24:38.038+0200: 4,460: Total time for which application threads were stopped: 0,0000962 seconds, Stopping threads took: 0,0000147 seconds
2017-06-28T09:24:38.043+0200: 4,465: Total time for which application threads were stopped: 0,0001262 seconds, Stopping threads took: 0,0000392 seconds
2017-06-28T09:24:38.049+0200: 4,470: Total time for which application threads were stopped: 0,0001140 seconds, Stopping threads took: 0,0000237 seconds
2017-06-28T09:24:38.070+0200: 4,492: Total time for which application threads were stopped: 0,0006366 seconds, Stopping threads took: 0,0005485 seconds
2017-06-28T09:24:38.091+0200: 4,513: Total time for which application threads were stopped: 0,0001276 seconds, Stopping threads took: 0,0000329 seconds
2017-06-28T09:24:38.103+0200: 4,524: Total time for which application threads were stopped: 0,0001694 seconds, Stopping threads took: 0,0000756 seconds
2017-06-28T09:24:38.110+0200: 4,532: Total time for which application threads were stopped: 0,0049807 seconds, Stopping threads took: 0,0049236 seconds
2017-06-28T09:24:38.122+0200: 4,543: Total time for which application threads were stopped: 0,0001327 seconds, Stopping threads took: 0,0000316 seconds
2017-06-28T09:24:38.123+0200: 4,544: Total time for which application threads were stopped: 0,0004390 seconds, Stopping threads took: 0,0000118 seconds
2017-06-28T09:24:38.123+0200: 4,545: Total time for which application threads were stopped: 0,0001332 seconds, Stopping threads took: 0,0000307 seconds
2017-06-28T09:24:39.123+0200: 5,545: Total time for which application threads were stopped: 0,0000940 seconds, Stopping threads took: 0,0000185 seconds
2017-06-28T09:26:30.453+0200: 117,557: Total time for which application threads were stopped: 0,0000887 seconds, Stopping threads took: 0,0000369 seconds
2017-06-28T09:26:34.454+0200: 121,558: Total time for which application threads were stopped: 0,0001318 seconds, Stopping threads took: 0,0000318 seconds
2017-06-28T09:27:39.463+0200: 186,567: Total time for which application threads were stopped: 0,0000982 seconds, Stopping threads took: 0,0000381 seconds
2017-06-28T09:28:54.474+0200: 261,578: Total time for which application threads were stopped: 0,0001757 seconds, Stopping threads took: 0,0000685 seconds
2017-06-28T09:48:04.634+0200: 1411,738: Total time for which application threads were stopped: 0,0000896 seconds, Stopping threads took: 0,0000356 seconds
2017-06-28T09:49:40.645+0200: 1507,748: Total time for which application threads were stopped: 0,0000772 seconds, Stopping threads took: 0,0000296 seconds
2017-06-28T09:50:04.648+0200: 1531,752: Total time for which application threads were stopped: 0,0001033 seconds, Stopping threads took: 0,0000414 seconds
2017-06-28T09:53:19.670+0200: 1726,774: Total time for which application threads were stopped: 0,0000833 seconds, Stopping threads took: 0,0000310 seconds
2017-06-28T10:02:55.736+0200: 2302,840: Total time for which application threads were stopped: 0,0000942 seconds, Stopping threads took: 0,0000337 seconds
2017-06-28T10:02:59.737+0200: 2306,841: Total time for which application threads were stopped: 0,0000645 seconds, Stopping threads took: 0,0000129 seconds
2017-06-28T10:17:50.840+0200: 3197,944: Total time for which application threads were stopped: 0,0003073 seconds, Stopping threads took: 0,0001314 seconds
2017-06-28T10:28:29.939+0200: 3837,043: Total time for which application threads were stopped: 0,0000863 seconds, Stopping threads took: 0,0000337 seconds
2017-06-28T10:30:14.956+0200: 3942,060: Total time for which application threads were stopped: 0,0000802 seconds, Stopping threads took: 0,0000320 seconds
2017-06-28T11:33:17.097+0200: 4742,706: Total time for which application threads were stopped: 0,0000941 seconds, Stopping threads took: 0,0000399 seconds
2017-06-28T11:35:16.109+0200: 4861,718: Total time for which application threads were stopped: 0,0000883 seconds, Stopping threads took: 0,0000357 seconds
2017-06-28T11:59:52.304+0200: 6337,912: Total time for which application threads were stopped: 0,0000838 seconds, Stopping threads took: 0,0000321 seconds
2017-06-28T12:11:47.231+0200: 7052,003: Total time for which application threads were stopped: 0,0001013 seconds, Stopping threads took: 0,0000374 seconds
2017-06-28T12:16:17.265+0200: 7322,037: Total time for which application threads were stopped: 0,0001040 seconds, Stopping threads took: 0,0000315 seconds
2017-06-28T17:08:01.119+0200: 7682,000: Total time for which application threads were stopped: 0,0000881 seconds, Stopping threads took: 0,0000331 seconds
2017-06-28T18:12:31.542+0200: 11552,422: Total time for which application threads were stopped: 0,0000782 seconds, Stopping threads took: 0,0000286 seconds
2017-06-28T19:16:00.929+0200: 15361,810: Total time for which application threads were stopped: 0,0000772 seconds, Stopping threads took: 0,0000287 seconds
2017-06-28T19:22:30.969+0200: 15751,850: Total time for which application threads were stopped: 0,0000803 seconds, Stopping threads took: 0,0000317 seconds
2017-06-28T20:23:58.577+0200: 19439,457: Total time for which application threads were stopped: 0,0194746 seconds, Stopping threads took: 0,0193690 seconds
2017-06-28T20:23:58.582+0200: 19439,462: Total time for which application threads were stopped: 0,0050653 seconds, Stopping threads took: 0,0049676 seconds
2017-06-28T20:23:58.583+0200: 19439,463: Total time for which application threads were stopped: 0,0000912 seconds, Stopping threads took: 0,0000213 seconds
2017-06-28T20:23:58.591+0200: 19439,472: Total time for which application threads were stopped: 0,0000991 seconds, Stopping threads took: 0,0000290 seconds
2017-06-28T20:23:58.591+0200: 19439,472: Total time for which application threads were stopped: 0,0001439 seconds, Stopping threads took: 0,0000154 seconds
2017-06-28T20:23:58.592+0200: 19439,472: Total time for which application threads were stopped: 0,0000679 seconds, Stopping threads took: 0,0000182 seconds
2017-06-28T20:23:58.592+0200: 19439,473: Total time for which application threads were stopped: 0,0000468 seconds, Stopping threads took: 0,0000137 seconds
2017-06-28T20:23:58.592+0200: 19439,473: Total time for which application threads were stopped: 0,0000451 seconds, Stopping threads took: 0,0000078 seconds
2017-06-28T20:23:58.592+0200: 19439,473: Total time for which application threads were stopped: 0,0000437 seconds, Stopping threads took: 0,0000116 seconds
2017-06-28T20:23:58.592+0200: 19439,473: Total time for which application threads were stopped: 0,0000476 seconds, Stopping threads took: 0,0000146 seconds
2017-06-28T20:23:58.592+0200: 19439,473: Total time for which application threads were stopped: 0,0000430 seconds, Stopping threads took: 0,0000118 seconds
2017-06-28T20:23:58.592+0200: 19439,473: Total time for which application threads were stopped: 0,0000426 seconds, Stopping threads took: 0,0000115 seconds
2017-06-28T20:23:58.593+0200: 19439,473: Total time for which application threads were stopped: 0,0000468 seconds, Stopping threads took: 0,0000133 seconds
2017-06-28T20:23:58.593+0200: 19439,473: Total time for which application threads were stopped: 0,0000424 seconds, Stopping threads took: 0,0000115 seconds
2017-06-28T20:23:58.593+0200: 19439,473: Total time for which application threads were stopped: 0,0000438 seconds, Stopping threads took: 0,0000130 seconds
2017-06-28T20:23:58.593+0200: 19439,473: Total time for which application threads were stopped: 0,0000447 seconds, Stopping threads took: 0,0000120 seconds
2017-06-28T20:23:58.593+0200: 19439,474: Total time for which application threads were stopped: 0,0000424 seconds, Stopping threads took: 0,0000115 seconds
2017-06-28T20:23:58.593+0200: 19439,474: Total time for which application threads were stopped: 0,0000438 seconds, Stopping threads took: 0,0000134 seconds
2017-06-28T20:23:58.593+0200: 19439,474: Total time for which application threads were stopped: 0,0000469 seconds, Stopping threads took: 0,0000133 seconds
2017-06-28T20:23:58.593+0200: 19439,474: Total time for which application threads were stopped: 0,0004387 seconds, Stopping threads took: 0,0000267 seconds
2017-06-28T20:23:58.594+0200: 19439,474: Total time for which application threads were stopped: 0,0000989 seconds, Stopping threads took: 0,0000370 seconds
2017-06-28T20:23:58.594+0200: 19439,475: Total time for which application threads were stopped: 0,0000521 seconds, Stopping threads took: 0,0000138 seconds
2017-06-28T20:23:58.594+0200: 19439,475: Total time for which application threads were stopped: 0,0000400 seconds, Stopping threads took: 0,0000058 seconds
2017-06-28T20:23:58.594+0200: 19439,475: Total time for which application threads were stopped: 0,0000368 seconds, Stopping threads took: 0,0000047 seconds
2017-06-28T20:23:58.594+0200: 19439,475: Total time for which application threads were stopped: 0,0000382 seconds, Stopping threads took: 0,0000047 seconds
2017-06-28T20:23:58.594+0200: 19439,475: Total time for which application threads were stopped: 0,0000360 seconds, Stopping threads took: 0,0000053 seconds
2017-06-28T20:23:58.594+0200: 19439,475: Total time for which application threads were stopped: 0,0000556 seconds, Stopping threads took: 0,0000171 seconds
2017-06-28T20:23:58.594+0200: 19439,475: Total time for which application threads were stopped: 0,0000373 seconds, Stopping threads took: 0,0000045 seconds
2017-06-28T20:23:58.603+0200: 19439,483: Total time for which application threads were stopped: 0,0001250 seconds, Stopping threads took: 0,0000409 seconds
2017-06-28T20:23:58.613+0200: 19439,494: Total time for which application threads were stopped: 0,0001137 seconds, Stopping threads took: 0,0000356 seconds
2017-06-28T20:23:58.614+0200: 19439,495: Total time for which application threads were stopped: 0,0000981 seconds, Stopping threads took: 0,0000283 seconds
2017-06-28T20:23:58.614+0200: 19439,495: Total time for which application threads were stopped: 0,0000546 seconds, Stopping threads took: 0,0000144 seconds
2017-06-28T20:23:58.614+0200: 19439,495: Total time for which application threads were stopped: 0,0000476 seconds, Stopping threads took: 0,0000130 seconds
2017-06-28T20:23:58.614+0200: 19439,495: Total time for which application threads were stopped: 0,0000459 seconds, Stopping threads took: 0,0000140 seconds
2017-06-28T20:23:58.614+0200: 19439,495: Total time for which application threads were stopped: 0,0000490 seconds, Stopping threads took: 0,0000119 seconds
2017-06-28T20:23:58.615+0200: 19439,495: Total time for which application threads were stopped: 0,0000604 seconds, Stopping threads took: 0,0000257 seconds
2017-06-28T20:23:58.615+0200: 19439,495: Total time for which application threads were stopped: 0,0000467 seconds, Stopping threads took: 0,0000137 seconds
2017-06-28T20:23:58.615+0200: 19439,495: Total time for which application threads were stopped: 0,0000458 seconds, Stopping threads took: 0,0000138 seconds
2017-06-28T20:23:58.618+0200: 19439,498: Total time for which application threads were stopped: 0,0001026 seconds, Stopping threads took: 0,0000329 seconds
2017-06-28T20:23:58.618+0200: 19439,498: Total time for which application threads were stopped: 0,0000516 seconds, Stopping threads took: 0,0000156 seconds
2017-06-28T20:23:58.618+0200: 19439,498: Total time for which application threads were stopped: 0,0000445 seconds, Stopping threads took: 0,0000112 seconds
2017-06-28T20:23:58.618+0200: 19439,498: Total time for which application threads were stopped: 0,0000437 seconds, Stopping threads took: 0,0000113 seconds
2017-06-28T20:23:58.618+0200: 19439,498: Total time for which application threads were stopped: 0,0000433 seconds, Stopping threads took: 0,0000117 seconds
2017-06-28T20:23:58.622+0200: 19439,503: Total time for which application threads were stopped: 0,0001449 seconds, Stopping threads took: 0,0000782 seconds
2017-06-28T20:23:58.623+0200: 19439,503: Total time for which application threads were stopped: 0,0005289 seconds, Stopping threads took: 0,0004686 seconds
2017-06-28T20:23:58.624+0200: 19439,505: Total time for which application threads were stopped: 0,0001072 seconds, Stopping threads took: 0,0000376 seconds
2017-06-28T20:23:58.625+0200: 19439,505: Total time for which application threads were stopped: 0,0002054 seconds, Stopping threads took: 0,0001564 seconds
2017-06-28T20:23:58.625+0200: 19439,505: Total time for which application threads were stopped: 0,0000470 seconds, Stopping threads took: 0,0000133 seconds
2017-06-28T20:23:58.625+0200: 19439,506: Total time for which application threads were stopped: 0,0000455 seconds, Stopping threads took: 0,0000128 seconds
2017-06-28T20:23:58.629+0200: 19439,509: Total time for which application threads were stopped: 0,0002678 seconds, Stopping threads took: 0,0002066 seconds
2017-06-28T20:23:58.631+0200: 19439,512: Total time for which application threads were stopped: 0,0024954 seconds, Stopping threads took: 0,0024378 seconds
2017-06-28T20:23:58.632+0200: 19439,513: Total time for which application threads were stopped: 0,0000715 seconds, Stopping threads took: 0,0000112 seconds
2017-06-28T20:23:58.634+0200: 19439,515: Total time for which application threads were stopped: 0,0018442 seconds, Stopping threads took: 0,0018023 seconds
2017-06-28T20:23:58.635+0200: 19439,515: Total time for which application threads were stopped: 0,0000544 seconds, Stopping threads took: 0,0000157 seconds
2017-06-28T20:23:58.635+0200: 19439,516: Total time for which application threads were stopped: 0,0000713 seconds, Stopping threads took: 0,0000226 seconds
2017-06-28T20:23:58.635+0200: 19439,516: Total time for which application threads were stopped: 0,0000462 seconds, Stopping threads took: 0,0000124 seconds
2017-06-28T20:23:58.635+0200: 19439,516: Total time for which application threads were stopped: 0,0000499 seconds, Stopping threads took: 0,0000138 seconds
2017-06-28T20:23:58.636+0200: 19439,516: Total time for which application threads were stopped: 0,0000676 seconds, Stopping threads took: 0,0000122 seconds
2017-06-28T20:23:58.636+0200: 19439,516: Total time for which application threads were stopped: 0,0000419 seconds, Stopping threads took: 0,0000113 seconds
2017-06-28T20:23:58.636+0200: 19439,517: Total time for which application threads were stopped: 0,0000456 seconds, Stopping threads took: 0,0000126 seconds
2017-06-28T20:23:58.636+0200: 19439,517: Total time for which application threads were stopped: 0,0000417 seconds, Stopping threads took: 0,0000119 seconds
2017-06-28T20:23:58.636+0200: 19439,517: Total time for which application threads were stopped: 0,0000908 seconds, Stopping threads took: 0,0000545 seconds
2017-06-28T20:23:58.636+0200: 19439,517: Total time for which application threads were stopped: 0,0000746 seconds, Stopping threads took: 0,0000381 seconds
2017-06-28T20:23:58.636+0200: 19439,517: Total time for which application threads were stopped: 0,0000449 seconds, Stopping threads took: 0,0000152 seconds
2017-06-28T20:23:58.636+0200: 19439,517: Total time for which application threads were stopped: 0,0000490 seconds, Stopping threads took: 0,0000198 seconds
2017-06-28T20:23:58.637+0200: 19439,518: Total time for which application threads were stopped: 0,0004696 seconds, Stopping threads took: 0,0000219 seconds
2017-06-28T20:23:58.639+0200: 19439,520: Total time for which application threads were stopped: 0,0000821 seconds, Stopping threads took: 0,0000247 seconds
2017-06-28T20:23:58.639+0200: 19439,520: Total time for which application threads were stopped: 0,0000503 seconds, Stopping threads took: 0,0000142 seconds
2017-06-28T20:23:58.639+0200: 19439,520: Total time for which application threads were stopped: 0,0000542 seconds, Stopping threads took: 0,0000192 seconds
2017-06-28T20:23:58.642+0200: 19439,522: Total time for which application threads were stopped: 0,0010458 seconds, Stopping threads took: 0,0009751 seconds
2017-06-28T20:23:58.643+0200: 19439,524: Total time for which application threads were stopped: 0,0002351 seconds, Stopping threads took: 0,0001511 seconds
2017-06-28T20:23:58.645+0200: 19439,526: Total time for which application threads were stopped: 0,0016150 seconds, Stopping threads took: 0,0015395 seconds
2017-06-28T20:23:58.650+0200: 19439,531: Total time for which application threads were stopped: 0,0013900 seconds, Stopping threads took: 0,0000124 seconds
2017-06-28T20:23:58.652+0200: 19439,533: Total time for which application threads were stopped: 0,0000836 seconds, Stopping threads took: 0,0000133 seconds
2017-06-28T20:23:58.652+0200: 19439,533: Total time for which application threads were stopped: 0,0000745 seconds, Stopping threads took: 0,0000066 seconds
2017-06-28T20:23:58.656+0200: 19439,537: Total time for which application threads were stopped: 0,0002869 seconds, Stopping threads took: 0,0002217 seconds
2017-06-28T20:23:58.656+0200: 19439,537: Total time for which application threads were stopped: 0,0001173 seconds, Stopping threads took: 0,0000058 seconds
Heap
 par new generation   total 109248K, used 53848K [0x00000000e0000000, 0x00000000e8000000, 0x00000000e8000000)
  eden space 87424K,  46% used [0x00000000e0000000, 0x00000000e27ba6b8, 0x00000000e5560000)
  from space 21824K,  60% used [0x00000000e6ab0000, 0x00000000e778bb30, 0x00000000e8000000)
  to   space 21824K,   0% used [0x00000000e5560000, 0x00000000e5560000, 0x00000000e6ab0000)
 concurrent mark-sweep generation total 393216K, used 6601K [0x00000000e8000000, 0x0000000100000000, 0x0000000100000000)
 Metaspace       used 28202K, capacity 28780K, committed 29104K, reserved 1075200K
  class space    used 3230K, capacity 3399K, committed 3504K, reserved 1048576K
