OpenJDK 64-Bit Server VM (25.121-b13) for linux-amd64 JRE (1.8.0_121-8u121-b13-0ubuntu1.16.04.2-b13), built on Jan 23 2017 15:51:29 by "buildd" with gcc 5.4.0 20160609
Memory: 4k page, physical 7867800k(7504556k free), swap 8076284k(8076284k free)
CommandLine flags: -XX:CMSInitiatingOccupancyFraction=50 -XX:CMSMaxAbortablePrecleanTime=6000 -XX:+CMSParallelRemarkEnabled -XX:+CMSScavengeBeforeRemark -XX:ConcGCThreads=4 -XX:InitialHeapSize=536870912 -XX:MaxHeapSize=536870912 -XX:MaxTenuringThreshold=8 -XX:NewRatio=3 -XX:OldPLABSize=16 -XX:OnOutOfMemoryError=/opt/solr/bin/oom_solr.sh 8983 /var/solr/logs -XX:ParallelGCThreads=4 -XX:+ParallelRefProcEnabled -XX:PretenureSizeThreshold=67108864 -XX:+PrintGC -XX:+PrintGCApplicationStoppedTime -XX:+PrintGCDateStamps -XX:+PrintGCDetails -XX:+PrintGCTimeStamps -XX:+PrintHeapAtGC -XX:+PrintTenuringDistribution -XX:SurvivorRatio=4 -XX:TargetSurvivorRatio=90 -XX:ThreadStackSize=256 -XX:+UseCMSInitiatingOccupancyOnly -XX:+UseCompressedClassPointers -XX:+UseCompressedOops -XX:+UseConcMarkSweepGC -XX:+UseParNewGC 
2017-02-12T16:46:51.373+0100: 0,155: Total time for which application threads were stopped: 0,0000860 seconds, Stopping threads took: 0,0000093 seconds
2017-02-12T16:46:51.452+0100: 0,233: Total time for which application threads were stopped: 0,0004767 seconds, Stopping threads took: 0,0003573 seconds
2017-02-12T16:46:51.476+0100: 0,258: Total time for which application threads were stopped: 0,0001019 seconds, Stopping threads took: 0,0000217 seconds
2017-02-12T16:46:51.710+0100: 0,492: Total time for which application threads were stopped: 0,0001888 seconds, Stopping threads took: 0,0000349 seconds
2017-02-12T16:46:52.229+0100: 1,011: Total time for which application threads were stopped: 0,0002087 seconds, Stopping threads took: 0,0000393 seconds
2017-02-12T16:46:52.324+0100: 1,106: Total time for which application threads were stopped: 0,0002157 seconds, Stopping threads took: 0,0000333 seconds
2017-02-12T16:46:52.381+0100: 1,163: Total time for which application threads were stopped: 0,0001776 seconds, Stopping threads took: 0,0000144 seconds
2017-02-12T16:46:52.732+0100: 1,513: Total time for which application threads were stopped: 0,0001754 seconds, Stopping threads took: 0,0000157 seconds
2017-02-12T16:46:52.946+0100: 1,728: Total time for which application threads were stopped: 0,0006571 seconds, Stopping threads took: 0,0000183 seconds
2017-02-12T16:46:52.976+0100: 1,758: Total time for which application threads were stopped: 0,0001765 seconds, Stopping threads took: 0,0000153 seconds
2017-02-12T16:46:53.014+0100: 1,795: Total time for which application threads were stopped: 0,0002316 seconds, Stopping threads took: 0,0000343 seconds
2017-02-12T16:46:53.015+0100: 1,796: Total time for which application threads were stopped: 0,0001589 seconds, Stopping threads took: 0,0000138 seconds
2017-02-12T16:46:53.032+0100: 1,814: Total time for which application threads were stopped: 0,0001897 seconds, Stopping threads took: 0,0000212 seconds
2017-02-12T16:46:53.115+0100: 1,897: Total time for which application threads were stopped: 0,0002132 seconds, Stopping threads took: 0,0000211 seconds
2017-02-12T16:46:53.272+0100: 2,053: Total time for which application threads were stopped: 0,0003759 seconds, Stopping threads took: 0,0001540 seconds
{Heap before GC invocations=0 (full 0):
 par new generation   total 109248K, used 87424K [0x00000000e0000000, 0x00000000e8000000, 0x00000000e8000000)
  eden space 87424K, 100% used [0x00000000e0000000, 0x00000000e5560000, 0x00000000e5560000)
  from space 21824K,   0% used [0x00000000e5560000, 0x00000000e5560000, 0x00000000e6ab0000)
  to   space 21824K,   0% used [0x00000000e6ab0000, 0x00000000e6ab0000, 0x00000000e8000000)
 concurrent mark-sweep generation total 393216K, used 0K [0x00000000e8000000, 0x0000000100000000, 0x0000000100000000)
 Metaspace       used 18232K, capacity 18528K, committed 18688K, reserved 1064960K
  class space    used 2058K, capacity 2196K, committed 2304K, reserved 1048576K
2017-02-12T16:46:53.393+0100: 2,175: [GC (Allocation Failure) 2017-02-12T16:46:53.393+0100: 2,175: [ParNew
Desired survivor size 20112992 bytes, new threshold 8 (max 8)
- age   1:   12808152 bytes,   12808152 total
: 87424K->12626K(109248K), 0,0159904 secs] 87424K->12626K(502464K), 0,0160833 secs] [Times: user=0,03 sys=0,03, real=0,02 secs] 
Heap after GC invocations=1 (full 0):
 par new generation   total 109248K, used 12626K [0x00000000e0000000, 0x00000000e8000000, 0x00000000e8000000)
  eden space 87424K,   0% used [0x00000000e0000000, 0x00000000e0000000, 0x00000000e5560000)
  from space 21824K,  57% used [0x00000000e6ab0000, 0x00000000e77049f0, 0x00000000e8000000)
  to   space 21824K,   0% used [0x00000000e5560000, 0x00000000e5560000, 0x00000000e6ab0000)
 concurrent mark-sweep generation total 393216K, used 0K [0x00000000e8000000, 0x0000000100000000, 0x0000000100000000)
 Metaspace       used 18232K, capacity 18528K, committed 18688K, reserved 1064960K
  class space    used 2058K, capacity 2196K, committed 2304K, reserved 1048576K
}
2017-02-12T16:46:53.409+0100: 2,191: Total time for which application threads were stopped: 0,0162876 seconds, Stopping threads took: 0,0000193 seconds
2017-02-12T16:46:53.687+0100: 2,468: Total time for which application threads were stopped: 0,0034419 seconds, Stopping threads took: 0,0031885 seconds
2017-02-12T16:46:53.746+0100: 2,528: Total time for which application threads were stopped: 0,0004489 seconds, Stopping threads took: 0,0000751 seconds
{Heap before GC invocations=1 (full 0):
 par new generation   total 109248K, used 100050K [0x00000000e0000000, 0x00000000e8000000, 0x00000000e8000000)
  eden space 87424K, 100% used [0x00000000e0000000, 0x00000000e5560000, 0x00000000e5560000)
  from space 21824K,  57% used [0x00000000e6ab0000, 0x00000000e77049f0, 0x00000000e8000000)
  to   space 21824K,   0% used [0x00000000e5560000, 0x00000000e5560000, 0x00000000e6ab0000)
 concurrent mark-sweep generation total 393216K, used 0K [0x00000000e8000000, 0x0000000100000000, 0x0000000100000000)
 Metaspace       used 20081K, capacity 20428K, committed 20736K, reserved 1067008K
  class space    used 2297K, capacity 2470K, committed 2560K, reserved 1048576K
2017-02-12T16:46:53.750+0100: 2,531: [GC (Allocation Failure) 2017-02-12T16:46:53.750+0100: 2,531: [ParNew
Desired survivor size 20112992 bytes, new threshold 8 (max 8)
- age   1:    3535928 bytes,    3535928 total
- age   2:    6682736 bytes,   10218664 total
: 100050K->13946K(109248K), 0,0120743 secs] 100050K->13946K(502464K), 0,0121474 secs] [Times: user=0,04 sys=0,00, real=0,01 secs] 
Heap after GC invocations=2 (full 0):
 par new generation   total 109248K, used 13946K [0x00000000e0000000, 0x00000000e8000000, 0x00000000e8000000)
  eden space 87424K,   0% used [0x00000000e0000000, 0x00000000e0000000, 0x00000000e5560000)
  from space 21824K,  63% used [0x00000000e5560000, 0x00000000e62fe9a0, 0x00000000e6ab0000)
  to   space 21824K,   0% used [0x00000000e6ab0000, 0x00000000e6ab0000, 0x00000000e8000000)
 concurrent mark-sweep generation total 393216K, used 0K [0x00000000e8000000, 0x0000000100000000, 0x0000000100000000)
 Metaspace       used 20081K, capacity 20428K, committed 20736K, reserved 1067008K
  class space    used 2297K, capacity 2470K, committed 2560K, reserved 1048576K
}
2017-02-12T16:46:53.762+0100: 2,543: Total time for which application threads were stopped: 0,0134040 seconds, Stopping threads took: 0,0011048 seconds
2017-02-12T16:46:53.814+0100: 2,595: Total time for which application threads were stopped: 0,0004753 seconds, Stopping threads took: 0,0000253 seconds
2017-02-12T16:46:53.920+0100: 2,702: Total time for which application threads were stopped: 0,0003132 seconds, Stopping threads took: 0,0001987 seconds
{Heap before GC invocations=2 (full 0):
 par new generation   total 109248K, used 101370K [0x00000000e0000000, 0x00000000e8000000, 0x00000000e8000000)
  eden space 87424K, 100% used [0x00000000e0000000, 0x00000000e5560000, 0x00000000e5560000)
  from space 21824K,  63% used [0x00000000e5560000, 0x00000000e62fe9a0, 0x00000000e6ab0000)
  to   space 21824K,   0% used [0x00000000e6ab0000, 0x00000000e6ab0000, 0x00000000e8000000)
 concurrent mark-sweep generation total 393216K, used 0K [0x00000000e8000000, 0x0000000100000000, 0x0000000100000000)
 Metaspace       used 20980K, capacity 21286K, committed 21628K, reserved 1069056K
  class space    used 2418K, capacity 2589K, committed 2684K, reserved 1048576K
2017-02-12T16:46:53.970+0100: 2,751: [GC (Allocation Failure) 2017-02-12T16:46:53.970+0100: 2,751: [ParNew
Desired survivor size 20112992 bytes, new threshold 8 (max 8)
- age   1:    2019144 bytes,    2019144 total
- age   2:     835264 bytes,    2854408 total
- age   3:    6677000 bytes,    9531408 total
: 101370K->12902K(109248K), 0,0143676 secs] 101370K->12902K(502464K), 0,0144739 secs] [Times: user=0,04 sys=0,00, real=0,02 secs] 
Heap after GC invocations=3 (full 0):
 par new generation   total 109248K, used 12902K [0x00000000e0000000, 0x00000000e8000000, 0x00000000e8000000)
  eden space 87424K,   0% used [0x00000000e0000000, 0x00000000e0000000, 0x00000000e5560000)
  from space 21824K,  59% used [0x00000000e6ab0000, 0x00000000e7749ac8, 0x00000000e8000000)
  to   space 21824K,   0% used [0x00000000e5560000, 0x00000000e5560000, 0x00000000e6ab0000)
 concurrent mark-sweep generation total 393216K, used 0K [0x00000000e8000000, 0x0000000100000000, 0x0000000100000000)
 Metaspace       used 20980K, capacity 21286K, committed 21628K, reserved 1069056K
  class space    used 2418K, capacity 2589K, committed 2684K, reserved 1048576K
}
2017-02-12T16:46:53.984+0100: 2,766: Total time for which application threads were stopped: 0,0147010 seconds, Stopping threads took: 0,0000740 seconds
2017-02-12T16:46:53.984+0100: 2,766: [GC (CMS Initial Mark) [1 CMS-initial-mark: 0K(393216K)] 12934K(502464K), 0,0040528 secs] [Times: user=0,01 sys=0,00, real=0,00 secs] 
2017-02-12T16:46:53.988+0100: 2,770: Total time for which application threads were stopped: 0,0041997 seconds, Stopping threads took: 0,0000494 seconds
2017-02-12T16:46:53.988+0100: 2,770: [CMS-concurrent-mark-start]
2017-02-12T16:46:53.992+0100: 2,774: [CMS-concurrent-mark: 0,004/0,004 secs] [Times: user=0,00 sys=0,00, real=0,00 secs] 
2017-02-12T16:46:53.993+0100: 2,774: [CMS-concurrent-preclean-start]
2017-02-12T16:46:53.994+0100: 2,775: [CMS-concurrent-preclean: 0,001/0,001 secs] [Times: user=0,00 sys=0,00, real=0,00 secs] 
2017-02-12T16:46:53.994+0100: 2,775: [CMS-concurrent-abortable-preclean-start]
2017-02-12T16:46:54.039+0100: 2,820: Total time for which application threads were stopped: 0,0001504 seconds, Stopping threads took: 0,0000539 seconds
{Heap before GC invocations=3 (full 1):
 par new generation   total 109248K, used 100326K [0x00000000e0000000, 0x00000000e8000000, 0x00000000e8000000)
  eden space 87424K, 100% used [0x00000000e0000000, 0x00000000e5560000, 0x00000000e5560000)
  from space 21824K,  59% used [0x00000000e6ab0000, 0x00000000e7749ac8, 0x00000000e8000000)
  to   space 21824K,   0% used [0x00000000e5560000, 0x00000000e5560000, 0x00000000e6ab0000)
 concurrent mark-sweep generation total 393216K, used 0K [0x00000000e8000000, 0x0000000100000000, 0x0000000100000000)
 Metaspace       used 21275K, capacity 21626K, committed 21884K, reserved 1069056K
  class space    used 2450K, capacity 2604K, committed 2684K, reserved 1048576K
2017-02-12T16:46:54.117+0100: 2,898: [GC (Allocation Failure) 2017-02-12T16:46:54.117+0100: 2,898: [ParNew
Desired survivor size 20112992 bytes, new threshold 8 (max 8)
- age   1:     835704 bytes,     835704 total
- age   2:    1444080 bytes,    2279784 total
- age   3:     803808 bytes,    3083592 total
- age   4:    6677256 bytes,    9760848 total
: 100326K->11079K(109248K), 0,0095806 secs] 100326K->11079K(502464K), 0,0096453 secs] [Times: user=0,03 sys=0,00, real=0,01 secs] 
Heap after GC invocations=4 (full 1):
 par new generation   total 109248K, used 11079K [0x00000000e0000000, 0x00000000e8000000, 0x00000000e8000000)
  eden space 87424K,   0% used [0x00000000e0000000, 0x00000000e0000000, 0x00000000e5560000)
  from space 21824K,  50% used [0x00000000e5560000, 0x00000000e6031d68, 0x00000000e6ab0000)
  to   space 21824K,   0% used [0x00000000e6ab0000, 0x00000000e6ab0000, 0x00000000e8000000)
 concurrent mark-sweep generation total 393216K, used 0K [0x00000000e8000000, 0x0000000100000000, 0x0000000100000000)
 Metaspace       used 21275K, capacity 21626K, committed 21884K, reserved 1069056K
  class space    used 2450K, capacity 2604K, committed 2684K, reserved 1048576K
}
2017-02-12T16:46:54.126+0100: 2,908: Total time for which application threads were stopped: 0,0098406 seconds, Stopping threads took: 0,0000444 seconds
{Heap before GC invocations=4 (full 1):
 par new generation   total 109248K, used 98503K [0x00000000e0000000, 0x00000000e8000000, 0x00000000e8000000)
  eden space 87424K, 100% used [0x00000000e0000000, 0x00000000e5560000, 0x00000000e5560000)
  from space 21824K,  50% used [0x00000000e5560000, 0x00000000e6031d68, 0x00000000e6ab0000)
  to   space 21824K,   0% used [0x00000000e6ab0000, 0x00000000e6ab0000, 0x00000000e8000000)
 concurrent mark-sweep generation total 393216K, used 0K [0x00000000e8000000, 0x0000000100000000, 0x0000000100000000)
 Metaspace       used 21508K, capacity 21862K, committed 21960K, reserved 1069056K
  class space    used 2476K, capacity 2638K, committed 2684K, reserved 1048576K
2017-02-12T16:46:54.226+0100: 3,008: [GC (Allocation Failure) 2017-02-12T16:46:54.226+0100: 3,008: [ParNew2017-02-12T16:46:54.228+0100: 3,010: [CMS-concurrent-abortable-preclean: 0,124/0,234 secs] [Times: user=0,88 sys=0,02, real=0,24 secs] 

Desired survivor size 20112992 bytes, new threshold 8 (max 8)
- age   1:     716888 bytes,     716888 total
- age   2:     184096 bytes,     900984 total
- age   3:    1443352 bytes,    2344336 total
- age   4:     801840 bytes,    3146176 total
- age   5:    6676968 bytes,    9823144 total
: 98503K->14664K(109248K), 0,0108133 secs] 98503K->14664K(502464K), 0,0108818 secs] [Times: user=0,03 sys=0,00, real=0,01 secs] 
Heap after GC invocations=5 (full 1):
 par new generation   total 109248K, used 14664K [0x00000000e0000000, 0x00000000e8000000, 0x00000000e8000000)
  eden space 87424K,   0% used [0x00000000e0000000, 0x00000000e0000000, 0x00000000e5560000)
  from space 21824K,  67% used [0x00000000e6ab0000, 0x00000000e7902390, 0x00000000e8000000)
  to   space 21824K,   0% used [0x00000000e5560000, 0x00000000e5560000, 0x00000000e6ab0000)
 concurrent mark-sweep generation total 393216K, used 0K [0x00000000e8000000, 0x0000000100000000, 0x0000000100000000)
 Metaspace       used 21508K, capacity 21862K, committed 21960K, reserved 1069056K
  class space    used 2476K, capacity 2638K, committed 2684K, reserved 1048576K
}
2017-02-12T16:46:54.237+0100: 3,019: Total time for which application threads were stopped: 0,0110934 seconds, Stopping threads took: 0,0000504 seconds
2017-02-12T16:46:54.238+0100: 3,019: [GC (CMS Final Remark) [YG occupancy: 15966 K (109248 K)]{Heap before GC invocations=5 (full 1):
 par new generation   total 109248K, used 15966K [0x00000000e0000000, 0x00000000e8000000, 0x00000000e8000000)
  eden space 87424K,   1% used [0x00000000e0000000, 0x00000000e01456d8, 0x00000000e5560000)
  from space 21824K,  67% used [0x00000000e6ab0000, 0x00000000e7902390, 0x00000000e8000000)
  to   space 21824K,   0% used [0x00000000e5560000, 0x00000000e5560000, 0x00000000e6ab0000)
 concurrent mark-sweep generation total 393216K, used 0K [0x00000000e8000000, 0x0000000100000000, 0x0000000100000000)
 Metaspace       used 21508K, capacity 21862K, committed 21960K, reserved 1069056K
  class space    used 2476K, capacity 2638K, committed 2684K, reserved 1048576K
2017-02-12T16:46:54.238+0100: 3,019: [GC (CMS Final Remark) 2017-02-12T16:46:54.238+0100: 3,019: [ParNew
Desired survivor size 20112992 bytes, new threshold 8 (max 8)
- age   1:     167336 bytes,     167336 total
- age   2:     493720 bytes,     661056 total
- age   3:     184096 bytes,     845152 total
- age   4:    1443352 bytes,    2288504 total
- age   5:     801840 bytes,    3090344 total
- age   6:    6677104 bytes,    9767448 total
: 15966K->11233K(109248K), 0,0097533 secs] 15966K->11233K(502464K), 0,0097979 secs] [Times: user=0,04 sys=0,00, real=0,01 secs] 
Heap after GC invocations=6 (full 1):
 par new generation   total 109248K, used 11233K [0x00000000e0000000, 0x00000000e8000000, 0x00000000e8000000)
  eden space 87424K,   0% used [0x00000000e0000000, 0x00000000e0000000, 0x00000000e5560000)
  from space 21824K,  51% used [0x00000000e5560000, 0x00000000e6058430, 0x00000000e6ab0000)
  to   space 21824K,   0% used [0x00000000e6ab0000, 0x00000000e6ab0000, 0x00000000e8000000)
 concurrent mark-sweep generation total 393216K, used 0K [0x00000000e8000000, 0x0000000100000000, 0x0000000100000000)
 Metaspace       used 21508K, capacity 21862K, committed 21960K, reserved 1069056K
  class space    used 2476K, capacity 2638K, committed 2684K, reserved 1048576K
}
2017-02-12T16:46:54.247+0100: 3,029: [Rescan (parallel) , 0,0033028 secs]2017-02-12T16:46:54.251+0100: 3,033: [weak refs processing, 0,0005177 secs]2017-02-12T16:46:54.251+0100: 3,033: [class unloading, 0,0028938 secs]2017-02-12T16:46:54.254+0100: 3,036: [scrub symbol table, 0,0028454 secs]2017-02-12T16:46:54.257+0100: 3,039: [scrub string table, 0,0003988 secs][1 CMS-remark: 0K(393216K)] 11233K(502464K), 0,0204838 secs] [Times: user=0,06 sys=0,00, real=0,02 secs] 
2017-02-12T16:46:54.258+0100: 3,040: Total time for which application threads were stopped: 0,0206141 seconds, Stopping threads took: 0,0000462 seconds
2017-02-12T16:46:54.258+0100: 3,040: [CMS-concurrent-sweep-start]
2017-02-12T16:46:54.258+0100: 3,040: [CMS-concurrent-sweep: 0,000/0,000 secs] [Times: user=0,00 sys=0,00, real=0,00 secs] 
2017-02-12T16:46:54.258+0100: 3,040: [CMS-concurrent-reset-start]
2017-02-12T16:46:54.260+0100: 3,042: [CMS-concurrent-reset: 0,002/0,002 secs] [Times: user=0,00 sys=0,01, real=0,00 secs] 
2017-02-12T16:46:54.286+0100: 3,068: Total time for which application threads were stopped: 0,0012983 seconds, Stopping threads took: 0,0009413 seconds
2017-02-12T16:46:54.481+0100: 3,262: Total time for which application threads were stopped: 0,0004610 seconds, Stopping threads took: 0,0000237 seconds
2017-02-12T16:46:54.494+0100: 3,275: Total time for which application threads were stopped: 0,0004074 seconds, Stopping threads took: 0,0000439 seconds
{Heap before GC invocations=6 (full 1):
 par new generation   total 109248K, used 98657K [0x00000000e0000000, 0x00000000e8000000, 0x00000000e8000000)
  eden space 87424K, 100% used [0x00000000e0000000, 0x00000000e5560000, 0x00000000e5560000)
  from space 21824K,  51% used [0x00000000e5560000, 0x00000000e6058430, 0x00000000e6ab0000)
  to   space 21824K,   0% used [0x00000000e6ab0000, 0x00000000e6ab0000, 0x00000000e8000000)
 concurrent mark-sweep generation total 393216K, used 0K [0x00000000e8000000, 0x0000000100000000, 0x0000000100000000)
 Metaspace       used 24928K, capacity 25426K, committed 25724K, reserved 1071104K
  class space    used 2904K, capacity 3078K, committed 3196K, reserved 1048576K
2017-02-12T16:46:54.748+0100: 3,530: [GC (Allocation Failure) 2017-02-12T16:46:54.749+0100: 3,530: [ParNew
Desired survivor size 20112992 bytes, new threshold 8 (max 8)
- age   1:    5007944 bytes,    5007944 total
- age   3:     140184 bytes,    5148128 total
- age   4:     180248 bytes,    5328376 total
- age   5:     268888 bytes,    5597264 total
- age   6:     782032 bytes,    6379296 total
- age   7:    6673152 bytes,   13052448 total
: 98657K->18623K(109248K), 0,0288543 secs] 98657K->18623K(502464K), 0,0289419 secs] [Times: user=0,11 sys=0,00, real=0,03 secs] 
Heap after GC invocations=7 (full 1):
 par new generation   total 109248K, used 18623K [0x00000000e0000000, 0x00000000e8000000, 0x00000000e8000000)
  eden space 87424K,   0% used [0x00000000e0000000, 0x00000000e0000000, 0x00000000e5560000)
  from space 21824K,  85% used [0x00000000e6ab0000, 0x00000000e7cdfe20, 0x00000000e8000000)
  to   space 21824K,   0% used [0x00000000e5560000, 0x00000000e5560000, 0x00000000e6ab0000)
 concurrent mark-sweep generation total 393216K, used 0K [0x00000000e8000000, 0x0000000100000000, 0x0000000100000000)
 Metaspace       used 24928K, capacity 25426K, committed 25724K, reserved 1071104K
  class space    used 2904K, capacity 3078K, committed 3196K, reserved 1048576K
}
2017-02-12T16:46:54.777+0100: 3,559: Total time for which application threads were stopped: 0,0292846 seconds, Stopping threads took: 0,0000813 seconds
2017-02-12T16:46:54.963+0100: 3,745: Total time for which application threads were stopped: 0,0065938 seconds, Stopping threads took: 0,0061370 seconds
2017-02-12T16:46:54.988+0100: 3,769: Total time for which application threads were stopped: 0,0004798 seconds, Stopping threads took: 0,0000275 seconds
2017-02-12T16:46:55.043+0100: 3,825: Total time for which application threads were stopped: 0,0019878 seconds, Stopping threads took: 0,0015936 seconds
2017-02-12T16:46:55.270+0100: 4,052: Total time for which application threads were stopped: 0,0004795 seconds, Stopping threads took: 0,0000238 seconds
2017-02-12T16:47:23.282+0100: 32,063: Total time for which application threads were stopped: 0,0000892 seconds, Stopping threads took: 0,0000211 seconds
2017-02-12T16:48:23.290+0100: 92,071: Total time for which application threads were stopped: 0,0000999 seconds, Stopping threads took: 0,0000255 seconds
2017-02-12T16:48:58.294+0100: 127,076: Total time for which application threads were stopped: 0,0000999 seconds, Stopping threads took: 0,0000338 seconds
2017-02-12T16:49:08.295+0100: 137,077: Total time for which application threads were stopped: 0,0001607 seconds, Stopping threads took: 0,0000384 seconds
2017-02-12T16:49:52.301+0100: 181,083: Total time for which application threads were stopped: 0,0001170 seconds, Stopping threads took: 0,0000454 seconds
2017-02-12T16:51:18.311+0100: 267,093: Total time for which application threads were stopped: 0,0000966 seconds, Stopping threads took: 0,0000350 seconds
2017-02-12T16:51:22.312+0100: 271,093: Total time for which application threads were stopped: 0,0000695 seconds, Stopping threads took: 0,0000158 seconds
2017-02-12T17:10:22.430+0100: 1411,212: Total time for which application threads were stopped: 0,0003648 seconds, Stopping threads took: 0,0001668 seconds
2017-02-12T17:15:12.457+0100: 1701,239: Total time for which application threads were stopped: 0,0000943 seconds, Stopping threads took: 0,0000328 seconds
2017-02-12T17:23:17.504+0100: 2186,286: Total time for which application threads were stopped: 0,0001202 seconds, Stopping threads took: 0,0000392 seconds
2017-02-12T17:25:13.516+0100: 2302,297: Total time for which application threads were stopped: 0,0001110 seconds, Stopping threads took: 0,0000351 seconds
2017-02-12T17:25:17.516+0100: 2306,298: Total time for which application threads were stopped: 0,0003081 seconds, Stopping threads took: 0,0000722 seconds
2017-02-12T17:27:02.528+0100: 2411,310: Total time for which application threads were stopped: 0,0005426 seconds, Stopping threads took: 0,0001810 seconds
2017-02-12T17:29:23.542+0100: 2552,324: Total time for which application threads were stopped: 0,0001252 seconds, Stopping threads took: 0,0000372 seconds
2017-02-12T17:40:08.608+0100: 3197,390: Total time for which application threads were stopped: 0,0005225 seconds, Stopping threads took: 0,0001306 seconds
2017-02-12T17:48:53.684+0100: 3722,466: Total time for which application threads were stopped: 0,0001093 seconds, Stopping threads took: 0,0000365 seconds
2017-02-12T17:49:07.687+0100: 3736,468: Total time for which application threads were stopped: 0,0001608 seconds, Stopping threads took: 0,0000322 seconds
2017-02-12T17:51:42.712+0100: 3891,494: Total time for which application threads were stopped: 0,0002530 seconds, Stopping threads took: 0,0000626 seconds
2017-02-12T18:20:08.991+0100: 5597,773: Total time for which application threads were stopped: 0,0001105 seconds, Stopping threads took: 0,0000418 seconds
2017-02-12T18:31:29.104+0100: 6277,886: Total time for which application threads were stopped: 0,0000958 seconds, Stopping threads took: 0,0000356 seconds
2017-02-12T18:48:23.270+0100: 7292,052: Total time for which application threads were stopped: 0,0001701 seconds, Stopping threads took: 0,0000583 seconds
2017-02-12T18:49:23.280+0100: 7352,062: Total time for which application threads were stopped: 0,0001994 seconds, Stopping threads took: 0,0000733 seconds
2017-02-12T18:54:53.334+0100: 7682,116: Total time for which application threads were stopped: 0,0002033 seconds, Stopping threads took: 0,0000575 seconds
2017-02-12T19:59:22.972+0100: 11551,754: Total time for which application threads were stopped: 0,0002025 seconds, Stopping threads took: 0,0000714 seconds
2017-02-12T21:00:09.373+0100: 15198,154: Total time for which application threads were stopped: 0,0001111 seconds, Stopping threads took: 0,0000377 seconds
2017-02-12T21:02:53.390+0100: 15362,171: Total time for which application threads were stopped: 0,0006160 seconds, Stopping threads took: 0,0002010 seconds
2017-02-12T21:04:23.398+0100: 15452,179: Total time for which application threads were stopped: 0,0003997 seconds, Stopping threads took: 0,0001466 seconds
2017-02-12T23:54:51.960+0100: 25680,742: Total time for which application threads were stopped: 0,0001657 seconds, Stopping threads took: 0,0000467 seconds
2017-02-12T23:54:51.962+0100: 25680,744: Total time for which application threads were stopped: 0,0001513 seconds, Stopping threads took: 0,0000364 seconds
2017-02-12T23:54:51.968+0100: 25680,749: Total time for which application threads were stopped: 0,0001763 seconds, Stopping threads took: 0,0000444 seconds
Heap
 par new generation   total 109248K, used 83713K [0x00000000e0000000, 0x00000000e8000000, 0x00000000e8000000)
  eden space 87424K,  74% used [0x00000000e0000000, 0x00000000e3f90780, 0x00000000e5560000)
  from space 21824K,  85% used [0x00000000e6ab0000, 0x00000000e7cdfe20, 0x00000000e8000000)
  to   space 21824K,   0% used [0x00000000e5560000, 0x00000000e5560000, 0x00000000e6ab0000)
 concurrent mark-sweep generation total 393216K, used 0K [0x00000000e8000000, 0x0000000100000000, 0x0000000100000000)
 Metaspace       used 28073K, capacity 28608K, committed 28796K, reserved 1075200K
  class space    used 3227K, capacity 3391K, committed 3452K, reserved 1048576K
