OpenJDK 64-Bit Server VM (25.121-b13) for linux-amd64 JRE (1.8.0_121-8u121-b13-0ubuntu1.16.04.2-b13), built on Jan 23 2017 15:51:29 by "buildd" with gcc 5.4.0 20160609
Memory: 4k page, physical 7867760k(7497008k free), swap 8076284k(8076284k free)
CommandLine flags: -XX:CMSInitiatingOccupancyFraction=50 -XX:CMSMaxAbortablePrecleanTime=6000 -XX:+CMSParallelRemarkEnabled -XX:+CMSScavengeBeforeRemark -XX:ConcGCThreads=4 -XX:InitialHeapSize=536870912 -XX:MaxHeapSize=536870912 -XX:MaxTenuringThreshold=8 -XX:NewRatio=3 -XX:OldPLABSize=16 -XX:OnOutOfMemoryError=/opt/solr/bin/oom_solr.sh 8983 /var/solr/logs -XX:ParallelGCThreads=4 -XX:+ParallelRefProcEnabled -XX:PretenureSizeThreshold=67108864 -XX:+PrintGC -XX:+PrintGCApplicationStoppedTime -XX:+PrintGCDateStamps -XX:+PrintGCDetails -XX:+PrintGCTimeStamps -XX:+PrintHeapAtGC -XX:+PrintTenuringDistribution -XX:SurvivorRatio=4 -XX:TargetSurvivorRatio=90 -XX:ThreadStackSize=256 -XX:+UseCMSInitiatingOccupancyOnly -XX:+UseCompressedClassPointers -XX:+UseCompressedOops -XX:+UseConcMarkSweepGC -XX:+UseParNewGC 
2017-03-06T07:36:39.728+0100: 0,127: Total time for which application threads were stopped: 0,0000919 seconds, Stopping threads took: 0,0000138 seconds
2017-03-06T07:36:39.805+0100: 0,205: Total time for which application threads were stopped: 0,0000985 seconds, Stopping threads took: 0,0000143 seconds
2017-03-06T07:36:39.824+0100: 0,224: Total time for which application threads were stopped: 0,0000936 seconds, Stopping threads took: 0,0000217 seconds
2017-03-06T07:36:40.077+0100: 0,477: Total time for which application threads were stopped: 0,0001923 seconds, Stopping threads took: 0,0000301 seconds
2017-03-06T07:36:40.502+0100: 0,902: Total time for which application threads were stopped: 0,0002084 seconds, Stopping threads took: 0,0000255 seconds
2017-03-06T07:36:40.671+0100: 1,071: Total time for which application threads were stopped: 0,0001900 seconds, Stopping threads took: 0,0000177 seconds
2017-03-06T07:36:40.697+0100: 1,097: Total time for which application threads were stopped: 0,0001972 seconds, Stopping threads took: 0,0000198 seconds
2017-03-06T07:36:41.025+0100: 1,424: Total time for which application threads were stopped: 0,0001754 seconds, Stopping threads took: 0,0000282 seconds
2017-03-06T07:36:41.244+0100: 1,644: Total time for which application threads were stopped: 0,0007114 seconds, Stopping threads took: 0,0000374 seconds
2017-03-06T07:36:41.271+0100: 1,671: Total time for which application threads were stopped: 0,0001814 seconds, Stopping threads took: 0,0000202 seconds
2017-03-06T07:36:41.308+0100: 1,707: Total time for which application threads were stopped: 0,0001841 seconds, Stopping threads took: 0,0000187 seconds
2017-03-06T07:36:41.310+0100: 1,710: Total time for which application threads were stopped: 0,0007965 seconds, Stopping threads took: 0,0000847 seconds
2017-03-06T07:36:41.333+0100: 1,732: Total time for which application threads were stopped: 0,0001861 seconds, Stopping threads took: 0,0000192 seconds
2017-03-06T07:36:41.414+0100: 1,814: Total time for which application threads were stopped: 0,0002472 seconds, Stopping threads took: 0,0000203 seconds
2017-03-06T07:36:41.565+0100: 1,964: Total time for which application threads were stopped: 0,0002583 seconds, Stopping threads took: 0,0000393 seconds
{Heap before GC invocations=0 (full 0):
 par new generation   total 109248K, used 87424K [0x00000000e0000000, 0x00000000e8000000, 0x00000000e8000000)
  eden space 87424K, 100% used [0x00000000e0000000, 0x00000000e5560000, 0x00000000e5560000)
  from space 21824K,   0% used [0x00000000e5560000, 0x00000000e5560000, 0x00000000e6ab0000)
  to   space 21824K,   0% used [0x00000000e6ab0000, 0x00000000e6ab0000, 0x00000000e8000000)
 concurrent mark-sweep generation total 393216K, used 0K [0x00000000e8000000, 0x0000000100000000, 0x0000000100000000)
 Metaspace       used 18013K, capacity 18336K, committed 18688K, reserved 1064960K
  class space    used 2038K, capacity 2196K, committed 2304K, reserved 1048576K
2017-03-06T07:36:41.655+0100: 2,054: [GC (Allocation Failure) 2017-03-06T07:36:41.655+0100: 2,054: [ParNew
Desired survivor size 20112992 bytes, new threshold 8 (max 8)
- age   1:   12668952 bytes,   12668952 total
: 87424K->12495K(109248K), 0,0169858 secs] 87424K->12495K(502464K), 0,0170715 secs] [Times: user=0,04 sys=0,01, real=0,02 secs] 
Heap after GC invocations=1 (full 0):
 par new generation   total 109248K, used 12495K [0x00000000e0000000, 0x00000000e8000000, 0x00000000e8000000)
  eden space 87424K,   0% used [0x00000000e0000000, 0x00000000e0000000, 0x00000000e5560000)
  from space 21824K,  57% used [0x00000000e6ab0000, 0x00000000e76e3fb8, 0x00000000e8000000)
  to   space 21824K,   0% used [0x00000000e5560000, 0x00000000e5560000, 0x00000000e6ab0000)
 concurrent mark-sweep generation total 393216K, used 0K [0x00000000e8000000, 0x0000000100000000, 0x0000000100000000)
 Metaspace       used 18013K, capacity 18336K, committed 18688K, reserved 1064960K
  class space    used 2038K, capacity 2196K, committed 2304K, reserved 1048576K
}
2017-03-06T07:36:41.672+0100: 2,071: Total time for which application threads were stopped: 0,0173376 seconds, Stopping threads took: 0,0000439 seconds
2017-03-06T07:36:41.970+0100: 2,370: Total time for which application threads were stopped: 0,0004387 seconds, Stopping threads took: 0,0000449 seconds
{Heap before GC invocations=1 (full 0):
 par new generation   total 109248K, used 99919K [0x00000000e0000000, 0x00000000e8000000, 0x00000000e8000000)
  eden space 87424K, 100% used [0x00000000e0000000, 0x00000000e5560000, 0x00000000e5560000)
  from space 21824K,  57% used [0x00000000e6ab0000, 0x00000000e76e3fb8, 0x00000000e8000000)
  to   space 21824K,   0% used [0x00000000e5560000, 0x00000000e5560000, 0x00000000e6ab0000)
 concurrent mark-sweep generation total 393216K, used 0K [0x00000000e8000000, 0x0000000100000000, 0x0000000100000000)
 Metaspace       used 20045K, capacity 20370K, committed 20736K, reserved 1067008K
  class space    used 2296K, capacity 2473K, committed 2560K, reserved 1048576K
2017-03-06T07:36:42.015+0100: 2,414: [GC (Allocation Failure) 2017-03-06T07:36:42.015+0100: 2,415: [ParNew
Desired survivor size 20112992 bytes, new threshold 8 (max 8)
- age   1:    3590472 bytes,    3590472 total
- age   2:    6657384 bytes,   10247856 total
: 99919K->13697K(109248K), 0,0194226 secs] 99919K->13697K(502464K), 0,0195033 secs] [Times: user=0,06 sys=0,00, real=0,02 secs] 
Heap after GC invocations=2 (full 0):
 par new generation   total 109248K, used 13697K [0x00000000e0000000, 0x00000000e8000000, 0x00000000e8000000)
  eden space 87424K,   0% used [0x00000000e0000000, 0x00000000e0000000, 0x00000000e5560000)
  from space 21824K,  62% used [0x00000000e5560000, 0x00000000e62c0688, 0x00000000e6ab0000)
  to   space 21824K,   0% used [0x00000000e6ab0000, 0x00000000e6ab0000, 0x00000000e8000000)
 concurrent mark-sweep generation total 393216K, used 0K [0x00000000e8000000, 0x0000000100000000, 0x0000000100000000)
 Metaspace       used 20045K, capacity 20370K, committed 20736K, reserved 1067008K
  class space    used 2296K, capacity 2473K, committed 2560K, reserved 1048576K
}
2017-03-06T07:36:42.034+0100: 2,434: Total time for which application threads were stopped: 0,0198510 seconds, Stopping threads took: 0,0000695 seconds
2017-03-06T07:36:42.045+0100: 2,445: Total time for which application threads were stopped: 0,0004216 seconds, Stopping threads took: 0,0000508 seconds
2017-03-06T07:36:42.094+0100: 2,494: Total time for which application threads were stopped: 0,0014612 seconds, Stopping threads took: 0,0011152 seconds
2017-03-06T07:36:42.214+0100: 2,613: Total time for which application threads were stopped: 0,0001762 seconds, Stopping threads took: 0,0000464 seconds
{Heap before GC invocations=2 (full 0):
 par new generation   total 109248K, used 101121K [0x00000000e0000000, 0x00000000e8000000, 0x00000000e8000000)
  eden space 87424K, 100% used [0x00000000e0000000, 0x00000000e5560000, 0x00000000e5560000)
  from space 21824K,  62% used [0x00000000e5560000, 0x00000000e62c0688, 0x00000000e6ab0000)
  to   space 21824K,   0% used [0x00000000e6ab0000, 0x00000000e6ab0000, 0x00000000e8000000)
 concurrent mark-sweep generation total 393216K, used 0K [0x00000000e8000000, 0x0000000100000000, 0x0000000100000000)
 Metaspace       used 20966K, capacity 21292K, committed 21628K, reserved 1069056K
  class space    used 2419K, capacity 2592K, committed 2684K, reserved 1048576K
2017-03-06T07:36:42.245+0100: 2,645: [GC (Allocation Failure) 2017-03-06T07:36:42.246+0100: 2,645: [ParNew
Desired survivor size 20112992 bytes, new threshold 8 (max 8)
- age   1:    1997816 bytes,    1997816 total
- age   2:     860544 bytes,    2858360 total
- age   3:    6655152 bytes,    9513512 total
: 101121K->12846K(109248K), 0,0108730 secs] 101121K->12846K(502464K), 0,0109500 secs] [Times: user=0,04 sys=0,00, real=0,01 secs] 
Heap after GC invocations=3 (full 0):
 par new generation   total 109248K, used 12846K [0x00000000e0000000, 0x00000000e8000000, 0x00000000e8000000)
  eden space 87424K,   0% used [0x00000000e0000000, 0x00000000e0000000, 0x00000000e5560000)
  from space 21824K,  58% used [0x00000000e6ab0000, 0x00000000e773bb30, 0x00000000e8000000)
  to   space 21824K,   0% used [0x00000000e5560000, 0x00000000e5560000, 0x00000000e6ab0000)
 concurrent mark-sweep generation total 393216K, used 0K [0x00000000e8000000, 0x0000000100000000, 0x0000000100000000)
 Metaspace       used 20966K, capacity 21292K, committed 21628K, reserved 1069056K
  class space    used 2419K, capacity 2592K, committed 2684K, reserved 1048576K
}
2017-03-06T07:36:42.256+0100: 2,656: Total time for which application threads were stopped: 0,0124035 seconds, Stopping threads took: 0,0013246 seconds
2017-03-06T07:36:42.257+0100: 2,656: [GC (CMS Initial Mark) [1 CMS-initial-mark: 0K(393216K)] 12862K(502464K), 0,0032290 secs] [Times: user=0,01 sys=0,00, real=0,01 secs] 
2017-03-06T07:36:42.260+0100: 2,660: Total time for which application threads were stopped: 0,0033730 seconds, Stopping threads took: 0,0000369 seconds
2017-03-06T07:36:42.260+0100: 2,660: [CMS-concurrent-mark-start]
2017-03-06T07:36:42.261+0100: 2,660: [CMS-concurrent-mark: 0,001/0,001 secs] [Times: user=0,00 sys=0,00, real=0,00 secs] 
2017-03-06T07:36:42.261+0100: 2,660: [CMS-concurrent-preclean-start]
2017-03-06T07:36:42.262+0100: 2,661: [CMS-concurrent-preclean: 0,001/0,001 secs] [Times: user=0,00 sys=0,00, real=0,00 secs] 
2017-03-06T07:36:42.262+0100: 2,661: [CMS-concurrent-abortable-preclean-start]
2017-03-06T07:36:42.323+0100: 2,723: Total time for which application threads were stopped: 0,0000999 seconds, Stopping threads took: 0,0000300 seconds
{Heap before GC invocations=3 (full 1):
 par new generation   total 109248K, used 100270K [0x00000000e0000000, 0x00000000e8000000, 0x00000000e8000000)
  eden space 87424K, 100% used [0x00000000e0000000, 0x00000000e5560000, 0x00000000e5560000)
  from space 21824K,  58% used [0x00000000e6ab0000, 0x00000000e773bb30, 0x00000000e8000000)
  to   space 21824K,   0% used [0x00000000e5560000, 0x00000000e5560000, 0x00000000e6ab0000)
 concurrent mark-sweep generation total 393216K, used 0K [0x00000000e8000000, 0x0000000100000000, 0x0000000100000000)
 Metaspace       used 21236K, capacity 21568K, committed 21884K, reserved 1069056K
  class space    used 2448K, capacity 2607K, committed 2684K, reserved 1048576K
2017-03-06T07:36:42.372+0100: 2,771: [GC (Allocation Failure) 2017-03-06T07:36:42.372+0100: 2,771: [ParNew
Desired survivor size 20112992 bytes, new threshold 8 (max 8)
- age   1:    1333264 bytes,    1333264 total
- age   2:    1455952 bytes,    2789216 total
- age   3:     846656 bytes,    3635872 total
- age   4:    6655072 bytes,   10290944 total
: 100270K->12278K(109248K), 0,0103681 secs] 100270K->12278K(502464K), 0,0104372 secs] [Times: user=0,04 sys=0,00, real=0,01 secs] 
Heap after GC invocations=4 (full 1):
 par new generation   total 109248K, used 12278K [0x00000000e0000000, 0x00000000e8000000, 0x00000000e8000000)
  eden space 87424K,   0% used [0x00000000e0000000, 0x00000000e0000000, 0x00000000e5560000)
  from space 21824K,  56% used [0x00000000e5560000, 0x00000000e615d970, 0x00000000e6ab0000)
  to   space 21824K,   0% used [0x00000000e6ab0000, 0x00000000e6ab0000, 0x00000000e8000000)
 concurrent mark-sweep generation total 393216K, used 0K [0x00000000e8000000, 0x0000000100000000, 0x0000000100000000)
 Metaspace       used 21236K, capacity 21568K, committed 21884K, reserved 1069056K
  class space    used 2448K, capacity 2607K, committed 2684K, reserved 1048576K
}
2017-03-06T07:36:42.382+0100: 2,782: Total time for which application threads were stopped: 0,0106721 seconds, Stopping threads took: 0,0000968 seconds
2017-03-06T07:36:42.382+0100: 2,782: [CMS-concurrent-abortable-preclean: 0,063/0,120 secs] [Times: user=0,43 sys=0,01, real=0,12 secs] 
2017-03-06T07:36:42.398+0100: 2,798: [GC (CMS Final Remark) [YG occupancy: 19373 K (109248 K)]{Heap before GC invocations=4 (full 1):
 par new generation   total 109248K, used 19373K [0x00000000e0000000, 0x00000000e8000000, 0x00000000e8000000)
  eden space 87424K,   8% used [0x00000000e0000000, 0x00000000e06edd20, 0x00000000e5560000)
  from space 21824K,  56% used [0x00000000e5560000, 0x00000000e615d970, 0x00000000e6ab0000)
  to   space 21824K,   0% used [0x00000000e6ab0000, 0x00000000e6ab0000, 0x00000000e8000000)
 concurrent mark-sweep generation total 393216K, used 0K [0x00000000e8000000, 0x0000000100000000, 0x0000000100000000)
 Metaspace       used 21251K, capacity 21568K, committed 21884K, reserved 1069056K
  class space    used 2450K, capacity 2607K, committed 2684K, reserved 1048576K
2017-03-06T07:36:42.398+0100: 2,798: [GC (CMS Final Remark) 2017-03-06T07:36:42.398+0100: 2,798: [ParNew
Desired survivor size 20112992 bytes, new threshold 8 (max 8)
- age   1:     583856 bytes,     583856 total
- age   2:     667952 bytes,    1251808 total
- age   3:    1455736 bytes,    2707544 total
- age   4:     846624 bytes,    3554168 total
- age   5:    6655312 bytes,   10209480 total
: 19373K->17530K(109248K), 0,0094839 secs] 19373K->17530K(502464K), 0,0095267 secs] [Times: user=0,04 sys=0,00, real=0,01 secs] 
Heap after GC invocations=5 (full 1):
 par new generation   total 109248K, used 17530K [0x00000000e0000000, 0x00000000e8000000, 0x00000000e8000000)
  eden space 87424K,   0% used [0x00000000e0000000, 0x00000000e0000000, 0x00000000e5560000)
  from space 21824K,  80% used [0x00000000e6ab0000, 0x00000000e7bce900, 0x00000000e8000000)
  to   space 21824K,   0% used [0x00000000e5560000, 0x00000000e5560000, 0x00000000e6ab0000)
 concurrent mark-sweep generation total 393216K, used 0K [0x00000000e8000000, 0x0000000100000000, 0x0000000100000000)
 Metaspace       used 21251K, capacity 21568K, committed 21884K, reserved 1069056K
  class space    used 2450K, capacity 2607K, committed 2684K, reserved 1048576K
}
2017-03-06T07:36:42.408+0100: 2,807: [Rescan (parallel) , 0,0033819 secs]2017-03-06T07:36:42.411+0100: 2,811: [weak refs processing, 0,0003966 secs]2017-03-06T07:36:42.411+0100: 2,811: [class unloading, 0,0028675 secs]2017-03-06T07:36:42.414+0100: 2,814: [scrub symbol table, 0,0024392 secs]2017-03-06T07:36:42.417+0100: 2,816: [scrub string table, 0,0003679 secs][1 CMS-remark: 0K(393216K)] 17530K(502464K), 0,0196264 secs] [Times: user=0,06 sys=0,00, real=0,01 secs] 
2017-03-06T07:36:42.418+0100: 2,817: Total time for which application threads were stopped: 0,0198045 seconds, Stopping threads took: 0,0000663 seconds
2017-03-06T07:36:42.418+0100: 2,817: [CMS-concurrent-sweep-start]
2017-03-06T07:36:42.418+0100: 2,817: [CMS-concurrent-sweep: 0,000/0,000 secs] [Times: user=0,00 sys=0,00, real=0,00 secs] 
2017-03-06T07:36:42.418+0100: 2,817: [CMS-concurrent-reset-start]
2017-03-06T07:36:42.419+0100: 2,819: [CMS-concurrent-reset: 0,001/0,001 secs] [Times: user=0,00 sys=0,00, real=0,01 secs] 
{Heap before GC invocations=5 (full 1):
 par new generation   total 109248K, used 104954K [0x00000000e0000000, 0x00000000e8000000, 0x00000000e8000000)
  eden space 87424K, 100% used [0x00000000e0000000, 0x00000000e5560000, 0x00000000e5560000)
  from space 21824K,  80% used [0x00000000e6ab0000, 0x00000000e7bce900, 0x00000000e8000000)
  to   space 21824K,   0% used [0x00000000e5560000, 0x00000000e5560000, 0x00000000e6ab0000)
 concurrent mark-sweep generation total 393216K, used 0K [0x00000000e8000000, 0x0000000100000000, 0x0000000100000000)
 Metaspace       used 21425K, capacity 21804K, committed 21884K, reserved 1069056K
  class space    used 2475K, capacity 2641K, committed 2684K, reserved 1048576K
2017-03-06T07:36:42.497+0100: 2,897: [GC (Allocation Failure) 2017-03-06T07:36:42.497+0100: 2,897: [ParNew
Desired survivor size 20112992 bytes, new threshold 8 (max 8)
- age   1:     659528 bytes,     659528 total
- age   2:      13392 bytes,     672920 total
- age   3:     174088 bytes,     847008 total
- age   4:    1454760 bytes,    2301768 total
- age   5:     846544 bytes,    3148312 total
- age   6:    6655088 bytes,    9803400 total
: 104954K->12880K(109248K), 0,0094137 secs] 104954K->12880K(502464K), 0,0094827 secs] [Times: user=0,03 sys=0,01, real=0,02 secs] 
Heap after GC invocations=6 (full 1):
 par new generation   total 109248K, used 12880K [0x00000000e0000000, 0x00000000e8000000, 0x00000000e8000000)
  eden space 87424K,   0% used [0x00000000e0000000, 0x00000000e0000000, 0x00000000e5560000)
  from space 21824K,  59% used [0x00000000e5560000, 0x00000000e61f4140, 0x00000000e6ab0000)
  to   space 21824K,   0% used [0x00000000e6ab0000, 0x00000000e6ab0000, 0x00000000e8000000)
 concurrent mark-sweep generation total 393216K, used 0K [0x00000000e8000000, 0x0000000100000000, 0x0000000100000000)
 Metaspace       used 21425K, capacity 21804K, committed 21884K, reserved 1069056K
  class space    used 2475K, capacity 2641K, committed 2684K, reserved 1048576K
}
2017-03-06T07:36:42.506+0100: 2,906: Total time for which application threads were stopped: 0,0098422 seconds, Stopping threads took: 0,0002180 seconds
2017-03-06T07:36:42.541+0100: 2,940: Total time for which application threads were stopped: 0,0003947 seconds, Stopping threads took: 0,0000449 seconds
2017-03-06T07:36:42.753+0100: 3,152: Total time for which application threads were stopped: 0,0004430 seconds, Stopping threads took: 0,0000517 seconds
2017-03-06T07:36:42.769+0100: 3,169: Total time for which application threads were stopped: 0,0004612 seconds, Stopping threads took: 0,0000391 seconds
{Heap before GC invocations=6 (full 1):
 par new generation   total 109248K, used 100304K [0x00000000e0000000, 0x00000000e8000000, 0x00000000e8000000)
  eden space 87424K, 100% used [0x00000000e0000000, 0x00000000e5560000, 0x00000000e5560000)
  from space 21824K,  59% used [0x00000000e5560000, 0x00000000e61f4140, 0x00000000e6ab0000)
  to   space 21824K,   0% used [0x00000000e6ab0000, 0x00000000e6ab0000, 0x00000000e8000000)
 concurrent mark-sweep generation total 393216K, used 0K [0x00000000e8000000, 0x0000000100000000, 0x0000000100000000)
 Metaspace       used 23908K, capacity 24400K, committed 24572K, reserved 1071104K
  class space    used 2822K, capacity 3015K, committed 3068K, reserved 1048576K
2017-03-06T07:36:42.940+0100: 3,340: [GC (Allocation Failure) 2017-03-06T07:36:42.940+0100: 3,340: [ParNew
Desired survivor size 20112992 bytes, new threshold 8 (max 8)
- age   1:    5057464 bytes,    5057464 total
- age   2:     154720 bytes,    5212184 total
- age   3:      13336 bytes,    5225520 total
- age   4:     173240 bytes,    5398760 total
- age   5:     286032 bytes,    5684792 total
- age   6:     822184 bytes,    6506976 total
- age   7:    6646944 bytes,   13153920 total
: 100304K->15473K(109248K), 0,0177938 secs] 100304K->15473K(502464K), 0,0178769 secs] [Times: user=0,06 sys=0,01, real=0,02 secs] 
Heap after GC invocations=7 (full 1):
 par new generation   total 109248K, used 15473K [0x00000000e0000000, 0x00000000e8000000, 0x00000000e8000000)
  eden space 87424K,   0% used [0x00000000e0000000, 0x00000000e0000000, 0x00000000e5560000)
  from space 21824K,  70% used [0x00000000e6ab0000, 0x00000000e79cc568, 0x00000000e8000000)
  to   space 21824K,   0% used [0x00000000e5560000, 0x00000000e5560000, 0x00000000e6ab0000)
 concurrent mark-sweep generation total 393216K, used 0K [0x00000000e8000000, 0x0000000100000000, 0x0000000100000000)
 Metaspace       used 23908K, capacity 24400K, committed 24572K, reserved 1071104K
  class space    used 2822K, capacity 3015K, committed 3068K, reserved 1048576K
}
2017-03-06T07:36:42.958+0100: 3,358: Total time for which application threads were stopped: 0,0181832 seconds, Stopping threads took: 0,0000419 seconds
{Heap before GC invocations=7 (full 1):
 par new generation   total 109248K, used 102897K [0x00000000e0000000, 0x00000000e8000000, 0x00000000e8000000)
  eden space 87424K, 100% used [0x00000000e0000000, 0x00000000e5560000, 0x00000000e5560000)
  from space 21824K,  70% used [0x00000000e6ab0000, 0x00000000e79cc568, 0x00000000e8000000)
  to   space 21824K,   0% used [0x00000000e5560000, 0x00000000e5560000, 0x00000000e6ab0000)
 concurrent mark-sweep generation total 393216K, used 0K [0x00000000e8000000, 0x0000000100000000, 0x0000000100000000)
 Metaspace       used 24356K, capacity 24822K, committed 25084K, reserved 1071104K
  class space    used 2859K, capacity 3048K, committed 3068K, reserved 1048576K
2017-03-06T07:36:43.044+0100: 3,444: [GC (Allocation Failure) 2017-03-06T07:36:43.044+0100: 3,444: [ParNew
Desired survivor size 20112992 bytes, new threshold 8 (max 8)
- age   1:    1793576 bytes,    1793576 total
- age   2:    1721320 bytes,    3514896 total
- age   3:      77768 bytes,    3592664 total
- age   4:       9488 bytes,    3602152 total
- age   5:     101728 bytes,    3703880 total
- age   6:     189904 bytes,    3893784 total
- age   7:     779984 bytes,    4673768 total
- age   8:    6112136 bytes,   10785904 total
: 102897K->16236K(109248K), 0,0171980 secs] 102897K->16236K(502464K), 0,0172820 secs] [Times: user=0,06 sys=0,00, real=0,02 secs] 
Heap after GC invocations=8 (full 1):
 par new generation   total 109248K, used 16236K [0x00000000e0000000, 0x00000000e8000000, 0x00000000e8000000)
  eden space 87424K,   0% used [0x00000000e0000000, 0x00000000e0000000, 0x00000000e5560000)
  from space 21824K,  74% used [0x00000000e5560000, 0x00000000e653b270, 0x00000000e6ab0000)
  to   space 21824K,   0% used [0x00000000e6ab0000, 0x00000000e6ab0000, 0x00000000e8000000)
 concurrent mark-sweep generation total 393216K, used 0K [0x00000000e8000000, 0x0000000100000000, 0x0000000100000000)
 Metaspace       used 24356K, capacity 24822K, committed 25084K, reserved 1071104K
  class space    used 2859K, capacity 3048K, committed 3068K, reserved 1048576K
}
2017-03-06T07:36:43.061+0100: 3,461: Total time for which application threads were stopped: 0,0181860 seconds, Stopping threads took: 0,0007361 seconds
{Heap before GC invocations=8 (full 1):
 par new generation   total 109248K, used 103660K [0x00000000e0000000, 0x00000000e8000000, 0x00000000e8000000)
  eden space 87424K, 100% used [0x00000000e0000000, 0x00000000e5560000, 0x00000000e5560000)
  from space 21824K,  74% used [0x00000000e5560000, 0x00000000e653b270, 0x00000000e6ab0000)
  to   space 21824K,   0% used [0x00000000e6ab0000, 0x00000000e6ab0000, 0x00000000e8000000)
 concurrent mark-sweep generation total 393216K, used 0K [0x00000000e8000000, 0x0000000100000000, 0x0000000100000000)
 Metaspace       used 24776K, capacity 25264K, committed 25468K, reserved 1071104K
  class space    used 2896K, capacity 3085K, committed 3196K, reserved 1048576K
2017-03-06T07:36:43.180+0100: 3,579: [GC (Allocation Failure) 2017-03-06T07:36:43.180+0100: 3,579: [ParNew
Desired survivor size 20112992 bytes, new threshold 8 (max 8)
- age   1:     775200 bytes,     775200 total
- age   2:     959960 bytes,    1735160 total
- age   3:    1698872 bytes,    3434032 total
- age   4:      77704 bytes,    3511736 total
- age   5:       9488 bytes,    3521224 total
- age   6:     101464 bytes,    3622688 total
- age   7:     184464 bytes,    3807152 total
- age   8:     778416 bytes,    4585568 total
: 103660K->6674K(109248K), 0,0293803 secs] 103660K->12725K(502464K), 0,0294467 secs] [Times: user=0,09 sys=0,00, real=0,03 secs] 
Heap after GC invocations=9 (full 1):
 par new generation   total 109248K, used 6674K [0x00000000e0000000, 0x00000000e8000000, 0x00000000e8000000)
  eden space 87424K,   0% used [0x00000000e0000000, 0x00000000e0000000, 0x00000000e5560000)
  from space 21824K,  30% used [0x00000000e6ab0000, 0x00000000e71348e0, 0x00000000e8000000)
  to   space 21824K,   0% used [0x00000000e5560000, 0x00000000e5560000, 0x00000000e6ab0000)
 concurrent mark-sweep generation total 393216K, used 6051K [0x00000000e8000000, 0x0000000100000000, 0x0000000100000000)
 Metaspace       used 24776K, capacity 25264K, committed 25468K, reserved 1071104K
  class space    used 2896K, capacity 3085K, committed 3196K, reserved 1048576K
}
2017-03-06T07:36:43.209+0100: 3,609: Total time for which application threads were stopped: 0,0296747 seconds, Stopping threads took: 0,0000807 seconds
2017-03-06T07:36:43.489+0100: 3,889: Total time for which application threads were stopped: 0,0005021 seconds, Stopping threads took: 0,0000261 seconds
2017-03-06T07:36:43.506+0100: 3,906: Total time for which application threads were stopped: 0,0004830 seconds, Stopping threads took: 0,0000233 seconds
2017-03-06T07:36:43.568+0100: 3,967: Total time for which application threads were stopped: 0,0004927 seconds, Stopping threads took: 0,0000324 seconds
2017-03-06T07:36:43.649+0100: 4,048: Total time for which application threads were stopped: 0,0004429 seconds, Stopping threads took: 0,0000651 seconds
2017-03-06T07:36:43.658+0100: 4,058: Total time for which application threads were stopped: 0,0043917 seconds, Stopping threads took: 0,0042921 seconds
2017-03-06T07:36:43.669+0100: 4,069: Total time for which application threads were stopped: 0,0003949 seconds, Stopping threads took: 0,0003099 seconds
2017-03-06T07:36:43.670+0100: 4,070: Total time for which application threads were stopped: 0,0001277 seconds, Stopping threads took: 0,0000481 seconds
2017-03-06T07:36:43.674+0100: 4,074: Total time for which application threads were stopped: 0,0001366 seconds, Stopping threads took: 0,0000456 seconds
2017-03-06T07:36:43.679+0100: 4,079: Total time for which application threads were stopped: 0,0001063 seconds, Stopping threads took: 0,0000260 seconds
2017-03-06T07:36:43.679+0100: 4,079: Total time for which application threads were stopped: 0,0000745 seconds, Stopping threads took: 0,0000143 seconds
2017-03-06T07:36:43.680+0100: 4,080: Total time for which application threads were stopped: 0,0001050 seconds, Stopping threads took: 0,0000314 seconds
2017-03-06T07:36:43.690+0100: 4,090: Total time for which application threads were stopped: 0,0001410 seconds, Stopping threads took: 0,0000370 seconds
2017-03-06T07:36:43.691+0100: 4,091: Total time for which application threads were stopped: 0,0001215 seconds, Stopping threads took: 0,0000374 seconds
2017-03-06T07:36:43.697+0100: 4,097: Total time for which application threads were stopped: 0,0001375 seconds, Stopping threads took: 0,0000363 seconds
2017-03-06T07:36:43.700+0100: 4,100: Total time for which application threads were stopped: 0,0001495 seconds, Stopping threads took: 0,0000491 seconds
2017-03-06T07:36:43.704+0100: 4,104: Total time for which application threads were stopped: 0,0001403 seconds, Stopping threads took: 0,0000624 seconds
2017-03-06T07:36:43.710+0100: 4,110: Total time for which application threads were stopped: 0,0033089 seconds, Stopping threads took: 0,0032377 seconds
2017-03-06T07:38:35.848+0100: 117,124: Total time for which application threads were stopped: 0,0002201 seconds, Stopping threads took: 0,0000755 seconds
2017-03-06T07:38:40.849+0100: 122,125: Total time for which application threads were stopped: 0,0000652 seconds, Stopping threads took: 0,0000163 seconds
{Heap before GC invocations=9 (full 1):
 par new generation   total 109248K, used 94098K [0x00000000e0000000, 0x00000000e8000000, 0x00000000e8000000)
  eden space 87424K, 100% used [0x00000000e0000000, 0x00000000e5560000, 0x00000000e5560000)
  from space 21824K,  30% used [0x00000000e6ab0000, 0x00000000e71348e0, 0x00000000e8000000)
  to   space 21824K,   0% used [0x00000000e5560000, 0x00000000e5560000, 0x00000000e6ab0000)
 concurrent mark-sweep generation total 393216K, used 6051K [0x00000000e8000000, 0x0000000100000000, 0x0000000100000000)
 Metaspace       used 28001K, capacity 28514K, committed 28796K, reserved 1075200K
  class space    used 3216K, capacity 3394K, committed 3452K, reserved 1048576K
2017-03-06T07:39:29.657+0100: 170,933: [GC (Allocation Failure) 2017-03-06T07:39:29.657+0100: 170,933: [ParNew
Desired survivor size 20112992 bytes, new threshold 8 (max 8)
- age   1:   10884792 bytes,   10884792 total
- age   2:     225304 bytes,   11110096 total
- age   3:     180984 bytes,   11291080 total
- age   4:    1692992 bytes,   12984072 total
- age   5:      77704 bytes,   13061776 total
- age   6:       9488 bytes,   13071264 total
- age   7:     101336 bytes,   13172600 total
- age   8:     184032 bytes,   13356632 total
: 94098K->14986K(109248K), 0,0179165 secs] 100149K->21893K(502464K), 0,0181918 secs] [Times: user=0,03 sys=0,01, real=0,02 secs] 
Heap after GC invocations=10 (full 1):
 par new generation   total 109248K, used 14986K [0x00000000e0000000, 0x00000000e8000000, 0x00000000e8000000)
  eden space 87424K,   0% used [0x00000000e0000000, 0x00000000e0000000, 0x00000000e5560000)
  from space 21824K,  68% used [0x00000000e5560000, 0x00000000e6402830, 0x00000000e6ab0000)
  to   space 21824K,   0% used [0x00000000e6ab0000, 0x00000000e6ab0000, 0x00000000e8000000)
 concurrent mark-sweep generation total 393216K, used 6907K [0x00000000e8000000, 0x0000000100000000, 0x0000000100000000)
 Metaspace       used 28001K, capacity 28514K, committed 28796K, reserved 1075200K
  class space    used 3216K, capacity 3394K, committed 3452K, reserved 1048576K
}
2017-03-06T07:39:29.675+0100: 170,951: Total time for which application threads were stopped: 0,0191009 seconds, Stopping threads took: 0,0003864 seconds
2017-03-06T07:39:30.675+0100: 171,951: Total time for which application threads were stopped: 0,0000637 seconds, Stopping threads took: 0,0000163 seconds
2017-03-06T07:39:39.677+0100: 180,952: Total time for which application threads were stopped: 0,0000822 seconds, Stopping threads took: 0,0000154 seconds
2017-03-06T07:41:09.687+0100: 270,963: Total time for which application threads were stopped: 0,0001773 seconds, Stopping threads took: 0,0000672 seconds
2017-03-06T07:45:25.106+0100: 526,382: Total time for which application threads were stopped: 0,0339513 seconds, Stopping threads took: 0,0338600 seconds
2017-03-06T07:45:25.107+0100: 526,382: Total time for which application threads were stopped: 0,0000676 seconds, Stopping threads took: 0,0000141 seconds
2017-03-06T07:45:25.178+0100: 526,454: Total time for which application threads were stopped: 0,0045669 seconds, Stopping threads took: 0,0044066 seconds
2017-03-06T07:45:25.190+0100: 526,466: Total time for which application threads were stopped: 0,0001538 seconds, Stopping threads took: 0,0000259 seconds
Heap
 par new generation   total 109248K, used 36972K [0x00000000e0000000, 0x00000000e8000000, 0x00000000e8000000)
  eden space 87424K,  25% used [0x00000000e0000000, 0x00000000e1578888, 0x00000000e5560000)
  from space 21824K,  68% used [0x00000000e5560000, 0x00000000e6402830, 0x00000000e6ab0000)
  to   space 21824K,   0% used [0x00000000e6ab0000, 0x00000000e6ab0000, 0x00000000e8000000)
 concurrent mark-sweep generation total 393216K, used 6907K [0x00000000e8000000, 0x0000000100000000, 0x0000000100000000)
 Metaspace       used 28108K, capacity 28618K, committed 28796K, reserved 1075200K
  class space    used 3230K, capacity 3428K, committed 3452K, reserved 1048576K
