OpenJDK 64-Bit Server VM (25.111-b14) for linux-amd64 JRE (1.8.0_111-8u111-b14-2ubuntu0.16.04.2-b14), built on Oct 27 2016 18:10:19 by "buildd" with gcc 5.4.0 20160609
Memory: 4k page, physical 7867800k(7501764k free), swap 8076284k(8076284k free)
CommandLine flags: -XX:CMSInitiatingOccupancyFraction=50 -XX:CMSMaxAbortablePrecleanTime=6000 -XX:+CMSParallelRemarkEnabled -XX:+CMSScavengeBeforeRemark -XX:ConcGCThreads=4 -XX:InitialHeapSize=536870912 -XX:MaxHeapSize=536870912 -XX:MaxTenuringThreshold=8 -XX:NewRatio=3 -XX:OldPLABSize=16 -XX:OnOutOfMemoryError=/opt/solr/bin/oom_solr.sh 8983 /var/solr/logs -XX:ParallelGCThreads=4 -XX:+ParallelRefProcEnabled -XX:PretenureSizeThreshold=67108864 -XX:+PrintGC -XX:+PrintGCApplicationStoppedTime -XX:+PrintGCDateStamps -XX:+PrintGCDetails -XX:+PrintGCTimeStamps -XX:+PrintHeapAtGC -XX:+PrintTenuringDistribution -XX:SurvivorRatio=4 -XX:TargetSurvivorRatio=90 -XX:ThreadStackSize=256 -XX:+UseCMSInitiatingOccupancyOnly -XX:+UseCompressedClassPointers -XX:+UseCompressedOops -XX:+UseConcMarkSweepGC -XX:+UseParNewGC 
2017-02-01T22:17:48.716+0100: 0,132: Total time for which application threads were stopped: 0,0000681 seconds, Stopping threads took: 0,0000091 seconds
2017-02-01T22:17:48.807+0100: 0,223: Total time for which application threads were stopped: 0,0011253 seconds, Stopping threads took: 0,0010284 seconds
2017-02-01T22:17:48.826+0100: 0,242: Total time for which application threads were stopped: 0,0001326 seconds, Stopping threads took: 0,0000205 seconds
2017-02-01T22:17:49.059+0100: 0,475: Total time for which application threads were stopped: 0,0001328 seconds, Stopping threads took: 0,0000126 seconds
2017-02-01T22:17:49.478+0100: 0,894: Total time for which application threads were stopped: 0,0002854 seconds, Stopping threads took: 0,0000302 seconds
2017-02-01T22:17:49.571+0100: 0,986: Total time for which application threads were stopped: 0,0002214 seconds, Stopping threads took: 0,0000217 seconds
2017-02-01T22:17:49.606+0100: 1,021: Total time for which application threads were stopped: 0,0001406 seconds, Stopping threads took: 0,0000186 seconds
2017-02-01T22:17:49.908+0100: 1,324: Total time for which application threads were stopped: 0,0001691 seconds, Stopping threads took: 0,0000203 seconds
2017-02-01T22:17:50.131+0100: 1,546: Total time for which application threads were stopped: 0,0002673 seconds, Stopping threads took: 0,0000169 seconds
2017-02-01T22:17:50.161+0100: 1,577: Total time for which application threads were stopped: 0,0001828 seconds, Stopping threads took: 0,0000124 seconds
2017-02-01T22:17:50.162+0100: 1,578: Total time for which application threads were stopped: 0,0001192 seconds, Stopping threads took: 0,0000183 seconds
2017-02-01T22:17:50.176+0100: 1,592: Total time for which application threads were stopped: 0,0008070 seconds, Stopping threads took: 0,0000701 seconds
2017-02-01T22:17:50.298+0100: 1,713: Total time for which application threads were stopped: 0,0002540 seconds, Stopping threads took: 0,0000360 seconds
2017-02-01T22:17:50.458+0100: 1,874: Total time for which application threads were stopped: 0,0002507 seconds, Stopping threads took: 0,0000397 seconds
{Heap before GC invocations=0 (full 0):
 par new generation   total 109248K, used 87424K [0x00000000e0000000, 0x00000000e8000000, 0x00000000e8000000)
  eden space 87424K, 100% used [0x00000000e0000000, 0x00000000e5560000, 0x00000000e5560000)
  from space 21824K,   0% used [0x00000000e5560000, 0x00000000e5560000, 0x00000000e6ab0000)
  to   space 21824K,   0% used [0x00000000e6ab0000, 0x00000000e6ab0000, 0x00000000e8000000)
 concurrent mark-sweep generation total 393216K, used 0K [0x00000000e8000000, 0x0000000100000000, 0x0000000100000000)
 Metaspace       used 18003K, capacity 18302K, committed 18560K, reserved 1064960K
  class space    used 2046K, capacity 2162K, committed 2176K, reserved 1048576K
2017-02-01T22:17:50.571+0100: 1,987: [GC (Allocation Failure) 2017-02-01T22:17:50.571+0100: 1,987: [ParNew
Desired survivor size 20112992 bytes, new threshold 8 (max 8)
- age   1:   12873752 bytes,   12873752 total
: 87424K->12689K(109248K), 0,0167996 secs] 87424K->12689K(502464K), 0,0168945 secs] [Times: user=0,06 sys=0,01, real=0,02 secs] 
Heap after GC invocations=1 (full 0):
 par new generation   total 109248K, used 12689K [0x00000000e0000000, 0x00000000e8000000, 0x00000000e8000000)
  eden space 87424K,   0% used [0x00000000e0000000, 0x00000000e0000000, 0x00000000e5560000)
  from space 21824K,  58% used [0x00000000e6ab0000, 0x00000000e77144f8, 0x00000000e8000000)
  to   space 21824K,   0% used [0x00000000e5560000, 0x00000000e5560000, 0x00000000e6ab0000)
 concurrent mark-sweep generation total 393216K, used 0K [0x00000000e8000000, 0x0000000100000000, 0x0000000100000000)
 Metaspace       used 18003K, capacity 18302K, committed 18560K, reserved 1064960K
  class space    used 2046K, capacity 2162K, committed 2176K, reserved 1048576K
}
2017-02-01T22:17:50.588+0100: 2,004: Total time for which application threads were stopped: 0,0171113 seconds, Stopping threads took: 0,0000339 seconds
2017-02-01T22:17:50.799+0100: 2,215: Total time for which application threads were stopped: 0,0003025 seconds, Stopping threads took: 0,0000541 seconds
2017-02-01T22:17:50.829+0100: 2,244: Total time for which application threads were stopped: 0,0003996 seconds, Stopping threads took: 0,0001003 seconds
2017-02-01T22:17:50.858+0100: 2,273: Total time for which application threads were stopped: 0,0003390 seconds, Stopping threads took: 0,0000597 seconds
{Heap before GC invocations=1 (full 0):
 par new generation   total 109248K, used 100113K [0x00000000e0000000, 0x00000000e8000000, 0x00000000e8000000)
  eden space 87424K, 100% used [0x00000000e0000000, 0x00000000e5560000, 0x00000000e5560000)
  from space 21824K,  58% used [0x00000000e6ab0000, 0x00000000e77144f8, 0x00000000e8000000)
  to   space 21824K,   0% used [0x00000000e5560000, 0x00000000e5560000, 0x00000000e6ab0000)
 concurrent mark-sweep generation total 393216K, used 0K [0x00000000e8000000, 0x0000000100000000, 0x0000000100000000)
 Metaspace       used 20497K, capacity 20796K, committed 20992K, reserved 1067008K
  class space    used 2372K, capacity 2489K, committed 2560K, reserved 1048576K
2017-02-01T22:17:50.981+0100: 2,397: [GC (Allocation Failure) 2017-02-01T22:17:50.982+0100: 2,397: [ParNew
Desired survivor size 20112992 bytes, new threshold 8 (max 8)
- age   1:    3925312 bytes,    3925312 total
- age   2:    6614224 bytes,   10539536 total
: 100113K->13877K(109248K), 0,0116144 secs] 100113K->13877K(502464K), 0,0116931 secs] [Times: user=0,03 sys=0,00, real=0,01 secs] 
Heap after GC invocations=2 (full 0):
 par new generation   total 109248K, used 13877K [0x00000000e0000000, 0x00000000e8000000, 0x00000000e8000000)
  eden space 87424K,   0% used [0x00000000e0000000, 0x00000000e0000000, 0x00000000e5560000)
  from space 21824K,  63% used [0x00000000e5560000, 0x00000000e62ed7f8, 0x00000000e6ab0000)
  to   space 21824K,   0% used [0x00000000e6ab0000, 0x00000000e6ab0000, 0x00000000e8000000)
 concurrent mark-sweep generation total 393216K, used 0K [0x00000000e8000000, 0x0000000100000000, 0x0000000100000000)
 Metaspace       used 20497K, capacity 20796K, committed 20992K, reserved 1067008K
  class space    used 2372K, capacity 2489K, committed 2560K, reserved 1048576K
}
2017-02-01T22:17:50.993+0100: 2,409: Total time for which application threads were stopped: 0,0119167 seconds, Stopping threads took: 0,0000296 seconds
2017-02-01T22:17:51.038+0100: 2,454: Total time for which application threads were stopped: 0,0001492 seconds, Stopping threads took: 0,0000611 seconds
2017-02-01T22:17:51.063+0100: 2,479: Total time for which application threads were stopped: 0,0028064 seconds, Stopping threads took: 0,0027097 seconds
2017-02-01T22:17:51.107+0100: 2,522: Total time for which application threads were stopped: 0,0007185 seconds, Stopping threads took: 0,0006333 seconds
{Heap before GC invocations=2 (full 0):
 par new generation   total 109248K, used 101301K [0x00000000e0000000, 0x00000000e8000000, 0x00000000e8000000)
  eden space 87424K, 100% used [0x00000000e0000000, 0x00000000e5560000, 0x00000000e5560000)
  from space 21824K,  63% used [0x00000000e5560000, 0x00000000e62ed7f8, 0x00000000e6ab0000)
  to   space 21824K,   0% used [0x00000000e6ab0000, 0x00000000e6ab0000, 0x00000000e8000000)
 concurrent mark-sweep generation total 393216K, used 0K [0x00000000e8000000, 0x0000000100000000, 0x0000000100000000)
 Metaspace       used 21769K, capacity 22168K, committed 22292K, reserved 1069056K
  class space    used 2528K, capacity 2686K, committed 2760K, reserved 1048576K
2017-02-01T22:17:51.158+0100: 2,574: [GC (Allocation Failure) 2017-02-01T22:17:51.158+0100: 2,574: [ParNew
Desired survivor size 20112992 bytes, new threshold 8 (max 8)
- age   1:    1422600 bytes,    1422600 total
- age   2:    1626784 bytes,    3049384 total
- age   3:    6600248 bytes,    9649632 total
: 101301K->11684K(109248K), 0,0096851 secs] 101301K->11684K(502464K), 0,0097729 secs] [Times: user=0,03 sys=0,00, real=0,02 secs] 
Heap after GC invocations=3 (full 0):
 par new generation   total 109248K, used 11684K [0x00000000e0000000, 0x00000000e8000000, 0x00000000e8000000)
  eden space 87424K,   0% used [0x00000000e0000000, 0x00000000e0000000, 0x00000000e5560000)
  from space 21824K,  53% used [0x00000000e6ab0000, 0x00000000e7619180, 0x00000000e8000000)
  to   space 21824K,   0% used [0x00000000e5560000, 0x00000000e5560000, 0x00000000e6ab0000)
 concurrent mark-sweep generation total 393216K, used 0K [0x00000000e8000000, 0x0000000100000000, 0x0000000100000000)
 Metaspace       used 21769K, capacity 22168K, committed 22292K, reserved 1069056K
  class space    used 2528K, capacity 2686K, committed 2760K, reserved 1048576K
}
2017-02-01T22:17:51.168+0100: 2,584: Total time for which application threads were stopped: 0,0099967 seconds, Stopping threads took: 0,0000692 seconds
2017-02-01T22:17:51.169+0100: 2,584: [GC (CMS Initial Mark) [1 CMS-initial-mark: 0K(393216K)] 12646K(502464K), 0,0033686 secs] [Times: user=0,01 sys=0,00, real=0,00 secs] 
2017-02-01T22:17:51.172+0100: 2,588: Total time for which application threads were stopped: 0,0035049 seconds, Stopping threads took: 0,0000442 seconds
2017-02-01T22:17:51.172+0100: 2,588: [CMS-concurrent-mark-start]
2017-02-01T22:17:51.173+0100: 2,588: [CMS-concurrent-mark: 0,001/0,001 secs] [Times: user=0,01 sys=0,00, real=0,00 secs] 
2017-02-01T22:17:51.173+0100: 2,588: [CMS-concurrent-preclean-start]
2017-02-01T22:17:51.174+0100: 2,590: [CMS-concurrent-preclean: 0,001/0,001 secs] [Times: user=0,00 sys=0,00, real=0,00 secs] 
2017-02-01T22:17:51.174+0100: 2,590: [CMS-concurrent-abortable-preclean-start]
2017-02-01T22:17:51.233+0100: 2,649: Total time for which application threads were stopped: 0,0002430 seconds, Stopping threads took: 0,0001377 seconds
{Heap before GC invocations=3 (full 1):
 par new generation   total 109248K, used 99108K [0x00000000e0000000, 0x00000000e8000000, 0x00000000e8000000)
  eden space 87424K, 100% used [0x00000000e0000000, 0x00000000e5560000, 0x00000000e5560000)
  from space 21824K,  53% used [0x00000000e6ab0000, 0x00000000e7619180, 0x00000000e8000000)
  to   space 21824K,   0% used [0x00000000e5560000, 0x00000000e5560000, 0x00000000e6ab0000)
 concurrent mark-sweep generation total 393216K, used 0K [0x00000000e8000000, 0x0000000100000000, 0x0000000100000000)
 Metaspace       used 21997K, capacity 22378K, committed 22548K, reserved 1069056K
  class space    used 2557K, capacity 2689K, committed 2760K, reserved 1048576K
2017-02-01T22:17:51.283+0100: 2,698: [GC (Allocation Failure) 2017-02-01T22:17:51.283+0100: 2,698: [ParNew
Desired survivor size 20112992 bytes, new threshold 8 (max 8)
- age   1:     320432 bytes,     320432 total
- age   2:     387728 bytes,     708160 total
- age   3:    1238440 bytes,    1946600 total
- age   4:    6590328 bytes,    8536928 total
: 99108K->12792K(109248K), 0,0127289 secs] 99108K->12792K(502464K), 0,0127867 secs] [Times: user=0,04 sys=0,00, real=0,01 secs] 
Heap after GC invocations=4 (full 1):
 par new generation   total 109248K, used 12792K [0x00000000e0000000, 0x00000000e8000000, 0x00000000e8000000)
  eden space 87424K,   0% used [0x00000000e0000000, 0x00000000e0000000, 0x00000000e5560000)
  from space 21824K,  58% used [0x00000000e5560000, 0x00000000e61de030, 0x00000000e6ab0000)
  to   space 21824K,   0% used [0x00000000e6ab0000, 0x00000000e6ab0000, 0x00000000e8000000)
 concurrent mark-sweep generation total 393216K, used 0K [0x00000000e8000000, 0x0000000100000000, 0x0000000100000000)
 Metaspace       used 21997K, capacity 22378K, committed 22548K, reserved 1069056K
  class space    used 2557K, capacity 2689K, committed 2760K, reserved 1048576K
}
2017-02-01T22:17:51.295+0100: 2,711: Total time for which application threads were stopped: 0,0129495 seconds, Stopping threads took: 0,0000384 seconds
2017-02-01T22:17:51.295+0100: 2,711: [CMS-concurrent-abortable-preclean: 0,060/0,121 secs] [Times: user=0,46 sys=0,00, real=0,12 secs] 
2017-02-01T22:17:51.301+0100: 2,717: [GC (CMS Final Remark) [YG occupancy: 14576 K (109248 K)]{Heap before GC invocations=4 (full 1):
 par new generation   total 109248K, used 14576K [0x00000000e0000000, 0x00000000e8000000, 0x00000000e8000000)
  eden space 87424K,   2% used [0x00000000e0000000, 0x00000000e01be170, 0x00000000e5560000)
  from space 21824K,  58% used [0x00000000e5560000, 0x00000000e61de030, 0x00000000e6ab0000)
  to   space 21824K,   0% used [0x00000000e6ab0000, 0x00000000e6ab0000, 0x00000000e8000000)
 concurrent mark-sweep generation total 393216K, used 0K [0x00000000e8000000, 0x0000000100000000, 0x0000000100000000)
 Metaspace       used 22039K, capacity 22410K, committed 22548K, reserved 1069056K
  class space    used 2564K, capacity 2721K, committed 2760K, reserved 1048576K
2017-02-01T22:17:51.301+0100: 2,717: [GC (CMS Final Remark) 2017-02-01T22:17:51.301+0100: 2,717: [ParNew
Desired survivor size 20112992 bytes, new threshold 8 (max 8)
- age   1:      71440 bytes,      71440 total
- age   2:     320368 bytes,     391808 total
- age   3:     387728 bytes,     779536 total
- age   4:    1238312 bytes,    2017848 total
- age   5:    6590336 bytes,    8608184 total
: 14576K->10540K(109248K), 0,0133932 secs] 14576K->10540K(502464K), 0,0134316 secs] [Times: user=0,04 sys=0,00, real=0,01 secs] 
Heap after GC invocations=5 (full 1):
 par new generation   total 109248K, used 10540K [0x00000000e0000000, 0x00000000e8000000, 0x00000000e8000000)
  eden space 87424K,   0% used [0x00000000e0000000, 0x00000000e0000000, 0x00000000e5560000)
  from space 21824K,  48% used [0x00000000e6ab0000, 0x00000000e74fb1e0, 0x00000000e8000000)
  to   space 21824K,   0% used [0x00000000e5560000, 0x00000000e5560000, 0x00000000e6ab0000)
 concurrent mark-sweep generation total 393216K, used 0K [0x00000000e8000000, 0x0000000100000000, 0x0000000100000000)
 Metaspace       used 22039K, capacity 22410K, committed 22548K, reserved 1069056K
  class space    used 2564K, capacity 2721K, committed 2760K, reserved 1048576K
}
2017-02-01T22:17:51.315+0100: 2,730: [Rescan (parallel) , 0,0031820 secs]2017-02-01T22:17:51.318+0100: 2,734: [weak refs processing, 0,0007259 secs]2017-02-01T22:17:51.319+0100: 2,734: [class unloading, 0,0028945 secs]2017-02-01T22:17:51.322+0100: 2,737: [scrub symbol table, 0,0028650 secs]2017-02-01T22:17:51.324+0100: 2,740: [scrub string table, 0,0004177 secs][1 CMS-remark: 0K(393216K)] 10540K(502464K), 0,0242015 secs] [Times: user=0,06 sys=0,00, real=0,02 secs] 
2017-02-01T22:17:51.325+0100: 2,741: Total time for which application threads were stopped: 0,0243455 seconds, Stopping threads took: 0,0000614 seconds
2017-02-01T22:17:51.325+0100: 2,741: [CMS-concurrent-sweep-start]
2017-02-01T22:17:51.326+0100: 2,741: [CMS-concurrent-sweep: 0,000/0,000 secs] [Times: user=0,00 sys=0,00, real=0,00 secs] 
2017-02-01T22:17:51.326+0100: 2,741: [CMS-concurrent-reset-start]
2017-02-01T22:17:51.327+0100: 2,742: [CMS-concurrent-reset: 0,001/0,001 secs] [Times: user=0,00 sys=0,01, real=0,01 secs] 
2017-02-01T22:17:51.334+0100: 2,750: Total time for which application threads were stopped: 0,0003320 seconds, Stopping threads took: 0,0000617 seconds
2017-02-01T22:17:51.539+0100: 2,955: Total time for which application threads were stopped: 0,0005054 seconds, Stopping threads took: 0,0000469 seconds
2017-02-01T22:17:51.555+0100: 2,971: Total time for which application threads were stopped: 0,0004543 seconds, Stopping threads took: 0,0000474 seconds
{Heap before GC invocations=5 (full 1):
 par new generation   total 109248K, used 97964K [0x00000000e0000000, 0x00000000e8000000, 0x00000000e8000000)
  eden space 87424K, 100% used [0x00000000e0000000, 0x00000000e5560000, 0x00000000e5560000)
  from space 21824K,  48% used [0x00000000e6ab0000, 0x00000000e74fb1e0, 0x00000000e8000000)
  to   space 21824K,   0% used [0x00000000e5560000, 0x00000000e5560000, 0x00000000e6ab0000)
 concurrent mark-sweep generation total 393216K, used 0K [0x00000000e8000000, 0x0000000100000000, 0x0000000100000000)
 Metaspace       used 25864K, capacity 26284K, committed 26568K, reserved 1073152K
  class space    used 3035K, capacity 3160K, committed 3272K, reserved 1048576K
2017-02-01T22:17:51.776+0100: 3,192: [GC (Allocation Failure) 2017-02-01T22:17:51.776+0100: 3,192: [ParNew
Desired survivor size 20112992 bytes, new threshold 8 (max 8)
- age   1:    5052168 bytes,    5052168 total
- age   2:       3056 bytes,    5055224 total
- age   3:     154568 bytes,    5209792 total
- age   4:     374240 bytes,    5584032 total
- age   5:     675552 bytes,    6259584 total
- age   6:    6584144 bytes,   12843728 total
: 97964K->18397K(109248K), 0,0255738 secs] 97964K->18397K(502464K), 0,0256710 secs] [Times: user=0,04 sys=0,02, real=0,03 secs] 
Heap after GC invocations=6 (full 1):
 par new generation   total 109248K, used 18397K [0x00000000e0000000, 0x00000000e8000000, 0x00000000e8000000)
  eden space 87424K,   0% used [0x00000000e0000000, 0x00000000e0000000, 0x00000000e5560000)
  from space 21824K,  84% used [0x00000000e5560000, 0x00000000e67574c0, 0x00000000e6ab0000)
  to   space 21824K,   0% used [0x00000000e6ab0000, 0x00000000e6ab0000, 0x00000000e8000000)
 concurrent mark-sweep generation total 393216K, used 0K [0x00000000e8000000, 0x0000000100000000, 0x0000000100000000)
 Metaspace       used 25864K, capacity 26284K, committed 26568K, reserved 1073152K
  class space    used 3035K, capacity 3160K, committed 3272K, reserved 1048576K
}
2017-02-01T22:17:51.802+0100: 3,217: Total time for which application threads were stopped: 0,0259174 seconds, Stopping threads took: 0,0000364 seconds
2017-02-01T22:17:52.015+0100: 3,431: Total time for which application threads were stopped: 0,0003740 seconds, Stopping threads took: 0,0000160 seconds
2017-02-01T22:17:52.636+0100: 4,052: Total time for which application threads were stopped: 0,0003334 seconds, Stopping threads took: 0,0000157 seconds
2017-02-01T22:18:20.639+0100: 32,055: Total time for which application threads were stopped: 0,0000583 seconds, Stopping threads took: 0,0000154 seconds
2017-02-01T22:20:20.656+0100: 152,072: Total time for which application threads were stopped: 0,0000878 seconds, Stopping threads took: 0,0000391 seconds
2017-02-01T22:20:25.657+0100: 157,072: Total time for which application threads were stopped: 0,0000761 seconds, Stopping threads took: 0,0000311 seconds
2017-02-01T22:20:49.661+0100: 181,077: Total time for which application threads were stopped: 0,0001462 seconds, Stopping threads took: 0,0000384 seconds
2017-02-01T22:22:19.676+0100: 271,091: Total time for which application threads were stopped: 0,0000893 seconds, Stopping threads took: 0,0000391 seconds
2017-02-01T22:41:24.819+0100: 1416,235: Total time for which application threads were stopped: 0,0001021 seconds, Stopping threads took: 0,0000408 seconds
2017-02-01T22:46:29.846+0100: 1721,261: Total time for which application threads were stopped: 0,0000957 seconds, Stopping threads took: 0,0000376 seconds
2017-02-01T22:56:24.906+0100: 2316,322: Total time for which application threads were stopped: 0,0003940 seconds, Stopping threads took: 0,0001889 seconds
2017-02-01T22:56:25.907+0100: 2317,322: Total time for which application threads were stopped: 0,0000905 seconds, Stopping threads took: 0,0000202 seconds
2017-02-01T23:11:05.999+0100: 3197,415: Total time for which application threads were stopped: 0,0001114 seconds, Stopping threads took: 0,0000458 seconds
2017-02-01T23:22:10.077+0100: 3861,492: Total time for which application threads were stopped: 0,0001869 seconds, Stopping threads took: 0,0001227 seconds
2017-02-01T23:24:20.092+0100: 3991,508: Total time for which application threads were stopped: 0,0001646 seconds, Stopping threads took: 0,0000595 seconds
2017-02-01T23:24:50.097+0100: 4021,512: Total time for which application threads were stopped: 0,0002489 seconds, Stopping threads took: 0,0001781 seconds
2017-02-01T23:31:36.141+0100: 4427,557: Total time for which application threads were stopped: 0,0000745 seconds, Stopping threads took: 0,0000290 seconds
2017-02-01T23:37:20.177+0100: 4771,593: Total time for which application threads were stopped: 0,0000869 seconds, Stopping threads took: 0,0000238 seconds
2017-02-01T23:37:32.543+0100: 4783,959: Total time for which application threads were stopped: 0,0001872 seconds, Stopping threads took: 0,0000165 seconds
Heap
 par new generation   total 109248K, used 78125K [0x00000000e0000000, 0x00000000e8000000, 0x00000000e8000000)
  eden space 87424K,  68% used [0x00000000e0000000, 0x00000000e3a54240, 0x00000000e5560000)
  from space 21824K,  84% used [0x00000000e5560000, 0x00000000e67574c0, 0x00000000e6ab0000)
  to   space 21824K,   0% used [0x00000000e6ab0000, 0x00000000e6ab0000, 0x00000000e8000000)
 concurrent mark-sweep generation total 393216K, used 0K [0x00000000e8000000, 0x0000000100000000, 0x0000000100000000)
 Metaspace       used 28790K, capacity 29282K, committed 29640K, reserved 1075200K
  class space    used 3345K, capacity 3493K, committed 3528K, reserved 1048576K
