OpenJDK 64-Bit Server VM (25.111-b14) for linux-amd64 JRE (1.8.0_111-8u111-b14-2ubuntu0.16.04.2-b14), built on Oct 27 2016 18:10:19 by "buildd" with gcc 5.4.0 20160609
Memory: 4k page, physical 7867840k(7460432k free), swap 8076284k(8076284k free)
CommandLine flags: -XX:CMSInitiatingOccupancyFraction=50 -XX:CMSMaxAbortablePrecleanTime=6000 -XX:+CMSParallelRemarkEnabled -XX:+CMSScavengeBeforeRemark -XX:ConcGCThreads=4 -XX:InitialHeapSize=536870912 -XX:MaxHeapSize=536870912 -XX:MaxTenuringThreshold=8 -XX:NewRatio=3 -XX:OldPLABSize=16 -XX:OnOutOfMemoryError=/opt/solr/bin/oom_solr.sh 8983 /var/solr/logs -XX:ParallelGCThreads=4 -XX:+ParallelRefProcEnabled -XX:PretenureSizeThreshold=67108864 -XX:+PrintGC -XX:+PrintGCApplicationStoppedTime -XX:+PrintGCDateStamps -XX:+PrintGCDetails -XX:+PrintGCTimeStamps -XX:+PrintHeapAtGC -XX:+PrintTenuringDistribution -XX:SurvivorRatio=4 -XX:TargetSurvivorRatio=90 -XX:ThreadStackSize=256 -XX:+UseCMSInitiatingOccupancyOnly -XX:+UseCompressedClassPointers -XX:+UseCompressedOops -XX:+UseConcMarkSweepGC -XX:+UseParNewGC 
2016-12-07T00:58:14.523+0100: 0,118: Total time for which application threads were stopped: 0,0000721 seconds, Stopping threads took: 0,0000126 seconds
2016-12-07T00:58:14.590+0100: 0,185: Total time for which application threads were stopped: 0,0000949 seconds, Stopping threads took: 0,0000147 seconds
2016-12-07T00:58:14.603+0100: 0,199: Total time for which application threads were stopped: 0,0010400 seconds, Stopping threads took: 0,0009619 seconds
2016-12-07T00:58:14.723+0100: 0,318: Total time for which application threads were stopped: 0,0001317 seconds, Stopping threads took: 0,0000146 seconds
2016-12-07T00:58:14.868+0100: 0,464: Total time for which application threads were stopped: 0,0001070 seconds, Stopping threads took: 0,0000092 seconds
2016-12-07T00:58:14.909+0100: 0,505: Total time for which application threads were stopped: 0,0001471 seconds, Stopping threads took: 0,0000212 seconds
2016-12-07T00:58:14.924+0100: 0,520: Total time for which application threads were stopped: 0,0002617 seconds, Stopping threads took: 0,0001137 seconds
2016-12-07T00:58:15.099+0100: 0,694: Total time for which application threads were stopped: 0,0002349 seconds, Stopping threads took: 0,0000245 seconds
2016-12-07T00:58:15.330+0100: 0,925: Total time for which application threads were stopped: 0,0001952 seconds, Stopping threads took: 0,0000117 seconds
2016-12-07T00:58:15.348+0100: 0,944: Total time for which application threads were stopped: 0,0001799 seconds, Stopping threads took: 0,0000126 seconds
2016-12-07T00:58:15.349+0100: 0,945: Total time for which application threads were stopped: 0,0001066 seconds, Stopping threads took: 0,0000149 seconds
2016-12-07T00:58:15.360+0100: 0,955: Total time for which application threads were stopped: 0,0001663 seconds, Stopping threads took: 0,0000211 seconds
2016-12-07T00:58:15.427+0100: 1,022: Total time for which application threads were stopped: 0,0002595 seconds, Stopping threads took: 0,0000284 seconds
2016-12-07T00:58:15.639+0100: 1,235: Total time for which application threads were stopped: 0,0004703 seconds, Stopping threads took: 0,0002702 seconds
{Heap before GC invocations=0 (full 0):
 par new generation   total 109248K, used 87424K [0x00000000e0000000, 0x00000000e8000000, 0x00000000e8000000)
  eden space 87424K, 100% used [0x00000000e0000000, 0x00000000e5560000, 0x00000000e5560000)
  from space 21824K,   0% used [0x00000000e5560000, 0x00000000e5560000, 0x00000000e6ab0000)
  to   space 21824K,   0% used [0x00000000e6ab0000, 0x00000000e6ab0000, 0x00000000e8000000)
 concurrent mark-sweep generation total 393216K, used 0K [0x00000000e8000000, 0x0000000100000000, 0x0000000100000000)
 Metaspace       used 17832K, capacity 18078K, committed 18304K, reserved 1064960K
  class space    used 2029K, capacity 2130K, committed 2176K, reserved 1048576K
2016-12-07T00:58:15.791+0100: 1,387: [GC (Allocation Failure) 2016-12-07T00:58:15.791+0100: 1,387: [ParNew
Desired survivor size 20112992 bytes, new threshold 8 (max 8)
- age   1:   11664168 bytes,   11664168 total
: 87424K->11508K(109248K), 0,0405298 secs] 87424K->11508K(502464K), 0,0406271 secs] [Times: user=0,05 sys=0,01, real=0,04 secs] 
Heap after GC invocations=1 (full 0):
 par new generation   total 109248K, used 11508K [0x00000000e0000000, 0x00000000e8000000, 0x00000000e8000000)
  eden space 87424K,   0% used [0x00000000e0000000, 0x00000000e0000000, 0x00000000e5560000)
  from space 21824K,  52% used [0x00000000e6ab0000, 0x00000000e75ed230, 0x00000000e8000000)
  to   space 21824K,   0% used [0x00000000e5560000, 0x00000000e5560000, 0x00000000e6ab0000)
 concurrent mark-sweep generation total 393216K, used 0K [0x00000000e8000000, 0x0000000100000000, 0x0000000100000000)
 Metaspace       used 17832K, capacity 18078K, committed 18304K, reserved 1064960K
  class space    used 2029K, capacity 2130K, committed 2176K, reserved 1048576K
}
2016-12-07T00:58:15.832+0100: 1,427: Total time for which application threads were stopped: 0,0408354 seconds, Stopping threads took: 0,0000177 seconds
2016-12-07T00:58:16.490+0100: 2,085: Total time for which application threads were stopped: 0,0003048 seconds, Stopping threads took: 0,0000301 seconds
2016-12-07T00:58:16.563+0100: 2,158: Total time for which application threads were stopped: 0,0003628 seconds, Stopping threads took: 0,0000402 seconds
2016-12-07T00:58:16.659+0100: 2,255: Total time for which application threads were stopped: 0,0003403 seconds, Stopping threads took: 0,0000403 seconds
{Heap before GC invocations=1 (full 0):
 par new generation   total 109248K, used 98932K [0x00000000e0000000, 0x00000000e8000000, 0x00000000e8000000)
  eden space 87424K, 100% used [0x00000000e0000000, 0x00000000e5560000, 0x00000000e5560000)
  from space 21824K,  52% used [0x00000000e6ab0000, 0x00000000e75ed230, 0x00000000e8000000)
  to   space 21824K,   0% used [0x00000000e5560000, 0x00000000e5560000, 0x00000000e6ab0000)
 concurrent mark-sweep generation total 393216K, used 0K [0x00000000e8000000, 0x0000000100000000, 0x0000000100000000)
 Metaspace       used 20720K, capacity 21074K, committed 21248K, reserved 1069056K
  class space    used 2402K, capacity 2516K, committed 2560K, reserved 1048576K
2016-12-07T00:58:16.901+0100: 2,497: [GC (Allocation Failure) 2016-12-07T00:58:16.902+0100: 2,497: [ParNew
Desired survivor size 20112992 bytes, new threshold 8 (max 8)
- age   1:    3524088 bytes,    3524088 total
- age   2:    5955432 bytes,    9479520 total
: 98932K->12561K(109248K), 0,0195972 secs] 98932K->12561K(502464K), 0,0196796 secs] [Times: user=0,06 sys=0,00, real=0,02 secs] 
Heap after GC invocations=2 (full 0):
 par new generation   total 109248K, used 12561K [0x00000000e0000000, 0x00000000e8000000, 0x00000000e8000000)
  eden space 87424K,   0% used [0x00000000e0000000, 0x00000000e0000000, 0x00000000e5560000)
  from space 21824K,  57% used [0x00000000e5560000, 0x00000000e61a47f8, 0x00000000e6ab0000)
  to   space 21824K,   0% used [0x00000000e6ab0000, 0x00000000e6ab0000, 0x00000000e8000000)
 concurrent mark-sweep generation total 393216K, used 0K [0x00000000e8000000, 0x0000000100000000, 0x0000000100000000)
 Metaspace       used 20720K, capacity 21074K, committed 21248K, reserved 1069056K
  class space    used 2402K, capacity 2516K, committed 2560K, reserved 1048576K
}
2016-12-07T00:58:16.921+0100: 2,517: Total time for which application threads were stopped: 0,0199309 seconds, Stopping threads took: 0,0000509 seconds
2016-12-07T00:58:17.018+0100: 2,614: Total time for which application threads were stopped: 0,0000771 seconds, Stopping threads took: 0,0000136 seconds
2016-12-07T00:58:17.069+0100: 2,665: Total time for which application threads were stopped: 0,0000833 seconds, Stopping threads took: 0,0000174 seconds
2016-12-07T00:58:17.070+0100: 2,665: Total time for which application threads were stopped: 0,0002396 seconds, Stopping threads took: 0,0000098 seconds
2016-12-07T00:58:17.096+0100: 2,691: Total time for which application threads were stopped: 0,0000746 seconds, Stopping threads took: 0,0000131 seconds
2016-12-07T00:58:17.185+0100: 2,780: Total time for which application threads were stopped: 0,0001347 seconds, Stopping threads took: 0,0000221 seconds
2016-12-07T00:58:17.205+0100: 2,800: Total time for which application threads were stopped: 0,0001028 seconds, Stopping threads took: 0,0000239 seconds
2016-12-07T00:58:17.212+0100: 2,807: Total time for which application threads were stopped: 0,0002687 seconds, Stopping threads took: 0,0000125 seconds
2016-12-07T00:58:17.219+0100: 2,815: Total time for which application threads were stopped: 0,0002709 seconds, Stopping threads took: 0,0000276 seconds
2016-12-07T00:58:17.226+0100: 2,821: Total time for which application threads were stopped: 0,0001395 seconds, Stopping threads took: 0,0000758 seconds
2016-12-07T00:58:17.251+0100: 2,846: Total time for which application threads were stopped: 0,0000864 seconds, Stopping threads took: 0,0000200 seconds
2016-12-07T00:58:17.268+0100: 2,863: Total time for which application threads were stopped: 0,0000766 seconds, Stopping threads took: 0,0000150 seconds
2016-12-07T00:58:17.288+0100: 2,883: Total time for which application threads were stopped: 0,0000781 seconds, Stopping threads took: 0,0000123 seconds
2016-12-07T00:58:17.307+0100: 2,903: Total time for which application threads were stopped: 0,0000809 seconds, Stopping threads took: 0,0000152 seconds
2016-12-07T00:58:17.342+0100: 2,937: Total time for which application threads were stopped: 0,0001479 seconds, Stopping threads took: 0,0000277 seconds
2016-12-07T00:58:17.394+0100: 2,989: Total time for which application threads were stopped: 0,0001190 seconds, Stopping threads took: 0,0000342 seconds
{Heap before GC invocations=2 (full 0):
 par new generation   total 109248K, used 99985K [0x00000000e0000000, 0x00000000e8000000, 0x00000000e8000000)
  eden space 87424K, 100% used [0x00000000e0000000, 0x00000000e5560000, 0x00000000e5560000)
  from space 21824K,  57% used [0x00000000e5560000, 0x00000000e61a47f8, 0x00000000e6ab0000)
  to   space 21824K,   0% used [0x00000000e6ab0000, 0x00000000e6ab0000, 0x00000000e8000000)
 concurrent mark-sweep generation total 393216K, used 0K [0x00000000e8000000, 0x0000000100000000, 0x0000000100000000)
 Metaspace       used 24618K, capacity 25029K, committed 25280K, reserved 1071104K
  class space    used 2878K, capacity 3025K, committed 3144K, reserved 1048576K
2016-12-07T00:58:17.415+0100: 3,010: [GC (Allocation Failure) 2016-12-07T00:58:17.415+0100: 3,010: [ParNew
Desired survivor size 20112992 bytes, new threshold 8 (max 8)
- age   1:    4637616 bytes,    4637616 total
- age   2:     680736 bytes,    5318352 total
- age   3:    5946864 bytes,   11265216 total
: 99985K->14481K(109248K), 0,0104017 secs] 99985K->14481K(502464K), 0,0104771 secs] [Times: user=0,03 sys=0,00, real=0,02 secs] 
Heap after GC invocations=3 (full 0):
 par new generation   total 109248K, used 14481K [0x00000000e0000000, 0x00000000e8000000, 0x00000000e8000000)
  eden space 87424K,   0% used [0x00000000e0000000, 0x00000000e0000000, 0x00000000e5560000)
  from space 21824K,  66% used [0x00000000e6ab0000, 0x00000000e78d4448, 0x00000000e8000000)
  to   space 21824K,   0% used [0x00000000e5560000, 0x00000000e5560000, 0x00000000e6ab0000)
 concurrent mark-sweep generation total 393216K, used 0K [0x00000000e8000000, 0x0000000100000000, 0x0000000100000000)
 Metaspace       used 24618K, capacity 25029K, committed 25280K, reserved 1071104K
  class space    used 2878K, capacity 3025K, committed 3144K, reserved 1048576K
}
2016-12-07T00:58:17.425+0100: 3,021: Total time for which application threads were stopped: 0,0107880 seconds, Stopping threads took: 0,0001845 seconds
2016-12-07T00:58:17.425+0100: 3,021: [GC (CMS Initial Mark) [1 CMS-initial-mark: 0K(393216K)] 14481K(502464K), 0,0026197 secs] [Times: user=0,01 sys=0,00, real=0,00 secs] 
2016-12-07T00:58:17.428+0100: 3,023: Total time for which application threads were stopped: 0,0027480 seconds, Stopping threads took: 0,0000489 seconds
2016-12-07T00:58:17.428+0100: 3,023: [CMS-concurrent-mark-start]
2016-12-07T00:58:17.428+0100: 3,024: [CMS-concurrent-mark: 0,000/0,000 secs] [Times: user=0,00 sys=0,00, real=0,00 secs] 
2016-12-07T00:58:17.429+0100: 3,024: [CMS-concurrent-preclean-start]
2016-12-07T00:58:17.429+0100: 3,025: [CMS-concurrent-preclean: 0,001/0,001 secs] [Times: user=0,01 sys=0,00, real=0,00 secs] 
2016-12-07T00:58:17.430+0100: 3,025: [GC (CMS Final Remark) [YG occupancy: 14918 K (109248 K)]{Heap before GC invocations=3 (full 1):
 par new generation   total 109248K, used 14918K [0x00000000e0000000, 0x00000000e8000000, 0x00000000e8000000)
  eden space 87424K,   0% used [0x00000000e0000000, 0x00000000e006d4e0, 0x00000000e5560000)
  from space 21824K,  66% used [0x00000000e6ab0000, 0x00000000e78d4448, 0x00000000e8000000)
  to   space 21824K,   0% used [0x00000000e5560000, 0x00000000e5560000, 0x00000000e6ab0000)
 concurrent mark-sweep generation total 393216K, used 0K [0x00000000e8000000, 0x0000000100000000, 0x0000000100000000)
 Metaspace       used 24618K, capacity 25029K, committed 25280K, reserved 1071104K
  class space    used 2878K, capacity 3025K, committed 3144K, reserved 1048576K
2016-12-07T00:58:17.430+0100: 3,025: [GC (CMS Final Remark) 2016-12-07T00:58:17.430+0100: 3,025: [ParNew
Desired survivor size 20112992 bytes, new threshold 8 (max 8)
- age   1:        592 bytes,        592 total
- age   2:    1527240 bytes,    1527832 total
- age   3:     670992 bytes,    2198824 total
- age   4:    5947032 bytes,    8145856 total
: 14918K->10883K(109248K), 0,0081424 secs] 14918K->10883K(502464K), 0,0081762 secs] [Times: user=0,03 sys=0,00, real=0,01 secs] 
Heap after GC invocations=4 (full 1):
 par new generation   total 109248K, used 10883K [0x00000000e0000000, 0x00000000e8000000, 0x00000000e8000000)
  eden space 87424K,   0% used [0x00000000e0000000, 0x00000000e0000000, 0x00000000e5560000)
  from space 21824K,  49% used [0x00000000e5560000, 0x00000000e6000f00, 0x00000000e6ab0000)
  to   space 21824K,   0% used [0x00000000e6ab0000, 0x00000000e6ab0000, 0x00000000e8000000)
 concurrent mark-sweep generation total 393216K, used 0K [0x00000000e8000000, 0x0000000100000000, 0x0000000100000000)
 Metaspace       used 24618K, capacity 25029K, committed 25280K, reserved 1071104K
  class space    used 2878K, capacity 3025K, committed 3144K, reserved 1048576K
}
2016-12-07T00:58:17.438+0100: 3,033: [Rescan (parallel) , 0,0026437 secs]2016-12-07T00:58:17.441+0100: 3,036: [weak refs processing, 0,0010416 secs]2016-12-07T00:58:17.442+0100: 3,037: [class unloading, 0,0030701 secs]2016-12-07T00:58:17.445+0100: 3,040: [scrub symbol table, 0,0032206 secs]2016-12-07T00:58:17.448+0100: 3,043: [scrub string table, 0,0003726 secs][1 CMS-remark: 0K(393216K)] 10883K(502464K), 0,0192051 secs] [Times: user=0,05 sys=0,00, real=0,02 secs] 
2016-12-07T00:58:17.449+0100: 3,044: Total time for which application threads were stopped: 0,0193051 seconds, Stopping threads took: 0,0000382 seconds
2016-12-07T00:58:17.449+0100: 3,044: [CMS-concurrent-sweep-start]
2016-12-07T00:58:17.449+0100: 3,044: [CMS-concurrent-sweep: 0,000/0,000 secs] [Times: user=0,00 sys=0,00, real=0,00 secs] 
2016-12-07T00:58:17.449+0100: 3,044: [CMS-concurrent-reset-start]
2016-12-07T00:58:17.451+0100: 3,046: [CMS-concurrent-reset: 0,002/0,002 secs] [Times: user=0,00 sys=0,00, real=0,00 secs] 
2016-12-07T00:58:17.521+0100: 3,116: Total time for which application threads were stopped: 0,0003896 seconds, Stopping threads took: 0,0000223 seconds
2016-12-07T00:58:18.454+0100: 4,050: Total time for which application threads were stopped: 0,0002666 seconds, Stopping threads took: 0,0000168 seconds
2016-12-07T00:58:45.457+0100: 31,053: Total time for which application threads were stopped: 0,0000602 seconds, Stopping threads took: 0,0000153 seconds
2016-12-07T01:00:56.471+0100: 162,066: Total time for which application threads were stopped: 0,0000765 seconds, Stopping threads took: 0,0000342 seconds
2016-12-07T01:01:00.471+0100: 166,066: Total time for which application threads were stopped: 0,0000677 seconds, Stopping threads took: 0,0000185 seconds
2016-12-07T01:02:10.479+0100: 236,074: Total time for which application threads were stopped: 0,0001073 seconds, Stopping threads took: 0,0000416 seconds
2016-12-07T01:03:00.484+0100: 286,080: Total time for which application threads were stopped: 0,0000752 seconds, Stopping threads took: 0,0000309 seconds
2016-12-07T01:21:55.604+0100: 1421,199: Total time for which application threads were stopped: 0,0003713 seconds, Stopping threads took: 0,0001500 seconds
2016-12-07T01:26:45.647+0100: 1711,243: Total time for which application threads were stopped: 0,0001174 seconds, Stopping threads took: 0,0000469 seconds
2016-12-07T01:32:49.338+0100: 2074,933: Total time for which application threads were stopped: 0,0001441 seconds, Stopping threads took: 0,0000270 seconds
Heap
 par new generation   total 109248K, used 55328K [0x00000000e0000000, 0x00000000e8000000, 0x00000000e8000000)
  eden space 87424K,  50% used [0x00000000e0000000, 0x00000000e2b674f8, 0x00000000e5560000)
  from space 21824K,  49% used [0x00000000e5560000, 0x00000000e6000f00, 0x00000000e6ab0000)
  to   space 21824K,   0% used [0x00000000e6ab0000, 0x00000000e6ab0000, 0x00000000e8000000)
 concurrent mark-sweep generation total 393216K, used 0K [0x00000000e8000000, 0x0000000100000000, 0x0000000100000000)
 Metaspace       used 27170K, capacity 27595K, committed 27976K, reserved 1073152K
  class space    used 3161K, capacity 3320K, committed 3400K, reserved 1048576K
