OpenJDK 64-Bit Server VM (25.111-b14) for linux-amd64 JRE (1.8.0_111-8u111-b14-2ubuntu0.16.04.2-b14), built on Oct 27 2016 18:10:19 by "buildd" with gcc 5.4.0 20160609
Memory: 4k page, physical 7867804k(7548248k free), swap 8076284k(8076284k free)
CommandLine flags: -XX:CMSInitiatingOccupancyFraction=50 -XX:CMSMaxAbortablePrecleanTime=6000 -XX:+CMSParallelRemarkEnabled -XX:+CMSScavengeBeforeRemark -XX:ConcGCThreads=4 -XX:InitialHeapSize=536870912 -XX:MaxHeapSize=536870912 -XX:MaxTenuringThreshold=8 -XX:NewRatio=3 -XX:OldPLABSize=16 -XX:OnOutOfMemoryError=/opt/solr/bin/oom_solr.sh 8983 /var/solr/logs -XX:ParallelGCThreads=4 -XX:+ParallelRefProcEnabled -XX:PretenureSizeThreshold=67108864 -XX:+PrintGC -XX:+PrintGCApplicationStoppedTime -XX:+PrintGCDateStamps -XX:+PrintGCDetails -XX:+PrintGCTimeStamps -XX:+PrintHeapAtGC -XX:+PrintTenuringDistribution -XX:SurvivorRatio=4 -XX:TargetSurvivorRatio=90 -XX:ThreadStackSize=256 -XX:+UseCMSInitiatingOccupancyOnly -XX:+UseCompressedClassPointers -XX:+UseCompressedOops -XX:+UseConcMarkSweepGC -XX:+UseParNewGC 
2017-01-03T00:05:07.847+0100: 0,160: Total time for which application threads were stopped: 0,0000934 seconds, Stopping threads took: 0,0000134 seconds
2017-01-03T00:05:07.963+0100: 0,276: Total time for which application threads were stopped: 0,0000896 seconds, Stopping threads took: 0,0000098 seconds
2017-01-03T00:05:07.983+0100: 0,295: Total time for which application threads were stopped: 0,0001149 seconds, Stopping threads took: 0,0000369 seconds
2017-01-03T00:05:08.239+0100: 0,552: Total time for which application threads were stopped: 0,0001770 seconds, Stopping threads took: 0,0000329 seconds
2017-01-03T00:05:08.649+0100: 0,961: Total time for which application threads were stopped: 0,0001341 seconds, Stopping threads took: 0,0000116 seconds
2017-01-03T00:05:08.754+0100: 1,067: Total time for which application threads were stopped: 0,0001665 seconds, Stopping threads took: 0,0000122 seconds
2017-01-03T00:05:08.800+0100: 1,112: Total time for which application threads were stopped: 0,0002319 seconds, Stopping threads took: 0,0000240 seconds
2017-01-03T00:05:09.086+0100: 1,399: Total time for which application threads were stopped: 0,0001553 seconds, Stopping threads took: 0,0000104 seconds
2017-01-03T00:05:09.332+0100: 1,644: Total time for which application threads were stopped: 0,0008241 seconds, Stopping threads took: 0,0000888 seconds
2017-01-03T00:05:09.362+0100: 1,674: Total time for which application threads were stopped: 0,0007130 seconds, Stopping threads took: 0,0000615 seconds
2017-01-03T00:05:09.363+0100: 1,675: Total time for which application threads were stopped: 0,0002901 seconds, Stopping threads took: 0,0000093 seconds
2017-01-03T00:05:09.379+0100: 1,692: Total time for which application threads were stopped: 0,0002818 seconds, Stopping threads took: 0,0000178 seconds
2017-01-03T00:05:09.479+0100: 1,792: Total time for which application threads were stopped: 0,0007546 seconds, Stopping threads took: 0,0002461 seconds
2017-01-03T00:05:09.629+0100: 1,942: Total time for which application threads were stopped: 0,0002669 seconds, Stopping threads took: 0,0000360 seconds
{Heap before GC invocations=0 (full 0):
 par new generation   total 109248K, used 87424K [0x00000000e0000000, 0x00000000e8000000, 0x00000000e8000000)
  eden space 87424K, 100% used [0x00000000e0000000, 0x00000000e5560000, 0x00000000e5560000)
  from space 21824K,   0% used [0x00000000e5560000, 0x00000000e5560000, 0x00000000e6ab0000)
  to   space 21824K,   0% used [0x00000000e6ab0000, 0x00000000e6ab0000, 0x00000000e8000000)
 concurrent mark-sweep generation total 393216K, used 0K [0x00000000e8000000, 0x0000000100000000, 0x0000000100000000)
 Metaspace       used 17820K, capacity 18078K, committed 18304K, reserved 1064960K
  class space    used 2029K, capacity 2130K, committed 2176K, reserved 1048576K
2017-01-03T00:05:09.699+0100: 2,011: [GC (Allocation Failure) 2017-01-03T00:05:09.699+0100: 2,011: [ParNew
Desired survivor size 20112992 bytes, new threshold 8 (max 8)
- age   1:   11662952 bytes,   11662952 total
: 87424K->11487K(109248K), 0,0148101 secs] 87424K->11487K(502464K), 0,0148941 secs] [Times: user=0,04 sys=0,02, real=0,01 secs] 
Heap after GC invocations=1 (full 0):
 par new generation   total 109248K, used 11487K [0x00000000e0000000, 0x00000000e8000000, 0x00000000e8000000)
  eden space 87424K,   0% used [0x00000000e0000000, 0x00000000e0000000, 0x00000000e5560000)
  from space 21824K,  52% used [0x00000000e6ab0000, 0x00000000e75e7d78, 0x00000000e8000000)
  to   space 21824K,   0% used [0x00000000e5560000, 0x00000000e5560000, 0x00000000e6ab0000)
 concurrent mark-sweep generation total 393216K, used 0K [0x00000000e8000000, 0x0000000100000000, 0x0000000100000000)
 Metaspace       used 17820K, capacity 18078K, committed 18304K, reserved 1064960K
  class space    used 2029K, capacity 2130K, committed 2176K, reserved 1048576K
}
2017-01-03T00:05:09.714+0100: 2,026: Total time for which application threads were stopped: 0,0150980 seconds, Stopping threads took: 0,0000177 seconds
2017-01-03T00:05:09.947+0100: 2,260: Total time for which application threads were stopped: 0,0002886 seconds, Stopping threads took: 0,0000248 seconds
2017-01-03T00:05:09.979+0100: 2,291: Total time for which application threads were stopped: 0,0003423 seconds, Stopping threads took: 0,0000240 seconds
2017-01-03T00:05:10.008+0100: 2,320: Total time for which application threads were stopped: 0,0003143 seconds, Stopping threads took: 0,0000233 seconds
{Heap before GC invocations=1 (full 0):
 par new generation   total 109248K, used 98911K [0x00000000e0000000, 0x00000000e8000000, 0x00000000e8000000)
  eden space 87424K, 100% used [0x00000000e0000000, 0x00000000e5560000, 0x00000000e5560000)
  from space 21824K,  52% used [0x00000000e6ab0000, 0x00000000e75e7d78, 0x00000000e8000000)
  to   space 21824K,   0% used [0x00000000e5560000, 0x00000000e5560000, 0x00000000e6ab0000)
 concurrent mark-sweep generation total 393216K, used 0K [0x00000000e8000000, 0x0000000100000000, 0x0000000100000000)
 Metaspace       used 20704K, capacity 21010K, committed 21248K, reserved 1069056K
  class space    used 2402K, capacity 2516K, committed 2560K, reserved 1048576K
2017-01-03T00:05:10.166+0100: 2,479: [GC (Allocation Failure) 2017-01-03T00:05:10.166+0100: 2,479: [ParNew
Desired survivor size 20112992 bytes, new threshold 8 (max 8)
- age   1:    4011576 bytes,    4011576 total
- age   2:    5956304 bytes,    9967880 total
: 98911K->14412K(109248K), 0,0183659 secs] 98911K->14412K(502464K), 0,0184505 secs] [Times: user=0,07 sys=0,00, real=0,02 secs] 
Heap after GC invocations=2 (full 0):
 par new generation   total 109248K, used 14412K [0x00000000e0000000, 0x00000000e8000000, 0x00000000e8000000)
  eden space 87424K,   0% used [0x00000000e0000000, 0x00000000e0000000, 0x00000000e5560000)
  from space 21824K,  66% used [0x00000000e5560000, 0x00000000e63730c0, 0x00000000e6ab0000)
  to   space 21824K,   0% used [0x00000000e6ab0000, 0x00000000e6ab0000, 0x00000000e8000000)
 concurrent mark-sweep generation total 393216K, used 0K [0x00000000e8000000, 0x0000000100000000, 0x0000000100000000)
 Metaspace       used 20704K, capacity 21010K, committed 21248K, reserved 1069056K
  class space    used 2402K, capacity 2516K, committed 2560K, reserved 1048576K
}
2017-01-03T00:05:10.185+0100: 2,497: Total time for which application threads were stopped: 0,0186865 seconds, Stopping threads took: 0,0000276 seconds
2017-01-03T00:05:10.250+0100: 2,563: Total time for which application threads were stopped: 0,0000786 seconds, Stopping threads took: 0,0000155 seconds
2017-01-03T00:05:10.287+0100: 2,600: Total time for which application threads were stopped: 0,0000807 seconds, Stopping threads took: 0,0000156 seconds
2017-01-03T00:05:10.288+0100: 2,600: Total time for which application threads were stopped: 0,0002455 seconds, Stopping threads took: 0,0000193 seconds
2017-01-03T00:05:10.311+0100: 2,623: Total time for which application threads were stopped: 0,0001169 seconds, Stopping threads took: 0,0000174 seconds
2017-01-03T00:05:10.389+0100: 2,702: Total time for which application threads were stopped: 0,0001103 seconds, Stopping threads took: 0,0000232 seconds
2017-01-03T00:05:10.407+0100: 2,720: Total time for which application threads were stopped: 0,0002302 seconds, Stopping threads took: 0,0000242 seconds
2017-01-03T00:05:10.414+0100: 2,727: Total time for which application threads were stopped: 0,0002791 seconds, Stopping threads took: 0,0000130 seconds
2017-01-03T00:05:10.422+0100: 2,734: Total time for which application threads were stopped: 0,0002881 seconds, Stopping threads took: 0,0000221 seconds
2017-01-03T00:05:10.429+0100: 2,742: Total time for which application threads were stopped: 0,0001675 seconds, Stopping threads took: 0,0001080 seconds
2017-01-03T00:05:10.456+0100: 2,769: Total time for which application threads were stopped: 0,0001592 seconds, Stopping threads took: 0,0000974 seconds
2017-01-03T00:05:10.472+0100: 2,785: Total time for which application threads were stopped: 0,0000778 seconds, Stopping threads took: 0,0000148 seconds
2017-01-03T00:05:10.490+0100: 2,803: Total time for which application threads were stopped: 0,0000759 seconds, Stopping threads took: 0,0000131 seconds
2017-01-03T00:05:10.509+0100: 2,821: Total time for which application threads were stopped: 0,0000857 seconds, Stopping threads took: 0,0000206 seconds
2017-01-03T00:05:10.543+0100: 2,856: Total time for which application threads were stopped: 0,0001617 seconds, Stopping threads took: 0,0000683 seconds
2017-01-03T00:05:10.601+0100: 2,913: Total time for which application threads were stopped: 0,0001086 seconds, Stopping threads took: 0,0000311 seconds
{Heap before GC invocations=2 (full 0):
 par new generation   total 109248K, used 101836K [0x00000000e0000000, 0x00000000e8000000, 0x00000000e8000000)
  eden space 87424K, 100% used [0x00000000e0000000, 0x00000000e5560000, 0x00000000e5560000)
  from space 21824K,  66% used [0x00000000e5560000, 0x00000000e63730c0, 0x00000000e6ab0000)
  to   space 21824K,   0% used [0x00000000e6ab0000, 0x00000000e6ab0000, 0x00000000e8000000)
 concurrent mark-sweep generation total 393216K, used 0K [0x00000000e8000000, 0x0000000100000000, 0x0000000100000000)
 Metaspace       used 24598K, capacity 24965K, committed 25204K, reserved 1071104K
  class space    used 2877K, capacity 3025K, committed 3092K, reserved 1048576K
2017-01-03T00:05:10.621+0100: 2,934: [GC (Allocation Failure) 2017-01-03T00:05:10.621+0100: 2,934: [ParNew
Desired survivor size 20112992 bytes, new threshold 8 (max 8)
- age   1:    4628240 bytes,    4628240 total
- age   2:     674696 bytes,    5302936 total
- age   3:    5951040 bytes,   11253976 total
: 101836K->14992K(109248K), 0,0151238 secs] 101836K->14992K(502464K), 0,0152071 secs] [Times: user=0,05 sys=0,00, real=0,02 secs] 
Heap after GC invocations=3 (full 0):
 par new generation   total 109248K, used 14992K [0x00000000e0000000, 0x00000000e8000000, 0x00000000e8000000)
  eden space 87424K,   0% used [0x00000000e0000000, 0x00000000e0000000, 0x00000000e5560000)
  from space 21824K,  68% used [0x00000000e6ab0000, 0x00000000e79542a0, 0x00000000e8000000)
  to   space 21824K,   0% used [0x00000000e5560000, 0x00000000e5560000, 0x00000000e6ab0000)
 concurrent mark-sweep generation total 393216K, used 0K [0x00000000e8000000, 0x0000000100000000, 0x0000000100000000)
 Metaspace       used 24598K, capacity 24965K, committed 25204K, reserved 1071104K
  class space    used 2877K, capacity 3025K, committed 3092K, reserved 1048576K
}
2017-01-03T00:05:10.637+0100: 2,949: Total time for which application threads were stopped: 0,0153657 seconds, Stopping threads took: 0,0000254 seconds
2017-01-03T00:05:10.637+0100: 2,950: [GC (CMS Initial Mark) [1 CMS-initial-mark: 0K(393216K)] 14992K(502464K), 0,0042043 secs] [Times: user=0,01 sys=0,00, real=0,00 secs] 
2017-01-03T00:05:10.641+0100: 2,954: Total time for which application threads were stopped: 0,0043636 seconds, Stopping threads took: 0,0000484 seconds
2017-01-03T00:05:10.641+0100: 2,954: [CMS-concurrent-mark-start]
2017-01-03T00:05:10.642+0100: 2,955: [CMS-concurrent-mark: 0,001/0,001 secs] [Times: user=0,01 sys=0,00, real=0,00 secs] 
2017-01-03T00:05:10.642+0100: 2,955: [CMS-concurrent-preclean-start]
2017-01-03T00:05:10.643+0100: 2,956: [CMS-concurrent-preclean: 0,001/0,001 secs] [Times: user=0,00 sys=0,00, real=0,01 secs] 
2017-01-03T00:05:10.643+0100: 2,956: [GC (CMS Final Remark) [YG occupancy: 16818 K (109248 K)]{Heap before GC invocations=3 (full 1):
 par new generation   total 109248K, used 16818K [0x00000000e0000000, 0x00000000e8000000, 0x00000000e8000000)
  eden space 87424K,   2% used [0x00000000e0000000, 0x00000000e01c8708, 0x00000000e5560000)
  from space 21824K,  68% used [0x00000000e6ab0000, 0x00000000e79542a0, 0x00000000e8000000)
  to   space 21824K,   0% used [0x00000000e5560000, 0x00000000e5560000, 0x00000000e6ab0000)
 concurrent mark-sweep generation total 393216K, used 0K [0x00000000e8000000, 0x0000000100000000, 0x0000000100000000)
 Metaspace       used 24607K, capacity 24965K, committed 25204K, reserved 1071104K
  class space    used 2878K, capacity 3025K, committed 3092K, reserved 1048576K
2017-01-03T00:05:10.643+0100: 2,956: [GC (CMS Final Remark) 2017-01-03T00:05:10.643+0100: 2,956: [ParNew
Desired survivor size 20112992 bytes, new threshold 8 (max 8)
- age   1:      11240 bytes,      11240 total
- age   2:    1241152 bytes,    1252392 total
- age   3:     664952 bytes,    1917344 total
- age   4:    5949560 bytes,    7866904 total
: 16818K->9597K(109248K), 0,0088230 secs] 16818K->9597K(502464K), 0,0088644 secs] [Times: user=0,03 sys=0,00, real=0,00 secs] 
Heap after GC invocations=4 (full 1):
 par new generation   total 109248K, used 9597K [0x00000000e0000000, 0x00000000e8000000, 0x00000000e8000000)
  eden space 87424K,   0% used [0x00000000e0000000, 0x00000000e0000000, 0x00000000e5560000)
  from space 21824K,  43% used [0x00000000e5560000, 0x00000000e5ebf630, 0x00000000e6ab0000)
  to   space 21824K,   0% used [0x00000000e6ab0000, 0x00000000e6ab0000, 0x00000000e8000000)
 concurrent mark-sweep generation total 393216K, used 0K [0x00000000e8000000, 0x0000000100000000, 0x0000000100000000)
 Metaspace       used 24607K, capacity 24965K, committed 25204K, reserved 1071104K
  class space    used 2878K, capacity 3025K, committed 3092K, reserved 1048576K
}
2017-01-03T00:05:10.652+0100: 2,965: [Rescan (parallel) , 0,0035262 secs]2017-01-03T00:05:10.656+0100: 2,969: [weak refs processing, 0,0003654 secs]2017-01-03T00:05:10.656+0100: 2,969: [class unloading, 0,0031396 secs]2017-01-03T00:05:10.659+0100: 2,972: [scrub symbol table, 0,0031502 secs]2017-01-03T00:05:10.663+0100: 2,975: [scrub string table, 0,0003728 secs][1 CMS-remark: 0K(393216K)] 9597K(502464K), 0,0201386 secs] [Times: user=0,05 sys=0,00, real=0,02 secs] 
2017-01-03T00:05:10.664+0100: 2,976: Total time for which application threads were stopped: 0,0202471 seconds, Stopping threads took: 0,0000282 seconds
2017-01-03T00:05:10.664+0100: 2,976: [CMS-concurrent-sweep-start]
2017-01-03T00:05:10.664+0100: 2,976: [CMS-concurrent-sweep: 0,000/0,000 secs] [Times: user=0,00 sys=0,00, real=0,00 secs] 
2017-01-03T00:05:10.664+0100: 2,976: [CMS-concurrent-reset-start]
2017-01-03T00:05:10.666+0100: 2,978: [CMS-concurrent-reset: 0,002/0,002 secs] [Times: user=0,01 sys=0,00, real=0,00 secs] 
2017-01-03T00:05:10.760+0100: 3,073: Total time for which application threads were stopped: 0,0004956 seconds, Stopping threads took: 0,0000400 seconds
2017-01-03T00:05:11.737+0100: 4,049: Total time for which application threads were stopped: 0,0003144 seconds, Stopping threads took: 0,0000310 seconds
2017-01-03T00:05:39.741+0100: 32,053: Total time for which application threads were stopped: 0,0000572 seconds, Stopping threads took: 0,0000158 seconds
2017-01-03T00:07:49.763+0100: 162,075: Total time for which application threads were stopped: 0,0001658 seconds, Stopping threads took: 0,0000732 seconds
2017-01-03T00:07:54.764+0100: 167,076: Total time for which application threads were stopped: 0,0001391 seconds, Stopping threads took: 0,0000340 seconds
2017-01-03T00:08:49.774+0100: 222,086: Total time for which application threads were stopped: 0,0001743 seconds, Stopping threads took: 0,0000657 seconds
2017-01-03T00:09:54.785+0100: 287,098: Total time for which application threads were stopped: 0,0001613 seconds, Stopping threads took: 0,0000643 seconds
2017-01-03T00:28:48.978+0100: 1421,291: Total time for which application threads were stopped: 0,0001855 seconds, Stopping threads took: 0,0000557 seconds
2017-01-03T00:32:35.017+0100: 1647,330: Total time for which application threads were stopped: 0,0001681 seconds, Stopping threads took: 0,0000643 seconds
2017-01-03T00:32:54.021+0100: 1666,334: Total time for which application threads were stopped: 0,0001270 seconds, Stopping threads took: 0,0000294 seconds
2017-01-03T00:44:10.136+0100: 2342,449: Total time for which application threads were stopped: 0,0001538 seconds, Stopping threads took: 0,0000567 seconds
2017-01-03T00:44:14.137+0100: 2346,450: Total time for which application threads were stopped: 0,0001248 seconds, Stopping threads took: 0,0000291 seconds
2017-01-03T00:44:15.138+0100: 2347,450: Total time for which application threads were stopped: 0,0001283 seconds, Stopping threads took: 0,0000315 seconds
2017-01-03T00:47:39.173+0100: 2551,486: Total time for which application threads were stopped: 0,0000799 seconds, Stopping threads took: 0,0000311 seconds
2017-01-03T00:50:19.200+0100: 2711,513: Total time for which application threads were stopped: 0,0001511 seconds, Stopping threads took: 0,0000562 seconds
2017-01-03T00:54:39.244+0100: 2971,557: Total time for which application threads were stopped: 0,0001590 seconds, Stopping threads took: 0,0000571 seconds
2017-01-03T01:04:39.346+0100: 3571,659: Total time for which application threads were stopped: 0,0000825 seconds, Stopping threads took: 0,0000317 seconds
2017-01-03T01:06:39.367+0100: 3691,680: Total time for which application threads were stopped: 0,0001564 seconds, Stopping threads took: 0,0000569 seconds
2017-01-03T01:08:24.386+0100: 3796,698: Total time for which application threads were stopped: 0,0001872 seconds, Stopping threads took: 0,0000609 seconds
2017-01-03T01:08:34.387+0100: 3806,700: Total time for which application threads were stopped: 0,0001594 seconds, Stopping threads took: 0,0000615 seconds
2017-01-03T01:10:40.408+0100: 3932,721: Total time for which application threads were stopped: 0,0000860 seconds, Stopping threads took: 0,0000348 seconds
2017-01-03T01:12:09.424+0100: 4021,737: Total time for which application threads were stopped: 0,0001555 seconds, Stopping threads took: 0,0000609 seconds
2017-01-03T01:57:14.886+0100: 6727,199: Total time for which application threads were stopped: 0,0001619 seconds, Stopping threads took: 0,0000616 seconds
2017-01-03T01:57:39.891+0100: 6752,203: Total time for which application threads were stopped: 0,0001538 seconds, Stopping threads took: 0,0000601 seconds
2017-01-03T02:10:10.019+0100: 7502,332: Total time for which application threads were stopped: 0,0001633 seconds, Stopping threads took: 0,0000609 seconds
2017-01-03T02:10:40.024+0100: 7532,337: Total time for which application threads were stopped: 0,0000903 seconds, Stopping threads took: 0,0000337 seconds
2017-01-03T02:11:25.032+0100: 7577,345: Total time for which application threads were stopped: 0,0001570 seconds, Stopping threads took: 0,0000617 seconds
2017-01-03T02:13:10.051+0100: 7682,363: Total time for which application threads were stopped: 0,0000804 seconds, Stopping threads took: 0,0000312 seconds
2017-01-03T03:17:39.711+0100: 11552,024: Total time for which application threads were stopped: 0,0001615 seconds, Stopping threads took: 0,0000644 seconds
2017-01-03T04:21:09.362+0100: 15361,674: Total time for which application threads were stopped: 0,0001603 seconds, Stopping threads took: 0,0000619 seconds
2017-01-03T04:51:20.167+0100: 17172,480: Total time for which application threads were stopped: 0,0002068 seconds, Stopping threads took: 0,0000400 seconds
2017-01-03T04:56:10.217+0100: 17462,530: Total time for which application threads were stopped: 0,0001569 seconds, Stopping threads took: 0,0000598 seconds
2017-01-03T11:28:43.635+0100: 41015,948: Total time for which application threads were stopped: 0,0001539 seconds, Stopping threads took: 0,0000233 seconds
Heap
 par new generation   total 109248K, used 55433K [0x00000000e0000000, 0x00000000e8000000, 0x00000000e8000000)
  eden space 87424K,  52% used [0x00000000e0000000, 0x00000000e2cc2ea0, 0x00000000e5560000)
  from space 21824K,  43% used [0x00000000e5560000, 0x00000000e5ebf630, 0x00000000e6ab0000)
  to   space 21824K,   0% used [0x00000000e6ab0000, 0x00000000e6ab0000, 0x00000000e8000000)
 concurrent mark-sweep generation total 393216K, used 0K [0x00000000e8000000, 0x0000000100000000, 0x0000000100000000)
 Metaspace       used 27273K, capacity 27729K, committed 27924K, reserved 1073152K
  class space    used 3168K, capacity 3321K, committed 3348K, reserved 1048576K
