OpenJDK 64-Bit Server VM (25.131-b11) for linux-amd64 JRE (1.8.0_131-8u131-b11-2ubuntu1.16.04.3-b11), built on Jul 28 2017 01:23:32 by "buildd" with gcc 5.4.0 20160609
Memory: 4k page, physical 7867732k(7402572k free), swap 8076284k(8076284k free)
CommandLine flags: -XX:CMSInitiatingOccupancyFraction=50 -XX:CMSMaxAbortablePrecleanTime=6000 -XX:+CMSParallelRemarkEnabled -XX:+CMSScavengeBeforeRemark -XX:ConcGCThreads=4 -XX:InitialHeapSize=536870912 -XX:MaxHeapSize=536870912 -XX:MaxTenuringThreshold=8 -XX:NewRatio=3 -XX:OldPLABSize=16 -XX:OnOutOfMemoryError=/opt/solr/bin/oom_solr.sh 8983 /var/solr/logs -XX:ParallelGCThreads=4 -XX:+ParallelRefProcEnabled -XX:PretenureSizeThreshold=67108864 -XX:+PrintGC -XX:+PrintGCApplicationStoppedTime -XX:+PrintGCDateStamps -XX:+PrintGCDetails -XX:+PrintGCTimeStamps -XX:+PrintHeapAtGC -XX:+PrintTenuringDistribution -XX:SurvivorRatio=4 -XX:TargetSurvivorRatio=90 -XX:ThreadStackSize=256 -XX:+UseCMSInitiatingOccupancyOnly -XX:+UseCompressedClassPointers -XX:+UseCompressedOops -XX:+UseConcMarkSweepGC -XX:+UseParNewGC 
2017-08-12T10:04:09.092+0200: 0,198: Total time for which application threads were stopped: 0,0001083 seconds, Stopping threads took: 0,0000265 seconds
2017-08-12T10:04:09.214+0200: 0,321: Total time for which application threads were stopped: 0,0001120 seconds, Stopping threads took: 0,0000154 seconds
2017-08-12T10:04:09.244+0200: 0,351: Total time for which application threads were stopped: 0,0001077 seconds, Stopping threads took: 0,0000211 seconds
2017-08-12T10:04:09.561+0200: 0,668: Total time for which application threads were stopped: 0,0001319 seconds, Stopping threads took: 0,0000142 seconds
2017-08-12T10:04:10.170+0200: 1,276: Total time for which application threads were stopped: 0,0001792 seconds, Stopping threads took: 0,0000284 seconds
2017-08-12T10:04:10.277+0200: 1,383: Total time for which application threads were stopped: 0,0002015 seconds, Stopping threads took: 0,0000252 seconds
2017-08-12T10:04:10.336+0200: 1,442: Total time for which application threads were stopped: 0,0001775 seconds, Stopping threads took: 0,0000245 seconds
2017-08-12T10:04:10.709+0200: 1,815: Total time for which application threads were stopped: 0,0001695 seconds, Stopping threads took: 0,0000131 seconds
2017-08-12T10:04:11.065+0200: 2,171: Total time for which application threads were stopped: 0,0002641 seconds, Stopping threads took: 0,0000298 seconds
2017-08-12T10:04:11.102+0200: 2,208: Total time for which application threads were stopped: 0,0001992 seconds, Stopping threads took: 0,0000241 seconds
2017-08-12T10:04:11.133+0200: 2,240: Total time for which application threads were stopped: 0,0002155 seconds, Stopping threads took: 0,0000204 seconds
2017-08-12T10:04:11.135+0200: 2,241: Total time for which application threads were stopped: 0,0001765 seconds, Stopping threads took: 0,0000191 seconds
2017-08-12T10:04:11.153+0200: 2,259: Total time for which application threads were stopped: 0,0001856 seconds, Stopping threads took: 0,0000189 seconds
2017-08-12T10:04:11.246+0200: 2,352: Total time for which application threads were stopped: 0,0001990 seconds, Stopping threads took: 0,0000126 seconds
2017-08-12T10:04:11.509+0200: 2,615: Total time for which application threads were stopped: 0,0003293 seconds, Stopping threads took: 0,0000781 seconds
{Heap before GC invocations=0 (full 0):
 par new generation   total 109248K, used 87424K [0x00000000e0000000, 0x00000000e8000000, 0x00000000e8000000)
  eden space 87424K, 100% used [0x00000000e0000000, 0x00000000e5560000, 0x00000000e5560000)
  from space 21824K,   0% used [0x00000000e5560000, 0x00000000e5560000, 0x00000000e6ab0000)
  to   space 21824K,   0% used [0x00000000e6ab0000, 0x00000000e6ab0000, 0x00000000e8000000)
 concurrent mark-sweep generation total 393216K, used 0K [0x00000000e8000000, 0x0000000100000000, 0x0000000100000000)
 Metaspace       used 18022K, capacity 18336K, committed 18688K, reserved 1064960K
  class space    used 2036K, capacity 2196K, committed 2304K, reserved 1048576K
2017-08-12T10:04:11.634+0200: 2,740: [GC (Allocation Failure) 2017-08-12T10:04:11.634+0200: 2,740: [ParNew
Desired survivor size 20112992 bytes, new threshold 8 (max 8)
- age   1:   12622160 bytes,   12622160 total
: 87424K->12444K(109248K), 0,0181650 secs] 87424K->12444K(502464K), 0,0182559 secs] [Times: user=0,04 sys=0,02, real=0,01 secs] 
Heap after GC invocations=1 (full 0):
 par new generation   total 109248K, used 12444K [0x00000000e0000000, 0x00000000e8000000, 0x00000000e8000000)
  eden space 87424K,   0% used [0x00000000e0000000, 0x00000000e0000000, 0x00000000e5560000)
  from space 21824K,  57% used [0x00000000e6ab0000, 0x00000000e76d7368, 0x00000000e8000000)
  to   space 21824K,   0% used [0x00000000e5560000, 0x00000000e5560000, 0x00000000e6ab0000)
 concurrent mark-sweep generation total 393216K, used 0K [0x00000000e8000000, 0x0000000100000000, 0x0000000100000000)
 Metaspace       used 18022K, capacity 18336K, committed 18688K, reserved 1064960K
  class space    used 2036K, capacity 2196K, committed 2304K, reserved 1048576K
}
2017-08-12T10:04:11.652+0200: 2,759: Total time for which application threads were stopped: 0,0185518 seconds, Stopping threads took: 0,0000614 seconds
2017-08-12T10:04:12.072+0200: 3,178: Total time for which application threads were stopped: 0,0007553 seconds, Stopping threads took: 0,0003872 seconds
{Heap before GC invocations=1 (full 0):
 par new generation   total 109248K, used 99868K [0x00000000e0000000, 0x00000000e8000000, 0x00000000e8000000)
  eden space 87424K, 100% used [0x00000000e0000000, 0x00000000e5560000, 0x00000000e5560000)
  from space 21824K,  57% used [0x00000000e6ab0000, 0x00000000e76d7368, 0x00000000e8000000)
  to   space 21824K,   0% used [0x00000000e5560000, 0x00000000e5560000, 0x00000000e6ab0000)
 concurrent mark-sweep generation total 393216K, used 0K [0x00000000e8000000, 0x0000000100000000, 0x0000000100000000)
 Metaspace       used 20060K, capacity 20412K, committed 20736K, reserved 1067008K
  class space    used 2292K, capacity 2464K, committed 2560K, reserved 1048576K
2017-08-12T10:04:12.153+0200: 3,259: [GC (Allocation Failure) 2017-08-12T10:04:12.153+0200: 3,259: [ParNew
Desired survivor size 20112992 bytes, new threshold 8 (max 8)
- age   1:    3506048 bytes,    3506048 total
- age   2:    6689856 bytes,   10195904 total
: 99868K->13721K(109248K), 0,0207326 secs] 99868K->13721K(502464K), 0,0208099 secs] [Times: user=0,05 sys=0,00, real=0,03 secs] 
Heap after GC invocations=2 (full 0):
 par new generation   total 109248K, used 13721K [0x00000000e0000000, 0x00000000e8000000, 0x00000000e8000000)
  eden space 87424K,   0% used [0x00000000e0000000, 0x00000000e0000000, 0x00000000e5560000)
  from space 21824K,  62% used [0x00000000e5560000, 0x00000000e62c65e8, 0x00000000e6ab0000)
  to   space 21824K,   0% used [0x00000000e6ab0000, 0x00000000e6ab0000, 0x00000000e8000000)
 concurrent mark-sweep generation total 393216K, used 0K [0x00000000e8000000, 0x0000000100000000, 0x0000000100000000)
 Metaspace       used 20060K, capacity 20412K, committed 20736K, reserved 1067008K
  class space    used 2292K, capacity 2464K, committed 2560K, reserved 1048576K
}
2017-08-12T10:04:12.174+0200: 3,280: Total time for which application threads were stopped: 0,0270578 seconds, Stopping threads took: 0,0060600 seconds
2017-08-12T10:04:12.181+0200: 3,287: Total time for which application threads were stopped: 0,0015797 seconds, Stopping threads took: 0,0013032 seconds
2017-08-12T10:04:12.220+0200: 3,326: Total time for which application threads were stopped: 0,0018211 seconds, Stopping threads took: 0,0015274 seconds
2017-08-12T10:04:12.421+0200: 3,528: Total time for which application threads were stopped: 0,0023660 seconds, Stopping threads took: 0,0022132 seconds
{Heap before GC invocations=2 (full 0):
 par new generation   total 109248K, used 101145K [0x00000000e0000000, 0x00000000e8000000, 0x00000000e8000000)
  eden space 87424K, 100% used [0x00000000e0000000, 0x00000000e5560000, 0x00000000e5560000)
  from space 21824K,  62% used [0x00000000e5560000, 0x00000000e62c65e8, 0x00000000e6ab0000)
  to   space 21824K,   0% used [0x00000000e6ab0000, 0x00000000e6ab0000, 0x00000000e8000000)
 concurrent mark-sweep generation total 393216K, used 0K [0x00000000e8000000, 0x0000000100000000, 0x0000000100000000)
 Metaspace       used 20985K, capacity 21270K, committed 21628K, reserved 1069056K
  class space    used 2416K, capacity 2583K, committed 2684K, reserved 1048576K
2017-08-12T10:04:12.483+0200: 3,589: [GC (Allocation Failure) 2017-08-12T10:04:12.483+0200: 3,589: [ParNew
Desired survivor size 20112992 bytes, new threshold 8 (max 8)
- age   1:    2339384 bytes,    2339384 total
- age   2:     871496 bytes,    3210880 total
- age   3:    6671760 bytes,    9882640 total
: 101145K->14235K(109248K), 0,0224232 secs] 101145K->14235K(502464K), 0,0225391 secs] [Times: user=0,07 sys=0,00, real=0,02 secs] 
Heap after GC invocations=3 (full 0):
 par new generation   total 109248K, used 14235K [0x00000000e0000000, 0x00000000e8000000, 0x00000000e8000000)
  eden space 87424K,   0% used [0x00000000e0000000, 0x00000000e0000000, 0x00000000e5560000)
  from space 21824K,  65% used [0x00000000e6ab0000, 0x00000000e7896ca0, 0x00000000e8000000)
  to   space 21824K,   0% used [0x00000000e5560000, 0x00000000e5560000, 0x00000000e6ab0000)
 concurrent mark-sweep generation total 393216K, used 0K [0x00000000e8000000, 0x0000000100000000, 0x0000000100000000)
 Metaspace       used 20985K, capacity 21270K, committed 21628K, reserved 1069056K
  class space    used 2416K, capacity 2583K, committed 2684K, reserved 1048576K
}
2017-08-12T10:04:12.505+0200: 3,611: Total time for which application threads were stopped: 0,0228470 seconds, Stopping threads took: 0,0000893 seconds
2017-08-12T10:04:12.508+0200: 3,614: [GC (CMS Initial Mark) [1 CMS-initial-mark: 0K(393216K)] 14267K(502464K), 0,0057759 secs] [Times: user=0,01 sys=0,00, real=0,01 secs] 
2017-08-12T10:04:12.514+0200: 3,620: Total time for which application threads were stopped: 0,0083817 seconds, Stopping threads took: 0,0024833 seconds
2017-08-12T10:04:12.514+0200: 3,620: [CMS-concurrent-mark-start]
2017-08-12T10:04:12.514+0200: 3,620: [CMS-concurrent-mark: 0,001/0,001 secs] [Times: user=0,01 sys=0,00, real=0,00 secs] 
2017-08-12T10:04:12.514+0200: 3,620: [CMS-concurrent-preclean-start]
2017-08-12T10:04:12.515+0200: 3,622: [CMS-concurrent-preclean: 0,001/0,001 secs] [Times: user=0,00 sys=0,00, real=0,00 secs] 
2017-08-12T10:04:12.516+0200: 3,622: [GC (CMS Final Remark) [YG occupancy: 14267 K (109248 K)]{Heap before GC invocations=3 (full 1):
 par new generation   total 109248K, used 14267K [0x00000000e0000000, 0x00000000e8000000, 0x00000000e8000000)
  eden space 87424K,   0% used [0x00000000e0000000, 0x00000000e0008010, 0x00000000e5560000)
  from space 21824K,  65% used [0x00000000e6ab0000, 0x00000000e7896ca0, 0x00000000e8000000)
  to   space 21824K,   0% used [0x00000000e5560000, 0x00000000e5560000, 0x00000000e6ab0000)
 concurrent mark-sweep generation total 393216K, used 0K [0x00000000e8000000, 0x0000000100000000, 0x0000000100000000)
 Metaspace       used 20985K, capacity 21270K, committed 21628K, reserved 1069056K
  class space    used 2416K, capacity 2583K, committed 2684K, reserved 1048576K
2017-08-12T10:04:12.516+0200: 3,622: [GC (CMS Final Remark) 2017-08-12T10:04:12.516+0200: 3,622: [ParNew
Desired survivor size 20112992 bytes, new threshold 8 (max 8)
- age   1:      32784 bytes,      32784 total
- age   2:    2339384 bytes,    2372168 total
- age   3:     871496 bytes,    3243664 total
- age   4:    6671784 bytes,    9915448 total
: 14267K->12606K(109248K), 0,0243371 secs] 14267K->12606K(502464K), 0,0243871 secs] [Times: user=0,06 sys=0,00, real=0,02 secs] 
Heap after GC invocations=4 (full 1):
 par new generation   total 109248K, used 12606K [0x00000000e0000000, 0x00000000e8000000, 0x00000000e8000000)
  eden space 87424K,   0% used [0x00000000e0000000, 0x00000000e0000000, 0x00000000e5560000)
  from space 21824K,  57% used [0x00000000e5560000, 0x00000000e61afa90, 0x00000000e6ab0000)
  to   space 21824K,   0% used [0x00000000e6ab0000, 0x00000000e6ab0000, 0x00000000e8000000)
 concurrent mark-sweep generation total 393216K, used 0K [0x00000000e8000000, 0x0000000100000000, 0x0000000100000000)
 Metaspace       used 20985K, capacity 21270K, committed 21628K, reserved 1069056K
  class space    used 2416K, capacity 2583K, committed 2684K, reserved 1048576K
}
2017-08-12T10:04:12.540+0200: 3,646: [Rescan (parallel) , 0,0091267 secs]2017-08-12T10:04:12.549+0200: 3,655: [weak refs processing, 0,0020095 secs]2017-08-12T10:04:12.551+0200: 3,657: [class unloading, 0,0035794 secs]2017-08-12T10:04:12.555+0200: 3,661: [scrub symbol table, 0,0031194 secs]2017-08-12T10:04:12.558+0200: 3,664: [scrub string table, 0,0004723 secs][1 CMS-remark: 0K(393216K)] 12606K(502464K), 0,0435653 secs] [Times: user=0,10 sys=0,00, real=0,04 secs] 
2017-08-12T10:04:12.559+0200: 3,665: Total time for which application threads were stopped: 0,0436918 seconds, Stopping threads took: 0,0000283 seconds
2017-08-12T10:04:12.561+0200: 3,667: [CMS-concurrent-sweep-start]
2017-08-12T10:04:12.561+0200: 3,667: [CMS-concurrent-sweep: 0,000/0,000 secs] [Times: user=0,00 sys=0,00, real=0,00 secs] 
2017-08-12T10:04:12.561+0200: 3,667: [CMS-concurrent-reset-start]
2017-08-12T10:04:12.563+0200: 3,669: [CMS-concurrent-reset: 0,002/0,002 secs] [Times: user=0,01 sys=0,00, real=0,01 secs] 
{Heap before GC invocations=4 (full 1):
 par new generation   total 109248K, used 100030K [0x00000000e0000000, 0x00000000e8000000, 0x00000000e8000000)
  eden space 87424K, 100% used [0x00000000e0000000, 0x00000000e5560000, 0x00000000e5560000)
  from space 21824K,  57% used [0x00000000e5560000, 0x00000000e61afa90, 0x00000000e6ab0000)
  to   space 21824K,   0% used [0x00000000e6ab0000, 0x00000000e6ab0000, 0x00000000e8000000)
 concurrent mark-sweep generation total 393216K, used 0K [0x00000000e8000000, 0x0000000100000000, 0x0000000100000000)
 Metaspace       used 21213K, capacity 21588K, committed 21884K, reserved 1069056K
  class space    used 2444K, capacity 2594K, committed 2684K, reserved 1048576K
2017-08-12T10:04:12.658+0200: 3,764: [GC (Allocation Failure) 2017-08-12T10:04:12.658+0200: 3,764: [ParNew
Desired survivor size 20112992 bytes, new threshold 8 (max 8)
- age   1:    1335672 bytes,    1335672 total
- age   3:    1450144 bytes,    2785816 total
- age   4:     840056 bytes,    3625872 total
- age   5:    6671760 bytes,   10297632 total
: 100030K->13452K(109248K), 0,0223832 secs] 100030K->13452K(502464K), 0,0224475 secs] [Times: user=0,05 sys=0,00, real=0,02 secs] 
Heap after GC invocations=5 (full 1):
 par new generation   total 109248K, used 13452K [0x00000000e0000000, 0x00000000e8000000, 0x00000000e8000000)
  eden space 87424K,   0% used [0x00000000e0000000, 0x00000000e0000000, 0x00000000e5560000)
  from space 21824K,  61% used [0x00000000e6ab0000, 0x00000000e77d31f0, 0x00000000e8000000)
  to   space 21824K,   0% used [0x00000000e5560000, 0x00000000e5560000, 0x00000000e6ab0000)
 concurrent mark-sweep generation total 393216K, used 0K [0x00000000e8000000, 0x0000000100000000, 0x0000000100000000)
 Metaspace       used 21213K, capacity 21588K, committed 21884K, reserved 1069056K
  class space    used 2444K, capacity 2594K, committed 2684K, reserved 1048576K
}
2017-08-12T10:04:12.680+0200: 3,786: Total time for which application threads were stopped: 0,0247306 seconds, Stopping threads took: 0,0021444 seconds
{Heap before GC invocations=5 (full 1):
 par new generation   total 109248K, used 100876K [0x00000000e0000000, 0x00000000e8000000, 0x00000000e8000000)
  eden space 87424K, 100% used [0x00000000e0000000, 0x00000000e5560000, 0x00000000e5560000)
  from space 21824K,  61% used [0x00000000e6ab0000, 0x00000000e77d31f0, 0x00000000e8000000)
  to   space 21824K,   0% used [0x00000000e5560000, 0x00000000e5560000, 0x00000000e6ab0000)
 concurrent mark-sweep generation total 393216K, used 0K [0x00000000e8000000, 0x0000000100000000, 0x0000000100000000)
 Metaspace       used 21416K, capacity 21776K, committed 21884K, reserved 1069056K
  class space    used 2468K, capacity 2631K, committed 2684K, reserved 1048576K
2017-08-12T10:04:12.796+0200: 3,902: [GC (Allocation Failure) 2017-08-12T10:04:12.796+0200: 3,902: [ParNew
Desired survivor size 20112992 bytes, new threshold 8 (max 8)
- age   1:     763248 bytes,     763248 total
- age   2:     168728 bytes,     931976 total
- age   4:    1448656 bytes,    2380632 total
- age   5:     836136 bytes,    3216768 total
- age   6:    6671744 bytes,    9888512 total
: 100876K->13733K(109248K), 0,0166634 secs] 100876K->13733K(502464K), 0,0167552 secs] [Times: user=0,05 sys=0,00, real=0,01 secs] 
Heap after GC invocations=6 (full 1):
 par new generation   total 109248K, used 13733K [0x00000000e0000000, 0x00000000e8000000, 0x00000000e8000000)
  eden space 87424K,   0% used [0x00000000e0000000, 0x00000000e0000000, 0x00000000e5560000)
  from space 21824K,  62% used [0x00000000e5560000, 0x00000000e62c96b0, 0x00000000e6ab0000)
  to   space 21824K,   0% used [0x00000000e6ab0000, 0x00000000e6ab0000, 0x00000000e8000000)
 concurrent mark-sweep generation total 393216K, used 0K [0x00000000e8000000, 0x0000000100000000, 0x0000000100000000)
 Metaspace       used 21416K, capacity 21776K, committed 21884K, reserved 1069056K
  class space    used 2468K, capacity 2631K, committed 2684K, reserved 1048576K
}
2017-08-12T10:04:12.813+0200: 3,919: Total time for which application threads were stopped: 0,0169764 seconds, Stopping threads took: 0,0000411 seconds
2017-08-12T10:04:12.846+0200: 3,952: Total time for which application threads were stopped: 0,0005465 seconds, Stopping threads took: 0,0000890 seconds
2017-08-12T10:04:12.950+0200: 4,056: Total time for which application threads were stopped: 0,0003134 seconds, Stopping threads took: 0,0000332 seconds
2017-08-12T10:04:12.953+0200: 4,059: Total time for which application threads were stopped: 0,0001551 seconds, Stopping threads took: 0,0000517 seconds
2017-08-12T10:04:13.051+0200: 4,157: Total time for which application threads were stopped: 0,0002421 seconds, Stopping threads took: 0,0001059 seconds
2017-08-12T10:04:13.051+0200: 4,157: Total time for which application threads were stopped: 0,0000610 seconds, Stopping threads took: 0,0000221 seconds
2017-08-12T10:04:13.174+0200: 4,280: Total time for which application threads were stopped: 0,0001922 seconds, Stopping threads took: 0,0000544 seconds
2017-08-12T10:04:13.185+0200: 4,292: Total time for which application threads were stopped: 0,0001752 seconds, Stopping threads took: 0,0000502 seconds
2017-08-12T10:04:13.186+0200: 4,292: Total time for which application threads were stopped: 0,0001232 seconds, Stopping threads took: 0,0000359 seconds
2017-08-12T10:04:13.186+0200: 4,292: Total time for which application threads were stopped: 0,0000959 seconds, Stopping threads took: 0,0000141 seconds
2017-08-12T10:04:13.187+0200: 4,293: Total time for which application threads were stopped: 0,0010155 seconds, Stopping threads took: 0,0009243 seconds
2017-08-12T10:04:13.187+0200: 4,294: Total time for which application threads were stopped: 0,0001043 seconds, Stopping threads took: 0,0000228 seconds
2017-08-12T10:04:13.188+0200: 4,294: Total time for which application threads were stopped: 0,0000984 seconds, Stopping threads took: 0,0000242 seconds
2017-08-12T10:04:13.188+0200: 4,294: Total time for which application threads were stopped: 0,0000764 seconds, Stopping threads took: 0,0000144 seconds
2017-08-12T10:04:13.188+0200: 4,294: Total time for which application threads were stopped: 0,0001254 seconds, Stopping threads took: 0,0000518 seconds
2017-08-12T10:04:13.188+0200: 4,294: Total time for which application threads were stopped: 0,0000795 seconds, Stopping threads took: 0,0000117 seconds
2017-08-12T10:04:13.188+0200: 4,295: Total time for which application threads were stopped: 0,0000705 seconds, Stopping threads took: 0,0000128 seconds
2017-08-12T10:04:13.193+0200: 4,299: Total time for which application threads were stopped: 0,0041727 seconds, Stopping threads took: 0,0040268 seconds
2017-08-12T10:04:13.193+0200: 4,299: Total time for which application threads were stopped: 0,0001324 seconds, Stopping threads took: 0,0000341 seconds
2017-08-12T10:04:13.194+0200: 4,300: Total time for which application threads were stopped: 0,0007356 seconds, Stopping threads took: 0,0006375 seconds
2017-08-12T10:04:13.194+0200: 4,300: Total time for which application threads were stopped: 0,0000947 seconds, Stopping threads took: 0,0000148 seconds
2017-08-12T10:04:13.195+0200: 4,301: Total time for which application threads were stopped: 0,0001023 seconds, Stopping threads took: 0,0000145 seconds
2017-08-12T10:04:13.195+0200: 4,301: Total time for which application threads were stopped: 0,0000967 seconds, Stopping threads took: 0,0000161 seconds
2017-08-12T10:04:13.195+0200: 4,302: Total time for which application threads were stopped: 0,0000790 seconds, Stopping threads took: 0,0000121 seconds
2017-08-12T10:04:13.195+0200: 4,302: Total time for which application threads were stopped: 0,0000654 seconds, Stopping threads took: 0,0000094 seconds
2017-08-12T10:04:13.195+0200: 4,302: Total time for which application threads were stopped: 0,0000656 seconds, Stopping threads took: 0,0000091 seconds
2017-08-12T10:04:13.197+0200: 4,303: Total time for which application threads were stopped: 0,0001248 seconds, Stopping threads took: 0,0000221 seconds
2017-08-12T10:04:13.197+0200: 4,303: Total time for which application threads were stopped: 0,0002186 seconds, Stopping threads took: 0,0000238 seconds
2017-08-12T10:04:13.197+0200: 4,303: Total time for which application threads were stopped: 0,0000845 seconds, Stopping threads took: 0,0000136 seconds
2017-08-12T10:04:13.197+0200: 4,304: Total time for which application threads were stopped: 0,0000975 seconds, Stopping threads took: 0,0000098 seconds
2017-08-12T10:04:13.198+0200: 4,304: Total time for which application threads were stopped: 0,0000626 seconds, Stopping threads took: 0,0000098 seconds
2017-08-12T10:04:13.198+0200: 4,304: Total time for which application threads were stopped: 0,0000593 seconds, Stopping threads took: 0,0000087 seconds
2017-08-12T10:04:13.198+0200: 4,304: Total time for which application threads were stopped: 0,0000614 seconds, Stopping threads took: 0,0000086 seconds
2017-08-12T10:04:13.198+0200: 4,304: Total time for which application threads were stopped: 0,0000593 seconds, Stopping threads took: 0,0000095 seconds
2017-08-12T10:04:13.198+0200: 4,304: Total time for which application threads were stopped: 0,0000867 seconds, Stopping threads took: 0,0000209 seconds
2017-08-12T10:04:13.198+0200: 4,304: Total time for which application threads were stopped: 0,0000918 seconds, Stopping threads took: 0,0000283 seconds
2017-08-12T10:04:13.198+0200: 4,305: Total time for which application threads were stopped: 0,0000754 seconds, Stopping threads took: 0,0000207 seconds
2017-08-12T10:04:13.199+0200: 4,305: Total time for which application threads were stopped: 0,0000807 seconds, Stopping threads took: 0,0000232 seconds
2017-08-12T10:04:13.199+0200: 4,305: Total time for which application threads were stopped: 0,0000969 seconds, Stopping threads took: 0,0000390 seconds
2017-08-12T10:04:13.199+0200: 4,305: Total time for which application threads were stopped: 0,0001090 seconds, Stopping threads took: 0,0000404 seconds
2017-08-12T10:04:13.200+0200: 4,306: Total time for which application threads were stopped: 0,0005101 seconds, Stopping threads took: 0,0004456 seconds
2017-08-12T10:04:13.200+0200: 4,306: Total time for which application threads were stopped: 0,0001089 seconds, Stopping threads took: 0,0000347 seconds
2017-08-12T10:04:13.200+0200: 4,306: Total time for which application threads were stopped: 0,0005352 seconds, Stopping threads took: 0,0004657 seconds
2017-08-12T10:04:13.202+0200: 4,308: Total time for which application threads were stopped: 0,0004225 seconds, Stopping threads took: 0,0003155 seconds
2017-08-12T10:04:13.202+0200: 4,309: Total time for which application threads were stopped: 0,0004313 seconds, Stopping threads took: 0,0003469 seconds
2017-08-12T10:04:13.203+0200: 4,309: Total time for which application threads were stopped: 0,0005305 seconds, Stopping threads took: 0,0004575 seconds
2017-08-12T10:04:13.205+0200: 4,311: Total time for which application threads were stopped: 0,0005934 seconds, Stopping threads took: 0,0004821 seconds
2017-08-12T10:04:13.210+0200: 4,316: Total time for which application threads were stopped: 0,0001267 seconds, Stopping threads took: 0,0000355 seconds
2017-08-12T10:04:13.210+0200: 4,316: Total time for which application threads were stopped: 0,0000877 seconds, Stopping threads took: 0,0000273 seconds
2017-08-12T10:04:13.211+0200: 4,317: Total time for which application threads were stopped: 0,0002333 seconds, Stopping threads took: 0,0000312 seconds
2017-08-12T10:04:13.211+0200: 4,317: Total time for which application threads were stopped: 0,0002307 seconds, Stopping threads took: 0,0001662 seconds
2017-08-12T10:04:13.211+0200: 4,317: Total time for which application threads were stopped: 0,0000918 seconds, Stopping threads took: 0,0000303 seconds
2017-08-12T10:04:13.211+0200: 4,318: Total time for which application threads were stopped: 0,0000942 seconds, Stopping threads took: 0,0000507 seconds
2017-08-12T10:04:13.218+0200: 4,324: Total time for which application threads were stopped: 0,0001384 seconds, Stopping threads took: 0,0000359 seconds
2017-08-12T10:04:13.219+0200: 4,325: Total time for which application threads were stopped: 0,0001383 seconds, Stopping threads took: 0,0000372 seconds
2017-08-12T10:04:13.226+0200: 4,332: Total time for which application threads were stopped: 0,0064174 seconds, Stopping threads took: 0,0059287 seconds
2017-08-12T10:04:13.235+0200: 4,341: Total time for which application threads were stopped: 0,0001642 seconds, Stopping threads took: 0,0000315 seconds
2017-08-12T10:04:13.235+0200: 4,341: Total time for which application threads were stopped: 0,0001397 seconds, Stopping threads took: 0,0000259 seconds
2017-08-12T10:04:13.248+0200: 4,355: Total time for which application threads were stopped: 0,0027090 seconds, Stopping threads took: 0,0026255 seconds
2017-08-12T10:04:13.248+0200: 4,355: Total time for which application threads were stopped: 0,0000564 seconds, Stopping threads took: 0,0000220 seconds
2017-08-12T10:04:13.253+0200: 4,359: Total time for which application threads were stopped: 0,0003536 seconds, Stopping threads took: 0,0000496 seconds
2017-08-12T10:04:13.267+0200: 4,373: Total time for which application threads were stopped: 0,0001122 seconds, Stopping threads took: 0,0000424 seconds
2017-08-12T10:04:13.267+0200: 4,373: Total time for which application threads were stopped: 0,0000623 seconds, Stopping threads took: 0,0000179 seconds
2017-08-12T10:04:13.272+0200: 4,379: Total time for which application threads were stopped: 0,0001121 seconds, Stopping threads took: 0,0000349 seconds
2017-08-12T10:04:13.280+0200: 4,386: Total time for which application threads were stopped: 0,0014218 seconds, Stopping threads took: 0,0012897 seconds
2017-08-12T10:04:13.294+0200: 4,400: Total time for which application threads were stopped: 0,0001092 seconds, Stopping threads took: 0,0000460 seconds
2017-08-12T10:04:13.294+0200: 4,400: Total time for which application threads were stopped: 0,0000775 seconds, Stopping threads took: 0,0000251 seconds
2017-08-12T10:04:13.295+0200: 4,401: Total time for which application threads were stopped: 0,0000601 seconds, Stopping threads took: 0,0000199 seconds
2017-08-12T10:04:13.298+0200: 4,404: Total time for which application threads were stopped: 0,0001046 seconds, Stopping threads took: 0,0000272 seconds
2017-08-12T10:04:13.301+0200: 4,407: Total time for which application threads were stopped: 0,0001488 seconds, Stopping threads took: 0,0000875 seconds
2017-08-12T10:04:13.304+0200: 4,411: Total time for which application threads were stopped: 0,0001267 seconds, Stopping threads took: 0,0000459 seconds
2017-08-12T10:04:13.308+0200: 4,415: Total time for which application threads were stopped: 0,0001128 seconds, Stopping threads took: 0,0000410 seconds
2017-08-12T10:04:13.309+0200: 4,415: Total time for which application threads were stopped: 0,0000883 seconds, Stopping threads took: 0,0000231 seconds
2017-08-12T10:04:13.355+0200: 4,461: Total time for which application threads were stopped: 0,0013509 seconds, Stopping threads took: 0,0011901 seconds
2017-08-12T10:04:13.366+0200: 4,472: Total time for which application threads were stopped: 0,0002184 seconds, Stopping threads took: 0,0001120 seconds
2017-08-12T10:04:13.386+0200: 4,492: Total time for which application threads were stopped: 0,0027743 seconds, Stopping threads took: 0,0026761 seconds
2017-08-12T10:04:13.413+0200: 4,519: Total time for which application threads were stopped: 0,0023907 seconds, Stopping threads took: 0,0022554 seconds
2017-08-12T10:04:13.427+0200: 4,534: Total time for which application threads were stopped: 0,0007652 seconds, Stopping threads took: 0,0006522 seconds
2017-08-12T10:04:13.428+0200: 4,534: Total time for which application threads were stopped: 0,0001185 seconds, Stopping threads took: 0,0000387 seconds
2017-08-12T10:04:13.428+0200: 4,534: Total time for which application threads were stopped: 0,0001603 seconds, Stopping threads took: 0,0000888 seconds
2017-08-12T10:04:13.428+0200: 4,535: Total time for which application threads were stopped: 0,0001127 seconds, Stopping threads took: 0,0000297 seconds
2017-08-12T10:04:13.429+0200: 4,535: Total time for which application threads were stopped: 0,0001498 seconds, Stopping threads took: 0,0000733 seconds
2017-08-12T10:04:13.429+0200: 4,535: Total time for which application threads were stopped: 0,0000845 seconds, Stopping threads took: 0,0000238 seconds
2017-08-12T10:04:13.429+0200: 4,536: Total time for which application threads were stopped: 0,0001710 seconds, Stopping threads took: 0,0001115 seconds
2017-08-12T10:04:13.433+0200: 4,540: Total time for which application threads were stopped: 0,0040262 seconds, Stopping threads took: 0,0039564 seconds
2017-08-12T10:04:13.436+0200: 4,542: Total time for which application threads were stopped: 0,0023849 seconds, Stopping threads took: 0,0023054 seconds
2017-08-12T10:04:13.437+0200: 4,543: Total time for which application threads were stopped: 0,0001524 seconds, Stopping threads took: 0,0000689 seconds
2017-08-12T10:04:13.438+0200: 4,545: Total time for which application threads were stopped: 0,0001489 seconds, Stopping threads took: 0,0000478 seconds
{Heap before GC invocations=6 (full 1):
 par new generation   total 109248K, used 101157K [0x00000000e0000000, 0x00000000e8000000, 0x00000000e8000000)
  eden space 87424K, 100% used [0x00000000e0000000, 0x00000000e5560000, 0x00000000e5560000)
  from space 21824K,  62% used [0x00000000e5560000, 0x00000000e62c96b0, 0x00000000e6ab0000)
  to   space 21824K,   0% used [0x00000000e6ab0000, 0x00000000e6ab0000, 0x00000000e8000000)
 concurrent mark-sweep generation total 393216K, used 0K [0x00000000e8000000, 0x0000000100000000, 0x0000000100000000)
 Metaspace       used 23903K, capacity 24372K, committed 24572K, reserved 1071104K
  class space    used 2809K, capacity 3005K, committed 3068K, reserved 1048576K
2017-08-12T10:04:13.461+0200: 4,567: [GC (Allocation Failure) 2017-08-12T10:04:13.461+0200: 4,567: [ParNew
Desired survivor size 20112992 bytes, new threshold 8 (max 8)
- age   1:    5196336 bytes,    5196336 total
- age   2:     176016 bytes,    5372352 total
- age   3:     167944 bytes,    5540296 total
- age   5:     279688 bytes,    5819984 total
- age   6:     811792 bytes,    6631776 total
- age   7:    6663680 bytes,   13295456 total
: 101157K->14609K(109248K), 0,0168103 secs] 101157K->14609K(502464K), 0,0168890 secs] [Times: user=0,05 sys=0,00, real=0,02 secs] 
Heap after GC invocations=7 (full 1):
 par new generation   total 109248K, used 14609K [0x00000000e0000000, 0x00000000e8000000, 0x00000000e8000000)
  eden space 87424K,   0% used [0x00000000e0000000, 0x00000000e0000000, 0x00000000e5560000)
  from space 21824K,  66% used [0x00000000e6ab0000, 0x00000000e78f4500, 0x00000000e8000000)
  to   space 21824K,   0% used [0x00000000e5560000, 0x00000000e5560000, 0x00000000e6ab0000)
 concurrent mark-sweep generation total 393216K, used 0K [0x00000000e8000000, 0x0000000100000000, 0x0000000100000000)
 Metaspace       used 23903K, capacity 24372K, committed 24572K, reserved 1071104K
  class space    used 2809K, capacity 3005K, committed 3068K, reserved 1048576K
}
2017-08-12T10:04:13.478+0200: 4,584: Total time for which application threads were stopped: 0,0171845 seconds, Stopping threads took: 0,0001011 seconds
2017-08-12T10:04:13.490+0200: 4,596: Total time for which application threads were stopped: 0,0001388 seconds, Stopping threads took: 0,0000399 seconds
2017-08-12T10:04:13.490+0200: 4,596: Total time for which application threads were stopped: 0,0001269 seconds, Stopping threads took: 0,0000453 seconds
{Heap before GC invocations=7 (full 1):
 par new generation   total 109248K, used 102033K [0x00000000e0000000, 0x00000000e8000000, 0x00000000e8000000)
  eden space 87424K, 100% used [0x00000000e0000000, 0x00000000e5560000, 0x00000000e5560000)
  from space 21824K,  66% used [0x00000000e6ab0000, 0x00000000e78f4500, 0x00000000e8000000)
  to   space 21824K,   0% used [0x00000000e5560000, 0x00000000e5560000, 0x00000000e6ab0000)
 concurrent mark-sweep generation total 393216K, used 0K [0x00000000e8000000, 0x0000000100000000, 0x0000000100000000)
 Metaspace       used 24294K, capacity 24746K, committed 24828K, reserved 1071104K
  class space    used 2845K, capacity 3041K, committed 3068K, reserved 1048576K
2017-08-12T10:04:13.603+0200: 4,709: [GC (Allocation Failure) 2017-08-12T10:04:13.603+0200: 4,709: [ParNew
Desired survivor size 20112992 bytes, new threshold 8 (max 8)
- age   1:    1899784 bytes,    1899784 total
- age   2:    1810528 bytes,    3710312 total
- age   3:      77960 bytes,    3788272 total
- age   4:      76320 bytes,    3864592 total
- age   6:     183880 bytes,    4048472 total
- age   7:     769520 bytes,    4817992 total
- age   8:    6130792 bytes,   10948784 total
: 102033K->16432K(109248K), 0,0258412 secs] 102033K->16432K(502464K), 0,0259205 secs] [Times: user=0,05 sys=0,00, real=0,02 secs] 
Heap after GC invocations=8 (full 1):
 par new generation   total 109248K, used 16432K [0x00000000e0000000, 0x00000000e8000000, 0x00000000e8000000)
  eden space 87424K,   0% used [0x00000000e0000000, 0x00000000e0000000, 0x00000000e5560000)
  from space 21824K,  75% used [0x00000000e5560000, 0x00000000e656c2f0, 0x00000000e6ab0000)
  to   space 21824K,   0% used [0x00000000e6ab0000, 0x00000000e6ab0000, 0x00000000e8000000)
 concurrent mark-sweep generation total 393216K, used 0K [0x00000000e8000000, 0x0000000100000000, 0x0000000100000000)
 Metaspace       used 24294K, capacity 24746K, committed 24828K, reserved 1071104K
  class space    used 2845K, capacity 3041K, committed 3068K, reserved 1048576K
}
2017-08-12T10:04:13.629+0200: 4,735: Total time for which application threads were stopped: 0,0321391 seconds, Stopping threads took: 0,0059862 seconds
2017-08-12T10:04:13.630+0200: 4,736: Total time for which application threads were stopped: 0,0001366 seconds, Stopping threads took: 0,0000499 seconds
2017-08-12T10:04:13.630+0200: 4,736: Total time for which application threads were stopped: 0,0000696 seconds, Stopping threads took: 0,0000064 seconds
2017-08-12T10:04:13.630+0200: 4,736: Total time for which application threads were stopped: 0,0000609 seconds, Stopping threads took: 0,0000058 seconds
2017-08-12T10:04:13.726+0200: 4,833: Total time for which application threads were stopped: 0,0064964 seconds, Stopping threads took: 0,0062456 seconds
2017-08-12T10:04:13.843+0200: 4,949: Total time for which application threads were stopped: 0,0245680 seconds, Stopping threads took: 0,0244705 seconds
{Heap before GC invocations=8 (full 1):
 par new generation   total 109248K, used 103856K [0x00000000e0000000, 0x00000000e8000000, 0x00000000e8000000)
  eden space 87424K, 100% used [0x00000000e0000000, 0x00000000e5560000, 0x00000000e5560000)
  from space 21824K,  75% used [0x00000000e5560000, 0x00000000e656c2f0, 0x00000000e6ab0000)
  to   space 21824K,   0% used [0x00000000e6ab0000, 0x00000000e6ab0000, 0x00000000e8000000)
 concurrent mark-sweep generation total 393216K, used 0K [0x00000000e8000000, 0x0000000100000000, 0x0000000100000000)
 Metaspace       used 24580K, capacity 25012K, committed 25084K, reserved 1071104K
  class space    used 2866K, capacity 3043K, committed 3068K, reserved 1048576K
2017-08-12T10:04:13.881+0200: 4,987: [GC (Allocation Failure) 2017-08-12T10:04:13.881+0200: 4,987: [ParNew
Desired survivor size 20112992 bytes, new threshold 8 (max 8)
- age   1:     920648 bytes,     920648 total
- age   2:     593176 bytes,    1513824 total
- age   3:    1787624 bytes,    3301448 total
- age   4:      77928 bytes,    3379376 total
- age   5:      76256 bytes,    3455632 total
- age   7:     181080 bytes,    3636712 total
- age   8:     768752 bytes,    4405464 total
: 103856K->6764K(109248K), 0,0665005 secs] 103856K->13386K(502464K), 0,0665893 secs] [Times: user=0,10 sys=0,00, real=0,07 secs] 
Heap after GC invocations=9 (full 1):
 par new generation   total 109248K, used 6764K [0x00000000e0000000, 0x00000000e8000000, 0x00000000e8000000)
  eden space 87424K,   0% used [0x00000000e0000000, 0x00000000e0000000, 0x00000000e5560000)
  from space 21824K,  30% used [0x00000000e6ab0000, 0x00000000e714b310, 0x00000000e8000000)
  to   space 21824K,   0% used [0x00000000e5560000, 0x00000000e5560000, 0x00000000e6ab0000)
 concurrent mark-sweep generation total 393216K, used 6621K [0x00000000e8000000, 0x0000000100000000, 0x0000000100000000)
 Metaspace       used 24580K, capacity 25012K, committed 25084K, reserved 1071104K
  class space    used 2866K, capacity 3043K, committed 3068K, reserved 1048576K
}
2017-08-12T10:04:13.947+0200: 5,054: Total time for which application threads were stopped: 0,0677494 seconds, Stopping threads took: 0,0009813 seconds
2017-08-12T10:04:13.996+0200: 5,103: Total time for which application threads were stopped: 0,0004102 seconds, Stopping threads took: 0,0000440 seconds
2017-08-12T10:04:14.025+0200: 5,132: Total time for which application threads were stopped: 0,0078315 seconds, Stopping threads took: 0,0075469 seconds
2017-08-12T10:04:14.125+0200: 5,231: Total time for which application threads were stopped: 0,0017313 seconds, Stopping threads took: 0,0015969 seconds
2017-08-12T10:04:14.160+0200: 5,266: Total time for which application threads were stopped: 0,0001771 seconds, Stopping threads took: 0,0000629 seconds
2017-08-12T10:04:14.216+0200: 5,323: Total time for which application threads were stopped: 0,0022918 seconds, Stopping threads took: 0,0021554 seconds
2017-08-12T10:04:14.222+0200: 5,328: Total time for which application threads were stopped: 0,0001585 seconds, Stopping threads took: 0,0000394 seconds
2017-08-12T10:04:14.226+0200: 5,332: Total time for which application threads were stopped: 0,0001334 seconds, Stopping threads took: 0,0000474 seconds
2017-08-12T10:04:14.226+0200: 5,333: Total time for which application threads were stopped: 0,0001470 seconds, Stopping threads took: 0,0000329 seconds
2017-08-12T10:04:14.539+0200: 5,645: Total time for which application threads were stopped: 0,0131373 seconds, Stopping threads took: 0,0130271 seconds
2017-08-12T10:04:14.541+0200: 5,647: Total time for which application threads were stopped: 0,0009720 seconds, Stopping threads took: 0,0008904 seconds
2017-08-12T10:04:14.560+0200: 5,666: Total time for which application threads were stopped: 0,0025593 seconds, Stopping threads took: 0,0024620 seconds
2017-08-12T10:04:14.582+0200: 5,688: Total time for which application threads were stopped: 0,0001505 seconds, Stopping threads took: 0,0000369 seconds
2017-08-12T10:04:14.583+0200: 5,690: Total time for which application threads were stopped: 0,0006097 seconds, Stopping threads took: 0,0004685 seconds
2017-08-12T10:04:14.655+0200: 5,762: Total time for which application threads were stopped: 0,0004211 seconds, Stopping threads took: 0,0003023 seconds
2017-08-12T10:04:14.733+0200: 5,839: Total time for which application threads were stopped: 0,0003539 seconds, Stopping threads took: 0,0002497 seconds
2017-08-12T10:04:14.905+0200: 6,011: Total time for which application threads were stopped: 0,0001824 seconds, Stopping threads took: 0,0000453 seconds
2017-08-12T10:04:14.910+0200: 6,016: Total time for which application threads were stopped: 0,0004488 seconds, Stopping threads took: 0,0000372 seconds
2017-08-12T10:04:14.931+0200: 6,037: Total time for which application threads were stopped: 0,0005379 seconds, Stopping threads took: 0,0000367 seconds
2017-08-12T10:04:15.054+0200: 6,160: Total time for which application threads were stopped: 0,0005152 seconds, Stopping threads took: 0,0000304 seconds
2017-08-12T10:04:15.072+0200: 6,178: Total time for which application threads were stopped: 0,0001744 seconds, Stopping threads took: 0,0000407 seconds
2017-08-12T10:04:15.078+0200: 6,184: Total time for which application threads were stopped: 0,0053037 seconds, Stopping threads took: 0,0052267 seconds
2017-08-12T10:04:15.088+0200: 6,194: Total time for which application threads were stopped: 0,0001492 seconds, Stopping threads took: 0,0000409 seconds
2017-08-12T10:04:15.096+0200: 6,202: Total time for which application threads were stopped: 0,0002248 seconds, Stopping threads took: 0,0000466 seconds
2017-08-12T10:04:15.114+0200: 6,220: Total time for which application threads were stopped: 0,0002481 seconds, Stopping threads took: 0,0001300 seconds
2017-08-12T10:04:15.130+0200: 6,236: Total time for which application threads were stopped: 0,0001811 seconds, Stopping threads took: 0,0000735 seconds
2017-08-12T10:04:15.138+0200: 6,244: Total time for which application threads were stopped: 0,0001302 seconds, Stopping threads took: 0,0000511 seconds
2017-08-12T10:04:15.193+0200: 6,299: Total time for which application threads were stopped: 0,0001827 seconds, Stopping threads took: 0,0000762 seconds
2017-08-12T10:04:15.197+0200: 6,304: Total time for which application threads were stopped: 0,0042550 seconds, Stopping threads took: 0,0041766 seconds
2017-08-12T10:04:15.202+0200: 6,308: Total time for which application threads were stopped: 0,0002028 seconds, Stopping threads took: 0,0000528 seconds
2017-08-12T10:04:15.202+0200: 6,308: Total time for which application threads were stopped: 0,0004433 seconds, Stopping threads took: 0,0000342 seconds
2017-08-12T10:04:15.228+0200: 6,334: Total time for which application threads were stopped: 0,0001265 seconds, Stopping threads took: 0,0000380 seconds
2017-08-12T10:06:06.421+0200: 118,348: Total time for which application threads were stopped: 0,0000804 seconds, Stopping threads took: 0,0000318 seconds
2017-08-12T10:06:11.422+0200: 123,349: Total time for which application threads were stopped: 0,0001574 seconds, Stopping threads took: 0,0000620 seconds
2017-08-12T10:07:09.427+0200: 181,354: Total time for which application threads were stopped: 0,0001167 seconds, Stopping threads took: 0,0000458 seconds
{Heap before GC invocations=9 (full 1):
 par new generation   total 109248K, used 94188K [0x00000000e0000000, 0x00000000e8000000, 0x00000000e8000000)
  eden space 87424K, 100% used [0x00000000e0000000, 0x00000000e5560000, 0x00000000e5560000)
  from space 21824K,  30% used [0x00000000e6ab0000, 0x00000000e714b310, 0x00000000e8000000)
  to   space 21824K,   0% used [0x00000000e5560000, 0x00000000e5560000, 0x00000000e6ab0000)
 concurrent mark-sweep generation total 393216K, used 6621K [0x00000000e8000000, 0x0000000100000000, 0x0000000100000000)
 Metaspace       used 28040K, capacity 28530K, committed 28796K, reserved 1075200K
  class space    used 3207K, capacity 3380K, committed 3452K, reserved 1048576K
2017-08-12T10:08:39.381+0200: 271,308: [GC (Allocation Failure) 2017-08-12T10:08:39.381+0200: 271,308: [ParNew
Desired survivor size 20112992 bytes, new threshold 8 (max 8)
- age   1:   10925248 bytes,   10925248 total
- age   2:     485184 bytes,   11410432 total
- age   3:     202000 bytes,   11612432 total
- age   4:    1771712 bytes,   13384144 total
- age   5:      75512 bytes,   13459656 total
- age   6:      76096 bytes,   13535752 total
- age   8:     180456 bytes,   13716208 total
: 94188K->14830K(109248K), 0,0184744 secs] 100810K->22214K(502464K), 0,0187844 secs] [Times: user=0,06 sys=0,00, real=0,02 secs] 
Heap after GC invocations=10 (full 1):
 par new generation   total 109248K, used 14830K [0x00000000e0000000, 0x00000000e8000000, 0x00000000e8000000)
  eden space 87424K,   0% used [0x00000000e0000000, 0x00000000e0000000, 0x00000000e5560000)
  from space 21824K,  67% used [0x00000000e5560000, 0x00000000e63dba30, 0x00000000e6ab0000)
  to   space 21824K,   0% used [0x00000000e6ab0000, 0x00000000e6ab0000, 0x00000000e8000000)
 concurrent mark-sweep generation total 393216K, used 7383K [0x00000000e8000000, 0x0000000100000000, 0x0000000100000000)
 Metaspace       used 28040K, capacity 28530K, committed 28796K, reserved 1075200K
  class space    used 3207K, capacity 3380K, committed 3452K, reserved 1048576K
}
2017-08-12T10:08:39.399+0200: 271,326: Total time for which application threads were stopped: 0,0193511 seconds, Stopping threads took: 0,0001486 seconds
2017-08-12T10:08:39.401+0200: 271,328: Total time for which application threads were stopped: 0,0000674 seconds, Stopping threads took: 0,0000282 seconds
2017-08-12T10:08:39.401+0200: 271,328: Total time for which application threads were stopped: 0,0000418 seconds, Stopping threads took: 0,0000205 seconds
2017-08-12T10:08:44.401+0200: 276,328: Total time for which application threads were stopped: 0,0000603 seconds, Stopping threads took: 0,0000200 seconds
2017-08-12T10:27:39.519+0200: 1411,446: Total time for which application threads were stopped: 0,0001196 seconds, Stopping threads took: 0,0000478 seconds
2017-08-12T10:31:24.541+0200: 1636,468: Total time for which application threads were stopped: 0,0000827 seconds, Stopping threads took: 0,0000323 seconds
2017-08-12T10:31:29.542+0200: 1641,469: Total time for which application threads were stopped: 0,0003814 seconds, Stopping threads took: 0,0000677 seconds
2017-08-12T10:42:59.612+0200: 2331,539: Total time for which application threads were stopped: 0,0000782 seconds, Stopping threads took: 0,0000325 seconds
2017-08-12T10:43:00.612+0200: 2332,539: Total time for which application threads were stopped: 0,0000648 seconds, Stopping threads took: 0,0000148 seconds
2017-08-12T10:54:40.684+0200: 3032,611: Total time for which application threads were stopped: 0,0000760 seconds, Stopping threads took: 0,0000298 seconds
2017-08-12T11:02:25.731+0200: 3497,658: Total time for which application threads were stopped: 0,0000799 seconds, Stopping threads took: 0,0000327 seconds
2017-08-12T11:02:30.731+0200: 3502,658: Total time for which application threads were stopped: 0,0000653 seconds, Stopping threads took: 0,0000147 seconds
2017-08-12T11:06:34.764+0200: 3746,691: Total time for which application threads were stopped: 0,0000968 seconds, Stopping threads took: 0,0000375 seconds
2017-08-12T11:11:29.810+0200: 4041,737: Total time for which application threads were stopped: 0,0004112 seconds, Stopping threads took: 0,0001388 seconds
2017-08-12T11:11:44.812+0200: 4056,739: Total time for which application threads were stopped: 0,0003633 seconds, Stopping threads took: 0,0001371 seconds
2017-08-12T11:28:35.918+0200: 5067,845: Total time for which application threads were stopped: 0,0005393 seconds, Stopping threads took: 0,0002334 seconds
2017-08-12T11:28:45.919+0200: 5077,846: Total time for which application threads were stopped: 0,0003343 seconds, Stopping threads took: 0,0000820 seconds
2017-08-12T12:01:51.138+0200: 7063,065: Total time for which application threads were stopped: 0,0000774 seconds, Stopping threads took: 0,0000324 seconds
2017-08-12T12:12:10.203+0200: 7682,130: Total time for which application threads were stopped: 0,0000879 seconds, Stopping threads took: 0,0000366 seconds
2017-08-12T12:12:40.206+0200: 7712,133: Total time for which application threads were stopped: 0,0000718 seconds, Stopping threads took: 0,0000270 seconds
2017-08-12T13:10:40.591+0200: 11192,518: Total time for which application threads were stopped: 0,0000791 seconds, Stopping threads took: 0,0000330 seconds
2017-08-12T13:26:57.202+0200: 12169,129: Total time for which application threads were stopped: 0,0001032 seconds, Stopping threads took: 0,0000211 seconds
2017-08-12T13:26:57.202+0200: 12169,129: Total time for which application threads were stopped: 0,0001220 seconds, Stopping threads took: 0,0000343 seconds
2017-08-12T13:26:57.206+0200: 12169,133: Total time for which application threads were stopped: 0,0000935 seconds, Stopping threads took: 0,0000149 seconds
2017-08-12T13:26:57.206+0200: 12169,133: Total time for which application threads were stopped: 0,0000698 seconds, Stopping threads took: 0,0000175 seconds
2017-08-12T13:26:57.206+0200: 12169,133: Total time for which application threads were stopped: 0,0000548 seconds, Stopping threads took: 0,0000162 seconds
2017-08-12T13:26:57.206+0200: 12169,133: Total time for which application threads were stopped: 0,0000565 seconds, Stopping threads took: 0,0000153 seconds
2017-08-12T13:26:57.206+0200: 12169,133: Total time for which application threads were stopped: 0,0000467 seconds, Stopping threads took: 0,0000124 seconds
2017-08-12T13:26:57.207+0200: 12169,134: Total time for which application threads were stopped: 0,0000791 seconds, Stopping threads took: 0,0000211 seconds
2017-08-12T13:26:57.207+0200: 12169,134: Total time for which application threads were stopped: 0,0000659 seconds, Stopping threads took: 0,0000143 seconds
2017-08-12T13:26:57.207+0200: 12169,134: Total time for which application threads were stopped: 0,0000511 seconds, Stopping threads took: 0,0000148 seconds
2017-08-12T13:26:57.207+0200: 12169,134: Total time for which application threads were stopped: 0,0000430 seconds, Stopping threads took: 0,0000113 seconds
2017-08-12T13:26:57.207+0200: 12169,134: Total time for which application threads were stopped: 0,0000507 seconds, Stopping threads took: 0,0000138 seconds
2017-08-12T13:26:57.208+0200: 12169,135: Total time for which application threads were stopped: 0,0000410 seconds, Stopping threads took: 0,0000114 seconds
2017-08-12T13:26:57.208+0200: 12169,135: Total time for which application threads were stopped: 0,0000405 seconds, Stopping threads took: 0,0000120 seconds
2017-08-12T13:26:57.208+0200: 12169,135: Total time for which application threads were stopped: 0,0000415 seconds, Stopping threads took: 0,0000132 seconds
2017-08-12T13:26:57.208+0200: 12169,135: Total time for which application threads were stopped: 0,0000402 seconds, Stopping threads took: 0,0000117 seconds
2017-08-12T13:26:57.208+0200: 12169,135: Total time for which application threads were stopped: 0,0000419 seconds, Stopping threads took: 0,0000111 seconds
2017-08-12T13:26:57.208+0200: 12169,135: Total time for which application threads were stopped: 0,0006299 seconds, Stopping threads took: 0,0005740 seconds
2017-08-12T13:26:57.224+0200: 12169,151: Total time for which application threads were stopped: 0,0122037 seconds, Stopping threads took: 0,0120976 seconds
2017-08-12T13:26:57.229+0200: 12169,156: Total time for which application threads were stopped: 0,0001149 seconds, Stopping threads took: 0,0000203 seconds
2017-08-12T13:26:57.232+0200: 12169,159: Total time for which application threads were stopped: 0,0000823 seconds, Stopping threads took: 0,0000159 seconds
2017-08-12T13:26:57.234+0200: 12169,161: Total time for which application threads were stopped: 0,0000818 seconds, Stopping threads took: 0,0000148 seconds
2017-08-12T13:26:57.234+0200: 12169,161: Total time for which application threads were stopped: 0,0000855 seconds, Stopping threads took: 0,0000154 seconds
2017-08-12T13:26:57.237+0200: 12169,164: Total time for which application threads were stopped: 0,0000767 seconds, Stopping threads took: 0,0000157 seconds
2017-08-12T13:26:57.237+0200: 12169,164: Total time for which application threads were stopped: 0,0000526 seconds, Stopping threads took: 0,0000160 seconds
2017-08-12T13:26:57.237+0200: 12169,164: Total time for which application threads were stopped: 0,0000375 seconds, Stopping threads took: 0,0000053 seconds
2017-08-12T13:26:57.237+0200: 12169,164: Total time for which application threads were stopped: 0,0000366 seconds, Stopping threads took: 0,0000052 seconds
2017-08-12T13:26:57.237+0200: 12169,164: Total time for which application threads were stopped: 0,0000640 seconds, Stopping threads took: 0,0000062 seconds
2017-08-12T13:26:57.237+0200: 12169,164: Total time for which application threads were stopped: 0,0000351 seconds, Stopping threads took: 0,0000048 seconds
2017-08-12T13:26:57.238+0200: 12169,165: Total time for which application threads were stopped: 0,0000343 seconds, Stopping threads took: 0,0000045 seconds
2017-08-12T13:26:57.238+0200: 12169,165: Total time for which application threads were stopped: 0,0000331 seconds, Stopping threads took: 0,0000048 seconds
2017-08-12T13:26:57.238+0200: 12169,165: Total time for which application threads were stopped: 0,0000346 seconds, Stopping threads took: 0,0000046 seconds
2017-08-12T13:26:57.238+0200: 12169,165: Total time for which application threads were stopped: 0,0000345 seconds, Stopping threads took: 0,0000048 seconds
2017-08-12T13:26:57.247+0200: 12169,174: Total time for which application threads were stopped: 0,0001182 seconds, Stopping threads took: 0,0000405 seconds
2017-08-12T13:26:57.252+0200: 12169,179: Total time for which application threads were stopped: 0,0001019 seconds, Stopping threads took: 0,0000191 seconds
2017-08-12T13:26:57.252+0200: 12169,179: Total time for which application threads were stopped: 0,0000602 seconds, Stopping threads took: 0,0000095 seconds
2017-08-12T13:26:57.254+0200: 12169,181: Total time for which application threads were stopped: 0,0001206 seconds, Stopping threads took: 0,0000404 seconds
2017-08-12T13:26:57.254+0200: 12169,181: Total time for which application threads were stopped: 0,0000595 seconds, Stopping threads took: 0,0000095 seconds
2017-08-12T13:26:57.254+0200: 12169,181: Total time for which application threads were stopped: 0,0000490 seconds, Stopping threads took: 0,0000068 seconds
2017-08-12T13:26:57.254+0200: 12169,181: Total time for which application threads were stopped: 0,0000477 seconds, Stopping threads took: 0,0000069 seconds
2017-08-12T13:26:57.254+0200: 12169,181: Total time for which application threads were stopped: 0,0000426 seconds, Stopping threads took: 0,0000056 seconds
2017-08-12T13:26:57.254+0200: 12169,181: Total time for which application threads were stopped: 0,0000446 seconds, Stopping threads took: 0,0000060 seconds
2017-08-12T13:26:57.254+0200: 12169,181: Total time for which application threads were stopped: 0,0000417 seconds, Stopping threads took: 0,0000053 seconds
2017-08-12T13:26:57.254+0200: 12169,181: Total time for which application threads were stopped: 0,0000449 seconds, Stopping threads took: 0,0000067 seconds
2017-08-12T13:26:57.263+0200: 12169,190: Total time for which application threads were stopped: 0,0041457 seconds, Stopping threads took: 0,0040610 seconds
2017-08-12T13:26:57.263+0200: 12169,190: Total time for which application threads were stopped: 0,0000780 seconds, Stopping threads took: 0,0000236 seconds
2017-08-12T13:26:57.269+0200: 12169,196: Total time for which application threads were stopped: 0,0032135 seconds, Stopping threads took: 0,0031281 seconds
2017-08-12T13:26:57.271+0200: 12169,198: Total time for which application threads were stopped: 0,0000979 seconds, Stopping threads took: 0,0000205 seconds
2017-08-12T13:26:57.276+0200: 12169,203: Total time for which application threads were stopped: 0,0000941 seconds, Stopping threads took: 0,0000158 seconds
2017-08-12T13:26:57.278+0200: 12169,205: Total time for which application threads were stopped: 0,0001042 seconds, Stopping threads took: 0,0000358 seconds
2017-08-12T13:26:57.286+0200: 12169,213: Total time for which application threads were stopped: 0,0000905 seconds, Stopping threads took: 0,0000319 seconds
2017-08-12T13:26:57.286+0200: 12169,213: Total time for which application threads were stopped: 0,0000442 seconds, Stopping threads took: 0,0000070 seconds
2017-08-12T13:26:57.286+0200: 12169,213: Total time for which application threads were stopped: 0,0000379 seconds, Stopping threads took: 0,0000057 seconds
2017-08-12T13:26:57.286+0200: 12169,213: Total time for which application threads were stopped: 0,0000357 seconds, Stopping threads took: 0,0000048 seconds
2017-08-12T13:26:57.286+0200: 12169,213: Total time for which application threads were stopped: 0,0000773 seconds, Stopping threads took: 0,0000220 seconds
2017-08-12T13:26:57.287+0200: 12169,214: Total time for which application threads were stopped: 0,0000465 seconds, Stopping threads took: 0,0000065 seconds
2017-08-12T13:26:57.287+0200: 12169,214: Total time for which application threads were stopped: 0,0000563 seconds, Stopping threads took: 0,0000076 seconds
2017-08-12T13:26:57.287+0200: 12169,214: Total time for which application threads were stopped: 0,0000492 seconds, Stopping threads took: 0,0000060 seconds
2017-08-12T13:26:57.289+0200: 12169,216: Total time for which application threads were stopped: 0,0001088 seconds, Stopping threads took: 0,0000269 seconds
2017-08-12T13:26:57.290+0200: 12169,217: Total time for which application threads were stopped: 0,0000662 seconds, Stopping threads took: 0,0000125 seconds
2017-08-12T13:26:57.290+0200: 12169,217: Total time for which application threads were stopped: 0,0000500 seconds, Stopping threads took: 0,0000074 seconds
2017-08-12T13:26:57.290+0200: 12169,217: Total time for which application threads were stopped: 0,0000458 seconds, Stopping threads took: 0,0000062 seconds
2017-08-12T13:26:57.290+0200: 12169,217: Total time for which application threads were stopped: 0,0000479 seconds, Stopping threads took: 0,0000093 seconds
2017-08-12T13:26:57.290+0200: 12169,217: Total time for which application threads were stopped: 0,0000395 seconds, Stopping threads took: 0,0000053 seconds
2017-08-12T13:26:57.291+0200: 12169,218: Total time for which application threads were stopped: 0,0000934 seconds, Stopping threads took: 0,0000282 seconds
2017-08-12T13:26:57.291+0200: 12169,218: Total time for which application threads were stopped: 0,0000505 seconds, Stopping threads took: 0,0000075 seconds
2017-08-12T13:26:57.291+0200: 12169,218: Total time for which application threads were stopped: 0,0000416 seconds, Stopping threads took: 0,0000062 seconds
2017-08-12T13:26:57.291+0200: 12169,218: Total time for which application threads were stopped: 0,0001783 seconds, Stopping threads took: 0,0000232 seconds
2017-08-12T13:26:57.295+0200: 12169,222: Total time for which application threads were stopped: 0,0001518 seconds, Stopping threads took: 0,0000348 seconds
2017-08-12T13:26:57.299+0200: 12169,226: Total time for which application threads were stopped: 0,0001130 seconds, Stopping threads took: 0,0000302 seconds
2017-08-12T13:26:57.299+0200: 12169,226: Total time for which application threads were stopped: 0,0000951 seconds, Stopping threads took: 0,0000155 seconds
Heap
 par new generation   total 109248K, used 35941K [0x00000000e0000000, 0x00000000e8000000, 0x00000000e8000000)
  eden space 87424K,  24% used [0x00000000e0000000, 0x00000000e149dc18, 0x00000000e5560000)
  from space 21824K,  67% used [0x00000000e5560000, 0x00000000e63dba30, 0x00000000e6ab0000)
  to   space 21824K,   0% used [0x00000000e6ab0000, 0x00000000e6ab0000, 0x00000000e8000000)
 concurrent mark-sweep generation total 393216K, used 7383K [0x00000000e8000000, 0x0000000100000000, 0x0000000100000000)
 Metaspace       used 28180K, capacity 28698K, committed 28796K, reserved 1075200K
  class space    used 3221K, capacity 3414K, committed 3452K, reserved 1048576K
