OpenJDK 64-Bit Server VM (25.131-b11) for linux-amd64 JRE (1.8.0_131-8u131-b11-0ubuntu1.16.04.2-b11), built on May  6 2017 02:45:27 by "buildd" with gcc 5.4.0 20160609
Memory: 4k page, physical 7867740k(7425896k free), swap 8076284k(8076284k free)
CommandLine flags: -XX:CMSInitiatingOccupancyFraction=50 -XX:CMSMaxAbortablePrecleanTime=6000 -XX:+CMSParallelRemarkEnabled -XX:+CMSScavengeBeforeRemark -XX:ConcGCThreads=4 -XX:InitialHeapSize=536870912 -XX:MaxHeapSize=536870912 -XX:MaxTenuringThreshold=8 -XX:NewRatio=3 -XX:OldPLABSize=16 -XX:OnOutOfMemoryError=/opt/solr/bin/oom_solr.sh 8983 /var/solr/logs -XX:ParallelGCThreads=4 -XX:+ParallelRefProcEnabled -XX:PretenureSizeThreshold=67108864 -XX:+PrintGC -XX:+PrintGCApplicationStoppedTime -XX:+PrintGCDateStamps -XX:+PrintGCDetails -XX:+PrintGCTimeStamps -XX:+PrintHeapAtGC -XX:+PrintTenuringDistribution -XX:SurvivorRatio=4 -XX:TargetSurvivorRatio=90 -XX:ThreadStackSize=256 -XX:+UseCMSInitiatingOccupancyOnly -XX:+UseCompressedClassPointers -XX:+UseCompressedOops -XX:+UseConcMarkSweepGC -XX:+UseParNewGC 
2017-07-22T08:16:52.926+0200: 0,166: Total time for which application threads were stopped: 0,0000732 seconds, Stopping threads took: 0,0000137 seconds
2017-07-22T08:16:53.033+0200: 0,273: Total time for which application threads were stopped: 0,0001543 seconds, Stopping threads took: 0,0000274 seconds
2017-07-22T08:16:53.054+0200: 0,294: Total time for which application threads were stopped: 0,0000872 seconds, Stopping threads took: 0,0000192 seconds
2017-07-22T08:16:53.564+0200: 0,804: Total time for which application threads were stopped: 0,0001985 seconds, Stopping threads took: 0,0000325 seconds
2017-07-22T08:16:54.022+0200: 1,262: Total time for which application threads were stopped: 0,0003224 seconds, Stopping threads took: 0,0000452 seconds
2017-07-22T08:16:54.145+0200: 1,385: Total time for which application threads were stopped: 0,0002210 seconds, Stopping threads took: 0,0000182 seconds
2017-07-22T08:16:54.175+0200: 1,415: Total time for which application threads were stopped: 0,0008699 seconds, Stopping threads took: 0,0000187 seconds
2017-07-22T08:16:54.472+0200: 1,713: Total time for which application threads were stopped: 0,0001518 seconds, Stopping threads took: 0,0000109 seconds
2017-07-22T08:16:54.706+0200: 1,946: Total time for which application threads were stopped: 0,0007295 seconds, Stopping threads took: 0,0000476 seconds
2017-07-22T08:16:54.740+0200: 1,980: Total time for which application threads were stopped: 0,0001896 seconds, Stopping threads took: 0,0000260 seconds
2017-07-22T08:16:54.777+0200: 2,017: Total time for which application threads were stopped: 0,0002195 seconds, Stopping threads took: 0,0000218 seconds
2017-07-22T08:16:54.780+0200: 2,020: Total time for which application threads were stopped: 0,0003719 seconds, Stopping threads took: 0,0000271 seconds
2017-07-22T08:16:54.795+0200: 2,035: Total time for which application threads were stopped: 0,0002074 seconds, Stopping threads took: 0,0000244 seconds
2017-07-22T08:16:54.896+0200: 2,136: Total time for which application threads were stopped: 0,0002643 seconds, Stopping threads took: 0,0000689 seconds
2017-07-22T08:16:55.065+0200: 2,305: Total time for which application threads were stopped: 0,0002658 seconds, Stopping threads took: 0,0000428 seconds
{Heap before GC invocations=0 (full 0):
 par new generation   total 109248K, used 87424K [0x00000000e0000000, 0x00000000e8000000, 0x00000000e8000000)
  eden space 87424K, 100% used [0x00000000e0000000, 0x00000000e5560000, 0x00000000e5560000)
  from space 21824K,   0% used [0x00000000e5560000, 0x00000000e5560000, 0x00000000e6ab0000)
  to   space 21824K,   0% used [0x00000000e6ab0000, 0x00000000e6ab0000, 0x00000000e8000000)
 concurrent mark-sweep generation total 393216K, used 0K [0x00000000e8000000, 0x0000000100000000, 0x0000000100000000)
 Metaspace       used 18060K, capacity 18336K, committed 18688K, reserved 1064960K
  class space    used 2044K, capacity 2196K, committed 2304K, reserved 1048576K
2017-07-22T08:16:55.157+0200: 2,397: [GC (Allocation Failure) 2017-07-22T08:16:55.157+0200: 2,397: [ParNew
Desired survivor size 20112992 bytes, new threshold 8 (max 8)
- age   1:   12638240 bytes,   12638240 total
: 87424K->12449K(109248K), 0,0176559 secs] 87424K->12449K(502464K), 0,0177411 secs] [Times: user=0,04 sys=0,02, real=0,02 secs] 
Heap after GC invocations=1 (full 0):
 par new generation   total 109248K, used 12449K [0x00000000e0000000, 0x00000000e8000000, 0x00000000e8000000)
  eden space 87424K,   0% used [0x00000000e0000000, 0x00000000e0000000, 0x00000000e5560000)
  from space 21824K,  57% used [0x00000000e6ab0000, 0x00000000e76d87a0, 0x00000000e8000000)
  to   space 21824K,   0% used [0x00000000e5560000, 0x00000000e5560000, 0x00000000e6ab0000)
 concurrent mark-sweep generation total 393216K, used 0K [0x00000000e8000000, 0x0000000100000000, 0x0000000100000000)
 Metaspace       used 18060K, capacity 18336K, committed 18688K, reserved 1064960K
  class space    used 2044K, capacity 2196K, committed 2304K, reserved 1048576K
}
2017-07-22T08:16:55.174+0200: 2,415: Total time for which application threads were stopped: 0,0180982 seconds, Stopping threads took: 0,0001365 seconds
2017-07-22T08:16:55.493+0200: 2,733: Total time for which application threads were stopped: 0,0003518 seconds, Stopping threads took: 0,0000694 seconds
2017-07-22T08:16:55.541+0200: 2,782: Total time for which application threads were stopped: 0,0004099 seconds, Stopping threads took: 0,0001034 seconds
{Heap before GC invocations=1 (full 0):
 par new generation   total 109248K, used 99873K [0x00000000e0000000, 0x00000000e8000000, 0x00000000e8000000)
  eden space 87424K, 100% used [0x00000000e0000000, 0x00000000e5560000, 0x00000000e5560000)
  from space 21824K,  57% used [0x00000000e6ab0000, 0x00000000e76d87a0, 0x00000000e8000000)
  to   space 21824K,   0% used [0x00000000e5560000, 0x00000000e5560000, 0x00000000e6ab0000)
 concurrent mark-sweep generation total 393216K, used 0K [0x00000000e8000000, 0x0000000100000000, 0x0000000100000000)
 Metaspace       used 20045K, capacity 20372K, committed 20736K, reserved 1067008K
  class space    used 2299K, capacity 2474K, committed 2560K, reserved 1048576K
2017-07-22T08:16:55.542+0200: 2,782: [GC (Allocation Failure) 2017-07-22T08:16:55.542+0200: 2,782: [ParNew
Desired survivor size 20112992 bytes, new threshold 8 (max 8)
- age   1:    3591384 bytes,    3591384 total
- age   2:    6668408 bytes,   10259792 total
: 99873K->13852K(109248K), 0,0100719 secs] 99873K->13852K(502464K), 0,0101426 secs] [Times: user=0,04 sys=0,00, real=0,00 secs] 
Heap after GC invocations=2 (full 0):
 par new generation   total 109248K, used 13852K [0x00000000e0000000, 0x00000000e8000000, 0x00000000e8000000)
  eden space 87424K,   0% used [0x00000000e0000000, 0x00000000e0000000, 0x00000000e5560000)
  from space 21824K,  63% used [0x00000000e5560000, 0x00000000e62e7208, 0x00000000e6ab0000)
  to   space 21824K,   0% used [0x00000000e6ab0000, 0x00000000e6ab0000, 0x00000000e8000000)
 concurrent mark-sweep generation total 393216K, used 0K [0x00000000e8000000, 0x0000000100000000, 0x0000000100000000)
 Metaspace       used 20045K, capacity 20372K, committed 20736K, reserved 1067008K
  class space    used 2299K, capacity 2474K, committed 2560K, reserved 1048576K
}
2017-07-22T08:16:55.552+0200: 2,792: Total time for which application threads were stopped: 0,0103400 seconds, Stopping threads took: 0,0000799 seconds
2017-07-22T08:16:55.605+0200: 2,845: Total time for which application threads were stopped: 0,0002865 seconds, Stopping threads took: 0,0000212 seconds
2017-07-22T08:16:55.735+0200: 2,975: Total time for which application threads were stopped: 0,0002075 seconds, Stopping threads took: 0,0000371 seconds
{Heap before GC invocations=2 (full 0):
 par new generation   total 109248K, used 101276K [0x00000000e0000000, 0x00000000e8000000, 0x00000000e8000000)
  eden space 87424K, 100% used [0x00000000e0000000, 0x00000000e5560000, 0x00000000e5560000)
  from space 21824K,  63% used [0x00000000e5560000, 0x00000000e62e7208, 0x00000000e6ab0000)
  to   space 21824K,   0% used [0x00000000e6ab0000, 0x00000000e6ab0000, 0x00000000e8000000)
 concurrent mark-sweep generation total 393216K, used 0K [0x00000000e8000000, 0x0000000100000000, 0x0000000100000000)
 Metaspace       used 20975K, capacity 21294K, committed 21628K, reserved 1069056K
  class space    used 2421K, capacity 2593K, committed 2684K, reserved 1048576K
2017-07-22T08:16:55.770+0200: 3,010: [GC (Allocation Failure) 2017-07-22T08:16:55.770+0200: 3,010: [ParNew
Desired survivor size 20112992 bytes, new threshold 8 (max 8)
- age   1:    2257808 bytes,    2257808 total
- age   2:     835584 bytes,    3093392 total
- age   3:    6664480 bytes,    9757872 total
: 101276K->12906K(109248K), 0,0109604 secs] 101276K->12906K(502464K), 0,0110456 secs] [Times: user=0,04 sys=0,00, real=0,01 secs] 
Heap after GC invocations=3 (full 0):
 par new generation   total 109248K, used 12906K [0x00000000e0000000, 0x00000000e8000000, 0x00000000e8000000)
  eden space 87424K,   0% used [0x00000000e0000000, 0x00000000e0000000, 0x00000000e5560000)
  from space 21824K,  59% used [0x00000000e6ab0000, 0x00000000e774a8d8, 0x00000000e8000000)
  to   space 21824K,   0% used [0x00000000e5560000, 0x00000000e5560000, 0x00000000e6ab0000)
 concurrent mark-sweep generation total 393216K, used 0K [0x00000000e8000000, 0x0000000100000000, 0x0000000100000000)
 Metaspace       used 20975K, capacity 21294K, committed 21628K, reserved 1069056K
  class space    used 2421K, capacity 2593K, committed 2684K, reserved 1048576K
}
2017-07-22T08:16:55.781+0200: 3,021: Total time for which application threads were stopped: 0,0112689 seconds, Stopping threads took: 0,0000896 seconds
2017-07-22T08:16:55.782+0200: 3,022: [GC (CMS Initial Mark) [1 CMS-initial-mark: 0K(393216K)] 12938K(502464K), 0,0044656 secs] [Times: user=0,01 sys=0,00, real=0,00 secs] 
2017-07-22T08:16:55.786+0200: 3,026: Total time for which application threads were stopped: 0,0045916 seconds, Stopping threads took: 0,0000309 seconds
2017-07-22T08:16:55.786+0200: 3,026: [CMS-concurrent-mark-start]
2017-07-22T08:16:55.787+0200: 3,027: [CMS-concurrent-mark: 0,001/0,001 secs] [Times: user=0,01 sys=0,00, real=0,00 secs] 
2017-07-22T08:16:55.787+0200: 3,027: [CMS-concurrent-preclean-start]
2017-07-22T08:16:55.788+0200: 3,029: [CMS-concurrent-preclean: 0,001/0,001 secs] [Times: user=0,00 sys=0,00, real=0,00 secs] 
2017-07-22T08:16:55.789+0200: 3,029: [CMS-concurrent-abortable-preclean-start]
2017-07-22T08:16:55.850+0200: 3,090: Total time for which application threads were stopped: 0,0012056 seconds, Stopping threads took: 0,0010966 seconds
{Heap before GC invocations=3 (full 1):
 par new generation   total 109248K, used 100330K [0x00000000e0000000, 0x00000000e8000000, 0x00000000e8000000)
  eden space 87424K, 100% used [0x00000000e0000000, 0x00000000e5560000, 0x00000000e5560000)
  from space 21824K,  59% used [0x00000000e6ab0000, 0x00000000e774a8d8, 0x00000000e8000000)
  to   space 21824K,   0% used [0x00000000e5560000, 0x00000000e5560000, 0x00000000e6ab0000)
 concurrent mark-sweep generation total 393216K, used 0K [0x00000000e8000000, 0x0000000100000000, 0x0000000100000000)
 Metaspace       used 21247K, capacity 21576K, committed 21884K, reserved 1069056K
  class space    used 2450K, capacity 2609K, committed 2684K, reserved 1048576K
2017-07-22T08:16:55.895+0200: 3,135: [GC (Allocation Failure) 2017-07-22T08:16:55.895+0200: 3,135: [ParNew
Desired survivor size 20112992 bytes, new threshold 8 (max 8)
- age   1:    1312472 bytes,    1312472 total
- age   2:    1465280 bytes,    2777752 total
- age   3:     804160 bytes,    3581912 total
- age   4:    6664488 bytes,   10246400 total
: 100330K->12518K(109248K), 0,0103091 secs] 100330K->12518K(502464K), 0,0103784 secs] [Times: user=0,04 sys=0,00, real=0,01 secs] 
Heap after GC invocations=4 (full 1):
 par new generation   total 109248K, used 12518K [0x00000000e0000000, 0x00000000e8000000, 0x00000000e8000000)
  eden space 87424K,   0% used [0x00000000e0000000, 0x00000000e0000000, 0x00000000e5560000)
  from space 21824K,  57% used [0x00000000e5560000, 0x00000000e6199a10, 0x00000000e6ab0000)
  to   space 21824K,   0% used [0x00000000e6ab0000, 0x00000000e6ab0000, 0x00000000e8000000)
 concurrent mark-sweep generation total 393216K, used 0K [0x00000000e8000000, 0x0000000100000000, 0x0000000100000000)
 Metaspace       used 21247K, capacity 21576K, committed 21884K, reserved 1069056K
  class space    used 2450K, capacity 2609K, committed 2684K, reserved 1048576K
}
2017-07-22T08:16:55.906+0200: 3,146: Total time for which application threads were stopped: 0,0105763 seconds, Stopping threads took: 0,0000513 seconds
2017-07-22T08:16:55.906+0200: 3,146: [CMS-concurrent-abortable-preclean: 0,062/0,117 secs] [Times: user=0,45 sys=0,00, real=0,12 secs] 
2017-07-22T08:16:55.910+0200: 3,151: [GC (CMS Final Remark) [YG occupancy: 13831 K (109248 K)]{Heap before GC invocations=4 (full 1):
 par new generation   total 109248K, used 13831K [0x00000000e0000000, 0x00000000e8000000, 0x00000000e8000000)
  eden space 87424K,   1% used [0x00000000e0000000, 0x00000000e0148430, 0x00000000e5560000)
  from space 21824K,  57% used [0x00000000e5560000, 0x00000000e6199a10, 0x00000000e6ab0000)
  to   space 21824K,   0% used [0x00000000e6ab0000, 0x00000000e6ab0000, 0x00000000e8000000)
 concurrent mark-sweep generation total 393216K, used 0K [0x00000000e8000000, 0x0000000100000000, 0x0000000100000000)
 Metaspace       used 21247K, capacity 21576K, committed 21884K, reserved 1069056K
  class space    used 2450K, capacity 2609K, committed 2684K, reserved 1048576K
2017-07-22T08:16:55.911+0200: 3,151: [GC (CMS Final Remark) 2017-07-22T08:16:55.911+0200: 3,151: [ParNew
Desired survivor size 20112992 bytes, new threshold 8 (max 8)
- age   1:      28336 bytes,      28336 total
- age   2:    1311184 bytes,    1339520 total
- age   3:    1465280 bytes,    2804800 total
- age   4:     804160 bytes,    3608960 total
- age   5:    6664368 bytes,   10273328 total
: 13831K->13134K(109248K), 0,0152623 secs] 13831K->13134K(502464K), 0,0153060 secs] [Times: user=0,04 sys=0,00, real=0,02 secs] 
Heap after GC invocations=5 (full 1):
 par new generation   total 109248K, used 13134K [0x00000000e0000000, 0x00000000e8000000, 0x00000000e8000000)
  eden space 87424K,   0% used [0x00000000e0000000, 0x00000000e0000000, 0x00000000e5560000)
  from space 21824K,  60% used [0x00000000e6ab0000, 0x00000000e7783ad0, 0x00000000e8000000)
  to   space 21824K,   0% used [0x00000000e5560000, 0x00000000e5560000, 0x00000000e6ab0000)
 concurrent mark-sweep generation total 393216K, used 0K [0x00000000e8000000, 0x0000000100000000, 0x0000000100000000)
 Metaspace       used 21247K, capacity 21576K, committed 21884K, reserved 1069056K
  class space    used 2450K, capacity 2609K, committed 2684K, reserved 1048576K
}
2017-07-22T08:16:55.926+0200: 3,166: [Rescan (parallel) , 0,0048362 secs]2017-07-22T08:16:55.931+0200: 3,171: [weak refs processing, 0,0006905 secs]2017-07-22T08:16:55.931+0200: 3,172: [class unloading, 0,0029695 secs]2017-07-22T08:16:55.934+0200: 3,175: [scrub symbol table, 0,0033701 secs]2017-07-22T08:16:55.938+0200: 3,178: [scrub string table, 0,0003554 secs][1 CMS-remark: 0K(393216K)] 13134K(502464K), 0,0281963 secs] [Times: user=0,06 sys=0,00, real=0,03 secs] 
2017-07-22T08:16:55.939+0200: 3,179: Total time for which application threads were stopped: 0,0283513 seconds, Stopping threads took: 0,0000733 seconds
2017-07-22T08:16:55.939+0200: 3,179: [CMS-concurrent-sweep-start]
2017-07-22T08:16:55.939+0200: 3,179: [CMS-concurrent-sweep: 0,000/0,000 secs] [Times: user=0,00 sys=0,00, real=0,00 secs] 
2017-07-22T08:16:55.939+0200: 3,179: [CMS-concurrent-reset-start]
2017-07-22T08:16:55.941+0200: 3,181: [CMS-concurrent-reset: 0,002/0,002 secs] [Times: user=0,00 sys=0,00, real=0,00 secs] 
{Heap before GC invocations=5 (full 1):
 par new generation   total 109248K, used 100558K [0x00000000e0000000, 0x00000000e8000000, 0x00000000e8000000)
  eden space 87424K, 100% used [0x00000000e0000000, 0x00000000e5560000, 0x00000000e5560000)
  from space 21824K,  60% used [0x00000000e6ab0000, 0x00000000e7783ad0, 0x00000000e8000000)
  to   space 21824K,   0% used [0x00000000e5560000, 0x00000000e5560000, 0x00000000e6ab0000)
 concurrent mark-sweep generation total 393216K, used 0K [0x00000000e8000000, 0x0000000100000000, 0x0000000100000000)
 Metaspace       used 21381K, capacity 21812K, committed 21884K, reserved 1069056K
  class space    used 2469K, capacity 2643K, committed 2684K, reserved 1048576K
2017-07-22T08:16:56.046+0200: 3,286: [GC (Allocation Failure) 2017-07-22T08:16:56.046+0200: 3,286: [ParNew
Desired survivor size 20112992 bytes, new threshold 8 (max 8)
- age   1:    1418848 bytes,    1418848 total
- age   2:        816 bytes,    1419664 total
- age   3:     185872 bytes,    1605536 total
- age   4:    1465008 bytes,    3070544 total
- age   5:     800224 bytes,    3870768 total
- age   6:    6664488 bytes,   10535256 total
: 100558K->14878K(109248K), 0,0115198 secs] 100558K->14878K(502464K), 0,0115999 secs] [Times: user=0,04 sys=0,00, real=0,01 secs] 
Heap after GC invocations=6 (full 1):
 par new generation   total 109248K, used 14878K [0x00000000e0000000, 0x00000000e8000000, 0x00000000e8000000)
  eden space 87424K,   0% used [0x00000000e0000000, 0x00000000e0000000, 0x00000000e5560000)
  from space 21824K,  68% used [0x00000000e5560000, 0x00000000e63e7920, 0x00000000e6ab0000)
  to   space 21824K,   0% used [0x00000000e6ab0000, 0x00000000e6ab0000, 0x00000000e8000000)
 concurrent mark-sweep generation total 393216K, used 0K [0x00000000e8000000, 0x0000000100000000, 0x0000000100000000)
 Metaspace       used 21381K, capacity 21812K, committed 21884K, reserved 1069056K
  class space    used 2469K, capacity 2643K, committed 2684K, reserved 1048576K
}
2017-07-22T08:16:56.057+0200: 3,298: Total time for which application threads were stopped: 0,0118335 seconds, Stopping threads took: 0,0000687 seconds
2017-07-22T08:16:56.094+0200: 3,334: Total time for which application threads were stopped: 0,0053949 seconds, Stopping threads took: 0,0050538 seconds
2017-07-22T08:16:56.345+0200: 3,585: Total time for which application threads were stopped: 0,0004368 seconds, Stopping threads took: 0,0000506 seconds
2017-07-22T08:16:56.359+0200: 3,600: Total time for which application threads were stopped: 0,0004557 seconds, Stopping threads took: 0,0000439 seconds
{Heap before GC invocations=6 (full 1):
 par new generation   total 109248K, used 102302K [0x00000000e0000000, 0x00000000e8000000, 0x00000000e8000000)
  eden space 87424K, 100% used [0x00000000e0000000, 0x00000000e5560000, 0x00000000e5560000)
  from space 21824K,  68% used [0x00000000e5560000, 0x00000000e63e7920, 0x00000000e6ab0000)
  to   space 21824K,   0% used [0x00000000e6ab0000, 0x00000000e6ab0000, 0x00000000e8000000)
 concurrent mark-sweep generation total 393216K, used 0K [0x00000000e8000000, 0x0000000100000000, 0x0000000100000000)
 Metaspace       used 23882K, capacity 24344K, committed 24572K, reserved 1071104K
  class space    used 2820K, capacity 3017K, committed 3068K, reserved 1048576K
2017-07-22T08:16:56.522+0200: 3,762: [GC (Allocation Failure) 2017-07-22T08:16:56.522+0200: 3,762: [ParNew
Desired survivor size 20112992 bytes, new threshold 8 (max 8)
- age   1:    5226184 bytes,    5226184 total
- age   2:     114120 bytes,    5340304 total
- age   3:        792 bytes,    5341096 total
- age   4:     184496 bytes,    5525592 total
- age   5:     295064 bytes,    5820656 total
- age   6:     775864 bytes,    6596520 total
- age   7:    6656152 bytes,   13252672 total
: 102302K->16037K(109248K), 0,0117031 secs] 102302K->16037K(502464K), 0,0117739 secs] [Times: user=0,04 sys=0,00, real=0,00 secs] 
Heap after GC invocations=7 (full 1):
 par new generation   total 109248K, used 16037K [0x00000000e0000000, 0x00000000e8000000, 0x00000000e8000000)
  eden space 87424K,   0% used [0x00000000e0000000, 0x00000000e0000000, 0x00000000e5560000)
  from space 21824K,  73% used [0x00000000e6ab0000, 0x00000000e7a596e0, 0x00000000e8000000)
  to   space 21824K,   0% used [0x00000000e5560000, 0x00000000e5560000, 0x00000000e6ab0000)
 concurrent mark-sweep generation total 393216K, used 0K [0x00000000e8000000, 0x0000000100000000, 0x0000000100000000)
 Metaspace       used 23882K, capacity 24344K, committed 24572K, reserved 1071104K
  class space    used 2820K, capacity 3017K, committed 3068K, reserved 1048576K
}
2017-07-22T08:16:56.533+0200: 3,773: Total time for which application threads were stopped: 0,0120522 seconds, Stopping threads took: 0,0000725 seconds
{Heap before GC invocations=7 (full 1):
 par new generation   total 109248K, used 103461K [0x00000000e0000000, 0x00000000e8000000, 0x00000000e8000000)
  eden space 87424K, 100% used [0x00000000e0000000, 0x00000000e5560000, 0x00000000e5560000)
  from space 21824K,  73% used [0x00000000e6ab0000, 0x00000000e7a596e0, 0x00000000e8000000)
  to   space 21824K,   0% used [0x00000000e5560000, 0x00000000e5560000, 0x00000000e6ab0000)
 concurrent mark-sweep generation total 393216K, used 0K [0x00000000e8000000, 0x0000000100000000, 0x0000000100000000)
 Metaspace       used 24719K, capacity 25182K, committed 25468K, reserved 1071104K
  class space    used 2894K, capacity 3082K, committed 3196K, reserved 1048576K
2017-07-22T08:16:56.650+0200: 3,890: [GC (Allocation Failure) 2017-07-22T08:16:56.650+0200: 3,890: [ParNew
Desired survivor size 20112992 bytes, new threshold 8 (max 8)
- age   1:    2103512 bytes,    2103512 total
- age   2:    1775376 bytes,    3878888 total
- age   3:      65480 bytes,    3944368 total
- age   4:        744 bytes,    3945112 total
- age   5:      96136 bytes,    4041248 total
- age   6:     204584 bytes,    4245832 total
- age   7:     724736 bytes,    4970568 total
- age   8:    6188648 bytes,   11159216 total
: 103461K->16564K(109248K), 0,0460689 secs] 103461K->16564K(502464K), 0,0462662 secs] [Times: user=0,10 sys=0,00, real=0,05 secs] 
Heap after GC invocations=8 (full 1):
 par new generation   total 109248K, used 16564K [0x00000000e0000000, 0x00000000e8000000, 0x00000000e8000000)
  eden space 87424K,   0% used [0x00000000e0000000, 0x00000000e0000000, 0x00000000e5560000)
  from space 21824K,  75% used [0x00000000e5560000, 0x00000000e658d260, 0x00000000e6ab0000)
  to   space 21824K,   0% used [0x00000000e6ab0000, 0x00000000e6ab0000, 0x00000000e8000000)
 concurrent mark-sweep generation total 393216K, used 0K [0x00000000e8000000, 0x0000000100000000, 0x0000000100000000)
 Metaspace       used 24719K, capacity 25182K, committed 25468K, reserved 1071104K
  class space    used 2894K, capacity 3082K, committed 3196K, reserved 1048576K
}
2017-07-22T08:16:56.696+0200: 3,936: Total time for which application threads were stopped: 0,0500904 seconds, Stopping threads took: 0,0034576 seconds
2017-07-22T08:16:56.830+0200: 4,070: Total time for which application threads were stopped: 0,0073023 seconds, Stopping threads took: 0,0070099 seconds
{Heap before GC invocations=8 (full 1):
 par new generation   total 109248K, used 103988K [0x00000000e0000000, 0x00000000e8000000, 0x00000000e8000000)
  eden space 87424K, 100% used [0x00000000e0000000, 0x00000000e5560000, 0x00000000e5560000)
  from space 21824K,  75% used [0x00000000e5560000, 0x00000000e658d260, 0x00000000e6ab0000)
  to   space 21824K,   0% used [0x00000000e6ab0000, 0x00000000e6ab0000, 0x00000000e8000000)
 concurrent mark-sweep generation total 393216K, used 0K [0x00000000e8000000, 0x0000000100000000, 0x0000000100000000)
 Metaspace       used 24922K, capacity 25406K, committed 25724K, reserved 1071104K
  class space    used 2911K, capacity 3088K, committed 3196K, reserved 1048576K
2017-07-22T08:16:56.836+0200: 4,076: [GC (Allocation Failure) 2017-07-22T08:16:56.836+0200: 4,077: [ParNew
Desired survivor size 20112992 bytes, new threshold 8 (max 8)
- age   1:     752432 bytes,     752432 total
- age   2:    1102520 bytes,    1854952 total
- age   3:    1764856 bytes,    3619808 total
- age   4:      63032 bytes,    3682840 total
- age   5:        744 bytes,    3683584 total
- age   6:      95936 bytes,    3779520 total
- age   7:     204056 bytes,    3983576 total
- age   8:     723936 bytes,    4707512 total
: 103988K->6836K(109248K), 0,0514284 secs] 103988K->13475K(502464K), 0,0515060 secs] [Times: user=0,09 sys=0,00, real=0,05 secs] 
Heap after GC invocations=9 (full 1):
 par new generation   total 109248K, used 6836K [0x00000000e0000000, 0x00000000e8000000, 0x00000000e8000000)
  eden space 87424K,   0% used [0x00000000e0000000, 0x00000000e0000000, 0x00000000e5560000)
  from space 21824K,  31% used [0x00000000e6ab0000, 0x00000000e715d1c8, 0x00000000e8000000)
  to   space 21824K,   0% used [0x00000000e5560000, 0x00000000e5560000, 0x00000000e6ab0000)
 concurrent mark-sweep generation total 393216K, used 6639K [0x00000000e8000000, 0x0000000100000000, 0x0000000100000000)
 Metaspace       used 24922K, capacity 25406K, committed 25724K, reserved 1071104K
  class space    used 2911K, capacity 3088K, committed 3196K, reserved 1048576K
}
2017-07-22T08:16:56.888+0200: 4,128: Total time for which application threads were stopped: 0,0517139 seconds, Stopping threads took: 0,0000315 seconds
2017-07-22T08:16:57.026+0200: 4,266: Total time for which application threads were stopped: 0,0012685 seconds, Stopping threads took: 0,0011267 seconds
2017-07-22T08:16:57.033+0200: 4,273: Total time for which application threads were stopped: 0,0009436 seconds, Stopping threads took: 0,0008530 seconds
2017-07-22T08:16:57.046+0200: 4,286: Total time for which application threads were stopped: 0,0001662 seconds, Stopping threads took: 0,0000712 seconds
2017-07-22T08:16:57.050+0200: 4,290: Total time for which application threads were stopped: 0,0001500 seconds, Stopping threads took: 0,0000586 seconds
2017-07-22T08:16:57.050+0200: 4,290: Total time for which application threads were stopped: 0,0001385 seconds, Stopping threads took: 0,0000577 seconds
2017-07-22T08:16:57.058+0200: 4,298: Total time for which application threads were stopped: 0,0001221 seconds, Stopping threads took: 0,0000206 seconds
2017-07-22T08:16:57.058+0200: 4,298: Total time for which application threads were stopped: 0,0000743 seconds, Stopping threads took: 0,0000185 seconds
2017-07-22T08:16:57.058+0200: 4,298: Total time for which application threads were stopped: 0,0000569 seconds, Stopping threads took: 0,0000086 seconds
2017-07-22T08:16:57.058+0200: 4,298: Total time for which application threads were stopped: 0,0000544 seconds, Stopping threads took: 0,0000081 seconds
2017-07-22T08:16:57.058+0200: 4,298: Total time for which application threads were stopped: 0,0000767 seconds, Stopping threads took: 0,0000119 seconds
2017-07-22T08:16:57.058+0200: 4,298: Total time for which application threads were stopped: 0,0000595 seconds, Stopping threads took: 0,0000106 seconds
2017-07-22T08:16:57.059+0200: 4,299: Total time for which application threads were stopped: 0,0000721 seconds, Stopping threads took: 0,0000105 seconds
2017-07-22T08:16:57.061+0200: 4,301: Total time for which application threads were stopped: 0,0020112 seconds, Stopping threads took: 0,0019243 seconds
2017-07-22T08:16:57.061+0200: 4,301: Total time for which application threads were stopped: 0,0000882 seconds, Stopping threads took: 0,0000242 seconds
2017-07-22T08:16:57.061+0200: 4,301: Total time for which application threads were stopped: 0,0000919 seconds, Stopping threads took: 0,0000163 seconds
2017-07-22T08:16:57.062+0200: 4,303: Total time for which application threads were stopped: 0,0005770 seconds, Stopping threads took: 0,0004886 seconds
2017-07-22T08:16:57.063+0200: 4,303: Total time for which application threads were stopped: 0,0001132 seconds, Stopping threads took: 0,0000274 seconds
2017-07-22T08:16:57.064+0200: 4,304: Total time for which application threads were stopped: 0,0001456 seconds, Stopping threads took: 0,0000432 seconds
2017-07-22T08:16:57.064+0200: 4,305: Total time for which application threads were stopped: 0,0001092 seconds, Stopping threads took: 0,0000371 seconds
2017-07-22T08:16:57.065+0200: 4,305: Total time for which application threads were stopped: 0,0001020 seconds, Stopping threads took: 0,0000340 seconds
2017-07-22T08:16:57.065+0200: 4,305: Total time for which application threads were stopped: 0,0000709 seconds, Stopping threads took: 0,0000201 seconds
2017-07-22T08:16:57.065+0200: 4,305: Total time for which application threads were stopped: 0,0000774 seconds, Stopping threads took: 0,0000236 seconds
2017-07-22T08:16:57.065+0200: 4,305: Total time for which application threads were stopped: 0,0000606 seconds, Stopping threads took: 0,0000179 seconds
2017-07-22T08:16:57.066+0200: 4,306: Total time for which application threads were stopped: 0,0002837 seconds, Stopping threads took: 0,0002008 seconds
2017-07-22T08:16:57.066+0200: 4,306: Total time for which application threads were stopped: 0,0000984 seconds, Stopping threads took: 0,0000389 seconds
2017-07-22T08:16:57.066+0200: 4,306: Total time for which application threads were stopped: 0,0000711 seconds, Stopping threads took: 0,0000243 seconds
2017-07-22T08:16:57.067+0200: 4,307: Total time for which application threads were stopped: 0,0002038 seconds, Stopping threads took: 0,0000376 seconds
2017-07-22T08:16:57.071+0200: 4,311: Total time for which application threads were stopped: 0,0004134 seconds, Stopping threads took: 0,0003321 seconds
2017-07-22T08:16:57.081+0200: 4,321: Total time for which application threads were stopped: 0,0001743 seconds, Stopping threads took: 0,0000337 seconds
2017-07-22T08:16:57.108+0200: 4,348: Total time for which application threads were stopped: 0,0028225 seconds, Stopping threads took: 0,0027000 seconds
2017-07-22T08:16:57.108+0200: 4,348: Total time for which application threads were stopped: 0,0000917 seconds, Stopping threads took: 0,0000257 seconds
2017-07-22T08:16:57.109+0200: 4,349: Total time for which application threads were stopped: 0,0000854 seconds, Stopping threads took: 0,0000138 seconds
2017-07-22T08:16:57.109+0200: 4,349: Total time for which application threads were stopped: 0,0000755 seconds, Stopping threads took: 0,0000127 seconds
2017-07-22T08:16:57.109+0200: 4,349: Total time for which application threads were stopped: 0,0000892 seconds, Stopping threads took: 0,0000148 seconds
2017-07-22T08:16:57.117+0200: 4,358: Total time for which application threads were stopped: 0,0003920 seconds, Stopping threads took: 0,0002767 seconds
2017-07-22T08:16:57.179+0200: 4,419: Total time for which application threads were stopped: 0,0001455 seconds, Stopping threads took: 0,0000497 seconds
2017-07-22T08:16:57.225+0200: 4,466: Total time for which application threads were stopped: 0,0259501 seconds, Stopping threads took: 0,0258086 seconds
2017-07-22T08:16:57.226+0200: 4,466: Total time for which application threads were stopped: 0,0002157 seconds, Stopping threads took: 0,0001210 seconds
2017-07-22T08:16:57.227+0200: 4,467: Total time for which application threads were stopped: 0,0001535 seconds, Stopping threads took: 0,0000434 seconds
2017-07-22T08:16:57.238+0200: 4,479: Total time for which application threads were stopped: 0,0058880 seconds, Stopping threads took: 0,0058017 seconds
2017-07-22T08:16:57.265+0200: 4,505: Total time for which application threads were stopped: 0,0001411 seconds, Stopping threads took: 0,0000304 seconds
2017-07-22T08:16:57.289+0200: 4,529: Total time for which application threads were stopped: 0,0057191 seconds, Stopping threads took: 0,0055798 seconds
2017-07-22T08:16:57.382+0200: 4,622: Total time for which application threads were stopped: 0,0014971 seconds, Stopping threads took: 0,0014042 seconds
2017-07-22T08:16:57.387+0200: 4,627: Total time for which application threads were stopped: 0,0005441 seconds, Stopping threads took: 0,0000257 seconds
2017-07-22T08:16:57.406+0200: 4,646: Total time for which application threads were stopped: 0,0001408 seconds, Stopping threads took: 0,0000313 seconds
2017-07-22T08:16:57.412+0200: 4,653: Total time for which application threads were stopped: 0,0004860 seconds, Stopping threads took: 0,0000401 seconds
2017-07-22T08:16:57.416+0200: 4,656: Total time for which application threads were stopped: 0,0006497 seconds, Stopping threads took: 0,0005258 seconds
2017-07-22T08:16:57.513+0200: 4,753: Total time for which application threads were stopped: 0,0003174 seconds, Stopping threads took: 0,0001923 seconds
2017-07-22T08:16:57.514+0200: 4,754: Total time for which application threads were stopped: 0,0004635 seconds, Stopping threads took: 0,0000148 seconds
2017-07-22T08:16:57.516+0200: 4,756: Total time for which application threads were stopped: 0,0003016 seconds, Stopping threads took: 0,0002052 seconds
2017-07-22T08:16:57.526+0200: 4,766: Total time for which application threads were stopped: 0,0001473 seconds, Stopping threads took: 0,0000382 seconds
2017-07-22T08:16:57.526+0200: 4,766: Total time for which application threads were stopped: 0,0001070 seconds, Stopping threads took: 0,0000303 seconds
2017-07-22T08:16:57.547+0200: 4,787: Total time for which application threads were stopped: 0,0001325 seconds, Stopping threads took: 0,0000590 seconds
2017-07-22T08:16:57.576+0200: 4,816: Total time for which application threads were stopped: 0,0001679 seconds, Stopping threads took: 0,0000576 seconds
2017-07-22T08:16:57.576+0200: 4,816: Total time for which application threads were stopped: 0,0000590 seconds, Stopping threads took: 0,0000177 seconds
2017-07-22T08:16:57.576+0200: 4,817: Total time for which application threads were stopped: 0,0000864 seconds, Stopping threads took: 0,0000324 seconds
2017-07-22T08:16:57.577+0200: 4,817: Total time for which application threads were stopped: 0,0000515 seconds, Stopping threads took: 0,0000155 seconds
2017-07-22T08:16:57.577+0200: 4,817: Total time for which application threads were stopped: 0,0000527 seconds, Stopping threads took: 0,0000232 seconds
2017-07-22T08:16:57.577+0200: 4,817: Total time for which application threads were stopped: 0,0000619 seconds, Stopping threads took: 0,0000164 seconds
2017-07-22T08:16:57.577+0200: 4,817: Total time for which application threads were stopped: 0,0001320 seconds, Stopping threads took: 0,0000093 seconds
2017-07-22T08:16:57.580+0200: 4,820: Total time for which application threads were stopped: 0,0002763 seconds, Stopping threads took: 0,0001954 seconds
2017-07-22T08:16:57.582+0200: 4,822: Total time for which application threads were stopped: 0,0001750 seconds, Stopping threads took: 0,0000833 seconds
2017-07-22T08:16:57.584+0200: 4,824: Total time for which application threads were stopped: 0,0020442 seconds, Stopping threads took: 0,0019511 seconds
2017-07-22T08:16:57.585+0200: 4,825: Total time for which application threads were stopped: 0,0001441 seconds, Stopping threads took: 0,0000424 seconds
2017-07-22T08:16:57.585+0200: 4,825: Total time for which application threads were stopped: 0,0000773 seconds, Stopping threads took: 0,0000250 seconds
2017-07-22T08:16:57.587+0200: 4,827: Total time for which application threads were stopped: 0,0001281 seconds, Stopping threads took: 0,0000397 seconds
2017-07-22T08:16:57.623+0200: 4,864: Total time for which application threads were stopped: 0,0001885 seconds, Stopping threads took: 0,0000398 seconds
2017-07-22T08:16:57.626+0200: 4,866: Total time for which application threads were stopped: 0,0002803 seconds, Stopping threads took: 0,0001656 seconds
2017-07-22T08:16:57.634+0200: 4,874: Total time for which application threads were stopped: 0,0036401 seconds, Stopping threads took: 0,0035317 seconds
2017-07-22T08:16:57.659+0200: 4,899: Total time for which application threads were stopped: 0,0016868 seconds, Stopping threads took: 0,0015869 seconds
2017-07-22T08:16:57.665+0200: 4,905: Total time for which application threads were stopped: 0,0001540 seconds, Stopping threads took: 0,0000698 seconds
2017-07-22T08:16:57.714+0200: 4,955: Total time for which application threads were stopped: 0,0005782 seconds, Stopping threads took: 0,0000453 seconds
2017-07-22T08:16:57.720+0200: 4,961: Total time for which application threads were stopped: 0,0001242 seconds, Stopping threads took: 0,0000416 seconds
2017-07-22T08:16:57.743+0200: 4,983: Total time for which application threads were stopped: 0,0000942 seconds, Stopping threads took: 0,0000369 seconds
2017-07-22T08:16:57.743+0200: 4,983: Total time for which application threads were stopped: 0,0000437 seconds, Stopping threads took: 0,0000189 seconds
2017-07-22T08:16:59.744+0200: 6,984: Total time for which application threads were stopped: 0,0001159 seconds, Stopping threads took: 0,0000228 seconds
2017-07-22T08:17:15.745+0200: 22,985: Total time for which application threads were stopped: 0,0002315 seconds, Stopping threads took: 0,0001340 seconds
2017-07-22T08:17:24.746+0200: 31,986: Total time for which application threads were stopped: 0,0000603 seconds, Stopping threads took: 0,0000160 seconds
2017-07-22T08:18:15.752+0200: 82,992: Total time for which application threads were stopped: 0,0000898 seconds, Stopping threads took: 0,0000242 seconds
2017-07-22T08:18:50.757+0200: 117,997: Total time for which application threads were stopped: 0,0000987 seconds, Stopping threads took: 0,0000426 seconds
2017-07-22T08:18:55.757+0200: 122,998: Total time for which application threads were stopped: 0,0001720 seconds, Stopping threads took: 0,0000331 seconds
{Heap before GC invocations=9 (full 1):
 par new generation   total 109248K, used 94260K [0x00000000e0000000, 0x00000000e8000000, 0x00000000e8000000)
  eden space 87424K, 100% used [0x00000000e0000000, 0x00000000e5560000, 0x00000000e5560000)
  from space 21824K,  31% used [0x00000000e6ab0000, 0x00000000e715d1c8, 0x00000000e8000000)
  to   space 21824K,   0% used [0x00000000e5560000, 0x00000000e5560000, 0x00000000e6ab0000)
 concurrent mark-sweep generation total 393216K, used 6639K [0x00000000e8000000, 0x0000000100000000, 0x0000000100000000)
 Metaspace       used 27974K, capacity 28510K, committed 28796K, reserved 1075200K
  class space    used 3215K, capacity 3394K, committed 3452K, reserved 1048576K
2017-07-22T08:19:49.053+0200: 176,293: [GC (Allocation Failure) 2017-07-22T08:19:49.053+0200: 176,293: [ParNew
Desired survivor size 20112992 bytes, new threshold 8 (max 8)
- age   1:   10748040 bytes,   10748040 total
- age   2:     186184 bytes,   10934224 total
- age   3:     315384 bytes,   11249608 total
- age   4:    1760216 bytes,   13009824 total
- age   5:      63032 bytes,   13072856 total
- age   6:        744 bytes,   13073600 total
- age   7:      95808 bytes,   13169408 total
- age   8:     203960 bytes,   13373368 total
: 94260K->14540K(109248K), 0,0237321 secs] 100899K->21898K(502464K), 0,0238640 secs] [Times: user=0,08 sys=0,00, real=0,03 secs] 
Heap after GC invocations=10 (full 1):
 par new generation   total 109248K, used 14540K [0x00000000e0000000, 0x00000000e8000000, 0x00000000e8000000)
  eden space 87424K,   0% used [0x00000000e0000000, 0x00000000e0000000, 0x00000000e5560000)
  from space 21824K,  66% used [0x00000000e5560000, 0x00000000e6393390, 0x00000000e6ab0000)
  to   space 21824K,   0% used [0x00000000e6ab0000, 0x00000000e6ab0000, 0x00000000e8000000)
 concurrent mark-sweep generation total 393216K, used 7357K [0x00000000e8000000, 0x0000000100000000, 0x0000000100000000)
 Metaspace       used 27974K, capacity 28510K, committed 28796K, reserved 1075200K
  class space    used 3215K, capacity 3394K, committed 3452K, reserved 1048576K
}
2017-07-22T08:19:49.077+0200: 176,317: Total time for which application threads were stopped: 0,0241533 seconds, Stopping threads took: 0,0000719 seconds
2017-07-22T08:19:49.077+0200: 176,318: Total time for which application threads were stopped: 0,0000860 seconds, Stopping threads took: 0,0000405 seconds
2017-07-22T08:19:49.078+0200: 176,318: Total time for which application threads were stopped: 0,0000578 seconds, Stopping threads took: 0,0000268 seconds
2017-07-22T08:21:30.089+0200: 277,329: Total time for which application threads were stopped: 0,0000789 seconds, Stopping threads took: 0,0000323 seconds
2017-07-22T08:23:39.104+0200: 406,345: Total time for which application threads were stopped: 0,0001190 seconds, Stopping threads took: 0,0000380 seconds
2017-07-22T08:40:24.217+0200: 1411,457: Total time for which application threads were stopped: 0,0001032 seconds, Stopping threads took: 0,0000335 seconds
2017-07-22T08:44:04.243+0200: 1631,483: Total time for which application threads were stopped: 0,0000903 seconds, Stopping threads took: 0,0000361 seconds
2017-07-22T08:55:59.323+0200: 2346,563: Total time for which application threads were stopped: 0,0001534 seconds, Stopping threads took: 0,0000749 seconds
2017-07-22T08:56:00.323+0200: 2347,563: Total time for which application threads were stopped: 0,0000661 seconds, Stopping threads took: 0,0000151 seconds
2017-07-22T09:00:55.375+0200: 2642,615: Total time for which application threads were stopped: 0,0006449 seconds, Stopping threads took: 0,0002677 seconds
2017-07-22T10:34:23.231+0200: 3597,953: Total time for which application threads were stopped: 0,0000759 seconds, Stopping threads took: 0,0000301 seconds
2017-07-22T10:40:27.271+0200: 3961,994: Total time for which application threads were stopped: 0,0001012 seconds, Stopping threads took: 0,0000301 seconds
2017-07-22T10:40:42.273+0200: 3976,995: Total time for which application threads were stopped: 0,0000878 seconds, Stopping threads took: 0,0000357 seconds
2017-07-22T10:40:47.273+0200: 3981,996: Total time for which application threads were stopped: 0,0000608 seconds, Stopping threads took: 0,0000155 seconds
2017-07-22T10:55:23.763+0200: 4858,085: Total time for which application threads were stopped: 0,0000766 seconds, Stopping threads took: 0,0000326 seconds
2017-07-22T10:57:58.779+0200: 5013,101: Total time for which application threads were stopped: 0,0000800 seconds, Stopping threads took: 0,0000329 seconds
2017-07-22T11:15:44.776+0200: 6079,098: Total time for which application threads were stopped: 0,0002435 seconds, Stopping threads took: 0,0000296 seconds
2017-07-22T11:15:44.793+0200: 6079,115: Total time for which application threads were stopped: 0,0087771 seconds, Stopping threads took: 0,0086929 seconds
2017-07-22T11:15:44.794+0200: 6079,116: Total time for which application threads were stopped: 0,0000729 seconds, Stopping threads took: 0,0000232 seconds
2017-07-22T11:15:44.797+0200: 6079,119: Total time for which application threads were stopped: 0,0000865 seconds, Stopping threads took: 0,0000260 seconds
2017-07-22T11:15:44.797+0200: 6079,119: Total time for which application threads were stopped: 0,0000948 seconds, Stopping threads took: 0,0000233 seconds
2017-07-22T11:15:44.798+0200: 6079,120: Total time for which application threads were stopped: 0,0000578 seconds, Stopping threads took: 0,0000164 seconds
2017-07-22T11:15:44.798+0200: 6079,120: Total time for which application threads were stopped: 0,0000704 seconds, Stopping threads took: 0,0000219 seconds
2017-07-22T11:15:44.799+0200: 6079,121: Total time for which application threads were stopped: 0,0002219 seconds, Stopping threads took: 0,0001142 seconds
2017-07-22T11:15:44.799+0200: 6079,121: Total time for which application threads were stopped: 0,0000526 seconds, Stopping threads took: 0,0000148 seconds
2017-07-22T11:15:44.799+0200: 6079,121: Total time for which application threads were stopped: 0,0000492 seconds, Stopping threads took: 0,0000135 seconds
2017-07-22T11:15:44.799+0200: 6079,121: Total time for which application threads were stopped: 0,0000454 seconds, Stopping threads took: 0,0000120 seconds
2017-07-22T11:15:44.799+0200: 6079,121: Total time for which application threads were stopped: 0,0000427 seconds, Stopping threads took: 0,0000150 seconds
2017-07-22T11:15:44.804+0200: 6079,126: Total time for which application threads were stopped: 0,0045209 seconds, Stopping threads took: 0,0044488 seconds
2017-07-22T11:15:44.807+0200: 6079,129: Total time for which application threads were stopped: 0,0000881 seconds, Stopping threads took: 0,0000183 seconds
2017-07-22T11:15:44.812+0200: 6079,134: Total time for which application threads were stopped: 0,0001031 seconds, Stopping threads took: 0,0000204 seconds
2017-07-22T11:15:44.814+0200: 6079,136: Total time for which application threads were stopped: 0,0000954 seconds, Stopping threads took: 0,0000212 seconds
2017-07-22T11:15:44.814+0200: 6079,136: Total time for which application threads were stopped: 0,0000827 seconds, Stopping threads took: 0,0000282 seconds
2017-07-22T11:15:44.814+0200: 6079,136: Total time for which application threads were stopped: 0,0000624 seconds, Stopping threads took: 0,0000150 seconds
2017-07-22T11:15:44.814+0200: 6079,136: Total time for which application threads were stopped: 0,0002037 seconds, Stopping threads took: 0,0001566 seconds
2017-07-22T11:15:44.814+0200: 6079,136: Total time for which application threads were stopped: 0,0000563 seconds, Stopping threads took: 0,0000234 seconds
2017-07-22T11:15:44.818+0200: 6079,140: Total time for which application threads were stopped: 0,0000866 seconds, Stopping threads took: 0,0000327 seconds
2017-07-22T11:15:44.824+0200: 6079,146: Total time for which application threads were stopped: 0,0001273 seconds, Stopping threads took: 0,0000228 seconds
2017-07-22T11:15:44.824+0200: 6079,146: Total time for which application threads were stopped: 0,0000487 seconds, Stopping threads took: 0,0000083 seconds
2017-07-22T11:15:44.824+0200: 6079,146: Total time for which application threads were stopped: 0,0000488 seconds, Stopping threads took: 0,0000164 seconds
2017-07-22T11:15:44.824+0200: 6079,146: Total time for which application threads were stopped: 0,0000363 seconds, Stopping threads took: 0,0000066 seconds
2017-07-22T11:15:44.824+0200: 6079,146: Total time for which application threads were stopped: 0,0000394 seconds, Stopping threads took: 0,0000069 seconds
2017-07-22T11:15:44.828+0200: 6079,150: Total time for which application threads were stopped: 0,0022809 seconds, Stopping threads took: 0,0022076 seconds
2017-07-22T11:15:44.828+0200: 6079,150: Total time for which application threads were stopped: 0,0000566 seconds, Stopping threads took: 0,0000108 seconds
2017-07-22T11:15:44.828+0200: 6079,150: Total time for which application threads were stopped: 0,0000423 seconds, Stopping threads took: 0,0000061 seconds
2017-07-22T11:15:44.828+0200: 6079,150: Total time for which application threads were stopped: 0,0000392 seconds, Stopping threads took: 0,0000055 seconds
2017-07-22T11:15:44.828+0200: 6079,150: Total time for which application threads were stopped: 0,0000375 seconds, Stopping threads took: 0,0000048 seconds
2017-07-22T11:15:44.828+0200: 6079,150: Total time for which application threads were stopped: 0,0000364 seconds, Stopping threads took: 0,0000052 seconds
2017-07-22T11:15:44.828+0200: 6079,150: Total time for which application threads were stopped: 0,0000367 seconds, Stopping threads took: 0,0000049 seconds
2017-07-22T11:15:44.828+0200: 6079,150: Total time for which application threads were stopped: 0,0000380 seconds, Stopping threads took: 0,0000052 seconds
2017-07-22T11:15:44.828+0200: 6079,150: Total time for which application threads were stopped: 0,0000348 seconds, Stopping threads took: 0,0000047 seconds
2017-07-22T11:15:44.828+0200: 6079,150: Total time for which application threads were stopped: 0,0000360 seconds, Stopping threads took: 0,0000046 seconds
2017-07-22T11:15:44.830+0200: 6079,152: Total time for which application threads were stopped: 0,0000889 seconds, Stopping threads took: 0,0000250 seconds
2017-07-22T11:15:44.830+0200: 6079,152: Total time for which application threads were stopped: 0,0000562 seconds, Stopping threads took: 0,0000151 seconds
2017-07-22T11:15:44.836+0200: 6079,158: Total time for which application threads were stopped: 0,0023815 seconds, Stopping threads took: 0,0022977 seconds
2017-07-22T11:15:44.836+0200: 6079,158: Total time for which application threads were stopped: 0,0000713 seconds, Stopping threads took: 0,0000248 seconds
2017-07-22T11:15:44.837+0200: 6079,159: Total time for which application threads were stopped: 0,0001854 seconds, Stopping threads took: 0,0001209 seconds
2017-07-22T11:15:44.838+0200: 6079,160: Total time for which application threads were stopped: 0,0000617 seconds, Stopping threads took: 0,0000190 seconds
2017-07-22T11:15:44.845+0200: 6079,167: Total time for which application threads were stopped: 0,0000930 seconds, Stopping threads took: 0,0000326 seconds
2017-07-22T11:15:44.845+0200: 6079,167: Total time for which application threads were stopped: 0,0000645 seconds, Stopping threads took: 0,0000213 seconds
2017-07-22T11:15:44.856+0200: 6079,178: Total time for which application threads were stopped: 0,0040531 seconds, Stopping threads took: 0,0039491 seconds
2017-07-22T11:15:44.858+0200: 6079,180: Total time for which application threads were stopped: 0,0013402 seconds, Stopping threads took: 0,0012555 seconds
2017-07-22T11:15:44.858+0200: 6079,180: Total time for which application threads were stopped: 0,0000818 seconds, Stopping threads took: 0,0000397 seconds
2017-07-22T11:15:44.858+0200: 6079,180: Total time for which application threads were stopped: 0,0000640 seconds, Stopping threads took: 0,0000235 seconds
2017-07-22T11:15:44.859+0200: 6079,181: Total time for which application threads were stopped: 0,0000621 seconds, Stopping threads took: 0,0000213 seconds
2017-07-22T11:15:44.861+0200: 6079,183: Total time for which application threads were stopped: 0,0000998 seconds, Stopping threads took: 0,0000333 seconds
2017-07-22T11:15:44.861+0200: 6079,183: Total time for which application threads were stopped: 0,0000548 seconds, Stopping threads took: 0,0000144 seconds
2017-07-22T11:15:44.861+0200: 6079,183: Total time for which application threads were stopped: 0,0000466 seconds, Stopping threads took: 0,0000122 seconds
2017-07-22T11:15:44.861+0200: 6079,183: Total time for which application threads were stopped: 0,0000526 seconds, Stopping threads took: 0,0000165 seconds
2017-07-22T11:15:44.861+0200: 6079,183: Total time for which application threads were stopped: 0,0000501 seconds, Stopping threads took: 0,0000148 seconds
2017-07-22T11:15:44.861+0200: 6079,183: Total time for which application threads were stopped: 0,0000463 seconds, Stopping threads took: 0,0000138 seconds
2017-07-22T11:15:44.861+0200: 6079,184: Total time for which application threads were stopped: 0,0000482 seconds, Stopping threads took: 0,0000174 seconds
2017-07-22T11:15:44.862+0200: 6079,184: Total time for which application threads were stopped: 0,0000442 seconds, Stopping threads took: 0,0000137 seconds
2017-07-22T11:15:44.862+0200: 6079,184: Total time for which application threads were stopped: 0,0000409 seconds, Stopping threads took: 0,0000111 seconds
2017-07-22T11:15:44.862+0200: 6079,184: Total time for which application threads were stopped: 0,0000325 seconds, Stopping threads took: 0,0000044 seconds
2017-07-22T11:15:44.862+0200: 6079,184: Total time for which application threads were stopped: 0,0000637 seconds, Stopping threads took: 0,0000196 seconds
2017-07-22T11:15:44.862+0200: 6079,184: Total time for which application threads were stopped: 0,0000469 seconds, Stopping threads took: 0,0000136 seconds
2017-07-22T11:15:44.862+0200: 6079,184: Total time for which application threads were stopped: 0,0000341 seconds, Stopping threads took: 0,0000051 seconds
2017-07-22T11:15:44.862+0200: 6079,184: Total time for which application threads were stopped: 0,0000429 seconds, Stopping threads took: 0,0000115 seconds
2017-07-22T11:15:44.863+0200: 6079,185: Total time for which application threads were stopped: 0,0001418 seconds, Stopping threads took: 0,0000045 seconds
2017-07-22T11:15:44.864+0200: 6079,186: Total time for which application threads were stopped: 0,0002926 seconds, Stopping threads took: 0,0000206 seconds
2017-07-22T11:15:44.865+0200: 6079,187: Total time for which application threads were stopped: 0,0001158 seconds, Stopping threads took: 0,0000222 seconds
2017-07-22T11:15:44.870+0200: 6079,192: Total time for which application threads were stopped: 0,0000985 seconds, Stopping threads took: 0,0000280 seconds
2017-07-22T11:15:44.870+0200: 6079,192: Total time for which application threads were stopped: 0,0000737 seconds, Stopping threads took: 0,0000133 seconds
Heap
 par new generation   total 109248K, used 35402K [0x00000000e0000000, 0x00000000e8000000, 0x00000000e8000000)
  eden space 87424K,  23% used [0x00000000e0000000, 0x00000000e145f6d8, 0x00000000e5560000)
  from space 21824K,  66% used [0x00000000e5560000, 0x00000000e6393390, 0x00000000e6ab0000)
  to   space 21824K,   0% used [0x00000000e6ab0000, 0x00000000e6ab0000, 0x00000000e8000000)
 concurrent mark-sweep generation total 393216K, used 7357K [0x00000000e8000000, 0x0000000100000000, 0x0000000100000000)
 Metaspace       used 28091K, capacity 28614K, committed 28796K, reserved 1075200K
  class space    used 3229K, capacity 3428K, committed 3452K, reserved 1048576K
