OpenJDK 64-Bit Server VM (25.131-b11) for linux-amd64 JRE (1.8.0_131-8u131-b11-0ubuntu1.16.04.2-b11), built on May  6 2017 02:45:27 by "buildd" with gcc 5.4.0 20160609
Memory: 4k page, physical 7867740k(7412484k free), swap 8076284k(8076284k free)
CommandLine flags: -XX:CMSInitiatingOccupancyFraction=50 -XX:CMSMaxAbortablePrecleanTime=6000 -XX:+CMSParallelRemarkEnabled -XX:+CMSScavengeBeforeRemark -XX:ConcGCThreads=4 -XX:InitialHeapSize=536870912 -XX:MaxHeapSize=536870912 -XX:MaxTenuringThreshold=8 -XX:NewRatio=3 -XX:OldPLABSize=16 -XX:OnOutOfMemoryError=/opt/solr/bin/oom_solr.sh 8983 /var/solr/logs -XX:ParallelGCThreads=4 -XX:+ParallelRefProcEnabled -XX:PretenureSizeThreshold=67108864 -XX:+PrintGC -XX:+PrintGCApplicationStoppedTime -XX:+PrintGCDateStamps -XX:+PrintGCDetails -XX:+PrintGCTimeStamps -XX:+PrintHeapAtGC -XX:+PrintTenuringDistribution -XX:SurvivorRatio=4 -XX:TargetSurvivorRatio=90 -XX:ThreadStackSize=256 -XX:+UseCMSInitiatingOccupancyOnly -XX:+UseCompressedClassPointers -XX:+UseCompressedOops -XX:+UseConcMarkSweepGC -XX:+UseParNewGC 
2017-05-22T14:31:43.160+0200: 0,139: Total time for which application threads were stopped: 0,0000745 seconds, Stopping threads took: 0,0000139 seconds
2017-05-22T14:31:43.242+0200: 0,222: Total time for which application threads were stopped: 0,0001022 seconds, Stopping threads took: 0,0000173 seconds
2017-05-22T14:31:43.257+0200: 0,236: Total time for which application threads were stopped: 0,0001370 seconds, Stopping threads took: 0,0000342 seconds
2017-05-22T14:31:43.541+0200: 0,521: Total time for which application threads were stopped: 0,0001278 seconds, Stopping threads took: 0,0000153 seconds
2017-05-22T14:31:43.908+0200: 0,888: Total time for which application threads were stopped: 0,0001573 seconds, Stopping threads took: 0,0000112 seconds
2017-05-22T14:31:43.981+0200: 0,960: Total time for which application threads were stopped: 0,0001544 seconds, Stopping threads took: 0,0000133 seconds
2017-05-22T14:31:44.016+0200: 0,996: Total time for which application threads were stopped: 0,0002234 seconds, Stopping threads took: 0,0000469 seconds
2017-05-22T14:31:44.436+0200: 1,416: Total time for which application threads were stopped: 0,0002438 seconds, Stopping threads took: 0,0000239 seconds
2017-05-22T14:31:44.847+0200: 1,826: Total time for which application threads were stopped: 0,0016520 seconds, Stopping threads took: 0,0001859 seconds
2017-05-22T14:31:44.934+0200: 1,913: Total time for which application threads were stopped: 0,0017992 seconds, Stopping threads took: 0,0003918 seconds
2017-05-22T14:31:45.029+0200: 2,008: Total time for which application threads were stopped: 0,0015726 seconds, Stopping threads took: 0,0002067 seconds
2017-05-22T14:31:45.032+0200: 2,012: Total time for which application threads were stopped: 0,0013639 seconds, Stopping threads took: 0,0000563 seconds
2017-05-22T14:31:45.091+0200: 2,071: Total time for which application threads were stopped: 0,0004040 seconds, Stopping threads took: 0,0000416 seconds
2017-05-22T14:31:45.497+0200: 2,477: Total time for which application threads were stopped: 0,0003241 seconds, Stopping threads took: 0,0000195 seconds
2017-05-22T14:31:45.689+0200: 2,668: Total time for which application threads were stopped: 0,0022413 seconds, Stopping threads took: 0,0019520 seconds
{Heap before GC invocations=0 (full 0):
 par new generation   total 109248K, used 87424K [0x00000000e0000000, 0x00000000e8000000, 0x00000000e8000000)
  eden space 87424K, 100% used [0x00000000e0000000, 0x00000000e5560000, 0x00000000e5560000)
  from space 21824K,   0% used [0x00000000e5560000, 0x00000000e5560000, 0x00000000e6ab0000)
  to   space 21824K,   0% used [0x00000000e6ab0000, 0x00000000e6ab0000, 0x00000000e8000000)
 concurrent mark-sweep generation total 393216K, used 0K [0x00000000e8000000, 0x0000000100000000, 0x0000000100000000)
 Metaspace       used 18022K, capacity 18336K, committed 18688K, reserved 1064960K
  class space    used 2036K, capacity 2196K, committed 2304K, reserved 1048576K
2017-05-22T14:31:45.778+0200: 2,758: [GC (Allocation Failure) 2017-05-22T14:31:45.778+0200: 2,758: [ParNew
Desired survivor size 20112992 bytes, new threshold 8 (max 8)
- age   1:   12542120 bytes,   12542120 total
: 87424K->12361K(109248K), 0,0166674 secs] 87424K->12361K(502464K), 0,0167385 secs] [Times: user=0,04 sys=0,02, real=0,02 secs] 
Heap after GC invocations=1 (full 0):
 par new generation   total 109248K, used 12361K [0x00000000e0000000, 0x00000000e8000000, 0x00000000e8000000)
  eden space 87424K,   0% used [0x00000000e0000000, 0x00000000e0000000, 0x00000000e5560000)
  from space 21824K,  56% used [0x00000000e6ab0000, 0x00000000e76c2730, 0x00000000e8000000)
  to   space 21824K,   0% used [0x00000000e5560000, 0x00000000e5560000, 0x00000000e6ab0000)
 concurrent mark-sweep generation total 393216K, used 0K [0x00000000e8000000, 0x0000000100000000, 0x0000000100000000)
 Metaspace       used 18022K, capacity 18336K, committed 18688K, reserved 1064960K
  class space    used 2036K, capacity 2196K, committed 2304K, reserved 1048576K
}
2017-05-22T14:31:45.795+0200: 2,775: Total time for which application threads were stopped: 0,0170013 seconds, Stopping threads took: 0,0000390 seconds
2017-05-22T14:31:46.100+0200: 3,079: Total time for which application threads were stopped: 0,0004315 seconds, Stopping threads took: 0,0000968 seconds
{Heap before GC invocations=1 (full 0):
 par new generation   total 109248K, used 99785K [0x00000000e0000000, 0x00000000e8000000, 0x00000000e8000000)
  eden space 87424K, 100% used [0x00000000e0000000, 0x00000000e5560000, 0x00000000e5560000)
  from space 21824K,  56% used [0x00000000e6ab0000, 0x00000000e76c2730, 0x00000000e8000000)
  to   space 21824K,   0% used [0x00000000e5560000, 0x00000000e5560000, 0x00000000e6ab0000)
 concurrent mark-sweep generation total 393216K, used 0K [0x00000000e8000000, 0x0000000100000000, 0x0000000100000000)
 Metaspace       used 20043K, capacity 20354K, committed 20736K, reserved 1067008K
  class space    used 2293K, capacity 2465K, committed 2560K, reserved 1048576K
2017-05-22T14:31:46.157+0200: 3,137: [GC (Allocation Failure) 2017-05-22T14:31:46.157+0200: 3,137: [ParNew
Desired survivor size 20112992 bytes, new threshold 8 (max 8)
- age   1:    3559344 bytes,    3559344 total
- age   2:    6648656 bytes,   10208000 total
: 99785K->15692K(109248K), 0,0101463 secs] 99785K->15692K(502464K), 0,0102279 secs] [Times: user=0,04 sys=0,00, real=0,01 secs] 
Heap after GC invocations=2 (full 0):
 par new generation   total 109248K, used 15692K [0x00000000e0000000, 0x00000000e8000000, 0x00000000e8000000)
  eden space 87424K,   0% used [0x00000000e0000000, 0x00000000e0000000, 0x00000000e5560000)
  from space 21824K,  71% used [0x00000000e5560000, 0x00000000e64b3340, 0x00000000e6ab0000)
  to   space 21824K,   0% used [0x00000000e6ab0000, 0x00000000e6ab0000, 0x00000000e8000000)
 concurrent mark-sweep generation total 393216K, used 0K [0x00000000e8000000, 0x0000000100000000, 0x0000000100000000)
 Metaspace       used 20043K, capacity 20354K, committed 20736K, reserved 1067008K
  class space    used 2293K, capacity 2465K, committed 2560K, reserved 1048576K
}
2017-05-22T14:31:46.167+0200: 3,147: Total time for which application threads were stopped: 0,0105195 seconds, Stopping threads took: 0,0001155 seconds
2017-05-22T14:31:46.172+0200: 3,152: Total time for which application threads were stopped: 0,0003422 seconds, Stopping threads took: 0,0000573 seconds
2017-05-22T14:31:46.212+0200: 3,191: Total time for which application threads were stopped: 0,0003199 seconds, Stopping threads took: 0,0000162 seconds
2017-05-22T14:31:46.338+0200: 3,318: Total time for which application threads were stopped: 0,0031855 seconds, Stopping threads took: 0,0030750 seconds
{Heap before GC invocations=2 (full 0):
 par new generation   total 109248K, used 103116K [0x00000000e0000000, 0x00000000e8000000, 0x00000000e8000000)
  eden space 87424K, 100% used [0x00000000e0000000, 0x00000000e5560000, 0x00000000e5560000)
  from space 21824K,  71% used [0x00000000e5560000, 0x00000000e64b3340, 0x00000000e6ab0000)
  to   space 21824K,   0% used [0x00000000e6ab0000, 0x00000000e6ab0000, 0x00000000e8000000)
 concurrent mark-sweep generation total 393216K, used 0K [0x00000000e8000000, 0x0000000100000000, 0x0000000100000000)
 Metaspace       used 20956K, capacity 21282K, committed 21552K, reserved 1069056K
  class space    used 2418K, capacity 2585K, committed 2608K, reserved 1048576K
2017-05-22T14:31:46.362+0200: 3,342: [GC (Allocation Failure) 2017-05-22T14:31:46.362+0200: 3,342: [ParNew
Desired survivor size 20112992 bytes, new threshold 8 (max 8)
- age   1:    2082992 bytes,    2082992 total
- age   2:     877704 bytes,    2960696 total
- age   3:    6646792 bytes,    9607488 total
: 103116K->12247K(109248K), 0,0132963 secs] 103116K->12247K(502464K), 0,0134002 secs] [Times: user=0,04 sys=0,00, real=0,01 secs] 
Heap after GC invocations=3 (full 0):
 par new generation   total 109248K, used 12247K [0x00000000e0000000, 0x00000000e8000000, 0x00000000e8000000)
  eden space 87424K,   0% used [0x00000000e0000000, 0x00000000e0000000, 0x00000000e5560000)
  from space 21824K,  56% used [0x00000000e6ab0000, 0x00000000e76a5f98, 0x00000000e8000000)
  to   space 21824K,   0% used [0x00000000e5560000, 0x00000000e5560000, 0x00000000e6ab0000)
 concurrent mark-sweep generation total 393216K, used 0K [0x00000000e8000000, 0x0000000100000000, 0x0000000100000000)
 Metaspace       used 20956K, capacity 21282K, committed 21552K, reserved 1069056K
  class space    used 2418K, capacity 2585K, committed 2608K, reserved 1048576K
}
2017-05-22T14:31:46.376+0200: 3,355: Total time for which application threads were stopped: 0,0136461 seconds, Stopping threads took: 0,0000728 seconds
2017-05-22T14:31:46.390+0200: 3,370: [GC (CMS Initial Mark) [1 CMS-initial-mark: 0K(393216K)] 21763K(502464K), 0,0055071 secs] [Times: user=0,02 sys=0,00, real=0,00 secs] 
2017-05-22T14:31:46.396+0200: 3,376: Total time for which application threads were stopped: 0,0057216 seconds, Stopping threads took: 0,0000871 seconds
2017-05-22T14:31:46.396+0200: 3,376: [CMS-concurrent-mark-start]
2017-05-22T14:31:46.405+0200: 3,385: [CMS-concurrent-mark: 0,010/0,010 secs] [Times: user=0,04 sys=0,00, real=0,01 secs] 
2017-05-22T14:31:46.405+0200: 3,385: [CMS-concurrent-preclean-start]
2017-05-22T14:31:46.407+0200: 3,386: [CMS-concurrent-preclean: 0,001/0,001 secs] [Times: user=0,00 sys=0,00, real=0,00 secs] 
2017-05-22T14:31:46.407+0200: 3,387: [CMS-concurrent-abortable-preclean-start]
2017-05-22T14:31:46.522+0200: 3,502: Total time for which application threads were stopped: 0,0002156 seconds, Stopping threads took: 0,0001229 seconds
{Heap before GC invocations=3 (full 1):
 par new generation   total 109248K, used 99671K [0x00000000e0000000, 0x00000000e8000000, 0x00000000e8000000)
  eden space 87424K, 100% used [0x00000000e0000000, 0x00000000e5560000, 0x00000000e5560000)
  from space 21824K,  56% used [0x00000000e6ab0000, 0x00000000e76a5f98, 0x00000000e8000000)
  to   space 21824K,   0% used [0x00000000e5560000, 0x00000000e5560000, 0x00000000e6ab0000)
 concurrent mark-sweep generation total 393216K, used 0K [0x00000000e8000000, 0x0000000100000000, 0x0000000100000000)
 Metaspace       used 21252K, capacity 21628K, committed 21884K, reserved 1069056K
  class space    used 2446K, capacity 2601K, committed 2608K, reserved 1048576K
2017-05-22T14:31:46.535+0200: 3,515: [GC (Allocation Failure) 2017-05-22T14:31:46.535+0200: 3,515: [ParNew
Desired survivor size 20112992 bytes, new threshold 8 (max 8)
- age   1:     623904 bytes,     623904 total
- age   2:    1443840 bytes,    2067744 total
- age   3:     844360 bytes,    2912104 total
- age   4:    6646616 bytes,    9558720 total
: 99671K->10421K(109248K), 0,0104773 secs] 99671K->10421K(502464K), 0,0105455 secs] [Times: user=0,04 sys=0,00, real=0,01 secs] 
Heap after GC invocations=4 (full 1):
 par new generation   total 109248K, used 10421K [0x00000000e0000000, 0x00000000e8000000, 0x00000000e8000000)
  eden space 87424K,   0% used [0x00000000e0000000, 0x00000000e0000000, 0x00000000e5560000)
  from space 21824K,  47% used [0x00000000e5560000, 0x00000000e5f8d530, 0x00000000e6ab0000)
  to   space 21824K,   0% used [0x00000000e6ab0000, 0x00000000e6ab0000, 0x00000000e8000000)
 concurrent mark-sweep generation total 393216K, used 0K [0x00000000e8000000, 0x0000000100000000, 0x0000000100000000)
 Metaspace       used 21252K, capacity 21628K, committed 21884K, reserved 1069056K
  class space    used 2446K, capacity 2601K, committed 2608K, reserved 1048576K
}
2017-05-22T14:31:46.546+0200: 3,525: Total time for which application threads were stopped: 0,0107447 seconds, Stopping threads took: 0,0000523 seconds
{Heap before GC invocations=4 (full 1):
 par new generation   total 109248K, used 97845K [0x00000000e0000000, 0x00000000e8000000, 0x00000000e8000000)
  eden space 87424K, 100% used [0x00000000e0000000, 0x00000000e5560000, 0x00000000e5560000)
  from space 21824K,  47% used [0x00000000e5560000, 0x00000000e5f8d530, 0x00000000e6ab0000)
  to   space 21824K,   0% used [0x00000000e6ab0000, 0x00000000e6ab0000, 0x00000000e8000000)
 concurrent mark-sweep generation total 393216K, used 0K [0x00000000e8000000, 0x0000000100000000, 0x0000000100000000)
 Metaspace       used 21413K, capacity 21800K, committed 21960K, reserved 1069056K
  class space    used 2465K, capacity 2635K, committed 2684K, reserved 1048576K
2017-05-22T14:31:46.654+0200: 3,634: [GC (Allocation Failure) 2017-05-22T14:31:46.654+0200: 3,634: [ParNew
Desired survivor size 20112992 bytes, new threshold 8 (max 8)
- age   1:    1296184 bytes,    1296184 total
- age   2:     188944 bytes,    1485128 total
- age   3:    1443528 bytes,    2928656 total
- age   4:     842376 bytes,    3771032 total
- age   5:    6646440 bytes,   10417472 total
: 97845K->14277K(109248K), 0,0376918 secs] 97845K->14277K(502464K), 0,0377710 secs] [Times: user=0,06 sys=0,00, real=0,04 secs] 
Heap after GC invocations=5 (full 1):
 par new generation   total 109248K, used 14277K [0x00000000e0000000, 0x00000000e8000000, 0x00000000e8000000)
  eden space 87424K,   0% used [0x00000000e0000000, 0x00000000e0000000, 0x00000000e5560000)
  from space 21824K,  65% used [0x00000000e6ab0000, 0x00000000e78a17e8, 0x00000000e8000000)
  to   space 21824K,   0% used [0x00000000e5560000, 0x00000000e5560000, 0x00000000e6ab0000)
 concurrent mark-sweep generation total 393216K, used 0K [0x00000000e8000000, 0x0000000100000000, 0x0000000100000000)
 Metaspace       used 21413K, capacity 21800K, committed 21960K, reserved 1069056K
  class space    used 2465K, capacity 2635K, committed 2684K, reserved 1048576K
}
2017-05-22T14:31:46.692+0200: 3,671: Total time for which application threads were stopped: 0,0387397 seconds, Stopping threads took: 0,0007973 seconds
2017-05-22T14:31:46.718+0200: 3,698: Total time for which application threads were stopped: 0,0035411 seconds, Stopping threads took: 0,0034377 seconds
2017-05-22T14:31:46.718+0200: 3,698: [CMS-concurrent-abortable-preclean: 0,136/0,311 secs] [Times: user=1,07 sys=0,01, real=0,31 secs] 
2017-05-22T14:31:46.718+0200: 3,698: [GC (CMS Final Remark) [YG occupancy: 25394 K (109248 K)]{Heap before GC invocations=5 (full 1):
 par new generation   total 109248K, used 25394K [0x00000000e0000000, 0x00000000e8000000, 0x00000000e8000000)
  eden space 87424K,  12% used [0x00000000e0000000, 0x00000000e0adb2d0, 0x00000000e5560000)
  from space 21824K,  65% used [0x00000000e6ab0000, 0x00000000e78a17e8, 0x00000000e8000000)
  to   space 21824K,   0% used [0x00000000e5560000, 0x00000000e5560000, 0x00000000e6ab0000)
 concurrent mark-sweep generation total 393216K, used 0K [0x00000000e8000000, 0x0000000100000000, 0x0000000100000000)
 Metaspace       used 21540K, capacity 21928K, committed 22216K, reserved 1069056K
  class space    used 2483K, capacity 2635K, committed 2684K, reserved 1048576K
2017-05-22T14:31:46.718+0200: 3,698: [GC (CMS Final Remark) 2017-05-22T14:31:46.718+0200: 3,698: [ParNew
Desired survivor size 20112992 bytes, new threshold 8 (max 8)
- age   1:     191896 bytes,     191896 total
- age   2:     107232 bytes,     299128 total
- age   3:     188104 bytes,     487232 total
- age   4:    1053624 bytes,    1540856 total
- age   5:     842344 bytes,    2383200 total
- age   6:    6646408 bytes,    9029608 total
: 25394K->13173K(109248K), 0,0250731 secs] 25394K->13173K(502464K), 0,0251337 secs] [Times: user=0,05 sys=0,00, real=0,03 secs] 
Heap after GC invocations=6 (full 1):
 par new generation   total 109248K, used 13173K [0x00000000e0000000, 0x00000000e8000000, 0x00000000e8000000)
  eden space 87424K,   0% used [0x00000000e0000000, 0x00000000e0000000, 0x00000000e5560000)
  from space 21824K,  60% used [0x00000000e5560000, 0x00000000e623d478, 0x00000000e6ab0000)
  to   space 21824K,   0% used [0x00000000e6ab0000, 0x00000000e6ab0000, 0x00000000e8000000)
 concurrent mark-sweep generation total 393216K, used 0K [0x00000000e8000000, 0x0000000100000000, 0x0000000100000000)
 Metaspace       used 21540K, capacity 21928K, committed 22216K, reserved 1069056K
  class space    used 2483K, capacity 2635K, committed 2684K, reserved 1048576K
}
2017-05-22T14:31:46.744+0200: 3,723: [Rescan (parallel) , 0,0044058 secs]2017-05-22T14:31:46.748+0200: 3,728: [weak refs processing, 0,0033509 secs]2017-05-22T14:31:46.751+0200: 3,731: [class unloading, 0,0034262 secs]2017-05-22T14:31:46.755+0200: 3,735: [scrub symbol table, 0,0034727 secs]2017-05-22T14:31:46.758+0200: 3,738: [scrub string table, 0,0003936 secs][1 CMS-remark: 0K(393216K)] 13173K(502464K), 0,0409625 secs] [Times: user=0,08 sys=0,00, real=0,04 secs] 
2017-05-22T14:31:46.759+0200: 3,739: Total time for which application threads were stopped: 0,0411015 seconds, Stopping threads took: 0,0000691 seconds
2017-05-22T14:31:46.759+0200: 3,739: [CMS-concurrent-sweep-start]
2017-05-22T14:31:46.759+0200: 3,739: [CMS-concurrent-sweep: 0,000/0,000 secs] [Times: user=0,00 sys=0,00, real=0,00 secs] 
2017-05-22T14:31:46.760+0200: 3,739: [CMS-concurrent-reset-start]
2017-05-22T14:31:46.762+0200: 3,742: [CMS-concurrent-reset: 0,003/0,003 secs] [Times: user=0,01 sys=0,00, real=0,01 secs] 
2017-05-22T14:31:46.772+0200: 3,752: Total time for which application threads were stopped: 0,0003044 seconds, Stopping threads took: 0,0000134 seconds
2017-05-22T14:31:47.019+0200: 3,998: Total time for which application threads were stopped: 0,0005141 seconds, Stopping threads took: 0,0000544 seconds
2017-05-22T14:31:47.035+0200: 4,015: Total time for which application threads were stopped: 0,0003986 seconds, Stopping threads took: 0,0000249 seconds
2017-05-22T14:31:47.078+0200: 4,058: Total time for which application threads were stopped: 0,0016148 seconds, Stopping threads took: 0,0013005 seconds
{Heap before GC invocations=6 (full 1):
 par new generation   total 109248K, used 100597K [0x00000000e0000000, 0x00000000e8000000, 0x00000000e8000000)
  eden space 87424K, 100% used [0x00000000e0000000, 0x00000000e5560000, 0x00000000e5560000)
  from space 21824K,  60% used [0x00000000e5560000, 0x00000000e623d478, 0x00000000e6ab0000)
  to   space 21824K,   0% used [0x00000000e6ab0000, 0x00000000e6ab0000, 0x00000000e8000000)
 concurrent mark-sweep generation total 393216K, used 0K [0x00000000e8000000, 0x0000000100000000, 0x0000000100000000)
 Metaspace       used 23802K, capacity 24298K, committed 24572K, reserved 1071104K
  class space    used 2792K, capacity 2978K, committed 3068K, reserved 1048576K
2017-05-22T14:31:47.211+0200: 4,191: [GC (Allocation Failure) 2017-05-22T14:31:47.211+0200: 4,191: [ParNew
Desired survivor size 20112992 bytes, new threshold 8 (max 8)
- age   1:    4846480 bytes,    4846480 total
- age   2:      93896 bytes,    4940376 total
- age   3:     107104 bytes,    5047480 total
- age   4:     187496 bytes,    5234976 total
- age   5:     273768 bytes,    5508744 total
- age   6:     818024 bytes,    6326768 total
- age   7:    6638144 bytes,   12964912 total
: 100597K->14311K(109248K), 0,0201508 secs] 100597K->14311K(502464K), 0,0202427 secs] [Times: user=0,06 sys=0,00, real=0,02 secs] 
Heap after GC invocations=7 (full 1):
 par new generation   total 109248K, used 14311K [0x00000000e0000000, 0x00000000e8000000, 0x00000000e8000000)
  eden space 87424K,   0% used [0x00000000e0000000, 0x00000000e0000000, 0x00000000e5560000)
  from space 21824K,  65% used [0x00000000e6ab0000, 0x00000000e78a9ce0, 0x00000000e8000000)
  to   space 21824K,   0% used [0x00000000e5560000, 0x00000000e5560000, 0x00000000e6ab0000)
 concurrent mark-sweep generation total 393216K, used 0K [0x00000000e8000000, 0x0000000100000000, 0x0000000100000000)
 Metaspace       used 23802K, capacity 24298K, committed 24572K, reserved 1071104K
  class space    used 2792K, capacity 2978K, committed 3068K, reserved 1048576K
}
2017-05-22T14:31:47.231+0200: 4,211: Total time for which application threads were stopped: 0,0205434 seconds, Stopping threads took: 0,0000697 seconds
2017-05-22T14:31:47.232+0200: 4,211: Total time for which application threads were stopped: 0,0001600 seconds, Stopping threads took: 0,0000639 seconds
2017-05-22T14:31:47.232+0200: 4,212: Total time for which application threads were stopped: 0,0000977 seconds, Stopping threads took: 0,0000376 seconds
{Heap before GC invocations=7 (full 1):
 par new generation   total 109248K, used 101735K [0x00000000e0000000, 0x00000000e8000000, 0x00000000e8000000)
  eden space 87424K, 100% used [0x00000000e0000000, 0x00000000e5560000, 0x00000000e5560000)
  from space 21824K,  65% used [0x00000000e6ab0000, 0x00000000e78a9ce0, 0x00000000e8000000)
  to   space 21824K,   0% used [0x00000000e5560000, 0x00000000e5560000, 0x00000000e6ab0000)
 concurrent mark-sweep generation total 393216K, used 0K [0x00000000e8000000, 0x0000000100000000, 0x0000000100000000)
 Metaspace       used 24292K, capacity 24762K, committed 24828K, reserved 1071104K
  class space    used 2846K, capacity 3045K, committed 3068K, reserved 1048576K
2017-05-22T14:31:47.334+0200: 4,314: [GC (Allocation Failure) 2017-05-22T14:31:47.334+0200: 4,314: [ParNew
Desired survivor size 20112992 bytes, new threshold 8 (max 8)
- age   1:    2151232 bytes,    2151232 total
- age   2:    1746544 bytes,    3897776 total
- age   3:      43368 bytes,    3941144 total
- age   4:      52280 bytes,    3993424 total
- age   5:     105976 bytes,    4099400 total
- age   6:     183672 bytes,    4283072 total
- age   7:     767688 bytes,    5050760 total
- age   8:    6103680 bytes,   11154440 total
: 101735K->18704K(109248K), 0,0286414 secs] 101735K->18704K(502464K), 0,0287744 secs] [Times: user=0,08 sys=0,01, real=0,03 secs] 
Heap after GC invocations=8 (full 1):
 par new generation   total 109248K, used 18704K [0x00000000e0000000, 0x00000000e8000000, 0x00000000e8000000)
  eden space 87424K,   0% used [0x00000000e0000000, 0x00000000e0000000, 0x00000000e5560000)
  from space 21824K,  85% used [0x00000000e5560000, 0x00000000e67a42d8, 0x00000000e6ab0000)
  to   space 21824K,   0% used [0x00000000e6ab0000, 0x00000000e6ab0000, 0x00000000e8000000)
 concurrent mark-sweep generation total 393216K, used 0K [0x00000000e8000000, 0x0000000100000000, 0x0000000100000000)
 Metaspace       used 24292K, capacity 24762K, committed 24828K, reserved 1071104K
  class space    used 2846K, capacity 3045K, committed 3068K, reserved 1048576K
}
2017-05-22T14:31:47.363+0200: 4,342: Total time for which application threads were stopped: 0,0295882 seconds, Stopping threads took: 0,0005775 seconds
2017-05-22T14:31:47.375+0200: 4,355: Total time for which application threads were stopped: 0,0007396 seconds, Stopping threads took: 0,0006458 seconds
{Heap before GC invocations=8 (full 1):
 par new generation   total 109248K, used 106128K [0x00000000e0000000, 0x00000000e8000000, 0x00000000e8000000)
  eden space 87424K, 100% used [0x00000000e0000000, 0x00000000e5560000, 0x00000000e5560000)
  from space 21824K,  85% used [0x00000000e5560000, 0x00000000e67a42d8, 0x00000000e6ab0000)
  to   space 21824K,   0% used [0x00000000e6ab0000, 0x00000000e6ab0000, 0x00000000e8000000)
 concurrent mark-sweep generation total 393216K, used 0K [0x00000000e8000000, 0x0000000100000000, 0x0000000100000000)
 Metaspace       used 24489K, capacity 24970K, committed 25084K, reserved 1071104K
  class space    used 2862K, capacity 3048K, committed 3068K, reserved 1048576K
2017-05-22T14:31:47.449+0200: 4,429: [GC (Allocation Failure) 2017-05-22T14:31:47.449+0200: 4,429: [ParNew
Desired survivor size 20112992 bytes, new threshold 8 (max 8)
- age   1:     569856 bytes,     569856 total
- age   2:     982192 bytes,    1552048 total
- age   3:    1734184 bytes,    3286232 total
- age   4:      43368 bytes,    3329600 total
- age   5:      52280 bytes,    3381880 total
- age   6:     105872 bytes,    3487752 total
- age   7:     183672 bytes,    3671424 total
- age   8:     767688 bytes,    4439112 total
: 106128K->6744K(109248K), 0,0478091 secs] 106128K->13362K(502464K), 0,0479112 secs] [Times: user=0,12 sys=0,01, real=0,05 secs] 
Heap after GC invocations=9 (full 1):
 par new generation   total 109248K, used 6744K [0x00000000e0000000, 0x00000000e8000000, 0x00000000e8000000)
  eden space 87424K,   0% used [0x00000000e0000000, 0x00000000e0000000, 0x00000000e5560000)
  from space 21824K,  30% used [0x00000000e6ab0000, 0x00000000e71460b8, 0x00000000e8000000)
  to   space 21824K,   0% used [0x00000000e5560000, 0x00000000e5560000, 0x00000000e6ab0000)
 concurrent mark-sweep generation total 393216K, used 6617K [0x00000000e8000000, 0x0000000100000000, 0x0000000100000000)
 Metaspace       used 24489K, capacity 24970K, committed 25084K, reserved 1071104K
  class space    used 2862K, capacity 3048K, committed 3068K, reserved 1048576K
}
2017-05-22T14:31:47.497+0200: 4,477: Total time for which application threads were stopped: 0,0482008 seconds, Stopping threads took: 0,0000756 seconds
2017-05-22T14:31:47.549+0200: 4,529: Total time for which application threads were stopped: 0,0002783 seconds, Stopping threads took: 0,0001803 seconds
2017-05-22T14:31:47.565+0200: 4,544: Total time for which application threads were stopped: 0,0001662 seconds, Stopping threads took: 0,0000586 seconds
2017-05-22T14:31:47.621+0200: 4,601: Total time for which application threads were stopped: 0,0030863 seconds, Stopping threads took: 0,0029754 seconds
2017-05-22T14:31:47.622+0200: 4,601: Total time for which application threads were stopped: 0,0000777 seconds, Stopping threads took: 0,0000252 seconds
2017-05-22T14:31:47.622+0200: 4,601: Total time for which application threads were stopped: 0,0000747 seconds, Stopping threads took: 0,0000188 seconds
2017-05-22T14:31:47.624+0200: 4,604: Total time for which application threads were stopped: 0,0001890 seconds, Stopping threads took: 0,0000589 seconds
2017-05-22T14:31:47.626+0200: 4,606: Total time for which application threads were stopped: 0,0016361 seconds, Stopping threads took: 0,0015579 seconds
2017-05-22T14:31:47.626+0200: 4,606: Total time for which application threads were stopped: 0,0001586 seconds, Stopping threads took: 0,0000711 seconds
2017-05-22T14:31:47.626+0200: 4,606: Total time for which application threads were stopped: 0,0001069 seconds, Stopping threads took: 0,0000436 seconds
2017-05-22T14:31:47.627+0200: 4,606: Total time for which application threads were stopped: 0,0000894 seconds, Stopping threads took: 0,0000129 seconds
2017-05-22T14:31:47.627+0200: 4,606: Total time for which application threads were stopped: 0,0000873 seconds, Stopping threads took: 0,0000189 seconds
2017-05-22T14:31:47.630+0200: 4,609: Total time for which application threads were stopped: 0,0027251 seconds, Stopping threads took: 0,0026222 seconds
2017-05-22T14:31:47.630+0200: 4,610: Total time for which application threads were stopped: 0,0001342 seconds, Stopping threads took: 0,0000194 seconds
2017-05-22T14:31:47.630+0200: 4,610: Total time for which application threads were stopped: 0,0001221 seconds, Stopping threads took: 0,0000218 seconds
2017-05-22T14:31:47.630+0200: 4,610: Total time for which application threads were stopped: 0,0001206 seconds, Stopping threads took: 0,0000463 seconds
2017-05-22T14:31:47.630+0200: 4,610: Total time for which application threads were stopped: 0,0001070 seconds, Stopping threads took: 0,0000323 seconds
2017-05-22T14:31:47.630+0200: 4,610: Total time for which application threads were stopped: 0,0000912 seconds, Stopping threads took: 0,0000230 seconds
2017-05-22T14:31:47.631+0200: 4,610: Total time for which application threads were stopped: 0,0000822 seconds, Stopping threads took: 0,0000184 seconds
2017-05-22T14:31:47.631+0200: 4,610: Total time for which application threads were stopped: 0,0000929 seconds, Stopping threads took: 0,0000309 seconds
2017-05-22T14:31:47.631+0200: 4,611: Total time for which application threads were stopped: 0,0000737 seconds, Stopping threads took: 0,0000144 seconds
2017-05-22T14:31:47.631+0200: 4,611: Total time for which application threads were stopped: 0,0000776 seconds, Stopping threads took: 0,0000185 seconds
2017-05-22T14:31:47.631+0200: 4,611: Total time for which application threads were stopped: 0,0000835 seconds, Stopping threads took: 0,0000085 seconds
2017-05-22T14:31:47.631+0200: 4,611: Total time for which application threads were stopped: 0,0001096 seconds, Stopping threads took: 0,0000398 seconds
2017-05-22T14:31:47.631+0200: 4,611: Total time for which application threads were stopped: 0,0000860 seconds, Stopping threads took: 0,0000269 seconds
2017-05-22T14:31:47.631+0200: 4,611: Total time for which application threads were stopped: 0,0000618 seconds, Stopping threads took: 0,0000081 seconds
2017-05-22T14:31:47.633+0200: 4,613: Total time for which application threads were stopped: 0,0001514 seconds, Stopping threads took: 0,0000490 seconds
2017-05-22T14:31:47.634+0200: 4,613: Total time for which application threads were stopped: 0,0000820 seconds, Stopping threads took: 0,0000212 seconds
2017-05-22T14:31:47.634+0200: 4,613: Total time for which application threads were stopped: 0,0001038 seconds, Stopping threads took: 0,0000410 seconds
2017-05-22T14:31:47.636+0200: 4,615: Total time for which application threads were stopped: 0,0001618 seconds, Stopping threads took: 0,0000374 seconds
2017-05-22T14:31:47.636+0200: 4,615: Total time for which application threads were stopped: 0,0000985 seconds, Stopping threads took: 0,0000263 seconds
2017-05-22T14:31:47.636+0200: 4,615: Total time for which application threads were stopped: 0,0000852 seconds, Stopping threads took: 0,0000242 seconds
2017-05-22T14:31:47.636+0200: 4,616: Total time for which application threads were stopped: 0,0000990 seconds, Stopping threads took: 0,0000343 seconds
2017-05-22T14:31:47.636+0200: 4,616: Total time for which application threads were stopped: 0,0000559 seconds, Stopping threads took: 0,0000112 seconds
2017-05-22T14:31:47.636+0200: 4,616: Total time for which application threads were stopped: 0,0000729 seconds, Stopping threads took: 0,0000219 seconds
2017-05-22T14:31:47.643+0200: 4,622: Total time for which application threads were stopped: 0,0007226 seconds, Stopping threads took: 0,0006228 seconds
2017-05-22T14:31:47.643+0200: 4,623: Total time for which application threads were stopped: 0,0000982 seconds, Stopping threads took: 0,0000154 seconds
2017-05-22T14:31:47.643+0200: 4,623: Total time for which application threads were stopped: 0,0000804 seconds, Stopping threads took: 0,0000197 seconds
2017-05-22T14:31:47.643+0200: 4,623: Total time for which application threads were stopped: 0,0000678 seconds, Stopping threads took: 0,0000110 seconds
2017-05-22T14:31:47.643+0200: 4,623: Total time for which application threads were stopped: 0,0001512 seconds, Stopping threads took: 0,0000191 seconds
2017-05-22T14:31:47.644+0200: 4,623: Total time for which application threads were stopped: 0,0001261 seconds, Stopping threads took: 0,0000633 seconds
2017-05-22T14:31:47.644+0200: 4,623: Total time for which application threads were stopped: 0,0000809 seconds, Stopping threads took: 0,0000121 seconds
2017-05-22T14:31:47.644+0200: 4,624: Total time for which application threads were stopped: 0,0001990 seconds, Stopping threads took: 0,0000733 seconds
2017-05-22T14:31:47.648+0200: 4,627: Total time for which application threads were stopped: 0,0001521 seconds, Stopping threads took: 0,0000712 seconds
2017-05-22T14:31:47.648+0200: 4,628: Total time for which application threads were stopped: 0,0001407 seconds, Stopping threads took: 0,0000761 seconds
2017-05-22T14:31:47.651+0200: 4,631: Total time for which application threads were stopped: 0,0001445 seconds, Stopping threads took: 0,0000481 seconds
2017-05-22T14:31:47.651+0200: 4,631: Total time for which application threads were stopped: 0,0001581 seconds, Stopping threads took: 0,0001010 seconds
2017-05-22T14:31:47.652+0200: 4,632: Total time for which application threads were stopped: 0,0001492 seconds, Stopping threads took: 0,0000330 seconds
2017-05-22T14:31:47.653+0200: 4,632: Total time for which application threads were stopped: 0,0001064 seconds, Stopping threads took: 0,0000394 seconds
2017-05-22T14:31:47.653+0200: 4,633: Total time for which application threads were stopped: 0,0001037 seconds, Stopping threads took: 0,0000267 seconds
2017-05-22T14:31:47.653+0200: 4,633: Total time for which application threads were stopped: 0,0000512 seconds, Stopping threads took: 0,0000184 seconds
2017-05-22T14:31:47.654+0200: 4,634: Total time for which application threads were stopped: 0,0001344 seconds, Stopping threads took: 0,0000492 seconds
2017-05-22T14:31:47.658+0200: 4,638: Total time for which application threads were stopped: 0,0001336 seconds, Stopping threads took: 0,0000647 seconds
2017-05-22T14:31:47.664+0200: 4,643: Total time for which application threads were stopped: 0,0001484 seconds, Stopping threads took: 0,0000505 seconds
2017-05-22T14:31:47.666+0200: 4,646: Total time for which application threads were stopped: 0,0001170 seconds, Stopping threads took: 0,0000263 seconds
2017-05-22T14:31:47.666+0200: 4,646: Total time for which application threads were stopped: 0,0000670 seconds, Stopping threads took: 0,0000123 seconds
2017-05-22T14:31:47.666+0200: 4,646: Total time for which application threads were stopped: 0,0000599 seconds, Stopping threads took: 0,0000142 seconds
2017-05-22T14:31:47.666+0200: 4,646: Total time for which application threads were stopped: 0,0000582 seconds, Stopping threads took: 0,0000099 seconds
2017-05-22T14:31:47.667+0200: 4,646: Total time for which application threads were stopped: 0,0001877 seconds, Stopping threads took: 0,0001388 seconds
2017-05-22T14:31:47.667+0200: 4,647: Total time for which application threads were stopped: 0,0003499 seconds, Stopping threads took: 0,0003166 seconds
2017-05-22T14:31:47.667+0200: 4,647: Total time for which application threads were stopped: 0,0000649 seconds, Stopping threads took: 0,0000303 seconds
2017-05-22T14:31:47.667+0200: 4,647: Total time for which application threads were stopped: 0,0000641 seconds, Stopping threads took: 0,0000321 seconds
2017-05-22T14:31:47.667+0200: 4,647: Total time for which application threads were stopped: 0,0000357 seconds, Stopping threads took: 0,0000086 seconds
2017-05-22T14:31:47.667+0200: 4,647: Total time for which application threads were stopped: 0,0000405 seconds, Stopping threads took: 0,0000090 seconds
2017-05-22T14:31:47.668+0200: 4,647: Total time for which application threads were stopped: 0,0000521 seconds, Stopping threads took: 0,0000264 seconds
2017-05-22T14:31:47.668+0200: 4,648: Total time for which application threads were stopped: 0,0001137 seconds, Stopping threads took: 0,0000835 seconds
2017-05-22T14:31:47.668+0200: 4,648: Total time for which application threads were stopped: 0,0000343 seconds, Stopping threads took: 0,0000094 seconds
2017-05-22T14:31:47.668+0200: 4,648: Total time for which application threads were stopped: 0,0000482 seconds, Stopping threads took: 0,0000211 seconds
2017-05-22T14:31:47.668+0200: 4,648: Total time for which application threads were stopped: 0,0000717 seconds, Stopping threads took: 0,0000285 seconds
2017-05-22T14:31:47.668+0200: 4,648: Total time for which application threads were stopped: 0,0001814 seconds, Stopping threads took: 0,0000743 seconds
2017-05-22T14:31:47.670+0200: 4,649: Total time for which application threads were stopped: 0,0001246 seconds, Stopping threads took: 0,0000390 seconds
2017-05-22T14:31:47.670+0200: 4,650: Total time for which application threads were stopped: 0,0001061 seconds, Stopping threads took: 0,0000395 seconds
2017-05-22T14:31:47.682+0200: 4,662: Total time for which application threads were stopped: 0,0001201 seconds, Stopping threads took: 0,0000398 seconds
2017-05-22T14:31:47.684+0200: 4,664: Total time for which application threads were stopped: 0,0000958 seconds, Stopping threads took: 0,0000239 seconds
2017-05-22T14:31:47.685+0200: 4,664: Total time for which application threads were stopped: 0,0000727 seconds, Stopping threads took: 0,0000287 seconds
2017-05-22T14:31:47.685+0200: 4,665: Total time for which application threads were stopped: 0,0000666 seconds, Stopping threads took: 0,0000149 seconds
2017-05-22T14:31:47.685+0200: 4,665: Total time for which application threads were stopped: 0,0001051 seconds, Stopping threads took: 0,0000264 seconds
2017-05-22T14:31:47.686+0200: 4,666: Total time for which application threads were stopped: 0,0001412 seconds, Stopping threads took: 0,0000706 seconds
2017-05-22T14:31:47.689+0200: 4,669: Total time for which application threads were stopped: 0,0001538 seconds, Stopping threads took: 0,0000455 seconds
2017-05-22T14:31:47.690+0200: 4,670: Total time for which application threads were stopped: 0,0002810 seconds, Stopping threads took: 0,0001995 seconds
2017-05-22T14:31:47.692+0200: 4,671: Total time for which application threads were stopped: 0,0001481 seconds, Stopping threads took: 0,0000580 seconds
2017-05-22T14:31:47.698+0200: 4,678: Total time for which application threads were stopped: 0,0038599 seconds, Stopping threads took: 0,0037867 seconds
2017-05-22T14:31:47.699+0200: 4,678: Total time for which application threads were stopped: 0,0001492 seconds, Stopping threads took: 0,0000489 seconds
2017-05-22T14:31:47.699+0200: 4,679: Total time for which application threads were stopped: 0,0001306 seconds, Stopping threads took: 0,0000299 seconds
2017-05-22T14:31:47.706+0200: 4,686: Total time for which application threads were stopped: 0,0014422 seconds, Stopping threads took: 0,0013336 seconds
2017-05-22T14:31:47.707+0200: 4,687: Total time for which application threads were stopped: 0,0002451 seconds, Stopping threads took: 0,0000362 seconds
2017-05-22T14:31:47.784+0200: 4,764: Total time for which application threads were stopped: 0,0002676 seconds, Stopping threads took: 0,0001374 seconds
2017-05-22T14:31:47.794+0200: 4,773: Total time for which application threads were stopped: 0,0008420 seconds, Stopping threads took: 0,0007194 seconds
2017-05-22T14:31:47.808+0200: 4,788: Total time for which application threads were stopped: 0,0017335 seconds, Stopping threads took: 0,0015602 seconds
2017-05-22T14:31:47.808+0200: 4,788: Total time for which application threads were stopped: 0,0001344 seconds, Stopping threads took: 0,0000183 seconds
2017-05-22T14:31:47.831+0200: 4,811: Total time for which application threads were stopped: 0,0001539 seconds, Stopping threads took: 0,0000361 seconds
2017-05-22T14:31:47.856+0200: 4,836: Total time for which application threads were stopped: 0,0001777 seconds, Stopping threads took: 0,0000778 seconds
2017-05-22T14:31:47.912+0200: 4,892: Total time for which application threads were stopped: 0,0006141 seconds, Stopping threads took: 0,0000452 seconds
2017-05-22T14:31:47.929+0200: 4,909: Total time for which application threads were stopped: 0,0004106 seconds, Stopping threads took: 0,0000385 seconds
2017-05-22T14:31:47.980+0200: 4,959: Total time for which application threads were stopped: 0,0005053 seconds, Stopping threads took: 0,0000469 seconds
2017-05-22T14:31:48.002+0200: 4,982: Total time for which application threads were stopped: 0,0001728 seconds, Stopping threads took: 0,0000472 seconds
2017-05-22T14:31:48.003+0200: 4,982: Total time for which application threads were stopped: 0,0001396 seconds, Stopping threads took: 0,0000737 seconds
2017-05-22T14:31:48.005+0200: 4,985: Total time for which application threads were stopped: 0,0001445 seconds, Stopping threads took: 0,0000456 seconds
2017-05-22T14:31:48.016+0200: 4,996: Total time for which application threads were stopped: 0,0023400 seconds, Stopping threads took: 0,0021614 seconds
2017-05-22T14:31:48.034+0200: 5,014: Total time for which application threads were stopped: 0,0015431 seconds, Stopping threads took: 0,0014498 seconds
2017-05-22T14:31:48.057+0200: 5,037: Total time for which application threads were stopped: 0,0001678 seconds, Stopping threads took: 0,0000603 seconds
2017-05-22T14:31:48.101+0200: 5,080: Total time for which application threads were stopped: 0,0002673 seconds, Stopping threads took: 0,0001795 seconds
2017-05-22T14:31:48.109+0200: 5,088: Total time for which application threads were stopped: 0,0004371 seconds, Stopping threads took: 0,0000424 seconds
2017-05-22T14:31:49.109+0200: 6,089: Total time for which application threads were stopped: 0,0001277 seconds, Stopping threads took: 0,0000191 seconds
2017-05-22T14:33:06.119+0200: 83,098: Total time for which application threads were stopped: 0,0000936 seconds, Stopping threads took: 0,0000383 seconds
2017-05-22T14:33:41.124+0200: 118,104: Total time for which application threads were stopped: 0,0000822 seconds, Stopping threads took: 0,0000319 seconds
2017-05-22T14:33:46.125+0200: 123,105: Total time for which application threads were stopped: 0,0000646 seconds, Stopping threads took: 0,0000153 seconds
{Heap before GC invocations=9 (full 1):
 par new generation   total 109248K, used 94168K [0x00000000e0000000, 0x00000000e8000000, 0x00000000e8000000)
  eden space 87424K, 100% used [0x00000000e0000000, 0x00000000e5560000, 0x00000000e5560000)
  from space 21824K,  30% used [0x00000000e6ab0000, 0x00000000e71460b8, 0x00000000e8000000)
  to   space 21824K,   0% used [0x00000000e5560000, 0x00000000e5560000, 0x00000000e6ab0000)
 concurrent mark-sweep generation total 393216K, used 6617K [0x00000000e8000000, 0x0000000100000000, 0x0000000100000000)
 Metaspace       used 28060K, capacity 28558K, committed 28796K, reserved 1075200K
  class space    used 3212K, capacity 3386K, committed 3452K, reserved 1048576K
2017-05-22T14:34:33.929+0200: 170,909: [GC (Allocation Failure) 2017-05-22T14:34:33.929+0200: 170,909: [ParNew
Desired survivor size 20112992 bytes, new threshold 8 (max 8)
- age   1:   11382280 bytes,   11382280 total
- age   2:     162832 bytes,   11545112 total
- age   3:     202600 bytes,   11747712 total
- age   4:    1720688 bytes,   13468400 total
- age   5:      43304 bytes,   13511704 total
- age   6:      52280 bytes,   13563984 total
- age   7:     103136 bytes,   13667120 total
- age   8:     180248 bytes,   13847368 total
: 94168K->14851K(109248K), 0,0221691 secs] 100786K->22229K(502464K), 0,0223483 secs] [Times: user=0,06 sys=0,00, real=0,03 secs] 
Heap after GC invocations=10 (full 1):
 par new generation   total 109248K, used 14851K [0x00000000e0000000, 0x00000000e8000000, 0x00000000e8000000)
  eden space 87424K,   0% used [0x00000000e0000000, 0x00000000e0000000, 0x00000000e5560000)
  from space 21824K,  68% used [0x00000000e5560000, 0x00000000e63e0c10, 0x00000000e6ab0000)
  to   space 21824K,   0% used [0x00000000e6ab0000, 0x00000000e6ab0000, 0x00000000e8000000)
 concurrent mark-sweep generation total 393216K, used 7378K [0x00000000e8000000, 0x0000000100000000, 0x0000000100000000)
 Metaspace       used 28060K, capacity 28558K, committed 28796K, reserved 1075200K
  class space    used 3212K, capacity 3386K, committed 3452K, reserved 1048576K
}
2017-05-22T14:34:33.952+0200: 170,931: Total time for which application threads were stopped: 0,0227716 seconds, Stopping threads took: 0,0000939 seconds
2017-05-22T14:34:33.955+0200: 170,935: Total time for which application threads were stopped: 0,0002162 seconds, Stopping threads took: 0,0000513 seconds
2017-05-22T14:34:33.955+0200: 170,935: Total time for which application threads were stopped: 0,0000729 seconds, Stopping threads took: 0,0000300 seconds
2017-05-22T14:36:20.969+0200: 277,949: Total time for which application threads were stopped: 0,0000845 seconds, Stopping threads took: 0,0000324 seconds
2017-05-22T14:55:09.106+0200: 1406,086: Total time for which application threads were stopped: 0,0001125 seconds, Stopping threads took: 0,0000566 seconds
2017-05-22T14:58:44.133+0200: 1621,113: Total time for which application threads were stopped: 0,0005236 seconds, Stopping threads took: 0,0001973 seconds
2017-05-22T14:58:54.135+0200: 1631,115: Total time for which application threads were stopped: 0,0000663 seconds, Stopping threads took: 0,0000134 seconds
2017-05-22T14:59:08.196+0200: 1645,176: Total time for which application threads were stopped: 0,0005054 seconds, Stopping threads took: 0,0000259 seconds
2017-05-22T14:59:09.196+0200: 1646,176: Total time for which application threads were stopped: 0,0002428 seconds, Stopping threads took: 0,0000475 seconds
2017-05-22T14:59:09.407+0200: 1646,386: Total time for which application threads were stopped: 0,0007721 seconds, Stopping threads took: 0,0000279 seconds
2017-05-22T14:59:09.411+0200: 1646,391: Total time for which application threads were stopped: 0,0020086 seconds, Stopping threads took: 0,0000554 seconds
2017-05-22T14:59:09.425+0200: 1646,404: Total time for which application threads were stopped: 0,0030684 seconds, Stopping threads took: 0,0029229 seconds
2017-05-22T14:59:09.446+0200: 1646,426: Total time for which application threads were stopped: 0,0113602 seconds, Stopping threads took: 0,0111916 seconds
2017-05-22T14:59:09.453+0200: 1646,433: Total time for which application threads were stopped: 0,0012790 seconds, Stopping threads took: 0,0011430 seconds
2017-05-22T14:59:09.456+0200: 1646,436: Total time for which application threads were stopped: 0,0018327 seconds, Stopping threads took: 0,0016064 seconds
2017-05-22T14:59:09.485+0200: 1646,465: Total time for which application threads were stopped: 0,0001766 seconds, Stopping threads took: 0,0000674 seconds
2017-05-22T14:59:09.485+0200: 1646,465: Total time for which application threads were stopped: 0,0000575 seconds, Stopping threads took: 0,0000141 seconds
2017-05-22T14:59:09.485+0200: 1646,465: Total time for which application threads were stopped: 0,0000454 seconds, Stopping threads took: 0,0000104 seconds
2017-05-22T14:59:09.485+0200: 1646,465: Total time for which application threads were stopped: 0,0000651 seconds, Stopping threads took: 0,0000331 seconds
2017-05-22T14:59:09.485+0200: 1646,465: Total time for which application threads were stopped: 0,0000532 seconds, Stopping threads took: 0,0000165 seconds
2017-05-22T14:59:09.486+0200: 1646,466: Total time for which application threads were stopped: 0,0000942 seconds, Stopping threads took: 0,0000187 seconds
2017-05-22T14:59:09.486+0200: 1646,466: Total time for which application threads were stopped: 0,0000747 seconds, Stopping threads took: 0,0000159 seconds
2017-05-22T14:59:09.487+0200: 1646,466: Total time for which application threads were stopped: 0,0000646 seconds, Stopping threads took: 0,0000101 seconds
2017-05-22T14:59:09.487+0200: 1646,466: Total time for which application threads were stopped: 0,0000564 seconds, Stopping threads took: 0,0000085 seconds
2017-05-22T14:59:09.487+0200: 1646,467: Total time for which application threads were stopped: 0,0000538 seconds, Stopping threads took: 0,0000136 seconds
2017-05-22T14:59:09.487+0200: 1646,467: Total time for which application threads were stopped: 0,0000531 seconds, Stopping threads took: 0,0000083 seconds
2017-05-22T14:59:09.487+0200: 1646,467: Total time for which application threads were stopped: 0,0000515 seconds, Stopping threads took: 0,0000132 seconds
2017-05-22T14:59:09.487+0200: 1646,467: Total time for which application threads were stopped: 0,0000458 seconds, Stopping threads took: 0,0000076 seconds
2017-05-22T14:59:09.488+0200: 1646,468: Total time for which application threads were stopped: 0,0000950 seconds, Stopping threads took: 0,0000255 seconds
2017-05-22T14:59:09.488+0200: 1646,468: Total time for which application threads were stopped: 0,0000517 seconds, Stopping threads took: 0,0000086 seconds
2017-05-22T14:59:09.490+0200: 1646,470: Total time for which application threads were stopped: 0,0001291 seconds, Stopping threads took: 0,0000330 seconds
2017-05-22T14:59:09.491+0200: 1646,470: Total time for which application threads were stopped: 0,0000707 seconds, Stopping threads took: 0,0000068 seconds
2017-05-22T14:59:09.491+0200: 1646,471: Total time for which application threads were stopped: 0,0000860 seconds, Stopping threads took: 0,0000110 seconds
2017-05-22T14:59:09.492+0200: 1646,472: Total time for which application threads were stopped: 0,0008828 seconds, Stopping threads took: 0,0006908 seconds
2017-05-22T14:59:09.500+0200: 1646,480: Total time for which application threads were stopped: 0,0001178 seconds, Stopping threads took: 0,0000549 seconds
2017-05-22T14:59:09.500+0200: 1646,480: Total time for which application threads were stopped: 0,0000510 seconds, Stopping threads took: 0,0000204 seconds
2017-05-22T14:59:10.501+0200: 1647,480: Total time for which application threads were stopped: 0,0001140 seconds, Stopping threads took: 0,0000247 seconds
2017-05-22T14:59:34.239+0200: 1671,218: Total time for which application threads were stopped: 0,0003876 seconds, Stopping threads took: 0,0000134 seconds
2017-05-22T14:59:34.239+0200: 1671,219: Total time for which application threads were stopped: 0,0003609 seconds, Stopping threads took: 0,0000104 seconds
2017-05-22T14:59:34.244+0200: 1671,224: Total time for which application threads were stopped: 0,0001368 seconds, Stopping threads took: 0,0000479 seconds
2017-05-22T14:59:34.247+0200: 1671,227: Total time for which application threads were stopped: 0,0000830 seconds, Stopping threads took: 0,0000120 seconds
2017-05-22T14:59:34.248+0200: 1671,228: Total time for which application threads were stopped: 0,0000601 seconds, Stopping threads took: 0,0000105 seconds
2017-05-22T14:59:34.248+0200: 1671,228: Total time for which application threads were stopped: 0,0000939 seconds, Stopping threads took: 0,0000283 seconds
2017-05-22T14:59:34.249+0200: 1671,228: Total time for which application threads were stopped: 0,0000730 seconds, Stopping threads took: 0,0000229 seconds
2017-05-22T14:59:34.249+0200: 1671,229: Total time for which application threads were stopped: 0,0000495 seconds, Stopping threads took: 0,0000096 seconds
2017-05-22T14:59:34.249+0200: 1671,229: Total time for which application threads were stopped: 0,0000396 seconds, Stopping threads took: 0,0000100 seconds
2017-05-22T14:59:34.249+0200: 1671,229: Total time for which application threads were stopped: 0,0000446 seconds, Stopping threads took: 0,0000085 seconds
2017-05-22T14:59:34.249+0200: 1671,229: Total time for which application threads were stopped: 0,0000328 seconds, Stopping threads took: 0,0000071 seconds
2017-05-22T14:59:34.250+0200: 1671,229: Total time for which application threads were stopped: 0,0000309 seconds, Stopping threads took: 0,0000067 seconds
2017-05-22T14:59:34.250+0200: 1671,229: Total time for which application threads were stopped: 0,0000298 seconds, Stopping threads took: 0,0000058 seconds
2017-05-22T14:59:34.250+0200: 1671,229: Total time for which application threads were stopped: 0,0000310 seconds, Stopping threads took: 0,0000095 seconds
2017-05-22T14:59:34.250+0200: 1671,229: Total time for which application threads were stopped: 0,0000388 seconds, Stopping threads took: 0,0000162 seconds
2017-05-22T14:59:34.250+0200: 1671,229: Total time for which application threads were stopped: 0,0000414 seconds, Stopping threads took: 0,0000181 seconds
2017-05-22T14:59:34.250+0200: 1671,230: Total time for which application threads were stopped: 0,0000358 seconds, Stopping threads took: 0,0000124 seconds
2017-05-22T14:59:34.250+0200: 1671,230: Total time for which application threads were stopped: 0,0000427 seconds, Stopping threads took: 0,0000163 seconds
2017-05-22T14:59:34.250+0200: 1671,230: Total time for which application threads were stopped: 0,0000423 seconds, Stopping threads took: 0,0000152 seconds
2017-05-22T14:59:34.250+0200: 1671,230: Total time for which application threads were stopped: 0,0000277 seconds, Stopping threads took: 0,0000074 seconds
2017-05-22T14:59:34.250+0200: 1671,230: Total time for which application threads were stopped: 0,0000371 seconds, Stopping threads took: 0,0000131 seconds
2017-05-22T14:59:34.250+0200: 1671,230: Total time for which application threads were stopped: 0,0000343 seconds, Stopping threads took: 0,0000129 seconds
2017-05-22T14:59:34.250+0200: 1671,230: Total time for which application threads were stopped: 0,0000293 seconds, Stopping threads took: 0,0000086 seconds
2017-05-22T14:59:34.250+0200: 1671,230: Total time for which application threads were stopped: 0,0000402 seconds, Stopping threads took: 0,0000146 seconds
2017-05-22T14:59:34.250+0200: 1671,230: Total time for which application threads were stopped: 0,0000254 seconds, Stopping threads took: 0,0000059 seconds
2017-05-22T14:59:34.250+0200: 1671,230: Total time for which application threads were stopped: 0,0000431 seconds, Stopping threads took: 0,0000177 seconds
2017-05-22T14:59:34.255+0200: 1671,234: Total time for which application threads were stopped: 0,0001123 seconds, Stopping threads took: 0,0000526 seconds
2017-05-22T14:59:34.260+0200: 1671,240: Total time for which application threads were stopped: 0,0018288 seconds, Stopping threads took: 0,0017630 seconds
2017-05-22T14:59:34.260+0200: 1671,240: Total time for which application threads were stopped: 0,0000711 seconds, Stopping threads took: 0,0000317 seconds
2017-05-22T14:59:34.260+0200: 1671,240: Total time for which application threads were stopped: 0,0000802 seconds, Stopping threads took: 0,0000255 seconds
2017-05-22T14:59:34.260+0200: 1671,240: Total time for which application threads were stopped: 0,0000673 seconds, Stopping threads took: 0,0000170 seconds
2017-05-22T14:59:34.260+0200: 1671,240: Total time for which application threads were stopped: 0,0000615 seconds, Stopping threads took: 0,0000247 seconds
2017-05-22T14:59:34.260+0200: 1671,240: Total time for which application threads were stopped: 0,0000377 seconds, Stopping threads took: 0,0000085 seconds
2017-05-22T14:59:34.260+0200: 1671,240: Total time for which application threads were stopped: 0,0000394 seconds, Stopping threads took: 0,0000080 seconds
2017-05-22T14:59:34.260+0200: 1671,240: Total time for which application threads were stopped: 0,0000322 seconds, Stopping threads took: 0,0000090 seconds
2017-05-22T14:59:34.261+0200: 1671,240: Total time for which application threads were stopped: 0,0000389 seconds, Stopping threads took: 0,0000175 seconds
2017-05-22T14:59:34.262+0200: 1671,242: Total time for which application threads were stopped: 0,0000616 seconds, Stopping threads took: 0,0000231 seconds
2017-05-22T14:59:34.262+0200: 1671,242: Total time for which application threads were stopped: 0,0000416 seconds, Stopping threads took: 0,0000108 seconds
2017-05-22T14:59:34.264+0200: 1671,244: Total time for which application threads were stopped: 0,0000845 seconds, Stopping threads took: 0,0000256 seconds
2017-05-22T14:59:34.264+0200: 1671,244: Total time for which application threads were stopped: 0,0000562 seconds, Stopping threads took: 0,0000246 seconds
2017-05-22T14:59:34.266+0200: 1671,245: Total time for which application threads were stopped: 0,0000825 seconds, Stopping threads took: 0,0000372 seconds
2017-05-22T14:59:34.266+0200: 1671,246: Total time for which application threads were stopped: 0,0000599 seconds, Stopping threads took: 0,0000228 seconds
2017-05-22T14:59:34.266+0200: 1671,246: Total time for which application threads were stopped: 0,0001197 seconds, Stopping threads took: 0,0000813 seconds
2017-05-22T14:59:34.267+0200: 1671,247: Total time for which application threads were stopped: 0,0000744 seconds, Stopping threads took: 0,0000232 seconds
2017-05-22T14:59:34.267+0200: 1671,247: Total time for which application threads were stopped: 0,0000535 seconds, Stopping threads took: 0,0000209 seconds
2017-05-22T14:59:34.267+0200: 1671,247: Total time for which application threads were stopped: 0,0000502 seconds, Stopping threads took: 0,0000233 seconds
2017-05-22T14:59:34.270+0200: 1671,249: Total time for which application threads were stopped: 0,0022248 seconds, Stopping threads took: 0,0021941 seconds
2017-05-22T14:59:34.270+0200: 1671,250: Total time for which application threads were stopped: 0,0001704 seconds, Stopping threads took: 0,0000886 seconds
2017-05-22T14:59:34.270+0200: 1671,250: Total time for which application threads were stopped: 0,0000860 seconds, Stopping threads took: 0,0000442 seconds
2017-05-22T14:59:34.272+0200: 1671,251: Total time for which application threads were stopped: 0,0000551 seconds, Stopping threads took: 0,0000193 seconds
2017-05-22T14:59:34.272+0200: 1671,251: Total time for which application threads were stopped: 0,0000373 seconds, Stopping threads took: 0,0000062 seconds
2017-05-22T14:59:34.272+0200: 1671,252: Total time for which application threads were stopped: 0,0000465 seconds, Stopping threads took: 0,0000178 seconds
2017-05-22T14:59:34.272+0200: 1671,252: Total time for which application threads were stopped: 0,0000431 seconds, Stopping threads took: 0,0000174 seconds
2017-05-22T14:59:34.272+0200: 1671,252: Total time for which application threads were stopped: 0,0001408 seconds, Stopping threads took: 0,0000259 seconds
2017-05-22T14:59:34.274+0200: 1671,253: Total time for which application threads were stopped: 0,0001057 seconds, Stopping threads took: 0,0000378 seconds
2017-05-22T14:59:34.278+0200: 1671,258: Total time for which application threads were stopped: 0,0001358 seconds, Stopping threads took: 0,0000345 seconds
Heap
 par new generation   total 109248K, used 42767K [0x00000000e0000000, 0x00000000e8000000, 0x00000000e8000000)
  eden space 87424K,  31% used [0x00000000e0000000, 0x00000000e1b43220, 0x00000000e5560000)
  from space 21824K,  68% used [0x00000000e5560000, 0x00000000e63e0c10, 0x00000000e6ab0000)
  to   space 21824K,   0% used [0x00000000e6ab0000, 0x00000000e6ab0000, 0x00000000e8000000)
 concurrent mark-sweep generation total 393216K, used 7378K [0x00000000e8000000, 0x0000000100000000, 0x0000000100000000)
 Metaspace       used 29983K, capacity 30594K, committed 30844K, reserved 1077248K
  class space    used 3434K, capacity 3634K, committed 3708K, reserved 1048576K
