OpenJDK 64-Bit Server VM (25.111-b14) for linux-amd64 JRE (1.8.0_111-8u111-b14-2ubuntu0.16.04.2-b14), built on Oct 27 2016 18:10:19 by "buildd" with gcc 5.4.0 20160609
Memory: 4k page, physical 7867848k(7481024k free), swap 8076284k(8076284k free)
CommandLine flags: -XX:CMSInitiatingOccupancyFraction=50 -XX:CMSMaxAbortablePrecleanTime=6000 -XX:+CMSParallelRemarkEnabled -XX:+CMSScavengeBeforeRemark -XX:ConcGCThreads=4 -XX:InitialHeapSize=536870912 -XX:MaxHeapSize=536870912 -XX:MaxTenuringThreshold=8 -XX:NewRatio=3 -XX:OldPLABSize=16 -XX:OnOutOfMemoryError=/opt/solr/bin/oom_solr.sh 8983 /var/solr/logs -XX:ParallelGCThreads=4 -XX:+ParallelRefProcEnabled -XX:PretenureSizeThreshold=67108864 -XX:+PrintGC -XX:+PrintGCApplicationStoppedTime -XX:+PrintGCDateStamps -XX:+PrintGCDetails -XX:+PrintGCTimeStamps -XX:+PrintHeapAtGC -XX:+PrintTenuringDistribution -XX:SurvivorRatio=4 -XX:TargetSurvivorRatio=90 -XX:ThreadStackSize=256 -XX:+UseCMSInitiatingOccupancyOnly -XX:+UseCompressedClassPointers -XX:+UseCompressedOops -XX:+UseConcMarkSweepGC -XX:+UseParNewGC 
2016-11-19T18:30:27.027+0100: 0,122: Total time for which application threads were stopped: 0,0000935 seconds, Stopping threads took: 0,0000135 seconds
2016-11-19T18:30:27.102+0100: 0,196: Total time for which application threads were stopped: 0,0001049 seconds, Stopping threads took: 0,0000236 seconds
2016-11-19T18:30:27.111+0100: 0,205: Total time for which application threads were stopped: 0,0000728 seconds, Stopping threads took: 0,0000118 seconds
2016-11-19T18:30:27.258+0100: 0,353: Total time for which application threads were stopped: 0,0001473 seconds, Stopping threads took: 0,0000154 seconds
2016-11-19T18:30:27.486+0100: 0,580: Total time for which application threads were stopped: 0,0001236 seconds, Stopping threads took: 0,0000209 seconds
2016-11-19T18:30:27.539+0100: 0,633: Total time for which application threads were stopped: 0,0001745 seconds, Stopping threads took: 0,0000234 seconds
2016-11-19T18:30:27.556+0100: 0,650: Total time for which application threads were stopped: 0,0001613 seconds, Stopping threads took: 0,0000137 seconds
2016-11-19T18:30:28.020+0100: 1,115: Total time for which application threads were stopped: 0,0001771 seconds, Stopping threads took: 0,0000191 seconds
2016-11-19T18:30:28.262+0100: 1,356: Total time for which application threads were stopped: 0,0002459 seconds, Stopping threads took: 0,0000173 seconds
2016-11-19T18:30:28.292+0100: 1,386: Total time for which application threads were stopped: 0,0006061 seconds, Stopping threads took: 0,0000429 seconds
2016-11-19T18:30:28.294+0100: 1,388: Total time for which application threads were stopped: 0,0003740 seconds, Stopping threads took: 0,0000167 seconds
2016-11-19T18:30:28.310+0100: 1,404: Total time for which application threads were stopped: 0,0001717 seconds, Stopping threads took: 0,0000208 seconds
2016-11-19T18:30:28.425+0100: 1,519: Total time for which application threads were stopped: 0,0002389 seconds, Stopping threads took: 0,0000331 seconds
2016-11-19T18:30:28.626+0100: 1,720: Total time for which application threads were stopped: 0,0003592 seconds, Stopping threads took: 0,0001499 seconds
{Heap before GC invocations=0 (full 0):
 par new generation   total 109248K, used 87424K [0x00000000e0000000, 0x00000000e8000000, 0x00000000e8000000)
  eden space 87424K, 100% used [0x00000000e0000000, 0x00000000e5560000, 0x00000000e5560000)
  from space 21824K,   0% used [0x00000000e5560000, 0x00000000e5560000, 0x00000000e6ab0000)
  to   space 21824K,   0% used [0x00000000e6ab0000, 0x00000000e6ab0000, 0x00000000e8000000)
 concurrent mark-sweep generation total 393216K, used 0K [0x00000000e8000000, 0x0000000100000000, 0x0000000100000000)
 Metaspace       used 18105K, capacity 18366K, committed 18560K, reserved 1064960K
  class space    used 2054K, capacity 2162K, committed 2176K, reserved 1048576K
2016-11-19T18:30:28.792+0100: 1,887: [GC (Allocation Failure) 2016-11-19T18:30:28.792+0100: 1,887: [ParNew
Desired survivor size 20112992 bytes, new threshold 8 (max 8)
- age   1:   12324392 bytes,   12324392 total
: 87424K->12153K(109248K), 0,0238187 secs] 87424K->12153K(502464K), 0,0241655 secs] [Times: user=0,07 sys=0,02, real=0,02 secs] 
Heap after GC invocations=1 (full 0):
 par new generation   total 109248K, used 12153K [0x00000000e0000000, 0x00000000e8000000, 0x00000000e8000000)
  eden space 87424K,   0% used [0x00000000e0000000, 0x00000000e0000000, 0x00000000e5560000)
  from space 21824K,  55% used [0x00000000e6ab0000, 0x00000000e768e4d8, 0x00000000e8000000)
  to   space 21824K,   0% used [0x00000000e5560000, 0x00000000e5560000, 0x00000000e6ab0000)
 concurrent mark-sweep generation total 393216K, used 0K [0x00000000e8000000, 0x0000000100000000, 0x0000000100000000)
 Metaspace       used 18105K, capacity 18366K, committed 18560K, reserved 1064960K
  class space    used 2054K, capacity 2162K, committed 2176K, reserved 1048576K
}
2016-11-19T18:30:28.817+0100: 1,911: Total time for which application threads were stopped: 0,0243861 seconds, Stopping threads took: 0,0000227 seconds
2016-11-19T18:30:29.012+0100: 2,107: Total time for which application threads were stopped: 0,0002941 seconds, Stopping threads took: 0,0000379 seconds
2016-11-19T18:30:29.041+0100: 2,135: Total time for which application threads were stopped: 0,0002825 seconds, Stopping threads took: 0,0000240 seconds
2016-11-19T18:30:29.062+0100: 2,156: Total time for which application threads were stopped: 0,0002559 seconds, Stopping threads took: 0,0000205 seconds
{Heap before GC invocations=1 (full 0):
 par new generation   total 109248K, used 99577K [0x00000000e0000000, 0x00000000e8000000, 0x00000000e8000000)
  eden space 87424K, 100% used [0x00000000e0000000, 0x00000000e5560000, 0x00000000e5560000)
  from space 21824K,  55% used [0x00000000e6ab0000, 0x00000000e768e4d8, 0x00000000e8000000)
  to   space 21824K,   0% used [0x00000000e5560000, 0x00000000e5560000, 0x00000000e6ab0000)
 concurrent mark-sweep generation total 393216K, used 0K [0x00000000e8000000, 0x0000000100000000, 0x0000000100000000)
 Metaspace       used 20728K, capacity 21020K, committed 21248K, reserved 1069056K
  class space    used 2404K, capacity 2518K, committed 2560K, reserved 1048576K
2016-11-19T18:30:29.230+0100: 2,325: [GC (Allocation Failure) 2016-11-19T18:30:29.230+0100: 2,325: [ParNew
Desired survivor size 20112992 bytes, new threshold 8 (max 8)
- age   1:    2895432 bytes,    2895432 total
- age   2:    6103504 bytes,    8998936 total
: 99577K->13121K(109248K), 0,0127338 secs] 99577K->13121K(502464K), 0,0128107 secs] [Times: user=0,05 sys=0,00, real=0,02 secs] 
Heap after GC invocations=2 (full 0):
 par new generation   total 109248K, used 13121K [0x00000000e0000000, 0x00000000e8000000, 0x00000000e8000000)
  eden space 87424K,   0% used [0x00000000e0000000, 0x00000000e0000000, 0x00000000e5560000)
  from space 21824K,  60% used [0x00000000e5560000, 0x00000000e6230718, 0x00000000e6ab0000)
  to   space 21824K,   0% used [0x00000000e6ab0000, 0x00000000e6ab0000, 0x00000000e8000000)
 concurrent mark-sweep generation total 393216K, used 0K [0x00000000e8000000, 0x0000000100000000, 0x0000000100000000)
 Metaspace       used 20728K, capacity 21020K, committed 21248K, reserved 1069056K
  class space    used 2404K, capacity 2518K, committed 2560K, reserved 1048576K
}
2016-11-19T18:30:29.243+0100: 2,338: Total time for which application threads were stopped: 0,0130419 seconds, Stopping threads took: 0,0000398 seconds
2016-11-19T18:30:29.299+0100: 2,393: Total time for which application threads were stopped: 0,0000760 seconds, Stopping threads took: 0,0000143 seconds
2016-11-19T18:30:29.335+0100: 2,429: Total time for which application threads were stopped: 0,0000861 seconds, Stopping threads took: 0,0000170 seconds
2016-11-19T18:30:29.336+0100: 2,430: Total time for which application threads were stopped: 0,0002602 seconds, Stopping threads took: 0,0000200 seconds
2016-11-19T18:30:29.361+0100: 2,455: Total time for which application threads were stopped: 0,0000698 seconds, Stopping threads took: 0,0000137 seconds
2016-11-19T18:30:29.442+0100: 2,536: Total time for which application threads were stopped: 0,0001293 seconds, Stopping threads took: 0,0000264 seconds
2016-11-19T18:30:29.462+0100: 2,556: Total time for which application threads were stopped: 0,0000796 seconds, Stopping threads took: 0,0000196 seconds
2016-11-19T18:30:29.470+0100: 2,564: Total time for which application threads were stopped: 0,0002723 seconds, Stopping threads took: 0,0000222 seconds
2016-11-19T18:30:29.478+0100: 2,572: Total time for which application threads were stopped: 0,0003040 seconds, Stopping threads took: 0,0000285 seconds
2016-11-19T18:30:29.488+0100: 2,582: Total time for which application threads were stopped: 0,0001084 seconds, Stopping threads took: 0,0000426 seconds
2016-11-19T18:30:29.519+0100: 2,613: Total time for which application threads were stopped: 0,0000879 seconds, Stopping threads took: 0,0000219 seconds
2016-11-19T18:30:29.534+0100: 2,629: Total time for which application threads were stopped: 0,0000755 seconds, Stopping threads took: 0,0000153 seconds
2016-11-19T18:30:29.554+0100: 2,648: Total time for which application threads were stopped: 0,0000829 seconds, Stopping threads took: 0,0000132 seconds
2016-11-19T18:30:29.574+0100: 2,669: Total time for which application threads were stopped: 0,0000753 seconds, Stopping threads took: 0,0000174 seconds
2016-11-19T18:30:29.601+0100: 2,695: Total time for which application threads were stopped: 0,0001100 seconds, Stopping threads took: 0,0000299 seconds
2016-11-19T18:30:29.658+0100: 2,752: Total time for which application threads were stopped: 0,0000917 seconds, Stopping threads took: 0,0000230 seconds
2016-11-19T18:30:29.690+0100: 2,784: Total time for which application threads were stopped: 0,0001153 seconds, Stopping threads took: 0,0000267 seconds
{Heap before GC invocations=2 (full 0):
 par new generation   total 109248K, used 100545K [0x00000000e0000000, 0x00000000e8000000, 0x00000000e8000000)
  eden space 87424K, 100% used [0x00000000e0000000, 0x00000000e5560000, 0x00000000e5560000)
  from space 21824K,  60% used [0x00000000e5560000, 0x00000000e6230718, 0x00000000e6ab0000)
  to   space 21824K,   0% used [0x00000000e6ab0000, 0x00000000e6ab0000, 0x00000000e8000000)
 concurrent mark-sweep generation total 393216K, used 0K [0x00000000e8000000, 0x0000000100000000, 0x0000000100000000)
 Metaspace       used 24869K, capacity 25221K, committed 25536K, reserved 1071104K
  class space    used 2897K, capacity 3025K, committed 3144K, reserved 1048576K
2016-11-19T18:30:29.725+0100: 2,820: [GC (Allocation Failure) 2016-11-19T18:30:29.725+0100: 2,820: [ParNew
Desired survivor size 20112992 bytes, new threshold 8 (max 8)
- age   1:    6698320 bytes,    6698320 total
- age   2:     544320 bytes,    7242640 total
- age   3:    6150488 bytes,   13393128 total
: 100545K->16802K(109248K), 0,0128029 secs] 100545K->16802K(502464K), 0,0128971 secs] [Times: user=0,04 sys=0,00, real=0,01 secs] 
Heap after GC invocations=3 (full 0):
 par new generation   total 109248K, used 16802K [0x00000000e0000000, 0x00000000e8000000, 0x00000000e8000000)
  eden space 87424K,   0% used [0x00000000e0000000, 0x00000000e0000000, 0x00000000e5560000)
  from space 21824K,  76% used [0x00000000e6ab0000, 0x00000000e7b188c8, 0x00000000e8000000)
  to   space 21824K,   0% used [0x00000000e5560000, 0x00000000e5560000, 0x00000000e6ab0000)
 concurrent mark-sweep generation total 393216K, used 0K [0x00000000e8000000, 0x0000000100000000, 0x0000000100000000)
 Metaspace       used 24869K, capacity 25221K, committed 25536K, reserved 1071104K
  class space    used 2897K, capacity 3025K, committed 3144K, reserved 1048576K
}
2016-11-19T18:30:29.738+0100: 2,832: Total time for which application threads were stopped: 0,0147594 seconds, Stopping threads took: 0,0017091 seconds
2016-11-19T18:30:29.738+0100: 2,833: [GC (CMS Initial Mark) [1 CMS-initial-mark: 0K(393216K)] 16802K(502464K), 0,0041331 secs] [Times: user=0,01 sys=0,00, real=0,01 secs] 
2016-11-19T18:30:29.743+0100: 2,837: Total time for which application threads were stopped: 0,0043947 seconds, Stopping threads took: 0,0001756 seconds
2016-11-19T18:30:29.743+0100: 2,837: [CMS-concurrent-mark-start]
2016-11-19T18:30:29.744+0100: 2,839: [CMS-concurrent-mark: 0,002/0,002 secs] [Times: user=0,01 sys=0,00, real=0,00 secs] 
2016-11-19T18:30:29.744+0100: 2,839: [CMS-concurrent-preclean-start]
2016-11-19T18:30:29.746+0100: 2,840: [CMS-concurrent-preclean: 0,001/0,001 secs] [Times: user=0,00 sys=0,00, real=0,00 secs] 
2016-11-19T18:30:29.746+0100: 2,840: [GC (CMS Final Remark) [YG occupancy: 18213 K (109248 K)]{Heap before GC invocations=3 (full 1):
 par new generation   total 109248K, used 18213K [0x00000000e0000000, 0x00000000e8000000, 0x00000000e8000000)
  eden space 87424K,   1% used [0x00000000e0000000, 0x00000000e0160b48, 0x00000000e5560000)
  from space 21824K,  76% used [0x00000000e6ab0000, 0x00000000e7b188c8, 0x00000000e8000000)
  to   space 21824K,   0% used [0x00000000e5560000, 0x00000000e5560000, 0x00000000e6ab0000)
 concurrent mark-sweep generation total 393216K, used 0K [0x00000000e8000000, 0x0000000100000000, 0x0000000100000000)
 Metaspace       used 24869K, capacity 25221K, committed 25536K, reserved 1071104K
  class space    used 2897K, capacity 3025K, committed 3144K, reserved 1048576K
2016-11-19T18:30:29.746+0100: 2,840: [GC (CMS Final Remark) 2016-11-19T18:30:29.746+0100: 2,840: [ParNew
Desired survivor size 20112992 bytes, new threshold 8 (max 8)
- age   1:      18144 bytes,      18144 total
- age   2:    3152064 bytes,    3170208 total
- age   3:     544320 bytes,    3714528 total
- age   4:    6085288 bytes,    9799816 total
: 18213K->13889K(109248K), 0,0106012 secs] 18213K->13889K(502464K), 0,0106460 secs] [Times: user=0,04 sys=0,00, real=0,01 secs] 
Heap after GC invocations=4 (full 1):
 par new generation   total 109248K, used 13889K [0x00000000e0000000, 0x00000000e8000000, 0x00000000e8000000)
  eden space 87424K,   0% used [0x00000000e0000000, 0x00000000e0000000, 0x00000000e5560000)
  from space 21824K,  63% used [0x00000000e5560000, 0x00000000e62f06b0, 0x00000000e6ab0000)
  to   space 21824K,   0% used [0x00000000e6ab0000, 0x00000000e6ab0000, 0x00000000e8000000)
 concurrent mark-sweep generation total 393216K, used 0K [0x00000000e8000000, 0x0000000100000000, 0x0000000100000000)
 Metaspace       used 24869K, capacity 25221K, committed 25536K, reserved 1071104K
  class space    used 2897K, capacity 3025K, committed 3144K, reserved 1048576K
}
2016-11-19T18:30:29.756+0100: 2,851: [Rescan (parallel) , 0,0032959 secs]2016-11-19T18:30:29.760+0100: 2,854: [weak refs processing, 0,0012211 secs]2016-11-19T18:30:29.761+0100: 2,855: [class unloading, 0,0031620 secs]2016-11-19T18:30:29.764+0100: 2,858: [scrub symbol table, 0,0033327 secs]2016-11-19T18:30:29.767+0100: 2,862: [scrub string table, 0,0004224 secs][1 CMS-remark: 0K(393216K)] 13889K(502464K), 0,0227810 secs] [Times: user=0,07 sys=0,00, real=0,02 secs] 
2016-11-19T18:30:29.768+0100: 2,863: Total time for which application threads were stopped: 0,0228853 seconds, Stopping threads took: 0,0000261 seconds
2016-11-19T18:30:29.769+0100: 2,863: [CMS-concurrent-sweep-start]
2016-11-19T18:30:29.769+0100: 2,863: [CMS-concurrent-sweep: 0,000/0,000 secs] [Times: user=0,00 sys=0,00, real=0,00 secs] 
2016-11-19T18:30:29.769+0100: 2,863: [CMS-concurrent-reset-start]
2016-11-19T18:30:29.771+0100: 2,865: [CMS-concurrent-reset: 0,002/0,002 secs] [Times: user=0,00 sys=0,00, real=0,00 secs] 
2016-11-19T18:30:29.827+0100: 2,921: Total time for which application threads were stopped: 0,0003826 seconds, Stopping threads took: 0,0000458 seconds
2016-11-19T18:30:30.827+0100: 3,921: Total time for which application threads were stopped: 0,0001187 seconds, Stopping threads took: 0,0000191 seconds
2016-11-19T18:30:30.965+0100: 4,059: Total time for which application threads were stopped: 0,0002317 seconds, Stopping threads took: 0,0000161 seconds
2016-11-19T18:30:58.320+0100: 32,062: Total time for which application threads were stopped: 0,0000525 seconds, Stopping threads took: 0,0000150 seconds
2016-11-19T18:33:08.335+0100: 162,077: Total time for which application threads were stopped: 0,0000953 seconds, Stopping threads took: 0,0000449 seconds
2016-11-19T18:33:13.335+0100: 167,077: Total time for which application threads were stopped: 0,0000555 seconds, Stopping threads took: 0,0000155 seconds
2016-11-19T18:33:27.337+0100: 181,078: Total time for which application threads were stopped: 0,0000765 seconds, Stopping threads took: 0,0000197 seconds
2016-11-19T18:34:23.342+0100: 237,084: Total time for which application threads were stopped: 0,0000791 seconds, Stopping threads took: 0,0000377 seconds
2016-11-19T18:35:02.347+0100: 276,088: Total time for which application threads were stopped: 0,0000818 seconds, Stopping threads took: 0,0000349 seconds
2016-11-19T18:35:08.348+0100: 282,089: Total time for which application threads were stopped: 0,0000610 seconds, Stopping threads took: 0,0000162 seconds
2016-11-19T18:35:13.348+0100: 287,090: Total time for which application threads were stopped: 0,0000632 seconds, Stopping threads took: 0,0000170 seconds
2016-11-19T18:36:57.359+0100: 391,101: Total time for which application threads were stopped: 0,0000732 seconds, Stopping threads took: 0,0000313 seconds
2016-11-19T18:38:28.369+0100: 482,111: Total time for which application threads were stopped: 0,0000871 seconds, Stopping threads took: 0,0000372 seconds
2016-11-19T18:54:12.465+0100: 1426,207: Total time for which application threads were stopped: 0,0000888 seconds, Stopping threads took: 0,0000305 seconds
2016-11-19T18:58:57.489+0100: 1711,231: Total time for which application threads were stopped: 0,0000750 seconds, Stopping threads took: 0,0000304 seconds
2016-11-19T19:09:08.565+0100: 2322,306: Total time for which application threads were stopped: 0,0000717 seconds, Stopping threads took: 0,0000306 seconds
2016-11-19T19:09:12.565+0100: 2326,307: Total time for which application threads were stopped: 0,0000697 seconds, Stopping threads took: 0,0000195 seconds
2016-11-19T19:11:38.586+0100: 2472,327: Total time for which application threads were stopped: 0,0001175 seconds, Stopping threads took: 0,0000467 seconds
2016-11-19T19:23:43.686+0100: 3197,428: Total time for which application threads were stopped: 0,0000864 seconds, Stopping threads took: 0,0000367 seconds
2016-11-19T19:34:52.783+0100: 3866,525: Total time for which application threads were stopped: 0,0000803 seconds, Stopping threads took: 0,0000342 seconds
2016-11-19T19:35:02.784+0100: 3876,526: Total time for which application threads were stopped: 0,0000602 seconds, Stopping threads took: 0,0000138 seconds
2016-11-19T19:37:27.803+0100: 4021,545: Total time for which application threads were stopped: 0,0000717 seconds, Stopping threads took: 0,0000322 seconds
2016-11-19T20:14:28.083+0100: 6241,825: Total time for which application threads were stopped: 0,0001125 seconds, Stopping threads took: 0,0000516 seconds
2016-11-19T20:15:03.087+0100: 6276,828: Total time for which application threads were stopped: 0,0003912 seconds, Stopping threads took: 0,0001818 seconds
2016-11-19T20:15:33.089+0100: 6306,831: Total time for which application threads were stopped: 0,0000703 seconds, Stopping threads took: 0,0000296 seconds
2016-11-19T20:35:28.229+0100: 7501,971: Total time for which application threads were stopped: 0,0000775 seconds, Stopping threads took: 0,0000346 seconds
2016-11-19T20:35:58.233+0100: 7531,975: Total time for which application threads were stopped: 0,0001129 seconds, Stopping threads took: 0,0000451 seconds
2016-11-19T20:38:28.252+0100: 7681,994: Total time for which application threads were stopped: 0,0003270 seconds, Stopping threads took: 0,0001422 seconds
2016-11-19T20:38:58.256+0100: 7711,998: Total time for which application threads were stopped: 0,0000703 seconds, Stopping threads took: 0,0000291 seconds
2016-11-19T21:39:57.706+0100: 11371,447: Total time for which application threads were stopped: 0,0000690 seconds, Stopping threads took: 0,0000286 seconds
2016-11-19T22:46:28.162+0100: 15361,903: Total time for which application threads were stopped: 0,0000863 seconds, Stopping threads took: 0,0000309 seconds
2016-11-19T22:46:58.165+0100: 15391,907: Total time for which application threads were stopped: 0,0001019 seconds, Stopping threads took: 0,0000444 seconds
2016-11-19T23:49:27.571+0100: 19141,312: Total time for which application threads were stopped: 0,0000707 seconds, Stopping threads took: 0,0000291 seconds
2016-11-20T01:39:30.070+0100: 25743,812: Total time for which application threads were stopped: 0,0001178 seconds, Stopping threads took: 0,0000232 seconds
Heap
 par new generation   total 109248K, used 57236K [0x00000000e0000000, 0x00000000e8000000, 0x00000000e8000000)
  eden space 87424K,  49% used [0x00000000e0000000, 0x00000000e2a54958, 0x00000000e5560000)
  from space 21824K,  63% used [0x00000000e5560000, 0x00000000e62f06b0, 0x00000000e6ab0000)
  to   space 21824K,   0% used [0x00000000e6ab0000, 0x00000000e6ab0000, 0x00000000e8000000)
 concurrent mark-sweep generation total 393216K, used 0K [0x00000000e8000000, 0x0000000100000000, 0x0000000100000000)
 Metaspace       used 27221K, capacity 27659K, committed 27976K, reserved 1073152K
  class space    used 3161K, capacity 3320K, committed 3400K, reserved 1048576K
