OpenJDK 64-Bit Server VM (25.121-b13) for linux-amd64 JRE (1.8.0_121-8u121-b13-0ubuntu1.16.04.2-b13), built on Jan 23 2017 15:51:29 by "buildd" with gcc 5.4.0 20160609
Memory: 4k page, physical 7867760k(7505176k free), swap 8076284k(8076284k free)
CommandLine flags: -XX:CMSInitiatingOccupancyFraction=50 -XX:CMSMaxAbortablePrecleanTime=6000 -XX:+CMSParallelRemarkEnabled -XX:+CMSScavengeBeforeRemark -XX:ConcGCThreads=4 -XX:InitialHeapSize=536870912 -XX:MaxHeapSize=536870912 -XX:MaxTenuringThreshold=8 -XX:NewRatio=3 -XX:OldPLABSize=16 -XX:OnOutOfMemoryError=/opt/solr/bin/oom_solr.sh 8983 /var/solr/logs -XX:ParallelGCThreads=4 -XX:+ParallelRefProcEnabled -XX:PretenureSizeThreshold=67108864 -XX:+PrintGC -XX:+PrintGCApplicationStoppedTime -XX:+PrintGCDateStamps -XX:+PrintGCDetails -XX:+PrintGCTimeStamps -XX:+PrintHeapAtGC -XX:+PrintTenuringDistribution -XX:SurvivorRatio=4 -XX:TargetSurvivorRatio=90 -XX:ThreadStackSize=256 -XX:+UseCMSInitiatingOccupancyOnly -XX:+UseCompressedClassPointers -XX:+UseCompressedOops -XX:+UseConcMarkSweepGC -XX:+UseParNewGC 
2017-02-27T18:01:28.736+0100: 0,133: Total time for which application threads were stopped: 0,0000921 seconds, Stopping threads took: 0,0000119 seconds
2017-02-27T18:01:28.822+0100: 0,219: Total time for which application threads were stopped: 0,0001365 seconds, Stopping threads took: 0,0000332 seconds
2017-02-27T18:01:28.853+0100: 0,250: Total time for which application threads were stopped: 0,0001792 seconds, Stopping threads took: 0,0000168 seconds
2017-02-27T18:01:29.094+0100: 0,491: Total time for which application threads were stopped: 0,0001704 seconds, Stopping threads took: 0,0000274 seconds
2017-02-27T18:01:29.581+0100: 0,978: Total time for which application threads were stopped: 0,0001801 seconds, Stopping threads took: 0,0000172 seconds
2017-02-27T18:01:29.662+0100: 1,059: Total time for which application threads were stopped: 0,0001579 seconds, Stopping threads took: 0,0000279 seconds
2017-02-27T18:01:29.682+0100: 1,079: Total time for which application threads were stopped: 0,0001795 seconds, Stopping threads took: 0,0000357 seconds
2017-02-27T18:01:29.933+0100: 1,330: Total time for which application threads were stopped: 0,0002000 seconds, Stopping threads took: 0,0000184 seconds
2017-02-27T18:01:30.130+0100: 1,527: Total time for which application threads were stopped: 0,0001860 seconds, Stopping threads took: 0,0000125 seconds
2017-02-27T18:01:30.158+0100: 1,555: Total time for which application threads were stopped: 0,0003340 seconds, Stopping threads took: 0,0000445 seconds
2017-02-27T18:01:30.185+0100: 1,582: Total time for which application threads were stopped: 0,0001928 seconds, Stopping threads took: 0,0000168 seconds
2017-02-27T18:01:30.186+0100: 1,583: Total time for which application threads were stopped: 0,0001636 seconds, Stopping threads took: 0,0000151 seconds
2017-02-27T18:01:30.204+0100: 1,601: Total time for which application threads were stopped: 0,0001627 seconds, Stopping threads took: 0,0000177 seconds
2017-02-27T18:01:30.301+0100: 1,698: Total time for which application threads were stopped: 0,0002028 seconds, Stopping threads took: 0,0000188 seconds
2017-02-27T18:01:30.457+0100: 1,854: Total time for which application threads were stopped: 0,0003341 seconds, Stopping threads took: 0,0000474 seconds
{Heap before GC invocations=0 (full 0):
 par new generation   total 109248K, used 87424K [0x00000000e0000000, 0x00000000e8000000, 0x00000000e8000000)
  eden space 87424K, 100% used [0x00000000e0000000, 0x00000000e5560000, 0x00000000e5560000)
  from space 21824K,   0% used [0x00000000e5560000, 0x00000000e5560000, 0x00000000e6ab0000)
  to   space 21824K,   0% used [0x00000000e6ab0000, 0x00000000e6ab0000, 0x00000000e8000000)
 concurrent mark-sweep generation total 393216K, used 0K [0x00000000e8000000, 0x0000000100000000, 0x0000000100000000)
 Metaspace       used 18032K, capacity 18336K, committed 18688K, reserved 1064960K
  class space    used 2041K, capacity 2196K, committed 2304K, reserved 1048576K
2017-02-27T18:01:30.542+0100: 1,939: [GC (Allocation Failure) 2017-02-27T18:01:30.542+0100: 1,939: [ParNew
Desired survivor size 20112992 bytes, new threshold 8 (max 8)
- age   1:   12422800 bytes,   12422800 total
: 87424K->12248K(109248K), 0,0159366 secs] 87424K->12248K(502464K), 0,0160213 secs] [Times: user=0,04 sys=0,01, real=0,02 secs] 
Heap after GC invocations=1 (full 0):
 par new generation   total 109248K, used 12248K [0x00000000e0000000, 0x00000000e8000000, 0x00000000e8000000)
  eden space 87424K,   0% used [0x00000000e0000000, 0x00000000e0000000, 0x00000000e5560000)
  from space 21824K,  56% used [0x00000000e6ab0000, 0x00000000e76a6038, 0x00000000e8000000)
  to   space 21824K,   0% used [0x00000000e5560000, 0x00000000e5560000, 0x00000000e6ab0000)
 concurrent mark-sweep generation total 393216K, used 0K [0x00000000e8000000, 0x0000000100000000, 0x0000000100000000)
 Metaspace       used 18032K, capacity 18336K, committed 18688K, reserved 1064960K
  class space    used 2041K, capacity 2196K, committed 2304K, reserved 1048576K
}
2017-02-27T18:01:30.558+0100: 1,955: Total time for which application threads were stopped: 0,0163009 seconds, Stopping threads took: 0,0000461 seconds
2017-02-27T18:01:30.848+0100: 2,245: Total time for which application threads were stopped: 0,0003458 seconds, Stopping threads took: 0,0000492 seconds
2017-02-27T18:01:30.878+0100: 2,275: Total time for which application threads were stopped: 0,0004300 seconds, Stopping threads took: 0,0000298 seconds
{Heap before GC invocations=1 (full 0):
 par new generation   total 109248K, used 99672K [0x00000000e0000000, 0x00000000e8000000, 0x00000000e8000000)
  eden space 87424K, 100% used [0x00000000e0000000, 0x00000000e5560000, 0x00000000e5560000)
  from space 21824K,  56% used [0x00000000e6ab0000, 0x00000000e76a6038, 0x00000000e8000000)
  to   space 21824K,   0% used [0x00000000e5560000, 0x00000000e5560000, 0x00000000e6ab0000)
 concurrent mark-sweep generation total 393216K, used 0K [0x00000000e8000000, 0x0000000100000000, 0x0000000100000000)
 Metaspace       used 20045K, capacity 20358K, committed 20736K, reserved 1067008K
  class space    used 2296K, capacity 2467K, committed 2560K, reserved 1048576K
2017-02-27T18:01:30.883+0100: 2,280: [GC (Allocation Failure) 2017-02-27T18:01:30.883+0100: 2,280: [ParNew
Desired survivor size 20112992 bytes, new threshold 8 (max 8)
- age   1:    3745056 bytes,    3745056 total
- age   2:    6627768 bytes,   10372824 total
: 99672K->11705K(109248K), 0,0107705 secs] 99672K->11705K(502464K), 0,0108442 secs] [Times: user=0,03 sys=0,00, real=0,01 secs] 
Heap after GC invocations=2 (full 0):
 par new generation   total 109248K, used 11705K [0x00000000e0000000, 0x00000000e8000000, 0x00000000e8000000)
  eden space 87424K,   0% used [0x00000000e0000000, 0x00000000e0000000, 0x00000000e5560000)
  from space 21824K,  53% used [0x00000000e5560000, 0x00000000e60ce500, 0x00000000e6ab0000)
  to   space 21824K,   0% used [0x00000000e6ab0000, 0x00000000e6ab0000, 0x00000000e8000000)
 concurrent mark-sweep generation total 393216K, used 0K [0x00000000e8000000, 0x0000000100000000, 0x0000000100000000)
 Metaspace       used 20045K, capacity 20358K, committed 20736K, reserved 1067008K
  class space    used 2296K, capacity 2467K, committed 2560K, reserved 1048576K
}
2017-02-27T18:01:30.894+0100: 2,291: Total time for which application threads were stopped: 0,0110473 seconds, Stopping threads took: 0,0000767 seconds
2017-02-27T18:01:30.930+0100: 2,327: Total time for which application threads were stopped: 0,0003411 seconds, Stopping threads took: 0,0000613 seconds
2017-02-27T18:01:31.054+0100: 2,451: Total time for which application threads were stopped: 0,0001471 seconds, Stopping threads took: 0,0000426 seconds
{Heap before GC invocations=2 (full 0):
 par new generation   total 109248K, used 99129K [0x00000000e0000000, 0x00000000e8000000, 0x00000000e8000000)
  eden space 87424K, 100% used [0x00000000e0000000, 0x00000000e5560000, 0x00000000e5560000)
  from space 21824K,  53% used [0x00000000e5560000, 0x00000000e60ce500, 0x00000000e6ab0000)
  to   space 21824K,   0% used [0x00000000e6ab0000, 0x00000000e6ab0000, 0x00000000e8000000)
 concurrent mark-sweep generation total 393216K, used 0K [0x00000000e8000000, 0x0000000100000000, 0x0000000100000000)
 Metaspace       used 20946K, capacity 21286K, committed 21552K, reserved 1069056K
  class space    used 2418K, capacity 2587K, committed 2608K, reserved 1048576K
2017-02-27T18:01:31.065+0100: 2,462: [GC (Allocation Failure) 2017-02-27T18:01:31.065+0100: 2,462: [ParNew
Desired survivor size 20112992 bytes, new threshold 8 (max 8)
- age   1:    2150560 bytes,    2150560 total
- age   2:     877592 bytes,    3028152 total
- age   3:    6623968 bytes,    9652120 total
: 99129K->11935K(109248K), 0,0090825 secs] 99129K->11935K(502464K), 0,0091577 secs] [Times: user=0,03 sys=0,00, real=0,01 secs] 
Heap after GC invocations=3 (full 0):
 par new generation   total 109248K, used 11935K [0x00000000e0000000, 0x00000000e8000000, 0x00000000e8000000)
  eden space 87424K,   0% used [0x00000000e0000000, 0x00000000e0000000, 0x00000000e5560000)
  from space 21824K,  54% used [0x00000000e6ab0000, 0x00000000e7657cc8, 0x00000000e8000000)
  to   space 21824K,   0% used [0x00000000e5560000, 0x00000000e5560000, 0x00000000e6ab0000)
 concurrent mark-sweep generation total 393216K, used 0K [0x00000000e8000000, 0x0000000100000000, 0x0000000100000000)
 Metaspace       used 20946K, capacity 21286K, committed 21552K, reserved 1069056K
  class space    used 2418K, capacity 2587K, committed 2608K, reserved 1048576K
}
2017-02-27T18:01:31.074+0100: 2,471: Total time for which application threads were stopped: 0,0093990 seconds, Stopping threads took: 0,0001137 seconds
2017-02-27T18:01:31.074+0100: 2,471: [GC (CMS Initial Mark) [1 CMS-initial-mark: 0K(393216K)] 12676K(502464K), 0,0027161 secs] [Times: user=0,01 sys=0,00, real=0,00 secs] 
2017-02-27T18:01:31.077+0100: 2,474: Total time for which application threads were stopped: 0,0028497 seconds, Stopping threads took: 0,0000572 seconds
2017-02-27T18:01:31.077+0100: 2,474: [CMS-concurrent-mark-start]
2017-02-27T18:01:31.077+0100: 2,474: [CMS-concurrent-mark: 0,000/0,000 secs] [Times: user=0,00 sys=0,00, real=0,00 secs] 
2017-02-27T18:01:31.077+0100: 2,474: [CMS-concurrent-preclean-start]
2017-02-27T18:01:31.078+0100: 2,475: [CMS-concurrent-preclean: 0,001/0,001 secs] [Times: user=0,00 sys=0,00, real=0,00 secs] 
2017-02-27T18:01:31.078+0100: 2,476: [CMS-concurrent-abortable-preclean-start]
{Heap before GC invocations=3 (full 1):
 par new generation   total 109248K, used 99359K [0x00000000e0000000, 0x00000000e8000000, 0x00000000e8000000)
  eden space 87424K, 100% used [0x00000000e0000000, 0x00000000e5560000, 0x00000000e5560000)
  from space 21824K,  54% used [0x00000000e6ab0000, 0x00000000e7657cc8, 0x00000000e8000000)
  to   space 21824K,   0% used [0x00000000e5560000, 0x00000000e5560000, 0x00000000e6ab0000)
 concurrent mark-sweep generation total 393216K, used 0K [0x00000000e8000000, 0x0000000100000000, 0x0000000100000000)
 Metaspace       used 21217K, capacity 21562K, committed 21628K, reserved 1069056K
  class space    used 2446K, capacity 2602K, committed 2608K, reserved 1048576K
2017-02-27T18:01:31.203+0100: 2,600: [GC (Allocation Failure) 2017-02-27T18:01:31.203+0100: 2,600: [ParNew
Desired survivor size 20112992 bytes, new threshold 8 (max 8)
- age   1:     635408 bytes,     635408 total
- age   2:    1454176 bytes,    2089584 total
- age   3:     855928 bytes,    2945512 total
- age   4:    6624008 bytes,    9569520 total
: 99359K->11820K(109248K), 0,0120744 secs] 99359K->11820K(502464K), 0,0121483 secs] [Times: user=0,04 sys=0,00, real=0,02 secs] 
Heap after GC invocations=4 (full 1):
 par new generation   total 109248K, used 11820K [0x00000000e0000000, 0x00000000e8000000, 0x00000000e8000000)
  eden space 87424K,   0% used [0x00000000e0000000, 0x00000000e0000000, 0x00000000e5560000)
  from space 21824K,  54% used [0x00000000e5560000, 0x00000000e60eb258, 0x00000000e6ab0000)
  to   space 21824K,   0% used [0x00000000e6ab0000, 0x00000000e6ab0000, 0x00000000e8000000)
 concurrent mark-sweep generation total 393216K, used 0K [0x00000000e8000000, 0x0000000100000000, 0x0000000100000000)
 Metaspace       used 21217K, capacity 21562K, committed 21628K, reserved 1069056K
  class space    used 2446K, capacity 2602K, committed 2608K, reserved 1048576K
}
2017-02-27T18:01:31.215+0100: 2,612: Total time for which application threads were stopped: 0,0124384 seconds, Stopping threads took: 0,0000878 seconds
2017-02-27T18:01:31.215+0100: 2,612: [CMS-concurrent-abortable-preclean: 0,078/0,137 secs] [Times: user=0,52 sys=0,01, real=0,14 secs] 
2017-02-27T18:01:31.218+0100: 2,615: [GC (CMS Final Remark) [YG occupancy: 14471 K (109248 K)]{Heap before GC invocations=4 (full 1):
 par new generation   total 109248K, used 14471K [0x00000000e0000000, 0x00000000e8000000, 0x00000000e8000000)
  eden space 87424K,   3% used [0x00000000e0000000, 0x00000000e02969d0, 0x00000000e5560000)
  from space 21824K,  54% used [0x00000000e5560000, 0x00000000e60eb258, 0x00000000e6ab0000)
  to   space 21824K,   0% used [0x00000000e6ab0000, 0x00000000e6ab0000, 0x00000000e8000000)
 concurrent mark-sweep generation total 393216K, used 0K [0x00000000e8000000, 0x0000000100000000, 0x0000000100000000)
 Metaspace       used 21218K, capacity 21562K, committed 21628K, reserved 1069056K
  class space    used 2446K, capacity 2602K, committed 2608K, reserved 1048576K
2017-02-27T18:01:31.218+0100: 2,615: [GC (CMS Final Remark) 2017-02-27T18:01:31.218+0100: 2,615: [ParNew
Desired survivor size 20112992 bytes, new threshold 8 (max 8)
- age   1:     389248 bytes,     389248 total
- age   2:     349376 bytes,     738624 total
- age   3:    1454080 bytes,    2192704 total
- age   4:     853960 bytes,    3046664 total
- age   5:    6624072 bytes,    9670736 total
: 14471K->14059K(109248K), 0,0096917 secs] 14471K->14059K(502464K), 0,0097278 secs] [Times: user=0,04 sys=0,00, real=0,01 secs] 
Heap after GC invocations=5 (full 1):
 par new generation   total 109248K, used 14059K [0x00000000e0000000, 0x00000000e8000000, 0x00000000e8000000)
  eden space 87424K,   0% used [0x00000000e0000000, 0x00000000e0000000, 0x00000000e5560000)
  from space 21824K,  64% used [0x00000000e6ab0000, 0x00000000e786ae30, 0x00000000e8000000)
  to   space 21824K,   0% used [0x00000000e5560000, 0x00000000e5560000, 0x00000000e6ab0000)
 concurrent mark-sweep generation total 393216K, used 0K [0x00000000e8000000, 0x0000000100000000, 0x0000000100000000)
 Metaspace       used 21218K, capacity 21562K, committed 21628K, reserved 1069056K
  class space    used 2446K, capacity 2602K, committed 2608K, reserved 1048576K
}
2017-02-27T18:01:31.227+0100: 2,625: [Rescan (parallel) , 0,0036614 secs]2017-02-27T18:01:31.231+0100: 2,628: [weak refs processing, 0,0011544 secs]2017-02-27T18:01:31.232+0100: 2,629: [class unloading, 0,0028113 secs]2017-02-27T18:01:31.235+0100: 2,632: [scrub symbol table, 0,0025462 secs]2017-02-27T18:01:31.238+0100: 2,635: [scrub string table, 0,0004081 secs][1 CMS-remark: 0K(393216K)] 14059K(502464K), 0,0209612 secs] [Times: user=0,06 sys=0,00, real=0,02 secs] 
2017-02-27T18:01:31.239+0100: 2,636: Total time for which application threads were stopped: 0,0210951 seconds, Stopping threads took: 0,0000451 seconds
2017-02-27T18:01:31.239+0100: 2,636: [CMS-concurrent-sweep-start]
2017-02-27T18:01:31.239+0100: 2,636: [CMS-concurrent-sweep: 0,000/0,000 secs] [Times: user=0,00 sys=0,00, real=0,00 secs] 
2017-02-27T18:01:31.239+0100: 2,636: [CMS-concurrent-reset-start]
2017-02-27T18:01:31.240+0100: 2,637: [CMS-concurrent-reset: 0,001/0,001 secs] [Times: user=0,01 sys=0,00, real=0,00 secs] 
{Heap before GC invocations=5 (full 1):
 par new generation   total 109248K, used 101483K [0x00000000e0000000, 0x00000000e8000000, 0x00000000e8000000)
  eden space 87424K, 100% used [0x00000000e0000000, 0x00000000e5560000, 0x00000000e5560000)
  from space 21824K,  64% used [0x00000000e6ab0000, 0x00000000e786ae30, 0x00000000e8000000)
  to   space 21824K,   0% used [0x00000000e5560000, 0x00000000e5560000, 0x00000000e6ab0000)
 concurrent mark-sweep generation total 393216K, used 0K [0x00000000e8000000, 0x0000000100000000, 0x0000000100000000)
 Metaspace       used 21386K, capacity 21728K, committed 22012K, reserved 1069056K
  class space    used 2473K, capacity 2635K, committed 2736K, reserved 1048576K
2017-02-27T18:01:31.330+0100: 2,727: [GC (Allocation Failure) 2017-02-27T18:01:31.330+0100: 2,727: [ParNew
Desired survivor size 20112992 bytes, new threshold 8 (max 8)
- age   1:     747264 bytes,     747264 total
- age   2:       9440 bytes,     756704 total
- age   3:     177952 bytes,     934656 total
- age   4:    1453448 bytes,    2388104 total
- age   5:     853848 bytes,    3241952 total
- age   6:    6623952 bytes,    9865904 total
: 101483K->11769K(109248K), 0,0149088 secs] 101483K->11769K(502464K), 0,0149799 secs] [Times: user=0,05 sys=0,00, real=0,01 secs] 
Heap after GC invocations=6 (full 1):
 par new generation   total 109248K, used 11769K [0x00000000e0000000, 0x00000000e8000000, 0x00000000e8000000)
  eden space 87424K,   0% used [0x00000000e0000000, 0x00000000e0000000, 0x00000000e5560000)
  from space 21824K,  53% used [0x00000000e5560000, 0x00000000e60de600, 0x00000000e6ab0000)
  to   space 21824K,   0% used [0x00000000e6ab0000, 0x00000000e6ab0000, 0x00000000e8000000)
 concurrent mark-sweep generation total 393216K, used 0K [0x00000000e8000000, 0x0000000100000000, 0x0000000100000000)
 Metaspace       used 21386K, capacity 21728K, committed 22012K, reserved 1069056K
  class space    used 2473K, capacity 2635K, committed 2736K, reserved 1048576K
}
2017-02-27T18:01:31.345+0100: 2,742: Total time for which application threads were stopped: 0,0153963 seconds, Stopping threads took: 0,0002776 seconds
2017-02-27T18:01:31.373+0100: 2,770: Total time for which application threads were stopped: 0,0003113 seconds, Stopping threads took: 0,0000249 seconds
2017-02-27T18:01:31.561+0100: 2,958: Total time for which application threads were stopped: 0,0004868 seconds, Stopping threads took: 0,0000528 seconds
2017-02-27T18:01:31.575+0100: 2,972: Total time for which application threads were stopped: 0,0003814 seconds, Stopping threads took: 0,0000448 seconds
{Heap before GC invocations=6 (full 1):
 par new generation   total 109248K, used 99184K [0x00000000e0000000, 0x00000000e8000000, 0x00000000e8000000)
  eden space 87424K,  99% used [0x00000000e0000000, 0x00000000e555db28, 0x00000000e5560000)
  from space 21824K,  53% used [0x00000000e5560000, 0x00000000e60de600, 0x00000000e6ab0000)
  to   space 21824K,   0% used [0x00000000e6ab0000, 0x00000000e6ab0000, 0x00000000e8000000)
 concurrent mark-sweep generation total 393216K, used 0K [0x00000000e8000000, 0x0000000100000000, 0x0000000100000000)
 Metaspace       used 24385K, capacity 24874K, committed 25136K, reserved 1071104K
  class space    used 2862K, capacity 3042K, committed 3120K, reserved 1048576K
2017-02-27T18:01:31.762+0100: 3,159: [GC (Allocation Failure) 2017-02-27T18:01:31.762+0100: 3,159: [ParNew
Desired survivor size 20112992 bytes, new threshold 8 (max 8)
- age   1:    5275672 bytes,    5275672 total
- age   2:     140688 bytes,    5416360 total
- age   3:       9384 bytes,    5425744 total
- age   4:     176776 bytes,    5602520 total
- age   5:     280888 bytes,    5883408 total
- age   6:     826816 bytes,    6710224 total
- age   7:    6615400 bytes,   13325624 total
: 99184K->17394K(109248K), 0,0166476 secs] 99184K->17394K(502464K), 0,0167192 secs] [Times: user=0,06 sys=0,00, real=0,02 secs] 
Heap after GC invocations=7 (full 1):
 par new generation   total 109248K, used 17394K [0x00000000e0000000, 0x00000000e8000000, 0x00000000e8000000)
  eden space 87424K,   0% used [0x00000000e0000000, 0x00000000e0000000, 0x00000000e5560000)
  from space 21824K,  79% used [0x00000000e6ab0000, 0x00000000e7bac9c0, 0x00000000e8000000)
  to   space 21824K,   0% used [0x00000000e5560000, 0x00000000e5560000, 0x00000000e6ab0000)
 concurrent mark-sweep generation total 393216K, used 0K [0x00000000e8000000, 0x0000000100000000, 0x0000000100000000)
 Metaspace       used 24385K, capacity 24874K, committed 25136K, reserved 1071104K
  class space    used 2862K, capacity 3042K, committed 3120K, reserved 1048576K
}
2017-02-27T18:01:31.779+0100: 3,176: Total time for which application threads were stopped: 0,0170155 seconds, Stopping threads took: 0,0000466 seconds
{Heap before GC invocations=7 (full 1):
 par new generation   total 109248K, used 104818K [0x00000000e0000000, 0x00000000e8000000, 0x00000000e8000000)
  eden space 87424K, 100% used [0x00000000e0000000, 0x00000000e5560000, 0x00000000e5560000)
  from space 21824K,  79% used [0x00000000e6ab0000, 0x00000000e7bac9c0, 0x00000000e8000000)
  to   space 21824K,   0% used [0x00000000e5560000, 0x00000000e5560000, 0x00000000e6ab0000)
 concurrent mark-sweep generation total 393216K, used 0K [0x00000000e8000000, 0x0000000100000000, 0x0000000100000000)
 Metaspace       used 24945K, capacity 25440K, committed 25648K, reserved 1071104K
  class space    used 2910K, capacity 3078K, committed 3120K, reserved 1048576K
2017-02-27T18:01:31.908+0100: 3,305: [GC (Allocation Failure) 2017-02-27T18:01:31.908+0100: 3,305: [ParNew
Desired survivor size 20112992 bytes, new threshold 8 (max 8)
- age   1:     799072 bytes,     799072 total
- age   2:    1831248 bytes,    2630320 total
- age   3:      49440 bytes,    2679760 total
- age   4:       8360 bytes,    2688120 total
- age   5:      91680 bytes,    2779800 total
- age   6:     192536 bytes,    2972336 total
- age   7:     775688 bytes,    3748024 total
- age   8:    6082888 bytes,    9830912 total
: 104818K->12344K(109248K), 0,0107813 secs] 104818K->12344K(502464K), 0,0108656 secs] [Times: user=0,03 sys=0,00, real=0,01 secs] 
Heap after GC invocations=8 (full 1):
 par new generation   total 109248K, used 12344K [0x00000000e0000000, 0x00000000e8000000, 0x00000000e8000000)
  eden space 87424K,   0% used [0x00000000e0000000, 0x00000000e0000000, 0x00000000e5560000)
  from space 21824K,  56% used [0x00000000e5560000, 0x00000000e616e3c0, 0x00000000e6ab0000)
  to   space 21824K,   0% used [0x00000000e6ab0000, 0x00000000e6ab0000, 0x00000000e8000000)
 concurrent mark-sweep generation total 393216K, used 0K [0x00000000e8000000, 0x0000000100000000, 0x0000000100000000)
 Metaspace       used 24945K, capacity 25440K, committed 25648K, reserved 1071104K
  class space    used 2910K, capacity 3078K, committed 3120K, reserved 1048576K
}
2017-02-27T18:01:31.919+0100: 3,316: Total time for which application threads were stopped: 0,0110707 seconds, Stopping threads took: 0,0000533 seconds
2017-02-27T18:01:32.069+0100: 3,466: Total time for which application threads were stopped: 0,0004462 seconds, Stopping threads took: 0,0000248 seconds
2017-02-27T18:01:32.084+0100: 3,481: Total time for which application threads were stopped: 0,0003686 seconds, Stopping threads took: 0,0000211 seconds
2017-02-27T18:01:32.148+0100: 3,546: Total time for which application threads were stopped: 0,0004018 seconds, Stopping threads took: 0,0000249 seconds
2017-02-27T18:01:32.652+0100: 4,049: Total time for which application threads were stopped: 0,0004227 seconds, Stopping threads took: 0,0000400 seconds
2017-02-27T18:03:00.253+0100: 92,059: Total time for which application threads were stopped: 0,0000834 seconds, Stopping threads took: 0,0000374 seconds
2017-02-27T18:03:35.257+0100: 127,063: Total time for which application threads were stopped: 0,0000811 seconds, Stopping threads took: 0,0000287 seconds
2017-02-27T18:03:40.257+0100: 132,064: Total time for which application threads were stopped: 0,0000648 seconds, Stopping threads took: 0,0000159 seconds
2017-02-27T18:06:05.274+0100: 277,080: Total time for which application threads were stopped: 0,0000852 seconds, Stopping threads took: 0,0000311 seconds
2017-02-27T18:12:15.318+0100: 647,124: Total time for which application threads were stopped: 0,0000861 seconds, Stopping threads took: 0,0000328 seconds
2017-02-27T18:17:35.359+0100: 967,165: Total time for which application threads were stopped: 0,0001235 seconds, Stopping threads took: 0,0000436 seconds
2017-02-27T18:24:30.409+0100: 1382,215: Total time for which application threads were stopped: 0,0001488 seconds, Stopping threads took: 0,0000545 seconds
2017-02-27T18:24:59.412+0100: 1411,218: Total time for which application threads were stopped: 0,0003658 seconds, Stopping threads took: 0,0001351 seconds
2017-02-27T18:27:59.432+0100: 1591,238: Total time for which application threads were stopped: 0,0001834 seconds, Stopping threads took: 0,0000688 seconds
2017-02-27T18:28:04.433+0100: 1596,239: Total time for which application threads were stopped: 0,0005124 seconds, Stopping threads took: 0,0001007 seconds
2017-02-27T18:28:10.434+0100: 1602,240: Total time for which application threads were stopped: 0,0002179 seconds, Stopping threads took: 0,0000889 seconds
2017-02-27T18:33:15.471+0100: 1907,277: Total time for which application threads were stopped: 0,0001214 seconds, Stopping threads took: 0,0000407 seconds
2017-02-27T18:33:20.472+0100: 1912,278: Total time for which application threads were stopped: 0,0002825 seconds, Stopping threads took: 0,0000676 seconds
2017-02-27T18:39:54.515+0100: 2306,321: Total time for which application threads were stopped: 0,0005352 seconds, Stopping threads took: 0,0002389 seconds
2017-02-27T18:39:55.516+0100: 2307,322: Total time for which application threads were stopped: 0,0003697 seconds, Stopping threads took: 0,0000969 seconds
2017-02-27T18:43:59.540+0100: 2551,346: Total time for which application threads were stopped: 0,0001259 seconds, Stopping threads took: 0,0000550 seconds
2017-02-27T18:44:00.540+0100: 2552,346: Total time for which application threads were stopped: 0,0000667 seconds, Stopping threads took: 0,0000151 seconds
2017-02-27T18:52:59.592+0100: 3091,398: Total time for which application threads were stopped: 0,0001465 seconds, Stopping threads took: 0,0000469 seconds
2017-02-27T18:55:00.605+0100: 3212,411: Total time for which application threads were stopped: 0,0001134 seconds, Stopping threads took: 0,0000446 seconds
2017-02-27T18:55:20.607+0100: 3232,413: Total time for which application threads were stopped: 0,0000833 seconds, Stopping threads took: 0,0000321 seconds
2017-02-27T18:55:25.608+0100: 3237,414: Total time for which application threads were stopped: 0,0002879 seconds, Stopping threads took: 0,0000804 seconds
2017-02-27T18:59:24.634+0100: 3476,441: Total time for which application threads were stopped: 0,0000930 seconds, Stopping threads took: 0,0000380 seconds
2017-02-27T19:02:59.655+0100: 3691,462: Total time for which application threads were stopped: 0,0000809 seconds, Stopping threads took: 0,0000298 seconds
2017-02-27T19:03:49.660+0100: 3741,466: Total time for which application threads were stopped: 0,0000908 seconds, Stopping threads took: 0,0000359 seconds
2017-02-27T19:03:54.661+0100: 3746,467: Total time for which application threads were stopped: 0,0004538 seconds, Stopping threads took: 0,0002216 seconds
2017-02-27T19:07:29.682+0100: 3961,488: Total time for which application threads were stopped: 0,0005487 seconds, Stopping threads took: 0,0002411 seconds
2017-02-27T19:07:34.683+0100: 3966,489: Total time for which application threads were stopped: 0,0000747 seconds, Stopping threads took: 0,0000183 seconds
2017-02-27T19:07:59.685+0100: 3991,492: Total time for which application threads were stopped: 0,0000800 seconds, Stopping threads took: 0,0000315 seconds
2017-02-27T19:30:25.824+0100: 5337,631: Total time for which application threads were stopped: 0,0001644 seconds, Stopping threads took: 0,0000487 seconds
2017-02-27T19:30:35.825+0100: 5347,632: Total time for which application threads were stopped: 0,0001032 seconds, Stopping threads took: 0,0000218 seconds
2017-02-27T19:57:41.080+0100: 6972,886: Total time for which application threads were stopped: 0,0001680 seconds, Stopping threads took: 0,0000654 seconds
2017-02-27T20:01:30.115+0100: 7201,921: Total time for which application threads were stopped: 0,0002395 seconds, Stopping threads took: 0,0000827 seconds
2017-02-27T20:04:00.135+0100: 7351,941: Total time for which application threads were stopped: 0,0000902 seconds, Stopping threads took: 0,0000362 seconds
2017-02-27T20:09:30.185+0100: 7681,991: Total time for which application threads were stopped: 0,0002307 seconds, Stopping threads took: 0,0000692 seconds
2017-02-27T20:10:00.189+0100: 7711,995: Total time for which application threads were stopped: 0,0000832 seconds, Stopping threads took: 0,0000314 seconds
2017-02-27T22:51:00.141+0100: 17371,948: Total time for which application threads were stopped: 0,0000917 seconds, Stopping threads took: 0,0000339 seconds
2017-02-28T01:08:07.100+0100: 25598,906: Total time for which application threads were stopped: 0,0061167 seconds, Stopping threads took: 0,0059734 seconds
2017-02-28T01:08:07.185+0100: 25598,991: Total time for which application threads were stopped: 0,0038945 seconds, Stopping threads took: 0,0037576 seconds
2017-02-28T01:08:07.195+0100: 25599,001: Total time for which application threads were stopped: 0,0000882 seconds, Stopping threads took: 0,0000196 seconds
Heap
 par new generation   total 109248K, used 79697K [0x00000000e0000000, 0x00000000e8000000, 0x00000000e8000000)
  eden space 87424K,  77% used [0x00000000e0000000, 0x00000000e41c6428, 0x00000000e5560000)
  from space 21824K,  56% used [0x00000000e5560000, 0x00000000e616e3c0, 0x00000000e6ab0000)
  to   space 21824K,   0% used [0x00000000e6ab0000, 0x00000000e6ab0000, 0x00000000e8000000)
 concurrent mark-sweep generation total 393216K, used 0K [0x00000000e8000000, 0x0000000100000000, 0x0000000100000000)
 Metaspace       used 28080K, capacity 28586K, committed 28848K, reserved 1075200K
  class space    used 3227K, capacity 3419K, committed 3504K, reserved 1048576K
