OpenJDK 64-Bit Server VM (25.131-b11) for linux-amd64 JRE (1.8.0_131-8u131-b11-0ubuntu1.16.04.2-b11), built on May  6 2017 02:45:27 by "buildd" with gcc 5.4.0 20160609
Memory: 4k page, physical 7867740k(7550816k free), swap 8076284k(8076284k free)
CommandLine flags: -XX:CMSInitiatingOccupancyFraction=50 -XX:CMSMaxAbortablePrecleanTime=6000 -XX:+CMSParallelRemarkEnabled -XX:+CMSScavengeBeforeRemark -XX:ConcGCThreads=4 -XX:InitialHeapSize=536870912 -XX:MaxHeapSize=536870912 -XX:MaxTenuringThreshold=8 -XX:NewRatio=3 -XX:OldPLABSize=16 -XX:OnOutOfMemoryError=/opt/solr/bin/oom_solr.sh 8983 /var/solr/logs -XX:ParallelGCThreads=4 -XX:+ParallelRefProcEnabled -XX:PretenureSizeThreshold=67108864 -XX:+PrintGC -XX:+PrintGCApplicationStoppedTime -XX:+PrintGCDateStamps -XX:+PrintGCDetails -XX:+PrintGCTimeStamps -XX:+PrintHeapAtGC -XX:+PrintTenuringDistribution -XX:SurvivorRatio=4 -XX:TargetSurvivorRatio=90 -XX:ThreadStackSize=256 -XX:+UseCMSInitiatingOccupancyOnly -XX:+UseCompressedClassPointers -XX:+UseCompressedOops -XX:+UseConcMarkSweepGC -XX:+UseParNewGC 
2017-05-18T22:44:53.102+0200: 0,187: Total time for which application threads were stopped: 0,0000684 seconds, Stopping threads took: 0,0000104 seconds
2017-05-18T22:44:53.195+0200: 0,280: Total time for which application threads were stopped: 0,0001087 seconds, Stopping threads took: 0,0000224 seconds
2017-05-18T22:44:53.226+0200: 0,311: Total time for which application threads were stopped: 0,0001123 seconds, Stopping threads took: 0,0000322 seconds
2017-05-18T22:44:53.526+0200: 0,610: Total time for which application threads were stopped: 0,0001287 seconds, Stopping threads took: 0,0000108 seconds
2017-05-18T22:44:53.993+0200: 1,078: Total time for which application threads were stopped: 0,0001468 seconds, Stopping threads took: 0,0000114 seconds
2017-05-18T22:44:54.142+0200: 1,227: Total time for which application threads were stopped: 0,0002043 seconds, Stopping threads took: 0,0000194 seconds
2017-05-18T22:44:54.198+0200: 1,283: Total time for which application threads were stopped: 0,0002804 seconds, Stopping threads took: 0,0000488 seconds
2017-05-18T22:44:54.535+0200: 1,620: Total time for which application threads were stopped: 0,0001614 seconds, Stopping threads took: 0,0000121 seconds
2017-05-18T22:44:54.802+0200: 1,887: Total time for which application threads were stopped: 0,0002413 seconds, Stopping threads took: 0,0000202 seconds
2017-05-18T22:44:54.835+0200: 1,919: Total time for which application threads were stopped: 0,0001966 seconds, Stopping threads took: 0,0000238 seconds
2017-05-18T22:44:54.864+0200: 1,948: Total time for which application threads were stopped: 0,0002354 seconds, Stopping threads took: 0,0000312 seconds
2017-05-18T22:44:54.865+0200: 1,949: Total time for which application threads were stopped: 0,0001929 seconds, Stopping threads took: 0,0000219 seconds
2017-05-18T22:44:54.879+0200: 1,963: Total time for which application threads were stopped: 0,0001778 seconds, Stopping threads took: 0,0000188 seconds
2017-05-18T22:44:54.947+0200: 2,032: Total time for which application threads were stopped: 0,0002566 seconds, Stopping threads took: 0,0000242 seconds
{Heap before GC invocations=0 (full 0):
 par new generation   total 109248K, used 87424K [0x00000000e0000000, 0x00000000e8000000, 0x00000000e8000000)
  eden space 87424K, 100% used [0x00000000e0000000, 0x00000000e5560000, 0x00000000e5560000)
  from space 21824K,   0% used [0x00000000e5560000, 0x00000000e5560000, 0x00000000e6ab0000)
  to   space 21824K,   0% used [0x00000000e6ab0000, 0x00000000e6ab0000, 0x00000000e8000000)
 concurrent mark-sweep generation total 393216K, used 0K [0x00000000e8000000, 0x0000000100000000, 0x0000000100000000)
 Metaspace       used 17275K, capacity 17562K, committed 17792K, reserved 1064960K
  class space    used 1968K, capacity 2131K, committed 2176K, reserved 1048576K
2017-05-18T22:44:55.113+0200: 2,197: [GC (Allocation Failure) 2017-05-18T22:44:55.113+0200: 2,197: [ParNew
Desired survivor size 20112992 bytes, new threshold 8 (max 8)
- age   1:   10679680 bytes,   10679680 total
: 87424K->10542K(109248K), 0,0146837 secs] 87424K->10542K(502464K), 0,0147826 secs] [Times: user=0,06 sys=0,00, real=0,02 secs] 
Heap after GC invocations=1 (full 0):
 par new generation   total 109248K, used 10542K [0x00000000e0000000, 0x00000000e8000000, 0x00000000e8000000)
  eden space 87424K,   0% used [0x00000000e0000000, 0x00000000e0000000, 0x00000000e5560000)
  from space 21824K,  48% used [0x00000000e6ab0000, 0x00000000e74fb9b8, 0x00000000e8000000)
  to   space 21824K,   0% used [0x00000000e5560000, 0x00000000e5560000, 0x00000000e6ab0000)
 concurrent mark-sweep generation total 393216K, used 0K [0x00000000e8000000, 0x0000000100000000, 0x0000000100000000)
 Metaspace       used 17275K, capacity 17562K, committed 17792K, reserved 1064960K
  class space    used 1968K, capacity 2131K, committed 2176K, reserved 1048576K
}
2017-05-18T22:44:55.128+0200: 2,212: Total time for which application threads were stopped: 0,0150726 seconds, Stopping threads took: 0,0001453 seconds
2017-05-18T22:44:55.136+0200: 2,220: Total time for which application threads were stopped: 0,0002544 seconds, Stopping threads took: 0,0000478 seconds
2017-05-18T22:44:55.600+0200: 2,684: Total time for which application threads were stopped: 0,0003982 seconds, Stopping threads took: 0,0000513 seconds
{Heap before GC invocations=1 (full 0):
 par new generation   total 109248K, used 97966K [0x00000000e0000000, 0x00000000e8000000, 0x00000000e8000000)
  eden space 87424K, 100% used [0x00000000e0000000, 0x00000000e5560000, 0x00000000e5560000)
  from space 21824K,  48% used [0x00000000e6ab0000, 0x00000000e74fb9b8, 0x00000000e8000000)
  to   space 21824K,   0% used [0x00000000e5560000, 0x00000000e5560000, 0x00000000e6ab0000)
 concurrent mark-sweep generation total 393216K, used 0K [0x00000000e8000000, 0x0000000100000000, 0x0000000100000000)
 Metaspace       used 20006K, capacity 20358K, committed 20736K, reserved 1067008K
  class space    used 2293K, capacity 2467K, committed 2560K, reserved 1048576K
2017-05-18T22:44:55.637+0200: 2,722: [GC (Allocation Failure) 2017-05-18T22:44:55.637+0200: 2,722: [ParNew
Desired survivor size 20112992 bytes, new threshold 8 (max 8)
- age   1:    4840024 bytes,    4840024 total
- age   2:    5521464 bytes,   10361488 total
: 97966K->15297K(109248K), 0,0172135 secs] 97966K->15297K(502464K), 0,0172971 secs] [Times: user=0,04 sys=0,01, real=0,02 secs] 
Heap after GC invocations=2 (full 0):
 par new generation   total 109248K, used 15297K [0x00000000e0000000, 0x00000000e8000000, 0x00000000e8000000)
  eden space 87424K,   0% used [0x00000000e0000000, 0x00000000e0000000, 0x00000000e5560000)
  from space 21824K,  70% used [0x00000000e5560000, 0x00000000e6450628, 0x00000000e6ab0000)
  to   space 21824K,   0% used [0x00000000e6ab0000, 0x00000000e6ab0000, 0x00000000e8000000)
 concurrent mark-sweep generation total 393216K, used 0K [0x00000000e8000000, 0x0000000100000000, 0x0000000100000000)
 Metaspace       used 20006K, capacity 20358K, committed 20736K, reserved 1067008K
  class space    used 2293K, capacity 2467K, committed 2560K, reserved 1048576K
}
2017-05-18T22:44:55.655+0200: 2,739: Total time for which application threads were stopped: 0,0175101 seconds, Stopping threads took: 0,0000319 seconds
2017-05-18T22:44:55.675+0200: 2,759: Total time for which application threads were stopped: 0,0003728 seconds, Stopping threads took: 0,0000671 seconds
2017-05-18T22:44:55.705+0200: 2,789: Total time for which application threads were stopped: 0,0005467 seconds, Stopping threads took: 0,0000610 seconds
2017-05-18T22:44:55.843+0200: 2,927: Total time for which application threads were stopped: 0,0001340 seconds, Stopping threads took: 0,0000201 seconds
{Heap before GC invocations=2 (full 0):
 par new generation   total 109248K, used 102721K [0x00000000e0000000, 0x00000000e8000000, 0x00000000e8000000)
  eden space 87424K, 100% used [0x00000000e0000000, 0x00000000e5560000, 0x00000000e5560000)
  from space 21824K,  70% used [0x00000000e5560000, 0x00000000e6450628, 0x00000000e6ab0000)
  to   space 21824K,   0% used [0x00000000e6ab0000, 0x00000000e6ab0000, 0x00000000e8000000)
 concurrent mark-sweep generation total 393216K, used 0K [0x00000000e8000000, 0x0000000100000000, 0x0000000100000000)
 Metaspace       used 20947K, capacity 21286K, committed 21628K, reserved 1069056K
  class space    used 2416K, capacity 2587K, committed 2684K, reserved 1048576K
2017-05-18T22:44:55.881+0200: 2,965: [GC (Allocation Failure) 2017-05-18T22:44:55.881+0200: 2,965: [ParNew
Desired survivor size 20112992 bytes, new threshold 8 (max 8)
- age   1:    2266536 bytes,    2266536 total
- age   2:    1950888 bytes,    4217424 total
- age   3:    5519672 bytes,    9737096 total
: 102721K->10573K(109248K), 0,0129122 secs] 102721K->10573K(502464K), 0,0129982 secs] [Times: user=0,05 sys=0,00, real=0,01 secs] 
Heap after GC invocations=3 (full 0):
 par new generation   total 109248K, used 10573K [0x00000000e0000000, 0x00000000e8000000, 0x00000000e8000000)
  eden space 87424K,   0% used [0x00000000e0000000, 0x00000000e0000000, 0x00000000e5560000)
  from space 21824K,  48% used [0x00000000e6ab0000, 0x00000000e7503480, 0x00000000e8000000)
  to   space 21824K,   0% used [0x00000000e5560000, 0x00000000e5560000, 0x00000000e6ab0000)
 concurrent mark-sweep generation total 393216K, used 0K [0x00000000e8000000, 0x0000000100000000, 0x0000000100000000)
 Metaspace       used 20947K, capacity 21286K, committed 21628K, reserved 1069056K
  class space    used 2416K, capacity 2587K, committed 2684K, reserved 1048576K
}
2017-05-18T22:44:55.894+0200: 2,978: Total time for which application threads were stopped: 0,0131737 seconds, Stopping threads took: 0,0000310 seconds
2017-05-18T22:44:55.894+0200: 2,979: [GC (CMS Initial Mark) [1 CMS-initial-mark: 0K(393216K)] 10589K(502464K), 0,0042346 secs] [Times: user=0,01 sys=0,01, real=0,01 secs] 
2017-05-18T22:44:55.899+0200: 2,983: Total time for which application threads were stopped: 0,0043643 seconds, Stopping threads took: 0,0000341 seconds
2017-05-18T22:44:55.899+0200: 2,983: [CMS-concurrent-mark-start]
2017-05-18T22:44:55.899+0200: 2,984: [CMS-concurrent-mark: 0,001/0,001 secs] [Times: user=0,00 sys=0,00, real=0,00 secs] 
2017-05-18T22:44:55.899+0200: 2,984: [CMS-concurrent-preclean-start]
2017-05-18T22:44:55.901+0200: 2,985: [CMS-concurrent-preclean: 0,001/0,001 secs] [Times: user=0,00 sys=0,00, real=0,00 secs] 
2017-05-18T22:44:55.901+0200: 2,985: [GC (CMS Final Remark) [YG occupancy: 10589 K (109248 K)]{Heap before GC invocations=3 (full 1):
 par new generation   total 109248K, used 10589K [0x00000000e0000000, 0x00000000e8000000, 0x00000000e8000000)
  eden space 87424K,   0% used [0x00000000e0000000, 0x00000000e0004010, 0x00000000e5560000)
  from space 21824K,  48% used [0x00000000e6ab0000, 0x00000000e7503480, 0x00000000e8000000)
  to   space 21824K,   0% used [0x00000000e5560000, 0x00000000e5560000, 0x00000000e6ab0000)
 concurrent mark-sweep generation total 393216K, used 0K [0x00000000e8000000, 0x0000000100000000, 0x0000000100000000)
 Metaspace       used 20951K, capacity 21286K, committed 21628K, reserved 1069056K
  class space    used 2416K, capacity 2587K, committed 2684K, reserved 1048576K
2017-05-18T22:44:55.901+0200: 2,985: [GC (CMS Final Remark) 2017-05-18T22:44:55.901+0200: 2,985: [ParNew
Desired survivor size 20112992 bytes, new threshold 8 (max 8)
- age   1:      16400 bytes,      16400 total
- age   2:    2028552 bytes,    2044952 total
- age   3:    1939664 bytes,    3984616 total
- age   4:    5519576 bytes,    9504192 total
: 10589K->14330K(109248K), 0,0092673 secs] 10589K->14330K(502464K), 0,0093136 secs] [Times: user=0,04 sys=0,00, real=0,01 secs] 
Heap after GC invocations=4 (full 1):
 par new generation   total 109248K, used 14330K [0x00000000e0000000, 0x00000000e8000000, 0x00000000e8000000)
  eden space 87424K,   0% used [0x00000000e0000000, 0x00000000e0000000, 0x00000000e5560000)
  from space 21824K,  65% used [0x00000000e5560000, 0x00000000e635ea90, 0x00000000e6ab0000)
  to   space 21824K,   0% used [0x00000000e6ab0000, 0x00000000e6ab0000, 0x00000000e8000000)
 concurrent mark-sweep generation total 393216K, used 0K [0x00000000e8000000, 0x0000000100000000, 0x0000000100000000)
 Metaspace       used 20951K, capacity 21286K, committed 21628K, reserved 1069056K
  class space    used 2416K, capacity 2587K, committed 2684K, reserved 1048576K
}
2017-05-18T22:44:55.910+0200: 2,995: [Rescan (parallel) , 0,0032041 secs]2017-05-18T22:44:55.913+0200: 2,998: [weak refs processing, 0,0005757 secs]2017-05-18T22:44:55.914+0200: 2,998: [class unloading, 0,0028695 secs]2017-05-18T22:44:55.917+0200: 3,001: [scrub symbol table, 0,0029251 secs]2017-05-18T22:44:55.920+0200: 3,004: [scrub string table, 0,0004129 secs][1 CMS-remark: 0K(393216K)] 14330K(502464K), 0,0199562 secs] [Times: user=0,06 sys=0,00, real=0,02 secs] 
2017-05-18T22:44:55.921+0200: 3,005: Total time for which application threads were stopped: 0,0200757 seconds, Stopping threads took: 0,0000307 seconds
2017-05-18T22:44:55.921+0200: 3,005: [CMS-concurrent-sweep-start]
2017-05-18T22:44:55.921+0200: 3,005: [CMS-concurrent-sweep: 0,000/0,000 secs] [Times: user=0,00 sys=0,00, real=0,00 secs] 
2017-05-18T22:44:55.921+0200: 3,005: [CMS-concurrent-reset-start]
2017-05-18T22:44:55.924+0200: 3,008: [CMS-concurrent-reset: 0,003/0,003 secs] [Times: user=0,01 sys=0,00, real=0,00 secs] 
{Heap before GC invocations=4 (full 1):
 par new generation   total 109248K, used 101754K [0x00000000e0000000, 0x00000000e8000000, 0x00000000e8000000)
  eden space 87424K, 100% used [0x00000000e0000000, 0x00000000e5560000, 0x00000000e5560000)
  from space 21824K,  65% used [0x00000000e5560000, 0x00000000e635ea90, 0x00000000e6ab0000)
  to   space 21824K,   0% used [0x00000000e6ab0000, 0x00000000e6ab0000, 0x00000000e8000000)
 concurrent mark-sweep generation total 393216K, used 0K [0x00000000e8000000, 0x0000000100000000, 0x0000000100000000)
 Metaspace       used 21183K, capacity 21556K, committed 21884K, reserved 1069056K
  class space    used 2445K, capacity 2601K, committed 2684K, reserved 1048576K
2017-05-18T22:44:56.019+0200: 3,104: [GC (Allocation Failure) 2017-05-18T22:44:56.019+0200: 3,104: [ParNew
Desired survivor size 20112992 bytes, new threshold 8 (max 8)
- age   1:     916696 bytes,     916696 total
- age   3:    1496000 bytes,    2412696 total
- age   4:    1916064 bytes,    4328760 total
- age   5:    5519864 bytes,    9848624 total
: 101754K->12010K(109248K), 0,0102734 secs] 101754K->12010K(502464K), 0,0103423 secs] [Times: user=0,03 sys=0,00, real=0,01 secs] 
Heap after GC invocations=5 (full 1):
 par new generation   total 109248K, used 12010K [0x00000000e0000000, 0x00000000e8000000, 0x00000000e8000000)
  eden space 87424K,   0% used [0x00000000e0000000, 0x00000000e0000000, 0x00000000e5560000)
  from space 21824K,  55% used [0x00000000e6ab0000, 0x00000000e766ab88, 0x00000000e8000000)
  to   space 21824K,   0% used [0x00000000e5560000, 0x00000000e5560000, 0x00000000e6ab0000)
 concurrent mark-sweep generation total 393216K, used 0K [0x00000000e8000000, 0x0000000100000000, 0x0000000100000000)
 Metaspace       used 21183K, capacity 21556K, committed 21884K, reserved 1069056K
  class space    used 2445K, capacity 2601K, committed 2684K, reserved 1048576K
}
2017-05-18T22:44:56.030+0200: 3,114: Total time for which application threads were stopped: 0,0115988 seconds, Stopping threads took: 0,0010916 seconds
{Heap before GC invocations=5 (full 1):
 par new generation   total 109248K, used 99434K [0x00000000e0000000, 0x00000000e8000000, 0x00000000e8000000)
  eden space 87424K, 100% used [0x00000000e0000000, 0x00000000e5560000, 0x00000000e5560000)
  from space 21824K,  55% used [0x00000000e6ab0000, 0x00000000e766ab88, 0x00000000e8000000)
  to   space 21824K,   0% used [0x00000000e5560000, 0x00000000e5560000, 0x00000000e6ab0000)
 concurrent mark-sweep generation total 393216K, used 0K [0x00000000e8000000, 0x0000000100000000, 0x0000000100000000)
 Metaspace       used 21330K, capacity 21722K, committed 21884K, reserved 1069056K
  class space    used 2463K, capacity 2634K, committed 2684K, reserved 1048576K
2017-05-18T22:44:56.119+0200: 3,204: [GC (Allocation Failure) 2017-05-18T22:44:56.119+0200: 3,204: [ParNew
Desired survivor size 20112992 bytes, new threshold 8 (max 8)
- age   1:     941560 bytes,     941560 total
- age   2:     175112 bytes,    1116672 total
- age   4:    1495832 bytes,    2612504 total
- age   5:    1914048 bytes,    4526552 total
- age   6:    5519616 bytes,   10046168 total
: 99434K->12457K(109248K), 0,0105706 secs] 99434K->12457K(502464K), 0,0106452 secs] [Times: user=0,03 sys=0,00, real=0,01 secs] 
Heap after GC invocations=6 (full 1):
 par new generation   total 109248K, used 12457K [0x00000000e0000000, 0x00000000e8000000, 0x00000000e8000000)
  eden space 87424K,   0% used [0x00000000e0000000, 0x00000000e0000000, 0x00000000e5560000)
  from space 21824K,  57% used [0x00000000e5560000, 0x00000000e618a660, 0x00000000e6ab0000)
  to   space 21824K,   0% used [0x00000000e6ab0000, 0x00000000e6ab0000, 0x00000000e8000000)
 concurrent mark-sweep generation total 393216K, used 0K [0x00000000e8000000, 0x0000000100000000, 0x0000000100000000)
 Metaspace       used 21330K, capacity 21722K, committed 21884K, reserved 1069056K
  class space    used 2463K, capacity 2634K, committed 2684K, reserved 1048576K
}
2017-05-18T22:44:56.130+0200: 3,214: Total time for which application threads were stopped: 0,0108792 seconds, Stopping threads took: 0,0000639 seconds
2017-05-18T22:44:56.171+0200: 3,256: Total time for which application threads were stopped: 0,0003860 seconds, Stopping threads took: 0,0000284 seconds
2017-05-18T22:44:56.424+0200: 3,508: Total time for which application threads were stopped: 0,0004963 seconds, Stopping threads took: 0,0000398 seconds
2017-05-18T22:44:56.442+0200: 3,526: Total time for which application threads were stopped: 0,0004227 seconds, Stopping threads took: 0,0000256 seconds
{Heap before GC invocations=6 (full 1):
 par new generation   total 109248K, used 99881K [0x00000000e0000000, 0x00000000e8000000, 0x00000000e8000000)
  eden space 87424K, 100% used [0x00000000e0000000, 0x00000000e5560000, 0x00000000e5560000)
  from space 21824K,  57% used [0x00000000e5560000, 0x00000000e618a660, 0x00000000e6ab0000)
  to   space 21824K,   0% used [0x00000000e6ab0000, 0x00000000e6ab0000, 0x00000000e8000000)
 concurrent mark-sweep generation total 393216K, used 0K [0x00000000e8000000, 0x0000000100000000, 0x0000000100000000)
 Metaspace       used 23766K, capacity 24222K, committed 24572K, reserved 1071104K
  class space    used 2797K, capacity 2976K, committed 3068K, reserved 1048576K
2017-05-18T22:44:56.619+0200: 3,703: [GC (Allocation Failure) 2017-05-18T22:44:56.619+0200: 3,703: [ParNew
Desired survivor size 20112992 bytes, new threshold 8 (max 8)
- age   1:    5012528 bytes,    5012528 total
- age   2:     112832 bytes,    5125360 total
- age   3:     173584 bytes,    5298944 total
- age   5:     326200 bytes,    5625144 total
- age   6:    1889568 bytes,    7514712 total
- age   7:    5511608 bytes,   13026320 total
: 99881K->18868K(109248K), 0,0403960 secs] 99881K->18868K(502464K), 0,0404956 secs] [Times: user=0,08 sys=0,00, real=0,04 secs] 
Heap after GC invocations=7 (full 1):
 par new generation   total 109248K, used 18868K [0x00000000e0000000, 0x00000000e8000000, 0x00000000e8000000)
  eden space 87424K,   0% used [0x00000000e0000000, 0x00000000e0000000, 0x00000000e5560000)
  from space 21824K,  86% used [0x00000000e6ab0000, 0x00000000e7d1d240, 0x00000000e8000000)
  to   space 21824K,   0% used [0x00000000e5560000, 0x00000000e5560000, 0x00000000e6ab0000)
 concurrent mark-sweep generation total 393216K, used 0K [0x00000000e8000000, 0x0000000100000000, 0x0000000100000000)
 Metaspace       used 23766K, capacity 24222K, committed 24572K, reserved 1071104K
  class space    used 2797K, capacity 2976K, committed 3068K, reserved 1048576K
}
2017-05-18T22:44:56.659+0200: 3,744: Total time for which application threads were stopped: 0,0453258 seconds, Stopping threads took: 0,0045913 seconds
{Heap before GC invocations=7 (full 1):
 par new generation   total 109248K, used 106292K [0x00000000e0000000, 0x00000000e8000000, 0x00000000e8000000)
  eden space 87424K, 100% used [0x00000000e0000000, 0x00000000e5560000, 0x00000000e5560000)
  from space 21824K,  86% used [0x00000000e6ab0000, 0x00000000e7d1d240, 0x00000000e8000000)
  to   space 21824K,   0% used [0x00000000e5560000, 0x00000000e5560000, 0x00000000e6ab0000)
 concurrent mark-sweep generation total 393216K, used 0K [0x00000000e8000000, 0x0000000100000000, 0x0000000100000000)
 Metaspace       used 24257K, capacity 24750K, committed 24828K, reserved 1071104K
  class space    used 2848K, capacity 3043K, committed 3068K, reserved 1048576K
2017-05-18T22:44:56.759+0200: 3,844: [GC (Allocation Failure) 2017-05-18T22:44:56.759+0200: 3,844: [ParNew
Desired survivor size 20112992 bytes, new threshold 8 (max 8)
- age   1:    1733440 bytes,    1733440 total
- age   2:    1771736 bytes,    3505176 total
- age   3:      59176 bytes,    3564352 total
- age   4:      93656 bytes,    3658008 total
- age   6:     206680 bytes,    3864688 total
- age   7:    1338224 bytes,    5202912 total
- age   8:    5511624 bytes,   10714536 total
: 106292K->16040K(109248K), 0,0194772 secs] 106292K->16040K(502464K), 0,0195676 secs] [Times: user=0,06 sys=0,01, real=0,02 secs] 
Heap after GC invocations=8 (full 1):
 par new generation   total 109248K, used 16040K [0x00000000e0000000, 0x00000000e8000000, 0x00000000e8000000)
  eden space 87424K,   0% used [0x00000000e0000000, 0x00000000e0000000, 0x00000000e5560000)
  from space 21824K,  73% used [0x00000000e5560000, 0x00000000e650a070, 0x00000000e6ab0000)
  to   space 21824K,   0% used [0x00000000e6ab0000, 0x00000000e6ab0000, 0x00000000e8000000)
 concurrent mark-sweep generation total 393216K, used 0K [0x00000000e8000000, 0x0000000100000000, 0x0000000100000000)
 Metaspace       used 24257K, capacity 24750K, committed 24828K, reserved 1071104K
  class space    used 2848K, capacity 3043K, committed 3068K, reserved 1048576K
}
2017-05-18T22:44:56.779+0200: 3,863: Total time for which application threads were stopped: 0,0203671 seconds, Stopping threads took: 0,0005761 seconds
{Heap before GC invocations=8 (full 1):
 par new generation   total 109248K, used 103464K [0x00000000e0000000, 0x00000000e8000000, 0x00000000e8000000)
  eden space 87424K, 100% used [0x00000000e0000000, 0x00000000e5560000, 0x00000000e5560000)
  from space 21824K,  73% used [0x00000000e5560000, 0x00000000e650a070, 0x00000000e6ab0000)
  to   space 21824K,   0% used [0x00000000e6ab0000, 0x00000000e6ab0000, 0x00000000e8000000)
 concurrent mark-sweep generation total 393216K, used 0K [0x00000000e8000000, 0x0000000100000000, 0x0000000100000000)
 Metaspace       used 24563K, capacity 25054K, committed 25212K, reserved 1071104K
  class space    used 2874K, capacity 3078K, committed 3196K, reserved 1048576K
2017-05-18T22:44:56.862+0200: 3,947: [GC (Allocation Failure) 2017-05-18T22:44:56.862+0200: 3,947: [ParNew
Desired survivor size 20112992 bytes, new threshold 8 (max 8)
- age   1:     527024 bytes,     527024 total
- age   2:    1006592 bytes,    1533616 total
- age   3:    1749440 bytes,    3283056 total
- age   4:      59176 bytes,    3342232 total
- age   5:      93456 bytes,    3435688 total
- age   7:     203912 bytes,    3639600 total
- age   8:    1337456 bytes,    4977056 total
: 103464K->6597K(109248K), 0,0293402 secs] 103464K->12059K(502464K), 0,0294183 secs] [Times: user=0,10 sys=0,00, real=0,03 secs] 
Heap after GC invocations=9 (full 1):
 par new generation   total 109248K, used 6597K [0x00000000e0000000, 0x00000000e8000000, 0x00000000e8000000)
  eden space 87424K,   0% used [0x00000000e0000000, 0x00000000e0000000, 0x00000000e5560000)
  from space 21824K,  30% used [0x00000000e6ab0000, 0x00000000e7121460, 0x00000000e8000000)
  to   space 21824K,   0% used [0x00000000e5560000, 0x00000000e5560000, 0x00000000e6ab0000)
 concurrent mark-sweep generation total 393216K, used 5462K [0x00000000e8000000, 0x0000000100000000, 0x0000000100000000)
 Metaspace       used 24563K, capacity 25054K, committed 25212K, reserved 1071104K
  class space    used 2874K, capacity 3078K, committed 3196K, reserved 1048576K
}
2017-05-18T22:44:56.892+0200: 3,976: Total time for which application threads were stopped: 0,0315630 seconds, Stopping threads took: 0,0019697 seconds
2017-05-18T22:44:56.975+0200: 4,060: Total time for which application threads were stopped: 0,0004212 seconds, Stopping threads took: 0,0000395 seconds
2017-05-18T22:44:57.062+0200: 4,146: Total time for which application threads were stopped: 0,0012795 seconds, Stopping threads took: 0,0012053 seconds
2017-05-18T22:44:57.070+0200: 4,155: Total time for which application threads were stopped: 0,0001715 seconds, Stopping threads took: 0,0000757 seconds
2017-05-18T22:44:57.071+0200: 4,155: Total time for which application threads were stopped: 0,0001297 seconds, Stopping threads took: 0,0000497 seconds
2017-05-18T22:44:57.071+0200: 4,156: Total time for which application threads were stopped: 0,0001422 seconds, Stopping threads took: 0,0000404 seconds
2017-05-18T22:44:57.074+0200: 4,158: Total time for which application threads were stopped: 0,0019612 seconds, Stopping threads took: 0,0018860 seconds
2017-05-18T22:44:57.074+0200: 4,158: Total time for which application threads were stopped: 0,0000806 seconds, Stopping threads took: 0,0000265 seconds
2017-05-18T22:44:57.076+0200: 4,160: Total time for which application threads were stopped: 0,0001651 seconds, Stopping threads took: 0,0000481 seconds
2017-05-18T22:44:57.079+0200: 4,163: Total time for which application threads were stopped: 0,0001527 seconds, Stopping threads took: 0,0000392 seconds
2017-05-18T22:44:57.079+0200: 4,163: Total time for which application threads were stopped: 0,0000902 seconds, Stopping threads took: 0,0000187 seconds
2017-05-18T22:44:57.079+0200: 4,164: Total time for which application threads were stopped: 0,0001144 seconds, Stopping threads took: 0,0000247 seconds
2017-05-18T22:44:57.079+0200: 4,164: Total time for which application threads were stopped: 0,0000963 seconds, Stopping threads took: 0,0000216 seconds
2017-05-18T22:44:57.080+0200: 4,164: Total time for which application threads were stopped: 0,0001191 seconds, Stopping threads took: 0,0000392 seconds
2017-05-18T22:44:57.080+0200: 4,164: Total time for which application threads were stopped: 0,0001113 seconds, Stopping threads took: 0,0000339 seconds
2017-05-18T22:44:57.082+0200: 4,166: Total time for which application threads were stopped: 0,0019720 seconds, Stopping threads took: 0,0019160 seconds
2017-05-18T22:44:57.086+0200: 4,171: Total time for which application threads were stopped: 0,0002416 seconds, Stopping threads took: 0,0001534 seconds
2017-05-18T22:44:57.087+0200: 4,171: Total time for which application threads were stopped: 0,0001080 seconds, Stopping threads took: 0,0000619 seconds
2017-05-18T22:44:57.087+0200: 4,171: Total time for which application threads were stopped: 0,0001151 seconds, Stopping threads took: 0,0000288 seconds
2017-05-18T22:44:57.087+0200: 4,171: Total time for which application threads were stopped: 0,0000827 seconds, Stopping threads took: 0,0000201 seconds
2017-05-18T22:44:57.088+0200: 4,173: Total time for which application threads were stopped: 0,0002067 seconds, Stopping threads took: 0,0001223 seconds
2017-05-18T22:44:57.089+0200: 4,173: Total time for which application threads were stopped: 0,0001695 seconds, Stopping threads took: 0,0001058 seconds
2017-05-18T22:44:57.089+0200: 4,173: Total time for which application threads were stopped: 0,0001087 seconds, Stopping threads took: 0,0000231 seconds
2017-05-18T22:44:57.089+0200: 4,174: Total time for which application threads were stopped: 0,0002431 seconds, Stopping threads took: 0,0001653 seconds
2017-05-18T22:44:57.090+0200: 4,175: Total time for which application threads were stopped: 0,0001097 seconds, Stopping threads took: 0,0000398 seconds
2017-05-18T22:44:57.091+0200: 4,175: Total time for which application threads were stopped: 0,0000718 seconds, Stopping threads took: 0,0000201 seconds
2017-05-18T22:44:57.091+0200: 4,175: Total time for which application threads were stopped: 0,0001250 seconds, Stopping threads took: 0,0000181 seconds
2017-05-18T22:44:57.095+0200: 4,179: Total time for which application threads were stopped: 0,0001647 seconds, Stopping threads took: 0,0000418 seconds
2017-05-18T22:44:57.097+0200: 4,182: Total time for which application threads were stopped: 0,0001341 seconds, Stopping threads took: 0,0000473 seconds
2017-05-18T22:44:57.101+0200: 4,185: Total time for which application threads were stopped: 0,0001423 seconds, Stopping threads took: 0,0000489 seconds
2017-05-18T22:44:57.102+0200: 4,187: Total time for which application threads were stopped: 0,0010256 seconds, Stopping threads took: 0,0009119 seconds
2017-05-18T22:44:57.102+0200: 4,187: Total time for which application threads were stopped: 0,0001094 seconds, Stopping threads took: 0,0000306 seconds
2017-05-18T22:44:57.103+0200: 4,187: Total time for which application threads were stopped: 0,0000883 seconds, Stopping threads took: 0,0000337 seconds
2017-05-18T22:44:57.103+0200: 4,187: Total time for which application threads were stopped: 0,0000645 seconds, Stopping threads took: 0,0000265 seconds
2017-05-18T22:44:57.104+0200: 4,188: Total time for which application threads were stopped: 0,0001250 seconds, Stopping threads took: 0,0000451 seconds
2017-05-18T22:44:57.104+0200: 4,188: Total time for which application threads were stopped: 0,0001001 seconds, Stopping threads took: 0,0000249 seconds
2017-05-18T22:44:57.104+0200: 4,188: Total time for which application threads were stopped: 0,0000793 seconds, Stopping threads took: 0,0000182 seconds
2017-05-18T22:44:57.104+0200: 4,189: Total time for which application threads were stopped: 0,0000771 seconds, Stopping threads took: 0,0000202 seconds
2017-05-18T22:44:57.104+0200: 4,189: Total time for which application threads were stopped: 0,0000752 seconds, Stopping threads took: 0,0000177 seconds
2017-05-18T22:44:57.104+0200: 4,189: Total time for which application threads were stopped: 0,0000564 seconds, Stopping threads took: 0,0000171 seconds
2017-05-18T22:44:57.105+0200: 4,189: Total time for which application threads were stopped: 0,0000764 seconds, Stopping threads took: 0,0000220 seconds
2017-05-18T22:44:57.105+0200: 4,189: Total time for which application threads were stopped: 0,0000796 seconds, Stopping threads took: 0,0000177 seconds
2017-05-18T22:44:57.105+0200: 4,189: Total time for which application threads were stopped: 0,0000800 seconds, Stopping threads took: 0,0000209 seconds
2017-05-18T22:44:57.105+0200: 4,189: Total time for which application threads were stopped: 0,0001056 seconds, Stopping threads took: 0,0000388 seconds
2017-05-18T22:44:57.105+0200: 4,190: Total time for which application threads were stopped: 0,0002186 seconds, Stopping threads took: 0,0001594 seconds
2017-05-18T22:44:57.106+0200: 4,190: Total time for which application threads were stopped: 0,0001955 seconds, Stopping threads took: 0,0001545 seconds
2017-05-18T22:44:57.106+0200: 4,190: Total time for which application threads were stopped: 0,0000768 seconds, Stopping threads took: 0,0000191 seconds
2017-05-18T22:44:57.106+0200: 4,190: Total time for which application threads were stopped: 0,0000633 seconds, Stopping threads took: 0,0000197 seconds
2017-05-18T22:44:57.106+0200: 4,190: Total time for which application threads were stopped: 0,0001497 seconds, Stopping threads took: 0,0000198 seconds
2017-05-18T22:44:57.108+0200: 4,193: Total time for which application threads were stopped: 0,0002273 seconds, Stopping threads took: 0,0001105 seconds
2017-05-18T22:44:57.110+0200: 4,195: Total time for which application threads were stopped: 0,0001270 seconds, Stopping threads took: 0,0000547 seconds
2017-05-18T22:44:57.118+0200: 4,203: Total time for which application threads were stopped: 0,0007565 seconds, Stopping threads took: 0,0006509 seconds
2017-05-18T22:44:57.122+0200: 4,206: Total time for which application threads were stopped: 0,0001464 seconds, Stopping threads took: 0,0000277 seconds
2017-05-18T22:44:57.130+0200: 4,215: Total time for which application threads were stopped: 0,0019193 seconds, Stopping threads took: 0,0018170 seconds
2017-05-18T22:44:57.136+0200: 4,220: Total time for which application threads were stopped: 0,0001538 seconds, Stopping threads took: 0,0000449 seconds
2017-05-18T22:44:57.136+0200: 4,220: Total time for which application threads were stopped: 0,0001269 seconds, Stopping threads took: 0,0000499 seconds
2017-05-18T22:44:57.159+0200: 4,243: Total time for which application threads were stopped: 0,0001424 seconds, Stopping threads took: 0,0000537 seconds
2017-05-18T22:44:57.173+0200: 4,257: Total time for which application threads were stopped: 0,0000942 seconds, Stopping threads took: 0,0000286 seconds
2017-05-18T22:44:57.174+0200: 4,258: Total time for which application threads were stopped: 0,0001443 seconds, Stopping threads took: 0,0000639 seconds
2017-05-18T22:44:57.182+0200: 4,266: Total time for which application threads were stopped: 0,0010724 seconds, Stopping threads took: 0,0010138 seconds
2017-05-18T22:44:57.183+0200: 4,267: Total time for which application threads were stopped: 0,0004276 seconds, Stopping threads took: 0,0000258 seconds
2017-05-18T22:44:57.231+0200: 4,316: Total time for which application threads were stopped: 0,0004400 seconds, Stopping threads took: 0,0000439 seconds
2017-05-18T22:44:57.245+0200: 4,329: Total time for which application threads were stopped: 0,0004388 seconds, Stopping threads took: 0,0000216 seconds
2017-05-18T22:44:57.326+0200: 4,411: Total time for which application threads were stopped: 0,0004426 seconds, Stopping threads took: 0,0000444 seconds
2017-05-18T22:44:57.331+0200: 4,415: Total time for which application threads were stopped: 0,0004543 seconds, Stopping threads took: 0,0003241 seconds
2017-05-18T22:44:57.331+0200: 4,416: Total time for which application threads were stopped: 0,0001331 seconds, Stopping threads took: 0,0000315 seconds
2017-05-18T22:44:57.339+0200: 4,424: Total time for which application threads were stopped: 0,0000780 seconds, Stopping threads took: 0,0000209 seconds
2017-05-18T22:44:57.348+0200: 4,432: Total time for which application threads were stopped: 0,0001304 seconds, Stopping threads took: 0,0000231 seconds
2017-05-18T22:44:57.351+0200: 4,435: Total time for which application threads were stopped: 0,0001967 seconds, Stopping threads took: 0,0001128 seconds
2017-05-18T22:44:57.352+0200: 4,437: Total time for which application threads were stopped: 0,0001163 seconds, Stopping threads took: 0,0000426 seconds
2017-05-18T22:44:57.355+0200: 4,440: Total time for which application threads were stopped: 0,0001438 seconds, Stopping threads took: 0,0000406 seconds
2017-05-18T22:44:57.356+0200: 4,440: Total time for which application threads were stopped: 0,0001357 seconds, Stopping threads took: 0,0000534 seconds
2017-05-18T22:44:57.362+0200: 4,447: Total time for which application threads were stopped: 0,0031457 seconds, Stopping threads took: 0,0030578 seconds
2017-05-18T22:44:57.367+0200: 4,452: Total time for which application threads were stopped: 0,0001319 seconds, Stopping threads took: 0,0000423 seconds
2017-05-18T22:44:57.368+0200: 4,452: Total time for which application threads were stopped: 0,0000628 seconds, Stopping threads took: 0,0000118 seconds
2017-05-18T22:44:57.371+0200: 4,455: Total time for which application threads were stopped: 0,0000949 seconds, Stopping threads took: 0,0000254 seconds
2017-05-18T22:44:57.375+0200: 4,459: Total time for which application threads were stopped: 0,0001238 seconds, Stopping threads took: 0,0000209 seconds
2017-05-18T22:44:57.375+0200: 4,460: Total time for which application threads were stopped: 0,0001750 seconds, Stopping threads took: 0,0000310 seconds
2017-05-18T22:44:57.378+0200: 4,463: Total time for which application threads were stopped: 0,0001502 seconds, Stopping threads took: 0,0000419 seconds
2017-05-18T22:44:57.380+0200: 4,465: Total time for which application threads were stopped: 0,0001015 seconds, Stopping threads took: 0,0000204 seconds
2017-05-18T22:44:57.390+0200: 4,474: Total time for which application threads were stopped: 0,0005378 seconds, Stopping threads took: 0,0004542 seconds
2017-05-18T22:44:57.400+0200: 4,484: Total time for which application threads were stopped: 0,0001447 seconds, Stopping threads took: 0,0000502 seconds
2017-05-18T22:44:57.417+0200: 4,501: Total time for which application threads were stopped: 0,0002112 seconds, Stopping threads took: 0,0001248 seconds
2017-05-18T22:44:57.419+0200: 4,503: Total time for which application threads were stopped: 0,0001309 seconds, Stopping threads took: 0,0000476 seconds
2017-05-18T22:44:57.436+0200: 4,520: Total time for which application threads were stopped: 0,0001719 seconds, Stopping threads took: 0,0000720 seconds
2017-05-18T22:44:57.436+0200: 4,521: Total time for which application threads were stopped: 0,0004112 seconds, Stopping threads took: 0,0000336 seconds
2017-05-18T22:44:57.437+0200: 4,521: Total time for which application threads were stopped: 0,0000917 seconds, Stopping threads took: 0,0000248 seconds
2017-05-18T22:44:58.437+0200: 5,521: Total time for which application threads were stopped: 0,0000942 seconds, Stopping threads took: 0,0000246 seconds
{Heap before GC invocations=9 (full 1):
 par new generation   total 109248K, used 94021K [0x00000000e0000000, 0x00000000e8000000, 0x00000000e8000000)
  eden space 87424K, 100% used [0x00000000e0000000, 0x00000000e5560000, 0x00000000e5560000)
  from space 21824K,  30% used [0x00000000e6ab0000, 0x00000000e7121460, 0x00000000e8000000)
  to   space 21824K,   0% used [0x00000000e5560000, 0x00000000e5560000, 0x00000000e6ab0000)
 concurrent mark-sweep generation total 393216K, used 5462K [0x00000000e8000000, 0x0000000100000000, 0x0000000100000000)
 Metaspace       used 28004K, capacity 28548K, committed 28796K, reserved 1075200K
  class space    used 3210K, capacity 3385K, committed 3452K, reserved 1048576K
2017-05-18T22:45:29.019+0200: 36,103: [GC (Allocation Failure) 2017-05-18T22:45:29.019+0200: 36,103: [ParNew
Desired survivor size 20112992 bytes, new threshold 8 (max 8)
- age   1:   11165144 bytes,   11165144 total
- age   2:     169088 bytes,   11334232 total
- age   3:     227176 bytes,   11561408 total
- age   4:    1743800 bytes,   13305208 total
- age   5:      56728 bytes,   13361936 total
- age   6:      93232 bytes,   13455168 total
- age   8:     203320 bytes,   13658488 total
: 94021K->14851K(109248K), 0,0411916 secs] 99483K->21725K(502464K), 0,0414188 secs] [Times: user=0,08 sys=0,00, real=0,04 secs] 
Heap after GC invocations=10 (full 1):
 par new generation   total 109248K, used 14851K [0x00000000e0000000, 0x00000000e8000000, 0x00000000e8000000)
  eden space 87424K,   0% used [0x00000000e0000000, 0x00000000e0000000, 0x00000000e5560000)
  from space 21824K,  68% used [0x00000000e5560000, 0x00000000e63e0cc8, 0x00000000e6ab0000)
  to   space 21824K,   0% used [0x00000000e6ab0000, 0x00000000e6ab0000, 0x00000000e8000000)
 concurrent mark-sweep generation total 393216K, used 6874K [0x00000000e8000000, 0x0000000100000000, 0x0000000100000000)
 Metaspace       used 28004K, capacity 28548K, committed 28796K, reserved 1075200K
  class space    used 3210K, capacity 3385K, committed 3452K, reserved 1048576K
}
2017-05-18T22:45:29.060+0200: 36,145: Total time for which application threads were stopped: 0,0417586 seconds, Stopping threads took: 0,0000443 seconds
2017-05-18T22:45:29.061+0200: 36,145: Total time for which application threads were stopped: 0,0000962 seconds, Stopping threads took: 0,0000448 seconds
2017-05-18T22:45:29.066+0200: 36,151: Total time for which application threads were stopped: 0,0000916 seconds, Stopping threads took: 0,0000288 seconds
2017-05-18T22:46:50.077+0200: 117,162: Total time for which application threads were stopped: 0,0000974 seconds, Stopping threads took: 0,0000407 seconds
2017-05-18T22:46:55.078+0200: 122,162: Total time for which application threads were stopped: 0,0001192 seconds, Stopping threads took: 0,0000260 seconds
2017-05-18T23:08:24.243+0200: 1411,327: Total time for which application threads were stopped: 0,0000846 seconds, Stopping threads took: 0,0000326 seconds
2017-05-18T23:12:29.272+0200: 1656,357: Total time for which application threads were stopped: 0,0001086 seconds, Stopping threads took: 0,0000351 seconds
2017-05-18T23:23:25.362+0200: 2312,446: Total time for which application threads were stopped: 0,0001776 seconds, Stopping threads took: 0,0000643 seconds
2017-05-18T23:23:29.363+0200: 2316,447: Total time for which application threads were stopped: 0,0000716 seconds, Stopping threads took: 0,0000157 seconds
2017-05-18T23:41:00.507+0200: 3367,591: Total time for which application threads were stopped: 0,0000785 seconds, Stopping threads took: 0,0000270 seconds
2017-05-18T23:41:55.514+0200: 3422,599: Total time for which application threads were stopped: 0,0000842 seconds, Stopping threads took: 0,0000310 seconds
2017-05-18T23:48:59.575+0200: 3846,659: Total time for which application threads were stopped: 0,0000993 seconds, Stopping threads took: 0,0000320 seconds
2017-05-18T23:49:04.576+0200: 3851,660: Total time for which application threads were stopped: 0,0000878 seconds, Stopping threads took: 0,0000220 seconds
2017-05-19T00:06:55.682+0200: 4922,767: Total time for which application threads were stopped: 0,0007546 seconds, Stopping threads took: 0,0002894 seconds
2017-05-19T00:08:15.691+0200: 5002,775: Total time for which application threads were stopped: 0,0005739 seconds, Stopping threads took: 0,0002055 seconds
2017-05-19T00:46:54.930+0200: 7322,014: Total time for which application threads were stopped: 0,0000821 seconds, Stopping threads took: 0,0000312 seconds
2017-05-19T00:47:15.932+0200: 7343,016: Total time for which application threads were stopped: 0,0001084 seconds, Stopping threads took: 0,0000438 seconds
2017-05-19T00:52:54.966+0200: 7682,050: Total time for which application threads were stopped: 0,0000856 seconds, Stopping threads took: 0,0000330 seconds
2017-05-19T00:53:24.969+0200: 7712,053: Total time for which application threads were stopped: 0,0004113 seconds, Stopping threads took: 0,0001388 seconds
2017-05-19T01:02:11.720+0200: 8238,805: Total time for which application threads were stopped: 0,0221811 seconds, Stopping threads took: 0,0220760 seconds
2017-05-19T01:02:11.723+0200: 8238,808: Total time for which application threads were stopped: 0,0001265 seconds, Stopping threads took: 0,0000190 seconds
2017-05-19T01:02:11.729+0200: 8238,813: Total time for which application threads were stopped: 0,0001544 seconds, Stopping threads took: 0,0000233 seconds
2017-05-19T01:02:11.755+0200: 8238,840: Total time for which application threads were stopped: 0,0001236 seconds, Stopping threads took: 0,0000304 seconds
2017-05-19T01:02:11.757+0200: 8238,842: Total time for which application threads were stopped: 0,0017122 seconds, Stopping threads took: 0,0016057 seconds
2017-05-19T01:02:11.759+0200: 8238,843: Total time for which application threads were stopped: 0,0004790 seconds, Stopping threads took: 0,0003757 seconds
2017-05-19T01:02:11.760+0200: 8238,844: Total time for which application threads were stopped: 0,0001249 seconds, Stopping threads took: 0,0000358 seconds
2017-05-19T01:02:11.760+0200: 8238,844: Total time for which application threads were stopped: 0,0000801 seconds, Stopping threads took: 0,0000188 seconds
2017-05-19T01:02:11.760+0200: 8238,844: Total time for which application threads were stopped: 0,0000637 seconds, Stopping threads took: 0,0000150 seconds
2017-05-19T01:02:11.760+0200: 8238,844: Total time for which application threads were stopped: 0,0000568 seconds, Stopping threads took: 0,0000153 seconds
2017-05-19T01:02:11.760+0200: 8238,844: Total time for which application threads were stopped: 0,0000581 seconds, Stopping threads took: 0,0000137 seconds
2017-05-19T01:02:11.760+0200: 8238,844: Total time for which application threads were stopped: 0,0000543 seconds, Stopping threads took: 0,0000132 seconds
2017-05-19T01:02:11.760+0200: 8238,845: Total time for which application threads were stopped: 0,0000579 seconds, Stopping threads took: 0,0000151 seconds
2017-05-19T01:02:11.760+0200: 8238,845: Total time for which application threads were stopped: 0,0000571 seconds, Stopping threads took: 0,0000173 seconds
2017-05-19T01:02:11.761+0200: 8238,845: Total time for which application threads were stopped: 0,0000573 seconds, Stopping threads took: 0,0000142 seconds
2017-05-19T01:02:11.761+0200: 8238,845: Total time for which application threads were stopped: 0,0000546 seconds, Stopping threads took: 0,0000133 seconds
2017-05-19T01:02:11.761+0200: 8238,845: Total time for which application threads were stopped: 0,0000539 seconds, Stopping threads took: 0,0000129 seconds
2017-05-19T01:02:11.761+0200: 8238,845: Total time for which application threads were stopped: 0,0000550 seconds, Stopping threads took: 0,0000150 seconds
2017-05-19T01:02:11.761+0200: 8238,845: Total time for which application threads were stopped: 0,0000538 seconds, Stopping threads took: 0,0000134 seconds
2017-05-19T01:02:11.779+0200: 8238,863: Total time for which application threads were stopped: 0,0002035 seconds, Stopping threads took: 0,0000854 seconds
2017-05-19T01:02:11.779+0200: 8238,864: Total time for which application threads were stopped: 0,0002973 seconds, Stopping threads took: 0,0000236 seconds
2017-05-19T01:02:11.780+0200: 8238,864: Total time for which application threads were stopped: 0,0002781 seconds, Stopping threads took: 0,0000193 seconds
2017-05-19T01:02:11.780+0200: 8238,864: Total time for which application threads were stopped: 0,0002714 seconds, Stopping threads took: 0,0000213 seconds
2017-05-19T01:02:11.781+0200: 8238,865: Total time for which application threads were stopped: 0,0002800 seconds, Stopping threads took: 0,0000201 seconds
2017-05-19T01:02:11.781+0200: 8238,865: Total time for which application threads were stopped: 0,0000718 seconds, Stopping threads took: 0,0000170 seconds
2017-05-19T01:02:11.781+0200: 8238,865: Total time for which application threads were stopped: 0,0000694 seconds, Stopping threads took: 0,0000182 seconds
2017-05-19T01:02:11.781+0200: 8238,865: Total time for which application threads were stopped: 0,0000629 seconds, Stopping threads took: 0,0000145 seconds
2017-05-19T01:02:11.781+0200: 8238,865: Total time for which application threads were stopped: 0,0000594 seconds, Stopping threads took: 0,0000141 seconds
2017-05-19T01:02:11.781+0200: 8238,865: Total time for which application threads were stopped: 0,0000567 seconds, Stopping threads took: 0,0000139 seconds
2017-05-19T01:02:11.781+0200: 8238,866: Total time for which application threads were stopped: 0,0000589 seconds, Stopping threads took: 0,0000131 seconds
2017-05-19T01:02:11.781+0200: 8238,866: Total time for which application threads were stopped: 0,0000547 seconds, Stopping threads took: 0,0000127 seconds
2017-05-19T01:02:11.781+0200: 8238,866: Total time for which application threads were stopped: 0,0000540 seconds, Stopping threads took: 0,0000150 seconds
2017-05-19T01:02:11.794+0200: 8238,879: Total time for which application threads were stopped: 0,0001026 seconds, Stopping threads took: 0,0000310 seconds
2017-05-19T01:02:11.794+0200: 8238,879: Total time for which application threads were stopped: 0,0000668 seconds, Stopping threads took: 0,0000155 seconds
2017-05-19T01:02:11.794+0200: 8238,879: Total time for which application threads were stopped: 0,0000474 seconds, Stopping threads took: 0,0000127 seconds
2017-05-19T01:02:11.795+0200: 8238,879: Total time for which application threads were stopped: 0,0000442 seconds, Stopping threads took: 0,0000109 seconds
2017-05-19T01:02:11.795+0200: 8238,879: Total time for which application threads were stopped: 0,0000458 seconds, Stopping threads took: 0,0000123 seconds
2017-05-19T01:02:11.796+0200: 8238,881: Total time for which application threads were stopped: 0,0000969 seconds, Stopping threads took: 0,0000285 seconds
2017-05-19T01:02:11.796+0200: 8238,881: Total time for which application threads were stopped: 0,0000546 seconds, Stopping threads took: 0,0000138 seconds
2017-05-19T01:02:11.797+0200: 8238,881: Total time for which application threads were stopped: 0,0000602 seconds, Stopping threads took: 0,0000146 seconds
2017-05-19T01:02:11.807+0200: 8238,891: Total time for which application threads were stopped: 0,0001484 seconds, Stopping threads took: 0,0000733 seconds
2017-05-19T01:02:11.808+0200: 8238,893: Total time for which application threads were stopped: 0,0000928 seconds, Stopping threads took: 0,0000288 seconds
2017-05-19T01:02:11.815+0200: 8238,899: Total time for which application threads were stopped: 0,0067242 seconds, Stopping threads took: 0,0066506 seconds
2017-05-19T01:02:11.815+0200: 8238,900: Total time for which application threads were stopped: 0,0000481 seconds, Stopping threads took: 0,0000078 seconds
2017-05-19T01:02:11.815+0200: 8238,900: Total time for which application threads were stopped: 0,0000372 seconds, Stopping threads took: 0,0000050 seconds
2017-05-19T01:02:11.815+0200: 8238,900: Total time for which application threads were stopped: 0,0000368 seconds, Stopping threads took: 0,0000050 seconds
2017-05-19T01:02:11.816+0200: 8238,900: Total time for which application threads were stopped: 0,0000526 seconds, Stopping threads took: 0,0000185 seconds
2017-05-19T01:02:11.816+0200: 8238,900: Total time for which application threads were stopped: 0,0000372 seconds, Stopping threads took: 0,0000048 seconds
2017-05-19T01:02:11.816+0200: 8238,900: Total time for which application threads were stopped: 0,0000352 seconds, Stopping threads took: 0,0000046 seconds
2017-05-19T01:02:11.816+0200: 8238,900: Total time for which application threads were stopped: 0,0000371 seconds, Stopping threads took: 0,0000057 seconds
2017-05-19T01:02:11.816+0200: 8238,900: Total time for which application threads were stopped: 0,0000373 seconds, Stopping threads took: 0,0000052 seconds
2017-05-19T01:02:11.821+0200: 8238,906: Total time for which application threads were stopped: 0,0000806 seconds, Stopping threads took: 0,0000127 seconds
2017-05-19T01:02:11.821+0200: 8238,906: Total time for which application threads were stopped: 0,0000423 seconds, Stopping threads took: 0,0000056 seconds
2017-05-19T01:02:11.823+0200: 8238,908: Total time for which application threads were stopped: 0,0000995 seconds, Stopping threads took: 0,0000271 seconds
2017-05-19T01:02:11.823+0200: 8238,908: Total time for which application threads were stopped: 0,0000468 seconds, Stopping threads took: 0,0000069 seconds
2017-05-19T01:02:11.823+0200: 8238,908: Total time for which application threads were stopped: 0,0000380 seconds, Stopping threads took: 0,0000049 seconds
2017-05-19T01:02:11.824+0200: 8238,908: Total time for which application threads were stopped: 0,0000390 seconds, Stopping threads took: 0,0000058 seconds
2017-05-19T01:02:11.829+0200: 8238,913: Total time for which application threads were stopped: 0,0001506 seconds, Stopping threads took: 0,0000597 seconds
2017-05-19T01:02:11.830+0200: 8238,914: Total time for which application threads were stopped: 0,0002006 seconds, Stopping threads took: 0,0001292 seconds
2017-05-19T01:02:11.830+0200: 8238,915: Total time for which application threads were stopped: 0,0000536 seconds, Stopping threads took: 0,0000070 seconds
2017-05-19T01:02:11.830+0200: 8238,915: Total time for which application threads were stopped: 0,0000626 seconds, Stopping threads took: 0,0000150 seconds
2017-05-19T01:02:11.831+0200: 8238,915: Total time for which application threads were stopped: 0,0000462 seconds, Stopping threads took: 0,0000061 seconds
2017-05-19T01:02:11.831+0200: 8238,915: Total time for which application threads were stopped: 0,0000470 seconds, Stopping threads took: 0,0000059 seconds
2017-05-19T01:02:11.831+0200: 8238,915: Total time for which application threads were stopped: 0,0000422 seconds, Stopping threads took: 0,0000053 seconds
2017-05-19T01:02:11.831+0200: 8238,915: Total time for which application threads were stopped: 0,0000497 seconds, Stopping threads took: 0,0000079 seconds
2017-05-19T01:02:11.831+0200: 8238,916: Total time for which application threads were stopped: 0,0000605 seconds, Stopping threads took: 0,0000230 seconds
2017-05-19T01:02:11.831+0200: 8238,916: Total time for which application threads were stopped: 0,0000474 seconds, Stopping threads took: 0,0000224 seconds
2017-05-19T01:02:11.832+0200: 8238,916: Total time for which application threads were stopped: 0,0000603 seconds, Stopping threads took: 0,0000257 seconds
2017-05-19T01:02:11.832+0200: 8238,916: Total time for which application threads were stopped: 0,0000542 seconds, Stopping threads took: 0,0000244 seconds
2017-05-19T01:02:11.832+0200: 8238,916: Total time for which application threads were stopped: 0,0000463 seconds, Stopping threads took: 0,0000161 seconds
2017-05-19T01:02:11.832+0200: 8238,916: Total time for which application threads were stopped: 0,0000502 seconds, Stopping threads took: 0,0000084 seconds
2017-05-19T01:02:11.832+0200: 8238,916: Total time for which application threads were stopped: 0,0000483 seconds, Stopping threads took: 0,0000077 seconds
2017-05-19T01:02:11.832+0200: 8238,917: Total time for which application threads were stopped: 0,0001525 seconds, Stopping threads took: 0,0000414 seconds
2017-05-19T01:02:11.833+0200: 8238,918: Total time for which application threads were stopped: 0,0001350 seconds, Stopping threads took: 0,0000814 seconds
2017-05-19T01:02:11.834+0200: 8238,918: Total time for which application threads were stopped: 0,0000504 seconds, Stopping threads took: 0,0000136 seconds
2017-05-19T01:02:11.834+0200: 8238,918: Total time for which application threads were stopped: 0,0000543 seconds, Stopping threads took: 0,0000233 seconds
2017-05-19T01:02:11.835+0200: 8238,920: Total time for which application threads were stopped: 0,0001291 seconds, Stopping threads took: 0,0000486 seconds
2017-05-19T01:02:11.836+0200: 8238,920: Total time for which application threads were stopped: 0,0000622 seconds, Stopping threads took: 0,0000145 seconds
2017-05-19T01:02:11.836+0200: 8238,920: Total time for which application threads were stopped: 0,0000427 seconds, Stopping threads took: 0,0000098 seconds
2017-05-19T01:02:11.836+0200: 8238,920: Total time for which application threads were stopped: 0,0000241 seconds, Stopping threads took: 0,0000055 seconds
2017-05-19T01:02:11.836+0200: 8238,920: Total time for which application threads were stopped: 0,0000225 seconds, Stopping threads took: 0,0000052 seconds
2017-05-19T01:02:11.836+0200: 8238,920: Total time for which application threads were stopped: 0,0000224 seconds, Stopping threads took: 0,0000052 seconds
2017-05-19T01:02:11.836+0200: 8238,920: Total time for which application threads were stopped: 0,0000456 seconds, Stopping threads took: 0,0000052 seconds
2017-05-19T01:02:11.836+0200: 8238,920: Total time for which application threads were stopped: 0,0000232 seconds, Stopping threads took: 0,0000056 seconds
2017-05-19T01:02:11.836+0200: 8238,920: Total time for which application threads were stopped: 0,0000226 seconds, Stopping threads took: 0,0000054 seconds
2017-05-19T01:02:11.836+0200: 8238,920: Total time for which application threads were stopped: 0,0000224 seconds, Stopping threads took: 0,0000052 seconds
2017-05-19T01:02:11.836+0200: 8238,920: Total time for which application threads were stopped: 0,0000221 seconds, Stopping threads took: 0,0000052 seconds
2017-05-19T01:02:11.836+0200: 8238,920: Total time for which application threads were stopped: 0,0000222 seconds, Stopping threads took: 0,0000052 seconds
2017-05-19T01:02:11.837+0200: 8238,921: Total time for which application threads were stopped: 0,0000485 seconds, Stopping threads took: 0,0000124 seconds
2017-05-19T01:02:11.837+0200: 8238,921: Total time for which application threads were stopped: 0,0000494 seconds, Stopping threads took: 0,0000063 seconds
Heap
 par new generation   total 109248K, used 33931K [0x00000000e0000000, 0x00000000e8000000, 0x00000000e8000000)
  eden space 87424K,  21% used [0x00000000e0000000, 0x00000000e12a1fe0, 0x00000000e5560000)
  from space 21824K,  68% used [0x00000000e5560000, 0x00000000e63e0cc8, 0x00000000e6ab0000)
  to   space 21824K,   0% used [0x00000000e6ab0000, 0x00000000e6ab0000, 0x00000000e8000000)
 concurrent mark-sweep generation total 393216K, used 6874K [0x00000000e8000000, 0x0000000100000000, 0x0000000100000000)
 Metaspace       used 28162K, capacity 28718K, committed 29052K, reserved 1075200K
  class space    used 3224K, capacity 3420K, committed 3452K, reserved 1048576K
