OpenJDK 64-Bit Server VM (25.111-b14) for linux-amd64 JRE (1.8.0_111-8u111-b14-2ubuntu0.16.04.2-b14), built on Oct 27 2016 18:10:19 by "buildd" with gcc 5.4.0 20160609
Memory: 4k page, physical 7867876k(7466672k free), swap 8076284k(8076284k free)
CommandLine flags: -XX:CMSInitiatingOccupancyFraction=50 -XX:CMSMaxAbortablePrecleanTime=6000 -XX:+CMSParallelRemarkEnabled -XX:+CMSScavengeBeforeRemark -XX:ConcGCThreads=4 -XX:InitialHeapSize=536870912 -XX:MaxHeapSize=536870912 -XX:MaxTenuringThreshold=8 -XX:NewRatio=3 -XX:OldPLABSize=16 -XX:OnOutOfMemoryError=/opt/solr/bin/oom_solr.sh 8983 /var/solr/logs -XX:ParallelGCThreads=4 -XX:+ParallelRefProcEnabled -XX:PretenureSizeThreshold=67108864 -XX:+PrintGC -XX:+PrintGCApplicationStoppedTime -XX:+PrintGCDateStamps -XX:+PrintGCDetails -XX:+PrintGCTimeStamps -XX:+PrintHeapAtGC -XX:+PrintTenuringDistribution -XX:SurvivorRatio=4 -XX:TargetSurvivorRatio=90 -XX:ThreadStackSize=256 -XX:+UseCMSInitiatingOccupancyOnly -XX:+UseCompressedClassPointers -XX:+UseCompressedOops -XX:+UseConcMarkSweepGC -XX:+UseParNewGC 
2016-11-12T14:13:37.850+0100: 0,110: Total time for which application threads were stopped: 0,0000703 seconds, Stopping threads took: 0,0000137 seconds
2016-11-12T14:13:37.916+0100: 0,176: Total time for which application threads were stopped: 0,0001105 seconds, Stopping threads took: 0,0000235 seconds
2016-11-12T14:13:37.927+0100: 0,187: Total time for which application threads were stopped: 0,0000738 seconds, Stopping threads took: 0,0000116 seconds
2016-11-12T14:13:38.062+0100: 0,321: Total time for which application threads were stopped: 0,0001204 seconds, Stopping threads took: 0,0000159 seconds
2016-11-12T14:13:38.220+0100: 0,479: Total time for which application threads were stopped: 0,0001175 seconds, Stopping threads took: 0,0000137 seconds
2016-11-12T14:13:38.264+0100: 0,524: Total time for which application threads were stopped: 0,0001471 seconds, Stopping threads took: 0,0000196 seconds
2016-11-12T14:13:38.275+0100: 0,534: Total time for which application threads were stopped: 0,0001439 seconds, Stopping threads took: 0,0000184 seconds
2016-11-12T14:13:38.443+0100: 0,703: Total time for which application threads were stopped: 0,0002957 seconds, Stopping threads took: 0,0000217 seconds
2016-11-12T14:13:38.621+0100: 0,881: Total time for which application threads were stopped: 0,0002078 seconds, Stopping threads took: 0,0000154 seconds
2016-11-12T14:13:38.647+0100: 0,907: Total time for which application threads were stopped: 0,0001830 seconds, Stopping threads took: 0,0000205 seconds
2016-11-12T14:13:38.648+0100: 0,908: Total time for which application threads were stopped: 0,0001854 seconds, Stopping threads took: 0,0000240 seconds
2016-11-12T14:13:38.661+0100: 0,920: Total time for which application threads were stopped: 0,0002233 seconds, Stopping threads took: 0,0000177 seconds
2016-11-12T14:13:38.744+0100: 1,004: Total time for which application threads were stopped: 0,0001882 seconds, Stopping threads took: 0,0000160 seconds
2016-11-12T14:13:38.884+0100: 1,144: Total time for which application threads were stopped: 0,0002074 seconds, Stopping threads took: 0,0000173 seconds
{Heap before GC invocations=0 (full 0):
 par new generation   total 109248K, used 87424K [0x00000000e0000000, 0x00000000e8000000, 0x00000000e8000000)
  eden space 87424K, 100% used [0x00000000e0000000, 0x00000000e5560000, 0x00000000e5560000)
  from space 21824K,   0% used [0x00000000e5560000, 0x00000000e5560000, 0x00000000e6ab0000)
  to   space 21824K,   0% used [0x00000000e6ab0000, 0x00000000e6ab0000, 0x00000000e8000000)
 concurrent mark-sweep generation total 393216K, used 0K [0x00000000e8000000, 0x0000000100000000, 0x0000000100000000)
 Metaspace       used 17799K, capacity 18078K, committed 18304K, reserved 1064960K
  class space    used 2029K, capacity 2130K, committed 2176K, reserved 1048576K
2016-11-12T14:13:38.955+0100: 1,214: [GC (Allocation Failure) 2016-11-12T14:13:38.955+0100: 1,214: [ParNew
Desired survivor size 20112992 bytes, new threshold 8 (max 8)
- age   1:   11661632 bytes,   11661632 total
: 87424K->11501K(109248K), 0,0154412 secs] 87424K->11501K(502464K), 0,0155303 secs] [Times: user=0,06 sys=0,00, real=0,01 secs] 
Heap after GC invocations=1 (full 0):
 par new generation   total 109248K, used 11501K [0x00000000e0000000, 0x00000000e8000000, 0x00000000e8000000)
  eden space 87424K,   0% used [0x00000000e0000000, 0x00000000e0000000, 0x00000000e5560000)
  from space 21824K,  52% used [0x00000000e6ab0000, 0x00000000e75eb6c8, 0x00000000e8000000)
  to   space 21824K,   0% used [0x00000000e5560000, 0x00000000e5560000, 0x00000000e6ab0000)
 concurrent mark-sweep generation total 393216K, used 0K [0x00000000e8000000, 0x0000000100000000, 0x0000000100000000)
 Metaspace       used 17799K, capacity 18078K, committed 18304K, reserved 1064960K
  class space    used 2029K, capacity 2130K, committed 2176K, reserved 1048576K
}
2016-11-12T14:13:38.970+0100: 1,230: Total time for which application threads were stopped: 0,0157279 seconds, Stopping threads took: 0,0000326 seconds
2016-11-12T14:13:39.214+0100: 1,474: Total time for which application threads were stopped: 0,0003171 seconds, Stopping threads took: 0,0000314 seconds
2016-11-12T14:13:39.243+0100: 1,503: Total time for which application threads were stopped: 0,0003406 seconds, Stopping threads took: 0,0000429 seconds
2016-11-12T14:13:39.268+0100: 1,528: Total time for which application threads were stopped: 0,0002916 seconds, Stopping threads took: 0,0000234 seconds
{Heap before GC invocations=1 (full 0):
 par new generation   total 109248K, used 98925K [0x00000000e0000000, 0x00000000e8000000, 0x00000000e8000000)
  eden space 87424K, 100% used [0x00000000e0000000, 0x00000000e5560000, 0x00000000e5560000)
  from space 21824K,  52% used [0x00000000e6ab0000, 0x00000000e75eb6c8, 0x00000000e8000000)
  to   space 21824K,   0% used [0x00000000e5560000, 0x00000000e5560000, 0x00000000e6ab0000)
 concurrent mark-sweep generation total 393216K, used 0K [0x00000000e8000000, 0x0000000100000000, 0x0000000100000000)
 Metaspace       used 20680K, capacity 21010K, committed 21248K, reserved 1069056K
  class space    used 2402K, capacity 2516K, committed 2560K, reserved 1048576K
2016-11-12T14:13:39.452+0100: 1,712: [GC (Allocation Failure) 2016-11-12T14:13:39.452+0100: 1,712: [ParNew
Desired survivor size 20112992 bytes, new threshold 8 (max 8)
- age   1:    4012344 bytes,    4012344 total
- age   2:    5953016 bytes,    9965360 total
: 98925K->14365K(109248K), 0,0128985 secs] 98925K->14365K(502464K), 0,0129708 secs] [Times: user=0,03 sys=0,00, real=0,01 secs] 
Heap after GC invocations=2 (full 0):
 par new generation   total 109248K, used 14365K [0x00000000e0000000, 0x00000000e8000000, 0x00000000e8000000)
  eden space 87424K,   0% used [0x00000000e0000000, 0x00000000e0000000, 0x00000000e5560000)
  from space 21824K,  65% used [0x00000000e5560000, 0x00000000e6367540, 0x00000000e6ab0000)
  to   space 21824K,   0% used [0x00000000e6ab0000, 0x00000000e6ab0000, 0x00000000e8000000)
 concurrent mark-sweep generation total 393216K, used 0K [0x00000000e8000000, 0x0000000100000000, 0x0000000100000000)
 Metaspace       used 20680K, capacity 21010K, committed 21248K, reserved 1069056K
  class space    used 2402K, capacity 2516K, committed 2560K, reserved 1048576K
}
2016-11-12T14:13:39.465+0100: 1,725: Total time for which application threads were stopped: 0,0132325 seconds, Stopping threads took: 0,0000568 seconds
2016-11-12T14:13:39.587+0100: 1,846: Total time for which application threads were stopped: 0,0000881 seconds, Stopping threads took: 0,0000192 seconds
2016-11-12T14:13:39.639+0100: 1,899: Total time for which application threads were stopped: 0,0000847 seconds, Stopping threads took: 0,0000145 seconds
2016-11-12T14:13:39.640+0100: 1,899: Total time for which application threads were stopped: 0,0002286 seconds, Stopping threads took: 0,0000097 seconds
2016-11-12T14:13:39.677+0100: 1,936: Total time for which application threads were stopped: 0,0000838 seconds, Stopping threads took: 0,0000239 seconds
2016-11-12T14:13:39.789+0100: 2,048: Total time for which application threads were stopped: 0,0001259 seconds, Stopping threads took: 0,0000214 seconds
2016-11-12T14:13:39.852+0100: 2,112: Total time for which application threads were stopped: 0,0001243 seconds, Stopping threads took: 0,0000344 seconds
2016-11-12T14:13:39.901+0100: 2,161: Total time for which application threads were stopped: 0,0003615 seconds, Stopping threads took: 0,0000166 seconds
2016-11-12T14:13:39.930+0100: 2,191: Total time for which application threads were stopped: 0,0012738 seconds, Stopping threads took: 0,0000275 seconds
2016-11-12T14:13:39.985+0100: 2,244: Total time for which application threads were stopped: 0,0000765 seconds, Stopping threads took: 0,0000157 seconds
2016-11-12T14:13:40.039+0100: 2,299: Total time for which application threads were stopped: 0,0001065 seconds, Stopping threads took: 0,0000291 seconds
2016-11-12T14:13:40.074+0100: 2,333: Total time for which application threads were stopped: 0,0001050 seconds, Stopping threads took: 0,0000275 seconds
2016-11-12T14:13:40.112+0100: 2,371: Total time for which application threads were stopped: 0,0001192 seconds, Stopping threads took: 0,0000323 seconds
2016-11-12T14:13:40.168+0100: 2,427: Total time for which application threads were stopped: 0,0001012 seconds, Stopping threads took: 0,0000159 seconds
2016-11-12T14:13:40.227+0100: 2,486: Total time for which application threads were stopped: 0,0001484 seconds, Stopping threads took: 0,0000393 seconds
2016-11-12T14:13:40.280+0100: 2,540: Total time for which application threads were stopped: 0,0001913 seconds, Stopping threads took: 0,0000366 seconds
{Heap before GC invocations=2 (full 0):
 par new generation   total 109248K, used 101789K [0x00000000e0000000, 0x00000000e8000000, 0x00000000e8000000)
  eden space 87424K, 100% used [0x00000000e0000000, 0x00000000e5560000, 0x00000000e5560000)
  from space 21824K,  65% used [0x00000000e5560000, 0x00000000e6367540, 0x00000000e6ab0000)
  to   space 21824K,   0% used [0x00000000e6ab0000, 0x00000000e6ab0000, 0x00000000e8000000)
 concurrent mark-sweep generation total 393216K, used 0K [0x00000000e8000000, 0x0000000100000000, 0x0000000100000000)
 Metaspace       used 24595K, capacity 25029K, committed 25280K, reserved 1071104K
  class space    used 2877K, capacity 3025K, committed 3144K, reserved 1048576K
2016-11-12T14:13:40.311+0100: 2,570: [GC (Allocation Failure) 2016-11-12T14:13:40.311+0100: 2,570: [ParNew
Desired survivor size 20112992 bytes, new threshold 8 (max 8)
- age   1:    4624808 bytes,    4624808 total
- age   2:     678888 bytes,    5303696 total
- age   3:    5944600 bytes,   11248296 total
: 101789K->13612K(109248K), 0,0134941 secs] 101789K->13612K(502464K), 0,0135824 secs] [Times: user=0,05 sys=0,00, real=0,01 secs] 
Heap after GC invocations=3 (full 0):
 par new generation   total 109248K, used 13612K [0x00000000e0000000, 0x00000000e8000000, 0x00000000e8000000)
  eden space 87424K,   0% used [0x00000000e0000000, 0x00000000e0000000, 0x00000000e5560000)
  from space 21824K,  62% used [0x00000000e6ab0000, 0x00000000e77fb110, 0x00000000e8000000)
  to   space 21824K,   0% used [0x00000000e5560000, 0x00000000e5560000, 0x00000000e6ab0000)
 concurrent mark-sweep generation total 393216K, used 0K [0x00000000e8000000, 0x0000000100000000, 0x0000000100000000)
 Metaspace       used 24595K, capacity 25029K, committed 25280K, reserved 1071104K
  class space    used 2877K, capacity 3025K, committed 3144K, reserved 1048576K
}
2016-11-12T14:13:40.324+0100: 2,584: Total time for which application threads were stopped: 0,0158445 seconds, Stopping threads took: 0,0020831 seconds
2016-11-12T14:13:40.329+0100: 2,589: [GC (CMS Initial Mark) [1 CMS-initial-mark: 0K(393216K)] 14994K(502464K), 0,0037730 secs] [Times: user=0,01 sys=0,00, real=0,01 secs] 
2016-11-12T14:13:40.333+0100: 2,593: Total time for which application threads were stopped: 0,0039350 seconds, Stopping threads took: 0,0000661 seconds
2016-11-12T14:13:40.333+0100: 2,593: [CMS-concurrent-mark-start]
2016-11-12T14:13:40.333+0100: 2,593: [CMS-concurrent-mark: 0,001/0,001 secs] [Times: user=0,00 sys=0,00, real=0,00 secs] 
2016-11-12T14:13:40.334+0100: 2,593: [CMS-concurrent-preclean-start]
2016-11-12T14:13:40.335+0100: 2,594: [CMS-concurrent-preclean: 0,001/0,001 secs] [Times: user=0,01 sys=0,00, real=0,00 secs] 
2016-11-12T14:13:40.335+0100: 2,595: [GC (CMS Final Remark) [YG occupancy: 15431 K (109248 K)]{Heap before GC invocations=3 (full 1):
 par new generation   total 109248K, used 15431K [0x00000000e0000000, 0x00000000e8000000, 0x00000000e8000000)
  eden space 87424K,   2% used [0x00000000e0000000, 0x00000000e01c6dd8, 0x00000000e5560000)
  from space 21824K,  62% used [0x00000000e6ab0000, 0x00000000e77fb110, 0x00000000e8000000)
  to   space 21824K,   0% used [0x00000000e5560000, 0x00000000e5560000, 0x00000000e6ab0000)
 concurrent mark-sweep generation total 393216K, used 0K [0x00000000e8000000, 0x0000000100000000, 0x0000000100000000)
 Metaspace       used 24604K, capacity 25029K, committed 25280K, reserved 1071104K
  class space    used 2878K, capacity 3025K, committed 3144K, reserved 1048576K
2016-11-12T14:13:40.335+0100: 2,595: [GC (CMS Final Remark) 2016-11-12T14:13:40.335+0100: 2,595: [ParNew
Desired survivor size 20112992 bytes, new threshold 8 (max 8)
- age   1:      44968 bytes,      44968 total
- age   2:    1237680 bytes,    1282648 total
- age   3:     669144 bytes,    1951792 total
- age   4:    5944584 bytes,    7896376 total
: 15431K->11999K(109248K), 0,0083177 secs] 15431K->11999K(502464K), 0,0083649 secs] [Times: user=0,02 sys=0,00, real=0,01 secs] 
Heap after GC invocations=4 (full 1):
 par new generation   total 109248K, used 11999K [0x00000000e0000000, 0x00000000e8000000, 0x00000000e8000000)
  eden space 87424K,   0% used [0x00000000e0000000, 0x00000000e0000000, 0x00000000e5560000)
  from space 21824K,  54% used [0x00000000e5560000, 0x00000000e6117e70, 0x00000000e6ab0000)
  to   space 21824K,   0% used [0x00000000e6ab0000, 0x00000000e6ab0000, 0x00000000e8000000)
 concurrent mark-sweep generation total 393216K, used 0K [0x00000000e8000000, 0x0000000100000000, 0x0000000100000000)
 Metaspace       used 24604K, capacity 25029K, committed 25280K, reserved 1071104K
  class space    used 2878K, capacity 3025K, committed 3144K, reserved 1048576K
}
2016-11-12T14:13:40.343+0100: 2,603: [Rescan (parallel) , 0,0245336 secs]2016-11-12T14:13:40.368+0100: 2,628: [weak refs processing, 0,0080404 secs]2016-11-12T14:13:40.376+0100: 2,636: [class unloading, 0,0049751 secs]2016-11-12T14:13:40.381+0100: 2,641: [scrub symbol table, 0,0099455 secs]2016-11-12T14:13:40.391+0100: 2,651: [scrub string table, 0,0006420 secs][1 CMS-remark: 0K(393216K)] 11999K(502464K), 0,0627485 secs] [Times: user=0,10 sys=0,00, real=0,06 secs] 
2016-11-12T14:13:40.398+0100: 2,657: Total time for which application threads were stopped: 0,0628964 seconds, Stopping threads took: 0,0000482 seconds
2016-11-12T14:13:40.407+0100: 2,666: [CMS-concurrent-sweep-start]
2016-11-12T14:13:40.407+0100: 2,666: [CMS-concurrent-sweep: 0,000/0,000 secs] [Times: user=0,00 sys=0,00, real=0,00 secs] 
2016-11-12T14:13:40.407+0100: 2,666: [CMS-concurrent-reset-start]
2016-11-12T14:13:40.409+0100: 2,668: [CMS-concurrent-reset: 0,002/0,002 secs] [Times: user=0,00 sys=0,00, real=0,00 secs] 
2016-11-12T14:13:40.547+0100: 2,806: Total time for which application threads were stopped: 0,0004212 seconds, Stopping threads took: 0,0000252 seconds
2016-11-12T14:13:40.564+0100: 2,823: Total time for which application threads were stopped: 0,0003414 seconds, Stopping threads took: 0,0000279 seconds
2016-11-12T14:13:41.564+0100: 3,824: Total time for which application threads were stopped: 0,0000954 seconds, Stopping threads took: 0,0000206 seconds
2016-11-12T14:13:41.790+0100: 4,050: Total time for which application threads were stopped: 0,0003099 seconds, Stopping threads took: 0,0000184 seconds
2016-11-12T14:14:08.793+0100: 31,053: Total time for which application threads were stopped: 0,0000676 seconds, Stopping threads took: 0,0000192 seconds
2016-11-12T14:16:18.812+0100: 161,072: Total time for which application threads were stopped: 0,0000828 seconds, Stopping threads took: 0,0000349 seconds
2016-11-12T14:16:23.813+0100: 166,072: Total time for which application threads were stopped: 0,0000608 seconds, Stopping threads took: 0,0000167 seconds
2016-11-12T14:16:38.814+0100: 181,074: Total time for which application threads were stopped: 0,0000647 seconds, Stopping threads took: 0,0000152 seconds
2016-11-12T14:17:13.818+0100: 216,078: Total time for which application threads were stopped: 0,0002206 seconds, Stopping threads took: 0,0001019 seconds
2016-11-12T14:18:13.824+0100: 276,084: Total time for which application threads were stopped: 0,0001429 seconds, Stopping threads took: 0,0000490 seconds
2016-11-12T14:18:18.825+0100: 281,085: Total time for which application threads were stopped: 0,0003195 seconds, Stopping threads took: 0,0000975 seconds
2016-11-12T14:18:23.826+0100: 286,086: Total time for which application threads were stopped: 0,0002996 seconds, Stopping threads took: 0,0000904 seconds
2016-11-12T14:21:38.845+0100: 481,104: Total time for which application threads were stopped: 0,0000724 seconds, Stopping threads took: 0,0000282 seconds
2016-11-12T14:22:18.849+0100: 521,109: Total time for which application threads were stopped: 0,0000942 seconds, Stopping threads took: 0,0000302 seconds
2016-11-12T14:34:08.927+0100: 1231,187: Total time for which application threads were stopped: 0,0001171 seconds, Stopping threads took: 0,0000435 seconds
2016-11-12T14:37:18.946+0100: 1421,206: Total time for which application threads were stopped: 0,0000959 seconds, Stopping threads took: 0,0000334 seconds
2016-11-12T14:42:18.980+0100: 1721,239: Total time for which application threads were stopped: 0,0000835 seconds, Stopping threads took: 0,0000339 seconds
2016-11-12T14:52:14.043+0100: 2316,303: Total time for which application threads were stopped: 0,0004005 seconds, Stopping threads took: 0,0001566 seconds
2016-11-12T14:52:19.044+0100: 2321,304: Total time for which application threads were stopped: 0,0000813 seconds, Stopping threads took: 0,0000187 seconds
2016-11-12T15:06:54.140+0100: 3196,400: Total time for which application threads were stopped: 0,0000807 seconds, Stopping threads took: 0,0000319 seconds
2016-11-12T15:17:49.216+0100: 3851,476: Total time for which application threads were stopped: 0,0000816 seconds, Stopping threads took: 0,0000334 seconds
2016-11-12T15:17:54.217+0100: 3856,477: Total time for which application threads were stopped: 0,0001019 seconds, Stopping threads took: 0,0000246 seconds
2016-11-12T15:20:39.234+0100: 4021,494: Total time for which application threads were stopped: 0,0000920 seconds, Stopping threads took: 0,0000363 seconds
2016-11-12T15:58:24.474+0100: 6286,733: Total time for which application threads were stopped: 0,0000723 seconds, Stopping threads took: 0,0000297 seconds
2016-11-12T15:58:29.474+0100: 6291,734: Total time for which application threads were stopped: 0,0000706 seconds, Stopping threads took: 0,0000286 seconds
2016-11-12T15:59:29.481+0100: 6351,740: Total time for which application threads were stopped: 0,0000855 seconds, Stopping threads took: 0,0000372 seconds
2016-11-12T16:18:38.596+0100: 7500,855: Total time for which application threads were stopped: 0,0001090 seconds, Stopping threads took: 0,0000388 seconds
2016-11-12T16:19:08.599+0100: 7530,858: Total time for which application threads were stopped: 0,0001176 seconds, Stopping threads took: 0,0000445 seconds
2016-11-12T16:21:38.613+0100: 7680,873: Total time for which application threads were stopped: 0,0000773 seconds, Stopping threads took: 0,0000294 seconds
2016-11-12T16:22:08.616+0100: 7710,876: Total time for which application threads were stopped: 0,0000865 seconds, Stopping threads took: 0,0000362 seconds
2016-11-12T16:24:08.627+0100: 7830,886: Total time for which application threads were stopped: 0,0003626 seconds, Stopping threads took: 0,0001384 seconds
2016-11-12T18:24:34.198+0100: 15056,457: Total time for which application threads were stopped: 0,0000936 seconds, Stopping threads took: 0,0000161 seconds
2016-11-12T18:29:39.245+0100: 15361,505: Total time for which application threads were stopped: 0,0000829 seconds, Stopping threads took: 0,0000311 seconds
2016-11-12T18:33:09.278+0100: 15571,538: Total time for which application threads were stopped: 0,0000737 seconds, Stopping threads took: 0,0000290 seconds
2016-11-13T01:55:09.206+0100: 42091,466: Total time for which application threads were stopped: 0,0000850 seconds, Stopping threads took: 0,0000292 seconds
2016-11-13T02:34:45.450+0100: 44467,710: Total time for which application threads were stopped: 0,0001765 seconds, Stopping threads took: 0,0000679 seconds
2016-11-13T03:02:38.591+0100: 46140,850: Total time for which application threads were stopped: 0,0001758 seconds, Stopping threads took: 0,0000269 seconds
Heap
 par new generation   total 109248K, used 57538K [0x00000000e0000000, 0x00000000e8000000, 0x00000000e8000000)
  eden space 87424K,  52% used [0x00000000e0000000, 0x00000000e2c78b00, 0x00000000e5560000)
  from space 21824K,  54% used [0x00000000e5560000, 0x00000000e6117e70, 0x00000000e6ab0000)
  to   space 21824K,   0% used [0x00000000e6ab0000, 0x00000000e6ab0000, 0x00000000e8000000)
 concurrent mark-sweep generation total 393216K, used 0K [0x00000000e8000000, 0x0000000100000000, 0x0000000100000000)
 Metaspace       used 27287K, capacity 27729K, committed 27976K, reserved 1073152K
  class space    used 3167K, capacity 3321K, committed 3400K, reserved 1048576K
