OpenJDK 64-Bit Server VM (25.131-b11) for linux-amd64 JRE (1.8.0_131-8u131-b11-0ubuntu1.16.04.2-b11), built on May  6 2017 02:45:27 by "buildd" with gcc 5.4.0 20160609
Memory: 4k page, physical 7867740k(7473772k free), swap 8076284k(8076284k free)
CommandLine flags: -XX:CMSInitiatingOccupancyFraction=50 -XX:CMSMaxAbortablePrecleanTime=6000 -XX:+CMSParallelRemarkEnabled -XX:+CMSScavengeBeforeRemark -XX:ConcGCThreads=4 -XX:InitialHeapSize=536870912 -XX:MaxHeapSize=536870912 -XX:MaxTenuringThreshold=8 -XX:NewRatio=3 -XX:OldPLABSize=16 -XX:OnOutOfMemoryError=/opt/solr/bin/oom_solr.sh 8983 /var/solr/logs -XX:ParallelGCThreads=4 -XX:+ParallelRefProcEnabled -XX:PretenureSizeThreshold=67108864 -XX:+PrintGC -XX:+PrintGCApplicationStoppedTime -XX:+PrintGCDateStamps -XX:+PrintGCDetails -XX:+PrintGCTimeStamps -XX:+PrintHeapAtGC -XX:+PrintTenuringDistribution -XX:SurvivorRatio=4 -XX:TargetSurvivorRatio=90 -XX:ThreadStackSize=256 -XX:+UseCMSInitiatingOccupancyOnly -XX:+UseCompressedClassPointers -XX:+UseCompressedOops -XX:+UseConcMarkSweepGC -XX:+UseParNewGC 
2017-07-02T23:48:51.784+0200: 0,169: Total time for which application threads were stopped: 0,0000871 seconds, Stopping threads took: 0,0000111 seconds
2017-07-02T23:48:51.886+0200: 0,271: Total time for which application threads were stopped: 0,0001023 seconds, Stopping threads took: 0,0000102 seconds
2017-07-02T23:48:52.020+0200: 0,405: Total time for which application threads were stopped: 0,0000833 seconds, Stopping threads took: 0,0000102 seconds
2017-07-02T23:48:52.545+0200: 0,930: Total time for which application threads were stopped: 0,0001534 seconds, Stopping threads took: 0,0000267 seconds
2017-07-02T23:48:52.957+0200: 1,342: Total time for which application threads were stopped: 0,0001489 seconds, Stopping threads took: 0,0000128 seconds
2017-07-02T23:48:53.032+0200: 1,417: Total time for which application threads were stopped: 0,0001338 seconds, Stopping threads took: 0,0000130 seconds
2017-07-02T23:48:53.085+0200: 1,470: Total time for which application threads were stopped: 0,0003866 seconds, Stopping threads took: 0,0000345 seconds
2017-07-02T23:48:53.554+0200: 1,939: Total time for which application threads were stopped: 0,0003172 seconds, Stopping threads took: 0,0000486 seconds
2017-07-02T23:48:53.828+0200: 2,213: Total time for which application threads were stopped: 0,0003017 seconds, Stopping threads took: 0,0000300 seconds
2017-07-02T23:48:53.856+0200: 2,241: Total time for which application threads were stopped: 0,0001833 seconds, Stopping threads took: 0,0000176 seconds
2017-07-02T23:48:53.886+0200: 2,270: Total time for which application threads were stopped: 0,0002289 seconds, Stopping threads took: 0,0000193 seconds
2017-07-02T23:48:53.886+0200: 2,271: Total time for which application threads were stopped: 0,0001681 seconds, Stopping threads took: 0,0000196 seconds
2017-07-02T23:48:53.900+0200: 2,285: Total time for which application threads were stopped: 0,0001828 seconds, Stopping threads took: 0,0000234 seconds
2017-07-02T23:48:53.973+0200: 2,358: Total time for which application threads were stopped: 0,0002671 seconds, Stopping threads took: 0,0000214 seconds
2017-07-02T23:48:54.136+0200: 2,521: Total time for which application threads were stopped: 0,0002953 seconds, Stopping threads took: 0,0000338 seconds
{Heap before GC invocations=0 (full 0):
 par new generation   total 109248K, used 87424K [0x00000000e0000000, 0x00000000e8000000, 0x00000000e8000000)
  eden space 87424K, 100% used [0x00000000e0000000, 0x00000000e5560000, 0x00000000e5560000)
  from space 21824K,   0% used [0x00000000e5560000, 0x00000000e5560000, 0x00000000e6ab0000)
  to   space 21824K,   0% used [0x00000000e6ab0000, 0x00000000e6ab0000, 0x00000000e8000000)
 concurrent mark-sweep generation total 393216K, used 0K [0x00000000e8000000, 0x0000000100000000, 0x0000000100000000)
 Metaspace       used 17911K, capacity 18240K, committed 18304K, reserved 1064960K
  class space    used 2023K, capacity 2164K, committed 2176K, reserved 1048576K
2017-07-02T23:48:54.201+0200: 2,586: [GC (Allocation Failure) 2017-07-02T23:48:54.201+0200: 2,586: [ParNew
Desired survivor size 20112992 bytes, new threshold 8 (max 8)
- age   1:   11934696 bytes,   11934696 total
: 87424K->11764K(109248K), 0,0186603 secs] 87424K->11764K(502464K), 0,0187497 secs] [Times: user=0,05 sys=0,02, real=0,01 secs] 
Heap after GC invocations=1 (full 0):
 par new generation   total 109248K, used 11764K [0x00000000e0000000, 0x00000000e8000000, 0x00000000e8000000)
  eden space 87424K,   0% used [0x00000000e0000000, 0x00000000e0000000, 0x00000000e5560000)
  from space 21824K,  53% used [0x00000000e6ab0000, 0x00000000e762d158, 0x00000000e8000000)
  to   space 21824K,   0% used [0x00000000e5560000, 0x00000000e5560000, 0x00000000e6ab0000)
 concurrent mark-sweep generation total 393216K, used 0K [0x00000000e8000000, 0x0000000100000000, 0x0000000100000000)
 Metaspace       used 17911K, capacity 18240K, committed 18304K, reserved 1064960K
  class space    used 2023K, capacity 2164K, committed 2176K, reserved 1048576K
}
2017-07-02T23:48:54.220+0200: 2,605: Total time for which application threads were stopped: 0,0208527 seconds, Stopping threads took: 0,0019513 seconds
2017-07-02T23:48:54.591+0200: 2,975: Total time for which application threads were stopped: 0,0004133 seconds, Stopping threads took: 0,0000967 seconds
{Heap before GC invocations=1 (full 0):
 par new generation   total 109248K, used 99188K [0x00000000e0000000, 0x00000000e8000000, 0x00000000e8000000)
  eden space 87424K, 100% used [0x00000000e0000000, 0x00000000e5560000, 0x00000000e5560000)
  from space 21824K,  53% used [0x00000000e6ab0000, 0x00000000e762d158, 0x00000000e8000000)
  to   space 21824K,   0% used [0x00000000e5560000, 0x00000000e5560000, 0x00000000e6ab0000)
 concurrent mark-sweep generation total 393216K, used 0K [0x00000000e8000000, 0x0000000100000000, 0x0000000100000000)
 Metaspace       used 20054K, capacity 20424K, committed 20736K, reserved 1067008K
  class space    used 2293K, capacity 2466K, committed 2560K, reserved 1048576K
2017-07-02T23:48:54.625+0200: 3,010: [GC (Allocation Failure) 2017-07-02T23:48:54.625+0200: 3,010: [ParNew
Desired survivor size 20112992 bytes, new threshold 8 (max 8)
- age   1:    3948264 bytes,    3948264 total
- age   2:    6478872 bytes,   10427136 total
: 99188K->13430K(109248K), 0,0098183 secs] 99188K->13430K(502464K), 0,0098927 secs] [Times: user=0,03 sys=0,01, real=0,01 secs] 
Heap after GC invocations=2 (full 0):
 par new generation   total 109248K, used 13430K [0x00000000e0000000, 0x00000000e8000000, 0x00000000e8000000)
  eden space 87424K,   0% used [0x00000000e0000000, 0x00000000e0000000, 0x00000000e5560000)
  from space 21824K,  61% used [0x00000000e5560000, 0x00000000e627dad0, 0x00000000e6ab0000)
  to   space 21824K,   0% used [0x00000000e6ab0000, 0x00000000e6ab0000, 0x00000000e8000000)
 concurrent mark-sweep generation total 393216K, used 0K [0x00000000e8000000, 0x0000000100000000, 0x0000000100000000)
 Metaspace       used 20054K, capacity 20424K, committed 20736K, reserved 1067008K
  class space    used 2293K, capacity 2466K, committed 2560K, reserved 1048576K
}
2017-07-02T23:48:54.635+0200: 3,020: Total time for which application threads were stopped: 0,0129565 seconds, Stopping threads took: 0,0029276 seconds
2017-07-02T23:48:54.647+0200: 3,032: Total time for which application threads were stopped: 0,0003592 seconds, Stopping threads took: 0,0000662 seconds
2017-07-02T23:48:54.685+0200: 3,070: Total time for which application threads were stopped: 0,0008226 seconds, Stopping threads took: 0,0005027 seconds
2017-07-02T23:48:54.823+0200: 3,207: Total time for which application threads were stopped: 0,0001887 seconds, Stopping threads took: 0,0000380 seconds
{Heap before GC invocations=2 (full 0):
 par new generation   total 109248K, used 100854K [0x00000000e0000000, 0x00000000e8000000, 0x00000000e8000000)
  eden space 87424K, 100% used [0x00000000e0000000, 0x00000000e5560000, 0x00000000e5560000)
  from space 21824K,  61% used [0x00000000e5560000, 0x00000000e627dad0, 0x00000000e6ab0000)
  to   space 21824K,   0% used [0x00000000e6ab0000, 0x00000000e6ab0000, 0x00000000e8000000)
 concurrent mark-sweep generation total 393216K, used 0K [0x00000000e8000000, 0x0000000100000000, 0x0000000100000000)
 Metaspace       used 20997K, capacity 21346K, committed 21628K, reserved 1069056K
  class space    used 2415K, capacity 2585K, committed 2684K, reserved 1048576K
2017-07-02T23:48:54.862+0200: 3,247: [GC (Allocation Failure) 2017-07-02T23:48:54.862+0200: 3,247: [ParNew
Desired survivor size 20112992 bytes, new threshold 8 (max 8)
- age   1:    2390872 bytes,    2390872 total
- age   2:    1007192 bytes,    3398064 total
- age   3:    6474312 bytes,    9872376 total
: 100854K->12906K(109248K), 0,0178113 secs] 100854K->12906K(502464K), 0,0178989 secs] [Times: user=0,07 sys=0,00, real=0,01 secs] 
Heap after GC invocations=3 (full 0):
 par new generation   total 109248K, used 12906K [0x00000000e0000000, 0x00000000e8000000, 0x00000000e8000000)
  eden space 87424K,   0% used [0x00000000e0000000, 0x00000000e0000000, 0x00000000e5560000)
  from space 21824K,  59% used [0x00000000e6ab0000, 0x00000000e774aa40, 0x00000000e8000000)
  to   space 21824K,   0% used [0x00000000e5560000, 0x00000000e5560000, 0x00000000e6ab0000)
 concurrent mark-sweep generation total 393216K, used 0K [0x00000000e8000000, 0x0000000100000000, 0x0000000100000000)
 Metaspace       used 20997K, capacity 21346K, committed 21628K, reserved 1069056K
  class space    used 2415K, capacity 2585K, committed 2684K, reserved 1048576K
}
2017-07-02T23:48:54.880+0200: 3,265: Total time for which application threads were stopped: 0,0181318 seconds, Stopping threads took: 0,0000881 seconds
2017-07-02T23:48:54.892+0200: 3,277: [GC (CMS Initial Mark) [1 CMS-initial-mark: 0K(393216K)] 28481K(502464K), 0,0065554 secs] [Times: user=0,03 sys=0,00, real=0,00 secs] 
2017-07-02T23:48:54.899+0200: 3,284: Total time for which application threads were stopped: 0,0095689 seconds, Stopping threads took: 0,0029030 seconds
2017-07-02T23:48:54.899+0200: 3,284: [CMS-concurrent-mark-start]
2017-07-02T23:48:54.899+0200: 3,284: [CMS-concurrent-mark: 0,000/0,000 secs] [Times: user=0,00 sys=0,00, real=0,00 secs] 
2017-07-02T23:48:54.899+0200: 3,284: [CMS-concurrent-preclean-start]
2017-07-02T23:48:54.900+0200: 3,285: [CMS-concurrent-preclean: 0,001/0,001 secs] [Times: user=0,00 sys=0,00, real=0,00 secs] 
2017-07-02T23:48:54.900+0200: 3,285: [CMS-concurrent-abortable-preclean-start]
2017-07-02T23:48:54.929+0200: 3,314: Total time for which application threads were stopped: 0,0001634 seconds, Stopping threads took: 0,0000581 seconds
{Heap before GC invocations=3 (full 1):
 par new generation   total 109248K, used 100330K [0x00000000e0000000, 0x00000000e8000000, 0x00000000e8000000)
  eden space 87424K, 100% used [0x00000000e0000000, 0x00000000e5560000, 0x00000000e5560000)
  from space 21824K,  59% used [0x00000000e6ab0000, 0x00000000e774aa40, 0x00000000e8000000)
  to   space 21824K,   0% used [0x00000000e5560000, 0x00000000e5560000, 0x00000000e6ab0000)
 concurrent mark-sweep generation total 393216K, used 0K [0x00000000e8000000, 0x0000000100000000, 0x0000000100000000)
 Metaspace       used 21274K, capacity 21616K, committed 21884K, reserved 1069056K
  class space    used 2444K, capacity 2599K, committed 2684K, reserved 1048576K
2017-07-02T23:48:54.977+0200: 3,362: [GC (Allocation Failure) 2017-07-02T23:48:54.977+0200: 3,362: [ParNew
Desired survivor size 20112992 bytes, new threshold 8 (max 8)
- age   1:     619168 bytes,     619168 total
- age   2:    1480848 bytes,    2100016 total
- age   3:     974336 bytes,    3074352 total
- age   4:    6474648 bytes,    9549000 total
: 100330K->10098K(109248K), 0,0103082 secs] 100330K->10098K(502464K), 0,0103738 secs] [Times: user=0,04 sys=0,00, real=0,01 secs] 
Heap after GC invocations=4 (full 1):
 par new generation   total 109248K, used 10098K [0x00000000e0000000, 0x00000000e8000000, 0x00000000e8000000)
  eden space 87424K,   0% used [0x00000000e0000000, 0x00000000e0000000, 0x00000000e5560000)
  from space 21824K,  46% used [0x00000000e5560000, 0x00000000e5f3cb00, 0x00000000e6ab0000)
  to   space 21824K,   0% used [0x00000000e6ab0000, 0x00000000e6ab0000, 0x00000000e8000000)
 concurrent mark-sweep generation total 393216K, used 0K [0x00000000e8000000, 0x0000000100000000, 0x0000000100000000)
 Metaspace       used 21274K, capacity 21616K, committed 21884K, reserved 1069056K
  class space    used 2444K, capacity 2599K, committed 2684K, reserved 1048576K
}
2017-07-02T23:48:54.987+0200: 3,372: Total time for which application threads were stopped: 0,0105331 seconds, Stopping threads took: 0,0000307 seconds
{Heap before GC invocations=4 (full 1):
 par new generation   total 109248K, used 97522K [0x00000000e0000000, 0x00000000e8000000, 0x00000000e8000000)
  eden space 87424K, 100% used [0x00000000e0000000, 0x00000000e5560000, 0x00000000e5560000)
  from space 21824K,  46% used [0x00000000e5560000, 0x00000000e5f3cb00, 0x00000000e6ab0000)
  to   space 21824K,   0% used [0x00000000e6ab0000, 0x00000000e6ab0000, 0x00000000e8000000)
 concurrent mark-sweep generation total 393216K, used 0K [0x00000000e8000000, 0x0000000100000000, 0x0000000100000000)
 Metaspace       used 21432K, capacity 21782K, committed 21884K, reserved 1069056K
  class space    used 2463K, capacity 2632K, committed 2684K, reserved 1048576K
2017-07-02T23:48:55.081+0200: 3,466: [GC (Allocation Failure) 2017-07-02T23:48:55.081+0200: 3,466: [ParNew2017-07-02T23:48:55.089+0200: 3,474: [CMS-concurrent-abortable-preclean: 0,078/0,188 secs] [Times: user=0,71 sys=0,00, real=0,19 secs] 

Desired survivor size 20112992 bytes, new threshold 8 (max 8)
- age   1:    1182952 bytes,    1182952 total
- age   2:     176536 bytes,    1359488 total
- age   3:    1480520 bytes,    2840008 total
- age   4:     970320 bytes,    3810328 total
- age   5:    6474344 bytes,   10284672 total
: 97522K->14448K(109248K), 0,0108475 secs] 97522K->14448K(502464K), 0,0109237 secs] [Times: user=0,03 sys=0,00, real=0,01 secs] 
Heap after GC invocations=5 (full 1):
 par new generation   total 109248K, used 14448K [0x00000000e0000000, 0x00000000e8000000, 0x00000000e8000000)
  eden space 87424K,   0% used [0x00000000e0000000, 0x00000000e0000000, 0x00000000e5560000)
  from space 21824K,  66% used [0x00000000e6ab0000, 0x00000000e78cc000, 0x00000000e8000000)
  to   space 21824K,   0% used [0x00000000e5560000, 0x00000000e5560000, 0x00000000e6ab0000)
 concurrent mark-sweep generation total 393216K, used 0K [0x00000000e8000000, 0x0000000100000000, 0x0000000100000000)
 Metaspace       used 21432K, capacity 21782K, committed 21884K, reserved 1069056K
  class space    used 2463K, capacity 2632K, committed 2684K, reserved 1048576K
}
2017-07-02T23:48:55.092+0200: 3,477: Total time for which application threads were stopped: 0,0111317 seconds, Stopping threads took: 0,0000508 seconds
2017-07-02T23:48:55.092+0200: 3,477: [GC (CMS Final Remark) [YG occupancy: 15071 K (109248 K)]{Heap before GC invocations=5 (full 1):
 par new generation   total 109248K, used 15071K [0x00000000e0000000, 0x00000000e8000000, 0x00000000e8000000)
  eden space 87424K,   0% used [0x00000000e0000000, 0x00000000e009bd80, 0x00000000e5560000)
  from space 21824K,  66% used [0x00000000e6ab0000, 0x00000000e78cc000, 0x00000000e8000000)
  to   space 21824K,   0% used [0x00000000e5560000, 0x00000000e5560000, 0x00000000e6ab0000)
 concurrent mark-sweep generation total 393216K, used 0K [0x00000000e8000000, 0x0000000100000000, 0x0000000100000000)
 Metaspace       used 21432K, capacity 21782K, committed 21884K, reserved 1069056K
  class space    used 2463K, capacity 2632K, committed 2684K, reserved 1048576K
2017-07-02T23:48:55.092+0200: 3,477: [GC (CMS Final Remark) 2017-07-02T23:48:55.092+0200: 3,477: [ParNew
Desired survivor size 20112992 bytes, new threshold 8 (max 8)
- age   1:        880 bytes,        880 total
- age   2:    1182896 bytes,    1183776 total
- age   3:     176536 bytes,    1360312 total
- age   4:    1480752 bytes,    2841064 total
- age   5:     970320 bytes,    3811384 total
- age   6:    6474536 bytes,   10285920 total
: 15071K->13118K(109248K), 0,0102819 secs] 15071K->13118K(502464K), 0,0103215 secs] [Times: user=0,03 sys=0,00, real=0,01 secs] 
Heap after GC invocations=6 (full 1):
 par new generation   total 109248K, used 13118K [0x00000000e0000000, 0x00000000e8000000, 0x00000000e8000000)
  eden space 87424K,   0% used [0x00000000e0000000, 0x00000000e0000000, 0x00000000e5560000)
  from space 21824K,  60% used [0x00000000e5560000, 0x00000000e622f8d0, 0x00000000e6ab0000)
  to   space 21824K,   0% used [0x00000000e6ab0000, 0x00000000e6ab0000, 0x00000000e8000000)
 concurrent mark-sweep generation total 393216K, used 0K [0x00000000e8000000, 0x0000000100000000, 0x0000000100000000)
 Metaspace       used 21432K, capacity 21782K, committed 21884K, reserved 1069056K
  class space    used 2463K, capacity 2632K, committed 2684K, reserved 1048576K
}
2017-07-02T23:48:55.103+0200: 3,487: [Rescan (parallel) , 0,0032797 secs]2017-07-02T23:48:55.106+0200: 3,491: [weak refs processing, 0,0005237 secs]2017-07-02T23:48:55.106+0200: 3,491: [class unloading, 0,0029255 secs]2017-07-02T23:48:55.109+0200: 3,494: [scrub symbol table, 0,0031913 secs]2017-07-02T23:48:55.113+0200: 3,497: [scrub string table, 0,0003784 secs][1 CMS-remark: 0K(393216K)] 13118K(502464K), 0,0212960 secs] [Times: user=0,05 sys=0,00, real=0,02 secs] 
2017-07-02T23:48:55.114+0200: 3,498: Total time for which application threads were stopped: 0,0214187 seconds, Stopping threads took: 0,0000359 seconds
2017-07-02T23:48:55.121+0200: 3,506: [CMS-concurrent-sweep-start]
2017-07-02T23:48:55.121+0200: 3,506: [CMS-concurrent-sweep: 0,000/0,000 secs] [Times: user=0,00 sys=0,00, real=0,00 secs] 
2017-07-02T23:48:55.121+0200: 3,506: [CMS-concurrent-reset-start]
2017-07-02T23:48:55.123+0200: 3,508: [CMS-concurrent-reset: 0,002/0,002 secs] [Times: user=0,01 sys=0,00, real=0,00 secs] 
2017-07-02T23:48:55.146+0200: 3,531: Total time for which application threads were stopped: 0,0003462 seconds, Stopping threads took: 0,0000406 seconds
2017-07-02T23:48:55.371+0200: 3,755: Total time for which application threads were stopped: 0,0004432 seconds, Stopping threads took: 0,0000402 seconds
2017-07-02T23:48:55.385+0200: 3,770: Total time for which application threads were stopped: 0,0003925 seconds, Stopping threads took: 0,0000520 seconds
{Heap before GC invocations=6 (full 1):
 par new generation   total 109248K, used 100542K [0x00000000e0000000, 0x00000000e8000000, 0x00000000e8000000)
  eden space 87424K, 100% used [0x00000000e0000000, 0x00000000e5560000, 0x00000000e5560000)
  from space 21824K,  60% used [0x00000000e5560000, 0x00000000e622f8d0, 0x00000000e6ab0000)
  to   space 21824K,   0% used [0x00000000e6ab0000, 0x00000000e6ab0000, 0x00000000e8000000)
 concurrent mark-sweep generation total 393216K, used 0K [0x00000000e8000000, 0x0000000100000000, 0x0000000100000000)
 Metaspace       used 23744K, capacity 24158K, committed 24316K, reserved 1071104K
  class space    used 2784K, capacity 2976K, committed 3068K, reserved 1048576K
2017-07-02T23:48:55.521+0200: 3,906: [GC (Allocation Failure) 2017-07-02T23:48:55.521+0200: 3,906: [ParNew
Desired survivor size 20112992 bytes, new threshold 8 (max 8)
- age   1:    5182808 bytes,    5182808 total
- age   3:     113568 bytes,    5296376 total
- age   4:     174984 bytes,    5471360 total
- age   5:     310880 bytes,    5782240 total
- age   6:     945992 bytes,    6728232 total
- age   7:    6466104 bytes,   13194336 total
: 100542K->15672K(109248K), 0,0123577 secs] 100542K->15672K(502464K), 0,0124290 secs] [Times: user=0,05 sys=0,00, real=0,01 secs] 
Heap after GC invocations=7 (full 1):
 par new generation   total 109248K, used 15672K [0x00000000e0000000, 0x00000000e8000000, 0x00000000e8000000)
  eden space 87424K,   0% used [0x00000000e0000000, 0x00000000e0000000, 0x00000000e5560000)
  from space 21824K,  71% used [0x00000000e6ab0000, 0x00000000e79fe2a0, 0x00000000e8000000)
  to   space 21824K,   0% used [0x00000000e5560000, 0x00000000e5560000, 0x00000000e6ab0000)
 concurrent mark-sweep generation total 393216K, used 0K [0x00000000e8000000, 0x0000000100000000, 0x0000000100000000)
 Metaspace       used 23744K, capacity 24158K, committed 24316K, reserved 1071104K
  class space    used 2784K, capacity 2976K, committed 3068K, reserved 1048576K
}
2017-07-02T23:48:55.534+0200: 3,918: Total time for which application threads were stopped: 0,0141206 seconds, Stopping threads took: 0,0014919 seconds
{Heap before GC invocations=7 (full 1):
 par new generation   total 109248K, used 103096K [0x00000000e0000000, 0x00000000e8000000, 0x00000000e8000000)
  eden space 87424K, 100% used [0x00000000e0000000, 0x00000000e5560000, 0x00000000e5560000)
  from space 21824K,  71% used [0x00000000e6ab0000, 0x00000000e79fe2a0, 0x00000000e8000000)
  to   space 21824K,   0% used [0x00000000e5560000, 0x00000000e5560000, 0x00000000e6ab0000)
 concurrent mark-sweep generation total 393216K, used 0K [0x00000000e8000000, 0x0000000100000000, 0x0000000100000000)
 Metaspace       used 24216K, capacity 24692K, committed 24828K, reserved 1071104K
  class space    used 2841K, capacity 3044K, committed 3068K, reserved 1048576K
2017-07-02T23:48:55.629+0200: 4,014: [GC (Allocation Failure) 2017-07-02T23:48:55.629+0200: 4,014: [ParNew
Desired survivor size 20112992 bytes, new threshold 8 (max 8)
- age   1:    1856072 bytes,    1856072 total
- age   2:    1749304 bytes,    3605376 total
- age   4:      56648 bytes,    3662024 total
- age   5:     104448 bytes,    3766472 total
- age   6:     189280 bytes,    3955752 total
- age   7:     885816 bytes,    4841568 total
- age   8:    5976256 bytes,   10817824 total
: 103096K->16454K(109248K), 0,0146962 secs] 103096K->16454K(502464K), 0,0147763 secs] [Times: user=0,06 sys=0,00, real=0,01 secs] 
Heap after GC invocations=8 (full 1):
 par new generation   total 109248K, used 16454K [0x00000000e0000000, 0x00000000e8000000, 0x00000000e8000000)
  eden space 87424K,   0% used [0x00000000e0000000, 0x00000000e0000000, 0x00000000e5560000)
  from space 21824K,  75% used [0x00000000e5560000, 0x00000000e6571b40, 0x00000000e6ab0000)
  to   space 21824K,   0% used [0x00000000e6ab0000, 0x00000000e6ab0000, 0x00000000e8000000)
 concurrent mark-sweep generation total 393216K, used 0K [0x00000000e8000000, 0x0000000100000000, 0x0000000100000000)
 Metaspace       used 24216K, capacity 24692K, committed 24828K, reserved 1071104K
  class space    used 2841K, capacity 3044K, committed 3068K, reserved 1048576K
}
2017-07-02T23:48:55.644+0200: 4,029: Total time for which application threads were stopped: 0,0218649 seconds, Stopping threads took: 0,0068773 seconds
2017-07-02T23:48:55.670+0200: 4,055: Total time for which application threads were stopped: 0,0037588 seconds, Stopping threads took: 0,0034553 seconds
{Heap before GC invocations=8 (full 1):
 par new generation   total 109248K, used 103878K [0x00000000e0000000, 0x00000000e8000000, 0x00000000e8000000)
  eden space 87424K, 100% used [0x00000000e0000000, 0x00000000e5560000, 0x00000000e5560000)
  from space 21824K,  75% used [0x00000000e5560000, 0x00000000e6571b40, 0x00000000e6ab0000)
  to   space 21824K,   0% used [0x00000000e6ab0000, 0x00000000e6ab0000, 0x00000000e8000000)
 concurrent mark-sweep generation total 393216K, used 0K [0x00000000e8000000, 0x0000000100000000, 0x0000000100000000)
 Metaspace       used 24508K, capacity 24958K, committed 25084K, reserved 1071104K
  class space    used 2862K, capacity 3046K, committed 3068K, reserved 1048576K
2017-07-02T23:48:55.750+0200: 4,135: [GC (Allocation Failure) 2017-07-02T23:48:55.750+0200: 4,135: [ParNew
Desired survivor size 20112992 bytes, new threshold 8 (max 8)
- age   1:     695848 bytes,     695848 total
- age   2:     628264 bytes,    1324112 total
- age   3:    1726856 bytes,    3050968 total
- age   5:      56648 bytes,    3107616 total
- age   6:     104352 bytes,    3211968 total
- age   7:     186512 bytes,    3398480 total
- age   8:     885048 bytes,    4283528 total
: 103878K->8075K(109248K), 0,0409679 secs] 103878K->14550K(502464K), 0,0410464 secs] [Times: user=0,11 sys=0,00, real=0,04 secs] 
Heap after GC invocations=9 (full 1):
 par new generation   total 109248K, used 8075K [0x00000000e0000000, 0x00000000e8000000, 0x00000000e8000000)
  eden space 87424K,   0% used [0x00000000e0000000, 0x00000000e0000000, 0x00000000e5560000)
  from space 21824K,  37% used [0x00000000e6ab0000, 0x00000000e7292d00, 0x00000000e8000000)
  to   space 21824K,   0% used [0x00000000e5560000, 0x00000000e5560000, 0x00000000e6ab0000)
 concurrent mark-sweep generation total 393216K, used 6474K [0x00000000e8000000, 0x0000000100000000, 0x0000000100000000)
 Metaspace       used 24508K, capacity 24958K, committed 25084K, reserved 1071104K
  class space    used 2862K, capacity 3046K, committed 3068K, reserved 1048576K
}
2017-07-02T23:48:55.791+0200: 4,176: Total time for which application threads were stopped: 0,0413010 seconds, Stopping threads took: 0,0000532 seconds
2017-07-02T23:48:55.942+0200: 4,326: Total time for which application threads were stopped: 0,0001704 seconds, Stopping threads took: 0,0000437 seconds
2017-07-02T23:48:55.951+0200: 4,336: Total time for which application threads were stopped: 0,0001167 seconds, Stopping threads took: 0,0000485 seconds
2017-07-02T23:48:55.952+0200: 4,336: Total time for which application threads were stopped: 0,0001069 seconds, Stopping threads took: 0,0000347 seconds
2017-07-02T23:48:55.952+0200: 4,337: Total time for which application threads were stopped: 0,0000666 seconds, Stopping threads took: 0,0000204 seconds
2017-07-02T23:48:55.952+0200: 4,337: Total time for which application threads were stopped: 0,0000768 seconds, Stopping threads took: 0,0000208 seconds
2017-07-02T23:48:55.952+0200: 4,337: Total time for which application threads were stopped: 0,0001026 seconds, Stopping threads took: 0,0000333 seconds
2017-07-02T23:48:55.952+0200: 4,337: Total time for which application threads were stopped: 0,0000792 seconds, Stopping threads took: 0,0000342 seconds
2017-07-02T23:48:55.952+0200: 4,337: Total time for which application threads were stopped: 0,0000589 seconds, Stopping threads took: 0,0000166 seconds
2017-07-02T23:48:55.952+0200: 4,337: Total time for which application threads were stopped: 0,0000558 seconds, Stopping threads took: 0,0000164 seconds
2017-07-02T23:48:55.952+0200: 4,337: Total time for which application threads were stopped: 0,0000560 seconds, Stopping threads took: 0,0000163 seconds
2017-07-02T23:48:55.953+0200: 4,337: Total time for which application threads were stopped: 0,0000517 seconds, Stopping threads took: 0,0000153 seconds
2017-07-02T23:48:55.953+0200: 4,338: Total time for which application threads were stopped: 0,0000654 seconds, Stopping threads took: 0,0000216 seconds
2017-07-02T23:48:55.957+0200: 4,342: Total time for which application threads were stopped: 0,0042259 seconds, Stopping threads took: 0,0041641 seconds
2017-07-02T23:48:55.957+0200: 4,342: Total time for which application threads were stopped: 0,0000863 seconds, Stopping threads took: 0,0000398 seconds
2017-07-02T23:48:55.957+0200: 4,342: Total time for which application threads were stopped: 0,0000590 seconds, Stopping threads took: 0,0000128 seconds
2017-07-02T23:48:55.957+0200: 4,342: Total time for which application threads were stopped: 0,0000646 seconds, Stopping threads took: 0,0000126 seconds
2017-07-02T23:48:55.958+0200: 4,342: Total time for which application threads were stopped: 0,0000538 seconds, Stopping threads took: 0,0000126 seconds
2017-07-02T23:48:55.958+0200: 4,343: Total time for which application threads were stopped: 0,0000592 seconds, Stopping threads took: 0,0000187 seconds
2017-07-02T23:48:55.958+0200: 4,343: Total time for which application threads were stopped: 0,0000667 seconds, Stopping threads took: 0,0000110 seconds
2017-07-02T23:48:55.958+0200: 4,343: Total time for which application threads were stopped: 0,0000673 seconds, Stopping threads took: 0,0000133 seconds
2017-07-02T23:48:55.959+0200: 4,344: Total time for which application threads were stopped: 0,0001191 seconds, Stopping threads took: 0,0000214 seconds
2017-07-02T23:48:55.959+0200: 4,344: Total time for which application threads were stopped: 0,0001140 seconds, Stopping threads took: 0,0000401 seconds
2017-07-02T23:48:55.959+0200: 4,344: Total time for which application threads were stopped: 0,0000629 seconds, Stopping threads took: 0,0000173 seconds
2017-07-02T23:48:55.959+0200: 4,344: Total time for which application threads were stopped: 0,0000801 seconds, Stopping threads took: 0,0000310 seconds
2017-07-02T23:48:55.960+0200: 4,344: Total time for which application threads were stopped: 0,0000697 seconds, Stopping threads took: 0,0000146 seconds
2017-07-02T23:48:55.960+0200: 4,345: Total time for which application threads were stopped: 0,0000978 seconds, Stopping threads took: 0,0000237 seconds
2017-07-02T23:48:55.971+0200: 4,356: Total time for which application threads were stopped: 0,0004478 seconds, Stopping threads took: 0,0003422 seconds
2017-07-02T23:48:55.973+0200: 4,358: Total time for which application threads were stopped: 0,0016339 seconds, Stopping threads took: 0,0015823 seconds
2017-07-02T23:48:55.973+0200: 4,358: Total time for which application threads were stopped: 0,0001054 seconds, Stopping threads took: 0,0000461 seconds
2017-07-02T23:48:55.973+0200: 4,358: Total time for which application threads were stopped: 0,0000718 seconds, Stopping threads took: 0,0000324 seconds
2017-07-02T23:48:55.974+0200: 4,359: Total time for which application threads were stopped: 0,0002516 seconds, Stopping threads took: 0,0002003 seconds
2017-07-02T23:48:55.975+0200: 4,360: Total time for which application threads were stopped: 0,0001497 seconds, Stopping threads took: 0,0000398 seconds
2017-07-02T23:48:55.981+0200: 4,366: Total time for which application threads were stopped: 0,0036970 seconds, Stopping threads took: 0,0036220 seconds
2017-07-02T23:48:55.982+0200: 4,366: Total time for which application threads were stopped: 0,0001118 seconds, Stopping threads took: 0,0000382 seconds
2017-07-02T23:48:55.982+0200: 4,367: Total time for which application threads were stopped: 0,0000729 seconds, Stopping threads took: 0,0000182 seconds
2017-07-02T23:48:55.982+0200: 4,367: Total time for which application threads were stopped: 0,0000831 seconds, Stopping threads took: 0,0000247 seconds
2017-07-02T23:48:55.982+0200: 4,367: Total time for which application threads were stopped: 0,0000732 seconds, Stopping threads took: 0,0000287 seconds
2017-07-02T23:48:55.983+0200: 4,367: Total time for which application threads were stopped: 0,0000968 seconds, Stopping threads took: 0,0000338 seconds
2017-07-02T23:48:55.984+0200: 4,369: Total time for which application threads were stopped: 0,0010248 seconds, Stopping threads took: 0,0009624 seconds
2017-07-02T23:48:55.985+0200: 4,370: Total time for which application threads were stopped: 0,0001257 seconds, Stopping threads took: 0,0000374 seconds
2017-07-02T23:48:55.985+0200: 4,370: Total time for which application threads were stopped: 0,0006406 seconds, Stopping threads took: 0,0005784 seconds
2017-07-02T23:48:55.986+0200: 4,371: Total time for which application threads were stopped: 0,0000795 seconds, Stopping threads took: 0,0000170 seconds
2017-07-02T23:48:55.986+0200: 4,371: Total time for which application threads were stopped: 0,0001541 seconds, Stopping threads took: 0,0000296 seconds
2017-07-02T23:48:55.987+0200: 4,372: Total time for which application threads were stopped: 0,0001164 seconds, Stopping threads took: 0,0000350 seconds
2017-07-02T23:48:55.987+0200: 4,372: Total time for which application threads were stopped: 0,0000897 seconds, Stopping threads took: 0,0000137 seconds
2017-07-02T23:48:55.987+0200: 4,372: Total time for which application threads were stopped: 0,0000810 seconds, Stopping threads took: 0,0000118 seconds
2017-07-02T23:48:55.987+0200: 4,372: Total time for which application threads were stopped: 0,0000815 seconds, Stopping threads took: 0,0000196 seconds
2017-07-02T23:48:55.988+0200: 4,373: Total time for which application threads were stopped: 0,0001522 seconds, Stopping threads took: 0,0000276 seconds
2017-07-02T23:48:55.988+0200: 4,373: Total time for which application threads were stopped: 0,0001192 seconds, Stopping threads took: 0,0000147 seconds
2017-07-02T23:48:55.989+0200: 4,373: Total time for which application threads were stopped: 0,0000889 seconds, Stopping threads took: 0,0000247 seconds
2017-07-02T23:48:55.989+0200: 4,374: Total time for which application threads were stopped: 0,0000731 seconds, Stopping threads took: 0,0000103 seconds
2017-07-02T23:48:55.989+0200: 4,374: Total time for which application threads were stopped: 0,0000651 seconds, Stopping threads took: 0,0000113 seconds
2017-07-02T23:48:55.989+0200: 4,374: Total time for which application threads were stopped: 0,0000691 seconds, Stopping threads took: 0,0000111 seconds
2017-07-02T23:48:55.989+0200: 4,374: Total time for which application threads were stopped: 0,0000982 seconds, Stopping threads took: 0,0000348 seconds
2017-07-02T23:48:55.989+0200: 4,374: Total time for which application threads were stopped: 0,0000638 seconds, Stopping threads took: 0,0000094 seconds
2017-07-02T23:48:55.989+0200: 4,374: Total time for which application threads were stopped: 0,0000620 seconds, Stopping threads took: 0,0000104 seconds
2017-07-02T23:48:55.990+0200: 4,375: Total time for which application threads were stopped: 0,0003138 seconds, Stopping threads took: 0,0002357 seconds
2017-07-02T23:48:55.990+0200: 4,375: Total time for which application threads were stopped: 0,0000800 seconds, Stopping threads took: 0,0000145 seconds
2017-07-02T23:48:55.990+0200: 4,375: Total time for which application threads were stopped: 0,0000667 seconds, Stopping threads took: 0,0000103 seconds
2017-07-02T23:48:55.990+0200: 4,375: Total time for which application threads were stopped: 0,0000604 seconds, Stopping threads took: 0,0000088 seconds
2017-07-02T23:48:55.990+0200: 4,375: Total time for which application threads were stopped: 0,0000654 seconds, Stopping threads took: 0,0000108 seconds
2017-07-02T23:48:55.990+0200: 4,375: Total time for which application threads were stopped: 0,0001550 seconds, Stopping threads took: 0,0000093 seconds
2017-07-02T23:48:55.993+0200: 4,377: Total time for which application threads were stopped: 0,0001446 seconds, Stopping threads took: 0,0000420 seconds
2017-07-02T23:48:55.994+0200: 4,379: Total time for which application threads were stopped: 0,0002435 seconds, Stopping threads took: 0,0000633 seconds
2017-07-02T23:48:55.998+0200: 4,383: Total time for which application threads were stopped: 0,0001354 seconds, Stopping threads took: 0,0000581 seconds
2017-07-02T23:48:56.002+0200: 4,386: Total time for which application threads were stopped: 0,0001559 seconds, Stopping threads took: 0,0000418 seconds
2017-07-02T23:48:56.013+0200: 4,398: Total time for which application threads were stopped: 0,0002029 seconds, Stopping threads took: 0,0001022 seconds
2017-07-02T23:48:56.014+0200: 4,399: Total time for which application threads were stopped: 0,0001172 seconds, Stopping threads took: 0,0000676 seconds
2017-07-02T23:48:56.018+0200: 4,402: Total time for which application threads were stopped: 0,0006094 seconds, Stopping threads took: 0,0005386 seconds
2017-07-02T23:48:56.019+0200: 4,404: Total time for which application threads were stopped: 0,0001174 seconds, Stopping threads took: 0,0000352 seconds
2017-07-02T23:48:56.039+0200: 4,424: Total time for which application threads were stopped: 0,0001274 seconds, Stopping threads took: 0,0000390 seconds
2017-07-02T23:48:56.043+0200: 4,428: Total time for which application threads were stopped: 0,0000987 seconds, Stopping threads took: 0,0000344 seconds
2017-07-02T23:48:56.044+0200: 4,429: Total time for which application threads were stopped: 0,0001144 seconds, Stopping threads took: 0,0000316 seconds
2017-07-02T23:48:56.052+0200: 4,437: Total time for which application threads were stopped: 0,0001020 seconds, Stopping threads took: 0,0000307 seconds
2017-07-02T23:48:56.053+0200: 4,438: Total time for which application threads were stopped: 0,0004160 seconds, Stopping threads took: 0,0000157 seconds
2017-07-02T23:48:56.099+0200: 4,484: Total time for which application threads were stopped: 0,0004936 seconds, Stopping threads took: 0,0000555 seconds
2017-07-02T23:48:56.114+0200: 4,499: Total time for which application threads were stopped: 0,0003983 seconds, Stopping threads took: 0,0000218 seconds
2017-07-02T23:48:56.164+0200: 4,549: Total time for which application threads were stopped: 0,0005074 seconds, Stopping threads took: 0,0004147 seconds
2017-07-02T23:48:56.175+0200: 4,560: Total time for which application threads were stopped: 0,0003542 seconds, Stopping threads took: 0,0000173 seconds
2017-07-02T23:48:56.178+0200: 4,563: Total time for which application threads were stopped: 0,0002945 seconds, Stopping threads took: 0,0002156 seconds
2017-07-02T23:48:56.179+0200: 4,563: Total time for which application threads were stopped: 0,0000954 seconds, Stopping threads took: 0,0000251 seconds
2017-07-02T23:48:56.186+0200: 4,571: Total time for which application threads were stopped: 0,0000758 seconds, Stopping threads took: 0,0000184 seconds
2017-07-02T23:48:56.192+0200: 4,577: Total time for which application threads were stopped: 0,0001134 seconds, Stopping threads took: 0,0000428 seconds
2017-07-02T23:48:56.197+0200: 4,582: Total time for which application threads were stopped: 0,0037528 seconds, Stopping threads took: 0,0036678 seconds
2017-07-02T23:48:56.197+0200: 4,582: Total time for which application threads were stopped: 0,0001100 seconds, Stopping threads took: 0,0000446 seconds
2017-07-02T23:48:56.197+0200: 4,582: Total time for which application threads were stopped: 0,0000849 seconds, Stopping threads took: 0,0000199 seconds
2017-07-02T23:48:56.198+0200: 4,583: Total time for which application threads were stopped: 0,0001317 seconds, Stopping threads took: 0,0000377 seconds
2017-07-02T23:48:56.198+0200: 4,583: Total time for which application threads were stopped: 0,0000897 seconds, Stopping threads took: 0,0000264 seconds
2017-07-02T23:48:56.199+0200: 4,583: Total time for which application threads were stopped: 0,0000680 seconds, Stopping threads took: 0,0000239 seconds
2017-07-02T23:48:56.199+0200: 4,584: Total time for which application threads were stopped: 0,0000813 seconds, Stopping threads took: 0,0000358 seconds
2017-07-02T23:48:56.200+0200: 4,585: Total time for which application threads were stopped: 0,0001270 seconds, Stopping threads took: 0,0000393 seconds
2017-07-02T23:48:56.201+0200: 4,586: Total time for which application threads were stopped: 0,0001343 seconds, Stopping threads took: 0,0000381 seconds
2017-07-02T23:48:56.201+0200: 4,586: Total time for which application threads were stopped: 0,0001141 seconds, Stopping threads took: 0,0000461 seconds
2017-07-02T23:48:56.201+0200: 4,586: Total time for which application threads were stopped: 0,0000930 seconds, Stopping threads took: 0,0000202 seconds
2017-07-02T23:48:56.201+0200: 4,586: Total time for which application threads were stopped: 0,0000853 seconds, Stopping threads took: 0,0000177 seconds
2017-07-02T23:48:56.201+0200: 4,586: Total time for which application threads were stopped: 0,0000777 seconds, Stopping threads took: 0,0000216 seconds
2017-07-02T23:48:56.204+0200: 4,589: Total time for which application threads were stopped: 0,0002546 seconds, Stopping threads took: 0,0001717 seconds
2017-07-02T23:48:56.206+0200: 4,591: Total time for which application threads were stopped: 0,0001247 seconds, Stopping threads took: 0,0000460 seconds
2017-07-02T23:48:56.212+0200: 4,597: Total time for which application threads were stopped: 0,0001232 seconds, Stopping threads took: 0,0000430 seconds
2017-07-02T23:48:56.213+0200: 4,597: Total time for which application threads were stopped: 0,0001448 seconds, Stopping threads took: 0,0000241 seconds
2017-07-02T23:48:56.218+0200: 4,603: Total time for which application threads were stopped: 0,0001803 seconds, Stopping threads took: 0,0000947 seconds
2017-07-02T23:48:56.232+0200: 4,617: Total time for which application threads were stopped: 0,0006662 seconds, Stopping threads took: 0,0005797 seconds
2017-07-02T23:48:56.251+0200: 4,636: Total time for which application threads were stopped: 0,0002110 seconds, Stopping threads took: 0,0000622 seconds
2017-07-02T23:48:56.277+0200: 4,662: Total time for which application threads were stopped: 0,0012689 seconds, Stopping threads took: 0,0012081 seconds
2017-07-02T23:48:56.280+0200: 4,665: Total time for which application threads were stopped: 0,0001269 seconds, Stopping threads took: 0,0000531 seconds
2017-07-02T23:48:56.281+0200: 4,666: Total time for which application threads were stopped: 0,0003634 seconds, Stopping threads took: 0,0000237 seconds
2017-07-02T23:48:56.282+0200: 4,667: Total time for which application threads were stopped: 0,0001230 seconds, Stopping threads took: 0,0000336 seconds
2017-07-02T23:48:57.282+0200: 5,667: Total time for which application threads were stopped: 0,0000735 seconds, Stopping threads took: 0,0000158 seconds
2017-07-02T23:49:24.286+0200: 32,670: Total time for which application threads were stopped: 0,0000793 seconds, Stopping threads took: 0,0000327 seconds
{Heap before GC invocations=9 (full 1):
 par new generation   total 109248K, used 95499K [0x00000000e0000000, 0x00000000e8000000, 0x00000000e8000000)
  eden space 87424K, 100% used [0x00000000e0000000, 0x00000000e5560000, 0x00000000e5560000)
  from space 21824K,  37% used [0x00000000e6ab0000, 0x00000000e7292d00, 0x00000000e8000000)
  to   space 21824K,   0% used [0x00000000e5560000, 0x00000000e5560000, 0x00000000e6ab0000)
 concurrent mark-sweep generation total 393216K, used 6474K [0x00000000e8000000, 0x0000000100000000, 0x0000000100000000)
 Metaspace       used 28065K, capacity 28600K, committed 28796K, reserved 1075200K
  class space    used 3210K, capacity 3383K, committed 3452K, reserved 1048576K
2017-07-02T23:49:27.982+0200: 36,367: [GC (Allocation Failure) 2017-07-02T23:49:27.982+0200: 36,367: [ParNew
Desired survivor size 20112992 bytes, new threshold 8 (max 8)
- age   1:   11022344 bytes,   11022344 total
- age   2:     444256 bytes,   11466600 total
- age   3:     238400 bytes,   11705000 total
- age   4:    1721272 bytes,   13426272 total
- age   6:      56648 bytes,   13482920 total
- age   7:     101584 bytes,   13584504 total
- age   8:     185952 bytes,   13770456 total
: 95499K->14808K(109248K), 0,0129238 secs] 101974K->22159K(502464K), 0,0130010 secs] [Times: user=0,04 sys=0,00, real=0,01 secs] 
Heap after GC invocations=10 (full 1):
 par new generation   total 109248K, used 14808K [0x00000000e0000000, 0x00000000e8000000, 0x00000000e8000000)
  eden space 87424K,   0% used [0x00000000e0000000, 0x00000000e0000000, 0x00000000e5560000)
  from space 21824K,  67% used [0x00000000e5560000, 0x00000000e63d6290, 0x00000000e6ab0000)
  to   space 21824K,   0% used [0x00000000e6ab0000, 0x00000000e6ab0000, 0x00000000e8000000)
 concurrent mark-sweep generation total 393216K, used 7350K [0x00000000e8000000, 0x0000000100000000, 0x0000000100000000)
 Metaspace       used 28065K, capacity 28600K, committed 28796K, reserved 1075200K
  class space    used 3210K, capacity 3383K, committed 3452K, reserved 1048576K
}
2017-07-02T23:49:27.995+0200: 36,380: Total time for which application threads were stopped: 0,0131261 seconds, Stopping threads took: 0,0000134 seconds
2017-07-02T23:49:27.996+0200: 36,381: Total time for which application threads were stopped: 0,0000696 seconds, Stopping threads took: 0,0000312 seconds
2017-07-02T23:49:27.997+0200: 36,382: Total time for which application threads were stopped: 0,0000449 seconds, Stopping threads took: 0,0000136 seconds
2017-07-02T23:50:15.004+0200: 83,389: Total time for which application threads were stopped: 0,0001675 seconds, Stopping threads took: 0,0000704 seconds
2017-07-02T23:50:49.008+0200: 117,393: Total time for which application threads were stopped: 0,0000923 seconds, Stopping threads took: 0,0000378 seconds
2017-07-02T23:50:54.009+0200: 122,394: Total time for which application threads were stopped: 0,0000741 seconds, Stopping threads took: 0,0000170 seconds
2017-07-02T23:53:29.029+0200: 277,414: Total time for which application threads were stopped: 0,0004085 seconds, Stopping threads took: 0,0001724 seconds
2017-07-02T23:54:14.034+0200: 322,419: Total time for which application threads were stopped: 0,0002062 seconds, Stopping threads took: 0,0000847 seconds
2017-07-03T00:04:54.108+0200: 962,493: Total time for which application threads were stopped: 0,0000895 seconds, Stopping threads took: 0,0000321 seconds
2017-07-03T00:12:18.159+0200: 1406,544: Total time for which application threads were stopped: 0,0000974 seconds, Stopping threads took: 0,0000331 seconds
2017-07-03T00:16:43.191+0200: 1671,576: Total time for which application threads were stopped: 0,0001251 seconds, Stopping threads took: 0,0000462 seconds
2017-07-03T00:18:54.309+0200: 1802,694: Total time for which application threads were stopped: 0,0001230 seconds, Stopping threads took: 0,0000216 seconds
2017-07-03T00:18:54.310+0200: 1802,694: Total time for which application threads were stopped: 0,0000871 seconds, Stopping threads took: 0,0000253 seconds
2017-07-03T00:18:54.311+0200: 1802,696: Total time for which application threads were stopped: 0,0001059 seconds, Stopping threads took: 0,0000363 seconds
2017-07-03T00:18:54.312+0200: 1802,697: Total time for which application threads were stopped: 0,0001070 seconds, Stopping threads took: 0,0000314 seconds
2017-07-03T00:18:54.312+0200: 1802,697: Total time for which application threads were stopped: 0,0000672 seconds, Stopping threads took: 0,0000173 seconds
2017-07-03T00:18:54.313+0200: 1802,697: Total time for which application threads were stopped: 0,0000720 seconds, Stopping threads took: 0,0000179 seconds
2017-07-03T00:18:54.313+0200: 1802,698: Total time for which application threads were stopped: 0,0000617 seconds, Stopping threads took: 0,0000153 seconds
2017-07-03T00:18:54.313+0200: 1802,698: Total time for which application threads were stopped: 0,0000561 seconds, Stopping threads took: 0,0000137 seconds
2017-07-03T00:18:54.313+0200: 1802,698: Total time for which application threads were stopped: 0,0000525 seconds, Stopping threads took: 0,0000152 seconds
2017-07-03T00:18:54.313+0200: 1802,698: Total time for which application threads were stopped: 0,0000866 seconds, Stopping threads took: 0,0000210 seconds
2017-07-03T00:18:54.314+0200: 1802,698: Total time for which application threads were stopped: 0,0000594 seconds, Stopping threads took: 0,0000162 seconds
2017-07-03T00:18:54.314+0200: 1802,699: Total time for which application threads were stopped: 0,0000699 seconds, Stopping threads took: 0,0000142 seconds
2017-07-03T00:18:54.314+0200: 1802,699: Total time for which application threads were stopped: 0,0000486 seconds, Stopping threads took: 0,0000131 seconds
2017-07-03T00:18:54.314+0200: 1802,699: Total time for which application threads were stopped: 0,0001816 seconds, Stopping threads took: 0,0000207 seconds
2017-07-03T00:18:54.314+0200: 1802,699: Total time for which application threads were stopped: 0,0000629 seconds, Stopping threads took: 0,0000158 seconds
2017-07-03T00:18:54.315+0200: 1802,699: Total time for which application threads were stopped: 0,0000588 seconds, Stopping threads took: 0,0000156 seconds
2017-07-03T00:18:54.329+0200: 1802,714: Total time for which application threads were stopped: 0,0002477 seconds, Stopping threads took: 0,0000447 seconds
2017-07-03T00:18:54.340+0200: 1802,725: Total time for which application threads were stopped: 0,0062600 seconds, Stopping threads took: 0,0060782 seconds
2017-07-03T00:18:54.347+0200: 1802,732: Total time for which application threads were stopped: 0,0001079 seconds, Stopping threads took: 0,0000208 seconds
2017-07-03T00:18:54.349+0200: 1802,733: Total time for which application threads were stopped: 0,0001227 seconds, Stopping threads took: 0,0000424 seconds
2017-07-03T00:18:54.349+0200: 1802,734: Total time for which application threads were stopped: 0,0000820 seconds, Stopping threads took: 0,0000258 seconds
2017-07-03T00:18:54.349+0200: 1802,734: Total time for which application threads were stopped: 0,0001017 seconds, Stopping threads took: 0,0000329 seconds
2017-07-03T00:18:54.349+0200: 1802,734: Total time for which application threads were stopped: 0,0000792 seconds, Stopping threads took: 0,0000215 seconds
2017-07-03T00:18:54.349+0200: 1802,734: Total time for which application threads were stopped: 0,0000587 seconds, Stopping threads took: 0,0000092 seconds
2017-07-03T00:18:54.350+0200: 1802,735: Total time for which application threads were stopped: 0,0001223 seconds, Stopping threads took: 0,0000410 seconds
2017-07-03T00:18:54.351+0200: 1802,736: Total time for which application threads were stopped: 0,0000925 seconds, Stopping threads took: 0,0000396 seconds
2017-07-03T00:18:54.351+0200: 1802,736: Total time for which application threads were stopped: 0,0000585 seconds, Stopping threads took: 0,0000192 seconds
2017-07-03T00:18:54.351+0200: 1802,736: Total time for which application threads were stopped: 0,0000697 seconds, Stopping threads took: 0,0000273 seconds
2017-07-03T00:18:54.351+0200: 1802,736: Total time for which application threads were stopped: 0,0000493 seconds, Stopping threads took: 0,0000153 seconds
2017-07-03T00:18:54.351+0200: 1802,736: Total time for which application threads were stopped: 0,0000483 seconds, Stopping threads took: 0,0000150 seconds
2017-07-03T00:18:54.352+0200: 1802,736: Total time for which application threads were stopped: 0,0000477 seconds, Stopping threads took: 0,0000160 seconds
2017-07-03T00:18:54.352+0200: 1802,736: Total time for which application threads were stopped: 0,0000521 seconds, Stopping threads took: 0,0000200 seconds
2017-07-03T00:18:54.353+0200: 1802,737: Total time for which application threads were stopped: 0,0009939 seconds, Stopping threads took: 0,0009143 seconds
2017-07-03T00:18:54.353+0200: 1802,738: Total time for which application threads were stopped: 0,0000641 seconds, Stopping threads took: 0,0000248 seconds
2017-07-03T00:18:54.353+0200: 1802,738: Total time for which application threads were stopped: 0,0001499 seconds, Stopping threads took: 0,0000559 seconds
2017-07-03T00:18:54.358+0200: 1802,743: Total time for which application threads were stopped: 0,0035248 seconds, Stopping threads took: 0,0034369 seconds
2017-07-03T00:18:54.359+0200: 1802,743: Total time for which application threads were stopped: 0,0000749 seconds, Stopping threads took: 0,0000143 seconds
2017-07-03T00:18:54.359+0200: 1802,744: Total time for which application threads were stopped: 0,0000434 seconds, Stopping threads took: 0,0000053 seconds
2017-07-03T00:18:54.359+0200: 1802,744: Total time for which application threads were stopped: 0,0000416 seconds, Stopping threads took: 0,0000078 seconds
2017-07-03T00:18:54.359+0200: 1802,744: Total time for which application threads were stopped: 0,0000406 seconds, Stopping threads took: 0,0000075 seconds
2017-07-03T00:18:54.359+0200: 1802,744: Total time for which application threads were stopped: 0,0000376 seconds, Stopping threads took: 0,0000047 seconds
2017-07-03T00:18:54.359+0200: 1802,744: Total time for which application threads were stopped: 0,0000381 seconds, Stopping threads took: 0,0000046 seconds
2017-07-03T00:18:54.359+0200: 1802,744: Total time for which application threads were stopped: 0,0000361 seconds, Stopping threads took: 0,0000045 seconds
2017-07-03T00:18:54.359+0200: 1802,744: Total time for which application threads were stopped: 0,0000362 seconds, Stopping threads took: 0,0000053 seconds
2017-07-03T00:18:54.359+0200: 1802,744: Total time for which application threads were stopped: 0,0000370 seconds, Stopping threads took: 0,0000046 seconds
2017-07-03T00:18:54.360+0200: 1802,745: Total time for which application threads were stopped: 0,0001491 seconds, Stopping threads took: 0,0000669 seconds
2017-07-03T00:18:54.360+0200: 1802,745: Total time for which application threads were stopped: 0,0000572 seconds, Stopping threads took: 0,0000177 seconds
2017-07-03T00:18:54.361+0200: 1802,746: Total time for which application threads were stopped: 0,0000981 seconds, Stopping threads took: 0,0000342 seconds
2017-07-03T00:18:54.364+0200: 1802,748: Total time for which application threads were stopped: 0,0004749 seconds, Stopping threads took: 0,0003713 seconds
2017-07-03T00:18:54.364+0200: 1802,749: Total time for which application threads were stopped: 0,0000636 seconds, Stopping threads took: 0,0000213 seconds
2017-07-03T00:18:54.369+0200: 1802,754: Total time for which application threads were stopped: 0,0028410 seconds, Stopping threads took: 0,0027497 seconds
2017-07-03T00:18:54.369+0200: 1802,754: Total time for which application threads were stopped: 0,0000740 seconds, Stopping threads took: 0,0000210 seconds
2017-07-03T00:18:54.370+0200: 1802,754: Total time for which application threads were stopped: 0,0000658 seconds, Stopping threads took: 0,0000236 seconds
2017-07-03T00:18:54.370+0200: 1802,755: Total time for which application threads were stopped: 0,0000609 seconds, Stopping threads took: 0,0000188 seconds
2017-07-03T00:18:54.371+0200: 1802,756: Total time for which application threads were stopped: 0,0001101 seconds, Stopping threads took: 0,0000476 seconds
2017-07-03T00:18:54.372+0200: 1802,756: Total time for which application threads were stopped: 0,0005692 seconds, Stopping threads took: 0,0005162 seconds
2017-07-03T00:18:54.373+0200: 1802,758: Total time for which application threads were stopped: 0,0000781 seconds, Stopping threads took: 0,0000275 seconds
2017-07-03T00:18:54.373+0200: 1802,758: Total time for which application threads were stopped: 0,0000706 seconds, Stopping threads took: 0,0000292 seconds
2017-07-03T00:18:54.373+0200: 1802,758: Total time for which application threads were stopped: 0,0000617 seconds, Stopping threads took: 0,0000259 seconds
2017-07-03T00:18:54.373+0200: 1802,758: Total time for which application threads were stopped: 0,0000364 seconds, Stopping threads took: 0,0000147 seconds
2017-07-03T00:18:54.373+0200: 1802,758: Total time for which application threads were stopped: 0,0000522 seconds, Stopping threads took: 0,0000299 seconds
2017-07-03T00:18:54.373+0200: 1802,758: Total time for which application threads were stopped: 0,0000506 seconds, Stopping threads took: 0,0000261 seconds
2017-07-03T00:18:54.373+0200: 1802,758: Total time for which application threads were stopped: 0,0000386 seconds, Stopping threads took: 0,0000166 seconds
2017-07-03T00:18:54.373+0200: 1802,758: Total time for which application threads were stopped: 0,0000429 seconds, Stopping threads took: 0,0000214 seconds
2017-07-03T00:18:54.374+0200: 1802,758: Total time for which application threads were stopped: 0,0000403 seconds, Stopping threads took: 0,0000178 seconds
2017-07-03T00:18:54.374+0200: 1802,759: Total time for which application threads were stopped: 0,0000392 seconds, Stopping threads took: 0,0000184 seconds
2017-07-03T00:18:54.374+0200: 1802,759: Total time for which application threads were stopped: 0,0000343 seconds, Stopping threads took: 0,0000143 seconds
2017-07-03T00:18:54.374+0200: 1802,759: Total time for which application threads were stopped: 0,0000380 seconds, Stopping threads took: 0,0000139 seconds
2017-07-03T00:18:54.374+0200: 1802,759: Total time for which application threads were stopped: 0,0000384 seconds, Stopping threads took: 0,0000181 seconds
2017-07-03T00:18:54.374+0200: 1802,759: Total time for which application threads were stopped: 0,0001260 seconds, Stopping threads took: 0,0000185 seconds
2017-07-03T00:18:54.382+0200: 1802,767: Total time for which application threads were stopped: 0,0050609 seconds, Stopping threads took: 0,0049307 seconds
2017-07-03T00:18:54.382+0200: 1802,767: Total time for which application threads were stopped: 0,0000595 seconds, Stopping threads took: 0,0000175 seconds
2017-07-03T00:18:54.382+0200: 1802,767: Total time for which application threads were stopped: 0,0000511 seconds, Stopping threads took: 0,0000061 seconds
Heap
 par new generation   total 109248K, used 36534K [0x00000000e0000000, 0x00000000e8000000, 0x00000000e8000000)
  eden space 87424K,  24% used [0x00000000e0000000, 0x00000000e1537838, 0x00000000e5560000)
  from space 21824K,  67% used [0x00000000e5560000, 0x00000000e63d6290, 0x00000000e6ab0000)
  to   space 21824K,   0% used [0x00000000e6ab0000, 0x00000000e6ab0000, 0x00000000e8000000)
 concurrent mark-sweep generation total 393216K, used 7350K [0x00000000e8000000, 0x0000000100000000, 0x0000000100000000)
 Metaspace       used 28189K, capacity 28704K, committed 29052K, reserved 1075200K
  class space    used 3224K, capacity 3417K, committed 3452K, reserved 1048576K
