OpenJDK 64-Bit Server VM (25.121-b13) for linux-amd64 JRE (1.8.0_121-8u121-b13-0ubuntu1.16.04.2-b13), built on Jan 23 2017 15:51:29 by "buildd" with gcc 5.4.0 20160609
Memory: 4k page, physical 7867764k(7440932k free), swap 8076284k(8076284k free)
CommandLine flags: -XX:CMSInitiatingOccupancyFraction=50 -XX:CMSMaxAbortablePrecleanTime=6000 -XX:+CMSParallelRemarkEnabled -XX:+CMSScavengeBeforeRemark -XX:ConcGCThreads=4 -XX:InitialHeapSize=536870912 -XX:MaxHeapSize=536870912 -XX:MaxTenuringThreshold=8 -XX:NewRatio=3 -XX:OldPLABSize=16 -XX:OnOutOfMemoryError=/opt/solr/bin/oom_solr.sh 8983 /var/solr/logs -XX:ParallelGCThreads=4 -XX:+ParallelRefProcEnabled -XX:PretenureSizeThreshold=67108864 -XX:+PrintGC -XX:+PrintGCApplicationStoppedTime -XX:+PrintGCDateStamps -XX:+PrintGCDetails -XX:+PrintGCTimeStamps -XX:+PrintHeapAtGC -XX:+PrintTenuringDistribution -XX:SurvivorRatio=4 -XX:TargetSurvivorRatio=90 -XX:ThreadStackSize=256 -XX:+UseCMSInitiatingOccupancyOnly -XX:+UseCompressedClassPointers -XX:+UseCompressedOops -XX:+UseConcMarkSweepGC -XX:+UseParNewGC 
2017-04-15T09:18:45.594+0200: 0,165: Total time for which application threads were stopped: 0,0000984 seconds, Stopping threads took: 0,0000135 seconds
2017-04-15T09:18:45.690+0200: 0,261: Total time for which application threads were stopped: 0,0001152 seconds, Stopping threads took: 0,0000193 seconds
2017-04-15T09:18:45.707+0200: 0,278: Total time for which application threads were stopped: 0,0001016 seconds, Stopping threads took: 0,0000162 seconds
2017-04-15T09:18:46.071+0200: 0,642: Total time for which application threads were stopped: 0,0001519 seconds, Stopping threads took: 0,0000234 seconds
2017-04-15T09:18:46.480+0200: 1,051: Total time for which application threads were stopped: 0,0001620 seconds, Stopping threads took: 0,0000244 seconds
2017-04-15T09:18:46.571+0200: 1,142: Total time for which application threads were stopped: 0,0003554 seconds, Stopping threads took: 0,0000515 seconds
2017-04-15T09:18:46.611+0200: 1,182: Total time for which application threads were stopped: 0,0001884 seconds, Stopping threads took: 0,0000145 seconds
2017-04-15T09:18:46.991+0200: 1,562: Total time for which application threads were stopped: 0,0001630 seconds, Stopping threads took: 0,0000128 seconds
2017-04-15T09:18:47.232+0200: 1,803: Total time for which application threads were stopped: 0,0002058 seconds, Stopping threads took: 0,0000250 seconds
2017-04-15T09:18:47.251+0200: 1,822: Total time for which application threads were stopped: 0,0001786 seconds, Stopping threads took: 0,0000271 seconds
2017-04-15T09:18:47.277+0200: 1,848: Total time for which application threads were stopped: 0,0002120 seconds, Stopping threads took: 0,0000266 seconds
2017-04-15T09:18:47.278+0200: 1,849: Total time for which application threads were stopped: 0,0001904 seconds, Stopping threads took: 0,0000168 seconds
2017-04-15T09:18:47.292+0200: 1,863: Total time for which application threads were stopped: 0,0001768 seconds, Stopping threads took: 0,0000251 seconds
2017-04-15T09:18:47.359+0200: 1,930: Total time for which application threads were stopped: 0,0002433 seconds, Stopping threads took: 0,0000209 seconds
2017-04-15T09:18:47.531+0200: 2,102: Total time for which application threads were stopped: 0,0002699 seconds, Stopping threads took: 0,0000296 seconds
{Heap before GC invocations=0 (full 0):
 par new generation   total 109248K, used 87424K [0x00000000e0000000, 0x00000000e8000000, 0x00000000e8000000)
  eden space 87424K, 100% used [0x00000000e0000000, 0x00000000e5560000, 0x00000000e5560000)
  from space 21824K,   0% used [0x00000000e5560000, 0x00000000e5560000, 0x00000000e6ab0000)
  to   space 21824K,   0% used [0x00000000e6ab0000, 0x00000000e6ab0000, 0x00000000e8000000)
 concurrent mark-sweep generation total 393216K, used 0K [0x00000000e8000000, 0x0000000100000000, 0x0000000100000000)
 Metaspace       used 17836K, capacity 18176K, committed 18304K, reserved 1064960K
  class space    used 2024K, capacity 2164K, committed 2176K, reserved 1048576K
2017-04-15T09:18:47.586+0200: 2,157: [GC (Allocation Failure) 2017-04-15T09:18:47.586+0200: 2,157: [ParNew
Desired survivor size 20112992 bytes, new threshold 8 (max 8)
- age   1:   11800096 bytes,   11800096 total
: 87424K->11641K(109248K), 0,0154519 secs] 87424K->11641K(502464K), 0,0155367 secs] [Times: user=0,04 sys=0,02, real=0,02 secs] 
Heap after GC invocations=1 (full 0):
 par new generation   total 109248K, used 11641K [0x00000000e0000000, 0x00000000e8000000, 0x00000000e8000000)
  eden space 87424K,   0% used [0x00000000e0000000, 0x00000000e0000000, 0x00000000e5560000)
  from space 21824K,  53% used [0x00000000e6ab0000, 0x00000000e760e418, 0x00000000e8000000)
  to   space 21824K,   0% used [0x00000000e5560000, 0x00000000e5560000, 0x00000000e6ab0000)
 concurrent mark-sweep generation total 393216K, used 0K [0x00000000e8000000, 0x0000000100000000, 0x0000000100000000)
 Metaspace       used 17836K, capacity 18176K, committed 18304K, reserved 1064960K
  class space    used 2024K, capacity 2164K, committed 2176K, reserved 1048576K
}
2017-04-15T09:18:47.602+0200: 2,173: Total time for which application threads were stopped: 0,0196133 seconds, Stopping threads took: 0,0039187 seconds
2017-04-15T09:18:47.912+0200: 2,482: Total time for which application threads were stopped: 0,0004250 seconds, Stopping threads took: 0,0000352 seconds
{Heap before GC invocations=1 (full 0):
 par new generation   total 109248K, used 99065K [0x00000000e0000000, 0x00000000e8000000, 0x00000000e8000000)
  eden space 87424K, 100% used [0x00000000e0000000, 0x00000000e5560000, 0x00000000e5560000)
  from space 21824K,  53% used [0x00000000e6ab0000, 0x00000000e760e418, 0x00000000e8000000)
  to   space 21824K,   0% used [0x00000000e5560000, 0x00000000e5560000, 0x00000000e6ab0000)
 concurrent mark-sweep generation total 393216K, used 0K [0x00000000e8000000, 0x0000000100000000, 0x0000000100000000)
 Metaspace       used 19999K, capacity 20366K, committed 20736K, reserved 1067008K
  class space    used 2295K, capacity 2471K, committed 2560K, reserved 1048576K
2017-04-15T09:18:47.953+0200: 2,524: [GC (Allocation Failure) 2017-04-15T09:18:47.953+0200: 2,524: [ParNew
Desired survivor size 20112992 bytes, new threshold 8 (max 8)
- age   1:    4035904 bytes,    4035904 total
- age   2:    6370688 bytes,   10406592 total
: 99065K->13149K(109248K), 0,0121522 secs] 99065K->13149K(502464K), 0,0122272 secs] [Times: user=0,04 sys=0,00, real=0,01 secs] 
Heap after GC invocations=2 (full 0):
 par new generation   total 109248K, used 13149K [0x00000000e0000000, 0x00000000e8000000, 0x00000000e8000000)
  eden space 87424K,   0% used [0x00000000e0000000, 0x00000000e0000000, 0x00000000e5560000)
  from space 21824K,  60% used [0x00000000e5560000, 0x00000000e62377f8, 0x00000000e6ab0000)
  to   space 21824K,   0% used [0x00000000e6ab0000, 0x00000000e6ab0000, 0x00000000e8000000)
 concurrent mark-sweep generation total 393216K, used 0K [0x00000000e8000000, 0x0000000100000000, 0x0000000100000000)
 Metaspace       used 19999K, capacity 20366K, committed 20736K, reserved 1067008K
  class space    used 2295K, capacity 2471K, committed 2560K, reserved 1048576K
}
2017-04-15T09:18:47.965+0200: 2,536: Total time for which application threads were stopped: 0,0124400 seconds, Stopping threads took: 0,0000686 seconds
2017-04-15T09:18:47.978+0200: 2,549: Total time for which application threads were stopped: 0,0016616 seconds, Stopping threads took: 0,0014162 seconds
2017-04-15T09:18:48.001+0200: 2,572: Total time for which application threads were stopped: 0,0003701 seconds, Stopping threads took: 0,0000593 seconds
2017-04-15T09:18:48.145+0200: 2,716: Total time for which application threads were stopped: 0,0025060 seconds, Stopping threads took: 0,0023762 seconds
{Heap before GC invocations=2 (full 0):
 par new generation   total 109248K, used 100573K [0x00000000e0000000, 0x00000000e8000000, 0x00000000e8000000)
  eden space 87424K, 100% used [0x00000000e0000000, 0x00000000e5560000, 0x00000000e5560000)
  from space 21824K,  60% used [0x00000000e5560000, 0x00000000e62377f8, 0x00000000e6ab0000)
  to   space 21824K,   0% used [0x00000000e6ab0000, 0x00000000e6ab0000, 0x00000000e8000000)
 concurrent mark-sweep generation total 393216K, used 0K [0x00000000e8000000, 0x0000000100000000, 0x0000000100000000)
 Metaspace       used 20951K, capacity 21288K, committed 21628K, reserved 1069056K
  class space    used 2417K, capacity 2590K, committed 2684K, reserved 1048576K
2017-04-15T09:18:48.183+0200: 2,754: [GC (Allocation Failure) 2017-04-15T09:18:48.183+0200: 2,754: [ParNew
Desired survivor size 20112992 bytes, new threshold 8 (max 8)
- age   1:    2101368 bytes,    2101368 total
- age   2:    1127488 bytes,    3228856 total
- age   3:    6368760 bytes,    9597616 total
: 100573K->12801K(109248K), 0,0103538 secs] 100573K->12801K(502464K), 0,0104333 secs] [Times: user=0,04 sys=0,00, real=0,01 secs] 
Heap after GC invocations=3 (full 0):
 par new generation   total 109248K, used 12801K [0x00000000e0000000, 0x00000000e8000000, 0x00000000e8000000)
  eden space 87424K,   0% used [0x00000000e0000000, 0x00000000e0000000, 0x00000000e5560000)
  from space 21824K,  58% used [0x00000000e6ab0000, 0x00000000e77305c8, 0x00000000e8000000)
  to   space 21824K,   0% used [0x00000000e5560000, 0x00000000e5560000, 0x00000000e6ab0000)
 concurrent mark-sweep generation total 393216K, used 0K [0x00000000e8000000, 0x0000000100000000, 0x0000000100000000)
 Metaspace       used 20951K, capacity 21288K, committed 21628K, reserved 1069056K
  class space    used 2417K, capacity 2590K, committed 2684K, reserved 1048576K
}
2017-04-15T09:18:48.193+0200: 2,764: Total time for which application threads were stopped: 0,0109118 seconds, Stopping threads took: 0,0003093 seconds
2017-04-15T09:18:48.193+0200: 2,764: [GC (CMS Initial Mark) [1 CMS-initial-mark: 0K(393216K)] 13539K(502464K), 0,0066712 secs] [Times: user=0,01 sys=0,00, real=0,01 secs] 
2017-04-15T09:18:48.200+0200: 2,771: Total time for which application threads were stopped: 0,0068101 seconds, Stopping threads took: 0,0000246 seconds
2017-04-15T09:18:48.200+0200: 2,771: [CMS-concurrent-mark-start]
2017-04-15T09:18:48.201+0200: 2,772: [CMS-concurrent-mark: 0,001/0,001 secs] [Times: user=0,00 sys=0,01, real=0,00 secs] 
2017-04-15T09:18:48.201+0200: 2,772: [CMS-concurrent-preclean-start]
2017-04-15T09:18:48.202+0200: 2,773: [CMS-concurrent-preclean: 0,001/0,001 secs] [Times: user=0,00 sys=0,00, real=0,00 secs] 
2017-04-15T09:18:48.202+0200: 2,773: [GC (CMS Final Remark) [YG occupancy: 14219 K (109248 K)]{Heap before GC invocations=3 (full 1):
 par new generation   total 109248K, used 14219K [0x00000000e0000000, 0x00000000e8000000, 0x00000000e8000000)
  eden space 87424K,   1% used [0x00000000e0000000, 0x00000000e0162888, 0x00000000e5560000)
  from space 21824K,  58% used [0x00000000e6ab0000, 0x00000000e77305c8, 0x00000000e8000000)
  to   space 21824K,   0% used [0x00000000e5560000, 0x00000000e5560000, 0x00000000e6ab0000)
 concurrent mark-sweep generation total 393216K, used 0K [0x00000000e8000000, 0x0000000100000000, 0x0000000100000000)
 Metaspace       used 20951K, capacity 21288K, committed 21628K, reserved 1069056K
  class space    used 2417K, capacity 2590K, committed 2684K, reserved 1048576K
2017-04-15T09:18:48.202+0200: 2,773: [GC (CMS Final Remark) 2017-04-15T09:18:48.202+0200: 2,773: [ParNew
Desired survivor size 20112992 bytes, new threshold 8 (max 8)
- age   1:       2944 bytes,       2944 total
- age   2:    2100632 bytes,    2103576 total
- age   3:    1127488 bytes,    3231064 total
- age   4:    6368656 bytes,    9599720 total
: 14219K->12342K(109248K), 0,0195319 secs] 14219K->12342K(502464K), 0,0195758 secs] [Times: user=0,06 sys=0,00, real=0,02 secs] 
Heap after GC invocations=4 (full 1):
 par new generation   total 109248K, used 12342K [0x00000000e0000000, 0x00000000e8000000, 0x00000000e8000000)
  eden space 87424K,   0% used [0x00000000e0000000, 0x00000000e0000000, 0x00000000e5560000)
  from space 21824K,  56% used [0x00000000e5560000, 0x00000000e616daf0, 0x00000000e6ab0000)
  to   space 21824K,   0% used [0x00000000e6ab0000, 0x00000000e6ab0000, 0x00000000e8000000)
 concurrent mark-sweep generation total 393216K, used 0K [0x00000000e8000000, 0x0000000100000000, 0x0000000100000000)
 Metaspace       used 20951K, capacity 21288K, committed 21628K, reserved 1069056K
  class space    used 2417K, capacity 2590K, committed 2684K, reserved 1048576K
}
2017-04-15T09:18:48.222+0200: 2,793: [Rescan (parallel) , 0,0045447 secs]2017-04-15T09:18:48.226+0200: 2,797: [weak refs processing, 0,0015895 secs]2017-04-15T09:18:48.228+0200: 2,799: [class unloading, 0,0029345 secs]2017-04-15T09:18:48.231+0200: 2,802: [scrub symbol table, 0,0031098 secs]2017-04-15T09:18:48.234+0200: 2,805: [scrub string table, 0,0003739 secs][1 CMS-remark: 0K(393216K)] 12342K(502464K), 0,0327487 secs] [Times: user=0,10 sys=0,00, real=0,03 secs] 
2017-04-15T09:18:48.235+0200: 2,806: Total time for which application threads were stopped: 0,0328884 seconds, Stopping threads took: 0,0000400 seconds
2017-04-15T09:18:48.235+0200: 2,806: [CMS-concurrent-sweep-start]
2017-04-15T09:18:48.235+0200: 2,806: [CMS-concurrent-sweep: 0,000/0,000 secs] [Times: user=0,00 sys=0,00, real=0,00 secs] 
2017-04-15T09:18:48.235+0200: 2,806: [CMS-concurrent-reset-start]
2017-04-15T09:18:48.238+0200: 2,809: [CMS-concurrent-reset: 0,003/0,003 secs] [Times: user=0,01 sys=0,00, real=0,01 secs] 
{Heap before GC invocations=4 (full 1):
 par new generation   total 109248K, used 99766K [0x00000000e0000000, 0x00000000e8000000, 0x00000000e8000000)
  eden space 87424K, 100% used [0x00000000e0000000, 0x00000000e5560000, 0x00000000e5560000)
  from space 21824K,  56% used [0x00000000e5560000, 0x00000000e616daf0, 0x00000000e6ab0000)
  to   space 21824K,   0% used [0x00000000e6ab0000, 0x00000000e6ab0000, 0x00000000e8000000)
 concurrent mark-sweep generation total 393216K, used 0K [0x00000000e8000000, 0x0000000100000000, 0x0000000100000000)
 Metaspace       used 21193K, capacity 21554K, committed 21884K, reserved 1069056K
  class space    used 2446K, capacity 2603K, committed 2684K, reserved 1048576K
2017-04-15T09:18:48.320+0200: 2,891: [GC (Allocation Failure) 2017-04-15T09:18:48.320+0200: 2,891: [ParNew
Desired survivor size 20112992 bytes, new threshold 8 (max 8)
- age   1:    1664728 bytes,    1664728 total
- age   2:        408 bytes,    1665136 total
- age   3:    1475288 bytes,    3140424 total
- age   4:    1092632 bytes,    4233056 total
- age   5:    6368848 bytes,   10601904 total
: 99766K->13061K(109248K), 0,0095983 secs] 99766K->13061K(502464K), 0,0096616 secs] [Times: user=0,04 sys=0,00, real=0,00 secs] 
Heap after GC invocations=5 (full 1):
 par new generation   total 109248K, used 13061K [0x00000000e0000000, 0x00000000e8000000, 0x00000000e8000000)
  eden space 87424K,   0% used [0x00000000e0000000, 0x00000000e0000000, 0x00000000e5560000)
  from space 21824K,  59% used [0x00000000e6ab0000, 0x00000000e7771798, 0x00000000e8000000)
  to   space 21824K,   0% used [0x00000000e5560000, 0x00000000e5560000, 0x00000000e6ab0000)
 concurrent mark-sweep generation total 393216K, used 0K [0x00000000e8000000, 0x0000000100000000, 0x0000000100000000)
 Metaspace       used 21193K, capacity 21554K, committed 21884K, reserved 1069056K
  class space    used 2446K, capacity 2603K, committed 2684K, reserved 1048576K
}
2017-04-15T09:18:48.330+0200: 2,901: Total time for which application threads were stopped: 0,0098932 seconds, Stopping threads took: 0,0000928 seconds
{Heap before GC invocations=5 (full 1):
 par new generation   total 109248K, used 100485K [0x00000000e0000000, 0x00000000e8000000, 0x00000000e8000000)
  eden space 87424K, 100% used [0x00000000e0000000, 0x00000000e5560000, 0x00000000e5560000)
  from space 21824K,  59% used [0x00000000e6ab0000, 0x00000000e7771798, 0x00000000e8000000)
  to   space 21824K,   0% used [0x00000000e5560000, 0x00000000e5560000, 0x00000000e6ab0000)
 concurrent mark-sweep generation total 393216K, used 0K [0x00000000e8000000, 0x0000000100000000, 0x0000000100000000)
 Metaspace       used 21347K, capacity 21730K, committed 21884K, reserved 1069056K
  class space    used 2468K, capacity 2638K, committed 2684K, reserved 1048576K
2017-04-15T09:18:48.409+0200: 2,980: [GC (Allocation Failure) 2017-04-15T09:18:48.409+0200: 2,980: [ParNew
Desired survivor size 20112992 bytes, new threshold 8 (max 8)
- age   1:     750152 bytes,     750152 total
- age   2:     173544 bytes,     923696 total
- age   3:        408 bytes,     924104 total
- age   4:    1475184 bytes,    2399288 total
- age   5:    1092520 bytes,    3491808 total
- age   6:    6368848 bytes,    9860656 total
: 100485K->15666K(109248K), 0,0098232 secs] 100485K->15666K(502464K), 0,0098862 secs] [Times: user=0,04 sys=0,00, real=0,02 secs] 
Heap after GC invocations=6 (full 1):
 par new generation   total 109248K, used 15666K [0x00000000e0000000, 0x00000000e8000000, 0x00000000e8000000)
  eden space 87424K,   0% used [0x00000000e0000000, 0x00000000e0000000, 0x00000000e5560000)
  from space 21824K,  71% used [0x00000000e5560000, 0x00000000e64acaa0, 0x00000000e6ab0000)
  to   space 21824K,   0% used [0x00000000e6ab0000, 0x00000000e6ab0000, 0x00000000e8000000)
 concurrent mark-sweep generation total 393216K, used 0K [0x00000000e8000000, 0x0000000100000000, 0x0000000100000000)
 Metaspace       used 21347K, capacity 21730K, committed 21884K, reserved 1069056K
  class space    used 2468K, capacity 2638K, committed 2684K, reserved 1048576K
}
2017-04-15T09:18:48.419+0200: 2,990: Total time for which application threads were stopped: 0,0100947 seconds, Stopping threads took: 0,0000812 seconds
2017-04-15T09:18:48.461+0200: 3,032: Total time for which application threads were stopped: 0,0003544 seconds, Stopping threads took: 0,0000304 seconds
2017-04-15T09:18:48.666+0200: 3,237: Total time for which application threads were stopped: 0,0044830 seconds, Stopping threads took: 0,0040726 seconds
2017-04-15T09:18:48.683+0200: 3,254: Total time for which application threads were stopped: 0,0003764 seconds, Stopping threads took: 0,0000268 seconds
{Heap before GC invocations=6 (full 1):
 par new generation   total 109248K, used 103090K [0x00000000e0000000, 0x00000000e8000000, 0x00000000e8000000)
  eden space 87424K, 100% used [0x00000000e0000000, 0x00000000e5560000, 0x00000000e5560000)
  from space 21824K,  71% used [0x00000000e5560000, 0x00000000e64acaa0, 0x00000000e6ab0000)
  to   space 21824K,   0% used [0x00000000e6ab0000, 0x00000000e6ab0000, 0x00000000e8000000)
 concurrent mark-sweep generation total 393216K, used 0K [0x00000000e8000000, 0x0000000100000000, 0x0000000100000000)
 Metaspace       used 23663K, capacity 24166K, committed 24316K, reserved 1071104K
  class space    used 2783K, capacity 2980K, committed 3068K, reserved 1048576K
2017-04-15T09:18:48.833+0200: 3,404: [GC (Allocation Failure) 2017-04-15T09:18:48.833+0200: 3,404: [ParNew
Desired survivor size 20112992 bytes, new threshold 8 (max 8)
- age   1:    5300528 bytes,    5300528 total
- age   2:     117360 bytes,    5417888 total
- age   3:     172080 bytes,    5589968 total
- age   4:        408 bytes,    5590376 total
- age   5:     297680 bytes,    5888056 total
- age   6:    1066160 bytes,    6954216 total
- age   7:    6360448 bytes,   13314664 total
: 103090K->13936K(109248K), 0,0135412 secs] 103090K->13936K(502464K), 0,0136181 secs] [Times: user=0,04 sys=0,01, real=0,01 secs] 
Heap after GC invocations=7 (full 1):
 par new generation   total 109248K, used 13936K [0x00000000e0000000, 0x00000000e8000000, 0x00000000e8000000)
  eden space 87424K,   0% used [0x00000000e0000000, 0x00000000e0000000, 0x00000000e5560000)
  from space 21824K,  63% used [0x00000000e6ab0000, 0x00000000e784c0e0, 0x00000000e8000000)
  to   space 21824K,   0% used [0x00000000e5560000, 0x00000000e5560000, 0x00000000e6ab0000)
 concurrent mark-sweep generation total 393216K, used 0K [0x00000000e8000000, 0x0000000100000000, 0x0000000100000000)
 Metaspace       used 23663K, capacity 24166K, committed 24316K, reserved 1071104K
  class space    used 2783K, capacity 2980K, committed 3068K, reserved 1048576K
}
2017-04-15T09:18:48.847+0200: 3,418: Total time for which application threads were stopped: 0,0140320 seconds, Stopping threads took: 0,0001517 seconds
{Heap before GC invocations=7 (full 1):
 par new generation   total 109248K, used 101360K [0x00000000e0000000, 0x00000000e8000000, 0x00000000e8000000)
  eden space 87424K, 100% used [0x00000000e0000000, 0x00000000e5560000, 0x00000000e5560000)
  from space 21824K,  63% used [0x00000000e6ab0000, 0x00000000e784c0e0, 0x00000000e8000000)
  to   space 21824K,   0% used [0x00000000e5560000, 0x00000000e5560000, 0x00000000e6ab0000)
 concurrent mark-sweep generation total 393216K, used 0K [0x00000000e8000000, 0x0000000100000000, 0x0000000100000000)
 Metaspace       used 24014K, capacity 24460K, committed 24572K, reserved 1071104K
  class space    used 2837K, capacity 3013K, committed 3068K, reserved 1048576K
2017-04-15T09:18:48.945+0200: 3,516: [GC (Allocation Failure) 2017-04-15T09:18:48.945+0200: 3,516: [ParNew
Desired survivor size 20112992 bytes, new threshold 8 (max 8)
- age   1:    2021568 bytes,    2021568 total
- age   2:    1811184 bytes,    3832752 total
- age   3:      56072 bytes,    3888824 total
- age   4:     100696 bytes,    3989520 total
- age   5:        408 bytes,    3989928 total
- age   6:     191584 bytes,    4181512 total
- age   7:     907232 bytes,    5088744 total
- age   8:    5953040 bytes,   11041784 total
: 101360K->16370K(109248K), 0,0108165 secs] 101360K->16370K(502464K), 0,0109047 secs] [Times: user=0,04 sys=0,00, real=0,01 secs] 
Heap after GC invocations=8 (full 1):
 par new generation   total 109248K, used 16370K [0x00000000e0000000, 0x00000000e8000000, 0x00000000e8000000)
  eden space 87424K,   0% used [0x00000000e0000000, 0x00000000e0000000, 0x00000000e5560000)
  from space 21824K,  75% used [0x00000000e5560000, 0x00000000e655c810, 0x00000000e6ab0000)
  to   space 21824K,   0% used [0x00000000e6ab0000, 0x00000000e6ab0000, 0x00000000e8000000)
 concurrent mark-sweep generation total 393216K, used 0K [0x00000000e8000000, 0x0000000100000000, 0x0000000100000000)
 Metaspace       used 24014K, capacity 24460K, committed 24572K, reserved 1071104K
  class space    used 2837K, capacity 3013K, committed 3068K, reserved 1048576K
}
2017-04-15T09:18:48.956+0200: 3,527: Total time for which application threads were stopped: 0,0111586 seconds, Stopping threads took: 0,0000708 seconds
{Heap before GC invocations=8 (full 1):
 par new generation   total 109248K, used 103794K [0x00000000e0000000, 0x00000000e8000000, 0x00000000e8000000)
  eden space 87424K, 100% used [0x00000000e0000000, 0x00000000e5560000, 0x00000000e5560000)
  from space 21824K,  75% used [0x00000000e5560000, 0x00000000e655c810, 0x00000000e6ab0000)
  to   space 21824K,   0% used [0x00000000e6ab0000, 0x00000000e6ab0000, 0x00000000e8000000)
 concurrent mark-sweep generation total 393216K, used 0K [0x00000000e8000000, 0x0000000100000000, 0x0000000100000000)
 Metaspace       used 24537K, capacity 24966K, committed 25084K, reserved 1071104K
  class space    used 2874K, capacity 3050K, committed 3068K, reserved 1048576K
2017-04-15T09:18:49.044+0200: 3,615: [GC (Allocation Failure) 2017-04-15T09:18:49.044+0200: 3,615: [ParNew
Desired survivor size 20112992 bytes, new threshold 8 (max 8)
- age   1:    1016128 bytes,    1016128 total
- age   2:    1033576 bytes,    2049704 total
- age   3:    1782536 bytes,    3832240 total
- age   4:      56072 bytes,    3888312 total
- age   5:      97888 bytes,    3986200 total
- age   6:        376 bytes,    3986576 total
- age   7:     188664 bytes,    4175240 total
- age   8:     905600 bytes,    5080840 total
: 103794K->8136K(109248K), 0,0271610 secs] 103794K->14031K(502464K), 0,0272279 secs] [Times: user=0,10 sys=0,00, real=0,03 secs] 
Heap after GC invocations=9 (full 1):
 par new generation   total 109248K, used 8136K [0x00000000e0000000, 0x00000000e8000000, 0x00000000e8000000)
  eden space 87424K,   0% used [0x00000000e0000000, 0x00000000e0000000, 0x00000000e5560000)
  from space 21824K,  37% used [0x00000000e6ab0000, 0x00000000e72a2060, 0x00000000e8000000)
  to   space 21824K,   0% used [0x00000000e5560000, 0x00000000e5560000, 0x00000000e6ab0000)
 concurrent mark-sweep generation total 393216K, used 5895K [0x00000000e8000000, 0x0000000100000000, 0x0000000100000000)
 Metaspace       used 24537K, capacity 24966K, committed 25084K, reserved 1071104K
  class space    used 2874K, capacity 3050K, committed 3068K, reserved 1048576K
}
2017-04-15T09:18:49.072+0200: 3,643: Total time for which application threads were stopped: 0,0274648 seconds, Stopping threads took: 0,0000907 seconds
2017-04-15T09:18:49.377+0200: 3,948: Total time for which application threads were stopped: 0,0004804 seconds, Stopping threads took: 0,0000319 seconds
2017-04-15T09:18:49.389+0200: 3,960: Total time for which application threads were stopped: 0,0003900 seconds, Stopping threads took: 0,0000201 seconds
2017-04-15T09:18:49.436+0200: 4,007: Total time for which application threads were stopped: 0,0004103 seconds, Stopping threads took: 0,0000371 seconds
2017-04-15T09:18:49.480+0200: 4,051: Total time for which application threads were stopped: 0,0006360 seconds, Stopping threads took: 0,0000594 seconds
2017-04-15T09:18:49.481+0200: 4,052: Total time for which application threads were stopped: 0,0001829 seconds, Stopping threads took: 0,0000467 seconds
2017-04-15T09:18:49.490+0200: 4,061: Total time for which application threads were stopped: 0,0045684 seconds, Stopping threads took: 0,0044820 seconds
2017-04-15T09:18:49.491+0200: 4,062: Total time for which application threads were stopped: 0,0001474 seconds, Stopping threads took: 0,0000438 seconds
2017-04-15T09:18:49.494+0200: 4,065: Total time for which application threads were stopped: 0,0002443 seconds, Stopping threads took: 0,0001470 seconds
2017-04-15T09:18:49.494+0200: 4,065: Total time for which application threads were stopped: 0,0001020 seconds, Stopping threads took: 0,0000394 seconds
2017-04-15T09:18:49.495+0200: 4,066: Total time for which application threads were stopped: 0,0001313 seconds, Stopping threads took: 0,0000590 seconds
2017-04-15T09:18:49.496+0200: 4,066: Total time for which application threads were stopped: 0,0002423 seconds, Stopping threads took: 0,0001689 seconds
2017-04-15T09:18:49.496+0200: 4,067: Total time for which application threads were stopped: 0,0000863 seconds, Stopping threads took: 0,0000294 seconds
2017-04-15T09:18:49.496+0200: 4,067: Total time for which application threads were stopped: 0,0000778 seconds, Stopping threads took: 0,0000227 seconds
2017-04-15T09:18:49.498+0200: 4,069: Total time for which application threads were stopped: 0,0021790 seconds, Stopping threads took: 0,0021127 seconds
2017-04-15T09:18:49.500+0200: 4,071: Total time for which application threads were stopped: 0,0001622 seconds, Stopping threads took: 0,0000551 seconds
2017-04-15T09:18:49.500+0200: 4,071: Total time for which application threads were stopped: 0,0001071 seconds, Stopping threads took: 0,0000254 seconds
2017-04-15T09:18:49.500+0200: 4,071: Total time for which application threads were stopped: 0,0000731 seconds, Stopping threads took: 0,0000175 seconds
2017-04-15T09:18:49.501+0200: 4,072: Total time for which application threads were stopped: 0,0001108 seconds, Stopping threads took: 0,0000437 seconds
2017-04-15T09:18:49.502+0200: 4,073: Total time for which application threads were stopped: 0,0004003 seconds, Stopping threads took: 0,0002402 seconds
2017-04-15T09:18:49.506+0200: 4,077: Total time for which application threads were stopped: 0,0001607 seconds, Stopping threads took: 0,0000367 seconds
2017-04-15T09:18:49.507+0200: 4,077: Total time for which application threads were stopped: 0,0000946 seconds, Stopping threads took: 0,0000264 seconds
2017-04-15T09:18:49.507+0200: 4,078: Total time for which application threads were stopped: 0,0001196 seconds, Stopping threads took: 0,0000434 seconds
2017-04-15T09:18:49.515+0200: 4,086: Total time for which application threads were stopped: 0,0001444 seconds, Stopping threads took: 0,0000460 seconds
2017-04-15T09:18:49.516+0200: 4,087: Total time for which application threads were stopped: 0,0002911 seconds, Stopping threads took: 0,0000156 seconds
2017-04-15T09:18:49.521+0200: 4,092: Total time for which application threads were stopped: 0,0001644 seconds, Stopping threads took: 0,0000743 seconds
2017-04-15T09:18:49.538+0200: 4,109: Total time for which application threads were stopped: 0,0001336 seconds, Stopping threads took: 0,0000419 seconds
{Heap before GC invocations=9 (full 1):
 par new generation   total 109248K, used 95560K [0x00000000e0000000, 0x00000000e8000000, 0x00000000e8000000)
  eden space 87424K, 100% used [0x00000000e0000000, 0x00000000e5560000, 0x00000000e5560000)
  from space 21824K,  37% used [0x00000000e6ab0000, 0x00000000e72a2060, 0x00000000e8000000)
  to   space 21824K,   0% used [0x00000000e5560000, 0x00000000e5560000, 0x00000000e6ab0000)
 concurrent mark-sweep generation total 393216K, used 5895K [0x00000000e8000000, 0x0000000100000000, 0x0000000100000000)
 Metaspace       used 27539K, capacity 28036K, committed 28284K, reserved 1075200K
  class space    used 3158K, capacity 3325K, committed 3452K, reserved 1048576K
2017-04-15T09:18:49.554+0200: 4,125: [GC (Allocation Failure) 2017-04-15T09:18:49.554+0200: 4,125: [ParNew
Desired survivor size 20112992 bytes, new threshold 8 (max 8)
- age   1:    8827208 bytes,    8827208 total
- age   2:     215760 bytes,    9042968 total
- age   3:     211616 bytes,    9254584 total
- age   4:    1776624 bytes,   11031208 total
- age   5:      56072 bytes,   11087280 total
- age   6:      97888 bytes,   11185168 total
- age   7:        376 bytes,   11185544 total
- age   8:     188280 bytes,   11373824 total
: 95560K->12196K(109248K), 0,0278889 secs] 101455K->19094K(502464K), 0,0279563 secs] [Times: user=0,10 sys=0,00, real=0,03 secs] 
Heap after GC invocations=10 (full 1):
 par new generation   total 109248K, used 12196K [0x00000000e0000000, 0x00000000e8000000, 0x00000000e8000000)
  eden space 87424K,   0% used [0x00000000e0000000, 0x00000000e0000000, 0x00000000e5560000)
  from space 21824K,  55% used [0x00000000e5560000, 0x00000000e6149090, 0x00000000e6ab0000)
  to   space 21824K,   0% used [0x00000000e6ab0000, 0x00000000e6ab0000, 0x00000000e8000000)
 concurrent mark-sweep generation total 393216K, used 6898K [0x00000000e8000000, 0x0000000100000000, 0x0000000100000000)
 Metaspace       used 27539K, capacity 28036K, committed 28284K, reserved 1075200K
  class space    used 3158K, capacity 3325K, committed 3452K, reserved 1048576K
}
2017-04-15T09:18:49.582+0200: 4,153: Total time for which application threads were stopped: 0,0281310 seconds, Stopping threads took: 0,0000318 seconds
2017-04-15T09:18:49.587+0200: 4,158: Total time for which application threads were stopped: 0,0001793 seconds, Stopping threads took: 0,0000425 seconds
2017-04-15T09:18:49.589+0200: 4,160: Total time for which application threads were stopped: 0,0001292 seconds, Stopping threads took: 0,0000283 seconds
2017-04-15T09:18:49.603+0200: 4,174: Total time for which application threads were stopped: 0,0001811 seconds, Stopping threads took: 0,0000435 seconds
2017-04-15T09:18:49.606+0200: 4,177: Total time for which application threads were stopped: 0,0031548 seconds, Stopping threads took: 0,0030425 seconds
2017-04-15T09:18:49.607+0200: 4,178: Total time for which application threads were stopped: 0,0001291 seconds, Stopping threads took: 0,0000347 seconds
2017-04-15T09:18:49.608+0200: 4,179: Total time for which application threads were stopped: 0,0000861 seconds, Stopping threads took: 0,0000237 seconds
2017-04-15T09:18:49.609+0200: 4,180: Total time for which application threads were stopped: 0,0005497 seconds, Stopping threads took: 0,0000568 seconds
2017-04-15T09:18:49.609+0200: 4,180: Total time for which application threads were stopped: 0,0000982 seconds, Stopping threads took: 0,0000232 seconds
2017-04-15T09:18:49.611+0200: 4,182: Total time for which application threads were stopped: 0,0001172 seconds, Stopping threads took: 0,0000351 seconds
2017-04-15T09:18:49.615+0200: 4,186: Total time for which application threads were stopped: 0,0001159 seconds, Stopping threads took: 0,0000339 seconds
2017-04-15T09:18:49.617+0200: 4,188: Total time for which application threads were stopped: 0,0001122 seconds, Stopping threads took: 0,0000383 seconds
2017-04-15T09:18:49.618+0200: 4,189: Total time for which application threads were stopped: 0,0001093 seconds, Stopping threads took: 0,0000366 seconds
2017-04-15T09:18:49.618+0200: 4,189: Total time for which application threads were stopped: 0,0000901 seconds, Stopping threads took: 0,0000282 seconds
2017-04-15T09:18:49.625+0200: 4,196: Total time for which application threads were stopped: 0,0000993 seconds, Stopping threads took: 0,0000328 seconds
2017-04-15T09:18:49.638+0200: 4,209: Total time for which application threads were stopped: 0,0046112 seconds, Stopping threads took: 0,0045430 seconds
2017-04-15T09:18:49.640+0200: 4,211: Total time for which application threads were stopped: 0,0001465 seconds, Stopping threads took: 0,0000564 seconds
2017-04-15T09:18:49.641+0200: 4,212: Total time for which application threads were stopped: 0,0001457 seconds, Stopping threads took: 0,0000499 seconds
2017-04-15T09:20:07.240+0200: 82,220: Total time for which application threads were stopped: 0,0000772 seconds, Stopping threads took: 0,0000176 seconds
2017-04-15T09:20:42.244+0200: 117,224: Total time for which application threads were stopped: 0,0000918 seconds, Stopping threads took: 0,0000385 seconds
2017-04-15T09:20:47.245+0200: 122,224: Total time for which application threads were stopped: 0,0000729 seconds, Stopping threads took: 0,0000183 seconds
2017-04-15T09:23:22.262+0200: 277,242: Total time for which application threads were stopped: 0,0001256 seconds, Stopping threads took: 0,0000391 seconds
2017-04-15T09:42:16.385+0200: 1411,365: Total time for which application threads were stopped: 0,0002101 seconds, Stopping threads took: 0,0000634 seconds
2017-04-15T09:47:11.433+0200: 1706,413: Total time for which application threads were stopped: 0,0001017 seconds, Stopping threads took: 0,0000378 seconds
2017-04-15T09:56:47.523+0200: 2282,503: Total time for which application threads were stopped: 0,0001889 seconds, Stopping threads took: 0,0000694 seconds
2017-04-15T09:57:11.527+0200: 2306,507: Total time for which application threads were stopped: 0,0001665 seconds, Stopping threads took: 0,0000622 seconds
2017-04-15T09:57:12.528+0200: 2307,507: Total time for which application threads were stopped: 0,0000627 seconds, Stopping threads took: 0,0000147 seconds
2017-04-15T10:15:32.699+0200: 3407,678: Total time for which application threads were stopped: 0,0000837 seconds, Stopping threads took: 0,0000317 seconds
2017-04-15T10:19:27.766+0200: 3642,745: Total time for which application threads were stopped: 0,0707413 seconds, Stopping threads took: 0,0706570 seconds
2017-04-15T10:19:27.768+0200: 3642,748: Total time for which application threads were stopped: 0,0021742 seconds, Stopping threads took: 0,0020863 seconds
2017-04-15T10:19:27.810+0200: 3642,790: Total time for which application threads were stopped: 0,0019364 seconds, Stopping threads took: 0,0018564 seconds
2017-04-15T10:19:27.812+0200: 3642,792: Total time for which application threads were stopped: 0,0001111 seconds, Stopping threads took: 0,0000224 seconds
2017-04-15T10:19:27.814+0200: 3642,793: Total time for which application threads were stopped: 0,0000960 seconds, Stopping threads took: 0,0000305 seconds
2017-04-15T10:19:27.816+0200: 3642,796: Total time for which application threads were stopped: 0,0014583 seconds, Stopping threads took: 0,0013505 seconds
Heap
 par new generation   total 109248K, used 44679K [0x00000000e0000000, 0x00000000e8000000, 0x00000000e8000000)
  eden space 87424K,  37% used [0x00000000e0000000, 0x00000000e1fb8ed0, 0x00000000e5560000)
  from space 21824K,  55% used [0x00000000e5560000, 0x00000000e6149090, 0x00000000e6ab0000)
  to   space 21824K,   0% used [0x00000000e6ab0000, 0x00000000e6ab0000, 0x00000000e8000000)
 concurrent mark-sweep generation total 393216K, used 6898K [0x00000000e8000000, 0x0000000100000000, 0x0000000100000000)
 Metaspace       used 28089K, capacity 28562K, committed 28796K, reserved 1075200K
  class space    used 3227K, capacity 3392K, committed 3452K, reserved 1048576K
