OpenJDK 64-Bit Server VM (25.131-b11) for linux-amd64 JRE (1.8.0_131-8u131-b11-0ubuntu1.16.04.2-b11), built on May  6 2017 02:45:27 by "buildd" with gcc 5.4.0 20160609
Memory: 4k page, physical 7867740k(7396320k free), swap 8076284k(8076284k free)
CommandLine flags: -XX:CMSInitiatingOccupancyFraction=50 -XX:CMSMaxAbortablePrecleanTime=6000 -XX:+CMSParallelRemarkEnabled -XX:+CMSScavengeBeforeRemark -XX:ConcGCThreads=4 -XX:InitialHeapSize=536870912 -XX:MaxHeapSize=536870912 -XX:MaxTenuringThreshold=8 -XX:NewRatio=3 -XX:OldPLABSize=16 -XX:OnOutOfMemoryError=/opt/solr/bin/oom_solr.sh 8983 /var/solr/logs -XX:ParallelGCThreads=4 -XX:+ParallelRefProcEnabled -XX:PretenureSizeThreshold=67108864 -XX:+PrintGC -XX:+PrintGCApplicationStoppedTime -XX:+PrintGCDateStamps -XX:+PrintGCDetails -XX:+PrintGCTimeStamps -XX:+PrintHeapAtGC -XX:+PrintTenuringDistribution -XX:SurvivorRatio=4 -XX:TargetSurvivorRatio=90 -XX:ThreadStackSize=256 -XX:+UseCMSInitiatingOccupancyOnly -XX:+UseCompressedClassPointers -XX:+UseCompressedOops -XX:+UseConcMarkSweepGC -XX:+UseParNewGC 
2017-05-22T20:10:59.856+0200: 0,128: Total time for which application threads were stopped: 0,0000719 seconds, Stopping threads took: 0,0000138 seconds
2017-05-22T20:10:59.943+0200: 0,215: Total time for which application threads were stopped: 0,0000925 seconds, Stopping threads took: 0,0000140 seconds
2017-05-22T20:10:59.955+0200: 0,228: Total time for which application threads were stopped: 0,0000719 seconds, Stopping threads took: 0,0000117 seconds
2017-05-22T20:11:00.198+0200: 0,471: Total time for which application threads were stopped: 0,0001283 seconds, Stopping threads took: 0,0000249 seconds
2017-05-22T20:11:00.635+0200: 0,907: Total time for which application threads were stopped: 0,0001337 seconds, Stopping threads took: 0,0000143 seconds
2017-05-22T20:11:00.727+0200: 1,000: Total time for which application threads were stopped: 0,0001625 seconds, Stopping threads took: 0,0000206 seconds
2017-05-22T20:11:00.768+0200: 1,041: Total time for which application threads were stopped: 0,0002209 seconds, Stopping threads took: 0,0000345 seconds
2017-05-22T20:11:01.238+0200: 1,511: Total time for which application threads were stopped: 0,0002183 seconds, Stopping threads took: 0,0000185 seconds
2017-05-22T20:11:01.453+0200: 1,726: Total time for which application threads were stopped: 0,0001944 seconds, Stopping threads took: 0,0000202 seconds
2017-05-22T20:11:01.475+0200: 1,748: Total time for which application threads were stopped: 0,0002347 seconds, Stopping threads took: 0,0000244 seconds
2017-05-22T20:11:01.502+0200: 1,775: Total time for which application threads were stopped: 0,0009028 seconds, Stopping threads took: 0,0000965 seconds
2017-05-22T20:11:01.504+0200: 1,776: Total time for which application threads were stopped: 0,0001765 seconds, Stopping threads took: 0,0000182 seconds
2017-05-22T20:11:01.520+0200: 1,792: Total time for which application threads were stopped: 0,0008469 seconds, Stopping threads took: 0,0000886 seconds
2017-05-22T20:11:01.614+0200: 1,887: Total time for which application threads were stopped: 0,0004110 seconds, Stopping threads took: 0,0000390 seconds
2017-05-22T20:11:01.789+0200: 2,062: Total time for which application threads were stopped: 0,0002587 seconds, Stopping threads took: 0,0000468 seconds
{Heap before GC invocations=0 (full 0):
 par new generation   total 109248K, used 87424K [0x00000000e0000000, 0x00000000e8000000, 0x00000000e8000000)
  eden space 87424K, 100% used [0x00000000e0000000, 0x00000000e5560000, 0x00000000e5560000)
  from space 21824K,   0% used [0x00000000e5560000, 0x00000000e5560000, 0x00000000e6ab0000)
  to   space 21824K,   0% used [0x00000000e6ab0000, 0x00000000e6ab0000, 0x00000000e8000000)
 concurrent mark-sweep generation total 393216K, used 0K [0x00000000e8000000, 0x0000000100000000, 0x0000000100000000)
 Metaspace       used 17883K, capacity 18240K, committed 18304K, reserved 1064960K
  class space    used 2024K, capacity 2164K, committed 2176K, reserved 1048576K
2017-05-22T20:11:01.846+0200: 2,119: [GC (Allocation Failure) 2017-05-22T20:11:01.846+0200: 2,119: [ParNew
Desired survivor size 20112992 bytes, new threshold 8 (max 8)
- age   1:   11776664 bytes,   11776664 total
: 87424K->11612K(109248K), 0,0151550 secs] 87424K->11612K(502464K), 0,0152654 secs] [Times: user=0,04 sys=0,02, real=0,02 secs] 
Heap after GC invocations=1 (full 0):
 par new generation   total 109248K, used 11612K [0x00000000e0000000, 0x00000000e8000000, 0x00000000e8000000)
  eden space 87424K,   0% used [0x00000000e0000000, 0x00000000e0000000, 0x00000000e5560000)
  from space 21824K,  53% used [0x00000000e6ab0000, 0x00000000e76073e0, 0x00000000e8000000)
  to   space 21824K,   0% used [0x00000000e5560000, 0x00000000e5560000, 0x00000000e6ab0000)
 concurrent mark-sweep generation total 393216K, used 0K [0x00000000e8000000, 0x0000000100000000, 0x0000000100000000)
 Metaspace       used 17883K, capacity 18240K, committed 18304K, reserved 1064960K
  class space    used 2024K, capacity 2164K, committed 2176K, reserved 1048576K
}
2017-05-22T20:11:01.861+0200: 2,134: Total time for which application threads were stopped: 0,0154447 seconds, Stopping threads took: 0,0000341 seconds
2017-05-22T20:11:02.183+0200: 2,456: Total time for which application threads were stopped: 0,0003543 seconds, Stopping threads took: 0,0000250 seconds
{Heap before GC invocations=1 (full 0):
 par new generation   total 109248K, used 99036K [0x00000000e0000000, 0x00000000e8000000, 0x00000000e8000000)
  eden space 87424K, 100% used [0x00000000e0000000, 0x00000000e5560000, 0x00000000e5560000)
  from space 21824K,  53% used [0x00000000e6ab0000, 0x00000000e76073e0, 0x00000000e8000000)
  to   space 21824K,   0% used [0x00000000e5560000, 0x00000000e5560000, 0x00000000e6ab0000)
 concurrent mark-sweep generation total 393216K, used 0K [0x00000000e8000000, 0x0000000100000000, 0x0000000100000000)
 Metaspace       used 20037K, capacity 20350K, committed 20736K, reserved 1067008K
  class space    used 2292K, capacity 2465K, committed 2560K, reserved 1048576K
2017-05-22T20:11:02.222+0200: 2,494: [GC (Allocation Failure) 2017-05-22T20:11:02.222+0200: 2,494: [ParNew
Desired survivor size 20112992 bytes, new threshold 8 (max 8)
- age   1:    4189496 bytes,    4189496 total
- age   2:    6353264 bytes,   10542760 total
: 99036K->15023K(109248K), 0,0103207 secs] 99036K->15023K(502464K), 0,0103949 secs] [Times: user=0,03 sys=0,01, real=0,01 secs] 
Heap after GC invocations=2 (full 0):
 par new generation   total 109248K, used 15023K [0x00000000e0000000, 0x00000000e8000000, 0x00000000e8000000)
  eden space 87424K,   0% used [0x00000000e0000000, 0x00000000e0000000, 0x00000000e5560000)
  from space 21824K,  68% used [0x00000000e5560000, 0x00000000e640bd80, 0x00000000e6ab0000)
  to   space 21824K,   0% used [0x00000000e6ab0000, 0x00000000e6ab0000, 0x00000000e8000000)
 concurrent mark-sweep generation total 393216K, used 0K [0x00000000e8000000, 0x0000000100000000, 0x0000000100000000)
 Metaspace       used 20037K, capacity 20350K, committed 20736K, reserved 1067008K
  class space    used 2292K, capacity 2465K, committed 2560K, reserved 1048576K
}
2017-05-22T20:11:02.232+0200: 2,505: Total time for which application threads were stopped: 0,0111729 seconds, Stopping threads took: 0,0006121 seconds
2017-05-22T20:11:02.252+0200: 2,524: Total time for which application threads were stopped: 0,0003971 seconds, Stopping threads took: 0,0000544 seconds
2017-05-22T20:11:02.317+0200: 2,590: Total time for which application threads were stopped: 0,0004586 seconds, Stopping threads took: 0,0000651 seconds
2017-05-22T20:11:02.455+0200: 2,728: Total time for which application threads were stopped: 0,0001393 seconds, Stopping threads took: 0,0000235 seconds
{Heap before GC invocations=2 (full 0):
 par new generation   total 109248K, used 102447K [0x00000000e0000000, 0x00000000e8000000, 0x00000000e8000000)
  eden space 87424K, 100% used [0x00000000e0000000, 0x00000000e5560000, 0x00000000e5560000)
  from space 21824K,  68% used [0x00000000e5560000, 0x00000000e640bd80, 0x00000000e6ab0000)
  to   space 21824K,   0% used [0x00000000e6ab0000, 0x00000000e6ab0000, 0x00000000e8000000)
 concurrent mark-sweep generation total 393216K, used 0K [0x00000000e8000000, 0x0000000100000000, 0x0000000100000000)
 Metaspace       used 20963K, capacity 21272K, committed 21628K, reserved 1069056K
  class space    used 2414K, capacity 2584K, committed 2684K, reserved 1048576K
2017-05-22T20:11:02.485+0200: 2,758: [GC (Allocation Failure) 2017-05-22T20:11:02.485+0200: 2,758: [ParNew
Desired survivor size 20112992 bytes, new threshold 8 (max 8)
- age   1:    2351024 bytes,    2351024 total
- age   2:    1139832 bytes,    3490856 total
- age   3:    6351464 bytes,    9842320 total
: 102447K->12912K(109248K), 0,0143279 secs] 102447K->12912K(502464K), 0,0144172 secs] [Times: user=0,06 sys=0,00, real=0,02 secs] 
Heap after GC invocations=3 (full 0):
 par new generation   total 109248K, used 12912K [0x00000000e0000000, 0x00000000e8000000, 0x00000000e8000000)
  eden space 87424K,   0% used [0x00000000e0000000, 0x00000000e0000000, 0x00000000e5560000)
  from space 21824K,  59% used [0x00000000e6ab0000, 0x00000000e774c108, 0x00000000e8000000)
  to   space 21824K,   0% used [0x00000000e5560000, 0x00000000e5560000, 0x00000000e6ab0000)
 concurrent mark-sweep generation total 393216K, used 0K [0x00000000e8000000, 0x0000000100000000, 0x0000000100000000)
 Metaspace       used 20963K, capacity 21272K, committed 21628K, reserved 1069056K
  class space    used 2414K, capacity 2584K, committed 2684K, reserved 1048576K
}
2017-05-22T20:11:02.500+0200: 2,772: Total time for which application threads were stopped: 0,0146866 seconds, Stopping threads took: 0,0000979 seconds
2017-05-22T20:11:02.507+0200: 2,780: [GC (CMS Initial Mark) [1 CMS-initial-mark: 0K(393216K)] 16665K(502464K), 0,0043257 secs] [Times: user=0,02 sys=0,00, real=0,00 secs] 
2017-05-22T20:11:02.511+0200: 2,784: Total time for which application threads were stopped: 0,0059673 seconds, Stopping threads took: 0,0015390 seconds
2017-05-22T20:11:02.512+0200: 2,784: [CMS-concurrent-mark-start]
2017-05-22T20:11:02.514+0200: 2,787: [CMS-concurrent-mark: 0,002/0,002 secs] [Times: user=0,00 sys=0,00, real=0,01 secs] 
2017-05-22T20:11:02.514+0200: 2,787: [CMS-concurrent-preclean-start]
2017-05-22T20:11:02.515+0200: 2,788: [CMS-concurrent-preclean: 0,001/0,001 secs] [Times: user=0,00 sys=0,00, real=0,00 secs] 
2017-05-22T20:11:02.515+0200: 2,788: [CMS-concurrent-abortable-preclean-start]
2017-05-22T20:11:02.574+0200: 2,847: Total time for which application threads were stopped: 0,0001758 seconds, Stopping threads took: 0,0000792 seconds
{Heap before GC invocations=3 (full 1):
 par new generation   total 109248K, used 100336K [0x00000000e0000000, 0x00000000e8000000, 0x00000000e8000000)
  eden space 87424K, 100% used [0x00000000e0000000, 0x00000000e5560000, 0x00000000e5560000)
  from space 21824K,  59% used [0x00000000e6ab0000, 0x00000000e774c108, 0x00000000e8000000)
  to   space 21824K,   0% used [0x00000000e5560000, 0x00000000e5560000, 0x00000000e6ab0000)
 concurrent mark-sweep generation total 393216K, used 0K [0x00000000e8000000, 0x0000000100000000, 0x0000000100000000)
 Metaspace       used 21240K, capacity 21612K, committed 21884K, reserved 1069056K
  class space    used 2443K, capacity 2599K, committed 2684K, reserved 1048576K
2017-05-22T20:11:02.618+0200: 2,891: [GC (Allocation Failure) 2017-05-22T20:11:02.618+0200: 2,891: [ParNew
Desired survivor size 20112992 bytes, new threshold 8 (max 8)
- age   1:     777616 bytes,     777616 total
- age   2:    1469952 bytes,    2247568 total
- age   3:    1114720 bytes,    3362288 total
- age   4:    6351440 bytes,    9713728 total
: 100336K->11337K(109248K), 0,0111291 secs] 100336K->11337K(502464K), 0,0112064 secs] [Times: user=0,04 sys=0,00, real=0,01 secs] 
Heap after GC invocations=4 (full 1):
 par new generation   total 109248K, used 11337K [0x00000000e0000000, 0x00000000e8000000, 0x00000000e8000000)
  eden space 87424K,   0% used [0x00000000e0000000, 0x00000000e0000000, 0x00000000e5560000)
  from space 21824K,  51% used [0x00000000e5560000, 0x00000000e6072748, 0x00000000e6ab0000)
  to   space 21824K,   0% used [0x00000000e6ab0000, 0x00000000e6ab0000, 0x00000000e8000000)
 concurrent mark-sweep generation total 393216K, used 0K [0x00000000e8000000, 0x0000000100000000, 0x0000000100000000)
 Metaspace       used 21240K, capacity 21612K, committed 21884K, reserved 1069056K
  class space    used 2443K, capacity 2599K, committed 2684K, reserved 1048576K
}
2017-05-22T20:11:02.629+0200: 2,902: Total time for which application threads were stopped: 0,0120460 seconds, Stopping threads took: 0,0006888 seconds
2017-05-22T20:11:02.629+0200: 2,902: [CMS-concurrent-abortable-preclean: 0,060/0,114 secs] [Times: user=0,43 sys=0,00, real=0,11 secs] 
2017-05-22T20:11:02.630+0200: 2,902: [GC (CMS Final Remark) [YG occupancy: 11993 K (109248 K)]{Heap before GC invocations=4 (full 1):
 par new generation   total 109248K, used 11993K [0x00000000e0000000, 0x00000000e8000000, 0x00000000e8000000)
  eden space 87424K,   0% used [0x00000000e0000000, 0x00000000e00a3f38, 0x00000000e5560000)
  from space 21824K,  51% used [0x00000000e5560000, 0x00000000e6072748, 0x00000000e6ab0000)
  to   space 21824K,   0% used [0x00000000e6ab0000, 0x00000000e6ab0000, 0x00000000e8000000)
 concurrent mark-sweep generation total 393216K, used 0K [0x00000000e8000000, 0x0000000100000000, 0x0000000100000000)
 Metaspace       used 21240K, capacity 21612K, committed 21884K, reserved 1069056K
  class space    used 2443K, capacity 2599K, committed 2684K, reserved 1048576K
2017-05-22T20:11:02.630+0200: 2,902: [GC (CMS Final Remark) 2017-05-22T20:11:02.630+0200: 2,902: [ParNew
Desired survivor size 20112992 bytes, new threshold 8 (max 8)
- age   1:      65336 bytes,      65336 total
- age   2:     716624 bytes,     781960 total
- age   3:    1469952 bytes,    2251912 total
- age   4:    1114760 bytes,    3366672 total
- age   5:    6351504 bytes,    9718176 total
: 11993K->16748K(109248K), 0,0093817 secs] 11993K->16748K(502464K), 0,0094180 secs] [Times: user=0,03 sys=0,01, real=0,01 secs] 
Heap after GC invocations=5 (full 1):
 par new generation   total 109248K, used 16748K [0x00000000e0000000, 0x00000000e8000000, 0x00000000e8000000)
  eden space 87424K,   0% used [0x00000000e0000000, 0x00000000e0000000, 0x00000000e5560000)
  from space 21824K,  76% used [0x00000000e6ab0000, 0x00000000e7b0b240, 0x00000000e8000000)
  to   space 21824K,   0% used [0x00000000e5560000, 0x00000000e5560000, 0x00000000e6ab0000)
 concurrent mark-sweep generation total 393216K, used 0K [0x00000000e8000000, 0x0000000100000000, 0x0000000100000000)
 Metaspace       used 21240K, capacity 21612K, committed 21884K, reserved 1069056K
  class space    used 2443K, capacity 2599K, committed 2684K, reserved 1048576K
}
2017-05-22T20:11:02.639+0200: 2,912: [Rescan (parallel) , 0,0033115 secs]2017-05-22T20:11:02.642+0200: 2,915: [weak refs processing, 0,0008194 secs]2017-05-22T20:11:02.643+0200: 2,916: [class unloading, 0,0028674 secs]2017-05-22T20:11:02.646+0200: 2,919: [scrub symbol table, 0,0030710 secs]2017-05-22T20:11:02.649+0200: 2,922: [scrub string table, 0,0003671 secs][1 CMS-remark: 0K(393216K)] 16748K(502464K), 0,0204913 secs] [Times: user=0,06 sys=0,01, real=0,02 secs] 
2017-05-22T20:11:02.650+0200: 2,923: Total time for which application threads were stopped: 0,0207180 seconds, Stopping threads took: 0,0001560 seconds
2017-05-22T20:11:02.650+0200: 2,923: [CMS-concurrent-sweep-start]
2017-05-22T20:11:02.650+0200: 2,923: [CMS-concurrent-sweep: 0,000/0,000 secs] [Times: user=0,00 sys=0,00, real=0,00 secs] 
2017-05-22T20:11:02.650+0200: 2,923: [CMS-concurrent-reset-start]
2017-05-22T20:11:02.652+0200: 2,925: [CMS-concurrent-reset: 0,002/0,002 secs] [Times: user=0,00 sys=0,00, real=0,00 secs] 
{Heap before GC invocations=5 (full 1):
 par new generation   total 109248K, used 104172K [0x00000000e0000000, 0x00000000e8000000, 0x00000000e8000000)
  eden space 87424K, 100% used [0x00000000e0000000, 0x00000000e5560000, 0x00000000e5560000)
  from space 21824K,  76% used [0x00000000e6ab0000, 0x00000000e7b0b240, 0x00000000e8000000)
  to   space 21824K,   0% used [0x00000000e5560000, 0x00000000e5560000, 0x00000000e6ab0000)
 concurrent mark-sweep generation total 393216K, used 0K [0x00000000e8000000, 0x0000000100000000, 0x0000000100000000)
 Metaspace       used 21370K, capacity 21784K, committed 21884K, reserved 1069056K
  class space    used 2463K, capacity 2633K, committed 2684K, reserved 1048576K
2017-05-22T20:11:02.730+0200: 3,003: [GC (Allocation Failure) 2017-05-22T20:11:02.730+0200: 3,003: [ParNew
Desired survivor size 20112992 bytes, new threshold 8 (max 8)
- age   1:     741256 bytes,     741256 total
- age   3:     184296 bytes,     925552 total
- age   4:    1469848 bytes,    2395400 total
- age   5:    1114608 bytes,    3510008 total
- age   6:    6351464 bytes,    9861472 total
: 104172K->11165K(109248K), 0,0092631 secs] 104172K->11165K(502464K), 0,0093351 secs] [Times: user=0,03 sys=0,00, real=0,01 secs] 
Heap after GC invocations=6 (full 1):
 par new generation   total 109248K, used 11165K [0x00000000e0000000, 0x00000000e8000000, 0x00000000e8000000)
  eden space 87424K,   0% used [0x00000000e0000000, 0x00000000e0000000, 0x00000000e5560000)
  from space 21824K,  51% used [0x00000000e5560000, 0x00000000e6047540, 0x00000000e6ab0000)
  to   space 21824K,   0% used [0x00000000e6ab0000, 0x00000000e6ab0000, 0x00000000e8000000)
 concurrent mark-sweep generation total 393216K, used 0K [0x00000000e8000000, 0x0000000100000000, 0x0000000100000000)
 Metaspace       used 21370K, capacity 21784K, committed 21884K, reserved 1069056K
  class space    used 2463K, capacity 2633K, committed 2684K, reserved 1048576K
}
2017-05-22T20:11:02.739+0200: 3,012: Total time for which application threads were stopped: 0,0120650 seconds, Stopping threads took: 0,0025831 seconds
2017-05-22T20:11:02.774+0200: 3,046: Total time for which application threads were stopped: 0,0003211 seconds, Stopping threads took: 0,0000412 seconds
2017-05-22T20:11:03.082+0200: 3,355: Total time for which application threads were stopped: 0,0004891 seconds, Stopping threads took: 0,0000230 seconds
2017-05-22T20:11:03.105+0200: 3,378: Total time for which application threads were stopped: 0,0004290 seconds, Stopping threads took: 0,0000355 seconds
{Heap before GC invocations=6 (full 1):
 par new generation   total 109248K, used 98589K [0x00000000e0000000, 0x00000000e8000000, 0x00000000e8000000)
  eden space 87424K, 100% used [0x00000000e0000000, 0x00000000e5560000, 0x00000000e5560000)
  from space 21824K,  51% used [0x00000000e5560000, 0x00000000e6047540, 0x00000000e6ab0000)
  to   space 21824K,   0% used [0x00000000e6ab0000, 0x00000000e6ab0000, 0x00000000e8000000)
 concurrent mark-sweep generation total 393216K, used 0K [0x00000000e8000000, 0x0000000100000000, 0x0000000100000000)
 Metaspace       used 23880K, capacity 24320K, committed 24572K, reserved 1071104K
  class space    used 2813K, capacity 3009K, committed 3068K, reserved 1048576K
2017-05-22T20:11:03.312+0200: 3,584: [GC (Allocation Failure) 2017-05-22T20:11:03.312+0200: 3,584: [ParNew
Desired survivor size 20112992 bytes, new threshold 8 (max 8)
- age   1:    5246936 bytes,    5246936 total
- age   2:     112304 bytes,    5359240 total
- age   4:     182792 bytes,    5542032 total
- age   5:     300064 bytes,    5842096 total
- age   6:    1088288 bytes,    6930384 total
- age   7:    6343360 bytes,   13273744 total
: 98589K->18763K(109248K), 0,0202331 secs] 98589K->18763K(502464K), 0,0203207 secs] [Times: user=0,06 sys=0,00, real=0,02 secs] 
Heap after GC invocations=7 (full 1):
 par new generation   total 109248K, used 18763K [0x00000000e0000000, 0x00000000e8000000, 0x00000000e8000000)
  eden space 87424K,   0% used [0x00000000e0000000, 0x00000000e0000000, 0x00000000e5560000)
  from space 21824K,  85% used [0x00000000e6ab0000, 0x00000000e7d02cf8, 0x00000000e8000000)
  to   space 21824K,   0% used [0x00000000e5560000, 0x00000000e5560000, 0x00000000e6ab0000)
 concurrent mark-sweep generation total 393216K, used 0K [0x00000000e8000000, 0x0000000100000000, 0x0000000100000000)
 Metaspace       used 23880K, capacity 24320K, committed 24572K, reserved 1071104K
  class space    used 2813K, capacity 3009K, committed 3068K, reserved 1048576K
}
2017-05-22T20:11:03.332+0200: 3,605: Total time for which application threads were stopped: 0,0206475 seconds, Stopping threads took: 0,0000541 seconds
{Heap before GC invocations=7 (full 1):
 par new generation   total 109248K, used 106187K [0x00000000e0000000, 0x00000000e8000000, 0x00000000e8000000)
  eden space 87424K, 100% used [0x00000000e0000000, 0x00000000e5560000, 0x00000000e5560000)
  from space 21824K,  85% used [0x00000000e6ab0000, 0x00000000e7d02cf8, 0x00000000e8000000)
  to   space 21824K,   0% used [0x00000000e5560000, 0x00000000e5560000, 0x00000000e6ab0000)
 concurrent mark-sweep generation total 393216K, used 0K [0x00000000e8000000, 0x0000000100000000, 0x0000000100000000)
 Metaspace       used 24336K, capacity 24806K, committed 25084K, reserved 1071104K
  class space    used 2853K, capacity 3042K, committed 3068K, reserved 1048576K
2017-05-22T20:11:03.521+0200: 3,794: [GC (Allocation Failure) 2017-05-22T20:11:03.521+0200: 3,794: [ParNew
Desired survivor size 20112992 bytes, new threshold 8 (max 8)
- age   1:    1989728 bytes,    1989728 total
- age   2:    1780432 bytes,    3770160 total
- age   3:      56728 bytes,    3826888 total
- age   5:     104312 bytes,    3931200 total
- age   6:     196144 bytes,    4127344 total
- age   7:     895728 bytes,    5023072 total
- age   8:    5968656 bytes,   10991728 total
: 106187K->13891K(109248K), 0,0281762 secs] 106187K->13891K(502464K), 0,0282664 secs] [Times: user=0,09 sys=0,00, real=0,03 secs] 
Heap after GC invocations=8 (full 1):
 par new generation   total 109248K, used 13891K [0x00000000e0000000, 0x00000000e8000000, 0x00000000e8000000)
  eden space 87424K,   0% used [0x00000000e0000000, 0x00000000e0000000, 0x00000000e5560000)
  from space 21824K,  63% used [0x00000000e5560000, 0x00000000e62f0e80, 0x00000000e6ab0000)
  to   space 21824K,   0% used [0x00000000e6ab0000, 0x00000000e6ab0000, 0x00000000e8000000)
 concurrent mark-sweep generation total 393216K, used 0K [0x00000000e8000000, 0x0000000100000000, 0x0000000100000000)
 Metaspace       used 24336K, capacity 24806K, committed 25084K, reserved 1071104K
  class space    used 2853K, capacity 3042K, committed 3068K, reserved 1048576K
}
2017-05-22T20:11:03.549+0200: 3,822: Total time for which application threads were stopped: 0,0287168 seconds, Stopping threads took: 0,0001941 seconds
{Heap before GC invocations=8 (full 1):
 par new generation   total 109248K, used 101315K [0x00000000e0000000, 0x00000000e8000000, 0x00000000e8000000)
  eden space 87424K, 100% used [0x00000000e0000000, 0x00000000e5560000, 0x00000000e5560000)
  from space 21824K,  63% used [0x00000000e5560000, 0x00000000e62f0e80, 0x00000000e6ab0000)
  to   space 21824K,   0% used [0x00000000e6ab0000, 0x00000000e6ab0000, 0x00000000e8000000)
 concurrent mark-sweep generation total 393216K, used 0K [0x00000000e8000000, 0x0000000100000000, 0x0000000100000000)
 Metaspace       used 24661K, capacity 25120K, committed 25468K, reserved 1071104K
  class space    used 2884K, capacity 3079K, committed 3196K, reserved 1048576K
2017-05-22T20:11:03.672+0200: 3,945: [GC (Allocation Failure) 2017-05-22T20:11:03.672+0200: 3,945: [ParNew
Desired survivor size 20112992 bytes, new threshold 8 (max 8)
- age   1:     807016 bytes,     807016 total
- age   2:     977696 bytes,    1784712 total
- age   3:    1758112 bytes,    3542824 total
- age   4:      56728 bytes,    3599552 total
- age   6:     104112 bytes,    3703664 total
- age   7:     193376 bytes,    3897040 total
- age   8:     894960 bytes,    4792000 total
: 101315K->7202K(109248K), 0,0455607 secs] 101315K->13113K(502464K), 0,0456303 secs] [Times: user=0,11 sys=0,00, real=0,05 secs] 
Heap after GC invocations=9 (full 1):
 par new generation   total 109248K, used 7202K [0x00000000e0000000, 0x00000000e8000000, 0x00000000e8000000)
  eden space 87424K,   0% used [0x00000000e0000000, 0x00000000e0000000, 0x00000000e5560000)
  from space 21824K,  33% used [0x00000000e6ab0000, 0x00000000e71b88c0, 0x00000000e8000000)
  to   space 21824K,   0% used [0x00000000e5560000, 0x00000000e5560000, 0x00000000e6ab0000)
 concurrent mark-sweep generation total 393216K, used 5911K [0x00000000e8000000, 0x0000000100000000, 0x0000000100000000)
 Metaspace       used 24661K, capacity 25120K, committed 25468K, reserved 1071104K
  class space    used 2884K, capacity 3079K, committed 3196K, reserved 1048576K
}
2017-05-22T20:11:03.718+0200: 3,991: Total time for which application threads were stopped: 0,0460967 seconds, Stopping threads took: 0,0002531 seconds
2017-05-22T20:11:03.783+0200: 4,056: Total time for which application threads were stopped: 0,0051431 seconds, Stopping threads took: 0,0039587 seconds
2017-05-22T20:11:03.854+0200: 4,127: Total time for which application threads were stopped: 0,0017830 seconds, Stopping threads took: 0,0016945 seconds
2017-05-22T20:11:03.854+0200: 4,127: Total time for which application threads were stopped: 0,0000986 seconds, Stopping threads took: 0,0000486 seconds
2017-05-22T20:11:03.863+0200: 4,136: Total time for which application threads were stopped: 0,0002789 seconds, Stopping threads took: 0,0001046 seconds
2017-05-22T20:11:03.874+0200: 4,147: Total time for which application threads were stopped: 0,0001562 seconds, Stopping threads took: 0,0000580 seconds
2017-05-22T20:11:03.874+0200: 4,147: Total time for which application threads were stopped: 0,0001047 seconds, Stopping threads took: 0,0000359 seconds
2017-05-22T20:11:03.875+0200: 4,147: Total time for which application threads were stopped: 0,0000872 seconds, Stopping threads took: 0,0000227 seconds
2017-05-22T20:11:03.875+0200: 4,147: Total time for which application threads were stopped: 0,0000742 seconds, Stopping threads took: 0,0000172 seconds
2017-05-22T20:11:03.875+0200: 4,148: Total time for which application threads were stopped: 0,0001222 seconds, Stopping threads took: 0,0000347 seconds
2017-05-22T20:11:03.875+0200: 4,148: Total time for which application threads were stopped: 0,0000835 seconds, Stopping threads took: 0,0000211 seconds
2017-05-22T20:11:03.875+0200: 4,148: Total time for which application threads were stopped: 0,0000891 seconds, Stopping threads took: 0,0000203 seconds
2017-05-22T20:11:03.876+0200: 4,148: Total time for which application threads were stopped: 0,0000766 seconds, Stopping threads took: 0,0000171 seconds
2017-05-22T20:11:03.876+0200: 4,148: Total time for which application threads were stopped: 0,0000831 seconds, Stopping threads took: 0,0000185 seconds
2017-05-22T20:11:03.876+0200: 4,149: Total time for which application threads were stopped: 0,0000819 seconds, Stopping threads took: 0,0000210 seconds
2017-05-22T20:11:03.876+0200: 4,149: Total time for which application threads were stopped: 0,0000801 seconds, Stopping threads took: 0,0000195 seconds
2017-05-22T20:11:03.876+0200: 4,149: Total time for which application threads were stopped: 0,0000691 seconds, Stopping threads took: 0,0000163 seconds
2017-05-22T20:11:03.876+0200: 4,149: Total time for which application threads were stopped: 0,0000794 seconds, Stopping threads took: 0,0000181 seconds
2017-05-22T20:11:03.877+0200: 4,149: Total time for which application threads were stopped: 0,0000934 seconds, Stopping threads took: 0,0000236 seconds
2017-05-22T20:11:03.878+0200: 4,151: Total time for which application threads were stopped: 0,0013257 seconds, Stopping threads took: 0,0012285 seconds
2017-05-22T20:11:03.878+0200: 4,151: Total time for which application threads were stopped: 0,0001171 seconds, Stopping threads took: 0,0000306 seconds
2017-05-22T20:11:03.879+0200: 4,151: Total time for which application threads were stopped: 0,0000948 seconds, Stopping threads took: 0,0000221 seconds
2017-05-22T20:11:03.879+0200: 4,152: Total time for which application threads were stopped: 0,0002016 seconds, Stopping threads took: 0,0000252 seconds
2017-05-22T20:11:03.881+0200: 4,154: Total time for which application threads were stopped: 0,0001467 seconds, Stopping threads took: 0,0000470 seconds
2017-05-22T20:11:03.890+0200: 4,163: Total time for which application threads were stopped: 0,0003116 seconds, Stopping threads took: 0,0002023 seconds
2017-05-22T20:11:03.891+0200: 4,163: Total time for which application threads were stopped: 0,0001082 seconds, Stopping threads took: 0,0000493 seconds
2017-05-22T20:11:03.894+0200: 4,167: Total time for which application threads were stopped: 0,0001235 seconds, Stopping threads took: 0,0000411 seconds
2017-05-22T20:11:03.895+0200: 4,168: Total time for which application threads were stopped: 0,0001381 seconds, Stopping threads took: 0,0000505 seconds
2017-05-22T20:11:03.901+0200: 4,173: Total time for which application threads were stopped: 0,0001547 seconds, Stopping threads took: 0,0000811 seconds
2017-05-22T20:11:03.901+0200: 4,174: Total time for which application threads were stopped: 0,0001922 seconds, Stopping threads took: 0,0001385 seconds
2017-05-22T20:11:03.910+0200: 4,183: Total time for which application threads were stopped: 0,0045618 seconds, Stopping threads took: 0,0044781 seconds
2017-05-22T20:11:03.910+0200: 4,183: Total time for which application threads were stopped: 0,0001075 seconds, Stopping threads took: 0,0000474 seconds
2017-05-22T20:11:03.912+0200: 4,185: Total time for which application threads were stopped: 0,0015053 seconds, Stopping threads took: 0,0014449 seconds
2017-05-22T20:11:03.912+0200: 4,185: Total time for which application threads were stopped: 0,0001290 seconds, Stopping threads took: 0,0000628 seconds
2017-05-22T20:11:03.917+0200: 4,190: Total time for which application threads were stopped: 0,0023167 seconds, Stopping threads took: 0,0022370 seconds
2017-05-22T20:11:03.917+0200: 4,190: Total time for which application threads were stopped: 0,0000762 seconds, Stopping threads took: 0,0000125 seconds
2017-05-22T20:11:03.917+0200: 4,190: Total time for which application threads were stopped: 0,0000708 seconds, Stopping threads took: 0,0000188 seconds
2017-05-22T20:11:03.922+0200: 4,195: Total time for which application threads were stopped: 0,0001107 seconds, Stopping threads took: 0,0000335 seconds
2017-05-22T20:11:03.922+0200: 4,195: Total time for which application threads were stopped: 0,0000866 seconds, Stopping threads took: 0,0000135 seconds
2017-05-22T20:11:03.922+0200: 4,195: Total time for which application threads were stopped: 0,0000874 seconds, Stopping threads took: 0,0000252 seconds
2017-05-22T20:11:03.923+0200: 4,195: Total time for which application threads were stopped: 0,0000802 seconds, Stopping threads took: 0,0000119 seconds
2017-05-22T20:11:03.923+0200: 4,196: Total time for which application threads were stopped: 0,0000806 seconds, Stopping threads took: 0,0000186 seconds
2017-05-22T20:11:03.923+0200: 4,196: Total time for which application threads were stopped: 0,0000751 seconds, Stopping threads took: 0,0000099 seconds
2017-05-22T20:11:03.923+0200: 4,196: Total time for which application threads were stopped: 0,0001041 seconds, Stopping threads took: 0,0000491 seconds
2017-05-22T20:11:03.923+0200: 4,196: Total time for which application threads were stopped: 0,0001541 seconds, Stopping threads took: 0,0000222 seconds
2017-05-22T20:11:03.924+0200: 4,196: Total time for which application threads were stopped: 0,0000769 seconds, Stopping threads took: 0,0000107 seconds
2017-05-22T20:11:03.924+0200: 4,196: Total time for which application threads were stopped: 0,0000710 seconds, Stopping threads took: 0,0000169 seconds
2017-05-22T20:11:03.924+0200: 4,197: Total time for which application threads were stopped: 0,0000676 seconds, Stopping threads took: 0,0000091 seconds
2017-05-22T20:11:03.924+0200: 4,197: Total time for which application threads were stopped: 0,0000951 seconds, Stopping threads took: 0,0000425 seconds
2017-05-22T20:11:03.924+0200: 4,197: Total time for which application threads were stopped: 0,0000789 seconds, Stopping threads took: 0,0000143 seconds
2017-05-22T20:11:03.926+0200: 4,199: Total time for which application threads were stopped: 0,0001262 seconds, Stopping threads took: 0,0000481 seconds
2017-05-22T20:11:03.927+0200: 4,200: Total time for which application threads were stopped: 0,0001091 seconds, Stopping threads took: 0,0000440 seconds
2017-05-22T20:11:03.927+0200: 4,200: Total time for which application threads were stopped: 0,0000761 seconds, Stopping threads took: 0,0000211 seconds
2017-05-22T20:11:03.928+0200: 4,201: Total time for which application threads were stopped: 0,0002231 seconds, Stopping threads took: 0,0001668 seconds
2017-05-22T20:11:03.929+0200: 4,202: Total time for which application threads were stopped: 0,0001303 seconds, Stopping threads took: 0,0000720 seconds
2017-05-22T20:11:03.929+0200: 4,202: Total time for which application threads were stopped: 0,0000675 seconds, Stopping threads took: 0,0000157 seconds
2017-05-22T20:11:03.930+0200: 4,202: Total time for which application threads were stopped: 0,0000582 seconds, Stopping threads took: 0,0000175 seconds
2017-05-22T20:11:03.930+0200: 4,202: Total time for which application threads were stopped: 0,0000568 seconds, Stopping threads took: 0,0000239 seconds
2017-05-22T20:11:03.930+0200: 4,202: Total time for which application threads were stopped: 0,0000391 seconds, Stopping threads took: 0,0000080 seconds
2017-05-22T20:11:03.935+0200: 4,208: Total time for which application threads were stopped: 0,0002305 seconds, Stopping threads took: 0,0001498 seconds
2017-05-22T20:11:03.937+0200: 4,210: Total time for which application threads were stopped: 0,0001103 seconds, Stopping threads took: 0,0000346 seconds
2017-05-22T20:11:03.938+0200: 4,210: Total time for which application threads were stopped: 0,0001479 seconds, Stopping threads took: 0,0000295 seconds
2017-05-22T20:11:03.954+0200: 4,227: Total time for which application threads were stopped: 0,0002900 seconds, Stopping threads took: 0,0001994 seconds
2017-05-22T20:11:03.962+0200: 4,235: Total time for which application threads were stopped: 0,0037655 seconds, Stopping threads took: 0,0036936 seconds
2017-05-22T20:11:03.965+0200: 4,237: Total time for which application threads were stopped: 0,0001804 seconds, Stopping threads took: 0,0001210 seconds
2017-05-22T20:11:03.970+0200: 4,243: Total time for which application threads were stopped: 0,0017206 seconds, Stopping threads took: 0,0016230 seconds
2017-05-22T20:11:03.971+0200: 4,243: Total time for which application threads were stopped: 0,0001409 seconds, Stopping threads took: 0,0000775 seconds
2017-05-22T20:11:03.978+0200: 4,251: Total time for which application threads were stopped: 0,0017903 seconds, Stopping threads took: 0,0016817 seconds
2017-05-22T20:11:03.983+0200: 4,256: Total time for which application threads were stopped: 0,0002839 seconds, Stopping threads took: 0,0002180 seconds
2017-05-22T20:11:03.984+0200: 4,257: Total time for which application threads were stopped: 0,0001840 seconds, Stopping threads took: 0,0001247 seconds
2017-05-22T20:11:04.006+0200: 4,279: Total time for which application threads were stopped: 0,0027349 seconds, Stopping threads took: 0,0026574 seconds
2017-05-22T20:11:04.038+0200: 4,311: Total time for which application threads were stopped: 0,0001615 seconds, Stopping threads took: 0,0000307 seconds
2017-05-22T20:11:04.049+0200: 4,322: Total time for which application threads were stopped: 0,0001000 seconds, Stopping threads took: 0,0000376 seconds
2017-05-22T20:11:04.110+0200: 4,383: Total time for which application threads were stopped: 0,0005009 seconds, Stopping threads took: 0,0000287 seconds
2017-05-22T20:11:04.153+0200: 4,426: Total time for which application threads were stopped: 0,0004422 seconds, Stopping threads took: 0,0000442 seconds
2017-05-22T20:11:04.206+0200: 4,479: Total time for which application threads were stopped: 0,0001405 seconds, Stopping threads took: 0,0000458 seconds
2017-05-22T20:11:04.222+0200: 4,494: Total time for which application threads were stopped: 0,0012558 seconds, Stopping threads took: 0,0008260 seconds
2017-05-22T20:11:04.229+0200: 4,502: Total time for which application threads were stopped: 0,0001201 seconds, Stopping threads took: 0,0000304 seconds
2017-05-22T20:11:04.230+0200: 4,502: Total time for which application threads were stopped: 0,0000786 seconds, Stopping threads took: 0,0000150 seconds
2017-05-22T20:11:04.245+0200: 4,518: Total time for which application threads were stopped: 0,0001126 seconds, Stopping threads took: 0,0000377 seconds
2017-05-22T20:11:04.250+0200: 4,523: Total time for which application threads were stopped: 0,0001380 seconds, Stopping threads took: 0,0000449 seconds
2017-05-22T20:11:04.253+0200: 4,525: Total time for which application threads were stopped: 0,0001088 seconds, Stopping threads took: 0,0000399 seconds
2017-05-22T20:11:04.256+0200: 4,528: Total time for which application threads were stopped: 0,0001458 seconds, Stopping threads took: 0,0000505 seconds
2017-05-22T20:11:04.259+0200: 4,532: Total time for which application threads were stopped: 0,0005060 seconds, Stopping threads took: 0,0004186 seconds
2017-05-22T20:11:04.262+0200: 4,535: Total time for which application threads were stopped: 0,0001996 seconds, Stopping threads took: 0,0000840 seconds
2017-05-22T20:11:04.274+0200: 4,547: Total time for which application threads were stopped: 0,0054231 seconds, Stopping threads took: 0,0053105 seconds
2017-05-22T20:11:04.279+0200: 4,552: Total time for which application threads were stopped: 0,0001404 seconds, Stopping threads took: 0,0000273 seconds
2017-05-22T20:11:04.285+0200: 4,558: Total time for which application threads were stopped: 0,0001465 seconds, Stopping threads took: 0,0000405 seconds
2017-05-22T20:11:04.289+0200: 4,562: Total time for which application threads were stopped: 0,0001249 seconds, Stopping threads took: 0,0000273 seconds
2017-05-22T20:11:04.290+0200: 4,562: Total time for which application threads were stopped: 0,0001133 seconds, Stopping threads took: 0,0000324 seconds
2017-05-22T20:11:04.292+0200: 4,565: Total time for which application threads were stopped: 0,0001258 seconds, Stopping threads took: 0,0000577 seconds
2017-05-22T20:11:04.298+0200: 4,570: Total time for which application threads were stopped: 0,0001067 seconds, Stopping threads took: 0,0000376 seconds
2017-05-22T20:11:04.302+0200: 4,575: Total time for which application threads were stopped: 0,0002118 seconds, Stopping threads took: 0,0001091 seconds
2017-05-22T20:11:04.314+0200: 4,586: Total time for which application threads were stopped: 0,0024781 seconds, Stopping threads took: 0,0023841 seconds
2017-05-22T20:11:04.315+0200: 4,588: Total time for which application threads were stopped: 0,0001136 seconds, Stopping threads took: 0,0000524 seconds
2017-05-22T20:11:04.322+0200: 4,594: Total time for which application threads were stopped: 0,0001300 seconds, Stopping threads took: 0,0000608 seconds
2017-05-22T20:11:04.335+0200: 4,608: Total time for which application threads were stopped: 0,0002515 seconds, Stopping threads took: 0,0000825 seconds
2017-05-22T20:11:04.344+0200: 4,617: Total time for which application threads were stopped: 0,0001344 seconds, Stopping threads took: 0,0000641 seconds
2017-05-22T20:11:04.349+0200: 4,622: Total time for which application threads were stopped: 0,0003905 seconds, Stopping threads took: 0,0000396 seconds
2017-05-22T20:11:04.350+0200: 4,623: Total time for which application threads were stopped: 0,0002548 seconds, Stopping threads took: 0,0001965 seconds
2017-05-22T20:11:05.350+0200: 5,623: Total time for which application threads were stopped: 0,0000752 seconds, Stopping threads took: 0,0000163 seconds
{Heap before GC invocations=9 (full 1):
 par new generation   total 109248K, used 94626K [0x00000000e0000000, 0x00000000e8000000, 0x00000000e8000000)
  eden space 87424K, 100% used [0x00000000e0000000, 0x00000000e5560000, 0x00000000e5560000)
  from space 21824K,  33% used [0x00000000e6ab0000, 0x00000000e71b88c0, 0x00000000e8000000)
  to   space 21824K,   0% used [0x00000000e5560000, 0x00000000e5560000, 0x00000000e6ab0000)
 concurrent mark-sweep generation total 393216K, used 5911K [0x00000000e8000000, 0x0000000100000000, 0x0000000100000000)
 Metaspace       used 28021K, capacity 28542K, committed 28796K, reserved 1075200K
  class space    used 3210K, capacity 3384K, committed 3452K, reserved 1048576K
2017-05-22T20:11:10.645+0200: 10,918: [GC (Allocation Failure) 2017-05-22T20:11:10.645+0200: 10,918: [ParNew
Desired survivor size 20112992 bytes, new threshold 8 (max 8)
- age   1:   11081104 bytes,   11081104 total
- age   2:     230176 bytes,   11311280 total
- age   3:     198040 bytes,   11509320 total
- age   4:    1752496 bytes,   13261816 total
- age   5:      56728 bytes,   13318544 total
- age   7:     101344 bytes,   13419888 total
- age   8:     192752 bytes,   13612640 total
: 94626K->14434K(109248K), 0,0415706 secs] 100537K->21314K(502464K), 0,0416381 secs] [Times: user=0,05 sys=0,00, real=0,05 secs] 
Heap after GC invocations=10 (full 1):
 par new generation   total 109248K, used 14434K [0x00000000e0000000, 0x00000000e8000000, 0x00000000e8000000)
  eden space 87424K,   0% used [0x00000000e0000000, 0x00000000e0000000, 0x00000000e5560000)
  from space 21824K,  66% used [0x00000000e5560000, 0x00000000e6378a60, 0x00000000e6ab0000)
  to   space 21824K,   0% used [0x00000000e6ab0000, 0x00000000e6ab0000, 0x00000000e8000000)
 concurrent mark-sweep generation total 393216K, used 6880K [0x00000000e8000000, 0x0000000100000000, 0x0000000100000000)
 Metaspace       used 28021K, capacity 28542K, committed 28796K, reserved 1075200K
  class space    used 3210K, capacity 3384K, committed 3452K, reserved 1048576K
}
2017-05-22T20:11:10.687+0200: 10,960: Total time for which application threads were stopped: 0,0418352 seconds, Stopping threads took: 0,0000220 seconds
2017-05-22T20:11:10.688+0200: 10,960: Total time for which application threads were stopped: 0,0000633 seconds, Stopping threads took: 0,0000162 seconds
2017-05-22T20:11:10.688+0200: 10,960: Total time for which application threads were stopped: 0,0000414 seconds, Stopping threads took: 0,0000106 seconds
2017-05-22T20:12:21.099+0200: 81,970: Total time for which application threads were stopped: 0,0001416 seconds, Stopping threads took: 0,0000398 seconds
2017-05-22T20:12:56.105+0200: 116,975: Total time for which application threads were stopped: 0,0000764 seconds, Stopping threads took: 0,0000338 seconds
2017-05-22T20:13:01.105+0200: 121,976: Total time for which application threads were stopped: 0,0000682 seconds, Stopping threads took: 0,0000168 seconds
2017-05-22T20:13:20.108+0200: 140,978: Total time for which application threads were stopped: 0,0000815 seconds, Stopping threads took: 0,0000342 seconds
2017-05-22T20:13:26.109+0200: 146,979: Total time for which application threads were stopped: 0,0000693 seconds, Stopping threads took: 0,0000189 seconds
2017-05-22T20:13:35.110+0200: 155,980: Total time for which application threads were stopped: 0,0001272 seconds, Stopping threads took: 0,0000525 seconds
2017-05-22T20:15:36.124+0200: 276,994: Total time for which application threads were stopped: 0,0000933 seconds, Stopping threads took: 0,0000328 seconds
2017-05-22T20:34:30.238+0200: 1411,108: Total time for which application threads were stopped: 0,0000856 seconds, Stopping threads took: 0,0000349 seconds
2017-05-22T20:39:15.269+0200: 1696,140: Total time for which application threads were stopped: 0,0001639 seconds, Stopping threads took: 0,0000816 seconds
2017-05-22T20:49:40.334+0200: 2321,204: Total time for which application threads were stopped: 0,0004845 seconds, Stopping threads took: 0,0002077 seconds
2017-05-22T20:49:41.334+0200: 2322,205: Total time for which application threads were stopped: 0,0000643 seconds, Stopping threads took: 0,0000159 seconds
2017-05-22T21:07:01.445+0200: 3362,316: Total time for which application threads were stopped: 0,0001063 seconds, Stopping threads took: 0,0000407 seconds
2017-05-22T21:15:40.500+0200: 3881,370: Total time for which application threads were stopped: 0,0000767 seconds, Stopping threads took: 0,0000306 seconds
2017-05-22T21:17:05.508+0200: 3966,378: Total time for which application threads were stopped: 0,0001124 seconds, Stopping threads took: 0,0000415 seconds
2017-05-22T21:32:41.599+0200: 4902,469: Total time for which application threads were stopped: 0,0000864 seconds, Stopping threads took: 0,0000331 seconds
2017-05-22T21:33:26.604+0200: 4947,474: Total time for which application threads were stopped: 0,0000754 seconds, Stopping threads took: 0,0000306 seconds
2017-05-22T22:13:00.870+0200: 7321,740: Total time for which application threads were stopped: 0,0000860 seconds, Stopping threads took: 0,0000352 seconds
2017-05-22T22:13:16.872+0200: 7337,742: Total time for which application threads were stopped: 0,0000655 seconds, Stopping threads took: 0,0000153 seconds
2017-05-22T22:19:00.912+0200: 7681,783: Total time for which application threads were stopped: 0,0000862 seconds, Stopping threads took: 0,0000352 seconds
2017-05-22T22:19:30.916+0200: 7711,787: Total time for which application threads were stopped: 0,0000974 seconds, Stopping threads took: 0,0000327 seconds
2017-05-22T23:22:31.322+0200: 11492,192: Total time for which application threads were stopped: 0,0001094 seconds, Stopping threads took: 0,0000401 seconds
2017-05-23T00:18:14.209+0200: 14835,080: Total time for which application threads were stopped: 0,0069370 seconds, Stopping threads took: 0,0068504 seconds
2017-05-23T00:18:14.210+0200: 14835,080: Total time for which application threads were stopped: 0,0000710 seconds, Stopping threads took: 0,0000149 seconds
2017-05-23T00:18:14.211+0200: 14835,081: Total time for which application threads were stopped: 0,0000664 seconds, Stopping threads took: 0,0000118 seconds
2017-05-23T00:18:14.211+0200: 14835,081: Total time for which application threads were stopped: 0,0000424 seconds, Stopping threads took: 0,0000061 seconds
2017-05-23T00:18:14.211+0200: 14835,081: Total time for which application threads were stopped: 0,0000445 seconds, Stopping threads took: 0,0000062 seconds
2017-05-23T00:18:14.211+0200: 14835,082: Total time for which application threads were stopped: 0,0000370 seconds, Stopping threads took: 0,0000051 seconds
2017-05-23T00:18:14.211+0200: 14835,082: Total time for which application threads were stopped: 0,0000341 seconds, Stopping threads took: 0,0000045 seconds
2017-05-23T00:18:14.211+0200: 14835,082: Total time for which application threads were stopped: 0,0000347 seconds, Stopping threads took: 0,0000046 seconds
2017-05-23T00:18:14.211+0200: 14835,082: Total time for which application threads were stopped: 0,0000349 seconds, Stopping threads took: 0,0000047 seconds
2017-05-23T00:18:14.211+0200: 14835,082: Total time for which application threads were stopped: 0,0000360 seconds, Stopping threads took: 0,0000047 seconds
2017-05-23T00:18:14.211+0200: 14835,082: Total time for which application threads were stopped: 0,0000341 seconds, Stopping threads took: 0,0000045 seconds
2017-05-23T00:18:14.212+0200: 14835,082: Total time for which application threads were stopped: 0,0000382 seconds, Stopping threads took: 0,0000065 seconds
2017-05-23T00:18:14.212+0200: 14835,082: Total time for which application threads were stopped: 0,0000356 seconds, Stopping threads took: 0,0000053 seconds
2017-05-23T00:18:14.212+0200: 14835,082: Total time for which application threads were stopped: 0,0000352 seconds, Stopping threads took: 0,0000050 seconds
2017-05-23T00:18:14.212+0200: 14835,082: Total time for which application threads were stopped: 0,0000349 seconds, Stopping threads took: 0,0000049 seconds
2017-05-23T00:18:14.212+0200: 14835,082: Total time for which application threads were stopped: 0,0000362 seconds, Stopping threads took: 0,0000050 seconds
2017-05-23T00:18:14.212+0200: 14835,082: Total time for which application threads were stopped: 0,0000349 seconds, Stopping threads took: 0,0000048 seconds
2017-05-23T00:18:14.212+0200: 14835,082: Total time for which application threads were stopped: 0,0000329 seconds, Stopping threads took: 0,0000047 seconds
2017-05-23T00:18:14.216+0200: 14835,087: Total time for which application threads were stopped: 0,0000759 seconds, Stopping threads took: 0,0000154 seconds
2017-05-23T00:18:14.244+0200: 14835,114: Total time for which application threads were stopped: 0,0028122 seconds, Stopping threads took: 0,0027213 seconds
2017-05-23T00:18:14.244+0200: 14835,114: Total time for which application threads were stopped: 0,0000441 seconds, Stopping threads took: 0,0000117 seconds
2017-05-23T00:18:14.244+0200: 14835,114: Total time for which application threads were stopped: 0,0000373 seconds, Stopping threads took: 0,0000080 seconds
2017-05-23T00:18:14.244+0200: 14835,114: Total time for which application threads were stopped: 0,0000354 seconds, Stopping threads took: 0,0000072 seconds
2017-05-23T00:18:14.244+0200: 14835,114: Total time for which application threads were stopped: 0,0000341 seconds, Stopping threads took: 0,0000072 seconds
2017-05-23T00:18:14.244+0200: 14835,114: Total time for which application threads were stopped: 0,0000627 seconds, Stopping threads took: 0,0000065 seconds
2017-05-23T00:18:14.244+0200: 14835,114: Total time for which application threads were stopped: 0,0000314 seconds, Stopping threads took: 0,0000046 seconds
2017-05-23T00:18:14.244+0200: 14835,115: Total time for which application threads were stopped: 0,0004194 seconds, Stopping threads took: 0,0000069 seconds
2017-05-23T00:18:14.245+0200: 14835,115: Total time for which application threads were stopped: 0,0000626 seconds, Stopping threads took: 0,0000119 seconds
2017-05-23T00:18:14.272+0200: 14835,142: Total time for which application threads were stopped: 0,0229467 seconds, Stopping threads took: 0,0228568 seconds
2017-05-23T00:18:14.279+0200: 14835,149: Total time for which application threads were stopped: 0,0049977 seconds, Stopping threads took: 0,0049265 seconds
2017-05-23T00:18:14.279+0200: 14835,150: Total time for which application threads were stopped: 0,0000592 seconds, Stopping threads took: 0,0000113 seconds
2017-05-23T00:18:14.283+0200: 14835,153: Total time for which application threads were stopped: 0,0001189 seconds, Stopping threads took: 0,0000388 seconds
2017-05-23T00:18:14.283+0200: 14835,154: Total time for which application threads were stopped: 0,0000878 seconds, Stopping threads took: 0,0000187 seconds
2017-05-23T00:18:14.284+0200: 14835,154: Total time for which application threads were stopped: 0,0000752 seconds, Stopping threads took: 0,0000218 seconds
2017-05-23T00:18:14.284+0200: 14835,154: Total time for which application threads were stopped: 0,0000755 seconds, Stopping threads took: 0,0000211 seconds
2017-05-23T00:18:14.284+0200: 14835,155: Total time for which application threads were stopped: 0,0000627 seconds, Stopping threads took: 0,0000169 seconds
2017-05-23T00:18:14.285+0200: 14835,155: Total time for which application threads were stopped: 0,0000676 seconds, Stopping threads took: 0,0000187 seconds
2017-05-23T00:18:14.285+0200: 14835,155: Total time for which application threads were stopped: 0,0000617 seconds, Stopping threads took: 0,0000168 seconds
2017-05-23T00:18:14.285+0200: 14835,156: Total time for which application threads were stopped: 0,0000915 seconds, Stopping threads took: 0,0000289 seconds
2017-05-23T00:18:14.285+0200: 14835,156: Total time for which application threads were stopped: 0,0000464 seconds, Stopping threads took: 0,0000066 seconds
2017-05-23T00:18:14.286+0200: 14835,156: Total time for which application threads were stopped: 0,0000437 seconds, Stopping threads took: 0,0000061 seconds
2017-05-23T00:18:14.286+0200: 14835,156: Total time for which application threads were stopped: 0,0000384 seconds, Stopping threads took: 0,0000050 seconds
2017-05-23T00:18:14.286+0200: 14835,156: Total time for which application threads were stopped: 0,0000365 seconds, Stopping threads took: 0,0000050 seconds
2017-05-23T00:18:14.286+0200: 14835,156: Total time for which application threads were stopped: 0,0000356 seconds, Stopping threads took: 0,0000049 seconds
2017-05-23T00:18:14.286+0200: 14835,156: Total time for which application threads were stopped: 0,0000390 seconds, Stopping threads took: 0,0000072 seconds
2017-05-23T00:18:14.286+0200: 14835,156: Total time for which application threads were stopped: 0,0000365 seconds, Stopping threads took: 0,0000049 seconds
2017-05-23T00:18:14.286+0200: 14835,156: Total time for which application threads were stopped: 0,0000362 seconds, Stopping threads took: 0,0000048 seconds
2017-05-23T00:18:14.292+0200: 14835,162: Total time for which application threads were stopped: 0,0050407 seconds, Stopping threads took: 0,0049556 seconds
2017-05-23T00:18:14.292+0200: 14835,163: Total time for which application threads were stopped: 0,0000670 seconds, Stopping threads took: 0,0000117 seconds
2017-05-23T00:18:14.294+0200: 14835,165: Total time for which application threads were stopped: 0,0010243 seconds, Stopping threads took: 0,0000260 seconds
2017-05-23T00:18:14.312+0200: 14835,183: Total time for which application threads were stopped: 0,0000894 seconds, Stopping threads took: 0,0000187 seconds
2017-05-23T00:18:14.313+0200: 14835,183: Total time for which application threads were stopped: 0,0001221 seconds, Stopping threads took: 0,0000750 seconds
2017-05-23T00:18:14.313+0200: 14835,184: Total time for which application threads were stopped: 0,0000715 seconds, Stopping threads took: 0,0000203 seconds
2017-05-23T00:18:14.314+0200: 14835,185: Total time for which application threads were stopped: 0,0000859 seconds, Stopping threads took: 0,0000263 seconds
2017-05-23T00:18:14.315+0200: 14835,185: Total time for which application threads were stopped: 0,0000689 seconds, Stopping threads took: 0,0000174 seconds
2017-05-23T00:18:14.320+0200: 14835,191: Total time for which application threads were stopped: 0,0001554 seconds, Stopping threads took: 0,0000396 seconds
2017-05-23T00:18:14.321+0200: 14835,191: Total time for which application threads were stopped: 0,0000821 seconds, Stopping threads took: 0,0000218 seconds
2017-05-23T00:18:14.321+0200: 14835,191: Total time for which application threads were stopped: 0,0000480 seconds, Stopping threads took: 0,0000105 seconds
2017-05-23T00:18:14.321+0200: 14835,192: Total time for which application threads were stopped: 0,0005740 seconds, Stopping threads took: 0,0005198 seconds
2017-05-23T00:18:14.322+0200: 14835,192: Total time for which application threads were stopped: 0,0000434 seconds, Stopping threads took: 0,0000068 seconds
2017-05-23T00:18:14.322+0200: 14835,192: Total time for which application threads were stopped: 0,0000453 seconds, Stopping threads took: 0,0000120 seconds
2017-05-23T00:18:14.322+0200: 14835,192: Total time for which application threads were stopped: 0,0000513 seconds, Stopping threads took: 0,0000098 seconds
2017-05-23T00:18:14.322+0200: 14835,192: Total time for which application threads were stopped: 0,0000667 seconds, Stopping threads took: 0,0000357 seconds
2017-05-23T00:18:14.322+0200: 14835,193: Total time for which application threads were stopped: 0,0000846 seconds, Stopping threads took: 0,0000460 seconds
2017-05-23T00:18:14.323+0200: 14835,194: Total time for which application threads were stopped: 0,0000914 seconds, Stopping threads took: 0,0000313 seconds
2017-05-23T00:18:14.323+0200: 14835,194: Total time for which application threads were stopped: 0,0000505 seconds, Stopping threads took: 0,0000150 seconds
2017-05-23T00:18:14.323+0200: 14835,194: Total time for which application threads were stopped: 0,0000473 seconds, Stopping threads took: 0,0000129 seconds
2017-05-23T00:18:14.324+0200: 14835,194: Total time for which application threads were stopped: 0,0000434 seconds, Stopping threads took: 0,0000116 seconds
2017-05-23T00:18:14.324+0200: 14835,194: Total time for which application threads were stopped: 0,0000764 seconds, Stopping threads took: 0,0000350 seconds
2017-05-23T00:18:14.324+0200: 14835,194: Total time for which application threads were stopped: 0,0000560 seconds, Stopping threads took: 0,0000218 seconds
2017-05-23T00:18:14.324+0200: 14835,194: Total time for which application threads were stopped: 0,0000518 seconds, Stopping threads took: 0,0000155 seconds
2017-05-23T00:18:14.325+0200: 14835,196: Total time for which application threads were stopped: 0,0000855 seconds, Stopping threads took: 0,0000195 seconds
2017-05-23T00:18:14.325+0200: 14835,196: Total time for which application threads were stopped: 0,0000635 seconds, Stopping threads took: 0,0000172 seconds
2017-05-23T00:18:14.326+0200: 14835,196: Total time for which application threads were stopped: 0,0001777 seconds, Stopping threads took: 0,0000136 seconds
2017-05-23T00:18:14.329+0200: 14835,199: Total time for which application threads were stopped: 0,0001592 seconds, Stopping threads took: 0,0000523 seconds
2017-05-23T00:18:14.331+0200: 14835,201: Total time for which application threads were stopped: 0,0000962 seconds, Stopping threads took: 0,0000182 seconds
2017-05-23T00:18:14.331+0200: 14835,201: Total time for which application threads were stopped: 0,0000844 seconds, Stopping threads took: 0,0000107 seconds
Heap
 par new generation   total 109248K, used 38263K [0x00000000e0000000, 0x00000000e8000000, 0x00000000e8000000)
  eden space 87424K,  27% used [0x00000000e0000000, 0x00000000e1745528, 0x00000000e5560000)
  from space 21824K,  66% used [0x00000000e5560000, 0x00000000e6378a60, 0x00000000e6ab0000)
  to   space 21824K,   0% used [0x00000000e6ab0000, 0x00000000e6ab0000, 0x00000000e8000000)
 concurrent mark-sweep generation total 393216K, used 6880K [0x00000000e8000000, 0x0000000100000000, 0x0000000100000000)
 Metaspace       used 28182K, capacity 28710K, committed 28796K, reserved 1075200K
  class space    used 3224K, capacity 3418K, committed 3452K, reserved 1048576K
