OpenJDK 64-Bit Server VM (25.131-b11) for linux-amd64 JRE (1.8.0_131-8u131-b11-2ubuntu1.16.04.3-b11), built on Jul 28 2017 01:23:32 by "buildd" with gcc 5.4.0 20160609
Memory: 4k page, physical 7867736k(7473320k free), swap 8076284k(8076284k free)
CommandLine flags: -XX:CMSInitiatingOccupancyFraction=50 -XX:CMSMaxAbortablePrecleanTime=6000 -XX:+CMSParallelRemarkEnabled -XX:+CMSScavengeBeforeRemark -XX:ConcGCThreads=4 -XX:InitialHeapSize=536870912 -XX:MaxHeapSize=536870912 -XX:MaxTenuringThreshold=8 -XX:NewRatio=3 -XX:OldPLABSize=16 -XX:OnOutOfMemoryError=/opt/solr/bin/oom_solr.sh 8983 /var/solr/logs -XX:ParallelGCThreads=4 -XX:+ParallelRefProcEnabled -XX:PretenureSizeThreshold=67108864 -XX:+PrintGC -XX:+PrintGCApplicationStoppedTime -XX:+PrintGCDateStamps -XX:+PrintGCDetails -XX:+PrintGCTimeStamps -XX:+PrintHeapAtGC -XX:+PrintTenuringDistribution -XX:SurvivorRatio=4 -XX:TargetSurvivorRatio=90 -XX:ThreadStackSize=256 -XX:+UseCMSInitiatingOccupancyOnly -XX:+UseCompressedClassPointers -XX:+UseCompressedOops -XX:+UseConcMarkSweepGC -XX:+UseParNewGC 
2017-08-03T02:35:18.185+0200: 0,191: Total time for which application threads were stopped: 0,0000655 seconds, Stopping threads took: 0,0000098 seconds
2017-08-03T02:35:18.292+0200: 0,299: Total time for which application threads were stopped: 0,0001089 seconds, Stopping threads took: 0,0000195 seconds
2017-08-03T02:35:18.313+0200: 0,319: Total time for which application threads were stopped: 0,0000792 seconds, Stopping threads took: 0,0000140 seconds
2017-08-03T02:35:18.638+0200: 0,645: Total time for which application threads were stopped: 0,0001660 seconds, Stopping threads took: 0,0000316 seconds
2017-08-03T02:35:19.051+0200: 1,058: Total time for which application threads were stopped: 0,0001577 seconds, Stopping threads took: 0,0000183 seconds
2017-08-03T02:35:19.139+0200: 1,145: Total time for which application threads were stopped: 0,0001899 seconds, Stopping threads took: 0,0000173 seconds
2017-08-03T02:35:19.164+0200: 1,171: Total time for which application threads were stopped: 0,0002239 seconds, Stopping threads took: 0,0000432 seconds
2017-08-03T02:35:19.520+0200: 1,527: Total time for which application threads were stopped: 0,0001642 seconds, Stopping threads took: 0,0000224 seconds
2017-08-03T02:35:19.793+0200: 1,799: Total time for which application threads were stopped: 0,0002205 seconds, Stopping threads took: 0,0000221 seconds
2017-08-03T02:35:19.821+0200: 1,828: Total time for which application threads were stopped: 0,0001665 seconds, Stopping threads took: 0,0000234 seconds
2017-08-03T02:35:19.861+0200: 1,868: Total time for which application threads were stopped: 0,0002060 seconds, Stopping threads took: 0,0000232 seconds
2017-08-03T02:35:19.865+0200: 1,871: Total time for which application threads were stopped: 0,0006317 seconds, Stopping threads took: 0,0000266 seconds
2017-08-03T02:35:19.889+0200: 1,896: Total time for which application threads were stopped: 0,0001986 seconds, Stopping threads took: 0,0000180 seconds
2017-08-03T02:35:20.004+0200: 2,010: Total time for which application threads were stopped: 0,0009647 seconds, Stopping threads took: 0,0001330 seconds
2017-08-03T02:35:20.200+0200: 2,207: Total time for which application threads were stopped: 0,0006277 seconds, Stopping threads took: 0,0004119 seconds
{Heap before GC invocations=0 (full 0):
 par new generation   total 109248K, used 87424K [0x00000000e0000000, 0x00000000e8000000, 0x00000000e8000000)
  eden space 87424K, 100% used [0x00000000e0000000, 0x00000000e5560000, 0x00000000e5560000)
  from space 21824K,   0% used [0x00000000e5560000, 0x00000000e5560000, 0x00000000e6ab0000)
  to   space 21824K,   0% used [0x00000000e6ab0000, 0x00000000e6ab0000, 0x00000000e8000000)
 concurrent mark-sweep generation total 393216K, used 0K [0x00000000e8000000, 0x0000000100000000, 0x0000000100000000)
 Metaspace       used 17899K, capacity 18240K, committed 18304K, reserved 1064960K
  class space    used 2027K, capacity 2164K, committed 2176K, reserved 1048576K
2017-08-03T02:35:20.254+0200: 2,260: [GC (Allocation Failure) 2017-08-03T02:35:20.254+0200: 2,260: [ParNew
Desired survivor size 20112992 bytes, new threshold 8 (max 8)
- age   1:   11805440 bytes,   11805440 total
: 87424K->11637K(109248K), 0,0160152 secs] 87424K->11637K(502464K), 0,0161095 secs] [Times: user=0,05 sys=0,00, real=0,02 secs] 
Heap after GC invocations=1 (full 0):
 par new generation   total 109248K, used 11637K [0x00000000e0000000, 0x00000000e8000000, 0x00000000e8000000)
  eden space 87424K,   0% used [0x00000000e0000000, 0x00000000e0000000, 0x00000000e5560000)
  from space 21824K,  53% used [0x00000000e6ab0000, 0x00000000e760d778, 0x00000000e8000000)
  to   space 21824K,   0% used [0x00000000e5560000, 0x00000000e5560000, 0x00000000e6ab0000)
 concurrent mark-sweep generation total 393216K, used 0K [0x00000000e8000000, 0x0000000100000000, 0x0000000100000000)
 Metaspace       used 17899K, capacity 18240K, committed 18304K, reserved 1064960K
  class space    used 2027K, capacity 2164K, committed 2176K, reserved 1048576K
}
2017-08-03T02:35:20.270+0200: 2,277: Total time for which application threads were stopped: 0,0177081 seconds, Stopping threads took: 0,0013955 seconds
2017-08-03T02:35:20.637+0200: 2,644: Total time for which application threads were stopped: 0,0004082 seconds, Stopping threads took: 0,0000556 seconds
{Heap before GC invocations=1 (full 0):
 par new generation   total 109248K, used 99061K [0x00000000e0000000, 0x00000000e8000000, 0x00000000e8000000)
  eden space 87424K, 100% used [0x00000000e0000000, 0x00000000e5560000, 0x00000000e5560000)
  from space 21824K,  53% used [0x00000000e6ab0000, 0x00000000e760d778, 0x00000000e8000000)
  to   space 21824K,   0% used [0x00000000e5560000, 0x00000000e5560000, 0x00000000e6ab0000)
 concurrent mark-sweep generation total 393216K, used 0K [0x00000000e8000000, 0x0000000100000000, 0x0000000100000000)
 Metaspace       used 20028K, capacity 20364K, committed 20736K, reserved 1067008K
  class space    used 2293K, capacity 2468K, committed 2560K, reserved 1048576K
2017-08-03T02:35:20.678+0200: 2,684: [GC (Allocation Failure) 2017-08-03T02:35:20.678+0200: 2,684: [ParNew
Desired survivor size 20112992 bytes, new threshold 8 (max 8)
- age   1:    4072112 bytes,    4072112 total
- age   2:    6368664 bytes,   10440776 total
: 99061K->14997K(109248K), 0,0141577 secs] 99061K->14997K(502464K), 0,0142384 secs] [Times: user=0,06 sys=0,00, real=0,02 secs] 
Heap after GC invocations=2 (full 0):
 par new generation   total 109248K, used 14997K [0x00000000e0000000, 0x00000000e8000000, 0x00000000e8000000)
  eden space 87424K,   0% used [0x00000000e0000000, 0x00000000e0000000, 0x00000000e5560000)
  from space 21824K,  68% used [0x00000000e5560000, 0x00000000e6405680, 0x00000000e6ab0000)
  to   space 21824K,   0% used [0x00000000e6ab0000, 0x00000000e6ab0000, 0x00000000e8000000)
 concurrent mark-sweep generation total 393216K, used 0K [0x00000000e8000000, 0x0000000100000000, 0x0000000100000000)
 Metaspace       used 20028K, capacity 20364K, committed 20736K, reserved 1067008K
  class space    used 2293K, capacity 2468K, committed 2560K, reserved 1048576K
}
2017-08-03T02:35:20.692+0200: 2,699: Total time for which application threads were stopped: 0,0145367 seconds, Stopping threads took: 0,0001088 seconds
2017-08-03T02:35:20.705+0200: 2,711: Total time for which application threads were stopped: 0,0003493 seconds, Stopping threads took: 0,0000952 seconds
2017-08-03T02:35:20.739+0200: 2,746: Total time for which application threads were stopped: 0,0012529 seconds, Stopping threads took: 0,0009828 seconds
2017-08-03T02:35:20.887+0200: 2,893: Total time for which application threads were stopped: 0,0004840 seconds, Stopping threads took: 0,0003540 seconds
{Heap before GC invocations=2 (full 0):
 par new generation   total 109248K, used 102421K [0x00000000e0000000, 0x00000000e8000000, 0x00000000e8000000)
  eden space 87424K, 100% used [0x00000000e0000000, 0x00000000e5560000, 0x00000000e5560000)
  from space 21824K,  68% used [0x00000000e5560000, 0x00000000e6405680, 0x00000000e6ab0000)
  to   space 21824K,   0% used [0x00000000e6ab0000, 0x00000000e6ab0000, 0x00000000e8000000)
 concurrent mark-sweep generation total 393216K, used 0K [0x00000000e8000000, 0x0000000100000000, 0x0000000100000000)
 Metaspace       used 20963K, capacity 21286K, committed 21628K, reserved 1069056K
  class space    used 2416K, capacity 2587K, committed 2684K, reserved 1048576K
2017-08-03T02:35:20.928+0200: 2,934: [GC (Allocation Failure) 2017-08-03T02:35:20.928+0200: 2,934: [ParNew
Desired survivor size 20112992 bytes, new threshold 8 (max 8)
- age   1:    2084880 bytes,    2084880 total
- age   2:    1145104 bytes,    3229984 total
- age   3:    6366736 bytes,    9596720 total
: 102421K->12820K(109248K), 0,0180341 secs] 102421K->12820K(502464K), 0,0181098 secs] [Times: user=0,07 sys=0,00, real=0,02 secs] 
Heap after GC invocations=3 (full 0):
 par new generation   total 109248K, used 12820K [0x00000000e0000000, 0x00000000e8000000, 0x00000000e8000000)
  eden space 87424K,   0% used [0x00000000e0000000, 0x00000000e0000000, 0x00000000e5560000)
  from space 21824K,  58% used [0x00000000e6ab0000, 0x00000000e77353f8, 0x00000000e8000000)
  to   space 21824K,   0% used [0x00000000e5560000, 0x00000000e5560000, 0x00000000e6ab0000)
 concurrent mark-sweep generation total 393216K, used 0K [0x00000000e8000000, 0x0000000100000000, 0x0000000100000000)
 Metaspace       used 20963K, capacity 21286K, committed 21628K, reserved 1069056K
  class space    used 2416K, capacity 2587K, committed 2684K, reserved 1048576K
}
2017-08-03T02:35:20.946+0200: 2,952: Total time for which application threads were stopped: 0,0184310 seconds, Stopping threads took: 0,0001786 seconds
2017-08-03T02:35:20.954+0200: 2,961: [GC (CMS Initial Mark) [1 CMS-initial-mark: 0K(393216K)] 14956K(502464K), 0,0051034 secs] [Times: user=0,02 sys=0,00, real=0,00 secs] 
2017-08-03T02:35:20.959+0200: 2,966: Total time for which application threads were stopped: 0,0052830 seconds, Stopping threads took: 0,0000669 seconds
2017-08-03T02:35:20.959+0200: 2,966: [CMS-concurrent-mark-start]
2017-08-03T02:35:20.965+0200: 2,971: [CMS-concurrent-mark: 0,006/0,006 secs] [Times: user=0,02 sys=0,00, real=0,01 secs] 
2017-08-03T02:35:20.965+0200: 2,971: [CMS-concurrent-preclean-start]
2017-08-03T02:35:20.966+0200: 2,973: [CMS-concurrent-preclean: 0,001/0,001 secs] [Times: user=0,00 sys=0,01, real=0,00 secs] 
2017-08-03T02:35:20.966+0200: 2,973: [CMS-concurrent-abortable-preclean-start]
2017-08-03T02:35:21.033+0200: 3,039: Total time for which application threads were stopped: 0,0001488 seconds, Stopping threads took: 0,0000602 seconds
{Heap before GC invocations=3 (full 1):
 par new generation   total 109248K, used 100244K [0x00000000e0000000, 0x00000000e8000000, 0x00000000e8000000)
  eden space 87424K, 100% used [0x00000000e0000000, 0x00000000e5560000, 0x00000000e5560000)
  from space 21824K,  58% used [0x00000000e6ab0000, 0x00000000e77353f8, 0x00000000e8000000)
  to   space 21824K,   0% used [0x00000000e5560000, 0x00000000e5560000, 0x00000000e6ab0000)
 concurrent mark-sweep generation total 393216K, used 0K [0x00000000e8000000, 0x0000000100000000, 0x0000000100000000)
 Metaspace       used 21248K, capacity 21623K, committed 21884K, reserved 1069056K
  class space    used 2444K, capacity 2602K, committed 2684K, reserved 1048576K
2017-08-03T02:35:21.072+0200: 3,079: [GC (Allocation Failure) 2017-08-03T02:35:21.072+0200: 3,079: [ParNew
Desired survivor size 20112992 bytes, new threshold 8 (max 8)
- age   1:    1614872 bytes,    1614872 total
- age   2:    1479176 bytes,    3094048 total
- age   3:    1110312 bytes,    4204360 total
- age   4:    6367248 bytes,   10571608 total
: 100244K->12347K(109248K), 0,0101348 secs] 100244K->12347K(502464K), 0,0102108 secs] [Times: user=0,04 sys=0,00, real=0,01 secs] 
Heap after GC invocations=4 (full 1):
 par new generation   total 109248K, used 12347K [0x00000000e0000000, 0x00000000e8000000, 0x00000000e8000000)
  eden space 87424K,   0% used [0x00000000e0000000, 0x00000000e0000000, 0x00000000e5560000)
  from space 21824K,  56% used [0x00000000e5560000, 0x00000000e616edb0, 0x00000000e6ab0000)
  to   space 21824K,   0% used [0x00000000e6ab0000, 0x00000000e6ab0000, 0x00000000e8000000)
 concurrent mark-sweep generation total 393216K, used 0K [0x00000000e8000000, 0x0000000100000000, 0x0000000100000000)
 Metaspace       used 21248K, capacity 21623K, committed 21884K, reserved 1069056K
  class space    used 2444K, capacity 2602K, committed 2684K, reserved 1048576K
}
2017-08-03T02:35:21.082+0200: 3,089: Total time for which application threads were stopped: 0,0104331 seconds, Stopping threads took: 0,0000637 seconds
2017-08-03T02:35:21.082+0200: 3,089: [CMS-concurrent-abortable-preclean: 0,068/0,116 secs] [Times: user=0,43 sys=0,01, real=0,12 secs] 
2017-08-03T02:35:21.094+0200: 3,100: [GC (CMS Final Remark) [YG occupancy: 19847 K (109248 K)]{Heap before GC invocations=4 (full 1):
 par new generation   total 109248K, used 19847K [0x00000000e0000000, 0x00000000e8000000, 0x00000000e8000000)
  eden space 87424K,   8% used [0x00000000e0000000, 0x00000000e07531a0, 0x00000000e5560000)
  from space 21824K,  56% used [0x00000000e5560000, 0x00000000e616edb0, 0x00000000e6ab0000)
  to   space 21824K,   0% used [0x00000000e6ab0000, 0x00000000e6ab0000, 0x00000000e8000000)
 concurrent mark-sweep generation total 393216K, used 0K [0x00000000e8000000, 0x0000000100000000, 0x0000000100000000)
 Metaspace       used 21263K, capacity 21623K, committed 21884K, reserved 1069056K
  class space    used 2447K, capacity 2602K, committed 2684K, reserved 1048576K
2017-08-03T02:35:21.094+0200: 3,100: [GC (CMS Final Remark) 2017-08-03T02:35:21.094+0200: 3,100: [ParNew
Desired survivor size 20112992 bytes, new threshold 8 (max 8)
- age   1:     404168 bytes,     404168 total
- age   2:     815584 bytes,    1219752 total
- age   3:    1479128 bytes,    2698880 total
- age   4:    1110280 bytes,    3809160 total
- age   5:    6366760 bytes,   10175920 total
: 19847K->15710K(109248K), 0,0113380 secs] 19847K->15710K(502464K), 0,0113911 secs] [Times: user=0,04 sys=0,00, real=0,01 secs] 
Heap after GC invocations=5 (full 1):
 par new generation   total 109248K, used 15710K [0x00000000e0000000, 0x00000000e8000000, 0x00000000e8000000)
  eden space 87424K,   0% used [0x00000000e0000000, 0x00000000e0000000, 0x00000000e5560000)
  from space 21824K,  71% used [0x00000000e6ab0000, 0x00000000e7a078c0, 0x00000000e8000000)
  to   space 21824K,   0% used [0x00000000e5560000, 0x00000000e5560000, 0x00000000e6ab0000)
 concurrent mark-sweep generation total 393216K, used 0K [0x00000000e8000000, 0x0000000100000000, 0x0000000100000000)
 Metaspace       used 21263K, capacity 21623K, committed 21884K, reserved 1069056K
  class space    used 2447K, capacity 2602K, committed 2684K, reserved 1048576K
}
2017-08-03T02:35:21.105+0200: 3,112: [Rescan (parallel) , 0,0032543 secs]2017-08-03T02:35:21.108+0200: 3,115: [weak refs processing, 0,0004220 secs]2017-08-03T02:35:21.109+0200: 3,115: [class unloading, 0,0028245 secs]2017-08-03T02:35:21.112+0200: 3,118: [scrub symbol table, 0,0033446 secs]2017-08-03T02:35:21.115+0200: 3,122: [scrub string table, 0,0004680 secs][1 CMS-remark: 0K(393216K)] 15710K(502464K), 0,0225750 secs] [Times: user=0,06 sys=0,00, real=0,02 secs] 
2017-08-03T02:35:21.116+0200: 3,123: Total time for which application threads were stopped: 0,0246578 seconds, Stopping threads took: 0,0019681 seconds
2017-08-03T02:35:21.118+0200: 3,125: [CMS-concurrent-sweep-start]
2017-08-03T02:35:21.118+0200: 3,125: [CMS-concurrent-sweep: 0,000/0,000 secs] [Times: user=0,00 sys=0,00, real=0,00 secs] 
2017-08-03T02:35:21.118+0200: 3,125: [CMS-concurrent-reset-start]
2017-08-03T02:35:21.121+0200: 3,127: [CMS-concurrent-reset: 0,002/0,002 secs] [Times: user=0,01 sys=0,00, real=0,00 secs] 
{Heap before GC invocations=5 (full 1):
 par new generation   total 109248K, used 103134K [0x00000000e0000000, 0x00000000e8000000, 0x00000000e8000000)
  eden space 87424K, 100% used [0x00000000e0000000, 0x00000000e5560000, 0x00000000e5560000)
  from space 21824K,  71% used [0x00000000e6ab0000, 0x00000000e7a078c0, 0x00000000e8000000)
  to   space 21824K,   0% used [0x00000000e5560000, 0x00000000e5560000, 0x00000000e6ab0000)
 concurrent mark-sweep generation total 393216K, used 0K [0x00000000e8000000, 0x0000000100000000, 0x0000000100000000)
 Metaspace       used 21413K, capacity 21795K, committed 21884K, reserved 1069056K
  class space    used 2466K, capacity 2636K, committed 2684K, reserved 1048576K
2017-08-03T02:35:21.215+0200: 3,222: [GC (Allocation Failure) 2017-08-03T02:35:21.215+0200: 3,222: [ParNew
Desired survivor size 20112992 bytes, new threshold 8 (max 8)
- age   1:     656440 bytes,     656440 total
- age   2:      15872 bytes,     672312 total
- age   3:     176656 bytes,     848968 total
- age   4:    1478296 bytes,    2327264 total
- age   5:    1108296 bytes,    3435560 total
- age   6:    6366848 bytes,    9802408 total
: 103134K->11821K(109248K), 0,0095021 secs] 103134K->11821K(502464K), 0,0095754 secs] [Times: user=0,04 sys=0,00, real=0,01 secs] 
Heap after GC invocations=6 (full 1):
 par new generation   total 109248K, used 11821K [0x00000000e0000000, 0x00000000e8000000, 0x00000000e8000000)
  eden space 87424K,   0% used [0x00000000e0000000, 0x00000000e0000000, 0x00000000e5560000)
  from space 21824K,  54% used [0x00000000e5560000, 0x00000000e60eb690, 0x00000000e6ab0000)
  to   space 21824K,   0% used [0x00000000e6ab0000, 0x00000000e6ab0000, 0x00000000e8000000)
 concurrent mark-sweep generation total 393216K, used 0K [0x00000000e8000000, 0x0000000100000000, 0x0000000100000000)
 Metaspace       used 21413K, capacity 21795K, committed 21884K, reserved 1069056K
  class space    used 2466K, capacity 2636K, committed 2684K, reserved 1048576K
}
2017-08-03T02:35:21.225+0200: 3,232: Total time for which application threads were stopped: 0,0097999 seconds, Stopping threads took: 0,0000890 seconds
2017-08-03T02:35:21.260+0200: 3,267: Total time for which application threads were stopped: 0,0003398 seconds, Stopping threads took: 0,0000252 seconds
2017-08-03T02:35:21.504+0200: 3,510: Total time for which application threads were stopped: 0,0004399 seconds, Stopping threads took: 0,0000193 seconds
2017-08-03T02:35:21.522+0200: 3,528: Total time for which application threads were stopped: 0,0004486 seconds, Stopping threads took: 0,0000583 seconds
{Heap before GC invocations=6 (full 1):
 par new generation   total 109248K, used 99233K [0x00000000e0000000, 0x00000000e8000000, 0x00000000e8000000)
  eden space 87424K,  99% used [0x00000000e0000000, 0x00000000e555d010, 0x00000000e5560000)
  from space 21824K,  54% used [0x00000000e5560000, 0x00000000e60eb690, 0x00000000e6ab0000)
  to   space 21824K,   0% used [0x00000000e6ab0000, 0x00000000e6ab0000, 0x00000000e8000000)
 concurrent mark-sweep generation total 393216K, used 0K [0x00000000e8000000, 0x0000000100000000, 0x0000000100000000)
 Metaspace       used 23924K, capacity 24387K, committed 24572K, reserved 1071104K
  class space    used 2812K, capacity 3010K, committed 3068K, reserved 1048576K
2017-08-03T02:35:21.674+0200: 3,681: [GC (Allocation Failure) 2017-08-03T02:35:21.674+0200: 3,681: [ParNew
Desired survivor size 20112992 bytes, new threshold 8 (max 8)
- age   1:    5151840 bytes,    5151840 total
- age   2:     138480 bytes,    5290320 total
- age   3:      15792 bytes,    5306112 total
- age   4:     175736 bytes,    5481848 total
- age   5:     309192 bytes,    5791040 total
- age   6:    1083840 bytes,    6874880 total
- age   7:    6358936 bytes,   13233816 total
: 99233K->18813K(109248K), 0,0142062 secs] 99233K->18813K(502464K), 0,0142830 secs] [Times: user=0,04 sys=0,00, real=0,01 secs] 
Heap after GC invocations=7 (full 1):
 par new generation   total 109248K, used 18813K [0x00000000e0000000, 0x00000000e8000000, 0x00000000e8000000)
  eden space 87424K,   0% used [0x00000000e0000000, 0x00000000e0000000, 0x00000000e5560000)
  from space 21824K,  86% used [0x00000000e6ab0000, 0x00000000e7d0f658, 0x00000000e8000000)
  to   space 21824K,   0% used [0x00000000e5560000, 0x00000000e5560000, 0x00000000e6ab0000)
 concurrent mark-sweep generation total 393216K, used 0K [0x00000000e8000000, 0x0000000100000000, 0x0000000100000000)
 Metaspace       used 23924K, capacity 24387K, committed 24572K, reserved 1071104K
  class space    used 2812K, capacity 3010K, committed 3068K, reserved 1048576K
}
2017-08-03T02:35:21.688+0200: 3,695: Total time for which application threads were stopped: 0,0145839 seconds, Stopping threads took: 0,0000572 seconds
2017-08-03T02:35:21.774+0200: 3,780: Total time for which application threads were stopped: 0,0040261 seconds, Stopping threads took: 0,0039189 seconds
{Heap before GC invocations=7 (full 1):
 par new generation   total 109248K, used 106253K [0x00000000e0000000, 0x00000000e8000000, 0x00000000e8000000)
  eden space 87424K, 100% used [0x00000000e0000000, 0x00000000e5560000, 0x00000000e5560000)
  from space 21824K,  86% used [0x00000000e6ab0000, 0x00000000e7d13668, 0x00000000e8000000)
  to   space 21824K,   0% used [0x00000000e5560000, 0x00000000e5560000, 0x00000000e6ab0000)
 concurrent mark-sweep generation total 393216K, used 0K [0x00000000e8000000, 0x0000000100000000, 0x0000000100000000)
 Metaspace       used 24366K, capacity 24809K, committed 25084K, reserved 1071104K
  class space    used 2852K, capacity 3043K, committed 3068K, reserved 1048576K
2017-08-03T02:35:21.775+0200: 3,781: [GC (GCLocker Initiated GC) 2017-08-03T02:35:21.775+0200: 3,781: [ParNew
Desired survivor size 20112992 bytes, new threshold 8 (max 8)
- age   1:    1547288 bytes,    1547288 total
- age   2:    1771096 bytes,    3318384 total
- age   3:      73864 bytes,    3392248 total
- age   4:       4672 bytes,    3396920 total
- age   5:     102608 bytes,    3499528 total
- age   6:     192528 bytes,    3692056 total
- age   7:     999296 bytes,    4691352 total
- age   8:    5890712 bytes,   10582064 total
: 106253K->13873K(109248K), 0,0142629 secs] 106253K->13873K(502464K), 0,0143511 secs] [Times: user=0,04 sys=0,00, real=0,01 secs] 
Heap after GC invocations=8 (full 1):
 par new generation   total 109248K, used 13873K [0x00000000e0000000, 0x00000000e8000000, 0x00000000e8000000)
  eden space 87424K,   0% used [0x00000000e0000000, 0x00000000e0000000, 0x00000000e5560000)
  from space 21824K,  63% used [0x00000000e5560000, 0x00000000e62ec440, 0x00000000e6ab0000)
  to   space 21824K,   0% used [0x00000000e6ab0000, 0x00000000e6ab0000, 0x00000000e8000000)
 concurrent mark-sweep generation total 393216K, used 0K [0x00000000e8000000, 0x0000000100000000, 0x0000000100000000)
 Metaspace       used 24366K, capacity 24809K, committed 25084K, reserved 1071104K
  class space    used 2852K, capacity 3043K, committed 3068K, reserved 1048576K
}
2017-08-03T02:35:21.789+0200: 3,796: Total time for which application threads were stopped: 0,0147510 seconds, Stopping threads took: 0,0002519 seconds
{Heap before GC invocations=8 (full 1):
 par new generation   total 109248K, used 101297K [0x00000000e0000000, 0x00000000e8000000, 0x00000000e8000000)
  eden space 87424K, 100% used [0x00000000e0000000, 0x00000000e5560000, 0x00000000e5560000)
  from space 21824K,  63% used [0x00000000e5560000, 0x00000000e62ec440, 0x00000000e6ab0000)
  to   space 21824K,   0% used [0x00000000e6ab0000, 0x00000000e6ab0000, 0x00000000e8000000)
 concurrent mark-sweep generation total 393216K, used 0K [0x00000000e8000000, 0x0000000100000000, 0x0000000100000000)
 Metaspace       used 24847K, capacity 25315K, committed 25468K, reserved 1071104K
  class space    used 2897K, capacity 3080K, committed 3196K, reserved 1048576K
2017-08-03T02:35:21.914+0200: 3,920: [GC (Allocation Failure) 2017-08-03T02:35:21.914+0200: 3,920: [ParNew
Desired survivor size 20112992 bytes, new threshold 8 (max 8)
- age   1:    1111976 bytes,    1111976 total
- age   2:     990920 bytes,    2102896 total
- age   3:    1767696 bytes,    3870592 total
- age   4:      73832 bytes,    3944424 total
- age   5:       4672 bytes,    3949096 total
- age   6:     102440 bytes,    4051536 total
- age   7:     190000 bytes,    4241536 total
- age   8:     998528 bytes,    5240064 total
: 101297K->7011K(109248K), 0,0579250 secs] 101297K->12844K(502464K), 0,0580212 secs] [Times: user=0,17 sys=0,01, real=0,06 secs] 
Heap after GC invocations=9 (full 1):
 par new generation   total 109248K, used 7011K [0x00000000e0000000, 0x00000000e8000000, 0x00000000e8000000)
  eden space 87424K,   0% used [0x00000000e0000000, 0x00000000e0000000, 0x00000000e5560000)
  from space 21824K,  32% used [0x00000000e6ab0000, 0x00000000e7188ee0, 0x00000000e8000000)
  to   space 21824K,   0% used [0x00000000e5560000, 0x00000000e5560000, 0x00000000e6ab0000)
 concurrent mark-sweep generation total 393216K, used 5832K [0x00000000e8000000, 0x0000000100000000, 0x0000000100000000)
 Metaspace       used 24847K, capacity 25315K, committed 25468K, reserved 1071104K
  class space    used 2897K, capacity 3080K, committed 3196K, reserved 1048576K
}
2017-08-03T02:35:21.972+0200: 3,978: Total time for which application threads were stopped: 0,0582974 seconds, Stopping threads took: 0,0000706 seconds
2017-08-03T02:35:22.045+0200: 4,051: Total time for which application threads were stopped: 0,0005022 seconds, Stopping threads took: 0,0000729 seconds
2017-08-03T02:35:22.111+0200: 4,118: Total time for which application threads were stopped: 0,0002096 seconds, Stopping threads took: 0,0000977 seconds
2017-08-03T02:35:22.125+0200: 4,131: Total time for which application threads were stopped: 0,0003547 seconds, Stopping threads took: 0,0002332 seconds
2017-08-03T02:35:22.128+0200: 4,135: Total time for which application threads were stopped: 0,0001411 seconds, Stopping threads took: 0,0000457 seconds
2017-08-03T02:35:22.129+0200: 4,135: Total time for which application threads were stopped: 0,0000939 seconds, Stopping threads took: 0,0000260 seconds
2017-08-03T02:35:22.129+0200: 4,135: Total time for which application threads were stopped: 0,0000768 seconds, Stopping threads took: 0,0000204 seconds
2017-08-03T02:35:22.129+0200: 4,135: Total time for which application threads were stopped: 0,0000807 seconds, Stopping threads took: 0,0000219 seconds
2017-08-03T02:35:22.129+0200: 4,136: Total time for which application threads were stopped: 0,0000973 seconds, Stopping threads took: 0,0000373 seconds
2017-08-03T02:35:22.129+0200: 4,136: Total time for which application threads were stopped: 0,0000793 seconds, Stopping threads took: 0,0000265 seconds
2017-08-03T02:35:22.130+0200: 4,136: Total time for which application threads were stopped: 0,0000767 seconds, Stopping threads took: 0,0000224 seconds
2017-08-03T02:35:22.130+0200: 4,136: Total time for which application threads were stopped: 0,0000644 seconds, Stopping threads took: 0,0000167 seconds
2017-08-03T02:35:22.130+0200: 4,137: Total time for which application threads were stopped: 0,0000716 seconds, Stopping threads took: 0,0000203 seconds
2017-08-03T02:35:22.132+0200: 4,138: Total time for which application threads were stopped: 0,0001308 seconds, Stopping threads took: 0,0000456 seconds
2017-08-03T02:35:22.132+0200: 4,139: Total time for which application threads were stopped: 0,0000765 seconds, Stopping threads took: 0,0000224 seconds
2017-08-03T02:35:22.132+0200: 4,139: Total time for which application threads were stopped: 0,0000876 seconds, Stopping threads took: 0,0000381 seconds
2017-08-03T02:35:22.135+0200: 4,141: Total time for which application threads were stopped: 0,0001403 seconds, Stopping threads took: 0,0000419 seconds
2017-08-03T02:35:22.135+0200: 4,142: Total time for which application threads were stopped: 0,0000848 seconds, Stopping threads took: 0,0000338 seconds
2017-08-03T02:35:22.137+0200: 4,143: Total time for which application threads were stopped: 0,0001399 seconds, Stopping threads took: 0,0000552 seconds
2017-08-03T02:35:22.137+0200: 4,143: Total time for which application threads were stopped: 0,0000810 seconds, Stopping threads took: 0,0000309 seconds
2017-08-03T02:35:22.138+0200: 4,145: Total time for which application threads were stopped: 0,0001286 seconds, Stopping threads took: 0,0000575 seconds
2017-08-03T02:35:22.138+0200: 4,145: Total time for which application threads were stopped: 0,0000770 seconds, Stopping threads took: 0,0000251 seconds
2017-08-03T02:35:22.139+0200: 4,145: Total time for which application threads were stopped: 0,0000812 seconds, Stopping threads took: 0,0000269 seconds
2017-08-03T02:35:22.142+0200: 4,148: Total time for which application threads were stopped: 0,0030565 seconds, Stopping threads took: 0,0029802 seconds
2017-08-03T02:35:22.142+0200: 4,148: Total time for which application threads were stopped: 0,0000772 seconds, Stopping threads took: 0,0000268 seconds
2017-08-03T02:35:22.143+0200: 4,150: Total time for which application threads were stopped: 0,0002511 seconds, Stopping threads took: 0,0000208 seconds
2017-08-03T02:35:22.147+0200: 4,154: Total time for which application threads were stopped: 0,0002086 seconds, Stopping threads took: 0,0000879 seconds
2017-08-03T02:35:22.152+0200: 4,158: Total time for which application threads were stopped: 0,0001699 seconds, Stopping threads took: 0,0000730 seconds
2017-08-03T02:35:22.152+0200: 4,158: Total time for which application threads were stopped: 0,0000874 seconds, Stopping threads took: 0,0000228 seconds
2017-08-03T02:35:22.152+0200: 4,159: Total time for which application threads were stopped: 0,0004489 seconds, Stopping threads took: 0,0003854 seconds
2017-08-03T02:35:22.153+0200: 4,160: Total time for which application threads were stopped: 0,0001201 seconds, Stopping threads took: 0,0000423 seconds
2017-08-03T02:35:22.154+0200: 4,161: Total time for which application threads were stopped: 0,0001236 seconds, Stopping threads took: 0,0000339 seconds
2017-08-03T02:35:22.155+0200: 4,162: Total time for which application threads were stopped: 0,0001306 seconds, Stopping threads took: 0,0000387 seconds
2017-08-03T02:35:22.156+0200: 4,162: Total time for which application threads were stopped: 0,0000721 seconds, Stopping threads took: 0,0000240 seconds
2017-08-03T02:35:22.161+0200: 4,168: Total time for which application threads were stopped: 0,0001935 seconds, Stopping threads took: 0,0000666 seconds
2017-08-03T02:35:22.162+0200: 4,168: Total time for which application threads were stopped: 0,0001465 seconds, Stopping threads took: 0,0000431 seconds
2017-08-03T02:35:22.164+0200: 4,171: Total time for which application threads were stopped: 0,0000936 seconds, Stopping threads took: 0,0000212 seconds
2017-08-03T02:35:22.165+0200: 4,172: Total time for which application threads were stopped: 0,0001109 seconds, Stopping threads took: 0,0000390 seconds
2017-08-03T02:35:22.166+0200: 4,173: Total time for which application threads were stopped: 0,0000883 seconds, Stopping threads took: 0,0000186 seconds
2017-08-03T02:35:22.168+0200: 4,174: Total time for which application threads were stopped: 0,0000728 seconds, Stopping threads took: 0,0000160 seconds
2017-08-03T02:35:22.169+0200: 4,175: Total time for which application threads were stopped: 0,0000742 seconds, Stopping threads took: 0,0000135 seconds
2017-08-03T02:35:22.170+0200: 4,176: Total time for which application threads were stopped: 0,0003618 seconds, Stopping threads took: 0,0002647 seconds
2017-08-03T02:35:22.170+0200: 4,177: Total time for which application threads were stopped: 0,0000728 seconds, Stopping threads took: 0,0000135 seconds
2017-08-03T02:35:22.171+0200: 4,177: Total time for which application threads were stopped: 0,0000616 seconds, Stopping threads took: 0,0000122 seconds
2017-08-03T02:35:22.182+0200: 4,188: Total time for which application threads were stopped: 0,0002021 seconds, Stopping threads took: 0,0000998 seconds
2017-08-03T02:35:22.183+0200: 4,189: Total time for which application threads were stopped: 0,0001084 seconds, Stopping threads took: 0,0000211 seconds
2017-08-03T02:35:22.190+0200: 4,196: Total time for which application threads were stopped: 0,0001888 seconds, Stopping threads took: 0,0001244 seconds
2017-08-03T02:35:22.191+0200: 4,197: Total time for which application threads were stopped: 0,0004020 seconds, Stopping threads took: 0,0003073 seconds
2017-08-03T02:35:22.196+0200: 4,203: Total time for which application threads were stopped: 0,0000956 seconds, Stopping threads took: 0,0000190 seconds
2017-08-03T02:35:22.197+0200: 4,203: Total time for which application threads were stopped: 0,0001086 seconds, Stopping threads took: 0,0000213 seconds
2017-08-03T02:35:22.197+0200: 4,204: Total time for which application threads were stopped: 0,0000852 seconds, Stopping threads took: 0,0000352 seconds
2017-08-03T02:35:22.198+0200: 4,205: Total time for which application threads were stopped: 0,0001561 seconds, Stopping threads took: 0,0000168 seconds
2017-08-03T02:35:22.199+0200: 4,205: Total time for which application threads were stopped: 0,0000853 seconds, Stopping threads took: 0,0000221 seconds
2017-08-03T02:35:22.209+0200: 4,216: Total time for which application threads were stopped: 0,0001343 seconds, Stopping threads took: 0,0000465 seconds
2017-08-03T02:35:22.257+0200: 4,263: Total time for which application threads were stopped: 0,0004354 seconds, Stopping threads took: 0,0000291 seconds
2017-08-03T02:35:22.272+0200: 4,279: Total time for which application threads were stopped: 0,0004178 seconds, Stopping threads took: 0,0000347 seconds
2017-08-03T02:35:22.336+0200: 4,343: Total time for which application threads were stopped: 0,0004277 seconds, Stopping threads took: 0,0000468 seconds
2017-08-03T02:35:22.338+0200: 4,344: Total time for which application threads were stopped: 0,0001315 seconds, Stopping threads took: 0,0000459 seconds
2017-08-03T02:35:22.338+0200: 4,345: Total time for which application threads were stopped: 0,0000832 seconds, Stopping threads took: 0,0000227 seconds
2017-08-03T02:35:22.338+0200: 4,345: Total time for which application threads were stopped: 0,0000848 seconds, Stopping threads took: 0,0000209 seconds
2017-08-03T02:35:22.361+0200: 4,368: Total time for which application threads were stopped: 0,0001390 seconds, Stopping threads took: 0,0000469 seconds
2017-08-03T02:35:22.363+0200: 4,370: Total time for which application threads were stopped: 0,0001152 seconds, Stopping threads took: 0,0000397 seconds
2017-08-03T02:35:22.370+0200: 4,376: Total time for which application threads were stopped: 0,0040836 seconds, Stopping threads took: 0,0039842 seconds
2017-08-03T02:35:22.378+0200: 4,385: Total time for which application threads were stopped: 0,0001322 seconds, Stopping threads took: 0,0000436 seconds
2017-08-03T02:35:22.381+0200: 4,388: Total time for which application threads were stopped: 0,0019612 seconds, Stopping threads took: 0,0018721 seconds
2017-08-03T02:35:22.386+0200: 4,392: Total time for which application threads were stopped: 0,0033582 seconds, Stopping threads took: 0,0033052 seconds
2017-08-03T02:35:22.389+0200: 4,395: Total time for which application threads were stopped: 0,0000802 seconds, Stopping threads took: 0,0000242 seconds
2017-08-03T02:35:22.389+0200: 4,396: Total time for which application threads were stopped: 0,0000480 seconds, Stopping threads took: 0,0000100 seconds
2017-08-03T02:35:22.393+0200: 4,399: Total time for which application threads were stopped: 0,0000886 seconds, Stopping threads took: 0,0000190 seconds
2017-08-03T02:35:22.397+0200: 4,403: Total time for which application threads were stopped: 0,0000991 seconds, Stopping threads took: 0,0000329 seconds
2017-08-03T02:35:22.404+0200: 4,410: Total time for which application threads were stopped: 0,0004411 seconds, Stopping threads took: 0,0003697 seconds
2017-08-03T02:35:22.426+0200: 4,432: Total time for which application threads were stopped: 0,0006492 seconds, Stopping threads took: 0,0005840 seconds
2017-08-03T02:35:22.428+0200: 4,435: Total time for which application threads were stopped: 0,0001503 seconds, Stopping threads took: 0,0000675 seconds
2017-08-03T02:35:22.434+0200: 4,441: Total time for which application threads were stopped: 0,0001599 seconds, Stopping threads took: 0,0000978 seconds
2017-08-03T02:35:22.435+0200: 4,442: Total time for which application threads were stopped: 0,0001342 seconds, Stopping threads took: 0,0000148 seconds
2017-08-03T02:35:22.446+0200: 4,453: Total time for which application threads were stopped: 0,0001268 seconds, Stopping threads took: 0,0000425 seconds
2017-08-03T02:35:22.447+0200: 4,454: Total time for which application threads were stopped: 0,0004118 seconds, Stopping threads took: 0,0000206 seconds
2017-08-03T02:35:22.448+0200: 4,454: Total time for which application threads were stopped: 0,0000692 seconds, Stopping threads took: 0,0000210 seconds
2017-08-03T02:35:22.451+0200: 4,458: Total time for which application threads were stopped: 0,0001258 seconds, Stopping threads took: 0,0000446 seconds
2017-08-03T02:35:22.455+0200: 4,462: Total time for which application threads were stopped: 0,0001244 seconds, Stopping threads took: 0,0000411 seconds
2017-08-03T02:35:23.456+0200: 5,462: Total time for which application threads were stopped: 0,0000645 seconds, Stopping threads took: 0,0000169 seconds
2017-08-03T02:35:24.456+0200: 6,462: Total time for which application threads were stopped: 0,0000592 seconds, Stopping threads took: 0,0000162 seconds
2017-08-03T02:35:40.460+0200: 22,467: Total time for which application threads were stopped: 0,0000618 seconds, Stopping threads took: 0,0000163 seconds
2017-08-03T02:35:50.462+0200: 32,468: Total time for which application threads were stopped: 0,0000801 seconds, Stopping threads took: 0,0000333 seconds
2017-08-03T02:37:20.476+0200: 122,483: Total time for which application threads were stopped: 0,0001214 seconds, Stopping threads took: 0,0000505 seconds
2017-08-03T02:37:25.477+0200: 127,483: Total time for which application threads were stopped: 0,0000993 seconds, Stopping threads took: 0,0000260 seconds
{Heap before GC invocations=9 (full 1):
 par new generation   total 109248K, used 94435K [0x00000000e0000000, 0x00000000e8000000, 0x00000000e8000000)
  eden space 87424K, 100% used [0x00000000e0000000, 0x00000000e5560000, 0x00000000e5560000)
  from space 21824K,  32% used [0x00000000e6ab0000, 0x00000000e7188ee0, 0x00000000e8000000)
  to   space 21824K,   0% used [0x00000000e5560000, 0x00000000e5560000, 0x00000000e6ab0000)
 concurrent mark-sweep generation total 393216K, used 5832K [0x00000000e8000000, 0x0000000100000000, 0x0000000100000000)
 Metaspace       used 28024K, capacity 28565K, committed 28796K, reserved 1075200K
  class space    used 3212K, capacity 3389K, committed 3452K, reserved 1048576K
2017-08-03T02:38:14.070+0200: 176,076: [GC (Allocation Failure) 2017-08-03T02:38:14.070+0200: 176,076: [ParNew
Desired survivor size 20112992 bytes, new threshold 8 (max 8)
- age   1:   10937200 bytes,   10937200 total
- age   2:     247632 bytes,   11184832 total
- age   3:     203168 bytes,   11388000 total
- age   4:    1762640 bytes,   13150640 total
- age   5:      71352 bytes,   13221992 total
- age   6:       4672 bytes,   13226664 total
- age   7:     102216 bytes,   13328880 total
- age   8:     189072 bytes,   13517952 total
: 94435K->14630K(109248K), 0,0186768 secs] 100268K->21564K(502464K), 0,0188528 secs] [Times: user=0,04 sys=0,01, real=0,01 secs] 
Heap after GC invocations=10 (full 1):
 par new generation   total 109248K, used 14630K [0x00000000e0000000, 0x00000000e8000000, 0x00000000e8000000)
  eden space 87424K,   0% used [0x00000000e0000000, 0x00000000e0000000, 0x00000000e5560000)
  from space 21824K,  67% used [0x00000000e5560000, 0x00000000e63a9a58, 0x00000000e6ab0000)
  to   space 21824K,   0% used [0x00000000e6ab0000, 0x00000000e6ab0000, 0x00000000e8000000)
 concurrent mark-sweep generation total 393216K, used 6933K [0x00000000e8000000, 0x0000000100000000, 0x0000000100000000)
 Metaspace       used 28024K, capacity 28565K, committed 28796K, reserved 1075200K
  class space    used 3212K, capacity 3389K, committed 3452K, reserved 1048576K
}
2017-08-03T02:38:14.089+0200: 176,095: Total time for which application threads were stopped: 0,0192436 seconds, Stopping threads took: 0,0001395 seconds
2017-08-03T02:38:14.090+0200: 176,096: Total time for which application threads were stopped: 0,0000600 seconds, Stopping threads took: 0,0000242 seconds
2017-08-03T02:38:14.090+0200: 176,096: Total time for which application threads were stopped: 0,0000544 seconds, Stopping threads took: 0,0000123 seconds
2017-08-03T02:38:59.095+0200: 221,102: Total time for which application threads were stopped: 0,0001575 seconds, Stopping threads took: 0,0000614 seconds
2017-08-03T02:58:49.232+0200: 1411,238: Total time for which application threads were stopped: 0,0001393 seconds, Stopping threads took: 0,0000395 seconds
2017-08-03T03:01:49.254+0200: 1591,260: Total time for which application threads were stopped: 0,0000767 seconds, Stopping threads took: 0,0000306 seconds
2017-08-03T03:01:54.254+0200: 1596,261: Total time for which application threads were stopped: 0,0001300 seconds, Stopping threads took: 0,0000294 seconds
2017-08-03T03:03:22.270+0200: 1684,277: Total time for which application threads were stopped: 0,0050799 seconds, Stopping threads took: 0,0050078 seconds
2017-08-03T03:03:22.343+0200: 1684,349: Total time for which application threads were stopped: 0,0147271 seconds, Stopping threads took: 0,0146160 seconds
2017-08-03T03:03:22.344+0200: 1684,350: Total time for which application threads were stopped: 0,0000801 seconds, Stopping threads took: 0,0000189 seconds
2017-08-03T03:03:22.344+0200: 1684,351: Total time for which application threads were stopped: 0,0000920 seconds, Stopping threads took: 0,0000212 seconds
2017-08-03T03:03:22.344+0200: 1684,351: Total time for which application threads were stopped: 0,0000453 seconds, Stopping threads took: 0,0000070 seconds
2017-08-03T03:03:22.345+0200: 1684,351: Total time for which application threads were stopped: 0,0000865 seconds, Stopping threads took: 0,0000325 seconds
2017-08-03T03:03:22.345+0200: 1684,351: Total time for which application threads were stopped: 0,0000564 seconds, Stopping threads took: 0,0000098 seconds
2017-08-03T03:03:22.346+0200: 1684,352: Total time for which application threads were stopped: 0,0003809 seconds, Stopping threads took: 0,0003009 seconds
2017-08-03T03:03:22.354+0200: 1684,361: Total time for which application threads were stopped: 0,0000830 seconds, Stopping threads took: 0,0000181 seconds
2017-08-03T03:03:22.354+0200: 1684,361: Total time for which application threads were stopped: 0,0000701 seconds, Stopping threads took: 0,0000079 seconds
2017-08-03T03:03:22.355+0200: 1684,362: Total time for which application threads were stopped: 0,0000724 seconds, Stopping threads took: 0,0000144 seconds
2017-08-03T03:03:22.355+0200: 1684,362: Total time for which application threads were stopped: 0,0000749 seconds, Stopping threads took: 0,0000165 seconds
2017-08-03T03:03:22.356+0200: 1684,362: Total time for which application threads were stopped: 0,0000741 seconds, Stopping threads took: 0,0000139 seconds
2017-08-03T03:03:22.356+0200: 1684,363: Total time for which application threads were stopped: 0,0000661 seconds, Stopping threads took: 0,0000124 seconds
2017-08-03T03:03:22.356+0200: 1684,363: Total time for which application threads were stopped: 0,0000527 seconds, Stopping threads took: 0,0000092 seconds
2017-08-03T03:03:22.357+0200: 1684,363: Total time for which application threads were stopped: 0,0000613 seconds, Stopping threads took: 0,0000099 seconds
2017-08-03T03:03:22.358+0200: 1684,364: Total time for which application threads were stopped: 0,0000722 seconds, Stopping threads took: 0,0000170 seconds
2017-08-03T03:03:22.358+0200: 1684,365: Total time for which application threads were stopped: 0,0000767 seconds, Stopping threads took: 0,0000140 seconds
2017-08-03T03:03:22.359+0200: 1684,365: Total time for which application threads were stopped: 0,0000709 seconds, Stopping threads took: 0,0000143 seconds
2017-08-03T03:03:22.359+0200: 1684,365: Total time for which application threads were stopped: 0,0000533 seconds, Stopping threads took: 0,0000082 seconds
2017-08-03T03:03:22.360+0200: 1684,366: Total time for which application threads were stopped: 0,0000844 seconds, Stopping threads took: 0,0000200 seconds
2017-08-03T03:03:22.364+0200: 1684,371: Total time for which application threads were stopped: 0,0001055 seconds, Stopping threads took: 0,0000356 seconds
2017-08-03T03:03:22.371+0200: 1684,378: Total time for which application threads were stopped: 0,0000760 seconds, Stopping threads took: 0,0000160 seconds
2017-08-03T03:03:22.371+0200: 1684,378: Total time for which application threads were stopped: 0,0000468 seconds, Stopping threads took: 0,0000098 seconds
2017-08-03T03:03:22.371+0200: 1684,378: Total time for which application threads were stopped: 0,0000368 seconds, Stopping threads took: 0,0000051 seconds
2017-08-03T03:03:22.371+0200: 1684,378: Total time for which application threads were stopped: 0,0000363 seconds, Stopping threads took: 0,0000050 seconds
2017-08-03T03:03:22.371+0200: 1684,378: Total time for which application threads were stopped: 0,0000373 seconds, Stopping threads took: 0,0000080 seconds
2017-08-03T03:03:22.372+0200: 1684,378: Total time for which application threads were stopped: 0,0000367 seconds, Stopping threads took: 0,0000064 seconds
2017-08-03T03:03:22.372+0200: 1684,378: Total time for which application threads were stopped: 0,0000368 seconds, Stopping threads took: 0,0000064 seconds
2017-08-03T03:03:22.372+0200: 1684,378: Total time for which application threads were stopped: 0,0000392 seconds, Stopping threads took: 0,0000067 seconds
2017-08-03T03:03:22.372+0200: 1684,378: Total time for which application threads were stopped: 0,0000364 seconds, Stopping threads took: 0,0000065 seconds
2017-08-03T03:03:22.372+0200: 1684,378: Total time for which application threads were stopped: 0,0000373 seconds, Stopping threads took: 0,0000065 seconds
2017-08-03T03:03:22.382+0200: 1684,389: Total time for which application threads were stopped: 0,0006333 seconds, Stopping threads took: 0,0005494 seconds
2017-08-03T03:03:22.382+0200: 1684,389: Total time for which application threads were stopped: 0,0000550 seconds, Stopping threads took: 0,0000110 seconds
2017-08-03T03:03:22.382+0200: 1684,389: Total time for which application threads were stopped: 0,0000391 seconds, Stopping threads took: 0,0000076 seconds
2017-08-03T03:03:22.389+0200: 1684,396: Total time for which application threads were stopped: 0,0009347 seconds, Stopping threads took: 0,0008545 seconds
2017-08-03T03:03:22.392+0200: 1684,398: Total time for which application threads were stopped: 0,0000775 seconds, Stopping threads took: 0,0000177 seconds
2017-08-03T03:03:22.392+0200: 1684,399: Total time for which application threads were stopped: 0,0000766 seconds, Stopping threads took: 0,0000250 seconds
2017-08-03T03:03:22.392+0200: 1684,399: Total time for which application threads were stopped: 0,0000417 seconds, Stopping threads took: 0,0000057 seconds
2017-08-03T03:03:22.392+0200: 1684,399: Total time for which application threads were stopped: 0,0000385 seconds, Stopping threads took: 0,0000051 seconds
2017-08-03T03:03:22.400+0200: 1684,406: Total time for which application threads were stopped: 0,0000743 seconds, Stopping threads took: 0,0000115 seconds
2017-08-03T03:03:22.400+0200: 1684,406: Total time for which application threads were stopped: 0,0000422 seconds, Stopping threads took: 0,0000079 seconds
2017-08-03T03:03:22.400+0200: 1684,406: Total time for which application threads were stopped: 0,0000420 seconds, Stopping threads took: 0,0000069 seconds
2017-08-03T03:03:22.400+0200: 1684,407: Total time for which application threads were stopped: 0,0000636 seconds, Stopping threads took: 0,0000109 seconds
2017-08-03T03:03:22.408+0200: 1684,414: Total time for which application threads were stopped: 0,0001834 seconds, Stopping threads took: 0,0000258 seconds
2017-08-03T03:03:22.408+0200: 1684,414: Total time for which application threads were stopped: 0,0000521 seconds, Stopping threads took: 0,0000089 seconds
2017-08-03T03:03:22.408+0200: 1684,414: Total time for which application threads were stopped: 0,0000346 seconds, Stopping threads took: 0,0000055 seconds
2017-08-03T03:03:22.408+0200: 1684,414: Total time for which application threads were stopped: 0,0000350 seconds, Stopping threads took: 0,0000046 seconds
2017-08-03T03:03:22.408+0200: 1684,415: Total time for which application threads were stopped: 0,0000520 seconds, Stopping threads took: 0,0000149 seconds
2017-08-03T03:03:22.408+0200: 1684,415: Total time for which application threads were stopped: 0,0000520 seconds, Stopping threads took: 0,0000137 seconds
2017-08-03T03:03:22.408+0200: 1684,415: Total time for which application threads were stopped: 0,0000484 seconds, Stopping threads took: 0,0000119 seconds
2017-08-03T03:03:22.409+0200: 1684,415: Total time for which application threads were stopped: 0,0000490 seconds, Stopping threads took: 0,0000132 seconds
2017-08-03T03:03:22.410+0200: 1684,417: Total time for which application threads were stopped: 0,0008145 seconds, Stopping threads took: 0,0007513 seconds
2017-08-03T03:03:22.414+0200: 1684,420: Total time for which application threads were stopped: 0,0035067 seconds, Stopping threads took: 0,0034207 seconds
2017-08-03T03:03:22.414+0200: 1684,421: Total time for which application threads were stopped: 0,0004870 seconds, Stopping threads took: 0,0004346 seconds
2017-08-03T03:03:22.415+0200: 1684,421: Total time for which application threads were stopped: 0,0000478 seconds, Stopping threads took: 0,0000077 seconds
2017-08-03T03:03:22.415+0200: 1684,421: Total time for which application threads were stopped: 0,0000386 seconds, Stopping threads took: 0,0000055 seconds
2017-08-03T03:03:22.415+0200: 1684,421: Total time for which application threads were stopped: 0,0000355 seconds, Stopping threads took: 0,0000062 seconds
2017-08-03T03:03:22.415+0200: 1684,422: Total time for which application threads were stopped: 0,0000464 seconds, Stopping threads took: 0,0000076 seconds
2017-08-03T03:03:22.415+0200: 1684,422: Total time for which application threads were stopped: 0,0000355 seconds, Stopping threads took: 0,0000054 seconds
2017-08-03T03:03:22.415+0200: 1684,422: Total time for which application threads were stopped: 0,0000343 seconds, Stopping threads took: 0,0000048 seconds
2017-08-03T03:03:22.415+0200: 1684,422: Total time for which application threads were stopped: 0,0000416 seconds, Stopping threads took: 0,0000068 seconds
2017-08-03T03:03:22.416+0200: 1684,422: Total time for which application threads were stopped: 0,0000348 seconds, Stopping threads took: 0,0000053 seconds
2017-08-03T03:03:22.416+0200: 1684,422: Total time for which application threads were stopped: 0,0001498 seconds, Stopping threads took: 0,0000051 seconds
2017-08-03T03:03:22.419+0200: 1684,425: Total time for which application threads were stopped: 0,0001526 seconds, Stopping threads took: 0,0000433 seconds
2017-08-03T03:03:22.425+0200: 1684,432: Total time for which application threads were stopped: 0,0006354 seconds, Stopping threads took: 0,0005577 seconds
2017-08-03T03:03:22.426+0200: 1684,433: Total time for which application threads were stopped: 0,0003293 seconds, Stopping threads took: 0,0002527 seconds
2017-08-03T03:03:22.430+0200: 1684,436: Total time for which application threads were stopped: 0,0000863 seconds, Stopping threads took: 0,0000296 seconds
2017-08-03T03:03:22.434+0200: 1684,440: Total time for which application threads were stopped: 0,0000812 seconds, Stopping threads took: 0,0000174 seconds
2017-08-03T03:03:22.434+0200: 1684,440: Total time for which application threads were stopped: 0,0000670 seconds, Stopping threads took: 0,0000057 seconds
Heap
 par new generation   total 109248K, used 32825K [0x00000000e0000000, 0x00000000e8000000, 0x00000000e8000000)
  eden space 87424K,  20% used [0x00000000e0000000, 0x00000000e11c4bc0, 0x00000000e5560000)
  from space 21824K,  67% used [0x00000000e5560000, 0x00000000e63a9a58, 0x00000000e6ab0000)
  to   space 21824K,   0% used [0x00000000e6ab0000, 0x00000000e6ab0000, 0x00000000e8000000)
 concurrent mark-sweep generation total 393216K, used 6933K [0x00000000e8000000, 0x0000000100000000, 0x0000000100000000)
 Metaspace       used 28137K, capacity 28669K, committed 28796K, reserved 1075200K
  class space    used 3226K, capacity 3423K, committed 3452K, reserved 1048576K
