OpenJDK 64-Bit Server VM (25.131-b11) for linux-amd64 JRE (1.8.0_131-8u131-b11-0ubuntu1.16.04.2-b11), built on May  6 2017 02:45:27 by "buildd" with gcc 5.4.0 20160609
Memory: 4k page, physical 7867740k(7401064k free), swap 8076284k(8076284k free)
CommandLine flags: -XX:CMSInitiatingOccupancyFraction=50 -XX:CMSMaxAbortablePrecleanTime=6000 -XX:+CMSParallelRemarkEnabled -XX:+CMSScavengeBeforeRemark -XX:ConcGCThreads=4 -XX:InitialHeapSize=536870912 -XX:MaxHeapSize=536870912 -XX:MaxTenuringThreshold=8 -XX:NewRatio=3 -XX:OldPLABSize=16 -XX:OnOutOfMemoryError=/opt/solr/bin/oom_solr.sh 8983 /var/solr/logs -XX:ParallelGCThreads=4 -XX:+ParallelRefProcEnabled -XX:PretenureSizeThreshold=67108864 -XX:+PrintGC -XX:+PrintGCApplicationStoppedTime -XX:+PrintGCDateStamps -XX:+PrintGCDetails -XX:+PrintGCTimeStamps -XX:+PrintHeapAtGC -XX:+PrintTenuringDistribution -XX:SurvivorRatio=4 -XX:TargetSurvivorRatio=90 -XX:ThreadStackSize=256 -XX:+UseCMSInitiatingOccupancyOnly -XX:+UseCompressedClassPointers -XX:+UseCompressedOops -XX:+UseConcMarkSweepGC -XX:+UseParNewGC 
2017-05-19T15:03:37.834+0200: 0,134: Total time for which application threads were stopped: 0,0000688 seconds, Stopping threads took: 0,0000137 seconds
2017-05-19T15:03:37.911+0200: 0,212: Total time for which application threads were stopped: 0,0001096 seconds, Stopping threads took: 0,0000148 seconds
2017-05-19T15:03:37.926+0200: 0,227: Total time for which application threads were stopped: 0,0002074 seconds, Stopping threads took: 0,0000128 seconds
2017-05-19T15:03:38.145+0200: 0,446: Total time for which application threads were stopped: 0,0001346 seconds, Stopping threads took: 0,0000314 seconds
2017-05-19T15:03:38.580+0200: 0,881: Total time for which application threads were stopped: 0,0001779 seconds, Stopping threads took: 0,0000251 seconds
2017-05-19T15:03:38.731+0200: 1,031: Total time for which application threads were stopped: 0,0002066 seconds, Stopping threads took: 0,0000278 seconds
2017-05-19T15:03:38.801+0200: 1,101: Total time for which application threads were stopped: 0,0011689 seconds, Stopping threads took: 0,0001194 seconds
2017-05-19T15:03:39.150+0200: 1,451: Total time for which application threads were stopped: 0,0002212 seconds, Stopping threads took: 0,0000168 seconds
2017-05-19T15:03:39.382+0200: 1,682: Total time for which application threads were stopped: 0,0005072 seconds, Stopping threads took: 0,0001034 seconds
2017-05-19T15:03:39.407+0200: 1,708: Total time for which application threads were stopped: 0,0001773 seconds, Stopping threads took: 0,0000257 seconds
2017-05-19T15:03:39.436+0200: 1,737: Total time for which application threads were stopped: 0,0001867 seconds, Stopping threads took: 0,0000167 seconds
2017-05-19T15:03:39.439+0200: 1,739: Total time for which application threads were stopped: 0,0001732 seconds, Stopping threads took: 0,0000154 seconds
2017-05-19T15:03:39.456+0200: 1,757: Total time for which application threads were stopped: 0,0001638 seconds, Stopping threads took: 0,0000153 seconds
2017-05-19T15:03:39.548+0200: 1,849: Total time for which application threads were stopped: 0,0002065 seconds, Stopping threads took: 0,0000184 seconds
2017-05-19T15:03:39.710+0200: 2,010: Total time for which application threads were stopped: 0,0005157 seconds, Stopping threads took: 0,0002914 seconds
{Heap before GC invocations=0 (full 0):
 par new generation   total 109248K, used 87424K [0x00000000e0000000, 0x00000000e8000000, 0x00000000e8000000)
  eden space 87424K, 100% used [0x00000000e0000000, 0x00000000e5560000, 0x00000000e5560000)
  from space 21824K,   0% used [0x00000000e5560000, 0x00000000e5560000, 0x00000000e6ab0000)
  to   space 21824K,   0% used [0x00000000e6ab0000, 0x00000000e6ab0000, 0x00000000e8000000)
 concurrent mark-sweep generation total 393216K, used 0K [0x00000000e8000000, 0x0000000100000000, 0x0000000100000000)
 Metaspace       used 18071K, capacity 18400K, committed 18688K, reserved 1064960K
  class space    used 2047K, capacity 2196K, committed 2304K, reserved 1048576K
2017-05-19T15:03:39.798+0200: 2,098: [GC (Allocation Failure) 2017-05-19T15:03:39.798+0200: 2,098: [ParNew
Desired survivor size 20112992 bytes, new threshold 8 (max 8)
- age   1:   12685584 bytes,   12685584 total
: 87424K->12508K(109248K), 0,0179625 secs] 87424K->12508K(502464K), 0,0180367 secs] [Times: user=0,04 sys=0,01, real=0,02 secs] 
Heap after GC invocations=1 (full 0):
 par new generation   total 109248K, used 12508K [0x00000000e0000000, 0x00000000e8000000, 0x00000000e8000000)
  eden space 87424K,   0% used [0x00000000e0000000, 0x00000000e0000000, 0x00000000e5560000)
  from space 21824K,  57% used [0x00000000e6ab0000, 0x00000000e76e7208, 0x00000000e8000000)
  to   space 21824K,   0% used [0x00000000e5560000, 0x00000000e5560000, 0x00000000e6ab0000)
 concurrent mark-sweep generation total 393216K, used 0K [0x00000000e8000000, 0x0000000100000000, 0x0000000100000000)
 Metaspace       used 18071K, capacity 18400K, committed 18688K, reserved 1064960K
  class space    used 2047K, capacity 2196K, committed 2304K, reserved 1048576K
}
2017-05-19T15:03:39.816+0200: 2,116: Total time for which application threads were stopped: 0,0189512 seconds, Stopping threads took: 0,0007496 seconds
2017-05-19T15:03:40.110+0200: 2,411: Total time for which application threads were stopped: 0,0003235 seconds, Stopping threads took: 0,0000360 seconds
2017-05-19T15:03:40.162+0200: 2,463: Total time for which application threads were stopped: 0,0018457 seconds, Stopping threads took: 0,0015824 seconds
{Heap before GC invocations=1 (full 0):
 par new generation   total 109248K, used 99932K [0x00000000e0000000, 0x00000000e8000000, 0x00000000e8000000)
  eden space 87424K, 100% used [0x00000000e0000000, 0x00000000e5560000, 0x00000000e5560000)
  from space 21824K,  57% used [0x00000000e6ab0000, 0x00000000e76e7208, 0x00000000e8000000)
  to   space 21824K,   0% used [0x00000000e5560000, 0x00000000e5560000, 0x00000000e6ab0000)
 concurrent mark-sweep generation total 393216K, used 0K [0x00000000e8000000, 0x0000000100000000, 0x0000000100000000)
 Metaspace       used 20038K, capacity 20356K, committed 20736K, reserved 1067008K
  class space    used 2296K, capacity 2468K, committed 2560K, reserved 1048576K
2017-05-19T15:03:40.164+0200: 2,465: [GC (Allocation Failure) 2017-05-19T15:03:40.164+0200: 2,465: [ParNew
Desired survivor size 20112992 bytes, new threshold 8 (max 8)
- age   1:    3581960 bytes,    3581960 total
- age   2:    6680480 bytes,   10262440 total
: 99932K->15855K(109248K), 0,0097396 secs] 99932K->15855K(502464K), 0,0098040 secs] [Times: user=0,04 sys=0,00, real=0,01 secs] 
Heap after GC invocations=2 (full 0):
 par new generation   total 109248K, used 15855K [0x00000000e0000000, 0x00000000e8000000, 0x00000000e8000000)
  eden space 87424K,   0% used [0x00000000e0000000, 0x00000000e0000000, 0x00000000e5560000)
  from space 21824K,  72% used [0x00000000e5560000, 0x00000000e64dbd40, 0x00000000e6ab0000)
  to   space 21824K,   0% used [0x00000000e6ab0000, 0x00000000e6ab0000, 0x00000000e8000000)
 concurrent mark-sweep generation total 393216K, used 0K [0x00000000e8000000, 0x0000000100000000, 0x0000000100000000)
 Metaspace       used 20038K, capacity 20356K, committed 20736K, reserved 1067008K
  class space    used 2296K, capacity 2468K, committed 2560K, reserved 1048576K
}
2017-05-19T15:03:40.174+0200: 2,475: Total time for which application threads were stopped: 0,0115040 seconds, Stopping threads took: 0,0015963 seconds
2017-05-19T15:03:40.218+0200: 2,518: Total time for which application threads were stopped: 0,0004157 seconds, Stopping threads took: 0,0000563 seconds
2017-05-19T15:03:40.349+0200: 2,650: Total time for which application threads were stopped: 0,0001505 seconds, Stopping threads took: 0,0000358 seconds
{Heap before GC invocations=2 (full 0):
 par new generation   total 109248K, used 103279K [0x00000000e0000000, 0x00000000e8000000, 0x00000000e8000000)
  eden space 87424K, 100% used [0x00000000e0000000, 0x00000000e5560000, 0x00000000e5560000)
  from space 21824K,  72% used [0x00000000e5560000, 0x00000000e64dbd40, 0x00000000e6ab0000)
  to   space 21824K,   0% used [0x00000000e6ab0000, 0x00000000e6ab0000, 0x00000000e8000000)
 concurrent mark-sweep generation total 393216K, used 0K [0x00000000e8000000, 0x0000000100000000, 0x0000000100000000)
 Metaspace       used 20978K, capacity 21278K, committed 21628K, reserved 1069056K
  class space    used 2416K, capacity 2587K, committed 2684K, reserved 1048576K
2017-05-19T15:03:40.398+0200: 2,698: [GC (Allocation Failure) 2017-05-19T15:03:40.398+0200: 2,698: [ParNew
Desired survivor size 20112992 bytes, new threshold 8 (max 8)
- age   1:    2205680 bytes,    2205680 total
- age   2:     841264 bytes,    3046944 total
- age   3:    6672992 bytes,    9719936 total
: 103279K->12338K(109248K), 0,0138621 secs] 103279K->12338K(502464K), 0,0139476 secs] [Times: user=0,05 sys=0,00, real=0,02 secs] 
Heap after GC invocations=3 (full 0):
 par new generation   total 109248K, used 12338K [0x00000000e0000000, 0x00000000e8000000, 0x00000000e8000000)
  eden space 87424K,   0% used [0x00000000e0000000, 0x00000000e0000000, 0x00000000e5560000)
  from space 21824K,  56% used [0x00000000e6ab0000, 0x00000000e76bca40, 0x00000000e8000000)
  to   space 21824K,   0% used [0x00000000e5560000, 0x00000000e5560000, 0x00000000e6ab0000)
 concurrent mark-sweep generation total 393216K, used 0K [0x00000000e8000000, 0x0000000100000000, 0x0000000100000000)
 Metaspace       used 20978K, capacity 21278K, committed 21628K, reserved 1069056K
  class space    used 2416K, capacity 2587K, committed 2684K, reserved 1048576K
}
2017-05-19T15:03:40.412+0200: 2,712: Total time for which application threads were stopped: 0,0177482 seconds, Stopping threads took: 0,0036402 seconds
2017-05-19T15:03:40.412+0200: 2,712: [GC (CMS Initial Mark) [1 CMS-initial-mark: 0K(393216K)] 13772K(502464K), 0,0038946 secs] [Times: user=0,01 sys=0,00, real=0,00 secs] 
2017-05-19T15:03:40.416+0200: 2,716: Total time for which application threads were stopped: 0,0040384 seconds, Stopping threads took: 0,0000527 seconds
2017-05-19T15:03:40.416+0200: 2,716: [CMS-concurrent-mark-start]
2017-05-19T15:03:40.418+0200: 2,719: [CMS-concurrent-mark: 0,002/0,002 secs] [Times: user=0,01 sys=0,00, real=0,01 secs] 
2017-05-19T15:03:40.418+0200: 2,719: [CMS-concurrent-preclean-start]
2017-05-19T15:03:40.420+0200: 2,720: [CMS-concurrent-preclean: 0,001/0,001 secs] [Times: user=0,01 sys=0,00, real=0,00 secs] 
2017-05-19T15:03:40.420+0200: 2,720: [CMS-concurrent-abortable-preclean-start]
2017-05-19T15:03:40.478+0200: 2,779: Total time for which application threads were stopped: 0,0040969 seconds, Stopping threads took: 0,0040150 seconds
{Heap before GC invocations=3 (full 1):
 par new generation   total 109248K, used 99762K [0x00000000e0000000, 0x00000000e8000000, 0x00000000e8000000)
  eden space 87424K, 100% used [0x00000000e0000000, 0x00000000e5560000, 0x00000000e5560000)
  from space 21824K,  56% used [0x00000000e6ab0000, 0x00000000e76bca40, 0x00000000e8000000)
  to   space 21824K,   0% used [0x00000000e5560000, 0x00000000e5560000, 0x00000000e6ab0000)
 concurrent mark-sweep generation total 393216K, used 0K [0x00000000e8000000, 0x0000000100000000, 0x0000000100000000)
 Metaspace       used 21262K, capacity 21623K, committed 21884K, reserved 1069056K
  class space    used 2447K, capacity 2603K, committed 2684K, reserved 1048576K
2017-05-19T15:03:40.518+0200: 2,818: [GC (Allocation Failure) 2017-05-19T15:03:40.518+0200: 2,818: [ParNew
Desired survivor size 20112992 bytes, new threshold 8 (max 8)
- age   1:     955264 bytes,     955264 total
- age   2:    1453696 bytes,    2408960 total
- age   3:     809840 bytes,    3218800 total
- age   4:    6673032 bytes,    9891832 total
: 99762K->12873K(109248K), 0,0109253 secs] 99762K->12873K(502464K), 0,0109857 secs] [Times: user=0,04 sys=0,00, real=0,01 secs] 
Heap after GC invocations=4 (full 1):
 par new generation   total 109248K, used 12873K [0x00000000e0000000, 0x00000000e8000000, 0x00000000e8000000)
  eden space 87424K,   0% used [0x00000000e0000000, 0x00000000e0000000, 0x00000000e5560000)
  from space 21824K,  58% used [0x00000000e5560000, 0x00000000e61f25c0, 0x00000000e6ab0000)
  to   space 21824K,   0% used [0x00000000e6ab0000, 0x00000000e6ab0000, 0x00000000e8000000)
 concurrent mark-sweep generation total 393216K, used 0K [0x00000000e8000000, 0x0000000100000000, 0x0000000100000000)
 Metaspace       used 21262K, capacity 21623K, committed 21884K, reserved 1069056K
  class space    used 2447K, capacity 2603K, committed 2684K, reserved 1048576K
}
2017-05-19T15:03:40.529+0200: 2,829: Total time for which application threads were stopped: 0,0112026 seconds, Stopping threads took: 0,0000710 seconds
2017-05-19T15:03:40.529+0200: 2,829: [CMS-concurrent-abortable-preclean: 0,055/0,109 secs] [Times: user=0,40 sys=0,00, real=0,10 secs] 
2017-05-19T15:03:40.530+0200: 2,831: [GC (CMS Final Remark) [YG occupancy: 13821 K (109248 K)]{Heap before GC invocations=4 (full 1):
 par new generation   total 109248K, used 13821K [0x00000000e0000000, 0x00000000e8000000, 0x00000000e8000000)
  eden space 87424K,   1% used [0x00000000e0000000, 0x00000000e00ecf38, 0x00000000e5560000)
  from space 21824K,  58% used [0x00000000e5560000, 0x00000000e61f25c0, 0x00000000e6ab0000)
  to   space 21824K,   0% used [0x00000000e6ab0000, 0x00000000e6ab0000, 0x00000000e8000000)
 concurrent mark-sweep generation total 393216K, used 0K [0x00000000e8000000, 0x0000000100000000, 0x0000000100000000)
 Metaspace       used 21262K, capacity 21623K, committed 21884K, reserved 1069056K
  class space    used 2447K, capacity 2603K, committed 2684K, reserved 1048576K
2017-05-19T15:03:40.530+0200: 2,831: [GC (CMS Final Remark) 2017-05-19T15:03:40.530+0200: 2,831: [ParNew
Desired survivor size 20112992 bytes, new threshold 8 (max 8)
- age   1:     129824 bytes,     129824 total
- age   2:     758728 bytes,     888552 total
- age   3:    1453696 bytes,    2342248 total
- age   4:     809840 bytes,    3152088 total
- age   5:    6672992 bytes,    9825080 total
: 13821K->10783K(109248K), 0,0132944 secs] 13821K->10783K(502464K), 0,0133414 secs] [Times: user=0,05 sys=0,00, real=0,01 secs] 
Heap after GC invocations=5 (full 1):
 par new generation   total 109248K, used 10783K [0x00000000e0000000, 0x00000000e8000000, 0x00000000e8000000)
  eden space 87424K,   0% used [0x00000000e0000000, 0x00000000e0000000, 0x00000000e5560000)
  from space 21824K,  49% used [0x00000000e6ab0000, 0x00000000e7537f50, 0x00000000e8000000)
  to   space 21824K,   0% used [0x00000000e5560000, 0x00000000e5560000, 0x00000000e6ab0000)
 concurrent mark-sweep generation total 393216K, used 0K [0x00000000e8000000, 0x0000000100000000, 0x0000000100000000)
 Metaspace       used 21262K, capacity 21623K, committed 21884K, reserved 1069056K
  class space    used 2447K, capacity 2603K, committed 2684K, reserved 1048576K
}
2017-05-19T15:03:40.544+0200: 2,844: [Rescan (parallel) , 0,0038834 secs]2017-05-19T15:03:40.548+0200: 2,848: [weak refs processing, 0,0009615 secs]2017-05-19T15:03:40.549+0200: 2,849: [class unloading, 0,0028803 secs]2017-05-19T15:03:40.552+0200: 2,852: [scrub symbol table, 0,0025887 secs]2017-05-19T15:03:40.554+0200: 2,855: [scrub string table, 0,0003599 secs][1 CMS-remark: 0K(393216K)] 10783K(502464K), 0,0246884 secs] [Times: user=0,07 sys=0,00, real=0,02 secs] 
2017-05-19T15:03:40.555+0200: 2,856: Total time for which application threads were stopped: 0,0248220 seconds, Stopping threads took: 0,0000458 seconds
2017-05-19T15:03:40.555+0200: 2,856: [CMS-concurrent-sweep-start]
2017-05-19T15:03:40.555+0200: 2,856: [CMS-concurrent-sweep: 0,000/0,000 secs] [Times: user=0,00 sys=0,00, real=0,00 secs] 
2017-05-19T15:03:40.555+0200: 2,856: [CMS-concurrent-reset-start]
2017-05-19T15:03:40.558+0200: 2,858: [CMS-concurrent-reset: 0,002/0,002 secs] [Times: user=0,01 sys=0,00, real=0,00 secs] 
{Heap before GC invocations=5 (full 1):
 par new generation   total 109248K, used 98207K [0x00000000e0000000, 0x00000000e8000000, 0x00000000e8000000)
  eden space 87424K, 100% used [0x00000000e0000000, 0x00000000e5560000, 0x00000000e5560000)
  from space 21824K,  49% used [0x00000000e6ab0000, 0x00000000e7537f50, 0x00000000e8000000)
  to   space 21824K,   0% used [0x00000000e5560000, 0x00000000e5560000, 0x00000000e6ab0000)
 concurrent mark-sweep generation total 393216K, used 0K [0x00000000e8000000, 0x0000000100000000, 0x0000000100000000)
 Metaspace       used 21388K, capacity 21789K, committed 21884K, reserved 1069056K
  class space    used 2465K, capacity 2636K, committed 2684K, reserved 1048576K
2017-05-19T15:03:40.646+0200: 2,946: [GC (Allocation Failure) 2017-05-19T15:03:40.646+0200: 2,946: [ParNew
Desired survivor size 20112992 bytes, new threshold 8 (max 8)
- age   1:     935680 bytes,     935680 total
- age   2:         72 bytes,     935752 total
- age   3:     186800 bytes,    1122552 total
- age   4:    1453568 bytes,    2576120 total
- age   5:     807840 bytes,    3383960 total
- age   6:    6672992 bytes,   10056952 total
: 98207K->14690K(109248K), 0,0114575 secs] 98207K->14690K(502464K), 0,0115324 secs] [Times: user=0,04 sys=0,01, real=0,01 secs] 
Heap after GC invocations=6 (full 1):
 par new generation   total 109248K, used 14690K [0x00000000e0000000, 0x00000000e8000000, 0x00000000e8000000)
  eden space 87424K,   0% used [0x00000000e0000000, 0x00000000e0000000, 0x00000000e5560000)
  from space 21824K,  67% used [0x00000000e5560000, 0x00000000e63b8830, 0x00000000e6ab0000)
  to   space 21824K,   0% used [0x00000000e6ab0000, 0x00000000e6ab0000, 0x00000000e8000000)
 concurrent mark-sweep generation total 393216K, used 0K [0x00000000e8000000, 0x0000000100000000, 0x0000000100000000)
 Metaspace       used 21388K, capacity 21789K, committed 21884K, reserved 1069056K
  class space    used 2465K, capacity 2636K, committed 2684K, reserved 1048576K
}
2017-05-19T15:03:40.658+0200: 2,958: Total time for which application threads were stopped: 0,0117175 seconds, Stopping threads took: 0,0000589 seconds
2017-05-19T15:03:40.685+0200: 2,986: Total time for which application threads were stopped: 0,0003066 seconds, Stopping threads took: 0,0000225 seconds
2017-05-19T15:03:40.939+0200: 3,239: Total time for which application threads were stopped: 0,0004049 seconds, Stopping threads took: 0,0000192 seconds
2017-05-19T15:03:40.956+0200: 3,257: Total time for which application threads were stopped: 0,0003676 seconds, Stopping threads took: 0,0000195 seconds
{Heap before GC invocations=6 (full 1):
 par new generation   total 109248K, used 102114K [0x00000000e0000000, 0x00000000e8000000, 0x00000000e8000000)
  eden space 87424K, 100% used [0x00000000e0000000, 0x00000000e5560000, 0x00000000e5560000)
  from space 21824K,  67% used [0x00000000e5560000, 0x00000000e63b8830, 0x00000000e6ab0000)
  to   space 21824K,   0% used [0x00000000e6ab0000, 0x00000000e6ab0000, 0x00000000e8000000)
 concurrent mark-sweep generation total 393216K, used 0K [0x00000000e8000000, 0x0000000100000000, 0x0000000100000000)
 Metaspace       used 23905K, capacity 24389K, committed 24572K, reserved 1071104K
  class space    used 2815K, capacity 3012K, committed 3068K, reserved 1048576K
2017-05-19T15:03:41.126+0200: 3,427: [GC (Allocation Failure) 2017-05-19T15:03:41.126+0200: 3,427: [ParNew
Desired survivor size 20112992 bytes, new threshold 8 (max 8)
- age   1:    5333680 bytes,    5333680 total
- age   2:     114528 bytes,    5448208 total
- age   3:         72 bytes,    5448280 total
- age   4:     185368 bytes,    5633648 total
- age   5:     283680 bytes,    5917328 total
- age   6:     783416 bytes,    6700744 total
- age   7:    6664864 bytes,   13365608 total
: 102114K->17344K(109248K), 0,0155887 secs] 102114K->17344K(502464K), 0,0156656 secs] [Times: user=0,06 sys=0,00, real=0,02 secs] 
Heap after GC invocations=7 (full 1):
 par new generation   total 109248K, used 17344K [0x00000000e0000000, 0x00000000e8000000, 0x00000000e8000000)
  eden space 87424K,   0% used [0x00000000e0000000, 0x00000000e0000000, 0x00000000e5560000)
  from space 21824K,  79% used [0x00000000e6ab0000, 0x00000000e7ba0260, 0x00000000e8000000)
  to   space 21824K,   0% used [0x00000000e5560000, 0x00000000e5560000, 0x00000000e6ab0000)
 concurrent mark-sweep generation total 393216K, used 0K [0x00000000e8000000, 0x0000000100000000, 0x0000000100000000)
 Metaspace       used 23905K, capacity 24389K, committed 24572K, reserved 1071104K
  class space    used 2815K, capacity 3012K, committed 3068K, reserved 1048576K
}
2017-05-19T15:03:41.142+0200: 3,442: Total time for which application threads were stopped: 0,0160069 seconds, Stopping threads took: 0,0001348 seconds
{Heap before GC invocations=7 (full 1):
 par new generation   total 109248K, used 104768K [0x00000000e0000000, 0x00000000e8000000, 0x00000000e8000000)
  eden space 87424K, 100% used [0x00000000e0000000, 0x00000000e5560000, 0x00000000e5560000)
  from space 21824K,  79% used [0x00000000e6ab0000, 0x00000000e7ba0260, 0x00000000e8000000)
  to   space 21824K,   0% used [0x00000000e5560000, 0x00000000e5560000, 0x00000000e6ab0000)
 concurrent mark-sweep generation total 393216K, used 0K [0x00000000e8000000, 0x0000000100000000, 0x0000000100000000)
 Metaspace       used 24417K, capacity 24875K, committed 25084K, reserved 1071104K
  class space    used 2858K, capacity 3045K, committed 3068K, reserved 1048576K
2017-05-19T15:03:41.243+0200: 3,543: [GC (Allocation Failure) 2017-05-19T15:03:41.243+0200: 3,543: [ParNew
Desired survivor size 20112992 bytes, new threshold 8 (max 8)
- age   1:    1717584 bytes,    1717584 total
- age   2:    1775992 bytes,    3493576 total
- age   3:      55376 bytes,    3548952 total
- age   4:         72 bytes,    3549024 total
- age   5:     111192 bytes,    3660216 total
- age   6:     186760 bytes,    3846976 total
- age   7:     741168 bytes,    4588144 total
- age   8:    6132144 bytes,   10720288 total
: 104768K->14265K(109248K), 0,0126930 secs] 104768K->14265K(502464K), 0,0127705 secs] [Times: user=0,04 sys=0,00, real=0,01 secs] 
Heap after GC invocations=8 (full 1):
 par new generation   total 109248K, used 14265K [0x00000000e0000000, 0x00000000e8000000, 0x00000000e8000000)
  eden space 87424K,   0% used [0x00000000e0000000, 0x00000000e0000000, 0x00000000e5560000)
  from space 21824K,  65% used [0x00000000e5560000, 0x00000000e634e400, 0x00000000e6ab0000)
  to   space 21824K,   0% used [0x00000000e6ab0000, 0x00000000e6ab0000, 0x00000000e8000000)
 concurrent mark-sweep generation total 393216K, used 0K [0x00000000e8000000, 0x0000000100000000, 0x0000000100000000)
 Metaspace       used 24417K, capacity 24875K, committed 25084K, reserved 1071104K
  class space    used 2858K, capacity 3045K, committed 3068K, reserved 1048576K
}
2017-05-19T15:03:41.256+0200: 3,556: Total time for which application threads were stopped: 0,0129868 seconds, Stopping threads took: 0,0000236 seconds
{Heap before GC invocations=8 (full 1):
 par new generation   total 109248K, used 101689K [0x00000000e0000000, 0x00000000e8000000, 0x00000000e8000000)
  eden space 87424K, 100% used [0x00000000e0000000, 0x00000000e5560000, 0x00000000e5560000)
  from space 21824K,  65% used [0x00000000e5560000, 0x00000000e634e400, 0x00000000e6ab0000)
  to   space 21824K,   0% used [0x00000000e6ab0000, 0x00000000e6ab0000, 0x00000000e8000000)
 concurrent mark-sweep generation total 393216K, used 0K [0x00000000e8000000, 0x0000000100000000, 0x0000000100000000)
 Metaspace       used 24821K, capacity 25253K, committed 25468K, reserved 1071104K
  class space    used 2896K, capacity 3082K, committed 3196K, reserved 1048576K
2017-05-19T15:03:41.373+0200: 3,673: [GC (Allocation Failure) 2017-05-19T15:03:41.373+0200: 3,673: [ParNew
Desired survivor size 20112992 bytes, new threshold 8 (max 8)
- age   1:     925736 bytes,     925736 total
- age   2:     609912 bytes,    1535648 total
- age   3:    1753672 bytes,    3289320 total
- age   4:      55376 bytes,    3344696 total
- age   5:         72 bytes,    3344768 total
- age   6:     110992 bytes,    3455760 total
- age   7:     183992 bytes,    3639752 total
- age   8:     740400 bytes,    4380152 total
: 101689K->6888K(109248K), 0,0515648 secs] 101689K->12959K(502464K), 0,0516404 secs] [Times: user=0,10 sys=0,00, real=0,05 secs] 
Heap after GC invocations=9 (full 1):
 par new generation   total 109248K, used 6888K [0x00000000e0000000, 0x00000000e8000000, 0x00000000e8000000)
  eden space 87424K,   0% used [0x00000000e0000000, 0x00000000e0000000, 0x00000000e5560000)
  from space 21824K,  31% used [0x00000000e6ab0000, 0x00000000e716a210, 0x00000000e8000000)
  to   space 21824K,   0% used [0x00000000e5560000, 0x00000000e5560000, 0x00000000e6ab0000)
 concurrent mark-sweep generation total 393216K, used 6071K [0x00000000e8000000, 0x0000000100000000, 0x0000000100000000)
 Metaspace       used 24821K, capacity 25253K, committed 25468K, reserved 1071104K
  class space    used 2896K, capacity 3082K, committed 3196K, reserved 1048576K
}
2017-05-19T15:03:41.424+0200: 3,725: Total time for which application threads were stopped: 0,0528775 seconds, Stopping threads took: 0,0010416 seconds
2017-05-19T15:03:41.684+0200: 3,984: Total time for which application threads were stopped: 0,0004924 seconds, Stopping threads took: 0,0000335 seconds
2017-05-19T15:03:41.702+0200: 4,003: Total time for which application threads were stopped: 0,0005328 seconds, Stopping threads took: 0,0000385 seconds
2017-05-19T15:03:41.758+0200: 4,059: Total time for which application threads were stopped: 0,0032552 seconds, Stopping threads took: 0,0029086 seconds
2017-05-19T15:03:41.763+0200: 4,064: Total time for which application threads were stopped: 0,0001318 seconds, Stopping threads took: 0,0000587 seconds
2017-05-19T15:03:41.766+0200: 4,067: Total time for which application threads were stopped: 0,0003834 seconds, Stopping threads took: 0,0000208 seconds
2017-05-19T15:03:41.767+0200: 4,068: Total time for which application threads were stopped: 0,0002693 seconds, Stopping threads took: 0,0002055 seconds
2017-05-19T15:03:41.768+0200: 4,068: Total time for which application threads were stopped: 0,0001106 seconds, Stopping threads took: 0,0000331 seconds
2017-05-19T15:03:41.774+0200: 4,074: Total time for which application threads were stopped: 0,0001183 seconds, Stopping threads took: 0,0000386 seconds
2017-05-19T15:03:41.780+0200: 4,080: Total time for which application threads were stopped: 0,0000712 seconds, Stopping threads took: 0,0000174 seconds
2017-05-19T15:03:41.781+0200: 4,081: Total time for which application threads were stopped: 0,0002635 seconds, Stopping threads took: 0,0001977 seconds
2017-05-19T15:03:41.787+0200: 4,088: Total time for which application threads were stopped: 0,0001020 seconds, Stopping threads took: 0,0000276 seconds
2017-05-19T15:03:41.788+0200: 4,088: Total time for which application threads were stopped: 0,0001141 seconds, Stopping threads took: 0,0000423 seconds
2017-05-19T15:03:41.788+0200: 4,089: Total time for which application threads were stopped: 0,0001131 seconds, Stopping threads took: 0,0000283 seconds
2017-05-19T15:03:41.789+0200: 4,090: Total time for which application threads were stopped: 0,0001093 seconds, Stopping threads took: 0,0000293 seconds
2017-05-19T15:03:41.791+0200: 4,091: Total time for which application threads were stopped: 0,0001649 seconds, Stopping threads took: 0,0000417 seconds
2017-05-19T15:03:41.791+0200: 4,092: Total time for which application threads were stopped: 0,0001223 seconds, Stopping threads took: 0,0000307 seconds
2017-05-19T15:03:41.791+0200: 4,092: Total time for which application threads were stopped: 0,0000912 seconds, Stopping threads took: 0,0000246 seconds
2017-05-19T15:03:41.791+0200: 4,092: Total time for which application threads were stopped: 0,0000902 seconds, Stopping threads took: 0,0000249 seconds
2017-05-19T15:03:41.792+0200: 4,092: Total time for which application threads were stopped: 0,0000889 seconds, Stopping threads took: 0,0000200 seconds
2017-05-19T15:03:41.792+0200: 4,092: Total time for which application threads were stopped: 0,0001092 seconds, Stopping threads took: 0,0000524 seconds
2017-05-19T15:03:41.792+0200: 4,093: Total time for which application threads were stopped: 0,0000941 seconds, Stopping threads took: 0,0000397 seconds
2017-05-19T15:03:41.792+0200: 4,093: Total time for which application threads were stopped: 0,0000643 seconds, Stopping threads took: 0,0000224 seconds
2017-05-19T15:03:41.792+0200: 4,093: Total time for which application threads were stopped: 0,0000630 seconds, Stopping threads took: 0,0000220 seconds
2017-05-19T15:03:41.792+0200: 4,093: Total time for which application threads were stopped: 0,0000539 seconds, Stopping threads took: 0,0000163 seconds
2017-05-19T15:03:41.793+0200: 4,093: Total time for which application threads were stopped: 0,0000762 seconds, Stopping threads took: 0,0000251 seconds
2017-05-19T15:03:41.793+0200: 4,093: Total time for which application threads were stopped: 0,0000594 seconds, Stopping threads took: 0,0000169 seconds
2017-05-19T15:03:41.793+0200: 4,094: Total time for which application threads were stopped: 0,0001413 seconds, Stopping threads took: 0,0000201 seconds
2017-05-19T15:03:41.793+0200: 4,094: Total time for which application threads were stopped: 0,0000707 seconds, Stopping threads took: 0,0000262 seconds
2017-05-19T15:03:41.793+0200: 4,094: Total time for which application threads were stopped: 0,0000638 seconds, Stopping threads took: 0,0000173 seconds
2017-05-19T15:03:41.794+0200: 4,094: Total time for which application threads were stopped: 0,0000635 seconds, Stopping threads took: 0,0000228 seconds
2017-05-19T15:03:41.794+0200: 4,094: Total time for which application threads were stopped: 0,0000581 seconds, Stopping threads took: 0,0000168 seconds
2017-05-19T15:03:41.794+0200: 4,094: Total time for which application threads were stopped: 0,0000562 seconds, Stopping threads took: 0,0000147 seconds
2017-05-19T15:03:41.794+0200: 4,095: Total time for which application threads were stopped: 0,0000748 seconds, Stopping threads took: 0,0000228 seconds
2017-05-19T15:03:41.794+0200: 4,095: Total time for which application threads were stopped: 0,0000667 seconds, Stopping threads took: 0,0000227 seconds
2017-05-19T15:03:41.794+0200: 4,095: Total time for which application threads were stopped: 0,0000624 seconds, Stopping threads took: 0,0000166 seconds
2017-05-19T15:03:41.798+0200: 4,099: Total time for which application threads were stopped: 0,0036991 seconds, Stopping threads took: 0,0036446 seconds
2017-05-19T15:03:41.798+0200: 4,099: Total time for which application threads were stopped: 0,0000630 seconds, Stopping threads took: 0,0000187 seconds
2017-05-19T15:03:41.800+0200: 4,101: Total time for which application threads were stopped: 0,0020887 seconds, Stopping threads took: 0,0020265 seconds
2017-05-19T15:03:41.801+0200: 4,101: Total time for which application threads were stopped: 0,0000569 seconds, Stopping threads took: 0,0000117 seconds
2017-05-19T15:03:41.801+0200: 4,101: Total time for which application threads were stopped: 0,0000592 seconds, Stopping threads took: 0,0000186 seconds
2017-05-19T15:03:41.801+0200: 4,101: Total time for which application threads were stopped: 0,0000479 seconds, Stopping threads took: 0,0000128 seconds
2017-05-19T15:03:41.801+0200: 4,101: Total time for which application threads were stopped: 0,0000562 seconds, Stopping threads took: 0,0000192 seconds
2017-05-19T15:03:41.801+0200: 4,102: Total time for which application threads were stopped: 0,0000608 seconds, Stopping threads took: 0,0000217 seconds
2017-05-19T15:03:41.801+0200: 4,102: Total time for which application threads were stopped: 0,0000537 seconds, Stopping threads took: 0,0000110 seconds
2017-05-19T15:03:41.801+0200: 4,102: Total time for which application threads were stopped: 0,0000500 seconds, Stopping threads took: 0,0000107 seconds
2017-05-19T15:03:41.801+0200: 4,102: Total time for which application threads were stopped: 0,0000435 seconds, Stopping threads took: 0,0000113 seconds
2017-05-19T15:03:41.802+0200: 4,102: Total time for which application threads were stopped: 0,0001179 seconds, Stopping threads took: 0,0000084 seconds
2017-05-19T15:03:41.806+0200: 4,107: Total time for which application threads were stopped: 0,0001372 seconds, Stopping threads took: 0,0000365 seconds
2017-05-19T15:03:41.814+0200: 4,115: Total time for which application threads were stopped: 0,0001712 seconds, Stopping threads took: 0,0000498 seconds
2017-05-19T15:03:41.815+0200: 4,115: Total time for which application threads were stopped: 0,0001055 seconds, Stopping threads took: 0,0000355 seconds
2017-05-19T15:03:41.827+0200: 4,127: Total time for which application threads were stopped: 0,0001470 seconds, Stopping threads took: 0,0000318 seconds
2017-05-19T15:03:41.851+0200: 4,152: Total time for which application threads were stopped: 0,0001524 seconds, Stopping threads took: 0,0000473 seconds
2017-05-19T15:03:41.882+0200: 4,183: Total time for which application threads were stopped: 0,0004501 seconds, Stopping threads took: 0,0000444 seconds
2017-05-19T15:03:42.882+0200: 5,183: Total time for which application threads were stopped: 0,0000738 seconds, Stopping threads took: 0,0000162 seconds
2017-05-19T15:03:43.882+0200: 6,183: Total time for which application threads were stopped: 0,0000622 seconds, Stopping threads took: 0,0000162 seconds
2017-05-19T15:03:58.884+0200: 21,185: Total time for which application threads were stopped: 0,0000648 seconds, Stopping threads took: 0,0000163 seconds
2017-05-19T15:04:09.886+0200: 32,186: Total time for which application threads were stopped: 0,0000698 seconds, Stopping threads took: 0,0000184 seconds
2017-05-19T15:04:59.892+0200: 82,193: Total time for which application threads were stopped: 0,0000723 seconds, Stopping threads took: 0,0000199 seconds
2017-05-19T15:05:39.463+0200: 122,197: Total time for which application threads were stopped: 0,0000804 seconds, Stopping threads took: 0,0000324 seconds
{Heap before GC invocations=9 (full 1):
 par new generation   total 109248K, used 94312K [0x00000000e0000000, 0x00000000e8000000, 0x00000000e8000000)
  eden space 87424K, 100% used [0x00000000e0000000, 0x00000000e5560000, 0x00000000e5560000)
  from space 21824K,  31% used [0x00000000e6ab0000, 0x00000000e716a210, 0x00000000e8000000)
  to   space 21824K,   0% used [0x00000000e5560000, 0x00000000e5560000, 0x00000000e6ab0000)
 concurrent mark-sweep generation total 393216K, used 6071K [0x00000000e8000000, 0x0000000100000000, 0x0000000100000000)
 Metaspace       used 28029K, capacity 28557K, committed 28796K, reserved 1075200K
  class space    used 3213K, capacity 3390K, committed 3452K, reserved 1048576K
2017-05-19T15:06:33.172+0200: 175,906: [GC (Allocation Failure) 2017-05-19T15:06:33.172+0200: 175,906: [ParNew
Desired survivor size 20112992 bytes, new threshold 8 (max 8)
- age   1:   10937104 bytes,   10937104 total
- age   2:     245264 bytes,   11182368 total
- age   3:     218568 bytes,   11400936 total
- age   4:    1748176 bytes,   13149112 total
- age   5:      52960 bytes,   13202072 total
- age   6:         72 bytes,   13202144 total
- age   7:     110800 bytes,   13312944 total
- age   8:     183400 bytes,   13496344 total
: 94312K->14311K(109248K), 0,0167984 secs] 100383K->21190K(502464K), 0,0168614 secs] [Times: user=0,04 sys=0,01, real=0,02 secs] 
Heap after GC invocations=10 (full 1):
 par new generation   total 109248K, used 14311K [0x00000000e0000000, 0x00000000e8000000, 0x00000000e8000000)
  eden space 87424K,   0% used [0x00000000e0000000, 0x00000000e0000000, 0x00000000e5560000)
  from space 21824K,  65% used [0x00000000e5560000, 0x00000000e6359e60, 0x00000000e6ab0000)
  to   space 21824K,   0% used [0x00000000e6ab0000, 0x00000000e6ab0000, 0x00000000e8000000)
 concurrent mark-sweep generation total 393216K, used 6879K [0x00000000e8000000, 0x0000000100000000, 0x0000000100000000)
 Metaspace       used 28029K, capacity 28557K, committed 28796K, reserved 1075200K
  class space    used 3213K, capacity 3390K, committed 3452K, reserved 1048576K
}
2017-05-19T15:06:33.189+0200: 175,923: Total time for which application threads were stopped: 0,0170178 seconds, Stopping threads took: 0,0000484 seconds
2017-05-19T15:06:33.192+0200: 175,925: Total time for which application threads were stopped: 0,0000716 seconds, Stopping threads took: 0,0000214 seconds
2017-05-19T15:06:33.192+0200: 175,926: Total time for which application threads were stopped: 0,0000376 seconds, Stopping threads took: 0,0000085 seconds
2017-05-19T15:06:38.192+0200: 180,926: Total time for which application threads were stopped: 0,0000658 seconds, Stopping threads took: 0,0000172 seconds
2017-05-19T15:06:39.193+0200: 181,926: Total time for which application threads were stopped: 0,0000780 seconds, Stopping threads took: 0,0000172 seconds
2017-05-19T15:07:58.202+0200: 260,935: Total time for which application threads were stopped: 0,0000808 seconds, Stopping threads took: 0,0000327 seconds
2017-05-19T15:08:14.204+0200: 276,937: Total time for which application threads were stopped: 0,0001749 seconds, Stopping threads took: 0,0000654 seconds
2017-05-19T15:12:19.231+0200: 521,964: Total time for which application threads were stopped: 0,0000812 seconds, Stopping threads took: 0,0000308 seconds
2017-05-19T15:20:17.097+0200: 999,831: Total time for which application threads were stopped: 0,0005555 seconds, Stopping threads took: 0,0000144 seconds
2017-05-19T15:20:17.098+0200: 999,832: Total time for which application threads were stopped: 0,0007346 seconds, Stopping threads took: 0,0000108 seconds
2017-05-19T15:20:17.109+0200: 999,843: Total time for which application threads were stopped: 0,0001142 seconds, Stopping threads took: 0,0000362 seconds
2017-05-19T15:20:17.116+0200: 999,850: Total time for which application threads were stopped: 0,0062403 seconds, Stopping threads took: 0,0061828 seconds
2017-05-19T15:20:17.122+0200: 999,856: Total time for which application threads were stopped: 0,0001086 seconds, Stopping threads took: 0,0000358 seconds
2017-05-19T15:20:17.124+0200: 999,858: Total time for which application threads were stopped: 0,0019947 seconds, Stopping threads took: 0,0019136 seconds
2017-05-19T15:20:17.130+0200: 999,864: Total time for which application threads were stopped: 0,0000904 seconds, Stopping threads took: 0,0000292 seconds
2017-05-19T15:20:17.130+0200: 999,864: Total time for which application threads were stopped: 0,0000453 seconds, Stopping threads took: 0,0000171 seconds
2017-05-19T15:20:17.133+0200: 999,867: Total time for which application threads were stopped: 0,0008693 seconds, Stopping threads took: 0,0008141 seconds
2017-05-19T15:20:17.135+0200: 999,869: Total time for which application threads were stopped: 0,0000869 seconds, Stopping threads took: 0,0000231 seconds
2017-05-19T15:20:17.135+0200: 999,869: Total time for which application threads were stopped: 0,0000624 seconds, Stopping threads took: 0,0000305 seconds
2017-05-19T15:20:17.135+0200: 999,869: Total time for which application threads were stopped: 0,0000385 seconds, Stopping threads took: 0,0000123 seconds
2017-05-19T15:20:17.136+0200: 999,869: Total time for which application threads were stopped: 0,0000604 seconds, Stopping threads took: 0,0000295 seconds
2017-05-19T15:20:17.136+0200: 999,869: Total time for which application threads were stopped: 0,0000588 seconds, Stopping threads took: 0,0000324 seconds
2017-05-19T15:20:17.136+0200: 999,870: Total time for which application threads were stopped: 0,0000679 seconds, Stopping threads took: 0,0000191 seconds
2017-05-19T15:20:17.136+0200: 999,870: Total time for which application threads were stopped: 0,0000854 seconds, Stopping threads took: 0,0000555 seconds
2017-05-19T15:20:17.136+0200: 999,870: Total time for which application threads were stopped: 0,0000712 seconds, Stopping threads took: 0,0000274 seconds
2017-05-19T15:20:17.137+0200: 999,870: Total time for which application threads were stopped: 0,0000407 seconds, Stopping threads took: 0,0000183 seconds
2017-05-19T15:20:17.137+0200: 999,870: Total time for which application threads were stopped: 0,0000583 seconds, Stopping threads took: 0,0000130 seconds
2017-05-19T15:20:17.137+0200: 999,871: Total time for which application threads were stopped: 0,0000693 seconds, Stopping threads took: 0,0000457 seconds
2017-05-19T15:20:17.137+0200: 999,871: Total time for which application threads were stopped: 0,0000416 seconds, Stopping threads took: 0,0000202 seconds
2017-05-19T15:20:17.137+0200: 999,871: Total time for which application threads were stopped: 0,0000274 seconds, Stopping threads took: 0,0000064 seconds
2017-05-19T15:20:17.137+0200: 999,871: Total time for which application threads were stopped: 0,0000219 seconds, Stopping threads took: 0,0000052 seconds
2017-05-19T15:20:17.137+0200: 999,871: Total time for which application threads were stopped: 0,0000454 seconds, Stopping threads took: 0,0000154 seconds
2017-05-19T15:20:17.137+0200: 999,871: Total time for which application threads were stopped: 0,0000375 seconds, Stopping threads took: 0,0000173 seconds
2017-05-19T15:20:17.137+0200: 999,871: Total time for which application threads were stopped: 0,0000343 seconds, Stopping threads took: 0,0000150 seconds
2017-05-19T15:20:17.138+0200: 999,871: Total time for which application threads were stopped: 0,0000535 seconds, Stopping threads took: 0,0000179 seconds
2017-05-19T15:20:17.138+0200: 999,872: Total time for which application threads were stopped: 0,0001427 seconds, Stopping threads took: 0,0000209 seconds
2017-05-19T15:20:17.138+0200: 999,872: Total time for which application threads were stopped: 0,0000762 seconds, Stopping threads took: 0,0000382 seconds
2017-05-19T15:20:17.139+0200: 999,873: Total time for which application threads were stopped: 0,0000740 seconds, Stopping threads took: 0,0000246 seconds
Heap
 par new generation   total 109248K, used 35797K [0x00000000e0000000, 0x00000000e8000000, 0x00000000e8000000)
  eden space 87424K,  24% used [0x00000000e0000000, 0x00000000e14fb938, 0x00000000e5560000)
  from space 21824K,  65% used [0x00000000e5560000, 0x00000000e6359e60, 0x00000000e6ab0000)
  to   space 21824K,   0% used [0x00000000e6ab0000, 0x00000000e6ab0000, 0x00000000e8000000)
 concurrent mark-sweep generation total 393216K, used 6879K [0x00000000e8000000, 0x0000000100000000, 0x0000000100000000)
 Metaspace       used 28162K, capacity 28731K, committed 29052K, reserved 1075200K
  class space    used 3229K, capacity 3425K, committed 3452K, reserved 1048576K
