OpenJDK 64-Bit Server VM (25.121-b13) for linux-amd64 JRE (1.8.0_121-8u121-b13-0ubuntu1.16.04.2-b13), built on Jan 23 2017 15:51:29 by "buildd" with gcc 5.4.0 20160609
Memory: 4k page, physical 7867760k(7437332k free), swap 8076284k(8076284k free)
CommandLine flags: -XX:CMSInitiatingOccupancyFraction=50 -XX:CMSMaxAbortablePrecleanTime=6000 -XX:+CMSParallelRemarkEnabled -XX:+CMSScavengeBeforeRemark -XX:ConcGCThreads=4 -XX:InitialHeapSize=536870912 -XX:MaxHeapSize=536870912 -XX:MaxTenuringThreshold=8 -XX:NewRatio=3 -XX:OldPLABSize=16 -XX:OnOutOfMemoryError=/opt/solr/bin/oom_solr.sh 8983 /var/solr/logs -XX:ParallelGCThreads=4 -XX:+ParallelRefProcEnabled -XX:PretenureSizeThreshold=67108864 -XX:+PrintGC -XX:+PrintGCApplicationStoppedTime -XX:+PrintGCDateStamps -XX:+PrintGCDetails -XX:+PrintGCTimeStamps -XX:+PrintHeapAtGC -XX:+PrintTenuringDistribution -XX:SurvivorRatio=4 -XX:TargetSurvivorRatio=90 -XX:ThreadStackSize=256 -XX:+UseCMSInitiatingOccupancyOnly -XX:+UseCompressedClassPointers -XX:+UseCompressedOops -XX:+UseConcMarkSweepGC -XX:+UseParNewGC 
2017-03-16T01:42:11.240+0100: 0,151: Total time for which application threads were stopped: 0,0000953 seconds, Stopping threads took: 0,0000101 seconds
2017-03-16T01:42:11.360+0100: 0,270: Total time for which application threads were stopped: 0,0001220 seconds, Stopping threads took: 0,0000167 seconds
2017-03-16T01:42:11.378+0100: 0,289: Total time for which application threads were stopped: 0,0001052 seconds, Stopping threads took: 0,0000267 seconds
2017-03-16T01:42:11.937+0100: 0,848: Total time for which application threads were stopped: 0,0001413 seconds, Stopping threads took: 0,0000111 seconds
2017-03-16T01:42:12.279+0100: 1,190: Total time for which application threads were stopped: 0,0001245 seconds, Stopping threads took: 0,0000097 seconds
2017-03-16T01:42:12.398+0100: 1,309: Total time for which application threads were stopped: 0,0001690 seconds, Stopping threads took: 0,0000140 seconds
2017-03-16T01:42:12.432+0100: 1,342: Total time for which application threads were stopped: 0,0001794 seconds, Stopping threads took: 0,0000314 seconds
2017-03-16T01:42:12.729+0100: 1,640: Total time for which application threads were stopped: 0,0003935 seconds, Stopping threads took: 0,0000486 seconds
2017-03-16T01:42:12.983+0100: 1,893: Total time for which application threads were stopped: 0,0001928 seconds, Stopping threads took: 0,0000136 seconds
2017-03-16T01:42:13.010+0100: 1,921: Total time for which application threads were stopped: 0,0010241 seconds, Stopping threads took: 0,0005366 seconds
2017-03-16T01:42:13.041+0100: 1,951: Total time for which application threads were stopped: 0,0001790 seconds, Stopping threads took: 0,0000128 seconds
2017-03-16T01:42:13.042+0100: 1,952: Total time for which application threads were stopped: 0,0002365 seconds, Stopping threads took: 0,0000128 seconds
2017-03-16T01:42:13.063+0100: 1,973: Total time for which application threads were stopped: 0,0004944 seconds, Stopping threads took: 0,0000682 seconds
2017-03-16T01:42:13.158+0100: 2,068: Total time for which application threads were stopped: 0,0002014 seconds, Stopping threads took: 0,0000176 seconds
2017-03-16T01:42:13.321+0100: 2,231: Total time for which application threads were stopped: 0,0002444 seconds, Stopping threads took: 0,0000257 seconds
{Heap before GC invocations=0 (full 0):
 par new generation   total 109248K, used 87424K [0x00000000e0000000, 0x00000000e8000000, 0x00000000e8000000)
  eden space 87424K, 100% used [0x00000000e0000000, 0x00000000e5560000, 0x00000000e5560000)
  from space 21824K,   0% used [0x00000000e5560000, 0x00000000e5560000, 0x00000000e6ab0000)
  to   space 21824K,   0% used [0x00000000e6ab0000, 0x00000000e6ab0000, 0x00000000e8000000)
 concurrent mark-sweep generation total 393216K, used 0K [0x00000000e8000000, 0x0000000100000000, 0x0000000100000000)
 Metaspace       used 18016K, capacity 18336K, committed 18688K, reserved 1064960K
  class space    used 2037K, capacity 2196K, committed 2304K, reserved 1048576K
2017-03-16T01:42:13.414+0100: 2,325: [GC (Allocation Failure) 2017-03-16T01:42:13.414+0100: 2,325: [ParNew
Desired survivor size 20112992 bytes, new threshold 8 (max 8)
- age   1:   12593648 bytes,   12593648 total
: 87424K->12410K(109248K), 0,0158378 secs] 87424K->12410K(502464K), 0,0159200 secs] [Times: user=0,05 sys=0,00, real=0,02 secs] 
Heap after GC invocations=1 (full 0):
 par new generation   total 109248K, used 12410K [0x00000000e0000000, 0x00000000e8000000, 0x00000000e8000000)
  eden space 87424K,   0% used [0x00000000e0000000, 0x00000000e0000000, 0x00000000e5560000)
  from space 21824K,  56% used [0x00000000e6ab0000, 0x00000000e76ce8e0, 0x00000000e8000000)
  to   space 21824K,   0% used [0x00000000e5560000, 0x00000000e5560000, 0x00000000e6ab0000)
 concurrent mark-sweep generation total 393216K, used 0K [0x00000000e8000000, 0x0000000100000000, 0x0000000100000000)
 Metaspace       used 18016K, capacity 18336K, committed 18688K, reserved 1064960K
  class space    used 2037K, capacity 2196K, committed 2304K, reserved 1048576K
}
2017-03-16T01:42:13.430+0100: 2,341: Total time for which application threads were stopped: 0,0161560 seconds, Stopping threads took: 0,0000442 seconds
2017-03-16T01:42:13.748+0100: 2,658: Total time for which application threads were stopped: 0,0002779 seconds, Stopping threads took: 0,0000280 seconds
2017-03-16T01:42:13.780+0100: 2,690: Total time for which application threads were stopped: 0,0003496 seconds, Stopping threads took: 0,0000716 seconds
{Heap before GC invocations=1 (full 0):
 par new generation   total 109248K, used 99834K [0x00000000e0000000, 0x00000000e8000000, 0x00000000e8000000)
  eden space 87424K, 100% used [0x00000000e0000000, 0x00000000e5560000, 0x00000000e5560000)
  from space 21824K,  56% used [0x00000000e6ab0000, 0x00000000e76ce8e0, 0x00000000e8000000)
  to   space 21824K,   0% used [0x00000000e5560000, 0x00000000e5560000, 0x00000000e6ab0000)
 concurrent mark-sweep generation total 393216K, used 0K [0x00000000e8000000, 0x0000000100000000, 0x0000000100000000)
 Metaspace       used 20047K, capacity 20414K, committed 20736K, reserved 1067008K
  class space    used 2295K, capacity 2465K, committed 2560K, reserved 1048576K
2017-03-16T01:42:13.784+0100: 2,695: [GC (Allocation Failure) 2017-03-16T01:42:13.784+0100: 2,695: [ParNew
Desired survivor size 20112992 bytes, new threshold 8 (max 8)
- age   1:    3832104 bytes,    3832104 total
- age   2:    6666056 bytes,   10498160 total
: 99834K->17712K(109248K), 0,0181772 secs] 99834K->17712K(502464K), 0,0182669 secs] [Times: user=0,06 sys=0,01, real=0,02 secs] 
Heap after GC invocations=2 (full 0):
 par new generation   total 109248K, used 17712K [0x00000000e0000000, 0x00000000e8000000, 0x00000000e8000000)
  eden space 87424K,   0% used [0x00000000e0000000, 0x00000000e0000000, 0x00000000e5560000)
  from space 21824K,  81% used [0x00000000e5560000, 0x00000000e66ac2d0, 0x00000000e6ab0000)
  to   space 21824K,   0% used [0x00000000e6ab0000, 0x00000000e6ab0000, 0x00000000e8000000)
 concurrent mark-sweep generation total 393216K, used 0K [0x00000000e8000000, 0x0000000100000000, 0x0000000100000000)
 Metaspace       used 20047K, capacity 20414K, committed 20736K, reserved 1067008K
  class space    used 2295K, capacity 2465K, committed 2560K, reserved 1048576K
}
2017-03-16T01:42:13.803+0100: 2,713: Total time for which application threads were stopped: 0,0184693 seconds, Stopping threads took: 0,0000851 seconds
2017-03-16T01:42:13.842+0100: 2,753: Total time for which application threads were stopped: 0,0041154 seconds, Stopping threads took: 0,0038182 seconds
2017-03-16T01:42:13.972+0100: 2,882: Total time for which application threads were stopped: 0,0002071 seconds, Stopping threads took: 0,0000431 seconds
{Heap before GC invocations=2 (full 0):
 par new generation   total 109248K, used 105136K [0x00000000e0000000, 0x00000000e8000000, 0x00000000e8000000)
  eden space 87424K, 100% used [0x00000000e0000000, 0x00000000e5560000, 0x00000000e5560000)
  from space 21824K,  81% used [0x00000000e5560000, 0x00000000e66ac2d0, 0x00000000e6ab0000)
  to   space 21824K,   0% used [0x00000000e6ab0000, 0x00000000e6ab0000, 0x00000000e8000000)
 concurrent mark-sweep generation total 393216K, used 0K [0x00000000e8000000, 0x0000000100000000, 0x0000000100000000)
 Metaspace       used 20965K, capacity 21272K, committed 21628K, reserved 1069056K
  class space    used 2416K, capacity 2584K, committed 2684K, reserved 1048576K
2017-03-16T01:42:14.014+0100: 2,924: [GC (Allocation Failure) 2017-03-16T01:42:14.014+0100: 2,924: [ParNew
Desired survivor size 20112992 bytes, new threshold 8 (max 8)
- age   1:    2097256 bytes,    2097256 total
- age   2:     855328 bytes,    2952584 total
- age   3:    6659848 bytes,    9612432 total
: 105136K->11326K(109248K), 0,0112296 secs] 105136K->11326K(502464K), 0,0113145 secs] [Times: user=0,04 sys=0,00, real=0,01 secs] 
Heap after GC invocations=3 (full 0):
 par new generation   total 109248K, used 11326K [0x00000000e0000000, 0x00000000e8000000, 0x00000000e8000000)
  eden space 87424K,   0% used [0x00000000e0000000, 0x00000000e0000000, 0x00000000e5560000)
  from space 21824K,  51% used [0x00000000e6ab0000, 0x00000000e75bf860, 0x00000000e8000000)
  to   space 21824K,   0% used [0x00000000e5560000, 0x00000000e5560000, 0x00000000e6ab0000)
 concurrent mark-sweep generation total 393216K, used 0K [0x00000000e8000000, 0x0000000100000000, 0x0000000100000000)
 Metaspace       used 20965K, capacity 21272K, committed 21628K, reserved 1069056K
  class space    used 2416K, capacity 2584K, committed 2684K, reserved 1048576K
}
2017-03-16T01:42:14.025+0100: 2,936: Total time for which application threads were stopped: 0,0115130 seconds, Stopping threads took: 0,0000421 seconds
2017-03-16T01:42:14.026+0100: 2,936: [GC (CMS Initial Mark) [1 CMS-initial-mark: 0K(393216K)] 11342K(502464K), 0,0049955 secs] [Times: user=0,01 sys=0,01, real=0,01 secs] 
2017-03-16T01:42:14.031+0100: 2,941: Total time for which application threads were stopped: 0,0054185 seconds, Stopping threads took: 0,0003253 seconds
2017-03-16T01:42:14.031+0100: 2,941: [CMS-concurrent-mark-start]
2017-03-16T01:42:14.032+0100: 2,942: [CMS-concurrent-mark: 0,001/0,001 secs] [Times: user=0,00 sys=0,00, real=0,00 secs] 
2017-03-16T01:42:14.032+0100: 2,942: [CMS-concurrent-preclean-start]
2017-03-16T01:42:14.033+0100: 2,943: [CMS-concurrent-preclean: 0,001/0,001 secs] [Times: user=0,01 sys=0,00, real=0,00 secs] 
2017-03-16T01:42:14.033+0100: 2,943: [GC (CMS Final Remark) [YG occupancy: 12806 K (109248 K)]{Heap before GC invocations=3 (full 1):
 par new generation   total 109248K, used 12806K [0x00000000e0000000, 0x00000000e8000000, 0x00000000e8000000)
  eden space 87424K,   1% used [0x00000000e0000000, 0x00000000e01721e0, 0x00000000e5560000)
  from space 21824K,  51% used [0x00000000e6ab0000, 0x00000000e75bf860, 0x00000000e8000000)
  to   space 21824K,   0% used [0x00000000e5560000, 0x00000000e5560000, 0x00000000e6ab0000)
 concurrent mark-sweep generation total 393216K, used 0K [0x00000000e8000000, 0x0000000100000000, 0x0000000100000000)
 Metaspace       used 20966K, capacity 21272K, committed 21628K, reserved 1069056K
  class space    used 2416K, capacity 2584K, committed 2684K, reserved 1048576K
2017-03-16T01:42:14.033+0100: 2,943: [GC (CMS Final Remark) 2017-03-16T01:42:14.033+0100: 2,943: [ParNew
Desired survivor size 20112992 bytes, new threshold 8 (max 8)
- age   1:       2744 bytes,       2744 total
- age   2:    2088512 bytes,    2091256 total
- age   3:     855328 bytes,    2946584 total
- age   4:    6659576 bytes,    9606160 total
: 12806K->12259K(109248K), 0,0118760 secs] 12806K->12259K(502464K), 0,0119256 secs] [Times: user=0,04 sys=0,00, real=0,01 secs] 
Heap after GC invocations=4 (full 1):
 par new generation   total 109248K, used 12259K [0x00000000e0000000, 0x00000000e8000000, 0x00000000e8000000)
  eden space 87424K,   0% used [0x00000000e0000000, 0x00000000e0000000, 0x00000000e5560000)
  from space 21824K,  56% used [0x00000000e5560000, 0x00000000e6158ce0, 0x00000000e6ab0000)
  to   space 21824K,   0% used [0x00000000e6ab0000, 0x00000000e6ab0000, 0x00000000e8000000)
 concurrent mark-sweep generation total 393216K, used 0K [0x00000000e8000000, 0x0000000100000000, 0x0000000100000000)
 Metaspace       used 20966K, capacity 21272K, committed 21628K, reserved 1069056K
  class space    used 2416K, capacity 2584K, committed 2684K, reserved 1048576K
}
2017-03-16T01:42:14.045+0100: 2,955: [Rescan (parallel) , 0,0050674 secs]2017-03-16T01:42:14.050+0100: 2,961: [weak refs processing, 0,0011988 secs]2017-03-16T01:42:14.051+0100: 2,962: [class unloading, 0,0027169 secs]2017-03-16T01:42:14.054+0100: 2,964: [scrub symbol table, 0,0024885 secs]2017-03-16T01:42:14.057+0100: 2,967: [scrub string table, 0,0003649 secs][1 CMS-remark: 0K(393216K)] 12259K(502464K), 0,0243921 secs] [Times: user=0,07 sys=0,00, real=0,02 secs] 
2017-03-16T01:42:14.057+0100: 2,968: Total time for which application threads were stopped: 0,0245259 seconds, Stopping threads took: 0,0000432 seconds
2017-03-16T01:42:14.058+0100: 2,968: [CMS-concurrent-sweep-start]
2017-03-16T01:42:14.058+0100: 2,968: [CMS-concurrent-sweep: 0,000/0,000 secs] [Times: user=0,00 sys=0,00, real=0,01 secs] 
2017-03-16T01:42:14.058+0100: 2,968: [CMS-concurrent-reset-start]
2017-03-16T01:42:14.060+0100: 2,970: [CMS-concurrent-reset: 0,002/0,002 secs] [Times: user=0,01 sys=0,00, real=0,00 secs] 
{Heap before GC invocations=4 (full 1):
 par new generation   total 109248K, used 99683K [0x00000000e0000000, 0x00000000e8000000, 0x00000000e8000000)
  eden space 87424K, 100% used [0x00000000e0000000, 0x00000000e5560000, 0x00000000e5560000)
  from space 21824K,  56% used [0x00000000e5560000, 0x00000000e6158ce0, 0x00000000e6ab0000)
  to   space 21824K,   0% used [0x00000000e6ab0000, 0x00000000e6ab0000, 0x00000000e8000000)
 concurrent mark-sweep generation total 393216K, used 0K [0x00000000e8000000, 0x0000000100000000, 0x0000000100000000)
 Metaspace       used 21230K, capacity 21560K, committed 21884K, reserved 1069056K
  class space    used 2449K, capacity 2601K, committed 2684K, reserved 1048576K
2017-03-16T01:42:14.150+0100: 3,061: [GC (Allocation Failure) 2017-03-16T01:42:14.150+0100: 3,061: [ParNew
Desired survivor size 20112992 bytes, new threshold 8 (max 8)
- age   1:     745032 bytes,     745032 total
- age   2:       1200 bytes,     746232 total
- age   3:    1446864 bytes,    2193096 total
- age   4:     821968 bytes,    3015064 total
- age   5:    6659728 bytes,    9674792 total
: 99683K->12512K(109248K), 0,0093301 secs] 99683K->12512K(502464K), 0,0093918 secs] [Times: user=0,03 sys=0,00, real=0,01 secs] 
Heap after GC invocations=5 (full 1):
 par new generation   total 109248K, used 12512K [0x00000000e0000000, 0x00000000e8000000, 0x00000000e8000000)
  eden space 87424K,   0% used [0x00000000e0000000, 0x00000000e0000000, 0x00000000e5560000)
  from space 21824K,  57% used [0x00000000e6ab0000, 0x00000000e76e81d8, 0x00000000e8000000)
  to   space 21824K,   0% used [0x00000000e5560000, 0x00000000e5560000, 0x00000000e6ab0000)
 concurrent mark-sweep generation total 393216K, used 0K [0x00000000e8000000, 0x0000000100000000, 0x0000000100000000)
 Metaspace       used 21230K, capacity 21560K, committed 21884K, reserved 1069056K
  class space    used 2449K, capacity 2601K, committed 2684K, reserved 1048576K
}
2017-03-16T01:42:14.160+0100: 3,070: Total time for which application threads were stopped: 0,0095819 seconds, Stopping threads took: 0,0000512 seconds
{Heap before GC invocations=5 (full 1):
 par new generation   total 109248K, used 99936K [0x00000000e0000000, 0x00000000e8000000, 0x00000000e8000000)
  eden space 87424K, 100% used [0x00000000e0000000, 0x00000000e5560000, 0x00000000e5560000)
  from space 21824K,  57% used [0x00000000e6ab0000, 0x00000000e76e81d8, 0x00000000e8000000)
  to   space 21824K,   0% used [0x00000000e5560000, 0x00000000e5560000, 0x00000000e6ab0000)
 concurrent mark-sweep generation total 393216K, used 0K [0x00000000e8000000, 0x0000000100000000, 0x0000000100000000)
 Metaspace       used 21431K, capacity 21790K, committed 21884K, reserved 1069056K
  class space    used 2472K, capacity 2634K, committed 2684K, reserved 1048576K
2017-03-16T01:42:14.246+0100: 3,156: [GC (Allocation Failure) 2017-03-16T01:42:14.246+0100: 3,156: [ParNew
Desired survivor size 20112992 bytes, new threshold 8 (max 8)
- age   1:    1127312 bytes,    1127312 total
- age   2:     186216 bytes,    1313528 total
- age   3:       1176 bytes,    1314704 total
- age   4:    1446200 bytes,    2760904 total
- age   5:     821904 bytes,    3582808 total
- age   6:    6659688 bytes,   10242496 total
: 99936K->11099K(109248K), 0,0100955 secs] 99936K->11099K(502464K), 0,0101520 secs] [Times: user=0,03 sys=0,00, real=0,01 secs] 
Heap after GC invocations=6 (full 1):
 par new generation   total 109248K, used 11099K [0x00000000e0000000, 0x00000000e8000000, 0x00000000e8000000)
  eden space 87424K,   0% used [0x00000000e0000000, 0x00000000e0000000, 0x00000000e5560000)
  from space 21824K,  50% used [0x00000000e5560000, 0x00000000e6036f40, 0x00000000e6ab0000)
  to   space 21824K,   0% used [0x00000000e6ab0000, 0x00000000e6ab0000, 0x00000000e8000000)
 concurrent mark-sweep generation total 393216K, used 0K [0x00000000e8000000, 0x0000000100000000, 0x0000000100000000)
 Metaspace       used 21431K, capacity 21790K, committed 21884K, reserved 1069056K
  class space    used 2472K, capacity 2634K, committed 2684K, reserved 1048576K
}
2017-03-16T01:42:14.256+0100: 3,167: Total time for which application threads were stopped: 0,0111145 seconds, Stopping threads took: 0,0008145 seconds
2017-03-16T01:42:14.279+0100: 3,189: Total time for which application threads were stopped: 0,0003519 seconds, Stopping threads took: 0,0000304 seconds
2017-03-16T01:42:14.479+0100: 3,389: Total time for which application threads were stopped: 0,0004447 seconds, Stopping threads took: 0,0000263 seconds
2017-03-16T01:42:14.497+0100: 3,407: Total time for which application threads were stopped: 0,0004049 seconds, Stopping threads took: 0,0000723 seconds
{Heap before GC invocations=6 (full 1):
 par new generation   total 109248K, used 98523K [0x00000000e0000000, 0x00000000e8000000, 0x00000000e8000000)
  eden space 87424K, 100% used [0x00000000e0000000, 0x00000000e5560000, 0x00000000e5560000)
  from space 21824K,  50% used [0x00000000e5560000, 0x00000000e6036f40, 0x00000000e6ab0000)
  to   space 21824K,   0% used [0x00000000e6ab0000, 0x00000000e6ab0000, 0x00000000e8000000)
 concurrent mark-sweep generation total 393216K, used 0K [0x00000000e8000000, 0x0000000100000000, 0x0000000100000000)
 Metaspace       used 24029K, capacity 24460K, committed 24572K, reserved 1071104K
  class space    used 2836K, capacity 3011K, committed 3068K, reserved 1048576K
2017-03-16T01:42:14.657+0100: 3,568: [GC (Allocation Failure) 2017-03-16T01:42:14.658+0100: 3,568: [ParNew
Desired survivor size 20112992 bytes, new threshold 8 (max 8)
- age   1:    5177216 bytes,    5177216 total
- age   2:     136568 bytes,    5313784 total
- age   3:     185008 bytes,    5498792 total
- age   4:       1144 bytes,    5499936 total
- age   5:     277024 bytes,    5776960 total
- age   6:     795640 bytes,    6572600 total
- age   7:    6651384 bytes,   13223984 total
: 98523K->17470K(109248K), 0,0184259 secs] 98523K->17470K(502464K), 0,0185167 secs] [Times: user=0,06 sys=0,00, real=0,02 secs] 
Heap after GC invocations=7 (full 1):
 par new generation   total 109248K, used 17470K [0x00000000e0000000, 0x00000000e8000000, 0x00000000e8000000)
  eden space 87424K,   0% used [0x00000000e0000000, 0x00000000e0000000, 0x00000000e5560000)
  from space 21824K,  80% used [0x00000000e6ab0000, 0x00000000e7bbf8c0, 0x00000000e8000000)
  to   space 21824K,   0% used [0x00000000e5560000, 0x00000000e5560000, 0x00000000e6ab0000)
 concurrent mark-sweep generation total 393216K, used 0K [0x00000000e8000000, 0x0000000100000000, 0x0000000100000000)
 Metaspace       used 24029K, capacity 24460K, committed 24572K, reserved 1071104K
  class space    used 2836K, capacity 3011K, committed 3068K, reserved 1048576K
}
2017-03-16T01:42:14.676+0100: 3,586: Total time for which application threads were stopped: 0,0188130 seconds, Stopping threads took: 0,0000588 seconds
{Heap before GC invocations=7 (full 1):
 par new generation   total 109248K, used 104894K [0x00000000e0000000, 0x00000000e8000000, 0x00000000e8000000)
  eden space 87424K, 100% used [0x00000000e0000000, 0x00000000e5560000, 0x00000000e5560000)
  from space 21824K,  80% used [0x00000000e6ab0000, 0x00000000e7bbf8c0, 0x00000000e8000000)
  to   space 21824K,   0% used [0x00000000e5560000, 0x00000000e5560000, 0x00000000e6ab0000)
 concurrent mark-sweep generation total 393216K, used 0K [0x00000000e8000000, 0x0000000100000000, 0x0000000100000000)
 Metaspace       used 24528K, capacity 25026K, committed 25084K, reserved 1071104K
  class space    used 2872K, capacity 3047K, committed 3068K, reserved 1048576K
2017-03-16T01:42:14.820+0100: 3,730: [GC (Allocation Failure) 2017-03-16T01:42:14.820+0100: 3,730: [ParNew
Desired survivor size 20112992 bytes, new threshold 8 (max 8)
- age   1:    1706544 bytes,    1706544 total
- age   2:    1805136 bytes,    3511680 total
- age   3:      63712 bytes,    3575392 total
- age   4:      96192 bytes,    3671584 total
- age   5:       1080 bytes,    3672664 total
- age   6:     178304 bytes,    3850968 total
- age   7:     752544 bytes,    4603512 total
- age   8:    6117952 bytes,   10721464 total
: 104894K->14053K(109248K), 0,0255097 secs] 104894K->14053K(502464K), 0,0255910 secs] [Times: user=0,06 sys=0,00, real=0,02 secs] 
Heap after GC invocations=8 (full 1):
 par new generation   total 109248K, used 14053K [0x00000000e0000000, 0x00000000e8000000, 0x00000000e8000000)
  eden space 87424K,   0% used [0x00000000e0000000, 0x00000000e0000000, 0x00000000e5560000)
  from space 21824K,  64% used [0x00000000e5560000, 0x00000000e6319400, 0x00000000e6ab0000)
  to   space 21824K,   0% used [0x00000000e6ab0000, 0x00000000e6ab0000, 0x00000000e8000000)
 concurrent mark-sweep generation total 393216K, used 0K [0x00000000e8000000, 0x0000000100000000, 0x0000000100000000)
 Metaspace       used 24528K, capacity 25026K, committed 25084K, reserved 1071104K
  class space    used 2872K, capacity 3047K, committed 3068K, reserved 1048576K
}
2017-03-16T01:42:14.845+0100: 3,756: Total time for which application threads were stopped: 0,0258712 seconds, Stopping threads took: 0,0000601 seconds
{Heap before GC invocations=8 (full 1):
 par new generation   total 109248K, used 101477K [0x00000000e0000000, 0x00000000e8000000, 0x00000000e8000000)
  eden space 87424K, 100% used [0x00000000e0000000, 0x00000000e5560000, 0x00000000e5560000)
  from space 21824K,  64% used [0x00000000e5560000, 0x00000000e6319400, 0x00000000e6ab0000)
  to   space 21824K,   0% used [0x00000000e6ab0000, 0x00000000e6ab0000, 0x00000000e8000000)
 concurrent mark-sweep generation total 393216K, used 0K [0x00000000e8000000, 0x0000000100000000, 0x0000000100000000)
 Metaspace       used 24961K, capacity 25388K, committed 25724K, reserved 1071104K
  class space    used 2908K, capacity 3081K, committed 3196K, reserved 1048576K
2017-03-16T01:42:14.959+0100: 3,870: [GC (Allocation Failure) 2017-03-16T01:42:14.959+0100: 3,870: [ParNew
Desired survivor size 20112992 bytes, new threshold 8 (max 8)
- age   1:    1282832 bytes,    1282832 total
- age   2:     630072 bytes,    1912904 total
- age   3:    1746488 bytes,    3659392 total
- age   4:      63712 bytes,    3723104 total
- age   5:      93616 bytes,    3816720 total
- age   6:       1080 bytes,    3817800 total
- age   7:     177872 bytes,    3995672 total
- age   8:     751776 bytes,    4747448 total
: 101477K->8524K(109248K), 0,0299350 secs] 101477K->14581K(502464K), 0,0300104 secs] [Times: user=0,10 sys=0,01, real=0,02 secs] 
Heap after GC invocations=9 (full 1):
 par new generation   total 109248K, used 8524K [0x00000000e0000000, 0x00000000e8000000, 0x00000000e8000000)
  eden space 87424K,   0% used [0x00000000e0000000, 0x00000000e0000000, 0x00000000e5560000)
  from space 21824K,  39% used [0x00000000e6ab0000, 0x00000000e73031a0, 0x00000000e8000000)
  to   space 21824K,   0% used [0x00000000e5560000, 0x00000000e5560000, 0x00000000e6ab0000)
 concurrent mark-sweep generation total 393216K, used 6057K [0x00000000e8000000, 0x0000000100000000, 0x0000000100000000)
 Metaspace       used 24961K, capacity 25388K, committed 25724K, reserved 1071104K
  class space    used 2908K, capacity 3081K, committed 3196K, reserved 1048576K
}
2017-03-16T01:42:14.989+0100: 3,900: Total time for which application threads were stopped: 0,0306218 seconds, Stopping threads took: 0,0004342 seconds
2017-03-16T01:42:15.139+0100: 4,050: Total time for which application threads were stopped: 0,0003971 seconds, Stopping threads took: 0,0000864 seconds
2017-03-16T01:42:15.142+0100: 4,052: Total time for which application threads were stopped: 0,0001548 seconds, Stopping threads took: 0,0000688 seconds
2017-03-16T01:42:15.143+0100: 4,054: Total time for which application threads were stopped: 0,0001035 seconds, Stopping threads took: 0,0000355 seconds
2017-03-16T01:42:15.145+0100: 4,055: Total time for which application threads were stopped: 0,0001396 seconds, Stopping threads took: 0,0000631 seconds
2017-03-16T01:42:15.149+0100: 4,059: Total time for which application threads were stopped: 0,0001109 seconds, Stopping threads took: 0,0000191 seconds
2017-03-16T01:42:15.154+0100: 4,064: Total time for which application threads were stopped: 0,0000996 seconds, Stopping threads took: 0,0000297 seconds
2017-03-16T01:42:15.154+0100: 4,065: Total time for which application threads were stopped: 0,0000772 seconds, Stopping threads took: 0,0000205 seconds
2017-03-16T01:42:15.155+0100: 4,065: Total time for which application threads were stopped: 0,0000692 seconds, Stopping threads took: 0,0000231 seconds
2017-03-16T01:42:15.155+0100: 4,066: Total time for which application threads were stopped: 0,0000780 seconds, Stopping threads took: 0,0000219 seconds
2017-03-16T01:42:15.156+0100: 4,066: Total time for which application threads were stopped: 0,0000753 seconds, Stopping threads took: 0,0000267 seconds
2017-03-16T01:42:15.158+0100: 4,068: Total time for which application threads were stopped: 0,0021929 seconds, Stopping threads took: 0,0021331 seconds
2017-03-16T01:42:15.158+0100: 4,069: Total time for which application threads were stopped: 0,0000655 seconds, Stopping threads took: 0,0000177 seconds
2017-03-16T01:42:15.159+0100: 4,069: Total time for which application threads were stopped: 0,0000956 seconds, Stopping threads took: 0,0000334 seconds
2017-03-16T01:42:15.164+0100: 4,074: Total time for which application threads were stopped: 0,0000842 seconds, Stopping threads took: 0,0000171 seconds
2017-03-16T01:42:15.165+0100: 4,075: Total time for which application threads were stopped: 0,0000693 seconds, Stopping threads took: 0,0000233 seconds
2017-03-16T01:42:15.165+0100: 4,075: Total time for which application threads were stopped: 0,0000476 seconds, Stopping threads took: 0,0000149 seconds
2017-03-16T01:42:15.165+0100: 4,076: Total time for which application threads were stopped: 0,0000527 seconds, Stopping threads took: 0,0000097 seconds
2017-03-16T01:42:15.167+0100: 4,077: Total time for which application threads were stopped: 0,0000712 seconds, Stopping threads took: 0,0000139 seconds
2017-03-16T01:42:15.167+0100: 4,078: Total time for which application threads were stopped: 0,0000717 seconds, Stopping threads took: 0,0000295 seconds
2017-03-16T01:42:15.168+0100: 4,078: Total time for which application threads were stopped: 0,0000531 seconds, Stopping threads took: 0,0000114 seconds
2017-03-16T01:42:15.170+0100: 4,080: Total time for which application threads were stopped: 0,0001210 seconds, Stopping threads took: 0,0000311 seconds
2017-03-16T01:42:15.172+0100: 4,083: Total time for which application threads were stopped: 0,0001237 seconds, Stopping threads took: 0,0000417 seconds
2017-03-16T01:42:15.182+0100: 4,092: Total time for which application threads were stopped: 0,0041853 seconds, Stopping threads took: 0,0041050 seconds
2017-03-16T01:42:15.196+0100: 4,106: Total time for which application threads were stopped: 0,0001870 seconds, Stopping threads took: 0,0000249 seconds
2017-03-16T01:42:15.198+0100: 4,108: Total time for which application threads were stopped: 0,0001021 seconds, Stopping threads took: 0,0000232 seconds
2017-03-16T01:42:15.212+0100: 4,122: Total time for which application threads were stopped: 0,0005143 seconds, Stopping threads took: 0,0000515 seconds
2017-03-16T01:42:15.233+0100: 4,143: Total time for which application threads were stopped: 0,0001259 seconds, Stopping threads took: 0,0000383 seconds
2017-03-16T01:42:15.239+0100: 4,149: Total time for which application threads were stopped: 0,0005000 seconds, Stopping threads took: 0,0000387 seconds
2017-03-16T01:42:15.251+0100: 4,162: Total time for which application threads were stopped: 0,0001770 seconds, Stopping threads took: 0,0000587 seconds
2017-03-16T01:42:15.254+0100: 4,164: Total time for which application threads were stopped: 0,0010931 seconds, Stopping threads took: 0,0009846 seconds
2017-03-16T01:42:15.258+0100: 4,168: Total time for which application threads were stopped: 0,0002267 seconds, Stopping threads took: 0,0001713 seconds
2017-03-16T01:42:15.258+0100: 4,169: Total time for which application threads were stopped: 0,0000787 seconds, Stopping threads took: 0,0000272 seconds
2017-03-16T01:42:15.259+0100: 4,169: Total time for which application threads were stopped: 0,0000738 seconds, Stopping threads took: 0,0000196 seconds
2017-03-16T01:42:15.292+0100: 4,202: Total time for which application threads were stopped: 0,0001421 seconds, Stopping threads took: 0,0000544 seconds
2017-03-16T01:42:15.293+0100: 4,203: Total time for which application threads were stopped: 0,0000905 seconds, Stopping threads took: 0,0000290 seconds
2017-03-16T01:42:15.298+0100: 4,209: Total time for which application threads were stopped: 0,0004362 seconds, Stopping threads took: 0,0000277 seconds
2017-03-16T01:42:15.303+0100: 4,214: Total time for which application threads were stopped: 0,0001493 seconds, Stopping threads took: 0,0000733 seconds
2017-03-16T01:42:15.306+0100: 4,216: Total time for which application threads were stopped: 0,0021287 seconds, Stopping threads took: 0,0020325 seconds
2017-03-16T01:42:15.324+0100: 4,234: Total time for which application threads were stopped: 0,0001556 seconds, Stopping threads took: 0,0000433 seconds
2017-03-16T01:42:15.324+0100: 4,234: Total time for which application threads were stopped: 0,0001022 seconds, Stopping threads took: 0,0000229 seconds
2017-03-16T01:42:15.324+0100: 4,235: Total time for which application threads were stopped: 0,0001146 seconds, Stopping threads took: 0,0000231 seconds
2017-03-16T01:42:15.324+0100: 4,235: Total time for which application threads were stopped: 0,0000837 seconds, Stopping threads took: 0,0000212 seconds
2017-03-16T01:42:15.324+0100: 4,235: Total time for which application threads were stopped: 0,0000724 seconds, Stopping threads took: 0,0000158 seconds
2017-03-16T01:42:15.325+0100: 4,235: Total time for which application threads were stopped: 0,0001054 seconds, Stopping threads took: 0,0000280 seconds
2017-03-16T01:42:15.325+0100: 4,235: Total time for which application threads were stopped: 0,0000718 seconds, Stopping threads took: 0,0000166 seconds
2017-03-16T01:42:15.325+0100: 4,236: Total time for which application threads were stopped: 0,0000790 seconds, Stopping threads took: 0,0000195 seconds
2017-03-16T01:42:15.325+0100: 4,236: Total time for which application threads were stopped: 0,0000955 seconds, Stopping threads took: 0,0000338 seconds
2017-03-16T01:42:15.326+0100: 4,236: Total time for which application threads were stopped: 0,0001699 seconds, Stopping threads took: 0,0000185 seconds
2017-03-16T01:42:15.340+0100: 4,250: Total time for which application threads were stopped: 0,0043999 seconds, Stopping threads took: 0,0042288 seconds
2017-03-16T01:42:15.350+0100: 4,261: Total time for which application threads were stopped: 0,0001328 seconds, Stopping threads took: 0,0000262 seconds
2017-03-16T01:42:15.353+0100: 4,263: Total time for which application threads were stopped: 0,0001448 seconds, Stopping threads took: 0,0000457 seconds
2017-03-16T01:42:15.366+0100: 4,277: Total time for which application threads were stopped: 0,0001566 seconds, Stopping threads took: 0,0000382 seconds
2017-03-16T01:42:15.398+0100: 4,308: Total time for which application threads were stopped: 0,0008558 seconds, Stopping threads took: 0,0007713 seconds
2017-03-16T01:42:15.404+0100: 4,315: Total time for which application threads were stopped: 0,0007770 seconds, Stopping threads took: 0,0006764 seconds
2017-03-16T01:42:15.418+0100: 4,329: Total time for which application threads were stopped: 0,0001133 seconds, Stopping threads took: 0,0000412 seconds
2017-03-16T01:42:15.419+0100: 4,329: Total time for which application threads were stopped: 0,0000692 seconds, Stopping threads took: 0,0000172 seconds
2017-03-16T01:42:15.422+0100: 4,333: Total time for which application threads were stopped: 0,0001154 seconds, Stopping threads took: 0,0000351 seconds
2017-03-16T01:42:16.422+0100: 5,333: Total time for which application threads were stopped: 0,0000732 seconds, Stopping threads took: 0,0000177 seconds
2017-03-16T01:42:17.423+0100: 6,333: Total time for which application threads were stopped: 0,0000673 seconds, Stopping threads took: 0,0000163 seconds
2017-03-16T01:42:32.424+0100: 21,335: Total time for which application threads were stopped: 0,0000694 seconds, Stopping threads took: 0,0000167 seconds
2017-03-16T01:42:43.426+0100: 32,336: Total time for which application threads were stopped: 0,0000648 seconds, Stopping threads took: 0,0000178 seconds
2017-03-16T01:44:08.434+0100: 117,345: Total time for which application threads were stopped: 0,0001261 seconds, Stopping threads took: 0,0000498 seconds
2017-03-16T01:44:13.435+0100: 122,345: Total time for which application threads were stopped: 0,0000699 seconds, Stopping threads took: 0,0000183 seconds
{Heap before GC invocations=9 (full 1):
 par new generation   total 109248K, used 95948K [0x00000000e0000000, 0x00000000e8000000, 0x00000000e8000000)
  eden space 87424K, 100% used [0x00000000e0000000, 0x00000000e5560000, 0x00000000e5560000)
  from space 21824K,  39% used [0x00000000e6ab0000, 0x00000000e73031a0, 0x00000000e8000000)
  to   space 21824K,   0% used [0x00000000e5560000, 0x00000000e5560000, 0x00000000e6ab0000)
 concurrent mark-sweep generation total 393216K, used 6057K [0x00000000e8000000, 0x0000000100000000, 0x0000000100000000)
 Metaspace       used 28033K, capacity 28564K, committed 28796K, reserved 1075200K
  class space    used 3214K, capacity 3389K, committed 3452K, reserved 1048576K
2017-03-16T01:45:07.298+0100: 176,209: [GC (Allocation Failure) 2017-03-16T01:45:07.298+0100: 176,209: [ParNew
Desired survivor size 20112992 bytes, new threshold 8 (max 8)
- age   1:   10473976 bytes,   10473976 total
- age   2:     389072 bytes,   10863048 total
- age   3:     232520 bytes,   11095568 total
- age   4:    1741064 bytes,   12836632 total
- age   5:      63712 bytes,   12900344 total
- age   6:      93488 bytes,   12993832 total
- age   7:       1080 bytes,   12994912 total
- age   8:     177776 bytes,   13172688 total
: 95948K->13629K(109248K), 0,0170402 secs] 102005K->20506K(502464K), 0,0171239 secs] [Times: user=0,05 sys=0,00, real=0,01 secs] 
Heap after GC invocations=10 (full 1):
 par new generation   total 109248K, used 13629K [0x00000000e0000000, 0x00000000e8000000, 0x00000000e8000000)
  eden space 87424K,   0% used [0x00000000e0000000, 0x00000000e0000000, 0x00000000e5560000)
  from space 21824K,  62% used [0x00000000e5560000, 0x00000000e62af640, 0x00000000e6ab0000)
  to   space 21824K,   0% used [0x00000000e6ab0000, 0x00000000e6ab0000, 0x00000000e8000000)
 concurrent mark-sweep generation total 393216K, used 6877K [0x00000000e8000000, 0x0000000100000000, 0x0000000100000000)
 Metaspace       used 28033K, capacity 28564K, committed 28796K, reserved 1075200K
  class space    used 3214K, capacity 3389K, committed 3452K, reserved 1048576K
}
2017-03-16T01:45:07.315+0100: 176,226: Total time for which application threads were stopped: 0,0173145 seconds, Stopping threads took: 0,0000397 seconds
2017-03-16T01:45:07.322+0100: 176,233: Total time for which application threads were stopped: 0,0003930 seconds, Stopping threads took: 0,0001209 seconds
2017-03-16T01:45:07.323+0100: 176,233: Total time for which application threads were stopped: 0,0001384 seconds, Stopping threads took: 0,0000668 seconds
2017-03-16T01:45:08.323+0100: 177,233: Total time for which application threads were stopped: 0,0000680 seconds, Stopping threads took: 0,0000160 seconds
2017-03-16T01:46:38.333+0100: 267,243: Total time for which application threads were stopped: 0,0000898 seconds, Stopping threads took: 0,0000346 seconds
2017-03-16T01:47:33.339+0100: 322,249: Total time for which application threads were stopped: 0,0000985 seconds, Stopping threads took: 0,0000330 seconds
2017-03-16T02:05:37.474+0100: 1406,384: Total time for which application threads were stopped: 0,0000789 seconds, Stopping threads took: 0,0000314 seconds
2017-03-16T02:09:42.501+0100: 1651,412: Total time for which application threads were stopped: 0,0000995 seconds, Stopping threads took: 0,0000364 seconds
2017-03-16T02:14:43.536+0100: 1952,447: Total time for which application threads were stopped: 0,0000950 seconds, Stopping threads took: 0,0000386 seconds
2017-03-16T02:20:32.578+0100: 2301,488: Total time for which application threads were stopped: 0,0000813 seconds, Stopping threads took: 0,0000330 seconds
2017-03-16T02:20:33.578+0100: 2302,488: Total time for which application threads were stopped: 0,0000682 seconds, Stopping threads took: 0,0000141 seconds
2017-03-16T02:27:21.852+0100: 2710,763: Total time for which application threads were stopped: 0,0001010 seconds, Stopping threads took: 0,0000273 seconds
2017-03-16T02:27:21.902+0100: 2710,812: Total time for which application threads were stopped: 0,0403532 seconds, Stopping threads took: 0,0402661 seconds
2017-03-16T02:27:21.902+0100: 2710,812: Total time for which application threads were stopped: 0,0000831 seconds, Stopping threads took: 0,0000236 seconds
2017-03-16T02:27:21.904+0100: 2710,814: Total time for which application threads were stopped: 0,0002032 seconds, Stopping threads took: 0,0001268 seconds
2017-03-16T02:27:21.906+0100: 2710,817: Total time for which application threads were stopped: 0,0000871 seconds, Stopping threads took: 0,0000179 seconds
2017-03-16T02:27:21.914+0100: 2710,824: Total time for which application threads were stopped: 0,0050101 seconds, Stopping threads took: 0,0049203 seconds
2017-03-16T02:27:21.914+0100: 2710,825: Total time for which application threads were stopped: 0,0000527 seconds, Stopping threads took: 0,0000083 seconds
2017-03-16T02:27:21.915+0100: 2710,825: Total time for which application threads were stopped: 0,0000751 seconds, Stopping threads took: 0,0000145 seconds
2017-03-16T02:27:21.915+0100: 2710,826: Total time for which application threads were stopped: 0,0000712 seconds, Stopping threads took: 0,0000104 seconds
2017-03-16T02:27:21.917+0100: 2710,828: Total time for which application threads were stopped: 0,0000823 seconds, Stopping threads took: 0,0000146 seconds
2017-03-16T02:27:21.918+0100: 2710,828: Total time for which application threads were stopped: 0,0001172 seconds, Stopping threads took: 0,0000519 seconds
2017-03-16T02:27:21.923+0100: 2710,834: Total time for which application threads were stopped: 0,0002398 seconds, Stopping threads took: 0,0001447 seconds
2017-03-16T02:27:21.923+0100: 2710,834: Total time for which application threads were stopped: 0,0000586 seconds, Stopping threads took: 0,0000156 seconds
2017-03-16T02:27:21.923+0100: 2710,834: Total time for which application threads were stopped: 0,0000467 seconds, Stopping threads took: 0,0000132 seconds
2017-03-16T02:27:21.923+0100: 2710,834: Total time for which application threads were stopped: 0,0000421 seconds, Stopping threads took: 0,0000118 seconds
2017-03-16T02:27:21.924+0100: 2710,834: Total time for which application threads were stopped: 0,0000411 seconds, Stopping threads took: 0,0000115 seconds
2017-03-16T02:27:21.924+0100: 2710,834: Total time for which application threads were stopped: 0,0000433 seconds, Stopping threads took: 0,0000124 seconds
2017-03-16T02:27:21.924+0100: 2710,834: Total time for which application threads were stopped: 0,0000430 seconds, Stopping threads took: 0,0000122 seconds
2017-03-16T02:27:21.924+0100: 2710,834: Total time for which application threads were stopped: 0,0000418 seconds, Stopping threads took: 0,0000112 seconds
2017-03-16T02:27:21.924+0100: 2710,834: Total time for which application threads were stopped: 0,0000403 seconds, Stopping threads took: 0,0000108 seconds
2017-03-16T02:27:21.931+0100: 2710,842: Total time for which application threads were stopped: 0,0001290 seconds, Stopping threads took: 0,0000565 seconds
2017-03-16T02:27:21.945+0100: 2710,856: Total time for which application threads were stopped: 0,0000923 seconds, Stopping threads took: 0,0000236 seconds
2017-03-16T02:27:21.946+0100: 2710,857: Total time for which application threads were stopped: 0,0007291 seconds, Stopping threads took: 0,0006637 seconds
2017-03-16T02:27:21.946+0100: 2710,857: Total time for which application threads were stopped: 0,0000658 seconds, Stopping threads took: 0,0000319 seconds
2017-03-16T02:27:21.950+0100: 2710,861: Total time for which application threads were stopped: 0,0034632 seconds, Stopping threads took: 0,0033867 seconds
2017-03-16T02:27:21.951+0100: 2710,861: Total time for which application threads were stopped: 0,0000720 seconds, Stopping threads took: 0,0000203 seconds
2017-03-16T02:27:21.954+0100: 2710,864: Total time for which application threads were stopped: 0,0001281 seconds, Stopping threads took: 0,0000452 seconds
2017-03-16T02:27:21.954+0100: 2710,864: Total time for which application threads were stopped: 0,0000617 seconds, Stopping threads took: 0,0000184 seconds
2017-03-16T02:27:21.955+0100: 2710,865: Total time for which application threads were stopped: 0,0000606 seconds, Stopping threads took: 0,0000186 seconds
2017-03-16T02:27:21.955+0100: 2710,865: Total time for which application threads were stopped: 0,0000328 seconds, Stopping threads took: 0,0000078 seconds
2017-03-16T02:27:21.955+0100: 2710,866: Total time for which application threads were stopped: 0,0000287 seconds, Stopping threads took: 0,0000052 seconds
2017-03-16T02:27:21.955+0100: 2710,866: Total time for which application threads were stopped: 0,0000293 seconds, Stopping threads took: 0,0000051 seconds
2017-03-16T02:27:21.955+0100: 2710,866: Total time for which application threads were stopped: 0,0000245 seconds, Stopping threads took: 0,0000061 seconds
2017-03-16T02:27:21.956+0100: 2710,866: Total time for which application threads were stopped: 0,0000243 seconds, Stopping threads took: 0,0000054 seconds
2017-03-16T02:27:21.957+0100: 2710,867: Total time for which application threads were stopped: 0,0000617 seconds, Stopping threads took: 0,0000150 seconds
2017-03-16T02:27:21.957+0100: 2710,867: Total time for which application threads were stopped: 0,0000356 seconds, Stopping threads took: 0,0000072 seconds
2017-03-16T02:27:21.957+0100: 2710,867: Total time for which application threads were stopped: 0,0000290 seconds, Stopping threads took: 0,0000061 seconds
2017-03-16T02:27:21.959+0100: 2710,869: Total time for which application threads were stopped: 0,0000968 seconds, Stopping threads took: 0,0000300 seconds
2017-03-16T02:27:21.959+0100: 2710,869: Total time for which application threads were stopped: 0,0000465 seconds, Stopping threads took: 0,0000148 seconds
2017-03-16T02:27:21.961+0100: 2710,871: Total time for which application threads were stopped: 0,0021086 seconds, Stopping threads took: 0,0020617 seconds
2017-03-16T02:27:21.961+0100: 2710,871: Total time for which application threads were stopped: 0,0000255 seconds, Stopping threads took: 0,0000054 seconds
2017-03-16T02:27:21.961+0100: 2710,871: Total time for which application threads were stopped: 0,0000379 seconds, Stopping threads took: 0,0000125 seconds
2017-03-16T02:27:21.961+0100: 2710,872: Total time for which application threads were stopped: 0,0000412 seconds, Stopping threads took: 0,0000177 seconds
2017-03-16T02:27:21.961+0100: 2710,872: Total time for which application threads were stopped: 0,0000395 seconds, Stopping threads took: 0,0000147 seconds
2017-03-16T02:27:21.961+0100: 2710,872: Total time for which application threads were stopped: 0,0000351 seconds, Stopping threads took: 0,0000121 seconds
2017-03-16T02:27:21.962+0100: 2710,872: Total time for which application threads were stopped: 0,0001241 seconds, Stopping threads took: 0,0000146 seconds
2017-03-16T02:27:21.963+0100: 2710,873: Total time for which application threads were stopped: 0,0000945 seconds, Stopping threads took: 0,0000362 seconds
2017-03-16T02:27:21.964+0100: 2710,874: Total time for which application threads were stopped: 0,0000888 seconds, Stopping threads took: 0,0000201 seconds
2017-03-16T02:27:21.964+0100: 2710,874: Total time for which application threads were stopped: 0,0000500 seconds, Stopping threads took: 0,0000122 seconds
2017-03-16T02:27:21.964+0100: 2710,875: Total time for which application threads were stopped: 0,0000693 seconds, Stopping threads took: 0,0000115 seconds
Heap
 par new generation   total 109248K, used 32825K [0x00000000e0000000, 0x00000000e8000000, 0x00000000e8000000)
  eden space 87424K,  21% used [0x00000000e0000000, 0x00000000e12bf0f8, 0x00000000e5560000)
  from space 21824K,  62% used [0x00000000e5560000, 0x00000000e62af640, 0x00000000e6ab0000)
  to   space 21824K,   0% used [0x00000000e6ab0000, 0x00000000e6ab0000, 0x00000000e8000000)
 concurrent mark-sweep generation total 393216K, used 6877K [0x00000000e8000000, 0x0000000100000000, 0x0000000100000000)
 Metaspace       used 28150K, capacity 28668K, committed 28796K, reserved 1075200K
  class space    used 3228K, capacity 3423K, committed 3452K, reserved 1048576K
