OpenJDK 64-Bit Server VM (25.121-b13) for linux-amd64 JRE (1.8.0_121-8u121-b13-0ubuntu1.16.04.2-b13), built on Jan 23 2017 15:51:29 by "buildd" with gcc 5.4.0 20160609
Memory: 4k page, physical 7867800k(7509516k free), swap 8076284k(8076284k free)
CommandLine flags: -XX:CMSInitiatingOccupancyFraction=50 -XX:CMSMaxAbortablePrecleanTime=6000 -XX:+CMSParallelRemarkEnabled -XX:+CMSScavengeBeforeRemark -XX:ConcGCThreads=4 -XX:InitialHeapSize=536870912 -XX:MaxHeapSize=536870912 -XX:MaxTenuringThreshold=8 -XX:NewRatio=3 -XX:OldPLABSize=16 -XX:OnOutOfMemoryError=/opt/solr/bin/oom_solr.sh 8983 /var/solr/logs -XX:ParallelGCThreads=4 -XX:+ParallelRefProcEnabled -XX:PretenureSizeThreshold=67108864 -XX:+PrintGC -XX:+PrintGCApplicationStoppedTime -XX:+PrintGCDateStamps -XX:+PrintGCDetails -XX:+PrintGCTimeStamps -XX:+PrintHeapAtGC -XX:+PrintTenuringDistribution -XX:SurvivorRatio=4 -XX:TargetSurvivorRatio=90 -XX:ThreadStackSize=256 -XX:+UseCMSInitiatingOccupancyOnly -XX:+UseCompressedClassPointers -XX:+UseCompressedOops -XX:+UseConcMarkSweepGC -XX:+UseParNewGC 
2017-02-15T11:04:28.564+0100: 0,122: Total time for which application threads were stopped: 0,0000748 seconds, Stopping threads took: 0,0000139 seconds
2017-02-15T11:04:28.635+0100: 0,193: Total time for which application threads were stopped: 0,0001646 seconds, Stopping threads took: 0,0000493 seconds
2017-02-15T11:04:28.659+0100: 0,217: Total time for which application threads were stopped: 0,0000759 seconds, Stopping threads took: 0,0000136 seconds
2017-02-15T11:04:28.936+0100: 0,494: Total time for which application threads were stopped: 0,0001138 seconds, Stopping threads took: 0,0000195 seconds
2017-02-15T11:04:29.322+0100: 0,880: Total time for which application threads were stopped: 0,0001589 seconds, Stopping threads took: 0,0000215 seconds
2017-02-15T11:04:29.475+0100: 1,033: Total time for which application threads were stopped: 0,0002211 seconds, Stopping threads took: 0,0000249 seconds
2017-02-15T11:04:29.579+0100: 1,138: Total time for which application threads were stopped: 0,0005705 seconds, Stopping threads took: 0,0000618 seconds
2017-02-15T11:04:29.915+0100: 1,473: Total time for which application threads were stopped: 0,0002161 seconds, Stopping threads took: 0,0000199 seconds
2017-02-15T11:04:30.138+0100: 1,697: Total time for which application threads were stopped: 0,0001928 seconds, Stopping threads took: 0,0000207 seconds
2017-02-15T11:04:30.157+0100: 1,715: Total time for which application threads were stopped: 0,0001716 seconds, Stopping threads took: 0,0000167 seconds
2017-02-15T11:04:30.191+0100: 1,750: Total time for which application threads were stopped: 0,0002384 seconds, Stopping threads took: 0,0000437 seconds
2017-02-15T11:04:30.192+0100: 1,751: Total time for which application threads were stopped: 0,0001800 seconds, Stopping threads took: 0,0000254 seconds
2017-02-15T11:04:30.212+0100: 1,770: Total time for which application threads were stopped: 0,0013365 seconds, Stopping threads took: 0,0000455 seconds
2017-02-15T11:04:30.309+0100: 1,867: Total time for which application threads were stopped: 0,0002243 seconds, Stopping threads took: 0,0000196 seconds
2017-02-15T11:04:30.453+0100: 2,011: Total time for which application threads were stopped: 0,0003551 seconds, Stopping threads took: 0,0001328 seconds
{Heap before GC invocations=0 (full 0):
 par new generation   total 109248K, used 87424K [0x00000000e0000000, 0x00000000e8000000, 0x00000000e8000000)
  eden space 87424K, 100% used [0x00000000e0000000, 0x00000000e5560000, 0x00000000e5560000)
  from space 21824K,   0% used [0x00000000e5560000, 0x00000000e5560000, 0x00000000e6ab0000)
  to   space 21824K,   0% used [0x00000000e6ab0000, 0x00000000e6ab0000, 0x00000000e8000000)
 concurrent mark-sweep generation total 393216K, used 0K [0x00000000e8000000, 0x0000000100000000, 0x0000000100000000)
 Metaspace       used 18210K, capacity 18464K, committed 18688K, reserved 1064960K
  class space    used 2058K, capacity 2196K, committed 2304K, reserved 1048576K
2017-02-15T11:04:30.574+0100: 2,133: [GC (Allocation Failure) 2017-02-15T11:04:30.575+0100: 2,133: [ParNew
Desired survivor size 20112992 bytes, new threshold 8 (max 8)
- age   1:   12806776 bytes,   12806776 total
: 87424K->12631K(109248K), 0,0194766 secs] 87424K->12631K(502464K), 0,0195693 secs] [Times: user=0,03 sys=0,03, real=0,02 secs] 
Heap after GC invocations=1 (full 0):
 par new generation   total 109248K, used 12631K [0x00000000e0000000, 0x00000000e8000000, 0x00000000e8000000)
  eden space 87424K,   0% used [0x00000000e0000000, 0x00000000e0000000, 0x00000000e5560000)
  from space 21824K,  57% used [0x00000000e6ab0000, 0x00000000e7705c38, 0x00000000e8000000)
  to   space 21824K,   0% used [0x00000000e5560000, 0x00000000e5560000, 0x00000000e6ab0000)
 concurrent mark-sweep generation total 393216K, used 0K [0x00000000e8000000, 0x0000000100000000, 0x0000000100000000)
 Metaspace       used 18210K, capacity 18464K, committed 18688K, reserved 1064960K
  class space    used 2058K, capacity 2196K, committed 2304K, reserved 1048576K
}
2017-02-15T11:04:30.594+0100: 2,152: Total time for which application threads were stopped: 0,0198290 seconds, Stopping threads took: 0,0000242 seconds
2017-02-15T11:04:30.858+0100: 2,416: Total time for which application threads were stopped: 0,0003618 seconds, Stopping threads took: 0,0000885 seconds
{Heap before GC invocations=1 (full 0):
 par new generation   total 109248K, used 100055K [0x00000000e0000000, 0x00000000e8000000, 0x00000000e8000000)
  eden space 87424K, 100% used [0x00000000e0000000, 0x00000000e5560000, 0x00000000e5560000)
  from space 21824K,  57% used [0x00000000e6ab0000, 0x00000000e7705c38, 0x00000000e8000000)
  to   space 21824K,   0% used [0x00000000e5560000, 0x00000000e5560000, 0x00000000e6ab0000)
 concurrent mark-sweep generation total 393216K, used 0K [0x00000000e8000000, 0x0000000100000000, 0x0000000100000000)
 Metaspace       used 20040K, capacity 20356K, committed 20736K, reserved 1067008K
  class space    used 2293K, capacity 2468K, committed 2560K, reserved 1048576K
2017-02-15T11:04:30.913+0100: 2,471: [GC (Allocation Failure) 2017-02-15T11:04:30.913+0100: 2,471: [ParNew
Desired survivor size 20112992 bytes, new threshold 8 (max 8)
- age   1:    3480984 bytes,    3480984 total
- age   2:    6683352 bytes,   10164336 total
: 100055K->15799K(109248K), 0,0103061 secs] 100055K->15799K(502464K), 0,0103799 secs] [Times: user=0,03 sys=0,00, real=0,01 secs] 
Heap after GC invocations=2 (full 0):
 par new generation   total 109248K, used 15799K [0x00000000e0000000, 0x00000000e8000000, 0x00000000e8000000)
  eden space 87424K,   0% used [0x00000000e0000000, 0x00000000e0000000, 0x00000000e5560000)
  from space 21824K,  72% used [0x00000000e5560000, 0x00000000e64cdcc0, 0x00000000e6ab0000)
  to   space 21824K,   0% used [0x00000000e6ab0000, 0x00000000e6ab0000, 0x00000000e8000000)
 concurrent mark-sweep generation total 393216K, used 0K [0x00000000e8000000, 0x0000000100000000, 0x0000000100000000)
 Metaspace       used 20040K, capacity 20356K, committed 20736K, reserved 1067008K
  class space    used 2293K, capacity 2468K, committed 2560K, reserved 1048576K
}
2017-02-15T11:04:30.924+0100: 2,482: Total time for which application threads were stopped: 0,0106256 seconds, Stopping threads took: 0,0000751 seconds
2017-02-15T11:04:30.931+0100: 2,489: Total time for which application threads were stopped: 0,0042542 seconds, Stopping threads took: 0,0039754 seconds
2017-02-15T11:04:30.961+0100: 2,519: Total time for which application threads were stopped: 0,0003483 seconds, Stopping threads took: 0,0000625 seconds
2017-02-15T11:04:31.081+0100: 2,639: Total time for which application threads were stopped: 0,0001768 seconds, Stopping threads took: 0,0000448 seconds
{Heap before GC invocations=2 (full 0):
 par new generation   total 109248K, used 103223K [0x00000000e0000000, 0x00000000e8000000, 0x00000000e8000000)
  eden space 87424K, 100% used [0x00000000e0000000, 0x00000000e5560000, 0x00000000e5560000)
  from space 21824K,  72% used [0x00000000e5560000, 0x00000000e64cdcc0, 0x00000000e6ab0000)
  to   space 21824K,   0% used [0x00000000e6ab0000, 0x00000000e6ab0000, 0x00000000e8000000)
 concurrent mark-sweep generation total 393216K, used 0K [0x00000000e8000000, 0x0000000100000000, 0x0000000100000000)
 Metaspace       used 20961K, capacity 21278K, committed 21628K, reserved 1069056K
  class space    used 2417K, capacity 2587K, committed 2684K, reserved 1048576K
2017-02-15T11:04:31.127+0100: 2,685: [GC (Allocation Failure) 2017-02-15T11:04:31.127+0100: 2,685: [ParNew
Desired survivor size 20112992 bytes, new threshold 8 (max 8)
- age   1:    2109224 bytes,    2109224 total
- age   2:     833520 bytes,    2942744 total
- age   3:    6677896 bytes,    9620640 total
: 103223K->11141K(109248K), 0,0163224 secs] 103223K->11141K(502464K), 0,0164159 secs] [Times: user=0,06 sys=0,00, real=0,01 secs] 
Heap after GC invocations=3 (full 0):
 par new generation   total 109248K, used 11141K [0x00000000e0000000, 0x00000000e8000000, 0x00000000e8000000)
  eden space 87424K,   0% used [0x00000000e0000000, 0x00000000e0000000, 0x00000000e5560000)
  from space 21824K,  51% used [0x00000000e6ab0000, 0x00000000e7591410, 0x00000000e8000000)
  to   space 21824K,   0% used [0x00000000e5560000, 0x00000000e5560000, 0x00000000e6ab0000)
 concurrent mark-sweep generation total 393216K, used 0K [0x00000000e8000000, 0x0000000100000000, 0x0000000100000000)
 Metaspace       used 20961K, capacity 21278K, committed 21628K, reserved 1069056K
  class space    used 2417K, capacity 2587K, committed 2684K, reserved 1048576K
}
2017-02-15T11:04:31.144+0100: 2,702: Total time for which application threads were stopped: 0,0166488 seconds, Stopping threads took: 0,0000604 seconds
2017-02-15T11:04:31.148+0100: 2,706: [GC (CMS Initial Mark) [1 CMS-initial-mark: 0K(393216K)] 13416K(502464K), 0,0058633 secs] [Times: user=0,02 sys=0,00, real=0,00 secs] 
2017-02-15T11:04:31.154+0100: 2,712: Total time for which application threads were stopped: 0,0060457 seconds, Stopping threads took: 0,0000592 seconds
2017-02-15T11:04:31.154+0100: 2,712: [CMS-concurrent-mark-start]
2017-02-15T11:04:31.154+0100: 2,712: [CMS-concurrent-mark: 0,001/0,001 secs] [Times: user=0,00 sys=0,00, real=0,00 secs] 
2017-02-15T11:04:31.154+0100: 2,712: [CMS-concurrent-preclean-start]
2017-02-15T11:04:31.156+0100: 2,714: [CMS-concurrent-preclean: 0,002/0,002 secs] [Times: user=0,01 sys=0,00, real=0,01 secs] 
2017-02-15T11:04:31.156+0100: 2,714: [CMS-concurrent-abortable-preclean-start]
2017-02-15T11:04:31.229+0100: 2,788: Total time for which application threads were stopped: 0,0001572 seconds, Stopping threads took: 0,0000743 seconds
{Heap before GC invocations=3 (full 1):
 par new generation   total 109248K, used 98565K [0x00000000e0000000, 0x00000000e8000000, 0x00000000e8000000)
  eden space 87424K, 100% used [0x00000000e0000000, 0x00000000e5560000, 0x00000000e5560000)
  from space 21824K,  51% used [0x00000000e6ab0000, 0x00000000e7591410, 0x00000000e8000000)
  to   space 21824K,   0% used [0x00000000e5560000, 0x00000000e5560000, 0x00000000e6ab0000)
 concurrent mark-sweep generation total 393216K, used 0K [0x00000000e8000000, 0x0000000100000000, 0x0000000100000000)
 Metaspace       used 21233K, capacity 21548K, committed 21884K, reserved 1069056K
  class space    used 2447K, capacity 2601K, committed 2684K, reserved 1048576K
2017-02-15T11:04:31.271+0100: 2,829: [GC (Allocation Failure) 2017-02-15T11:04:31.271+0100: 2,830: [ParNew
Desired survivor size 20112992 bytes, new threshold 8 (max 8)
- age   1:    1323216 bytes,    1323216 total
- age   2:    1448928 bytes,    2772144 total
- age   3:     800160 bytes,    3572304 total
- age   4:    6677960 bytes,   10250264 total
: 98565K->14280K(109248K), 0,0125138 secs] 98565K->14280K(502464K), 0,0125781 secs] [Times: user=0,05 sys=0,00, real=0,01 secs] 
Heap after GC invocations=4 (full 1):
 par new generation   total 109248K, used 14280K [0x00000000e0000000, 0x00000000e8000000, 0x00000000e8000000)
  eden space 87424K,   0% used [0x00000000e0000000, 0x00000000e0000000, 0x00000000e5560000)
  from space 21824K,  65% used [0x00000000e5560000, 0x00000000e6352380, 0x00000000e6ab0000)
  to   space 21824K,   0% used [0x00000000e6ab0000, 0x00000000e6ab0000, 0x00000000e8000000)
 concurrent mark-sweep generation total 393216K, used 0K [0x00000000e8000000, 0x0000000100000000, 0x0000000100000000)
 Metaspace       used 21233K, capacity 21548K, committed 21884K, reserved 1069056K
  class space    used 2447K, capacity 2601K, committed 2684K, reserved 1048576K
}
2017-02-15T11:04:31.284+0100: 2,842: Total time for which application threads were stopped: 0,0127672 seconds, Stopping threads took: 0,0000507 seconds
2017-02-15T11:04:31.284+0100: 2,842: [CMS-concurrent-abortable-preclean: 0,074/0,128 secs] [Times: user=0,49 sys=0,00, real=0,12 secs] 
2017-02-15T11:04:31.284+0100: 2,842: [GC (CMS Final Remark) [YG occupancy: 15610 K (109248 K)]{Heap before GC invocations=4 (full 1):
 par new generation   total 109248K, used 15610K [0x00000000e0000000, 0x00000000e8000000, 0x00000000e8000000)
  eden space 87424K,   1% used [0x00000000e0000000, 0x00000000e014c690, 0x00000000e5560000)
  from space 21824K,  65% used [0x00000000e5560000, 0x00000000e6352380, 0x00000000e6ab0000)
  to   space 21824K,   0% used [0x00000000e6ab0000, 0x00000000e6ab0000, 0x00000000e8000000)
 concurrent mark-sweep generation total 393216K, used 0K [0x00000000e8000000, 0x0000000100000000, 0x0000000100000000)
 Metaspace       used 21233K, capacity 21548K, committed 21884K, reserved 1069056K
  class space    used 2447K, capacity 2601K, committed 2684K, reserved 1048576K
2017-02-15T11:04:31.284+0100: 2,843: [GC (CMS Final Remark) 2017-02-15T11:04:31.284+0100: 2,843: [ParNew
Desired survivor size 20112992 bytes, new threshold 8 (max 8)
- age   1:       2776 bytes,       2776 total
- age   2:    1167480 bytes,    1170256 total
- age   3:    1443680 bytes,    2613936 total
- age   4:     800160 bytes,    3414096 total
- age   5:    6677896 bytes,   10091992 total
: 15610K->14484K(109248K), 0,0136713 secs] 15610K->14484K(502464K), 0,0137119 secs] [Times: user=0,05 sys=0,00, real=0,02 secs] 
Heap after GC invocations=5 (full 1):
 par new generation   total 109248K, used 14484K [0x00000000e0000000, 0x00000000e8000000, 0x00000000e8000000)
  eden space 87424K,   0% used [0x00000000e0000000, 0x00000000e0000000, 0x00000000e5560000)
  from space 21824K,  66% used [0x00000000e6ab0000, 0x00000000e78d52c0, 0x00000000e8000000)
  to   space 21824K,   0% used [0x00000000e5560000, 0x00000000e5560000, 0x00000000e6ab0000)
 concurrent mark-sweep generation total 393216K, used 0K [0x00000000e8000000, 0x0000000100000000, 0x0000000100000000)
 Metaspace       used 21233K, capacity 21548K, committed 21884K, reserved 1069056K
  class space    used 2447K, capacity 2601K, committed 2684K, reserved 1048576K
}
2017-02-15T11:04:31.298+0100: 2,856: [Rescan (parallel) , 0,0033868 secs]2017-02-15T11:04:31.301+0100: 2,860: [weak refs processing, 0,0006095 secs]2017-02-15T11:04:31.302+0100: 2,860: [class unloading, 0,0028709 secs]2017-02-15T11:04:31.305+0100: 2,863: [scrub symbol table, 0,0025233 secs]2017-02-15T11:04:31.308+0100: 2,866: [scrub string table, 0,0003652 secs][1 CMS-remark: 0K(393216K)] 14484K(502464K), 0,0241156 secs] [Times: user=0,07 sys=0,00, real=0,03 secs] 
2017-02-15T11:04:31.308+0100: 2,867: Total time for which application threads were stopped: 0,0242853 seconds, Stopping threads took: 0,0000892 seconds
2017-02-15T11:04:31.308+0100: 2,867: [CMS-concurrent-sweep-start]
2017-02-15T11:04:31.309+0100: 2,867: [CMS-concurrent-sweep: 0,000/0,000 secs] [Times: user=0,00 sys=0,00, real=0,00 secs] 
2017-02-15T11:04:31.309+0100: 2,867: [CMS-concurrent-reset-start]
2017-02-15T11:04:31.310+0100: 2,868: [CMS-concurrent-reset: 0,002/0,002 secs] [Times: user=0,01 sys=0,00, real=0,00 secs] 
{Heap before GC invocations=5 (full 1):
 par new generation   total 109248K, used 101908K [0x00000000e0000000, 0x00000000e8000000, 0x00000000e8000000)
  eden space 87424K, 100% used [0x00000000e0000000, 0x00000000e5560000, 0x00000000e5560000)
  from space 21824K,  66% used [0x00000000e6ab0000, 0x00000000e78d52c0, 0x00000000e8000000)
  to   space 21824K,   0% used [0x00000000e5560000, 0x00000000e5560000, 0x00000000e6ab0000)
 concurrent mark-sweep generation total 393216K, used 0K [0x00000000e8000000, 0x0000000100000000, 0x0000000100000000)
 Metaspace       used 21362K, capacity 21796K, committed 21884K, reserved 1069056K
  class space    used 2467K, capacity 2637K, committed 2684K, reserved 1048576K
2017-02-15T11:04:31.383+0100: 2,942: [GC (Allocation Failure) 2017-02-15T11:04:31.383+0100: 2,942: [ParNew
Desired survivor size 20112992 bytes, new threshold 8 (max 8)
- age   1:     938144 bytes,     938144 total
- age   2:         48 bytes,     938192 total
- age   3:     185096 bytes,    1123288 total
- age   4:    1443536 bytes,    2566824 total
- age   5:     800064 bytes,    3366888 total
- age   6:    6677960 bytes,   10044848 total
: 101908K->11574K(109248K), 0,0100048 secs] 101908K->11574K(502464K), 0,0100778 secs] [Times: user=0,04 sys=0,00, real=0,01 secs] 
Heap after GC invocations=6 (full 1):
 par new generation   total 109248K, used 11574K [0x00000000e0000000, 0x00000000e8000000, 0x00000000e8000000)
  eden space 87424K,   0% used [0x00000000e0000000, 0x00000000e0000000, 0x00000000e5560000)
  from space 21824K,  53% used [0x00000000e5560000, 0x00000000e60ada88, 0x00000000e6ab0000)
  to   space 21824K,   0% used [0x00000000e6ab0000, 0x00000000e6ab0000, 0x00000000e8000000)
 concurrent mark-sweep generation total 393216K, used 0K [0x00000000e8000000, 0x0000000100000000, 0x0000000100000000)
 Metaspace       used 21362K, capacity 21796K, committed 21884K, reserved 1069056K
  class space    used 2467K, capacity 2637K, committed 2684K, reserved 1048576K
}
2017-02-15T11:04:31.393+0100: 2,952: Total time for which application threads were stopped: 0,0102984 seconds, Stopping threads took: 0,0000819 seconds
2017-02-15T11:04:31.425+0100: 2,983: Total time for which application threads were stopped: 0,0003209 seconds, Stopping threads took: 0,0000365 seconds
2017-02-15T11:04:31.600+0100: 3,158: Total time for which application threads were stopped: 0,0003889 seconds, Stopping threads took: 0,0000205 seconds
2017-02-15T11:04:31.614+0100: 3,172: Total time for which application threads were stopped: 0,0004194 seconds, Stopping threads took: 0,0000631 seconds
{Heap before GC invocations=6 (full 1):
 par new generation   total 109248K, used 98998K [0x00000000e0000000, 0x00000000e8000000, 0x00000000e8000000)
  eden space 87424K, 100% used [0x00000000e0000000, 0x00000000e5560000, 0x00000000e5560000)
  from space 21824K,  53% used [0x00000000e5560000, 0x00000000e60ada88, 0x00000000e6ab0000)
  to   space 21824K,   0% used [0x00000000e6ab0000, 0x00000000e6ab0000, 0x00000000e8000000)
 concurrent mark-sweep generation total 393216K, used 0K [0x00000000e8000000, 0x0000000100000000, 0x0000000100000000)
 Metaspace       used 24881K, capacity 25292K, committed 25468K, reserved 1071104K
  class space    used 2903K, capacity 3077K, committed 3196K, reserved 1048576K
2017-02-15T11:04:31.871+0100: 3,430: [GC (Allocation Failure) 2017-02-15T11:04:31.871+0100: 3,430: [ParNew
Desired survivor size 20112992 bytes, new threshold 8 (max 8)
- age   1:    5093248 bytes,    5093248 total
- age   2:     112440 bytes,    5205688 total
- age   3:         48 bytes,    5205736 total
- age   4:     178616 bytes,    5384352 total
- age   5:     268264 bytes,    5652616 total
- age   6:     780320 bytes,    6432936 total
- age   7:    6671728 bytes,   13104664 total
: 98998K->17286K(109248K), 0,0123006 secs] 98998K->17286K(502464K), 0,0123683 secs] [Times: user=0,04 sys=0,00, real=0,01 secs] 
Heap after GC invocations=7 (full 1):
 par new generation   total 109248K, used 17286K [0x00000000e0000000, 0x00000000e8000000, 0x00000000e8000000)
  eden space 87424K,   0% used [0x00000000e0000000, 0x00000000e0000000, 0x00000000e5560000)
  from space 21824K,  79% used [0x00000000e6ab0000, 0x00000000e7b91900, 0x00000000e8000000)
  to   space 21824K,   0% used [0x00000000e5560000, 0x00000000e5560000, 0x00000000e6ab0000)
 concurrent mark-sweep generation total 393216K, used 0K [0x00000000e8000000, 0x0000000100000000, 0x0000000100000000)
 Metaspace       used 24881K, capacity 25292K, committed 25468K, reserved 1071104K
  class space    used 2903K, capacity 3077K, committed 3196K, reserved 1048576K
}
2017-02-15T11:04:31.884+0100: 3,442: Total time for which application threads were stopped: 0,0126598 seconds, Stopping threads took: 0,0000974 seconds
2017-02-15T11:04:32.102+0100: 3,660: Total time for which application threads were stopped: 0,0006119 seconds, Stopping threads took: 0,0000437 seconds
2017-02-15T11:04:32.167+0100: 3,726: Total time for which application threads were stopped: 0,0004856 seconds, Stopping threads took: 0,0000449 seconds
2017-02-15T11:04:32.491+0100: 4,049: Total time for which application threads were stopped: 0,0004873 seconds, Stopping threads took: 0,0000508 seconds
2017-02-15T11:04:35.492+0100: 7,050: Total time for which application threads were stopped: 0,0000978 seconds, Stopping threads took: 0,0000210 seconds
2017-02-15T11:05:00.495+0100: 32,054: Total time for which application threads were stopped: 0,0006115 seconds, Stopping threads took: 0,0001944 seconds
2017-02-15T11:05:20.498+0100: 52,056: Total time for which application threads were stopped: 0,0000818 seconds, Stopping threads took: 0,0000316 seconds
2017-02-15T11:06:35.513+0100: 127,071: Total time for which application threads were stopped: 0,0005802 seconds, Stopping threads took: 0,0002251 seconds
2017-02-15T11:06:45.515+0100: 137,073: Total time for which application threads were stopped: 0,0005482 seconds, Stopping threads took: 0,0000911 seconds
2017-02-15T11:08:50.529+0100: 262,087: Total time for which application threads were stopped: 0,0001283 seconds, Stopping threads took: 0,0000469 seconds
2017-02-15T11:27:59.673+0100: 1411,232: Total time for which application threads were stopped: 0,0001749 seconds, Stopping threads took: 0,0000617 seconds
2017-02-15T11:33:00.709+0100: 1712,267: Total time for which application threads were stopped: 0,0000923 seconds, Stopping threads took: 0,0000309 seconds
2017-02-15T11:39:36.597+0100: 2108,155: Total time for which application threads were stopped: 0,0001217 seconds, Stopping threads took: 0,0000218 seconds
2017-02-15T11:39:36.601+0100: 2108,159: Total time for which application threads were stopped: 0,0004584 seconds, Stopping threads took: 0,0003983 seconds
2017-02-15T11:39:36.648+0100: 2108,206: Total time for which application threads were stopped: 0,0003762 seconds, Stopping threads took: 0,0000195 seconds
2017-02-15T11:39:36.670+0100: 2108,229: Total time for which application threads were stopped: 0,0001622 seconds, Stopping threads took: 0,0000671 seconds
2017-02-15T11:39:36.671+0100: 2108,229: Total time for which application threads were stopped: 0,0000604 seconds, Stopping threads took: 0,0000329 seconds
2017-02-15T11:39:37.671+0100: 2109,229: Total time for which application threads were stopped: 0,0004567 seconds, Stopping threads took: 0,0000747 seconds
2017-02-15T11:39:39.864+0100: 2111,423: Total time for which application threads were stopped: 0,0003599 seconds, Stopping threads took: 0,0001141 seconds
2017-02-15T11:39:39.866+0100: 2111,424: Total time for which application threads were stopped: 0,0005491 seconds, Stopping threads took: 0,0000925 seconds
2017-02-15T11:39:39.867+0100: 2111,425: Total time for which application threads were stopped: 0,0003275 seconds, Stopping threads took: 0,0000485 seconds
2017-02-15T11:39:39.869+0100: 2111,427: Total time for which application threads were stopped: 0,0002987 seconds, Stopping threads took: 0,0000396 seconds
2017-02-15T11:41:51.606+0100: 2243,164: Total time for which application threads were stopped: 0,0001238 seconds, Stopping threads took: 0,0000337 seconds
2017-02-15T11:41:51.606+0100: 2243,164: Total time for which application threads were stopped: 0,0000450 seconds, Stopping threads took: 0,0000063 seconds
2017-02-15T11:41:51.610+0100: 2243,168: Total time for which application threads were stopped: 0,0000982 seconds, Stopping threads took: 0,0000175 seconds
2017-02-15T11:41:52.610+0100: 2244,168: Total time for which application threads were stopped: 0,0001019 seconds, Stopping threads took: 0,0000213 seconds
2017-02-15T11:41:54.678+0100: 2246,236: Total time for which application threads were stopped: 0,0001431 seconds, Stopping threads took: 0,0000433 seconds
2017-02-15T11:41:54.678+0100: 2246,236: Total time for which application threads were stopped: 0,0000429 seconds, Stopping threads took: 0,0000064 seconds
2017-02-15T11:41:55.678+0100: 2247,236: Total time for which application threads were stopped: 0,0001128 seconds, Stopping threads took: 0,0000234 seconds
2017-02-15T11:42:44.684+0100: 2296,242: Total time for which application threads were stopped: 0,0001023 seconds, Stopping threads took: 0,0000371 seconds
2017-02-15T11:42:45.684+0100: 2297,242: Total time for which application threads were stopped: 0,0000764 seconds, Stopping threads took: 0,0000165 seconds
2017-02-15T11:44:47.964+0100: 2419,522: Total time for which application threads were stopped: 0,0001241 seconds, Stopping threads took: 0,0000423 seconds
2017-02-15T11:44:47.964+0100: 2419,522: Total time for which application threads were stopped: 0,0000621 seconds, Stopping threads took: 0,0000267 seconds
2017-02-15T11:44:48.964+0100: 2420,522: Total time for which application threads were stopped: 0,0000804 seconds, Stopping threads took: 0,0000177 seconds
2017-02-15T11:44:51.050+0100: 2422,608: Total time for which application threads were stopped: 0,0001485 seconds, Stopping threads took: 0,0000405 seconds
2017-02-15T11:44:51.050+0100: 2422,608: Total time for which application threads were stopped: 0,0000627 seconds, Stopping threads took: 0,0000064 seconds
2017-02-15T11:44:52.050+0100: 2423,608: Total time for which application threads were stopped: 0,0001100 seconds, Stopping threads took: 0,0000220 seconds
2017-02-15T11:44:57.051+0100: 2428,609: Total time for which application threads were stopped: 0,0001035 seconds, Stopping threads took: 0,0000234 seconds
2017-02-15T11:46:00.058+0100: 2491,617: Total time for which application threads were stopped: 0,0001153 seconds, Stopping threads took: 0,0000355 seconds
2017-02-15T11:48:23.338+0100: 2634,896: Total time for which application threads were stopped: 0,0001464 seconds, Stopping threads took: 0,0000462 seconds
2017-02-15T11:48:23.338+0100: 2634,896: Total time for which application threads were stopped: 0,0000858 seconds, Stopping threads took: 0,0000338 seconds
2017-02-15T11:48:23.343+0100: 2634,901: Total time for which application threads were stopped: 0,0000995 seconds, Stopping threads took: 0,0000222 seconds
2017-02-15T11:48:23.343+0100: 2634,901: Total time for which application threads were stopped: 0,0000609 seconds, Stopping threads took: 0,0000112 seconds
2017-02-15T11:48:23.343+0100: 2634,901: Total time for which application threads were stopped: 0,0000648 seconds, Stopping threads took: 0,0000136 seconds
2017-02-15T11:48:23.343+0100: 2634,901: Total time for which application threads were stopped: 0,0000962 seconds, Stopping threads took: 0,0000533 seconds
2017-02-15T11:48:23.343+0100: 2634,902: Total time for which application threads were stopped: 0,0000953 seconds, Stopping threads took: 0,0000533 seconds
2017-02-15T11:48:23.344+0100: 2634,902: Total time for which application threads were stopped: 0,0000504 seconds, Stopping threads took: 0,0000175 seconds
2017-02-15T11:48:23.344+0100: 2634,902: Total time for which application threads were stopped: 0,0000489 seconds, Stopping threads took: 0,0000154 seconds
2017-02-15T11:48:23.344+0100: 2634,902: Total time for which application threads were stopped: 0,0001963 seconds, Stopping threads took: 0,0000454 seconds
2017-02-15T11:48:23.344+0100: 2634,902: Total time for which application threads were stopped: 0,0000716 seconds, Stopping threads took: 0,0000250 seconds
2017-02-15T11:48:23.345+0100: 2634,903: Total time for which application threads were stopped: 0,0001541 seconds, Stopping threads took: 0,0000746 seconds
2017-02-15T11:48:23.345+0100: 2634,904: Total time for which application threads were stopped: 0,0000680 seconds, Stopping threads took: 0,0000221 seconds
2017-02-15T11:48:23.346+0100: 2634,904: Total time for which application threads were stopped: 0,0000624 seconds, Stopping threads took: 0,0000131 seconds
2017-02-15T11:48:23.346+0100: 2634,904: Total time for which application threads were stopped: 0,0000455 seconds, Stopping threads took: 0,0000077 seconds
2017-02-15T11:48:23.346+0100: 2634,904: Total time for which application threads were stopped: 0,0000387 seconds, Stopping threads took: 0,0000076 seconds
2017-02-15T11:48:23.347+0100: 2634,905: Total time for which application threads were stopped: 0,0000892 seconds, Stopping threads took: 0,0000132 seconds
2017-02-15T11:48:23.347+0100: 2634,905: Total time for which application threads were stopped: 0,0001268 seconds, Stopping threads took: 0,0000137 seconds
2017-02-15T11:48:23.347+0100: 2634,906: Total time for which application threads were stopped: 0,0000987 seconds, Stopping threads took: 0,0000259 seconds
2017-02-15T11:48:23.348+0100: 2634,906: Total time for which application threads were stopped: 0,0000952 seconds, Stopping threads took: 0,0000125 seconds
2017-02-15T11:48:23.349+0100: 2634,907: Total time for which application threads were stopped: 0,0002482 seconds, Stopping threads took: 0,0000376 seconds
2017-02-15T11:48:23.349+0100: 2634,907: Total time for which application threads were stopped: 0,0001604 seconds, Stopping threads took: 0,0000274 seconds
2017-02-15T11:48:23.350+0100: 2634,909: Total time for which application threads were stopped: 0,0005592 seconds, Stopping threads took: 0,0000481 seconds
2017-02-15T11:48:23.352+0100: 2634,911: Total time for which application threads were stopped: 0,0009207 seconds, Stopping threads took: 0,0000653 seconds
2017-02-15T11:48:23.629+0100: 2635,187: Total time for which application threads were stopped: 0,0001198 seconds, Stopping threads took: 0,0000398 seconds
2017-02-15T11:48:23.634+0100: 2635,192: Total time for which application threads were stopped: 0,0001050 seconds, Stopping threads took: 0,0000343 seconds
2017-02-15T11:48:24.634+0100: 2636,192: Total time for which application threads were stopped: 0,0000969 seconds, Stopping threads took: 0,0000176 seconds
2017-02-15T11:48:25.634+0100: 2637,192: Total time for which application threads were stopped: 0,0000885 seconds, Stopping threads took: 0,0000172 seconds
2017-02-15T11:48:26.635+0100: 2638,193: Total time for which application threads were stopped: 0,0004875 seconds, Stopping threads took: 0,0000943 seconds
2017-02-15T11:48:27.635+0100: 2639,193: Total time for which application threads were stopped: 0,0000877 seconds, Stopping threads took: 0,0000172 seconds
2017-02-15T11:48:28.635+0100: 2640,193: Total time for which application threads were stopped: 0,0000716 seconds, Stopping threads took: 0,0000168 seconds
2017-02-15T11:48:28.912+0100: 2640,470: Total time for which application threads were stopped: 0,0000843 seconds, Stopping threads took: 0,0000196 seconds
2017-02-15T11:48:29.912+0100: 2641,470: Total time for which application threads were stopped: 0,0000825 seconds, Stopping threads took: 0,0000179 seconds
2017-02-15T11:48:30.912+0100: 2642,471: Total time for which application threads were stopped: 0,0000778 seconds, Stopping threads took: 0,0000156 seconds
2017-02-15T11:48:31.084+0100: 2642,642: Total time for which application threads were stopped: 0,0001598 seconds, Stopping threads took: 0,0000555 seconds
2017-02-15T11:57:38.724+0100: 3190,282: Total time for which application threads were stopped: 0,0001219 seconds, Stopping threads took: 0,0000401 seconds
2017-02-15T11:57:38.724+0100: 3190,282: Total time for which application threads were stopped: 0,0001105 seconds, Stopping threads took: 0,0000533 seconds
2017-02-15T11:57:38.977+0100: 3190,535: Total time for which application threads were stopped: 0,0001227 seconds, Stopping threads took: 0,0000578 seconds
2017-02-15T11:57:38.978+0100: 3190,537: Total time for which application threads were stopped: 0,0001506 seconds, Stopping threads took: 0,0000677 seconds
2017-02-15T11:57:39.979+0100: 3191,537: Total time for which application threads were stopped: 0,0000947 seconds, Stopping threads took: 0,0000176 seconds
2017-02-15T11:57:40.979+0100: 3192,537: Total time for which application threads were stopped: 0,0000752 seconds, Stopping threads took: 0,0000148 seconds
2017-02-15T11:57:41.979+0100: 3193,538: Total time for which application threads were stopped: 0,0001267 seconds, Stopping threads took: 0,0000189 seconds
2017-02-15T11:57:42.980+0100: 3194,538: Total time for which application threads were stopped: 0,0000748 seconds, Stopping threads took: 0,0000140 seconds
2017-02-15T11:57:43.980+0100: 3195,538: Total time for which application threads were stopped: 0,0000842 seconds, Stopping threads took: 0,0000192 seconds
2017-02-15T11:57:44.980+0100: 3196,538: Total time for which application threads were stopped: 0,0000924 seconds, Stopping threads took: 0,0000178 seconds
2017-02-15T11:57:45.980+0100: 3197,539: Total time for which application threads were stopped: 0,0000774 seconds, Stopping threads took: 0,0000190 seconds
2017-02-15T11:57:46.456+0100: 3198,014: Total time for which application threads were stopped: 0,0001246 seconds, Stopping threads took: 0,0000224 seconds
2017-02-15T12:02:14.999+0100: 3466,557: Total time for which application threads were stopped: 0,0001270 seconds, Stopping threads took: 0,0000394 seconds
2017-02-15T12:02:14.999+0100: 3466,557: Total time for which application threads were stopped: 0,0000554 seconds, Stopping threads took: 0,0000069 seconds
2017-02-15T12:02:15.243+0100: 3466,802: Total time for which application threads were stopped: 0,0002190 seconds, Stopping threads took: 0,0000729 seconds
2017-02-15T12:02:15.246+0100: 3466,804: Total time for which application threads were stopped: 0,0001483 seconds, Stopping threads took: 0,0000563 seconds
2017-02-15T12:02:16.246+0100: 3467,804: Total time for which application threads were stopped: 0,0000722 seconds, Stopping threads took: 0,0000176 seconds
2017-02-15T12:02:17.247+0100: 3468,805: Total time for which application threads were stopped: 0,0004863 seconds, Stopping threads took: 0,0001122 seconds
2017-02-15T12:02:20.247+0100: 3471,805: Total time for which application threads were stopped: 0,0000804 seconds, Stopping threads took: 0,0000168 seconds
2017-02-15T12:02:23.247+0100: 3474,806: Total time for which application threads were stopped: 0,0000832 seconds, Stopping threads took: 0,0000178 seconds
2017-02-15T12:02:24.248+0100: 3475,806: Total time for which application threads were stopped: 0,0001434 seconds, Stopping threads took: 0,0000245 seconds
2017-02-15T12:02:25.003+0100: 3476,561: Total time for which application threads were stopped: 0,0001422 seconds, Stopping threads took: 0,0000179 seconds
2017-02-15T12:02:26.003+0100: 3477,561: Total time for which application threads were stopped: 0,0000728 seconds, Stopping threads took: 0,0000149 seconds
2017-02-15T12:02:30.004+0100: 3481,562: Total time for which application threads were stopped: 0,0001285 seconds, Stopping threads took: 0,0000262 seconds
2017-02-15T12:04:11.018+0100: 3582,576: Total time for which application threads were stopped: 0,0001005 seconds, Stopping threads took: 0,0000380 seconds
2017-02-15T12:05:41.030+0100: 3672,588: Total time for which application threads were stopped: 0,0001176 seconds, Stopping threads took: 0,0000421 seconds
2017-02-15T12:07:30.041+0100: 3781,599: Total time for which application threads were stopped: 0,0000983 seconds, Stopping threads took: 0,0000323 seconds
2017-02-15T12:08:05.046+0100: 3816,604: Total time for which application threads were stopped: 0,0001973 seconds, Stopping threads took: 0,0000682 seconds
2017-02-15T12:37:30.297+0100: 5581,855: Total time for which application threads were stopped: 0,0000919 seconds, Stopping threads took: 0,0000340 seconds
2017-02-15T12:38:11.303+0100: 5622,861: Total time for which application threads were stopped: 0,0001822 seconds, Stopping threads took: 0,0000630 seconds
2017-02-15T12:40:36.327+0100: 5767,885: Total time for which application threads were stopped: 0,0002228 seconds, Stopping threads took: 0,0000663 seconds
2017-02-15T13:05:30.562+0100: 7262,120: Total time for which application threads were stopped: 0,0000900 seconds, Stopping threads took: 0,0000329 seconds
2017-02-15T13:12:00.615+0100: 7652,173: Total time for which application threads were stopped: 0,0006422 seconds, Stopping threads took: 0,0001931 seconds
2017-02-15T13:12:30.619+0100: 7682,177: Total time for which application threads were stopped: 0,0000951 seconds, Stopping threads took: 0,0000324 seconds
2017-02-15T13:19:35.326+0100: 8106,884: Total time for which application threads were stopped: 0,0003689 seconds, Stopping threads took: 0,0000158 seconds
2017-02-15T13:19:35.329+0100: 8106,887: Total time for which application threads were stopped: 0,0001224 seconds, Stopping threads took: 0,0000500 seconds
2017-02-15T13:19:35.336+0100: 8106,894: Total time for which application threads were stopped: 0,0010282 seconds, Stopping threads took: 0,0008956 seconds
2017-02-15T13:19:35.337+0100: 8106,895: Total time for which application threads were stopped: 0,0001646 seconds, Stopping threads took: 0,0000552 seconds
2017-02-15T13:19:35.339+0100: 8106,897: Total time for which application threads were stopped: 0,0001150 seconds, Stopping threads took: 0,0000355 seconds
2017-02-15T13:19:35.339+0100: 8106,897: Total time for which application threads were stopped: 0,0000646 seconds, Stopping threads took: 0,0000227 seconds
2017-02-15T13:19:35.339+0100: 8106,897: Total time for which application threads were stopped: 0,0000687 seconds, Stopping threads took: 0,0000260 seconds
2017-02-15T13:19:35.342+0100: 8106,900: Total time for which application threads were stopped: 0,0025957 seconds, Stopping threads took: 0,0025482 seconds
2017-02-15T13:19:35.355+0100: 8106,913: Total time for which application threads were stopped: 0,0001590 seconds, Stopping threads took: 0,0000391 seconds
2017-02-15T13:19:35.356+0100: 8106,915: Total time for which application threads were stopped: 0,0001345 seconds, Stopping threads took: 0,0000486 seconds
2017-02-15T13:19:35.358+0100: 8106,916: Total time for which application threads were stopped: 0,0001133 seconds, Stopping threads took: 0,0000528 seconds
2017-02-15T13:19:35.358+0100: 8106,916: Total time for which application threads were stopped: 0,0000520 seconds, Stopping threads took: 0,0000255 seconds
2017-02-15T13:19:35.358+0100: 8106,917: Total time for which application threads were stopped: 0,0001179 seconds, Stopping threads took: 0,0000612 seconds
2017-02-15T13:19:35.361+0100: 8106,919: Total time for which application threads were stopped: 0,0021238 seconds, Stopping threads took: 0,0020917 seconds
2017-02-15T13:19:35.362+0100: 8106,920: Total time for which application threads were stopped: 0,0000913 seconds, Stopping threads took: 0,0000140 seconds
Heap
 par new generation   total 109248K, used 103885K [0x00000000e0000000, 0x00000000e8000000, 0x00000000e8000000)
  eden space 87424K,  99% used [0x00000000e0000000, 0x00000000e5491c70, 0x00000000e5560000)
  from space 21824K,  79% used [0x00000000e6ab0000, 0x00000000e7b91900, 0x00000000e8000000)
  to   space 21824K,   0% used [0x00000000e5560000, 0x00000000e5560000, 0x00000000e6ab0000)
 concurrent mark-sweep generation total 393216K, used 0K [0x00000000e8000000, 0x0000000100000000, 0x0000000100000000)
 Metaspace       used 29736K, capacity 30278K, committed 30716K, reserved 1077248K
  class space    used 3434K, capacity 3717K, committed 3836K, reserved 1048576K
