OpenJDK 64-Bit Server VM (25.111-b14) for linux-amd64 JRE (1.8.0_111-8u111-b14-2ubuntu0.16.04.2-b14), built on Oct 27 2016 18:10:19 by "buildd" with gcc 5.4.0 20160609
Memory: 4k page, physical 7867848k(7474916k free), swap 8076284k(8076284k free)
CommandLine flags: -XX:CMSInitiatingOccupancyFraction=50 -XX:CMSMaxAbortablePrecleanTime=6000 -XX:+CMSParallelRemarkEnabled -XX:+CMSScavengeBeforeRemark -XX:ConcGCThreads=4 -XX:InitialHeapSize=536870912 -XX:MaxHeapSize=536870912 -XX:MaxTenuringThreshold=8 -XX:NewRatio=3 -XX:OldPLABSize=16 -XX:OnOutOfMemoryError=/opt/solr/bin/oom_solr.sh 8983 /var/solr/logs -XX:ParallelGCThreads=4 -XX:+ParallelRefProcEnabled -XX:PretenureSizeThreshold=67108864 -XX:+PrintGC -XX:+PrintGCApplicationStoppedTime -XX:+PrintGCDateStamps -XX:+PrintGCDetails -XX:+PrintGCTimeStamps -XX:+PrintHeapAtGC -XX:+PrintTenuringDistribution -XX:SurvivorRatio=4 -XX:TargetSurvivorRatio=90 -XX:ThreadStackSize=256 -XX:+UseCMSInitiatingOccupancyOnly -XX:+UseCompressedClassPointers -XX:+UseCompressedOops -XX:+UseConcMarkSweepGC -XX:+UseParNewGC 
2016-11-28T14:44:23.261+0100: 0,127: Total time for which application threads were stopped: 0,0000675 seconds, Stopping threads took: 0,0000095 seconds
2016-11-28T14:44:23.332+0100: 0,199: Total time for which application threads were stopped: 0,0001452 seconds, Stopping threads took: 0,0000266 seconds
2016-11-28T14:44:23.350+0100: 0,216: Total time for which application threads were stopped: 0,0000771 seconds, Stopping threads took: 0,0000148 seconds
2016-11-28T14:44:23.506+0100: 0,372: Total time for which application threads were stopped: 0,0001863 seconds, Stopping threads took: 0,0000340 seconds
2016-11-28T14:44:23.760+0100: 0,626: Total time for which application threads were stopped: 0,0001348 seconds, Stopping threads took: 0,0000114 seconds
2016-11-28T14:44:23.888+0100: 0,754: Total time for which application threads were stopped: 0,0005340 seconds, Stopping threads took: 0,0003292 seconds
2016-11-28T14:44:23.980+0100: 0,846: Total time for which application threads were stopped: 0,0003155 seconds, Stopping threads took: 0,0000203 seconds
2016-11-28T14:44:24.276+0100: 1,142: Total time for which application threads were stopped: 0,0001802 seconds, Stopping threads took: 0,0000259 seconds
2016-11-28T14:44:24.547+0100: 1,413: Total time for which application threads were stopped: 0,0004889 seconds, Stopping threads took: 0,0001209 seconds
2016-11-28T14:44:24.569+0100: 1,435: Total time for which application threads were stopped: 0,0001831 seconds, Stopping threads took: 0,0000186 seconds
2016-11-28T14:44:24.570+0100: 1,436: Total time for which application threads were stopped: 0,0001089 seconds, Stopping threads took: 0,0000090 seconds
2016-11-28T14:44:24.586+0100: 1,453: Total time for which application threads were stopped: 0,0001786 seconds, Stopping threads took: 0,0000237 seconds
2016-11-28T14:44:24.679+0100: 1,545: Total time for which application threads were stopped: 0,0009461 seconds, Stopping threads took: 0,0001042 seconds
2016-11-28T14:44:24.894+0100: 1,760: Total time for which application threads were stopped: 0,0006568 seconds, Stopping threads took: 0,0003587 seconds
{Heap before GC invocations=0 (full 0):
 par new generation   total 109248K, used 87424K [0x00000000e0000000, 0x00000000e8000000, 0x00000000e8000000)
  eden space 87424K, 100% used [0x00000000e0000000, 0x00000000e5560000, 0x00000000e5560000)
  from space 21824K,   0% used [0x00000000e5560000, 0x00000000e5560000, 0x00000000e6ab0000)
  to   space 21824K,   0% used [0x00000000e6ab0000, 0x00000000e6ab0000, 0x00000000e8000000)
 concurrent mark-sweep generation total 393216K, used 0K [0x00000000e8000000, 0x0000000100000000, 0x0000000100000000)
 Metaspace       used 17936K, capacity 18238K, committed 18304K, reserved 1064960K
  class space    used 2044K, capacity 2162K, committed 2176K, reserved 1048576K
2016-11-28T14:44:25.021+0100: 1,887: [GC (Allocation Failure) 2016-11-28T14:44:25.021+0100: 1,887: [ParNew
Desired survivor size 20112992 bytes, new threshold 8 (max 8)
- age   1:   12036696 bytes,   12036696 total
: 87424K->11867K(109248K), 0,0232022 secs] 87424K->11867K(502464K), 0,0234170 secs] [Times: user=0,06 sys=0,02, real=0,02 secs] 
Heap after GC invocations=1 (full 0):
 par new generation   total 109248K, used 11867K [0x00000000e0000000, 0x00000000e8000000, 0x00000000e8000000)
  eden space 87424K,   0% used [0x00000000e0000000, 0x00000000e0000000, 0x00000000e5560000)
  from space 21824K,  54% used [0x00000000e6ab0000, 0x00000000e7646e00, 0x00000000e8000000)
  to   space 21824K,   0% used [0x00000000e5560000, 0x00000000e5560000, 0x00000000e6ab0000)
 concurrent mark-sweep generation total 393216K, used 0K [0x00000000e8000000, 0x0000000100000000, 0x0000000100000000)
 Metaspace       used 17936K, capacity 18238K, committed 18304K, reserved 1064960K
  class space    used 2044K, capacity 2162K, committed 2176K, reserved 1048576K
}
2016-11-28T14:44:25.045+0100: 1,911: Total time for which application threads were stopped: 0,0237670 seconds, Stopping threads took: 0,0000173 seconds
2016-11-28T14:44:25.254+0100: 2,120: Total time for which application threads were stopped: 0,0003613 seconds, Stopping threads took: 0,0000350 seconds
2016-11-28T14:44:25.285+0100: 2,152: Total time for which application threads were stopped: 0,0003017 seconds, Stopping threads took: 0,0000226 seconds
2016-11-28T14:44:25.312+0100: 2,178: Total time for which application threads were stopped: 0,0003546 seconds, Stopping threads took: 0,0000402 seconds
{Heap before GC invocations=1 (full 0):
 par new generation   total 109248K, used 99291K [0x00000000e0000000, 0x00000000e8000000, 0x00000000e8000000)
  eden space 87424K, 100% used [0x00000000e0000000, 0x00000000e5560000, 0x00000000e5560000)
  from space 21824K,  54% used [0x00000000e6ab0000, 0x00000000e7646e00, 0x00000000e8000000)
  to   space 21824K,   0% used [0x00000000e5560000, 0x00000000e5560000, 0x00000000e6ab0000)
 concurrent mark-sweep generation total 393216K, used 0K [0x00000000e8000000, 0x0000000100000000, 0x0000000100000000)
 Metaspace       used 20714K, capacity 21016K, committed 21248K, reserved 1069056K
  class space    used 2403K, capacity 2518K, committed 2560K, reserved 1048576K
2016-11-28T14:44:25.478+0100: 2,344: [GC (Allocation Failure) 2016-11-28T14:44:25.478+0100: 2,344: [ParNew
Desired survivor size 20112992 bytes, new threshold 8 (max 8)
- age   1:    3672976 bytes,    3672976 total
- age   2:    6067912 bytes,    9740888 total
: 99291K->14781K(109248K), 0,0102925 secs] 99291K->14781K(502464K), 0,0103579 secs] [Times: user=0,04 sys=0,00, real=0,01 secs] 
Heap after GC invocations=2 (full 0):
 par new generation   total 109248K, used 14781K [0x00000000e0000000, 0x00000000e8000000, 0x00000000e8000000)
  eden space 87424K,   0% used [0x00000000e0000000, 0x00000000e0000000, 0x00000000e5560000)
  from space 21824K,  67% used [0x00000000e5560000, 0x00000000e63cf4c0, 0x00000000e6ab0000)
  to   space 21824K,   0% used [0x00000000e6ab0000, 0x00000000e6ab0000, 0x00000000e8000000)
 concurrent mark-sweep generation total 393216K, used 0K [0x00000000e8000000, 0x0000000100000000, 0x0000000100000000)
 Metaspace       used 20714K, capacity 21016K, committed 21248K, reserved 1069056K
  class space    used 2403K, capacity 2518K, committed 2560K, reserved 1048576K
}
2016-11-28T14:44:25.488+0100: 2,354: Total time for which application threads were stopped: 0,0106144 seconds, Stopping threads took: 0,0000860 seconds
2016-11-28T14:44:25.551+0100: 2,418: Total time for which application threads were stopped: 0,0000822 seconds, Stopping threads took: 0,0000140 seconds
2016-11-28T14:44:25.581+0100: 2,448: Total time for which application threads were stopped: 0,0000871 seconds, Stopping threads took: 0,0000178 seconds
2016-11-28T14:44:25.582+0100: 2,448: Total time for which application threads were stopped: 0,0002658 seconds, Stopping threads took: 0,0000213 seconds
2016-11-28T14:44:25.608+0100: 2,474: Total time for which application threads were stopped: 0,0000793 seconds, Stopping threads took: 0,0000214 seconds
2016-11-28T14:44:25.686+0100: 2,552: Total time for which application threads were stopped: 0,0001559 seconds, Stopping threads took: 0,0000275 seconds
2016-11-28T14:44:25.705+0100: 2,572: Total time for which application threads were stopped: 0,0001001 seconds, Stopping threads took: 0,0000228 seconds
2016-11-28T14:44:25.712+0100: 2,579: Total time for which application threads were stopped: 0,0002794 seconds, Stopping threads took: 0,0000139 seconds
2016-11-28T14:44:25.721+0100: 2,587: Total time for which application threads were stopped: 0,0003004 seconds, Stopping threads took: 0,0000238 seconds
2016-11-28T14:44:25.729+0100: 2,595: Total time for which application threads were stopped: 0,0001455 seconds, Stopping threads took: 0,0000779 seconds
2016-11-28T14:44:25.757+0100: 2,623: Total time for which application threads were stopped: 0,0000838 seconds, Stopping threads took: 0,0000215 seconds
2016-11-28T14:44:25.774+0100: 2,640: Total time for which application threads were stopped: 0,0000721 seconds, Stopping threads took: 0,0000147 seconds
2016-11-28T14:44:25.795+0100: 2,661: Total time for which application threads were stopped: 0,0000816 seconds, Stopping threads took: 0,0000178 seconds
2016-11-28T14:44:25.815+0100: 2,681: Total time for which application threads were stopped: 0,0000775 seconds, Stopping threads took: 0,0000141 seconds
2016-11-28T14:44:25.851+0100: 2,717: Total time for which application threads were stopped: 0,0001309 seconds, Stopping threads took: 0,0000258 seconds
2016-11-28T14:44:25.901+0100: 2,767: Total time for which application threads were stopped: 0,0000991 seconds, Stopping threads took: 0,0000249 seconds
2016-11-28T14:44:25.934+0100: 2,800: Total time for which application threads were stopped: 0,0001339 seconds, Stopping threads took: 0,0000255 seconds
{Heap before GC invocations=2 (full 0):
 par new generation   total 109248K, used 102205K [0x00000000e0000000, 0x00000000e8000000, 0x00000000e8000000)
  eden space 87424K, 100% used [0x00000000e0000000, 0x00000000e5560000, 0x00000000e5560000)
  from space 21824K,  67% used [0x00000000e5560000, 0x00000000e63cf4c0, 0x00000000e6ab0000)
  to   space 21824K,   0% used [0x00000000e6ab0000, 0x00000000e6ab0000, 0x00000000e8000000)
 concurrent mark-sweep generation total 393216K, used 0K [0x00000000e8000000, 0x0000000100000000, 0x0000000100000000)
 Metaspace       used 24822K, capacity 25221K, committed 25536K, reserved 1071104K
  class space    used 2894K, capacity 3025K, committed 3144K, reserved 1048576K
2016-11-28T14:44:25.953+0100: 2,819: [GC (Allocation Failure) 2016-11-28T14:44:25.953+0100: 2,819: [ParNew
Desired survivor size 20112992 bytes, new threshold 8 (max 8)
- age   1:    4851544 bytes,    4851544 total
- age   2:     583664 bytes,    5435208 total
- age   3:    6040736 bytes,   11475944 total
: 102205K->12676K(109248K), 0,0144585 secs] 102205K->12676K(502464K), 0,0145500 secs] [Times: user=0,05 sys=0,00, real=0,02 secs] 
Heap after GC invocations=3 (full 0):
 par new generation   total 109248K, used 12676K [0x00000000e0000000, 0x00000000e8000000, 0x00000000e8000000)
  eden space 87424K,   0% used [0x00000000e0000000, 0x00000000e0000000, 0x00000000e5560000)
  from space 21824K,  58% used [0x00000000e6ab0000, 0x00000000e77110e0, 0x00000000e8000000)
  to   space 21824K,   0% used [0x00000000e5560000, 0x00000000e5560000, 0x00000000e6ab0000)
 concurrent mark-sweep generation total 393216K, used 0K [0x00000000e8000000, 0x0000000100000000, 0x0000000100000000)
 Metaspace       used 24822K, capacity 25221K, committed 25536K, reserved 1071104K
  class space    used 2894K, capacity 3025K, committed 3144K, reserved 1048576K
}
2016-11-28T14:44:25.968+0100: 2,834: Total time for which application threads were stopped: 0,0147340 seconds, Stopping threads took: 0,0000362 seconds
2016-11-28T14:44:25.968+0100: 2,834: [GC (CMS Initial Mark) [1 CMS-initial-mark: 0K(393216K)] 12932K(502464K), 0,0060208 secs] [Times: user=0,02 sys=0,00, real=0,00 secs] 
2016-11-28T14:44:25.974+0100: 2,840: Total time for which application threads were stopped: 0,0061665 seconds, Stopping threads took: 0,0000522 seconds
2016-11-28T14:44:25.974+0100: 2,840: [CMS-concurrent-mark-start]
2016-11-28T14:44:25.976+0100: 2,843: [CMS-concurrent-mark: 0,003/0,003 secs] [Times: user=0,01 sys=0,00, real=0,01 secs] 
2016-11-28T14:44:25.976+0100: 2,843: [CMS-concurrent-preclean-start]
2016-11-28T14:44:25.978+0100: 2,844: [CMS-concurrent-preclean: 0,001/0,001 secs] [Times: user=0,00 sys=0,00, real=0,00 secs] 
2016-11-28T14:44:25.979+0100: 2,845: [GC (CMS Final Remark) [YG occupancy: 14318 K (109248 K)]{Heap before GC invocations=3 (full 1):
 par new generation   total 109248K, used 14318K [0x00000000e0000000, 0x00000000e8000000, 0x00000000e8000000)
  eden space 87424K,   1% used [0x00000000e0000000, 0x00000000e019a8c8, 0x00000000e5560000)
  from space 21824K,  58% used [0x00000000e6ab0000, 0x00000000e77110e0, 0x00000000e8000000)
  to   space 21824K,   0% used [0x00000000e5560000, 0x00000000e5560000, 0x00000000e6ab0000)
 concurrent mark-sweep generation total 393216K, used 0K [0x00000000e8000000, 0x0000000100000000, 0x0000000100000000)
 Metaspace       used 24823K, capacity 25221K, committed 25536K, reserved 1071104K
  class space    used 2894K, capacity 3025K, committed 3144K, reserved 1048576K
2016-11-28T14:44:25.979+0100: 2,845: [GC (CMS Final Remark) 2016-11-28T14:44:25.979+0100: 2,845: [ParNew
Desired survivor size 20112992 bytes, new threshold 8 (max 8)
- age   1:    1171952 bytes,    1171952 total
- age   2:    1315408 bytes,    2487360 total
- age   3:     583664 bytes,    3071024 total
- age   4:    6040696 bytes,    9111720 total
: 14318K->14192K(109248K), 0,0128451 secs] 14318K->14192K(502464K), 0,0128842 secs] [Times: user=0,04 sys=0,00, real=0,01 secs] 
Heap after GC invocations=4 (full 1):
 par new generation   total 109248K, used 14192K [0x00000000e0000000, 0x00000000e8000000, 0x00000000e8000000)
  eden space 87424K,   0% used [0x00000000e0000000, 0x00000000e0000000, 0x00000000e5560000)
  from space 21824K,  65% used [0x00000000e5560000, 0x00000000e633c190, 0x00000000e6ab0000)
  to   space 21824K,   0% used [0x00000000e6ab0000, 0x00000000e6ab0000, 0x00000000e8000000)
 concurrent mark-sweep generation total 393216K, used 0K [0x00000000e8000000, 0x0000000100000000, 0x0000000100000000)
 Metaspace       used 24823K, capacity 25221K, committed 25536K, reserved 1071104K
  class space    used 2894K, capacity 3025K, committed 3144K, reserved 1048576K
}
2016-11-28T14:44:25.992+0100: 2,858: [Rescan (parallel) , 0,0035522 secs]2016-11-28T14:44:25.995+0100: 2,862: [weak refs processing, 0,0004021 secs]2016-11-28T14:44:25.996+0100: 2,862: [class unloading, 0,0031801 secs]2016-11-28T14:44:25.999+0100: 2,865: [scrub symbol table, 0,0033741 secs]2016-11-28T14:44:26.002+0100: 2,869: [scrub string table, 0,0004252 secs][1 CMS-remark: 0K(393216K)] 14192K(502464K), 0,0245223 secs] [Times: user=0,06 sys=0,00, real=0,02 secs] 
2016-11-28T14:44:26.003+0100: 2,870: Total time for which application threads were stopped: 0,0256348 seconds, Stopping threads took: 0,0010396 seconds
2016-11-28T14:44:26.003+0100: 2,870: [CMS-concurrent-sweep-start]
2016-11-28T14:44:26.003+0100: 2,870: [CMS-concurrent-sweep: 0,000/0,000 secs] [Times: user=0,00 sys=0,00, real=0,00 secs] 
2016-11-28T14:44:26.003+0100: 2,870: [CMS-concurrent-reset-start]
2016-11-28T14:44:26.005+0100: 2,872: [CMS-concurrent-reset: 0,002/0,002 secs] [Times: user=0,01 sys=0,00, real=0,00 secs] 
2016-11-28T14:44:26.074+0100: 2,940: Total time for which application threads were stopped: 0,0004400 seconds, Stopping threads took: 0,0000351 seconds
2016-11-28T14:44:26.090+0100: 2,956: Total time for which application threads were stopped: 0,0003812 seconds, Stopping threads took: 0,0000238 seconds
2016-11-28T14:44:27.090+0100: 3,957: Total time for which application threads were stopped: 0,0000902 seconds, Stopping threads took: 0,0000194 seconds
2016-11-28T14:44:27.188+0100: 4,054: Total time for which application threads were stopped: 0,0003029 seconds, Stopping threads took: 0,0000181 seconds
2016-11-28T14:44:55.191+0100: 32,057: Total time for which application threads were stopped: 0,0000819 seconds, Stopping threads took: 0,0000350 seconds
2016-11-28T14:47:05.204+0100: 162,070: Total time for which application threads were stopped: 0,0000745 seconds, Stopping threads took: 0,0000320 seconds
2016-11-28T14:47:10.205+0100: 167,071: Total time for which application threads were stopped: 0,0001749 seconds, Stopping threads took: 0,0000727 seconds
2016-11-28T14:48:20.213+0100: 237,080: Total time for which application threads were stopped: 0,0000810 seconds, Stopping threads took: 0,0000336 seconds
2016-11-28T14:48:49.216+0100: 266,083: Total time for which application threads were stopped: 0,0001131 seconds, Stopping threads took: 0,0000507 seconds
2016-11-28T14:48:54.217+0100: 271,083: Total time for which application threads were stopped: 0,0000684 seconds, Stopping threads took: 0,0000188 seconds
2016-11-28T14:49:04.218+0100: 281,084: Total time for which application threads were stopped: 0,0000620 seconds, Stopping threads took: 0,0000153 seconds
2016-11-28T14:49:10.219+0100: 287,085: Total time for which application threads were stopped: 0,0000698 seconds, Stopping threads took: 0,0000188 seconds
2016-11-28T14:49:45.223+0100: 322,089: Total time for which application threads were stopped: 0,0003980 seconds, Stopping threads took: 0,0001729 seconds
2016-11-28T15:08:09.359+0100: 1426,225: Total time for which application threads were stopped: 0,0000934 seconds, Stopping threads took: 0,0000345 seconds
2016-11-28T15:12:44.393+0100: 1701,259: Total time for which application threads were stopped: 0,0001344 seconds, Stopping threads took: 0,0000546 seconds
2016-11-28T15:23:05.464+0100: 2322,330: Total time for which application threads were stopped: 0,0000756 seconds, Stopping threads took: 0,0000296 seconds
2016-11-28T15:23:09.464+0100: 2326,330: Total time for which application threads were stopped: 0,0001004 seconds, Stopping threads took: 0,0000224 seconds
2016-11-28T15:26:00.482+0100: 2497,348: Total time for which application threads were stopped: 0,0000801 seconds, Stopping threads took: 0,0000338 seconds
2016-11-28T15:40:00.564+0100: 3337,430: Total time for which application threads were stopped: 0,0004617 seconds, Stopping threads took: 0,0001866 seconds
2016-11-28T15:48:44.616+0100: 3861,483: Total time for which application threads were stopped: 0,0003377 seconds, Stopping threads took: 0,0001397 seconds
2016-11-28T15:48:54.618+0100: 3871,484: Total time for which application threads were stopped: 0,0000701 seconds, Stopping threads took: 0,0000146 seconds
2016-11-28T15:51:24.633+0100: 4021,500: Total time for which application threads were stopped: 0,0000732 seconds, Stopping threads took: 0,0000307 seconds
2016-11-28T16:32:40.890+0100: 6497,757: Total time for which application threads were stopped: 0,0001290 seconds, Stopping threads took: 0,0000479 seconds
2016-11-28T16:33:00.892+0100: 6517,759: Total time for which application threads were stopped: 0,0000717 seconds, Stopping threads took: 0,0000314 seconds
2016-11-28T16:39:24.933+0100: 6901,799: Total time for which application threads were stopped: 0,0003104 seconds, Stopping threads took: 0,0001333 seconds
2016-11-28T16:49:54.998+0100: 7531,864: Total time for which application threads were stopped: 0,0000842 seconds, Stopping threads took: 0,0000325 seconds
2016-11-28T16:50:25.001+0100: 7561,868: Total time for which application threads were st