OpenJDK 64-Bit Server VM (25.131-b11) for linux-amd64 JRE (1.8.0_131-8u131-b11-0ubuntu1.16.04.2-b11), built on May  6 2017 02:45:27 by "buildd" with gcc 5.4.0 20160609
Memory: 4k page, physical 7867740k(7421264k free), swap 8076284k(8076284k free)
CommandLine flags: -XX:CMSInitiatingOccupancyFraction=50 -XX:CMSMaxAbortablePrecleanTime=6000 -XX:+CMSParallelRemarkEnabled -XX:+CMSScavengeBeforeRemark -XX:ConcGCThreads=4 -XX:InitialHeapSize=536870912 -XX:MaxHeapSize=536870912 -XX:MaxTenuringThreshold=8 -XX:NewRatio=3 -XX:OldPLABSize=16 -XX:OnOutOfMemoryError=/opt/solr/bin/oom_solr.sh 8983 /var/solr/logs -XX:ParallelGCThreads=4 -XX:+ParallelRefProcEnabled -XX:PretenureSizeThreshold=67108864 -XX:+PrintGC -XX:+PrintGCApplicationStoppedTime -XX:+PrintGCDateStamps -XX:+PrintGCDetails -XX:+PrintGCTimeStamps -XX:+PrintHeapAtGC -XX:+PrintTenuringDistribution -XX:SurvivorRatio=4 -XX:TargetSurvivorRatio=90 -XX:ThreadStackSize=256 -XX:+UseCMSInitiatingOccupancyOnly -XX:+UseCompressedClassPointers -XX:+UseCompressedOops -XX:+UseConcMarkSweepGC -XX:+UseParNewGC 
2017-07-21T23:06:37.937+0200: 0,150: Total time for which application threads were stopped: 0,0000766 seconds, Stopping threads took: 0,0000187 seconds
2017-07-21T23:06:38.033+0200: 0,245: Total time for which application threads were stopped: 0,0001001 seconds, Stopping threads took: 0,0000177 seconds
2017-07-21T23:06:38.047+0200: 0,259: Total time for which application threads were stopped: 0,0001019 seconds, Stopping threads took: 0,0000314 seconds
2017-07-21T23:06:38.265+0200: 0,477: Total time for which application threads were stopped: 0,0001255 seconds, Stopping threads took: 0,0000175 seconds
2017-07-21T23:06:38.636+0200: 0,848: Total time for which application threads were stopped: 0,0003348 seconds, Stopping threads took: 0,0000119 seconds
2017-07-21T23:06:38.717+0200: 0,930: Total time for which application threads were stopped: 0,0001670 seconds, Stopping threads took: 0,0000173 seconds
2017-07-21T23:06:38.734+0200: 0,946: Total time for which application threads were stopped: 0,0002096 seconds, Stopping threads took: 0,0000369 seconds
2017-07-21T23:06:39.105+0200: 1,318: Total time for which application threads were stopped: 0,0002361 seconds, Stopping threads took: 0,0000122 seconds
2017-07-21T23:06:39.360+0200: 1,573: Total time for which application threads were stopped: 0,0001869 seconds, Stopping threads took: 0,0000135 seconds
2017-07-21T23:06:39.389+0200: 1,601: Total time for which application threads were stopped: 0,0002039 seconds, Stopping threads took: 0,0000332 seconds
2017-07-21T23:06:39.422+0200: 1,635: Total time for which application threads were stopped: 0,0002313 seconds, Stopping threads took: 0,0000274 seconds
2017-07-21T23:06:39.423+0200: 1,636: Total time for which application threads were stopped: 0,0002216 seconds, Stopping threads took: 0,0000623 seconds
2017-07-21T23:06:39.440+0200: 1,653: Total time for which application threads were stopped: 0,0001854 seconds, Stopping threads took: 0,0000176 seconds
2017-07-21T23:06:39.551+0200: 1,763: Total time for which application threads were stopped: 0,0011299 seconds, Stopping threads took: 0,0000849 seconds
2017-07-21T23:06:39.756+0200: 1,969: Total time for which application threads were stopped: 0,0002634 seconds, Stopping threads took: 0,0000392 seconds
{Heap before GC invocations=0 (full 0):
 par new generation   total 109248K, used 87424K [0x00000000e0000000, 0x00000000e8000000, 0x00000000e8000000)
  eden space 87424K, 100% used [0x00000000e0000000, 0x00000000e5560000, 0x00000000e5560000)
  from space 21824K,   0% used [0x00000000e5560000, 0x00000000e5560000, 0x00000000e6ab0000)
  to   space 21824K,   0% used [0x00000000e6ab0000, 0x00000000e6ab0000, 0x00000000e8000000)
 concurrent mark-sweep generation total 393216K, used 0K [0x00000000e8000000, 0x0000000100000000, 0x0000000100000000)
 Metaspace       used 18091K, capacity 18400K, committed 18688K, reserved 1064960K
  class space    used 2042K, capacity 2196K, committed 2304K, reserved 1048576K
2017-07-21T23:06:39.859+0200: 2,072: [GC (Allocation Failure) 2017-07-21T23:06:39.859+0200: 2,072: [ParNew
Desired survivor size 20112992 bytes, new threshold 8 (max 8)
- age   1:   12625768 bytes,   12625768 total
: 87424K->12442K(109248K), 0,0178577 secs] 87424K->12442K(502464K), 0,0179542 secs] [Times: user=0,05 sys=0,01, real=0,01 secs] 
Heap after GC invocations=1 (full 0):
 par new generation   total 109248K, used 12442K [0x00000000e0000000, 0x00000000e8000000, 0x00000000e8000000)
  eden space 87424K,   0% used [0x00000000e0000000, 0x00000000e0000000, 0x00000000e5560000)
  from space 21824K,  57% used [0x00000000e6ab0000, 0x00000000e76d6810, 0x00000000e8000000)
  to   space 21824K,   0% used [0x00000000e5560000, 0x00000000e5560000, 0x00000000e6ab0000)
 concurrent mark-sweep generation total 393216K, used 0K [0x00000000e8000000, 0x0000000100000000, 0x0000000100000000)
 Metaspace       used 18091K, capacity 18400K, committed 18688K, reserved 1064960K
  class space    used 2042K, capacity 2196K, committed 2304K, reserved 1048576K
}
2017-07-21T23:06:39.877+0200: 2,090: Total time for which application threads were stopped: 0,0182067 seconds, Stopping threads took: 0,0000254 seconds
2017-07-21T23:06:40.189+0200: 2,402: Total time for which application threads were stopped: 0,0003242 seconds, Stopping threads took: 0,0000549 seconds
2017-07-21T23:06:40.222+0200: 2,434: Total time for which application threads were stopped: 0,0004647 seconds, Stopping threads took: 0,0000811 seconds
{Heap before GC invocations=1 (full 0):
 par new generation   total 109248K, used 99866K [0x00000000e0000000, 0x00000000e8000000, 0x00000000e8000000)
  eden space 87424K, 100% used [0x00000000e0000000, 0x00000000e5560000, 0x00000000e5560000)
  from space 21824K,  57% used [0x00000000e6ab0000, 0x00000000e76d6810, 0x00000000e8000000)
  to   space 21824K,   0% used [0x00000000e5560000, 0x00000000e5560000, 0x00000000e6ab0000)
 concurrent mark-sweep generation total 393216K, used 0K [0x00000000e8000000, 0x0000000100000000, 0x0000000100000000)
 Metaspace       used 20085K, capacity 20420K, committed 20736K, reserved 1067008K
  class space    used 2295K, capacity 2466K, committed 2560K, reserved 1048576K
2017-07-21T23:06:40.225+0200: 2,437: [GC (Allocation Failure) 2017-07-21T23:06:40.225+0200: 2,438: [ParNew
Desired survivor size 20112992 bytes, new threshold 8 (max 8)
- age   1:    3757208 bytes,    3757208 total
- age   2:    6672672 bytes,   10429880 total
: 99866K->11830K(109248K), 0,0100221 secs] 99866K->11830K(502464K), 0,0100929 secs] [Times: user=0,03 sys=0,01, real=0,01 secs] 
Heap after GC invocations=2 (full 0):
 par new generation   total 109248K, used 11830K [0x00000000e0000000, 0x00000000e8000000, 0x00000000e8000000)
  eden space 87424K,   0% used [0x00000000e0000000, 0x00000000e0000000, 0x00000000e5560000)
  from space 21824K,  54% used [0x00000000e5560000, 0x00000000e60edaf0, 0x00000000e6ab0000)
  to   space 21824K,   0% used [0x00000000e6ab0000, 0x00000000e6ab0000, 0x00000000e8000000)
 concurrent mark-sweep generation total 393216K, used 0K [0x00000000e8000000, 0x0000000100000000, 0x0000000100000000)
 Metaspace       used 20085K, capacity 20420K, committed 20736K, reserved 1067008K
  class space    used 2295K, capacity 2466K, committed 2560K, reserved 1048576K
}
2017-07-21T23:06:40.235+0200: 2,448: Total time for which application threads were stopped: 0,0103088 seconds, Stopping threads took: 0,0000750 seconds
2017-07-21T23:06:40.264+0200: 2,476: Total time for which application threads were stopped: 0,0005219 seconds, Stopping threads took: 0,0001588 seconds
2017-07-21T23:06:40.395+0200: 2,608: Total time for which application threads were stopped: 0,0002009 seconds, Stopping threads took: 0,0000418 seconds
{Heap before GC invocations=2 (full 0):
 par new generation   total 109248K, used 99254K [0x00000000e0000000, 0x00000000e8000000, 0x00000000e8000000)
  eden space 87424K, 100% used [0x00000000e0000000, 0x00000000e5560000, 0x00000000e5560000)
  from space 21824K,  54% used [0x00000000e5560000, 0x00000000e60edaf0, 0x00000000e6ab0000)
  to   space 21824K,   0% used [0x00000000e6ab0000, 0x00000000e6ab0000, 0x00000000e8000000)
 concurrent mark-sweep generation total 393216K, used 0K [0x00000000e8000000, 0x0000000100000000, 0x0000000100000000)
 Metaspace       used 20972K, capacity 21278K, committed 21628K, reserved 1069056K
  class space    used 2415K, capacity 2585K, committed 2684K, reserved 1048576K
2017-07-21T23:06:40.440+0200: 2,652: [GC (Allocation Failure) 2017-07-21T23:06:40.440+0200: 2,652: [ParNew
Desired survivor size 20112992 bytes, new threshold 8 (max 8)
- age   1:    2315456 bytes,    2315456 total
- age   2:     835280 bytes,    3150736 total
- age   3:    6671592 bytes,    9822328 total
: 99254K->16819K(109248K), 0,0178799 secs] 99254K->16819K(502464K), 0,0179546 secs] [Times: user=0,07 sys=0,00, real=0,02 secs] 
Heap after GC invocations=3 (full 0):
 par new generation   total 109248K, used 16819K [0x00000000e0000000, 0x00000000e8000000, 0x00000000e8000000)
  eden space 87424K,   0% used [0x00000000e0000000, 0x00000000e0000000, 0x00000000e5560000)
  from space 21824K,  77% used [0x00000000e6ab0000, 0x00000000e7b1cc20, 0x00000000e8000000)
  to   space 21824K,   0% used [0x00000000e5560000, 0x00000000e5560000, 0x00000000e6ab0000)
 concurrent mark-sweep generation total 393216K, used 0K [0x00000000e8000000, 0x0000000100000000, 0x0000000100000000)
 Metaspace       used 20972K, capacity 21278K, committed 21628K, reserved 1069056K
  class space    used 2415K, capacity 2585K, committed 2684K, reserved 1048576K
}
2017-07-21T23:06:40.458+0200: 2,670: Total time for which application threads were stopped: 0,0235556 seconds, Stopping threads took: 0,0054617 seconds
2017-07-21T23:06:40.470+0200: 2,682: [GC (CMS Initial Mark) [1 CMS-initial-mark: 0K(393216K)] 31880K(502464K), 0,0063111 secs] [Times: user=0,02 sys=0,00, real=0,00 secs] 
2017-07-21T23:06:40.476+0200: 2,689: Total time for which application threads were stopped: 0,0064923 seconds, Stopping threads took: 0,0000572 seconds
2017-07-21T23:06:40.476+0200: 2,689: [CMS-concurrent-mark-start]
2017-07-21T23:06:40.476+0200: 2,689: [CMS-concurrent-mark: 0,000/0,000 secs] [Times: user=0,00 sys=0,00, real=0,00 secs] 
2017-07-21T23:06:40.476+0200: 2,689: [CMS-concurrent-preclean-start]
2017-07-21T23:06:40.477+0200: 2,690: [CMS-concurrent-preclean: 0,001/0,001 secs] [Times: user=0,01 sys=0,00, real=0,00 secs] 
2017-07-21T23:06:40.478+0200: 2,690: [CMS-concurrent-abortable-preclean-start]
2017-07-21T23:06:40.512+0200: 2,724: Total time for which application threads were stopped: 0,0002689 seconds, Stopping threads took: 0,0001833 seconds
{Heap before GC invocations=3 (full 1):
 par new generation   total 109248K, used 104243K [0x00000000e0000000, 0x00000000e8000000, 0x00000000e8000000)
  eden space 87424K, 100% used [0x00000000e0000000, 0x00000000e5560000, 0x00000000e5560000)
  from space 21824K,  77% used [0x00000000e6ab0000, 0x00000000e7b1cc20, 0x00000000e8000000)
  to   space 21824K,   0% used [0x00000000e5560000, 0x00000000e5560000, 0x00000000e6ab0000)
 concurrent mark-sweep generation total 393216K, used 0K [0x00000000e8000000, 0x0000000100000000, 0x0000000100000000)
 Metaspace       used 21254K, capacity 21608K, committed 21884K, reserved 1069056K
  class space    used 2444K, capacity 2598K, committed 2684K, reserved 1048576K
2017-07-21T23:06:40.555+0200: 2,767: [GC (Allocation Failure) 2017-07-21T23:06:40.555+0200: 2,767: [ParNew
Desired survivor size 20112992 bytes, new threshold 8 (max 8)
- age   1:    1197488 bytes,    1197488 total
- age   2:    1459808 bytes,    2657296 total
- age   3:     801904 bytes,    3459200 total
- age   4:    6671592 bytes,   10130792 total
: 104243K->12001K(109248K), 0,0096817 secs] 104243K->12001K(502464K), 0,0097523 secs] [Times: user=0,03 sys=0,00, real=0,01 secs] 
Heap after GC invocations=4 (full 1):
 par new generation   total 109248K, used 12001K [0x00000000e0000000, 0x00000000e8000000, 0x00000000e8000000)
  eden space 87424K,   0% used [0x00000000e0000000, 0x00000000e0000000, 0x00000000e5560000)
  from space 21824K,  54% used [0x00000000e5560000, 0x00000000e6118780, 0x00000000e6ab0000)
  to   space 21824K,   0% used [0x00000000e6ab0000, 0x00000000e6ab0000, 0x00000000e8000000)
 concurrent mark-sweep generation total 393216K, used 0K [0x00000000e8000000, 0x0000000100000000, 0x0000000100000000)
 Metaspace       used 21254K, capacity 21608K, committed 21884K, reserved 1069056K
  class space    used 2444K, capacity 2598K, committed 2684K, reserved 1048576K
}
2017-07-21T23:06:40.565+0200: 2,777: Total time for which application threads were stopped: 0,0102933 seconds, Stopping threads took: 0,0003927 seconds
{Heap before GC invocations=4 (full 1):
 par new generation   total 109248K, used 99425K [0x00000000e0000000, 0x00000000e8000000, 0x00000000e8000000)
  eden space 87424K, 100% used [0x00000000e0000000, 0x00000000e5560000, 0x00000000e5560000)
  from space 21824K,  54% used [0x00000000e5560000, 0x00000000e6118780, 0x00000000e6ab0000)
  to   space 21824K,   0% used [0x00000000e6ab0000, 0x00000000e6ab0000, 0x00000000e8000000)
 concurrent mark-sweep generation total 393216K, used 0K [0x00000000e8000000, 0x0000000100000000, 0x0000000100000000)
 Metaspace       used 21508K, capacity 21848K, committed 21960K, reserved 1069056K
  class space    used 2477K, capacity 2633K, committed 2684K, reserved 1048576K
2017-07-21T23:06:40.653+0200: 2,866: [GC (Allocation Failure) 2017-07-21T23:06:40.653+0200: 2,866: [ParNew
Desired survivor size 20112992 bytes, new threshold 8 (max 8)
- age   1:     572240 bytes,     572240 total
- age   2:     178664 bytes,     750904 total
- age   3:     681952 bytes,    1432856 total
- age   4:     799904 bytes,    2232760 total
- age   5:    6671808 bytes,    8904568 total
: 99425K->10775K(109248K), 0,0092088 secs] 99425K->10775K(502464K), 0,0092783 secs] [Times: user=0,03 sys=0,00, real=0,01 secs] 
Heap after GC invocations=5 (full 1):
 par new generation   total 109248K, used 10775K [0x00000000e0000000, 0x00000000e8000000, 0x00000000e8000000)
  eden space 87424K,   0% used [0x00000000e0000000, 0x00000000e0000000, 0x00000000e5560000)
  from space 21824K,  49% used [0x00000000e6ab0000, 0x00000000e7535d18, 0x00000000e8000000)
  to   space 21824K,   0% used [0x00000000e5560000, 0x00000000e5560000, 0x00000000e6ab0000)
 concurrent mark-sweep generation total 393216K, used 0K [0x00000000e8000000, 0x0000000100000000, 0x0000000100000000)
 Metaspace       used 21508K, capacity 21848K, committed 21960K, reserved 1069056K
  class space    used 2477K, capacity 2633K, committed 2684K, reserved 1048576K
}
2017-07-21T23:06:40.663+0200: 2,875: Total time for which application threads were stopped: 0,0096134 seconds, Stopping threads took: 0,0001988 seconds
2017-07-21T23:06:40.667+0200: 2,880: Total time for which application threads were stopped: 0,0001017 seconds, Stopping threads took: 0,0000335 seconds
2017-07-21T23:06:40.683+0200: 2,896: Total time for which application threads were stopped: 0,0003354 seconds, Stopping threads took: 0,0000533 seconds
2017-07-21T23:06:40.724+0200: 2,936: Total time for which application threads were stopped: 0,0000947 seconds, Stopping threads took: 0,0000200 seconds
2017-07-21T23:06:40.746+0200: 2,958: Total time for which application threads were stopped: 0,0000999 seconds, Stopping threads took: 0,0000179 seconds
2017-07-21T23:06:40.907+0200: 3,119: Total time for which application threads were stopped: 0,0001959 seconds, Stopping threads took: 0,0000259 seconds
2017-07-21T23:06:40.951+0200: 3,163: Total time for which application threads were stopped: 0,0001589 seconds, Stopping threads took: 0,0000522 seconds
2017-07-21T23:06:40.951+0200: 3,163: Total time for which application threads were stopped: 0,0000684 seconds, Stopping threads took: 0,0000290 seconds
2017-07-21T23:06:40.953+0200: 3,165: Total time for which application threads were stopped: 0,0004418 seconds, Stopping threads took: 0,0000205 seconds
2017-07-21T23:06:40.972+0200: 3,185: Total time for which application threads were stopped: 0,0017489 seconds, Stopping threads took: 0,0014088 seconds
2017-07-21T23:06:40.998+0200: 3,210: Total time for which application threads were stopped: 0,0001441 seconds, Stopping threads took: 0,0000436 seconds
2017-07-21T23:06:41.077+0200: 3,289: Total time for which application threads were stopped: 0,0001898 seconds, Stopping threads took: 0,0000586 seconds
2017-07-21T23:06:41.077+0200: 3,289: [CMS-concurrent-abortable-preclean: 0,443/0,599 secs] [Times: user=2,17 sys=0,01, real=0,60 secs] 
2017-07-21T23:06:41.077+0200: 3,289: [GC (CMS Final Remark) [YG occupancy: 61193 K (109248 K)]{Heap before GC invocations=5 (full 1):
 par new generation   total 109248K, used 61193K [0x00000000e0000000, 0x00000000e8000000, 0x00000000e8000000)
  eden space 87424K,  57% used [0x00000000e0000000, 0x00000000e313ca58, 0x00000000e5560000)
  from space 21824K,  49% used [0x00000000e6ab0000, 0x00000000e7535d18, 0x00000000e8000000)
  to   space 21824K,   0% used [0x00000000e5560000, 0x00000000e5560000, 0x00000000e6ab0000)
 concurrent mark-sweep generation total 393216K, used 0K [0x00000000e8000000, 0x0000000100000000, 0x0000000100000000)
 Metaspace       used 23493K, capacity 23965K, committed 24208K, reserved 1071104K
  class space    used 2716K, capacity 2912K, committed 2940K, reserved 1048576K
2017-07-21T23:06:41.077+0200: 3,289: [GC (CMS Final Remark) 2017-07-21T23:06:41.077+0200: 3,289: [ParNew
Desired survivor size 20112992 bytes, new threshold 8 (max 8)
- age   1:    4263144 bytes,    4263144 total
- age   2:     174976 bytes,    4438120 total
- age   3:     177736 bytes,    4615856 total
- age   4:     289792 bytes,    4905648 total
- age   5:     787656 bytes,    5693304 total
- age   6:    6663488 bytes,   12356792 total
: 61193K->15184K(109248K), 0,0178935 secs] 61193K->15184K(502464K), 0,0179388 secs] [Times: user=0,06 sys=0,00, real=0,02 secs] 
Heap after GC invocations=6 (full 1):
 par new generation   total 109248K, used 15184K [0x00000000e0000000, 0x00000000e8000000, 0x00000000e8000000)
  eden space 87424K,   0% used [0x00000000e0000000, 0x00000000e0000000, 0x00000000e5560000)
  from space 21824K,  69% used [0x00000000e5560000, 0x00000000e6434178, 0x00000000e6ab0000)
  to   space 21824K,   0% used [0x00000000e6ab0000, 0x00000000e6ab0000, 0x00000000e8000000)
 concurrent mark-sweep generation total 393216K, used 0K [0x00000000e8000000, 0x0000000100000000, 0x0000000100000000)
 Metaspace       used 23493K, capacity 23965K, committed 24208K, reserved 1071104K
  class space    used 2716K, capacity 2912K, committed 2940K, reserved 1048576K
}
2017-07-21T23:06:41.095+0200: 3,307: [Rescan (parallel) , 0,0035089 secs]2017-07-21T23:06:41.098+0200: 3,311: [weak refs processing, 0,0006010 secs]2017-07-21T23:06:41.099+0200: 3,311: [class unloading, 0,0032638 secs]2017-07-21T23:06:41.102+0200: 3,315: [scrub symbol table, 0,0034645 secs]2017-07-21T23:06:41.106+0200: 3,318: [scrub string table, 0,0003780 secs][1 CMS-remark: 0K(393216K)] 15184K(502464K), 0,0299353 secs] [Times: user=0,09 sys=0,00, real=0,04 secs] 
2017-07-21T23:06:41.107+0200: 3,319: Total time for which application threads were stopped: 0,0300347 seconds, Stopping threads took: 0,0000346 seconds
2017-07-21T23:06:41.108+0200: 3,320: [CMS-concurrent-sweep-start]
2017-07-21T23:06:41.108+0200: 3,320: [CMS-concurrent-sweep: 0,000/0,000 secs] [Times: user=0,00 sys=0,00, real=0,00 secs] 
2017-07-21T23:06:41.108+0200: 3,320: [CMS-concurrent-reset-start]
2017-07-21T23:06:41.110+0200: 3,322: [CMS-concurrent-reset: 0,002/0,002 secs] [Times: user=0,00 sys=0,01, real=0,00 secs] 
{Heap before GC invocations=6 (full 1):
 par new generation   total 109248K, used 102608K [0x00000000e0000000, 0x00000000e8000000, 0x00000000e8000000)
  eden space 87424K, 100% used [0x00000000e0000000, 0x00000000e5560000, 0x00000000e5560000)
  from space 21824K,  69% used [0x00000000e5560000, 0x00000000e6434178, 0x00000000e6ab0000)
  to   space 21824K,   0% used [0x00000000e6ab0000, 0x00000000e6ab0000, 0x00000000e8000000)
 concurrent mark-sweep generation total 393216K, used 0K [0x00000000e8000000, 0x0000000100000000, 0x0000000100000000)
 Metaspace       used 23965K, capacity 24445K, committed 24592K, reserved 1071104K
  class space    used 2823K, capacity 3008K, committed 3068K, reserved 1048576K
2017-07-21T23:06:41.222+0200: 3,434: [GC (Allocation Failure) 2017-07-21T23:06:41.222+0200: 3,434: [ParNew
Desired survivor size 20112992 bytes, new threshold 8 (max 8)
- age   1:    1833496 bytes,    1833496 total
- age   2:    1456432 bytes,    3289928 total
- age   3:      97248 bytes,    3387176 total
- age   4:     105112 bytes,    3492288 total
- age   5:     201224 bytes,    3693512 total
- age   6:     725216 bytes,    4418728 total
- age   7:    6129336 bytes,   10548064 total
: 102608K->16829K(109248K), 0,0200163 secs] 102608K->16829K(502464K), 0,0201017 secs] [Times: user=0,07 sys=0,00, real=0,02 secs] 
Heap after GC invocations=7 (full 1):
 par new generation   total 109248K, used 16829K [0x00000000e0000000, 0x00000000e8000000, 0x00000000e8000000)
  eden space 87424K,   0% used [0x00000000e0000000, 0x00000000e0000000, 0x00000000e5560000)
  from space 21824K,  77% used [0x00000000e6ab0000, 0x00000000e7b1f530, 0x00000000e8000000)
  to   space 21824K,   0% used [0x00000000e5560000, 0x00000000e5560000, 0x00000000e6ab0000)
 concurrent mark-sweep generation total 393216K, used 0K [0x00000000e8000000, 0x0000000100000000, 0x0000000100000000)
 Metaspace       used 23965K, capacity 24445K, committed 24592K, reserved 1071104K
  class space    used 2823K, capacity 3008K, committed 3068K, reserved 1048576K
}
2017-07-21T23:06:41.242+0200: 3,454: Total time for which application threads were stopped: 0,0227242 seconds, Stopping threads took: 0,0023734 seconds
{Heap before GC invocations=7 (full 1):
 par new generation   total 109248K, used 104253K [0x00000000e0000000, 0x00000000e8000000, 0x00000000e8000000)
  eden space 87424K, 100% used [0x00000000e0000000, 0x00000000e5560000, 0x00000000e5560000)
  from space 21824K,  77% used [0x00000000e6ab0000, 0x00000000e7b1f530, 0x00000000e8000000)
  to   space 21824K,   0% used [0x00000000e5560000, 0x00000000e5560000, 0x00000000e6ab0000)
 concurrent mark-sweep generation total 393216K, used 0K [0x00000000e8000000, 0x0000000100000000, 0x0000000100000000)
 Metaspace       used 24322K, capacity 24819K, committed 24848K, reserved 1071104K
  class space    used 2849K, capacity 3044K, committed 3068K, reserved 1048576K
2017-07-21T23:06:41.330+0200: 3,542: [GC (Allocation Failure) 2017-07-21T23:06:41.330+0200: 3,542: [ParNew
Desired survivor size 20112992 bytes, new threshold 8 (max 8)
- age   1:    1373256 bytes,    1373256 total
- age   2:     818816 bytes,    2192072 total
- age   3:    1444072 bytes,    3636144 total
- age   4:      97248 bytes,    3733392 total
- age   5:     104904 bytes,    3838296 total
- age   6:     201224 bytes,    4039520 total
- age   7:     725216 bytes,    4764736 total
- age   8:    6129328 bytes,   10894064 total
: 104253K->14795K(109248K), 0,0105531 secs] 104253K->14795K(502464K), 0,0106315 secs] [Times: user=0,03 sys=0,00, real=0,01 secs] 
Heap after GC invocations=8 (full 1):
 par new generation   total 109248K, used 14795K [0x00000000e0000000, 0x00000000e8000000, 0x00000000e8000000)
  eden space 87424K,   0% used [0x00000000e0000000, 0x00000000e0000000, 0x00000000e5560000)
  from space 21824K,  67% used [0x00000000e5560000, 0x00000000e63d2d08, 0x00000000e6ab0000)
  to   space 21824K,   0% used [0x00000000e6ab0000, 0x00000000e6ab0000, 0x00000000e8000000)
 concurrent mark-sweep generation total 393216K, used 0K [0x00000000e8000000, 0x0000000100000000, 0x0000000100000000)
 Metaspace       used 24322K, capacity 24819K, committed 24848K, reserved 1071104K
  class space    used 2849K, capacity 3044K, committed 3068K, reserved 1048576K
}
2017-07-21T23:06:41.341+0200: 3,553: Total time for which application threads were stopped: 0,0117102 seconds, Stopping threads took: 0,0008877 seconds
{Heap before GC invocations=8 (full 1):
 par new generation   total 109248K, used 102219K [0x00000000e0000000, 0x00000000e8000000, 0x00000000e8000000)
  eden space 87424K, 100% used [0x00000000e0000000, 0x00000000e5560000, 0x00000000e5560000)
  from space 21824K,  67% used [0x00000000e5560000, 0x00000000e63d2d08, 0x00000000e6ab0000)
  to   space 21824K,   0% used [0x00000000e6ab0000, 0x00000000e6ab0000, 0x00000000e8000000)
 concurrent mark-sweep generation total 393216K, used 0K [0x00000000e8000000, 0x0000000100000000, 0x0000000100000000)
 Metaspace       used 25078K, capacity 25507K, committed 25720K, reserved 1071104K
  class space    used 2907K, capacity 3079K, committed 3196K, reserved 1048576K
2017-07-21T23:06:41.558+0200: 3,770: [GC (Allocation Failure) 2017-07-21T23:06:41.558+0200: 3,770: [ParNew
Desired survivor size 20112992 bytes, new threshold 8 (max 8)
- age   1:    1933784 bytes,    1933784 total
- age   2:     143640 bytes,    2077424 total
- age   3:     408016 bytes,    2485440 total
- age   4:    1443712 bytes,    3929152 total
- age   5:      97128 bytes,    4026280 total
- age   6:     102200 bytes,    4128480 total
- age   7:     197928 bytes,    4326408 total
- age   8:     723712 bytes,    5050120 total
: 102219K->8001K(109248K), 0,0327277 secs] 102219K->14068K(502464K), 0,0328063 secs] [Times: user=0,10 sys=0,00, real=0,03 secs] 
Heap after GC invocations=9 (full 1):
 par new generation   total 109248K, used 8001K [0x00000000e0000000, 0x00000000e8000000, 0x00000000e8000000)
  eden space 87424K,   0% used [0x00000000e0000000, 0x00000000e0000000, 0x00000000e5560000)
  from space 21824K,  36% used [0x00000000e6ab0000, 0x00000000e7280730, 0x00000000e8000000)
  to   space 21824K,   0% used [0x00000000e5560000, 0x00000000e5560000, 0x00000000e6ab0000)
 concurrent mark-sweep generation total 393216K, used 6066K [0x00000000e8000000, 0x0000000100000000, 0x0000000100000000)
 Metaspace       used 25078K, capacity 25507K, committed 25720K, reserved 1071104K
  class space    used 2907K, capacity 3079K, committed 3196K, reserved 1048576K
}
2017-07-21T23:06:41.591+0200: 3,803: Total time for which application threads were stopped: 0,0336489 seconds, Stopping threads took: 0,0006803 seconds
2017-07-21T23:06:41.802+0200: 4,015: Total time for which application threads were stopped: 0,0004795 seconds, Stopping threads took: 0,0000390 seconds
2017-07-21T23:06:41.819+0200: 4,031: Total time for which application threads were stopped: 0,0004250 seconds, Stopping threads took: 0,0000241 seconds
2017-07-21T23:06:41.838+0200: 4,050: Total time for which application threads were stopped: 0,0017954 seconds, Stopping threads took: 0,0014940 seconds
2017-07-21T23:06:41.884+0200: 4,097: Total time for which application threads were stopped: 0,0005158 seconds, Stopping threads took: 0,0000332 seconds
2017-07-21T23:06:41.900+0200: 4,112: Total time for which application threads were stopped: 0,0001565 seconds, Stopping threads took: 0,0000525 seconds
2017-07-21T23:06:41.900+0200: 4,113: Total time for which application threads were stopped: 0,0001709 seconds, Stopping threads took: 0,0001092 seconds
2017-07-21T23:06:41.907+0200: 4,119: Total time for which application threads were stopped: 0,0001210 seconds, Stopping threads took: 0,0000232 seconds
2017-07-21T23:06:41.910+0200: 4,122: Total time for which application threads were stopped: 0,0023738 seconds, Stopping threads took: 0,0022749 seconds
2017-07-21T23:06:41.910+0200: 4,123: Total time for which application threads were stopped: 0,0001324 seconds, Stopping threads took: 0,0000413 seconds
2017-07-21T23:06:41.912+0200: 4,124: Total time for which application threads were stopped: 0,0001424 seconds, Stopping threads took: 0,0000217 seconds
2017-07-21T23:06:41.912+0200: 4,125: Total time for which application threads were stopped: 0,0001315 seconds, Stopping threads took: 0,0000288 seconds
2017-07-21T23:06:41.912+0200: 4,125: Total time for which application threads were stopped: 0,0001189 seconds, Stopping threads took: 0,0000143 seconds
2017-07-21T23:06:41.913+0200: 4,125: Total time for which application threads were stopped: 0,0000929 seconds, Stopping threads took: 0,0000100 seconds
2017-07-21T23:06:41.913+0200: 4,125: Total time for which application threads were stopped: 0,0000761 seconds, Stopping threads took: 0,0000106 seconds
2017-07-21T23:06:41.913+0200: 4,125: Total time for which application threads were stopped: 0,0001037 seconds, Stopping threads took: 0,0000314 seconds
2017-07-21T23:06:41.913+0200: 4,126: Total time for which application threads were stopped: 0,0001310 seconds, Stopping threads took: 0,0000244 seconds
2017-07-21T23:06:41.913+0200: 4,126: Total time for which application threads were stopped: 0,0001261 seconds, Stopping threads took: 0,0000240 seconds
2017-07-21T23:06:41.914+0200: 4,126: Total time for which application threads were stopped: 0,0000859 seconds, Stopping threads took: 0,0000191 seconds
2017-07-21T23:06:41.914+0200: 4,126: Total time for which application threads were stopped: 0,0001014 seconds, Stopping threads took: 0,0000338 seconds
2017-07-21T23:06:41.914+0200: 4,127: Total time for which application threads were stopped: 0,0001074 seconds, Stopping threads took: 0,0000264 seconds
2017-07-21T23:06:41.914+0200: 4,127: Total time for which application threads were stopped: 0,0000989 seconds, Stopping threads took: 0,0000183 seconds
2017-07-21T23:06:41.918+0200: 4,130: Total time for which application threads were stopped: 0,0034733 seconds, Stopping threads took: 0,0033483 seconds
2017-07-21T23:06:41.918+0200: 4,130: Total time for which application threads were stopped: 0,0000885 seconds, Stopping threads took: 0,0000202 seconds
2017-07-21T23:06:41.918+0200: 4,130: Total time for which application threads were stopped: 0,0000693 seconds, Stopping threads took: 0,0000172 seconds
2017-07-21T23:06:41.918+0200: 4,131: Total time for which application threads were stopped: 0,0001187 seconds, Stopping threads took: 0,0000231 seconds
2017-07-21T23:06:41.919+0200: 4,131: Total time for which application threads were stopped: 0,0002356 seconds, Stopping threads took: 0,0000168 seconds
2017-07-21T23:06:41.919+0200: 4,132: Total time for which application threads were stopped: 0,0001173 seconds, Stopping threads took: 0,0000309 seconds
2017-07-21T23:06:41.920+0200: 4,132: Total time for which application threads were stopped: 0,0000782 seconds, Stopping threads took: 0,0000176 seconds
2017-07-21T23:06:41.920+0200: 4,132: Total time for which application threads were stopped: 0,0000827 seconds, Stopping threads took: 0,0000172 seconds
2017-07-21T23:06:41.922+0200: 4,134: Total time for which application threads were stopped: 0,0019474 seconds, Stopping threads took: 0,0018624 seconds
2017-07-21T23:06:41.922+0200: 4,134: Total time for which application threads were stopped: 0,0000818 seconds, Stopping threads took: 0,0000225 seconds
2017-07-21T23:06:41.922+0200: 4,135: Total time for which application threads were stopped: 0,0000909 seconds, Stopping threads took: 0,0000226 seconds
2017-07-21T23:06:41.922+0200: 4,135: Total time for which application threads were stopped: 0,0000734 seconds, Stopping threads took: 0,0000169 seconds
2017-07-21T23:06:41.923+0200: 4,135: Total time for which application threads were stopped: 0,0000793 seconds, Stopping threads took: 0,0000178 seconds
2017-07-21T23:06:41.923+0200: 4,135: Total time for which application threads were stopped: 0,0000882 seconds, Stopping threads took: 0,0000167 seconds
2017-07-21T23:06:41.923+0200: 4,135: Total time for which application threads were stopped: 0,0000896 seconds, Stopping threads took: 0,0000308 seconds
2017-07-21T23:06:41.923+0200: 4,136: Total time for which application threads were stopped: 0,0001331 seconds, Stopping threads took: 0,0000386 seconds
2017-07-21T23:06:41.923+0200: 4,136: Total time for which application threads were stopped: 0,0000645 seconds, Stopping threads took: 0,0000100 seconds
2017-07-21T23:06:41.923+0200: 4,136: Total time for which application threads were stopped: 0,0000778 seconds, Stopping threads took: 0,0000192 seconds
2017-07-21T23:06:41.924+0200: 4,136: Total time for which application threads were stopped: 0,0000909 seconds, Stopping threads took: 0,0000085 seconds
2017-07-21T23:06:41.924+0200: 4,136: Total time for which application threads were stopped: 0,0000923 seconds, Stopping threads took: 0,0000302 seconds
2017-07-21T23:06:41.924+0200: 4,136: Total time for which application threads were stopped: 0,0000964 seconds, Stopping threads took: 0,0000147 seconds
2017-07-21T23:06:41.924+0200: 4,136: Total time for which application threads were stopped: 0,0000640 seconds, Stopping threads took: 0,0000099 seconds
2017-07-21T23:06:41.924+0200: 4,137: Total time for which application threads were stopped: 0,0000863 seconds, Stopping threads took: 0,0000218 seconds
2017-07-21T23:06:41.924+0200: 4,137: Total time for which application threads were stopped: 0,0000660 seconds, Stopping threads took: 0,0000099 seconds
2017-07-21T23:06:41.925+0200: 4,137: Total time for which application threads were stopped: 0,0002956 seconds, Stopping threads took: 0,0000094 seconds
2017-07-21T23:06:41.929+0200: 4,141: Total time for which application threads were stopped: 0,0001474 seconds, Stopping threads took: 0,0000485 seconds
2017-07-21T23:06:41.938+0200: 4,151: Total time for which application threads were stopped: 0,0001317 seconds, Stopping threads took: 0,0000334 seconds
2017-07-21T23:06:41.940+0200: 4,152: Total time for which application threads were stopped: 0,0002424 seconds, Stopping threads took: 0,0001268 seconds
2017-07-21T23:06:41.978+0200: 4,190: Total time for which application threads were stopped: 0,0001872 seconds, Stopping threads took: 0,0000517 seconds
2017-07-21T23:06:41.998+0200: 4,210: Total time for which application threads were stopped: 0,0036059 seconds, Stopping threads took: 0,0035083 seconds
2017-07-21T23:06:42.028+0200: 4,241: Total time for which application threads were stopped: 0,0005857 seconds, Stopping threads took: 0,0000273 seconds
2017-07-21T23:06:42.030+0200: 4,242: Total time for which application threads were stopped: 0,0002038 seconds, Stopping threads took: 0,0001202 seconds
2017-07-21T23:06:42.036+0200: 4,248: Total time for which application threads were stopped: 0,0001296 seconds, Stopping threads took: 0,0000466 seconds
2017-07-21T23:06:43.036+0200: 5,248: Total time for which application threads were stopped: 0,0000652 seconds, Stopping threads took: 0,0000169 seconds
2017-07-21T23:08:35.053+0200: 117,266: Total time for which application threads were stopped: 0,0000902 seconds, Stopping threads took: 0,0000369 seconds
2017-07-21T23:08:40.054+0200: 122,266: Total time for which application threads were stopped: 0,0000673 seconds, Stopping threads took: 0,0000167 seconds
2017-07-21T23:09:44.065+0200: 186,278: Total time for which application threads were stopped: 0,0001801 seconds, Stopping threads took: 0,0000679 seconds
2017-07-21T23:11:14.081+0200: 276,293: Total time for which application threads were stopped: 0,0001669 seconds, Stopping threads took: 0,0000611 seconds
2017-07-21T23:30:09.233+0200: 1411,446: Total time for which application threads were stopped: 0,0000927 seconds, Stopping threads took: 0,0000321 seconds
2017-07-21T23:34:35.272+0200: 1677,484: Total time for which application threads were stopped: 0,0000769 seconds, Stopping threads took: 0,0000296 seconds
2017-07-21T23:34:39.273+0200: 1681,485: Total time for which application threads were stopped: 0,0001770 seconds, Stopping threads took: 0,0000640 seconds
2017-07-21T23:35:09.277+0200: 1711,490: Total time for which application threads were stopped: 0,0000851 seconds, Stopping threads took: 0,0000309 seconds
2017-07-21T23:45:00.354+0200: 2302,567: Total time for which application threads were stopped: 0,0000775 seconds, Stopping threads took: 0,0000305 seconds
2017-07-21T23:45:04.355+0200: 2306,567: Total time for which application threads were stopped: 0,0000618 seconds, Stopping threads took: 0,0000136 seconds
2017-07-21T23:59:55.472+0200: 3197,684: Total time for which application threads were stopped: 0,0001677 seconds, Stopping threads took: 0,0000619 seconds
2017-07-22T00:09:04.537+0200: 3746,750: Total time for which application threads were stopped: 0,0000950 seconds, Stopping threads took: 0,0000302 seconds
2017-07-22T00:10:29.548+0200: 3831,761: Total time for which application threads were stopped: 0,0001651 seconds, Stopping threads took: 0,0000627 seconds
2017-07-22T00:10:34.549+0200: 3836,761: Total time for which application threads were stopped: 0,0000709 seconds, Stopping threads took: 0,0000163 seconds
2017-07-22T00:25:20.652+0200: 4722,864: Total time for which application threads were stopped: 0,0001413 seconds, Stopping threads took: 0,0000542 seconds
2017-07-22T00:50:59.828+0200: 6262,040: Total time for which application threads were stopped: 0,0000886 seconds, Stopping threads took: 0,0000325 seconds
2017-07-22T01:08:39.961+0200: 7322,174: Total time for which application threads were stopped: 0,0000879 seconds, Stopping threads took: 0,0000356 seconds
2017-07-22T01:14:40.016+0200: 7682,228: Total time for which application threads were stopped: 0,0001753 seconds, Stopping threads took: 0,0000629 seconds
2017-07-22T01:39:50.332+0200: 9192,544: Total time for which application threads were stopped: 0,0412105 seconds, Stopping threads took: 0,0411097 seconds
2017-07-22T01:39:50.334+0200: 9192,547: Total time for which application threads were stopped: 0,0001291 seconds, Stopping threads took: 0,0000393 seconds
2017-07-22T01:39:50.369+0200: 9192,581: Total time for which application threads were stopped: 0,0033632 seconds, Stopping threads took: 0,0032893 seconds
2017-07-22T01:39:50.369+0200: 9192,582: Total time for which application threads were stopped: 0,0000779 seconds, Stopping threads took: 0,0000150 seconds
2017-07-22T01:39:50.369+0200: 9192,582: Total time for which application threads were stopped: 0,0000779 seconds, Stopping threads took: 0,0000348 seconds
2017-07-22T01:39:50.373+0200: 9192,586: Total time for which application threads were stopped: 0,0000887 seconds, Stopping threads took: 0,0000367 seconds
2017-07-22T01:39:50.374+0200: 9192,586: Total time for which application threads were stopped: 0,0000545 seconds, Stopping threads took: 0,0000127 seconds
2017-07-22T01:39:50.381+0200: 9192,594: Total time for which application threads were stopped: 0,0000939 seconds, Stopping threads took: 0,0000221 seconds
2017-07-22T01:39:50.386+0200: 9192,599: Total time for which application threads were stopped: 0,0051955 seconds, Stopping threads took: 0,0051087 seconds
2017-07-22T01:39:50.387+0200: 9192,600: Total time for which application threads were stopped: 0,0001088 seconds, Stopping threads took: 0,0000354 seconds
2017-07-22T01:39:50.388+0200: 9192,600: Total time for which application threads were stopped: 0,0000524 seconds, Stopping threads took: 0,0000140 seconds
2017-07-22T01:39:50.389+0200: 9192,602: Total time for which application threads were stopped: 0,0001131 seconds, Stopping threads took: 0,0000425 seconds
2017-07-22T01:39:50.390+0200: 9192,602: Total time for which application threads were stopped: 0,0001108 seconds, Stopping threads took: 0,0000352 seconds
2017-07-22T01:39:50.391+0200: 9192,604: Total time for which application threads were stopped: 0,0011757 seconds, Stopping threads took: 0,0010871 seconds
2017-07-22T01:39:50.396+0200: 9192,608: Total time for which application threads were stopped: 0,0019580 seconds, Stopping threads took: 0,0018609 seconds
2017-07-22T01:39:50.397+0200: 9192,610: Total time for which application threads were stopped: 0,0000915 seconds, Stopping threads took: 0,0000267 seconds
2017-07-22T01:39:50.397+0200: 9192,610: Total time for which application threads were stopped: 0,0000503 seconds, Stopping threads took: 0,0000153 seconds
2017-07-22T01:39:50.398+0200: 9192,611: Total time for which application threads were stopped: 0,0001051 seconds, Stopping threads took: 0,0000317 seconds
2017-07-22T01:39:50.398+0200: 9192,611: Total time for which application threads were stopped: 0,0000901 seconds, Stopping threads took: 0,0000372 seconds
2017-07-22T01:39:50.399+0200: 9192,611: Total time for which application threads were stopped: 0,0000897 seconds, Stopping threads took: 0,0000523 seconds
2017-07-22T01:39:50.399+0200: 9192,611: Total time for which application threads were stopped: 0,0000593 seconds, Stopping threads took: 0,0000256 seconds
2017-07-22T01:39:50.404+0200: 9192,616: Total time for which application threads were stopped: 0,0052140 seconds, Stopping threads took: 0,0051451 seconds
2017-07-22T01:39:50.406+0200: 9192,619: Total time for which application threads were stopped: 0,0006278 seconds, Stopping threads took: 0,0005530 seconds
2017-07-22T01:39:50.407+0200: 9192,619: Total time for which application threads were stopped: 0,0000712 seconds, Stopping threads took: 0,0000306 seconds
2017-07-22T01:39:50.407+0200: 9192,619: Total time for which application threads were stopped: 0,0000633 seconds, Stopping threads took: 0,0000189 seconds
2017-07-22T01:39:50.407+0200: 9192,620: Total time for which application threads were stopped: 0,0000383 seconds, Stopping threads took: 0,0000054 seconds
2017-07-22T01:39:50.407+0200: 9192,620: Total time for which application threads were stopped: 0,0000347 seconds, Stopping threads took: 0,0000051 seconds
2017-07-22T01:39:50.408+0200: 9192,620: Total time for which application threads were stopped: 0,0000636 seconds, Stopping threads took: 0,0000217 seconds
2017-07-22T01:39:50.409+0200: 9192,621: Total time for which application threads were stopped: 0,0001376 seconds, Stopping threads took: 0,0000315 seconds
2017-07-22T01:39:50.409+0200: 9192,621: Total time for which application threads were stopped: 0,0000481 seconds, Stopping threads took: 0,0000097 seconds
2017-07-22T01:39:50.409+0200: 9192,622: Total time for which application threads were stopped: 0,0000630 seconds, Stopping threads took: 0,0000216 seconds
2017-07-22T01:39:50.409+0200: 9192,622: Total time for which application threads were stopped: 0,0001625 seconds, Stopping threads took: 0,0000287 seconds
2017-07-22T01:39:50.411+0200: 9192,623: Total time for which application threads were stopped: 0,0002585 seconds, Stopping threads took: 0,0001857 seconds
2017-07-22T01:39:50.411+0200: 9192,624: Total time for which application threads were stopped: 0,0001221 seconds, Stopping threads took: 0,0000321 seconds
Heap
 par new generation   total 109248K, used 75755K [0x00000000e0000000, 0x00000000e8000000, 0x00000000e8000000)
  eden space 87424K,  77% used [0x00000000e0000000, 0x00000000e422a710, 0x00000000e5560000)
  from space 21824K,  36% used [0x00000000e6ab0000, 0x00000000e7280730, 0x00000000e8000000)
  to   space 21824K,   0% used [0x00000000e5560000, 0x00000000e5560000, 0x00000000e6ab0000)
 concurrent mark-sweep generation total 393216K, used 6066K [0x00000000e8000000, 0x0000000100000000, 0x0000000100000000)
 Metaspace       used 28132K, capacity 28675K, committed 29048K, reserved 1075200K
  class space    used 3221K, capacity 3385K, committed 3452K, reserved 1048576K
