OpenJDK 64-Bit Server VM (25.111-b14) for linux-amd64 JRE (1.8.0_111-8u111-b14-2ubuntu0.16.04.2-b14), built on Oct 27 2016 18:10:19 by "buildd" with gcc 5.4.0 20160609
Memory: 4k page, physical 7867800k(7503276k free), swap 8076284k(8076284k free)
CommandLine flags: -XX:CMSInitiatingOccupancyFraction=50 -XX:CMSMaxAbortablePrecleanTime=6000 -XX:+CMSParallelRemarkEnabled -XX:+CMSScavengeBeforeRemark -XX:ConcGCThreads=4 -XX:InitialHeapSize=536870912 -XX:MaxHeapSize=536870912 -XX:MaxTenuringThreshold=8 -XX:NewRatio=3 -XX:OldPLABSize=16 -XX:OnOutOfMemoryError=/opt/solr/bin/oom_solr.sh 8983 /var/solr/logs -XX:ParallelGCThreads=4 -XX:+ParallelRefProcEnabled -XX:PretenureSizeThreshold=67108864 -XX:+PrintGC -XX:+PrintGCApplicationStoppedTime -XX:+PrintGCDateStamps -XX:+PrintGCDetails -XX:+PrintGCTimeStamps -XX:+PrintHeapAtGC -XX:+PrintTenuringDistribution -XX:SurvivorRatio=4 -XX:TargetSurvivorRatio=90 -XX:ThreadStackSize=256 -XX:+UseCMSInitiatingOccupancyOnly -XX:+UseCompressedClassPointers -XX:+UseCompressedOops -XX:+UseConcMarkSweepGC -XX:+UseParNewGC 
2017-01-28T02:13:25.684+0100: 0,144: Total time for which application threads were stopped: 0,0000779 seconds, Stopping threads took: 0,0000141 seconds
2017-01-28T02:13:25.750+0100: 0,209: Total time for which application threads were stopped: 0,0001381 seconds, Stopping threads took: 0,0000303 seconds
2017-01-28T02:13:25.763+0100: 0,223: Total time for which application threads were stopped: 0,0001105 seconds, Stopping threads took: 0,0000298 seconds
2017-01-28T02:13:25.962+0100: 0,422: Total time for which application threads were stopped: 0,0001085 seconds, Stopping threads took: 0,0000136 seconds
2017-01-28T02:13:26.425+0100: 0,885: Total time for which application threads were stopped: 0,0001739 seconds, Stopping threads took: 0,0000252 seconds
2017-01-28T02:13:26.576+0100: 1,035: Total time for which application threads were stopped: 0,0004804 seconds, Stopping threads took: 0,0001178 seconds
2017-01-28T02:13:26.613+0100: 1,073: Total time for which application threads were stopped: 0,0001911 seconds, Stopping threads took: 0,0000343 seconds
2017-01-28T02:13:26.936+0100: 1,395: Total time for which application threads were stopped: 0,0001734 seconds, Stopping threads took: 0,0000216 seconds
2017-01-28T02:13:27.154+0100: 1,613: Total time for which application threads were stopped: 0,0002064 seconds, Stopping threads took: 0,0000169 seconds
2017-01-28T02:13:27.190+0100: 1,649: Total time for which application threads were stopped: 0,0001729 seconds, Stopping threads took: 0,0000168 seconds
2017-01-28T02:13:27.191+0100: 1,650: Total time for which application threads were stopped: 0,0001483 seconds, Stopping threads took: 0,0000098 seconds
2017-01-28T02:13:27.206+0100: 1,665: Total time for which application threads were stopped: 0,0001657 seconds, Stopping threads took: 0,0000228 seconds
2017-01-28T02:13:27.318+0100: 1,778: Total time for which application threads were stopped: 0,0002235 seconds, Stopping threads took: 0,0000226 seconds
2017-01-28T02:13:27.470+0100: 1,930: Total time for which application threads were stopped: 0,0002260 seconds, Stopping threads took: 0,0000283 seconds
{Heap before GC invocations=0 (full 0):
 par new generation   total 109248K, used 87424K [0x00000000e0000000, 0x00000000e8000000, 0x00000000e8000000)
  eden space 87424K, 100% used [0x00000000e0000000, 0x00000000e5560000, 0x00000000e5560000)
  from space 21824K,   0% used [0x00000000e5560000, 0x00000000e5560000, 0x00000000e6ab0000)
  to   space 21824K,   0% used [0x00000000e6ab0000, 0x00000000e6ab0000, 0x00000000e8000000)
 concurrent mark-sweep generation total 393216K, used 0K [0x00000000e8000000, 0x0000000100000000, 0x0000000100000000)
 Metaspace       used 18001K, capacity 18302K, committed 18560K, reserved 1064960K
  class space    used 2046K, capacity 2162K, committed 2176K, reserved 1048576K
2017-01-28T02:13:27.592+0100: 2,051: [GC (Allocation Failure) 2017-01-28T02:13:27.592+0100: 2,051: [ParNew
Desired survivor size 20112992 bytes, new threshold 8 (max 8)
- age   1:   13047488 bytes,   13047488 total
: 87424K->12869K(109248K), 0,0206319 secs] 87424K->12869K(502464K), 0,0207184 secs] [Times: user=0,07 sys=0,01, real=0,02 secs] 
Heap after GC invocations=1 (full 0):
 par new generation   total 109248K, used 12869K [0x00000000e0000000, 0x00000000e8000000, 0x00000000e8000000)
  eden space 87424K,   0% used [0x00000000e0000000, 0x00000000e0000000, 0x00000000e5560000)
  from space 21824K,  58% used [0x00000000e6ab0000, 0x00000000e7741688, 0x00000000e8000000)
  to   space 21824K,   0% used [0x00000000e5560000, 0x00000000e5560000, 0x00000000e6ab0000)
 concurrent mark-sweep generation total 393216K, used 0K [0x00000000e8000000, 0x0000000100000000, 0x0000000100000000)
 Metaspace       used 18001K, capacity 18302K, committed 18560K, reserved 1064960K
  class space    used 2046K, capacity 2162K, committed 2176K, reserved 1048576K
}
2017-01-28T02:13:27.612+0100: 2,072: Total time for which application threads were stopped: 0,0209266 seconds, Stopping threads took: 0,0000230 seconds
2017-01-28T02:13:27.811+0100: 2,270: Total time for which application threads were stopped: 0,0003518 seconds, Stopping threads took: 0,0000415 seconds
2017-01-28T02:13:27.840+0100: 2,299: Total time for which application threads were stopped: 0,0003560 seconds, Stopping threads took: 0,0000598 seconds
2017-01-28T02:13:27.863+0100: 2,323: Total time for which application threads were stopped: 0,0003703 seconds, Stopping threads took: 0,0000498 seconds
{Heap before GC invocations=1 (full 0):
 par new generation   total 109248K, used 100293K [0x00000000e0000000, 0x00000000e8000000, 0x00000000e8000000)
  eden space 87424K, 100% used [0x00000000e0000000, 0x00000000e5560000, 0x00000000e5560000)
  from space 21824K,  58% used [0x00000000e6ab0000, 0x00000000e7741688, 0x00000000e8000000)
  to   space 21824K,   0% used [0x00000000e5560000, 0x00000000e5560000, 0x00000000e6ab0000)
 concurrent mark-sweep generation total 393216K, used 0K [0x00000000e8000000, 0x0000000100000000, 0x0000000100000000)
 Metaspace       used 20599K, capacity 20942K, committed 21248K, reserved 1069056K
  class space    used 2384K, capacity 2516K, committed 2560K, reserved 1048576K
2017-01-28T02:13:27.982+0100: 2,442: [GC (Allocation Failure) 2017-01-28T02:13:27.982+0100: 2,442: [ParNew
Desired survivor size 20112992 bytes, new threshold 8 (max 8)
- age   1:    4153168 bytes,    4153168 total
- age   2:    6729184 bytes,   10882352 total
: 100293K->16032K(109248K), 0,0107110 secs] 100293K->16032K(502464K), 0,0107831 secs] [Times: user=0,03 sys=0,01, real=0,01 secs] 
Heap after GC invocations=2 (full 0):
 par new generation   total 109248K, used 16032K [0x00000000e0000000, 0x00000000e8000000, 0x00000000e8000000)
  eden space 87424K,   0% used [0x00000000e0000000, 0x00000000e0000000, 0x00000000e5560000)
  from space 21824K,  73% used [0x00000000e5560000, 0x00000000e6508040, 0x00000000e6ab0000)
  to   space 21824K,   0% used [0x00000000e6ab0000, 0x00000000e6ab0000, 0x00000000e8000000)
 concurrent mark-sweep generation total 393216K, used 0K [0x00000000e8000000, 0x0000000100000000, 0x0000000100000000)
 Metaspace       used 20599K, capacity 20942K, committed 21248K, reserved 1069056K
  class space    used 2384K, capacity 2516K, committed 2560K, reserved 1048576K
}
2017-01-28T02:13:27.993+0100: 2,453: Total time for which application threads were stopped: 0,0111097 seconds, Stopping threads took: 0,0001116 seconds
2017-01-28T02:13:28.043+0100: 2,503: Total time for which application threads were stopped: 0,0001020 seconds, Stopping threads took: 0,0000209 seconds
2017-01-28T02:13:28.088+0100: 2,548: Total time for which application threads were stopped: 0,0001709 seconds, Stopping threads took: 0,0000459 seconds
2017-01-28T02:13:28.131+0100: 2,591: Total time for which application threads were stopped: 0,0001407 seconds, Stopping threads took: 0,0000534 seconds
{Heap before GC invocations=2 (full 0):
 par new generation   total 109248K, used 103456K [0x00000000e0000000, 0x00000000e8000000, 0x00000000e8000000)
  eden space 87424K, 100% used [0x00000000e0000000, 0x00000000e5560000, 0x00000000e5560000)
  from space 21824K,  73% used [0x00000000e5560000, 0x00000000e6508040, 0x00000000e6ab0000)
  to   space 21824K,   0% used [0x00000000e6ab0000, 0x00000000e6ab0000, 0x00000000e8000000)
 concurrent mark-sweep generation total 393216K, used 0K [0x00000000e8000000, 0x0000000100000000, 0x0000000100000000)
 Metaspace       used 21783K, capacity 22160K, committed 22216K, reserved 1069056K
  class space    used 2525K, capacity 2682K, committed 2684K, reserved 1048576K
2017-01-28T02:13:28.171+0100: 2,630: [GC (Allocation Failure) 2017-01-28T02:13:28.171+0100: 2,630: [ParNew
Desired survivor size 20112992 bytes, new threshold 8 (max 8)
- age   1:    1572376 bytes,    1572376 total
- age   2:    1594776 bytes,    3167152 total
- age   3:    6647000 bytes,    9814152 total
: 103456K->11652K(109248K), 0,0086430 secs] 103456K->11652K(502464K), 0,0087107 secs] [Times: user=0,03 sys=0,01, real=0,01 secs] 
Heap after GC invocations=3 (full 0):
 par new generation   total 109248K, used 11652K [0x00000000e0000000, 0x00000000e8000000, 0x00000000e8000000)
  eden space 87424K,   0% used [0x00000000e0000000, 0x00000000e0000000, 0x00000000e5560000)
  from space 21824K,  53% used [0x00000000e6ab0000, 0x00000000e7611020, 0x00000000e8000000)
  to   space 21824K,   0% used [0x00000000e5560000, 0x00000000e5560000, 0x00000000e6ab0000)
 concurrent mark-sweep generation total 393216K, used 0K [0x00000000e8000000, 0x0000000100000000, 0x0000000100000000)
 Metaspace       used 21783K, capacity 22160K, committed 22216K, reserved 1069056K
  class space    used 2525K, capacity 2682K, committed 2684K, reserved 1048576K
}
2017-01-28T02:13:28.179+0100: 2,639: Total time for which application threads were stopped: 0,0112730 seconds, Stopping threads took: 0,0024423 seconds
2017-01-28T02:13:28.180+0100: 2,639: [GC (CMS Initial Mark) [1 CMS-initial-mark: 0K(393216K)] 13467K(502464K), 0,0027241 secs] [Times: user=0,01 sys=0,00, real=0,00 secs] 
2017-01-28T02:13:28.183+0100: 2,642: Total time for which application threads were stopped: 0,0028486 seconds, Stopping threads took: 0,0000515 seconds
2017-01-28T02:13:28.183+0100: 2,642: [CMS-concurrent-mark-start]
2017-01-28T02:13:28.183+0100: 2,643: [CMS-concurrent-mark: 0,001/0,001 secs] [Times: user=0,00 sys=0,00, real=0,00 secs] 
2017-01-28T02:13:28.183+0100: 2,643: [CMS-concurrent-preclean-start]
2017-01-28T02:13:28.184+0100: 2,644: [CMS-concurrent-preclean: 0,001/0,001 secs] [Times: user=0,01 sys=0,00, real=0,00 secs] 
2017-01-28T02:13:28.184+0100: 2,644: [CMS-concurrent-abortable-preclean-start]
2017-01-28T02:13:28.238+0100: 2,698: Total time for which application threads were stopped: 0,0001433 seconds, Stopping threads took: 0,0000657 seconds
2017-01-28T02:13:28.281+0100: 2,741: Total time for which application threads were stopped: 0,0017370 seconds, Stopping threads took: 0,0014074 seconds
2017-01-28T02:13:28.281+0100: 2,741: [CMS-concurrent-abortable-preclean: 0,055/0,097 secs] [Times: user=0,33 sys=0,00, real=0,10 secs] 
2017-01-28T02:13:28.282+0100: 2,741: [GC (CMS Final Remark) [YG occupancy: 94310 K (109248 K)]{Heap before GC invocations=3 (full 1):
 par new generation   total 109248K, used 94310K [0x00000000e0000000, 0x00000000e8000000, 0x00000000e8000000)
  eden space 87424K,  94% used [0x00000000e0000000, 0x00000000e50b8868, 0x00000000e5560000)
  from space 21824K,  53% used [0x00000000e6ab0000, 0x00000000e7611020, 0x00000000e8000000)
  to   space 21824K,   0% used [0x00000000e5560000, 0x00000000e5560000, 0x00000000e6ab0000)
 concurrent mark-sweep generation total 393216K, used 0K [0x00000000e8000000, 0x0000000100000000, 0x0000000100000000)
 Metaspace       used 22145K, capacity 22524K, committed 22624K, reserved 1069056K
  class space    used 2574K, capacity 2716K, committed 2760K, reserved 1048576K
2017-01-28T02:13:28.282+0100: 2,741: [GC (CMS Final Remark) 2017-01-28T02:13:28.282+0100: 2,741: [ParNew
Desired survivor size 20112992 bytes, new threshold 8 (max 8)
- age   1:     568408 bytes,     568408 total
- age   2:     377344 bytes,     945752 total
- age   3:    1202296 bytes,    2148048 total
- age   4:    6647128 bytes,    8795176 total
: 94310K->14618K(109248K), 0,0087790 secs] 94310K->14618K(502464K), 0,0088393 secs] [Times: user=0,03 sys=0,00, real=0,00 secs] 
Heap after GC invocations=4 (full 1):
 par new generation   total 109248K, used 14618K [0x00000000e0000000, 0x00000000e8000000, 0x00000000e8000000)
  eden space 87424K,   0% used [0x00000000e0000000, 0x00000000e0000000, 0x00000000e5560000)
  from space 21824K,  66% used [0x00000000e5560000, 0x00000000e63a6968, 0x00000000e6ab0000)
  to   space 21824K,   0% used [0x00000000e6ab0000, 0x00000000e6ab0000, 0x00000000e8000000)
 concurrent mark-sweep generation total 393216K, used 0K [0x00000000e8000000, 0x0000000100000000, 0x0000000100000000)
 Metaspace       used 22145K, capacity 22524K, committed 22624K, reserved 1069056K
  class space    used 2574K, capacity 2716K, committed 2760K, reserved 1048576K
}
2017-01-28T02:13:28.290+0100: 2,750: [Rescan (parallel) , 0,0034687 secs]2017-01-28T02:13:28.294+0100: 2,753: [weak refs processing, 0,0011586 secs]2017-01-28T02:13:28.295+0100: 2,755: [class unloading, 0,0028707 secs]2017-01-28T02:13:28.298+0100: 2,758: [scrub symbol table, 0,0027445 secs]2017-01-28T02:13:28.301+0100: 2,760: [scrub string table, 0,0003938 secs][1 CMS-remark: 0K(393216K)] 14618K(502464K), 0,0201354 secs] [Times: user=0,05 sys=0,00, real=0,02 secs] 
2017-01-28T02:13:28.302+0100: 2,761: Total time for which application threads were stopped: 0,0202753 seconds, Stopping threads took: 0,0000709 seconds
2017-01-28T02:13:28.302+0100: 2,761: [CMS-concurrent-sweep-start]
2017-01-28T02:13:28.302+0100: 2,761: [CMS-concurrent-sweep: 0,000/0,000 secs] [Times: user=0,00 sys=0,00, real=0,00 secs] 
2017-01-28T02:13:28.302+0100: 2,762: [CMS-concurrent-reset-start]
2017-01-28T02:13:28.304+0100: 2,764: [CMS-concurrent-reset: 0,002/0,002 secs] [Times: user=0,00 sys=0,01, real=0,00 secs] 
2017-01-28T02:13:28.541+0100: 3,001: Total time for which application threads were stopped: 0,0005967 seconds, Stopping threads took: 0,0001659 seconds
2017-01-28T02:13:28.554+0100: 3,013: Total time for which application threads were stopped: 0,0003544 seconds, Stopping threads took: 0,0000572 seconds
2017-01-28T02:13:28.591+0100: 3,051: Total time for which application threads were stopped: 0,0004037 seconds, Stopping threads took: 0,0000374 seconds
{Heap before GC invocations=4 (full 1):
 par new generation   total 109248K, used 102042K [0x00000000e0000000, 0x00000000e8000000, 0x00000000e8000000)
  eden space 87424K, 100% used [0x00000000e0000000, 0x00000000e5560000, 0x00000000e5560000)
  from space 21824K,  66% used [0x00000000e5560000, 0x00000000e63a6968, 0x00000000e6ab0000)
  to   space 21824K,   0% used [0x00000000e6ab0000, 0x00000000e6ab0000, 0x00000000e8000000)
 concurrent mark-sweep generation total 393216K, used 0K [0x00000000e8000000, 0x0000000100000000, 0x0000000100000000)
 Metaspace       used 25739K, capacity 26078K, committed 26312K, reserved 1073152K
  class space    used 3019K, capacity 3155K, committed 3272K, reserved 1048576K
2017-01-28T02:13:28.716+0100: 3,176: [GC (Allocation Failure) 2017-01-28T02:13:28.716+0100: 3,176: [ParNew
Desired survivor size 20112992 bytes, new threshold 8 (max 8)
- age   1:    4740584 bytes,    4740584 total
- age   2:     160448 bytes,    4901032 total
- age   3:     369064 bytes,    5270096 total
- age   4:     638824 bytes,    5908920 total
- age   5:    6640832 bytes,   12549752 total
: 102042K->13765K(109248K), 0,0120544 secs] 102042K->13765K(502464K), 0,0121219 secs] [Times: user=0,04 sys=0,00, real=0,01 secs] 
Heap after GC invocations=5 (full 1):
 par new generation   total 109248K, used 13765K [0x00000000e0000000, 0x00000000e8000000, 0x00000000e8000000)
  eden space 87424K,   0% used [0x00000000e0000000, 0x00000000e0000000, 0x00000000e5560000)
  from space 21824K,  63% used [0x00000000e6ab0000, 0x00000000e7821650, 0x00000000e8000000)
  to   space 21824K,   0% used [0x00000000e5560000, 0x00000000e5560000, 0x00000000e6ab0000)
 concurrent mark-sweep generation total 393216K, used 0K [0x00000000e8000000, 0x0000000100000000, 0x0000000100000000)
 Metaspace       used 25739K, capacity 26078K, committed 26312K, reserved 1073152K
  class space    used 3019K, capacity 3155K, committed 3272K, reserved 1048576K
}
2017-01-28T02:13:28.728+0100: 3,188: Total time for which application threads were stopped: 0,0123642 seconds, Stopping threads took: 0,0000557 seconds
2017-01-28T02:13:28.898+0100: 3,358: Total time for which application threads were stopped: 0,0004709 seconds, Stopping threads took: 0,0000220 seconds
2017-01-28T02:13:29.601+0100: 4,060: Total time for which application threads were stopped: 0,0003155 seconds, Stopping threads took: 0,0000161 seconds
2017-01-28T02:13:57.604+0100: 32,063: Total time for which application threads were stopped: 0,0000603 seconds, Stopping threads took: 0,0000160 seconds
2017-01-28T02:15:57.620+0100: 152,080: Total time for which application threads were stopped: 0,0001562 seconds, Stopping threads took: 0,0000606 seconds
2017-01-28T02:16:02.621+0100: 157,081: Total time for which application threads were stopped: 0,0000950 seconds, Stopping threads took: 0,0000410 seconds
2017-01-28T02:16:26.624+0100: 181,083: Total time for which application threads were stopped: 0,0000688 seconds, Stopping threads took: 0,0000189 seconds
2017-01-28T02:17:56.633+0100: 271,093: Total time for which application threads were stopped: 0,0000776 seconds, Stopping threads took: 0,0000316 seconds
2017-01-28T02:24:12.672+0100: 647,132: Total time for which application threads were stopped: 0,0000976 seconds, Stopping threads took: 0,0000423 seconds
2017-01-28T02:29:32.706+0100: 967,165: Total time for which application threads were stopped: 0,0000914 seconds, Stopping threads took: 0,0000329 seconds
2017-01-28T02:37:01.766+0100: 1416,226: Total time for which application threads were stopped: 0,0000874 seconds, Stopping threads took: 0,0000345 seconds
2017-01-28T02:42:16.801+0100: 1731,260: Total time for which application threads were stopped: 0,0001518 seconds, Stopping threads took: 0,0000593 seconds
2017-01-28T02:48:12.550+0100: 2087,010: Total time for which application threads were stopped: 0,0001245 seconds, Stopping threads took: 0,0000170 seconds
Heap
 par new generation   total 109248K, used 77315K [0x00000000e0000000, 0x00000000e8000000, 0x00000000e8000000)
  eden space 87424K,  72% used [0x00000000e0000000, 0x00000000e3e0f720, 0x00000000e5560000)
  from space 21824K,  63% used [0x00000000e6ab0000, 0x00000000e7821650, 0x00000000e8000000)
  to   space 21824K,   0% used [0x00000000e5560000, 0x00000000e5560000, 0x00000000e6ab0000)
 concurrent mark-sweep generation total 393216K, used 0K [0x00000000e8000000, 0x0000000100000000, 0x0000000100000000)
 Metaspace       used 28825K, capacity 29268K, committed 29640K, reserved 1075200K
  class space    used 3339K, capacity 3488K, committed 3528K, reserved 1048576K
