OpenJDK 64-Bit Server VM (25.121-b13) for linux-amd64 JRE (1.8.0_121-8u121-b13-0ubuntu1.16.04.2-b13), built on Jan 23 2017 15:51:29 by "buildd" with gcc 5.4.0 20160609
Memory: 4k page, physical 7867760k(7496844k free), swap 8076284k(8076284k free)
CommandLine flags: -XX:CMSInitiatingOccupancyFraction=50 -XX:CMSMaxAbortablePrecleanTime=6000 -XX:+CMSParallelRemarkEnabled -XX:+CMSScavengeBeforeRemark -XX:ConcGCThreads=4 -XX:InitialHeapSize=536870912 -XX:MaxHeapSize=536870912 -XX:MaxTenuringThreshold=8 -XX:NewRatio=3 -XX:OldPLABSize=16 -XX:OnOutOfMemoryError=/opt/solr/bin/oom_solr.sh 8983 /var/solr/logs -XX:ParallelGCThreads=4 -XX:+ParallelRefProcEnabled -XX:PretenureSizeThreshold=67108864 -XX:+PrintGC -XX:+PrintGCApplicationStoppedTime -XX:+PrintGCDateStamps -XX:+PrintGCDetails -XX:+PrintGCTimeStamps -XX:+PrintHeapAtGC -XX:+PrintTenuringDistribution -XX:SurvivorRatio=4 -XX:TargetSurvivorRatio=90 -XX:ThreadStackSize=256 -XX:+UseCMSInitiatingOccupancyOnly -XX:+UseCompressedClassPointers -XX:+UseCompressedOops -XX:+UseConcMarkSweepGC -XX:+UseParNewGC 
2017-03-06T09:47:58.529+0100: 0,150: Total time for which application threads were stopped: 0,0000892 seconds, Stopping threads took: 0,0000140 seconds
2017-03-06T09:47:58.624+0100: 0,245: Total time for which application threads were stopped: 0,0001235 seconds, Stopping threads took: 0,0000306 seconds
2017-03-06T09:47:58.646+0100: 0,267: Total time for which application threads were stopped: 0,0001233 seconds, Stopping threads took: 0,0000278 seconds
2017-03-06T09:47:58.974+0100: 0,595: Total time for which application threads were stopped: 0,0002599 seconds, Stopping threads took: 0,0000213 seconds
2017-03-06T09:47:59.411+0100: 1,032: Total time for which application threads were stopped: 0,0001595 seconds, Stopping threads took: 0,0000231 seconds
2017-03-06T09:47:59.476+0100: 1,097: Total time for which application threads were stopped: 0,0001503 seconds, Stopping threads took: 0,0000306 seconds
2017-03-06T09:47:59.507+0100: 1,128: Total time for which application threads were stopped: 0,0001614 seconds, Stopping threads took: 0,0000269 seconds
2017-03-06T09:47:59.762+0100: 1,383: Total time for which application threads were stopped: 0,0006661 seconds, Stopping threads took: 0,0000320 seconds
2017-03-06T09:47:59.958+0100: 1,579: Total time for which application threads were stopped: 0,0002243 seconds, Stopping threads took: 0,0000184 seconds
2017-03-06T09:47:59.983+0100: 1,604: Total time for which application threads were stopped: 0,0002089 seconds, Stopping threads took: 0,0000307 seconds
2017-03-06T09:48:00.020+0100: 1,641: Total time for which application threads were stopped: 0,0005685 seconds, Stopping threads took: 0,0000242 seconds
2017-03-06T09:48:00.023+0100: 1,643: Total time for which application threads were stopped: 0,0002125 seconds, Stopping threads took: 0,0000256 seconds
2017-03-06T09:48:00.043+0100: 1,664: Total time for which application threads were stopped: 0,0001575 seconds, Stopping threads took: 0,0000122 seconds
2017-03-06T09:48:00.134+0100: 1,755: Total time for which application threads were stopped: 0,0002281 seconds, Stopping threads took: 0,0000198 seconds
2017-03-06T09:48:00.304+0100: 1,925: Total time for which application threads were stopped: 0,0002926 seconds, Stopping threads took: 0,0000746 seconds
{Heap before GC invocations=0 (full 0):
 par new generation   total 109248K, used 87424K [0x00000000e0000000, 0x00000000e8000000, 0x00000000e8000000)
  eden space 87424K, 100% used [0x00000000e0000000, 0x00000000e5560000, 0x00000000e5560000)
  from space 21824K,   0% used [0x00000000e5560000, 0x00000000e5560000, 0x00000000e6ab0000)
  to   space 21824K,   0% used [0x00000000e6ab0000, 0x00000000e6ab0000, 0x00000000e8000000)
 concurrent mark-sweep generation total 393216K, used 0K [0x00000000e8000000, 0x0000000100000000, 0x0000000100000000)
 Metaspace       used 18005K, capacity 18336K, committed 18688K, reserved 1064960K
  class space    used 2036K, capacity 2196K, committed 2304K, reserved 1048576K
2017-03-06T09:48:00.385+0100: 2,006: [GC (Allocation Failure) 2017-03-06T09:48:00.385+0100: 2,006: [ParNew
Desired survivor size 20112992 bytes, new threshold 8 (max 8)
- age   1:   12570160 bytes,   12570160 total
: 87424K->12390K(109248K), 0,0158902 secs] 87424K->12390K(502464K), 0,0159675 secs] [Times: user=0,03 sys=0,02, real=0,02 secs] 
Heap after GC invocations=1 (full 0):
 par new generation   total 109248K, used 12390K [0x00000000e0000000, 0x00000000e8000000, 0x00000000e8000000)
  eden space 87424K,   0% used [0x00000000e0000000, 0x00000000e0000000, 0x00000000e5560000)
  from space 21824K,  56% used [0x00000000e6ab0000, 0x00000000e76c99e8, 0x00000000e8000000)
  to   space 21824K,   0% used [0x00000000e5560000, 0x00000000e5560000, 0x00000000e6ab0000)
 concurrent mark-sweep generation total 393216K, used 0K [0x00000000e8000000, 0x0000000100000000, 0x0000000100000000)
 Metaspace       used 18005K, capacity 18336K, committed 18688K, reserved 1064960K
  class space    used 2036K, capacity 2196K, committed 2304K, reserved 1048576K
}
2017-03-06T09:48:00.401+0100: 2,022: Total time for which application threads were stopped: 0,0165070 seconds, Stopping threads took: 0,0003552 seconds
2017-03-06T09:48:00.692+0100: 2,313: Total time for which application threads were stopped: 0,0003618 seconds, Stopping threads took: 0,0000558 seconds
{Heap before GC invocations=1 (full 0):
 par new generation   total 109248K, used 99814K [0x00000000e0000000, 0x00000000e8000000, 0x00000000e8000000)
  eden space 87424K, 100% used [0x00000000e0000000, 0x00000000e5560000, 0x00000000e5560000)
  from space 21824K,  56% used [0x00000000e6ab0000, 0x00000000e76c99e8, 0x00000000e8000000)
  to   space 21824K,   0% used [0x00000000e5560000, 0x00000000e5560000, 0x00000000e6ab0000)
 concurrent mark-sweep generation total 393216K, used 0K [0x00000000e8000000, 0x0000000100000000, 0x0000000100000000)
 Metaspace       used 20058K, capacity 20422K, committed 20736K, reserved 1067008K
  class space    used 2295K, capacity 2467K, committed 2560K, reserved 1048576K
2017-03-06T09:48:00.747+0100: 2,368: [GC (Allocation Failure) 2017-03-06T09:48:00.747+0100: 2,368: [ParNew
Desired survivor size 20112992 bytes, new threshold 8 (max 8)
- age   1:    3483064 bytes,    3483064 total
- age   2:    6639632 bytes,   10122696 total
: 99814K->13671K(109248K), 0,0169819 secs] 99814K->13671K(502464K), 0,0170721 secs] [Times: user=0,07 sys=0,00, real=0,01 secs] 
Heap after GC invocations=2 (full 0):
 par new generation   total 109248K, used 13671K [0x00000000e0000000, 0x00000000e8000000, 0x00000000e8000000)
  eden space 87424K,   0% used [0x00000000e0000000, 0x00000000e0000000, 0x00000000e5560000)
  from space 21824K,  62% used [0x00000000e5560000, 0x00000000e62b9f48, 0x00000000e6ab0000)
  to   space 21824K,   0% used [0x00000000e6ab0000, 0x00000000e6ab0000, 0x00000000e8000000)
 concurrent mark-sweep generation total 393216K, used 0K [0x00000000e8000000, 0x0000000100000000, 0x0000000100000000)
 Metaspace       used 20058K, capacity 20422K, committed 20736K, reserved 1067008K
  class space    used 2295K, capacity 2467K, committed 2560K, reserved 1048576K
}
2017-03-06T09:48:00.764+0100: 2,385: Total time for which application threads were stopped: 0,0173436 seconds, Stopping threads took: 0,0000877 seconds
2017-03-06T09:48:00.770+0100: 2,391: Total time for which application threads were stopped: 0,0020730 seconds, Stopping threads took: 0,0016415 seconds
2017-03-06T09:48:00.818+0100: 2,439: Total time for which application threads were stopped: 0,0004254 seconds, Stopping threads took: 0,0000708 seconds
2017-03-06T09:48:00.918+0100: 2,539: Total time for which application threads were stopped: 0,0024907 seconds, Stopping threads took: 0,0023238 seconds
{Heap before GC invocations=2 (full 0):
 par new generation   total 109248K, used 101095K [0x00000000e0000000, 0x00000000e8000000, 0x00000000e8000000)
  eden space 87424K, 100% used [0x00000000e0000000, 0x00000000e5560000, 0x00000000e5560000)
  from space 21824K,  62% used [0x00000000e5560000, 0x00000000e62b9f48, 0x00000000e6ab0000)
  to   space 21824K,   0% used [0x00000000e6ab0000, 0x00000000e6ab0000, 0x00000000e8000000)
 concurrent mark-sweep generation total 393216K, used 0K [0x00000000e8000000, 0x0000000100000000, 0x0000000100000000)
 Metaspace       used 20974K, capacity 21280K, committed 21628K, reserved 1069056K
  class space    used 2417K, capacity 2586K, committed 2684K, reserved 1048576K
2017-03-06T09:48:00.969+0100: 2,590: [GC (Allocation Failure) 2017-03-06T09:48:00.969+0100: 2,590: [ParNew
Desired survivor size 20112992 bytes, new threshold 8 (max 8)
- age   1:    2118080 bytes,    2118080 total
- age   2:     875584 bytes,    2993664 total
- age   3:    6636280 bytes,    9629944 total
: 101095K->12735K(109248K), 0,0095992 secs] 101095K->12735K(502464K), 0,0096979 secs] [Times: user=0,04 sys=0,00, real=0,01 secs] 
Heap after GC invocations=3 (full 0):
 par new generation   total 109248K, used 12735K [0x00000000e0000000, 0x00000000e8000000, 0x00000000e8000000)
  eden space 87424K,   0% used [0x00000000e0000000, 0x00000000e0000000, 0x00000000e5560000)
  from space 21824K,  58% used [0x00000000e6ab0000, 0x00000000e771fd68, 0x00000000e8000000)
  to   space 21824K,   0% used [0x00000000e5560000, 0x00000000e5560000, 0x00000000e6ab0000)
 concurrent mark-sweep generation total 393216K, used 0K [0x00000000e8000000, 0x0000000100000000, 0x0000000100000000)
 Metaspace       used 20974K, capacity 21280K, committed 21628K, reserved 1069056K
  class space    used 2417K, capacity 2586K, committed 2684K, reserved 1048576K
}
2017-03-06T09:48:00.979+0100: 2,600: Total time for which application threads were stopped: 0,0099214 seconds, Stopping threads took: 0,0000649 seconds
2017-03-06T09:48:00.979+0100: 2,600: [GC (CMS Initial Mark) [1 CMS-initial-mark: 0K(393216K)] 13435K(502464K), 0,0030198 secs] [Times: user=0,01 sys=0,00, real=0,00 secs] 
2017-03-06T09:48:00.982+0100: 2,603: Total time for which application threads were stopped: 0,0031397 seconds, Stopping threads took: 0,0000364 seconds
2017-03-06T09:48:00.982+0100: 2,603: [CMS-concurrent-mark-start]
2017-03-06T09:48:00.983+0100: 2,604: [CMS-concurrent-mark: 0,000/0,000 secs] [Times: user=0,00 sys=0,00, real=0,00 secs] 
2017-03-06T09:48:00.983+0100: 2,604: [CMS-concurrent-preclean-start]
2017-03-06T09:48:00.984+0100: 2,605: [CMS-concurrent-preclean: 0,001/0,001 secs] [Times: user=0,01 sys=0,00, real=0,00 secs] 
2017-03-06T09:48:00.984+0100: 2,605: [CMS-concurrent-abortable-preclean-start]
2017-03-06T09:48:01.070+0100: 2,691: Total time for which application threads were stopped: 0,0001531 seconds, Stopping threads took: 0,0000575 seconds
2017-03-06T09:48:01.070+0100: 2,691: [CMS-concurrent-abortable-preclean: 0,075/0,086 secs] [Times: user=0,32 sys=0,00, real=0,09 secs] 
2017-03-06T09:48:01.081+0100: 2,702: [GC (CMS Final Remark) [YG occupancy: 69268 K (109248 K)]{Heap before GC invocations=3 (full 1):
 par new generation   total 109248K, used 69268K [0x00000000e0000000, 0x00000000e8000000, 0x00000000e8000000)
  eden space 87424K,  64% used [0x00000000e0000000, 0x00000000e3735468, 0x00000000e5560000)
  from space 21824K,  58% used [0x00000000e6ab0000, 0x00000000e771fd68, 0x00000000e8000000)
  to   space 21824K,   0% used [0x00000000e5560000, 0x00000000e5560000, 0x00000000e6ab0000)
 concurrent mark-sweep generation total 393216K, used 0K [0x00000000e8000000, 0x0000000100000000, 0x0000000100000000)
 Metaspace       used 21182K, capacity 21564K, committed 21884K, reserved 1069056K
  class space    used 2438K, capacity 2591K, committed 2684K, reserved 1048576K
2017-03-06T09:48:01.082+0100: 2,702: [GC (CMS Final Remark) 2017-03-06T09:48:01.082+0100: 2,703: [ParNew
Desired survivor size 20112992 bytes, new threshold 8 (max 8)
- age   1:    1631568 bytes,    1631568 total
- age   2:    1449712 bytes,    3081280 total
- age   3:     853936 bytes,    3935216 total
- age   4:    6636120 bytes,   10571336 total
: 69268K->13589K(109248K), 0,0095576 secs] 69268K->13589K(502464K), 0,0096002 secs] [Times: user=0,03 sys=0,00, real=0,01 secs] 
Heap after GC invocations=4 (full 1):
 par new generation   total 109248K, used 13589K [0x00000000e0000000, 0x00000000e8000000, 0x00000000e8000000)
  eden space 87424K,   0% used [0x00000000e0000000, 0x00000000e0000000, 0x00000000e5560000)
  from space 21824K,  62% used [0x00000000e5560000, 0x00000000e62a5530, 0x00000000e6ab0000)
  to   space 21824K,   0% used [0x00000000e6ab0000, 0x00000000e6ab0000, 0x00000000e8000000)
 concurrent mark-sweep generation total 393216K, used 0K [0x00000000e8000000, 0x0000000100000000, 0x0000000100000000)
 Metaspace       used 21182K, capacity 21564K, committed 21884K, reserved 1069056K
  class space    used 2438K, capacity 2591K, committed 2684K, reserved 1048576K
}
2017-03-06T09:48:01.091+0100: 2,712: [Rescan (parallel) , 0,0040637 secs]2017-03-06T09:48:01.095+0100: 2,716: [weak refs processing, 0,0007415 secs]2017-03-06T09:48:01.096+0100: 2,717: [class unloading, 0,0028457 secs]2017-03-06T09:48:01.099+0100: 2,720: [scrub symbol table, 0,0026018 secs]2017-03-06T09:48:01.101+0100: 2,722: [scrub string table, 0,0003802 secs][1 CMS-remark: 0K(393216K)] 13589K(502464K), 0,0208906 secs] [Times: user=0,05 sys=0,00, real=0,02 secs] 
2017-03-06T09:48:01.102+0100: 2,723: Total time for which application threads were stopped: 0,0268045 seconds, Stopping threads took: 0,0058441 seconds
2017-03-06T09:48:01.103+0100: 2,724: [CMS-concurrent-sweep-start]
2017-03-06T09:48:01.103+0100: 2,724: [CMS-concurrent-sweep: 0,000/0,000 secs] [Times: user=0,00 sys=0,00, real=0,00 secs] 
2017-03-06T09:48:01.103+0100: 2,724: [CMS-concurrent-reset-start]
2017-03-06T09:48:01.105+0100: 2,726: [CMS-concurrent-reset: 0,002/0,002 secs] [Times: user=0,00 sys=0,00, real=0,00 secs] 
{Heap before GC invocations=4 (full 1):
 par new generation   total 109248K, used 101013K [0x00000000e0000000, 0x00000000e8000000, 0x00000000e8000000)
  eden space 87424K, 100% used [0x00000000e0000000, 0x00000000e5560000, 0x00000000e5560000)
  from space 21824K,  62% used [0x00000000e5560000, 0x00000000e62a5530, 0x00000000e6ab0000)
  to   space 21824K,   0% used [0x00000000e6ab0000, 0x00000000e6ab0000, 0x00000000e8000000)
 concurrent mark-sweep generation total 393216K, used 0K [0x00000000e8000000, 0x0000000100000000, 0x0000000100000000)
 Metaspace       used 21308K, capacity 21744K, committed 21884K, reserved 1069056K
  class space    used 2459K, capacity 2638K, committed 2684K, reserved 1048576K
2017-03-06T09:48:01.194+0100: 2,815: [GC (Allocation Failure) 2017-03-06T09:48:01.194+0100: 2,815: [ParNew
Desired survivor size 20112992 bytes, new threshold 8 (max 8)
- age   1:     541952 bytes,     541952 total
- age   2:      96016 bytes,     637968 total
- age   3:    1449584 bytes,    2087552 total
- age   4:     853808 bytes,    2941360 total
- age   5:    6636512 bytes,    9577872 total
: 101013K->11490K(109248K), 0,0107114 secs] 101013K->11490K(502464K), 0,0107886 secs] [Times: user=0,03 sys=0,00, real=0,01 secs] 
Heap after GC invocations=5 (full 1):
 par new generation   total 109248K, used 11490K [0x00000000e0000000, 0x00000000e8000000, 0x00000000e8000000)
  eden space 87424K,   0% used [0x00000000e0000000, 0x00000000e0000000, 0x00000000e5560000)
  from space 21824K,  52% used [0x00000000e6ab0000, 0x00000000e75e8878, 0x00000000e8000000)
  to   space 21824K,   0% used [0x00000000e5560000, 0x00000000e5560000, 0x00000000e6ab0000)
 concurrent mark-sweep generation total 393216K, used 0K [0x00000000e8000000, 0x0000000100000000, 0x0000000100000000)
 Metaspace       used 21308K, capacity 21744K, committed 21884K, reserved 1069056K
  class space    used 2459K, capacity 2638K, committed 2684K, reserved 1048576K
}
2017-03-06T09:48:01.205+0100: 2,826: Total time for which application threads were stopped: 0,0110305 seconds, Stopping threads took: 0,0000688 seconds
2017-03-06T09:48:01.276+0100: 2,896: Total time for which application threads were stopped: 0,0003654 seconds, Stopping threads took: 0,0000227 seconds
2017-03-06T09:48:01.475+0100: 3,096: Total time for which application threads were stopped: 0,0004230 seconds, Stopping threads took: 0,0000506 seconds
2017-03-06T09:48:01.489+0100: 3,110: Total time for which application threads were stopped: 0,0003944 seconds, Stopping threads took: 0,0000486 seconds
{Heap before GC invocations=5 (full 1):
 par new generation   total 109248K, used 98914K [0x00000000e0000000, 0x00000000e8000000, 0x00000000e8000000)
  eden space 87424K, 100% used [0x00000000e0000000, 0x00000000e5560000, 0x00000000e5560000)
  from space 21824K,  52% used [0x00000000e6ab0000, 0x00000000e75e8878, 0x00000000e8000000)
  to   space 21824K,   0% used [0x00000000e5560000, 0x00000000e5560000, 0x00000000e6ab0000)
 concurrent mark-sweep generation total 393216K, used 0K [0x00000000e8000000, 0x0000000100000000, 0x0000000100000000)
 Metaspace       used 23703K, capacity 24196K, committed 24316K, reserved 1071104K
  class space    used 2786K, capacity 2984K, committed 3068K, reserved 1048576K
2017-03-06T09:48:01.613+0100: 3,234: [GC (Allocation Failure) 2017-03-06T09:48:01.613+0100: 3,234: [ParNew
Desired survivor size 20112992 bytes, new threshold 8 (max 8)
- age   1:    5050456 bytes,    5050456 total
- age   2:     144376 bytes,    5194832 total
- age   3:      94928 bytes,    5289760 total
- age   4:     279680 bytes,    5569440 total
- age   5:     825672 bytes,    6395112 total
- age   6:    6627704 bytes,   13022816 total
: 98914K->16582K(109248K), 0,0132148 secs] 98914K->16582K(502464K), 0,0133120 secs] [Times: user=0,04 sys=0,00, real=0,02 secs] 
Heap after GC invocations=6 (full 1):
 par new generation   total 109248K, used 16582K [0x00000000e0000000, 0x00000000e8000000, 0x00000000e8000000)
  eden space 87424K,   0% used [0x00000000e0000000, 0x00000000e0000000, 0x00000000e5560000)
  from space 21824K,  75% used [0x00000000e5560000, 0x00000000e6591b40, 0x00000000e6ab0000)
  to   space 21824K,   0% used [0x00000000e6ab0000, 0x00000000e6ab0000, 0x00000000e8000000)
 concurrent mark-sweep generation total 393216K, used 0K [0x00000000e8000000, 0x0000000100000000, 0x0000000100000000)
 Metaspace       used 23703K, capacity 24196K, committed 24316K, reserved 1071104K
  class space    used 2786K, capacity 2984K, committed 3068K, reserved 1048576K
}
2017-03-06T09:48:01.626+0100: 3,247: Total time for which application threads were stopped: 0,0136583 seconds, Stopping threads took: 0,0000992 seconds
{Heap before GC invocations=6 (full 1):
 par new generation   total 109248K, used 104006K [0x00000000e0000000, 0x00000000e8000000, 0x00000000e8000000)
  eden space 87424K, 100% used [0x00000000e0000000, 0x00000000e5560000, 0x00000000e5560000)
  from space 21824K,  75% used [0x00000000e5560000, 0x00000000e6591b40, 0x00000000e6ab0000)
  to   space 21824K,   0% used [0x00000000e6ab0000, 0x00000000e6ab0000, 0x00000000e8000000)
 concurrent mark-sweep generation total 393216K, used 0K [0x00000000e8000000, 0x0000000100000000, 0x0000000100000000)
 Metaspace       used 24522K, capacity 24964K, committed 25084K, reserved 1071104K
  class space    used 2873K, capacity 3048K, committed 3068K, reserved 1048576K
2017-03-06T09:48:01.781+0100: 3,402: [GC (Allocation Failure) 2017-03-06T09:48:01.781+0100: 3,402: [ParNew
Desired survivor size 20112992 bytes, new threshold 8 (max 8)
- age   1:    2245896 bytes,    2245896 total
- age   2:    1690944 bytes,    3936840 total
- age   3:      73984 bytes,    4010824 total
- age   4:      56784 bytes,    4067608 total
- age   5:     180560 bytes,    4248168 total
- age   6:     782624 bytes,    5030792 total
- age   7:    6094440 bytes,   11125232 total
: 104006K->13635K(109248K), 0,0307055 secs] 104006K->13635K(502464K), 0,0307800 secs] [Times: user=0,06 sys=0,00, real=0,03 secs] 
Heap after GC invocations=7 (full 1):
 par new generation   total 109248K, used 13635K [0x00000000e0000000, 0x00000000e8000000, 0x00000000e8000000)
  eden space 87424K,   0% used [0x00000000e0000000, 0x00000000e0000000, 0x00000000e5560000)
  from space 21824K,  62% used [0x00000000e6ab0000, 0x00000000e7800f80, 0x00000000e8000000)
  to   space 21824K,   0% used [0x00000000e5560000, 0x00000000e5560000, 0x00000000e6ab0000)
 concurrent mark-sweep generation total 393216K, used 0K [0x00000000e8000000, 0x0000000100000000, 0x0000000100000000)
 Metaspace       used 24522K, capacity 24964K, committed 25084K, reserved 1071104K
  class space    used 2873K, capacity 3048K, committed 3068K, reserved 1048576K
}
2017-03-06T09:48:01.812+0100: 3,433: Total time for which application threads were stopped: 0,0387086 seconds, Stopping threads took: 0,0077115 seconds
{Heap before GC invocations=7 (full 1):
 par new generation   total 109248K, used 101059K [0x00000000e0000000, 0x00000000e8000000, 0x00000000e8000000)
  eden space 87424K, 100% used [0x00000000e0000000, 0x00000000e5560000, 0x00000000e5560000)
  from space 21824K,  62% used [0x00000000e6ab0000, 0x00000000e7800f80, 0x00000000e8000000)
  to   space 21824K,   0% used [0x00000000e5560000, 0x00000000e5560000, 0x00000000e6ab0000)
 concurrent mark-sweep generation total 393216K, used 0K [0x00000000e8000000, 0x0000000100000000, 0x0000000100000000)
 Metaspace       used 24998K, capacity 25476K, committed 25724K, reserved 1071104K
  class space    used 2914K, capacity 3086K, committed 3196K, reserved 1048576K
2017-03-06T09:48:01.930+0100: 3,551: [GC (Allocation Failure) 2017-03-06T09:48:01.930+0100: 3,551: [ParNew
Desired survivor size 20112992 bytes, new threshold 8 (max 8)
- age   1:    1294176 bytes,    1294176 total
- age   2:    1098432 bytes,    2392608 total
- age   3:    1665560 bytes,    4058168 total
- age   4:      73816 bytes,    4131984 total
- age   5:      56648 bytes,    4188632 total
- age   6:     180128 bytes,    4368760 total
- age   7:     781888 bytes,    5150648 total
- age   8:    6094264 bytes,   11244912 total
: 101059K->17242K(109248K), 0,0107199 secs] 101059K->17242K(502464K), 0,0107884 secs] [Times: user=0,04 sys=0,00, real=0,01 secs] 
Heap after GC invocations=8 (full 1):
 par new generation   total 109248K, used 17242K [0x00000000e0000000, 0x00000000e8000000, 0x00000000e8000000)
  eden space 87424K,   0% used [0x00000000e0000000, 0x00000000e0000000, 0x00000000e5560000)
  from space 21824K,  79% used [0x00000000e5560000, 0x00000000e6636978, 0x00000000e6ab0000)
  to   space 21824K,   0% used [0x00000000e6ab0000, 0x00000000e6ab0000, 0x00000000e8000000)
 concurrent mark-sweep generation total 393216K, used 0K [0x00000000e8000000, 0x0000000100000000, 0x0000000100000000)
 Metaspace       used 24998K, capacity 25476K, committed 25724K, reserved 1071104K
  class space    used 2914K, capacity 3086K, committed 3196K, reserved 1048576K
}
2017-03-06T09:48:01.941+0100: 3,561: Total time for which application threads were stopped: 0,0174874 seconds, Stopping threads took: 0,0065587 seconds
2017-03-06T09:48:02.102+0100: 3,723: Total time for which application threads were stopped: 0,0005352 seconds, Stopping threads took: 0,0000449 seconds
2017-03-06T09:48:02.167+0100: 3,788: Total time for which application threads were stopped: 0,0004009 seconds, Stopping threads took: 0,0000228 seconds
{Heap before GC invocations=8 (full 1):
 par new generation   total 109248K, used 104666K [0x00000000e0000000, 0x00000000e8000000, 0x00000000e8000000)
  eden space 87424K, 100% used [0x00000000e0000000, 0x00000000e5560000, 0x00000000e5560000)
  from space 21824K,  79% used [0x00000000e5560000, 0x00000000e6636978, 0x00000000e6ab0000)
  to   space 21824K,   0% used [0x00000000e6ab0000, 0x00000000e6ab0000, 0x00000000e8000000)
 concurrent mark-sweep generation total 393216K, used 0K [0x00000000e8000000, 0x0000000100000000, 0x0000000100000000)
 Metaspace       used 26228K, capacity 26766K, committed 27132K, reserved 1073152K
  class space    used 3016K, capacity 3197K, committed 3324K, reserved 1048576K
2017-03-06T09:48:02.170+0100: 3,791: [GC (Allocation Failure) 2017-03-06T09:48:02.170+0100: 3,791: [ParNew
Desired survivor size 20112992 bytes, new threshold 8 (max 8)
- age   1:    6357224 bytes,    6357224 total
- age   2:     266216 bytes,    6623440 total
- age   3:     315728 bytes,    6939168 total
- age   4:    1662200 bytes,    8601368 total
- age   5:      73816 bytes,    8675184 total
- age   6:      56648 bytes,    8731832 total
- age   7:     180096 bytes,    8911928 total
- age   8:     781664 bytes,    9693592 total
: 104666K->13021K(109248K), 0,0307444 secs] 104666K->19053K(502464K), 0,0308269 secs] [Times: user=0,11 sys=0,00, real=0,03 secs] 
Heap after GC invocations=9 (full 1):
 par new generation   total 109248K, used 13021K [0x00000000e0000000, 0x00000000e8000000, 0x00000000e8000000)
  eden space 87424K,   0% used [0x00000000e0000000, 0x00000000e0000000, 0x00000000e5560000)
  from space 21824K,  59% used [0x00000000e6ab0000, 0x00000000e7767550, 0x00000000e8000000)
  to   space 21824K,   0% used [0x00000000e5560000, 0x00000000e5560000, 0x00000000e6ab0000)
 concurrent mark-sweep generation total 393216K, used 6031K [0x00000000e8000000, 0x0000000100000000, 0x0000000100000000)
 Metaspace       used 26228K, capacity 26766K, committed 27132K, reserved 1073152K
  class space    used 3016K, capacity 3197K, committed 3324K, reserved 1048576K
}
2017-03-06T09:48:02.201+0100: 3,822: Total time for which application threads were stopped: 0,0309967 seconds, Stopping threads took: 0,0000456 seconds
2017-03-06T09:48:02.212+0100: 3,833: Total time for which application threads were stopped: 0,0003748 seconds, Stopping threads took: 0,0000183 seconds
2017-03-06T09:48:02.269+0100: 3,890: Total time for which application threads were stopped: 0,0005340 seconds, Stopping threads took: 0,0000779 seconds
2017-03-06T09:48:02.397+0100: 4,018: Total time for which application threads were stopped: 0,0004906 seconds, Stopping threads took: 0,0000389 seconds
2017-03-06T09:48:02.429+0100: 4,050: Total time for which application threads were stopped: 0,0004388 seconds, Stopping threads took: 0,0000194 seconds
2017-03-06T09:48:04.429+0100: 6,050: Total time for which application threads were stopped: 0,0000629 seconds, Stopping threads took: 0,0000170 seconds
2017-03-06T09:48:20.431+0100: 22,052: Total time for which application threads were stopped: 0,0000626 seconds, Stopping threads took: 0,0000165 seconds
2017-03-06T09:48:30.432+0100: 32,053: Total time for which application threads were stopped: 0,0000647 seconds, Stopping threads took: 0,0000164 seconds
2017-03-06T09:49:30.440+0100: 92,061: Total time for which application threads were stopped: 0,0000794 seconds, Stopping threads took: 0,0000316 seconds
2017-03-06T09:49:49.444+0100: 111,064: Total time for which application threads were stopped: 0,0001511 seconds, Stopping threads took: 0,0000384 seconds
2017-03-06T09:49:50.444+0100: 112,065: Total time for which application threads were stopped: 0,0001542 seconds, Stopping threads took: 0,0000364 seconds
2017-03-06T09:49:55.445+0100: 117,066: Total time for which application threads were stopped: 0,0001668 seconds, Stopping threads took: 0,0000651 seconds
2017-03-06T09:50:00.446+0100: 122,067: Total time for which application threads were stopped: 0,0001128 seconds, Stopping threads took: 0,0000282 seconds
2017-03-06T09:50:14.448+0100: 136,069: Total time for which application threads were stopped: 0,0001378 seconds, Stopping threads took: 0,0000343 seconds
2017-03-06T09:50:24.450+0100: 146,071: Total time for which application threads were stopped: 0,0001893 seconds, Stopping threads took: 0,0000732 seconds
2017-03-06T09:50:25.450+0100: 147,071: Total time for which application threads were stopped: 0,0001547 seconds, Stopping threads took: 0,0000388 seconds
2017-03-06T09:50:34.452+0100: 156,073: Total time for which application threads were stopped: 0,0001345 seconds, Stopping threads took: 0,0000331 seconds
2017-03-06T09:50:44.454+0100: 166,075: Total time for which application threads were stopped: 0,0000755 seconds, Stopping threads took: 0,0000184 seconds
2017-03-06T09:50:49.455+0100: 171,076: Total time for which application threads were stopped: 0,0001628 seconds, Stopping threads took: 0,0000337 seconds
2017-03-06T09:50:54.456+0100: 176,077: Total time for which application threads were stopped: 0,0002187 seconds, Stopping threads took: 0,0000692 seconds
2017-03-06T09:51:04.458+0100: 186,078: Total time for which application threads were stopped: 0,0000926 seconds, Stopping threads took: 0,0000189 seconds
2017-03-06T09:52:34.473+0100: 276,094: Total time for which application threads were stopped: 0,0001672 seconds, Stopping threads took: 0,0000638 seconds
2017-03-06T09:52:35.473+0100: 277,094: Total time for which application threads were stopped: 0,0001991 seconds, Stopping threads took: 0,0000340 seconds
2017-03-06T10:11:29.671+0100: 1411,292: Total time for which application threads were stopped: 0,0002052 seconds, Stopping threads took: 0,0000627 seconds
2017-03-06T10:16:09.718+0100: 1691,339: Total time for which application threads were stopped: 0,0000914 seconds, Stopping threads took: 0,0000378 seconds
2017-03-06T10:27:29.833+0100: 2371,454: Total time for which application threads were stopped: 0,0001665 seconds, Stopping threads took: 0,0000621 seconds
2017-03-06T10:27:30.834+0100: 2372,455: Total time for which application threads were stopped: 0,0001761 seconds, Stopping threads took: 0,0000301 seconds
2017-03-06T10:54:42.159+0100: 3782,147: Total time for which application threads were stopped: 0,0000912 seconds, Stopping threads took: 0,0000366 seconds
2017-03-06T10:54:47.160+0100: 3787,148: Total time for which application threads were stopped: 0,0001326 seconds, Stopping threads took: 0,0000301 seconds
2017-03-06T10:55:23.167+0100: 3823,154: Total time for which application threads were stopped: 0,0001837 seconds, Stopping threads took: 0,0000708 seconds
2017-03-06T10:57:42.187+0100: 3962,174: Total time for which application threads were stopped: 0,0000795 seconds, Stopping threads took: 0,0000327 seconds
2017-03-06T11:15:08.359+0100: 5008,346: Total time for which application threads were stopped: 0,0000992 seconds, Stopping threads took: 0,0000375 seconds
2017-03-06T11:15:18.361+0100: 5018,348: Total time for which application threads were stopped: 0,0001424 seconds, Stopping threads took: 0,0000323 seconds
2017-03-06T11:51:44.556+0100: 7203,659: Total time for which application threads were stopped: 0,0001101 seconds, Stopping threads took: 0,0000389 seconds
2017-03-06T11:52:12.561+0100: 7231,663: Total time for which application threads were stopped: 0,0000900 seconds, Stopping threads took: 0,0000348 seconds
2017-03-06T11:53:42.575+0100: 7321,677: Total time for which application threads were stopped: 0,0001396 seconds, Stopping threads took: 0,0000509 seconds
2017-03-06T11:59:42.628+0100: 7681,730: Total time for which application threads were stopped: 0,0000846 seconds, Stopping threads took: 0,0000315 seconds
2017-03-06T12:29:21.360+0100: 9460,462: Total time for which application threads were stopped: 0,0012041 seconds, Stopping threads took: 0,0010471 seconds
2017-03-06T12:29:21.367+0100: 9460,469: Total time for which application threads were stopped: 0,0003247 seconds, Stopping threads took: 0,0000292 seconds
Heap
 par new generation   total 109248K, used 57309K [0x00000000e0000000, 0x00000000e8000000, 0x00000000e8000000)
  eden space 87424K,  50% used [0x00000000e0000000, 0x00000000e2b401b0, 0x00000000e5560000)
  from space 21824K,  59% used [0x00000000e6ab0000, 0x00000000e7767550, 0x00000000e8000000)
  to   space 21824K,   0% used [0x00000000e5560000, 0x00000000e5560000, 0x00000000e6ab0000)
 concurrent mark-sweep generation total 393216K, used 6031K [0x00000000e8000000, 0x0000000100000000, 0x0000000100000000)
 Metaspace       used 28120K, capacity 28684K, committed 28796K, reserved 1075200K
  class space    used 3229K, capacity 3426K, committed 3452K, reserved 1048576K
