OpenJDK 64-Bit Server VM (25.111-b14) for linux-amd64 JRE (1.8.0_111-8u111-b14-2ubuntu0.16.04.2-b14), built on Oct 27 2016 18:10:19 by "buildd" with gcc 5.4.0 20160609
Memory: 4k page, physical 7867840k(7447880k free), swap 8076284k(8076284k free)
CommandLine flags: -XX:CMSInitiatingOccupancyFraction=50 -XX:CMSMaxAbortablePrecleanTime=6000 -XX:+CMSParallelRemarkEnabled -XX:+CMSScavengeBeforeRemark -XX:ConcGCThreads=4 -XX:InitialHeapSize=536870912 -XX:MaxHeapSize=536870912 -XX:MaxTenuringThreshold=8 -XX:NewRatio=3 -XX:OldPLABSize=16 -XX:OnOutOfMemoryError=/opt/solr/bin/oom_solr.sh 8983 /var/solr/logs -XX:ParallelGCThreads=4 -XX:+ParallelRefProcEnabled -XX:PretenureSizeThreshold=67108864 -XX:+PrintGC -XX:+PrintGCApplicationStoppedTime -XX:+PrintGCDateStamps -XX:+PrintGCDetails -XX:+PrintGCTimeStamps -XX:+PrintHeapAtGC -XX:+PrintTenuringDistribution -XX:SurvivorRatio=4 -XX:TargetSurvivorRatio=90 -XX:ThreadStackSize=256 -XX:+UseCMSInitiatingOccupancyOnly -XX:+UseCompressedClassPointers -XX:+UseCompressedOops -XX:+UseConcMarkSweepGC -XX:+UseParNewGC 
2016-12-11T09:14:36.718+0100: 0,122: Total time for which application threads were stopped: 0,0000695 seconds, Stopping threads took: 0,0000129 seconds
2016-12-11T09:14:36.809+0100: 0,213: Total time for which application threads were stopped: 0,0001381 seconds, Stopping threads took: 0,0000245 seconds
2016-12-11T09:14:36.830+0100: 0,234: Total time for which application threads were stopped: 0,0000808 seconds, Stopping threads took: 0,0000166 seconds
2016-12-11T09:14:37.009+0100: 0,413: Total time for which application threads were stopped: 0,0001251 seconds, Stopping threads took: 0,0000161 seconds
2016-12-11T09:14:37.420+0100: 0,824: Total time for which application threads were stopped: 0,0001546 seconds, Stopping threads took: 0,0000223 seconds
2016-12-11T09:14:37.550+0100: 0,954: Total time for which application threads were stopped: 0,0007328 seconds, Stopping threads took: 0,0003564 seconds
2016-12-11T09:14:37.590+0100: 0,994: Total time for which application threads were stopped: 0,0005547 seconds, Stopping threads took: 0,0000603 seconds
2016-12-11T09:14:37.857+0100: 1,260: Total time for which application threads were stopped: 0,0001714 seconds, Stopping threads took: 0,0000188 seconds
2016-12-11T09:14:38.086+0100: 1,490: Total time for which application threads were stopped: 0,0002442 seconds, Stopping threads took: 0,0000262 seconds
2016-12-11T09:14:38.110+0100: 1,514: Total time for which application threads were stopped: 0,0002120 seconds, Stopping threads took: 0,0000162 seconds
2016-12-11T09:14:38.113+0100: 1,517: Total time for which application threads were stopped: 0,0015672 seconds, Stopping threads took: 0,0001479 seconds
2016-12-11T09:14:38.126+0100: 1,530: Total time for which application threads were stopped: 0,0001700 seconds, Stopping threads took: 0,0000208 seconds
2016-12-11T09:14:38.228+0100: 1,631: Total time for which application threads were stopped: 0,0002322 seconds, Stopping threads took: 0,0000298 seconds
2016-12-11T09:14:38.398+0100: 1,802: Total time for which application threads were stopped: 0,0004665 seconds, Stopping threads took: 0,0002571 seconds
{Heap before GC invocations=0 (full 0):
 par new generation   total 109248K, used 87424K [0x00000000e0000000, 0x00000000e8000000, 0x00000000e8000000)
  eden space 87424K, 100% used [0x00000000e0000000, 0x00000000e5560000, 0x00000000e5560000)
  from space 21824K,   0% used [0x00000000e5560000, 0x00000000e5560000, 0x00000000e6ab0000)
  to   space 21824K,   0% used [0x00000000e6ab0000, 0x00000000e6ab0000, 0x00000000e8000000)
 concurrent mark-sweep generation total 393216K, used 0K [0x00000000e8000000, 0x0000000100000000, 0x0000000100000000)
 Metaspace       used 18106K, capacity 18366K, committed 18560K, reserved 1064960K
  class space    used 2053K, capacity 2162K, committed 2176K, reserved 1048576K
2016-12-11T09:14:38.534+0100: 1,938: [GC (Allocation Failure) 2016-12-11T09:14:38.534+0100: 1,938: [ParNew
Desired survivor size 20112992 bytes, new threshold 8 (max 8)
- age   1:   12322472 bytes,   12322472 total
: 87424K->12148K(109248K), 0,0200076 secs] 87424K->12148K(502464K), 0,0201117 secs] [Times: user=0,05 sys=0,01, real=0,02 secs] 
Heap after GC invocations=1 (full 0):
 par new generation   total 109248K, used 12148K [0x00000000e0000000, 0x00000000e8000000, 0x00000000e8000000)
  eden space 87424K,   0% used [0x00000000e0000000, 0x00000000e0000000, 0x00000000e5560000)
  from space 21824K,  55% used [0x00000000e6ab0000, 0x00000000e768d380, 0x00000000e8000000)
  to   space 21824K,   0% used [0x00000000e5560000, 0x00000000e5560000, 0x00000000e6ab0000)
 concurrent mark-sweep generation total 393216K, used 0K [0x00000000e8000000, 0x0000000100000000, 0x0000000100000000)
 Metaspace       used 18106K, capacity 18366K, committed 18560K, reserved 1064960K
  class space    used 2053K, capacity 2162K, committed 2176K, reserved 1048576K
}
2016-12-11T09:14:38.554+0100: 1,958: Total time for which application threads were stopped: 0,0203428 seconds, Stopping threads took: 0,0000219 seconds
2016-12-11T09:14:38.723+0100: 2,127: Total time for which application threads were stopped: 0,0003906 seconds, Stopping threads took: 0,0000253 seconds
2016-12-11T09:14:38.767+0100: 2,171: Total time for which application threads were stopped: 0,0003825 seconds, Stopping threads took: 0,0000531 seconds
2016-12-11T09:14:38.795+0100: 2,199: Total time for which application threads were stopped: 0,0003621 seconds, Stopping threads took: 0,0000437 seconds
{Heap before GC invocations=1 (full 0):
 par new generation   total 109248K, used 99572K [0x00000000e0000000, 0x00000000e8000000, 0x00000000e8000000)
  eden space 87424K, 100% used [0x00000000e0000000, 0x00000000e5560000, 0x00000000e5560000)
  from space 21824K,  55% used [0x00000000e6ab0000, 0x00000000e768d380, 0x00000000e8000000)
  to   space 21824K,   0% used [0x00000000e5560000, 0x00000000e5560000, 0x00000000e6ab0000)
 concurrent mark-sweep generation total 393216K, used 0K [0x00000000e8000000, 0x0000000100000000, 0x0000000100000000)
 Metaspace       used 20745K, capacity 21084K, committed 21248K, reserved 1069056K
  class space    used 2403K, capacity 2518K, committed 2560K, reserved 1048576K
2016-12-11T09:14:38.953+0100: 2,357: [GC (Allocation Failure) 2016-12-11T09:14:38.953+0100: 2,357: [ParNew
Desired survivor size 20112992 bytes, new threshold 8 (max 8)
- age   1:    2917848 bytes,    2917848 total
- age   2:    6101288 bytes,    9019136 total
: 99572K->13112K(109248K), 0,0100619 secs] 99572K->13112K(502464K), 0,0101356 secs] [Times: user=0,04 sys=0,00, real=0,01 secs] 
Heap after GC invocations=2 (full 0):
 par new generation   total 109248K, used 13112K [0x00000000e0000000, 0x00000000e8000000, 0x00000000e8000000)
  eden space 87424K,   0% used [0x00000000e0000000, 0x00000000e0000000, 0x00000000e5560000)
  from space 21824K,  60% used [0x00000000e5560000, 0x00000000e622e1e8, 0x00000000e6ab0000)
  to   space 21824K,   0% used [0x00000000e6ab0000, 0x00000000e6ab0000, 0x00000000e8000000)
 concurrent mark-sweep generation total 393216K, used 0K [0x00000000e8000000, 0x0000000100000000, 0x0000000100000000)
 Metaspace       used 20745K, capacity 21084K, committed 21248K, reserved 1069056K
  class space    used 2403K, capacity 2518K, committed 2560K, reserved 1048576K
}
2016-12-11T09:14:38.964+0100: 2,368: Total time for which application threads were stopped: 0,0103862 seconds, Stopping threads took: 0,0000522 seconds
2016-12-11T09:14:39.016+0100: 2,420: Total time for which application threads were stopped: 0,0001210 seconds, Stopping threads took: 0,0000364 seconds
2016-12-11T09:14:39.056+0100: 2,460: Total time for which application threads were stopped: 0,0000863 seconds, Stopping threads took: 0,0000198 seconds
2016-12-11T09:14:39.057+0100: 2,461: Total time for which application threads were stopped: 0,0002646 seconds, Stopping threads took: 0,0000182 seconds
2016-12-11T09:14:39.081+0100: 2,485: Total time for which application threads were stopped: 0,0000770 seconds, Stopping threads took: 0,0000215 seconds
2016-12-11T09:14:39.162+0100: 2,566: Total time for which application threads were stopped: 0,0001269 seconds, Stopping threads took: 0,0000241 seconds
2016-12-11T09:14:39.185+0100: 2,589: Total time for which application threads were stopped: 0,0000819 seconds, Stopping threads took: 0,0000190 seconds
2016-12-11T09:14:39.192+0100: 2,596: Total time for which application threads were stopped: 0,0002823 seconds, Stopping threads took: 0,0000175 seconds
2016-12-11T09:14:39.199+0100: 2,603: Total time for which application threads were stopped: 0,0002790 seconds, Stopping threads took: 0,0000188 seconds
2016-12-11T09:14:39.206+0100: 2,610: Total time for which application threads were stopped: 0,0001514 seconds, Stopping threads took: 0,0000667 seconds
2016-12-11T09:14:39.242+0100: 2,646: Total time for which application threads were stopped: 0,0000945 seconds, Stopping threads took: 0,0000315 seconds
2016-12-11T09:14:39.261+0100: 2,665: Total time for which application threads were stopped: 0,0000666 seconds, Stopping threads took: 0,0000131 seconds
2016-12-11T09:14:39.277+0100: 2,681: Total time for which application threads were stopped: 0,0000823 seconds, Stopping threads took: 0,0000189 seconds
2016-12-11T09:14:39.302+0100: 2,706: Total time for which application threads were stopped: 0,0000762 seconds, Stopping threads took: 0,0000124 seconds
2016-12-11T09:14:39.329+0100: 2,733: Total time for which application threads were stopped: 0,0001271 seconds, Stopping threads took: 0,0000258 seconds
2016-12-11T09:14:39.385+0100: 2,789: Total time for which application threads were stopped: 0,0001026 seconds, Stopping threads took: 0,0000270 seconds
2016-12-11T09:14:39.426+0100: 2,830: Total time for which application threads were stopped: 0,0000917 seconds, Stopping threads took: 0,0000191 seconds
{Heap before GC invocations=2 (full 0):
 par new generation   total 109248K, used 100536K [0x00000000e0000000, 0x00000000e8000000, 0x00000000e8000000)
  eden space 87424K, 100% used [0x00000000e0000000, 0x00000000e5560000, 0x00000000e5560000)
  from space 21824K,  60% used [0x00000000e5560000, 0x00000000e622e1e8, 0x00000000e6ab0000)
  to   space 21824K,   0% used [0x00000000e6ab0000, 0x00000000e6ab0000, 0x00000000e8000000)
 concurrent mark-sweep generation total 393216K, used 0K [0x00000000e8000000, 0x0000000100000000, 0x0000000100000000)
 Metaspace       used 24886K, capacity 25220K, committed 25536K, reserved 1071104K
  class space    used 2896K, capacity 3024K, committed 3064K, reserved 1048576K
2016-12-11T09:14:39.438+0100: 2,842: [GC (Allocation Failure) 2016-12-11T09:14:39.438+0100: 2,842: [ParNew
Desired survivor size 20112992 bytes, new threshold 8 (max 8)
- age   1:    6690008 bytes,    6690008 total
- age   2:     550432 bytes,    7240440 total
- age   3:    6083224 bytes,   13323664 total
: 100536K->16822K(109248K), 0,0163438 secs] 100536K->16822K(502464K), 0,0164253 secs] [Times: user=0,04 sys=0,00, real=0,02 secs] 
Heap after GC invocations=3 (full 0):
 par new generation   total 109248K, used 16822K [0x00000000e0000000, 0x00000000e8000000, 0x00000000e8000000)
  eden space 87424K,   0% used [0x00000000e0000000, 0x00000000e0000000, 0x00000000e5560000)
  from space 21824K,  77% used [0x00000000e6ab0000, 0x00000000e7b1d9a0, 0x00000000e8000000)
  to   space 21824K,   0% used [0x00000000e5560000, 0x00000000e5560000, 0x00000000e6ab0000)
 concurrent mark-sweep generation total 393216K, used 0K [0x00000000e8000000, 0x0000000100000000, 0x0000000100000000)
 Metaspace       used 24886K, capacity 25220K, committed 25536K, reserved 1071104K
  class space    used 2896K, capacity 3024K, committed 3064K, reserved 1048576K
}
2016-12-11T09:14:39.455+0100: 2,859: Total time for which application threads were stopped: 0,0165728 seconds, Stopping threads took: 0,0000229 seconds
2016-12-11T09:14:39.455+0100: 2,859: [GC (CMS Initial Mark) [1 CMS-initial-mark: 0K(393216K)] 16822K(502464K), 0,0059182 secs] [Times: user=0,01 sys=0,00, real=0,01 secs] 
2016-12-11T09:14:39.461+0100: 2,865: Total time for which application threads were stopped: 0,0060671 seconds, Stopping threads took: 0,0000347 seconds
2016-12-11T09:14:39.461+0100: 2,865: [CMS-concurrent-mark-start]
2016-12-11T09:14:39.462+0100: 2,866: [CMS-concurrent-mark: 0,000/0,000 secs] [Times: user=0,00 sys=0,00, real=0,00 secs] 
2016-12-11T09:14:39.462+0100: 2,866: [CMS-concurrent-preclean-start]
2016-12-11T09:14:39.463+0100: 2,867: [CMS-concurrent-preclean: 0,001/0,001 secs] [Times: user=0,01 sys=0,00, real=0,00 secs] 
2016-12-11T09:14:39.463+0100: 2,867: [GC (CMS Final Remark) [YG occupancy: 18225 K (109248 K)]2016-12-11T09:14:39.463+0100: 2,867: [Rescan (parallel) , 0,0069953 secs]2016-12-11T09:14:39.470+0100: 2,874: [weak refs processing, 0,0016372 secs]2016-12-11T09:14:39.472+0100: 2,876: [class unloading, 0,0032542 secs]2016-12-11T09:14:39.475+0100: 2,879: [scrub symbol table, 0,0031897 secs]2016-12-11T09:14:39.479+0100: 2,882: [scrub string table, 0,0003819 secs][1 CMS-remark: 0K(393216K)] 18225K(502464K), 0,0161301 secs] [Times: user=0,03 sys=0,00, real=0,02 secs] 
2016-12-11T09:14:39.480+0100: 2,883: Total time for which application threads were stopped: 0,0162397 seconds, Stopping threads took: 0,0000318 seconds
2016-12-11T09:14:39.480+0100: 2,884: [CMS-concurrent-sweep-start]
{Heap before GC invocations=3 (full 1):
 par new generation   total 109248K, used 18225K [0x00000000e0000000, 0x00000000e8000000, 0x00000000e8000000)
  eden space 87424K,   1% used [0x00000000e0000000, 0x00000000e015ebf8, 0x00000000e5560000)
  from space 21824K,  77% used [0x00000000e6ab0000, 0x00000000e7b1d9a0, 0x00000000e8000000)
  to   space 21824K,   0% used [0x00000000e5560000, 0x00000000e5560000, 0x00000000e6ab0000)
 concurrent mark-sweep generation total 393216K, used 0K [0x00000000e8000000, 0x0000000100000000, 0x0000000100000000)
 Metaspace       used 24886K, capacity 25220K, committed 25536K, reserved 1071104K
  class space    used 2896K, capacity 3024K, committed 3064K, reserved 1048576K
2016-12-11T09:14:39.480+0100: 2,884: [GC (GCLocker Initiated GC) 2016-12-11T09:14:39.480+0100: 2,884: [ParNew
Desired survivor size 20112992 bytes, new threshold 8 (max 8)
- age   1:       9392 bytes,       9392 total
- age   2:    3149504 bytes,    3158896 total
- age   3:     550304 bytes,    3709200 total
- age   4:    6083176 bytes,    9792376 total
: 18225K->13889K(109248K), 0,0097025 secs] 18225K->13889K(502464K), 0,0097395 secs] [Times: user=0,04 sys=0,00, real=0,00 secs] 
Heap after GC invocations=4 (full 1):
 par new generation   total 109248K, used 13889K [0x00000000e0000000, 0x00000000e8000000, 0x00000000e8000000)
  eden space 87424K,   0% used [0x00000000e0000000, 0x00000000e0000000, 0x00000000e5560000)
  from space 21824K,  63% used [0x00000000e5560000, 0x00000000e62f06b0, 0x00000000e6ab0000)
  to   space 21824K,   0% used [0x00000000e6ab0000, 0x00000000e6ab0000, 0x00000000e8000000)
 concurrent mark-sweep generation total 393216K, used 0K [0x00000000e8000000, 0x0000000100000000, 0x0000000100000000)
 Metaspace       used 24886K, capacity 25220K, committed 25536K, reserved 1071104K
  class space    used 2896K, capacity 3024K, committed 3064K, reserved 1048576K
}
2016-12-11T09:14:39.489+0100: 2,893: Total time for which application threads were stopped: 0,0098571 seconds, Stopping threads took: 0,0000144 seconds
2016-12-11T09:14:39.489+0100: 2,893: [CMS-concurrent-sweep: 0,010/0,010 secs] [Times: user=0,04 sys=0,00, real=0,00 secs] 
2016-12-11T09:14:39.491+0100: 2,895: [CMS-concurrent-reset-start]
2016-12-11T09:14:39.493+0100: 2,897: [CMS-concurrent-reset: 0,002/0,002 secs] [Times: user=0,01 sys=0,00, real=0,00 secs] 
2016-12-11T09:14:39.562+0100: 2,966: Total time for which application threads were stopped: 0,0003873 seconds, Stopping threads took: 0,0000310 seconds
2016-12-11T09:14:39.576+0100: 2,979: Total time for which application threads were stopped: 0,0003407 seconds, Stopping threads took: 0,0000296 seconds
2016-12-11T09:14:40.576+0100: 3,980: Total time for which application threads were stopped: 0,0000747 seconds, Stopping threads took: 0,0000151 seconds
2016-12-11T09:14:40.644+0100: 4,048: Total time for which application threads were stopped: 0,0002755 seconds, Stopping threads took: 0,0000159 seconds
2016-12-11T09:15:08.647+0100: 32,051: Total time for which application threads were stopped: 0,0000544 seconds, Stopping threads took: 0,0000152 seconds
2016-12-11T09:17:18.662+0100: 162,066: Total time for which application threads were stopped: 0,0000918 seconds, Stopping threads took: 0,0000395 seconds
2016-12-11T09:17:23.663+0100: 167,066: Total time for which application threads were stopped: 0,0001156 seconds, Stopping threads took: 0,0000327 seconds
2016-12-11T09:17:27.663+0100: 171,067: Total time for which application threads were stopped: 0,0002120 seconds, Stopping threads took: 0,0001002 seconds
2016-12-11T09:17:32.664+0100: 176,068: Total time for which application threads were stopped: 0,0000649 seconds, Stopping threads took: 0,0000191 seconds
2016-12-11T09:17:37.665+0100: 181,069: Total time for which application threads were stopped: 0,0000592 seconds, Stopping threads took: 0,0000155 seconds
2016-12-11T09:18:28.670+0100: 232,074: Total time for which application threads were stopped: 0,0000710 seconds, Stopping threads took: 0,0000295 seconds
2016-12-11T09:18:33.671+0100: 237,075: Total time for which application threads were stopped: 0,0000614 seconds, Stopping threads took: 0,0000156 seconds
2016-12-11T09:19:07.675+0100: 271,079: Total time for which application threads were stopped: 0,0001596 seconds, Stopping threads took: 0,0000565 seconds
2016-12-11T09:19:23.677+0100: 287,081: Total time for which application threads were stopped: 0,0000699 seconds, Stopping threads took: 0,0000167 seconds
2016-12-11T09:38:17.789+0100: 1421,193: Total time for which application threads were stopped: 0,0000746 seconds, Stopping threads took: 0,0000287 seconds
2016-12-11T09:43:02.819+0100: 1706,223: Total time for which application threads were stopped: 0,0003709 seconds, Stopping threads took: 0,0001400 seconds
2016-12-11T09:53:17.885+0100: 2321,289: Total time for which application threads were stopped: 0,0000738 seconds, Stopping threads took: 0,0000309 seconds
2016-12-11T09:53:18.885+0100: 2322,289: Total time for which application threads were stopped: 0,0000716 seconds, Stopping threads took: 0,0000189 seconds
2016-12-11T09:55:48.904+0100: 2472,308: Total time for which application threads were stopped: 0,0000874 seconds, Stopping threads took: 0,0000288 seconds
2016-12-11T10:07:53.981+0100: 3197,385: Total time for which application threads were stopped: 0,0001395 seconds, Stopping threads took: 0,0000609 seconds
2016-12-11T10:19:13.046+0100: 3876,450: Total time for which application threads were stopped: 0,0001285 seconds, Stopping threads took: 0,0000583 seconds
2016-12-11T10:19:33.048+0100: 3896,452: Total time for which application threads were stopped: 0,0001952 seconds, Stopping threads took: 0,0001109 seconds
2016-12-11T10:21:38.060+0100: 4021,464: Total time for which application threads were stopped: 0,0004016 seconds, Stopping threads took: 0,0001798 seconds
2016-12-11T10:58:39.279+0100: 6242,683: Total time for which application threads were stopped: 0,0000719 seconds, Stopping threads took: 0,0000287 seconds
2016-12-11T10:59:44.285+0100: 6307,689: Total time for which application threads were stopped: 0,0003782 seconds, Stopping threads took: 0,0001824 seconds
2016-12-11T11:05:33.596+0100: 6656,999: Total time for which application threads were stopped: 0,0001386 seconds, Stopping threads took: 0,0000367 seconds
Heap
 par new generation   total 109248K, used 57265K [0x00000000e0000000, 0x00000000e8000000, 0x00000000e8000000)
  eden space 87424K,  49% used [0x00000000e0000000, 0x00000000e2a5bf58, 0x00000000e5560000)
  from space 21824K,  63% used [0x00000000e5560000, 0x00000000e62f06b0, 0x00000000e6ab0000)
  to   space 21824K,   0% used [0x00000000e6ab0000, 0x00000000e6ab0000, 0x00000000e8000000)
 concurrent mark-sweep generation total 393216K, used 0K [0x00000000e8000000, 0x0000000100000000, 0x0000000100000000)
 Metaspace       used 27202K, capacity 27658K, committed 27840K, reserved 1073152K
  class space    used 3159K, capacity 3319K, committed 3320K, reserved 1048576K
