OpenJDK 64-Bit Server VM (25.121-b13) for linux-amd64 JRE (1.8.0_121-8u121-b13-0ubuntu1.16.04.2-b13), built on Jan 23 2017 15:51:29 by "buildd" with gcc 5.4.0 20160609
Memory: 4k page, physical 7867764k(7504692k free), swap 8076284k(8076284k free)
CommandLine flags: -XX:CMSInitiatingOccupancyFraction=50 -XX:CMSMaxAbortablePrecleanTime=6000 -XX:+CMSParallelRemarkEnabled -XX:+CMSScavengeBeforeRemark -XX:ConcGCThreads=4 -XX:InitialHeapSize=536870912 -XX:MaxHeapSize=536870912 -XX:MaxTenuringThreshold=8 -XX:NewRatio=3 -XX:OldPLABSize=16 -XX:OnOutOfMemoryError=/opt/solr/bin/oom_solr.sh 8983 /var/solr/logs -XX:ParallelGCThreads=4 -XX:+ParallelRefProcEnabled -XX:PretenureSizeThreshold=67108864 -XX:+PrintGC -XX:+PrintGCApplicationStoppedTime -XX:+PrintGCDateStamps -XX:+PrintGCDetails -XX:+PrintGCTimeStamps -XX:+PrintHeapAtGC -XX:+PrintTenuringDistribution -XX:SurvivorRatio=4 -XX:TargetSurvivorRatio=90 -XX:ThreadStackSize=256 -XX:+UseCMSInitiatingOccupancyOnly -XX:+UseCompressedClassPointers -XX:+UseCompressedOops -XX:+UseConcMarkSweepGC -XX:+UseParNewGC 
2017-03-30T07:40:42.463+0200: 0,122: Total time for which application threads were stopped: 0,0000763 seconds, Stopping threads took: 0,0000161 seconds
2017-03-30T07:40:42.538+0200: 0,197: Total time for which application threads were stopped: 0,0001023 seconds, Stopping threads took: 0,0000167 seconds
2017-03-30T07:40:42.549+0200: 0,209: Total time for which application threads were stopped: 0,0000842 seconds, Stopping threads took: 0,0000092 seconds
2017-03-30T07:40:42.805+0200: 0,464: Total time for which application threads were stopped: 0,0001142 seconds, Stopping threads took: 0,0000127 seconds
2017-03-30T07:40:43.283+0200: 0,942: Total time for which application threads were stopped: 0,0001435 seconds, Stopping threads took: 0,0000177 seconds
2017-03-30T07:40:43.402+0200: 1,062: Total time for which application threads were stopped: 0,0001773 seconds, Stopping threads took: 0,0000239 seconds
2017-03-30T07:40:43.435+0200: 1,095: Total time for which application threads were stopped: 0,0002023 seconds, Stopping threads took: 0,0000221 seconds
2017-03-30T07:40:43.689+0200: 1,348: Total time for which application threads were stopped: 0,0001963 seconds, Stopping threads took: 0,0000271 seconds
2017-03-30T07:40:43.892+0200: 1,552: Total time for which application threads were stopped: 0,0004314 seconds, Stopping threads took: 0,0000893 seconds
2017-03-30T07:40:43.928+0200: 1,587: Total time for which application threads were stopped: 0,0008355 seconds, Stopping threads took: 0,0000720 seconds
2017-03-30T07:40:43.961+0200: 1,620: Total time for which application threads were stopped: 0,0002624 seconds, Stopping threads took: 0,0000626 seconds
2017-03-30T07:40:43.963+0200: 1,622: Total time for which application threads were stopped: 0,0001615 seconds, Stopping threads took: 0,0000148 seconds
2017-03-30T07:40:43.977+0200: 1,636: Total time for which application threads were stopped: 0,0002256 seconds, Stopping threads took: 0,0000198 seconds
2017-03-30T07:40:44.080+0200: 1,740: Total time for which application threads were stopped: 0,0010676 seconds, Stopping threads took: 0,0000962 seconds
2017-03-30T07:40:44.255+0200: 1,914: Total time for which application threads were stopped: 0,0025076 seconds, Stopping threads took: 0,0022919 seconds
{Heap before GC invocations=0 (full 0):
 par new generation   total 109248K, used 87424K [0x00000000e0000000, 0x00000000e8000000, 0x00000000e8000000)
  eden space 87424K, 100% used [0x00000000e0000000, 0x00000000e5560000, 0x00000000e5560000)
  from space 21824K,   0% used [0x00000000e5560000, 0x00000000e5560000, 0x00000000e6ab0000)
  to   space 21824K,   0% used [0x00000000e6ab0000, 0x00000000e6ab0000, 0x00000000e8000000)
 concurrent mark-sweep generation total 393216K, used 0K [0x00000000e8000000, 0x0000000100000000, 0x0000000100000000)
 Metaspace       used 18094K, capacity 18400K, committed 18688K, reserved 1064960K
  class space    used 2043K, capacity 2196K, committed 2304K, reserved 1048576K
2017-03-30T07:40:44.346+0200: 2,006: [GC (Allocation Failure) 2017-03-30T07:40:44.346+0200: 2,006: [ParNew
Desired survivor size 20112992 bytes, new threshold 8 (max 8)
- age   1:   12649968 bytes,   12649968 total
: 87424K->12469K(109248K), 0,0159334 secs] 87424K->12469K(502464K), 0,0160108 secs] [Times: user=0,05 sys=0,01, real=0,02 secs] 
Heap after GC invocations=1 (full 0):
 par new generation   total 109248K, used 12469K [0x00000000e0000000, 0x00000000e8000000, 0x00000000e8000000)
  eden space 87424K,   0% used [0x00000000e0000000, 0x00000000e0000000, 0x00000000e5560000)
  from space 21824K,  57% used [0x00000000e6ab0000, 0x00000000e76dd7e0, 0x00000000e8000000)
  to   space 21824K,   0% used [0x00000000e5560000, 0x00000000e5560000, 0x00000000e6ab0000)
 concurrent mark-sweep generation total 393216K, used 0K [0x00000000e8000000, 0x0000000100000000, 0x0000000100000000)
 Metaspace       used 18094K, capacity 18400K, committed 18688K, reserved 1064960K
  class space    used 2043K, capacity 2196K, committed 2304K, reserved 1048576K
}
2017-03-30T07:40:44.362+0200: 2,022: Total time for which application threads were stopped: 0,0162749 seconds, Stopping threads took: 0,0000795 seconds
2017-03-30T07:40:44.641+0200: 2,300: Total time for which application threads were stopped: 0,0003359 seconds, Stopping threads took: 0,0000619 seconds
{Heap before GC invocations=1 (full 0):
 par new generation   total 109248K, used 99893K [0x00000000e0000000, 0x00000000e8000000, 0x00000000e8000000)
  eden space 87424K, 100% used [0x00000000e0000000, 0x00000000e5560000, 0x00000000e5560000)
  from space 21824K,  57% used [0x00000000e6ab0000, 0x00000000e76dd7e0, 0x00000000e8000000)
  to   space 21824K,   0% used [0x00000000e5560000, 0x00000000e5560000, 0x00000000e6ab0000)
 concurrent mark-sweep generation total 393216K, used 0K [0x00000000e8000000, 0x0000000100000000, 0x0000000100000000)
 Metaspace       used 20071K, capacity 20416K, committed 20736K, reserved 1067008K
  class space    used 2292K, capacity 2466K, committed 2560K, reserved 1048576K
2017-03-30T07:40:44.699+0200: 2,358: [GC (Allocation Failure) 2017-03-30T07:40:44.699+0200: 2,358: [ParNew
Desired survivor size 20112992 bytes, new threshold 8 (max 8)
- age   1:    3697192 bytes,    3697192 total
- age   2:    6670960 bytes,   10368152 total
: 99893K->15751K(109248K), 0,0099585 secs] 99893K->15751K(502464K), 0,0100418 secs] [Times: user=0,04 sys=0,00, real=0,01 secs] 
Heap after GC invocations=2 (full 0):
 par new generation   total 109248K, used 15751K [0x00000000e0000000, 0x00000000e8000000, 0x00000000e8000000)
  eden space 87424K,   0% used [0x00000000e0000000, 0x00000000e0000000, 0x00000000e5560000)
  from space 21824K,  72% used [0x00000000e5560000, 0x00000000e64c1c40, 0x00000000e6ab0000)
  to   space 21824K,   0% used [0x00000000e6ab0000, 0x00000000e6ab0000, 0x00000000e8000000)
 concurrent mark-sweep generation total 393216K, used 0K [0x00000000e8000000, 0x0000000100000000, 0x0000000100000000)
 Metaspace       used 20071K, capacity 20416K, committed 20736K, reserved 1067008K
  class space    used 2292K, capacity 2466K, committed 2560K, reserved 1048576K
}
2017-03-30T07:40:44.709+0200: 2,369: Total time for which application threads were stopped: 0,0102533 seconds, Stopping threads took: 0,0000682 seconds
2017-03-30T07:40:44.713+0200: 2,373: Total time for which application threads were stopped: 0,0003173 seconds, Stopping threads took: 0,0000605 seconds
2017-03-30T07:40:44.738+0200: 2,397: Total time for which application threads were stopped: 0,0003447 seconds, Stopping threads took: 0,0000573 seconds
2017-03-30T07:40:44.877+0200: 2,536: Total time for which application threads were stopped: 0,0001546 seconds, Stopping threads took: 0,0000408 seconds
{Heap before GC invocations=2 (full 0):
 par new generation   total 109248K, used 103175K [0x00000000e0000000, 0x00000000e8000000, 0x00000000e8000000)
  eden space 87424K, 100% used [0x00000000e0000000, 0x00000000e5560000, 0x00000000e5560000)
  from space 21824K,  72% used [0x00000000e5560000, 0x00000000e64c1c40, 0x00000000e6ab0000)
  to   space 21824K,   0% used [0x00000000e6ab0000, 0x00000000e6ab0000, 0x00000000e8000000)
 concurrent mark-sweep generation total 393216K, used 0K [0x00000000e8000000, 0x0000000100000000, 0x0000000100000000)
 Metaspace       used 20988K, capacity 21338K, committed 21628K, reserved 1069056K
  class space    used 2416K, capacity 2585K, committed 2684K, reserved 1048576K
2017-03-30T07:40:44.919+0200: 2,578: [GC (Allocation Failure) 2017-03-30T07:40:44.919+0200: 2,578: [ParNew
Desired survivor size 20112992 bytes, new threshold 8 (max 8)
- age   1:    2083112 bytes,    2083112 total
- age   2:     854064 bytes,    2937176 total
- age   3:    6666832 bytes,    9604008 total
: 103175K->11250K(109248K), 0,0145699 secs] 103175K->11250K(502464K), 0,0146512 secs] [Times: user=0,05 sys=0,00, real=0,01 secs] 
Heap after GC invocations=3 (full 0):
 par new generation   total 109248K, used 11250K [0x00000000e0000000, 0x00000000e8000000, 0x00000000e8000000)
  eden space 87424K,   0% used [0x00000000e0000000, 0x00000000e0000000, 0x00000000e5560000)
  from space 21824K,  51% used [0x00000000e6ab0000, 0x00000000e75ac8f0, 0x00000000e8000000)
  to   space 21824K,   0% used [0x00000000e5560000, 0x00000000e5560000, 0x00000000e6ab0000)
 concurrent mark-sweep generation total 393216K, used 0K [0x00000000e8000000, 0x0000000100000000, 0x0000000100000000)
 Metaspace       used 20988K, capacity 21338K, committed 21628K, reserved 1069056K
  class space    used 2416K, capacity 2585K, committed 2684K, reserved 1048576K
}
2017-03-30T07:40:44.933+0200: 2,593: Total time for which application threads were stopped: 0,0188880 seconds, Stopping threads took: 0,0041086 seconds
2017-03-30T07:40:44.933+0200: 2,593: [GC (CMS Initial Mark) [1 CMS-initial-mark: 0K(393216K)] 11946K(502464K), 0,0036075 secs] [Times: user=0,02 sys=0,00, real=0,01 secs] 
2017-03-30T07:40:44.937+0200: 2,597: Total time for which application threads were stopped: 0,0037477 seconds, Stopping threads took: 0,0000450 seconds
2017-03-30T07:40:44.937+0200: 2,597: [CMS-concurrent-mark-start]
2017-03-30T07:40:44.941+0200: 2,601: [CMS-concurrent-mark: 0,004/0,004 secs] [Times: user=0,01 sys=0,00, real=0,00 secs] 
2017-03-30T07:40:44.941+0200: 2,601: [CMS-concurrent-preclean-start]
2017-03-30T07:40:44.942+0200: 2,602: [CMS-concurrent-preclean: 0,001/0,001 secs] [Times: user=0,00 sys=0,00, real=0,00 secs] 
2017-03-30T07:40:44.942+0200: 2,602: [CMS-concurrent-abortable-preclean-start]
2017-03-30T07:40:44.983+0200: 2,642: Total time for which application threads were stopped: 0,0001433 seconds, Stopping threads took: 0,0000542 seconds
{Heap before GC invocations=3 (full 1):
 par new generation   total 109248K, used 98674K [0x00000000e0000000, 0x00000000e8000000, 0x00000000e8000000)
  eden space 87424K, 100% used [0x00000000e0000000, 0x00000000e5560000, 0x00000000e5560000)
  from space 21824K,  51% used [0x00000000e6ab0000, 0x00000000e75ac8f0, 0x00000000e8000000)
  to   space 21824K,   0% used [0x00000000e5560000, 0x00000000e5560000, 0x00000000e6ab0000)
 concurrent mark-sweep generation total 393216K, used 0K [0x00000000e8000000, 0x0000000100000000, 0x0000000100000000)
 Metaspace       used 21283K, capacity 21614K, committed 21884K, reserved 1069056K
  class space    used 2447K, capacity 2600K, committed 2684K, reserved 1048576K
2017-03-30T07:40:45.062+0200: 2,722: [GC (Allocation Failure) 2017-03-30T07:40:45.062+0200: 2,722: [ParNew
Desired survivor size 20112992 bytes, new threshold 8 (max 8)
- age   1:     655960 bytes,     655960 total
- age   2:    1453568 bytes,    2109528 total
- age   3:     818784 bytes,    2928312 total
- age   4:    6667176 bytes,    9595488 total
- age   5:         16 bytes,    9595504 total
: 98674K->14278K(109248K), 0,0115094 secs] 98674K->14278K(502464K), 0,0115888 secs] [Times: user=0,04 sys=0,00, real=0,01 secs] 
Heap after GC invocations=4 (full 1):
 par new generation   total 109248K, used 14278K [0x00000000e0000000, 0x00000000e8000000, 0x00000000e8000000)
  eden space 87424K,   0% used [0x00000000e0000000, 0x00000000e0000000, 0x00000000e5560000)
  from space 21824K,  65% used [0x00000000e5560000, 0x00000000e6351ac0, 0x00000000e6ab0000)
  to   space 21824K,   0% used [0x00000000e6ab0000, 0x00000000e6ab0000, 0x00000000e8000000)
 concurrent mark-sweep generation total 393216K, used 0K [0x00000000e8000000, 0x0000000100000000, 0x0000000100000000)
 Metaspace       used 21283K, capacity 21614K, committed 21884K, reserved 1069056K
  class space    used 2447K, capacity 2600K, committed 2684K, reserved 1048576K
}
2017-03-30T07:40:45.074+0200: 2,734: Total time for which application threads were stopped: 0,0118243 seconds, Stopping threads took: 0,0000738 seconds
2017-03-30T07:40:45.074+0200: 2,734: [CMS-concurrent-abortable-preclean: 0,098/0,132 secs] [Times: user=0,48 sys=0,01, real=0,13 secs] 
2017-03-30T07:40:45.075+0200: 2,734: [GC (CMS Final Remark) [YG occupancy: 14998 K (109248 K)]{Heap before GC invocations=4 (full 1):
 par new generation   total 109248K, used 14998K [0x00000000e0000000, 0x00000000e8000000, 0x00000000e8000000)
  eden space 87424K,   0% used [0x00000000e0000000, 0x00000000e00b40c8, 0x00000000e5560000)
  from space 21824K,  65% used [0x00000000e5560000, 0x00000000e6351ac0, 0x00000000e6ab0000)
  to   space 21824K,   0% used [0x00000000e6ab0000, 0x00000000e6ab0000, 0x00000000e8000000)
 concurrent mark-sweep generation total 393216K, used 0K [0x00000000e8000000, 0x0000000100000000, 0x0000000100000000)
 Metaspace       used 21285K, capacity 21614K, committed 21884K, reserved 1069056K
  class space    used 2447K, capacity 2600K, committed 2684K, reserved 1048576K
2017-03-30T07:40:45.075+0200: 2,734: [GC (CMS Final Remark) 2017-03-30T07:40:45.075+0200: 2,734: [ParNew
Desired survivor size 20112992 bytes, new threshold 8 (max 8)
- age   1:     158928 bytes,     158928 total
- age   2:     443024 bytes,     601952 total
- age   3:    1453568 bytes,    2055520 total
- age   4:     818784 bytes,    2874304 total
- age   5:    6666896 bytes,    9541200 total
- age   6:         16 bytes,    9541216 total
: 14998K->12051K(109248K), 0,0127038 secs] 14998K->12051K(502464K), 0,0127521 secs] [Times: user=0,04 sys=0,00, real=0,01 secs] 
Heap after GC invocations=5 (full 1):
 par new generation   total 109248K, used 12051K [0x00000000e0000000, 0x00000000e8000000, 0x00000000e8000000)
  eden space 87424K,   0% used [0x00000000e0000000, 0x00000000e0000000, 0x00000000e5560000)
  from space 21824K,  55% used [0x00000000e6ab0000, 0x00000000e7674e20, 0x00000000e8000000)
  to   space 21824K,   0% used [0x00000000e5560000, 0x00000000e5560000, 0x00000000e6ab0000)
 concurrent mark-sweep generation total 393216K, used 0K [0x00000000e8000000, 0x0000000100000000, 0x0000000100000000)
 Metaspace       used 21285K, capacity 21614K, committed 21884K, reserved 1069056K
  class space    used 2447K, capacity 2600K, committed 2684K, reserved 1048576K
}
2017-03-30T07:40:45.088+0200: 2,747: [Rescan (parallel) , 0,0034320 secs]2017-03-30T07:40:45.091+0200: 2,751: [weak refs processing, 0,0007649 secs]2017-03-30T07:40:45.092+0200: 2,751: [class unloading, 0,0029038 secs]2017-03-30T07:40:45.095+0200: 2,754: [scrub symbol table, 0,0031216 secs]2017-03-30T07:40:45.098+0200: 2,757: [scrub string table, 0,0003666 secs][1 CMS-remark: 0K(393216K)] 12051K(502464K), 0,0240129 secs] [Times: user=0,06 sys=0,00, real=0,02 secs] 
2017-03-30T07:40:45.099+0200: 2,758: Total time for which application threads were stopped: 0,0241617 seconds, Stopping threads took: 0,0000559 seconds
2017-03-30T07:40:45.099+0200: 2,758: [CMS-concurrent-sweep-start]
2017-03-30T07:40:45.099+0200: 2,759: [CMS-concurrent-sweep: 0,000/0,000 secs] [Times: user=0,00 sys=0,00, real=0,00 secs] 
2017-03-30T07:40:45.099+0200: 2,759: [CMS-concurrent-reset-start]
2017-03-30T07:40:45.101+0200: 2,761: [CMS-concurrent-reset: 0,002/0,002 secs] [Times: user=0,01 sys=0,00, real=0,00 secs] 
{Heap before GC invocations=5 (full 1):
 par new generation   total 109248K, used 99475K [0x00000000e0000000, 0x00000000e8000000, 0x00000000e8000000)
  eden space 87424K, 100% used [0x00000000e0000000, 0x00000000e5560000, 0x00000000e5560000)
  from space 21824K,  55% used [0x00000000e6ab0000, 0x00000000e7674e20, 0x00000000e8000000)
  to   space 21824K,   0% used [0x00000000e5560000, 0x00000000e5560000, 0x00000000e6ab0000)
 concurrent mark-sweep generation total 393216K, used 0K [0x00000000e8000000, 0x0000000100000000, 0x0000000100000000)
 Metaspace       used 21409K, capacity 21786K, committed 21884K, reserved 1069056K
  class space    used 2465K, capacity 2634K, committed 2684K, reserved 1048576K
2017-03-30T07:40:45.182+0200: 2,841: [GC (Allocation Failure) 2017-03-30T07:40:45.182+0200: 2,842: [ParNew
Desired survivor size 20112992 bytes, new threshold 8 (max 8)
- age   1:    1323304 bytes,    1323304 total
- age   3:     192672 bytes,    1515976 total
- age   4:    1453464 bytes,    2969440 total
- age   5:     818704 bytes,    3788144 total
- age   6:    6666912 bytes,   10455056 total
- age   7:         16 bytes,   10455072 total
: 99475K->12621K(109248K), 0,0101079 secs] 99475K->12621K(502464K), 0,0101819 secs] [Times: user=0,04 sys=0,00, real=0,01 secs] 
Heap after GC invocations=6 (full 1):
 par new generation   total 109248K, used 12621K [0x00000000e0000000, 0x00000000e8000000, 0x00000000e8000000)
  eden space 87424K,   0% used [0x00000000e0000000, 0x00000000e0000000, 0x00000000e5560000)
  from space 21824K,  57% used [0x00000000e5560000, 0x00000000e61b3638, 0x00000000e6ab0000)
  to   space 21824K,   0% used [0x00000000e6ab0000, 0x00000000e6ab0000, 0x00000000e8000000)
 concurrent mark-sweep generation total 393216K, used 0K [0x00000000e8000000, 0x0000000100000000, 0x0000000100000000)
 Metaspace       used 21409K, capacity 21786K, committed 21884K, reserved 1069056K
  class space    used 2465K, capacity 2634K, committed 2684K, reserved 1048576K
}
2017-03-30T07:40:45.192+0200: 2,852: Total time for which application threads were stopped: 0,0104191 seconds, Stopping threads took: 0,0001002 seconds
2017-03-30T07:40:45.231+0200: 2,891: Total time for which application threads were stopped: 0,0003665 seconds, Stopping threads took: 0,0000230 seconds
2017-03-30T07:40:45.449+0200: 3,108: Total time for which application threads were stopped: 0,0005197 seconds, Stopping threads took: 0,0000666 seconds
2017-03-30T07:40:45.468+0200: 3,127: Total time for which application threads were stopped: 0,0007302 seconds, Stopping threads took: 0,0002907 seconds
2017-03-30T07:40:45.629+0200: 3,288: Total time for which application threads were stopped: 0,0001994 seconds, Stopping threads took: 0,0000749 seconds
{Heap before GC invocations=6 (full 1):
 par new generation   total 109248K, used 109247K [0x00000000e0000000, 0x00000000e8000000, 0x00000000e8000000)
  eden space 87424K, 100% used [0x00000000e0000000, 0x00000000e5560000, 0x00000000e5560000)
  from space 21824K,  99% used [0x00000000e5560000, 0x00000000e6aaffa8, 0x00000000e6ab0000)
  to   space 21824K,   0% used [0x00000000e6ab0000, 0x00000000e6ab0000, 0x00000000e8000000)
 concurrent mark-sweep generation total 393216K, used 80K [0x00000000e8000000, 0x0000000100000000, 0x0000000100000000)
 Metaspace       used 24009K, capacity 24448K, committed 24572K, reserved 1071104K
  class space    used 2830K, capacity 3009K, committed 3068K, reserved 1048576K
2017-03-30T07:40:45.644+0200: 3,303: [GC (Allocation Failure) 2017-03-30T07:40:45.644+0200: 3,303: [ParNew
Desired survivor size 20112992 bytes, new threshold 8 (max 8)
- age   1:    5493368 bytes,    5493368 total
- age   2:     105792 bytes,    5599160 total
- age   4:     191152 bytes,    5790312 total
- age   5:     276024 bytes,    6066336 total
- age   6:     794440 bytes,    6860776 total
- age   7:    6658688 bytes,   13519464 total
- age   8:         16 bytes,   13519480 total
: 109247K->17609K(109248K), 0,0134181 secs] 109328K->17689K(502464K), 0,0134891 secs] [Times: user=0,05 sys=0,01, real=0,02 secs] 
Heap after GC invocations=7 (full 1):
 par new generation   total 109248K, used 17609K [0x00000000e0000000, 0x00000000e8000000, 0x00000000e8000000)
  eden space 87424K,   0% used [0x00000000e0000000, 0x00000000e0000000, 0x00000000e5560000)
  from space 21824K,  80% used [0x00000000e6ab0000, 0x00000000e7be2740, 0x00000000e8000000)
  to   space 21824K,   0% used [0x00000000e5560000, 0x00000000e5560000, 0x00000000e6ab0000)
 concurrent mark-sweep generation total 393216K, used 80K [0x00000000e8000000, 0x0000000100000000, 0x0000000100000000)
 Metaspace       used 24009K, capacity 24448K, committed 24572K, reserved 1071104K
  class space    used 2830K, capacity 3009K, committed 3068K, reserved 1048576K
}
2017-03-30T07:40:45.657+0200: 3,317: Total time for which application threads were stopped: 0,0136480 seconds, Stopping threads took: 0,0000203 seconds
{Heap before GC invocations=7 (full 1):
 par new generation   total 109248K, used 19853K [0x00000000e0000000, 0x00000000e8000000, 0x00000000e8000000)
  eden space 87424K,   2% used [0x00000000e0000000, 0x00000000e0230f08, 0x00000000e5560000)
  from space 21824K,  80% used [0x00000000e6ab0000, 0x00000000e7be2740, 0x00000000e8000000)
  to   space 21824K,   0% used [0x00000000e5560000, 0x00000000e5560000, 0x00000000e6ab0000)
 concurrent mark-sweep generation total 393216K, used 80K [0x00000000e8000000, 0x0000000100000000, 0x0000000100000000)
 Metaspace       used 24012K, capacity 24448K, committed 24572K, reserved 1071104K
  class space    used 2830K, capacity 3009K, committed 3068K, reserved 1048576K
2017-03-30T07:40:45.671+0200: 3,330: [GC (GCLocker Initiated GC) 2017-03-30T07:40:45.671+0200: 3,330: [ParNew
Desired survivor size 20112992 bytes, new threshold 8 (max 8)
- age   1:     400792 bytes,     400792 total
- age   2:    5456960 bytes,    5857752 total
- age   3:     105792 bytes,    5963544 total
- age   5:     191152 bytes,    6154696 total
- age   6:     276024 bytes,    6430720 total
- age   7:     794440 bytes,    7225160 total
- age   8:    6658648 bytes,   13883808 total
: 19853K->19668K(109248K), 0,0159026 secs] 19933K->19750K(502464K), 0,0159860 secs] [Times: user=0,05 sys=0,00, real=0,02 secs] 
Heap after GC invocations=8 (full 1):
 par new generation   total 109248K, used 19668K [0x00000000e0000000, 0x00000000e8000000, 0x00000000e8000000)
  eden space 87424K,   0% used [0x00000000e0000000, 0x00000000e0000000, 0x00000000e5560000)
  from space 21824K,  90% used [0x00000000e5560000, 0x00000000e6895210, 0x00000000e6ab0000)
  to   space 21824K,   0% used [0x00000000e6ab0000, 0x00000000e6ab0000, 0x00000000e8000000)
 concurrent mark-sweep generation total 393216K, used 82K [0x00000000e8000000, 0x0000000100000000, 0x0000000100000000)
 Metaspace       used 24012K, capacity 24448K, committed 24572K, reserved 1071104K
  class space    used 2830K, capacity 3009K, committed 3068K, reserved 1048576K
}
2017-03-30T07:40:45.687+0200: 3,346: Total time for which application threads were stopped: 0,0162387 seconds, Stopping threads took: 0,0000606 seconds
{Heap before GC invocations=8 (full 1):
 par new generation   total 109248K, used 107092K [0x00000000e0000000, 0x00000000e8000000, 0x00000000e8000000)
  eden space 87424K, 100% used [0x00000000e0000000, 0x00000000e5560000, 0x00000000e5560000)
  from space 21824K,  90% used [0x00000000e5560000, 0x00000000e6895210, 0x00000000e6ab0000)
  to   space 21824K,   0% used [0x00000000e6ab0000, 0x00000000e6ab0000, 0x00000000e8000000)
 concurrent mark-sweep generation total 393216K, used 82K [0x00000000e8000000, 0x0000000100000000, 0x0000000100000000)
 Metaspace       used 24318K, capacity 24822K, committed 25084K, reserved 1071104K
  class space    used 2851K, capacity 3045K, committed 3068K, reserved 1048576K
2017-03-30T07:40:45.749+0200: 3,408: [GC (Allocation Failure) 2017-03-30T07:40:45.749+0200: 3,408: [ParNew
Desired survivor size 20112992 bytes, new threshold 8 (max 8)
- age   1:    1376144 bytes,    1376144 total
- age   2:     398976 bytes,    1775120 total
- age   3:    2008928 bytes,    3784048 total
- age   4:      60464 bytes,    3844512 total
- age   6:     102200 bytes,    3946712 total
- age   7:     185680 bytes,    4132392 total
- age   8:     744104 bytes,    4876496 total
: 107092K->8590K(109248K), 0,0295137 secs] 107174K->14735K(502464K), 0,0295879 secs] [Times: user=0,10 sys=0,00, real=0,03 secs] 
Heap after GC invocations=9 (full 1):
 par new generation   total 109248K, used 8590K [0x00000000e0000000, 0x00000000e8000000, 0x00000000e8000000)
  eden space 87424K,   0% used [0x00000000e0000000, 0x00000000e0000000, 0x00000000e5560000)
  from space 21824K,  39% used [0x00000000e6ab0000, 0x00000000e7313a08, 0x00000000e8000000)
  to   space 21824K,   0% used [0x00000000e5560000, 0x00000000e5560000, 0x00000000e6ab0000)
 concurrent mark-sweep generation total 393216K, used 6145K [0x00000000e8000000, 0x0000000100000000, 0x0000000100000000)
 Metaspace       used 24318K, capacity 24822K, committed 25084K, reserved 1071104K
  class space    used 2851K, capacity 3045K, committed 3068K, reserved 1048576K
}
2017-03-30T07:40:45.778+0200: 3,438: Total time for which application threads were stopped: 0,0307939 seconds, Stopping threads took: 0,0010358 seconds
{Heap before GC invocations=9 (full 1):
 par new generation   total 109248K, used 96014K [0x00000000e0000000, 0x00000000e8000000, 0x00000000e8000000)
  eden space 87424K, 100% used [0x00000000e0000000, 0x00000000e5560000, 0x00000000e5560000)
  from space 21824K,  39% used [0x00000000e6ab0000, 0x00000000e7313a08, 0x00000000e8000000)
  to   space 21824K,   0% used [0x00000000e5560000, 0x00000000e5560000, 0x00000000e6ab0000)
 concurrent mark-sweep generation total 393216K, used 6145K [0x00000000e8000000, 0x0000000100000000, 0x0000000100000000)
 Metaspace       used 24737K, capacity 25248K, committed 25468K, reserved 1071104K
  class space    used 2888K, capacity 3079K, committed 3196K, reserved 1048576K
2017-03-30T07:40:45.896+0200: 3,556: [GC (Allocation Failure) 2017-03-30T07:40:45.896+0200: 3,556: [ParNew
Desired survivor size 20112992 bytes, new threshold 8 (max 8)
- age   1:     734976 bytes,     734976 total
- age   2:     597488 bytes,    1332464 total
- age   3:      38736 bytes,    1371200 total
- age   4:    1984288 bytes,    3355488 total
- age   5:      60464 bytes,    3415952 total
- age   7:     102104 bytes,    3518056 total
- age   8:     182912 bytes,    3700968 total
: 96014K->5222K(109248K), 0,0204393 secs] 102159K->12106K(502464K), 0,0205195 secs] [Times: user=0,04 sys=0,00, real=0,02 secs] 
Heap after GC invocations=10 (full 1):
 par new generation   total 109248K, used 5222K [0x00000000e0000000, 0x00000000e8000000, 0x00000000e8000000)
  eden space 87424K,   0% used [0x00000000e0000000, 0x00000000e0000000, 0x00000000e5560000)
  from space 21824K,  23% used [0x00000000e5560000, 0x00000000e5a79800, 0x00000000e6ab0000)
  to   space 21824K,   0% used [0x00000000e6ab0000, 0x00000000e6ab0000, 0x00000000e8000000)
 concurrent mark-sweep generation total 393216K, used 6884K [0x00000000e8000000, 0x0000000100000000, 0x0000000100000000)
 Metaspace       used 24737K, capacity 25248K, committed 25468K, reserved 1071104K
  class space    used 2888K, capacity 3079K, committed 3196K, reserved 1048576K
}
2017-03-30T07:40:45.917+0200: 3,576: Total time for which application threads were stopped: 0,0207569 seconds, Stopping threads took: 0,0000564 seconds
2017-03-30T07:40:46.168+0200: 3,828: Total time for which application threads were stopped: 0,0003869 seconds, Stopping threads took: 0,0000146 seconds
2017-03-30T07:40:46.206+0200: 3,866: Total time for which application threads were stopped: 0,0004377 seconds, Stopping threads took: 0,0000420 seconds
2017-03-30T07:40:46.221+0200: 3,880: Total time for which application threads were stopped: 0,0003745 seconds, Stopping threads took: 0,0000189 seconds
2017-03-30T07:40:46.271+0200: 3,930: Total time for which application threads were stopped: 0,0030128 seconds, Stopping threads took: 0,0026534 seconds
2017-03-30T07:40:46.384+0200: 4,044: Total time for which application threads were stopped: 0,0005245 seconds, Stopping threads took: 0,0000656 seconds
2017-03-30T07:40:46.392+0200: 4,051: Total time for which application threads were stopped: 0,0007470 seconds, Stopping threads took: 0,0003607 seconds
2017-03-30T07:40:46.392+0200: 4,052: Total time for which application threads were stopped: 0,0001456 seconds, Stopping threads took: 0,0000296 seconds
2017-03-30T07:40:46.393+0200: 4,053: Total time for which application threads were stopped: 0,0001429 seconds, Stopping threads took: 0,0000353 seconds
2017-03-30T07:40:46.395+0200: 4,054: Total time for which application threads were stopped: 0,0001520 seconds, Stopping threads took: 0,0000364 seconds
2017-03-30T07:40:46.396+0200: 4,056: Total time for which application threads were stopped: 0,0001676 seconds, Stopping threads took: 0,0000555 seconds
2017-03-30T07:40:46.397+0200: 4,056: Total time for which application threads were stopped: 0,0000909 seconds, Stopping threads took: 0,0000260 seconds
2017-03-30T07:40:46.404+0200: 4,063: Total time for which application threads were stopped: 0,0001701 seconds, Stopping threads took: 0,0000396 seconds
2017-03-30T07:40:46.406+0200: 4,066: Total time for which application threads were stopped: 0,0001382 seconds, Stopping threads took: 0,0000349 seconds
2017-03-30T07:40:46.407+0200: 4,067: Total time for which application threads were stopped: 0,0000899 seconds, Stopping threads took: 0,0000249 seconds
2017-03-30T07:40:47.407+0200: 5,067: Total time for which application threads were stopped: 0,0000942 seconds, Stopping threads took: 0,0000175 seconds
2017-03-30T07:42:04.418+0200: 82,078: Total time for which application threads were stopped: 0,0001361 seconds, Stopping threads took: 0,0000355 seconds
2017-03-30T07:42:39.428+0200: 117,088: Total time for which application threads were stopped: 0,0000953 seconds, Stopping threads took: 0,0000334 seconds
2017-03-30T07:42:43.976+0200: 122,088: Total time for which application threads were stopped: 0,0001263 seconds, Stopping threads took: 0,0000290 seconds
{Heap before GC invocations=10 (full 1):
 par new generation   total 109248K, used 92646K [0x00000000e0000000, 0x00000000e8000000, 0x00000000e8000000)
  eden space 87424K, 100% used [0x00000000e0000000, 0x00000000e5560000, 0x00000000e5560000)
  from space 21824K,  23% used [0x00000000e5560000, 0x00000000e5a79800, 0x00000000e6ab0000)
  to   space 21824K,   0% used [0x00000000e6ab0000, 0x00000000e6ab0000, 0x00000000e8000000)
 concurrent mark-sweep generation total 393216K, used 6884K [0x00000000e8000000, 0x0000000100000000, 0x0000000100000000)
 Metaspace       used 28047K, capacity 28546K, committed 28796K, reserved 1075200K
  class space    used 3212K, capacity 3386K, committed 3452K, reserved 1048576K
2017-03-30T07:43:37.846+0200: 175,958: [GC (Allocation Failure) 2017-03-30T07:43:37.846+0200: 175,958: [ParNew
Desired survivor size 20112992 bytes, new threshold 8 (max 8)
- age   1:   11217424 bytes,   11217424 total
- age   2:     264104 bytes,   11481528 total
- age   3:     206744 bytes,   11688272 total
- age   4:      38160 bytes,   11726432 total
- age   5:    1978160 bytes,   13704592 total
- age   6:      60464 bytes,   13765056 total
- age   8:      99368 bytes,   13864424 total
: 92646K->14608K(109248K), 0,0251736 secs] 99530K->21694K(502464K), 0,0252335 secs] [Times: user=0,06 sys=0,00, real=0,02 secs] 
Heap after GC invocations=11 (full 1):
 par new generation   total 109248K, used 14608K [0x00000000e0000000, 0x00000000e8000000, 0x00000000e8000000)
  eden space 87424K,   0% used [0x00000000e0000000, 0x00000000e0000000, 0x00000000e5560000)
  from space 21824K,  66% used [0x00000000e6ab0000, 0x00000000e78f4280, 0x00000000e8000000)
  to   space 21824K,   0% used [0x00000000e5560000, 0x00000000e5560000, 0x00000000e6ab0000)
 concurrent mark-sweep generation total 393216K, used 7086K [0x00000000e8000000, 0x0000000100000000, 0x0000000100000000)
 Metaspace       used 28047K, capacity 28546K, committed 28796K, reserved 1075200K
  class space    used 3212K, capacity 3386K, committed 3452K, reserved 1048576K
}
2017-03-30T07:43:37.871+0200: 175,983: Total time for which application threads were stopped: 0,0254754 seconds, Stopping threads took: 0,0000472 seconds
2017-03-30T07:45:18.885+0200: 276,998: Total time for which application threads were stopped: 0,0000804 seconds, Stopping threads took: 0,0000299 seconds
2017-03-30T08:04:08.050+0200: 1406,163: Total time for which application threads were stopped: 0,0001843 seconds, Stopping threads took: 0,0000664 seconds
2017-03-30T08:08:03.084+0200: 1641,197: Total time for which application threads were stopped: 0,0000879 seconds, Stopping threads took: 0,0000318 seconds
2017-03-30T08:19:03.179+0200: 2301,292: Total time for which application threads were stopped: 0,0000780 seconds, Stopping threads took: 0,0000306 seconds
2017-03-30T08:19:04.179+0200: 2302,292: Total time for which application threads were stopped: 0,0000640 seconds, Stopping threads took: 0,0000155 seconds
2017-03-30T08:33:59.308+0200: 3197,421: Total time for which application threads were stopped: 0,0000881 seconds, Stopping threads took: 0,0000334 seconds
2017-03-30T08:43:58.395+0200: 3796,507: Total time for which application threads were stopped: 0,0000770 seconds, Stopping threads took: 0,0000297 seconds
2017-03-30T08:44:08.396+0200: 3806,509: Total time for which application threads were stopped: 0,0000721 seconds, Stopping threads took: 0,0000167 seconds
2017-03-30T09:01:39.548+0200: 4857,661: Total time for which application threads were stopped: 0,0000865 seconds, Stopping threads took: 0,0000340 seconds
2017-03-30T09:05:04.578+0200: 5062,690: Total time for which application threads were stopped: 0,0000965 seconds, Stopping threads took: 0,0000496 seconds
2017-03-30T09:42:43.906+0200: 7322,018: Total time for which application threads were stopped: 0,0001018 seconds, Stopping threads took: 0,0000395 seconds
2017-03-30T09:43:14.911+0200: 7353,023: Total time for which application threads were stopped: 0,0001175 seconds, Stopping threads took: 0,0000446 seconds
2017-03-30T09:44:04.918+0200: 7403,030: Total time for which application threads were stopped: 0,0000868 seconds, Stopping threads took: 0,0000330 seconds
2017-03-30T09:48:43.958+0200: 7682,071: Total time for which application threads were stopped: 0,0001395 seconds, Stopping threads took: 0,0000499 seconds
2017-03-30T10:46:43.449+0200: 11161,561: Total time for which application threads were stopped: 0,0000797 seconds, Stopping threads took: 0,0000289 seconds
2017-03-30T10:53:13.498+0200: 11551,610: Total time for which application threads were stopped: 0,0001275 seconds, Stopping threads took: 0,0000382 seconds
2017-03-30T11:15:37.147+0200: 12895,259: Total time for which application threads were stopped: 0,0001416 seconds, Stopping threads took: 0,0000418 seconds
2017-03-30T11:15:37.149+0200: 12895,261: Total time for which application threads were stopped: 0,0000769 seconds, Stopping threads took: 0,0000180 seconds
2017-03-30T11:15:37.149+0200: 12895,261: Total time for which application threads were stopped: 0,0000933 seconds, Stopping threads took: 0,0000301 seconds
2017-03-30T11:15:37.150+0200: 12895,263: Total time for which application threads were stopped: 0,0001421 seconds, Stopping threads took: 0,0000395 seconds
2017-03-30T11:15:37.155+0200: 12895,267: Total time for which application threads were stopped: 0,0001308 seconds, Stopping threads took: 0,0000425 seconds
2017-03-30T11:15:37.161+0200: 12895,273: Total time for which application threads were stopped: 0,0001437 seconds, Stopping threads took: 0,0000520 seconds
2017-03-30T11:15:37.163+0200: 12895,275: Total time for which application threads were stopped: 0,0012892 seconds, Stopping threads took: 0,0009217 seconds
2017-03-30T11:15:37.204+0200: 12895,317: Total time for which application threads were stopped: 0,0004971 seconds, Stopping threads took: 0,0000363 seconds
2017-03-30T11:15:37.212+0200: 12895,325: Total time for which application threads were stopped: 0,0013014 seconds, Stopping threads took: 0,0012048 seconds
2017-03-30T11:15:37.221+0200: 12895,334: Total time for which application threads were stopped: 0,0031724 seconds, Stopping threads took: 0,0026420 seconds
2017-03-30T11:15:37.224+0200: 12895,336: Total time for which application threads were stopped: 0,0003340 seconds, Stopping threads took: 0,0002240 seconds
2017-03-30T11:15:37.239+0200: 12895,352: Total time for which application threads were stopped: 0,0001427 seconds, Stopping threads took: 0,0000399 seconds
2017-03-30T11:15:37.239+0200: 12895,352: Total time for which application threads were stopped: 0,0000687 seconds, Stopping threads took: 0,0000086 seconds
2017-03-30T11:15:37.263+0200: 12895,375: Total time for which application threads were stopped: 0,0001901 seconds, Stopping threads took: 0,0000445 seconds
2017-03-30T11:15:37.329+0200: 12895,442: Total time for which application threads were stopped: 0,0001113 seconds, Stopping threads took: 0,0000201 seconds
2017-03-30T11:15:37.329+0200: 12895,442: Total time for which application threads were stopped: 0,0000792 seconds, Stopping threads took: 0,0000192 seconds
2017-03-30T11:15:37.330+0200: 12895,443: Total time for which application threads were stopped: 0,0001045 seconds, Stopping threads took: 0,0000248 seconds
2017-03-30T11:15:37.330+0200: 12895,443: Total time for which application threads were stopped: 0,0000929 seconds, Stopping threads took: 0,0000414 seconds
2017-03-30T11:15:37.331+0200: 12895,443: Total time for which application threads were stopped: 0,0001158 seconds, Stopping threads took: 0,0000395 seconds
2017-03-30T11:15:37.331+0200: 12895,444: Total time for which application threads were stopped: 0,0000871 seconds, Stopping threads took: 0,0000383 seconds
2017-03-30T11:15:37.332+0200: 12895,444: Total time for which application threads were stopped: 0,0001193 seconds, Stopping threads took: 0,0000399 seconds
2017-03-30T11:15:37.332+0200: 12895,444: Total time for which application threads were stopped: 0,0000952 seconds, Stopping threads took: 0,0000333 seconds
2017-03-30T11:15:37.335+0200: 12895,447: Total time for which application threads were stopped: 0,0001117 seconds, Stopping threads took: 0,0000224 seconds
2017-03-30T11:15:37.337+0200: 12895,450: Total time for which application threads were stopped: 0,0003282 seconds, Stopping threads took: 0,0002024 seconds
2017-03-30T11:15:37.339+0200: 12895,451: Total time for which application threads were stopped: 0,0005267 seconds, Stopping threads took: 0,0004174 seconds
2017-03-30T11:15:37.348+0200: 12895,460: Total time for which application threads were stopped: 0,0087077 seconds, Stopping threads took: 0,0086102 seconds
2017-03-30T11:15:37.351+0200: 12895,463: Total time for which application threads were stopped: 0,0013404 seconds, Stopping threads took: 0,0012045 seconds
2017-03-30T11:15:37.353+0200: 12895,465: Total time for which application threads were stopped: 0,0001696 seconds, Stopping threads took: 0,0000454 seconds
2017-03-30T11:15:37.355+0200: 12895,467: Total time for which application threads were stopped: 0,0011871 seconds, Stopping threads took: 0,0010493 seconds
2017-03-30T11:15:37.363+0200: 12895,475: Total time for which application threads were stopped: 0,0015293 seconds, Stopping threads took: 0,0014018 seconds
2017-03-30T11:15:37.369+0200: 12895,481: Total time for which application threads were stopped: 0,0011183 seconds, Stopping threads took: 0,0004368 seconds
2017-03-30T11:15:37.370+0200: 12895,482: Total time for which application threads were stopped: 0,0003002 seconds, Stopping threads took: 0,0001785 seconds
2017-03-30T11:15:37.370+0200: 12895,483: Total time for which application threads were stopped: 0,0001787 seconds, Stopping threads took: 0,0000535 seconds
2017-03-30T11:15:37.385+0200: 12895,497: Total time for which application threads were stopped: 0,0001337 seconds, Stopping threads took: 0,0000517 seconds
2017-03-30T11:15:37.385+0200: 12895,497: Total time for which application threads were stopped: 0,0000781 seconds, Stopping threads took: 0,0000179 seconds
2017-03-30T11:15:37.389+0200: 12895,501: Total time for which application threads were stopped: 0,0004169 seconds, Stopping threads took: 0,0000744 seconds
2017-03-30T11:15:37.392+0200: 12895,505: Total time for which application threads were stopped: 0,0006063 seconds, Stopping threads took: 0,0004875 seconds
2017-03-30T11:15:37.398+0200: 12895,511: Total time for which application threads were stopped: 0,0015403 seconds, Stopping threads took: 0,0010045 seconds
2017-03-30T11:15:37.402+0200: 12895,514: Total time for which application threads were stopped: 0,0013860 seconds, Stopping threads took: 0,0012572 seconds
2017-03-30T11:15:37.410+0200: 12895,522: Total time for which application threads were stopped: 0,0020159 seconds, Stopping threads took: 0,0017634 seconds
2017-03-30T11:15:37.444+0200: 12895,556: Total time for which application threads were stopped: 0,0006890 seconds, Stopping threads took: 0,0005329 seconds
2017-03-30T11:15:37.445+0200: 12895,557: Total time for which application threads were stopped: 0,0001018 seconds, Stopping threads took: 0,0000248 seconds
2017-03-30T11:15:37.470+0200: 12895,583: Total time for which application threads were stopped: 0,0038103 seconds, Stopping threads took: 0,0032121 seconds
2017-03-30T11:15:37.472+0200: 12895,584: Total time for which application threads were stopped: 0,0001154 seconds, Stopping threads took: 0,0000228 seconds
2017-03-30T11:15:37.474+0200: 12895,586: Total time for which application threads were stopped: 0,0015790 seconds, Stopping threads took: 0,0001412 seconds
2017-03-30T11:15:37.477+0200: 12895,590: Total time for which application threads were stopped: 0,0005594 seconds, Stopping threads took: 0,0004338 seconds
2017-03-30T11:15:37.594+0200: 12895,706: Total time for which application threads were stopped: 0,0001860 seconds, Stopping threads took: 0,0000290 seconds
2017-03-30T11:15:37.596+0200: 12895,708: Total time for which application threads were stopped: 0,0012548 seconds, Stopping threads took: 0,0011457 seconds
2017-03-30T11:15:37.654+0200: 12895,767: Total time for which application threads were stopped: 0,0001263 seconds, Stopping threads took: 0,0000358 seconds
2017-03-30T11:15:37.655+0200: 12895,767: Total time for which application threads were stopped: 0,0001410 seconds, Stopping threads took: 0,0000452 seconds
2017-03-30T11:15:37.655+0200: 12895,768: Total time for which application threads were stopped: 0,0000657 seconds, Stopping threads took: 0,0000166 seconds
2017-03-30T11:15:37.655+0200: 12895,768: Total time for which application threads were stopped: 0,0000656 seconds, Stopping threads took: 0,0000230 seconds
2017-03-30T11:15:37.655+0200: 12895,768: Total time for which application threads were stopped: 0,0000497 seconds, Stopping threads took: 0,0000092 seconds
2017-03-30T11:15:37.655+0200: 12895,768: Total time for which application threads were stopped: 0,0000770 seconds, Stopping threads took: 0,0000377 seconds
2017-03-30T11:15:37.655+0200: 12895,768: Total time for which application threads were stopped: 0,0000548 seconds, Stopping threads took: 0,0000196 seconds
2017-03-30T11:15:37.660+0200: 12895,772: Total time for which application threads were stopped: 0,0001347 seconds, Stopping threads took: 0,0000236 seconds
2017-03-30T11:15:37.666+0200: 12895,779: Total time for which application threads were stopped: 0,0047398 seconds, Stopping threads took: 0,0042495 seconds
2017-03-30T11:15:37.667+0200: 12895,779: Total time for which application threads were stopped: 0,0003270 seconds, Stopping threads took: 0,0001050 seconds
2017-03-30T11:15:37.667+0200: 12895,780: Total time for which application threads were stopped: 0,0002607 seconds, Stopping threads took: 0,0000678 seconds
2017-03-30T11:15:37.668+0200: 12895,780: Total time for which application threads were stopped: 0,0002070 seconds, Stopping threads took: 0,0000578 seconds
2017-03-30T11:15:37.671+0200: 12895,783: Total time for which application threads were stopped: 0,0028083 seconds, Stopping threads took: 0,0027246 seconds
2017-03-30T11:15:37.674+0200: 12895,786: Total time for which application threads were stopped: 0,0021838 seconds, Stopping threads took: 0,0019222 seconds
2017-03-30T11:15:38.591+0200: 12896,704: Total time for which application threads were stopped: 0,0008231 seconds, Stopping threads took: 0,0001873 seconds
2017-03-30T11:15:38.594+0200: 12896,706: Total time for which application threads were stopped: 0,0021652 seconds, Stopping threads took: 0,0004759 seconds
2017-03-30T11:15:38.601+0200: 12896,714: Total time for which application threads were stopped: 0,0022536 seconds, Stopping threads took: 0,0014402 seconds
2017-03-30T11:15:38.603+0200: 12896,715: Total time for which application threads were stopped: 0,0004928 seconds, Stopping threads took: 0,0000674 seconds
2017-03-30T11:15:38.615+0200: 12896,727: Total time for which application threads were stopped: 0,0004500 seconds, Stopping threads took: 0,0002162 seconds
2017-03-30T11:15:38.617+0200: 12896,729: Total time for which application threads were stopped: 0,0001329 seconds, Stopping threads took: 0,0000385 seconds
2017-03-30T11:15:38.617+0200: 12896,729: Total time for which application threads were stopped: 0,0000951 seconds, Stopping threads took: 0,0000262 seconds
2017-03-30T11:15:38.663+0200: 12896,776: Total time for which application threads were stopped: 0,0001535 seconds, Stopping threads took: 0,0000519 seconds
2017-03-30T11:15:38.672+0200: 12896,784: Total time for which application threads were stopped: 0,0064393 seconds, Stopping threads took: 0,0059308 seconds
2017-03-30T11:15:38.672+0200: 12896,785: Total time for which application threads were stopped: 0,0002951 seconds, Stopping threads took: 0,0000643 seconds
2017-03-30T11:15:38.672+0200: 12896,785: Total time for which application threads were stopped: 0,0000552 seconds, Stopping threads took: 0,0000119 seconds
2017-03-30T11:15:38.673+0200: 12896,785: Total time for which application threads were stopped: 0,0000513 seconds, Stopping threads took: 0,0000059 seconds
2017-03-30T11:15:38.675+0200: 12896,787: Total time for which application threads were stopped: 0,0000995 seconds, Stopping threads took: 0,0000193 seconds
2017-03-30T11:15:38.675+0200: 12896,787: Total time for which application threads were stopped: 0,0000599 seconds, Stopping threads took: 0,0000105 seconds
2017-03-30T11:15:38.675+0200: 12896,787: Total time for which application threads were stopped: 0,0000473 seconds, Stopping threads took: 0,0000076 seconds
2017-03-30T11:15:38.675+0200: 12896,787: Total time for which application threads were stopped: 0,0000482 seconds, Stopping threads took: 0,0000070 seconds
2017-03-30T11:15:38.675+0200: 12896,788: Total time for which application threads were stopped: 0,0000490 seconds, Stopping threads took: 0,0000101 seconds
2017-03-30T11:15:38.675+0200: 12896,788: Total time for which application threads were stopped: 0,0000481 seconds, Stopping threads took: 0,0000054 seconds
2017-03-30T11:15:38.675+0200: 12896,788: Total time for which application threads were stopped: 0,0000479 seconds, Stopping threads took: 0,0000072 seconds
2017-03-30T11:15:38.675+0200: 12896,788: Total time for which application threads were stopped: 0,0000470 seconds, Stopping threads took: 0,0000086 seconds
2017-03-30T11:15:38.676+0200: 12896,789: Total time for which application threads were stopped: 0,0000883 seconds, Stopping threads took: 0,0000157 seconds
2017-03-30T11:15:38.676+0200: 12896,789: Total time for which application threads were stopped: 0,0000575 seconds, Stopping threads took: 0,0000078 seconds
2017-03-30T11:15:38.679+0200: 12896,792: Total time for which application threads were stopped: 0,0001236 seconds, Stopping threads took: 0,0000349 seconds
2017-03-30T11:15:38.679+0200: 12896,792: Total time for which application threads were stopped: 0,0000574 seconds, Stopping threads took: 0,0000169 seconds
2017-03-30T11:15:38.680+0200: 12896,792: Total time for which application threads were stopped: 0,0000744 seconds, Stopping threads took: 0,0000187 seconds
2017-03-30T11:15:38.682+0200: 12896,794: Total time for which application threads were stopped: 0,0001041 seconds, Stopping threads took: 0,0000389 seconds
2017-03-30T11:15:38.684+0200: 12896,796: Total time for which application threads were stopped: 0,0000893 seconds, Stopping threads took: 0,0000215 seconds
2017-03-30T11:15:38.684+0200: 12896,796: Total time for which application threads were stopped: 0,0000805 seconds, Stopping threads took: 0,0000394 seconds
2017-03-30T11:15:39.684+0200: 12897,796: Total time for which application threads were stopped: 0,0000718 seconds, Stopping threads took: 0,0000156 seconds
2017-03-30T11:15:43.685+0200: 12901,797: Total time for which application threads were stopped: 0,0004880 seconds, Stopping threads took: 0,0000944 seconds
2017-03-30T11:15:43.736+0200: 12901,848: Total time for which application threads were stopped: 0,0018013 seconds, Stopping threads took: 0,0017135 seconds
2017-03-30T11:15:43.736+0200: 12901,848: Total time for which application threads were stopped: 0,0001366 seconds, Stopping threads took: 0,0000670 seconds
2017-03-30T11:15:43.736+0200: 12901,849: Total time for which application threads were stopped: 0,0001693 seconds, Stopping threads took: 0,0000989 seconds
2017-03-30T11:15:43.736+0200: 12901,849: Total time for which application threads were stopped: 0,0000568 seconds, Stopping threads took: 0,0000158 seconds
2017-03-30T11:15:43.737+0200: 12901,849: Total time for which application threads were stopped: 0,0004910 seconds, Stopping threads took: 0,0003780 seconds
2017-03-30T11:15:43.738+0200: 12901,851: Total time for which application threads were stopped: 0,0001004 seconds, Stopping threads took: 0,0000197 seconds
2017-03-30T11:15:43.761+0200: 12901,873: Total time for which application threads were stopped: 0,0030701 seconds, Stopping threads took: 0,0029742 seconds
2017-03-30T11:15:43.761+0200: 12901,873: Total time for which application threads were stopped: 0,0001053 seconds, Stopping threads took: 0,0000540 seconds
2017-03-30T11:15:43.764+0200: 12901,876: Total time for which application threads were stopped: 0,0002227 seconds, Stopping threads took: 0,0000699 seconds
2017-03-30T11:15:43.764+0200: 12901,877: Total time for which application threads were stopped: 0,0002616 seconds, Stopping threads took: 0,0001667 seconds
2017-03-30T11:15:49.994+0200: 12908,106: Total time for which application threads were stopped: 0,0001329 seconds, Stopping threads took: 0,0000245 seconds
2017-03-30T11:15:49.994+0200: 12908,107: Total time for which application threads were stopped: 0,0001312 seconds, Stopping threads took: 0,0000377 seconds
2017-03-30T11:15:49.994+0200: 12908,107: Total time for which application threads were stopped: 0,0000821 seconds, Stopping threads took: 0,0000130 seconds
2017-03-30T11:15:49.995+0200: 12908,107: Total time for which application threads were stopped: 0,0000860 seconds, Stopping threads took: 0,0000269 seconds
2017-03-30T11:15:50.995+0200: 12909,107: Total time for which application threads were stopped: 0,0000750 seconds, Stopping threads took: 0,0000158 seconds
2017-03-30T11:15:51.995+0200: 12910,107: Total time for which application threads were stopped: 0,0000901 seconds, Stopping threads took: 0,0000164 seconds
2017-03-30T11:16:01.812+0200: 12919,925: Total time for which application threads were stopped: 0,0001392 seconds, Stopping threads took: 0,0000230 seconds
2017-03-30T11:16:01.812+0200: 12919,925: Total time for which application threads were stopped: 0,0000643 seconds, Stopping threads took: 0,0000066 seconds
2017-03-30T11:16:01.815+0200: 12919,927: Total time for which application threads were stopped: 0,0004892 seconds, Stopping threads took: 0,0003812 seconds
2017-03-30T11:16:01.815+0200: 12919,927: Total time for which application threads were stopped: 0,0001105 seconds, Stopping threads took: 0,0000279 seconds
2017-03-30T11:16:01.825+0200: 12919,937: Total time for which application threads were stopped: 0,0031124 seconds, Stopping threads took: 0,0030208 seconds
2017-03-30T11:16:01.825+0200: 12919,937: Total time for which application threads were stopped: 0,0000614 seconds, Stopping threads took: 0,0000127 seconds
2017-03-30T11:16:01.825+0200: 12919,937: Total time for which application threads were stopped: 0,0001092 seconds, Stopping threads took: 0,0000353 seconds
2017-03-30T11:16:01.826+0200: 12919,938: Total time for which application threads were stopped: 0,0001110 seconds, Stopping threads took: 0,0000517 seconds
2017-03-30T11:16:01.826+0200: 12919,938: Total time for which application threads were stopped: 0,0000550 seconds, Stopping threads took: 0,0000216 seconds
2017-03-30T11:16:01.830+0200: 12919,943: Total time for which application threads were stopped: 0,0014079 seconds, Stopping threads took: 0,0012922 seconds
2017-03-30T11:16:01.830+0200: 12919,943: Total time for which application threads were stopped: 0,0000811 seconds, Stopping threads took: 0,0000159 seconds
2017-03-30T11:16:04.954+0200: 12923,067: Total time for which application threads were stopped: 0,0001203 seconds, Stopping threads took: 0,0000367 seconds
2017-03-30T11:16:04.954+0200: 12923,067: Total time for which application threads were stopped: 0,0000720 seconds, Stopping threads took: 0,0000175 seconds
2017-03-30T11:16:04.954+0200: 12923,067: Total time for which application threads were stopped: 0,0000574 seconds, Stopping threads took: 0,0000245 seconds
2017-03-30T11:16:04.955+0200: 12923,067: Total time for which application threads were stopped: 0,0000548 seconds, Stopping threads took: 0,0000166 seconds
2017-03-30T11:16:04.961+0200: 12923,073: Total time for which application threads were stopped: 0,0033163 seconds, Stopping threads took: 0,0032298 seconds
2017-03-30T11:16:04.961+0200: 12923,073: Total time for which application threads were stopped: 0,0000681 seconds, Stopping threads took: 0,0000323 seconds
2017-03-30T11:16:05.961+0200: 12924,073: Total time for which application threads were stopped: 0,0000679 seconds, Stopping threads took: 0,0000151 seconds
2017-03-30T11:16:08.489+0200: 12926,601: Total time for which application threads were stopped: 0,0004731 seconds, Stopping threads took: 0,0003682 seconds
2017-03-30T11:16:08.489+0200: 12926,601: Total time for which application threads were stopped: 0,0000638 seconds, Stopping threads took: 0,0000306 seconds
2017-03-30T11:16:08.489+0200: 12926,601: Total time for which application threads were stopped: 0,0000790 seconds, Stopping threads took: 0,0000328 seconds
2017-03-30T11:16:08.489+0200: 12926,602: Total time for which application threads were stopped: 0,0000425 seconds, Stopping threads took: 0,0000142 seconds
2017-03-30T11:16:08.489+0200: 12926,602: Total time for which application threads were stopped: 0,0000512 seconds, Stopping threads took: 0,0000216 seconds
2017-03-30T11:16:08.492+0200: 12926,605: Total time for which application threads were stopped: 0,0001598 seconds, Stopping threads took: 0,0000507 seconds
2017-03-30T11:16:08.492+0200: 12926,605: Total time for which application threads were stopped: 0,0001314 seconds, Stopping threads took: 0,0000386 seconds
2017-03-30T11:16:09.493+0200: 12927,605: Total time for which application threads were stopped: 0,0000746 seconds, Stopping threads took: 0,0000182 seconds
2017-03-30T11:16:27.495+0200: 12945,607: Total time for which application threads were stopped: 0,0000702 seconds, Stopping threads took: 0,0000161 seconds
2017-03-30T11:16:49.995+0200: 12968,107: Total time for which application threads were stopped: 0,0001146 seconds, Stopping threads took: 0,0000338 seconds
2017-03-30T11:17:06.997+0200: 12985,110: Total time for which application threads were stopped: 0,0005975 seconds, Stopping threads took: 0,0000972 seconds
2017-03-30T11:17:08.494+0200: 12986,606: Total time for which application threads were stopped: 0,0005353 seconds, Stopping threads took: 0,0001083 seconds
2017-03-30T11:27:20.684+0200: 13598,796: Total time for which application threads were stopped: 0,0004317 seconds, Stopping threads took: 0,0000210 seconds
2017-03-30T11:27:20.690+0200: 13598,802: Total time for which application threads were stopped: 0,0001367 seconds, Stopping threads took: 0,0000602 seconds
2017-03-30T11:27:20.702+0200: 13598,814: Total time for which application threads were stopped: 0,0001427 seconds, Stopping threads took: 0,0000180 seconds
2017-03-30T11:27:20.702+0200: 13598,815: Total time for which application threads were stopped: 0,0001660 seconds, Stopping threads took: 0,0000421 seconds
Heap
 par new generation   total 109248K, used 42241K [0x00000000e0000000, 0x00000000e8000000, 0x00000000e8000000)
  eden space 87424K,  31% used [0x00000000e0000000, 0x00000000e1afc240, 0x00000000e5560000)
  from space 21824K,  66% used [0x00000000e6ab0000, 0x00000000e78f4280, 0x00000000e8000000)
  to   space 21824K,   0% used [0x00000000e5560000, 0x00000000e5560000, 0x00000000e6ab0000)
 concurrent mark-sweep generation total 393216K, used 7086K [0x00000000e8000000, 0x0000000100000000, 0x0000000100000000)
 Metaspace       used 30309K, capacity 30938K, committed 31100K, reserved 1077248K
  class space    used 3453K, capacity 3666K, committed 3708K, reserved 1048576K
