OpenJDK 64-Bit Server VM (25.131-b11) for linux-amd64 JRE (1.8.0_131-8u131-b11-0ubuntu1.16.04.2-b11), built on May  6 2017 02:45:27 by "buildd" with gcc 5.4.0 20160609
Memory: 4k page, physical 7867740k(7414572k free), swap 8076284k(8076284k free)
CommandLine flags: -XX:CMSInitiatingOccupancyFraction=50 -XX:CMSMaxAbortablePrecleanTime=6000 -XX:+CMSParallelRemarkEnabled -XX:+CMSScavengeBeforeRemark -XX:ConcGCThreads=4 -XX:InitialHeapSize=536870912 -XX:MaxHeapSize=536870912 -XX:MaxTenuringThreshold=8 -XX:NewRatio=3 -XX:OldPLABSize=16 -XX:OnOutOfMemoryError=/opt/solr/bin/oom_solr.sh 8983 /var/solr/logs -XX:ParallelGCThreads=4 -XX:+ParallelRefProcEnabled -XX:PretenureSizeThreshold=67108864 -XX:+PrintGC -XX:+PrintGCApplicationStoppedTime -XX:+PrintGCDateStamps -XX:+PrintGCDetails -XX:+PrintGCTimeStamps -XX:+PrintHeapAtGC -XX:+PrintTenuringDistribution -XX:SurvivorRatio=4 -XX:TargetSurvivorRatio=90 -XX:ThreadStackSize=256 -XX:+UseCMSInitiatingOccupancyOnly -XX:+UseCompressedClassPointers -XX:+UseCompressedOops -XX:+UseConcMarkSweepGC -XX:+UseParNewGC 
2017-07-25T12:57:39.184+0200: 0,156: Total time for which application threads were stopped: 0,0000702 seconds, Stopping threads took: 0,0000118 seconds
2017-07-25T12:57:39.299+0200: 0,271: Total time for which application threads were stopped: 0,0001433 seconds, Stopping threads took: 0,0000305 seconds
2017-07-25T12:57:39.319+0200: 0,291: Total time for which application threads were stopped: 0,0002152 seconds, Stopping threads took: 0,0001276 seconds
2017-07-25T12:57:39.556+0200: 0,528: Total time for which application threads were stopped: 0,0001228 seconds, Stopping threads took: 0,0000176 seconds
2017-07-25T12:57:39.922+0200: 0,894: Total time for which application threads were stopped: 0,0001487 seconds, Stopping threads took: 0,0000207 seconds
2017-07-25T12:57:40.062+0200: 1,034: Total time for which application threads were stopped: 0,0001838 seconds, Stopping threads took: 0,0000291 seconds
2017-07-25T12:57:40.120+0200: 1,092: Total time for which application threads were stopped: 0,0001905 seconds, Stopping threads took: 0,0000233 seconds
2017-07-25T12:57:40.464+0200: 1,436: Total time for which application threads were stopped: 0,0004485 seconds, Stopping threads took: 0,0000898 seconds
2017-07-25T12:57:40.706+0200: 1,678: Total time for which application threads were stopped: 0,0001959 seconds, Stopping threads took: 0,0000198 seconds
2017-07-25T12:57:40.736+0200: 1,708: Total time for which application threads were stopped: 0,0008139 seconds, Stopping threads took: 0,0000745 seconds
2017-07-25T12:57:40.772+0200: 1,744: Total time for which application threads were stopped: 0,0002154 seconds, Stopping threads took: 0,0000225 seconds
2017-07-25T12:57:40.773+0200: 1,745: Total time for which application threads were stopped: 0,0002296 seconds, Stopping threads took: 0,0000154 seconds
2017-07-25T12:57:40.793+0200: 1,765: Total time for which application threads were stopped: 0,0001849 seconds, Stopping threads took: 0,0000184 seconds
2017-07-25T12:57:40.907+0200: 1,879: Total time for which application threads were stopped: 0,0002069 seconds, Stopping threads took: 0,0000195 seconds
2017-07-25T12:57:41.062+0200: 2,034: Total time for which application threads were stopped: 0,0002753 seconds, Stopping threads took: 0,0000658 seconds
{Heap before GC invocations=0 (full 0):
 par new generation   total 109248K, used 87424K [0x00000000e0000000, 0x00000000e8000000, 0x00000000e8000000)
  eden space 87424K, 100% used [0x00000000e0000000, 0x00000000e5560000, 0x00000000e5560000)
  from space 21824K,   0% used [0x00000000e5560000, 0x00000000e5560000, 0x00000000e6ab0000)
  to   space 21824K,   0% used [0x00000000e6ab0000, 0x00000000e6ab0000, 0x00000000e8000000)
 concurrent mark-sweep generation total 393216K, used 0K [0x00000000e8000000, 0x0000000100000000, 0x0000000100000000)
 Metaspace       used 18007K, capacity 18336K, committed 18688K, reserved 1064960K
  class space    used 2036K, capacity 2196K, committed 2304K, reserved 1048576K
2017-07-25T12:57:41.164+0200: 2,136: [GC (Allocation Failure) 2017-07-25T12:57:41.164+0200: 2,136: [ParNew
Desired survivor size 20112992 bytes, new threshold 8 (max 8)
- age   1:   12610608 bytes,   12610608 total
: 87424K->12435K(109248K), 0,0167708 secs] 87424K->12435K(502464K), 0,0168553 secs] [Times: user=0,04 sys=0,02, real=0,01 secs] 
Heap after GC invocations=1 (full 0):
 par new generation   total 109248K, used 12435K [0x00000000e0000000, 0x00000000e8000000, 0x00000000e8000000)
  eden space 87424K,   0% used [0x00000000e0000000, 0x00000000e0000000, 0x00000000e5560000)
  from space 21824K,  56% used [0x00000000e6ab0000, 0x00000000e76d4e28, 0x00000000e8000000)
  to   space 21824K,   0% used [0x00000000e5560000, 0x00000000e5560000, 0x00000000e6ab0000)
 concurrent mark-sweep generation total 393216K, used 0K [0x00000000e8000000, 0x0000000100000000, 0x0000000100000000)
 Metaspace       used 18007K, capacity 18336K, committed 18688K, reserved 1064960K
  class space    used 2036K, capacity 2196K, committed 2304K, reserved 1048576K
}
2017-07-25T12:57:41.181+0200: 2,153: Total time for which application threads were stopped: 0,0170859 seconds, Stopping threads took: 0,0000375 seconds
2017-07-25T12:57:41.505+0200: 2,478: Total time for which application threads were stopped: 0,0002645 seconds, Stopping threads took: 0,0000228 seconds
{Heap before GC invocations=1 (full 0):
 par new generation   total 109248K, used 99859K [0x00000000e0000000, 0x00000000e8000000, 0x00000000e8000000)
  eden space 87424K, 100% used [0x00000000e0000000, 0x00000000e5560000, 0x00000000e5560000)
  from space 21824K,  56% used [0x00000000e6ab0000, 0x00000000e76d4e28, 0x00000000e8000000)
  to   space 21824K,   0% used [0x00000000e5560000, 0x00000000e5560000, 0x00000000e6ab0000)
 concurrent mark-sweep generation total 393216K, used 0K [0x00000000e8000000, 0x0000000100000000, 0x0000000100000000)
 Metaspace       used 20032K, capacity 20366K, committed 20736K, reserved 1067008K
  class space    used 2295K, capacity 2471K, committed 2560K, reserved 1048576K
2017-07-25T12:57:41.532+0200: 2,504: [GC (Allocation Failure) 2017-07-25T12:57:41.532+0200: 2,504: [ParNew
Desired survivor size 20112992 bytes, new threshold 8 (max 8)
- age   1:    3577264 bytes,    3577264 total
- age   2:    6678696 bytes,   10255960 total
: 99859K->11795K(109248K), 0,0110313 secs] 99859K->11795K(502464K), 0,0111074 secs] [Times: user=0,04 sys=0,00, real=0,02 secs] 
Heap after GC invocations=2 (full 0):
 par new generation   total 109248K, used 11795K [0x00000000e0000000, 0x00000000e8000000, 0x00000000e8000000)
  eden space 87424K,   0% used [0x00000000e0000000, 0x00000000e0000000, 0x00000000e5560000)
  from space 21824K,  54% used [0x00000000e5560000, 0x00000000e60e4c70, 0x00000000e6ab0000)
  to   space 21824K,   0% used [0x00000000e6ab0000, 0x00000000e6ab0000, 0x00000000e8000000)
 concurrent mark-sweep generation total 393216K, used 0K [0x00000000e8000000, 0x0000000100000000, 0x0000000100000000)
 Metaspace       used 20032K, capacity 20366K, committed 20736K, reserved 1067008K
  class space    used 2295K, capacity 2471K, committed 2560K, reserved 1048576K
}
2017-07-25T12:57:41.543+0200: 2,515: Total time for which application threads were stopped: 0,0113206 seconds, Stopping threads took: 0,0000731 seconds
2017-07-25T12:57:41.546+0200: 2,518: Total time for which application threads were stopped: 0,0003608 seconds, Stopping threads took: 0,0000632 seconds
2017-07-25T12:57:41.582+0200: 2,554: Total time for which application threads were stopped: 0,0014996 seconds, Stopping threads took: 0,0012134 seconds
2017-07-25T12:57:41.739+0200: 2,711: Total time for which application threads were stopped: 0,0001481 seconds, Stopping threads took: 0,0000245 seconds
{Heap before GC invocations=2 (full 0):
 par new generation   total 109248K, used 99219K [0x00000000e0000000, 0x00000000e8000000, 0x00000000e8000000)
  eden space 87424K, 100% used [0x00000000e0000000, 0x00000000e5560000, 0x00000000e5560000)
  from space 21824K,  54% used [0x00000000e5560000, 0x00000000e60e4c70, 0x00000000e6ab0000)
  to   space 21824K,   0% used [0x00000000e6ab0000, 0x00000000e6ab0000, 0x00000000e8000000)
 concurrent mark-sweep generation total 393216K, used 0K [0x00000000e8000000, 0x0000000100000000, 0x0000000100000000)
 Metaspace       used 20978K, capacity 21288K, committed 21628K, reserved 1069056K
  class space    used 2419K, capacity 2590K, committed 2684K, reserved 1048576K
2017-07-25T12:57:41.773+0200: 2,745: [GC (Allocation Failure) 2017-07-25T12:57:41.773+0200: 2,745: [ParNew
Desired survivor size 20112992 bytes, new threshold 8 (max 8)
- age   1:    2191096 bytes,    2191096 total
- age   2:     847112 bytes,    3038208 total
- age   3:    6660464 bytes,    9698672 total
: 99219K->16585K(109248K), 0,0187200 secs] 99219K->16585K(502464K), 0,0188280 secs] [Times: user=0,07 sys=0,00, real=0,02 secs] 
Heap after GC invocations=3 (full 0):
 par new generation   total 109248K, used 16585K [0x00000000e0000000, 0x00000000e8000000, 0x00000000e8000000)
  eden space 87424K,   0% used [0x00000000e0000000, 0x00000000e0000000, 0x00000000e5560000)
  from space 21824K,  75% used [0x00000000e6ab0000, 0x00000000e7ae2648, 0x00000000e8000000)
  to   space 21824K,   0% used [0x00000000e5560000, 0x00000000e5560000, 0x00000000e6ab0000)
 concurrent mark-sweep generation total 393216K, used 0K [0x00000000e8000000, 0x0000000100000000, 0x0000000100000000)
 Metaspace       used 20978K, capacity 21288K, committed 21628K, reserved 1069056K
  class space    used 2419K, capacity 2590K, committed 2684K, reserved 1048576K
}
2017-07-25T12:57:41.792+0200: 2,764: Total time for which application threads were stopped: 0,0190486 seconds, Stopping threads took: 0,0000524 seconds
2017-07-25T12:57:41.794+0200: 2,766: [GC (CMS Initial Mark) [1 CMS-initial-mark: 0K(393216K)] 18709K(502464K), 0,0064233 secs] [Times: user=0,02 sys=0,00, real=0,00 secs] 
2017-07-25T12:57:41.800+0200: 2,773: Total time for which application threads were stopped: 0,0065883 seconds, Stopping threads took: 0,0000292 seconds
2017-07-25T12:57:41.800+0200: 2,773: [CMS-concurrent-mark-start]
2017-07-25T12:57:41.806+0200: 2,778: [CMS-concurrent-mark: 0,005/0,005 secs] [Times: user=0,02 sys=0,00, real=0,01 secs] 
2017-07-25T12:57:41.806+0200: 2,778: [CMS-concurrent-preclean-start]
2017-07-25T12:57:41.807+0200: 2,779: [CMS-concurrent-preclean: 0,001/0,001 secs] [Times: user=0,00 sys=0,00, real=0,00 secs] 
2017-07-25T12:57:41.807+0200: 2,780: [CMS-concurrent-abortable-preclean-start]
2017-07-25T12:57:41.861+0200: 2,833: Total time for which application threads were stopped: 0,0001194 seconds, Stopping threads took: 0,0000388 seconds
{Heap before GC invocations=3 (full 1):
 par new generation   total 109248K, used 104009K [0x00000000e0000000, 0x00000000e8000000, 0x00000000e8000000)
  eden space 87424K, 100% used [0x00000000e0000000, 0x00000000e5560000, 0x00000000e5560000)
  from space 21824K,  75% used [0x00000000e6ab0000, 0x00000000e7ae2648, 0x00000000e8000000)
  to   space 21824K,   0% used [0x00000000e5560000, 0x00000000e5560000, 0x00000000e6ab0000)
 concurrent mark-sweep generation total 393216K, used 0K [0x00000000e8000000, 0x0000000100000000, 0x0000000100000000)
 Metaspace       used 21256K, capacity 21634K, committed 21884K, reserved 1069056K
  class space    used 2448K, capacity 2606K, committed 2684K, reserved 1048576K
2017-07-25T12:57:41.913+0200: 2,885: [GC (Allocation Failure) 2017-07-25T12:57:41.913+0200: 2,885: [ParNew
Desired survivor size 20112992 bytes, new threshold 8 (max 8)
- age   1:     879560 bytes,     879560 total
- age   2:    1459888 bytes,    2339448 total
- age   3:     813768 bytes,    3153216 total
- age   4:    6660536 bytes,    9813752 total
: 104009K->11842K(109248K), 0,0119873 secs] 104009K->11842K(502464K), 0,0120593 secs] [Times: user=0,04 sys=0,00, real=0,02 secs] 
Heap after GC invocations=4 (full 1):
 par new generation   total 109248K, used 11842K [0x00000000e0000000, 0x00000000e8000000, 0x00000000e8000000)
  eden space 87424K,   0% used [0x00000000e0000000, 0x00000000e0000000, 0x00000000e5560000)
  from space 21824K,  54% used [0x00000000e5560000, 0x00000000e60f0be0, 0x00000000e6ab0000)
  to   space 21824K,   0% used [0x00000000e6ab0000, 0x00000000e6ab0000, 0x00000000e8000000)
 concurrent mark-sweep generation total 393216K, used 0K [0x00000000e8000000, 0x0000000100000000, 0x0000000100000000)
 Metaspace       used 21256K, capacity 21634K, committed 21884K, reserved 1069056K
  class space    used 2448K, capacity 2606K, committed 2684K, reserved 1048576K
}
2017-07-25T12:57:41.925+0200: 2,897: Total time for which application threads were stopped: 0,0131012 seconds, Stopping threads took: 0,0008741 seconds
2017-07-25T12:57:41.925+0200: 2,897: [CMS-concurrent-abortable-preclean: 0,054/0,117 secs] [Times: user=0,44 sys=0,01, real=0,12 secs] 
2017-07-25T12:57:41.926+0200: 2,898: [GC (CMS Final Remark) [YG occupancy: 13139 K (109248 K)]{Heap before GC invocations=4 (full 1):
 par new generation   total 109248K, used 13139K [0x00000000e0000000, 0x00000000e8000000, 0x00000000e8000000)
  eden space 87424K,   1% used [0x00000000e0000000, 0x00000000e0144308, 0x00000000e5560000)
  from space 21824K,  54% used [0x00000000e5560000, 0x00000000e60f0be0, 0x00000000e6ab0000)
  to   space 21824K,   0% used [0x00000000e6ab0000, 0x00000000e6ab0000, 0x00000000e8000000)
 concurrent mark-sweep generation total 393216K, used 0K [0x00000000e8000000, 0x0000000100000000, 0x0000000100000000)
 Metaspace       used 21256K, capacity 21634K, committed 21884K, reserved 1069056K
  class space    used 2448K, capacity 2606K, committed 2684K, reserved 1048576K
2017-07-25T12:57:41.926+0200: 2,898: [GC (CMS Final Remark) 2017-07-25T12:57:41.926+0200: 2,898: [ParNew
Desired survivor size 20112992 bytes, new threshold 8 (max 8)
- age   1:     164112 bytes,     164112 total
- age   2:     851912 bytes,    1016024 total
- age   3:    1459888 bytes,    2475912 total
- age   4:     813768 bytes,    3289680 total
- age   5:    6660632 bytes,    9950312 total
: 13139K->12558K(109248K), 0,0155276 secs] 13139K->12558K(502464K), 0,0155681 secs] [Times: user=0,04 sys=0,00, real=0,01 secs] 
Heap after GC invocations=5 (full 1):
 par new generation   total 109248K, used 12558K [0x00000000e0000000, 0x00000000e8000000, 0x00000000e8000000)
  eden space 87424K,   0% used [0x00000000e0000000, 0x00000000e0000000, 0x00000000e5560000)
  from space 21824K,  57% used [0x00000000e6ab0000, 0x00000000e76f3860, 0x00000000e8000000)
  to   space 21824K,   0% used [0x00000000e5560000, 0x00000000e5560000, 0x00000000e6ab0000)
 concurrent mark-sweep generation total 393216K, used 0K [0x00000000e8000000, 0x0000000100000000, 0x0000000100000000)
 Metaspace       used 21256K, capacity 21634K, committed 21884K, reserved 1069056K
  class space    used 2448K, capacity 2606K, committed 2684K, reserved 1048576K
}
2017-07-25T12:57:41.941+0200: 2,913: [Rescan (parallel) , 0,0046140 secs]2017-07-25T12:57:41.946+0200: 2,918: [weak refs processing, 0,0007662 secs]2017-07-25T12:57:41.947+0200: 2,919: [class unloading, 0,0028194 secs]2017-07-25T12:57:41.949+0200: 2,922: [scrub symbol table, 0,0026039 secs]2017-07-25T12:57:41.952+0200: 2,924: [scrub string table, 0,0004075 secs][1 CMS-remark: 0K(393216K)] 12558K(502464K), 0,0274806 secs] [Times: user=0,07 sys=0,00, real=0,02 secs] 
2017-07-25T12:57:41.953+0200: 2,925: Total time for which application threads were stopped: 0,0276081 seconds, Stopping threads took: 0,0000331 seconds
2017-07-25T12:57:41.953+0200: 2,925: [CMS-concurrent-sweep-start]
2017-07-25T12:57:41.953+0200: 2,925: [CMS-concurrent-sweep: 0,000/0,000 secs] [Times: user=0,00 sys=0,00, real=0,00 secs] 
2017-07-25T12:57:41.953+0200: 2,925: [CMS-concurrent-reset-start]
2017-07-25T12:57:41.955+0200: 2,928: [CMS-concurrent-reset: 0,002/0,002 secs] [Times: user=0,00 sys=0,00, real=0,01 secs] 
{Heap before GC invocations=5 (full 1):
 par new generation   total 109248K, used 99982K [0x00000000e0000000, 0x00000000e8000000, 0x00000000e8000000)
  eden space 87424K, 100% used [0x00000000e0000000, 0x00000000e5560000, 0x00000000e5560000)
  from space 21824K,  57% used [0x00000000e6ab0000, 0x00000000e76f3860, 0x00000000e8000000)
  to   space 21824K,   0% used [0x00000000e5560000, 0x00000000e5560000, 0x00000000e6ab0000)
 concurrent mark-sweep generation total 393216K, used 0K [0x00000000e8000000, 0x0000000100000000, 0x0000000100000000)
 Metaspace       used 21418K, capacity 21806K, committed 21884K, reserved 1069056K
  class space    used 2473K, capacity 2640K, committed 2684K, reserved 1048576K
2017-07-25T12:57:42.038+0200: 3,010: [GC (Allocation Failure) 2017-07-25T12:57:42.038+0200: 3,010: [ParNew
Desired survivor size 20112992 bytes, new threshold 8 (max 8)
- age   1:     830680 bytes,     830680 total
- age   2:        184 bytes,     830864 total
- age   3:     187328 bytes,    1018192 total
- age   4:    1458816 bytes,    2477008 total
- age   5:     811720 bytes,    3288728 total
- age   6:    6660448 bytes,    9949176 total
: 99982K->12907K(109248K), 0,0160839 secs] 99982K->12907K(502464K), 0,0161666 secs] [Times: user=0,06 sys=0,00, real=0,02 secs] 
Heap after GC invocations=6 (full 1):
 par new generation   total 109248K, used 12907K [0x00000000e0000000, 0x00000000e8000000, 0x00000000e8000000)
  eden space 87424K,   0% used [0x00000000e0000000, 0x00000000e0000000, 0x00000000e5560000)
  from space 21824K,  59% used [0x00000000e5560000, 0x00000000e61fafe0, 0x00000000e6ab0000)
  to   space 21824K,   0% used [0x00000000e6ab0000, 0x00000000e6ab0000, 0x00000000e8000000)
 concurrent mark-sweep generation total 393216K, used 0K [0x00000000e8000000, 0x0000000100000000, 0x0000000100000000)
 Metaspace       used 21418K, capacity 21806K, committed 21884K, reserved 1069056K
  class space    used 2473K, capacity 2640K, committed 2684K, reserved 1048576K
}
2017-07-25T12:57:42.054+0200: 3,027: Total time for which application threads were stopped: 0,0163848 seconds, Stopping threads took: 0,0000714 seconds
2017-07-25T12:57:42.092+0200: 3,064: Total time for which application threads were stopped: 0,0003183 seconds, Stopping threads took: 0,0000204 seconds
2017-07-25T12:57:42.373+0200: 3,345: Total time for which application threads were stopped: 0,0004205 seconds, Stopping threads took: 0,0000222 seconds
2017-07-25T12:57:42.387+0200: 3,359: Total time for which application threads were stopped: 0,0004242 seconds, Stopping threads took: 0,0000560 seconds
{Heap before GC invocations=6 (full 1):
 par new generation   total 109248K, used 100331K [0x00000000e0000000, 0x00000000e8000000, 0x00000000e8000000)
  eden space 87424K, 100% used [0x00000000e0000000, 0x00000000e5560000, 0x00000000e5560000)
  from space 21824K,  59% used [0x00000000e5560000, 0x00000000e61fafe0, 0x00000000e6ab0000)
  to   space 21824K,   0% used [0x00000000e6ab0000, 0x00000000e6ab0000, 0x00000000e8000000)
 concurrent mark-sweep generation total 393216K, used 0K [0x00000000e8000000, 0x0000000100000000, 0x0000000100000000)
 Metaspace       used 23951K, capacity 24460K, committed 24572K, reserved 1071104K
  class space    used 2833K, capacity 3013K, committed 3068K, reserved 1048576K
2017-07-25T12:57:42.526+0200: 3,498: [GC (Allocation Failure) 2017-07-25T12:57:42.526+0200: 3,498: [ParNew
Desired survivor size 20112992 bytes, new threshold 8 (max 8)
- age   1:    5377808 bytes,    5377808 total
- age   2:     161136 bytes,    5538944 total
- age   3:        184 bytes,    5539128 total
- age   4:     186480 bytes,    5725608 total
- age   5:     289752 bytes,    6015360 total
- age   6:     787392 bytes,    6802752 total
- age   7:    6652104 bytes,   13454856 total
: 100331K->16502K(109248K), 0,0118852 secs] 100331K->16502K(502464K), 0,0119512 secs] [Times: user=0,04 sys=0,01, real=0,01 secs] 
Heap after GC invocations=7 (full 1):
 par new generation   total 109248K, used 16502K [0x00000000e0000000, 0x00000000e8000000, 0x00000000e8000000)
  eden space 87424K,   0% used [0x00000000e0000000, 0x00000000e0000000, 0x00000000e5560000)
  from space 21824K,  75% used [0x00000000e6ab0000, 0x00000000e7acda58, 0x00000000e8000000)
  to   space 21824K,   0% used [0x00000000e5560000, 0x00000000e5560000, 0x00000000e6ab0000)
 concurrent mark-sweep generation total 393216K, used 0K [0x00000000e8000000, 0x0000000100000000, 0x0000000100000000)
 Metaspace       used 23951K, capacity 24460K, committed 24572K, reserved 1071104K
  class space    used 2833K, capacity 3013K, committed 3068K, reserved 1048576K
}
2017-07-25T12:57:42.538+0200: 3,510: Total time for which application threads were stopped: 0,0150248 seconds, Stopping threads took: 0,0028547 seconds
{Heap before GC invocations=7 (full 1):
 par new generation   total 109248K, used 103926K [0x00000000e0000000, 0x00000000e8000000, 0x00000000e8000000)
  eden space 87424K, 100% used [0x00000000e0000000, 0x00000000e5560000, 0x00000000e5560000)
  from space 21824K,  75% used [0x00000000e6ab0000, 0x00000000e7acda58, 0x00000000e8000000)
  to   space 21824K,   0% used [0x00000000e5560000, 0x00000000e5560000, 0x00000000e6ab0000)
 concurrent mark-sweep generation total 393216K, used 0K [0x00000000e8000000, 0x0000000100000000, 0x0000000100000000)
 Metaspace       used 24292K, capacity 24754K, committed 24828K, reserved 1071104K
  class space    used 2854K, capacity 3046K, committed 3068K, reserved 1048576K
2017-07-25T12:57:42.602+0200: 3,574: [GC (Allocation Failure) 2017-07-25T12:57:42.602+0200: 3,574: [ParNew
Desired survivor size 20112992 bytes, new threshold 8 (max 8)
- age   1:    1874688 bytes,    1874688 total
- age   2:    1818072 bytes,    3692760 total
- age   3:      91008 bytes,    3783768 total
- age   4:        184 bytes,    3783952 total
- age   5:      98832 bytes,    3882784 total
- age   6:     185880 bytes,    4068664 total
- age   7:     753304 bytes,    4821968 total
- age   8:    6119520 bytes,   10941488 total
: 103926K->16686K(109248K), 0,0108579 secs] 103926K->16686K(502464K), 0,0109381 secs] [Times: user=0,04 sys=0,00, real=0,00 secs] 
Heap after GC invocations=8 (full 1):
 par new generation   total 109248K, used 16686K [0x00000000e0000000, 0x00000000e8000000, 0x00000000e8000000)
  eden space 87424K,   0% used [0x00000000e0000000, 0x00000000e0000000, 0x00000000e5560000)
  from space 21824K,  76% used [0x00000000e5560000, 0x00000000e65ab830, 0x00000000e6ab0000)
  to   space 21824K,   0% used [0x00000000e6ab0000, 0x00000000e6ab0000, 0x00000000e8000000)
 concurrent mark-sweep generation total 393216K, used 0K [0x00000000e8000000, 0x0000000100000000, 0x0000000100000000)
 Metaspace       used 24292K, capacity 24754K, committed 24828K, reserved 1071104K
  class space    used 2854K, capacity 3046K, committed 3068K, reserved 1048576K
}
2017-07-25T12:57:42.613+0200: 3,585: Total time for which application threads were stopped: 0,0117703 seconds, Stopping threads took: 0,0006734 seconds
{Heap before GC invocations=8 (full 1):
 par new generation   total 109248K, used 104110K [0x00000000e0000000, 0x00000000e8000000, 0x00000000e8000000)
  eden space 87424K, 100% used [0x00000000e0000000, 0x00000000e5560000, 0x00000000e5560000)
  from space 21824K,  76% used [0x00000000e5560000, 0x00000000e65ab830, 0x00000000e6ab0000)
  to   space 21824K,   0% used [0x00000000e6ab0000, 0x00000000e6ab0000, 0x00000000e8000000)
 concurrent mark-sweep generation total 393216K, used 0K [0x00000000e8000000, 0x0000000100000000, 0x0000000100000000)
 Metaspace       used 24465K, capacity 24908K, committed 25084K, reserved 1071104K
  class space    used 2866K, capacity 3051K, committed 3068K, reserved 1048576K
2017-07-25T12:57:42.687+0200: 3,659: [GC (Allocation Failure) 2017-07-25T12:57:42.687+0200: 3,659: [ParNew
Desired survivor size 20112992 bytes, new threshold 8 (max 8)
- age   1:     515200 bytes,     515200 total
- age   2:     967488 bytes,    1482688 total
- age   3:    1766712 bytes,    3249400 total
- age   4:      90976 bytes,    3340376 total
- age   5:        184 bytes,    3340560 total
- age   6:      98664 bytes,    3439224 total
- age   7:     183080 bytes,    3622304 total
- age   8:     752536 bytes,    4374840 total
: 104110K->8178K(109248K), 0,0425904 secs] 104110K->14236K(502464K), 0,0426626 secs] [Times: user=0,13 sys=0,00, real=0,04 secs] 
Heap after GC invocations=9 (full 1):
 par new generation   total 109248K, used 8178K [0x00000000e0000000, 0x00000000e8000000, 0x00000000e8000000)
  eden space 87424K,   0% used [0x00000000e0000000, 0x00000000e0000000, 0x00000000e5560000)
  from space 21824K,  37% used [0x00000000e6ab0000, 0x00000000e72ac980, 0x00000000e8000000)
  to   space 21824K,   0% used [0x00000000e5560000, 0x00000000e5560000, 0x00000000e6ab0000)
 concurrent mark-sweep generation total 393216K, used 6058K [0x00000000e8000000, 0x0000000100000000, 0x0000000100000000)
 Metaspace       used 24465K, capacity 24908K, committed 25084K, reserved 1071104K
  class space    used 2866K, capacity 3051K, committed 3068K, reserved 1048576K
}
2017-07-25T12:57:42.730+0200: 3,702: Total time for which application threads were stopped: 0,0456768 seconds, Stopping threads took: 0,0028460 seconds
2017-07-25T12:57:43.059+0200: 4,032: Total time for which application threads were stopped: 0,0005963 seconds, Stopping threads took: 0,0000573 seconds
2017-07-25T12:57:43.078+0200: 4,050: Total time for which application threads were stopped: 0,0005892 seconds, Stopping threads took: 0,0000418 seconds
2017-07-25T12:57:43.084+0200: 4,056: Total time for which application threads were stopped: 0,0005198 seconds, Stopping threads took: 0,0000229 seconds
2017-07-25T12:57:43.087+0200: 4,059: Total time for which application threads were stopped: 0,0001655 seconds, Stopping threads took: 0,0000520 seconds
2017-07-25T12:57:43.090+0200: 4,062: Total time for which application threads were stopped: 0,0001115 seconds, Stopping threads took: 0,0000257 seconds
2017-07-25T12:57:43.093+0200: 4,066: Total time for which application threads were stopped: 0,0001486 seconds, Stopping threads took: 0,0000379 seconds
2017-07-25T12:57:43.094+0200: 4,067: Total time for which application threads were stopped: 0,0001505 seconds, Stopping threads took: 0,0000707 seconds
2017-07-25T12:57:43.095+0200: 4,067: Total time for which application threads were stopped: 0,0001272 seconds, Stopping threads took: 0,0000328 seconds
2017-07-25T12:57:43.136+0200: 4,108: Total time for which application threads were stopped: 0,0001525 seconds, Stopping threads took: 0,0000441 seconds
2017-07-25T12:57:43.137+0200: 4,109: Total time for which application threads were stopped: 0,0001005 seconds, Stopping threads took: 0,0000379 seconds
2017-07-25T12:57:43.137+0200: 4,110: Total time for which application threads were stopped: 0,0001132 seconds, Stopping threads took: 0,0000558 seconds
2017-07-25T12:57:43.138+0200: 4,110: Total time for which application threads were stopped: 0,0000967 seconds, Stopping threads took: 0,0000371 seconds
2017-07-25T12:57:43.143+0200: 4,115: Total time for which application threads were stopped: 0,0001205 seconds, Stopping threads took: 0,0000396 seconds
2017-07-25T12:57:43.144+0200: 4,116: Total time for which application threads were stopped: 0,0003435 seconds, Stopping threads took: 0,0000194 seconds
2017-07-25T12:57:43.145+0200: 4,117: Total time for which application threads were stopped: 0,0000782 seconds, Stopping threads took: 0,0000262 seconds
2017-07-25T12:57:43.146+0200: 4,118: Total time for which application threads were stopped: 0,0000937 seconds, Stopping threads took: 0,0000363 seconds
2017-07-25T12:57:43.146+0200: 4,118: Total time for which application threads were stopped: 0,0000795 seconds, Stopping threads took: 0,0000269 seconds
2017-07-25T12:57:43.146+0200: 4,118: Total time for which application threads were stopped: 0,0000624 seconds, Stopping threads took: 0,0000118 seconds
2017-07-25T12:57:43.147+0200: 4,119: Total time for which application threads were stopped: 0,0000671 seconds, Stopping threads took: 0,0000113 seconds
2017-07-25T12:57:43.152+0200: 4,124: Total time for which application threads were stopped: 0,0001109 seconds, Stopping threads took: 0,0000387 seconds
2017-07-25T12:57:43.162+0200: 4,134: Total time for which application threads were stopped: 0,0001502 seconds, Stopping threads took: 0,0000456 seconds
2017-07-25T12:57:43.174+0200: 4,146: Total time for which application threads were stopped: 0,0009604 seconds, Stopping threads took: 0,0008876 seconds
2017-07-25T12:57:43.174+0200: 4,146: Total time for which application threads were stopped: 0,0000964 seconds, Stopping threads took: 0,0000333 seconds
2017-07-25T12:57:43.175+0200: 4,147: Total time for which application threads were stopped: 0,0000717 seconds, Stopping threads took: 0,0000175 seconds
2017-07-25T12:57:43.175+0200: 4,147: Total time for which application threads were stopped: 0,0001151 seconds, Stopping threads took: 0,0000445 seconds
2017-07-25T12:57:43.176+0200: 4,149: Total time for which application threads were stopped: 0,0001223 seconds, Stopping threads took: 0,0000400 seconds
2017-07-25T12:57:43.177+0200: 4,149: Total time for which application threads were stopped: 0,0001051 seconds, Stopping threads took: 0,0000429 seconds
2017-07-25T12:57:43.178+0200: 4,150: Total time for which application threads were stopped: 0,0001116 seconds, Stopping threads took: 0,0000304 seconds
2017-07-25T12:57:43.178+0200: 4,150: Total time for which application threads were stopped: 0,0000853 seconds, Stopping threads took: 0,0000180 seconds
2017-07-25T12:57:43.178+0200: 4,150: Total time for which application threads were stopped: 0,0002000 seconds, Stopping threads took: 0,0000337 seconds
2017-07-25T12:57:43.179+0200: 4,151: Total time for which application threads were stopped: 0,0000848 seconds, Stopping threads took: 0,0000305 seconds
2017-07-25T12:57:43.179+0200: 4,151: Total time for which application threads were stopped: 0,0000555 seconds, Stopping threads took: 0,0000176 seconds
2017-07-25T12:57:43.179+0200: 4,151: Total time for which application threads were stopped: 0,0000489 seconds, Stopping threads took: 0,0000094 seconds
2017-07-25T12:57:43.179+0200: 4,151: Total time for which application threads were stopped: 0,0000458 seconds, Stopping threads took: 0,0000108 seconds
2017-07-25T12:57:43.179+0200: 4,151: Total time for which application threads were stopped: 0,0000512 seconds, Stopping threads took: 0,0000176 seconds
2017-07-25T12:57:43.179+0200: 4,152: Total time for which application threads were stopped: 0,0000553 seconds, Stopping threads took: 0,0000103 seconds
2017-07-25T12:57:43.179+0200: 4,152: Total time for which application threads were stopped: 0,0000407 seconds, Stopping threads took: 0,0000084 seconds
2017-07-25T12:57:43.180+0200: 4,152: Total time for which application threads were stopped: 0,0000536 seconds, Stopping threads took: 0,0000152 seconds
2017-07-25T12:57:43.180+0200: 4,152: Total time for which application threads were stopped: 0,0000477 seconds, Stopping threads took: 0,0000134 seconds
2017-07-25T12:57:43.180+0200: 4,152: Total time for which application threads were stopped: 0,0000493 seconds, Stopping threads took: 0,0000153 seconds
2017-07-25T12:57:43.180+0200: 4,152: Total time for which application threads were stopped: 0,0000567 seconds, Stopping threads took: 0,0000112 seconds
2017-07-25T12:57:43.180+0200: 4,152: Total time for which application threads were stopped: 0,0000446 seconds, Stopping threads took: 0,0000085 seconds
2017-07-25T12:57:43.180+0200: 4,153: Total time for which application threads were stopped: 0,0000508 seconds, Stopping threads took: 0,0000097 seconds
2017-07-25T12:57:43.180+0200: 4,153: Total time for which application threads were stopped: 0,0000470 seconds, Stopping threads took: 0,0000103 seconds
2017-07-25T12:57:43.180+0200: 4,153: Total time for which application threads were stopped: 0,0000549 seconds, Stopping threads took: 0,0000195 seconds
2017-07-25T12:57:43.181+0200: 4,153: Total time for which application threads were stopped: 0,0000618 seconds, Stopping threads took: 0,0000105 seconds
2017-07-25T12:57:43.181+0200: 4,153: Total time for which application threads were stopped: 0,0000472 seconds, Stopping threads took: 0,0000104 seconds
2017-07-25T12:57:43.181+0200: 4,153: Total time for which application threads were stopped: 0,0002260 seconds, Stopping threads took: 0,0001827 seconds
2017-07-25T12:57:43.182+0200: 4,154: Total time for which application threads were stopped: 0,0003790 seconds, Stopping threads took: 0,0003166 seconds
2017-07-25T12:57:43.182+0200: 4,154: Total time for which application threads were stopped: 0,0001122 seconds, Stopping threads took: 0,0000110 seconds
2017-07-25T12:57:43.184+0200: 4,156: Total time for which application threads were stopped: 0,0001126 seconds, Stopping threads took: 0,0000393 seconds
2017-07-25T12:57:43.190+0200: 4,162: Total time for which application threads were stopped: 0,0001551 seconds, Stopping threads took: 0,0000471 seconds
2017-07-25T12:57:43.194+0200: 4,166: Total time for which application threads were stopped: 0,0001300 seconds, Stopping threads took: 0,0000471 seconds
2017-07-25T12:57:43.239+0200: 4,212: Total time for which application threads were stopped: 0,0001788 seconds, Stopping threads took: 0,0000681 seconds
2017-07-25T12:57:43.258+0200: 4,230: Total time for which application threads were stopped: 0,0005787 seconds, Stopping threads took: 0,0000751 seconds
2017-07-25T12:57:44.258+0200: 5,230: Total time for which application threads were stopped: 0,0000886 seconds, Stopping threads took: 0,0000173 seconds
2017-07-25T12:58:20.262+0200: 41,234: Total time for which application threads were stopped: 0,0000795 seconds, Stopping threads took: 0,0000331 seconds
2017-07-25T12:59:41.273+0200: 122,246: Total time for which application threads were stopped: 0,0001191 seconds, Stopping threads took: 0,0000345 seconds
2017-07-25T12:59:46.274+0200: 127,247: Total time for which application threads were stopped: 0,0001627 seconds, Stopping threads took: 0,0000613 seconds
{Heap before GC invocations=9 (full 1):
 par new generation   total 109248K, used 95602K [0x00000000e0000000, 0x00000000e8000000, 0x00000000e8000000)
  eden space 87424K, 100% used [0x00000000e0000000, 0x00000000e5560000, 0x00000000e5560000)
  from space 21824K,  37% used [0x00000000e6ab0000, 0x00000000e72ac980, 0x00000000e8000000)
  to   space 21824K,   0% used [0x00000000e5560000, 0x00000000e5560000, 0x00000000e6ab0000)
 concurrent mark-sweep generation total 393216K, used 6058K [0x00000000e8000000, 0x0000000100000000, 0x0000000100000000)
 Metaspace       used 27994K, capacity 28506K, committed 28796K, reserved 1075200K
  class space    used 3214K, capacity 3392K, committed 3452K, reserved 1048576K
2017-07-25T13:00:29.955+0200: 170,927: [GC (Allocation Failure) 2017-07-25T13:00:29.955+0200: 170,928: [ParNew
Desired survivor size 20112992 bytes, new threshold 8 (max 8)
- age   1:   11316744 bytes,   11316744 total
- age   2:     165896 bytes,   11482640 total
- age   3:     179408 bytes,   11662048 total
- age   4:    1760464 bytes,   13422512 total
- age   5:      88496 bytes,   13511008 total
- age   6:        184 bytes,   13511192 total
- age   7:      98440 bytes,   13609632 total
- age   8:     182456 bytes,   13792088 total
: 95602K->14718K(109248K), 0,0134135 secs] 101660K->21596K(502464K), 0,0134894 secs] [Times: user=0,05 sys=0,00, real=0,01 secs] 
Heap after GC invocations=10 (full 1):
 par new generation   total 109248K, used 14718K [0x00000000e0000000, 0x00000000e8000000, 0x00000000e8000000)
  eden space 87424K,   0% used [0x00000000e0000000, 0x00000000e0000000, 0x00000000e5560000)
  from space 21824K,  67% used [0x00000000e5560000, 0x00000000e63bfa60, 0x00000000e6ab0000)
  to   space 21824K,   0% used [0x00000000e6ab0000, 0x00000000e6ab0000, 0x00000000e8000000)
 concurrent mark-sweep generation total 393216K, used 6878K [0x00000000e8000000, 0x0000000100000000, 0x0000000100000000)
 Metaspace       used 27994K, capacity 28506K, committed 28796K, reserved 1075200K
  class space    used 3214K, capacity 3392K, committed 3452K, reserved 1048576K
}
2017-07-25T13:00:29.969+0200: 170,941: Total time for which application threads were stopped: 0,0136543 seconds, Stopping threads took: 0,0000366 seconds
2017-07-25T13:00:29.970+0200: 170,942: Total time for which application threads were stopped: 0,0000721 seconds, Stopping threads took: 0,0000261 seconds
2017-07-25T13:00:29.970+0200: 170,942: Total time for which application threads were stopped: 0,0000446 seconds, Stopping threads took: 0,0000210 seconds
2017-07-25T13:00:39.971+0200: 180,943: Total time for which application threads were stopped: 0,0001057 seconds, Stopping threads took: 0,0000361 seconds
2017-07-25T13:02:09.985+0200: 270,958: Total time for which application threads were stopped: 0,0000831 seconds, Stopping threads took: 0,0000347 seconds
2017-07-25T13:21:05.106+0200: 1406,078: Total time for which application threads were stopped: 0,0000775 seconds, Stopping threads took: 0,0000299 seconds
2017-07-25T13:24:35.131+0200: 1616,103: Total time for which application threads were stopped: 0,0000791 seconds, Stopping threads took: 0,0000316 seconds
2017-07-25T13:24:40.132+0200: 1621,104: Total time for which application threads were stopped: 0,0000821 seconds, Stopping threads took: 0,0000174 seconds
2017-07-25T13:36:00.215+0200: 2301,188: Total time for which application threads were stopped: 0,0000766 seconds, Stopping threads took: 0,0000291 seconds
2017-07-25T13:36:01.216+0200: 2302,188: Total time for which application threads were stopped: 0,0001122 seconds, Stopping threads took: 0,0000255 seconds
2017-07-25T13:50:56.357+0200: 3197,329: Total time for which application threads were stopped: 0,0001086 seconds, Stopping threads took: 0,0000410 seconds
2017-07-25T14:03:55.452+0200: 3976,424: Total time for which application threads were stopped: 0,0008183 seconds, Stopping threads took: 0,0002709 seconds
2017-07-25T14:04:00.452+0200: 3981,425: Total time for which application threads were stopped: 0,0000866 seconds, Stopping threads took: 0,0000344 seconds
2017-07-25T14:16:56.532+0200: 4757,504: Total time for which application threads were stopped: 0,0001012 seconds, Stopping threads took: 0,0000353 seconds
2017-07-25T14:17:01.532+0200: 4762,504: Total time for which application threads were stopped: 0,0000689 seconds, Stopping threads took: 0,0000187 seconds
2017-07-25T14:44:01.699+0200: 6382,671: Total time for which application threads were stopped: 0,0000849 seconds, Stopping threads took: 0,0000329 seconds
2017-07-25T14:59:40.808+0200: 7321,780: Total time for which application threads were stopped: 0,0005497 seconds, Stopping threads took: 0,0001994 seconds
2017-07-25T15:05:40.845+0200: 7681,817: Total time for which application threads were stopped: 0,0000786 seconds, Stopping threads took: 0,0000294 seconds
2017-07-25T15:06:10.848+0200: 7711,820: Total time for which application threads were stopped: 0,0000816 seconds, Stopping threads took: 0,0000296 seconds
2017-07-25T15:35:18.034+0200: 9459,006: Total time for which application threads were stopped: 0,0113625 seconds, Stopping threads took: 0,0112377 seconds
2017-07-25T15:35:18.041+0200: 9459,013: Total time for which application threads were stopped: 0,0051145 seconds, Stopping threads took: 0,0050319 seconds
2017-07-25T15:35:18.046+0200: 9459,019: Total time for which application threads were stopped: 0,0051115 seconds, Stopping threads took: 0,0050240 seconds
2017-07-25T15:35:18.057+0200: 9459,029: Total time for which application threads were stopped: 0,0001236 seconds, Stopping threads took: 0,0000506 seconds
2017-07-25T15:35:18.057+0200: 9459,029: Total time for which application threads were stopped: 0,0000536 seconds, Stopping threads took: 0,0000170 seconds
2017-07-25T15:35:18.057+0200: 9459,029: Total time for which application threads were stopped: 0,0000439 seconds, Stopping threads took: 0,0000122 seconds
2017-07-25T15:35:18.057+0200: 9459,029: Total time for which application threads were stopped: 0,0000426 seconds, Stopping threads took: 0,0000106 seconds
2017-07-25T15:35:18.057+0200: 9459,029: Total time for which application threads were stopped: 0,0000454 seconds, Stopping threads took: 0,0000120 seconds
2017-07-25T15:35:18.057+0200: 9459,029: Total time for which application threads were stopped: 0,0000388 seconds, Stopping threads took: 0,0000110 seconds
2017-07-25T15:35:18.057+0200: 9459,029: Total time for which application threads were stopped: 0,0000417 seconds, Stopping threads took: 0,0000113 seconds
2017-07-25T15:35:18.057+0200: 9459,029: Total time for which application threads were stopped: 0,0000422 seconds, Stopping threads took: 0,0000119 seconds
2017-07-25T15:35:18.070+0200: 9459,042: Total time for which application threads were stopped: 0,0001055 seconds, Stopping threads took: 0,0000333 seconds
2017-07-25T15:35:18.070+0200: 9459,042: Total time for which application threads were stopped: 0,0000524 seconds, Stopping threads took: 0,0000155 seconds
2017-07-25T15:35:18.070+0200: 9459,042: Total time for which application threads were stopped: 0,0000465 seconds, Stopping threads took: 0,0000146 seconds
2017-07-25T15:35:18.079+0200: 9459,051: Total time for which application threads were stopped: 0,0000964 seconds, Stopping threads took: 0,0000291 seconds
2017-07-25T15:35:18.080+0200: 9459,052: Total time for which application threads were stopped: 0,0001740 seconds, Stopping threads took: 0,0001214 seconds
2017-07-25T15:35:18.082+0200: 9459,054: Total time for which application threads were stopped: 0,0001174 seconds, Stopping threads took: 0,0000646 seconds
2017-07-25T15:35:18.083+0200: 9459,055: Total time for which application threads were stopped: 0,0000723 seconds, Stopping threads took: 0,0000340 seconds
2017-07-25T15:35:18.083+0200: 9459,055: Total time for which application threads were stopped: 0,0000621 seconds, Stopping threads took: 0,0000139 seconds
2017-07-25T15:35:18.083+0200: 9459,056: Total time for which application threads were stopped: 0,0000478 seconds, Stopping threads took: 0,0000122 seconds
2017-07-25T15:35:18.083+0200: 9459,056: Total time for which application threads were stopped: 0,0000258 seconds, Stopping threads took: 0,0000048 seconds
2017-07-25T15:35:18.084+0200: 9459,056: Total time for which application threads were stopped: 0,0000565 seconds, Stopping threads took: 0,0000210 seconds
2017-07-25T15:35:18.084+0200: 9459,056: Total time for which application threads were stopped: 0,0000559 seconds, Stopping threads took: 0,0000313 seconds
2017-07-25T15:35:18.086+0200: 9459,058: Total time for which application threads were stopped: 0,0018586 seconds, Stopping threads took: 0,0017992 seconds
2017-07-25T15:35:18.087+0200: 9459,059: Total time for which application threads were stopped: 0,0000747 seconds, Stopping threads took: 0,0000154 seconds
2017-07-25T15:35:18.087+0200: 9459,059: Total time for which application threads were stopped: 0,0000711 seconds, Stopping threads took: 0,0000199 seconds
2017-07-25T15:35:18.088+0200: 9459,060: Total time for which application threads were stopped: 0,0000758 seconds, Stopping threads took: 0,0000261 seconds
2017-07-25T15:35:18.088+0200: 9459,060: Total time for which application threads were stopped: 0,0001154 seconds, Stopping threads took: 0,0000422 seconds
2017-07-25T15:35:18.092+0200: 9459,064: Total time for which application threads were stopped: 0,0002703 seconds, Stopping threads took: 0,0000191 seconds
2017-07-25T15:35:18.095+0200: 9459,067: Total time for which application threads were stopped: 0,0007596 seconds, Stopping threads took: 0,0006856 seconds
2017-07-25T15:35:18.096+0200: 9459,068: Total time for which application threads were stopped: 0,0001303 seconds, Stopping threads took: 0,0000521 seconds
2017-07-25T15:35:18.097+0200: 9459,069: Total time for which application threads were stopped: 0,0001223 seconds, Stopping threads took: 0,0000624 seconds
2017-07-25T15:35:18.098+0200: 9459,071: Total time for which application threads were stopped: 0,0000976 seconds, Stopping threads took: 0,0000316 seconds
Heap
 par new generation   total 109248K, used 36792K [0x00000000e0000000, 0x00000000e8000000, 0x00000000e8000000)
  eden space 87424K,  25% used [0x00000000e0000000, 0x00000000e158e690, 0x00000000e5560000)
  from space 21824K,  67% used [0x00000000e5560000, 0x00000000e63bfa60, 0x00000000e6ab0000)
  to   space 21824K,   0% used [0x00000000e6ab0000, 0x00000000e6ab0000, 0x00000000e8000000)
 concurrent mark-sweep generation total 393216K, used 6878K [0x00000000e8000000, 0x0000000100000000, 0x0000000100000000)
 Metaspace       used 28136K, capacity 28674K, committed 28796K, reserved 1075200K
  class space    used 3228K, capacity 3426K, committed 3452K, reserved 1048576K
