OpenJDK 64-Bit Server VM (25.121-b13) for linux-amd64 JRE (1.8.0_121-8u121-b13-0ubuntu1.16.04.2-b13), built on Jan 23 2017 15:51:29 by "buildd" with gcc 5.4.0 20160609
Memory: 4k page, physical 7867800k(7506064k free), swap 8076284k(8076284k free)
CommandLine flags: -XX:CMSInitiatingOccupancyFraction=50 -XX:CMSMaxAbortablePrecleanTime=6000 -XX:+CMSParallelRemarkEnabled -XX:+CMSScavengeBeforeRemark -XX:ConcGCThreads=4 -XX:InitialHeapSize=536870912 -XX:MaxHeapSize=536870912 -XX:MaxTenuringThreshold=8 -XX:NewRatio=3 -XX:OldPLABSize=16 -XX:OnOutOfMemoryError=/opt/solr/bin/oom_solr.sh 8983 /var/solr/logs -XX:ParallelGCThreads=4 -XX:+ParallelRefProcEnabled -XX:PretenureSizeThreshold=67108864 -XX:+PrintGC -XX:+PrintGCApplicationStoppedTime -XX:+PrintGCDateStamps -XX:+PrintGCDetails -XX:+PrintGCTimeStamps -XX:+PrintHeapAtGC -XX:+PrintTenuringDistribution -XX:SurvivorRatio=4 -XX:TargetSurvivorRatio=90 -XX:ThreadStackSize=256 -XX:+UseCMSInitiatingOccupancyOnly -XX:+UseCompressedClassPointers -XX:+UseCompressedOops -XX:+UseConcMarkSweepGC -XX:+UseParNewGC 
2017-02-21T09:30:59.733+0100: 0,149: Total time for which application threads were stopped: 0,0000712 seconds, Stopping threads took: 0,0000121 seconds
2017-02-21T09:30:59.827+0100: 0,243: Total time for which application threads were stopped: 0,0000933 seconds, Stopping threads took: 0,0000146 seconds
2017-02-21T09:30:59.855+0100: 0,270: Total time for which application threads were stopped: 0,0000824 seconds, Stopping threads took: 0,0000095 seconds
2017-02-21T09:31:00.215+0100: 0,631: Total time for which application threads were stopped: 0,0001559 seconds, Stopping threads took: 0,0000242 seconds
2017-02-21T09:31:00.615+0100: 1,031: Total time for which application threads were stopped: 0,0001532 seconds, Stopping threads took: 0,0000160 seconds
2017-02-21T09:31:00.698+0100: 1,114: Total time for which application threads were stopped: 0,0002127 seconds, Stopping threads took: 0,0000246 seconds
2017-02-21T09:31:00.726+0100: 1,142: Total time for which application threads were stopped: 0,0002100 seconds, Stopping threads took: 0,0000209 seconds
2017-02-21T09:31:01.080+0100: 1,495: Total time for which application threads were stopped: 0,0008647 seconds, Stopping threads took: 0,0000717 seconds
2017-02-21T09:31:01.291+0100: 1,707: Total time for which application threads were stopped: 0,0001867 seconds, Stopping threads took: 0,0000107 seconds
2017-02-21T09:31:01.316+0100: 1,731: Total time for which application threads were stopped: 0,0001745 seconds, Stopping threads took: 0,0000147 seconds
2017-02-21T09:31:01.343+0100: 1,758: Total time for which application threads were stopped: 0,0001913 seconds, Stopping threads took: 0,0000175 seconds
2017-02-21T09:31:01.344+0100: 1,759: Total time for which application threads were stopped: 0,0001736 seconds, Stopping threads took: 0,0000150 seconds
2017-02-21T09:31:01.358+0100: 1,774: Total time for which application threads were stopped: 0,0001847 seconds, Stopping threads took: 0,0000216 seconds
2017-02-21T09:31:01.436+0100: 1,852: Total time for which application threads were stopped: 0,0002121 seconds, Stopping threads took: 0,0000213 seconds
2017-02-21T09:31:01.595+0100: 2,010: Total time for which application threads were stopped: 0,0012171 seconds, Stopping threads took: 0,0009907 seconds
{Heap before GC invocations=0 (full 0):
 par new generation   total 109248K, used 87424K [0x00000000e0000000, 0x00000000e8000000, 0x00000000e8000000)
  eden space 87424K, 100% used [0x00000000e0000000, 0x00000000e5560000, 0x00000000e5560000)
  from space 21824K,   0% used [0x00000000e5560000, 0x00000000e5560000, 0x00000000e6ab0000)
  to   space 21824K,   0% used [0x00000000e6ab0000, 0x00000000e6ab0000, 0x00000000e8000000)
 concurrent mark-sweep generation total 393216K, used 0K [0x00000000e8000000, 0x0000000100000000, 0x0000000100000000)
 Metaspace       used 17992K, capacity 18336K, committed 18688K, reserved 1064960K
  class space    used 2036K, capacity 2196K, committed 2304K, reserved 1048576K
2017-02-21T09:31:01.686+0100: 2,102: [GC (Allocation Failure) 2017-02-21T09:31:01.687+0100: 2,102: [ParNew
Desired survivor size 20112992 bytes, new threshold 8 (max 8)
- age   1:   12587496 bytes,   12587496 total
: 87424K->12405K(109248K), 0,0163175 secs] 87424K->12405K(502464K), 0,0163978 secs] [Times: user=0,06 sys=0,00, real=0,02 secs] 
Heap after GC invocations=1 (full 0):
 par new generation   total 109248K, used 12405K [0x00000000e0000000, 0x00000000e8000000, 0x00000000e8000000)
  eden space 87424K,   0% used [0x00000000e0000000, 0x00000000e0000000, 0x00000000e5560000)
  from space 21824K,  56% used [0x00000000e6ab0000, 0x00000000e76cd5a8, 0x00000000e8000000)
  to   space 21824K,   0% used [0x00000000e5560000, 0x00000000e5560000, 0x00000000e6ab0000)
 concurrent mark-sweep generation total 393216K, used 0K [0x00000000e8000000, 0x0000000100000000, 0x0000000100000000)
 Metaspace       used 17992K, capacity 18336K, committed 18688K, reserved 1064960K
  class space    used 2036K, capacity 2196K, committed 2304K, reserved 1048576K
}
2017-02-21T09:31:01.703+0100: 2,118: Total time for which application threads were stopped: 0,0177344 seconds, Stopping threads took: 0,0011420 seconds
2017-02-21T09:31:02.001+0100: 2,416: Total time for which application threads were stopped: 0,0003870 seconds, Stopping threads took: 0,0000481 seconds
{Heap before GC invocations=1 (full 0):
 par new generation   total 109248K, used 99829K [0x00000000e0000000, 0x00000000e8000000, 0x00000000e8000000)
  eden space 87424K, 100% used [0x00000000e0000000, 0x00000000e5560000, 0x00000000e5560000)
  from space 21824K,  56% used [0x00000000e6ab0000, 0x00000000e76cd5a8, 0x00000000e8000000)
  to   space 21824K,   0% used [0x00000000e5560000, 0x00000000e5560000, 0x00000000e6ab0000)
 concurrent mark-sweep generation total 393216K, used 0K [0x00000000e8000000, 0x0000000100000000, 0x0000000100000000)
 Metaspace       used 20008K, capacity 20350K, committed 20736K, reserved 1067008K
  class space    used 2293K, capacity 2465K, committed 2560K, reserved 1048576K
2017-02-21T09:31:02.054+0100: 2,470: [GC (Allocation Failure) 2017-02-21T09:31:02.055+0100: 2,470: [ParNew
Desired survivor size 20112992 bytes, new threshold 8 (max 8)
- age   1:    3753680 bytes,    3753680 total
- age   2:    6655336 bytes,   10409016 total
: 99829K->13687K(109248K), 0,0124380 secs] 99829K->13687K(502464K), 0,0125225 secs] [Times: user=0,03 sys=0,01, real=0,01 secs] 
Heap after GC invocations=2 (full 0):
 par new generation   total 109248K, used 13687K [0x00000000e0000000, 0x00000000e8000000, 0x00000000e8000000)
  eden space 87424K,   0% used [0x00000000e0000000, 0x00000000e0000000, 0x00000000e5560000)
  from space 21824K,  62% used [0x00000000e5560000, 0x00000000e62bdeb8, 0x00000000e6ab0000)
  to   space 21824K,   0% used [0x00000000e6ab0000, 0x00000000e6ab0000, 0x00000000e8000000)
 concurrent mark-sweep generation total 393216K, used 0K [0x00000000e8000000, 0x0000000100000000, 0x0000000100000000)
 Metaspace       used 20008K, capacity 20350K, committed 20736K, reserved 1067008K
  class space    used 2293K, capacity 2465K, committed 2560K, reserved 1048576K
}
2017-02-21T09:31:02.067+0100: 2,483: Total time for which application threads were stopped: 0,0130141 seconds, Stopping threads took: 0,0003222 seconds
2017-02-21T09:31:02.072+0100: 2,487: Total time for which application threads were stopped: 0,0003040 seconds, Stopping threads took: 0,0000463 seconds
2017-02-21T09:31:02.122+0100: 2,537: Total time for which application threads were stopped: 0,0003231 seconds, Stopping threads took: 0,0000486 seconds
2017-02-21T09:31:02.233+0100: 2,649: Total time for which application threads were stopped: 0,0002486 seconds, Stopping threads took: 0,0001217 seconds
{Heap before GC invocations=2 (full 0):
 par new generation   total 109248K, used 101111K [0x00000000e0000000, 0x00000000e8000000, 0x00000000e8000000)
  eden space 87424K, 100% used [0x00000000e0000000, 0x00000000e5560000, 0x00000000e5560000)
  from space 21824K,  62% used [0x00000000e5560000, 0x00000000e62bdeb8, 0x00000000e6ab0000)
  to   space 21824K,   0% used [0x00000000e6ab0000, 0x00000000e6ab0000, 0x00000000e8000000)
 concurrent mark-sweep generation total 393216K, used 0K [0x00000000e8000000, 0x0000000100000000, 0x0000000100000000)
 Metaspace       used 20933K, capacity 21272K, committed 21552K, reserved 1069056K
  class space    used 2417K, capacity 2584K, committed 2608K, reserved 1048576K
2017-02-21T09:31:02.254+0100: 2,670: [GC (Allocation Failure) 2017-02-21T09:31:02.254+0100: 2,670: [ParNew
Desired survivor size 20112992 bytes, new threshold 8 (max 8)
- age   1:    2008264 bytes,    2008264 total
- age   2:     859728 bytes,    2867992 total
- age   3:    6651832 bytes,    9519824 total
: 101111K->12976K(109248K), 0,0099358 secs] 101111K->12976K(502464K), 0,0100157 secs] [Times: user=0,04 sys=0,00, real=0,01 secs] 
Heap after GC invocations=3 (full 0):
 par new generation   total 109248K, used 12976K [0x00000000e0000000, 0x00000000e8000000, 0x00000000e8000000)
  eden space 87424K,   0% used [0x00000000e0000000, 0x00000000e0000000, 0x00000000e5560000)
  from space 21824K,  59% used [0x00000000e6ab0000, 0x00000000e775c188, 0x00000000e8000000)
  to   space 21824K,   0% used [0x00000000e5560000, 0x00000000e5560000, 0x00000000e6ab0000)
 concurrent mark-sweep generation total 393216K, used 0K [0x00000000e8000000, 0x0000000100000000, 0x0000000100000000)
 Metaspace       used 20933K, capacity 21272K, committed 21552K, reserved 1069056K
  class space    used 2417K, capacity 2584K, committed 2608K, reserved 1048576K
}
2017-02-21T09:31:02.265+0100: 2,680: Total time for which application threads were stopped: 0,0105135 seconds, Stopping threads took: 0,0003558 seconds
2017-02-21T09:31:02.265+0100: 2,680: [GC (CMS Initial Mark) [1 CMS-initial-mark: 0K(393216K)] 14427K(502464K), 0,0030829 secs] [Times: user=0,01 sys=0,00, real=0,00 secs] 
2017-02-21T09:31:02.268+0100: 2,684: Total time for which application threads were stopped: 0,0032212 seconds, Stopping threads took: 0,0000457 seconds
2017-02-21T09:31:02.268+0100: 2,684: [CMS-concurrent-mark-start]
2017-02-21T09:31:02.274+0100: 2,690: [CMS-concurrent-mark: 0,006/0,006 secs] [Times: user=0,02 sys=0,00, real=0,01 secs] 
2017-02-21T09:31:02.274+0100: 2,690: [CMS-concurrent-preclean-start]
2017-02-21T09:31:02.276+0100: 2,691: [CMS-concurrent-preclean: 0,001/0,001 secs] [Times: user=0,01 sys=0,00, real=0,00 secs] 
2017-02-21T09:31:02.276+0100: 2,691: [CMS-concurrent-abortable-preclean-start]
{Heap before GC invocations=3 (full 1):
 par new generation   total 109248K, used 100400K [0x00000000e0000000, 0x00000000e8000000, 0x00000000e8000000)
  eden space 87424K, 100% used [0x00000000e0000000, 0x00000000e5560000, 0x00000000e5560000)
  from space 21824K,  59% used [0x00000000e6ab0000, 0x00000000e775c188, 0x00000000e8000000)
  to   space 21824K,   0% used [0x00000000e5560000, 0x00000000e5560000, 0x00000000e6ab0000)
 concurrent mark-sweep generation total 393216K, used 0K [0x00000000e8000000, 0x0000000100000000, 0x0000000100000000)
 Metaspace       used 21202K, capacity 21548K, committed 21628K, reserved 1069056K
  class space    used 2445K, capacity 2599K, committed 2608K, reserved 1048576K
2017-02-21T09:31:02.391+0100: 2,806: [GC (Allocation Failure) 2017-02-21T09:31:02.391+0100: 2,806: [ParNew
Desired survivor size 20112992 bytes, new threshold 8 (max 8)
- age   1:     572296 bytes,     572296 total
- age   2:    1449360 bytes,    2021656 total
- age   3:     836160 bytes,    2857816 total
- age   4:    6651856 bytes,    9509672 total
: 100400K->11088K(109248K), 0,0111843 secs] 100400K->11088K(502464K), 0,0112528 secs] [Times: user=0,04 sys=0,00, real=0,01 secs] 
Heap after GC invocations=4 (full 1):
 par new generation   total 109248K, used 11088K [0x00000000e0000000, 0x00000000e8000000, 0x00000000e8000000)
  eden space 87424K,   0% used [0x00000000e0000000, 0x00000000e0000000, 0x00000000e5560000)
  from space 21824K,  50% used [0x00000000e5560000, 0x00000000e6034090, 0x00000000e6ab0000)
  to   space 21824K,   0% used [0x00000000e6ab0000, 0x00000000e6ab0000, 0x00000000e8000000)
 concurrent mark-sweep generation total 393216K, used 0K [0x00000000e8000000, 0x0000000100000000, 0x0000000100000000)
 Metaspace       used 21202K, capacity 21548K, committed 21628K, reserved 1069056K
  class space    used 2445K, capacity 2599K, committed 2608K, reserved 1048576K
}
2017-02-21T09:31:02.402+0100: 2,817: Total time for which application threads were stopped: 0,0114480 seconds, Stopping threads took: 0,0000690 seconds
2017-02-21T09:31:02.439+0100: 2,854: Total time for which application threads were stopped: 0,0001844 seconds, Stopping threads took: 0,0000973 seconds
2017-02-21T09:31:02.439+0100: 2,854: [CMS-concurrent-abortable-preclean: 0,116/0,163 secs] [Times: user=0,59 sys=0,00, real=0,16 secs] 
2017-02-21T09:31:02.442+0100: 2,857: [GC (CMS Final Remark) [YG occupancy: 54768 K (109248 K)]{Heap before GC invocations=4 (full 1):
 par new generation   total 109248K, used 54768K [0x00000000e0000000, 0x00000000e8000000, 0x00000000e8000000)
  eden space 87424K,  49% used [0x00000000e0000000, 0x00000000e2aa8320, 0x00000000e5560000)
  from space 21824K,  50% used [0x00000000e5560000, 0x00000000e6034090, 0x00000000e6ab0000)
  to   space 21824K,   0% used [0x00000000e6ab0000, 0x00000000e6ab0000, 0x00000000e8000000)
 concurrent mark-sweep generation total 393216K, used 0K [0x00000000e8000000, 0x0000000100000000, 0x0000000100000000)
 Metaspace       used 21241K, capacity 21644K, committed 21756K, reserved 1069056K
  class space    used 2451K, capacity 2631K, committed 2736K, reserved 1048576K
2017-02-21T09:31:02.442+0100: 2,857: [GC (CMS Final Remark) 2017-02-21T09:31:02.442+0100: 2,857: [ParNew
Desired survivor size 20112992 bytes, new threshold 8 (max 8)
- age   1:    1540224 bytes,    1540224 total
- age   2:     182248 bytes,    1722472 total
- age   3:    1449264 bytes,    3171736 total
- age   4:     834224 bytes,    4005960 total
- age   5:    6651752 bytes,   10657712 total
: 54768K->16394K(109248K), 0,0125627 secs] 54768K->16394K(502464K), 0,0126010 secs] [Times: user=0,04 sys=0,00, real=0,01 secs] 
Heap after GC invocations=5 (full 1):
 par new generation   total 109248K, used 16394K [0x00000000e0000000, 0x00000000e8000000, 0x00000000e8000000)
  eden space 87424K,   0% used [0x00000000e0000000, 0x00000000e0000000, 0x00000000e5560000)
  from space 21824K,  75% used [0x00000000e6ab0000, 0x00000000e7ab2880, 0x00000000e8000000)
  to   space 21824K,   0% used [0x00000000e5560000, 0x00000000e5560000, 0x00000000e6ab0000)
 concurrent mark-sweep generation total 393216K, used 0K [0x00000000e8000000, 0x0000000100000000, 0x0000000100000000)
 Metaspace       used 21241K, capacity 21644K, committed 21756K, reserved 1069056K
  class space    used 2451K, capacity 2631K, committed 2736K, reserved 1048576K
}
2017-02-21T09:31:02.454+0100: 2,870: [Rescan (parallel) , 0,0033919 secs]2017-02-21T09:31:02.458+0100: 2,873: [weak refs processing, 0,0010573 secs]2017-02-21T09:31:02.459+0100: 2,874: [class unloading, 0,0027899 secs]2017-02-21T09:31:02.462+0100: 2,877: [scrub symbol table, 0,0026082 secs]2017-02-21T09:31:02.464+0100: 2,880: [scrub string table, 0,0003829 secs][1 CMS-remark: 0K(393216K)] 16394K(502464K), 0,0234710 secs] [Times: user=0,06 sys=0,01, real=0,03 secs] 
2017-02-21T09:31:02.465+0100: 2,881: Total time for which application threads were stopped: 0,0236633 seconds, Stopping threads took: 0,0000869 seconds
2017-02-21T09:31:02.465+0100: 2,881: [CMS-concurrent-sweep-start]
2017-02-21T09:31:02.465+0100: 2,881: [CMS-concurrent-sweep: 0,000/0,000 secs] [Times: user=0,00 sys=0,00, real=0,00 secs] 
2017-02-21T09:31:02.465+0100: 2,881: [CMS-concurrent-reset-start]
2017-02-21T09:31:02.468+0100: 2,883: [CMS-concurrent-reset: 0,002/0,002 secs] [Times: user=0,01 sys=0,00, real=0,00 secs] 
2017-02-21T09:31:02.548+0100: 2,964: Total time for which application threads were stopped: 0,0003150 seconds, Stopping threads took: 0,0000186 seconds
2017-02-21T09:31:02.710+0100: 3,125: Total time for which application threads were stopped: 0,0004629 seconds, Stopping threads took: 0,0000445 seconds
2017-02-21T09:31:02.724+0100: 3,140: Total time for which application threads were stopped: 0,0004127 seconds, Stopping threads took: 0,0000537 seconds
{Heap before GC invocations=5 (full 1):
 par new generation   total 109248K, used 103818K [0x00000000e0000000, 0x00000000e8000000, 0x00000000e8000000)
  eden space 87424K, 100% used [0x00000000e0000000, 0x00000000e5560000, 0x00000000e5560000)
  from space 21824K,  75% used [0x00000000e6ab0000, 0x00000000e7ab2880, 0x00000000e8000000)
  to   space 21824K,   0% used [0x00000000e5560000, 0x00000000e5560000, 0x00000000e6ab0000)
 concurrent mark-sweep generation total 393216K, used 0K [0x00000000e8000000, 0x0000000100000000, 0x0000000100000000)
 Metaspace       used 23272K, capacity 23734K, committed 23984K, reserved 1071104K
  class space    used 2697K, capacity 2878K, committed 2992K, reserved 1048576K
2017-02-21T09:31:02.776+0100: 3,192: [GC (Allocation Failure) 2017-02-21T09:31:02.776+0100: 3,192: [ParNew
Desired survivor size 20112992 bytes, new threshold 8 (max 8)
- age   1:    3124200 bytes,    3124200 total
- age   2:      44816 bytes,    3169016 total
- age   3:     180384 bytes,    3349400 total
- age   4:     279472 bytes,    3628872 total
- age   5:     822464 bytes,    4451336 total
- age   6:    6645328 bytes,   11096664 total
: 103818K->12790K(109248K), 0,0109401 secs] 103818K->12790K(502464K), 0,0110192 secs] [Times: user=0,04 sys=0,00, real=0,01 secs] 
Heap after GC invocations=6 (full 1):
 par new generation   total 109248K, used 12790K [0x00000000e0000000, 0x00000000e8000000, 0x00000000e8000000)
  eden space 87424K,   0% used [0x00000000e0000000, 0x00000000e0000000, 0x00000000e5560000)
  from space 21824K,  58% used [0x00000000e5560000, 0x00000000e61ddbc0, 0x00000000e6ab0000)
  to   space 21824K,   0% used [0x00000000e6ab0000, 0x00000000e6ab0000, 0x00000000e8000000)
 concurrent mark-sweep generation total 393216K, used 0K [0x00000000e8000000, 0x0000000100000000, 0x0000000100000000)
 Metaspace       used 23272K, capacity 23734K, committed 23984K, reserved 1071104K
  class space    used 2697K, capacity 2878K, committed 2992K, reserved 1048576K
}
2017-02-21T09:31:02.787+0100: 3,203: Total time for which application threads were stopped: 0,0113060 seconds, Stopping threads took: 0,0000821 seconds
{Heap before GC invocations=6 (full 1):
 par new generation   total 109248K, used 100214K [0x00000000e0000000, 0x00000000e8000000, 0x00000000e8000000)
  eden space 87424K, 100% used [0x00000000e0000000, 0x00000000e5560000, 0x00000000e5560000)
  from space 21824K,  58% used [0x00000000e5560000, 0x00000000e61ddbc0, 0x00000000e6ab0000)
  to   space 21824K,   0% used [0x00000000e6ab0000, 0x00000000e6ab0000, 0x00000000e8000000)
 concurrent mark-sweep generation total 393216K, used 0K [0x00000000e8000000, 0x0000000100000000, 0x0000000100000000)
 Metaspace       used 24379K, capacity 24870K, committed 25136K, reserved 1071104K
  class space    used 2862K, capacity 3041K, committed 3120K, reserved 1048576K
2017-02-21T09:31:02.992+0100: 3,408: [GC (Allocation Failure) 2017-02-21T09:31:02.992+0100: 3,408: [ParNew
Desired survivor size 20112992 bytes, new threshold 8 (max 8)
- age   1:    2935928 bytes,    2935928 total
- age   2:    1260128 bytes,    4196056 total
- age   3:      36160 bytes,    4232216 total
- age   4:     138160 bytes,    4370376 total
- age   5:     224616 bytes,    4594992 total
- age   6:     792048 bytes,    5387040 total
- age   7:    6377752 bytes,   11764792 total
: 100214K->16257K(109248K), 0,0141630 secs] 100214K->16257K(502464K), 0,0142406 secs] [Times: user=0,04 sys=0,00, real=0,02 secs] 
Heap after GC invocations=7 (full 1):
 par new generation   total 109248K, used 16257K [0x00000000e0000000, 0x00000000e8000000, 0x00000000e8000000)
  eden space 87424K,   0% used [0x00000000e0000000, 0x00000000e0000000, 0x00000000e5560000)
  from space 21824K,  74% used [0x00000000e6ab0000, 0x00000000e7a90520, 0x00000000e8000000)
  to   space 21824K,   0% used [0x00000000e5560000, 0x00000000e5560000, 0x00000000e6ab0000)
 concurrent mark-sweep generation total 393216K, used 0K [0x00000000e8000000, 0x0000000100000000, 0x0000000100000000)
 Metaspace       used 24379K, capacity 24870K, committed 25136K, reserved 1071104K
  class space    used 2862K, capacity 3041K, committed 3120K, reserved 1048576K
}
2017-02-21T09:31:03.007+0100: 3,422: Total time for which application threads were stopped: 0,0145076 seconds, Stopping threads took: 0,0000639 seconds
{Heap before GC invocations=7 (full 1):
 par new generation   total 109248K, used 103681K [0x00000000e0000000, 0x00000000e8000000, 0x00000000e8000000)
  eden space 87424K, 100% used [0x00000000e0000000, 0x00000000e5560000, 0x00000000e5560000)
  from space 21824K,  74% used [0x00000000e6ab0000, 0x00000000e7a90520, 0x00000000e8000000)
  to   space 21824K,   0% used [0x00000000e5560000, 0x00000000e5560000, 0x00000000e6ab0000)
 concurrent mark-sweep generation total 393216K, used 0K [0x00000000e8000000, 0x0000000100000000, 0x0000000100000000)
 Metaspace       used 25466K, capacity 26052K, committed 26160K, reserved 1073152K
  class space    used 2951K, capacity 3120K, committed 3120K, reserved 1048576K
2017-02-21T09:31:03.232+0100: 3,648: [GC (Allocation Failure) 2017-02-21T09:31:03.232+0100: 3,648: [ParNew
Desired survivor size 20112992 bytes, new threshold 8 (max 8)
- age   1:    2153312 bytes,    2153312 total
- age   2:     691632 bytes,    2844944 total
- age   3:    1256456 bytes,    4101400 total
- age   4:      33648 bytes,    4135048 total
- age   5:     135448 bytes,    4270496 total
- age   6:     224000 bytes,    4494496 total
- age   7:     790448 bytes,    5284944 total
- age   8:    6376704 bytes,   11661648 total
: 103681K->14919K(109248K), 0,0110800 secs] 103681K->14919K(502464K), 0,0111631 secs] [Times: user=0,04 sys=0,00, real=0,02 secs] 
Heap after GC invocations=8 (full 1):
 par new generation   total 109248K, used 14919K [0x00000000e0000000, 0x00000000e8000000, 0x00000000e8000000)
  eden space 87424K,   0% used [0x00000000e0000000, 0x00000000e0000000, 0x00000000e5560000)
  from space 21824K,  68% used [0x00000000e5560000, 0x00000000e63f1d98, 0x00000000e6ab0000)
  to   space 21824K,   0% used [0x00000000e6ab0000, 0x00000000e6ab0000, 0x00000000e8000000)
 concurrent mark-sweep generation total 393216K, used 0K [0x00000000e8000000, 0x0000000100000000, 0x0000000100000000)
 Metaspace       used 25466K, capacity 26052K, committed 26160K, reserved 1073152K
  class space    used 2951K, capacity 3120K, committed 3120K, reserved 1048576K
}
2017-02-21T09:31:03.244+0100: 3,659: Total time for which application threads were stopped: 0,0114341 seconds, Stopping threads took: 0,0000459 seconds
2017-02-21T09:31:03.362+0100: 3,778: Total time for which application threads were stopped: 0,0005206 seconds, Stopping threads took: 0,0000274 seconds
2017-02-21T09:31:03.380+0100: 3,795: Total time for which application threads were stopped: 0,0004650 seconds, Stopping threads took: 0,0000430 seconds
2017-02-21T09:31:03.467+0100: 3,882: Total time for which application threads were stopped: 0,0035721 seconds, Stopping threads took: 0,0032156 seconds
2017-02-21T09:31:03.615+0100: 4,031: Total time for which application threads were stopped: 0,0005711 seconds, Stopping threads took: 0,0000369 seconds
2017-02-21T09:31:03.635+0100: 4,051: Total time for which application threads were stopped: 0,0009548 seconds, Stopping threads took: 0,0005247 seconds
2017-02-21T09:31:03.642+0100: 4,057: Total time for which application threads were stopped: 0,0058702 seconds, Stopping threads took: 0,0057500 seconds
2017-02-21T09:31:03.643+0100: 4,059: Total time for which application threads were stopped: 0,0001124 seconds, Stopping threads took: 0,0000307 seconds
2017-02-21T09:31:03.656+0100: 4,071: Total time for which application threads were stopped: 0,0002708 seconds, Stopping threads took: 0,0001570 seconds
2017-02-21T09:31:03.657+0100: 4,073: Total time for which application threads were stopped: 0,0002443 seconds, Stopping threads took: 0,0001416 seconds
2017-02-21T09:31:51.666+0100: 52,082: Total time for which application threads were stopped: 0,0000918 seconds, Stopping threads took: 0,0000357 seconds
2017-02-21T09:32:56.675+0100: 117,091: Total time for which application threads were stopped: 0,0000938 seconds, Stopping threads took: 0,0000383 seconds
2017-02-21T09:33:01.676+0100: 122,092: Total time for which application threads were stopped: 0,0001139 seconds, Stopping threads took: 0,0000282 seconds
2017-02-21T09:33:20.679+0100: 141,095: Total time for which application threads were stopped: 0,0000945 seconds, Stopping threads took: 0,0000349 seconds
2017-02-21T09:33:40.682+0100: 161,097: Total time for which application threads were stopped: 0,0000809 seconds, Stopping threads took: 0,0000321 seconds
2017-02-21T09:33:45.682+0100: 166,098: Total time for which application threads were stopped: 0,0001899 seconds, Stopping threads took: 0,0000326 seconds
2017-02-21T09:33:50.683+0100: 171,099: Total time for which application threads were stopped: 0,0001437 seconds, Stopping threads took: 0,0000335 seconds
2017-02-21T09:34:00.685+0100: 181,100: Total time for which application threads were stopped: 0,0001477 seconds, Stopping threads took: 0,0000335 seconds
2017-02-21T09:34:10.686+0100: 191,102: Total time for which application threads were stopped: 0,0000849 seconds, Stopping threads took: 0,0000320 seconds
2017-02-21T09:35:11.697+0100: 252,112: Total time for which application threads were stopped: 0,0001993 seconds, Stopping threads took: 0,0000638 seconds
2017-02-21T09:35:21.698+0100: 262,114: Total time for which application threads were stopped: 0,0001441 seconds, Stopping threads took: 0,0000338 seconds
2017-02-21T09:54:25.884+0100: 1406,300: Total time for which application threads were stopped: 0,0001822 seconds, Stopping threads took: 0,0000679 seconds
2017-02-21T09:59:30.936+0100: 1711,351: Total time for which application threads were stopped: 0,0001754 seconds, Stopping threads took: 0,0000507 seconds
2017-02-21T10:09:21.031+0100: 2301,447: Total time for which application threads were stopped: 0,0001614 seconds, Stopping threads took: 0,0000586 seconds
2017-02-21T10:09:22.031+0100: 2302,447: Total time for which application threads were stopped: 0,0001346 seconds, Stopping threads took: 0,0000309 seconds
2017-02-21T10:33:08.147+0100: 3197,050: Total time for which application threads were stopped: 0,0001763 seconds, Stopping threads took: 0,0000688 seconds
2017-02-21T10:39:10.627+0100: 3559,530: Total time for which application threads were stopped: 0,0002297 seconds, Stopping threads took: 0,0000445 seconds
2017-02-21T10:39:10.631+0100: 3559,534: Total time for which application threads were stopped: 0,0000956 seconds, Stopping threads took: 0,0000191 seconds
2017-02-21T10:39:10.662+0100: 3559,565: Total time for which application threads were stopped: 0,0003929 seconds, Stopping threads took: 0,0000157 seconds
2017-02-21T10:39:10.682+0100: 3559,584: Total time for which application threads were stopped: 0,0000919 seconds, Stopping threads took: 0,0000184 seconds
2017-02-21T10:39:10.682+0100: 3559,584: Total time for which application threads were stopped: 0,0000387 seconds, Stopping threads took: 0,0000070 seconds
2017-02-21T10:39:10.755+0100: 3559,657: Total time for which application threads were stopped: 0,0000978 seconds, Stopping threads took: 0,0000173 seconds
2017-02-21T10:39:10.776+0100: 3559,679: Total time for which application threads were stopped: 0,0001044 seconds, Stopping threads took: 0,0000312 seconds
2017-02-21T10:39:10.776+0100: 3559,679: Total time for which application threads were stopped: 0,0000683 seconds, Stopping threads took: 0,0000184 seconds
2017-02-21T10:39:11.239+0100: 3560,141: Total time for which application threads were stopped: 0,0001081 seconds, Stopping threads took: 0,0000244 seconds
2017-02-21T10:39:11.241+0100: 3560,143: Total time for which application threads were stopped: 0,0001556 seconds, Stopping threads took: 0,0000735 seconds
2017-02-21T10:39:11.242+0100: 3560,145: Total time for which application threads were stopped: 0,0000832 seconds, Stopping threads took: 0,0000217 seconds
2017-02-21T10:39:15.311+0100: 3564,213: Total time for which application threads were stopped: 0,0001290 seconds, Stopping threads took: 0,0000365 seconds
2017-02-21T10:39:15.314+0100: 3564,217: Total time for which application threads were stopped: 0,0036199 seconds, Stopping threads took: 0,0030802 seconds
2017-02-21T10:39:15.316+0100: 3564,218: Total time for which application threads were stopped: 0,0001123 seconds, Stopping threads took: 0,0000271 seconds
2017-02-21T10:39:15.316+0100: 3564,219: Total time for which application threads were stopped: 0,0000673 seconds, Stopping threads took: 0,0000137 seconds
2017-02-21T10:39:15.316+0100: 3564,219: Total time for which application threads were stopped: 0,0000745 seconds, Stopping threads took: 0,0000126 seconds
2017-02-21T10:39:15.316+0100: 3564,219: Total time for which application threads were stopped: 0,0000602 seconds, Stopping threads took: 0,0000099 seconds
2017-02-21T10:39:15.316+0100: 3564,219: Total time for which application threads were stopped: 0,0000580 seconds, Stopping threads took: 0,0000093 seconds
2017-02-21T10:39:15.317+0100: 3564,219: Total time for which application threads were stopped: 0,0000726 seconds, Stopping threads took: 0,0000144 seconds
2017-02-21T10:39:15.317+0100: 3564,219: Total time for which application threads were stopped: 0,0000601 seconds, Stopping threads took: 0,0000095 seconds
2017-02-21T10:39:15.317+0100: 3564,219: Total time for which application threads were stopped: 0,0000593 seconds, Stopping threads took: 0,0000095 seconds
2017-02-21T10:39:15.317+0100: 3564,219: Total time for which application threads were stopped: 0,0000586 seconds, Stopping threads took: 0,0000120 seconds
2017-02-21T10:39:15.318+0100: 3564,220: Total time for which application threads were stopped: 0,0001371 seconds, Stopping threads took: 0,0000569 seconds
2017-02-21T10:39:15.318+0100: 3564,220: Total time for which application threads were stopped: 0,0000791 seconds, Stopping threads took: 0,0000122 seconds
2017-02-21T10:39:15.318+0100: 3564,221: Total time for which application threads were stopped: 0,0002730 seconds, Stopping threads took: 0,0000145 seconds
2017-02-21T10:39:15.319+0100: 3564,222: Total time for which application threads were stopped: 0,0001128 seconds, Stopping threads took: 0,0000370 seconds
2017-02-21T10:39:15.319+0100: 3564,222: Total time for which application threads were stopped: 0,0000781 seconds, Stopping threads took: 0,0000149 seconds
2017-02-21T10:39:15.320+0100: 3564,223: Total time for which application threads were stopped: 0,0001825 seconds, Stopping threads took: 0,0000612 seconds
2017-02-21T10:39:15.320+0100: 3564,223: Total time for which application threads were stopped: 0,0001081 seconds, Stopping threads took: 0,0000383 seconds
2017-02-21T10:39:15.321+0100: 3564,223: Total time for which application threads were stopped: 0,0001491 seconds, Stopping threads took: 0,0000534 seconds
2017-02-21T10:39:15.322+0100: 3564,224: Total time for which application threads were stopped: 0,0000743 seconds, Stopping threads took: 0,0000173 seconds
2017-02-21T10:39:15.322+0100: 3564,224: Total time for which application threads were stopped: 0,0000459 seconds, Stopping threads took: 0,0000098 seconds
2017-02-21T10:39:15.322+0100: 3564,225: Total time for which application threads were stopped: 0,0000373 seconds, Stopping threads took: 0,0000081 seconds
2017-02-21T10:39:15.322+0100: 3564,225: Total time for which application threads were stopped: 0,0000342 seconds, Stopping threads took: 0,0000081 seconds
2017-02-21T10:39:15.322+0100: 3564,225: Total time for which application threads were stopped: 0,0000381 seconds, Stopping threads took: 0,0000071 seconds
2017-02-21T10:39:15.322+0100: 3564,225: Total time for which application threads were stopped: 0,0000438 seconds, Stopping threads took: 0,0000116 seconds
2017-02-21T10:39:15.323+0100: 3564,226: Total time for which application threads were stopped: 0,0001265 seconds, Stopping threads took: 0,0000076 seconds
2017-02-21T10:39:16.323+0100: 3565,226: Total time for which application threads were stopped: 0,0001046 seconds, Stopping threads took: 0,0000276 seconds
2017-02-21T10:39:18.323+0100: 3567,226: Total time for which application threads were stopped: 0,0001244 seconds, Stopping threads took: 0,0000213 seconds
2017-02-21T10:39:21.324+0100: 3570,226: Total time for which application threads were stopped: 0,0000828 seconds, Stopping threads took: 0,0000175 seconds
2017-02-21T10:39:23.324+0100: 3572,227: Total time for which application threads were stopped: 0,0001406 seconds, Stopping threads took: 0,0000510 seconds
2017-02-21T10:39:28.325+0100: 3577,228: Total time for which application threads were stopped: 0,0004657 seconds, Stopping threads took: 0,0001116 seconds
2017-02-21T10:39:30.325+0100: 3579,228: Total time for which application threads were stopped: 0,0000716 seconds, Stopping threads took: 0,0000148 seconds
2017-02-21T10:39:32.325+0100: 3581,228: Total time for which application threads were stopped: 0,0000749 seconds, Stopping threads took: 0,0000198 seconds
2017-02-21T10:39:40.326+0100: 3589,229: Total time for which application threads were stopped: 0,0000959 seconds, Stopping threads took: 0,0000189 seconds
2017-02-21T10:39:42.327+0100: 3591,229: Total time for which application threads were stopped: 0,0001162 seconds, Stopping threads took: 0,0000231 seconds
2017-02-21T10:39:45.943+0100: 3594,846: Total time for which application threads were stopped: 0,0000723 seconds, Stopping threads took: 0,0000131 seconds
2017-02-21T10:39:45.943+0100: 3594,846: Total time for which application threads were stopped: 0,0000402 seconds, Stopping threads took: 0,0000099 seconds
2017-02-21T10:39:45.943+0100: 3594,846: Total time for which application threads were stopped: 0,0000555 seconds, Stopping threads took: 0,0000069 seconds
2017-02-21T10:39:45.944+0100: 3594,846: Total time for which application threads were stopped: 0,0000842 seconds, Stopping threads took: 0,0000329 seconds
2017-02-21T10:39:45.944+0100: 3594,847: Total time for which application threads were stopped: 0,0000658 seconds, Stopping threads took: 0,0000231 seconds
2017-02-21T10:39:45.947+0100: 3594,850: Total time for which application threads were stopped: 0,0000573 seconds, Stopping threads took: 0,0000143 seconds
2017-02-21T10:39:45.947+0100: 3594,850: Total time for which application threads were stopped: 0,0000520 seconds, Stopping threads took: 0,0000097 seconds
2017-02-21T10:39:45.947+0100: 3594,850: Total time for which application threads were stopped: 0,0000350 seconds, Stopping threads took: 0,0000067 seconds
2017-02-21T10:39:45.948+0100: 3594,850: Total time for which application threads were stopped: 0,0000480 seconds, Stopping threads took: 0,0000130 seconds
2017-02-21T10:39:45.948+0100: 3594,851: Total time for which application threads were stopped: 0,0000440 seconds, Stopping threads took: 0,0000114 seconds
2017-02-21T10:39:45.948+0100: 3594,851: Total time for which application threads were stopped: 0,0000424 seconds, Stopping threads took: 0,0000085 seconds
2017-02-21T10:39:45.948+0100: 3594,851: Total time for which application threads were stopped: 0,0000359 seconds, Stopping threads took: 0,0000088 seconds
2017-02-21T10:39:45.948+0100: 3594,851: Total time for which application threads were stopped: 0,0000448 seconds, Stopping threads took: 0,0000114 seconds
2017-02-21T10:39:45.948+0100: 3594,851: Total time for which application threads were stopped: 0,0000358 seconds, Stopping threads took: 0,0000062 seconds
2017-02-21T10:39:45.948+0100: 3594,851: Total time for which application threads were stopped: 0,0000294 seconds, Stopping threads took: 0,0000058 seconds
2017-02-21T10:39:45.949+0100: 3594,851: Total time for which application threads were stopped: 0,0000387 seconds, Stopping threads took: 0,0000087 seconds
2017-02-21T10:39:45.949+0100: 3594,852: Total time for which application threads were stopped: 0,0000359 seconds, Stopping threads took: 0,0000101 seconds
2017-02-21T10:39:45.949+0100: 3594,852: Total time for which application threads were stopped: 0,0000321 seconds, Stopping threads took: 0,0000071 seconds
2017-02-21T10:39:45.949+0100: 3594,852: Total time for which application threads were stopped: 0,0000286 seconds, Stopping threads took: 0,0000059 seconds
2017-02-21T10:39:45.949+0100: 3594,852: Total time for which application threads were stopped: 0,0001003 seconds, Stopping threads took: 0,0000079 seconds
2017-02-21T10:39:45.950+0100: 3594,852: Total time for which application threads were stopped: 0,0000327 seconds, Stopping threads took: 0,0000080 seconds
2017-02-21T10:39:45.950+0100: 3594,853: Total time for which application threads were stopped: 0,0000334 seconds, Stopping threads took: 0,0000060 seconds
2017-02-21T10:39:45.951+0100: 3594,853: Total time for which application threads were stopped: 0,0000355 seconds, Stopping threads took: 0,0000080 seconds
2017-02-21T10:39:45.951+0100: 3594,853: Total time for which application threads were stopped: 0,0000319 seconds, Stopping threads took: 0,0000065 seconds
2017-02-21T10:39:45.951+0100: 3594,853: Total time for which application threads were stopped: 0,0000283 seconds, Stopping threads took: 0,0000060 seconds
2017-02-21T10:39:45.951+0100: 3594,853: Total time for which application threads were stopped: 0,0000316 seconds, Stopping threads took: 0,0000087 seconds
2017-02-21T10:39:45.951+0100: 3594,853: Total time for which application threads were stopped: 0,0000314 seconds, Stopping threads took: 0,0000061 seconds
2017-02-21T10:39:45.951+0100: 3594,854: Total time for which application threads were stopped: 0,0000288 seconds, Stopping threads took: 0,0000051 seconds
2017-02-21T10:39:45.951+0100: 3594,854: Total time for which application threads were stopped: 0,0000334 seconds, Stopping threads took: 0,0000063 seconds
2017-02-21T10:39:45.951+0100: 3594,854: Total time for which application threads were stopped: 0,0000369 seconds, Stopping threads took: 0,0000070 seconds
2017-02-21T10:39:45.951+0100: 3594,854: Total time for which application threads were stopped: 0,0000332 seconds, Stopping threads took: 0,0000080 seconds
2017-02-21T10:39:45.951+0100: 3594,854: Total time for which application threads were stopped: 0,0000298 seconds, Stopping threads took: 0,0000053 seconds
2017-02-21T10:39:45.952+0100: 3594,854: Total time for which application threads were stopped: 0,0000336 seconds, Stopping threads took: 0,0000061 seconds
2017-02-21T10:39:45.952+0100: 3594,855: Total time for which application threads were stopped: 0,0000374 seconds, Stopping threads took: 0,0000085 seconds
2017-02-21T10:39:45.952+0100: 3594,855: Total time for which application threads were stopped: 0,0000320 seconds, Stopping threads took: 0,0000067 seconds
2017-02-21T10:39:45.952+0100: 3594,855: Total time for which application threads were stopped: 0,0000354 seconds, Stopping threads took: 0,0000072 seconds
2017-02-21T10:39:45.952+0100: 3594,855: Total time for which application threads were stopped: 0,0000320 seconds, Stopping threads took: 0,0000068 seconds
2017-02-21T10:39:45.952+0100: 3594,855: Total time for which application threads were stopped: 0,0000293 seconds, Stopping threads took: 0,0000057 seconds
2017-02-21T10:39:45.953+0100: 3594,855: Total time for which application threads were stopped: 0,0000340 seconds, Stopping threads took: 0,0000076 seconds
2017-02-21T10:39:45.953+0100: 3594,856: Total time for which application threads were stopped: 0,0001033 seconds, Stopping threads took: 0,0000076 seconds
2017-02-21T10:39:46.953+0100: 3595,856: Total time for which application threads were stopped: 0,0001138 seconds, Stopping threads took: 0,0000221 seconds
2017-02-21T10:39:47.953+0100: 3596,856: Total time for which application threads were stopped: 0,0000925 seconds, Stopping threads took: 0,0000188 seconds
2017-02-21T10:39:48.953+0100: 3597,856: Total time for which application threads were stopped: 0,0000762 seconds, Stopping threads took: 0,0000182 seconds
2017-02-21T10:39:49.954+0100: 3598,856: Total time for which application threads were stopped: 0,0000907 seconds, Stopping threads took: 0,0000197 seconds
2017-02-21T10:39:51.954+0100: 3600,857: Total time for which application threads were stopped: 0,0001197 seconds, Stopping threads took: 0,0000349 seconds
2017-02-21T10:39:52.955+0100: 3601,857: Total time for which application threads were stopped: 0,0003672 seconds, Stopping threads took: 0,0000810 seconds
2017-02-21T10:39:53.955+0100: 3602,857: Total time for which application threads were stopped: 0,0000701 seconds, Stopping threads took: 0,0000162 seconds
2017-02-21T10:39:54.955+0100: 3603,858: Total time for which application threads were stopped: 0,0000765 seconds, Stopping threads took: 0,0000188 seconds
2017-02-21T10:39:55.955+0100: 3604,858: Total time for which application threads were stopped: 0,0001786 seconds, Stopping threads took: 0,0000337 seconds
2017-02-21T10:39:57.956+0100: 3606,858: Total time for which application threads were stopped: 0,0003988 seconds, Stopping threads took: 0,0000800 seconds
2017-02-21T10:39:58.956+0100: 3607,859: Total time for which application threads were stopped: 0,0000732 seconds, Stopping threads took: 0,0000193 seconds
2017-02-21T10:39:59.956+0100: 3608,859: Total time for which application threads were stopped: 0,0000710 seconds, Stopping threads took: 0,0000149 seconds
2017-02-21T10:40:00.956+0100: 3609,859: Total time for which application threads were stopped: 0,0000688 seconds, Stopping threads took: 0,0000153 seconds
2017-02-21T10:40:02.957+0100: 3611,859: Total time for which application threads were stopped: 0,0001897 seconds, Stopping threads took: 0,0000444 seconds
2017-02-21T10:40:03.957+0100: 3612,860: Total time for which application threads were stopped: 0,0000766 seconds, Stopping threads took: 0,0000180 seconds
2017-02-21T10:40:04.958+0100: 3613,860: Total time for which application threads were stopped: 0,0004528 seconds, Stopping threads took: 0,0001022 seconds
2017-02-21T10:40:05.958+0100: 3614,861: Total time for which application threads were stopped: 0,0000747 seconds, Stopping threads took: 0,0000152 seconds
2017-02-21T10:40:06.958+0100: 3615,861: Total time for which application threads were stopped: 0,0000702 seconds, Stopping threads took: 0,0000153 seconds
2017-02-21T10:40:07.958+0100: 3616,861: Total time for which application threads were stopped: 0,0000707 seconds, Stopping threads took: 0,0000176 seconds
2017-02-21T10:40:08.959+0100: 3617,861: Total time for which application threads were stopped: 0,0001763 seconds, Stopping threads took: 0,0000850 seconds
2017-02-21T10:40:10.959+0100: 3619,861: Total time for which application threads were stopped: 0,0000705 seconds, Stopping threads took: 0,0000219 seconds
2017-02-21T10:40:11.959+0100: 3620,862: Total time for which application threads were stopped: 0,0002634 seconds, Stopping threads took: 0,0000501 seconds
2017-02-21T10:40:12.960+0100: 3621,862: Total time for which application threads were stopped: 0,0000707 seconds, Stopping threads took: 0,0000148 seconds
2017-02-21T10:40:15.960+0100: 3624,863: Total time for which application threads were stopped: 0,0000698 seconds, Stopping threads took: 0,0000162 seconds
2017-02-21T10:40:16.960+0100: 3625,863: Total time for which application threads were stopped: 0,0004728 seconds, Stopping threads took: 0,0000898 seconds
2017-02-21T10:40:19.961+0100: 3628,864: Total time for which application threads were stopped: 0,0005415 seconds, Stopping threads took: 0,0001185 seconds
2017-02-21T10:40:20.962+0100: 3629,864: Total time for which application threads were stopped: 0,0001856 seconds, Stopping threads took: 0,0001095 seconds
2017-02-21T10:40:21.962+0100: 3630,865: Total time for which application threads were stopped: 0,0003568 seconds, Stopping threads took: 0,0001354 seconds
2017-02-21T10:40:22.963+0100: 3631,866: Total time for which application threads were stopped: 0,0006267 seconds, Stopping threads took: 0,0001336 seconds
2017-02-21T10:40:23.964+0100: 3632,866: Total time for which application threads were stopped: 0,0004471 seconds, Stopping threads took: 0,0001074 seconds
2017-02-21T10:40:24.964+0100: 3633,867: Total time for which application threads were stopped: 0,0000660 seconds, Stopping threads took: 0,0000149 seconds
2017-02-21T10:40:26.965+0100: 3635,867: Total time for which application threads were stopped: 0,0005551 seconds, Stopping threads took: 0,0001345 seconds
2017-02-21T10:40:33.966+0100: 3642,869: Total time for which application threads were stopped: 0,0001302 seconds, Stopping threads took: 0,0000393 seconds
2017-02-21T10:40:34.966+0100: 3643,869: Total time for which application threads were stopped: 0,0000768 seconds, Stopping threads took: 0,0000207 seconds
2017-02-21T10:40:35.966+0100: 3644,869: Total time for which application threads were stopped: 0,0000729 seconds, Stopping threads took: 0,0000153 seconds
2017-02-21T10:40:36.967+0100: 3645,869: Total time for which application threads were stopped: 0,0001377 seconds, Stopping threads took: 0,0000288 seconds
2017-02-21T10:40:52.969+0100: 3661,871: Total time for which application threads were stopped: 0,0000692 seconds, Stopping threads took: 0,0000150 seconds
2017-02-21T10:41:33.974+0100: 3702,877: Total time for which application threads were stopped: 0,0000883 seconds, Stopping threads took: 0,0000218 seconds
2017-02-21T10:41:35.974+0100: 3704,877: Total time for which application threads were stopped: 0,0001026 seconds, Stopping threads took: 0,0000289 seconds
2017-02-21T10:41:55.976+0100: 3724,879: Total time for which application threads were stopped: 0,0001297 seconds, Stopping threads took: 0,0000526 seconds
2017-02-21T10:41:56.976+0100: 3725,879: Total time for which application threads were stopped: 0,0000978 seconds, Stopping threads took: 0,0000272 seconds
2017-02-21T10:41:57.976+0100: 3726,879: Total time for which application threads were stopped: 0,0000790 seconds, Stopping threads took: 0,0000147 seconds
2017-02-21T10:41:58.977+0100: 3727,879: Total time for which application threads were stopped: 0,0003566 seconds, Stopping threads took: 0,0000920 seconds
2017-02-21T10:42:00.977+0100: 3729,880: Total time for which application threads were stopped: 0,0000772 seconds, Stopping threads took: 0,0000166 seconds
2017-02-21T10:42:01.978+0100: 3730,880: Total time for which application threads were stopped: 0,0001550 seconds, Stopping threads took: 0,0000359 seconds
2017-02-21T10:42:07.978+0100: 3736,881: Total time for which application threads were stopped: 0,0003162 seconds, Stopping threads took: 0,0000443 seconds
2017-02-21T10:42:10.979+0100: 3739,882: Total time for which application threads were stopped: 0,0003054 seconds, Stopping threads took: 0,0000728 seconds
2017-02-21T10:42:32.981+0100: 3761,884: Total time for which application threads were stopped: 0,0001259 seconds, Stopping threads took: 0,0000254 seconds
2017-02-21T10:42:33.981+0100: 3762,884: Total time for which application threads were stopped: 0,0000912 seconds, Stopping threads took: 0,0000310 seconds
2017-02-21T10:42:36.982+0100: 3765,884: Total time for which application threads were stopped: 0,0001379 seconds, Stopping threads took: 0,0000446 seconds
2017-02-21T10:42:38.982+0100: 3767,885: Total time for which application threads were stopped: 0,0000834 seconds, Stopping threads took: 0,0000211 seconds
2017-02-21T10:42:40.983+0100: 3769,885: Total time for which application threads were stopped: 0,0000964 seconds, Stopping threads took: 0,0000209 seconds
2017-02-21T10:42:46.983+0100: 3775,886: Total time for which application threads were stopped: 0,0001407 seconds, Stopping threads took: 0,0000449 seconds
2017-02-21T10:42:47.984+0100: 3776,886: Total time for which application threads were stopped: 0,0001179 seconds, Stopping threads took: 0,0000272 seconds
2017-02-21T10:42:49.984+0100: 3778,887: Total time for which application threads were stopped: 0,0002135 seconds, Stopping threads took: 0,0000300 seconds
2017-02-21T10:42:50.985+0100: 3779,887: Total time for which application threads were stopped: 0,0005281 seconds, Stopping threads took: 0,0001119 seconds
2017-02-21T10:42:51.985+0100: 3780,888: Total time for which application threads were stopped: 0,0001356 seconds, Stopping threads took: 0,0000427 seconds
2017-02-21T10:42:53.986+0100: 3782,889: Total time for which application threads were stopped: 0,0006113 seconds, Stopping threads took: 0,0001272 seconds
2017-02-21T10:42:56.986+0100: 3785,889: Total time for which application threads were stopped: 0,0000808 seconds, Stopping threads took: 0,0000165 seconds
2017-02-21T10:42:58.987+0100: 3787,889: Total time for which application threads were stopped: 0,0000851 seconds, Stopping threads took: 0,0000233 seconds
2017-02-21T10:43:01.987+0100: 3790,890: Total time for which application threads were stopped: 0,0000778 seconds, Stopping threads took: 0,0000192 seconds
2017-02-21T10:43:03.987+0100: 3792,890: Total time for which application threads were stopped: 0,0001100 seconds, Stopping threads took: 0,0000203 seconds
2017-02-21T10:43:06.988+0100: 3795,891: Total time for which application threads were stopped: 0,0003946 seconds, Stopping threads took: 0,0000878 seconds
2017-02-21T10:43:12.989+0100: 3801,891: Total time for which application threads were stopped: 0,0000722 seconds, Stopping threads took: 0,0000152 seconds
2017-02-21T10:43:18.989+0100: 3807,892: Total time for which application threads were stopped: 0,0002451 seconds, Stopping threads took: 0,0000611 seconds
2017-02-21T10:43:26.990+0100: 3815,893: Total time for which application threads were stopped: 0,0002655 seconds, Stopping threads took: 0,0000740 seconds
{Heap before GC invocations=8 (full 1):
 par new generation   total 109248K, used 102343K [0x00000000e0000000, 0x00000000e8000000, 0x00000000e8000000)
  eden space 87424K, 100% used [0x00000000e0000000, 0x00000000e5560000, 0x00000000e5560000)
  from space 21824K,  68% used [0x00000000e5560000, 0x00000000e63f1d98, 0x00000000e6ab0000)
  to   space 21824K,   0% used [0x00000000e6ab0000, 0x00000000e6ab0000, 0x00000000e8000000)
 concurrent mark-sweep generation total 393216K, used 0K [0x00000000e8000000, 0x0000000100000000, 0x0000000100000000)
 Metaspace       used 30084K, capacity 30742K, committed 30896K, reserved 1077248K
  class space    used 3425K, capacity 3714K, committed 3760K, reserved 1048576K
2017-02-21T10:43:38.152+0100: 3827,055: [GC (Allocation Failure) 2017-02-21T10:43:38.152+0100: 3827,055: [ParNew
Desired survivor size 20112992 bytes, new threshold 8 (max 8)
- age   1:   13914728 bytes,   13914728 total
- age   2:    1149952 bytes,   15064680 total
- age   3:     676232 bytes,   15740912 total
- age   4:    1250920 bytes,   16991832 total
- age   5:      33552 bytes,   17025384 total
- age   6:     135208 bytes,   17160592 total
- age   7:     223168 bytes,   17383760 total
- age   8:     786240 bytes,   18170000 total
: 102343K->21443K(109248K), 0,0629657 secs] 102343K->28231K(502464K), 0,0631820 secs] [Times: user=0,12 sys=0,00, real=0,07 secs] 
Heap after GC invocations=9 (full 1):
 par new generation   total 109248K, used 21443K [0x00000000e0000000, 0x00000000e8000000, 0x00000000e8000000)
  eden space 87424K,   0% used [0x00000000e0000000, 0x00000000e0000000, 0x00000000e5560000)
  from space 21824K,  98% used [0x00000000e6ab0000, 0x00000000e7fa0c88, 0x00000000e8000000)
  to   space 21824K,   0% used [0x00000000e5560000, 0x00000000e5560000, 0x00000000e6ab0000)
 concurrent mark-sweep generation total 393216K, used 6787K [0x00000000e8000000, 0x0000000100000000, 0x0000000100000000)
 Metaspace       used 30084K, capacity 30742K, committed 30896K, reserved 1077248K
  class space    used 3425K, capacity 3714K, committed 3760K, reserved 1048576K
}
2017-02-21T10:43:38.216+0100: 3827,118: Total time for which application threads were stopped: 0,0635401 seconds, Stopping threads took: 0,0000290 seconds
2017-02-21T10:43:39.216+0100: 3828,119: Total time for which application threads were stopped: 0,0001040 seconds, Stopping threads took: 0,0000261 seconds
2017-02-21T10:44:01.219+0100: 3850,121: Total time for which application threads were stopped: 0,0001086 seconds, Stopping threads took: 0,0000242 seconds
2017-02-21T10:44:16.221+0100: 3865,123: Total time for which application threads were stopped: 0,0001123 seconds, Stopping threads took: 0,0000271 seconds
2017-02-21T10:44:27.222+0100: 3876,125: Total time for which application threads were stopped: 0,0001007 seconds, Stopping threads took: 0,0000390 seconds
2017-02-21T10:44:32.222+0100: 3881,125: Total time for which application threads were stopped: 0,0000889 seconds, Stopping threads took: 0,0000178 seconds
2017-02-21T10:44:34.223+0100: 3883,125: Total time for which application threads were stopped: 0,0000819 seconds, Stopping threads took: 0,0000154 seconds
2017-02-21T10:44:46.225+0100: 3895,127: Total time for which application threads were stopped: 0,0002353 seconds, Stopping threads took: 0,0000609 seconds
2017-02-21T10:44:57.226+0100: 3906,129: Total time for which application threads were stopped: 0,0005365 seconds, Stopping threads took: 0,0001978 seconds
2017-02-21T10:45:04.228+0100: 3913,131: Total time for which application threads were stopped: 0,0002960 seconds, Stopping threads took: 0,0000559 seconds
2017-02-21T10:45:06.229+0100: 3915,131: Total time for which application threads were stopped: 0,0000776 seconds, Stopping threads took: 0,0000162 seconds
2017-02-21T10:45:10.229+0100: 3919,132: Total time for which application threads were stopped: 0,0002365 seconds, Stopping threads took: 0,0000608 seconds
2017-02-21T10:45:21.231+0100: 3930,134: Total time for which application threads were stopped: 0,0002179 seconds, Stopping threads took: 0,0000487 seconds
2017-02-21T10:45:22.231+0100: 3931,134: Total time for which application threads were stopped: 0,0000854 seconds, Stopping threads took: 0,0000260 seconds
2017-02-21T10:45:44.235+0100: 3953,138: Total time for which application threads were stopped: 0,0000964 seconds, Stopping threads took: 0,0000286 seconds
2017-02-21T10:45:49.235+0100: 3958,138: Total time for which application threads were stopped: 0,0000771 seconds, Stopping threads took: 0,0000171 seconds
2017-02-21T10:46:08.237+0100: 3977,140: Total time for which application threads were stopped: 0,0001616 seconds, Stopping threads took: 0,0000565 seconds
2017-02-21T10:46:10.238+0100: 3979,140: Total time for which application threads were stopped: 0,0000893 seconds, Stopping threads took: 0,0000251 seconds
2017-02-21T10:46:16.238+0100: 3985,141: Total time for which application threads were stopped: 0,0000928 seconds, Stopping threads took: 0,0000166 seconds
2017-02-21T10:46:23.239+0100: 3992,142: Total time for which application threads were stopped: 0,0000910 seconds, Stopping threads took: 0,0000277 seconds
2017-02-21T10:47:22.246+0100: 4051,149: Total time for which application threads were stopped: 0,0001336 seconds, Stopping threads took: 0,0000467 seconds
2017-02-21T10:47:57.250+0100: 4086,153: Total time for which application threads were stopped: 0,0001155 seconds, Stopping threads took: 0,0000323 seconds
2017-02-21T10:48:02.251+0100: 4091,153: Total time for which application threads were stopped: 0,0000756 seconds, Stopping threads took: 0,0000160 seconds
2017-02-21T10:48:13.252+0100: 4102,154: Total time for which application threads were stopped: 0,0000786 seconds, Stopping threads took: 0,0000174 seconds
2017-02-21T10:48:20.253+0100: 4109,155: Total time for which application threads were stopped: 0,0000755 seconds, Stopping threads took: 0,0000160 seconds
2017-02-21T10:48:24.253+0100: 4113,156: Total time for which application threads were stopped: 0,0000833 seconds, Stopping threads took: 0,0000258 seconds
2017-02-21T10:48:38.254+0100: 4127,157: Total time for which application threads were stopped: 0,0000737 seconds, Stopping threads took: 0,0000172 seconds
2017-02-21T10:48:39.255+0100: 4128,157: Total time for which application threads were stopped: 0,0000923 seconds, Stopping threads took: 0,0000256 seconds
2017-02-21T10:48:49.256+0100: 4138,159: Total time for which application threads were stopped: 0,0003794 seconds, Stopping threads took: 0,0001218 seconds
2017-02-21T10:49:05.260+0100: 4154,163: Total time for which application threads were stopped: 0,0000768 seconds, Stopping threads took: 0,0000161 seconds
2017-02-21T10:49:26.262+0100: 4175,165: Total time for which application threads were stopped: 0,0004749 seconds, Stopping threads took: 0,0001465 seconds
2017-02-21T10:49:33.263+0100: 4182,166: Total time for which application threads were stopped: 0,0000851 seconds, Stopping threads took: 0,0000178 seconds
2017-02-21T10:50:00.266+0100: 4209,168: Total time for which application threads were stopped: 0,0001150 seconds, Stopping threads took: 0,0000245 seconds
2017-02-21T10:50:04.266+0100: 4213,169: Total time for which application threads were stopped: 0,0005945 seconds, Stopping threads took: 0,0001111 seconds
2017-02-21T10:50:21.269+0100: 4230,171: Total time for which application threads were stopped: 0,0000823 seconds, Stopping threads took: 0,0000179 seconds
2017-02-21T10:50:29.270+0100: 4238,172: Total time for which application threads were stopped: 0,0000929 seconds, Stopping threads took: 0,0000203 seconds
2017-02-21T10:51:00.273+0100: 4269,175: Total time for which application threads were stopped: 0,0000821 seconds, Stopping threads took: 0,0000157 seconds
2017-02-21T10:51:11.274+0100: 4280,176: Total time for which application threads were stopped: 0,0000972 seconds, Stopping threads took: 0,0000273 seconds
2017-02-21T10:51:15.279+0100: 4284,182: Total time for which application threads were stopped: 0,0003595 seconds, Stopping threads took: 0,0000212 seconds
2017-02-21T10:51:16.280+0100: 4285,182: Total time for which application threads were stopped: 0,0004897 seconds, Stopping threads took: 0,0001468 seconds
2017-02-21T10:51:17.280+0100: 4286,183: Total time for which application threads were stopped: 0,0000947 seconds, Stopping threads took: 0,0000171 seconds
2017-02-21T10:51:18.280+0100: 4287,183: Total time for which application threads were stopped: 0,0002725 seconds, Stopping threads took: 0,0000546 seconds
2017-02-21T10:51:19.281+0100: 4288,184: Total time for which application threads were stopped: 0,0005198 seconds, Stopping threads took: 0,0001207 seconds
2017-02-21T10:51:20.281+0100: 4289,184: Total time for which application threads were stopped: 0,0003235 seconds, Stopping threads took: 0,0000693 seconds
2017-02-21T10:51:21.283+0100: 4290,185: Total time for which application threads were stopped: 0,0009899 seconds, Stopping threads took: 0,0001968 seconds
2017-02-21T10:51:24.283+0100: 4293,186: Total time for which application threads were stopped: 0,0000757 seconds, Stopping threads took: 0,0000161 seconds
2017-02-21T10:51:26.284+0100: 4295,187: Total time for which application threads were stopped: 0,0005307 seconds, Stopping threads took: 0,0001000 seconds
2017-02-21T10:51:27.284+0100: 4296,187: Total time for which application threads were stopped: 0,0000753 seconds, Stopping threads took: 0,0000158 seconds
2017-02-21T10:51:29.285+0100: 4298,187: Total time for which application threads were stopped: 0,0004118 seconds, Stopping threads took: 0,0000946 seconds
2017-02-21T10:51:31.285+0100: 4300,188: Total time for which application threads were stopped: 0,0000748 seconds, Stopping threads took: 0,0000173 seconds
2017-02-21T10:51:32.285+0100: 4301,188: Total time for which application threads were stopped: 0,0001316 seconds, Stopping threads took: 0,0000464 seconds
2017-02-21T10:51:46.288+0100: 4315,191: Total time for which application threads were stopped: 0,0002630 seconds, Stopping threads took: 0,0000590 seconds
2017-02-21T10:51:54.289+0100: 4323,192: Total time for which application threads were stopped: 0,0005799 seconds, Stopping threads took: 0,0002215 seconds
2017-02-21T10:52:02.290+0100: 4331,193: Total time for which application threads were stopped: 0,0000757 seconds, Stopping threads took: 0,0000167 seconds
2017-02-21T10:52:07.291+0100: 4336,194: Total time for which application threads were stopped: 0,0000778 seconds, Stopping threads took: 0,0000158 seconds
2017-02-21T10:52:08.292+0100: 4337,194: Total time for which application threads were stopped: 0,0005895 seconds, Stopping threads took: 0,0003489 seconds
2017-02-21T10:52:09.292+0100: 4338,195: Total time for which application threads were stopped: 0,0004926 seconds, Stopping threads took: 0,0001153 seconds
2017-02-21T10:52:10.292+0100: 4339,195: Total time for which application threads were stopped: 0,0000774 seconds, Stopping threads took: 0,0000159 seconds
2017-02-21T10:52:11.293+0100: 4340,195: Total time for which application threads were stopped: 0,0000994 seconds, Stopping threads took: 0,0000211 seconds
2017-02-21T10:52:21.294+0100: 4350,196: Total time for which application threads were stopped: 0,0000726 seconds, Stopping threads took: 0,0000160 seconds
2017-02-21T10:52:27.295+0100: 4356,198: Total time for which application threads were stopped: 0,0001598 seconds, Stopping threads took: 0,0000375 seconds
2017-02-21T10:52:40.297+0100: 4369,199: Total time for which application threads were stopped: 0,0001086 seconds, Stopping threads took: 0,0000253 seconds
2017-02-21T10:52:58.300+0100: 4387,202: Total time for which application threads were stopped: 0,0007099 seconds, Stopping threads took: 0,0003468 seconds
2017-02-21T10:52:59.300+0100: 4388,203: Total time for which application threads were stopped: 0,0005167 seconds, Stopping threads took: 0,0001153 seconds
{Heap before GC invocations=9 (full 1):
 par new generation   total 109248K, used 108867K [0x00000000e0000000, 0x00000000e8000000, 0x00000000e8000000)
  eden space 87424K, 100% used [0x00000000e0000000, 0x00000000e5560000, 0x00000000e5560000)
  from space 21824K,  98% used [0x00000000e6ab0000, 0x00000000e7fa0c88, 0x00000000e8000000)
  to   space 21824K,   0% used [0x00000000e5560000, 0x00000000e5560000, 0x00000000e6ab0000)
 concurrent mark-sweep generation total 393216K, used 6787K [0x00000000e8000000, 0x0000000100000000, 0x0000000100000000)
 Metaspace       used 30626K, capacity 31254K, committed 31408K, reserved 1077248K
  class space    used 3426K, capacity 3714K, committed 3760K, reserved 1048576K
2017-02-21T10:52:59.806+0100: 4388,709: [GC (Allocation Failure) 2017-02-21T10:52:59.806+0100: 4388,709: [ParNew
Desired survivor size 20112992 bytes, new threshold 8 (max 8)
- age   1:     301728 bytes,     301728 total
- age   2:   10746896 bytes,   11048624 total
- age   3:    1101104 bytes,   12149728 total
- age   4:     657808 bytes,   12807536 total
- age   5:    1230752 bytes,   14038288 total
- age   6:      31320 bytes,   14069608 total
- age   7:     122680 bytes,   14192288 total
- age   8:     207304 bytes,   14399592 total
: 108867K->16447K(109248K), 0,0147369 secs] 115655K->24017K(502464K), 0,0148220 secs] [Times: user=0,05 sys=0,00, real=0,02 secs] 
Heap after GC invocations=10 (full 1):
 par new generation   total 109248K, used 16447K [0x00000000e0000000, 0x00000000e8000000, 0x00000000e8000000)
  eden space 87424K,   0% used [0x00000000e0000000, 0x00000000e0000000, 0x00000000e5560000)
  from space 21824K,  75% used [0x00000000e5560000, 0x00000000e656ff18, 0x00000000e6ab0000)
  to   space 21824K,   0% used [0x00000000e6ab0000, 0x00000000e6ab0000, 0x00000000e8000000)
 concurrent mark-sweep generation total 393216K, used 7569K [0x00000000e8000000, 0x0000000100000000, 0x0000000100000000)
 Metaspace       used 30626K, capacity 31254K, committed 31408K, reserved 1077248K
  class space    used 3426K, capacity 3714K, committed 3760K, reserved 1048576K
}
2017-02-21T10:52:59.821+0100: 4388,724: Total time for which application threads were stopped: 0,0150005 seconds, Stopping threads took: 0,0000259 seconds
2017-02-21T10:53:00.821+0100: 4389,724: Total time for which application threads were stopped: 0,0004171 seconds, Stopping threads took: 0,0000943 seconds
2017-02-21T10:53:02.822+0100: 4391,724: Total time for which application threads were stopped: 0,0000832 seconds, Stopping threads took: 0,0000193 seconds
2017-02-21T10:53:03.822+0100: 4392,725: Total time for which application threads were stopped: 0,0001288 seconds, Stopping threads took: 0,0000243 seconds
2017-02-21T10:53:05.822+0100: 4394,725: Total time for which application threads were stopped: 0,0000840 seconds, Stopping threads took: 0,0000181 seconds
2017-02-21T10:53:30.826+0100: 4419,729: Total time for which application threads were stopped: 0,0000706 seconds, Stopping threads took: 0,0000154 seconds
2017-02-21T10:53:31.826+0100: 4420,729: Total time for which application threads were stopped: 0,0001063 seconds, Stopping threads took: 0,0000349 seconds
2017-02-21T10:53:47.828+0100: 4436,730: Total time for which application threads were stopped: 0,0001242 seconds, Stopping threads took: 0,0000271 seconds
2017-02-21T10:53:52.829+0100: 4441,732: Total time for which application threads were stopped: 0,0001111 seconds, Stopping threads took: 0,0000263 seconds
2017-02-21T10:54:04.830+0100: 4453,733: Total time for which application threads were stopped: 0,0001589 seconds, Stopping threads took: 0,0000360 seconds
2017-02-21T10:54:05.830+0100: 4454,733: Total time for which application threads were stopped: 0,0000769 seconds, Stopping threads took: 0,0000187 seconds
2017-02-21T10:54:09.831+0100: 4458,733: Total time for which application threads were stopped: 0,0000757 seconds, Stopping threads took: 0,0000172 seconds
2017-02-21T10:54:10.831+0100: 4459,734: Total time for which application threads were stopped: 0,0001172 seconds, Stopping threads took: 0,0000313 seconds
2017-02-21T10:54:11.831+0100: 4460,734: Total time for which application threads were stopped: 0,0000821 seconds, Stopping threads took: 0,0000204 seconds
2017-02-21T10:54:13.831+0100: 4462,734: Total time for which application threads were stopped: 0,0000749 seconds, Stopping threads took: 0,0000157 seconds
2017-02-21T10:54:14.832+0100: 4463,734: Total time for which application threads were stopped: 0,0000935 seconds, Stopping threads took: 0,0000198 seconds
2017-02-21T10:54:15.832+0100: 4464,734: Total time for which application threads were stopped: 0,0001954 seconds, Stopping threads took: 0,0000493 seconds
2017-02-21T10:54:35.834+0100: 4484,737: Total time for which application threads were stopped: 0,0000888 seconds, Stopping threads took: 0,0000297 seconds
2017-02-21T10:54:58.386+0100: 4507,288: Total time for which application threads were stopped: 0,0001418 seconds, Stopping threads took: 0,0000626 seconds
2017-02-21T10:54:59.386+0100: 4508,289: Total time for which application threads were stopped: 0,0000987 seconds, Stopping threads took: 0,0000255 seconds
2017-02-21T10:55:00.143+0100: 4509,046: Total time for which application threads were stopped: 0,0000888 seconds, Stopping threads took: 0,0000161 seconds
2017-02-21T10:55:01.143+0100: 4510,046: Total time for which application threads were stopped: 0,0000723 seconds, Stopping threads took: 0,0000184 seconds
2017-02-21T11:16:22.609+0100: 5791,512: Total time for which application threads were stopped: 0,0001146 seconds, Stopping threads took: 0,0000312 seconds
2017-02-21T11:16:22.609+0100: 5791,512: Total time for which application threads were stopped: 0,0001620 seconds, Stopping threads took: 0,0000964 seconds
2017-02-21T11:16:22.609+0100: 5791,512: Total time for which application threads were stopped: 0,0000698 seconds, Stopping threads took: 0,0000258 seconds
2017-02-21T11:16:22.679+0100: 5791,582: Total time for which application threads were stopped: 0,0001042 seconds, Stopping threads took: 0,0000211 seconds
2017-02-21T11:16:22.681+0100: 5791,584: Total time for which application threads were stopped: 0,0005421 seconds, Stopping threads took: 0,0000176 seconds
2017-02-21T11:16:22.710+0100: 5791,613: Total time for which application threads were stopped: 0,0062713 seconds, Stopping threads took: 0,0061387 seconds
2017-02-21T11:16:22.712+0100: 5791,614: Total time for which application threads were stopped: 0,0002096 seconds, Stopping threads took: 0,0001290 seconds
2017-02-21T11:16:22.746+0100: 5791,649: Total time for which application threads were stopped: 0,0001176 seconds, Stopping threads took: 0,0000304 seconds
2017-02-21T11:16:22.746+0100: 5791,649: Total time for which application threads were stopped: 0,0000868 seconds, Stopping threads took: 0,0000378 seconds
2017-02-21T11:16:22.747+0100: 5791,649: Total time for which application threads were stopped: 0,0000940 seconds, Stopping threads took: 0,0000299 seconds
2017-02-21T11:16:22.747+0100: 5791,650: Total time for which application threads were stopped: 0,0000856 seconds, Stopping threads took: 0,0000306 seconds
2017-02-21T11:16:22.748+0100: 5791,650: Total time for which application threads were stopped: 0,0001194 seconds, Stopping threads took: 0,0000386 seconds
2017-02-21T11:16:22.748+0100: 5791,650: Total time for which application threads were stopped: 0,0000731 seconds, Stopping threads took: 0,0000205 seconds
2017-02-21T11:16:22.748+0100: 5791,651: Total time for which application threads were stopped: 0,0001102 seconds, Stopping threads took: 0,0000414 seconds
2017-02-21T11:16:22.748+0100: 5791,651: Total time for which application threads were stopped: 0,0000808 seconds, Stopping threads took: 0,0000286 seconds
2017-02-21T11:16:22.764+0100: 5791,667: Total time for which application threads were stopped: 0,0012230 seconds, Stopping threads took: 0,0002800 seconds
2017-02-21T11:16:22.782+0100: 5791,684: Total time for which application threads were stopped: 0,0008107 seconds, Stopping threads took: 0,0001512 seconds
2017-02-21T11:16:22.803+0100: 5791,705: Total time for which application threads were stopped: 0,0001414 seconds, Stopping threads took: 0,0000293 seconds
2017-02-21T11:16:22.807+0100: 5791,712: Total time for which application threads were stopped: 0,0043613 seconds, Stopping threads took: 0,0000155 seconds
2017-02-21T11:16:22.811+0100: 5791,714: Total time for which application threads were stopped: 0,0001830 seconds, Stopping threads took: 0,0000277 seconds
2017-02-21T11:16:22.816+0100: 5791,719: Total time for which application threads were stopped: 0,0003137 seconds, Stopping threads took: 0,0001306 seconds
2017-02-21T11:16:22.817+0100: 5791,720: Total time for which application threads were stopped: 0,0001601 seconds, Stopping threads took: 0,0000322 seconds
2017-02-21T11:16:22.823+0100: 5791,726: Total time for which application threads were stopped: 0,0036050 seconds, Stopping threads took: 0,0034195 seconds
2017-02-21T11:16:22.827+0100: 5791,729: Total time for which application threads were stopped: 0,0005682 seconds, Stopping threads took: 0,0002115 seconds
2017-02-21T11:16:22.843+0100: 5791,746: Total time for which application threads were stopped: 0,0045436 seconds, Stopping threads took: 0,0044096 seconds
2017-02-21T11:16:22.845+0100: 5791,748: Total time for which application threads were stopped: 0,0001602 seconds, Stopping threads took: 0,0000254 seconds
2017-02-21T11:16:22.847+0100: 5791,750: Total time for which application threads were stopped: 0,0002448 seconds, Stopping threads took: 0,0000429 seconds
2017-02-21T11:16:22.849+0100: 5791,751: Total time for which application threads were stopped: 0,0008740 seconds, Stopping threads took: 0,0006299 seconds
2017-02-21T11:16:22.856+0100: 5791,759: Total time for which application threads were stopped: 0,0063121 seconds, Stopping threads took: 0,0056605 seconds
2017-02-21T11:16:22.859+0100: 5791,762: Total time for which application threads were stopped: 0,0006351 seconds, Stopping threads took: 0,0004857 seconds
2017-02-21T11:16:22.860+0100: 5791,763: Total time for which application threads were stopped: 0,0002158 seconds, Stopping threads took: 0,0000327 seconds
2017-02-21T11:16:22.862+0100: 5791,765: Total time for which application threads were stopped: 0,0009613 seconds, Stopping threads took: 0,0007861 seconds
2017-02-21T11:16:22.863+0100: 5791,766: Total time for which application threads were stopped: 0,0007143 seconds, Stopping threads took: 0,0005560 seconds
2017-02-21T11:16:22.868+0100: 5791,771: Total time for which application threads were stopped: 0,0009221 seconds, Stopping threads took: 0,0004629 seconds
2017-02-21T11:16:22.877+0100: 5791,780: Total time for which application threads were stopped: 0,0013470 seconds, Stopping threads took: 0,0000791 seconds
2017-02-21T11:16:22.889+0100: 5791,791: Total time for which application threads were stopped: 0,0001475 seconds, Stopping threads took: 0,0000324 seconds
2017-02-21T11:16:22.908+0100: 5791,811: Total time for which application threads were stopped: 0,0005970 seconds, Stopping threads took: 0,0004311 seconds
2017-02-21T11:16:22.966+0100: 5791,869: Total time for which application threads were stopped: 0,0003380 seconds, Stopping threads took: 0,0000581 seconds
2017-02-21T11:16:22.972+0100: 5791,874: Total time for which application threads were stopped: 0,0008511 seconds, Stopping threads took: 0,0001303 seconds
2017-02-21T11:16:22.975+0100: 5791,878: Total time for which application threads were stopped: 0,0004519 seconds, Stopping threads took: 0,0000686 seconds
2017-02-21T11:16:22.977+0100: 5791,879: Total time for which application threads were stopped: 0,0001543 seconds, Stopping threads took: 0,0000343 seconds
2017-02-21T11:16:22.978+0100: 5791,880: Total time for which application threads were stopped: 0,0001506 seconds, Stopping threads took: 0,0000429 seconds
2017-02-21T11:16:22.978+0100: 5791,881: Total time for which application threads were stopped: 0,0001025 seconds, Stopping threads took: 0,0000334 seconds
2017-02-21T11:16:22.979+0100: 5791,882: Total time for which application threads were stopped: 0,0001433 seconds, Stopping threads took: 0,0000461 seconds
2017-02-21T11:16:22.979+0100: 5791,882: Total time for which application threads were stopped: 0,0000824 seconds, Stopping threads took: 0,0000348 seconds
2017-02-21T11:16:22.981+0100: 5791,883: Total time for which application threads were stopped: 0,0002819 seconds, Stopping threads took: 0,0001048 seconds
2017-02-21T11:16:22.984+0100: 5791,886: Total time for which application threads were stopped: 0,0005016 seconds, Stopping threads took: 0,0002483 seconds
2017-02-21T11:16:22.988+0100: 5791,890: Total time for which application threads were stopped: 0,0004524 seconds, Stopping threads took: 0,0000534 seconds
2017-02-21T11:16:22.989+0100: 5791,892: Total time for which application threads were stopped: 0,0010143 seconds, Stopping threads took: 0,0001943 seconds
2017-02-21T11:16:22.993+0100: 5791,896: Total time for which application threads were stopped: 0,0001209 seconds, Stopping threads took: 0,0000169 seconds
2017-02-21T11:16:23.427+0100: 5792,330: Total time for which application threads were stopped: 0,0004520 seconds, Stopping threads took: 0,0000664 seconds
2017-02-21T11:16:23.637+0100: 5792,539: Total time for which application threads were stopped: 0,0002359 seconds, Stopping threads took: 0,0000376 seconds
2017-02-21T11:16:23.642+0100: 5792,544: Total time for which application threads were stopped: 0,0007247 seconds, Stopping threads took: 0,0002031 seconds
2017-02-21T11:16:23.765+0100: 5792,667: Total time for which application threads were stopped: 0,0002312 seconds, Stopping threads took: 0,0000253 seconds
2017-02-21T11:16:23.769+0100: 5792,672: Total time for which application threads were stopped: 0,0034355 seconds, Stopping threads took: 0,0028622 seconds
2017-02-21T11:16:23.771+0100: 5792,673: Total time for which application threads were stopped: 0,0006410 seconds, Stopping threads took: 0,0000446 seconds
2017-02-21T11:16:23.773+0100: 5792,675: Total time for which application threads were stopped: 0,0001838 seconds, Stopping threads took: 0,0000666 seconds
2017-02-21T11:16:23.773+0100: 5792,676: Total time for which application threads were stopped: 0,0002932 seconds, Stopping threads took: 0,0001677 seconds
2017-02-21T11:16:23.774+0100: 5792,676: Total time for which application threads were stopped: 0,0002479 seconds, Stopping threads took: 0,0001599 seconds
2017-02-21T11:16:23.774+0100: 5792,676: Total time for which application threads were stopped: 0,0001404 seconds, Stopping threads took: 0,0000477 seconds
2017-02-21T11:16:23.774+0100: 5792,677: Total time for which application threads were stopped: 0,0003204 seconds, Stopping threads took: 0,0002307 seconds
2017-02-21T11:16:23.774+0100: 5792,677: Total time for which application threads were stopped: 0,0001275 seconds, Stopping threads took: 0,0000328 seconds
2017-02-21T11:16:23.774+0100: 5792,677: Total time for which application threads were stopped: 0,0001134 seconds, Stopping threads took: 0,0000308 seconds
2017-02-21T11:16:23.776+0100: 5792,678: Total time for which application threads were stopped: 0,0005016 seconds, Stopping threads took: 0,0003641 seconds
2017-02-21T11:16:23.787+0100: 5792,690: Total time for which application threads were stopped: 0,0002209 seconds, Stopping threads took: 0,0000551 seconds
2017-02-21T11:16:23.788+0100: 5792,690: Total time for which application threads were stopped: 0,0001020 seconds, Stopping threads took: 0,0000110 seconds
2017-02-21T11:16:23.788+0100: 5792,690: Total time for which application threads were stopped: 0,0000727 seconds, Stopping threads took: 0,0000175 seconds
2017-02-21T11:16:23.788+0100: 5792,690: Total time for which application threads were stopped: 0,0000796 seconds, Stopping threads took: 0,0000066 seconds
2017-02-21T11:16:23.788+0100: 5792,691: Total time for which application threads were stopped: 0,0000787 seconds, Stopping threads took: 0,0000058 seconds
2017-02-21T11:16:23.793+0100: 5792,695: Total time for which application threads were stopped: 0,0002032 seconds, Stopping threads took: 0,0000220 seconds
2017-02-21T11:16:23.793+0100: 5792,696: Total time for which application threads were stopped: 0,0001149 seconds, Stopping threads took: 0,0000181 seconds
2017-02-21T11:16:23.793+0100: 5792,696: Total time for which application threads were stopped: 0,0001251 seconds, Stopping threads took: 0,0000380 seconds
2017-02-21T11:16:23.793+0100: 5792,696: Total time for which application threads were stopped: 0,0001036 seconds, Stopping threads took: 0,0000175 seconds
2017-02-21T11:16:23.795+0100: 5792,697: Total time for which application threads were stopped: 0,0014207 seconds, Stopping threads took: 0,0012477 seconds
2017-02-21T11:16:23.812+0100: 5792,715: Total time for which application threads were stopped: 0,0003236 seconds, Stopping threads took: 0,0001881 seconds
2017-02-21T11:16:23.813+0100: 5792,715: Total time for which application threads were stopped: 0,0001264 seconds, Stopping threads took: 0,0000384 seconds
2017-02-21T11:16:23.813+0100: 5792,715: Total time for which application threads were stopped: 0,0000577 seconds, Stopping threads took: 0,0000098 seconds
2017-02-21T11:16:23.813+0100: 5792,715: Total time for which application threads were stopped: 0,0000612 seconds, Stopping threads took: 0,0000124 seconds
2017-02-21T11:16:23.814+0100: 5792,716: Total time for which application threads were stopped: 0,0001306 seconds, Stopping threads took: 0,0000273 seconds
2017-02-21T11:16:23.814+0100: 5792,716: Total time for which application threads were stopped: 0,0001452 seconds, Stopping threads took: 0,0000094 seconds
2017-02-21T11:16:23.814+0100: 5792,717: Total time for which application threads were stopped: 0,0000724 seconds, Stopping threads took: 0,0000094 seconds
2017-02-21T11:16:23.814+0100: 5792,717: Total time for which application threads were stopped: 0,0000624 seconds, Stopping threads took: 0,0000096 seconds
2017-02-21T11:16:23.814+0100: 5792,717: Total time for which application threads were stopped: 0,0000577 seconds, Stopping threads took: 0,0000099 seconds
2017-02-21T11:16:23.814+0100: 5792,717: Total time for which application threads were stopped: 0,0000963 seconds, Stopping threads took: 0,0000215 seconds
2017-02-21T11:16:23.815+0100: 5792,717: Total time for which application threads were stopped: 0,0002548 seconds, Stopping threads took: 0,0001601 seconds
2017-02-21T11:16:23.815+0100: 5792,718: Total time for which application threads were stopped: 0,0001915 seconds, Stopping threads took: 0,0000473 seconds
2017-02-21T11:16:23.820+0100: 5792,723: Total time for which application threads were stopped: 0,0021990 seconds, Stopping threads took: 0,0000772 seconds
2017-02-21T11:16:23.822+0100: 5792,725: Total time for which application threads were stopped: 0,0001961 seconds, Stopping threads took: 0,0000804 seconds
2017-02-21T11:16:23.823+0100: 5792,725: Total time for which application threads were stopped: 0,0001120 seconds, Stopping threads took: 0,0000191 seconds
2017-02-21T11:16:23.823+0100: 5792,726: Total time for which application threads were stopped: 0,0001315 seconds, Stopping threads took: 0,0000157 seconds
2017-02-21T11:16:23.823+0100: 5792,726: Total time for which application threads were stopped: 0,0001318 seconds, Stopping threads took: 0,0000351 seconds
2017-02-21T11:16:23.824+0100: 5792,726: Total time for which application threads were stopped: 0,0001072 seconds, Stopping threads took: 0,0000315 seconds
2017-02-21T11:16:23.824+0100: 5792,726: Total time for which application threads were stopped: 0,0000993 seconds, Stopping threads took: 0,0000270 seconds
2017-02-21T11:16:23.824+0100: 5792,727: Total time for which application threads were stopped: 0,0001044 seconds, Stopping threads took: 0,0000381 seconds
2017-02-21T11:16:23.824+0100: 5792,727: Total time for which application threads were stopped: 0,0000856 seconds, Stopping threads took: 0,0000124 seconds
2017-02-21T11:16:23.825+0100: 5792,728: Total time for which application threads were stopped: 0,0001381 seconds, Stopping threads took: 0,0000308 seconds
2017-02-21T11:16:23.825+0100: 5792,728: Total time for which application threads were stopped: 0,0000912 seconds, Stopping threads took: 0,0000140 seconds
2017-02-21T11:16:23.828+0100: 5792,730: Total time for which application threads were stopped: 0,0001357 seconds, Stopping threads took: 0,0000347 seconds
2017-02-21T11:16:23.828+0100: 5792,730: Total time for which application threads were stopped: 0,0000698 seconds, Stopping threads took: 0,0000239 seconds
2017-02-21T11:16:23.828+0100: 5792,731: Total time for which application threads were stopped: 0,0000632 seconds, Stopping threads took: 0,0000213 seconds
2017-02-21T11:16:23.828+0100: 5792,731: Total time for which application threads were stopped: 0,0000531 seconds, Stopping threads took: 0,0000170 seconds
2017-02-21T11:16:23.828+0100: 5792,731: Total time for which application threads were stopped: 0,0000441 seconds, Stopping threads took: 0,0000075 seconds
2017-02-21T11:16:23.831+0100: 5792,733: Total time for which application threads were stopped: 0,0001380 seconds, Stopping threads took: 0,0000389 seconds
2017-02-21T11:16:23.831+0100: 5792,733: Total time for which application threads were stopped: 0,0000561 seconds, Stopping threads took: 0,0000123 seconds
2017-02-21T11:16:23.831+0100: 5792,733: Total time for which application threads were stopped: 0,0000523 seconds, Stopping threads took: 0,0000140 seconds
2017-02-21T11:16:23.831+0100: 5792,733: Total time for which application threads were stopped: 0,0000559 seconds, Stopping threads took: 0,0000176 seconds
2017-02-21T11:16:23.831+0100: 5792,734: Total time for which application threads were stopped: 0,0000579 seconds, Stopping threads took: 0,0000186 seconds
2017-02-21T11:16:23.884+0100: 5792,786: Total time for which application threads were stopped: 0,0001050 seconds, Stopping threads took: 0,0000234 seconds
2017-02-21T11:16:23.884+0100: 5792,786: Total time for which application threads were stopped: 0,0000499 seconds, Stopping threads took: 0,0000220 seconds
2017-02-21T11:16:23.884+0100: 5792,786: Total time for which application threads were stopped: 0,0000377 seconds, Stopping threads took: 0,0000077 seconds
2017-02-21T11:16:23.884+0100: 5792,786: Total time for which application threads were stopped: 0,0000304 seconds, Stopping threads took: 0,0000058 seconds
2017-02-21T11:16:23.884+0100: 5792,787: Total time for which application threads were stopped: 0,0000301 seconds, Stopping threads took: 0,0000056 seconds
2017-02-21T11:16:30.353+0100: 5799,255: Total time for which application threads were stopped: 0,0001116 seconds, Stopping threads took: 0,0000232 seconds
2017-02-21T11:16:30.353+0100: 5799,255: Total time for which application threads were stopped: 0,0000411 seconds, Stopping threads took: 0,0000078 seconds
2017-02-21T11:16:30.353+0100: 5799,255: Total time for which application threads were stopped: 0,0000403 seconds, Stopping threads took: 0,0000117 seconds
2017-02-21T11:16:30.353+0100: 5799,255: Total time for which application threads were stopped: 0,0000333 seconds, Stopping threads took: 0,0000068 seconds
2017-02-21T11:16:30.354+0100: 5799,257: Total time for which application threads were stopped: 0,0001946 seconds, Stopping threads took: 0,0000256 seconds
2017-02-21T11:16:30.354+0100: 5799,257: Total time for which application threads were stopped: 0,0000631 seconds, Stopping threads took: 0,0000257 seconds
2017-02-21T11:16:30.354+0100: 5799,257: Total time for which application threads were stopped: 0,0000583 seconds, Stopping threads took: 0,0000262 seconds
2017-02-21T11:16:30.354+0100: 5799,257: Total time for which application threads were stopped: 0,0000508 seconds, Stopping threads took: 0,0000184 seconds
2017-02-21T11:16:30.354+0100: 5799,257: Total time for which application threads were stopped: 0,0000421 seconds, Stopping threads took: 0,0000146 seconds
2017-02-21T11:16:30.355+0100: 5799,258: Total time for which application threads were stopped: 0,0001006 seconds, Stopping threads took: 0,0000258 seconds
2017-02-21T11:16:30.355+0100: 5799,258: Total time for which application threads were stopped: 0,0000457 seconds, Stopping threads took: 0,0000097 seconds
2017-02-21T11:16:30.355+0100: 5799,258: Total time for which application threads were stopped: 0,0000477 seconds, Stopping threads took: 0,0000170 seconds
2017-02-21T11:16:30.355+0100: 5799,258: Total time for which application threads were stopped: 0,0000357 seconds, Stopping threads took: 0,0000077 seconds
2017-02-21T11:16:30.357+0100: 5799,259: Total time for which application threads were stopped: 0,0001383 seconds, Stopping threads took: 0,0000302 seconds
2017-02-21T11:16:30.357+0100: 5799,259: Total time for which application threads were stopped: 0,0000786 seconds, Stopping threads took: 0,0000155 seconds
2017-02-21T11:16:30.357+0100: 5799,260: Total time for which application threads were stopped: 0,0000811 seconds, Stopping threads took: 0,0000151 seconds
2017-02-21T11:16:30.357+0100: 5799,260: Total time for which application threads were stopped: 0,0000824 seconds, Stopping threads took: 0,0000155 seconds
2017-02-21T11:16:30.357+0100: 5799,260: Total time for which application threads were stopped: 0,0001442 seconds, Stopping threads took: 0,0000711 seconds
2017-02-21T11:16:30.365+0100: 5799,268: Total time for which application threads were stopped: 0,0002145 seconds, Stopping threads took: 0,0000335 seconds
2017-02-21T11:16:30.366+0100: 5799,268: Total time for which application threads were stopped: 0,0002002 seconds, Stopping threads took: 0,0000101 seconds
2017-02-21T11:16:30.366+0100: 5799,268: Total time for which application threads were stopped: 0,0001119 seconds, Stopping threads took: 0,0000230 seconds
2017-02-21T11:16:30.375+0100: 5799,277: Total time for which application threads were stopped: 0,0002338 seconds, Stopping threads took: 0,0000271 seconds
2017-02-21T11:16:30.375+0100: 5799,278: Total time for which application threads were stopped: 0,0001459 seconds, Stopping threads took: 0,0000238 seconds
2017-02-21T11:16:30.379+0100: 5799,282: Total time for which application threads were stopped: 0,0021317 seconds, Stopping threads took: 0,0019670 seconds
2017-02-21T11:16:30.380+0100: 5799,282: Total time for which application threads were stopped: 0,0001486 seconds, Stopping threads took: 0,0000380 seconds
2017-02-21T11:16:31.380+0100: 5800,282: Total time for which application threads were stopped: 0,0000975 seconds, Stopping threads took: 0,0000216 seconds
2017-02-21T11:16:33.380+0100: 5802,283: Total time for which application threads were stopped: 0,0000715 seconds, Stopping threads took: 0,0000164 seconds
2017-02-21T11:16:51.656+0100: 5820,559: Total time for which application threads were stopped: 0,0001853 seconds, Stopping threads took: 0,0000327 seconds
2017-02-21T11:16:51.656+0100: 5820,559: Total time for which application threads were stopped: 0,0000991 seconds, Stopping threads took: 0,0000169 seconds
2017-02-21T11:16:51.658+0100: 5820,561: Total time for which application threads were stopped: 0,0003321 seconds, Stopping threads took: 0,0001733 seconds
2017-02-21T11:16:51.661+0100: 5820,563: Total time for which application threads were stopped: 0,0001554 seconds, Stopping threads took: 0,0000413 seconds
2017-02-21T11:16:52.661+0100: 5821,564: Total time for which application threads were stopped: 0,0000987 seconds, Stopping threads took: 0,0000200 seconds
2017-02-21T11:17:11.663+0100: 5840,566: Total time for which application threads were stopped: 0,0000857 seconds, Stopping threads took: 0,0000181 seconds
2017-02-21T11:17:13.664+0100: 5842,566: Total time for which application threads were stopped: 0,0000796 seconds, Stopping threads took: 0,0000195 seconds
2017-02-21T11:17:30.377+0100: 5859,279: Total time for which application threads were stopped: 0,0001097 seconds, Stopping threads took: 0,0000331 seconds
2017-02-21T11:17:51.662+0100: 5880,565: Total time for which application threads were stopped: 0,0005174 seconds, Stopping threads took: 0,0001709 seconds
2017-02-21T11:17:56.663+0100: 5885,565: Total time for which application threads were stopped: 0,0000778 seconds, Stopping threads took: 0,0000187 seconds
2017-02-21T11:18:03.664+0100: 5892,566: Total time for which application threads were stopped: 0,0000823 seconds, Stopping threads took: 0,0000160 seconds
2017-02-21T11:18:52.670+0100: 5941,573: Total time for which application threads were stopped: 0,0000827 seconds, Stopping threads took: 0,0000186 seconds
2017-02-21T11:18:53.670+0100: 5942,573: Total time for which application threads were stopped: 0,0000825 seconds, Stopping threads took: 0,0000212 seconds
2017-02-21T11:19:32.162+0100: 5981,065: Total time for which application threads were stopped: 0,0004672 seconds, Stopping threads took: 0,0000130 seconds
2017-02-21T11:19:32.166+0100: 5981,069: Total time for which application threads were stopped: 0,0001633 seconds, Stopping threads took: 0,0000872 seconds
2017-02-21T11:19:32.183+0100: 5981,085: Total time for which application threads were stopped: 0,0001495 seconds, Stopping threads took: 0,0000364 seconds
2017-02-21T11:19:32.185+0100: 5981,087: Total time for which application threads were stopped: 0,0001192 seconds, Stopping threads took: 0,0000218 seconds
2017-02-21T11:19:32.185+0100: 5981,088: Total time for which application threads were stopped: 0,0001324 seconds, Stopping threads took: 0,0000626 seconds
2017-02-21T11:19:32.185+0100: 5981,088: Total time for which application threads were stopped: 0,0001136 seconds, Stopping threads took: 0,0000613 seconds
2017-02-21T11:19:32.185+0100: 5981,088: Total time for which application threads were stopped: 0,0000540 seconds, Stopping threads took: 0,0000174 seconds
2017-02-21T11:19:32.195+0100: 5981,098: Total time for which application threads were stopped: 0,0059074 seconds, Stopping threads took: 0,0057872 seconds
2017-02-21T11:19:32.199+0100: 5981,102: Total time for which application threads were stopped: 0,0001302 seconds, Stopping threads took: 0,0000342 seconds
2017-02-21T11:19:32.203+0100: 5981,105: Total time for which application threads were stopped: 0,0000731 seconds, Stopping threads took: 0,0000174 seconds
2017-02-21T11:19:32.203+0100: 5981,105: Total time for which application threads were stopped: 0,0000590 seconds, Stopping threads took: 0,0000300 seconds
Heap
 par new generation   total 109248K, used 73946K [0x00000000e0000000, 0x00000000e8000000, 0x00000000e8000000)
  eden space 87424K,  65% used [0x00000000e0000000, 0x00000000e3826c38, 0x00000000e5560000)
  from space 21824K,  75% used [0x00000000e5560000, 0x00000000e656ff18, 0x00000000e6ab0000)
  to   space 21824K,   0% used [0x00000000e6ab0000, 0x00000000e6ab0000, 0x00000000e8000000)
 concurrent mark-sweep generation total 393216K, used 7569K [0x00000000e8000000, 0x0000000100000000, 0x0000000100000000)
 Metaspace       used 32223K, capacity 32870K, committed 33072K, reserved 1079296K
  class space    used 3590K, capacity 3864K, committed 3888K, reserved 1048576K
