OpenJDK 64-Bit Server VM (25.131-b11) for linux-amd64 JRE (1.8.0_131-8u131-b11-0ubuntu1.16.04.2-b11), built on May  6 2017 02:45:27 by "buildd" with gcc 5.4.0 20160609
Memory: 4k page, physical 7867740k(7466676k free), swap 8076284k(8076284k free)
CommandLine flags: -XX:CMSInitiatingOccupancyFraction=50 -XX:CMSMaxAbortablePrecleanTime=6000 -XX:+CMSParallelRemarkEnabled -XX:+CMSScavengeBeforeRemark -XX:ConcGCThreads=4 -XX:InitialHeapSize=536870912 -XX:MaxHeapSize=536870912 -XX:MaxTenuringThreshold=8 -XX:NewRatio=3 -XX:OldPLABSize=16 -XX:OnOutOfMemoryError=/opt/solr/bin/oom_solr.sh 8983 /var/solr/logs -XX:ParallelGCThreads=4 -XX:+ParallelRefProcEnabled -XX:PretenureSizeThreshold=67108864 -XX:+PrintGC -XX:+PrintGCApplicationStoppedTime -XX:+PrintGCDateStamps -XX:+PrintGCDetails -XX:+PrintGCTimeStamps -XX:+PrintHeapAtGC -XX:+PrintTenuringDistribution -XX:SurvivorRatio=4 -XX:TargetSurvivorRatio=90 -XX:ThreadStackSize=256 -XX:+UseCMSInitiatingOccupancyOnly -XX:+UseCompressedClassPointers -XX:+UseCompressedOops -XX:+UseConcMarkSweepGC -XX:+UseParNewGC 
2017-06-30T10:00:48.070+0200: 0,169: Total time for which application threads were stopped: 0,0001021 seconds, Stopping threads took: 0,0000129 seconds
2017-06-30T10:00:48.182+0200: 0,282: Total time for which application threads were stopped: 0,0001418 seconds, Stopping threads took: 0,0000286 seconds
2017-06-30T10:00:48.208+0200: 0,307: Total time for which application threads were stopped: 0,0001029 seconds, Stopping threads took: 0,0000249 seconds
2017-06-30T10:00:48.505+0200: 0,605: Total time for which application threads were stopped: 0,0001468 seconds, Stopping threads took: 0,0000217 seconds
2017-06-30T10:00:48.900+0200: 0,999: Total time for which application threads were stopped: 0,0001431 seconds, Stopping threads took: 0,0000212 seconds
2017-06-30T10:00:48.971+0200: 1,070: Total time for which application threads were stopped: 0,0001358 seconds, Stopping threads took: 0,0000234 seconds
2017-06-30T10:00:48.984+0200: 1,083: Total time for which application threads were stopped: 0,0001374 seconds, Stopping threads took: 0,0000215 seconds
2017-06-30T10:00:49.387+0200: 1,486: Total time for which application threads were stopped: 0,0001811 seconds, Stopping threads took: 0,0000193 seconds
2017-06-30T10:00:49.652+0200: 1,751: Total time for which application threads were stopped: 0,0001960 seconds, Stopping threads took: 0,0000125 seconds
2017-06-30T10:00:49.677+0200: 1,776: Total time for which application threads were stopped: 0,0001883 seconds, Stopping threads took: 0,0000132 seconds
2017-06-30T10:00:49.722+0200: 1,821: Total time for which application threads were stopped: 0,0002176 seconds, Stopping threads took: 0,0000192 seconds
2017-06-30T10:00:49.723+0200: 1,822: Total time for which application threads were stopped: 0,0001977 seconds, Stopping threads took: 0,0000159 seconds
2017-06-30T10:00:49.743+0200: 1,842: Total time for which application threads were stopped: 0,0001689 seconds, Stopping threads took: 0,0000123 seconds
2017-06-30T10:00:49.842+0200: 1,941: Total time for which application threads were stopped: 0,0002972 seconds, Stopping threads took: 0,0000615 seconds
2017-06-30T10:00:50.036+0200: 2,135: Total time for which application threads were stopped: 0,0002558 seconds, Stopping threads took: 0,0000506 seconds
{Heap before GC invocations=0 (full 0):
 par new generation   total 109248K, used 87424K [0x00000000e0000000, 0x00000000e8000000, 0x00000000e8000000)
  eden space 87424K, 100% used [0x00000000e0000000, 0x00000000e5560000, 0x00000000e5560000)
  from space 21824K,   0% used [0x00000000e5560000, 0x00000000e5560000, 0x00000000e6ab0000)
  to   space 21824K,   0% used [0x00000000e6ab0000, 0x00000000e6ab0000, 0x00000000e8000000)
 concurrent mark-sweep generation total 393216K, used 0K [0x00000000e8000000, 0x0000000100000000, 0x0000000100000000)
 Metaspace       used 17832K, capacity 18176K, committed 18304K, reserved 1064960K
  class space    used 2022K, capacity 2164K, committed 2176K, reserved 1048576K
2017-06-30T10:00:50.078+0200: 2,177: [GC (Allocation Failure) 2017-06-30T10:00:50.078+0200: 2,177: [ParNew
Desired survivor size 20112992 bytes, new threshold 8 (max 8)
- age   1:   11655480 bytes,   11655480 total
: 87424K->11493K(109248K), 0,0157252 secs] 87424K->11493K(502464K), 0,0158136 secs] [Times: user=0,04 sys=0,01, real=0,01 secs] 
Heap after GC invocations=1 (full 0):
 par new generation   total 109248K, used 11493K [0x00000000e0000000, 0x00000000e8000000, 0x00000000e8000000)
  eden space 87424K,   0% used [0x00000000e0000000, 0x00000000e0000000, 0x00000000e5560000)
  from space 21824K,  52% used [0x00000000e6ab0000, 0x00000000e75e9610, 0x00000000e8000000)
  to   space 21824K,   0% used [0x00000000e5560000, 0x00000000e5560000, 0x00000000e6ab0000)
 concurrent mark-sweep generation total 393216K, used 0K [0x00000000e8000000, 0x0000000100000000, 0x0000000100000000)
 Metaspace       used 17832K, capacity 18176K, committed 18304K, reserved 1064960K
  class space    used 2022K, capacity 2164K, committed 2176K, reserved 1048576K
}
2017-06-30T10:00:50.094+0200: 2,193: Total time for which application threads were stopped: 0,0171558 seconds, Stopping threads took: 0,0011510 seconds
2017-06-30T10:00:50.506+0200: 2,605: Total time for which application threads were stopped: 0,0003359 seconds, Stopping threads took: 0,0000287 seconds
{Heap before GC invocations=1 (full 0):
 par new generation   total 109248K, used 98917K [0x00000000e0000000, 0x00000000e8000000, 0x00000000e8000000)
  eden space 87424K, 100% used [0x00000000e0000000, 0x00000000e5560000, 0x00000000e5560000)
  from space 21824K,  52% used [0x00000000e6ab0000, 0x00000000e75e9610, 0x00000000e8000000)
  to   space 21824K,   0% used [0x00000000e5560000, 0x00000000e5560000, 0x00000000e6ab0000)
 concurrent mark-sweep generation total 393216K, used 0K [0x00000000e8000000, 0x0000000100000000, 0x0000000100000000)
 Metaspace       used 20051K, capacity 20372K, committed 20736K, reserved 1067008K
  class space    used 2296K, capacity 2472K, committed 2560K, reserved 1048576K
2017-06-30T10:00:50.538+0200: 2,637: [GC (Allocation Failure) 2017-06-30T10:00:50.538+0200: 2,637: [ParNew
Desired survivor size 20112992 bytes, new threshold 8 (max 8)
- age   1:    4057768 bytes,    4057768 total
- age   2:    6181888 bytes,   10239656 total
: 98917K->14753K(109248K), 0,0186619 secs] 98917K->14753K(502464K), 0,0187580 secs] [Times: user=0,07 sys=0,00, real=0,01 secs] 
Heap after GC invocations=2 (full 0):
 par new generation   total 109248K, used 14753K [0x00000000e0000000, 0x00000000e8000000, 0x00000000e8000000)
  eden space 87424K,   0% used [0x00000000e0000000, 0x00000000e0000000, 0x00000000e5560000)
  from space 21824K,  67% used [0x00000000e5560000, 0x00000000e63c86c0, 0x00000000e6ab0000)
  to   space 21824K,   0% used [0x00000000e6ab0000, 0x00000000e6ab0000, 0x00000000e8000000)
 concurrent mark-sweep generation total 393216K, used 0K [0x00000000e8000000, 0x0000000100000000, 0x0000000100000000)
 Metaspace       used 20051K, capacity 20372K, committed 20736K, reserved 1067008K
  class space    used 2296K, capacity 2472K, committed 2560K, reserved 1048576K
}
2017-06-30T10:00:50.557+0200: 2,656: Total time for which application threads were stopped: 0,0189391 seconds, Stopping threads took: 0,0000237 seconds
2017-06-30T10:00:50.585+0200: 2,684: Total time for which application threads were stopped: 0,0004162 seconds, Stopping threads took: 0,0000504 seconds
2017-06-30T10:00:50.624+0200: 2,724: Total time for which application threads were stopped: 0,0003344 seconds, Stopping threads took: 0,0000453 seconds
2017-06-30T10:00:50.739+0200: 2,838: Total time for which application threads were stopped: 0,0001697 seconds, Stopping threads took: 0,0000264 seconds
{Heap before GC invocations=2 (full 0):
 par new generation   total 109248K, used 102177K [0x00000000e0000000, 0x00000000e8000000, 0x00000000e8000000)
  eden space 87424K, 100% used [0x00000000e0000000, 0x00000000e5560000, 0x00000000e5560000)
  from space 21824K,  67% used [0x00000000e5560000, 0x00000000e63c86c0, 0x00000000e6ab0000)
  to   space 21824K,   0% used [0x00000000e6ab0000, 0x00000000e6ab0000, 0x00000000e8000000)
 concurrent mark-sweep generation total 393216K, used 0K [0x00000000e8000000, 0x0000000100000000, 0x0000000100000000)
 Metaspace       used 20982K, capacity 21294K, committed 21628K, reserved 1069056K
  class space    used 2418K, capacity 2591K, committed 2684K, reserved 1048576K
2017-06-30T10:00:50.778+0200: 2,877: [GC (Allocation Failure) 2017-06-30T10:00:50.778+0200: 2,877: [ParNew
Desired survivor size 20112992 bytes, new threshold 8 (max 8)
- age   1:    2160544 bytes,    2160544 total
- age   2:    1291952 bytes,    3452496 total
- age   3:    6180280 bytes,    9632776 total
: 102177K->11188K(109248K), 0,0117445 secs] 102177K->11188K(502464K), 0,0118640 secs] [Times: user=0,03 sys=0,00, real=0,01 secs] 
Heap after GC invocations=3 (full 0):
 par new generation   total 109248K, used 11188K [0x00000000e0000000, 0x00000000e8000000, 0x00000000e8000000)
  eden space 87424K,   0% used [0x00000000e0000000, 0x00000000e0000000, 0x00000000e5560000)
  from space 21824K,  51% used [0x00000000e6ab0000, 0x00000000e759d0c0, 0x00000000e8000000)
  to   space 21824K,   0% used [0x00000000e5560000, 0x00000000e5560000, 0x00000000e6ab0000)
 concurrent mark-sweep generation total 393216K, used 0K [0x00000000e8000000, 0x0000000100000000, 0x0000000100000000)
 Metaspace       used 20982K, capacity 21294K, committed 21628K, reserved 1069056K
  class space    used 2418K, capacity 2591K, committed 2684K, reserved 1048576K
}
2017-06-30T10:00:50.789+0200: 2,889: Total time for which application threads were stopped: 0,0121267 seconds, Stopping threads took: 0,0000953 seconds
2017-06-30T10:00:50.790+0200: 2,889: [GC (CMS Initial Mark) [1 CMS-initial-mark: 0K(393216K)] 11197K(502464K), 0,0051945 secs] [Times: user=0,02 sys=0,00, real=0,01 secs] 
2017-06-30T10:00:50.795+0200: 2,894: Total time for which application threads were stopped: 0,0053230 seconds, Stopping threads took: 0,0000343 seconds
2017-06-30T10:00:50.795+0200: 2,894: [CMS-concurrent-mark-start]
2017-06-30T10:00:50.796+0200: 2,895: [CMS-concurrent-mark: 0,001/0,001 secs] [Times: user=0,01 sys=0,00, real=0,00 secs] 
2017-06-30T10:00:50.796+0200: 2,895: [CMS-concurrent-preclean-start]
2017-06-30T10:00:50.797+0200: 2,896: [CMS-concurrent-preclean: 0,001/0,001 secs] [Times: user=0,00 sys=0,00, real=0,00 secs] 
2017-06-30T10:00:50.797+0200: 2,896: [CMS-concurrent-abortable-preclean-start]
2017-06-30T10:00:50.870+0200: 2,969: Total time for which application threads were stopped: 0,0003755 seconds, Stopping threads took: 0,0002678 seconds
2017-06-30T10:00:50.874+0200: 2,973: [CMS-concurrent-abortable-preclean: 0,070/0,077 secs] [Times: user=0,30 sys=0,00, real=0,08 secs] 
2017-06-30T10:00:50.875+0200: 2,975: [GC (CMS Final Remark) [YG occupancy: 67918 K (109248 K)]{Heap before GC invocations=3 (full 1):
 par new generation   total 109248K, used 67918K [0x00000000e0000000, 0x00000000e8000000, 0x00000000e8000000)
  eden space 87424K,  64% used [0x00000000e0000000, 0x00000000e37668d0, 0x00000000e5560000)
  from space 21824K,  51% used [0x00000000e6ab0000, 0x00000000e759d0c0, 0x00000000e8000000)
  to   space 21824K,   0% used [0x00000000e5560000, 0x00000000e5560000, 0x00000000e6ab0000)
 concurrent mark-sweep generation total 393216K, used 0K [0x00000000e8000000, 0x0000000100000000, 0x0000000100000000)
 Metaspace       used 21188K, capacity 21579K, committed 21884K, reserved 1069056K
  class space    used 2439K, capacity 2596K, committed 2684K, reserved 1048576K
2017-06-30T10:00:50.875+0200: 2,975: [GC (CMS Final Remark) 2017-06-30T10:00:50.875+0200: 2,975: [ParNew
Desired survivor size 20112992 bytes, new threshold 8 (max 8)
- age   1:     822616 bytes,     822616 total
- age   2:    1492512 bytes,    2315128 total
- age   3:    1270792 bytes,    3585920 total
- age   4:    6179864 bytes,    9765784 total
: 67918K->14793K(109248K), 0,0121883 secs] 67918K->14793K(502464K), 0,0122177 secs] [Times: user=0,04 sys=0,00, real=0,01 secs] 
Heap after GC invocations=4 (full 1):
 par new generation   total 109248K, used 14793K [0x00000000e0000000, 0x00000000e8000000, 0x00000000e8000000)
  eden space 87424K,   0% used [0x00000000e0000000, 0x00000000e0000000, 0x00000000e5560000)
  from space 21824K,  67% used [0x00000000e5560000, 0x00000000e63d2648, 0x00000000e6ab0000)
  to   space 21824K,   0% used [0x00000000e6ab0000, 0x00000000e6ab0000, 0x00000000e8000000)
 concurrent mark-sweep generation total 393216K, used 0K [0x00000000e8000000, 0x0000000100000000, 0x0000000100000000)
 Metaspace       used 21188K, capacity 21579K, committed 21884K, reserved 1069056K
  class space    used 2439K, capacity 2596K, committed 2684K, reserved 1048576K
}
2017-06-30T10:00:50.888+0200: 2,987: [Rescan (parallel) , 0,0032918 secs]2017-06-30T10:00:50.891+0200: 2,990: [weak refs processing, 0,0012232 secs]2017-06-30T10:00:50.892+0200: 2,991: [class unloading, 0,0028241 secs]2017-06-30T10:00:50.895+0200: 2,994: [scrub symbol table, 0,0027949 secs]2017-06-30T10:00:50.898+0200: 2,997: [scrub string table, 0,0003419 secs][1 CMS-remark: 0K(393216K)] 14793K(502464K), 0,0233345 secs] [Times: user=0,06 sys=0,00, real=0,03 secs] 
2017-06-30T10:00:50.899+0200: 2,998: Total time for which application threads were stopped: 0,0243353 seconds, Stopping threads took: 0,0009322 seconds
2017-06-30T10:00:50.899+0200: 2,998: [CMS-concurrent-sweep-start]
2017-06-30T10:00:50.899+0200: 2,998: [CMS-concurrent-sweep: 0,000/0,000 secs] [Times: user=0,00 sys=0,00, real=0,00 secs] 
2017-06-30T10:00:50.899+0200: 2,998: [CMS-concurrent-reset-start]
2017-06-30T10:00:50.901+0200: 3,001: [CMS-concurrent-reset: 0,003/0,003 secs] [Times: user=0,01 sys=0,01, real=0,00 secs] 
{Heap before GC invocations=4 (full 1):
 par new generation   total 109248K, used 102217K [0x00000000e0000000, 0x00000000e8000000, 0x00000000e8000000)
  eden space 87424K, 100% used [0x00000000e0000000, 0x00000000e5560000, 0x00000000e5560000)
  from space 21824K,  67% used [0x00000000e5560000, 0x00000000e63d2648, 0x00000000e6ab0000)
  to   space 21824K,   0% used [0x00000000e6ab0000, 0x00000000e6ab0000, 0x00000000e8000000)
 concurrent mark-sweep generation total 393216K, used 0K [0x00000000e8000000, 0x0000000100000000, 0x0000000100000000)
 Metaspace       used 21306K, capacity 21741K, committed 21884K, reserved 1069056K
  class space    used 2458K, capacity 2640K, committed 2684K, reserved 1048576K
2017-06-30T10:00:50.982+0200: 3,081: [GC (Allocation Failure) 2017-06-30T10:00:50.982+0200: 3,081: [ParNew
Desired survivor size 20112992 bytes, new threshold 8 (max 8)
- age   1:     759848 bytes,     759848 total
- age   2:      87704 bytes,     847552 total
- age   3:    1492120 bytes,    2339672 total
- age   4:    1264888 bytes,    3604560 total
- age   5:    6179888 bytes,    9784448 total
: 102217K->12368K(109248K), 0,0092667 secs] 102217K->12368K(502464K), 0,0093338 secs] [Times: user=0,04 sys=0,00, real=0,01 secs] 
Heap after GC invocations=5 (full 1):
 par new generation   total 109248K, used 12368K [0x00000000e0000000, 0x00000000e8000000, 0x00000000e8000000)
  eden space 87424K,   0% used [0x00000000e0000000, 0x00000000e0000000, 0x00000000e5560000)
  from space 21824K,  56% used [0x00000000e6ab0000, 0x00000000e76c4188, 0x00000000e8000000)
  to   space 21824K,   0% used [0x00000000e5560000, 0x00000000e5560000, 0x00000000e6ab0000)
 concurrent mark-sweep generation total 393216K, used 0K [0x00000000e8000000, 0x0000000100000000, 0x0000000100000000)
 Metaspace       used 21306K, capacity 21741K, committed 21884K, reserved 1069056K
  class space    used 2458K, capacity 2640K, committed 2684K, reserved 1048576K
}
2017-06-30T10:00:50.991+0200: 3,090: Total time for which application threads were stopped: 0,0095359 seconds, Stopping threads took: 0,0000576 seconds
2017-06-30T10:00:51.069+0200: 3,168: Total time for which application threads were stopped: 0,0003997 seconds, Stopping threads took: 0,0000293 seconds
2017-06-30T10:00:51.443+0200: 3,542: Total time for which application threads were stopped: 0,0010543 seconds, Stopping threads took: 0,0005491 seconds
2017-06-30T10:00:51.479+0200: 3,578: Total time for which application threads were stopped: 0,0007676 seconds, Stopping threads took: 0,0000262 seconds
2017-06-30T10:00:51.526+0200: 3,625: Total time for which application threads were stopped: 0,0003593 seconds, Stopping threads took: 0,0000156 seconds
{Heap before GC invocations=5 (full 1):
 par new generation   total 109248K, used 99792K [0x00000000e0000000, 0x00000000e8000000, 0x00000000e8000000)
  eden space 87424K, 100% used [0x00000000e0000000, 0x00000000e5560000, 0x00000000e5560000)
  from space 21824K,  56% used [0x00000000e6ab0000, 0x00000000e76c4188, 0x00000000e8000000)
  to   space 21824K,   0% used [0x00000000e5560000, 0x00000000e5560000, 0x00000000e6ab0000)
 concurrent mark-sweep generation total 393216K, used 0K [0x00000000e8000000, 0x0000000100000000, 0x0000000100000000)
 Metaspace       used 23436K, capacity 23931K, committed 24188K, reserved 1071104K
  class space    used 2715K, capacity 2921K, committed 2940K, reserved 1048576K
2017-06-30T10:00:51.579+0200: 3,678: [GC (Allocation Failure) 2017-06-30T10:00:51.579+0200: 3,678: [ParNew
Desired survivor size 20112992 bytes, new threshold 8 (max 8)
- age   1:    4135152 bytes,    4135152 total
- age   2:     156680 bytes,    4291832 total
- age   3:      86424 bytes,    4378256 total
- age   4:     322456 bytes,    4700712 total
- age   5:    1253080 bytes,    5953792 total
- age   6:    6171712 bytes,   12125504 total
: 99792K->14122K(109248K), 0,0377260 secs] 99792K->14122K(502464K), 0,0377917 secs] [Times: user=0,07 sys=0,00, real=0,03 secs] 
Heap after GC invocations=6 (full 1):
 par new generation   total 109248K, used 14122K [0x00000000e0000000, 0x00000000e8000000, 0x00000000e8000000)
  eden space 87424K,   0% used [0x00000000e0000000, 0x00000000e0000000, 0x00000000e5560000)
  from space 21824K,  64% used [0x00000000e5560000, 0x00000000e632aac0, 0x00000000e6ab0000)
  to   space 21824K,   0% used [0x00000000e6ab0000, 0x00000000e6ab0000, 0x00000000e8000000)
 concurrent mark-sweep generation total 393216K, used 0K [0x00000000e8000000, 0x0000000100000000, 0x0000000100000000)
 Metaspace       used 23436K, capacity 23931K, committed 24188K, reserved 1071104K
  class space    used 2715K, capacity 2921K, committed 2940K, reserved 1048576K
}
2017-06-30T10:00:51.617+0200: 3,716: Total time for which application threads were stopped: 0,0395378 seconds, Stopping threads took: 0,0011493 seconds
{Heap before GC invocations=6 (full 1):
 par new generation   total 109248K, used 101546K [0x00000000e0000000, 0x00000000e8000000, 0x00000000e8000000)
  eden space 87424K, 100% used [0x00000000e0000000, 0x00000000e5560000, 0x00000000e5560000)
  from space 21824K,  64% used [0x00000000e5560000, 0x00000000e632aac0, 0x00000000e6ab0000)
  to   space 21824K,   0% used [0x00000000e6ab0000, 0x00000000e6ab0000, 0x00000000e8000000)
 concurrent mark-sweep generation total 393216K, used 0K [0x00000000e8000000, 0x0000000100000000, 0x0000000100000000)
 Metaspace       used 24311K, capacity 24827K, committed 25084K, reserved 1071104K
  class space    used 2852K, capacity 3049K, committed 3068K, reserved 1048576K
2017-06-30T10:00:51.905+0200: 4,004: [GC (Allocation Failure) 2017-06-30T10:00:51.905+0200: 4,004: [ParNew
Desired survivor size 20112992 bytes, new threshold 8 (max 8)
- age   1:    2899184 bytes,    2899184 total
- age   2:    1401952 bytes,    4301136 total
- age   3:      86440 bytes,    4387576 total
- age   4:      49672 bytes,    4437248 total
- age   5:     203064 bytes,    4640312 total
- age   6:     990600 bytes,    5630912 total
- age   7:    5870720 bytes,   11501632 total
: 101546K->17601K(109248K), 0,0388952 secs] 101546K->17601K(502464K), 0,0389641 secs] [Times: user=0,07 sys=0,01, real=0,04 secs] 
Heap after GC invocations=7 (full 1):
 par new generation   total 109248K, used 17601K [0x00000000e0000000, 0x00000000e8000000, 0x00000000e8000000)
  eden space 87424K,   0% used [0x00000000e0000000, 0x00000000e0000000, 0x00000000e5560000)
  from space 21824K,  80% used [0x00000000e6ab0000, 0x00000000e7be04b0, 0x00000000e8000000)
  to   space 21824K,   0% used [0x00000000e5560000, 0x00000000e5560000, 0x00000000e6ab0000)
 concurrent mark-sweep generation total 393216K, used 0K [0x00000000e8000000, 0x0000000100000000, 0x0000000100000000)
 Metaspace       used 24311K, capacity 24827K, committed 25084K, reserved 1071104K
  class space    used 2852K, capacity 3049K, committed 3068K, reserved 1048576K
}
2017-06-30T10:00:51.944+0200: 4,043: Total time for which application threads were stopped: 0,0392807 seconds, Stopping threads took: 0,0001131 seconds
2017-06-30T10:00:51.962+0200: 4,061: Total time for which application threads were stopped: 0,0042894 seconds, Stopping threads took: 0,0038734 seconds
2017-06-30T10:00:52.005+0200: 4,104: Total time for which application threads were stopped: 0,0002560 seconds, Stopping threads took: 0,0001377 seconds
{Heap before GC invocations=7 (full 1):
 par new generation   total 109248K, used 105025K [0x00000000e0000000, 0x00000000e8000000, 0x00000000e8000000)
  eden space 87424K, 100% used [0x00000000e0000000, 0x00000000e5560000, 0x00000000e5560000)
  from space 21824K,  80% used [0x00000000e6ab0000, 0x00000000e7be04b0, 0x00000000e8000000)
  to   space 21824K,   0% used [0x00000000e5560000, 0x00000000e5560000, 0x00000000e6ab0000)
 concurrent mark-sweep generation total 393216K, used 0K [0x00000000e8000000, 0x0000000100000000, 0x0000000100000000)
 Metaspace       used 24560K, capacity 25051K, committed 25084K, reserved 1071104K
  class space    used 2873K, capacity 3055K, committed 3068K, reserved 1048576K
2017-06-30T10:00:52.022+0200: 4,121: [GC (Allocation Failure) 2017-06-30T10:00:52.022+0200: 4,121: [ParNew
Desired survivor size 20112992 bytes, new threshold 8 (max 8)
- age   1:    1029952 bytes,    1029952 total
- age   2:    1379280 bytes,    2409232 total
- age   3:    1379472 bytes,    3788704 total
- age   4:      86304 bytes,    3875008 total
- age   5:      49504 bytes,    3924512 total
- age   6:     200296 bytes,    4124808 total
- age   7:     989832 bytes,    5114640 total
- age   8:    5870248 bytes,   10984888 total
: 105025K->13306K(109248K), 0,0265775 secs] 105025K->13306K(502464K), 0,0266731 secs] [Times: user=0,07 sys=0,00, real=0,02 secs] 
Heap after GC invocations=8 (full 1):
 par new generation   total 109248K, used 13306K [0x00000000e0000000, 0x00000000e8000000, 0x00000000e8000000)
  eden space 87424K,   0% used [0x00000000e0000000, 0x00000000e0000000, 0x00000000e5560000)
  from space 21824K,  60% used [0x00000000e5560000, 0x00000000e625e860, 0x00000000e6ab0000)
  to   space 21824K,   0% used [0x00000000e6ab0000, 0x00000000e6ab0000, 0x00000000e8000000)
 concurrent mark-sweep generation total 393216K, used 0K [0x00000000e8000000, 0x0000000100000000, 0x0000000100000000)
 Metaspace       used 24560K, capacity 25051K, committed 25084K, reserved 1071104K
  class space    used 2873K, capacity 3055K, committed 3068K, reserved 1048576K
}
2017-06-30T10:00:52.049+0200: 4,148: Total time for which application threads were stopped: 0,0302929 seconds, Stopping threads took: 0,0034416 seconds
2017-06-30T10:00:52.150+0200: 4,250: Total time for which application threads were stopped: 0,0001464 seconds, Stopping threads took: 0,0000694 seconds
2017-06-30T10:00:52.177+0200: 4,277: Total time for which application threads were stopped: 0,0002377 seconds, Stopping threads took: 0,0001594 seconds
2017-06-30T10:00:52.180+0200: 4,280: Total time for which application threads were stopped: 0,0001320 seconds, Stopping threads took: 0,0000610 seconds
2017-06-30T10:00:52.182+0200: 4,281: Total time for which application threads were stopped: 0,0001230 seconds, Stopping threads took: 0,0000424 seconds
2017-06-30T10:00:52.182+0200: 4,281: Total time for which application threads were stopped: 0,0000804 seconds, Stopping threads took: 0,0000234 seconds
2017-06-30T10:00:52.182+0200: 4,282: Total time for which application threads were stopped: 0,0000897 seconds, Stopping threads took: 0,0000294 seconds
2017-06-30T10:00:52.190+0200: 4,289: Total time for which application threads were stopped: 0,0001269 seconds, Stopping threads took: 0,0000431 seconds
2017-06-30T10:00:52.191+0200: 4,290: Total time for which application threads were stopped: 0,0001296 seconds, Stopping threads took: 0,0000632 seconds
2017-06-30T10:00:52.193+0200: 4,292: Total time for which application threads were stopped: 0,0001055 seconds, Stopping threads took: 0,0000250 seconds
2017-06-30T10:00:52.193+0200: 4,292: Total time for which application threads were stopped: 0,0001065 seconds, Stopping threads took: 0,0000303 seconds
2017-06-30T10:00:52.199+0200: 4,298: Total time for which application threads were stopped: 0,0010911 seconds, Stopping threads took: 0,0001590 seconds
2017-06-30T10:00:52.206+0200: 4,305: Total time for which application threads were stopped: 0,0057527 seconds, Stopping threads took: 0,0056814 seconds
2017-06-30T10:00:52.209+0200: 4,308: Total time for which application threads were stopped: 0,0001880 seconds, Stopping threads took: 0,0000671 seconds
2017-06-30T10:00:52.209+0200: 4,308: Total time for which application threads were stopped: 0,0001190 seconds, Stopping threads took: 0,0000320 seconds
2017-06-30T10:00:52.209+0200: 4,309: Total time for which application threads were stopped: 0,0001048 seconds, Stopping threads took: 0,0000310 seconds
2017-06-30T10:00:52.210+0200: 4,309: Total time for which application threads were stopped: 0,0000852 seconds, Stopping threads took: 0,0000220 seconds
2017-06-30T10:00:52.210+0200: 4,309: Total time for which application threads were stopped: 0,0001021 seconds, Stopping threads took: 0,0000279 seconds
2017-06-30T10:00:52.210+0200: 4,309: Total time for which application threads were stopped: 0,0000799 seconds, Stopping threads took: 0,0000219 seconds
2017-06-30T10:00:52.210+0200: 4,310: Total time for which application threads were stopped: 0,0001511 seconds, Stopping threads took: 0,0000635 seconds
2017-06-30T10:00:52.218+0200: 4,317: Total time for which application threads were stopped: 0,0001682 seconds, Stopping threads took: 0,0000445 seconds
2017-06-30T10:00:52.218+0200: 4,318: Total time for which application threads were stopped: 0,0001246 seconds, Stopping threads took: 0,0000351 seconds
2017-06-30T10:00:52.218+0200: 4,318: Total time for which application threads were stopped: 0,0000896 seconds, Stopping threads took: 0,0000199 seconds
2017-06-30T10:00:52.219+0200: 4,318: Total time for which application threads were stopped: 0,0001210 seconds, Stopping threads took: 0,0000383 seconds
2017-06-30T10:00:52.219+0200: 4,319: Total time for which application threads were stopped: 0,0000905 seconds, Stopping threads took: 0,0000223 seconds
2017-06-30T10:00:52.219+0200: 4,319: Total time for which application threads were stopped: 0,0001670 seconds, Stopping threads took: 0,0001136 seconds
2017-06-30T10:00:52.222+0200: 4,321: Total time for which application threads were stopped: 0,0001175 seconds, Stopping threads took: 0,0000428 seconds
2017-06-30T10:00:52.222+0200: 4,322: Total time for which application threads were stopped: 0,0001779 seconds, Stopping threads took: 0,0000228 seconds
2017-06-30T10:00:52.224+0200: 4,323: Total time for which application threads were stopped: 0,0001053 seconds, Stopping threads took: 0,0000452 seconds
2017-06-30T10:00:52.225+0200: 4,324: Total time for which application threads were stopped: 0,0000762 seconds, Stopping threads took: 0,0000199 seconds
2017-06-30T10:00:52.225+0200: 4,324: Total time for which application threads were stopped: 0,0000541 seconds, Stopping threads took: 0,0000158 seconds
2017-06-30T10:00:52.225+0200: 4,324: Total time for which application threads were stopped: 0,0000536 seconds, Stopping threads took: 0,0000159 seconds
2017-06-30T10:00:52.225+0200: 4,324: Total time for which application threads were stopped: 0,0000510 seconds, Stopping threads took: 0,0000089 seconds
2017-06-30T10:00:52.225+0200: 4,324: Total time for which application threads were stopped: 0,0000522 seconds, Stopping threads took: 0,0000144 seconds
2017-06-30T10:00:52.225+0200: 4,324: Total time for which application threads were stopped: 0,0000483 seconds, Stopping threads took: 0,0000157 seconds
2017-06-30T10:00:52.225+0200: 4,324: Total time for which application threads were stopped: 0,0000522 seconds, Stopping threads took: 0,0000164 seconds
2017-06-30T10:00:52.225+0200: 4,324: Total time for which application threads were stopped: 0,0000417 seconds, Stopping threads took: 0,0000090 seconds
2017-06-30T10:00:52.225+0200: 4,324: Total time for which application threads were stopped: 0,0000403 seconds, Stopping threads took: 0,0000079 seconds
2017-06-30T10:00:52.225+0200: 4,325: Total time for which application threads were stopped: 0,0001086 seconds, Stopping threads took: 0,0000688 seconds
2017-06-30T10:00:52.225+0200: 4,325: Total time for which application threads were stopped: 0,0000524 seconds, Stopping threads took: 0,0000191 seconds
2017-06-30T10:00:52.226+0200: 4,325: Total time for which application threads were stopped: 0,0000968 seconds, Stopping threads took: 0,0000618 seconds
2017-06-30T10:00:52.226+0200: 4,325: Total time for which application threads were stopped: 0,0000931 seconds, Stopping threads took: 0,0000509 seconds
2017-06-30T10:00:52.226+0200: 4,325: Total time for which application threads were stopped: 0,0000567 seconds, Stopping threads took: 0,0000210 seconds
2017-06-30T10:00:52.226+0200: 4,325: Total time for which application threads were stopped: 0,0000541 seconds, Stopping threads took: 0,0000175 seconds
2017-06-30T10:00:52.226+0200: 4,325: Total time for which application threads were stopped: 0,0000446 seconds, Stopping threads took: 0,0000130 seconds
2017-06-30T10:00:52.226+0200: 4,325: Total time for which application threads were stopped: 0,0000507 seconds, Stopping threads took: 0,0000172 seconds
2017-06-30T10:00:52.226+0200: 4,325: Total time for which application threads were stopped: 0,0000359 seconds, Stopping threads took: 0,0000056 seconds
2017-06-30T10:00:52.226+0200: 4,325: Total time for which application threads were stopped: 0,0000622 seconds, Stopping threads took: 0,0000221 seconds
2017-06-30T10:00:52.226+0200: 4,326: Total time for which application threads were stopped: 0,0000458 seconds, Stopping threads took: 0,0000104 seconds
2017-06-30T10:00:52.226+0200: 4,326: Total time for which application threads were stopped: 0,0000479 seconds, Stopping threads took: 0,0000149 seconds
2017-06-30T10:00:52.227+0200: 4,326: Total time for which application threads were stopped: 0,0000426 seconds, Stopping threads took: 0,0000085 seconds
2017-06-30T10:00:52.227+0200: 4,326: Total time for which application threads were stopped: 0,0000378 seconds, Stopping threads took: 0,0000079 seconds
2017-06-30T10:00:52.227+0200: 4,326: Total time for which application threads were stopped: 0,0003836 seconds, Stopping threads took: 0,0002916 seconds
2017-06-30T10:00:52.227+0200: 4,327: Total time for which application threads were stopped: 0,0000439 seconds, Stopping threads took: 0,0000096 seconds
2017-06-30T10:00:52.228+0200: 4,328: Total time for which application threads were stopped: 0,0000667 seconds, Stopping threads took: 0,0000150 seconds
2017-06-30T10:00:52.229+0200: 4,328: Total time for which application threads were stopped: 0,0000753 seconds, Stopping threads took: 0,0000154 seconds
2017-06-30T10:00:52.231+0200: 4,330: Total time for which application threads were stopped: 0,0001246 seconds, Stopping threads took: 0,0000383 seconds
2017-06-30T10:00:52.234+0200: 4,333: Total time for which application threads were stopped: 0,0024074 seconds, Stopping threads took: 0,0023420 seconds
2017-06-30T10:00:52.234+0200: 4,333: Total time for which application threads were stopped: 0,0000620 seconds, Stopping threads took: 0,0000133 seconds
2017-06-30T10:00:52.234+0200: 4,333: Total time for which application threads were stopped: 0,0000511 seconds, Stopping threads took: 0,0000106 seconds
2017-06-30T10:00:52.234+0200: 4,333: Total time for which application threads were stopped: 0,0000622 seconds, Stopping threads took: 0,0000231 seconds
2017-06-30T10:00:52.235+0200: 4,335: Total time for which application threads were stopped: 0,0000790 seconds, Stopping threads took: 0,0000222 seconds
2017-06-30T10:00:52.241+0200: 4,340: Total time for which application threads were stopped: 0,0001414 seconds, Stopping threads took: 0,0000535 seconds
2017-06-30T10:00:52.243+0200: 4,342: Total time for which application threads were stopped: 0,0002348 seconds, Stopping threads took: 0,0000875 seconds
2017-06-30T10:00:52.244+0200: 4,343: Total time for which application threads were stopped: 0,0001189 seconds, Stopping threads took: 0,0000658 seconds
2017-06-30T10:00:52.244+0200: 4,343: Total time for which application threads were stopped: 0,0000732 seconds, Stopping threads took: 0,0000221 seconds
2017-06-30T10:00:52.246+0200: 4,346: Total time for which application threads were stopped: 0,0001355 seconds, Stopping threads took: 0,0000537 seconds
2017-06-30T10:00:52.248+0200: 4,347: Total time for which application threads were stopped: 0,0001440 seconds, Stopping threads took: 0,0000594 seconds
2017-06-30T10:00:52.248+0200: 4,347: Total time for which application threads were stopped: 0,0000717 seconds, Stopping threads took: 0,0000176 seconds
2017-06-30T10:00:52.248+0200: 4,348: Total time for which application threads were stopped: 0,0000658 seconds, Stopping threads took: 0,0000253 seconds
2017-06-30T10:00:52.248+0200: 4,348: Total time for which application threads were stopped: 0,0000609 seconds, Stopping threads took: 0,0000194 seconds
2017-06-30T10:00:52.249+0200: 4,348: Total time for which application threads were stopped: 0,0000563 seconds, Stopping threads took: 0,0000166 seconds
2017-06-30T10:00:52.250+0200: 4,349: Total time for which application threads were stopped: 0,0009593 seconds, Stopping threads took: 0,0008857 seconds
2017-06-30T10:00:52.251+0200: 4,351: Total time for which application threads were stopped: 0,0005113 seconds, Stopping threads took: 0,0004339 seconds
{Heap before GC invocations=8 (full 1):
 par new generation   total 109248K, used 100730K [0x00000000e0000000, 0x00000000e8000000, 0x00000000e8000000)
  eden space 87424K, 100% used [0x00000000e0000000, 0x00000000e5560000, 0x00000000e5560000)
  from space 21824K,  60% used [0x00000000e5560000, 0x00000000e625e860, 0x00000000e6ab0000)
  to   space 21824K,   0% used [0x00000000e6ab0000, 0x00000000e6ab0000, 0x00000000e8000000)
 concurrent mark-sweep generation total 393216K, used 0K [0x00000000e8000000, 0x0000000100000000, 0x0000000100000000)
 Metaspace       used 25061K, capacity 25537K, committed 25724K, reserved 1071104K
  class space    used 2913K, capacity 3088K, committed 3196K, reserved 1048576K
2017-06-30T10:00:52.253+0200: 4,352: [GC (Allocation Failure) 2017-06-30T10:00:52.253+0200: 4,352: [ParNew
Desired survivor size 20112992 bytes, new threshold 8 (max 8)
- age   1:    1663616 bytes,    1663616 total
- age   2:     167776 bytes,    1831392 total
- age   3:     578416 bytes,    2409808 total
- age   4:    1379232 bytes,    3789040 total
- age   5:      83760 bytes,    3872800 total
- age   6:      49472 bytes,    3922272 total
- age   7:     199800 bytes,    4122072 total
- age   8:     989032 bytes,    5111104 total
: 100730K->9376K(109248K), 0,0274162 secs] 100730K->15701K(502464K), 0,0274643 secs] [Times: user=0,09 sys=0,00, real=0,03 secs] 
Heap after GC invocations=9 (full 1):
 par new generation   total 109248K, used 9376K [0x00000000e0000000, 0x00000000e8000000, 0x00000000e8000000)
  eden space 87424K,   0% used [0x00000000e0000000, 0x00000000e0000000, 0x00000000e5560000)
  from space 21824K,  42% used [0x00000000e6ab0000, 0x00000000e73d80c0, 0x00000000e8000000)
  to   space 21824K,   0% used [0x00000000e5560000, 0x00000000e5560000, 0x00000000e6ab0000)
 concurrent mark-sweep generation total 393216K, used 6325K [0x00000000e8000000, 0x0000000100000000, 0x0000000100000000)
 Metaspace       used 25061K, capacity 25537K, committed 25724K, reserved 1071104K
  class space    used 2913K, capacity 3088K, committed 3196K, reserved 1048576K
}
2017-06-30T10:00:52.281+0200: 4,380: Total time for which application threads were stopped: 0,0276649 seconds, Stopping threads took: 0,0000439 seconds
2017-06-30T10:00:52.281+0200: 4,381: Total time for which application threads were stopped: 0,0001363 seconds, Stopping threads took: 0,0000482 seconds
2017-06-30T10:00:52.286+0200: 4,385: Total time for which application threads were stopped: 0,0001860 seconds, Stopping threads took: 0,0000590 seconds
2017-06-30T10:00:52.286+0200: 4,385: Total time for which application threads were stopped: 0,0000922 seconds, Stopping threads took: 0,0000158 seconds
2017-06-30T10:00:52.286+0200: 4,386: Total time for which application threads were stopped: 0,0000649 seconds, Stopping threads took: 0,0000111 seconds
2017-06-30T10:00:52.287+0200: 4,386: Total time for which application threads were stopped: 0,0001066 seconds, Stopping threads took: 0,0000265 seconds
2017-06-30T10:00:52.287+0200: 4,386: Total time for which application threads were stopped: 0,0001034 seconds, Stopping threads took: 0,0000171 seconds
2017-06-30T10:00:52.287+0200: 4,386: Total time for which application threads were stopped: 0,0000836 seconds, Stopping threads took: 0,0000248 seconds
2017-06-30T10:00:52.287+0200: 4,387: Total time for which application threads were stopped: 0,0000695 seconds, Stopping threads took: 0,0000104 seconds
2017-06-30T10:00:52.288+0200: 4,387: Total time for which application threads were stopped: 0,0001471 seconds, Stopping threads took: 0,0000545 seconds
2017-06-30T10:00:52.289+0200: 4,388: Total time for which application threads were stopped: 0,0001757 seconds, Stopping threads took: 0,0000318 seconds
2017-06-30T10:00:52.332+0200: 4,431: Total time for which application threads were stopped: 0,0001637 seconds, Stopping threads took: 0,0000390 seconds
2017-06-30T10:00:52.348+0200: 4,448: Total time for which application threads were stopped: 0,0001949 seconds, Stopping threads took: 0,0001087 seconds
2017-06-30T10:00:52.351+0200: 4,450: Total time for which application threads were stopped: 0,0006215 seconds, Stopping threads took: 0,0005524 seconds
2017-06-30T10:00:52.351+0200: 4,450: Total time for which application threads were stopped: 0,0001851 seconds, Stopping threads took: 0,0001225 seconds
2017-06-30T10:00:52.378+0200: 4,477: Total time for which application threads were stopped: 0,0028403 seconds, Stopping threads took: 0,0027507 seconds
2017-06-30T10:00:52.392+0200: 4,491: Total time for which application threads were stopped: 0,0001540 seconds, Stopping threads took: 0,0000521 seconds
2017-06-30T10:00:52.440+0200: 4,539: Total time for which application threads were stopped: 0,0005604 seconds, Stopping threads took: 0,0000289 seconds
2017-06-30T10:00:52.454+0200: 4,553: Total time for which application threads were stopped: 0,0003809 seconds, Stopping threads took: 0,0000217 seconds
2017-06-30T10:00:52.515+0200: 4,615: Total time for which application threads were stopped: 0,0004450 seconds, Stopping threads took: 0,0000444 seconds
2017-06-30T10:00:52.530+0200: 4,630: Total time for which application threads were stopped: 0,0002695 seconds, Stopping threads took: 0,0002072 seconds
2017-06-30T10:00:52.531+0200: 4,630: Total time for which application threads were stopped: 0,0000720 seconds, Stopping threads took: 0,0000303 seconds
2017-06-30T10:00:52.542+0200: 4,641: Total time for which application threads were stopped: 0,0040189 seconds, Stopping threads took: 0,0039363 seconds
2017-06-30T10:00:52.549+0200: 4,648: Total time for which application threads were stopped: 0,0001329 seconds, Stopping threads took: 0,0000478 seconds
2017-06-30T10:00:52.560+0200: 4,659: Total time for which application threads were stopped: 0,0002888 seconds, Stopping threads took: 0,0001790 seconds
2017-06-30T10:00:52.587+0200: 4,686: Total time for which application threads were stopped: 0,0002471 seconds, Stopping threads took: 0,0001584 seconds
2017-06-30T10:00:52.610+0200: 4,709: Total time for which application threads were stopped: 0,0011176 seconds, Stopping threads took: 0,0010436 seconds
2017-06-30T10:00:52.641+0200: 4,740: Total time for which application threads were stopped: 0,0001406 seconds, Stopping threads took: 0,0000460 seconds
2017-06-30T10:00:52.642+0200: 4,741: Total time for which application threads were stopped: 0,0003973 seconds, Stopping threads took: 0,0000357 seconds
2017-06-30T10:00:52.642+0200: 4,741: Total time for which application threads were stopped: 0,0000855 seconds, Stopping threads took: 0,0000285 seconds
2017-06-30T10:00:53.644+0200: 5,744: Total time for which application threads were stopped: 0,0002078 seconds, Stopping threads took: 0,0000236 seconds
2017-06-30T10:02:45.664+0200: 117,763: Total time for which application threads were stopped: 0,0000769 seconds, Stopping threads took: 0,0000331 seconds
2017-06-30T10:02:50.664+0200: 122,764: Total time for which application threads were stopped: 0,0000599 seconds, Stopping threads took: 0,0000153 seconds
2017-06-30T10:03:49.672+0200: 181,771: Total time for which application threads were stopped: 0,0001402 seconds, Stopping threads took: 0,0000592 seconds
2017-06-30T10:05:24.685+0200: 276,784: Total time for which application threads were stopped: 0,0001218 seconds, Stopping threads took: 0,0000481 seconds
2017-06-30T10:24:14.819+0200: 1406,918: Total time for which application threads were stopped: 0,0000816 seconds, Stopping threads took: 0,0000317 seconds
2017-06-30T10:27:04.840+0200: 1576,939: Total time for which application threads were stopped: 0,0000770 seconds, Stopping threads took: 0,0000307 seconds
2017-06-30T10:27:09.841+0200: 1581,940: Total time for which application threads were stopped: 0,0000610 seconds, Stopping threads took: 0,0000147 seconds
2017-06-30T10:39:10.922+0200: 2303,021: Total time for which application threads were stopped: 0,0000806 seconds, Stopping threads took: 0,0000294 seconds
2017-06-30T10:39:14.922+0200: 2307,022: Total time for which application threads were stopped: 0,0000640 seconds, Stopping threads took: 0,0000148 seconds
2017-06-30T10:54:05.037+0200: 3197,136: Total time for which application threads were stopped: 0,0001070 seconds, Stopping threads took: 0,0000437 seconds
2017-06-30T10:55:44.050+0200: 3296,150: Total time for which application threads were stopped: 0,0000878 seconds, Stopping threads took: 0,0000346 seconds
2017-06-30T11:06:49.141+0200: 3961,241: Total time for which application threads were stopped: 0,0001000 seconds, Stopping threads took: 0,0000338 seconds
2017-06-30T11:07:04.144+0200: 3976,243: Total time for which application threads were stopped: 0,0000598 seconds, Stopping threads took: 0,0000148 seconds
2017-06-30T11:19:15.243+0200: 4707,343: Total time for which application threads were stopped: 0,0000842 seconds, Stopping threads took: 0,0000324 seconds
2017-06-30T11:19:20.244+0200: 4712,343: Total time for which application threads were stopped: 0,0000641 seconds, Stopping threads took: 0,0000147 seconds
2017-06-30T11:45:10.457+0200: 6262,556: Total time for which application threads were stopped: 0,0001056 seconds, Stopping threads took: 0,0000403 seconds
2017-06-30T12:02:49.587+0200: 7321,686: Total time for which application threads were stopped: 0,0000817 seconds, Stopping threads took: 0,0000315 seconds
2017-06-30T12:08:49.637+0200: 7681,736: Total time for which application threads were stopped: 0,0001171 seconds, Stopping threads took: 0,0000445 seconds
2017-06-30T16:48:02.463+0200: 11552,521: Total time for which application threads were stopped: 0,0007011 seconds, Stopping threads took: 0,0006076 seconds
2017-06-30T17:51:31.920+0200: 15361,978: Total time for which application threads were stopped: 0,0001578 seconds, Stopping threads took: 0,0000561 seconds
2017-06-30T17:53:31.941+0200: 15481,998: Total time for which application threads were stopped: 0,0001614 seconds, Stopping threads took: 0,0000617 seconds
2017-06-30T20:35:02.439+0200: 25172,496: Total time for which application threads were stopped: 0,0000882 seconds, Stopping threads took: 0,0000362 seconds
2017-07-01T01:50:22.898+0200: 44092,955: Total time for which application threads were stopped: 0,0014048 seconds, Stopping threads took: 0,0013412 seconds
2017-07-01T01:50:22.898+0200: 44092,955: Total time for which application threads were stopped: 0,0000678 seconds, Stopping threads took: 0,0000221 seconds
2017-07-01T01:50:22.899+0200: 44092,957: Total time for which application threads were stopped: 0,0010952 seconds, Stopping threads took: 0,0010148 seconds
2017-07-01T01:50:22.900+0200: 44092,958: Total time for which application threads were stopped: 0,0000914 seconds, Stopping threads took: 0,0000283 seconds
2017-07-01T01:50:22.922+0200: 44092,980: Total time for which application threads were stopped: 0,0000981 seconds, Stopping threads took: 0,0000180 seconds
2017-07-01T01:50:22.922+0200: 44092,980: Total time for which application threads were stopped: 0,0000692 seconds, Stopping threads took: 0,0000155 seconds
2017-07-01T01:50:22.923+0200: 44092,980: Total time for which application threads were stopped: 0,0000642 seconds, Stopping threads took: 0,0000083 seconds
2017-07-01T01:50:22.923+0200: 44092,980: Total time for which application threads were stopped: 0,0000403 seconds, Stopping threads took: 0,0000054 seconds
2017-07-01T01:50:22.923+0200: 44092,980: Total time for which application threads were stopped: 0,0000463 seconds, Stopping threads took: 0,0000064 seconds
2017-07-01T01:50:22.923+0200: 44092,980: Total time for which application threads were stopped: 0,0000355 seconds, Stopping threads took: 0,0000048 seconds
2017-07-01T01:50:22.942+0200: 44092,999: Total time for which application threads were stopped: 0,0000870 seconds, Stopping threads took: 0,0000198 seconds
2017-07-01T01:50:22.942+0200: 44092,999: Total time for which application threads were stopped: 0,0000416 seconds, Stopping threads took: 0,0000059 seconds
2017-07-01T01:50:22.942+0200: 44092,999: Total time for which application threads were stopped: 0,0000353 seconds, Stopping threads took: 0,0000045 seconds
2017-07-01T01:50:22.942+0200: 44093,000: Total time for which application threads were stopped: 0,0000417 seconds, Stopping threads took: 0,0000070 seconds
2017-07-01T01:50:22.942+0200: 44093,000: Total time for which application threads were stopped: 0,0000351 seconds, Stopping threads took: 0,0000049 seconds
2017-07-01T01:50:22.942+0200: 44093,000: Total time for which application threads were stopped: 0,0000736 seconds, Stopping threads took: 0,0000056 seconds
2017-07-01T01:50:22.942+0200: 44093,000: Total time for which application threads were stopped: 0,0000349 seconds, Stopping threads took: 0,0000048 seconds
2017-07-01T01:50:22.942+0200: 44093,000: Total time for which application threads were stopped: 0,0000400 seconds, Stopping threads took: 0,0000084 seconds
2017-07-01T01:50:22.942+0200: 44093,000: Total time for which application threads were stopped: 0,0000324 seconds, Stopping threads took: 0,0000046 seconds
2017-07-01T01:50:22.942+0200: 44093,000: Total time for which application threads were stopped: 0,0000340 seconds, Stopping threads took: 0,0000044 seconds
2017-07-01T01:50:22.990+0200: 44093,048: Total time for which application threads were stopped: 0,0014073 seconds, Stopping threads took: 0,0012437 seconds
2017-07-01T01:50:23.008+0200: 44093,066: Total time for which application threads were stopped: 0,0001008 seconds, Stopping threads took: 0,0000223 seconds
2017-07-01T01:50:23.009+0200: 44093,066: Total time for which application threads were stopped: 0,0000900 seconds, Stopping threads took: 0,0000157 seconds
2017-07-01T01:50:23.009+0200: 44093,066: Total time for which application threads were stopped: 0,0000490 seconds, Stopping threads took: 0,0000139 seconds
2017-07-01T01:50:23.009+0200: 44093,066: Total time for which application threads were stopped: 0,0000427 seconds, Stopping threads took: 0,0000147 seconds
2017-07-01T01:50:23.009+0200: 44093,067: Total time for which application threads were stopped: 0,0000400 seconds, Stopping threads took: 0,0000124 seconds
2017-07-01T01:50:23.009+0200: 44093,067: Total time for which application threads were stopped: 0,0000385 seconds, Stopping threads took: 0,0000108 seconds
2017-07-01T01:50:23.009+0200: 44093,067: Total time for which application threads were stopped: 0,0000381 seconds, Stopping threads took: 0,0000108 seconds
2017-07-01T01:50:23.009+0200: 44093,067: Total time for which application threads were stopped: 0,0000371 seconds, Stopping threads took: 0,0000107 seconds
2017-07-01T01:50:23.009+0200: 44093,067: Total time for which application threads were stopped: 0,0000377 seconds, Stopping threads took: 0,0000105 seconds
2017-07-01T01:50:23.009+0200: 44093,067: Total time for which application threads were stopped: 0,0000372 seconds, Stopping threads took: 0,0000110 seconds
2017-07-01T01:50:23.016+0200: 44093,074: Total time for which application threads were stopped: 0,0041076 seconds, Stopping threads took: 0,0040302 seconds
2017-07-01T01:50:23.016+0200: 44093,074: Total time for which application threads were stopped: 0,0000452 seconds, Stopping threads took: 0,0000074 seconds
2017-07-01T01:50:23.017+0200: 44093,074: Total time for which application threads were stopped: 0,0000375 seconds, Stopping threads took: 0,0000051 seconds
2017-07-01T01:50:23.017+0200: 44093,074: Total time for which application threads were stopped: 0,0000389 seconds, Stopping threads took: 0,0000052 seconds
2017-07-01T01:50:23.017+0200: 44093,075: Total time for which application threads were stopped: 0,0000813 seconds, Stopping threads took: 0,0000248 seconds
2017-07-01T01:50:23.019+0200: 44093,076: Total time for which application threads were stopped: 0,0000771 seconds, Stopping threads took: 0,0000143 seconds
2017-07-01T01:50:23.019+0200: 44093,076: Total time for which application threads were stopped: 0,0000458 seconds, Stopping threads took: 0,0000093 seconds
2017-07-01T01:50:23.019+0200: 44093,076: Total time for which application threads were stopped: 0,0000366 seconds, Stopping threads took: 0,0000050 seconds
2017-07-01T01:50:23.020+0200: 44093,077: Total time for which application threads were stopped: 0,0000884 seconds, Stopping threads took: 0,0000186 seconds
2017-07-01T01:50:23.020+0200: 44093,077: Total time for which application threads were stopped: 0,0000393 seconds, Stopping threads took: 0,0000074 seconds
2017-07-01T01:50:23.020+0200: 44093,077: Total time for which application threads were stopped: 0,0000363 seconds, Stopping threads took: 0,0000051 seconds
2017-07-01T01:50:23.021+0200: 44093,079: Total time for which application threads were stopped: 0,0000854 seconds, Stopping threads took: 0,0000179 seconds
2017-07-01T01:50:23.021+0200: 44093,079: Total time for which application threads were stopped: 0,0000397 seconds, Stopping threads took: 0,0000056 seconds
2017-07-01T01:50:23.022+0200: 44093,080: Total time for which application threads were stopped: 0,0000890 seconds, Stopping threads took: 0,0000305 seconds
2017-07-01T01:50:23.023+0200: 44093,081: Total time for which application threads were stopped: 0,0000797 seconds, Stopping threads took: 0,0000168 seconds
2017-07-01T01:50:23.026+0200: 44093,083: Total time for which application threads were stopped: 0,0000953 seconds, Stopping threads took: 0,0000290 seconds
2017-07-01T01:50:23.026+0200: 44093,083: Total time for which application threads were stopped: 0,0000445 seconds, Stopping threads took: 0,0000140 seconds
2017-07-01T01:50:23.026+0200: 44093,084: Total time for which application threads were stopped: 0,0000393 seconds, Stopping threads took: 0,0000112 seconds
2017-07-01T01:50:23.026+0200: 44093,084: Total time for which application threads were stopped: 0,0000413 seconds, Stopping threads took: 0,0000117 seconds
2017-07-01T01:50:23.026+0200: 44093,084: Total time for which application threads were stopped: 0,0000385 seconds, Stopping threads took: 0,0000109 seconds
2017-07-01T01:50:23.033+0200: 44093,090: Total time for which application threads were stopped: 0,0000912 seconds, Stopping threads took: 0,0000304 seconds
2017-07-01T01:50:23.033+0200: 44093,090: Total time for which application threads were stopped: 0,0000539 seconds, Stopping threads took: 0,0000208 seconds
2017-07-01T01:50:23.033+0200: 44093,091: Total time for which application threads were stopped: 0,0000779 seconds, Stopping threads took: 0,0000185 seconds
2017-07-01T01:50:23.034+0200: 44093,092: Total time for which application threads were stopped: 0,0000694 seconds, Stopping threads took: 0,0000138 seconds
2017-07-01T01:50:23.034+0200: 44093,092: Total time for which application threads were stopped: 0,0000350 seconds, Stopping threads took: 0,0000050 seconds
2017-07-01T01:50:23.034+0200: 44093,092: Total time for which application threads were stopped: 0,0000311 seconds, Stopping threads took: 0,0000042 seconds
2017-07-01T01:50:23.035+0200: 44093,092: Total time for which application threads were stopped: 0,0000312 seconds, Stopping threads took: 0,0000044 seconds
2017-07-01T01:50:23.037+0200: 44093,095: Total time for which application threads were stopped: 0,0000977 seconds, Stopping threads took: 0,0000313 seconds
2017-07-01T01:50:23.037+0200: 44093,095: Total time for which application threads were stopped: 0,0000501 seconds, Stopping threads took: 0,0000161 seconds
2017-07-01T01:50:23.038+0200: 44093,095: Total time for which application threads were stopped: 0,0000458 seconds, Stopping threads took: 0,0000143 seconds
2017-07-01T01:50:23.038+0200: 44093,095: Total time for which application threads were stopped: 0,0000554 seconds, Stopping threads took: 0,0000208 seconds
2017-07-01T01:50:23.040+0200: 44093,097: Total time for which application threads were stopped: 0,0001010 seconds, Stopping threads took: 0,0000313 seconds
2017-07-01T01:50:23.047+0200: 44093,105: Total time for which application threads were stopped: 0,0001005 seconds, Stopping threads took: 0,0000311 seconds
2017-07-01T01:50:23.047+0200: 44093,105: Total time for which application threads were stopped: 0,0000624 seconds, Stopping threads took: 0,0000179 seconds
2017-07-01T01:50:23.055+0200: 44093,113: Total time for which application threads were stopped: 0,0014057 seconds, Stopping threads took: 0,0013360 seconds
2017-07-01T01:50:23.056+0200: 44093,113: Total time for which application threads were stopped: 0,0000729 seconds, Stopping threads took: 0,0000311 seconds
2017-07-01T01:50:23.056+0200: 44093,113: Total time for which application threads were stopped: 0,0000447 seconds, Stopping threads took: 0,0000128 seconds
2017-07-01T01:50:23.056+0200: 44093,114: Total time for which application threads were stopped: 0,0000683 seconds, Stopping threads took: 0,0000238 seconds
2017-07-01T01:50:23.056+0200: 44093,114: Total time for which application threads were stopped: 0,0000569 seconds, Stopping threads took: 0,0000189 seconds
2017-07-01T01:50:23.058+0200: 44093,116: Total time for which application threads were stopped: 0,0000961 seconds, Stopping threads took: 0,0000335 seconds
2017-07-01T01:50:23.058+0200: 44093,116: Total time for which application threads were stopped: 0,0000471 seconds, Stopping threads took: 0,0000160 seconds
2017-07-01T01:50:23.058+0200: 44093,116: Total time for which application threads were stopped: 0,0000444 seconds, Stopping threads took: 0,0000143 seconds
2017-07-01T01:50:23.059+0200: 44093,116: Total time for which application threads were stopped: 0,0002823 seconds, Stopping threads took: 0,0001128 seconds
2017-07-01T01:50:23.061+0200: 44093,118: Total time for which application threads were stopped: 0,0001355 seconds, Stopping threads took: 0,0000286 seconds
2017-07-01T01:50:23.069+0200: 44093,127: Total time for which application threads were stopped: 0,0000966 seconds, Stopping threads took: 0,0000352 seconds
2017-07-01T01:50:23.069+0200: 44093,127: Total time for which application threads were stopped: 0,0000861 seconds, Stopping threads took: 0,0000198 seconds
Heap
 par new generation   total 109248K, used 71723K [0x00000000e0000000, 0x00000000e8000000, 0x00000000e8000000)
  eden space 87424K,  71% used [0x00000000e0000000, 0x00000000e3ce2e10, 0x00000000e5560000)
  from space 21824K,  42% used [0x00000000e6ab0000, 0x00000000e73d80c0, 0x00000000e8000000)
  to   space 21824K,   0% used [0x00000000e5560000, 0x00000000e5560000, 0x00000000e6ab0000)
 concurrent mark-sweep generation total 393216K, used 6325K [0x00000000e8000000, 0x0000000100000000, 0x0000000100000000)
 Metaspace       used 28173K, capacity 28739K, committed 29052K, reserved 1075200K
  class space    used 3229K, capacity 3427K, committed 3452K, reserved 1048576K
