OpenJDK 64-Bit Server VM (25.121-b13) for linux-amd64 JRE (1.8.0_121-8u121-b13-0ubuntu1.16.04.2-b13), built on Jan 23 2017 15:51:29 by "buildd" with gcc 5.4.0 20160609
Memory: 4k page, physical 7867760k(7498792k free), swap 8076284k(8076284k free)
CommandLine flags: -XX:CMSInitiatingOccupancyFraction=50 -XX:CMSMaxAbortablePrecleanTime=6000 -XX:+CMSParallelRemarkEnabled -XX:+CMSScavengeBeforeRemark -XX:ConcGCThreads=4 -XX:InitialHeapSize=536870912 -XX:MaxHeapSize=536870912 -XX:MaxTenuringThreshold=8 -XX:NewRatio=3 -XX:OldPLABSize=16 -XX:OnOutOfMemoryError=/opt/solr/bin/oom_solr.sh 8983 /var/solr/logs -XX:ParallelGCThreads=4 -XX:+ParallelRefProcEnabled -XX:PretenureSizeThreshold=67108864 -XX:+PrintGC -XX:+PrintGCApplicationStoppedTime -XX:+PrintGCDateStamps -XX:+PrintGCDetails -XX:+PrintGCTimeStamps -XX:+PrintHeapAtGC -XX:+PrintTenuringDistribution -XX:SurvivorRatio=4 -XX:TargetSurvivorRatio=90 -XX:ThreadStackSize=256 -XX:+UseCMSInitiatingOccupancyOnly -XX:+UseCompressedClassPointers -XX:+UseCompressedOops -XX:+UseConcMarkSweepGC -XX:+UseParNewGC 
2017-03-01T07:11:35.802+0100: 0,157: Total time for which application threads were stopped: 0,0000852 seconds, Stopping threads took: 0,0000106 seconds
2017-03-01T07:11:35.898+0100: 0,252: Total time for which application threads were stopped: 0,0000999 seconds, Stopping threads took: 0,0000261 seconds
2017-03-01T07:11:35.915+0100: 0,269: Total time for which application threads were stopped: 0,0000917 seconds, Stopping threads took: 0,0000115 seconds
2017-03-01T07:11:36.348+0100: 0,702: Total time for which application threads were stopped: 0,0001379 seconds, Stopping threads took: 0,0000130 seconds
2017-03-01T07:11:36.718+0100: 1,072: Total time for which application threads were stopped: 0,0001090 seconds, Stopping threads took: 0,0000099 seconds
2017-03-01T07:11:36.773+0100: 1,127: Total time for which application threads were stopped: 0,0002235 seconds, Stopping threads took: 0,0000288 seconds
2017-03-01T07:11:36.793+0100: 1,147: Total time for which application threads were stopped: 0,0001342 seconds, Stopping threads took: 0,0000183 seconds
2017-03-01T07:11:37.036+0100: 1,391: Total time for which application threads were stopped: 0,0001964 seconds, Stopping threads took: 0,0000160 seconds
2017-03-01T07:11:37.231+0100: 1,585: Total time for which application threads were stopped: 0,0001860 seconds, Stopping threads took: 0,0000159 seconds
2017-03-01T07:11:37.254+0100: 1,608: Total time for which application threads were stopped: 0,0002608 seconds, Stopping threads took: 0,0000355 seconds
2017-03-01T07:11:37.289+0100: 1,643: Total time for which application threads were stopped: 0,0005503 seconds, Stopping threads took: 0,0001035 seconds
2017-03-01T07:11:37.292+0100: 1,646: Total time for which application threads were stopped: 0,0002195 seconds, Stopping threads took: 0,0000263 seconds
2017-03-01T07:11:37.308+0100: 1,663: Total time for which application threads were stopped: 0,0002339 seconds, Stopping threads took: 0,0000267 seconds
2017-03-01T07:11:37.387+0100: 1,741: Total time for which application threads were stopped: 0,0002502 seconds, Stopping threads took: 0,0000224 seconds
2017-03-01T07:11:37.537+0100: 1,891: Total time for which application threads were stopped: 0,0004079 seconds, Stopping threads took: 0,0001901 seconds
{Heap before GC invocations=0 (full 0):
 par new generation   total 109248K, used 87424K [0x00000000e0000000, 0x00000000e8000000, 0x00000000e8000000)
  eden space 87424K, 100% used [0x00000000e0000000, 0x00000000e5560000, 0x00000000e5560000)
  from space 21824K,   0% used [0x00000000e5560000, 0x00000000e5560000, 0x00000000e6ab0000)
  to   space 21824K,   0% used [0x00000000e6ab0000, 0x00000000e6ab0000, 0x00000000e8000000)
 concurrent mark-sweep generation total 393216K, used 0K [0x00000000e8000000, 0x0000000100000000, 0x0000000100000000)
 Metaspace       used 18220K, capacity 18528K, committed 18688K, reserved 1064960K
  class space    used 2060K, capacity 2196K, committed 2304K, reserved 1048576K
2017-03-01T07:11:37.657+0100: 2,011: [GC (Allocation Failure) 2017-03-01T07:11:37.657+0100: 2,011: [ParNew
Desired survivor size 20112992 bytes, new threshold 8 (max 8)
- age   1:   12805448 bytes,   12805448 total
: 87424K->12627K(109248K), 0,0163425 secs] 87424K->12627K(502464K), 0,0164381 secs] [Times: user=0,04 sys=0,02, real=0,01 secs] 
Heap after GC invocations=1 (full 0):
 par new generation   total 109248K, used 12627K [0x00000000e0000000, 0x00000000e8000000, 0x00000000e8000000)
  eden space 87424K,   0% used [0x00000000e0000000, 0x00000000e0000000, 0x00000000e5560000)
  from space 21824K,  57% used [0x00000000e6ab0000, 0x00000000e7704eb8, 0x00000000e8000000)
  to   space 21824K,   0% used [0x00000000e5560000, 0x00000000e5560000, 0x00000000e6ab0000)
 concurrent mark-sweep generation total 393216K, used 0K [0x00000000e8000000, 0x0000000100000000, 0x0000000100000000)
 Metaspace       used 18220K, capacity 18528K, committed 18688K, reserved 1064960K
  class space    used 2060K, capacity 2196K, committed 2304K, reserved 1048576K
}
2017-03-01T07:11:37.673+0100: 2,028: Total time for which application threads were stopped: 0,0166831 seconds, Stopping threads took: 0,0000301 seconds
2017-03-01T07:11:37.930+0100: 2,285: Total time for which application threads were stopped: 0,0003153 seconds, Stopping threads took: 0,0000523 seconds
2017-03-01T07:11:37.967+0100: 2,321: Total time for which application threads were stopped: 0,0024607 seconds, Stopping threads took: 0,0021931 seconds
{Heap before GC invocations=1 (full 0):
 par new generation   total 109248K, used 100051K [0x00000000e0000000, 0x00000000e8000000, 0x00000000e8000000)
  eden space 87424K, 100% used [0x00000000e0000000, 0x00000000e5560000, 0x00000000e5560000)
  from space 21824K,  57% used [0x00000000e6ab0000, 0x00000000e7704eb8, 0x00000000e8000000)
  to   space 21824K,   0% used [0x00000000e5560000, 0x00000000e5560000, 0x00000000e6ab0000)
 concurrent mark-sweep generation total 393216K, used 0K [0x00000000e8000000, 0x0000000100000000, 0x0000000100000000)
 Metaspace       used 20042K, capacity 20354K, committed 20736K, reserved 1067008K
  class space    used 2295K, capacity 2465K, committed 2560K, reserved 1048576K
2017-03-01T07:11:37.973+0100: 2,328: [GC (Allocation Failure) 2017-03-01T07:11:37.973+0100: 2,328: [ParNew
Desired survivor size 20112992 bytes, new threshold 8 (max 8)
- age   1:    3497016 bytes,    3497016 total
- age   2:    6688960 bytes,   10185976 total
: 100051K->11948K(109248K), 0,0104859 secs] 100051K->11948K(502464K), 0,0105587 secs] [Times: user=0,03 sys=0,01, real=0,01 secs] 
Heap after GC invocations=2 (full 0):
 par new generation   total 109248K, used 11948K [0x00000000e0000000, 0x00000000e8000000, 0x00000000e8000000)
  eden space 87424K,   0% used [0x00000000e0000000, 0x00000000e0000000, 0x00000000e5560000)
  from space 21824K,  54% used [0x00000000e5560000, 0x00000000e610b160, 0x00000000e6ab0000)
  to   space 21824K,   0% used [0x00000000e6ab0000, 0x00000000e6ab0000, 0x00000000e8000000)
 concurrent mark-sweep generation total 393216K, used 0K [0x00000000e8000000, 0x0000000100000000, 0x0000000100000000)
 Metaspace       used 20042K, capacity 20354K, committed 20736K, reserved 1067008K
  class space    used 2295K, capacity 2465K, committed 2560K, reserved 1048576K
}
2017-03-01T07:11:37.984+0100: 2,338: Total time for which application threads were stopped: 0,0107745 seconds, Stopping threads took: 0,0000693 seconds
2017-03-01T07:11:38.019+0100: 2,373: Total time for which application threads were stopped: 0,0003880 seconds, Stopping threads took: 0,0000810 seconds
2017-03-01T07:11:38.156+0100: 2,510: Total time for which application threads were stopped: 0,0001988 seconds, Stopping threads took: 0,0000504 seconds
{Heap before GC invocations=2 (full 0):
 par new generation   total 109248K, used 99372K [0x00000000e0000000, 0x00000000e8000000, 0x00000000e8000000)
  eden space 87424K, 100% used [0x00000000e0000000, 0x00000000e5560000, 0x00000000e5560000)
  from space 21824K,  54% used [0x00000000e5560000, 0x00000000e610b160, 0x00000000e6ab0000)
  to   space 21824K,   0% used [0x00000000e6ab0000, 0x00000000e6ab0000, 0x00000000e8000000)
 concurrent mark-sweep generation total 393216K, used 0K [0x00000000e8000000, 0x0000000100000000, 0x0000000100000000)
 Metaspace       used 20995K, capacity 21352K, committed 21628K, reserved 1069056K
  class space    used 2418K, capacity 2586K, committed 2684K, reserved 1048576K
2017-03-01T07:11:38.204+0100: 2,558: [GC (Allocation Failure) 2017-03-01T07:11:38.204+0100: 2,559: [ParNew
Desired survivor size 20112992 bytes, new threshold 8 (max 8)
- age   1:    2229048 bytes,    2229048 total
- age   2:     828104 bytes,    3057152 total
- age   3:    6683504 bytes,    9740656 total
: 99372K->14177K(109248K), 0,0091047 secs] 99372K->14177K(502464K), 0,0091767 secs] [Times: user=0,03 sys=0,00, real=0,00 secs] 
Heap after GC invocations=3 (full 0):
 par new generation   total 109248K, used 14177K [0x00000000e0000000, 0x00000000e8000000, 0x00000000e8000000)
  eden space 87424K,   0% used [0x00000000e0000000, 0x00000000e0000000, 0x00000000e5560000)
  from space 21824K,  64% used [0x00000000e6ab0000, 0x00000000e7888710, 0x00000000e8000000)
  to   space 21824K,   0% used [0x00000000e5560000, 0x00000000e5560000, 0x00000000e6ab0000)
 concurrent mark-sweep generation total 393216K, used 0K [0x00000000e8000000, 0x0000000100000000, 0x0000000100000000)
 Metaspace       used 20995K, capacity 21352K, committed 21628K, reserved 1069056K
  class space    used 2418K, capacity 2586K, committed 2684K, reserved 1048576K
}
2017-03-01T07:11:38.213+0100: 2,568: Total time for which application threads were stopped: 0,0124398 seconds, Stopping threads took: 0,0031285 seconds
2017-03-01T07:11:38.214+0100: 2,568: [GC (CMS Initial Mark) [1 CMS-initial-mark: 0K(393216K)] 14883K(502464K), 0,0037572 secs] [Times: user=0,01 sys=0,00, real=0,01 secs] 
2017-03-01T07:11:38.218+0100: 2,572: Total time for which application threads were stopped: 0,0038953 seconds, Stopping threads took: 0,0000369 seconds
2017-03-01T07:11:38.218+0100: 2,572: [CMS-concurrent-mark-start]
2017-03-01T07:11:38.221+0100: 2,575: [CMS-concurrent-mark: 0,003/0,003 secs] [Times: user=0,01 sys=0,00, real=0,00 secs] 
2017-03-01T07:11:38.221+0100: 2,575: [CMS-concurrent-preclean-start]
2017-03-01T07:11:38.222+0100: 2,576: [CMS-concurrent-preclean: 0,001/0,001 secs] [Times: user=0,00 sys=0,00, real=0,00 secs] 
2017-03-01T07:11:38.222+0100: 2,576: [CMS-concurrent-abortable-preclean-start]
2017-03-01T07:11:38.268+0100: 2,622: Total time for which application threads were stopped: 0,0002588 seconds, Stopping threads took: 0,0001585 seconds
{Heap before GC invocations=3 (full 1):
 par new generation   total 109248K, used 101601K [0x00000000e0000000, 0x00000000e8000000, 0x00000000e8000000)
  eden space 87424K, 100% used [0x00000000e0000000, 0x00000000e5560000, 0x00000000e5560000)
  from space 21824K,  64% used [0x00000000e6ab0000, 0x00000000e7888710, 0x00000000e8000000)
  to   space 21824K,   0% used [0x00000000e5560000, 0x00000000e5560000, 0x00000000e6ab0000)
 concurrent mark-sweep generation total 393216K, used 0K [0x00000000e8000000, 0x0000000100000000, 0x0000000100000000)
 Metaspace       used 21257K, capacity 21622K, committed 21884K, reserved 1069056K
  class space    used 2448K, capacity 2600K, committed 2684K, reserved 1048576K
2017-03-01T07:11:38.332+0100: 2,687: [GC (Allocation Failure) 2017-03-01T07:11:38.332+0100: 2,687: [ParNew
Desired survivor size 20112992 bytes, new threshold 8 (max 8)
- age   1:     777280 bytes,     777280 total
- age   2:    1454088 bytes,    2231368 total
- age   3:     794728 bytes,    3026096 total
- age   4:    6683544 bytes,    9709640 total
: 101601K->11860K(109248K), 0,0113187 secs] 101601K->11860K(502464K), 0,0113862 secs] [Times: user=0,04 sys=0,00, real=0,01 secs] 
Heap after GC invocations=4 (full 1):
 par new generation   total 109248K, used 11860K [0x00000000e0000000, 0x00000000e8000000, 0x00000000e8000000)
  eden space 87424K,   0% used [0x00000000e0000000, 0x00000000e0000000, 0x00000000e5560000)
  from space 21824K,  54% used [0x00000000e5560000, 0x00000000e60f50c0, 0x00000000e6ab0000)
  to   space 21824K,   0% used [0x00000000e6ab0000, 0x00000000e6ab0000, 0x00000000e8000000)
 concurrent mark-sweep generation total 393216K, used 0K [0x00000000e8000000, 0x0000000100000000, 0x0000000100000000)
 Metaspace       used 21257K, capacity 21622K, committed 21884K, reserved 1069056K
  class space    used 2448K, capacity 2600K, committed 2684K, reserved 1048576K
}
2017-03-01T07:11:38.344+0100: 2,698: Total time for which application threads were stopped: 0,0116022 seconds, Stopping threads took: 0,0000428 seconds
2017-03-01T07:11:38.344+0100: 2,698: [CMS-concurrent-abortable-preclean: 0,047/0,122 secs] [Times: user=0,45 sys=0,00, real=0,12 secs] 
2017-03-01T07:11:38.347+0100: 2,701: [GC (CMS Final Remark) [YG occupancy: 16475 K (109248 K)]{Heap before GC invocations=4 (full 1):
 par new generation   total 109248K, used 16475K [0x00000000e0000000, 0x00000000e8000000, 0x00000000e8000000)
  eden space 87424K,   5% used [0x00000000e0000000, 0x00000000e0481db0, 0x00000000e5560000)
  from space 21824K,  54% used [0x00000000e5560000, 0x00000000e60f50c0, 0x00000000e6ab0000)
  to   space 21824K,   0% used [0x00000000e6ab0000, 0x00000000e6ab0000, 0x00000000e8000000)
 concurrent mark-sweep generation total 393216K, used 0K [0x00000000e8000000, 0x0000000100000000, 0x0000000100000000)
 Metaspace       used 21258K, capacity 21622K, committed 21884K, reserved 1069056K
  class space    used 2448K, capacity 2600K, committed 2684K, reserved 1048576K
2017-03-01T07:11:38.347+0100: 2,701: [GC (CMS Final Remark) 2017-03-01T07:11:38.347+0100: 2,701: [ParNew
Desired survivor size 20112992 bytes, new threshold 8 (max 8)
- age   1:    1101680 bytes,    1101680 total
- age   2:     490120 bytes,    1591800 total
- age   3:    1454088 bytes,    3045888 total
- age   4:     794728 bytes,    3840616 total
- age   5:    6683664 bytes,   10524280 total
: 16475K->15039K(109248K), 0,0103178 secs] 16475K->15039K(502464K), 0,0103618 secs] [Times: user=0,04 sys=0,00, real=0,01 secs] 
Heap after GC invocations=5 (full 1):
 par new generation   total 109248K, used 15039K [0x00000000e0000000, 0x00000000e8000000, 0x00000000e8000000)
  eden space 87424K,   0% used [0x00000000e0000000, 0x00000000e0000000, 0x00000000e5560000)
  from space 21824K,  68% used [0x00000000e6ab0000, 0x00000000e795fea8, 0x00000000e8000000)
  to   space 21824K,   0% used [0x00000000e5560000, 0x00000000e5560000, 0x00000000e6ab0000)
 concurrent mark-sweep generation total 393216K, used 0K [0x00000000e8000000, 0x0000000100000000, 0x0000000100000000)
 Metaspace       used 21258K, capacity 21622K, committed 21884K, reserved 1069056K
  class space    used 2448K, capacity 2600K, committed 2684K, reserved 1048576K
}
2017-03-01T07:11:38.357+0100: 2,712: [Rescan (parallel) , 0,0034411 secs]2017-03-01T07:11:38.361+0100: 2,715: [weak refs processing, 0,0004286 secs]2017-03-01T07:11:38.361+0100: 2,715: [class unloading, 0,0028843 secs]2017-03-01T07:11:38.364+0100: 2,718: [scrub symbol table, 0,0025465 secs]2017-03-01T07:11:38.367+0100: 2,721: [scrub string table, 0,0003737 secs][1 CMS-remark: 0K(393216K)] 15039K(502464K), 0,0207397 secs] [Times: user=0,06 sys=0,01, real=0,02 secs] 
2017-03-01T07:11:38.368+0100: 2,722: Total time for which application threads were stopped: 0,0209324 seconds, Stopping threads took: 0,0000983 seconds
2017-03-01T07:11:38.368+0100: 2,722: [CMS-concurrent-sweep-start]
2017-03-01T07:11:38.368+0100: 2,722: [CMS-concurrent-sweep: 0,000/0,000 secs] [Times: user=0,00 sys=0,00, real=0,00 secs] 
2017-03-01T07:11:38.368+0100: 2,722: [CMS-concurrent-reset-start]
2017-03-01T07:11:38.370+0100: 2,724: [CMS-concurrent-reset: 0,002/0,002 secs] [Times: user=0,01 sys=0,00, real=0,00 secs] 
{Heap before GC invocations=5 (full 1):
 par new generation   total 109248K, used 102463K [0x00000000e0000000, 0x00000000e8000000, 0x00000000e8000000)
  eden space 87424K, 100% used [0x00000000e0000000, 0x00000000e5560000, 0x00000000e5560000)
  from space 21824K,  68% used [0x00000000e6ab0000, 0x00000000e795fea8, 0x00000000e8000000)
  to   space 21824K,   0% used [0x00000000e5560000, 0x00000000e5560000, 0x00000000e6ab0000)
 concurrent mark-sweep generation total 393216K, used 0K [0x00000000e8000000, 0x0000000100000000, 0x0000000100000000)
 Metaspace       used 21402K, capacity 21800K, committed 21884K, reserved 1069056K
  class space    used 2469K, capacity 2635K, committed 2684K, reserved 1048576K
2017-03-01T07:11:38.447+0100: 2,801: [GC (Allocation Failure) 2017-03-01T07:11:38.447+0100: 2,801: [ParNew
Desired survivor size 20112992 bytes, new threshold 8 (max 8)
- age   1:     446200 bytes,     446200 total
- age   2:       1840 bytes,     448040 total
- age   3:     186168 bytes,     634208 total
- age   4:    1455808 bytes,    2090016 total
- age   5:     792712 bytes,    2882728 total
- age   6:    6683624 bytes,    9566352 total
: 102463K->12005K(109248K), 0,0103944 secs] 102463K->12005K(502464K), 0,0104758 secs] [Times: user=0,03 sys=0,00, real=0,01 secs] 
Heap after GC invocations=6 (full 1):
 par new generation   total 109248K, used 12005K [0x00000000e0000000, 0x00000000e8000000, 0x00000000e8000000)
  eden space 87424K,   0% used [0x00000000e0000000, 0x00000000e0000000, 0x00000000e5560000)
  from space 21824K,  55% used [0x00000000e5560000, 0x00000000e6119480, 0x00000000e6ab0000)
  to   space 21824K,   0% used [0x00000000e6ab0000, 0x00000000e6ab0000, 0x00000000e8000000)
 concurrent mark-sweep generation total 393216K, used 0K [0x00000000e8000000, 0x0000000100000000, 0x0000000100000000)
 Metaspace       used 21402K, capacity 21800K, committed 21884K, reserved 1069056K
  class space    used 2469K, capacity 2635K, committed 2684K, reserved 1048576K
}
2017-03-01T07:11:38.457+0100: 2,812: Total time for which application threads were stopped: 0,0114309 seconds, Stopping threads took: 0,0008001 seconds
2017-03-01T07:11:38.488+0100: 2,843: Total time for which application threads were stopped: 0,0003106 seconds, Stopping threads took: 0,0000142 seconds
2017-03-01T07:11:38.677+0100: 3,031: Total time for which application threads were stopped: 0,0004934 seconds, Stopping threads took: 0,0000279 seconds
2017-03-01T07:11:38.693+0100: 3,047: Total time for which application threads were stopped: 0,0004254 seconds, Stopping threads took: 0,0000495 seconds
{Heap before GC invocations=6 (full 1):
 par new generation   total 109248K, used 99429K [0x00000000e0000000, 0x00000000e8000000, 0x00000000e8000000)
  eden space 87424K, 100% used [0x00000000e0000000, 0x00000000e5560000, 0x00000000e5560000)
  from space 21824K,  55% used [0x00000000e5560000, 0x00000000e6119480, 0x00000000e6ab0000)
  to   space 21824K,   0% used [0x00000000e6ab0000, 0x00000000e6ab0000, 0x00000000e8000000)
 concurrent mark-sweep generation total 393216K, used 0K [0x00000000e8000000, 0x0000000100000000, 0x0000000100000000)
 Metaspace       used 24368K, capacity 24810K, committed 25084K, reserved 1071104K
  class space    used 2858K, capacity 3042K, committed 3068K, reserved 1048576K
2017-03-01T07:11:38.901+0100: 3,255: [GC (Allocation Failure) 2017-03-01T07:11:38.901+0100: 3,255: [ParNew
Desired survivor size 20112992 bytes, new threshold 8 (max 8)
- age   1:    5325512 bytes,    5325512 total
- age   2:     140696 bytes,    5466208 total
- age   3:       1816 bytes,    5468024 total
- age   4:     184752 bytes,    5652776 total
- age   5:     281608 bytes,    5934384 total
- age   6:     768592 bytes,    6702976 total
- age   7:    6674968 bytes,   13377944 total
: 99429K->19137K(109248K), 0,0160177 secs] 99429K->19137K(502464K), 0,0160925 secs] [Times: user=0,06 sys=0,00, real=0,02 secs] 
Heap after GC invocations=7 (full 1):
 par new generation   total 109248K, used 19137K [0x00000000e0000000, 0x00000000e8000000, 0x00000000e8000000)
  eden space 87424K,   0% used [0x00000000e0000000, 0x00000000e0000000, 0x00000000e5560000)
  from space 21824K,  87% used [0x00000000e6ab0000, 0x00000000e7d606e8, 0x00000000e8000000)
  to   space 21824K,   0% used [0x00000000e5560000, 0x00000000e5560000, 0x00000000e6ab0000)
 concurrent mark-sweep generation total 393216K, used 0K [0x00000000e8000000, 0x0000000100000000, 0x0000000100000000)
 Metaspace       used 24368K, capacity 24810K, committed 25084K, reserved 1071104K
  class space    used 2858K, capacity 3042K, committed 3068K, reserved 1048576K
}
2017-03-01T07:11:38.917+0100: 3,271: Total time for which application threads were stopped: 0,0163956 seconds, Stopping threads took: 0,0000601 seconds
{Heap before GC invocations=7 (full 1):
 par new generation   total 109248K, used 106561K [0x00000000e0000000, 0x00000000e8000000, 0x00000000e8000000)
  eden space 87424K, 100% used [0x00000000e0000000, 0x00000000e5560000, 0x00000000e5560000)
  from space 21824K,  87% used [0x00000000e6ab0000, 0x00000000e7d606e8, 0x00000000e8000000)
  to   space 21824K,   0% used [0x00000000e5560000, 0x00000000e5560000, 0x00000000e6ab0000)
 concurrent mark-sweep generation total 393216K, used 0K [0x00000000e8000000, 0x0000000100000000, 0x0000000100000000)
 Metaspace       used 25025K, capacity 25504K, committed 25724K, reserved 1071104K
  class space    used 2908K, capacity 3078K, committed 3196K, reserved 1048576K
2017-03-01T07:11:39.084+0100: 3,439: [GC (Allocation Failure) 2017-03-01T07:11:39.084+0100: 3,439: [ParNew
Desired survivor size 20112992 bytes, new threshold 8 (max 8)
- age   1:    1298184 bytes,    1298184 total
- age   2:    1386736 bytes,    2684920 total
- age   3:      59896 bytes,    2744816 total
- age   4:       1552 bytes,    2746368 total
- age   5:     100184 bytes,    2846552 total
- age   6:     193592 bytes,    3040144 total
- age   7:     713368 bytes,    3753512 total
- age   8:    6142328 bytes,    9895840 total
: 106561K->14051K(109248K), 0,0111486 secs] 106561K->14051K(502464K), 0,0112166 secs] [Times: user=0,04 sys=0,00, real=0,00 secs] 
Heap after GC invocations=8 (full 1):
 par new generation   total 109248K, used 14051K [0x00000000e0000000, 0x00000000e8000000, 0x00000000e8000000)
  eden space 87424K,   0% used [0x00000000e0000000, 0x00000000e0000000, 0x00000000e5560000)
  from space 21824K,  64% used [0x00000000e5560000, 0x00000000e6318c00, 0x00000000e6ab0000)
  to   space 21824K,   0% used [0x00000000e6ab0000, 0x00000000e6ab0000, 0x00000000e8000000)
 concurrent mark-sweep generation total 393216K, used 0K [0x00000000e8000000, 0x0000000100000000, 0x0000000100000000)
 Metaspace       used 25025K, capacity 25504K, committed 25724K, reserved 1071104K
  class space    used 2908K, capacity 3078K, committed 3196K, reserved 1048576K
}
2017-03-01T07:11:39.096+0100: 3,450: Total time for which application threads were stopped: 0,0119720 seconds, Stopping threads took: 0,0005921 seconds
2017-03-01T07:11:39.277+0100: 3,631: Total time for which application threads were stopped: 0,0005973 seconds, Stopping threads took: 0,0000446 seconds
2017-03-01T07:11:39.298+0100: 3,652: Total time for which application threads were stopped: 0,0004425 seconds, Stopping threads took: 0,0000350 seconds
2017-03-01T07:11:39.409+0100: 3,764: Total time for which application threads were stopped: 0,0031615 seconds, Stopping threads took: 0,0026946 seconds
2017-03-01T07:11:39.705+0100: 4,059: Total time for which application threads were stopped: 0,0004011 seconds, Stopping threads took: 0,0000278 seconds
2017-03-01T07:13:07.206+0100: 92,071: Total time for which application threads were stopped: 0,0000617 seconds, Stopping threads took: 0,0000172 seconds
2017-03-01T07:13:42.211+0100: 127,075: Total time for which application threads were stopped: 0,0004764 seconds, Stopping threads took: 0,0002177 seconds
2017-03-01T07:13:47.212+0100: 132,076: Total time for which application threads were stopped: 0,0001066 seconds, Stopping threads took: 0,0000262 seconds
2017-03-01T07:14:23.110+0100: 167,975: Total time for which application threads were stopped: 0,0001408 seconds, Stopping threads took: 0,0000342 seconds
2017-03-01T07:14:23.124+0100: 167,988: Total time for which application threads were stopped: 0,0001626 seconds, Stopping threads took: 0,0000373 seconds
Heap
 par new generation   total 109248K, used 79239K [0x00000000e0000000, 0x00000000e8000000, 0x00000000e8000000)
  eden space 87424K,  74% used [0x00000000e0000000, 0x00000000e3fa92f8, 0x00000000e5560000)
  from space 21824K,  64% used [0x00000000e5560000, 0x00000000e6318c00, 0x00000000e6ab0000)
  to   space 21824K,   0% used [0x00000000e6ab0000, 0x00000000e6ab0000, 0x00000000e8000000)
 concurrent mark-sweep generation total 393216K, used 0K [0x00000000e8000000, 0x0000000100000000, 0x0000000100000000)
 Metaspace       used 28067K, capacity 28584K, committed 28796K, reserved 1075200K
  class space    used 3226K, capacity 3418K, committed 3452K, reserved 1048576K
