OpenJDK 64-Bit Server VM (25.131-b11) for linux-amd64 JRE (1.8.0_131-8u131-b11-2ubuntu1.16.04.3-b11), built on Jul 28 2017 01:23:32 by "buildd" with gcc 5.4.0 20160609
Memory: 4k page, physical 7867732k(7478416k free), swap 8076284k(8076284k free)
CommandLine flags: -XX:CMSInitiatingOccupancyFraction=50 -XX:CMSMaxAbortablePrecleanTime=6000 -XX:+CMSParallelRemarkEnabled -XX:+CMSScavengeBeforeRemark -XX:ConcGCThreads=4 -XX:InitialHeapSize=536870912 -XX:MaxHeapSize=536870912 -XX:MaxTenuringThreshold=8 -XX:NewRatio=3 -XX:OldPLABSize=16 -XX:OnOutOfMemoryError=/opt/solr/bin/oom_solr.sh 8983 /var/solr/logs -XX:ParallelGCThreads=4 -XX:+ParallelRefProcEnabled -XX:PretenureSizeThreshold=67108864 -XX:+PrintGC -XX:+PrintGCApplicationStoppedTime -XX:+PrintGCDateStamps -XX:+PrintGCDetails -XX:+PrintGCTimeStamps -XX:+PrintHeapAtGC -XX:+PrintTenuringDistribution -XX:SurvivorRatio=4 -XX:TargetSurvivorRatio=90 -XX:ThreadStackSize=256 -XX:+UseCMSInitiatingOccupancyOnly -XX:+UseCompressedClassPointers -XX:+UseCompressedOops -XX:+UseConcMarkSweepGC -XX:+UseParNewGC 
2017-08-21T09:30:56.029+0200: 0,167: Total time for which application threads were stopped: 0,0000730 seconds, Stopping threads took: 0,0000108 seconds
2017-08-21T09:30:56.134+0200: 0,272: Total time for which application threads were stopped: 0,0001453 seconds, Stopping threads took: 0,0000138 seconds
2017-08-21T09:30:56.153+0200: 0,291: Total time for which application threads were stopped: 0,0001010 seconds, Stopping threads took: 0,0000174 seconds
2017-08-21T09:30:56.468+0200: 0,605: Total time for which application threads were stopped: 0,0001113 seconds, Stopping threads took: 0,0000093 seconds
2017-08-21T09:30:56.962+0200: 1,099: Total time for which application threads were stopped: 0,0001565 seconds, Stopping threads took: 0,0000147 seconds
2017-08-21T09:30:57.057+0200: 1,195: Total time for which application threads were stopped: 0,0002372 seconds, Stopping threads took: 0,0000210 seconds
2017-08-21T09:30:57.094+0200: 1,231: Total time for which application threads were stopped: 0,0002070 seconds, Stopping threads took: 0,0000280 seconds
2017-08-21T09:30:57.382+0200: 1,519: Total time for which application threads were stopped: 0,0011013 seconds, Stopping threads took: 0,0001975 seconds
2017-08-21T09:30:57.653+0200: 1,790: Total time for which application threads were stopped: 0,0008643 seconds, Stopping threads took: 0,0000601 seconds
2017-08-21T09:30:57.679+0200: 1,816: Total time for which application threads were stopped: 0,0001809 seconds, Stopping threads took: 0,0000164 seconds
2017-08-21T09:30:57.719+0200: 1,857: Total time for which application threads were stopped: 0,0004518 seconds, Stopping threads took: 0,0000322 seconds
2017-08-21T09:30:57.722+0200: 1,860: Total time for which application threads were stopped: 0,0001818 seconds, Stopping threads took: 0,0000175 seconds
2017-08-21T09:30:57.739+0200: 1,877: Total time for which application threads were stopped: 0,0001740 seconds, Stopping threads took: 0,0000264 seconds
2017-08-21T09:30:57.804+0200: 1,942: Total time for which application threads were stopped: 0,0002340 seconds, Stopping threads took: 0,0000203 seconds
2017-08-21T09:30:57.976+0200: 2,114: Total time for which application threads were stopped: 0,0002979 seconds, Stopping threads took: 0,0000354 seconds
{Heap before GC invocations=0 (full 0):
 par new generation   total 109248K, used 87424K [0x00000000e0000000, 0x00000000e8000000, 0x00000000e8000000)
  eden space 87424K, 100% used [0x00000000e0000000, 0x00000000e5560000, 0x00000000e5560000)
  from space 21824K,   0% used [0x00000000e5560000, 0x00000000e5560000, 0x00000000e6ab0000)
  to   space 21824K,   0% used [0x00000000e6ab0000, 0x00000000e6ab0000, 0x00000000e8000000)
 concurrent mark-sweep generation total 393216K, used 0K [0x00000000e8000000, 0x0000000100000000, 0x0000000100000000)
 Metaspace       used 18220K, capacity 18528K, committed 18688K, reserved 1064960K
  class space    used 2059K, capacity 2196K, committed 2304K, reserved 1048576K
2017-08-21T09:30:58.085+0200: 2,223: [GC (Allocation Failure) 2017-08-21T09:30:58.085+0200: 2,223: [ParNew
Desired survivor size 20112992 bytes, new threshold 8 (max 8)
- age   1:   12824928 bytes,   12824928 total
: 87424K->12637K(109248K), 0,0162925 secs] 87424K->12637K(502464K), 0,0163774 secs] [Times: user=0,06 sys=0,01, real=0,02 secs] 
Heap after GC invocations=1 (full 0):
 par new generation   total 109248K, used 12637K [0x00000000e0000000, 0x00000000e8000000, 0x00000000e8000000)
  eden space 87424K,   0% used [0x00000000e0000000, 0x00000000e0000000, 0x00000000e5560000)
  from space 21824K,  57% used [0x00000000e6ab0000, 0x00000000e7707630, 0x00000000e8000000)
  to   space 21824K,   0% used [0x00000000e5560000, 0x00000000e5560000, 0x00000000e6ab0000)
 concurrent mark-sweep generation total 393216K, used 0K [0x00000000e8000000, 0x0000000100000000, 0x0000000100000000)
 Metaspace       used 18220K, capacity 18528K, committed 18688K, reserved 1064960K
  class space    used 2059K, capacity 2196K, committed 2304K, reserved 1048576K
}
2017-08-21T09:30:58.102+0200: 2,239: Total time for which application threads were stopped: 0,0165943 seconds, Stopping threads took: 0,0000127 seconds
2017-08-21T09:30:58.439+0200: 2,576: Total time for which application threads were stopped: 0,0004107 seconds, Stopping threads took: 0,0000293 seconds
2017-08-21T09:30:58.488+0200: 2,625: Total time for which application threads were stopped: 0,0003691 seconds, Stopping threads took: 0,0000623 seconds
{Heap before GC invocations=1 (full 0):
 par new generation   total 109248K, used 100061K [0x00000000e0000000, 0x00000000e8000000, 0x00000000e8000000)
  eden space 87424K, 100% used [0x00000000e0000000, 0x00000000e5560000, 0x00000000e5560000)
  from space 21824K,  57% used [0x00000000e6ab0000, 0x00000000e7707630, 0x00000000e8000000)
  to   space 21824K,   0% used [0x00000000e5560000, 0x00000000e5560000, 0x00000000e6ab0000)
 concurrent mark-sweep generation total 393216K, used 0K [0x00000000e8000000, 0x0000000100000000, 0x0000000100000000)
 Metaspace       used 20077K, capacity 20444K, committed 20736K, reserved 1067008K
  class space    used 2300K, capacity 2476K, committed 2560K, reserved 1048576K
2017-08-21T09:30:58.493+0200: 2,631: [GC (Allocation Failure) 2017-08-21T09:30:58.493+0200: 2,631: [ParNew
Desired survivor size 20112992 bytes, new threshold 8 (max 8)
- age   1:    3509024 bytes,    3509024 total
- age   2:    6701920 bytes,   10210944 total
: 100061K->13941K(109248K), 0,0136169 secs] 100061K->13941K(502464K), 0,0136840 secs] [Times: user=0,05 sys=0,00, real=0,01 secs] 
Heap after GC invocations=2 (full 0):
 par new generation   total 109248K, used 13941K [0x00000000e0000000, 0x00000000e8000000, 0x00000000e8000000)
  eden space 87424K,   0% used [0x00000000e0000000, 0x00000000e0000000, 0x00000000e5560000)
  from space 21824K,  63% used [0x00000000e5560000, 0x00000000e62fd6d0, 0x00000000e6ab0000)
  to   space 21824K,   0% used [0x00000000e6ab0000, 0x00000000e6ab0000, 0x00000000e8000000)
 concurrent mark-sweep generation total 393216K, used 0K [0x00000000e8000000, 0x0000000100000000, 0x0000000100000000)
 Metaspace       used 20077K, capacity 20444K, committed 20736K, reserved 1067008K
  class space    used 2300K, capacity 2476K, committed 2560K, reserved 1048576K
}
2017-08-21T09:30:58.507+0200: 2,645: Total time for which application threads were stopped: 0,0156345 seconds, Stopping threads took: 0,0018214 seconds
2017-08-21T09:30:58.562+0200: 2,700: Total time for which application threads were stopped: 0,0003019 seconds, Stopping threads took: 0,0000283 seconds
2017-08-21T09:30:58.688+0200: 2,826: Total time for which application threads were stopped: 0,0034391 seconds, Stopping threads took: 0,0033203 seconds
{Heap before GC invocations=2 (full 0):
 par new generation   total 109248K, used 101365K [0x00000000e0000000, 0x00000000e8000000, 0x00000000e8000000)
  eden space 87424K, 100% used [0x00000000e0000000, 0x00000000e5560000, 0x00000000e5560000)
  from space 21824K,  63% used [0x00000000e5560000, 0x00000000e62fd6d0, 0x00000000e6ab0000)
  to   space 21824K,   0% used [0x00000000e6ab0000, 0x00000000e6ab0000, 0x00000000e8000000)
 concurrent mark-sweep generation total 393216K, used 0K [0x00000000e8000000, 0x0000000100000000, 0x0000000100000000)
 Metaspace       used 20993K, capacity 21308K, committed 21552K, reserved 1069056K
  class space    used 2423K, capacity 2596K, committed 2608K, reserved 1048576K
2017-08-21T09:30:58.728+0200: 2,866: [GC (Allocation Failure) 2017-08-21T09:30:58.728+0200: 2,866: [ParNew
Desired survivor size 20112992 bytes, new threshold 8 (max 8)
- age   1:    2030112 bytes,    2030112 total
- age   2:     847728 bytes,    2877840 total
- age   3:    6699560 bytes,    9577400 total
: 101365K->12894K(109248K), 0,0100711 secs] 101365K->12894K(502464K), 0,0101634 secs] [Times: user=0,04 sys=0,00, real=0,01 secs] 
Heap after GC invocations=3 (full 0):
 par new generation   total 109248K, used 12894K [0x00000000e0000000, 0x00000000e8000000, 0x00000000e8000000)
  eden space 87424K,   0% used [0x00000000e0000000, 0x00000000e0000000, 0x00000000e5560000)
  from space 21824K,  59% used [0x00000000e6ab0000, 0x00000000e7747b48, 0x00000000e8000000)
  to   space 21824K,   0% used [0x00000000e5560000, 0x00000000e5560000, 0x00000000e6ab0000)
 concurrent mark-sweep generation total 393216K, used 0K [0x00000000e8000000, 0x0000000100000000, 0x0000000100000000)
 Metaspace       used 20993K, capacity 21308K, committed 21552K, reserved 1069056K
  class space    used 2423K, capacity 2596K, committed 2608K, reserved 1048576K
}
2017-08-21T09:30:58.738+0200: 2,876: Total time for which application threads were stopped: 0,0110416 seconds, Stopping threads took: 0,0007128 seconds
2017-08-21T09:30:58.740+0200: 2,878: [GC (CMS Initial Mark) [1 CMS-initial-mark: 0K(393216K)] 14353K(502464K), 0,0051138 secs] [Times: user=0,01 sys=0,00, real=0,01 secs] 
2017-08-21T09:30:58.745+0200: 2,883: Total time for which application threads were stopped: 0,0052849 seconds, Stopping threads took: 0,0000548 seconds
2017-08-21T09:30:58.745+0200: 2,883: [CMS-concurrent-mark-start]
2017-08-21T09:30:58.746+0200: 2,883: [CMS-concurrent-mark: 0,000/0,000 secs] [Times: user=0,00 sys=0,00, real=0,00 secs] 
2017-08-21T09:30:58.746+0200: 2,883: [CMS-concurrent-preclean-start]
2017-08-21T09:30:58.747+0200: 2,884: [CMS-concurrent-preclean: 0,001/0,001 secs] [Times: user=0,00 sys=0,01, real=0,00 secs] 
2017-08-21T09:30:58.747+0200: 2,885: [CMS-concurrent-abortable-preclean-start]
2017-08-21T09:30:58.826+0200: 2,964: Total time for which application threads were stopped: 0,0001620 seconds, Stopping threads took: 0,0000774 seconds
{Heap before GC invocations=3 (full 1):
 par new generation   total 109248K, used 100318K [0x00000000e0000000, 0x00000000e8000000, 0x00000000e8000000)
  eden space 87424K, 100% used [0x00000000e0000000, 0x00000000e5560000, 0x00000000e5560000)
  from space 21824K,  59% used [0x00000000e6ab0000, 0x00000000e7747b48, 0x00000000e8000000)
  to   space 21824K,   0% used [0x00000000e5560000, 0x00000000e5560000, 0x00000000e6ab0000)
 concurrent mark-sweep generation total 393216K, used 0K [0x00000000e8000000, 0x0000000100000000, 0x0000000100000000)
 Metaspace       used 21272K, capacity 21648K, committed 21960K, reserved 1069056K
  class space    used 2451K, capacity 2611K, committed 2684K, reserved 1048576K
2017-08-21T09:30:58.861+0200: 2,999: [GC (Allocation Failure) 2017-08-21T09:30:58.861+0200: 2,999: [ParNew
Desired survivor size 20112992 bytes, new threshold 8 (max 8)
- age   1:    1107040 bytes,    1107040 total
- age   2:    1456952 bytes,    2563992 total
- age   3:     833904 bytes,    3397896 total
- age   4:    6699744 bytes,   10097640 total
: 100318K->13585K(109248K), 0,0089080 secs] 100318K->13585K(502464K), 0,0089637 secs] [Times: user=0,04 sys=0,00, real=0,00 secs] 
Heap after GC invocations=4 (full 1):
 par new generation   total 109248K, used 13585K [0x00000000e0000000, 0x00000000e8000000, 0x00000000e8000000)
  eden space 87424K,   0% used [0x00000000e0000000, 0x00000000e0000000, 0x00000000e5560000)
  from space 21824K,  62% used [0x00000000e5560000, 0x00000000e62a4508, 0x00000000e6ab0000)
  to   space 21824K,   0% used [0x00000000e6ab0000, 0x00000000e6ab0000, 0x00000000e8000000)
 concurrent mark-sweep generation total 393216K, used 0K [0x00000000e8000000, 0x0000000100000000, 0x0000000100000000)
 Metaspace       used 21272K, capacity 21648K, committed 21960K, reserved 1069056K
  class space    used 2451K, capacity 2611K, committed 2684K, reserved 1048576K
}
2017-08-21T09:30:58.870+0200: 3,008: Total time for which application threads were stopped: 0,0091354 seconds, Stopping threads took: 0,0000553 seconds
2017-08-21T09:30:58.870+0200: 3,008: [CMS-concurrent-abortable-preclean: 0,080/0,124 secs] [Times: user=0,48 sys=0,00, real=0,12 secs] 
2017-08-21T09:30:58.871+0200: 3,008: [GC (CMS Final Remark) [YG occupancy: 14319 K (109248 K)]{Heap before GC invocations=4 (full 1):
 par new generation   total 109248K, used 14319K [0x00000000e0000000, 0x00000000e8000000, 0x00000000e8000000)
  eden space 87424K,   0% used [0x00000000e0000000, 0x00000000e00b78f0, 0x00000000e5560000)
  from space 21824K,  62% used [0x00000000e5560000, 0x00000000e62a4508, 0x00000000e6ab0000)
  to   space 21824K,   0% used [0x00000000e6ab0000, 0x00000000e6ab0000, 0x00000000e8000000)
 concurrent mark-sweep generation total 393216K, used 0K [0x00000000e8000000, 0x0000000100000000, 0x0000000100000000)
 Metaspace       used 21272K, capacity 21648K, committed 21960K, reserved 1069056K
  class space    used 2451K, capacity 2611K, committed 2684K, reserved 1048576K
2017-08-21T09:30:58.871+0200: 3,008: [GC (CMS Final Remark) 2017-08-21T09:30:58.871+0200: 3,008: [ParNew
Desired survivor size 20112992 bytes, new threshold 8 (max 8)
- age   1:      32824 bytes,      32824 total
- age   2:    1107048 bytes,    1139872 total
- age   3:    1456952 bytes,    2596824 total
- age   4:     833904 bytes,    3430728 total
- age   5:    6699680 bytes,   10130408 total
: 14319K->12332K(109248K), 0,0092152 secs] 14319K->12332K(502464K), 0,0092473 secs] [Times: user=0,03 sys=0,00, real=0,01 secs] 
Heap after GC invocations=5 (full 1):
 par new generation   total 109248K, used 12332K [0x00000000e0000000, 0x00000000e8000000, 0x00000000e8000000)
  eden space 87424K,   0% used [0x00000000e0000000, 0x00000000e0000000, 0x00000000e5560000)
  from space 21824K,  56% used [0x00000000e6ab0000, 0x00000000e76bb020, 0x00000000e8000000)
  to   space 21824K,   0% used [0x00000000e5560000, 0x00000000e5560000, 0x00000000e6ab0000)
 concurrent mark-sweep generation total 393216K, used 0K [0x00000000e8000000, 0x0000000100000000, 0x0000000100000000)
 Metaspace       used 21272K, capacity 21648K, committed 21960K, reserved 1069056K
  class space    used 2451K, capacity 2611K, committed 2684K, reserved 1048576K
}
2017-08-21T09:30:58.880+0200: 3,018: [Rescan (parallel) , 0,0032171 secs]2017-08-21T09:30:58.883+0200: 3,021: [weak refs processing, 0,0008243 secs]2017-08-21T09:30:58.884+0200: 3,022: [class unloading, 0,0028049 secs]2017-08-21T09:30:58.887+0200: 3,024: [scrub symbol table, 0,0024686 secs]2017-08-21T09:30:58.889+0200: 3,027: [scrub string table, 0,0003669 secs][1 CMS-remark: 0K(393216K)] 12332K(502464K), 0,0195593 secs] [Times: user=0,05 sys=0,00, real=0,02 secs] 
2017-08-21T09:30:58.890+0200: 3,028: Total time for which application threads were stopped: 0,0196732 seconds, Stopping threads took: 0,0000364 seconds
2017-08-21T09:30:58.890+0200: 3,028: [CMS-concurrent-sweep-start]
2017-08-21T09:30:58.890+0200: 3,028: [CMS-concurrent-sweep: 0,000/0,000 secs] [Times: user=0,00 sys=0,00, real=0,00 secs] 
2017-08-21T09:30:58.890+0200: 3,028: [CMS-concurrent-reset-start]
2017-08-21T09:30:58.892+0200: 3,030: [CMS-concurrent-reset: 0,002/0,002 secs] [Times: user=0,01 sys=0,00, real=0,00 secs] 
{Heap before GC invocations=5 (full 1):
 par new generation   total 109248K, used 99756K [0x00000000e0000000, 0x00000000e8000000, 0x00000000e8000000)
  eden space 87424K, 100% used [0x00000000e0000000, 0x00000000e5560000, 0x00000000e5560000)
  from space 21824K,  56% used [0x00000000e6ab0000, 0x00000000e76bb020, 0x00000000e8000000)
  to   space 21824K,   0% used [0x00000000e5560000, 0x00000000e5560000, 0x00000000e6ab0000)
 concurrent mark-sweep generation total 393216K, used 0K [0x00000000e8000000, 0x0000000100000000, 0x0000000100000000)
 Metaspace       used 21460K, capacity 21826K, committed 21960K, reserved 1069056K
  class space    used 2475K, capacity 2646K, committed 2684K, reserved 1048576K
2017-08-21T09:30:58.986+0200: 3,124: [GC (Allocation Failure) 2017-08-21T09:30:58.986+0200: 3,124: [ParNew
Desired survivor size 20112992 bytes, new threshold 8 (max 8)
- age   1:     964632 bytes,     964632 total
- age   3:     186416 bytes,    1151048 total
- age   4:    1456392 bytes,    2607440 total
- age   5:     833792 bytes,    3441232 total
- age   6:    6699696 bytes,   10140928 total
: 99756K->15142K(109248K), 0,0150395 secs] 99756K->15142K(502464K), 0,0151115 secs] [Times: user=0,03 sys=0,00, real=0,02 secs] 
Heap after GC invocations=6 (full 1):
 par new generation   total 109248K, used 15142K [0x00000000e0000000, 0x00000000e8000000, 0x00000000e8000000)
  eden space 87424K,   0% used [0x00000000e0000000, 0x00000000e0000000, 0x00000000e5560000)
  from space 21824K,  69% used [0x00000000e5560000, 0x00000000e64299e8, 0x00000000e6ab0000)
  to   space 21824K,   0% used [0x00000000e6ab0000, 0x00000000e6ab0000, 0x00000000e8000000)
 concurrent mark-sweep generation total 393216K, used 0K [0x00000000e8000000, 0x0000000100000000, 0x0000000100000000)
 Metaspace       used 21460K, capacity 21826K, committed 21960K, reserved 1069056K
  class space    used 2475K, capacity 2646K, committed 2684K, reserved 1048576K
}
2017-08-21T09:30:59.001+0200: 3,139: Total time for which application threads were stopped: 0,0154818 seconds, Stopping threads took: 0,0002119 seconds
2017-08-21T09:30:59.028+0200: 3,166: Total time for which application threads were stopped: 0,0003231 seconds, Stopping threads took: 0,0000394 seconds
2017-08-21T09:30:59.276+0200: 3,414: Total time for which application threads were stopped: 0,0004612 seconds, Stopping threads took: 0,0000527 seconds
2017-08-21T09:30:59.288+0200: 3,426: Total time for which application threads were stopped: 0,0004231 seconds, Stopping threads took: 0,0000366 seconds
{Heap before GC invocations=6 (full 1):
 par new generation   total 109248K, used 102566K [0x00000000e0000000, 0x00000000e8000000, 0x00000000e8000000)
  eden space 87424K, 100% used [0x00000000e0000000, 0x00000000e5560000, 0x00000000e5560000)
  from space 21824K,  69% used [0x00000000e5560000, 0x00000000e64299e8, 0x00000000e6ab0000)
  to   space 21824K,   0% used [0x00000000e6ab0000, 0x00000000e6ab0000, 0x00000000e8000000)
 concurrent mark-sweep generation total 393216K, used 0K [0x00000000e8000000, 0x0000000100000000, 0x0000000100000000)
 Metaspace       used 23840K, capacity 24324K, committed 24572K, reserved 1071104K
  class space    used 2800K, capacity 2989K, committed 3068K, reserved 1048576K
2017-08-21T09:30:59.441+0200: 3,579: [GC (Allocation Failure) 2017-08-21T09:30:59.441+0200: 3,579: [ParNew
Desired survivor size 20112992 bytes, new threshold 8 (max 8)
- age   1:    5056888 bytes,    5056888 total
- age   2:     132848 bytes,    5189736 total
- age   4:     185256 bytes,    5374992 total
- age   5:     286840 bytes,    5661832 total
- age   6:     809576 bytes,    6471408 total
- age   7:    6691096 bytes,   13162504 total
: 102566K->15076K(109248K), 0,0112259 secs] 102566K->15076K(502464K), 0,0112992 secs] [Times: user=0,04 sys=0,00, real=0,01 secs] 
Heap after GC invocations=7 (full 1):
 par new generation   total 109248K, used 15076K [0x00000000e0000000, 0x00000000e8000000, 0x00000000e8000000)
  eden space 87424K,   0% used [0x00000000e0000000, 0x00000000e0000000, 0x00000000e5560000)
  from space 21824K,  69% used [0x00000000e6ab0000, 0x00000000e7969298, 0x00000000e8000000)
  to   space 21824K,   0% used [0x00000000e5560000, 0x00000000e5560000, 0x00000000e6ab0000)
 concurrent mark-sweep generation total 393216K, used 0K [0x00000000e8000000, 0x0000000100000000, 0x0000000100000000)
 Metaspace       used 23840K, capacity 24324K, committed 24572K, reserved 1071104K
  class space    used 2800K, capacity 2989K, committed 3068K, reserved 1048576K
}
2017-08-21T09:30:59.452+0200: 3,590: Total time for which application threads were stopped: 0,0115925 seconds, Stopping threads took: 0,0000973 seconds
{Heap before GC invocations=7 (full 1):
 par new generation   total 109248K, used 102500K [0x00000000e0000000, 0x00000000e8000000, 0x00000000e8000000)
  eden space 87424K, 100% used [0x00000000e0000000, 0x00000000e5560000, 0x00000000e5560000)
  from space 21824K,  69% used [0x00000000e6ab0000, 0x00000000e7969298, 0x00000000e8000000)
  to   space 21824K,   0% used [0x00000000e5560000, 0x00000000e5560000, 0x00000000e6ab0000)
 concurrent mark-sweep generation total 393216K, used 0K [0x00000000e8000000, 0x0000000100000000, 0x0000000100000000)
 Metaspace       used 24495K, capacity 24986K, committed 25084K, reserved 1071104K
  class space    used 2868K, capacity 3057K, committed 3068K, reserved 1048576K
2017-08-21T09:30:59.573+0200: 3,711: [GC (Allocation Failure) 2017-08-21T09:30:59.573+0200: 3,711: [ParNew
Desired survivor size 20112992 bytes, new threshold 8 (max 8)
- age   1:    1894016 bytes,    1894016 total
- age   2:    1787800 bytes,    3681816 total
- age   3:      58432 bytes,    3740248 total
- age   5:     104584 bytes,    3844832 total
- age   6:     189120 bytes,    4033952 total
- age   7:     767352 bytes,    4801304 total
- age   8:    6156336 bytes,   10957640 total
: 102500K->18900K(109248K), 0,0274077 secs] 102500K->18900K(502464K), 0,0274908 secs] [Times: user=0,06 sys=0,01, real=0,02 secs] 
Heap after GC invocations=8 (full 1):
 par new generation   total 109248K, used 18900K [0x00000000e0000000, 0x00000000e8000000, 0x00000000e8000000)
  eden space 87424K,   0% used [0x00000000e0000000, 0x00000000e0000000, 0x00000000e5560000)
  from space 21824K,  86% used [0x00000000e5560000, 0x00000000e67d51f8, 0x00000000e6ab0000)
  to   space 21824K,   0% used [0x00000000e6ab0000, 0x00000000e6ab0000, 0x00000000e8000000)
 concurrent mark-sweep generation total 393216K, used 0K [0x00000000e8000000, 0x0000000100000000, 0x0000000100000000)
 Metaspace       used 24495K, capacity 24986K, committed 25084K, reserved 1071104K
  class space    used 2868K, capacity 3057K, committed 3068K, reserved 1048576K
}
2017-08-21T09:30:59.601+0200: 3,739: Total time for which application threads were stopped: 0,0299432 seconds, Stopping threads took: 0,0022581 seconds
{Heap before GC invocations=8 (full 1):
 par new generation   total 109248K, used 106324K [0x00000000e0000000, 0x00000000e8000000, 0x00000000e8000000)
  eden space 87424K, 100% used [0x00000000e0000000, 0x00000000e5560000, 0x00000000e5560000)
  from space 21824K,  86% used [0x00000000e5560000, 0x00000000e67d51f8, 0x00000000e6ab0000)
  to   space 21824K,   0% used [0x00000000e6ab0000, 0x00000000e6ab0000, 0x00000000e8000000)
 concurrent mark-sweep generation total 393216K, used 0K [0x00000000e8000000, 0x0000000100000000, 0x0000000100000000)
 Metaspace       used 24827K, capacity 25284K, committed 25468K, reserved 1071104K
  class space    used 2899K, capacity 3091K, committed 3196K, reserved 1048576K
2017-08-21T09:30:59.705+0200: 3,842: [GC (Allocation Failure) 2017-08-21T09:30:59.705+0200: 3,842: [ParNew
Desired survivor size 20112992 bytes, new threshold 8 (max 8)
- age   1:     653912 bytes,     653912 total
- age   2:    1036184 bytes,    1690096 total
- age   3:    1765352 bytes,    3455448 total
- age   4:      58400 bytes,    3513848 total
- age   6:     104424 bytes,    3618272 total
- age   7:     183584 bytes,    3801856 total
- age   8:     765880 bytes,    4567736 total
: 106324K->6719K(109248K), 0,0533250 secs] 106324K->12814K(502464K), 0,0533878 secs] [Times: user=0,13 sys=0,00, real=0,05 secs] 
Heap after GC invocations=9 (full 1):
 par new generation   total 109248K, used 6719K [0x00000000e0000000, 0x00000000e8000000, 0x00000000e8000000)
  eden space 87424K,   0% used [0x00000000e0000000, 0x00000000e0000000, 0x00000000e5560000)
  from space 21824K,  30% used [0x00000000e6ab0000, 0x00000000e713fc40, 0x00000000e8000000)
  to   space 21824K,   0% used [0x00000000e5560000, 0x00000000e5560000, 0x00000000e6ab0000)
 concurrent mark-sweep generation total 393216K, used 6095K [0x00000000e8000000, 0x0000000100000000, 0x0000000100000000)
 Metaspace       used 24827K, capacity 25284K, committed 25468K, reserved 1071104K
  class space    used 2899K, capacity 3091K, committed 3196K, reserved 1048576K
}
2017-08-21T09:30:59.758+0200: 3,896: Total time for which application threads were stopped: 0,0539148 seconds, Stopping threads took: 0,0003554 seconds
2017-08-21T09:30:59.910+0200: 4,047: Total time for which application threads were stopped: 0,0004094 seconds, Stopping threads took: 0,0000814 seconds
2017-08-21T09:30:59.920+0200: 4,058: Total time for which application threads were stopped: 0,0032611 seconds, Stopping threads took: 0,0031883 seconds
2017-08-21T09:30:59.921+0200: 4,058: Total time for which application threads were stopped: 0,0000620 seconds, Stopping threads took: 0,0000233 seconds
2017-08-21T09:30:59.921+0200: 4,058: Total time for which application threads were stopped: 0,0000619 seconds, Stopping threads took: 0,0000231 seconds
2017-08-21T09:30:59.921+0200: 4,059: Total time for which application threads were stopped: 0,0000569 seconds, Stopping threads took: 0,0000157 seconds
2017-08-21T09:30:59.921+0200: 4,059: Total time for which application threads were stopped: 0,0000709 seconds, Stopping threads took: 0,0000181 seconds
2017-08-21T09:30:59.921+0200: 4,059: Total time for which application threads were stopped: 0,0000786 seconds, Stopping threads took: 0,0000176 seconds
2017-08-21T09:30:59.922+0200: 4,059: Total time for which application threads were stopped: 0,0001937 seconds, Stopping threads took: 0,0001368 seconds
2017-08-21T09:30:59.922+0200: 4,059: Total time for which application threads were stopped: 0,0000688 seconds, Stopping threads took: 0,0000263 seconds
2017-08-21T09:30:59.926+0200: 4,063: Total time for which application threads were stopped: 0,0006742 seconds, Stopping threads took: 0,0005892 seconds
2017-08-21T09:30:59.926+0200: 4,064: Total time for which application threads were stopped: 0,0001036 seconds, Stopping threads took: 0,0000506 seconds
2017-08-21T09:30:59.926+0200: 4,064: Total time for which application threads were stopped: 0,0001447 seconds, Stopping threads took: 0,0000762 seconds
2017-08-21T09:30:59.927+0200: 4,064: Total time for which application threads were stopped: 0,0001933 seconds, Stopping threads took: 0,0001515 seconds
2017-08-21T09:30:59.929+0200: 4,067: Total time for which application threads were stopped: 0,0026743 seconds, Stopping threads took: 0,0026414 seconds
2017-08-21T09:30:59.929+0200: 4,067: Total time for which application threads were stopped: 0,0000487 seconds, Stopping threads took: 0,0000198 seconds
2017-08-21T09:30:59.930+0200: 4,067: Total time for which application threads were stopped: 0,0000791 seconds, Stopping threads took: 0,0000402 seconds
2017-08-21T09:30:59.930+0200: 4,067: Total time for which application threads were stopped: 0,0000567 seconds, Stopping threads took: 0,0000172 seconds
2017-08-21T09:30:59.930+0200: 4,068: Total time for which application threads were stopped: 0,0000569 seconds, Stopping threads took: 0,0000201 seconds
2017-08-21T09:30:59.930+0200: 4,068: Total time for which application threads were stopped: 0,0000560 seconds, Stopping threads took: 0,0000192 seconds
2017-08-21T09:30:59.930+0200: 4,068: Total time for which application threads were stopped: 0,0000650 seconds, Stopping threads took: 0,0000179 seconds
2017-08-21T09:30:59.930+0200: 4,068: Total time for which application threads were stopped: 0,0000582 seconds, Stopping threads took: 0,0000119 seconds
2017-08-21T09:30:59.930+0200: 4,068: Total time for which application threads were stopped: 0,0000703 seconds, Stopping threads took: 0,0000371 seconds
2017-08-21T09:30:59.931+0200: 4,068: Total time for which application threads were stopped: 0,0001146 seconds, Stopping threads took: 0,0000177 seconds
2017-08-21T09:30:59.933+0200: 4,071: Total time for which application threads were stopped: 0,0000948 seconds, Stopping threads took: 0,0000394 seconds
2017-08-21T09:30:59.934+0200: 4,071: Total time for which application threads were stopped: 0,0002556 seconds, Stopping threads took: 0,0001978 seconds
2017-08-21T09:30:59.936+0200: 4,073: Total time for which application threads were stopped: 0,0001334 seconds, Stopping threads took: 0,0000350 seconds
2017-08-21T09:30:59.936+0200: 4,074: Total time for which application threads were stopped: 0,0001089 seconds, Stopping threads took: 0,0000375 seconds
2017-08-21T09:30:59.937+0200: 4,074: Total time for which application threads were stopped: 0,0000812 seconds, Stopping threads took: 0,0000311 seconds
2017-08-21T09:30:59.937+0200: 4,075: Total time for which application threads were stopped: 0,0000946 seconds, Stopping threads took: 0,0000357 seconds
2017-08-21T09:30:59.938+0200: 4,076: Total time for which application threads were stopped: 0,0001466 seconds, Stopping threads took: 0,0000598 seconds
2017-08-21T09:30:59.943+0200: 4,080: Total time for which application threads were stopped: 0,0001321 seconds, Stopping threads took: 0,0000407 seconds
2017-08-21T09:30:59.943+0200: 4,081: Total time for which application threads were stopped: 0,0000886 seconds, Stopping threads took: 0,0000305 seconds
2017-08-21T09:30:59.944+0200: 4,081: Total time for which application threads were stopped: 0,0001030 seconds, Stopping threads took: 0,0000316 seconds
2017-08-21T09:30:59.946+0200: 4,083: Total time for which application threads were stopped: 0,0001123 seconds, Stopping threads took: 0,0000317 seconds
2017-08-21T09:30:59.946+0200: 4,084: Total time for which application threads were stopped: 0,0001199 seconds, Stopping threads took: 0,0000324 seconds
2017-08-21T09:30:59.948+0200: 4,085: Total time for which application threads were stopped: 0,0001387 seconds, Stopping threads took: 0,0000544 seconds
2017-08-21T09:30:59.949+0200: 4,087: Total time for which application threads were stopped: 0,0001019 seconds, Stopping threads took: 0,0000307 seconds
2017-08-21T09:30:59.949+0200: 4,087: Total time for which application threads were stopped: 0,0000816 seconds, Stopping threads took: 0,0000156 seconds
2017-08-21T09:30:59.959+0200: 4,097: Total time for which application threads were stopped: 0,0002488 seconds, Stopping threads took: 0,0001577 seconds
2017-08-21T09:30:59.960+0200: 4,098: Total time for which application threads were stopped: 0,0001007 seconds, Stopping threads took: 0,0000221 seconds
2017-08-21T09:30:59.964+0200: 4,102: Total time for which application threads were stopped: 0,0001811 seconds, Stopping threads took: 0,0000952 seconds
2017-08-21T09:30:59.967+0200: 4,105: Total time for which application threads were stopped: 0,0000975 seconds, Stopping threads took: 0,0000267 seconds
2017-08-21T09:30:59.972+0200: 4,110: Total time for which application threads were stopped: 0,0001016 seconds, Stopping threads took: 0,0000213 seconds
2017-08-21T09:30:59.973+0200: 4,111: Total time for which application threads were stopped: 0,0000835 seconds, Stopping threads took: 0,0000195 seconds
2017-08-21T09:30:59.974+0200: 4,111: Total time for which application threads were stopped: 0,0000688 seconds, Stopping threads took: 0,0000167 seconds
2017-08-21T09:30:59.974+0200: 4,112: Total time for which application threads were stopped: 0,0000854 seconds, Stopping threads took: 0,0000217 seconds
2017-08-21T09:30:59.974+0200: 4,112: Total time for which application threads were stopped: 0,0001620 seconds, Stopping threads took: 0,0000271 seconds
2017-08-21T09:30:59.982+0200: 4,119: Total time for which application threads were stopped: 0,0000929 seconds, Stopping threads took: 0,0000251 seconds
2017-08-21T09:31:00.030+0200: 4,167: Total time for which application threads were stopped: 0,0005022 seconds, Stopping threads took: 0,0000269 seconds
2017-08-21T09:31:00.047+0200: 4,185: Total time for which application threads were stopped: 0,0005618 seconds, Stopping threads took: 0,0000278 seconds
2017-08-21T09:31:00.119+0200: 4,256: Total time for which application threads were stopped: 0,0003594 seconds, Stopping threads took: 0,0000253 seconds
2017-08-21T09:31:00.119+0200: 4,257: Total time for which application threads were stopped: 0,0000762 seconds, Stopping threads took: 0,0000342 seconds
2017-08-21T09:31:00.122+0200: 4,259: Total time for which application threads were stopped: 0,0002315 seconds, Stopping threads took: 0,0001348 seconds
2017-08-21T09:31:00.122+0200: 4,259: Total time for which application threads were stopped: 0,0001157 seconds, Stopping threads took: 0,0000242 seconds
2017-08-21T09:31:00.154+0200: 4,292: Total time for which application threads were stopped: 0,0001808 seconds, Stopping threads took: 0,0001003 seconds
2017-08-21T09:31:00.157+0200: 4,295: Total time for which application threads were stopped: 0,0001427 seconds, Stopping threads took: 0,0000388 seconds
2017-08-21T09:31:00.162+0200: 4,299: Total time for which application threads were stopped: 0,0001499 seconds, Stopping threads took: 0,0000392 seconds
2017-08-21T09:31:00.166+0200: 4,303: Total time for which application threads were stopped: 0,0003309 seconds, Stopping threads took: 0,0002354 seconds
2017-08-21T09:31:00.174+0200: 4,311: Total time for which application threads were stopped: 0,0001081 seconds, Stopping threads took: 0,0000348 seconds
2017-08-21T09:31:00.181+0200: 4,319: Total time for which application threads were stopped: 0,0022747 seconds, Stopping threads took: 0,0022018 seconds
2017-08-21T09:31:00.182+0200: 4,320: Total time for which application threads were stopped: 0,0002407 seconds, Stopping threads took: 0,0001550 seconds
2017-08-21T09:31:00.213+0200: 4,351: Total time for which application threads were stopped: 0,0017758 seconds, Stopping threads took: 0,0016944 seconds
2017-08-21T09:31:00.214+0200: 4,352: Total time for which application threads were stopped: 0,0001100 seconds, Stopping threads took: 0,0000384 seconds
2017-08-21T09:31:00.217+0200: 4,355: Total time for which application threads were stopped: 0,0001310 seconds, Stopping threads took: 0,0000592 seconds
2017-08-21T09:31:00.251+0200: 4,388: Total time for which application threads were stopped: 0,0004381 seconds, Stopping threads took: 0,0000477 seconds
2017-08-21T09:31:00.253+0200: 4,391: Total time for which application threads were stopped: 0,0001376 seconds, Stopping threads took: 0,0000709 seconds
2017-08-21T09:31:01.254+0200: 5,391: Total time for which application threads were stopped: 0,0000753 seconds, Stopping threads took: 0,0000168 seconds
2017-08-21T09:32:58.268+0200: 122,406: Total time for which application threads were stopped: 0,0000798 seconds, Stopping threads took: 0,0000330 seconds
{Heap before GC invocations=9 (full 1):
 par new generation   total 109248K, used 94143K [0x00000000e0000000, 0x00000000e8000000, 0x00000000e8000000)
  eden space 87424K, 100% used [0x00000000e0000000, 0x00000000e5560000, 0x00000000e5560000)
  from space 21824K,  30% used [0x00000000e6ab0000, 0x00000000e713fc40, 0x00000000e8000000)
  to   space 21824K,   0% used [0x00000000e5560000, 0x00000000e5560000, 0x00000000e6ab0000)
 concurrent mark-sweep generation total 393216K, used 6095K [0x00000000e8000000, 0x0000000100000000, 0x0000000100000000)
 Metaspace       used 28066K, capacity 28586K, committed 28796K, reserved 1075200K
  class space    used 3217K, capacity 3398K, committed 3452K, reserved 1048576K
2017-08-21T09:33:51.988+0200: 176,125: [GC (Allocation Failure) 2017-08-21T09:33:51.988+0200: 176,126: [ParNew
Desired survivor size 20112992 bytes, new threshold 8 (max 8)
- age   1:   10951392 bytes,   10951392 total
- age   2:     201880 bytes,   11153272 total
- age   3:     257504 bytes,   11410776 total
- age   4:    1759960 bytes,   13170736 total
- age   5:      58400 bytes,   13229136 total
- age   7:     104296 bytes,   13333432 total
- age   8:     183152 bytes,   13516584 total
: 94143K->14368K(109248K), 0,0184999 secs] 100238K->21296K(502464K), 0,0185811 secs] [Times: user=0,06 sys=0,00, real=0,02 secs] 
Heap after GC invocations=10 (full 1):
 par new generation   total 109248K, used 14368K [0x00000000e0000000, 0x00000000e8000000, 0x00000000e8000000)
  eden space 87424K,   0% used [0x00000000e0000000, 0x00000000e0000000, 0x00000000e5560000)
  from space 21824K,  65% used [0x00000000e5560000, 0x00000000e6368098, 0x00000000e6ab0000)
  to   space 21824K,   0% used [0x00000000e6ab0000, 0x00000000e6ab0000, 0x00000000e8000000)
 concurrent mark-sweep generation total 393216K, used 6928K [0x00000000e8000000, 0x0000000100000000, 0x0000000100000000)
 Metaspace       used 28066K, capacity 28586K, committed 28796K, reserved 1075200K
  class space    used 3217K, capacity 3398K, committed 3452K, reserved 1048576K
}
2017-08-21T09:33:52.007+0200: 176,144: Total time for which application threads were stopped: 0,0187574 seconds, Stopping threads took: 0,0000396 seconds
2017-08-21T09:33:52.007+0200: 176,145: Total time for which application threads were stopped: 0,0000636 seconds, Stopping threads took: 0,0000209 seconds
2017-08-21T09:33:52.007+0200: 176,145: Total time for which application threads were stopped: 0,0000617 seconds, Stopping threads took: 0,0000221 seconds
2017-08-21T09:54:27.158+0200: 1411,295: Total time for which application threads were stopped: 0,0001716 seconds, Stopping threads took: 0,0000641 seconds
2017-08-21T09:58:22.183+0200: 1646,321: Total time for which application threads were stopped: 0,0000855 seconds, Stopping threads took: 0,0000322 seconds
2017-08-21T10:09:17.257+0200: 2301,394: Total time for which application threads were stopped: 0,0000885 seconds, Stopping threads took: 0,0000353 seconds
2017-08-21T10:09:18.257+0200: 2302,394: Total time for which application threads were stopped: 0,0000664 seconds, Stopping threads took: 0,0000141 seconds
2017-08-21T10:24:13.372+0200: 3197,510: Total time for which application threads were stopped: 0,0001709 seconds, Stopping threads took: 0,0000659 seconds
2017-08-21T10:37:02.462+0200: 3966,600: Total time for which application threads were stopped: 0,0000929 seconds, Stopping threads took: 0,0000337 seconds
2017-08-21T10:49:18.548+0200: 4702,686: Total time for which application threads were stopped: 0,0000785 seconds, Stopping threads took: 0,0000310 seconds
2017-08-21T11:10:38.701+0200: 5982,839: Total time for which application threads were stopped: 0,0000809 seconds, Stopping threads took: 0,0000279 seconds
2017-08-21T11:15:18.734+0200: 6262,872: Total time for which application threads were stopped: 0,0000884 seconds, Stopping threads took: 0,0000328 seconds
2017-08-21T11:26:27.813+0200: 6931,951: Total time for which application threads were stopped: 0,0000881 seconds, Stopping threads took: 0,0000323 seconds
2017-08-21T11:32:57.859+0200: 7321,997: Total time for which application threads were stopped: 0,0001114 seconds, Stopping threads took: 0,0000338 seconds
2017-08-21T11:38:57.901+0200: 7682,038: Total time for which application threads were stopped: 0,0000876 seconds, Stopping threads took: 0,0000340 seconds
2017-08-21T12:32:30.054+0200: 10894,192: Total time for which application threads were stopped: 0,0585274 seconds, Stopping threads took: 0,0584317 seconds
2017-08-21T12:32:30.056+0200: 10894,194: Total time for which application threads were stopped: 0,0017109 seconds, Stopping threads took: 0,0016224 seconds
2017-08-21T12:32:30.058+0200: 10894,195: Total time for which application threads were stopped: 0,0001974 seconds, Stopping threads took: 0,0001098 seconds
2017-08-21T12:32:30.063+0200: 10894,201: Total time for which application threads were stopped: 0,0001021 seconds, Stopping threads took: 0,0000183 seconds
2017-08-21T12:32:30.064+0200: 10894,201: Total time for which application threads were stopped: 0,0001216 seconds, Stopping threads took: 0,0000147 seconds
2017-08-21T12:32:30.064+0200: 10894,202: Total time for which application threads were stopped: 0,0001156 seconds, Stopping threads took: 0,0000309 seconds
2017-08-21T12:32:30.065+0200: 10894,202: Total time for which application threads were stopped: 0,0000820 seconds, Stopping threads took: 0,0000124 seconds
2017-08-21T12:32:30.065+0200: 10894,203: Total time for which application threads were stopped: 0,0001799 seconds, Stopping threads took: 0,0001180 seconds
2017-08-21T12:32:30.068+0200: 10894,205: Total time for which application threads were stopped: 0,0020979 seconds, Stopping threads took: 0,0020054 seconds
2017-08-21T12:32:30.068+0200: 10894,205: Total time for which application threads were stopped: 0,0000819 seconds, Stopping threads took: 0,0000177 seconds
2017-08-21T12:32:30.068+0200: 10894,206: Total time for which application threads were stopped: 0,0000668 seconds, Stopping threads took: 0,0000103 seconds
2017-08-21T12:32:30.068+0200: 10894,206: Total time for which application threads were stopped: 0,0001685 seconds, Stopping threads took: 0,0001140 seconds
2017-08-21T12:32:30.069+0200: 10894,206: Total time for which application threads were stopped: 0,0001167 seconds, Stopping threads took: 0,0000636 seconds
2017-08-21T12:32:30.069+0200: 10894,206: Total time for which application threads were stopped: 0,0001354 seconds, Stopping threads took: 0,0000859 seconds
2017-08-21T12:32:30.069+0200: 10894,207: Total time for which application threads were stopped: 0,0000670 seconds, Stopping threads took: 0,0000156 seconds
2017-08-21T12:32:30.069+0200: 10894,207: Total time for which application threads were stopped: 0,0000850 seconds, Stopping threads took: 0,0000389 seconds
2017-08-21T12:32:30.069+0200: 10894,207: Total time for which application threads were stopped: 0,0001304 seconds, Stopping threads took: 0,0000672 seconds
2017-08-21T12:32:30.069+0200: 10894,207: Total time for which application threads were stopped: 0,0000613 seconds, Stopping threads took: 0,0000089 seconds
2017-08-21T12:32:30.070+0200: 10894,207: Total time for which application threads were stopped: 0,0000575 seconds, Stopping threads took: 0,0000084 seconds
2017-08-21T12:32:30.074+0200: 10894,211: Total time for which application threads were stopped: 0,0001226 seconds, Stopping threads took: 0,0000201 seconds
2017-08-21T12:32:30.075+0200: 10894,212: Total time for which application threads were stopped: 0,0001051 seconds, Stopping threads took: 0,0000194 seconds
2017-08-21T12:32:30.075+0200: 10894,212: Total time for which application threads were stopped: 0,0000801 seconds, Stopping threads took: 0,0000235 seconds
2017-08-21T12:32:30.075+0200: 10894,212: Total time for which application threads were stopped: 0,0000572 seconds, Stopping threads took: 0,0000144 seconds
2017-08-21T12:32:30.104+0200: 10894,241: Total time for which application threads were stopped: 0,0000906 seconds, Stopping threads took: 0,0000188 seconds
2017-08-21T12:32:30.104+0200: 10894,241: Total time for which application threads were stopped: 0,0000534 seconds, Stopping threads took: 0,0000066 seconds
2017-08-21T12:32:30.104+0200: 10894,242: Total time for which application threads were stopped: 0,0000445 seconds, Stopping threads took: 0,0000054 seconds
2017-08-21T12:32:30.104+0200: 10894,242: Total time for which application threads were stopped: 0,0000342 seconds, Stopping threads took: 0,0000046 seconds
2017-08-21T12:32:30.104+0200: 10894,242: Total time for which application threads were stopped: 0,0000334 seconds, Stopping threads took: 0,0000050 seconds
2017-08-21T12:32:30.109+0200: 10894,246: Total time for which application threads were stopped: 0,0001172 seconds, Stopping threads took: 0,0000417 seconds
2017-08-21T12:32:30.109+0200: 10894,247: Total time for which application threads were stopped: 0,0001052 seconds, Stopping threads took: 0,0000376 seconds
2017-08-21T12:32:30.115+0200: 10894,253: Total time for which application threads were stopped: 0,0001092 seconds, Stopping threads took: 0,0000390 seconds
2017-08-21T12:32:30.117+0200: 10894,254: Total time for which application threads were stopped: 0,0000952 seconds, Stopping threads took: 0,0000246 seconds
2017-08-21T12:32:30.117+0200: 10894,254: Total time for which application threads were stopped: 0,0000467 seconds, Stopping threads took: 0,0000132 seconds
2017-08-21T12:32:30.117+0200: 10894,254: Total time for which application threads were stopped: 0,0000735 seconds, Stopping threads took: 0,0000126 seconds
2017-08-21T12:32:30.117+0200: 10894,254: Total time for which application threads were stopped: 0,0000439 seconds, Stopping threads took: 0,0000123 seconds
2017-08-21T12:32:30.117+0200: 10894,255: Total time for which application threads were stopped: 0,0000419 seconds, Stopping threads took: 0,0000120 seconds
2017-08-21T12:32:30.117+0200: 10894,255: Total time for which application threads were stopped: 0,0000426 seconds, Stopping threads took: 0,0000123 seconds
2017-08-21T12:32:30.117+0200: 10894,255: Total time for which application threads were stopped: 0,0000446 seconds, Stopping threads took: 0,0000121 seconds
2017-08-21T12:32:30.117+0200: 10894,255: Total time for which application threads were stopped: 0,0000441 seconds, Stopping threads took: 0,0000110 seconds
2017-08-21T12:32:30.117+0200: 10894,255: Total time for which application threads were stopped: 0,0000779 seconds, Stopping threads took: 0,0000124 seconds
2017-08-21T12:32:30.124+0200: 10894,262: Total time for which application threads were stopped: 0,0001080 seconds, Stopping threads took: 0,0000317 seconds
2017-08-21T12:32:30.130+0200: 10894,267: Total time for which application threads were stopped: 0,0001011 seconds, Stopping threads took: 0,0000338 seconds
2017-08-21T12:32:30.131+0200: 10894,269: Total time for which application threads were stopped: 0,0000881 seconds, Stopping threads took: 0,0000240 seconds
2017-08-21T12:32:30.131+0200: 10894,269: Total time for which application threads were stopped: 0,0000491 seconds, Stopping threads took: 0,0000151 seconds
2017-08-21T12:32:30.131+0200: 10894,269: Total time for which application threads were stopped: 0,0000415 seconds, Stopping threads took: 0,0000113 seconds
2017-08-21T12:32:30.131+0200: 10894,269: Total time for which application threads were stopped: 0,0000440 seconds, Stopping threads took: 0,0000127 seconds
2017-08-21T12:32:30.138+0200: 10894,276: Total time for which application threads were stopped: 0,0001088 seconds, Stopping threads took: 0,0000329 seconds
2017-08-21T12:32:30.138+0200: 10894,276: Total time for which application threads were stopped: 0,0000452 seconds, Stopping threads took: 0,0000121 seconds
2017-08-21T12:32:30.138+0200: 10894,276: Total time for which application threads were stopped: 0,0000444 seconds, Stopping threads took: 0,0000113 seconds
2017-08-21T12:32:30.139+0200: 10894,277: Total time for which application threads were stopped: 0,0000925 seconds, Stopping threads took: 0,0000316 seconds
2017-08-21T12:32:30.139+0200: 10894,277: Total time for which application threads were stopped: 0,0000604 seconds, Stopping threads took: 0,0000220 seconds
2017-08-21T12:32:30.140+0200: 10894,278: Total time for which application threads were stopped: 0,0000873 seconds, Stopping threads took: 0,0000312 seconds
2017-08-21T12:32:30.141+0200: 10894,279: Total time for which application threads were stopped: 0,0001245 seconds, Stopping threads took: 0,0000458 seconds
2017-08-21T12:32:30.142+0200: 10894,279: Total time for which application threads were stopped: 0,0000779 seconds, Stopping threads took: 0,0000202 seconds
2017-08-21T12:32:30.142+0200: 10894,280: Total time for which application threads were stopped: 0,0000570 seconds, Stopping threads took: 0,0000186 seconds
2017-08-21T12:32:30.142+0200: 10894,280: Total time for which application threads were stopped: 0,0000511 seconds, Stopping threads took: 0,0000121 seconds
2017-08-21T12:32:30.142+0200: 10894,280: Total time for which application threads were stopped: 0,0000649 seconds, Stopping threads took: 0,0000238 seconds
2017-08-21T12:32:30.143+0200: 10894,281: Total time for which application threads were stopped: 0,0001362 seconds, Stopping threads took: 0,0000411 seconds
2017-08-21T12:32:30.144+0200: 10894,281: Total time for which application threads were stopped: 0,0000511 seconds, Stopping threads took: 0,0000133 seconds
2017-08-21T12:32:30.144+0200: 10894,281: Total time for which application threads were stopped: 0,0000525 seconds, Stopping threads took: 0,0000140 seconds
2017-08-21T12:32:30.144+0200: 10894,282: Total time for which application threads were stopped: 0,0001769 seconds, Stopping threads took: 0,0000126 seconds
2017-08-21T12:32:30.144+0200: 10894,282: Total time for which application threads were stopped: 0,0000768 seconds, Stopping threads took: 0,0000283 seconds
2017-08-21T12:32:30.146+0200: 10894,283: Total time for which application threads were stopped: 0,0001305 seconds, Stopping threads took: 0,0000282 seconds
2017-08-21T12:32:30.152+0200: 10894,289: Total time for which application threads were stopped: 0,0001091 seconds, Stopping threads took: 0,0000303 seconds
2017-08-21T12:32:30.152+0200: 10894,290: Total time for which application threads were stopped: 0,0001070 seconds, Stopping threads took: 0,0000233 seconds
Heap
 par new generation   total 109248K, used 35290K [0x00000000e0000000, 0x00000000e8000000, 0x00000000e8000000)
  eden space 87424K,  23% used [0x00000000e0000000, 0x00000000e146e7f8, 0x00000000e5560000)
  from space 21824K,  65% used [0x00000000e5560000, 0x00000000e6368098, 0x00000000e6ab0000)
  to   space 21824K,   0% used [0x00000000e6ab0000, 0x00000000e6ab0000, 0x00000000e8000000)
 concurrent mark-sweep generation total 393216K, used 6928K [0x00000000e8000000, 0x0000000100000000, 0x0000000100000000)
 Metaspace       used 28204K, capacity 28754K, committed 29052K, reserved 1075200K
  class space    used 3231K, capacity 3432K, committed 3452K, reserved 1048576K
