OpenJDK 64-Bit Server VM (25.121-b13) for linux-amd64 JRE (1.8.0_121-8u121-b13-0ubuntu1.16.04.2-b13), built on Jan 23 2017 15:51:29 by "buildd" with gcc 5.4.0 20160609
Memory: 4k page, physical 7867800k(7508072k free), swap 8076284k(8076284k free)
CommandLine flags: -XX:CMSInitiatingOccupancyFraction=50 -XX:CMSMaxAbortablePrecleanTime=6000 -XX:+CMSParallelRemarkEnabled -XX:+CMSScavengeBeforeRemark -XX:ConcGCThreads=4 -XX:InitialHeapSize=536870912 -XX:MaxHeapSize=536870912 -XX:MaxTenuringThreshold=8 -XX:NewRatio=3 -XX:OldPLABSize=16 -XX:OnOutOfMemoryError=/opt/solr/bin/oom_solr.sh 8983 /var/solr/logs -XX:ParallelGCThreads=4 -XX:+ParallelRefProcEnabled -XX:PretenureSizeThreshold=67108864 -XX:+PrintGC -XX:+PrintGCApplicationStoppedTime -XX:+PrintGCDateStamps -XX:+PrintGCDetails -XX:+PrintGCTimeStamps -XX:+PrintHeapAtGC -XX:+PrintTenuringDistribution -XX:SurvivorRatio=4 -XX:TargetSurvivorRatio=90 -XX:ThreadStackSize=256 -XX:+UseCMSInitiatingOccupancyOnly -XX:+UseCompressedClassPointers -XX:+UseCompressedOops -XX:+UseConcMarkSweepGC -XX:+UseParNewGC 
2017-02-08T08:09:18.642+0100: 0,152: Total time for which application threads were stopped: 0,0001578 seconds, Stopping threads took: 0,0000272 seconds
2017-02-08T08:09:18.740+0100: 0,249: Total time for which application threads were stopped: 0,0001052 seconds, Stopping threads took: 0,0000166 seconds
2017-02-08T08:09:18.757+0100: 0,266: Total time for which application threads were stopped: 0,0000914 seconds, Stopping threads took: 0,0000165 seconds
2017-02-08T08:09:19.078+0100: 0,587: Total time for which application threads were stopped: 0,0002114 seconds, Stopping threads took: 0,0000398 seconds
2017-02-08T08:09:19.427+0100: 0,936: Total time for which application threads were stopped: 0,0001213 seconds, Stopping threads took: 0,0000086 seconds
2017-02-08T08:09:19.514+0100: 1,023: Total time for which application threads were stopped: 0,0001693 seconds, Stopping threads took: 0,0000263 seconds
2017-02-08T08:09:19.539+0100: 1,048: Total time for which application threads were stopped: 0,0004838 seconds, Stopping threads took: 0,0000211 seconds
2017-02-08T08:09:19.816+0100: 1,325: Total time for which application threads were stopped: 0,0001678 seconds, Stopping threads took: 0,0000155 seconds
2017-02-08T08:09:20.049+0100: 1,558: Total time for which application threads were stopped: 0,0001921 seconds, Stopping threads took: 0,0000123 seconds
2017-02-08T08:09:20.078+0100: 1,587: Total time for which application threads were stopped: 0,0002907 seconds, Stopping threads took: 0,0001029 seconds
2017-02-08T08:09:20.117+0100: 1,626: Total time for which application threads were stopped: 0,0001852 seconds, Stopping threads took: 0,0000213 seconds
2017-02-08T08:09:20.118+0100: 1,627: Total time for which application threads were stopped: 0,0002710 seconds, Stopping threads took: 0,0000289 seconds
2017-02-08T08:09:20.138+0100: 1,647: Total time for which application threads were stopped: 0,0001693 seconds, Stopping threads took: 0,0000140 seconds
2017-02-08T08:09:20.227+0100: 1,736: Total time for which application threads were stopped: 0,0002553 seconds, Stopping threads took: 0,0000226 seconds
2017-02-08T08:09:20.379+0100: 1,888: Total time for which application threads were stopped: 0,0002763 seconds, Stopping threads took: 0,0000390 seconds
{Heap before GC invocations=0 (full 0):
 par new generation   total 109248K, used 87424K [0x00000000e0000000, 0x00000000e8000000, 0x00000000e8000000)
  eden space 87424K, 100% used [0x00000000e0000000, 0x00000000e5560000, 0x00000000e5560000)
  from space 21824K,   0% used [0x00000000e5560000, 0x00000000e5560000, 0x00000000e6ab0000)
  to   space 21824K,   0% used [0x00000000e6ab0000, 0x00000000e6ab0000, 0x00000000e8000000)
 concurrent mark-sweep generation total 393216K, used 0K [0x00000000e8000000, 0x0000000100000000, 0x0000000100000000)
 Metaspace       used 18198K, capacity 18464K, committed 18688K, reserved 1064960K
  class space    used 2058K, capacity 2196K, committed 2304K, reserved 1048576K
2017-02-08T08:09:20.492+0100: 2,001: [GC (Allocation Failure) 2017-02-08T08:09:20.492+0100: 2,001: [ParNew
Desired survivor size 20112992 bytes, new threshold 8 (max 8)
- age   1:   12780056 bytes,   12780056 total
: 87424K->12604K(109248K), 0,0164569 secs] 87424K->12604K(502464K), 0,0165384 secs] [Times: user=0,05 sys=0,02, real=0,01 secs] 
Heap after GC invocations=1 (full 0):
 par new generation   total 109248K, used 12604K [0x00000000e0000000, 0x00000000e8000000, 0x00000000e8000000)
  eden space 87424K,   0% used [0x00000000e0000000, 0x00000000e0000000, 0x00000000e5560000)
  from space 21824K,  57% used [0x00000000e6ab0000, 0x00000000e76ff308, 0x00000000e8000000)
  to   space 21824K,   0% used [0x00000000e5560000, 0x00000000e5560000, 0x00000000e6ab0000)
 concurrent mark-sweep generation total 393216K, used 0K [0x00000000e8000000, 0x0000000100000000, 0x0000000100000000)
 Metaspace       used 18198K, capacity 18464K, committed 18688K, reserved 1064960K
  class space    used 2058K, capacity 2196K, committed 2304K, reserved 1048576K
}
2017-02-08T08:09:20.508+0100: 2,017: Total time for which application threads were stopped: 0,0167590 seconds, Stopping threads took: 0,0000185 seconds
2017-02-08T08:09:20.774+0100: 2,283: Total time for which application threads were stopped: 0,0005432 seconds, Stopping threads took: 0,0001975 seconds
{Heap before GC invocations=1 (full 0):
 par new generation   total 109248K, used 100028K [0x00000000e0000000, 0x00000000e8000000, 0x00000000e8000000)
  eden space 87424K, 100% used [0x00000000e0000000, 0x00000000e5560000, 0x00000000e5560000)
  from space 21824K,  57% used [0x00000000e6ab0000, 0x00000000e76ff308, 0x00000000e8000000)
  to   space 21824K,   0% used [0x00000000e5560000, 0x00000000e5560000, 0x00000000e6ab0000)
 concurrent mark-sweep generation total 393216K, used 0K [0x00000000e8000000, 0x0000000100000000, 0x0000000100000000)
 Metaspace       used 20059K, capacity 20422K, committed 20736K, reserved 1067008K
  class space    used 2295K, capacity 2467K, committed 2560K, reserved 1048576K
2017-02-08T08:09:20.829+0100: 2,338: [GC (Allocation Failure) 2017-02-08T08:09:20.829+0100: 2,338: [ParNew
Desired survivor size 20112992 bytes, new threshold 8 (max 8)
- age   1:    3396840 bytes,    3396840 total
- age   2:    6677704 bytes,   10074544 total
: 100028K->13838K(109248K), 0,0097596 secs] 100028K->13838K(502464K), 0,0098230 secs] [Times: user=0,03 sys=0,00, real=0,01 secs] 
Heap after GC invocations=2 (full 0):
 par new generation   total 109248K, used 13838K [0x00000000e0000000, 0x00000000e8000000, 0x00000000e8000000)
  eden space 87424K,   0% used [0x00000000e0000000, 0x00000000e0000000, 0x00000000e5560000)
  from space 21824K,  63% used [0x00000000e5560000, 0x00000000e62e38f0, 0x00000000e6ab0000)
  to   space 21824K,   0% used [0x00000000e6ab0000, 0x00000000e6ab0000, 0x00000000e8000000)
 concurrent mark-sweep generation total 393216K, used 0K [0x00000000e8000000, 0x0000000100000000, 0x0000000100000000)
 Metaspace       used 20059K, capacity 20422K, committed 20736K, reserved 1067008K
  class space    used 2295K, capacity 2467K, committed 2560K, reserved 1048576K
}
2017-02-08T08:09:20.838+0100: 2,348: Total time for which application threads were stopped: 0,0101805 seconds, Stopping threads took: 0,0000151 seconds
2017-02-08T08:09:20.883+0100: 2,392: Total time for which application threads were stopped: 0,0004272 seconds, Stopping threads took: 0,0000824 seconds
2017-02-08T08:09:21.015+0100: 2,524: Total time for which application threads were stopped: 0,0001915 seconds, Stopping threads took: 0,0000287 seconds
{Heap before GC invocations=2 (full 0):
 par new generation   total 109248K, used 101262K [0x00000000e0000000, 0x00000000e8000000, 0x00000000e8000000)
  eden space 87424K, 100% used [0x00000000e0000000, 0x00000000e5560000, 0x00000000e5560000)
  from space 21824K,  63% used [0x00000000e5560000, 0x00000000e62e38f0, 0x00000000e6ab0000)
  to   space 21824K,   0% used [0x00000000e6ab0000, 0x00000000e6ab0000, 0x00000000e8000000)
 concurrent mark-sweep generation total 393216K, used 0K [0x00000000e8000000, 0x0000000100000000, 0x0000000100000000)
 Metaspace       used 20982K, capacity 21280K, committed 21628K, reserved 1069056K
  class space    used 2417K, capacity 2586K, committed 2684K, reserved 1048576K
2017-02-08T08:09:21.060+0100: 2,569: [GC (Allocation Failure) 2017-02-08T08:09:21.060+0100: 2,569: [ParNew
Desired survivor size 20112992 bytes, new threshold 8 (max 8)
- age   1:    2178232 bytes,    2178232 total
- age   2:     833408 bytes,    3011640 total
- age   3:    6673096 bytes,    9684736 total
: 101262K->12749K(109248K), 0,0097578 secs] 101262K->12749K(502464K), 0,0098363 secs] [Times: user=0,03 sys=0,00, real=0,00 secs] 
Heap after GC invocations=3 (full 0):
 par new generation   total 109248K, used 12749K [0x00000000e0000000, 0x00000000e8000000, 0x00000000e8000000)
  eden space 87424K,   0% used [0x00000000e0000000, 0x00000000e0000000, 0x00000000e5560000)
  from space 21824K,  58% used [0x00000000e6ab0000, 0x00000000e7723488, 0x00000000e8000000)
  to   space 21824K,   0% used [0x00000000e5560000, 0x00000000e5560000, 0x00000000e6ab0000)
 concurrent mark-sweep generation total 393216K, used 0K [0x00000000e8000000, 0x0000000100000000, 0x0000000100000000)
 Metaspace       used 20982K, capacity 21280K, committed 21628K, reserved 1069056K
  class space    used 2417K, capacity 2586K, committed 2684K, reserved 1048576K
}
2017-02-08T08:09:21.070+0100: 2,579: Total time for which application threads were stopped: 0,0100902 seconds, Stopping threads took: 0,0000808 seconds
2017-02-08T08:09:21.070+0100: 2,579: [GC (CMS Initial Mark) [1 CMS-initial-mark: 0K(393216K)] 12781K(502464K), 0,0034836 secs] [Times: user=0,02 sys=0,00, real=0,01 secs] 
2017-02-08T08:09:21.073+0100: 2,582: Total time for which application threads were stopped: 0,0036417 seconds, Stopping threads took: 0,0000349 seconds
2017-02-08T08:09:21.073+0100: 2,582: [CMS-concurrent-mark-start]
2017-02-08T08:09:21.074+0100: 2,583: [CMS-concurrent-mark: 0,001/0,001 secs] [Times: user=0,00 sys=0,00, real=0,00 secs] 
2017-02-08T08:09:21.074+0100: 2,583: [CMS-concurrent-preclean-start]
2017-02-08T08:09:21.075+0100: 2,584: [CMS-concurrent-preclean: 0,001/0,001 secs] [Times: user=0,01 sys=0,00, real=0,00 secs] 
2017-02-08T08:09:21.076+0100: 2,585: [GC (CMS Final Remark) [YG occupancy: 14154 K (109248 K)]{Heap before GC invocations=3 (full 1):
 par new generation   total 109248K, used 14154K [0x00000000e0000000, 0x00000000e8000000, 0x00000000e8000000)
  eden space 87424K,   1% used [0x00000000e0000000, 0x00000000e015f4b0, 0x00000000e5560000)
  from space 21824K,  58% used [0x00000000e6ab0000, 0x00000000e7723488, 0x00000000e8000000)
  to   space 21824K,   0% used [0x00000000e5560000, 0x00000000e5560000, 0x00000000e6ab0000)
 concurrent mark-sweep generation total 393216K, used 0K [0x00000000e8000000, 0x0000000100000000, 0x0000000100000000)
 Metaspace       used 20994K, capacity 21280K, committed 21628K, reserved 1069056K
  class space    used 2418K, capacity 2586K, committed 2684K, reserved 1048576K
2017-02-08T08:09:21.076+0100: 2,585: [GC (CMS Final Remark) 2017-02-08T08:09:21.076+0100: 2,585: [ParNew
Desired survivor size 20112992 bytes, new threshold 8 (max 8)
- age   1:     240264 bytes,     240264 total
- age   2:    2039432 bytes,    2279696 total
- age   3:     833360 bytes,    3113056 total
- age   4:    6673096 bytes,    9786152 total
: 14154K->12408K(109248K), 0,0129625 secs] 14154K->12408K(502464K), 0,0130131 secs] [Times: user=0,05 sys=0,00, real=0,01 secs] 
Heap after GC invocations=4 (full 1):
 par new generation   total 109248K, used 12408K [0x00000000e0000000, 0x00000000e8000000, 0x00000000e8000000)
  eden space 87424K,   0% used [0x00000000e0000000, 0x00000000e0000000, 0x00000000e5560000)
  from space 21824K,  56% used [0x00000000e5560000, 0x00000000e617e030, 0x00000000e6ab0000)
  to   space 21824K,   0% used [0x00000000e6ab0000, 0x00000000e6ab0000, 0x00000000e8000000)
 concurrent mark-sweep generation total 393216K, used 0K [0x00000000e8000000, 0x0000000100000000, 0x0000000100000000)
 Metaspace       used 20994K, capacity 21280K, committed 21628K, reserved 1069056K
  class space    used 2418K, capacity 2586K, committed 2684K, reserved 1048576K
}
2017-02-08T08:09:21.089+0100: 2,598: [Rescan (parallel) , 0,0049826 secs]2017-02-08T08:09:21.094+0100: 2,603: [weak refs processing, 0,0017026 secs]2017-02-08T08:09:21.095+0100: 2,605: [class unloading, 0,0038288 secs]2017-02-08T08:09:21.099+0100: 2,608: [scrub symbol table, 0,0048387 secs]2017-02-08T08:09:21.104+0100: 2,613: [scrub string table, 0,0004599 secs][1 CMS-remark: 0K(393216K)] 12408K(502464K), 0,0297171 secs] [Times: user=0,09 sys=0,00, real=0,03 secs] 
2017-02-08T08:09:21.105+0100: 2,614: Total time for which application threads were stopped: 0,0299007 seconds, Stopping threads took: 0,0000785 seconds
2017-02-08T08:09:21.113+0100: 2,622: [CMS-concurrent-sweep-start]
2017-02-08T08:09:21.113+0100: 2,622: [CMS-concurrent-sweep: 0,000/0,000 secs] [Times: user=0,00 sys=0,00, real=0,00 secs] 
2017-02-08T08:09:21.113+0100: 2,622: [CMS-concurrent-reset-start]
2017-02-08T08:09:21.114+0100: 2,624: [CMS-concurrent-reset: 0,002/0,002 secs] [Times: user=0,00 sys=0,00, real=0,00 secs] 
{Heap before GC invocations=4 (full 1):
 par new generation   total 109248K, used 99832K [0x00000000e0000000, 0x00000000e8000000, 0x00000000e8000000)
  eden space 87424K, 100% used [0x00000000e0000000, 0x00000000e5560000, 0x00000000e5560000)
  from space 21824K,  56% used [0x00000000e5560000, 0x00000000e617e030, 0x00000000e6ab0000)
  to   space 21824K,   0% used [0x00000000e6ab0000, 0x00000000e6ab0000, 0x00000000e8000000)
 concurrent mark-sweep generation total 393216K, used 0K [0x00000000e8000000, 0x0000000100000000, 0x0000000100000000)
 Metaspace       used 21247K, capacity 21638K, committed 21884K, reserved 1069056K
  class space    used 2449K, capacity 2604K, committed 2684K, reserved 1048576K
2017-02-08T08:09:21.200+0100: 2,709: [GC (Allocation Failure) 2017-02-08T08:09:21.200+0100: 2,709: [ParNew
Desired survivor size 20112992 bytes, new threshold 8 (max 8)
- age   1:     741896 bytes,     741896 total
- age   2:       1424 bytes,     743320 total
- age   3:    1441352 bytes,    2184672 total
- age   4:     819440 bytes,    3004112 total
- age   5:    6673256 bytes,    9677368 total
: 99832K->12061K(109248K), 0,0146985 secs] 99832K->12061K(502464K), 0,0147920 secs] [Times: user=0,05 sys=0,01, real=0,01 secs] 
Heap after GC invocations=5 (full 1):
 par new generation   total 109248K, used 12061K [0x00000000e0000000, 0x00000000e8000000, 0x00000000e8000000)
  eden space 87424K,   0% used [0x00000000e0000000, 0x00000000e0000000, 0x00000000e5560000)
  from space 21824K,  55% used [0x00000000e6ab0000, 0x00000000e76775f0, 0x00000000e8000000)
  to   space 21824K,   0% used [0x00000000e5560000, 0x00000000e5560000, 0x00000000e6ab0000)
 concurrent mark-sweep generation total 393216K, used 0K [0x00000000e8000000, 0x0000000100000000, 0x0000000100000000)
 Metaspace       used 21247K, capacity 21638K, committed 21884K, reserved 1069056K
  class space    used 2449K, capacity 2604K, committed 2684K, reserved 1048576K
}
2017-02-08T08:09:21.215+0100: 2,724: Total time for which application threads were stopped: 0,0149763 seconds, Stopping threads took: 0,0000464 seconds
{Heap before GC invocations=5 (full 1):
 par new generation   total 109248K, used 99485K [0x00000000e0000000, 0x00000000e8000000, 0x00000000e8000000)
  eden space 87424K, 100% used [0x00000000e0000000, 0x00000000e5560000, 0x00000000e5560000)
  from space 21824K,  55% used [0x00000000e6ab0000, 0x00000000e76775f0, 0x00000000e8000000)
  to   space 21824K,   0% used [0x00000000e5560000, 0x00000000e5560000, 0x00000000e6ab0000)
 concurrent mark-sweep generation total 393216K, used 0K [0x00000000e8000000, 0x0000000100000000, 0x0000000100000000)
 Metaspace       used 21424K, capacity 21810K, committed 21884K, reserved 1069056K
  class space    used 2468K, capacity 2638K, committed 2684K, reserved 1048576K
2017-02-08T08:09:21.306+0100: 2,815: [GC (Allocation Failure) 2017-02-08T08:09:21.306+0100: 2,815: [ParNew
Desired survivor size 20112992 bytes, new threshold 8 (max 8)
- age   1:     259832 bytes,     259832 total
- age   2:     192896 bytes,     452728 total
- age   3:       1424 bytes,     454152 total
- age   4:    1441016 bytes,    1895168 total
- age   5:     819376 bytes,    2714544 total
- age   6:    6673376 bytes,    9387920 total
: 99485K->14514K(109248K), 0,0095637 secs] 99485K->14514K(502464K), 0,0096353 secs] [Times: user=0,03 sys=0,00, real=0,01 secs] 
Heap after GC invocations=6 (full 1):
 par new generation   total 109248K, used 14514K [0x00000000e0000000, 0x00000000e8000000, 0x00000000e8000000)
  eden space 87424K,   0% used [0x00000000e0000000, 0x00000000e0000000, 0x00000000e5560000)
  from space 21824K,  66% used [0x00000000e5560000, 0x00000000e638c920, 0x00000000e6ab0000)
  to   space 21824K,   0% used [0x00000000e6ab0000, 0x00000000e6ab0000, 0x00000000e8000000)
 concurrent mark-sweep generation total 393216K, used 0K [0x00000000e8000000, 0x0000000100000000, 0x0000000100000000)
 Metaspace       used 21424K, capacity 21810K, committed 21884K, reserved 1069056K
  class space    used 2468K, capacity 2638K, committed 2684K, reserved 1048576K
}
2017-02-08T08:09:21.316+0100: 2,825: Total time for which application threads were stopped: 0,0133955 seconds, Stopping threads took: 0,0036320 seconds
2017-02-08T08:09:21.353+0100: 2,862: Total time for which application threads were stopped: 0,0003290 seconds, Stopping threads took: 0,0000229 seconds
2017-02-08T08:09:21.558+0100: 3,067: Total time for which application threads were stopped: 0,0004305 seconds, Stopping threads took: 0,0000387 seconds
2017-02-08T08:09:21.573+0100: 3,082: Total time for which application threads were stopped: 0,0003294 seconds, Stopping threads took: 0,0000245 seconds
2017-02-08T08:09:22.543+0100: 4,052: Total time for which application threads were stopped: 0,0002630 seconds, Stopping threads took: 0,0000236 seconds
2017-02-08T08:09:49.622+0100: 32,058: Total time for which application threads were stopped: 0,0000786 seconds, Stopping threads took: 0,0000172 seconds
2017-02-08T08:09:54.623+0100: 37,059: Total time for which application threads were stopped: 0,0004747 seconds, Stopping threads took: 0,0002064 seconds
2017-02-08T08:10:19.626+0100: 62,062: Total time for which application threads were stopped: 0,0003746 seconds, Stopping threads took: 0,0000933 seconds
2017-02-08T08:10:38.628+0100: 81,064: Total time for which application threads were stopped: 0,0001135 seconds, Stopping threads took: 0,0000364 seconds
2017-02-08T08:10:43.629+0100: 86,064: Total time for which application threads were stopped: 0,0001349 seconds, Stopping threads took: 0,0000287 seconds
2017-02-08T08:10:48.630+0100: 91,065: Total time for which application threads were stopped: 0,0000602 seconds, Stopping threads took: 0,0000161 seconds
2017-02-08T08:12:18.642+0100: 181,078: Total time for which application threads were stopped: 0,0001060 seconds, Stopping threads took: 0,0000403 seconds
2017-02-08T08:13:48.653+0100: 271,089: Total time for which application threads were stopped: 0,0000857 seconds, Stopping threads took: 0,0000334 seconds
2017-02-08T08:13:49.654+0100: 272,089: Total time for which application threads were stopped: 0,0003587 seconds, Stopping threads took: 0,0001338 seconds
2017-02-08T08:14:14.656+0100: 297,092: Total time for which application threads were stopped: 0,0001140 seconds, Stopping threads took: 0,0000444 seconds
2017-02-08T08:17:36.201+0100: 498,636: Total time for which application threads were stopped: 0,0001831 seconds, Stopping threads took: 0,0000368 seconds
2017-02-08T08:17:36.206+0100: 498,641: Total time for which application threads were stopped: 0,0001861 seconds, Stopping threads took: 0,0000642 seconds
2017-02-08T08:17:36.244+0100: 498,679: Total time for which application threads were stopped: 0,0004065 seconds, Stopping threads took: 0,0000299 seconds
2017-02-08T08:17:36.306+0100: 498,741: Total time for which application threads were stopped: 0,0001362 seconds, Stopping threads took: 0,0000369 seconds
2017-02-08T08:17:36.386+0100: 498,822: Total time for which application threads were stopped: 0,0000964 seconds, Stopping threads took: 0,0000185 seconds
2017-02-08T08:17:36.388+0100: 498,823: Total time for which application threads were stopped: 0,0001317 seconds, Stopping threads took: 0,0000444 seconds
2017-02-08T08:17:36.391+0100: 498,826: Total time for which application threads were stopped: 0,0001168 seconds, Stopping threads took: 0,0000420 seconds
2017-02-08T08:17:36.520+0100: 498,956: Total time for which application threads were stopped: 0,0001376 seconds, Stopping threads took: 0,0000188 seconds
2017-02-08T08:17:51.656+0100: 514,092: Total time for which application threads were stopped: 0,0000911 seconds, Stopping threads took: 0,0000185 seconds
2017-02-08T08:17:51.657+0100: 514,092: Total time for which application threads were stopped: 0,0000684 seconds, Stopping threads took: 0,0000303 seconds
2017-02-08T08:17:52.085+0100: 514,520: Total time for which application threads were stopped: 0,0000924 seconds, Stopping threads took: 0,0000381 seconds
2017-02-08T08:17:52.088+0100: 514,523: Total time for which application threads were stopped: 0,0001752 seconds, Stopping threads took: 0,0000951 seconds
2017-02-08T08:17:59.495+0100: 521,930: Total time for which application threads were stopped: 0,0000885 seconds, Stopping threads took: 0,0000147 seconds
2017-02-08T08:18:00.495+0100: 522,930: Total time for which application threads were stopped: 0,0001020 seconds, Stopping threads took: 0,0000246 seconds
2017-02-08T08:18:18.834+0100: 541,270: Total time for which application threads were stopped: 0,0001062 seconds, Stopping threads took: 0,0000379 seconds
Heap
 par new generation   total 109248K, used 79260K [0x00000000e0000000, 0x00000000e8000000, 0x00000000e8000000)
  eden space 87424K,  74% used [0x00000000e0000000, 0x00000000e3f3a9e8, 0x00000000e5560000)
  from space 21824K,  66% used [0x00000000e5560000, 0x00000000e638c920, 0x00000000e6ab0000)
  to   space 21824K,   0% used [0x00000000e6ab0000, 0x00000000e6ab0000, 0x00000000e8000000)
 concurrent mark-sweep generation total 393216K, used 0K [0x00000000e8000000, 0x0000000100000000, 0x0000000100000000)
 Metaspace       used 24262K, capacity 24780K, committed 25084K, reserved 1071104K
  class space    used 2817K, capacity 3011K, committed 3068K, reserved 1048576K
