OpenJDK 64-Bit Server VM (25.131-b11) for linux-amd64 JRE (1.8.0_131-8u131-b11-0ubuntu1.16.04.2-b11), built on May  6 2017 02:45:27 by "buildd" with gcc 5.4.0 20160609
Memory: 4k page, physical 7867740k(7398420k free), swap 8076284k(8076284k free)
CommandLine flags: -XX:CMSInitiatingOccupancyFraction=50 -XX:CMSMaxAbortablePrecleanTime=6000 -XX:+CMSParallelRemarkEnabled -XX:+CMSScavengeBeforeRemark -XX:ConcGCThreads=4 -XX:InitialHeapSize=536870912 -XX:MaxHeapSize=536870912 -XX:MaxTenuringThreshold=8 -XX:NewRatio=3 -XX:OldPLABSize=16 -XX:OnOutOfMemoryError=/opt/solr/bin/oom_solr.sh 8983 /var/solr/logs -XX:ParallelGCThreads=4 -XX:+ParallelRefProcEnabled -XX:PretenureSizeThreshold=67108864 -XX:+PrintGC -XX:+PrintGCApplicationStoppedTime -XX:+PrintGCDateStamps -XX:+PrintGCDetails -XX:+PrintGCTimeStamps -XX:+PrintHeapAtGC -XX:+PrintTenuringDistribution -XX:SurvivorRatio=4 -XX:TargetSurvivorRatio=90 -XX:ThreadStackSize=256 -XX:+UseCMSInitiatingOccupancyOnly -XX:+UseCompressedClassPointers -XX:+UseCompressedOops -XX:+UseConcMarkSweepGC -XX:+UseParNewGC 
2017-05-22T07:48:10.434+0200: 0,149: Total time for which application threads were stopped: 0,0000647 seconds, Stopping threads took: 0,0000128 seconds
2017-05-22T07:48:10.548+0200: 0,263: Total time for which application threads were stopped: 0,0001052 seconds, Stopping threads took: 0,0000150 seconds
2017-05-22T07:48:10.560+0200: 0,275: Total time for which application threads were stopped: 0,0000974 seconds, Stopping threads took: 0,0000116 seconds
2017-05-22T07:48:10.756+0200: 0,471: Total time for which application threads were stopped: 0,0001070 seconds, Stopping threads took: 0,0000101 seconds
2017-05-22T07:48:11.171+0200: 0,886: Total time for which application threads were stopped: 0,0001562 seconds, Stopping threads took: 0,0000135 seconds
2017-05-22T07:48:11.353+0200: 1,068: Total time for which application threads were stopped: 0,0001832 seconds, Stopping threads took: 0,0000286 seconds
2017-05-22T07:48:11.435+0200: 1,150: Total time for which application threads were stopped: 0,0001946 seconds, Stopping threads took: 0,0000348 seconds
2017-05-22T07:48:11.753+0200: 1,468: Total time for which application threads were stopped: 0,0002626 seconds, Stopping threads took: 0,0000206 seconds
2017-05-22T07:48:11.984+0200: 1,699: Total time for which application threads were stopped: 0,0002414 seconds, Stopping threads took: 0,0000231 seconds
2017-05-22T07:48:12.013+0200: 1,728: Total time for which application threads were stopped: 0,0001777 seconds, Stopping threads took: 0,0000267 seconds
2017-05-22T07:48:12.045+0200: 1,760: Total time for which application threads were stopped: 0,0002382 seconds, Stopping threads took: 0,0000242 seconds
2017-05-22T07:48:12.046+0200: 1,761: Total time for which application threads were stopped: 0,0001995 seconds, Stopping threads took: 0,0000166 seconds
2017-05-22T07:48:12.059+0200: 1,774: Total time for which application threads were stopped: 0,0001743 seconds, Stopping threads took: 0,0000153 seconds
2017-05-22T07:48:12.124+0200: 1,839: Total time for which application threads were stopped: 0,0002587 seconds, Stopping threads took: 0,0000232 seconds
2017-05-22T07:48:12.298+0200: 2,013: Total time for which application threads were stopped: 0,0005307 seconds, Stopping threads took: 0,0003139 seconds
{Heap before GC invocations=0 (full 0):
 par new generation   total 109248K, used 87424K [0x00000000e0000000, 0x00000000e8000000, 0x00000000e8000000)
  eden space 87424K, 100% used [0x00000000e0000000, 0x00000000e5560000, 0x00000000e5560000)
  from space 21824K,   0% used [0x00000000e5560000, 0x00000000e5560000, 0x00000000e6ab0000)
  to   space 21824K,   0% used [0x00000000e6ab0000, 0x00000000e6ab0000, 0x00000000e8000000)
 concurrent mark-sweep generation total 393216K, used 0K [0x00000000e8000000, 0x0000000100000000, 0x0000000100000000)
 Metaspace       used 18011K, capacity 18336K, committed 18688K, reserved 1064960K
  class space    used 2036K, capacity 2196K, committed 2304K, reserved 1048576K
2017-05-22T07:48:12.382+0200: 2,097: [GC (Allocation Failure) 2017-05-22T07:48:12.382+0200: 2,097: [ParNew
Desired survivor size 20112992 bytes, new threshold 8 (max 8)
- age   1:   12542344 bytes,   12542344 total
: 87424K->12364K(109248K), 0,0152566 secs] 87424K->12364K(502464K), 0,0153491 secs] [Times: user=0,04 sys=0,01, real=0,01 secs] 
Heap after GC invocations=1 (full 0):
 par new generation   total 109248K, used 12364K [0x00000000e0000000, 0x00000000e8000000, 0x00000000e8000000)
  eden space 87424K,   0% used [0x00000000e0000000, 0x00000000e0000000, 0x00000000e5560000)
  from space 21824K,  56% used [0x00000000e6ab0000, 0x00000000e76c33e8, 0x00000000e8000000)
  to   space 21824K,   0% used [0x00000000e5560000, 0x00000000e5560000, 0x00000000e6ab0000)
 concurrent mark-sweep generation total 393216K, used 0K [0x00000000e8000000, 0x0000000100000000, 0x0000000100000000)
 Metaspace       used 18011K, capacity 18336K, committed 18688K, reserved 1064960K
  class space    used 2036K, capacity 2196K, committed 2304K, reserved 1048576K
}
2017-05-22T07:48:12.397+0200: 2,113: Total time for which application threads were stopped: 0,0156727 seconds, Stopping threads took: 0,0001456 seconds
2017-05-22T07:48:12.700+0200: 2,415: Total time for which application threads were stopped: 0,0004215 seconds, Stopping threads took: 0,0001168 seconds
{Heap before GC invocations=1 (full 0):
 par new generation   total 109248K, used 99788K [0x00000000e0000000, 0x00000000e8000000, 0x00000000e8000000)
  eden space 87424K, 100% used [0x00000000e0000000, 0x00000000e5560000, 0x00000000e5560000)
  from space 21824K,  56% used [0x00000000e6ab0000, 0x00000000e76c33e8, 0x00000000e8000000)
  to   space 21824K,   0% used [0x00000000e5560000, 0x00000000e5560000, 0x00000000e6ab0000)
 concurrent mark-sweep generation total 393216K, used 0K [0x00000000e8000000, 0x0000000100000000, 0x0000000100000000)
 Metaspace       used 20040K, capacity 20366K, committed 20736K, reserved 1067008K
  class space    used 2296K, capacity 2471K, committed 2560K, reserved 1048576K
2017-05-22T07:48:12.754+0200: 2,469: [GC (Allocation Failure) 2017-05-22T07:48:12.754+0200: 2,469: [ParNew
Desired survivor size 20112992 bytes, new threshold 8 (max 8)
- age   1:    3744352 bytes,    3744352 total
- age   2:    6633992 bytes,   10378344 total
: 99788K->15494K(109248K), 0,0111654 secs] 99788K->15494K(502464K), 0,0112390 secs] [Times: user=0,04 sys=0,00, real=0,01 secs] 
Heap after GC invocations=2 (full 0):
 par new generation   total 109248K, used 15494K [0x00000000e0000000, 0x00000000e8000000, 0x00000000e8000000)
  eden space 87424K,   0% used [0x00000000e0000000, 0x00000000e0000000, 0x00000000e5560000)
  from space 21824K,  70% used [0x00000000e5560000, 0x00000000e6481bc0, 0x00000000e6ab0000)
  to   space 21824K,   0% used [0x00000000e6ab0000, 0x00000000e6ab0000, 0x00000000e8000000)
 concurrent mark-sweep generation total 393216K, used 0K [0x00000000e8000000, 0x0000000100000000, 0x0000000100000000)
 Metaspace       used 20040K, capacity 20366K, committed 20736K, reserved 1067008K
  class space    used 2296K, capacity 2471K, committed 2560K, reserved 1048576K
}
2017-05-22T07:48:12.765+0200: 2,480: Total time for which application threads were stopped: 0,0153979 seconds, Stopping threads took: 0,0040116 seconds
2017-05-22T07:48:12.774+0200: 2,489: Total time for which application threads were stopped: 0,0025396 seconds, Stopping threads took: 0,0022077 seconds
2017-05-22T07:48:12.814+0200: 2,529: Total time for which application threads were stopped: 0,0021512 seconds, Stopping threads took: 0,0017632 seconds
2017-05-22T07:48:12.950+0200: 2,665: Total time for which application threads were stopped: 0,0026471 seconds, Stopping threads took: 0,0025123 seconds
{Heap before GC invocations=2 (full 0):
 par new generation   total 109248K, used 102918K [0x00000000e0000000, 0x00000000e8000000, 0x00000000e8000000)
  eden space 87424K, 100% used [0x00000000e0000000, 0x00000000e5560000, 0x00000000e5560000)
  from space 21824K,  70% used [0x00000000e5560000, 0x00000000e6481bc0, 0x00000000e6ab0000)
  to   space 21824K,   0% used [0x00000000e6ab0000, 0x00000000e6ab0000, 0x00000000e8000000)
 concurrent mark-sweep generation total 393216K, used 0K [0x00000000e8000000, 0x0000000100000000, 0x0000000100000000)
 Metaspace       used 20943K, capacity 21288K, committed 21552K, reserved 1069056K
  class space    used 2418K, capacity 2590K, committed 2608K, reserved 1048576K
2017-05-22T07:48:12.978+0200: 2,693: [GC (Allocation Failure) 2017-05-22T07:48:12.978+0200: 2,693: [ParNew
Desired survivor size 20112992 bytes, new threshold 8 (max 8)
- age   1:    2184208 bytes,    2184208 total
- age   2:     868656 bytes,    3052864 total
- age   3:    6632224 bytes,    9685088 total
: 102918K->12294K(109248K), 0,0127172 secs] 102918K->12294K(502464K), 0,0128048 secs] [Times: user=0,05 sys=0,00, real=0,02 secs] 
Heap after GC invocations=3 (full 0):
 par new generation   total 109248K, used 12294K [0x00000000e0000000, 0x00000000e8000000, 0x00000000e8000000)
  eden space 87424K,   0% used [0x00000000e0000000, 0x00000000e0000000, 0x00000000e5560000)
  from space 21824K,  56% used [0x00000000e6ab0000, 0x00000000e76b18e0, 0x00000000e8000000)
  to   space 21824K,   0% used [0x00000000e5560000, 0x00000000e5560000, 0x00000000e6ab0000)
 concurrent mark-sweep generation total 393216K, used 0K [0x00000000e8000000, 0x0000000100000000, 0x0000000100000000)
 Metaspace       used 20943K, capacity 21288K, committed 21552K, reserved 1069056K
  class space    used 2418K, capacity 2590K, committed 2608K, reserved 1048576K
}
2017-05-22T07:48:12.991+0200: 2,706: Total time for which application threads were stopped: 0,0130602 seconds, Stopping threads took: 0,0000697 seconds
2017-05-22T07:48:12.991+0200: 2,706: [GC (CMS Initial Mark) [1 CMS-initial-mark: 0K(393216K)] 12310K(502464K), 0,0042647 secs] [Times: user=0,00 sys=0,00, real=0,00 secs] 
2017-05-22T07:48:12.995+0200: 2,710: Total time for which application threads were stopped: 0,0044087 seconds, Stopping threads took: 0,0000439 seconds
2017-05-22T07:48:12.995+0200: 2,711: [CMS-concurrent-mark-start]
2017-05-22T07:48:12.996+0200: 2,711: [CMS-concurrent-mark: 0,000/0,000 secs] [Times: user=0,01 sys=0,00, real=0,00 secs] 
2017-05-22T07:48:12.996+0200: 2,711: [CMS-concurrent-preclean-start]
2017-05-22T07:48:12.997+0200: 2,712: [CMS-concurrent-preclean: 0,001/0,001 secs] [Times: user=0,00 sys=0,00, real=0,00 secs] 
2017-05-22T07:48:12.997+0200: 2,713: [GC (CMS Final Remark) [YG occupancy: 14364 K (109248 K)]2017-05-22T07:48:12.997+0200: 2,713: [Rescan (parallel) , 0,0063463 secs]2017-05-22T07:48:13.004+0200: 2,719: [weak refs processing, 0,0014578 secs]2017-05-22T07:48:13.005+0200: 2,720: [class unloading, 0,0037792 secs]2017-05-22T07:48:13.009+0200: 2,724: [scrub symbol table, 0,0049415 secs]2017-05-22T07:48:13.014+0200: 2,729: [scrub string table, 0,0005238 secs][1 CMS-remark: 0K(393216K)] 14364K(502464K), 0,0178391 secs] [Times: user=0,05 sys=0,00, real=0,02 secs] 
2017-05-22T07:48:13.015+0200: 2,730: Total time for which application threads were stopped: 0,0180027 seconds, Stopping threads took: 0,0000496 seconds
2017-05-22T07:48:13.015+0200: 2,730: [CMS-concurrent-sweep-start]
2017-05-22T07:48:13.015+0200: 2,730: [CMS-concurrent-sweep: 0,000/0,000 secs] [Times: user=0,00 sys=0,00, real=0,00 secs] 
2017-05-22T07:48:13.015+0200: 2,731: [CMS-concurrent-reset-start]
2017-05-22T07:48:13.018+0200: 2,733: [CMS-concurrent-reset: 0,002/0,002 secs] [Times: user=0,01 sys=0,00, real=0,00 secs] 
{Heap before GC invocations=3 (full 1):
 par new generation   total 109248K, used 17872K [0x00000000e0000000, 0x00000000e8000000, 0x00000000e8000000)
  eden space 87424K,   6% used [0x00000000e0000000, 0x00000000e0572940, 0x00000000e5560000)
  from space 21824K,  56% used [0x00000000e6ab0000, 0x00000000e76b18e0, 0x00000000e8000000)
  to   space 21824K,   0% used [0x00000000e5560000, 0x00000000e5560000, 0x00000000e6ab0000)
 concurrent mark-sweep generation total 393216K, used 0K [0x00000000e8000000, 0x0000000100000000, 0x0000000100000000)
 Metaspace       used 20947K, capacity 21288K, committed 21552K, reserved 1069056K
  class space    used 2418K, capacity 2590K, committed 2608K, reserved 1048576K
2017-05-22T07:48:13.022+0200: 2,737: [GC (GCLocker Initiated GC) 2017-05-22T07:48:13.022+0200: 2,737: [ParNew
Desired survivor size 20112992 bytes, new threshold 8 (max 8)
- age   1:       5040 bytes,       5040 total
- age   2:    1470552 bytes,    1475592 total
- age   3:     839424 bytes,    2315016 total
- age   4:    6631944 bytes,    8946960 total
: 17872K->10494K(109248K), 0,0134566 secs] 17872K->10494K(502464K), 0,0135549 secs] [Times: user=0,05 sys=0,00, real=0,01 secs] 
Heap after GC invocations=4 (full 1):
 par new generation   total 109248K, used 10494K [0x00000000e0000000, 0x00000000e8000000, 0x00000000e8000000)
  eden space 87424K,   0% used [0x00000000e0000000, 0x00000000e0000000, 0x00000000e5560000)
  from space 21824K,  48% used [0x00000000e5560000, 0x00000000e5f9fb18, 0x00000000e6ab0000)
  to   space 21824K,   0% used [0x00000000e6ab0000, 0x00000000e6ab0000, 0x00000000e8000000)
 concurrent mark-sweep generation total 393216K, used 0K [0x00000000e8000000, 0x0000000100000000, 0x0000000100000000)
 Metaspace       used 20947K, capacity 21288K, committed 21552K, reserved 1069056K
  class space    used 2418K, capacity 2590K, committed 2608K, reserved 1048576K
}
2017-05-22T07:48:13.036+0200: 2,751: Total time for which application threads were stopped: 0,0137492 seconds, Stopping threads took: 0,0000255 seconds
{Heap before GC invocations=4 (full 1):
 par new generation   total 109248K, used 97918K [0x00000000e0000000, 0x00000000e8000000, 0x00000000e8000000)
  eden space 87424K, 100% used [0x00000000e0000000, 0x00000000e5560000, 0x00000000e5560000)
  from space 21824K,  48% used [0x00000000e5560000, 0x00000000e5f9fb18, 0x00000000e6ab0000)
  to   space 21824K,   0% used [0x00000000e6ab0000, 0x00000000e6ab0000, 0x00000000e8000000)
 concurrent mark-sweep generation total 393216K, used 0K [0x00000000e8000000, 0x0000000100000000, 0x0000000100000000)
 Metaspace       used 21188K, capacity 21558K, committed 21808K, reserved 1069056K
  class space    used 2448K, capacity 2604K, committed 2608K, reserved 1048576K
2017-05-22T07:48:13.126+0200: 2,841: [GC (Allocation Failure) 2017-05-22T07:48:13.126+0200: 2,841: [ParNew
Desired survivor size 20112992 bytes, new threshold 8 (max 8)
- age   1:    1322720 bytes,    1322720 total
- age   2:       2784 bytes,    1325504 total
- age   3:    1467240 bytes,    2792744 total
- age   4:     835280 bytes,    3628024 total
- age   5:    6632400 bytes,   10260424 total
: 97918K->13508K(109248K), 0,0116526 secs] 97918K->13508K(502464K), 0,0117459 secs] [Times: user=0,03 sys=0,00, real=0,01 secs] 
Heap after GC invocations=5 (full 1):
 par new generation   total 109248K, used 13508K [0x00000000e0000000, 0x00000000e8000000, 0x00000000e8000000)
  eden space 87424K,   0% used [0x00000000e0000000, 0x00000000e0000000, 0x00000000e5560000)
  from space 21824K,  61% used [0x00000000e6ab0000, 0x00000000e77e1170, 0x00000000e8000000)
  to   space 21824K,   0% used [0x00000000e5560000, 0x00000000e5560000, 0x00000000e6ab0000)
 concurrent mark-sweep generation total 393216K, used 0K [0x00000000e8000000, 0x0000000100000000, 0x0000000100000000)
 Metaspace       used 21188K, capacity 21558K, committed 21808K, reserved 1069056K
  class space    used 2448K, capacity 2604K, committed 2608K, reserved 1048576K
}
2017-05-22T07:48:13.138+0200: 2,853: Total time for which application threads were stopped: 0,0119976 seconds, Stopping threads took: 0,0000656 seconds
{Heap before GC invocations=5 (full 1):
 par new generation   total 109248K, used 100932K [0x00000000e0000000, 0x00000000e8000000, 0x00000000e8000000)
  eden space 87424K, 100% used [0x00000000e0000000, 0x00000000e5560000, 0x00000000e5560000)
  from space 21824K,  61% used [0x00000000e6ab0000, 0x00000000e77e1170, 0x00000000e8000000)
  to   space 21824K,   0% used [0x00000000e5560000, 0x00000000e5560000, 0x00000000e6ab0000)
 concurrent mark-sweep generation total 393216K, used 0K [0x00000000e8000000, 0x0000000100000000, 0x0000000100000000)
 Metaspace       used 21497K, capacity 21858K, committed 22192K, reserved 1069056K
  class space    used 2485K, capacity 2638K, committed 2736K, reserved 1048576K
2017-05-22T07:48:13.265+0200: 2,980: [GC (Allocation Failure) 2017-05-22T07:48:13.265+0200: 2,980: [ParNew
Desired survivor size 20112992 bytes, new threshold 8 (max 8)
- age   1:     521504 bytes,     521504 total
- age   2:     191096 bytes,     712600 total
- age   3:       2568 bytes,     715168 total
- age   4:    1072656 bytes,    1787824 total
- age   5:     833264 bytes,    2621088 total
- age   6:    6632080 bytes,    9253168 total
: 100932K->12795K(109248K), 0,0109127 secs] 100932K->12795K(502464K), 0,0109893 secs] [Times: user=0,04 sys=0,00, real=0,01 secs] 
Heap after GC invocations=6 (full 1):
 par new generation   total 109248K, used 12795K [0x00000000e0000000, 0x00000000e8000000, 0x00000000e8000000)
  eden space 87424K,   0% used [0x00000000e0000000, 0x00000000e0000000, 0x00000000e5560000)
  from space 21824K,  58% used [0x00000000e5560000, 0x00000000e61defd8, 0x00000000e6ab0000)
  to   space 21824K,   0% used [0x00000000e6ab0000, 0x00000000e6ab0000, 0x00000000e8000000)
 concurrent mark-sweep generation total 393216K, used 0K [0x00000000e8000000, 0x0000000100000000, 0x0000000100000000)
 Metaspace       used 21497K, capacity 21858K, committed 22192K, reserved 1069056K
  class space    used 2485K, capacity 2638K, committed 2736K, reserved 1048576K
}
2017-05-22T07:48:13.276+0200: 2,991: Total time for which application threads were stopped: 0,0113542 seconds, Stopping threads took: 0,0002090 seconds
2017-05-22T07:48:13.295+0200: 3,010: Total time for which application threads were stopped: 0,0003732 seconds, Stopping threads took: 0,0000236 seconds
2017-05-22T07:48:13.544+0200: 3,260: Total time for which application threads were stopped: 0,0005006 seconds, Stopping threads took: 0,0000516 seconds
2017-05-22T07:48:13.582+0200: 3,297: Total time for which application threads were stopped: 0,0005020 seconds, Stopping threads took: 0,0000486 seconds
2017-05-22T07:48:13.598+0200: 3,314: Total time for which application threads were stopped: 0,0003994 seconds, Stopping threads took: 0,0000322 seconds
{Heap before GC invocations=6 (full 1):
 par new generation   total 109248K, used 100219K [0x00000000e0000000, 0x00000000e8000000, 0x00000000e8000000)
  eden space 87424K, 100% used [0x00000000e0000000, 0x00000000e5560000, 0x00000000e5560000)
  from space 21824K,  58% used [0x00000000e5560000, 0x00000000e61defd8, 0x00000000e6ab0000)
  to   space 21824K,   0% used [0x00000000e6ab0000, 0x00000000e6ab0000, 0x00000000e8000000)
 concurrent mark-sweep generation total 393216K, used 0K [0x00000000e8000000, 0x0000000100000000, 0x0000000100000000)
 Metaspace       used 23929K, capacity 24384K, committed 24624K, reserved 1071104K
  class space    used 2821K, capacity 3011K, committed 3120K, reserved 1048576K
2017-05-22T07:48:13.756+0200: 3,472: [GC (Allocation Failure) 2017-05-22T07:48:13.757+0200: 3,472: [ParNew
Desired survivor size 20112992 bytes, new threshold 8 (max 8)
- age   1:    5251824 bytes,    5251824 total
- age   2:     149496 bytes,    5401320 total
- age   3:     190032 bytes,    5591352 total
- age   4:       2520 bytes,    5593872 total
- age   5:     291824 bytes,    5885696 total
- age   6:     809032 bytes,    6694728 total
- age   7:    6623792 bytes,   13318520 total
: 100219K->15633K(109248K), 0,0162875 secs] 100219K->15633K(502464K), 0,0163641 secs] [Times: user=0,06 sys=0,00, real=0,02 secs] 
Heap after GC invocations=7 (full 1):
 par new generation   total 109248K, used 15633K [0x00000000e0000000, 0x00000000e8000000, 0x00000000e8000000)
  eden space 87424K,   0% used [0x00000000e0000000, 0x00000000e0000000, 0x00000000e5560000)
  from space 21824K,  71% used [0x00000000e6ab0000, 0x00000000e79f4610, 0x00000000e8000000)
  to   space 21824K,   0% used [0x00000000e5560000, 0x00000000e5560000, 0x00000000e6ab0000)
 concurrent mark-sweep generation total 393216K, used 0K [0x00000000e8000000, 0x0000000100000000, 0x0000000100000000)
 Metaspace       used 23929K, capacity 24384K, committed 24624K, reserved 1071104K
  class space    used 2821K, capacity 3011K, committed 3120K, reserved 1048576K
}
2017-05-22T07:48:13.773+0200: 3,488: Total time for which application threads were stopped: 0,0166984 seconds, Stopping threads took: 0,0001114 seconds
{Heap before GC invocations=7 (full 1):
 par new generation   total 109248K, used 103057K [0x00000000e0000000, 0x00000000e8000000, 0x00000000e8000000)
  eden space 87424K, 100% used [0x00000000e0000000, 0x00000000e5560000, 0x00000000e5560000)
  from space 21824K,  71% used [0x00000000e6ab0000, 0x00000000e79f4610, 0x00000000e8000000)
  to   space 21824K,   0% used [0x00000000e5560000, 0x00000000e5560000, 0x00000000e6ab0000)
 concurrent mark-sweep generation total 393216K, used 0K [0x00000000e8000000, 0x0000000100000000, 0x0000000100000000)
 Metaspace       used 24430K, capacity 24934K, committed 25136K, reserved 1071104K
  class space    used 2859K, capacity 3044K, committed 3120K, reserved 1048576K
2017-05-22T07:48:13.877+0200: 3,592: [GC (Allocation Failure) 2017-05-22T07:48:13.877+0200: 3,592: [ParNew
Desired survivor size 20112992 bytes, new threshold 8 (max 8)
- age   1:    1656224 bytes,    1656224 total
- age   2:    1772184 bytes,    3428408 total
- age   3:      75456 bytes,    3503864 total
- age   4:     100744 bytes,    3604608 total
- age   5:       1328 bytes,    3605936 total
- age   6:     188040 bytes,    3793976 total
- age   7:     775448 bytes,    4569424 total
- age   8:    6089424 bytes,   10658848 total
: 103057K->16436K(109248K), 0,0119487 secs] 103057K->16436K(502464K), 0,0120494 secs] [Times: user=0,04 sys=0,00, real=0,01 secs] 
Heap after GC invocations=8 (full 1):
 par new generation   total 109248K, used 16436K [0x00000000e0000000, 0x00000000e8000000, 0x00000000e8000000)
  eden space 87424K,   0% used [0x00000000e0000000, 0x00000000e0000000, 0x00000000e5560000)
  from space 21824K,  75% used [0x00000000e5560000, 0x00000000e656d040, 0x00000000e6ab0000)
  to   space 21824K,   0% used [0x00000000e6ab0000, 0x00000000e6ab0000, 0x00000000e8000000)
 concurrent mark-sweep generation total 393216K, used 0K [0x00000000e8000000, 0x0000000100000000, 0x0000000100000000)
 Metaspace       used 24430K, capacity 24934K, committed 25136K, reserved 1071104K
  class space    used 2859K, capacity 3044K, committed 3120K, reserved 1048576K
}
2017-05-22T07:48:13.889+0200: 3,604: Total time for which application threads were stopped: 0,0123611 seconds, Stopping threads took: 0,0001025 seconds
{Heap before GC invocations=8 (full 1):
 par new generation   total 109248K, used 103860K [0x00000000e0000000, 0x00000000e8000000, 0x00000000e8000000)
  eden space 87424K, 100% used [0x00000000e0000000, 0x00000000e5560000, 0x00000000e5560000)
  from space 21824K,  75% used [0x00000000e5560000, 0x00000000e656d040, 0x00000000e6ab0000)
  to   space 21824K,   0% used [0x00000000e6ab0000, 0x00000000e6ab0000, 0x00000000e8000000)
 concurrent mark-sweep generation total 393216K, used 0K [0x00000000e8000000, 0x0000000100000000, 0x0000000100000000)
 Metaspace       used 24621K, capacity 25120K, committed 25392K, reserved 1071104K
  class space    used 2879K, capacity 3081K, committed 3120K, reserved 1048576K
2017-05-22T07:48:14.017+0200: 3,732: [GC (Allocation Failure) 2017-05-22T07:48:14.017+0200: 3,732: [ParNew
Desired survivor size 20112992 bytes, new threshold 8 (max 8)
- age   1:    1108408 bytes,    1108408 total
- age   2:     604448 bytes,    1712856 total
- age   3:    1749896 bytes,    3462752 total
- age   4:      75424 bytes,    3538176 total
- age   5:     100576 bytes,    3638752 total
- age   6:       1328 bytes,    3640080 total
- age   7:     185240 bytes,    3825320 total
- age   8:     774680 bytes,    4600000 total
: 103860K->8012K(109248K), 0,0460799 secs] 103860K->14039K(502464K), 0,0461458 secs] [Times: user=0,11 sys=0,00, real=0,05 secs] 
Heap after GC invocations=9 (full 1):
 par new generation   total 109248K, used 8012K [0x00000000e0000000, 0x00000000e8000000, 0x00000000e8000000)
  eden space 87424K,   0% used [0x00000000e0000000, 0x00000000e0000000, 0x00000000e5560000)
  from space 21824K,  36% used [0x00000000e6ab0000, 0x00000000e7283160, 0x00000000e8000000)
  to   space 21824K,   0% used [0x00000000e5560000, 0x00000000e5560000, 0x00000000e6ab0000)
 concurrent mark-sweep generation total 393216K, used 6026K [0x00000000e8000000, 0x0000000100000000, 0x0000000100000000)
 Metaspace       used 24621K, capacity 25120K, committed 25392K, reserved 1071104K
  class space    used 2879K, capacity 3081K, committed 3120K, reserved 1048576K
}
2017-05-22T07:48:14.063+0200: 3,778: Total time for which application threads were stopped: 0,0463990 seconds, Stopping threads took: 0,0000650 seconds
2017-05-22T07:48:14.345+0200: 4,060: Total time for which application threads were stopped: 0,0004672 seconds, Stopping threads took: 0,0001456 seconds
2017-05-22T07:48:14.347+0200: 4,063: Total time for which application threads were stopped: 0,0004174 seconds, Stopping threads took: 0,0003397 seconds
2017-05-22T07:48:14.349+0200: 4,064: Total time for which application threads were stopped: 0,0000913 seconds, Stopping threads took: 0,0000223 seconds
2017-05-22T07:48:14.349+0200: 4,065: Total time for which application threads were stopped: 0,0000717 seconds, Stopping threads took: 0,0000147 seconds
2017-05-22T07:48:14.351+0200: 4,067: Total time for which application threads were stopped: 0,0000953 seconds, Stopping threads took: 0,0000215 seconds
2017-05-22T07:48:14.361+0200: 4,077: Total time for which application threads were stopped: 0,0001619 seconds, Stopping threads took: 0,0000775 seconds
2017-05-22T07:48:14.362+0200: 4,077: Total time for which application threads were stopped: 0,0000752 seconds, Stopping threads took: 0,0000238 seconds
2017-05-22T07:48:14.371+0200: 4,086: Total time for which application threads were stopped: 0,0004994 seconds, Stopping threads took: 0,0000572 seconds
2017-05-22T07:48:14.373+0200: 4,088: Total time for which application threads were stopped: 0,0001219 seconds, Stopping threads took: 0,0000358 seconds
2017-05-22T07:48:14.378+0200: 4,093: Total time for which application threads were stopped: 0,0031040 seconds, Stopping threads took: 0,0030267 seconds
2017-05-22T07:48:14.390+0200: 4,106: Total time for which application threads were stopped: 0,0005175 seconds, Stopping threads took: 0,0000461 seconds
2017-05-22T07:48:14.395+0200: 4,110: Total time for which application threads were stopped: 0,0001870 seconds, Stopping threads took: 0,0000621 seconds
2017-05-22T07:48:14.396+0200: 4,111: Total time for which application threads were stopped: 0,0001387 seconds, Stopping threads took: 0,0000413 seconds
2017-05-22T07:48:14.400+0200: 4,115: Total time for which application threads were stopped: 0,0001367 seconds, Stopping threads took: 0,0000367 seconds
2017-05-22T07:48:14.405+0200: 4,120: Total time for which application threads were stopped: 0,0001298 seconds, Stopping threads took: 0,0000350 seconds
2017-05-22T07:48:14.433+0200: 4,148: Total time for which application threads were stopped: 0,0003953 seconds, Stopping threads took: 0,0002862 seconds
2017-05-22T07:48:14.437+0200: 4,153: Total time for which application threads were stopped: 0,0001251 seconds, Stopping threads took: 0,0000358 seconds
2017-05-22T07:48:14.439+0200: 4,154: Total time for which application threads were stopped: 0,0000892 seconds, Stopping threads took: 0,0000200 seconds
2017-05-22T07:48:14.440+0200: 4,155: Total time for which application threads were stopped: 0,0000913 seconds, Stopping threads took: 0,0000221 seconds
2017-05-22T07:48:14.444+0200: 4,159: Total time for which application threads were stopped: 0,0004323 seconds, Stopping threads took: 0,0000414 seconds
2017-05-22T07:48:14.445+0200: 4,160: Total time for which application threads were stopped: 0,0001239 seconds, Stopping threads took: 0,0000467 seconds
2017-05-22T07:48:14.446+0200: 4,161: Total time for which application threads were stopped: 0,0001565 seconds, Stopping threads took: 0,0000855 seconds
2017-05-22T07:48:14.446+0200: 4,161: Total time for which application threads were stopped: 0,0000869 seconds, Stopping threads took: 0,0000288 seconds
2017-05-22T07:48:14.446+0200: 4,162: Total time for which application threads were stopped: 0,0000902 seconds, Stopping threads took: 0,0000265 seconds
2017-05-22T07:48:14.455+0200: 4,170: Total time for which application threads were stopped: 0,0000905 seconds, Stopping threads took: 0,0000230 seconds
2017-05-22T07:48:14.455+0200: 4,170: Total time for which application threads were stopped: 0,0001897 seconds, Stopping threads took: 0,0000208 seconds
2017-05-22T07:48:14.466+0200: 4,181: Total time for which application threads were stopped: 0,0034604 seconds, Stopping threads took: 0,0033784 seconds
2017-05-22T07:48:14.467+0200: 4,182: Total time for which application threads were stopped: 0,0001120 seconds, Stopping threads took: 0,0000442 seconds
2017-05-22T07:48:14.467+0200: 4,183: Total time for which application threads were stopped: 0,0001204 seconds, Stopping threads took: 0,0000466 seconds
2017-05-22T07:48:14.468+0200: 4,183: Total time for which application threads were stopped: 0,0000986 seconds, Stopping threads took: 0,0000307 seconds
2017-05-22T07:48:14.470+0200: 4,185: Total time for which application threads were stopped: 0,0001227 seconds, Stopping threads took: 0,0000459 seconds
2017-05-22T07:48:14.474+0200: 4,189: Total time for which application threads were stopped: 0,0002797 seconds, Stopping threads took: 0,0001889 seconds
2017-05-22T07:48:14.475+0200: 4,190: Total time for which application threads were stopped: 0,0002881 seconds, Stopping threads took: 0,0002087 seconds
2017-05-22T07:48:14.475+0200: 4,190: Total time for which application threads were stopped: 0,0001082 seconds, Stopping threads took: 0,0000219 seconds
2017-05-22T07:48:14.475+0200: 4,190: Total time for which application threads were stopped: 0,0001078 seconds, Stopping threads took: 0,0000297 seconds
2017-05-22T07:48:14.475+0200: 4,190: Total time for which application threads were stopped: 0,0001243 seconds, Stopping threads took: 0,0000449 seconds
2017-05-22T07:48:14.475+0200: 4,191: Total time for which application threads were stopped: 0,0000830 seconds, Stopping threads took: 0,0000222 seconds
2017-05-22T07:48:14.476+0200: 4,191: Total time for which application threads were stopped: 0,0001026 seconds, Stopping threads took: 0,0000225 seconds
2017-05-22T07:48:14.476+0200: 4,191: Total time for which application threads were stopped: 0,0001583 seconds, Stopping threads took: 0,0000697 seconds
2017-05-22T07:48:14.476+0200: 4,191: Total time for which application threads were stopped: 0,0001075 seconds, Stopping threads took: 0,0000222 seconds
2017-05-22T07:48:14.478+0200: 4,193: Total time for which application threads were stopped: 0,0015974 seconds, Stopping threads took: 0,0015196 seconds
2017-05-22T07:48:14.478+0200: 4,193: Total time for which application threads were stopped: 0,0001096 seconds, Stopping threads took: 0,0000343 seconds
2017-05-22T07:48:14.478+0200: 4,194: Total time for which application threads were stopped: 0,0001819 seconds, Stopping threads took: 0,0001254 seconds
2017-05-22T07:48:14.478+0200: 4,194: Total time for which application threads were stopped: 0,0000608 seconds, Stopping threads took: 0,0000206 seconds
2017-05-22T07:48:14.479+0200: 4,194: Total time for which application threads were stopped: 0,0000631 seconds, Stopping threads took: 0,0000236 seconds
2017-05-22T07:48:14.479+0200: 4,194: Total time for which application threads were stopped: 0,0001899 seconds, Stopping threads took: 0,0000290 seconds
2017-05-22T07:48:14.482+0200: 4,197: Total time for which application threads were stopped: 0,0001762 seconds, Stopping threads took: 0,0000775 seconds
2017-05-22T07:48:14.488+0200: 4,203: Total time for which application threads were stopped: 0,0001275 seconds, Stopping threads took: 0,0000464 seconds
2017-05-22T07:48:14.489+0200: 4,204: Total time for which application threads were stopped: 0,0001910 seconds, Stopping threads took: 0,0000948 seconds
2017-05-22T07:48:14.529+0200: 4,244: Total time for which application threads were stopped: 0,0001554 seconds, Stopping threads took: 0,0000564 seconds
2017-05-22T07:48:14.565+0200: 4,280: Total time for which application threads were stopped: 0,0005164 seconds, Stopping threads took: 0,0000530 seconds
2017-05-22T07:48:15.565+0200: 5,280: Total time for which application threads were stopped: 0,0000778 seconds, Stopping threads took: 0,0000187 seconds
{Heap before GC invocations=9 (full 1):
 par new generation   total 109248K, used 95436K [0x00000000e0000000, 0x00000000e8000000, 0x00000000e8000000)
  eden space 87424K, 100% used [0x00000000e0000000, 0x00000000e5560000, 0x00000000e5560000)
  from space 21824K,  36% used [0x00000000e6ab0000, 0x00000000e7283160, 0x00000000e8000000)
  to   space 21824K,   0% used [0x00000000e5560000, 0x00000000e5560000, 0x00000000e6ab0000)
 concurrent mark-sweep generation total 393216K, used 6026K [0x00000000e8000000, 0x0000000100000000, 0x0000000100000000)
 Metaspace       used 27983K, capacity 28490K, committed 28848K, reserved 1075200K
  class space    used 3213K, capacity 3390K, committed 3504K, reserved 1048576K
2017-05-22T07:48:17.161+0200: 6,876: [GC (Allocation Failure) 2017-05-22T07:48:17.161+0200: 6,876: [ParNew
Desired survivor size 20112992 bytes, new threshold 8 (max 8)
- age   1:   10802968 bytes,   10802968 total
- age   2:     525624 bytes,   11328592 total
- age   3:     213592 bytes,   11542184 total
- age   4:    1743944 bytes,   13286128 total
- age   5:      75336 bytes,   13361464 total
- age   6:      97904 bytes,   13459368 total
- age   7:       1328 bytes,   13460696 total
- age   8:     184616 bytes,   13645312 total
: 95436K->14365K(109248K), 0,0140044 secs] 101463K->21240K(502464K), 0,0140778 secs] [Times: user=0,05 sys=0,00, real=0,02 secs] 
Heap after GC invocations=10 (full 1):
 par new generation   total 109248K, used 14365K [0x00000000e0000000, 0x00000000e8000000, 0x00000000e8000000)
  eden space 87424K,   0% used [0x00000000e0000000, 0x00000000e0000000, 0x00000000e5560000)
  from space 21824K,  65% used [0x00000000e5560000, 0x00000000e6367680, 0x00000000e6ab0000)
  to   space 21824K,   0% used [0x00000000e6ab0000, 0x00000000e6ab0000, 0x00000000e8000000)
 concurrent mark-sweep generation total 393216K, used 6874K [0x00000000e8000000, 0x0000000100000000, 0x0000000100000000)
 Metaspace       used 27983K, capacity 28490K, committed 28848K, reserved 1075200K
  class space    used 3213K, capacity 3390K, committed 3504K, reserved 1048576K
}
2017-05-22T07:48:17.175+0200: 6,890: Total time for which application threads were stopped: 0,0142055 seconds, Stopping threads took: 0,0000149 seconds
2017-05-22T07:48:17.175+0200: 6,890: Total time for which application threads were stopped: 0,0000583 seconds, Stopping threads took: 0,0000181 seconds
2017-05-22T07:48:17.178+0200: 6,893: Total time for which application threads were stopped: 0,0000715 seconds, Stopping threads took: 0,0000200 seconds
2017-05-22T07:49:31.774+0200: 81,902: Total time for which application threads were stopped: 0,0001009 seconds, Stopping threads took: 0,0000244 seconds
2017-05-22T07:50:06.778+0200: 116,906: Total time for which application threads were stopped: 0,0001357 seconds, Stopping threads took: 0,0000574 seconds
2017-05-22T07:50:11.779+0200: 121,907: Total time for which application threads were stopped: 0,0003773 seconds, Stopping threads took: 0,0000936 seconds
2017-05-22T07:52:46.796+0200: 276,924: Total time for which application threads were stopped: 0,0003125 seconds, Stopping threads took: 0,0000703 seconds
2017-05-22T08:11:35.936+0200: 1406,064: Total time for which application threads were stopped: 0,0001143 seconds, Stopping threads took: 0,0000388 seconds
2017-05-22T08:16:41.971+0200: 1712,099: Total time for which application threads were stopped: 0,0000903 seconds, Stopping threads took: 0,0000350 seconds
2017-05-22T08:26:31.040+0200: 2301,168: Total time for which application threads were stopped: 0,0000770 seconds, Stopping threads took: 0,0000279 seconds
2017-05-22T08:26:32.041+0200: 2302,168: Total time for which application threads were stopped: 0,0000665 seconds, Stopping threads took: 0,0000143 seconds
2017-05-22T08:41:27.147+0200: 3197,275: Total time for which application threads were stopped: 0,0000915 seconds, Stopping threads took: 0,0000347 seconds
2017-05-22T08:50:42.210+0200: 3752,338: Total time for which application threads were stopped: 0,0000920 seconds, Stopping threads took: 0,0000329 seconds
2017-05-22T08:52:26.225+0200: 3856,353: Total time for which application threads were stopped: 0,0001084 seconds, Stopping threads took: 0,0000348 seconds
2017-05-22T08:52:31.226+0200: 3861,354: Total time for which application threads were stopped: 0,0001062 seconds, Stopping threads took: 0,0000247 seconds
2017-05-22T08:54:06.236+0200: 3956,364: Total time for which application threads were stopped: 0,0001226 seconds, Stopping threads took: 0,0000339 seconds
2017-05-22T09:04:02.306+0200: 4552,434: Total time for which application threads were stopped: 0,0000778 seconds, Stopping threads took: 0,0000300 seconds
2017-05-22T09:25:22.460+0200: 5832,588: Total time for which application threads were stopped: 0,0005380 seconds, Stopping threads took: 0,0001918 seconds
2017-05-22T09:32:32.504+0200: 6262,632: Total time for which application threads were stopped: 0,0000829 seconds, Stopping threads took: 0,0000318 seconds
2017-05-22T09:50:11.617+0200: 7321,744: Total time for which application threads were stopped: 0,0000791 seconds, Stopping threads took: 0,0000295 seconds
2017-05-22T09:56:11.656+0200: 7681,783: Total time for which application threads were stopped: 0,0003125 seconds, Stopping threads took: 0,0001618 seconds
2017-05-22T10:11:31.278+0200: 8601,405: Total time for which application threads were stopped: 0,0000962 seconds, Stopping threads took: 0,0000238 seconds
2017-05-22T10:11:31.280+0200: 8601,407: Total time for which application threads were stopped: 0,0001015 seconds, Stopping threads took: 0,0000230 seconds
2017-05-22T10:11:31.288+0200: 8601,415: Total time for which application threads were stopped: 0,0045258 seconds, Stopping threads took: 0,0044413 seconds
2017-05-22T10:11:31.290+0200: 8601,417: Total time for which application threads were stopped: 0,0001136 seconds, Stopping threads took: 0,0000286 seconds
2017-05-22T10:11:31.294+0200: 8601,421: Total time for which application threads were stopped: 0,0023326 seconds, Stopping threads took: 0,0022273 seconds
2017-05-22T10:11:31.299+0200: 8601,427: Total time for which application threads were stopped: 0,0010828 seconds, Stopping threads took: 0,0009868 seconds
2017-05-22T10:11:31.300+0200: 8601,428: Total time for which application threads were stopped: 0,0000910 seconds, Stopping threads took: 0,0000165 seconds
2017-05-22T10:11:31.303+0200: 8601,431: Total time for which application threads were stopped: 0,0001306 seconds, Stopping threads took: 0,0000291 seconds
2017-05-22T10:11:31.315+0200: 8601,442: Total time for which application threads were stopped: 0,0001076 seconds, Stopping threads took: 0,0000194 seconds
2017-05-22T10:11:31.334+0200: 8601,462: Total time for which application threads were stopped: 0,0001644 seconds, Stopping threads took: 0,0000874 seconds
2017-05-22T10:11:31.344+0200: 8601,472: Total time for which application threads were stopped: 0,0001028 seconds, Stopping threads took: 0,0000242 seconds
2017-05-22T10:11:31.347+0200: 8601,474: Total time for which application threads were stopped: 0,0011699 seconds, Stopping threads took: 0,0010829 seconds
2017-05-22T10:11:31.351+0200: 8601,478: Total time for which application threads were stopped: 0,0015596 seconds, Stopping threads took: 0,0014679 seconds
2017-05-22T10:11:31.351+0200: 8601,479: Total time for which application threads were stopped: 0,0005069 seconds, Stopping threads took: 0,0004388 seconds
2017-05-22T10:11:31.351+0200: 8601,479: Total time for which application threads were stopped: 0,0000603 seconds, Stopping threads took: 0,0000277 seconds
2017-05-22T10:11:31.351+0200: 8601,479: Total time for which application threads were stopped: 0,0000433 seconds, Stopping threads took: 0,0000147 seconds
2017-05-22T10:11:31.352+0200: 8601,479: Total time for which application threads were stopped: 0,0000382 seconds, Stopping threads took: 0,0000105 seconds
2017-05-22T10:11:31.352+0200: 8601,479: Total time for which application threads were stopped: 0,0000379 seconds, Stopping threads took: 0,0000102 seconds
2017-05-22T10:11:31.356+0200: 8601,484: Total time for which application threads were stopped: 0,0042509 seconds, Stopping threads took: 0,0041789 seconds
2017-05-22T10:11:31.357+0200: 8601,485: Total time for which application threads were stopped: 0,0008217 seconds, Stopping threads took: 0,0007380 seconds
2017-05-22T10:11:31.357+0200: 8601,485: Total time for which application threads were stopped: 0,0000653 seconds, Stopping threads took: 0,0000199 seconds
2017-05-22T10:11:31.358+0200: 8601,485: Total time for which application threads were stopped: 0,0000518 seconds, Stopping threads took: 0,0000159 seconds
2017-05-22T10:11:31.364+0200: 8601,491: Total time for which application threads were stopped: 0,0007916 seconds, Stopping threads took: 0,0007054 seconds
2017-05-22T10:11:31.365+0200: 8601,492: Total time for which application threads were stopped: 0,0000906 seconds, Stopping threads took: 0,0000278 seconds
2017-05-22T10:11:31.365+0200: 8601,492: Total time for which application threads were stopped: 0,0000643 seconds, Stopping threads took: 0,0000196 seconds
2017-05-22T10:11:31.365+0200: 8601,493: Total time for which application threads were stopped: 0,0000704 seconds, Stopping threads took: 0,0000222 seconds
2017-05-22T10:11:31.365+0200: 8601,493: Total time for which application threads were stopped: 0,0000519 seconds, Stopping threads took: 0,0000138 seconds
2017-05-22T10:11:31.366+0200: 8601,493: Total time for which application threads were stopped: 0,0000850 seconds, Stopping threads took: 0,0000247 seconds
2017-05-22T10:11:31.366+0200: 8601,493: Total time for which application threads were stopped: 0,0000627 seconds, Stopping threads took: 0,0000182 seconds
2017-05-22T10:11:31.366+0200: 8601,494: Total time for which application threads were stopped: 0,0001079 seconds, Stopping threads took: 0,0000207 seconds
2017-05-22T10:11:31.366+0200: 8601,494: Total time for which application threads were stopped: 0,0000798 seconds, Stopping threads took: 0,0000155 seconds
2017-05-22T10:11:31.367+0200: 8601,494: Total time for which application threads were stopped: 0,0000585 seconds, Stopping threads took: 0,0000186 seconds
2017-05-22T10:11:31.367+0200: 8601,494: Total time for which application threads were stopped: 0,0000718 seconds, Stopping threads took: 0,0000195 seconds
2017-05-22T10:11:31.367+0200: 8601,495: Total time for which application threads were stopped: 0,0000573 seconds, Stopping threads took: 0,0000154 seconds
2017-05-22T10:11:31.367+0200: 8601,495: Total time for which application threads were stopped: 0,0000726 seconds, Stopping threads took: 0,0000370 seconds
2017-05-22T10:11:31.368+0200: 8601,495: Total time for which application threads were stopped: 0,0000751 seconds, Stopping threads took: 0,0000215 seconds
2017-05-22T10:11:31.368+0200: 8601,495: Total time for which application threads were stopped: 0,0000669 seconds, Stopping threads took: 0,0000193 seconds
2017-05-22T10:11:31.368+0200: 8601,495: Total time for which application threads were stopped: 0,0001968 seconds, Stopping threads took: 0,0000156 seconds
2017-05-22T10:11:31.368+0200: 8601,496: Total time for which application threads were stopped: 0,0000861 seconds, Stopping threads took: 0,0000267 seconds
2017-05-22T10:11:31.370+0200: 8601,498: Total time for which application threads were stopped: 0,0001473 seconds, Stopping threads took: 0,0000378 seconds
2017-05-22T10:11:31.373+0200: 8601,500: Total time for which application threads were stopped: 0,0000940 seconds, Stopping threads took: 0,0000261 seconds
2017-05-22T10:11:31.373+0200: 8601,501: Total time for which application threads were stopped: 0,0001115 seconds, Stopping threads took: 0,0000221 seconds
Heap
 par new generation   total 109248K, used 39958K [0x00000000e0000000, 0x00000000e8000000, 0x00000000e8000000)
  eden space 87424K,  29% used [0x00000000e0000000, 0x00000000e18fe3f0, 0x00000000e5560000)
  from space 21824K,  65% used [0x00000000e5560000, 0x00000000e6367680, 0x00000000e6ab0000)
  to   space 21824K,   0% used [0x00000000e6ab0000, 0x00000000e6ab0000, 0x00000000e8000000)
 concurrent mark-sweep generation total 393216K, used 6874K [0x00000000e8000000, 0x0000000100000000, 0x0000000100000000)
 Metaspace       used 28133K, capacity 28726K, committed 29104K, reserved 1075200K
  class space    used 3227K, capacity 3424K, committed 3504K, reserved 1048576K
