OpenJDK 64-Bit Server VM (25.91-b14) for linux-amd64 JRE (1.8.0_91-8u91-b14-3ubuntu1~16.04.1-b14), built on Jul 21 2016 04:13:34 by "buildd" with gcc 5.3.1 20160413
Memory: 4k page, physical 7867876k(7561544k free), swap 8076284k(8076284k free)
CommandLine flags: -XX:CMSInitiatingOccupancyFraction=50 -XX:CMSMaxAbortablePrecleanTime=6000 -XX:+CMSParallelRemarkEnabled -XX:+CMSScavengeBeforeRemark -XX:ConcGCThreads=4 -XX:InitialHeapSize=536870912 -XX:MaxHeapSize=536870912 -XX:MaxTenuringThreshold=8 -XX:NewRatio=3 -XX:OldPLABSize=16 -XX:OnOutOfMemoryError=/opt/solr/bin/oom_solr.sh 8983 /var/solr/logs -XX:ParallelGCThreads=4 -XX:+ParallelRefProcEnabled -XX:PretenureSizeThreshold=67108864 -XX:+PrintGC -XX:+PrintGCApplicationStoppedTime -XX:+PrintGCDateStamps -XX:+PrintGCDetails -XX:+PrintGCTimeStamps -XX:+PrintHeapAtGC -XX:+PrintTenuringDistribution -XX:SurvivorRatio=4 -XX:TargetSurvivorRatio=90 -XX:ThreadStackSize=256 -XX:+UseCMSInitiatingOccupancyOnly -XX:+UseCompressedClassPointers -XX:+UseCompressedOops -XX:+UseConcMarkSweepGC -XX:+UseParNewGC 
2016-10-28T16:03:54.647+0200: 0,116: Total time for which application threads were stopped: 0,0000739 seconds, Stopping threads took: 0,0000213 seconds
2016-10-28T16:03:54.709+0200: 0,178: Total time for which application threads were stopped: 0,0000909 seconds, Stopping threads took: 0,0000236 seconds
2016-10-28T16:03:54.722+0200: 0,191: Total time for which application threads were stopped: 0,0000720 seconds, Stopping threads took: 0,0000093 seconds
2016-10-28T16:03:54.870+0200: 0,339: Total time for which application threads were stopped: 0,0001413 seconds, Stopping threads took: 0,0000300 seconds
2016-10-28T16:03:55.093+0200: 0,562: Total time for which application threads were stopped: 0,0001409 seconds, Stopping threads took: 0,0000225 seconds
2016-10-28T16:03:55.155+0200: 0,624: Total time for which application threads were stopped: 0,0001937 seconds, Stopping threads took: 0,0000141 seconds
2016-10-28T16:03:55.208+0200: 0,678: Total time for which application threads were stopped: 0,0002070 seconds, Stopping threads took: 0,0000267 seconds
2016-10-28T16:03:55.633+0200: 1,102: Total time for which application threads were stopped: 0,0001737 seconds, Stopping threads took: 0,0000209 seconds
2016-10-28T16:03:55.850+0200: 1,319: Total time for which application threads were stopped: 0,0001987 seconds, Stopping threads took: 0,0000170 seconds
2016-10-28T16:03:55.956+0200: 1,425: Total time for which application threads were stopped: 0,0001760 seconds, Stopping threads took: 0,0000128 seconds
2016-10-28T16:03:55.957+0200: 1,426: Total time for which application threads were stopped: 0,0000875 seconds, Stopping threads took: 0,0000063 seconds
2016-10-28T16:03:55.971+0200: 1,440: Total time for which application threads were stopped: 0,0001621 seconds, Stopping threads took: 0,0000122 seconds
2016-10-28T16:03:56.074+0200: 1,543: Total time for which application threads were stopped: 0,0002193 seconds, Stopping threads took: 0,0000220 seconds
2016-10-28T16:03:56.215+0200: 1,685: Total time for which application threads were stopped: 0,0013807 seconds, Stopping threads took: 0,0005859 seconds
{Heap before GC invocations=0 (full 0):
 par new generation   total 109248K, used 87424K [0x00000000e0000000, 0x00000000e8000000, 0x00000000e8000000)
  eden space 87424K, 100% used [0x00000000e0000000, 0x00000000e5560000, 0x00000000e5560000)
  from space 21824K,   0% used [0x00000000e5560000, 0x00000000e5560000, 0x00000000e6ab0000)
  to   space 21824K,   0% used [0x00000000e6ab0000, 0x00000000e6ab0000, 0x00000000e8000000)
 concurrent mark-sweep generation total 393216K, used 0K [0x00000000e8000000, 0x0000000100000000, 0x0000000100000000)
 Metaspace       used 18036K, capacity 18310K, committed 18560K, reserved 1064960K
  class space    used 2049K, capacity 2164K, committed 2176K, reserved 1048576K
2016-10-28T16:03:56.322+0200: 1,791: [GC (Allocation Failure) 2016-10-28T16:03:56.322+0200: 1,791: [ParNew
Desired survivor size 20112992 bytes, new threshold 8 (max 8)
- age   1:   11961656 bytes,   11961656 total
: 87424K->11790K(109248K), 0,0207679 secs] 87424K->11790K(502464K), 0,0208692 secs] [Times: user=0,05 sys=0,02, real=0,03 secs] 
Heap after GC invocations=1 (full 0):
 par new generation   total 109248K, used 11790K [0x00000000e0000000, 0x00000000e8000000, 0x00000000e8000000)
  eden space 87424K,   0% used [0x00000000e0000000, 0x00000000e0000000, 0x00000000e5560000)
  from space 21824K,  54% used [0x00000000e6ab0000, 0x00000000e76338a0, 0x00000000e8000000)
  to   space 21824K,   0% used [0x00000000e5560000, 0x00000000e5560000, 0x00000000e6ab0000)
 concurrent mark-sweep generation total 393216K, used 0K [0x00000000e8000000, 0x0000000100000000, 0x0000000100000000)
 Metaspace       used 18036K, capacity 18310K, committed 18560K, reserved 1064960K
  class space    used 2049K, capacity 2164K, committed 2176K, reserved 1048576K
}
2016-10-28T16:03:56.343+0200: 1,812: Total time for which application threads were stopped: 0,0212528 seconds, Stopping threads took: 0,0000338 seconds
2016-10-28T16:03:56.576+0200: 2,046: Total time for which application threads were stopped: 0,0003307 seconds, Stopping threads took: 0,0000740 seconds
2016-10-28T16:03:56.623+0200: 2,092: Total time for which application threads were stopped: 0,0003338 seconds, Stopping threads took: 0,0000402 seconds
2016-10-28T16:03:56.646+0200: 2,116: Total time for which application threads were stopped: 0,0003121 seconds, Stopping threads took: 0,0000501 seconds
{Heap before GC invocations=1 (full 0):
 par new generation   total 109248K, used 99214K [0x00000000e0000000, 0x00000000e8000000, 0x00000000e8000000)
  eden space 87424K, 100% used [0x00000000e0000000, 0x00000000e5560000, 0x00000000e5560000)
  from space 21824K,  54% used [0x00000000e6ab0000, 0x00000000e76338a0, 0x00000000e8000000)
  to   space 21824K,   0% used [0x00000000e5560000, 0x00000000e5560000, 0x00000000e6ab0000)
 concurrent mark-sweep generation total 393216K, used 0K [0x00000000e8000000, 0x0000000100000000, 0x0000000100000000)
 Metaspace       used 20693K, capacity 21026K, committed 21248K, reserved 1069056K
  class space    used 2400K, capacity 2519K, committed 2560K, reserved 1048576K
2016-10-28T16:03:56.816+0200: 2,285: [GC (Allocation Failure) 2016-10-28T16:03:56.816+0200: 2,285: [ParNew
Desired survivor size 20112992 bytes, new threshold 8 (max 8)
- age   1:    3414824 bytes,    3414824 total
- age   2:    5953216 bytes,    9368040 total
: 99214K->12801K(109248K), 0,0151576 secs] 99214K->12801K(502464K), 0,0152511 secs] [Times: user=0,05 sys=0,00, real=0,01 secs] 
Heap after GC invocations=2 (full 0):
 par new generation   total 109248K, used 12801K [0x00000000e0000000, 0x00000000e8000000, 0x00000000e8000000)
  eden space 87424K,   0% used [0x00000000e0000000, 0x00000000e0000000, 0x00000000e5560000)
  from space 21824K,  58% used [0x00000000e5560000, 0x00000000e61e05e0, 0x00000000e6ab0000)
  to   space 21824K,   0% used [0x00000000e6ab0000, 0x00000000e6ab0000, 0x00000000e8000000)
 concurrent mark-sweep generation total 393216K, used 0K [0x00000000e8000000, 0x0000000100000000, 0x0000000100000000)
 Metaspace       used 20693K, capacity 21026K, committed 21248K, reserved 1069056K
  class space    used 2400K, capacity 2519K, committed 2560K, reserved 1048576K
}
2016-10-28T16:03:56.831+0200: 2,300: Total time for which application threads were stopped: 0,0155162 seconds, Stopping threads took: 0,0000494 seconds
2016-10-28T16:03:56.891+0200: 2,361: Total time for which application threads were stopped: 0,0000820 seconds, Stopping threads took: 0,0000143 seconds
2016-10-28T16:03:56.912+0200: 2,381: Total time for which application threads were stopped: 0,0002574 seconds, Stopping threads took: 0,0000131 seconds
2016-10-28T16:03:56.917+0200: 2,386: Total time for which application threads were stopped: 0,0000666 seconds, Stopping threads took: 0,0000120 seconds
2016-10-28T16:03:56.963+0200: 2,432: Total time for which application threads were stopped: 0,0001151 seconds, Stopping threads took: 0,0000271 seconds
2016-10-28T16:03:56.992+0200: 2,461: Total time for which application threads were stopped: 0,0001084 seconds, Stopping threads took: 0,0000274 seconds
2016-10-28T16:03:57.008+0200: 2,477: Total time for which application threads were stopped: 0,0001067 seconds, Stopping threads took: 0,0000311 seconds
2016-10-28T16:03:57.013+0200: 2,483: Total time for which application threads were stopped: 0,0002644 seconds, Stopping threads took: 0,0000162 seconds
2016-10-28T16:03:57.041+0200: 2,510: Total time for which application threads were stopped: 0,0000869 seconds, Stopping threads took: 0,0000217 seconds
2016-10-28T16:03:57.066+0200: 2,535: Total time for which application threads were stopped: 0,0000928 seconds, Stopping threads took: 0,0000122 seconds
2016-10-28T16:03:57.082+0200: 2,551: Total time for which application threads were stopped: 0,0000715 seconds, Stopping threads took: 0,0000136 seconds
2016-10-28T16:03:57.094+0200: 2,564: Total time for which application threads were stopped: 0,0000756 seconds, Stopping threads took: 0,0000193 seconds
2016-10-28T16:03:57.119+0200: 2,588: Total time for which application threads were stopped: 0,0000725 seconds, Stopping threads took: 0,0000130 seconds
2016-10-28T16:03:57.148+0200: 2,617: Total time for which application threads were stopped: 0,0001141 seconds, Stopping threads took: 0,0000254 seconds
2016-10-28T16:03:57.194+0200: 2,663: Total time for which application threads were stopped: 0,0001086 seconds, Stopping threads took: 0,0000424 seconds
2016-10-28T16:03:57.230+0200: 2,699: Total time for which application threads were stopped: 0,0001048 seconds, Stopping threads took: 0,0000293 seconds
2016-10-28T16:03:57.257+0200: 2,726: Total time for which application threads were stopped: 0,0001228 seconds, Stopping threads took: 0,0000364 seconds
2016-10-28T16:03:57.286+0200: 2,755: Total time for which application threads were stopped: 0,0001631 seconds, Stopping threads took: 0,0000760 seconds
2016-10-28T16:03:57.311+0200: 2,780: Total time for which application threads were stopped: 0,0001721 seconds, Stopping threads took: 0,0000907 seconds
2016-10-28T16:03:57.338+0200: 2,807: Total time for which application threads were stopped: 0,0000939 seconds, Stopping threads took: 0,0000229 seconds
{Heap before GC invocations=2 (full 0):
 par new generation   total 109248K, used 100225K [0x00000000e0000000, 0x00000000e8000000, 0x00000000e8000000)
  eden space 87424K, 100% used [0x00000000e0000000, 0x00000000e5560000, 0x00000000e5560000)
  from space 21824K,  58% used [0x00000000e5560000, 0x00000000e61e05e0, 0x00000000e6ab0000)
  to   space 21824K,   0% used [0x00000000e6ab0000, 0x00000000e6ab0000, 0x00000000e8000000)
 concurrent mark-sweep generation total 393216K, used 0K [0x00000000e8000000, 0x0000000100000000, 0x0000000100000000)
 Metaspace       used 26364K, capacity 26782K, committed 26940K, reserved 1073152K
  class space    used 3068K, capacity 3221K, committed 3244K, reserved 1048576K
2016-10-28T16:03:57.354+0200: 2,824: [GC (Allocation Failure) 2016-10-28T16:03:57.354+0200: 2,824: [ParNew
Desired survivor size 20112992 bytes, new threshold 8 (max 8)
- age   1:    8405416 bytes,    8405416 total
- age   2:     548376 bytes,    8953792 total
- age   3:    5943472 bytes,   14897264 total
: 100225K->18664K(109248K), 0,0213591 secs] 100225K->18664K(502464K), 0,0214128 secs] [Times: user=0,07 sys=0,01, real=0,03 secs] 
Heap after GC invocations=3 (full 0):
 par new generation   total 109248K, used 18664K [0x00000000e0000000, 0x00000000e8000000, 0x00000000e8000000)
  eden space 87424K,   0% used [0x00000000e0000000, 0x00000000e0000000, 0x00000000e5560000)
  from space 21824K,  85% used [0x00000000e6ab0000, 0x00000000e7cea0a0, 0x00000000e8000000)
  to   space 21824K,   0% used [0x00000000e5560000, 0x00000000e5560000, 0x00000000e6ab0000)
 concurrent mark-sweep generation total 393216K, used 0K [0x00000000e8000000, 0x0000000100000000, 0x0000000100000000)
 Metaspace       used 26364K, capacity 26782K, committed 26940K, reserved 1073152K
  class space    used 3068K, capacity 3221K, committed 3244K, reserved 1048576K
}
2016-10-28T16:03:57.376+0200: 2,845: Total time for which application threads were stopped: 0,0216054 seconds, Stopping threads took: 0,0000386 seconds
2016-10-28T16:03:57.377+0200: 2,846: [GC (CMS Initial Mark) [1 CMS-initial-mark: 0K(393216K)] 18887K(502464K), 0,0034504 secs] [Times: user=0,01 sys=0,00, real=0,00 secs] 
2016-10-28T16:03:57.380+0200: 2,849: Total time for which application threads were stopped: 0,0036598 seconds, Stopping threads took: 0,0001369 seconds
2016-10-28T16:03:57.380+0200: 2,849: [CMS-concurrent-mark-start]
2016-10-28T16:03:57.381+0200: 2,850: [CMS-concurrent-mark: 0,001/0,001 secs] [Times: user=0,00 sys=0,00, real=0,00 secs] 
2016-10-28T16:03:57.381+0200: 2,850: [CMS-concurrent-preclean-start]
2016-10-28T16:03:57.382+0200: 2,851: [CMS-concurrent-preclean: 0,001/0,001 secs] [Times: user=0,01 sys=0,00, real=0,00 secs] 
2016-10-28T16:03:57.382+0200: 2,852: [GC (CMS Final Remark) [YG occupancy: 20268 K (109248 K)]{Heap before GC invocations=3 (full 1):
 par new generation   total 109248K, used 20268K [0x00000000e0000000, 0x00000000e8000000, 0x00000000e8000000)
  eden space 87424K,   1% used [0x00000000e0000000, 0x00000000e0191168, 0x00000000e5560000)
  from space 21824K,  85% used [0x00000000e6ab0000, 0x00000000e7cea0a0, 0x00000000e8000000)
  to   space 21824K,   0% used [0x00000000e5560000, 0x00000000e5560000, 0x00000000e6ab0000)
 concurrent mark-sweep generation total 393216K, used 0K [0x00000000e8000000, 0x0000000100000000, 0x0000000100000000)
 Metaspace       used 26389K, capacity 26782K, committed 26940K, reserved 1073152K
  class space    used 3070K, capacity 3221K, committed 3244K, reserved 1048576K
2016-10-28T16:03:57.382+0200: 2,852: [GC (CMS Final Remark) 2016-10-28T16:03:57.382+0200: 2,852: [ParNew
Desired survivor size 20112992 bytes, new threshold 8 (max 8)
- age   1:      19960 bytes,      19960 total
- age   2:    8404432 bytes,    8424392 total
- age   3:     548400 bytes,    8972792 total
- age   4:    5943448 bytes,   14916240 total
: 20268K->21824K(109248K), 0,0136753 secs] 20268K->21824K(502464K), 0,0137231 secs] [Times: user=0,05 sys=0,00, real=0,02 secs] 
Heap after GC invocations=4 (full 1):
 par new generation   total 109248K, used 21824K [0x00000000e0000000, 0x00000000e8000000, 0x00000000e8000000)
  eden space 87424K,   0% used [0x00000000e0000000, 0x00000000e0000000, 0x00000000e5560000)
  from space 21824K, 100% used [0x00000000e5560000, 0x00000000e6ab0000, 0x00000000e6ab0000)
  to   space 21824K,   0% used [0x00000000e6ab0000, 0x00000000e6ab0000, 0x00000000e8000000)
 concurrent mark-sweep generation total 393216K, used 0K [0x00000000e8000000, 0x0000000100000000, 0x0000000100000000)
 Metaspace       used 26389K, capacity 26782K, committed 26940K, reserved 1073152K
  class space    used 3070K, capacity 3221K, committed 3244K, reserved 1048576K
}
2016-10-28T16:03:57.396+0200: 2,865: [Rescan (parallel) , 0,0050950 secs]2016-10-28T16:03:57.401+0200: 2,871: [weak refs processing, 0,0029352 secs]2016-10-28T16:03:57.404+0200: 2,873: [class unloading, 0,0032214 secs]2016-10-28T16:03:57.408+0200: 2,877: [scrub symbol table, 0,0035355 secs]2016-10-28T16:03:57.411+0200: 2,880: [scrub string table, 0,0003785 secs][1 CMS-remark: 0K(393216K)] 21824K(502464K), 0,0295800 secs] [Times: user=0,09 sys=0,00, real=0,03 secs] 
2016-10-28T16:03:57.412+0200: 2,881: Total time for which application threads were stopped: 0,0297395 seconds, Stopping threads took: 0,0000779 seconds
2016-10-28T16:03:57.416+0200: 2,885: Total time for which application threads were stopped: 0,0001774 seconds, Stopping threads took: 0,0000972 seconds
2016-10-28T16:03:57.419+0200: 2,888: [CMS-concurrent-sweep-start]
2016-10-28T16:03:57.419+0200: 2,888: [CMS-concurrent-sweep: 0,000/0,000 secs] [Times: user=0,00 sys=0,00, real=0,00 secs] 
2016-10-28T16:03:57.421+0200: 2,890: [CMS-concurrent-reset-start]
2016-10-28T16:03:57.423+0200: 2,893: [CMS-concurrent-reset: 0,002/0,002 secs] [Times: user=0,01 sys=0,00, real=0,01 secs] 
2016-10-28T16:03:58.424+0200: 3,893: Total time for which application threads were stopped: 0,0000693 seconds, Stopping threads took: 0,0000172 seconds
2016-10-28T16:03:58.582+0200: 4,051: Total time for which application threads were stopped: 0,0002329 seconds, Stopping threads took: 0,0000156 seconds
2016-10-28T16:04:26.585+0200: 32,054: Total time for which application threads were stopped: 0,0000618 seconds, Stopping threads took: 0,0000187 seconds
2016-10-28T16:05:05.589+0200: 71,058: Total time for which application threads were stopped: 0,0000780 seconds, Stopping threads took: 0,0000332 seconds
2016-10-28T16:05:15.590+0200: 81,059: Total time for which application threads were stopped: 0,0000693 seconds, Stopping threads took: 0,0000182 seconds
2016-10-28T16:05:25.591+0200: 91,060: Total time for which application threads were stopped: 0,0000972 seconds, Stopping threads took: 0,0000249 seconds
2016-10-28T16:06:36.599+0200: 162,068: Total time for which application threads were stopped: 0,0001276 seconds, Stopping threads took: 0,0000468 seconds
2016-10-28T16:06:41.600+0200: 167,069: Total time for which application threads were stopped: 0,0000660 seconds, Stopping threads took: 0,0000179 seconds
2016-10-28T16:06:55.602+0200: 181,071: Total time for which application threads were stopped: 0,0000829 seconds, Stopping threads took: 0,0000244 seconds
2016-10-28T16:07:51.610+0200: 237,079: Total time for which application threads were stopped: 0,0000852 seconds, Stopping threads took: 0,0000360 seconds
2016-10-28T16:08:25.614+0200: 271,084: Total time for which application threads were stopped: 0,0004320 seconds, Stopping threads took: 0,0001940 seconds
2016-10-28T16:08:41.616+0200: 287,086: Total time for which application threads were stopped: 0,0000682 seconds, Stopping threads took: 0,0000167 seconds
2016-10-28T16:27:35.748+0200: 1421,217: Total time for which application threads were stopped: 0,0000848 seconds, Stopping threads took: 0,0000340 seconds
2016-10-28T16:32:05.781+0200: 1691,250: Total time for which application threads were stopped: 0,0001640 seconds, Stopping threads took: 0,0000717 seconds
2016-10-28T16:42:35.849+0200: 2321,318: Total time for which application threads were stopped: 0,0001586 seconds, Stopping threads took: 0,0000653 seconds
2016-10-28T16:42:36.849+0200: 2322,318: Total time for which application threads were stopped: 0,0001204 seconds, Stopping threads took: 0,0000278 seconds
2016-10-28T16:51:56.915+0200: 2882,385: Total time for which application threads were stopped: 0,0001482 seconds, Stopping threads took: 0,0000551 seconds
2016-10-28T16:57:11.958+0200: 3197,427: Total time for which application threads were stopped: 0,0000736 seconds, Stopping threads took: 0,0000304 seconds
2016-10-28T17:06:20.174+0200: 3745,643: Total time for which application threads were stopped: 0,0001665 seconds, Stopping threads took: 0,0000231 seconds
Heap
 par new generation   total 109248K, used 54070K [0x00000000e0000000, 0x00000000e8000000, 0x00000000e8000000)
  eden space 87424K,  36% used [0x00000000e0000000, 0x00000000e1f7dbf8, 0x00000000e5560000)
  from space 21824K, 100% used [0x00000000e5560000, 0x00000000e6ab0000, 0x00000000e6ab0000)
  to   space 21824K,   0% used [0x00000000e6ab0000, 0x00000000e6ab0000, 0x00000000e8000000)
 concurrent mark-sweep generation total 393216K, used 0K [0x00000000e8000000, 0x0000000100000000, 0x0000000100000000)
 Metaspace       used 27031K, capacity 27498K, committed 27836K, reserved 1073152K
  class space    used 3155K, capacity 3287K, committed 3372K, reserved 1048576K
