OpenJDK 64-Bit Server VM (25.91-b14) for linux-amd64 JRE (1.8.0_91-8u91-b14-3ubuntu1~16.04.1-b14), built on Jul 21 2016 04:13:34 by "buildd" with gcc 5.3.1 20160413
Memory: 4k page, physical 7867876k(7555616k free), swap 8076284k(8076284k free)
CommandLine flags: -XX:CMSInitiatingOccupancyFraction=50 -XX:CMSMaxAbortablePrecleanTime=6000 -XX:+CMSParallelRemarkEnabled -XX:+CMSScavengeBeforeRemark -XX:ConcGCThreads=4 -XX:InitialHeapSize=536870912 -XX:MaxHeapSize=536870912 -XX:MaxTenuringThreshold=8 -XX:NewRatio=3 -XX:OldPLABSize=16 -XX:OnOutOfMemoryError=/opt/solr/bin/oom_solr.sh 8983 /var/solr/logs -XX:ParallelGCThreads=4 -XX:+ParallelRefProcEnabled -XX:PretenureSizeThreshold=67108864 -XX:+PrintGC -XX:+PrintGCApplicationStoppedTime -XX:+PrintGCDateStamps -XX:+PrintGCDetails -XX:+PrintGCTimeStamps -XX:+PrintHeapAtGC -XX:+PrintTenuringDistribution -XX:SurvivorRatio=4 -XX:TargetSurvivorRatio=90 -XX:ThreadStackSize=256 -XX:+UseCMSInitiatingOccupancyOnly -XX:+UseCompressedClassPointers -XX:+UseCompressedOops -XX:+UseConcMarkSweepGC -XX:+UseParNewGC 
2016-10-31T19:04:24.701+0100: 0,123: Total time for which application threads were stopped: 0,0000660 seconds, Stopping threads took: 0,0000127 seconds
2016-10-31T19:04:24.767+0100: 0,190: Total time for which application threads were stopped: 0,0000848 seconds, Stopping threads took: 0,0000124 seconds
2016-10-31T19:04:24.779+0100: 0,202: Total time for which application threads were stopped: 0,0000723 seconds, Stopping threads took: 0,0000103 seconds
2016-10-31T19:04:24.921+0100: 0,344: Total time for which application threads were stopped: 0,0001405 seconds, Stopping threads took: 0,0000193 seconds
2016-10-31T19:04:25.136+0100: 0,559: Total time for which application threads were stopped: 0,0001107 seconds, Stopping threads took: 0,0000107 seconds
2016-10-31T19:04:25.246+0100: 0,668: Total time for which application threads were stopped: 0,0002105 seconds, Stopping threads took: 0,0000294 seconds
2016-10-31T19:04:25.334+0100: 0,756: Total time for which application threads were stopped: 0,0002006 seconds, Stopping threads took: 0,0000171 seconds
2016-10-31T19:04:25.580+0100: 1,002: Total time for which application threads were stopped: 0,0001560 seconds, Stopping threads took: 0,0000112 seconds
2016-10-31T19:04:25.844+0100: 1,266: Total time for which application threads were stopped: 0,0002644 seconds, Stopping threads took: 0,0000323 seconds
2016-10-31T19:04:25.953+0100: 1,375: Total time for which application threads were stopped: 0,0001940 seconds, Stopping threads took: 0,0000170 seconds
2016-10-31T19:04:25.954+0100: 1,376: Total time for which application threads were stopped: 0,0001619 seconds, Stopping threads took: 0,0000133 seconds
2016-10-31T19:04:25.970+0100: 1,392: Total time for which application threads were stopped: 0,0001941 seconds, Stopping threads took: 0,0000172 seconds
2016-10-31T19:04:26.072+0100: 1,495: Total time for which application threads were stopped: 0,0005287 seconds, Stopping threads took: 0,0000307 seconds
2016-10-31T19:04:26.198+0100: 1,621: Total time for which application threads were stopped: 0,0002321 seconds, Stopping threads took: 0,0000341 seconds
{Heap before GC invocations=0 (full 0):
 par new generation   total 109248K, used 87424K [0x00000000e0000000, 0x00000000e8000000, 0x00000000e8000000)
  eden space 87424K, 100% used [0x00000000e0000000, 0x00000000e5560000, 0x00000000e5560000)
  from space 21824K,   0% used [0x00000000e5560000, 0x00000000e5560000, 0x00000000e6ab0000)
  to   space 21824K,   0% used [0x00000000e6ab0000, 0x00000000e6ab0000, 0x00000000e8000000)
 concurrent mark-sweep generation total 393216K, used 0K [0x00000000e8000000, 0x0000000100000000, 0x0000000100000000)
 Metaspace       used 18005K, capacity 18310K, committed 18560K, reserved 1064960K
  class space    used 2049K, capacity 2164K, committed 2176K, reserved 1048576K
2016-10-31T19:04:26.327+0100: 1,750: [GC (Allocation Failure) 2016-10-31T19:04:26.327+0100: 1,750: [ParNew
Desired survivor size 20112992 bytes, new threshold 8 (max 8)
- age   1:   11946264 bytes,   11946264 total
: 87424K->11774K(109248K), 0,0214779 secs] 87424K->11774K(502464K), 0,0215652 secs] [Times: user=0,05 sys=0,02, real=0,02 secs] 
Heap after GC invocations=1 (full 0):
 par new generation   total 109248K, used 11774K [0x00000000e0000000, 0x00000000e8000000, 0x00000000e8000000)
  eden space 87424K,   0% used [0x00000000e0000000, 0x00000000e0000000, 0x00000000e5560000)
  from space 21824K,  53% used [0x00000000e6ab0000, 0x00000000e762f840, 0x00000000e8000000)
  to   space 21824K,   0% used [0x00000000e5560000, 0x00000000e5560000, 0x00000000e6ab0000)
 concurrent mark-sweep generation total 393216K, used 0K [0x00000000e8000000, 0x0000000100000000, 0x0000000100000000)
 Metaspace       used 18005K, capacity 18310K, committed 18560K, reserved 1064960K
  class space    used 2049K, capacity 2164K, committed 2176K, reserved 1048576K
}
2016-10-31T19:04:26.349+0100: 1,772: Total time for which application threads were stopped: 0,0217577 seconds, Stopping threads took: 0,0000258 seconds
2016-10-31T19:04:26.555+0100: 1,978: Total time for which application threads were stopped: 0,0003447 seconds, Stopping threads took: 0,0000276 seconds
2016-10-31T19:04:26.584+0100: 2,007: Total time for which application threads were stopped: 0,0002252 seconds, Stopping threads took: 0,0000225 seconds
2016-10-31T19:04:26.608+0100: 2,031: Total time for which application threads were stopped: 0,0003230 seconds, Stopping threads took: 0,0000299 seconds
{Heap before GC invocations=1 (full 0):
 par new generation   total 109248K, used 99198K [0x00000000e0000000, 0x00000000e8000000, 0x00000000e8000000)
  eden space 87424K, 100% used [0x00000000e0000000, 0x00000000e5560000, 0x00000000e5560000)
  from space 21824K,  53% used [0x00000000e6ab0000, 0x00000000e762f840, 0x00000000e8000000)
  to   space 21824K,   0% used [0x00000000e5560000, 0x00000000e5560000, 0x00000000e6ab0000)
 concurrent mark-sweep generation total 393216K, used 0K [0x00000000e8000000, 0x0000000100000000, 0x0000000100000000)
 Metaspace       used 20677K, capacity 21026K, committed 21248K, reserved 1069056K
  class space    used 2400K, capacity 2519K, committed 2560K, reserved 1048576K
2016-10-31T19:04:26.781+0100: 2,204: [GC (Allocation Failure) 2016-10-31T19:04:26.781+0100: 2,204: [ParNew
Desired survivor size 20112992 bytes, new threshold 8 (max 8)
- age   1:    3413000 bytes,    3413000 total
- age   2:    5953640 bytes,    9366640 total
: 99198K->10962K(109248K), 0,0097816 secs] 99198K->10962K(502464K), 0,0098572 secs] [Times: user=0,03 sys=0,00, real=0,01 secs] 
Heap after GC invocations=2 (full 0):
 par new generation   total 109248K, used 10962K [0x00000000e0000000, 0x00000000e8000000, 0x00000000e8000000)
  eden space 87424K,   0% used [0x00000000e0000000, 0x00000000e0000000, 0x00000000e5560000)
  from space 21824K,  50% used [0x00000000e5560000, 0x00000000e6014980, 0x00000000e6ab0000)
  to   space 21824K,   0% used [0x00000000e6ab0000, 0x00000000e6ab0000, 0x00000000e8000000)
 concurrent mark-sweep generation total 393216K, used 0K [0x00000000e8000000, 0x0000000100000000, 0x0000000100000000)
 Metaspace       used 20677K, capacity 21026K, committed 21248K, reserved 1069056K
  class space    used 2400K, capacity 2519K, committed 2560K, reserved 1048576K
}
2016-10-31T19:04:26.791+0100: 2,214: Total time for which application threads were stopped: 0,0100790 seconds, Stopping threads took: 0,0000231 seconds
2016-10-31T19:04:26.862+0100: 2,284: Total time for which application threads were stopped: 0,0000979 seconds, Stopping threads took: 0,0000231 seconds
2016-10-31T19:04:26.875+0100: 2,297: Total time for which application threads were stopped: 0,0003900 seconds, Stopping threads took: 0,0000207 seconds
2016-10-31T19:04:26.880+0100: 2,303: Total time for which application threads were stopped: 0,0000683 seconds, Stopping threads took: 0,0000168 seconds
2016-10-31T19:04:26.925+0100: 2,348: Total time for which application threads were stopped: 0,0001038 seconds, Stopping threads took: 0,0000325 seconds
2016-10-31T19:04:26.959+0100: 2,381: Total time for which application threads were stopped: 0,0001096 seconds, Stopping threads took: 0,0000257 seconds
2016-10-31T19:04:26.977+0100: 2,399: Total time for which application threads were stopped: 0,0000685 seconds, Stopping threads took: 0,0000131 seconds
2016-10-31T19:04:26.979+0100: 2,402: Total time for which application threads were stopped: 0,0002606 seconds, Stopping threads took: 0,0000132 seconds
2016-10-31T19:04:27.009+0100: 2,431: Total time for which application threads were stopped: 0,0001251 seconds, Stopping threads took: 0,0000661 seconds
2016-10-31T19:04:27.029+0100: 2,451: Total time for which application threads were stopped: 0,0000956 seconds, Stopping threads took: 0,0000140 seconds
2016-10-31T19:04:27.045+0100: 2,468: Total time for which application threads were stopped: 0,0000745 seconds, Stopping threads took: 0,0000152 seconds
2016-10-31T19:04:27.058+0100: 2,481: Total time for which application threads were stopped: 0,0000641 seconds, Stopping threads took: 0,0000153 seconds
2016-10-31T19:04:27.087+0100: 2,509: Total time for which application threads were stopped: 0,0001006 seconds, Stopping threads took: 0,0000218 seconds
2016-10-31T19:04:27.113+0100: 2,535: Total time for which application threads were stopped: 0,0001120 seconds, Stopping threads took: 0,0000319 seconds
2016-10-31T19:04:27.159+0100: 2,581: Total time for which application threads were stopped: 0,0001732 seconds, Stopping threads took: 0,0000510 seconds
2016-10-31T19:04:27.211+0100: 2,634: Total time for which application threads were stopped: 0,0001240 seconds, Stopping threads took: 0,0000392 seconds
2016-10-31T19:04:27.252+0100: 2,674: Total time for which application threads were stopped: 0,0001091 seconds, Stopping threads took: 0,0000338 seconds
2016-10-31T19:04:27.285+0100: 2,708: Total time for which application threads were stopped: 0,0001329 seconds, Stopping threads took: 0,0000407 seconds
2016-10-31T19:04:27.320+0100: 2,743: Total time for which application threads were stopped: 0,0001044 seconds, Stopping threads took: 0,0000307 seconds
2016-10-31T19:04:27.353+0100: 2,775: Total time for which application threads were stopped: 0,0001509 seconds, Stopping threads took: 0,0000548 seconds
{Heap before GC invocations=2 (full 0):
 par new generation   total 109248K, used 98386K [0x00000000e0000000, 0x00000000e8000000, 0x00000000e8000000)
  eden space 87424K, 100% used [0x00000000e0000000, 0x00000000e5560000, 0x00000000e5560000)
  from space 21824K,  50% used [0x00000000e5560000, 0x00000000e6014980, 0x00000000e6ab0000)
  to   space 21824K,   0% used [0x00000000e6ab0000, 0x00000000e6ab0000, 0x00000000e8000000)
 concurrent mark-sweep generation total 393216K, used 0K [0x00000000e8000000, 0x0000000100000000, 0x0000000100000000)
 Metaspace       used 26328K, capacity 26750K, committed 26940K, reserved 1073152K
  class space    used 3065K, capacity 3189K, committed 3244K, reserved 1048576K
2016-10-31T19:04:27.369+0100: 2,792: [GC (Allocation Failure) 2016-10-31T19:04:27.369+0100: 2,792: [ParNew
Desired survivor size 20112992 bytes, new threshold 8 (max 8)
- age   1:    8398328 bytes,    8398328 total
- age   2:     544312 bytes,    8942640 total
- age   3:    5944600 bytes,   14887240 total
: 98386K->17374K(109248K), 0,0134554 secs] 98386K->17374K(502464K), 0,0135132 secs] [Times: user=0,04 sys=0,00, real=0,02 secs] 
Heap after GC invocations=3 (full 0):
 par new generation   total 109248K, used 17374K [0x00000000e0000000, 0x00000000e8000000, 0x00000000e8000000)
  eden space 87424K,   0% used [0x00000000e0000000, 0x00000000e0000000, 0x00000000e5560000)
  from space 21824K,  79% used [0x00000000e6ab0000, 0x00000000e7ba7b40, 0x00000000e8000000)
  to   space 21824K,   0% used [0x00000000e5560000, 0x00000000e5560000, 0x00000000e6ab0000)
 concurrent mark-sweep generation total 393216K, used 0K [0x00000000e8000000, 0x0000000100000000, 0x0000000100000000)
 Metaspace       used 26328K, capacity 26750K, committed 26940K, reserved 1073152K
  class space    used 3065K, capacity 3189K, committed 3244K, reserved 1048576K
}
2016-10-31T19:04:27.383+0100: 2,805: Total time for which application threads were stopped: 0,0137125 seconds, Stopping threads took: 0,0000385 seconds
2016-10-31T19:04:27.383+0100: 2,805: [GC (CMS Initial Mark) [1 CMS-initial-mark: 0K(393216K)] 17374K(502464K), 0,0049091 secs] [Times: user=0,01 sys=0,00, real=0,00 secs] 
2016-10-31T19:04:27.388+0100: 2,810: Total time for which application threads were stopped: 0,0050496 seconds, Stopping threads took: 0,0000595 seconds
2016-10-31T19:04:27.388+0100: 2,810: [CMS-concurrent-mark-start]
2016-10-31T19:04:27.390+0100: 2,813: [CMS-concurrent-mark: 0,002/0,002 secs] [Times: user=0,01 sys=0,00, real=0,00 secs] 
2016-10-31T19:04:27.390+0100: 2,813: [CMS-concurrent-preclean-start]
2016-10-31T19:04:27.391+0100: 2,814: [CMS-concurrent-preclean: 0,001/0,001 secs] [Times: user=0,01 sys=0,00, real=0,00 secs] 
2016-10-31T19:04:27.391+0100: 2,814: [GC (CMS Final Remark) [YG occupancy: 18775 K (109248 K)]{Heap before GC invocations=3 (full 1):
 par new generation   total 109248K, used 18775K [0x00000000e0000000, 0x00000000e8000000, 0x00000000e8000000)
  eden space 87424K,   1% used [0x00000000e0000000, 0x00000000e015e1b8, 0x00000000e5560000)
  from space 21824K,  79% used [0x00000000e6ab0000, 0x00000000e7ba7b40, 0x00000000e8000000)
  to   space 21824K,   0% used [0x00000000e5560000, 0x00000000e5560000, 0x00000000e6ab0000)
 concurrent mark-sweep generation total 393216K, used 0K [0x00000000e8000000, 0x0000000100000000, 0x0000000100000000)
 Metaspace       used 26340K, capacity 26782K, committed 26940K, reserved 1073152K
  class space    used 3067K, capacity 3221K, committed 3244K, reserved 1048576K
2016-10-31T19:04:27.391+0100: 2,814: [GC (CMS Final Remark) 2016-10-31T19:04:27.391+0100: 2,814: [ParNew
Desired survivor size 20112992 bytes, new threshold 8 (max 8)
- age   1:      12616 bytes,      12616 total
- age   2:    3383592 bytes,    3396208 total
- age   3:     544312 bytes,    3940520 total
- age   4:    5943104 bytes,    9883624 total
: 18775K->16344K(109248K), 0,0119601 secs] 18775K->16344K(502464K), 0,0120020 secs] [Times: user=0,04 sys=0,00, real=0,02 secs] 
Heap after GC invocations=4 (full 1):
 par new generation   total 109248K, used 16344K [0x00000000e0000000, 0x00000000e8000000, 0x00000000e8000000)
  eden space 87424K,   0% used [0x00000000e0000000, 0x00000000e0000000, 0x00000000e5560000)
  from space 21824K,  74% used [0x00000000e5560000, 0x00000000e6556220, 0x00000000e6ab0000)
  to   space 21824K,   0% used [0x00000000e6ab0000, 0x00000000e6ab0000, 0x00000000e8000000)
 concurrent mark-sweep generation total 393216K, used 0K [0x00000000e8000000, 0x0000000100000000, 0x0000000100000000)
 Metaspace       used 26340K, capacity 26782K, committed 26940K, reserved 1073152K
  class space    used 3067K, capacity 3221K, committed 3244K, reserved 1048576K
}
2016-10-31T19:04:27.403+0100: 2,826: [Rescan (parallel) , 0,0046104 secs]2016-10-31T19:04:27.408+0100: 2,831: [weak refs processing, 0,0008583 secs]2016-10-31T19:04:27.409+0100: 2,831: [class unloading, 0,0031311 secs]2016-10-31T19:04:27.412+0100: 2,835: [scrub symbol table, 0,0036529 secs]2016-10-31T19:04:27.416+0100: 2,838: [scrub string table, 0,0004197 secs][1 CMS-remark: 0K(393216K)] 16344K(502464K), 0,0253764 secs] [Times: user=0,07 sys=0,00, real=0,03 secs] 
2016-10-31T19:04:27.417+0100: 2,839: Total time for which application threads were stopped: 0,0255041 seconds, Stopping threads took: 0,0000589 seconds
2016-10-31T19:04:27.417+0100: 2,839: [CMS-concurrent-sweep-start]
2016-10-31T19:04:27.417+0100: 2,839: [CMS-concurrent-sweep: 0,000/0,000 secs] [Times: user=0,00 sys=0,00, real=0,00 secs] 
2016-10-31T19:04:27.417+0100: 2,839: [CMS-concurrent-reset-start]
2016-10-31T19:04:27.419+0100: 2,841: [CMS-concurrent-reset: 0,002/0,002 secs] [Times: user=0,00 sys=0,01, real=0,00 secs] 
2016-10-31T19:04:28.417+0100: 3,839: Total time for which application threads were stopped: 0,0000753 seconds, Stopping threads took: 0,0000195 seconds
2016-10-31T19:04:28.632+0100: 4,054: Total time for which application threads were stopped: 0,0002623 seconds, Stopping threads took: 0,0000160 seconds
2016-10-31T19:07:07.326+0100: 162,075: Total time for which application threads were stopped: 0,0001307 seconds, Stopping threads took: 0,0000561 seconds
2016-10-31T19:07:12.327+0100: 167,076: Total time for which application threads were stopped: 0,0000599 seconds, Stopping threads took: 0,0000158 seconds
2016-10-31T19:07:16.328+0100: 171,076: Total time for which application threads were stopped: 0,0000896 seconds, Stopping threads took: 0,0000358 seconds
2016-10-31T19:07:21.329+0100: 176,077: Total time for which application threads were stopped: 0,0001220 seconds, Stopping threads took: 0,0000321 seconds
2016-10-31T19:07:26.330+0100: 181,078: Total time for which application threads were stopped: 0,0001212 seconds, Stopping threads took: 0,0000317 seconds
2016-10-31T19:07:31.331+0100: 186,079: Total time for which application threads were stopped: 0,0001373 seconds, Stopping threads took: 0,0000381 seconds
2016-10-31T19:08:17.337+0100: 232,085: Total time for which application threads were stopped: 0,0001537 seconds, Stopping threads took: 0,0000619 seconds
2016-10-31T19:08:22.338+0100: 237,086: Total time for which application threads were stopped: 0,0001341 seconds, Stopping threads took: 0,0000356 seconds
2016-10-31T19:08:46.342+0100: 261,090: Total time for which application threads were stopped: 0,0000870 seconds, Stopping threads took: 0,0000364 seconds
2016-10-31T19:09:01.344+0100: 276,093: Total time for which application threads were stopped: 0,0000592 seconds, Stopping threads took: 0,0000155 seconds
2016-10-31T19:09:12.346+0100: 287,094: Total time for which application threads were stopped: 0,0000986 seconds, Stopping threads took: 0,0000348 seconds
2016-10-31T19:28:11.474+0100: 1426,223: Total time for which application threads were stopped: 0,0000726 seconds, Stopping threads took: 0,0000298 seconds
2016-10-31T19:32:56.509+0100: 1711,258: Total time for which application threads were stopped: 0,0000798 seconds, Stopping threads took: 0,0000314 seconds
2016-10-31T19:43:07.591+0100: 2322,339: Total time for which application threads were stopped: 0,0000799 seconds, Stopping threads took: 0,0000342 seconds
2016-10-31T19:43:11.591+0100: 2326,340: Total time for which application threads were stopped: 0,0000615 seconds, Stopping threads took: 0,0000142 seconds
2016-10-31T19:52:27.673+0100: 2882,422: Total time for which application threads were stopped: 0,0002058 seconds, Stopping threads took: 0,0000769 seconds
2016-10-31T19:57:42.720+0100: 3197,469: Total time for which application threads were stopped: 0,0001584 seconds, Stopping threads took: 0,0000652 seconds
2016-10-31T20:09:01.806+0100: 3876,555: Total time for which application threads were stopped: 0,0000953 seconds, Stopping threads took: 0,0000341 seconds
2016-10-31T20:11:26.826+0100: 4021,575: Total time for which application threads were stopped: 0,0000949 seconds, Stopping threads took: 0,0000306 seconds
2016-10-31T20:47:31.421+0100: 6186,169: Total time for which application threads were stopped: 0,0001461 seconds, Stopping threads took: 0,0000229 seconds
Heap
 par new generation   total 109248K, used 48551K [0x00000000e0000000, 0x00000000e8000000, 0x00000000e8000000)
  eden space 87424K,  36% used [0x00000000e0000000, 0x00000000e1f73cf8, 0x00000000e5560000)
  from space 21824K,  74% used [0x00000000e5560000, 0x00000000e6556220, 0x00000000e6ab0000)
  to   space 21824K,   0% used [0x00000000e6ab0000, 0x00000000e6ab0000, 0x00000000e8000000)
 concurrent mark-sweep generation total 393216K, used 0K [0x00000000e8000000, 0x0000000100000000, 0x0000000100000000)
 Metaspace       used 27027K, capacity 27498K, committed 27836K, reserved 1073152K
  class space    used 3154K, capacity 3287K, committed 3372K, reserved 1048576K
