OpenJDK 64-Bit Server VM (25.131-b11) for linux-amd64 JRE (1.8.0_131-8u131-b11-0ubuntu1.16.04.2-b11), built on May  6 2017 02:45:27 by "buildd" with gcc 5.4.0 20160609
Memory: 4k page, physical 7867740k(7463312k free), swap 8076284k(8076284k free)
CommandLine flags: -XX:CMSInitiatingOccupancyFraction=50 -XX:CMSMaxAbortablePrecleanTime=6000 -XX:+CMSParallelRemarkEnabled -XX:+CMSScavengeBeforeRemark -XX:ConcGCThreads=4 -XX:InitialHeapSize=536870912 -XX:MaxHeapSize=536870912 -XX:MaxTenuringThreshold=8 -XX:NewRatio=3 -XX:OldPLABSize=16 -XX:OnOutOfMemoryError=/opt/solr/bin/oom_solr.sh 8983 /var/solr/logs -XX:ParallelGCThreads=4 -XX:+ParallelRefProcEnabled -XX:PretenureSizeThreshold=67108864 -XX:+PrintGC -XX:+PrintGCApplicationStoppedTime -XX:+PrintGCDateStamps -XX:+PrintGCDetails -XX:+PrintGCTimeStamps -XX:+PrintHeapAtGC -XX:+PrintTenuringDistribution -XX:SurvivorRatio=4 -XX:TargetSurvivorRatio=90 -XX:ThreadStackSize=256 -XX:+UseCMSInitiatingOccupancyOnly -XX:+UseCompressedClassPointers -XX:+UseCompressedOops -XX:+UseConcMarkSweepGC -XX:+UseParNewGC 
2017-07-12T17:45:39.722+0200: 0,182: Total time for which application threads were stopped: 0,0001039 seconds, Stopping threads took: 0,0000351 seconds
2017-07-12T17:45:39.822+0200: 0,282: Total time for which application threads were stopped: 0,0001517 seconds, Stopping threads took: 0,0000196 seconds
2017-07-12T17:45:39.853+0200: 0,313: Total time for which application threads were stopped: 0,0001044 seconds, Stopping threads took: 0,0000263 seconds
2017-07-12T17:45:40.139+0200: 0,599: Total time for which application threads were stopped: 0,0001695 seconds, Stopping threads took: 0,0000304 seconds
2017-07-12T17:45:40.557+0200: 1,018: Total time for which application threads were stopped: 0,0001647 seconds, Stopping threads took: 0,0000149 seconds
2017-07-12T17:45:40.619+0200: 1,079: Total time for which application threads were stopped: 0,0001510 seconds, Stopping threads took: 0,0000162 seconds
2017-07-12T17:45:40.638+0200: 1,098: Total time for which application threads were stopped: 0,0002096 seconds, Stopping threads took: 0,0000229 seconds
2017-07-12T17:45:41.034+0200: 1,495: Total time for which application threads were stopped: 0,0001953 seconds, Stopping threads took: 0,0000184 seconds
2017-07-12T17:45:41.299+0200: 1,760: Total time for which application threads were stopped: 0,0001911 seconds, Stopping threads took: 0,0000118 seconds
2017-07-12T17:45:41.328+0200: 1,789: Total time for which application threads were stopped: 0,0002503 seconds, Stopping threads took: 0,0000393 seconds
2017-07-12T17:45:41.369+0200: 1,829: Total time for which application threads were stopped: 0,0001962 seconds, Stopping threads took: 0,0000301 seconds
2017-07-12T17:45:41.370+0200: 1,830: Total time for which application threads were stopped: 0,0002077 seconds, Stopping threads took: 0,0000522 seconds
2017-07-12T17:45:41.392+0200: 1,852: Total time for which application threads were stopped: 0,0002535 seconds, Stopping threads took: 0,0000246 seconds
2017-07-12T17:45:41.496+0200: 1,957: Total time for which application threads were stopped: 0,0005158 seconds, Stopping threads took: 0,0000515 seconds
2017-07-12T17:45:41.683+0200: 2,143: Total time for which application threads were stopped: 0,0002479 seconds, Stopping threads took: 0,0000238 seconds
{Heap before GC invocations=0 (full 0):
 par new generation   total 109248K, used 87424K [0x00000000e0000000, 0x00000000e8000000, 0x00000000e8000000)
  eden space 87424K, 100% used [0x00000000e0000000, 0x00000000e5560000, 0x00000000e5560000)
  from space 21824K,   0% used [0x00000000e5560000, 0x00000000e5560000, 0x00000000e6ab0000)
  to   space 21824K,   0% used [0x00000000e6ab0000, 0x00000000e6ab0000, 0x00000000e8000000)
 concurrent mark-sweep generation total 393216K, used 0K [0x00000000e8000000, 0x0000000100000000, 0x0000000100000000)
 Metaspace       used 17799K, capacity 18112K, committed 18304K, reserved 1064960K
  class space    used 2024K, capacity 2164K, committed 2176K, reserved 1048576K
2017-07-12T17:45:41.718+0200: 2,178: [GC (Allocation Failure) 2017-07-12T17:45:41.718+0200: 2,178: [ParNew
Desired survivor size 20112992 bytes, new threshold 8 (max 8)
- age   1:   11520152 bytes,   11520152 total
: 87424K->11360K(109248K), 0,0150833 secs] 87424K->11360K(502464K), 0,0151833 secs] [Times: user=0,04 sys=0,00, real=0,01 secs] 
Heap after GC invocations=1 (full 0):
 par new generation   total 109248K, used 11360K [0x00000000e0000000, 0x00000000e8000000, 0x00000000e8000000)
  eden space 87424K,   0% used [0x00000000e0000000, 0x00000000e0000000, 0x00000000e5560000)
  from space 21824K,  52% used [0x00000000e6ab0000, 0x00000000e75c80e8, 0x00000000e8000000)
  to   space 21824K,   0% used [0x00000000e5560000, 0x00000000e5560000, 0x00000000e6ab0000)
 concurrent mark-sweep generation total 393216K, used 0K [0x00000000e8000000, 0x0000000100000000, 0x0000000100000000)
 Metaspace       used 17799K, capacity 18112K, committed 18304K, reserved 1064960K
  class space    used 2024K, capacity 2164K, committed 2176K, reserved 1048576K
}
2017-07-12T17:45:41.733+0200: 2,193: Total time for which application threads were stopped: 0,0157988 seconds, Stopping threads took: 0,0004375 seconds
2017-07-12T17:45:42.165+0200: 2,625: Total time for which application threads were stopped: 0,0039579 seconds, Stopping threads took: 0,0036558 seconds
{Heap before GC invocations=1 (full 0):
 par new generation   total 109248K, used 98784K [0x00000000e0000000, 0x00000000e8000000, 0x00000000e8000000)
  eden space 87424K, 100% used [0x00000000e0000000, 0x00000000e5560000, 0x00000000e5560000)
  from space 21824K,  52% used [0x00000000e6ab0000, 0x00000000e75c80e8, 0x00000000e8000000)
  to   space 21824K,   0% used [0x00000000e5560000, 0x00000000e5560000, 0x00000000e6ab0000)
 concurrent mark-sweep generation total 393216K, used 0K [0x00000000e8000000, 0x0000000100000000, 0x0000000100000000)
 Metaspace       used 20046K, capacity 20374K, committed 20736K, reserved 1067008K
  class space    used 2297K, capacity 2473K, committed 2560K, reserved 1048576K
2017-07-12T17:45:42.192+0200: 2,652: [GC (Allocation Failure) 2017-07-12T17:45:42.192+0200: 2,652: [ParNew
Desired survivor size 20112992 bytes, new threshold 8 (max 8)
- age   1:    4396600 bytes,    4396600 total
- age   2:    6157696 bytes,   10554296 total
: 98784K->14531K(109248K), 0,0118267 secs] 98784K->14531K(502464K), 0,0118908 secs] [Times: user=0,03 sys=0,01, real=0,01 secs] 
Heap after GC invocations=2 (full 0):
 par new generation   total 109248K, used 14531K [0x00000000e0000000, 0x00000000e8000000, 0x00000000e8000000)
  eden space 87424K,   0% used [0x00000000e0000000, 0x00000000e0000000, 0x00000000e5560000)
  from space 21824K,  66% used [0x00000000e5560000, 0x00000000e6390f80, 0x00000000e6ab0000)
  to   space 21824K,   0% used [0x00000000e6ab0000, 0x00000000e6ab0000, 0x00000000e8000000)
 concurrent mark-sweep generation total 393216K, used 0K [0x00000000e8000000, 0x0000000100000000, 0x0000000100000000)
 Metaspace       used 20046K, capacity 20374K, committed 20736K, reserved 1067008K
  class space    used 2297K, capacity 2473K, committed 2560K, reserved 1048576K
}
2017-07-12T17:45:42.204+0200: 2,664: Total time for which application threads were stopped: 0,0122343 seconds, Stopping threads took: 0,0001968 seconds
2017-07-12T17:45:42.209+0200: 2,669: Total time for which application threads were stopped: 0,0017933 seconds, Stopping threads took: 0,0015527 seconds
2017-07-12T17:45:42.250+0200: 2,710: Total time for which application threads were stopped: 0,0036378 seconds, Stopping threads took: 0,0033023 seconds
2017-07-12T17:45:42.372+0200: 2,832: Total time for which application threads were stopped: 0,0002244 seconds, Stopping threads took: 0,0000700 seconds
{Heap before GC invocations=2 (full 0):
 par new generation   total 109248K, used 101955K [0x00000000e0000000, 0x00000000e8000000, 0x00000000e8000000)
  eden space 87424K, 100% used [0x00000000e0000000, 0x00000000e5560000, 0x00000000e5560000)
  from space 21824K,  66% used [0x00000000e5560000, 0x00000000e6390f80, 0x00000000e6ab0000)
  to   space 21824K,   0% used [0x00000000e6ab0000, 0x00000000e6ab0000, 0x00000000e8000000)
 concurrent mark-sweep generation total 393216K, used 0K [0x00000000e8000000, 0x0000000100000000, 0x0000000100000000)
 Metaspace       used 20966K, capacity 21296K, committed 21628K, reserved 1069056K
  class space    used 2420K, capacity 2592K, committed 2684K, reserved 1048576K
2017-07-12T17:45:42.408+0200: 2,868: [GC (Allocation Failure) 2017-07-12T17:45:42.408+0200: 2,868: [ParNew
Desired survivor size 20112992 bytes, new threshold 8 (max 8)
- age   1:    2250400 bytes,    2250400 total
- age   2:    1404360 bytes,    3654760 total
- age   3:    6090344 bytes,    9745104 total
: 101955K->12729K(109248K), 0,0098377 secs] 101955K->12729K(502464K), 0,0099169 secs] [Times: user=0,04 sys=0,00, real=0,02 secs] 
Heap after GC invocations=3 (full 0):
 par new generation   total 109248K, used 12729K [0x00000000e0000000, 0x00000000e8000000, 0x00000000e8000000)
  eden space 87424K,   0% used [0x00000000e0000000, 0x00000000e0000000, 0x00000000e5560000)
  from space 21824K,  58% used [0x00000000e6ab0000, 0x00000000e771e610, 0x00000000e8000000)
  to   space 21824K,   0% used [0x00000000e5560000, 0x00000000e5560000, 0x00000000e6ab0000)
 concurrent mark-sweep generation total 393216K, used 0K [0x00000000e8000000, 0x0000000100000000, 0x0000000100000000)
 Metaspace       used 20966K, capacity 21296K, committed 21628K, reserved 1069056K
  class space    used 2420K, capacity 2592K, committed 2684K, reserved 1048576K
}
2017-07-12T17:45:42.418+0200: 2,878: Total time for which application threads were stopped: 0,0105473 seconds, Stopping threads took: 0,0004811 seconds
2017-07-12T17:45:42.418+0200: 2,878: [GC (CMS Initial Mark) [1 CMS-initial-mark: 0K(393216K)] 14099K(502464K), 0,0034472 secs] [Times: user=0,01 sys=0,00, real=0,00 secs] 
2017-07-12T17:45:42.421+0200: 2,882: Total time for which application threads were stopped: 0,0035842 seconds, Stopping threads took: 0,0000440 seconds
2017-07-12T17:45:42.422+0200: 2,882: [CMS-concurrent-mark-start]
2017-07-12T17:45:42.430+0200: 2,891: [CMS-concurrent-mark: 0,009/0,009 secs] [Times: user=0,02 sys=0,01, real=0,01 secs] 
2017-07-12T17:45:42.431+0200: 2,891: [CMS-concurrent-preclean-start]
2017-07-12T17:45:42.432+0200: 2,892: [CMS-concurrent-preclean: 0,001/0,001 secs] [Times: user=0,01 sys=0,00, real=0,00 secs] 
2017-07-12T17:45:42.432+0200: 2,892: [CMS-concurrent-abortable-preclean-start]
2017-07-12T17:45:42.508+0200: 2,968: Total time for which application threads were stopped: 0,0001937 seconds, Stopping threads took: 0,0000921 seconds
{Heap before GC invocations=3 (full 1):
 par new generation   total 109248K, used 100153K [0x00000000e0000000, 0x00000000e8000000, 0x00000000e8000000)
  eden space 87424K, 100% used [0x00000000e0000000, 0x00000000e5560000, 0x00000000e5560000)
  from space 21824K,  58% used [0x00000000e6ab0000, 0x00000000e771e610, 0x00000000e8000000)
  to   space 21824K,   0% used [0x00000000e5560000, 0x00000000e5560000, 0x00000000e6ab0000)
 concurrent mark-sweep generation total 393216K, used 0K [0x00000000e8000000, 0x0000000100000000, 0x0000000100000000)
 Metaspace       used 21247K, capacity 21630K, committed 21884K, reserved 1069056K
  class space    used 2448K, capacity 2606K, committed 2684K, reserved 1048576K
2017-07-12T17:45:42.558+0200: 3,018: [GC (Allocation Failure) 2017-07-12T17:45:42.558+0200: 3,018: [ParNew
Desired survivor size 20112992 bytes, new threshold 8 (max 8)
- age   1:    1090560 bytes,    1090560 total
- age   2:    1471256 bytes,    2561816 total
- age   3:    1383152 bytes,    3944968 total
- age   4:    6090344 bytes,   10035312 total
: 100153K->12457K(109248K), 0,0150126 secs] 100153K->12457K(502464K), 0,0150808 secs] [Times: user=0,05 sys=0,00, real=0,01 secs] 
Heap after GC invocations=4 (full 1):
 par new generation   total 109248K, used 12457K [0x00000000e0000000, 0x00000000e8000000, 0x00000000e8000000)
  eden space 87424K,   0% used [0x00000000e0000000, 0x00000000e0000000, 0x00000000e5560000)
  from space 21824K,  57% used [0x00000000e5560000, 0x00000000e618a790, 0x00000000e6ab0000)
  to   space 21824K,   0% used [0x00000000e6ab0000, 0x00000000e6ab0000, 0x00000000e8000000)
 concurrent mark-sweep generation total 393216K, used 0K [0x00000000e8000000, 0x0000000100000000, 0x0000000100000000)
 Metaspace       used 21247K, capacity 21630K, committed 21884K, reserved 1069056K
  class space    used 2448K, capacity 2606K, committed 2684K, reserved 1048576K
}
2017-07-12T17:45:42.573+0200: 3,033: Total time for which application threads were stopped: 0,0157655 seconds, Stopping threads took: 0,0005432 seconds
{Heap before GC invocations=4 (full 1):
 par new generation   total 109248K, used 99881K [0x00000000e0000000, 0x00000000e8000000, 0x00000000e8000000)
  eden space 87424K, 100% used [0x00000000e0000000, 0x00000000e5560000, 0x00000000e5560000)
  from space 21824K,  57% used [0x00000000e5560000, 0x00000000e618a790, 0x00000000e6ab0000)
  to   space 21824K,   0% used [0x00000000e6ab0000, 0x00000000e6ab0000, 0x00000000e8000000)
 concurrent mark-sweep generation total 393216K, used 0K [0x00000000e8000000, 0x0000000100000000, 0x0000000100000000)
 Metaspace       used 21403K, capacity 21796K, committed 21884K, reserved 1069056K
  class space    used 2466K, capacity 2639K, committed 2684K, reserved 1048576K
2017-07-12T17:45:42.674+0200: 3,134: [GC (Allocation Failure) 2017-07-12T17:45:42.674+0200: 3,134: [ParNew2017-07-12T17:45:42.674+0200: 3,134: [CMS-concurrent-abortable-preclean: 0,118/0,242 secs] [Times: user=0,89 sys=0,01, real=0,24 secs] 

Desired survivor size 20112992 bytes, new threshold 8 (max 8)
- age   1:    1138744 bytes,    1138744 total
- age   2:     174752 bytes,    1313496 total
- age   3:    1470744 bytes,    2784240 total
- age   4:    1377392 bytes,    4161632 total
- age   5:    6090664 bytes,   10252296 total
: 99881K->17191K(109248K), 0,0103039 secs] 99881K->17191K(502464K), 0,0103789 secs] [Times: user=0,03 sys=0,00, real=0,01 secs] 
Heap after GC invocations=5 (full 1):
 par new generation   total 109248K, used 17191K [0x00000000e0000000, 0x00000000e8000000, 0x00000000e8000000)
  eden space 87424K,   0% used [0x00000000e0000000, 0x00000000e0000000, 0x00000000e5560000)
  from space 21824K,  78% used [0x00000000e6ab0000, 0x00000000e7b79ec0, 0x00000000e8000000)
  to   space 21824K,   0% used [0x00000000e5560000, 0x00000000e5560000, 0x00000000e6ab0000)
 concurrent mark-sweep generation total 393216K, used 0K [0x00000000e8000000, 0x0000000100000000, 0x0000000100000000)
 Metaspace       used 21403K, capacity 21796K, committed 21884K, reserved 1069056K
  class space    used 2466K, capacity 2639K, committed 2684K, reserved 1048576K
}
2017-07-12T17:45:42.684+0200: 3,144: Total time for which application threads were stopped: 0,0124432 seconds, Stopping threads took: 0,0019255 seconds
2017-07-12T17:45:42.685+0200: 3,145: [GC (CMS Final Remark) [YG occupancy: 19076 K (109248 K)]{Heap before GC invocations=5 (full 1):
 par new generation   total 109248K, used 19076K [0x00000000e0000000, 0x00000000e8000000, 0x00000000e8000000)
  eden space 87424K,   2% used [0x00000000e0000000, 0x00000000e01d7400, 0x00000000e5560000)
  from space 21824K,  78% used [0x00000000e6ab0000, 0x00000000e7b79ec0, 0x00000000e8000000)
  to   space 21824K,   0% used [0x00000000e5560000, 0x00000000e5560000, 0x00000000e6ab0000)
 concurrent mark-sweep generation total 393216K, used 0K [0x00000000e8000000, 0x0000000100000000, 0x0000000100000000)
 Metaspace       used 21403K, capacity 21796K, committed 21884K, reserved 1069056K
  class space    used 2466K, capacity 2639K, committed 2684K, reserved 1048576K
2017-07-12T17:45:42.685+0200: 3,145: [GC (CMS Final Remark) 2017-07-12T17:45:42.685+0200: 3,145: [ParNew
Desired survivor size 20112992 bytes, new threshold 8 (max 8)
- age   1:     282744 bytes,     282744 total
- age   2:     988392 bytes,    1271136 total
- age   3:     174752 bytes,    1445888 total
- age   4:    1470744 bytes,    2916632 total
- age   5:    1377392 bytes,    4294024 total
- age   6:    6090368 bytes,   10384392 total
: 19076K->12792K(109248K), 0,0102451 secs] 19076K->12792K(502464K), 0,0102875 secs] [Times: user=0,02 sys=0,00, real=0,01 secs] 
Heap after GC invocations=6 (full 1):
 par new generation   total 109248K, used 12792K [0x00000000e0000000, 0x00000000e8000000, 0x00000000e8000000)
  eden space 87424K,   0% used [0x00000000e0000000, 0x00000000e0000000, 0x00000000e5560000)
  from space 21824K,  58% used [0x00000000e5560000, 0x00000000e61de2a0, 0x00000000e6ab0000)
  to   space 21824K,   0% used [0x00000000e6ab0000, 0x00000000e6ab0000, 0x00000000e8000000)
 concurrent mark-sweep generation total 393216K, used 0K [0x00000000e8000000, 0x0000000100000000, 0x0000000100000000)
 Metaspace       used 21403K, capacity 21796K, committed 21884K, reserved 1069056K
  class space    used 2466K, capacity 2639K, committed 2684K, reserved 1048576K
}
2017-07-12T17:45:42.695+0200: 3,155: [Rescan (parallel) , 0,0037387 secs]2017-07-12T17:45:42.699+0200: 3,159: [weak refs processing, 0,0012648 secs]2017-07-12T17:45:42.700+0200: 3,160: [class unloading, 0,0029086 secs]2017-07-12T17:45:42.703+0200: 3,163: [scrub symbol table, 0,0025737 secs]2017-07-12T17:45:42.706+0200: 3,166: [scrub string table, 0,0003771 secs][1 CMS-remark: 0K(393216K)] 12792K(502464K), 0,0218506 secs] [Times: user=0,04 sys=0,00, real=0,02 secs] 
2017-07-12T17:45:42.707+0200: 3,167: Total time for which application threads were stopped: 0,0219848 seconds, Stopping threads took: 0,0000527 seconds
2017-07-12T17:45:42.707+0200: 3,167: [CMS-concurrent-sweep-start]
2017-07-12T17:45:42.707+0200: 3,167: [CMS-concurrent-sweep: 0,000/0,000 secs] [Times: user=0,00 sys=0,00, real=0,00 secs] 
2017-07-12T17:45:42.707+0200: 3,167: [CMS-concurrent-reset-start]
2017-07-12T17:45:42.709+0200: 3,170: [CMS-concurrent-reset: 0,002/0,002 secs] [Times: user=0,01 sys=0,00, real=0,01 secs] 
2017-07-12T17:45:42.742+0200: 3,202: Total time for which application threads were stopped: 0,0003407 seconds, Stopping threads took: 0,0000195 seconds
2017-07-12T17:45:43.008+0200: 3,468: Total time for which application threads were stopped: 0,0004703 seconds, Stopping threads took: 0,0000490 seconds
2017-07-12T17:45:43.020+0200: 3,480: Total time for which application threads were stopped: 0,0003953 seconds, Stopping threads took: 0,0000250 seconds
{Heap before GC invocations=6 (full 1):
 par new generation   total 109248K, used 100216K [0x00000000e0000000, 0x00000000e8000000, 0x00000000e8000000)
  eden space 87424K, 100% used [0x00000000e0000000, 0x00000000e5560000, 0x00000000e5560000)
  from space 21824K,  58% used [0x00000000e5560000, 0x00000000e61de2a0, 0x00000000e6ab0000)
  to   space 21824K,   0% used [0x00000000e6ab0000, 0x00000000e6ab0000, 0x00000000e8000000)
 concurrent mark-sweep generation total 393216K, used 0K [0x00000000e8000000, 0x0000000100000000, 0x0000000100000000)
 Metaspace       used 23991K, capacity 24466K, committed 24572K, reserved 1071104K
  class space    used 2832K, capacity 3016K, committed 3068K, reserved 1048576K
2017-07-12T17:45:43.174+0200: 3,634: [GC (Allocation Failure) 2017-07-12T17:45:43.174+0200: 3,634: [ParNew
Desired survivor size 20112992 bytes, new threshold 8 (max 8)
- age   1:    5304952 bytes,    5304952 total
- age   2:       1952 bytes,    5306904 total
- age   3:     118720 bytes,    5425624 total
- age   4:     173304 bytes,    5598928 total
- age   5:     301056 bytes,    5899984 total
- age   6:    1352976 bytes,    7252960 total
- age   7:    6082352 bytes,   13335312 total
: 100216K->17537K(109248K), 0,0206414 secs] 100216K->17537K(502464K), 0,0207254 secs] [Times: user=0,07 sys=0,00, real=0,02 secs] 
Heap after GC invocations=7 (full 1):
 par new generation   total 109248K, used 17537K [0x00000000e0000000, 0x00000000e8000000, 0x00000000e8000000)
  eden space 87424K,   0% used [0x00000000e0000000, 0x00000000e0000000, 0x00000000e5560000)
  from space 21824K,  80% used [0x00000000e6ab0000, 0x00000000e7bd0600, 0x00000000e8000000)
  to   space 21824K,   0% used [0x00000000e5560000, 0x00000000e5560000, 0x00000000e6ab0000)
 concurrent mark-sweep generation total 393216K, used 0K [0x00000000e8000000, 0x0000000100000000, 0x0000000100000000)
 Metaspace       used 23991K, capacity 24466K, committed 24572K, reserved 1071104K
  class space    used 2832K, capacity 3016K, committed 3068K, reserved 1048576K
}
2017-07-12T17:45:43.195+0200: 3,655: Total time for which application threads were stopped: 0,0232328 seconds, Stopping threads took: 0,0022156 seconds
{Heap before GC invocations=7 (full 1):
 par new generation   total 109248K, used 104949K [0x00000000e0000000, 0x00000000e8000000, 0x00000000e8000000)
  eden space 87424K,  99% used [0x00000000e0000000, 0x00000000e555ce80, 0x00000000e5560000)
  from space 21824K,  80% used [0x00000000e6ab0000, 0x00000000e7bd0600, 0x00000000e8000000)
  to   space 21824K,   0% used [0x00000000e5560000, 0x00000000e5560000, 0x00000000e6ab0000)
 concurrent mark-sweep generation total 393216K, used 0K [0x00000000e8000000, 0x0000000100000000, 0x0000000100000000)
 Metaspace       used 24296K, capacity 24824K, committed 25084K, reserved 1071104K
  class space    used 2853K, capacity 3050K, committed 3068K, reserved 1048576K
2017-07-12T17:45:43.277+0200: 3,737: [GC (Allocation Failure) 2017-07-12T17:45:43.277+0200: 3,737: [ParNew
Desired survivor size 20112992 bytes, new threshold 8 (max 8)
- age   1:    1805592 bytes,    1805592 total
- age   2:    1799776 bytes,    3605368 total
- age   3:       1552 bytes,    3606920 total
- age   4:      65320 bytes,    3672240 total
- age   5:      92368 bytes,    3764608 total
- age   6:     182208 bytes,    3946816 total
- age   7:    1049744 bytes,    4996560 total
- age   8:    5834648 bytes,   10831208 total
: 104949K->14151K(109248K), 0,0202662 secs] 104949K->14151K(502464K), 0,0203541 secs] [Times: user=0,05 sys=0,00, real=0,02 secs] 
Heap after GC invocations=8 (full 1):
 par new generation   total 109248K, used 14151K [0x00000000e0000000, 0x00000000e8000000, 0x00000000e8000000)
  eden space 87424K,   0% used [0x00000000e0000000, 0x00000000e0000000, 0x00000000e5560000)
  from space 21824K,  64% used [0x00000000e5560000, 0x00000000e6331d80, 0x00000000e6ab0000)
  to   space 21824K,   0% used [0x00000000e6ab0000, 0x00000000e6ab0000, 0x00000000e8000000)
 concurrent mark-sweep generation total 393216K, used 0K [0x00000000e8000000, 0x0000000100000000, 0x0000000100000000)
 Metaspace       used 24296K, capacity 24824K, committed 25084K, reserved 1071104K
  class space    used 2853K, capacity 3050K, committed 3068K, reserved 1048576K
}
2017-07-12T17:45:43.297+0200: 3,757: Total time for which application threads were stopped: 0,0205899 seconds, Stopping threads took: 0,0000395 seconds
{Heap before GC invocations=8 (full 1):
 par new generation   total 109248K, used 101575K [0x00000000e0000000, 0x00000000e8000000, 0x00000000e8000000)
  eden space 87424K, 100% used [0x00000000e0000000, 0x00000000e5560000, 0x00000000e5560000)
  from space 21824K,  64% used [0x00000000e5560000, 0x00000000e6331d80, 0x00000000e6ab0000)
  to   space 21824K,   0% used [0x00000000e6ab0000, 0x00000000e6ab0000, 0x00000000e8000000)
 concurrent mark-sweep generation total 393216K, used 0K [0x00000000e8000000, 0x0000000100000000, 0x0000000100000000)
 Metaspace       used 24570K, capacity 25048K, committed 25084K, reserved 1071104K
  class space    used 2875K, capacity 3055K, committed 3068K, reserved 1048576K
2017-07-12T17:45:43.393+0200: 3,853: [GC (Allocation Failure) 2017-07-12T17:45:43.393+0200: 3,853: [ParNew
Desired survivor size 20112992 bytes, new threshold 8 (max 8)
- age   1:     882320 bytes,     882320 total
- age   2:     976648 bytes,    1858968 total
- age   3:    1777480 bytes,    3636448 total
- age   4:       1552 bytes,    3638000 total
- age   5:      65320 bytes,    3703320 total
- age   6:      92096 bytes,    3795416 total
- age   7:     179408 bytes,    3974824 total
- age   8:    1048976 bytes,    5023800 total
: 101575K->8603K(109248K), 0,0292131 secs] 101575K->14382K(502464K), 0,0292893 secs] [Times: user=0,09 sys=0,01, real=0,03 secs] 
Heap after GC invocations=9 (full 1):
 par new generation   total 109248K, used 8603K [0x00000000e0000000, 0x00000000e8000000, 0x00000000e8000000)
  eden space 87424K,   0% used [0x00000000e0000000, 0x00000000e0000000, 0x00000000e5560000)
  from space 21824K,  39% used [0x00000000e6ab0000, 0x00000000e7316c70, 0x00000000e8000000)
  to   space 21824K,   0% used [0x00000000e5560000, 0x00000000e5560000, 0x00000000e6ab0000)
 concurrent mark-sweep generation total 393216K, used 5779K [0x00000000e8000000, 0x0000000100000000, 0x0000000100000000)
 Metaspace       used 24570K, capacity 25048K, committed 25084K, reserved 1071104K
  class space    used 2875K, capacity 3055K, committed 3068K, reserved 1048576K
}
2017-07-12T17:45:43.422+0200: 3,882: Total time for which application threads were stopped: 0,0301906 seconds, Stopping threads took: 0,0007105 seconds
2017-07-12T17:45:43.594+0200: 4,055: Total time for which application threads were stopped: 0,0005252 seconds, Stopping threads took: 0,0000723 seconds
2017-07-12T17:45:43.598+0200: 4,058: Total time for which application threads were stopped: 0,0001351 seconds, Stopping threads took: 0,0000429 seconds
2017-07-12T17:45:43.598+0200: 4,058: Total time for which application threads were stopped: 0,0000982 seconds, Stopping threads took: 0,0000334 seconds
2017-07-12T17:45:43.599+0200: 4,059: Total time for which application threads were stopped: 0,0000843 seconds, Stopping threads took: 0,0000260 seconds
2017-07-12T17:45:43.599+0200: 4,059: Total time for which application threads were stopped: 0,0000676 seconds, Stopping threads took: 0,0000250 seconds
2017-07-12T17:45:43.599+0200: 4,060: Total time for which application threads were stopped: 0,0001322 seconds, Stopping threads took: 0,0000390 seconds
2017-07-12T17:45:43.602+0200: 4,062: Total time for which application threads were stopped: 0,0018689 seconds, Stopping threads took: 0,0018017 seconds
2017-07-12T17:45:43.602+0200: 4,062: Total time for which application threads were stopped: 0,0000818 seconds, Stopping threads took: 0,0000334 seconds
2017-07-12T17:45:43.602+0200: 4,062: Total time for which application threads were stopped: 0,0000832 seconds, Stopping threads took: 0,0000280 seconds
2017-07-12T17:45:43.602+0200: 4,062: Total time for which application threads were stopped: 0,0000779 seconds, Stopping threads took: 0,0000195 seconds
2017-07-12T17:45:43.602+0200: 4,062: Total time for which application threads were stopped: 0,0000704 seconds, Stopping threads took: 0,0000165 seconds
2017-07-12T17:45:43.602+0200: 4,062: Total time for which application threads were stopped: 0,0000702 seconds, Stopping threads took: 0,0000157 seconds
2017-07-12T17:45:43.603+0200: 4,063: Total time for which application threads were stopped: 0,0002659 seconds, Stopping threads took: 0,0001974 seconds
2017-07-12T17:45:43.603+0200: 4,063: Total time for which application threads were stopped: 0,0001545 seconds, Stopping threads took: 0,0001106 seconds
2017-07-12T17:45:43.603+0200: 4,063: Total time for which application threads were stopped: 0,0000778 seconds, Stopping threads took: 0,0000201 seconds
2017-07-12T17:45:43.603+0200: 4,063: Total time for which application threads were stopped: 0,0000655 seconds, Stopping threads took: 0,0000162 seconds
2017-07-12T17:45:43.603+0200: 4,063: Total time for which application threads were stopped: 0,0001244 seconds, Stopping threads took: 0,0000679 seconds
2017-07-12T17:45:43.604+0200: 4,064: Total time for which application threads were stopped: 0,0000848 seconds, Stopping threads took: 0,0000245 seconds
2017-07-12T17:45:43.604+0200: 4,064: Total time for which application threads were stopped: 0,0000657 seconds, Stopping threads took: 0,0000207 seconds
2017-07-12T17:45:43.604+0200: 4,064: Total time for which application threads were stopped: 0,0000753 seconds, Stopping threads took: 0,0000218 seconds
2017-07-12T17:45:43.604+0200: 4,064: Total time for which application threads were stopped: 0,0000751 seconds, Stopping threads took: 0,0000226 seconds
2017-07-12T17:45:43.605+0200: 4,065: Total time for which application threads were stopped: 0,0001669 seconds, Stopping threads took: 0,0000195 seconds
2017-07-12T17:45:43.608+0200: 4,068: Total time for which application threads were stopped: 0,0001217 seconds, Stopping threads took: 0,0000475 seconds
2017-07-12T17:45:43.608+0200: 4,068: Total time for which application threads were stopped: 0,0000681 seconds, Stopping threads took: 0,0000207 seconds
2017-07-12T17:45:43.608+0200: 4,068: Total time for which application threads were stopped: 0,0000656 seconds, Stopping threads took: 0,0000236 seconds
2017-07-12T17:45:43.608+0200: 4,068: Total time for which application threads were stopped: 0,0000536 seconds, Stopping threads took: 0,0000168 seconds
2017-07-12T17:45:43.608+0200: 4,068: Total time for which application threads were stopped: 0,0000571 seconds, Stopping threads took: 0,0000203 seconds
2017-07-12T17:45:43.608+0200: 4,069: Total time for which application threads were stopped: 0,0000959 seconds, Stopping threads took: 0,0000274 seconds
2017-07-12T17:45:43.609+0200: 4,069: Total time for which application threads were stopped: 0,0000786 seconds, Stopping threads took: 0,0000197 seconds
2017-07-12T17:45:43.609+0200: 4,069: Total time for which application threads were stopped: 0,0000751 seconds, Stopping threads took: 0,0000288 seconds
2017-07-12T17:45:43.609+0200: 4,069: Total time for which application threads were stopped: 0,0000688 seconds, Stopping threads took: 0,0000193 seconds
2017-07-12T17:45:43.609+0200: 4,069: Total time for which application threads were stopped: 0,0000741 seconds, Stopping threads took: 0,0000232 seconds
2017-07-12T17:45:43.609+0200: 4,069: Total time for which application threads were stopped: 0,0000953 seconds, Stopping threads took: 0,0000294 seconds
2017-07-12T17:45:43.609+0200: 4,069: Total time for which application threads were stopped: 0,0000898 seconds, Stopping threads took: 0,0000248 seconds
2017-07-12T17:45:43.610+0200: 4,070: Total time for which application threads were stopped: 0,0001120 seconds, Stopping threads took: 0,0000208 seconds
2017-07-12T17:45:43.610+0200: 4,070: Total time for which application threads were stopped: 0,0000744 seconds, Stopping threads took: 0,0000108 seconds
2017-07-12T17:45:43.610+0200: 4,070: Total time for which application threads were stopped: 0,0000684 seconds, Stopping threads took: 0,0000086 seconds
2017-07-12T17:45:43.614+0200: 4,074: Total time for which application threads were stopped: 0,0037688 seconds, Stopping threads took: 0,0037115 seconds
2017-07-12T17:45:43.614+0200: 4,074: Total time for which application threads were stopped: 0,0000711 seconds, Stopping threads took: 0,0000237 seconds
2017-07-12T17:45:43.616+0200: 4,076: Total time for which application threads were stopped: 0,0002346 seconds, Stopping threads took: 0,0000724 seconds
2017-07-12T17:45:43.616+0200: 4,077: Total time for which application threads were stopped: 0,0001036 seconds, Stopping threads took: 0,0000222 seconds
2017-07-12T17:45:43.617+0200: 4,077: Total time for which application threads were stopped: 0,0003546 seconds, Stopping threads took: 0,0002535 seconds
2017-07-12T17:45:43.617+0200: 4,078: Total time for which application threads were stopped: 0,0002582 seconds, Stopping threads took: 0,0001861 seconds
2017-07-12T17:45:43.618+0200: 4,078: Total time for which application threads were stopped: 0,0000982 seconds, Stopping threads took: 0,0000249 seconds
2017-07-12T17:45:43.618+0200: 4,078: Total time for which application threads were stopped: 0,0001090 seconds, Stopping threads took: 0,0000215 seconds
2017-07-12T17:45:43.618+0200: 4,078: Total time for which application threads were stopped: 0,0001757 seconds, Stopping threads took: 0,0000446 seconds
2017-07-12T17:45:43.627+0200: 4,087: Total time for which application threads were stopped: 0,0001159 seconds, Stopping threads took: 0,0000252 seconds
2017-07-12T17:45:43.640+0200: 4,100: Total time for which application threads were stopped: 0,0001481 seconds, Stopping threads took: 0,0000435 seconds
2017-07-12T17:45:43.649+0200: 4,109: Total time for which application threads were stopped: 0,0001924 seconds, Stopping threads took: 0,0000788 seconds
2017-07-12T17:45:43.651+0200: 4,111: Total time for which application threads were stopped: 0,0002542 seconds, Stopping threads took: 0,0001612 seconds
2017-07-12T17:45:43.658+0200: 4,118: Total time for which application threads were stopped: 0,0003065 seconds, Stopping threads took: 0,0002146 seconds
2017-07-12T17:45:43.666+0200: 4,126: Total time for which application threads were stopped: 0,0001657 seconds, Stopping threads took: 0,0000743 seconds
2017-07-12T17:45:43.666+0200: 4,126: Total time for which application threads were stopped: 0,0001250 seconds, Stopping threads took: 0,0000352 seconds
2017-07-12T17:45:43.694+0200: 4,154: Total time for which application threads were stopped: 0,0031825 seconds, Stopping threads took: 0,0031055 seconds
2017-07-12T17:45:43.707+0200: 4,167: Total time for which application threads were stopped: 0,0001423 seconds, Stopping threads took: 0,0000388 seconds
2017-07-12T17:45:43.724+0200: 4,185: Total time for which application threads were stopped: 0,0001486 seconds, Stopping threads took: 0,0000362 seconds
2017-07-12T17:45:43.786+0200: 4,246: Total time for which application threads were stopped: 0,0005631 seconds, Stopping threads took: 0,0000463 seconds
2017-07-12T17:45:43.802+0200: 4,262: Total time for which application threads were stopped: 0,0004847 seconds, Stopping threads took: 0,0000248 seconds
2017-07-12T17:45:43.890+0200: 4,350: Total time for which application threads were stopped: 0,0007668 seconds, Stopping threads took: 0,0000239 seconds
2017-07-12T17:45:43.893+0200: 4,353: Total time for which application threads were stopped: 0,0002428 seconds, Stopping threads took: 0,0001398 seconds
2017-07-12T17:45:43.900+0200: 4,360: Total time for which application threads were stopped: 0,0001662 seconds, Stopping threads took: 0,0000382 seconds
2017-07-12T17:45:43.901+0200: 4,362: Total time for which application threads were stopped: 0,0001119 seconds, Stopping threads took: 0,0000282 seconds
2017-07-12T17:45:43.929+0200: 4,389: Total time for which application threads were stopped: 0,0034057 seconds, Stopping threads took: 0,0032577 seconds
2017-07-12T17:45:43.938+0200: 4,398: Total time for which application threads were stopped: 0,0001346 seconds, Stopping threads took: 0,0000376 seconds
2017-07-12T17:45:43.939+0200: 4,399: Total time for which application threads were stopped: 0,0000829 seconds, Stopping threads took: 0,0000194 seconds
2017-07-12T17:45:43.942+0200: 4,402: Total time for which application threads were stopped: 0,0002590 seconds, Stopping threads took: 0,0001333 seconds
2017-07-12T17:45:43.948+0200: 4,408: Total time for which application threads were stopped: 0,0001444 seconds, Stopping threads took: 0,0000401 seconds
2017-07-12T17:45:43.968+0200: 4,428: Total time for which application threads were stopped: 0,0061601 seconds, Stopping threads took: 0,0060572 seconds
2017-07-12T17:45:43.983+0200: 4,443: Total time for which application threads were stopped: 0,0019485 seconds, Stopping threads took: 0,0018503 seconds
2017-07-12T17:45:43.991+0200: 4,451: Total time for which application threads were stopped: 0,0007332 seconds, Stopping threads took: 0,0005563 seconds
2017-07-12T17:45:43.998+0200: 4,458: Total time for which application threads were stopped: 0,0001658 seconds, Stopping threads took: 0,0000212 seconds
2017-07-12T17:45:44.000+0200: 4,460: Total time for which application threads were stopped: 0,0002713 seconds, Stopping threads took: 0,0001598 seconds
{Heap before GC invocations=9 (full 1):
 par new generation   total 109248K, used 96027K [0x00000000e0000000, 0x00000000e8000000, 0x00000000e8000000)
  eden space 87424K, 100% used [0x00000000e0000000, 0x00000000e5560000, 0x00000000e5560000)
  from space 21824K,  39% used [0x00000000e6ab0000, 0x00000000e7316c70, 0x00000000e8000000)
  to   space 21824K,   0% used [0x00000000e5560000, 0x00000000e5560000, 0x00000000e6ab0000)
 concurrent mark-sweep generation total 393216K, used 5779K [0x00000000e8000000, 0x0000000100000000, 0x0000000100000000)
 Metaspace       used 27626K, capacity 28160K, committed 28284K, reserved 1075200K
  class space    used 3166K, capacity 3363K, committed 3452K, reserved 1048576K
2017-07-12T17:45:44.008+0200: 4,468: [GC (Allocation Failure) 2017-07-12T17:45:44.008+0200: 4,468: [ParNew
Desired survivor size 20112992 bytes, new threshold 8 (max 8)
- age   1:    8716280 bytes,    8716280 total
- age   2:     171752 bytes,    8888032 total
- age   3:     194000 bytes,    9082032 total
- age   4:    1773232 bytes,   10855264 total
- age   5:       1552 bytes,   10856816 total
- age   6:      62904 bytes,   10919720 total
- age   7:      92000 bytes,   11011720 total
- age   8:     178888 bytes,   11190608 total
: 96027K->12636K(109248K), 0,0174965 secs] 101806K->19569K(502464K), 0,0175637 secs] [Times: user=0,06 sys=0,00, real=0,02 secs] 
Heap after GC invocations=10 (full 1):
 par new generation   total 109248K, used 12636K [0x00000000e0000000, 0x00000000e8000000, 0x00000000e8000000)
  eden space 87424K,   0% used [0x00000000e0000000, 0x00000000e0000000, 0x00000000e5560000)
  from space 21824K,  57% used [0x00000000e5560000, 0x00000000e61b7288, 0x00000000e6ab0000)
  to   space 21824K,   0% used [0x00000000e6ab0000, 0x00000000e6ab0000, 0x00000000e8000000)
 concurrent mark-sweep generation total 393216K, used 6932K [0x00000000e8000000, 0x0000000100000000, 0x0000000100000000)
 Metaspace       used 27626K, capacity 28160K, committed 28284K, reserved 1075200K
  class space    used 3166K, capacity 3363K, committed 3452K, reserved 1048576K
}
2017-07-12T17:45:44.026+0200: 4,486: Total time for which application threads were stopped: 0,0178024 seconds, Stopping threads took: 0,0000376 seconds
2017-07-12T17:45:44.027+0200: 4,488: Total time for which application threads were stopped: 0,0001604 seconds, Stopping threads took: 0,0000440 seconds
2017-07-12T17:45:44.029+0200: 4,489: Total time for which application threads were stopped: 0,0006044 seconds, Stopping threads took: 0,0005210 seconds
2017-07-12T17:45:44.037+0200: 4,497: Total time for which application threads were stopped: 0,0001509 seconds, Stopping threads took: 0,0000587 seconds
2017-07-12T17:45:44.053+0200: 4,513: Total time for which application threads were stopped: 0,0007157 seconds, Stopping threads took: 0,0000939 seconds
2017-07-12T17:45:44.064+0200: 4,524: Total time for which application threads were stopped: 0,0022591 seconds, Stopping threads took: 0,0021284 seconds
2017-07-12T17:45:44.065+0200: 4,525: Total time for which application threads were stopped: 0,0002131 seconds, Stopping threads took: 0,0000173 seconds
2017-07-12T17:45:45.065+0200: 5,525: Total time for which application threads were stopped: 0,0000659 seconds, Stopping threads took: 0,0000167 seconds
2017-07-12T17:47:37.080+0200: 117,540: Total time for which application threads were stopped: 0,0000847 seconds, Stopping threads took: 0,0000350 seconds
2017-07-12T17:47:41.080+0200: 121,541: Total time for which application threads were stopped: 0,0000659 seconds, Stopping threads took: 0,0000161 seconds
2017-07-12T17:48:41.088+0200: 181,548: Total time for which application threads were stopped: 0,0000927 seconds, Stopping threads took: 0,0000365 seconds
2017-07-12T17:50:16.103+0200: 276,563: Total time for which application threads were stopped: 0,0001708 seconds, Stopping threads took: 0,0000637 seconds
2017-07-12T18:09:11.273+0200: 1411,734: Total time for which application threads were stopped: 0,0004441 seconds, Stopping threads took: 0,0001650 seconds
2017-07-12T18:13:56.306+0200: 1696,766: Total time for which application threads were stopped: 0,0002671 seconds, Stopping threads took: 0,0001311 seconds
2017-07-12T18:24:02.369+0200: 2302,829: Total time for which application threads were stopped: 0,0000810 seconds, Stopping threads took: 0,0000303 seconds
2017-07-12T18:24:06.369+0200: 2306,829: Total time for which application threads were stopped: 0,0001051 seconds, Stopping threads took: 0,0000230 seconds
2017-07-12T18:39:22.463+0200: 3222,923: Total time for which application threads were stopped: 0,0000819 seconds, Stopping threads took: 0,0000315 seconds
2017-07-12T18:49:56.528+0200: 3856,988: Total time for which application threads were stopped: 0,0000819 seconds, Stopping threads took: 0,0000298 seconds
2017-07-12T18:50:01.529+0200: 3861,989: Total time for which application threads were stopped: 0,0000793 seconds, Stopping threads took: 0,0000306 seconds
2017-07-12T19:06:32.635+0200: 4853,095: Total time for which application threads were stopped: 0,0001041 seconds, Stopping threads took: 0,0000449 seconds
2017-07-12T19:07:27.641+0200: 4908,102: Total time for which application threads were stopped: 0,0001739 seconds, Stopping threads took: 0,0000485 seconds
2017-07-12T19:38:31.866+0200: 6772,326: Total time for which application threads were stopped: 0,0001845 seconds, Stopping threads took: 0,0000649 seconds
2017-07-12T19:47:11.942+0200: 7292,402: Total time for which application threads were stopped: 0,0002614 seconds, Stopping threads took: 0,0000680 seconds
2017-07-12T19:47:41.946+0200: 7322,406: Total time for which application threads were stopped: 0,0000790 seconds, Stopping threads took: 0,0000294 seconds
2017-07-12T19:53:42.000+0200: 7682,460: Total time for which application threads were stopped: 0,0001008 seconds, Stopping threads took: 0,0000354 seconds
2017-07-12T20:58:11.439+0200: 11551,899: Total time for which application threads were stopped: 0,0000817 seconds, Stopping threads took: 0,0000288 seconds
2017-07-12T22:01:41.828+0200: 15362,288: Total time for which application threads were stopped: 0,0000795 seconds, Stopping threads took: 0,0000285 seconds
2017-07-12T22:51:42.123+0200: 18362,583: Total time for which application threads were stopped: 0,0005950 seconds, Stopping threads took: 0,0001929 seconds
2017-07-13T00:53:42.440+0200: 25682,900: Total time for which application threads were stopped: 0,0099933 seconds, Stopping threads took: 0,0098653 seconds
2017-07-13T00:53:42.440+0200: 25682,901: Total time for which application threads were stopped: 0,0000980 seconds, Stopping threads took: 0,0000201 seconds
2017-07-13T00:53:42.441+0200: 25682,901: Total time for which application threads were stopped: 0,0000925 seconds, Stopping threads took: 0,0000161 seconds
2017-07-13T00:53:42.441+0200: 25682,902: Total time for which application threads were stopped: 0,0000548 seconds, Stopping threads took: 0,0000069 seconds
2017-07-13T00:53:42.442+0200: 25682,902: Total time for which application threads were stopped: 0,0003051 seconds, Stopping threads took: 0,0000053 seconds
2017-07-13T00:53:42.442+0200: 25682,903: Total time for which application threads were stopped: 0,0000772 seconds, Stopping threads took: 0,0000187 seconds
2017-07-13T00:53:42.453+0200: 25682,913: Total time for which application threads were stopped: 0,0001029 seconds, Stopping threads took: 0,0000171 seconds
2017-07-13T00:53:42.453+0200: 25682,913: Total time for which application threads were stopped: 0,0000899 seconds, Stopping threads took: 0,0000092 seconds
2017-07-13T00:53:42.453+0200: 25682,913: Total time for which application threads were stopped: 0,0000633 seconds, Stopping threads took: 0,0000079 seconds
2017-07-13T00:53:42.454+0200: 25682,914: Total time for which application threads were stopped: 0,0000806 seconds, Stopping threads took: 0,0000217 seconds
2017-07-13T00:53:42.454+0200: 25682,914: Total time for which application threads were stopped: 0,0000422 seconds, Stopping threads took: 0,0000067 seconds
2017-07-13T00:53:42.454+0200: 25682,914: Total time for which application threads were stopped: 0,0000407 seconds, Stopping threads took: 0,0000065 seconds
2017-07-13T00:53:42.454+0200: 25682,914: Total time for which application threads were stopped: 0,0000425 seconds, Stopping threads took: 0,0000066 seconds
2017-07-13T00:53:42.454+0200: 25682,914: Total time for which application threads were stopped: 0,0000406 seconds, Stopping threads took: 0,0000074 seconds
2017-07-13T00:53:42.454+0200: 25682,914: Total time for which application threads were stopped: 0,0000394 seconds, Stopping threads took: 0,0000064 seconds
2017-07-13T00:53:42.454+0200: 25682,914: Total time for which application threads were stopped: 0,0000343 seconds, Stopping threads took: 0,0000048 seconds
2017-07-13T00:53:42.454+0200: 25682,914: Total time for which application threads were stopped: 0,0000380 seconds, Stopping threads took: 0,0000045 seconds
2017-07-13T00:53:42.454+0200: 25682,914: Total time for which application threads were stopped: 0,0000363 seconds, Stopping threads took: 0,0000046 seconds
2017-07-13T00:53:42.454+0200: 25682,914: Total time for which application threads were stopped: 0,0000424 seconds, Stopping threads took: 0,0000066 seconds
2017-07-13T00:53:42.454+0200: 25682,915: Total time for which application threads were stopped: 0,0000477 seconds, Stopping threads took: 0,0000069 seconds
2017-07-13T00:53:42.455+0200: 25682,915: Total time for which application threads were stopped: 0,0000449 seconds, Stopping threads took: 0,0000086 seconds
2017-07-13T00:53:42.455+0200: 25682,915: Total time for which application threads were stopped: 0,0000391 seconds, Stopping threads took: 0,0000053 seconds
2017-07-13T00:53:42.455+0200: 25682,915: Total time for which application threads were stopped: 0,0000360 seconds, Stopping threads took: 0,0000048 seconds
2017-07-13T00:53:42.455+0200: 25682,915: Total time for which application threads were stopped: 0,0000338 seconds, Stopping threads took: 0,0000045 seconds
2017-07-13T00:53:42.455+0200: 25682,915: Total time for which application threads were stopped: 0,0000365 seconds, Stopping threads took: 0,0000044 seconds
2017-07-13T00:53:42.455+0200: 25682,915: Total time for which application threads were stopped: 0,0000357 seconds, Stopping threads took: 0,0000045 seconds
2017-07-13T00:53:42.455+0200: 25682,915: Total time for which application threads were stopped: 0,0000343 seconds, Stopping threads took: 0,0000045 seconds
2017-07-13T00:53:42.467+0200: 25682,927: Total time for which application threads were stopped: 0,0116508 seconds, Stopping threads took: 0,0000047 seconds
2017-07-13T00:53:42.467+0200: 25682,927: Total time for which application threads were stopped: 0,0000572 seconds, Stopping threads took: 0,0000084 seconds
2017-07-13T00:53:42.467+0200: 25682,927: Total time for which application threads were stopped: 0,0000439 seconds, Stopping threads took: 0,0000061 seconds
2017-07-13T00:53:42.467+0200: 25682,927: Total time for which application threads were stopped: 0,0000405 seconds, Stopping threads took: 0,0000054 seconds
2017-07-13T00:53:42.467+0200: 25682,927: Total time for which application threads were stopped: 0,0000373 seconds, Stopping threads took: 0,0000047 seconds
2017-07-13T00:53:42.468+0200: 25682,928: Total time for which application threads were stopped: 0,0062203 seconds, Stopping threads took: 0,0000288 seconds
2017-07-13T00:53:42.489+0200: 25682,949: Total time for which application threads were stopped: 0,0027350 seconds, Stopping threads took: 0,0026306 seconds
2017-07-13T00:53:42.491+0200: 25682,951: Total time for which application threads were stopped: 0,0000980 seconds, Stopping threads took: 0,0000149 seconds
2017-07-13T00:53:42.491+0200: 25682,951: Total time for which application threads were stopped: 0,0000812 seconds, Stopping threads took: 0,0000217 seconds
2017-07-13T00:53:42.491+0200: 25682,951: Total time for which application threads were stopped: 0,0000460 seconds, Stopping threads took: 0,0000088 seconds
2017-07-13T00:53:42.491+0200: 25682,951: Total time for which application threads were stopped: 0,0000359 seconds, Stopping threads took: 0,0000047 seconds
2017-07-13T00:53:42.495+0200: 25682,955: Total time for which application threads were stopped: 0,0001084 seconds, Stopping threads took: 0,0000327 seconds
2017-07-13T00:53:42.497+0200: 25682,957: Total time for which application threads were stopped: 0,0000954 seconds, Stopping threads took: 0,0000260 seconds
2017-07-13T00:53:42.497+0200: 25682,957: Total time for which application threads were stopped: 0,0000520 seconds, Stopping threads took: 0,0000127 seconds
2017-07-13T00:53:42.497+0200: 25682,957: Total time for which application threads were stopped: 0,0000479 seconds, Stopping threads took: 0,0000120 seconds
2017-07-13T00:53:42.497+0200: 25682,957: Total time for which application threads were stopped: 0,0000391 seconds, Stopping threads took: 0,0000047 seconds
2017-07-13T00:53:42.497+0200: 25682,957: Total time for which application threads were stopped: 0,0000396 seconds, Stopping threads took: 0,0000051 seconds
2017-07-13T00:53:42.497+0200: 25682,957: Total time for which application threads were stopped: 0,0000390 seconds, Stopping threads took: 0,0000048 seconds
2017-07-13T00:53:42.497+0200: 25682,957: Total time for which application threads were stopped: 0,0000388 seconds, Stopping threads took: 0,0000049 seconds
2017-07-13T00:53:42.497+0200: 25682,957: Total time for which application threads were stopped: 0,0000618 seconds, Stopping threads took: 0,0000045 seconds
2017-07-13T00:53:42.497+0200: 25682,957: Total time for which application threads were stopped: 0,0000413 seconds, Stopping threads took: 0,0000054 seconds
2017-07-13T00:53:42.501+0200: 25682,961: Total time for which application threads were stopped: 0,0001785 seconds, Stopping threads took: 0,0000779 seconds
2017-07-13T00:53:42.519+0200: 25682,979: Total time for which application threads were stopped: 0,0000830 seconds, Stopping threads took: 0,0000140 seconds
2017-07-13T00:53:42.522+0200: 25682,983: Total time for which application threads were stopped: 0,0011089 seconds, Stopping threads took: 0,0010097 seconds
2017-07-13T00:53:42.524+0200: 25682,984: Total time for which application threads were stopped: 0,0000894 seconds, Stopping threads took: 0,0000174 seconds
2017-07-13T00:53:42.526+0200: 25682,986: Total time for which application threads were stopped: 0,0001150 seconds, Stopping threads took: 0,0000331 seconds
2017-07-13T00:53:42.526+0200: 25682,986: Total time for which application threads were stopped: 0,0000426 seconds, Stopping threads took: 0,0000062 seconds
2017-07-13T00:53:42.529+0200: 25682,990: Total time for which application threads were stopped: 0,0019969 seconds, Stopping threads took: 0,0019115 seconds
2017-07-13T00:53:42.530+0200: 25682,990: Total time for which application threads were stopped: 0,0000891 seconds, Stopping threads took: 0,0000284 seconds
2017-07-13T00:53:42.530+0200: 25682,990: Total time for which application threads were stopped: 0,0000596 seconds, Stopping threads took: 0,0000162 seconds
2017-07-13T00:53:42.530+0200: 25682,990: Total time for which application threads were stopped: 0,0000576 seconds, Stopping threads took: 0,0000145 seconds
2017-07-13T00:53:42.531+0200: 25682,992: Total time for which application threads were stopped: 0,0001106 seconds, Stopping threads took: 0,0000314 seconds
2017-07-13T00:53:42.532+0200: 25682,992: Total time for which application threads were stopped: 0,0000667 seconds, Stopping threads took: 0,0000189 seconds
2017-07-13T00:53:42.532+0200: 25682,992: Total time for which application threads were stopped: 0,0000929 seconds, Stopping threads took: 0,0000296 seconds
2017-07-13T00:53:42.532+0200: 25682,993: Total time for which application threads were stopped: 0,0000529 seconds, Stopping threads took: 0,0000084 seconds
2017-07-13T00:53:42.533+0200: 25682,993: Total time for which application threads were stopped: 0,0000574 seconds, Stopping threads took: 0,0000141 seconds
2017-07-13T00:53:42.533+0200: 25682,993: Total time for which application threads were stopped: 0,0000614 seconds, Stopping threads took: 0,0000083 seconds
2017-07-13T00:53:42.534+0200: 25682,994: Total time for which application threads were stopped: 0,0000830 seconds, Stopping threads took: 0,0000263 seconds
2017-07-13T00:53:42.534+0200: 25682,994: Total time for which application threads were stopped: 0,0000479 seconds, Stopping threads took: 0,0000067 seconds
2017-07-13T00:53:42.534+0200: 25682,994: Total time for which application threads were stopped: 0,0000515 seconds, Stopping threads took: 0,0000125 seconds
2017-07-13T00:53:42.534+0200: 25682,994: Total time for which application threads were stopped: 0,0000395 seconds, Stopping threads took: 0,0000050 seconds
2017-07-13T00:53:42.534+0200: 25682,994: Total time for which application threads were stopped: 0,0001599 seconds, Stopping threads took: 0,0000047 seconds
2017-07-13T00:53:42.540+0200: 25683,000: Total time for which application threads were stopped: 0,0001220 seconds, Stopping threads took: 0,0000222 seconds
2017-07-13T00:53:42.541+0200: 25683,001: Total time for which application threads were stopped: 0,0001499 seconds, Stopping threads took: 0,0000617 seconds
Heap
 par new generation   total 109248K, used 44701K [0x00000000e0000000, 0x00000000e8000000, 0x00000000e8000000)
  eden space 87424K,  36% used [0x00000000e0000000, 0x00000000e1f50490, 0x00000000e5560000)
  from space 21824K,  57% used [0x00000000e5560000, 0x00000000e61b7288, 0x00000000e6ab0000)
  to   space 21824K,   0% used [0x00000000e6ab0000, 0x00000000e6ab0000, 0x00000000e8000000)
 concurrent mark-sweep generation total 393216K, used 6932K [0x00000000e8000000, 0x0000000100000000, 0x0000000100000000)
 Metaspace       used 28187K, capacity 28754K, committed 28796K, reserved 1075200K
  class space    used 3230K, capacity 3430K, committed 3452K, reserved 1048576K
