OpenJDK 64-Bit Server VM (25.111-b14) for linux-amd64 JRE (1.8.0_111-8u111-b14-2ubuntu0.16.04.2-b14), built on Oct 27 2016 18:10:19 by "buildd" with gcc 5.4.0 20160609
Memory: 4k page, physical 7867840k(7454192k free), swap 8076284k(8076284k free)
CommandLine flags: -XX:CMSInitiatingOccupancyFraction=50 -XX:CMSMaxAbortablePrecleanTime=6000 -XX:+CMSParallelRemarkEnabled -XX:+CMSScavengeBeforeRemark -XX:ConcGCThreads=4 -XX:InitialHeapSize=536870912 -XX:MaxHeapSize=536870912 -XX:MaxTenuringThreshold=8 -XX:NewRatio=3 -XX:OldPLABSize=16 -XX:OnOutOfMemoryError=/opt/solr/bin/oom_solr.sh 8983 /var/solr/logs -XX:ParallelGCThreads=4 -XX:+ParallelRefProcEnabled -XX:PretenureSizeThreshold=67108864 -XX:+PrintGC -XX:+PrintGCApplicationStoppedTime -XX:+PrintGCDateStamps -XX:+PrintGCDetails -XX:+PrintGCTimeStamps -XX:+PrintHeapAtGC -XX:+PrintTenuringDistribution -XX:SurvivorRatio=4 -XX:TargetSurvivorRatio=90 -XX:ThreadStackSize=256 -XX:+UseCMSInitiatingOccupancyOnly -XX:+UseCompressedClassPointers -XX:+UseCompressedOops -XX:+UseConcMarkSweepGC -XX:+UseParNewGC 
2016-12-01T11:04:11.665+0100: 0,123: Total time for which application threads were stopped: 0,0004215 seconds, Stopping threads took: 0,0000129 seconds
2016-12-01T11:04:11.759+0100: 0,217: Total time for which application threads were stopped: 0,0001359 seconds, Stopping threads took: 0,0000388 seconds
2016-12-01T11:04:11.772+0100: 0,231: Total time for which application threads were stopped: 0,0001049 seconds, Stopping threads took: 0,0000274 seconds
2016-12-01T11:04:11.989+0100: 0,447: Total time for which application threads were stopped: 0,0001286 seconds, Stopping threads took: 0,0000107 seconds
2016-12-01T11:04:12.366+0100: 0,824: Total time for which application threads were stopped: 0,0001696 seconds, Stopping threads took: 0,0000252 seconds
2016-12-01T11:04:12.518+0100: 0,976: Total time for which application threads were stopped: 0,0001611 seconds, Stopping threads took: 0,0000219 seconds
2016-12-01T11:04:12.529+0100: 0,988: Total time for which application threads were stopped: 0,0001953 seconds, Stopping threads took: 0,0000335 seconds
2016-12-01T11:04:12.763+0100: 1,222: Total time for which application threads were stopped: 0,0001773 seconds, Stopping threads took: 0,0000123 seconds
2016-12-01T11:04:12.980+0100: 1,438: Total time for which application threads were stopped: 0,0002076 seconds, Stopping threads took: 0,0000122 seconds
2016-12-01T11:04:13.007+0100: 1,466: Total time for which application threads were stopped: 0,0001778 seconds, Stopping threads took: 0,0000200 seconds
2016-12-01T11:04:13.008+0100: 1,466: Total time for which application threads were stopped: 0,0001416 seconds, Stopping threads took: 0,0000085 seconds
2016-12-01T11:04:13.024+0100: 1,482: Total time for which application threads were stopped: 0,0001624 seconds, Stopping threads took: 0,0000156 seconds
2016-12-01T11:04:13.138+0100: 1,596: Total time for which application threads were stopped: 0,0002777 seconds, Stopping threads took: 0,0000376 seconds
2016-12-01T11:04:13.331+0100: 1,789: Total time for which application threads were stopped: 0,0004149 seconds, Stopping threads took: 0,0002258 seconds
{Heap before GC invocations=0 (full 0):
 par new generation   total 109248K, used 87424K [0x00000000e0000000, 0x00000000e8000000, 0x00000000e8000000)
  eden space 87424K, 100% used [0x00000000e0000000, 0x00000000e5560000, 0x00000000e5560000)
  from space 21824K,   0% used [0x00000000e5560000, 0x00000000e5560000, 0x00000000e6ab0000)
  to   space 21824K,   0% used [0x00000000e6ab0000, 0x00000000e6ab0000, 0x00000000e8000000)
 concurrent mark-sweep generation total 393216K, used 0K [0x00000000e8000000, 0x0000000100000000, 0x0000000100000000)
 Metaspace       used 18353K, capacity 18686K, committed 18944K, reserved 1067008K
  class space    used 2090K, capacity 2226K, committed 2304K, reserved 1048576K
2016-12-01T11:04:13.475+0100: 1,933: [GC (Allocation Failure) 2016-12-01T11:04:13.475+0100: 1,933: [ParNew
Desired survivor size 20112992 bytes, new threshold 8 (max 8)
- age   1:   12576456 bytes,   12576456 total
: 87424K->12399K(109248K), 0,0176701 secs] 87424K->12399K(502464K), 0,0177555 secs] [Times: user=0,05 sys=0,01, real=0,01 secs] 
Heap after GC invocations=1 (full 0):
 par new generation   total 109248K, used 12399K [0x00000000e0000000, 0x00000000e8000000, 0x00000000e8000000)
  eden space 87424K,   0% used [0x00000000e0000000, 0x00000000e0000000, 0x00000000e5560000)
  from space 21824K,  56% used [0x00000000e6ab0000, 0x00000000e76cbe38, 0x00000000e8000000)
  to   space 21824K,   0% used [0x00000000e5560000, 0x00000000e5560000, 0x00000000e6ab0000)
 concurrent mark-sweep generation total 393216K, used 0K [0x00000000e8000000, 0x0000000100000000, 0x0000000100000000)
 Metaspace       used 18353K, capacity 18686K, committed 18944K, reserved 1067008K
  class space    used 2090K, capacity 2226K, committed 2304K, reserved 1048576K
}
2016-12-01T11:04:13.493+0100: 1,951: Total time for which application threads were stopped: 0,0179456 seconds, Stopping threads took: 0,0000244 seconds
2016-12-01T11:04:13.626+0100: 2,084: Total time for which application threads were stopped: 0,0002561 seconds, Stopping threads took: 0,0000205 seconds
2016-12-01T11:04:13.662+0100: 2,120: Total time for which application threads were stopped: 0,0003516 seconds, Stopping threads took: 0,0000329 seconds
2016-12-01T11:04:13.686+0100: 2,145: Total time for which application threads were stopped: 0,0002602 seconds, Stopping threads took: 0,0000223 seconds
{Heap before GC invocations=1 (full 0):
 par new generation   total 109248K, used 99823K [0x00000000e0000000, 0x00000000e8000000, 0x00000000e8000000)
  eden space 87424K, 100% used [0x00000000e0000000, 0x00000000e5560000, 0x00000000e5560000)
  from space 21824K,  56% used [0x00000000e6ab0000, 0x00000000e76cbe38, 0x00000000e8000000)
  to   space 21824K,   0% used [0x00000000e5560000, 0x00000000e5560000, 0x00000000e6ab0000)
 concurrent mark-sweep generation total 393216K, used 0K [0x00000000e8000000, 0x0000000100000000, 0x0000000100000000)
 Metaspace       used 20714K, capacity 21020K, committed 21248K, reserved 1069056K
  class space    used 2404K, capacity 2518K, committed 2560K, reserved 1048576K
2016-12-01T11:04:13.859+0100: 2,317: [GC (Allocation Failure) 2016-12-01T11:04:13.859+0100: 2,317: [ParNew
Desired survivor size 20112992 bytes, new threshold 8 (max 8)
- age   1:    2731480 bytes,    2731480 total
- age   2:    6138848 bytes,    8870328 total
: 99823K->11307K(109248K), 0,0168410 secs] 99823K->11307K(502464K), 0,0169157 secs] [Times: user=0,07 sys=0,00, real=0,02 secs] 
Heap after GC invocations=2 (full 0):
 par new generation   total 109248K, used 11307K [0x00000000e0000000, 0x00000000e8000000, 0x00000000e8000000)
  eden space 87424K,   0% used [0x00000000e0000000, 0x00000000e0000000, 0x00000000e5560000)
  from space 21824K,  51% used [0x00000000e5560000, 0x00000000e606acc0, 0x00000000e6ab0000)
  to   space 21824K,   0% used [0x00000000e6ab0000, 0x00000000e6ab0000, 0x00000000e8000000)
 concurrent mark-sweep generation total 393216K, used 0K [0x00000000e8000000, 0x0000000100000000, 0x0000000100000000)
 Metaspace       used 20714K, capacity 21020K, committed 21248K, reserved 1069056K
  class space    used 2404K, capacity 2518K, committed 2560K, reserved 1048576K
}
2016-12-01T11:04:13.876+0100: 2,334: Total time for which application threads were stopped: 0,0171274 seconds, Stopping threads took: 0,0000250 seconds
2016-12-01T11:04:13.934+0100: 2,393: Total time for which application threads were stopped: 0,0000800 seconds, Stopping threads took: 0,0000140 seconds
2016-12-01T11:04:13.966+0100: 2,424: Total time for which application threads were stopped: 0,0000813 seconds, Stopping threads took: 0,0000196 seconds
2016-12-01T11:04:13.966+0100: 2,424: Total time for which application threads were stopped: 0,0002448 seconds, Stopping threads took: 0,0000149 seconds
2016-12-01T11:04:13.990+0100: 2,448: Total time for which application threads were stopped: 0,0000677 seconds, Stopping threads took: 0,0000126 seconds
2016-12-01T11:04:14.067+0100: 2,525: Total time for which application threads were stopped: 0,0001189 seconds, Stopping threads took: 0,0000282 seconds
2016-12-01T11:04:14.093+0100: 2,551: Total time for which application threads were stopped: 0,0001042 seconds, Stopping threads took: 0,0000285 seconds
2016-12-01T11:04:14.102+0100: 2,560: Total time for which application threads were stopped: 0,0003426 seconds, Stopping threads took: 0,0000259 seconds
2016-12-01T11:04:14.110+0100: 2,568: Total time for which application threads were stopped: 0,0003145 seconds, Stopping threads took: 0,0000294 seconds
2016-12-01T11:04:14.121+0100: 2,579: Total time for which application threads were stopped: 0,0001296 seconds, Stopping threads took: 0,0000521 seconds
2016-12-01T11:04:14.152+0100: 2,610: Total time for which application threads were stopped: 0,0001068 seconds, Stopping threads took: 0,0000276 seconds
2016-12-01T11:04:14.170+0100: 2,628: Total time for which application threads were stopped: 0,0000960 seconds, Stopping threads took: 0,0000188 seconds
2016-12-01T11:04:14.189+0100: 2,647: Total time for which application threads were stopped: 0,0000723 seconds, Stopping threads took: 0,0000123 seconds
2016-12-01T11:04:14.208+0100: 2,666: Total time for which application threads were stopped: 0,0000870 seconds, Stopping threads took: 0,0000171 seconds
2016-12-01T11:04:14.241+0100: 2,699: Total time for which application threads were stopped: 0,0001335 seconds, Stopping threads took: 0,0000316 seconds
2016-12-01T11:04:14.283+0100: 2,741: Total time for which application threads were stopped: 0,0001023 seconds, Stopping threads took: 0,0000302 seconds
2016-12-01T11:04:14.304+0100: 2,762: Total time for which application threads were stopped: 0,0001441 seconds, Stopping threads took: 0,0000726 seconds
2016-12-01T11:04:14.345+0100: 2,803: Total time for which application threads were stopped: 0,0001348 seconds, Stopping threads took: 0,0000417 seconds
{Heap before GC invocations=2 (full 0):
 par new generation   total 109248K, used 98731K [0x00000000e0000000, 0x00000000e8000000, 0x00000000e8000000)
  eden space 87424K, 100% used [0x00000000e0000000, 0x00000000e5560000, 0x00000000e5560000)
  from space 21824K,  51% used [0x00000000e5560000, 0x00000000e606acc0, 0x00000000e6ab0000)
  to   space 21824K,   0% used [0x00000000e6ab0000, 0x00000000e6ab0000, 0x00000000e8000000)
 concurrent mark-sweep generation total 393216K, used 0K [0x00000000e8000000, 0x0000000100000000, 0x0000000100000000)
 Metaspace       used 25114K, capacity 25509K, committed 25868K, reserved 1073152K
  class space    used 2922K, capacity 3057K, committed 3144K, reserved 1048576K
2016-12-01T11:04:14.345+0100: 2,803: [GC (Allocation Failure) 2016-12-01T11:04:14.345+0100: 2,803: [ParNew
Desired survivor size 20112992 bytes, new threshold 8 (max 8)
- age   1:    6917856 bytes,    6917856 total
- age   2:     514680 bytes,    7432536 total
- age   3:    6120376 bytes,   13552912 total
: 98731K->16682K(109248K), 0,0128073 secs] 98731K->16682K(502464K), 0,0128565 secs] [Times: user=0,04 sys=0,00, real=0,02 secs] 
Heap after GC invocations=3 (full 0):
 par new generation   total 109248K, used 16682K [0x00000000e0000000, 0x00000000e8000000, 0x00000000e8000000)
  eden space 87424K,   0% used [0x00000000e0000000, 0x00000000e0000000, 0x00000000e5560000)
  from space 21824K,  76% used [0x00000000e6ab0000, 0x00000000e7afa830, 0x00000000e8000000)
  to   space 21824K,   0% used [0x00000000e5560000, 0x00000000e5560000, 0x00000000e6ab0000)
 concurrent mark-sweep generation total 393216K, used 0K [0x00000000e8000000, 0x0000000100000000, 0x0000000100000000)
 Metaspace       used 25114K, capacity 25509K, committed 25868K, reserved 1073152K
  class space    used 2922K, capacity 3057K, committed 3144K, reserved 1048576K
}
2016-12-01T11:04:14.358+0100: 2,816: Total time for which application threads were stopped: 0,0130275 seconds, Stopping threads took: 0,0000155 seconds
2016-12-01T11:04:14.358+0100: 2,816: [GC (CMS Initial Mark) [1 CMS-initial-mark: 0K(393216K)] 16682K(502464K), 0,0041193 secs] [Times: user=0,02 sys=0,00, real=0,00 secs] 
2016-12-01T11:04:14.362+0100: 2,820: Total time for which application threads were stopped: 0,0042429 seconds, Stopping threads took: 0,0000349 seconds
2016-12-01T11:04:14.362+0100: 2,820: [CMS-concurrent-mark-start]
2016-12-01T11:04:14.363+0100: 2,821: [CMS-concurrent-mark: 0,001/0,001 secs] [Times: user=0,00 sys=0,00, real=0,00 secs] 
2016-12-01T11:04:14.363+0100: 2,821: [CMS-concurrent-preclean-start]
2016-12-01T11:04:14.364+0100: 2,822: [CMS-concurrent-preclean: 0,001/0,001 secs] [Times: user=0,01 sys=0,00, real=0,00 secs] 
2016-12-01T11:04:14.364+0100: 2,823: [GC (CMS Final Remark) [YG occupancy: 18091 K (109248 K)]{Heap before GC invocations=3 (full 1):
 par new generation   total 109248K, used 18091K [0x00000000e0000000, 0x00000000e8000000, 0x00000000e8000000)
  eden space 87424K,   1% used [0x00000000e0000000, 0x00000000e0160788, 0x00000000e5560000)
  from space 21824K,  76% used [0x00000000e6ab0000, 0x00000000e7afa830, 0x00000000e8000000)
  to   space 21824K,   0% used [0x00000000e5560000, 0x00000000e5560000, 0x00000000e6ab0000)
 concurrent mark-sweep generation total 393216K, used 0K [0x00000000e8000000, 0x0000000100000000, 0x0000000100000000)
 Metaspace       used 25121K, capacity 25509K, committed 25868K, reserved 1073152K
  class space    used 2923K, capacity 3057K, committed 3144K, reserved 1048576K
2016-12-01T11:04:14.364+0100: 2,823: [GC (CMS Final Remark) 2016-12-01T11:04:14.364+0100: 2,823: [ParNew
Desired survivor size 20112992 bytes, new threshold 8 (max 8)
- age   1:       3096 bytes,       3096 total
- age   2:    3170032 bytes,    3173128 total
- age   3:     514680 bytes,    3687808 total
- age   4:    6120144 bytes,    9807952 total
: 18091K->16814K(109248K), 0,0123435 secs] 18091K->16814K(502464K), 0,0123782 secs] [Times: user=0,03 sys=0,00, real=0,02 secs] 
Heap after GC invocations=4 (full 1):
 par new generation   total 109248K, used 16814K [0x00000000e0000000, 0x00000000e8000000, 0x00000000e8000000)
  eden space 87424K,   0% used [0x00000000e0000000, 0x00000000e0000000, 0x00000000e5560000)
  from space 21824K,  77% used [0x00000000e5560000, 0x00000000e65cb930, 0x00000000e6ab0000)
  to   space 21824K,   0% used [0x00000000e6ab0000, 0x00000000e6ab0000, 0x00000000e8000000)
 concurrent mark-sweep generation total 393216K, used 0K [0x00000000e8000000, 0x0000000100000000, 0x0000000100000000)
 Metaspace       used 25121K, capacity 25509K, committed 25868K, reserved 1073152K
  class space    used 2923K, capacity 3057K, committed 3144K, reserved 1048576K
}
2016-12-01T11:04:14.377+0100: 2,835: [Rescan (parallel) , 0,0038289 secs]2016-12-01T11:04:14.381+0100: 2,839: [weak refs processing, 0,0011063 secs]2016-12-01T11:04:14.382+0100: 2,840: [class unloading, 0,0031649 secs]2016-12-01T11:04:14.385+0100: 2,843: [scrub symbol table, 0,0033254 secs]2016-12-01T11:04:14.388+0100: 2,847: [scrub string table, 0,0003851 secs][1 CMS-remark: 0K(393216K)] 16814K(502464K), 0,0248726 secs] [Times: user=0,06 sys=0,00, real=0,03 secs] 
2016-12-01T11:04:14.389+0100: 2,848: Total time for which application threads were stopped: 0,0249650 seconds, Stopping threads took: 0,0000308 seconds
2016-12-01T11:04:14.389+0100: 2,848: [CMS-concurrent-sweep-start]
2016-12-01T11:04:14.389+0100: 2,848: [CMS-concurrent-sweep: 0,000/0,000 secs] [Times: user=0,00 sys=0,00, real=0,00 secs] 
2016-12-01T11:04:14.389+0100: 2,848: [CMS-concurrent-reset-start]
2016-12-01T11:04:14.391+0100: 2,849: [CMS-concurrent-reset: 0,002/0,002 secs] [Times: user=0,00 sys=0,00, real=0,00 secs] 
2016-12-01T11:04:14.427+0100: 2,885: Total time for which application threads were stopped: 0,0003818 seconds, Stopping threads took: 0,0000374 seconds
2016-12-01T11:04:15.427+0100: 3,885: Total time for which application threads were stopped: 0,0000841 seconds, Stopping threads took: 0,0000195 seconds
2016-12-01T11:04:15.590+0100: 4,048: Total time for which application threads were stopped: 0,0002338 seconds, Stopping threads took: 0,0000139 seconds
2016-12-01T11:04:43.594+0100: 32,052: Total time for which application threads were stopped: 0,0000636 seconds, Stopping threads took: 0,0000165 seconds
2016-12-01T11:06:53.609+0100: 162,067: Total time for which application threads were stopped: 0,0000844 seconds, Stopping threads took: 0,0000369 seconds
2016-12-01T11:06:58.610+0100: 167,068: Total time for which application threads were stopped: 0,0001180 seconds, Stopping threads took: 0,0000299 seconds
2016-12-01T11:07:12.612+0100: 181,070: Total time for which application threads were stopped: 0,0001171 seconds, Stopping threads took: 0,0000304 seconds
2016-12-01T11:08:08.620+0100: 237,078: Total time for which application threads were stopped: 0,0000948 seconds, Stopping threads took: 0,0000380 seconds
2016-12-01T11:08:27.622+0100: 256,080: Total time for which application threads were stopped: 0,0001281 seconds, Stopping threads took: 0,0000510 seconds
2016-12-01T11:08:32.623+0100: 261,081: Total time for which application threads were stopped: 0,0000565 seconds, Stopping threads took: 0,0000156 seconds
2016-12-01T11:08:37.624+0100: 266,082: Total time for which application threads were stopped: 0,0000670 seconds, Stopping threads took: 0,0000169 seconds
2016-12-01T11:08:42.624+0100: 271,083: Total time for which application threads were stopped: 0,0000574 seconds, Stopping threads took: 0,0000161 seconds
2016-12-01T11:08:53.626+0100: 282,084: Total time for which application threads were stopped: 0,0000859 seconds, Stopping threads took: 0,0000351 seconds
2016-12-01T11:08:58.627+0100: 287,085: Total time for which application threads were stopped: 0,0001241 seconds, Stopping threads took: 0,0000315 seconds
2016-12-01T11:09:08.628+0100: 297,086: Total time for which application threads were stopped: 0,0000601 seconds, Stopping threads took: 0,0000148 seconds
2016-12-01T11:27:52.758+0100: 1421,216: Total time for which application threads were stopped: 0,0001179 seconds, Stopping threads took: 0,0000354 seconds
2016-12-01T11:32:27.785+0100: 1696,244: Total time for which application threads were stopped: 0,0000771 seconds, Stopping threads took: 0,0000341 seconds
2016-12-01T11:43:22.858+0100: 2351,316: Total time for which application threads were stopped: 0,0000705 seconds, Stopping threads took: 0,0000296 seconds
2016-12-01T11:43:23.858+0100: 2352,316: Total time for which application threads were stopped: 0,0000557 seconds, Stopping threads took: 0,0000153 seconds
2016-12-01T11:47:43.887+0100: 2612,345: Total time for which application threads were stopped: 0,0000861 seconds, Stopping threads took: 0,0000296 seconds
2016-12-01T12:05:29.006+0100: 3677,465: Total time for which application threads were stopped: 0,0000724 seconds, Stopping threads took: 0,0000319 seconds
2016-12-01T12:08:28.031+0100: 3856,489: Total time for which application threads were stopped: 0,0000709 seconds, Stopping threads took: 0,0000303 seconds
2016-12-01T12:11:13.051+0100: 4021,509: Total time for which application threads were stopped: 0,0000920 seconds, Stopping threads took: 0,0000392 seconds
2016-12-01T13:30:01.945+0100: 6682,576: Total time for which application threads were stopped: 0,0001529 seconds, Stopping threads took: 0,0000637 seconds
2016-12-01T13:31:01.955+0100: 6742,586: Total time for which application threads were stopped: 0,0000862 seconds, Stopping threads took: 0,0000379 seconds
2016-12-01T13:43:41.073+0100: 7501,704: Total time for which application threads were stopped: 0,0000722 seconds, Stopping threads took: 0,0000313 seconds
2016-12-01T13:44:11.078+0100: 7531,709: Total time for which application threads were stopped: 0,0000794 seconds, Stopping threads took: 0,0000318 seconds
2016-12-01T13:44:37.082+0100: 7557,713: Total time for which application threads were stopped: 0,0000785 seconds, Stopping threads took: 0,0000324 seconds
2016-12-01T15:12:41.140+0100: 7681,957: Total time for which application threads were stopped: 0,0000697 seconds, Stopping threads took: 0,0000289 seconds
2016-12-01T21:36:16.263+0100: 11371,591: Total time for which application threads were stopped: 0,0000751 seconds, Stopping threads took: 0,0000304 seconds
2016-12-01T21:38:46.274+0100: 11521,601: Total time for which application threads were stopped: 0,0001149 seconds, Stopping threads took: 0,0000422 seconds
2016-12-01T21:39:16.277+0100: 11551,604: Total time for which application threads were stopped: 0,0000856 seconds, Stopping threads took: 0,0000264 seconds
2016-12-01T22:42:46.669+0100: 15361,997: Total time for which application threads were stopped: 0,0002043 seconds, Stopping threads took: 0,0000583 seconds
2016-12-02T00:26:16.382+0100: 21571,710: Total time for which application threads were stopped: 0,0001206 seconds, Stopping threads took: 0,0000452 seconds
2016-12-02T01:11:11.075+0100: 24266,403: Total time for which application threads were stopped: 0,0002022 seconds, Stopping threads took: 0,0000368 seconds
Heap
 par new generation   total 109248K, used 60736K [0x00000000e0000000, 0x00000000e8000000, 0x00000000e8000000)
  eden space 87424K,  50% used [0x00000000e0000000, 0x00000000e2ae4a60, 0x00000000e5560000)
  from space 21824K,  77% used [0x00000000e5560000, 0x00000000e65cb930, 0x00000000e6ab0000)
  to   space 21824K,   0% used [0x00000000e6ab0000, 0x00000000e6ab0000, 0x00000000e8000000)
 concurrent mark-sweep generation total 393216K, used 0K [0x00000000e8000000, 0x0000000100000000, 0x0000000100000000)
 Metaspace       used 27227K, capacity 27659K, committed 27916K, reserved 1073152K
  class space    used 3161K, capacity 3320K, committed 3400K, reserved 1048576K
