OpenJDK 64-Bit Server VM (25.131-b11) for linux-amd64 JRE (1.8.0_131-8u131-b11-0ubuntu1.16.04.2-b11), built on May  6 2017 02:45:27 by "buildd" with gcc 5.4.0 20160609
Memory: 4k page, physical 7867740k(7472188k free), swap 8076284k(8076284k free)
CommandLine flags: -XX:CMSInitiatingOccupancyFraction=50 -XX:CMSMaxAbortablePrecleanTime=6000 -XX:+CMSParallelRemarkEnabled -XX:+CMSScavengeBeforeRemark -XX:ConcGCThreads=4 -XX:InitialHeapSize=536870912 -XX:MaxHeapSize=536870912 -XX:MaxTenuringThreshold=8 -XX:NewRatio=3 -XX:OldPLABSize=16 -XX:OnOutOfMemoryError=/opt/solr/bin/oom_solr.sh 8983 /var/solr/logs -XX:ParallelGCThreads=4 -XX:+ParallelRefProcEnabled -XX:PretenureSizeThreshold=67108864 -XX:+PrintGC -XX:+PrintGCApplicationStoppedTime -XX:+PrintGCDateStamps -XX:+PrintGCDetails -XX:+PrintGCTimeStamps -XX:+PrintHeapAtGC -XX:+PrintTenuringDistribution -XX:SurvivorRatio=4 -XX:TargetSurvivorRatio=90 -XX:ThreadStackSize=256 -XX:+UseCMSInitiatingOccupancyOnly -XX:+UseCompressedClassPointers -XX:+UseCompressedOops -XX:+UseConcMarkSweepGC -XX:+UseParNewGC 
2017-07-18T11:42:35.254+0200: 0,197: Total time for which application threads were stopped: 0,0000766 seconds, Stopping threads took: 0,0000105 seconds
2017-07-18T11:42:35.359+0200: 0,303: Total time for which application threads were stopped: 0,0001414 seconds, Stopping threads took: 0,0000272 seconds
2017-07-18T11:42:35.397+0200: 0,340: Total time for which application threads were stopped: 0,0001164 seconds, Stopping threads took: 0,0000222 seconds
2017-07-18T11:42:35.690+0200: 0,634: Total time for which application threads were stopped: 0,0001466 seconds, Stopping threads took: 0,0000157 seconds
2017-07-18T11:42:36.107+0200: 1,050: Total time for which application threads were stopped: 0,0001624 seconds, Stopping threads took: 0,0000159 seconds
2017-07-18T11:42:36.177+0200: 1,120: Total time for which application threads were stopped: 0,0001933 seconds, Stopping threads took: 0,0000360 seconds
2017-07-18T11:42:36.195+0200: 1,138: Total time for which application threads were stopped: 0,0001932 seconds, Stopping threads took: 0,0000326 seconds
2017-07-18T11:42:36.578+0200: 1,521: Total time for which application threads were stopped: 0,0001831 seconds, Stopping threads took: 0,0000226 seconds
2017-07-18T11:42:36.861+0200: 1,804: Total time for which application threads were stopped: 0,0002057 seconds, Stopping threads took: 0,0000266 seconds
2017-07-18T11:42:36.893+0200: 1,836: Total time for which application threads were stopped: 0,0001943 seconds, Stopping threads took: 0,0000227 seconds
2017-07-18T11:42:36.931+0200: 1,874: Total time for which application threads were stopped: 0,0002023 seconds, Stopping threads took: 0,0000170 seconds
2017-07-18T11:42:36.932+0200: 1,875: Total time for which application threads were stopped: 0,0001632 seconds, Stopping threads took: 0,0000162 seconds
2017-07-18T11:42:36.952+0200: 1,895: Total time for which application threads were stopped: 0,0002214 seconds, Stopping threads took: 0,0000235 seconds
2017-07-18T11:42:37.058+0200: 2,001: Total time for which application threads were stopped: 0,0010436 seconds, Stopping threads took: 0,0001131 seconds
2017-07-18T11:42:37.270+0200: 2,214: Total time for which application threads were stopped: 0,0002675 seconds, Stopping threads took: 0,0000439 seconds
{Heap before GC invocations=0 (full 0):
 par new generation   total 109248K, used 87424K [0x00000000e0000000, 0x00000000e8000000, 0x00000000e8000000)
  eden space 87424K, 100% used [0x00000000e0000000, 0x00000000e5560000, 0x00000000e5560000)
  from space 21824K,   0% used [0x00000000e5560000, 0x00000000e5560000, 0x00000000e6ab0000)
  to   space 21824K,   0% used [0x00000000e6ab0000, 0x00000000e6ab0000, 0x00000000e8000000)
 concurrent mark-sweep generation total 393216K, used 0K [0x00000000e8000000, 0x0000000100000000, 0x0000000100000000)
 Metaspace       used 17999K, capacity 18336K, committed 18688K, reserved 1064960K
  class space    used 2035K, capacity 2196K, committed 2304K, reserved 1048576K
2017-07-18T11:42:37.350+0200: 2,293: [GC (Allocation Failure) 2017-07-18T11:42:37.350+0200: 2,293: [ParNew
Desired survivor size 20112992 bytes, new threshold 8 (max 8)
- age   1:   12381224 bytes,   12381224 total
: 87424K->12206K(109248K), 0,0159934 secs] 87424K->12206K(502464K), 0,0160867 secs] [Times: user=0,03 sys=0,03, real=0,02 secs] 
Heap after GC invocations=1 (full 0):
 par new generation   total 109248K, used 12206K [0x00000000e0000000, 0x00000000e8000000, 0x00000000e8000000)
  eden space 87424K,   0% used [0x00000000e0000000, 0x00000000e0000000, 0x00000000e5560000)
  from space 21824K,  55% used [0x00000000e6ab0000, 0x00000000e769ba60, 0x00000000e8000000)
  to   space 21824K,   0% used [0x00000000e5560000, 0x00000000e5560000, 0x00000000e6ab0000)
 concurrent mark-sweep generation total 393216K, used 0K [0x00000000e8000000, 0x0000000100000000, 0x0000000100000000)
 Metaspace       used 17999K, capacity 18336K, committed 18688K, reserved 1064960K
  class space    used 2035K, capacity 2196K, committed 2304K, reserved 1048576K
}
2017-07-18T11:42:37.366+0200: 2,309: Total time for which application threads were stopped: 0,0164298 seconds, Stopping threads took: 0,0000712 seconds
2017-07-18T11:42:37.763+0200: 2,706: Total time for which application threads were stopped: 0,0008888 seconds, Stopping threads took: 0,0004050 seconds
2017-07-18T11:42:37.826+0200: 2,770: Total time for which application threads were stopped: 0,0047212 seconds, Stopping threads took: 0,0044444 seconds
{Heap before GC invocations=1 (full 0):
 par new generation   total 109248K, used 99630K [0x00000000e0000000, 0x00000000e8000000, 0x00000000e8000000)
  eden space 87424K, 100% used [0x00000000e0000000, 0x00000000e5560000, 0x00000000e5560000)
  from space 21824K,  55% used [0x00000000e6ab0000, 0x00000000e769ba60, 0x00000000e8000000)
  to   space 21824K,   0% used [0x00000000e5560000, 0x00000000e5560000, 0x00000000e6ab0000)
 concurrent mark-sweep generation total 393216K, used 0K [0x00000000e8000000, 0x0000000100000000, 0x0000000100000000)
 Metaspace       used 20050K, capacity 20356K, committed 20736K, reserved 1067008K
  class space    used 2295K, capacity 2466K, committed 2560K, reserved 1048576K
2017-07-18T11:42:37.830+0200: 2,773: [GC (Allocation Failure) 2017-07-18T11:42:37.830+0200: 2,774: [ParNew
Desired survivor size 20112992 bytes, new threshold 8 (max 8)
- age   1:    3589840 bytes,    3589840 total
- age   2:    6602400 bytes,   10192240 total
: 99630K->13657K(109248K), 0,0102259 secs] 99630K->13657K(502464K), 0,0102944 secs] [Times: user=0,03 sys=0,00, real=0,01 secs] 
Heap after GC invocations=2 (full 0):
 par new generation   total 109248K, used 13657K [0x00000000e0000000, 0x00000000e8000000, 0x00000000e8000000)
  eden space 87424K,   0% used [0x00000000e0000000, 0x00000000e0000000, 0x00000000e5560000)
  from space 21824K,  62% used [0x00000000e5560000, 0x00000000e62b6780, 0x00000000e6ab0000)
  to   space 21824K,   0% used [0x00000000e6ab0000, 0x00000000e6ab0000, 0x00000000e8000000)
 concurrent mark-sweep generation total 393216K, used 0K [0x00000000e8000000, 0x0000000100000000, 0x0000000100000000)
 Metaspace       used 20050K, capacity 20356K, committed 20736K, reserved 1067008K
  class space    used 2295K, capacity 2466K, committed 2560K, reserved 1048576K
}
2017-07-18T11:42:37.841+0200: 2,784: Total time for which application threads were stopped: 0,0124327 seconds, Stopping threads took: 0,0020107 seconds
2017-07-18T11:42:37.882+0200: 2,825: Total time for which application threads were stopped: 0,0004434 seconds, Stopping threads took: 0,0000464 seconds
2017-07-18T11:42:37.990+0200: 2,933: Total time for which application threads were stopped: 0,0001930 seconds, Stopping threads took: 0,0000604 seconds
{Heap before GC invocations=2 (full 0):
 par new generation   total 109248K, used 101081K [0x00000000e0000000, 0x00000000e8000000, 0x00000000e8000000)
  eden space 87424K, 100% used [0x00000000e0000000, 0x00000000e5560000, 0x00000000e5560000)
  from space 21824K,  62% used [0x00000000e5560000, 0x00000000e62b6780, 0x00000000e6ab0000)
  to   space 21824K,   0% used [0x00000000e6ab0000, 0x00000000e6ab0000, 0x00000000e8000000)
 concurrent mark-sweep generation total 393216K, used 0K [0x00000000e8000000, 0x0000000100000000, 0x0000000100000000)
 Metaspace       used 20984K, capacity 21342K, committed 21628K, reserved 1069056K
  class space    used 2415K, capacity 2585K, committed 2684K, reserved 1048576K
2017-07-18T11:42:38.027+0200: 2,971: [GC (Allocation Failure) 2017-07-18T11:42:38.028+0200: 2,971: [ParNew
Desired survivor size 20112992 bytes, new threshold 8 (max 8)
- age   1:    2048072 bytes,    2048072 total
- age   2:     907496 bytes,    2955568 total
- age   3:    6601688 bytes,    9557256 total
: 101081K->12788K(109248K), 0,0114735 secs] 101081K->12788K(502464K), 0,0115500 secs] [Times: user=0,04 sys=0,00, real=0,01 secs] 
Heap after GC invocations=3 (full 0):
 par new generation   total 109248K, used 12788K [0x00000000e0000000, 0x00000000e8000000, 0x00000000e8000000)
  eden space 87424K,   0% used [0x00000000e0000000, 0x00000000e0000000, 0x00000000e5560000)
  from space 21824K,  58% used [0x00000000e6ab0000, 0x00000000e772d0a0, 0x00000000e8000000)
  to   space 21824K,   0% used [0x00000000e5560000, 0x00000000e5560000, 0x00000000e6ab0000)
 concurrent mark-sweep generation total 393216K, used 0K [0x00000000e8000000, 0x0000000100000000, 0x0000000100000000)
 Metaspace       used 20984K, capacity 21342K, committed 21628K, reserved 1069056K
  class space    used 2415K, capacity 2585K, committed 2684K, reserved 1048576K
}
2017-07-18T11:42:38.039+0200: 2,982: Total time for which application threads were stopped: 0,0117821 seconds, Stopping threads took: 0,0000711 seconds
2017-07-18T11:42:38.039+0200: 2,983: [GC (CMS Initial Mark) [1 CMS-initial-mark: 0K(393216K)] 14223K(502464K), 0,0034507 secs] [Times: user=0,02 sys=0,00, real=0,01 secs] 
2017-07-18T11:42:38.043+0200: 2,986: Total time for which application threads were stopped: 0,0035884 seconds, Stopping threads took: 0,0000392 seconds
2017-07-18T11:42:38.043+0200: 2,986: [CMS-concurrent-mark-start]
2017-07-18T11:42:38.043+0200: 2,987: [CMS-concurrent-mark: 0,001/0,001 secs] [Times: user=0,00 sys=0,00, real=0,00 secs] 
2017-07-18T11:42:38.043+0200: 2,987: [CMS-concurrent-preclean-start]
2017-07-18T11:42:38.044+0200: 2,988: [CMS-concurrent-preclean: 0,001/0,001 secs] [Times: user=0,00 sys=0,00, real=0,00 secs] 
2017-07-18T11:42:38.045+0200: 2,988: [GC (CMS Final Remark) [YG occupancy: 14223 K (109248 K)]{Heap before GC invocations=3 (full 1):
 par new generation   total 109248K, used 14223K [0x00000000e0000000, 0x00000000e8000000, 0x00000000e8000000)
  eden space 87424K,   1% used [0x00000000e0000000, 0x00000000e0166cc8, 0x00000000e5560000)
  from space 21824K,  58% used [0x00000000e6ab0000, 0x00000000e772d0a0, 0x00000000e8000000)
  to   space 21824K,   0% used [0x00000000e5560000, 0x00000000e5560000, 0x00000000e6ab0000)
 concurrent mark-sweep generation total 393216K, used 0K [0x00000000e8000000, 0x0000000100000000, 0x0000000100000000)
 Metaspace       used 20984K, capacity 21342K, committed 21628K, reserved 1069056K
  class space    used 2415K, capacity 2585K, committed 2684K, reserved 1048576K
2017-07-18T11:42:38.045+0200: 2,988: [GC (CMS Final Remark) 2017-07-18T11:42:38.045+0200: 2,988: [ParNew
Desired survivor size 20112992 bytes, new threshold 8 (max 8)
- age   1:     115296 bytes,     115296 total
- age   2:    2015288 bytes,    2130584 total
- age   3:     907480 bytes,    3038064 total
- age   4:    6601688 bytes,    9639752 total
: 14223K->12302K(109248K), 0,0144267 secs] 14223K->12302K(502464K), 0,0144748 secs] [Times: user=0,06 sys=0,00, real=0,01 secs] 
Heap after GC invocations=4 (full 1):
 par new generation   total 109248K, used 12302K [0x00000000e0000000, 0x00000000e8000000, 0x00000000e8000000)
  eden space 87424K,   0% used [0x00000000e0000000, 0x00000000e0000000, 0x00000000e5560000)
  from space 21824K,  56% used [0x00000000e5560000, 0x00000000e6163870, 0x00000000e6ab0000)
  to   space 21824K,   0% used [0x00000000e6ab0000, 0x00000000e6ab0000, 0x00000000e8000000)
 concurrent mark-sweep generation total 393216K, used 0K [0x00000000e8000000, 0x0000000100000000, 0x0000000100000000)
 Metaspace       used 20984K, capacity 21342K, committed 21628K, reserved 1069056K
  class space    used 2415K, capacity 2585K, committed 2684K, reserved 1048576K
}
2017-07-18T11:42:38.059+0200: 3,003: [Rescan (parallel) , 0,0047586 secs]2017-07-18T11:42:38.064+0200: 3,007: [weak refs processing, 0,0015568 secs]2017-07-18T11:42:38.066+0200: 3,009: [class unloading, 0,0031137 secs]2017-07-18T11:42:38.069+0200: 3,012: [scrub symbol table, 0,0034701 secs]2017-07-18T11:42:38.072+0200: 3,016: [scrub string table, 0,0004014 secs][1 CMS-remark: 0K(393216K)] 12302K(502464K), 0,0284852 secs] [Times: user=0,10 sys=0,00, real=0,02 secs] 
2017-07-18T11:42:38.073+0200: 3,017: Total time for which application threads were stopped: 0,0286349 seconds, Stopping threads took: 0,0000332 seconds
2017-07-18T11:42:38.073+0200: 3,017: [CMS-concurrent-sweep-start]
2017-07-18T11:42:38.073+0200: 3,017: [CMS-concurrent-sweep: 0,000/0,000 secs] [Times: user=0,00 sys=0,00, real=0,00 secs] 
2017-07-18T11:42:38.073+0200: 3,017: [CMS-concurrent-reset-start]
2017-07-18T11:42:38.076+0200: 3,019: [CMS-concurrent-reset: 0,002/0,002 secs] [Times: user=0,01 sys=0,00, real=0,01 secs] 
{Heap before GC invocations=4 (full 1):
 par new generation   total 109248K, used 99726K [0x00000000e0000000, 0x00000000e8000000, 0x00000000e8000000)
  eden space 87424K, 100% used [0x00000000e0000000, 0x00000000e5560000, 0x00000000e5560000)
  from space 21824K,  56% used [0x00000000e5560000, 0x00000000e6163870, 0x00000000e6ab0000)
  to   space 21824K,   0% used [0x00000000e6ab0000, 0x00000000e6ab0000, 0x00000000e8000000)
 concurrent mark-sweep generation total 393216K, used 0K [0x00000000e8000000, 0x0000000100000000, 0x0000000100000000)
 Metaspace       used 21224K, capacity 21550K, committed 21884K, reserved 1069056K
  class space    used 2447K, capacity 2599K, committed 2684K, reserved 1048576K
2017-07-18T11:42:38.178+0200: 3,121: [GC (Allocation Failure) 2017-07-18T11:42:38.178+0200: 3,121: [ParNew
Desired survivor size 20112992 bytes, new threshold 8 (max 8)
- age   1:    1507064 bytes,    1507064 total
- age   3:    1460840 bytes,    2967904 total
- age   4:     905240 bytes,    3873144 total
- age   5:    6601784 bytes,   10474928 total
: 99726K->11900K(109248K), 0,0110290 secs] 99726K->11900K(502464K), 0,0110977 secs] [Times: user=0,04 sys=0,00, real=0,01 secs] 
Heap after GC invocations=5 (full 1):
 par new generation   total 109248K, used 11900K [0x00000000e0000000, 0x00000000e8000000, 0x00000000e8000000)
  eden space 87424K,   0% used [0x00000000e0000000, 0x00000000e0000000, 0x00000000e5560000)
  from space 21824K,  54% used [0x00000000e6ab0000, 0x00000000e764f370, 0x00000000e8000000)
  to   space 21824K,   0% used [0x00000000e5560000, 0x00000000e5560000, 0x00000000e6ab0000)
 concurrent mark-sweep generation total 393216K, used 0K [0x00000000e8000000, 0x0000000100000000, 0x0000000100000000)
 Metaspace       used 21224K, capacity 21550K, committed 21884K, reserved 1069056K
  class space    used 2447K, capacity 2599K, committed 2684K, reserved 1048576K
}
2017-07-18T11:42:38.189+0200: 3,133: Total time for which application threads were stopped: 0,0113543 seconds, Stopping threads took: 0,0001006 seconds
{Heap before GC invocations=5 (full 1):
 par new generation   total 109248K, used 99324K [0x00000000e0000000, 0x00000000e8000000, 0x00000000e8000000)
  eden space 87424K, 100% used [0x00000000e0000000, 0x00000000e5560000, 0x00000000e5560000)
  from space 21824K,  54% used [0x00000000e6ab0000, 0x00000000e764f370, 0x00000000e8000000)
  to   space 21824K,   0% used [0x00000000e5560000, 0x00000000e5560000, 0x00000000e6ab0000)
 concurrent mark-sweep generation total 393216K, used 0K [0x00000000e8000000, 0x0000000100000000, 0x0000000100000000)
 Metaspace       used 21379K, capacity 21796K, committed 21884K, reserved 1069056K
  class space    used 2464K, capacity 2635K, committed 2684K, reserved 1048576K
2017-07-18T11:42:38.289+0200: 3,232: [GC (Allocation Failure) 2017-07-18T11:42:38.289+0200: 3,232: [ParNew
Desired survivor size 20112992 bytes, new threshold 8 (max 8)
- age   1:     927976 bytes,     927976 total
- age   2:     169264 bytes,    1097240 total
- age   4:    1460592 bytes,    2557832 total
- age   5:     903288 bytes,    3461120 total
- age   6:    6601688 bytes,   10062808 total
: 99324K->15508K(109248K), 0,0102024 secs] 99324K->15508K(502464K), 0,0102792 secs] [Times: user=0,03 sys=0,00, real=0,01 secs] 
Heap after GC invocations=6 (full 1):
 par new generation   total 109248K, used 15508K [0x00000000e0000000, 0x00000000e8000000, 0x00000000e8000000)
  eden space 87424K,   0% used [0x00000000e0000000, 0x00000000e0000000, 0x00000000e5560000)
  from space 21824K,  71% used [0x00000000e5560000, 0x00000000e6485200, 0x00000000e6ab0000)
  to   space 21824K,   0% used [0x00000000e6ab0000, 0x00000000e6ab0000, 0x00000000e8000000)
 concurrent mark-sweep generation total 393216K, used 0K [0x00000000e8000000, 0x0000000100000000, 0x0000000100000000)
 Metaspace       used 21379K, capacity 21796K, committed 21884K, reserved 1069056K
  class space    used 2464K, capacity 2635K, committed 2684K, reserved 1048576K
}
2017-07-18T11:42:38.299+0200: 3,243: Total time for which application threads were stopped: 0,0105455 seconds, Stopping threads took: 0,0001196 seconds
2017-07-18T11:42:38.339+0200: 3,282: Total time for which application threads were stopped: 0,0003807 seconds, Stopping threads took: 0,0000307 seconds
2017-07-18T11:42:38.594+0200: 3,537: Total time for which application threads were stopped: 0,0005499 seconds, Stopping threads took: 0,0000334 seconds
2017-07-18T11:42:38.608+0200: 3,552: Total time for which application threads were stopped: 0,0004529 seconds, Stopping threads took: 0,0000385 seconds
{Heap before GC invocations=6 (full 1):
 par new generation   total 109248K, used 102932K [0x00000000e0000000, 0x00000000e8000000, 0x00000000e8000000)
  eden space 87424K, 100% used [0x00000000e0000000, 0x00000000e5560000, 0x00000000e5560000)
  from space 21824K,  71% used [0x00000000e5560000, 0x00000000e6485200, 0x00000000e6ab0000)
  to   space 21824K,   0% used [0x00000000e6ab0000, 0x00000000e6ab0000, 0x00000000e8000000)
 concurrent mark-sweep generation total 393216K, used 0K [0x00000000e8000000, 0x0000000100000000, 0x0000000100000000)
 Metaspace       used 23720K, capacity 24166K, committed 24316K, reserved 1071104K
  class space    used 2785K, capacity 2978K, committed 3068K, reserved 1048576K
2017-07-18T11:42:38.760+0200: 3,704: [GC (Allocation Failure) 2017-07-18T11:42:38.760+0200: 3,704: [ParNew
Desired survivor size 20112992 bytes, new threshold 8 (max 8)
- age   1:    5021888 bytes,    5021888 total
- age   2:     127968 bytes,    5149856 total
- age   3:     167672 bytes,    5317528 total
- age   5:     290832 bytes,    5608360 total
- age   6:     878952 bytes,    6487312 total
- age   7:    6593376 bytes,   13080688 total
: 102932K->14016K(109248K), 0,0162936 secs] 102932K->14016K(502464K), 0,0163738 secs] [Times: user=0,04 sys=0,00, real=0,02 secs] 
Heap after GC invocations=7 (full 1):
 par new generation   total 109248K, used 14016K [0x00000000e0000000, 0x00000000e8000000, 0x00000000e8000000)
  eden space 87424K,   0% used [0x00000000e0000000, 0x00000000e0000000, 0x00000000e5560000)
  from space 21824K,  64% used [0x00000000e6ab0000, 0x00000000e78602a0, 0x00000000e8000000)
  to   space 21824K,   0% used [0x00000000e5560000, 0x00000000e5560000, 0x00000000e6ab0000)
 concurrent mark-sweep generation total 393216K, used 0K [0x00000000e8000000, 0x0000000100000000, 0x0000000100000000)
 Metaspace       used 23720K, capacity 24166K, committed 24316K, reserved 1071104K
  class space    used 2785K, capacity 2978K, committed 3068K, reserved 1048576K
}
2017-07-18T11:42:38.777+0200: 3,720: Total time for which application threads were stopped: 0,0187410 seconds, Stopping threads took: 0,0021220 seconds
{Heap before GC invocations=7 (full 1):
 par new generation   total 109248K, used 101440K [0x00000000e0000000, 0x00000000e8000000, 0x00000000e8000000)
  eden space 87424K, 100% used [0x00000000e0000000, 0x00000000e5560000, 0x00000000e5560000)
  from space 21824K,  64% used [0x00000000e6ab0000, 0x00000000e78602a0, 0x00000000e8000000)
  to   space 21824K,   0% used [0x00000000e5560000, 0x00000000e5560000, 0x00000000e6ab0000)
 concurrent mark-sweep generation total 393216K, used 0K [0x00000000e8000000, 0x0000000100000000, 0x0000000100000000)
 Metaspace       used 24465K, capacity 24956K, committed 25084K, reserved 1071104K
  class space    used 2861K, capacity 3046K, committed 3068K, reserved 1048576K
2017-07-18T11:42:38.958+0200: 3,902: [GC (Allocation Failure) 2017-07-18T11:42:38.958+0200: 3,902: [ParNew
Desired survivor size 20112992 bytes, new threshold 8 (max 8)
- age   1:    2005104 bytes,    2005104 total
- age   2:    1775928 bytes,    3781032 total
- age   3:      45600 bytes,    3826632 total
- age   4:     110192 bytes,    3936824 total
- age   6:     191208 bytes,    4128032 total
- age   7:     800536 bytes,    4928568 total
- age   8:    6093816 bytes,   11022384 total
: 101440K->13435K(109248K), 0,0155330 secs] 101440K->13435K(502464K), 0,0156352 secs] [Times: user=0,04 sys=0,00, real=0,01 secs] 
Heap after GC invocations=8 (full 1):
 par new generation   total 109248K, used 13435K [0x00000000e0000000, 0x00000000e8000000, 0x00000000e8000000)
  eden space 87424K,   0% used [0x00000000e0000000, 0x00000000e0000000, 0x00000000e5560000)
  from space 21824K,  61% used [0x00000000e5560000, 0x00000000e627ef20, 0x00000000e6ab0000)
  to   space 21824K,   0% used [0x00000000e6ab0000, 0x00000000e6ab0000, 0x00000000e8000000)
 concurrent mark-sweep generation total 393216K, used 0K [0x00000000e8000000, 0x0000000100000000, 0x0000000100000000)
 Metaspace       used 24465K, capacity 24956K, committed 25084K, reserved 1071104K
  class space    used 2861K, capacity 3046K, committed 3068K, reserved 1048576K
}
2017-07-18T11:42:38.974+0200: 3,917: Total time for which application threads were stopped: 0,0159198 seconds, Stopping threads took: 0,0000518 seconds
{Heap before GC invocations=8 (full 1):
 par new generation   total 109248K, used 100859K [0x00000000e0000000, 0x00000000e8000000, 0x00000000e8000000)
  eden space 87424K, 100% used [0x00000000e0000000, 0x00000000e5560000, 0x00000000e5560000)
  from space 21824K,  61% used [0x00000000e5560000, 0x00000000e627ef20, 0x00000000e6ab0000)
  to   space 21824K,   0% used [0x00000000e6ab0000, 0x00000000e6ab0000, 0x00000000e8000000)
 concurrent mark-sweep generation total 393216K, used 0K [0x00000000e8000000, 0x0000000100000000, 0x0000000100000000)
 Metaspace       used 24746K, capacity 25190K, committed 25468K, reserved 1071104K
  class space    used 2891K, capacity 3080K, committed 3196K, reserved 1048576K
2017-07-18T11:42:39.058+0200: 4,002: [GC (Allocation Failure) 2017-07-18T11:42:39.058+0200: 4,002: [ParNew
Desired survivor size 20112992 bytes, new threshold 8 (max 8)
- age   1:     714216 bytes,     714216 total
- age   2:    1042240 bytes,    1756456 total
- age   3:    1753800 bytes,    3510256 total
- age   4:      45600 bytes,    3555856 total
- age   5:     110192 bytes,    3666048 total
- age   7:     191040 bytes,    3857088 total
- age   8:     800520 bytes,    4657608 total
: 100859K->10760K(109248K), 0,0458765 secs] 100859K->16793K(502464K), 0,0459578 secs] [Times: user=0,13 sys=0,01, real=0,05 secs] 
Heap after GC invocations=9 (full 1):
 par new generation   total 109248K, used 10760K [0x00000000e0000000, 0x00000000e8000000, 0x00000000e8000000)
  eden space 87424K,   0% used [0x00000000e0000000, 0x00000000e0000000, 0x00000000e5560000)
  from space 21824K,  49% used [0x00000000e6ab0000, 0x00000000e7532040, 0x00000000e8000000)
  to   space 21824K,   0% used [0x00000000e5560000, 0x00000000e5560000, 0x00000000e6ab0000)
 concurrent mark-sweep generation total 393216K, used 6033K [0x00000000e8000000, 0x0000000100000000, 0x0000000100000000)
 Metaspace       used 24746K, capacity 25190K, committed 25468K, reserved 1071104K
  class space    used 2891K, capacity 3080K, committed 3196K, reserved 1048576K
}
2017-07-18T11:42:39.104+0200: 4,048: Total time for which application threads were stopped: 0,0484616 seconds, Stopping threads took: 0,0023159 seconds
2017-07-18T11:42:39.115+0200: 4,059: Total time for which application threads were stopped: 0,0009703 seconds, Stopping threads took: 0,0005907 seconds
2017-07-18T11:42:39.255+0200: 4,198: Total time for which application threads were stopped: 0,0002126 seconds, Stopping threads took: 0,0001028 seconds
2017-07-18T11:42:39.261+0200: 4,205: Total time for which application threads were stopped: 0,0001190 seconds, Stopping threads took: 0,0000530 seconds
2017-07-18T11:42:39.261+0200: 4,205: Total time for which application threads were stopped: 0,0000533 seconds, Stopping threads took: 0,0000215 seconds
2017-07-18T11:42:39.262+0200: 4,205: Total time for which application threads were stopped: 0,0001492 seconds, Stopping threads took: 0,0000876 seconds
2017-07-18T11:42:39.264+0200: 4,207: Total time for which application threads were stopped: 0,0017812 seconds, Stopping threads took: 0,0017075 seconds
2017-07-18T11:42:39.264+0200: 4,207: Total time for which application threads were stopped: 0,0001057 seconds, Stopping threads took: 0,0000520 seconds
2017-07-18T11:42:39.264+0200: 4,207: Total time for which application threads were stopped: 0,0000594 seconds, Stopping threads took: 0,0000236 seconds
2017-07-18T11:42:39.266+0200: 4,209: Total time for which application threads were stopped: 0,0011944 seconds, Stopping threads took: 0,0011416 seconds
2017-07-18T11:42:39.266+0200: 4,209: Total time for which application threads were stopped: 0,0000766 seconds, Stopping threads took: 0,0000283 seconds
2017-07-18T11:42:39.266+0200: 4,209: Total time for which application threads were stopped: 0,0000650 seconds, Stopping threads took: 0,0000191 seconds
2017-07-18T11:42:39.266+0200: 4,210: Total time for which application threads were stopped: 0,0003138 seconds, Stopping threads took: 0,0002514 seconds
2017-07-18T11:42:39.267+0200: 4,210: Total time for which application threads were stopped: 0,0000652 seconds, Stopping threads took: 0,0000229 seconds
2017-07-18T11:42:39.267+0200: 4,210: Total time for which application threads were stopped: 0,0000872 seconds, Stopping threads took: 0,0000138 seconds
2017-07-18T11:42:39.267+0200: 4,210: Total time for which application threads were stopped: 0,0000623 seconds, Stopping threads took: 0,0000180 seconds
2017-07-18T11:42:39.267+0200: 4,211: Total time for which application threads were stopped: 0,0000946 seconds, Stopping threads took: 0,0000260 seconds
2017-07-18T11:42:39.267+0200: 4,211: Total time for which application threads were stopped: 0,0000593 seconds, Stopping threads took: 0,0000106 seconds
2017-07-18T11:42:39.268+0200: 4,211: Total time for which application threads were stopped: 0,0000871 seconds, Stopping threads took: 0,0000137 seconds
2017-07-18T11:42:39.268+0200: 4,211: Total time for which application threads were stopped: 0,0000723 seconds, Stopping threads took: 0,0000159 seconds
2017-07-18T11:42:39.268+0200: 4,211: Total time for which application threads were stopped: 0,0000695 seconds, Stopping threads took: 0,0000206 seconds
2017-07-18T11:42:39.268+0200: 4,211: Total time for which application threads were stopped: 0,0000723 seconds, Stopping threads took: 0,0000275 seconds
2017-07-18T11:42:39.268+0200: 4,212: Total time for which application threads were stopped: 0,0000639 seconds, Stopping threads took: 0,0000198 seconds
2017-07-18T11:42:39.269+0200: 4,212: Total time for which application threads were stopped: 0,0001903 seconds, Stopping threads took: 0,0001374 seconds
2017-07-18T11:42:39.269+0200: 4,212: Total time for which application threads were stopped: 0,0000649 seconds, Stopping threads took: 0,0000282 seconds
2017-07-18T11:42:39.269+0200: 4,212: Total time for which application threads were stopped: 0,0000713 seconds, Stopping threads took: 0,0000231 seconds
2017-07-18T11:42:39.269+0200: 4,212: Total time for which application threads were stopped: 0,0001312 seconds, Stopping threads took: 0,0000240 seconds
2017-07-18T11:42:39.270+0200: 4,213: Total time for which application threads were stopped: 0,0001958 seconds, Stopping threads took: 0,0001343 seconds
2017-07-18T11:42:39.270+0200: 4,213: Total time for which application threads were stopped: 0,0000970 seconds, Stopping threads took: 0,0000236 seconds
2017-07-18T11:42:39.274+0200: 4,217: Total time for which application threads were stopped: 0,0001603 seconds, Stopping threads took: 0,0000442 seconds
2017-07-18T11:42:39.279+0200: 4,222: Total time for which application threads were stopped: 0,0001324 seconds, Stopping threads took: 0,0000569 seconds
2017-07-18T11:42:39.285+0200: 4,229: Total time for which application threads were stopped: 0,0001447 seconds, Stopping threads took: 0,0000329 seconds
2017-07-18T11:42:39.286+0200: 4,229: Total time for which application threads were stopped: 0,0000742 seconds, Stopping threads took: 0,0000238 seconds
2017-07-18T11:42:39.286+0200: 4,229: Total time for which application threads were stopped: 0,0000705 seconds, Stopping threads took: 0,0000175 seconds
2017-07-18T11:42:39.286+0200: 4,229: Total time for which application threads were stopped: 0,0000664 seconds, Stopping threads took: 0,0000207 seconds
2017-07-18T11:42:39.286+0200: 4,229: Total time for which application threads were stopped: 0,0000655 seconds, Stopping threads took: 0,0000160 seconds
2017-07-18T11:42:39.287+0200: 4,230: Total time for which application threads were stopped: 0,0001026 seconds, Stopping threads took: 0,0000353 seconds
2017-07-18T11:42:39.287+0200: 4,230: Total time for which application threads were stopped: 0,0000726 seconds, Stopping threads took: 0,0000215 seconds
2017-07-18T11:42:39.287+0200: 4,230: Total time for which application threads were stopped: 0,0000568 seconds, Stopping threads took: 0,0000219 seconds
2017-07-18T11:42:39.294+0200: 4,237: Total time for which application threads were stopped: 0,0040788 seconds, Stopping threads took: 0,0040067 seconds
2017-07-18T11:42:39.296+0200: 4,239: Total time for which application threads were stopped: 0,0001560 seconds, Stopping threads took: 0,0000575 seconds
2017-07-18T11:42:39.296+0200: 4,239: Total time for which application threads were stopped: 0,0000854 seconds, Stopping threads took: 0,0000261 seconds
2017-07-18T11:42:39.300+0200: 4,243: Total time for which application threads were stopped: 0,0003389 seconds, Stopping threads took: 0,0002485 seconds
2017-07-18T11:42:39.300+0200: 4,244: Total time for which application threads were stopped: 0,0000852 seconds, Stopping threads took: 0,0000274 seconds
2017-07-18T11:42:39.307+0200: 4,250: Total time for which application threads were stopped: 0,0002180 seconds, Stopping threads took: 0,0001312 seconds
2017-07-18T11:42:39.307+0200: 4,250: Total time for which application threads were stopped: 0,0001271 seconds, Stopping threads took: 0,0000782 seconds
2017-07-18T11:42:39.307+0200: 4,250: Total time for which application threads were stopped: 0,0000958 seconds, Stopping threads took: 0,0000418 seconds
2017-07-18T11:42:39.307+0200: 4,250: Total time for which application threads were stopped: 0,0000813 seconds, Stopping threads took: 0,0000147 seconds
2017-07-18T11:42:39.308+0200: 4,251: Total time for which application threads were stopped: 0,0001073 seconds, Stopping threads took: 0,0000305 seconds
2017-07-18T11:42:39.308+0200: 4,251: Total time for which application threads were stopped: 0,0000992 seconds, Stopping threads took: 0,0000261 seconds
2017-07-18T11:42:39.310+0200: 4,253: Total time for which application threads were stopped: 0,0002073 seconds, Stopping threads took: 0,0000570 seconds
2017-07-18T11:42:39.313+0200: 4,257: Total time for which application threads were stopped: 0,0001501 seconds, Stopping threads took: 0,0000387 seconds
2017-07-18T11:42:39.316+0200: 4,259: Total time for which application threads were stopped: 0,0001472 seconds, Stopping threads took: 0,0000439 seconds
2017-07-18T11:42:39.316+0200: 4,260: Total time for which application threads were stopped: 0,0001339 seconds, Stopping threads took: 0,0000583 seconds
2017-07-18T11:42:39.317+0200: 4,261: Total time for which application threads were stopped: 0,0002190 seconds, Stopping threads took: 0,0000541 seconds
2017-07-18T11:42:39.329+0200: 4,272: Total time for which application threads were stopped: 0,0001148 seconds, Stopping threads took: 0,0000348 seconds
2017-07-18T11:42:39.340+0200: 4,283: Total time for which application threads were stopped: 0,0001281 seconds, Stopping threads took: 0,0000554 seconds
2017-07-18T11:42:39.342+0200: 4,285: Total time for which application threads were stopped: 0,0001321 seconds, Stopping threads took: 0,0000485 seconds
2017-07-18T11:42:39.351+0200: 4,294: Total time for which application threads were stopped: 0,0005042 seconds, Stopping threads took: 0,0001102 seconds
2017-07-18T11:42:39.404+0200: 4,348: Total time for which application threads were stopped: 0,0005128 seconds, Stopping threads took: 0,0000613 seconds
2017-07-18T11:42:39.421+0200: 4,365: Total time for which application threads were stopped: 0,0005363 seconds, Stopping threads took: 0,0000550 seconds
2017-07-18T11:42:39.476+0200: 4,419: Total time for which application threads were stopped: 0,0002010 seconds, Stopping threads took: 0,0000956 seconds
2017-07-18T11:42:39.495+0200: 4,438: Total time for which application threads were stopped: 0,0005267 seconds, Stopping threads took: 0,0000254 seconds
2017-07-18T11:42:39.497+0200: 4,440: Total time for which application threads were stopped: 0,0001750 seconds, Stopping threads took: 0,0000722 seconds
2017-07-18T11:42:39.500+0200: 4,443: Total time for which application threads were stopped: 0,0001228 seconds, Stopping threads took: 0,0000397 seconds
2017-07-18T11:42:39.502+0200: 4,446: Total time for which application threads were stopped: 0,0001094 seconds, Stopping threads took: 0,0000273 seconds
2017-07-18T11:42:39.515+0200: 4,458: Total time for which application threads were stopped: 0,0001166 seconds, Stopping threads took: 0,0000316 seconds
2017-07-18T11:42:39.521+0200: 4,464: Total time for which application threads were stopped: 0,0001638 seconds, Stopping threads took: 0,0000507 seconds
2017-07-18T11:42:39.523+0200: 4,467: Total time for which application threads were stopped: 0,0001183 seconds, Stopping threads took: 0,0000393 seconds
2017-07-18T11:42:39.530+0200: 4,473: Total time for which application threads were stopped: 0,0043080 seconds, Stopping threads took: 0,0041997 seconds
2017-07-18T11:42:39.533+0200: 4,477: Total time for which application threads were stopped: 0,0001558 seconds, Stopping threads took: 0,0000548 seconds
2017-07-18T11:42:39.537+0200: 4,480: Total time for which application threads were stopped: 0,0001354 seconds, Stopping threads took: 0,0000337 seconds
2017-07-18T11:42:39.540+0200: 4,483: Total time for which application threads were stopped: 0,0001637 seconds, Stopping threads took: 0,0000438 seconds
2017-07-18T11:42:39.542+0200: 4,485: Total time for which application threads were stopped: 0,0002565 seconds, Stopping threads took: 0,0000436 seconds
2017-07-18T11:42:39.544+0200: 4,487: Total time for which application threads were stopped: 0,0001521 seconds, Stopping threads took: 0,0000590 seconds
2017-07-18T11:42:39.547+0200: 4,491: Total time for which application threads were stopped: 0,0000931 seconds, Stopping threads took: 0,0000216 seconds
2017-07-18T11:42:39.552+0200: 4,495: Total time for which application threads were stopped: 0,0001845 seconds, Stopping threads took: 0,0000366 seconds
2017-07-18T11:42:39.556+0200: 4,499: Total time for which application threads were stopped: 0,0001354 seconds, Stopping threads took: 0,0000360 seconds
2017-07-18T11:42:39.558+0200: 4,501: Total time for which application threads were stopped: 0,0001668 seconds, Stopping threads took: 0,0000395 seconds
2017-07-18T11:42:39.580+0200: 4,523: Total time for which application threads were stopped: 0,0005492 seconds, Stopping threads took: 0,0004263 seconds
2017-07-18T11:42:39.602+0200: 4,546: Total time for which application threads were stopped: 0,0039918 seconds, Stopping threads took: 0,0038672 seconds
2017-07-18T11:42:39.604+0200: 4,547: Total time for which application threads were stopped: 0,0001877 seconds, Stopping threads took: 0,0000968 seconds
2017-07-18T11:42:39.610+0200: 4,554: Total time for which application threads were stopped: 0,0001842 seconds, Stopping threads took: 0,0000863 seconds
2017-07-18T11:42:39.648+0200: 4,591: Total time for which application threads were stopped: 0,0005883 seconds, Stopping threads took: 0,0000265 seconds
2017-07-18T11:42:40.648+0200: 5,591: Total time for which application threads were stopped: 0,0000817 seconds, Stopping threads took: 0,0000177 seconds
2017-07-18T11:44:32.660+0200: 117,604: Total time for which application threads were stopped: 0,0000806 seconds, Stopping threads took: 0,0000323 seconds
2017-07-18T11:44:37.661+0200: 122,604: Total time for which application threads were stopped: 0,0000656 seconds, Stopping threads took: 0,0000155 seconds
{Heap before GC invocations=9 (full 1):
 par new generation   total 109248K, used 98184K [0x00000000e0000000, 0x00000000e8000000, 0x00000000e8000000)
  eden space 87424K, 100% used [0x00000000e0000000, 0x00000000e5560000, 0x00000000e5560000)
  from space 21824K,  49% used [0x00000000e6ab0000, 0x00000000e7532040, 0x00000000e8000000)
  to   space 21824K,   0% used [0x00000000e5560000, 0x00000000e5560000, 0x00000000e6ab0000)
 concurrent mark-sweep generation total 393216K, used 6033K [0x00000000e8000000, 0x0000000100000000, 0x0000000100000000)
 Metaspace       used 28057K, capacity 28550K, committed 28796K, reserved 1075200K
  class space    used 3209K, capacity 3386K, committed 3452K, reserved 1048576K
2017-07-18T11:45:31.126+0200: 176,069: [GC (Allocation Failure) 2017-07-18T11:45:31.126+0200: 176,069: [ParNew
Desired survivor size 20112992 bytes, new threshold 8 (max 8)
- age   1:   11026408 bytes,   11026408 total
- age   2:     167040 bytes,   11193448 total
- age   3:     262528 bytes,   11455976 total
- age   4:    1748608 bytes,   13204584 total
- age   5:      45600 bytes,   13250184 total
- age   6:     107488 bytes,   13357672 total
- age   8:     190416 bytes,   13548088 total
: 98184K->15334K(109248K), 0,0164207 secs] 104217K->22236K(502464K), 0,0164959 secs] [Times: user=0,06 sys=0,00, real=0,02 secs] 
Heap after GC invocations=10 (full 1):
 par new generation   total 109248K, used 15334K [0x00000000e0000000, 0x00000000e8000000, 0x00000000e8000000)
  eden space 87424K,   0% used [0x00000000e0000000, 0x00000000e0000000, 0x00000000e5560000)
  from space 21824K,  70% used [0x00000000e5560000, 0x00000000e6459868, 0x00000000e6ab0000)
  to   space 21824K,   0% used [0x00000000e6ab0000, 0x00000000e6ab0000, 0x00000000e8000000)
 concurrent mark-sweep generation total 393216K, used 6902K [0x00000000e8000000, 0x0000000100000000, 0x0000000100000000)
 Metaspace       used 28057K, capacity 28550K, committed 28796K, reserved 1075200K
  class space    used 3209K, capacity 3386K, committed 3452K, reserved 1048576K
}
2017-07-18T11:45:31.142+0200: 176,086: Total time for which application threads were stopped: 0,0166707 seconds, Stopping threads took: 0,0000478 seconds
2017-07-18T11:45:31.143+0200: 176,086: Total time for which application threads were stopped: 0,0000810 seconds, Stopping threads took: 0,0000415 seconds
2017-07-18T11:45:31.143+0200: 176,086: Total time for which application threads were stopped: 0,0000320 seconds, Stopping threads took: 0,0000127 seconds
2017-07-18T12:06:01.282+0200: 1406,225: Total time for which application threads were stopped: 0,0005162 seconds, Stopping threads took: 0,0002003 seconds
2017-07-18T12:09:16.305+0200: 1601,249: Total time for which application threads were stopped: 0,0005397 seconds, Stopping threads took: 0,0002109 seconds
2017-07-18T12:09:21.306+0200: 1606,249: Total time for which application threads were stopped: 0,0001166 seconds, Stopping threads took: 0,0000632 seconds
2017-07-18T12:20:56.383+0200: 2301,326: Total time for which application threads were stopped: 0,0001478 seconds, Stopping threads took: 0,0000489 seconds
2017-07-18T12:20:57.383+0200: 2302,327: Total time for which application threads were stopped: 0,0001483 seconds, Stopping threads took: 0,0000522 seconds
2017-07-18T12:33:07.466+0200: 3032,410: Total time for which application threads were stopped: 0,0000967 seconds, Stopping threads took: 0,0000407 seconds
2017-07-18T12:33:37.470+0200: 3062,413: Total time for which application threads were stopped: 0,0001111 seconds, Stopping threads took: 0,0000355 seconds
2017-07-18T12:35:52.485+0200: 3197,429: Total time for which application threads were stopped: 0,0001060 seconds, Stopping threads took: 0,0000447 seconds
2017-07-18T12:36:21.488+0200: 3226,432: Total time for which application threads were stopped: 0,0000939 seconds, Stopping threads took: 0,0000329 seconds
2017-07-18T12:48:37.601+0200: 3962,544: Total time for which application threads were stopped: 0,0001295 seconds, Stopping threads took: 0,0000425 seconds
2017-07-18T12:48:51.603+0200: 3976,546: Total time for which application threads were stopped: 0,0000809 seconds, Stopping threads took: 0,0000323 seconds
2017-07-18T12:49:01.605+0200: 3986,548: Total time for which application threads were stopped: 0,0001629 seconds, Stopping threads took: 0,0000582 seconds
2017-07-18T13:01:02.722+0200: 4707,665: Total time for which application threads were stopped: 0,0001641 seconds, Stopping threads took: 0,0000623 seconds
2017-07-18T13:26:57.977+0200: 6262,921: Total time for which application threads were stopped: 0,0000901 seconds, Stopping threads took: 0,0000367 seconds
2017-07-18T13:43:07.091+0200: 7232,034: Total time for which application threads were stopped: 0,0000937 seconds, Stopping threads took: 0,0000404 seconds
2017-07-18T13:45:07.105+0200: 7352,049: Total time for which application threads were stopped: 0,0001900 seconds, Stopping threads took: 0,0000723 seconds
2017-07-18T13:50:37.151+0200: 7682,094: Total time for which application threads were stopped: 0,0000880 seconds, Stopping threads took: 0,0000330 seconds
2017-07-18T14:56:46.534+0200: 11522,400: Total time for which application threads were stopped: 0,0000787 seconds, Stopping threads took: 0,0000297 seconds
2017-07-18T14:57:16.537+0200: 11552,404: Total time for which application threads were stopped: 0,0000957 seconds, Stopping threads took: 0,0000344 seconds
2017-07-18T15:55:12.322+0200: 14842,705: Total time for which application threads were stopped: 0,0000967 seconds, Stopping threads took: 0,0000355 seconds
2017-07-18T16:05:51.400+0200: 15481,783: Total time for which application threads were stopped: 0,0000804 seconds, Stopping threads took: 0,0000317 seconds
2017-07-18T16:45:41.620+0200: 17872,003: Total time for which application threads were stopped: 0,0001641 seconds, Stopping threads took: 0,0000773 seconds
2017-07-18T16:45:41.620+0200: 17872,003: Total time for which application threads were stopped: 0,0001012 seconds, Stopping threads took: 0,0000337 seconds
2017-07-18T16:45:41.622+0200: 17872,005: Total time for which application threads were stopped: 0,0002959 seconds, Stopping threads took: 0,0002100 seconds
2017-07-18T16:45:41.622+0200: 17872,005: Total time for which application threads were stopped: 0,0002359 seconds, Stopping threads took: 0,0001715 seconds
2017-07-18T16:45:41.623+0200: 17872,006: Total time for which application threads were stopped: 0,0000868 seconds, Stopping threads took: 0,0000261 seconds
2017-07-18T16:45:41.628+0200: 17872,012: Total time for which application threads were stopped: 0,0001475 seconds, Stopping threads took: 0,0000503 seconds
2017-07-18T16:45:41.630+0200: 17872,013: Total time for which application threads were stopped: 0,0000809 seconds, Stopping threads took: 0,0000201 seconds
2017-07-18T16:45:41.631+0200: 17872,014: Total time for which application threads were stopped: 0,0000680 seconds, Stopping threads took: 0,0000256 seconds
2017-07-18T16:45:41.631+0200: 17872,014: Total time for which application threads were stopped: 0,0000610 seconds, Stopping threads took: 0,0000244 seconds
2017-07-18T16:45:41.631+0200: 17872,014: Total time for which application threads were stopped: 0,0000595 seconds, Stopping threads took: 0,0000250 seconds
2017-07-18T16:45:41.631+0200: 17872,014: Total time for which application threads were stopped: 0,0000504 seconds, Stopping threads took: 0,0000187 seconds
2017-07-18T16:45:41.631+0200: 17872,014: Total time for which application threads were stopped: 0,0000591 seconds, Stopping threads took: 0,0000268 seconds
2017-07-18T16:45:41.631+0200: 17872,014: Total time for which application threads were stopped: 0,0000532 seconds, Stopping threads took: 0,0000221 seconds
2017-07-18T16:45:41.631+0200: 17872,014: Total time for which application threads were stopped: 0,0000672 seconds, Stopping threads took: 0,0000350 seconds
2017-07-18T16:45:41.631+0200: 17872,014: Total time for which application threads were stopped: 0,0000431 seconds, Stopping threads took: 0,0000117 seconds
2017-07-18T16:45:41.631+0200: 17872,015: Total time for which application threads were stopped: 0,0000471 seconds, Stopping threads took: 0,0000154 seconds
2017-07-18T16:45:41.631+0200: 17872,015: Total time for which application threads were stopped: 0,0000496 seconds, Stopping threads took: 0,0000198 seconds
2017-07-18T16:45:41.632+0200: 17872,015: Total time for which application threads were stopped: 0,0000588 seconds, Stopping threads took: 0,0000201 seconds
2017-07-18T16:45:41.659+0200: 17872,043: Total time for which application threads were stopped: 0,0278532 seconds, Stopping threads took: 0,0277738 seconds
2017-07-18T16:45:41.660+0200: 17872,043: Total time for which application threads were stopped: 0,0000492 seconds, Stopping threads took: 0,0000078 seconds
2017-07-18T16:45:41.660+0200: 17872,043: Total time for which application threads were stopped: 0,0000448 seconds, Stopping threads took: 0,0000054 seconds
2017-07-18T16:45:41.665+0200: 17872,048: Total time for which application threads were stopped: 0,0001071 seconds, Stopping threads took: 0,0000306 seconds
2017-07-18T16:45:41.665+0200: 17872,048: Total time for which application threads were stopped: 0,0000551 seconds, Stopping threads took: 0,0000129 seconds
2017-07-18T16:45:41.671+0200: 17872,054: Total time for which application threads were stopped: 0,0001197 seconds, Stopping threads took: 0,0000374 seconds
2017-07-18T16:45:41.671+0200: 17872,054: Total time for which application threads were stopped: 0,0000723 seconds, Stopping threads took: 0,0000066 seconds
2017-07-18T16:45:41.671+0200: 17872,054: Total time for which application threads were stopped: 0,0000415 seconds, Stopping threads took: 0,0000060 seconds
2017-07-18T16:45:41.671+0200: 17872,054: Total time for which application threads were stopped: 0,0000354 seconds, Stopping threads took: 0,0000046 seconds
2017-07-18T16:45:41.671+0200: 17872,054: Total time for which application threads were stopped: 0,0000380 seconds, Stopping threads took: 0,0000047 seconds
2017-07-18T16:45:41.671+0200: 17872,054: Total time for which application threads were stopped: 0,0000338 seconds, Stopping threads took: 0,0000044 seconds
2017-07-18T16:45:41.671+0200: 17872,054: Total time for which application threads were stopped: 0,0000345 seconds, Stopping threads took: 0,0000045 seconds
2017-07-18T16:45:41.671+0200: 17872,054: Total time for which application threads were stopped: 0,0000361 seconds, Stopping threads took: 0,0000043 seconds
2017-07-18T16:45:41.671+0200: 17872,054: Total time for which application threads were stopped: 0,0000342 seconds, Stopping threads took: 0,0000048 seconds
2017-07-18T16:45:41.671+0200: 17872,055: Total time for which application threads were stopped: 0,0000329 seconds, Stopping threads took: 0,0000046 seconds
2017-07-18T16:45:41.673+0200: 17872,056: Total time for which application threads were stopped: 0,0000965 seconds, Stopping threads took: 0,0000207 seconds
2017-07-18T16:45:41.676+0200: 17872,060: Total time for which application threads were stopped: 0,0018728 seconds, Stopping threads took: 0,0000290 seconds
2017-07-18T16:45:41.677+0200: 17872,061: Total time for which application threads were stopped: 0,0000837 seconds, Stopping threads took: 0,0000158 seconds
2017-07-18T16:45:41.678+0200: 17872,061: Total time for which application threads were stopped: 0,0000537 seconds, Stopping threads took: 0,0000141 seconds
2017-07-18T16:45:41.678+0200: 17872,061: Total time for which application threads were stopped: 0,0000391 seconds, Stopping threads took: 0,0000073 seconds
2017-07-18T16:45:41.678+0200: 17872,061: Total time for which application threads were stopped: 0,0000438 seconds, Stopping threads took: 0,0000136 seconds
2017-07-18T16:45:41.678+0200: 17872,061: Total time for which application threads were stopped: 0,0000335 seconds, Stopping threads took: 0,0000054 seconds
2017-07-18T16:45:41.678+0200: 17872,061: Total time for which application threads were stopped: 0,0000418 seconds, Stopping threads took: 0,0000111 seconds
2017-07-18T16:45:41.678+0200: 17872,061: Total time for which application threads were stopped: 0,0000353 seconds, Stopping threads took: 0,0000050 seconds
2017-07-18T16:45:41.678+0200: 17872,061: Total time for which application threads were stopped: 0,0000461 seconds, Stopping threads took: 0,0000125 seconds
2017-07-18T16:45:41.692+0200: 17872,075: Total time for which application threads were stopped: 0,0001766 seconds, Stopping threads took: 0,0000459 seconds
2017-07-18T16:45:41.692+0200: 17872,075: Total time for which application threads were stopped: 0,0000935 seconds, Stopping threads took: 0,0000195 seconds
2017-07-18T16:45:41.708+0200: 17872,091: Total time for which application threads were stopped: 0,0001413 seconds, Stopping threads took: 0,0000370 seconds
2017-07-18T16:45:41.712+0200: 17872,095: Total time for which application threads were stopped: 0,0001329 seconds, Stopping threads took: 0,0000555 seconds
2017-07-18T16:45:41.721+0200: 17872,104: Total time for which application threads were stopped: 0,0001471 seconds, Stopping threads took: 0,0000404 seconds
2017-07-18T16:45:41.721+0200: 17872,104: Total time for which application threads were stopped: 0,0000576 seconds, Stopping threads took: 0,0000123 seconds
2017-07-18T16:45:41.721+0200: 17872,104: Total time for which application threads were stopped: 0,0000551 seconds, Stopping threads took: 0,0000151 seconds
2017-07-18T16:45:41.721+0200: 17872,105: Total time for which application threads were stopped: 0,0000587 seconds, Stopping threads took: 0,0000220 seconds
2017-07-18T16:45:41.722+0200: 17872,105: Total time for which application threads were stopped: 0,0000560 seconds, Stopping threads took: 0,0000234 seconds
2017-07-18T16:45:41.722+0200: 17872,105: Total time for which application threads were stopped: 0,0000512 seconds, Stopping threads took: 0,0000166 seconds
2017-07-18T16:45:41.722+0200: 17872,105: Total time for which application threads were stopped: 0,0000570 seconds, Stopping threads took: 0,0000204 seconds
2017-07-18T16:45:41.722+0200: 17872,105: Total time for which application threads were stopped: 0,0000656 seconds, Stopping threads took: 0,0000221 seconds
2017-07-18T16:45:41.723+0200: 17872,106: Total time for which application threads were stopped: 0,0006247 seconds, Stopping threads took: 0,0004960 seconds
2017-07-18T16:45:41.723+0200: 17872,106: Total time for which application threads were stopped: 0,0000635 seconds, Stopping threads took: 0,0000252 seconds
2017-07-18T16:45:41.725+0200: 17872,108: Total time for which application threads were stopped: 0,0001838 seconds, Stopping threads took: 0,0000593 seconds
2017-07-18T16:45:41.726+0200: 17872,109: Total time for which application threads were stopped: 0,0001648 seconds, Stopping threads took: 0,0000568 seconds
2017-07-18T16:45:41.726+0200: 17872,109: Total time for which application threads were stopped: 0,0001291 seconds, Stopping threads took: 0,0000368 seconds
2017-07-18T16:45:41.727+0200: 17872,110: Total time for which application threads were stopped: 0,0004531 seconds, Stopping threads took: 0,0003732 seconds
2017-07-18T16:45:41.728+0200: 17872,111: Total time for which application threads were stopped: 0,0001283 seconds, Stopping threads took: 0,0000489 seconds
2017-07-18T16:45:41.752+0200: 17872,136: Total time for which application threads were stopped: 0,0024826 seconds, Stopping threads took: 0,0024019 seconds
2017-07-18T16:45:41.753+0200: 17872,136: Total time for which application threads were stopped: 0,0000815 seconds, Stopping threads took: 0,0000256 seconds
2017-07-18T16:45:41.753+0200: 17872,136: Total time for which application threads were stopped: 0,0000607 seconds, Stopping threads took: 0,0000168 seconds
2017-07-18T16:45:41.753+0200: 17872,136: Total time for which application threads were stopped: 0,0001528 seconds, Stopping threads took: 0,0000058 seconds
2017-07-18T16:45:41.754+0200: 17872,137: Total time for which application threads were stopped: 0,0000800 seconds, Stopping threads took: 0,0000254 seconds
2017-07-18T16:45:41.754+0200: 17872,137: Total time for which application threads were stopped: 0,0000474 seconds, Stopping threads took: 0,0000124 seconds
2017-07-18T16:45:41.754+0200: 17872,137: Total time for which application threads were stopped: 0,0000458 seconds, Stopping threads took: 0,0000125 seconds
2017-07-18T16:45:41.754+0200: 17872,137: Total time for which application threads were stopped: 0,0000433 seconds, Stopping threads took: 0,0000138 seconds
2017-07-18T16:45:41.754+0200: 17872,137: Total time for which application threads were stopped: 0,0000433 seconds, Stopping threads took: 0,0000123 seconds
2017-07-18T16:45:41.754+0200: 17872,137: Total time for which application threads were stopped: 0,0000431 seconds, Stopping threads took: 0,0000125 seconds
2017-07-18T16:45:41.754+0200: 17872,137: Total time for which application threads were stopped: 0,0000423 seconds, Stopping threads took: 0,0000120 seconds
2017-07-18T16:45:41.754+0200: 17872,137: Total time for which application threads were stopped: 0,0000435 seconds, Stopping threads took: 0,0000124 seconds
2017-07-18T16:45:41.754+0200: 17872,138: Total time for which application threads were stopped: 0,0002891 seconds, Stopping threads took: 0,0000116 seconds
2017-07-18T16:45:41.755+0200: 17872,138: Total time for which application threads were stopped: 0,0000513 seconds, Stopping threads took: 0,0000158 seconds
2017-07-18T16:45:41.755+0200: 17872,138: Total time for which application threads were stopped: 0,0000397 seconds, Stopping threads took: 0,0000112 seconds
2017-07-18T16:45:41.770+0200: 17872,153: Total time for which application threads were stopped: 0,0022277 seconds, Stopping threads took: 0,0021185 seconds
2017-07-18T16:45:41.777+0200: 17872,160: Total time for which application threads were stopped: 0,0000988 seconds, Stopping threads took: 0,0000306 seconds
2017-07-18T16:45:41.777+0200: 17872,160: Total time for which application threads were stopped: 0,0000451 seconds, Stopping threads took: 0,0000148 seconds
2017-07-18T16:45:41.777+0200: 17872,160: Total time for which application threads were stopped: 0,0000393 seconds, Stopping threads took: 0,0000114 seconds
2017-07-18T16:45:41.777+0200: 17872,161: Total time for which application threads were stopped: 0,0000376 seconds, Stopping threads took: 0,0000109 seconds
2017-07-18T16:45:41.778+0200: 17872,161: Total time for which application threads were stopped: 0,0000789 seconds, Stopping threads took: 0,0000244 seconds
2017-07-18T16:45:41.778+0200: 17872,161: Total time for which application threads were stopped: 0,0000807 seconds, Stopping threads took: 0,0000143 seconds
Heap
 par new generation   total 109248K, used 35862K [0x00000000e0000000, 0x00000000e8000000, 0x00000000e8000000)
  eden space 87424K,  23% used [0x00000000e0000000, 0x00000000e140c318, 0x00000000e5560000)
  from space 21824K,  70% used [0x00000000e5560000, 0x00000000e6459868, 0x00000000e6ab0000)
  to   space 21824K,   0% used [0x00000000e6ab0000, 0x00000000e6ab0000, 0x00000000e8000000)
 concurrent mark-sweep generation total 393216K, used 6902K [0x00000000e8000000, 0x0000000100000000, 0x0000000100000000)
 Metaspace       used 28222K, capacity 28814K, committed 29052K, reserved 1075200K
  class space    used 3223K, capacity 3388K, committed 3452K, reserved 1048576K
