OpenJDK 64-Bit Server VM (25.131-b11) for linux-amd64 JRE (1.8.0_131-8u131-b11-2ubuntu1.16.04.3-b11), built on Jul 28 2017 01:23:32 by "buildd" with gcc 5.4.0 20160609
Memory: 4k page, physical 7867732k(7480564k free), swap 8076284k(8076284k free)
CommandLine flags: -XX:CMSInitiatingOccupancyFraction=50 -XX:CMSMaxAbortablePrecleanTime=6000 -XX:+CMSParallelRemarkEnabled -XX:+CMSScavengeBeforeRemark -XX:ConcGCThreads=4 -XX:InitialHeapSize=536870912 -XX:MaxHeapSize=536870912 -XX:MaxTenuringThreshold=8 -XX:NewRatio=3 -XX:OldPLABSize=16 -XX:OnOutOfMemoryError=/opt/solr/bin/oom_solr.sh 8983 /var/solr/logs -XX:ParallelGCThreads=4 -XX:+ParallelRefProcEnabled -XX:PretenureSizeThreshold=67108864 -XX:+PrintGC -XX:+PrintGCApplicationStoppedTime -XX:+PrintGCDateStamps -XX:+PrintGCDetails -XX:+PrintGCTimeStamps -XX:+PrintHeapAtGC -XX:+PrintTenuringDistribution -XX:SurvivorRatio=4 -XX:TargetSurvivorRatio=90 -XX:ThreadStackSize=256 -XX:+UseCMSInitiatingOccupancyOnly -XX:+UseCompressedClassPointers -XX:+UseCompressedOops -XX:+UseConcMarkSweepGC -XX:+UseParNewGC 
2017-08-05T14:34:24.782+0200: 0,176: Total time for which application threads were stopped: 0,0000875 seconds, Stopping threads took: 0,0000153 seconds
2017-08-05T14:34:24.889+0200: 0,283: Total time for which application threads were stopped: 0,0001145 seconds, Stopping threads took: 0,0000114 seconds
2017-08-05T14:34:24.918+0200: 0,312: Total time for which application threads were stopped: 0,0000951 seconds, Stopping threads took: 0,0000148 seconds
2017-08-05T14:34:25.248+0200: 0,642: Total time for which application threads were stopped: 0,0086915 seconds, Stopping threads took: 0,0085497 seconds
2017-08-05T14:34:25.679+0200: 1,073: Total time for which application threads were stopped: 0,0001274 seconds, Stopping threads took: 0,0000123 seconds
2017-08-05T14:34:25.786+0200: 1,180: Total time for which application threads were stopped: 0,0001339 seconds, Stopping threads took: 0,0000125 seconds
2017-08-05T14:34:25.815+0200: 1,209: Total time for which application threads were stopped: 0,0001714 seconds, Stopping threads took: 0,0000245 seconds
2017-08-05T14:34:26.135+0200: 1,530: Total time for which application threads were stopped: 0,0001857 seconds, Stopping threads took: 0,0000236 seconds
2017-08-05T14:34:26.584+0200: 1,979: Total time for which application threads were stopped: 0,0001929 seconds, Stopping threads took: 0,0000137 seconds
2017-08-05T14:34:26.605+0200: 1,999: Total time for which application threads were stopped: 0,0001671 seconds, Stopping threads took: 0,0000193 seconds
2017-08-05T14:34:26.631+0200: 2,026: Total time for which application threads were stopped: 0,0002023 seconds, Stopping threads took: 0,0000189 seconds
2017-08-05T14:34:26.633+0200: 2,027: Total time for which application threads were stopped: 0,0001733 seconds, Stopping threads took: 0,0000168 seconds
2017-08-05T14:34:26.647+0200: 2,042: Total time for which application threads were stopped: 0,0001608 seconds, Stopping threads took: 0,0000143 seconds
2017-08-05T14:34:26.713+0200: 2,108: Total time for which application threads were stopped: 0,0002415 seconds, Stopping threads took: 0,0000176 seconds
2017-08-05T14:34:26.892+0200: 2,287: Total time for which application threads were stopped: 0,0002625 seconds, Stopping threads took: 0,0000379 seconds
{Heap before GC invocations=0 (full 0):
 par new generation   total 109248K, used 87424K [0x00000000e0000000, 0x00000000e8000000, 0x00000000e8000000)
  eden space 87424K, 100% used [0x00000000e0000000, 0x00000000e5560000, 0x00000000e5560000)
  from space 21824K,   0% used [0x00000000e5560000, 0x00000000e5560000, 0x00000000e6ab0000)
  to   space 21824K,   0% used [0x00000000e6ab0000, 0x00000000e6ab0000, 0x00000000e8000000)
 concurrent mark-sweep generation total 393216K, used 0K [0x00000000e8000000, 0x0000000100000000, 0x0000000100000000)
 Metaspace       used 18024K, capacity 18336K, committed 18688K, reserved 1064960K
  class space    used 2035K, capacity 2196K, committed 2304K, reserved 1048576K
2017-08-05T14:34:26.969+0200: 2,364: [GC (Allocation Failure) 2017-08-05T14:34:26.969+0200: 2,364: [ParNew
Desired survivor size 20112992 bytes, new threshold 8 (max 8)
- age   1:   12330248 bytes,   12330248 total
: 87424K->12157K(109248K), 0,0185493 secs] 87424K->12157K(502464K), 0,0186339 secs] [Times: user=0,04 sys=0,02, real=0,02 secs] 
Heap after GC invocations=1 (full 0):
 par new generation   total 109248K, used 12157K [0x00000000e0000000, 0x00000000e8000000, 0x00000000e8000000)
  eden space 87424K,   0% used [0x00000000e0000000, 0x00000000e0000000, 0x00000000e5560000)
  from space 21824K,  55% used [0x00000000e6ab0000, 0x00000000e768f440, 0x00000000e8000000)
  to   space 21824K,   0% used [0x00000000e5560000, 0x00000000e5560000, 0x00000000e6ab0000)
 concurrent mark-sweep generation total 393216K, used 0K [0x00000000e8000000, 0x0000000100000000, 0x0000000100000000)
 Metaspace       used 18024K, capacity 18336K, committed 18688K, reserved 1064960K
  class space    used 2035K, capacity 2196K, committed 2304K, reserved 1048576K
}
2017-08-05T14:34:26.988+0200: 2,383: Total time for which application threads were stopped: 0,0231501 seconds, Stopping threads took: 0,0043242 seconds
2017-08-05T14:34:27.362+0200: 2,756: Total time for which application threads were stopped: 0,0003746 seconds, Stopping threads took: 0,0000962 seconds
{Heap before GC invocations=1 (full 0):
 par new generation   total 109248K, used 99581K [0x00000000e0000000, 0x00000000e8000000, 0x00000000e8000000)
  eden space 87424K, 100% used [0x00000000e0000000, 0x00000000e5560000, 0x00000000e5560000)
  from space 21824K,  55% used [0x00000000e6ab0000, 0x00000000e768f440, 0x00000000e8000000)
  to   space 21824K,   0% used [0x00000000e5560000, 0x00000000e5560000, 0x00000000e6ab0000)
 concurrent mark-sweep generation total 393216K, used 0K [0x00000000e8000000, 0x0000000100000000, 0x0000000100000000)
 Metaspace       used 20059K, capacity 20432K, committed 20736K, reserved 1067008K
  class space    used 2294K, capacity 2470K, committed 2560K, reserved 1048576K
2017-08-05T14:34:27.420+0200: 2,814: [GC (Allocation Failure) 2017-08-05T14:34:27.420+0200: 2,814: [ParNew
Desired survivor size 20112992 bytes, new threshold 8 (max 8)
- age   1:    3853272 bytes,    3853272 total
- age   2:    6545152 bytes,   10398424 total
: 99581K->13489K(109248K), 0,0192174 secs] 99581K->13489K(502464K), 0,0193219 secs] [Times: user=0,06 sys=0,01, real=0,02 secs] 
Heap after GC invocations=2 (full 0):
 par new generation   total 109248K, used 13489K [0x00000000e0000000, 0x00000000e8000000, 0x00000000e8000000)
  eden space 87424K,   0% used [0x00000000e0000000, 0x00000000e0000000, 0x00000000e5560000)
  from space 21824K,  61% used [0x00000000e5560000, 0x00000000e628c5c0, 0x00000000e6ab0000)
  to   space 21824K,   0% used [0x00000000e6ab0000, 0x00000000e6ab0000, 0x00000000e8000000)
 concurrent mark-sweep generation total 393216K, used 0K [0x00000000e8000000, 0x0000000100000000, 0x0000000100000000)
 Metaspace       used 20059K, capacity 20432K, committed 20736K, reserved 1067008K
  class space    used 2294K, capacity 2470K, committed 2560K, reserved 1048576K
}
2017-08-05T14:34:27.439+0200: 2,834: Total time for which application threads were stopped: 0,0196163 seconds, Stopping threads took: 0,0000778 seconds
2017-08-05T14:34:27.441+0200: 2,836: Total time for which application threads were stopped: 0,0004387 seconds, Stopping threads took: 0,0000567 seconds
2017-08-05T14:34:27.490+0200: 2,885: Total time for which application threads were stopped: 0,0003589 seconds, Stopping threads took: 0,0000350 seconds
2017-08-05T14:34:27.616+0200: 3,010: Total time for which application threads were stopped: 0,0001671 seconds, Stopping threads took: 0,0000446 seconds
{Heap before GC invocations=2 (full 0):
 par new generation   total 109248K, used 100913K [0x00000000e0000000, 0x00000000e8000000, 0x00000000e8000000)
  eden space 87424K, 100% used [0x00000000e0000000, 0x00000000e5560000, 0x00000000e5560000)
  from space 21824K,  61% used [0x00000000e5560000, 0x00000000e628c5c0, 0x00000000e6ab0000)
  to   space 21824K,   0% used [0x00000000e6ab0000, 0x00000000e6ab0000, 0x00000000e8000000)
 concurrent mark-sweep generation total 393216K, used 0K [0x00000000e8000000, 0x0000000100000000, 0x0000000100000000)
 Metaspace       used 20988K, capacity 21354K, committed 21628K, reserved 1069056K
  class space    used 2417K, capacity 2589K, committed 2684K, reserved 1048576K
2017-08-05T14:34:27.660+0200: 3,054: [GC (Allocation Failure) 2017-08-05T14:34:27.660+0200: 3,054: [ParNew
Desired survivor size 20112992 bytes, new threshold 8 (max 8)
- age   1:    2010040 bytes,    2010040 total
- age   2:     994728 bytes,    3004768 total
- age   3:    6543104 bytes,    9547872 total
: 100913K->11470K(109248K), 0,0094787 secs] 100913K->11470K(502464K), 0,0095746 secs] [Times: user=0,03 sys=0,00, real=0,01 secs] 
Heap after GC invocations=3 (full 0):
 par new generation   total 109248K, used 11470K [0x00000000e0000000, 0x00000000e8000000, 0x00000000e8000000)
  eden space 87424K,   0% used [0x00000000e0000000, 0x00000000e0000000, 0x00000000e5560000)
  from space 21824K,  52% used [0x00000000e6ab0000, 0x00000000e75e3880, 0x00000000e8000000)
  to   space 21824K,   0% used [0x00000000e5560000, 0x00000000e5560000, 0x00000000e6ab0000)
 concurrent mark-sweep generation total 393216K, used 0K [0x00000000e8000000, 0x0000000100000000, 0x0000000100000000)
 Metaspace       used 20988K, capacity 21354K, committed 21628K, reserved 1069056K
  class space    used 2417K, capacity 2589K, committed 2684K, reserved 1048576K
}
2017-08-05T14:34:27.669+0200: 3,064: Total time for which application threads were stopped: 0,0098180 seconds, Stopping threads took: 0,0000721 seconds
2017-08-05T14:34:27.671+0200: 3,065: [GC (CMS Initial Mark) [1 CMS-initial-mark: 0K(393216K)] 12193K(502464K), 0,0041546 secs] [Times: user=0,01 sys=0,00, real=0,01 secs] 
2017-08-05T14:34:27.675+0200: 3,069: Total time for which application threads were stopped: 0,0057573 seconds, Stopping threads took: 0,0015156 seconds
2017-08-05T14:34:27.675+0200: 3,070: [CMS-concurrent-mark-start]
2017-08-05T14:34:27.676+0200: 3,070: [CMS-concurrent-mark: 0,000/0,000 secs] [Times: user=0,00 sys=0,00, real=0,00 secs] 
2017-08-05T14:34:27.676+0200: 3,070: [CMS-concurrent-preclean-start]
2017-08-05T14:34:27.677+0200: 3,071: [CMS-concurrent-preclean: 0,001/0,001 secs] [Times: user=0,01 sys=0,00, real=0,00 secs] 
2017-08-05T14:34:27.677+0200: 3,071: [CMS-concurrent-abortable-preclean-start]
2017-08-05T14:34:27.728+0200: 3,123: Total time for which application threads were stopped: 0,0001549 seconds, Stopping threads took: 0,0000459 seconds
{Heap before GC invocations=3 (full 1):
 par new generation   total 109248K, used 98894K [0x00000000e0000000, 0x00000000e8000000, 0x00000000e8000000)
  eden space 87424K, 100% used [0x00000000e0000000, 0x00000000e5560000, 0x00000000e5560000)
  from space 21824K,  52% used [0x00000000e6ab0000, 0x00000000e75e3880, 0x00000000e8000000)
  to   space 21824K,   0% used [0x00000000e5560000, 0x00000000e5560000, 0x00000000e6ab0000)
 concurrent mark-sweep generation total 393216K, used 0K [0x00000000e8000000, 0x0000000100000000, 0x0000000100000000)
 Metaspace       used 21268K, capacity 21624K, committed 21884K, reserved 1069056K
  class space    used 2447K, capacity 2603K, committed 2684K, reserved 1048576K
2017-08-05T14:34:27.793+0200: 3,188: [GC (Allocation Failure) 2017-08-05T14:34:27.793+0200: 3,188: [ParNew
Desired survivor size 20112992 bytes, new threshold 8 (max 8)
- age   1:    1569488 bytes,    1569488 total
- age   2:    1455904 bytes,    3025392 total
- age   3:     959464 bytes,    3984856 total
- age   4:    6542920 bytes,   10527776 total
: 98894K->14746K(109248K), 0,0121809 secs] 98894K->14746K(502464K), 0,0122438 secs] [Times: user=0,04 sys=0,00, real=0,01 secs] 
Heap after GC invocations=4 (full 1):
 par new generation   total 109248K, used 14746K [0x00000000e0000000, 0x00000000e8000000, 0x00000000e8000000)
  eden space 87424K,   0% used [0x00000000e0000000, 0x00000000e0000000, 0x00000000e5560000)
  from space 21824K,  67% used [0x00000000e5560000, 0x00000000e63c6b08, 0x00000000e6ab0000)
  to   space 21824K,   0% used [0x00000000e6ab0000, 0x00000000e6ab0000, 0x00000000e8000000)
 concurrent mark-sweep generation total 393216K, used 0K [0x00000000e8000000, 0x0000000100000000, 0x0000000100000000)
 Metaspace       used 21268K, capacity 21624K, committed 21884K, reserved 1069056K
  class space    used 2447K, capacity 2603K, committed 2684K, reserved 1048576K
}
2017-08-05T14:34:27.806+0200: 3,200: Total time for which application threads were stopped: 0,0140140 seconds, Stopping threads took: 0,0016376 seconds
2017-08-05T14:34:27.806+0200: 3,200: [CMS-concurrent-abortable-preclean: 0,094/0,129 secs] [Times: user=0,47 sys=0,00, real=0,13 secs] 
2017-08-05T14:34:27.806+0200: 3,200: [GC (CMS Final Remark) [YG occupancy: 16107 K (109248 K)]{Heap before GC invocations=4 (full 1):
 par new generation   total 109248K, used 16107K [0x00000000e0000000, 0x00000000e8000000, 0x00000000e8000000)
  eden space 87424K,   1% used [0x00000000e0000000, 0x00000000e01540f8, 0x00000000e5560000)
  from space 21824K,  67% used [0x00000000e5560000, 0x00000000e63c6b08, 0x00000000e6ab0000)
  to   space 21824K,   0% used [0x00000000e6ab0000, 0x00000000e6ab0000, 0x00000000e8000000)
 concurrent mark-sweep generation total 393216K, used 0K [0x00000000e8000000, 0x0000000100000000, 0x0000000100000000)
 Metaspace       used 21268K, capacity 21624K, committed 21884K, reserved 1069056K
  class space    used 2447K, capacity 2603K, committed 2684K, reserved 1048576K
2017-08-05T14:34:27.806+0200: 3,200: [GC (CMS Final Remark) 2017-08-05T14:34:27.806+0200: 3,200: [ParNew
Desired survivor size 20112992 bytes, new threshold 8 (max 8)
- age   1:      86696 bytes,      86696 total
- age   2:    1513944 bytes,    1600640 total
- age   3:    1455904 bytes,    3056544 total
- age   4:     959464 bytes,    4016008 total
- age   5:    6543168 bytes,   10559176 total
: 16107K->13414K(109248K), 0,0093542 secs] 16107K->13414K(502464K), 0,0093942 secs] [Times: user=0,03 sys=0,00, real=0,01 secs] 
Heap after GC invocations=5 (full 1):
 par new generation   total 109248K, used 13414K [0x00000000e0000000, 0x00000000e8000000, 0x00000000e8000000)
  eden space 87424K,   0% used [0x00000000e0000000, 0x00000000e0000000, 0x00000000e5560000)
  from space 21824K,  61% used [0x00000000e6ab0000, 0x00000000e77c9a90, 0x00000000e8000000)
  to   space 21824K,   0% used [0x00000000e5560000, 0x00000000e5560000, 0x00000000e6ab0000)
 concurrent mark-sweep generation total 393216K, used 0K [0x00000000e8000000, 0x0000000100000000, 0x0000000100000000)
 Metaspace       used 21268K, capacity 21624K, committed 21884K, reserved 1069056K
  class space    used 2447K, capacity 2603K, committed 2684K, reserved 1048576K
}
2017-08-05T14:34:27.815+0200: 3,210: [Rescan (parallel) , 0,0034455 secs]2017-08-05T14:34:27.819+0200: 3,213: [weak refs processing, 0,0008582 secs]2017-08-05T14:34:27.820+0200: 3,214: [class unloading, 0,0028474 secs]2017-08-05T14:34:27.822+0200: 3,217: [scrub symbol table, 0,0029789 secs]2017-08-05T14:34:27.825+0200: 3,220: [scrub string table, 0,0003649 secs][1 CMS-remark: 0K(393216K)] 13414K(502464K), 0,0205251 secs] [Times: user=0,05 sys=0,00, real=0,02 secs] 
2017-08-05T14:34:27.826+0200: 3,221: Total time for which application threads were stopped: 0,0206393 seconds, Stopping threads took: 0,0000417 seconds
2017-08-05T14:34:27.826+0200: 3,221: [CMS-concurrent-sweep-start]
2017-08-05T14:34:27.826+0200: 3,221: [CMS-concurrent-sweep: 0,000/0,000 secs] [Times: user=0,00 sys=0,00, real=0,00 secs] 
2017-08-05T14:34:27.827+0200: 3,221: [CMS-concurrent-reset-start]
2017-08-05T14:34:27.829+0200: 3,223: [CMS-concurrent-reset: 0,002/0,002 secs] [Times: user=0,01 sys=0,00, real=0,00 secs] 
{Heap before GC invocations=5 (full 1):
 par new generation   total 109248K, used 100838K [0x00000000e0000000, 0x00000000e8000000, 0x00000000e8000000)
  eden space 87424K, 100% used [0x00000000e0000000, 0x00000000e5560000, 0x00000000e5560000)
  from space 21824K,  61% used [0x00000000e6ab0000, 0x00000000e77c9a90, 0x00000000e8000000)
  to   space 21824K,   0% used [0x00000000e5560000, 0x00000000e5560000, 0x00000000e6ab0000)
 concurrent mark-sweep generation total 393216K, used 0K [0x00000000e8000000, 0x0000000100000000, 0x0000000100000000)
 Metaspace       used 21423K, capacity 21790K, committed 21884K, reserved 1069056K
  class space    used 2466K, capacity 2636K, committed 2684K, reserved 1048576K
2017-08-05T14:34:27.912+0200: 3,307: [GC (Allocation Failure) 2017-08-05T14:34:27.912+0200: 3,307: [ParNew
Desired survivor size 20112992 bytes, new threshold 8 (max 8)
- age   1:     621912 bytes,     621912 total
- age   2:        320 bytes,     622232 total
- age   3:     185744 bytes,     807976 total
- age   4:    1455792 bytes,    2263768 total
- age   5:     959368 bytes,    3223136 total
- age   6:    6543048 bytes,    9766184 total
: 100838K->10714K(109248K), 0,0165217 secs] 100838K->10714K(502464K), 0,0166022 secs] [Times: user=0,06 sys=0,00, real=0,02 secs] 
Heap after GC invocations=6 (full 1):
 par new generation   total 109248K, used 10714K [0x00000000e0000000, 0x00000000e8000000, 0x00000000e8000000)
  eden space 87424K,   0% used [0x00000000e0000000, 0x00000000e0000000, 0x00000000e5560000)
  from space 21824K,  49% used [0x00000000e5560000, 0x00000000e5fd6a40, 0x00000000e6ab0000)
  to   space 21824K,   0% used [0x00000000e6ab0000, 0x00000000e6ab0000, 0x00000000e8000000)
 concurrent mark-sweep generation total 393216K, used 0K [0x00000000e8000000, 0x0000000100000000, 0x0000000100000000)
 Metaspace       used 21423K, capacity 21790K, committed 21884K, reserved 1069056K
  class space    used 2466K, capacity 2636K, committed 2684K, reserved 1048576K
}
2017-08-05T14:34:27.929+0200: 3,323: Total time for which application threads were stopped: 0,0168396 seconds, Stopping threads took: 0,0000641 seconds
2017-08-05T14:34:27.964+0200: 3,358: Total time for which application threads were stopped: 0,0003993 seconds, Stopping threads took: 0,0000451 seconds
2017-08-05T14:34:28.182+0200: 3,576: Total time for which application threads were stopped: 0,0005169 seconds, Stopping threads took: 0,0000844 seconds
2017-08-05T14:34:28.202+0200: 3,596: Total time for which application threads were stopped: 0,0004475 seconds, Stopping threads took: 0,0000556 seconds
{Heap before GC invocations=6 (full 1):
 par new generation   total 109248K, used 98138K [0x00000000e0000000, 0x00000000e8000000, 0x00000000e8000000)
  eden space 87424K, 100% used [0x00000000e0000000, 0x00000000e5560000, 0x00000000e5560000)
  from space 21824K,  49% used [0x00000000e5560000, 0x00000000e5fd6a40, 0x00000000e6ab0000)
  to   space 21824K,   0% used [0x00000000e6ab0000, 0x00000000e6ab0000, 0x00000000e8000000)
 concurrent mark-sweep generation total 393216K, used 0K [0x00000000e8000000, 0x0000000100000000, 0x0000000100000000)
 Metaspace       used 23711K, capacity 24162K, committed 24316K, reserved 1071104K
  class space    used 2779K, capacity 2978K, committed 3068K, reserved 1048576K
2017-08-05T14:34:28.370+0200: 3,764: [GC (Allocation Failure) 2017-08-05T14:34:28.370+0200: 3,764: [ParNew
Desired survivor size 20112992 bytes, new threshold 8 (max 8)
- age   1:    5048584 bytes,    5048584 total
- age   2:     131264 bytes,    5179848 total
- age   3:        320 bytes,    5180168 total
- age   4:     184624 bytes,    5364792 total
- age   5:     286064 bytes,    5650856 total
- age   6:     934920 bytes,    6585776 total
- age   7:    6534640 bytes,   13120416 total
: 98138K->16984K(109248K), 0,0146265 secs] 98138K->16984K(502464K), 0,0147124 secs] [Times: user=0,04 sys=0,00, real=0,02 secs] 
Heap after GC invocations=7 (full 1):
 par new generation   total 109248K, used 16984K [0x00000000e0000000, 0x00000000e8000000, 0x00000000e8000000)
  eden space 87424K,   0% used [0x00000000e0000000, 0x00000000e0000000, 0x00000000e5560000)
  from space 21824K,  77% used [0x00000000e6ab0000, 0x00000000e7b46000, 0x00000000e8000000)
  to   space 21824K,   0% used [0x00000000e5560000, 0x00000000e5560000, 0x00000000e6ab0000)
 concurrent mark-sweep generation total 393216K, used 0K [0x00000000e8000000, 0x0000000100000000, 0x0000000100000000)
 Metaspace       used 23711K, capacity 24162K, committed 24316K, reserved 1071104K
  class space    used 2779K, capacity 2978K, committed 3068K, reserved 1048576K
}
2017-08-05T14:34:28.384+0200: 3,779: Total time for which application threads were stopped: 0,0153414 seconds, Stopping threads took: 0,0003779 seconds
{Heap before GC invocations=7 (full 1):
 par new generation   total 109248K, used 104408K [0x00000000e0000000, 0x00000000e8000000, 0x00000000e8000000)
  eden space 87424K, 100% used [0x00000000e0000000, 0x00000000e5560000, 0x00000000e5560000)
  from space 21824K,  77% used [0x00000000e6ab0000, 0x00000000e7b46000, 0x00000000e8000000)
  to   space 21824K,   0% used [0x00000000e5560000, 0x00000000e5560000, 0x00000000e6ab0000)
 concurrent mark-sweep generation total 393216K, used 0K [0x00000000e8000000, 0x0000000100000000, 0x0000000100000000)
 Metaspace       used 24379K, capacity 24872K, committed 25084K, reserved 1071104K
  class space    used 2854K, capacity 3043K, committed 3068K, reserved 1048576K
2017-08-05T14:34:28.511+0200: 3,906: [GC (Allocation Failure) 2017-08-05T14:34:28.511+0200: 3,906: [ParNew
Desired survivor size 20112992 bytes, new threshold 8 (max 8)
- age   1:    1861488 bytes,    1861488 total
- age   2:    1771512 bytes,    3633000 total
- age   3:      47208 bytes,    3680208 total
- age   4:        320 bytes,    3680528 total
- age   5:     103560 bytes,    3784088 total
- age   6:     191480 bytes,    3975568 total
- age   7:     779304 bytes,    4754872 total
- age   8:    6113184 bytes,   10868056 total
: 104408K->13855K(109248K), 0,0114701 secs] 104408K->13855K(502464K), 0,0115513 secs] [Times: user=0,04 sys=0,00, real=0,02 secs] 
Heap after GC invocations=8 (full 1):
 par new generation   total 109248K, used 13855K [0x00000000e0000000, 0x00000000e8000000, 0x00000000e8000000)
  eden space 87424K,   0% used [0x00000000e0000000, 0x00000000e0000000, 0x00000000e5560000)
  from space 21824K,  63% used [0x00000000e5560000, 0x00000000e62e7e80, 0x00000000e6ab0000)
  to   space 21824K,   0% used [0x00000000e6ab0000, 0x00000000e6ab0000, 0x00000000e8000000)
 concurrent mark-sweep generation total 393216K, used 0K [0x00000000e8000000, 0x0000000100000000, 0x0000000100000000)
 Metaspace       used 24379K, capacity 24872K, committed 25084K, reserved 1071104K
  class space    used 2854K, capacity 3043K, committed 3068K, reserved 1048576K
}
2017-08-05T14:34:28.523+0200: 3,917: Total time for which application threads were stopped: 0,0117727 seconds, Stopping threads took: 0,0000476 seconds
{Heap before GC invocations=8 (full 1):
 par new generation   total 109248K, used 101279K [0x00000000e0000000, 0x00000000e8000000, 0x00000000e8000000)
  eden space 87424K, 100% used [0x00000000e0000000, 0x00000000e5560000, 0x00000000e5560000)
  from space 21824K,  63% used [0x00000000e5560000, 0x00000000e62e7e80, 0x00000000e6ab0000)
  to   space 21824K,   0% used [0x00000000e6ab0000, 0x00000000e6ab0000, 0x00000000e8000000)
 concurrent mark-sweep generation total 393216K, used 0K [0x00000000e8000000, 0x0000000100000000, 0x0000000100000000)
 Metaspace       used 24910K, capacity 25378K, committed 25724K, reserved 1071104K
  class space    used 2899K, capacity 3080K, committed 3196K, reserved 1048576K
2017-08-05T14:34:28.628+0200: 4,022: [GC (Allocation Failure) 2017-08-05T14:34:28.628+0200: 4,022: [ParNew
Desired survivor size 20112992 bytes, new threshold 8 (max 8)
- age   1:    1283320 bytes,    1283320 total
- age   2:    1014040 bytes,    2297360 total
- age   3:    1747176 bytes,    4044536 total
- age   4:      47176 bytes,    4091712 total
- age   5:        320 bytes,    4092032 total
- age   6:     100792 bytes,    4192824 total
- age   7:     188184 bytes,    4381008 total
- age   8:     777608 bytes,    5158616 total
: 101279K->7139K(109248K), 0,0275517 secs] 101279K->13192K(502464K), 0,0276240 secs] [Times: user=0,09 sys=0,00, real=0,03 secs] 
Heap after GC invocations=9 (full 1):
 par new generation   total 109248K, used 7139K [0x00000000e0000000, 0x00000000e8000000, 0x00000000e8000000)
  eden space 87424K,   0% used [0x00000000e0000000, 0x00000000e0000000, 0x00000000e5560000)
  from space 21824K,  32% used [0x00000000e6ab0000, 0x00000000e71a8f60, 0x00000000e8000000)
  to   space 21824K,   0% used [0x00000000e5560000, 0x00000000e5560000, 0x00000000e6ab0000)
 concurrent mark-sweep generation total 393216K, used 6052K [0x00000000e8000000, 0x0000000100000000, 0x0000000100000000)
 Metaspace       used 24910K, capacity 25378K, committed 25724K, reserved 1071104K
  class space    used 2899K, capacity 3080K, committed 3196K, reserved 1048576K
}
2017-08-05T14:34:28.655+0200: 4,050: Total time for which application threads were stopped: 0,0282932 seconds, Stopping threads took: 0,0005188 seconds
2017-08-05T14:34:28.670+0200: 4,064: Total time for which application threads were stopped: 0,0040727 seconds, Stopping threads took: 0,0038348 seconds
2017-08-05T14:34:28.794+0200: 4,189: Total time for which application threads were stopped: 0,0011450 seconds, Stopping threads took: 0,0010283 seconds
2017-08-05T14:34:28.794+0200: 4,189: Total time for which application threads were stopped: 0,0000750 seconds, Stopping threads took: 0,0000249 seconds
2017-08-05T14:34:28.801+0200: 4,196: Total time for which application threads were stopped: 0,0041491 seconds, Stopping threads took: 0,0040626 seconds
2017-08-05T14:34:28.802+0200: 4,196: Total time for which application threads were stopped: 0,0000893 seconds, Stopping threads took: 0,0000292 seconds
2017-08-05T14:34:28.806+0200: 4,200: Total time for which application threads were stopped: 0,0001128 seconds, Stopping threads took: 0,0000449 seconds
2017-08-05T14:34:28.808+0200: 4,203: Total time for which application threads were stopped: 0,0024581 seconds, Stopping threads took: 0,0024007 seconds
2017-08-05T14:34:28.808+0200: 4,203: Total time for which application threads were stopped: 0,0000793 seconds, Stopping threads took: 0,0000288 seconds
2017-08-05T14:34:28.809+0200: 4,203: Total time for which application threads were stopped: 0,0000714 seconds, Stopping threads took: 0,0000385 seconds
2017-08-05T14:34:28.809+0200: 4,203: Total time for which application threads were stopped: 0,0002517 seconds, Stopping threads took: 0,0002013 seconds
2017-08-05T14:34:28.809+0200: 4,204: Total time for which application threads were stopped: 0,0002797 seconds, Stopping threads took: 0,0002232 seconds
2017-08-05T14:34:28.809+0200: 4,204: Total time for which application threads were stopped: 0,0000614 seconds, Stopping threads took: 0,0000110 seconds
2017-08-05T14:34:28.810+0200: 4,204: Total time for which application threads were stopped: 0,0000998 seconds, Stopping threads took: 0,0000527 seconds
2017-08-05T14:34:28.810+0200: 4,204: Total time for which application threads were stopped: 0,0000734 seconds, Stopping threads took: 0,0000247 seconds
2017-08-05T14:34:28.810+0200: 4,204: Total time for which application threads were stopped: 0,0000714 seconds, Stopping threads took: 0,0000119 seconds
2017-08-05T14:34:28.810+0200: 4,205: Total time for which application threads were stopped: 0,0003447 seconds, Stopping threads took: 0,0002975 seconds
2017-08-05T14:34:28.811+0200: 4,205: Total time for which application threads were stopped: 0,0000776 seconds, Stopping threads took: 0,0000224 seconds
2017-08-05T14:34:28.811+0200: 4,205: Total time for which application threads were stopped: 0,0000602 seconds, Stopping threads took: 0,0000116 seconds
2017-08-05T14:34:28.811+0200: 4,205: Total time for which application threads were stopped: 0,0000978 seconds, Stopping threads took: 0,0000334 seconds
2017-08-05T14:34:28.811+0200: 4,206: Total time for which application threads were stopped: 0,0000966 seconds, Stopping threads took: 0,0000153 seconds
2017-08-05T14:34:28.811+0200: 4,206: Total time for which application threads were stopped: 0,0000844 seconds, Stopping threads took: 0,0000279 seconds
2017-08-05T14:34:28.812+0200: 4,206: Total time for which application threads were stopped: 0,0000656 seconds, Stopping threads took: 0,0000237 seconds
2017-08-05T14:34:28.812+0200: 4,206: Total time for which application threads were stopped: 0,0000470 seconds, Stopping threads took: 0,0000081 seconds
2017-08-05T14:34:28.812+0200: 4,206: Total time for which application threads were stopped: 0,0000526 seconds, Stopping threads took: 0,0000094 seconds
2017-08-05T14:34:28.812+0200: 4,206: Total time for which application threads were stopped: 0,0000515 seconds, Stopping threads took: 0,0000113 seconds
2017-08-05T14:34:28.812+0200: 4,206: Total time for which application threads were stopped: 0,0000455 seconds, Stopping threads took: 0,0000098 seconds
2017-08-05T14:34:28.812+0200: 4,207: Total time for which application threads were stopped: 0,0000497 seconds, Stopping threads took: 0,0000084 seconds
2017-08-05T14:34:28.812+0200: 4,207: Total time for which application threads were stopped: 0,0001249 seconds, Stopping threads took: 0,0000089 seconds
2017-08-05T14:34:28.821+0200: 4,215: Total time for which application threads were stopped: 0,0002641 seconds, Stopping threads took: 0,0001578 seconds
2017-08-05T14:34:28.823+0200: 4,217: Total time for which application threads were stopped: 0,0001378 seconds, Stopping threads took: 0,0000427 seconds
2017-08-05T14:34:28.829+0200: 4,223: Total time for which application threads were stopped: 0,0006766 seconds, Stopping threads took: 0,0005636 seconds
2017-08-05T14:34:28.829+0200: 4,223: Total time for which application threads were stopped: 0,0001807 seconds, Stopping threads took: 0,0001149 seconds
2017-08-05T14:34:28.829+0200: 4,224: Total time for which application threads were stopped: 0,0001113 seconds, Stopping threads took: 0,0000165 seconds
2017-08-05T14:34:28.846+0200: 4,241: Total time for which application threads were stopped: 0,0005905 seconds, Stopping threads took: 0,0005105 seconds
2017-08-05T14:34:28.854+0200: 4,248: Total time for which application threads were stopped: 0,0000980 seconds, Stopping threads took: 0,0000259 seconds
2017-08-05T14:34:28.854+0200: 4,249: Total time for which application threads were stopped: 0,0001062 seconds, Stopping threads took: 0,0000335 seconds
2017-08-05T14:34:28.854+0200: 4,249: Total time for which application threads were stopped: 0,0000857 seconds, Stopping threads took: 0,0000312 seconds
2017-08-05T14:34:28.855+0200: 4,249: Total time for which application threads were stopped: 0,0000726 seconds, Stopping threads took: 0,0000222 seconds
2017-08-05T14:34:28.855+0200: 4,249: Total time for which application threads were stopped: 0,0001033 seconds, Stopping threads took: 0,0000431 seconds
2017-08-05T14:34:28.856+0200: 4,250: Total time for which application threads were stopped: 0,0000998 seconds, Stopping threads took: 0,0000325 seconds
2017-08-05T14:34:28.858+0200: 4,252: Total time for which application threads were stopped: 0,0000969 seconds, Stopping threads took: 0,0000249 seconds
2017-08-05T14:34:28.860+0200: 4,254: Total time for which application threads were stopped: 0,0000966 seconds, Stopping threads took: 0,0000237 seconds
2017-08-05T14:34:28.863+0200: 4,257: Total time for which application threads were stopped: 0,0000930 seconds, Stopping threads took: 0,0000201 seconds
2017-08-05T14:34:28.864+0200: 4,258: Total time for which application threads were stopped: 0,0001182 seconds, Stopping threads took: 0,0000501 seconds
2017-08-05T14:34:28.864+0200: 4,259: Total time for which application threads were stopped: 0,0000865 seconds, Stopping threads took: 0,0000229 seconds
2017-08-05T14:34:28.865+0200: 4,259: Total time for which application threads were stopped: 0,0000931 seconds, Stopping threads took: 0,0000206 seconds
2017-08-05T14:34:28.867+0200: 4,261: Total time for which application threads were stopped: 0,0000933 seconds, Stopping threads took: 0,0000231 seconds
2017-08-05T14:34:28.867+0200: 4,261: Total time for which application threads were stopped: 0,0000911 seconds, Stopping threads took: 0,0000309 seconds
2017-08-05T14:34:28.867+0200: 4,262: Total time for which application threads were stopped: 0,0000998 seconds, Stopping threads took: 0,0000171 seconds
2017-08-05T14:34:28.870+0200: 4,264: Total time for which application threads were stopped: 0,0001540 seconds, Stopping threads took: 0,0000633 seconds
2017-08-05T14:34:28.875+0200: 4,269: Total time for which application threads were stopped: 0,0001394 seconds, Stopping threads took: 0,0000395 seconds
2017-08-05T14:34:28.883+0200: 4,278: Total time for which application threads were stopped: 0,0001493 seconds, Stopping threads took: 0,0000419 seconds
2017-08-05T14:34:28.884+0200: 4,278: Total time for which application threads were stopped: 0,0000961 seconds, Stopping threads took: 0,0000230 seconds
2017-08-05T14:34:28.901+0200: 4,295: Total time for which application threads were stopped: 0,0006525 seconds, Stopping threads took: 0,0005391 seconds
2017-08-05T14:34:28.922+0200: 4,316: Total time for which application threads were stopped: 0,0004840 seconds, Stopping threads took: 0,0000532 seconds
2017-08-05T14:34:28.925+0200: 4,320: Total time for which application threads were stopped: 0,0020547 seconds, Stopping threads took: 0,0019405 seconds
2017-08-05T14:34:28.928+0200: 4,322: Total time for which application threads were stopped: 0,0002578 seconds, Stopping threads took: 0,0000372 seconds
2017-08-05T14:34:28.940+0200: 4,335: Total time for which application threads were stopped: 0,0005220 seconds, Stopping threads took: 0,0000422 seconds
2017-08-05T14:34:28.997+0200: 4,391: Total time for which application threads were stopped: 0,0003617 seconds, Stopping threads took: 0,0000217 seconds
2017-08-05T14:34:28.998+0200: 4,392: Total time for which application threads were stopped: 0,0001174 seconds, Stopping threads took: 0,0000470 seconds
2017-08-05T14:34:28.998+0200: 4,393: Total time for which application threads were stopped: 0,0000698 seconds, Stopping threads took: 0,0000248 seconds
2017-08-05T14:34:28.998+0200: 4,393: Total time for which application threads were stopped: 0,0000851 seconds, Stopping threads took: 0,0000311 seconds
2017-08-05T14:34:29.005+0200: 4,400: Total time for which application threads were stopped: 0,0000785 seconds, Stopping threads took: 0,0000236 seconds
2017-08-05T14:34:29.012+0200: 4,406: Total time for which application threads were stopped: 0,0000955 seconds, Stopping threads took: 0,0000363 seconds
2017-08-05T14:34:29.021+0200: 4,415: Total time for which application threads were stopped: 0,0028255 seconds, Stopping threads took: 0,0027319 seconds
2017-08-05T14:34:29.024+0200: 4,419: Total time for which application threads were stopped: 0,0023545 seconds, Stopping threads took: 0,0023021 seconds
2017-08-05T14:34:29.026+0200: 4,421: Total time for which application threads were stopped: 0,0000771 seconds, Stopping threads took: 0,0000183 seconds
2017-08-05T14:34:29.029+0200: 4,423: Total time for which application threads were stopped: 0,0000868 seconds, Stopping threads took: 0,0000309 seconds
2017-08-05T14:34:29.029+0200: 4,424: Total time for which application threads were stopped: 0,0000899 seconds, Stopping threads took: 0,0000197 seconds
2017-08-05T14:34:29.031+0200: 4,426: Total time for which application threads were stopped: 0,0001046 seconds, Stopping threads took: 0,0000240 seconds
2017-08-05T14:34:29.033+0200: 4,427: Total time for which application threads were stopped: 0,0001387 seconds, Stopping threads took: 0,0000508 seconds
2017-08-05T14:34:29.036+0200: 4,430: Total time for which application threads were stopped: 0,0000944 seconds, Stopping threads took: 0,0000205 seconds
2017-08-05T14:34:29.040+0200: 4,434: Total time for which application threads were stopped: 0,0000872 seconds, Stopping threads took: 0,0000181 seconds
2017-08-05T14:34:29.043+0200: 4,438: Total time for which application threads were stopped: 0,0001150 seconds, Stopping threads took: 0,0000222 seconds
2017-08-05T14:34:29.058+0200: 4,453: Total time for which application threads were stopped: 0,0002137 seconds, Stopping threads took: 0,0000846 seconds
2017-08-05T14:34:29.063+0200: 4,458: Total time for which application threads were stopped: 0,0002396 seconds, Stopping threads took: 0,0000764 seconds
2017-08-05T14:34:29.078+0200: 4,472: Total time for which application threads were stopped: 0,0001572 seconds, Stopping threads took: 0,0000914 seconds
2017-08-05T14:34:29.079+0200: 4,473: Total time for which application threads were stopped: 0,0001034 seconds, Stopping threads took: 0,0000419 seconds
2017-08-05T14:34:29.081+0200: 4,476: Total time for which application threads were stopped: 0,0019974 seconds, Stopping threads took: 0,0019377 seconds
2017-08-05T14:34:29.092+0200: 4,486: Total time for which application threads were stopped: 0,0001617 seconds, Stopping threads took: 0,0000948 seconds
2017-08-05T14:34:29.094+0200: 4,488: Total time for which application threads were stopped: 0,0003464 seconds, Stopping threads took: 0,0000189 seconds
2017-08-05T14:34:29.094+0200: 4,489: Total time for which application threads were stopped: 0,0001037 seconds, Stopping threads took: 0,0000464 seconds
2017-08-05T14:34:29.098+0200: 4,493: Total time for which application threads were stopped: 0,0001398 seconds, Stopping threads took: 0,0000493 seconds
2017-08-05T14:34:30.098+0200: 5,493: Total time for which application threads were stopped: 0,0000698 seconds, Stopping threads took: 0,0000161 seconds
2017-08-05T14:34:31.099+0200: 6,493: Total time for which application threads were stopped: 0,0000695 seconds, Stopping threads took: 0,0000179 seconds
2017-08-05T14:34:47.103+0200: 22,498: Total time for which application threads were stopped: 0,0003598 seconds, Stopping threads took: 0,0000982 seconds
2017-08-05T14:34:57.104+0200: 32,498: Total time for which application threads were stopped: 0,0000812 seconds, Stopping threads took: 0,0000180 seconds
2017-08-05T14:36:27.113+0200: 122,507: Total time for which application threads were stopped: 0,0000796 seconds, Stopping threads took: 0,0000326 seconds
2017-08-05T14:36:32.113+0200: 127,508: Total time for which application threads were stopped: 0,0001019 seconds, Stopping threads took: 0,0000331 seconds
2017-08-05T14:36:52.115+0200: 147,510: Total time for which application threads were stopped: 0,0000682 seconds, Stopping threads took: 0,0000155 seconds
{Heap before GC invocations=9 (full 1):
 par new generation   total 109248K, used 94563K [0x00000000e0000000, 0x00000000e8000000, 0x00000000e8000000)
  eden space 87424K, 100% used [0x00000000e0000000, 0x00000000e5560000, 0x00000000e5560000)
  from space 21824K,  32% used [0x00000000e6ab0000, 0x00000000e71a8f60, 0x00000000e8000000)
  to   space 21824K,   0% used [0x00000000e5560000, 0x00000000e5560000, 0x00000000e6ab0000)
 concurrent mark-sweep generation total 393216K, used 6052K [0x00000000e8000000, 0x0000000100000000, 0x0000000100000000)
 Metaspace       used 28024K, capacity 28554K, committed 28796K, reserved 1075200K
  class space    used 3211K, capacity 3388K, committed 3452K, reserved 1048576K
2017-08-05T14:37:20.696+0200: 176,091: [GC (Allocation Failure) 2017-08-05T14:37:20.696+0200: 176,091: [ParNew
Desired survivor size 20112992 bytes, new threshold 8 (max 8)
- age   1:   10811296 bytes,   10811296 total
- age   2:     287280 bytes,   11098576 total
- age   3:     235088 bytes,   11333664 total
- age   4:    1742312 bytes,   13075976 total
- age   5:      47176 bytes,   13123152 total
- age   6:        320 bytes,   13123472 total
- age   7:     100664 bytes,   13224136 total
- age   8:     188088 bytes,   13412224 total
: 94563K->15444K(109248K), 0,0164709 secs] 100616K->22343K(502464K), 0,0165349 secs] [Times: user=0,05 sys=0,00, real=0,01 secs] 
Heap after GC invocations=10 (full 1):
 par new generation   total 109248K, used 15444K [0x00000000e0000000, 0x00000000e8000000, 0x00000000e8000000)
  eden space 87424K,   0% used [0x00000000e0000000, 0x00000000e0000000, 0x00000000e5560000)
  from space 21824K,  70% used [0x00000000e5560000, 0x00000000e6475210, 0x00000000e6ab0000)
  to   space 21824K,   0% used [0x00000000e6ab0000, 0x00000000e6ab0000, 0x00000000e8000000)
 concurrent mark-sweep generation total 393216K, used 6899K [0x00000000e8000000, 0x0000000100000000, 0x0000000100000000)
 Metaspace       used 28024K, capacity 28554K, committed 28796K, reserved 1075200K
  class space    used 3211K, capacity 3388K, committed 3452K, reserved 1048576K
}
2017-08-05T14:37:20.713+0200: 176,107: Total time for which application threads were stopped: 0,0166882 seconds, Stopping threads took: 0,0000438 seconds
2017-08-05T14:37:20.714+0200: 176,109: Total time for which application threads were stopped: 0,0006073 seconds, Stopping threads took: 0,0003158 seconds
2017-08-05T14:37:20.715+0200: 176,109: Total time for which application threads were stopped: 0,0001796 seconds, Stopping threads took: 0,0000664 seconds
2017-08-05T14:37:21.715+0200: 177,110: Total time for which application threads were stopped: 0,0003348 seconds, Stopping threads took: 0,0000779 seconds
2017-08-05T14:57:56.862+0200: 1412,256: Total time for which application threads were stopped: 0,0000904 seconds, Stopping threads took: 0,0000292 seconds
2017-08-05T15:02:55.897+0200: 1711,292: Total time for which application threads were stopped: 0,0001860 seconds, Stopping threads took: 0,0000694 seconds
2017-08-05T15:13:26.968+0200: 2342,362: Total time for which application threads were stopped: 0,0000785 seconds, Stopping threads took: 0,0000305 seconds
2017-08-05T15:13:30.969+0200: 2346,363: Total time for which application threads were stopped: 0,0000677 seconds, Stopping threads took: 0,0000139 seconds
2017-08-05T15:37:12.160+0200: 3767,554: Total time for which application threads were stopped: 0,0001629 seconds, Stopping threads took: 0,0000588 seconds
2017-08-05T15:38:26.172+0200: 3841,566: Total time for which application threads were stopped: 0,0001019 seconds, Stopping threads took: 0,0000409 seconds
2017-08-05T15:40:01.188+0200: 3936,582: Total time for which application threads were stopped: 0,0007721 seconds, Stopping threads took: 0,0003315 seconds
2017-08-05T15:40:27.191+0200: 3962,585: Total time for which application threads were stopped: 0,0004216 seconds, Stopping threads took: 0,0001677 seconds
2017-08-05T15:40:39.608+0200: 3975,003: Total time for which application threads were stopped: 0,0001270 seconds, Stopping threads took: 0,0000501 seconds
2017-08-05T15:40:39.664+0200: 3975,058: Total time for which application threads were stopped: 0,0001213 seconds, Stopping threads took: 0,0000377 seconds
2017-08-05T15:40:39.667+0200: 3975,061: Total time for which application threads were stopped: 0,0000893 seconds, Stopping threads took: 0,0000248 seconds
2017-08-05T15:40:39.677+0200: 3975,072: Total time for which application threads were stopped: 0,0001024 seconds, Stopping threads took: 0,0000171 seconds
2017-08-05T15:40:39.681+0200: 3975,076: Total time for which application threads were stopped: 0,0025895 seconds, Stopping threads took: 0,0024915 seconds
2017-08-05T15:40:39.682+0200: 3975,077: Total time for which application threads were stopped: 0,0001156 seconds, Stopping threads took: 0,0000221 seconds
2017-08-05T15:40:39.685+0200: 3975,080: Total time for which application threads were stopped: 0,0001506 seconds, Stopping threads took: 0,0000214 seconds
2017-08-05T15:40:39.686+0200: 3975,080: Total time for which application threads were stopped: 0,0000781 seconds, Stopping threads took: 0,0000138 seconds
2017-08-05T15:40:39.687+0200: 3975,081: Total time for which application threads were stopped: 0,0000895 seconds, Stopping threads took: 0,0000144 seconds
2017-08-05T15:40:39.687+0200: 3975,082: Total time for which application threads were stopped: 0,0000782 seconds, Stopping threads took: 0,0000136 seconds
2017-08-05T15:40:39.687+0200: 3975,082: Total time for which application threads were stopped: 0,0000752 seconds, Stopping threads took: 0,0000136 seconds
2017-08-05T15:40:39.688+0200: 3975,082: Total time for which application threads were stopped: 0,0000816 seconds, Stopping threads took: 0,0000164 seconds
2017-08-05T15:40:39.691+0200: 3975,085: Total time for which application threads were stopped: 0,0000915 seconds, Stopping threads took: 0,0000162 seconds
2017-08-05T15:40:39.691+0200: 3975,085: Total time for which application threads were stopped: 0,0000563 seconds, Stopping threads took: 0,0000173 seconds
2017-08-05T15:40:39.691+0200: 3975,085: Total time for which application threads were stopped: 0,0000521 seconds, Stopping threads took: 0,0000185 seconds
2017-08-05T15:40:39.691+0200: 3975,085: Total time for which application threads were stopped: 0,0000466 seconds, Stopping threads took: 0,0000150 seconds
2017-08-05T15:40:39.691+0200: 3975,085: Total time for which application threads were stopped: 0,0000420 seconds, Stopping threads took: 0,0000114 seconds
2017-08-05T15:40:39.691+0200: 3975,086: Total time for which application threads were stopped: 0,0000414 seconds, Stopping threads took: 0,0000117 seconds
2017-08-05T15:40:39.696+0200: 3975,090: Total time for which application threads were stopped: 0,0002873 seconds, Stopping threads took: 0,0000301 seconds
2017-08-05T15:40:39.696+0200: 3975,090: Total time for which application threads were stopped: 0,0000580 seconds, Stopping threads took: 0,0000167 seconds
2017-08-05T15:40:39.696+0200: 3975,090: Total time for which application threads were stopped: 0,0000469 seconds, Stopping threads took: 0,0000134 seconds
2017-08-05T15:40:39.696+0200: 3975,090: Total time for which application threads were stopped: 0,0000447 seconds, Stopping threads took: 0,0000122 seconds
2017-08-05T15:40:39.696+0200: 3975,091: Total time for which application threads were stopped: 0,0000432 seconds, Stopping threads took: 0,0000116 seconds
2017-08-05T15:40:39.696+0200: 3975,091: Total time for which application threads were stopped: 0,0000426 seconds, Stopping threads took: 0,0000112 seconds
2017-08-05T15:40:39.696+0200: 3975,091: Total time for which application threads were stopped: 0,0000618 seconds, Stopping threads took: 0,0000281 seconds
2017-08-05T15:40:39.700+0200: 3975,095: Total time for which application threads were stopped: 0,0001070 seconds, Stopping threads took: 0,0000277 seconds
2017-08-05T15:40:39.701+0200: 3975,095: Total time for which application threads were stopped: 0,0000589 seconds, Stopping threads took: 0,0000139 seconds
2017-08-05T15:40:39.720+0200: 3975,114: Total time for which application threads were stopped: 0,0001119 seconds, Stopping threads took: 0,0000365 seconds
2017-08-05T15:40:39.721+0200: 3975,115: Total time for which application threads were stopped: 0,0000911 seconds, Stopping threads took: 0,0000251 seconds
2017-08-05T15:40:39.721+0200: 3975,115: Total time for which application threads were stopped: 0,0000467 seconds, Stopping threads took: 0,0000120 seconds
2017-08-05T15:40:39.721+0200: 3975,115: Total time for which application threads were stopped: 0,0000418 seconds, Stopping threads took: 0,0000117 seconds
2017-08-05T15:40:39.721+0200: 3975,115: Total time for which application threads were stopped: 0,0000420 seconds, Stopping threads took: 0,0000111 seconds
2017-08-05T15:40:39.721+0200: 3975,115: Total time for which application threads were stopped: 0,0000421 seconds, Stopping threads took: 0,0000114 seconds
2017-08-05T15:40:39.721+0200: 3975,116: Total time for which application threads were stopped: 0,0000448 seconds, Stopping threads took: 0,0000120 seconds
2017-08-05T15:40:39.721+0200: 3975,116: Total time for which application threads were stopped: 0,0000429 seconds, Stopping threads took: 0,0000117 seconds
2017-08-05T15:40:39.731+0200: 3975,125: Total time for which application threads were stopped: 0,0063883 seconds, Stopping threads took: 0,0063121 seconds
2017-08-05T15:40:39.731+0200: 3975,125: Total time for which application threads were stopped: 0,0000473 seconds, Stopping threads took: 0,0000102 seconds
2017-08-05T15:40:39.731+0200: 3975,125: Total time for which application threads were stopped: 0,0000378 seconds, Stopping threads took: 0,0000047 seconds
2017-08-05T15:40:39.731+0200: 3975,125: Total time for which application threads were stopped: 0,0000368 seconds, Stopping threads took: 0,0000042 seconds
2017-08-05T15:40:39.731+0200: 3975,125: Total time for which application threads were stopped: 0,0000363 seconds, Stopping threads took: 0,0000042 seconds
2017-08-05T15:40:39.745+0200: 3975,139: Total time for which application threads were stopped: 0,0074432 seconds, Stopping threads took: 0,0073486 seconds
2017-08-05T15:40:39.745+0200: 3975,139: Total time for which application threads were stopped: 0,0000642 seconds, Stopping threads took: 0,0000191 seconds
2017-08-05T15:40:39.745+0200: 3975,139: Total time for which application threads were stopped: 0,0000532 seconds, Stopping threads took: 0,0000133 seconds
2017-08-05T15:40:39.747+0200: 3975,141: Total time for which application threads were stopped: 0,0009566 seconds, Stopping threads took: 0,0008789 seconds
2017-08-05T15:40:39.747+0200: 3975,142: Total time for which application threads were stopped: 0,0000906 seconds, Stopping threads took: 0,0000357 seconds
2017-08-05T15:40:39.748+0200: 3975,142: Total time for which application threads were stopped: 0,0000643 seconds, Stopping threads took: 0,0000279 seconds
2017-08-05T15:40:39.748+0200: 3975,142: Total time for which application threads were stopped: 0,0000564 seconds, Stopping threads took: 0,0000237 seconds
2017-08-05T15:40:39.748+0200: 3975,142: Total time for which application threads were stopped: 0,0000566 seconds, Stopping threads took: 0,0000242 seconds
2017-08-05T15:40:39.749+0200: 3975,144: Total time for which application threads were stopped: 0,0003826 seconds, Stopping threads took: 0,0003202 seconds
2017-08-05T15:40:39.749+0200: 3975,144: Total time for which application threads were stopped: 0,0002003 seconds, Stopping threads took: 0,0001532 seconds
2017-08-05T15:40:39.750+0200: 3975,145: Total time for which application threads were stopped: 0,0004461 seconds, Stopping threads took: 0,0003891 seconds
2017-08-05T15:40:39.750+0200: 3975,145: Total time for which application threads were stopped: 0,0000658 seconds, Stopping threads took: 0,0000194 seconds
2017-08-05T15:40:39.751+0200: 3975,145: Total time for which application threads were stopped: 0,0000525 seconds, Stopping threads took: 0,0000192 seconds
2017-08-05T15:40:39.751+0200: 3975,145: Total time for which application threads were stopped: 0,0001173 seconds, Stopping threads took: 0,0000848 seconds
2017-08-05T15:40:39.751+0200: 3975,145: Total time for which application threads were stopped: 0,0000643 seconds, Stopping threads took: 0,0000245 seconds
2017-08-05T15:40:39.751+0200: 3975,145: Total time for which application threads were stopped: 0,0000530 seconds, Stopping threads took: 0,0000175 seconds
2017-08-05T15:40:39.751+0200: 3975,145: Total time for which application threads were stopped: 0,0000485 seconds, Stopping threads took: 0,0000154 seconds
2017-08-05T15:40:39.752+0200: 3975,146: Total time for which application threads were stopped: 0,0005922 seconds, Stopping threads took: 0,0005467 seconds
2017-08-05T15:40:39.752+0200: 3975,147: Total time for which application threads were stopped: 0,0000578 seconds, Stopping threads took: 0,0000190 seconds
2017-08-05T15:40:39.752+0200: 3975,147: Total time for which application threads were stopped: 0,0000482 seconds, Stopping threads took: 0,0000156 seconds
2017-08-05T15:40:39.752+0200: 3975,147: Total time for which application threads were stopped: 0,0000507 seconds, Stopping threads took: 0,0000172 seconds
2017-08-05T15:40:39.752+0200: 3975,147: Total time for which application threads were stopped: 0,0000519 seconds, Stopping threads took: 0,0000191 seconds
2017-08-05T15:40:39.753+0200: 3975,147: Total time for which application threads were stopped: 0,0000487 seconds, Stopping threads took: 0,0000159 seconds
2017-08-05T15:40:39.753+0200: 3975,147: Total time for which application threads were stopped: 0,0001703 seconds, Stopping threads took: 0,0000192 seconds
2017-08-05T15:40:39.754+0200: 3975,149: Total time for which application threads were stopped: 0,0001493 seconds, Stopping threads took: 0,0000496 seconds
2017-08-05T15:40:39.757+0200: 3975,151: Total time for which application threads were stopped: 0,0001052 seconds, Stopping threads took: 0,0000219 seconds
2017-08-05T15:40:39.757+0200: 3975,151: Total time for which application threads were stopped: 0,0000494 seconds, Stopping threads took: 0,0000155 seconds
2017-08-05T15:40:39.757+0200: 3975,151: Total time for which application threads were stopped: 0,0000422 seconds, Stopping threads took: 0,0000138 seconds
2017-08-05T15:40:39.758+0200: 3975,153: Total time for which application threads were stopped: 0,0000706 seconds, Stopping threads took: 0,0000198 seconds
2017-08-05T15:40:39.758+0200: 3975,153: Total time for which application threads were stopped: 0,0000713 seconds, Stopping threads took: 0,0000144 seconds
Heap
 par new generation   total 109248K, used 37225K [0x00000000e0000000, 0x00000000e8000000, 0x00000000e8000000)
  eden space 87424K,  24% used [0x00000000e0000000, 0x00000000e1545530, 0x00000000e5560000)
  from space 21824K,  70% used [0x00000000e5560000, 0x00000000e6475210, 0x00000000e6ab0000)
  to   space 21824K,   0% used [0x00000000e6ab0000, 0x00000000e6ab0000, 0x00000000e8000000)
 concurrent mark-sweep generation total 393216K, used 6899K [0x00000000e8000000, 0x0000000100000000, 0x0000000100000000)
 Metaspace       used 28143K, capacity 28722K, committed 28796K, reserved 1075200K
  class space    used 3225K, capacity 3422K, committed 3452K, reserved 1048576K
