OpenJDK 64-Bit Server VM (25.121-b13) for linux-amd64 JRE (1.8.0_121-8u121-b13-0ubuntu1.16.04.2-b13), built on Jan 23 2017 15:51:29 by "buildd" with gcc 5.4.0 20160609
Memory: 4k page, physical 7867800k(7503100k free), swap 8076284k(8076284k free)
CommandLine flags: -XX:CMSInitiatingOccupancyFraction=50 -XX:CMSMaxAbortablePrecleanTime=6000 -XX:+CMSParallelRemarkEnabled -XX:+CMSScavengeBeforeRemark -XX:ConcGCThreads=4 -XX:InitialHeapSize=536870912 -XX:MaxHeapSize=536870912 -XX:MaxTenuringThreshold=8 -XX:NewRatio=3 -XX:OldPLABSize=16 -XX:OnOutOfMemoryError=/opt/solr/bin/oom_solr.sh 8983 /var/solr/logs -XX:ParallelGCThreads=4 -XX:+ParallelRefProcEnabled -XX:PretenureSizeThreshold=67108864 -XX:+PrintGC -XX:+PrintGCApplicationStoppedTime -XX:+PrintGCDateStamps -XX:+PrintGCDetails -XX:+PrintGCTimeStamps -XX:+PrintHeapAtGC -XX:+PrintTenuringDistribution -XX:SurvivorRatio=4 -XX:TargetSurvivorRatio=90 -XX:ThreadStackSize=256 -XX:+UseCMSInitiatingOccupancyOnly -XX:+UseCompressedClassPointers -XX:+UseCompressedOops -XX:+UseConcMarkSweepGC -XX:+UseParNewGC 
2017-02-10T23:33:58.782+0100: 0,157: Total time for which application threads were stopped: 0,0000665 seconds, Stopping threads took: 0,0000110 seconds
2017-02-10T23:33:58.878+0100: 0,253: Total time for which application threads were stopped: 0,0027625 seconds, Stopping threads took: 0,0026535 seconds
2017-02-10T23:33:58.897+0100: 0,273: Total time for which application threads were stopped: 0,0001089 seconds, Stopping threads took: 0,0000257 seconds
2017-02-10T23:33:59.116+0100: 0,492: Total time for which application threads were stopped: 0,0001627 seconds, Stopping threads took: 0,0000233 seconds
2017-02-10T23:33:59.691+0100: 1,066: Total time for which application threads were stopped: 0,0002025 seconds, Stopping threads took: 0,0000226 seconds
2017-02-10T23:33:59.777+0100: 1,152: Total time for which application threads were stopped: 0,0002128 seconds, Stopping threads took: 0,0000678 seconds
2017-02-10T23:33:59.800+0100: 1,175: Total time for which application threads were stopped: 0,0001848 seconds, Stopping threads took: 0,0000282 seconds
2017-02-10T23:34:00.052+0100: 1,427: Total time for which application threads were stopped: 0,0001715 seconds, Stopping threads took: 0,0000164 seconds
2017-02-10T23:34:00.237+0100: 1,613: Total time for which application threads were stopped: 0,0001882 seconds, Stopping threads took: 0,0000120 seconds
2017-02-10T23:34:00.264+0100: 1,639: Total time for which application threads were stopped: 0,0002531 seconds, Stopping threads took: 0,0000241 seconds
2017-02-10T23:34:00.299+0100: 1,675: Total time for which application threads were stopped: 0,0002259 seconds, Stopping threads took: 0,0000192 seconds
2017-02-10T23:34:00.300+0100: 1,676: Total time for which application threads were stopped: 0,0001897 seconds, Stopping threads took: 0,0000136 seconds
2017-02-10T23:34:00.318+0100: 1,693: Total time for which application threads were stopped: 0,0001726 seconds, Stopping threads took: 0,0000230 seconds
2017-02-10T23:34:00.406+0100: 1,781: Total time for which application threads were stopped: 0,0002195 seconds, Stopping threads took: 0,0000159 seconds
2017-02-10T23:34:00.572+0100: 1,947: Total time for which application threads were stopped: 0,0002638 seconds, Stopping threads took: 0,0000463 seconds
{Heap before GC invocations=0 (full 0):
 par new generation   total 109248K, used 87424K [0x00000000e0000000, 0x00000000e8000000, 0x00000000e8000000)
  eden space 87424K, 100% used [0x00000000e0000000, 0x00000000e5560000, 0x00000000e5560000)
  from space 21824K,   0% used [0x00000000e5560000, 0x00000000e5560000, 0x00000000e6ab0000)
  to   space 21824K,   0% used [0x00000000e6ab0000, 0x00000000e6ab0000, 0x00000000e8000000)
 concurrent mark-sweep generation total 393216K, used 0K [0x00000000e8000000, 0x0000000100000000, 0x0000000100000000)
 Metaspace       used 17977K, capacity 18336K, committed 18688K, reserved 1064960K
  class space    used 2035K, capacity 2196K, committed 2304K, reserved 1048576K
2017-02-10T23:34:00.653+0100: 2,028: [GC (Allocation Failure) 2017-02-10T23:34:00.653+0100: 2,028: [ParNew
Desired survivor size 20112992 bytes, new threshold 8 (max 8)
- age   1:   12354224 bytes,   12354224 total
: 87424K->12174K(109248K), 0,0196524 secs] 87424K->12174K(502464K), 0,0197345 secs] [Times: user=0,04 sys=0,01, real=0,02 secs] 
Heap after GC invocations=1 (full 0):
 par new generation   total 109248K, used 12174K [0x00000000e0000000, 0x00000000e8000000, 0x00000000e8000000)
  eden space 87424K,   0% used [0x00000000e0000000, 0x00000000e0000000, 0x00000000e5560000)
  from space 21824K,  55% used [0x00000000e6ab0000, 0x00000000e76939c0, 0x00000000e8000000)
  to   space 21824K,   0% used [0x00000000e5560000, 0x00000000e5560000, 0x00000000e6ab0000)
 concurrent mark-sweep generation total 393216K, used 0K [0x00000000e8000000, 0x0000000100000000, 0x0000000100000000)
 Metaspace       used 17977K, capacity 18336K, committed 18688K, reserved 1064960K
  class space    used 2035K, capacity 2196K, committed 2304K, reserved 1048576K
}
2017-02-10T23:34:00.673+0100: 2,048: Total time for which application threads were stopped: 0,0205648 seconds, Stopping threads took: 0,0006504 seconds
2017-02-10T23:34:00.973+0100: 2,349: Total time for which application threads were stopped: 0,0003640 seconds, Stopping threads took: 0,0000658 seconds
{Heap before GC invocations=1 (full 0):
 par new generation   total 109248K, used 99598K [0x00000000e0000000, 0x00000000e8000000, 0x00000000e8000000)
  eden space 87424K, 100% used [0x00000000e0000000, 0x00000000e5560000, 0x00000000e5560000)
  from space 21824K,  55% used [0x00000000e6ab0000, 0x00000000e76939c0, 0x00000000e8000000)
  to   space 21824K,   0% used [0x00000000e5560000, 0x00000000e5560000, 0x00000000e6ab0000)
 concurrent mark-sweep generation total 393216K, used 0K [0x00000000e8000000, 0x0000000100000000, 0x0000000100000000)
 Metaspace       used 20040K, capacity 20376K, committed 20736K, reserved 1067008K
  class space    used 2297K, capacity 2474K, committed 2560K, reserved 1048576K
2017-02-10T23:34:01.018+0100: 2,393: [GC (Allocation Failure) 2017-02-10T23:34:01.018+0100: 2,394: [ParNew
Desired survivor size 20112992 bytes, new threshold 8 (max 8)
- age   1:    3795928 bytes,    3795928 total
- age   2:    6620984 bytes,   10416912 total
: 99598K->15554K(109248K), 0,0223276 secs] 99598K->15554K(502464K), 0,0224080 secs] [Times: user=0,08 sys=0,00, real=0,02 secs] 
Heap after GC invocations=2 (full 0):
 par new generation   total 109248K, used 15554K [0x00000000e0000000, 0x00000000e8000000, 0x00000000e8000000)
  eden space 87424K,   0% used [0x00000000e0000000, 0x00000000e0000000, 0x00000000e5560000)
  from space 21824K,  71% used [0x00000000e5560000, 0x00000000e6490a00, 0x00000000e6ab0000)
  to   space 21824K,   0% used [0x00000000e6ab0000, 0x00000000e6ab0000, 0x00000000e8000000)
 concurrent mark-sweep generation total 393216K, used 0K [0x00000000e8000000, 0x0000000100000000, 0x0000000100000000)
 Metaspace       used 20040K, capacity 20376K, committed 20736K, reserved 1067008K
  class space    used 2297K, capacity 2474K, committed 2560K, reserved 1048576K
}
2017-02-10T23:34:01.040+0100: 2,416: Total time for which application threads were stopped: 0,0232980 seconds, Stopping threads took: 0,0007062 seconds
2017-02-10T23:34:01.053+0100: 2,428: Total time for which application threads were stopped: 0,0003459 seconds, Stopping threads took: 0,0000262 seconds
2017-02-10T23:34:01.086+0100: 2,461: Total time for which application threads were stopped: 0,0003619 seconds, Stopping threads took: 0,0000625 seconds
2017-02-10T23:34:01.220+0100: 2,595: Total time for which application threads were stopped: 0,0001868 seconds, Stopping threads took: 0,0000622 seconds
{Heap before GC invocations=2 (full 0):
 par new generation   total 109248K, used 102978K [0x00000000e0000000, 0x00000000e8000000, 0x00000000e8000000)
  eden space 87424K, 100% used [0x00000000e0000000, 0x00000000e5560000, 0x00000000e5560000)
  from space 21824K,  71% used [0x00000000e5560000, 0x00000000e6490a00, 0x00000000e6ab0000)
  to   space 21824K,   0% used [0x00000000e6ab0000, 0x00000000e6ab0000, 0x00000000e8000000)
 concurrent mark-sweep generation total 393216K, used 0K [0x00000000e8000000, 0x0000000100000000, 0x0000000100000000)
 Metaspace       used 20980K, capacity 21298K, committed 21628K, reserved 1069056K
  class space    used 2420K, capacity 2593K, committed 2684K, reserved 1048576K
2017-02-10T23:34:01.256+0100: 2,631: [GC (Allocation Failure) 2017-02-10T23:34:01.256+0100: 2,631: [ParNew
Desired survivor size 20112992 bytes, new threshold 8 (max 8)
- age   1:    2120672 bytes,    2120672 total
- age   2:     871808 bytes,    2992480 total
- age   3:    6618768 bytes,    9611248 total
: 102978K->11218K(109248K), 0,0148190 secs] 102978K->11218K(502464K), 0,0149019 secs] [Times: user=0,04 sys=0,00, real=0,01 secs] 
Heap after GC invocations=3 (full 0):
 par new generation   total 109248K, used 11218K [0x00000000e0000000, 0x00000000e8000000, 0x00000000e8000000)
  eden space 87424K,   0% used [0x00000000e0000000, 0x00000000e0000000, 0x00000000e5560000)
  from space 21824K,  51% used [0x00000000e6ab0000, 0x00000000e75a4ab0, 0x00000000e8000000)
  to   space 21824K,   0% used [0x00000000e5560000, 0x00000000e5560000, 0x00000000e6ab0000)
 concurrent mark-sweep generation total 393216K, used 0K [0x00000000e8000000, 0x0000000100000000, 0x0000000100000000)
 Metaspace       used 20980K, capacity 21298K, committed 21628K, reserved 1069056K
  class space    used 2420K, capacity 2593K, committed 2684K, reserved 1048576K
}
2017-02-10T23:34:01.271+0100: 2,646: Total time for which application threads were stopped: 0,0151068 seconds, Stopping threads took: 0,0000541 seconds
2017-02-10T23:34:01.276+0100: 2,651: [GC (CMS Initial Mark) [1 CMS-initial-mark: 0K(393216K)] 15959K(502464K), 0,0072029 secs] [Times: user=0,02 sys=0,00, real=0,00 secs] 
2017-02-10T23:34:01.283+0100: 2,659: Total time for which application threads were stopped: 0,0073937 seconds, Stopping threads took: 0,0000599 seconds
2017-02-10T23:34:01.285+0100: 2,660: [CMS-concurrent-mark-start]
2017-02-10T23:34:01.293+0100: 2,669: [CMS-concurrent-mark: 0,008/0,008 secs] [Times: user=0,03 sys=0,00, real=0,01 secs] 
2017-02-10T23:34:01.293+0100: 2,669: [CMS-concurrent-preclean-start]
2017-02-10T23:34:01.294+0100: 2,670: [CMS-concurrent-preclean: 0,001/0,001 secs] [Times: user=0,00 sys=0,00, real=0,01 secs] 
2017-02-10T23:34:01.294+0100: 2,670: [CMS-concurrent-abortable-preclean-start]
2017-02-10T23:34:01.348+0100: 2,723: Total time for which application threads were stopped: 0,0001899 seconds, Stopping threads took: 0,0000971 seconds
{Heap before GC invocations=3 (full 1):
 par new generation   total 109248K, used 98642K [0x00000000e0000000, 0x00000000e8000000, 0x00000000e8000000)
  eden space 87424K, 100% used [0x00000000e0000000, 0x00000000e5560000, 0x00000000e5560000)
  from space 21824K,  51% used [0x00000000e6ab0000, 0x00000000e75a4ab0, 0x00000000e8000000)
  to   space 21824K,   0% used [0x00000000e5560000, 0x00000000e5560000, 0x00000000e6ab0000)
 concurrent mark-sweep generation total 393216K, used 0K [0x00000000e8000000, 0x0000000100000000, 0x0000000100000000)
 Metaspace       used 21240K, capacity 21632K, committed 21884K, reserved 1069056K
  class space    used 2448K, capacity 2607K, committed 2684K, reserved 1048576K
2017-02-10T23:34:01.401+0100: 2,777: [GC (Allocation Failure) 2017-02-10T23:34:01.401+0100: 2,777: [ParNew
Desired survivor size 20112992 bytes, new threshold 8 (max 8)
- age   1:     955544 bytes,     955544 total
- age   2:    1457672 bytes,    2413216 total
- age   3:     836624 bytes,    3249840 total
- age   4:    6618768 bytes,    9868608 total
: 98642K->14282K(109248K), 0,0142607 secs] 98642K->14282K(502464K), 0,0143299 secs] [Times: user=0,05 sys=0,00, real=0,02 secs] 
Heap after GC invocations=4 (full 1):
 par new generation   total 109248K, used 14282K [0x00000000e0000000, 0x00000000e8000000, 0x00000000e8000000)
  eden space 87424K,   0% used [0x00000000e0000000, 0x00000000e0000000, 0x00000000e5560000)
  from space 21824K,  65% used [0x00000000e5560000, 0x00000000e63529a0, 0x00000000e6ab0000)
  to   space 21824K,   0% used [0x00000000e6ab0000, 0x00000000e6ab0000, 0x00000000e8000000)
 concurrent mark-sweep generation total 393216K, used 0K [0x00000000e8000000, 0x0000000100000000, 0x0000000100000000)
 Metaspace       used 21240K, capacity 21632K, committed 21884K, reserved 1069056K
  class space    used 2448K, capacity 2607K, committed 2684K, reserved 1048576K
}
2017-02-10T23:34:01.415+0100: 2,791: Total time for which application threads were stopped: 0,0145176 seconds, Stopping threads took: 0,0000423 seconds
{Heap before GC invocations=4 (full 1):
 par new generation   total 109248K, used 101706K [0x00000000e0000000, 0x00000000e8000000, 0x00000000e8000000)
  eden space 87424K, 100% used [0x00000000e0000000, 0x00000000e5560000, 0x00000000e5560000)
  from space 21824K,  65% used [0x00000000e5560000, 0x00000000e63529a0, 0x00000000e6ab0000)
  to   space 21824K,   0% used [0x00000000e6ab0000, 0x00000000e6ab0000, 0x00000000e8000000)
 concurrent mark-sweep generation total 393216K, used 0K [0x00000000e8000000, 0x0000000100000000, 0x0000000100000000)
 Metaspace       used 21419K, capacity 21798K, committed 21884K, reserved 1069056K
  class space    used 2469K, capacity 2640K, committed 2684K, reserved 1048576K
2017-02-10T23:34:01.538+0100: 2,913: [GC (Allocation Failure) 2017-02-10T23:34:01.538+0100: 2,913: [ParNew
Desired survivor size 20112992 bytes, new threshold 8 (max 8)
- age   1:     845104 bytes,     845104 total
- age   2:     188552 bytes,    1033656 total
- age   3:    1457568 bytes,    2491224 total
- age   4:     836512 bytes,    3327736 total
- age   5:    6618936 bytes,    9946672 total
: 101706K->11308K(109248K), 0,0121579 secs] 101706K->11308K(502464K), 0,0122554 secs] [Times: user=0,04 sys=0,00, real=0,01 secs] 
Heap after GC invocations=5 (full 1):
 par new generation   total 109248K, used 11308K [0x00000000e0000000, 0x00000000e8000000, 0x00000000e8000000)
  eden space 87424K,   0% used [0x00000000e0000000, 0x00000000e0000000, 0x00000000e5560000)
  from space 21824K,  51% used [0x00000000e6ab0000, 0x00000000e75bb2c0, 0x00000000e8000000)
  to   space 21824K,   0% used [0x00000000e5560000, 0x00000000e5560000, 0x00000000e6ab0000)
 concurrent mark-sweep generation total 393216K, used 0K [0x00000000e8000000, 0x0000000100000000, 0x0000000100000000)
 Metaspace       used 21419K, capacity 21798K, committed 21884K, reserved 1069056K
  class space    used 2469K, capacity 2640K, committed 2684K, reserved 1048576K
}
2017-02-10T23:34:01.550+0100: 2,926: Total time for which application threads were stopped: 0,0124984 seconds, Stopping threads took: 0,0000935 seconds
2017-02-10T23:34:01.550+0100: 2,926: [CMS-concurrent-abortable-preclean: 0,199/0,256 secs] [Times: user=0,96 sys=0,00, real=0,25 secs] 
2017-02-10T23:34:01.554+0100: 2,930: [GC (CMS Final Remark) [YG occupancy: 12633 K (109248 K)]{Heap before GC invocations=5 (full 1):
 par new generation   total 109248K, used 12633K [0x00000000e0000000, 0x00000000e8000000, 0x00000000e8000000)
  eden space 87424K,   1% used [0x00000000e0000000, 0x00000000e014b4f8, 0x00000000e5560000)
  from space 21824K,  51% used [0x00000000e6ab0000, 0x00000000e75bb2c0, 0x00000000e8000000)
  to   space 21824K,   0% used [0x00000000e5560000, 0x00000000e5560000, 0x00000000e6ab0000)
 concurrent mark-sweep generation total 393216K, used 0K [0x00000000e8000000, 0x0000000100000000, 0x0000000100000000)
 Metaspace       used 21451K, capacity 21798K, committed 21884K, reserved 1069056K
  class space    used 2471K, capacity 2640K, committed 2684K, reserved 1048576K
2017-02-10T23:34:01.554+0100: 2,930: [GC (CMS Final Remark) 2017-02-10T23:34:01.554+0100: 2,930: [ParNew
Desired survivor size 20112992 bytes, new threshold 8 (max 8)
- age   1:     248536 bytes,     248536 total
- age   2:     711280 bytes,     959816 total
- age   3:     188288 bytes,    1148104 total
- age   4:    1457280 bytes,    2605384 total
- age   5:     836512 bytes,    3441896 total
- age   6:    6618776 bytes,   10060672 total
: 12633K->13047K(109248K), 0,0114984 secs] 12633K->13047K(502464K), 0,0115386 secs] [Times: user=0,04 sys=0,00, real=0,00 secs] 
Heap after GC invocations=6 (full 1):
 par new generation   total 109248K, used 13047K [0x00000000e0000000, 0x00000000e8000000, 0x00000000e8000000)
  eden space 87424K,   0% used [0x00000000e0000000, 0x00000000e0000000, 0x00000000e5560000)
  from space 21824K,  59% used [0x00000000e5560000, 0x00000000e621dfc0, 0x00000000e6ab0000)
  to   space 21824K,   0% used [0x00000000e6ab0000, 0x00000000e6ab0000, 0x00000000e8000000)
 concurrent mark-sweep generation total 393216K, used 0K [0x00000000e8000000, 0x0000000100000000, 0x0000000100000000)
 Metaspace       used 21451K, capacity 21798K, committed 21884K, reserved 1069056K
  class space    used 2471K, capacity 2640K, committed 2684K, reserved 1048576K
}
2017-02-10T23:34:01.566+0100: 2,941: [Rescan (parallel) , 0,0041747 secs]2017-02-10T23:34:01.570+0100: 2,945: [weak refs processing, 0,0015833 secs]2017-02-10T23:34:01.571+0100: 2,947: [class unloading, 0,0029596 secs]2017-02-10T23:34:01.574+0100: 2,950: [scrub symbol table, 0,0030706 secs]2017-02-10T23:34:01.578+0100: 2,953: [scrub string table, 0,0004102 secs][1 CMS-remark: 0K(393216K)] 13047K(502464K), 0,0244662 secs] [Times: user=0,07 sys=0,00, real=0,02 secs] 
2017-02-10T23:34:01.579+0100: 2,954: Total time for which application threads were stopped: 0,0245976 seconds, Stopping threads took: 0,0000418 seconds
2017-02-10T23:34:01.579+0100: 2,954: [CMS-concurrent-sweep-start]
2017-02-10T23:34:01.579+0100: 2,954: [CMS-concurrent-sweep: 0,000/0,000 secs] [Times: user=0,00 sys=0,00, real=0,00 secs] 
2017-02-10T23:34:01.579+0100: 2,954: [CMS-concurrent-reset-start]
2017-02-10T23:34:01.581+0100: 2,957: [CMS-concurrent-reset: 0,002/0,002 secs] [Times: user=0,00 sys=0,00, real=0,00 secs] 
2017-02-10T23:34:01.616+0100: 2,992: Total time for which application threads were stopped: 0,0003315 seconds, Stopping threads took: 0,0000253 seconds
2017-02-10T23:34:01.803+0100: 3,178: Total time for which application threads were stopped: 0,0003949 seconds, Stopping threads took: 0,0000327 seconds
2017-02-10T23:34:01.821+0100: 3,196: Total time for which application threads were stopped: 0,0010102 seconds, Stopping threads took: 0,0005605 seconds
{Heap before GC invocations=6 (full 1):
 par new generation   total 109248K, used 100471K [0x00000000e0000000, 0x00000000e8000000, 0x00000000e8000000)
  eden space 87424K, 100% used [0x00000000e0000000, 0x00000000e5560000, 0x00000000e5560000)
  from space 21824K,  59% used [0x00000000e5560000, 0x00000000e621dfc0, 0x00000000e6ab0000)
  to   space 21824K,   0% used [0x00000000e6ab0000, 0x00000000e6ab0000, 0x00000000e8000000)
 concurrent mark-sweep generation total 393216K, used 0K [0x00000000e8000000, 0x0000000100000000, 0x0000000100000000)
 Metaspace       used 24898K, capacity 25366K, committed 25724K, reserved 1071104K
  class space    used 2903K, capacity 3080K, committed 3196K, reserved 1048576K
2017-02-10T23:34:02.077+0100: 3,452: [GC (Allocation Failure) 2017-02-10T23:34:02.077+0100: 3,452: [ParNew
Desired survivor size 20112992 bytes, new threshold 8 (max 8)
- age   1:    5033824 bytes,    5033824 total
- age   2:       6720 bytes,    5040544 total
- age   3:     122624 bytes,    5163168 total
- age   4:     179472 bytes,    5342640 total
- age   5:     285160 bytes,    5627800 total
- age   6:     816496 bytes,    6444296 total
- age   7:    6612488 bytes,   13056784 total
: 100471K->14647K(109248K), 0,0138750 secs] 100471K->14647K(502464K), 0,0139471 secs] [Times: user=0,05 sys=0,00, real=0,01 secs] 
Heap after GC invocations=7 (full 1):
 par new generation   total 109248K, used 14647K [0x00000000e0000000, 0x00000000e8000000, 0x00000000e8000000)
  eden space 87424K,   0% used [0x00000000e0000000, 0x00000000e0000000, 0x00000000e5560000)
  from space 21824K,  67% used [0x00000000e6ab0000, 0x00000000e78fddb0, 0x00000000e8000000)
  to   space 21824K,   0% used [0x00000000e5560000, 0x00000000e5560000, 0x00000000e6ab0000)
 concurrent mark-sweep generation total 393216K, used 0K [0x00000000e8000000, 0x0000000100000000, 0x0000000100000000)
 Metaspace       used 24898K, capacity 25366K, committed 25724K, reserved 1071104K
  class space    used 2903K, capacity 3080K, committed 3196K, reserved 1048576K
}
2017-02-10T23:34:02.091+0100: 3,466: Total time for which application threads were stopped: 0,0142044 seconds, Stopping threads took: 0,0000537 seconds
2017-02-10T23:34:02.282+0100: 3,658: Total time for which application threads were stopped: 0,0026771 seconds, Stopping threads took: 0,0022476 seconds
2017-02-10T23:34:02.306+0100: 3,681: Total time for which application threads were stopped: 0,0005772 seconds, Stopping threads took: 0,0000580 seconds
2017-02-10T23:34:02.358+0100: 3,733: Total time for which application threads were stopped: 0,0005518 seconds, Stopping threads took: 0,0000436 seconds
2017-02-10T23:34:02.685+0100: 4,061: Total time for which application threads were stopped: 0,0003448 seconds, Stopping threads took: 0,0000280 seconds
2017-02-10T23:34:30.690+0100: 32,065: Total time for which application threads were stopped: 0,0000776 seconds, Stopping threads took: 0,0000204 seconds
2017-02-10T23:35:30.703+0100: 92,078: Total time for which application threads were stopped: 0,0001014 seconds, Stopping threads took: 0,0000246 seconds
2017-02-10T23:36:05.707+0100: 127,082: Total time for which application threads were stopped: 0,0000802 seconds, Stopping threads took: 0,0000309 seconds
2017-02-10T23:36:10.707+0100: 132,083: Total time for which application threads were stopped: 0,0000681 seconds, Stopping threads took: 0,0000163 seconds
2017-02-10T23:37:00.713+0100: 182,088: Total time for which application threads were stopped: 0,0000892 seconds, Stopping threads took: 0,0000359 seconds
2017-02-10T23:38:20.720+0100: 262,095: Total time for which application threads were stopped: 0,0001052 seconds, Stopping threads took: 0,0000334 seconds
2017-02-10T23:38:34.721+0100: 276,097: Total time for which application threads were stopped: 0,0000885 seconds, Stopping threads took: 0,0000345 seconds
2017-02-10T23:57:29.841+0100: 1411,217: Total time for which application threads were stopped: 0,0001459 seconds, Stopping threads took: 0,0000650 seconds
2017-02-11T00:01:02.189+0100: 1623,564: Total time for which application threads were stopped: 0,0001312 seconds, Stopping threads took: 0,0000406 seconds
2017-02-11T00:01:02.192+0100: 1623,568: Total time for which application threads were stopped: 0,0024065 seconds, Stopping threads took: 0,0023086 seconds
2017-02-11T00:01:02.192+0100: 1623,568: Total time for which application threads were stopped: 0,0001329 seconds, Stopping threads took: 0,0000457 seconds
2017-02-11T00:01:02.198+0100: 1623,573: Total time for which application threads were stopped: 0,0001227 seconds, Stopping threads took: 0,0000228 seconds
Heap
 par new generation   total 109248K, used 85548K [0x00000000e0000000, 0x00000000e8000000, 0x00000000e8000000)
  eden space 87424K,  81% used [0x00000000e0000000, 0x00000000e453d3c8, 0x00000000e5560000)
  from space 21824K,  67% used [0x00000000e6ab0000, 0x00000000e78fddb0, 0x00000000e8000000)
  to   space 21824K,   0% used [0x00000000e5560000, 0x00000000e5560000, 0x00000000e6ab0000)
 concurrent mark-sweep generation total 393216K, used 0K [0x00000000e8000000, 0x0000000100000000, 0x0000000100000000)
 Metaspace       used 28011K, capacity 28564K, committed 28796K, reserved 1075200K
  class space    used 3229K, capacity 3397K, committed 3452K, reserved 1048576K
