OpenJDK 64-Bit Server VM (25.111-b14) for linux-amd64 JRE (1.8.0_111-8u111-b14-2ubuntu0.16.04.2-b14), built on Oct 27 2016 18:10:19 by "buildd" with gcc 5.4.0 20160609
Memory: 4k page, physical 7867876k(7453740k free), swap 8076284k(8076284k free)
CommandLine flags: -XX:CMSInitiatingOccupancyFraction=50 -XX:CMSMaxAbortablePrecleanTime=6000 -XX:+CMSParallelRemarkEnabled -XX:+CMSScavengeBeforeRemark -XX:ConcGCThreads=4 -XX:InitialHeapSize=536870912 -XX:MaxHeapSize=536870912 -XX:MaxTenuringThreshold=8 -XX:NewRatio=3 -XX:OldPLABSize=16 -XX:OnOutOfMemoryError=/opt/solr/bin/oom_solr.sh 8983 /var/solr/logs -XX:ParallelGCThreads=4 -XX:+ParallelRefProcEnabled -XX:PretenureSizeThreshold=67108864 -XX:+PrintGC -XX:+PrintGCApplicationStoppedTime -XX:+PrintGCDateStamps -XX:+PrintGCDetails -XX:+PrintGCTimeStamps -XX:+PrintHeapAtGC -XX:+PrintTenuringDistribution -XX:SurvivorRatio=4 -XX:TargetSurvivorRatio=90 -XX:ThreadStackSize=256 -XX:+UseCMSInitiatingOccupancyOnly -XX:+UseCompressedClassPointers -XX:+UseCompressedOops -XX:+UseConcMarkSweepGC -XX:+UseParNewGC 
2016-11-07T18:43:21.384+0100: 0,128: Total time for which application threads were stopped: 0,0000961 seconds, Stopping threads took: 0,0000153 seconds
2016-11-07T18:43:21.465+0100: 0,209: Total time for which application threads were stopped: 0,0001240 seconds, Stopping threads took: 0,0000288 seconds
2016-11-07T18:43:21.477+0100: 0,221: Total time for which application threads were stopped: 0,0000720 seconds, Stopping threads took: 0,0000082 seconds
2016-11-07T18:43:21.703+0100: 0,448: Total time for which application threads were stopped: 0,0001196 seconds, Stopping threads took: 0,0000089 seconds
2016-11-07T18:43:22.122+0100: 0,866: Total time for which application threads were stopped: 0,0001649 seconds, Stopping threads took: 0,0000203 seconds
2016-11-07T18:43:22.211+0100: 0,956: Total time for which application threads were stopped: 0,0001832 seconds, Stopping threads took: 0,0000141 seconds
2016-11-07T18:43:22.241+0100: 0,985: Total time for which application threads were stopped: 0,0002144 seconds, Stopping threads took: 0,0000347 seconds
2016-11-07T18:43:22.571+0100: 1,316: Total time for which application threads were stopped: 0,0001976 seconds, Stopping threads took: 0,0000143 seconds
2016-11-07T18:43:22.819+0100: 1,563: Total time for which application threads were stopped: 0,0002119 seconds, Stopping threads took: 0,0000128 seconds
2016-11-07T18:43:22.849+0100: 1,594: Total time for which application threads were stopped: 0,0004452 seconds, Stopping threads took: 0,0000156 seconds
2016-11-07T18:43:22.851+0100: 1,596: Total time for which application threads were stopped: 0,0001372 seconds, Stopping threads took: 0,0000207 seconds
2016-11-07T18:43:22.868+0100: 1,612: Total time for which application threads were stopped: 0,0002026 seconds, Stopping threads took: 0,0000162 seconds
2016-11-07T18:43:22.974+0100: 1,718: Total time for which application threads were stopped: 0,0002157 seconds, Stopping threads took: 0,0000201 seconds
2016-11-07T18:43:23.181+0100: 1,925: Total time for which application threads were stopped: 0,0003080 seconds, Stopping threads took: 0,0001095 seconds
{Heap before GC invocations=0 (full 0):
 par new generation   total 109248K, used 87424K [0x00000000e0000000, 0x00000000e8000000, 0x00000000e8000000)
  eden space 87424K, 100% used [0x00000000e0000000, 0x00000000e5560000, 0x00000000e5560000)
  from space 21824K,   0% used [0x00000000e5560000, 0x00000000e5560000, 0x00000000e6ab0000)
  to   space 21824K,   0% used [0x00000000e6ab0000, 0x00000000e6ab0000, 0x00000000e8000000)
 concurrent mark-sweep generation total 393216K, used 0K [0x00000000e8000000, 0x0000000100000000, 0x0000000100000000)
 Metaspace       used 18051K, capacity 18366K, committed 18560K, reserved 1064960K
  class space    used 2044K, capacity 2162K, committed 2176K, reserved 1048576K
2016-11-07T18:43:23.305+0100: 2,049: [GC (Allocation Failure) 2016-11-07T18:43:23.305+0100: 2,049: [ParNew
Desired survivor size 20112992 bytes, new threshold 8 (max 8)
- age   1:   12901432 bytes,   12901432 total
: 87424K->12712K(109248K), 0,0203905 secs] 87424K->12712K(502464K), 0,0204787 secs] [Times: user=0,05 sys=0,00, real=0,02 secs] 
Heap after GC invocations=1 (full 0):
 par new generation   total 109248K, used 12712K [0x00000000e0000000, 0x00000000e8000000, 0x00000000e8000000)
  eden space 87424K,   0% used [0x00000000e0000000, 0x00000000e0000000, 0x00000000e5560000)
  from space 21824K,  58% used [0x00000000e6ab0000, 0x00000000e771a3f8, 0x00000000e8000000)
  to   space 21824K,   0% used [0x00000000e5560000, 0x00000000e5560000, 0x00000000e6ab0000)
 concurrent mark-sweep generation total 393216K, used 0K [0x00000000e8000000, 0x0000000100000000, 0x0000000100000000)
 Metaspace       used 18051K, capacity 18366K, committed 18560K, reserved 1064960K
  class space    used 2044K, capacity 2162K, committed 2176K, reserved 1048576K
}
2016-11-07T18:43:23.326+0100: 2,070: Total time for which application threads were stopped: 0,0226871 seconds, Stopping threads took: 0,0020303 seconds
2016-11-07T18:43:23.538+0100: 2,282: Total time for which application threads were stopped: 0,0004489 seconds, Stopping threads took: 0,0001706 seconds
2016-11-07T18:43:23.596+0100: 2,340: Total time for which application threads were stopped: 0,0003528 seconds, Stopping threads took: 0,0000587 seconds
2016-11-07T18:43:23.622+0100: 2,367: Total time for which application threads were stopped: 0,0003750 seconds, Stopping threads took: 0,0000315 seconds
{Heap before GC invocations=1 (full 0):
 par new generation   total 109248K, used 100136K [0x00000000e0000000, 0x00000000e8000000, 0x00000000e8000000)
  eden space 87424K, 100% used [0x00000000e0000000, 0x00000000e5560000, 0x00000000e5560000)
  from space 21824K,  58% used [0x00000000e6ab0000, 0x00000000e771a3f8, 0x00000000e8000000)
  to   space 21824K,   0% used [0x00000000e5560000, 0x00000000e5560000, 0x00000000e6ab0000)
 concurrent mark-sweep generation total 393216K, used 0K [0x00000000e8000000, 0x0000000100000000, 0x0000000100000000)
 Metaspace       used 20467K, capacity 20790K, committed 20992K, reserved 1067008K
  class space    used 2357K, capacity 2486K, committed 2560K, reserved 1048576K
2016-11-07T18:43:23.715+0100: 2,459: [GC (Allocation Failure) 2016-11-07T18:43:23.715+0100: 2,459: [ParNew
Desired survivor size 20112992 bytes, new threshold 8 (max 8)
- age   1:    3712248 bytes,    3712248 total
- age   2:    6481448 bytes,   10193696 total
: 100136K->13604K(109248K), 0,0099486 secs] 100136K->13604K(502464K), 0,0100254 secs] [Times: user=0,02 sys=0,01, real=0,01 secs] 
Heap after GC invocations=2 (full 0):
 par new generation   total 109248K, used 13604K [0x00000000e0000000, 0x00000000e8000000, 0x00000000e8000000)
  eden space 87424K,   0% used [0x00000000e0000000, 0x00000000e0000000, 0x00000000e5560000)
  from space 21824K,  62% used [0x00000000e5560000, 0x00000000e62a9200, 0x00000000e6ab0000)
  to   space 21824K,   0% used [0x00000000e6ab0000, 0x00000000e6ab0000, 0x00000000e8000000)
 concurrent mark-sweep generation total 393216K, used 0K [0x00000000e8000000, 0x0000000100000000, 0x0000000100000000)
 Metaspace       used 20467K, capacity 20790K, committed 20992K, reserved 1067008K
  class space    used 2357K, capacity 2486K, committed 2560K, reserved 1048576K
}
2016-11-07T18:43:23.725+0100: 2,469: Total time for which application threads were stopped: 0,0102408 seconds, Stopping threads took: 0,0000424 seconds
2016-11-07T18:43:23.819+0100: 2,564: Total time for which application threads were stopped: 0,0001853 seconds, Stopping threads took: 0,0000630 seconds
{Heap before GC invocations=2 (full 0):
 par new generation   total 109248K, used 101028K [0x00000000e0000000, 0x00000000e8000000, 0x00000000e8000000)
  eden space 87424K, 100% used [0x00000000e0000000, 0x00000000e5560000, 0x00000000e5560000)
  from space 21824K,  62% used [0x00000000e5560000, 0x00000000e62a9200, 0x00000000e6ab0000)
  to   space 21824K,   0% used [0x00000000e6ab0000, 0x00000000e6ab0000, 0x00000000e8000000)
 concurrent mark-sweep generation total 393216K, used 0K [0x00000000e8000000, 0x0000000100000000, 0x0000000100000000)
 Metaspace       used 20921K, capacity 21280K, committed 21504K, reserved 1069056K
  class space    used 2412K, capacity 2531K, committed 2560K, reserved 1048576K
2016-11-07T18:43:23.868+0100: 2,613: [GC (Allocation Failure) 2016-11-07T18:43:23.868+0100: 2,613: [ParNew
Desired survivor size 20112992 bytes, new threshold 8 (max 8)
- age   1:     867576 bytes,     867576 total
- age   2:    1412056 bytes,    2279632 total
- age   3:    6440928 bytes,    8720560 total
: 101028K->11353K(109248K), 0,0139484 secs] 101028K->11353K(502464K), 0,0140475 secs] [Times: user=0,05 sys=0,00, real=0,01 secs] 
Heap after GC invocations=3 (full 0):
 par new generation   total 109248K, used 11353K [0x00000000e0000000, 0x00000000e8000000, 0x00000000e8000000)
  eden space 87424K,   0% used [0x00000000e0000000, 0x00000000e0000000, 0x00000000e5560000)
  from space 21824K,  52% used [0x00000000e6ab0000, 0x00000000e75c6440, 0x00000000e8000000)
  to   space 21824K,   0% used [0x00000000e5560000, 0x00000000e5560000, 0x00000000e6ab0000)
 concurrent mark-sweep generation total 393216K, used 0K [0x00000000e8000000, 0x0000000100000000, 0x0000000100000000)
 Metaspace       used 20921K, capacity 21280K, committed 21504K, reserved 1069056K
  class space    used 2412K, capacity 2531K, committed 2560K, reserved 1048576K
}
2016-11-07T18:43:23.882+0100: 2,627: Total time for which application threads were stopped: 0,0142820 seconds, Stopping threads took: 0,0000889 seconds
2016-11-07T18:43:23.882+0100: 2,627: [GC (CMS Initial Mark) [1 CMS-initial-mark: 0K(393216K)] 11369K(502464K), 0,0024936 secs] [Times: user=0,01 sys=0,00, real=0,00 secs] 
2016-11-07T18:43:23.885+0100: 2,629: Total time for which application threads were stopped: 0,0026280 seconds, Stopping threads took: 0,0000431 seconds
2016-11-07T18:43:23.885+0100: 2,629: [CMS-concurrent-mark-start]
2016-11-07T18:43:23.886+0100: 2,630: [CMS-concurrent-mark: 0,001/0,001 secs] [Times: user=0,00 sys=0,00, real=0,00 secs] 
2016-11-07T18:43:23.886+0100: 2,630: [CMS-concurrent-preclean-start]
2016-11-07T18:43:23.887+0100: 2,631: [CMS-concurrent-preclean: 0,001/0,001 secs] [Times: user=0,00 sys=0,00, real=0,00 secs] 
2016-11-07T18:43:23.887+0100: 2,631: [GC (CMS Final Remark) [YG occupancy: 13173 K (109248 K)]{Heap before GC invocations=3 (full 1):
 par new generation   total 109248K, used 13173K [0x00000000e0000000, 0x00000000e8000000, 0x00000000e8000000)
  eden space 87424K,   2% used [0x00000000e0000000, 0x00000000e01c73b0, 0x00000000e5560000)
  from space 21824K,  52% used [0x00000000e6ab0000, 0x00000000e75c6440, 0x00000000e8000000)
  to   space 21824K,   0% used [0x00000000e5560000, 0x00000000e5560000, 0x00000000e6ab0000)
 concurrent mark-sweep generation total 393216K, used 0K [0x00000000e8000000, 0x0000000100000000, 0x0000000100000000)
 Metaspace       used 20924K, capacity 21280K, committed 21504K, reserved 1069056K
  class space    used 2413K, capacity 2531K, committed 2560K, reserved 1048576K
2016-11-07T18:43:23.887+0100: 2,631: [GC (CMS Final Remark) 2016-11-07T18:43:23.887+0100: 2,631: [ParNew
Desired survivor size 20112992 bytes, new threshold 8 (max 8)
- age   1:     296240 bytes,     296240 total
- age   2:     752560 bytes,    1048800 total
- age   3:    1412184 bytes,    2460984 total
- age   4:    6441216 bytes,    8902200 total
: 13173K->10378K(109248K), 0,0086404 secs] 13173K->10378K(502464K), 0,0086832 secs] [Times: user=0,03 sys=0,00, real=0,02 secs] 
Heap after GC invocations=4 (full 1):
 par new generation   total 109248K, used 10378K [0x00000000e0000000, 0x00000000e8000000, 0x00000000e8000000)
  eden space 87424K,   0% used [0x00000000e0000000, 0x00000000e0000000, 0x00000000e5560000)
  from space 21824K,  47% used [0x00000000e5560000, 0x00000000e5f82a30, 0x00000000e6ab0000)
  to   space 21824K,   0% used [0x00000000e6ab0000, 0x00000000e6ab0000, 0x00000000e8000000)
 concurrent mark-sweep generation total 393216K, used 0K [0x00000000e8000000, 0x0000000100000000, 0x0000000100000000)
 Metaspace       used 20924K, capacity 21280K, committed 21504K, reserved 1069056K
  class space    used 2413K, capacity 2531K, committed 2560K, reserved 1048576K
}
2016-11-07T18:43:23.896+0100: 2,640: [Rescan (parallel) , 0,0034430 secs]2016-11-07T18:43:23.899+0100: 2,643: [weak refs processing, 0,0017539 secs]2016-11-07T18:43:23.901+0100: 2,645: [class unloading, 0,0028292 secs]2016-11-07T18:43:23.904+0100: 2,648: [scrub symbol table, 0,0029290 secs]2016-11-07T18:43:23.907+0100: 2,651: [scrub string table, 0,0003398 secs][1 CMS-remark: 0K(393216K)] 10378K(502464K), 0,0206196 secs] [Times: user=0,06 sys=0,00, real=0,03 secs] 
2016-11-07T18:43:23.907+0100: 2,652: Total time for which application threads were stopped: 0,0207439 seconds, Stopping threads took: 0,0000469 seconds
2016-11-07T18:43:23.908+0100: 2,652: [CMS-concurrent-sweep-start]
2016-11-07T18:43:23.908+0100: 2,652: [CMS-concurrent-sweep: 0,000/0,000 secs] [Times: user=0,00 sys=0,00, real=0,00 secs] 
2016-11-07T18:43:23.908+0100: 2,652: [CMS-concurrent-reset-start]
2016-11-07T18:43:23.910+0100: 2,655: [CMS-concurrent-reset: 0,003/0,003 secs] [Times: user=0,00 sys=0,00, real=0,00 secs] 
2016-11-07T18:43:24.013+0100: 2,757: Total time for which application threads were stopped: 0,0003396 seconds, Stopping threads took: 0,0000275 seconds
2016-11-07T18:43:24.138+0100: 2,883: Total time for which application threads were stopped: 0,0003713 seconds, Stopping threads took: 0,0000229 seconds
2016-11-07T18:43:24.159+0100: 2,904: Total time for which application threads were stopped: 0,0003978 seconds, Stopping threads took: 0,0000315 seconds
{Heap before GC invocations=4 (full 1):
 par new generation   total 109248K, used 97802K [0x00000000e0000000, 0x00000000e8000000, 0x00000000e8000000)
  eden space 87424K, 100% used [0x00000000e0000000, 0x00000000e5560000, 0x00000000e5560000)
  from space 21824K,  47% used [0x00000000e5560000, 0x00000000e5f82a30, 0x00000000e6ab0000)
  to   space 21824K,   0% used [0x00000000e6ab0000, 0x00000000e6ab0000, 0x00000000e8000000)
 concurrent mark-sweep generation total 393216K, used 0K [0x00000000e8000000, 0x0000000100000000, 0x0000000100000000)
 Metaspace       used 22901K, capacity 23386K, committed 23552K, reserved 1071104K
  class space    used 2651K, capacity 2808K, committed 2816K, reserved 1048576K
2016-11-07T18:43:24.203+0100: 2,948: [GC (Allocation Failure) 2016-11-07T18:43:24.203+0100: 2,948: [ParNew
Desired survivor size 20112992 bytes, new threshold 8 (max 8)
- age   1:    2559728 bytes,    2559728 total
- age   2:       2768 bytes,    2562496 total
- age   3:     184040 bytes,    2746536 total
- age   4:     622480 bytes,    3369016 total
- age   5:    6435744 bytes,    9804760 total
: 97802K->11509K(109248K), 0,0112401 secs] 97802K->11509K(502464K), 0,0113078 secs] [Times: user=0,04 sys=0,00, real=0,01 secs] 
Heap after GC invocations=5 (full 1):
 par new generation   total 109248K, used 11509K [0x00000000e0000000, 0x00000000e8000000, 0x00000000e8000000)
  eden space 87424K,   0% used [0x00000000e0000000, 0x00000000e0000000, 0x00000000e5560000)
  from space 21824K,  52% used [0x00000000e6ab0000, 0x00000000e75ed660, 0x00000000e8000000)
  to   space 21824K,   0% used [0x00000000e5560000, 0x00000000e5560000, 0x00000000e6ab0000)
 concurrent mark-sweep generation total 393216K, used 0K [0x00000000e8000000, 0x0000000100000000, 0x0000000100000000)
 Metaspace       used 22901K, capacity 23386K, committed 23552K, reserved 1071104K
  class space    used 2651K, capacity 2808K, committed 2816K, reserved 1048576K
}
2016-11-07T18:43:24.215+0100: 2,959: Total time for which application threads were stopped: 0,0114941 seconds, Stopping threads took: 0,0000312 seconds
2016-11-07T18:43:24.602+0100: 3,346: Total time for which application threads were stopped: 0,0004657 seconds, Stopping threads took: 0,0000466 seconds
2016-11-07T18:43:25.308+0100: 4,053: Total time for which application threads were stopped: 0,0004113 seconds, Stopping threads took: 0,0000278 seconds
2016-11-07T18:43:52.312+0100: 31,056: Total time for which application threads were stopped: 0,0003351 seconds, Stopping threads took: 0,0001226 seconds
2016-11-07T18:43:53.312+0100: 32,056: Total time for which application threads were stopped: 0,0000812 seconds, Stopping threads took: 0,0000187 seconds
2016-11-07T18:44:32.320+0100: 71,064: Total time for which application threads were stopped: 0,0000736 seconds, Stopping threads took: 0,0000196 seconds
2016-11-07T18:44:37.321+0100: 76,065: Total time for which application threads were stopped: 0,0000651 seconds, Stopping threads took: 0,0000192 seconds
2016-11-07T18:44:42.321+0100: 81,065: Total time for which application threads were stopped: 0,0000698 seconds, Stopping threads took: 0,0000181 seconds
2016-11-07T18:44:47.322+0100: 86,066: Total time for which application threads were stopped: 0,0000637 seconds, Stopping threads took: 0,0000155 seconds
2016-11-07T18:45:07.324+0100: 106,068: Total time for which application threads were stopped: 0,0000834 seconds, Stopping threads took: 0,0000348 seconds
2016-11-07T18:45:12.325+0100: 111,069: Total time for which application threads were stopped: 0,0000733 seconds, Stopping threads took: 0,0000157 seconds
2016-11-07T18:45:53.330+0100: 152,075: Total time for which application threads were stopped: 0,0000856 seconds, Stopping threads took: 0,0000361 seconds
2016-11-07T18:45:58.331+0100: 157,075: Total time for which application threads were stopped: 0,0000790 seconds, Stopping threads took: 0,0000341 seconds
2016-11-07T18:46:22.334+0100: 181,078: Total time for which application threads were stopped: 0,0000605 seconds, Stopping threads took: 0,0000157 seconds
2016-11-07T18:47:08.340+0100: 227,084: Total time for which application threads were stopped: 0,0001544 seconds, Stopping threads took: 0,0000595 seconds
2016-11-07T18:47:57.346+0100: 276,090: Total time for which application threads were stopped: 0,0000761 seconds, Stopping threads took: 0,0000299 seconds
2016-11-07T18:48:08.347+0100: 287,092: Total time for which application threads were stopped: 0,0000860 seconds, Stopping threads took: 0,0000344 seconds
2016-11-07T18:51:53.377+0100: 512,121: Total time for which application threads were stopped: 0,0000762 seconds, Stopping threads took: 0,0000307 seconds
2016-11-07T19:07:02.492+0100: 1421,237: Total time for which application threads were stopped: 0,0000825 seconds, Stopping threads took: 0,0000327 seconds
2016-11-07T19:11:52.527+0100: 1711,271: Total time for which application threads were stopped: 0,0000855 seconds, Stopping threads took: 0,0000329 seconds
2016-11-07T19:21:58.606+0100: 2317,350: Total time for which application threads were stopped: 0,0000753 seconds, Stopping threads took: 0,0000296 seconds
2016-11-07T19:22:02.607+0100: 2321,351: Total time for which application threads were stopped: 0,0001399 seconds, Stopping threads took: 0,0000318 seconds
2016-11-07T19:36:38.709+0100: 3197,453: Total time for which application threads were stopped: 0,0000985 seconds, Stopping threads took: 0,0000328 seconds
2016-11-07T19:47:12.784+0100: 3831,529: Total time for which application threads were stopped: 0,0000873 seconds, Stopping threads took: 0,0000348 seconds
2016-11-07T19:47:17.785+0100: 3836,530: Total time for which application threads were stopped: 0,0001454 seconds, Stopping threads took: 0,0000319 seconds
2016-11-07T19:48:11.402+0100: 3890,146: Total time for which application threads were stopped: 0,0001341 seconds, Stopping threads took: 0,0000148 seconds
Heap
 par new generation   total 109248K, used 88321K [0x00000000e0000000, 0x00000000e8000000, 0x00000000e8000000)
  eden space 87424K,  87% used [0x00000000e0000000, 0x00000000e4b02de0, 0x00000000e5560000)
  from space 21824K,  52% used [0x00000000e6ab0000, 0x00000000e75ed660, 0x00000000e8000000)
  to   space 21824K,   0% used [0x00000000e5560000, 0x00000000e5560000, 0x00000000e6ab0000)
 concurrent mark-sweep generation total 393216K, used 0K [0x00000000e8000000, 0x0000000100000000, 0x0000000100000000)
 Metaspace       used 27350K, capacity 27788K, committed 28032K, reserved 1073152K
  class space    used 3172K, capacity 3333K, committed 3456K, reserved 1048576K
