OpenJDK 64-Bit Server VM (25.121-b13) for linux-amd64 JRE (1.8.0_121-8u121-b13-0ubuntu1.16.04.2-b13), built on Jan 23 2017 15:51:29 by "buildd" with gcc 5.4.0 20160609
Memory: 4k page, physical 7867760k(7506324k free), swap 8076284k(8076284k free)
CommandLine flags: -XX:CMSInitiatingOccupancyFraction=50 -XX:CMSMaxAbortablePrecleanTime=6000 -XX:+CMSParallelRemarkEnabled -XX:+CMSScavengeBeforeRemark -XX:ConcGCThreads=4 -XX:InitialHeapSize=536870912 -XX:MaxHeapSize=536870912 -XX:MaxTenuringThreshold=8 -XX:NewRatio=3 -XX:OldPLABSize=16 -XX:OnOutOfMemoryError=/opt/solr/bin/oom_solr.sh 8983 /var/solr/logs -XX:ParallelGCThreads=4 -XX:+ParallelRefProcEnabled -XX:PretenureSizeThreshold=67108864 -XX:+PrintGC -XX:+PrintGCApplicationStoppedTime -XX:+PrintGCDateStamps -XX:+PrintGCDetails -XX:+PrintGCTimeStamps -XX:+PrintHeapAtGC -XX:+PrintTenuringDistribution -XX:SurvivorRatio=4 -XX:TargetSurvivorRatio=90 -XX:ThreadStackSize=256 -XX:+UseCMSInitiatingOccupancyOnly -XX:+UseCompressedClassPointers -XX:+UseCompressedOops -XX:+UseConcMarkSweepGC -XX:+UseParNewGC 
2017-03-05T16:57:33.795+0100: 0,152: Total time for which application threads were stopped: 0,0000685 seconds, Stopping threads took: 0,0000116 seconds
2017-03-05T16:57:33.890+0100: 0,247: Total time for which application threads were stopped: 0,0001159 seconds, Stopping threads took: 0,0000127 seconds
2017-03-05T16:57:33.913+0100: 0,269: Total time for which application threads were stopped: 0,0019230 seconds, Stopping threads took: 0,0018303 seconds
2017-03-05T16:57:34.293+0100: 0,649: Total time for which application threads were stopped: 0,0001529 seconds, Stopping threads took: 0,0000278 seconds
2017-03-05T16:57:34.567+0100: 0,924: Total time for which application threads were stopped: 0,0001650 seconds, Stopping threads took: 0,0000167 seconds
2017-03-05T16:57:34.656+0100: 1,013: Total time for which application threads were stopped: 0,0001285 seconds, Stopping threads took: 0,0000120 seconds
2017-03-05T16:57:34.689+0100: 1,045: Total time for which application threads were stopped: 0,0006170 seconds, Stopping threads took: 0,0001695 seconds
2017-03-05T16:57:34.975+0100: 1,331: Total time for which application threads were stopped: 0,0001747 seconds, Stopping threads took: 0,0000121 seconds
2017-03-05T16:57:35.187+0100: 1,544: Total time for which application threads were stopped: 0,0004496 seconds, Stopping threads took: 0,0000277 seconds
2017-03-05T16:57:35.210+0100: 1,567: Total time for which application threads were stopped: 0,0001631 seconds, Stopping threads took: 0,0000131 seconds
2017-03-05T16:57:35.245+0100: 1,601: Total time for which application threads were stopped: 0,0002206 seconds, Stopping threads took: 0,0000213 seconds
2017-03-05T16:57:35.246+0100: 1,603: Total time for which application threads were stopped: 0,0001929 seconds, Stopping threads took: 0,0000141 seconds
2017-03-05T16:57:35.262+0100: 1,618: Total time for which application threads were stopped: 0,0001825 seconds, Stopping threads took: 0,0000194 seconds
2017-03-05T16:57:35.363+0100: 1,720: Total time for which application threads were stopped: 0,0002127 seconds, Stopping threads took: 0,0000230 seconds
2017-03-05T16:57:35.517+0100: 1,874: Total time for which application threads were stopped: 0,0002671 seconds, Stopping threads took: 0,0000341 seconds
{Heap before GC invocations=0 (full 0):
 par new generation   total 109248K, used 87424K [0x00000000e0000000, 0x00000000e8000000, 0x00000000e8000000)
  eden space 87424K, 100% used [0x00000000e0000000, 0x00000000e5560000, 0x00000000e5560000)
  from space 21824K,   0% used [0x00000000e5560000, 0x00000000e5560000, 0x00000000e6ab0000)
  to   space 21824K,   0% used [0x00000000e6ab0000, 0x00000000e6ab0000, 0x00000000e8000000)
 concurrent mark-sweep generation total 393216K, used 0K [0x00000000e8000000, 0x0000000100000000, 0x0000000100000000)
 Metaspace       used 17996K, capacity 18336K, committed 18688K, reserved 1064960K
  class space    used 2035K, capacity 2196K, committed 2304K, reserved 1048576K
2017-03-05T16:57:35.589+0100: 1,945: [GC (Allocation Failure) 2017-03-05T16:57:35.589+0100: 1,945: [ParNew
Desired survivor size 20112992 bytes, new threshold 8 (max 8)
- age   1:   12326496 bytes,   12326496 total
: 87424K->12138K(109248K), 0,0162760 secs] 87424K->12138K(502464K), 0,0163617 secs] [Times: user=0,03 sys=0,03, real=0,02 secs] 
Heap after GC invocations=1 (full 0):
 par new generation   total 109248K, used 12138K [0x00000000e0000000, 0x00000000e8000000, 0x00000000e8000000)
  eden space 87424K,   0% used [0x00000000e0000000, 0x00000000e0000000, 0x00000000e5560000)
  from space 21824K,  55% used [0x00000000e6ab0000, 0x00000000e768a9b8, 0x00000000e8000000)
  to   space 21824K,   0% used [0x00000000e5560000, 0x00000000e5560000, 0x00000000e6ab0000)
 concurrent mark-sweep generation total 393216K, used 0K [0x00000000e8000000, 0x0000000100000000, 0x0000000100000000)
 Metaspace       used 17996K, capacity 18336K, committed 18688K, reserved 1064960K
  class space    used 2035K, capacity 2196K, committed 2304K, reserved 1048576K
}
2017-03-05T16:57:35.605+0100: 1,962: Total time for which application threads were stopped: 0,0174821 seconds, Stopping threads took: 0,0009587 seconds
2017-03-05T16:57:35.894+0100: 2,251: Total time for which application threads were stopped: 0,0003658 seconds, Stopping threads took: 0,0000708 seconds
2017-03-05T16:57:35.941+0100: 2,298: Total time for which application threads were stopped: 0,0004018 seconds, Stopping threads took: 0,0000685 seconds
{Heap before GC invocations=1 (full 0):
 par new generation   total 109248K, used 99562K [0x00000000e0000000, 0x00000000e8000000, 0x00000000e8000000)
  eden space 87424K, 100% used [0x00000000e0000000, 0x00000000e5560000, 0x00000000e5560000)
  from space 21824K,  55% used [0x00000000e6ab0000, 0x00000000e768a9b8, 0x00000000e8000000)
  to   space 21824K,   0% used [0x00000000e5560000, 0x00000000e5560000, 0x00000000e6ab0000)
 concurrent mark-sweep generation total 393216K, used 0K [0x00000000e8000000, 0x0000000100000000, 0x0000000100000000)
 Metaspace       used 20072K, capacity 20428K, committed 20736K, reserved 1067008K
  class space    used 2296K, capacity 2468K, committed 2560K, reserved 1048576K
2017-03-05T16:57:35.966+0100: 2,323: [GC (Allocation Failure) 2017-03-05T16:57:35.966+0100: 2,323: [ParNew
Desired survivor size 20112992 bytes, new threshold 8 (max 8)
- age   1:    3691640 bytes,    3691640 total
- age   2:    6536208 bytes,   10227848 total
: 99562K->13451K(109248K), 0,0132356 secs] 99562K->13451K(502464K), 0,0133157 secs] [Times: user=0,04 sys=0,00, real=0,02 secs] 
Heap after GC invocations=2 (full 0):
 par new generation   total 109248K, used 13451K [0x00000000e0000000, 0x00000000e8000000, 0x00000000e8000000)
  eden space 87424K,   0% used [0x00000000e0000000, 0x00000000e0000000, 0x00000000e5560000)
  from space 21824K,  61% used [0x00000000e5560000, 0x00000000e6282f40, 0x00000000e6ab0000)
  to   space 21824K,   0% used [0x00000000e6ab0000, 0x00000000e6ab0000, 0x00000000e8000000)
 concurrent mark-sweep generation total 393216K, used 0K [0x00000000e8000000, 0x0000000100000000, 0x0000000100000000)
 Metaspace       used 20072K, capacity 20428K, committed 20736K, reserved 1067008K
  class space    used 2296K, capacity 2468K, committed 2560K, reserved 1048576K
}
2017-03-05T16:57:35.980+0100: 2,336: Total time for which application threads were stopped: 0,0175894 seconds, Stopping threads took: 0,0041061 seconds
2017-03-05T16:57:36.030+0100: 2,387: Total time for which application threads were stopped: 0,0016097 seconds, Stopping threads took: 0,0013131 seconds
2017-03-05T16:57:36.147+0100: 2,504: Total time for which application threads were stopped: 0,0001776 seconds, Stopping threads took: 0,0000402 seconds
{Heap before GC invocations=2 (full 0):
 par new generation   total 109248K, used 100875K [0x00000000e0000000, 0x00000000e8000000, 0x00000000e8000000)
  eden space 87424K, 100% used [0x00000000e0000000, 0x00000000e5560000, 0x00000000e5560000)
  from space 21824K,  61% used [0x00000000e5560000, 0x00000000e6282f40, 0x00000000e6ab0000)
  to   space 21824K,   0% used [0x00000000e6ab0000, 0x00000000e6ab0000, 0x00000000e8000000)
 concurrent mark-sweep generation total 393216K, used 0K [0x00000000e8000000, 0x0000000100000000, 0x0000000100000000)
 Metaspace       used 21005K, capacity 21356K, committed 21628K, reserved 1069056K
  class space    used 2418K, capacity 2588K, committed 2684K, reserved 1048576K
2017-03-05T16:57:36.194+0100: 2,551: [GC (Allocation Failure) 2017-03-05T16:57:36.194+0100: 2,551: [ParNew
Desired survivor size 20112992 bytes, new threshold 8 (max 8)
- age   1:    2214416 bytes,    2214416 total
- age   2:     980576 bytes,    3194992 total
- age   3:    6531992 bytes,    9726984 total
: 100875K->12750K(109248K), 0,0188129 secs] 100875K->12750K(502464K), 0,0189069 secs] [Times: user=0,07 sys=0,00, real=0,02 secs] 
Heap after GC invocations=3 (full 0):
 par new generation   total 109248K, used 12750K [0x00000000e0000000, 0x00000000e8000000, 0x00000000e8000000)
  eden space 87424K,   0% used [0x00000000e0000000, 0x00000000e0000000, 0x00000000e5560000)
  from space 21824K,  58% used [0x00000000e6ab0000, 0x00000000e7723b00, 0x00000000e8000000)
  to   space 21824K,   0% used [0x00000000e5560000, 0x00000000e5560000, 0x00000000e6ab0000)
 concurrent mark-sweep generation total 393216K, used 0K [0x00000000e8000000, 0x0000000100000000, 0x0000000100000000)
 Metaspace       used 21005K, capacity 21356K, committed 21628K, reserved 1069056K
  class space    used 2418K, capacity 2588K, committed 2684K, reserved 1048576K
}
2017-03-05T16:57:36.213+0100: 2,570: Total time for which application threads were stopped: 0,0191693 seconds, Stopping threads took: 0,0000954 seconds
2017-03-05T16:57:36.218+0100: 2,574: [GC (CMS Initial Mark) [1 CMS-initial-mark: 0K(393216K)] 15364K(502464K), 0,0051202 secs] [Times: user=0,02 sys=0,00, real=0,01 secs] 
2017-03-05T16:57:36.223+0100: 2,580: Total time for which application threads were stopped: 0,0052821 seconds, Stopping threads took: 0,0000326 seconds
2017-03-05T16:57:36.223+0100: 2,580: [CMS-concurrent-mark-start]
2017-03-05T16:57:36.224+0100: 2,580: [CMS-concurrent-mark: 0,001/0,001 secs] [Times: user=0,00 sys=0,00, real=0,00 secs] 
2017-03-05T16:57:36.224+0100: 2,580: [CMS-concurrent-preclean-start]
2017-03-05T16:57:36.225+0100: 2,582: [CMS-concurrent-preclean: 0,001/0,001 secs] [Times: user=0,00 sys=0,00, real=0,00 secs] 
2017-03-05T16:57:36.225+0100: 2,582: [CMS-concurrent-abortable-preclean-start]
2017-03-05T16:57:36.275+0100: 2,631: Total time for which application threads were stopped: 0,0002805 seconds, Stopping threads took: 0,0001774 seconds
{Heap before GC invocations=3 (full 1):
 par new generation   total 109248K, used 100174K [0x00000000e0000000, 0x00000000e8000000, 0x00000000e8000000)
  eden space 87424K, 100% used [0x00000000e0000000, 0x00000000e5560000, 0x00000000e5560000)
  from space 21824K,  58% used [0x00000000e6ab0000, 0x00000000e7723b00, 0x00000000e8000000)
  to   space 21824K,   0% used [0x00000000e5560000, 0x00000000e5560000, 0x00000000e6ab0000)
 concurrent mark-sweep generation total 393216K, used 0K [0x00000000e8000000, 0x0000000100000000, 0x0000000100000000)
 Metaspace       used 21256K, capacity 21638K, committed 21884K, reserved 1069056K
  class space    used 2447K, capacity 2604K, committed 2684K, reserved 1048576K
2017-03-05T16:57:36.312+0100: 2,669: [GC (Allocation Failure) 2017-03-05T16:57:36.312+0100: 2,669: [ParNew
Desired survivor size 20112992 bytes, new threshold 8 (max 8)
- age   1:     842408 bytes,     842408 total
- age   2:    1451264 bytes,    2293672 total
- age   3:     949136 bytes,    3242808 total
- age   4:    6532200 bytes,    9775008 total
: 100174K->11202K(109248K), 0,0100974 secs] 100174K->11202K(502464K), 0,0101728 secs] [Times: user=0,04 sys=0,00, real=0,01 secs] 
Heap after GC invocations=4 (full 1):
 par new generation   total 109248K, used 11202K [0x00000000e0000000, 0x00000000e8000000, 0x00000000e8000000)
  eden space 87424K,   0% used [0x00000000e0000000, 0x00000000e0000000, 0x00000000e5560000)
  from space 21824K,  51% used [0x00000000e5560000, 0x00000000e60509e0, 0x00000000e6ab0000)
  to   space 21824K,   0% used [0x00000000e6ab0000, 0x00000000e6ab0000, 0x00000000e8000000)
 concurrent mark-sweep generation total 393216K, used 0K [0x00000000e8000000, 0x0000000100000000, 0x0000000100000000)
 Metaspace       used 21256K, capacity 21638K, committed 21884K, reserved 1069056K
  class space    used 2447K, capacity 2604K, committed 2684K, reserved 1048576K
}
2017-03-05T16:57:36.323+0100: 2,679: Total time for which application threads were stopped: 0,0103993 seconds, Stopping threads took: 0,0000713 seconds
2017-03-05T16:57:36.323+0100: 2,679: [CMS-concurrent-abortable-preclean: 0,051/0,098 secs] [Times: user=0,38 sys=0,01, real=0,10 secs] 
2017-03-05T16:57:36.328+0100: 2,684: [GC (CMS Final Remark) [YG occupancy: 13347 K (109248 K)]{Heap before GC invocations=4 (full 1):
 par new generation   total 109248K, used 13347K [0x00000000e0000000, 0x00000000e8000000, 0x00000000e8000000)
  eden space 87424K,   2% used [0x00000000e0000000, 0x00000000e0218260, 0x00000000e5560000)
  from space 21824K,  51% used [0x00000000e5560000, 0x00000000e60509e0, 0x00000000e6ab0000)
  to   space 21824K,   0% used [0x00000000e6ab0000, 0x00000000e6ab0000, 0x00000000e8000000)
 concurrent mark-sweep generation total 393216K, used 0K [0x00000000e8000000, 0x0000000100000000, 0x0000000100000000)
 Metaspace       used 21261K, capacity 21638K, committed 21884K, reserved 1069056K
  class space    used 2447K, capacity 2604K, committed 2684K, reserved 1048576K
2017-03-05T16:57:36.328+0100: 2,684: [GC (CMS Final Remark) 2017-03-05T16:57:36.328+0100: 2,684: [ParNew
Desired survivor size 20112992 bytes, new threshold 8 (max 8)
- age   1:     487160 bytes,     487160 total
- age   2:     673344 bytes,    1160504 total
- age   3:    1451288 bytes,    2611792 total
- age   4:     949280 bytes,    3561072 total
- age   5:    6532720 bytes,   10093792 total
: 13347K->16807K(109248K), 0,0100978 secs] 13347K->16807K(502464K), 0,0101468 secs] [Times: user=0,04 sys=0,00, real=0,01 secs] 
Heap after GC invocations=5 (full 1):
 par new generation   total 109248K, used 16807K [0x00000000e0000000, 0x00000000e8000000, 0x00000000e8000000)
  eden space 87424K,   0% used [0x00000000e0000000, 0x00000000e0000000, 0x00000000e5560000)
  from space 21824K,  77% used [0x00000000e6ab0000, 0x00000000e7b19f80, 0x00000000e8000000)
  to   space 21824K,   0% used [0x00000000e5560000, 0x00000000e5560000, 0x00000000e6ab0000)
 concurrent mark-sweep generation total 393216K, used 0K [0x00000000e8000000, 0x0000000100000000, 0x0000000100000000)
 Metaspace       used 21261K, capacity 21638K, committed 21884K, reserved 1069056K
  class space    used 2447K, capacity 2604K, committed 2684K, reserved 1048576K
}
2017-03-05T16:57:36.338+0100: 2,695: [Rescan (parallel) , 0,0055742 secs]2017-03-05T16:57:36.344+0100: 2,700: [weak refs processing, 0,0005763 secs]2017-03-05T16:57:36.344+0100: 2,701: [class unloading, 0,0028904 secs]2017-03-05T16:57:36.347+0100: 2,704: [scrub symbol table, 0,0024623 secs]2017-03-05T16:57:36.350+0100: 2,706: [scrub string table, 0,0003674 secs][1 CMS-remark: 0K(393216K)] 16807K(502464K), 0,0226886 secs] [Times: user=0,06 sys=0,00, real=0,03 secs] 
2017-03-05T16:57:36.350+0100: 2,707: Total time for which application threads were stopped: 0,0241247 seconds, Stopping threads took: 0,0013618 seconds
2017-03-05T16:57:36.351+0100: 2,707: [CMS-concurrent-sweep-start]
2017-03-05T16:57:36.351+0100: 2,707: [CMS-concurrent-sweep: 0,000/0,000 secs] [Times: user=0,00 sys=0,00, real=0,00 secs] 
2017-03-05T16:57:36.351+0100: 2,707: [CMS-concurrent-reset-start]
2017-03-05T16:57:36.353+0100: 2,709: [CMS-concurrent-reset: 0,002/0,002 secs] [Times: user=0,00 sys=0,00, real=0,00 secs] 
{Heap before GC invocations=5 (full 1):
 par new generation   total 109248K, used 104231K [0x00000000e0000000, 0x00000000e8000000, 0x00000000e8000000)
  eden space 87424K, 100% used [0x00000000e0000000, 0x00000000e5560000, 0x00000000e5560000)
  from space 21824K,  77% used [0x00000000e6ab0000, 0x00000000e7b19f80, 0x00000000e8000000)
  to   space 21824K,   0% used [0x00000000e5560000, 0x00000000e5560000, 0x00000000e6ab0000)
 concurrent mark-sweep generation total 393216K, used 0K [0x00000000e8000000, 0x0000000100000000, 0x0000000100000000)
 Metaspace       used 21400K, capacity 21810K, committed 21884K, reserved 1069056K
  class space    used 2468K, capacity 2638K, committed 2684K, reserved 1048576K
2017-03-05T16:57:36.440+0100: 2,797: [GC (Allocation Failure) 2017-03-05T16:57:36.440+0100: 2,797: [ParNew
Desired survivor size 20112992 bytes, new threshold 8 (max 8)
- age   1:    1110160 bytes,    1110160 total
- age   2:       1280 bytes,    1111440 total
- age   3:     181696 bytes,    1293136 total
- age   4:    1450880 bytes,    2744016 total
- age   5:     945152 bytes,    3689168 total
- age   6:    6532200 bytes,   10221368 total
: 104231K->11412K(109248K), 0,0111565 secs] 104231K->11412K(502464K), 0,0112537 secs] [Times: user=0,04 sys=0,00, real=0,01 secs] 
Heap after GC invocations=6 (full 1):
 par new generation   total 109248K, used 11412K [0x00000000e0000000, 0x00000000e8000000, 0x00000000e8000000)
  eden space 87424K,   0% used [0x00000000e0000000, 0x00000000e0000000, 0x00000000e5560000)
  from space 21824K,  52% used [0x00000000e5560000, 0x00000000e6085250, 0x00000000e6ab0000)
  to   space 21824K,   0% used [0x00000000e6ab0000, 0x00000000e6ab0000, 0x00000000e8000000)
 concurrent mark-sweep generation total 393216K, used 0K [0x00000000e8000000, 0x0000000100000000, 0x0000000100000000)
 Metaspace       used 21400K, capacity 21810K, committed 21884K, reserved 1069056K
  class space    used 2468K, capacity 2638K, committed 2684K, reserved 1048576K
}
2017-03-05T16:57:36.452+0100: 2,808: Total time for which application threads were stopped: 0,0115241 seconds, Stopping threads took: 0,0000870 seconds
2017-03-05T16:57:36.489+0100: 2,846: Total time for which application threads were stopped: 0,0003037 seconds, Stopping threads took: 0,0000174 seconds
2017-03-05T16:57:36.647+0100: 3,004: Total time for which application threads were stopped: 0,0005016 seconds, Stopping threads took: 0,0000224 seconds
2017-03-05T16:57:36.687+0100: 3,043: Total time for which application threads were stopped: 0,0021906 seconds, Stopping threads took: 0,0018409 seconds
2017-03-05T16:57:36.700+0100: 3,057: Total time for which application threads were stopped: 0,0003698 seconds, Stopping threads took: 0,0000287 seconds
{Heap before GC invocations=6 (full 1):
 par new generation   total 109248K, used 98836K [0x00000000e0000000, 0x00000000e8000000, 0x00000000e8000000)
  eden space 87424K, 100% used [0x00000000e0000000, 0x00000000e5560000, 0x00000000e5560000)
  from space 21824K,  52% used [0x00000000e5560000, 0x00000000e6085250, 0x00000000e6ab0000)
  to   space 21824K,   0% used [0x00000000e6ab0000, 0x00000000e6ab0000, 0x00000000e8000000)
 concurrent mark-sweep generation total 393216K, used 0K [0x00000000e8000000, 0x0000000100000000, 0x0000000100000000)
 Metaspace       used 24095K, capacity 24600K, committed 24828K, reserved 1071104K
  class space    used 2837K, capacity 3013K, committed 3068K, reserved 1048576K
2017-03-05T16:57:36.881+0100: 3,238: [GC (Allocation Failure) 2017-03-05T16:57:36.881+0100: 3,238: [ParNew
Desired survivor size 20112992 bytes, new threshold 8 (max 8)
- age   1:    5426024 bytes,    5426024 total
- age   2:     126168 bytes,    5552192 total
- age   3:       1280 bytes,    5553472 total
- age   4:     180304 bytes,    5733776 total
- age   5:     281288 bytes,    6015064 total
- age   6:     920792 bytes,    6935856 total
- age   7:    6523848 bytes,   13459704 total
: 98836K->17254K(109248K), 0,0144510 secs] 98836K->17254K(502464K), 0,0145257 secs] [Times: user=0,04 sys=0,00, real=0,01 secs] 
Heap after GC invocations=7 (full 1):
 par new generation   total 109248K, used 17254K [0x00000000e0000000, 0x00000000e8000000, 0x00000000e8000000)
  eden space 87424K,   0% used [0x00000000e0000000, 0x00000000e0000000, 0x00000000e5560000)
  from space 21824K,  79% used [0x00000000e6ab0000, 0x00000000e7b89bc0, 0x00000000e8000000)
  to   space 21824K,   0% used [0x00000000e5560000, 0x00000000e5560000, 0x00000000e6ab0000)
 concurrent mark-sweep generation total 393216K, used 0K [0x00000000e8000000, 0x0000000100000000, 0x0000000100000000)
 Metaspace       used 24095K, capacity 24600K, committed 24828K, reserved 1071104K
  class space    used 2837K, capacity 3013K, committed 3068K, reserved 1048576K
}
2017-03-05T16:57:36.896+0100: 3,252: Total time for which application threads were stopped: 0,0148069 seconds, Stopping threads took: 0,0000736 seconds
2017-03-05T16:57:37.008+0100: 3,364: Total time for which application threads were stopped: 0,0023611 seconds, Stopping threads took: 0,0022002 seconds
{Heap before GC invocations=7 (full 1):
 par new generation   total 109248K, used 104680K [0x00000000e0000000, 0x00000000e8000000, 0x00000000e8000000)
  eden space 87424K, 100% used [0x00000000e0000000, 0x00000000e5560000, 0x00000000e5560000)
  from space 21824K,  79% used [0x00000000e6ab0000, 0x00000000e7b8a3d0, 0x00000000e8000000)
  to   space 21824K,   0% used [0x00000000e5560000, 0x00000000e5560000, 0x00000000e6ab0000)
 concurrent mark-sweep generation total 393216K, used 0K [0x00000000e8000000, 0x0000000100000000, 0x0000000100000000)
 Metaspace       used 24611K, capacity 25054K, committed 25212K, reserved 1071104K
  class space    used 2879K, capacity 3078K, committed 3196K, reserved 1048576K
2017-03-05T16:57:37.010+0100: 3,367: [GC (Allocation Failure) 2017-03-05T16:57:37.011+0100: 3,367: [ParNew
Desired survivor size 20112992 bytes, new threshold 8 (max 8)
- age   1:    2156096 bytes,    2156096 total
- age   2:    1756088 bytes,    3912184 total
- age   3:      73520 bytes,    3985704 total
- age   4:       1280 bytes,    3986984 total
- age   5:     102248 bytes,    4089232 total
- age   6:     191576 bytes,    4280808 total
- age   7:     868032 bytes,    5148840 total
- age   8:    5990832 bytes,   11139672 total
: 104680K->14171K(109248K), 0,0161283 secs] 104680K->14171K(502464K), 0,0162060 secs] [Times: user=0,05 sys=0,00, real=0,01 secs] 
Heap after GC invocations=8 (full 1):
 par new generation   total 109248K, used 14171K [0x00000000e0000000, 0x00000000e8000000, 0x00000000e8000000)
  eden space 87424K,   0% used [0x00000000e0000000, 0x00000000e0000000, 0x00000000e5560000)
  from space 21824K,  64% used [0x00000000e5560000, 0x00000000e6336f80, 0x00000000e6ab0000)
  to   space 21824K,   0% used [0x00000000e6ab0000, 0x00000000e6ab0000, 0x00000000e8000000)
 concurrent mark-sweep generation total 393216K, used 0K [0x00000000e8000000, 0x0000000100000000, 0x0000000100000000)
 Metaspace       used 24611K, capacity 25054K, committed 25212K, reserved 1071104K
  class space    used 2879K, capacity 3078K, committed 3196K, reserved 1048576K
}
2017-03-05T16:57:37.027+0100: 3,383: Total time for which application threads were stopped: 0,0188629 seconds, Stopping threads took: 0,0024822 seconds
{Heap before GC invocations=8 (full 1):
 par new generation   total 109248K, used 16553K [0x00000000e0000000, 0x00000000e8000000, 0x00000000e8000000)
  eden space 87424K,   2% used [0x00000000e0000000, 0x00000000e0253748, 0x00000000e5560000)
  from space 21824K,  64% used [0x00000000e5560000, 0x00000000e6336f80, 0x00000000e6ab0000)
  to   space 21824K,   0% used [0x00000000e6ab0000, 0x00000000e6ab0000, 0x00000000e8000000)
 concurrent mark-sweep generation total 393216K, used 0K [0x00000000e8000000, 0x0000000100000000, 0x0000000100000000)
 Metaspace       used 24612K, capacity 25054K, committed 25212K, reserved 1071104K
  class space    used 2879K, capacity 3078K, committed 3196K, reserved 1048576K
2017-03-05T16:57:37.035+0100: 3,392: [GC (GCLocker Initiated GC) 2017-03-05T16:57:37.035+0100: 3,392: [ParNew
Desired survivor size 20112992 bytes, new threshold 8 (max 8)
- age   1:     478208 bytes,     478208 total
- age   2:    1223192 bytes,    1701400 total
- age   3:    1733768 bytes,    3435168 total
- age   4:      73520 bytes,    3508688 total
- age   5:       1280 bytes,    3509968 total
- age   6:     102248 bytes,    3612216 total
- age   7:     191576 bytes,    3803792 total
- age   8:     868032 bytes,    4671824 total
: 16553K->7312K(109248K), 0,0265499 secs] 16553K->13245K(502464K), 0,0266331 secs] [Times: user=0,09 sys=0,00, real=0,03 secs] 
Heap after GC invocations=9 (full 1):
 par new generation   total 109248K, used 7312K [0x00000000e0000000, 0x00000000e8000000, 0x00000000e8000000)
  eden space 87424K,   0% used [0x00000000e0000000, 0x00000000e0000000, 0x00000000e5560000)
  from space 21824K,  33% used [0x00000000e6ab0000, 0x00000000e71d42c8, 0x00000000e8000000)
  to   space 21824K,   0% used [0x00000000e5560000, 0x00000000e5560000, 0x00000000e6ab0000)
 concurrent mark-sweep generation total 393216K, used 5932K [0x00000000e8000000, 0x0000000100000000, 0x0000000100000000)
 Metaspace       used 24612K, capacity 25054K, committed 25212K, reserved 1071104K
  class space    used 2879K, capacity 3078K, committed 3196K, reserved 1048576K
}
2017-03-05T16:57:37.062+0100: 3,418: Total time for which application threads were stopped: 0,0276220 seconds, Stopping threads took: 0,0008304 seconds
{Heap before GC invocations=9 (full 1):
 par new generation   total 109248K, used 94736K [0x00000000e0000000, 0x00000000e8000000, 0x00000000e8000000)
  eden space 87424K, 100% used [0x00000000e0000000, 0x00000000e5560000, 0x00000000e5560000)
  from space 21824K,  33% used [0x00000000e6ab0000, 0x00000000e71d42c8, 0x00000000e8000000)
  to   space 21824K,   0% used [0x00000000e5560000, 0x00000000e5560000, 0x00000000e6ab0000)
 concurrent mark-sweep generation total 393216K, used 5932K [0x00000000e8000000, 0x0000000100000000, 0x0000000100000000)
 Metaspace       used 25026K, capacity 25528K, committed 25724K, reserved 1071104K
  class space    used 2910K, capacity 3083K, committed 3196K, reserved 1048576K
2017-03-05T16:57:37.161+0100: 3,518: [GC (Allocation Failure) 2017-03-05T16:57:37.161+0100: 3,518: [ParNew
Desired survivor size 20112992 bytes, new threshold 8 (max 8)
- age   1:    1250872 bytes,    1250872 total
- age   2:       2712 bytes,    1253584 total
- age   3:     637056 bytes,    1890640 total
- age   4:    1732960 bytes,    3623600 total
- age   5:      71104 bytes,    3694704 total
- age   6:       1280 bytes,    3695984 total
- age   7:     102080 bytes,    3798064 total
- age   8:     191056 bytes,    3989120 total
: 94736K->5206K(109248K), 0,0092657 secs] 100669K->11999K(502464K), 0,0093406 secs] [Times: user=0,02 sys=0,00, real=0,01 secs] 
Heap after GC invocations=10 (full 1):
 par new generation   total 109248K, used 5206K [0x00000000e0000000, 0x00000000e8000000, 0x00000000e8000000)
  eden space 87424K,   0% used [0x00000000e0000000, 0x00000000e0000000, 0x00000000e5560000)
  from space 21824K,  23% used [0x00000000e5560000, 0x00000000e5a75900, 0x00000000e6ab0000)
  to   space 21824K,   0% used [0x00000000e6ab0000, 0x00000000e6ab0000, 0x00000000e8000000)
 concurrent mark-sweep generation total 393216K, used 6792K [0x00000000e8000000, 0x0000000100000000, 0x0000000100000000)
 Metaspace       used 25026K, capacity 25528K, committed 25724K, reserved 1071104K
  class space    used 2910K, capacity 3083K, committed 3196K, reserved 1048576K
}
2017-03-05T16:57:37.171+0100: 3,527: Total time for which application threads were stopped: 0,0102659 seconds, Stopping threads took: 0,0007321 seconds
2017-03-05T16:57:37.472+0100: 3,828: Total time for which application threads were stopped: 0,0006008 seconds, Stopping threads took: 0,0000630 seconds
2017-03-05T16:57:37.488+0100: 3,844: Total time for which application threads were stopped: 0,0004575 seconds, Stopping threads took: 0,0000451 seconds
2017-03-05T16:57:37.546+0100: 3,902: Total time for which application threads were stopped: 0,0004325 seconds, Stopping threads took: 0,0000257 seconds
2017-03-05T16:57:37.675+0100: 4,031: Total time for which application threads were stopped: 0,0004626 seconds, Stopping threads took: 0,0000202 seconds
2017-03-05T16:57:37.705+0100: 4,062: Total time for which application threads were stopped: 0,0003170 seconds, Stopping threads took: 0,0000165 seconds
2017-03-05T16:57:39.706+0100: 6,062: Total time for which application threads were stopped: 0,0000668 seconds, Stopping threads took: 0,0000164 seconds
2017-03-05T16:57:55.708+0100: 22,064: Total time for which application threads were stopped: 0,0000840 seconds, Stopping threads took: 0,0000336 seconds
2017-03-05T16:58:05.709+0100: 32,066: Total time for which application threads were stopped: 0,0000713 seconds, Stopping threads took: 0,0000163 seconds
2017-03-05T16:58:44.714+0100: 71,070: Total time for which application threads were stopped: 0,0000750 seconds, Stopping threads took: 0,0000193 seconds
2017-03-05T16:58:59.716+0100: 86,073: Total time for which application threads were stopped: 0,0001748 seconds, Stopping threads took: 0,0000638 seconds
2017-03-05T16:59:00.716+0100: 87,073: Total time for which application threads were stopped: 0,0000711 seconds, Stopping threads took: 0,0000185 seconds
2017-03-05T16:59:04.717+0100: 91,073: Total time for which application threads were stopped: 0,0000757 seconds, Stopping threads took: 0,0000194 seconds
2017-03-05T16:59:05.717+0100: 92,074: Total time for which application threads were stopped: 0,0001016 seconds, Stopping threads took: 0,0000236 seconds
2017-03-05T16:59:30.720+0100: 117,076: Total time for which application threads were stopped: 0,0000942 seconds, Stopping threads took: 0,0000381 seconds
2017-03-05T16:59:35.720+0100: 122,077: Total time for which application threads were stopped: 0,0000803 seconds, Stopping threads took: 0,0000179 seconds
2017-03-05T16:59:49.722+0100: 136,079: Total time for which application threads were stopped: 0,0001173 seconds, Stopping threads took: 0,0000572 seconds
2017-03-05T16:59:54.723+0100: 141,079: Total time for which application threads were stopped: 0,0000682 seconds, Stopping threads took: 0,0000157 seconds
2017-03-05T17:02:10.743+0100: 277,100: Total time for which application threads were stopped: 0,0002290 seconds, Stopping threads took: 0,0000762 seconds
2017-03-05T17:21:04.878+0100: 1411,234: Total time for which application threads were stopped: 0,0000818 seconds, Stopping threads took: 0,0000320 seconds
2017-03-05T17:25:49.907+0100: 1696,263: Total time for which application threads were stopped: 0,0001769 seconds, Stopping threads took: 0,0000605 seconds
2017-03-05T17:33:35.971+0100: 2162,327: Total time for which application threads were stopped: 0,0001016 seconds, Stopping threads took: 0,0000397 seconds
2017-03-05T17:36