OpenJDK 64-Bit Server VM (25.111-b14) for linux-amd64 JRE (1.8.0_111-8u111-b14-2ubuntu0.16.04.2-b14), built on Oct 27 2016 18:10:19 by "buildd" with gcc 5.4.0 20160609
Memory: 4k page, physical 7867804k(7513160k free), swap 8076284k(8076284k free)
CommandLine flags: -XX:CMSInitiatingOccupancyFraction=50 -XX:CMSMaxAbortablePrecleanTime=6000 -XX:+CMSParallelRemarkEnabled -XX:+CMSScavengeBeforeRemark -XX:ConcGCThreads=4 -XX:InitialHeapSize=536870912 -XX:MaxHeapSize=536870912 -XX:MaxTenuringThreshold=8 -XX:NewRatio=3 -XX:OldPLABSize=16 -XX:OnOutOfMemoryError=/opt/solr/bin/oom_solr.sh 8983 /var/solr/logs -XX:ParallelGCThreads=4 -XX:+ParallelRefProcEnabled -XX:PretenureSizeThreshold=67108864 -XX:+PrintGC -XX:+PrintGCApplicationStoppedTime -XX:+PrintGCDateStamps -XX:+PrintGCDetails -XX:+PrintGCTimeStamps -XX:+PrintHeapAtGC -XX:+PrintTenuringDistribution -XX:SurvivorRatio=4 -XX:TargetSurvivorRatio=90 -XX:ThreadStackSize=256 -XX:+UseCMSInitiatingOccupancyOnly -XX:+UseCompressedClassPointers -XX:+UseCompressedOops -XX:+UseConcMarkSweepGC -XX:+UseParNewGC 
2016-12-26T23:28:01.438+0100: 0,140: Total time for which application threads were stopped: 0,0000848 seconds, Stopping threads took: 0,0000142 seconds
2016-12-26T23:28:01.534+0100: 0,236: Total time for which application threads were stopped: 0,0006169 seconds, Stopping threads took: 0,0005280 seconds
2016-12-26T23:28:01.548+0100: 0,249: Total time for which application threads were stopped: 0,0001023 seconds, Stopping threads took: 0,0000097 seconds
2016-12-26T23:28:01.761+0100: 0,463: Total time for which application threads were stopped: 0,0001613 seconds, Stopping threads took: 0,0000261 seconds
2016-12-26T23:28:02.248+0100: 0,950: Total time for which application threads were stopped: 0,0002868 seconds, Stopping threads took: 0,0000259 seconds
2016-12-26T23:28:02.320+0100: 1,021: Total time for which application threads were stopped: 0,0001376 seconds, Stopping threads took: 0,0000180 seconds
2016-12-26T23:28:02.339+0100: 1,041: Total time for which application threads were stopped: 0,0001681 seconds, Stopping threads took: 0,0000266 seconds
2016-12-26T23:28:02.602+0100: 1,303: Total time for which application threads were stopped: 0,0001678 seconds, Stopping threads took: 0,0000126 seconds
2016-12-26T23:28:02.806+0100: 1,508: Total time for which application threads were stopped: 0,0002936 seconds, Stopping threads took: 0,0000243 seconds
2016-12-26T23:28:02.832+0100: 1,533: Total time for which application threads were stopped: 0,0002378 seconds, Stopping threads took: 0,0000300 seconds
2016-12-26T23:28:02.832+0100: 1,534: Total time for which application threads were stopped: 0,0001574 seconds, Stopping threads took: 0,0000190 seconds
2016-12-26T23:28:02.845+0100: 1,547: Total time for which application threads were stopped: 0,0003936 seconds, Stopping threads took: 0,0000535 seconds
2016-12-26T23:28:02.950+0100: 1,652: Total time for which application threads were stopped: 0,0002465 seconds, Stopping threads took: 0,0000350 seconds
2016-12-26T23:28:03.096+0100: 1,798: Total time for which application threads were stopped: 0,0003321 seconds, Stopping threads took: 0,0001375 seconds
{Heap before GC invocations=0 (full 0):
 par new generation   total 109248K, used 87424K [0x00000000e0000000, 0x00000000e8000000, 0x00000000e8000000)
  eden space 87424K, 100% used [0x00000000e0000000, 0x00000000e5560000, 0x00000000e5560000)
  from space 21824K,   0% used [0x00000000e5560000, 0x00000000e5560000, 0x00000000e6ab0000)
  to   space 21824K,   0% used [0x00000000e6ab0000, 0x00000000e6ab0000, 0x00000000e8000000)
 concurrent mark-sweep generation total 393216K, used 0K [0x00000000e8000000, 0x0000000100000000, 0x0000000100000000)
 Metaspace       used 17945K, capacity 18238K, committed 18304K, reserved 1064960K
  class space    used 2044K, capacity 2162K, committed 2176K, reserved 1048576K
2016-12-26T23:28:03.186+0100: 1,888: [GC (Allocation Failure) 2016-12-26T23:28:03.186+0100: 1,888: [ParNew
Desired survivor size 20112992 bytes, new threshold 8 (max 8)
- age   1:   12036832 bytes,   12036832 total
: 87424K->11861K(109248K), 0,0171515 secs] 87424K->11861K(502464K), 0,0172356 secs] [Times: user=0,04 sys=0,03, real=0,02 secs] 
Heap after GC invocations=1 (full 0):
 par new generation   total 109248K, used 11861K [0x00000000e0000000, 0x00000000e8000000, 0x00000000e8000000)
  eden space 87424K,   0% used [0x00000000e0000000, 0x00000000e0000000, 0x00000000e5560000)
  from space 21824K,  54% used [0x00000000e6ab0000, 0x00000000e7645498, 0x00000000e8000000)
  to   space 21824K,   0% used [0x00000000e5560000, 0x00000000e5560000, 0x00000000e6ab0000)
 concurrent mark-sweep generation total 393216K, used 0K [0x00000000e8000000, 0x0000000100000000, 0x0000000100000000)
 Metaspace       used 17945K, capacity 18238K, committed 18304K, reserved 1064960K
  class space    used 2044K, capacity 2162K, committed 2176K, reserved 1048576K
}
2016-12-26T23:28:03.204+0100: 1,905: Total time for which application threads were stopped: 0,0174115 seconds, Stopping threads took: 0,0000194 seconds
2016-12-26T23:28:03.358+0100: 2,060: Total time for which application threads were stopped: 0,0002735 seconds, Stopping threads took: 0,0000215 seconds
2016-12-26T23:28:03.386+0100: 2,088: Total time for which application threads were stopped: 0,0002812 seconds, Stopping threads took: 0,0000256 seconds
2016-12-26T23:28:03.414+0100: 2,115: Total time for which application threads were stopped: 0,0002975 seconds, Stopping threads took: 0,0000379 seconds
{Heap before GC invocations=1 (full 0):
 par new generation   total 109248K, used 99285K [0x00000000e0000000, 0x00000000e8000000, 0x00000000e8000000)
  eden space 87424K, 100% used [0x00000000e0000000, 0x00000000e5560000, 0x00000000e5560000)
  from space 21824K,  54% used [0x00000000e6ab0000, 0x00000000e7645498, 0x00000000e8000000)
  to   space 21824K,   0% used [0x00000000e5560000, 0x00000000e5560000, 0x00000000e6ab0000)
 concurrent mark-sweep generation total 393216K, used 0K [0x00000000e8000000, 0x0000000100000000, 0x0000000100000000)
 Metaspace       used 20705K, capacity 21016K, committed 21248K, reserved 1069056K
  class space    used 2403K, capacity 2518K, committed 2560K, reserved 1048576K
2016-12-26T23:28:03.572+0100: 2,274: [GC (Allocation Failure) 2016-12-26T23:28:03.572+0100: 2,274: [ParNew
Desired survivor size 20112992 bytes, new threshold 8 (max 8)
- age   1:    3671448 bytes,    3671448 total
- age   2:    6069152 bytes,    9740600 total
: 99285K->12875K(109248K), 0,0162572 secs] 99285K->12875K(502464K), 0,0163489 secs] [Times: user=0,06 sys=0,00, real=0,01 secs] 
Heap after GC invocations=2 (full 0):
 par new generation   total 109248K, used 12875K [0x00000000e0000000, 0x00000000e8000000, 0x00000000e8000000)
  eden space 87424K,   0% used [0x00000000e0000000, 0x00000000e0000000, 0x00000000e5560000)
  from space 21824K,  58% used [0x00000000e5560000, 0x00000000e61f2ef0, 0x00000000e6ab0000)
  to   space 21824K,   0% used [0x00000000e6ab0000, 0x00000000e6ab0000, 0x00000000e8000000)
 concurrent mark-sweep generation total 393216K, used 0K [0x00000000e8000000, 0x0000000100000000, 0x0000000100000000)
 Metaspace       used 20705K, capacity 21016K, committed 21248K, reserved 1069056K
  class space    used 2403K, capacity 2518K, committed 2560K, reserved 1048576K
}
2016-12-26T23:28:03.589+0100: 2,290: Total time for which application threads were stopped: 0,0166272 seconds, Stopping threads took: 0,0000527 seconds
2016-12-26T23:28:03.657+0100: 2,359: Total time for which application threads were stopped: 0,0000826 seconds, Stopping threads took: 0,0000165 seconds
2016-12-26T23:28:03.690+0100: 2,392: Total time for which application threads were stopped: 0,0000794 seconds, Stopping threads took: 0,0000132 seconds
2016-12-26T23:28:03.691+0100: 2,393: Total time for which application threads were stopped: 0,0002484 seconds, Stopping threads took: 0,0000121 seconds
2016-12-26T23:28:03.717+0100: 2,419: Total time for which application threads were stopped: 0,0000711 seconds, Stopping threads took: 0,0000133 seconds
2016-12-26T23:28:03.796+0100: 2,498: Total time for which application threads were stopped: 0,0001550 seconds, Stopping threads took: 0,0000236 seconds
2016-12-26T23:28:03.816+0100: 2,518: Total time for which application threads were stopped: 0,0001027 seconds, Stopping threads took: 0,0000217 seconds
2016-12-26T23:28:03.824+0100: 2,525: Total time for which application threads were stopped: 0,0002851 seconds, Stopping threads took: 0,0000206 seconds
2016-12-26T23:28:03.831+0100: 2,532: Total time for which application threads were stopped: 0,0003461 seconds, Stopping threads took: 0,0000297 seconds
2016-12-26T23:28:03.841+0100: 2,542: Total time for which application threads were stopped: 0,0001424 seconds, Stopping threads took: 0,0000797 seconds
2016-12-26T23:28:03.869+0100: 2,571: Total time for which application threads were stopped: 0,0000954 seconds, Stopping threads took: 0,0000240 seconds
2016-12-26T23:28:03.887+0100: 2,588: Total time for which application threads were stopped: 0,0001304 seconds, Stopping threads took: 0,0000177 seconds
2016-12-26T23:28:03.905+0100: 2,606: Total time for which application threads were stopped: 0,0000737 seconds, Stopping threads took: 0,0000131 seconds
2016-12-26T23:28:03.925+0100: 2,626: Total time for which application threads were stopped: 0,0000897 seconds, Stopping threads took: 0,0000254 seconds
2016-12-26T23:28:03.963+0100: 2,664: Total time for which application threads were stopped: 0,0032059 seconds, Stopping threads took: 0,0030964 seconds
2016-12-26T23:28:04.028+0100: 2,730: Total time for which application threads were stopped: 0,0001133 seconds, Stopping threads took: 0,0000284 seconds
2016-12-26T23:28:04.066+0100: 2,768: Total time for which application threads were stopped: 0,0001966 seconds, Stopping threads took: 0,0000694 seconds
2016-12-26T23:28:04.067+0100: 2,768: Total time for which application threads were stopped: 0,0004356 seconds, Stopping threads took: 0,0000353 seconds
{Heap before GC invocations=2 (full 0):
 par new generation   total 109248K, used 100299K [0x00000000e0000000, 0x00000000e8000000, 0x00000000e8000000)
  eden space 87424K, 100% used [0x00000000e0000000, 0x00000000e5560000, 0x00000000e5560000)
  from space 21824K,  58% used [0x00000000e5560000, 0x00000000e61f2ef0, 0x00000000e6ab0000)
  to   space 21824K,   0% used [0x00000000e6ab0000, 0x00000000e6ab0000, 0x00000000e8000000)
 concurrent mark-sweep generation total 393216K, used 0K [0x00000000e8000000, 0x0000000100000000, 0x0000000100000000)
 Metaspace       used 24819K, capacity 25221K, committed 25536K, reserved 1071104K
  class space    used 2894K, capacity 3025K, committed 3092K, reserved 1048576K
2016-12-26T23:28:04.076+0100: 2,778: [GC (Allocation Failure) 2016-12-26T23:28:04.077+0100: 2,778: [ParNew
Desired survivor size 20112992 bytes, new threshold 8 (max 8)
- age   1:    4851480 bytes,    4851480 total
- age   2:     583008 bytes,    5434488 total
- age   3:    6042456 bytes,   11476944 total
: 100299K->13515K(109248K), 0,0093684 secs] 100299K->13515K(502464K), 0,0094155 secs] [Times: user=0,03 sys=0,00, real=0,01 secs] 
Heap after GC invocations=3 (full 0):
 par new generation   total 109248K, used 13515K [0x00000000e0000000, 0x00000000e8000000, 0x00000000e8000000)
  eden space 87424K,   0% used [0x00000000e0000000, 0x00000000e0000000, 0x00000000e5560000)
  from space 21824K,  61% used [0x00000000e6ab0000, 0x00000000e77e2e80, 0x00000000e8000000)
  to   space 21824K,   0% used [0x00000000e5560000, 0x00000000e5560000, 0x00000000e6ab0000)
 concurrent mark-sweep generation total 393216K, used 0K [0x00000000e8000000, 0x0000000100000000, 0x0000000100000000)
 Metaspace       used 24819K, capacity 25221K, committed 25536K, reserved 1071104K
  class space    used 2894K, capacity 3025K, committed 3092K, reserved 1048576K
}
2016-12-26T23:28:04.086+0100: 2,788: Total time for which application threads were stopped: 0,0096081 seconds, Stopping threads took: 0,0000410 seconds
2016-12-26T23:28:04.086+0100: 2,788: [GC (CMS Initial Mark) [1 CMS-initial-mark: 0K(393216K)] 13771K(502464K), 0,0046278 secs] [Times: user=0,01 sys=0,00, real=0,01 secs] 
2016-12-26T23:28:04.091+0100: 2,792: Total time for which application threads were stopped: 0,0047825 seconds, Stopping threads took: 0,0000487 seconds
2016-12-26T23:28:04.091+0100: 2,792: [CMS-concurrent-mark-start]
2016-12-26T23:28:04.091+0100: 2,793: [CMS-concurrent-mark: 0,000/0,000 secs] [Times: user=0,00 sys=0,00, real=0,00 secs] 
2016-12-26T23:28:04.091+0100: 2,793: [CMS-concurrent-preclean-start]
2016-12-26T23:28:04.092+0100: 2,794: [CMS-concurrent-preclean: 0,001/0,001 secs] [Times: user=0,00 sys=0,00, real=0,00 secs] 
2016-12-26T23:28:04.092+0100: 2,794: [GC (CMS Final Remark) [YG occupancy: 13771 K (109248 K)]{Heap before GC invocations=3 (full 1):
 par new generation   total 109248K, used 13771K [0x00000000e0000000, 0x00000000e8000000, 0x00000000e8000000)
  eden space 87424K,   0% used [0x00000000e0000000, 0x00000000e0040010, 0x00000000e5560000)
  from space 21824K,  61% used [0x00000000e6ab0000, 0x00000000e77e2e80, 0x00000000e8000000)
  to   space 21824K,   0% used [0x00000000e5560000, 0x00000000e5560000, 0x00000000e6ab0000)
 concurrent mark-sweep generation total 393216K, used 0K [0x00000000e8000000, 0x0000000100000000, 0x0000000100000000)
 Metaspace       used 24819K, capacity 25221K, committed 25536K, reserved 1071104K
  class space    used 2894K, capacity 3025K, committed 3092K, reserved 1048576K
2016-12-26T23:28:04.092+0100: 2,794: [GC (CMS Final Remark) 2016-12-26T23:28:04.092+0100: 2,794: [ParNew
Desired survivor size 20112992 bytes, new threshold 8 (max 8)
- age   1:     262160 bytes,     262160 total
- age   2:    4851296 bytes,    5113456 total
- age   3:     583008 bytes,    5696464 total
- age   4:    6041648 bytes,   11738112 total
: 13771K->17074K(109248K), 0,0102331 secs] 13771K->17074K(502464K), 0,0102846 secs] [Times: user=0,03 sys=0,01, real=0,01 secs] 
Heap after GC invocations=4 (full 1):
 par new generation   total 109248K, used 17074K [0x00000000e0000000, 0x00000000e8000000, 0x00000000e8000000)
  eden space 87424K,   0% used [0x00000000e0000000, 0x00000000e0000000, 0x00000000e5560000)
  from space 21824K,  78% used [0x00000000e5560000, 0x00000000e660c940, 0x00000000e6ab0000)
  to   space 21824K,   0% used [0x00000000e6ab0000, 0x00000000e6ab0000, 0x00000000e8000000)
 concurrent mark-sweep generation total 393216K, used 0K [0x00000000e8000000, 0x0000000100000000, 0x0000000100000000)
 Metaspace       used 24819K, capacity 25221K, committed 25536K, reserved 1071104K
  class space    used 2894K, capacity 3025K, committed 3092K, reserved 1048576K
}
2016-12-26T23:28:04.103+0100: 2,804: [Rescan (parallel) , 0,0031663 secs]2016-12-26T23:28:04.106+0100: 2,807: [weak refs processing, 0,0005184 secs]2016-12-26T23:28:04.106+0100: 2,808: [class unloading, 0,0031975 secs]2016-12-26T23:28:04.110+0100: 2,811: [scrub symbol table, 0,0034041 secs]2016-12-26T23:28:04.113+0100: 2,815: [scrub string table, 0,0004135 secs][1 CMS-remark: 0K(393216K)] 17074K(502464K), 0,0216865 secs] [Times: user=0,05 sys=0,01, real=0,02 secs] 
2016-12-26T23:28:04.114+0100: 2,816: Total time for which application threads were stopped: 0,0217791 seconds, Stopping threads took: 0,0000228 seconds
2016-12-26T23:28:04.114+0100: 2,816: [CMS-concurrent-sweep-start]
2016-12-26T23:28:04.114+0100: 2,816: [CMS-concurrent-sweep: 0,000/0,000 secs] [Times: user=0,00 sys=0,00, real=0,00 secs] 
2016-12-26T23:28:04.114+0100: 2,816: [CMS-concurrent-reset-start]
2016-12-26T23:28:04.115+0100: 2,817: [CMS-concurrent-reset: 0,001/0,001 secs] [Times: user=0,00 sys=0,00, real=0,00 secs] 
2016-12-26T23:28:04.191+0100: 2,892: Total time for which application threads were stopped: 0,0004375 seconds, Stopping threads took: 0,0000303 seconds
2016-12-26T23:28:04.209+0100: 2,910: Total time for which application threads were stopped: 0,0004531 seconds, Stopping threads took: 0,0000278 seconds
2016-12-26T23:28:05.209+0100: 3,911: Total time for which application threads were stopped: 0,0000864 seconds, Stopping threads took: 0,0000161 seconds
2016-12-26T23:28:05.356+0100: 4,058: Total time for which application threads were stopped: 0,0002724 seconds, Stopping threads took: 0,0000144 seconds
2016-12-26T23:28:33.360+0100: 32,062: Total time for which application threads were stopped: 0,0000609 seconds, Stopping threads took: 0,0000155 seconds
2016-12-26T23:30:43.387+0100: 162,089: Total time for which application threads were stopped: 0,0003129 seconds, Stopping threads took: 0,0001029 seconds
2016-12-26T23:30:48.388+0100: 167,089: Total time for which application threads were stopped: 0,0000572 seconds, Stopping threads took: 0,0000154 seconds
2016-12-26T23:30:52.388+0100: 171,090: Total time for which application threads were stopped: 0,0000600 seconds, Stopping threads took: 0,0000168 seconds
2016-12-26T23:30:58.389+0100: 177,091: Total time for which application threads were stopped: 0,0000851 seconds, Stopping threads took: 0,0000376 seconds
2016-12-26T23:31:02.390+0100: 181,091: Total time for which application threads were stopped: 0,0000726 seconds, Stopping threads took: 0,0000196 seconds
2016-12-26T23:31:43.395+0100: 222,096: Total time for which application threads were stopped: 0,0001137 seconds, Stopping threads took: 0,0000516 seconds
2016-12-26T23:32:27.400+0100: 266,102: Total time for which application threads were stopped: 0,0000831 seconds, Stopping threads took: 0,0000344 seconds
2016-12-26T23:32:32.401+0100: 271,102: Total time for which application threads were stopped: 0,0000764 seconds, Stopping threads took: 0,0000143 seconds
2016-12-26T23:32:48.403+0100: 287,105: Total time for which application threads were stopped: 0,0005016 seconds, Stopping threads took: 0,0001175 seconds
2016-12-26T23:38:48.454+0100: 647,156: Total time for which application threads were stopped: 0,0000923 seconds, Stopping threads took: 0,0000382 seconds
2016-12-26T23:38:58.455+0100: 657,157: Total time for which application threads were stopped: 0,0000651 seconds, Stopping threads took: 0,0000168 seconds
2016-12-26T23:39:03.456+0100: 662,158: Total time for which application threads were stopped: 0,0000806 seconds, Stopping threads took: 0,0000317 seconds
2016-12-26T23:39:08.457+0100: 667,159: Total time for which application threads were stopped: 0,0001387 seconds, Stopping threads took: 0,0000343 seconds
2016-12-26T23:51:52.551+0100: 1431,253: Total time for which application threads were stopped: 0,0006153 seconds, Stopping threads took: 0,0002250 seconds
2016-12-26T23:55:58.577+0100: 1677,278: Total time for which application threads were stopped: 0,0000801 seconds, Stopping threads took: 0,0000305 seconds
2016-12-26T23:56:47.582+0100: 1726,284: Total time for which application threads were stopped: 0,0006315 seconds, Stopping threads took: 0,0002067 seconds
2016-12-27T00:07:07.649+0100: 2346,351: Total time for which application threads were stopped: 0,0000699 seconds, Stopping threads took: 0,0000275 seconds
2016-12-27T00:07:08.650+0100: 2347,351: Total time for which application threads were stopped: 0,0000717 seconds, Stopping threads took: 0,0000276 seconds
2016-12-27T00:25:43.765+0100: 3462,467: Total time for which application threads were stopped: 0,0000897 seconds, Stopping threads took: 0,0000331 seconds
2016-12-27T00:31:42.801+0100: 3821,502: Total time for which application threads were stopped: 0,0000828 seconds, Stopping threads took: 0,0000272 seconds
2016-12-27T00:35:02.824+0100: 4021,525: Total time for which application threads were stopped: 0,0001004 seconds, Stopping threads took: 0,0000409 seconds
2016-12-27T00:59:51.326+0100: 5510,027: Total time for which application threads were stopped: 0,0001405 seconds, Stopping threads took: 0,0000315 seconds
Heap
 par new generation   total 109248K, used 62003K [0x00000000e0000000, 0x00000000e8000000, 0x00000000e8000000)
  eden space 87424K,  51% used [0x00000000e0000000, 0x00000000e2be0620, 0x00000000e5560000)
  from space 21824K,  78% used [0x00000000e5560000, 0x00000000e660c940, 0x00000000e6ab0000)
  to   space 21824K,   0% used [0x00000000e6ab0000, 0x00000000e6ab0000, 0x00000000e8000000)
 concurrent mark-sweep generation total 393216K, used 0K [0x00000000e8000000, 0x0000000100000000, 0x0000000100000000)
 Metaspace       used 27252K, capacity 27729K, committed 27924K, reserved 1073152K
  class space    used 3167K, capacity 3321K, committed 3348K, reserved 1048576K
