OpenJDK 64-Bit Server VM (25.121-b13) for linux-amd64 JRE (1.8.0_121-8u121-b13-0ubuntu1.16.04.2-b13), built on Jan 23 2017 15:51:29 by "buildd" with gcc 5.4.0 20160609
Memory: 4k page, physical 7867760k(7501636k free), swap 8076284k(8076284k free)
CommandLine flags: -XX:CMSInitiatingOccupancyFraction=50 -XX:CMSMaxAbortablePrecleanTime=6000 -XX:+CMSParallelRemarkEnabled -XX:+CMSScavengeBeforeRemark -XX:ConcGCThreads=4 -XX:InitialHeapSize=536870912 -XX:MaxHeapSize=536870912 -XX:MaxTenuringThreshold=8 -XX:NewRatio=3 -XX:OldPLABSize=16 -XX:OnOutOfMemoryError=/opt/solr/bin/oom_solr.sh 8983 /var/solr/logs -XX:ParallelGCThreads=4 -XX:+ParallelRefProcEnabled -XX:PretenureSizeThreshold=67108864 -XX:+PrintGC -XX:+PrintGCApplicationStoppedTime -XX:+PrintGCDateStamps -XX:+PrintGCDetails -XX:+PrintGCTimeStamps -XX:+PrintHeapAtGC -XX:+PrintTenuringDistribution -XX:SurvivorRatio=4 -XX:TargetSurvivorRatio=90 -XX:ThreadStackSize=256 -XX:+UseCMSInitiatingOccupancyOnly -XX:+UseCompressedClassPointers -XX:+UseCompressedOops -XX:+UseConcMarkSweepGC -XX:+UseParNewGC 
2017-03-04T23:09:40.742+0100: 0,167: Total time for which application threads were stopped: 0,0001245 seconds, Stopping threads took: 0,0000235 seconds
2017-03-04T23:09:40.827+0100: 0,253: Total time for which application threads were stopped: 0,0000949 seconds, Stopping threads took: 0,0000131 seconds
2017-03-04T23:09:40.879+0100: 0,305: Total time for which application threads were stopped: 0,0000794 seconds, Stopping threads took: 0,0000124 seconds
2017-03-04T23:09:41.265+0100: 0,691: Total time for which application threads were stopped: 0,0001124 seconds, Stopping threads took: 0,0000116 seconds
2017-03-04T23:09:41.587+0100: 1,013: Total time for which application threads were stopped: 0,0001395 seconds, Stopping threads took: 0,0000212 seconds
2017-03-04T23:09:41.708+0100: 1,134: Total time for which application threads were stopped: 0,0001919 seconds, Stopping threads took: 0,0000270 seconds
2017-03-04T23:09:41.775+0100: 1,201: Total time for which application threads were stopped: 0,0001934 seconds, Stopping threads took: 0,0000230 seconds
2017-03-04T23:09:42.033+0100: 1,459: Total time for which application threads were stopped: 0,0001568 seconds, Stopping threads took: 0,0000149 seconds
2017-03-04T23:09:42.247+0100: 1,673: Total time for which application threads were stopped: 0,0002023 seconds, Stopping threads took: 0,0000193 seconds
2017-03-04T23:09:42.274+0100: 1,700: Total time for which application threads were stopped: 0,0002083 seconds, Stopping threads took: 0,0000154 seconds
2017-03-04T23:09:42.302+0100: 1,728: Total time for which application threads were stopped: 0,0002193 seconds, Stopping threads took: 0,0000239 seconds
2017-03-04T23:09:42.303+0100: 1,729: Total time for which application threads were stopped: 0,0001829 seconds, Stopping threads took: 0,0000243 seconds
2017-03-04T23:09:42.314+0100: 1,740: Total time for which application threads were stopped: 0,0002608 seconds, Stopping threads took: 0,0000253 seconds
2017-03-04T23:09:42.381+0100: 1,807: Total time for which application threads were stopped: 0,0002475 seconds, Stopping threads took: 0,0000247 seconds
2017-03-04T23:09:42.565+0100: 1,991: Total time for which application threads were stopped: 0,0002673 seconds, Stopping threads took: 0,0000444 seconds
{Heap before GC invocations=0 (full 0):
 par new generation   total 109248K, used 87424K [0x00000000e0000000, 0x00000000e8000000, 0x00000000e8000000)
  eden space 87424K, 100% used [0x00000000e0000000, 0x00000000e5560000, 0x00000000e5560000)
  from space 21824K,   0% used [0x00000000e5560000, 0x00000000e5560000, 0x00000000e6ab0000)
  to   space 21824K,   0% used [0x00000000e6ab0000, 0x00000000e6ab0000, 0x00000000e8000000)
 concurrent mark-sweep generation total 393216K, used 0K [0x00000000e8000000, 0x0000000100000000, 0x0000000100000000)
 Metaspace       used 18020K, capacity 18336K, committed 18688K, reserved 1064960K
  class space    used 2036K, capacity 2196K, committed 2304K, reserved 1048576K
2017-03-04T23:09:42.652+0100: 2,078: [GC (Allocation Failure) 2017-03-04T23:09:42.652+0100: 2,078: [ParNew
Desired survivor size 20112992 bytes, new threshold 8 (max 8)
- age   1:   12605808 bytes,   12605808 total
: 87424K->12426K(109248K), 0,0155584 secs] 87424K->12426K(502464K), 0,0156445 secs] [Times: user=0,04 sys=0,02, real=0,02 secs] 
Heap after GC invocations=1 (full 0):
 par new generation   total 109248K, used 12426K [0x00000000e0000000, 0x00000000e8000000, 0x00000000e8000000)
  eden space 87424K,   0% used [0x00000000e0000000, 0x00000000e0000000, 0x00000000e5560000)
  from space 21824K,  56% used [0x00000000e6ab0000, 0x00000000e76d28e8, 0x00000000e8000000)
  to   space 21824K,   0% used [0x00000000e5560000, 0x00000000e5560000, 0x00000000e6ab0000)
 concurrent mark-sweep generation total 393216K, used 0K [0x00000000e8000000, 0x0000000100000000, 0x0000000100000000)
 Metaspace       used 18020K, capacity 18336K, committed 18688K, reserved 1064960K
  class space    used 2036K, capacity 2196K, committed 2304K, reserved 1048576K
}
2017-03-04T23:09:42.668+0100: 2,094: Total time for which application threads were stopped: 0,0158945 seconds, Stopping threads took: 0,0000595 seconds
2017-03-04T23:09:42.969+0100: 2,395: Total time for which application threads were stopped: 0,0003669 seconds, Stopping threads took: 0,0000396 seconds
2017-03-04T23:09:42.999+0100: 2,425: Total time for which application threads were stopped: 0,0003337 seconds, Stopping threads took: 0,0000520 seconds
{Heap before GC invocations=1 (full 0):
 par new generation   total 109248K, used 99850K [0x00000000e0000000, 0x00000000e8000000, 0x00000000e8000000)
  eden space 87424K, 100% used [0x00000000e0000000, 0x00000000e5560000, 0x00000000e5560000)
  from space 21824K,  56% used [0x00000000e6ab0000, 0x00000000e76d28e8, 0x00000000e8000000)
  to   space 21824K,   0% used [0x00000000e5560000, 0x00000000e5560000, 0x00000000e6ab0000)
 concurrent mark-sweep generation total 393216K, used 0K [0x00000000e8000000, 0x0000000100000000, 0x0000000100000000)
 Metaspace       used 20052K, capacity 20354K, committed 20736K, reserved 1067008K
  class space    used 2296K, capacity 2467K, committed 2560K, reserved 1048576K
2017-03-04T23:09:43.001+0100: 2,427: [GC (Allocation Failure) 2017-03-04T23:09:43.001+0100: 2,427: [ParNew
Desired survivor size 20112992 bytes, new threshold 8 (max 8)
- age   1:    3612176 bytes,    3612176 total
- age   2:    6677032 bytes,   10289208 total
: 99850K->15766K(109248K), 0,0097842 secs] 99850K->15766K(502464K), 0,0098647 secs] [Times: user=0,04 sys=0,01, real=0,01 secs] 
Heap after GC invocations=2 (full 0):
 par new generation   total 109248K, used 15766K [0x00000000e0000000, 0x00000000e8000000, 0x00000000e8000000)
  eden space 87424K,   0% used [0x00000000e0000000, 0x00000000e0000000, 0x00000000e5560000)
  from space 21824K,  72% used [0x00000000e5560000, 0x00000000e64c5bc0, 0x00000000e6ab0000)
  to   space 21824K,   0% used [0x00000000e6ab0000, 0x00000000e6ab0000, 0x00000000e8000000)
 concurrent mark-sweep generation total 393216K, used 0K [0x00000000e8000000, 0x0000000100000000, 0x0000000100000000)
 Metaspace       used 20052K, capacity 20354K, committed 20736K, reserved 1067008K
  class space    used 2296K, capacity 2467K, committed 2560K, reserved 1048576K
}
2017-03-04T23:09:43.011+0100: 2,437: Total time for which application threads were stopped: 0,0100281 seconds, Stopping threads took: 0,0000468 seconds
2017-03-04T23:09:43.038+0100: 2,464: Total time for which application threads were stopped: 0,0009082 seconds, Stopping threads took: 0,0006229 seconds
2017-03-04T23:09:43.181+0100: 2,606: Total time for which application threads were stopped: 0,0001663 seconds, Stopping threads took: 0,0000330 seconds
{Heap before GC invocations=2 (full 0):
 par new generation   total 109248K, used 103190K [0x00000000e0000000, 0x00000000e8000000, 0x00000000e8000000)
  eden space 87424K, 100% used [0x00000000e0000000, 0x00000000e5560000, 0x00000000e5560000)
  from space 21824K,  72% used [0x00000000e5560000, 0x00000000e64c5bc0, 0x00000000e6ab0000)
  to   space 21824K,   0% used [0x00000000e6ab0000, 0x00000000e6ab0000, 0x00000000e8000000)
 concurrent mark-sweep generation total 393216K, used 0K [0x00000000e8000000, 0x0000000100000000, 0x0000000100000000)
 Metaspace       used 20972K, capacity 21276K, committed 21628K, reserved 1069056K
  class space    used 2417K, capacity 2586K, committed 2684K, reserved 1048576K
2017-03-04T23:09:43.221+0100: 2,646: [GC (Allocation Failure) 2017-03-04T23:09:43.221+0100: 2,646: [ParNew
Desired survivor size 20112992 bytes, new threshold 8 (max 8)
- age   1:    2212976 bytes,    2212976 total
- age   2:     859264 bytes,    3072240 total
- age   3:    6655736 bytes,    9727976 total
: 103190K->11205K(109248K), 0,0108971 secs] 103190K->11205K(502464K), 0,0109813 secs] [Times: user=0,03 sys=0,00, real=0,01 secs] 
Heap after GC invocations=3 (full 0):
 par new generation   total 109248K, used 11205K [0x00000000e0000000, 0x00000000e8000000, 0x00000000e8000000)
  eden space 87424K,   0% used [0x00000000e0000000, 0x00000000e0000000, 0x00000000e5560000)
  from space 21824K,  51% used [0x00000000e6ab0000, 0x00000000e75a1450, 0x00000000e8000000)
  to   space 21824K,   0% used [0x00000000e5560000, 0x00000000e5560000, 0x00000000e6ab0000)
 concurrent mark-sweep generation total 393216K, used 0K [0x00000000e8000000, 0x0000000100000000, 0x0000000100000000)
 Metaspace       used 20972K, capacity 21276K, committed 21628K, reserved 1069056K
  class space    used 2417K, capacity 2586K, committed 2684K, reserved 1048576K
}
2017-03-04T23:09:43.232+0100: 2,657: Total time for which application threads were stopped: 0,0113807 seconds, Stopping threads took: 0,0002156 seconds
2017-03-04T23:09:43.237+0100: 2,662: [GC (CMS Initial Mark) [1 CMS-initial-mark: 0K(393216K)] 14099K(502464K), 0,0072117 secs] [Times: user=0,02 sys=0,00, real=0,00 secs] 
2017-03-04T23:09:43.244+0100: 2,670: Total time for which application threads were stopped: 0,0074012 seconds, Stopping threads took: 0,0000648 seconds
2017-03-04T23:09:43.244+0100: 2,670: [CMS-concurrent-mark-start]
2017-03-04T23:09:43.258+0100: 2,683: [CMS-concurrent-mark: 0,014/0,014 secs] [Times: user=0,05 sys=0,00, real=0,02 secs] 
2017-03-04T23:09:43.258+0100: 2,683: [CMS-concurrent-preclean-start]
2017-03-04T23:09:43.259+0100: 2,685: [CMS-concurrent-preclean: 0,001/0,001 secs] [Times: user=0,00 sys=0,00, real=0,00 secs] 
2017-03-04T23:09:43.259+0100: 2,685: [CMS-concurrent-abortable-preclean-start]
2017-03-04T23:09:43.303+0100: 2,729: Total time for which application threads were stopped: 0,0001370 seconds, Stopping threads took: 0,0000398 seconds
{Heap before GC invocations=3 (full 1):
 par new generation   total 109248K, used 98629K [0x00000000e0000000, 0x00000000e8000000, 0x00000000e8000000)
  eden space 87424K, 100% used [0x00000000e0000000, 0x00000000e5560000, 0x00000000e5560000)
  from space 21824K,  51% used [0x00000000e6ab0000, 0x00000000e75a1450, 0x00000000e8000000)
  to   space 21824K,   0% used [0x00000000e5560000, 0x00000000e5560000, 0x00000000e6ab0000)
 concurrent mark-sweep generation total 393216K, used 0K [0x00000000e8000000, 0x0000000100000000, 0x0000000100000000)
 Metaspace       used 21246K, capacity 21616K, committed 21884K, reserved 1069056K
  class space    used 2446K, capacity 2601K, committed 2684K, reserved 1048576K
2017-03-04T23:09:43.351+0100: 2,777: [GC (Allocation Failure) 2017-03-04T23:09:43.351+0100: 2,777: [ParNew
Desired survivor size 20112992 bytes, new threshold 8 (max 8)
- age   1:    1431888 bytes,    1431888 total
- age   2:    1449784 bytes,    2881672 total
- age   3:     825920 bytes,    3707592 total
- age   4:    6655736 bytes,   10363328 total
: 98629K->12368K(109248K), 0,0112220 secs] 98629K->12368K(502464K), 0,0113074 secs] [Times: user=0,03 sys=0,01, real=0,01 secs] 
Heap after GC invocations=4 (full 1):
 par new generation   total 109248K, used 12368K [0x00000000e0000000, 0x00000000e8000000, 0x00000000e8000000)
  eden space 87424K,   0% used [0x00000000e0000000, 0x00000000e0000000, 0x00000000e5560000)
  from space 21824K,  56% used [0x00000000e5560000, 0x00000000e61740a0, 0x00000000e6ab0000)
  to   space 21824K,   0% used [0x00000000e6ab0000, 0x00000000e6ab0000, 0x00000000e8000000)
 concurrent mark-sweep generation total 393216K, used 0K [0x00000000e8000000, 0x0000000100000000, 0x0000000100000000)
 Metaspace       used 21246K, capacity 21616K, committed 21884K, reserved 1069056K
  class space    used 2446K, capacity 2601K, committed 2684K, reserved 1048576K
}
2017-03-04T23:09:43.363+0100: 2,788: Total time for which application threads were stopped: 0,0115523 seconds, Stopping threads took: 0,0000708 seconds
{Heap before GC invocations=4 (full 1):
 par new generation   total 109248K, used 99792K [0x00000000e0000000, 0x00000000e8000000, 0x00000000e8000000)
  eden space 87424K, 100% used [0x00000000e0000000, 0x00000000e5560000, 0x00000000e5560000)
  from space 21824K,  56% used [0x00000000e5560000, 0x00000000e61740a0, 0x00000000e6ab0000)
  to   space 21824K,   0% used [0x00000000e6ab0000, 0x00000000e6ab0000, 0x00000000e8000000)
 concurrent mark-sweep generation total 393216K, used 0K [0x00000000e8000000, 0x0000000100000000, 0x0000000100000000)
 Metaspace       used 21422K, capacity 21788K, committed 21884K, reserved 1069056K
  class space    used 2466K, capacity 2635K, committed 2684K, reserved 1048576K
2017-03-04T23:09:43.454+0100: 2,879: [GC (Allocation Failure) 2017-03-04T23:09:43.454+0100: 2,879: [ParNew2017-03-04T23:09:43.464+0100: 2,889: [CMS-concurrent-abortable-preclean: 0,093/0,205 secs] [Times: user=0,78 sys=0,02, real=0,20 secs] 

Desired survivor size 20112992 bytes, new threshold 8 (max 8)
- age   1:    1077144 bytes,    1077144 total
- age   2:     180136 bytes,    1257280 total
- age   3:    1449096 bytes,    2706376 total
- age   4:     823872 bytes,    3530248 total
- age   5:    6655736 bytes,   10185984 total
: 99792K->16889K(109248K), 0,0103484 secs] 99792K->16889K(502464K), 0,0104293 secs] [Times: user=0,04 sys=0,01, real=0,01 secs] 
Heap after GC invocations=5 (full 1):
 par new generation   total 109248K, used 16889K [0x00000000e0000000, 0x00000000e8000000, 0x00000000e8000000)
  eden space 87424K,   0% used [0x00000000e0000000, 0x00000000e0000000, 0x00000000e5560000)
  from space 21824K,  77% used [0x00000000e6ab0000, 0x00000000e7b2e7d8, 0x00000000e8000000)
  to   space 21824K,   0% used [0x00000000e5560000, 0x00000000e5560000, 0x00000000e6ab0000)
 concurrent mark-sweep generation total 393216K, used 0K [0x00000000e8000000, 0x0000000100000000, 0x0000000100000000)
 Metaspace       used 21422K, capacity 21788K, committed 21884K, reserved 1069056K
  class space    used 2466K, capacity 2635K, committed 2684K, reserved 1048576K
}
2017-03-04T23:09:43.464+0100: 2,890: Total time for which application threads were stopped: 0,0106871 seconds, Stopping threads took: 0,0000842 seconds
2017-03-04T23:09:43.474+0100: 2,900: [GC (CMS Final Remark) [YG occupancy: 22259 K (109248 K)]{Heap before GC invocations=5 (full 1):
 par new generation   total 109248K, used 22259K [0x00000000e0000000, 0x00000000e8000000, 0x00000000e8000000)
  eden space 87424K,   6% used [0x00000000e0000000, 0x00000000e053e7b0, 0x00000000e5560000)
  from space 21824K,  77% used [0x00000000e6ab0000, 0x00000000e7b2e7d8, 0x00000000e8000000)
  to   space 21824K,   0% used [0x00000000e5560000, 0x00000000e5560000, 0x00000000e6ab0000)
 concurrent mark-sweep generation total 393216K, used 0K [0x00000000e8000000, 0x0000000100000000, 0x0000000100000000)
 Metaspace       used 21459K, capacity 21788K, committed 21884K, reserved 1069056K
  class space    used 2468K, capacity 2635K, committed 2684K, reserved 1048576K
2017-03-04T23:09:43.474+0100: 2,900: [GC (CMS Final Remark) 2017-03-04T23:09:43.474+0100: 2,900: [ParNew
Desired survivor size 20112992 bytes, new threshold 8 (max 8)
- age   1:     391120 bytes,     391120 total
- age   2:     259008 bytes,     650128 total
- age   3:     179872 bytes,     830000 total
- age   4:    1448760 bytes,    2278760 total
- age   5:     823872 bytes,    3102632 total
- age   6:    6655824 bytes,    9758456 total
: 22259K->12249K(109248K), 0,0114465 secs] 22259K->12249K(502464K), 0,0114974 secs] [Times: user=0,04 sys=0,00, real=0,00 secs] 
Heap after GC invocations=6 (full 1):
 par new generation   total 109248K, used 12249K [0x00000000e0000000, 0x00000000e8000000, 0x00000000e8000000)
  eden space 87424K,   0% used [0x00000000e0000000, 0x00000000e0000000, 0x00000000e5560000)
  from space 21824K,  56% used [0x00000000e5560000, 0x00000000e6156440, 0x00000000e6ab0000)
  to   space 21824K,   0% used [0x00000000e6ab0000, 0x00000000e6ab0000, 0x00000000e8000000)
 concurrent mark-sweep generation total 393216K, used 0K [0x00000000e8000000, 0x0000000100000000, 0x0000000100000000)
 Metaspace       used 21459K, capacity 21788K, committed 21884K, reserved 1069056K
  class space    used 2468K, capacity 2635K, committed 2684K, reserved 1048576K
}
2017-03-04T23:09:43.486+0100: 2,912: [Rescan (parallel) , 0,0049505 secs]2017-03-04T23:09:43.491+0100: 2,917: [weak refs processing, 0,0007953 secs]2017-03-04T23:09:43.492+0100: 2,918: [class unloading, 0,0029989 secs]2017-03-04T23:09:43.495+0100: 2,921: [scrub symbol table, 0,0025247 secs]2017-03-04T23:09:43.497+0100: 2,923: [scrub string table, 0,0004086 secs][1 CMS-remark: 0K(393216K)] 12249K(502464K), 0,0239476 secs] [Times: user=0,07 sys=0,00, real=0,02 secs] 
2017-03-04T23:09:43.498+0100: 2,924: Total time for which application threads were stopped: 0,0241155 seconds, Stopping threads took: 0,0000764 seconds
2017-03-04T23:09:43.498+0100: 2,924: [CMS-concurrent-sweep-start]
2017-03-04T23:09:43.498+0100: 2,924: [CMS-concurrent-sweep: 0,000/0,000 secs] [Times: user=0,00 sys=0,00, real=0,00 secs] 
2017-03-04T23:09:43.499+0100: 2,924: [CMS-concurrent-reset-start]
2017-03-04T23:09:43.501+0100: 2,926: [CMS-concurrent-reset: 0,002/0,002 secs] [Times: user=0,01 sys=0,00, real=0,00 secs] 
2017-03-04T23:09:43.529+0100: 2,954: Total time for which application threads were stopped: 0,0003871 seconds, Stopping threads took: 0,0000295 seconds
2017-03-04T23:09:43.726+0100: 3,151: Total time for which application threads were stopped: 0,0004330 seconds, Stopping threads took: 0,0000204 seconds
2017-03-04T23:09:43.739+0100: 3,165: Total time for which application threads were stopped: 0,0003681 seconds, Stopping threads took: 0,0000449 seconds
{Heap before GC invocations=6 (full 1):
 par new generation   total 109248K, used 99666K [0x00000000e0000000, 0x00000000e8000000, 0x00000000e8000000)
  eden space 87424K,  99% used [0x00000000e0000000, 0x00000000e555e5c0, 0x00000000e5560000)
  from space 21824K,  56% used [0x00000000e5560000, 0x00000000e6156440, 0x00000000e6ab0000)
  to   space 21824K,   0% used [0x00000000e6ab0000, 0x00000000e6ab0000, 0x00000000e8000000)
 concurrent mark-sweep generation total 393216K, used 0K [0x00000000e8000000, 0x0000000100000000, 0x0000000100000000)
 Metaspace       used 24392K, capacity 24800K, committed 25084K, reserved 1071104K
  class space    used 2860K, capacity 3041K, committed 3068K, reserved 1048576K
2017-03-04T23:09:43.952+0100: 3,378: [GC (Allocation Failure) 2017-03-04T23:09:43.952+0100: 3,378: [ParNew
Desired survivor size 20112992 bytes, new threshold 8 (max 8)
- age   1:    5592776 bytes,    5592776 total
- age   2:      22048 bytes,    5614824 total
- age   3:     118744 bytes,    5733568 total
- age   4:     178776 bytes,    5912344 total
- age   5:     279448 bytes,    6191792 total
- age   6:     799608 bytes,    6991400 total
- age   7:    6647360 bytes,   13638760 total
: 99666K->16744K(109248K), 0,0159015 secs] 99666K->16744K(502464K), 0,0159759 secs] [Times: user=0,05 sys=0,00, real=0,02 secs] 
Heap after GC invocations=7 (full 1):
 par new generation   total 109248K, used 16744K [0x00000000e0000000, 0x00000000e8000000, 0x00000000e8000000)
  eden space 87424K,   0% used [0x00000000e0000000, 0x00000000e0000000, 0x00000000e5560000)
  from space 21824K,  76% used [0x00000000e6ab0000, 0x00000000e7b0a100, 0x00000000e8000000)
  to   space 21824K,   0% used [0x00000000e5560000, 0x00000000e5560000, 0x00000000e6ab0000)
 concurrent mark-sweep generation total 393216K, used 0K [0x00000000e8000000, 0x0000000100000000, 0x0000000100000000)
 Metaspace       used 24392K, capacity 24800K, committed 25084K, reserved 1071104K
  class space    used 2860K, capacity 3041K, committed 3068K, reserved 1048576K
}
2017-03-04T23:09:43.968+0100: 3,394: Total time for which application threads were stopped: 0,0163786 seconds, Stopping threads took: 0,0002076 seconds
{Heap before GC invocations=7 (full 1):
 par new generation   total 109248K, used 104168K [0x00000000e0000000, 0x00000000e8000000, 0x00000000e8000000)
  eden space 87424K, 100% used [0x00000000e0000000, 0x00000000e5560000, 0x00000000e5560000)
  from space 21824K,  76% used [0x00000000e6ab0000, 0x00000000e7b0a100, 0x00000000e8000000)
  to   space 21824K,   0% used [0x00000000e5560000, 0x00000000e5560000, 0x00000000e6ab0000)
 concurrent mark-sweep generation total 393216K, used 0K [0x00000000e8000000, 0x0000000100000000, 0x0000000100000000)
 Metaspace       used 24801K, capacity 25222K, committed 25468K, reserved 1071104K
  class space    used 2897K, capacity 3074K, committed 3196K, reserved 1048576K
2017-03-04T23:09:44.059+0100: 3,485: [GC (Allocation Failure) 2017-03-04T23:09:44.059+0100: 3,485: [ParNew
Desired survivor size 20112992 bytes, new threshold 8 (max 8)
- age   1:    1896240 bytes,    1896240 total
- age   2:    1786816 bytes,    3683056 total
- age   3:       4232 bytes,    3687288 total
- age   4:      65792 bytes,    3753080 total
- age   5:      97096 bytes,    3850176 total
- age   6:     189736 bytes,    4039912 total
- age   7:     746072 bytes,    4785984 total
- age   8:    6114392 bytes,   10900376 total
: 104168K->15102K(109248K), 0,0155931 secs] 104168K->15102K(502464K), 0,0156749 secs] [Times: user=0,06 sys=0,00, real=0,02 secs] 
Heap after GC invocations=8 (full 1):
 par new generation   total 109248K, used 15102K [0x00000000e0000000, 0x00000000e8000000, 0x00000000e8000000)
  eden space 87424K,   0% used [0x00000000e0000000, 0x00000000e0000000, 0x00000000e5560000)
  from space 21824K,  69% used [0x00000000e5560000, 0x00000000e641faa0, 0x00000000e6ab0000)
  to   space 21824K,   0% used [0x00000000e6ab0000, 0x00000000e6ab0000, 0x00000000e8000000)
 concurrent mark-sweep generation total 393216K, used 0K [0x00000000e8000000, 0x0000000100000000, 0x0000000100000000)
 Metaspace       used 24801K, capacity 25222K, committed 25468K, reserved 1071104K
  class space    used 2897K, capacity 3074K, committed 3196K, reserved 1048576K
}
2017-03-04T23:09:44.075+0100: 3,501: Total time for which application threads were stopped: 0,0159579 seconds, Stopping threads took: 0,0000549 seconds
{Heap before GC invocations=8 (full 1):
 par new generation   total 109248K, used 102526K [0x00000000e0000000, 0x00000000e8000000, 0x00000000e8000000)
  eden space 87424K, 100% used [0x00000000e0000000, 0x00000000e5560000, 0x00000000e5560000)
  from space 21824K,  69% used [0x00000000e5560000, 0x00000000e641faa0, 0x00000000e6ab0000)
  to   space 21824K,   0% used [0x00000000e6ab0000, 0x00000000e6ab0000, 0x00000000e8000000)
 concurrent mark-sweep generation total 393216K, used 0K [0x00000000e8000000, 0x0000000100000000, 0x0000000100000000)
 Metaspace       used 25243K, capacity 25732K, committed 25980K, reserved 1073152K
  class space    used 2929K, capacity 3115K, committed 3196K, reserved 1048576K
2017-03-04T23:09:44.205+0100: 3,631: [GC (Allocation Failure) 2017-03-04T23:09:44.205+0100: 3,631: [ParNew
Desired survivor size 20112992 bytes, new threshold 8 (max 8)
- age   1:     863896 bytes,     863896 total
- age   2:    1068616 bytes,    1932512 total
- age   3:    1764272 bytes,    3696784 total
- age   4:       4232 bytes,    3701016 total
- age   5:      65792 bytes,    3766808 total
- age   6:      94512 bytes,    3861320 total
- age   7:     189544 bytes,    4050864 total
- age   8:     745304 bytes,    4796168 total
: 102526K->8765K(109248K), 0,0470485 secs] 102526K->14818K(502464K), 0,0471207 secs] [Times: user=0,10 sys=0,00, real=0,05 secs] 
Heap after GC invocations=9 (full 1):
 par new generation   total 109248K, used 8765K [0x00000000e0000000, 0x00000000e8000000, 0x00000000e8000000)
  eden space 87424K,   0% used [0x00000000e0000000, 0x00000000e0000000, 0x00000000e5560000)
  from space 21824K,  40% used [0x00000000e6ab0000, 0x00000000e733f5e0, 0x00000000e8000000)
  to   space 21824K,   0% used [0x00000000e5560000, 0x00000000e5560000, 0x00000000e6ab0000)
 concurrent mark-sweep generation total 393216K, used 6052K [0x00000000e8000000, 0x0000000100000000, 0x0000000100000000)
 Metaspace       used 25243K, capacity 25732K, committed 25980K, reserved 1073152K
  class space    used 2929K, capacity 3115K, committed 3196K, reserved 1048576K
}
2017-03-04T23:09:44.253+0100: 3,678: Total time for which application threads were stopped: 0,0484445 seconds, Stopping threads took: 0,0011667 seconds
2017-03-04T23:09:44.472+0100: 3,898: Total time for which application threads were stopped: 0,0007739 seconds, Stopping threads took: 0,0002310 seconds
2017-03-04T23:09:44.489+0100: 3,915: Total time for which application threads were stopped: 0,0004487 seconds, Stopping threads took: 0,0000371 seconds
2017-03-04T23:09:44.552+0100: 3,978: Total time for which application threads were stopped: 0,0004490 seconds, Stopping threads took: 0,0000488 seconds
2017-03-04T23:09:44.627+0100: 4,052: Total time for which application threads were stopped: 0,0004164 seconds, Stopping threads took: 0,0000509 seconds
2017-03-04T23:09:44.630+0100: 4,055: Total time for which application threads were stopped: 0,0005287 seconds, Stopping threads took: 0,0003949 seconds
2017-03-04T23:09:44.634+0100: 4,060: Total time for which application threads were stopped: 0,0001768 seconds, Stopping threads took: 0,0000723 seconds
2017-03-04T23:09:44.650+0100: 4,076: Total time for which application threads were stopped: 0,0029673 seconds, Stopping threads took: 0,0028649 seconds
2017-03-04T23:09:44.651+0100: 4,077: Total time for which application threads were stopped: 0,0001212 seconds, Stopping threads took: 0,0000477 seconds
2017-03-04T23:09:44.669+0100: 4,095: Total time for which application threads were stopped: 0,0029584 seconds, Stopping threads took: 0,0028211 seconds
2017-03-04T23:09:44.691+0100: 4,117: Total time for which application threads were stopped: 0,0001228 seconds, Stopping threads took: 0,0000362 seconds
2017-03-04T23:09:44.692+0100: 4,117: Total time for which application threads were stopped: 0,0000894 seconds, Stopping threads took: 0,0000259 seconds
2017-03-04T23:09:44.693+0100: 4,118: Total time for which application threads were stopped: 0,0000933 seconds, Stopping threads took: 0,0000286 seconds
2017-03-04T23:09:44.693+0100: 4,119: Total time for which application threads were stopped: 0,0000886 seconds, Stopping threads took: 0,0000309 seconds
2017-03-04T23:09:44.693+0100: 4,119: Total time for which application threads were stopped: 0,0000772 seconds, Stopping threads took: 0,0000227 seconds
2017-03-04T23:09:44.694+0100: 4,120: Total time for which application threads were stopped: 0,0003766 seconds, Stopping threads took: 0,0000112 seconds
2017-03-04T23:09:44.694+0100: 4,120: Total time for which application threads were stopped: 0,0000833 seconds, Stopping threads took: 0,0000215 seconds
2017-03-04T23:09:44.694+0100: 4,120: Total time for which application threads were stopped: 0,0000789 seconds, Stopping threads took: 0,0000222 seconds
2017-03-04T23:09:44.696+0100: 4,122: Total time for which application threads were stopped: 0,0001108 seconds, Stopping threads took: 0,0000320 seconds
2017-03-04T23:09:44.698+0100: 4,124: Total time for which application threads were stopped: 0,0007804 seconds, Stopping threads took: 0,0007074 seconds
2017-03-04T23:09:44.699+0100: 4,125: Total time for which application threads were stopped: 0,0001104 seconds, Stopping threads took: 0,0000352 seconds
2017-03-04T23:09:44.700+0100: 4,126: Total time for which application threads were stopped: 0,0001067 seconds, Stopping threads took: 0,0000372 seconds
2017-03-04T23:09:44.700+0100: 4,126: Total time for which application threads were stopped: 0,0000551 seconds, Stopping threads took: 0,0000228 seconds
2017-03-04T23:09:44.700+0100: 4,126: Total time for which application threads were stopped: 0,0000510 seconds, Stopping threads took: 0,0000177 seconds
2017-03-04T23:09:44.700+0100: 4,126: Total time for which application threads were stopped: 0,0000542 seconds, Stopping threads took: 0,0000246 seconds
2017-03-04T23:09:44.702+0100: 4,127: Total time for which application threads were stopped: 0,0001117 seconds, Stopping threads took: 0,0000352 seconds
2017-03-04T23:09:44.702+0100: 4,128: Total time for which application threads were stopped: 0,0001273 seconds, Stopping threads took: 0,0000469 seconds
2017-03-04T23:09:44.703+0100: 4,129: Total time for which application threads were stopped: 0,0001453 seconds, Stopping threads took: 0,0000440 seconds
2017-03-04T23:09:44.706+0100: 4,132: Total time for which application threads were stopped: 0,0003136 seconds, Stopping threads took: 0,0001129 seconds
2017-03-04T23:09:44.714+0100: 4,140: Total time for which application threads were stopped: 0,0001373 seconds, Stopping threads took: 0,0000596 seconds
2017-03-04T23:09:44.718+0100: 4,144: Total time for which application threads were stopped: 0,0001241 seconds, Stopping threads took: 0,0000402 seconds
2017-03-04T23:09:44.718+0100: 4,144: Total time for which application threads were stopped: 0,0000510 seconds, Stopping threads took: 0,0000125 seconds
2017-03-04T23:09:44.720+0100: 4,146: Total time for which application threads were stopped: 0,0001237 seconds, Stopping threads took: 0,0000459 seconds
2017-03-04T23:09:44.723+0100: 4,149: Total time for which application threads were stopped: 0,0001206 seconds, Stopping threads took: 0,0000367 seconds
2017-03-04T23:09:44.724+0100: 4,150: Total time for which application threads were stopped: 0,0000909 seconds, Stopping threads took: 0,0000333 seconds
2017-03-04T23:09:44.725+0100: 4,151: Total time for which application threads were stopped: 0,0001041 seconds, Stopping threads took: 0,0000299 seconds
2017-03-04T23:09:45.725+0100: 5,151: Total time for which application threads were stopped: 0,0000946 seconds, Stopping threads took: 0,0000190 seconds
2017-03-04T23:09:46.725+0100: 6,151: Total time for which application threads were stopped: 0,0000732 seconds, Stopping threads took: 0,0000198 seconds
2017-03-04T23:10:02.727+0100: 22,153: Total time for which application threads were stopped: 0,0000854 seconds, Stopping threads took: 0,0000212 seconds
2017-03-04T23:10:11.631+0100: 32,154: Total time for which application threads were stopped: 0,0005414 seconds, Stopping threads took: 0,0001466 seconds
2017-03-04T23:11:11.638+0100: 92,161: Total time for which application threads were stopped: 0,0002678 seconds, Stopping threads took: 0,0001060 seconds
2017-03-04T23:11:36.641+0100: 117,164: Total time for which application threads were stopped: 0,0000761 seconds, Stopping threads took: 0,0000325 seconds
2017-03-04T23:11:41.641+0100: 122,164: Total time for which application threads were stopped: 0,0000798 seconds, Stopping threads took: 0,0000223 seconds
2017-03-04T23:14:16.662+0100: 277,185: Total time for which application threads were stopped: 0,0000857 seconds, Stopping threads took: 0,0000274 seconds
2017-03-04T23:33:05.792+0100: 1406,315: Total time for which application threads were stopped: 0,0000848 seconds, Stopping threads took: 0,0000347 seconds
2017-03-04T23:38:25.826+0100: 1726,349: Total time for which application threads were stopped: 0,0001436 seconds, Stopping threads took: 0,0000556 seconds
2017-03-04T23:48:21.894+0100: 2322,417: Total time for which application threads were stopped: 0,0003412 seconds, Stopping threads took: 0,0001398 seconds
2017-03-04T23:48:25.895+0100: 2326,418: Total time for which application threads were stopped: 0,0001522 seconds, Stopping threads took: 0,0000298 seconds
2017-03-04T23:51:51.917+0100: 2532,440: Total time for which application threads were stopped: 0,0006693 seconds, Stopping threads took: 0,0002006 seconds
2017-03-05T00:06:17.006+0100: 3397,529: Total time for which application threads were stopped: 0,0002832 seconds, Stopping threads took: 0,0001374 seconds
2017-03-05T00:12:06.042+0100: 3746,565: Total time for which application threads were stopped: 0,0000762 seconds, Stopping threads took: 0,0000300 seconds
2017-03-05T00:14:26.057+0100: 3886,580: Total time for which application threads were stopped: 0,0000923 seconds, Stopping threads took: 0,0000388 seconds
2017-03-05T00:16:11.067+0100: 3991,590: Total time for which application threads were stopped: 0,0000855 seconds, Stopping threads took: 0,0000271 seconds
2017-03-05T00:32:12.176+0100: 4952,699: Total time for which application threads were stopped: 0,0000829 seconds, Stopping threads took: 0,0000306 seconds
2017-03-05T00:32:17.177+0100: 4957,700: Total time for which application threads were stopped: 0,0000628 seconds, Stopping threads took: 0,0000152 seconds
2017-03-05T01:03:47.403+0100: 6847,926: Total time for which application threads were stopped: 0,0000986 seconds, Stopping threads took: 0,0000369 seconds
2017-03-05T01:05:11.413+0100: 6931,936: Total time for which application threads were stopped: 0,0001003 seconds, Stopping threads took: 0,0000328 seconds
2017-03-05T01:10:41.452+0100: 7261,975: Total time for which application threads were stopped: 0,0001645 seconds, Stopping threads took: 0,0000653 seconds
2017-03-05T01:11:41.458+0100: 7321,981: Total time for which application threads were stopped: 0,0000959 seconds, Stopping threads took: 0,0000369 seconds
2017-03-05T01:17:41.500+0100: 7682,023: Total time for which application threads were stopped: 0,0004241 seconds, Stopping threads took: 0,0001674 seconds
{Heap before GC invocations=9 (full 1):
 par new generation   total 109248K, used 96189K [0x00000000e0000000, 0x00000000e8000000, 0x00000000e8000000)
  eden space 87424K, 100% used [0x00000000e0000000, 0x00000000e5560000, 0x00000000e5560000)
  from space 21824K,  40% used [0x00000000e6ab0000, 0x00000000e733f5e0, 0x00000000e8000000)
  to   space 21824K,   0% used [0x00000000e5560000, 0x00000000e5560000, 0x00000000e6ab0000)
 concurrent mark-sweep generation total 393216K, used 6052K [0x00000000e8000000, 0x0000000100000000, 0x0000000100000000)
 Metaspace       used 28061K, capacity 28546K, committed 28796K, reserved 1075200K
  class space    used 3218K, capacity 3386K, committed 3452K, reserved 1048576K
2017-03-05T01:32:56.858+0100: 8597,381: [GC (Allocation Failure) 2017-03-05T01:32:56.858+0100: 8597,381: [ParNew
Desired survivor size 20112992 bytes, new threshold 8 (max 8)
- age   1:   10187976 bytes,   10187976 total
- age   2:     273640 bytes,   10461616 total
- age   3:     272496 bytes,   10734112 total
- age   4:    1759376 bytes,   12493488 total
- age   5:       4232 bytes,   12497720 total
- age   6:      65792 bytes,   12563512 total
- age   7:      94384 bytes,   12657896 total
- age   8:     189448 bytes,   12847344 total
: 96189K->13870K(109248K), 0,1030493 secs] 102242K->20743K(502464K), 0,1031641 secs] [Times: user=0,05 sys=0,00, real=0,10 secs] 
Heap after GC invocations=10 (full 1):
 par new generation   total 109248K, used 13870K [0x00000000e0000000, 0x00000000e8000000, 0x00000000e8000000)
  eden space 87424K,   0% used [0x00000000e0000000, 0x00000000e0000000, 0x00000000e5560000)
  from space 21824K,  63% used [0x00000000e5560000, 0x00000000e62ebbf8, 0x00000000e6ab0000)
  to   space 21824K,   0% used [0x00000000e6ab0000, 0x00000000e6ab0000, 0x00000000e8000000)
 concurrent mark-sweep generation total 393216K, used 6872K [0x00000000e8000000, 0x0000000100000000, 0x0000000100000000)
 Metaspace       used 28061K, capacity 28546K, committed 28796K, reserved 1075200K
  class space    used 3218K, capacity 3386K, committed 3452K, reserved 1048576K
}
2017-03-05T01:32:56.961+0100: 8597,484: Total time for which application threads were stopped: 0,1033759 seconds, Stopping threads took: 0,0000337 seconds
2017-03-05T01:32:56.969+0100: 8597,492: Total time for which application threads were stopped: 0,0006951 seconds, Stopping threads took: 0,0006170 seconds
2017-03-05T01:32:56.974+0100: 8597,497: Total time for which application threads were stopped: 0,0000850 seconds, Stopping threads took: 0,0000217 seconds
2017-03-05T01:32:56.980+0100: 8597,503: Total time for which application threads were stopped: 0,0001048 seconds, Stopping threads took: 0,0000340 seconds
2017-03-05T01:32:56.980+0100: 8597,503: Total time for which application threads were stopped: 0,0000599 seconds, Stopping threads took: 0,0000206 seconds
2017-03-05T01:32:56.980+0100: 8597,503: Total time for which application threads were stopped: 0,0000424 seconds, Stopping threads took: 0,0000141 seconds
2017-03-05T01:32:56.980+0100: 8597,503: Total time for which application threads were stopped: 0,0000634 seconds, Stopping threads took: 0,0000294 seconds
2017-03-05T01:32:56.987+0100: 8597,510: Total time for which application threads were stopped: 0,0002568 seconds, Stopping threads took: 0,0001304 seconds
2017-03-05T01:32:56.996+0100: 8597,519: Total time for which application threads were stopped: 0,0000824 seconds, Stopping threads took: 0,0000177 seconds
Heap
 par new generation   total 109248K, used 21216K [0x00000000e0000000, 0x00000000e8000000, 0x00000000e8000000)
  eden space 87424K,   8% used [0x00000000e0000000, 0x00000000e072c628, 0x00000000e5560000)
  from space 21824K,  63% used [0x00000000e5560000, 0x00000000e62ebbf8, 0x00000000e6ab0000)
  to   space 21824K,   0% used [0x00000000e6ab0000, 0x00000000e6ab0000, 0x00000000e8000000)
 concurrent mark-sweep generation total 393216K, used 6872K [0x00000000e8000000, 0x0000000100000000, 0x0000000100000000)
 Metaspace       used 28129K, capacity 28714K, committed 29052K, reserved 1075200K
  class space    used 3226K, capacity 3420K, committed 3452K, reserved 1048576K
