OpenJDK 64-Bit Server VM (25.111-b14) for linux-amd64 JRE (1.8.0_111-8u111-b14-2ubuntu0.16.04.2-b14), built on Oct 27 2016 18:10:19 by "buildd" with gcc 5.4.0 20160609
Memory: 4k page, physical 7867840k(7445176k free), swap 8076284k(8076284k free)
CommandLine flags: -XX:CMSInitiatingOccupancyFraction=50 -XX:CMSMaxAbortablePrecleanTime=6000 -XX:+CMSParallelRemarkEnabled -XX:+CMSScavengeBeforeRemark -XX:ConcGCThreads=4 -XX:InitialHeapSize=536870912 -XX:MaxHeapSize=536870912 -XX:MaxTenuringThreshold=8 -XX:NewRatio=3 -XX:OldPLABSize=16 -XX:OnOutOfMemoryError=/opt/solr/bin/oom_solr.sh 8983 /var/solr/logs -XX:ParallelGCThreads=4 -XX:+ParallelRefProcEnabled -XX:PretenureSizeThreshold=67108864 -XX:+PrintGC -XX:+PrintGCApplicationStoppedTime -XX:+PrintGCDateStamps -XX:+PrintGCDetails -XX:+PrintGCTimeStamps -XX:+PrintHeapAtGC -XX:+PrintTenuringDistribution -XX:SurvivorRatio=4 -XX:TargetSurvivorRatio=90 -XX:ThreadStackSize=256 -XX:+UseCMSInitiatingOccupancyOnly -XX:+UseCompressedClassPointers -XX:+UseCompressedOops -XX:+UseConcMarkSweepGC -XX:+UseParNewGC 
2016-12-11T23:50:45.739+0100: 0,134: Total time for which application threads were stopped: 0,0000908 seconds, Stopping threads took: 0,0000128 seconds
2016-12-11T23:50:45.841+0100: 0,236: Total time for which application threads were stopped: 0,0001236 seconds, Stopping threads took: 0,0000271 seconds
2016-12-11T23:50:45.854+0100: 0,249: Total time for which application threads were stopped: 0,0001167 seconds, Stopping threads took: 0,0000463 seconds
2016-12-11T23:50:46.039+0100: 0,435: Total time for which application threads were stopped: 0,0001432 seconds, Stopping threads took: 0,0000171 seconds
2016-12-11T23:50:46.510+0100: 0,906: Total time for which application threads were stopped: 0,0003554 seconds, Stopping threads took: 0,0000427 seconds
2016-12-11T23:50:46.602+0100: 0,997: Total time for which application threads were stopped: 0,0001766 seconds, Stopping threads took: 0,0000318 seconds
2016-12-11T23:50:46.622+0100: 1,018: Total time for which application threads were stopped: 0,0001449 seconds, Stopping threads took: 0,0000211 seconds
2016-12-11T23:50:46.861+0100: 1,256: Total time for which application threads were stopped: 0,0001584 seconds, Stopping threads took: 0,0000122 seconds
2016-12-11T23:50:47.063+0100: 1,458: Total time for which application threads were stopped: 0,0001918 seconds, Stopping threads took: 0,0000119 seconds
2016-12-11T23:50:47.091+0100: 1,486: Total time for which application threads were stopped: 0,0001844 seconds, Stopping threads took: 0,0000165 seconds
2016-12-11T23:50:47.092+0100: 1,487: Total time for which application threads were stopped: 0,0001504 seconds, Stopping threads took: 0,0000285 seconds
2016-12-11T23:50:47.104+0100: 1,499: Total time for which application threads were stopped: 0,0002859 seconds, Stopping threads took: 0,0000391 seconds
2016-12-11T23:50:47.214+0100: 1,609: Total time for which application threads were stopped: 0,0001972 seconds, Stopping threads took: 0,0000171 seconds
2016-12-11T23:50:47.373+0100: 1,768: Total time for which application threads were stopped: 0,0002712 seconds, Stopping threads took: 0,0000471 seconds
{Heap before GC invocations=0 (full 0):
 par new generation   total 109248K, used 87424K [0x00000000e0000000, 0x00000000e8000000, 0x00000000e8000000)
  eden space 87424K, 100% used [0x00000000e0000000, 0x00000000e5560000, 0x00000000e5560000)
  from space 21824K,   0% used [0x00000000e5560000, 0x00000000e5560000, 0x00000000e6ab0000)
  to   space 21824K,   0% used [0x00000000e6ab0000, 0x00000000e6ab0000, 0x00000000e8000000)
 concurrent mark-sweep generation total 393216K, used 0K [0x00000000e8000000, 0x0000000100000000, 0x0000000100000000)
 Metaspace       used 18345K, capacity 18686K, committed 18944K, reserved 1067008K
  class space    used 2089K, capacity 2226K, committed 2304K, reserved 1048576K
2016-12-11T23:50:47.521+0100: 1,916: [GC (Allocation Failure) 2016-12-11T23:50:47.521+0100: 1,916: [ParNew
Desired survivor size 20112992 bytes, new threshold 8 (max 8)
- age   1:   12572976 bytes,   12572976 total
: 87424K->12405K(109248K), 0,0187816 secs] 87424K->12405K(502464K), 0,0188676 secs] [Times: user=0,04 sys=0,03, real=0,02 secs] 
Heap after GC invocations=1 (full 0):
 par new generation   total 109248K, used 12405K [0x00000000e0000000, 0x00000000e8000000, 0x00000000e8000000)
  eden space 87424K,   0% used [0x00000000e0000000, 0x00000000e0000000, 0x00000000e5560000)
  from space 21824K,  56% used [0x00000000e6ab0000, 0x00000000e76cd4f0, 0x00000000e8000000)
  to   space 21824K,   0% used [0x00000000e5560000, 0x00000000e5560000, 0x00000000e6ab0000)
 concurrent mark-sweep generation total 393216K, used 0K [0x00000000e8000000, 0x0000000100000000, 0x0000000100000000)
 Metaspace       used 18345K, capacity 18686K, committed 18944K, reserved 1067008K
  class space    used 2089K, capacity 2226K, committed 2304K, reserved 1048576K
}
2016-12-11T23:50:47.540+0100: 1,935: Total time for which application threads were stopped: 0,0190442 seconds, Stopping threads took: 0,0000215 seconds
2016-12-11T23:50:47.667+0100: 2,063: Total time for which application threads were stopped: 0,0002820 seconds, Stopping threads took: 0,0000260 seconds
2016-12-11T23:50:47.697+0100: 2,092: Total time for which application threads were stopped: 0,0003253 seconds, Stopping threads took: 0,0000526 seconds
2016-12-11T23:50:47.720+0100: 2,116: Total time for which application threads were stopped: 0,0002980 seconds, Stopping threads took: 0,0000297 seconds
{Heap before GC invocations=1 (full 0):
 par new generation   total 109248K, used 99829K [0x00000000e0000000, 0x00000000e8000000, 0x00000000e8000000)
  eden space 87424K, 100% used [0x00000000e0000000, 0x00000000e5560000, 0x00000000e5560000)
  from space 21824K,  56% used [0x00000000e6ab0000, 0x00000000e76cd4f0, 0x00000000e8000000)
  to   space 21824K,   0% used [0x00000000e5560000, 0x00000000e5560000, 0x00000000e6ab0000)
 concurrent mark-sweep generation total 393216K, used 0K [0x00000000e8000000, 0x0000000100000000, 0x0000000100000000)
 Metaspace       used 20725K, capacity 21020K, committed 21248K, reserved 1069056K
  class space    used 2403K, capacity 2518K, committed 2560K, reserved 1048576K
2016-12-11T23:50:47.892+0100: 2,288: [GC (Allocation Failure) 2016-12-11T23:50:47.892+0100: 2,288: [ParNew
Desired survivor size 20112992 bytes, new threshold 8 (max 8)
- age   1:    2717256 bytes,    2717256 total
- age   2:    6137560 bytes,    8854816 total
: 99829K->15281K(109248K), 0,0190404 secs] 99829K->15281K(502464K), 0,0191189 secs] [Times: user=0,05 sys=0,01, real=0,02 secs] 
Heap after GC invocations=2 (full 0):
 par new generation   total 109248K, used 15281K [0x00000000e0000000, 0x00000000e8000000, 0x00000000e8000000)
  eden space 87424K,   0% used [0x00000000e0000000, 0x00000000e0000000, 0x00000000e5560000)
  from space 21824K,  70% used [0x00000000e5560000, 0x00000000e644c4c0, 0x00000000e6ab0000)
  to   space 21824K,   0% used [0x00000000e6ab0000, 0x00000000e6ab0000, 0x00000000e8000000)
 concurrent mark-sweep generation total 393216K, used 0K [0x00000000e8000000, 0x0000000100000000, 0x0000000100000000)
 Metaspace       used 20725K, capacity 21020K, committed 21248K, reserved 1069056K
  class space    used 2403K, capacity 2518K, committed 2560K, reserved 1048576K
}
2016-12-11T23:50:47.912+0100: 2,307: Total time for which application threads were stopped: 0,0193647 seconds, Stopping threads took: 0,0000452 seconds
2016-12-11T23:50:47.967+0100: 2,362: Total time for which application threads were stopped: 0,0000921 seconds, Stopping threads took: 0,0000191 seconds
2016-12-11T23:50:48.002+0100: 2,397: Total time for which application threads were stopped: 0,0000899 seconds, Stopping threads took: 0,0000166 seconds
2016-12-11T23:50:48.002+0100: 2,398: Total time for which application threads were stopped: 0,0002285 seconds, Stopping threads took: 0,0000091 seconds
2016-12-11T23:50:48.029+0100: 2,424: Total time for which application threads were stopped: 0,0000700 seconds, Stopping threads took: 0,0000128 seconds
2016-12-11T23:50:48.103+0100: 2,499: Total time for which application threads were stopped: 0,0001148 seconds, Stopping threads took: 0,0000245 seconds
2016-12-11T23:50:48.125+0100: 2,520: Total time for which application threads were stopped: 0,0000879 seconds, Stopping threads took: 0,0000216 seconds
2016-12-11T23:50:48.133+0100: 2,529: Total time for which application threads were stopped: 0,0003197 seconds, Stopping threads took: 0,0000273 seconds
2016-12-11T23:50:48.140+0100: 2,535: Total time for which application threads were stopped: 0,0002757 seconds, Stopping threads took: 0,0000223 seconds
2016-12-11T23:50:48.157+0100: 2,552: Total time for which application threads were stopped: 0,0000750 seconds, Stopping threads took: 0,0000191 seconds
2016-12-11T23:50:48.182+0100: 2,577: Total time for which application threads were stopped: 0,0000792 seconds, Stopping threads took: 0,0000127 seconds
2016-12-11T23:50:48.199+0100: 2,595: Total time for which application threads were stopped: 0,0000968 seconds, Stopping threads took: 0,0000298 seconds
2016-12-11T23:50:48.214+0100: 2,609: Total time for which application threads were stopped: 0,0001684 seconds, Stopping threads took: 0,0000842 seconds
2016-12-11T23:50:48.241+0100: 2,636: Total time for which application threads were stopped: 0,0000769 seconds, Stopping threads took: 0,0000151 seconds
2016-12-11T23:50:48.276+0100: 2,671: Total time for which application threads were stopped: 0,0001209 seconds, Stopping threads took: 0,0000241 seconds
2016-12-11T23:50:48.321+0100: 2,717: Total time for which application threads were stopped: 0,0001516 seconds, Stopping threads took: 0,0000697 seconds
2016-12-11T23:50:48.351+0100: 2,747: Total time for which application threads were stopped: 0,0001046 seconds, Stopping threads took: 0,0000236 seconds
{Heap before GC invocations=2 (full 0):
 par new generation   total 109248K, used 102705K [0x00000000e0000000, 0x00000000e8000000, 0x00000000e8000000)
  eden space 87424K, 100% used [0x00000000e0000000, 0x00000000e5560000, 0x00000000e5560000)
  from space 21824K,  70% used [0x00000000e5560000, 0x00000000e644c4c0, 0x00000000e6ab0000)
  to   space 21824K,   0% used [0x00000000e6ab0000, 0x00000000e6ab0000, 0x00000000e8000000)
 concurrent mark-sweep generation total 393216K, used 0K [0x00000000e8000000, 0x0000000100000000, 0x0000000100000000)
 Metaspace       used 25124K, capacity 25508K, committed 25612K, reserved 1073152K
  class space    used 2922K, capacity 3056K, committed 3064K, reserved 1048576K
2016-12-11T23:50:48.378+0100: 2,774: [GC (Allocation Failure) 2016-12-11T23:50:48.378+0100: 2,774: [ParNew
Desired survivor size 20112992 bytes, new threshold 8 (max 8)
- age   1:    6921888 bytes,    6921888 total
- age   2:     514256 bytes,    7436144 total
- age   3:    6118904 bytes,   13555048 total
: 102705K->15269K(109248K), 0,0125518 secs] 102705K->15269K(502464K), 0,0126369 secs] [Times: user=0,04 sys=0,01, real=0,02 secs] 
Heap after GC invocations=3 (full 0):
 par new generation   total 109248K, used 15269K [0x00000000e0000000, 0x00000000e8000000, 0x00000000e8000000)
  eden space 87424K,   0% used [0x00000000e0000000, 0x00000000e0000000, 0x00000000e5560000)
  from space 21824K,  69% used [0x00000000e6ab0000, 0x00000000e7999788, 0x00000000e8000000)
  to   space 21824K,   0% used [0x00000000e5560000, 0x00000000e5560000, 0x00000000e6ab0000)
 concurrent mark-sweep generation total 393216K, used 0K [0x00000000e8000000, 0x0000000100000000, 0x0000000100000000)
 Metaspace       used 25124K, capacity 25508K, committed 25612K, reserved 1073152K
  class space    used 2922K, capacity 3056K, committed 3064K, reserved 1048576K
}
2016-12-11T23:50:48.391+0100: 2,786: Total time for which application threads were stopped: 0,0127885 seconds, Stopping threads took: 0,0000238 seconds
2016-12-11T23:50:48.391+0100: 2,786: [GC (CMS Initial Mark) [1 CMS-initial-mark: 0K(393216K)] 15269K(502464K), 0,0039953 secs] [Times: user=0,02 sys=0,00, real=0,00 secs] 
2016-12-11T23:50:48.395+0100: 2,790: Total time for which application threads were stopped: 0,0041071 seconds, Stopping threads took: 0,0000278 seconds
2016-12-11T23:50:48.395+0100: 2,790: [CMS-concurrent-mark-start]
2016-12-11T23:50:48.396+0100: 2,791: [CMS-concurrent-mark: 0,001/0,001 secs] [Times: user=0,00 sys=0,00, real=0,00 secs] 
2016-12-11T23:50:48.396+0100: 2,791: [CMS-concurrent-preclean-start]
2016-12-11T23:50:48.397+0100: 2,792: [CMS-concurrent-preclean: 0,001/0,001 secs] [Times: user=0,00 sys=0,00, real=0,00 secs] 
2016-12-11T23:50:48.397+0100: 2,793: [GC (CMS Final Remark) [YG occupancy: 16678 K (109248 K)]{Heap before GC invocations=3 (full 1):
 par new generation   total 109248K, used 16678K [0x00000000e0000000, 0x00000000e8000000, 0x00000000e8000000)
  eden space 87424K,   1% used [0x00000000e0000000, 0x00000000e01601e8, 0x00000000e5560000)
  from space 21824K,  69% used [0x00000000e6ab0000, 0x00000000e7999788, 0x00000000e8000000)
  to   space 21824K,   0% used [0x00000000e5560000, 0x00000000e5560000, 0x00000000e6ab0000)
 concurrent mark-sweep generation total 393216K, used 0K [0x00000000e8000000, 0x0000000100000000, 0x0000000100000000)
 Metaspace       used 25135K, capacity 25508K, committed 25612K, reserved 1073152K
  class space    used 2923K, capacity 3056K, committed 3064K, reserved 1048576K
2016-12-11T23:50:48.397+0100: 2,793: [GC (CMS Final Remark) 2016-12-11T23:50:48.397+0100: 2,793: [ParNew
Desired survivor size 20112992 bytes, new threshold 8 (max 8)
- age   1:      11664 bytes,      11664 total
- age   2:    3172104 bytes,    3183768 total
- age   3:     514256 bytes,    3698024 total
- age   4:    6118912 bytes,    9816936 total
: 16678K->13682K(109248K), 0,0096072 secs] 16678K->13682K(502464K), 0,0096419 secs] [Times: user=0,04 sys=0,00, real=0,01 secs] 
Heap after GC invocations=4 (full 1):
 par new generation   total 109248K, used 13682K [0x00000000e0000000, 0x00000000e8000000, 0x00000000e8000000)
  eden space 87424K,   0% used [0x00000000e0000000, 0x00000000e0000000, 0x00000000e5560000)
  from space 21824K,  62% used [0x00000000e5560000, 0x00000000e62bca00, 0x00000000e6ab0000)
  to   space 21824K,   0% used [0x00000000e6ab0000, 0x00000000e6ab0000, 0x00000000e8000000)
 concurrent mark-sweep generation total 393216K, used 0K [0x00000000e8000000, 0x0000000100000000, 0x0000000100000000)
 Metaspace       used 25135K, capacity 25508K, committed 25612K, reserved 1073152K
  class space    used 2923K, capacity 3056K, committed 3064K, reserved 1048576K
}
2016-12-11T23:50:48.407+0100: 2,802: [Rescan (parallel) , 0,0037872 secs]2016-12-11T23:50:48.411+0100: 2,806: [weak refs processing, 0,0004567 secs]2016-12-11T23:50:48.411+0100: 2,807: [class unloading, 0,0031762 secs]2016-12-11T23:50:48.415+0100: 2,810: [scrub symbol table, 0,0033221 secs]2016-12-11T23:50:48.418+0100: 2,813: [scrub string table, 0,0003882 secs][1 CMS-remark: 0K(393216K)] 13682K(502464K), 0,0214826 secs] [Times: user=0,06 sys=0,00, real=0,02 secs] 
2016-12-11T23:50:48.419+0100: 2,814: Total time for which application threads were stopped: 0,0216932 seconds, Stopping threads took: 0,0001490 seconds
2016-12-11T23:50:48.419+0100: 2,814: [CMS-concurrent-sweep-start]
2016-12-11T23:50:48.419+0100: 2,814: [CMS-concurrent-sweep: 0,000/0,000 secs] [Times: user=0,00 sys=0,00, real=0,00 secs] 
2016-12-11T23:50:48.419+0100: 2,814: [CMS-concurrent-reset-start]
2016-12-11T23:50:48.421+0100: 2,816: [CMS-concurrent-reset: 0,002/0,002 secs] [Times: user=0,01 sys=0,00, real=0,00 secs] 
2016-12-11T23:50:49.419+0100: 3,815: Total time for which application threads were stopped: 0,0000987 seconds, Stopping threads took: 0,0000194 seconds
2016-12-11T23:50:49.655+0100: 4,051: Total time for which application threads were stopped: 0,0002315 seconds, Stopping threads took: 0,0000157 seconds
2016-12-11T23:51:17.658+0100: 32,054: Total time for which application threads were stopped: 0,0000705 seconds, Stopping threads took: 0,0000318 seconds
2016-12-11T23:53:27.672+0100: 162,068: Total time for which application threads were stopped: 0,0000707 seconds, Stopping threads took: 0,0000307 seconds
2016-12-11T23:53:32.673+0100: 167,068: Total time for which application threads were stopped: 0,0000628 seconds, Stopping threads took: 0,0000177 seconds
2016-12-11T23:53:51.675+0100: 186,070: Total time for which application threads were stopped: 0,0000648 seconds, Stopping threads took: 0,0000170 seconds
2016-12-11T23:54:42.680+0100: 237,075: Total time for which application threads were stopped: 0,0000754 seconds, Stopping threads took: 0,0000336 seconds
2016-12-11T23:55:16.684+0100: 271,079: Total time for which application threads were stopped: 0,0000741 seconds, Stopping threads took: 0,0000314 seconds
2016-12-11T23:55:27.685+0100: 282,080: Total time for which application threads were stopped: 0,0000732 seconds, Stopping threads took: 0,0000293 seconds
2016-12-11T23:55:32.685+0100: 287,081: Total time for which application threads were stopped: 0,0000560 seconds, Stopping threads took: 0,0000149 seconds
2016-12-11T23:55:42.686+0100: 297,082: Total time for which application threads were stopped: 0,0000548 seconds, Stopping threads took: 0,0000144 seconds
2016-12-11T23:56:01.688+0100: 316,083: Total time for which application threads were stopped: 0,0000779 seconds, Stopping threads took: 0,0000302 seconds
2016-12-12T00:01:07.719+0100: 622,114: Total time for which application threads were stopped: 0,0001900 seconds, Stopping threads took: 0,0001059 seconds
2016-12-12T00:14:31.803+0100: 1426,198: Total time for which application threads were stopped: 0,0000825 seconds, Stopping threads took: 0,0000297 seconds
2016-12-12T00:19:06.834+0100: 1701,229: Total time for which application threads were stopped: 0,0001037 seconds, Stopping threads took: 0,0000430 seconds
2016-12-12T00:22:49.458+0100: 1923,854: Total time for which application threads were stopped: 0,0001560 seconds, Stopping threads took: 0,0000529 seconds
Heap
 par new generation   total 109248K, used 57599K [0x00000000e0000000, 0x00000000e8000000, 0x00000000e8000000)
  eden space 87424K,  50% used [0x00000000e0000000, 0x00000000e2ae32c0, 0x00000000e5560000)
  from space 21824K,  62% used [0x00000000e5560000, 0x00000000e62bca00, 0x00000000e6ab0000)
  to   space 21824K,   0% used [0x00000000e6ab0000, 0x00000000e6ab0000, 0x00000000e8000000)
 concurrent mark-sweep generation total 393216K, used 0K [0x00000000e8000000, 0x0000000100000000, 0x0000000100000000)
 Metaspace       used 27181K, capacity 27658K, committed 27840K, reserved 1073152K
  class space    used 3159K, capacity 3319K, committed 3320K, reserved 1048576K
