OpenJDK 64-Bit Server VM (25.111-b14) for linux-amd64 JRE (1.8.0_111-8u111-b14-2ubuntu0.16.04.2-b14), built on Oct 27 2016 18:10:19 by "buildd" with gcc 5.4.0 20160609
Memory: 4k page, physical 7867876k(7486576k free), swap 8076284k(8076284k free)
CommandLine flags: -XX:CMSInitiatingOccupancyFraction=50 -XX:CMSMaxAbortablePrecleanTime=6000 -XX:+CMSParallelRemarkEnabled -XX:+CMSScavengeBeforeRemark -XX:ConcGCThreads=4 -XX:InitialHeapSize=536870912 -XX:MaxHeapSize=536870912 -XX:MaxTenuringThreshold=8 -XX:NewRatio=3 -XX:OldPLABSize=16 -XX:OnOutOfMemoryError=/opt/solr/bin/oom_solr.sh 8983 /var/solr/logs -XX:ParallelGCThreads=4 -XX:+ParallelRefProcEnabled -XX:PretenureSizeThreshold=67108864 -XX:+PrintGC -XX:+PrintGCApplicationStoppedTime -XX:+PrintGCDateStamps -XX:+PrintGCDetails -XX:+PrintGCTimeStamps -XX:+PrintHeapAtGC -XX:+PrintTenuringDistribution -XX:SurvivorRatio=4 -XX:TargetSurvivorRatio=90 -XX:ThreadStackSize=256 -XX:+UseCMSInitiatingOccupancyOnly -XX:+UseCompressedClassPointers -XX:+UseCompressedOops -XX:+UseConcMarkSweepGC -XX:+UseParNewGC 
2016-11-13T16:49:46.673+0100: 0,117: Total time for which application threads were stopped: 0,0000659 seconds, Stopping threads took: 0,0000099 seconds
2016-11-13T16:49:46.749+0100: 0,193: Total time for which application threads were stopped: 0,0000972 seconds, Stopping threads took: 0,0000188 seconds
2016-11-13T16:49:46.761+0100: 0,205: Total time for which application threads were stopped: 0,0001242 seconds, Stopping threads took: 0,0000279 seconds
2016-11-13T16:49:46.944+0100: 0,388: Total time for which application threads were stopped: 0,0001528 seconds, Stopping threads took: 0,0000196 seconds
2016-11-13T16:49:47.258+0100: 0,703: Total time for which application threads were stopped: 0,0001871 seconds, Stopping threads took: 0,0000170 seconds
2016-11-13T16:49:47.430+0100: 0,875: Total time for which application threads were stopped: 0,0001669 seconds, Stopping threads took: 0,0000192 seconds
2016-11-13T16:49:47.451+0100: 0,896: Total time for which application threads were stopped: 0,0001654 seconds, Stopping threads took: 0,0000204 seconds
2016-11-13T16:49:47.762+0100: 1,206: Total time for which application threads were stopped: 0,0001971 seconds, Stopping threads took: 0,0000223 seconds
2016-11-13T16:49:48.019+0100: 1,464: Total time for which application threads were stopped: 0,0002051 seconds, Stopping threads took: 0,0000238 seconds
2016-11-13T16:49:48.046+0100: 1,491: Total time for which application threads were stopped: 0,0001744 seconds, Stopping threads took: 0,0000125 seconds
2016-11-13T16:49:48.047+0100: 1,492: Total time for which application threads were stopped: 0,0001627 seconds, Stopping threads took: 0,0000226 seconds
2016-11-13T16:49:48.062+0100: 1,507: Total time for which application threads were stopped: 0,0001548 seconds, Stopping threads took: 0,0000124 seconds
2016-11-13T16:49:48.171+0100: 1,615: Total time for which application threads were stopped: 0,0002256 seconds, Stopping threads took: 0,0000205 seconds
2016-11-13T16:49:48.365+0100: 1,810: Total time for which application threads were stopped: 0,0002150 seconds, Stopping threads took: 0,0000209 seconds
{Heap before GC invocations=0 (full 0):
 par new generation   total 109248K, used 87424K [0x00000000e0000000, 0x00000000e8000000, 0x00000000e8000000)
  eden space 87424K, 100% used [0x00000000e0000000, 0x00000000e5560000, 0x00000000e5560000)
  from space 21824K,   0% used [0x00000000e5560000, 0x00000000e5560000, 0x00000000e6ab0000)
  to   space 21824K,   0% used [0x00000000e6ab0000, 0x00000000e6ab0000, 0x00000000e8000000)
 concurrent mark-sweep generation total 393216K, used 0K [0x00000000e8000000, 0x0000000100000000, 0x0000000100000000)
 Metaspace       used 18087K, capacity 18366K, committed 18560K, reserved 1064960K
  class space    used 2054K, capacity 2162K, committed 2176K, reserved 1048576K
2016-11-13T16:49:48.512+0100: 1,956: [GC (Allocation Failure) 2016-11-13T16:49:48.512+0100: 1,956: [ParNew
Desired survivor size 20112992 bytes, new threshold 8 (max 8)
- age   1:   12322328 bytes,   12322328 total
: 87424K->12151K(109248K), 0,0158855 secs] 87424K->12151K(502464K), 0,0159738 secs] [Times: user=0,04 sys=0,02, real=0,02 secs] 
Heap after GC invocations=1 (full 0):
 par new generation   total 109248K, used 12151K [0x00000000e0000000, 0x00000000e8000000, 0x00000000e8000000)
  eden space 87424K,   0% used [0x00000000e0000000, 0x00000000e0000000, 0x00000000e5560000)
  from space 21824K,  55% used [0x00000000e6ab0000, 0x00000000e768deb8, 0x00000000e8000000)
  to   space 21824K,   0% used [0x00000000e5560000, 0x00000000e5560000, 0x00000000e6ab0000)
 concurrent mark-sweep generation total 393216K, used 0K [0x00000000e8000000, 0x0000000100000000, 0x0000000100000000)
 Metaspace       used 18087K, capacity 18366K, committed 18560K, reserved 1064960K
  class space    used 2054K, capacity 2162K, committed 2176K, reserved 1048576K
}
2016-11-13T16:49:48.528+0100: 1,972: Total time for which application threads were stopped: 0,0161456 seconds, Stopping threads took: 0,0000139 seconds
2016-11-13T16:49:48.711+0100: 2,156: Total time for which application threads were stopped: 0,0002529 seconds, Stopping threads took: 0,0000191 seconds
2016-11-13T16:49:48.741+0100: 2,185: Total time for which application threads were stopped: 0,0003367 seconds, Stopping threads took: 0,0000405 seconds
2016-11-13T16:49:48.768+0100: 2,213: Total time for which application threads were stopped: 0,0002433 seconds, Stopping threads took: 0,0000243 seconds
{Heap before GC invocations=1 (full 0):
 par new generation   total 109248K, used 99575K [0x00000000e0000000, 0x00000000e8000000, 0x00000000e8000000)
  eden space 87424K, 100% used [0x00000000e0000000, 0x00000000e5560000, 0x00000000e5560000)
  from space 21824K,  55% used [0x00000000e6ab0000, 0x00000000e768deb8, 0x00000000e8000000)
  to   space 21824K,   0% used [0x00000000e5560000, 0x00000000e5560000, 0x00000000e6ab0000)
 concurrent mark-sweep generation total 393216K, used 0K [0x00000000e8000000, 0x0000000100000000, 0x0000000100000000)
 Metaspace       used 20729K, capacity 21020K, committed 21248K, reserved 1069056K
  class space    used 2404K, capacity 2518K, committed 2560K, reserved 1048576K
2016-11-13T16:49:48.945+0100: 2,390: [GC (Allocation Failure) 2016-11-13T16:49:48.945+0100: 2,390: [ParNew
Desired survivor size 20112992 bytes, new threshold 8 (max 8)
- age   1:    2926248 bytes,    2926248 total
- age   2:    6101480 bytes,    9027728 total
: 99575K->13121K(109248K), 0,0127025 secs] 99575K->13121K(502464K), 0,0127786 secs] [Times: user=0,05 sys=0,00, real=0,02 secs] 
Heap after GC invocations=2 (full 0):
 par new generation   total 109248K, used 13121K [0x00000000e0000000, 0x00000000e8000000, 0x00000000e8000000)
  eden space 87424K,   0% used [0x00000000e0000000, 0x00000000e0000000, 0x00000000e5560000)
  from space 21824K,  60% used [0x00000000e5560000, 0x00000000e6230558, 0x00000000e6ab0000)
  to   space 21824K,   0% used [0x00000000e6ab0000, 0x00000000e6ab0000, 0x00000000e8000000)
 concurrent mark-sweep generation total 393216K, used 0K [0x00000000e8000000, 0x0000000100000000, 0x0000000100000000)
 Metaspace       used 20729K, capacity 21020K, committed 21248K, reserved 1069056K
  class space    used 2404K, capacity 2518K, committed 2560K, reserved 1048576K
}
2016-11-13T16:49:48.958+0100: 2,403: Total time for which application threads were stopped: 0,0130481 seconds, Stopping threads took: 0,0000560 seconds
2016-11-13T16:49:49.010+0100: 2,454: Total time for which application threads were stopped: 0,0000847 seconds, Stopping threads took: 0,0000260 seconds
2016-11-13T16:49:49.041+0100: 2,485: Total time for which application threads were stopped: 0,0000904 seconds, Stopping threads took: 0,0000202 seconds
2016-11-13T16:49:49.041+0100: 2,486: Total time for which application threads were stopped: 0,0002378 seconds, Stopping threads took: 0,0000203 seconds
2016-11-13T16:49:49.065+0100: 2,510: Total time for which application threads were stopped: 0,0000716 seconds, Stopping threads took: 0,0000134 seconds
2016-11-13T16:49:49.147+0100: 2,592: Total time for which application threads were stopped: 0,0001275 seconds, Stopping threads took: 0,0000247 seconds
2016-11-13T16:49:49.166+0100: 2,610: Total time for which application threads were stopped: 0,0001002 seconds, Stopping threads took: 0,0000323 seconds
2016-11-13T16:49:49.173+0100: 2,617: Total time for which application threads were stopped: 0,0002724 seconds, Stopping threads took: 0,0000145 seconds
2016-11-13T16:49:49.180+0100: 2,624: Total time for which application threads were stopped: 0,0002790 seconds, Stopping threads took: 0,0000273 seconds
2016-11-13T16:49:49.189+0100: 2,633: Total time for which application threads were stopped: 0,0001111 seconds, Stopping threads took: 0,0000354 seconds
2016-11-13T16:49:49.219+0100: 2,664: Total time for which application threads were stopped: 0,0001202 seconds, Stopping threads took: 0,0000247 seconds
2016-11-13T16:49:49.237+0100: 2,681: Total time for which application threads were stopped: 0,0000867 seconds, Stopping threads took: 0,0000191 seconds
2016-11-13T16:49:49.254+0100: 2,699: Total time for which application threads were stopped: 0,0000773 seconds, Stopping threads took: 0,0000137 seconds
2016-11-13T16:49:49.274+0100: 2,719: Total time for which application threads were stopped: 0,0000932 seconds, Stopping threads took: 0,0000195 seconds
2016-11-13T16:49:49.303+0100: 2,748: Total time for which application threads were stopped: 0,0003196 seconds, Stopping threads took: 0,0002137 seconds
2016-11-13T16:49:49.363+0100: 2,808: Total time for which application threads were stopped: 0,0001303 seconds, Stopping threads took: 0,0000281 seconds
2016-11-13T16:49:49.389+0100: 2,834: Total time for which application threads were stopped: 0,0001276 seconds, Stopping threads took: 0,0000243 seconds
{Heap before GC invocations=2 (full 0):
 par new generation   total 109248K, used 100545K [0x00000000e0000000, 0x00000000e8000000, 0x00000000e8000000)
  eden space 87424K, 100% used [0x00000000e0000000, 0x00000000e5560000, 0x00000000e5560000)
  from space 21824K,  60% used [0x00000000e5560000, 0x00000000e6230558, 0x00000000e6ab0000)
  to   space 21824K,   0% used [0x00000000e6ab0000, 0x00000000e6ab0000, 0x00000000e8000000)
 concurrent mark-sweep generation total 393216K, used 0K [0x00000000e8000000, 0x0000000100000000, 0x0000000100000000)
 Metaspace       used 24837K, capacity 25221K, committed 25536K, reserved 1071104K
  class space    used 2896K, capacity 3025K, committed 3144K, reserved 1048576K
2016-11-13T16:49:49.409+0100: 2,854: [GC (Allocation Failure) 2016-11-13T16:49:49.409+0100: 2,854: [ParNew
Desired survivor size 20112992 bytes, new threshold 8 (max 8)
- age   1:    6805136 bytes,    6805136 total
- age   2:     550256 bytes,    7355392 total
- age   3:    6082944 bytes,   13438336 total
: 100545K->16836K(109248K), 0,0117864 secs] 100545K->16836K(502464K), 0,0118766 secs] [Times: user=0,04 sys=0,00, real=0,01 secs] 
Heap after GC invocations=3 (full 0):
 par new generation   total 109248K, used 16836K [0x00000000e0000000, 0x00000000e8000000, 0x00000000e8000000)
  eden space 87424K,   0% used [0x00000000e0000000, 0x00000000e0000000, 0x00000000e5560000)
  from space 21824K,  77% used [0x00000000e6ab0000, 0x00000000e7b21148, 0x00000000e8000000)
  to   space 21824K,   0% used [0x00000000e5560000, 0x00000000e5560000, 0x00000000e6ab0000)
 concurrent mark-sweep generation total 393216K, used 0K [0x00000000e8000000, 0x0000000100000000, 0x0000000100000000)
 Metaspace       used 24837K, capacity 25221K, committed 25536K, reserved 1071104K
  class space    used 2896K, capacity 3025K, committed 3144K, reserved 1048576K
}
2016-11-13T16:49:49.421+0100: 2,866: Total time for which application threads were stopped: 0,0120400 seconds, Stopping threads took: 0,0000249 seconds
2016-11-13T16:49:49.421+0100: 2,866: [GC (CMS Initial Mark) [1 CMS-initial-mark: 0K(393216K)] 16844K(502464K), 0,0029121 secs] [Times: user=0,00 sys=0,00, real=0,00 secs] 
2016-11-13T16:49:49.424+0100: 2,869: Total time for which application threads were stopped: 0,0030309 seconds, Stopping threads took: 0,0000399 seconds
2016-11-13T16:49:49.424+0100: 2,869: [CMS-concurrent-mark-start]
2016-11-13T16:49:49.429+0100: 2,874: [CMS-concurrent-mark: 0,005/0,005 secs] [Times: user=0,02 sys=0,01, real=0,01 secs] 
2016-11-13T16:49:49.429+0100: 2,874: [CMS-concurrent-preclean-start]
2016-11-13T16:49:49.431+0100: 2,875: [CMS-concurrent-preclean: 0,001/0,001 secs] [Times: user=0,00 sys=0,00, real=0,00 secs] 
2016-11-13T16:49:49.431+0100: 2,875: [GC (CMS Final Remark) [YG occupancy: 18617 K (109248 K)]{Heap before GC invocations=3 (full 1):
 par new generation   total 109248K, used 18617K [0x00000000e0000000, 0x00000000e8000000, 0x00000000e8000000)
  eden space 87424K,   2% used [0x00000000e0000000, 0x00000000e01bd2c0, 0x00000000e5560000)
  from space 21824K,  77% used [0x00000000e6ab0000, 0x00000000e7b21148, 0x00000000e8000000)
  to   space 21824K,   0% used [0x00000000e5560000, 0x00000000e5560000, 0x00000000e6ab0000)
 concurrent mark-sweep generation total 393216K, used 0K [0x00000000e8000000, 0x0000000100000000, 0x0000000100000000)
 Metaspace       used 24911K, capacity 25317K, committed 25536K, reserved 1071104K
  class space    used 2902K, capacity 3057K, committed 3144K, reserved 1048576K
2016-11-13T16:49:49.431+0100: 2,875: [GC (CMS Final Remark) 2016-11-13T16:49:49.431+0100: 2,875: [ParNew
Desired survivor size 20112992 bytes, new threshold 8 (max 8)
- age   1:      66248 bytes,      66248 total
- age   2:    3274056 bytes,    3340304 total
- age   3:     550256 bytes,    3890560 total
- age   4:    6082944 bytes,    9973504 total
: 18617K->16706K(109248K), 0,0130001 secs] 18617K->16706K(502464K), 0,0130362 secs] [Times: user=0,04 sys=0,00, real=0,01 secs] 
Heap after GC invocations=4 (full 1):
 par new generation   total 109248K, used 16706K [0x00000000e0000000, 0x00000000e8000000, 0x00000000e8000000)
  eden space 87424K,   0% used [0x00000000e0000000, 0x00000000e0000000, 0x00000000e5560000)
  from space 21824K,  76% used [0x00000000e5560000, 0x00000000e65b09f0, 0x00000000e6ab0000)
  to   space 21824K,   0% used [0x00000000e6ab0000, 0x00000000e6ab0000, 0x00000000e8000000)
 concurrent mark-sweep generation total 393216K, used 0K [0x00000000e8000000, 0x0000000100000000, 0x0000000100000000)
 Metaspace       used 24911K, capacity 25317K, committed 25536K, reserved 1071104K
  class space    used 2902K, capacity 3057K, committed 3144K, reserved 1048576K
}
2016-11-13T16:49:49.444+0100: 2,889: [Rescan (parallel) , 0,0039038 secs]2016-11-13T16:49:49.448+0100: 2,892: [weak refs processing, 0,0006915 secs]2016-11-13T16:49:49.449+0100: 2,893: [class unloading, 0,0030964 secs]2016-11-13T16:49:49.452+0100: 2,896: [scrub symbol table, 0,0032613 secs]2016-11-13T16:49:49.455+0100: 2,900: [scrub string table, 0,0004146 secs][1 CMS-remark: 0K(393216K)] 16706K(502464K), 0,0251546 secs] [Times: user=0,06 sys=0,00, real=0,03 secs] 
2016-11-13T16:49:49.456+0100: 2,901: Total time for which application threads were stopped: 0,0252544 seconds, Stopping threads took: 0,0000362 seconds
2016-11-13T16:49:49.456+0100: 2,901: [CMS-concurrent-sweep-start]
2016-11-13T16:49:49.456+0100: 2,901: [CMS-concurrent-sweep: 0,000/0,000 secs] [Times: user=0,00 sys=0,00, real=0,00 secs] 
2016-11-13T16:49:49.456+0100: 2,901: [CMS-concurrent-reset-start]
2016-11-13T16:49:49.458+0100: 2,902: [CMS-concurrent-reset: 0,001/0,001 secs] [Times: user=0,01 sys=0,00, real=0,00 secs] 
2016-11-13T16:49:49.528+0100: 2,973: Total time for which application threads were stopped: 0,0003382 seconds, Stopping threads took: 0,0000229 seconds
2016-11-13T16:49:50.528+0100: 3,973: Total time for which application threads were stopped: 0,0000850 seconds, Stopping threads took: 0,0000172 seconds
2016-11-13T16:49:50.610+0100: 4,055: Total time for which application threads were stopped: 0,0002632 seconds, Stopping threads took: 0,0000178 seconds
2016-11-13T16:50:18.614+0100: 32,058: Total time for which application threads were stopped: 0,0002729 seconds, Stopping threads took: 0,0001012 seconds
2016-11-13T16:52:28.628+0100: 162,073: Total time for which application threads were stopped: 0,0002008 seconds, Stopping threads took: 0,0000773 seconds
2016-11-13T16:52:33.628+0100: 167,073: Total time for which application threads were stopped: 0,0000784 seconds, Stopping threads took: 0,0000195 seconds
2016-11-13T16:52:47.630+0100: 181,075: Total time for which application threads were stopped: 0,0002684 seconds, Stopping threads took: 0,0000948 seconds
2016-11-13T16:53:23.633+0100: 217,078: Total time for which application threads were stopped: 0,0002628 seconds, Stopping threads took: 0,0001091 seconds
2016-11-13T16:54:07.638+0100: 261,083: Total time for which application threads were stopped: 0,0004776 seconds, Stopping threads took: 0,0001883 seconds
2016-11-13T16:54:17.639+0100: 271,084: Total time for which application threads were stopped: 0,0000827 seconds, Stopping threads took: 0,0000203 seconds
2016-11-13T16:54:27.640+0100: 281,085: Total time for which application threads were stopped: 0,0000793 seconds, Stopping threads took: 0,0000348 seconds
2016-11-13T16:54:28.640+0100: 282,085: Total time for which application threads were stopped: 0,0000784 seconds, Stopping threads took: 0,0000190 seconds
2016-11-13T16:54:33.641+0100: 287,085: Total time for which application threads were stopped: 0,0000765 seconds, Stopping threads took: 0,0000166 seconds
2016-11-13T16:54:43.642+0100: 297,087: Total time for which application threads were stopped: 0,0000828 seconds, Stopping threads took: 0,0000192 seconds
2016-11-13T16:55:08.644+0100: 322,089: Total time for which application threads were stopped: 0,0001165 seconds, Stopping threads took: 0,0000339 seconds
2016-11-13T17:00:33.675+0100: 647,119: Total time for which application threads were stopped: 0,0001061 seconds, Stopping threads took: 0,0000512 seconds
2016-11-13T17:05:53.707+0100: 967,152: Total time for which application threads were stopped: 0,0001001 seconds, Stopping threads took: 0,0000431 seconds
2016-11-13T17:10:18.737+0100: 1232,181: Total time for which application threads were stopped: 0,0000835 seconds, Stopping threads took: 0,0000379 seconds
2016-11-13T17:13:27.762+0100: 1421,207: Total time for which application threads were stopped: 0,0000735 seconds, Stopping threads took: 0,0000307 seconds
2016-11-13T17:18:07.796+0100: 1701,240: Total time for which application threads were stopped: 0,0000916 seconds, Stopping threads took: 0,0000366 seconds
2016-11-13T17:28:28.852+0100: 2322,297: Total time for which application threads were stopped: 0,0003140 seconds, Stopping threads took: 0,0001255 seconds
2016-11-13T17:28:32.852+0100: 2326,297: Total time for which application threads were stopped: 0,0000626 seconds, Stopping threads took: 0,0000164 seconds
2016-11-13T17:43:03.932+0100: 3197,377: Total time for which application threads were stopped: 0,0003395 seconds, Stopping threads took: 0,0001388 seconds
2016-11-13T17:54:12.994+0100: 3866,439: Total time for which application threads were stopped: 0,0001174 seconds, Stopping threads took: 0,0000517 seconds
2016-11-13T17:54:17.995+0100: 3871,439: Total time for which application threads were stopped: 0,0001036 seconds, Stopping threads took: 0,0000373 seconds
2016-11-13T17:56:48.009+0100: 4021,454: Total time for which application threads were stopped: 0,0000729 seconds, Stopping threads took: 0,0000294 seconds
2016-11-13T18:37:19.276+0100: 6452,720: Total time for which application threads were stopped: 0,0001103 seconds, Stopping threads took: 0,0000455 seconds
2016-11-13T18:41:44.305+0100: 6717,749: Total time for which application threads were stopped: 0,0000738 seconds, Stopping threads took: 0,0000302 seconds
2016-11-13T18:54:48.380+0100: 7501,824: Total time for which application threads were stopped: 0,0005382 seconds, Stopping threads took: 0,0001005 seconds
2016-11-13T18:55:18.383+0100: 7531,828: Total time for which application threads were stopped: 0,0000762 seconds, Stopping threads took: 0,0000309 seconds
2016-11-13T18:57:48.396+0100: 7681,840: Total time for which application threads were stopped: 0,0000787 seconds, Stopping threads took: 0,0000294 seconds
2016-11-13T18:58:18.398+0100: 7711,843: Total time for which application threads were stopped: 0,0000873 seconds, Stopping threads took: 0,0000362 seconds
2016-11-13T19:59:17.869+0100: 11371,313: Total time for which application threads were stopped: 0,0001777 seconds, Stopping threads took: 0,0000553 seconds
2016-11-13T21:05:48.370+0100: 15361,814: Total time for which application threads were stopped: 0,0000870 seconds, Stopping threads took: 0,0000303 seconds
2016-11-13T21:48:18.683+0100: 17912,128: Total time for which application threads were stopped: 0,0000724 seconds, Stopping threads took: 0,0000271 seconds
2016-11-13T22:08:48.832+0100: 19142,276: Total time for which application threads were stopped: 0,0000825 seconds, Stopping threads took: 0,0000343 seconds
2016-11-14T00:11:25.919+0100: 26499,363: Total time for which application threads were stopped: 0,0001605 seconds, Stopping threads took: 0,0000290 seconds
Heap
 par new generation   total 109248K, used 61671K [0x00000000e0000000, 0x00000000e8000000, 0x00000000e8000000)
  eden space 87424K,  51% used [0x00000000e0000000, 0x00000000e2be9498, 0x00000000e5560000)
  from space 21824K,  76% used [0x00000000e5560000, 0x00000000e65b09f0, 0x00000000e6ab0000)
  to   space 21824K,   0% used [0x00000000e6ab0000, 0x00000000e6ab0000, 0x00000000e8000000)
 concurrent mark-sweep generation total 393216K, used 0K [0x00000000e8000000, 0x0000000100000000, 0x0000000100000000)
 Metaspace       used 27298K, capacity 27729K, committed 27976K, reserved 1073152K
  class space    used 3168K, capacity 3321K, committed 3400K, reserved 1048576K
