OpenJDK 64-Bit Server VM (25.121-b13) for linux-amd64 JRE (1.8.0_121-8u121-b13-0ubuntu1.16.04.2-b13), built on Jan 23 2017 15:51:29 by "buildd" with gcc 5.4.0 20160609
Memory: 4k page, physical 7867764k(7423576k free), swap 8076284k(8076284k free)
CommandLine flags: -XX:CMSInitiatingOccupancyFraction=50 -XX:CMSMaxAbortablePrecleanTime=6000 -XX:+CMSParallelRemarkEnabled -XX:+CMSScavengeBeforeRemark -XX:ConcGCThreads=4 -XX:InitialHeapSize=536870912 -XX:MaxHeapSize=536870912 -XX:MaxTenuringThreshold=8 -XX:NewRatio=3 -XX:OldPLABSize=16 -XX:OnOutOfMemoryError=/opt/solr/bin/oom_solr.sh 8983 /var/solr/logs -XX:ParallelGCThreads=4 -XX:+ParallelRefProcEnabled -XX:PretenureSizeThreshold=67108864 -XX:+PrintGC -XX:+PrintGCApplicationStoppedTime -XX:+PrintGCDateStamps -XX:+PrintGCDetails -XX:+PrintGCTimeStamps -XX:+PrintHeapAtGC -XX:+PrintTenuringDistribution -XX:SurvivorRatio=4 -XX:TargetSurvivorRatio=90 -XX:ThreadStackSize=256 -XX:+UseCMSInitiatingOccupancyOnly -XX:+UseCompressedClassPointers -XX:+UseCompressedOops -XX:+UseConcMarkSweepGC -XX:+UseParNewGC 
2017-04-09T08:22:23.703+0200: 0,170: Total time for which application threads were stopped: 0,0000666 seconds, Stopping threads took: 0,0000097 seconds
2017-04-09T08:22:23.812+0200: 0,280: Total time for which application threads were stopped: 0,0001077 seconds, Stopping threads took: 0,0000134 seconds
2017-04-09T08:22:23.846+0200: 0,313: Total time for which application threads were stopped: 0,0001014 seconds, Stopping threads took: 0,0000158 seconds
2017-04-09T08:22:24.238+0200: 0,706: Total time for which application threads were stopped: 0,0001491 seconds, Stopping threads took: 0,0000150 seconds
2017-04-09T08:22:24.630+0200: 1,098: Total time for which application threads were stopped: 0,0003717 seconds, Stopping threads took: 0,0000124 seconds
2017-04-09T08:22:24.694+0200: 1,162: Total time for which application threads were stopped: 0,0001481 seconds, Stopping threads took: 0,0000253 seconds
2017-04-09T08:22:24.712+0200: 1,179: Total time for which application threads were stopped: 0,0001451 seconds, Stopping threads took: 0,0000174 seconds
2017-04-09T08:22:24.991+0200: 1,458: Total time for which application threads were stopped: 0,0001730 seconds, Stopping threads took: 0,0000219 seconds
2017-04-09T08:22:25.249+0200: 1,717: Total time for which application threads were stopped: 0,0001994 seconds, Stopping threads took: 0,0000132 seconds
2017-04-09T08:22:25.273+0200: 1,741: Total time for which application threads were stopped: 0,0007788 seconds, Stopping threads took: 0,0001141 seconds
2017-04-09T08:22:25.315+0200: 1,783: Total time for which application threads were stopped: 0,0002477 seconds, Stopping threads took: 0,0000341 seconds
2017-04-09T08:22:25.316+0200: 1,784: Total time for which application threads were stopped: 0,0002201 seconds, Stopping threads took: 0,0000326 seconds
2017-04-09T08:22:25.336+0200: 1,804: Total time for which application threads were stopped: 0,0001825 seconds, Stopping threads took: 0,0000229 seconds
2017-04-09T08:22:25.424+0200: 1,892: Total time for which application threads were stopped: 0,0002426 seconds, Stopping threads took: 0,0000220 seconds
2017-04-09T08:22:25.592+0200: 2,060: Total time for which application threads were stopped: 0,0004177 seconds, Stopping threads took: 0,0001902 seconds
{Heap before GC invocations=0 (full 0):
 par new generation   total 109248K, used 87424K [0x00000000e0000000, 0x00000000e8000000, 0x00000000e8000000)
  eden space 87424K, 100% used [0x00000000e0000000, 0x00000000e5560000, 0x00000000e5560000)
  from space 21824K,   0% used [0x00000000e5560000, 0x00000000e5560000, 0x00000000e6ab0000)
  to   space 21824K,   0% used [0x00000000e6ab0000, 0x00000000e6ab0000, 0x00000000e8000000)
 concurrent mark-sweep generation total 393216K, used 0K [0x00000000e8000000, 0x0000000100000000, 0x0000000100000000)
 Metaspace       used 17797K, capacity 18112K, committed 18304K, reserved 1064960K
  class space    used 2022K, capacity 2164K, committed 2176K, reserved 1048576K
2017-04-09T08:22:25.623+0200: 2,090: [GC (Allocation Failure) 2017-04-09T08:22:25.623+0200: 2,091: [ParNew
Desired survivor size 20112992 bytes, new threshold 8 (max 8)
- age   1:   11498888 bytes,   11498888 total
: 87424K->11337K(109248K), 0,0211895 secs] 87424K->11337K(502464K), 0,0212699 secs] [Times: user=0,04 sys=0,01, real=0,02 secs] 
Heap after GC invocations=1 (full 0):
 par new generation   total 109248K, used 11337K [0x00000000e0000000, 0x00000000e8000000, 0x00000000e8000000)
  eden space 87424K,   0% used [0x00000000e0000000, 0x00000000e0000000, 0x00000000e5560000)
  from space 21824K,  51% used [0x00000000e6ab0000, 0x00000000e75c2688, 0x00000000e8000000)
  to   space 21824K,   0% used [0x00000000e5560000, 0x00000000e5560000, 0x00000000e6ab0000)
 concurrent mark-sweep generation total 393216K, used 0K [0x00000000e8000000, 0x0000000100000000, 0x0000000100000000)
 Metaspace       used 17797K, capacity 18112K, committed 18304K, reserved 1064960K
  class space    used 2022K, capacity 2164K, committed 2176K, reserved 1048576K
}
2017-04-09T08:22:25.644+0200: 2,112: Total time for which application threads were stopped: 0,0215569 seconds, Stopping threads took: 0,0001087 seconds
2017-04-09T08:22:26.009+0200: 2,476: Total time for which application threads were stopped: 0,0012443 seconds, Stopping threads took: 0,0009323 seconds
{Heap before GC invocations=1 (full 0):
 par new generation   total 109248K, used 98761K [0x00000000e0000000, 0x00000000e8000000, 0x00000000e8000000)
  eden space 87424K, 100% used [0x00000000e0000000, 0x00000000e5560000, 0x00000000e5560000)
  from space 21824K,  51% used [0x00000000e6ab0000, 0x00000000e75c2688, 0x00000000e8000000)
  to   space 21824K,   0% used [0x00000000e5560000, 0x00000000e5560000, 0x00000000e6ab0000)
 concurrent mark-sweep generation total 393216K, used 0K [0x00000000e8000000, 0x0000000100000000, 0x0000000100000000)
 Metaspace       used 20020K, capacity 20352K, committed 20736K, reserved 1067008K
  class space    used 2291K, capacity 2464K, committed 2560K, reserved 1048576K
2017-04-09T08:22:26.041+0200: 2,508: [GC (Allocation Failure) 2017-04-09T08:22:26.041+0200: 2,508: [ParNew
Desired survivor size 20112992 bytes, new threshold 8 (max 8)
- age   1:    4399336 bytes,    4399336 total
- age   2:    6028960 bytes,   10428296 total
: 98761K->12662K(109248K), 0,0102381 secs] 98761K->12662K(502464K), 0,0103111 secs] [Times: user=0,04 sys=0,00, real=0,01 secs] 
Heap after GC invocations=2 (full 0):
 par new generation   total 109248K, used 12662K [0x00000000e0000000, 0x00000000e8000000, 0x00000000e8000000)
  eden space 87424K,   0% used [0x00000000e0000000, 0x00000000e0000000, 0x00000000e5560000)
  from space 21824K,  58% used [0x00000000e5560000, 0x00000000e61bdab0, 0x00000000e6ab0000)
  to   space 21824K,   0% used [0x00000000e6ab0000, 0x00000000e6ab0000, 0x00000000e8000000)
 concurrent mark-sweep generation total 393216K, used 0K [0x00000000e8000000, 0x0000000100000000, 0x0000000100000000)
 Metaspace       used 20020K, capacity 20352K, committed 20736K, reserved 1067008K
  class space    used 2291K, capacity 2464K, committed 2560K, reserved 1048576K
}
2017-04-09T08:22:26.051+0200: 2,518: Total time for which application threads were stopped: 0,0105339 seconds, Stopping threads took: 0,0000754 seconds
2017-04-09T08:22:26.065+0200: 2,532: Total time for which application threads were stopped: 0,0002982 seconds, Stopping threads took: 0,0000261 seconds
2017-04-09T08:22:26.123+0200: 2,591: Total time for which application threads were stopped: 0,0003258 seconds, Stopping threads took: 0,0000274 seconds
2017-04-09T08:22:26.267+0200: 2,735: Total time for which application threads were stopped: 0,0002051 seconds, Stopping threads took: 0,0000414 seconds
{Heap before GC invocations=2 (full 0):
 par new generation   total 109248K, used 100086K [0x00000000e0000000, 0x00000000e8000000, 0x00000000e8000000)
  eden space 87424K, 100% used [0x00000000e0000000, 0x00000000e5560000, 0x00000000e5560000)
  from space 21824K,  58% used [0x00000000e5560000, 0x00000000e61bdab0, 0x00000000e6ab0000)
  to   space 21824K,   0% used [0x00000000e6ab0000, 0x00000000e6ab0000, 0x00000000e8000000)
 concurrent mark-sweep generation total 393216K, used 0K [0x00000000e8000000, 0x0000000100000000, 0x0000000100000000)
 Metaspace       used 20981K, capacity 21280K, committed 21628K, reserved 1069056K
  class space    used 2416K, capacity 2584K, committed 2684K, reserved 1048576K
2017-04-09T08:22:26.306+0200: 2,774: [GC (Allocation Failure) 2017-04-09T08:22:26.306+0200: 2,774: [ParNew
Desired survivor size 20112992 bytes, new threshold 8 (max 8)
- age   1:    2230536 bytes,    2230536 total
- age   2:    1448192 bytes,    3678728 total
- age   3:    6027144 bytes,    9705872 total
: 100086K->11808K(109248K), 0,0104603 secs] 100086K->11808K(502464K), 0,0105439 secs] [Times: user=0,03 sys=0,00, real=0,00 secs] 
Heap after GC invocations=3 (full 0):
 par new generation   total 109248K, used 11808K [0x00000000e0000000, 0x00000000e8000000, 0x00000000e8000000)
  eden space 87424K,   0% used [0x00000000e0000000, 0x00000000e0000000, 0x00000000e5560000)
  from space 21824K,  54% used [0x00000000e6ab0000, 0x00000000e7638210, 0x00000000e8000000)
  to   space 21824K,   0% used [0x00000000e5560000, 0x00000000e5560000, 0x00000000e6ab0000)
 concurrent mark-sweep generation total 393216K, used 0K [0x00000000e8000000, 0x0000000100000000, 0x0000000100000000)
 Metaspace       used 20981K, capacity 21280K, committed 21628K, reserved 1069056K
  class space    used 2416K, capacity 2584K, committed 2684K, reserved 1048576K
}
2017-04-09T08:22:26.317+0200: 2,784: Total time for which application threads were stopped: 0,0149690 seconds, Stopping threads took: 0,0042830 seconds
2017-04-09T08:22:26.317+0200: 2,784: [GC (CMS Initial Mark) [1 CMS-initial-mark: 0K(393216K)] 13002K(502464K), 0,0040930 secs] [Times: user=0,02 sys=0,00, real=0,01 secs] 
2017-04-09T08:22:26.321+0200: 2,789: Total time for which application threads were stopped: 0,0042518 seconds, Stopping threads took: 0,0000497 seconds
2017-04-09T08:22:26.321+0200: 2,789: [CMS-concurrent-mark-start]
2017-04-09T08:22:26.322+0200: 2,789: [CMS-concurrent-mark: 0,001/0,001 secs] [Times: user=0,00 sys=0,00, real=0,00 secs] 
2017-04-09T08:22:26.322+0200: 2,789: [CMS-concurrent-preclean-start]
2017-04-09T08:22:26.323+0200: 2,790: [CMS-concurrent-preclean: 0,001/0,001 secs] [Times: user=0,00 sys=0,00, real=0,00 secs] 
2017-04-09T08:22:26.342+0200: 2,810: [GC (CMS Final Remark) [YG occupancy: 32050 K (109248 K)]{Heap before GC invocations=3 (full 1):
 par new generation   total 109248K, used 32050K [0x00000000e0000000, 0x00000000e8000000, 0x00000000e8000000)
  eden space 87424K,  23% used [0x00000000e0000000, 0x00000000e13c4758, 0x00000000e5560000)
  from space 21824K,  54% used [0x00000000e6ab0000, 0x00000000e7638210, 0x00000000e8000000)
  to   space 21824K,   0% used [0x00000000e5560000, 0x00000000e5560000, 0x00000000e6ab0000)
 concurrent mark-sweep generation total 393216K, used 0K [0x00000000e8000000, 0x0000000100000000, 0x0000000100000000)
 Metaspace       used 21026K, capacity 21408K, committed 21628K, reserved 1069056K
  class space    used 2424K, capacity 2584K, committed 2684K, reserved 1048576K
2017-04-09T08:22:26.342+0200: 2,810: [GC (CMS Final Remark) 2017-04-09T08:22:26.342+0200: 2,810: [ParNew
Desired survivor size 20112992 bytes, new threshold 8 (max 8)
- age   1:     786728 bytes,     786728 total
- age   2:    1970512 bytes,    2757240 total
- age   3:    1446240 bytes,    4203480 total
- age   4:    6027040 bytes,   10230520 total
: 32050K->14203K(109248K), 0,0162993 secs] 32050K->14203K(502464K), 0,0163545 secs] [Times: user=0,05 sys=0,00, real=0,02 secs] 
Heap after GC invocations=4 (full 1):
 par new generation   total 109248K, used 14203K [0x00000000e0000000, 0x00000000e8000000, 0x00000000e8000000)
  eden space 87424K,   0% used [0x00000000e0000000, 0x00000000e0000000, 0x00000000e5560000)
  from space 21824K,  65% used [0x00000000e5560000, 0x00000000e633eda0, 0x00000000e6ab0000)
  to   space 21824K,   0% used [0x00000000e6ab0000, 0x00000000e6ab0000, 0x00000000e8000000)
 concurrent mark-sweep generation total 393216K, used 0K [0x00000000e8000000, 0x0000000100000000, 0x0000000100000000)
 Metaspace       used 21026K, capacity 21408K, committed 21628K, reserved 1069056K
  class space    used 2424K, capacity 2584K, committed 2684K, reserved 1048576K
}
2017-04-09T08:22:26.359+0200: 2,826: [Rescan (parallel) , 0,0053837 secs]2017-04-09T08:22:26.364+0200: 2,832: [weak refs processing, 0,0019280 secs]2017-04-09T08:22:26.366+0200: 2,834: [class unloading, 0,0029711 secs]2017-04-09T08:22:26.369+0200: 2,837: [scrub symbol table, 0,0025590 secs]2017-04-09T08:22:26.372+0200: 2,839: [scrub string table, 0,0003774 secs][1 CMS-remark: 0K(393216K)] 14203K(502464K), 0,0302529 secs] [Times: user=0,08 sys=0,00, real=0,03 secs] 
2017-04-09T08:22:26.373+0200: 2,840: Total time for which application threads were stopped: 0,0304981 seconds, Stopping threads took: 0,0001462 seconds
2017-04-09T08:22:26.373+0200: 2,840: [CMS-concurrent-sweep-start]
2017-04-09T08:22:26.373+0200: 2,840: [CMS-concurrent-sweep: 0,000/0,000 secs] [Times: user=0,00 sys=0,00, real=0,00 secs] 
2017-04-09T08:22:26.373+0200: 2,841: [CMS-concurrent-reset-start]
2017-04-09T08:22:26.375+0200: 2,843: [CMS-concurrent-reset: 0,002/0,002 secs] [Times: user=0,00 sys=0,00, real=0,00 secs] 
2017-04-09T08:22:26.467+0200: 2,935: Total time for which application threads were stopped: 0,0001720 seconds, Stopping threads took: 0,0000742 seconds
{Heap before GC invocations=4 (full 1):
 par new generation   total 109248K, used 101659K [0x00000000e0000000, 0x00000000e8000000, 0x00000000e8000000)
  eden space 87424K, 100% used [0x00000000e0000000, 0x00000000e5560000, 0x00000000e5560000)
  from space 21824K,  65% used [0x00000000e5560000, 0x00000000e6346db0, 0x00000000e6ab0000)
  to   space 21824K,   0% used [0x00000000e6ab0000, 0x00000000e6ab0000, 0x00000000e8000000)
 concurrent mark-sweep generation total 393216K, used 0K [0x00000000e8000000, 0x0000000100000000, 0x0000000100000000)
 Metaspace       used 21261K, capacity 21644K, committed 21884K, reserved 1069056K
  class space    used 2450K, capacity 2603K, committed 2684K, reserved 1048576K
2017-04-09T08:22:26.468+0200: 2,935: [GC (Allocation Failure) 2017-04-09T08:22:26.468+0200: 2,935: [ParNew
Desired survivor size 20112992 bytes, new threshold 8 (max 8)
- age   1:    1072056 bytes,    1072056 total
- age   2:      18704 bytes,    1090760 total
- age   3:    1498608 bytes,    2589368 total
- age   4:    1413304 bytes,    4002672 total
- age   5:    6027040 bytes,   10029712 total
: 101659K->12227K(109248K), 0,0096493 secs] 101659K->12227K(502464K), 0,0097230 secs] [Times: user=0,03 sys=0,00, real=0,00 secs] 
Heap after GC invocations=5 (full 1):
 par new generation   total 109248K, used 12227K [0x00000000e0000000, 0x00000000e8000000, 0x00000000e8000000)
  eden space 87424K,   0% used [0x00000000e0000000, 0x00000000e0000000, 0x00000000e5560000)
  from space 21824K,  56% used [0x00000000e6ab0000, 0x00000000e76a0e00, 0x00000000e8000000)
  to   space 21824K,   0% used [0x00000000e5560000, 0x00000000e5560000, 0x00000000e6ab0000)
 concurrent mark-sweep generation total 393216K, used 0K [0x00000000e8000000, 0x0000000100000000, 0x0000000100000000)
 Metaspace       used 21261K, capacity 21644K, committed 21884K, reserved 1069056K
  class space    used 2450K, capacity 2603K, committed 2684K, reserved 1048576K
}
2017-04-09T08:22:26.477+0200: 2,945: Total time for which application threads were stopped: 0,0099307 seconds, Stopping threads took: 0,0000591 seconds
{Heap before GC invocations=5 (full 1):
 par new generation   total 109248K, used 12243K [0x00000000e0000000, 0x00000000e8000000, 0x00000000e8000000)
  eden space 87424K,   0% used [0x00000000e0000000, 0x00000000e0004010, 0x00000000e5560000)
  from space 21824K,  56% used [0x00000000e6ab0000, 0x00000000e76a0e00, 0x00000000e8000000)
  to   space 21824K,   0% used [0x00000000e5560000, 0x00000000e5560000, 0x00000000e6ab0000)
 concurrent mark-sweep generation total 393216K, used 0K [0x00000000e8000000, 0x0000000100000000, 0x0000000100000000)
 Metaspace       used 21261K, capacity 21644K, committed 21884K, reserved 1069056K
  class space    used 2450K, capacity 2603K, committed 2684K, reserved 1048576K
2017-04-09T08:22:26.478+0200: 2,945: [GC (GCLocker Initiated GC) 2017-04-09T08:22:26.478+0200: 2,945: [ParNew
Desired survivor size 20112992 bytes, new threshold 8 (max 8)
- age   1:      16400 bytes,      16400 total
- age   2:    1072056 bytes,    1088456 total
- age   3:      18704 bytes,    1107160 total
- age   4:    1498608 bytes,    2605768 total
- age   5:    1413304 bytes,    4019072 total
- age   6:    6027184 bytes,   10046256 total
: 12243K->15530K(109248K), 0,0102954 secs] 12243K->15530K(502464K), 0,0103654 secs] [Times: user=0,04 sys=0,00, real=0,02 secs] 
Heap after GC invocations=6 (full 1):
 par new generation   total 109248K, used 15530K [0x00000000e0000000, 0x00000000e8000000, 0x00000000e8000000)
  eden space 87424K,   0% used [0x00000000e0000000, 0x00000000e0000000, 0x00000000e5560000)
  from space 21824K,  71% used [0x00000000e5560000, 0x00000000e648a910, 0x00000000e6ab0000)
  to   space 21824K,   0% used [0x00000000e6ab0000, 0x00000000e6ab0000, 0x00000000e8000000)
 concurrent mark-sweep generation total 393216K, used 0K [0x00000000e8000000, 0x0000000100000000, 0x0000000100000000)
 Metaspace       used 21261K, capacity 21644K, committed 21884K, reserved 1069056K
  class space    used 2450K, capacity 2603K, committed 2684K, reserved 1048576K
}
2017-04-09T08:22:26.488+0200: 2,956: Total time for which application threads were stopped: 0,0105383 seconds, Stopping threads took: 0,0000454 seconds
2017-04-09T08:22:26.578+0200: 3,046: Total time for which application threads were stopped: 0,0004211 seconds, Stopping threads took: 0,0000433 seconds
{Heap before GC invocations=6 (full 1):
 par new generation   total 109248K, used 102954K [0x00000000e0000000, 0x00000000e8000000, 0x00000000e8000000)
  eden space 87424K, 100% used [0x00000000e0000000, 0x00000000e5560000, 0x00000000e5560000)
  from space 21824K,  71% used [0x00000000e5560000, 0x00000000e648a910, 0x00000000e6ab0000)
  to   space 21824K,   0% used [0x00000000e6ab0000, 0x00000000e6ab0000, 0x00000000e8000000)
 concurrent mark-sweep generation total 393216K, used 0K [0x00000000e8000000, 0x0000000100000000, 0x0000000100000000)
 Metaspace       used 21718K, capacity 22106K, committed 22140K, reserved 1069056K
  class space    used 2512K, capacity 2670K, committed 2684K, reserved 1048576K
2017-04-09T08:22:26.587+0200: 3,055: [GC (Allocation Failure) 2017-04-09T08:22:26.587+0200: 3,055: [ParNew
Desired survivor size 20112992 bytes, new threshold 8 (max 8)
- age   1:     657992 bytes,     657992 total
- age   3:     198848 bytes,     856840 total
- age   4:      18024 bytes,     874864 total
- age   5:     714488 bytes,    1589352 total
- age   6:    1411288 bytes,    3000640 total
- age   7:    6027208 bytes,    9027848 total
: 102954K->11678K(109248K), 0,0095791 secs] 102954K->11678K(502464K), 0,0096396 secs] [Times: user=0,04 sys=0,00, real=0,00 secs] 
Heap after GC invocations=7 (full 1):
 par new generation   total 109248K, used 11678K [0x00000000e0000000, 0x00000000e8000000, 0x00000000e8000000)
  eden space 87424K,   0% used [0x00000000e0000000, 0x00000000e0000000, 0x00000000e5560000)
  from space 21824K,  53% used [0x00000000e6ab0000, 0x00000000e7617880, 0x00000000e8000000)
  to   space 21824K,   0% used [0x00000000e5560000, 0x00000000e5560000, 0x00000000e6ab0000)
 concurrent mark-sweep generation total 393216K, used 0K [0x00000000e8000000, 0x0000000100000000, 0x0000000100000000)
 Metaspace       used 21718K, capacity 22106K, committed 22140K, reserved 1069056K
  class space    used 2512K, capacity 2670K, committed 2684K, reserved 1048576K
}
2017-04-09T08:22:26.597+0200: 3,065: Total time for which application threads were stopped: 0,0100306 seconds, Stopping threads took: 0,0002577 seconds
2017-04-09T08:22:26.807+0200: 3,275: Total time for which application threads were stopped: 0,0004845 seconds, Stopping threads took: 0,0000266 seconds
2017-04-09T08:22:26.826+0200: 3,294: Total time for which application threads were stopped: 0,0048699 seconds, Stopping threads took: 0,0044874 seconds
{Heap before GC invocations=7 (full 1):
 par new generation   total 109248K, used 99102K [0x00000000e0000000, 0x00000000e8000000, 0x00000000e8000000)
  eden space 87424K, 100% used [0x00000000e0000000, 0x00000000e5560000, 0x00000000e5560000)
  from space 21824K,  53% used [0x00000000e6ab0000, 0x00000000e7617880, 0x00000000e8000000)
  to   space 21824K,   0% used [0x00000000e5560000, 0x00000000e5560000, 0x00000000e6ab0000)
 concurrent mark-sweep generation total 393216K, used 0K [0x00000000e8000000, 0x0000000100000000, 0x0000000100000000)
 Metaspace       used 23612K, capacity 24088K, committed 24316K, reserved 1071104K
  class space    used 2748K, capacity 2947K, committed 3068K, reserved 1048576K
2017-04-09T08:22:26.978+0200: 3,446: [GC (Allocation Failure) 2017-04-09T08:22:26.978+0200: 3,446: [ParNew
Desired survivor size 20112992 bytes, new threshold 8 (max 8)
- age   1:    4847256 bytes,    4847256 total
- age   2:     211048 bytes,    5058304 total
- age   4:     192608 bytes,    5250912 total
- age   5:      17992 bytes,    5268904 total
- age   6:     321112 bytes,    5590016 total
- age   7:    1387232 bytes,    6977248 total
- age   8:    6019040 bytes,   12996288 total
: 99102K->14539K(109248K), 0,0231237 secs] 99102K->14539K(502464K), 0,0232361 secs] [Times: user=0,09 sys=0,00, real=0,03 secs] 
Heap after GC invocations=8 (full 1):
 par new generation   total 109248K, used 14539K [0x00000000e0000000, 0x00000000e8000000, 0x00000000e8000000)
  eden space 87424K,   0% used [0x00000000e0000000, 0x00000000e0000000, 0x00000000e5560000)
  from space 21824K,  66% used [0x00000000e5560000, 0x00000000e6392f90, 0x00000000e6ab0000)
  to   space 21824K,   0% used [0x00000000e6ab0000, 0x00000000e6ab0000, 0x00000000e8000000)
 concurrent mark-sweep generation total 393216K, used 0K [0x00000000e8000000, 0x0000000100000000, 0x0000000100000000)
 Metaspace       used 23612K, capacity 24088K, committed 24316K, reserved 1071104K
  class space    used 2748K, capacity 2947K, committed 3068K, reserved 1048576K
}
2017-04-09T08:22:27.001+0200: 3,469: Total time for which application threads were stopped: 0,0235027 seconds, Stopping threads took: 0,0000515 seconds
{Heap before GC invocations=8 (full 1):
 par new generation   total 109248K, used 101963K [0x00000000e0000000, 0x00000000e8000000, 0x00000000e8000000)
  eden space 87424K, 100% used [0x00000000e0000000, 0x00000000e5560000, 0x00000000e5560000)
  from space 21824K,  66% used [0x00000000e5560000, 0x00000000e6392f90, 0x00000000e6ab0000)
  to   space 21824K,   0% used [0x00000000e6ab0000, 0x00000000e6ab0000, 0x00000000e8000000)
 concurrent mark-sweep generation total 393216K, used 0K [0x00000000e8000000, 0x0000000100000000, 0x0000000100000000)
 Metaspace       used 24210K, capacity 24644K, committed 24828K, reserved 1071104K
  class space    used 2844K, capacity 3045K, committed 3068K, reserved 1048576K
2017-04-09T08:22:27.099+0200: 3,567: [GC (Allocation Failure) 2017-04-09T08:22:27.099+0200: 3,567: [ParNew
Desired survivor size 20112992 bytes, new threshold 8 (max 8)
- age   1:    2203016 bytes,    2203016 total
- age   2:    1748552 bytes,    3951568 total
- age   3:     102656 bytes,    4054224 total
- age   5:     112128 bytes,    4166352 total
- age   6:      13776 bytes,    4180128 total
- age   7:     183944 bytes,    4364072 total
- age   8:    1041464 bytes,    5405536 total
: 101963K->10636K(109248K), 0,0336462 secs] 101963K->16411K(502464K), 0,0337284 secs] [Times: user=0,10 sys=0,01, real=0,03 secs] 
Heap after GC invocations=9 (full 1):
 par new generation   total 109248K, used 10636K [0x00000000e0000000, 0x00000000e8000000, 0x00000000e8000000)
  eden space 87424K,   0% used [0x00000000e0000000, 0x00000000e0000000, 0x00000000e5560000)
  from space 21824K,  48% used [0x00000000e6ab0000, 0x00000000e75133a0, 0x00000000e8000000)
  to   space 21824K,   0% used [0x00000000e5560000, 0x00000000e5560000, 0x00000000e6ab0000)
 concurrent mark-sweep generation total 393216K, used 5774K [0x00000000e8000000, 0x0000000100000000, 0x0000000100000000)
 Metaspace       used 24210K, capacity 24644K, committed 24828K, reserved 1071104K
  class space    used 2844K, capacity 3045K, committed 3068K, reserved 1048576K
}
2017-04-09T08:22:27.133+0200: 3,600: Total time for which application threads were stopped: 0,0340040 seconds, Stopping threads took: 0,0000759 seconds
{Heap before GC invocations=9 (full 1):
 par new generation   total 109248K, used 98060K [0x00000000e0000000, 0x00000000e8000000, 0x00000000e8000000)
  eden space 87424K, 100% used [0x00000000e0000000, 0x00000000e5560000, 0x00000000e5560000)
  from space 21824K,  48% used [0x00000000e6ab0000, 0x00000000e75133a0, 0x00000000e8000000)
  to   space 21824K,   0% used [0x00000000e5560000, 0x00000000e5560000, 0x00000000e6ab0000)
 concurrent mark-sweep generation total 393216K, used 5774K [0x00000000e8000000, 0x0000000100000000, 0x0000000100000000)
 Metaspace       used 24955K, capacity 25406K, committed 25724K, reserved 1071104K
  class space    used 2909K, capacity 3082K, committed 3196K, reserved 1048576K
2017-04-09T08:22:27.277+0200: 3,744: [GC (Allocation Failure) 2017-04-09T08:22:27.277+0200: 3,744: [ParNew
Desired survivor size 20112992 bytes, new threshold 8 (max 8)
- age   1:    1140952 bytes,    1140952 total
- age   2:    1027848 bytes,    2168800 total
- age   3:    1723736 bytes,    3892536 total
- age   4:     102536 bytes,    3995072 total
- age   6:     111928 bytes,    4107000 total
- age   7:      11136 bytes,    4118136 total
- age   8:     180648 bytes,    4298784 total
: 98060K->5473K(109248K), 0,0093170 secs] 103835K->12276K(502464K), 0,0093925 secs] [Times: user=0,02 sys=0,00, real=0,02 secs] 
Heap after GC invocations=10 (full 1):
 par new generation   total 109248K, used 5473K [0x00000000e0000000, 0x00000000e8000000, 0x00000000e8000000)
  eden space 87424K,   0% used [0x00000000e0000000, 0x00000000e0000000, 0x00000000e5560000)
  from space 21824K,  25% used [0x00000000e5560000, 0x00000000e5ab8600, 0x00000000e6ab0000)
  to   space 21824K,   0% used [0x00000000e6ab0000, 0x00000000e6ab0000, 0x00000000e8000000)
 concurrent mark-sweep generation total 393216K, used 6803K [0x00000000e8000000, 0x0000000100000000, 0x0000000100000000)
 Metaspace       used 24955K, capacity 25406K, committed 25724K, reserved 1071104K
  class space    used 2909K, capacity 3082K, committed 3196K, reserved 1048576K
}
2017-04-09T08:22:27.286+0200: 3,754: Total time for which application threads were stopped: 0,0107245 seconds, Stopping threads took: 0,0011809 seconds
2017-04-09T08:22:27.498+0200: 3,966: Total time for which application threads were stopped: 0,0004844 seconds, Stopping threads took: 0,0000376 seconds
2017-04-09T08:22:27.514+0200: 3,981: Total time for which application threads were stopped: 0,0004158 seconds, Stopping threads took: 0,0000224 seconds
2017-04-09T08:22:27.555+0200: 4,022: Total time for which application threads were stopped: 0,0003863 seconds, Stopping threads took: 0,0000184 seconds
2017-04-09T08:22:27.591+0200: 4,058: Total time for which application threads were stopped: 0,0003383 seconds, Stopping threads took: 0,0000444 seconds
2017-04-09T08:22:27.591+0200: 4,059: Total time for which application threads were stopped: 0,0000994 seconds, Stopping threads took: 0,0000265 seconds
2017-04-09T08:22:27.592+0200: 4,059: Total time for which application threads were stopped: 0,0000823 seconds, Stopping threads took: 0,0000271 seconds
2017-04-09T08:22:27.592+0200: 4,060: Total time for which application threads were stopped: 0,0000832 seconds, Stopping threads took: 0,0000255 seconds
2017-04-09T08:22:27.593+0200: 4,060: Total time for which application threads were stopped: 0,0000869 seconds, Stopping threads took: 0,0000261 seconds
2017-04-09T08:22:27.594+0200: 4,061: Total time for which application threads were stopped: 0,0000903 seconds, Stopping threads took: 0,0000280 seconds
2017-04-09T08:22:27.594+0200: 4,062: Total time for which application threads were stopped: 0,0001043 seconds, Stopping threads took: 0,0000455 seconds
2017-04-09T08:22:27.596+0200: 4,063: Total time for which application threads were stopped: 0,0001202 seconds, Stopping threads took: 0,0000405 seconds
2017-04-09T08:22:27.596+0200: 4,064: Total time for which application threads were stopped: 0,0000863 seconds, Stopping threads took: 0,0000274 seconds
2017-04-09T08:22:27.597+0200: 4,065: Total time for which application threads were stopped: 0,0000891 seconds, Stopping threads took: 0,0000265 seconds
2017-04-09T08:22:27.598+0200: 4,065: Total time for which application threads were stopped: 0,0000989 seconds, Stopping threads took: 0,0000263 seconds
2017-04-09T08:22:27.599+0200: 4,066: Total time for which application threads were stopped: 0,0001001 seconds, Stopping threads took: 0,0000321 seconds
2017-04-09T08:22:27.599+0200: 4,067: Total time for which application threads were stopped: 0,0000761 seconds, Stopping threads took: 0,0000209 seconds
2017-04-09T08:22:27.600+0200: 4,067: Total time for which application threads were stopped: 0,0000774 seconds, Stopping threads took: 0,0000213 seconds
2017-04-09T08:22:27.600+0200: 4,068: Total time for which application threads were stopped: 0,0000957 seconds, Stopping threads took: 0,0000297 seconds
2017-04-09T08:22:27.601+0200: 4,068: Total time for which application threads were stopped: 0,0000750 seconds, Stopping threads took: 0,0000243 seconds
2017-04-09T08:22:27.601+0200: 4,068: Total time for which application threads were stopped: 0,0000475 seconds, Stopping threads took: 0,0000093 seconds
2017-04-09T08:22:27.601+0200: 4,069: Total time for which application threads were stopped: 0,0000648 seconds, Stopping threads took: 0,0000179 seconds
2017-04-09T08:22:27.601+0200: 4,069: Total time for which application threads were stopped: 0,0000596 seconds, Stopping threads took: 0,0000200 seconds
2017-04-09T08:22:27.602+0200: 4,069: Total time for which application threads were stopped: 0,0000653 seconds, Stopping threads took: 0,0000193 seconds
2017-04-09T08:22:27.602+0200: 4,069: Total time for which application threads were stopped: 0,0000592 seconds, Stopping threads took: 0,0000187 seconds
2017-04-09T08:22:27.602+0200: 4,070: Total time for which application threads were stopped: 0,0001391 seconds, Stopping threads took: 0,0000200 seconds
2017-04-09T08:22:27.603+0200: 4,070: Total time for which application threads were stopped: 0,0000800 seconds, Stopping threads took: 0,0000242 seconds
2017-04-09T08:22:27.604+0200: 4,071: Total time for which application threads were stopped: 0,0000843 seconds, Stopping threads took: 0,0000273 seconds
2017-04-09T08:22:27.606+0200: 4,073: Total time for which application threads were stopped: 0,0002733 seconds, Stopping threads took: 0,0002028 seconds
2017-04-09T08:22:27.609+0200: 4,076: Total time for which application threads were stopped: 0,0003180 seconds, Stopping threads took: 0,0002135 seconds
2017-04-09T08:22:27.611+0200: 4,079: Total time for which application threads were stopped: 0,0002933 seconds, Stopping threads took: 0,0001891 seconds
2017-04-09T08:22:27.614+0200: 4,081: Total time for which application threads were stopped: 0,0005137 seconds, Stopping threads took: 0,0004421 seconds
2017-04-09T08:22:27.618+0200: 4,086: Total time for which application threads were stopped: 0,0040792 seconds, Stopping threads took: 0,0040199 seconds
2017-04-09T08:22:27.621+0200: 4,088: Total time for which application threads were stopped: 0,0001288 seconds, Stopping threads took: 0,0000478 seconds
2017-04-09T08:22:27.622+0200: 4,089: Total time for which application threads were stopped: 0,0001041 seconds, Stopping threads took: 0,0000400 seconds
2017-04-09T08:22:27.625+0200: 4,092: Total time for which application threads were stopped: 0,0001386 seconds, Stopping threads took: 0,0000554 seconds
2017-04-09T08:22:27.628+0200: 4,095: Total time for which application threads were stopped: 0,0002492 seconds, Stopping threads took: 0,0001843 seconds
2017-04-09T08:22:27.654+0200: 4,122: Total time for which application threads were stopped: 0,0001779 seconds, Stopping threads took: 0,0000442 seconds
2017-04-09T08:22:27.655+0200: 4,122: Total time for which application threads were stopped: 0,0000741 seconds, Stopping threads took: 0,0000163 seconds
2017-04-09T08:22:27.655+0200: 4,122: Total time for which application threads were stopped: 0,0000769 seconds, Stopping threads took: 0,0000220 seconds
2017-04-09T08:22:27.655+0200: 4,123: Total time for which application threads were stopped: 0,0003667 seconds, Stopping threads took: 0,0000188 seconds
2017-04-09T08:22:27.657+0200: 4,124: Total time for which application threads were stopped: 0,0011438 seconds, Stopping threads took: 0,0010821 seconds
2017-04-09T08:22:27.658+0200: 4,126: Total time for which application threads were stopped: 0,0000975 seconds, Stopping threads took: 0,0000352 seconds
2017-04-09T08:22:27.658+0200: 4,126: Total time for which application threads were stopped: 0,0000855 seconds, Stopping threads took: 0,0000232 seconds
2017-04-09T08:22:27.660+0200: 4,127: Total time for which application threads were stopped: 0,0001017 seconds, Stopping threads took: 0,0000254 seconds
2017-04-09T08:22:27.662+0200: 4,129: Total time for which application threads were stopped: 0,0001096 seconds, Stopping threads took: 0,0000399 seconds
2017-04-09T08:22:27.664+0200: 4,132: Total time for which application threads were stopped: 0,0001022 seconds, Stopping threads took: 0,0000331 seconds
2017-04-09T08:22:27.674+0200: 4,141: Total time for which application threads were stopped: 0,0001202 seconds, Stopping threads took: 0,0000365 seconds
2017-04-09T08:22:27.676+0200: 4,143: Total time for which application threads were stopped: 0,0001236 seconds, Stopping threads took: 0,0000548 seconds
2017-04-09T08:22:27.679+0200: 4,147: Total time for which application threads were stopped: 0,0002325 seconds, Stopping threads took: 0,0000586 seconds
2017-04-09T08:22:29.679+0200: 6,147: Total time for which application threads were stopped: 0,0000713 seconds, Stopping threads took: 0,0000145 seconds
2017-04-09T08:22:45.681+0200: 22,148: Total time for which application threads were stopped: 0,0001087 seconds, Stopping threads took: 0,0000300 seconds
2017-04-09T08:22:55.683+0200: 32,150: Total time for which application threads were stopped: 0,0000614 seconds, Stopping threads took: 0,0000159 seconds
2017-04-09T08:23:50.689+0200: 87,157: Total time for which application threads were stopped: 0,0005785 seconds, Stopping threads took: 0,0001272 seconds
2017-04-09T08:24:20.693+0200: 117,161: Total time for which application threads were stopped: 0,0005792 seconds, Stopping threads took: 0,0001264 seconds
2017-04-09T08:24:25.694+0200: 122,161: Total time for which application threads were stopped: 0,0000692 seconds, Stopping threads took: 0,0000159 seconds
2017-04-09T08:27:00.710+0200: 277,177: Total time for which application threads were stopped: 0,0000934 seconds, Stopping threads took: 0,0000385 seconds
2017-04-09T08:45:54.858+0200: 1411,326: Total time for which application threads were stopped: 0,0001123 seconds, Stopping threads took: 0,0000413 seconds
2017-04-09T08:50:49.889+0200: 1706,357: Total time for which application threads were stopped: 0,0001193 seconds, Stopping threads took: 0,0000460 seconds
2017-04-09T09:00:45.960+0200: 2302,427: Total time for which application threads were stopped: 0,0001050 seconds, Stopping threads took: 0,0000380 seconds
2017-04-09T09:00:49.960+0200: 2306,428: Total time for which application threads were stopped: 0,0000710 seconds, Stopping threads took: 0,0000176 seconds
2017-04-09T09:15:41.059+0200: 3197,527: Total time for which application threads were stopped: 0,0000869 seconds, Stopping threads took: 0,0000347 seconds
{Heap before GC invocations=10 (full 1):
 par new generation   total 109248K, used 92897K [0x00000000e0000000, 0x00000000e8000000, 0x00000000e8000000)
  eden space 87424K, 100% used [0x00000000e0000000, 0x00000000e5560000, 0x00000000e5560000)
  from space 21824K,  25% used [0x00000000e5560000, 0x00000000e5ab8600, 0x00000000e6ab0000)
  to   space 21824K,   0% used [0x00000000e6ab0000, 0x00000000e6ab0000, 0x00000000e8000000)
 concurrent mark-sweep generation total 393216K, used 6803K [0x00000000e8000000, 0x0000000100000000, 0x0000000100000000)
 Metaspace       used 28072K, capacity 28658K, committed 28796K, reserved 1075200K
  class space    used 3221K, capacity 3392K, committed 3452K, reserved 1048576K
2017-04-09T09:25:46.944+0200: 3803,411: [GC (Allocation Failure) 2017-04-09T09:25:46.944+0200: 3803,411: [ParNew
Desired survivor size 20112992 bytes, new threshold 8 (max 8)
- age   1:   10958928 bytes,   10958928 total
- age   2:     320256 bytes,   11279184 total
- age   3:     233160 bytes,   11512344 total
- age   4:    1719080 bytes,   13231424 total
- age   5:     102440 bytes,   13333864 total
- age   7:     111800 bytes,   13445664 total
- age   8:      11136 bytes,   13456800 total
: 92897K->13877K(109248K), 0,1165543 secs] 99700K->20878K(502464K), 0,1166404 secs] [Times: user=0,05 sys=0,00, real=0,12 secs] 
Heap after GC invocations=11 (full 1):
 par new generation   total 109248K, used 13877K [0x00000000e0000000, 0x00000000e8000000, 0x00000000e8000000)
  eden space 87424K,   0% used [0x00000000e0000000, 0x00000000e0000000, 0x00000000e5560000)
  from space 21824K,  63% used [0x00000000e6ab0000, 0x00000000e783d560, 0x00000000e8000000)
  to   space 21824K,   0% used [0x00000000e5560000, 0x00000000e5560000, 0x00000000e6ab0000)
 concurrent mark-sweep generation total 393216K, used 7001K [0x00000000e8000000, 0x0000000100000000, 0x0000000100000000)
 Metaspace       used 28072K, capacity 28658K, committed 28796K, reserved 1075200K
  class space    used 3221K, capacity 3392K, committed 3452K, reserved 1048576K
}
2017-04-09T09:25:47.060+0200: 3803,528: Total time for which application threads were stopped: 0,1168581 seconds, Stopping threads took: 0,0000579 seconds
2017-04-09T09:25:47.063+0200: 3803,530: Total time for which application threads were stopped: 0,0004559 seconds, Stopping threads took: 0,0003602 seconds
2017-04-09T09:25:47.070+0200: 3803,538: Total time for which application threads were stopped: 0,0001178 seconds, Stopping threads took: 0,0000345 seconds
2017-04-09T09:25:47.134+0200: 3803,602: Total time for which application threads were stopped: 0,0010088 seconds, Stopping threads took: 0,0009134 seconds
2017-04-09T09:25:47.135+0200: 3803,603: Total time for which application threads were stopped: 0,0001162 seconds, Stopping threads took: 0,0000269 seconds
2017-04-09T09:25:47.147+0200: 3803,614: Total time for which application threads were stopped: 0,0000937 seconds, Stopping threads took: 0,0000246 seconds
2017-04-09T09:25:47.147+0200: 3803,615: Total time for which application threads were stopped: 0,0001105 seconds, Stopping threads took: 0,0000225 seconds
Heap
 par new generation   total 109248K, used 18916K [0x00000000e0000000, 0x00000000e8000000, 0x00000000e8000000)
  eden space 87424K,   5% used [0x00000000e0000000, 0x00000000e04ebd48, 0x00000000e5560000)
  from space 21824K,  63% used [0x00000000e6ab0000, 0x00000000e783d560, 0x00000000e8000000)
  to   space 21824K,   0% used [0x00000000e5560000, 0x00000000e5560000, 0x00000000e6ab0000)
 concurrent mark-sweep generation total 393216K, used 7001K [0x00000000e8000000, 0x0000000100000000, 0x0000000100000000)
 Metaspace       used 28138K, capacity 28692K, committed 28796K, reserved 1075200K
  class space    used 3229K, capacity 3425K, committed 3452K, reserved 1048576K
