OpenJDK 64-Bit Server VM (25.131-b11) for linux-amd64 JRE (1.8.0_131-8u131-b11-0ubuntu1.16.04.2-b11), built on May  6 2017 02:45:27 by "buildd" with gcc 5.4.0 20160609
Memory: 4k page, physical 7867740k(7470768k free), swap 8076284k(8076284k free)
CommandLine flags: -XX:CMSInitiatingOccupancyFraction=50 -XX:CMSMaxAbortablePrecleanTime=6000 -XX:+CMSParallelRemarkEnabled -XX:+CMSScavengeBeforeRemark -XX:ConcGCThreads=4 -XX:InitialHeapSize=536870912 -XX:MaxHeapSize=536870912 -XX:MaxTenuringThreshold=8 -XX:NewRatio=3 -XX:OldPLABSize=16 -XX:OnOutOfMemoryError=/opt/solr/bin/oom_solr.sh 8983 /var/solr/logs -XX:ParallelGCThreads=4 -XX:+ParallelRefProcEnabled -XX:PretenureSizeThreshold=67108864 -XX:+PrintGC -XX:+PrintGCApplicationStoppedTime -XX:+PrintGCDateStamps -XX:+PrintGCDetails -XX:+PrintGCTimeStamps -XX:+PrintHeapAtGC -XX:+PrintTenuringDistribution -XX:SurvivorRatio=4 -XX:TargetSurvivorRatio=90 -XX:ThreadStackSize=256 -XX:+UseCMSInitiatingOccupancyOnly -XX:+UseCompressedClassPointers -XX:+UseCompressedOops -XX:+UseConcMarkSweepGC -XX:+UseParNewGC 
2017-07-13T13:23:02.807+0200: 0,183: Total time for which application threads were stopped: 0,0000778 seconds, Stopping threads took: 0,0000125 seconds
2017-07-13T13:23:02.905+0200: 0,281: Total time for which application threads were stopped: 0,0000970 seconds, Stopping threads took: 0,0000136 seconds
2017-07-13T13:23:02.934+0200: 0,310: Total time for which application threads were stopped: 0,0000956 seconds, Stopping threads took: 0,0000117 seconds
2017-07-13T13:23:03.228+0200: 0,604: Total time for which application threads were stopped: 0,0001701 seconds, Stopping threads took: 0,0000195 seconds
2017-07-13T13:23:03.620+0200: 0,996: Total time for which application threads were stopped: 0,0001524 seconds, Stopping threads took: 0,0000146 seconds
2017-07-13T13:23:03.717+0200: 1,093: Total time for which application threads were stopped: 0,0001374 seconds, Stopping threads took: 0,0000145 seconds
2017-07-13T13:23:03.770+0200: 1,146: Total time for which application threads were stopped: 0,0001668 seconds, Stopping threads took: 0,0000251 seconds
2017-07-13T13:23:04.110+0200: 1,486: Total time for which application threads were stopped: 0,0001731 seconds, Stopping threads took: 0,0000216 seconds
2017-07-13T13:23:04.370+0200: 1,746: Total time for which application threads were stopped: 0,0002568 seconds, Stopping threads took: 0,0000295 seconds
2017-07-13T13:23:04.394+0200: 1,770: Total time for which application threads were stopped: 0,0001748 seconds, Stopping threads took: 0,0000141 seconds
2017-07-13T13:23:04.429+0200: 1,805: Total time for which application threads were stopped: 0,0001888 seconds, Stopping threads took: 0,0000174 seconds
2017-07-13T13:23:04.430+0200: 1,806: Total time for which application threads were stopped: 0,0001276 seconds, Stopping threads took: 0,0000117 seconds
2017-07-13T13:23:04.449+0200: 1,824: Total time for which application threads were stopped: 0,0002202 seconds, Stopping threads took: 0,0000170 seconds
2017-07-13T13:23:04.538+0200: 1,914: Total time for which application threads were stopped: 0,0002656 seconds, Stopping threads took: 0,0000223 seconds
2017-07-13T13:23:04.714+0200: 2,090: Total time for which application threads were stopped: 0,0003174 seconds, Stopping threads took: 0,0000872 seconds
{Heap before GC invocations=0 (full 0):
 par new generation   total 109248K, used 87424K [0x00000000e0000000, 0x00000000e8000000, 0x00000000e8000000)
  eden space 87424K, 100% used [0x00000000e0000000, 0x00000000e5560000, 0x00000000e5560000)
  from space 21824K,   0% used [0x00000000e5560000, 0x00000000e5560000, 0x00000000e6ab0000)
  to   space 21824K,   0% used [0x00000000e6ab0000, 0x00000000e6ab0000, 0x00000000e8000000)
 concurrent mark-sweep generation total 393216K, used 0K [0x00000000e8000000, 0x0000000100000000, 0x0000000100000000)
 Metaspace       used 18022K, capacity 18336K, committed 18688K, reserved 1064960K
  class space    used 2035K, capacity 2196K, committed 2304K, reserved 1048576K
2017-07-13T13:23:04.818+0200: 2,194: [GC (Allocation Failure) 2017-07-13T13:23:04.818+0200: 2,194: [ParNew
Desired survivor size 20112992 bytes, new threshold 8 (max 8)
- age   1:   12594432 bytes,   12594432 total
: 87424K->12409K(109248K), 0,0157832 secs] 87424K->12409K(502464K), 0,0158790 secs] [Times: user=0,04 sys=0,00, real=0,02 secs] 
Heap after GC invocations=1 (full 0):
 par new generation   total 109248K, used 12409K [0x00000000e0000000, 0x00000000e8000000, 0x00000000e8000000)
  eden space 87424K,   0% used [0x00000000e0000000, 0x00000000e0000000, 0x00000000e5560000)
  from space 21824K,  56% used [0x00000000e6ab0000, 0x00000000e76ce480, 0x00000000e8000000)
  to   space 21824K,   0% used [0x00000000e5560000, 0x00000000e5560000, 0x00000000e6ab0000)
 concurrent mark-sweep generation total 393216K, used 0K [0x00000000e8000000, 0x0000000100000000, 0x0000000100000000)
 Metaspace       used 18022K, capacity 18336K, committed 18688K, reserved 1064960K
  class space    used 2035K, capacity 2196K, committed 2304K, reserved 1048576K
}
2017-07-13T13:23:04.834+0200: 2,210: Total time for which application threads were stopped: 0,0161252 seconds, Stopping threads took: 0,0000255 seconds
2017-07-13T13:23:05.399+0200: 2,775: Total time for which application threads were stopped: 0,0003486 seconds, Stopping threads took: 0,0000382 seconds
{Heap before GC invocations=1 (full 0):
 par new generation   total 109248K, used 99833K [0x00000000e0000000, 0x00000000e8000000, 0x00000000e8000000)
  eden space 87424K, 100% used [0x00000000e0000000, 0x00000000e5560000, 0x00000000e5560000)
  from space 21824K,  56% used [0x00000000e6ab0000, 0x00000000e76ce480, 0x00000000e8000000)
  to   space 21824K,   0% used [0x00000000e5560000, 0x00000000e5560000, 0x00000000e6ab0000)
 concurrent mark-sweep generation total 393216K, used 0K [0x00000000e8000000, 0x0000000100000000, 0x0000000100000000)
 Metaspace       used 20039K, capacity 20356K, committed 20736K, reserved 1067008K
  class space    used 2292K, capacity 2466K, committed 2560K, reserved 1048576K
2017-07-13T13:23:05.428+0200: 2,804: [GC (Allocation Failure) 2017-07-13T13:23:05.428+0200: 2,804: [ParNew
Desired survivor size 20112992 bytes, new threshold 8 (max 8)
- age   1:    3793064 bytes,    3793064 total
- age   2:    6664208 bytes,   10457272 total
: 99833K->15732K(109248K), 0,0099785 secs] 99833K->15732K(502464K), 0,0100452 secs] [Times: user=0,03 sys=0,00, real=0,01 secs] 
Heap after GC invocations=2 (full 0):
 par new generation   total 109248K, used 15732K [0x00000000e0000000, 0x00000000e8000000, 0x00000000e8000000)
  eden space 87424K,   0% used [0x00000000e0000000, 0x00000000e0000000, 0x00000000e5560000)
  from space 21824K,  72% used [0x00000000e5560000, 0x00000000e64bd100, 0x00000000e6ab0000)
  to   space 21824K,   0% used [0x00000000e6ab0000, 0x00000000e6ab0000, 0x00000000e8000000)
 concurrent mark-sweep generation total 393216K, used 0K [0x00000000e8000000, 0x0000000100000000, 0x0000000100000000)
 Metaspace       used 20039K, capacity 20356K, committed 20736K, reserved 1067008K
  class space    used 2292K, capacity 2466K, committed 2560K, reserved 1048576K
}
2017-07-13T13:23:05.438+0200: 2,814: Total time for which application threads were stopped: 0,0109393 seconds, Stopping threads took: 0,0007511 seconds
2017-07-13T13:23:05.441+0200: 2,817: Total time for which application threads were stopped: 0,0003019 seconds, Stopping threads took: 0,0000564 seconds
2017-07-13T13:23:05.470+0200: 2,846: Total time for which application threads were stopped: 0,0016179 seconds, Stopping threads took: 0,0013254 seconds
2017-07-13T13:23:05.599+0200: 2,975: Total time for which application threads were stopped: 0,0001505 seconds, Stopping threads took: 0,0000287 seconds
{Heap before GC invocations=2 (full 0):
 par new generation   total 109248K, used 103156K [0x00000000e0000000, 0x00000000e8000000, 0x00000000e8000000)
  eden space 87424K, 100% used [0x00000000e0000000, 0x00000000e5560000, 0x00000000e5560000)
  from space 21824K,  72% used [0x00000000e5560000, 0x00000000e64bd100, 0x00000000e6ab0000)
  to   space 21824K,   0% used [0x00000000e6ab0000, 0x00000000e6ab0000, 0x00000000e8000000)
 concurrent mark-sweep generation total 393216K, used 0K [0x00000000e8000000, 0x0000000100000000, 0x0000000100000000)
 Metaspace       used 20958K, capacity 21278K, committed 21628K, reserved 1069056K
  class space    used 2415K, capacity 2585K, committed 2684K, reserved 1048576K
2017-07-13T13:23:05.635+0200: 3,011: [GC (Allocation Failure) 2017-07-13T13:23:05.635+0200: 3,011: [ParNew
Desired survivor size 20112992 bytes, new threshold 8 (max 8)
- age   1:    2128416 bytes,    2128416 total
- age   2:     851320 bytes,    2979736 total
- age   3:    6660280 bytes,    9640016 total
: 103156K->12428K(109248K), 0,0209575 secs] 103156K->12428K(502464K), 0,0210406 secs] [Times: user=0,08 sys=0,00, real=0,02 secs] 
Heap after GC invocations=3 (full 0):
 par new generation   total 109248K, used 12428K [0x00000000e0000000, 0x00000000e8000000, 0x00000000e8000000)
  eden space 87424K,   0% used [0x00000000e0000000, 0x00000000e0000000, 0x00000000e5560000)
  from space 21824K,  56% used [0x00000000e6ab0000, 0x00000000e76d32d8, 0x00000000e8000000)
  to   space 21824K,   0% used [0x00000000e5560000, 0x00000000e5560000, 0x00000000e6ab0000)
 concurrent mark-sweep generation total 393216K, used 0K [0x00000000e8000000, 0x0000000100000000, 0x0000000100000000)
 Metaspace       used 20958K, capacity 21278K, committed 21628K, reserved 1069056K
  class space    used 2415K, capacity 2585K, committed 2684K, reserved 1048576K
}
2017-07-13T13:23:05.656+0200: 3,032: Total time for which application threads were stopped: 0,0212657 seconds, Stopping threads took: 0,0000614 seconds
2017-07-13T13:23:05.659+0200: 3,035: [GC (CMS Initial Mark) [1 CMS-initial-mark: 0K(393216K)] 13153K(502464K), 0,0053892 secs] [Times: user=0,02 sys=0,00, real=0,01 secs] 
2017-07-13T13:23:05.664+0200: 3,040: Total time for which application threads were stopped: 0,0055521 seconds, Stopping threads took: 0,0000523 seconds
2017-07-13T13:23:05.664+0200: 3,040: [CMS-concurrent-mark-start]
2017-07-13T13:23:05.670+0200: 3,046: [CMS-concurrent-mark: 0,005/0,005 secs] [Times: user=0,01 sys=0,00, real=0,00 secs] 
2017-07-13T13:23:05.670+0200: 3,046: [CMS-concurrent-preclean-start]
2017-07-13T13:23:05.671+0200: 3,047: [CMS-concurrent-preclean: 0,001/0,001 secs] [Times: user=0,01 sys=0,00, real=0,00 secs] 
2017-07-13T13:23:05.671+0200: 3,047: [CMS-concurrent-abortable-preclean-start]
2017-07-13T13:23:05.734+0200: 3,110: Total time for which application threads were stopped: 0,0001142 seconds, Stopping threads took: 0,0000199 seconds
{Heap before GC invocations=3 (full 1):
 par new generation   total 109248K, used 99852K [0x00000000e0000000, 0x00000000e8000000, 0x00000000e8000000)
  eden space 87424K, 100% used [0x00000000e0000000, 0x00000000e5560000, 0x00000000e5560000)
  from space 21824K,  56% used [0x00000000e6ab0000, 0x00000000e76d32d8, 0x00000000e8000000)
  to   space 21824K,   0% used [0x00000000e5560000, 0x00000000e5560000, 0x00000000e6ab0000)
 concurrent mark-sweep generation total 393216K, used 0K [0x00000000e8000000, 0x0000000100000000, 0x0000000100000000)
 Metaspace       used 21233K, capacity 21554K, committed 21884K, reserved 1069056K
  class space    used 2444K, capacity 2600K, committed 2684K, reserved 1048576K
2017-07-13T13:23:05.770+0200: 3,146: [GC (Allocation Failure) 2017-07-13T13:23:05.770+0200: 3,146: [ParNew
Desired survivor size 20112992 bytes, new threshold 8 (max 8)
- age   1:     571984 bytes,     571984 total
- age   2:    1454072 bytes,    2026056 total
- age   3:     819848 bytes,    2845904 total
- age   4:    6660224 bytes,    9506128 total
: 99852K->11650K(109248K), 0,0107378 secs] 99852K->11650K(502464K), 0,0108052 secs] [Times: user=0,03 sys=0,00, real=0,01 secs] 
Heap after GC invocations=4 (full 1):
 par new generation   total 109248K, used 11650K [0x00000000e0000000, 0x00000000e8000000, 0x00000000e8000000)
  eden space 87424K,   0% used [0x00000000e0000000, 0x00000000e0000000, 0x00000000e5560000)
  from space 21824K,  53% used [0x00000000e5560000, 0x00000000e60c0940, 0x00000000e6ab0000)
  to   space 21824K,   0% used [0x00000000e6ab0000, 0x00000000e6ab0000, 0x00000000e8000000)
 concurrent mark-sweep generation total 393216K, used 0K [0x00000000e8000000, 0x0000000100000000, 0x0000000100000000)
 Metaspace       used 21233K, capacity 21554K, committed 21884K, reserved 1069056K
  class space    used 2444K, capacity 2600K, committed 2684K, reserved 1048576K
}
2017-07-13T13:23:05.781+0200: 3,157: Total time for which application threads were stopped: 0,0110326 seconds, Stopping threads took: 0,0000870 seconds
2017-07-13T13:23:05.781+0200: 3,157: [CMS-concurrent-abortable-preclean: 0,064/0,110 secs] [Times: user=0,39 sys=0,00, real=0,11 secs] 
2017-07-13T13:23:05.782+0200: 3,158: [GC (CMS Final Remark) [YG occupancy: 13027 K (109248 K)]{Heap before GC invocations=4 (full 1):
 par new generation   total 109248K, used 13027K [0x00000000e0000000, 0x00000000e8000000, 0x00000000e8000000)
  eden space 87424K,   1% used [0x00000000e0000000, 0x00000000e01583b0, 0x00000000e5560000)
  from space 21824K,  53% used [0x00000000e5560000, 0x00000000e60c0940, 0x00000000e6ab0000)
  to   space 21824K,   0% used [0x00000000e6ab0000, 0x00000000e6ab0000, 0x00000000e8000000)
 concurrent mark-sweep generation total 393216K, used 0K [0x00000000e8000000, 0x0000000100000000, 0x0000000100000000)
 Metaspace       used 21233K, capacity 21554K, committed 21884K, reserved 1069056K
  class space    used 2444K, capacity 2600K, committed 2684K, reserved 1048576K
2017-07-13T13:23:05.782+0200: 3,158: [GC (CMS Final Remark) 2017-07-13T13:23:05.782+0200: 3,158: [ParNew
Desired survivor size 20112992 bytes, new threshold 8 (max 8)
- age   1:     447096 bytes,     447096 total
- age   2:     259064 bytes,     706160 total
- age   3:    1448824 bytes,    2154984 total
- age   4:     819848 bytes,    2974832 total
- age   5:    6660360 bytes,    9635192 total
: 13027K->14223K(109248K), 0,0089707 secs] 13027K->14223K(502464K), 0,0090091 secs] [Times: user=0,03 sys=0,00, real=0,00 secs] 
Heap after GC invocations=5 (full 1):
 par new generation   total 109248K, used 14223K [0x00000000e0000000, 0x00000000e8000000, 0x00000000e8000000)
  eden space 87424K,   0% used [0x00000000e0000000, 0x00000000e0000000, 0x00000000e5560000)
  from space 21824K,  65% used [0x00000000e6ab0000, 0x00000000e7893cf0, 0x00000000e8000000)
  to   space 21824K,   0% used [0x00000000e5560000, 0x00000000e5560000, 0x00000000e6ab0000)
 concurrent mark-sweep generation total 393216K, used 0K [0x00000000e8000000, 0x0000000100000000, 0x0000000100000000)
 Metaspace       used 21233K, capacity 21554K, committed 21884K, reserved 1069056K
  class space    used 2444K, capacity 2600K, committed 2684K, reserved 1048576K
}
2017-07-13T13:23:05.791+0200: 3,167: [Rescan (parallel) , 0,0033390 secs]2017-07-13T13:23:05.794+0200: 3,170: [weak refs processing, 0,0007741 secs]2017-07-13T13:23:05.795+0200: 3,171: [class unloading, 0,0027993 secs]2017-07-13T13:23:05.798+0200: 3,174: [scrub symbol table, 0,0025801 secs]2017-07-13T13:23:05.800+0200: 3,176: [scrub string table, 0,0003674 secs][1 CMS-remark: 0K(393216K)] 14223K(502464K), 0,0194994 secs] [Times: user=0,05 sys=0,00, real=0,01 secs] 
2017-07-13T13:23:05.801+0200: 3,177: Total time for which application threads were stopped: 0,0196158 seconds, Stopping threads took: 0,0000441 seconds
2017-07-13T13:23:05.801+0200: 3,177: [CMS-concurrent-sweep-start]
2017-07-13T13:23:05.801+0200: 3,177: [CMS-concurrent-sweep: 0,000/0,000 secs] [Times: user=0,00 sys=0,00, real=0,00 secs] 
2017-07-13T13:23:05.801+0200: 3,177: [CMS-concurrent-reset-start]
2017-07-13T13:23:05.803+0200: 3,179: [CMS-concurrent-reset: 0,002/0,002 secs] [Times: user=0,00 sys=0,01, real=0,01 secs] 
{Heap before GC invocations=5 (full 1):
 par new generation   total 109248K, used 101638K [0x00000000e0000000, 0x00000000e8000000, 0x00000000e8000000)
  eden space 87424K,  99% used [0x00000000e0000000, 0x00000000e555dbd0, 0x00000000e5560000)
  from space 21824K,  65% used [0x00000000e6ab0000, 0x00000000e7893cf0, 0x00000000e8000000)
  to   space 21824K,   0% used [0x00000000e5560000, 0x00000000e5560000, 0x00000000e6ab0000)
 concurrent mark-sweep generation total 393216K, used 0K [0x00000000e8000000, 0x0000000100000000, 0x0000000100000000)
 Metaspace       used 21365K, capacity 21790K, committed 21884K, reserved 1069056K
  class space    used 2464K, capacity 2634K, committed 2684K, reserved 1048576K
2017-07-13T13:23:05.882+0200: 3,258: [GC (Allocation Failure) 2017-07-13T13:23:05.882+0200: 3,258: [ParNew
Desired survivor size 20112992 bytes, new threshold 8 (max 8)
- age   1:    1075960 bytes,    1075960 total
- age   3:     190320 bytes,    1266280 total
- age   4:    1448320 bytes,    2714600 total
- age   5:     815928 bytes,    3530528 total
- age   6:    6660792 bytes,   10191320 total
: 101638K->10960K(109248K), 0,0102734 secs] 101638K->10960K(502464K), 0,0103409 secs] [Times: user=0,03 sys=0,00, real=0,00 secs] 
Heap after GC invocations=6 (full 1):
 par new generation   total 109248K, used 10960K [0x00000000e0000000, 0x00000000e8000000, 0x00000000e8000000)
  eden space 87424K,   0% used [0x00000000e0000000, 0x00000000e0000000, 0x00000000e5560000)
  from space 21824K,  50% used [0x00000000e5560000, 0x00000000e60141e0, 0x00000000e6ab0000)
  to   space 21824K,   0% used [0x00000000e6ab0000, 0x00000000e6ab0000, 0x00000000e8000000)
 concurrent mark-sweep generation total 393216K, used 0K [0x00000000e8000000, 0x0000000100000000, 0x0000000100000000)
 Metaspace       used 21365K, capacity 21790K, committed 21884K, reserved 1069056K
  class space    used 2464K, capacity 2634K, committed 2684K, reserved 1048576K
}
2017-07-13T13:23:05.893+0200: 3,269: Total time for which application threads were stopped: 0,0105537 seconds, Stopping threads took: 0,0000847 seconds
2017-07-13T13:23:05.924+0200: 3,300: Total time for which application threads were stopped: 0,0003049 seconds, Stopping threads took: 0,0000173 seconds
2017-07-13T13:23:06.159+0200: 3,535: Total time for which application threads were stopped: 0,0004122 seconds, Stopping threads took: 0,0000241 seconds
2017-07-13T13:23:06.172+0200: 3,548: Total time for which application threads were stopped: 0,0003770 seconds, Stopping threads took: 0,0000331 seconds
{Heap before GC invocations=6 (full 1):
 par new generation   total 109248K, used 98384K [0x00000000e0000000, 0x00000000e8000000, 0x00000000e8000000)
  eden space 87424K, 100% used [0x00000000e0000000, 0x00000000e5560000, 0x00000000e5560000)
  from space 21824K,  50% used [0x00000000e5560000, 0x00000000e60141e0, 0x00000000e6ab0000)
  to   space 21824K,   0% used [0x00000000e6ab0000, 0x00000000e6ab0000, 0x00000000e8000000)
 concurrent mark-sweep generation total 393216K, used 0K [0x00000000e8000000, 0x0000000100000000, 0x0000000100000000)
 Metaspace       used 24077K, capacity 24516K, committed 24828K, reserved 1071104K
  class space    used 2834K, capacity 3009K, committed 3068K, reserved 1048576K
2017-07-13T13:23:06.346+0200: 3,721: [GC (Allocation Failure) 2017-07-13T13:23:06.346+0200: 3,721: [ParNew
Desired survivor size 20112992 bytes, new threshold 8 (max 8)
- age   1:    5497624 bytes,    5497624 total
- age   2:     114688 bytes,    5612312 total
- age   4:     188872 bytes,    5801184 total
- age   5:     278600 bytes,    6079784 total
- age   6:     791576 bytes,    6871360 total
- age   7:    6652392 bytes,   13523752 total
: 98384K->17120K(109248K), 0,0465669 secs] 98384K->17120K(502464K), 0,0466620 secs] [Times: user=0,11 sys=0,00, real=0,04 secs] 
Heap after GC invocations=7 (full 1):
 par new generation   total 109248K, used 17120K [0x00000000e0000000, 0x00000000e8000000, 0x00000000e8000000)
  eden space 87424K,   0% used [0x00000000e0000000, 0x00000000e0000000, 0x00000000e5560000)
  from space 21824K,  78% used [0x00000000e6ab0000, 0x00000000e7b68000, 0x00000000e8000000)
  to   space 21824K,   0% used [0x00000000e5560000, 0x00000000e5560000, 0x00000000e6ab0000)
 concurrent mark-sweep generation total 393216K, used 0K [0x00000000e8000000, 0x0000000100000000, 0x0000000100000000)
 Metaspace       used 24077K, capacity 24516K, committed 24828K, reserved 1071104K
  class space    used 2834K, capacity 3009K, committed 3068K, reserved 1048576K
}
2017-07-13T13:23:06.392+0200: 3,768: Total time for which application threads were stopped: 0,0469590 seconds, Stopping threads took: 0,0000387 seconds
{Heap before GC invocations=7 (full 1):
 par new generation   total 109248K, used 104524K [0x00000000e0000000, 0x00000000e8000000, 0x00000000e8000000)
  eden space 87424K,  99% used [0x00000000e0000000, 0x00000000e555b080, 0x00000000e5560000)
  from space 21824K,  78% used [0x00000000e6ab0000, 0x00000000e7b68000, 0x00000000e8000000)
  to   space 21824K,   0% used [0x00000000e5560000, 0x00000000e5560000, 0x00000000e6ab0000)
 concurrent mark-sweep generation total 393216K, used 0K [0x00000000e8000000, 0x0000000100000000, 0x0000000100000000)
 Metaspace       used 24424K, capacity 24874K, committed 25084K, reserved 1071104K
  class space    used 2858K, capacity 3042K, committed 3068K, reserved 1048576K
2017-07-13T13:23:06.473+0200: 3,849: [GC (Allocation Failure) 2017-07-13T13:23:06.473+0200: 3,849: [ParNew
Desired survivor size 20112992 bytes, new threshold 8 (max 8)
- age   1:    1696832 bytes,    1696832 total
- age   2:    1802584 bytes,    3499416 total
- age   3:      57768 bytes,    3557184 total
- age   5:     106232 bytes,    3663416 total
- age   6:     181544 bytes,    3844960 total
- age   7:     750136 bytes,    4595096 total
- age   8:    6119120 bytes,   10714216 total
: 104524K->14184K(109248K), 0,0179153 secs] 104524K->14184K(502464K), 0,0180135 secs] [Times: user=0,06 sys=0,00, real=0,02 secs] 
Heap after GC invocations=8 (full 1):
 par new generation   total 109248K, used 14184K [0x00000000e0000000, 0x00000000e8000000, 0x00000000e8000000)
  eden space 87424K,   0% used [0x00000000e0000000, 0x00000000e0000000, 0x00000000e5560000)
  from space 21824K,  64% used [0x00000000e5560000, 0x00000000e633a340, 0x00000000e6ab0000)
  to   space 21824K,   0% used [0x00000000e6ab0000, 0x00000000e6ab0000, 0x00000000e8000000)
 concurrent mark-sweep generation total 393216K, used 0K [0x00000000e8000000, 0x0000000100000000, 0x0000000100000000)
 Metaspace       used 24424K, capacity 24874K, committed 25084K, reserved 1071104K
  class space    used 2858K, capacity 3042K, committed 3068K, reserved 1048576K
}
2017-07-13T13:23:06.491+0200: 3,867: Total time for which application threads were stopped: 0,0196682 seconds, Stopping threads took: 0,0014402 seconds
{Heap before GC invocations=8 (full 1):
 par new generation   total 109248K, used 101608K [0x00000000e0000000, 0x00000000e8000000, 0x00000000e8000000)
  eden space 87424K, 100% used [0x00000000e0000000, 0x00000000e5560000, 0x00000000e5560000)
  from space 21824K,  64% used [0x00000000e5560000, 0x00000000e633a340, 0x00000000e6ab0000)
  to   space 21824K,   0% used [0x00000000e6ab0000, 0x00000000e6ab0000, 0x00000000e8000000)
 concurrent mark-sweep generation total 393216K, used 0K [0x00000000e8000000, 0x0000000100000000, 0x0000000100000000)
 Metaspace       used 24957K, capacity 25380K, committed 25724K, reserved 1071104K
  class space    used 2905K, capacity 3079K, committed 3196K, reserved 1048576K
2017-07-13T13:23:06.606+0200: 3,982: [GC (Allocation Failure) 2017-07-13T13:23:06.606+0200: 3,982: [ParNew
Desired survivor size 20112992 bytes, new threshold 8 (max 8)
- age   1:    1309544 bytes,    1309544 total
- age   2:     970304 bytes,    2279848 total
- age   3:    1779456 bytes,    4059304 total
- age   4:      55344 bytes,    4114648 total
- age   6:     105968 bytes,    4220616 total
- age   7:     178280 bytes,    4398896 total
- age   8:     748568 bytes,    5147464 total
: 101608K->7120K(109248K), 0,0280194 secs] 101608K->13177K(502464K), 0,0280814 secs] [Times: user=0,09 sys=0,01, real=0,03 secs] 
Heap after GC invocations=9 (full 1):
 par new generation   total 109248K, used 7120K [0x00000000e0000000, 0x00000000e8000000, 0x00000000e8000000)
  eden space 87424K,   0% used [0x00000000e0000000, 0x00000000e0000000, 0x00000000e5560000)
  from space 21824K,  32% used [0x00000000e6ab0000, 0x00000000e71a43c0, 0x00000000e8000000)
  to   space 21824K,   0% used [0x00000000e5560000, 0x00000000e5560000, 0x00000000e6ab0000)
 concurrent mark-sweep generation total 393216K, used 6056K [0x00000000e8000000, 0x0000000100000000, 0x0000000100000000)
 Metaspace       used 24957K, capacity 25380K, committed 25724K, reserved 1071104K
  class space    used 2905K, capacity 3079K, committed 3196K, reserved 1048576K
}
2017-07-13T13:23:06.634+0200: 4,010: Total time for which application threads were stopped: 0,0316855 seconds, Stopping threads took: 0,0034499 seconds
2017-07-13T13:23:06.682+0200: 4,058: Total time for which application threads were stopped: 0,0041905 seconds, Stopping threads took: 0,0038845 seconds
2017-07-13T13:23:06.729+0200: 4,105: Total time for which application threads were stopped: 0,0001479 seconds, Stopping threads took: 0,0000629 seconds
2017-07-13T13:23:06.741+0200: 4,117: Total time for which application threads were stopped: 0,0001871 seconds, Stopping threads took: 0,0000869 seconds
2017-07-13T13:23:06.741+0200: 4,117: Total time for which application threads were stopped: 0,0000949 seconds, Stopping threads took: 0,0000323 seconds
2017-07-13T13:23:06.741+0200: 4,117: Total time for which application threads were stopped: 0,0000710 seconds, Stopping threads took: 0,0000211 seconds
2017-07-13T13:23:06.742+0200: 4,118: Total time for which application threads were stopped: 0,0001142 seconds, Stopping threads took: 0,0000323 seconds
2017-07-13T13:23:06.743+0200: 4,118: Total time for which application threads were stopped: 0,0004269 seconds, Stopping threads took: 0,0003555 seconds
2017-07-13T13:23:06.743+0200: 4,119: Total time for which application threads were stopped: 0,0006315 seconds, Stopping threads took: 0,0005484 seconds
2017-07-13T13:23:06.744+0200: 4,120: Total time for which application threads were stopped: 0,0003692 seconds, Stopping threads took: 0,0002631 seconds
2017-07-13T13:23:06.744+0200: 4,120: Total time for which application threads were stopped: 0,0000946 seconds, Stopping threads took: 0,0000143 seconds
2017-07-13T13:23:06.745+0200: 4,121: Total time for which application threads were stopped: 0,0001472 seconds, Stopping threads took: 0,0000805 seconds
2017-07-13T13:23:06.745+0200: 4,121: Total time for which application threads were stopped: 0,0000764 seconds, Stopping threads took: 0,0000341 seconds
2017-07-13T13:23:06.746+0200: 4,122: Total time for which application threads were stopped: 0,0001015 seconds, Stopping threads took: 0,0000199 seconds
2017-07-13T13:23:06.746+0200: 4,122: Total time for which application threads were stopped: 0,0000800 seconds, Stopping threads took: 0,0000238 seconds
2017-07-13T13:23:06.746+0200: 4,122: Total time for which application threads were stopped: 0,0000942 seconds, Stopping threads took: 0,0000256 seconds
2017-07-13T13:23:06.747+0200: 4,122: Total time for which application threads were stopped: 0,0000908 seconds, Stopping threads took: 0,0000198 seconds
2017-07-13T13:23:06.747+0200: 4,123: Total time for which application threads were stopped: 0,0000811 seconds, Stopping threads took: 0,0000107 seconds
2017-07-13T13:23:06.748+0200: 4,124: Total time for which application threads were stopped: 0,0001795 seconds, Stopping threads took: 0,0000575 seconds
2017-07-13T13:23:06.748+0200: 4,124: Total time for which application threads were stopped: 0,0001301 seconds, Stopping threads took: 0,0000392 seconds
2017-07-13T13:23:06.749+0200: 4,125: Total time for which application threads were stopped: 0,0005187 seconds, Stopping threads took: 0,0004227 seconds
2017-07-13T13:23:06.749+0200: 4,125: Total time for which application threads were stopped: 0,0000968 seconds, Stopping threads took: 0,0000136 seconds
2017-07-13T13:23:06.749+0200: 4,125: Total time for which application threads were stopped: 0,0000990 seconds, Stopping threads took: 0,0000181 seconds
2017-07-13T13:23:06.749+0200: 4,125: Total time for which application threads were stopped: 0,0001885 seconds, Stopping threads took: 0,0000100 seconds
2017-07-13T13:23:06.753+0200: 4,129: Total time for which application threads were stopped: 0,0001430 seconds, Stopping threads took: 0,0000502 seconds
2017-07-13T13:23:06.762+0200: 4,138: Total time for which application threads were stopped: 0,0018813 seconds, Stopping threads took: 0,0017881 seconds
2017-07-13T13:23:06.762+0200: 4,138: Total time for which application threads were stopped: 0,0000899 seconds, Stopping threads took: 0,0000272 seconds
2017-07-13T13:23:06.770+0200: 4,146: Total time for which application threads were stopped: 0,0041027 seconds, Stopping threads took: 0,0040100 seconds
2017-07-13T13:23:06.770+0200: 4,146: Total time for which application threads were stopped: 0,0001031 seconds, Stopping threads took: 0,0000185 seconds
2017-07-13T13:23:06.770+0200: 4,146: Total time for which application threads were stopped: 0,0001040 seconds, Stopping threads took: 0,0000254 seconds
2017-07-13T13:23:06.775+0200: 4,151: Total time for which application threads were stopped: 0,0001589 seconds, Stopping threads took: 0,0000353 seconds
2017-07-13T13:23:06.777+0200: 4,153: Total time for which application threads were stopped: 0,0001538 seconds, Stopping threads took: 0,0000398 seconds
2017-07-13T13:23:06.794+0200: 4,170: Total time for which application threads were stopped: 0,0003002 seconds, Stopping threads took: 0,0002355 seconds
2017-07-13T13:23:06.796+0200: 4,172: Total time for which application threads were stopped: 0,0001007 seconds, Stopping threads took: 0,0000346 seconds
2017-07-13T13:23:06.800+0200: 4,176: Total time for which application threads were stopped: 0,0001107 seconds, Stopping threads took: 0,0000355 seconds
2017-07-13T13:23:06.802+0200: 4,178: Total time for which application threads were stopped: 0,0009385 seconds, Stopping threads took: 0,0008790 seconds
2017-07-13T13:23:06.803+0200: 4,178: Total time for which application threads were stopped: 0,0001229 seconds, Stopping threads took: 0,0000516 seconds
2017-07-13T13:23:06.805+0200: 4,181: Total time for which application threads were stopped: 0,0001678 seconds, Stopping threads took: 0,0001107 seconds
2017-07-13T13:23:06.805+0200: 4,181: Total time for which application threads were stopped: 0,0000595 seconds, Stopping threads took: 0,0000224 seconds
2017-07-13T13:23:06.806+0200: 4,182: Total time for which application threads were stopped: 0,0001154 seconds, Stopping threads took: 0,0000402 seconds
2017-07-13T13:23:06.809+0200: 4,185: Total time for which application threads were stopped: 0,0000944 seconds, Stopping threads took: 0,0000303 seconds
2017-07-13T13:23:06.812+0200: 4,188: Total time for which application threads were stopped: 0,0000924 seconds, Stopping threads took: 0,0000236 seconds
2017-07-13T13:23:06.813+0200: 4,189: Total time for which application threads were stopped: 0,0001002 seconds, Stopping threads took: 0,0000376 seconds
2017-07-13T13:23:06.813+0200: 4,189: Total time for which application threads were stopped: 0,0000677 seconds, Stopping threads took: 0,0000222 seconds
2017-07-13T13:23:06.814+0200: 4,190: Total time for which application threads were stopped: 0,0000751 seconds, Stopping threads took: 0,0000155 seconds
2017-07-13T13:23:06.816+0200: 4,192: Total time for which application threads were stopped: 0,0000920 seconds, Stopping threads took: 0,0000224 seconds
2017-07-13T13:23:06.816+0200: 4,192: Total time for which application threads were stopped: 0,0000773 seconds, Stopping threads took: 0,0000254 seconds
2017-07-13T13:23:06.817+0200: 4,193: Total time for which application threads were stopped: 0,0000685 seconds, Stopping threads took: 0,0000149 seconds
2017-07-13T13:23:06.833+0200: 4,209: Total time for which application threads were stopped: 0,0001964 seconds, Stopping threads took: 0,0000261 seconds
2017-07-13T13:23:06.872+0200: 4,248: Total time for which application threads were stopped: 0,0005022 seconds, Stopping threads took: 0,0000429 seconds
2017-07-13T13:23:06.886+0200: 4,262: Total time for which application threads were stopped: 0,0003685 seconds, Stopping threads took: 0,0000190 seconds
2017-07-13T13:23:06.942+0200: 4,318: Total time for which application threads were stopped: 0,0004694 seconds, Stopping threads took: 0,0000933 seconds
2017-07-13T13:23:06.951+0200: 4,327: Total time for which application threads were stopped: 0,0001223 seconds, Stopping threads took: 0,0000340 seconds
2017-07-13T13:23:06.960+0200: 4,336: Total time for which application threads were stopped: 0,0001447 seconds, Stopping threads took: 0,0000476 seconds
2017-07-13T13:23:06.960+0200: 4,336: Total time for which application threads were stopped: 0,0000811 seconds, Stopping threads took: 0,0000286 seconds
2017-07-13T13:23:06.976+0200: 4,352: Total time for which application threads were stopped: 0,0001625 seconds, Stopping threads took: 0,0000711 seconds
2017-07-13T13:23:06.986+0200: 4,362: Total time for which application threads were stopped: 0,0035660 seconds, Stopping threads took: 0,0035004 seconds
2017-07-13T13:23:06.986+0200: 4,362: Total time for which application threads were stopped: 0,0000999 seconds, Stopping threads took: 0,0000367 seconds
2017-07-13T13:23:06.991+0200: 4,366: Total time for which application threads were stopped: 0,0001234 seconds, Stopping threads took: 0,0000470 seconds
2017-07-13T13:23:06.997+0200: 4,373: Total time for which application threads were stopped: 0,0001241 seconds, Stopping threads took: 0,0000401 seconds
2017-07-13T13:23:07.002+0200: 4,378: Total time for which application threads were stopped: 0,0025228 seconds, Stopping threads took: 0,0024224 seconds
2017-07-13T13:23:07.008+0200: 4,383: Total time for which application threads were stopped: 0,0001448 seconds, Stopping threads took: 0,0000492 seconds
2017-07-13T13:23:07.019+0200: 4,395: Total time for which application threads were stopped: 0,0004428 seconds, Stopping threads took: 0,0003779 seconds
2017-07-13T13:23:07.025+0200: 4,401: Total time for which application threads were stopped: 0,0001422 seconds, Stopping threads took: 0,0000619 seconds
2017-07-13T13:23:07.029+0200: 4,405: Total time for which application threads were stopped: 0,0001158 seconds, Stopping threads took: 0,0000541 seconds
2017-07-13T13:23:07.043+0200: 4,419: Total time for which application threads were stopped: 0,0001441 seconds, Stopping threads took: 0,0000546 seconds
2017-07-13T13:23:07.046+0200: 4,422: Total time for which application threads were stopped: 0,0001176 seconds, Stopping threads took: 0,0000703 seconds
2017-07-13T13:23:07.054+0200: 4,430: Total time for which application threads were stopped: 0,0039852 seconds, Stopping threads took: 0,0039246 seconds
2017-07-13T13:23:07.059+0200: 4,435: Total time for which application threads were stopped: 0,0001153 seconds, Stopping threads took: 0,0000400 seconds
2017-07-13T13:23:07.060+0200: 4,436: Total time for which application threads were stopped: 0,0004057 seconds, Stopping threads took: 0,0000178 seconds
2017-07-13T13:23:07.061+0200: 4,436: Total time for which application threads were stopped: 0,0000911 seconds, Stopping threads took: 0,0000307 seconds
2017-07-13T13:23:07.061+0200: 4,437: Total time for which application threads were stopped: 0,0001023 seconds, Stopping threads took: 0,0000609 seconds
2017-07-13T13:23:07.064+0200: 4,440: Total time for which application threads were stopped: 0,0001096 seconds, Stopping threads took: 0,0000332 seconds
2017-07-13T13:23:07.085+0200: 4,461: Total time for which application threads were stopped: 0,0000984 seconds, Stopping threads took: 0,0000477 seconds
2017-07-13T13:23:07.085+0200: 4,461: Total time for which application threads were stopped: 0,0000489 seconds, Stopping threads took: 0,0000233 seconds
2017-07-13T13:23:09.086+0200: 6,462: Total time for which application threads were stopped: 0,0000576 seconds, Stopping threads took: 0,0000157 seconds
2017-07-13T13:23:25.087+0200: 22,463: Total time for which application threads were stopped: 0,0000884 seconds, Stopping threads took: 0,0000172 seconds
2017-07-13T13:23:35.089+0200: 32,464: Total time for which application threads were stopped: 0,0000824 seconds, Stopping threads took: 0,0000333 seconds
2017-07-13T13:25:05.101+0200: 122,477: Total time for which application threads were stopped: 0,0000925 seconds, Stopping threads took: 0,0000403 seconds
{Heap before GC invocations=9 (full 1):
 par new generation   total 109248K, used 94544K [0x00000000e0000000, 0x00000000e8000000, 0x00000000e8000000)
  eden space 87424K, 100% used [0x00000000e0000000, 0x00000000e5560000, 0x00000000e5560000)
  from space 21824K,  32% used [0x00000000e6ab0000, 0x00000000e71a43c0, 0x00000000e8000000)
  to   space 21824K,   0% used [0x00000000e5560000, 0x00000000e5560000, 0x00000000e6ab0000)
 concurrent mark-sweep generation total 393216K, used 6056K [0x00000000e8000000, 0x0000000100000000, 0x0000000100000000)
 Metaspace       used 27990K, capacity 28536K, committed 28796K, reserved 1075200K
  class space    used 3209K, capacity 3383K, committed 3452K, reserved 1048576K
2017-07-13T13:25:58.643+0200: 176,019: [GC (Allocation Failure) 2017-07-13T13:25:58.643+0200: 176,019: [ParNew
Desired survivor size 20112992 bytes, new threshold 8 (max 8)
- age   1:   10751712 bytes,   10751712 total
- age   2:     282808 bytes,   11034520 total
- age   3:     190936 bytes,   11225456 total
- age   4:    1774648 bytes,   13000104 total
- age   5:      55320 bytes,   13055424 total
- age   7:     105840 bytes,   13161264 total
- age   8:     178184 bytes,   13339448 total
: 94544K->15668K(109248K), 0,0201587 secs] 100601K->22543K(502464K), 0,0202750 secs] [Times: user=0,07 sys=0,00, real=0,02 secs] 
Heap after GC invocations=10 (full 1):
 par new generation   total 109248K, used 15668K [0x00000000e0000000, 0x00000000e8000000, 0x00000000e8000000)
  eden space 87424K,   0% used [0x00000000e0000000, 0x00000000e0000000, 0x00000000e5560000)
  from space 21824K,  71% used [0x00000000e5560000, 0x00000000e64ad2a0, 0x00000000e6ab0000)
  to   space 21824K,   0% used [0x00000000e6ab0000, 0x00000000e6ab0000, 0x00000000e8000000)
 concurrent mark-sweep generation total 393216K, used 6874K [0x00000000e8000000, 0x0000000100000000, 0x0000000100000000)
 Metaspace       used 27990K, capacity 28536K, committed 28796K, reserved 1075200K
  class space    used 3209K, capacity 3383K, committed 3452K, reserved 1048576K
}
2017-07-13T13:25:58.663+0200: 176,039: Total time for which application threads were stopped: 0,0205328 seconds, Stopping threads took: 0,0000630 seconds
2017-07-13T13:25:58.665+0200: 176,041: Total time for which application threads were stopped: 0,0000757 seconds, Stopping threads took: 0,0000396 seconds
2017-07-13T13:25:58.665+0200: 176,041: Total time for which application threads were stopped: 0,0000293 seconds, Stopping threads took: 0,0000096 seconds
2017-07-13T13:46:33.855+0200: 1411,231: Total time for which application threads were stopped: 0,0001071 seconds, Stopping threads took: 0,0000353 seconds
2017-07-13T13:48:53.873+0200: 1551,249: Total time for which application threads were stopped: 0,0000927 seconds, Stopping threads took: 0,0000368 seconds
2017-07-13T14:01:44.971+0200: 2322,347: Total time for which application threads were stopped: 0,0004659 seconds, Stopping threads took: 0,0001857 seconds
2017-07-13T14:01:48.971+0200: 2326,347: Total time for which application threads were stopped: 0,0000614 seconds, Stopping threads took: 0,0000147 seconds
2017-07-13T14:21:30.105+0200: 3507,480: Total time for which application threads were stopped: 0,0002759 seconds, Stopping threads took: 0,0000882 seconds
2017-07-13T14:29:04.154+0200: 3961,529: Total time for which application threads were stopped: 0,0000808 seconds, Stopping threads took: 0,0000315 seconds
2017-07-13T14:29:09.154+0200: 3966,530: Total time for which application threads were stopped: 0,0000802 seconds, Stopping threads took: 0,0000318 seconds
2017-07-13T14:29:14.155+0200: 3971,531: Total time for which application threads were stopped: 0,0000616 seconds, Stopping threads took: 0,0000170 seconds
2017-07-13T14:45:50.264+0200: 4967,640: Total time for which application threads were stopped: 0,0004620 seconds, Stopping threads took: 0,0001727 seconds
2017-07-13T14:45:55.265+0200: 4972,640: Total time for which application threads were stopped: 0,0000775 seconds, Stopping threads took: 0,0000174 seconds
2017-07-13T15:18:30.476+0200: 6927,852: Total time for which application threads were stopped: 0,0000744 seconds, Stopping threads took: 0,0000302 seconds
2017-07-13T15:19:10.481+0200: 6967,856: Total time for which application threads were stopped: 0,0001018 seconds, Stopping threads took: 0,0000504 seconds
2017-07-13T15:23:04.507+0200: 7201,883: Total time for which application threads were stopped: 0,0000778 seconds, Stopping threads took: 0,0000327 seconds
2017-07-13T15:25:04.521+0200: 7321,897: Total time for which application threads were stopped: 0,0000744 seconds, Stopping threads took: 0,0000302 seconds
2017-07-13T15:26:04.528+0200: 7381,904: Total time for which application threads were stopped: 0,0000839 seconds, Stopping threads took: 0,0000339 seconds
2017-07-13T15:31:04.566+0200: 7681,941: Total time for which application threads were stopped: 0,0000856 seconds, Stopping threads took: 0,0000333 seconds
2017-07-13T15:33:34.581+0200: 7831,957: Total time for which application threads were stopped: 0,0000831 seconds, Stopping threads took: 0,0000298 seconds
2017-07-13T16:36:59.278+0200: 11552,154: Total time for which application threads were stopped: 0,0000905 seconds, Stopping threads took: 0,0000304 seconds
2017-07-13T19:39:48.505+0200: 15361,883: Total time for which application threads were stopped: 0,0000949 seconds, Stopping threads took: 0,0000361 seconds
2017-07-14T00:47:08.984+0200: 33802,362: Total time for which application threads were stopped: 0,0467400 seconds, Stopping threads took: 0,0466461 seconds
2017-07-14T00:47:08.984+0200: 33802,362: Total time for which application threads were stopped: 0,0000631 seconds, Stopping threads took: 0,0000204 seconds
2017-07-14T00:47:08.985+0200: 33802,364: Total time for which application threads were stopped: 0,0000767 seconds, Stopping threads took: 0,0000125 seconds
2017-07-14T00:47:08.986+0200: 33802,365: Total time for which application threads were stopped: 0,0000983 seconds, Stopping threads took: 0,0000379 seconds
2017-07-14T00:47:08.995+0200: 33802,373: Total time for which application threads were stopped: 0,0000757 seconds, Stopping threads took: 0,0000127 seconds
2017-07-14T00:47:08.995+0200: 33802,374: Total time for which application threads were stopped: 0,0000561 seconds, Stopping threads took: 0,0000075 seconds
2017-07-14T00:47:08.996+0200: 33802,374: Total time for which application threads were stopped: 0,0000487 seconds, Stopping threads took: 0,0000071 seconds
2017-07-14T00:47:08.996+0200: 33802,374: Total time for which application threads were stopped: 0,0000415 seconds, Stopping threads took: 0,0000061 seconds
2017-07-14T00:47:08.996+0200: 33802,374: Total time for which application threads were stopped: 0,0000355 seconds, Stopping threads took: 0,0000045 seconds
2017-07-14T00:47:08.996+0200: 33802,374: Total time for which application threads were stopped: 0,0000343 seconds, Stopping threads took: 0,0000046 seconds
2017-07-14T00:47:08.996+0200: 33802,374: Total time for which application threads were stopped: 0,0000356 seconds, Stopping threads took: 0,0000057 seconds
2017-07-14T00:47:08.996+0200: 33802,375: Total time for which application threads were stopped: 0,0000491 seconds, Stopping threads took: 0,0000072 seconds
2017-07-14T00:47:08.996+0200: 33802,375: Total time for which application threads were stopped: 0,0000367 seconds, Stopping threads took: 0,0000049 seconds
2017-07-14T00:47:08.996+0200: 33802,375: Total time for which application threads were stopped: 0,0000370 seconds, Stopping threads took: 0,0000050 seconds
2017-07-14T00:47:08.996+0200: 33802,375: Total time for which application threads were stopped: 0,0000354 seconds, Stopping threads took: 0,0000052 seconds
2017-07-14T00:47:08.997+0200: 33802,375: Total time for which application threads were stopped: 0,0000336 seconds, Stopping threads took: 0,0000049 seconds
2017-07-14T00:47:08.997+0200: 33802,375: Total time for which application threads were stopped: 0,0000343 seconds, Stopping threads took: 0,0000050 seconds
2017-07-14T00:47:09.000+0200: 33802,379: Total time for which application threads were stopped: 0,0000836 seconds, Stopping threads took: 0,0000157 seconds
2017-07-14T00:47:09.000+0200: 33802,379: Total time for which application threads were stopped: 0,0000763 seconds, Stopping threads took: 0,0000084 seconds
2017-07-14T00:47:09.002+0200: 33802,380: Total time for which application threads were stopped: 0,0001292 seconds, Stopping threads took: 0,0000362 seconds
2017-07-14T00:47:09.002+0200: 33802,381: Total time for which application threads were stopped: 0,0000644 seconds, Stopping threads took: 0,0000120 seconds
2017-07-14T00:47:09.002+0200: 33802,381: Total time for which application threads were stopped: 0,0000594 seconds, Stopping threads took: 0,0000085 seconds
2017-07-14T00:47:09.002+0200: 33802,381: Total time for which application threads were stopped: 0,0000563 seconds, Stopping threads took: 0,0000077 seconds
2017-07-14T00:47:09.002+0200: 33802,381: Total time for which application threads were stopped: 0,0000498 seconds, Stopping threads took: 0,0000071 seconds
2017-07-14T00:47:09.003+0200: 33802,381: Total time for which application threads were stopped: 0,0000487 seconds, Stopping threads took: 0,0000063 seconds
2017-07-14T00:47:09.003+0200: 33802,381: Total time for which application threads were stopped: 0,0000435 seconds, Stopping threads took: 0,0000065 seconds
2017-07-14T00:47:09.004+0200: 33802,382: Total time for which application threads were stopped: 0,0002849 seconds, Stopping threads took: 0,0001624 seconds
2017-07-14T00:47:09.004+0200: 33802,383: Total time for which application threads were stopped: 0,0000689 seconds, Stopping threads took: 0,0000117 seconds
2017-07-14T00:47:09.004+0200: 33802,383: Total time for which application threads were stopped: 0,0000583 seconds, Stopping threads took: 0,0000082 seconds
2017-07-14T00:47:09.004+0200: 33802,383: Total time for which application threads were stopped: 0,0000495 seconds, Stopping threads took: 0,0000075 seconds
2017-07-14T00:47:09.004+0200: 33802,383: Total time for which application threads were stopped: 0,0000483 seconds, Stopping threads took: 0,0000065 seconds
2017-07-14T00:47:09.005+0200: 33802,383: Total time for which application threads were stopped: 0,0000463 seconds, Stopping threads took: 0,0000065 seconds
2017-07-14T00:47:09.005+0200: 33802,383: Total time for which application threads were stopped: 0,0000471 seconds, Stopping threads took: 0,0000063 seconds
2017-07-14T00:47:09.005+0200: 33802,383: Total time for which application threads were stopped: 0,0000443 seconds, Stopping threads took: 0,0000055 seconds
2017-07-14T00:47:09.005+0200: 33802,383: Total time for which application threads were stopped: 0,0000412 seconds, Stopping threads took: 0,0000055 seconds
2017-07-14T00:47:09.024+0200: 33802,402: Total time for which application threads were stopped: 0,0000984 seconds, Stopping threads took: 0,0000258 seconds
2017-07-14T00:47:09.024+0200: 33802,402: Total time for which application threads were stopped: 0,0000551 seconds, Stopping threads took: 0,0000153 seconds
2017-07-14T00:47:09.024+0200: 33802,402: Total time for which application threads were stopped: 0,0000463 seconds, Stopping threads took: 0,0000142 seconds
2017-07-14T00:47:09.024+0200: 33802,403: Total time for which application threads were stopped: 0,0000452 seconds, Stopping threads took: 0,0000141 seconds
2017-07-14T00:47:09.024+0200: 33802,403: Total time for which application threads were stopped: 0,0000428 seconds, Stopping threads took: 0,0000121 seconds
2017-07-14T00:47:09.026+0200: 33802,404: Total time for which application threads were stopped: 0,0000803 seconds, Stopping threads took: 0,0000227 seconds
2017-07-14T00:47:09.026+0200: 33802,404: Total time for which application threads were stopped: 0,0000447 seconds, Stopping threads took: 0,0000118 seconds
2017-07-14T00:47:09.026+0200: 33802,404: Total time for which application threads were stopped: 0,0000468 seconds, Stopping threads took: 0,0000140 seconds
2017-07-14T00:47:09.026+0200: 33802,404: Total time for which application threads were stopped: 0,0000432 seconds, Stopping threads took: 0,0000119 seconds
2017-07-14T00:47:09.026+0200: 33802,404: Total time for which application threads were stopped: 0,0000438 seconds, Stopping threads took: 0,0000121 seconds
2017-07-14T00:47:09.026+0200: 33802,404: Total time for which application threads were stopped: 0,0000438 seconds, Stopping threads took: 0,0000128 seconds
2017-07-14T00:47:09.026+0200: 33802,404: Total time for which application threads were stopped: 0,0000420 seconds, Stopping threads took: 0,0000117 seconds
2017-07-14T00:47:09.026+0200: 33802,404: Total time for which application threads were stopped: 0,0000415 seconds, Stopping threads took: 0,0000111 seconds
2017-07-14T00:47:09.026+0200: 33802,405: Total time for which application threads were stopped: 0,0000902 seconds, Stopping threads took: 0,0000341 seconds
2017-07-14T00:47:09.027+0200: 33802,405: Total time for which application threads were stopped: 0,0000637 seconds, Stopping threads took: 0,0000194 seconds
2017-07-14T00:47:09.028+0200: 33802,407: Total time for which application threads were stopped: 0,0001035 seconds, Stopping threads took: 0,0000361 seconds
2017-07-14T00:47:09.029+0200: 33802,407: Total time for which application threads were stopped: 0,0002604 seconds, Stopping threads took: 0,0000264 seconds
2017-07-14T00:47:09.031+0200: 33802,409: Total time for which application threads were stopped: 0,0000962 seconds, Stopping threads took: 0,0000285 seconds
2017-07-14T00:47:09.031+0200: 33802,409: Total time for which application threads were stopped: 0,0000536 seconds, Stopping threads took: 0,0000196 seconds
2017-07-14T00:47:09.033+0200: 33802,411: Total time for which application threads were stopped: 0,0000841 seconds, Stopping threads took: 0,0000278 seconds
2017-07-14T00:47:09.033+0200: 33802,411: Total time for which application threads were stopped: 0,0000636 seconds, Stopping threads took: 0,0000225 seconds
2017-07-14T00:47:09.033+0200: 33802,411: Total time for which application threads were stopped: 0,0000508 seconds, Stopping threads took: 0,0000169 seconds
2017-07-14T00:47:09.033+0200: 33802,411: Total time for which application threads were stopped: 0,0000484 seconds, Stopping threads took: 0,0000189 seconds
2017-07-14T00:47:09.033+0200: 33802,411: Total time for which application threads were stopped: 0,0000522 seconds, Stopping threads took: 0,0000180 seconds
2017-07-14T00:47:09.033+0200: 33802,412: Total time for which application threads were stopped: 0,0000538 seconds, Stopping threads took: 0,0000180 seconds
2017-07-14T00:47:09.033+0200: 33802,412: Total time for which application threads were stopped: 0,0000436 seconds, Stopping threads took: 0,0000127 seconds
2017-07-14T00:47:09.033+0200: 33802,412: Total time for which application threads were stopped: 0,0000545 seconds, Stopping threads took: 0,0000192 seconds
2017-07-14T00:47:09.034+0200: 33802,412: Total time for which application threads were stopped: 0,0001743 seconds, Stopping threads took: 0,0000182 seconds
2017-07-14T00:47:09.034+0200: 33802,412: Total time for which application threads were stopped: 0,0000694 seconds, Stopping threads took: 0,0000229 seconds
2017-07-14T00:47:09.034+0200: 33802,413: Total time for which application threads were stopped: 0,0000525 seconds, Stopping threads took: 0,0000211 seconds
2017-07-14T00:47:09.034+0200: 33802,413: Total time for which application threads were stopped: 0,0000484 seconds, Stopping threads took: 0,0000177 seconds
2017-07-14T00:47:09.034+0200: 33802,413: Total time for which application threads were stopped: 0,0000478 seconds, Stopping threads took: 0,0000168 seconds
2017-07-14T00:47:09.035+0200: 33802,413: Total time for which application threads were stopped: 0,0001495 seconds, Stopping threads took: 0,0000166 seconds
2017-07-14T00:47:09.036+0200: 33802,414: Total time for which application threads were stopped: 0,0001317 seconds, Stopping threads took: 0,0000334 seconds
2017-07-14T00:47:09.036+0200: 33802,414: Total time for which application threads were stopped: 0,0000717 seconds, Stopping threads took: 0,0000160 seconds
2017-07-14T00:47:09.036+0200: 33802,414: Total time for which application threads were stopped: 0,0000648 seconds, Stopping threads took: 0,0000057 seconds
Heap
 par new generation   total 109248K, used 36009K [0x00000000e0000000, 0x00000000e8000000, 0x00000000e8000000)
  eden space 87424K,  23% used [0x00000000e0000000, 0x00000000e13dd2e0, 0x00000000e5560000)
  from space 21824K,  71% used [0x00000000e5560000, 0x00000000e64ad2a0, 0x00000000e6ab0000)
  to   space 21824K,   0% used [0x00000000e6ab0000, 0x00000000e6ab0000, 0x00000000e8000000)
 concurrent mark-sweep generation total 393216K, used 6874K [0x00000000e8000000, 0x0000000100000000, 0x0000000100000000)
 Metaspace       used 28148K, capacity 28706K, committed 29052K, reserved 1075200K
  class space    used 3224K, capacity 3418K, committed 3452K, reserved 1048576K
