OpenJDK 64-Bit Server VM (25.131-b11) for linux-amd64 JRE (1.8.0_131-8u131-b11-2ubuntu1.16.04.2-b11), built on Jul 22 2017 00:56:41 by "buildd" with gcc 5.4.0 20160609
Memory: 4k page, physical 7867736k(7550924k free), swap 8076284k(8076284k free)
CommandLine flags: -XX:CMSInitiatingOccupancyFraction=50 -XX:CMSMaxAbortablePrecleanTime=6000 -XX:+CMSParallelRemarkEnabled -XX:+CMSScavengeBeforeRemark -XX:ConcGCThreads=4 -XX:InitialHeapSize=536870912 -XX:MaxHeapSize=536870912 -XX:MaxTenuringThreshold=8 -XX:NewRatio=3 -XX:OldPLABSize=16 -XX:OnOutOfMemoryError=/opt/solr/bin/oom_solr.sh 8983 /var/solr/logs -XX:ParallelGCThreads=4 -XX:+ParallelRefProcEnabled -XX:PretenureSizeThreshold=67108864 -XX:+PrintGC -XX:+PrintGCApplicationStoppedTime -XX:+PrintGCDateStamps -XX:+PrintGCDetails -XX:+PrintGCTimeStamps -XX:+PrintHeapAtGC -XX:+PrintTenuringDistribution -XX:SurvivorRatio=4 -XX:TargetSurvivorRatio=90 -XX:ThreadStackSize=256 -XX:+UseCMSInitiatingOccupancyOnly -XX:+UseCompressedClassPointers -XX:+UseCompressedOops -XX:+UseConcMarkSweepGC -XX:+UseParNewGC 
2017-07-30T23:43:06.861+0200: 0,207: Total time for which application threads were stopped: 0,0000727 seconds, Stopping threads took: 0,0000130 seconds
2017-07-30T23:43:06.973+0200: 0,318: Total time for which application threads were stopped: 0,0000972 seconds, Stopping threads took: 0,0000188 seconds
2017-07-30T23:43:06.991+0200: 0,337: Total time for which application threads were stopped: 0,0001180 seconds, Stopping threads took: 0,0000179 seconds
2017-07-30T23:43:07.334+0200: 0,680: Total time for which application threads were stopped: 0,0001968 seconds, Stopping threads took: 0,0000311 seconds
2017-07-30T23:43:07.868+0200: 1,213: Total time for which application threads were stopped: 0,0001320 seconds, Stopping threads took: 0,0000160 seconds
2017-07-30T23:43:07.944+0200: 1,290: Total time for which application threads were stopped: 0,0001334 seconds, Stopping threads took: 0,0000246 seconds
2017-07-30T23:43:07.971+0200: 1,317: Total time for which application threads were stopped: 0,0008751 seconds, Stopping threads took: 0,0001366 seconds
2017-07-30T23:43:08.262+0200: 1,608: Total time for which application threads were stopped: 0,0001665 seconds, Stopping threads took: 0,0000172 seconds
2017-07-30T23:43:08.525+0200: 1,870: Total time for which application threads were stopped: 0,0001838 seconds, Stopping threads took: 0,0000119 seconds
2017-07-30T23:43:08.555+0200: 1,900: Total time for which application threads were stopped: 0,0001968 seconds, Stopping threads took: 0,0000302 seconds
2017-07-30T23:43:08.594+0200: 1,940: Total time for which application threads were stopped: 0,0002357 seconds, Stopping threads took: 0,0000256 seconds
2017-07-30T23:43:08.595+0200: 1,941: Total time for which application threads were stopped: 0,0001898 seconds, Stopping threads took: 0,0000227 seconds
2017-07-30T23:43:08.615+0200: 1,960: Total time for which application threads were stopped: 0,0002042 seconds, Stopping threads took: 0,0000201 seconds
2017-07-30T23:43:08.694+0200: 2,039: Total time for which application threads were stopped: 0,0002645 seconds, Stopping threads took: 0,0000259 seconds
2017-07-30T23:43:08.879+0200: 2,224: Total time for which application threads were stopped: 0,0003044 seconds, Stopping threads took: 0,0001004 seconds
{Heap before GC invocations=0 (full 0):
 par new generation   total 109248K, used 87424K [0x00000000e0000000, 0x00000000e8000000, 0x00000000e8000000)
  eden space 87424K, 100% used [0x00000000e0000000, 0x00000000e5560000, 0x00000000e5560000)
  from space 21824K,   0% used [0x00000000e5560000, 0x00000000e5560000, 0x00000000e6ab0000)
  to   space 21824K,   0% used [0x00000000e6ab0000, 0x00000000e6ab0000, 0x00000000e8000000)
 concurrent mark-sweep generation total 393216K, used 0K [0x00000000e8000000, 0x0000000100000000, 0x0000000100000000)
 Metaspace       used 17805K, capacity 18112K, committed 18304K, reserved 1064960K
  class space    used 2024K, capacity 2164K, committed 2176K, reserved 1048576K
2017-07-30T23:43:08.921+0200: 2,266: [GC (Allocation Failure) 2017-07-30T23:43:08.921+0200: 2,266: [ParNew
Desired survivor size 20112992 bytes, new threshold 8 (max 8)
- age   1:   11561216 bytes,   11561216 total
: 87424K->11395K(109248K), 0,0153252 secs] 87424K->11395K(502464K), 0,0154062 secs] [Times: user=0,05 sys=0,00, real=0,02 secs] 
Heap after GC invocations=1 (full 0):
 par new generation   total 109248K, used 11395K [0x00000000e0000000, 0x00000000e8000000, 0x00000000e8000000)
  eden space 87424K,   0% used [0x00000000e0000000, 0x00000000e0000000, 0x00000000e5560000)
  from space 21824K,  52% used [0x00000000e6ab0000, 0x00000000e75d0ee8, 0x00000000e8000000)
  to   space 21824K,   0% used [0x00000000e5560000, 0x00000000e5560000, 0x00000000e6ab0000)
 concurrent mark-sweep generation total 393216K, used 0K [0x00000000e8000000, 0x0000000100000000, 0x0000000100000000)
 Metaspace       used 17805K, capacity 18112K, committed 18304K, reserved 1064960K
  class space    used 2024K, capacity 2164K, committed 2176K, reserved 1048576K
}
2017-07-30T23:43:08.936+0200: 2,282: Total time for which application threads were stopped: 0,0156488 seconds, Stopping threads took: 0,0000739 seconds
2017-07-30T23:43:09.332+0200: 2,678: Total time for which application threads were stopped: 0,0004591 seconds, Stopping threads took: 0,0001413 seconds
{Heap before GC invocations=1 (full 0):
 par new generation   total 109248K, used 98819K [0x00000000e0000000, 0x00000000e8000000, 0x00000000e8000000)
  eden space 87424K, 100% used [0x00000000e0000000, 0x00000000e5560000, 0x00000000e5560000)
  from space 21824K,  52% used [0x00000000e6ab0000, 0x00000000e75d0ee8, 0x00000000e8000000)
  to   space 21824K,   0% used [0x00000000e5560000, 0x00000000e5560000, 0x00000000e6ab0000)
 concurrent mark-sweep generation total 393216K, used 0K [0x00000000e8000000, 0x0000000100000000, 0x0000000100000000)
 Metaspace       used 20053K, capacity 20434K, committed 20736K, reserved 1067008K
  class space    used 2296K, capacity 2471K, committed 2560K, reserved 1048576K
2017-07-30T23:43:09.359+0200: 2,705: [GC (Allocation Failure) 2017-07-30T23:43:09.359+0200: 2,705: [ParNew
Desired survivor size 20112992 bytes, new threshold 8 (max 8)
- age   1:    4446168 bytes,    4446168 total
- age   2:    6073480 bytes,   10519648 total
: 98819K->12690K(109248K), 0,0107932 secs] 98819K->12690K(502464K), 0,0108590 secs] [Times: user=0,03 sys=0,01, real=0,01 secs] 
Heap after GC invocations=2 (full 0):
 par new generation   total 109248K, used 12690K [0x00000000e0000000, 0x00000000e8000000, 0x00000000e8000000)
  eden space 87424K,   0% used [0x00000000e0000000, 0x00000000e0000000, 0x00000000e5560000)
  from space 21824K,  58% used [0x00000000e5560000, 0x00000000e61c4b58, 0x00000000e6ab0000)
  to   space 21824K,   0% used [0x00000000e6ab0000, 0x00000000e6ab0000, 0x00000000e8000000)
 concurrent mark-sweep generation total 393216K, used 0K [0x00000000e8000000, 0x0000000100000000, 0x0000000100000000)
 Metaspace       used 20053K, capacity 20434K, committed 20736K, reserved 1067008K
  class space    used 2296K, capacity 2471K, committed 2560K, reserved 1048576K
}
2017-07-30T23:43:09.370+0200: 2,716: Total time for which application threads were stopped: 0,0119774 seconds, Stopping threads took: 0,0009954 seconds
2017-07-30T23:43:09.382+0200: 2,727: Total time for which application threads were stopped: 0,0017719 seconds, Stopping threads took: 0,0015029 seconds
2017-07-30T23:43:09.423+0200: 2,769: Total time for which application threads were stopped: 0,0014389 seconds, Stopping threads took: 0,0011180 seconds
2017-07-30T23:43:09.559+0200: 2,905: Total time for which application threads were stopped: 0,0001743 seconds, Stopping threads took: 0,0000553 seconds
{Heap before GC invocations=2 (full 0):
 par new generation   total 109248K, used 100114K [0x00000000e0000000, 0x00000000e8000000, 0x00000000e8000000)
  eden space 87424K, 100% used [0x00000000e0000000, 0x00000000e5560000, 0x00000000e5560000)
  from space 21824K,  58% used [0x00000000e5560000, 0x00000000e61c4b58, 0x00000000e6ab0000)
  to   space 21824K,   0% used [0x00000000e6ab0000, 0x00000000e6ab0000, 0x00000000e8000000)
 concurrent mark-sweep generation total 393216K, used 0K [0x00000000e8000000, 0x0000000100000000, 0x0000000100000000)
 Metaspace       used 20981K, capacity 21292K, committed 21628K, reserved 1069056K
  class space    used 2418K, capacity 2590K, committed 2684K, reserved 1048576K
2017-07-30T23:43:09.598+0200: 2,943: [GC (Allocation Failure) 2017-07-30T23:43:09.598+0200: 2,943: [ParNew
Desired survivor size 20112992 bytes, new threshold 8 (max 8)
- age   1:    2130936 bytes,    2130936 total
- age   2:    1411616 bytes,    3542552 total
- age   3:    6070904 bytes,    9613456 total
: 100114K->11896K(109248K), 0,0092829 secs] 100114K->11896K(502464K), 0,0093605 secs] [Times: user=0,03 sys=0,00, real=0,01 secs] 
Heap after GC invocations=3 (full 0):
 par new generation   total 109248K, used 11896K [0x00000000e0000000, 0x00000000e8000000, 0x00000000e8000000)
  eden space 87424K,   0% used [0x00000000e0000000, 0x00000000e0000000, 0x00000000e5560000)
  from space 21824K,  54% used [0x00000000e6ab0000, 0x00000000e764e330, 0x00000000e8000000)
  to   space 21824K,   0% used [0x00000000e5560000, 0x00000000e5560000, 0x00000000e6ab0000)
 concurrent mark-sweep generation total 393216K, used 0K [0x00000000e8000000, 0x0000000100000000, 0x0000000100000000)
 Metaspace       used 20981K, capacity 21292K, committed 21628K, reserved 1069056K
  class space    used 2418K, capacity 2590K, committed 2684K, reserved 1048576K
}
2017-07-30T23:43:09.607+0200: 2,953: Total time for which application threads were stopped: 0,0117318 seconds, Stopping threads took: 0,0022360 seconds
2017-07-30T23:43:09.626+0200: 2,971: [GC (CMS Initial Mark) [1 CMS-initial-mark: 0K(393216K)] 19354K(502464K), 0,0049858 secs] [Times: user=0,02 sys=0,00, real=0,00 secs] 
2017-07-30T23:43:09.631+0200: 2,976: Total time for which application threads were stopped: 0,0091855 seconds, Stopping threads took: 0,0040517 seconds
2017-07-30T23:43:09.631+0200: 2,976: [CMS-concurrent-mark-start]
2017-07-30T23:43:09.638+0200: 2,983: [CMS-concurrent-mark: 0,007/0,007 secs] [Times: user=0,02 sys=0,00, real=0,01 secs] 
2017-07-30T23:43:09.638+0200: 2,983: [CMS-concurrent-preclean-start]
2017-07-30T23:43:09.639+0200: 2,985: [CMS-concurrent-preclean: 0,001/0,001 secs] [Times: user=0,01 sys=0,00, real=0,00 secs] 
2017-07-30T23:43:09.639+0200: 2,985: [CMS-concurrent-abortable-preclean-start]
2017-07-30T23:43:09.710+0200: 3,055: Total time for which application threads were stopped: 0,0001362 seconds, Stopping threads took: 0,0000297 seconds
{Heap before GC invocations=3 (full 1):
 par new generation   total 109248K, used 99320K [0x00000000e0000000, 0x00000000e8000000, 0x00000000e8000000)
  eden space 87424K, 100% used [0x00000000e0000000, 0x00000000e5560000, 0x00000000e5560000)
  from space 21824K,  54% used [0x00000000e6ab0000, 0x00000000e764e330, 0x00000000e8000000)
  to   space 21824K,   0% used [0x00000000e5560000, 0x00000000e5560000, 0x00000000e6ab0000)
 concurrent mark-sweep generation total 393216K, used 0K [0x00000000e8000000, 0x0000000100000000, 0x0000000100000000)
 Metaspace       used 21281K, capacity 21648K, committed 21884K, reserved 1069056K
  class space    used 2449K, capacity 2608K, committed 2684K, reserved 1048576K
2017-07-30T23:43:09.738+0200: 3,083: [GC (Allocation Failure) 2017-07-30T23:43:09.738+0200: 3,083: [ParNew
Desired survivor size 20112992 bytes, new threshold 8 (max 8)
- age   1:     641808 bytes,     641808 total
- age   2:    1476712 bytes,    2118520 total
- age   3:    1380664 bytes,    3499184 total
- age   4:    6071416 bytes,    9570600 total
: 99320K->14130K(109248K), 0,0097200 secs] 99320K->14130K(502464K), 0,0097878 secs] [Times: user=0,03 sys=0,00, real=0,01 secs] 
Heap after GC invocations=4 (full 1):
 par new generation   total 109248K, used 14130K [0x00000000e0000000, 0x00000000e8000000, 0x00000000e8000000)
  eden space 87424K,   0% used [0x00000000e0000000, 0x00000000e0000000, 0x00000000e5560000)
  from space 21824K,  64% used [0x00000000e5560000, 0x00000000e632cb00, 0x00000000e6ab0000)
  to   space 21824K,   0% used [0x00000000e6ab0000, 0x00000000e6ab0000, 0x00000000e8000000)
 concurrent mark-sweep generation total 393216K, used 0K [0x00000000e8000000, 0x0000000100000000, 0x0000000100000000)
 Metaspace       used 21281K, capacity 21648K, committed 21884K, reserved 1069056K
  class space    used 2449K, capacity 2608K, committed 2684K, reserved 1048576K
}
2017-07-30T23:43:09.748+0200: 3,093: Total time for which application threads were stopped: 0,0100029 seconds, Stopping threads took: 0,0000721 seconds
{Heap before GC invocations=4 (full 1):
 par new generation   total 109248K, used 101554K [0x00000000e0000000, 0x00000000e8000000, 0x00000000e8000000)
  eden space 87424K, 100% used [0x00000000e0000000, 0x00000000e5560000, 0x00000000e5560000)
  from space 21824K,  64% used [0x00000000e5560000, 0x00000000e632cb00, 0x00000000e6ab0000)
  to   space 21824K,   0% used [0x00000000e6ab0000, 0x00000000e6ab0000, 0x00000000e8000000)
 concurrent mark-sweep generation total 393216K, used 0K [0x00000000e8000000, 0x0000000100000000, 0x0000000100000000)
 Metaspace       used 21451K, capacity 21814K, committed 21884K, reserved 1069056K
  class space    used 2469K, capacity 2641K, committed 2684K, reserved 1048576K
2017-07-30T23:43:09.842+0200: 3,187: [GC (Allocation Failure) 2017-07-30T23:43:09.842+0200: 3,187: [ParNew
Desired survivor size 20112992 bytes, new threshold 8 (max 8)
- age   1:     348808 bytes,     348808 total
- age   2:     179928 bytes,     528736 total
- age   3:    1476416 bytes,    2005152 total
- age   4:    1376712 bytes,    3381864 total
- age   5:    6070928 bytes,    9452792 total
: 101554K->12901K(109248K), 0,0125698 secs] 101554K->12901K(502464K), 0,0126388 secs] [Times: user=0,04 sys=0,00, real=0,01 secs] 
Heap after GC invocations=5 (full 1):
 par new generation   total 109248K, used 12901K [0x00000000e0000000, 0x00000000e8000000, 0x00000000e8000000)
  eden space 87424K,   0% used [0x00000000e0000000, 0x00000000e0000000, 0x00000000e5560000)
  from space 21824K,  59% used [0x00000000e6ab0000, 0x00000000e7749730, 0x00000000e8000000)
  to   space 21824K,   0% used [0x00000000e5560000, 0x00000000e5560000, 0x00000000e6ab0000)
 concurrent mark-sweep generation total 393216K, used 0K [0x00000000e8000000, 0x0000000100000000, 0x0000000100000000)
 Metaspace       used 21451K, capacity 21814K, committed 21884K, reserved 1069056K
  class space    used 2469K, capacity 2641K, committed 2684K, reserved 1048576K
}
2017-07-30T23:43:09.854+0200: 3,200: Total time for which application threads were stopped: 0,0133674 seconds, Stopping threads took: 0,0005975 seconds
2017-07-30T23:43:09.878+0200: 3,223: Total time for which application threads were stopped: 0,0027677 seconds, Stopping threads took: 0,0026817 seconds
2017-07-30T23:43:09.915+0200: 3,260: Total time for which application threads were stopped: 0,0003862 seconds, Stopping threads took: 0,0000206 seconds
2017-07-30T23:43:09.951+0200: 3,296: Total time for which application threads were stopped: 0,0001093 seconds, Stopping threads took: 0,0000232 seconds
2017-07-30T23:43:09.983+0200: 3,329: Total time for which application threads were stopped: 0,0001306 seconds, Stopping threads took: 0,0000259 seconds
2017-07-30T23:43:10.134+0200: 3,479: Total time for which application threads were stopped: 0,0034377 seconds, Stopping threads took: 0,0032658 seconds
2017-07-30T23:43:10.174+0200: 3,520: Total time for which application threads were stopped: 0,0001648 seconds, Stopping threads took: 0,0000296 seconds
2017-07-30T23:43:10.185+0200: 3,531: Total time for which application threads were stopped: 0,0004235 seconds, Stopping threads took: 0,0000266 seconds
2017-07-30T23:43:10.205+0200: 3,551: Total time for which application threads were stopped: 0,0004294 seconds, Stopping threads took: 0,0000270 seconds
2017-07-30T23:43:10.211+0200: 3,557: Total time for which application threads were stopped: 0,0000948 seconds, Stopping threads took: 0,0000258 seconds
2017-07-30T23:43:10.211+0200: 3,557: [CMS-concurrent-abortable-preclean: 0,330/0,572 secs] [Times: user=2,15 sys=0,02, real=0,57 secs] 
2017-07-30T23:43:10.212+0200: 3,557: [GC (CMS Final Remark) [YG occupancy: 57069 K (109248 K)]{Heap before GC invocations=5 (full 1):
 par new generation   total 109248K, used 57069K [0x00000000e0000000, 0x00000000e8000000, 0x00000000e8000000)
  eden space 87424K,  50% used [0x00000000e0000000, 0x00000000e2b21df0, 0x00000000e5560000)
  from space 21824K,  59% used [0x00000000e6ab0000, 0x00000000e7749730, 0x00000000e8000000)
  to   space 21824K,   0% used [0x00000000e5560000, 0x00000000e5560000, 0x00000000e6ab0000)
 concurrent mark-sweep generation total 393216K, used 0K [0x00000000e8000000, 0x0000000100000000, 0x0000000100000000)
 Metaspace       used 23138K, capacity 23612K, committed 23876K, reserved 1071104K
  class space    used 2657K, capacity 2814K, committed 2836K, reserved 1048576K
2017-07-30T23:43:10.212+0200: 3,557: [GC (CMS Final Remark) 2017-07-30T23:43:10.212+0200: 3,557: [ParNew
Desired survivor size 20112992 bytes, new threshold 8 (max 8)
- age   1:    2735552 bytes,    2735552 total
- age   2:     127888 bytes,    2863440 total
- age   3:     178760 bytes,    3042200 total
- age   4:     307072 bytes,    3349272 total
- age   5:    1362912 bytes,    4712184 total
- age   6:    6066992 bytes,   10779176 total
: 57069K->12745K(109248K), 0,0100224 secs] 57069K->12745K(502464K), 0,0100655 secs] [Times: user=0,02 sys=0,01, real=0,02 secs] 
Heap after GC invocations=6 (full 1):
 par new generation   total 109248K, used 12745K [0x00000000e0000000, 0x00000000e8000000, 0x00000000e8000000)
  eden space 87424K,   0% used [0x00000000e0000000, 0x00000000e0000000, 0x00000000e5560000)
  from space 21824K,  58% used [0x00000000e5560000, 0x00000000e61d2488, 0x00000000e6ab0000)
  to   space 21824K,   0% used [0x00000000e6ab0000, 0x00000000e6ab0000, 0x00000000e8000000)
 concurrent mark-sweep generation total 393216K, used 0K [0x00000000e8000000, 0x0000000100000000, 0x0000000100000000)
 Metaspace       used 23138K, capacity 23612K, committed 23876K, reserved 1071104K
  class space    used 2657K, capacity 2814K, committed 2836K, reserved 1048576K
}
2017-07-30T23:43:10.222+0200: 3,567: [Rescan (parallel) , 0,0031301 secs]2017-07-30T23:43:10.225+0200: 3,571: [weak refs processing, 0,0006417 secs]2017-07-30T23:43:10.226+0200: 3,571: [class unloading, 0,0032471 secs]2017-07-30T23:43:10.229+0200: 3,574: [scrub symbol table, 0,0028528 secs]2017-07-30T23:43:10.232+0200: 3,577: [scrub string table, 0,0004292 secs][1 CMS-remark: 0K(393216K)] 12745K(502464K), 0,0211796 secs] [Times: user=0,04 sys=0,01, real=0,02 secs] 
2017-07-30T23:43:10.233+0200: 3,578: Total time for which application threads were stopped: 0,0213671 seconds, Stopping threads took: 0,0001161 seconds
2017-07-30T23:43:10.233+0200: 3,579: [CMS-concurrent-sweep-start]
2017-07-30T23:43:10.233+0200: 3,579: [CMS-concurrent-sweep: 0,000/0,000 secs] [Times: user=0,00 sys=0,00, real=0,00 secs] 
2017-07-30T23:43:10.233+0200: 3,579: [CMS-concurrent-reset-start]
2017-07-30T23:43:10.239+0200: 3,585: [CMS-concurrent-reset: 0,006/0,006 secs] [Times: user=0,01 sys=0,00, real=0,01 secs] 
{Heap before GC invocations=6 (full 1):
 par new generation   total 109248K, used 100169K [0x00000000e0000000, 0x00000000e8000000, 0x00000000e8000000)
  eden space 87424K, 100% used [0x00000000e0000000, 0x00000000e5560000, 0x00000000e5560000)
  from space 21824K,  58% used [0x00000000e5560000, 0x00000000e61d2488, 0x00000000e6ab0000)
  to   space 21824K,   0% used [0x00000000e6ab0000, 0x00000000e6ab0000, 0x00000000e8000000)
 concurrent mark-sweep generation total 393216K, used 0K [0x00000000e8000000, 0x0000000100000000, 0x0000000100000000)
 Metaspace       used 24636K, capacity 25114K, committed 25412K, reserved 1071104K
  class space    used 2879K, capacity 3079K, committed 3092K, reserved 1048576K
2017-07-30T23:43:10.523+0200: 3,869: [GC (Allocation Failure) 2017-07-30T23:43:10.523+0200: 3,869: [ParNew
Desired survivor size 20112992 bytes, new threshold 8 (max 8)
- age   1:    3775272 bytes,    3775272 total
- age   2:    1600256 bytes,    5375528 total
- age   3:     127832 bytes,    5503360 total
- age   4:     178160 bytes,    5681520 total
- age   5:     303912 bytes,    5985432 total
- age   6:    1349560 bytes,    7334992 total
- age   7:    6062048 bytes,   13397040 total
: 100169K->15841K(109248K), 0,0297419 secs] 100169K->15841K(502464K), 0,0298471 secs] [Times: user=0,07 sys=0,00, real=0,02 secs] 
Heap after GC invocations=7 (full 1):
 par new generation   total 109248K, used 15841K [0x00000000e0000000, 0x00000000e8000000, 0x00000000e8000000)
  eden space 87424K,   0% used [0x00000000e0000000, 0x00000000e0000000, 0x00000000e5560000)
  from space 21824K,  72% used [0x00000000e6ab0000, 0x00000000e7a28400, 0x00000000e8000000)
  to   space 21824K,   0% used [0x00000000e5560000, 0x00000000e5560000, 0x00000000e6ab0000)
 concurrent mark-sweep generation total 393216K, used 0K [0x00000000e8000000, 0x0000000100000000, 0x0000000100000000)
 Metaspace       used 24636K, capacity 25114K, committed 25412K, reserved 1071104K
  class space    used 2879K, capacity 3079K, committed 3092K, reserved 1048576K
}
2017-07-30T23:43:10.553+0200: 3,899: Total time for which application threads were stopped: 0,0301942 seconds, Stopping threads took: 0,0000521 seconds
{Heap before GC invocations=7 (full 1):
 par new generation   total 109248K, used 103265K [0x00000000e0000000, 0x00000000e8000000, 0x00000000e8000000)
  eden space 87424K, 100% used [0x00000000e0000000, 0x00000000e5560000, 0x00000000e5560000)
  from space 21824K,  72% used [0x00000000e6ab0000, 0x00000000e7a28400, 0x00000000e8000000)
  to   space 21824K,   0% used [0x00000000e5560000, 0x00000000e5560000, 0x00000000e6ab0000)
 concurrent mark-sweep generation total 393216K, used 0K [0x00000000e8000000, 0x0000000100000000, 0x0000000100000000)
 Metaspace       used 24983K, capacity 25466K, committed 25592K, reserved 1071104K
  class space    used 2909K, capacity 3085K, committed 3092K, reserved 1048576K
2017-07-30T23:43:10.650+0200: 3,996: [GC (Allocation Failure) 2017-07-30T23:43:10.650+0200: 3,996: [ParNew
Desired survivor size 20112992 bytes, new threshold 8 (max 8)
- age   1:    1301880 bytes,    1301880 total
- age   2:    1699448 bytes,    3001328 total
- age   3:     686952 bytes,    3688280 total
- age   4:      74432 bytes,    3762712 total
- age   5:     100120 bytes,    3862832 total
- age   6:     198256 bytes,    4061088 total
- age   7:     969856 bytes,    5030944 total
- age   8:    5874960 bytes,   10905904 total
: 103265K->18112K(109248K), 0,0202762 secs] 103265K->18112K(502464K), 0,0203653 secs] [Times: user=0,07 sys=0,00, real=0,02 secs] 
Heap after GC invocations=8 (full 1):
 par new generation   total 109248K, used 18112K [0x00000000e0000000, 0x00000000e8000000, 0x00000000e8000000)
  eden space 87424K,   0% used [0x00000000e0000000, 0x00000000e0000000, 0x00000000e5560000)
  from space 21824K,  82% used [0x00000000e5560000, 0x00000000e67103e0, 0x00000000e6ab0000)
  to   space 21824K,   0% used [0x00000000e6ab0000, 0x00000000e6ab0000, 0x00000000e8000000)
 concurrent mark-sweep generation total 393216K, used 0K [0x00000000e8000000, 0x0000000100000000, 0x0000000100000000)
 Metaspace       used 24983K, capacity 25466K, committed 25592K, reserved 1071104K
  class space    used 2909K, capacity 3085K, committed 3092K, reserved 1048576K
}
2017-07-30T23:43:10.670+0200: 4,016: Total time for which application threads were stopped: 0,0205698 seconds, Stopping threads took: 0,0000391 seconds
2017-07-30T23:43:10.720+0200: 4,066: Total time for which application threads were stopped: 0,0015100 seconds, Stopping threads took: 0,0011594 seconds
2017-07-30T23:43:10.758+0200: 4,104: Total time for which application threads were stopped: 0,0002009 seconds, Stopping threads took: 0,0000865 seconds
2017-07-30T23:43:10.766+0200: 4,111: Total time for which application threads were stopped: 0,0001589 seconds, Stopping threads took: 0,0000601 seconds
2017-07-30T23:43:10.769+0200: 4,114: Total time for which application threads were stopped: 0,0001760 seconds, Stopping threads took: 0,0000824 seconds
2017-07-30T23:43:10.773+0200: 4,119: Total time for which application threads were stopped: 0,0001357 seconds, Stopping threads took: 0,0000700 seconds
{Heap before GC invocations=8 (full 1):
 par new generation   total 109248K, used 105536K [0x00000000e0000000, 0x00000000e8000000, 0x00000000e8000000)
  eden space 87424K, 100% used [0x00000000e0000000, 0x00000000e5560000, 0x00000000e5560000)
  from space 21824K,  82% used [0x00000000e5560000, 0x00000000e67103e0, 0x00000000e6ab0000)
  to   space 21824K,   0% used [0x00000000e6ab0000, 0x00000000e6ab0000, 0x00000000e8000000)
 concurrent mark-sweep generation total 393216K, used 0K [0x00000000e8000000, 0x0000000100000000, 0x0000000100000000)
 Metaspace       used 25342K, capacity 25828K, committed 25976K, reserved 1073152K
  class space    used 2934K, capacity 3122K, committed 3220K, reserved 1048576K
2017-07-30T23:43:10.792+0200: 4,138: [GC (Allocation Failure) 2017-07-30T23:43:10.792+0200: 4,138: [ParNew
Desired survivor size 20112992 bytes, new threshold 8 (max 8)
- age   1:     973888 bytes,     973888 total
- age   2:     182648 bytes,    1156536 total
- age   3:    1319768 bytes,    2476304 total
- age   4:     686936 bytes,    3163240 total
- age   5:      74432 bytes,    3237672 total
- age   6:     100120 bytes,    3337792 total
- age   7:     198256 bytes,    3536048 total
- age   8:     969856 bytes,    4505904 total
: 105536K->5681K(109248K), 0,0264132 secs] 105536K->12040K(502464K), 0,0264768 secs] [Times: user=0,09 sys=0,00, real=0,03 secs] 
Heap after GC invocations=9 (full 1):
 par new generation   total 109248K, used 5681K [0x00000000e0000000, 0x00000000e8000000, 0x00000000e8000000)
  eden space 87424K,   0% used [0x00000000e0000000, 0x00000000e0000000, 0x00000000e5560000)
  from space 21824K,  26% used [0x00000000e6ab0000, 0x00000000e703c580, 0x00000000e8000000)
  to   space 21824K,   0% used [0x00000000e5560000, 0x00000000e5560000, 0x00000000e6ab0000)
 concurrent mark-sweep generation total 393216K, used 6359K [0x00000000e8000000, 0x0000000100000000, 0x0000000100000000)
 Metaspace       used 25342K, capacity 25828K, committed 25976K, reserved 1073152K
  class space    used 2934K, capacity 3122K, committed 3220K, reserved 1048576K
}
2017-07-30T23:43:10.819+0200: 4,164: Total time for which application threads were stopped: 0,0267077 seconds, Stopping threads took: 0,0000980 seconds
2017-07-30T23:43:10.832+0200: 4,177: Total time for which application threads were stopped: 0,0003417 seconds, Stopping threads took: 0,0002018 seconds
2017-07-30T23:43:10.914+0200: 4,260: Total time for which application threads were stopped: 0,0001258 seconds, Stopping threads took: 0,0000414 seconds
2017-07-30T23:43:10.918+0200: 4,264: Total time for which application threads were stopped: 0,0001521 seconds, Stopping threads took: 0,0000775 seconds
2017-07-30T23:43:10.918+0200: 4,264: Total time for which application threads were stopped: 0,0000859 seconds, Stopping threads took: 0,0000419 seconds
2017-07-30T23:43:10.918+0200: 4,264: Total time for which application threads were stopped: 0,0000417 seconds, Stopping threads took: 0,0000116 seconds
2017-07-30T23:43:10.919+0200: 4,264: Total time for which application threads were stopped: 0,0000710 seconds, Stopping threads took: 0,0000202 seconds
2017-07-30T23:43:10.919+0200: 4,264: Total time for which application threads were stopped: 0,0000836 seconds, Stopping threads took: 0,0000262 seconds
2017-07-30T23:43:10.919+0200: 4,265: Total time for which application threads were stopped: 0,0000707 seconds, Stopping threads took: 0,0000291 seconds
2017-07-30T23:43:10.920+0200: 4,266: Total time for which application threads were stopped: 0,0001432 seconds, Stopping threads took: 0,0000733 seconds
2017-07-30T23:43:10.921+0200: 4,266: Total time for which application threads were stopped: 0,0005504 seconds, Stopping threads took: 0,0005110 seconds
2017-07-30T23:43:10.922+0200: 4,268: Total time for which application threads were stopped: 0,0001015 seconds, Stopping threads took: 0,0000396 seconds
2017-07-30T23:43:10.922+0200: 4,268: Total time for which application threads were stopped: 0,0000586 seconds, Stopping threads took: 0,0000219 seconds
2017-07-30T23:43:10.923+0200: 4,268: Total time for which application threads were stopped: 0,0000842 seconds, Stopping threads took: 0,0000378 seconds
2017-07-30T23:43:10.923+0200: 4,268: Total time for which application threads were stopped: 0,0000465 seconds, Stopping threads took: 0,0000160 seconds
2017-07-30T23:43:10.923+0200: 4,268: Total time for which application threads were stopped: 0,0000687 seconds, Stopping threads took: 0,0000367 seconds
2017-07-30T23:43:10.923+0200: 4,269: Total time for which application threads were stopped: 0,0000663 seconds, Stopping threads took: 0,0000341 seconds
2017-07-30T23:43:10.923+0200: 4,269: Total time for which application threads were stopped: 0,0000557 seconds, Stopping threads took: 0,0000209 seconds
2017-07-30T23:43:10.924+0200: 4,270: Total time for which application threads were stopped: 0,0001170 seconds, Stopping threads took: 0,0000405 seconds
2017-07-30T23:43:10.924+0200: 4,270: Total time for which application threads were stopped: 0,0000939 seconds, Stopping threads took: 0,0000353 seconds
2017-07-30T23:43:10.925+0200: 4,270: Total time for which application threads were stopped: 0,0000861 seconds, Stopping threads took: 0,0000232 seconds
2017-07-30T23:43:10.925+0200: 4,270: Total time for which application threads were stopped: 0,0001032 seconds, Stopping threads took: 0,0000593 seconds
2017-07-30T23:43:10.926+0200: 4,271: Total time for which application threads were stopped: 0,0002444 seconds, Stopping threads took: 0,0001933 seconds
2017-07-30T23:43:10.926+0200: 4,272: Total time for which application threads were stopped: 0,0002042 seconds, Stopping threads took: 0,0001040 seconds
2017-07-30T23:43:10.932+0200: 4,278: Total time for which application threads were stopped: 0,0001259 seconds, Stopping threads took: 0,0000440 seconds
2017-07-30T23:43:10.945+0200: 4,291: Total time for which application threads were stopped: 0,0061734 seconds, Stopping threads took: 0,0060481 seconds
2017-07-30T23:43:10.946+0200: 4,291: Total time for which application threads were stopped: 0,0002479 seconds, Stopping threads took: 0,0001530 seconds
2017-07-30T23:43:10.958+0200: 4,303: Total time for which application threads were stopped: 0,0001457 seconds, Stopping threads took: 0,0000282 seconds
2017-07-30T23:43:10.959+0200: 4,305: Total time for which application threads were stopped: 0,0001239 seconds, Stopping threads took: 0,0000461 seconds
2017-07-30T23:43:10.965+0200: 4,311: Total time for which application threads were stopped: 0,0001937 seconds, Stopping threads took: 0,0000458 seconds
2017-07-30T23:43:10.969+0200: 4,315: Total time for which application threads were stopped: 0,0001533 seconds, Stopping threads took: 0,0000581 seconds
2017-07-30T23:43:10.970+0200: 4,316: Total time for which application threads were stopped: 0,0007773 seconds, Stopping threads took: 0,0007125 seconds
2017-07-30T23:43:10.971+0200: 4,316: Total time for which application threads were stopped: 0,0001132 seconds, Stopping threads took: 0,0000416 seconds
2017-07-30T23:43:10.994+0200: 4,340: Total time for which application threads were stopped: 0,0001995 seconds, Stopping threads took: 0,0000506 seconds
2017-07-30T23:43:11.007+0200: 4,352: Total time for which application threads were stopped: 0,0005203 seconds, Stopping threads took: 0,0000376 seconds
2017-07-30T23:43:11.009+0200: 4,355: Total time for which application threads were stopped: 0,0001427 seconds, Stopping threads took: 0,0000350 seconds
2017-07-30T23:43:11.011+0200: 4,357: Total time for which application threads were stopped: 0,0001390 seconds, Stopping threads took: 0,0000339 seconds
2017-07-30T23:43:11.026+0200: 4,372: Total time for which application threads were stopped: 0,0008968 seconds, Stopping threads took: 0,0003967 seconds
2017-07-30T23:43:11.041+0200: 4,386: Total time for which application threads were stopped: 0,0001891 seconds, Stopping threads took: 0,0000481 seconds
2017-07-30T23:43:11.043+0200: 4,388: Total time for which application threads were stopped: 0,0002726 seconds, Stopping threads took: 0,0001636 seconds
2017-07-30T23:43:11.127+0200: 4,473: Total time for which application threads were stopped: 0,0001567 seconds, Stopping threads took: 0,0000453 seconds
2017-07-30T23:43:11.142+0200: 4,487: Total time for which application threads were stopped: 0,0030191 seconds, Stopping threads took: 0,0029088 seconds
2017-07-30T23:43:11.143+0200: 4,488: Total time for which application threads were stopped: 0,0004760 seconds, Stopping threads took: 0,0000533 seconds
2017-07-30T23:43:11.145+0200: 4,490: Total time for which application threads were stopped: 0,0001304 seconds, Stopping threads took: 0,0000368 seconds
2017-07-30T23:43:11.145+0200: 4,491: Total time for which application threads were stopped: 0,0000941 seconds, Stopping threads took: 0,0000233 seconds
2017-07-30T23:43:11.145+0200: 4,491: Total time for which application threads were stopped: 0,0000835 seconds, Stopping threads took: 0,0000230 seconds
2017-07-30T23:43:11.145+0200: 4,491: Total time for which application threads were stopped: 0,0000703 seconds, Stopping threads took: 0,0000181 seconds
2017-07-30T23:43:11.168+0200: 4,514: Total time for which application threads were stopped: 0,0000991 seconds, Stopping threads took: 0,0000272 seconds
2017-07-30T23:43:11.169+0200: 4,514: Total time for which application threads were stopped: 0,0000906 seconds, Stopping threads took: 0,0000298 seconds
2017-07-30T23:43:11.174+0200: 4,519: Total time for which application threads were stopped: 0,0044760 seconds, Stopping threads took: 0,0043795 seconds
2017-07-30T23:43:11.182+0200: 4,527: Total time for which application threads were stopped: 0,0001327 seconds, Stopping threads took: 0,0000421 seconds
2017-07-30T23:43:11.182+0200: 4,528: Total time for which application threads were stopped: 0,0000630 seconds, Stopping threads took: 0,0000131 seconds
2017-07-30T23:43:11.183+0200: 4,529: Total time for which application threads were stopped: 0,0001028 seconds, Stopping threads took: 0,0000193 seconds
2017-07-30T23:43:11.183+0200: 4,529: Total time for which application threads were stopped: 0,0000743 seconds, Stopping threads took: 0,0000106 seconds
2017-07-30T23:43:11.190+0200: 4,535: Total time for which application threads were stopped: 0,0010255 seconds, Stopping threads took: 0,0009386 seconds
2017-07-30T23:43:11.190+0200: 4,536: Total time for which application threads were stopped: 0,0000952 seconds, Stopping threads took: 0,0000224 seconds
2017-07-30T23:43:11.195+0200: 4,540: Total time for which application threads were stopped: 0,0002634 seconds, Stopping threads took: 0,0000469 seconds
2017-07-30T23:43:11.201+0200: 4,547: Total time for which application threads were stopped: 0,0001742 seconds, Stopping threads took: 0,0000700 seconds
2017-07-30T23:43:11.202+0200: 4,548: Total time for which application threads were stopped: 0,0001205 seconds, Stopping threads took: 0,0000315 seconds
2017-07-30T23:43:11.208+0200: 4,553: Total time for which application threads were stopped: 0,0001575 seconds, Stopping threads took: 0,0000566 seconds
2017-07-30T23:43:11.214+0200: 4,559: Total time for which application threads were stopped: 0,0001688 seconds, Stopping threads took: 0,0000592 seconds
2017-07-30T23:43:11.225+0200: 4,570: Total time for which application threads were stopped: 0,0001748 seconds, Stopping threads took: 0,0000740 seconds
2017-07-30T23:43:11.237+0200: 4,582: Total time for which application threads were stopped: 0,0001598 seconds, Stopping threads took: 0,0000673 seconds
2017-07-30T23:43:11.246+0200: 4,591: Total time for which application threads were stopped: 0,0006814 seconds, Stopping threads took: 0,0006085 seconds
2017-07-30T23:43:11.251+0200: 4,596: Total time for which application threads were stopped: 0,0001396 seconds, Stopping threads took: 0,0000626 seconds
2017-07-30T23:43:11.267+0200: 4,613: Total time for which application threads were stopped: 0,0002772 seconds, Stopping threads took: 0,0002100 seconds
2017-07-30T23:43:11.275+0200: 4,620: Total time for which application threads were stopped: 0,0001059 seconds, Stopping threads took: 0,0000429 seconds
2017-07-30T23:43:11.276+0200: 4,621: Total time for which application threads were stopped: 0,0003419 seconds, Stopping threads took: 0,0000146 seconds
2017-07-30T23:43:11.276+0200: 4,621: Total time for which application threads were stopped: 0,0000815 seconds, Stopping threads took: 0,0000306 seconds
2017-07-30T23:43:11.276+0200: 4,622: Total time for which application threads were stopped: 0,0000611 seconds, Stopping threads took: 0,0000176 seconds
2017-07-30T23:43:11.279+0200: 4,625: Total time for which application threads were stopped: 0,0001263 seconds, Stopping threads took: 0,0000518 seconds
2017-07-30T23:43:11.298+0200: 4,643: Total time for which application threads were stopped: 0,0001681 seconds, Stopping threads took: 0,0001181 seconds
2017-07-30T23:43:11.298+0200: 4,643: Total time for which application threads were stopped: 0,0000807 seconds, Stopping threads took: 0,0000428 seconds
2017-07-30T23:44:28.475+0200: 82,654: Total time for which application threads were stopped: 0,0001674 seconds, Stopping threads took: 0,0000703 seconds
2017-07-30T23:45:03.479+0200: 117,659: Total time for which application threads were stopped: 0,0004011 seconds, Stopping threads took: 0,0002584 seconds
2017-07-30T23:45:08.480+0200: 122,659: Total time for which application threads were stopped: 0,0000689 seconds, Stopping threads took: 0,0000167 seconds
2017-07-30T23:45:17.481+0200: 131,661: Total time for which application threads were stopped: 0,0001778 seconds, Stopping threads took: 0,0000342 seconds
2017-07-30T23:45:22.482+0200: 136,661: Total time for which application threads were stopped: 0,0000875 seconds, Stopping threads took: 0,0000313 seconds
2017-07-30T23:45:42.485+0200: 156,664: Total time for which application threads were stopped: 0,0003703 seconds, Stopping threads took: 0,0001616 seconds
2017-07-30T23:45:52.486+0200: 166,666: Total time for which application threads were stopped: 0,0001362 seconds, Stopping threads took: 0,0000549 seconds
2017-07-30T23:46:07.488+0200: 181,668: Total time for which application threads were stopped: 0,0000712 seconds, Stopping threads took: 0,0000188 seconds
2017-07-30T23:46:12.489+0200: 186,668: Total time for which application threads were stopped: 0,0000760 seconds, Stopping threads took: 0,0000192 seconds
2017-07-30T23:47:43.501+0200: 277,680: Total time for which application threads were stopped: 0,0001969 seconds, Stopping threads took: 0,0000663 seconds
2017-07-31T00:06:37.657+0200: 1411,837: Total time for which application threads were stopped: 0,0001012 seconds, Stopping threads took: 0,0000392 seconds
2017-07-31T00:11:32.692+0200: 1706,872: Total time for which application threads were stopped: 0,0000797 seconds, Stopping threads took: 0,0000331 seconds
2017-07-31T00:21:28.761+0200: 2302,940: Total time for which application threads were stopped: 0,0000779 seconds, Stopping threads took: 0,0000294 seconds
2017-07-31T00:21:32.761+0200: 2306,941: Total time for which application threads were stopped: 0,0000615 seconds, Stopping threads took: 0,0000145 seconds
2017-07-31T00:30:07.819+0200: 2821,999: Total time for which application threads were stopped: 0,0000895 seconds, Stopping threads took: 0,0000379 seconds
2017-07-31T00:36:23.862+0200: 3198,041: Total time for which application threads were stopped: 0,0000894 seconds, Stopping threads took: 0,0000269 seconds
2017-07-31T00:47:27.940+0200: 3862,120: Total time for which application threads were stopped: 0,0000785 seconds, Stopping threads took: 0,0000317 seconds
2017-07-31T00:47:37.942+0200: 3872,121: Total time for which application threads were stopped: 0,0002155 seconds, Stopping threads took: 0,0000243 seconds
2017-07-31T00:48:57.950+0200: 3952,130: Total time for which application threads were stopped: 0,0000890 seconds, Stopping threads took: 0,0000372 seconds
2017-07-31T01:01:33.034+0200: 4707,213: Total time for which application threads were stopped: 0,0000780 seconds, Stopping threads took: 0,0000329 seconds
2017-07-31T01:01:43.035+0200: 4717,215: Total time for which application threads were stopped: 0,0000608 seconds, Stopping threads took: 0,0000155 seconds
2017-07-31T01:33:28.262+0200: 6622,441: Total time for which application threads were stopped: 0,0000820 seconds, Stopping threads took: 0,0000328 seconds
2017-07-31T01:43:38.326+0200: 7232,505: Total time for which application threads were stopped: 0,0000912 seconds, Stopping threads took: 0,0000362 seconds
2017-07-31T01:45:08.335+0200: 7322,514: Total time for which application threads were stopped: 0,0000851 seconds, Stopping threads took: 0,0000309 seconds
2017-07-31T01:46:08.341+0200: 7382,521: Total time for which application threads were stopped: 0,0002645 seconds, Stopping threads took: 0,0001318 seconds
2017-07-31T01:51:08.374+0200: 7682,554: Total time for which application threads were stopped: 0,0005025 seconds, Stopping threads took: 0,0001679 seconds
2017-07-31T01:51:38.378+0200: 7712,557: Total time for which application threads were stopped: 0,0000883 seconds, Stopping threads took: 0,0000340 seconds
2017-07-31T01:58:57.277+0200: 8151,456: Total time for which application threads were stopped: 0,0214841 seconds, Stopping threads took: 0,0213977 seconds
2017-07-31T01:58:57.277+0200: 8151,457: Total time for which application threads were stopped: 0,0000821 seconds, Stopping threads took: 0,0000235 seconds
2017-07-31T01:58:57.284+0200: 8151,463: Total time for which application threads were stopped: 0,0006188 seconds, Stopping threads took: 0,0005440 seconds
2017-07-31T01:58:57.285+0200: 8151,465: Total time for which application threads were stopped: 0,0001015 seconds, Stopping threads took: 0,0000399 seconds
2017-07-31T01:58:57.286+0200: 8151,465: Total time for which application threads were stopped: 0,0000635 seconds, Stopping threads took: 0,0000079 seconds
2017-07-31T01:58:57.286+0200: 8151,465: Total time for which application threads were stopped: 0,0000555 seconds, Stopping threads took: 0,0000180 seconds
2017-07-31T01:58:57.286+0200: 8151,466: Total time for which application threads were stopped: 0,0000621 seconds, Stopping threads took: 0,0000156 seconds
2017-07-31T01:58:57.286+0200: 8151,466: Total time for which application threads were stopped: 0,0000508 seconds, Stopping threads took: 0,0000130 seconds
2017-07-31T01:58:57.286+0200: 8151,466: Total time for which application threads were stopped: 0,0000578 seconds, Stopping threads took: 0,0000153 seconds
2017-07-31T01:58:57.288+0200: 8151,467: Total time for which application threads were stopped: 0,0001012 seconds, Stopping threads took: 0,0000266 seconds
2017-07-31T01:58:57.288+0200: 8151,467: Total time for which application threads were stopped: 0,0000531 seconds, Stopping threads took: 0,0000104 seconds
2017-07-31T01:58:57.288+0200: 8151,467: Total time for which application threads were stopped: 0,0000385 seconds, Stopping threads took: 0,0000056 seconds
2017-07-31T01:58:57.288+0200: 8151,467: Total time for which application threads were stopped: 0,0000387 seconds, Stopping threads took: 0,0000048 seconds
2017-07-31T01:58:57.288+0200: 8151,467: Total time for which application threads were stopped: 0,0000383 seconds, Stopping threads took: 0,0000046 seconds
2017-07-31T01:58:57.288+0200: 8151,468: Total time for which application threads were stopped: 0,0000342 seconds, Stopping threads took: 0,0000044 seconds
2017-07-31T01:58:57.288+0200: 8151,468: Total time for which application threads were stopped: 0,0000365 seconds, Stopping threads took: 0,0000050 seconds
2017-07-31T01:58:57.288+0200: 8151,468: Total time for which application threads were stopped: 0,0000463 seconds, Stopping threads took: 0,0000068 seconds
2017-07-31T01:58:57.288+0200: 8151,468: Total time for which application threads were stopped: 0,0000380 seconds, Stopping threads took: 0,0000054 seconds
2017-07-31T01:58:57.289+0200: 8151,468: Total time for which application threads were stopped: 0,0000349 seconds, Stopping threads took: 0,0000048 seconds
2017-07-31T01:58:57.289+0200: 8151,468: Total time for which application threads were stopped: 0,0000383 seconds, Stopping threads took: 0,0000050 seconds
2017-07-31T01:58:57.289+0200: 8151,468: Total time for which application threads were stopped: 0,0000366 seconds, Stopping threads took: 0,0000050 seconds
2017-07-31T01:58:57.289+0200: 8151,468: Total time for which application threads were stopped: 0,0000375 seconds, Stopping threads took: 0,0000052 seconds
2017-07-31T01:58:57.289+0200: 8151,468: Total time for which application threads were stopped: 0,0000372 seconds, Stopping threads took: 0,0000050 seconds
2017-07-31T01:58:57.289+0200: 8151,468: Total time for which application threads were stopped: 0,0000349 seconds, Stopping threads took: 0,0000048 seconds
2017-07-31T01:58:57.289+0200: 8151,468: Total time for which application threads were stopped: 0,0000364 seconds, Stopping threads took: 0,0000050 seconds
2017-07-31T01:58:57.289+0200: 8151,468: Total time for which application threads were stopped: 0,0000372 seconds, Stopping threads took: 0,0000049 seconds
2017-07-31T01:58:57.289+0200: 8151,468: Total time for which application threads were stopped: 0,0000361 seconds, Stopping threads took: 0,0000052 seconds
2017-07-31T01:58:57.289+0200: 8151,469: Total time for which application threads were stopped: 0,0000363 seconds, Stopping threads took: 0,0000048 seconds
2017-07-31T01:58:57.289+0200: 8151,469: Total time for which application threads were stopped: 0,0000357 seconds, Stopping threads took: 0,0000052 seconds
2017-07-31T01:58:57.289+0200: 8151,469: Total time for which application threads were stopped: 0,0000616 seconds, Stopping threads took: 0,0000048 seconds
2017-07-31T01:58:57.290+0200: 8151,470: Total time for which application threads were stopped: 0,0001109 seconds, Stopping threads took: 0,0000365 seconds
2017-07-31T01:58:57.290+0200: 8151,470: Total time for which application threads were stopped: 0,0000542 seconds, Stopping threads took: 0,0000110 seconds
2017-07-31T01:58:57.291+0200: 8151,470: Total time for which application threads were stopped: 0,0000440 seconds, Stopping threads took: 0,0000069 seconds
2017-07-31T01:58:57.295+0200: 8151,474: Total time for which application threads were stopped: 0,0001026 seconds, Stopping threads took: 0,0000342 seconds
2017-07-31T01:58:57.301+0200: 8151,480: Total time for which application threads were stopped: 0,0001010 seconds, Stopping threads took: 0,0000224 seconds
2017-07-31T01:58:57.301+0200: 8151,480: Total time for which application threads were stopped: 0,0000510 seconds, Stopping threads took: 0,0000134 seconds
2017-07-31T01:58:57.301+0200: 8151,480: Total time for which application threads were stopped: 0,0000460 seconds, Stopping threads took: 0,0000137 seconds
2017-07-31T01:58:57.301+0200: 8151,481: Total time for which application threads were stopped: 0,0000630 seconds, Stopping threads took: 0,0000267 seconds
2017-07-31T01:58:57.301+0200: 8151,481: Total time for which application threads were stopped: 0,0000425 seconds, Stopping threads took: 0,0000117 seconds
2017-07-31T01:58:57.301+0200: 8151,481: Total time for which application threads were stopped: 0,0000437 seconds, Stopping threads took: 0,0000111 seconds
2017-07-31T01:58:57.301+0200: 8151,481: Total time for which application threads were stopped: 0,0000436 seconds, Stopping threads took: 0,0000113 seconds
2017-07-31T01:58:57.301+0200: 8151,481: Total time for which application threads were stopped: 0,0000482 seconds, Stopping threads took: 0,0000133 seconds
2017-07-31T01:58:57.302+0200: 8151,481: Total time for which application threads were stopped: 0,0000555 seconds, Stopping threads took: 0,0000147 seconds
2017-07-31T01:58:57.306+0200: 8151,486: Total time for which application threads were stopped: 0,0001587 seconds, Stopping threads took: 0,0001036 seconds
2017-07-31T01:58:57.307+0200: 8151,486: Total time for which application threads were stopped: 0,0000868 seconds, Stopping threads took: 0,0000371 seconds
2017-07-31T01:58:57.310+0200: 8151,489: Total time for which application threads were stopped: 0,0009389 seconds, Stopping threads took: 0,0008022 seconds
2017-07-31T01:58:57.311+0200: 8151,491: Total time for which application threads were stopped: 0,0001141 seconds, Stopping threads took: 0,0000546 seconds
2017-07-31T01:58:57.311+0200: 8151,491: Total time for which application threads were stopped: 0,0000503 seconds, Stopping threads took: 0,0000176 seconds
2017-07-31T01:58:57.312+0200: 8151,491: Total time for which application threads were stopped: 0,0000453 seconds, Stopping threads took: 0,0000081 seconds
2017-07-31T01:58:57.312+0200: 8151,491: Total time for which application threads were stopped: 0,0000760 seconds, Stopping threads took: 0,0000229 seconds
2017-07-31T01:58:57.312+0200: 8151,492: Total time for which application threads were stopped: 0,0000580 seconds, Stopping threads took: 0,0000170 seconds
2017-07-31T01:58:57.315+0200: 8151,495: Total time for which application threads were stopped: 0,0012737 seconds, Stopping threads took: 0,0012153 seconds
2017-07-31T01:58:57.315+0200: 8151,495: Total time for which application threads were stopped: 0,0000444 seconds, Stopping threads took: 0,0000184 seconds
2017-07-31T01:58:57.315+0200: 8151,495: Total time for which application threads were stopped: 0,0000439 seconds, Stopping threads took: 0,0000179 seconds
2017-07-31T01:58:57.315+0200: 8151,495: Total time for which application threads were stopped: 0,0000373 seconds, Stopping threads took: 0,0000158 seconds
2017-07-31T01:58:57.316+0200: 8151,495: Total time for which application threads were stopped: 0,0000327 seconds, Stopping threads took: 0,0000114 seconds
2017-07-31T01:58:57.316+0200: 8151,496: Total time for which application threads were stopped: 0,0000905 seconds, Stopping threads took: 0,0000403 seconds
2017-07-31T01:58:57.318+0200: 8151,497: Total time for which application threads were stopped: 0,0000807 seconds, Stopping threads took: 0,0000221 seconds
2017-07-31T01:58:57.318+0200: 8151,497: Total time for which application threads were stopped: 0,0000531 seconds, Stopping threads took: 0,0000228 seconds
2017-07-31T01:58:57.318+0200: 8151,497: Total time for which application threads were stopped: 0,0000390 seconds, Stopping threads took: 0,0000148 seconds
2017-07-31T01:58:57.318+0200: 8151,498: Total time for which application threads were stopped: 0,0000431 seconds, Stopping threads took: 0,0000106 seconds
2017-07-31T01:58:57.319+0200: 8151,498: Total time for which application threads were stopped: 0,0000645 seconds, Stopping threads took: 0,0000151 seconds
2017-07-31T01:58:57.320+0200: 8151,499: Total time for which application threads were stopped: 0,0000835 seconds, Stopping threads took: 0,0000305 seconds
2017-07-31T01:58:57.320+0200: 8151,499: Total time for which application threads were stopped: 0,0000387 seconds, Stopping threads took: 0,0000153 seconds
2017-07-31T01:58:57.320+0200: 8151,500: Total time for which application threads were stopped: 0,0000461 seconds, Stopping threads took: 0,0000195 seconds
2017-07-31T01:58:57.321+0200: 8151,500: Total time for which application threads were stopped: 0,0000873 seconds, Stopping threads took: 0,0000348 seconds
2017-07-31T01:58:57.321+0200: 8151,501: Total time for which application threads were stopped: 0,0000389 seconds, Stopping threads took: 0,0000099 seconds
2017-07-31T01:58:57.321+0200: 8151,501: Total time for which application threads were stopped: 0,0000349 seconds, Stopping threads took: 0,0000138 seconds
2017-07-31T01:58:57.321+0200: 8151,501: Total time for which application threads were stopped: 0,0001375 seconds, Stopping threads took: 0,0000084 seconds
2017-07-31T01:58:57.325+0200: 8151,505: Total time for which application threads were stopped: 0,0007671 seconds, Stopping threads took: 0,0007056 seconds
2017-07-31T01:58:57.326+0200: 8151,505: Total time for which application threads were stopped: 0,0000504 seconds, Stopping threads took: 0,0000197 seconds
2017-07-31T01:58:57.326+0200: 8151,505: Total time for which application threads were stopped: 0,0000515 seconds, Stopping threads took: 0,0000235 seconds
2017-07-31T01:58:57.326+0200: 8151,505: Total time for which application threads were stopped: 0,0001225 seconds, Stopping threads took: 0,0000180 seconds
2017-07-31T01:58:57.327+0200: 8151,506: Total time for which application threads were stopped: 0,0000976 seconds, Stopping threads took: 0,0000258 seconds
2017-07-31T01:58:57.340+0200: 8151,519: Total time for which application threads were stopped: 0,0001153 seconds, Stopping threads took: 0,0000421 seconds
2017-07-31T01:58:57.340+0200: 8151,519: Total time for which application threads were stopped: 0,0000944 seconds, Stopping threads took: 0,0000153 seconds
Heap
 par new generation   total 109248K, used 66412K [0x00000000e0000000, 0x00000000e8000000, 0x00000000e8000000)
  eden space 87424K,  69% used [0x00000000e0000000, 0x00000000e3b4ed48, 0x00000000e5560000)
  from space 21824K,  26% used [0x00000000e6ab0000, 0x00000000e703c580, 0x00000000e8000000)
  to   space 21824K,   0% used [0x00000000e5560000, 0x00000000e5560000, 0x00000000e6ab0000)
 concurrent mark-sweep generation total 393216K, used 6359K [0x00000000e8000000, 0x0000000100000000, 0x0000000100000000)
 Metaspace       used 28192K, capacity 28672K, committed 28792K, reserved 1075200K
  class space    used 3227K, capacity 3424K, committed 3476K, reserved 1048576K
