OpenJDK 64-Bit Server VM (25.121-b13) for linux-amd64 JRE (1.8.0_121-8u121-b13-0ubuntu1.16.04.2-b13), built on Jan 23 2017 15:51:29 by "buildd" with gcc 5.4.0 20160609
Memory: 4k page, physical 7867800k(7509488k free), swap 8076284k(8076284k free)
CommandLine flags: -XX:CMSInitiatingOccupancyFraction=50 -XX:CMSMaxAbortablePrecleanTime=6000 -XX:+CMSParallelRemarkEnabled -XX:+CMSScavengeBeforeRemark -XX:ConcGCThreads=4 -XX:InitialHeapSize=536870912 -XX:MaxHeapSize=536870912 -XX:MaxTenuringThreshold=8 -XX:NewRatio=3 -XX:OldPLABSize=16 -XX:OnOutOfMemoryError=/opt/solr/bin/oom_solr.sh 8983 /var/solr/logs -XX:ParallelGCThreads=4 -XX:+ParallelRefProcEnabled -XX:PretenureSizeThreshold=67108864 -XX:+PrintGC -XX:+PrintGCApplicationStoppedTime -XX:+PrintGCDateStamps -XX:+PrintGCDetails -XX:+PrintGCTimeStamps -XX:+PrintHeapAtGC -XX:+PrintTenuringDistribution -XX:SurvivorRatio=4 -XX:TargetSurvivorRatio=90 -XX:ThreadStackSize=256 -XX:+UseCMSInitiatingOccupancyOnly -XX:+UseCompressedClassPointers -XX:+UseCompressedOops -XX:+UseConcMarkSweepGC -XX:+UseParNewGC 
2017-02-22T14:47:32.753+0100: 0,150: Total time for which application threads were stopped: 0,0000648 seconds, Stopping threads took: 0,0000096 seconds
2017-02-22T14:47:32.863+0100: 0,260: Total time for which application threads were stopped: 0,0001052 seconds, Stopping threads took: 0,0000104 seconds
2017-02-22T14:47:32.890+0100: 0,287: Total time for which application threads were stopped: 0,0000989 seconds, Stopping threads took: 0,0000118 seconds
2017-02-22T14:47:33.237+0100: 0,633: Total time for which application threads were stopped: 0,0001310 seconds, Stopping threads took: 0,0000129 seconds
2017-02-22T14:47:33.613+0100: 1,010: Total time for which application threads were stopped: 0,0001235 seconds, Stopping threads took: 0,0000168 seconds
2017-02-22T14:47:33.682+0100: 1,079: Total time for which application threads were stopped: 0,0001928 seconds, Stopping threads took: 0,0000185 seconds
2017-02-22T14:47:33.710+0100: 1,107: Total time for which application threads were stopped: 0,0001963 seconds, Stopping threads took: 0,0000212 seconds
2017-02-22T14:47:33.964+0100: 1,361: Total time for which application threads were stopped: 0,0009175 seconds, Stopping threads took: 0,0000808 seconds
2017-02-22T14:47:34.173+0100: 1,570: Total time for which application threads were stopped: 0,0002023 seconds, Stopping threads took: 0,0000206 seconds
2017-02-22T14:47:34.200+0100: 1,597: Total time for which application threads were stopped: 0,0001885 seconds, Stopping threads took: 0,0000171 seconds
2017-02-22T14:47:34.246+0100: 1,643: Total time for which application threads were stopped: 0,0002701 seconds, Stopping threads took: 0,0000215 seconds
2017-02-22T14:47:34.247+0100: 1,644: Total time for which application threads were stopped: 0,0001776 seconds, Stopping threads took: 0,0000204 seconds
2017-02-22T14:47:34.263+0100: 1,659: Total time for which application threads were stopped: 0,0001992 seconds, Stopping threads took: 0,0000178 seconds
2017-02-22T14:47:34.341+0100: 1,738: Total time for which application threads were stopped: 0,0002438 seconds, Stopping threads took: 0,0000327 seconds
2017-02-22T14:47:34.489+0100: 1,886: Total time for which application threads were stopped: 0,0003205 seconds, Stopping threads took: 0,0000489 seconds
{Heap before GC invocations=0 (full 0):
 par new generation   total 109248K, used 87424K [0x00000000e0000000, 0x00000000e8000000, 0x00000000e8000000)
  eden space 87424K, 100% used [0x00000000e0000000, 0x00000000e5560000, 0x00000000e5560000)
  from space 21824K,   0% used [0x00000000e5560000, 0x00000000e5560000, 0x00000000e6ab0000)
  to   space 21824K,   0% used [0x00000000e6ab0000, 0x00000000e6ab0000, 0x00000000e8000000)
 concurrent mark-sweep generation total 393216K, used 0K [0x00000000e8000000, 0x0000000100000000, 0x0000000100000000)
 Metaspace       used 18018K, capacity 18336K, committed 18688K, reserved 1064960K
  class space    used 2035K, capacity 2196K, committed 2304K, reserved 1048576K
2017-02-22T14:47:34.574+0100: 1,971: [GC (Allocation Failure) 2017-02-22T14:47:34.574+0100: 1,971: [ParNew
Desired survivor size 20112992 bytes, new threshold 8 (max 8)
- age   1:   12534600 bytes,   12534600 total
: 87424K->12365K(109248K), 0,0159155 secs] 87424K->12365K(502464K), 0,0159974 secs] [Times: user=0,03 sys=0,02, real=0,02 secs] 
Heap after GC invocations=1 (full 0):
 par new generation   total 109248K, used 12365K [0x00000000e0000000, 0x00000000e8000000, 0x00000000e8000000)
  eden space 87424K,   0% used [0x00000000e0000000, 0x00000000e0000000, 0x00000000e5560000)
  from space 21824K,  56% used [0x00000000e6ab0000, 0x00000000e76c3548, 0x00000000e8000000)
  to   space 21824K,   0% used [0x00000000e5560000, 0x00000000e5560000, 0x00000000e6ab0000)
 concurrent mark-sweep generation total 393216K, used 0K [0x00000000e8000000, 0x0000000100000000, 0x0000000100000000)
 Metaspace       used 18018K, capacity 18336K, committed 18688K, reserved 1064960K
  class space    used 2035K, capacity 2196K, committed 2304K, reserved 1048576K
}
2017-02-22T14:47:34.590+0100: 1,987: Total time for which application threads were stopped: 0,0166932 seconds, Stopping threads took: 0,0004976 seconds
2017-02-22T14:47:34.897+0100: 2,294: Total time for which application threads were stopped: 0,0003262 seconds, Stopping threads took: 0,0000327 seconds
{Heap before GC invocations=1 (full 0):
 par new generation   total 109248K, used 99789K [0x00000000e0000000, 0x00000000e8000000, 0x00000000e8000000)
  eden space 87424K, 100% used [0x00000000e0000000, 0x00000000e5560000, 0x00000000e5560000)
  from space 21824K,  56% used [0x00000000e6ab0000, 0x00000000e76c3548, 0x00000000e8000000)
  to   space 21824K,   0% used [0x00000000e5560000, 0x00000000e5560000, 0x00000000e6ab0000)
 concurrent mark-sweep generation total 393216K, used 0K [0x00000000e8000000, 0x0000000100000000, 0x0000000100000000)
 Metaspace       used 20029K, capacity 20364K, committed 20736K, reserved 1067008K
  class space    used 2293K, capacity 2468K, committed 2560K, reserved 1048576K
2017-02-22T14:47:34.938+0100: 2,335: [GC (Allocation Failure) 2017-02-22T14:47:34.938+0100: 2,335: [ParNew
Desired survivor size 20112992 bytes, new threshold 8 (max 8)
- age   1:    3586608 bytes,    3586608 total
- age   2:    6628576 bytes,   10215184 total
: 99789K->11705K(109248K), 0,0134072 secs] 99789K->11705K(502464K), 0,0134823 secs] [Times: user=0,06 sys=0,00, real=0,01 secs] 
Heap after GC invocations=2 (full 0):
 par new generation   total 109248K, used 11705K [0x00000000e0000000, 0x00000000e8000000, 0x00000000e8000000)
  eden space 87424K,   0% used [0x00000000e0000000, 0x00000000e0000000, 0x00000000e5560000)
  from space 21824K,  53% used [0x00000000e5560000, 0x00000000e60ce470, 0x00000000e6ab0000)
  to   space 21824K,   0% used [0x00000000e6ab0000, 0x00000000e6ab0000, 0x00000000e8000000)
 concurrent mark-sweep generation total 393216K, used 0K [0x00000000e8000000, 0x0000000100000000, 0x0000000100000000)
 Metaspace       used 20029K, capacity 20364K, committed 20736K, reserved 1067008K
  class space    used 2293K, capacity 2468K, committed 2560K, reserved 1048576K
}
2017-02-22T14:47:34.952+0100: 2,349: Total time for which application threads were stopped: 0,0151371 seconds, Stopping threads took: 0,0014863 seconds
2017-02-22T14:47:34.954+0100: 2,351: Total time for which application threads were stopped: 0,0003310 seconds, Stopping threads took: 0,0000539 seconds
2017-02-22T14:47:35.010+0100: 2,407: Total time for which application threads were stopped: 0,0015420 seconds, Stopping threads took: 0,0011897 seconds
2017-02-22T14:47:35.130+0100: 2,527: Total time for which application threads were stopped: 0,0017599 seconds, Stopping threads took: 0,0016097 seconds
{Heap before GC invocations=2 (full 0):
 par new generation   total 109248K, used 99129K [0x00000000e0000000, 0x00000000e8000000, 0x00000000e8000000)
  eden space 87424K, 100% used [0x00000000e0000000, 0x00000000e5560000, 0x00000000e5560000)
  from space 21824K,  53% used [0x00000000e5560000, 0x00000000e60ce470, 0x00000000e6ab0000)
  to   space 21824K,   0% used [0x00000000e6ab0000, 0x00000000e6ab0000, 0x00000000e8000000)
 concurrent mark-sweep generation total 393216K, used 0K [0x00000000e8000000, 0x0000000100000000, 0x0000000100000000)
 Metaspace       used 20986K, capacity 21286K, committed 21628K, reserved 1069056K
  class space    used 2416K, capacity 2587K, committed 2684K, reserved 1048576K
2017-02-22T14:47:35.169+0100: 2,566: [GC (Allocation Failure) 2017-02-22T14:47:35.169+0100: 2,566: [ParNew
Desired survivor size 20112992 bytes, new threshold 8 (max 8)
- age   1:    2186688 bytes,    2186688 total
- age   2:     870256 bytes,    3056944 total
- age   3:    6624624 bytes,    9681568 total
: 99129K->16506K(109248K), 0,0128665 secs] 99129K->16506K(502464K), 0,0129569 secs] [Times: user=0,05 sys=0,00, real=0,01 secs] 
Heap after GC invocations=3 (full 0):
 par new generation   total 109248K, used 16506K [0x00000000e0000000, 0x00000000e8000000, 0x00000000e8000000)
  eden space 87424K,   0% used [0x00000000e0000000, 0x00000000e0000000, 0x00000000e5560000)
  from space 21824K,  75% used [0x00000000e6ab0000, 0x00000000e7acead8, 0x00000000e8000000)
  to   space 21824K,   0% used [0x00000000e5560000, 0x00000000e5560000, 0x00000000e6ab0000)
 concurrent mark-sweep generation total 393216K, used 0K [0x00000000e8000000, 0x0000000100000000, 0x0000000100000000)
 Metaspace       used 20986K, capacity 21286K, committed 21628K, reserved 1069056K
  class space    used 2416K, capacity 2587K, committed 2684K, reserved 1048576K
}
2017-02-22T14:47:35.182+0100: 2,579: Total time for which application threads were stopped: 0,0131846 seconds, Stopping threads took: 0,0000694 seconds
2017-02-22T14:47:35.182+0100: 2,579: [GC (CMS Initial Mark) [1 CMS-initial-mark: 0K(393216K)] 16516K(502464K), 0,0040532 secs] [Times: user=0,01 sys=0,00, real=0,01 secs] 
2017-02-22T14:47:35.187+0100: 2,583: Total time for which application threads were stopped: 0,0041790 seconds, Stopping threads took: 0,0000354 seconds
2017-02-22T14:47:35.187+0100: 2,583: [CMS-concurrent-mark-start]
2017-02-22T14:47:35.187+0100: 2,584: [CMS-concurrent-mark: 0,001/0,001 secs] [Times: user=0,01 sys=0,00, real=0,00 secs] 
2017-02-22T14:47:35.187+0100: 2,584: [CMS-concurrent-preclean-start]
2017-02-22T14:47:35.188+0100: 2,585: [CMS-concurrent-preclean: 0,001/0,001 secs] [Times: user=0,00 sys=0,00, real=0,00 secs] 
2017-02-22T14:47:35.188+0100: 2,585: [GC (CMS Final Remark) [YG occupancy: 16516 K (109248 K)]{Heap before GC invocations=3 (full 1):
 par new generation   total 109248K, used 16516K [0x00000000e0000000, 0x00000000e8000000, 0x00000000e8000000)
  eden space 87424K,   0% used [0x00000000e0000000, 0x00000000e0002720, 0x00000000e5560000)
  from space 21824K,  75% used [0x00000000e6ab0000, 0x00000000e7acead8, 0x00000000e8000000)
  to   space 21824K,   0% used [0x00000000e5560000, 0x00000000e5560000, 0x00000000e6ab0000)
 concurrent mark-sweep generation total 393216K, used 0K [0x00000000e8000000, 0x0000000100000000, 0x0000000100000000)
 Metaspace       used 20986K, capacity 21286K, committed 21628K, reserved 1069056K
  class space    used 2416K, capacity 2587K, committed 2684K, reserved 1048576K
2017-02-22T14:47:35.188+0100: 2,585: [GC (CMS Final Remark) 2017-02-22T14:47:35.188+0100: 2,585: [ParNew
Desired survivor size 20112992 bytes, new threshold 8 (max 8)
- age   1:      10016 bytes,      10016 total
- age   2:    2186688 bytes,    2196704 total
- age   3:     870256 bytes,    3066960 total
- age   4:    6624616 bytes,    9691576 total
: 16516K->11804K(109248K), 0,0139710 secs] 16516K->11804K(502464K), 0,0140223 secs] [Times: user=0,05 sys=0,00, real=0,01 secs] 
Heap after GC invocations=4 (full 1):
 par new generation   total 109248K, used 11804K [0x00000000e0000000, 0x00000000e8000000, 0x00000000e8000000)
  eden space 87424K,   0% used [0x00000000e0000000, 0x00000000e0000000, 0x00000000e5560000)
  from space 21824K,  54% used [0x00000000e5560000, 0x00000000e60e7180, 0x00000000e6ab0000)
  to   space 21824K,   0% used [0x00000000e6ab0000, 0x00000000e6ab0000, 0x00000000e8000000)
 concurrent mark-sweep generation total 393216K, used 0K [0x00000000e8000000, 0x0000000100000000, 0x0000000100000000)
 Metaspace       used 20986K, capacity 21286K, committed 21628K, reserved 1069056K
  class space    used 2416K, capacity 2587K, committed 2684K, reserved 1048576K
}
2017-02-22T14:47:35.203+0100: 2,599: [Rescan (parallel) , 0,0059354 secs]2017-02-22T14:47:35.209+0100: 2,605: [weak refs processing, 0,0013027 secs]2017-02-22T14:47:35.210+0100: 2,607: [class unloading, 0,0028026 secs]2017-02-22T14:47:35.213+0100: 2,609: [scrub symbol table, 0,0026159 secs]2017-02-22T14:47:35.215+0100: 2,612: [scrub string table, 0,0003741 secs][1 CMS-remark: 0K(393216K)] 11804K(502464K), 0,0277178 secs] [Times: user=0,08 sys=0,00, real=0,02 secs] 
2017-02-22T14:47:35.216+0100: 2,613: Total time for which application threads were stopped: 0,0278358 seconds, Stopping threads took: 0,0000230 seconds
2017-02-22T14:47:35.216+0100: 2,613: [CMS-concurrent-sweep-start]
2017-02-22T14:47:35.216+0100: 2,613: [CMS-concurrent-sweep: 0,000/0,000 secs] [Times: user=0,00 sys=0,00, real=0,00 secs] 
2017-02-22T14:47:35.216+0100: 2,613: [CMS-concurrent-reset-start]
2017-02-22T14:47:35.219+0100: 2,616: [CMS-concurrent-reset: 0,002/0,002 secs] [Times: user=0,01 sys=0,00, real=0,01 secs] 
{Heap before GC invocations=4 (full 1):
 par new generation   total 109248K, used 99228K [0x00000000e0000000, 0x00000000e8000000, 0x00000000e8000000)
  eden space 87424K, 100% used [0x00000000e0000000, 0x00000000e5560000, 0x00000000e5560000)
  from space 21824K,  54% used [0x00000000e5560000, 0x00000000e60e7180, 0x00000000e6ab0000)
  to   space 21824K,   0% used [0x00000000e6ab0000, 0x00000000e6ab0000, 0x00000000e8000000)
 concurrent mark-sweep generation total 393216K, used 0K [0x00000000e8000000, 0x0000000100000000, 0x0000000100000000)
 Metaspace       used 21222K, capacity 21552K, committed 21884K, reserved 1069056K
  class space    used 2447K, capacity 2601K, committed 2684K, reserved 1048576K
2017-02-22T14:47:35.315+0100: 2,712: [GC (Allocation Failure) 2017-02-22T14:47:35.315+0100: 2,712: [ParNew
Desired survivor size 20112992 bytes, new threshold 8 (max 8)
- age   1:    1288568 bytes,    1288568 total
- age   3:    1466192 bytes,    2754760 total
- age   4:     834864 bytes,    3589624 total
- age   5:    6624760 bytes,   10214384 total
: 99228K->14487K(109248K), 0,0122326 secs] 99228K->14487K(502464K), 0,0123058 secs] [Times: user=0,04 sys=0,00, real=0,02 secs] 
Heap after GC invocations=5 (full 1):
 par new generation   total 109248K, used 14487K [0x00000000e0000000, 0x00000000e8000000, 0x00000000e8000000)
  eden space 87424K,   0% used [0x00000000e0000000, 0x00000000e0000000, 0x00000000e5560000)
  from space 21824K,  66% used [0x00000000e6ab0000, 0x00000000e78d5f78, 0x00000000e8000000)
  to   space 21824K,   0% used [0x00000000e5560000, 0x00000000e5560000, 0x00000000e6ab0000)
 concurrent mark-sweep generation total 393216K, used 0K [0x00000000e8000000, 0x0000000100000000, 0x0000000100000000)
 Metaspace       used 21222K, capacity 21552K, committed 21884K, reserved 1069056K
  class space    used 2447K, capacity 2601K, committed 2684K, reserved 1048576K
}
2017-02-22T14:47:35.328+0100: 2,725: Total time for which application threads were stopped: 0,0126927 seconds, Stopping threads took: 0,0002008 seconds
{Heap before GC invocations=5 (full 1):
 par new generation   total 109248K, used 101911K [0x00000000e0000000, 0x00000000e8000000, 0x00000000e8000000)
  eden space 87424K, 100% used [0x00000000e0000000, 0x00000000e5560000, 0x00000000e5560000)
  from space 21824K,  66% used [0x00000000e6ab0000, 0x00000000e78d5f78, 0x00000000e8000000)
  to   space 21824K,   0% used [0x00000000e5560000, 0x00000000e5560000, 0x00000000e6ab0000)
 concurrent mark-sweep generation total 393216K, used 0K [0x00000000e8000000, 0x0000000100000000, 0x0000000100000000)
 Metaspace       used 21440K, capacity 21850K, committed 22140K, reserved 1069056K
  class space    used 2473K, capacity 2634K, committed 2684K, reserved 1048576K
2017-02-22T14:47:35.420+0100: 2,817: [GC (Allocation Failure) 2017-02-22T14:47:35.420+0100: 2,817: [ParNew
Desired survivor size 20112992 bytes, new threshold 8 (max 8)
- age   1:     591136 bytes,     591136 total
- age   2:     178320 bytes,     769456 total
- age   4:    1464776 bytes,    2234232 total
- age   5:     834800 bytes,    3069032 total
- age   6:    6624640 bytes,    9693672 total
: 101911K->13073K(109248K), 0,0100219 secs] 101911K->13073K(502464K), 0,0100851 secs] [Times: user=0,03 sys=0,00, real=0,01 secs] 
Heap after GC invocations=6 (full 1):
 par new generation   total 109248K, used 13073K [0x00000000e0000000, 0x00000000e8000000, 0x00000000e8000000)
  eden space 87424K,   0% used [0x00000000e0000000, 0x00000000e0000000, 0x00000000e5560000)
  from space 21824K,  59% used [0x00000000e5560000, 0x00000000e6224440, 0x00000000e6ab0000)
  to   space 21824K,   0% used [0x00000000e6ab0000, 0x00000000e6ab0000, 0x00000000e8000000)
 concurrent mark-sweep generation total 393216K, used 0K [0x00000000e8000000, 0x0000000100000000, 0x0000000100000000)
 Metaspace       used 21440K, capacity 21850K, committed 22140K, reserved 1069056K
  class space    used 2473K, capacity 2634K, committed 2684K, reserved 1048576K
}
2017-02-22T14:47:35.431+0100: 2,827: Total time for which application threads were stopped: 0,0103334 seconds, Stopping threads took: 0,0000781 seconds
2017-02-22T14:47:35.448+0100: 2,845: Total time for which application threads were stopped: 0,0003302 seconds, Stopping threads took: 0,0000450 seconds
2017-02-22T14:47:35.638+0100: 3,035: Total time for which application threads were stopped: 0,0004856 seconds, Stopping threads took: 0,0000600 seconds
2017-02-22T14:47:35.658+0100: 3,055: Total time for which application threads were stopped: 0,0004033 seconds, Stopping threads took: 0,0000563 seconds
{Heap before GC invocations=6 (full 1):
 par new generation   total 109248K, used 100497K [0x00000000e0000000, 0x00000000e8000000, 0x00000000e8000000)
  eden space 87424K, 100% used [0x00000000e0000000, 0x00000000e5560000, 0x00000000e5560000)
  from space 21824K,  59% used [0x00000000e5560000, 0x00000000e6224440, 0x00000000e6ab0000)
  to   space 21824K,   0% used [0x00000000e6ab0000, 0x00000000e6ab0000, 0x00000000e8000000)
 concurrent mark-sweep generation total 393216K, used 0K [0x00000000e8000000, 0x0000000100000000, 0x0000000100000000)
 Metaspace       used 24582K, capacity 25096K, committed 25468K, reserved 1071104K
  class space    used 2881K, capacity 3075K, committed 3196K, reserved 1048576K
2017-02-22T14:47:35.892+0100: 3,289: [GC (Allocation Failure) 2017-02-22T14:47:35.892+0100: 3,289: [ParNew
Desired survivor size 20112992 bytes, new threshold 8 (max 8)
- age   1:    5057648 bytes,    5057648 total
- age   2:     164512 bytes,    5222160 total
- age   3:     177176 bytes,    5399336 total
- age   5:     293256 bytes,    5692592 total
- age   6:     809600 bytes,    6502192 total
- age   7:    6617920 bytes,   13120112 total
: 100497K->16258K(109248K), 0,0125344 secs] 100497K->16258K(502464K), 0,0125954 secs] [Times: user=0,04 sys=0,00, real=0,01 secs] 
Heap after GC invocations=7 (full 1):
 par new generation   total 109248K, used 16258K [0x00000000e0000000, 0x00000000e8000000, 0x00000000e8000000)
  eden space 87424K,   0% used [0x00000000e0000000, 0x00000000e0000000, 0x00000000e5560000)
  from space 21824K,  74% used [0x00000000e6ab0000, 0x00000000e7a90818, 0x00000000e8000000)
  to   space 21824K,   0% used [0x00000000e5560000, 0x00000000e5560000, 0x00000000e6ab0000)
 concurrent mark-sweep generation total 393216K, used 0K [0x00000000e8000000, 0x0000000100000000, 0x0000000100000000)
 Metaspace       used 24582K, capacity 25096K, committed 25468K, reserved 1071104K
  class space    used 2881K, capacity 3075K, committed 3196K, reserved 1048576K
}
2017-02-22T14:47:35.905+0100: 3,301: Total time for which application threads were stopped: 0,0128802 seconds, Stopping threads took: 0,0000839 seconds
{Heap before GC invocations=7 (full 1):
 par new generation   total 109248K, used 103682K [0x00000000e0000000, 0x00000000e8000000, 0x00000000e8000000)
  eden space 87424K, 100% used [0x00000000e0000000, 0x00000000e5560000, 0x00000000e5560000)
  from space 21824K,  74% used [0x00000000e6ab0000, 0x00000000e7a90818, 0x00000000e8000000)
  to   space 21824K,   0% used [0x00000000e5560000, 0x00000000e5560000, 0x00000000e6ab0000)
 concurrent mark-sweep generation total 393216K, used 0K [0x00000000e8000000, 0x0000000100000000, 0x0000000100000000)
 Metaspace       used 24968K, capacity 25444K, committed 25724K, reserved 1071104K
  class space    used 2909K, capacity 3080K, committed 3196K, reserved 1048576K
2017-02-22T14:47:36.035+0100: 3,432: [GC (Allocation Failure) 2017-02-22T14:47:36.035+0100: 3,432: [ParNew
Desired survivor size 20112992 bytes, new threshold 8 (max 8)
- age   1:    1190768 bytes,    1190768 total
- age   2:    1837480 bytes,    3028248 total
- age   3:     142160 bytes,    3170408 total
- age   4:     138136 bytes,    3308544 total
- age   6:     248936 bytes,    3557480 total
- age   7:     782904 bytes,    4340384 total
- age   8:    6350760 bytes,   10691144 total
: 103682K->19003K(109248K), 0,0210893 secs] 103682K->19003K(502464K), 0,0211703 secs] [Times: user=0,08 sys=0,00, real=0,02 secs] 
Heap after GC invocations=8 (full 1):
 par new generation   total 109248K, used 19003K [0x00000000e0000000, 0x00000000e8000000, 0x00000000e8000000)
  eden space 87424K,   0% used [0x00000000e0000000, 0x00000000e0000000, 0x00000000e5560000)
  from space 21824K,  87% used [0x00000000e5560000, 0x00000000e67eede0, 0x00000000e6ab0000)
  to   space 21824K,   0% used [0x00000000e6ab0000, 0x00000000e6ab0000, 0x00000000e8000000)
 concurrent mark-sweep generation total 393216K, used 0K [0x00000000e8000000, 0x0000000100000000, 0x0000000100000000)
 Metaspace       used 24968K, capacity 25444K, committed 25724K, reserved 1071104K
  class space    used 2909K, capacity 3080K, committed 3196K, reserved 1048576K
}
2017-02-22T14:47:36.056+0100: 3,453: Total time for which application threads were stopped: 0,0214032 seconds, Stopping threads took: 0,0000562 seconds
2017-02-22T14:47:36.199+0100: 3,596: Total time for which application threads were stopped: 0,0005601 seconds, Stopping threads took: 0,0000580 seconds
2017-02-22T14:47:36.275+0100: 3,672: Total time for which application threads were stopped: 0,0004894 seconds, Stopping threads took: 0,0000692 seconds
2017-02-22T14:47:36.302+0100: 3,699: Total time for which application threads were stopped: 0,0005505 seconds, Stopping threads took: 0,0000422 seconds
2017-02-22T14:47:36.412+0100: 3,809: Total time for which application threads were stopped: 0,0006978 seconds, Stopping threads took: 0,0001370 seconds
2017-02-22T14:47:36.661+0100: 4,057: Total time for which application threads were stopped: 0,0011995 seconds, Stopping threads took: 0,0000732 seconds
2017-02-22T14:47:44.313+0100: 11,710: Total time for which application threads were stopped: 0,0006439 seconds, Stopping threads took: 0,0005098 seconds
2017-02-22T14:47:44.342+0100: 11,739: Total time for which application threads were stopped: 0,0018069 seconds, Stopping threads took: 0,0016739 seconds
2017-02-22T14:47:44.350+0100: 11,747: Total time for which application threads were stopped: 0,0044651 seconds, Stopping threads took: 0,0043296 seconds
2017-02-22T14:47:44.356+0100: 11,752: Total time for which application threads were stopped: 0,0001288 seconds, Stopping threads took: 0,0000337 seconds
Heap
 par new generation   total 109248K, used 99205K [0x00000000e0000000, 0x00000000e8000000, 0x00000000e8000000)
  eden space 87424K,  91% used [0x00000000e0000000, 0x00000000e4e52880, 0x00000000e5560000)
  from space 21824K,  87% used [0x00000000e5560000, 0x00000000e67eede0, 0x00000000e6ab0000)
  to   space 21824K,   0% used [0x00000000e6ab0000, 0x00000000e6ab0000, 0x00000000e8000000)
 concurrent mark-sweep generation total 393216K, used 0K [0x00000000e8000000, 0x0000000100000000, 0x0000000100000000)
 Metaspace       used 28120K, capacity 28730K, committed 28796K, reserved 1075200K
  class space    used 3231K, capacity 3423K, committed 3452K, reserved 1048576K
