OpenJDK 64-Bit Server VM (25.121-b13) for linux-amd64 JRE (1.8.0_121-8u121-b13-0ubuntu1.16.04.2-b13), built on Jan 23 2017 15:51:29 by "buildd" with gcc 5.4.0 20160609
Memory: 4k page, physical 7867760k(7484852k free), swap 8076284k(8076284k free)
CommandLine flags: -XX:CMSInitiatingOccupancyFraction=50 -XX:CMSMaxAbortablePrecleanTime=6000 -XX:+CMSParallelRemarkEnabled -XX:+CMSScavengeBeforeRemark -XX:ConcGCThreads=4 -XX:InitialHeapSize=536870912 -XX:MaxHeapSize=536870912 -XX:MaxTenuringThreshold=8 -XX:NewRatio=3 -XX:OldPLABSize=16 -XX:OnOutOfMemoryError=/opt/solr/bin/oom_solr.sh 8983 /var/solr/logs -XX:ParallelGCThreads=4 -XX:+ParallelRefProcEnabled -XX:PretenureSizeThreshold=67108864 -XX:+PrintGC -XX:+PrintGCApplicationStoppedTime -XX:+PrintGCDateStamps -XX:+PrintGCDetails -XX:+PrintGCTimeStamps -XX:+PrintHeapAtGC -XX:+PrintTenuringDistribution -XX:SurvivorRatio=4 -XX:TargetSurvivorRatio=90 -XX:ThreadStackSize=256 -XX:+UseCMSInitiatingOccupancyOnly -XX:+UseCompressedClassPointers -XX:+UseCompressedOops -XX:+UseConcMarkSweepGC -XX:+UseParNewGC 
2017-03-06T13:09:32.375+0100: 0,155: Total time for which application threads were stopped: 0,0000686 seconds, Stopping threads took: 0,0000124 seconds
2017-03-06T13:09:32.468+0100: 0,248: Total time for which application threads were stopped: 0,0000950 seconds, Stopping threads took: 0,0000172 seconds
2017-03-06T13:09:32.487+0100: 0,268: Total time for which application threads were stopped: 0,0000736 seconds, Stopping threads took: 0,0000096 seconds
2017-03-06T13:09:32.801+0100: 0,582: Total time for which application threads were stopped: 0,0001677 seconds, Stopping threads took: 0,0000265 seconds
2017-03-06T13:09:33.260+0100: 1,041: Total time for which application threads were stopped: 0,0002079 seconds, Stopping threads took: 0,0000628 seconds
2017-03-06T13:09:33.364+0100: 1,144: Total time for which application threads were stopped: 0,0002563 seconds, Stopping threads took: 0,0000277 seconds
2017-03-06T13:09:33.387+0100: 1,168: Total time for which application threads were stopped: 0,0002074 seconds, Stopping threads took: 0,0000184 seconds
2017-03-06T13:09:33.642+0100: 1,422: Total time for which application threads were stopped: 0,0001804 seconds, Stopping threads took: 0,0000178 seconds
2017-03-06T13:09:33.851+0100: 1,631: Total time for which application threads were stopped: 0,0004859 seconds, Stopping threads took: 0,0000392 seconds
2017-03-06T13:09:33.885+0100: 1,666: Total time for which application threads were stopped: 0,0003026 seconds, Stopping threads took: 0,0000504 seconds
2017-03-06T13:09:33.925+0100: 1,705: Total time for which application threads were stopped: 0,0002417 seconds, Stopping threads took: 0,0000219 seconds
2017-03-06T13:09:33.926+0100: 1,707: Total time for which application threads were stopped: 0,0002355 seconds, Stopping threads took: 0,0000179 seconds
2017-03-06T13:09:33.943+0100: 1,724: Total time for which application threads were stopped: 0,0001618 seconds, Stopping threads took: 0,0000140 seconds
2017-03-06T13:09:34.017+0100: 1,798: Total time for which application threads were stopped: 0,0002498 seconds, Stopping threads took: 0,0000242 seconds
2017-03-06T13:09:34.188+0100: 1,969: Total time for which application threads were stopped: 0,0002533 seconds, Stopping threads took: 0,0000402 seconds
{Heap before GC invocations=0 (full 0):
 par new generation   total 109248K, used 87424K [0x00000000e0000000, 0x00000000e8000000, 0x00000000e8000000)
  eden space 87424K, 100% used [0x00000000e0000000, 0x00000000e5560000, 0x00000000e5560000)
  from space 21824K,   0% used [0x00000000e5560000, 0x00000000e5560000, 0x00000000e6ab0000)
  to   space 21824K,   0% used [0x00000000e6ab0000, 0x00000000e6ab0000, 0x00000000e8000000)
 concurrent mark-sweep generation total 393216K, used 0K [0x00000000e8000000, 0x0000000100000000, 0x0000000100000000)
 Metaspace       used 18014K, capacity 18336K, committed 18688K, reserved 1064960K
  class space    used 2036K, capacity 2196K, committed 2304K, reserved 1048576K
2017-03-06T13:09:34.265+0100: 2,045: [GC (Allocation Failure) 2017-03-06T13:09:34.265+0100: 2,045: [ParNew
Desired survivor size 20112992 bytes, new threshold 8 (max 8)
- age   1:   12342992 bytes,   12342992 total
: 87424K->12166K(109248K), 0,0155482 secs] 87424K->12166K(502464K), 0,0156319 secs] [Times: user=0,03 sys=0,04, real=0,01 secs] 
Heap after GC invocations=1 (full 0):
 par new generation   total 109248K, used 12166K [0x00000000e0000000, 0x00000000e8000000, 0x00000000e8000000)
  eden space 87424K,   0% used [0x00000000e0000000, 0x00000000e0000000, 0x00000000e5560000)
  from space 21824K,  55% used [0x00000000e6ab0000, 0x00000000e7691878, 0x00000000e8000000)
  to   space 21824K,   0% used [0x00000000e5560000, 0x00000000e5560000, 0x00000000e6ab0000)
 concurrent mark-sweep generation total 393216K, used 0K [0x00000000e8000000, 0x0000000100000000, 0x0000000100000000)
 Metaspace       used 18014K, capacity 18336K, committed 18688K, reserved 1064960K
  class space    used 2036K, capacity 2196K, committed 2304K, reserved 1048576K
}
2017-03-06T13:09:34.280+0100: 2,061: Total time for which application threads were stopped: 0,0160147 seconds, Stopping threads took: 0,0001613 seconds
2017-03-06T13:09:34.590+0100: 2,370: Total time for which application threads were stopped: 0,0003613 seconds, Stopping threads took: 0,0001112 seconds
{Heap before GC invocations=1 (full 0):
 par new generation   total 109248K, used 99590K [0x00000000e0000000, 0x00000000e8000000, 0x00000000e8000000)
  eden space 87424K, 100% used [0x00000000e0000000, 0x00000000e5560000, 0x00000000e5560000)
  from space 21824K,  55% used [0x00000000e6ab0000, 0x00000000e7691878, 0x00000000e8000000)
  to   space 21824K,   0% used [0x00000000e5560000, 0x00000000e5560000, 0x00000000e6ab0000)
 concurrent mark-sweep generation total 393216K, used 0K [0x00000000e8000000, 0x0000000100000000, 0x0000000100000000)
 Metaspace       used 20048K, capacity 20376K, committed 20736K, reserved 1067008K
  class space    used 2297K, capacity 2474K, committed 2560K, reserved 1048576K
2017-03-06T13:09:34.629+0100: 2,410: [GC (Allocation Failure) 2017-03-06T13:09:34.629+0100: 2,410: [ParNew
Desired survivor size 20112992 bytes, new threshold 8 (max 8)
- age   1:    3610760 bytes,    3610760 total
- age   2:    6560680 bytes,   10171440 total
: 99590K->13523K(109248K), 0,0104167 secs] 99590K->13523K(502464K), 0,0104951 secs] [Times: user=0,03 sys=0,00, real=0,01 secs] 
Heap after GC invocations=2 (full 0):
 par new generation   total 109248K, used 13523K [0x00000000e0000000, 0x00000000e8000000, 0x00000000e8000000)
  eden space 87424K,   0% used [0x00000000e0000000, 0x00000000e0000000, 0x00000000e5560000)
  from space 21824K,  61% used [0x00000000e5560000, 0x00000000e6294d60, 0x00000000e6ab0000)
  to   space 21824K,   0% used [0x00000000e6ab0000, 0x00000000e6ab0000, 0x00000000e8000000)
 concurrent mark-sweep generation total 393216K, used 0K [0x00000000e8000000, 0x0000000100000000, 0x0000000100000000)
 Metaspace       used 20048K, capacity 20376K, committed 20736K, reserved 1067008K
  class space    used 2297K, capacity 2474K, committed 2560K, reserved 1048576K
}
2017-03-06T13:09:34.639+0100: 2,420: Total time for which application threads were stopped: 0,0107146 seconds, Stopping threads took: 0,0000438 seconds
2017-03-06T13:09:34.644+0100: 2,425: Total time for which application threads were stopped: 0,0003388 seconds, Stopping threads took: 0,0000449 seconds
2017-03-06T13:09:34.674+0100: 2,455: Total time for which application threads were stopped: 0,0003658 seconds, Stopping threads took: 0,0000640 seconds
2017-03-06T13:09:34.811+0100: 2,591: Total time for which application threads were stopped: 0,0001678 seconds, Stopping threads took: 0,0000537 seconds
{Heap before GC invocations=2 (full 0):
 par new generation   total 109248K, used 100947K [0x00000000e0000000, 0x00000000e8000000, 0x00000000e8000000)
  eden space 87424K, 100% used [0x00000000e0000000, 0x00000000e5560000, 0x00000000e5560000)
  from space 21824K,  61% used [0x00000000e5560000, 0x00000000e6294d60, 0x00000000e6ab0000)
  to   space 21824K,   0% used [0x00000000e6ab0000, 0x00000000e6ab0000, 0x00000000e8000000)
 concurrent mark-sweep generation total 393216K, used 0K [0x00000000e8000000, 0x0000000100000000, 0x0000000100000000)
 Metaspace       used 21010K, capacity 21362K, committed 21628K, reserved 1069056K
  class space    used 2419K, capacity 2593K, committed 2684K, reserved 1048576K
2017-03-06T13:09:34.857+0100: 2,638: [GC (Allocation Failure) 2017-03-06T13:09:34.857+0100: 2,638: [ParNew
Desired survivor size 20112992 bytes, new threshold 8 (max 8)
- age   1:    2095248 bytes,    2095248 total
- age   2:     941536 bytes,    3036784 total
- age   3:    6556992 bytes,    9593776 total
: 100947K->11313K(109248K), 0,0100042 secs] 100947K->11313K(502464K), 0,0100827 secs] [Times: user=0,04 sys=0,00, real=0,01 secs] 
Heap after GC invocations=3 (full 0):
 par new generation   total 109248K, used 11313K [0x00000000e0000000, 0x00000000e8000000, 0x00000000e8000000)
  eden space 87424K,   0% used [0x00000000e0000000, 0x00000000e0000000, 0x00000000e5560000)
  from space 21824K,  51% used [0x00000000e6ab0000, 0x00000000e75bc500, 0x00000000e8000000)
  to   space 21824K,   0% used [0x00000000e5560000, 0x00000000e5560000, 0x00000000e6ab0000)
 concurrent mark-sweep generation total 393216K, used 0K [0x00000000e8000000, 0x0000000100000000, 0x0000000100000000)
 Metaspace       used 21010K, capacity 21362K, committed 21628K, reserved 1069056K
  class space    used 2419K, capacity 2593K, committed 2684K, reserved 1048576K
}
2017-03-06T13:09:34.867+0100: 2,648: Total time for which application threads were stopped: 0,0102620 seconds, Stopping threads took: 0,0000354 seconds
2017-03-06T13:09:34.867+0100: 2,648: [GC (CMS Initial Mark) [1 CMS-initial-mark: 0K(393216K)] 11329K(502464K), 0,0034710 secs] [Times: user=0,01 sys=0,00, real=0,00 secs] 
2017-03-06T13:09:34.871+0100: 2,651: Total time for which application threads were stopped: 0,0036049 seconds, Stopping threads took: 0,0000386 seconds
2017-03-06T13:09:34.871+0100: 2,651: [CMS-concurrent-mark-start]
2017-03-06T13:09:34.871+0100: 2,652: [CMS-concurrent-mark: 0,001/0,001 secs] [Times: user=0,00 sys=0,00, real=0,00 secs] 
2017-03-06T13:09:34.871+0100: 2,652: [CMS-concurrent-preclean-start]
2017-03-06T13:09:34.872+0100: 2,653: [CMS-concurrent-preclean: 0,001/0,001 secs] [Times: user=0,01 sys=0,00, real=0,00 secs] 
2017-03-06T13:09:34.873+0100: 2,653: [CMS-concurrent-abortable-preclean-start]
2017-03-06T13:09:34.941+0100: 2,722: Total time for which application threads were stopped: 0,0068679 seconds, Stopping threads took: 0,0067585 seconds
{Heap before GC invocations=3 (full 1):
 par new generation   total 109248K, used 98737K [0x00000000e0000000, 0x00000000e8000000, 0x00000000e8000000)
  eden space 87424K, 100% used [0x00000000e0000000, 0x00000000e5560000, 0x00000000e5560000)
  from space 21824K,  51% used [0x00000000e6ab0000, 0x00000000e75bc500, 0x00000000e8000000)
  to   space 21824K,   0% used [0x00000000e5560000, 0x00000000e5560000, 0x00000000e6ab0000)
 concurrent mark-sweep generation total 393216K, used 0K [0x00000000e8000000, 0x0000000100000000, 0x0000000100000000)
 Metaspace       used 21296K, capacity 21640K, committed 21884K, reserved 1069056K
  class space    used 2452K, capacity 2608K, committed 2684K, reserved 1048576K
2017-03-06T13:09:35.018+0100: 2,799: [GC (Allocation Failure) 2017-03-06T13:09:35.018+0100: 2,799: [ParNew
Desired survivor size 20112992 bytes, new threshold 8 (max 8)
- age   1:     687400 bytes,     687400 total
- age   2:    1467472 bytes,    2154872 total
- age   3:     908128 bytes,    3063000 total
- age   4:    6556792 bytes,    9619792 total
: 98737K->14771K(109248K), 0,0100599 secs] 98737K->14771K(502464K), 0,0101270 secs] [Times: user=0,03 sys=0,00, real=0,01 secs] 
Heap after GC invocations=4 (full 1):
 par new generation   total 109248K, used 14771K [0x00000000e0000000, 0x00000000e8000000, 0x00000000e8000000)
  eden space 87424K,   0% used [0x00000000e0000000, 0x00000000e0000000, 0x00000000e5560000)
  from space 21824K,  67% used [0x00000000e5560000, 0x00000000e63ccc60, 0x00000000e6ab0000)
  to   space 21824K,   0% used [0x00000000e6ab0000, 0x00000000e6ab0000, 0x00000000e8000000)
 concurrent mark-sweep generation total 393216K, used 0K [0x00000000e8000000, 0x0000000100000000, 0x0000000100000000)
 Metaspace       used 21296K, capacity 21640K, committed 21884K, reserved 1069056K
  class space    used 2452K, capacity 2608K, committed 2684K, reserved 1048576K
}
2017-03-06T13:09:35.029+0100: 2,809: Total time for which application threads were stopped: 0,0104557 seconds, Stopping threads took: 0,0001918 seconds
2017-03-06T13:09:35.029+0100: 2,809: [CMS-concurrent-abortable-preclean: 0,080/0,156 secs] [Times: user=0,50 sys=0,01, real=0,16 secs] 
2017-03-06T13:09:35.030+0100: 2,811: [GC (CMS Final Remark) [YG occupancy: 16088 K (109248 K)]{Heap before GC invocations=4 (full 1):
 par new generation   total 109248K, used 16088K [0x00000000e0000000, 0x00000000e8000000, 0x00000000e8000000)
  eden space 87424K,   1% used [0x00000000e0000000, 0x00000000e01495d0, 0x00000000e5560000)
  from space 21824K,  67% used [0x00000000e5560000, 0x00000000e63ccc60, 0x00000000e6ab0000)
  to   space 21824K,   0% used [0x00000000e6ab0000, 0x00000000e6ab0000, 0x00000000e8000000)
 concurrent mark-sweep generation total 393216K, used 0K [0x00000000e8000000, 0x0000000100000000, 0x0000000100000000)
 Metaspace       used 21296K, capacity 21640K, committed 21884K, reserved 1069056K
  class space    used 2452K, capacity 2608K, committed 2684K, reserved 1048576K
2017-03-06T13:09:35.030+0100: 2,811: [GC (CMS Final Remark) 2017-03-06T13:09:35.030+0100: 2,811: [ParNew
Desired survivor size 20112992 bytes, new threshold 8 (max 8)
- age   1:     142672 bytes,     142672 total
- age   2:     371576 bytes,     514248 total
- age   3:    1465472 bytes,    1979720 total
- age   4:     908128 bytes,    2887848 total
- age   5:    6556816 bytes,    9444664 total
: 16088K->11146K(109248K), 0,0090019 secs] 16088K->11146K(502464K), 0,0090403 secs] [Times: user=0,03 sys=0,00, real=0,01 secs] 
Heap after GC invocations=5 (full 1):
 par new generation   total 109248K, used 11146K [0x00000000e0000000, 0x00000000e8000000, 0x00000000e8000000)
  eden space 87424K,   0% used [0x00000000e0000000, 0x00000000e0000000, 0x00000000e5560000)
  from space 21824K,  51% used [0x00000000e6ab0000, 0x00000000e7592ae0, 0x00000000e8000000)
  to   space 21824K,   0% used [0x00000000e5560000, 0x00000000e5560000, 0x00000000e6ab0000)
 concurrent mark-sweep generation total 393216K, used 0K [0x00000000e8000000, 0x0000000100000000, 0x0000000100000000)
 Metaspace       used 21296K, capacity 21640K, committed 21884K, reserved 1069056K
  class space    used 2452K, capacity 2608K, committed 2684K, reserved 1048576K
}
2017-03-06T13:09:35.039+0100: 2,820: [Rescan (parallel) , 0,0033703 secs]2017-03-06T13:09:35.042+0100: 2,823: [weak refs processing, 0,0008284 secs]2017-03-06T13:09:35.043+0100: 2,824: [class unloading, 0,0028891 secs]2017-03-06T13:09:35.046+0100: 2,827: [scrub symbol table, 0,0031360 secs]2017-03-06T13:09:35.049+0100: 2,830: [scrub string table, 0,0003625 secs][1 CMS-remark: 0K(393216K)] 11146K(502464K), 0,0203072 secs] [Times: user=0,06 sys=0,00, real=0,02 secs] 
2017-03-06T13:09:35.050+0100: 2,831: Total time for which application threads were stopped: 0,0212498 seconds, Stopping threads took: 0,0008724 seconds
2017-03-06T13:09:35.050+0100: 2,831: [CMS-concurrent-sweep-start]
2017-03-06T13:09:35.050+0100: 2,831: [CMS-concurrent-sweep: 0,000/0,000 secs] [Times: user=0,00 sys=0,00, real=0,00 secs] 
2017-03-06T13:09:35.050+0100: 2,831: [CMS-concurrent-reset-start]
2017-03-06T13:09:35.051+0100: 2,832: [CMS-concurrent-reset: 0,001/0,001 secs] [Times: user=0,00 sys=0,00, real=0,00 secs] 
{Heap before GC invocations=5 (full 1):
 par new generation   total 109248K, used 98570K [0x00000000e0000000, 0x00000000e8000000, 0x00000000e8000000)
  eden space 87424K, 100% used [0x00000000e0000000, 0x00000000e5560000, 0x00000000e5560000)
  from space 21824K,  51% used [0x00000000e6ab0000, 0x00000000e7592ae0, 0x00000000e8000000)
  to   space 21824K,   0% used [0x00000000e5560000, 0x00000000e5560000, 0x00000000e6ab0000)
 concurrent mark-sweep generation total 393216K, used 0K [0x00000000e8000000, 0x0000000100000000, 0x0000000100000000)
 Metaspace       used 21423K, capacity 21822K, committed 21884K, reserved 1069056K
  class space    used 2471K, capacity 2644K, committed 2684K, reserved 1048576K
2017-03-06T13:09:35.129+0100: 2,910: [GC (Allocation Failure) 2017-03-06T13:09:35.129+0100: 2,910: [ParNew
Desired survivor size 20112992 bytes, new threshold 8 (max 8)
- age   1:    1555752 bytes,    1555752 total
- age   3:     179592 bytes,    1735344 total
- age   4:    1465264 bytes,    3200608 total
- age   5:     906144 bytes,    4106752 total
- age   6:    6556856 bytes,   10663608 total
: 98570K->14056K(109248K), 0,0116987 secs] 98570K->14056K(502464K), 0,0117800 secs] [Times: user=0,04 sys=0,00, real=0,01 secs] 
Heap after GC invocations=6 (full 1):
 par new generation   total 109248K, used 14056K [0x00000000e0000000, 0x00000000e8000000, 0x00000000e8000000)
  eden space 87424K,   0% used [0x00000000e0000000, 0x00000000e0000000, 0x00000000e5560000)
  from space 21824K,  64% used [0x00000000e5560000, 0x00000000e631a038, 0x00000000e6ab0000)
  to   space 21824K,   0% used [0x00000000e6ab0000, 0x00000000e6ab0000, 0x00000000e8000000)
 concurrent mark-sweep generation total 393216K, used 0K [0x00000000e8000000, 0x0000000100000000, 0x0000000100000000)
 Metaspace       used 21423K, capacity 21822K, committed 21884K, reserved 1069056K
  class space    used 2471K, capacity 2644K, committed 2684K, reserved 1048576K
}
2017-03-06T13:09:35.141+0100: 2,922: Total time for which application threads were stopped: 0,0120611 seconds, Stopping threads took: 0,0000916 seconds
2017-03-06T13:09:35.179+0100: 2,959: Total time for which application threads were stopped: 0,0003107 seconds, Stopping threads took: 0,0000297 seconds
2017-03-06T13:09:35.369+0100: 3,150: Total time for which application threads were stopped: 0,0005566 seconds, Stopping threads took: 0,0000549 seconds
2017-03-06T13:09:35.391+0100: 3,172: Total time for which application threads were stopped: 0,0004964 seconds, Stopping threads took: 0,0000631 seconds
{Heap before GC invocations=6 (full 1):
 par new generation   total 109248K, used 101480K [0x00000000e0000000, 0x00000000e8000000, 0x00000000e8000000)
  eden space 87424K, 100% used [0x00000000e0000000, 0x00000000e5560000, 0x00000000e5560000)
  from space 21824K,  64% used [0x00000000e5560000, 0x00000000e631a038, 0x00000000e6ab0000)
  to   space 21824K,   0% used [0x00000000e6ab0000, 0x00000000e6ab0000, 0x00000000e8000000)
 concurrent mark-sweep generation total 393216K, used 0K [0x00000000e8000000, 0x0000000100000000, 0x0000000100000000)
 Metaspace       used 24393K, capacity 24844K, committed 25084K, reserved 1071104K
  class space    used 2863K, capacity 3053K, committed 3068K, reserved 1048576K
2017-03-06T13:09:35.569+0100: 3,349: [GC (Allocation Failure) 2017-03-06T13:09:35.569+0100: 3,350: [ParNew
Desired survivor size 20112992 bytes, new threshold 8 (max 8)
- age   1:    5729216 bytes,    5729216 total
- age   2:     114416 bytes,    5843632 total
- age   4:     178072 bytes,    6021704 total
- age   5:     295696 bytes,    6317400 total
- age   6:     881816 bytes,    7199216 total
- age   7:    6548608 bytes,   13747824 total
: 101480K->14782K(109248K), 0,0253036 secs] 101480K->14782K(502464K), 0,0253739 secs] [Times: user=0,06 sys=0,00, real=0,03 secs] 
Heap after GC invocations=7 (full 1):
 par new generation   total 109248K, used 14782K [0x00000000e0000000, 0x00000000e8000000, 0x00000000e8000000)
  eden space 87424K,   0% used [0x00000000e0000000, 0x00000000e0000000, 0x00000000e5560000)
  from space 21824K,  67% used [0x00000000e6ab0000, 0x00000000e791faa0, 0x00000000e8000000)
  to   space 21824K,   0% used [0x00000000e5560000, 0x00000000e5560000, 0x00000000e6ab0000)
 concurrent mark-sweep generation total 393216K, used 0K [0x00000000e8000000, 0x0000000100000000, 0x0000000100000000)
 Metaspace       used 24393K, capacity 24844K, committed 25084K, reserved 1071104K
  class space    used 2863K, capacity 3053K, committed 3068K, reserved 1048576K
}
2017-03-06T13:09:35.594+0100: 3,375: Total time for which application threads were stopped: 0,0258314 seconds, Stopping threads took: 0,0002450 seconds
{Heap before GC invocations=7 (full 1):
 par new generation   total 109248K, used 102206K [0x00000000e0000000, 0x00000000e8000000, 0x00000000e8000000)
  eden space 87424K, 100% used [0x00000000e0000000, 0x00000000e5560000, 0x00000000e5560000)
  from space 21824K,  67% used [0x00000000e6ab0000, 0x00000000e791faa0, 0x00000000e8000000)
  to   space 21824K,   0% used [0x00000000e5560000, 0x00000000e5560000, 0x00000000e6ab0000)
 concurrent mark-sweep generation total 393216K, used 0K [0x00000000e8000000, 0x0000000100000000, 0x0000000100000000)
 Metaspace       used 24612K, capacity 25084K, committed 25468K, reserved 1071104K
  class space    used 2881K, capacity 3088K, committed 3196K, reserved 1048576K
2017-03-06T13:09:35.710+0100: 3,491: [GC (Allocation Failure) 2017-03-06T13:09:35.710+0100: 3,491: [ParNew
Desired survivor size 20112992 bytes, new threshold 8 (max 8)
- age   1:    1762792 bytes,    1762792 total
- age   2:    1772408 bytes,    3535200 total
- age   3:      57824 bytes,    3593024 total
- age   5:     105560 bytes,    3698584 total
- age   6:     204872 bytes,    3903456 total
- age   7:     749608 bytes,    4653064 total
- age   8:    6096512 bytes,   10749576 total
: 102206K->20207K(109248K), 0,0355832 secs] 102206K->20207K(502464K), 0,0356662 secs] [Times: user=0,10 sys=0,01, real=0,04 secs] 
Heap after GC invocations=8 (full 1):
 par new generation   total 109248K, used 20207K [0x00000000e0000000, 0x00000000e8000000, 0x00000000e8000000)
  eden space 87424K,   0% used [0x00000000e0000000, 0x00000000e0000000, 0x00000000e5560000)
  from space 21824K,  92% used [0x00000000e5560000, 0x00000000e691bf68, 0x00000000e6ab0000)
  to   space 21824K,   0% used [0x00000000e6ab0000, 0x00000000e6ab0000, 0x00000000e8000000)
 concurrent mark-sweep generation total 393216K, used 0K [0x00000000e8000000, 0x0000000100000000, 0x0000000100000000)
 Metaspace       used 24612K, capacity 25084K, committed 25468K, reserved 1071104K
  class space    used 2881K, capacity 3088K, committed 3196K, reserved 1048576K
}
2017-03-06T13:09:35.746+0100: 3,527: Total time for which application threads were stopped: 0,0361810 seconds, Stopping threads took: 0,0003195 seconds
{Heap before GC invocations=8 (full 1):
 par new generation   total 109248K, used 107631K [0x00000000e0000000, 0x00000000e8000000, 0x00000000e8000000)
  eden space 87424K, 100% used [0x00000000e0000000, 0x00000000e5560000, 0x00000000e5560000)
  from space 21824K,  92% used [0x00000000e5560000, 0x00000000e691bf68, 0x00000000e6ab0000)
  to   space 21824K,   0% used [0x00000000e6ab0000, 0x00000000e6ab0000, 0x00000000e8000000)
 concurrent mark-sweep generation total 393216K, used 0K [0x00000000e8000000, 0x0000000100000000, 0x0000000100000000)
 Metaspace       used 24871K, capacity 25356K, committed 25724K, reserved 1071104K
  class space    used 2905K, capacity 3091K, committed 3196K, reserved 1048576K
2017-03-06T13:09:35.820+0100: 3,601: [GC (Allocation Failure) 2017-03-06T13:09:35.820+0100: 3,601: [ParNew
Desired survivor size 20112992 bytes, new threshold 8 (max 8)
- age   1:     820704 bytes,     820704 total
- age   2:    1029568 bytes,    1850272 total
- age   3:    1750280 bytes,    3600552 total
- age   4:      57824 bytes,    3658376 total
- age   6:     105456 bytes,    3763832 total
- age   7:     204872 bytes,    3968704 total
- age   8:     749608 bytes,    4718312 total
: 107631K->6068K(109248K), 0,0317226 secs] 107631K->12105K(502464K), 0,0317928 secs] [Times: user=0,09 sys=0,00, real=0,03 secs] 
Heap after GC invocations=9 (full 1):
 par new generation   total 109248K, used 6068K [0x00000000e0000000, 0x00000000e8000000, 0x00000000e8000000)
  eden space 87424K,   0% used [0x00000000e0000000, 0x00000000e0000000, 0x00000000e5560000)
  from space 21824K,  27% used [0x00000000e6ab0000, 0x00000000e709d3a0, 0x00000000e8000000)
  to   space 21824K,   0% used [0x00000000e5560000, 0x00000000e5560000, 0x00000000e6ab0000)
 concurrent mark-sweep generation total 393216K, used 6036K [0x00000000e8000000, 0x0000000100000000, 0x0000000100000000)
 Metaspace       used 24871K, capacity 25356K, committed 25724K, reserved 1071104K
  class space    used 2905K, capacity 3091K, committed 3196K, reserved 1048576K
}
2017-03-06T13:09:35.852+0100: 3,633: Total time for which application threads were stopped: 0,0320407 seconds, Stopping threads took: 0,0000919 seconds
2017-03-06T13:09:36.092+0100: 3,872: Total time for which application threads were stopped: 0,0004383 seconds, Stopping threads took: 0,0000257 seconds
2017-03-06T13:09:36.107+0100: 3,888: Total time for which application threads were stopped: 0,0004380 seconds, Stopping threads took: 0,0000193 seconds
2017-03-06T13:09:36.159+0100: 3,940: Total time for which application threads were stopped: 0,0005038 seconds, Stopping threads took: 0,0000912 seconds
2017-03-06T13:09:36.277+0100: 4,057: Total time for which application threads were stopped: 0,0005357 seconds, Stopping threads took: 0,0000300 seconds
2017-03-06T13:09:36.283+0100: 4,064: Total time for which application threads were stopped: 0,0001262 seconds, Stopping threads took: 0,0000317 seconds
2017-03-06T13:09:36.286+0100: 4,066: Total time for which application threads were stopped: 0,0001374 seconds, Stopping threads took: 0,0000224 seconds
2017-03-06T13:09:36.286+0100: 4,067: Total time for which application threads were stopped: 0,0001091 seconds, Stopping threads took: 0,0000282 seconds
2017-03-06T13:09:36.292+0100: 4,073: Total time for which application threads were stopped: 0,0001289 seconds, Stopping threads took: 0,0000530 seconds
2017-03-06T13:09:36.293+0100: 4,074: Total time for which application threads were stopped: 0,0001110 seconds, Stopping threads took: 0,0000368 seconds
2017-03-06T13:09:39.294+0100: 7,074: Total time for which application threads were stopped: 0,0000858 seconds, Stopping threads took: 0,0000208 seconds
2017-03-06T13:10:04.728+0100: 32,077: Total time for which application threads were stopped: 0,0000658 seconds, Stopping threads took: 0,0000173 seconds
2017-03-06T13:10:38.732+0100: 66,081: Total time for which application threads were stopped: 0,0000798 seconds, Stopping threads took: 0,0000200 seconds
2017-03-06T13:10:58.735+0100: 86,084: Total time for which application threads were stopped: 0,0000678 seconds, Stopping threads took: 0,0000164 seconds
2017-03-06T13:11:03.736+0100: 91,085: Total time for which application threads were stopped: 0,0001377 seconds, Stopping threads took: 0,0000334 seconds
2017-03-06T13:11:04.736+0100: 92,085: Total time for which application threads were stopped: 0,0000823 seconds, Stopping threads took: 0,0000211 seconds
2017-03-06T13:11:13.737+0100: 101,086: Total time for which application threads were stopped: 0,0000796 seconds, Stopping threads took: 0,0000318 seconds
2017-03-06T13:11:23.739+0100: 111,088: Total time for which application threads were stopped: 0,0001545 seconds, Stopping threads took: 0,0000362 seconds
2017-03-06T13:11:29.740+0100: 117,089: Total time for which application threads were stopped: 0,0001356 seconds, Stopping threads took: 0,0000332 seconds
2017-03-06T13:11:34.741+0100: 122,090: Total time for which application threads were stopped: 0,0001280 seconds, Stopping threads took: 0,0000290 seconds
2017-03-06T13:11:48.743+0100: 136,092: Total time for which application threads were stopped: 0,0000902 seconds, Stopping threads took: 0,0000348 seconds
2017-03-06T13:12:04.745+0100: 152,094: Total time for which application threads were stopped: 0,0001241 seconds, Stopping threads took: 0,0000251 seconds
{Heap before GC invocations=9 (full 1):
 par new generation   total 109248K, used 93492K [0x00000000e0000000, 0x00000000e8000000, 0x00000000e8000000)
  eden space 87424K, 100% used [0x00000000e0000000, 0x00000000e5560000, 0x00000000e5560000)
  from space 21824K,  27% used [0x00000000e6ab0000, 0x00000000e709d3a0, 0x00000000e8000000)
  to   space 21824K,   0% used [0x00000000e5560000, 0x00000000e5560000, 0x00000000e6ab0000)
 concurrent mark-sweep generation total 393216K, used 6036K [0x00000000e8000000, 0x0000000100000000, 0x0000000100000000)
 Metaspace       used 28057K, capacity 28594K, committed 28796K, reserved 1075200K
  class space    used 3219K, capacity 3398K, committed 3452K, reserved 1048576K
2017-03-06T13:12:28.715+0100: 176,064: [GC (Allocation Failure) 2017-03-06T13:12:28.716+0100: 176,064: [ParNew
Desired survivor size 20112992 bytes, new threshold 8 (max 8)
- age   1:   10827144 bytes,   10827144 total
- age   2:     150144 bytes,   10977288 total
- age   3:     246224 bytes,   11223512 total
- age   4:    1744344 bytes,   12967856 total
- age   5:      57824 bytes,   13025680 total
- age   7:     102752 bytes,   13128432 total
- age   8:     204248 bytes,   13332680 total
: 93492K->14678K(109248K), 0,0179542 secs] 99529K->21539K(502464K), 0,0180083 secs] [Times: user=0,05 sys=0,00, real=0,01 secs] 
Heap after GC invocations=10 (full 1):
 par new generation   total 109248K, used 14678K [0x00000000e0000000, 0x00000000e8000000, 0x00000000e8000000)
  eden space 87424K,   0% used [0x00000000e0000000, 0x00000000e0000000, 0x00000000e5560000)
  from space 21824K,  67% used [0x00000000e5560000, 0x00000000e63b58c0, 0x00000000e6ab0000)
  to   space 21824K,   0% used [0x00000000e6ab0000, 0x00000000e6ab0000, 0x00000000e8000000)
 concurrent mark-sweep generation total 393216K, used 6861K [0x00000000e8000000, 0x0000000100000000, 0x0000000100000000)
 Metaspace       used 28057K, capacity 28594K, committed 28796K, reserved 1075200K
  class space    used 3219K, capacity 3398K, committed 3452K, reserved 1048576K
}
2017-03-06T13:12:28.734+0100: 176,082: Total time for which application threads were stopped: 0,0181974 seconds, Stopping threads took: 0,0000460 seconds
2017-03-06T13:14:54.653+0100: 322,002: Total time for which application threads were stopped: 0,0004064 seconds, Stopping threads took: 0,0002732 seconds
2017-03-06T13:14:54.700+0100: 322,048: Total time for which application threads were stopped: 0,0008280 seconds, Stopping threads took: 0,0007023 seconds
2017-03-06T13:14:54.705+0100: 322,054: Total time for which application threads were stopped: 0,0001910 seconds, Stopping threads took: 0,0000825 seconds
Heap
 par new generation   total 109248K, used 33568K [0x00000000e0000000, 0x00000000e8000000, 0x00000000e8000000)
  eden space 87424K,  21% used [0x00000000e0000000, 0x00000000e1272968, 0x00000000e5560000)
  from space 21824K,  67% used [0x00000000e5560000, 0x00000000e63b58c0, 0x00000000e6ab0000)
  to   space 21824K,   0% used [0x00000000e6ab0000, 0x00000000e6ab0000, 0x00000000e8000000)
 concurrent mark-sweep generation total 393216K, used 6861K [0x00000000e8000000, 0x0000000100000000, 0x0000000100000000)
 Metaspace       used 28163K, capacity 28762K, committed 29052K, reserved 1075200K
  class space    used 3233K, capacity 3432K, committed 3452K, reserved 1048576K
