OpenJDK 64-Bit Server VM (25.121-b13) for linux-amd64 JRE (1.8.0_121-8u121-b13-0ubuntu1.16.04.2-b13), built on Jan 23 2017 15:51:29 by "buildd" with gcc 5.4.0 20160609
Memory: 4k page, physical 7867760k(7372716k free), swap 8076284k(8076284k free)
CommandLine flags: -XX:CMSInitiatingOccupancyFraction=50 -XX:CMSMaxAbortablePrecleanTime=6000 -XX:+CMSParallelRemarkEnabled -XX:+CMSScavengeBeforeRemark -XX:ConcGCThreads=4 -XX:InitialHeapSize=536870912 -XX:MaxHeapSize=536870912 -XX:MaxTenuringThreshold=8 -XX:NewRatio=3 -XX:OldPLABSize=16 -XX:OnOutOfMemoryError=/opt/solr/bin/oom_solr.sh 8983 /var/solr/logs -XX:ParallelGCThreads=4 -XX:+ParallelRefProcEnabled -XX:PretenureSizeThreshold=67108864 -XX:+PrintGC -XX:+PrintGCApplicationStoppedTime -XX:+PrintGCDateStamps -XX:+PrintGCDetails -XX:+PrintGCTimeStamps -XX:+PrintHeapAtGC -XX:+PrintTenuringDistribution -XX:SurvivorRatio=4 -XX:TargetSurvivorRatio=90 -XX:ThreadStackSize=256 -XX:+UseCMSInitiatingOccupancyOnly -XX:+UseCompressedClassPointers -XX:+UseCompressedOops -XX:+UseConcMarkSweepGC -XX:+UseParNewGC 
2017-03-19T21:59:49.937+0100: 0,239: Total time for which application threads were stopped: 0,0000714 seconds, Stopping threads took: 0,0000094 seconds
2017-03-19T21:59:50.070+0100: 0,372: Total time for which application threads were stopped: 0,0000904 seconds, Stopping threads took: 0,0000117 seconds
2017-03-19T21:59:50.119+0100: 0,421: Total time for which application threads were stopped: 0,0001220 seconds, Stopping threads took: 0,0000477 seconds
2017-03-19T21:59:50.880+0100: 1,182: Total time for which application threads were stopped: 0,0001461 seconds, Stopping threads took: 0,0000216 seconds
2017-03-19T21:59:51.403+0100: 1,704: Total time for which application threads were stopped: 0,0001650 seconds, Stopping threads took: 0,0000207 seconds
2017-03-19T21:59:51.568+0100: 1,870: Total time for which application threads were stopped: 0,0001772 seconds, Stopping threads took: 0,0000206 seconds
2017-03-19T21:59:51.701+0100: 2,003: Total time for which application threads were stopped: 0,0002788 seconds, Stopping threads took: 0,0000303 seconds
2017-03-19T21:59:52.041+0100: 2,343: Total time for which application threads were stopped: 0,0001832 seconds, Stopping threads took: 0,0000201 seconds
2017-03-19T21:59:52.282+0100: 2,584: Total time for which application threads were stopped: 0,0002281 seconds, Stopping threads took: 0,0000162 seconds
2017-03-19T21:59:52.305+0100: 2,607: Total time for which application threads were stopped: 0,0001807 seconds, Stopping threads took: 0,0000135 seconds
2017-03-19T21:59:52.344+0100: 2,646: Total time for which application threads were stopped: 0,0001896 seconds, Stopping threads took: 0,0000218 seconds
2017-03-19T21:59:52.347+0100: 2,649: Total time for which application threads were stopped: 0,0002319 seconds, Stopping threads took: 0,0000268 seconds
2017-03-19T21:59:52.375+0100: 2,677: Total time for which application threads were stopped: 0,0001847 seconds, Stopping threads took: 0,0000148 seconds
2017-03-19T21:59:52.523+0100: 2,825: Total time for which application threads were stopped: 0,0002406 seconds, Stopping threads took: 0,0000179 seconds
2017-03-19T21:59:52.981+0100: 3,283: Total time for which application threads were stopped: 0,0004808 seconds, Stopping threads took: 0,0002219 seconds
{Heap before GC invocations=0 (full 0):
 par new generation   total 109248K, used 87424K [0x00000000e0000000, 0x00000000e8000000, 0x00000000e8000000)
  eden space 87424K, 100% used [0x00000000e0000000, 0x00000000e5560000, 0x00000000e5560000)
  from space 21824K,   0% used [0x00000000e5560000, 0x00000000e5560000, 0x00000000e6ab0000)
  to   space 21824K,   0% used [0x00000000e6ab0000, 0x00000000e6ab0000, 0x00000000e8000000)
 concurrent mark-sweep generation total 393216K, used 0K [0x00000000e8000000, 0x0000000100000000, 0x0000000100000000)
 Metaspace       used 18002K, capacity 18336K, committed 18688K, reserved 1064960K
  class space    used 2036K, capacity 2196K, committed 2304K, reserved 1048576K
2017-03-19T21:59:53.081+0100: 3,383: [GC (Allocation Failure) 2017-03-19T21:59:53.081+0100: 3,383: [ParNew
Desired survivor size 20112992 bytes, new threshold 8 (max 8)
- age   1:   12588544 bytes,   12588544 total
: 87424K->12415K(109248K), 0,0190932 secs] 87424K->12415K(502464K), 0,0191787 secs] [Times: user=0,04 sys=0,01, real=0,02 secs] 
Heap after GC invocations=1 (full 0):
 par new generation   total 109248K, used 12415K [0x00000000e0000000, 0x00000000e8000000, 0x00000000e8000000)
  eden space 87424K,   0% used [0x00000000e0000000, 0x00000000e0000000, 0x00000000e5560000)
  from space 21824K,  56% used [0x00000000e6ab0000, 0x00000000e76cfd70, 0x00000000e8000000)
  to   space 21824K,   0% used [0x00000000e5560000, 0x00000000e5560000, 0x00000000e6ab0000)
 concurrent mark-sweep generation total 393216K, used 0K [0x00000000e8000000, 0x0000000100000000, 0x0000000100000000)
 Metaspace       used 18002K, capacity 18336K, committed 18688K, reserved 1064960K
  class space    used 2036K, capacity 2196K, committed 2304K, reserved 1048576K
}
2017-03-19T21:59:53.100+0100: 3,402: Total time for which application threads were stopped: 0,0194986 seconds, Stopping threads took: 0,0000787 seconds
2017-03-19T21:59:53.567+0100: 3,869: Total time for which application threads were stopped: 0,0003726 seconds, Stopping threads took: 0,0000565 seconds
{Heap before GC invocations=1 (full 0):
 par new generation   total 109248K, used 99839K [0x00000000e0000000, 0x00000000e8000000, 0x00000000e8000000)
  eden space 87424K, 100% used [0x00000000e0000000, 0x00000000e5560000, 0x00000000e5560000)
  from space 21824K,  56% used [0x00000000e6ab0000, 0x00000000e76cfd70, 0x00000000e8000000)
  to   space 21824K,   0% used [0x00000000e5560000, 0x00000000e5560000, 0x00000000e6ab0000)
 concurrent mark-sweep generation total 393216K, used 0K [0x00000000e8000000, 0x0000000100000000, 0x0000000100000000)
 Metaspace       used 20027K, capacity 20368K, committed 20736K, reserved 1067008K
  class space    used 2296K, capacity 2472K, committed 2560K, reserved 1048576K
2017-03-19T21:59:53.609+0100: 3,911: [GC (Allocation Failure) 2017-03-19T21:59:53.609+0100: 3,911: [ParNew
Desired survivor size 20112992 bytes, new threshold 8 (max 8)
- age   1:    3660648 bytes,    3660648 total
- age   2:    6658408 bytes,   10319056 total
: 99839K->13730K(109248K), 0,0225614 secs] 99839K->13730K(502464K), 0,0226338 secs] [Times: user=0,05 sys=0,01, real=0,03 secs] 
Heap after GC invocations=2 (full 0):
 par new generation   total 109248K, used 13730K [0x00000000e0000000, 0x00000000e8000000, 0x00000000e8000000)
  eden space 87424K,   0% used [0x00000000e0000000, 0x00000000e0000000, 0x00000000e5560000)
  from space 21824K,  62% used [0x00000000e5560000, 0x00000000e62c8aa8, 0x00000000e6ab0000)
  to   space 21824K,   0% used [0x00000000e6ab0000, 0x00000000e6ab0000, 0x00000000e8000000)
 concurrent mark-sweep generation total 393216K, used 0K [0x00000000e8000000, 0x0000000100000000, 0x0000000100000000)
 Metaspace       used 20027K, capacity 20368K, committed 20736K, reserved 1067008K
  class space    used 2296K, capacity 2472K, committed 2560K, reserved 1048576K
}
2017-03-19T21:59:53.632+0100: 3,933: Total time for which application threads were stopped: 0,0229181 seconds, Stopping threads took: 0,0001036 seconds
2017-03-19T21:59:53.639+0100: 3,941: Total time for which application threads were stopped: 0,0038436 seconds, Stopping threads took: 0,0034766 seconds
2017-03-19T21:59:53.750+0100: 4,052: Total time for which application threads were stopped: 0,0004749 seconds, Stopping threads took: 0,0000765 seconds
2017-03-19T21:59:53.755+0100: 4,057: Total time for which application threads were stopped: 0,0007817 seconds, Stopping threads took: 0,0002945 seconds
2017-03-19T21:59:53.776+0100: 4,078: Total time for which application threads were stopped: 0,0034347 seconds, Stopping threads took: 0,0032838 seconds
2017-03-19T21:59:53.783+0100: 4,084: Total time for which application threads were stopped: 0,0005055 seconds, Stopping threads took: 0,0004237 seconds
2017-03-19T21:59:53.783+0100: 4,084: Total time for which application threads were stopped: 0,0000616 seconds, Stopping threads took: 0,0000213 seconds
2017-03-19T21:59:53.783+0100: 4,084: Total time for which application threads were stopped: 0,0000506 seconds, Stopping threads took: 0,0000161 seconds
2017-03-19T21:59:53.880+0100: 4,181: Total time for which application threads were stopped: 0,0018021 seconds, Stopping threads took: 0,0016456 seconds
2017-03-19T21:59:53.946+0100: 4,248: Total time for which application threads were stopped: 0,0112011 seconds, Stopping threads took: 0,0110470 seconds
2017-03-19T21:59:53.962+0100: 4,264: Total time for which application threads were stopped: 0,0029667 seconds, Stopping threads took: 0,0028369 seconds
2017-03-19T21:59:53.962+0100: 4,264: Total time for which application threads were stopped: 0,0000987 seconds, Stopping threads took: 0,0000155 seconds
2017-03-19T21:59:53.964+0100: 4,266: Total time for which application threads were stopped: 0,0001486 seconds, Stopping threads took: 0,0000479 seconds
2017-03-19T21:59:53.965+0100: 4,267: Total time for which application threads were stopped: 0,0001241 seconds, Stopping threads took: 0,0000308 seconds
2017-03-19T21:59:53.966+0100: 4,268: Total time for which application threads were stopped: 0,0002575 seconds, Stopping threads took: 0,0001503 seconds
2017-03-19T21:59:53.987+0100: 4,289: Total time for which application threads were stopped: 0,0049355 seconds, Stopping threads took: 0,0048290 seconds
2017-03-19T21:59:53.987+0100: 4,289: Total time for which application threads were stopped: 0,0000806 seconds, Stopping threads took: 0,0000167 seconds
2017-03-19T21:59:53.987+0100: 4,289: Total time for which application threads were stopped: 0,0000771 seconds, Stopping threads took: 0,0000164 seconds
2017-03-19T21:59:53.987+0100: 4,289: Total time for which application threads were stopped: 0,0000592 seconds, Stopping threads took: 0,0000095 seconds
2017-03-19T21:59:53.988+0100: 4,289: Total time for which application threads were stopped: 0,0000486 seconds, Stopping threads took: 0,0000075 seconds
2017-03-19T21:59:53.988+0100: 4,289: Total time for which application threads were stopped: 0,0000466 seconds, Stopping threads took: 0,0000074 seconds
2017-03-19T21:59:53.988+0100: 4,290: Total time for which application threads were stopped: 0,0000614 seconds, Stopping threads took: 0,0000147 seconds
2017-03-19T21:59:53.988+0100: 4,290: Total time for which application threads were stopped: 0,0000433 seconds, Stopping threads took: 0,0000077 seconds
2017-03-19T21:59:53.988+0100: 4,290: Total time for which application threads were stopped: 0,0000451 seconds, Stopping threads took: 0,0000058 seconds
2017-03-19T21:59:53.988+0100: 4,290: Total time for which application threads were stopped: 0,0000409 seconds, Stopping threads took: 0,0000049 seconds
2017-03-19T21:59:53.988+0100: 4,290: Total time for which application threads were stopped: 0,0000399 seconds, Stopping threads took: 0,0000046 seconds
2017-03-19T21:59:54.009+0100: 4,311: Total time for which application threads were stopped: 0,0029199 seconds, Stopping threads took: 0,0027995 seconds
2017-03-19T21:59:54.013+0100: 4,315: Total time for which application threads were stopped: 0,0040108 seconds, Stopping threads took: 0,0038321 seconds
2017-03-19T21:59:54.024+0100: 4,326: Total time for which application threads were stopped: 0,0004127 seconds, Stopping threads took: 0,0002379 seconds
2017-03-19T21:59:54.024+0100: 4,326: Total time for which application threads were stopped: 0,0005190 seconds, Stopping threads took: 0,0004270 seconds
2017-03-19T21:59:54.038+0100: 4,339: Total time for which application threads were stopped: 0,0012832 seconds, Stopping threads took: 0,0010588 seconds
2017-03-19T21:59:54.042+0100: 4,343: Total time for which application threads were stopped: 0,0021244 seconds, Stopping threads took: 0,0020247 seconds
2017-03-19T21:59:54.042+0100: 4,343: Total time for which application threads were stopped: 0,0000732 seconds, Stopping threads took: 0,0000113 seconds
2017-03-19T21:59:54.045+0100: 4,347: Total time for which application threads were stopped: 0,0002544 seconds, Stopping threads took: 0,0001352 seconds
2017-03-19T21:59:54.045+0100: 4,347: Total time for which application threads were stopped: 0,0000868 seconds, Stopping threads took: 0,0000102 seconds
2017-03-19T21:59:54.045+0100: 4,347: Total time for which application threads were stopped: 0,0000757 seconds, Stopping threads took: 0,0000075 seconds
2017-03-19T21:59:54.046+0100: 4,347: Total time for which application threads were stopped: 0,0000778 seconds, Stopping threads took: 0,0000107 seconds
2017-03-19T21:59:54.046+0100: 4,347: Total time for which application threads were stopped: 0,0000674 seconds, Stopping threads took: 0,0000064 seconds
2017-03-19T21:59:54.046+0100: 4,348: Total time for which application threads were stopped: 0,0000656 seconds, Stopping threads took: 0,0000066 seconds
2017-03-19T21:59:54.046+0100: 4,348: Total time for which application threads were stopped: 0,0000818 seconds, Stopping threads took: 0,0000103 seconds
2017-03-19T21:59:54.046+0100: 4,348: Total time for which application threads were stopped: 0,0000677 seconds, Stopping threads took: 0,0000071 seconds
2017-03-19T21:59:54.047+0100: 4,349: Total time for which application threads were stopped: 0,0003432 seconds, Stopping threads took: 0,0000078 seconds
2017-03-19T21:59:54.047+0100: 4,349: Total time for which application threads were stopped: 0,0000804 seconds, Stopping threads took: 0,0000107 seconds
2017-03-19T21:59:54.047+0100: 4,349: Total time for which application threads were stopped: 0,0000590 seconds, Stopping threads took: 0,0000055 seconds
2017-03-19T21:59:54.047+0100: 4,349: Total time for which application threads were stopped: 0,0000836 seconds, Stopping threads took: 0,0000189 seconds
2017-03-19T21:59:54.050+0100: 4,351: Total time for which application threads were stopped: 0,0001965 seconds, Stopping threads took: 0,0000919 seconds
2017-03-19T21:59:54.050+0100: 4,352: Total time for which application threads were stopped: 0,0001430 seconds, Stopping threads took: 0,0000596 seconds
2017-03-19T21:59:54.061+0100: 4,363: Total time for which application threads were stopped: 0,0017957 seconds, Stopping threads took: 0,0016626 seconds
2017-03-19T21:59:54.073+0100: 4,375: Total time for which application threads were stopped: 0,0049892 seconds, Stopping threads took: 0,0047249 seconds
2017-03-19T21:59:54.084+0100: 4,386: Total time for which application threads were stopped: 0,0079898 seconds, Stopping threads took: 0,0077486 seconds
2017-03-19T21:59:54.085+0100: 4,387: Total time for which application threads were stopped: 0,0001026 seconds, Stopping threads took: 0,0000201 seconds
2017-03-19T21:59:54.085+0100: 4,387: Total time for which application threads were stopped: 0,0000599 seconds, Stopping threads took: 0,0000136 seconds
2017-03-19T21:59:54.086+0100: 4,388: Total time for which application threads were stopped: 0,0003831 seconds, Stopping threads took: 0,0003148 seconds
2017-03-19T21:59:54.107+0100: 4,409: Total time for which application threads were stopped: 0,0116040 seconds, Stopping threads took: 0,0114910 seconds
2017-03-19T21:59:54.110+0100: 4,412: Total time for which application threads were stopped: 0,0001110 seconds, Stopping threads took: 0,0000149 seconds
2017-03-19T21:59:54.110+0100: 4,412: Total time for which application threads were stopped: 0,0000619 seconds, Stopping threads took: 0,0000065 seconds
2017-03-19T21:59:54.111+0100: 4,412: Total time for which application threads were stopped: 0,0000582 seconds, Stopping threads took: 0,0000054 seconds
2017-03-19T21:59:54.113+0100: 4,414: Total time for which application threads were stopped: 0,0002439 seconds, Stopping threads took: 0,0000211 seconds
2017-03-19T21:59:54.117+0100: 4,419: Total time for which application threads were stopped: 0,0001373 seconds, Stopping threads took: 0,0000445 seconds
2017-03-19T21:59:54.117+0100: 4,419: Total time for which application threads were stopped: 0,0000652 seconds, Stopping threads took: 0,0000169 seconds
2017-03-19T21:59:54.118+0100: 4,419: Total time for which application threads were stopped: 0,0000719 seconds, Stopping threads took: 0,0000182 seconds
2017-03-19T21:59:54.118+0100: 4,419: Total time for which application threads were stopped: 0,0000604 seconds, Stopping threads took: 0,0000155 seconds
2017-03-19T21:59:54.118+0100: 4,419: Total time for which application threads were stopped: 0,0000603 seconds, Stopping threads took: 0,0000158 seconds
2017-03-19T21:59:54.120+0100: 4,421: Total time for which application threads were stopped: 0,0006240 seconds, Stopping threads took: 0,0005190 seconds
2017-03-19T21:59:54.131+0100: 4,433: Total time for which application threads were stopped: 0,0001366 seconds, Stopping threads took: 0,0000322 seconds
2017-03-19T21:59:54.133+0100: 4,434: Total time for which application threads were stopped: 0,0001362 seconds, Stopping threads took: 0,0000323 seconds
2017-03-19T21:59:54.133+0100: 4,435: Total time for which application threads were stopped: 0,0000843 seconds, Stopping threads took: 0,0000180 seconds
2017-03-19T21:59:54.133+0100: 4,435: Total time for which application threads were stopped: 0,0000791 seconds, Stopping threads took: 0,0000162 seconds
2017-03-19T21:59:54.138+0100: 4,439: Total time for which application threads were stopped: 0,0042829 seconds, Stopping threads took: 0,0041511 seconds
2017-03-19T21:59:54.150+0100: 4,452: Total time for which application threads were stopped: 0,0001448 seconds, Stopping threads took: 0,0000392 seconds
2017-03-19T21:59:54.151+0100: 4,452: Total time for which application threads were stopped: 0,0001061 seconds, Stopping threads took: 0,0000346 seconds
2017-03-19T21:59:54.181+0100: 4,483: Total time for which application threads were stopped: 0,0173887 seconds, Stopping threads took: 0,0172840 seconds
2017-03-19T21:59:54.192+0100: 4,494: Total time for which application threads were stopped: 0,0023126 seconds, Stopping threads took: 0,0022096 seconds
2017-03-19T21:59:54.199+0100: 4,501: Total time for which application threads were stopped: 0,0006673 seconds, Stopping threads took: 0,0004778 seconds
2017-03-19T21:59:54.201+0100: 4,502: Total time for which application threads were stopped: 0,0005634 seconds, Stopping threads took: 0,0004566 seconds
2017-03-19T21:59:54.209+0100: 4,511: Total time for which application threads were stopped: 0,0034280 seconds, Stopping threads took: 0,0021797 seconds
2017-03-19T21:59:54.230+0100: 4,532: Total time for which application threads were stopped: 0,0001916 seconds, Stopping threads took: 0,0000216 seconds
2017-03-19T21:59:54.240+0100: 4,541: Total time for which application threads were stopped: 0,0001148 seconds, Stopping threads took: 0,0000316 seconds
2017-03-19T21:59:54.244+0100: 4,546: Total time for which application threads were stopped: 0,0001350 seconds, Stopping threads took: 0,0000341 seconds
{Heap before GC invocations=2 (full 0):
 par new generation   total 109248K, used 101154K [0x00000000e0000000, 0x00000000e8000000, 0x00000000e8000000)
  eden space 87424K, 100% used [0x00000000e0000000, 0x00000000e5560000, 0x00000000e5560000)
  from space 21824K,  62% used [0x00000000e5560000, 0x00000000e62c8aa8, 0x00000000e6ab0000)
  to   space 21824K,   0% used [0x00000000e6ab0000, 0x00000000e6ab0000, 0x00000000e8000000)
 concurrent mark-sweep generation total 393216K, used 0K [0x00000000e8000000, 0x0000000100000000, 0x0000000100000000)
 Metaspace       used 20955K, capacity 21290K, committed 21552K, reserved 1069056K
  class space    used 2419K, capacity 2591K, committed 2608K, reserved 1048576K
2017-03-19T21:59:54.247+0100: 4,549: [GC (Allocation Failure) 2017-03-19T21:59:54.247+0100: 4,549: [ParNew
Desired survivor size 20112992 bytes, new threshold 8 (max 8)
- age   1:    2165096 bytes,    2165096 total
- age   2:     858304 bytes,    3023400 total
- age   3:    6654816 bytes,    9678216 total
: 101154K->11480K(109248K), 0,0808109 secs] 101154K->11480K(502464K), 0,0808875 secs] [Times: user=0,05 sys=0,00, real=0,08 secs] 
Heap after GC invocations=3 (full 0):
 par new generation   total 109248K, used 11480K [0x00000000e0000000, 0x00000000e8000000, 0x00000000e8000000)
  eden space 87424K,   0% used [0x00000000e0000000, 0x00000000e0000000, 0x00000000e5560000)
  from space 21824K,  52% used [0x00000000e6ab0000, 0x00000000e75e63c0, 0x00000000e8000000)
  to   space 21824K,   0% used [0x00000000e5560000, 0x00000000e5560000, 0x00000000e6ab0000)
 concurrent mark-sweep generation total 393216K, used 0K [0x00000000e8000000, 0x0000000100000000, 0x0000000100000000)
 Metaspace       used 20955K, capacity 21290K, committed 21552K, reserved 1069056K
  class space    used 2419K, capacity 2591K, committed 2608K, reserved 1048576K
}
2017-03-19T21:59:54.328+0100: 4,630: Total time for which application threads were stopped: 0,0810651 seconds, Stopping threads took: 0,0000188 seconds
2017-03-19T21:59:54.331+0100: 4,632: [GC (CMS Initial Mark) [1 CMS-initial-mark: 0K(393216K)] 14305K(502464K), 0,0189453 secs] [Times: user=0,01 sys=0,00, real=0,01 secs] 
2017-03-19T21:59:54.350+0100: 4,651: Total time for which application threads were stopped: 0,0190999 seconds, Stopping threads took: 0,0000166 seconds
2017-03-19T21:59:54.350+0100: 4,652: [CMS-concurrent-mark-start]
2017-03-19T21:59:54.360+0100: 4,662: Total time for which application threads were stopped: 0,0054180 seconds, Stopping threads took: 0,0052203 seconds
2017-03-19T21:59:54.362+0100: 4,664: [CMS-concurrent-mark: 0,005/0,012 secs] [Times: user=0,01 sys=0,00, real=0,01 secs] 
2017-03-19T21:59:54.362+0100: 4,664: [CMS-concurrent-preclean-start]
2017-03-19T21:59:54.363+0100: 4,665: [CMS-concurrent-preclean: 0,001/0,001 secs] [Times: user=0,00 sys=0,00, real=0,00 secs] 
2017-03-19T21:59:54.363+0100: 4,665: [CMS-concurrent-abortable-preclean-start]
{Heap before GC invocations=3 (full 1):
 par new generation   total 109248K, used 98904K [0x00000000e0000000, 0x00000000e8000000, 0x00000000e8000000)
  eden space 87424K, 100% used [0x00000000e0000000, 0x00000000e5560000, 0x00000000e5560000)
  from space 21824K,  52% used [0x00000000e6ab0000, 0x00000000e75e63c0, 0x00000000e8000000)
  to   space 21824K,   0% used [0x00000000e5560000, 0x00000000e5560000, 0x00000000e6ab0000)
 concurrent mark-sweep generation total 393216K, used 0K [0x00000000e8000000, 0x0000000100000000, 0x0000000100000000)
 Metaspace       used 21251K, capacity 21560K, committed 21628K, reserved 1069056K
  class space    used 2450K, capacity 2605K, committed 2608K, reserved 1048576K
2017-03-19T21:59:54.586+0100: 4,888: [GC (Allocation Failure) 2017-03-19T21:59:54.586+0100: 4,888: [ParNew
Desired survivor size 20112992 bytes, new threshold 8 (max 8)
- age   1:    1053384 bytes,    1053384 total
- age   2:    1448352 bytes,    2501736 total
- age   3:     824944 bytes,    3326680 total
- age   4:    6654712 bytes,    9981392 total
: 98904K->14916K(109248K), 0,0259171 secs] 98904K->14916K(502464K), 0,0259882 secs] [Times: user=0,05 sys=0,00, real=0,03 secs] 
Heap after GC invocations=4 (full 1):
 par new generation   total 109248K, used 14916K [0x00000000e0000000, 0x00000000e8000000, 0x00000000e8000000)
  eden space 87424K,   0% used [0x00000000e0000000, 0x00000000e0000000, 0x00000000e5560000)
  from space 21824K,  68% used [0x00000000e5560000, 0x00000000e63f1160, 0x00000000e6ab0000)
  to   space 21824K,   0% used [0x00000000e6ab0000, 0x00000000e6ab0000, 0x00000000e8000000)
 concurrent mark-sweep generation total 393216K, used 0K [0x00000000e8000000, 0x0000000100000000, 0x0000000100000000)
 Metaspace       used 21251K, capacity 21560K, committed 21628K, reserved 1069056K
  class space    used 2450K, capacity 2605K, committed 2608K, reserved 1048576K
}
2017-03-19T21:59:54.612+0100: 4,914: Total time for which application threads were stopped: 0,0302949 seconds, Stopping threads took: 0,0041074 seconds
2017-03-19T21:59:54.666+0100: 4,968: Total time for which application threads were stopped: 0,0061712 seconds, Stopping threads took: 0,0060445 seconds
2017-03-19T21:59:54.668+0100: 4,970: [CMS-concurrent-abortable-preclean: 0,124/0,305 secs] [Times: user=0,52 sys=0,01, real=0,30 secs] 
2017-03-19T21:59:54.708+0100: 5,009: [GC (CMS Final Remark) [YG occupancy: 57420 K (109248 K)]{Heap before GC invocations=4 (full 1):
 par new generation   total 109248K, used 57420K [0x00000000e0000000, 0x00000000e8000000, 0x00000000e8000000)
  eden space 87424K,  48% used [0x00000000e0000000, 0x00000000e2982070, 0x00000000e5560000)
  from space 21824K,  68% used [0x00000000e5560000, 0x00000000e63f1160, 0x00000000e6ab0000)
  to   space 21824K,   0% used [0x00000000e6ab0000, 0x00000000e6ab0000, 0x00000000e8000000)
 concurrent mark-sweep generation total 393216K, used 0K [0x00000000e8000000, 0x0000000100000000, 0x0000000100000000)
 Metaspace       used 21295K, capacity 21688K, committed 21884K, reserved 1069056K
  class space    used 2453K, capacity 2605K, committed 2608K, reserved 1048576K
2017-03-19T21:59:54.708+0100: 5,010: [GC (CMS Final Remark) 2017-03-19T21:59:54.708+0100: 5,010: [ParNew
Desired survivor size 20112992 bytes, new threshold 8 (max 8)
- age   1:     429408 bytes,     429408 total
- age   2:     178760 bytes,     608168 total
- age   3:    1448320 bytes,    2056488 total
- age   4:     824912 bytes,    2881400 total
- age   5:    6654792 bytes,    9536192 total
: 57420K->10277K(109248K), 0,0363452 secs] 57420K->10277K(502464K), 0,0364158 secs] [Times: user=0,06 sys=0,00, real=0,04 secs] 
Heap after GC invocations=5 (full 1):
 par new generation   total 109248K, used 10277K [0x00000000e0000000, 0x00000000e8000000, 0x00000000e8000000)
  eden space 87424K,   0% used [0x00000000e0000000, 0x00000000e0000000, 0x00000000e5560000)
  from space 21824K,  47% used [0x00000000e6ab0000, 0x00000000e74b95c0, 0x00000000e8000000)
  to   space 21824K,   0% used [0x00000000e5560000, 0x00000000e5560000, 0x00000000e6ab0000)
 concurrent mark-sweep generation total 393216K, used 0K [0x00000000e8000000, 0x0000000100000000, 0x0000000100000000)
 Metaspace       used 21295K, capacity 21688K, committed 21884K, reserved 1069056K
  class space    used 2453K, capacity 2605K, committed 2608K, reserved 1048576K
}
2017-03-19T21:59:54.744+0100: 5,046: [Rescan (parallel) , 0,0090695 secs]2017-03-19T21:59:54.753+0100: 5,055: [weak refs processing, 0,0021661 secs]2017-03-19T21:59:54.755+0100: 5,057: [class unloading, 0,0042571 secs]2017-03-19T21:59:54.760+0100: 5,062: [scrub symbol table, 0,0067058 secs]2017-03-19T21:59:54.767+0100: 5,068: [scrub string table, 0,0008211 secs][1 CMS-remark: 0K(393216K)] 10277K(502464K), 0,0604919 secs] [Times: user=0,09 sys=0,00, real=0,06 secs] 
2017-03-19T21:59:54.768+0100: 5,070: Total time for which application threads were stopped: 0,0698529 seconds, Stopping threads took: 0,0091933 seconds
2017-03-19T21:59:54.768+0100: 5,070: [CMS-concurrent-sweep-start]
2017-03-19T21:59:54.768+0100: 5,070: [CMS-concurrent-sweep: 0,000/0,000 secs] [Times: user=0,00 sys=0,00, real=0,00 secs] 
2017-03-19T21:59:54.768+0100: 5,070: [CMS-concurrent-reset-start]
2017-03-19T21:59:54.771+0100: 5,073: [CMS-concurrent-reset: 0,003/0,003 secs] [Times: user=0,00 sys=0,00, real=0,01 secs] 
2017-03-19T21:59:54.870+0100: 5,172: Total time for which application threads were stopped: 0,0008132 seconds, Stopping threads took: 0,0007124 seconds
2017-03-19T21:59:54.883+0100: 5,185: Total time for which application threads were stopped: 0,0002950 seconds, Stopping threads took: 0,0000142 seconds
2017-03-19T21:59:55.031+0100: 5,333: Total time for which application threads were stopped: 0,0001937 seconds, Stopping threads took: 0,0000435 seconds
2017-03-19T21:59:55.069+0100: 5,371: Total time for which application threads were stopped: 0,0004200 seconds, Stopping threads took: 0,0001440 seconds
2017-03-19T21:59:55.124+0100: 5,426: Total time for which application threads were stopped: 0,0061742 seconds, Stopping threads took: 0,0060528 seconds
2017-03-19T21:59:55.153+0100: 5,455: Total time for which application threads were stopped: 0,0004193 seconds, Stopping threads took: 0,0000532 seconds
2017-03-19T21:59:55.157+0100: 5,459: Total time for which application threads were stopped: 0,0001256 seconds, Stopping threads took: 0,0000478 seconds
2017-03-19T21:59:55.158+0100: 5,459: Total time for which application threads were stopped: 0,0000924 seconds, Stopping threads took: 0,0000279 seconds
2017-03-19T21:59:55.186+0100: 5,488: Total time for which application threads were stopped: 0,0004949 seconds, Stopping threads took: 0,0000605 seconds
2017-03-19T21:59:55.208+0100: 5,510: Total time for which application threads were stopped: 0,0001851 seconds, Stopping threads took: 0,0000945 seconds
2017-03-19T21:59:55.208+0100: 5,510: Total time for which application threads were stopped: 0,0001014 seconds, Stopping threads took: 0,0000435 seconds
2017-03-19T21:59:55.215+0100: 5,517: Total time for which application threads were stopped: 0,0007757 seconds, Stopping threads took: 0,0007021 seconds
2017-03-19T21:59:55.242+0100: 5,544: Total time for which application threads were stopped: 0,0001436 seconds, Stopping threads took: 0,0000643 seconds
2017-03-19T21:59:55.252+0100: 5,554: Total time for which application threads were stopped: 0,0002022 seconds, Stopping threads took: 0,0000494 seconds
2017-03-19T21:59:55.253+0100: 5,555: Total time for which application threads were stopped: 0,0004887 seconds, Stopping threads took: 0,0003556 seconds
{Heap before GC invocations=5 (full 1):
 par new generation   total 109248K, used 97701K [0x00000000e0000000, 0x00000000e8000000, 0x00000000e8000000)
  eden space 87424K, 100% used [0x00000000e0000000, 0x00000000e5560000, 0x00000000e5560000)
  from space 21824K,  47% used [0x00000000e6ab0000, 0x00000000e74b95c0, 0x00000000e8000000)
  to   space 21824K,   0% used [0x00000000e5560000, 0x00000000e5560000, 0x00000000e6ab0000)
 concurrent mark-sweep generation total 393216K, used 0K [0x00000000e8000000, 0x0000000100000000, 0x0000000100000000)
 Metaspace       used 23259K, capacity 23684K, committed 23984K, reserved 1071104K
  class space    used 2689K, capacity 2885K, committed 2992K, reserved 1048576K
2017-03-19T21:59:55.256+0100: 5,558: [GC (Allocation Failure) 2017-03-19T21:59:55.256+0100: 5,558: [ParNew
Desired survivor size 20112992 bytes, new threshold 8 (max 8)
- age   1:    2936248 bytes,    2936248 total
- age   2:      49544 bytes,    2985792 total
- age   3:     176752 bytes,    3162544 total
- age   4:     276120 bytes,    3438664 total
- age   5:     811296 bytes,    4249960 total
- age   6:    6646544 bytes,   10896504 total
: 97701K->16252K(109248K), 0,1396133 secs] 97701K->16252K(502464K), 0,1411573 secs] [Times: user=0,06 sys=0,00, real=0,14 secs] 
Heap after GC invocations=6 (full 1):
 par new generation   total 109248K, used 16252K [0x00000000e0000000, 0x00000000e8000000, 0x00000000e8000000)
  eden space 87424K,   0% used [0x00000000e0000000, 0x00000000e0000000, 0x00000000e5560000)
  from space 21824K,  74% used [0x00000000e5560000, 0x00000000e653f340, 0x00000000e6ab0000)
  to   space 21824K,   0% used [0x00000000e6ab0000, 0x00000000e6ab0000, 0x00000000e8000000)
 concurrent mark-sweep generation total 393216K, used 0K [0x00000000e8000000, 0x0000000100000000, 0x0000000100000000)
 Metaspace       used 23259K, capacity 23684K, committed 23984K, reserved 1071104K
  class space    used 2689K, capacity 2885K, committed 2992K, reserved 1048576K
}
2017-03-19T21:59:55.397+0100: 5,699: Total time for which application threads were stopped: 0,1414700 seconds, Stopping threads took: 0,0000774 seconds
2017-03-19T21:59:55.452+0100: 5,754: Total time for which application threads were stopped: 0,0077589 seconds, Stopping threads took: 0,0075477 seconds
2017-03-19T21:59:55.482+0100: 5,783: Total time for which application threads were stopped: 0,0030251 seconds, Stopping threads took: 0,0029107 seconds
{Heap before GC invocations=6 (full 1):
 par new generation   total 109248K, used 103676K [0x00000000e0000000, 0x00000000e8000000, 0x00000000e8000000)
  eden space 87424K, 100% used [0x00000000e0000000, 0x00000000e5560000, 0x00000000e5560000)
  from space 21824K,  74% used [0x00000000e5560000, 0x00000000e653f340, 0x00000000e6ab0000)
  to   space 21824K,   0% used [0x00000000e6ab0000, 0x00000000e6ab0000, 0x00000000e8000000)
 concurrent mark-sweep generation total 393216K, used 0K [0x00000000e8000000, 0x0000000100000000, 0x0000000100000000)
 Metaspace       used 24168K, capacity 24612K, committed 24880K, reserved 1071104K
  class space    used 2843K, capacity 3045K, committed 3120K, reserved 1048576K
2017-03-19T21:59:56.380+0100: 6,682: [GC (Allocation Failure) 2017-03-19T21:59:56.380+0100: 6,682: [ParNew
Desired survivor size 20112992 bytes, new threshold 8 (max 8)
- age   1:    3448704 bytes,    3448704 total
- age   2:     751416 bytes,    4200120 total
- age   3:      26080 bytes,    4226200 total
- age   4:      96624 bytes,    4322824 total
- age   5:     187184 bytes,    4510008 total
- age   6:     748376 bytes,    5258384 total
- age   7:    6113672 bytes,   11372056 total
: 103676K->11729K(109248K), 0,1469301 secs] 103676K->11729K(502464K), 0,1470245 secs] [Times: user=0,08 sys=0,00, real=0,15 secs] 
Heap after GC invocations=7 (full 1):
 par new generation   total 109248K, used 11729K [0x00000000e0000000, 0x00000000e8000000, 0x00000000e8000000)
  eden space 87424K,   0% used [0x00000000e0000000, 0x00000000e0000000, 0x00000000e5560000)
  from space 21824K,  53% used [0x00000000e6ab0000, 0x00000000e76246c0, 0x00000000e8000000)
  to   space 21824K,   0% used [0x00000000e5560000, 0x00000000e5560000, 0x00000000e6ab0000)
 concurrent mark-sweep generation total 393216K, used 0K [0x00000000e8000000, 0x0000000100000000, 0x0000000100000000)
 Metaspace       used 24168K, capacity 24612K, committed 24880K, reserved 1071104K
  class space    used 2843K, capacity 3045K, committed 3120K, reserved 1048576K
}
2017-03-19T21:59:56.527+0100: 6,829: Total time for which application threads were stopped: 0,1473270 seconds, Stopping threads took: 0,0000398 seconds
2017-03-19T21:59:56.545+0100: 6,846: Total time for which application threads were stopped: 0,0031679 seconds, Stopping threads took: 0,0030296 seconds
2017-03-19T21:59:56.545+0100: 6,847: Total time for which application threads were stopped: 0,0000819 seconds, Stopping threads took: 0,0000096 seconds
2017-03-19T21:59:56.545+0100: 6,847: Total time for which application threads were stopped: 0,0000685 seconds, Stopping threads took: 0,0000058 seconds
2017-03-19T21:59:56.835+0100: 7,136: Total time for which application threads were stopped: 0,0239000 seconds, Stopping threads took: 0,0237764 seconds
{Heap before GC invocations=7 (full 1):
 par new generation   total 109248K, used 109248K [0x00000000e0000000, 0x00000000e8000000, 0x00000000e8000000)
  eden space 87424K, 100% used [0x00000000e0000000, 0x00000000e5560000, 0x00000000e5560000)
  from space 21824K, 100% used [0x00000000e6ab0000, 0x00000000e8000000, 0x00000000e8000000)
  to   space 21824K,   0% used [0x00000000e5560000, 0x00000000e5560000, 0x00000000e6ab0000)
 concurrent mark-sweep generation total 393216K, used 307K [0x00000000e8000000, 0x0000000100000000, 0x0000000100000000)
 Metaspace       used 24454K, capacity 24900K, committed 25136K, reserved 1071104K
  class space    used 2866K, capacity 3051K, committed 3120K, reserved 1048576K
2017-03-19T21:59:56.888+0100: 7,189: [GC (GCLocker Initiated GC) 2017-03-19T21:59:56.888+0100: 7,189: [ParNew
Desired survivor size 20112992 bytes, new threshold 8 (max 8)
- age   1:     695952 bytes,     695952 total
- age   2:    1962584 bytes,    2658536 total
- age   3:     748544 bytes,    3407080 total
- age   4:      26048 bytes,    3433128 total
- age   5:      96288 bytes,    3529416 total
- age   6:     184192 bytes,    3713608 total
- age   7:     747576 bytes,    4461184 total
- age   8:    6113008 bytes,   10574192 total
: 109248K->16628K(109248K), 0,0901539 secs] 109555K->16935K(502464K), 0,0902240 secs] [Times: user=0,09 sys=0,00, real=0,09 secs] 
Heap after GC invocations=8 (full 1):
 par new generation   total 109248K, used 16628K [0x00000000e0000000, 0x00000000e8000000, 0x00000000e8000000)
  eden space 87424K,   0% used [0x00000000e0000000, 0x00000000e0000000, 0x00000000e5560000)
  from space 21824K,  76% used [0x00000000e5560000, 0x00000000e659d2a8, 0x00000000e6ab0000)
  to   space 21824K,   0% used [0x00000000e6ab0000, 0x00000000e6ab0000, 0x00000000e8000000)
 concurrent mark-sweep generation total 393216K, used 307K [0x00000000e8000000, 0x0000000100000000, 0x0000000100000000)
 Metaspace       used 24454K, capacity 24900K, committed 25136K, reserved 1071104K
  class space    used 2866K, capacity 3051K, committed 3120K, reserved 1048576K
}
2017-03-19T21:59:56.978+0100: 7,280: Total time for which application threads were stopped: 0,1039140 seconds, Stopping threads took: 0,0135002 seconds
2017-03-19T21:59:56.998+0100: 7,300: Total time for which application threads were stopped: 0,0035872 seconds, Stopping threads took: 0,0032667 seconds
2017-03-19T21:59:56.998+0100: 7,300: Total time for which application threads were stopped: 0,0001480 seconds, Stopping threads took: 0,0000179 seconds
2017-03-19T21:59:57.335+0100: 7,637: Total time for which application threads were stopped: 0,0037204 seconds, Stopping threads took: 0,0035469 seconds
2017-03-19T21:59:57.610+0100: 7,912: Total time for which application threads were stopped: 0,0275592 seconds, Stopping threads took: 0,0274374 seconds
2017-03-19T21:59:57.627+0100: 7,929: Total time for which application threads were stopped: 0,0001219 seconds, Stopping threads took: 0,0000254 seconds
2017-03-19T21:59:57.627+0100: 7,929: Total time for which application threads were stopped: 0,0001014 seconds, Stopping threads took: 0,0000139 seconds
2017-03-19T21:59:57.629+0100: 7,931: Total time for which application threads were stopped: 0,0008216 seconds, Stopping threads took: 0,0000225 seconds
2017-03-19T21:59:57.655+0100: 7,956: Total time for which application threads were stopped: 0,0001472 seconds, Stopping threads took: 0,0000590 seconds
{Heap before GC invocations=8 (full 1):
 par new generation   total 109248K, used 104052K [0x00000000e0000000, 0x00000000e8000000, 0x00000000e8000000)
  eden space 87424K, 100% used [0x00000000e0000000, 0x00000000e5560000, 0x00000000e5560000)
  from space 21824K,  76% used [0x00000000e5560000, 0x00000000e659d2a8, 0x00000000e6ab0000)
  to   space 21824K,   0% used [0x00000000e6ab0000, 0x00000000e6ab0000, 0x00000000e8000000)
 concurrent mark-sweep generation total 393216K, used 307K [0x00000000e8000000, 0x0000000100000000, 0x0000000100000000)
 Metaspace       used 25069K, capacity 25546K, committed 25648K, reserved 1071104K
  class space    used 2915K, capacity 3116K, committed 3120K, reserved 1048576K
2017-03-19T21:59:57.898+0100: 8,200: [GC (Allocation Failure) 2017-03-19T21:59:57.898+0100: 8,200: [ParNew
Desired survivor size 20112992 bytes, new threshold 8 (max 8)
- age   1:    1705816 bytes,    1705816 total
- age   2:     328320 bytes,    2034136 total
- age   3:    1272768 bytes,    3306904 total
- age   4:     745896 bytes,    4052800 total
- age   5:      26048 bytes,    4078848 total
- age   6:      96224 bytes,    4175072 total
- age   7:     183536 bytes,    4358608 total
- age   8:     746744 bytes,    5105352 total
: 104052K->7435K(109248K), 0,2462606 secs] 104359K->14313K(502464K), 0,2466690 secs] [Times: user=0,11 sys=0,00, real=0,25 secs] 
Heap after GC invocations=9 (full 1):
 par new generation   total 109248K, used 7435K [0x00000000e0000000, 0x00000000e8000000, 0x00000000e8000000)
  eden space 87424K,   0% used [0x00000000e0000000, 0x00000000e0000000, 0x00000000e5560000)
  from space 21824K,  34% used [0x00000000e6ab0000, 0x00000000e71f2e90, 0x00000000e8000000)
  to   space 21824K,   0% used [0x00000000e5560000, 0x00000000e5560000, 0x00000000e6ab0000)
 concurrent mark-sweep generation total 393216K, used 6878K [0x00000000e8000000, 0x0000000100000000, 0x0000000100000000)
 Metaspace       used 25069K, capacity 25546K, committed 25648K, reserved 1071104K
  class space    used 2915K, capacity 3116K, committed 3120K, reserved 1048576K
}
2017-03-19T21:59:58.145+0100: 8,447: Total time for which application threads were stopped: 0,2538648 seconds, Stopping threads took: 0,0000316 seconds
2017-03-19T21:59:58.463+0100: 8,765: Total time for which application threads were stopped: 0,0332083 seconds, Stopping threads took: 0,0330931 seconds
2017-03-19T21:59:58.464+0100: 8,766: Total time for which application threads were stopped: 0,0001289 seconds, Stopping threads took: 0,0000298 seconds
2017-03-19T21:59:58.478+0100: 8,780: Total time for which application threads were stopped: 0,0075008 seconds, Stopping threads took: 0,0073410 seconds
2017-03-19T21:59:58.573+0100: 8,874: Total time for which application threads were stopped: 0,0011983 seconds, Stopping threads took: 0,0005426 seconds
2017-03-19T21:59:58.581+0100: 8,883: Total time for which application threads were stopped: 0,0008946 seconds, Stopping threads took: 0,0001420 seconds
2017-03-19T21:59:58.772+0100: 9,074: Total time for which application threads were stopped: 0,0262782 seconds, Stopping threads took: 0,0261669 seconds
2017-03-19T21:59:58.934+0100: 9,236: Total time for which application threads were stopped: 0,0001326 seconds, Stopping threads took: 0,0000373 seconds
2017-03-19T21:59:59.432+0100: 9,734: Total time for which application threads were stopped: 0,0418158 seconds, Stopping threads took: 0,0404464 seconds
2017-03-19T21:59:59.437+0100: 9,739: Total time for which application threads were stopped: 0,0001576 seconds, Stopping threads took: 0,0000312 seconds
2017-03-19T21:59:59.628+0100: 9,930: Total time for which application threads were stopped: 0,0035874 seconds, Stopping threads took: 0,0016822 seconds
2017-03-19T22:00:00.047+0100: 10,349: Total time for which application threads were stopped: 0,0027606 seconds, Stopping threads took: 0,0022646 seconds
2017-03-19T22:00:00.061+0100: 10,362: Total time for which application threads were stopped: 0,0001683 seconds, Stopping threads took: 0,0000475 seconds
2017-03-19T22:00:00.061+0100: 10,363: Total time for which application threads were stopped: 0,0004029 seconds, Stopping threads took: 0,0000760 seconds
2017-03-19T22:00:00.080+0100: 10,381: Total time for which application threads were stopped: 0,0001023 seconds, Stopping threads took: 0,0000380 seconds
2017-03-19T22:00:00.096+0100: 10,397: Total time for which application threads were stopped: 0,0004334 seconds, Stopping threads took: 0,0003692 seconds
2017-03-19T22:00:00.108+0100: 10,410: Total time for which application threads were stopped: 0,0011359 seconds, Stopping threads took: 0,0004833 seconds
2017-03-19T22:00:00.130+0100: 10,432: Total time for which application threads were stopped: 0,0001399 seconds, Stopping threads took: 0,0000351 seconds
2017-03-19T22:00:00.170+0100: 10,472: Total time for which application threads were stopped: 0,0009585 seconds, Stopping threads took: 0,0008486 seconds
2017-03-19T22:00:00.260+0100: 10,562: Total time for which application threads were stopped: 0,0029588 seconds, Stopping threads took: 0,0028047 seconds
2017-03-19T22:00:00.363+0100: 10,665: Total time for which application threads were stopped: 0,0006981 seconds, Stopping threads took: 0,0006264 seconds
2017-03-19T22:00:00.364+0100: 10,665: Total time for which application threads were stopped: 0,0000845 seconds, Stopping threads took: 0,0000208 seconds
2017-03-19T22:00:00.539+0100: 10,840: Total time for which application threads were stopped: 0,0101628 seconds, Stopping threads took: 0,0100191 seconds
2017-03-19T22:00:21.494+0100: 32,854: Total time for which application threads were stopped: 0,0000669 seconds, Stopping threads took: 0,0000181 seconds
2017-03-19T22:01:47.505+0100: 118,866: Total time for which application threads were stopped: 0,0001031 seconds, Stopping threads took: 0,0000532 seconds
2017-03-19T22:01:51.506+0100: 122,866: Total time for which application threads were stopped: 0,0000610 seconds, Stopping threads took: 0,0000155 seconds
2017-03-19T22:10:57.572+0100: 668,932: Total time for which application threads were stopped: 0,0000753 seconds, Stopping threads took: 0,0000308 seconds
2017-03-19T22:11:02.572+0100: 673,933: Total time for which application threads were stopped: 0,0000728 seconds, Stopping threads took: 0,0000158 seconds
2017-03-19T22:23:30.647+0100: 1422,008: Total time for which application threads were stopped: 0,0001699 seconds, Stopping threads took: 0,0000490 seconds
2017-03-19T22:28:10.675+0100: 1702,036: Total time for which application threads were stopped: 0,0002053 seconds, Stopping threads took: 0,0000680 seconds
2017-03-19T22:39:10.739+0100: 2362,099: Total time for which application threads were stopped: 0,0000840 seconds, Stopping threads took: 0,0000290 seconds
2017-03-19T22:39:12.739+0100: 2364,100: Total time for which application threads were stopped: 0,0001478 seconds, Stopping threads took: 0,0000630 seconds
2017-03-19T23:01:11.875+0100: 3683,236: Total time for which application threads were stopped: 0,0000980 seconds, Stopping threads took: 0,0000521 seconds
2017-03-19T23:04:15.898+0100: 3867,259: Total time for which application threads were stopped: 0,0000804 seconds, Stopping threads took: 0,0000325 seconds
2017-03-19T23:20:22.000+0100: 4833,361: Total time for which application threads were stopped: 0,0001530 seconds, Stopping threads took: 0,0000664 seconds
2017-03-19T23:23:12.018+0100: 5003,378: Total time for which application threads were stopped: 0,0001121 seconds, Stopping threads took: 0,0000394 seconds
2017-03-19T23:24:07.023+0100: 5058,384: Total time for which application threads were stopped: 0,0001761 seconds, Stopping threads took: 0,0000341 seconds
2017-03-19T23:53:55.704+0100: 6847,065: Total time for which application threads were stopped: 0,0483665 seconds, Stopping threads took: 0,0482874 seconds
2017-03-19T23:53:55.704+0100: 6847,065: Total time for which application threads were stopped: 0,0000681 seconds, Stopping threads took: 0,0000195 seconds
2017-03-19T23:53:55.708+0100: 6847,069: Total time for which application threads were stopped: 0,0001080 seconds, Stopping threads took: 0,0000190 seconds
2017-03-19T23:53:55.709+0100: 6847,070: Total time for which application threads were stopped: 0,0000886 seconds, Stopping threads took: 0,0000226 seconds
2017-03-19T23:53:55.711+0100: 6847,072: Total time for which application threads were stopped: 0,0000808 seconds, Stopping threads took: 0,0000164 seconds
2017-03-19T23:53:55.711+0100: 6847,072: Total time for which application threads were stopped: 0,0000878 seconds, Stopping threads took: 0,0000284 seconds
2017-03-19T23:53:55.712+0100: 6847,073: Total time for which application threads were stopped: 0,0001272 seconds, Stopping threads took: 0,0000462 seconds
2017-03-19T23:53:55.713+0100: 6847,073: Total time for which application threads were stopped: 0,0000795 seconds, Stopping threads took: 0,0000213 seconds
2017-03-19T23:53:55.714+0100: 6847,075: Total time for which application threads were stopped: 0,0009817 seconds, Stopping threads took: 0,0008956 seconds
2017-03-19T23:53:55.720+0100: 6847,080: Total time for which application threads were stopped: 0,0001220 seconds, Stopping threads took: 0,0000359 seconds
2017-03-19T23:53:55.721+0100: 6847,082: Total time for which application threads were stopped: 0,0001072 seconds, Stopping threads took: 0,0000376 seconds
2017-03-19T23:53:55.721+0100: 6847,082: Total time for which application threads were stopped: 0,0000652 seconds, Stopping threads took: 0,0000116 seconds
2017-03-19T23:53:55.721+0100: 6847,082: Total time for which application threads were stopped: 0,0000623 seconds, Stopping threads took: 0,0000132 seconds
2017-03-19T23:53:55.722+0100: 6847,082: Total time for which application threads were stopped: 0,0000746 seconds, Stopping threads took: 0,0000140 seconds
2017-03-19T23:53:55.722+0100: 6847,083: Total time for which application threads were stopped: 0,0000771 seconds, Stopping threads took: 0,0000113 seconds
2017-03-19T23:53:55.723+0100: 6847,084: Total time for which application threads were stopped: 0,0000790 seconds, Stopping threads took: 0,0000152 seconds
2017-03-19T23:53:55.724+0100: 6847,085: Total time for which application threads were stopped: 0,0000761 seconds, Stopping threads took: 0,0000168 seconds
2017-03-19T23:53:55.724+0100: 6847,085: Total time for which application threads were stopped: 0,0000818 seconds, Stopping threads took: 0,0000289 seconds
2017-03-19T23:53:55.724+0100: 6847,085: Total time for which application threads were stopped: 0,0000547 seconds, Stopping threads took: 0,0000092 seconds
2017-03-19T23:53:55.725+0100: 6847,086: Total time for which application threads were stopped: 0,0000648 seconds, Stopping threads took: 0,0000104 seconds
2017-03-19T23:53:55.725+0100: 6847,086: Total time for which application threads were stopped: 0,0000578 seconds, Stopping threads took: 0,0000120 seconds
2017-03-19T23:53:55.726+0100: 6847,087: Total time for which application threads were stopped: 0,0000735 seconds, Stopping threads took: 0,0000124 seconds
2017-03-19T23:53:55.727+0100: 6847,087: Total time for which application threads were stopped: 0,0000578 seconds, Stopping threads took: 0,0000206 seconds
2017-03-19T23:53:55.727+0100: 6847,087: Total time for which application threads were stopped: 0,0000535 seconds, Stopping threads took: 0,0000159 seconds
2017-03-19T23:53:55.727+0100: 6847,088: Total time for which application threads were stopped: 0,0000572 seconds, Stopping threads took: 0,0000095 seconds
2017-03-19T23:53:55.737+0100: 6847,097: Total time for which application threads were stopped: 0,0003224 seconds, Stopping threads took: 0,0002568 seconds
2017-03-19T23:53:55.737+0100: 6847,098: Total time for which application threads were stopped: 0,0000556 seconds, Stopping threads took: 0,0000118 seconds
2017-03-19T23:53:55.737+0100: 6847,098: Total time for which application threads were stopped: 0,0000471 seconds, Stopping threads took: 0,0000089 seconds
2017-03-19T23:53:55.737+0100: 6847,098: Total time for which application threads were stopped: 0,0000454 seconds, Stopping threads took: 0,0000087 seconds
2017-03-19T23:53:55.737+0100: 6847,098: Total time for which application threads were stopped: 0,0000453 seconds, Stopping threads took: 0,0000093 seconds
2017-03-19T23:53:55.738+0100: 6847,099: Total time for which application threads were stopped: 0,0000897 seconds, Stopping threads took: 0,0000294 seconds
2017-03-19T23:53:55.739+0100: 6847,099: Total time for which application threads were stopped: 0,0000707 seconds, Stopping threads took: 0,0000225 seconds
2017-03-19T23:53:55.739+0100: 6847,099: Total time for which application threads were stopped: 0,0000674 seconds, Stopping threads took: 0,0000207 seconds
2017-03-19T23:53:55.740+0100: 6847,101: Total time for which application threads were stopped: 0,0001312 seconds, Stopping threads took: 0,0000433 seconds
2017-03-19T23:53:55.741+0100: 6847,101: Total time for which application threads were stopped: 0,0000719 seconds, Stopping threads took: 0,0000199 seconds
2017-03-19T23:53:55.741+0100: 6847,101: Total time for which application threads were stopped: 0,0000618 seconds, Stopping threads took: 0,0000211 seconds
2017-03-19T23:53:55.741+0100: 6847,101: Total time for which application threads were stopped: 0,0000579 seconds, Stopping threads took: 0,0000169 seconds
2017-03-19T23:53:55.741+0100: 6847,102: Total time for which application threads were stopped: 0,0000616 seconds, Stopping threads took: 0,0000189 seconds
2017-03-19T23:53:55.741+0100: 6847,102: Total time for which application threads were stopped: 0,0000871 seconds, Stopping threads took: 0,0000190 seconds
2017-03-19T23:53:55.741+0100: 6847,102: Total time for which application threads were stopped: 0,0000518 seconds, Stopping threads took: 0,0000174 seconds
2017-03-19T23:53:55.743+0100: 6847,103: Total time for which application threads were stopped: 0,0000926 seconds, Stopping threads took: 0,0000278 seconds
2017-03-19T23:53:55.743+0100: 6847,103: Total time for which application threads were stopped: 0,0002427 seconds, Stopping threads took: 0,0001964 seconds
2017-03-19T23:53:55.743+0100: 6847,104: Total time for which application threads were stopped: 0,0000641 seconds, Stopping threads took: 0,0000243 seconds
2017-03-19T23:53:55.757+0100: 6847,117: Total time for which application threads were stopped: 0,0004635 seconds, Stopping threads took: 0,0003706 seconds
2017-03-19T23:53:55.758+0100: 6847,119: Total time for which application threads were stopped: 0,0001124 seconds, Stopping threads took: 0,0000356 seconds
2017-03-19T23:53:55.759+0100: 6847,119: Total time for which application threads were stopped: 0,0000694 seconds, Stopping threads took: 0,0000240 seconds
2017-03-19T23:53:55.759+0100: 6847,119: Total time for which application threads were stopped: 0,0000632 seconds, Stopping threads took: 0,0000185 seconds
2017-03-19T23:53:55.759+0100: 6847,120: Total time for which application threads were stopped: 0,0000700 seconds, Stopping threads took: 0,0000235 seconds
2017-03-19T23:53:55.759+0100: 6847,120: Total time for which application threads were stopped: 0,0000617 seconds, Stopping threads took: 0,0000178 seconds
2017-03-19T23:53:55.759+0100: 6847,120: Total time for which application threads were stopped: 0,0000590 seconds, Stopping threads took: 0,0000194 seconds
2017-03-19T23:53:55.759+0100: 6847,120: Total time for which application threads were stopped: 0,0000379 seconds, Stopping threads took: 0,0000055 seconds
2017-03-19T23:53:55.760+0100: 6847,120: Total time for which application threads were stopped: 0,0000460 seconds, Stopping threads took: 0,0000122 seconds
2017-03-19T23:53:55.760+0100: 6847,120: Total time for which application threads were stopped: 0,0000390 seconds, Stopping threads took: 0,0000106 seconds
2017-03-19T23:53:55.761+0100: 6847,122: Total time for which application threads were stopped: 0,0001390 seconds, Stopping threads took: 0,0000329 seconds
2017-03-19T23:53:55.763+0100: 6847,124: Total time for which application threads were stopped: 0,0003190 seconds, Stopping threads took: 0,0000432 seconds
2017-03-19T23:53:55.763+0100: 6847,124: Total time for which application threads were stopped: 0,0000549 seconds, Stopping threads took: 0,0000193 seconds
2017-03-19T23:53:55.763+0100: 6847,124: Total time for which application threads were stopped: 0,0000563 seconds, Stopping threads took: 0,0000261 seconds
2017-03-19T23:53:55.764+0100: 6847,125: Total time for which application threads were stopped: 0,0000766 seconds, Stopping threads took: 0,0000249 seconds
2017-03-19T23:53:55.764+0100: 6847,125: Total time for which application threads were stopped: 0,0000462 seconds, Stopping threads took: 0,0000166 seconds
2017-03-19T23:53:55.764+0100: 6847,125: Total time for which application threads were stopped: 0,0000426 seconds, Stopping threads took: 0,0000149 seconds
2017-03-19T23:53:55.764+0100: 6847,125: Total time for which application threads were stopped: 0,0000429 seconds, Stopping threads took: 0,0000144 seconds
2017-03-19T23:53:55.764+0100: 6847,125: Total time for which application threads were stopped: 0,0000427 seconds, Stopping threads took: 0,0000134 seconds
2017-03-19T23:53:55.765+0100: 6847,125: Total time for which application threads were stopped: 0,0002080 seconds, Stopping threads took: 0,0000635 seconds
2017-03-19T23:53:55.766+0100: 6847,127: Total time for which application threads were stopped: 0,0000877 seconds, Stopping threads took: 0,0000383 seconds
2017-03-19T23:53:55.767+0100: 6847,127: Total time for which application threads were stopped: 0,0000661 seconds, Stopping threads took: 0,0000107 seconds
Heap
 par new generation   total 109248K, used 65922K [0x00000000e0000000, 0x00000000e8000000, 0x00000000e8000000)
  eden space 87424K,  66% used [0x00000000e0000000, 0x00000000e391dcc0, 0x00000000e5560000)
  from space 21824K,  34% used [0x00000000e6ab0000, 0x00000000e71f2e90, 0x00000000e8000000)
  to   space 21824K,   0% used [0x00000000e5560000, 0x00000000e5560000, 0x00000000e6ab0000)
 concurrent mark-sweep generation total 393216K, used 6878K [0x00000000e8000000, 0x0000000100000000, 0x0000000100000000)
 Metaspace       used 28113K, capacity 28586K, committed 28848K, reserved 1075200K
  class space    used 3227K, capacity 3422K, committed 3504K, reserved 1048576K
