OpenJDK 64-Bit Server VM (25.91-b14) for linux-amd64 JRE (1.8.0_91-8u91-b14-3ubuntu1~16.04.1-b14), built on Jul 21 2016 04:13:34 by "buildd" with gcc 5.3.1 20160413
Memory: 4k page, physical 7867896k(2028356k free), swap 8076284k(8076284k free)
CommandLine flags: -XX:CMSInitiatingOccupancyFraction=50 -XX:CMSMaxAbortablePrecleanTime=6000 -XX:+CMSParallelRemarkEnabled -XX:+CMSScavengeBeforeRemark -XX:ConcGCThreads=4 -XX:InitialHeapSize=536870912 -XX:MaxHeapSize=536870912 -XX:MaxTenuringThreshold=8 -XX:NewRatio=3 -XX:OldPLABSize=16 -XX:OnOutOfMemoryError=/opt/solr/bin/oom_solr.sh 8983 /var/solr/logs -XX:ParallelGCThreads=4 -XX:+ParallelRefProcEnabled -XX:PretenureSizeThreshold=67108864 -XX:+PrintGC -XX:+PrintGCApplicationStoppedTime -XX:+PrintGCDateStamps -XX:+PrintGCDetails -XX:+PrintGCTimeStamps -XX:+PrintHeapAtGC -XX:+PrintTenuringDistribution -XX:SurvivorRatio=4 -XX:TargetSurvivorRatio=90 -XX:ThreadStackSize=256 -XX:+UseCMSInitiatingOccupancyOnly -XX:+UseCompressedClassPointers -XX:+UseCompressedOops -XX:+UseConcMarkSweepGC -XX:+UseParNewGC 
2016-10-20T12:53:53.923+0200: 0,096: Total time for which application threads were stopped: 0,0000645 seconds, Stopping threads took: 0,0000127 seconds
2016-10-20T12:53:53.977+0200: 0,151: Total time for which application threads were stopped: 0,0000886 seconds, Stopping threads took: 0,0000131 seconds
2016-10-20T12:53:53.988+0200: 0,161: Total time for which application threads were stopped: 0,0000730 seconds, Stopping threads took: 0,0000119 seconds
2016-10-20T12:53:54.091+0200: 0,265: Total time for which application threads were stopped: 0,0001445 seconds, Stopping threads took: 0,0000171 seconds
2016-10-20T12:53:54.234+0200: 0,408: Total time for which application threads were stopped: 0,0001236 seconds, Stopping threads took: 0,0000170 seconds
2016-10-20T12:53:54.274+0200: 0,448: Total time for which application threads were stopped: 0,0001478 seconds, Stopping threads took: 0,0000186 seconds
2016-10-20T12:53:54.285+0200: 0,458: Total time for which application threads were stopped: 0,0001741 seconds, Stopping threads took: 0,0000199 seconds
2016-10-20T12:53:54.458+0200: 0,631: Total time for which application threads were stopped: 0,0001954 seconds, Stopping threads took: 0,0000187 seconds
2016-10-20T12:53:54.586+0200: 0,760: Total time for which application threads were stopped: 0,0002024 seconds, Stopping threads took: 0,0000161 seconds
2016-10-20T12:53:54.645+0200: 0,818: Total time for which application threads were stopped: 0,0001882 seconds, Stopping threads took: 0,0000167 seconds
2016-10-20T12:53:54.645+0200: 0,819: Total time for which application threads were stopped: 0,0000951 seconds, Stopping threads took: 0,0000097 seconds
2016-10-20T12:53:54.653+0200: 0,827: Total time for which application threads were stopped: 0,0001845 seconds, Stopping threads took: 0,0000162 seconds
2016-10-20T12:53:54.721+0200: 0,895: Total time for which application threads were stopped: 0,0002455 seconds, Stopping threads took: 0,0000238 seconds
2016-10-20T12:53:54.800+0200: 0,973: Total time for which application threads were stopped: 0,0002279 seconds, Stopping threads took: 0,0000325 seconds
{Heap before GC invocations=0 (full 0):
 par new generation   total 109248K, used 87424K [0x00000000e0000000, 0x00000000e8000000, 0x00000000e8000000)
  eden space 87424K, 100% used [0x00000000e0000000, 0x00000000e5560000, 0x00000000e5560000)
  from space 21824K,   0% used [0x00000000e5560000, 0x00000000e5560000, 0x00000000e6ab0000)
  to   space 21824K,   0% used [0x00000000e6ab0000, 0x00000000e6ab0000, 0x00000000e8000000)
 concurrent mark-sweep generation total 393216K, used 0K [0x00000000e8000000, 0x0000000100000000, 0x0000000100000000)
 Metaspace       used 17695K, capacity 18022K, committed 18304K, reserved 1064960K
  class space    used 2010K, capacity 2132K, committed 2176K, reserved 1048576K
2016-10-20T12:53:54.867+0200: 1,041: [GC (Allocation Failure) 2016-10-20T12:53:54.867+0200: 1,041: [ParNew
Desired survivor size 20112992 bytes, new threshold 8 (max 8)
- age   1:   11418480 bytes,   11418480 total
: 87424K->11258K(109248K), 0,0157463 secs] 87424K->11258K(502464K), 0,0158432 secs] [Times: user=0,04 sys=0,00, real=0,02 secs] 
Heap after GC invocations=1 (full 0):
 par new generation   total 109248K, used 11258K [0x00000000e0000000, 0x00000000e8000000, 0x00000000e8000000)
  eden space 87424K,   0% used [0x00000000e0000000, 0x00000000e0000000, 0x00000000e5560000)
  from space 21824K,  51% used [0x00000000e6ab0000, 0x00000000e75ae840, 0x00000000e8000000)
  to   space 21824K,   0% used [0x00000000e5560000, 0x00000000e5560000, 0x00000000e6ab0000)
 concurrent mark-sweep generation total 393216K, used 0K [0x00000000e8000000, 0x0000000100000000, 0x0000000100000000)
 Metaspace       used 17695K, capacity 18022K, committed 18304K, reserved 1064960K
  class space    used 2010K, capacity 2132K, committed 2176K, reserved 1048576K
}
2016-10-20T12:53:54.883+0200: 1,057: Total time for which application threads were stopped: 0,0160401 seconds, Stopping threads took: 0,0000264 seconds
2016-10-20T12:53:54.953+0200: 1,127: Total time for which application threads were stopped: 0,0002895 seconds, Stopping threads took: 0,0000389 seconds
2016-10-20T12:53:54.982+0200: 1,155: Total time for which application threads were stopped: 0,0003281 seconds, Stopping threads took: 0,0000271 seconds
2016-10-20T12:53:55.004+0200: 1,178: Total time for which application threads were stopped: 0,0003314 seconds, Stopping threads took: 0,0000318 seconds
2016-10-20T12:53:55.168+0200: 1,342: Total time for which application threads were stopped: 0,0003221 seconds, Stopping threads took: 0,0000245 seconds
2016-10-20T12:53:57.881+0200: 4,055: Total time for which application threads were stopped: 0,0002165 seconds, Stopping threads took: 0,0000193 seconds
2016-10-20T12:54:03.930+0200: 10,103: Total time for which application threads were stopped: 0,0000827 seconds, Stopping threads took: 0,0000376 seconds
2016-10-20T12:54:03.930+0200: 10,103: Total time for which application threads were stopped: 0,0000692 seconds, Stopping threads took: 0,0000334 seconds
2016-10-20T12:54:03.930+0200: 10,104: Total time for which application threads were stopped: 0,0000636 seconds, Stopping threads took: 0,0000185 seconds
2016-10-20T12:54:03.931+0200: 10,104: Total time for which application threads were stopped: 0,0000639 seconds, Stopping threads took: 0,0000189 seconds
2016-10-20T12:54:03.931+0200: 10,105: Total time for which application threads were stopped: 0,0000834 seconds, Stopping threads took: 0,0000214 seconds
2016-10-20T12:54:03.931+0200: 10,105: Total time for which application threads were stopped: 0,0000430 seconds, Stopping threads took: 0,0000165 seconds
2016-10-20T12:54:03.939+0200: 10,112: Total time for which application threads were stopped: 0,0000690 seconds, Stopping threads took: 0,0000293 seconds
2016-10-20T12:54:03.939+0200: 10,112: Total time for which application threads were stopped: 0,0000456 seconds, Stopping threads took: 0,0000176 seconds
2016-10-20T12:54:03.939+0200: 10,113: Total time for which application threads were stopped: 0,0000748 seconds, Stopping threads took: 0,0000280 seconds
2016-10-20T12:54:03.941+0200: 10,115: Total time for which application threads were stopped: 0,0000750 seconds, Stopping threads took: 0,0000259 seconds
2016-10-20T12:54:03.942+0200: 10,115: Total time for which application threads were stopped: 0,0001594 seconds, Stopping threads took: 0,0000332 seconds
2016-10-20T12:54:03.942+0200: 10,115: Total time for which application threads were stopped: 0,0000930 seconds, Stopping threads took: 0,0000475 seconds
2016-10-20T12:54:03.942+0200: 10,116: Total time for which application threads were stopped: 0,0000662 seconds, Stopping threads took: 0,0000252 seconds
2016-10-20T12:54:03.942+0200: 10,116: Total time for which application threads were stopped: 0,0000941 seconds, Stopping threads took: 0,0000432 seconds
2016-10-20T12:54:03.943+0200: 10,116: Total time for which application threads were stopped: 0,0000424 seconds, Stopping threads took: 0,0000097 seconds
2016-10-20T12:54:03.951+0200: 10,125: Total time for which application threads were stopped: 0,0043797 seconds, Stopping threads took: 0,0041678 seconds
2016-10-20T12:54:03.953+0200: 10,127: Total time for which application threads were stopped: 0,0002407 seconds, Stopping threads took: 0,0001531 seconds
2016-10-20T12:54:03.954+0200: 10,127: Total time for which application threads were stopped: 0,0000789 seconds, Stopping threads took: 0,0000298 seconds
2016-10-20T12:54:03.954+0200: 10,128: Total time for which application threads were stopped: 0,0000665 seconds, Stopping threads took: 0,0000300 seconds
2016-10-20T12:54:03.955+0200: 10,129: Total time for which application threads were stopped: 0,0000609 seconds, Stopping threads took: 0,0000181 seconds
2016-10-20T12:54:03.956+0200: 10,129: Total time for which application threads were stopped: 0,0000663 seconds, Stopping threads took: 0,0000275 seconds
2016-10-20T12:54:03.956+0200: 10,130: Total time for which application threads were stopped: 0,0000496 seconds, Stopping threads took: 0,0000090 seconds
2016-10-20T12:54:03.959+0200: 10,133: Total time for which application threads were stopped: 0,0002229 seconds, Stopping threads took: 0,0000281 seconds
2016-10-20T12:54:03.971+0200: 10,144: Total time for which application threads were stopped: 0,0001331 seconds, Stopping threads took: 0,0000699 seconds
2016-10-20T12:54:03.980+0200: 10,153: Total time for which application threads were stopped: 0,0001196 seconds, Stopping threads took: 0,0000449 seconds
2016-10-20T12:54:03.982+0200: 10,156: Total time for which application threads were stopped: 0,0003813 seconds, Stopping threads took: 0,0003233 seconds
2016-10-20T12:54:03.982+0200: 10,156: Total time for which application threads were stopped: 0,0002057 seconds, Stopping threads took: 0,0001546 seconds
2016-10-20T12:54:03.990+0200: 10,164: Total time for which application threads were stopped: 0,0002144 seconds, Stopping threads took: 0,0000204 seconds
{Heap before GC invocations=1 (full 0):
 par new generation   total 109248K, used 98682K [0x00000000e0000000, 0x00000000e8000000, 0x00000000e8000000)
  eden space 87424K, 100% used [0x00000000e0000000, 0x00000000e5560000, 0x00000000e5560000)
  from space 21824K,  51% used [0x00000000e6ab0000, 0x00000000e75ae840, 0x00000000e8000000)
  to   space 21824K,   0% used [0x00000000e5560000, 0x00000000e5560000, 0x00000000e6ab0000)
 concurrent mark-sweep generation total 393216K, used 0K [0x00000000e8000000, 0x0000000100000000, 0x0000000100000000)
 Metaspace       used 20644K, capacity 20988K, committed 21248K, reserved 1069056K
  class space    used 2431K, capacity 2551K, committed 2560K, reserved 1048576K
2016-10-20T12:54:04.028+0200: 10,202: [GC (Allocation Failure) 2016-10-20T12:54:04.028+0200: 10,202: [ParNew
Desired survivor size 20112992 bytes, new threshold 8 (max 8)
- age   1:    2748656 bytes,    2748656 total
- age   2:    5618024 bytes,    8366680 total
: 98682K->12468K(109248K), 0,0386553 secs] 98682K->12468K(502464K), 0,0387236 secs] [Times: user=0,05 sys=0,00, real=0,04 secs] 
Heap after GC invocations=2 (full 0):
 par new generation   total 109248K, used 12468K [0x00000000e0000000, 0x00000000e8000000, 0x00000000e8000000)
  eden space 87424K,   0% used [0x00000000e0000000, 0x00000000e0000000, 0x00000000e5560000)
  from space 21824K,  57% used [0x00000000e5560000, 0x00000000e618d1b0, 0x00000000e6ab0000)
  to   space 21824K,   0% used [0x00000000e6ab0000, 0x00000000e6ab0000, 0x00000000e8000000)
 concurrent mark-sweep generation total 393216K, used 0K [0x00000000e8000000, 0x0000000100000000, 0x0000000100000000)
 Metaspace       used 20644K, capacity 20988K, committed 21248K, reserved 1069056K
  class space    used 2431K, capacity 2551K, committed 2560K, reserved 1048576K
}
2016-10-20T12:54:04.067+0200: 10,241: Total time for which application threads were stopped: 0,0389306 seconds, Stopping threads took: 0,0000270 seconds
2016-10-20T12:54:04.075+0200: 10,248: Total time for which application threads were stopped: 0,0001509 seconds, Stopping threads took: 0,0000421 seconds
2016-10-20T12:54:04.107+0200: 10,281: Total time for which application threads were stopped: 0,0000961 seconds, Stopping threads took: 0,0000326 seconds
2016-10-20T12:54:04.123+0200: 10,297: Total time for which application threads were stopped: 0,0067476 seconds, Stopping threads took: 0,0063083 seconds
2016-10-20T12:54:04.127+0200: 10,300: Total time for which application threads were stopped: 0,0001284 seconds, Stopping threads took: 0,0000571 seconds
2016-10-20T12:54:04.139+0200: 10,313: Total time for which application threads were stopped: 0,0001167 seconds, Stopping threads took: 0,0000482 seconds
2016-10-20T12:54:04.146+0200: 10,320: Total time for which application threads were stopped: 0,0002339 seconds, Stopping threads took: 0,0001565 seconds
2016-10-20T12:54:04.156+0200: 10,329: Total time for which application threads were stopped: 0,0030562 seconds, Stopping threads took: 0,0026137 seconds
2016-10-20T12:54:04.157+0200: 10,331: Total time for which application threads were stopped: 0,0000969 seconds, Stopping threads took: 0,0000305 seconds
2016-10-20T12:54:04.161+0200: 10,334: Total time for which application threads were stopped: 0,0001288 seconds, Stopping threads took: 0,0000305 seconds
2016-10-20T12:54:04.162+0200: 10,335: Total time for which application threads were stopped: 0,0010825 seconds, Stopping threads took: 0,0000112 seconds
2016-10-20T12:54:04.162+0200: 10,336: Total time for which application threads were stopped: 0,0001903 seconds, Stopping threads took: 0,0000310 seconds
2016-10-20T12:54:04.162+0200: 10,336: Total time for which application threads were stopped: 0,0001090 seconds, Stopping threads took: 0,0000188 seconds
2016-10-20T12:54:04.163+0200: 10,336: Total time for which application threads were stopped: 0,0001244 seconds, Stopping threads took: 0,0000129 seconds
2016-10-20T12:54:04.166+0200: 10,340: Total time for which application threads were stopped: 0,0001154 seconds, Stopping threads took: 0,0000254 seconds
2016-10-20T12:54:04.170+0200: 10,344: Total time for which application threads were stopped: 0,0001286 seconds, Stopping threads took: 0,0000508 seconds
2016-10-20T12:54:04.175+0200: 10,348: Total time for which application threads were stopped: 0,0003087 seconds, Stopping threads took: 0,0000699 seconds
2016-10-20T12:54:04.764+0200: 10,938: Total time for which application threads were stopped: 0,0001803 seconds, Stopping threads took: 0,0000444 seconds
2016-10-20T12:54:04.791+0200: 10,965: Total time for which application threads were stopped: 0,0000907 seconds, Stopping threads took: 0,0000207 seconds
2016-10-20T12:54:04.813+0200: 10,987: Total time for which application threads were stopped: 0,0003683 seconds, Stopping threads took: 0,0000632 seconds
2016-10-20T12:54:04.815+0200: 10,989: Total time for which application threads were stopped: 0,0001577 seconds, Stopping threads took: 0,0000814 seconds
2016-10-20T12:54:04.815+0200: 10,989: Total time for which application threads were stopped: 0,0000792 seconds, Stopping threads took: 0,0000276 seconds
2016-10-20T12:54:04.817+0200: 10,991: Total time for which application threads were stopped: 0,0001016 seconds, Stopping threads took: 0,0000200 seconds
2016-10-20T12:54:04.817+0200: 10,991: Total time for which application threads were stopped: 0,0000831 seconds, Stopping threads took: 0,0000226 seconds
2016-10-20T12:54:04.817+0200: 10,991: Total time for which application threads were stopped: 0,0000568 seconds, Stopping threads took: 0,0000103 seconds
2016-10-20T12:54:04.819+0200: 10,992: Total time for which application threads were stopped: 0,0000837 seconds, Stopping threads took: 0,0000219 seconds
2016-10-20T12:54:04.832+0200: 11,005: Total time for which application threads were stopped: 0,0001168 seconds, Stopping threads took: 0,0000237 seconds
2016-10-20T12:54:04.848+0200: 11,022: Total time for which application threads were stopped: 0,0000943 seconds, Stopping threads took: 0,0000271 seconds
2016-10-20T12:54:04.848+0200: 11,022: Total time for which application threads were stopped: 0,0000693 seconds, Stopping threads took: 0,0000089 seconds
2016-10-20T12:54:04.848+0200: 11,022: Total time for which application threads were stopped: 0,0000424 seconds, Stopping threads took: 0,0000085 seconds
2016-10-20T12:54:04.848+0200: 11,022: Total time for which application threads were stopped: 0,0000415 seconds, Stopping threads took: 0,0000078 seconds
2016-10-20T12:54:04.848+0200: 11,022: Total time for which application threads were stopped: 0,0000389 seconds, Stopping threads took: 0,0000092 seconds
2016-10-20T12:54:04.849+0200: 11,023: Total time for which application threads were stopped: 0,0000931 seconds, Stopping threads took: 0,0000215 seconds
2016-10-20T12:54:04.849+0200: 11,023: Total time for which application threads were stopped: 0,0000494 seconds, Stopping threads took: 0,0000103 seconds
2016-10-20T12:54:04.850+0200: 11,023: Total time for which application threads were stopped: 0,0000469 seconds, Stopping threads took: 0,0000130 seconds
2016-10-20T12:54:04.851+0200: 11,025: Total time for which application threads were stopped: 0,0000646 seconds, Stopping threads took: 0,0000339 seconds
2016-10-20T12:54:04.851+0200: 11,025: Total time for which application threads were stopped: 0,0000337 seconds, Stopping threads took: 0,0000116 seconds
2016-10-20T12:54:04.851+0200: 11,025: Total time for which application threads were stopped: 0,0000318 seconds, Stopping threads took: 0,0000112 seconds
2016-10-20T12:54:04.851+0200: 11,025: Total time for which application threads were stopped: 0,0000298 seconds, Stopping threads took: 0,0000109 seconds
2016-10-20T12:54:04.852+0200: 11,025: Total time for which application threads were stopped: 0,0000298 seconds, Stopping threads took: 0,0000104 seconds
2016-10-20T12:54:04.852+0200: 11,026: Total time for which application threads were stopped: 0,0000639 seconds, Stopping threads took: 0,0000229 seconds
2016-10-20T12:54:04.852+0200: 11,026: Total time for which application threads were stopped: 0,0000427 seconds, Stopping threads took: 0,0000202 seconds
2016-10-20T12:54:04.854+0200: 11,027: Total time for which application threads were stopped: 0,0000997 seconds, Stopping threads took: 0,0000240 seconds
2016-10-20T12:54:04.854+0200: 11,027: Total time for which application threads were stopped: 0,0000845 seconds, Stopping threads took: 0,0000406 seconds
2016-10-20T12:54:04.855+0200: 11,029: Total time for which application threads were stopped: 0,0001081 seconds, Stopping threads took: 0,0000320 seconds
2016-10-20T12:54:04.855+0200: 11,029: Total time for which application threads were stopped: 0,0000555 seconds, Stopping threads took: 0,0000098 seconds
2016-10-20T12:54:05.856+0200: 12,029: Total time for which application threads were stopped: 0,0000656 seconds, Stopping threads took: 0,0000171 seconds
2016-10-20T12:54:06.067+0200: 12,240: [GC (CMS Initial Mark) [1 CMS-initial-mark: 0K(393216K)] 24413K(502464K), 0,0033590 secs] [Times: user=0,01 sys=0,00, real=0,00 secs] 
2016-10-20T12:54:06.070+0200: 12,244: Total time for which application threads were stopped: 0,0034613 seconds, Stopping threads took: 0,0000159 seconds
2016-10-20T12:54:06.070+0200: 12,244: [CMS-concurrent-mark-start]
2016-10-20T12:54:06.070+0200: 12,244: [CMS-concurrent-mark: 0,000/0,000 secs] [Times: user=0,00 sys=0,00, real=0,00 secs] 
2016-10-20T12:54:06.070+0200: 12,244: [CMS-concurrent-preclean-start]
2016-10-20T12:54:06.071+0200: 12,245: [CMS-concurrent-preclean: 0,001/0,001 secs] [Times: user=0,00 sys=0,00, real=0,00 secs] 
2016-10-20T12:54:06.071+0200: 12,245: [CMS-concurrent-abortable-preclean-start]
 CMS: abort preclean due to time 2016-10-20T12:54:12.142+0200: 18,316: [CMS-concurrent-abortable-preclean: 1,765/6,071 secs] [Times: user=1,77 sys=0,00, real=6,07 secs] 
2016-10-20T12:54:12.142+0200: 18,316: [GC (CMS Final Remark) [YG occupancy: 24413 K (109248 K)]{Heap before GC invocations=2 (full 1):
 par new generation   total 109248K, used 24413K [0x00000000e0000000, 0x00000000e8000000, 0x00000000e8000000)
  eden space 87424K,  13% used [0x00000000e0000000, 0x00000000e0baa608, 0x00000000e5560000)
  from space 21824K,  57% used [0x00000000e5560000, 0x00000000e618d1b0, 0x00000000e6ab0000)
  to   space 21824K,   0% used [0x00000000e6ab0000, 0x00000000e6ab0000, 0x00000000e8000000)
 concurrent mark-sweep generation total 393216K, used 0K [0x00000000e8000000, 0x0000000100000000, 0x0000000100000000)
 Metaspace       used 22059K, capacity 22501K, committed 22624K, reserved 1069056K
  class space    used 2565K, capacity 2731K, committed 2760K, reserved 1048576K
2016-10-20T12:54:12.143+0200: 18,316: [GC (CMS Final Remark) 2016-10-20T12:54:12.143+0200: 18,316: [ParNew
Desired survivor size 20112992 bytes, new threshold 8 (max 8)
- age   1:    1064240 bytes,    1064240 total
- age   2:     793672 bytes,    1857912 total
- age   3:    5613968 bytes,    7471880 total
: 24413K->9559K(109248K), 0,0142551 secs] 24413K->9559K(502464K), 0,0143078 secs] [Times: user=0,04 sys=0,00, real=0,02 secs] 
Heap after GC invocations=3 (full 1):
 par new generation   total 109248K, used 9559K [0x00000000e0000000, 0x00000000e8000000, 0x00000000e8000000)
  eden space 87424K,   0% used [0x00000000e0000000, 0x00000000e0000000, 0x00000000e5560000)
  from space 21824K,  43% used [0x00000000e6ab0000, 0x00000000e7405d80, 0x00000000e8000000)
  to   space 21824K,   0% used [0x00000000e5560000, 0x00000000e5560000, 0x00000000e6ab0000)
 concurrent mark-sweep generation total 393216K, used 0K [0x00000000e8000000, 0x0000000100000000, 0x0000000100000000)
 Metaspace       used 22059K, capacity 22501K, committed 22624K, reserved 1069056K
  class space    used 2565K, capacity 2731K, committed 2760K, reserved 1048576K
}
2016-10-20T12:54:12.157+0200: 18,330: [Rescan (parallel) , 0,0027022 secs]2016-10-20T12:54:12.160+0200: 18,333: [weak refs processing, 0,0016357 secs]2016-10-20T12:54:12.161+0200: 18,335: [class unloading, 0,0025866 secs]2016-10-20T12:54:12.164+0200: 18,337: [scrub symbol table, 0,0024339 secs]2016-10-20T12:54:12.166+0200: 18,340: [scrub string table, 0,0003524 secs][1 CMS-remark: 0K(393216K)] 9559K(502464K), 0,0246159 secs] [Times: user=0,06 sys=0,00, real=0,03 secs] 
2016-10-20T12:54:12.167+0200: 18,341: Total time for which application threads were stopped: 0,0246999 seconds, Stopping threads took: 0,0000160 seconds
2016-10-20T12:54:12.167+0200: 18,341: [CMS-concurrent-sweep-start]
2016-10-20T12:54:12.167+0200: 18,341: [CMS-concurrent-sweep: 0,000/0,000 secs] [Times: user=0,00 sys=0,00, real=0,00 secs] 
2016-10-20T12:54:12.167+0200: 18,341: [CMS-concurrent-reset-start]
2016-10-20T12:54:12.169+0200: 18,342: [CMS-concurrent-reset: 0,001/0,001 secs] [Times: user=0,00 sys=0,00, real=0,00 secs] 
2016-10-20T12:54:30.170+0200: 36,343: Total time for which application threads were stopped: 0,0001014 seconds, Stopping threads took: 0,0000337 seconds
2016-10-20T12:55:04.856+0200: 71,029: Total time for which application threads were stopped: 0,0001874 seconds, Stopping threads took: 0,0000385 seconds
2016-10-20T12:55:44.862+0200: 111,036: Total time for which application threads were stopped: 0,0001324 seconds, Stopping threads took: 0,0000355 seconds
2016-10-20T12:56:14.867+0200: 141,040: Total time for which application threads were stopped: 0,0000801 seconds, Stopping threads took: 0,0000324 seconds
2016-10-20T12:57:59.883+0200: 246,057: Total time for which application threads were stopped: 0,0001271 seconds, Stopping threads took: 0,0000446 seconds
2016-10-20T12:58:09.662+0200: 255,835: Total time for which application threads were stopped: 0,0001160 seconds, Stopping threads took: 0,0000533 seconds
Heap
 par new generation   total 109248K, used 26980K [0x00000000e0000000, 0x00000000e8000000, 0x00000000e8000000)
  eden space 87424K,  19% used [0x00000000e0000000, 0x00000000e1103418, 0x00000000e5560000)
  from space 21824K,  43% used [0x00000000e6ab0000, 0x00000000e7405d80, 0x00000000e8000000)
  to   space 21824K,   0% used [0x00000000e5560000, 0x00000000e5560000, 0x00000000e6ab0000)
 concurrent mark-sweep generation total 393216K, used 0K [0x00000000e8000000, 0x0000000100000000, 0x0000000100000000)
 Metaspace       used 22118K, capacity 22569K, committed 22624K, reserved 1069056K
  class space    used 2575K, capacity 2733K, committed 2760K, reserved 1048576K
