OpenJDK 64-Bit Server VM (25.121-b13) for linux-amd64 JRE (1.8.0_121-8u121-b13-0ubuntu1.16.04.2-b13), built on Jan 23 2017 15:51:29 by "buildd" with gcc 5.4.0 20160609
Memory: 4k page, physical 7867800k(7505724k free), swap 8076284k(8076284k free)
CommandLine flags: -XX:CMSInitiatingOccupancyFraction=50 -XX:CMSMaxAbortablePrecleanTime=6000 -XX:+CMSParallelRemarkEnabled -XX:+CMSScavengeBeforeRemark -XX:ConcGCThreads=4 -XX:InitialHeapSize=536870912 -XX:MaxHeapSize=536870912 -XX:MaxTenuringThreshold=8 -XX:NewRatio=3 -XX:OldPLABSize=16 -XX:OnOutOfMemoryError=/opt/solr/bin/oom_solr.sh 8983 /var/solr/logs -XX:ParallelGCThreads=4 -XX:+ParallelRefProcEnabled -XX:PretenureSizeThreshold=67108864 -XX:+PrintGC -XX:+PrintGCApplicationStoppedTime -XX:+PrintGCDateStamps -XX:+PrintGCDetails -XX:+PrintGCTimeStamps -XX:+PrintHeapAtGC -XX:+PrintTenuringDistribution -XX:SurvivorRatio=4 -XX:TargetSurvivorRatio=90 -XX:ThreadStackSize=256 -XX:+UseCMSInitiatingOccupancyOnly -XX:+UseCompressedClassPointers -XX:+UseCompressedOops -XX:+UseConcMarkSweepGC -XX:+UseParNewGC 
2017-02-19T11:38:44.748+0100: 0,131: Total time for which application threads were stopped: 0,0001015 seconds, Stopping threads took: 0,0000243 seconds
2017-02-19T11:38:44.818+0100: 0,201: Total time for which application threads were stopped: 0,0000959 seconds, Stopping threads took: 0,0000154 seconds
2017-02-19T11:38:44.844+0100: 0,226: Total time for which application threads were stopped: 0,0001064 seconds, Stopping threads took: 0,0000155 seconds
2017-02-19T11:38:45.153+0100: 0,535: Total time for which application threads were stopped: 0,0001476 seconds, Stopping threads took: 0,0000209 seconds
2017-02-19T11:38:45.586+0100: 0,969: Total time for which application threads were stopped: 0,0002258 seconds, Stopping threads took: 0,0000326 seconds
2017-02-19T11:38:45.662+0100: 1,045: Total time for which application threads were stopped: 0,0016169 seconds, Stopping threads took: 0,0001948 seconds
2017-02-19T11:38:45.683+0100: 1,066: Total time for which application threads were stopped: 0,0001466 seconds, Stopping threads took: 0,0000202 seconds
2017-02-19T11:38:45.939+0100: 1,322: Total time for which application threads were stopped: 0,0002017 seconds, Stopping threads took: 0,0000197 seconds
2017-02-19T11:38:46.141+0100: 1,523: Total time for which application threads were stopped: 0,0001863 seconds, Stopping threads took: 0,0000115 seconds
2017-02-19T11:38:46.167+0100: 1,549: Total time for which application threads were stopped: 0,0004914 seconds, Stopping threads took: 0,0001385 seconds
2017-02-19T11:38:46.203+0100: 1,586: Total time for which application threads were stopped: 0,0002163 seconds, Stopping threads took: 0,0000197 seconds
2017-02-19T11:38:46.204+0100: 1,587: Total time for which application threads were stopped: 0,0001575 seconds, Stopping threads took: 0,0000118 seconds
2017-02-19T11:38:46.221+0100: 1,603: Total time for which application threads were stopped: 0,0001922 seconds, Stopping threads took: 0,0000264 seconds
2017-02-19T11:38:46.327+0100: 1,710: Total time for which application threads were stopped: 0,0002692 seconds, Stopping threads took: 0,0000324 seconds
2017-02-19T11:38:46.488+0100: 1,870: Total time for which application threads were stopped: 0,0005087 seconds, Stopping threads took: 0,0002896 seconds
{Heap before GC invocations=0 (full 0):
 par new generation   total 109248K, used 87424K [0x00000000e0000000, 0x00000000e8000000, 0x00000000e8000000)
  eden space 87424K, 100% used [0x00000000e0000000, 0x00000000e5560000, 0x00000000e5560000)
  from space 21824K,   0% used [0x00000000e5560000, 0x00000000e5560000, 0x00000000e6ab0000)
  to   space 21824K,   0% used [0x00000000e6ab0000, 0x00000000e6ab0000, 0x00000000e8000000)
 concurrent mark-sweep generation total 393216K, used 0K [0x00000000e8000000, 0x0000000100000000, 0x0000000100000000)
 Metaspace       used 18060K, capacity 18336K, committed 18688K, reserved 1064960K
  class space    used 2043K, capacity 2196K, committed 2304K, reserved 1048576K
2017-02-19T11:38:46.582+0100: 1,965: [GC (Allocation Failure) 2017-02-19T11:38:46.582+0100: 1,965: [ParNew
Desired survivor size 20112992 bytes, new threshold 8 (max 8)
- age   1:   12610936 bytes,   12610936 total
: 87424K->12424K(109248K), 0,0155764 secs] 87424K->12424K(502464K), 0,0156600 secs] [Times: user=0,04 sys=0,02, real=0,02 secs] 
Heap after GC invocations=1 (full 0):
 par new generation   total 109248K, used 12424K [0x00000000e0000000, 0x00000000e8000000, 0x00000000e8000000)
  eden space 87424K,   0% used [0x00000000e0000000, 0x00000000e0000000, 0x00000000e5560000)
  from space 21824K,  56% used [0x00000000e6ab0000, 0x00000000e76d2220, 0x00000000e8000000)
  to   space 21824K,   0% used [0x00000000e5560000, 0x00000000e5560000, 0x00000000e6ab0000)
 concurrent mark-sweep generation total 393216K, used 0K [0x00000000e8000000, 0x0000000100000000, 0x0000000100000000)
 Metaspace       used 18060K, capacity 18336K, committed 18688K, reserved 1064960K
  class space    used 2043K, capacity 2196K, committed 2304K, reserved 1048576K
}
2017-02-19T11:38:46.598+0100: 1,981: Total time for which application threads were stopped: 0,0173028 seconds, Stopping threads took: 0,0014568 seconds
2017-02-19T11:38:46.874+0100: 2,257: Total time for which application threads were stopped: 0,0003370 seconds, Stopping threads took: 0,0000335 seconds
{Heap before GC invocations=1 (full 0):
 par new generation   total 109248K, used 99848K [0x00000000e0000000, 0x00000000e8000000, 0x00000000e8000000)
  eden space 87424K, 100% used [0x00000000e0000000, 0x00000000e5560000, 0x00000000e5560000)
  from space 21824K,  56% used [0x00000000e6ab0000, 0x00000000e76d2220, 0x00000000e8000000)
  to   space 21824K,   0% used [0x00000000e5560000, 0x00000000e5560000, 0x00000000e6ab0000)
 concurrent mark-sweep generation total 393216K, used 0K [0x00000000e8000000, 0x0000000100000000, 0x0000000100000000)
 Metaspace       used 20079K, capacity 20434K, committed 20736K, reserved 1067008K
  class space    used 2297K, capacity 2471K, committed 2560K, reserved 1048576K
2017-02-19T11:38:46.929+0100: 2,311: [GC (Allocation Failure) 2017-02-19T11:38:46.929+0100: 2,311: [ParNew
Desired survivor size 20112992 bytes, new threshold 8 (max 8)
- age   1:    3715576 bytes,    3715576 total
- age   2:    6656904 bytes,   10372480 total
: 99848K->15733K(109248K), 0,0096932 secs] 99848K->15733K(502464K), 0,0097640 secs] [Times: user=0,04 sys=0,00, real=0,01 secs] 
Heap after GC invocations=2 (full 0):
 par new generation   total 109248K, used 15733K [0x00000000e0000000, 0x00000000e8000000, 0x00000000e8000000)
  eden space 87424K,   0% used [0x00000000e0000000, 0x00000000e0000000, 0x00000000e5560000)
  from space 21824K,  72% used [0x00000000e5560000, 0x00000000e64bd400, 0x00000000e6ab0000)
  to   space 21824K,   0% used [0x00000000e6ab0000, 0x00000000e6ab0000, 0x00000000e8000000)
 concurrent mark-sweep generation total 393216K, used 0K [0x00000000e8000000, 0x0000000100000000, 0x0000000100000000)
 Metaspace       used 20079K, capacity 20434K, committed 20736K, reserved 1067008K
  class space    used 2297K, capacity 2471K, committed 2560K, reserved 1048576K
}
2017-02-19T11:38:46.939+0100: 2,321: Total time for which application threads were stopped: 0,0100032 seconds, Stopping threads took: 0,0000685 seconds
2017-02-19T11:38:46.947+0100: 2,329: Total time for which application threads were stopped: 0,0016043 seconds, Stopping threads took: 0,0013316 seconds
2017-02-19T11:38:46.978+0100: 2,360: Total time for which application threads were stopped: 0,0005305 seconds, Stopping threads took: 0,0002093 seconds
2017-02-19T11:38:47.100+0100: 2,482: Total time for which application threads were stopped: 0,0001424 seconds, Stopping threads took: 0,0000403 seconds
{Heap before GC invocations=2 (full 0):
 par new generation   total 109248K, used 103157K [0x00000000e0000000, 0x00000000e8000000, 0x00000000e8000000)
  eden space 87424K, 100% used [0x00000000e0000000, 0x00000000e5560000, 0x00000000e5560000)
  from space 21824K,  72% used [0x00000000e5560000, 0x00000000e64bd400, 0x00000000e6ab0000)
  to   space 21824K,   0% used [0x00000000e6ab0000, 0x00000000e6ab0000, 0x00000000e8000000)
 concurrent mark-sweep generation total 393216K, used 0K [0x00000000e8000000, 0x0000000100000000, 0x0000000100000000)
 Metaspace       used 21005K, capacity 21356K, committed 21628K, reserved 1069056K
  class space    used 2419K, capacity 2590K, committed 2684K, reserved 1048576K
2017-02-19T11:38:47.140+0100: 2,523: [GC (Allocation Failure) 2017-02-19T11:38:47.140+0100: 2,523: [ParNew
Desired survivor size 20112992 bytes, new threshold 8 (max 8)
- age   1:    2225504 bytes,    2225504 total
- age   2:     848848 bytes,    3074352 total
- age   3:    6653256 bytes,    9727608 total
: 103157K->10122K(109248K), 0,0095363 secs] 103157K->10122K(502464K), 0,0096161 secs] [Times: user=0,03 sys=0,00, real=0,01 secs] 
Heap after GC invocations=3 (full 0):
 par new generation   total 109248K, used 10122K [0x00000000e0000000, 0x00000000e8000000, 0x00000000e8000000)
  eden space 87424K,   0% used [0x00000000e0000000, 0x00000000e0000000, 0x00000000e5560000)
  from space 21824K,  46% used [0x00000000e6ab0000, 0x00000000e7492ab8, 0x00000000e8000000)
  to   space 21824K,   0% used [0x00000000e5560000, 0x00000000e5560000, 0x00000000e6ab0000)
 concurrent mark-sweep generation total 393216K, used 0K [0x00000000e8000000, 0x0000000100000000, 0x0000000100000000)
 Metaspace       used 21005K, capacity 21356K, committed 21628K, reserved 1069056K
  class space    used 2419K, capacity 2590K, committed 2684K, reserved 1048576K
}
2017-02-19T11:38:47.150+0100: 2,533: Total time for which application threads were stopped: 0,0098401 seconds, Stopping threads took: 0,0000688 seconds
2017-02-19T11:38:47.150+0100: 2,533: [GC (CMS Initial Mark) [1 CMS-initial-mark: 0K(393216K)] 10826K(502464K), 0,0035521 secs] [Times: user=0,01 sys=0,00, real=0,01 secs] 
2017-02-19T11:38:47.154+0100: 2,536: Total time for which application threads were stopped: 0,0037030 seconds, Stopping threads took: 0,0000544 seconds
2017-02-19T11:38:47.154+0100: 2,536: [CMS-concurrent-mark-start]
2017-02-19T11:38:47.155+0100: 2,537: [CMS-concurrent-mark: 0,001/0,001 secs] [Times: user=0,01 sys=0,00, real=0,00 secs] 
2017-02-19T11:38:47.155+0100: 2,537: [CMS-concurrent-preclean-start]
2017-02-19T11:38:47.156+0100: 2,539: [CMS-concurrent-preclean: 0,001/0,001 secs] [Times: user=0,01 sys=0,00, real=0,00 secs] 
2017-02-19T11:38:47.156+0100: 2,539: [CMS-concurrent-abortable-preclean-start]
2017-02-19T11:38:47.220+0100: 2,603: Total time for which application threads were stopped: 0,0001513 seconds, Stopping threads took: 0,0000739 seconds
{Heap before GC invocations=3 (full 1):
 par new generation   total 109248K, used 97546K [0x00000000e0000000, 0x00000000e8000000, 0x00000000e8000000)
  eden space 87424K, 100% used [0x00000000e0000000, 0x00000000e5560000, 0x00000000e5560000)
  from space 21824K,  46% used [0x00000000e6ab0000, 0x00000000e7492ab8, 0x00000000e8000000)
  to   space 21824K,   0% used [0x00000000e5560000, 0x00000000e5560000, 0x00000000e6ab0000)
 concurrent mark-sweep generation total 393216K, used 0K [0x00000000e8000000, 0x0000000100000000, 0x0000000100000000)
 Metaspace       used 21268K, capacity 21632K, committed 21884K, reserved 1069056K
  class space    used 2449K, capacity 2605K, committed 2684K, reserved 1048576K
2017-02-19T11:38:47.271+0100: 2,653: [GC (Allocation Failure) 2017-02-19T11:38:47.271+0100: 2,653: [ParNew
Desired survivor size 20112992 bytes, new threshold 8 (max 8)
- age   1:    1396088 bytes,    1396088 total
- age   2:    1456664 bytes,    2852752 total
- age   3:     815440 bytes,    3668192 total
- age   4:    6653312 bytes,   10321504 total
: 97546K->14436K(109248K), 0,0127543 secs] 97546K->14436K(502464K), 0,0128258 secs] [Times: user=0,04 sys=0,00, real=0,01 secs] 
Heap after GC invocations=4 (full 1):
 par new generation   total 109248K, used 14436K [0x00000000e0000000, 0x00000000e8000000, 0x00000000e8000000)
  eden space 87424K,   0% used [0x00000000e0000000, 0x00000000e0000000, 0x00000000e5560000)
  from space 21824K,  66% used [0x00000000e5560000, 0x00000000e63791d8, 0x00000000e6ab0000)
  to   space 21824K,   0% used [0x00000000e6ab0000, 0x00000000e6ab0000, 0x00000000e8000000)
 concurrent mark-sweep generation total 393216K, used 0K [0x00000000e8000000, 0x0000000100000000, 0x0000000100000000)
 Metaspace       used 21268K, capacity 21632K, committed 21884K, reserved 1069056K
  class space    used 2449K, capacity 2605K, committed 2684K, reserved 1048576K
}
2017-02-19T11:38:47.284+0100: 2,666: Total time for which application threads were stopped: 0,0145372 seconds, Stopping threads took: 0,0015478 seconds
2017-02-19T11:38:47.284+0100: 2,666: [CMS-concurrent-abortable-preclean: 0,087/0,127 secs] [Times: user=0,47 sys=0,02, real=0,13 secs] 
2017-02-19T11:38:47.287+0100: 2,669: [GC (CMS Final Remark) [YG occupancy: 15783 K (109248 K)]{Heap before GC invocations=4 (full 1):
 par new generation   total 109248K, used 15783K [0x00000000e0000000, 0x00000000e8000000, 0x00000000e8000000)
  eden space 87424K,   1% used [0x00000000e0000000, 0x00000000e0150bc0, 0x00000000e5560000)
  from space 21824K,  66% used [0x00000000e5560000, 0x00000000e63791d8, 0x00000000e6ab0000)
  to   space 21824K,   0% used [0x00000000e6ab0000, 0x00000000e6ab0000, 0x00000000e8000000)
 concurrent mark-sweep generation total 393216K, used 0K [0x00000000e8000000, 0x0000000100000000, 0x0000000100000000)
 Metaspace       used 21268K, capacity 21632K, committed 21884K, reserved 1069056K
  class space    used 2449K, capacity 2605K, committed 2684K, reserved 1048576K
2017-02-19T11:38:47.287+0100: 2,669: [GC (CMS Final Remark) 2017-02-19T11:38:47.287+0100: 2,669: [ParNew
Desired survivor size 20112992 bytes, new threshold 8 (max 8)
- age   1:     104128 bytes,     104128 total
- age   2:    1337288 bytes,    1441416 total
- age   3:    1456496 bytes,    2897912 total
- age   4:     815440 bytes,    3713352 total
- age   5:    6653176 bytes,   10366528 total
: 15783K->13144K(109248K), 0,0091916 secs] 15783K->13144K(502464K), 0,0092279 secs] [Times: user=0,03 sys=0,00, real=0,01 secs] 
Heap after GC invocations=5 (full 1):
 par new generation   total 109248K, used 13144K [0x00000000e0000000, 0x00000000e8000000, 0x00000000e8000000)
  eden space 87424K,   0% used [0x00000000e0000000, 0x00000000e0000000, 0x00000000e5560000)
  from space 21824K,  60% used [0x00000000e6ab0000, 0x00000000e77862d8, 0x00000000e8000000)
  to   space 21824K,   0% used [0x00000000e5560000, 0x00000000e5560000, 0x00000000e6ab0000)
 concurrent mark-sweep generation total 393216K, used 0K [0x00000000e8000000, 0x0000000100000000, 0x0000000100000000)
 Metaspace       used 21268K, capacity 21632K, committed 21884K, reserved 1069056K
  class space    used 2449K, capacity 2605K, committed 2684K, reserved 1048576K
}
2017-02-19T11:38:47.296+0100: 2,678: [Rescan (parallel) , 0,0039348 secs]2017-02-19T11:38:47.300+0100: 2,682: [weak refs processing, 0,0004023 secs]2017-02-19T11:38:47.300+0100: 2,683: [class unloading, 0,0028274 secs]2017-02-19T11:38:47.303+0100: 2,686: [scrub symbol table, 0,0025322 secs]2017-02-19T11:38:47.306+0100: 2,688: [scrub string table, 0,0003744 secs][1 CMS-remark: 0K(393216K)] 13144K(502464K), 0,0199648 secs] [Times: user=0,05 sys=0,00, real=0,02 secs] 
2017-02-19T11:38:47.307+0100: 2,689: Total time for which application threads were stopped: 0,0228597 seconds, Stopping threads took: 0,0028071 seconds
2017-02-19T11:38:47.307+0100: 2,689: [CMS-concurrent-sweep-start]
2017-02-19T11:38:47.307+0100: 2,689: [CMS-concurrent-sweep: 0,000/0,000 secs] [Times: user=0,00 sys=0,00, real=0,00 secs] 
2017-02-19T11:38:47.307+0100: 2,689: [CMS-concurrent-reset-start]
2017-02-19T11:38:47.309+0100: 2,691: [CMS-concurrent-reset: 0,002/0,002 secs] [Times: user=0,00 sys=0,00, real=0,00 secs] 
{Heap before GC invocations=5 (full 1):
 par new generation   total 109248K, used 100568K [0x00000000e0000000, 0x00000000e8000000, 0x00000000e8000000)
  eden space 87424K, 100% used [0x00000000e0000000, 0x00000000e5560000, 0x00000000e5560000)
  from space 21824K,  60% used [0x00000000e6ab0000, 0x00000000e77862d8, 0x00000000e8000000)
  to   space 21824K,   0% used [0x00000000e5560000, 0x00000000e5560000, 0x00000000e6ab0000)
 concurrent mark-sweep generation total 393216K, used 0K [0x00000000e8000000, 0x0000000100000000, 0x0000000100000000)
 Metaspace       used 21388K, capacity 21798K, committed 21884K, reserved 1069056K
  class space    used 2468K, capacity 2638K, committed 2684K, reserved 1048576K
2017-02-19T11:38:47.399+0100: 2,781: [GC (Allocation Failure) 2017-02-19T11:38:47.399+0100: 2,781: [ParNew
Desired survivor size 20112992 bytes, new threshold 8 (max 8)
- age   1:    1536000 bytes,    1536000 total
- age   2:         32 bytes,    1536032 total
- age   3:     180520 bytes,    1716552 total
- age   4:    1456536 bytes,    3173088 total
- age   5:     815328 bytes,    3988416 total
- age   6:    6653504 bytes,   10641920 total
: 100568K->13142K(109248K), 0,0110568 secs] 100568K->13142K(502464K), 0,0111277 secs] [Times: user=0,04 sys=0,00, real=0,01 secs] 
Heap after GC invocations=6 (full 1):
 par new generation   total 109248K, used 13142K [0x00000000e0000000, 0x00000000e8000000, 0x00000000e8000000)
  eden space 87424K,   0% used [0x00000000e0000000, 0x00000000e0000000, 0x00000000e5560000)
  from space 21824K,  60% used [0x00000000e5560000, 0x00000000e6235870, 0x00000000e6ab0000)
  to   space 21824K,   0% used [0x00000000e6ab0000, 0x00000000e6ab0000, 0x00000000e8000000)
 concurrent mark-sweep generation total 393216K, used 0K [0x00000000e8000000, 0x0000000100000000, 0x0000000100000000)
 Metaspace       used 21388K, capacity 21798K, committed 21884K, reserved 1069056K
  class space    used 2468K, capacity 2638K, committed 2684K, reserved 1048576K
}
2017-02-19T11:38:47.410+0100: 2,792: Total time for which application threads were stopped: 0,0113618 seconds, Stopping threads took: 0,0000934 seconds
2017-02-19T11:38:47.452+0100: 2,834: Total time for which application threads were stopped: 0,0003404 seconds, Stopping threads took: 0,0000231 seconds
2017-02-19T11:38:47.644+0100: 3,026: Total time for which application threads were stopped: 0,0004449 seconds, Stopping threads took: 0,0000573 seconds
2017-02-19T11:38:47.661+0100: 3,043: Total time for which application threads were stopped: 0,0004018 seconds, Stopping threads took: 0,0000291 seconds
{Heap before GC invocations=6 (full 1):
 par new generation   total 109248K, used 100566K [0x00000000e0000000, 0x00000000e8000000, 0x00000000e8000000)
  eden space 87424K, 100% used [0x00000000e0000000, 0x00000000e5560000, 0x00000000e5560000)
  from space 21824K,  60% used [0x00000000e5560000, 0x00000000e6235870, 0x00000000e6ab0000)
  to   space 21824K,   0% used [0x00000000e6ab0000, 0x00000000e6ab0000, 0x00000000e8000000)
 concurrent mark-sweep generation total 393216K, used 0K [0x00000000e8000000, 0x0000000100000000, 0x0000000100000000)
 Metaspace       used 24415K, capacity 24880K, committed 25084K, reserved 1071104K
  class space    used 2864K, capacity 3045K, committed 3068K, reserved 1048576K
2017-02-19T11:38:47.842+0100: 3,224: [GC (Allocation Failure) 2017-02-19T11:38:47.842+0100: 3,224: [ParNew
Desired survivor size 20112992 bytes, new threshold 8 (max 8)
- age   1:    5116496 bytes,    5116496 total
- age   2:     105776 bytes,    5222272 total
- age   3:         32 bytes,    5222304 total
- age   4:     178984 bytes,    5401288 total
- age   5:     283616 bytes,    5684904 total
- age   6:     788232 bytes,    6473136 total
- age   7:    6645864 bytes,   13119000 total
: 100566K->18216K(109248K), 0,0154740 secs] 100566K->18216K(502464K), 0,0156819 secs] [Times: user=0,06 sys=0,00, real=0,02 secs] 
Heap after GC invocations=7 (full 1):
 par new generation   total 109248K, used 18216K [0x00000000e0000000, 0x00000000e8000000, 0x00000000e8000000)
  eden space 87424K,   0% used [0x00000000e0000000, 0x00000000e0000000, 0x00000000e5560000)
  from space 21824K,  83% used [0x00000000e6ab0000, 0x00000000e7c7a200, 0x00000000e8000000)
  to   space 21824K,   0% used [0x00000000e5560000, 0x00000000e5560000, 0x00000000e6ab0000)
 concurrent mark-sweep generation total 393216K, used 0K [0x00000000e8000000, 0x0000000100000000, 0x0000000100000000)
 Metaspace       used 24415K, capacity 24880K, committed 25084K, reserved 1071104K
  class space    used 2864K, capacity 3045K, committed 3068K, reserved 1048576K
}
2017-02-19T11:38:47.857+0100: 3,240: Total time for which application threads were stopped: 0,0159902 seconds, Stopping threads took: 0,0000605 seconds
{Heap before GC invocations=7 (full 1):
 par new generation   total 109248K, used 105640K [0x00000000e0000000, 0x00000000e8000000, 0x00000000e8000000)
  eden space 87424K, 100% used [0x00000000e0000000, 0x00000000e5560000, 0x00000000e5560000)
  from space 21824K,  83% used [0x00000000e6ab0000, 0x00000000e7c7a200, 0x00000000e8000000)
  to   space 21824K,   0% used [0x00000000e5560000, 0x00000000e5560000, 0x00000000e6ab0000)
 concurrent mark-sweep generation total 393216K, used 0K [0x00000000e8000000, 0x0000000100000000, 0x0000000100000000)
 Metaspace       used 24959K, capacity 25382K, committed 25724K, reserved 1071104K
  class space    used 2909K, capacity 3081K, committed 3196K, reserved 1048576K
2017-02-19T11:38:47.986+0100: 3,368: [GC (Allocation Failure) 2017-02-19T11:38:47.986+0100: 3,368: [ParNew
Desired survivor size 20112992 bytes, new threshold 8 (max 8)
- age   1:    1576760 bytes,    1576760 total
- age   2:    1816704 bytes,    3393464 total
- age   3:      85112 bytes,    3478576 total
- age   4:         32 bytes,    3478608 total
- age   5:     131912 bytes,    3610520 total
- age   6:     231088 bytes,    3841608 total
- age   7:     769632 bytes,    4611240 total
- age   8:    6379304 bytes,   10990544 total
: 105640K->15879K(109248K), 0,0199804 secs] 105640K->15879K(502464K), 0,0200633 secs] [Times: user=0,08 sys=0,00, real=0,02 secs] 
Heap after GC invocations=8 (full 1):
 par new generation   total 109248K, used 15879K [0x00000000e0000000, 0x00000000e8000000, 0x00000000e8000000)
  eden space 87424K,   0% used [0x00000000e0000000, 0x00000000e0000000, 0x00000000e5560000)
  from space 21824K,  72% used [0x00000000e5560000, 0x00000000e64e1c60, 0x00000000e6ab0000)
  to   space 21824K,   0% used [0x00000000e6ab0000, 0x00000000e6ab0000, 0x00000000e8000000)
 concurrent mark-sweep generation total 393216K, used 0K [0x00000000e8000000, 0x0000000100000000, 0x0000000100000000)
 Metaspace       used 24959K, capacity 25382K, committed 25724K, reserved 1071104K
  class space    used 2909K, capacity 3081K, committed 3196K, reserved 1048576K
}
2017-02-19T11:38:48.006+0100: 3,388: Total time for which application threads were stopped: 0,0233400 seconds, Stopping threads took: 0,0030698 seconds
2017-02-19T11:38:48.196+0100: 3,579: Total time for which application threads were stopped: 0,0004177 seconds, Stopping threads took: 0,0000188 seconds
2017-02-19T11:38:48.247+0100: 3,629: Total time for which application threads were stopped: 0,0004431 seconds, Stopping threads took: 0,0000309 seconds
2017-02-19T11:38:48.263+0100: 3,646: Total time for which application threads were stopped: 0,0004873 seconds, Stopping threads took: 0,0000720 seconds
2017-02-19T11:38:48.341+0100: 3,724: Total time for which application threads were stopped: 0,0005088 seconds, Stopping threads took: 0,0000380 seconds
2017-02-19T11:38:48.460+0100: 3,843: Total time for which application threads were stopped: 0,0005387 seconds, Stopping threads took: 0,0000248 seconds
2017-02-19T11:38:48.668+0100: 4,051: Total time for which application threads were stopped: 0,0005750 seconds, Stopping threads took: 0,0000246 seconds
2017-02-19T11:38:51.668+0100: 7,051: Total time for which application threads were stopped: 0,0000916 seconds, Stopping threads took: 0,0000235 seconds
2017-02-19T11:39:16.260+0100: 32,053: Total time for which application threads were stopped: 0,0000792 seconds, Stopping threads took: 0,0000200 seconds
2017-02-19T11:39:41.263+0100: 57,056: Total time for which application threads were stopped: 0,0000905 seconds, Stopping threads took: 0,0000395 seconds
2017-02-19T11:40:41.270+0100: 117,063: Total time for which application threads were stopped: 0,0001725 seconds, Stopping threads took: 0,0000684 seconds
2017-02-19T11:40:46.271+0100: 122,063: Total time for which application threads were stopped: 0,0000772 seconds, Stopping threads took: 0,0000184 seconds
2017-02-19T11:41:50.278+0100: 186,071: Total time for which application threads were stopped: 0,0001408 seconds, Stopping threads took: 0,0000546 seconds
2017-02-19T11:42:56.289+0100: 252,081: Total time for which application threads were stopped: 0,0001766 seconds, Stopping threads took: 0,0000645 seconds
2017-02-19T11:43:06.290+0100: 262,083: Total time for which application threads were stopped: 0,0001989 seconds, Stopping threads took: 0,0000700 seconds
2017-02-19T11:43:10.291+0100: 266,084: Total time for which application threads were stopped: 0,0000825 seconds, Stopping threads took: 0,0000189 seconds
2017-02-19T11:43:11.291+0100: 267,084: Total time for which application threads were stopped: 0,0000683 seconds, Stopping threads took: 0,0000161 seconds
2017-02-19T11:43:15.292+0100: 271,085: Total time for which application threads were stopped: 0,0000782 seconds, Stopping threads took: 0,0000178 seconds
2017-02-19T11:43:20.293+0100: 276,085: Total time for which application threads were stopped: 0,0000880 seconds, Stopping threads took: 0,0000224 seconds
2017-02-19T11:43:21.293+0100: 277,086: Total time for which application threads were stopped: 0,0004129 seconds, Stopping threads took: 0,0000920 seconds
2017-02-19T11:43:35.295+0100: 291,088: Total time for which application threads were stopped: 0,0000953 seconds, Stopping threads took: 0,0000384 seconds
2017-02-19T11:44:05.299+0100: 321,092: Total time for which application threads were stopped: 0,0000973 seconds, Stopping threads took: 0,0000361 seconds
2017-02-19T11:44:06.300+0100: 322,092: Total time for which application threads were stopped: 0,0001193 seconds, Stopping threads took: 0,0000185 seconds
2017-02-19T12:02:15.445+0100: 1411,237: Total time for which application threads were stopped: 0,0001362 seconds, Stopping threads took: 0,0000412 seconds
2017-02-19T12:07:15.483+0100: 1711,276: Total time for which application threads were stopped: 0,0001923 seconds, Stopping threads took: 0,0000686 seconds
2017-02-19T12:14:51.531+0100: 2167,324: Total time for which application threads were stopped: 0,0000791 seconds, Stopping threads took: 0,0000277 seconds
2017-02-19T12:17:05.547+0100: 2301,339: Total time for which application threads were stopped: 0,0000903 seconds, Stopping threads took: 0,0000339 seconds
2017-02-19T12:17:06.547+0100: 2302,340: Total time for which application threads were stopped: 0,0000749 seconds, Stopping threads took: 0,0000147 seconds
2017-02-19T12:32:01.676+0100: 3197,469: Total time for which application threads were stopped: 0,0002491 seconds, Stopping threads took: 0,0000699 seconds
2017-02-19T14:01:19.200+0100: 3821,234: Total time for which application threads were stopped: 0,0000977 seconds, Stopping threads took: 0,0000345 seconds
2017-02-19T14:23:25.361+0100: 5147,395: Total time for which application threads were stopped: 0,0001038 seconds, Stopping threads took: 0,0000361 seconds
2017-02-19T14:23:30.362+0100: 5152,396: Total time for which application threads were stopped: 0,0000911 seconds, Stopping threads took: 0,0000350 seconds
2017-02-19T14:46:51.302+0100: 6552,581: Total time for which application threads were stopped: 0,0000860 seconds, Stopping threads took: 0,0000332 seconds
2017-02-19T14:58:40.390+0100: 7261,670: Total time for which application threads were stopped: 0,0001597 seconds, Stopping threads took: 0,0000562 seconds
2017-02-19T15:05:40.444+0100: 7681,724: Total time for which application threads were stopped: 0,0000939 seconds, Stopping threads took: 0,0000329 seconds
{Heap before GC invocations=8 (full 1):
 par new generation   total 109248K, used 103303K [0x00000000e0000000, 0x00000000e8000000, 0x00000000e8000000)
  eden space 87424K, 100% used [0x00000000e0000000, 0x00000000e5560000, 0x00000000e5560000)
  from space 21824K,  72% used [0x00000000e5560000, 0x00000000e64e1c60, 0x00000000e6ab0000)
  to   space 21824K,   0% used [0x00000000e6ab0000, 0x00000000e6ab0000, 0x00000000e8000000)
 concurrent mark-sweep generation total 393216K, used 0K [0x00000000e8000000, 0x0000000100000000, 0x0000000100000000)
 Metaspace       used 28111K, capacity 28638K, committed 28796K, reserved 1075200K
  class space    used 3226K, capacity 3395K, committed 3452K, reserved 1048576K
2017-02-19T15:15:09.923+0100: 8251,202: [GC (Allocation Failure) 2017-02-19T15:15:09.923+0100: 8251,202: [ParNew
Desired survivor size 20112992 bytes, new threshold 8 (max 8)
- age   1:   12730264 bytes,   12730264 total
- age   2:     339744 bytes,   13070008 total
- age   3:    1797192 bytes,   14867200 total
- age   4:      85112 bytes,   14952312 total
- age   5:         32 bytes,   14952344 total
- age   6:     131784 bytes,   15084128 total
- age   7:     230936 bytes,   15315064 total
- age   8:     768304 bytes,   16083368 total
: 103303K->19543K(109248K), 0,1339219 secs] 103303K->26236K(502464K), 0,1340339 secs] [Times: user=0,14 sys=0,01, real=0,14 secs] 
Heap after GC invocations=9 (full 1):
 par new generation   total 109248K, used 19543K [0x00000000e0000000, 0x00000000e8000000, 0x00000000e8000000)
  eden space 87424K,   0% used [0x00000000e0000000, 0x00000000e0000000, 0x00000000e5560000)
  from space 21824K,  89% used [0x00000000e6ab0000, 0x00000000e7dc5e50, 0x00000000e8000000)
  to   space 21824K,   0% used [0x00000000e5560000, 0x00000000e5560000, 0x00000000e6ab0000)
 concurrent mark-sweep generation total 393216K, used 6693K [0x00000000e8000000, 0x0000000100000000, 0x0000000100000000)
 Metaspace       used 28111K, capacity 28638K, committed 28796K, reserved 1075200K
  class space    used 3226K, capacity 3395K, committed 3452K, reserved 1048576K
}
2017-02-19T15:15:10.057+0100: 8251,336: Total time for which application threads were stopped: 0,1471972 seconds, Stopping threads took: 0,0129809 seconds
2017-02-19T15:15:10.088+0100: 8251,367: Total time for which application threads were stopped: 0,0052958 seconds, Stopping threads took: 0,0051588 seconds
2017-02-19T15:15:10.093+0100: 8251,372: Total time for which application threads were stopped: 0,0002729 seconds, Stopping threads took: 0,0001543 seconds
2017-02-19T15:15:10.107+0100: 8251,386: Total time for which application threads were stopped: 0,0001362 seconds, Stopping threads took: 0,0000339 seconds
Heap
 par new generation   total 109248K, used 30703K [0x00000000e0000000, 0x00000000e8000000, 0x00000000e8000000)
  eden space 87424K,  12% used [0x00000000e0000000, 0x00000000e0ae5f68, 0x00000000e5560000)
  from space 21824K,  89% used [0x00000000e6ab0000, 0x00000000e7dc5e50, 0x00000000e8000000)
  to   space 21824K,   0% used [0x00000000e5560000, 0x00000000e5560000, 0x00000000e6ab0000)
 concurrent mark-sweep generation total 393216K, used 6693K [0x00000000e8000000, 0x0000000100000000, 0x0000000100000000)
 Metaspace       used 28179K, capacity 28802K, committed 29052K, reserved 1075200K
  class space    used 3233K, capacity 3427K, committed 3452K, reserved 1048576K
