OpenJDK 64-Bit Server VM (25.131-b11) for linux-amd64 JRE (1.8.0_131-8u131-b11-0ubuntu1.16.04.2-b11), built on May  6 2017 02:45:27 by "buildd" with gcc 5.4.0 20160609
Memory: 4k page, physical 7867740k(7424568k free), swap 8076284k(8076284k free)
CommandLine flags: -XX:CMSInitiatingOccupancyFraction=50 -XX:CMSMaxAbortablePrecleanTime=6000 -XX:+CMSParallelRemarkEnabled -XX:+CMSScavengeBeforeRemark -XX:ConcGCThreads=4 -XX:InitialHeapSize=536870912 -XX:MaxHeapSize=536870912 -XX:MaxTenuringThreshold=8 -XX:NewRatio=3 -XX:OldPLABSize=16 -XX:OnOutOfMemoryError=/opt/solr/bin/oom_solr.sh 8983 /var/solr/logs -XX:ParallelGCThreads=4 -XX:+ParallelRefProcEnabled -XX:PretenureSizeThreshold=67108864 -XX:+PrintGC -XX:+PrintGCApplicationStoppedTime -XX:+PrintGCDateStamps -XX:+PrintGCDetails -XX:+PrintGCTimeStamps -XX:+PrintHeapAtGC -XX:+PrintTenuringDistribution -XX:SurvivorRatio=4 -XX:TargetSurvivorRatio=90 -XX:ThreadStackSize=256 -XX:+UseCMSInitiatingOccupancyOnly -XX:+UseCompressedClassPointers -XX:+UseCompressedOops -XX:+UseConcMarkSweepGC -XX:+UseParNewGC 
2017-07-26T07:42:15.008+0200: 0,159: Total time for which application threads were stopped: 0,0000697 seconds, Stopping threads took: 0,0000095 seconds
2017-07-26T07:42:15.143+0200: 0,294: Total time for which application threads were stopped: 0,0001144 seconds, Stopping threads took: 0,0000214 seconds
2017-07-26T07:42:15.159+0200: 0,310: Total time for which application threads were stopped: 0,0000813 seconds, Stopping threads took: 0,0000135 seconds
2017-07-26T07:42:15.386+0200: 0,538: Total time for which application threads were stopped: 0,0001647 seconds, Stopping threads took: 0,0000170 seconds
2017-07-26T07:42:15.818+0200: 0,969: Total time for which application threads were stopped: 0,0001878 seconds, Stopping threads took: 0,0000150 seconds
2017-07-26T07:42:16.043+0200: 1,194: Total time for which application threads were stopped: 0,0002506 seconds, Stopping threads took: 0,0000699 seconds
2017-07-26T07:42:16.072+0200: 1,223: Total time for which application threads were stopped: 0,0002902 seconds, Stopping threads took: 0,0000811 seconds
2017-07-26T07:42:16.485+0200: 1,636: Total time for which application threads were stopped: 0,0001668 seconds, Stopping threads took: 0,0000231 seconds
2017-07-26T07:42:16.732+0200: 1,883: Total time for which application threads were stopped: 0,0010892 seconds, Stopping threads took: 0,0001390 seconds
2017-07-26T07:42:16.760+0200: 1,911: Total time for which application threads were stopped: 0,0001678 seconds, Stopping threads took: 0,0000217 seconds
2017-07-26T07:42:16.790+0200: 1,941: Total time for which application threads were stopped: 0,0002296 seconds, Stopping threads took: 0,0000214 seconds
2017-07-26T07:42:16.791+0200: 1,943: Total time for which application threads were stopped: 0,0002021 seconds, Stopping threads took: 0,0000178 seconds
2017-07-26T07:42:16.804+0200: 1,956: Total time for which application threads were stopped: 0,0001893 seconds, Stopping threads took: 0,0000358 seconds
2017-07-26T07:42:16.869+0200: 2,020: Total time for which application threads were stopped: 0,0002508 seconds, Stopping threads took: 0,0000205 seconds
2017-07-26T07:42:17.049+0200: 2,201: Total time for which application threads were stopped: 0,0002846 seconds, Stopping threads took: 0,0000682 seconds
{Heap before GC invocations=0 (full 0):
 par new generation   total 109248K, used 87424K [0x00000000e0000000, 0x00000000e8000000, 0x00000000e8000000)
  eden space 87424K, 100% used [0x00000000e0000000, 0x00000000e5560000, 0x00000000e5560000)
  from space 21824K,   0% used [0x00000000e5560000, 0x00000000e5560000, 0x00000000e6ab0000)
  to   space 21824K,   0% used [0x00000000e6ab0000, 0x00000000e6ab0000, 0x00000000e8000000)
 concurrent mark-sweep generation total 393216K, used 0K [0x00000000e8000000, 0x0000000100000000, 0x0000000100000000)
 Metaspace       used 17926K, capacity 18240K, committed 18304K, reserved 1064960K
  class space    used 2030K, capacity 2164K, committed 2176K, reserved 1048576K
2017-07-26T07:42:17.098+0200: 2,249: [GC (Allocation Failure) 2017-07-26T07:42:17.098+0200: 2,249: [ParNew
Desired survivor size 20112992 bytes, new threshold 8 (max 8)
- age   1:   11831688 bytes,   11831688 total
: 87424K->11671K(109248K), 0,0158259 secs] 87424K->11671K(502464K), 0,0159088 secs] [Times: user=0,04 sys=0,01, real=0,01 secs] 
Heap after GC invocations=1 (full 0):
 par new generation   total 109248K, used 11671K [0x00000000e0000000, 0x00000000e8000000, 0x00000000e8000000)
  eden space 87424K,   0% used [0x00000000e0000000, 0x00000000e0000000, 0x00000000e5560000)
  from space 21824K,  53% used [0x00000000e6ab0000, 0x00000000e7615d90, 0x00000000e8000000)
  to   space 21824K,   0% used [0x00000000e5560000, 0x00000000e5560000, 0x00000000e6ab0000)
 concurrent mark-sweep generation total 393216K, used 0K [0x00000000e8000000, 0x0000000100000000, 0x0000000100000000)
 Metaspace       used 17926K, capacity 18240K, committed 18304K, reserved 1064960K
  class space    used 2030K, capacity 2164K, committed 2176K, reserved 1048576K
}
2017-07-26T07:42:17.114+0200: 2,265: Total time for which application threads were stopped: 0,0162547 seconds, Stopping threads took: 0,0001880 seconds
2017-07-26T07:42:17.447+0200: 2,598: Total time for which application threads were stopped: 0,0003586 seconds, Stopping threads took: 0,0000713 seconds
{Heap before GC invocations=1 (full 0):
 par new generation   total 109248K, used 99095K [0x00000000e0000000, 0x00000000e8000000, 0x00000000e8000000)
  eden space 87424K, 100% used [0x00000000e0000000, 0x00000000e5560000, 0x00000000e5560000)
  from space 21824K,  53% used [0x00000000e6ab0000, 0x00000000e7615d90, 0x00000000e8000000)
  to   space 21824K,   0% used [0x00000000e5560000, 0x00000000e5560000, 0x00000000e6ab0000)
 concurrent mark-sweep generation total 393216K, used 0K [0x00000000e8000000, 0x0000000100000000, 0x0000000100000000)
 Metaspace       used 20033K, capacity 20352K, committed 20736K, reserved 1067008K
  class space    used 2292K, capacity 2464K, committed 2560K, reserved 1048576K
2017-07-26T07:42:17.498+0200: 2,650: [GC (Allocation Failure) 2017-07-26T07:42:17.499+0200: 2,650: [ParNew
Desired survivor size 20112992 bytes, new threshold 8 (max 8)
- age   1:    3852408 bytes,    3852408 total
- age   2:    6364176 bytes,   10216584 total
: 99095K->15013K(109248K), 0,0173444 secs] 99095K->15013K(502464K), 0,0174202 secs] [Times: user=0,05 sys=0,00, real=0,02 secs] 
Heap after GC invocations=2 (full 0):
 par new generation   total 109248K, used 15013K [0x00000000e0000000, 0x00000000e8000000, 0x00000000e8000000)
  eden space 87424K,   0% used [0x00000000e0000000, 0x00000000e0000000, 0x00000000e5560000)
  from space 21824K,  68% used [0x00000000e5560000, 0x00000000e64097c0, 0x00000000e6ab0000)
  to   space 21824K,   0% used [0x00000000e6ab0000, 0x00000000e6ab0000, 0x00000000e8000000)
 concurrent mark-sweep generation total 393216K, used 0K [0x00000000e8000000, 0x0000000100000000, 0x0000000100000000)
 Metaspace       used 20033K, capacity 20352K, committed 20736K, reserved 1067008K
  class space    used 2292K, capacity 2464K, committed 2560K, reserved 1048576K
}
2017-07-26T07:42:17.516+0200: 2,667: Total time for which application threads were stopped: 0,0244146 seconds, Stopping threads took: 0,0068052 seconds
2017-07-26T07:42:17.519+0200: 2,670: Total time for which application threads were stopped: 0,0003244 seconds, Stopping threads took: 0,0000662 seconds
2017-07-26T07:42:17.554+0200: 2,706: Total time for which application threads were stopped: 0,0003901 seconds, Stopping threads took: 0,0000759 seconds
2017-07-26T07:42:17.674+0200: 2,826: Total time for which application threads were stopped: 0,0002468 seconds, Stopping threads took: 0,0001201 seconds
{Heap before GC invocations=2 (full 0):
 par new generation   total 109248K, used 102430K [0x00000000e0000000, 0x00000000e8000000, 0x00000000e8000000)
  eden space 87424K,  99% used [0x00000000e0000000, 0x00000000e555e370, 0x00000000e5560000)
  from space 21824K,  68% used [0x00000000e5560000, 0x00000000e64097c0, 0x00000000e6ab0000)
  to   space 21824K,   0% used [0x00000000e6ab0000, 0x00000000e6ab0000, 0x00000000e8000000)
 concurrent mark-sweep generation total 393216K, used 0K [0x00000000e8000000, 0x0000000100000000, 0x0000000100000000)
 Metaspace       used 20955K, capacity 21274K, committed 21628K, reserved 1069056K
  class space    used 2414K, capacity 2583K, committed 2684K, reserved 1048576K
2017-07-26T07:42:17.708+0200: 2,860: [GC (Allocation Failure) 2017-07-26T07:42:17.708+0200: 2,860: [ParNew
Desired survivor size 20112992 bytes, new threshold 8 (max 8)
- age   1:    2061448 bytes,    2061448 total
- age   2:    1116632 bytes,    3178080 total
- age   3:    6362800 bytes,    9540880 total
: 102430K->10927K(109248K), 0,0099051 secs] 102430K->10927K(502464K), 0,0099861 secs] [Times: user=0,04 sys=0,00, real=0,01 secs] 
Heap after GC invocations=3 (full 0):
 par new generation   total 109248K, used 10927K [0x00000000e0000000, 0x00000000e8000000, 0x00000000e8000000)
  eden space 87424K,   0% used [0x00000000e0000000, 0x00000000e0000000, 0x00000000e5560000)
  from space 21824K,  50% used [0x00000000e6ab0000, 0x00000000e755be50, 0x00000000e8000000)
  to   space 21824K,   0% used [0x00000000e5560000, 0x00000000e5560000, 0x00000000e6ab0000)
 concurrent mark-sweep generation total 393216K, used 0K [0x00000000e8000000, 0x0000000100000000, 0x0000000100000000)
 Metaspace       used 20955K, capacity 21274K, committed 21628K, reserved 1069056K
  class space    used 2414K, capacity 2583K, committed 2684K, reserved 1048576K
}
2017-07-26T07:42:17.718+0200: 2,870: Total time for which application threads were stopped: 0,0101938 seconds, Stopping threads took: 0,0000738 seconds
2017-07-26T07:42:17.719+0200: 2,870: [GC (CMS Initial Mark) [1 CMS-initial-mark: 0K(393216K)] 11622K(502464K), 0,0027296 secs] [Times: user=0,01 sys=0,00, real=0,00 secs] 
2017-07-26T07:42:17.722+0200: 2,873: Total time for which application threads were stopped: 0,0028292 seconds, Stopping threads took: 0,0000230 seconds
2017-07-26T07:42:17.722+0200: 2,873: [CMS-concurrent-mark-start]
2017-07-26T07:42:17.722+0200: 2,873: [CMS-concurrent-mark: 0,000/0,000 secs] [Times: user=0,00 sys=0,00, real=0,00 secs] 
2017-07-26T07:42:17.722+0200: 2,873: [CMS-concurrent-preclean-start]
2017-07-26T07:42:17.723+0200: 2,874: [CMS-concurrent-preclean: 0,001/0,001 secs] [Times: user=0,00 sys=0,00, real=0,01 secs] 
2017-07-26T07:42:17.723+0200: 2,874: [CMS-concurrent-abortable-preclean-start]
2017-07-26T07:42:17.822+0200: 2,974: Total time for which application threads were stopped: 0,0041039 seconds, Stopping threads took: 0,0040069 seconds
{Heap before GC invocations=3 (full 1):
 par new generation   total 109248K, used 98350K [0x00000000e0000000, 0x00000000e8000000, 0x00000000e8000000)
  eden space 87424K,  99% used [0x00000000e0000000, 0x00000000e555fc40, 0x00000000e5560000)
  from space 21824K,  50% used [0x00000000e6ab0000, 0x00000000e755be50, 0x00000000e8000000)
  to   space 21824K,   0% used [0x00000000e5560000, 0x00000000e5560000, 0x00000000e6ab0000)
 concurrent mark-sweep generation total 393216K, used 0K [0x00000000e8000000, 0x0000000100000000, 0x0000000100000000)
 Metaspace       used 21227K, capacity 21591K, committed 21884K, reserved 1069056K
  class space    used 2444K, capacity 2595K, committed 2684K, reserved 1048576K
2017-07-26T07:42:17.824+0200: 2,975: [GC (Allocation Failure) 2017-07-26T07:42:17.824+0200: 2,975: [ParNew
Desired survivor size 20112992 bytes, new threshold 8 (max 8)
- age   1:    1322264 bytes,    1322264 total
- age   2:    1485464 bytes,    2807728 total
- age   3:    1094888 bytes,    3902616 total
- age   4:    6361240 bytes,   10263856 total
: 98350K->12121K(109248K), 0,0129703 secs] 98350K->12121K(502464K), 0,0130291 secs] [Times: user=0,05 sys=0,00, real=0,01 secs] 
Heap after GC invocations=4 (full 1):
 par new generation   total 109248K, used 12121K [0x00000000e0000000, 0x00000000e8000000, 0x00000000e8000000)
  eden space 87424K,   0% used [0x00000000e0000000, 0x00000000e0000000, 0x00000000e5560000)
  from space 21824K,  55% used [0x00000000e5560000, 0x00000000e6136420, 0x00000000e6ab0000)
  to   space 21824K,   0% used [0x00000000e6ab0000, 0x00000000e6ab0000, 0x00000000e8000000)
 concurrent mark-sweep generation total 393216K, used 0K [0x00000000e8000000, 0x0000000100000000, 0x0000000100000000)
 Metaspace       used 21227K, capacity 21591K, committed 21884K, reserved 1069056K
  class space    used 2444K, capacity 2595K, committed 2684K, reserved 1048576K
}
2017-07-26T07:42:17.837+0200: 2,988: Total time for which application threads were stopped: 0,0132188 seconds, Stopping threads took: 0,0000586 seconds
2017-07-26T07:42:17.837+0200: 2,988: [CMS-concurrent-abortable-preclean: 0,096/0,114 secs] [Times: user=0,43 sys=0,00, real=0,11 secs] 
2017-07-26T07:42:17.837+0200: 2,989: [GC (CMS Final Remark) [YG occupancy: 12759 K (109248 K)]{Heap before GC invocations=4 (full 1):
 par new generation   total 109248K, used 12759K [0x00000000e0000000, 0x00000000e8000000, 0x00000000e8000000)
  eden space 87424K,   0% used [0x00000000e0000000, 0x00000000e009fb78, 0x00000000e5560000)
  from space 21824K,  55% used [0x00000000e5560000, 0x00000000e6136420, 0x00000000e6ab0000)
  to   space 21824K,   0% used [0x00000000e6ab0000, 0x00000000e6ab0000, 0x00000000e8000000)
 concurrent mark-sweep generation total 393216K, used 0K [0x00000000e8000000, 0x0000000100000000, 0x0000000100000000)
 Metaspace       used 21227K, capacity 21591K, committed 21884K, reserved 1069056K
  class space    used 2444K, capacity 2595K, committed 2684K, reserved 1048576K
2017-07-26T07:42:17.837+0200: 2,989: [GC (CMS Final Remark) 2017-07-26T07:42:17.837+0200: 2,989: [ParNew
Desired survivor size 20112992 bytes, new threshold 8 (max 8)
- age   1:     103224 bytes,     103224 total
- age   2:    1320000 bytes,    1423224 total
- age   3:    1485464 bytes,    2908688 total
- age   4:    1094888 bytes,    4003576 total
- age   5:    6361240 bytes,   10364816 total
: 12759K->14306K(109248K), 0,0137682 secs] 12759K->14306K(502464K), 0,0138125 secs] [Times: user=0,05 sys=0,01, real=0,01 secs] 
Heap after GC invocations=5 (full 1):
 par new generation   total 109248K, used 14306K [0x00000000e0000000, 0x00000000e8000000, 0x00000000e8000000)
  eden space 87424K,   0% used [0x00000000e0000000, 0x00000000e0000000, 0x00000000e5560000)
  from space 21824K,  65% used [0x00000000e6ab0000, 0x00000000e78a89f0, 0x00000000e8000000)
  to   space 21824K,   0% used [0x00000000e5560000, 0x00000000e5560000, 0x00000000e6ab0000)
 concurrent mark-sweep generation total 393216K, used 0K [0x00000000e8000000, 0x0000000100000000, 0x0000000100000000)
 Metaspace       used 21227K, capacity 21591K, committed 21884K, reserved 1069056K
  class space    used 2444K, capacity 2595K, committed 2684K, reserved 1048576K
}
2017-07-26T07:42:17.851+0200: 3,002: [Rescan (parallel) , 0,0043997 secs]2017-07-26T07:42:17.856+0200: 3,007: [weak refs processing, 0,0022055 secs]2017-07-26T07:42:17.858+0200: 3,009: [class unloading, 0,0028290 secs]2017-07-26T07:42:17.861+0200: 3,012: [scrub symbol table, 0,0026279 secs]2017-07-26T07:42:17.863+0200: 3,015: [scrub string table, 0,0003977 secs][1 CMS-remark: 0K(393216K)] 14306K(502464K), 0,0269435 secs] [Times: user=0,08 sys=0,01, real=0,03 secs] 
2017-07-26T07:42:17.864+0200: 3,015: Total time for which application threads were stopped: 0,0270882 seconds, Stopping threads took: 0,0000453 seconds
2017-07-26T07:42:17.864+0200: 3,016: [CMS-concurrent-sweep-start]
2017-07-26T07:42:17.864+0200: 3,016: [CMS-concurrent-sweep: 0,000/0,000 secs] [Times: user=0,00 sys=0,00, real=0,00 secs] 
2017-07-26T07:42:17.864+0200: 3,016: [CMS-concurrent-reset-start]
2017-07-26T07:42:17.866+0200: 3,017: [CMS-concurrent-reset: 0,001/0,001 secs] [Times: user=0,00 sys=0,00, real=0,00 secs] 
{Heap before GC invocations=5 (full 1):
 par new generation   total 109248K, used 101730K [0x00000000e0000000, 0x00000000e8000000, 0x00000000e8000000)
  eden space 87424K, 100% used [0x00000000e0000000, 0x00000000e5560000, 0x00000000e5560000)
  from space 21824K,  65% used [0x00000000e6ab0000, 0x00000000e78a89f0, 0x00000000e8000000)
  to   space 21824K,   0% used [0x00000000e5560000, 0x00000000e5560000, 0x00000000e6ab0000)
 concurrent mark-sweep generation total 393216K, used 0K [0x00000000e8000000, 0x0000000100000000, 0x0000000100000000)
 Metaspace       used 21395K, capacity 21767K, committed 21884K, reserved 1069056K
  class space    used 2468K, capacity 2630K, committed 2684K, reserved 1048576K
2017-07-26T07:42:17.957+0200: 3,109: [GC (Allocation Failure) 2017-07-26T07:42:17.957+0200: 3,109: [ParNew
Desired survivor size 20112992 bytes, new threshold 8 (max 8)
- age   1:    1224000 bytes,    1224000 total
- age   3:     169200 bytes,    1393200 total
- age   4:    1484832 bytes,    2878032 total
- age   5:    1092888 bytes,    3970920 total
- age   6:    6361576 bytes,   10332496 total
: 101730K->13905K(109248K), 0,0099588 secs] 101730K->13905K(502464K), 0,0100290 secs] [Times: user=0,04 sys=0,00, real=0,01 secs] 
Heap after GC invocations=6 (full 1):
 par new generation   total 109248K, used 13905K [0x00000000e0000000, 0x00000000e8000000, 0x00000000e8000000)
  eden space 87424K,   0% used [0x00000000e0000000, 0x00000000e0000000, 0x00000000e5560000)
  from space 21824K,  63% used [0x00000000e5560000, 0x00000000e62f4520, 0x00000000e6ab0000)
  to   space 21824K,   0% used [0x00000000e6ab0000, 0x00000000e6ab0000, 0x00000000e8000000)
 concurrent mark-sweep generation total 393216K, used 0K [0x00000000e8000000, 0x0000000100000000, 0x0000000100000000)
 Metaspace       used 21395K, capacity 21767K, committed 21884K, reserved 1069056K
  class space    used 2468K, capacity 2630K, committed 2684K, reserved 1048576K
}
2017-07-26T07:42:17.967+0200: 3,119: Total time for which application threads were stopped: 0,0135945 seconds, Stopping threads took: 0,0034258 seconds
2017-07-26T07:42:18.000+0200: 3,151: Total time for which application threads were stopped: 0,0003103 seconds, Stopping threads took: 0,0000217 seconds
2017-07-26T07:42:18.244+0200: 3,395: Total time for which application threads were stopped: 0,0004415 seconds, Stopping threads took: 0,0000212 seconds
2017-07-26T07:42:18.260+0200: 3,411: Total time for which application threads were stopped: 0,0004478 seconds, Stopping threads took: 0,0000416 seconds
{Heap before GC invocations=6 (full 1):
 par new generation   total 109248K, used 101329K [0x00000000e0000000, 0x00000000e8000000, 0x00000000e8000000)
  eden space 87424K, 100% used [0x00000000e0000000, 0x00000000e5560000, 0x00000000e5560000)
  from space 21824K,  63% used [0x00000000e5560000, 0x00000000e62f4520, 0x00000000e6ab0000)
  to   space 21824K,   0% used [0x00000000e6ab0000, 0x00000000e6ab0000, 0x00000000e8000000)
 concurrent mark-sweep generation total 393216K, used 0K [0x00000000e8000000, 0x0000000100000000, 0x0000000100000000)
 Metaspace       used 23756K, capacity 24211K, committed 24572K, reserved 1071104K
  class space    used 2793K, capacity 2974K, committed 3068K, reserved 1048576K
2017-07-26T07:42:18.389+0200: 3,541: [GC (Allocation Failure) 2017-07-26T07:42:18.389+0200: 3,541: [ParNew
Desired survivor size 20112992 bytes, new threshold 8 (max 8)
- age   1:    5168472 bytes,    5168472 total
- age   2:     141904 bytes,    5310376 total
- age   4:     165144 bytes,    5475520 total
- age   5:     315480 bytes,    5791000 total
- age   6:    1066656 bytes,    6857656 total
- age   7:    6353120 bytes,   13210776 total
: 101329K->15986K(109248K), 0,0149301 secs] 101329K->15986K(502464K), 0,0150000 secs] [Times: user=0,04 sys=0,00, real=0,02 secs] 
Heap after GC invocations=7 (full 1):
 par new generation   total 109248K, used 15986K [0x00000000e0000000, 0x00000000e8000000, 0x00000000e8000000)
  eden space 87424K,   0% used [0x00000000e0000000, 0x00000000e0000000, 0x00000000e5560000)
  from space 21824K,  73% used [0x00000000e6ab0000, 0x00000000e7a4c8a0, 0x00000000e8000000)
  to   space 21824K,   0% used [0x00000000e5560000, 0x00000000e5560000, 0x00000000e6ab0000)
 concurrent mark-sweep generation total 393216K, used 0K [0x00000000e8000000, 0x0000000100000000, 0x0000000100000000)
 Metaspace       used 23756K, capacity 24211K, committed 24572K, reserved 1071104K
  class space    used 2793K, capacity 2974K, committed 3068K, reserved 1048576K
}
2017-07-26T07:42:18.404+0200: 3,556: Total time for which application threads were stopped: 0,0152659 seconds, Stopping threads took: 0,0000652 seconds
{Heap before GC invocations=7 (full 1):
 par new generation   total 109248K, used 103410K [0x00000000e0000000, 0x00000000e8000000, 0x00000000e8000000)
  eden space 87424K, 100% used [0x00000000e0000000, 0x00000000e5560000, 0x00000000e5560000)
  from space 21824K,  73% used [0x00000000e6ab0000, 0x00000000e7a4c8a0, 0x00000000e8000000)
  to   space 21824K,   0% used [0x00000000e5560000, 0x00000000e5560000, 0x00000000e6ab0000)
 concurrent mark-sweep generation total 393216K, used 0K [0x00000000e8000000, 0x0000000100000000, 0x0000000100000000)
 Metaspace       used 24282K, capacity 24729K, committed 24828K, reserved 1071104K
  class space    used 2849K, capacity 3039K, committed 3068K, reserved 1048576K
2017-07-26T07:42:18.485+0200: 3,637: [GC (Allocation Failure) 2017-07-26T07:42:18.485+0200: 3,637: [ParNew
Desired survivor size 20112992 bytes, new threshold 8 (max 8)
- age   1:    1827136 bytes,    1827136 total
- age   2:    1769136 bytes,    3596272 total
- age   3:      65080 bytes,    3661352 total
- age   5:      83976 bytes,    3745328 total
- age   6:     204976 bytes,    3950304 total
- age   7:     863992 bytes,    4814296 total
- age   8:    5996392 bytes,   10810688 total
: 103410K->16512K(109248K), 0,0116392 secs] 103410K->16512K(502464K), 0,0117146 secs] [Times: user=0,04 sys=0,00, real=0,01 secs] 
Heap after GC invocations=8 (full 1):
 par new generation   total 109248K, used 16512K [0x00000000e0000000, 0x00000000e8000000, 0x00000000e8000000)
  eden space 87424K,   0% used [0x00000000e0000000, 0x00000000e0000000, 0x00000000e5560000)
  from space 21824K,  75% used [0x00000000e5560000, 0x00000000e6580060, 0x00000000e6ab0000)
  to   space 21824K,   0% used [0x00000000e6ab0000, 0x00000000e6ab0000, 0x00000000e8000000)
 concurrent mark-sweep generation total 393216K, used 0K [0x00000000e8000000, 0x0000000100000000, 0x0000000100000000)
 Metaspace       used 24282K, capacity 24729K, committed 24828K, reserved 1071104K
  class space    used 2849K, capacity 3039K, committed 3068K, reserved 1048576K
}
2017-07-26T07:42:18.497+0200: 3,648: Total time for which application threads were stopped: 0,0119475 seconds, Stopping threads took: 0,0000745 seconds
{Heap before GC invocations=8 (full 1):
 par new generation   total 109248K, used 103936K [0x00000000e0000000, 0x00000000e8000000, 0x00000000e8000000)
  eden space 87424K, 100% used [0x00000000e0000000, 0x00000000e5560000, 0x00000000e5560000)
  from space 21824K,  75% used [0x00000000e5560000, 0x00000000e6580060, 0x00000000e6ab0000)
  to   space 21824K,   0% used [0x00000000e6ab0000, 0x00000000e6ab0000, 0x00000000e8000000)
 concurrent mark-sweep generation total 393216K, used 0K [0x00000000e8000000, 0x0000000100000000, 0x0000000100000000)
 Metaspace       used 24881K, capacity 25299K, committed 25468K, reserved 1071104K
  class space    used 2900K, capacity 3076K, committed 3196K, reserved 1048576K
2017-07-26T07:42:18.616+0200: 3,767: [GC (Allocation Failure) 2017-07-26T07:42:18.616+0200: 3,767: [ParNew
Desired survivor size 20112992 bytes, new threshold 8 (max 8)
- age   1:    1236728 bytes,    1236728 total
- age   2:     998424 bytes,    2235152 total
- age   3:    1746320 bytes,    3981472 total
- age   4:      65048 bytes,    4046520 total
- age   6:      83808 bytes,    4130328 total
- age   7:     201840 bytes,    4332168 total
- age   8:     863224 bytes,    5195392 total
: 103936K->8086K(109248K), 0,0415230 secs] 103936K->14024K(502464K), 0,0415984 secs] [Times: user=0,11 sys=0,00, real=0,04 secs] 
Heap after GC invocations=9 (full 1):
 par new generation   total 109248K, used 8086K [0x00000000e0000000, 0x00000000e8000000, 0x00000000e8000000)
  eden space 87424K,   0% used [0x00000000e0000000, 0x00000000e0000000, 0x00000000e5560000)
  from space 21824K,  37% used [0x00000000e6ab0000, 0x00000000e7295be0, 0x00000000e8000000)
  to   space 21824K,   0% used [0x00000000e5560000, 0x00000000e5560000, 0x00000000e6ab0000)
 concurrent mark-sweep generation total 393216K, used 5937K [0x00000000e8000000, 0x0000000100000000, 0x0000000100000000)
 Metaspace       used 24881K, capacity 25299K, committed 25468K, reserved 1071104K
  class space    used 2900K, capacity 3076K, committed 3196K, reserved 1048576K
}
2017-07-26T07:42:18.658+0200: 3,809: Total time for which application threads were stopped: 0,0418885 seconds, Stopping threads took: 0,0001001 seconds
2017-07-26T07:42:18.910+0200: 4,061: Total time for which application threads were stopped: 0,0004906 seconds, Stopping threads took: 0,0001329 seconds
2017-07-26T07:42:18.922+0200: 4,074: Total time for which application threads were stopped: 0,0043685 seconds, Stopping threads took: 0,0042798 seconds
2017-07-26T07:42:18.930+0200: 4,082: Total time for which application threads were stopped: 0,0002937 seconds, Stopping threads took: 0,0001824 seconds
2017-07-26T07:42:18.932+0200: 4,083: Total time for which application threads were stopped: 0,0001140 seconds, Stopping threads took: 0,0000247 seconds
2017-07-26T07:42:18.936+0200: 4,087: Total time for which application threads were stopped: 0,0001575 seconds, Stopping threads took: 0,0000521 seconds
2017-07-26T07:42:18.946+0200: 4,097: Total time for which application threads were stopped: 0,0001244 seconds, Stopping threads took: 0,0000264 seconds
2017-07-26T07:42:18.959+0200: 4,110: Total time for which application threads were stopped: 0,0077034 seconds, Stopping threads took: 0,0073121 seconds
2017-07-26T07:42:18.969+0200: 4,120: Total time for which application threads were stopped: 0,0002678 seconds, Stopping threads took: 0,0001577 seconds
2017-07-26T07:42:18.975+0200: 4,126: Total time for which application threads were stopped: 0,0005780 seconds, Stopping threads took: 0,0000382 seconds
2017-07-26T07:42:19.068+0200: 4,219: Total time for which application threads were stopped: 0,0001497 seconds, Stopping threads took: 0,0000510 seconds
2017-07-26T07:42:19.073+0200: 4,224: Total time for which application threads were stopped: 0,0001103 seconds, Stopping threads took: 0,0000339 seconds
2017-07-26T07:42:19.086+0200: 4,237: Total time for which application threads were stopped: 0,0006340 seconds, Stopping threads took: 0,0000560 seconds
2017-07-26T07:42:19.101+0200: 4,253: Total time for which application threads were stopped: 0,0005755 seconds, Stopping threads took: 0,0004517 seconds
2017-07-26T07:42:19.103+0200: 4,254: Total time for which application threads were stopped: 0,0001185 seconds, Stopping threads took: 0,0000480 seconds
2017-07-26T07:42:19.110+0200: 4,262: Total time for which application threads were stopped: 0,0001727 seconds, Stopping threads took: 0,0000437 seconds
2017-07-26T07:42:19.121+0200: 4,272: Total time for which application threads were stopped: 0,0001476 seconds, Stopping threads took: 0,0000508 seconds
2017-07-26T07:42:19.121+0200: 4,272: Total time for which application threads were stopped: 0,0001275 seconds, Stopping threads took: 0,0000418 seconds
2017-07-26T07:42:19.123+0200: 4,274: Total time for which application threads were stopped: 0,0001859 seconds, Stopping threads took: 0,0000701 seconds
2017-07-26T07:42:19.123+0200: 4,275: Total time for which application threads were stopped: 0,0001228 seconds, Stopping threads took: 0,0000402 seconds
2017-07-26T07:42:19.124+0200: 4,275: Total time for which application threads were stopped: 0,0001336 seconds, Stopping threads took: 0,0000354 seconds
2017-07-26T07:42:19.124+0200: 4,275: Total time for which application threads were stopped: 0,0000953 seconds, Stopping threads took: 0,0000235 seconds
2017-07-26T07:42:19.124+0200: 4,275: Total time for which application threads were stopped: 0,0000914 seconds, Stopping threads took: 0,0000221 seconds
2017-07-26T07:42:19.124+0200: 4,275: Total time for which application threads were stopped: 0,0001059 seconds, Stopping threads took: 0,0000271 seconds
2017-07-26T07:42:19.125+0200: 4,276: Total time for which application threads were stopped: 0,0002634 seconds, Stopping threads took: 0,0000197 seconds
2017-07-26T07:42:19.125+0200: 4,276: Total time for which application threads were stopped: 0,0001102 seconds, Stopping threads took: 0,0000309 seconds
2017-07-26T07:42:19.125+0200: 4,276: Total time for which application threads were stopped: 0,0000889 seconds, Stopping threads took: 0,0000193 seconds
2017-07-26T07:42:19.125+0200: 4,277: Total time for which application threads were stopped: 0,0001224 seconds, Stopping threads took: 0,0000388 seconds
2017-07-26T07:42:19.126+0200: 4,277: Total time for which application threads were stopped: 0,0001397 seconds, Stopping threads took: 0,0000478 seconds
2017-07-26T07:42:19.126+0200: 4,277: Total time for which application threads were stopped: 0,0003381 seconds, Stopping threads took: 0,0002617 seconds
2017-07-26T07:42:19.126+0200: 4,278: Total time for which application threads were stopped: 0,0001051 seconds, Stopping threads took: 0,0000291 seconds
2017-07-26T07:42:19.127+0200: 4,278: Total time for which application threads were stopped: 0,0000886 seconds, Stopping threads took: 0,0000204 seconds
2017-07-26T07:42:19.127+0200: 4,278: Total time for which application threads were stopped: 0,0000940 seconds, Stopping threads took: 0,0000198 seconds
2017-07-26T07:42:19.127+0200: 4,278: Total time for which application threads were stopped: 0,0000798 seconds, Stopping threads took: 0,0000185 seconds
2017-07-26T07:42:19.127+0200: 4,278: Total time for which application threads were stopped: 0,0000687 seconds, Stopping threads took: 0,0000192 seconds
2017-07-26T07:42:19.127+0200: 4,279: Total time for which application threads were stopped: 0,0000901 seconds, Stopping threads took: 0,0000209 seconds
2017-07-26T07:42:19.127+0200: 4,279: Total time for which application threads were stopped: 0,0000770 seconds, Stopping threads took: 0,0000178 seconds
2017-07-26T07:42:19.128+0200: 4,279: Total time for which application threads were stopped: 0,0000843 seconds, Stopping threads took: 0,0000195 seconds
2017-07-26T07:42:19.128+0200: 4,279: Total time for which application threads were stopped: 0,0001336 seconds, Stopping threads took: 0,0000489 seconds
2017-07-26T07:42:19.128+0200: 4,279: Total time for which application threads were stopped: 0,0001034 seconds, Stopping threads took: 0,0000361 seconds
2017-07-26T07:42:19.128+0200: 4,280: Total time for which application threads were stopped: 0,0000929 seconds, Stopping threads took: 0,0000225 seconds
2017-07-26T07:42:19.129+0200: 4,280: Total time for which application threads were stopped: 0,0000841 seconds, Stopping threads took: 0,0000182 seconds
2017-07-26T07:42:19.129+0200: 4,280: Total time for which application threads were stopped: 0,0000864 seconds, Stopping threads took: 0,0000193 seconds
2017-07-26T07:42:19.129+0200: 4,280: Total time for which application threads were stopped: 0,0000808 seconds, Stopping threads took: 0,0000207 seconds
2017-07-26T07:42:19.129+0200: 4,280: Total time for which application threads were stopped: 0,0001946 seconds, Stopping threads took: 0,0000183 seconds
2017-07-26T07:42:19.134+0200: 4,286: Total time for which application threads were stopped: 0,0001359 seconds, Stopping threads took: 0,0000455 seconds
2017-07-26T07:42:19.140+0200: 4,291: Total time for which application threads were stopped: 0,0001129 seconds, Stopping threads took: 0,0000336 seconds
2017-07-26T07:42:19.145+0200: 4,296: Total time for which application threads were stopped: 0,0001515 seconds, Stopping threads took: 0,0000399 seconds
2017-07-26T07:42:19.157+0200: 4,308: Total time for which application threads were stopped: 0,0001532 seconds, Stopping threads took: 0,0000414 seconds
2017-07-26T07:42:19.179+0200: 4,330: Total time for which application threads were stopped: 0,0001682 seconds, Stopping threads took: 0,0000375 seconds
2017-07-26T07:42:19.182+0200: 4,333: Total time for which application threads were stopped: 0,0001118 seconds, Stopping threads took: 0,0000449 seconds
2017-07-26T07:42:19.236+0200: 4,387: Total time for which application threads were stopped: 0,0006488 seconds, Stopping threads took: 0,0000577 seconds
2017-07-26T07:42:20.236+0200: 5,387: Total time for which application threads were stopped: 0,0000854 seconds, Stopping threads took: 0,0000178 seconds
2017-07-26T07:42:21.236+0200: 6,387: Total time for which application threads were stopped: 0,0000665 seconds, Stopping threads took: 0,0000159 seconds
2017-07-26T07:42:37.238+0200: 22,389: Total time for which application threads were stopped: 0,0001401 seconds, Stopping threads took: 0,0000385 seconds
2017-07-26T07:42:47.715+0200: 32,390: Total time for which application threads were stopped: 0,0000602 seconds, Stopping threads took: 0,0000166 seconds
{Heap before GC invocations=9 (full 1):
 par new generation   total 109248K, used 95510K [0x00000000e0000000, 0x00000000e8000000, 0x00000000e8000000)
  eden space 87424K, 100% used [0x00000000e0000000, 0x00000000e5560000, 0x00000000e5560000)
  from space 21824K,  37% used [0x00000000e6ab0000, 0x00000000e7295be0, 0x00000000e8000000)
  to   space 21824K,   0% used [0x00000000e5560000, 0x00000000e5560000, 0x00000000e6ab0000)
 concurrent mark-sweep generation total 393216K, used 5937K [0x00000000e8000000, 0x0000000100000000, 0x0000000100000000)
 Metaspace       used 27935K, capacity 28465K, committed 28796K, reserved 1075200K
  class space    used 3208K, capacity 3381K, committed 3452K, reserved 1048576K
2017-07-26T07:42:51.317+0200: 35,992: [GC (Allocation Failure) 2017-07-26T07:42:51.317+0200: 35,992: [ParNew
Desired survivor size 20112992 bytes, new threshold 8 (max 8)
- age   1:   10838016 bytes,   10838016 total
- age   2:     272672 bytes,   11110688 total
- age   3:     219056 bytes,   11329744 total
- age   4:    1738848 bytes,   13068592 total
- age   5:      64984 bytes,   13133576 total
- age   7:      83648 bytes,   13217224 total
- age   8:     201584 bytes,   13418808 total
: 95510K->14205K(109248K), 0,0167093 secs] 101448K->21084K(502464K), 0,0168037 secs] [Times: user=0,06 sys=0,01, real=0,02 secs] 
Heap after GC invocations=10 (full 1):
 par new generation   total 109248K, used 14205K [0x00000000e0000000, 0x00000000e8000000, 0x00000000e8000000)
  eden space 87424K,   0% used [0x00000000e0000000, 0x00000000e0000000, 0x00000000e5560000)
  from space 21824K,  65% used [0x00000000e5560000, 0x00000000e633f410, 0x00000000e6ab0000)
  to   space 21824K,   0% used [0x00000000e6ab0000, 0x00000000e6ab0000, 0x00000000e8000000)
 concurrent mark-sweep generation total 393216K, used 6879K [0x00000000e8000000, 0x0000000100000000, 0x0000000100000000)
 Metaspace       used 27935K, capacity 28465K, committed 28796K, reserved 1075200K
  class space    used 3208K, capacity 3381K, committed 3452K, reserved 1048576K
}
2017-07-26T07:42:51.333+0200: 36,008: Total time for which application threads were stopped: 0,0170212 seconds, Stopping threads took: 0,0000866 seconds
2017-07-26T07:42:51.334+0200: 36,009: Total time for which application threads were stopped: 0,0000780 seconds, Stopping threads took: 0,0000360 seconds
2017-07-26T07:42:51.334+0200: 36,009: Total time for which application threads were stopped: 0,0000368 seconds, Stopping threads took: 0,0000171 seconds
2017-07-26T07:42:56.335+0200: 41,010: Total time for which application threads were stopped: 0,0000625 seconds, Stopping threads took: 0,0000153 seconds
2017-07-26T07:44:13.342+0200: 118,017: Total time for which application threads were stopped: 0,0000928 seconds, Stopping threads took: 0,0000339 seconds
2017-07-26T07:44:17.343+0200: 122,018: Total time for which application threads were stopped: 0,0000679 seconds, Stopping threads took: 0,0000183 seconds
2017-07-26T07:45:16.350+0200: 181,025: Total time for which application threads were stopped: 0,0000779 seconds, Stopping threads took: 0,0000334 seconds
2017-07-26T07:46:51.363+0200: 276,038: Total time for which application threads were stopped: 0,0000907 seconds, Stopping threads took: 0,0000400 seconds
2017-07-26T08:05:41.503+0200: 1406,178: Total time for which application threads were stopped: 0,0004520 seconds, Stopping threads took: 0,0001790 seconds
2017-07-26T08:10:31.537+0200: 1696,213: Total time for which application threads were stopped: 0,0001910 seconds, Stopping threads took: 0,0000755 seconds
2017-07-26T08:20:36.628+0200: 2301,303: Total time for which application threads were stopped: 0,0001312 seconds, Stopping threads took: 0,0000486 seconds
2017-07-26T08:20:37.628+0200: 2302,303: Total time for which application threads were stopped: 0,0001270 seconds, Stopping threads took: 0,0000291 seconds
2017-07-26T08:35:32.763+0200: 3197,438: Total time for which application threads were stopped: 0,0000939 seconds, Stopping threads took: 0,0000347 seconds
2017-07-26T08:45:46.851+0200: 3811,526: Total time for which application threads were stopped: 0,0001862 seconds, Stopping threads took: 0,0000729 seconds
2017-07-26T08:45:51.852+0200: 3816,527: Total time for which application threads were stopped: 0,0001575 seconds, Stopping threads took: 0,0000582 seconds
2017-07-26T08:48:17.874+0200: 3962,549: Total time for which application threads were stopped: 0,0000834 seconds, Stopping threads took: 0,0000347 seconds
2017-07-26T09:00:37.981+0200: 4702,656: Total time for which application threads were stopped: 0,0000748 seconds, Stopping threads took: 0,0000306 seconds
2017-07-26T09:26:38.149+0200: 6262,824: Total time for which application threads were stopped: 0,0004591 seconds, Stopping threads took: 0,0001759 seconds
2017-07-26T09:43:17.259+0200: 7261,934: Total time for which application threads were stopped: 0,0000944 seconds, Stopping threads took: 0,0000337 seconds
2017-07-26T09:43:49.698+0200: 7294,373: Total time for which application threads were stopped: 0,0366504 seconds, Stopping threads took: 0,0365725 seconds
2017-07-26T09:43:49.710+0200: 7294,385: Total time for which application threads were stopped: 0,0011159 seconds, Stopping threads took: 0,0010351 seconds
2017-07-26T09:43:49.711+0200: 7294,386: Total time for which application threads were stopped: 0,0000759 seconds, Stopping threads took: 0,0000153 seconds
2017-07-26T09:43:49.711+0200: 7294,386: Total time for which application threads were stopped: 0,0000571 seconds, Stopping threads took: 0,0000094 seconds
2017-07-26T09:43:49.711+0200: 7294,386: Total time for which application threads were stopped: 0,0000596 seconds, Stopping threads took: 0,0000149 seconds
2017-07-26T09:43:49.711+0200: 7294,386: Total time for which application threads were stopped: 0,0000440 seconds, Stopping threads took: 0,0000079 seconds
2017-07-26T09:43:49.732+0200: 7294,407: Total time for which application threads were stopped: 0,0001221 seconds, Stopping threads took: 0,0000388 seconds
2017-07-26T09:43:49.732+0200: 7294,407: Total time for which application threads were stopped: 0,0000626 seconds, Stopping threads took: 0,0000173 seconds
2017-07-26T09:43:49.732+0200: 7294,407: Total time for which application threads were stopped: 0,0000615 seconds, Stopping threads took: 0,0000172 seconds
2017-07-26T09:43:49.732+0200: 7294,407: Total time for which application threads were stopped: 0,0000553 seconds, Stopping threads took: 0,0000172 seconds
2017-07-26T09:43:49.735+0200: 7294,410: Total time for which application threads were stopped: 0,0000928 seconds, Stopping threads took: 0,0000295 seconds
2017-07-26T09:43:49.735+0200: 7294,410: Total time for which application threads were stopped: 0,0000558 seconds, Stopping threads took: 0,0000172 seconds
2017-07-26T09:43:49.735+0200: 7294,410: Total time for which application threads were stopped: 0,0000561 seconds, Stopping threads took: 0,0000166 seconds
2017-07-26T09:43:49.737+0200: 7294,412: Total time for which application threads were stopped: 0,0000897 seconds, Stopping threads took: 0,0000262 seconds
2017-07-26T09:43:49.737+0200: 7294,412: Total time for which application threads were stopped: 0,0000576 seconds, Stopping threads took: 0,0000150 seconds
2017-07-26T09:43:49.737+0200: 7294,412: Total time for which application threads were stopped: 0,0000527 seconds, Stopping threads took: 0,0000167 seconds
2017-07-26T09:43:49.737+0200: 7294,412: Total time for which application threads were stopped: 0,0000483 seconds, Stopping threads took: 0,0000129 seconds
2017-07-26T09:43:49.737+0200: 7294,412: Total time for which application threads were stopped: 0,0000479 seconds, Stopping threads took: 0,0000130 seconds
2017-07-26T09:43:49.737+0200: 7294,412: Total time for which application threads were stopped: 0,0000472 seconds, Stopping threads took: 0,0000129 seconds
2017-07-26T09:43:49.737+0200: 7294,412: Total time for which application threads were stopped: 0,0000478 seconds, Stopping threads took: 0,0000161 seconds
2017-07-26T09:43:49.737+0200: 7294,412: Total time for which application threads were stopped: 0,0000443 seconds, Stopping threads took: 0,0000127 seconds
2017-07-26T09:43:49.746+0200: 7294,422: Total time for which application threads were stopped: 0,0026930 seconds, Stopping threads took: 0,0019081 seconds
2017-07-26T09:43:49.749+0200: 7294,424: Total time for which application threads were stopped: 0,0000889 seconds, Stopping threads took: 0,0000290 seconds
2017-07-26T09:43:49.749+0200: 7294,424: Total time for which application threads were stopped: 0,0000532 seconds, Stopping threads took: 0,0000165 seconds
2017-07-26T09:43:49.749+0200: 7294,424: Total time for which application threads were stopped: 0,0000438 seconds, Stopping threads took: 0,0000148 seconds
2017-07-26T09:43:49.749+0200: 7294,424: Total time for which application threads were stopped: 0,0000475 seconds, Stopping threads took: 0,0000145 seconds
2017-07-26T09:43:49.749+0200: 7294,424: Total time for which application threads were stopped: 0,0000478 seconds, Stopping threads took: 0,0000160 seconds
2017-07-26T09:43:49.749+0200: 7294,424: Total time for which application threads were stopped: 0,0000403 seconds, Stopping threads took: 0,0000121 seconds
2017-07-26T09:43:49.749+0200: 7294,424: Total time for which application threads were stopped: 0,0000428 seconds, Stopping threads took: 0,0000142 seconds
2017-07-26T09:43:49.749+0200: 7294,425: Total time for which application threads were stopped: 0,0000398 seconds, Stopping threads took: 0,0000117 seconds
2017-07-26T09:43:49.750+0200: 7294,425: Total time for which application threads were stopped: 0,0000720 seconds, Stopping threads took: 0,0000260 seconds
2017-07-26T09:43:49.751+0200: 7294,426: Total time for which application threads were stopped: 0,0000428 seconds, Stopping threads took: 0,0000062 seconds
2017-07-26T09:43:49.754+0200: 7294,429: Total time for which application threads were stopped: 0,0034435 seconds, Stopping threads took: 0,0033754 seconds
2017-07-26T09:43:49.754+0200: 7294,429: Total time for which application threads were stopped: 0,0000518 seconds, Stopping threads took: 0,0000151 seconds
2017-07-26T09:43:49.755+0200: 7294,430: Total time for which application threads were stopped: 0,0000806 seconds, Stopping threads took: 0,0000249 seconds
2017-07-26T09:43:49.756+0200: 7294,431: Total time for which application threads were stopped: 0,0000635 seconds, Stopping threads took: 0,0000196 seconds
2017-07-26T09:43:49.756+0200: 7294,431: Total time for which application threads were stopped: 0,0000436 seconds, Stopping threads took: 0,0000130 seconds
2017-07-26T09:43:49.756+0200: 7294,431: Total time for which application threads were stopped: 0,0000690 seconds, Stopping threads took: 0,0000202 seconds
2017-07-26T09:43:49.759+0200: 7294,434: Total time for which application threads were stopped: 0,0000932 seconds, Stopping threads took: 0,0000306 seconds
2017-07-26T09:43:49.760+0200: 7294,435: Total time for which application threads were stopped: 0,0000651 seconds, Stopping threads took: 0,0000198 seconds
2017-07-26T09:43:49.760+0200: 7294,435: Total time for which application threads were stopped: 0,0002158 seconds, Stopping threads took: 0,0000204 seconds
2017-07-26T09:43:49.761+0200: 7294,436: Total time for which application threads were stopped: 0,0000845 seconds, Stopping threads took: 0,0000263 seconds
2017-07-26T09:43:49.763+0200: 7294,438: Total time for which application threads were stopped: 0,0001233 seconds, Stopping threads took: 0,0000308 seconds
2017-07-26T09:43:49.765+0200: 7294,441: Total time for which application threads were stopped: 0,0000809 seconds, Stopping threads took: 0,0000228 seconds
2017-07-26T09:43:49.766+0200: 7294,441: Total time for which application threads were stopped: 0,0001126 seconds, Stopping threads took: 0,0000270 seconds
Heap
 par new generation   total 109248K, used 37171K [0x00000000e0000000, 0x00000000e8000000, 0x00000000e8000000)
  eden space 87424K,  26% used [0x00000000e0000000, 0x00000000e166d8b8, 0x00000000e5560000)
  from space 21824K,  65% used [0x00000000e5560000, 0x00000000e633f410, 0x00000000e6ab0000)
  to   space 21824K,   0% used [0x00000000e6ab0000, 0x00000000e6ab0000, 0x00000000e8000000)
 concurrent mark-sweep generation total 393216K, used 6879K [0x00000000e8000000, 0x0000000100000000, 0x0000000100000000)
 Metaspace       used 28074K, capacity 28569K, committed 28796K, reserved 1075200K
  class space    used 3222K, capacity 3415K, committed 3452K, reserved 1048576K
