OpenJDK 64-Bit Server VM (25.131-b11) for linux-amd64 JRE (1.8.0_131-8u131-b11-0ubuntu1.16.04.2-b11), built on May  6 2017 02:45:27 by "buildd" with gcc 5.4.0 20160609
Memory: 4k page, physical 7867740k(7405928k free), swap 8076284k(8076284k free)
CommandLine flags: -XX:CMSInitiatingOccupancyFraction=50 -XX:CMSMaxAbortablePrecleanTime=6000 -XX:+CMSParallelRemarkEnabled -XX:+CMSScavengeBeforeRemark -XX:ConcGCThreads=4 -XX:InitialHeapSize=536870912 -XX:MaxHeapSize=536870912 -XX:MaxTenuringThreshold=8 -XX:NewRatio=3 -XX:OldPLABSize=16 -XX:OnOutOfMemoryError=/opt/solr/bin/oom_solr.sh 8983 /var/solr/logs -XX:ParallelGCThreads=4 -XX:+ParallelRefProcEnabled -XX:PretenureSizeThreshold=67108864 -XX:+PrintGC -XX:+PrintGCApplicationStoppedTime -XX:+PrintGCDateStamps -XX:+PrintGCDetails -XX:+PrintGCTimeStamps -XX:+PrintHeapAtGC -XX:+PrintTenuringDistribution -XX:SurvivorRatio=4 -XX:TargetSurvivorRatio=90 -XX:ThreadStackSize=256 -XX:+UseCMSInitiatingOccupancyOnly -XX:+UseCompressedClassPointers -XX:+UseCompressedOops -XX:+UseConcMarkSweepGC -XX:+UseParNewGC 
2017-07-11T08:12:53.768+0200: 0,151: Total time for which application threads were stopped: 0,0000684 seconds, Stopping threads took: 0,0000112 seconds
2017-07-11T08:12:53.865+0200: 0,248: Total time for which application threads were stopped: 0,0000955 seconds, Stopping threads took: 0,0000166 seconds
2017-07-11T08:12:53.881+0200: 0,265: Total time for which application threads were stopped: 0,0000945 seconds, Stopping threads took: 0,0000178 seconds
2017-07-11T08:12:54.040+0200: 0,424: Total time for which application threads were stopped: 0,0001326 seconds, Stopping threads took: 0,0000234 seconds
2017-07-11T08:12:54.624+0200: 1,008: Total time for which application threads were stopped: 0,0001279 seconds, Stopping threads took: 0,0000116 seconds
2017-07-11T08:12:54.692+0200: 1,076: Total time for which application threads were stopped: 0,0001465 seconds, Stopping threads took: 0,0000128 seconds
2017-07-11T08:12:54.722+0200: 1,105: Total time for which application threads were stopped: 0,0001986 seconds, Stopping threads took: 0,0000199 seconds
2017-07-11T08:12:55.021+0200: 1,405: Total time for which application threads were stopped: 0,0002578 seconds, Stopping threads took: 0,0000341 seconds
2017-07-11T08:12:55.462+0200: 1,845: Total time for which application threads were stopped: 0,0002170 seconds, Stopping threads took: 0,0000141 seconds
2017-07-11T08:12:55.492+0200: 1,876: Total time for which application threads were stopped: 0,0003423 seconds, Stopping threads took: 0,0000373 seconds
2017-07-11T08:12:55.562+0200: 1,945: Total time for which application threads were stopped: 0,0002665 seconds, Stopping threads took: 0,0000196 seconds
2017-07-11T08:12:55.563+0200: 1,947: Total time for which application threads were stopped: 0,0002475 seconds, Stopping threads took: 0,0000221 seconds
2017-07-11T08:12:55.612+0200: 1,995: Total time for which application threads were stopped: 0,0002386 seconds, Stopping threads took: 0,0000316 seconds
2017-07-11T08:12:55.938+0200: 2,322: Total time for which application threads were stopped: 0,0002738 seconds, Stopping threads took: 0,0000190 seconds
2017-07-11T08:12:56.476+0200: 2,860: Total time for which application threads were stopped: 0,0024851 seconds, Stopping threads took: 0,0021995 seconds
{Heap before GC invocations=0 (full 0):
 par new generation   total 109248K, used 87424K [0x00000000e0000000, 0x00000000e8000000, 0x00000000e8000000)
  eden space 87424K, 100% used [0x00000000e0000000, 0x00000000e5560000, 0x00000000e5560000)
  from space 21824K,   0% used [0x00000000e5560000, 0x00000000e5560000, 0x00000000e6ab0000)
  to   space 21824K,   0% used [0x00000000e6ab0000, 0x00000000e6ab0000, 0x00000000e8000000)
 concurrent mark-sweep generation total 393216K, used 0K [0x00000000e8000000, 0x0000000100000000, 0x0000000100000000)
 Metaspace       used 17945K, capacity 18240K, committed 18304K, reserved 1064960K
  class space    used 2031K, capacity 2164K, committed 2176K, reserved 1048576K
2017-07-11T08:12:56.650+0200: 3,034: [GC (Allocation Failure) 2017-07-11T08:12:56.651+0200: 3,034: [ParNew
Desired survivor size 20112992 bytes, new threshold 8 (max 8)
- age   1:   12038088 bytes,   12038088 total
: 87424K->11869K(109248K), 0,1061070 secs] 87424K->11869K(502464K), 0,1066606 secs] [Times: user=0,07 sys=0,01, real=0,10 secs] 
Heap after GC invocations=1 (full 0):
 par new generation   total 109248K, used 11869K [0x00000000e0000000, 0x00000000e8000000, 0x00000000e8000000)
  eden space 87424K,   0% used [0x00000000e0000000, 0x00000000e0000000, 0x00000000e5560000)
  from space 21824K,  54% used [0x00000000e6ab0000, 0x00000000e7647448, 0x00000000e8000000)
  to   space 21824K,   0% used [0x00000000e5560000, 0x00000000e5560000, 0x00000000e6ab0000)
 concurrent mark-sweep generation total 393216K, used 0K [0x00000000e8000000, 0x0000000100000000, 0x0000000100000000)
 Metaspace       used 17945K, capacity 18240K, committed 18304K, reserved 1064960K
  class space    used 2031K, capacity 2164K, committed 2176K, reserved 1048576K
}
2017-07-11T08:12:56.757+0200: 3,141: Total time for which application threads were stopped: 0,1272477 seconds, Stopping threads took: 0,0195239 seconds
2017-07-11T08:12:57.683+0200: 4,066: Total time for which application threads were stopped: 0,0078392 seconds, Stopping threads took: 0,0071156 seconds
2017-07-11T08:12:57.879+0200: 4,262: Total time for which application threads were stopped: 0,0085405 seconds, Stopping threads took: 0,0084019 seconds
2017-07-11T08:12:57.879+0200: 4,263: Total time for which application threads were stopped: 0,0000736 seconds, Stopping threads took: 0,0000122 seconds
2017-07-11T08:12:57.885+0200: 4,268: Total time for which application threads were stopped: 0,0006584 seconds, Stopping threads took: 0,0005446 seconds
2017-07-11T08:12:57.885+0200: 4,268: Total time for which application threads were stopped: 0,0000789 seconds, Stopping threads took: 0,0000100 seconds
2017-07-11T08:12:57.885+0200: 4,269: Total time for which application threads were stopped: 0,0000715 seconds, Stopping threads took: 0,0000087 seconds
2017-07-11T08:12:57.885+0200: 4,269: Total time for which application threads were stopped: 0,0000917 seconds, Stopping threads took: 0,0000137 seconds
2017-07-11T08:12:57.886+0200: 4,269: Total time for which application threads were stopped: 0,0000746 seconds, Stopping threads took: 0,0000091 seconds
2017-07-11T08:12:57.887+0200: 4,271: Total time for which application threads were stopped: 0,0001434 seconds, Stopping threads took: 0,0000364 seconds
2017-07-11T08:12:57.888+0200: 4,271: Total time for which application threads were stopped: 0,0000862 seconds, Stopping threads took: 0,0000197 seconds
2017-07-11T08:12:57.922+0200: 4,305: Total time for which application threads were stopped: 0,0076032 seconds, Stopping threads took: 0,0074602 seconds
2017-07-11T08:12:57.922+0200: 4,305: Total time for which application threads were stopped: 0,0000776 seconds, Stopping threads took: 0,0000098 seconds
2017-07-11T08:12:57.922+0200: 4,306: Total time for which application threads were stopped: 0,0000685 seconds, Stopping threads took: 0,0000058 seconds
2017-07-11T08:12:57.922+0200: 4,306: Total time for which application threads were stopped: 0,0000852 seconds, Stopping threads took: 0,0000082 seconds
2017-07-11T08:12:57.923+0200: 4,306: Total time for which application threads were stopped: 0,0000686 seconds, Stopping threads took: 0,0000055 seconds
2017-07-11T08:12:57.923+0200: 4,306: Total time for which application threads were stopped: 0,0000722 seconds, Stopping threads took: 0,0000062 seconds
2017-07-11T08:12:57.923+0200: 4,306: Total time for which application threads were stopped: 0,0000691 seconds, Stopping threads took: 0,0000056 seconds
2017-07-11T08:12:57.923+0200: 4,306: Total time for which application threads were stopped: 0,0000663 seconds, Stopping threads took: 0,0000053 seconds
2017-07-11T08:12:57.923+0200: 4,307: Total time for which application threads were stopped: 0,0000837 seconds, Stopping threads took: 0,0000075 seconds
2017-07-11T08:12:57.923+0200: 4,307: Total time for which application threads were stopped: 0,0000658 seconds, Stopping threads took: 0,0000055 seconds
2017-07-11T08:12:57.924+0200: 4,307: Total time for which application threads were stopped: 0,0000697 seconds, Stopping threads took: 0,0000060 seconds
2017-07-11T08:12:57.924+0200: 4,307: Total time for which application threads were stopped: 0,0000640 seconds, Stopping threads took: 0,0000053 seconds
2017-07-11T08:12:57.924+0200: 4,308: Total time for which application threads were stopped: 0,0001997 seconds, Stopping threads took: 0,0000085 seconds
2017-07-11T08:12:57.925+0200: 4,308: Total time for which application threads were stopped: 0,0000775 seconds, Stopping threads took: 0,0000102 seconds
2017-07-11T08:12:57.931+0200: 4,314: Total time for which application threads were stopped: 0,0001528 seconds, Stopping threads took: 0,0000229 seconds
2017-07-11T08:12:57.931+0200: 4,315: Total time for which application threads were stopped: 0,0000871 seconds, Stopping threads took: 0,0000106 seconds
2017-07-11T08:12:57.931+0200: 4,315: Total time for which application threads were stopped: 0,0000625 seconds, Stopping threads took: 0,0000065 seconds
2017-07-11T08:12:57.931+0200: 4,315: Total time for which application threads were stopped: 0,0000516 seconds, Stopping threads took: 0,0000054 seconds
2017-07-11T08:12:57.932+0200: 4,315: Total time for which application threads were stopped: 0,0000525 seconds, Stopping threads took: 0,0000053 seconds
2017-07-11T08:12:57.932+0200: 4,316: Total time for which application threads were stopped: 0,0003824 seconds, Stopping threads took: 0,0002965 seconds
2017-07-11T08:12:57.942+0200: 4,325: Total time for which application threads were stopped: 0,0001620 seconds, Stopping threads took: 0,0000298 seconds
2017-07-11T08:12:57.962+0200: 4,346: Total time for which application threads were stopped: 0,0002192 seconds, Stopping threads took: 0,0001202 seconds
2017-07-11T08:12:57.963+0200: 4,346: Total time for which application threads were stopped: 0,0000614 seconds, Stopping threads took: 0,0000141 seconds
2017-07-11T08:12:57.963+0200: 4,346: Total time for which application threads were stopped: 0,0000622 seconds, Stopping threads took: 0,0000127 seconds
2017-07-11T08:12:57.963+0200: 4,346: Total time for which application threads were stopped: 0,0000535 seconds, Stopping threads took: 0,0000086 seconds
2017-07-11T08:12:57.963+0200: 4,346: Total time for which application threads were stopped: 0,0000518 seconds, Stopping threads took: 0,0000082 seconds
2017-07-11T08:12:57.963+0200: 4,347: Total time for which application threads were stopped: 0,0000518 seconds, Stopping threads took: 0,0000082 seconds
2017-07-11T08:12:57.963+0200: 4,347: Total time for which application threads were stopped: 0,0000736 seconds, Stopping threads took: 0,0000147 seconds
2017-07-11T08:12:57.964+0200: 4,347: Total time for which application threads were stopped: 0,0000531 seconds, Stopping threads took: 0,0000104 seconds
2017-07-11T08:12:57.964+0200: 4,347: Total time for which application threads were stopped: 0,0000489 seconds, Stopping threads took: 0,0000083 seconds
2017-07-11T08:12:57.964+0200: 4,347: Total time for which application threads were stopped: 0,0000450 seconds, Stopping threads took: 0,0000079 seconds
2017-07-11T08:12:57.964+0200: 4,347: Total time for which application threads were stopped: 0,0000495 seconds, Stopping threads took: 0,0000090 seconds
2017-07-11T08:12:57.964+0200: 4,347: Total time for which application threads were stopped: 0,0000464 seconds, Stopping threads took: 0,0000078 seconds
2017-07-11T08:12:57.964+0200: 4,347: Total time for which application threads were stopped: 0,0000460 seconds, Stopping threads took: 0,0000088 seconds
2017-07-11T08:12:57.964+0200: 4,348: Total time for which application threads were stopped: 0,0000458 seconds, Stopping threads took: 0,0000078 seconds
2017-07-11T08:12:57.964+0200: 4,348: Total time for which application threads were stopped: 0,0000477 seconds, Stopping threads took: 0,0000080 seconds
2017-07-11T08:12:57.964+0200: 4,348: Total time for which application threads were stopped: 0,0000476 seconds, Stopping threads took: 0,0000076 seconds
2017-07-11T08:12:57.965+0200: 4,349: Total time for which application threads were stopped: 0,0000965 seconds, Stopping threads took: 0,0000229 seconds
2017-07-11T08:12:57.966+0200: 4,349: Total time for which application threads were stopped: 0,0000707 seconds, Stopping threads took: 0,0000119 seconds
2017-07-11T08:12:57.967+0200: 4,351: Total time for which application threads were stopped: 0,0001401 seconds, Stopping threads took: 0,0000672 seconds
2017-07-11T08:12:57.967+0200: 4,351: Total time for which application threads were stopped: 0,0001582 seconds, Stopping threads took: 0,0000137 seconds
2017-07-11T08:12:57.976+0200: 4,359: Total time for which application threads were stopped: 0,0002320 seconds, Stopping threads took: 0,0000807 seconds
2017-07-11T08:12:57.978+0200: 4,362: Total time for which application threads were stopped: 0,0001069 seconds, Stopping threads took: 0,0000251 seconds
2017-07-11T08:12:57.985+0200: 4,368: Total time for which application threads were stopped: 0,0027454 seconds, Stopping threads took: 0,0026062 seconds
2017-07-11T08:12:58.020+0200: 4,403: Total time for which application threads were stopped: 0,0001295 seconds, Stopping threads took: 0,0000444 seconds
2017-07-11T08:12:58.039+0200: 4,423: Total time for which application threads were stopped: 0,0003371 seconds, Stopping threads took: 0,0000720 seconds
{Heap before GC invocations=1 (full 0):
 par new generation   total 109248K, used 99293K [0x00000000e0000000, 0x00000000e8000000, 0x00000000e8000000)
  eden space 87424K, 100% used [0x00000000e0000000, 0x00000000e5560000, 0x00000000e5560000)
  from space 21824K,  54% used [0x00000000e6ab0000, 0x00000000e7647448, 0x00000000e8000000)
  to   space 21824K,   0% used [0x00000000e5560000, 0x00000000e5560000, 0x00000000e6ab0000)
 concurrent mark-sweep generation total 393216K, used 0K [0x00000000e8000000, 0x0000000100000000, 0x0000000100000000)
 Metaspace       used 19984K, capacity 20354K, committed 20736K, reserved 1067008K
  class space    used 2292K, capacity 2465K, committed 2560K, reserved 1048576K
2017-07-11T08:12:58.103+0200: 4,486: [GC (Allocation Failure) 2017-07-11T08:12:58.103+0200: 4,486: [ParNew
Desired survivor size 20112992 bytes, new threshold 8 (max 8)
- age   1:    3743352 bytes,    3743352 total
- age   2:    6601672 bytes,   10345024 total
: 99293K->13536K(109248K), 0,0178254 secs] 99293K->13536K(502464K), 0,0179217 secs] [Times: user=0,04 sys=0,00, real=0,02 secs] 
Heap after GC invocations=2 (full 0):
 par new generation   total 109248K, used 13536K [0x00000000e0000000, 0x00000000e8000000, 0x00000000e8000000)
  eden space 87424K,   0% used [0x00000000e0000000, 0x00000000e0000000, 0x00000000e5560000)
  from space 21824K,  62% used [0x00000000e5560000, 0x00000000e6298090, 0x00000000e6ab0000)
  to   space 21824K,   0% used [0x00000000e6ab0000, 0x00000000e6ab0000, 0x00000000e8000000)
 concurrent mark-sweep generation total 393216K, used 0K [0x00000000e8000000, 0x0000000100000000, 0x0000000100000000)
 Metaspace       used 19984K, capacity 20354K, committed 20736K, reserved 1067008K
  class space    used 2292K, capacity 2465K, committed 2560K, reserved 1048576K
}
2017-07-11T08:12:58.121+0200: 4,504: Total time for which application threads were stopped: 0,0181852 seconds, Stopping threads took: 0,0000707 seconds
2017-07-11T08:12:58.136+0200: 4,519: Total time for which application threads were stopped: 0,0015295 seconds, Stopping threads took: 0,0012258 seconds
2017-07-11T08:12:58.151+0200: 4,535: Total time for which application threads were stopped: 0,0001536 seconds, Stopping threads took: 0,0000747 seconds
2017-07-11T08:12:58.151+0200: 4,535: Total time for which application threads were stopped: 0,0000833 seconds, Stopping threads took: 0,0000461 seconds
2017-07-11T08:12:58.168+0200: 4,552: Total time for which application threads were stopped: 0,0001252 seconds, Stopping threads took: 0,0000412 seconds
2017-07-11T08:12:58.181+0200: 4,565: Total time for which application threads were stopped: 0,0034652 seconds, Stopping threads took: 0,0033757 seconds
2017-07-11T08:12:58.190+0200: 4,573: Total time for which application threads were stopped: 0,0003737 seconds, Stopping threads took: 0,0000716 seconds
2017-07-11T08:12:58.203+0200: 4,586: Total time for which application threads were stopped: 0,0001971 seconds, Stopping threads took: 0,0000640 seconds
2017-07-11T08:12:58.204+0200: 4,587: Total time for which application threads were stopped: 0,0001355 seconds, Stopping threads took: 0,0000493 seconds
2017-07-11T08:12:58.204+0200: 4,588: Total time for which application threads were stopped: 0,0000760 seconds, Stopping threads took: 0,0000133 seconds
2017-07-11T08:12:58.204+0200: 4,588: Total time for which application threads were stopped: 0,0000841 seconds, Stopping threads took: 0,0000153 seconds
2017-07-11T08:12:58.205+0200: 4,588: Total time for which application threads were stopped: 0,0000888 seconds, Stopping threads took: 0,0000333 seconds
2017-07-11T08:12:58.205+0200: 4,589: Total time for which application threads were stopped: 0,0002569 seconds, Stopping threads took: 0,0000423 seconds
2017-07-11T08:12:58.214+0200: 4,597: Total time for which application threads were stopped: 0,0037989 seconds, Stopping threads took: 0,0036982 seconds
2017-07-11T08:12:58.214+0200: 4,598: Total time for which application threads were stopped: 0,0001041 seconds, Stopping threads took: 0,0000367 seconds
2017-07-11T08:12:58.214+0200: 4,598: Total time for which application threads were stopped: 0,0000902 seconds, Stopping threads took: 0,0000144 seconds
2017-07-11T08:12:58.215+0200: 4,599: Total time for which application threads were stopped: 0,0002416 seconds, Stopping threads took: 0,0001644 seconds
2017-07-11T08:12:58.216+0200: 4,599: Total time for which application threads were stopped: 0,0000738 seconds, Stopping threads took: 0,0000196 seconds
2017-07-11T08:12:58.218+0200: 4,601: Total time for which application threads were stopped: 0,0001099 seconds, Stopping threads took: 0,0000424 seconds
2017-07-11T08:12:58.218+0200: 4,602: Total time for which application threads were stopped: 0,0000845 seconds, Stopping threads took: 0,0000320 seconds
2017-07-11T08:12:58.220+0200: 4,603: Total time for which application threads were stopped: 0,0014473 seconds, Stopping threads took: 0,0013491 seconds
2017-07-11T08:12:58.220+0200: 4,603: Total time for which application threads were stopped: 0,0001260 seconds, Stopping threads took: 0,0000621 seconds
2017-07-11T08:12:58.220+0200: 4,604: Total time for which application threads were stopped: 0,0000822 seconds, Stopping threads took: 0,0000177 seconds
2017-07-11T08:12:58.221+0200: 4,604: Total time for which application threads were stopped: 0,0000884 seconds, Stopping threads took: 0,0000426 seconds
2017-07-11T08:12:58.221+0200: 4,604: Total time for which application threads were stopped: 0,0000682 seconds, Stopping threads took: 0,0000101 seconds
2017-07-11T08:12:58.221+0200: 4,604: Total time for which application threads were stopped: 0,0000667 seconds, Stopping threads took: 0,0000260 seconds
2017-07-11T08:12:58.221+0200: 4,605: Total time for which application threads were stopped: 0,0000994 seconds, Stopping threads took: 0,0000429 seconds
2017-07-11T08:12:58.330+0200: 4,713: Total time for which application threads were stopped: 0,0029332 seconds, Stopping threads took: 0,0027792 seconds
2017-07-11T08:12:58.342+0200: 4,726: Total time for which application threads were stopped: 0,0001606 seconds, Stopping threads took: 0,0000674 seconds
2017-07-11T08:12:58.342+0200: 4,726: Total time for which application threads were stopped: 0,0001669 seconds, Stopping threads took: 0,0000245 seconds
2017-07-11T08:12:58.410+0200: 4,793: Total time for which application threads were stopped: 0,0019890 seconds, Stopping threads took: 0,0018641 seconds
{Heap before GC invocations=2 (full 0):
 par new generation   total 109248K, used 100960K [0x00000000e0000000, 0x00000000e8000000, 0x00000000e8000000)
  eden space 87424K, 100% used [0x00000000e0000000, 0x00000000e5560000, 0x00000000e5560000)
  from space 21824K,  62% used [0x00000000e5560000, 0x00000000e6298090, 0x00000000e6ab0000)
  to   space 21824K,   0% used [0x00000000e6ab0000, 0x00000000e6ab0000, 0x00000000e8000000)
 concurrent mark-sweep generation total 393216K, used 0K [0x00000000e8000000, 0x0000000100000000, 0x0000000100000000)
 Metaspace       used 20957K, capacity 21276K, committed 21552K, reserved 1069056K
  class space    used 2416K, capacity 2584K, committed 2608K, reserved 1048576K
2017-07-11T08:12:58.444+0200: 4,827: [GC (Allocation Failure) 2017-07-11T08:12:58.444+0200: 4,827: [ParNew
Desired survivor size 20112992 bytes, new threshold 8 (max 8)
- age   1:    2119896 bytes,    2119896 total
- age   2:     891784 bytes,    3011680 total
- age   3:    6598264 bytes,    9609944 total
: 100960K->12874K(109248K), 0,0311730 secs] 100960K->12874K(502464K), 0,0312972 secs] [Times: user=0,06 sys=0,01, real=0,03 secs] 
Heap after GC invocations=3 (full 0):
 par new generation   total 109248K, used 12874K [0x00000000e0000000, 0x00000000e8000000, 0x00000000e8000000)
  eden space 87424K,   0% used [0x00000000e0000000, 0x00000000e0000000, 0x00000000e5560000)
  from space 21824K,  58% used [0x00000000e6ab0000, 0x00000000e7742bf8, 0x00000000e8000000)
  to   space 21824K,   0% used [0x00000000e5560000, 0x00000000e5560000, 0x00000000e6ab0000)
 concurrent mark-sweep generation total 393216K, used 0K [0x00000000e8000000, 0x0000000100000000, 0x0000000100000000)
 Metaspace       used 20957K, capacity 21276K, committed 21552K, reserved 1069056K
  class space    used 2416K, capacity 2584K, committed 2608K, reserved 1048576K
}
2017-07-11T08:12:58.475+0200: 4,859: Total time for which application threads were stopped: 0,0315610 seconds, Stopping threads took: 0,0000480 seconds
2017-07-11T08:12:58.484+0200: 4,867: [GC (CMS Initial Mark) [1 CMS-initial-mark: 0K(393216K)] 15003K(502464K), 0,0078623 secs] [Times: user=0,02 sys=0,00, real=0,01 secs] 
2017-07-11T08:12:58.491+0200: 4,875: Total time for which application threads were stopped: 0,0091691 seconds, Stopping threads took: 0,0011794 seconds
2017-07-11T08:12:58.492+0200: 4,875: [CMS-concurrent-mark-start]
2017-07-11T08:12:58.496+0200: 4,880: [CMS-concurrent-mark: 0,005/0,005 secs] [Times: user=0,01 sys=0,00, real=0,00 secs] 
2017-07-11T08:12:58.496+0200: 4,880: [CMS-concurrent-preclean-start]
2017-07-11T08:12:58.498+0200: 4,881: [CMS-concurrent-preclean: 0,001/0,001 secs] [Times: user=0,01 sys=0,00, real=0,00 secs] 
2017-07-11T08:12:58.498+0200: 4,881: [CMS-concurrent-abortable-preclean-start]
2017-07-11T08:12:58.503+0200: 4,887: Total time for which application threads were stopped: 0,0001393 seconds, Stopping threads took: 0,0000604 seconds
2017-07-11T08:12:58.514+0200: 4,897: Total time for which application threads were stopped: 0,0001385 seconds, Stopping threads took: 0,0000557 seconds
2017-07-11T08:12:58.537+0200: 4,921: Total time for which application threads were stopped: 0,0001365 seconds, Stopping threads took: 0,0000338 seconds
2017-07-11T08:12:58.545+0200: 4,928: Total time for which application threads were stopped: 0,0040171 seconds, Stopping threads took: 0,0039464 seconds
2017-07-11T08:12:58.632+0200: 5,015: Total time for which application threads were stopped: 0,0001703 seconds, Stopping threads took: 0,0000668 seconds
{Heap before GC invocations=3 (full 1):
 par new generation   total 109248K, used 100298K [0x00000000e0000000, 0x00000000e8000000, 0x00000000e8000000)
  eden space 87424K, 100% used [0x00000000e0000000, 0x00000000e5560000, 0x00000000e5560000)
  from space 21824K,  58% used [0x00000000e6ab0000, 0x00000000e7742bf8, 0x00000000e8000000)
  to   space 21824K,   0% used [0x00000000e5560000, 0x00000000e5560000, 0x00000000e6ab0000)
 concurrent mark-sweep generation total 393216K, used 0K [0x00000000e8000000, 0x0000000100000000, 0x0000000100000000)
 Metaspace       used 21236K, capacity 21628K, committed 21884K, reserved 1069056K
  class space    used 2444K, capacity 2601K, committed 2608K, reserved 1048576K
2017-07-11T08:12:58.638+0200: 5,021: [GC (Allocation Failure) 2017-07-11T08:12:58.638+0200: 5,021: [ParNew
Desired survivor size 20112992 bytes, new threshold 8 (max 8)
- age   1:     551608 bytes,     551608 total
- age   2:    1473104 bytes,    2024712 total
- age   3:     857928 bytes,    2882640 total
- age   4:    6598288 bytes,    9480928 total
: 100298K->12374K(109248K), 0,0239249 secs] 100298K->12374K(502464K), 0,0240056 secs] [Times: user=0,06 sys=0,00, real=0,02 secs] 
Heap after GC invocations=4 (full 1):
 par new generation   total 109248K, used 12374K [0x00000000e0000000, 0x00000000e8000000, 0x00000000e8000000)
  eden space 87424K,   0% used [0x00000000e0000000, 0x00000000e0000000, 0x00000000e5560000)
  from space 21824K,  56% used [0x00000000e5560000, 0x00000000e6175a20, 0x00000000e6ab0000)
  to   space 21824K,   0% used [0x00000000e6ab0000, 0x00000000e6ab0000, 0x00000000e8000000)
 concurrent mark-sweep generation total 393216K, used 0K [0x00000000e8000000, 0x0000000100000000, 0x0000000100000000)
 Metaspace       used 21236K, capacity 21628K, committed 21884K, reserved 1069056K
  class space    used 2444K, capacity 2601K, committed 2608K, reserved 1048576K
}
2017-07-11T08:12:58.662+0200: 5,045: Total time for which application threads were stopped: 0,0241972 seconds, Stopping threads took: 0,0000397 seconds
2017-07-11T08:12:58.662+0200: 5,046: [CMS-concurrent-abortable-preclean: 0,127/0,164 secs] [Times: user=0,44 sys=0,00, real=0,17 secs] 
2017-07-11T08:12:58.672+0200: 5,055: [GC (CMS Final Remark) [YG occupancy: 23646 K (109248 K)]{Heap before GC invocations=4 (full 1):
 par new generation   total 109248K, used 23646K [0x00000000e0000000, 0x00000000e8000000, 0x00000000e8000000)
  eden space 87424K,  12% used [0x00000000e0000000, 0x00000000e0b020e0, 0x00000000e5560000)
  from space 21824K,  56% used [0x00000000e5560000, 0x00000000e6175a20, 0x00000000e6ab0000)
  to   space 21824K,   0% used [0x00000000e6ab0000, 0x00000000e6ab0000, 0x00000000e8000000)
 concurrent mark-sweep generation total 393216K, used 0K [0x00000000e8000000, 0x0000000100000000, 0x0000000100000000)
 Metaspace       used 21245K, capacity 21628K, committed 21884K, reserved 1069056K
  class space    used 2445K, capacity 2601K, committed 2608K, reserved 1048576K
2017-07-11T08:12:58.672+0200: 5,055: [GC (CMS Final Remark) 2017-07-11T08:12:58.672+0200: 5,055: [ParNew
Desired survivor size 20112992 bytes, new threshold 8 (max 8)
- age   1:    1141128 bytes,    1141128 total
- age   2:     185680 bytes,    1326808 total
- age   3:    1473104 bytes,    2799912 total
- age   4:     857928 bytes,    3657840 total
- age   5:    6598264 bytes,   10256104 total
: 23646K->12951K(109248K), 0,0253315 secs] 23646K->12951K(502464K), 0,0253914 secs] [Times: user=0,05 sys=0,00, real=0,02 secs] 
Heap after GC invocations=5 (full 1):
 par new generation   total 109248K, used 12951K [0x00000000e0000000, 0x00000000e8000000, 0x00000000e8000000)
  eden space 87424K,   0% used [0x00000000e0000000, 0x00000000e0000000, 0x00000000e5560000)
  from space 21824K,  59% used [0x00000000e6ab0000, 0x00000000e7755c28, 0x00000000e8000000)
  to   space 21824K,   0% used [0x00000000e5560000, 0x00000000e5560000, 0x00000000e6ab0000)
 concurrent mark-sweep generation total 393216K, used 0K [0x00000000e8000000, 0x0000000100000000, 0x0000000100000000)
 Metaspace       used 21245K, capacity 21628K, committed 21884K, reserved 1069056K
  class space    used 2445K, capacity 2601K, committed 2608K, reserved 1048576K
}
2017-07-11T08:12:58.697+0200: 5,081: [Rescan (parallel) , 0,0089592 secs]2017-07-11T08:12:58.706+0200: 5,090: [weak refs processing, 0,0042895 secs]2017-07-11T08:12:58.710+0200: 5,094: [class unloading, 0,0031198 secs]2017-07-11T08:12:58.714+0200: 5,097: [scrub symbol table, 0,0037807 secs]2017-07-11T08:12:58.717+0200: 5,101: [scrub string table, 0,0004105 secs][1 CMS-remark: 0K(393216K)] 12951K(502464K), 0,0466497 secs] [Times: user=0,08 sys=0,00, real=0,05 secs] 
2017-07-11T08:12:58.718+0200: 5,102: Total time for which application threads were stopped: 0,0468243 seconds, Stopping threads took: 0,0000651 seconds
2017-07-11T08:12:58.718+0200: 5,102: [CMS-concurrent-sweep-start]
2017-07-11T08:12:58.718+0200: 5,102: [CMS-concurrent-sweep: 0,000/0,000 secs] [Times: user=0,00 sys=0,00, real=0,00 secs] 
2017-07-11T08:12:58.718+0200: 5,102: [CMS-concurrent-reset-start]
2017-07-11T08:12:58.720+0200: 5,104: [CMS-concurrent-reset: 0,002/0,002 secs] [Times: user=0,00 sys=0,00, real=0,00 secs] 
{Heap before GC invocations=5 (full 1):
 par new generation   total 109248K, used 100375K [0x00000000e0000000, 0x00000000e8000000, 0x00000000e8000000)
  eden space 87424K, 100% used [0x00000000e0000000, 0x00000000e5560000, 0x00000000e5560000)
  from space 21824K,  59% used [0x00000000e6ab0000, 0x00000000e7755c28, 0x00000000e8000000)
  to   space 21824K,   0% used [0x00000000e5560000, 0x00000000e5560000, 0x00000000e6ab0000)
 concurrent mark-sweep generation total 393216K, used 0K [0x00000000e8000000, 0x0000000100000000, 0x0000000100000000)
 Metaspace       used 21456K, capacity 21870K, committed 22012K, reserved 1069056K
  class space    used 2473K, capacity 2636K, committed 2736K, reserved 1048576K
2017-07-11T08:12:58.843+0200: 5,227: [GC (Allocation Failure) 2017-07-11T08:12:58.843+0200: 5,227: [ParNew
Desired survivor size 20112992 bytes, new threshold 8 (max 8)
- age   1:     776000 bytes,     776000 total
- age   2:      15296 bytes,     791296 total
- age   3:     184368 bytes,     975664 total
- age   4:    1471288 bytes,    2446952 total
- age   5:     855656 bytes,    3302608 total
- age   6:    6598256 bytes,    9900864 total
: 100375K->11099K(109248K), 0,0192099 secs] 100375K->11099K(502464K), 0,0192861 secs] [Times: user=0,05 sys=0,00, real=0,02 secs] 
Heap after GC invocations=6 (full 1):
 par new generation   total 109248K, used 11099K [0x00000000e0000000, 0x00000000e8000000, 0x00000000e8000000)
  eden space 87424K,   0% used [0x00000000e0000000, 0x00000000e0000000, 0x00000000e5560000)
  from space 21824K,  50% used [0x00000000e5560000, 0x00000000e6036f40, 0x00000000e6ab0000)
  to   space 21824K,   0% used [0x00000000e6ab0000, 0x00000000e6ab0000, 0x00000000e8000000)
 concurrent mark-sweep generation total 393216K, used 0K [0x00000000e8000000, 0x0000000100000000, 0x0000000100000000)
 Metaspace       used 21456K, capacity 21870K, committed 22012K, reserved 1069056K
  class space    used 2473K, capacity 2636K, committed 2736K, reserved 1048576K
}
2017-07-11T08:12:58.862+0200: 5,246: Total time for which application threads were stopped: 0,0211014 seconds, Stopping threads took: 0,0016299 seconds
2017-07-11T08:12:58.879+0200: 5,262: Total time for which application threads were stopped: 0,0001283 seconds, Stopping threads took: 0,0000412 seconds
2017-07-11T08:12:58.887+0200: 5,270: Total time for which application threads were stopped: 0,0061489 seconds, Stopping threads took: 0,0060547 seconds
2017-07-11T08:12:58.887+0200: 5,271: Total time for which application threads were stopped: 0,0000782 seconds, Stopping threads took: 0,0000150 seconds
2017-07-11T08:12:58.898+0200: 5,281: Total time for which application threads were stopped: 0,0003901 seconds, Stopping threads took: 0,0000359 seconds
2017-07-11T08:12:59.090+0200: 5,474: Total time for which application threads were stopped: 0,0001848 seconds, Stopping threads took: 0,0000479 seconds
2017-07-11T08:12:59.181+0200: 5,564: Total time for which application threads were stopped: 0,0001798 seconds, Stopping threads took: 0,0000671 seconds
2017-07-11T08:12:59.217+0200: 5,601: Total time for which application threads were stopped: 0,0028981 seconds, Stopping threads took: 0,0027829 seconds
2017-07-11T08:12:59.292+0200: 5,676: Total time for which application threads were stopped: 0,0001626 seconds, Stopping threads took: 0,0000382 seconds
2017-07-11T08:12:59.323+0200: 5,706: Total time for which application threads were stopped: 0,0004701 seconds, Stopping threads took: 0,0000412 seconds
2017-07-11T08:12:59.324+0200: 5,708: Total time for which application threads were stopped: 0,0000957 seconds, Stopping threads took: 0,0000355 seconds
2017-07-11T08:12:59.324+0200: 5,708: Total time for which application threads were stopped: 0,0000857 seconds, Stopping threads took: 0,0000135 seconds
2017-07-11T08:12:59.345+0200: 5,729: Total time for which application threads were stopped: 0,0005353 seconds, Stopping threads took: 0,0000514 seconds
2017-07-11T08:12:59.360+0200: 5,743: Total time for which application threads were stopped: 0,0001631 seconds, Stopping threads took: 0,0000512 seconds
2017-07-11T08:12:59.362+0200: 5,746: Total time for which application threads were stopped: 0,0000981 seconds, Stopping threads took: 0,0000235 seconds
2017-07-11T08:12:59.368+0200: 5,751: Total time for which application threads were stopped: 0,0001893 seconds, Stopping threads took: 0,0001202 seconds
2017-07-11T08:12:59.387+0200: 5,770: Total time for which application threads were stopped: 0,0001125 seconds, Stopping threads took: 0,0000439 seconds
2017-07-11T08:12:59.390+0200: 5,773: Total time for which application threads were stopped: 0,0026385 seconds, Stopping threads took: 0,0025488 seconds
2017-07-11T08:12:59.390+0200: 5,774: Total time for which application threads were stopped: 0,0000915 seconds, Stopping threads took: 0,0000311 seconds
2017-07-11T08:12:59.400+0200: 5,784: Total time for which application threads were stopped: 0,0000812 seconds, Stopping threads took: 0,0000207 seconds
2017-07-11T08:12:59.446+0200: 5,829: Total time for which application threads were stopped: 0,0001305 seconds, Stopping threads took: 0,0000419 seconds
{Heap before GC invocations=6 (full 1):
 par new generation   total 109248K, used 98523K [0x00000000e0000000, 0x00000000e8000000, 0x00000000e8000000)
  eden space 87424K, 100% used [0x00000000e0000000, 0x00000000e5560000, 0x00000000e5560000)
  from space 21824K,  50% used [0x00000000e5560000, 0x00000000e6036f40, 0x00000000e6ab0000)
  to   space 21824K,   0% used [0x00000000e6ab0000, 0x00000000e6ab0000, 0x00000000e8000000)
 concurrent mark-sweep generation total 393216K, used 0K [0x00000000e8000000, 0x0000000100000000, 0x0000000100000000)
 Metaspace       used 24026K, capacity 24460K, committed 24624K, reserved 1071104K
  class space    used 2832K, capacity 3009K, committed 3120K, reserved 1048576K
2017-07-11T08:12:59.581+0200: 5,965: [GC (Allocation Failure) 2017-07-11T08:12:59.581+0200: 5,965: [ParNew
Desired survivor size 20112992 bytes, new threshold 8 (max 8)
- age   1:    5469800 bytes,    5469800 total
- age   2:     184288 bytes,    5654088 total
- age   3:      15264 bytes,    5669352 total
- age   4:     183664 bytes,    5853016 total
- age   5:     301216 bytes,    6154232 total
- age   6:     829568 bytes,    6983800 total
- age   7:    6590072 bytes,   13573872 total
: 98523K->19091K(109248K), 0,0270562 secs] 98523K->19091K(502464K), 0,0271220 secs] [Times: user=0,07 sys=0,00, real=0,03 secs] 
Heap after GC invocations=7 (full 1):
 par new generation   total 109248K, used 19091K [0x00000000e0000000, 0x00000000e8000000, 0x00000000e8000000)
  eden space 87424K,   0% used [0x00000000e0000000, 0x00000000e0000000, 0x00000000e5560000)
  from space 21824K,  87% used [0x00000000e6ab0000, 0x00000000e7d54c70, 0x00000000e8000000)
  to   space 21824K,   0% used [0x00000000e5560000, 0x00000000e5560000, 0x00000000e6ab0000)
 concurrent mark-sweep generation total 393216K, used 0K [0x00000000e8000000, 0x0000000100000000, 0x0000000100000000)
 Metaspace       used 24026K, capacity 24460K, committed 24624K, reserved 1071104K
  class space    used 2832K, capacity 3009K, committed 3120K, reserved 1048576K
}
2017-07-11T08:12:59.609+0200: 5,992: Total time for which application threads were stopped: 0,0273770 seconds, Stopping threads took: 0,0000433 seconds
2017-07-11T08:12:59.624+0200: 6,008: Total time for which application threads were stopped: 0,0007406 seconds, Stopping threads took: 0,0004773 seconds
2017-07-11T08:12:59.628+0200: 6,012: Total time for which application threads were stopped: 0,0001504 seconds, Stopping threads took: 0,0000443 seconds
{Heap before GC invocations=7 (full 1):
 par new generation   total 109248K, used 106515K [0x00000000e0000000, 0x00000000e8000000, 0x00000000e8000000)
  eden space 87424K, 100% used [0x00000000e0000000, 0x00000000e5560000, 0x00000000e5560000)
  from space 21824K,  87% used [0x00000000e6ab0000, 0x00000000e7d54c70, 0x00000000e8000000)
  to   space 21824K,   0% used [0x00000000e5560000, 0x00000000e5560000, 0x00000000e6ab0000)
 concurrent mark-sweep generation total 393216K, used 0K [0x00000000e8000000, 0x0000000100000000, 0x0000000100000000)
 Metaspace       used 24382K, capacity 24892K, committed 25136K, reserved 1071104K
  class space    used 2856K, capacity 3044K, committed 3120K, reserved 1048576K
2017-07-11T08:12:59.776+0200: 6,160: [GC (Allocation Failure) 2017-07-11T08:12:59.776+0200: 6,160: [ParNew
Desired survivor size 20112992 bytes, new threshold 8 (max 8)
- age   1:    1741288 bytes,    1741288 total
- age   2:    1796896 bytes,    3538184 total
- age   3:      91304 bytes,    3629488 total
- age   4:       6520 bytes,    3636008 total
- age   5:     103688 bytes,    3739696 total
- age   6:     206448 bytes,    3946144 total
- age   7:     786608 bytes,    4732752 total
- age   8:    6057728 bytes,   10790480 total
: 106515K->14184K(109248K), 0,0326242 secs] 106515K->14184K(502464K), 0,0327028 secs] [Times: user=0,04 sys=0,00, real=0,04 secs] 
Heap after GC invocations=8 (full 1):
 par new generation   total 109248K, used 14184K [0x00000000e0000000, 0x00000000e8000000, 0x00000000e8000000)
  eden space 87424K,   0% used [0x00000000e0000000, 0x00000000e0000000, 0x00000000e5560000)
  from space 21824K,  64% used [0x00000000e5560000, 0x00000000e633a100, 0x00000000e6ab0000)
  to   space 21824K,   0% used [0x00000000e6ab0000, 0x00000000e6ab0000, 0x00000000e8000000)
 concurrent mark-sweep generation total 393216K, used 0K [0x00000000e8000000, 0x0000000100000000, 0x0000000100000000)
 Metaspace       used 24382K, capacity 24892K, committed 25136K, reserved 1071104K
  class space    used 2856K, capacity 3044K, committed 3120K, reserved 1048576K
}
2017-07-11T08:12:59.809+0200: 6,193: Total time for which application threads were stopped: 0,0336042 seconds, Stopping threads took: 0,0006653 seconds
2017-07-11T08:12:59.815+0200: 6,199: Total time for which application threads were stopped: 0,0056811 seconds, Stopping threads took: 0,0054508 seconds
2017-07-11T08:12:59.815+0200: 6,199: Total time for which application threads were stopped: 0,0001267 seconds, Stopping threads took: 0,0000246 seconds
2017-07-11T08:12:59.815+0200: 6,199: Total time for which application threads were stopped: 0,0000932 seconds, Stopping threads took: 0,0000126 seconds
{Heap before GC invocations=8 (full 1):
 par new generation   total 109248K, used 101608K [0x00000000e0000000, 0x00000000e8000000, 0x00000000e8000000)
  eden space 87424K, 100% used [0x00000000e0000000, 0x00000000e5560000, 0x00000000e5560000)
  from space 21824K,  64% used [0x00000000e5560000, 0x00000000e633a100, 0x00000000e6ab0000)
  to   space 21824K,   0% used [0x00000000e6ab0000, 0x00000000e6ab0000, 0x00000000e8000000)
 concurrent mark-sweep generation total 393216K, used 0K [0x00000000e8000000, 0x0000000100000000, 0x0000000100000000)
 Metaspace       used 24772K, capacity 25260K, committed 25392K, reserved 1071104K
  class space    used 2891K, capacity 3079K, committed 3120K, reserved 1048576K
2017-07-11T08:12:59.925+0200: 6,309: [GC (Allocation Failure) 2017-07-11T08:12:59.925+0200: 6,309: [ParNew
Desired survivor size 20112992 bytes, new threshold 8 (max 8)
- age   1:     834888 bytes,     834888 total
- age   2:     953640 bytes,    1788528 total
- age   3:    1774512 bytes,    3563040 total
- age   4:      91272 bytes,    3654312 total
- age   5:       6520 bytes,    3660832 total
- age   6:     103520 bytes,    3764352 total
- age   7:     203584 bytes,    3967936 total
- age   8:     785808 bytes,    4753744 total
: 101608K->7155K(109248K), 0,0473438 secs] 101608K->13667K(502464K), 0,0474263 secs] [Times: user=0,08 sys=0,00, real=0,05 secs] 
Heap after GC invocations=9 (full 1):
 par new generation   total 109248K, used 7155K [0x00000000e0000000, 0x00000000e8000000, 0x00000000e8000000)
  eden space 87424K,   0% used [0x00000000e0000000, 0x00000000e0000000, 0x00000000e5560000)
  from space 21824K,  32% used [0x00000000e6ab0000, 0x00000000e71acef8, 0x00000000e8000000)
  to   space 21824K,   0% used [0x00000000e5560000, 0x00000000e5560000, 0x00000000e6ab0000)
 concurrent mark-sweep generation total 393216K, used 6511K [0x00000000e8000000, 0x0000000100000000, 0x0000000100000000)
 Metaspace       used 24772K, capacity 25260K, committed 25392K, reserved 1071104K
  class space    used 2891K, capacity 3079K, committed 3120K, reserved 1048576K
}
2017-07-11T08:12:59.973+0200: 6,356: Total time for which application threads were stopped: 0,0477110 seconds, Stopping threads took: 0,0000938 seconds
2017-07-11T08:13:00.126+0200: 6,510: Total time for which application threads were stopped: 0,0002222 seconds, Stopping threads took: 0,0000813 seconds
2017-07-11T08:13:00.130+0200: 6,514: Total time for which application threads were stopped: 0,0002754 seconds, Stopping threads took: 0,0001799 seconds
2017-07-11T08:13:00.134+0200: 6,518: Total time for which application threads were stopped: 0,0001468 seconds, Stopping threads took: 0,0000597 seconds
2017-07-11T08:13:00.136+0200: 6,520: Total time for which application threads were stopped: 0,0012573 seconds, Stopping threads took: 0,0011785 seconds
2017-07-11T08:13:00.202+0200: 6,585: Total time for which application threads were stopped: 0,0001784 seconds, Stopping threads took: 0,0000970 seconds
2017-07-11T08:13:00.204+0200: 6,587: Total time for which application threads were stopped: 0,0001318 seconds, Stopping threads took: 0,0000377 seconds
2017-07-11T08:13:00.211+0200: 6,595: Total time for which application threads were stopped: 0,0001411 seconds, Stopping threads took: 0,0000541 seconds
2017-07-11T08:13:00.212+0200: 6,595: Total time for which application threads were stopped: 0,0001016 seconds, Stopping threads took: 0,0000351 seconds
2017-07-11T08:13:00.230+0200: 6,613: Total time for which application threads were stopped: 0,0002391 seconds, Stopping threads took: 0,0000973 seconds
2017-07-11T08:13:00.250+0200: 6,633: Total time for which application threads were stopped: 0,0000944 seconds, Stopping threads took: 0,0000306 seconds
2017-07-11T08:13:00.250+0200: 6,634: Total time for which application threads were stopped: 0,0003517 seconds, Stopping threads took: 0,0000116 seconds
2017-07-11T08:13:00.299+0200: 6,683: Total time for which application threads were stopped: 0,0002364 seconds, Stopping threads took: 0,0001318 seconds
2017-07-11T08:13:00.312+0200: 6,695: Total time for which application threads were stopped: 0,0004083 seconds, Stopping threads took: 0,0000216 seconds
2017-07-11T08:13:00.328+0200: 6,712: Total time for which application threads were stopped: 0,0004555 seconds, Stopping threads took: 0,0000646 seconds
2017-07-11T08:13:00.400+0200: 6,783: Total time for which application threads were stopped: 0,0004836 seconds, Stopping threads took: 0,0001248 seconds
2017-07-11T08:13:00.413+0200: 6,796: Total time for which application threads were stopped: 0,0001439 seconds, Stopping threads took: 0,0000521 seconds
2017-07-11T08:13:00.416+0200: 6,799: Total time for which application threads were stopped: 0,0002757 seconds, Stopping threads took: 0,0002084 seconds
2017-07-11T08:13:00.416+0200: 6,800: Total time for which application threads were stopped: 0,0000933 seconds, Stopping threads took: 0,0000221 seconds
2017-07-11T08:13:00.427+0200: 6,811: Total time for which application threads were stopped: 0,0001900 seconds, Stopping threads took: 0,0000582 seconds
2017-07-11T08:13:00.441+0200: 6,824: Total time for which application threads were stopped: 0,0001973 seconds, Stopping threads took: 0,0000935 seconds
2017-07-11T08:13:00.460+0200: 6,843: Total time for which application threads were stopped: 0,0001791 seconds, Stopping threads took: 0,0000532 seconds
2017-07-11T08:13:00.477+0200: 6,861: Total time for which application threads were stopped: 0,0001592 seconds, Stopping threads took: 0,0000592 seconds
2017-07-11T08:13:00.481+0200: 6,864: Total time for which application threads were stopped: 0,0001912 seconds, Stopping threads took: 0,0000856 seconds
2017-07-11T08:13:00.529+0200: 6,913: Total time for which application threads were stopped: 0,0001688 seconds, Stopping threads took: 0,0001018 seconds
2017-07-11T08:13:00.533+0200: 6,917: Total time for which application threads were stopped: 0,0035152 seconds, Stopping threads took: 0,0034598 seconds
2017-07-11T08:13:00.547+0200: 6,930: Total time for which application threads were stopped: 0,0001086 seconds, Stopping threads took: 0,0000379 seconds
2017-07-11T08:13:00.547+0200: 6,931: Total time for which application threads were stopped: 0,0004370 seconds, Stopping threads took: 0,0000490 seconds
2017-07-11T08:13:00.588+0200: 6,972: Total time for which application threads were stopped: 0,0002012 seconds, Stopping threads took: 0,0000583 seconds
2017-07-11T08:13:01.589+0200: 7,972: Total time for which application threads were stopped: 0,0000630 seconds, Stopping threads took: 0,0000194 seconds
2017-07-11T08:14:10.133+0200: 76,980: Total time for which application threads were stopped: 0,0000734 seconds, Stopping threads took: 0,0000180 seconds
2017-07-11T08:14:20.135+0200: 86,981: Total time for which application threads were stopped: 0,0003766 seconds, Stopping threads took: 0,0000874 seconds
2017-07-11T08:14:55.138+0200: 121,984: Total time for which application threads were stopped: 0,0001211 seconds, Stopping threads took: 0,0000440 seconds
2017-07-11T08:14:56.138+0200: 122,985: Total time for which application threads were stopped: 0,0000888 seconds, Stopping threads took: 0,0000242 seconds
{Heap before GC invocations=9 (full 1):
 par new generation   total 109248K, used 94579K [0x00000000e0000000, 0x00000000e8000000, 0x00000000e8000000)
  eden space 87424K, 100% used [0x00000000e0000000, 0x00000000e5560000, 0x00000000e5560000)
  from space 21824K,  32% used [0x00000000e6ab0000, 0x00000000e71acef8, 0x00000000e8000000)
  to   space 21824K,   0% used [0x00000000e5560000, 0x00000000e5560000, 0x00000000e6ab0000)
 concurrent mark-sweep generation total 393216K, used 6511K [0x00000000e8000000, 0x0000000100000000, 0x0000000100000000)
 Metaspace       used 28021K, capacity 28498K, committed 28848K, reserved 1075200K
  class space    used 3211K, capacity 3386K, committed 3504K, reserved 1048576K
2017-07-11T08:15:49.183+0200: 176,029: [GC (Allocation Failure) 2017-07-11T08:15:49.183+0200: 176,029: [ParNew
Desired survivor size 20112992 bytes, new threshold 8 (max 8)
- age   1:   10995512 bytes,   10995512 total
- age   2:     209088 bytes,   11204600 total
- age   3:     173688 bytes,   11378288 total
- age   4:    1769256 bytes,   13147544 total
- age   5:      91152 bytes,   13238696 total
- age   6:       6520 bytes,   13245216 total
- age   7:     100784 bytes,   13346000 total
- age   8:     202864 bytes,   13548864 total
: 94579K->14998K(109248K), 0,0144049 secs] 101091K->22288K(502464K), 0,0144797 secs] [Times: user=0,04 sys=0,01, real=0,02 secs] 
Heap after GC invocations=10 (full 1):
 par new generation   total 109248K, used 14998K [0x00000000e0000000, 0x00000000e8000000, 0x00000000e8000000)
  eden space 87424K,   0% used [0x00000000e0000000, 0x00000000e0000000, 0x00000000e5560000)
  from space 21824K,  68% used [0x00000000e5560000, 0x00000000e6405ad8, 0x00000000e6ab0000)
  to   space 21824K,   0% used [0x00000000e6ab0000, 0x00000000e6ab0000, 0x00000000e8000000)
 concurrent mark-sweep generation total 393216K, used 7290K [0x00000000e8000000, 0x0000000100000000, 0x0000000100000000)
 Metaspace       used 28021K, capacity 28498K, committed 28848K, reserved 1075200K
  class space    used 3211K, capacity 3386K, committed 3504K, reserved 1048576K
}
2017-07-11T08:15:49.197+0200: 176,044: Total time for which application threads were stopped: 0,0146496 seconds, Stopping threads took: 0,0000529 seconds
2017-07-11T08:15:49.198+0200: 176,044: Total time for which application threads were stopped: 0,0000595 seconds, Stopping threads took: 0,0000248 seconds
2017-07-11T08:15:49.198+0200: 176,044: Total time for which application threads were stopped: 0,0000491 seconds, Stopping threads took: 0,0000241 seconds
2017-07-11T08:15:55.199+0200: 182,045: Total time for which application threads were stopped: 0,0000629 seconds, Stopping threads took: 0,0000157 seconds
2017-07-11T08:17:29.211+0200: 276,057: Total time for which application threads were stopped: 0,0000769 seconds, Stopping threads took: 0,0000276 seconds
2017-07-11T08:36:24.351+0200: 1411,197: Total time for which application threads were stopped: 0,0000753 seconds, Stopping threads took: 0,0000284 seconds
2017-07-11T08:41:44.390+0200: 1731,236: Total time for which application threads were stopped: 0,0001184 seconds, Stopping threads took: 0,0000413 seconds
2017-07-11T08:51:16.458+0200: 2303,304: Total time for which application threads were stopped: 0,0000774 seconds, Stopping threads took: 0,0000300 seconds
2017-07-11T08:51:19.458+0200: 2306,305: Total time for which application threads were stopped: 0,0000714 seconds, Stopping threads took: 0,0000172 seconds
2017-07-11T09:10:45.189+0200: 3197,659: Total time for which application threads were stopped: 0,0000793 seconds, Stopping threads took: 0,0000312 seconds
2017-07-11T09:31:51.137+0200: 3901,487: Total time for which application threads were stopped: 0,0000836 seconds, Stopping threads took: 0,0000335 seconds
2017-07-11T09:47:59.825+0200: 4868,626: Total time for which application threads were stopped: 0,0000835 seconds, Stopping threads took: 0,0000339 seconds
2017-07-11T09:48:09.826+0200: 4878,627: Total time for which application threads were stopped: 0,0000628 seconds, Stopping threads took: 0,0000153 seconds
2017-07-11T10:22:30.080+0200: 6938,881: Total time for which application threads were stopped: 0,0000880 seconds, Stopping threads took: 0,0000351 seconds
2017-07-11T10:23:23.088+0200: 6991,889: Total time for which application threads were stopped: 0,0001564 seconds, Stopping threads took: 0,0000589 seconds
2017-07-11T10:25:10.102+0200: 7098,904: Total time for which application threads were stopped: 0,0000813 seconds, Stopping threads took: 0,0000312 seconds
2017-07-11T10:28:53.132+0200: 7321,933: Total time for which application threads were stopped: 0,0001161 seconds, Stopping threads took: 0,0000390 seconds
2017-07-11T10:34:53.185+0200: 7681,987: Total time for which application threads were stopped: 0,0001564 seconds, Stopping threads took: 0,0000571 seconds
2017-07-11T11:39:22.761+0200: 11551,563: Total time for which application threads were stopped: 0,0000900 seconds, Stopping threads took: 0,0000305 seconds
2017-07-11T13:42:00.251+0200: 15362,511: Total time for which application threads were stopped: 0,0000845 seconds, Stopping threads took: 0,0000312 seconds
2017-07-11T13:42:30.256+0200: 15392,516: Total time for which application threads were stopped: 0,0000886 seconds, Stopping threads took: 0,0000352 seconds
2017-07-11T14:08:06.493+0200: 16928,753: Total time for which application threads were stopped: 0,0001294 seconds, Stopping threads took: 0,0000296 seconds
2017-07-11T17:39:24.874+0200: 29402,912: Total time for which application threads were stopped: 0,0001689 seconds, Stopping threads took: 0,0000832 seconds
2017-07-11T17:39:24.874+0200: 29402,912: Total time for which application threads were stopped: 0,0001226 seconds, Stopping threads took: 0,0000474 seconds
2017-07-11T17:39:24.878+0200: 29402,916: Total time for which application threads were stopped: 0,0028022 seconds, Stopping threads took: 0,0026741 seconds
2017-07-11T17:39:24.976+0200: 29403,014: Total time for which application threads were stopped: 0,0964447 seconds, Stopping threads took: 0,0963606 seconds
2017-07-11T17:39:24.977+0200: 29403,015: Total time for which application threads were stopped: 0,0000769 seconds, Stopping threads took: 0,0000151 seconds
2017-07-11T17:39:24.977+0200: 29403,015: Total time for which application threads were stopped: 0,0000394 seconds, Stopping threads took: 0,0000052 seconds
2017-07-11T17:39:24.977+0200: 29403,015: Total time for which application threads were stopped: 0,0000516 seconds, Stopping threads took: 0,0000092 seconds
2017-07-11T17:39:24.977+0200: 29403,015: Total time for which application threads were stopped: 0,0000457 seconds, Stopping threads took: 0,0000069 seconds
2017-07-11T17:39:24.977+0200: 29403,015: Total time for which application threads were stopped: 0,0000375 seconds, Stopping threads took: 0,0000052 seconds
2017-07-11T17:39:24.977+0200: 29403,015: Total time for which application threads were stopped: 0,0000340 seconds, Stopping threads took: 0,0000047 seconds
2017-07-11T17:39:24.977+0200: 29403,015: Total time for which application threads were stopped: 0,0000402 seconds, Stopping threads took: 0,0000084 seconds
2017-07-11T17:39:24.977+0200: 29403,015: Total time for which application threads were stopped: 0,0000418 seconds, Stopping threads took: 0,0000060 seconds
2017-07-11T17:39:24.977+0200: 29403,016: Total time for which application threads were stopped: 0,0000358 seconds, Stopping threads took: 0,0000058 seconds
2017-07-11T17:39:24.977+0200: 29403,016: Total time for which application threads were stopped: 0,0000381 seconds, Stopping threads took: 0,0000075 seconds
2017-07-11T17:39:24.978+0200: 29403,016: Total time for which application threads were stopped: 0,0000351 seconds, Stopping threads took: 0,0000048 seconds
2017-07-11T17:39:24.978+0200: 29403,016: Total time for which application threads were stopped: 0,0000355 seconds, Stopping threads took: 0,0000049 seconds
2017-07-11T17:39:24.978+0200: 29403,016: Total time for which application threads were stopped: 0,0000323 seconds, Stopping threads took: 0,0000047 seconds
2017-07-11T17:39:24.991+0200: 29403,029: Total time for which application threads were stopped: 0,0001299 seconds, Stopping threads took: 0,0000370 seconds
2017-07-11T17:39:24.991+0200: 29403,029: Total time for which application threads were stopped: 0,0000676 seconds, Stopping threads took: 0,0000191 seconds
2017-07-11T17:39:24.992+0200: 29403,030: Total time for which application threads were stopped: 0,0000586 seconds, Stopping threads took: 0,0000160 seconds
2017-07-11T17:39:25.003+0200: 29403,041: Total time for which application threads were stopped: 0,0000940 seconds, Stopping threads took: 0,0000191 seconds
2017-07-11T17:39:25.004+0200: 29403,042: Total time for which application threads were stopped: 0,0000698 seconds, Stopping threads took: 0,0000124 seconds
2017-07-11T17:39:25.004+0200: 29403,042: Total time for which application threads were stopped: 0,0000635 seconds, Stopping threads took: 0,0000268 seconds
2017-07-11T17:39:25.005+0200: 29403,043: Total time for which application threads were stopped: 0,0000480 seconds, Stopping threads took: 0,0000099 seconds
2017-07-11T17:39:25.005+0200: 29403,043: Total time for which application threads were stopped: 0,0000551 seconds, Stopping threads took: 0,0000237 seconds
2017-07-11T17:39:25.006+0200: 29403,044: Total time for which application threads were stopped: 0,0000836 seconds, Stopping threads took: 0,0000180 seconds
2017-07-11T17:39:25.008+0200: 29403,046: Total time for which application threads were stopped: 0,0001228 seconds, Stopping threads took: 0,0000185 seconds
2017-07-11T17:39:25.027+0200: 29403,065: Total time for which application threads were stopped: 0,0001405 seconds, Stopping threads took: 0,0000588 seconds
2017-07-11T17:39:25.028+0200: 29403,066: Total time for which application threads were stopped: 0,0000766 seconds, Stopping threads took: 0,0000201 seconds
2017-07-11T17:39:25.028+0200: 29403,066: Total time for which application threads were stopped: 0,0000643 seconds, Stopping threads took: 0,0000152 seconds
2017-07-11T17:39:25.028+0200: 29403,066: Total time for which application threads were stopped: 0,0000636 seconds, Stopping threads took: 0,0000159 seconds
2017-07-11T17:39:25.028+0200: 29403,066: Total time for which application threads were stopped: 0,0000561 seconds, Stopping threads took: 0,0000136 seconds
2017-07-11T17:39:25.028+0200: 29403,066: Total time for which application threads were stopped: 0,0000578 seconds, Stopping threads took: 0,0000137 seconds
2017-07-11T17:39:25.028+0200: 29403,066: Total time for which application threads were stopped: 0,0000476 seconds, Stopping threads took: 0,0000131 seconds
2017-07-11T17:39:25.028+0200: 29403,066: Total time for which application threads were stopped: 0,0000485 seconds, Stopping threads took: 0,0000124 seconds
2017-07-11T17:39:25.028+0200: 29403,066: Total time for which application threads were stopped: 0,0000489 seconds, Stopping threads took: 0,0000133 seconds
2017-07-11T17:39:25.028+0200: 29403,066: Total time for which application threads were stopped: 0,0000519 seconds, Stopping threads took: 0,0000147 seconds
2017-07-11T17:39:25.030+0200: 29403,068: Total time for which application threads were stopped: 0,0001078 seconds, Stopping threads took: 0,0000331 seconds
2017-07-11T17:39:25.030+0200: 29403,068: Total time for which application threads were stopped: 0,0000673 seconds, Stopping threads took: 0,0000163 seconds
2017-07-11T17:39:25.030+0200: 29403,068: Total time for which application threads were stopped: 0,0000616 seconds, Stopping threads took: 0,0000150 seconds
2017-07-11T17:39:25.030+0200: 29403,068: Total time for which application threads were stopped: 0,0000609 seconds, Stopping threads took: 0,0000141 seconds
2017-07-11T17:39:25.030+0200: 29403,068: Total time for which application threads were stopped: 0,0000613 seconds, Stopping threads took: 0,0000144 seconds
2017-07-11T17:39:25.030+0200: 29403,068: Total time for which application threads were stopped: 0,0000528 seconds, Stopping threads took: 0,0000139 seconds
2017-07-11T17:39:25.030+0200: 29403,068: Total time for which application threads were stopped: 0,0000489 seconds, Stopping threads took: 0,0000121 seconds
2017-07-11T17:39:25.030+0200: 29403,069: Total time for which application threads were stopped: 0,0000486 seconds, Stopping threads took: 0,0000123 seconds
2017-07-11T17:39:25.031+0200: 29403,069: Total time for which application threads were stopped: 0,0000493 seconds, Stopping threads took: 0,0000144 seconds
2017-07-11T17:39:25.031+0200: 29403,069: Total time for which application threads were stopped: 0,0000477 seconds, Stopping threads took: 0,0000126 seconds
2017-07-11T17:39:25.031+0200: 29403,069: Total time for which application threads were stopped: 0,0000629 seconds, Stopping threads took: 0,0000210 seconds
2017-07-11T17:39:25.038+0200: 29403,077: Total time for which application threads were stopped: 0,0001506 seconds, Stopping threads took: 0,0000813 seconds
2017-07-11T17:39:25.040+0200: 29403,078: Total time for which application threads were stopped: 0,0004337 seconds, Stopping threads took: 0,0003517 seconds
2017-07-11T17:39:25.049+0200: 29403,087: Total time for which application threads were stopped: 0,0001138 seconds, Stopping threads took: 0,0000374 seconds
2017-07-11T17:39:25.049+0200: 29403,087: Total time for which application threads were stopped: 0,0000616 seconds, Stopping threads took: 0,0000172 seconds
2017-07-11T17:39:25.049+0200: 29403,087: Total time for which application threads were stopped: 0,0000633 seconds, Stopping threads took: 0,0000197 seconds
2017-07-11T17:39:25.055+0200: 29403,093: Total time for which application threads were stopped: 0,0001416 seconds, Stopping threads took: 0,0000560 seconds
2017-07-11T17:39:25.056+0200: 29403,094: Total time for which application threads were stopped: 0,0000936 seconds, Stopping threads took: 0,0000305 seconds
2017-07-11T17:39:25.057+0200: 29403,095: Total time for which application threads were stopped: 0,0000996 seconds, Stopping threads took: 0,0000325 seconds
2017-07-11T17:39:25.057+0200: 29403,095: Total time for which application threads were stopped: 0,0000866 seconds, Stopping threads took: 0,0000312 seconds
2017-07-11T17:39:25.057+0200: 29403,095: Total time for which application threads were stopped: 0,0001153 seconds, Stopping threads took: 0,0000671 seconds
2017-07-11T17:39:25.057+0200: 29403,096: Total time for which application threads were stopped: 0,0000620 seconds, Stopping threads took: 0,0000203 seconds
2017-07-11T17:39:25.058+0200: 29403,096: Total time for which application threads were stopped: 0,0000612 seconds, Stopping threads took: 0,0000189 seconds
2017-07-11T17:39:25.058+0200: 29403,096: Total time for which application threads were stopped: 0,0000594 seconds, Stopping threads took: 0,0000212 seconds
2017-07-11T17:39:25.058+0200: 29403,096: Total time for which application threads were stopped: 0,0000606 seconds, Stopping threads took: 0,0000206 seconds
2017-07-11T17:39:25.058+0200: 29403,096: Total time for which application threads were stopped: 0,0000698 seconds, Stopping threads took: 0,0000231 seconds
2017-07-11T17:39:25.058+0200: 29403,096: Total time for which application threads were stopped: 0,0000538 seconds, Stopping threads took: 0,0000180 seconds
2017-07-11T17:39:25.058+0200: 29403,097: Total time for which application threads were stopped: 0,0000616 seconds, Stopping threads took: 0,0000257 seconds
2017-07-11T17:39:25.059+0200: 29403,097: Total time for which application threads were stopped: 0,0000647 seconds, Stopping threads took: 0,0000211 seconds
2017-07-11T17:39:25.059+0200: 29403,097: Total time for which application threads were stopped: 0,0000620 seconds, Stopping threads took: 0,0000243 seconds
2017-07-11T17:39:25.059+0200: 29403,097: Total time for which application threads were stopped: 0,0000666 seconds, Stopping threads took: 0,0000270 seconds
2017-07-11T17:39:25.059+0200: 29403,097: Total time for which application threads were stopped: 0,0000814 seconds, Stopping threads took: 0,0000411 seconds
2017-07-11T17:39:25.061+0200: 29403,099: Total time for which application threads were stopped: 0,0012854 seconds, Stopping threads took: 0,0010872 seconds
2017-07-11T17:39:25.062+0200: 29403,100: Total time for which application threads were stopped: 0,0001487 seconds, Stopping threads took: 0,0000483 seconds
2017-07-11T17:39:25.066+0200: 29403,104: Total time for which application threads were stopped: 0,0001000 seconds, Stopping threads took: 0,0000228 seconds
2017-07-11T17:39:25.067+0200: 29403,105: Total time for which application threads were stopped: 0,0001321 seconds, Stopping threads took: 0,0000275 seconds
Heap
 par new generation   total 109248K, used 33500K [0x00000000e0000000, 0x00000000e8000000, 0x00000000e8000000)
  eden space 87424K,  21% used [0x00000000e0000000, 0x00000000e1211630, 0x00000000e5560000)
  from space 21824K,  68% used [0x00000000e5560000, 0x00000000e6405ad8, 0x00000000e6ab0000)
  to   space 21824K,   0% used [0x00000000e6ab0000, 0x00000000e6ab0000, 0x00000000e8000000)
 concurrent mark-sweep generation total 393216K, used 7290K [0x00000000e8000000, 0x0000000100000000, 0x0000000100000000)
 Metaspace       used 28181K, capacity 28730K, committed 29104K, reserved 1075200K
  class space    used 3225K, capacity 3420K, committed 3504K, reserved 1048576K
