OpenJDK 64-Bit Server VM (25.111-b14) for linux-amd64 JRE (1.8.0_111-8u111-b14-2ubuntu0.16.04.2-b14), built on Oct 27 2016 18:10:19 by "buildd" with gcc 5.4.0 20160609
Memory: 4k page, physical 7867848k(7455812k free), swap 8076284k(8076284k free)
CommandLine flags: -XX:CMSInitiatingOccupancyFraction=50 -XX:CMSMaxAbortablePrecleanTime=6000 -XX:+CMSParallelRemarkEnabled -XX:+CMSScavengeBeforeRemark -XX:ConcGCThreads=4 -XX:InitialHeapSize=536870912 -XX:MaxHeapSize=536870912 -XX:MaxTenuringThreshold=8 -XX:NewRatio=3 -XX:OldPLABSize=16 -XX:OnOutOfMemoryError=/opt/solr/bin/oom_solr.sh 8983 /var/solr/logs -XX:ParallelGCThreads=4 -XX:+ParallelRefProcEnabled -XX:PretenureSizeThreshold=67108864 -XX:+PrintGC -XX:+PrintGCApplicationStoppedTime -XX:+PrintGCDateStamps -XX:+PrintGCDetails -XX:+PrintGCTimeStamps -XX:+PrintHeapAtGC -XX:+PrintTenuringDistribution -XX:SurvivorRatio=4 -XX:TargetSurvivorRatio=90 -XX:ThreadStackSize=256 -XX:+UseCMSInitiatingOccupancyOnly -XX:+UseCompressedClassPointers -XX:+UseCompressedOops -XX:+UseConcMarkSweepGC -XX:+UseParNewGC 
2016-11-22T09:12:49.901+0100: 0,114: Total time for which application threads were stopped: 0,0000609 seconds, Stopping threads took: 0,0000088 seconds
2016-11-22T09:12:49.964+0100: 0,177: Total time for which application threads were stopped: 0,0000965 seconds, Stopping threads took: 0,0000168 seconds
2016-11-22T09:12:49.974+0100: 0,187: Total time for which application threads were stopped: 0,0000737 seconds, Stopping threads took: 0,0000193 seconds
2016-11-22T09:12:50.108+0100: 0,321: Total time for which application threads were stopped: 0,0001211 seconds, Stopping threads took: 0,0000142 seconds
2016-11-22T09:12:50.260+0100: 0,473: Total time for which application threads were stopped: 0,0001183 seconds, Stopping threads took: 0,0000179 seconds
2016-11-22T09:12:50.303+0100: 0,516: Total time for which application threads were stopped: 0,0001438 seconds, Stopping threads took: 0,0000131 seconds
2016-11-22T09:12:50.316+0100: 0,529: Total time for which application threads were stopped: 0,0001657 seconds, Stopping threads took: 0,0000266 seconds
2016-11-22T09:12:50.488+0100: 0,701: Total time for which application threads were stopped: 0,0001606 seconds, Stopping threads took: 0,0000115 seconds
2016-11-22T09:12:50.671+0100: 0,884: Total time for which application threads were stopped: 0,0002045 seconds, Stopping threads took: 0,0000203 seconds
2016-11-22T09:12:50.686+0100: 0,899: Total time for which application threads were stopped: 0,0002027 seconds, Stopping threads took: 0,0000258 seconds
2016-11-22T09:12:50.687+0100: 0,900: Total time for which application threads were stopped: 0,0001567 seconds, Stopping threads took: 0,0000201 seconds
2016-11-22T09:12:50.698+0100: 0,911: Total time for which application threads were stopped: 0,0001588 seconds, Stopping threads took: 0,0000205 seconds
2016-11-22T09:12:50.785+0100: 0,998: Total time for which application threads were stopped: 0,0002605 seconds, Stopping threads took: 0,0000203 seconds
2016-11-22T09:12:50.944+0100: 1,157: Total time for which application threads were stopped: 0,0002920 seconds, Stopping threads took: 0,0000941 seconds
{Heap before GC invocations=0 (full 0):
 par new generation   total 109248K, used 87424K [0x00000000e0000000, 0x00000000e8000000, 0x00000000e8000000)
  eden space 87424K, 100% used [0x00000000e0000000, 0x00000000e5560000, 0x00000000e5560000)
  from space 21824K,   0% used [0x00000000e5560000, 0x00000000e5560000, 0x00000000e6ab0000)
  to   space 21824K,   0% used [0x00000000e6ab0000, 0x00000000e6ab0000, 0x00000000e8000000)
 concurrent mark-sweep generation total 393216K, used 0K [0x00000000e8000000, 0x0000000100000000, 0x0000000100000000)
 Metaspace       used 17631K, capacity 17950K, committed 18048K, reserved 1064960K
  class space    used 2006K, capacity 2130K, committed 2176K, reserved 1048576K
2016-11-22T09:12:50.993+0100: 1,206: [GC (Allocation Failure) 2016-11-22T09:12:50.993+0100: 1,206: [ParNew
Desired survivor size 20112992 bytes, new threshold 8 (max 8)
- age   1:   11445488 bytes,   11445488 total
: 87424K->11289K(109248K), 0,0153001 secs] 87424K->11289K(502464K), 0,0153821 secs] [Times: user=0,02 sys=0,03, real=0,02 secs] 
Heap after GC invocations=1 (full 0):
 par new generation   total 109248K, used 11289K [0x00000000e0000000, 0x00000000e8000000, 0x00000000e8000000)
  eden space 87424K,   0% used [0x00000000e0000000, 0x00000000e0000000, 0x00000000e5560000)
  from space 21824K,  51% used [0x00000000e6ab0000, 0x00000000e75b65e8, 0x00000000e8000000)
  to   space 21824K,   0% used [0x00000000e5560000, 0x00000000e5560000, 0x00000000e6ab0000)
 concurrent mark-sweep generation total 393216K, used 0K [0x00000000e8000000, 0x0000000100000000, 0x0000000100000000)
 Metaspace       used 17631K, capacity 17950K, committed 18048K, reserved 1064960K
  class space    used 2006K, capacity 2130K, committed 2176K, reserved 1048576K
}
2016-11-22T09:12:51.008+0100: 1,221: Total time for which application threads were stopped: 0,0155630 seconds, Stopping threads took: 0,0000249 seconds
2016-11-22T09:12:51.282+0100: 1,495: Total time for which application threads were stopped: 0,0003388 seconds, Stopping threads took: 0,0000441 seconds
2016-11-22T09:12:51.314+0100: 1,527: Total time for which application threads were stopped: 0,0003355 seconds, Stopping threads took: 0,0000462 seconds
2016-11-22T09:12:51.348+0100: 1,561: Total time for which application threads were stopped: 0,0003042 seconds, Stopping threads took: 0,0000330 seconds
{Heap before GC invocations=1 (full 0):
 par new generation   total 109248K, used 98713K [0x00000000e0000000, 0x00000000e8000000, 0x00000000e8000000)
  eden space 87424K, 100% used [0x00000000e0000000, 0x00000000e5560000, 0x00000000e5560000)
  from space 21824K,  51% used [0x00000000e6ab0000, 0x00000000e75b65e8, 0x00000000e8000000)
  to   space 21824K,   0% used [0x00000000e5560000, 0x00000000e5560000, 0x00000000e6ab0000)
 concurrent mark-sweep generation total 393216K, used 0K [0x00000000e8000000, 0x0000000100000000, 0x0000000100000000)
 Metaspace       used 20690K, capacity 21010K, committed 21248K, reserved 1069056K
  class space    used 2403K, capacity 2516K, committed 2560K, reserved 1048576K
2016-11-22T09:12:51.526+0100: 1,739: [GC (Allocation Failure) 2016-11-22T09:12:51.526+0100: 1,739: [ParNew
Desired survivor size 20112992 bytes, new threshold 8 (max 8)
- age   1:    3753424 bytes,    3753424 total
- age   2:    5929232 bytes,    9682656 total
: 98713K->12501K(109248K), 0,0213989 secs] 98713K->12501K(502464K), 0,0214745 secs] [Times: user=0,06 sys=0,00, real=0,02 secs] 
Heap after GC invocations=2 (full 0):
 par new generation   total 109248K, used 12501K [0x00000000e0000000, 0x00000000e8000000, 0x00000000e8000000)
  eden space 87424K,   0% used [0x00000000e0000000, 0x00000000e0000000, 0x00000000e5560000)
  from space 21824K,  57% used [0x00000000e5560000, 0x00000000e61956b0, 0x00000000e6ab0000)
  to   space 21824K,   0% used [0x00000000e6ab0000, 0x00000000e6ab0000, 0x00000000e8000000)
 concurrent mark-sweep generation total 393216K, used 0K [0x00000000e8000000, 0x0000000100000000, 0x0000000100000000)
 Metaspace       used 20690K, capacity 21010K, committed 21248K, reserved 1069056K
  class space    used 2403K, capacity 2516K, committed 2560K, reserved 1048576K
}
2016-11-22T09:12:51.547+0100: 1,760: Total time for which application threads were stopped: 0,0217063 seconds, Stopping threads took: 0,0000374 seconds
2016-11-22T09:12:51.632+0100: 1,845: Total time for which application threads were stopped: 0,0000793 seconds, Stopping threads took: 0,0000139 seconds
2016-11-22T09:12:51.688+0100: 1,901: Total time for which application threads were stopped: 0,0001143 seconds, Stopping threads took: 0,0000173 seconds
2016-11-22T09:12:51.689+0100: 1,902: Total time for which application threads were stopped: 0,0002435 seconds, Stopping threads took: 0,0000142 seconds
2016-11-22T09:12:51.719+0100: 1,932: Total time for which application threads were stopped: 0,0000732 seconds, Stopping threads took: 0,0000147 seconds
2016-11-22T09:12:51.812+0100: 2,025: Total time for which application threads were stopped: 0,0001476 seconds, Stopping threads took: 0,0000345 seconds
2016-11-22T09:12:51.863+0100: 2,076: Total time for which application threads were stopped: 0,0001294 seconds, Stopping threads took: 0,0000279 seconds
2016-11-22T09:12:51.917+0100: 2,130: Total time for which application threads were stopped: 0,0004112 seconds, Stopping threads took: 0,0000294 seconds
2016-11-22T09:12:51.966+0100: 2,179: Total time for which application threads were stopped: 0,0003259 seconds, Stopping threads took: 0,0000279 seconds
2016-11-22T09:12:52.016+0100: 2,229: Total time for which application threads were stopped: 0,0008326 seconds, Stopping threads took: 0,0007520 seconds
2016-11-22T09:12:52.087+0100: 2,300: Total time for which application threads were stopped: 0,0000925 seconds, Stopping threads took: 0,0000190 seconds
2016-11-22T09:12:52.112+0100: 2,325: Total time for which application threads were stopped: 0,0000826 seconds, Stopping threads took: 0,0000151 seconds
2016-11-22T09:12:52.139+0100: 2,352: Total time for which application threads were stopped: 0,0001015 seconds, Stopping threads took: 0,0000175 seconds
2016-11-22T09:12:52.167+0100: 2,380: Total time for which application threads were stopped: 0,0000863 seconds, Stopping threads took: 0,0000167 seconds
2016-11-22T09:12:52.246+0100: 2,459: Total time for which application threads were stopped: 0,0001334 seconds, Stopping threads took: 0,0000207 seconds
2016-11-22T09:12:52.305+0100: 2,518: Total time for which application threads were stopped: 0,0001035 seconds, Stopping threads took: 0,0000238 seconds
{Heap before GC invocations=2 (full 0):
 par new generation   total 109248K, used 99925K [0x00000000e0000000, 0x00000000e8000000, 0x00000000e8000000)
  eden space 87424K, 100% used [0x00000000e0000000, 0x00000000e5560000, 0x00000000e5560000)
  from space 21824K,  57% used [0x00000000e5560000, 0x00000000e61956b0, 0x00000000e6ab0000)
  to   space 21824K,   0% used [0x00000000e6ab0000, 0x00000000e6ab0000, 0x00000000e8000000)
 concurrent mark-sweep generation total 393216K, used 0K [0x00000000e8000000, 0x0000000100000000, 0x0000000100000000)
 Metaspace       used 24478K, capacity 24827K, committed 25204K, reserved 1071104K
  class space    used 2870K, capacity 3020K, committed 3092K, reserved 1048576K
2016-11-22T09:12:52.308+0100: 2,521: [GC (Allocation Failure) 2016-11-22T09:12:52.308+0100: 2,521: [ParNew
Desired survivor size 20112992 bytes, new threshold 8 (max 8)
- age   1:    4490608 bytes,    4490608 total
- age   2:     702920 bytes,    5193528 total
- age   3:    5922160 bytes,   11115688 total
: 99925K->14662K(109248K), 0,0126758 secs] 99925K->14662K(502464K), 0,0127510 secs] [Times: user=0,03 sys=0,00, real=0,01 secs] 
Heap after GC invocations=3 (full 0):
 par new generation   total 109248K, used 14662K [0x00000000e0000000, 0x00000000e8000000, 0x00000000e8000000)
  eden space 87424K,   0% used [0x00000000e0000000, 0x00000000e0000000, 0x00000000e5560000)
  from space 21824K,  67% used [0x00000000e6ab0000, 0x00000000e7901a48, 0x00000000e8000000)
  to   space 21824K,   0% used [0x00000000e5560000, 0x00000000e5560000, 0x00000000e6ab0000)
 concurrent mark-sweep generation total 393216K, used 0K [0x00000000e8000000, 0x0000000100000000, 0x0000000100000000)
 Metaspace       used 24478K, capacity 24827K, committed 25204K, reserved 1071104K
  class space    used 2870K, capacity 3020K, committed 3092K, reserved 1048576K
}
2016-11-22T09:12:52.320+0100: 2,533: Total time for which application threads were stopped: 0,0129098 seconds, Stopping threads took: 0,0000317 seconds
2016-11-22T09:12:52.321+0100: 2,534: [GC (CMS Initial Mark) [1 CMS-initial-mark: 0K(393216K)] 16062K(502464K), 0,0024294 secs] [Times: user=0,01 sys=0,00, real=0,01 secs] 
2016-11-22T09:12:52.324+0100: 2,537: Total time for which application threads were stopped: 0,0025762 seconds, Stopping threads took: 0,0000767 seconds
2016-11-22T09:12:52.324+0100: 2,537: [CMS-concurrent-mark-start]
2016-11-22T09:12:52.324+0100: 2,537: [CMS-concurrent-mark: 0,000/0,000 secs] [Times: user=0,00 sys=0,00, real=0,00 secs] 
2016-11-22T09:12:52.324+0100: 2,537: [CMS-concurrent-preclean-start]
2016-11-22T09:12:52.326+0100: 2,539: [CMS-concurrent-preclean: 0,001/0,001 secs] [Times: user=0,01 sys=0,00, real=0,00 secs] 
2016-11-22T09:12:52.326+0100: 2,539: [GC (CMS Final Remark) [YG occupancy: 16062 K (109248 K)]{Heap before GC invocations=3 (full 1):
 par new generation   total 109248K, used 16062K [0x00000000e0000000, 0x00000000e8000000, 0x00000000e8000000)
  eden space 87424K,   1% used [0x00000000e0000000, 0x00000000e015dfa0, 0x00000000e5560000)
  from space 21824K,  67% used [0x00000000e6ab0000, 0x00000000e7901a48, 0x00000000e8000000)
  to   space 21824K,   0% used [0x00000000e5560000, 0x00000000e5560000, 0x00000000e6ab0000)
 concurrent mark-sweep generation total 393216K, used 0K [0x00000000e8000000, 0x0000000100000000, 0x0000000100000000)
 Metaspace       used 24512K, capacity 24827K, committed 25204K, reserved 1071104K
  class space    used 2871K, capacity 3020K, committed 3092K, reserved 1048576K
2016-11-22T09:12:52.326+0100: 2,539: [GC (CMS Final Remark) 2016-11-22T09:12:52.326+0100: 2,539: [ParNew
Desired survivor size 20112992 bytes, new threshold 8 (max 8)
- age   1:      39504 bytes,      39504 total
- age   2:    1206040 bytes,    1245544 total
- age   3:     693176 bytes,    1938720 total
- age   4:    5922296 bytes,    7861016 total
: 16062K->10807K(109248K), 0,0073677 secs] 16062K->10807K(502464K), 0,0074045 secs] [Times: user=0,02 sys=0,00, real=0,00 secs] 
Heap after GC invocations=4 (full 1):
 par new generation   total 109248K, used 10807K [0x00000000e0000000, 0x00000000e8000000, 0x00000000e8000000)
  eden space 87424K,   0% used [0x00000000e0000000, 0x00000000e0000000, 0x00000000e5560000)
  from space 21824K,  49% used [0x00000000e5560000, 0x00000000e5fedd40, 0x00000000e6ab0000)
  to   space 21824K,   0% used [0x00000000e6ab0000, 0x00000000e6ab0000, 0x00000000e8000000)
 concurrent mark-sweep generation total 393216K, used 0K [0x00000000e8000000, 0x0000000100000000, 0x0000000100000000)
 Metaspace       used 24512K, capacity 24827K, committed 25204K, reserved 1071104K
  class space    used 2871K, capacity 3020K, committed 3092K, reserved 1048576K
}
2016-11-22T09:12:52.333+0100: 2,546: [Rescan (parallel) , 0,0026407 secs]2016-11-22T09:12:52.336+0100: 2,549: [weak refs processing, 0,0005501 secs]2016-11-22T09:12:52.336+0100: 2,549: [class unloading, 0,0030230 secs]2016-11-22T09:12:52.339+0100: 2,552: [scrub symbol table, 0,0034095 secs]2016-11-22T09:12:52.343+0100: 2,556: [scrub string table, 0,0004567 secs][1 CMS-remark: 0K(393216K)] 10807K(502464K), 0,0182500 secs] [Times: user=0,04 sys=0,00, real=0,02 secs] 
2016-11-22T09:12:52.344+0100: 2,557: Total time for which application threads were stopped: 0,0183845 seconds, Stopping threads took: 0,0000418 seconds
2016-11-22T09:12:52.344+0100: 2,557: [CMS-concurrent-sweep-start]
2016-11-22T09:12:52.344+0100: 2,557: [CMS-concurrent-sweep: 0,000/0,000 secs] [Times: user=0,00 sys=0,00, real=0,00 secs] 
2016-11-22T09:12:52.344+0100: 2,557: [CMS-concurrent-reset-start]
2016-11-22T09:12:52.348+0100: 2,560: [CMS-concurrent-reset: 0,003/0,003 secs] [Times: user=0,01 sys=0,00, real=0,00 secs] 
2016-11-22T09:12:53.344+0100: 3,557: Total time for which application threads were stopped: 0,0000923 seconds, Stopping threads took: 0,0000166 seconds
2016-11-22T09:12:53.836+0100: 4,049: Total time for which application threads were stopped: 0,0002660 seconds, Stopping threads took: 0,0000150 seconds
2016-11-22T09:13:20.839+0100: 31,052: Total time for which application threads were stopped: 0,0000648 seconds, Stopping threads took: 0,0000181 seconds
2016-11-22T09:15:30.854+0100: 161,067: Total time for which application threads were stopped: 0,0000729 seconds, Stopping threads took: 0,0000317 seconds
2016-11-22T09:15:35.855+0100: 166,068: Total time for which application threads were stopped: 0,0000575 seconds, Stopping threads took: 0,0000159 seconds
2016-11-22T09:16:45.864+0100: 236,077: Total time for which application threads were stopped: 0,0000962 seconds, Stopping threads took: 0,0000390 seconds
2016-11-22T09:17:35.872+0100: 286,085: Total time for which application threads were stopped: 0,0001760 seconds, Stopping threads took: 0,0000699 seconds
2016-11-22T09:25:03.644+0100: 733,856: Total time for which application threads were stopped: 0,0001314 seconds, Stopping threads took: 0,0000274 seconds
Heap
 par new generation   total 109248K, used 55493K [0x00000000e0000000, 0x00000000e8000000, 0x00000000e8000000)
  eden space 87424K,  51% used [0x00000000e0000000, 0x00000000e2ba3748, 0x00000000e5560000)
  from space 21824K,  49% used [0x00000000e5560000, 0x00000000e5fedd40, 0x00000000e6ab0000)
  to   space 21824K,   0% used [0x00000000e6ab0000, 0x00000000e6ab0000, 0x00000000e8000000)
 concurrent mark-sweep generation total 393216K, used 0K [0x00000000e8000000, 0x0000000100000000, 0x0000000100000000)
 Metaspace       used 27153K, capacity 27595K, committed 27924K, reserved 1073152K
  class space    used 3161K, capacity 3320K, committed 3348K, reserved 1048576K
