OpenJDK 64-Bit Server VM (25.121-b13) for linux-amd64 JRE (1.8.0_121-8u121-b13-0ubuntu1.16.04.2-b13), built on Jan 23 2017 15:51:29 by "buildd" with gcc 5.4.0 20160609
Memory: 4k page, physical 7867800k(7524720k free), swap 8076284k(8076284k free)
CommandLine flags: -XX:CMSInitiatingOccupancyFraction=50 -XX:CMSMaxAbortablePrecleanTime=6000 -XX:+CMSParallelRemarkEnabled -XX:+CMSScavengeBeforeRemark -XX:ConcGCThreads=4 -XX:InitialHeapSize=536870912 -XX:MaxHeapSize=536870912 -XX:MaxTenuringThreshold=8 -XX:NewRatio=3 -XX:OldPLABSize=16 -XX:OnOutOfMemoryError=/opt/solr/bin/oom_solr.sh 8983 /var/solr/logs -XX:ParallelGCThreads=4 -XX:+ParallelRefProcEnabled -XX:PretenureSizeThreshold=67108864 -XX:+PrintGC -XX:+PrintGCApplicationStoppedTime -XX:+PrintGCDateStamps -XX:+PrintGCDetails -XX:+PrintGCTimeStamps -XX:+PrintHeapAtGC -XX:+PrintTenuringDistribution -XX:SurvivorRatio=4 -XX:TargetSurvivorRatio=90 -XX:ThreadStackSize=256 -XX:+UseCMSInitiatingOccupancyOnly -XX:+UseCompressedClassPointers -XX:+UseCompressedOops -XX:+UseConcMarkSweepGC -XX:+UseParNewGC 
2017-02-17T07:16:18.778+0100: 0,125: Total time for which application threads were stopped: 0,0000684 seconds, Stopping threads took: 0,0000128 seconds
2017-02-17T07:16:18.842+0100: 0,189: Total time for which application threads were stopped: 0,0001064 seconds, Stopping threads took: 0,0000167 seconds
2017-02-17T07:16:18.856+0100: 0,203: Total time for which application threads were stopped: 0,0000753 seconds, Stopping threads took: 0,0000127 seconds
2017-02-17T07:16:18.988+0100: 0,335: Total time for which application threads were stopped: 0,0002033 seconds, Stopping threads took: 0,0000938 seconds
2017-02-17T07:16:19.130+0100: 0,477: Total time for which application threads were stopped: 0,0001127 seconds, Stopping threads took: 0,0000136 seconds
2017-02-17T07:16:19.175+0100: 0,521: Total time for which application threads were stopped: 0,0001388 seconds, Stopping threads took: 0,0000155 seconds
2017-02-17T07:16:19.190+0100: 0,537: Total time for which application threads were stopped: 0,0001597 seconds, Stopping threads took: 0,0000239 seconds
2017-02-17T07:16:19.354+0100: 0,701: Total time for which application threads were stopped: 0,0001869 seconds, Stopping threads took: 0,0000210 seconds
2017-02-17T07:16:19.538+0100: 0,885: Total time for which application threads were stopped: 0,0002490 seconds, Stopping threads took: 0,0000166 seconds
2017-02-17T07:16:19.559+0100: 0,906: Total time for which application threads were stopped: 0,0002023 seconds, Stopping threads took: 0,0000350 seconds
2017-02-17T07:16:19.589+0100: 0,936: Total time for which application threads were stopped: 0,0002248 seconds, Stopping threads took: 0,0000173 seconds
2017-02-17T07:16:19.590+0100: 0,937: Total time for which application threads were stopped: 0,0001772 seconds, Stopping threads took: 0,0000132 seconds
2017-02-17T07:16:19.603+0100: 0,949: Total time for which application threads were stopped: 0,0002273 seconds, Stopping threads took: 0,0000128 seconds
2017-02-17T07:16:19.689+0100: 1,035: Total time for which application threads were stopped: 0,0001918 seconds, Stopping threads took: 0,0000194 seconds
2017-02-17T07:16:19.876+0100: 1,223: Total time for which application threads were stopped: 0,0003147 seconds, Stopping threads took: 0,0000650 seconds
{Heap before GC invocations=0 (full 0):
 par new generation   total 109248K, used 87424K [0x00000000e0000000, 0x00000000e8000000, 0x00000000e8000000)
  eden space 87424K, 100% used [0x00000000e0000000, 0x00000000e5560000, 0x00000000e5560000)
  from space 21824K,   0% used [0x00000000e5560000, 0x00000000e5560000, 0x00000000e6ab0000)
  to   space 21824K,   0% used [0x00000000e6ab0000, 0x00000000e6ab0000, 0x00000000e8000000)
 concurrent mark-sweep generation total 393216K, used 0K [0x00000000e8000000, 0x0000000100000000, 0x0000000100000000)
 Metaspace       used 17868K, capacity 18176K, committed 18304K, reserved 1064960K
  class space    used 2023K, capacity 2164K, committed 2176K, reserved 1048576K
2017-02-17T07:16:19.942+0100: 1,288: [GC (Allocation Failure) 2017-02-17T07:16:19.942+0100: 1,288: [ParNew
Desired survivor size 20112992 bytes, new threshold 8 (max 8)
- age   1:   11827264 bytes,   11827264 total
: 87424K->11662K(109248K), 0,0247367 secs] 87424K->11662K(502464K), 0,0248416 secs] [Times: user=0,04 sys=0,00, real=0,03 secs] 
Heap after GC invocations=1 (full 0):
 par new generation   total 109248K, used 11662K [0x00000000e0000000, 0x00000000e8000000, 0x00000000e8000000)
  eden space 87424K,   0% used [0x00000000e0000000, 0x00000000e0000000, 0x00000000e5560000)
  from space 21824K,  53% used [0x00000000e6ab0000, 0x00000000e7613840, 0x00000000e8000000)
  to   space 21824K,   0% used [0x00000000e5560000, 0x00000000e5560000, 0x00000000e6ab0000)
 concurrent mark-sweep generation total 393216K, used 0K [0x00000000e8000000, 0x0000000100000000, 0x0000000100000000)
 Metaspace       used 17868K, capacity 18176K, committed 18304K, reserved 1064960K
  class space    used 2023K, capacity 2164K, committed 2176K, reserved 1048576K
}
2017-02-17T07:16:19.967+0100: 1,313: Total time for which application threads were stopped: 0,0261045 seconds, Stopping threads took: 0,0010418 seconds
2017-02-17T07:16:20.787+0100: 2,134: Total time for which application threads were stopped: 0,0003823 seconds, Stopping threads took: 0,0000400 seconds
{Heap before GC invocations=1 (full 0):
 par new generation   total 109248K, used 99086K [0x00000000e0000000, 0x00000000e8000000, 0x00000000e8000000)
  eden space 87424K, 100% used [0x00000000e0000000, 0x00000000e5560000, 0x00000000e5560000)
  from space 21824K,  53% used [0x00000000e6ab0000, 0x00000000e7613840, 0x00000000e8000000)
  to   space 21824K,   0% used [0x00000000e5560000, 0x00000000e5560000, 0x00000000e6ab0000)
 concurrent mark-sweep generation total 393216K, used 0K [0x00000000e8000000, 0x0000000100000000, 0x0000000100000000)
 Metaspace       used 19999K, capacity 20352K, committed 20736K, reserved 1067008K
  class space    used 2293K, capacity 2466K, committed 2560K, reserved 1048576K
2017-02-17T07:16:20.842+0100: 2,189: [GC (Allocation Failure) 2017-02-17T07:16:20.843+0100: 2,189: [ParNew
Desired survivor size 20112992 bytes, new threshold 8 (max 8)
- age   1:    3716112 bytes,    3716112 total
- age   2:    6359752 bytes,   10075864 total
: 99086K->15040K(109248K), 0,0205717 secs] 99086K->15040K(502464K), 0,0207499 secs] [Times: user=0,05 sys=0,01, real=0,02 secs] 
Heap after GC invocations=2 (full 0):
 par new generation   total 109248K, used 15040K [0x00000000e0000000, 0x00000000e8000000, 0x00000000e8000000)
  eden space 87424K,   0% used [0x00000000e0000000, 0x00000000e0000000, 0x00000000e5560000)
  from space 21824K,  68% used [0x00000000e5560000, 0x00000000e6410080, 0x00000000e6ab0000)
  to   space 21824K,   0% used [0x00000000e6ab0000, 0x00000000e6ab0000, 0x00000000e8000000)
 concurrent mark-sweep generation total 393216K, used 0K [0x00000000e8000000, 0x0000000100000000, 0x0000000100000000)
 Metaspace       used 19999K, capacity 20352K, committed 20736K, reserved 1067008K
  class space    used 2293K, capacity 2466K, committed 2560K, reserved 1048576K
}
2017-02-17T07:16:20.863+0100: 2,210: Total time for which application threads were stopped: 0,0244637 seconds, Stopping threads took: 0,0033255 seconds
2017-02-17T07:16:20.960+0100: 2,307: Total time for which application threads were stopped: 0,0010048 seconds, Stopping threads took: 0,0006626 seconds
{Heap before GC invocations=2 (full 0):
 par new generation   total 109248K, used 102464K [0x00000000e0000000, 0x00000000e8000000, 0x00000000e8000000)
  eden space 87424K, 100% used [0x00000000e0000000, 0x00000000e5560000, 0x00000000e5560000)
  from space 21824K,  68% used [0x00000000e5560000, 0x00000000e6410080, 0x00000000e6ab0000)
  to   space 21824K,   0% used [0x00000000e6ab0000, 0x00000000e6ab0000, 0x00000000e8000000)
 concurrent mark-sweep generation total 393216K, used 0K [0x00000000e8000000, 0x0000000100000000, 0x0000000100000000)
 Metaspace       used 20920K, capacity 21214K, committed 21296K, reserved 1069056K
  class space    used 2416K, capacity 2586K, committed 2608K, reserved 1048576K
2017-02-17T07:16:21.174+0100: 2,520: [GC (Allocation Failure) 2017-02-17T07:16:21.174+0100: 2,520: [ParNew
Desired survivor size 20112992 bytes, new threshold 8 (max 8)
- age   1:    2157856 bytes,    2157856 total
- age   2:    1129080 bytes,    3286936 total
- age   3:    6357888 bytes,    9644824 total
: 102464K->10849K(109248K), 0,0163574 secs] 102464K->10849K(502464K), 0,0164421 secs] [Times: user=0,05 sys=0,00, real=0,02 secs] 
Heap after GC invocations=3 (full 0):
 par new generation   total 109248K, used 10849K [0x00000000e0000000, 0x00000000e8000000, 0x00000000e8000000)
  eden space 87424K,   0% used [0x00000000e0000000, 0x00000000e0000000, 0x00000000e5560000)
  from space 21824K,  49% used [0x00000000e6ab0000, 0x00000000e7548760, 0x00000000e8000000)
  to   space 21824K,   0% used [0x00000000e5560000, 0x00000000e5560000, 0x00000000e6ab0000)
 concurrent mark-sweep generation total 393216K, used 0K [0x00000000e8000000, 0x0000000100000000, 0x0000000100000000)
 Metaspace       used 20920K, capacity 21214K, committed 21296K, reserved 1069056K
  class space    used 2416K, capacity 2586K, committed 2608K, reserved 1048576K
}
2017-02-17T07:16:21.190+0100: 2,537: Total time for which application threads were stopped: 0,0167998 seconds, Stopping threads took: 0,0001554 seconds
2017-02-17T07:16:21.198+0100: 2,545: Total time for which application threads were stopped: 0,0003228 seconds, Stopping threads took: 0,0002006 seconds
{Heap before GC invocations=3 (full 0):
 par new generation   total 109248K, used 98273K [0x00000000e0000000, 0x00000000e8000000, 0x00000000e8000000)
  eden space 87424K, 100% used [0x00000000e0000000, 0x00000000e5560000, 0x00000000e5560000)
  from space 21824K,  49% used [0x00000000e6ab0000, 0x00000000e7548760, 0x00000000e8000000)
  to   space 21824K,   0% used [0x00000000e5560000, 0x00000000e5560000, 0x00000000e6ab0000)
 concurrent mark-sweep generation total 393216K, used 0K [0x00000000e8000000, 0x0000000100000000, 0x0000000100000000)
 Metaspace       used 21211K, capacity 21566K, committed 21628K, reserved 1069056K
  class space    used 2447K, capacity 2603K, committed 2608K, reserved 1048576K
2017-02-17T07:16:21.355+0100: 2,702: [GC (Allocation Failure) 2017-02-17T07:16:21.355+0100: 2,702: [ParNew
Desired survivor size 20112992 bytes, new threshold 8 (max 8)
- age   1:     957288 bytes,     957288 total
- age   2:    1470472 bytes,    2427760 total
- age   3:    1092320 bytes,    3520080 total
- age   4:    6357688 bytes,    9877768 total
: 98273K->12223K(109248K), 0,0151512 secs] 98273K->12223K(502464K), 0,0152256 secs] [Times: user=0,04 sys=0,00, real=0,01 secs] 
Heap after GC invocations=4 (full 0):
 par new generation   total 109248K, used 12223K [0x00000000e0000000, 0x00000000e8000000, 0x00000000e8000000)
  eden space 87424K,   0% used [0x00000000e0000000, 0x00000000e0000000, 0x00000000e5560000)
  from space 21824K,  56% used [0x00000000e5560000, 0x00000000e614fda0, 0x00000000e6ab0000)
  to   space 21824K,   0% used [0x00000000e6ab0000, 0x00000000e6ab0000, 0x00000000e8000000)
 concurrent mark-sweep generation total 393216K, used 0K [0x00000000e8000000, 0x0000000100000000, 0x0000000100000000)
 Metaspace       used 21211K, capacity 21566K, committed 21628K, reserved 1069056K
  class space    used 2447K, capacity 2603K, committed 2608K, reserved 1048576K
}
2017-02-17T07:16:21.370+0100: 2,717: Total time for which application threads were stopped: 0,0154782 seconds, Stopping threads took: 0,0000915 seconds
2017-02-17T07:16:21.370+0100: 2,717: [GC (CMS Initial Mark) [1 CMS-initial-mark: 0K(393216K)] 12239K(502464K), 0,0044057 secs] [Times: user=0,02 sys=0,00, real=0,01 secs] 
2017-02-17T07:16:21.375+0100: 2,721: Total time for which application threads were stopped: 0,0045526 seconds, Stopping threads took: 0,0000396 seconds
2017-02-17T07:16:21.375+0100: 2,722: [CMS-concurrent-mark-start]
2017-02-17T07:16:21.376+0100: 2,723: [CMS-concurrent-mark: 0,001/0,001 secs] [Times: user=0,00 sys=0,00, real=0,00 secs] 
2017-02-17T07:16:21.376+0100: 2,723: [CMS-concurrent-preclean-start]
2017-02-17T07:16:21.379+0100: 2,726: [CMS-concurrent-preclean: 0,003/0,003 secs] [Times: user=0,01 sys=0,00, real=0,00 secs] 
2017-02-17T07:16:21.380+0100: 2,727: [GC (CMS Final Remark) [YG occupancy: 14195 K (109248 K)]{Heap before GC invocations=4 (full 1):
 par new generation   total 109248K, used 14195K [0x00000000e0000000, 0x00000000e8000000, 0x00000000e8000000)
  eden space 87424K,   2% used [0x00000000e0000000, 0x00000000e01ecf68, 0x00000000e5560000)
  from space 21824K,  56% used [0x00000000e5560000, 0x00000000e614fda0, 0x00000000e6ab0000)
  to   space 21824K,   0% used [0x00000000e6ab0000, 0x00000000e6ab0000, 0x00000000e8000000)
 concurrent mark-sweep generation total 393216K, used 0K [0x00000000e8000000, 0x0000000100000000, 0x0000000100000000)
 Metaspace       used 21215K, capacity 21566K, committed 21628K, reserved 1069056K
  class space    used 2447K, capacity 2603K, committed 2608K, reserved 1048576K
2017-02-17T07:16:21.380+0100: 2,727: [GC (CMS Final Remark) 2017-02-17T07:16:21.380+0100: 2,727: [ParNew
Desired survivor size 20112992 bytes, new threshold 8 (max 8)
- age   1:     664416 bytes,     664416 total
- age   2:     503512 bytes,    1167928 total
- age   3:    1470592 bytes,    2638520 total
- age   4:    1092320 bytes,    3730840 total
- age   5:    6357768 bytes,   10088608 total
: 14195K->13907K(109248K), 0,0200965 secs] 14195K->13907K(502464K), 0,0201382 secs] [Times: user=0,07 sys=0,00, real=0,02 secs] 
Heap after GC invocations=5 (full 1):
 par new generation   total 109248K, used 13907K [0x00000000e0000000, 0x00000000e8000000, 0x00000000e8000000)
  eden space 87424K,   0% used [0x00000000e0000000, 0x00000000e0000000, 0x00000000e5560000)
  from space 21824K,  63% used [0x00000000e6ab0000, 0x00000000e7844fd0, 0x00000000e8000000)
  to   space 21824K,   0% used [0x00000000e5560000, 0x00000000e5560000, 0x00000000e6ab0000)
 concurrent mark-sweep generation total 393216K, used 0K [0x00000000e8000000, 0x0000000100000000, 0x0000000100000000)
 Metaspace       used 21215K, capacity 21566K, committed 21628K, reserved 1069056K
  class space    used 2447K, capacity 2603K, committed 2608K, reserved 1048576K
}
2017-02-17T07:16:21.401+0100: 2,747: [Rescan (parallel) , 0,0033192 secs]2017-02-17T07:16:21.404+0100: 2,751: [weak refs processing, 0,0006791 secs]2017-02-17T07:16:21.405+0100: 2,751: [class unloading, 0,0028335 secs]2017-02-17T07:16:21.408+0100: 2,754: [scrub symbol table, 0,0038146 secs]2017-02-17T07:16:21.411+0100: 2,758: [scrub string table, 0,0004000 secs][1 CMS-remark: 0K(393216K)] 13907K(502464K), 0,0318846 secs] [Times: user=0,09 sys=0,00, real=0,03 secs] 
2017-02-17T07:16:21.412+0100: 2,759: Total time for which application threads were stopped: 0,0323698 seconds, Stopping threads took: 0,0002665 seconds
2017-02-17T07:16:21.412+0100: 2,759: [CMS-concurrent-sweep-start]
2017-02-17T07:16:21.412+0100: 2,759: [CMS-concurrent-sweep: 0,000/0,000 secs] [Times: user=0,00 sys=0,00, real=0,00 secs] 
2017-02-17T07:16:21.412+0100: 2,759: [CMS-concurrent-reset-start]
2017-02-17T07:16:21.416+0100: 2,763: [CMS-concurrent-reset: 0,004/0,004 secs] [Times: user=0,01 sys=0,01, real=0,01 secs] 
{Heap before GC invocations=5 (full 1):
 par new generation   total 109248K, used 101331K [0x00000000e0000000, 0x00000000e8000000, 0x00000000e8000000)
  eden space 87424K, 100% used [0x00000000e0000000, 0x00000000e5560000, 0x00000000e5560000)
  from space 21824K,  63% used [0x00000000e6ab0000, 0x00000000e7844fd0, 0x00000000e8000000)
  to   space 21824K,   0% used [0x00000000e5560000, 0x00000000e5560000, 0x00000000e6ab0000)
 concurrent mark-sweep generation total 393216K, used 0K [0x00000000e8000000, 0x0000000100000000, 0x0000000100000000)
 Metaspace       used 21344K, capacity 21726K, committed 22012K, reserved 1069056K
  class space    used 2466K, capacity 2635K, committed 2736K, reserved 1048576K
2017-02-17T07:16:21.538+0100: 2,885: [GC (Allocation Failure) 2017-02-17T07:16:21.538+0100: 2,885: [ParNew
Desired survivor size 20112992 bytes, new threshold 8 (max 8)
- age   1:     780616 bytes,     780616 total
- age   2:        424 bytes,     781040 total
- age   3:     178184 bytes,     959224 total
- age   4:    1470472 bytes,    2429696 total
- age   5:    1092208 bytes,    3521904 total
- age   6:    6357688 bytes,    9879592 total
: 101331K->12024K(109248K), 0,0095592 secs] 101331K->12024K(502464K), 0,0096343 secs] [Times: user=0,04 sys=0,00, real=0,01 secs] 
Heap after GC invocations=6 (full 1):
 par new generation   total 109248K, used 12024K [0x00000000e0000000, 0x00000000e8000000, 0x00000000e8000000)
  eden space 87424K,   0% used [0x00000000e0000000, 0x00000000e0000000, 0x00000000e5560000)
  from space 21824K,  55% used [0x00000000e5560000, 0x00000000e611e3c0, 0x00000000e6ab0000)
  to   space 21824K,   0% used [0x00000000e6ab0000, 0x00000000e6ab0000, 0x00000000e8000000)
 concurrent mark-sweep generation total 393216K, used 0K [0x00000000e8000000, 0x0000000100000000, 0x0000000100000000)
 Metaspace       used 21344K, capacity 21726K, committed 22012K, reserved 1069056K
  class space    used 2466K, capacity 2635K, committed 2736K, reserved 1048576K
}
2017-02-17T07:16:21.547+0100: 2,894: Total time for which application threads were stopped: 0,0098505 seconds, Stopping threads took: 0,0000770 seconds
2017-02-17T07:16:21.611+0100: 2,957: Total time for which application threads were stopped: 0,0004001 seconds, Stopping threads took: 0,0000367 seconds
2017-02-17T07:16:21.806+0100: 3,153: Total time for which application threads were stopped: 0,0004566 seconds, Stopping threads took: 0,0000357 seconds
2017-02-17T07:16:21.824+0100: 3,171: Total time for which application threads were stopped: 0,0003825 seconds, Stopping threads took: 0,0000569 seconds
{Heap before GC invocations=6 (full 1):
 par new generation   total 109248K, used 99448K [0x00000000e0000000, 0x00000000e8000000, 0x00000000e8000000)
  eden space 87424K, 100% used [0x00000000e0000000, 0x00000000e5560000, 0x00000000e5560000)
  from space 21824K,  55% used [0x00000000e5560000, 0x00000000e611e3c0, 0x00000000e6ab0000)
  to   space 21824K,   0% used [0x00000000e6ab0000, 0x00000000e6ab0000, 0x00000000e8000000)
 concurrent mark-sweep generation total 393216K, used 0K [0x00000000e8000000, 0x0000000100000000, 0x0000000100000000)
 Metaspace       used 24387K, capacity 24880K, committed 25136K, reserved 1071104K
  class space    used 2863K, capacity 3044K, committed 3120K, reserved 1048576K
2017-02-17T07:16:22.032+0100: 3,379: [GC (Allocation Failure) 2017-02-17T07:16:22.032+0100: 3,379: [ParNew
Desired survivor size 20112992 bytes, new threshold 8 (max 8)
- age   1:    5091648 bytes,    5091648 total
- age   2:     114032 bytes,    5205680 total
- age   3:        400 bytes,    5206080 total
- age   4:     176600 bytes,    5382680 total
- age   5:     297840 bytes,    5680520 total
- age   6:    1067080 bytes,    6747600 total
- age   7:    6350344 bytes,   13097944 total
: 99448K->15293K(109248K), 0,0176611 secs] 99448K->15293K(502464K), 0,0177597 secs] [Times: user=0,07 sys=0,00, real=0,02 secs] 
Heap after GC invocations=7 (full 1):
 par new generation   total 109248K, used 15293K [0x00000000e0000000, 0x00000000e8000000, 0x00000000e8000000)
  eden space 87424K,   0% used [0x00000000e0000000, 0x00000000e0000000, 0x00000000e5560000)
  from space 21824K,  70% used [0x00000000e6ab0000, 0x00000000e799f650, 0x00000000e8000000)
  to   space 21824K,   0% used [0x00000000e5560000, 0x00000000e5560000, 0x00000000e6ab0000)
 concurrent mark-sweep generation total 393216K, used 0K [0x00000000e8000000, 0x0000000100000000, 0x0000000100000000)
 Metaspace       used 24387K, capacity 24880K, committed 25136K, reserved 1071104K
  class space    used 2863K, capacity 3044K, committed 3120K, reserved 1048576K
}
2017-02-17T07:16:22.050+0100: 3,397: Total time for which application threads were stopped: 0,0180763 seconds, Stopping threads took: 0,0000964 seconds
{Heap before GC invocations=7 (full 1):
 par new generation   total 109248K, used 102717K [0x00000000e0000000, 0x00000000e8000000, 0x00000000e8000000)
  eden space 87424K, 100% used [0x00000000e0000000, 0x00000000e5560000, 0x00000000e5560000)
  from space 21824K,  70% used [0x00000000e6ab0000, 0x00000000e799f650, 0x00000000e8000000)
  to   space 21824K,   0% used [0x00000000e5560000, 0x00000000e5560000, 0x00000000e6ab0000)
 concurrent mark-sweep generation total 393216K, used 0K [0x00000000e8000000, 0x0000000100000000, 0x0000000100000000)
 Metaspace       used 24935K, capacity 25382K, committed 25648K, reserved 1071104K
  class space    used 2909K, capacity 3080K, committed 3120K, reserved 1048576K
2017-02-17T07:16:22.206+0100: 3,553: [GC (Allocation Failure) 2017-02-17T07:16:22.206+0100: 3,553: [ParNew
Desired survivor size 20112992 bytes, new threshold 8 (max 8)
- age   1:    1276448 bytes,    1276448 total
- age   2:    1820784 bytes,    3097232 total
- age   3:      81344 bytes,    3178576 total
- age   4:        400 bytes,    3178976 total
- age   5:     138952 bytes,    3317928 total
- age   6:     252936 bytes,    3570864 total
- age   7:     972768 bytes,    4543632 total
- age   8:    6151744 bytes,   10695376 total
: 102717K->14722K(109248K), 0,0113279 secs] 102717K->14722K(502464K), 0,0114035 secs] [Times: user=0,04 sys=0,00, real=0,02 secs] 
Heap after GC invocations=8 (full 1):
 par new generation   total 109248K, used 14722K [0x00000000e0000000, 0x00000000e8000000, 0x00000000e8000000)
  eden space 87424K,   0% used [0x00000000e0000000, 0x00000000e0000000, 0x00000000e5560000)
  from space 21824K,  67% used [0x00000000e5560000, 0x00000000e63c0a28, 0x00000000e6ab0000)
  to   space 21824K,   0% used [0x00000000e6ab0000, 0x00000000e6ab0000, 0x00000000e8000000)
 concurrent mark-sweep generation total 393216K, used 0K [0x00000000e8000000, 0x0000000100000000, 0x0000000100000000)
 Metaspace       used 24935K, capacity 25382K, committed 25648K, reserved 1071104K
  class space    used 2909K, capacity 3080K, committed 3120K, reserved 1048576K
}
2017-02-17T07:16:22.217+0100: 3,564: Total time for which application threads were stopped: 0,0116330 seconds, Stopping threads took: 0,0000343 seconds
2017-02-17T07:16:22.409+0100: 3,756: Total time for which application threads were stopped: 0,0005368 seconds, Stopping threads took: 0,0000245 seconds
2017-02-17T07:16:22.477+0100: 3,824: Total time for which application threads were stopped: 0,0005131 seconds, Stopping threads took: 0,0000558 seconds
2017-02-17T07:16:22.493+0100: 3,840: Total time for which application threads were stopped: 0,0003991 seconds, Stopping threads took: 0,0000404 seconds
2017-02-17T07:16:22.563+0100: 3,909: Total time for which application threads were stopped: 0,0046316 seconds, Stopping threads took: 0,0042141 seconds
2017-02-17T07:16:22.703+0100: 4,049: Total time for which application threads were stopped: 0,0003772 seconds, Stopping threads took: 0,0000549 seconds
2017-02-17T07:16:22.707+0100: 4,054: Total time for which application threads were stopped: 0,0001419 seconds, Stopping threads took: 0,0000397 seconds
2017-02-17T07:16:22.707+0100: 4,054: Total time for which application threads were stopped: 0,0001327 seconds, Stopping threads took: 0,0000724 seconds
2017-02-17T07:16:22.708+0100: 4,055: Total time for which application threads were stopped: 0,0001114 seconds, Stopping threads took: 0,0000355 seconds
2017-02-17T07:16:22.709+0100: 4,055: Total time for which application threads were stopped: 0,0000763 seconds, Stopping threads took: 0,0000180 seconds
2017-02-17T07:17:10.713+0100: 52,060: Total time for which application threads were stopped: 0,0000929 seconds, Stopping threads took: 0,0000350 seconds
2017-02-17T07:18:14.721+0100: 116,068: Total time for which application threads were stopped: 0,0001025 seconds, Stopping threads took: 0,0000400 seconds
2017-02-17T07:18:20.722+0100: 122,068: Total time for which application threads were stopped: 0,0000668 seconds, Stopping threads took: 0,0000159 seconds
2017-02-17T07:19:19.728+0100: 181,075: Total time for which application threads were stopped: 0,0000817 seconds, Stopping threads took: 0,0000310 seconds
2017-02-17T07:20:29.736+0100: 251,082: Total time for which application threads were stopped: 0,0002438 seconds, Stopping threads took: 0,0001731 seconds
2017-02-17T07:20:39.737+0100: 261,083: Total time for which application threads were stopped: 0,0002332 seconds, Stopping threads took: 0,0001137 seconds
2017-02-17T07:20:44.738+0100: 266,084: Total time for which application threads were stopped: 0,0003648 seconds, Stopping threads took: 0,0000797 seconds
{Heap before GC invocations=8 (full 1):
 par new generation   total 109248K, used 102146K [0x00000000e0000000, 0x00000000e8000000, 0x00000000e8000000)
  eden space 87424K, 100% used [0x00000000e0000000, 0x00000000e5560000, 0x00000000e5560000)
  from space 21824K,  67% used [0x00000000e5560000, 0x00000000e63c0a28, 0x00000000e6ab0000)
  to   space 21824K,   0% used [0x00000000e6ab0000, 0x00000000e6ab0000, 0x00000000e8000000)
 concurrent mark-sweep generation total 393216K, used 0K [0x00000000e8000000, 0x0000000100000000, 0x0000000100000000)
 Metaspace       used 28011K, capacity 28550K, committed 28848K, reserved 1075200K
  class space    used 3216K, capacity 3390K, committed 3504K, reserved 1048576K
2017-02-17T07:20:54.148+0100: 275,495: [GC (Allocation Failure) 2017-02-17T07:20:54.149+0100: 275,496: [ParNew
Desired survivor size 20112992 bytes, new threshold 8 (max 8)
- age   1:   12713648 bytes,   12713648 total
- age   2:     334792 bytes,   13048440 total
- age   3:    1801272 bytes,   14849712 total
- age   4:      81344 bytes,   14931056 total
- age   5:        400 bytes,   14931456 total
- age   6:     138824 bytes,   15070280 total
- age   7:     252840 bytes,   15323120 total
- age   8:     971408 bytes,   16294528 total
: 102146K->19329K(109248K), 0,0771702 secs] 102146K->25900K(502464K), 0,0776906 secs] [Times: user=0,15 sys=0,01, real=0,08 secs] 
Heap after GC invocations=9 (full 1):
 par new generation   total 109248K, used 19329K [0x00000000e0000000, 0x00000000e8000000, 0x00000000e8000000)
  eden space 87424K,   0% used [0x00000000e0000000, 0x00000000e0000000, 0x00000000e5560000)
  from space 21824K,  88% used [0x00000000e6ab0000, 0x00000000e7d90440, 0x00000000e8000000)
  to   space 21824K,   0% used [0x00000000e5560000, 0x00000000e5560000, 0x00000000e6ab0000)
 concurrent mark-sweep generation total 393216K, used 6571K [0x00000000e8000000, 0x0000000100000000, 0x0000000100000000)
 Metaspace       used 28011K, capacity 28550K, committed 28848K, reserved 1075200K
  class space    used 3216K, capacity 3390K, committed 3504K, reserved 1048576K
}
2017-02-17T07:20:54.226+0100: 275,573: Total time for which application threads were stopped: 0,0781962 seconds, Stopping threads took: 0,0000452 seconds
2017-02-17T07:20:55.226+0100: 276,573: Total time for which application threads were stopped: 0,0000743 seconds, Stopping threads took: 0,0000153 seconds
2017-02-17T07:39:49.356+0100: 1410,702: Total time for which application threads were stopped: 0,0000951 seconds, Stopping threads took: 0,0000314 seconds
2017-02-17T07:44:19.391+0100: 1680,738: Total time for which application threads were stopped: 0,0000916 seconds, Stopping threads took: 0,0000328 seconds
2017-02-17T07:54:40.466+0100: 2301,813: Total time for which application threads were stopped: 0,0000867 seconds, Stopping threads took: 0,0000294 seconds
2017-02-17T07:54:44.467+0100: 2305,814: Total time for which application threads were stopped: 0,0000980 seconds, Stopping threads took: 0,0000359 seconds
2017-02-17T07:55:25.472+0100: 2346,819: Total time for which application threads were stopped: 0,0000831 seconds, Stopping threads took: 0,0000311 seconds
2017-02-17T08:09:35.574+0100: 3196,921: Total time for which application threads were stopped: 0,0000854 seconds, Stopping threads took: 0,0000318 seconds
2017-02-17T08:20:54.645+0100: 3875,992: Total time for which application threads were stopped: 0,0000879 seconds, Stopping threads took: 0,0000337 seconds
2017-02-17T08:42:00.772+0100: 5142,119: Total time for which application threads were stopped: 0,0001685 seconds, Stopping threads took: 0,0000565 seconds
2017-02-17T08:42:05.773+0100: 5147,120: Total time for which application threads were stopped: 0,0000775 seconds, Stopping threads took: 0,0000179 seconds
2017-02-17T08:43:18.710+0100: 5220,057: Total time for which application threads were stopped: 0,0002246 seconds, Stopping threads took: 0,0001037 seconds
2017-02-17T08:43:18.744+0100: 5220,091: Total time for which application threads were stopped: 0,0149456 seconds, Stopping threads took: 0,0148304 seconds
2017-02-17T08:43:18.766+0100: 5220,112: Total time for which application threads were stopped: 0,0001148 seconds, Stopping threads took: 0,0000339 seconds
Heap
 par new generation   total 109248K, used 36303K [0x00000000e0000000, 0x00000000e8000000, 0x00000000e8000000)
  eden space 87424K,  19% used [0x00000000e0000000, 0x00000000e1093920, 0x00000000e5560000)
  from space 21824K,  88% used [0x00000000e6ab0000, 0x00000000e7d90440, 0x00000000e8000000)
  to   space 21824K,   0% used [0x00000000e5560000, 0x00000000e5560000, 0x00000000e6ab0000)
 concurrent mark-sweep generation total 393216K, used 6571K [0x00000000e8000000, 0x0000000100000000, 0x0000000100000000)
 Metaspace       used 28137K, capacity 28720K, committed 29104K, reserved 1075200K
  class space    used 3230K, capacity 3423K, committed 3504K, reserved 1048576K
