OpenJDK 64-Bit Server VM (25.121-b13) for linux-amd64 JRE (1.8.0_121-8u121-b13-0ubuntu1.16.04.2-b13), built on Jan 23 2017 15:51:29 by "buildd" with gcc 5.4.0 20160609
Memory: 4k page, physical 7867764k(7423824k free), swap 8076284k(8076284k free)
CommandLine flags: -XX:CMSInitiatingOccupancyFraction=50 -XX:CMSMaxAbortablePrecleanTime=6000 -XX:+CMSParallelRemarkEnabled -XX:+CMSScavengeBeforeRemark -XX:ConcGCThreads=4 -XX:InitialHeapSize=536870912 -XX:MaxHeapSize=536870912 -XX:MaxTenuringThreshold=8 -XX:NewRatio=3 -XX:OldPLABSize=16 -XX:OnOutOfMemoryError=/opt/solr/bin/oom_solr.sh 8983 /var/solr/logs -XX:ParallelGCThreads=4 -XX:+ParallelRefProcEnabled -XX:PretenureSizeThreshold=67108864 -XX:+PrintGC -XX:+PrintGCApplicationStoppedTime -XX:+PrintGCDateStamps -XX:+PrintGCDetails -XX:+PrintGCTimeStamps -XX:+PrintHeapAtGC -XX:+PrintTenuringDistribution -XX:SurvivorRatio=4 -XX:TargetSurvivorRatio=90 -XX:ThreadStackSize=256 -XX:+UseCMSInitiatingOccupancyOnly -XX:+UseCompressedClassPointers -XX:+UseCompressedOops -XX:+UseConcMarkSweepGC -XX:+UseParNewGC 
2017-04-08T23:08:51.919+0200: 0,166: Total time for which application threads were stopped: 0,0000941 seconds, Stopping threads took: 0,0000226 seconds
2017-04-08T23:08:52.038+0200: 0,286: Total time for which application threads were stopped: 0,0001104 seconds, Stopping threads took: 0,0000144 seconds
2017-04-08T23:08:52.055+0200: 0,303: Total time for which application threads were stopped: 0,0001032 seconds, Stopping threads took: 0,0000242 seconds
2017-04-08T23:08:52.367+0200: 0,615: Total time for which application threads were stopped: 0,0001629 seconds, Stopping threads took: 0,0000298 seconds
2017-04-08T23:08:52.850+0200: 1,098: Total time for which application threads were stopped: 0,0001697 seconds, Stopping threads took: 0,0000145 seconds
2017-04-08T23:08:52.937+0200: 1,185: Total time for which application threads were stopped: 0,0001461 seconds, Stopping threads took: 0,0000187 seconds
2017-04-08T23:08:52.965+0200: 1,212: Total time for which application threads were stopped: 0,0001427 seconds, Stopping threads took: 0,0000131 seconds
2017-04-08T23:08:53.338+0200: 1,585: Total time for which application threads were stopped: 0,0001634 seconds, Stopping threads took: 0,0000191 seconds
2017-04-08T23:08:53.602+0200: 1,849: Total time for which application threads were stopped: 0,0001861 seconds, Stopping threads took: 0,0000149 seconds
2017-04-08T23:08:53.621+0200: 1,868: Total time for which application threads were stopped: 0,0001688 seconds, Stopping threads took: 0,0000208 seconds
2017-04-08T23:08:53.647+0200: 1,895: Total time for which application threads were stopped: 0,0002259 seconds, Stopping threads took: 0,0000223 seconds
2017-04-08T23:08:53.648+0200: 1,896: Total time for which application threads were stopped: 0,0001983 seconds, Stopping threads took: 0,0000171 seconds
2017-04-08T23:08:53.661+0200: 1,909: Total time for which application threads were stopped: 0,0001667 seconds, Stopping threads took: 0,0000121 seconds
2017-04-08T23:08:53.728+0200: 1,975: Total time for which application threads were stopped: 0,0002548 seconds, Stopping threads took: 0,0000239 seconds
2017-04-08T23:08:53.898+0200: 2,145: Total time for which application threads were stopped: 0,0003357 seconds, Stopping threads took: 0,0000721 seconds
{Heap before GC invocations=0 (full 0):
 par new generation   total 109248K, used 87424K [0x00000000e0000000, 0x00000000e8000000, 0x00000000e8000000)
  eden space 87424K, 100% used [0x00000000e0000000, 0x00000000e5560000, 0x00000000e5560000)
  from space 21824K,   0% used [0x00000000e5560000, 0x00000000e5560000, 0x00000000e6ab0000)
  to   space 21824K,   0% used [0x00000000e6ab0000, 0x00000000e6ab0000, 0x00000000e8000000)
 concurrent mark-sweep generation total 393216K, used 0K [0x00000000e8000000, 0x0000000100000000, 0x0000000100000000)
 Metaspace       used 17473K, capacity 17824K, committed 18048K, reserved 1064960K
  class space    used 1986K, capacity 2132K, committed 2176K, reserved 1048576K
2017-04-08T23:08:53.906+0200: 2,154: [GC (Allocation Failure) 2017-04-08T23:08:53.906+0200: 2,154: [ParNew
Desired survivor size 20112992 bytes, new threshold 8 (max 8)
- age   1:   11081840 bytes,   11081840 total
: 87424K->10923K(109248K), 0,0146708 secs] 87424K->10923K(502464K), 0,0147537 secs] [Times: user=0,03 sys=0,02, real=0,01 secs] 
Heap after GC invocations=1 (full 0):
 par new generation   total 109248K, used 10923K [0x00000000e0000000, 0x00000000e8000000, 0x00000000e8000000)
  eden space 87424K,   0% used [0x00000000e0000000, 0x00000000e0000000, 0x00000000e5560000)
  from space 21824K,  50% used [0x00000000e6ab0000, 0x00000000e755afd0, 0x00000000e8000000)
  to   space 21824K,   0% used [0x00000000e5560000, 0x00000000e5560000, 0x00000000e6ab0000)
 concurrent mark-sweep generation total 393216K, used 0K [0x00000000e8000000, 0x0000000100000000, 0x0000000100000000)
 Metaspace       used 17473K, capacity 17824K, committed 18048K, reserved 1064960K
  class space    used 1986K, capacity 2132K, committed 2176K, reserved 1048576K
}
2017-04-08T23:08:53.921+0200: 2,168: Total time for which application threads were stopped: 0,0174915 seconds, Stopping threads took: 0,0026118 seconds
2017-04-08T23:08:54.344+0200: 2,591: Total time for which application threads were stopped: 0,0004302 seconds, Stopping threads took: 0,0000417 seconds
{Heap before GC invocations=1 (full 0):
 par new generation   total 109248K, used 98347K [0x00000000e0000000, 0x00000000e8000000, 0x00000000e8000000)
  eden space 87424K, 100% used [0x00000000e0000000, 0x00000000e5560000, 0x00000000e5560000)
  from space 21824K,  50% used [0x00000000e6ab0000, 0x00000000e755afd0, 0x00000000e8000000)
  to   space 21824K,   0% used [0x00000000e5560000, 0x00000000e5560000, 0x00000000e6ab0000)
 concurrent mark-sweep generation total 393216K, used 0K [0x00000000e8000000, 0x0000000100000000, 0x0000000100000000)
 Metaspace       used 20054K, capacity 20366K, committed 20736K, reserved 1067008K
  class space    used 2296K, capacity 2471K, committed 2560K, reserved 1048576K
2017-04-08T23:08:54.366+0200: 2,614: [GC (Allocation Failure) 2017-04-08T23:08:54.366+0200: 2,614: [ParNew
Desired survivor size 20112992 bytes, new threshold 8 (max 8)
- age   1:    4900480 bytes,    4900480 total
- age   2:    5709512 bytes,   10609992 total
: 98347K->14084K(109248K), 0,0103859 secs] 98347K->14084K(502464K), 0,0104646 secs] [Times: user=0,03 sys=0,00, real=0,01 secs] 
Heap after GC invocations=2 (full 0):
 par new generation   total 109248K, used 14084K [0x00000000e0000000, 0x00000000e8000000, 0x00000000e8000000)
  eden space 87424K,   0% used [0x00000000e0000000, 0x00000000e0000000, 0x00000000e5560000)
  from space 21824K,  64% used [0x00000000e5560000, 0x00000000e6321140, 0x00000000e6ab0000)
  to   space 21824K,   0% used [0x00000000e6ab0000, 0x00000000e6ab0000, 0x00000000e8000000)
 concurrent mark-sweep generation total 393216K, used 0K [0x00000000e8000000, 0x0000000100000000, 0x0000000100000000)
 Metaspace       used 20054K, capacity 20366K, committed 20736K, reserved 1067008K
  class space    used 2296K, capacity 2471K, committed 2560K, reserved 1048576K
}
2017-04-08T23:08:54.377+0200: 2,624: Total time for which application threads were stopped: 0,0111599 seconds, Stopping threads took: 0,0005584 seconds
2017-04-08T23:08:54.387+0200: 2,634: Total time for which application threads were stopped: 0,0003265 seconds, Stopping threads took: 0,0000607 seconds
2017-04-08T23:08:54.436+0200: 2,684: Total time for which application threads were stopped: 0,0014696 seconds, Stopping threads took: 0,0011276 seconds
2017-04-08T23:08:54.551+0200: 2,798: Total time for which application threads were stopped: 0,0001872 seconds, Stopping threads took: 0,0000344 seconds
{Heap before GC invocations=2 (full 0):
 par new generation   total 109248K, used 101508K [0x00000000e0000000, 0x00000000e8000000, 0x00000000e8000000)
  eden space 87424K, 100% used [0x00000000e0000000, 0x00000000e5560000, 0x00000000e5560000)
  from space 21824K,  64% used [0x00000000e5560000, 0x00000000e6321140, 0x00000000e6ab0000)
  to   space 21824K,   0% used [0x00000000e6ab0000, 0x00000000e6ab0000, 0x00000000e8000000)
 concurrent mark-sweep generation total 393216K, used 0K [0x00000000e8000000, 0x0000000100000000, 0x0000000100000000)
 Metaspace       used 21005K, capacity 21352K, committed 21628K, reserved 1069056K
  class space    used 2418K, capacity 2590K, committed 2684K, reserved 1048576K
2017-04-08T23:08:54.578+0200: 2,825: [GC (Allocation Failure) 2017-04-08T23:08:54.578+0200: 2,825: [ParNew
Desired survivor size 20112992 bytes, new threshold 8 (max 8)
- age   1:    2176680 bytes,    2176680 total
- age   2:    1762472 bytes,    3939152 total
- age   3:    5707488 bytes,    9646640 total
: 101508K->11291K(109248K), 0,0111728 secs] 101508K->11291K(502464K), 0,0112520 secs] [Times: user=0,04 sys=0,00, real=0,01 secs] 
Heap after GC invocations=3 (full 0):
 par new generation   total 109248K, used 11291K [0x00000000e0000000, 0x00000000e8000000, 0x00000000e8000000)
  eden space 87424K,   0% used [0x00000000e0000000, 0x00000000e0000000, 0x00000000e5560000)
  from space 21824K,  51% used [0x00000000e6ab0000, 0x00000000e75b6f40, 0x00000000e8000000)
  to   space 21824K,   0% used [0x00000000e5560000, 0x00000000e5560000, 0x00000000e6ab0000)
 concurrent mark-sweep generation total 393216K, used 0K [0x00000000e8000000, 0x0000000100000000, 0x0000000100000000)
 Metaspace       used 21005K, capacity 21352K, committed 21628K, reserved 1069056K
  class space    used 2418K, capacity 2590K, committed 2684K, reserved 1048576K
}
2017-04-08T23:08:54.589+0200: 2,837: Total time for which application threads were stopped: 0,0114693 seconds, Stopping threads took: 0,0000828 seconds
2017-04-08T23:08:54.589+0200: 2,837: [GC (CMS Initial Mark) [1 CMS-initial-mark: 0K(393216K)] 11970K(502464K), 0,0035845 secs] [Times: user=0,02 sys=0,00, real=0,01 secs] 
2017-04-08T23:08:54.593+0200: 2,840: Total time for which application threads were stopped: 0,0037145 seconds, Stopping threads took: 0,0000415 seconds
2017-04-08T23:08:54.593+0200: 2,840: [CMS-concurrent-mark-start]
2017-04-08T23:08:54.593+0200: 2,841: [CMS-concurrent-mark: 0,000/0,000 secs] [Times: user=0,00 sys=0,00, real=0,00 secs] 
2017-04-08T23:08:54.593+0200: 2,841: [CMS-concurrent-preclean-start]
2017-04-08T23:08:54.594+0200: 2,842: [CMS-concurrent-preclean: 0,001/0,001 secs] [Times: user=0,00 sys=0,00, real=0,00 secs] 
2017-04-08T23:08:54.594+0200: 2,842: [GC (CMS Final Remark) [YG occupancy: 11970 K (109248 K)]{Heap before GC invocations=3 (full 1):
 par new generation   total 109248K, used 11970K [0x00000000e0000000, 0x00000000e8000000, 0x00000000e8000000)
  eden space 87424K,   0% used [0x00000000e0000000, 0x00000000e00a9a78, 0x00000000e5560000)
  from space 21824K,  51% used [0x00000000e6ab0000, 0x00000000e75b6f40, 0x00000000e8000000)
  to   space 21824K,   0% used [0x00000000e5560000, 0x00000000e5560000, 0x00000000e6ab0000)
 concurrent mark-sweep generation total 393216K, used 0K [0x00000000e8000000, 0x0000000100000000, 0x0000000100000000)
 Metaspace       used 21005K, capacity 21352K, committed 21628K, reserved 1069056K
  class space    used 2418K, capacity 2590K, committed 2684K, reserved 1048576K
2017-04-08T23:08:54.594+0200: 2,842: [GC (CMS Final Remark) 2017-04-08T23:08:54.594+0200: 2,842: [ParNew
Desired survivor size 20112992 bytes, new threshold 8 (max 8)
- age   1:      16400 bytes,      16400 total
- age   2:    2176680 bytes,    2193080 total
- age   3:    1762472 bytes,    3955552 total
- age   4:    5707584 bytes,    9663136 total
: 11970K->14834K(109248K), 0,0130124 secs] 11970K->14834K(502464K), 0,0130548 secs] [Times: user=0,05 sys=0,00, real=0,01 secs] 
Heap after GC invocations=4 (full 1):
 par new generation   total 109248K, used 14834K [0x00000000e0000000, 0x00000000e8000000, 0x00000000e8000000)
  eden space 87424K,   0% used [0x00000000e0000000, 0x00000000e0000000, 0x00000000e5560000)
  from space 21824K,  67% used [0x00000000e5560000, 0x00000000e63dca20, 0x00000000e6ab0000)
  to   space 21824K,   0% used [0x00000000e6ab0000, 0x00000000e6ab0000, 0x00000000e8000000)
 concurrent mark-sweep generation total 393216K, used 0K [0x00000000e8000000, 0x0000000100000000, 0x0000000100000000)
 Metaspace       used 21005K, capacity 21352K, committed 21628K, reserved 1069056K
  class space    used 2418K, capacity 2590K, committed 2684K, reserved 1048576K
}
2017-04-08T23:08:54.607+0200: 2,855: [Rescan (parallel) , 0,0043037 secs]2017-04-08T23:08:54.612+0200: 2,859: [weak refs processing, 0,0022259 secs]2017-04-08T23:08:54.614+0200: 2,862: [class unloading, 0,0029369 secs]2017-04-08T23:08:54.617+0200: 2,865: [scrub symbol table, 0,0044276 secs]2017-04-08T23:08:54.621+0200: 2,869: [scrub string table, 0,0004435 secs][1 CMS-remark: 0K(393216K)] 14834K(502464K), 0,0280520 secs] [Times: user=0,09 sys=0,00, real=0,03 secs] 
2017-04-08T23:08:54.622+0200: 2,870: Total time for which application threads were stopped: 0,0281657 seconds, Stopping threads took: 0,0000270 seconds
2017-04-08T23:08:54.623+0200: 2,870: [CMS-concurrent-sweep-start]
2017-04-08T23:08:54.623+0200: 2,870: [CMS-concurrent-sweep: 0,000/0,000 secs] [Times: user=0,00 sys=0,00, real=0,00 secs] 
2017-04-08T23:08:54.623+0200: 2,870: [CMS-concurrent-reset-start]
2017-04-08T23:08:54.625+0200: 2,873: [CMS-concurrent-reset: 0,003/0,003 secs] [Times: user=0,01 sys=0,00, real=0,00 secs] 
{Heap before GC invocations=4 (full 1):
 par new generation   total 109248K, used 102258K [0x00000000e0000000, 0x00000000e8000000, 0x00000000e8000000)
  eden space 87424K, 100% used [0x00000000e0000000, 0x00000000e5560000, 0x00000000e5560000)
  from space 21824K,  67% used [0x00000000e5560000, 0x00000000e63dca20, 0x00000000e6ab0000)
  to   space 21824K,   0% used [0x00000000e6ab0000, 0x00000000e6ab0000, 0x00000000e8000000)
 concurrent mark-sweep generation total 393216K, used 0K [0x00000000e8000000, 0x0000000100000000, 0x0000000100000000)
 Metaspace       used 21247K, capacity 21658K, committed 21884K, reserved 1069056K
  class space    used 2450K, capacity 2610K, committed 2684K, reserved 1048576K
2017-04-08T23:08:54.710+0200: 2,957: [GC (Allocation Failure) 2017-04-08T23:08:54.710+0200: 2,957: [ParNew
Desired survivor size 20112992 bytes, new threshold 8 (max 8)
- age   1:    1216248 bytes,    1216248 total
- age   3:    1499864 bytes,    2716112 total
- age   4:    1725744 bytes,    4441856 total
- age   5:    5707528 bytes,   10149384 total
: 102258K->13435K(109248K), 0,0094391 secs] 102258K->13435K(502464K), 0,0095053 secs] [Times: user=0,03 sys=0,00, real=0,01 secs] 
Heap after GC invocations=5 (full 1):
 par new generation   total 109248K, used 13435K [0x00000000e0000000, 0x00000000e8000000, 0x00000000e8000000)
  eden space 87424K,   0% used [0x00000000e0000000, 0x00000000e0000000, 0x00000000e5560000)
  from space 21824K,  61% used [0x00000000e6ab0000, 0x00000000e77cec20, 0x00000000e8000000)
  to   space 21824K,   0% used [0x00000000e5560000, 0x00000000e5560000, 0x00000000e6ab0000)
 concurrent mark-sweep generation total 393216K, used 0K [0x00000000e8000000, 0x0000000100000000, 0x0000000100000000)
 Metaspace       used 21247K, capacity 21658K, committed 21884K, reserved 1069056K
  class space    used 2450K, capacity 2610K, committed 2684K, reserved 1048576K
}
2017-04-08T23:08:54.719+0200: 2,967: Total time for which application threads were stopped: 0,0117155 seconds, Stopping threads took: 0,0020790 seconds
{Heap before GC invocations=5 (full 1):
 par new generation   total 109248K, used 100859K [0x00000000e0000000, 0x00000000e8000000, 0x00000000e8000000)
  eden space 87424K, 100% used [0x00000000e0000000, 0x00000000e5560000, 0x00000000e5560000)
  from space 21824K,  61% used [0x00000000e6ab0000, 0x00000000e77cec20, 0x00000000e8000000)
  to   space 21824K,   0% used [0x00000000e5560000, 0x00000000e5560000, 0x00000000e6ab0000)
 concurrent mark-sweep generation total 393216K, used 0K [0x00000000e8000000, 0x0000000100000000, 0x0000000100000000)
 Metaspace       used 21409K, capacity 21818K, committed 21884K, reserved 1069056K
  class space    used 2470K, capacity 2642K, committed 2684K, reserved 1048576K
2017-04-08T23:08:54.811+0200: 3,058: [GC (Allocation Failure) 2017-04-08T23:08:54.811+0200: 3,058: [ParNew
Desired survivor size 20112992 bytes, new threshold 8 (max 8)
- age   1:    1235728 bytes,    1235728 total
- age   2:     178896 bytes,    1414624 total
- age   4:    1499864 bytes,    2914488 total
- age   5:    1725616 bytes,    4640104 total
- age   6:    5707616 bytes,   10347720 total
: 100859K->10881K(109248K), 0,0095256 secs] 100859K->10881K(502464K), 0,0095972 secs] [Times: user=0,03 sys=0,00, real=0,00 secs] 
Heap after GC invocations=6 (full 1):
 par new generation   total 109248K, used 10881K [0x00000000e0000000, 0x00000000e8000000, 0x00000000e8000000)
  eden space 87424K,   0% used [0x00000000e0000000, 0x00000000e0000000, 0x00000000e5560000)
  from space 21824K,  49% used [0x00000000e5560000, 0x00000000e6000760, 0x00000000e6ab0000)
  to   space 21824K,   0% used [0x00000000e6ab0000, 0x00000000e6ab0000, 0x00000000e8000000)
 concurrent mark-sweep generation total 393216K, used 0K [0x00000000e8000000, 0x0000000100000000, 0x0000000100000000)
 Metaspace       used 21409K, capacity 21818K, committed 21884K, reserved 1069056K
  class space    used 2470K, capacity 2642K, committed 2684K, reserved 1048576K
}
2017-04-08T23:08:54.820+0200: 3,068: Total time for which application threads were stopped: 0,0098220 seconds, Stopping threads took: 0,0000851 seconds
2017-04-08T23:08:54.862+0200: 3,110: Total time for which application threads were stopped: 0,0003559 seconds, Stopping threads took: 0,0000152 seconds
2017-04-08T23:08:55.047+0200: 3,294: Total time for which application threads were stopped: 0,0003990 seconds, Stopping threads took: 0,0000198 seconds
2017-04-08T23:08:55.060+0200: 3,308: Total time for which application threads were stopped: 0,0003796 seconds, Stopping threads took: 0,0000649 seconds
{Heap before GC invocations=6 (full 1):
 par new generation   total 109248K, used 98305K [0x00000000e0000000, 0x00000000e8000000, 0x00000000e8000000)
  eden space 87424K, 100% used [0x00000000e0000000, 0x00000000e5560000, 0x00000000e5560000)
  from space 21824K,  49% used [0x00000000e5560000, 0x00000000e6000760, 0x00000000e6ab0000)
  to   space 21824K,   0% used [0x00000000e6ab0000, 0x00000000e6ab0000, 0x00000000e8000000)
 concurrent mark-sweep generation total 393216K, used 0K [0x00000000e8000000, 0x0000000100000000, 0x0000000100000000)
 Metaspace       used 24034K, capacity 24486K, committed 24572K, reserved 1071104K
  class space    used 2839K, capacity 3018K, committed 3068K, reserved 1048576K
2017-04-08T23:08:55.243+0200: 3,490: [GC (Allocation Failure) 2017-04-08T23:08:55.243+0200: 3,490: [ParNew
Desired survivor size 20112992 bytes, new threshold 8 (max 8)
- age   1:    5548800 bytes,    5548800 total
- age   2:     107376 bytes,    5656176 total
- age   3:     177392 bytes,    5833568 total
- age   5:     322472 bytes,    6156040 total
- age   6:    1701152 bytes,    7857192 total
- age   7:    5699264 bytes,   13556456 total
: 98305K->17575K(109248K), 0,0146919 secs] 98305K->17575K(502464K), 0,0147636 secs] [Times: user=0,05 sys=0,00, real=0,01 secs] 
Heap after GC invocations=7 (full 1):
 par new generation   total 109248K, used 17575K [0x00000000e0000000, 0x00000000e8000000, 0x00000000e8000000)
  eden space 87424K,   0% used [0x00000000e0000000, 0x00000000e0000000, 0x00000000e5560000)
  from space 21824K,  80% used [0x00000000e6ab0000, 0x00000000e7bd9f00, 0x00000000e8000000)
  to   space 21824K,   0% used [0x00000000e5560000, 0x00000000e5560000, 0x00000000e6ab0000)
 concurrent mark-sweep generation total 393216K, used 0K [0x00000000e8000000, 0x0000000100000000, 0x0000000100000000)
 Metaspace       used 24034K, capacity 24486K, committed 24572K, reserved 1071104K
  class space    used 2839K, capacity 3018K, committed 3068K, reserved 1048576K
}
2017-04-08T23:08:55.258+0200: 3,505: Total time for which application threads were stopped: 0,0164589 seconds, Stopping threads took: 0,0007724 seconds
{Heap before GC invocations=7 (full 1):
 par new generation   total 109248K, used 104999K [0x00000000e0000000, 0x00000000e8000000, 0x00000000e8000000)
  eden space 87424K, 100% used [0x00000000e0000000, 0x00000000e5560000, 0x00000000e5560000)
  from space 21824K,  80% used [0x00000000e6ab0000, 0x00000000e7bd9f00, 0x00000000e8000000)
  to   space 21824K,   0% used [0x00000000e5560000, 0x00000000e5560000, 0x00000000e6ab0000)
 concurrent mark-sweep generation total 393216K, used 0K [0x00000000e8000000, 0x0000000100000000, 0x0000000100000000)
 Metaspace       used 24485K, capacity 24972K, committed 25084K, reserved 1071104K
  class space    used 2867K, capacity 3051K, committed 3068K, reserved 1048576K
2017-04-08T23:08:55.372+0200: 3,620: [GC (Allocation Failure) 2017-04-08T23:08:55.372+0200: 3,620: [ParNew
Desired survivor size 20112992 bytes, new threshold 8 (max 8)
- age   1:    1774264 bytes,    1774264 total
- age   2:    1854584 bytes,    3628848 total
- age   3:      56624 bytes,    3685472 total
- age   4:     105712 bytes,    3791184 total
- age   6:     199120 bytes,    3990304 total
- age   7:    1201912 bytes,    5192216 total
- age   8:    5646848 bytes,   10839064 total
: 104999K->14323K(109248K), 0,0206576 secs] 104999K->14323K(502464K), 0,0207478 secs] [Times: user=0,06 sys=0,00, real=0,02 secs] 
Heap after GC invocations=8 (full 1):
 par new generation   total 109248K, used 14323K [0x00000000e0000000, 0x00000000e8000000, 0x00000000e8000000)
  eden space 87424K,   0% used [0x00000000e0000000, 0x00000000e0000000, 0x00000000e5560000)
  from space 21824K,  65% used [0x00000000e5560000, 0x00000000e635cc00, 0x00000000e6ab0000)
  to   space 21824K,   0% used [0x00000000e6ab0000, 0x00000000e6ab0000, 0x00000000e8000000)
 concurrent mark-sweep generation total 393216K, used 0K [0x00000000e8000000, 0x0000000100000000, 0x0000000100000000)
 Metaspace       used 24485K, capacity 24972K, committed 25084K, reserved 1071104K
  class space    used 2867K, capacity 3051K, committed 3068K, reserved 1048576K
}
2017-04-08T23:08:55.393+0200: 3,641: Total time for which application threads were stopped: 0,0241860 seconds, Stopping threads took: 0,0031756 seconds
{Heap before GC invocations=8 (full 1):
 par new generation   total 109248K, used 101747K [0x00000000e0000000, 0x00000000e8000000, 0x00000000e8000000)
  eden space 87424K, 100% used [0x00000000e0000000, 0x00000000e5560000, 0x00000000e5560000)
  from space 21824K,  65% used [0x00000000e5560000, 0x00000000e635cc00, 0x00000000e6ab0000)
  to   space 21824K,   0% used [0x00000000e6ab0000, 0x00000000e6ab0000, 0x00000000e8000000)
 concurrent mark-sweep generation total 393216K, used 0K [0x00000000e8000000, 0x0000000100000000, 0x0000000100000000)
 Metaspace       used 24978K, capacity 25414K, committed 25724K, reserved 1071104K
  class space    used 2912K, capacity 3088K, committed 3196K, reserved 1048576K
2017-04-08T23:08:55.486+0200: 3,734: [GC (Allocation Failure) 2017-04-08T23:08:55.486+0200: 3,734: [ParNew
Desired survivor size 20112992 bytes, new threshold 8 (max 8)
- age   1:     905384 bytes,     905384 total
- age   2:    1012976 bytes,    1918360 total
- age   3:    1831680 bytes,    3750040 total
- age   4:      56624 bytes,    3806664 total
- age   5:     103032 bytes,    3909696 total
- age   7:     198592 bytes,    4108288 total
- age   8:    1201208 bytes,    5309496 total
: 101747K->8639K(109248K), 0,0294675 secs] 101747K->14234K(502464K), 0,0295379 secs] [Times: user=0,10 sys=0,00, real=0,03 secs] 
Heap after GC invocations=9 (full 1):
 par new generation   total 109248K, used 8639K [0x00000000e0000000, 0x00000000e8000000, 0x00000000e8000000)
  eden space 87424K,   0% used [0x00000000e0000000, 0x00000000e0000000, 0x00000000e5560000)
  from space 21824K,  39% used [0x00000000e6ab0000, 0x00000000e731fe50, 0x00000000e8000000)
  to   space 21824K,   0% used [0x00000000e5560000, 0x00000000e5560000, 0x00000000e6ab0000)
 concurrent mark-sweep generation total 393216K, used 5595K [0x00000000e8000000, 0x0000000100000000, 0x0000000100000000)
 Metaspace       used 24978K, capacity 25414K, committed 25724K, reserved 1071104K
  class space    used 2912K, capacity 3088K, committed 3196K, reserved 1048576K
}
2017-04-08T23:08:55.516+0200: 3,763: Total time for which application threads were stopped: 0,0318910 seconds, Stopping threads took: 0,0021908 seconds
2017-04-08T23:08:55.718+0200: 3,966: Total time for which application threads were stopped: 0,0005639 seconds, Stopping threads took: 0,0000200 seconds
2017-04-08T23:08:55.783+0200: 4,031: Total time for which application threads were stopped: 0,0005357 seconds, Stopping threads took: 0,0000336 seconds
2017-04-08T23:08:55.799+0200: 4,046: Total time for which application threads were stopped: 0,0004385 seconds, Stopping threads took: 0,0000221 seconds
2017-04-08T23:08:55.802+0200: 4,050: Total time for which application threads were stopped: 0,0003728 seconds, Stopping threads took: 0,0000226 seconds
2017-04-08T23:08:55.803+0200: 4,051: Total time for which application threads were stopped: 0,0001450 seconds, Stopping threads took: 0,0000636 seconds
2017-04-08T23:08:55.804+0200: 4,052: Total time for which application threads were stopped: 0,0001131 seconds, Stopping threads took: 0,0000320 seconds
2017-04-08T23:08:55.806+0200: 4,054: Total time for which application threads were stopped: 0,0001055 seconds, Stopping threads took: 0,0000197 seconds
2017-04-08T23:08:55.808+0200: 4,055: Total time for which application threads were stopped: 0,0000993 seconds, Stopping threads took: 0,0000187 seconds
2017-04-08T23:08:55.810+0200: 4,058: Total time for which application threads were stopped: 0,0000952 seconds, Stopping threads took: 0,0000179 seconds
2017-04-08T23:08:55.811+0200: 4,059: Total time for which application threads were stopped: 0,0000834 seconds, Stopping threads took: 0,0000159 seconds
2017-04-08T23:08:55.812+0200: 4,059: Total time for which application threads were stopped: 0,0001002 seconds, Stopping threads took: 0,0000317 seconds
2017-04-08T23:08:55.834+0200: 4,082: Total time for which application threads were stopped: 0,0001639 seconds, Stopping threads took: 0,0000461 seconds
2017-04-08T23:08:55.836+0200: 4,083: Total time for which application threads were stopped: 0,0001383 seconds, Stopping threads took: 0,0000422 seconds
2017-04-08T23:08:55.841+0200: 4,089: Total time for which application threads were stopped: 0,0001548 seconds, Stopping threads took: 0,0000504 seconds
2017-04-08T23:08:55.843+0200: 4,090: Total time for which application threads were stopped: 0,0001101 seconds, Stopping threads took: 0,0000338 seconds
2017-04-08T23:08:55.845+0200: 4,092: Total time for which application threads were stopped: 0,0001236 seconds, Stopping threads took: 0,0000371 seconds
2017-04-08T23:08:55.849+0200: 4,097: Total time for which application threads were stopped: 0,0001591 seconds, Stopping threads took: 0,0000621 seconds
2017-04-08T23:08:55.851+0200: 4,098: Total time for which application threads were stopped: 0,0003914 seconds, Stopping threads took: 0,0000173 seconds
2017-04-08T23:08:55.851+0200: 4,099: Total time for which application threads were stopped: 0,0000893 seconds, Stopping threads took: 0,0000264 seconds
2017-04-08T23:08:55.852+0200: 4,100: Total time for which application threads were stopped: 0,0000789 seconds, Stopping threads took: 0,0000251 seconds
2017-04-08T23:08:55.852+0200: 4,100: Total time for which application threads were stopped: 0,0000652 seconds, Stopping threads took: 0,0000206 seconds
2017-04-08T23:08:55.852+0200: 4,100: Total time for which application threads were stopped: 0,0000647 seconds, Stopping threads took: 0,0000203 seconds
2017-04-08T23:08:55.853+0200: 4,101: Total time for which application threads were stopped: 0,0001070 seconds, Stopping threads took: 0,0000442 seconds
2017-04-08T23:08:55.862+0200: 4,110: Total time for which application threads were stopped: 0,0000823 seconds, Stopping threads took: 0,0000224 seconds
2017-04-08T23:08:55.863+0200: 4,111: Total time for which application threads were stopped: 0,0001039 seconds, Stopping threads took: 0,0000234 seconds
2017-04-08T23:08:55.871+0200: 4,118: Total time for which application threads were stopped: 0,0000969 seconds, Stopping threads took: 0,0000286 seconds
2017-04-08T23:08:55.871+0200: 4,119: Total time for which application threads were stopped: 0,0000684 seconds, Stopping threads took: 0,0000222 seconds
2017-04-08T23:08:55.872+0200: 4,119: Total time for which application threads were stopped: 0,0001193 seconds, Stopping threads took: 0,0000115 seconds
2017-04-08T23:08:55.872+0200: 4,119: Total time for which application threads were stopped: 0,0000568 seconds, Stopping threads took: 0,0000105 seconds
2017-04-08T23:08:55.873+0200: 4,120: Total time for which application threads were stopped: 0,0001167 seconds, Stopping threads took: 0,0000347 seconds
2017-04-08T23:08:55.873+0200: 4,121: Total time for which application threads were stopped: 0,0000939 seconds, Stopping threads took: 0,0000403 seconds
2017-04-08T23:08:55.873+0200: 4,121: Total time for which application threads were stopped: 0,0000618 seconds, Stopping threads took: 0,0000224 seconds
2017-04-08T23:08:55.873+0200: 4,121: Total time for which application threads were stopped: 0,0000584 seconds, Stopping threads took: 0,0000185 seconds
2017-04-08T23:08:55.873+0200: 4,121: Total time for which application threads were stopped: 0,0000511 seconds, Stopping threads took: 0,0000154 seconds
2017-04-08T23:08:55.874+0200: 4,121: Total time for which application threads were stopped: 0,0000453 seconds, Stopping threads took: 0,0000088 seconds
2017-04-08T23:08:55.874+0200: 4,121: Total time for which application threads were stopped: 0,0000405 seconds, Stopping threads took: 0,0000087 seconds
2017-04-08T23:08:55.874+0200: 4,121: Total time for which application threads were stopped: 0,0000429 seconds, Stopping threads took: 0,0000075 seconds
2017-04-08T23:08:55.874+0200: 4,122: Total time for which application threads were stopped: 0,0000657 seconds, Stopping threads took: 0,0000087 seconds
2017-04-08T23:08:55.874+0200: 4,122: Total time for which application threads were stopped: 0,0000495 seconds, Stopping threads took: 0,0000147 seconds
2017-04-08T23:08:55.874+0200: 4,122: Total time for which application threads were stopped: 0,0000435 seconds, Stopping threads took: 0,0000099 seconds
2017-04-08T23:08:55.874+0200: 4,122: Total time for which application threads were stopped: 0,0000379 seconds, Stopping threads took: 0,0000065 seconds
2017-04-08T23:08:55.874+0200: 4,122: Total time for which application threads were stopped: 0,0000510 seconds, Stopping threads took: 0,0000161 seconds
2017-04-08T23:08:55.874+0200: 4,122: Total time for which application threads were stopped: 0,0000422 seconds, Stopping threads took: 0,0000068 seconds
2017-04-08T23:08:55.874+0200: 4,122: Total time for which application threads were stopped: 0,0000401 seconds, Stopping threads took: 0,0000066 seconds
2017-04-08T23:08:55.875+0200: 4,122: Total time for which application threads were stopped: 0,0000416 seconds, Stopping threads took: 0,0000080 seconds
2017-04-08T23:08:55.875+0200: 4,122: Total time for which application threads were stopped: 0,0000391 seconds, Stopping threads took: 0,0000075 seconds
2017-04-08T23:08:55.875+0200: 4,122: Total time for which application threads were stopped: 0,0000415 seconds, Stopping threads took: 0,0000076 seconds
2017-04-08T23:08:55.875+0200: 4,123: Total time for which application threads were stopped: 0,0001206 seconds, Stopping threads took: 0,0000159 seconds
2017-04-08T23:08:55.879+0200: 4,127: Total time for which application threads were stopped: 0,0001449 seconds, Stopping threads took: 0,0000387 seconds
2017-04-08T23:08:55.882+0200: 4,129: Total time for which application threads were stopped: 0,0001167 seconds, Stopping threads took: 0,0000447 seconds
2017-04-08T23:08:55.886+0200: 4,133: Total time for which application threads were stopped: 0,0001029 seconds, Stopping threads took: 0,0000355 seconds
2017-04-08T23:08:55.901+0200: 4,148: Total time for which application threads were stopped: 0,0001272 seconds, Stopping threads took: 0,0000592 seconds
2017-04-08T23:08:55.937+0200: 4,185: Total time for which application threads were stopped: 0,0001951 seconds, Stopping threads took: 0,0000660 seconds
{Heap before GC invocations=9 (full 1):
 par new generation   total 109248K, used 96063K [0x00000000e0000000, 0x00000000e8000000, 0x00000000e8000000)
  eden space 87424K, 100% used [0x00000000e0000000, 0x00000000e5560000, 0x00000000e5560000)
  from space 21824K,  39% used [0x00000000e6ab0000, 0x00000000e731fe50, 0x00000000e8000000)
  to   space 21824K,   0% used [0x00000000e5560000, 0x00000000e5560000, 0x00000000e6ab0000)
 concurrent mark-sweep generation total 393216K, used 5595K [0x00000000e8000000, 0x0000000100000000, 0x0000000100000000)
 Metaspace       used 27596K, capacity 28122K, committed 28284K, reserved 1075200K
  class space    used 3162K, capacity 3328K, committed 3452K, reserved 1048576K
2017-04-08T23:08:55.942+0200: 4,189: [GC (Allocation Failure) 2017-04-08T23:08:55.942+0200: 4,189: [ParNew
Desired survivor size 20112992 bytes, new threshold 8 (max 8)
- age   1:    8412400 bytes,    8412400 total
- age   2:     259168 bytes,    8671568 total
- age   3:     227544 bytes,    8899112 total
- age   4:    1827952 bytes,   10727064 total
- age   5:      56624 bytes,   10783688 total
- age   6:     103032 bytes,   10886720 total
- age   8:     198544 bytes,   11085264 total
: 96063K->12312K(109248K), 0,0140684 secs] 101658K->19211K(502464K), 0,0141477 secs] [Times: user=0,05 sys=0,00, real=0,02 secs] 
Heap after GC invocations=10 (full 1):
 par new generation   total 109248K, used 12312K [0x00000000e0000000, 0x00000000e8000000, 0x00000000e8000000)
  eden space 87424K,   0% used [0x00000000e0000000, 0x00000000e0000000, 0x00000000e5560000)
  from space 21824K,  56% used [0x00000000e5560000, 0x00000000e6166360, 0x00000000e6ab0000)
  to   space 21824K,   0% used [0x00000000e6ab0000, 0x00000000e6ab0000, 0x00000000e8000000)
 concurrent mark-sweep generation total 393216K, used 6898K [0x00000000e8000000, 0x0000000100000000, 0x0000000100000000)
 Metaspace       used 27596K, capacity 28122K, committed 28284K, reserved 1075200K
  class space    used 3162K, capacity 3328K, committed 3452K, reserved 1048576K
}
2017-04-08T23:08:55.956+0200: 4,204: Total time for which application threads were stopped: 0,0143283 seconds, Stopping threads took: 0,0000386 seconds
2017-04-08T23:08:55.959+0200: 4,207: Total time for which application threads were stopped: 0,0002050 seconds, Stopping threads took: 0,0001367 seconds
2017-04-08T23:08:55.959+0200: 4,207: Total time for which application threads were stopped: 0,0000642 seconds, Stopping threads took: 0,0000264 seconds
2017-04-08T23:08:55.982+0200: 4,230: Total time for which application threads were stopped: 0,0001572 seconds, Stopping threads took: 0,0000467 seconds
2017-04-08T23:08:55.983+0200: 4,231: Total time for which application threads were stopped: 0,0005374 seconds, Stopping threads took: 0,0000187 seconds
2017-04-08T23:08:55.986+0200: 4,234: Total time for which application threads were stopped: 0,0021521 seconds, Stopping threads took: 0,0020559 seconds
2017-04-08T23:08:56.986+0200: 5,234: Total time for which application threads were stopped: 0,0001074 seconds, Stopping threads took: 0,0000174 seconds
2017-04-08T23:08:58.987+0200: 7,234: Total time for which application threads were stopped: 0,0000680 seconds, Stopping threads took: 0,0000149 seconds
2017-04-08T23:09:23.990+0200: 32,238: Total time for which application threads were stopped: 0,0000705 seconds, Stopping threads took: 0,0000163 seconds
2017-04-08T23:10:13.997+0200: 82,245: Total time for which application threads were stopped: 0,0001478 seconds, Stopping threads took: 0,0000357 seconds
2017-04-08T23:10:22.999+0200: 91,247: Total time for which application threads were stopped: 0,0001434 seconds, Stopping threads took: 0,0000332 seconds
2017-04-08T23:10:49.003+0200: 117,250: Total time for which application threads were stopped: 0,0003141 seconds, Stopping threads took: 0,0001635 seconds
2017-04-08T23:10:54.004+0200: 122,251: Total time for which application threads were stopped: 0,0004186 seconds, Stopping threads took: 0,0001034 seconds
2017-04-08T23:11:53.010+0200: 181,257: Total time for which application threads were stopped: 0,0001129 seconds, Stopping threads took: 0,0000429 seconds
2017-04-08T23:13:29.021+0200: 277,269: Total time for which application threads were stopped: 0,0000886 seconds, Stopping threads took: 0,0000339 seconds
2017-04-08T23:32:23.181+0200: 1411,429: Total time for which application threads were stopped: 0,0000822 seconds, Stopping threads took: 0,0000288 seconds
2017-04-08T23:35:48.211+0200: 1616,458: Total time for which application threads were stopped: 0,0001407 seconds, Stopping threads took: 0,0000506 seconds
2017-04-08T23:35:53.211+0200: 1621,459: Total time for which application threads were stopped: 0,0000883 seconds, Stopping threads took: 0,0000305 seconds
2017-04-08T23:47:13.309+0200: 2301,556: Total time for which application threads were stopped: 0,0000988 seconds, Stopping threads took: 0,0000368 seconds
2017-04-08T23:47:14.309+0200: 2302,556: Total time for which application threads were stopped: 0,0000903 seconds, Stopping threads took: 0,0000196 seconds
2017-04-09T00:02:09.421+0200: 3197,668: Total time for which application threads were stopped: 0,0001002 seconds, Stopping threads took: 0,0000386 seconds
2017-04-09T00:14:53.505+0200: 3961,753: Total time for which application threads were stopped: 0,0005622 seconds, Stopping threads took: 0,0002354 seconds
2017-04-09T00:15:53.513+0200: 4021,761: Total time for which application threads were stopped: 0,0001077 seconds, Stopping threads took: 0,0000307 seconds
2017-04-09T00:16:13.516+0200: 4041,763: Total time for which application threads were stopped: 0,0000965 seconds, Stopping threads took: 0,0000351 seconds
2017-04-09T00:27:04.588+0200: 4692,835: Total time for which application threads were stopped: 0,0000852 seconds, Stopping threads took: 0,0000319 seconds
2017-04-09T00:27:09.588+0200: 4697,836: Total time for which application threads were stopped: 0,0000692 seconds, Stopping threads took: 0,0000167 seconds
2017-04-09T00:53:14.781+0200: 6263,029: Total time for which application threads were stopped: 0,0001791 seconds, Stopping threads took: 0,0000348 seconds
2017-04-09T01:08:53.884+0200: 7202,131: Total time for which application threads were stopped: 0,0001175 seconds, Stopping threads took: 0,0000373 seconds
2017-04-09T01:10:53.898+0200: 7322,146: Total time for which application threads were stopped: 0,0000826 seconds, Stopping threads took: 0,0000303 seconds
2017-04-09T01:12:23.908+0200: 7412,156: Total time for which application threads were stopped: 0,0000935 seconds, Stopping threads took: 0,0000295 seconds
2017-04-09T01:16:53.941+0200: 7682,189: Total time for which application threads were stopped: 0,0000940 seconds, Stopping threads took: 0,0000330 seconds
2017-04-09T01:17:23.945+0200: 7712,192: Total time for which application threads were stopped: 0,0001039 seconds, Stopping threads took: 0,0000379 seconds
2017-04-09T01:22:15.498+0200: 8003,746: Total time for which application threads were stopped: 0,0001227 seconds, Stopping threads took: 0,0000210 seconds
2017-04-09T01:22:15.547+0200: 8003,795: Total time for which application threads were stopped: 0,0266047 seconds, Stopping threads took: 0,0264956 seconds
2017-04-09T01:22:15.559+0200: 8003,807: Total time for which application threads were stopped: 0,0000917 seconds, Stopping threads took: 0,0000148 seconds
2017-04-09T01:22:15.559+0200: 8003,807: Total time for which application threads were stopped: 0,0000528 seconds, Stopping threads took: 0,0000134 seconds
2017-04-09T01:22:15.561+0200: 8003,808: Total time for which application threads were stopped: 0,0001022 seconds, Stopping threads took: 0,0000248 seconds
2017-04-09T01:22:15.561+0200: 8003,809: Total time for which application threads were stopped: 0,0000495 seconds, Stopping threads took: 0,0000135 seconds
2017-04-09T01:22:15.561+0200: 8003,809: Total time for which application threads were stopped: 0,0000424 seconds, Stopping threads took: 0,0000115 seconds
2017-04-09T01:22:15.561+0200: 8003,809: Total time for which application threads were stopped: 0,0000411 seconds, Stopping threads took: 0,0000109 seconds
2017-04-09T01:22:15.561+0200: 8003,809: Total time for which application threads were stopped: 0,0000414 seconds, Stopping threads took: 0,0000112 seconds
2017-04-09T01:22:15.561+0200: 8003,809: Total time for which application threads were stopped: 0,0000405 seconds, Stopping threads took: 0,0000113 seconds
2017-04-09T01:22:15.567+0200: 8003,815: Total time for which application threads were stopped: 0,0019461 seconds, Stopping threads took: 0,0018554 seconds
2017-04-09T01:22:15.568+0200: 8003,816: Total time for which application threads were stopped: 0,0000924 seconds, Stopping threads took: 0,0000179 seconds
2017-04-09T01:22:15.568+0200: 8003,816: Total time for which application threads were stopped: 0,0000466 seconds, Stopping threads took: 0,0000120 seconds
2017-04-09T01:22:15.568+0200: 8003,816: Total time for which application threads were stopped: 0,0000434 seconds, Stopping threads took: 0,0000136 seconds
2017-04-09T01:22:15.569+0200: 8003,816: Total time for which application threads were stopped: 0,0000435 seconds, Stopping threads took: 0,0000138 seconds
2017-04-09T01:22:15.569+0200: 8003,816: Total time for which application threads were stopped: 0,0000448 seconds, Stopping threads took: 0,0000137 seconds
2017-04-09T01:22:15.569+0200: 8003,817: Total time for which application threads were stopped: 0,0000543 seconds, Stopping threads took: 0,0000151 seconds
2017-04-09T01:22:15.569+0200: 8003,817: Total time for which application threads were stopped: 0,0000473 seconds, Stopping threads took: 0,0000138 seconds
2017-04-09T01:22:15.569+0200: 8003,817: Total time for which application threads were stopped: 0,0000422 seconds, Stopping threads took: 0,0000120 seconds
2017-04-09T01:22:15.569+0200: 8003,817: Total time for which application threads were stopped: 0,0000528 seconds, Stopping threads took: 0,0000152 seconds
2017-04-09T01:22:15.570+0200: 8003,817: Total time for which application threads were stopped: 0,0000439 seconds, Stopping threads took: 0,0000133 seconds
2017-04-09T01:22:15.570+0200: 8003,817: Total time for which application threads were stopped: 0,0000428 seconds, Stopping threads took: 0,0000131 seconds
2017-04-09T01:22:15.570+0200: 8003,817: Total time for which application threads were stopped: 0,0000479 seconds, Stopping threads took: 0,0000160 seconds
2017-04-09T01:22:15.570+0200: 8003,817: Total time for which application threads were stopped: 0,0000454 seconds, Stopping threads took: 0,0000113 seconds
2017-04-09T01:22:15.570+0200: 8003,818: Total time for which application threads were stopped: 0,0000619 seconds, Stopping threads took: 0,0000103 seconds
2017-04-09T01:22:15.570+0200: 8003,818: Total time for which application threads were stopped: 0,0000506 seconds, Stopping threads took: 0,0000150 seconds
2017-04-09T01:22:15.570+0200: 8003,818: Total time for which application threads were stopped: 0,0000376 seconds, Stopping threads took: 0,0000047 seconds
2017-04-09T01:22:15.571+0200: 8003,818: Total time for which application threads were stopped: 0,0002313 seconds, Stopping threads took: 0,0001912 seconds
2017-04-09T01:22:15.571+0200: 8003,818: Total time for which application threads were stopped: 0,0001526 seconds, Stopping threads took: 0,0000116 seconds
2017-04-09T01:22:15.571+0200: 8003,819: Total time for which application threads were stopped: 0,0000637 seconds, Stopping threads took: 0,0000182 seconds
2017-04-09T01:22:15.572+0200: 8003,820: Total time for which application threads were stopped: 0,0001263 seconds, Stopping threads took: 0,0000298 seconds
2017-04-09T01:22:15.573+0200: 8003,821: Total time for which application threads were stopped: 0,0000924 seconds, Stopping threads took: 0,0000272 seconds
2017-04-09T01:22:15.577+0200: 8003,825: Total time for which application threads were stopped: 0,0031260 seconds, Stopping threads took: 0,0030119 seconds
Heap
 par new generation   total 109248K, used 42256K [0x00000000e0000000, 0x00000000e8000000, 0x00000000e8000000)
  eden space 87424K,  34% used [0x00000000e0000000, 0x00000000e1d3dd60, 0x00000000e5560000)
  from space 21824K,  56% used [0x00000000e5560000, 0x00000000e6166360, 0x00000000e6ab0000)
  to   space 21824K,   0% used [0x00000000e6ab0000, 0x00000000e6ab0000, 0x00000000e8000000)
 concurrent mark-sweep generation total 393216K, used 6898K [0x00000000e8000000, 0x0000000100000000, 0x0000000100000000)
 Metaspace       used 28156K, capacity 28680K, committed 28796K, reserved 1075200K
  class space    used 3230K, capacity 3427K, committed 3452K, reserved 1048576K
