OpenJDK 64-Bit Server VM (25.121-b13) for linux-amd64 JRE (1.8.0_121-8u121-b13-0ubuntu1.16.04.2-b13), built on Jan 23 2017 15:51:29 by "buildd" with gcc 5.4.0 20160609
Memory: 4k page, physical 7867800k(7497904k free), swap 8076284k(8076284k free)
CommandLine flags: -XX:CMSInitiatingOccupancyFraction=50 -XX:CMSMaxAbortablePrecleanTime=6000 -XX:+CMSParallelRemarkEnabled -XX:+CMSScavengeBeforeRemark -XX:ConcGCThreads=4 -XX:InitialHeapSize=536870912 -XX:MaxHeapSize=536870912 -XX:MaxTenuringThreshold=8 -XX:NewRatio=3 -XX:OldPLABSize=16 -XX:OnOutOfMemoryError=/opt/solr/bin/oom_solr.sh 8983 /var/solr/logs -XX:ParallelGCThreads=4 -XX:+ParallelRefProcEnabled -XX:PretenureSizeThreshold=67108864 -XX:+PrintGC -XX:+PrintGCApplicationStoppedTime -XX:+PrintGCDateStamps -XX:+PrintGCDetails -XX:+PrintGCTimeStamps -XX:+PrintHeapAtGC -XX:+PrintTenuringDistribution -XX:SurvivorRatio=4 -XX:TargetSurvivorRatio=90 -XX:ThreadStackSize=256 -XX:+UseCMSInitiatingOccupancyOnly -XX:+UseCompressedClassPointers -XX:+UseCompressedOops -XX:+UseConcMarkSweepGC -XX:+UseParNewGC 
2017-02-18T13:51:45.781+0100: 0,146: Total time for which application threads were stopped: 0,0000959 seconds, Stopping threads took: 0,0000241 seconds
2017-02-18T13:51:45.850+0100: 0,215: Total time for which application threads were stopped: 0,0001508 seconds, Stopping threads took: 0,0000230 seconds
2017-02-18T13:51:45.879+0100: 0,243: Total time for which application threads were stopped: 0,0001137 seconds, Stopping threads took: 0,0000235 seconds
2017-02-18T13:51:46.240+0100: 0,605: Total time for which application threads were stopped: 0,0001679 seconds, Stopping threads took: 0,0000198 seconds
2017-02-18T13:51:46.689+0100: 1,054: Total time for which application threads were stopped: 0,0001636 seconds, Stopping threads took: 0,0000235 seconds
2017-02-18T13:51:46.764+0100: 1,129: Total time for which application threads were stopped: 0,0001456 seconds, Stopping threads took: 0,0000177 seconds
2017-02-18T13:51:46.798+0100: 1,163: Total time for which application threads were stopped: 0,0002087 seconds, Stopping threads took: 0,0000336 seconds
2017-02-18T13:51:47.048+0100: 1,413: Total time for which application threads were stopped: 0,0001818 seconds, Stopping threads took: 0,0000276 seconds
2017-02-18T13:51:47.280+0100: 1,644: Total time for which application threads were stopped: 0,0002223 seconds, Stopping threads took: 0,0000424 seconds
2017-02-18T13:51:47.311+0100: 1,676: Total time for which application threads were stopped: 0,0001938 seconds, Stopping threads took: 0,0000220 seconds
2017-02-18T13:51:47.348+0100: 1,712: Total time for which application threads were stopped: 0,0002202 seconds, Stopping threads took: 0,0000256 seconds
2017-02-18T13:51:47.349+0100: 1,713: Total time for which application threads were stopped: 0,0001728 seconds, Stopping threads took: 0,0000195 seconds
2017-02-18T13:51:47.367+0100: 1,732: Total time for which application threads were stopped: 0,0002233 seconds, Stopping threads took: 0,0000209 seconds
2017-02-18T13:51:47.454+0100: 1,819: Total time for which application threads were stopped: 0,0002307 seconds, Stopping threads took: 0,0000266 seconds
2017-02-18T13:51:47.603+0100: 1,968: Total time for which application threads were stopped: 0,0002621 seconds, Stopping threads took: 0,0000416 seconds
{Heap before GC invocations=0 (full 0):
 par new generation   total 109248K, used 87424K [0x00000000e0000000, 0x00000000e8000000, 0x00000000e8000000)
  eden space 87424K, 100% used [0x00000000e0000000, 0x00000000e5560000, 0x00000000e5560000)
  from space 21824K,   0% used [0x00000000e5560000, 0x00000000e5560000, 0x00000000e6ab0000)
  to   space 21824K,   0% used [0x00000000e6ab0000, 0x00000000e6ab0000, 0x00000000e8000000)
 concurrent mark-sweep generation total 393216K, used 0K [0x00000000e8000000, 0x0000000100000000, 0x0000000100000000)
 Metaspace       used 18003K, capacity 18336K, committed 18688K, reserved 1064960K
  class space    used 2035K, capacity 2196K, committed 2304K, reserved 1048576K
2017-02-18T13:51:47.685+0100: 2,049: [GC (Allocation Failure) 2017-02-18T13:51:47.685+0100: 2,049: [ParNew
Desired survivor size 20112992 bytes, new threshold 8 (max 8)
- age   1:   12549512 bytes,   12549512 total
: 87424K->12377K(109248K), 0,0168794 secs] 87424K->12377K(502464K), 0,0169612 secs] [Times: user=0,05 sys=0,00, real=0,02 secs] 
Heap after GC invocations=1 (full 0):
 par new generation   total 109248K, used 12377K [0x00000000e0000000, 0x00000000e8000000, 0x00000000e8000000)
  eden space 87424K,   0% used [0x00000000e0000000, 0x00000000e0000000, 0x00000000e5560000)
  from space 21824K,  56% used [0x00000000e6ab0000, 0x00000000e76c6478, 0x00000000e8000000)
  to   space 21824K,   0% used [0x00000000e5560000, 0x00000000e5560000, 0x00000000e6ab0000)
 concurrent mark-sweep generation total 393216K, used 0K [0x00000000e8000000, 0x0000000100000000, 0x0000000100000000)
 Metaspace       used 18003K, capacity 18336K, committed 18688K, reserved 1064960K
  class space    used 2035K, capacity 2196K, committed 2304K, reserved 1048576K
}
2017-02-18T13:51:47.702+0100: 2,066: Total time for which application threads were stopped: 0,0183405 seconds, Stopping threads took: 0,0011897 seconds
2017-02-18T13:51:48.019+0100: 2,384: Total time for which application threads were stopped: 0,0003756 seconds, Stopping threads took: 0,0000788 seconds
2017-02-18T13:51:48.063+0100: 2,428: Total time for which application threads were stopped: 0,0044166 seconds, Stopping threads took: 0,0041166 seconds
{Heap before GC invocations=1 (full 0):
 par new generation   total 109248K, used 99801K [0x00000000e0000000, 0x00000000e8000000, 0x00000000e8000000)
  eden space 87424K, 100% used [0x00000000e0000000, 0x00000000e5560000, 0x00000000e5560000)
  from space 21824K,  56% used [0x00000000e6ab0000, 0x00000000e76c6478, 0x00000000e8000000)
  to   space 21824K,   0% used [0x00000000e5560000, 0x00000000e5560000, 0x00000000e6ab0000)
 concurrent mark-sweep generation total 393216K, used 0K [0x00000000e8000000, 0x0000000100000000, 0x0000000100000000)
 Metaspace       used 20023K, capacity 20354K, committed 20736K, reserved 1067008K
  class space    used 2294K, capacity 2465K, committed 2560K, reserved 1048576K
2017-02-18T13:51:48.065+0100: 2,430: [GC (Allocation Failure) 2017-02-18T13:51:48.065+0100: 2,430: [ParNew
Desired survivor size 20112992 bytes, new threshold 8 (max 8)
- age   1:    3830368 bytes,    3830368 total
- age   2:    6642896 bytes,   10473264 total
: 99801K->15643K(109248K), 0,0099363 secs] 99801K->15643K(502464K), 0,0100093 secs] [Times: user=0,03 sys=0,01, real=0,01 secs] 
Heap after GC invocations=2 (full 0):
 par new generation   total 109248K, used 15643K [0x00000000e0000000, 0x00000000e8000000, 0x00000000e8000000)
  eden space 87424K,   0% used [0x00000000e0000000, 0x00000000e0000000, 0x00000000e5560000)
  from space 21824K,  71% used [0x00000000e5560000, 0x00000000e64a6f80, 0x00000000e6ab0000)
  to   space 21824K,   0% used [0x00000000e6ab0000, 0x00000000e6ab0000, 0x00000000e8000000)
 concurrent mark-sweep generation total 393216K, used 0K [0x00000000e8000000, 0x0000000100000000, 0x0000000100000000)
 Metaspace       used 20023K, capacity 20354K, committed 20736K, reserved 1067008K
  class space    used 2294K, capacity 2465K, committed 2560K, reserved 1048576K
}
2017-02-18T13:51:48.075+0100: 2,440: Total time for which application threads were stopped: 0,0102184 seconds, Stopping threads took: 0,0000720 seconds
2017-02-18T13:51:48.101+0100: 2,466: Total time for which application threads were stopped: 0,0004792 seconds, Stopping threads took: 0,0000885 seconds
2017-02-18T13:51:48.250+0100: 2,615: Total time for which application threads were stopped: 0,0033218 seconds, Stopping threads took: 0,0031596 seconds
{Heap before GC invocations=2 (full 0):
 par new generation   total 109248K, used 103067K [0x00000000e0000000, 0x00000000e8000000, 0x00000000e8000000)
  eden space 87424K, 100% used [0x00000000e0000000, 0x00000000e5560000, 0x00000000e5560000)
  from space 21824K,  71% used [0x00000000e5560000, 0x00000000e64a6f80, 0x00000000e6ab0000)
  to   space 21824K,   0% used [0x00000000e6ab0000, 0x00000000e6ab0000, 0x00000000e8000000)
 concurrent mark-sweep generation total 393216K, used 0K [0x00000000e8000000, 0x0000000100000000, 0x0000000100000000)
 Metaspace       used 20931K, capacity 21276K, committed 21552K, reserved 1069056K
  class space    used 2416K, capacity 2584K, committed 2608K, reserved 1048576K
2017-02-18T13:51:48.263+0100: 2,628: [GC (Allocation Failure) 2017-02-18T13:51:48.263+0100: 2,628: [ParNew
Desired survivor size 20112992 bytes, new threshold 8 (max 8)
- age   1:    2090112 bytes,    2090112 total
- age   2:     861080 bytes,    2951192 total
- age   3:    6639224 bytes,    9590416 total
: 103067K->11281K(109248K), 0,0089514 secs] 103067K->11281K(502464K), 0,0090311 secs] [Times: user=0,04 sys=0,00, real=0,01 secs] 
Heap after GC invocations=3 (full 0):
 par new generation   total 109248K, used 11281K [0x00000000e0000000, 0x00000000e8000000, 0x00000000e8000000)
  eden space 87424K,   0% used [0x00000000e0000000, 0x00000000e0000000, 0x00000000e5560000)
  from space 21824K,  51% used [0x00000000e6ab0000, 0x00000000e75b4460, 0x00000000e8000000)
  to   space 21824K,   0% used [0x00000000e5560000, 0x00000000e5560000, 0x00000000e6ab0000)
 concurrent mark-sweep generation total 393216K, used 0K [0x00000000e8000000, 0x0000000100000000, 0x0000000100000000)
 Metaspace       used 20931K, capacity 21276K, committed 21552K, reserved 1069056K
  class space    used 2416K, capacity 2584K, committed 2608K, reserved 1048576K
}
2017-02-18T13:51:48.272+0100: 2,637: Total time for which application threads were stopped: 0,0092320 seconds, Stopping threads took: 0,0000817 seconds
2017-02-18T13:51:48.279+0100: 2,644: [GC (CMS Initial Mark) [1 CMS-initial-mark: 0K(393216K)] 19982K(502464K), 0,0044963 secs] [Times: user=0,02 sys=0,00, real=0,00 secs] 
2017-02-18T13:51:48.284+0100: 2,649: Total time for which application threads were stopped: 0,0053912 seconds, Stopping threads took: 0,0007985 seconds
2017-02-18T13:51:48.284+0100: 2,649: [CMS-concurrent-mark-start]
2017-02-18T13:51:48.284+0100: 2,649: [CMS-concurrent-mark: 0,000/0,000 secs] [Times: user=0,00 sys=0,00, real=0,00 secs] 
2017-02-18T13:51:48.284+0100: 2,649: [CMS-concurrent-preclean-start]
2017-02-18T13:51:48.285+0100: 2,650: [CMS-concurrent-preclean: 0,001/0,001 secs] [Times: user=0,00 sys=0,00, real=0,00 secs] 
2017-02-18T13:51:48.286+0100: 2,650: [CMS-concurrent-abortable-preclean-start]
{Heap before GC invocations=3 (full 1):
 par new generation   total 109248K, used 98705K [0x00000000e0000000, 0x00000000e8000000, 0x00000000e8000000)
  eden space 87424K, 100% used [0x00000000e0000000, 0x00000000e5560000, 0x00000000e5560000)
  from space 21824K,  51% used [0x00000000e6ab0000, 0x00000000e75b4460, 0x00000000e8000000)
  to   space 21824K,   0% used [0x00000000e5560000, 0x00000000e5560000, 0x00000000e6ab0000)
 concurrent mark-sweep generation total 393216K, used 0K [0x00000000e8000000, 0x0000000100000000, 0x0000000100000000)
 Metaspace       used 21199K, capacity 21546K, committed 21628K, reserved 1069056K
  class space    used 2444K, capacity 2598K, committed 2608K, reserved 1048576K
2017-02-18T13:51:48.410+0100: 2,775: [GC (Allocation Failure) 2017-02-18T13:51:48.410+0100: 2,775: [ParNew
Desired survivor size 20112992 bytes, new threshold 8 (max 8)
- age   1:     847208 bytes,     847208 total
- age   2:    1457000 bytes,    2304208 total
- age   3:     837544 bytes,    3141752 total
- age   4:    6639144 bytes,    9780896 total
: 98705K->14266K(109248K), 0,0133427 secs] 98705K->14266K(502464K), 0,0134081 secs] [Times: user=0,05 sys=0,00, real=0,01 secs] 
Heap after GC invocations=4 (full 1):
 par new generation   total 109248K, used 14266K [0x00000000e0000000, 0x00000000e8000000, 0x00000000e8000000)
  eden space 87424K,   0% used [0x00000000e0000000, 0x00000000e0000000, 0x00000000e5560000)
  from space 21824K,  65% used [0x00000000e5560000, 0x00000000e634e9f8, 0x00000000e6ab0000)
  to   space 21824K,   0% used [0x00000000e6ab0000, 0x00000000e6ab0000, 0x00000000e8000000)
 concurrent mark-sweep generation total 393216K, used 0K [0x00000000e8000000, 0x0000000100000000, 0x0000000100000000)
 Metaspace       used 21199K, capacity 21546K, committed 21628K, reserved 1069056K
  class space    used 2444K, capacity 2598K, committed 2608K, reserved 1048576K
}
2017-02-18T13:51:48.424+0100: 2,789: Total time for which application threads were stopped: 0,0137030 seconds, Stopping threads took: 0,0001588 seconds
2017-02-18T13:51:48.424+0100: 2,789: [CMS-concurrent-abortable-preclean: 0,119/0,138 secs] [Times: user=0,51 sys=0,00, real=0,14 secs] 
2017-02-18T13:51:48.438+0100: 2,803: [GC (CMS Final Remark) [YG occupancy: 19940 K (109248 K)]2017-02-18T13:51:48.438+0100: 2,803: [Rescan (parallel) , 0,0044996 secs]2017-02-18T13:51:48.443+0100: 2,808: [weak refs processing, 0,0006521 secs]2017-02-18T13:51:48.444+0100: 2,808: [class unloading, 0,0028435 secs]2017-02-18T13:51:48.447+0100: 2,811: [scrub symbol table, 0,0025261 secs]2017-02-18T13:51:48.449+0100: 2,814: [scrub string table, 0,0003612 secs][1 CMS-remark: 0K(393216K)] 19940K(502464K), 0,0114701 secs] [Times: user=0,03 sys=0,00, real=0,01 secs] 
2017-02-18T13:51:48.450+0100: 2,815: Total time for which application threads were stopped: 0,0155489 seconds, Stopping threads took: 0,0039824 seconds
2017-02-18T13:51:48.450+0100: 2,815: [CMS-concurrent-sweep-start]
2017-02-18T13:51:48.450+0100: 2,815: [CMS-concurrent-sweep: 0,000/0,000 secs] [Times: user=0,00 sys=0,00, real=0,00 secs] 
2017-02-18T13:51:48.450+0100: 2,815: [CMS-concurrent-reset-start]
2017-02-18T13:51:48.452+0100: 2,816: [CMS-concurrent-reset: 0,002/0,002 secs] [Times: user=0,00 sys=0,01, real=0,00 secs] 
{Heap before GC invocations=4 (full 1):
 par new generation   total 109248K, used 21939K [0x00000000e0000000, 0x00000000e8000000, 0x00000000e8000000)
  eden space 87424K,   8% used [0x00000000e0000000, 0x00000000e077e208, 0x00000000e5560000)
  from space 21824K,  65% used [0x00000000e5560000, 0x00000000e634e9f8, 0x00000000e6ab0000)
  to   space 21824K,   0% used [0x00000000e6ab0000, 0x00000000e6ab0000, 0x00000000e8000000)
 concurrent mark-sweep generation total 393216K, used 0K [0x00000000e8000000, 0x0000000100000000, 0x0000000100000000)
 Metaspace       used 21200K, capacity 21546K, committed 21628K, reserved 1069056K
  class space    used 2444K, capacity 2598K, committed 2608K, reserved 1048576K
2017-02-18T13:51:48.454+0100: 2,819: [GC (GCLocker Initiated GC) 2017-02-18T13:51:48.454+0100: 2,819: [ParNew
Desired survivor size 20112992 bytes, new threshold 8 (max 8)
- age   1:    1149488 bytes,    1149488 total
- age   2:     183744 bytes,    1333232 total
- age   3:    1457072 bytes,    2790304 total
- age   4:     837840 bytes,    3628144 total
- age   5:    6640616 bytes,   10268760 total
: 21939K->11239K(109248K), 0,0095966 secs] 21939K->11239K(502464K), 0,0096561 secs] [Times: user=0,03 sys=0,00, real=0,01 secs] 
Heap after GC invocations=5 (full 1):
 par new generation   total 109248K, used 11239K [0x00000000e0000000, 0x00000000e8000000, 0x00000000e8000000)
  eden space 87424K,   0% used [0x00000000e0000000, 0x00000000e0000000, 0x00000000e5560000)
  from space 21824K,  51% used [0x00000000e6ab0000, 0x00000000e75a9f80, 0x00000000e8000000)
  to   space 21824K,   0% used [0x00000000e5560000, 0x00000000e5560000, 0x00000000e6ab0000)
 concurrent mark-sweep generation total 393216K, used 0K [0x00000000e8000000, 0x0000000100000000, 0x0000000100000000)
 Metaspace       used 21200K, capacity 21546K, committed 21628K, reserved 1069056K
  class space    used 2444K, capacity 2598K, committed 2608K, reserved 1048576K
}
2017-02-18T13:51:48.463+0100: 2,828: Total time for which application threads were stopped: 0,0098476 seconds, Stopping threads took: 0,0000693 seconds
{Heap before GC invocations=5 (full 1):
 par new generation   total 109248K, used 98663K [0x00000000e0000000, 0x00000000e8000000, 0x00000000e8000000)
  eden space 87424K, 100% used [0x00000000e0000000, 0x00000000e5560000, 0x00000000e5560000)
  from space 21824K,  51% used [0x00000000e6ab0000, 0x00000000e75a9f80, 0x00000000e8000000)
  to   space 21824K,   0% used [0x00000000e5560000, 0x00000000e5560000, 0x00000000e6ab0000)
 concurrent mark-sweep generation total 393216K, used 0K [0x00000000e8000000, 0x0000000100000000, 0x0000000100000000)
 Metaspace       used 21371K, capacity 21718K, committed 22012K, reserved 1069056K
  class space    used 2466K, capacity 2632K, committed 2736K, reserved 1048576K
2017-02-18T13:51:48.563+0100: 2,927: [GC (Allocation Failure) 2017-02-18T13:51:48.563+0100: 2,927: [ParNew
Desired survivor size 20112992 bytes, new threshold 8 (max 8)
- age   1:     729296 bytes,     729296 total
- age   2:      13000 bytes,     742296 total
- age   3:     181912 bytes,     924208 total
- age   4:    1456296 bytes,    2380504 total
- age   5:     835528 bytes,    3216032 total
- age   6:    6639600 bytes,    9855632 total
: 98663K->11155K(109248K), 0,0099858 secs] 98663K->11155K(502464K), 0,0100614 secs] [Times: user=0,03 sys=0,00, real=0,01 secs] 
Heap after GC invocations=6 (full 1):
 par new generation   total 109248K, used 11155K [0x00000000e0000000, 0x00000000e8000000, 0x00000000e8000000)
  eden space 87424K,   0% used [0x00000000e0000000, 0x00000000e0000000, 0x00000000e5560000)
  from space 21824K,  51% used [0x00000000e5560000, 0x00000000e6044f98, 0x00000000e6ab0000)
  to   space 21824K,   0% used [0x00000000e6ab0000, 0x00000000e6ab0000, 0x00000000e8000000)
 concurrent mark-sweep generation total 393216K, used 0K [0x00000000e8000000, 0x0000000100000000, 0x0000000100000000)
 Metaspace       used 21371K, capacity 21718K, committed 22012K, reserved 1069056K
  class space    used 2466K, capacity 2632K, committed 2736K, reserved 1048576K
}
2017-02-18T13:51:48.573+0100: 2,937: Total time for which application threads were stopped: 0,0118707 seconds, Stopping threads took: 0,0016431 seconds
2017-02-18T13:51:48.593+0100: 2,958: Total time for which application threads were stopped: 0,0003023 seconds, Stopping threads took: 0,0000249 seconds
2017-02-18T13:51:48.794+0100: 3,158: Total time for which application threads were stopped: 0,0003782 seconds, Stopping threads took: 0,0000308 seconds
2017-02-18T13:51:48.809+0100: 3,174: Total time for which application threads were stopped: 0,0005774 seconds, Stopping threads took: 0,0000607 seconds
{Heap before GC invocations=6 (full 1):
 par new generation   total 109248K, used 98579K [0x00000000e0000000, 0x00000000e8000000, 0x00000000e8000000)
  eden space 87424K, 100% used [0x00000000e0000000, 0x00000000e5560000, 0x00000000e5560000)
  from space 21824K,  51% used [0x00000000e5560000, 0x00000000e6044f98, 0x00000000e6ab0000)
  to   space 21824K,   0% used [0x00000000e6ab0000, 0x00000000e6ab0000, 0x00000000e8000000)
 concurrent mark-sweep generation total 393216K, used 0K [0x00000000e8000000, 0x0000000100000000, 0x0000000100000000)
 Metaspace       used 24310K, capacity 24728K, committed 24880K, reserved 1071104K
  class space    used 2855K, capacity 3039K, committed 3120K, reserved 1048576K
2017-02-18T13:51:48.994+0100: 3,359: [GC (Allocation Failure) 2017-02-18T13:51:48.995+0100: 3,359: [ParNew
Desired survivor size 20112992 bytes, new threshold 8 (max 8)
- age   1:    5252960 bytes,    5252960 total
- age   2:     139136 bytes,    5392096 total
- age   3:       9504 bytes,    5401600 total
- age   4:     180840 bytes,    5582440 total
- age   5:     286568 bytes,    5869008 total
- age   6:     811232 bytes,    6680240 total
- age   7:    6631896 bytes,   13312136 total
: 98579K->18898K(109248K), 0,0169292 secs] 98579K->18898K(502464K), 0,0170037 secs] [Times: user=0,04 sys=0,01, real=0,02 secs] 
Heap after GC invocations=7 (full 1):
 par new generation   total 109248K, used 18898K [0x00000000e0000000, 0x00000000e8000000, 0x00000000e8000000)
  eden space 87424K,   0% used [0x00000000e0000000, 0x00000000e0000000, 0x00000000e5560000)
  from space 21824K,  86% used [0x00000000e6ab0000, 0x00000000e7d24ac0, 0x00000000e8000000)
  to   space 21824K,   0% used [0x00000000e5560000, 0x00000000e5560000, 0x00000000e6ab0000)
 concurrent mark-sweep generation total 393216K, used 0K [0x00000000e8000000, 0x0000000100000000, 0x0000000100000000)
 Metaspace       used 24310K, capacity 24728K, committed 24880K, reserved 1071104K
  class space    used 2855K, capacity 3039K, committed 3120K, reserved 1048576K
}
2017-02-18T13:51:49.012+0100: 3,376: Total time for which application threads were stopped: 0,0174269 seconds, Stopping threads took: 0,0001401 seconds
{Heap before GC invocations=7 (full 1):
 par new generation   total 109248K, used 106322K [0x00000000e0000000, 0x00000000e8000000, 0x00000000e8000000)
  eden space 87424K, 100% used [0x00000000e0000000, 0x00000000e5560000, 0x00000000e5560000)
  from space 21824K,  86% used [0x00000000e6ab0000, 0x00000000e7d24ac0, 0x00000000e8000000)
  to   space 21824K,   0% used [0x00000000e5560000, 0x00000000e5560000, 0x00000000e6ab0000)
 concurrent mark-sweep generation total 393216K, used 0K [0x00000000e8000000, 0x0000000100000000, 0x0000000100000000)
 Metaspace       used 24932K, capacity 25358K, committed 25648K, reserved 1071104K
  class space    used 2905K, capacity 3075K, committed 3120K, reserved 1048576K
2017-02-18T13:51:49.178+0100: 3,543: [GC (Allocation Failure) 2017-02-18T13:51:49.179+0100: 3,543: [ParNew
Desired survivor size 20112992 bytes, new threshold 8 (max 8)
- age   1:    1219496 bytes,    1219496 total
- age   2:    1776880 bytes,    2996376 total
- age   3:     113544 bytes,    3109920 total
- age   4:       7736 bytes,    3117656 total
- age   5:     140936 bytes,    3258592 total
- age   6:     238664 bytes,    3497256 total
- age   7:     783856 bytes,    4281112 total
- age   8:    6365912 bytes,   10647024 total
: 106322K->16284K(109248K), 0,0099344 secs] 106322K->16284K(502464K), 0,0100081 secs] [Times: user=0,04 sys=0,00, real=0,01 secs] 
Heap after GC invocations=8 (full 1):
 par new generation   total 109248K, used 16284K [0x00000000e0000000, 0x00000000e8000000, 0x00000000e8000000)
  eden space 87424K,   0% used [0x00000000e0000000, 0x00000000e0000000, 0x00000000e5560000)
  from space 21824K,  74% used [0x00000000e5560000, 0x00000000e6547018, 0x00000000e6ab0000)
  to   space 21824K,   0% used [0x00000000e6ab0000, 0x00000000e6ab0000, 0x00000000e8000000)
 concurrent mark-sweep generation total 393216K, used 0K [0x00000000e8000000, 0x0000000100000000, 0x0000000100000000)
 Metaspace       used 24932K, capacity 25358K, committed 25648K, reserved 1071104K
  class space    used 2905K, capacity 3075K, committed 3120K, reserved 1048576K
}
2017-02-18T13:51:49.189+0100: 3,553: Total time for which application threads were stopped: 0,0156564 seconds, Stopping threads took: 0,0054579 seconds
2017-02-18T13:51:49.348+0100: 3,713: Total time for which application threads were stopped: 0,0065241 seconds, Stopping threads took: 0,0060445 seconds
2017-02-18T13:51:49.396+0100: 3,761: Total time for which application threads were stopped: 0,0004245 seconds, Stopping threads took: 0,0000247 seconds
2017-02-18T13:51:49.412+0100: 3,776: Total time for which application threads were stopped: 0,0004194 seconds, Stopping threads took: 0,0000365 seconds
2017-02-18T13:51:49.489+0100: 3,854: Total time for which application threads were stopped: 0,0004947 seconds, Stopping threads took: 0,0000375 seconds
2017-02-18T13:51:49.629+0100: 3,994: Total time for which application threads were stopped: 0,0005353 seconds, Stopping threads took: 0,0000453 seconds
2017-02-18T13:51:49.688+0100: 4,053: Total time for which application threads were stopped: 0,0004663 seconds, Stopping threads took: 0,0000562 seconds
2017-02-18T13:52:47.699+0100: 62,064: Total time for which application threads were stopped: 0,0000954 seconds, Stopping threads took: 0,0000387 seconds
2017-02-18T13:53:42.707+0100: 117,072: Total time for which application threads were stopped: 0,0001766 seconds, Stopping threads took: 0,0000673 seconds
2017-02-18T13:53:52.708+0100: 127,073: Total time for which application threads were stopped: 0,0001763 seconds, Stopping threads took: 0,0000626 seconds
2017-02-18T13:54:46.716+0100: 181,081: Total time for which application threads were stopped: 0,0000770 seconds, Stopping threads took: 0,0000238 seconds
2017-02-18T13:56:12.726+0100: 267,091: Total time for which application threads were stopped: 0,0000867 seconds, Stopping threads took: 0,0000328 seconds
2017-02-18T13:56:16.726+0100: 271,091: Total time for which application threads were stopped: 0,0000948 seconds, Stopping threads took: 0,0000243 seconds
2017-02-18T13:56:41.729+0100: 296,094: Total time for which application threads were stopped: 0,0000829 seconds, Stopping threads took: 0,0000273 seconds
2017-02-18T13:57:07.732+0100: 322,096: Total time for which application threads were stopped: 0,0000834 seconds, Stopping threads took: 0,0000279 seconds
2017-02-18T13:59:47.748+0100: 482,113: Total time for which application threads were stopped: 0,0001170 seconds, Stopping threads took: 0,0000358 seconds
2017-02-18T14:00:27.752+0100: 522,117: Total time for which application threads were stopped: 0,0001011 seconds, Stopping threads took: 0,0000283 seconds
2017-02-18T14:02:07.764+0100: 622,128: Total time for which application threads were stopped: 0,0000911 seconds, Stopping threads took: 0,0000325 seconds
2017-02-18T14:02:17.765+0100: 632,130: Total time for which application threads were stopped: 0,0000679 seconds, Stopping threads took: 0,0000146 seconds
2017-02-18T14:02:22.766+0100: 637,131: Total time for which application threads were stopped: 0,0000821 seconds, Stopping threads took: 0,0000289 seconds
2017-02-18T14:02:27.766+0100: 642,131: Total time for which application threads were stopped: 0,0000847 seconds, Stopping threads took: 0,0000170 seconds
2017-02-18T14:04:11.778+0100: 746,142: Total time for which application threads were stopped: 0,0001323 seconds, Stopping threads took: 0,0000399 seconds
2017-02-18T14:15:16.842+0100: 1411,207: Total time for which application threads were stopped: 0,0006449 seconds, Stopping threads took: 0,0001365 seconds
2017-02-18T14:16:22.848+0100: 1477,213: Total time for which application threads were stopped: 0,0001283 seconds, Stopping threads took: 0,0000405 seconds
2017-02-18T14:16:47.851+0100: 1502,216: Total time for which application threads were stopped: 0,0003497 seconds, Stopping threads took: 0,0000817 seconds
2017-02-18T14:20:06.871+0100: 1701,236: Total time for which application threads were stopped: 0,0001255 seconds, Stopping threads took: 0,0000457 seconds
2017-02-18T14:30:07.932+0100: 2302,297: Total time for which application threads were stopped: 0,0000961 seconds, Stopping threads took: 0,0000377 seconds
2017-02-18T14:30:11.933+0100: 2306,298: Total time for which application threads were stopped: 0,0001361 seconds, Stopping threads took: 0,0000289 seconds
2017-02-18T14:45:03.057+0100: 3197,422: Total time for which application threads were stopped: 0,0000941 seconds, Stopping threads took: 0,0000362 seconds
2017-02-18T14:55:27.155+0100: 3821,519: Total time for which application threads were stopped: 0,0001927 seconds, Stopping threads took: 0,0000651 seconds
2017-02-18T14:55:37.156+0100: 3831,521: Total time for which application threads were stopped: 0,0000885 seconds, Stopping threads took: 0,0000189 seconds
2017-02-18T14:58:17.182+0100: 3991,547: Total time for which application threads were stopped: 0,0002242 seconds, Stopping threads took: 0,0000639 seconds
2017-02-18T15:08:21.948+0100: 4596,313: Total time for which application threads were stopped: 0,0239008 seconds, Stopping threads took: 0,0237179 seconds
2017-02-18T15:08:22.053+0100: 4596,418: Total time for which application threads were stopped: 0,0145198 seconds, Stopping threads took: 0,0143774 seconds
2017-02-18T15:08:22.069+0100: 4596,434: Total time for which application threads were stopped: 0,0022758 seconds, Stopping threads took: 0,0017603 seconds
2017-02-18T15:08:22.071+0100: 4596,436: Total time for which application threads were stopped: 0,0001498 seconds, Stopping threads took: 0,0000377 seconds
Heap
 par new generation   total 109248K, used 102911K [0x00000000e0000000, 0x00000000e8000000, 0x00000000e8000000)
  eden space 87424K,  99% used [0x00000000e0000000, 0x00000000e5498cf0, 0x00000000e5560000)
  from space 21824K,  74% used [0x00000000e5560000, 0x00000000e6547018, 0x00000000e6ab0000)
  to   space 21824K,   0% used [0x00000000e6ab0000, 0x00000000e6ab0000, 0x00000000e8000000)
 concurrent mark-sweep generation total 393216K, used 0K [0x00000000e8000000, 0x0000000100000000, 0x0000000100000000)
 Metaspace       used 28121K, capacity 28700K, committed 29104K, reserved 1075200K
  class space    used 3227K, capacity 3418K, committed 3504K, reserved 1048576K
