OpenJDK 64-Bit Server VM (25.111-b14) for linux-amd64 JRE (1.8.0_111-8u111-b14-2ubuntu0.16.04.2-b14), built on Oct 27 2016 18:10:19 by "buildd" with gcc 5.4.0 20160609
Memory: 4k page, physical 7867804k(7501540k free), swap 8076284k(8076284k free)
CommandLine flags: -XX:CMSInitiatingOccupancyFraction=50 -XX:CMSMaxAbortablePrecleanTime=6000 -XX:+CMSParallelRemarkEnabled -XX:+CMSScavengeBeforeRemark -XX:ConcGCThreads=4 -XX:InitialHeapSize=536870912 -XX:MaxHeapSize=536870912 -XX:MaxTenuringThreshold=8 -XX:NewRatio=3 -XX:OldPLABSize=16 -XX:OnOutOfMemoryError=/opt/solr/bin/oom_solr.sh 8983 /var/solr/logs -XX:ParallelGCThreads=4 -XX:+ParallelRefProcEnabled -XX:PretenureSizeThreshold=67108864 -XX:+PrintGC -XX:+PrintGCApplicationStoppedTime -XX:+PrintGCDateStamps -XX:+PrintGCDetails -XX:+PrintGCTimeStamps -XX:+PrintHeapAtGC -XX:+PrintTenuringDistribution -XX:SurvivorRatio=4 -XX:TargetSurvivorRatio=90 -XX:ThreadStackSize=256 -XX:+UseCMSInitiatingOccupancyOnly -XX:+UseCompressedClassPointers -XX:+UseCompressedOops -XX:+UseConcMarkSweepGC -XX:+UseParNewGC 
2017-01-02T21:20:49.842+0100: 0,136: Total time for which application threads were stopped: 0,0000730 seconds, Stopping threads took: 0,0000106 seconds
2017-01-02T21:20:49.927+0100: 0,220: Total time for which application threads were stopped: 0,0001789 seconds, Stopping threads took: 0,0000205 seconds
2017-01-02T21:20:49.945+0100: 0,239: Total time for which application threads were stopped: 0,0000958 seconds, Stopping threads took: 0,0000094 seconds
2017-01-02T21:20:50.127+0100: 0,421: Total time for which application threads were stopped: 0,0001083 seconds, Stopping threads took: 0,0000103 seconds
2017-01-02T21:20:50.493+0100: 0,787: Total time for which application threads were stopped: 0,0001452 seconds, Stopping threads took: 0,0000243 seconds
2017-01-02T21:20:50.585+0100: 0,879: Total time for which application threads were stopped: 0,0001412 seconds, Stopping threads took: 0,0000189 seconds
2017-01-02T21:20:50.604+0100: 0,898: Total time for which application threads were stopped: 0,0001782 seconds, Stopping threads took: 0,0000184 seconds
2017-01-02T21:20:50.926+0100: 1,220: Total time for which application threads were stopped: 0,0001600 seconds, Stopping threads took: 0,0000160 seconds
2017-01-02T21:20:51.130+0100: 1,423: Total time for which application threads were stopped: 0,0002264 seconds, Stopping threads took: 0,0000358 seconds
2017-01-02T21:20:51.157+0100: 1,451: Total time for which application threads were stopped: 0,0002089 seconds, Stopping threads took: 0,0000277 seconds
2017-01-02T21:20:51.158+0100: 1,452: Total time for which application threads were stopped: 0,0001131 seconds, Stopping threads took: 0,0000108 seconds
2017-01-02T21:20:51.174+0100: 1,467: Total time for which application threads were stopped: 0,0001558 seconds, Stopping threads took: 0,0000167 seconds
2017-01-02T21:20:51.273+0100: 1,567: Total time for which application threads were stopped: 0,0008245 seconds, Stopping threads took: 0,0000275 seconds
2017-01-02T21:20:51.477+0100: 1,771: Total time for which application threads were stopped: 0,0007993 seconds, Stopping threads took: 0,0005945 seconds
{Heap before GC invocations=0 (full 0):
 par new generation   total 109248K, used 87424K [0x00000000e0000000, 0x00000000e8000000, 0x00000000e8000000)
  eden space 87424K, 100% used [0x00000000e0000000, 0x00000000e5560000, 0x00000000e5560000)
  from space 21824K,   0% used [0x00000000e5560000, 0x00000000e5560000, 0x00000000e6ab0000)
  to   space 21824K,   0% used [0x00000000e6ab0000, 0x00000000e6ab0000, 0x00000000e8000000)
 concurrent mark-sweep generation total 393216K, used 0K [0x00000000e8000000, 0x0000000100000000, 0x0000000100000000)
 Metaspace       used 18076K, capacity 18366K, committed 18560K, reserved 1064960K
  class space    used 2053K, capacity 2162K, committed 2176K, reserved 1048576K
2017-01-02T21:20:51.590+0100: 1,884: [GC (Allocation Failure) 2017-01-02T21:20:51.590+0100: 1,884: [ParNew
Desired survivor size 20112992 bytes, new threshold 8 (max 8)
- age   1:   12322864 bytes,   12322864 total
: 87424K->12158K(109248K), 0,0159688 secs] 87424K->12158K(502464K), 0,0160490 secs] [Times: user=0,04 sys=0,02, real=0,02 secs] 
Heap after GC invocations=1 (full 0):
 par new generation   total 109248K, used 12158K [0x00000000e0000000, 0x00000000e8000000, 0x00000000e8000000)
  eden space 87424K,   0% used [0x00000000e0000000, 0x00000000e0000000, 0x00000000e5560000)
  from space 21824K,  55% used [0x00000000e6ab0000, 0x00000000e768f9f0, 0x00000000e8000000)
  to   space 21824K,   0% used [0x00000000e5560000, 0x00000000e5560000, 0x00000000e6ab0000)
 concurrent mark-sweep generation total 393216K, used 0K [0x00000000e8000000, 0x0000000100000000, 0x0000000100000000)
 Metaspace       used 18076K, capacity 18366K, committed 18560K, reserved 1064960K
  class space    used 2053K, capacity 2162K, committed 2176K, reserved 1048576K
}
2017-01-02T21:20:51.606+0100: 1,900: Total time for which application threads were stopped: 0,0162223 seconds, Stopping threads took: 0,0000175 seconds
2017-01-02T21:20:51.778+0100: 2,072: Total time for which application threads were stopped: 0,0003170 seconds, Stopping threads took: 0,0000426 seconds
2017-01-02T21:20:51.810+0100: 2,104: Total time for which application threads were stopped: 0,0003393 seconds, Stopping threads took: 0,0000452 seconds
2017-01-02T21:20:51.848+0100: 2,142: Total time for which application threads were stopped: 0,0002627 seconds, Stopping threads took: 0,0000226 seconds
{Heap before GC invocations=1 (full 0):
 par new generation   total 109248K, used 99582K [0x00000000e0000000, 0x00000000e8000000, 0x00000000e8000000)
  eden space 87424K, 100% used [0x00000000e0000000, 0x00000000e5560000, 0x00000000e5560000)
  from space 21824K,  55% used [0x00000000e6ab0000, 0x00000000e768f9f0, 0x00000000e8000000)
  to   space 21824K,   0% used [0x00000000e5560000, 0x00000000e5560000, 0x00000000e6ab0000)
 concurrent mark-sweep generation total 393216K, used 0K [0x00000000e8000000, 0x0000000100000000, 0x0000000100000000)
 Metaspace       used 20710K, capacity 21020K, committed 21248K, reserved 1069056K
  class space    used 2403K, capacity 2518K, committed 2560K, reserved 1048576K
2017-01-02T21:20:52.009+0100: 2,303: [GC (Allocation Failure) 2017-01-02T21:20:52.009+0100: 2,303: [ParNew
Desired survivor size 20112992 bytes, new threshold 8 (max 8)
- age   1:    2917872 bytes,    2917872 total
- age   2:    6101608 bytes,    9019480 total
: 99582K->13095K(109248K), 0,0134460 secs] 99582K->13095K(502464K), 0,0136016 secs] [Times: user=0,04 sys=0,00, real=0,02 secs] 
Heap after GC invocations=2 (full 0):
 par new generation   total 109248K, used 13095K [0x00000000e0000000, 0x00000000e8000000, 0x00000000e8000000)
  eden space 87424K,   0% used [0x00000000e0000000, 0x00000000e0000000, 0x00000000e5560000)
  from space 21824K,  60% used [0x00000000e5560000, 0x00000000e6229f30, 0x00000000e6ab0000)
  to   space 21824K,   0% used [0x00000000e6ab0000, 0x00000000e6ab0000, 0x00000000e8000000)
 concurrent mark-sweep generation total 393216K, used 0K [0x00000000e8000000, 0x0000000100000000, 0x0000000100000000)
 Metaspace       used 20710K, capacity 21020K, committed 21248K, reserved 1069056K
  class space    used 2403K, capacity 2518K, committed 2560K, reserved 1048576K
}
2017-01-02T21:20:52.023+0100: 2,317: Total time for which application threads were stopped: 0,0138425 seconds, Stopping threads took: 0,0000272 seconds
2017-01-02T21:20:52.078+0100: 2,372: Total time for which application threads were stopped: 0,0000764 seconds, Stopping threads took: 0,0000132 seconds
2017-01-02T21:20:52.109+0100: 2,403: Total time for which application threads were stopped: 0,0002655 seconds, Stopping threads took: 0,0000185 seconds
2017-01-02T21:20:52.115+0100: 2,408: Total time for which application threads were stopped: 0,0000863 seconds, Stopping threads took: 0,0000182 seconds
2017-01-02T21:20:52.133+0100: 2,427: Total time for which application threads were stopped: 0,0000785 seconds, Stopping threads took: 0,0000136 seconds
2017-01-02T21:20:52.211+0100: 2,505: Total time for which application threads were stopped: 0,0001090 seconds, Stopping threads took: 0,0000193 seconds
2017-01-02T21:20:52.227+0100: 2,521: Total time for which application threads were stopped: 0,0001003 seconds, Stopping threads took: 0,0000305 seconds
2017-01-02T21:20:52.234+0100: 2,528: Total time for which application threads were stopped: 0,0002934 seconds, Stopping threads took: 0,0000205 seconds
2017-01-02T21:20:52.241+0100: 2,535: Total time for which application threads were stopped: 0,0002579 seconds, Stopping threads took: 0,0000139 seconds
2017-01-02T21:20:52.256+0100: 2,549: Total time for which application threads were stopped: 0,0001063 seconds, Stopping threads took: 0,0000449 seconds
2017-01-02T21:20:52.287+0100: 2,581: Total time for which application threads were stopped: 0,0000821 seconds, Stopping threads took: 0,0000173 seconds
2017-01-02T21:20:52.302+0100: 2,596: Total time for which application threads were stopped: 0,0000779 seconds, Stopping threads took: 0,0000244 seconds
2017-01-02T21:20:52.313+0100: 2,607: Total time for which application threads were stopped: 0,0000657 seconds, Stopping threads took: 0,0000131 seconds
2017-01-02T21:20:52.336+0100: 2,630: Total time for which application threads were stopped: 0,0000969 seconds, Stopping threads took: 0,0000367 seconds
2017-01-02T21:20:52.370+0100: 2,664: Total time for which application threads were stopped: 0,0001249 seconds, Stopping threads took: 0,0000255 seconds
2017-01-02T21:20:52.434+0100: 2,728: Total time for which application threads were stopped: 0,0001084 seconds, Stopping threads took: 0,0000329 seconds
2017-01-02T21:20:52.471+0100: 2,765: Total time for which application threads were stopped: 0,0000969 seconds, Stopping threads took: 0,0000246 seconds
{Heap before GC invocations=2 (full 0):
 par new generation   total 109248K, used 100519K [0x00000000e0000000, 0x00000000e8000000, 0x00000000e8000000)
  eden space 87424K, 100% used [0x00000000e0000000, 0x00000000e5560000, 0x00000000e5560000)
  from space 21824K,  60% used [0x00000000e5560000, 0x00000000e6229f30, 0x00000000e6ab0000)
  to   space 21824K,   0% used [0x00000000e6ab0000, 0x00000000e6ab0000, 0x00000000e8000000)
 concurrent mark-sweep generation total 393216K, used 0K [0x00000000e8000000, 0x0000000100000000, 0x0000000100000000)
 Metaspace       used 24844K, capacity 25223K, committed 25536K, reserved 1071104K
  class space    used 2896K, capacity 3024K, committed 3040K, reserved 1048576K
2017-01-02T21:20:52.483+0100: 2,777: [GC (Allocation Failure) 2017-01-02T21:20:52.483+0100: 2,777: [ParNew
Desired survivor size 20112992 bytes, new threshold 8 (max 8)
- age   1:    6715632 bytes,    6715632 total
- age   2:     550328 bytes,    7265960 total
- age   3:    6083160 bytes,   13349120 total
: 100519K->15521K(109248K), 0,0116675 secs] 100519K->15521K(502464K), 0,0117345 secs] [Times: user=0,04 sys=0,00, real=0,01 secs] 
Heap after GC invocations=3 (full 0):
 par new generation   total 109248K, used 15521K [0x00000000e0000000, 0x00000000e8000000, 0x00000000e8000000)
  eden space 87424K,   0% used [0x00000000e0000000, 0x00000000e0000000, 0x00000000e5560000)
  from space 21824K,  71% used [0x00000000e6ab0000, 0x00000000e79d8560, 0x00000000e8000000)
  to   space 21824K,   0% used [0x00000000e5560000, 0x00000000e5560000, 0x00000000e6ab0000)
 concurrent mark-sweep generation total 393216K, used 0K [0x00000000e8000000, 0x0000000100000000, 0x0000000100000000)
 Metaspace       used 24844K, capacity 25223K, committed 25536K, reserved 1071104K
  class space    used 2896K, capacity 3024K, committed 3040K, reserved 1048576K
}
2017-01-02T21:20:52.495+0100: 2,789: Total time for which application threads were stopped: 0,0118869 seconds, Stopping threads took: 0,0000218 seconds
2017-01-02T21:20:52.495+0100: 2,789: [GC (CMS Initial Mark) [1 CMS-initial-mark: 0K(393216K)] 15528K(502464K), 0,0044280 secs] [Times: user=0,01 sys=0,00, real=0,00 secs] 
2017-01-02T21:20:52.500+0100: 2,794: Total time for which application threads were stopped: 0,0046575 seconds, Stopping threads took: 0,0001502 seconds
2017-01-02T21:20:52.500+0100: 2,794: [CMS-concurrent-mark-start]
2017-01-02T21:20:52.500+0100: 2,794: [CMS-concurrent-mark: 0,000/0,000 secs] [Times: user=0,00 sys=0,00, real=0,00 secs] 
2017-01-02T21:20:52.500+0100: 2,794: [CMS-concurrent-preclean-start]
2017-01-02T21:20:52.501+0100: 2,795: [CMS-concurrent-preclean: 0,001/0,001 secs] [Times: user=0,00 sys=0,00, real=0,00 secs] 
2017-01-02T21:20:52.503+0100: 2,797: [GC (CMS Final Remark) [YG occupancy: 15528 K (109248 K)]2017-01-02T21:20:52.503+0100: 2,797: [Rescan (parallel) , 0,0038373 secs]2017-01-02T21:20:52.507+0100: 2,801: [weak refs processing, 0,0008320 secs]2017-01-02T21:20:52.508+0100: 2,802: [class unloading, 0,0031448 secs]2017-01-02T21:20:52.511+0100: 2,805: [scrub symbol table, 0,0031576 secs]2017-01-02T21:20:52.515+0100: 2,808: [scrub string table, 0,0003747 secs][1 CMS-remark: 0K(393216K)] 15528K(502464K), 0,0119969 secs] [Times: user=0,02 sys=0,00, real=0,01 secs] 
2017-01-02T21:20:52.515+0100: 2,809: Total time for which application threads were stopped: 0,0120980 seconds, Stopping threads took: 0,0000266 seconds
2017-01-02T21:20:52.516+0100: 2,809: [CMS-concurrent-sweep-start]
2017-01-02T21:20:52.516+0100: 2,809: [CMS-concurrent-sweep: 0,000/0,000 secs] [Times: user=0,00 sys=0,00, real=0,00 secs] 
{Heap before GC invocations=3 (full 1):
 par new generation   total 109248K, used 15528K [0x00000000e0000000, 0x00000000e8000000, 0x00000000e8000000)
  eden space 87424K,   0% used [0x00000000e0000000, 0x00000000e0001c10, 0x00000000e5560000)
  from space 21824K,  71% used [0x00000000e6ab0000, 0x00000000e79d8560, 0x00000000e8000000)
  to   space 21824K,   0% used [0x00000000e5560000, 0x00000000e5560000, 0x00000000e6ab0000)
 concurrent mark-sweep generation total 393216K, used 0K [0x00000000e8000000, 0x0000000100000000, 0x0000000100000000)
 Metaspace       used 24844K, capacity 25223K, committed 25536K, reserved 1071104K
  class space    used 2896K, capacity 3024K, committed 3040K, reserved 1048576K
2017-01-02T21:20:52.519+0100: 2,812: [GC (GCLocker Initiated GC) 2017-01-02T21:20:52.519+0100: 2,813: [ParNew
Desired survivor size 20112992 bytes, new threshold 8 (max 8)
- age   1:       7184 bytes,       7184 total
- age   2:    3166400 bytes,    3173584 total
- age   3:     550328 bytes,    3723912 total
- age   4:    6083160 bytes,    9807072 total
: 15528K->16605K(109248K), 0,0118073 secs] 15528K->16605K(502464K), 0,0118839 secs] [Times: user=0,03 sys=0,01, real=0,02 secs] 
Heap after GC invocations=4 (full 1):
 par new generation   total 109248K, used 16605K [0x00000000e0000000, 0x00000000e8000000, 0x00000000e8000000)
  eden space 87424K,   0% used [0x00000000e0000000, 0x00000000e0000000, 0x00000000e5560000)
  from space 21824K,  76% used [0x00000000e5560000, 0x00000000e65977f0, 0x00000000e6ab0000)
  to   space 21824K,   0% used [0x00000000e6ab0000, 0x00000000e6ab0000, 0x00000000e8000000)
 concurrent mark-sweep generation total 393216K, used 0K [0x00000000e8000000, 0x0000000100000000, 0x0000000100000000)
 Metaspace       used 24844K, capacity 25223K, committed 25536K, reserved 1071104K
  class space    used 2896K, capacity 3024K, committed 3040K, reserved 1048576K
}
2017-01-02T21:20:52.531+0100: 2,824: Total time for which application threads were stopped: 0,0120419 seconds, Stopping threads took: 0,0000242 seconds
2017-01-02T21:20:52.531+0100: 2,824: [CMS-concurrent-reset-start]
2017-01-02T21:20:52.533+0100: 2,827: [CMS-concurrent-reset: 0,002/0,002 secs] [Times: user=0,01 sys=0,00, real=0,00 secs] 
2017-01-02T21:20:52.579+0100: 2,873: Total time for which application threads were stopped: 0,0003821 seconds, Stopping threads took: 0,0000224 seconds
2017-01-02T21:20:53.579+0100: 3,873: Total time for which application threads were stopped: 0,0001134 seconds, Stopping threads took: 0,0000194 seconds
2017-01-02T21:20:53.755+0100: 4,049: Total time for which application threads were stopped: 0,0003997 seconds, Stopping threads took: 0,0000172 seconds
2017-01-02T21:23:24.707+0100: 162,067: Total time for which application threads were stopped: 0,0001577 seconds, Stopping threads took: 0,0000649 seconds
2017-01-02T21:23:29.708+0100: 167,069: Total time for which application threads were stopped: 0,0007251 seconds, Stopping threads took: 0,0001503 seconds
2017-01-02T21:24:24.716+0100: 222,077: Total time for which application threads were stopped: 0,0001165 seconds, Stopping threads took: 0,0000476 seconds
2017-01-02T21:25:29.725+0100: 287,086: Total time for which application threads were stopped: 0,0000850 seconds, Stopping threads took: 0,0000336 seconds
2017-01-02T21:26:04.730+0100: 322,091: Total time for which application threads were stopped: 0,0000739 seconds, Stopping threads took: 0,0000292 seconds
2017-01-02T21:27:23.741+0100: 401,102: Total time for which application threads were stopped: 0,0000742 seconds, Stopping threads took: 0,0000305 seconds
2017-01-02T21:27:54.746+0100: 432,106: Total time for which application threads were stopped: 0,0000789 seconds, Stopping threads took: 0,0000309 seconds
2017-01-02T21:28:14.748+0100: 452,109: Total time for which application threads were stopped: 0,0000569 seconds, Stopping threads took: 0,0000140 seconds
2017-01-02T21:31:24.776+0100: 642,137: Total time for which application threads were stopped: 0,0000847 seconds, Stopping threads took: 0,0000332 seconds
2017-01-02T21:44:23.893+0100: 1421,253: Total time for which application threads were stopped: 0,0000876 seconds, Stopping threads took: 0,0000313 seconds
2017-01-02T21:49:23.929+0100: 1721,289: Total time for which application threads were stopped: 0,0000721 seconds, Stopping threads took: 0,0000288 seconds
2017-01-02T21:50:49.938+0100: 1807,299: Total time for which application threads were stopped: 0,0000844 seconds, Stopping threads took: 0,0000344 seconds
2017-01-02T21:59:23.995+0100: 2321,356: Total time for which application threads were stopped: 0,0000753 seconds, Stopping threads took: 0,0000291 seconds
2017-01-02T21:59:24.995+0100: 2322,356: Total time for which application threads were stopped: 0,0000639 seconds, Stopping threads took: 0,0000166 seconds
2017-01-02T22:14:00.094+0100: 3197,454: Total time for which application threads were stopped: 0,0000974 seconds, Stopping threads took: 0,0000442 seconds
2017-01-02T22:24:49.172+0100: 3846,533: Total time for which application threads were stopped: 0,0000811 seconds, Stopping threads took: 0,0000345 seconds
2017-01-02T22:27:44.191+0100: 4021,551: Total time for which application threads were stopped: 0,0000695 seconds, Stopping threads took: 0,0000273 seconds
2017-01-02T23:09:44.515+0100: 6541,876: Total time for which application threads were stopped: 0,0000735 seconds, Stopping threads took: 0,0000311 seconds
2017-01-02T23:09:54.516+0100: 6551,877: Total time for which application threads were stopped: 0,0000804 seconds, Stopping threads took: 0,0000161 seconds
2017-01-02T23:15:34.572+0100: 6891,933: Total time for which application threads were stopped: 0,0000830 seconds, Stopping threads took: 0,0000331 seconds
2017-01-02T23:19:14.607+0100: 7111,968: Total time for which application threads were stopped: 0,0001547 seconds, Stopping threads took: 0,0000609 seconds
2017-01-02T23:25:44.674+0100: 7502,035: Total time for which application threads were stopped: 0,0001009 seconds, Stopping threads took: 0,0000397 seconds
2017-01-02T23:26:14.680+0100: 7532,041: Total time for which application threads were stopped: 0,0001504 seconds, Stopping threads took: 0,0000578 seconds
2017-01-02T23:28:44.707+0100: 7682,068: Total time for which application threads were stopped: 0,0001553 seconds, Stopping threads took: 0,0000582 seconds
2017-01-03T00:04:42.813+0100: 9840,173: Total time for which application threads were stopped: 0,0035073 seconds, Stopping threads took: 0,0000440 seconds
Heap
 par new generation   total 109248K, used 61328K [0x00000000e0000000, 0x00000000e8000000, 0x00000000e8000000)
  eden space 87424K,  51% used [0x00000000e0000000, 0x00000000e2bac948, 0x00000000e5560000)
  from space 21824K,  76% used [0x00000000e5560000, 0x00000000e65977f0, 0x00000000e6ab0000)
  to   space 21824K,   0% used [0x00000000e6ab0000, 0x00000000e6ab0000, 0x00000000e8000000)
 concurrent mark-sweep generation total 393216K, used 0K [0x00000000e8000000, 0x0000000100000000, 0x0000000100000000)
 Metaspace       used 27235K, capacity 27731K, committed 27968K, reserved 1073152K
  class space    used 3166K, capacity 3320K, committed 3424K, reserved 1048576K
