OpenJDK 64-Bit Server VM (25.131-b11) for linux-amd64 JRE (1.8.0_131-8u131-b11-2ubuntu1.16.04.3-b11), built on Jul 28 2017 01:23:32 by "buildd" with gcc 5.4.0 20160609
Memory: 4k page, physical 7867732k(7398596k free), swap 8076284k(8076284k free)
CommandLine flags: -XX:CMSInitiatingOccupancyFraction=50 -XX:CMSMaxAbortablePrecleanTime=6000 -XX:+CMSParallelRemarkEnabled -XX:+CMSScavengeBeforeRemark -XX:ConcGCThreads=4 -XX:InitialHeapSize=536870912 -XX:MaxHeapSize=536870912 -XX:MaxTenuringThreshold=8 -XX:NewRatio=3 -XX:OldPLABSize=16 -XX:OnOutOfMemoryError=/opt/solr/bin/oom_solr.sh 8983 /var/solr/logs -XX:ParallelGCThreads=4 -XX:+ParallelRefProcEnabled -XX:PretenureSizeThreshold=67108864 -XX:+PrintGC -XX:+PrintGCApplicationStoppedTime -XX:+PrintGCDateStamps -XX:+PrintGCDetails -XX:+PrintGCTimeStamps -XX:+PrintHeapAtGC -XX:+PrintTenuringDistribution -XX:SurvivorRatio=4 -XX:TargetSurvivorRatio=90 -XX:ThreadStackSize=256 -XX:+UseCMSInitiatingOccupancyOnly -XX:+UseCompressedClassPointers -XX:+UseCompressedOops -XX:+UseConcMarkSweepGC -XX:+UseParNewGC 
2017-08-30T04:25:12.439+0200: 0,165: Total time for which application threads were stopped: 0,0000670 seconds, Stopping threads took: 0,0000094 seconds
2017-08-30T04:25:12.530+0200: 0,256: Total time for which application threads were stopped: 0,0001026 seconds, Stopping threads took: 0,0000155 seconds
2017-08-30T04:25:12.548+0200: 0,274: Total time for which application threads were stopped: 0,0001119 seconds, Stopping threads took: 0,0000318 seconds
2017-08-30T04:25:12.756+0200: 0,482: Total time for which application threads were stopped: 0,0004951 seconds, Stopping threads took: 0,0000161 seconds
2017-08-30T04:25:13.225+0200: 0,951: Total time for which application threads were stopped: 0,0001586 seconds, Stopping threads took: 0,0000229 seconds
2017-08-30T04:25:13.388+0200: 1,114: Total time for which application threads were stopped: 0,0004501 seconds, Stopping threads took: 0,0000261 seconds
2017-08-30T04:25:13.436+0200: 1,162: Total time for which application threads were stopped: 0,0002174 seconds, Stopping threads took: 0,0000356 seconds
2017-08-30T04:25:13.762+0200: 1,488: Total time for which application threads were stopped: 0,0001921 seconds, Stopping threads took: 0,0000106 seconds
2017-08-30T04:25:13.970+0200: 1,696: Total time for which application threads were stopped: 0,0001875 seconds, Stopping threads took: 0,0000110 seconds
2017-08-30T04:25:13.998+0200: 1,724: Total time for which application threads were stopped: 0,0001734 seconds, Stopping threads took: 0,0000162 seconds
2017-08-30T04:25:14.028+0200: 1,754: Total time for which application threads were stopped: 0,0002089 seconds, Stopping threads took: 0,0000215 seconds
2017-08-30T04:25:14.033+0200: 1,759: Total time for which application threads were stopped: 0,0029174 seconds, Stopping threads took: 0,0027615 seconds
2017-08-30T04:25:14.054+0200: 1,780: Total time for which application threads were stopped: 0,0001657 seconds, Stopping threads took: 0,0000112 seconds
2017-08-30T04:25:14.117+0200: 1,843: Total time for which application threads were stopped: 0,0002753 seconds, Stopping threads took: 0,0000239 seconds
2017-08-30T04:25:14.266+0200: 1,992: Total time for which application threads were stopped: 0,0002712 seconds, Stopping threads took: 0,0000225 seconds
{Heap before GC invocations=0 (full 0):
 par new generation   total 109248K, used 87424K [0x00000000e0000000, 0x00000000e8000000, 0x00000000e8000000)
  eden space 87424K, 100% used [0x00000000e0000000, 0x00000000e5560000, 0x00000000e5560000)
  from space 21824K,   0% used [0x00000000e5560000, 0x00000000e5560000, 0x00000000e6ab0000)
  to   space 21824K,   0% used [0x00000000e6ab0000, 0x00000000e6ab0000, 0x00000000e8000000)
 concurrent mark-sweep generation total 393216K, used 0K [0x00000000e8000000, 0x0000000100000000, 0x0000000100000000)
 Metaspace       used 17794K, capacity 18112K, committed 18304K, reserved 1064960K
  class space    used 2023K, capacity 2164K, committed 2176K, reserved 1048576K
2017-08-30T04:25:14.298+0200: 2,024: [GC (Allocation Failure) 2017-08-30T04:25:14.298+0200: 2,024: [ParNew
Desired survivor size 20112992 bytes, new threshold 8 (max 8)
- age   1:   11601168 bytes,   11601168 total
: 87424K->11440K(109248K), 0,0140475 secs] 87424K->11440K(502464K), 0,0141204 secs] [Times: user=0,04 sys=0,01, real=0,02 secs] 
Heap after GC invocations=1 (full 0):
 par new generation   total 109248K, used 11440K [0x00000000e0000000, 0x00000000e8000000, 0x00000000e8000000)
  eden space 87424K,   0% used [0x00000000e0000000, 0x00000000e0000000, 0x00000000e5560000)
  from space 21824K,  52% used [0x00000000e6ab0000, 0x00000000e75dc300, 0x00000000e8000000)
  to   space 21824K,   0% used [0x00000000e5560000, 0x00000000e5560000, 0x00000000e6ab0000)
 concurrent mark-sweep generation total 393216K, used 0K [0x00000000e8000000, 0x0000000100000000, 0x0000000100000000)
 Metaspace       used 17794K, capacity 18112K, committed 18304K, reserved 1064960K
  class space    used 2023K, capacity 2164K, committed 2176K, reserved 1048576K
}
2017-08-30T04:25:14.312+0200: 2,038: Total time for which application threads were stopped: 0,0143474 seconds, Stopping threads took: 0,0000623 seconds
2017-08-30T04:25:14.691+0200: 2,417: Total time for which application threads were stopped: 0,0003307 seconds, Stopping threads took: 0,0000545 seconds
{Heap before GC invocations=1 (full 0):
 par new generation   total 109248K, used 98864K [0x00000000e0000000, 0x00000000e8000000, 0x00000000e8000000)
  eden space 87424K, 100% used [0x00000000e0000000, 0x00000000e5560000, 0x00000000e5560000)
  from space 21824K,  52% used [0x00000000e6ab0000, 0x00000000e75dc300, 0x00000000e8000000)
  to   space 21824K,   0% used [0x00000000e5560000, 0x00000000e5560000, 0x00000000e6ab0000)
 concurrent mark-sweep generation total 393216K, used 0K [0x00000000e8000000, 0x0000000100000000, 0x0000000100000000)
 Metaspace       used 20042K, capacity 20380K, committed 20736K, reserved 1067008K
  class space    used 2298K, capacity 2476K, committed 2560K, reserved 1048576K
2017-08-30T04:25:14.721+0200: 2,447: [GC (Allocation Failure) 2017-08-30T04:25:14.721+0200: 2,447: [ParNew
Desired survivor size 20112992 bytes, new threshold 8 (max 8)
- age   1:    4319568 bytes,    4319568 total
- age   2:    6116096 bytes,   10435664 total
: 98864K->14720K(109248K), 0,0159676 secs] 98864K->14720K(502464K), 0,0160425 secs] [Times: user=0,05 sys=0,00, real=0,02 secs] 
Heap after GC invocations=2 (full 0):
 par new generation   total 109248K, used 14720K [0x00000000e0000000, 0x00000000e8000000, 0x00000000e8000000)
  eden space 87424K,   0% used [0x00000000e0000000, 0x00000000e0000000, 0x00000000e5560000)
  from space 21824K,  67% used [0x00000000e5560000, 0x00000000e63c0300, 0x00000000e6ab0000)
  to   space 21824K,   0% used [0x00000000e6ab0000, 0x00000000e6ab0000, 0x00000000e8000000)
 concurrent mark-sweep generation total 393216K, used 0K [0x00000000e8000000, 0x0000000100000000, 0x0000000100000000)
 Metaspace       used 20042K, capacity 20380K, committed 20736K, reserved 1067008K
  class space    used 2298K, capacity 2476K, committed 2560K, reserved 1048576K
}
2017-08-30T04:25:14.737+0200: 2,463: Total time for which application threads were stopped: 0,0162917 seconds, Stopping threads took: 0,0000809 seconds
2017-08-30T04:25:14.750+0200: 2,476: Total time for which application threads were stopped: 0,0002965 seconds, Stopping threads took: 0,0000481 seconds
2017-08-30T04:25:14.773+0200: 2,499: Total time for which application threads were stopped: 0,0010354 seconds, Stopping threads took: 0,0007600 seconds
2017-08-30T04:25:14.910+0200: 2,636: Total time for which application threads were stopped: 0,0001490 seconds, Stopping threads took: 0,0000388 seconds
{Heap before GC invocations=2 (full 0):
 par new generation   total 109248K, used 102144K [0x00000000e0000000, 0x00000000e8000000, 0x00000000e8000000)
  eden space 87424K, 100% used [0x00000000e0000000, 0x00000000e5560000, 0x00000000e5560000)
  from space 21824K,  67% used [0x00000000e5560000, 0x00000000e63c0300, 0x00000000e6ab0000)
  to   space 21824K,   0% used [0x00000000e6ab0000, 0x00000000e6ab0000, 0x00000000e8000000)
 concurrent mark-sweep generation total 393216K, used 0K [0x00000000e8000000, 0x0000000100000000, 0x0000000100000000)
 Metaspace       used 20991K, capacity 21302K, committed 21552K, reserved 1069056K
  class space    used 2420K, capacity 2595K, committed 2608K, reserved 1048576K
2017-08-30T04:25:14.957+0200: 2,683: [GC (Allocation Failure) 2017-08-30T04:25:14.957+0200: 2,683: [ParNew
Desired survivor size 20112992 bytes, new threshold 8 (max 8)
- age   1:    2305360 bytes,    2305360 total
- age   2:    1387096 bytes,    3692456 total
- age   3:    6115432 bytes,    9807888 total
: 102144K->12738K(109248K), 0,0211061 secs] 102144K->12738K(502464K), 0,0212020 secs] [Times: user=0,07 sys=0,00, real=0,02 secs] 
Heap after GC invocations=3 (full 0):
 par new generation   total 109248K, used 12738K [0x00000000e0000000, 0x00000000e8000000, 0x00000000e8000000)
  eden space 87424K,   0% used [0x00000000e0000000, 0x00000000e0000000, 0x00000000e5560000)
  from space 21824K,  58% used [0x00000000e6ab0000, 0x00000000e7720bc0, 0x00000000e8000000)
  to   space 21824K,   0% used [0x00000000e5560000, 0x00000000e5560000, 0x00000000e6ab0000)
 concurrent mark-sweep generation total 393216K, used 0K [0x00000000e8000000, 0x0000000100000000, 0x0000000100000000)
 Metaspace       used 20991K, capacity 21302K, committed 21552K, reserved 1069056K
  class space    used 2420K, capacity 2595K, committed 2608K, reserved 1048576K
}
2017-08-30T04:25:14.978+0200: 2,704: Total time for which application threads were stopped: 0,0227790 seconds, Stopping threads took: 0,0014168 seconds
2017-08-30T04:25:14.979+0200: 2,705: [GC (CMS Initial Mark) [1 CMS-initial-mark: 0K(393216K)] 13446K(502464K), 0,0056064 secs] [Times: user=0,02 sys=0,00, real=0,01 secs] 
2017-08-30T04:25:14.984+0200: 2,710: Total time for which application threads were stopped: 0,0057500 seconds, Stopping threads took: 0,0000325 seconds
2017-08-30T04:25:14.985+0200: 2,710: [CMS-concurrent-mark-start]
2017-08-30T04:25:14.987+0200: 2,713: [CMS-concurrent-mark: 0,002/0,002 secs] [Times: user=0,01 sys=0,00, real=0,00 secs] 
2017-08-30T04:25:14.987+0200: 2,713: [CMS-concurrent-preclean-start]
2017-08-30T04:25:14.988+0200: 2,714: [CMS-concurrent-preclean: 0,001/0,001 secs] [Times: user=0,00 sys=0,00, real=0,00 secs] 
2017-08-30T04:25:14.988+0200: 2,714: [CMS-concurrent-abortable-preclean-start]
2017-08-30T04:25:15.086+0200: 2,812: Total time for which application threads were stopped: 0,0001874 seconds, Stopping threads took: 0,0000841 seconds
2017-08-30T04:25:15.086+0200: 2,812: [CMS-concurrent-abortable-preclean: 0,074/0,098 secs] [Times: user=0,38 sys=0,00, real=0,10 secs] 
2017-08-30T04:25:15.087+0200: 2,813: [GC (CMS Final Remark) [YG occupancy: 86409 K (109248 K)]{Heap before GC invocations=3 (full 1):
 par new generation   total 109248K, used 86409K [0x00000000e0000000, 0x00000000e8000000, 0x00000000e8000000)
  eden space 87424K,  84% used [0x00000000e0000000, 0x00000000e47f1980, 0x00000000e5560000)
  from space 21824K,  58% used [0x00000000e6ab0000, 0x00000000e7720bc0, 0x00000000e8000000)
  to   space 21824K,   0% used [0x00000000e5560000, 0x00000000e5560000, 0x00000000e6ab0000)
 concurrent mark-sweep generation total 393216K, used 0K [0x00000000e8000000, 0x0000000100000000, 0x0000000100000000)
 Metaspace       used 21247K, capacity 21632K, committed 21884K, reserved 1069056K
  class space    used 2446K, capacity 2608K, committed 2608K, reserved 1048576K
2017-08-30T04:25:15.087+0200: 2,813: [GC (CMS Final Remark) 2017-08-30T04:25:15.087+0200: 2,813: [ParNew
Desired survivor size 20112992 bytes, new threshold 8 (max 8)
- age   1:    1295008 bytes,    1295008 total
- age   2:    1493816 bytes,    2788824 total
- age   3:    1352304 bytes,    4141128 total
- age   4:    6115600 bytes,   10256728 total
: 86409K->12517K(109248K), 0,0100474 secs] 86409K->12517K(502464K), 0,0100864 secs] [Times: user=0,03 sys=0,00, real=0,01 secs] 
Heap after GC invocations=4 (full 1):
 par new generation   total 109248K, used 12517K [0x00000000e0000000, 0x00000000e8000000, 0x00000000e8000000)
  eden space 87424K,   0% used [0x00000000e0000000, 0x00000000e0000000, 0x00000000e5560000)
  from space 21824K,  57% used [0x00000000e5560000, 0x00000000e6199790, 0x00000000e6ab0000)
  to   space 21824K,   0% used [0x00000000e6ab0000, 0x00000000e6ab0000, 0x00000000e8000000)
 concurrent mark-sweep generation total 393216K, used 0K [0x00000000e8000000, 0x0000000100000000, 0x0000000100000000)
 Metaspace       used 21247K, capacity 21632K, committed 21884K, reserved 1069056K
  class space    used 2446K, capacity 2608K, committed 2608K, reserved 1048576K
}
2017-08-30T04:25:15.097+0200: 2,823: [Rescan (parallel) , 0,0038587 secs]2017-08-30T04:25:15.101+0200: 2,827: [weak refs processing, 0,0018465 secs]2017-08-30T04:25:15.102+0200: 2,828: [class unloading, 0,0028246 secs]2017-08-30T04:25:15.105+0200: 2,831: [scrub symbol table, 0,0031833 secs]2017-08-30T04:25:15.109+0200: 2,834: [scrub string table, 0,0003680 secs][1 CMS-remark: 0K(393216K)] 12517K(502464K), 0,0227921 secs] [Times: user=0,06 sys=0,00, real=0,03 secs] 
2017-08-30T04:25:15.109+0200: 2,835: Total time for which application threads were stopped: 0,0229233 seconds, Stopping threads took: 0,0000591 seconds
2017-08-30T04:25:15.109+0200: 2,835: [CMS-concurrent-sweep-start]
2017-08-30T04:25:15.109+0200: 2,835: [CMS-concurrent-sweep: 0,000/0,000 secs] [Times: user=0,00 sys=0,00, real=0,00 secs] 
2017-08-30T04:25:15.110+0200: 2,835: [CMS-concurrent-reset-start]
2017-08-30T04:25:15.112+0200: 2,838: [CMS-concurrent-reset: 0,002/0,002 secs] [Times: user=0,01 sys=0,00, real=0,00 secs] 
{Heap before GC invocations=4 (full 1):
 par new generation   total 109248K, used 99941K [0x00000000e0000000, 0x00000000e8000000, 0x00000000e8000000)
  eden space 87424K, 100% used [0x00000000e0000000, 0x00000000e5560000, 0x00000000e5560000)
  from space 21824K,  57% used [0x00000000e5560000, 0x00000000e6199790, 0x00000000e6ab0000)
  to   space 21824K,   0% used [0x00000000e6ab0000, 0x00000000e6ab0000, 0x00000000e8000000)
 concurrent mark-sweep generation total 393216K, used 0K [0x00000000e8000000, 0x0000000100000000, 0x0000000100000000)
 Metaspace       used 21366K, capacity 21744K, committed 22012K, reserved 1069056K
  class space    used 2466K, capacity 2643K, committed 2736K, reserved 1048576K
2017-08-30T04:25:15.198+0200: 2,924: [GC (Allocation Failure) 2017-08-30T04:25:15.199+0200: 2,924: [ParNew
Desired survivor size 20112992 bytes, new threshold 8 (max 8)
- age   1:     451056 bytes,     451056 total
- age   2:     144128 bytes,     595184 total
- age   3:    1493688 bytes,    2088872 total
- age   4:    1350224 bytes,    3439096 total
- age   5:    6115488 bytes,    9554584 total
: 99941K->13145K(109248K), 0,0118457 secs] 99941K->13145K(502464K), 0,0119099 secs] [Times: user=0,03 sys=0,00, real=0,02 secs] 
Heap after GC invocations=5 (full 1):
 par new generation   total 109248K, used 13145K [0x00000000e0000000, 0x00000000e8000000, 0x00000000e8000000)
  eden space 87424K,   0% used [0x00000000e0000000, 0x00000000e0000000, 0x00000000e5560000)
  from space 21824K,  60% used [0x00000000e6ab0000, 0x00000000e7786740, 0x00000000e8000000)
  to   space 21824K,   0% used [0x00000000e5560000, 0x00000000e5560000, 0x00000000e6ab0000)
 concurrent mark-sweep generation total 393216K, used 0K [0x00000000e8000000, 0x0000000100000000, 0x0000000100000000)
 Metaspace       used 21366K, capacity 21744K, committed 22012K, reserved 1069056K
  class space    used 2466K, capacity 2643K, committed 2736K, reserved 1048576K
}
2017-08-30T04:25:15.210+0200: 2,936: Total time for which application threads were stopped: 0,0121132 seconds, Stopping threads took: 0,0000664 seconds
2017-08-30T04:25:15.259+0200: 2,985: Total time for which application threads were stopped: 0,0002939 seconds, Stopping threads took: 0,0000166 seconds
2017-08-30T04:25:15.499+0200: 3,225: Total time for which application threads were stopped: 0,0004672 seconds, Stopping threads took: 0,0000406 seconds
2017-08-30T04:25:15.513+0200: 3,239: Total time for which application threads were stopped: 0,0003936 seconds, Stopping threads took: 0,0000350 seconds
{Heap before GC invocations=5 (full 1):
 par new generation   total 109248K, used 100569K [0x00000000e0000000, 0x00000000e8000000, 0x00000000e8000000)
  eden space 87424K, 100% used [0x00000000e0000000, 0x00000000e5560000, 0x00000000e5560000)
  from space 21824K,  60% used [0x00000000e6ab0000, 0x00000000e7786740, 0x00000000e8000000)
  to   space 21824K,   0% used [0x00000000e5560000, 0x00000000e5560000, 0x00000000e6ab0000)
 concurrent mark-sweep generation total 393216K, used 0K [0x00000000e8000000, 0x0000000100000000, 0x0000000100000000)
 Metaspace       used 23732K, capacity 24190K, committed 24240K, reserved 1071104K
  class space    used 2785K, capacity 2988K, committed 2992K, reserved 1048576K
2017-08-30T04:25:15.645+0200: 3,371: [GC (Allocation Failure) 2017-08-30T04:25:15.645+0200: 3,371: [ParNew
Desired survivor size 20112992 bytes, new threshold 8 (max 8)
- age   1:    5122552 bytes,    5122552 total
- age   2:     114640 bytes,    5237192 total
- age   3:     142728 bytes,    5379920 total
- age   4:     323976 bytes,    5703896 total
- age   5:    1325768 bytes,    7029664 total
- age   6:    6107080 bytes,   13136744 total
: 100569K->17069K(109248K), 0,0175278 secs] 100569K->17069K(502464K), 0,0176215 secs] [Times: user=0,05 sys=0,00, real=0,02 secs] 
Heap after GC invocations=6 (full 1):
 par new generation   total 109248K, used 17069K [0x00000000e0000000, 0x00000000e8000000, 0x00000000e8000000)
  eden space 87424K,   0% used [0x00000000e0000000, 0x00000000e0000000, 0x00000000e5560000)
  from space 21824K,  78% used [0x00000000e5560000, 0x00000000e660b6e0, 0x00000000e6ab0000)
  to   space 21824K,   0% used [0x00000000e6ab0000, 0x00000000e6ab0000, 0x00000000e8000000)
 concurrent mark-sweep generation total 393216K, used 0K [0x00000000e8000000, 0x0000000100000000, 0x0000000100000000)
 Metaspace       used 23732K, capacity 24190K, committed 24240K, reserved 1071104K
  class space    used 2785K, capacity 2988K, committed 2992K, reserved 1048576K
}
2017-08-30T04:25:15.663+0200: 3,389: Total time for which application threads were stopped: 0,0205678 seconds, Stopping threads took: 0,0026918 seconds
{Heap before GC invocations=6 (full 1):
 par new generation   total 109248K, used 104493K [0x00000000e0000000, 0x00000000e8000000, 0x00000000e8000000)
  eden space 87424K, 100% used [0x00000000e0000000, 0x00000000e5560000, 0x00000000e5560000)
  from space 21824K,  78% used [0x00000000e5560000, 0x00000000e660b6e0, 0x00000000e6ab0000)
  to   space 21824K,   0% used [0x00000000e6ab0000, 0x00000000e6ab0000, 0x00000000e8000000)
 concurrent mark-sweep generation total 393216K, used 0K [0x00000000e8000000, 0x0000000100000000, 0x0000000100000000)
 Metaspace       used 24361K, capacity 24836K, committed 25136K, reserved 1071104K
  class space    used 2858K, capacity 3053K, committed 3120K, reserved 1048576K
2017-08-30T04:25:15.768+0200: 3,494: [GC (Allocation Failure) 2017-08-30T04:25:15.768+0200: 3,494: [ParNew
Desired survivor size 20112992 bytes, new threshold 8 (max 8)
- age   1:    1802568 bytes,    1802568 total
- age   2:    1771144 bytes,    3573712 total
- age   3:      58896 bytes,    3632608 total
- age   4:      87128 bytes,    3719736 total
- age   5:     205040 bytes,    3924776 total
- age   6:     985720 bytes,    4910496 total
- age   7:    5895576 bytes,   10806072 total
: 104493K->14024K(109248K), 0,0125827 secs] 104493K->14024K(502464K), 0,0126512 secs] [Times: user=0,05 sys=0,00, real=0,01 secs] 
Heap after GC invocations=7 (full 1):
 par new generation   total 109248K, used 14024K [0x00000000e0000000, 0x00000000e8000000, 0x00000000e8000000)
  eden space 87424K,   0% used [0x00000000e0000000, 0x00000000e0000000, 0x00000000e5560000)
  from space 21824K,  64% used [0x00000000e6ab0000, 0x00000000e7862388, 0x00000000e8000000)
  to   space 21824K,   0% used [0x00000000e5560000, 0x00000000e5560000, 0x00000000e6ab0000)
 concurrent mark-sweep generation total 393216K, used 0K [0x00000000e8000000, 0x0000000100000000, 0x0000000100000000)
 Metaspace       used 24361K, capacity 24836K, committed 25136K, reserved 1071104K
  class space    used 2858K, capacity 3053K, committed 3120K, reserved 1048576K
}
2017-08-30T04:25:15.781+0200: 3,507: Total time for which application threads were stopped: 0,0129163 seconds, Stopping threads took: 0,0000585 seconds
{Heap before GC invocations=7 (full 1):
 par new generation   total 109248K, used 101436K [0x00000000e0000000, 0x00000000e8000000, 0x00000000e8000000)
  eden space 87424K,  99% used [0x00000000e0000000, 0x00000000e555ce28, 0x00000000e5560000)
  from space 21824K,  64% used [0x00000000e6ab0000, 0x00000000e7862388, 0x00000000e8000000)
  to   space 21824K,   0% used [0x00000000e5560000, 0x00000000e5560000, 0x00000000e6ab0000)
 concurrent mark-sweep generation total 393216K, used 0K [0x00000000e8000000, 0x0000000100000000, 0x0000000100000000)
 Metaspace       used 24662K, capacity 25150K, committed 25392K, reserved 1071104K
  class space    used 2884K, capacity 3090K, committed 3120K, reserved 1048576K
2017-08-30T04:25:15.867+0200: 3,593: [GC (Allocation Failure) 2017-08-30T04:25:15.867+0200: 3,593: [ParNew
Desired survivor size 20112992 bytes, new threshold 8 (max 8)
- age   1:     914504 bytes,     914504 total
- age   2:    1009256 bytes,    1923760 total
- age   3:    1747496 bytes,    3671256 total
- age   4:      58896 bytes,    3730152 total
- age   5:      86928 bytes,    3817080 total
- age   6:     202272 bytes,    4019352 total
- age   7:     984952 bytes,    5004304 total
- age   8:    5895152 bytes,   10899456 total
: 101436K->13789K(109248K), 0,0132606 secs] 101436K->13789K(502464K), 0,0133345 secs] [Times: user=0,04 sys=0,00, real=0,01 secs] 
Heap after GC invocations=8 (full 1):
 par new generation   total 109248K, used 13789K [0x00000000e0000000, 0x00000000e8000000, 0x00000000e8000000)
  eden space 87424K,   0% used [0x00000000e0000000, 0x00000000e0000000, 0x00000000e5560000)
  from space 21824K,  63% used [0x00000000e5560000, 0x00000000e62d7440, 0x00000000e6ab0000)
  to   space 21824K,   0% used [0x00000000e6ab0000, 0x00000000e6ab0000, 0x00000000e8000000)
 concurrent mark-sweep generation total 393216K, used 0K [0x00000000e8000000, 0x0000000100000000, 0x0000000100000000)
 Metaspace       used 24662K, capacity 25150K, committed 25392K, reserved 1071104K
  class space    used 2884K, capacity 3090K, committed 3120K, reserved 1048576K
}
2017-08-30T04:25:15.880+0200: 3,606: Total time for which application threads were stopped: 0,0135763 seconds, Stopping threads took: 0,0000824 seconds
2017-08-30T04:25:16.186+0200: 3,912: Total time for which application threads were stopped: 0,0005821 seconds, Stopping threads took: 0,0000531 seconds
2017-08-30T04:25:16.203+0200: 3,929: Total time for which application threads were stopped: 0,0004343 seconds, Stopping threads took: 0,0000268 seconds
{Heap before GC invocations=8 (full 1):
 par new generation   total 109248K, used 101213K [0x00000000e0000000, 0x00000000e8000000, 0x00000000e8000000)
  eden space 87424K, 100% used [0x00000000e0000000, 0x00000000e5560000, 0x00000000e5560000)
  from space 21824K,  63% used [0x00000000e5560000, 0x00000000e62d7440, 0x00000000e6ab0000)
  to   space 21824K,   0% used [0x00000000e6ab0000, 0x00000000e6ab0000, 0x00000000e8000000)
 concurrent mark-sweep generation total 393216K, used 0K [0x00000000e8000000, 0x0000000100000000, 0x0000000100000000)
 Metaspace       used 26713K, capacity 27242K, committed 27312K, reserved 1073152K
  class space    used 3061K, capacity 3232K, committed 3248K, reserved 1048576K
2017-08-30T04:25:16.248+0200: 3,974: [GC (Allocation Failure) 2017-08-30T04:25:16.248+0200: 3,974: [ParNew
Desired survivor size 20112992 bytes, new threshold 8 (max 8)
- age   1:    7518984 bytes,    7518984 total
- age   2:     203408 bytes,    7722392 total
- age   3:     221648 bytes,    7944040 total
- age   4:    1743376 bytes,    9687416 total
- age   5:      58896 bytes,    9746312 total
- age   6:      84512 bytes,    9830824 total
- age   7:     201744 bytes,   10032568 total
- age   8:     983560 bytes,   11016128 total
: 101213K->13682K(109248K), 0,0374661 secs] 101213K->19519K(502464K), 0,0375483 secs] [Times: user=0,11 sys=0,00, real=0,04 secs] 
Heap after GC invocations=9 (full 1):
 par new generation   total 109248K, used 13682K [0x00000000e0000000, 0x00000000e8000000, 0x00000000e8000000)
  eden space 87424K,   0% used [0x00000000e0000000, 0x00000000e0000000, 0x00000000e5560000)
  from space 21824K,  62% used [0x00000000e6ab0000, 0x00000000e780c820, 0x00000000e8000000)
  to   space 21824K,   0% used [0x00000000e5560000, 0x00000000e5560000, 0x00000000e6ab0000)
 concurrent mark-sweep generation total 393216K, used 5837K [0x00000000e8000000, 0x0000000100000000, 0x0000000100000000)
 Metaspace       used 26713K, capacity 27242K, committed 27312K, reserved 1073152K
  class space    used 3061K, capacity 3232K, committed 3248K, reserved 1048576K
}
2017-08-30T04:25:16.286+0200: 4,012: Total time for which application threads were stopped: 0,0377459 seconds, Stopping threads took: 0,0000489 seconds
2017-08-30T04:25:16.290+0200: 4,016: Total time for which application threads were stopped: 0,0003958 seconds, Stopping threads took: 0,0000218 seconds
2017-08-30T04:25:16.328+0200: 4,054: Total time for which application threads were stopped: 0,0003544 seconds, Stopping threads took: 0,0000435 seconds
2017-08-30T04:25:16.329+0200: 4,054: Total time for which application threads were stopped: 0,0001035 seconds, Stopping threads took: 0,0000254 seconds
2017-08-30T04:25:16.333+0200: 4,059: Total time for which application threads were stopped: 0,0023580 seconds, Stopping threads took: 0,0022760 seconds
2017-08-30T04:25:16.335+0200: 4,061: Total time for which application threads were stopped: 0,0014732 seconds, Stopping threads took: 0,0014116 seconds
2017-08-30T04:25:16.336+0200: 4,062: Total time for which application threads were stopped: 0,0001081 seconds, Stopping threads took: 0,0000380 seconds
2017-08-30T04:25:16.337+0200: 4,063: Total time for which application threads were stopped: 0,0000765 seconds, Stopping threads took: 0,0000272 seconds
2017-08-30T04:25:16.338+0200: 4,064: Total time for which application threads were stopped: 0,0000963 seconds, Stopping threads took: 0,0000270 seconds
2017-08-30T04:25:16.338+0200: 4,064: Total time for which application threads were stopped: 0,0000869 seconds, Stopping threads took: 0,0000168 seconds
2017-08-30T04:25:16.339+0200: 4,065: Total time for which application threads were stopped: 0,0000628 seconds, Stopping threads took: 0,0000102 seconds
2017-08-30T04:25:16.339+0200: 4,065: Total time for which application threads were stopped: 0,0000823 seconds, Stopping threads took: 0,0000117 seconds
2017-08-30T04:25:16.340+0200: 4,066: Total time for which application threads were stopped: 0,0000796 seconds, Stopping threads took: 0,0000113 seconds
2017-08-30T04:25:16.340+0200: 4,066: Total time for which application threads were stopped: 0,0000803 seconds, Stopping threads took: 0,0000103 seconds
2017-08-30T04:25:16.341+0200: 4,067: Total time for which application threads were stopped: 0,0000684 seconds, Stopping threads took: 0,0000187 seconds
2017-08-30T04:25:16.341+0200: 4,067: Total time for which application threads were stopped: 0,0000681 seconds, Stopping threads took: 0,0000209 seconds
2017-08-30T04:25:16.343+0200: 4,069: Total time for which application threads were stopped: 0,0000855 seconds, Stopping threads took: 0,0000184 seconds
2017-08-30T04:25:16.343+0200: 4,069: Total time for which application threads were stopped: 0,0000490 seconds, Stopping threads took: 0,0000068 seconds
2017-08-30T04:25:16.343+0200: 4,069: Total time for which application threads were stopped: 0,0000528 seconds, Stopping threads took: 0,0000102 seconds
2017-08-30T04:25:16.344+0200: 4,070: Total time for which application threads were stopped: 0,0000798 seconds, Stopping threads took: 0,0000208 seconds
2017-08-30T04:25:16.344+0200: 4,070: Total time for which application threads were stopped: 0,0000674 seconds, Stopping threads took: 0,0000220 seconds
2017-08-30T04:25:16.345+0200: 4,071: Total time for which application threads were stopped: 0,0000943 seconds, Stopping threads took: 0,0000303 seconds
2017-08-30T04:25:16.345+0200: 4,071: Total time for which application threads were stopped: 0,0002013 seconds, Stopping threads took: 0,0000263 seconds
2017-08-30T04:25:16.346+0200: 4,072: Total time for which application threads were stopped: 0,0001111 seconds, Stopping threads took: 0,0000504 seconds
2017-08-30T04:25:16.346+0200: 4,072: Total time for which application threads were stopped: 0,0000453 seconds, Stopping threads took: 0,0000128 seconds
2017-08-30T04:25:16.346+0200: 4,072: Total time for which application threads were stopped: 0,0000452 seconds, Stopping threads took: 0,0000087 seconds
2017-08-30T04:25:16.347+0200: 4,073: Total time for which application threads were stopped: 0,0000864 seconds, Stopping threads took: 0,0000483 seconds
2017-08-30T04:25:16.347+0200: 4,073: Total time for which application threads were stopped: 0,0000744 seconds, Stopping threads took: 0,0000281 seconds
2017-08-30T04:25:16.347+0200: 4,073: Total time for which application threads were stopped: 0,0000876 seconds, Stopping threads took: 0,0000367 seconds
2017-08-30T04:25:16.347+0200: 4,073: Total time for which application threads were stopped: 0,0000665 seconds, Stopping threads took: 0,0000225 seconds
2017-08-30T04:25:16.348+0200: 4,074: Total time for which application threads were stopped: 0,0000908 seconds, Stopping threads took: 0,0000361 seconds
2017-08-30T04:25:16.353+0200: 4,079: Total time for which application threads were stopped: 0,0002381 seconds, Stopping threads took: 0,0001599 seconds
2017-08-30T04:25:16.360+0200: 4,086: Total time for which application threads were stopped: 0,0002462 seconds, Stopping threads took: 0,0001627 seconds
2017-08-30T04:25:16.361+0200: 4,087: Total time for which application threads were stopped: 0,0001182 seconds, Stopping threads took: 0,0000238 seconds
2017-08-30T04:25:16.365+0200: 4,091: Total time for which application threads were stopped: 0,0012595 seconds, Stopping threads took: 0,0011649 seconds
2017-08-30T04:25:16.366+0200: 4,092: Total time for which application threads were stopped: 0,0000687 seconds, Stopping threads took: 0,0000184 seconds
2017-08-30T04:25:16.366+0200: 4,092: Total time for which application threads were stopped: 0,0001481 seconds, Stopping threads took: 0,0000650 seconds
2017-08-30T04:25:16.368+0200: 4,094: Total time for which application threads were stopped: 0,0001175 seconds, Stopping threads took: 0,0000334 seconds
2017-08-30T04:25:16.369+0200: 4,095: Total time for which application threads were stopped: 0,0000985 seconds, Stopping threads took: 0,0000296 seconds
2017-08-30T04:25:16.369+0200: 4,095: Total time for which application threads were stopped: 0,0001129 seconds, Stopping threads took: 0,0000247 seconds
2017-08-30T04:25:16.369+0200: 4,095: Total time for which application threads were stopped: 0,0000494 seconds, Stopping threads took: 0,0000172 seconds
2017-08-30T04:25:16.398+0200: 4,124: Total time for which application threads were stopped: 0,0001265 seconds, Stopping threads took: 0,0000245 seconds
2017-08-30T04:25:16.398+0200: 4,124: Total time for which application threads were stopped: 0,0000695 seconds, Stopping threads took: 0,0000154 seconds
2017-08-30T04:25:16.398+0200: 4,124: Total time for which application threads were stopped: 0,0001271 seconds, Stopping threads took: 0,0000309 seconds
2017-08-30T04:25:16.399+0200: 4,125: Total time for which application threads were stopped: 0,0004479 seconds, Stopping threads took: 0,0000129 seconds
2017-08-30T04:25:16.399+0200: 4,125: Total time for which application threads were stopped: 0,0001001 seconds, Stopping threads took: 0,0000287 seconds
2017-08-30T04:25:16.400+0200: 4,126: Total time for which application threads were stopped: 0,0000846 seconds, Stopping threads took: 0,0000270 seconds
2017-08-30T04:25:16.405+0200: 4,131: Total time for which application threads were stopped: 0,0037613 seconds, Stopping threads took: 0,0036967 seconds
2017-08-30T04:25:16.407+0200: 4,133: Total time for which application threads were stopped: 0,0001295 seconds, Stopping threads took: 0,0000182 seconds
2017-08-30T04:25:17.407+0200: 5,13