OpenJDK 64-Bit Server VM (25.121-b13) for linux-amd64 JRE (1.8.0_121-8u121-b13-0ubuntu1.16.04.2-b13), built on Jan 23 2017 15:51:29 by "buildd" with gcc 5.4.0 20160609
Memory: 4k page, physical 7867764k(7431720k free), swap 8076284k(8076284k free)
CommandLine flags: -XX:CMSInitiatingOccupancyFraction=50 -XX:CMSMaxAbortablePrecleanTime=6000 -XX:+CMSParallelRemarkEnabled -XX:+CMSScavengeBeforeRemark -XX:ConcGCThreads=4 -XX:InitialHeapSize=536870912 -XX:MaxHeapSize=536870912 -XX:MaxTenuringThreshold=8 -XX:NewRatio=3 -XX:OldPLABSize=16 -XX:OnOutOfMemoryError=/opt/solr/bin/oom_solr.sh 8983 /var/solr/logs -XX:ParallelGCThreads=4 -XX:+ParallelRefProcEnabled -XX:PretenureSizeThreshold=67108864 -XX:+PrintGC -XX:+PrintGCApplicationStoppedTime -XX:+PrintGCDateStamps -XX:+PrintGCDetails -XX:+PrintGCTimeStamps -XX:+PrintHeapAtGC -XX:+PrintTenuringDistribution -XX:SurvivorRatio=4 -XX:TargetSurvivorRatio=90 -XX:ThreadStackSize=256 -XX:+UseCMSInitiatingOccupancyOnly -XX:+UseCompressedClassPointers -XX:+UseCompressedOops -XX:+UseConcMarkSweepGC -XX:+UseParNewGC 
2017-05-08T09:24:28.996+0200: 0,174: Total time for which application threads were stopped: 0,0000794 seconds, Stopping threads took: 0,0000227 seconds
2017-05-08T09:24:29.099+0200: 0,278: Total time for which application threads were stopped: 0,0001144 seconds, Stopping threads took: 0,0000122 seconds
2017-05-08T09:24:29.128+0200: 0,306: Total time for which application threads were stopped: 0,0000971 seconds, Stopping threads took: 0,0000169 seconds
2017-05-08T09:24:29.461+0200: 0,640: Total time for which application threads were stopped: 0,0003771 seconds, Stopping threads took: 0,0000192 seconds
2017-05-08T09:24:29.886+0200: 1,064: Total time for which application threads were stopped: 0,0002008 seconds, Stopping threads took: 0,0000243 seconds
2017-05-08T09:24:29.986+0200: 1,164: Total time for which application threads were stopped: 0,0001735 seconds, Stopping threads took: 0,0000252 seconds
2017-05-08T09:24:30.009+0200: 1,188: Total time for which application threads were stopped: 0,0006891 seconds, Stopping threads took: 0,0000228 seconds
2017-05-08T09:24:30.272+0200: 1,450: Total time for which application threads were stopped: 0,0001781 seconds, Stopping threads took: 0,0000183 seconds
2017-05-08T09:24:30.524+0200: 1,703: Total time for which application threads were stopped: 0,0001935 seconds, Stopping threads took: 0,0000154 seconds
2017-05-08T09:24:30.554+0200: 1,733: Total time for which application threads were stopped: 0,0001799 seconds, Stopping threads took: 0,0000186 seconds
2017-05-08T09:24:30.591+0200: 1,770: Total time for which application threads were stopped: 0,0001961 seconds, Stopping threads took: 0,0000196 seconds
2017-05-08T09:24:30.592+0200: 1,771: Total time for which application threads were stopped: 0,0001897 seconds, Stopping threads took: 0,0000170 seconds
2017-05-08T09:24:30.614+0200: 1,792: Total time for which application threads were stopped: 0,0001665 seconds, Stopping threads took: 0,0000112 seconds
2017-05-08T09:24:30.680+0200: 1,858: Total time for which application threads were stopped: 0,0002519 seconds, Stopping threads took: 0,0000244 seconds
2017-05-08T09:24:30.842+0200: 2,021: Total time for which application threads were stopped: 0,0039031 seconds, Stopping threads took: 0,0037082 seconds
{Heap before GC invocations=0 (full 0):
 par new generation   total 109248K, used 87424K [0x00000000e0000000, 0x00000000e8000000, 0x00000000e8000000)
  eden space 87424K, 100% used [0x00000000e0000000, 0x00000000e5560000, 0x00000000e5560000)
  from space 21824K,   0% used [0x00000000e5560000, 0x00000000e5560000, 0x00000000e6ab0000)
  to   space 21824K,   0% used [0x00000000e6ab0000, 0x00000000e6ab0000, 0x00000000e8000000)
 concurrent mark-sweep generation total 393216K, used 0K [0x00000000e8000000, 0x0000000100000000, 0x0000000100000000)
 Metaspace       used 18024K, capacity 18336K, committed 18688K, reserved 1064960K
  class space    used 2036K, capacity 2196K, committed 2304K, reserved 1048576K
2017-05-08T09:24:30.938+0200: 2,116: [GC (Allocation Failure) 2017-05-08T09:24:30.938+0200: 2,116: [ParNew
Desired survivor size 20112992 bytes, new threshold 8 (max 8)
- age   1:   12587520 bytes,   12587520 total
: 87424K->12414K(109248K), 0,0152171 secs] 87424K->12414K(502464K), 0,0152983 secs] [Times: user=0,04 sys=0,01, real=0,02 secs] 
Heap after GC invocations=1 (full 0):
 par new generation   total 109248K, used 12414K [0x00000000e0000000, 0x00000000e8000000, 0x00000000e8000000)
  eden space 87424K,   0% used [0x00000000e0000000, 0x00000000e0000000, 0x00000000e5560000)
  from space 21824K,  56% used [0x00000000e6ab0000, 0x00000000e76cfa88, 0x00000000e8000000)
  to   space 21824K,   0% used [0x00000000e5560000, 0x00000000e5560000, 0x00000000e6ab0000)
 concurrent mark-sweep generation total 393216K, used 0K [0x00000000e8000000, 0x0000000100000000, 0x0000000100000000)
 Metaspace       used 18024K, capacity 18336K, committed 18688K, reserved 1064960K
  class space    used 2036K, capacity 2196K, committed 2304K, reserved 1048576K
}
2017-05-08T09:24:30.953+0200: 2,131: Total time for which application threads were stopped: 0,0157665 seconds, Stopping threads took: 0,0002747 seconds
2017-05-08T09:24:31.262+0200: 2,441: Total time for which application threads were stopped: 0,0003670 seconds, Stopping threads took: 0,0000497 seconds
{Heap before GC invocations=1 (full 0):
 par new generation   total 109248K, used 99838K [0x00000000e0000000, 0x00000000e8000000, 0x00000000e8000000)
  eden space 87424K, 100% used [0x00000000e0000000, 0x00000000e5560000, 0x00000000e5560000)
  from space 21824K,  56% used [0x00000000e6ab0000, 0x00000000e76cfa88, 0x00000000e8000000)
  to   space 21824K,   0% used [0x00000000e5560000, 0x00000000e5560000, 0x00000000e6ab0000)
 concurrent mark-sweep generation total 393216K, used 0K [0x00000000e8000000, 0x0000000100000000, 0x0000000100000000)
 Metaspace       used 20066K, capacity 20378K, committed 20736K, reserved 1067008K
  class space    used 2299K, capacity 2475K, committed 2560K, reserved 1048576K
2017-05-08T09:24:31.309+0200: 2,487: [GC (Allocation Failure) 2017-05-08T09:24:31.309+0200: 2,487: [ParNew
Desired survivor size 20112992 bytes, new threshold 8 (max 8)
- age   1:    3580872 bytes,    3580872 total
- age   2:    6657080 bytes,   10237952 total
: 99838K->15707K(109248K), 0,0102911 secs] 99838K->15707K(502464K), 0,0103679 secs] [Times: user=0,04 sys=0,00, real=0,01 secs] 
Heap after GC invocations=2 (full 0):
 par new generation   total 109248K, used 15707K [0x00000000e0000000, 0x00000000e8000000, 0x00000000e8000000)
  eden space 87424K,   0% used [0x00000000e0000000, 0x00000000e0000000, 0x00000000e5560000)
  from space 21824K,  71% used [0x00000000e5560000, 0x00000000e64b6f00, 0x00000000e6ab0000)
  to   space 21824K,   0% used [0x00000000e6ab0000, 0x00000000e6ab0000, 0x00000000e8000000)
 concurrent mark-sweep generation total 393216K, used 0K [0x00000000e8000000, 0x0000000100000000, 0x0000000100000000)
 Metaspace       used 20066K, capacity 20378K, committed 20736K, reserved 1067008K
  class space    used 2299K, capacity 2475K, committed 2560K, reserved 1048576K
}
2017-05-08T09:24:31.319+0200: 2,498: Total time for which application threads were stopped: 0,0108290 seconds, Stopping threads took: 0,0002941 seconds
2017-05-08T09:24:31.320+0200: 2,499: Total time for which application threads were stopped: 0,0003038 seconds, Stopping threads took: 0,0000502 seconds
2017-05-08T09:24:31.375+0200: 2,553: Total time for which application threads were stopped: 0,0003088 seconds, Stopping threads took: 0,0000221 seconds
2017-05-08T09:24:31.491+0200: 2,669: Total time for which application threads were stopped: 0,0001984 seconds, Stopping threads took: 0,0000882 seconds
{Heap before GC invocations=2 (full 0):
 par new generation   total 109248K, used 103131K [0x00000000e0000000, 0x00000000e8000000, 0x00000000e8000000)
  eden space 87424K, 100% used [0x00000000e0000000, 0x00000000e5560000, 0x00000000e5560000)
  from space 21824K,  71% used [0x00000000e5560000, 0x00000000e64b6f00, 0x00000000e6ab0000)
  to   space 21824K,   0% used [0x00000000e6ab0000, 0x00000000e6ab0000, 0x00000000e8000000)
 concurrent mark-sweep generation total 393216K, used 0K [0x00000000e8000000, 0x0000000100000000, 0x0000000100000000)
 Metaspace       used 20998K, capacity 21306K, committed 21552K, reserved 1069056K
  class space    used 2420K, capacity 2595K, committed 2608K, reserved 1048576K
2017-05-08T09:24:31.529+0200: 2,707: [GC (Allocation Failure) 2017-05-08T09:24:31.529+0200: 2,707: [ParNew
Desired survivor size 20112992 bytes, new threshold 8 (max 8)
- age   1:    2178032 bytes,    2178032 total
- age   2:     855472 bytes,    3033504 total
- age   3:    6652880 bytes,    9686384 total
: 103131K->12272K(109248K), 0,0089264 secs] 103131K->12272K(502464K), 0,0089970 secs] [Times: user=0,03 sys=0,00, real=0,01 secs] 
Heap after GC invocations=3 (full 0):
 par new generation   total 109248K, used 12272K [0x00000000e0000000, 0x00000000e8000000, 0x00000000e8000000)
  eden space 87424K,   0% used [0x00000000e0000000, 0x00000000e0000000, 0x00000000e5560000)
  from space 21824K,  56% used [0x00000000e6ab0000, 0x00000000e76ac298, 0x00000000e8000000)
  to   space 21824K,   0% used [0x00000000e5560000, 0x00000000e5560000, 0x00000000e6ab0000)
 concurrent mark-sweep generation total 393216K, used 0K [0x00000000e8000000, 0x0000000100000000, 0x0000000100000000)
 Metaspace       used 20998K, capacity 21306K, committed 21552K, reserved 1069056K
  class space    used 2420K, capacity 2595K, committed 2608K, reserved 1048576K
}
2017-05-08T09:24:31.538+0200: 2,716: Total time for which application threads were stopped: 0,0121209 seconds, Stopping threads took: 0,0029955 seconds
2017-05-08T09:24:31.538+0200: 2,716: [GC (CMS Initial Mark) [1 CMS-initial-mark: 0K(393216K)] 12304K(502464K), 0,0029341 secs] [Times: user=0,01 sys=0,00, real=0,00 secs] 
2017-05-08T09:24:31.541+0200: 2,719: Total time for which application threads were stopped: 0,0030779 seconds, Stopping threads took: 0,0000713 seconds
2017-05-08T09:24:31.541+0200: 2,719: [CMS-concurrent-mark-start]
2017-05-08T09:24:31.542+0200: 2,720: [CMS-concurrent-mark: 0,000/0,000 secs] [Times: user=0,00 sys=0,00, real=0,00 secs] 
2017-05-08T09:24:31.542+0200: 2,720: [CMS-concurrent-preclean-start]
2017-05-08T09:24:31.543+0200: 2,721: [CMS-concurrent-preclean: 0,001/0,001 secs] [Times: user=0,01 sys=0,00, real=0,01 secs] 
2017-05-08T09:24:31.543+0200: 2,721: [GC (CMS Final Remark) [YG occupancy: 12304 K (109248 K)]{Heap before GC invocations=3 (full 1):
 par new generation   total 109248K, used 12304K [0x00000000e0000000, 0x00000000e8000000, 0x00000000e8000000)
  eden space 87424K,   0% used [0x00000000e0000000, 0x00000000e0008040, 0x00000000e5560000)
  from space 21824K,  56% used [0x00000000e6ab0000, 0x00000000e76ac298, 0x00000000e8000000)
  to   space 21824K,   0% used [0x00000000e5560000, 0x00000000e5560000, 0x00000000e6ab0000)
 concurrent mark-sweep generation total 393216K, used 0K [0x00000000e8000000, 0x0000000100000000, 0x0000000100000000)
 Metaspace       used 20999K, capacity 21370K, committed 21552K, reserved 1069056K
  class space    used 2420K, capacity 2595K, committed 2608K, reserved 1048576K
2017-05-08T09:24:31.543+0200: 2,721: [GC (CMS Final Remark) 2017-05-08T09:24:31.543+0200: 2,721: [ParNew
Desired survivor size 20112992 bytes, new threshold 8 (max 8)
- age   1:      32832 bytes,      32832 total
- age   2:    2031248 bytes,    2064080 total
- age   3:     855472 bytes,    2919552 total
- age   4:    6652776 bytes,    9572328 total
: 12304K->11657K(109248K), 0,0127604 secs] 12304K->11657K(502464K), 0,0128015 secs] [Times: user=0,04 sys=0,00, real=0,01 secs] 
Heap after GC invocations=4 (full 1):
 par new generation   total 109248K, used 11657K [0x00000000e0000000, 0x00000000e8000000, 0x00000000e8000000)
  eden space 87424K,   0% used [0x00000000e0000000, 0x00000000e0000000, 0x00000000e5560000)
  from space 21824K,  53% used [0x00000000e5560000, 0x00000000e60c2560, 0x00000000e6ab0000)
  to   space 21824K,   0% used [0x00000000e6ab0000, 0x00000000e6ab0000, 0x00000000e8000000)
 concurrent mark-sweep generation total 393216K, used 0K [0x00000000e8000000, 0x0000000100000000, 0x0000000100000000)
 Metaspace       used 20999K, capacity 21370K, committed 21552K, reserved 1069056K
  class space    used 2420K, capacity 2595K, committed 2608K, reserved 1048576K
}
2017-05-08T09:24:31.556+0200: 2,734: [Rescan (parallel) , 0,0041902 secs]2017-05-08T09:24:31.560+0200: 2,738: [weak refs processing, 0,0026359 secs]2017-05-08T09:24:31.563+0200: 2,741: [class unloading, 0,0029651 secs]2017-05-08T09:24:31.566+0200: 2,744: [scrub symbol table, 0,0041726 secs]2017-05-08T09:24:31.570+0200: 2,748: [scrub string table, 0,0004811 secs][1 CMS-remark: 0K(393216K)] 11657K(502464K), 0,0279183 secs] [Times: user=0,08 sys=0,00, real=0,03 secs] 
2017-05-08T09:24:31.571+0200: 2,749: Total time for which application threads were stopped: 0,0280381 seconds, Stopping threads took: 0,0000270 seconds
2017-05-08T09:24:31.575+0200: 2,753: [CMS-concurrent-sweep-start]
2017-05-08T09:24:31.575+0200: 2,753: [CMS-concurrent-sweep: 0,000/0,000 secs] [Times: user=0,00 sys=0,00, real=0,00 secs] 
2017-05-08T09:24:31.575+0200: 2,753: [CMS-concurrent-reset-start]
2017-05-08T09:24:31.576+0200: 2,755: [CMS-concurrent-reset: 0,001/0,001 secs] [Times: user=0,00 sys=0,00, real=0,00 secs] 
{Heap before GC invocations=4 (full 1):
 par new generation   total 109248K, used 99081K [0x00000000e0000000, 0x00000000e8000000, 0x00000000e8000000)
  eden space 87424K, 100% used [0x00000000e0000000, 0x00000000e5560000, 0x00000000e5560000)
  from space 21824K,  53% used [0x00000000e5560000, 0x00000000e60c2560, 0x00000000e6ab0000)
  to   space 21824K,   0% used [0x00000000e6ab0000, 0x00000000e6ab0000, 0x00000000e8000000)
 concurrent mark-sweep generation total 393216K, used 0K [0x00000000e8000000, 0x0000000100000000, 0x0000000100000000)
 Metaspace       used 21253K, capacity 21652K, committed 21936K, reserved 1069056K
  class space    used 2451K, capacity 2611K, committed 2736K, reserved 1048576K
2017-05-08T09:24:31.669+0200: 2,847: [GC (Allocation Failure) 2017-05-08T09:24:31.669+0200: 2,847: [ParNew
Desired survivor size 20112992 bytes, new threshold 8 (max 8)
- age   1:    1712496 bytes,    1712496 total
- age   3:    1456264 bytes,    3168760 total
- age   4:     820224 bytes,    3988984 total
- age   5:    6652776 bytes,   10641760 total
: 99081K->16353K(109248K), 0,0099009 secs] 99081K->16353K(502464K), 0,0099794 secs] [Times: user=0,04 sys=0,00, real=0,01 secs] 
Heap after GC invocations=5 (full 1):
 par new generation   total 109248K, used 16353K [0x00000000e0000000, 0x00000000e8000000, 0x00000000e8000000)
  eden space 87424K,   0% used [0x00000000e0000000, 0x00000000e0000000, 0x00000000e5560000)
  from space 21824K,  74% used [0x00000000e6ab0000, 0x00000000e7aa8600, 0x00000000e8000000)
  to   space 21824K,   0% used [0x00000000e5560000, 0x00000000e5560000, 0x00000000e6ab0000)
 concurrent mark-sweep generation total 393216K, used 0K [0x00000000e8000000, 0x0000000100000000, 0x0000000100000000)
 Metaspace       used 21253K, capacity 21652K, committed 21936K, reserved 1069056K
  class space    used 2451K, capacity 2611K, committed 2736K, reserved 1048576K
}
2017-05-08T09:24:31.679+0200: 2,857: Total time for which application threads were stopped: 0,0102815 seconds, Stopping threads took: 0,0001186 seconds
{Heap before GC invocations=5 (full 1):
 par new generation   total 109248K, used 103777K [0x00000000e0000000, 0x00000000e8000000, 0x00000000e8000000)
  eden space 87424K, 100% used [0x00000000e0000000, 0x00000000e5560000, 0x00000000e5560000)
  from space 21824K,  74% used [0x00000000e6ab0000, 0x00000000e7aa8600, 0x00000000e8000000)
  to   space 21824K,   0% used [0x00000000e5560000, 0x00000000e5560000, 0x00000000e6ab0000)
 concurrent mark-sweep generation total 393216K, used 0K [0x00000000e8000000, 0x0000000100000000, 0x0000000100000000)
 Metaspace       used 21425K, capacity 21824K, committed 21936K, reserved 1069056K
  class space    used 2471K, capacity 2645K, committed 2736K, reserved 1048576K
2017-05-08T09:24:31.765+0200: 2,944: [GC (Allocation Failure) 2017-05-08T09:24:31.765+0200: 2,944: [ParNew
Desired survivor size 20112992 bytes, new threshold 8 (max 8)
- age   1:     463800 bytes,     463800 total
- age   2:     190728 bytes,     654528 total
- age   4:    1456160 bytes,    2110688 total
- age   5:     820112 bytes,    2930800 total
- age   6:    6652824 bytes,    9583624 total
: 103777K->11605K(109248K), 0,0096540 secs] 103777K->11605K(502464K), 0,0097232 secs] [Times: user=0,03 sys=0,00, real=0,01 secs] 
Heap after GC invocations=6 (full 1):
 par new generation   total 109248K, used 11605K [0x00000000e0000000, 0x00000000e8000000, 0x00000000e8000000)
  eden space 87424K,   0% used [0x00000000e0000000, 0x00000000e0000000, 0x00000000e5560000)
  from space 21824K,  53% used [0x00000000e5560000, 0x00000000e60b56d0, 0x00000000e6ab0000)
  to   space 21824K,   0% used [0x00000000e6ab0000, 0x00000000e6ab0000, 0x00000000e8000000)
 concurrent mark-sweep generation total 393216K, used 0K [0x00000000e8000000, 0x0000000100000000, 0x0000000100000000)
 Metaspace       used 21425K, capacity 21824K, committed 21936K, reserved 1069056K
  class space    used 2471K, capacity 2645K, committed 2736K, reserved 1048576K
}
2017-05-08T09:24:31.775+0200: 2,953: Total time for which application threads were stopped: 0,0099202 seconds, Stopping threads took: 0,0000664 seconds
2017-05-08T09:24:31.803+0200: 2,982: Total time for which application threads were stopped: 0,0003764 seconds, Stopping threads took: 0,0000210 seconds
2017-05-08T09:24:32.057+0200: 3,236: Total time for which application threads were stopped: 0,0004387 seconds, Stopping threads took: 0,0000382 seconds
2017-05-08T09:24:32.072+0200: 3,251: Total time for which application threads were stopped: 0,0004306 seconds, Stopping threads took: 0,0000613 seconds
{Heap before GC invocations=6 (full 1):
 par new generation   total 109248K, used 99029K [0x00000000e0000000, 0x00000000e8000000, 0x00000000e8000000)
  eden space 87424K, 100% used [0x00000000e0000000, 0x00000000e5560000, 0x00000000e5560000)
  from space 21824K,  53% used [0x00000000e5560000, 0x00000000e60b56d0, 0x00000000e6ab0000)
  to   space 21824K,   0% used [0x00000000e6ab0000, 0x00000000e6ab0000, 0x00000000e8000000)
 concurrent mark-sweep generation total 393216K, used 0K [0x00000000e8000000, 0x0000000100000000, 0x0000000100000000)
 Metaspace       used 24052K, capacity 24552K, committed 24880K, reserved 1071104K
  class space    used 2839K, capacity 3021K, committed 3120K, reserved 1048576K
2017-05-08T09:24:32.233+0200: 3,411: [GC (Allocation Failure) 2017-05-08T09:24:32.233+0200: 3,411: [ParNew
Desired survivor size 20112992 bytes, new threshold 8 (max 8)
- age   1:    5385720 bytes,    5385720 total
- age   2:     125192 bytes,    5510912 total
- age   3:     189272 bytes,    5700184 total
- age   5:     286400 bytes,    5986584 total
- age   6:     795728 bytes,    6782312 total
- age   7:    6644504 bytes,   13426816 total
: 99029K->18404K(109248K), 0,0123201 secs] 99029K->18404K(502464K), 0,0123853 secs] [Times: user=0,04 sys=0,00, real=0,01 secs] 
Heap after GC invocations=7 (full 1):
 par new generation   total 109248K, used 18404K [0x00000000e0000000, 0x00000000e8000000, 0x00000000e8000000)
  eden space 87424K,   0% used [0x00000000e0000000, 0x00000000e0000000, 0x00000000e5560000)
  from space 21824K,  84% used [0x00000000e6ab0000, 0x00000000e7ca9250, 0x00000000e8000000)
  to   space 21824K,   0% used [0x00000000e5560000, 0x00000000e5560000, 0x00000000e6ab0000)
 concurrent mark-sweep generation total 393216K, used 0K [0x00000000e8000000, 0x0000000100000000, 0x0000000100000000)
 Metaspace       used 24052K, capacity 24552K, committed 24880K, reserved 1071104K
  class space    used 2839K, capacity 3021K, committed 3120K, reserved 1048576K
}
2017-05-08T09:24:32.245+0200: 3,424: Total time for which application threads were stopped: 0,0126749 seconds, Stopping threads took: 0,0000728 seconds
{Heap before GC invocations=7 (full 1):
 par new generation   total 109248K, used 105828K [0x00000000e0000000, 0x00000000e8000000, 0x00000000e8000000)
  eden space 87424K, 100% used [0x00000000e0000000, 0x00000000e5560000, 0x00000000e5560000)
  from space 21824K,  84% used [0x00000000e6ab0000, 0x00000000e7ca9250, 0x00000000e8000000)
  to   space 21824K,   0% used [0x00000000e5560000, 0x00000000e5560000, 0x00000000e6ab0000)
 concurrent mark-sweep generation total 393216K, used 0K [0x00000000e8000000, 0x0000000100000000, 0x0000000100000000)
 Metaspace       used 24500K, capacity 24974K, committed 25136K, reserved 1071104K
  class space    used 2867K, capacity 3054K, committed 3120K, reserved 1048576K
2017-05-08T09:24:32.334+0200: 3,512: [GC (Allocation Failure) 2017-05-08T09:24:32.334+0200: 3,512: [ParNew
Desired survivor size 20112992 bytes, new threshold 8 (max 8)
- age   1:    1468632 bytes,    1468632 total
- age   2:    1836232 bytes,    3304864 total
- age   3:      65376 bytes,    3370240 total
- age   4:     114880 bytes,    3485120 total
- age   6:     185792 bytes,    3670912 total
- age   7:     752736 bytes,    4423648 total
- age   8:    6111200 bytes,   10534848 total
: 105828K->13923K(109248K), 0,0164091 secs] 105828K->13923K(502464K), 0,0164989 secs] [Times: user=0,04 sys=0,00, real=0,02 secs] 
Heap after GC invocations=8 (full 1):
 par new generation   total 109248K, used 13923K [0x00000000e0000000, 0x00000000e8000000, 0x00000000e8000000)
  eden space 87424K,   0% used [0x00000000e0000000, 0x00000000e0000000, 0x00000000e5560000)
  from space 21824K,  63% used [0x00000000e5560000, 0x00000000e62f8fc0, 0x00000000e6ab0000)
  to   space 21824K,   0% used [0x00000000e6ab0000, 0x00000000e6ab0000, 0x00000000e8000000)
 concurrent mark-sweep generation total 393216K, used 0K [0x00000000e8000000, 0x0000000100000000, 0x0000000100000000)
 Metaspace       used 24500K, capacity 24974K, committed 25136K, reserved 1071104K
  class space    used 2867K, capacity 3054K, committed 3120K, reserved 1048576K
}
2017-05-08T09:24:32.350+0200: 3,529: Total time for which application threads were stopped: 0,0168000 seconds, Stopping threads took: 0,0000686 seconds
{Heap before GC invocations=8 (full 1):
 par new generation   total 109248K, used 101347K [0x00000000e0000000, 0x00000000e8000000, 0x00000000e8000000)
  eden space 87424K, 100% used [0x00000000e0000000, 0x00000000e5560000, 0x00000000e5560000)
  from space 21824K,  63% used [0x00000000e5560000, 0x00000000e62f8fc0, 0x00000000e6ab0000)
  to   space 21824K,   0% used [0x00000000e6ab0000, 0x00000000e6ab0000, 0x00000000e8000000)
 concurrent mark-sweep generation total 393216K, used 0K [0x00000000e8000000, 0x0000000100000000, 0x0000000100000000)
 Metaspace       used 24826K, capacity 25288K, committed 25392K, reserved 1071104K
  class space    used 2899K, capacity 3091K, committed 3120K, reserved 1048576K
2017-05-08T09:24:32.447+0200: 3,625: [GC (Allocation Failure) 2017-05-08T09:24:32.447+0200: 3,625: [ParNew
Desired survivor size 20112992 bytes, new threshold 8 (max 8)
- age   1:     976512 bytes,     976512 total
- age   2:     997440 bytes,    1973952 total
- age   3:    1772488 bytes,    3746440 total
- age   4:      65344 bytes,    3811784 total
- age   5:     112168 bytes,    3923952 total
- age   7:     185600 bytes,    4109552 total
- age   8:     751968 bytes,    4861520 total
: 101347K->6998K(109248K), 0,0490052 secs] 101347K->13048K(502464K), 0,0490878 secs] [Times: user=0,10 sys=0,00, real=0,05 secs] 
Heap after GC invocations=9 (full 1):
 par new generation   total 109248K, used 6998K [0x00000000e0000000, 0x00000000e8000000, 0x00000000e8000000)
  eden space 87424K,   0% used [0x00000000e0000000, 0x00000000e0000000, 0x00000000e5560000)
  from space 21824K,  32% used [0x00000000e6ab0000, 0x00000000e7185858, 0x00000000e8000000)
  to   space 21824K,   0% used [0x00000000e5560000, 0x00000000e5560000, 0x00000000e6ab0000)
 concurrent mark-sweep generation total 393216K, used 6050K [0x00000000e8000000, 0x0000000100000000, 0x0000000100000000)
 Metaspace       used 24826K, capacity 25288K, committed 25392K, reserved 1071104K
  class space    used 2899K, capacity 3091K, committed 3120K, reserved 1048576K
}
2017-05-08T09:24:32.496+0200: 3,674: Total time for which application threads were stopped: 0,0493379 seconds, Stopping threads took: 0,0000643 seconds
2017-05-08T09:24:32.736+0200: 3,915: Total time for which application threads were stopped: 0,0005747 seconds, Stopping threads took: 0,0000553 seconds
2017-05-08T09:24:32.750+0200: 3,928: Total time for which application threads were stopped: 0,0004195 seconds, Stopping threads took: 0,0000178 seconds
2017-05-08T09:24:32.805+0200: 3,983: Total time for which application threads were stopped: 0,0004598 seconds, Stopping threads took: 0,0000388 seconds
2017-05-08T09:24:32.882+0200: 4,060: Total time for which application threads were stopped: 0,0029469 seconds, Stopping threads took: 0,0026719 seconds
2017-05-08T09:24:32.887+0200: 4,066: Total time for which application threads were stopped: 0,0001425 seconds, Stopping threads took: 0,0000611 seconds
2017-05-08T09:24:32.896+0200: 4,075: Total time for which application threads were stopped: 0,0006874 seconds, Stopping threads took: 0,0006131 seconds
2017-05-08T09:24:32.907+0200: 4,086: Total time for which application threads were stopped: 0,0001394 seconds, Stopping threads took: 0,0000623 seconds
2017-05-08T09:24:32.909+0200: 4,088: Total time for which application threads were stopped: 0,0004108 seconds, Stopping threads took: 0,0000372 seconds
2017-05-08T09:24:32.910+0200: 4,089: Total time for which application threads were stopped: 0,0002983 seconds, Stopping threads took: 0,0002231 seconds
2017-05-08T09:24:32.911+0200: 4,090: Total time for which application threads were stopped: 0,0000713 seconds, Stopping threads took: 0,0000132 seconds
2017-05-08T09:24:32.912+0200: 4,091: Total time for which application threads were stopped: 0,0000792 seconds, Stopping threads took: 0,0000233 seconds
2017-05-08T09:24:32.913+0200: 4,091: Total time for which application threads were stopped: 0,0001127 seconds, Stopping threads took: 0,0000361 seconds
2017-05-08T09:24:32.914+0200: 4,093: Total time for which application threads were stopped: 0,0001457 seconds, Stopping threads took: 0,0000576 seconds
2017-05-08T09:24:32.914+0200: 4,093: Total time for which application threads were stopped: 0,0000797 seconds, Stopping threads took: 0,0000203 seconds
2017-05-08T09:24:32.915+0200: 4,093: Total time for which application threads were stopped: 0,0000751 seconds, Stopping threads took: 0,0000169 seconds
2017-05-08T09:24:32.916+0200: 4,094: Total time for which application threads were stopped: 0,0000700 seconds, Stopping threads took: 0,0000159 seconds
2017-05-08T09:24:32.916+0200: 4,095: Total time for which application threads were stopped: 0,0000722 seconds, Stopping threads took: 0,0000190 seconds
2017-05-08T09:24:32.919+0200: 4,097: Total time for which application threads were stopped: 0,0001007 seconds, Stopping threads took: 0,0000326 seconds
2017-05-08T09:24:32.919+0200: 4,098: Total time for which application threads were stopped: 0,0000727 seconds, Stopping threads took: 0,0000211 seconds
2017-05-08T09:24:32.924+0200: 4,103: Total time for which application threads were stopped: 0,0001574 seconds, Stopping threads took: 0,0000425 seconds
2017-05-08T09:24:32.926+0200: 4,104: Total time for which application threads were stopped: 0,0001373 seconds, Stopping threads took: 0,0000617 seconds
2017-05-08T09:24:32.926+0200: 4,105: Total time for which application threads were stopped: 0,0000937 seconds, Stopping threads took: 0,0000306 seconds
2017-05-08T09:24:32.927+0200: 4,105: Total time for which application threads were stopped: 0,0000720 seconds, Stopping threads took: 0,0000207 seconds
2017-05-08T09:24:32.929+0200: 4,107: Total time for which application threads were stopped: 0,0001097 seconds, Stopping threads took: 0,0000414 seconds
2017-05-08T09:24:32.929+0200: 4,108: Total time for which application threads were stopped: 0,0001637 seconds, Stopping threads took: 0,0000432 seconds
2017-05-08T09:24:32.930+0200: 4,109: Total time for which application threads were stopped: 0,0001222 seconds, Stopping threads took: 0,0000327 seconds
2017-05-08T09:24:32.932+0200: 4,110: Total time for which application threads were stopped: 0,0001071 seconds, Stopping threads took: 0,0000364 seconds
2017-05-08T09:24:32.933+0200: 4,112: Total time for which application threads were stopped: 0,0000840 seconds, Stopping threads took: 0,0000199 seconds
2017-05-08T09:24:32.934+0200: 4,112: Total time for which application threads were stopped: 0,0000907 seconds, Stopping threads took: 0,0000305 seconds
2017-05-08T09:24:33.934+0200: 5,113: Total time for which application threads were stopped: 0,0000697 seconds, Stopping threads took: 0,0000191 seconds
2017-05-08T09:24:34.934+0200: 6,113: Total time for which application threads were stopped: 0,0000622 seconds, Stopping threads took: 0,0000165 seconds
2017-05-08T09:24:39.935+0200: 11,113: Total time for which application threads were stopped: 0,0000867 seconds, Stopping threads took: 0,0000164 seconds
2017-05-08T09:24:50.938+0200: 22,116: Total time for which application threads were stopped: 0,0000970 seconds, Stopping threads took: 0,0000253 seconds
2017-05-08T09:25:00.939+0200: 32,118: Total time for which application threads were stopped: 0,0004451 seconds, Stopping threads took: 0,0001257 seconds
2017-05-08T09:25:50.945+0200: 82,123: Total time for which application threads were stopped: 0,0000646 seconds, Stopping threads took: 0,0000178 seconds
2017-05-08T09:26:25.950+0200: 117,129: Total time for which application threads were stopped: 0,0001701 seconds, Stopping threads took: 0,0000685 seconds
2017-05-08T09:26:30.951+0200: 122,129: Total time for which application threads were stopped: 0,0001165 seconds, Stopping threads took: 0,0000295 seconds
{Heap before GC invocations=9 (full 1):
 par new generation   total 109248K, used 94422K [0x00000000e0000000, 0x00000000e8000000, 0x00000000e8000000)
  eden space 87424K, 100% used [0x00000000e0000000, 0x00000000e5560000, 0x00000000e5560000)
  from space 21824K,  32% used [0x00000000e6ab0000, 0x00000000e7185858, 0x00000000e8000000)
  to   space 21824K,   0% used [0x00000000e5560000, 0x00000000e5560000, 0x00000000e6ab0000)
 concurrent mark-sweep generation total 393216K, used 6050K [0x00000000e8000000, 0x0000000100000000, 0x0000000100000000)
 Metaspace       used 28053K, capacity 28584K, committed 28848K, reserved 1075200K
  class space    used 3218K, capacity 3397K, committed 3504K, reserved 1048576K
2017-05-08T09:27:24.920+0200: 176,098: [GC (Allocation Failure) 2017-05-08T09:27:24.920+0200: 176,098: [ParNew
Desired survivor size 20112992 bytes, new threshold 8 (max 8)
- age   1:   10979824 bytes,   10979824 total
- age   2:     197392 bytes,   11177216 total
- age   3:     217752 bytes,   11394968 total
- age   4:    1767152 bytes,   13162120 total
- age   5:      65344 bytes,   13227464 total
- age   6:     112040 bytes,   13339504 total
- age   8:     185168 bytes,   13524672 total
: 94422K->14356K(109248K), 0,0213422 secs] 100472K->21235K(502464K), 0,0214321 secs] [Times: user=0,07 sys=0,00, real=0,02 secs] 
Heap after GC invocations=10 (full 1):
 par new generation   total 109248K, used 14356K [0x00000000e0000000, 0x00000000e8000000, 0x00000000e8000000)
  eden space 87424K,   0% used [0x00000000e0000000, 0x00000000e0000000, 0x00000000e5560000)
  from space 21824K,  65% used [0x00000000e5560000, 0x00000000e63653a8, 0x00000000e6ab0000)
  to   space 21824K,   0% used [0x00000000e6ab0000, 0x00000000e6ab0000, 0x00000000e8000000)
 concurrent mark-sweep generation total 393216K, used 6878K [0x00000000e8000000, 0x0000000100000000, 0x0000000100000000)
 Metaspace       used 28053K, capacity 28584K, committed 28848K, reserved 1075200K
  class space    used 3218K, capacity 3397K, committed 3504K, reserved 1048576K
}
2017-05-08T09:27:24.941+0200: 176,120: Total time for which application threads were stopped: 0,0217106 seconds, Stopping threads took: 0,0001222 seconds
2017-05-08T09:29:05.953+0200: 277,131: Total time for which application threads were stopped: 0,0000851 seconds, Stopping threads took: 0,0000335 seconds
2017-05-08T09:48:00.086+0200: 1411,265: Total time for which application threads were stopped: 0,0001814 seconds, Stopping threads took: 0,0000614 seconds
2017-05-08T09:52:00.111+0200: 1651,290: Total time for which application threads were stopped: 0,0000959 seconds, Stopping threads took: 0,0000339 seconds
2017-05-08T09:52:10.113+0200: 1661,291: Total time for which application threads were stopped: 0,0000636 seconds, Stopping threads took: 0,0000154 seconds
2017-05-08T09:57:01.142+0200: 1952,321: Total time for which application threads were stopped: 0,0001010 seconds, Stopping threads took: 0,0000380 seconds
2017-05-08T10:02:50.176+0200: 2301,355: Total time for which application threads were stopped: 0,0000791 seconds, Stopping threads took: 0,0000311 seconds
2017-05-08T10:02:51.176+0200: 2302,355: Total time for which application threads were stopped: 0,0000710 seconds, Stopping threads took: 0,0000150 seconds
2017-05-08T10:18:41.272+0200: 3252,450: Total time for which application threads were stopped: 0,0002051 seconds, Stopping threads took: 0,0000733 seconds
2017-05-08T10:30:30.370+0200: 3961,548: Total time for which application threads were stopped: 0,0001420 seconds, Stopping threads took: 0,0000424 seconds
2017-05-08T10:31:05.373+0200: 3996,551: Total time for which application threads were stopped: 0,0001114 seconds, Stopping threads took: 0,0000356 seconds
2017-05-08T10:31:10.374+0200: 4001,552: Total time for which application threads were stopped: 0,0000743 seconds, Stopping threads took: 0,0000164 seconds
2017-05-08T10:46:01.468+0200: 4892,647: Total time for which application threads were stopped: 0,0005551 seconds, Stopping threads took: 0,0002106 seconds
2017-05-08T10:47:21.478+0200: 4972,656: Total time for which application threads were stopped: 0,0005272 seconds, Stopping threads took: 0,0001140 seconds
2017-05-08T11:19:31.683+0200: 6902,861: Total time for which application threads were stopped: 0,0000827 seconds, Stopping threads took: 0,0000314 seconds
2017-05-08T11:23:46.710+0200: 7157,888: Total time for which application threads were stopped: 0,0003936 seconds, Stopping threads took: 0,0001354 seconds
2017-05-08T11:25:00.717+0200: 7231,896: Total time for which application threads were stopped: 0,0001783 seconds, Stopping threads took: 0,0000663 seconds
2017-05-08T11:26:30.728+0200: 7321,907: Total time for which application threads were stopped: 0,0000979 seconds, Stopping threads took: 0,0000362 seconds
2017-05-08T11:32:30.764+0200: 7681,943: Total time for which application threads were stopped: 0,0000905 seconds, Stopping threads took: 0,0000336 seconds
2017-05-08T11:33:00.768+0200: 7711,946: Total time for which application threads were stopped: 0,0000885 seconds, Stopping threads took: 0,0000316 seconds
2017-05-08T13:40:30.664+0200: 15361,843: Total time for which application threads were stopped: 0,0000889 seconds, Stopping threads took: 0,0000294 seconds
2017-05-08T13:58:00.772+0200: 16411,951: Total time for which application threads were stopped: 0,0001389 seconds, Stopping threads took: 0,0000530 seconds
2017-05-08T22:04:26.132+0200: 45597,311: Total time for which application threads were stopped: 0,0000996 seconds, Stopping threads took: 0,0000357 seconds
2017-05-09T00:41:36.831+0200: 55028,009: Total time for which application threads were stopped: 0,0093196 seconds, Stopping threads took: 0,0092244 seconds
2017-05-09T00:41:36.832+0200: 55028,010: Total time for which application threads were stopped: 0,0000922 seconds, Stopping threads took: 0,0000155 seconds
2017-05-09T00:41:36.835+0200: 55028,013: Total time for which application threads were stopped: 0,0016680 seconds, Stopping threads took: 0,0000158 seconds
2017-05-09T00:41:36.885+0200: 55028,064: Total time for which application threads were stopped: 0,0001622 seconds, Stopping threads took: 0,0000572 seconds
2017-05-09T00:41:36.886+0200: 55028,065: Total time for which application threads were stopped: 0,0001399 seconds, Stopping threads took: 0,0000254 seconds
Heap
 par new generation   total 109248K, used 34344K [0x00000000e0000000, 0x00000000e8000000, 0x00000000e8000000)
  eden space 87424K,  22% used [0x00000000e0000000, 0x00000000e1384d08, 0x00000000e5560000)
  from space 21824K,  65% used [0x00000000e5560000, 0x00000000e63653a8, 0x00000000e6ab0000)
  to   space 21824K,   0% used [0x00000000e6ab0000, 0x00000000e6ab0000, 0x00000000e8000000)
 concurrent mark-sweep generation total 393216K, used 6878K [0x00000000e8000000, 0x0000000100000000, 0x0000000100000000)
 Metaspace       used 28222K, capacity 28756K, committed 29104K, reserved 1075200K
  class space    used 3232K, capacity 3431K, committed 3504K, reserved 1048576K
