OpenJDK 64-Bit Server VM (25.121-b13) for linux-amd64 JRE (1.8.0_121-8u121-b13-0ubuntu1.16.04.2-b13), built on Jan 23 2017 15:51:29 by "buildd" with gcc 5.4.0 20160609
Memory: 4k page, physical 7867764k(7418620k free), swap 8076284k(8076284k free)
CommandLine flags: -XX:CMSInitiatingOccupancyFraction=50 -XX:CMSMaxAbortablePrecleanTime=6000 -XX:+CMSParallelRemarkEnabled -XX:+CMSScavengeBeforeRemark -XX:ConcGCThreads=4 -XX:InitialHeapSize=536870912 -XX:MaxHeapSize=536870912 -XX:MaxTenuringThreshold=8 -XX:NewRatio=3 -XX:OldPLABSize=16 -XX:OnOutOfMemoryError=/opt/solr/bin/oom_solr.sh 8983 /var/solr/logs -XX:ParallelGCThreads=4 -XX:+ParallelRefProcEnabled -XX:PretenureSizeThreshold=67108864 -XX:+PrintGC -XX:+PrintGCApplicationStoppedTime -XX:+PrintGCDateStamps -XX:+PrintGCDetails -XX:+PrintGCTimeStamps -XX:+PrintHeapAtGC -XX:+PrintTenuringDistribution -XX:SurvivorRatio=4 -XX:TargetSurvivorRatio=90 -XX:ThreadStackSize=256 -XX:+UseCMSInitiatingOccupancyOnly -XX:+UseCompressedClassPointers -XX:+UseCompressedOops -XX:+UseConcMarkSweepGC -XX:+UseParNewGC 
2017-04-12T23:22:02.661+0200: 0,168: Total time for which application threads were stopped: 0,0000642 seconds, Stopping threads took: 0,0000092 seconds
2017-04-12T23:22:02.757+0200: 0,265: Total time for which application threads were stopped: 0,0001045 seconds, Stopping threads took: 0,0000133 seconds
2017-04-12T23:22:02.774+0200: 0,281: Total time for which application threads were stopped: 0,0000994 seconds, Stopping threads took: 0,0000341 seconds
2017-04-12T23:22:03.048+0200: 0,555: Total time for which application threads were stopped: 0,0001406 seconds, Stopping threads took: 0,0000236 seconds
2017-04-12T23:22:03.527+0200: 1,034: Total time for which application threads were stopped: 0,0001468 seconds, Stopping threads took: 0,0000198 seconds
2017-04-12T23:22:03.620+0200: 1,127: Total time for which application threads were stopped: 0,0001318 seconds, Stopping threads took: 0,0000151 seconds
2017-04-12T23:22:03.641+0200: 1,149: Total time for which application threads were stopped: 0,0002334 seconds, Stopping threads took: 0,0000239 seconds
2017-04-12T23:22:04.003+0200: 1,511: Total time for which application threads were stopped: 0,0002816 seconds, Stopping threads took: 0,0000659 seconds
2017-04-12T23:22:04.241+0200: 1,748: Total time for which application threads were stopped: 0,0002495 seconds, Stopping threads took: 0,0000129 seconds
2017-04-12T23:22:04.259+0200: 1,766: Total time for which application threads were stopped: 0,0001865 seconds, Stopping threads took: 0,0000402 seconds
2017-04-12T23:22:04.285+0200: 1,792: Total time for which application threads were stopped: 0,0002381 seconds, Stopping threads took: 0,0000235 seconds
2017-04-12T23:22:04.286+0200: 1,794: Total time for which application threads were stopped: 0,0002068 seconds, Stopping threads took: 0,0000159 seconds
2017-04-12T23:22:04.300+0200: 1,808: Total time for which application threads were stopped: 0,0001857 seconds, Stopping threads took: 0,0000314 seconds
2017-04-12T23:22:04.366+0200: 1,873: Total time for which application threads were stopped: 0,0003116 seconds, Stopping threads took: 0,0000218 seconds
2017-04-12T23:22:04.535+0200: 2,042: Total time for which application threads were stopped: 0,0002684 seconds, Stopping threads took: 0,0000234 seconds
{Heap before GC invocations=0 (full 0):
 par new generation   total 109248K, used 87424K [0x00000000e0000000, 0x00000000e8000000, 0x00000000e8000000)
  eden space 87424K, 100% used [0x00000000e0000000, 0x00000000e5560000, 0x00000000e5560000)
  from space 21824K,   0% used [0x00000000e5560000, 0x00000000e5560000, 0x00000000e6ab0000)
  to   space 21824K,   0% used [0x00000000e6ab0000, 0x00000000e6ab0000, 0x00000000e8000000)
 concurrent mark-sweep generation total 393216K, used 0K [0x00000000e8000000, 0x0000000100000000, 0x0000000100000000)
 Metaspace       used 18031K, capacity 18336K, committed 18688K, reserved 1064960K
  class space    used 2036K, capacity 2196K, committed 2304K, reserved 1048576K
2017-04-12T23:22:04.631+0200: 2,139: [GC (Allocation Failure) 2017-04-12T23:22:04.631+0200: 2,139: [ParNew
Desired survivor size 20112992 bytes, new threshold 8 (max 8)
- age   1:   12594072 bytes,   12594072 total
: 87424K->12413K(109248K), 0,0177094 secs] 87424K->12413K(502464K), 0,0177936 secs] [Times: user=0,03 sys=0,03, real=0,02 secs] 
Heap after GC invocations=1 (full 0):
 par new generation   total 109248K, used 12413K [0x00000000e0000000, 0x00000000e8000000, 0x00000000e8000000)
  eden space 87424K,   0% used [0x00000000e0000000, 0x00000000e0000000, 0x00000000e5560000)
  from space 21824K,  56% used [0x00000000e6ab0000, 0x00000000e76cf570, 0x00000000e8000000)
  to   space 21824K,   0% used [0x00000000e5560000, 0x00000000e5560000, 0x00000000e6ab0000)
 concurrent mark-sweep generation total 393216K, used 0K [0x00000000e8000000, 0x0000000100000000, 0x0000000100000000)
 Metaspace       used 18031K, capacity 18336K, committed 18688K, reserved 1064960K
  class space    used 2036K, capacity 2196K, committed 2304K, reserved 1048576K
}
2017-04-12T23:22:04.649+0200: 2,156: Total time for which application threads were stopped: 0,0213776 seconds, Stopping threads took: 0,0033214 seconds
2017-04-12T23:22:04.962+0200: 2,469: Total time for which application threads were stopped: 0,0002882 seconds, Stopping threads took: 0,0000295 seconds
2017-04-12T23:22:05.001+0200: 2,509: Total time for which application threads were stopped: 0,0003799 seconds, Stopping threads took: 0,0000672 seconds
{Heap before GC invocations=1 (full 0):
 par new generation   total 109248K, used 99837K [0x00000000e0000000, 0x00000000e8000000, 0x00000000e8000000)
  eden space 87424K, 100% used [0x00000000e0000000, 0x00000000e5560000, 0x00000000e5560000)
  from space 21824K,  56% used [0x00000000e6ab0000, 0x00000000e76cf570, 0x00000000e8000000)
  to   space 21824K,   0% used [0x00000000e5560000, 0x00000000e5560000, 0x00000000e6ab0000)
 concurrent mark-sweep generation total 393216K, used 0K [0x00000000e8000000, 0x0000000100000000, 0x0000000100000000)
 Metaspace       used 20067K, capacity 20430K, committed 20736K, reserved 1067008K
  class space    used 2298K, capacity 2471K, committed 2560K, reserved 1048576K
2017-04-12T23:22:05.004+0200: 2,511: [GC (Allocation Failure) 2017-04-12T23:22:05.004+0200: 2,511: [ParNew
Desired survivor size 20112992 bytes, new threshold 8 (max 8)
- age   1:    3779656 bytes,    3779656 total
- age   2:    6662056 bytes,   10441712 total
: 99837K->15768K(109248K), 0,0106493 secs] 99837K->15768K(502464K), 0,0107229 secs] [Times: user=0,04 sys=0,00, real=0,01 secs] 
Heap after GC invocations=2 (full 0):
 par new generation   total 109248K, used 15768K [0x00000000e0000000, 0x00000000e8000000, 0x00000000e8000000)
  eden space 87424K,   0% used [0x00000000e0000000, 0x00000000e0000000, 0x00000000e5560000)
  from space 21824K,  72% used [0x00000000e5560000, 0x00000000e64c6280, 0x00000000e6ab0000)
  to   space 21824K,   0% used [0x00000000e6ab0000, 0x00000000e6ab0000, 0x00000000e8000000)
 concurrent mark-sweep generation total 393216K, used 0K [0x00000000e8000000, 0x0000000100000000, 0x0000000100000000)
 Metaspace       used 20067K, capacity 20430K, committed 20736K, reserved 1067008K
  class space    used 2298K, capacity 2471K, committed 2560K, reserved 1048576K
}
2017-04-12T23:22:05.015+0200: 2,522: Total time for which application threads were stopped: 0,0109585 seconds, Stopping threads took: 0,0001053 seconds
2017-04-12T23:22:05.047+0200: 2,554: Total time for which application threads were stopped: 0,0003454 seconds, Stopping threads took: 0,0000451 seconds
2017-04-12T23:22:05.189+0200: 2,696: Total time for which application threads were stopped: 0,0002113 seconds, Stopping threads took: 0,0000545 seconds
{Heap before GC invocations=2 (full 0):
 par new generation   total 109248K, used 103192K [0x00000000e0000000, 0x00000000e8000000, 0x00000000e8000000)
  eden space 87424K, 100% used [0x00000000e0000000, 0x00000000e5560000, 0x00000000e5560000)
  from space 21824K,  72% used [0x00000000e5560000, 0x00000000e64c6280, 0x00000000e6ab0000)
  to   space 21824K,   0% used [0x00000000e6ab0000, 0x00000000e6ab0000, 0x00000000e8000000)
 concurrent mark-sweep generation total 393216K, used 0K [0x00000000e8000000, 0x0000000100000000, 0x0000000100000000)
 Metaspace       used 20998K, capacity 21352K, committed 21628K, reserved 1069056K
  class space    used 2419K, capacity 2590K, committed 2684K, reserved 1048576K
2017-04-12T23:22:05.230+0200: 2,737: [GC (Allocation Failure) 2017-04-12T23:22:05.230+0200: 2,738: [ParNew
Desired survivor size 20112992 bytes, new threshold 8 (max 8)
- age   1:    2226632 bytes,    2226632 total
- age   2:     873288 bytes,    3099920 total
- age   3:    6645304 bytes,    9745224 total
: 103192K->12430K(109248K), 0,0133043 secs] 103192K->12430K(502464K), 0,0133847 secs] [Times: user=0,05 sys=0,00, real=0,01 secs] 
Heap after GC invocations=3 (full 0):
 par new generation   total 109248K, used 12430K [0x00000000e0000000, 0x00000000e8000000, 0x00000000e8000000)
  eden space 87424K,   0% used [0x00000000e0000000, 0x00000000e0000000, 0x00000000e5560000)
  from space 21824K,  56% used [0x00000000e6ab0000, 0x00000000e76d3a68, 0x00000000e8000000)
  to   space 21824K,   0% used [0x00000000e5560000, 0x00000000e5560000, 0x00000000e6ab0000)
 concurrent mark-sweep generation total 393216K, used 0K [0x00000000e8000000, 0x0000000100000000, 0x0000000100000000)
 Metaspace       used 20998K, capacity 21352K, committed 21628K, reserved 1069056K
  class space    used 2419K, capacity 2590K, committed 2684K, reserved 1048576K
}
2017-04-12T23:22:05.244+0200: 2,751: Total time for which application threads were stopped: 0,0135877 seconds, Stopping threads took: 0,0000564 seconds
2017-04-12T23:22:05.244+0200: 2,751: [GC (CMS Initial Mark) [1 CMS-initial-mark: 0K(393216K)] 13135K(502464K), 0,0051886 secs] [Times: user=0,02 sys=0,00, real=0,01 secs] 
2017-04-12T23:22:05.249+0200: 2,756: Total time for which application threads were stopped: 0,0053589 seconds, Stopping threads took: 0,0000657 seconds
2017-04-12T23:22:05.251+0200: 2,758: [CMS-concurrent-mark-start]
2017-04-12T23:22:05.252+0200: 2,759: [CMS-concurrent-mark: 0,001/0,001 secs] [Times: user=0,00 sys=0,00, real=0,00 secs] 
2017-04-12T23:22:05.252+0200: 2,759: [CMS-concurrent-preclean-start]
2017-04-12T23:22:05.253+0200: 2,761: [CMS-concurrent-preclean: 0,001/0,001 secs] [Times: user=0,01 sys=0,00, real=0,00 secs] 
2017-04-12T23:22:05.253+0200: 2,761: [CMS-concurrent-abortable-preclean-start]
2017-04-12T23:22:05.314+0200: 2,821: Total time for which application threads were stopped: 0,0001171 seconds, Stopping threads took: 0,0000275 seconds
{Heap before GC invocations=3 (full 1):
 par new generation   total 109248K, used 99854K [0x00000000e0000000, 0x00000000e8000000, 0x00000000e8000000)
  eden space 87424K, 100% used [0x00000000e0000000, 0x00000000e5560000, 0x00000000e5560000)
  from space 21824K,  56% used [0x00000000e6ab0000, 0x00000000e76d3a68, 0x00000000e8000000)
  to   space 21824K,   0% used [0x00000000e5560000, 0x00000000e5560000, 0x00000000e6ab0000)
 concurrent mark-sweep generation total 393216K, used 0K [0x00000000e8000000, 0x0000000100000000, 0x0000000100000000)
 Metaspace       used 21271K, capacity 21620K, committed 21884K, reserved 1069056K
  class space    used 2449K, capacity 2604K, committed 2684K, reserved 1048576K
2017-04-12T23:22:05.354+0200: 2,861: [GC (Allocation Failure) 2017-04-12T23:22:05.354+0200: 2,861: [ParNew
Desired survivor size 20112992 bytes, new threshold 8 (max 8)
- age   1:    1315192 bytes,    1315192 total
- age   2:    1458912 bytes,    2774104 total
- age   3:     869144 bytes,    3643248 total
- age   4:    6645248 bytes,   10288496 total
: 99854K->12921K(109248K), 0,0094654 secs] 99854K->12921K(502464K), 0,0095267 secs] [Times: user=0,02 sys=0,00, real=0,01 secs] 
Heap after GC invocations=4 (full 1):
 par new generation   total 109248K, used 12921K [0x00000000e0000000, 0x00000000e8000000, 0x00000000e8000000)
  eden space 87424K,   0% used [0x00000000e0000000, 0x00000000e0000000, 0x00000000e5560000)
  from space 21824K,  59% used [0x00000000e5560000, 0x00000000e61fe6f0, 0x00000000e6ab0000)
  to   space 21824K,   0% used [0x00000000e6ab0000, 0x00000000e6ab0000, 0x00000000e8000000)
 concurrent mark-sweep generation total 393216K, used 0K [0x00000000e8000000, 0x0000000100000000, 0x0000000100000000)
 Metaspace       used 21271K, capacity 21620K, committed 21884K, reserved 1069056K
  class space    used 2449K, capacity 2604K, committed 2684K, reserved 1048576K
}
2017-04-12T23:22:05.363+0200: 2,870: Total time for which application threads were stopped: 0,0104351 seconds, Stopping threads took: 0,0007607 seconds
2017-04-12T23:22:05.363+0200: 2,870: [CMS-concurrent-abortable-preclean: 0,062/0,110 secs] [Times: user=0,41 sys=0,00, real=0,11 secs] 
2017-04-12T23:22:05.363+0200: 2,871: [GC (CMS Final Remark) [YG occupancy: 14236 K (109248 K)]{Heap before GC invocations=4 (full 1):
 par new generation   total 109248K, used 14236K [0x00000000e0000000, 0x00000000e8000000, 0x00000000e8000000)
  eden space 87424K,   1% used [0x00000000e0000000, 0x00000000e0148c40, 0x00000000e5560000)
  from space 21824K,  59% used [0x00000000e5560000, 0x00000000e61fe6f0, 0x00000000e6ab0000)
  to   space 21824K,   0% used [0x00000000e6ab0000, 0x00000000e6ab0000, 0x00000000e8000000)
 concurrent mark-sweep generation total 393216K, used 0K [0x00000000e8000000, 0x0000000100000000, 0x0000000100000000)
 Metaspace       used 21271K, capacity 21620K, committed 21884K, reserved 1069056K
  class space    used 2449K, capacity 2604K, committed 2684K, reserved 1048576K
2017-04-12T23:22:05.363+0200: 2,871: [GC (CMS Final Remark) 2017-04-12T23:22:05.363+0200: 2,871: [ParNew
Desired survivor size 20112992 bytes, new threshold 8 (max 8)
- age   1:      39600 bytes,      39600 total
- age   2:    1153872 bytes,    1193472 total
- age   3:    1458912 bytes,    2652384 total
- age   4:     869144 bytes,    3521528 total
- age   5:    6645696 bytes,   10167224 total
: 14236K->15242K(109248K), 0,0087691 secs] 14236K->15242K(502464K), 0,0088026 secs] [Times: user=0,04 sys=0,00, real=0,01 secs] 
Heap after GC invocations=5 (full 1):
 par new generation   total 109248K, used 15242K [0x00000000e0000000, 0x00000000e8000000, 0x00000000e8000000)
  eden space 87424K,   0% used [0x00000000e0000000, 0x00000000e0000000, 0x00000000e5560000)
  from space 21824K,  69% used [0x00000000e6ab0000, 0x00000000e7992b50, 0x00000000e8000000)
  to   space 21824K,   0% used [0x00000000e5560000, 0x00000000e5560000, 0x00000000e6ab0000)
 concurrent mark-sweep generation total 393216K, used 0K [0x00000000e8000000, 0x0000000100000000, 0x0000000100000000)
 Metaspace       used 21271K, capacity 21620K, committed 21884K, reserved 1069056K
  class space    used 2449K, capacity 2604K, committed 2684K, reserved 1048576K
}
2017-04-12T23:22:05.372+0200: 2,880: [Rescan (parallel) , 0,0032615 secs]2017-04-12T23:22:05.376+0200: 2,883: [weak refs processing, 0,0007113 secs]2017-04-12T23:22:05.376+0200: 2,884: [class unloading, 0,0028875 secs]2017-04-12T23:22:05.379+0200: 2,886: [scrub symbol table, 0,0025338 secs]2017-04-12T23:22:05.382+0200: 2,889: [scrub string table, 0,0003658 secs][1 CMS-remark: 0K(393216K)] 15242K(502464K), 0,0191974 secs] [Times: user=0,06 sys=0,00, real=0,02 secs] 
2017-04-12T23:22:05.383+0200: 2,890: Total time for which application threads were stopped: 0,0193133 seconds, Stopping threads took: 0,0000384 seconds
2017-04-12T23:22:05.383+0200: 2,890: [CMS-concurrent-sweep-start]
2017-04-12T23:22:05.383+0200: 2,890: [CMS-concurrent-sweep: 0,000/0,000 secs] [Times: user=0,00 sys=0,00, real=0,00 secs] 
2017-04-12T23:22:05.383+0200: 2,890: [CMS-concurrent-reset-start]
2017-04-12T23:22:05.384+0200: 2,892: [CMS-concurrent-reset: 0,002/0,002 secs] [Times: user=0,00 sys=0,01, real=0,00 secs] 
{Heap before GC invocations=5 (full 1):
 par new generation   total 109248K, used 102666K [0x00000000e0000000, 0x00000000e8000000, 0x00000000e8000000)
  eden space 87424K, 100% used [0x00000000e0000000, 0x00000000e5560000, 0x00000000e5560000)
  from space 21824K,  69% used [0x00000000e6ab0000, 0x00000000e7992b50, 0x00000000e8000000)
  to   space 21824K,   0% used [0x00000000e5560000, 0x00000000e5560000, 0x00000000e6ab0000)
 concurrent mark-sweep generation total 393216K, used 0K [0x00000000e8000000, 0x0000000100000000, 0x0000000100000000)
 Metaspace       used 21386K, capacity 21786K, committed 21884K, reserved 1069056K
  class space    used 2467K, capacity 2637K, committed 2684K, reserved 1048576K
2017-04-12T23:22:05.462+0200: 2,969: [GC (Allocation Failure) 2017-04-12T23:22:05.462+0200: 2,969: [ParNew
Desired survivor size 20112992 bytes, new threshold 8 (max 8)
- age   1:    1741312 bytes,    1741312 total
- age   3:     186288 bytes,    1927600 total
- age   4:    1458624 bytes,    3386224 total
- age   5:     867128 bytes,    4253352 total
- age   6:    6645216 bytes,   10898568 total
: 102666K->12813K(109248K), 0,0099812 secs] 102666K->12813K(502464K), 0,0100606 secs] [Times: user=0,04 sys=0,00, real=0,01 secs] 
Heap after GC invocations=6 (full 1):
 par new generation   total 109248K, used 12813K [0x00000000e0000000, 0x00000000e8000000, 0x00000000e8000000)
  eden space 87424K,   0% used [0x00000000e0000000, 0x00000000e0000000, 0x00000000e5560000)
  from space 21824K,  58% used [0x00000000e5560000, 0x00000000e61e37e0, 0x00000000e6ab0000)
  to   space 21824K,   0% used [0x00000000e6ab0000, 0x00000000e6ab0000, 0x00000000e8000000)
 concurrent mark-sweep generation total 393216K, used 0K [0x00000000e8000000, 0x0000000100000000, 0x0000000100000000)
 Metaspace       used 21386K, capacity 21786K, committed 21884K, reserved 1069056K
  class space    used 2467K, capacity 2637K, committed 2684K, reserved 1048576K
}
2017-04-12T23:22:05.472+0200: 2,979: Total time for which application threads were stopped: 0,0103039 seconds, Stopping threads took: 0,0000895 seconds
2017-04-12T23:22:05.501+0200: 3,008: Total time for which application threads were stopped: 0,0003094 seconds, Stopping threads took: 0,0000204 seconds
2017-04-12T23:22:05.691+0200: 3,198: Total time for which application threads were stopped: 0,0004996 seconds, Stopping threads took: 0,0000217 seconds
2017-04-12T23:22:05.703+0200: 3,211: Total time for which application threads were stopped: 0,0004103 seconds, Stopping threads took: 0,0000506 seconds
{Heap before GC invocations=6 (full 1):
 par new generation   total 109248K, used 100237K [0x00000000e0000000, 0x00000000e8000000, 0x00000000e8000000)
  eden space 87424K, 100% used [0x00000000e0000000, 0x00000000e5560000, 0x00000000e5560000)
  from space 21824K,  58% used [0x00000000e5560000, 0x00000000e61e37e0, 0x00000000e6ab0000)
  to   space 21824K,   0% used [0x00000000e6ab0000, 0x00000000e6ab0000, 0x00000000e8000000)
 concurrent mark-sweep generation total 393216K, used 0K [0x00000000e8000000, 0x0000000100000000, 0x0000000100000000)
 Metaspace       used 24279K, capacity 24686K, committed 24828K, reserved 1071104K
  class space    used 2853K, capacity 3047K, committed 3068K, reserved 1048576K
2017-04-12T23:22:05.881+0200: 3,388: [GC (Allocation Failure) 2017-04-12T23:22:05.881+0200: 3,388: [ParNew
Desired survivor size 20112992 bytes, new threshold 8 (max 8)
- age   1:    5862160 bytes,    5862160 total
- age   2:     109408 bytes,    5971568 total
- age   4:     184896 bytes,    6156464 total
- age   5:     281040 bytes,    6437504 total
- age   6:     842832 bytes,    7280336 total
- age   7:    6636936 bytes,   13917272 total
: 100237K->18294K(109248K), 0,0163054 secs] 100237K->18294K(502464K), 0,0163831 secs] [Times: user=0,06 sys=0,00, real=0,01 secs] 
Heap after GC invocations=7 (full 1):
 par new generation   total 109248K, used 18294K [0x00000000e0000000, 0x00000000e8000000, 0x00000000e8000000)
  eden space 87424K,   0% used [0x00000000e0000000, 0x00000000e0000000, 0x00000000e5560000)
  from space 21824K,  83% used [0x00000000e6ab0000, 0x00000000e7c8d9c0, 0x00000000e8000000)
  to   space 21824K,   0% used [0x00000000e5560000, 0x00000000e5560000, 0x00000000e6ab0000)
 concurrent mark-sweep generation total 393216K, used 0K [0x00000000e8000000, 0x0000000100000000, 0x0000000100000000)
 Metaspace       used 24279K, capacity 24686K, committed 24828K, reserved 1071104K
  class space    used 2853K, capacity 3047K, committed 3068K, reserved 1048576K
}
2017-04-12T23:22:05.897+0200: 3,405: Total time for which application threads were stopped: 0,0167031 seconds, Stopping threads took: 0,0000860 seconds
{Heap before GC invocations=7 (full 1):
 par new generation   total 109248K, used 105718K [0x00000000e0000000, 0x00000000e8000000, 0x00000000e8000000)
  eden space 87424K, 100% used [0x00000000e0000000, 0x00000000e5560000, 0x00000000e5560000)
  from space 21824K,  83% used [0x00000000e6ab0000, 0x00000000e7c8d9c0, 0x00000000e8000000)
  to   space 21824K,   0% used [0x00000000e5560000, 0x00000000e5560000, 0x00000000e6ab0000)
 concurrent mark-sweep generation total 393216K, used 0K [0x00000000e8000000, 0x0000000100000000, 0x0000000100000000)
 Metaspace       used 24747K, capacity 25172K, committed 25468K, reserved 1071104K
  class space    used 2894K, capacity 3080K, committed 3196K, reserved 1048576K
2017-04-12T23:22:05.995+0200: 3,502: [GC (Allocation Failure) 2017-04-12T23:22:05.995+0200: 3,502: [ParNew
Desired survivor size 20112992 bytes, new threshold 8 (max 8)
- age   1:    1578032 bytes,    1578032 total
- age   2:    1891304 bytes,    3469336 total
- age   3:      52808 bytes,    3522144 total
- age   5:     101912 bytes,    3624056 total
- age   6:     190264 bytes,    3814320 total
- age   7:     790096 bytes,    4604416 total
- age   8:    6102056 bytes,   10706472 total
: 105718K->14766K(109248K), 0,0160320 secs] 105718K->14766K(502464K), 0,0161158 secs] [Times: user=0,03 sys=0,01, real=0,02 secs] 
Heap after GC invocations=8 (full 1):
 par new generation   total 109248K, used 14766K [0x00000000e0000000, 0x00000000e8000000, 0x00000000e8000000)
  eden space 87424K,   0% used [0x00000000e0000000, 0x00000000e0000000, 0x00000000e5560000)
  from space 21824K,  67% used [0x00000000e5560000, 0x00000000e63cbb80, 0x00000000e6ab0000)
  to   space 21824K,   0% used [0x00000000e6ab0000, 0x00000000e6ab0000, 0x00000000e8000000)
 concurrent mark-sweep generation total 393216K, used 0K [0x00000000e8000000, 0x0000000100000000, 0x0000000100000000)
 Metaspace       used 24747K, capacity 25172K, committed 25468K, reserved 1071104K
  class space    used 2894K, capacity 3080K, committed 3196K, reserved 1048576K
}
2017-04-12T23:22:06.011+0200: 3,518: Total time for which application threads were stopped: 0,0163202 seconds, Stopping threads took: 0,0000272 seconds
{Heap before GC invocations=8 (full 1):
 par new generation   total 109248K, used 102190K [0x00000000e0000000, 0x00000000e8000000, 0x00000000e8000000)
  eden space 87424K, 100% used [0x00000000e0000000, 0x00000000e5560000, 0x00000000e5560000)
  from space 21824K,  67% used [0x00000000e5560000, 0x00000000e63cbb80, 0x00000000e6ab0000)
  to   space 21824K,   0% used [0x00000000e6ab0000, 0x00000000e6ab0000, 0x00000000e8000000)
 concurrent mark-sweep generation total 393216K, used 0K [0x00000000e8000000, 0x0000000100000000, 0x0000000100000000)
 Metaspace       used 25006K, capacity 25460K, committed 25724K, reserved 1071104K
  class space    used 2912K, capacity 3086K, committed 3196K, reserved 1048576K
2017-04-12T23:22:06.112+0200: 3,619: [GC (Allocation Failure) 2017-04-12T23:22:06.112+0200: 3,619: [ParNew
Desired survivor size 20112992 bytes, new threshold 8 (max 8)
- age   1:     756848 bytes,     756848 total
- age   2:    1049184 bytes,    1806032 total
- age   3:    1868176 bytes,    3674208 total
- age   4:      52808 bytes,    3727016 total
- age   6:      99232 bytes,    3826248 total
- age   7:     189672 bytes,    4015920 total
- age   8:     789528 bytes,    4805448 total
: 102190K->8650K(109248K), 0,0315236 secs] 102190K->14691K(502464K), 0,0315974 secs] [Times: user=0,10 sys=0,00, real=0,03 secs] 
Heap after GC invocations=9 (full 1):
 par new generation   total 109248K, used 8650K [0x00000000e0000000, 0x00000000e8000000, 0x00000000e8000000)
  eden space 87424K,   0% used [0x00000000e0000000, 0x00000000e0000000, 0x00000000e5560000)
  from space 21824K,  39% used [0x00000000e6ab0000, 0x00000000e7322820, 0x00000000e8000000)
  to   space 21824K,   0% used [0x00000000e5560000, 0x00000000e5560000, 0x00000000e6ab0000)
 concurrent mark-sweep generation total 393216K, used 6041K [0x00000000e8000000, 0x0000000100000000, 0x0000000100000000)
 Metaspace       used 25006K, capacity 25460K, committed 25724K, reserved 1071104K
  class space    used 2912K, capacity 3086K, committed 3196K, reserved 1048576K
}
2017-04-12T23:22:06.144+0200: 3,651: Total time for which application threads were stopped: 0,0318368 seconds, Stopping threads took: 0,0000707 seconds
2017-04-12T23:22:06.377+0200: 3,885: Total time for which application threads were stopped: 0,0003891 seconds, Stopping threads took: 0,0000158 seconds
2017-04-12T23:22:06.422+0200: 3,929: Total time for which application threads were stopped: 0,0004024 seconds, Stopping threads took: 0,0000253 seconds
2017-04-12T23:22:06.437+0200: 3,945: Total time for which application threads were stopped: 0,0004530 seconds, Stopping threads took: 0,0000219 seconds
2017-04-12T23:22:06.499+0200: 4,007: Total time for which application threads were stopped: 0,0003807 seconds, Stopping threads took: 0,0000143 seconds
2017-04-12T23:22:06.544+0200: 4,051: Total time for which application threads were stopped: 0,0003272 seconds, Stopping threads took: 0,0000574 seconds
2017-04-12T23:22:06.544+0200: 4,051: Total time for which application threads were stopped: 0,0000718 seconds, Stopping threads took: 0,0000196 seconds
2017-04-12T23:22:06.545+0200: 4,052: Total time for which application threads were stopped: 0,0000724 seconds, Stopping threads took: 0,0000102 seconds
2017-04-12T23:22:06.545+0200: 4,053: Total time for which application threads were stopped: 0,0000530 seconds, Stopping threads took: 0,0000125 seconds
2017-04-12T23:22:06.546+0200: 4,053: Total time for which application threads were stopped: 0,0000456 seconds, Stopping threads took: 0,0000101 seconds
2017-04-12T23:22:06.546+0200: 4,054: Total time for which application threads were stopped: 0,0000421 seconds, Stopping threads took: 0,0000101 seconds
2017-04-12T23:22:06.547+0200: 4,054: Total time for which application threads were stopped: 0,0000631 seconds, Stopping threads took: 0,0000113 seconds
2017-04-12T23:22:06.547+0200: 4,055: Total time for which application threads were stopped: 0,0000872 seconds, Stopping threads took: 0,0000274 seconds
2017-04-12T23:22:06.548+0200: 4,055: Total time for which application threads were stopped: 0,0000665 seconds, Stopping threads took: 0,0000209 seconds
2017-04-12T23:22:06.548+0200: 4,055: Total time for which application threads were stopped: 0,0000622 seconds, Stopping threads took: 0,0000189 seconds
2017-04-12T23:22:06.548+0200: 4,055: Total time for which application threads were stopped: 0,0000650 seconds, Stopping threads took: 0,0000186 seconds
2017-04-12T23:22:06.548+0200: 4,056: Total time for which application threads were stopped: 0,0000615 seconds, Stopping threads took: 0,0000180 seconds
2017-04-12T23:22:06.549+0200: 4,056: Total time for which application threads were stopped: 0,0000639 seconds, Stopping threads took: 0,0000197 seconds
2017-04-12T23:22:06.549+0200: 4,056: Total time for which application threads were stopped: 0,0000633 seconds, Stopping threads took: 0,0000212 seconds
2017-04-12T23:22:06.549+0200: 4,057: Total time for which application threads were stopped: 0,0000677 seconds, Stopping threads took: 0,0000219 seconds
2017-04-12T23:22:06.550+0200: 4,057: Total time for which application threads were stopped: 0,0000701 seconds, Stopping threads took: 0,0000140 seconds
2017-04-12T23:22:06.554+0200: 4,061: Total time for which application threads were stopped: 0,0001377 seconds, Stopping threads took: 0,0000527 seconds
2017-04-12T23:22:06.555+0200: 4,062: Total time for which application threads were stopped: 0,0000753 seconds, Stopping threads took: 0,0000137 seconds
2017-04-12T23:22:06.559+0200: 4,066: Total time for which application threads were stopped: 0,0000953 seconds, Stopping threads took: 0,0000265 seconds
2017-04-12T23:22:06.560+0200: 4,067: Total time for which application threads were stopped: 0,0001108 seconds, Stopping threads took: 0,0000363 seconds
2017-04-12T23:22:06.562+0200: 4,069: Total time for which application threads were stopped: 0,0001622 seconds, Stopping threads took: 0,0000349 seconds
2017-04-12T23:22:06.564+0200: 4,071: Total time for which application threads were stopped: 0,0002680 seconds, Stopping threads took: 0,0001807 seconds
2017-04-12T23:22:06.565+0200: 4,072: Total time for which application threads were stopped: 0,0001592 seconds, Stopping threads took: 0,0000856 seconds
2017-04-12T23:22:06.565+0200: 4,073: Total time for which application threads were stopped: 0,0000876 seconds, Stopping threads took: 0,0000278 seconds
2017-04-12T23:22:06.566+0200: 4,073: Total time for which application threads were stopped: 0,0000960 seconds, Stopping threads took: 0,0000243 seconds
2017-04-12T23:22:06.567+0200: 4,074: Total time for which application threads were stopped: 0,0002051 seconds, Stopping threads took: 0,0001381 seconds
2017-04-12T23:22:06.567+0200: 4,075: Total time for which application threads were stopped: 0,0001085 seconds, Stopping threads took: 0,0000508 seconds
2017-04-12T23:22:06.568+0200: 4,075: Total time for which application threads were stopped: 0,0001427 seconds, Stopping threads took: 0,0000898 seconds
2017-04-12T23:22:06.569+0200: 4,077: Total time for which application threads were stopped: 0,0001525 seconds, Stopping threads took: 0,0000696 seconds
2017-04-12T23:22:06.575+0200: 4,082: Total time for which application threads were stopped: 0,0027115 seconds, Stopping threads took: 0,0026216 seconds
2017-04-12T23:22:06.578+0200: 4,086: Total time for which application threads were stopped: 0,0033814 seconds, Stopping threads took: 0,0033228 seconds
2017-04-12T23:22:06.607+0200: 4,114: Total time for which application threads were stopped: 0,0001251 seconds, Stopping threads took: 0,0000286 seconds
2017-04-12T23:22:06.607+0200: 4,114: Total time for which application threads were stopped: 0,0001213 seconds, Stopping threads took: 0,0000770 seconds
2017-04-12T23:22:06.608+0200: 4,115: Total time for which application threads were stopped: 0,0004139 seconds, Stopping threads took: 0,0000934 seconds
2017-04-12T23:22:06.608+0200: 4,115: Total time for which application threads were stopped: 0,0000673 seconds, Stopping threads took: 0,0000118 seconds
2017-04-12T23:22:06.608+0200: 4,115: Total time for which application threads were stopped: 0,0001168 seconds, Stopping threads took: 0,0000556 seconds
2017-04-12T23:22:06.609+0200: 4,117: Total time for which application threads were stopped: 0,0001349 seconds, Stopping threads took: 0,0000604 seconds
2017-04-12T23:22:06.611+0200: 4,118: Total time for which application threads were stopped: 0,0001380 seconds, Stopping threads took: 0,0000686 seconds
2017-04-12T23:22:06.612+0200: 4,119: Total time for which application threads were stopped: 0,0001307 seconds, Stopping threads took: 0,0000640 seconds
2017-04-12T23:22:06.612+0200: 4,119: Total time for which application threads were stopped: 0,0000852 seconds, Stopping threads took: 0,0000294 seconds
2017-04-12T23:22:06.612+0200: 4,120: Total time for which application threads were stopped: 0,0000964 seconds, Stopping threads took: 0,0000519 seconds
2017-04-12T23:22:06.613+0200: 4,120: Total time for which application threads were stopped: 0,0000889 seconds, Stopping threads took: 0,0000305 seconds
2017-04-12T23:22:06.613+0200: 4,121: Total time for which application threads were stopped: 0,0000872 seconds, Stopping threads took: 0,0000283 seconds
2017-04-12T23:22:06.614+0200: 4,121: Total time for which application threads were stopped: 0,0000844 seconds, Stopping threads took: 0,0000265 seconds
2017-04-12T23:22:06.615+0200: 4,122: Total time for which application threads were stopped: 0,0001219 seconds, Stopping threads took: 0,0000313 seconds
2017-04-12T23:22:06.615+0200: 4,123: Total time for which application threads were stopped: 0,0001262 seconds, Stopping threads took: 0,0000243 seconds
2017-04-12T23:22:07.615+0200: 5,123: Total time for which application threads were stopped: 0,0000791 seconds, Stopping threads took: 0,0000171 seconds
2017-04-12T23:22:08.616+0200: 6,123: Total time for which application threads were stopped: 0,0000815 seconds, Stopping threads took: 0,0000199 seconds
2017-04-12T23:22:24.617+0200: 22,125: Total time for which application threads were stopped: 0,0000683 seconds, Stopping threads took: 0,0000168 seconds
2017-04-12T23:22:34.618+0200: 32,126: Total time for which application threads were stopped: 0,0000725 seconds, Stopping threads took: 0,0000189 seconds
2017-04-12T23:23:29.626+0200: 87,133: Total time for which application threads were stopped: 0,0000788 seconds, Stopping threads took: 0,0000306 seconds
2017-04-12T23:23:59.630+0200: 117,138: Total time for which application threads were stopped: 0,0001062 seconds, Stopping threads took: 0,0000351 seconds
2017-04-12T23:24:04.631+0200: 122,138: Total time for which application threads were stopped: 0,0000759 seconds, Stopping threads took: 0,0000204 seconds
2017-04-12T23:25:03.639+0200: 181,146: Total time for which application threads were stopped: 0,0002338 seconds, Stopping threads took: 0,0000880 seconds
{Heap before GC invocations=9 (full 1):
 par new generation   total 109248K, used 96074K [0x00000000e0000000, 0x00000000e8000000, 0x00000000e8000000)
  eden space 87424K, 100% used [0x00000000e0000000, 0x00000000e5560000, 0x00000000e5560000)
  from space 21824K,  39% used [0x00000000e6ab0000, 0x00000000e7322820, 0x00000000e8000000)
  to   space 21824K,   0% used [0x00000000e5560000, 0x00000000e5560000, 0x00000000e6ab0000)
 concurrent mark-sweep generation total 393216K, used 6041K [0x00000000e8000000, 0x0000000100000000, 0x0000000100000000)
 Metaspace       used 28026K, capacity 28566K, committed 28796K, reserved 1075200K
  class space    used 3215K, capacity 3393K, committed 3452K, reserved 1048576K
2017-04-12T23:26:33.562+0200: 271,069: [GC (Allocation Failure) 2017-04-12T23:26:33.562+0200: 271,069: [ParNew
Desired survivor size 20112992 bytes, new threshold 8 (max 8)
- age   1:   10916848 bytes,   10916848 total
- age   2:     211032 bytes,   11127880 total
- age   3:     258168 bytes,   11386048 total
- age   4:    1863608 bytes,   13249656 total
- age   5:      52808 bytes,   13302464 total
- age   7:      99104 bytes,   13401568 total
- age   8:     189552 bytes,   13591120 total
: 96074K->14039K(109248K), 0,0186587 secs] 102115K->20939K(502464K), 0,0187328 secs] [Times: user=0,07 sys=0,00, real=0,02 secs] 
Heap after GC invocations=10 (full 1):
 par new generation   total 109248K, used 14039K [0x00000000e0000000, 0x00000000e8000000, 0x00000000e8000000)
  eden space 87424K,   0% used [0x00000000e0000000, 0x00000000e0000000, 0x00000000e5560000)
  from space 21824K,  64% used [0x00000000e5560000, 0x00000000e6315ec0, 0x00000000e6ab0000)
  to   space 21824K,   0% used [0x00000000e6ab0000, 0x00000000e6ab0000, 0x00000000e8000000)
 concurrent mark-sweep generation total 393216K, used 6900K [0x00000000e8000000, 0x0000000100000000, 0x0000000100000000)
 Metaspace       used 28026K, capacity 28566K, committed 28796K, reserved 1075200K
  class space    used 3215K, capacity 3393K, committed 3452K, reserved 1048576K
}
2017-04-12T23:26:33.581+0200: 271,088: Total time for which application threads were stopped: 0,0188832 seconds, Stopping threads took: 0,0000328 seconds
2017-04-12T23:26:39.582+0200: 277,089: Total time for which application threads were stopped: 0,0000678 seconds, Stopping threads took: 0,0000160 seconds
2017-04-12T23:30:48.451+0200: 525,958: Total time for which application threads were stopped: 0,0001109 seconds, Stopping threads took: 0,0000372 seconds
2017-04-12T23:30:48.451+0200: 525,958: Total time for which application threads were stopped: 0,0001524 seconds, Stopping threads took: 0,0000331 seconds
2017-04-12T23:30:48.591+0200: 526,098: Total time for which application threads were stopped: 0,0057537 seconds, Stopping threads took: 0,0056641 seconds
2017-04-12T23:30:48.592+0200: 526,099: Total time for which application threads were stopped: 0,0001155 seconds, Stopping threads took: 0,0000269 seconds
2017-04-12T23:30:48.597+0200: 526,104: Total time for which application threads were stopped: 0,0000869 seconds, Stopping threads took: 0,0000261 seconds
2017-04-12T23:30:48.600+0200: 526,108: Total time for which application threads were stopped: 0,0001246 seconds, Stopping threads took: 0,0000259 seconds
Heap
 par new generation   total 109248K, used 32055K [0x00000000e0000000, 0x00000000e8000000, 0x00000000e8000000)
  eden space 87424K,  20% used [0x00000000e0000000, 0x00000000e1197eb8, 0x00000000e5560000)
  from space 21824K,  64% used [0x00000000e5560000, 0x00000000e6315ec0, 0x00000000e6ab0000)
  to   space 21824K,   0% used [0x00000000e6ab0000, 0x00000000e6ab0000, 0x00000000e8000000)
 concurrent mark-sweep generation total 393216K, used 6900K [0x00000000e8000000, 0x0000000100000000, 0x0000000100000000)
 Metaspace       used 28131K, capacity 28638K, committed 28796K, reserved 1075200K
  class space    used 3229K, capacity 3395K, committed 3452K, reserved 1048576K
