OpenJDK 64-Bit Server VM (25.131-b11) for linux-amd64 JRE (1.8.0_131-8u131-b11-2ubuntu1.16.04.3-b11), built on Jul 28 2017 01:23:32 by "buildd" with gcc 5.4.0 20160609
Memory: 4k page, physical 7867732k(7468532k free), swap 8076284k(8076284k free)
CommandLine flags: -XX:CMSInitiatingOccupancyFraction=50 -XX:CMSMaxAbortablePrecleanTime=6000 -XX:+CMSParallelRemarkEnabled -XX:+CMSScavengeBeforeRemark -XX:ConcGCThreads=4 -XX:InitialHeapSize=536870912 -XX:MaxHeapSize=536870912 -XX:MaxTenuringThreshold=8 -XX:NewRatio=3 -XX:OldPLABSize=16 -XX:OnOutOfMemoryError=/opt/solr/bin/oom_solr.sh 8983 /var/solr/logs -XX:ParallelGCThreads=4 -XX:+ParallelRefProcEnabled -XX:PretenureSizeThreshold=67108864 -XX:+PrintGC -XX:+PrintGCApplicationStoppedTime -XX:+PrintGCDateStamps -XX:+PrintGCDetails -XX:+PrintGCTimeStamps -XX:+PrintHeapAtGC -XX:+PrintTenuringDistribution -XX:SurvivorRatio=4 -XX:TargetSurvivorRatio=90 -XX:ThreadStackSize=256 -XX:+UseCMSInitiatingOccupancyOnly -XX:+UseCompressedClassPointers -XX:+UseCompressedOops -XX:+UseConcMarkSweepGC -XX:+UseParNewGC 
2017-08-21T19:53:03.030+0200: 0,199: Total time for which application threads were stopped: 0,0000660 seconds, Stopping threads took: 0,0000124 seconds
2017-08-21T19:53:03.148+0200: 0,316: Total time for which application threads were stopped: 0,0000865 seconds, Stopping threads took: 0,0000102 seconds
2017-08-21T19:53:03.167+0200: 0,336: Total time for which application threads were stopped: 0,0001004 seconds, Stopping threads took: 0,0000252 seconds
2017-08-21T19:53:03.565+0200: 0,733: Total time for which application threads were stopped: 0,0001688 seconds, Stopping threads took: 0,0000202 seconds
2017-08-21T19:53:04.008+0200: 1,177: Total time for which application threads were stopped: 0,0001246 seconds, Stopping threads took: 0,0000100 seconds
2017-08-21T19:53:04.069+0200: 1,237: Total time for which application threads were stopped: 0,0007301 seconds, Stopping threads took: 0,0000663 seconds
2017-08-21T19:53:04.089+0200: 1,257: Total time for which application threads were stopped: 0,0001454 seconds, Stopping threads took: 0,0000190 seconds
2017-08-21T19:53:04.359+0200: 1,527: Total time for which application threads were stopped: 0,0001720 seconds, Stopping threads took: 0,0000233 seconds
2017-08-21T19:53:04.608+0200: 1,776: Total time for which application threads were stopped: 0,0002264 seconds, Stopping threads took: 0,0000251 seconds
2017-08-21T19:53:04.630+0200: 1,799: Total time for which application threads were stopped: 0,0001969 seconds, Stopping threads took: 0,0000137 seconds
2017-08-21T19:53:04.674+0200: 1,842: Total time for which application threads were stopped: 0,0002459 seconds, Stopping threads took: 0,0000341 seconds
2017-08-21T19:53:04.675+0200: 1,844: Total time for which application threads were stopped: 0,0002109 seconds, Stopping threads took: 0,0000281 seconds
2017-08-21T19:53:04.697+0200: 1,865: Total time for which application threads were stopped: 0,0001837 seconds, Stopping threads took: 0,0000175 seconds
2017-08-21T19:53:04.767+0200: 1,935: Total time for which application threads were stopped: 0,0002103 seconds, Stopping threads took: 0,0000189 seconds
{Heap before GC invocations=0 (full 0):
 par new generation   total 109248K, used 87424K [0x00000000e0000000, 0x00000000e8000000, 0x00000000e8000000)
  eden space 87424K, 100% used [0x00000000e0000000, 0x00000000e5560000, 0x00000000e5560000)
  from space 21824K,   0% used [0x00000000e5560000, 0x00000000e5560000, 0x00000000e6ab0000)
  to   space 21824K,   0% used [0x00000000e6ab0000, 0x00000000e6ab0000, 0x00000000e8000000)
 concurrent mark-sweep generation total 393216K, used 0K [0x00000000e8000000, 0x0000000100000000, 0x0000000100000000)
 Metaspace       used 17319K, capacity 17632K, committed 17792K, reserved 1064960K
  class space    used 1972K, capacity 2132K, committed 2176K, reserved 1048576K
2017-08-21T19:53:04.940+0200: 2,109: [GC (Allocation Failure) 2017-08-21T19:53:04.940+0200: 2,109: [ParNew
Desired survivor size 20112992 bytes, new threshold 8 (max 8)
- age   1:   10703728 bytes,   10703728 total
: 87424K->10552K(109248K), 0,0134737 secs] 87424K->10552K(502464K), 0,0135517 secs] [Times: user=0,03 sys=0,01, real=0,02 secs] 
Heap after GC invocations=1 (full 0):
 par new generation   total 109248K, used 10552K [0x00000000e0000000, 0x00000000e8000000, 0x00000000e8000000)
  eden space 87424K,   0% used [0x00000000e0000000, 0x00000000e0000000, 0x00000000e5560000)
  from space 21824K,  48% used [0x00000000e6ab0000, 0x00000000e74fe2a8, 0x00000000e8000000)
  to   space 21824K,   0% used [0x00000000e5560000, 0x00000000e5560000, 0x00000000e6ab0000)
 concurrent mark-sweep generation total 393216K, used 0K [0x00000000e8000000, 0x0000000100000000, 0x0000000100000000)
 Metaspace       used 17319K, capacity 17632K, committed 17792K, reserved 1064960K
  class space    used 1972K, capacity 2132K, committed 2176K, reserved 1048576K
}
2017-08-21T19:53:04.954+0200: 2,122: Total time for which application threads were stopped: 0,0138665 seconds, Stopping threads took: 0,0001822 seconds
2017-08-21T19:53:04.963+0200: 2,132: Total time for which application threads were stopped: 0,0002568 seconds, Stopping threads took: 0,0000324 seconds
2017-08-21T19:53:05.410+0200: 2,578: Total time for which application threads were stopped: 0,0003540 seconds, Stopping threads took: 0,0000435 seconds
{Heap before GC invocations=1 (full 0):
 par new generation   total 109248K, used 97976K [0x00000000e0000000, 0x00000000e8000000, 0x00000000e8000000)
  eden space 87424K, 100% used [0x00000000e0000000, 0x00000000e5560000, 0x00000000e5560000)
  from space 21824K,  48% used [0x00000000e6ab0000, 0x00000000e74fe2a8, 0x00000000e8000000)
  to   space 21824K,   0% used [0x00000000e5560000, 0x00000000e5560000, 0x00000000e6ab0000)
 concurrent mark-sweep generation total 393216K, used 0K [0x00000000e8000000, 0x0000000100000000, 0x0000000100000000)
 Metaspace       used 20053K, capacity 20420K, committed 20736K, reserved 1067008K
  class space    used 2294K, capacity 2468K, committed 2560K, reserved 1048576K
2017-08-21T19:53:05.430+0200: 2,598: [GC (Allocation Failure) 2017-08-21T19:53:05.430+0200: 2,598: [ParNew
Desired survivor size 20112992 bytes, new threshold 8 (max 8)
- age   1:    5030832 bytes,    5030832 total
- age   2:    5537632 bytes,   10568464 total
: 97976K->15308K(109248K), 0,0141198 secs] 97976K->15308K(502464K), 0,0141897 secs] [Times: user=0,04 sys=0,00, real=0,02 secs] 
Heap after GC invocations=2 (full 0):
 par new generation   total 109248K, used 15308K [0x00000000e0000000, 0x00000000e8000000, 0x00000000e8000000)
  eden space 87424K,   0% used [0x00000000e0000000, 0x00000000e0000000, 0x00000000e5560000)
  from space 21824K,  70% used [0x00000000e5560000, 0x00000000e64533b8, 0x00000000e6ab0000)
  to   space 21824K,   0% used [0x00000000e6ab0000, 0x00000000e6ab0000, 0x00000000e8000000)
 concurrent mark-sweep generation total 393216K, used 0K [0x00000000e8000000, 0x0000000100000000, 0x0000000100000000)
 Metaspace       used 20053K, capacity 20420K, committed 20736K, reserved 1067008K
  class space    used 2294K, capacity 2468K, committed 2560K, reserved 1048576K
}
2017-08-21T19:53:05.444+0200: 2,612: Total time for which application threads were stopped: 0,0154877 seconds, Stopping threads took: 0,0011164 seconds
2017-08-21T19:53:05.458+0200: 2,626: Total time for which application threads were stopped: 0,0034273 seconds, Stopping threads took: 0,0031557 seconds
2017-08-21T19:53:05.505+0200: 2,673: Total time for which application threads were stopped: 0,0004015 seconds, Stopping threads took: 0,0000553 seconds
2017-08-21T19:53:05.635+0200: 2,803: Total time for which application threads were stopped: 0,0001851 seconds, Stopping threads took: 0,0000549 seconds
{Heap before GC invocations=2 (full 0):
 par new generation   total 109248K, used 102732K [0x00000000e0000000, 0x00000000e8000000, 0x00000000e8000000)
  eden space 87424K, 100% used [0x00000000e0000000, 0x00000000e5560000, 0x00000000e5560000)
  from space 21824K,  70% used [0x00000000e5560000, 0x00000000e64533b8, 0x00000000e6ab0000)
  to   space 21824K,   0% used [0x00000000e6ab0000, 0x00000000e6ab0000, 0x00000000e8000000)
 concurrent mark-sweep generation total 393216K, used 0K [0x00000000e8000000, 0x0000000100000000, 0x0000000100000000)
 Metaspace       used 21008K, capacity 21348K, committed 21628K, reserved 1069056K
  class space    used 2415K, capacity 2588K, committed 2684K, reserved 1048576K
2017-08-21T19:53:05.669+0200: 2,838: [GC (Allocation Failure) 2017-08-21T19:53:05.670+0200: 2,838: [ParNew
Desired survivor size 20112992 bytes, new threshold 8 (max 8)
- age   1:    2182688 bytes,    2182688 total
- age   2:    1962472 bytes,    4145160 total
- age   3:    5536880 bytes,    9682040 total
: 102732K->11142K(109248K), 0,0117512 secs] 102732K->11142K(502464K), 0,0118254 secs] [Times: user=0,03 sys=0,00, real=0,01 secs] 
Heap after GC invocations=3 (full 0):
 par new generation   total 109248K, used 11142K [0x00000000e0000000, 0x00000000e8000000, 0x00000000e8000000)
  eden space 87424K,   0% used [0x00000000e0000000, 0x00000000e0000000, 0x00000000e5560000)
  from space 21824K,  51% used [0x00000000e6ab0000, 0x00000000e7591940, 0x00000000e8000000)
  to   space 21824K,   0% used [0x00000000e5560000, 0x00000000e5560000, 0x00000000e6ab0000)
 concurrent mark-sweep generation total 393216K, used 0K [0x00000000e8000000, 0x0000000100000000, 0x0000000100000000)
 Metaspace       used 21008K, capacity 21348K, committed 21628K, reserved 1069056K
  class space    used 2415K, capacity 2588K, committed 2684K, reserved 1048576K
}
2017-08-21T19:53:05.681+0200: 2,850: Total time for which application threads were stopped: 0,0147082 seconds, Stopping threads took: 0,0027348 seconds
2017-08-21T19:53:05.682+0200: 2,850: [GC (CMS Initial Mark) [1 CMS-initial-mark: 0K(393216K)] 11833K(502464K), 0,0047556 secs] [Times: user=0,02 sys=0,00, real=0,00 secs] 
2017-08-21T19:53:05.687+0200: 2,855: Total time for which application threads were stopped: 0,0049050 seconds, Stopping threads took: 0,0000408 seconds
2017-08-21T19:53:05.687+0200: 2,855: [CMS-concurrent-mark-start]
2017-08-21T19:53:05.687+0200: 2,856: [CMS-concurrent-mark: 0,001/0,001 secs] [Times: user=0,00 sys=0,00, real=0,00 secs] 
2017-08-21T19:53:05.687+0200: 2,856: [CMS-concurrent-preclean-start]
2017-08-21T19:53:05.689+0200: 2,857: [CMS-concurrent-preclean: 0,001/0,001 secs] [Times: user=0,01 sys=0,00, real=0,00 secs] 
2017-08-21T19:53:05.689+0200: 2,857: [CMS-concurrent-abortable-preclean-start]
2017-08-21T19:53:05.754+0200: 2,922: Total time for which application threads were stopped: 0,0001732 seconds, Stopping threads took: 0,0000605 seconds
{Heap before GC invocations=3 (full 1):
 par new generation   total 109248K, used 98566K [0x00000000e0000000, 0x00000000e8000000, 0x00000000e8000000)
  eden space 87424K, 100% used [0x00000000e0000000, 0x00000000e5560000, 0x00000000e5560000)
  from space 21824K,  51% used [0x00000000e6ab0000, 0x00000000e7591940, 0x00000000e8000000)
  to   space 21824K,   0% used [0x00000000e5560000, 0x00000000e5560000, 0x00000000e6ab0000)
 concurrent mark-sweep generation total 393216K, used 0K [0x00000000e8000000, 0x0000000100000000, 0x0000000100000000)
 Metaspace       used 21266K, capacity 21610K, committed 21884K, reserved 1069056K
  class space    used 2444K, capacity 2601K, committed 2684K, reserved 1048576K
2017-08-21T19:53:05.787+0200: 2,955: [GC (Allocation Failure) 2017-08-21T19:53:05.787+0200: 2,955: [ParNew
Desired survivor size 20112992 bytes, new threshold 8 (max 8)
- age   1:    1277472 bytes,    1277472 total
- age   2:    1490248 bytes,    2767720 total
- age   3:    1929552 bytes,    4697272 total
- age   4:    5536800 bytes,   10234072 total
: 98566K->14847K(109248K), 0,0096120 secs] 98566K->14847K(502464K), 0,0096800 secs] [Times: user=0,04 sys=0,00, real=0,01 secs] 
Heap after GC invocations=4 (full 1):
 par new generation   total 109248K, used 14847K [0x00000000e0000000, 0x00000000e8000000, 0x00000000e8000000)
  eden space 87424K,   0% used [0x00000000e0000000, 0x00000000e0000000, 0x00000000e5560000)
  from space 21824K,  68% used [0x00000000e5560000, 0x00000000e63dfc70, 0x00000000e6ab0000)
  to   space 21824K,   0% used [0x00000000e6ab0000, 0x00000000e6ab0000, 0x00000000e8000000)
 concurrent mark-sweep generation total 393216K, used 0K [0x00000000e8000000, 0x0000000100000000, 0x0000000100000000)
 Metaspace       used 21266K, capacity 21610K, committed 21884K, reserved 1069056K
  class space    used 2444K, capacity 2601K, committed 2684K, reserved 1048576K
}
2017-08-21T19:53:05.796+0200: 2,965: Total time for which application threads were stopped: 0,0099616 seconds, Stopping threads took: 0,0001183 seconds
2017-08-21T19:53:05.796+0200: 2,965: [CMS-concurrent-abortable-preclean: 0,066/0,108 secs] [Times: user=0,41 sys=0,01, real=0,11 secs] 
2017-08-21T19:53:05.798+0200: 2,966: [GC (CMS Final Remark) [YG occupancy: 16822 K (109248 K)]{Heap before GC invocations=4 (full 1):
 par new generation   total 109248K, used 16822K [0x00000000e0000000, 0x00000000e8000000, 0x00000000e8000000)
  eden space 87424K,   2% used [0x00000000e0000000, 0x00000000e01edf88, 0x00000000e5560000)
  from space 21824K,  68% used [0x00000000e5560000, 0x00000000e63dfc70, 0x00000000e6ab0000)
  to   space 21824K,   0% used [0x00000000e6ab0000, 0x00000000e6ab0000, 0x00000000e8000000)
 concurrent mark-sweep generation total 393216K, used 0K [0x00000000e8000000, 0x0000000100000000, 0x0000000100000000)
 Metaspace       used 21267K, capacity 21610K, committed 21884K, reserved 1069056K
  class space    used 2444K, capacity 2601K, committed 2684K, reserved 1048576K
2017-08-21T19:53:05.798+0200: 2,966: [GC (CMS Final Remark) 2017-08-21T19:53:05.798+0200: 2,966: [ParNew
Desired survivor size 20112992 bytes, new threshold 8 (max 8)
- age   1:     155504 bytes,     155504 total
- age   2:    1128416 bytes,    1283920 total
- age   3:    1490248 bytes,    2774168 total
- age   4:    1929552 bytes,    4703720 total
- age   5:    5536752 bytes,   10240472 total
: 16822K->13204K(109248K), 0,0096569 secs] 16822K->13204K(502464K), 0,0097049 secs] [Times: user=0,03 sys=0,00, real=0,01 secs] 
Heap after GC invocations=5 (full 1):
 par new generation   total 109248K, used 13204K [0x00000000e0000000, 0x00000000e8000000, 0x00000000e8000000)
  eden space 87424K,   0% used [0x00000000e0000000, 0x00000000e0000000, 0x00000000e5560000)
  from space 21824K,  60% used [0x00000000e6ab0000, 0x00000000e7795350, 0x00000000e8000000)
  to   space 21824K,   0% used [0x00000000e5560000, 0x00000000e5560000, 0x00000000e6ab0000)
 concurrent mark-sweep generation total 393216K, used 0K [0x00000000e8000000, 0x0000000100000000, 0x0000000100000000)
 Metaspace       used 21267K, capacity 21610K, committed 21884K, reserved 1069056K
  class space    used 2444K, capacity 2601K, committed 2684K, reserved 1048576K
}
2017-08-21T19:53:05.808+0200: 2,976: [Rescan (parallel) , 0,0036952 secs]2017-08-21T19:53:05.811+0200: 2,980: [weak refs processing, 0,0010120 secs]2017-08-21T19:53:05.812+0200: 2,981: [class unloading, 0,0028631 secs]2017-08-21T19:53:05.815+0200: 2,984: [scrub symbol table, 0,0026061 secs]2017-08-21T19:53:05.818+0200: 2,986: [scrub string table, 0,0004153 secs][1 CMS-remark: 0K(393216K)] 13204K(502464K), 0,0209761 secs] [Times: user=0,05 sys=0,00, real=0,02 secs] 
2017-08-21T19:53:05.819+0200: 2,987: Total time for which application threads were stopped: 0,0212651 seconds, Stopping threads took: 0,0001964 seconds
2017-08-21T19:53:05.821+0200: 2,989: [CMS-concurrent-sweep-start]
2017-08-21T19:53:05.821+0200: 2,989: [CMS-concurrent-sweep: 0,000/0,000 secs] [Times: user=0,00 sys=0,00, real=0,00 secs] 
2017-08-21T19:53:05.821+0200: 2,989: [CMS-concurrent-reset-start]
2017-08-21T19:53:05.822+0200: 2,991: [CMS-concurrent-reset: 0,002/0,002 secs] [Times: user=0,01 sys=0,00, real=0,01 secs] 
{Heap before GC invocations=5 (full 1):
 par new generation   total 109248K, used 100628K [0x00000000e0000000, 0x00000000e8000000, 0x00000000e8000000)
  eden space 87424K, 100% used [0x00000000e0000000, 0x00000000e5560000, 0x00000000e5560000)
  from space 21824K,  60% used [0x00000000e6ab0000, 0x00000000e7795350, 0x00000000e8000000)
  to   space 21824K,   0% used [0x00000000e5560000, 0x00000000e5560000, 0x00000000e6ab0000)
 concurrent mark-sweep generation total 393216K, used 0K [0x00000000e8000000, 0x0000000100000000, 0x0000000100000000)
 Metaspace       used 21400K, capacity 21780K, committed 21884K, reserved 1069056K
  class space    used 2464K, capacity 2635K, committed 2684K, reserved 1048576K
2017-08-21T19:53:05.914+0200: 3,082: [GC (Allocation Failure) 2017-08-21T19:53:05.914+0200: 3,082: [ParNew
Desired survivor size 20112992 bytes, new threshold 8 (max 8)
- age   1:    1516952 bytes,    1516952 total
- age   2:       6080 bytes,    1523032 total
- age   3:     164864 bytes,    1687896 total
- age   4:    1490120 bytes,    3178016 total
- age   5:    1925648 bytes,    5103664 total
- age   6:    5537160 bytes,   10640824 total
: 100628K->13043K(109248K), 0,0146007 secs] 100628K->13043K(502464K), 0,0146708 secs] [Times: user=0,05 sys=0,00, real=0,01 secs] 
Heap after GC invocations=6 (full 1):
 par new generation   total 109248K, used 13043K [0x00000000e0000000, 0x00000000e8000000, 0x00000000e8000000)
  eden space 87424K,   0% used [0x00000000e0000000, 0x00000000e0000000, 0x00000000e5560000)
  from space 21824K,  59% used [0x00000000e5560000, 0x00000000e621cdc0, 0x00000000e6ab0000)
  to   space 21824K,   0% used [0x00000000e6ab0000, 0x00000000e6ab0000, 0x00000000e8000000)
 concurrent mark-sweep generation total 393216K, used 0K [0x00000000e8000000, 0x0000000100000000, 0x0000000100000000)
 Metaspace       used 21400K, capacity 21780K, committed 21884K, reserved 1069056K
  class space    used 2464K, capacity 2635K, committed 2684K, reserved 1048576K
}
2017-08-21T19:53:05.928+0200: 3,097: Total time for which application threads were stopped: 0,0148982 seconds, Stopping threads took: 0,0000994 seconds
2017-08-21T19:53:05.979+0200: 3,148: Total time for which application threads were stopped: 0,0003513 seconds, Stopping threads took: 0,0000278 seconds
2017-08-21T19:53:06.197+0200: 3,365: Total time for which application threads were stopped: 0,0004899 seconds, Stopping threads took: 0,0000552 seconds
2017-08-21T19:53:06.211+0200: 3,379: Total time for which application threads were stopped: 0,0003722 seconds, Stopping threads took: 0,0000190 seconds
{Heap before GC invocations=6 (full 1):
 par new generation   total 109248K, used 100467K [0x00000000e0000000, 0x00000000e8000000, 0x00000000e8000000)
  eden space 87424K, 100% used [0x00000000e0000000, 0x00000000e5560000, 0x00000000e5560000)
  from space 21824K,  59% used [0x00000000e5560000, 0x00000000e621cdc0, 0x00000000e6ab0000)
  to   space 21824K,   0% used [0x00000000e6ab0000, 0x00000000e6ab0000, 0x00000000e8000000)
 concurrent mark-sweep generation total 393216K, used 0K [0x00000000e8000000, 0x0000000100000000, 0x0000000100000000)
 Metaspace       used 23976K, capacity 24454K, committed 24572K, reserved 1071104K
  class space    used 2825K, capacity 3012K, committed 3068K, reserved 1048576K
2017-08-21T19:53:06.350+0200: 3,518: [GC (Allocation Failure) 2017-08-21T19:53:06.350+0200: 3,518: [ParNew
Desired survivor size 20112992 bytes, new threshold 8 (max 8)
- age   1:    5309808 bytes,    5309808 total
- age   2:     115248 bytes,    5425056 total
- age   3:       3448 bytes,    5428504 total
- age   4:     163320 bytes,    5591824 total
- age   5:     320480 bytes,    5912304 total
- age   6:    1901120 bytes,    7813424 total
- age   7:    5528584 bytes,   13342008 total
: 100467K->18195K(109248K), 0,0116564 secs] 100467K->18195K(502464K), 0,0117212 secs] [Times: user=0,04 sys=0,00, real=0,01 secs] 
Heap after GC invocations=7 (full 1):
 par new generation   total 109248K, used 18195K [0x00000000e0000000, 0x00000000e8000000, 0x00000000e8000000)
  eden space 87424K,   0% used [0x00000000e0000000, 0x00000000e0000000, 0x00000000e5560000)
  from space 21824K,  83% used [0x00000000e6ab0000, 0x00000000e7c74d00, 0x00000000e8000000)
  to   space 21824K,   0% used [0x00000000e5560000, 0x00000000e5560000, 0x00000000e6ab0000)
 concurrent mark-sweep generation total 393216K, used 0K [0x00000000e8000000, 0x0000000100000000, 0x0000000100000000)
 Metaspace       used 23976K, capacity 24454K, committed 24572K, reserved 1071104K
  class space    used 2825K, capacity 3012K, committed 3068K, reserved 1048576K
}
2017-08-21T19:53:06.361+0200: 3,530: Total time for which application threads were stopped: 0,0135892 seconds, Stopping threads took: 0,0016529 seconds
{Heap before GC invocations=7 (full 1):
 par new generation   total 109248K, used 105619K [0x00000000e0000000, 0x00000000e8000000, 0x00000000e8000000)
  eden space 87424K, 100% used [0x00000000e0000000, 0x00000000e5560000, 0x00000000e5560000)
  from space 21824K,  83% used [0x00000000e6ab0000, 0x00000000e7c74d00, 0x00000000e8000000)
  to   space 21824K,   0% used [0x00000000e5560000, 0x00000000e5560000, 0x00000000e6ab0000)
 concurrent mark-sweep generation total 393216K, used 0K [0x00000000e8000000, 0x0000000100000000, 0x0000000100000000)
 Metaspace       used 24503K, capacity 24940K, committed 25084K, reserved 1071104K
  class space    used 2865K, capacity 3045K, committed 3068K, reserved 1048576K
2017-08-21T19:53:06.458+0200: 3,627: [GC (Allocation Failure) 2017-08-21T19:53:06.458+0200: 3,627: [ParNew
Desired survivor size 20112992 bytes, new threshold 8 (max 8)
- age   1:    1852456 bytes,    1852456 total
- age   2:    1809576 bytes,    3662032 total
- age   3:      56912 bytes,    3718944 total
- age   4:       2136 bytes,    3721080 total
- age   5:      95592 bytes,    3816672 total
- age   6:     183344 bytes,    4000016 total
- age   7:    1363544 bytes,    5363560 total
- age   8:    5528032 bytes,   10891592 total
: 105619K->14320K(109248K), 0,0211234 secs] 105619K->14320K(502464K), 0,0212023 secs] [Times: user=0,06 sys=0,00, real=0,02 secs] 
Heap after GC invocations=8 (full 1):
 par new generation   total 109248K, used 14320K [0x00000000e0000000, 0x00000000e8000000, 0x00000000e8000000)
  eden space 87424K,   0% used [0x00000000e0000000, 0x00000000e0000000, 0x00000000e5560000)
  from space 21824K,  65% used [0x00000000e5560000, 0x00000000e635c300, 0x00000000e6ab0000)
  to   space 21824K,   0% used [0x00000000e6ab0000, 0x00000000e6ab0000, 0x00000000e8000000)
 concurrent mark-sweep generation total 393216K, used 0K [0x00000000e8000000, 0x0000000100000000, 0x0000000100000000)
 Metaspace       used 24503K, capacity 24940K, committed 25084K, reserved 1071104K
  class space    used 2865K, capacity 3045K, committed 3068K, reserved 1048576K
}
2017-08-21T19:53:06.480+0200: 3,648: Total time for which application threads were stopped: 0,0214989 seconds, Stopping threads took: 0,0001075 seconds
{Heap before GC invocations=8 (full 1):
 par new generation   total 109248K, used 101744K [0x00000000e0000000, 0x00000000e8000000, 0x00000000e8000000)
  eden space 87424K, 100% used [0x00000000e0000000, 0x00000000e5560000, 0x00000000e5560000)
  from space 21824K,  65% used [0x00000000e5560000, 0x00000000e635c300, 0x00000000e6ab0000)
  to   space 21824K,   0% used [0x00000000e6ab0000, 0x00000000e6ab0000, 0x00000000e8000000)
 concurrent mark-sweep generation total 393216K, used 0K [0x00000000e8000000, 0x0000000100000000, 0x0000000100000000)
 Metaspace       used 24878K, capacity 25382K, committed 25724K, reserved 1071104K
  class space    used 2899K, capacity 3082K, committed 3196K, reserved 1048576K
2017-08-21T19:53:06.578+0200: 3,746: [GC (Allocation Failure) 2017-08-21T19:53:06.578+0200: 3,746: [ParNew
Desired survivor size 20112992 bytes, new threshold 8 (max 8)
- age   1:     796992 bytes,     796992 total
- age   2:    1031528 bytes,    1828520 total
- age   3:    1786920 bytes,    3615440 total
- age   4:      56912 bytes,    3672352 total
- age   5:       2136 bytes,    3674488 total
- age   6:      95488 bytes,    3769976 total
- age   7:     183008 bytes,    3952984 total
- age   8:    1363544 bytes,    5316528 total
: 101744K->8668K(109248K), 0,0349765 secs] 101744K->14146K(502464K), 0,0350541 secs] [Times: user=0,11 sys=0,00, real=0,03 secs] 
Heap after GC invocations=9 (full 1):
 par new generation   total 109248K, used 8668K [0x00000000e0000000, 0x00000000e8000000, 0x00000000e8000000)
  eden space 87424K,   0% used [0x00000000e0000000, 0x00000000e0000000, 0x00000000e5560000)
  from space 21824K,  39% used [0x00000000e6ab0000, 0x00000000e7327020, 0x00000000e8000000)
  to   space 21824K,   0% used [0x00000000e5560000, 0x00000000e5560000, 0x00000000e6ab0000)
 concurrent mark-sweep generation total 393216K, used 5478K [0x00000000e8000000, 0x0000000100000000, 0x0000000100000000)
 Metaspace       used 24878K, capacity 25382K, committed 25724K, reserved 1071104K
  class space    used 2899K, capacity 3082K, committed 3196K, reserved 1048576K
}
2017-08-21T19:53:06.613+0200: 3,781: Total time for which application threads were stopped: 0,0352517 seconds, Stopping threads took: 0,0000236 seconds
2017-08-21T19:53:06.865+0200: 4,033: Total time for which application threads were stopped: 0,0005440 seconds, Stopping threads took: 0,0000285 seconds
2017-08-21T19:53:06.888+0200: 4,057: Total time for which application threads were stopped: 0,0021653 seconds, Stopping threads took: 0,0018983 seconds
2017-08-21T19:53:06.915+0200: 4,084: Total time for which application threads were stopped: 0,0005582 seconds, Stopping threads took: 0,0000558 seconds
2017-08-21T19:53:06.917+0200: 4,086: Total time for which application threads were stopped: 0,0001374 seconds, Stopping threads took: 0,0000423 seconds
2017-08-21T19:53:06.919+0200: 4,088: Total time for which application threads were stopped: 0,0001352 seconds, Stopping threads took: 0,0000341 seconds
2017-08-21T19:53:06.926+0200: 4,095: Total time for which application threads were stopped: 0,0001213 seconds, Stopping threads took: 0,0000226 seconds
2017-08-21T19:53:06.934+0200: 4,102: Total time for which application threads were stopped: 0,0025248 seconds, Stopping threads took: 0,0023951 seconds
2017-08-21T19:53:06.934+0200: 4,103: Total time for which application threads were stopped: 0,0004728 seconds, Stopping threads took: 0,0000197 seconds
2017-08-21T19:53:06.936+0200: 4,104: Total time for which application threads were stopped: 0,0001636 seconds, Stopping threads took: 0,0000521 seconds
2017-08-21T19:53:06.939+0200: 4,108: Total time for which application threads were stopped: 0,0001418 seconds, Stopping threads took: 0,0000381 seconds
2017-08-21T19:53:06.940+0200: 4,109: Total time for which application threads were stopped: 0,0001170 seconds, Stopping threads took: 0,0000344 seconds
2017-08-21T19:53:06.946+0200: 4,114: Total time for which application threads were stopped: 0,0020841 seconds, Stopping threads took: 0,0019878 seconds
2017-08-21T19:53:06.948+0200: 4,116: Total time for which application threads were stopped: 0,0002677 seconds, Stopping threads took: 0,0001648 seconds
2017-08-21T19:53:06.951+0200: 4,120: Total time for which application threads were stopped: 0,0001323 seconds, Stopping threads took: 0,0000297 seconds
2017-08-21T19:53:06.952+0200: 4,120: Total time for which application threads were stopped: 0,0001204 seconds, Stopping threads took: 0,0000304 seconds
2017-08-21T19:53:06.953+0200: 4,121: Total time for which application threads were stopped: 0,0001215 seconds, Stopping threads took: 0,0000337 seconds
2017-08-21T19:53:06.995+0200: 4,163: Total time for which application threads were stopped: 0,0005664 seconds, Stopping threads took: 0,0000373 seconds
2017-08-21T19:53:07.048+0200: 4,216: Total time for which application threads were stopped: 0,0001634 seconds, Stopping threads took: 0,0000257 seconds
2017-08-21T19:53:07.050+0200: 4,219: Total time for which application threads were stopped: 0,0001334 seconds, Stopping threads took: 0,0000365 seconds
2017-08-21T19:53:07.054+0200: 4,222: Total time for which application threads were stopped: 0,0020337 seconds, Stopping threads took: 0,0019264 seconds
2017-08-21T19:53:07.054+0200: 4,222: Total time for which application threads were stopped: 0,0001070 seconds, Stopping threads took: 0,0000354 seconds
2017-08-21T19:53:07.054+0200: 4,223: Total time for which application threads were stopped: 0,0003274 seconds, Stopping threads took: 0,0002537 seconds
2017-08-21T19:53:07.055+0200: 4,223: Total time for which application threads were stopped: 0,0002874 seconds, Stopping threads took: 0,0001962 seconds
2017-08-21T19:53:07.055+0200: 4,224: Total time for which application threads were stopped: 0,0000944 seconds, Stopping threads took: 0,0000267 seconds
2017-08-21T19:53:07.055+0200: 4,224: Total time for which application threads were stopped: 0,0000720 seconds, Stopping threads took: 0,0000201 seconds
2017-08-21T19:53:07.055+0200: 4,224: Total time for which application threads were stopped: 0,0000655 seconds, Stopping threads took: 0,0000171 seconds
2017-08-21T19:53:07.056+0200: 4,224: Total time for which application threads were stopped: 0,0000741 seconds, Stopping threads took: 0,0000203 seconds
2017-08-21T19:53:07.056+0200: 4,224: Total time for which application threads were stopped: 0,0000667 seconds, Stopping threads took: 0,0000166 seconds
2017-08-21T19:53:07.056+0200: 4,225: Total time for which application threads were stopped: 0,0007040 seconds, Stopping threads took: 0,0005213 seconds
2017-08-21T19:53:07.057+0200: 4,225: Total time for which application threads were stopped: 0,0000906 seconds, Stopping threads took: 0,0000234 seconds
2017-08-21T19:53:07.058+0200: 4,226: Total time for which application threads were stopped: 0,0002771 seconds, Stopping threads took: 0,0001848 seconds
2017-08-21T19:53:07.058+0200: 4,226: Total time for which application threads were stopped: 0,0000749 seconds, Stopping threads took: 0,0000206 seconds
2017-08-21T19:53:07.059+0200: 4,227: Total time for which application threads were stopped: 0,0001068 seconds, Stopping threads took: 0,0000285 seconds
2017-08-21T19:53:07.059+0200: 4,228: Total time for which application threads were stopped: 0,0000949 seconds, Stopping threads took: 0,0000238 seconds
2017-08-21T19:53:07.060+0200: 4,228: Total time for which application threads were stopped: 0,0000930 seconds, Stopping threads took: 0,0000241 seconds
2017-08-21T19:53:07.061+0200: 4,229: Total time for which application threads were stopped: 0,0001037 seconds, Stopping threads took: 0,0000257 seconds
2017-08-21T19:53:07.061+0200: 4,229: Total time for which application threads were stopped: 0,0000842 seconds, Stopping threads took: 0,0000211 seconds
2017-08-21T19:53:07.061+0200: 4,230: Total time for which application threads were stopped: 0,0000837 seconds, Stopping threads took: 0,0000208 seconds
2017-08-21T19:53:07.062+0200: 4,230: Total time for which application threads were stopped: 0,0000993 seconds, Stopping threads took: 0,0000245 seconds
2017-08-21T19:53:07.062+0200: 4,230: Total time for which application threads were stopped: 0,0000890 seconds, Stopping threads took: 0,0000341 seconds
2017-08-21T19:53:07.062+0200: 4,230: Total time for which application threads were stopped: 0,0000857 seconds, Stopping threads took: 0,0000220 seconds
2017-08-21T19:53:07.062+0200: 4,231: Total time for which application threads were stopped: 0,0001037 seconds, Stopping threads took: 0,0000260 seconds
2017-08-21T19:53:07.063+0200: 4,231: Total time for which application threads were stopped: 0,0000944 seconds, Stopping threads took: 0,0000244 seconds
2017-08-21T19:53:07.065+0200: 4,234: Total time for which application threads were stopped: 0,0020572 seconds, Stopping threads took: 0,0020015 seconds
2017-08-21T19:53:07.067+0200: 4,235: Total time for which application threads were stopped: 0,0001262 seconds, Stopping threads took: 0,0000365 seconds
2017-08-21T19:53:07.072+0200: 4,240: Total time for which application threads were stopped: 0,0001758 seconds, Stopping threads took: 0,0000727 seconds
2017-08-21T19:53:07.078+0200: 4,247: Total time for which application threads were stopped: 0,0008078 seconds, Stopping threads took: 0,0007276 seconds
2017-08-21T19:53:07.082+0200: 4,250: Total time for which application threads were stopped: 0,0001194 seconds, Stopping threads took: 0,0000392 seconds
2017-08-21T19:53:07.083+0200: 4,251: Total time for which application threads were stopped: 0,0001685 seconds, Stopping threads took: 0,0000812 seconds
2017-08-21T19:53:07.083+0200: 4,251: Total time for which application threads were stopped: 0,0001666 seconds, Stopping threads took: 0,0001247 seconds
2017-08-21T19:53:07.084+0200: 4,252: Total time for which application threads were stopped: 0,0001903 seconds, Stopping threads took: 0,0000356 seconds
2017-08-21T19:53:07.087+0200: 4,256: Total time for which application threads were stopped: 0,0001030 seconds, Stopping threads took: 0,0000343 seconds
2017-08-21T19:53:07.093+0200: 4,261: Total time for which application threads were stopped: 0,0001175 seconds, Stopping threads took: 0,0000420 seconds
2017-08-21T19:53:07.114+0200: 4,283: Total time for which application threads were stopped: 0,0001221 seconds, Stopping threads took: 0,0000368 seconds
2017-08-21T19:53:07.115+0200: 4,283: Total time for which application threads were stopped: 0,0003721 seconds, Stopping threads took: 0,0000268 seconds
2017-08-21T19:53:07.116+0200: 4,284: Total time for which application threads were stopped: 0,0000799 seconds, Stopping threads took: 0,0000259 seconds
2017-08-21T19:53:07.119+0200: 4,288: Total time for which application threads were stopped: 0,0001001 seconds, Stopping threads took: 0,0000247 seconds
{Heap before GC invocations=9 (full 1):
 par new generation   total 109248K, used 96092K [0x00000000e0000000, 0x00000000e8000000, 0x00000000e8000000)
  eden space 87424K, 100% used [0x00000000e0000000, 0x00000000e5560000, 0x00000000e5560000)
  from space 21824K,  39% used [0x00000000e6ab0000, 0x00000000e7327020, 0x00000000e8000000)
  to   space 21824K,   0% used [0x00000000e5560000, 0x00000000e5560000, 0x00000000e6ab0000)
 concurrent mark-sweep generation total 393216K, used 5478K [0x00000000e8000000, 0x0000000100000000, 0x0000000100000000)
 Metaspace       used 27919K, capacity 28448K, committed 28796K, reserved 1075200K
  class space    used 3188K, capacity 3355K, committed 3452K, reserved 1048576K
2017-08-21T19:53:07.126+0200: 4,294: [GC (Allocation Failure) 2017-08-21T19:53:07.126+0200: 4,294: [ParNew
Desired survivor size 20112992 bytes, new threshold 8 (max 8)
- age   1:   10811632 bytes,   10811632 total
- age   2:     188224 bytes,   10999856 total
- age   3:     252432 bytes,   11252288 total
- age   4:    1782056 bytes,   13034344 total
- age   5:      56912 bytes,   13091256 total
- age   6:       2136 bytes,   13093392 total
- age   7:      95360 bytes,   13188752 total
- age   8:     182912 bytes,   13371664 total
: 96092K->14088K(109248K), 0,0130893 secs] 101570K->21037K(502464K), 0,0131650 secs] [Times: user=0,04 sys=0,00, real=0,01 secs] 
Heap after GC invocations=10 (full 1):
 par new generation   total 109248K, used 14088K [0x00000000e0000000, 0x00000000e8000000, 0x00000000e8000000)
  eden space 87424K,   0% used [0x00000000e0000000, 0x00000000e0000000, 0x00000000e5560000)
  from space 21824K,  64% used [0x00000000e5560000, 0x00000000e6322148, 0x00000000e6ab0000)
  to   space 21824K,   0% used [0x00000000e6ab0000, 0x00000000e6ab0000, 0x00000000e8000000)
 concurrent mark-sweep generation total 393216K, used 6949K [0x00000000e8000000, 0x0000000100000000, 0x0000000100000000)
 Metaspace       used 27919K, capacity 28448K, committed 28796K, reserved 1075200K
  class space    used 3188K, capacity 3355K, committed 3452K, reserved 1048576K
}
2017-08-21T19:53:07.139+0200: 4,307: Total time for which application threads were stopped: 0,0133046 seconds, Stopping threads took: 0,0000169 seconds
2017-08-21T19:53:07.139+0200: 4,308: Total time for which application threads were stopped: 0,0000806 seconds, Stopping threads took: 0,0000336 seconds
2017-08-21T19:53:07.140+0200: 4,308: Total time for which application threads were stopped: 0,0000842 seconds, Stopping threads took: 0,0000465 seconds
2017-08-21T19:53:08.140+0200: 5,308: Total time for which application threads were stopped: 0,0000855 seconds, Stopping threads took: 0,0000189 seconds
2017-08-21T19:53:09.140+0200: 6,309: Total time for which application threads were stopped: 0,0000677 seconds, Stopping threads took: 0,0000160 seconds
2017-08-21T19:53:25.142+0200: 22,310: Total time for which application threads were stopped: 0,0000875 seconds, Stopping threads took: 0,0000348 seconds
2017-08-21T19:53:35.144+0200: 32,313: Total time for which application threads were stopped: 0,0000968 seconds, Stopping threads took: 0,0000195 seconds
2017-08-21T19:55:00.156+0200: 117,324: Total time for which application threads were stopped: 0,0000890 seconds, Stopping threads took: 0,0000432 seconds
2017-08-21T19:55:05.157+0200: 122,325: Total time for which application threads were stopped: 0,0001064 seconds, Stopping threads took: 0,0000267 seconds
2017-08-21T20:18:38.275+0200: 1412,210: Total time for which application threads were stopped: 0,0000893 seconds, Stopping threads took: 0,0000369 seconds
2017-08-21T20:23:37.308+0200: 1711,243: Total time for which application threads were stopped: 0,0000791 seconds, Stopping threads took: 0,0000307 seconds
2017-08-21T20:33:28.371+0200: 2302,305: Total time for which application threads were stopped: 0,0004545 seconds, Stopping threads took: 0,0001604 seconds
2017-08-21T20:33:32.371+0200: 2306,306: Total time for which application threads were stopped: 0,0000840 seconds, Stopping threads took: 0,0000147 seconds
2017-08-21T20:44:08.441+0200: 2942,375: Total time for which application threads were stopped: 0,0000903 seconds, Stopping threads took: 0,0000380 seconds
2017-08-21T20:48:23.468+0200: 3197,403: Total time for which application threads were stopped: 0,0000966 seconds, Stopping threads took: 0,0000341 seconds
2017-08-21T20:59:37.541+0200: 3871,475: Total time for which application threads were stopped: 0,0001138 seconds, Stopping threads took: 0,0000426 seconds
2017-08-21T20:59:47.542+0200: 3881,476: Total time for which application threads were stopped: 0,0001137 seconds, Stopping threads took: 0,0000405 seconds
2017-08-21T21:13:28.632+0200: 4702,566: Total time for which application threads were stopped: 0,0004862 seconds, Stopping threads took: 0,0001833 seconds
2017-08-21T21:34:48.773+0200: 5982,708: Total time for which application threads were stopped: 0,0000863 seconds, Stopping threads took: 0,0000363 seconds
2017-08-21T21:39:53.806+0200: 6287,740: Total time for which application threads were stopped: 0,0000888 seconds, Stopping threads took: 0,0000354 seconds
2017-08-21T21:54:37.905+0200: 7171,840: Total time for which application threads were stopped: 0,0000970 seconds, Stopping threads took: 0,0000361 seconds
2017-08-21T21:57:07.921+0200: 7321,855: Total time for which application threads were stopped: 0,0007124 seconds, Stopping threads took: 0,0001927 seconds
2017-08-21T22:03:07.961+0200: 7681,895: Total time for which application threads were stopped: 0,0000871 seconds, Stopping threads took: 0,0000316 seconds
2017-08-21T23:07:38.393+0200: 11552,328: Total time for which application threads were stopped: 0,0000838 seconds, Stopping threads took: 0,0000327 seconds
2017-08-22T00:03:02.074+0200: 14876,008: Total time for which application threads were stopped: 0,0190617 seconds, Stopping threads took: 0,0189750 seconds
2017-08-22T00:03:02.075+0200: 14876,010: Total time for which application threads were stopped: 0,0000850 seconds, Stopping threads took: 0,0000169 seconds
2017-08-22T00:03:02.220+0200: 14876,154: Total time for which application threads were stopped: 0,0000798 seconds, Stopping threads took: 0,0000180 seconds
2017-08-22T00:03:02.222+0200: 14876,157: Total time for which application threads were stopped: 0,0000873 seconds, Stopping threads took: 0,0000132 seconds
2017-08-22T00:03:02.223+0200: 14876,158: Total time for which application threads were stopped: 0,0001034 seconds, Stopping threads took: 0,0000137 seconds
2017-08-22T00:03:02.224+0200: 14876,159: Total time for which application threads were stopped: 0,0000986 seconds, Stopping threads took: 0,0000240 seconds
2017-08-22T00:03:02.237+0200: 14876,171: Total time for which application threads were stopped: 0,0016495 seconds, Stopping threads took: 0,0015557 seconds
2017-08-22T00:03:02.237+0200: 14876,172: Total time for which application threads were stopped: 0,0000974 seconds, Stopping threads took: 0,0000189 seconds
2017-08-22T00:03:02.239+0200: 14876,173: Total time for which application threads were stopped: 0,0001162 seconds, Stopping threads took: 0,0000178 seconds
2017-08-22T00:03:02.239+0200: 14876,173: Total time for which application threads were stopped: 0,0000656 seconds, Stopping threads took: 0,0000107 seconds
2017-08-22T00:03:02.241+0200: 14876,175: Total time for which application threads were stopped: 0,0001325 seconds, Stopping threads took: 0,0000454 seconds
2017-08-22T00:03:02.243+0200: 14876,177: Total time for which application threads were stopped: 0,0008081 seconds, Stopping threads took: 0,0007508 seconds
2017-08-22T00:03:02.244+0200: 14876,179: Total time for which application threads were stopped: 0,0001189 seconds, Stopping threads took: 0,0000435 seconds
2017-08-22T00:03:02.244+0200: 14876,179: Total time for which application threads were stopped: 0,0000602 seconds, Stopping threads took: 0,0000213 seconds
2017-08-22T00:03:02.244+0200: 14876,179: Total time for which application threads were stopped: 0,0000535 seconds, Stopping threads took: 0,0000191 seconds
2017-08-22T00:03:02.244+0200: 14876,179: Total time for which application threads were stopped: 0,0000520 seconds, Stopping threads took: 0,0000164 seconds
2017-08-22T00:03:02.277+0200: 14876,211: Total time for which application threads were stopped: 0,0001183 seconds, Stopping threads took: 0,0000403 seconds
2017-08-22T00:03:02.277+0200: 14876,212: Total time for which application threads were stopped: 0,0000585 seconds, Stopping threads took: 0,0000204 seconds
2017-08-22T00:03:02.277+0200: 14876,212: Total time for which application threads were stopped: 0,0001160 seconds, Stopping threads took: 0,0000830 seconds
2017-08-22T00:03:02.277+0200: 14876,212: Total time for which application threads were stopped: 0,0000478 seconds, Stopping threads took: 0,0000193 seconds
2017-08-22T00:03:02.277+0200: 14876,212: Total time for which application threads were stopped: 0,0000563 seconds, Stopping threads took: 0,0000200 seconds
2017-08-22T00:03:02.278+0200: 14876,212: Total time for which application threads were stopped: 0,0000572 seconds, Stopping threads took: 0,0000214 seconds
2017-08-22T00:03:02.278+0200: 14876,212: Total time for which application threads were stopped: 0,0000501 seconds, Stopping threads took: 0,0000178 seconds
2017-08-22T00:03:02.278+0200: 14876,212: Total time for which application threads were stopped: 0,0000492 seconds, Stopping threads took: 0,0000163 seconds
2017-08-22T00:03:02.278+0200: 14876,213: Total time for which application threads were stopped: 0,0000775 seconds, Stopping threads took: 0,0000202 seconds
2017-08-22T00:03:02.278+0200: 14876,213: Total time for which application threads were stopped: 0,0000493 seconds, Stopping threads took: 0,0000186 seconds
2017-08-22T00:03:02.278+0200: 14876,213: Total time for which application threads were stopped: 0,0000549 seconds, Stopping threads took: 0,0000198 seconds
2017-08-22T00:03:02.279+0200: 14876,213: Total time for which application threads were stopped: 0,0000675 seconds, Stopping threads took: 0,0000332 seconds
2017-08-22T00:03:02.279+0200: 14876,213: Total time for which application threads were stopped: 0,0000861 seconds, Stopping threads took: 0,0000382 seconds
2017-08-22T00:03:02.279+0200: 14876,213: Total time for which application threads were stopped: 0,0000604 seconds, Stopping threads took: 0,0000193 seconds
2017-08-22T00:03:02.279+0200: 14876,214: Total time for which application threads were stopped: 0,0000541 seconds, Stopping threads took: 0,0000190 seconds
2017-08-22T00:03:02.279+0200: 14876,214: Total time for which application threads were stopped: 0,0000486 seconds, Stopping threads took: 0,0000164 seconds
2017-08-22T00:03:02.280+0200: 14876,214: Total time for which application threads were stopped: 0,0004223 seconds, Stopping threads took: 0,0003751 seconds
2017-08-22T00:03:02.280+0200: 14876,214: Total time for which application threads were stopped: 0,0001176 seconds, Stopping threads took: 0,0000468 seconds
2017-08-22T00:03:02.280+0200: 14876,215: Total time for which application threads were stopped: 0,0000533 seconds, Stopping threads took: 0,0000193 seconds
2017-08-22T00:03:02.280+0200: 14876,215: Total time for which application threads were stopped: 0,0002094 seconds, Stopping threads took: 0,0000160 seconds
2017-08-22T00:03:02.281+0200: 14876,216: Total time for which application threads were stopped: 0,0000754 seconds, Stopping threads took: 0,0000249 seconds
2017-08-22T00:03:02.283+0200: 14876,218: Total time for which application threads were stopped: 0,0013891 seconds, Stopping threads took: 0,0013109 seconds
2017-08-22T00:03:02.284+0200: 14876,219: Total time for which application threads were stopped: 0,0001011 seconds, Stopping threads took: 0,0000481 seconds
2017-08-22T00:03:02.288+0200: 14876,223: Total time for which application threads were stopped: 0,0001249 seconds, Stopping threads took: 0,0000415 seconds
Heap
 par new generation   total 109248K, used 38034K [0x00000000e0000000, 0x00000000e8000000, 0x00000000e8000000)
  eden space 87424K,  27% used [0x00000000e0000000, 0x00000000e17626e0, 0x00000000e5560000)
  from space 21824K,  64% used [0x00000000e5560000, 0x00000000e6322148, 0x00000000e6ab0000)
  to   space 21824K,   0% used [0x00000000e6ab0000, 0x00000000e6ab0000, 0x00000000e8000000)
 concurrent mark-sweep generation total 393216K, used 6949K [0x00000000e8000000, 0x0000000100000000, 0x0000000100000000)
 Metaspace       used 28233K, capacity 28746K, committed 29052K, reserved 1075200K
  class space    used 3225K, capacity 3390K, committed 3452K, reserved 1048576K
