OpenJDK 64-Bit Server VM (25.131-b11) for linux-amd64 JRE (1.8.0_131-8u131-b11-0ubuntu1.16.04.2-b11), built on May  6 2017 02:45:27 by "buildd" with gcc 5.4.0 20160609
Memory: 4k page, physical 7867740k(7401900k free), swap 8076284k(8076284k free)
CommandLine flags: -XX:CMSInitiatingOccupancyFraction=50 -XX:CMSMaxAbortablePrecleanTime=6000 -XX:+CMSParallelRemarkEnabled -XX:+CMSScavengeBeforeRemark -XX:ConcGCThreads=4 -XX:InitialHeapSize=536870912 -XX:MaxHeapSize=536870912 -XX:MaxTenuringThreshold=8 -XX:NewRatio=3 -XX:OldPLABSize=16 -XX:OnOutOfMemoryError=/opt/solr/bin/oom_solr.sh 8983 /var/solr/logs -XX:ParallelGCThreads=4 -XX:+ParallelRefProcEnabled -XX:PretenureSizeThreshold=67108864 -XX:+PrintGC -XX:+PrintGCApplicationStoppedTime -XX:+PrintGCDateStamps -XX:+PrintGCDetails -XX:+PrintGCTimeStamps -XX:+PrintHeapAtGC -XX:+PrintTenuringDistribution -XX:SurvivorRatio=4 -XX:TargetSurvivorRatio=90 -XX:ThreadStackSize=256 -XX:+UseCMSInitiatingOccupancyOnly -XX:+UseCompressedClassPointers -XX:+UseCompressedOops -XX:+UseConcMarkSweepGC -XX:+UseParNewGC 
2017-05-31T06:17:16.843+0200: 0,144: Total time for which application threads were stopped: 0,0000689 seconds, Stopping threads took: 0,0000125 seconds
2017-05-31T06:17:16.924+0200: 0,225: Total time for which application threads were stopped: 0,0001146 seconds, Stopping threads took: 0,0000126 seconds
2017-05-31T06:17:16.941+0200: 0,242: Total time for which application threads were stopped: 0,0001013 seconds, Stopping threads took: 0,0000141 seconds
2017-05-31T06:17:17.167+0200: 0,468: Total time for which application threads were stopped: 0,0001097 seconds, Stopping threads took: 0,0000095 seconds
2017-05-31T06:17:17.609+0200: 0,910: Total time for which application threads were stopped: 0,0001469 seconds, Stopping threads took: 0,0000234 seconds
2017-05-31T06:17:17.757+0200: 1,058: Total time for which application threads were stopped: 0,0001979 seconds, Stopping threads took: 0,0000287 seconds
2017-05-31T06:17:17.787+0200: 1,088: Total time for which application threads were stopped: 0,0002192 seconds, Stopping threads took: 0,0000368 seconds
2017-05-31T06:17:18.064+0200: 1,365: Total time for which application threads were stopped: 0,0001928 seconds, Stopping threads took: 0,0000184 seconds
2017-05-31T06:17:18.303+0200: 1,604: Total time for which application threads were stopped: 0,0002008 seconds, Stopping threads took: 0,0000204 seconds
2017-05-31T06:17:18.330+0200: 1,631: Total time for which application threads were stopped: 0,0001781 seconds, Stopping threads took: 0,0000235 seconds
2017-05-31T06:17:18.365+0200: 1,666: Total time for which application threads were stopped: 0,0002214 seconds, Stopping threads took: 0,0000308 seconds
2017-05-31T06:17:18.366+0200: 1,667: Total time for which application threads were stopped: 0,0001836 seconds, Stopping threads took: 0,0000163 seconds
2017-05-31T06:17:18.381+0200: 1,682: Total time for which application threads were stopped: 0,0001835 seconds, Stopping threads took: 0,0000222 seconds
2017-05-31T06:17:18.477+0200: 1,778: Total time for which application threads were stopped: 0,0001915 seconds, Stopping threads took: 0,0000180 seconds
2017-05-31T06:17:18.639+0200: 1,940: Total time for which application threads were stopped: 0,0005428 seconds, Stopping threads took: 0,0003272 seconds
{Heap before GC invocations=0 (full 0):
 par new generation   total 109248K, used 87424K [0x00000000e0000000, 0x00000000e8000000, 0x00000000e8000000)
  eden space 87424K, 100% used [0x00000000e0000000, 0x00000000e5560000, 0x00000000e5560000)
  from space 21824K,   0% used [0x00000000e5560000, 0x00000000e5560000, 0x00000000e6ab0000)
  to   space 21824K,   0% used [0x00000000e6ab0000, 0x00000000e6ab0000, 0x00000000e8000000)
 concurrent mark-sweep generation total 393216K, used 0K [0x00000000e8000000, 0x0000000100000000, 0x0000000100000000)
 Metaspace       used 18202K, capacity 18464K, committed 18688K, reserved 1064960K
  class space    used 2059K, capacity 2196K, committed 2304K, reserved 1048576K
2017-05-31T06:17:18.736+0200: 2,037: [GC (Allocation Failure) 2017-05-31T06:17:18.736+0200: 2,037: [ParNew
Desired survivor size 20112992 bytes, new threshold 8 (max 8)
- age   1:   12810824 bytes,   12810824 total
: 87424K->12626K(109248K), 0,0163155 secs] 87424K->12626K(502464K), 0,0164034 secs] [Times: user=0,04 sys=0,02, real=0,02 secs] 
Heap after GC invocations=1 (full 0):
 par new generation   total 109248K, used 12626K [0x00000000e0000000, 0x00000000e8000000, 0x00000000e8000000)
  eden space 87424K,   0% used [0x00000000e0000000, 0x00000000e0000000, 0x00000000e5560000)
  from space 21824K,  57% used [0x00000000e6ab0000, 0x00000000e77048a0, 0x00000000e8000000)
  to   space 21824K,   0% used [0x00000000e5560000, 0x00000000e5560000, 0x00000000e6ab0000)
 concurrent mark-sweep generation total 393216K, used 0K [0x00000000e8000000, 0x0000000100000000, 0x0000000100000000)
 Metaspace       used 18202K, capacity 18464K, committed 18688K, reserved 1064960K
  class space    used 2059K, capacity 2196K, committed 2304K, reserved 1048576K
}
2017-05-31T06:17:18.752+0200: 2,053: Total time for which application threads were stopped: 0,0165863 seconds, Stopping threads took: 0,0000235 seconds
2017-05-31T06:17:19.034+0200: 2,335: Total time for which application threads were stopped: 0,0003171 seconds, Stopping threads took: 0,0000689 seconds
2017-05-31T06:17:19.078+0200: 2,379: Total time for which application threads were stopped: 0,0033001 seconds, Stopping threads took: 0,0030635 seconds
{Heap before GC invocations=1 (full 0):
 par new generation   total 109248K, used 100050K [0x00000000e0000000, 0x00000000e8000000, 0x00000000e8000000)
  eden space 87424K, 100% used [0x00000000e0000000, 0x00000000e5560000, 0x00000000e5560000)
  from space 21824K,  57% used [0x00000000e6ab0000, 0x00000000e77048a0, 0x00000000e8000000)
  to   space 21824K,   0% used [0x00000000e5560000, 0x00000000e5560000, 0x00000000e6ab0000)
 concurrent mark-sweep generation total 393216K, used 0K [0x00000000e8000000, 0x0000000100000000, 0x0000000100000000)
 Metaspace       used 20047K, capacity 20366K, committed 20736K, reserved 1067008K
  class space    used 2298K, capacity 2471K, committed 2560K, reserved 1048576K
2017-05-31T06:17:19.085+0200: 2,386: [GC (Allocation Failure) 2017-05-31T06:17:19.085+0200: 2,386: [ParNew
Desired survivor size 20112992 bytes, new threshold 8 (max 8)
- age   1:    3549672 bytes,    3549672 total
- age   2:    6693328 bytes,   10243000 total
: 100050K->15912K(109248K), 0,0103434 secs] 100050K->15912K(502464K), 0,0104141 secs] [Times: user=0,02 sys=0,01, real=0,01 secs] 
Heap after GC invocations=2 (full 0):
 par new generation   total 109248K, used 15912K [0x00000000e0000000, 0x00000000e8000000, 0x00000000e8000000)
  eden space 87424K,   0% used [0x00000000e0000000, 0x00000000e0000000, 0x00000000e5560000)
  from space 21824K,  72% used [0x00000000e5560000, 0x00000000e64ea3c0, 0x00000000e6ab0000)
  to   space 21824K,   0% used [0x00000000e6ab0000, 0x00000000e6ab0000, 0x00000000e8000000)
 concurrent mark-sweep generation total 393216K, used 0K [0x00000000e8000000, 0x0000000100000000, 0x0000000100000000)
 Metaspace       used 20047K, capacity 20366K, committed 20736K, reserved 1067008K
  class space    used 2298K, capacity 2471K, committed 2560K, reserved 1048576K
}
2017-05-31T06:17:19.096+0200: 2,397: Total time for which application threads were stopped: 0,0106601 seconds, Stopping threads took: 0,0001132 seconds
2017-05-31T06:17:19.144+0200: 2,445: Total time for which application threads were stopped: 0,0004043 seconds, Stopping threads took: 0,0000542 seconds
2017-05-31T06:17:19.270+0200: 2,571: Total time for which application threads were stopped: 0,0001925 seconds, Stopping threads took: 0,0000360 seconds
{Heap before GC invocations=2 (full 0):
 par new generation   total 109248K, used 103336K [0x00000000e0000000, 0x00000000e8000000, 0x00000000e8000000)
  eden space 87424K, 100% used [0x00000000e0000000, 0x00000000e5560000, 0x00000000e5560000)
  from space 21824K,  72% used [0x00000000e5560000, 0x00000000e64ea3c0, 0x00000000e6ab0000)
  to   space 21824K,   0% used [0x00000000e6ab0000, 0x00000000e6ab0000, 0x00000000e8000000)
 concurrent mark-sweep generation total 393216K, used 0K [0x00000000e8000000, 0x0000000100000000, 0x0000000100000000)
 Metaspace       used 20976K, capacity 21294K, committed 21628K, reserved 1069056K
  class space    used 2420K, capacity 2591K, committed 2684K, reserved 1048576K
2017-05-31T06:17:19.315+0200: 2,616: [GC (Allocation Failure) 2017-05-31T06:17:19.315+0200: 2,616: [ParNew
Desired survivor size 20112992 bytes, new threshold 8 (max 8)
- age   1:    2283712 bytes,    2283712 total
- age   2:     829304 bytes,    3113016 total
- age   3:    6687120 bytes,    9800136 total
: 103336K->12346K(109248K), 0,0183613 secs] 103336K->12346K(502464K), 0,0184491 secs] [Times: user=0,04 sys=0,00, real=0,02 secs] 
Heap after GC invocations=3 (full 0):
 par new generation   total 109248K, used 12346K [0x00000000e0000000, 0x00000000e8000000, 0x00000000e8000000)
  eden space 87424K,   0% used [0x00000000e0000000, 0x00000000e0000000, 0x00000000e5560000)
  from space 21824K,  56% used [0x00000000e6ab0000, 0x00000000e76beb40, 0x00000000e8000000)
  to   space 21824K,   0% used [0x00000000e5560000, 0x00000000e5560000, 0x00000000e6ab0000)
 concurrent mark-sweep generation total 393216K, used 0K [0x00000000e8000000, 0x0000000100000000, 0x0000000100000000)
 Metaspace       used 20976K, capacity 21294K, committed 21628K, reserved 1069056K
  class space    used 2420K, capacity 2591K, committed 2684K, reserved 1048576K
}
2017-05-31T06:17:19.333+0200: 2,634: Total time for which application threads were stopped: 0,0186453 seconds, Stopping threads took: 0,0000575 seconds
2017-05-31T06:17:19.333+0200: 2,634: [GC (CMS Initial Mark) [1 CMS-initial-mark: 0K(393216K)] 13775K(502464K), 0,0049863 secs] [Times: user=0,02 sys=0,00, real=0,01 secs] 
2017-05-31T06:17:19.338+0200: 2,639: Total time for which application threads were stopped: 0,0051412 seconds, Stopping threads took: 0,0000574 seconds
2017-05-31T06:17:19.339+0200: 2,640: [CMS-concurrent-mark-start]
2017-05-31T06:17:19.339+0200: 2,640: [CMS-concurrent-mark: 0,000/0,000 secs] [Times: user=0,00 sys=0,00, real=0,00 secs] 
2017-05-31T06:17:19.339+0200: 2,640: [CMS-concurrent-preclean-start]
2017-05-31T06:17:19.340+0200: 2,641: [CMS-concurrent-preclean: 0,001/0,001 secs] [Times: user=0,00 sys=0,00, real=0,00 secs] 
2017-05-31T06:17:19.340+0200: 2,641: [CMS-concurrent-abortable-preclean-start]
2017-05-31T06:17:19.417+0200: 2,718: Total time for which application threads were stopped: 0,0011142 seconds, Stopping threads took: 0,0010218 seconds
2017-05-31T06:17:19.417+0200: 2,718: [CMS-concurrent-abortable-preclean: 0,074/0,077 secs] [Times: user=0,30 sys=0,00, real=0,07 secs] 
2017-05-31T06:17:19.417+0200: 2,718: [GC (CMS Final Remark) [YG occupancy: 57370 K (109248 K)]{Heap before GC invocations=3 (full 1):
 par new generation   total 109248K, used 57370K [0x00000000e0000000, 0x00000000e8000000, 0x00000000e8000000)
  eden space 87424K,  51% used [0x00000000e0000000, 0x00000000e2bf7ec0, 0x00000000e5560000)
  from space 21824K,  56% used [0x00000000e6ab0000, 0x00000000e76beb40, 0x00000000e8000000)
  to   space 21824K,   0% used [0x00000000e5560000, 0x00000000e5560000, 0x00000000e6ab0000)
 concurrent mark-sweep generation total 393216K, used 0K [0x00000000e8000000, 0x0000000100000000, 0x0000000100000000)
 Metaspace       used 21178K, capacity 21516K, committed 21884K, reserved 1069056K
  class space    used 2438K, capacity 2596K, committed 2684K, reserved 1048576K
2017-05-31T06:17:19.417+0200: 2,718: [GC (CMS Final Remark) 2017-05-31T06:17:19.417+0200: 2,718: [ParNew
Desired survivor size 20112992 bytes, new threshold 8 (max 8)
- age   1:    1534552 bytes,    1534552 total
- age   2:    1450632 bytes,    2985184 total
- age   3:     799952 bytes,    3785136 total
- age   4:    6687568 bytes,   10472704 total
: 57370K->16600K(109248K), 0,0098508 secs] 57370K->16600K(502464K), 0,0098937 secs] [Times: user=0,04 sys=0,00, real=0,01 secs] 
Heap after GC invocations=4 (full 1):
 par new generation   total 109248K, used 16600K [0x00000000e0000000, 0x00000000e8000000, 0x00000000e8000000)
  eden space 87424K,   0% used [0x00000000e0000000, 0x00000000e0000000, 0x00000000e5560000)
  from space 21824K,  76% used [0x00000000e5560000, 0x00000000e6596200, 0x00000000e6ab0000)
  to   space 21824K,   0% used [0x00000000e6ab0000, 0x00000000e6ab0000, 0x00000000e8000000)
 concurrent mark-sweep generation total 393216K, used 0K [0x00000000e8000000, 0x0000000100000000, 0x0000000100000000)
 Metaspace       used 21178K, capacity 21516K, committed 21884K, reserved 1069056K
  class space    used 2438K, capacity 2596K, committed 2684K, reserved 1048576K
}
2017-05-31T06:17:19.427+0200: 2,728: [Rescan (parallel) , 0,0040453 secs]2017-05-31T06:17:19.431+0200: 2,732: [weak refs processing, 0,0006422 secs]2017-05-31T06:17:19.432+0200: 2,733: [class unloading, 0,0028234 secs]2017-05-31T06:17:19.435+0200: 2,736: [scrub symbol table, 0,0024941 secs]2017-05-31T06:17:19.437+0200: 2,738: [scrub string table, 0,0003634 secs][1 CMS-remark: 0K(393216K)] 16600K(502464K), 0,0208744 secs] [Times: user=0,06 sys=0,00, real=0,02 secs] 
2017-05-31T06:17:19.438+0200: 2,739: Total time for which application threads were stopped: 0,0209708 seconds, Stopping threads took: 0,0000318 seconds
2017-05-31T06:17:19.438+0200: 2,739: [CMS-concurrent-sweep-start]
2017-05-31T06:17:19.438+0200: 2,739: [CMS-concurrent-sweep: 0,000/0,000 secs] [Times: user=0,00 sys=0,00, real=0,00 secs] 
2017-05-31T06:17:19.438+0200: 2,739: [CMS-concurrent-reset-start]
2017-05-31T06:17:19.441+0200: 2,742: [CMS-concurrent-reset: 0,002/0,002 secs] [Times: user=0,01 sys=0,00, real=0,00 secs] 
{Heap before GC invocations=4 (full 1):
 par new generation   total 109248K, used 104024K [0x00000000e0000000, 0x00000000e8000000, 0x00000000e8000000)
  eden space 87424K, 100% used [0x00000000e0000000, 0x00000000e5560000, 0x00000000e5560000)
  from space 21824K,  76% used [0x00000000e5560000, 0x00000000e6596200, 0x00000000e6ab0000)
  to   space 21824K,   0% used [0x00000000e6ab0000, 0x00000000e6ab0000, 0x00000000e8000000)
 concurrent mark-sweep generation total 393216K, used 0K [0x00000000e8000000, 0x0000000100000000, 0x0000000100000000)
 Metaspace       used 21257K, capacity 21634K, committed 21884K, reserved 1069056K
  class space    used 2452K, capacity 2606K, committed 2684K, reserved 1048576K
2017-05-31T06:17:19.530+0200: 2,831: [GC (Allocation Failure) 2017-05-31T06:17:19.530+0200: 2,831: [ParNew
Desired survivor size 20112992 bytes, new threshold 8 (max 8)
- age   1:     933600 bytes,     933600 total
- age   2:      73744 bytes,    1007344 total
- age   3:    1450296 bytes,    2457640 total
- age   4:     797848 bytes,    3255488 total
- age   5:    6687312 bytes,    9942800 total
: 104024K->11579K(109248K), 0,0097566 secs] 104024K->11579K(502464K), 0,0098219 secs] [Times: user=0,04 sys=0,00, real=0,01 secs] 
Heap after GC invocations=5 (full 1):
 par new generation   total 109248K, used 11579K [0x00000000e0000000, 0x00000000e8000000, 0x00000000e8000000)
  eden space 87424K,   0% used [0x00000000e0000000, 0x00000000e0000000, 0x00000000e5560000)
  from space 21824K,  53% used [0x00000000e6ab0000, 0x00000000e75fed30, 0x00000000e8000000)
  to   space 21824K,   0% used [0x00000000e5560000, 0x00000000e5560000, 0x00000000e6ab0000)
 concurrent mark-sweep generation total 393216K, used 0K [0x00000000e8000000, 0x0000000100000000, 0x0000000100000000)
 Metaspace       used 21257K, capacity 21634K, committed 21884K, reserved 1069056K
  class space    used 2452K, capacity 2606K, committed 2684K, reserved 1048576K
}
2017-05-31T06:17:19.540+0200: 2,841: Total time for which application threads were stopped: 0,0100379 seconds, Stopping threads took: 0,0000668 seconds
2017-05-31T06:17:19.638+0200: 2,939: Total time for which application threads were stopped: 0,0003913 seconds, Stopping threads took: 0,0000241 seconds
2017-05-31T06:17:19.905+0200: 3,206: Total time for which application threads were stopped: 0,0004697 seconds, Stopping threads took: 0,0000390 seconds
2017-05-31T06:17:19.919+0200: 3,220: Total time for which application threads were stopped: 0,0004319 seconds, Stopping threads took: 0,0000428 seconds
{Heap before GC invocations=5 (full 1):
 par new generation   total 109248K, used 99003K [0x00000000e0000000, 0x00000000e8000000, 0x00000000e8000000)
  eden space 87424K, 100% used [0x00000000e0000000, 0x00000000e5560000, 0x00000000e5560000)
  from space 21824K,  53% used [0x00000000e6ab0000, 0x00000000e75fed30, 0x00000000e8000000)
  to   space 21824K,   0% used [0x00000000e5560000, 0x00000000e5560000, 0x00000000e6ab0000)
 concurrent mark-sweep generation total 393216K, used 0K [0x00000000e8000000, 0x0000000100000000, 0x0000000100000000)
 Metaspace       used 23445K, capacity 23916K, committed 24188K, reserved 1071104K
  class space    used 2720K, capacity 2917K, committed 2940K, reserved 1048576K
2017-05-31T06:17:19.998+0200: 3,299: [GC (Allocation Failure) 2017-05-31T06:17:19.998+0200: 3,299: [ParNew
Desired survivor size 20112992 bytes, new threshold 8 (max 8)
- age   1:    4132192 bytes,    4132192 total
- age   2:     151160 bytes,    4283352 total
- age   3:      72712 bytes,    4356064 total
- age   4:     280120 bytes,    4636184 total
- age   5:     782440 bytes,    5418624 total
- age   6:    6678848 bytes,   12097472 total
: 99003K->16880K(109248K), 0,0109713 secs] 99003K->16880K(502464K), 0,0110459 secs] [Times: user=0,04 sys=0,00, real=0,01 secs] 
Heap after GC invocations=6 (full 1):
 par new generation   total 109248K, used 16880K [0x00000000e0000000, 0x00000000e8000000, 0x00000000e8000000)
  eden space 87424K,   0% used [0x00000000e0000000, 0x00000000e0000000, 0x00000000e5560000)
  from space 21824K,  77% used [0x00000000e5560000, 0x00000000e65dc100, 0x00000000e6ab0000)
  to   space 21824K,   0% used [0x00000000e6ab0000, 0x00000000e6ab0000, 0x00000000e8000000)
 concurrent mark-sweep generation total 393216K, used 0K [0x00000000e8000000, 0x0000000100000000, 0x0000000100000000)
 Metaspace       used 23445K, capacity 23916K, committed 24188K, reserved 1071104K
  class space    used 2720K, capacity 2917K, committed 2940K, reserved 1048576K
}
2017-05-31T06:17:20.009+0200: 3,310: Total time for which application threads were stopped: 0,0112884 seconds, Stopping threads took: 0,0000394 seconds
{Heap before GC invocations=6 (full 1):
 par new generation   total 109248K, used 104304K [0x00000000e0000000, 0x00000000e8000000, 0x00000000e8000000)
  eden space 87424K, 100% used [0x00000000e0000000, 0x00000000e5560000, 0x00000000e5560000)
  from space 21824K,  77% used [0x00000000e5560000, 0x00000000e65dc100, 0x00000000e6ab0000)
  to   space 21824K,   0% used [0x00000000e6ab0000, 0x00000000e6ab0000, 0x00000000e8000000)
 concurrent mark-sweep generation total 393216K, used 0K [0x00000000e8000000, 0x0000000100000000, 0x0000000100000000)
 Metaspace       used 24140K, capacity 24588K, committed 24828K, reserved 1071104K
  class space    used 2839K, capacity 3013K, committed 3068K, reserved 1048576K
2017-05-31T06:17:20.146+0200: 3,447: [GC (Allocation Failure) 2017-05-31T06:17:20.146+0200: 3,447: [ParNew
Desired survivor size 20112992 bytes, new threshold 8 (max 8)
- age   1:    2633088 bytes,    2633088 total
- age   2:    1388320 bytes,    4021408 total
- age   3:      75824 bytes,    4097232 total
- age   4:      41712 bytes,    4138944 total
- age   5:     192976 bytes,    4331920 total
- age   6:     717528 bytes,    5049448 total
- age   7:    6146352 bytes,   11195800 total
: 104304K->13079K(109248K), 0,0138288 secs] 104304K->13079K(502464K), 0,0139049 secs] [Times: user=0,04 sys=0,00, real=0,02 secs] 
Heap after GC invocations=7 (full 1):
 par new generation   total 109248K, used 13079K [0x00000000e0000000, 0x00000000e8000000, 0x00000000e8000000)
  eden space 87424K,   0% used [0x00000000e0000000, 0x00000000e0000000, 0x00000000e5560000)
  from space 21824K,  59% used [0x00000000e6ab0000, 0x00000000e7775ec0, 0x00000000e8000000)
  to   space 21824K,   0% used [0x00000000e5560000, 0x00000000e5560000, 0x00000000e6ab0000)
 concurrent mark-sweep generation total 393216K, used 0K [0x00000000e8000000, 0x0000000100000000, 0x0000000100000000)
 Metaspace       used 24140K, capacity 24588K, committed 24828K, reserved 1071104K
  class space    used 2839K, capacity 3013K, committed 3068K, reserved 1048576K
}
2017-05-31T06:17:20.160+0200: 3,461: Total time for which application threads were stopped: 0,0147974 seconds, Stopping threads took: 0,0006434 seconds
{Heap before GC invocations=7 (full 1):
 par new generation   total 109248K, used 100503K [0x00000000e0000000, 0x00000000e8000000, 0x00000000e8000000)
  eden space 87424K, 100% used [0x00000000e0000000, 0x00000000e5560000, 0x00000000e5560000)
  from space 21824K,  59% used [0x00000000e6ab0000, 0x00000000e7775ec0, 0x00000000e8000000)
  to   space 21824K,   0% used [0x00000000e5560000, 0x00000000e5560000, 0x00000000e6ab0000)
 concurrent mark-sweep generation total 393216K, used 0K [0x00000000e8000000, 0x0000000100000000, 0x0000000100000000)
 Metaspace       used 24451K, capacity 24962K, committed 25084K, reserved 1071104K
  class space    used 2863K, capacity 3049K, committed 3068K, reserved 1048576K
2017-05-31T06:17:20.234+0200: 3,535: [GC (Allocation Failure) 2017-05-31T06:17:20.234+0200: 3,535: [ParNew
Desired survivor size 20112992 bytes, new threshold 8 (max 8)
- age   1:     579024 bytes,     579024 total
- age   2:    1370232 bytes,    1949256 total
- age   3:    1385608 bytes,    3334864 total
- age   4:      75720 bytes,    3410584 total
- age   5:      41608 bytes,    3452192 total
- age   6:     192976 bytes,    3645168 total
- age   7:     717528 bytes,    4362696 total
- age   8:    6145984 bytes,   10508680 total
: 100503K->17211K(109248K), 0,0204483 secs] 100503K->17211K(502464K), 0,0205425 secs] [Times: user=0,07 sys=0,00, real=0,02 secs] 
Heap after GC invocations=8 (full 1):
 par new generation   total 109248K, used 17211K [0x00000000e0000000, 0x00000000e8000000, 0x00000000e8000000)
  eden space 87424K,   0% used [0x00000000e0000000, 0x00000000e0000000, 0x00000000e5560000)
  from space 21824K,  78% used [0x00000000e5560000, 0x00000000e662ed38, 0x00000000e6ab0000)
  to   space 21824K,   0% used [0x00000000e6ab0000, 0x00000000e6ab0000, 0x00000000e8000000)
 concurrent mark-sweep generation total 393216K, used 0K [0x00000000e8000000, 0x0000000100000000, 0x0000000100000000)
 Metaspace       used 24451K, capacity 24962K, committed 25084K, reserved 1071104K
  class space    used 2863K, capacity 3049K, committed 3068K, reserved 1048576K
}
2017-05-31T06:17:20.255+0200: 3,556: Total time for which application threads were stopped: 0,0244927 seconds, Stopping threads took: 0,0037435 seconds
{Heap before GC invocations=8 (full 1):
 par new generation   total 109248K, used 104635K [0x00000000e0000000, 0x00000000e8000000, 0x00000000e8000000)
  eden space 87424K, 100% used [0x00000000e0000000, 0x00000000e5560000, 0x00000000e5560000)
  from space 21824K,  78% used [0x00000000e5560000, 0x00000000e662ed38, 0x00000000e6ab0000)
  to   space 21824K,   0% used [0x00000000e6ab0000, 0x00000000e6ab0000, 0x00000000e8000000)
 concurrent mark-sweep generation total 393216K, used 0K [0x00000000e8000000, 0x0000000100000000, 0x0000000100000000)
 Metaspace       used 25202K, capacity 25682K, committed 25980K, reserved 1073152K
  class space    used 2921K, capacity 3116K, committed 3196K, reserved 1048576K
2017-05-31T06:17:20.448+0200: 3,749: [GC (Allocation Failure) 2017-05-31T06:17:20.449+0200: 3,750: [ParNew
Desired survivor size 20112992 bytes, new threshold 8 (max 8)
- age   1:    2067448 bytes,    2067448 total
- age   2:     133112 bytes,    2200560 total
- age   3:     569520 bytes,    2770080 total
- age   4:    1382704 bytes,    4152784 total
- age   5:      75656 bytes,    4228440 total
- age   6:      41544 bytes,    4269984 total
- age   7:     189680 bytes,    4459664 total
- age   8:     715928 bytes,    5175592 total
: 104635K->7536K(109248K), 0,0581744 secs] 104635K->13620K(502464K), 0,0582623 secs] [Times: user=0,10 sys=0,00, real=0,06 secs] 
Heap after GC invocations=9 (full 1):
 par new generation   total 109248K, used 7536K [0x00000000e0000000, 0x00000000e8000000, 0x00000000e8000000)
  eden space 87424K,   0% used [0x00000000e0000000, 0x00000000e0000000, 0x00000000e5560000)
  from space 21824K,  34% used [0x00000000e6ab0000, 0x00000000e720c210, 0x00000000e8000000)
  to   space 21824K,   0% used [0x00000000e5560000, 0x00000000e5560000, 0x00000000e6ab0000)
 concurrent mark-sweep generation total 393216K, used 6083K [0x00000000e8000000, 0x0000000100000000, 0x0000000100000000)
 Metaspace       used 25202K, capacity 25682K, committed 25980K, reserved 1073152K
  class space    used 2921K, capacity 3116K, committed 3196K, reserved 1048576K
}
2017-05-31T06:17:20.507+0200: 3,808: Total time for which application threads were stopped: 0,0610685 seconds, Stopping threads took: 0,0023936 seconds
2017-05-31T06:17:20.646+0200: 3,947: Total time for which application threads were stopped: 0,0013684 seconds, Stopping threads took: 0,0009361 seconds
2017-05-31T06:17:20.666+0200: 3,967: Total time for which application threads were stopped: 0,0032935 seconds, Stopping threads took: 0,0029177 seconds
2017-05-31T06:17:20.721+0200: 4,022: Total time for which application threads were stopped: 0,0005111 seconds, Stopping threads took: 0,0000492 seconds
2017-05-31T06:17:20.749+0200: 4,050: Total time for which application threads were stopped: 0,0003958 seconds, Stopping threads took: 0,0000903 seconds
2017-05-31T06:17:20.751+0200: 4,052: Total time for which application threads were stopped: 0,0001235 seconds, Stopping threads took: 0,0000433 seconds
2017-05-31T06:17:20.751+0200: 4,052: Total time for which application threads were stopped: 0,0000781 seconds, Stopping threads took: 0,0000304 seconds
2017-05-31T06:17:20.751+0200: 4,052: Total time for which application threads were stopped: 0,0000729 seconds, Stopping threads took: 0,0000414 seconds
2017-05-31T06:17:20.751+0200: 4,052: Total time for which application threads were stopped: 0,0000569 seconds, Stopping threads took: 0,0000250 seconds
2017-05-31T06:17:20.752+0200: 4,053: Total time for which application threads were stopped: 0,0000942 seconds, Stopping threads took: 0,0000395 seconds
2017-05-31T06:17:20.752+0200: 4,053: Total time for which application threads were stopped: 0,0000734 seconds, Stopping threads took: 0,0000292 seconds
2017-05-31T06:17:20.753+0200: 4,055: Total time for which application threads were stopped: 0,0001585 seconds, Stopping threads took: 0,0000955 seconds
2017-05-31T06:17:20.754+0200: 4,055: Total time for which application threads were stopped: 0,0000618 seconds, Stopping threads took: 0,0000207 seconds
2017-05-31T06:17:20.754+0200: 4,055: Total time for which application threads were stopped: 0,0001383 seconds, Stopping threads took: 0,0000885 seconds
2017-05-31T06:17:20.755+0200: 4,056: Total time for which application threads were stopped: 0,0000992 seconds, Stopping threads took: 0,0000310 seconds
2017-05-31T06:17:20.758+0200: 4,059: Total time for which application threads were stopped: 0,0017790 seconds, Stopping threads took: 0,0016979 seconds
2017-05-31T06:17:20.759+0200: 4,060: Total time for which application threads were stopped: 0,0000898 seconds, Stopping threads took: 0,0000286 seconds
2017-05-31T06:17:20.759+0200: 4,060: Total time for which application threads were stopped: 0,0001040 seconds, Stopping threads took: 0,0000343 seconds
2017-05-31T06:17:20.760+0200: 4,061: Total time for which application threads were stopped: 0,0000751 seconds, Stopping threads took: 0,0000266 seconds
2017-05-31T06:17:20.761+0200: 4,062: Total time for which application threads were stopped: 0,0001021 seconds, Stopping threads took: 0,0000298 seconds
2017-05-31T06:17:20.761+0200: 4,062: Total time for which application threads were stopped: 0,0000662 seconds, Stopping threads took: 0,0000216 seconds
2017-05-31T06:17:20.762+0200: 4,063: Total time for which application threads were stopped: 0,0000918 seconds, Stopping threads took: 0,0000264 seconds
2017-05-31T06:17:20.762+0200: 4,063: Total time for which application threads were stopped: 0,0000853 seconds, Stopping threads took: 0,0000255 seconds
2017-05-31T06:17:20.763+0200: 4,064: Total time for which application threads were stopped: 0,0001038 seconds, Stopping threads took: 0,0000299 seconds
2017-05-31T06:17:20.764+0200: 4,065: Total time for which application threads were stopped: 0,0001990 seconds, Stopping threads took: 0,0000466 seconds
2017-05-31T06:17:20.764+0200: 4,065: Total time for which application threads were stopped: 0,0000978 seconds, Stopping threads took: 0,0000273 seconds
2017-05-31T06:17:20.765+0200: 4,066: Total time for which application threads were stopped: 0,0000892 seconds, Stopping threads took: 0,0000270 seconds
2017-05-31T06:17:20.765+0200: 4,066: Total time for which application threads were stopped: 0,0001512 seconds, Stopping threads took: 0,0000284 seconds
2017-05-31T06:17:20.770+0200: 4,071: Total time for which application threads were stopped: 0,0036649 seconds, Stopping threads took: 0,0035985 seconds
2017-05-31T06:17:20.771+0200: 4,072: Total time for which application threads were stopped: 0,0000948 seconds, Stopping threads took: 0,0000314 seconds
2017-05-31T06:17:20.772+0200: 4,073: Total time for which application threads were stopped: 0,0001068 seconds, Stopping threads took: 0,0000356 seconds
2017-05-31T06:17:20.772+0200: 4,073: Total time for which application threads were stopped: 0,0000845 seconds, Stopping threads took: 0,0000250 seconds
2017-05-31T06:17:20.773+0200: 4,074: Total time for which application threads were stopped: 0,0000796 seconds, Stopping threads took: 0,0000246 seconds
2017-05-31T06:17:20.773+0200: 4,074: Total time for which application threads were stopped: 0,0001308 seconds, Stopping threads took: 0,0000510 seconds
2017-05-31T06:17:20.774+0200: 4,075: Total time for which application threads were stopped: 0,0000935 seconds, Stopping threads took: 0,0000265 seconds
2017-05-31T06:17:20.774+0200: 4,075: Total time for which application threads were stopped: 0,0000758 seconds, Stopping threads took: 0,0000118 seconds
2017-05-31T06:17:20.774+0200: 4,075: Total time for which application threads were stopped: 0,0000722 seconds, Stopping threads took: 0,0000236 seconds
2017-05-31T06:17:20.775+0200: 4,076: Total time for which application threads were stopped: 0,0000725 seconds, Stopping threads took: 0,0000203 seconds
2017-05-31T06:17:20.775+0200: 4,076: Total time for which application threads were stopped: 0,0000663 seconds, Stopping threads took: 0,0000202 seconds
2017-05-31T06:17:20.775+0200: 4,076: Total time for which application threads were stopped: 0,0000629 seconds, Stopping threads took: 0,0000205 seconds
2017-05-31T06:17:20.776+0200: 4,077: Total time for which application threads were stopped: 0,0000715 seconds, Stopping threads took: 0,0000215 seconds
2017-05-31T06:17:20.776+0200: 4,077: Total time for which application threads were stopped: 0,0000680 seconds, Stopping threads took: 0,0000223 seconds
2017-05-31T06:17:20.777+0200: 4,078: Total time for which application threads were stopped: 0,0000928 seconds, Stopping threads took: 0,0000352 seconds
2017-05-31T06:17:20.780+0200: 4,082: Total time for which application threads were stopped: 0,0002175 seconds, Stopping threads took: 0,0001301 seconds
2017-05-31T06:17:20.781+0200: 4,082: Total time for which application threads were stopped: 0,0001285 seconds, Stopping threads took: 0,0000421 seconds
2017-05-31T06:17:20.782+0200: 4,083: Total time for which application threads were stopped: 0,0001441 seconds, Stopping threads took: 0,0000735 seconds
2017-05-31T06:17:20.784+0200: 4,085: Total time for which application threads were stopped: 0,0002767 seconds, Stopping threads took: 0,0000953 seconds
2017-05-31T06:17:20.831+0200: 4,132: Total time for which application threads were stopped: 0,0025891 seconds, Stopping threads took: 0,0024996 seconds
2017-05-31T06:17:20.886+0200: 4,187: Total time for which application threads were stopped: 0,0053467 seconds, Stopping threads took: 0,0049062 seconds
2017-05-31T06:17:20.891+0200: 4,192: Total time for which application threads were stopped: 0,0001820 seconds, Stopping threads took: 0,0000514 seconds
2017-05-31T06:17:21.891+0200: 5,192: Total time for which application threads were stopped: 0,0000819 seconds, Stopping threads took: 0,0000152 seconds
2017-05-31T06:17:48.896+0200: 32,197: Total time for which application threads were stopped: 0,0000604 seconds, Stopping threads took: 0,0000157 seconds
2017-05-31T06:19:13.906+0200: 117,207: Total time for which application threads were stopped: 0,0001032 seconds, Stopping threads took: 0,0000577 seconds
2017-05-31T06:19:18.907+0200: 122,208: Total time for which application threads were stopped: 0,0000643 seconds, Stopping threads took: 0,0000145 seconds
2017-05-31T06:20:17.914+0200: 181,215: Total time for which application threads were stopped: 0,0001273 seconds, Stopping threads took: 0,0000621 seconds
2017-05-31T06:21:47.927+0200: 271,228: Total time for which application threads were stopped: 0,0000804 seconds, Stopping threads took: 0,0000325 seconds
2017-05-31T06:40:43.088+0200: 1406,389: Total time for which application threads were stopped: 0,0001624 seconds, Stopping threads took: 0,0000576 seconds
2017-05-31T06:44:53.130+0200: 1656,431: Total time for which application threads were stopped: 0,0001911 seconds, Stopping threads took: 0,0000653 seconds
2017-05-31T06:44:58.131+0200: 1661,432: Total time for which application threads were stopped: 0,0000709 seconds, Stopping threads took: 0,0000162 seconds
2017-05-31T06:55:38.239+0200: 2301,540: Total time for which application threads were stopped: 0,0001643 seconds, Stopping threads took: 0,0000613 seconds
2017-05-31T06:55:39.239+0200: 2302,540: Total time for which application threads were stopped: 0,0001315 seconds, Stopping threads took: 0,0000293 seconds
2017-05-31T06:59:18.276+0200: 2521,577: Total time for which application threads were stopped: 0,0000888 seconds, Stopping threads took: 0,0000372 seconds
2017-05-31T07:10:34.389+0200: 3197,690: Total time for which application threads were stopped: 0,0001030 seconds, Stopping threads took: 0,0000427 seconds
2017-05-31T07:25:28.525+0200: 4091,826: Total time for which application threads were stopped: 0,0001591 seconds, Stopping threads took: 0,0000564 seconds
2017-05-31T07:25:53.528+0200: 4116,829: Total time for which application threads were stopped: 0,0000912 seconds, Stopping threads took: 0,0000397 seconds
2017-05-31T07:35:49.618+0200: 4712,919: Total time for which application threads were stopped: 0,0000764 seconds, Stopping threads took: 0,0000301 seconds
2017-05-31T08:01:38.861+0200: 6262,162: Total time for which application threads were stopped: 0,0001674 seconds, Stopping threads took: 0,0000645 seconds
2017-05-31T08:17:19.011+0200: 7202,312: Total time for which application threads were stopped: 0,0000884 seconds, Stopping threads took: 0,0000321 seconds
2017-05-31T08:17:49.015+0200: 7232,316: Total time for which application threads were stopped: 0,0001659 seconds, Stopping threads took: 0,0000629 seconds
2017-05-31T08:18:49.025+0200: 7292,326: Total time for which application threads were stopped: 0,0001788 seconds, Stopping threads took: 0,0000575 seconds
2017-05-31T08:19:19.030+0200: 7322,331: Total time for which application threads were stopped: 0,0000878 seconds, Stopping threads took: 0,0000317 seconds
2017-05-31T08:25:19.088+0200: 7682,389: Total time for which application threads were stopped: 0,0000912 seconds, Stopping threads took: 0,0000350 seconds
2017-05-31T10:31:03.564+0200: 11551,908: Total time for which application threads were stopped: 0,0000984 seconds, Stopping threads took: 0,0000331 seconds
2017-05-31T10:47:15.258+0200: 12523,602: Total time for which application threads were stopped: 0,0003793 seconds, Stopping threads took: 0,0000126 seconds
2017-05-31T10:47:15.259+0200: 12523,603: Total time for which application threads were stopped: 0,0003754 seconds, Stopping threads took: 0,0000116 seconds
2017-05-31T10:47:15.265+0200: 12523,609: Total time for which application threads were stopped: 0,0001014 seconds, Stopping threads took: 0,0000288 seconds
2017-05-31T10:47:15.266+0200: 12523,610: Total time for which application threads were stopped: 0,0001161 seconds, Stopping threads took: 0,0000455 seconds
2017-05-31T10:47:15.277+0200: 12523,621: Total time for which application threads were stopped: 0,0001479 seconds, Stopping threads took: 0,0000948 seconds
2017-05-31T10:47:15.278+0200: 12523,622: Total time for which application threads were stopped: 0,0001332 seconds, Stopping threads took: 0,0000915 seconds
2017-05-31T10:47:15.279+0200: 12523,623: Total time for which application threads were stopped: 0,0001055 seconds, Stopping threads took: 0,0000357 seconds
2017-05-31T10:47:15.280+0200: 12523,624: Total time for which application threads were stopped: 0,0000900 seconds, Stopping threads took: 0,0000328 seconds
2017-05-31T10:47:15.284+0200: 12523,627: Total time for which application threads were stopped: 0,0001066 seconds, Stopping threads took: 0,0000174 seconds
Heap
 par new generation   total 109248K, used 66190K [0x00000000e0000000, 0x00000000e8000000, 0x00000000e8000000)
  eden space 87424K,  67% used [0x00000000e0000000, 0x00000000e3947868, 0x00000000e5560000)
  from space 21824K,  34% used [0x00000000e6ab0000, 0x00000000e720c210, 0x00000000e8000000)
  to   space 21824K,   0% used [0x00000000e5560000, 0x00000000e5560000, 0x00000000e6ab0000)
 concurrent mark-sweep generation total 393216K, used 6083K [0x00000000e8000000, 0x0000000100000000, 0x0000000100000000)
 Metaspace       used 28167K, capacity 28656K, committed 28796K, reserved 1075200K
  class space    used 3229K, capacity 3423K, committed 3452K, reserved 1048576K
