OpenJDK 64-Bit Server VM (25.121-b13) for linux-amd64 JRE (1.8.0_121-8u121-b13-0ubuntu1.16.04.2-b13), built on Jan 23 2017 15:51:29 by "buildd" with gcc 5.4.0 20160609
Memory: 4k page, physical 7867760k(7492996k free), swap 8076284k(8076284k free)
CommandLine flags: -XX:CMSInitiatingOccupancyFraction=50 -XX:CMSMaxAbortablePrecleanTime=6000 -XX:+CMSParallelRemarkEnabled -XX:+CMSScavengeBeforeRemark -XX:ConcGCThreads=4 -XX:InitialHeapSize=536870912 -XX:MaxHeapSize=536870912 -XX:MaxTenuringThreshold=8 -XX:NewRatio=3 -XX:OldPLABSize=16 -XX:OnOutOfMemoryError=/opt/solr/bin/oom_solr.sh 8983 /var/solr/logs -XX:ParallelGCThreads=4 -XX:+ParallelRefProcEnabled -XX:PretenureSizeThreshold=67108864 -XX:+PrintGC -XX:+PrintGCApplicationStoppedTime -XX:+PrintGCDateStamps -XX:+PrintGCDetails -XX:+PrintGCTimeStamps -XX:+PrintHeapAtGC -XX:+PrintTenuringDistribution -XX:SurvivorRatio=4 -XX:TargetSurvivorRatio=90 -XX:ThreadStackSize=256 -XX:+UseCMSInitiatingOccupancyOnly -XX:+UseCompressedClassPointers -XX:+UseCompressedOops -XX:+UseConcMarkSweepGC -XX:+UseParNewGC 
2017-02-25T10:52:18.773+0100: 0,133: Total time for which application threads were stopped: 0,0000669 seconds, Stopping threads took: 0,0000092 seconds
2017-02-25T10:52:18.871+0100: 0,231: Total time for which application threads were stopped: 0,0001869 seconds, Stopping threads took: 0,0000328 seconds
2017-02-25T10:52:18.903+0100: 0,262: Total time for which application threads were stopped: 0,0000814 seconds, Stopping threads took: 0,0000136 seconds
2017-02-25T10:52:19.259+0100: 0,618: Total time for which application threads were stopped: 0,0001377 seconds, Stopping threads took: 0,0000214 seconds
2017-02-25T10:52:19.621+0100: 0,980: Total time for which application threads were stopped: 0,0007017 seconds, Stopping threads took: 0,0000657 seconds
2017-02-25T10:52:19.694+0100: 1,053: Total time for which application threads were stopped: 0,0002026 seconds, Stopping threads took: 0,0000188 seconds
2017-02-25T10:52:19.733+0100: 1,092: Total time for which application threads were stopped: 0,0002125 seconds, Stopping threads took: 0,0000288 seconds
2017-02-25T10:52:19.973+0100: 1,333: Total time for which application threads were stopped: 0,0001801 seconds, Stopping threads took: 0,0000128 seconds
2017-02-25T10:52:20.177+0100: 1,536: Total time for which application threads were stopped: 0,0001899 seconds, Stopping threads took: 0,0000117 seconds
2017-02-25T10:52:20.206+0100: 1,566: Total time for which application threads were stopped: 0,0001708 seconds, Stopping threads took: 0,0000237 seconds
2017-02-25T10:52:20.255+0100: 1,615: Total time for which application threads were stopped: 0,0002344 seconds, Stopping threads took: 0,0000211 seconds
2017-02-25T10:52:20.257+0100: 1,616: Total time for which application threads were stopped: 0,0001687 seconds, Stopping threads took: 0,0000144 seconds
2017-02-25T10:52:20.273+0100: 1,633: Total time for which application threads were stopped: 0,0001730 seconds, Stopping threads took: 0,0000155 seconds
2017-02-25T10:52:20.373+0100: 1,733: Total time for which application threads were stopped: 0,0002390 seconds, Stopping threads took: 0,0000310 seconds
2017-02-25T10:52:20.542+0100: 1,901: Total time for which application threads were stopped: 0,0002625 seconds, Stopping threads took: 0,0000480 seconds
{Heap before GC invocations=0 (full 0):
 par new generation   total 109248K, used 87424K [0x00000000e0000000, 0x00000000e8000000, 0x00000000e8000000)
  eden space 87424K, 100% used [0x00000000e0000000, 0x00000000e5560000, 0x00000000e5560000)
  from space 21824K,   0% used [0x00000000e5560000, 0x00000000e5560000, 0x00000000e6ab0000)
  to   space 21824K,   0% used [0x00000000e6ab0000, 0x00000000e6ab0000, 0x00000000e8000000)
 concurrent mark-sweep generation total 393216K, used 0K [0x00000000e8000000, 0x0000000100000000, 0x0000000100000000)
 Metaspace       used 17867K, capacity 18176K, committed 18304K, reserved 1064960K
  class space    used 2024K, capacity 2164K, committed 2176K, reserved 1048576K
2017-02-25T10:52:20.596+0100: 1,956: [GC (Allocation Failure) 2017-02-25T10:52:20.596+0100: 1,956: [ParNew
Desired survivor size 20112992 bytes, new threshold 8 (max 8)
- age   1:   11702960 bytes,   11702960 total
: 87424K->11541K(109248K), 0,0148818 secs] 87424K->11541K(502464K), 0,0149609 secs] [Times: user=0,02 sys=0,03, real=0,02 secs] 
Heap after GC invocations=1 (full 0):
 par new generation   total 109248K, used 11541K [0x00000000e0000000, 0x00000000e8000000, 0x00000000e8000000)
  eden space 87424K,   0% used [0x00000000e0000000, 0x00000000e0000000, 0x00000000e5560000)
  from space 21824K,  52% used [0x00000000e6ab0000, 0x00000000e75f5540, 0x00000000e8000000)
  to   space 21824K,   0% used [0x00000000e5560000, 0x00000000e5560000, 0x00000000e6ab0000)
 concurrent mark-sweep generation total 393216K, used 0K [0x00000000e8000000, 0x0000000100000000, 0x0000000100000000)
 Metaspace       used 17867K, capacity 18176K, committed 18304K, reserved 1064960K
  class space    used 2024K, capacity 2164K, committed 2176K, reserved 1048576K
}
2017-02-25T10:52:20.611+0100: 1,971: Total time for which application threads were stopped: 0,0164090 seconds, Stopping threads took: 0,0011664 seconds
2017-02-25T10:52:20.966+0100: 2,325: Total time for which application threads were stopped: 0,0003527 seconds, Stopping threads took: 0,0000316 seconds
{Heap before GC invocations=1 (full 0):
 par new generation   total 109248K, used 98965K [0x00000000e0000000, 0x00000000e8000000, 0x00000000e8000000)
  eden space 87424K, 100% used [0x00000000e0000000, 0x00000000e5560000, 0x00000000e5560000)
  from space 21824K,  52% used [0x00000000e6ab0000, 0x00000000e75f5540, 0x00000000e8000000)
  to   space 21824K,   0% used [0x00000000e5560000, 0x00000000e5560000, 0x00000000e6ab0000)
 concurrent mark-sweep generation total 393216K, used 0K [0x00000000e8000000, 0x0000000100000000, 0x0000000100000000)
 Metaspace       used 20054K, capacity 20360K, committed 20736K, reserved 1067008K
  class space    used 2293K, capacity 2468K, committed 2560K, reserved 1048576K
2017-02-25T10:52:21.002+0100: 2,362: [GC (Allocation Failure) 2017-02-25T10:52:21.003+0100: 2,362: [ParNew
Desired survivor size 20112992 bytes, new threshold 8 (max 8)
- age   1:    4193592 bytes,    4193592 total
- age   2:    6275920 bytes,   10469512 total
: 98965K->14894K(109248K), 0,0111554 secs] 98965K->14894K(502464K), 0,0112300 secs] [Times: user=0,04 sys=0,01, real=0,01 secs] 
Heap after GC invocations=2 (full 0):
 par new generation   total 109248K, used 14894K [0x00000000e0000000, 0x00000000e8000000, 0x00000000e8000000)
  eden space 87424K,   0% used [0x00000000e0000000, 0x00000000e0000000, 0x00000000e5560000)
  from space 21824K,  68% used [0x00000000e5560000, 0x00000000e63eba80, 0x00000000e6ab0000)
  to   space 21824K,   0% used [0x00000000e6ab0000, 0x00000000e6ab0000, 0x00000000e8000000)
 concurrent mark-sweep generation total 393216K, used 0K [0x00000000e8000000, 0x0000000100000000, 0x0000000100000000)
 Metaspace       used 20054K, capacity 20360K, committed 20736K, reserved 1067008K
  class space    used 2293K, capacity 2468K, committed 2560K, reserved 1048576K
}
2017-02-25T10:52:21.014+0100: 2,373: Total time for which application threads were stopped: 0,0114641 seconds, Stopping threads took: 0,0000498 seconds
2017-02-25T10:52:21.025+0100: 2,384: Total time for which application threads were stopped: 0,0003778 seconds, Stopping threads took: 0,0000617 seconds
2017-02-25T10:52:21.054+0100: 2,414: Total time for which application threads were stopped: 0,0019309 seconds, Stopping threads took: 0,0016057 seconds
2017-02-25T10:52:21.180+0100: 2,540: Total time for which application threads were stopped: 0,0002088 seconds, Stopping threads took: 0,0000648 seconds
{Heap before GC invocations=2 (full 0):
 par new generation   total 109248K, used 102318K [0x00000000e0000000, 0x00000000e8000000, 0x00000000e8000000)
  eden space 87424K, 100% used [0x00000000e0000000, 0x00000000e5560000, 0x00000000e5560000)
  from space 21824K,  68% used [0x00000000e5560000, 0x00000000e63eba80, 0x00000000e6ab0000)
  to   space 21824K,   0% used [0x00000000e6ab0000, 0x00000000e6ab0000, 0x00000000e8000000)
 concurrent mark-sweep generation total 393216K, used 0K [0x00000000e8000000, 0x0000000100000000, 0x0000000100000000)
 Metaspace       used 20988K, capacity 21346K, committed 21628K, reserved 1069056K
  class space    used 2416K, capacity 2587K, committed 2684K, reserved 1048576K
2017-02-25T10:52:21.221+0100: 2,580: [GC (Allocation Failure) 2017-02-25T10:52:21.221+0100: 2,580: [ParNew
Desired survivor size 20112992 bytes, new threshold 8 (max 8)
- age   1:    2124424 bytes,    2124424 total
- age   2:    1222152 bytes,    3346576 total
- age   3:    6271120 bytes,    9617696 total
: 102318K->12813K(109248K), 0,0148321 secs] 102318K->12813K(502464K), 0,0149225 secs] [Times: user=0,04 sys=0,01, real=0,02 secs] 
Heap after GC invocations=3 (full 0):
 par new generation   total 109248K, used 12813K [0x00000000e0000000, 0x00000000e8000000, 0x00000000e8000000)
  eden space 87424K,   0% used [0x00000000e0000000, 0x00000000e0000000, 0x00000000e5560000)
  from space 21824K,  58% used [0x00000000e6ab0000, 0x00000000e7733598, 0x00000000e8000000)
  to   space 21824K,   0% used [0x00000000e5560000, 0x00000000e5560000, 0x00000000e6ab0000)
 concurrent mark-sweep generation total 393216K, used 0K [0x00000000e8000000, 0x0000000100000000, 0x0000000100000000)
 Metaspace       used 20988K, capacity 21346K, committed 21628K, reserved 1069056K
  class space    used 2416K, capacity 2587K, committed 2684K, reserved 1048576K
}
2017-02-25T10:52:21.236+0100: 2,595: Total time for which application threads were stopped: 0,0151440 seconds, Stopping threads took: 0,0000804 seconds
2017-02-25T10:52:21.239+0100: 2,599: [GC (CMS Initial Mark) [1 CMS-initial-mark: 0K(393216K)] 14306K(502464K), 0,0035435 secs] [Times: user=0,01 sys=0,00, real=0,01 secs] 
2017-02-25T10:52:21.243+0100: 2,602: Total time for which application threads were stopped: 0,0044415 seconds, Stopping threads took: 0,0007860 seconds
2017-02-25T10:52:21.243+0100: 2,602: [CMS-concurrent-mark-start]
2017-02-25T10:52:21.243+0100: 2,603: [CMS-concurrent-mark: 0,001/0,001 secs] [Times: user=0,00 sys=0,00, real=0,00 secs] 
2017-02-25T10:52:21.244+0100: 2,603: [CMS-concurrent-preclean-start]
2017-02-25T10:52:21.245+0100: 2,604: [CMS-concurrent-preclean: 0,001/0,001 secs] [Times: user=0,01 sys=0,00, real=0,00 secs] 
2017-02-25T10:52:21.245+0100: 2,604: [CMS-concurrent-abortable-preclean-start]
2017-02-25T10:52:21.296+0100: 2,656: Total time for which application threads were stopped: 0,0001514 seconds, Stopping threads took: 0,0000664 seconds
{Heap before GC invocations=3 (full 1):
 par new generation   total 109248K, used 100237K [0x00000000e0000000, 0x00000000e8000000, 0x00000000e8000000)
  eden space 87424K, 100% used [0x00000000e0000000, 0x00000000e5560000, 0x00000000e5560000)
  from space 21824K,  58% used [0x00000000e6ab0000, 0x00000000e7733598, 0x00000000e8000000)
  to   space 21824K,   0% used [0x00000000e5560000, 0x00000000e5560000, 0x00000000e6ab0000)
 concurrent mark-sweep generation total 393216K, used 0K [0x00000000e8000000, 0x0000000100000000, 0x0000000100000000)
 Metaspace       used 21250K, capacity 21616K, committed 21884K, reserved 1069056K
  class space    used 2445K, capacity 2601K, committed 2684K, reserved 1048576K
2017-02-25T10:52:21.346+0100: 2,705: [GC (Allocation Failure) 2017-02-25T10:52:21.346+0100: 2,705: [ParNew
Desired survivor size 20112992 bytes, new threshold 8 (max 8)
- age   1:    1351528 bytes,    1351528 total
- age   2:    1462568 bytes,    2814096 total
- age   3:    1189264 bytes,    4003360 total
- age   4:    6271120 bytes,   10274480 total
: 100237K->12364K(109248K), 0,0145961 secs] 100237K->12364K(502464K), 0,0146610 secs] [Times: user=0,04 sys=0,00, real=0,01 secs] 
Heap after GC invocations=4 (full 1):
 par new generation   total 109248K, used 12364K [0x00000000e0000000, 0x00000000e8000000, 0x00000000e8000000)
  eden space 87424K,   0% used [0x00000000e0000000, 0x00000000e0000000, 0x00000000e5560000)
  from space 21824K,  56% used [0x00000000e5560000, 0x00000000e6173220, 0x00000000e6ab0000)
  to   space 21824K,   0% used [0x00000000e6ab0000, 0x00000000e6ab0000, 0x00000000e8000000)
 concurrent mark-sweep generation total 393216K, used 0K [0x00000000e8000000, 0x0000000100000000, 0x0000000100000000)
 Metaspace       used 21250K, capacity 21616K, committed 21884K, reserved 1069056K
  class space    used 2445K, capacity 2601K, committed 2684K, reserved 1048576K
}
2017-02-25T10:52:21.361+0100: 2,720: Total time for which application threads were stopped: 0,0158967 seconds, Stopping threads took: 0,0011033 seconds
2017-02-25T10:52:21.361+0100: 2,720: [CMS-concurrent-abortable-preclean: 0,053/0,116 secs] [Times: user=0,40 sys=0,01, real=0,11 secs] 
2017-02-25T10:52:21.366+0100: 2,725: [GC (CMS Final Remark) [YG occupancy: 14350 K (109248 K)]{Heap before GC invocations=4 (full 1):
 par new generation   total 109248K, used 14350K [0x00000000e0000000, 0x00000000e8000000, 0x00000000e8000000)
  eden space 87424K,   2% used [0x00000000e0000000, 0x00000000e01f09d0, 0x00000000e5560000)
  from space 21824K,  56% used [0x00000000e5560000, 0x00000000e6173220, 0x00000000e6ab0000)
  to   space 21824K,   0% used [0x00000000e6ab0000, 0x00000000e6ab0000, 0x00000000e8000000)
 concurrent mark-sweep generation total 393216K, used 0K [0x00000000e8000000, 0x0000000100000000, 0x0000000100000000)
 Metaspace       used 21250K, capacity 21616K, committed 21884K, reserved 1069056K
  class space    used 2445K, capacity 2601K, committed 2684K, reserved 1048576K
2017-02-25T10:52:21.366+0100: 2,725: [GC (CMS Final Remark) 2017-02-25T10:52:21.366+0100: 2,725: [ParNew
Desired survivor size 20112992 bytes, new threshold 8 (max 8)
- age   1:     296032 bytes,     296032 total
- age   2:     346224 bytes,     642256 total
- age   3:    1462568 bytes,    2104824 total
- age   4:    1189288 bytes,    3294112 total
- age   5:    6271200 bytes,    9565312 total
: 14350K->13142K(109248K), 0,0090419 secs] 14350K->13142K(502464K), 0,0090829 secs] [Times: user=0,03 sys=0,00, real=0,01 secs] 
Heap after GC invocations=5 (full 1):
 par new generation   total 109248K, used 13142K [0x00000000e0000000, 0x00000000e8000000, 0x00000000e8000000)
  eden space 87424K,   0% used [0x00000000e0000000, 0x00000000e0000000, 0x00000000e5560000)
  from space 21824K,  60% used [0x00000000e6ab0000, 0x00000000e7785a50, 0x00000000e8000000)
  to   space 21824K,   0% used [0x00000000e5560000, 0x00000000e5560000, 0x00000000e6ab0000)
 concurrent mark-sweep generation total 393216K, used 0K [0x00000000e8000000, 0x0000000100000000, 0x0000000100000000)
 Metaspace       used 21250K, capacity 21616K, committed 21884K, reserved 1069056K
  class space    used 2445K, capacity 2601K, committed 2684K, reserved 1048576K
}
2017-02-25T10:52:21.375+0100: 2,734: [Rescan (parallel) , 0,0031188 secs]2017-02-25T10:52:21.378+0100: 2,738: [weak refs processing, 0,0011841 secs]2017-02-25T10:52:21.379+0100: 2,739: [class unloading, 0,0028223 secs]2017-02-25T10:52:21.382+0100: 2,742: [scrub symbol table, 0,0027029 secs]2017-02-25T10:52:21.385+0100: 2,744: [scrub string table, 0,0004041 secs][1 CMS-remark: 0K(393216K)] 13142K(502464K), 0,0200155 secs] [Times: user=0,06 sys=0,00, real=0,02 secs] 
2017-02-25T10:52:21.386+0100: 2,745: Total time for which application threads were stopped: 0,0240119 seconds, Stopping threads took: 0,0039133 seconds
2017-02-25T10:52:21.386+0100: 2,746: [CMS-concurrent-sweep-start]
2017-02-25T10:52:21.386+0100: 2,746: [CMS-concurrent-sweep: 0,000/0,000 secs] [Times: user=0,00 sys=0,00, real=0,00 secs] 
2017-02-25T10:52:21.386+0100: 2,746: [CMS-concurrent-reset-start]
2017-02-25T10:52:21.388+0100: 2,747: [CMS-concurrent-reset: 0,002/0,002 secs] [Times: user=0,00 sys=0,00, real=0,00 secs] 
{Heap before GC invocations=5 (full 1):
 par new generation   total 109248K, used 100566K [0x00000000e0000000, 0x00000000e8000000, 0x00000000e8000000)
  eden space 87424K, 100% used [0x00000000e0000000, 0x00000000e5560000, 0x00000000e5560000)
  from space 21824K,  60% used [0x00000000e6ab0000, 0x00000000e7785a50, 0x00000000e8000000)
  to   space 21824K,   0% used [0x00000000e5560000, 0x00000000e5560000, 0x00000000e6ab0000)
 concurrent mark-sweep generation total 393216K, used 0K [0x00000000e8000000, 0x0000000100000000, 0x0000000100000000)
 Metaspace       used 21385K, capacity 21788K, committed 21884K, reserved 1069056K
  class space    used 2466K, capacity 2635K, committed 2684K, reserved 1048576K
2017-02-25T10:52:21.473+0100: 2,833: [GC (Allocation Failure) 2017-02-25T10:52:21.473+0100: 2,833: [ParNew
Desired survivor size 20112992 bytes, new threshold 8 (max 8)
- age   1:     877912 bytes,     877912 total
- age   2:       3800 bytes,     881712 total
- age   3:     174176 bytes,    1055888 total
- age   4:    1462272 bytes,    2518160 total
- age   5:    1185248 bytes,    3703408 total
- age   6:    6271120 bytes,    9974528 total
: 100566K->11386K(109248K), 0,0115167 secs] 100566K->11386K(502464K), 0,0116062 secs] [Times: user=0,03 sys=0,00, real=0,01 secs] 
Heap after GC invocations=6 (full 1):
 par new generation   total 109248K, used 11386K [0x00000000e0000000, 0x00000000e8000000, 0x00000000e8000000)
  eden space 87424K,   0% used [0x00000000e0000000, 0x00000000e0000000, 0x00000000e5560000)
  from space 21824K,  52% used [0x00000000e5560000, 0x00000000e607ea40, 0x00000000e6ab0000)
  to   space 21824K,   0% used [0x00000000e6ab0000, 0x00000000e6ab0000, 0x00000000e8000000)
 concurrent mark-sweep generation total 393216K, used 0K [0x00000000e8000000, 0x0000000100000000, 0x0000000100000000)
 Metaspace       used 21385K, capacity 21788K, committed 21884K, reserved 1069056K
  class space    used 2466K, capacity 2635K, committed 2684K, reserved 1048576K
}
2017-02-25T10:52:21.485+0100: 2,844: Total time for which application threads were stopped: 0,0118411 seconds, Stopping threads took: 0,0000687 seconds
2017-02-25T10:52:21.534+0100: 2,893: Total time for which application threads were stopped: 0,0003749 seconds, Stopping threads took: 0,0000395 seconds
2017-02-25T10:52:21.747+0100: 3,107: Total time for which application threads were stopped: 0,0004651 seconds, Stopping threads took: 0,0000430 seconds
2017-02-25T10:52:21.763+0100: 3,123: Total time for which application threads were stopped: 0,0004344 seconds, Stopping threads took: 0,0000630 seconds
2017-02-25T10:52:21.793+0100: 3,152: Total time for which application threads were stopped: 0,0003706 seconds, Stopping threads took: 0,0000267 seconds
2017-02-25T10:52:21.943+0100: 3,302: Total time for which application threads were stopped: 0,0001851 seconds, Stopping threads took: 0,0000511 seconds
{Heap before GC invocations=6 (full 1):
 par new generation   total 109248K, used 98952K [0x00000000e0000000, 0x00000000e8000000, 0x00000000e8000000)
  eden space 87424K, 100% used [0x00000000e0000000, 0x00000000e5560000, 0x00000000e5560000)
  from space 21824K,  52% used [0x00000000e5560000, 0x00000000e60a2080, 0x00000000e6ab0000)
  to   space 21824K,   0% used [0x00000000e6ab0000, 0x00000000e6ab0000, 0x00000000e8000000)
 concurrent mark-sweep generation total 393216K, used 0K [0x00000000e8000000, 0x0000000100000000, 0x0000000100000000)
 Metaspace       used 24142K, capacity 24608K, committed 24828K, reserved 1071104K
  class space    used 2841K, capacity 3041K, committed 3068K, reserved 1048576K
2017-02-25T10:52:21.943+0100: 3,303: [GC (GCLocker Initiated GC) 2017-02-25T10:52:21.943+0100: 3,303: [ParNew
Desired survivor size 20112992 bytes, new threshold 8 (max 8)
- age   1:    5224912 bytes,    5224912 total
- age   2:     119200 bytes,    5344112 total
- age   3:       3800 bytes,    5347912 total
- age   4:     172744 bytes,    5520656 total
- age   5:     292384 bytes,    5813040 total
- age   6:    1160920 bytes,    6973960 total
- age   7:    6264200 bytes,   13238160 total
: 98952K->17457K(109248K), 0,0184044 secs] 98952K->17457K(502464K), 0,0184810 secs] [Times: user=0,06 sys=0,00, real=0,01 secs] 
Heap after GC invocations=7 (full 1):
 par new generation   total 109248K, used 17457K [0x00000000e0000000, 0x00000000e8000000, 0x00000000e8000000)
  eden space 87424K,   0% used [0x00000000e0000000, 0x00000000e0000000, 0x00000000e5560000)
  from space 21824K,  79% used [0x00000000e6ab0000, 0x00000000e7bbc780, 0x00000000e8000000)
  to   space 21824K,   0% used [0x00000000e5560000, 0x00000000e5560000, 0x00000000e6ab0000)
 concurrent mark-sweep generation total 393216K, used 0K [0x00000000e8000000, 0x0000000100000000, 0x0000000100000000)
 Metaspace       used 24142K, capacity 24608K, committed 24828K, reserved 1071104K
  class space    used 2841K, capacity 3041K, committed 3068K, reserved 1048576K
}
2017-02-25T10:52:21.962+0100: 3,321: Total time for which application threads were stopped: 0,0186468 seconds, Stopping threads took: 0,0000272 seconds
{Heap before GC invocations=7 (full 1):
 par new generation   total 109248K, used 104881K [0x00000000e0000000, 0x00000000e8000000, 0x00000000e8000000)
  eden space 87424K, 100% used [0x00000000e0000000, 0x00000000e5560000, 0x00000000e5560000)
  from space 21824K,  79% used [0x00000000e6ab0000, 0x00000000e7bbc780, 0x00000000e8000000)
  to   space 21824K,   0% used [0x00000000e5560000, 0x00000000e5560000, 0x00000000e6ab0000)
 concurrent mark-sweep generation total 393216K, used 0K [0x00000000e8000000, 0x0000000100000000, 0x0000000100000000)
 Metaspace       used 24821K, capacity 25238K, committed 25468K, reserved 1071104K
  class space    used 2899K, capacity 3077K, committed 3196K, reserved 1048576K
2017-02-25T10:52:22.101+0100: 3,461: [GC (Allocation Failure) 2017-02-25T10:52:22.101+0100: 3,461: [ParNew
Desired survivor size 20112992 bytes, new threshold 8 (max 8)
- age   1:    1009440 bytes,    1009440 total
- age   2:    1816336 bytes,    2825776 total
- age   3:      88752 bytes,    2914528 total
- age   4:       1072 bytes,    2915600 total
- age   5:     142752 bytes,    3058352 total
- age   6:     236944 bytes,    3295296 total
- age   7:    1089408 bytes,    4384704 total
- age   8:    6052456 bytes,   10437160 total
: 104881K->14060K(109248K), 0,0100207 secs] 104881K->14060K(502464K), 0,0100951 secs] [Times: user=0,03 sys=0,00, real=0,02 secs] 
Heap after GC invocations=8 (full 1):
 par new generation   total 109248K, used 14060K [0x00000000e0000000, 0x00000000e8000000, 0x00000000e8000000)
  eden space 87424K,   0% used [0x00000000e0000000, 0x00000000e0000000, 0x00000000e5560000)
  from space 21824K,  64% used [0x00000000e5560000, 0x00000000e631b180, 0x00000000e6ab0000)
  to   space 21824K,   0% used [0x00000000e6ab0000, 0x00000000e6ab0000, 0x00000000e8000000)
 concurrent mark-sweep generation total 393216K, used 0K [0x00000000e8000000, 0x0000000100000000, 0x0000000100000000)
 Metaspace       used 24821K, capacity 25238K, committed 25468K, reserved 1071104K
  class space    used 2899K, capacity 3077K, committed 3196K, reserved 1048576K
}
2017-02-25T10:52:22.111+0100: 3,471: Total time for which application threads were stopped: 0,0106473 seconds, Stopping threads took: 0,0003960 seconds
2017-02-25T10:52:22.409+0100: 3,769: Total time for which application threads were stopped: 0,0005240 seconds, Stopping threads took: 0,0000621 seconds
2017-02-25T10:52:22.426+0100: 3,785: Total time for which application threads were stopped: 0,0005658 seconds, Stopping threads took: 0,0000385 seconds
2017-02-25T10:52:22.494+0100: 3,854: Total time for which application threads were stopped: 0,0005435 seconds, Stopping threads took: 0,0000716 seconds
2017-02-25T10:52:22.628+0100: 3,987: Total time for which application threads were stopped: 0,0005601 seconds, Stopping threads took: 0,0000245 seconds
2017-02-25T10:52:22.692+0100: 4,051: Total time for which application threads were stopped: 0,0003780 seconds, Stopping threads took: 0,0000281 seconds
2017-02-25T10:52:50.695+0100: 32,054: Total time for which application threads were stopped: 0,0000754 seconds, Stopping threads took: 0,0000201 seconds
2017-02-25T10:53:50.703+0100: 92,063: Total time for which application threads were stopped: 0,0000630 seconds, Stopping threads took: 0,0000169 seconds
2017-02-25T10:54:15.706+0100: 117,066: Total time for which application threads were stopped: 0,0006672 seconds, Stopping threads took: 0,0003274 seconds
2017-02-25T10:54:20.707+0100: 122,066: Total time for which application threads were stopped: 0,0000835 seconds, Stopping threads took: 0,0000186 seconds
2017-02-25T10:55:19.713+0100: 181,073: Total time for which application threads were stopped: 0,0000893 seconds, Stopping threads took: 0,0000359 seconds
2017-02-25T10:56:30.720+0100: 252,080: Total time for which application threads were stopped: 0,0000868 seconds, Stopping threads took: 0,0000318 seconds
2017-02-25T10:56:39.721+0100: 261,080: Total time for which application threads were stopped: 0,0000738 seconds, Stopping threads took: 0,0000162 seconds
2017-02-25T10:56:40.721+0100: 262,081: Total time for which application threads were stopped: 0,0000727 seconds, Stopping threads took: 0,0000165 seconds
2017-02-25T10:56:44.722+0100: 266,081: Total time for which application threads were stopped: 0,0000769 seconds, Stopping threads took: 0,0000178 seconds
2017-02-25T10:56:55.723+0100: 277,082: Total time for which application threads were stopped: 0,0001292 seconds, Stopping threads took: 0,0000476 seconds
2017-02-25T10:57:19.725+0100: 301,085: Total time for which application threads were stopped: 0,0000784 seconds, Stopping threads took: 0,0000192 seconds
2017-02-25T10:57:40.728+0100: 322,088: Total time for which application threads were stopped: 0,0004820 seconds, Stopping threads took: 0,0001579 seconds
2017-02-25T10:58:14.732+0100: 356,091: Total time for which application threads were stopped: 0,0000888 seconds, Stopping threads took: 0,0000341 seconds
2017-02-25T11:15:49.836+0100: 1411,195: Total time for which application threads were stopped: 0,0001083 seconds, Stopping threads took: 0,0000383 seconds
2017-02-25T11:19:04.858+0100: 1606,217: Total time for which application threads were stopped: 0,0002105 seconds, Stopping threads took: 0,0000726 seconds
2017-02-25T11:19:09.859+0100: 1611,218: Total time for which application threads were stopped: 0,0001164 seconds, Stopping threads took: 0,0000265 seconds
2017-02-25T11:30:35.932+0100: 2297,291: Total time for which application threads were stopped: 0,0001295 seconds, Stopping threads took: 0,0000382 seconds
2017-02-25T11:30:39.932+0100: 2301,292: Total time for which application threads were stopped: 0,0000654 seconds, Stopping threads took: 0,0000152 seconds
2017-02-25T11:45:36.020+0100: 3197,380: Total time for which application threads were stopped: 0,0000856 seconds, Stopping threads took: 0,0000320 seconds
2017-02-25T12:00:10.105+0100: 4071,464: Total time for which application threads were stopped: 0,0000830 seconds, Stopping threads took: 0,0000289 seconds
2017-02-25T12:00:30.107+0100: 4091,466: Total time for which application threads were stopped: 0,0001015 seconds, Stopping threads took: 0,0000350 seconds
2017-02-25T12:20:46.232+0100: 5307,592: Total time for which application threads were stopped: 0,0001325 seconds, Stopping threads took: 0,0000484 seconds
2017-02-25T12:41:46.372+0100: 6567,732: Total time for which application threads were stopped: 0,0001910 seconds, Stopping threads took: 0,0000414 seconds
2017-02-25T12:52:20.430+0100: 7201,789: Total time for which application threads were stopped: 0,0000900 seconds, Stopping threads took: 0,0000327 seconds
2017-02-25T12:53:20.437+0100: 7261,796: Total time for which application threads were stopped: 0,0000785 seconds, Stopping threads took: 0,0000283 seconds
2017-02-25T13:00:20.478+0100: 7681,837: Total time for which application threads were stopped: 0,0007823 seconds, Stopping threads took: 0,0002547 seconds
2017-02-25T14:04:51.000+0100: 11552,360: Total time for which application threads were stopped: 0,0001865 seconds, Stopping threads took: 0,0000661 seconds
2017-02-25T15:08:20.492+0100: 15361,851: Total time for which application threads were stopped: 0,0004268 seconds, Stopping threads took: 0,0001492 seconds
2017-02-25T15:17:21.547+0100: 15902,907: Total time for which application threads were stopped: 0,0000711 seconds, Stopping threads took: 0,0000151 seconds
{Heap before GC invocations=8 (full 1):
 par new generation   total 109248K, used 101484K [0x00000000e0000000, 0x00000000e8000000, 0x00000000e8000000)
  eden space 87424K, 100% used [0x00000000e0000000, 0x00000000e5560000, 0x00000000e5560000)
  from space 21824K,  64% used [0x00000000e5560000, 0x00000000e631b180, 0x00000000e6ab0000)
  to   space 21824K,   0% used [0x00000000e6ab0000, 0x00000000e6ab0000, 0x00000000e8000000)
 concurrent mark-sweep generation total 393216K, used 0K [0x00000000e8000000, 0x0000000100000000, 0x0000000100000000)
 Metaspace       used 28137K, capacity 28676K, committed 29052K, reserved 1075200K
  class space    used 3223K, capacity 3390K, committed 3452K, reserved 1048576K
2017-02-25T15:30:33.607+0100: 16694,966: [GC (Allocation Failure) 2017-02-25T15:30:33.607+0100: 16694,966: [ParNew
Desired survivor size 20112992 bytes, new threshold 8 (max 8)
- age   1:   12900864 bytes,   12900864 total
- age   2:     417944 bytes,   13318808 total
- age   3:    1765344 bytes,   15084152 total
- age   4:      86248 bytes,   15170400 total
- age   5:       1072 bytes,   15171472 total
- age   6:     139856 bytes,   15311328 total
- age   7:     236352 bytes,   15547680 total
- age   8:    1086672 bytes,   16634352 total
: 101484K->20306K(109248K), 0,0612478 secs] 101484K->26760K(502464K), 0,0615059 secs] [Times: user=0,13 sys=0,00, real=0,06 secs] 
Heap after GC invocations=9 (full 1):
 par new generation   total 109248K, used 20306K [0x00000000e0000000, 0x00000000e8000000, 0x00000000e8000000)
  eden space 87424K,   0% used [0x00000000e0000000, 0x00000000e0000000, 0x00000000e5560000)
  from space 21824K,  93% used [0x00000000e6ab0000, 0x00000000e7e84a98, 0x00000000e8000000)
  to   space 21824K,   0% used [0x00000000e5560000, 0x00000000e5560000, 0x00000000e6ab0000)
 concurrent mark-sweep generation total 393216K, used 6454K [0x00000000e8000000, 0x0000000100000000, 0x0000000100000000)
 Metaspace       used 28137K, capacity 28676K, committed 29052K, reserved 1075200K
  class space    used 3223K, capacity 3390K, committed 3452K, reserved 1048576K
}
2017-02-25T15:30:33.668+0100: 16695,028: Total time for which application threads were stopped: 0,0618545 seconds, Stopping threads took: 0,0000150 seconds
2017-02-25T15:30:33.674+0100: 16695,034: Total time for which application threads were stopped: 0,0001170 seconds, Stopping threads took: 0,0000227 seconds
2017-02-25T15:30:33.678+0100: 16695,038: Total time for which application threads were stopped: 0,0001110 seconds, Stopping threads took: 0,0000467 seconds
2017-02-25T15:30:33.682+0100: 16695,042: Total time for which application threads were stopped: 0,0001225 seconds, Stopping threads took: 0,0000615 seconds
2017-02-25T15:30:33.686+0100: 16695,045: Total time for which application threads were stopped: 0,0001492 seconds, Stopping threads took: 0,0000512 seconds
2017-02-25T15:30:33.686+0100: 16695,045: Total time for which application threads were stopped: 0,0000691 seconds, Stopping threads took: 0,0000207 seconds
2017-02-25T15:30:33.687+0100: 16695,047: Total time for which application threads were stopped: 0,0000923 seconds, Stopping threads took: 0,0000280 seconds
2017-02-25T15:30:33.694+0100: 16695,054: Total time for which application threads were stopped: 0,0005464 seconds, Stopping threads took: 0,0001314 seconds
2017-02-25T15:30:33.696+0100: 16695,056: Total time for which application threads were stopped: 0,0001016 seconds, Stopping threads took: 0,0000304 seconds
2017-02-25T15:30:33.706+0100: 16695,066: Total time for which application threads were stopped: 0,0001406 seconds, Stopping threads took: 0,0000693 seconds
2017-02-25T15:30:33.710+0100: 16695,069: Total time for which application threads were stopped: 0,0003908 seconds, Stopping threads took: 0,0000178 seconds
2017-02-25T15:30:33.713+0100: 16695,072: Total time for which application threads were stopped: 0,0001290 seconds, Stopping threads took: 0,0000549 seconds
2017-02-25T15:30:33.714+0100: 16695,073: Total time for which application threads were stopped: 0,0001410 seconds, Stopping threads took: 0,0000565 seconds
2017-02-25T15:30:33.715+0100: 16695,075: Total time for which application threads were stopped: 0,0001726 seconds, Stopping threads took: 0,0000733 seconds
2017-02-25T15:30:33.716+0100: 16695,075: Total time for which application threads were stopped: 0,0001121 seconds, Stopping threads took: 0,0000306 seconds
2017-02-25T15:30:33.718+0100: 16695,077: Total time for which application threads were stopped: 0,0001465 seconds, Stopping threads took: 0,0000708 seconds
2017-02-25T15:30:33.726+0100: 16695,086: Total time for which application threads were stopped: 0,0001915 seconds, Stopping threads took: 0,0001136 seconds
2017-02-25T15:30:33.729+0100: 16695,088: Total time for which application threads were stopped: 0,0001346 seconds, Stopping threads took: 0,0000621 seconds
2017-02-25T15:30:33.729+0100: 16695,089: Total time for which application threads were stopped: 0,0001217 seconds, Stopping threads took: 0,0000442 seconds
2017-02-25T15:30:33.743+0100: 16695,102: Total time for which application threads were stopped: 0,0000933 seconds, Stopping threads took: 0,0000353 seconds
2017-02-25T15:30:33.771+0100: 16695,131: Total time for which application threads were stopped: 0,0002513 seconds, Stopping threads took: 0,0001548 seconds
2017-02-25T15:30:33.822+0100: 16695,182: Total time for which application threads were stopped: 0,0000948 seconds, Stopping threads took: 0,0000149 seconds
2017-02-25T15:30:33.822+0100: 16695,182: Total time for which application threads were stopped: 0,0001603 seconds, Stopping threads took: 0,0000093 seconds
2017-02-25T15:30:33.832+0100: 16695,191: Total time for which application threads were stopped: 0,0001583 seconds, Stopping threads took: 0,0000292 seconds
2017-02-25T15:30:33.834+0100: 16695,193: Total time for which application threads were stopped: 0,0002129 seconds, Stopping threads took: 0,0000714 seconds
2017-02-25T15:30:33.835+0100: 16695,195: Total time for which application threads were stopped: 0,0003260 seconds, Stopping threads took: 0,0000409 seconds
2017-02-25T15:30:33.836+0100: 16695,195: Total time for which application threads were stopped: 0,0001431 seconds, Stopping threads took: 0,0000348 seconds
2017-02-25T15:30:33.836+0100: 16695,195: Total time for which application threads were stopped: 0,0000944 seconds, Stopping threads took: 0,0000300 seconds
2017-02-25T15:30:33.838+0100: 16695,198: Total time for which application threads were stopped: 0,0016315 seconds, Stopping threads took: 0,0009681 seconds
2017-02-25T15:30:33.840+0100: 16695,200: Total time for which application threads were stopped: 0,0001979 seconds, Stopping threads took: 0,0000915 seconds
2017-02-25T15:30:33.841+0100: 16695,200: Total time for which application threads were stopped: 0,0001171 seconds, Stopping threads took: 0,0000167 seconds
2017-02-25T15:30:33.842+0100: 16695,202: Total time for which application threads were stopped: 0,0001263 seconds, Stopping threads took: 0,0000364 seconds
2017-02-25T15:30:33.844+0100: 16695,203: Total time for which application threads were stopped: 0,0001465 seconds, Stopping threads took: 0,0000422 seconds
2017-02-25T15:30:33.847+0100: 16695,207: Total time for which application threads were stopped: 0,0008111 seconds, Stopping threads took: 0,0006697 seconds
2017-02-25T15:30:33.847+0100: 16695,207: Total time for which application threads were stopped: 0,0000764 seconds, Stopping threads took: 0,0000102 seconds
2017-02-25T15:30:33.848+0100: 16695,208: Total time for which application threads were stopped: 0,0003768 seconds, Stopping threads took: 0,0002713 seconds
2017-02-25T15:30:33.862+0100: 16695,222: Total time for which application threads were stopped: 0,0001291 seconds, Stopping threads took: 0,0000404 seconds
2017-02-25T15:30:33.863+0100: 16695,222: Total time for which application threads were stopped: 0,0001039 seconds, Stopping threads took: 0,0000377 seconds
2017-02-25T15:30:33.870+0100: 16695,229: Total time for which application threads were stopped: 0,0047437 seconds, Stopping threads took: 0,0046171 seconds
2017-02-25T15:30:33.871+0100: 16695,230: Total time for which application threads were stopped: 0,0001935 seconds, Stopping threads took: 0,0000634 seconds
2017-02-25T15:30:33.872+0100: 16695,232: Total time for which application threads were stopped: 0,0001240 seconds, Stopping threads took: 0,0000243 seconds
2017-02-25T15:30:33.873+0100: 16695,232: Total time for which application threads were stopped: 0,0001424 seconds, Stopping threads took: 0,0000504 seconds
2017-02-25T15:30:33.875+0100: 16695,234: Total time for which application threads were stopped: 0,0005278 seconds, Stopping threads took: 0,0004212 seconds
2017-02-25T15:30:33.876+0100: 16695,235: Total time for which application threads were stopped: 0,0001151 seconds, Stopping threads took: 0,0000189 seconds
2017-02-25T15:30:33.876+0100: 16695,235: Total time for which application threads were stopped: 0,0001093 seconds, Stopping threads took: 0,0000313 seconds
2017-02-25T15:30:33.876+0100: 16695,236: Total time for which application threads were stopped: 0,0001281 seconds, Stopping threads took: 0,0000405 seconds
2017-02-25T15:30:33.903+0100: 16695,263: Total time for which application threads were stopped: 0,0036094 seconds, Stopping threads took: 0,0034370 seconds
2017-02-25T15:30:33.904+0100: 16695,263: Total time for which application threads were stopped: 0,0000884 seconds, Stopping threads took: 0,0000133 seconds
2017-02-25T15:30:33.909+0100: 16695,269: Total time for which application threads were stopped: 0,0001257 seconds, Stopping threads took: 0,0000286 seconds
2017-02-25T15:30:33.913+0100: 16695,273: Total time for which application threads were stopped: 0,0005077 seconds, Stopping threads took: 0,0003968 seconds
2017-02-25T15:30:33.920+0100: 16695,279: Total time for which application threads were stopped: 0,0001251 seconds, Stopping threads took: 0,0000245 seconds
2017-02-25T15:30:33.920+0100: 16695,280: Total time for which application threads were stopped: 0,0000994 seconds, Stopping threads took: 0,0000208 seconds
2017-02-25T15:30:33.921+0100: 16695,280: Total time for which application threads were stopped: 0,0001991 seconds, Stopping threads took: 0,0000148 seconds
2017-02-25T15:30:33.935+0100: 16695,294: Total time for which application threads were stopped: 0,0067543 seconds, Stopping threads took: 0,0066000 seconds
2017-02-25T15:30:33.939+0100: 16695,299: Total time for which application threads were stopped: 0,0001150 seconds, Stopping threads took: 0,0000226 seconds
2017-02-25T15:30:34.024+0100: 16695,383: Total time for which application threads were stopped: 0,0003431 seconds, Stopping threads took: 0,0001120 seconds
2017-02-25T15:30:34.024+0100: 16695,383: Total time for which application threads were stopped: 0,0001146 seconds, Stopping threads took: 0,0000393 seconds
2017-02-25T15:30:34.024+0100: 16695,383: Total time for which application threads were stopped: 0,0001332 seconds, Stopping threads took: 0,0000138 seconds
2017-02-25T15:30:34.024+0100: 16695,384: Total time for which application threads were stopped: 0,0002522 seconds, Stopping threads took: 0,0000929 seconds
2017-02-25T15:30:34.025+0100: 16695,384: Total time for which application threads were stopped: 0,0002354 seconds, Stopping threads took: 0,0000793 seconds
2017-02-25T15:30:34.025+0100: 16695,384: Total time for which application threads were stopped: 0,0002373 seconds, Stopping threads took: 0,0001114 seconds
2017-02-25T15:30:34.025+0100: 16695,385: Total time for which application threads were stopped: 0,0001995 seconds, Stopping threads took: 0,0000780 seconds
2017-02-25T15:30:34.027+0100: 16695,387: Total time for which application threads were stopped: 0,0001302 seconds, Stopping threads took: 0,0000524 seconds
2017-02-25T15:30:34.027+0100: 16695,387: Total time for which application threads were stopped: 0,0001310 seconds, Stopping threads took: 0,0000570 seconds
2017-02-25T15:30:34.027+0100: 16695,387: Total time for which application threads were stopped: 0,0000756 seconds, Stopping threads took: 0,0000256 seconds
2017-02-25T15:30:34.028+0100: 16695,387: Total time for which application threads were stopped: 0,0000949 seconds, Stopping threads took: 0,0000373 seconds
2017-02-25T15:30:34.030+0100: 16695,389: Total time for which application threads were stopped: 0,0001713 seconds, Stopping threads took: 0,0000735 seconds
2017-02-25T15:30:34.037+0100: 16695,396: Total time for which application threads were stopped: 0,0028926 seconds, Stopping threads took: 0,0027732 seconds
2017-02-25T15:30:34.039+0100: 16695,398: Total time for which application threads were stopped: 0,0009726 seconds, Stopping threads took: 0,0008466 seconds
2017-02-25T15:30:34.043+0100: 16695,402: Total time for which application threads were stopped: 0,0023073 seconds, Stopping threads took: 0,0017139 seconds
2017-02-25T15:30:34.046+0100: 16695,406: Total time for which application threads were stopped: 0,0003332 seconds, Stopping threads took: 0,0000937 seconds
2017-02-25T15:30:34.497+0100: 16695,856: Total time for which application threads were stopped: 0,0003227 seconds, Stopping threads took: 0,0000399 seconds
2017-02-25T15:30:34.798+0100: 16696,158: Total time for which application threads were stopped: 0,0032886 seconds, Stopping threads took: 0,0002474 seconds
2017-02-25T15:30:34.810+0100: 16696,169: Total time for which application threads were stopped: 0,0029015 seconds, Stopping threads took: 0,0000959 seconds
2017-02-25T15:30:34.824+0100: 16696,184: Total time for which application threads were stopped: 0,0033131 seconds, Stopping threads took: 0,0022795 seconds
2017-02-25T15:30:34.842+0100: 16696,202: Total time for which application threads were stopped: 0,0040336 seconds, Stopping threads took: 0,0038299 seconds
2017-02-25T15:30:34.842+0100: 16696,202: Total time for which application threads were stopped: 0,0001084 seconds, Stopping threads took: 0,0000420 seconds
2017-02-25T15:30:34.843+0100: 16696,202: Total time for which application threads were stopped: 0,0001101 seconds, Stopping threads took: 0,0000211 seconds
2017-02-25T15:30:34.843+0100: 16696,202: Total time for which application threads were stopped: 0,0000849 seconds, Stopping threads took: 0,0000298 seconds
2017-02-25T15:30:34.856+0100: 16696,216: Total time for which application threads were stopped: 0,0002986 seconds, Stopping threads took: 0,0001873 seconds
2017-02-25T15:30:34.857+0100: 16696,217: Total time for which application threads were stopped: 0,0000750 seconds, Stopping threads took: 0,0000134 seconds
2017-02-25T15:30:34.858+0100: 16696,217: Total time for which application threads were stopped: 0,0000484 seconds, Stopping threads took: 0,0000074 seconds
2017-02-25T15:30:34.858+0100: 16696,217: Total time for which application threads were stopped: 0,0000314 seconds, Stopping threads took: 0,0000083 seconds
2017-02-25T15:30:34.858+0100: 16696,217: Total time for which application threads were stopped: 0,0000304 seconds, Stopping threads took: 0,0000066 seconds
2017-02-25T15:30:34.858+0100: 16696,218: Total time for which application threads were stopped: 0,0000479 seconds, Stopping threads took: 0,0000124 seconds
2017-02-25T15:30:34.859+0100: 16696,218: Total time for which application threads were stopped: 0,0000377 seconds, Stopping threads took: 0,0000073 seconds
2017-02-25T15:30:34.859+0100: 16696,218: Total time for which application threads were stopped: 0,0000461 seconds, Stopping threads took: 0,0000119 seconds
2017-02-25T15:30:34.859+0100: 16696,218: Total time for which application threads were stopped: 0,0000492 seconds, Stopping threads took: 0,0000119 seconds
2017-02-25T15:30:34.859+0100: 16696,218: Total time for which application threads were stopped: 0,0000464 seconds, Stopping threads took: 0,0000076 seconds
2017-02-25T15:30:34.859+0100: 16696,219: Total time for which application threads were stopped: 0,0000802 seconds, Stopping threads took: 0,0000183 seconds
2017-02-25T15:30:34.859+0100: 16696,219: Total time for which application threads were stopped: 0,0000604 seconds, Stopping threads took: 0,0000219 seconds
2017-02-25T15:30:34.861+0100: 16696,220: Total time for which application threads were stopped: 0,0001087 seconds, Stopping threads took: 0,0000197 seconds
2017-02-25T15:30:34.862+0100: 16696,221: Total time for which application threads were stopped: 0,0001362 seconds, Stopping threads took: 0,0000276 seconds
2017-02-25T15:30:34.862+0100: 16696,222: Total time for which application threads were stopped: 0,0000784 seconds, Stopping threads took: 0,0000126 seconds
2017-02-25T15:30:34.872+0100: 16696,231: Total time for which application threads were stopped: 0,0001360 seconds, Stopping threads took: 0,0000291 seconds
2017-02-25T15:30:34.872+0100: 16696,232: Total time for which application threads were stopped: 0,0000880 seconds, Stopping threads took: 0,0000216 seconds
2017-02-25T15:30:34.885+0100: 16696,245: Total time for which application threads were stopped: 0,0001678 seconds, Stopping threads took: 0,0000576 seconds
2017-02-25T15:30:34.885+0100: 16696,245: Total time for which application threads were stopped: 0,0000632 seconds, Stopping threads took: 0,0000087 seconds
2017-02-25T15:30:54.888+0100: 16716,247: Total time for which application threads were stopped: 0,0000737 seconds, Stopping threads took: 0,0000159 seconds
2017-02-25T15:30:58.790+0100: 16720,149: Total time for which application threads were stopped: 0,0003857 seconds, Stopping threads took: 0,0000133 seconds
2017-02-25T15:30:58.790+0100: 16720,150: Total time for which application threads were stopped: 0,0004504 seconds, Stopping threads took: 0,0000156 seconds
2017-02-25T15:30:58.795+0100: 16720,155: Total time for which application threads were stopped: 0,0001114 seconds, Stopping threads took: 0,0000261 seconds
2017-02-25T15:30:58.815+0100: 16720,175: Total time for which application threads were stopped: 0,0003993 seconds, Stopping threads took: 0,0002785 seconds
2017-02-25T15:30:58.820+0100: 16720,180: Total time for which application threads were stopped: 0,0010102 seconds, Stopping threads took: 0,0009275 seconds
2017-02-25T15:30:58.822+0100: 16720,181: Total time for which application threads were stopped: 0,0001474 seconds, Stopping threads took: 0,0000657 seconds
Heap
 par new generation   total 109248K, used 42902K [0x00000000e0000000, 0x00000000e8000000, 0x00000000e8000000)
  eden space 87424K,  25% used [0x00000000e0000000, 0x00000000e1611078, 0x00000000e5560000)
  from space 21824K,  93% used [0x00000000e6ab0000, 0x00000000e7e84a98, 0x00000000e8000000)
  to   space 21824K,   0% used [0x00000000e5560000, 0x00000000e5560000, 0x00000000e6ab0000)
 concurrent mark-sweep generation total 393216K, used 6454K [0x00000000e8000000, 0x0000000100000000, 0x0000000100000000)
 Metaspace       used 30000K, capacity 30646K, committed 30844K, reserved 1077248K
  class space    used 3438K, capacity 3635K, committed 3708K, reserved 1048576K
