OpenJDK 64-Bit Server VM (25.121-b13) for linux-amd64 JRE (1.8.0_121-8u121-b13-0ubuntu1.16.04.2-b13), built on Jan 23 2017 15:51:29 by "buildd" with gcc 5.4.0 20160609
Memory: 4k page, physical 7867764k(7417848k free), swap 8076284k(8076284k free)
CommandLine flags: -XX:CMSInitiatingOccupancyFraction=50 -XX:CMSMaxAbortablePrecleanTime=6000 -XX:+CMSParallelRemarkEnabled -XX:+CMSScavengeBeforeRemark -XX:ConcGCThreads=4 -XX:InitialHeapSize=536870912 -XX:MaxHeapSize=536870912 -XX:MaxTenuringThreshold=8 -XX:NewRatio=3 -XX:OldPLABSize=16 -XX:OnOutOfMemoryError=/opt/solr/bin/oom_solr.sh 8983 /var/solr/logs -XX:ParallelGCThreads=4 -XX:+ParallelRefProcEnabled -XX:PretenureSizeThreshold=67108864 -XX:+PrintGC -XX:+PrintGCApplicationStoppedTime -XX:+PrintGCDateStamps -XX:+PrintGCDetails -XX:+PrintGCTimeStamps -XX:+PrintHeapAtGC -XX:+PrintTenuringDistribution -XX:SurvivorRatio=4 -XX:TargetSurvivorRatio=90 -XX:ThreadStackSize=256 -XX:+UseCMSInitiatingOccupancyOnly -XX:+UseCompressedClassPointers -XX:+UseCompressedOops -XX:+UseConcMarkSweepGC -XX:+UseParNewGC 
2017-04-25T19:41:18.689+0200: 0,161: Total time for which application threads were stopped: 0,0000667 seconds, Stopping threads took: 0,0000095 seconds
2017-04-25T19:41:18.787+0200: 0,260: Total time for which application threads were stopped: 0,0001260 seconds, Stopping threads took: 0,0000223 seconds
2017-04-25T19:41:18.811+0200: 0,284: Total time for which application threads were stopped: 0,0000928 seconds, Stopping threads took: 0,0000138 seconds
2017-04-25T19:41:19.241+0200: 0,714: Total time for which application threads were stopped: 0,0002023 seconds, Stopping threads took: 0,0000227 seconds
2017-04-25T19:41:19.666+0200: 1,138: Total time for which application threads were stopped: 0,0001190 seconds, Stopping threads took: 0,0000221 seconds
2017-04-25T19:41:19.729+0200: 1,202: Total time for which application threads were stopped: 0,0002114 seconds, Stopping threads took: 0,0000402 seconds
2017-04-25T19:41:19.752+0200: 1,224: Total time for which application threads were stopped: 0,0001496 seconds, Stopping threads took: 0,0000207 seconds
2017-04-25T19:41:20.037+0200: 1,509: Total time for which application threads were stopped: 0,0001878 seconds, Stopping threads took: 0,0000183 seconds
2017-04-25T19:41:20.291+0200: 1,763: Total time for which application threads were stopped: 0,0002044 seconds, Stopping threads took: 0,0000217 seconds
2017-04-25T19:41:20.310+0200: 1,783: Total time for which application threads were stopped: 0,0001779 seconds, Stopping threads took: 0,0000309 seconds
2017-04-25T19:41:20.336+0200: 1,809: Total time for which application threads were stopped: 0,0002312 seconds, Stopping threads took: 0,0000202 seconds
2017-04-25T19:41:20.337+0200: 1,810: Total time for which application threads were stopped: 0,0001841 seconds, Stopping threads took: 0,0000147 seconds
2017-04-25T19:41:20.351+0200: 1,824: Total time for which application threads were stopped: 0,0001662 seconds, Stopping threads took: 0,0000118 seconds
2017-04-25T19:41:20.430+0200: 1,903: Total time for which application threads were stopped: 0,0002136 seconds, Stopping threads took: 0,0000191 seconds
2017-04-25T19:41:20.588+0200: 2,061: Total time for which application threads were stopped: 0,0004815 seconds, Stopping threads took: 0,0002489 seconds
{Heap before GC invocations=0 (full 0):
 par new generation   total 109248K, used 87424K [0x00000000e0000000, 0x00000000e8000000, 0x00000000e8000000)
  eden space 87424K, 100% used [0x00000000e0000000, 0x00000000e5560000, 0x00000000e5560000)
  from space 21824K,   0% used [0x00000000e5560000, 0x00000000e5560000, 0x00000000e6ab0000)
  to   space 21824K,   0% used [0x00000000e6ab0000, 0x00000000e6ab0000, 0x00000000e8000000)
 concurrent mark-sweep generation total 393216K, used 0K [0x00000000e8000000, 0x0000000100000000, 0x0000000100000000)
 Metaspace       used 17792K, capacity 18112K, committed 18304K, reserved 1064960K
  class space    used 2024K, capacity 2164K, committed 2176K, reserved 1048576K
2017-04-25T19:41:20.624+0200: 2,097: [GC (Allocation Failure) 2017-04-25T19:41:20.624+0200: 2,097: [ParNew
Desired survivor size 20112992 bytes, new threshold 8 (max 8)
- age   1:   11524688 bytes,   11524688 total
: 87424K->11358K(109248K), 0,0152221 secs] 87424K->11358K(502464K), 0,0153066 secs] [Times: user=0,04 sys=0,02, real=0,01 secs] 
Heap after GC invocations=1 (full 0):
 par new generation   total 109248K, used 11358K [0x00000000e0000000, 0x00000000e8000000, 0x00000000e8000000)
  eden space 87424K,   0% used [0x00000000e0000000, 0x00000000e0000000, 0x00000000e5560000)
  from space 21824K,  52% used [0x00000000e6ab0000, 0x00000000e75c7a20, 0x00000000e8000000)
  to   space 21824K,   0% used [0x00000000e5560000, 0x00000000e5560000, 0x00000000e6ab0000)
 concurrent mark-sweep generation total 393216K, used 0K [0x00000000e8000000, 0x0000000100000000, 0x0000000100000000)
 Metaspace       used 17792K, capacity 18112K, committed 18304K, reserved 1064960K
  class space    used 2024K, capacity 2164K, committed 2176K, reserved 1048576K
}
2017-04-25T19:41:20.640+0200: 2,112: Total time for which application threads were stopped: 0,0156606 seconds, Stopping threads took: 0,0001677 seconds
2017-04-25T19:41:20.989+0200: 2,461: Total time for which application threads were stopped: 0,0003781 seconds, Stopping threads took: 0,0000583 seconds
{Heap before GC invocations=1 (full 0):
 par new generation   total 109248K, used 98782K [0x00000000e0000000, 0x00000000e8000000, 0x00000000e8000000)
  eden space 87424K, 100% used [0x00000000e0000000, 0x00000000e5560000, 0x00000000e5560000)
  from space 21824K,  52% used [0x00000000e6ab0000, 0x00000000e75c7a20, 0x00000000e8000000)
  to   space 21824K,   0% used [0x00000000e5560000, 0x00000000e5560000, 0x00000000e6ab0000)
 concurrent mark-sweep generation total 393216K, used 0K [0x00000000e8000000, 0x0000000100000000, 0x0000000100000000)
 Metaspace       used 20032K, capacity 20350K, committed 20736K, reserved 1067008K
  class space    used 2292K, capacity 2465K, committed 2560K, reserved 1048576K
2017-04-25T19:41:21.042+0200: 2,515: [GC (Allocation Failure) 2017-04-25T19:41:21.043+0200: 2,515: [ParNew
Desired survivor size 20112992 bytes, new threshold 8 (max 8)
- age   1:    4063808 bytes,    4063808 total
- age   2:    6085152 bytes,   10148960 total
: 98782K->14480K(109248K), 0,0174479 secs] 98782K->14480K(502464K), 0,0175185 secs] [Times: user=0,06 sys=0,00, real=0,01 secs] 
Heap after GC invocations=2 (full 0):
 par new generation   total 109248K, used 14480K [0x00000000e0000000, 0x00000000e8000000, 0x00000000e8000000)
  eden space 87424K,   0% used [0x00000000e0000000, 0x00000000e0000000, 0x00000000e5560000)
  from space 21824K,  66% used [0x00000000e5560000, 0x00000000e63840c0, 0x00000000e6ab0000)
  to   space 21824K,   0% used [0x00000000e6ab0000, 0x00000000e6ab0000, 0x00000000e8000000)
 concurrent mark-sweep generation total 393216K, used 0K [0x00000000e8000000, 0x0000000100000000, 0x0000000100000000)
 Metaspace       used 20032K, capacity 20350K, committed 20736K, reserved 1067008K
  class space    used 2292K, capacity 2465K, committed 2560K, reserved 1048576K
}
2017-04-25T19:41:21.060+0200: 2,533: Total time for which application threads were stopped: 0,0177664 seconds, Stopping threads took: 0,0000948 seconds
2017-04-25T19:41:21.085+0200: 2,558: Total time for which application threads were stopped: 0,0052446 seconds, Stopping threads took: 0,0049639 seconds
2017-04-25T19:41:21.145+0200: 2,618: Total time for which application threads were stopped: 0,0062011 seconds, Stopping threads took: 0,0059195 seconds
2017-04-25T19:41:21.267+0200: 2,740: Total time for which application threads were stopped: 0,0002890 seconds, Stopping threads took: 0,0001598 seconds
{Heap before GC invocations=2 (full 0):
 par new generation   total 109248K, used 101904K [0x00000000e0000000, 0x00000000e8000000, 0x00000000e8000000)
  eden space 87424K, 100% used [0x00000000e0000000, 0x00000000e5560000, 0x00000000e5560000)
  from space 21824K,  66% used [0x00000000e5560000, 0x00000000e63840c0, 0x00000000e6ab0000)
  to   space 21824K,   0% used [0x00000000e6ab0000, 0x00000000e6ab0000, 0x00000000e8000000)
 concurrent mark-sweep generation total 393216K, used 0K [0x00000000e8000000, 0x0000000100000000, 0x0000000100000000)
 Metaspace       used 20948K, capacity 21278K, committed 21552K, reserved 1069056K
  class space    used 2415K, capacity 2585K, committed 2608K, reserved 1048576K
2017-04-25T19:41:21.298+0200: 2,770: [GC (Allocation Failure) 2017-04-25T19:41:21.298+0200: 2,770: [ParNew
Desired survivor size 20112992 bytes, new threshold 8 (max 8)
- age   1:    2329304 bytes,    2329304 total
- age   2:    1398400 bytes,    3727704 total
- age   3:    6082488 bytes,    9810192 total
: 101904K->11052K(109248K), 0,0107418 secs] 101904K->11052K(502464K), 0,0108177 secs] [Times: user=0,04 sys=0,00, real=0,01 secs] 
Heap after GC invocations=3 (full 0):
 par new generation   total 109248K, used 11052K [0x00000000e0000000, 0x00000000e8000000, 0x00000000e8000000)
  eden space 87424K,   0% used [0x00000000e0000000, 0x00000000e0000000, 0x00000000e5560000)
  from space 21824K,  50% used [0x00000000e6ab0000, 0x00000000e757b380, 0x00000000e8000000)
  to   space 21824K,   0% used [0x00000000e5560000, 0x00000000e5560000, 0x00000000e6ab0000)
 concurrent mark-sweep generation total 393216K, used 0K [0x00000000e8000000, 0x0000000100000000, 0x0000000100000000)
 Metaspace       used 20948K, capacity 21278K, committed 21552K, reserved 1069056K
  class space    used 2415K, capacity 2585K, committed 2608K, reserved 1048576K
}
2017-04-25T19:41:21.308+0200: 2,781: Total time for which application threads were stopped: 0,0109653 seconds, Stopping threads took: 0,0000227 seconds
2017-04-25T19:41:21.309+0200: 2,781: [GC (CMS Initial Mark) [1 CMS-initial-mark: 0K(393216K)] 11084K(502464K), 0,0036515 secs] [Times: user=0,01 sys=0,00, real=0,01 secs] 
2017-04-25T19:41:21.312+0200: 2,785: Total time for which application threads were stopped: 0,0038510 seconds, Stopping threads took: 0,0001132 seconds
2017-04-25T19:41:21.312+0200: 2,785: [CMS-concurrent-mark-start]
2017-04-25T19:41:21.313+0200: 2,786: [CMS-concurrent-mark: 0,001/0,001 secs] [Times: user=0,00 sys=0,00, real=0,00 secs] 
2017-04-25T19:41:21.313+0200: 2,786: [CMS-concurrent-preclean-start]
2017-04-25T19:41:21.314+0200: 2,787: [CMS-concurrent-preclean: 0,001/0,001 secs] [Times: user=0,01 sys=0,00, real=0,00 secs] 
2017-04-25T19:41:21.314+0200: 2,787: [CMS-concurrent-abortable-preclean-start]
{Heap before GC invocations=3 (full 1):
 par new generation   total 109248K, used 98476K [0x00000000e0000000, 0x00000000e8000000, 0x00000000e8000000)
  eden space 87424K, 100% used [0x00000000e0000000, 0x00000000e5560000, 0x00000000e5560000)
  from space 21824K,  50% used [0x00000000e6ab0000, 0x00000000e757b380, 0x00000000e8000000)
  to   space 21824K,   0% used [0x00000000e5560000, 0x00000000e5560000, 0x00000000e6ab0000)
 concurrent mark-sweep generation total 393216K, used 0K [0x00000000e8000000, 0x0000000100000000, 0x0000000100000000)
 Metaspace       used 21225K, capacity 21554K, committed 21628K, reserved 1069056K
  class space    used 2444K, capacity 2600K, committed 2608K, reserved 1048576K
2017-04-25T19:41:21.434+0200: 2,906: [GC (Allocation Failure) 2017-04-25T19:41:21.434+0200: 2,906: [ParNew
Desired survivor size 20112992 bytes, new threshold 8 (max 8)
- age   1:     818936 bytes,     818936 total
- age   2:    1477096 bytes,    2296032 total
- age   3:    1365480 bytes,    3661512 total
- age   4:    6082608 bytes,    9744120 total
: 98476K->14991K(109248K), 0,0099597 secs] 98476K->14991K(502464K), 0,0100284 secs] [Times: user=0,04 sys=0,00, real=0,01 secs] 
Heap after GC invocations=4 (full 1):
 par new generation   total 109248K, used 14991K [0x00000000e0000000, 0x00000000e8000000, 0x00000000e8000000)
  eden space 87424K,   0% used [0x00000000e0000000, 0x00000000e0000000, 0x00000000e5560000)
  from space 21824K,  68% used [0x00000000e5560000, 0x00000000e6403fe8, 0x00000000e6ab0000)
  to   space 21824K,   0% used [0x00000000e6ab0000, 0x00000000e6ab0000, 0x00000000e8000000)
 concurrent mark-sweep generation total 393216K, used 0K [0x00000000e8000000, 0x0000000100000000, 0x0000000100000000)
 Metaspace       used 21225K, capacity 21554K, committed 21628K, reserved 1069056K
  class space    used 2444K, capacity 2600K, committed 2608K, reserved 1048576K
}
2017-04-25T19:41:21.444+0200: 2,916: Total time for which application threads were stopped: 0,0102485 seconds, Stopping threads took: 0,0000505 seconds
2017-04-25T19:41:21.444+0200: 2,926: [CMS-concurrent-abortable-preclean: 0,110/0,129 secs] [Times: user=0,52 sys=0,00, real=0,14 secs] 
2017-04-25T19:41:21.462+0200: 2,935: [GC (CMS Final Remark) [YG occupancy: 36668 K (109248 K)]{Heap before GC invocations=4 (full 1):
 par new generation   total 109248K, used 36668K [0x00000000e0000000, 0x00000000e8000000, 0x00000000e8000000)
  eden space 87424K,  24% used [0x00000000e0000000, 0x00000000e152b058, 0x00000000e5560000)
  from space 21824K,  68% used [0x00000000e5560000, 0x00000000e6403fe8, 0x00000000e6ab0000)
  to   space 21824K,   0% used [0x00000000e6ab0000, 0x00000000e6ab0000, 0x00000000e8000000)
 concurrent mark-sweep generation total 393216K, used 0K [0x00000000e8000000, 0x0000000100000000, 0x0000000100000000)
 Metaspace       used 21241K, capacity 21554K, committed 21628K, reserved 1069056K
  class space    used 2446K, capacity 2600K, committed 2608K, reserved 1048576K
2017-04-25T19:41:21.462+0200: 2,935: [GC (CMS Final Remark) 2017-04-25T19:41:21.462+0200: 2,935: [ParNew
Desired survivor size 20112992 bytes, new threshold 8 (max 8)
- age   1:     515216 bytes,     515216 total
- age   2:     184600 bytes,     699816 total
- age   3:    1477048 bytes,    2176864 total
- age   4:    1365432 bytes,    3542296 total
- age   5:    6082592 bytes,    9624888 total
: 36668K->11301K(109248K), 0,0094455 secs] 36668K->11301K(502464K), 0,0094887 secs] [Times: user=0,04 sys=0,00, real=0,01 secs] 
Heap after GC invocations=5 (full 1):
 par new generation   total 109248K, used 11301K [0x00000000e0000000, 0x00000000e8000000, 0x00000000e8000000)
  eden space 87424K,   0% used [0x00000000e0000000, 0x00000000e0000000, 0x00000000e5560000)
  from space 21824K,  51% used [0x00000000e6ab0000, 0x00000000e75b95f0, 0x00000000e8000000)
  to   space 21824K,   0% used [0x00000000e5560000, 0x00000000e5560000, 0x00000000e6ab0000)
 concurrent mark-sweep generation total 393216K, used 0K [0x00000000e8000000, 0x0000000100000000, 0x0000000100000000)
 Metaspace       used 21241K, capacity 21554K, committed 21628K, reserved 1069056K
  class space    used 2446K, capacity 2600K, committed 2608K, reserved 1048576K
}
2017-04-25T19:41:21.472+0200: 2,944: [Rescan (parallel) , 0,0037159 secs]2017-04-25T19:41:21.475+0200: 2,948: [weak refs processing, 0,0017435 secs]2017-04-25T19:41:21.477+0200: 2,950: [class unloading, 0,0028550 secs]2017-04-25T19:41:21.480+0200: 2,953: [scrub symbol table, 0,0024936 secs]2017-04-25T19:41:21.483+0200: 2,955: [scrub string table, 0,0003635 secs][1 CMS-remark: 0K(393216K)] 11301K(502464K), 0,0213211 secs] [Times: user=0,06 sys=0,00, real=0,02 secs] 
2017-04-25T19:41:21.484+0200: 2,956: Total time for which application threads were stopped: 0,0214965 seconds, Stopping threads took: 0,0000994 seconds
2017-04-25T19:41:21.484+0200: 2,956: [CMS-concurrent-sweep-start]
2017-04-25T19:41:21.484+0200: 2,956: [CMS-concurrent-sweep: 0,000/0,000 secs] [Times: user=0,00 sys=0,00, real=0,00 secs] 
2017-04-25T19:41:21.484+0200: 2,956: [CMS-concurrent-reset-start]
2017-04-25T19:41:21.485+0200: 2,958: [CMS-concurrent-reset: 0,002/0,002 secs] [Times: user=0,00 sys=0,00, real=0,00 secs] 
2017-04-25T19:41:21.584+0200: 3,056: Total time for which application threads were stopped: 0,0003212 seconds, Stopping threads took: 0,0000231 seconds
{Heap before GC invocations=5 (full 1):
 par new generation   total 109248K, used 98725K [0x00000000e0000000, 0x00000000e8000000, 0x00000000e8000000)
  eden space 87424K, 100% used [0x00000000e0000000, 0x00000000e5560000, 0x00000000e5560000)
  from space 21824K,  51% used [0x00000000e6ab0000, 0x00000000e75b95f0, 0x00000000e8000000)
  to   space 21824K,   0% used [0x00000000e5560000, 0x00000000e5560000, 0x00000000e6ab0000)
 concurrent mark-sweep generation total 393216K, used 0K [0x00000000e8000000, 0x0000000100000000, 0x0000000100000000)
 Metaspace       used 22151K, capacity 22538K, committed 22780K, reserved 1069056K
  class space    used 2570K, capacity 2734K, committed 2736K, reserved 1048576K
2017-04-25T19:41:21.633+0200: 3,105: [GC (Allocation Failure) 2017-04-25T19:41:21.633+0200: 3,105: [ParNew
Desired survivor size 20112992 bytes, new threshold 8 (max 8)
- age   1:    1276808 bytes,    1276808 total
- age   2:      26768 bytes,    1303576 total
- age   3:     183312 bytes,    1486888 total
- age   4:     309656 bytes,    1796544 total
- age   5:    1363400 bytes,    3159944 total
- age   6:    6082568 bytes,    9242512 total
: 98725K->14314K(109248K), 0,0090529 secs] 98725K->14314K(502464K), 0,0091229 secs] [Times: user=0,03 sys=0,00, real=0,01 secs] 
Heap after GC invocations=6 (full 1):
 par new generation   total 109248K, used 14314K [0x00000000e0000000, 0x00000000e8000000, 0x00000000e8000000)
  eden space 87424K,   0% used [0x00000000e0000000, 0x00000000e0000000, 0x00000000e5560000)
  from space 21824K,  65% used [0x00000000e5560000, 0x00000000e635a8f0, 0x00000000e6ab0000)
  to   space 21824K,   0% used [0x00000000e6ab0000, 0x00000000e6ab0000, 0x00000000e8000000)
 concurrent mark-sweep generation total 393216K, used 0K [0x00000000e8000000, 0x0000000100000000, 0x0000000100000000)
 Metaspace       used 22151K, capacity 22538K, committed 22780K, reserved 1069056K
  class space    used 2570K, capacity 2734K, committed 2736K, reserved 1048576K
}
2017-04-25T19:41:21.642+0200: 3,115: Total time for which application threads were stopped: 0,0092759 seconds, Stopping threads took: 0,0000264 seconds
2017-04-25T19:41:21.841+0200: 3,314: Total time for which application threads were stopped: 0,0004080 seconds, Stopping threads took: 0,0000301 seconds
2017-04-25T19:41:21.858+0200: 3,331: Total time for which application threads were stopped: 0,0004141 seconds, Stopping threads took: 0,0000378 seconds
{Heap before GC invocations=6 (full 1):
 par new generation   total 109248K, used 101738K [0x00000000e0000000, 0x00000000e8000000, 0x00000000e8000000)
  eden space 87424K, 100% used [0x00000000e0000000, 0x00000000e5560000, 0x00000000e5560000)
  from space 21824K,  65% used [0x00000000e5560000, 0x00000000e635a8f0, 0x00000000e6ab0000)
  to   space 21824K,   0% used [0x00000000e6ab0000, 0x00000000e6ab0000, 0x00000000e8000000)
 concurrent mark-sweep generation total 393216K, used 0K [0x00000000e8000000, 0x0000000100000000, 0x0000000100000000)
 Metaspace       used 23983K, capacity 24390K, committed 24624K, reserved 1071104K
  class space    used 2831K, capacity 3010K, committed 3120K, reserved 1048576K
2017-04-25T19:41:22.031+0200: 3,503: [GC (Allocation Failure) 2017-04-25T19:41:22.031+0200: 3,503: [ParNew
Desired survivor size 20112992 bytes, new threshold 8 (max 8)
- age   1:    4554456 bytes,    4554456 total
- age   2:     364568 bytes,    4919024 total
- age   3:      26736 bytes,    4945760 total
- age   4:     182752 bytes,    5128512 total
- age   5:     307048 bytes,    5435560 total
- age   6:    1337200 bytes,    6772760 total
- age   7:    6074432 bytes,   12847192 total
: 101738K->15054K(109248K), 0,0160948 secs] 101738K->15054K(502464K), 0,0161642 secs] [Times: user=0,05 sys=0,00, real=0,01 secs] 
Heap after GC invocations=7 (full 1):
 par new generation   total 109248K, used 15054K [0x00000000e0000000, 0x00000000e8000000, 0x00000000e8000000)
  eden space 87424K,   0% used [0x00000000e0000000, 0x00000000e0000000, 0x00000000e5560000)
  from space 21824K,  68% used [0x00000000e6ab0000, 0x00000000e7963a60, 0x00000000e8000000)
  to   space 21824K,   0% used [0x00000000e5560000, 0x00000000e5560000, 0x00000000e6ab0000)
 concurrent mark-sweep generation total 393216K, used 0K [0x00000000e8000000, 0x0000000100000000, 0x0000000100000000)
 Metaspace       used 23983K, capacity 24390K, committed 24624K, reserved 1071104K
  class space    used 2831K, capacity 3010K, committed 3120K, reserved 1048576K
}
2017-04-25T19:41:22.047+0200: 3,519: Total time for which application threads were stopped: 0,0176469 seconds, Stopping threads took: 0,0012705 seconds
{Heap before GC invocations=7 (full 1):
 par new generation   total 109248K, used 102478K [0x00000000e0000000, 0x00000000e8000000, 0x00000000e8000000)
  eden space 87424K, 100% used [0x00000000e0000000, 0x00000000e5560000, 0x00000000e5560000)
  from space 21824K,  68% used [0x00000000e6ab0000, 0x00000000e7963a60, 0x00000000e8000000)
  to   space 21824K,   0% used [0x00000000e5560000, 0x00000000e5560000, 0x00000000e6ab0000)
 concurrent mark-sweep generation total 393216K, used 0K [0x00000000e8000000, 0x0000000100000000, 0x0000000100000000)
 Metaspace       used 24564K, capacity 24988K, committed 25136K, reserved 1071104K
  class space    used 2874K, capacity 3078K, committed 3120K, reserved 1048576K
2017-04-25T19:41:22.154+0200: 3,627: [GC (Allocation Failure) 2017-04-25T19:41:22.154+0200: 3,627: [ParNew
Desired survivor size 20112992 bytes, new threshold 8 (max 8)
- age   1:    2061688 bytes,    2061688 total
- age   2:    1685520 bytes,    3747208 total
- age   3:     191688 bytes,    3938896 total
- age   4:       6928 bytes,    3945824 total
- age   5:     107312 bytes,    4053136 total
- age   6:     199584 bytes,    4252720 total
- age   7:     951728 bytes,    5204448 total
- age   8:    5891624 bytes,   11096072 total
: 102478K->15727K(109248K), 0,0255172 secs] 102478K->15727K(502464K), 0,0256059 secs] [Times: user=0,07 sys=0,00, real=0,02 secs] 
Heap after GC invocations=8 (full 1):
 par new generation   total 109248K, used 15727K [0x00000000e0000000, 0x00000000e8000000, 0x00000000e8000000)
  eden space 87424K,   0% used [0x00000000e0000000, 0x00000000e0000000, 0x00000000e5560000)
  from space 21824K,  72% used [0x00000000e5560000, 0x00000000e64bbd40, 0x00000000e6ab0000)
  to   space 21824K,   0% used [0x00000000e6ab0000, 0x00000000e6ab0000, 0x00000000e8000000)
 concurrent mark-sweep generation total 393216K, used 0K [0x00000000e8000000, 0x0000000100000000, 0x0000000100000000)
 Metaspace       used 24564K, capacity 24988K, committed 25136K, reserved 1071104K
  class space    used 2874K, capacity 3078K, committed 3120K, reserved 1048576K
}
2017-04-25T19:41:22.180+0200: 3,653: Total time for which application threads were stopped: 0,0275960 seconds, Stopping threads took: 0,0017749 seconds
{Heap before GC invocations=8 (full 1):
 par new generation   total 109248K, used 103151K [0x00000000e0000000, 0x00000000e8000000, 0x00000000e8000000)
  eden space 87424K, 100% used [0x00000000e0000000, 0x00000000e5560000, 0x00000000e5560000)
  from space 21824K,  72% used [0x00000000e5560000, 0x00000000e64bbd40, 0x00000000e6ab0000)
  to   space 21824K,   0% used [0x00000000e6ab0000, 0x00000000e6ab0000, 0x00000000e8000000)
 concurrent mark-sweep generation total 393216K, used 0K [0x00000000e8000000, 0x0000000100000000, 0x0000000100000000)
 Metaspace       used 25007K, capacity 25446K, committed 25648K, reserved 1071104K
  class space    used 2907K, capacity 3080K, committed 3120K, reserved 1048576K
2017-04-25T19:41:22.306+0200: 3,778: [GC (Allocation Failure) 2017-04-25T19:41:22.306+0200: 3,778: [ParNew
Desired survivor size 20112992 bytes, new threshold 8 (max 8)
- age   1:     927704 bytes,     927704 total
- age   2:     651952 bytes,    1579656 total
- age   3:    1682160 bytes,    3261816 total
- age   4:     189056 bytes,    3450872 total
- age   5:       6928 bytes,    3457800 total
- age   6:     107216 bytes,    3565016 total
- age   7:     199088 bytes,    3764104 total
- age   8:     951024 bytes,    4715128 total
: 103151K->8355K(109248K), 0,0310389 secs] 103151K->14191K(502464K), 0,0311169 secs] [Times: user=0,09 sys=0,00, real=0,03 secs] 
Heap after GC invocations=9 (full 1):
 par new generation   total 109248K, used 8355K [0x00000000e0000000, 0x00000000e8000000, 0x00000000e8000000)
  eden space 87424K,   0% used [0x00000000e0000000, 0x00000000e0000000, 0x00000000e5560000)
  from space 21824K,  38% used [0x00000000e6ab0000, 0x00000000e72d8f98, 0x00000000e8000000)
  to   space 21824K,   0% used [0x00000000e5560000, 0x00000000e5560000, 0x00000000e6ab0000)
 concurrent mark-sweep generation total 393216K, used 5835K [0x00000000e8000000, 0x0000000100000000, 0x0000000100000000)
 Metaspace       used 25007K, capacity 25446K, committed 25648K, reserved 1071104K
  class space    used 2907K, capacity 3080K, committed 3120K, reserved 1048576K
}
2017-04-25T19:41:22.337+0200: 3,809: Total time for which application threads were stopped: 0,0353024 seconds, Stopping threads took: 0,0040248 seconds
2017-04-25T19:41:22.533+0200: 4,006: Total time for which application threads were stopped: 0,0005012 seconds, Stopping threads took: 0,0000403 seconds
2017-04-25T19:41:22.547+0200: 4,019: Total time for which application threads were stopped: 0,0004189 seconds, Stopping threads took: 0,0000226 seconds
2017-04-25T19:41:22.580+0200: 4,053: Total time for which application threads were stopped: 0,0005343 seconds, Stopping threads took: 0,0001654 seconds
2017-04-25T19:41:22.587+0200: 4,059: Total time for which application threads were stopped: 0,0002230 seconds, Stopping threads took: 0,0001305 seconds
2017-04-25T19:41:22.587+0200: 4,060: Total time for which application threads were stopped: 0,0001316 seconds, Stopping threads took: 0,0000686 seconds
2017-04-25T19:41:22.588+0200: 4,060: Total time for which application threads were stopped: 0,0001025 seconds, Stopping threads took: 0,0000397 seconds
2017-04-25T19:41:22.589+0200: 4,061: Total time for which application threads were stopped: 0,0000972 seconds, Stopping threads took: 0,0000293 seconds
2017-04-25T19:41:22.593+0200: 4,066: Total time for which application threads were stopped: 0,0003921 seconds, Stopping threads took: 0,0000189 seconds
2017-04-25T19:41:22.594+0200: 4,066: Total time for which application threads were stopped: 0,0000885 seconds, Stopping threads took: 0,0000291 seconds
2017-04-25T19:41:22.595+0200: 4,067: Total time for which application threads were stopped: 0,0001382 seconds, Stopping threads took: 0,0000832 seconds
2017-04-25T19:41:22.595+0200: 4,067: Total time for which application threads were stopped: 0,0000860 seconds, Stopping threads took: 0,0000397 seconds
2017-04-25T19:41:22.595+0200: 4,068: Total time for which application threads were stopped: 0,0000529 seconds, Stopping threads took: 0,0000153 seconds
2017-04-25T19:41:22.596+0200: 4,068: Total time for which application threads were stopped: 0,0000842 seconds, Stopping threads took: 0,0000267 seconds
2017-04-25T19:41:22.602+0200: 4,075: Total time for which application threads were stopped: 0,0000996 seconds, Stopping threads took: 0,0000317 seconds
2017-04-25T19:41:22.608+0200: 4,080: Total time for which application threads were stopped: 0,0001079 seconds, Stopping threads took: 0,0000255 seconds
2017-04-25T19:41:22.608+0200: 4,081: Total time for which application threads were stopped: 0,0000850 seconds, Stopping threads took: 0,0000171 seconds
2017-04-25T19:41:22.609+0200: 4,082: Total time for which application threads were stopped: 0,0000739 seconds, Stopping threads took: 0,0000123 seconds
2017-04-25T19:41:22.609+0200: 4,082: Total time for which application threads were stopped: 0,0000719 seconds, Stopping threads took: 0,0000120 seconds
2017-04-25T19:41:22.611+0200: 4,083: Total time for which application threads were stopped: 0,0001117 seconds, Stopping threads took: 0,0000180 seconds
2017-04-25T19:41:22.611+0200: 4,084: Total time for which application threads were stopped: 0,0000735 seconds, Stopping threads took: 0,0000113 seconds
2017-04-25T19:41:22.611+0200: 4,084: Total time for which application threads were stopped: 0,0000690 seconds, Stopping threads took: 0,0000093 seconds
2017-04-25T19:41:22.611+0200: 4,084: Total time for which application threads were stopped: 0,0000634 seconds, Stopping threads took: 0,0000131 seconds
2017-04-25T19:41:22.611+0200: 4,084: Total time for which application threads were stopped: 0,0000657 seconds, Stopping threads took: 0,0000096 seconds
2017-04-25T19:41:22.612+0200: 4,084: Total time for which application threads were stopped: 0,0000781 seconds, Stopping threads took: 0,0000194 seconds
2017-04-25T19:41:22.612+0200: 4,084: Total time for which application threads were stopped: 0,0000667 seconds, Stopping threads took: 0,0000088 seconds
2017-04-25T19:41:22.612+0200: 4,085: Total time for which application threads were stopped: 0,0001724 seconds, Stopping threads took: 0,0000087 seconds
2017-04-25T19:41:22.612+0200: 4,085: Total time for which application threads were stopped: 0,0000712 seconds, Stopping threads took: 0,0000104 seconds
2017-04-25T19:41:22.612+0200: 4,085: Total time for which application threads were stopped: 0,0000630 seconds, Stopping threads took: 0,0000110 seconds
2017-04-25T19:41:22.613+0200: 4,085: Total time for which application threads were stopped: 0,0000800 seconds, Stopping threads took: 0,0000105 seconds
2017-04-25T19:41:22.613+0200: 4,085: Total time for which application threads were stopped: 0,0000874 seconds, Stopping threads took: 0,0000260 seconds
2017-04-25T19:41:22.613+0200: 4,085: Total time for which application threads were stopped: 0,0000742 seconds, Stopping threads took: 0,0000165 seconds
2017-04-25T19:41:22.613+0200: 4,086: Total time for which application threads were stopped: 0,0000683 seconds, Stopping threads took: 0,0000092 seconds
2017-04-25T19:41:22.613+0200: 4,086: Total time for which application threads were stopped: 0,0000594 seconds, Stopping threads took: 0,0000082 seconds
2017-04-25T19:41:22.613+0200: 4,086: Total time for which application threads were stopped: 0,0000621 seconds, Stopping threads took: 0,0000086 seconds
2017-04-25T19:41:22.614+0200: 4,086: Total time for which application threads were stopped: 0,0000844 seconds, Stopping threads took: 0,0000098 seconds
2017-04-25T19:41:22.618+0200: 4,090: Total time for which application threads were stopped: 0,0040630 seconds, Stopping threads took: 0,0039712 seconds
2017-04-25T19:41:22.618+0200: 4,091: Total time for which application threads were stopped: 0,0001359 seconds, Stopping threads took: 0,0000656 seconds
2017-04-25T19:41:22.618+0200: 4,091: Total time for which application threads were stopped: 0,0000778 seconds, Stopping threads took: 0,0000351 seconds
2017-04-25T19:41:22.620+0200: 4,093: Total time for which application threads were stopped: 0,0017577 seconds, Stopping threads took: 0,0016834 seconds
2017-04-25T19:41:22.620+0200: 4,093: Total time for which application threads were stopped: 0,0001338 seconds, Stopping threads took: 0,0000787 seconds
2017-04-25T19:41:22.622+0200: 4,094: Total time for which application threads were stopped: 0,0003363 seconds, Stopping threads took: 0,0002531 seconds
2017-04-25T19:41:22.622+0200: 4,095: Total time for which application threads were stopped: 0,0001673 seconds, Stopping threads took: 0,0001176 seconds
2017-04-25T19:41:22.622+0200: 4,095: Total time for which application threads were stopped: 0,0000625 seconds, Stopping threads took: 0,0000207 seconds
2017-04-25T19:41:22.623+0200: 4,095: Total time for which application threads were stopped: 0,0000606 seconds, Stopping threads took: 0,0000207 seconds
2017-04-25T19:41:22.623+0200: 4,095: Total time for which application threads were stopped: 0,0000606 seconds, Stopping threads took: 0,0000181 seconds
2017-04-25T19:41:22.623+0200: 4,095: Total time for which application threads were stopped: 0,0001302 seconds, Stopping threads took: 0,0000155 seconds
2017-04-25T19:41:22.625+0200: 4,098: Total time for which application threads were stopped: 0,0001227 seconds, Stopping threads took: 0,0000557 seconds
2017-04-25T19:41:22.628+0200: 4,100: Total time for which application threads were stopped: 0,0001130 seconds, Stopping threads took: 0,0000365 seconds
2017-04-25T19:41:22.631+0200: 4,103: Total time for which application threads were stopped: 0,0001855 seconds, Stopping threads took: 0,0000666 seconds
2017-04-25T19:41:22.664+0200: 4,136: Total time for which application threads were stopped: 0,0001658 seconds, Stopping threads took: 0,0000479 seconds
2017-04-25T19:41:22.688+0200: 4,161: Total time for which application threads were stopped: 0,0004551 seconds, Stopping threads took: 0,0000389 seconds
2017-04-25T19:41:23.688+0200: 5,161: Total time for which application threads were stopped: 0,0000879 seconds, Stopping threads took: 0,0000168 seconds
2017-04-25T19:41:24.689+0200: 6,161: Total time for which application threads were stopped: 0,0000630 seconds, Stopping threads took: 0,0000160 seconds
2017-04-25T19:41:40.691+0200: 22,163: Total time for which application threads were stopped: 0,0000787 seconds, Stopping threads took: 0,0000312 seconds
2017-04-25T19:41:50.692+0200: 32,165: Total time for which application threads were stopped: 0,0000684 seconds, Stopping threads took: 0,0000162 seconds
2017-04-25T19:42:40.700+0200: 82,173: Total time for which application threads were stopped: 0,0001635 seconds, Stopping threads took: 0,0000626 seconds
2017-04-25T19:43:20.707+0200: 122,179: Total time for which application threads were stopped: 0,0001019 seconds, Stopping threads took: 0,0000391 seconds
2017-04-25T19:43:25.707+0200: 127,180: Total time for which application threads were stopped: 0,0001385 seconds, Stopping threads took: 0,0000335 seconds
2017-04-25T19:45:55.733+0200: 277,206: Total time for which application threads were stopped: 0,0001739 seconds, Stopping threads took: 0,0000657 seconds
2017-04-25T19:52:05.790+0200: 647,263: Total time for which application threads were stopped: 0,0000963 seconds, Stopping threads took: 0,0000354 seconds
2017-04-25T19:57:25.826+0200: 967,298: Total time for which application threads were stopped: 0,0000807 seconds, Stopping threads took: 0,0000299 seconds
2017-04-25T20:04:49.873+0200: 1411,346: Total time for which application threads were stopped: 0,0001831 seconds, Stopping threads took: 0,0000818 seconds
2017-04-25T20:09:09.905+0200: 1671,377: Total time for which application threads were stopped: 0,0000943 seconds, Stopping threads took: 0,0000334 seconds
2017-04-25T20:19:49.989+0200: 2311,462: Total time for which application threads were stopped: 0,0000886 seconds, Stopping threads took: 0,0000347 seconds
2017-04-25T20:19:50.989+0200: 2312,462: Total time for which application threads were stopped: 0,0000648 seconds, Stopping threads took: 0,0000144 seconds
2017-04-25T20:38:21.133+0200: 3422,606: Total time for which application threads were stopped: 0,0001087 seconds, Stopping threads took: 0,0000307 seconds
2017-04-25T20:45:10.181+0200: 3831,654: Total time for which application threads were stopped: 0,0000991 seconds, Stopping threads took: 0,0000329 seconds
2017-04-25T20:45:15.182+0200: 3836,654: Total time for which application threads were stopped: 0,0000908 seconds, Stopping threads took: 0,0000354 seconds
2017-04-25T20:47:50.201+0200: 3991,673: Total time for which application threads were stopped: 0,0004963 seconds, Stopping threads took: 0,0001889 seconds
2017-04-25T21:03:51.314+0200: 4952,786: Total time for which application threads were stopped: 0,0000849 seconds, Stopping threads took: 0,0000301 seconds
2017-04-25T21:04:26.318+0200: 4987,791: Total time for which application threads were stopped: 0,0000789 seconds, Stopping threads took: 0,0000300 seconds
2017-04-25T21:10:45.460+0200: 5366,932: Total time for which application threads were stopped: 0,0000971 seconds, Stopping threads took: 0,0000149 seconds
2017-04-25T21:10:45.483+0200: 5366,955: Total time for which application threads were stopped: 0,0003174 seconds, Stopping threads took: 0,0002395 seconds
2017-04-25T21:10:45.493+0200: 5366,966: Total time for which application threads were stopped: 0,0000870 seconds, Stopping threads took: 0,0000173 seconds
2017-04-25T21:10:45.494+0200: 5366,967: Total time for which application threads were stopped: 0,0000923 seconds, Stopping threads took: 0,0000317 seconds
2017-04-25T21:10:45.496+0200: 5366,969: Total time for which application threads were stopped: 0,0001201 seconds, Stopping threads took: 0,0000417 seconds
2017-04-25T21:10:45.497+0200: 5366,969: Total time for which application threads were stopped: 0,0000904 seconds, Stopping threads took: 0,0000319 seconds
2017-04-25T21:10:45.499+0200: 5366,971: Total time for which application threads were stopped: 0,0008991 seconds, Stopping threads took: 0,0008291 seconds
2017-04-25T21:10:45.499+0200: 5366,972: Total time for which application threads were stopped: 0,0000615 seconds, Stopping threads took: 0,0000117 seconds
2017-04-25T21:10:45.499+0200: 5366,972: Total time for which application threads were stopped: 0,0000614 seconds, Stopping threads took: 0,0000259 seconds
2017-04-25T21:10:45.501+0200: 5366,973: Total time for which application threads were stopped: 0,0000799 seconds, Stopping threads took: 0,0000151 seconds
2017-04-25T21:10:45.501+0200: 5366,974: Total time for which application threads were stopped: 0,0000682 seconds, Stopping threads took: 0,0000313 seconds
2017-04-25T21:10:45.502+0200: 5366,974: Total time for which application threads were stopped: 0,0000664 seconds, Stopping threads took: 0,0000137 seconds
2017-04-25T21:10:45.502+0200: 5366,974: Total time for which application threads were stopped: 0,0000514 seconds, Stopping threads took: 0,0000212 seconds
2017-04-25T21:10:45.502+0200: 5366,974: Total time for which application threads were stopped: 0,0000352 seconds, Stopping threads took: 0,0000063 seconds
2017-04-25T21:10:45.502+0200: 5366,975: Total time for which application threads were stopped: 0,0000579 seconds, Stopping threads took: 0,0000197 seconds
2017-04-25T21:10:45.502+0200: 5366,975: Total time for which application threads were stopped: 0,0001625 seconds, Stopping threads took: 0,0000209 seconds
2017-04-25T21:10:45.503+0200: 5366,976: Total time for which application threads were stopped: 0,0001049 seconds, Stopping threads took: 0,0000517 seconds
2017-04-25T21:10:45.506+0200: 5366,979: Total time for which application threads were stopped: 0,0025344 seconds, Stopping threads took: 0,0024327 seconds
2017-04-25T21:10:45.507+0200: 5366,979: Total time for which application threads were stopped: 0,0000807 seconds, Stopping threads took: 0,0000381 seconds
2017-04-25T21:10:45.507+0200: 5366,980: Total time for which application threads were stopped: 0,0001205 seconds, Stopping threads took: 0,0000232 seconds
Heap
 par new generation   total 109248K, used 94392K [0x00000000e0000000, 0x00000000e8000000, 0x00000000e8000000)
  eden space 87424K,  98% used [0x00000000e0000000, 0x00000000e5405360, 0x00000000e5560000)
  from space 21824K,  38% used [0x00000000e6ab0000, 0x00000000e72d8f98, 0x00000000e8000000)
  to   space 21824K,   0% used [0x00000000e5560000, 0x00000000e5560000, 0x00000000e6ab0000)
 concurrent mark-sweep generation total 393216K, used 5835K [0x00000000e8000000, 0x0000000100000000, 0x0000000100000000)
 Metaspace       used 28114K, capacity 28656K, committed 28848K, reserved 1075200K
  class space    used 3225K, capacity 3421K, committed 3504K, reserved 1048576K
