OpenJDK 64-Bit Server VM (25.91-b14) for linux-amd64 JRE (1.8.0_91-8u91-b14-3ubuntu1~16.04.1-b14), built on Jul 21 2016 04:13:34 by "buildd" with gcc 5.3.1 20160413
Memory: 4k page, physical 7867876k(7550708k free), swap 8076284k(8076284k free)
CommandLine flags: -XX:CMSInitiatingOccupancyFraction=50 -XX:CMSMaxAbortablePrecleanTime=6000 -XX:+CMSParallelRemarkEnabled -XX:+CMSScavengeBeforeRemark -XX:ConcGCThreads=4 -XX:InitialHeapSize=536870912 -XX:MaxHeapSize=536870912 -XX:MaxTenuringThreshold=8 -XX:NewRatio=3 -XX:OldPLABSize=16 -XX:OnOutOfMemoryError=/opt/solr/bin/oom_solr.sh 8983 /var/solr/logs -XX:ParallelGCThreads=4 -XX:+ParallelRefProcEnabled -XX:PretenureSizeThreshold=67108864 -XX:+PrintGC -XX:+PrintGCApplicationStoppedTime -XX:+PrintGCDateStamps -XX:+PrintGCDetails -XX:+PrintGCTimeStamps -XX:+PrintHeapAtGC -XX:+PrintTenuringDistribution -XX:SurvivorRatio=4 -XX:TargetSurvivorRatio=90 -XX:ThreadStackSize=256 -XX:+UseCMSInitiatingOccupancyOnly -XX:+UseCompressedClassPointers -XX:+UseCompressedOops -XX:+UseConcMarkSweepGC -XX:+UseParNewGC 
2016-11-02T13:34:56.693+0100: 0,122: Total time for which application threads were stopped: 0,0000689 seconds, Stopping threads took: 0,0000161 seconds
2016-11-02T13:34:56.755+0100: 0,184: Total time for which application threads were stopped: 0,0001161 seconds, Stopping threads took: 0,0000169 seconds
2016-11-02T13:34:56.768+0100: 0,197: Total time for which application threads were stopped: 0,0000811 seconds, Stopping threads took: 0,0000139 seconds
2016-11-02T13:34:56.936+0100: 0,365: Total time for which application threads were stopped: 0,0001593 seconds, Stopping threads took: 0,0000289 seconds
2016-11-02T13:34:57.157+0100: 0,586: Total time for which application threads were stopped: 0,0001192 seconds, Stopping threads took: 0,0000158 seconds
2016-11-02T13:34:57.269+0100: 0,698: Total time for which application threads were stopped: 0,0025562 seconds, Stopping threads took: 0,0023588 seconds
2016-11-02T13:34:57.380+0100: 0,809: Total time for which application threads were stopped: 0,0001505 seconds, Stopping threads took: 0,0000233 seconds
2016-11-02T13:34:57.593+0100: 1,022: Total time for which application threads were stopped: 0,0001654 seconds, Stopping threads took: 0,0000225 seconds
2016-11-02T13:34:57.867+0100: 1,296: Total time for which application threads were stopped: 0,0002383 seconds, Stopping threads took: 0,0000180 seconds
2016-11-02T13:34:57.966+0100: 1,395: Total time for which application threads were stopped: 0,0005746 seconds, Stopping threads took: 0,0000629 seconds
2016-11-02T13:34:57.967+0100: 1,396: Total time for which application threads were stopped: 0,0001146 seconds, Stopping threads took: 0,0000190 seconds
2016-11-02T13:34:57.981+0100: 1,410: Total time for which application threads were stopped: 0,0003796 seconds, Stopping threads took: 0,0000234 seconds
2016-11-02T13:34:58.082+0100: 1,511: Total time for which application threads were stopped: 0,0002215 seconds, Stopping threads took: 0,0000166 seconds
2016-11-02T13:34:58.212+0100: 1,641: Total time for which application threads were stopped: 0,0003027 seconds, Stopping threads took: 0,0000620 seconds
{Heap before GC invocations=0 (full 0):
 par new generation   total 109248K, used 87424K [0x00000000e0000000, 0x00000000e8000000, 0x00000000e8000000)
  eden space 87424K, 100% used [0x00000000e0000000, 0x00000000e5560000, 0x00000000e5560000)
  from space 21824K,   0% used [0x00000000e5560000, 0x00000000e5560000, 0x00000000e6ab0000)
  to   space 21824K,   0% used [0x00000000e6ab0000, 0x00000000e6ab0000, 0x00000000e8000000)
 concurrent mark-sweep generation total 393216K, used 0K [0x00000000e8000000, 0x0000000100000000, 0x0000000100000000)
 Metaspace       used 18308K, capacity 18662K, committed 18944K, reserved 1067008K
  class space    used 2084K, capacity 2196K, committed 2304K, reserved 1048576K
2016-11-02T13:34:58.365+0100: 1,794: [GC (Allocation Failure) 2016-11-02T13:34:58.366+0100: 1,795: [ParNew
Desired survivor size 20112992 bytes, new threshold 8 (max 8)
- age   1:   12245672 bytes,   12245672 total
: 87424K->12073K(109248K), 0,0258298 secs] 87424K->12073K(502464K), 0,0261020 secs] [Times: user=0,05 sys=0,04, real=0,03 secs] 
Heap after GC invocations=1 (full 0):
 par new generation   total 109248K, used 12073K [0x00000000e0000000, 0x00000000e8000000, 0x00000000e8000000)
  eden space 87424K,   0% used [0x00000000e0000000, 0x00000000e0000000, 0x00000000e5560000)
  from space 21824K,  55% used [0x00000000e6ab0000, 0x00000000e767a4a0, 0x00000000e8000000)
  to   space 21824K,   0% used [0x00000000e5560000, 0x00000000e5560000, 0x00000000e6ab0000)
 concurrent mark-sweep generation total 393216K, used 0K [0x00000000e8000000, 0x0000000100000000, 0x0000000100000000)
 Metaspace       used 18308K, capacity 18662K, committed 18944K, reserved 1067008K
  class space    used 2084K, capacity 2196K, committed 2304K, reserved 1048576K
}
2016-11-02T13:34:58.392+0100: 1,821: Total time for which application threads were stopped: 0,0265406 seconds, Stopping threads took: 0,0000290 seconds
2016-11-02T13:34:58.571+0100: 2,000: Total time for which application threads were stopped: 0,0004093 seconds, Stopping threads took: 0,0000455 seconds
2016-11-02T13:34:58.617+0100: 2,046: Total time for which application threads were stopped: 0,0003010 seconds, Stopping threads took: 0,0000482 seconds
2016-11-02T13:34:58.655+0100: 2,084: Total time for which application threads were stopped: 0,0003144 seconds, Stopping threads took: 0,0000234 seconds
{Heap before GC invocations=1 (full 0):
 par new generation   total 109248K, used 99497K [0x00000000e0000000, 0x00000000e8000000, 0x00000000e8000000)
  eden space 87424K, 100% used [0x00000000e0000000, 0x00000000e5560000, 0x00000000e5560000)
  from space 21824K,  55% used [0x00000000e6ab0000, 0x00000000e767a4a0, 0x00000000e8000000)
  to   space 21824K,   0% used [0x00000000e5560000, 0x00000000e5560000, 0x00000000e6ab0000)
 concurrent mark-sweep generation total 393216K, used 0K [0x00000000e8000000, 0x0000000100000000, 0x0000000100000000)
 Metaspace       used 20670K, capacity 21026K, committed 21248K, reserved 1069056K
  class space    used 2400K, capacity 2519K, committed 2560K, reserved 1048576K
2016-11-02T13:34:58.815+0100: 2,244: [GC (Allocation Failure) 2016-11-02T13:34:58.815+0100: 2,244: [ParNew
Desired survivor size 20112992 bytes, new threshold 8 (max 8)
- age   1:    3133440 bytes,    3133440 total
- age   2:    5991896 bytes,    9125336 total
: 99497K->12903K(109248K), 0,0134347 secs] 99497K->12903K(502464K), 0,0135119 secs] [Times: user=0,04 sys=0,00, real=0,01 secs] 
Heap after GC invocations=2 (full 0):
 par new generation   total 109248K, used 12903K [0x00000000e0000000, 0x00000000e8000000, 0x00000000e8000000)
  eden space 87424K,   0% used [0x00000000e0000000, 0x00000000e0000000, 0x00000000e5560000)
  from space 21824K,  59% used [0x00000000e5560000, 0x00000000e61f9e48, 0x00000000e6ab0000)
  to   space 21824K,   0% used [0x00000000e6ab0000, 0x00000000e6ab0000, 0x00000000e8000000)
 concurrent mark-sweep generation total 393216K, used 0K [0x00000000e8000000, 0x0000000100000000, 0x0000000100000000)
 Metaspace       used 20670K, capacity 21026K, committed 21248K, reserved 1069056K
  class space    used 2400K, capacity 2519K, committed 2560K, reserved 1048576K
}
2016-11-02T13:34:58.829+0100: 2,258: Total time for which application threads were stopped: 0,0137466 seconds, Stopping threads took: 0,0000242 seconds
2016-11-02T13:34:58.899+0100: 2,328: Total time for which application threads were stopped: 0,0000997 seconds, Stopping threads took: 0,0000153 seconds
2016-11-02T13:34:58.922+0100: 2,351: Total time for which application threads were stopped: 0,0002701 seconds, Stopping threads took: 0,0000296 seconds
2016-11-02T13:34:58.927+0100: 2,356: Total time for which application threads were stopped: 0,0000762 seconds, Stopping threads took: 0,0000206 seconds
2016-11-02T13:34:58.973+0100: 2,402: Total time for which application threads were stopped: 0,0001125 seconds, Stopping threads took: 0,0000244 seconds
2016-11-02T13:34:59.001+0100: 2,430: Total time for which application threads were stopped: 0,0001029 seconds, Stopping threads took: 0,0000313 seconds
2016-11-02T13:34:59.021+0100: 2,450: Total time for which application threads were stopped: 0,0001047 seconds, Stopping threads took: 0,0000319 seconds
2016-11-02T13:34:59.024+0100: 2,453: Total time for which application threads were stopped: 0,0003367 seconds, Stopping threads took: 0,0000277 seconds
2016-11-02T13:34:59.057+0100: 2,486: Total time for which application threads were stopped: 0,0000989 seconds, Stopping threads took: 0,0000347 seconds
2016-11-02T13:34:59.082+0100: 2,511: Total time for which application threads were stopped: 0,0001017 seconds, Stopping threads took: 0,0000177 seconds
2016-11-02T13:34:59.097+0100: 2,526: Total time for which application threads were stopped: 0,0000810 seconds, Stopping threads took: 0,0000190 seconds
2016-11-02T13:34:59.111+0100: 2,540: Total time for which application threads were stopped: 0,0000680 seconds, Stopping threads took: 0,0000136 seconds
2016-11-02T13:34:59.142+0100: 2,571: Total time for which application threads were stopped: 0,0000908 seconds, Stopping threads took: 0,0000206 seconds
2016-11-02T13:34:59.167+0100: 2,596: Total time for which application threads were stopped: 0,0001836 seconds, Stopping threads took: 0,0001103 seconds
2016-11-02T13:34:59.216+0100: 2,645: Total time for which application threads were stopped: 0,0001484 seconds, Stopping threads took: 0,0000741 seconds
2016-11-02T13:34:59.257+0100: 2,686: Total time for which application threads were stopped: 0,0001030 seconds, Stopping threads took: 0,0000276 seconds
2016-11-02T13:34:59.297+0100: 2,726: Total time for which application threads were stopped: 0,0001475 seconds, Stopping threads took: 0,0000477 seconds
2016-11-02T13:34:59.335+0100: 2,764: Total time for which application threads were stopped: 0,0004469 seconds, Stopping threads took: 0,0000385 seconds
2016-11-02T13:34:59.339+0100: 2,768: Total time for which application threads were stopped: 0,0001338 seconds, Stopping threads took: 0,0000403 seconds
2016-11-02T13:34:59.391+0100: 2,820: Total time for which application threads were stopped: 0,0001906 seconds, Stopping threads took: 0,0000536 seconds
2016-11-02T13:34:59.424+0100: 2,853: Total time for which application threads were stopped: 0,0000875 seconds, Stopping threads took: 0,0000199 seconds
{Heap before GC invocations=2 (full 0):
 par new generation   total 109248K, used 100327K [0x00000000e0000000, 0x00000000e8000000, 0x00000000e8000000)
  eden space 87424K, 100% used [0x00000000e0000000, 0x00000000e5560000, 0x00000000e5560000)
  from space 21824K,  59% used [0x00000000e5560000, 0x00000000e61f9e48, 0x00000000e6ab0000)
  to   space 21824K,   0% used [0x00000000e6ab0000, 0x00000000e6ab0000, 0x00000000e8000000)
 concurrent mark-sweep generation total 393216K, used 0K [0x00000000e8000000, 0x0000000100000000, 0x0000000100000000)
 Metaspace       used 26297K, capacity 26694K, committed 26864K, reserved 1073152K
  class space    used 3059K, capacity 3191K, committed 3244K, reserved 1048576K
2016-11-02T13:34:59.437+0100: 2,866: [GC (Allocation Failure) 2016-11-02T13:34:59.437+0100: 2,866: [ParNew
Desired survivor size 20112992 bytes, new threshold 8 (max 8)
- age   1:    8463344 bytes,    8463344 total
- age   2:     512768 bytes,    8976112 total
- age   3:    5982840 bytes,   14958952 total
: 100327K->16851K(109248K), 0,0207352 secs] 100327K->16851K(502464K), 0,0207928 secs] [Times: user=0,08 sys=0,01, real=0,02 secs] 
Heap after GC invocations=3 (full 0):
 par new generation   total 109248K, used 16851K [0x00000000e0000000, 0x00000000e8000000, 0x00000000e8000000)
  eden space 87424K,   0% used [0x00000000e0000000, 0x00000000e0000000, 0x00000000e5560000)
  from space 21824K,  77% used [0x00000000e6ab0000, 0x00000000e7b24dd0, 0x00000000e8000000)
  to   space 21824K,   0% used [0x00000000e5560000, 0x00000000e5560000, 0x00000000e6ab0000)
 concurrent mark-sweep generation total 393216K, used 0K [0x00000000e8000000, 0x0000000100000000, 0x0000000100000000)
 Metaspace       used 26297K, capacity 26694K, committed 26864K, reserved 1073152K
  class space    used 3059K, capacity 3191K, committed 3244K, reserved 1048576K
}
2016-11-02T13:34:59.458+0100: 2,887: Total time for which application threads were stopped: 0,0210452 seconds, Stopping threads took: 0,0000876 seconds
2016-11-02T13:34:59.458+0100: 2,887: [GC (CMS Initial Mark) [1 CMS-initial-mark: 0K(393216K)] 18243K(502464K), 0,0032961 secs] [Times: user=0,01 sys=0,00, real=0,00 secs] 
2016-11-02T13:34:59.461+0100: 2,890: Total time for which application threads were stopped: 0,0034176 seconds, Stopping threads took: 0,0000328 seconds
2016-11-02T13:34:59.461+0100: 2,890: [CMS-concurrent-mark-start]
2016-11-02T13:34:59.470+0100: 2,899: [CMS-concurrent-mark: 0,008/0,008 secs] [Times: user=0,03 sys=0,00, real=0,01 secs] 
2016-11-02T13:34:59.470+0100: 2,899: Total time for which application threads were stopped: 0,0001530 seconds, Stopping threads took: 0,0000876 seconds
2016-11-02T13:34:59.470+0100: 2,899: [CMS-concurrent-preclean-start]
2016-11-02T13:34:59.471+0100: 2,900: [CMS-concurrent-preclean: 0,001/0,001 secs] [Times: user=0,01 sys=0,00, real=0,01 secs] 
2016-11-02T13:34:59.471+0100: 2,900: [GC (CMS Final Remark) [YG occupancy: 18680 K (109248 K)]{Heap before GC invocations=3 (full 1):
 par new generation   total 109248K, used 18680K [0x00000000e0000000, 0x00000000e8000000, 0x00000000e8000000)
  eden space 87424K,   2% used [0x00000000e0000000, 0x00000000e01c9590, 0x00000000e5560000)
  from space 21824K,  77% used [0x00000000e6ab0000, 0x00000000e7b24dd0, 0x00000000e8000000)
  to   space 21824K,   0% used [0x00000000e5560000, 0x00000000e5560000, 0x00000000e6ab0000)
 concurrent mark-sweep generation total 393216K, used 0K [0x00000000e8000000, 0x0000000100000000, 0x0000000100000000)
 Metaspace       used 26425K, capacity 26854K, committed 27196K, reserved 1073152K
  class space    used 3075K, capacity 3223K, committed 3244K, reserved 1048576K
2016-11-02T13:34:59.472+0100: 2,901: [GC (CMS Final Remark) 2016-11-02T13:34:59.472+0100: 2,901: [ParNew
Desired survivor size 20112992 bytes, new threshold 8 (max 8)
- age   1:     126952 bytes,     126952 total
- age   2:    3511920 bytes,    3638872 total
- age   3:     510400 bytes,    4149272 total
- age   4:    5981392 bytes,   10130664 total
: 18680K->18378K(109248K), 0,0140868 secs] 18680K->18378K(502464K), 0,0141403 secs] [Times: user=0,05 sys=0,00, real=0,01 secs] 
Heap after GC invocations=4 (full 1):
 par new generation   total 109248K, used 18378K [0x00000000e0000000, 0x00000000e8000000, 0x00000000e8000000)
  eden space 87424K,   0% used [0x00000000e0000000, 0x00000000e0000000, 0x00000000e5560000)
  from space 21824K,  84% used [0x00000000e5560000, 0x00000000e6752b60, 0x00000000e6ab0000)
  to   space 21824K,   0% used [0x00000000e6ab0000, 0x00000000e6ab0000, 0x00000000e8000000)
 concurrent mark-sweep generation total 393216K, used 0K [0x00000000e8000000, 0x0000000100000000, 0x0000000100000000)
 Metaspace       used 26425K, capacity 26854K, committed 27196K, reserved 1073152K
  class space    used 3075K, capacity 3223K, committed 3244K, reserved 1048576K
}
2016-11-02T13:34:59.486+0100: 2,915: [Rescan (parallel) , 0,0045803 secs]2016-11-02T13:34:59.490+0100: 2,919: [weak refs processing, 0,0005763 secs]2016-11-02T13:34:59.491+0100: 2,920: [class unloading, 0,0031843 secs]2016-11-02T13:34:59.494+0100: 2,923: [scrub symbol table, 0,0044426 secs]2016-11-02T13:34:59.499+0100: 2,928: [scrub string table, 0,0003859 secs][1 CMS-remark: 0K(393216K)] 18378K(502464K), 0,0280120 secs] [Times: user=0,07 sys=0,01, real=0,02 secs] 
2016-11-02T13:34:59.500+0100: 2,929: Total time for which application threads were stopped: 0,0281372 seconds, Stopping threads took: 0,0000478 seconds
2016-11-02T13:34:59.500+0100: 2,929: [CMS-concurrent-sweep-start]
2016-11-02T13:34:59.500+0100: 2,929: [CMS-concurrent-sweep: 0,000/0,000 secs] [Times: user=0,00 sys=0,00, real=0,00 secs] 
2016-11-02T13:34:59.500+0100: 2,929: [CMS-concurrent-reset-start]
2016-11-02T13:34:59.501+0100: 2,930: [CMS-concurrent-reset: 0,002/0,002 secs] [Times: user=0,01 sys=0,00, real=0,00 secs] 
2016-11-02T13:34:59.502+0100: 2,931: Total time for which application threads were stopped: 0,0001247 seconds, Stopping threads took: 0,0000719 seconds
2016-11-02T13:35:00.504+0100: 3,933: Total time for which application threads were stopped: 0,0000816 seconds, Stopping threads took: 0,0000199 seconds
2016-11-02T13:35:00.629+0100: 4,058: Total time for which application threads were stopped: 0,0003066 seconds, Stopping threads took: 0,0000180 seconds
2016-11-02T13:35:27.632+0100: 31,061: Total time for which application threads were stopped: 0,0000742 seconds, Stopping threads took: 0,0000305 seconds
2016-11-02T13:35:57.635+0100: 61,065: Total time for which application threads were stopped: 0,0000754 seconds, Stopping threads took: 0,0000320 seconds
2016-11-02T13:36:12.652+0100: 76,081: Total time for which application threads were stopped: 0,0001529 seconds, Stopping threads took: 0,0000532 seconds
2016-11-02T13:36:17.653+0100: 81,082: Total time for which application threads were stopped: 0,0005730 seconds, Stopping threads took: 0,0002459 seconds
2016-11-02T13:36:22.653+0100: 86,082: Total time for which application threads were stopped: 0,0000789 seconds, Stopping threads took: 0,0000206 seconds
2016-11-02T13:36:33.655+0100: 97,084: Total time for which application threads were stopped: 0,0000964 seconds, Stopping threads took: 0,0000245 seconds
2016-11-02T13:37:23.661+0100: 147,090: Total time for which application threads were stopped: 0,0005627 seconds, Stopping threads took: 0,0001949 seconds
2016-11-02T13:37:38.663+0100: 162,092: Total time for which application threads were stopped: 0,0000596 seconds, Stopping threads took: 0,0000162 seconds
2016-11-02T13:37:43.664+0100: 167,093: Total time for which application threads were stopped: 0,0000765 seconds, Stopping threads took: 0,0000201 seconds
2016-11-02T13:37:57.665+0100: 181,094: Total time for which application threads were stopped: 0,0001050 seconds, Stopping threads took: 0,0000434 seconds
2016-11-02T13:38:02.666+0100: 186,095: Total time for which application threads were stopped: 0,0000776 seconds, Stopping threads took: 0,0000210 seconds
2016-11-02T13:38:33.669+0100: 217,098: Total time for which application threads were stopped: 0,0000743 seconds, Stopping threads took: 0,0000307 seconds
2016-11-02T13:39:43.677+0100: 287,106: Total time for which application threads were stopped: 0,0006103 seconds, Stopping threads took: 0,0002372 seconds
2016-11-02T13:58:42.810+0100: 1426,239: Total time for which application threads were stopped: 0,0001167 seconds, Stopping threads took: 0,0000454 seconds
2016-11-02T14:03:42.844+0100: 1726,273: Total time for which application threads were stopped: 0,0003748 seconds, Stopping threads took: 0,0001650 seconds
2016-11-02T14:05:08.854+0100: 1812,283: Total time for which application threads were stopped: 0,0000735 seconds, Stopping threads took: 0,0000298 seconds
2016-11-02T14:11:48.917+0100: 2212,346: Total time for which application threads were stopped: 0,0001540 seconds, Stopping threads took: 0,0000624 seconds
2016-11-02T14:13:37.935+0100: 2321,364: Total time for which application threads were stopped: 0,0001540 seconds, Stopping threads took: 0,0000616 seconds
2016-11-02T14:13:38.935+0100: 2322,365: Total time for which application threads were stopped: 0,0001496 seconds, Stopping threads took: 0,0000554 seconds
2016-11-02T14:28:14.078+0100: 3197,507: Total time for which application threads were stopped: 0,0001539 seconds, Stopping threads took: 0,0000611 seconds
2016-11-02T14:37:23.167+0100: 3746,596: Total time for which application threads were stopped: 0,0000732 seconds, Stopping threads took: 0,0000288 seconds
2016-11-02T14:38:53.182+0100: 3836,611: Total time for which application threads were stopped: 0,0001564 seconds, Stopping threads took: 0,0000621 seconds
2016-11-02T14:39:28.188+0100: 3871,617: Total time for which application threads were stopped: 0,0000750 seconds, Stopping threads took: 0,0000295 seconds
2016-11-02T14:41:58.212+0100: 4021,641: Total time for which application threads were stopped: 0,0000843 seconds, Stopping threads took: 0,0000312 seconds
2016-11-02T15:18:58.572+0100: 6242,001: Total time for which application threads were stopped: 0,0000818 seconds, Stopping threads took: 0,0000334 seconds
2016-11-02T15:19:23.576+0100: 6267,005: Total time for which application threads were stopped: 0,0000700 seconds, Stopping threads took: 0,0000280 seconds
2016-11-02T15:20:03.583+0100: 6307,012: Total time for which application threads were stopped: 0,0000823 seconds, Stopping threads took: 0,0000337 seconds
2016-11-02T15:39:57.741+0100: 7501,170: Total time for which application threads were stopped: 0,0000760 seconds, Stopping threads took: 0,0000309 seconds
2016-11-02T15:40:27.745+0100: 7531,174: Total time for which application threads were stopped: 0,0001004 seconds, Stopping threads took: 0,0000326 seconds
2016-11-02T15:42:57.763+0100: 7681,193: Total time for which application threads were stopped: 0,0000753 seconds, Stopping threads took: 0,0000329 seconds
2016-11-02T15:47:26.783+0100: 7950,212: Total time for which application threads were stopped: 0,0001083 seconds, Stopping threads took: 0,0000190 seconds
2016-11-02T15:47:26.792+0100: 7950,221: Total time for which application threads were stopped: 0,0032511 seconds, Stopping threads took: 0,0031755 seconds
2016-11-02T15:47:26.914+0100: 7950,343: Total time for which application threads were stopped: 0,0005140 seconds, Stopping threads took: 0,0001008 seconds
2016-11-02T15:47:26.914+0100: 7950,343: Total time for which application threads were stopped: 0,0003093 seconds, Stopping threads took: 0,0000677 seconds
2016-11-02T15:47:26.980+0100: 7950,409: Total time for which application threads were stopped: 0,0001437 seconds, Stopping threads took: 0,0000513 seconds
2016-11-02T15:47:26.988+0100: 7950,417: Total time for which application threads were stopped: 0,0000909 seconds, Stopping threads took: 0,0000294 seconds
2016-11-02T15:47:27.071+0100: 7950,500: Total time for which application threads were stopped: 0,0001053 seconds, Stopping threads took: 0,0000249 seconds
2016-11-02T15:47:27.127+0100: 7950,556: Total time for which application threads were stopped: 0,0002250 seconds, Stopping threads took: 0,0001011 seconds
2016-11-02T15:47:28.127+0100: 7951,556: Total time for which application threads were stopped: 0,0000599 seconds, Stopping threads took: 0,0000151 seconds
2016-11-02T15:56:37.201+0100: 8500,630: Total time for which application threads were stopped: 0,0000940 seconds, Stopping threads took: 0,0000374 seconds
2016-11-02T16:19:45.622+0100: 9889,051: Total time for which application threads were stopped: 0,0000899 seconds, Stopping threads took: 0,0000343 seconds
2016-11-02T16:19:45.697+0100: 9889,126: Total time for which application threads were stopped: 0,0001444 seconds, Stopping threads took: 0,0000339 seconds
2016-11-02T16:19:45.713+0100: 9889,142: Total time for which application threads were stopped: 0,0001238 seconds, Stopping threads took: 0,0000402 seconds
2016-11-02T16:19:45.713+0100: 9889,142: Total time for which application threads were stopped: 0,0000725 seconds, Stopping threads took: 0,0000218 seconds
2016-11-02T16:19:45.723+0100: 9889,152: Total time for which application threads were stopped: 0,0002761 seconds, Stopping threads took: 0,0001335 seconds
Heap
 par new generation   total 109248K, used 58209K [0x00000000e0000000, 0x00000000e8000000, 0x00000000e8000000)
  eden space 87424K,  45% used [0x00000000e0000000, 0x00000000e26e5c58, 0x00000000e5560000)
  from space 21824K,  84% used [0x00000000e5560000, 0x00000000e6752b60, 0x00000000e6ab0000)
  to   space 21824K,   0% used [0x00000000e6ab0000, 0x00000000e6ab0000, 0x00000000e8000000)
 concurrent mark-sweep generation total 393216K, used 0K [0x00000000e8000000, 0x0000000100000000, 0x0000000100000000)
 Metaspace       used 28511K, capacity 28982K, committed 29372K, reserved 1075200K
  class space    used 3351K, capacity 3548K, committed 3628K, reserved 1048576K
