OpenJDK 64-Bit Server VM (25.131-b11) for linux-amd64 JRE (1.8.0_131-8u131-b11-0ubuntu1.16.04.2-b11), built on May  6 2017 02:45:27 by "buildd" with gcc 5.4.0 20160609
Memory: 4k page, physical 7867740k(7407504k free), swap 8076284k(8076284k free)
CommandLine flags: -XX:CMSInitiatingOccupancyFraction=50 -XX:CMSMaxAbortablePrecleanTime=6000 -XX:+CMSParallelRemarkEnabled -XX:+CMSScavengeBeforeRemark -XX:ConcGCThreads=4 -XX:InitialHeapSize=536870912 -XX:MaxHeapSize=536870912 -XX:MaxTenuringThreshold=8 -XX:NewRatio=3 -XX:OldPLABSize=16 -XX:OnOutOfMemoryError=/opt/solr/bin/oom_solr.sh 8983 /var/solr/logs -XX:ParallelGCThreads=4 -XX:+ParallelRefProcEnabled -XX:PretenureSizeThreshold=67108864 -XX:+PrintGC -XX:+PrintGCApplicationStoppedTime -XX:+PrintGCDateStamps -XX:+PrintGCDetails -XX:+PrintGCTimeStamps -XX:+PrintHeapAtGC -XX:+PrintTenuringDistribution -XX:SurvivorRatio=4 -XX:TargetSurvivorRatio=90 -XX:ThreadStackSize=256 -XX:+UseCMSInitiatingOccupancyOnly -XX:+UseCompressedClassPointers -XX:+UseCompressedOops -XX:+UseConcMarkSweepGC -XX:+UseParNewGC 
2017-06-09T08:49:31.902+0200: 0,153: Total time for which application threads were stopped: 0,0000755 seconds, Stopping threads took: 0,0000126 seconds
2017-06-09T08:49:31.985+0200: 0,236: Total time for which application threads were stopped: 0,0001136 seconds, Stopping threads took: 0,0000180 seconds
2017-06-09T08:49:32.001+0200: 0,252: Total time for which application threads were stopped: 0,0001034 seconds, Stopping threads took: 0,0000162 seconds
2017-06-09T08:49:32.210+0200: 0,461: Total time for which application threads were stopped: 0,0001801 seconds, Stopping threads took: 0,0000317 seconds
2017-06-09T08:49:32.659+0200: 0,910: Total time for which application threads were stopped: 0,0001827 seconds, Stopping threads took: 0,0000263 seconds
2017-06-09T08:49:32.761+0200: 1,013: Total time for which application threads were stopped: 0,0002199 seconds, Stopping threads took: 0,0000289 seconds
2017-06-09T08:49:32.818+0200: 1,069: Total time for which application threads were stopped: 0,0006501 seconds, Stopping threads took: 0,0001551 seconds
2017-06-09T08:49:33.075+0200: 1,327: Total time for which application threads were stopped: 0,0001718 seconds, Stopping threads took: 0,0000152 seconds
2017-06-09T08:49:33.293+0200: 1,545: Total time for which application threads were stopped: 0,0002173 seconds, Stopping threads took: 0,0000148 seconds
2017-06-09T08:49:33.313+0200: 1,564: Total time for which application threads were stopped: 0,0001670 seconds, Stopping threads took: 0,0000106 seconds
2017-06-09T08:49:33.348+0200: 1,599: Total time for which application threads were stopped: 0,0002463 seconds, Stopping threads took: 0,0000224 seconds
2017-06-09T08:49:33.349+0200: 1,600: Total time for which application threads were stopped: 0,0002477 seconds, Stopping threads took: 0,0000278 seconds
2017-06-09T08:49:33.369+0200: 1,620: Total time for which application threads were stopped: 0,0009867 seconds, Stopping threads took: 0,0001678 seconds
2017-06-09T08:49:33.464+0200: 1,715: Total time for which application threads were stopped: 0,0002537 seconds, Stopping threads took: 0,0000302 seconds
2017-06-09T08:49:33.647+0200: 1,898: Total time for which application threads were stopped: 0,0005252 seconds, Stopping threads took: 0,0002972 seconds
{Heap before GC invocations=0 (full 0):
 par new generation   total 109248K, used 87424K [0x00000000e0000000, 0x00000000e8000000, 0x00000000e8000000)
  eden space 87424K, 100% used [0x00000000e0000000, 0x00000000e5560000, 0x00000000e5560000)
  from space 21824K,   0% used [0x00000000e5560000, 0x00000000e5560000, 0x00000000e6ab0000)
  to   space 21824K,   0% used [0x00000000e6ab0000, 0x00000000e6ab0000, 0x00000000e8000000)
 concurrent mark-sweep generation total 393216K, used 0K [0x00000000e8000000, 0x0000000100000000, 0x0000000100000000)
 Metaspace       used 18054K, capacity 18336K, committed 18688K, reserved 1064960K
  class space    used 2041K, capacity 2196K, committed 2304K, reserved 1048576K
2017-06-09T08:49:33.738+0200: 1,990: [GC (Allocation Failure) 2017-06-09T08:49:33.738+0200: 1,990: [ParNew
Desired survivor size 20112992 bytes, new threshold 8 (max 8)
- age   1:   12610080 bytes,   12610080 total
: 87424K->12427K(109248K), 0,0161129 secs] 87424K->12427K(502464K), 0,0161972 secs] [Times: user=0,04 sys=0,02, real=0,02 secs] 
Heap after GC invocations=1 (full 0):
 par new generation   total 109248K, used 12427K [0x00000000e0000000, 0x00000000e8000000, 0x00000000e8000000)
  eden space 87424K,   0% used [0x00000000e0000000, 0x00000000e0000000, 0x00000000e5560000)
  from space 21824K,  56% used [0x00000000e6ab0000, 0x00000000e76d2f18, 0x00000000e8000000)
  to   space 21824K,   0% used [0x00000000e5560000, 0x00000000e5560000, 0x00000000e6ab0000)
 concurrent mark-sweep generation total 393216K, used 0K [0x00000000e8000000, 0x0000000100000000, 0x0000000100000000)
 Metaspace       used 18054K, capacity 18336K, committed 18688K, reserved 1064960K
  class space    used 2041K, capacity 2196K, committed 2304K, reserved 1048576K
}
2017-06-09T08:49:33.755+0200: 2,006: Total time for which application threads were stopped: 0,0169983 seconds, Stopping threads took: 0,0006094 seconds
2017-06-09T08:49:34.051+0200: 2,302: Total time for which application threads were stopped: 0,0003920 seconds, Stopping threads took: 0,0000794 seconds
2017-06-09T08:49:34.098+0200: 2,349: Total time for which application threads were stopped: 0,0003599 seconds, Stopping threads took: 0,0000478 seconds
{Heap before GC invocations=1 (full 0):
 par new generation   total 109248K, used 99851K [0x00000000e0000000, 0x00000000e8000000, 0x00000000e8000000)
  eden space 87424K, 100% used [0x00000000e0000000, 0x00000000e5560000, 0x00000000e5560000)
  from space 21824K,  56% used [0x00000000e6ab0000, 0x00000000e76d2f18, 0x00000000e8000000)
  to   space 21824K,   0% used [0x00000000e5560000, 0x00000000e5560000, 0x00000000e6ab0000)
 concurrent mark-sweep generation total 393216K, used 0K [0x00000000e8000000, 0x0000000100000000, 0x0000000100000000)
 Metaspace       used 20078K, capacity 20434K, committed 20736K, reserved 1067008K
  class space    used 2297K, capacity 2471K, committed 2560K, reserved 1048576K
2017-06-09T08:49:34.101+0200: 2,352: [GC (Allocation Failure) 2017-06-09T08:49:34.101+0200: 2,352: [ParNew
Desired survivor size 20112992 bytes, new threshold 8 (max 8)
- age   1:    3751504 bytes,    3751504 total
- age   2:    6664232 bytes,   10415736 total
: 99851K->13745K(109248K), 0,0183914 secs] 99851K->13745K(502464K), 0,0184692 secs] [Times: user=0,08 sys=0,00, real=0,02 secs] 
Heap after GC invocations=2 (full 0):
 par new generation   total 109248K, used 13745K [0x00000000e0000000, 0x00000000e8000000, 0x00000000e8000000)
  eden space 87424K,   0% used [0x00000000e0000000, 0x00000000e0000000, 0x00000000e5560000)
  from space 21824K,  62% used [0x00000000e5560000, 0x00000000e62cc628, 0x00000000e6ab0000)
  to   space 21824K,   0% used [0x00000000e6ab0000, 0x00000000e6ab0000, 0x00000000e8000000)
 concurrent mark-sweep generation total 393216K, used 0K [0x00000000e8000000, 0x0000000100000000, 0x0000000100000000)
 Metaspace       used 20078K, capacity 20434K, committed 20736K, reserved 1067008K
  class space    used 2297K, capacity 2471K, committed 2560K, reserved 1048576K
}
2017-06-09T08:49:34.119+0200: 2,371: Total time for which application threads were stopped: 0,0187346 seconds, Stopping threads took: 0,0001048 seconds
2017-06-09T08:49:34.167+0200: 2,419: Total time for which application threads were stopped: 0,0004271 seconds, Stopping threads took: 0,0000756 seconds
2017-06-09T08:49:34.298+0200: 2,550: Total time for which application threads were stopped: 0,0001574 seconds, Stopping threads took: 0,0000232 seconds
{Heap before GC invocations=2 (full 0):
 par new generation   total 109248K, used 101169K [0x00000000e0000000, 0x00000000e8000000, 0x00000000e8000000)
  eden space 87424K, 100% used [0x00000000e0000000, 0x00000000e5560000, 0x00000000e5560000)
  from space 21824K,  62% used [0x00000000e5560000, 0x00000000e62cc628, 0x00000000e6ab0000)
  to   space 21824K,   0% used [0x00000000e6ab0000, 0x00000000e6ab0000, 0x00000000e8000000)
 concurrent mark-sweep generation total 393216K, used 0K [0x00000000e8000000, 0x0000000100000000, 0x0000000100000000)
 Metaspace       used 20992K, capacity 21356K, committed 21628K, reserved 1069056K
  class space    used 2417K, capacity 2590K, committed 2684K, reserved 1048576K
2017-06-09T08:49:34.345+0200: 2,596: [GC (Allocation Failure) 2017-06-09T08:49:34.345+0200: 2,596: [ParNew
Desired survivor size 20112992 bytes, new threshold 8 (max 8)
- age   1:    2048552 bytes,    2048552 total
- age   2:     843096 bytes,    2891648 total
- age   3:    6662032 bytes,    9553680 total
: 101169K->11556K(109248K), 0,0183602 secs] 101169K->11556K(502464K), 0,0184454 secs] [Times: user=0,07 sys=0,00, real=0,02 secs] 
Heap after GC invocations=3 (full 0):
 par new generation   total 109248K, used 11556K [0x00000000e0000000, 0x00000000e8000000, 0x00000000e8000000)
  eden space 87424K,   0% used [0x00000000e0000000, 0x00000000e0000000, 0x00000000e5560000)
  from space 21824K,  52% used [0x00000000e6ab0000, 0x00000000e75f9000, 0x00000000e8000000)
  to   space 21824K,   0% used [0x00000000e5560000, 0x00000000e5560000, 0x00000000e6ab0000)
 concurrent mark-sweep generation total 393216K, used 0K [0x00000000e8000000, 0x0000000100000000, 0x0000000100000000)
 Metaspace       used 20992K, capacity 21356K, committed 21628K, reserved 1069056K
  class space    used 2417K, capacity 2590K, committed 2684K, reserved 1048576K
}
2017-06-09T08:49:34.363+0200: 2,615: Total time for which application threads were stopped: 0,0186554 seconds, Stopping threads took: 0,0000485 seconds
2017-06-09T08:49:34.364+0200: 2,615: [GC (CMS Initial Mark) [1 CMS-initial-mark: 0K(393216K)] 12953K(502464K), 0,0039841 secs] [Times: user=0,01 sys=0,00, real=0,01 secs] 
2017-06-09T08:49:34.368+0200: 2,619: Total time for which application threads were stopped: 0,0041731 seconds, Stopping threads took: 0,0000834 seconds
2017-06-09T08:49:34.368+0200: 2,619: [CMS-concurrent-mark-start]
2017-06-09T08:49:34.369+0200: 2,620: [CMS-concurrent-mark: 0,001/0,001 secs] [Times: user=0,01 sys=0,00, real=0,00 secs] 
2017-06-09T08:49:34.369+0200: 2,620: [CMS-concurrent-preclean-start]
2017-06-09T08:49:34.370+0200: 2,621: [CMS-concurrent-preclean: 0,001/0,001 secs] [Times: user=0,00 sys=0,00, real=0,00 secs] 
2017-06-09T08:49:34.370+0200: 2,622: [CMS-concurrent-abortable-preclean-start]
2017-06-09T08:49:34.425+0200: 2,677: Total time for which application threads were stopped: 0,0001433 seconds, Stopping threads took: 0,0000589 seconds
{Heap before GC invocations=3 (full 1):
 par new generation   total 109248K, used 98980K [0x00000000e0000000, 0x00000000e8000000, 0x00000000e8000000)
  eden space 87424K, 100% used [0x00000000e0000000, 0x00000000e5560000, 0x00000000e5560000)
  from space 21824K,  52% used [0x00000000e6ab0000, 0x00000000e75f9000, 0x00000000e8000000)
  to   space 21824K,   0% used [0x00000000e5560000, 0x00000000e5560000, 0x00000000e6ab0000)
 concurrent mark-sweep generation total 393216K, used 0K [0x00000000e8000000, 0x0000000100000000, 0x0000000100000000)
 Metaspace       used 21269K, capacity 21626K, committed 21884K, reserved 1069056K
  class space    used 2448K, capacity 2604K, committed 2684K, reserved 1048576K
2017-06-09T08:49:34.466+0200: 2,718: [GC (Allocation Failure) 2017-06-09T08:49:34.466+0200: 2,718: [ParNew
Desired survivor size 20112992 bytes, new threshold 8 (max 8)
- age   1:     673696 bytes,     673696 total
- age   2:    1465032 bytes,    2138728 total
- age   3:     807752 bytes,    2946480 total
- age   4:    6661984 bytes,    9608464 total
: 98980K->14773K(109248K), 0,0113424 secs] 98980K->14773K(502464K), 0,0114082 secs] [Times: user=0,04 sys=0,00, real=0,01 secs] 
Heap after GC invocations=4 (full 1):
 par new generation   total 109248K, used 14773K [0x00000000e0000000, 0x00000000e8000000, 0x00000000e8000000)
  eden space 87424K,   0% used [0x00000000e0000000, 0x00000000e0000000, 0x00000000e5560000)
  from space 21824K,  67% used [0x00000000e5560000, 0x00000000e63cd478, 0x00000000e6ab0000)
  to   space 21824K,   0% used [0x00000000e6ab0000, 0x00000000e6ab0000, 0x00000000e8000000)
 concurrent mark-sweep generation total 393216K, used 0K [0x00000000e8000000, 0x0000000100000000, 0x0000000100000000)
 Metaspace       used 21269K, capacity 21626K, committed 21884K, reserved 1069056K
  class space    used 2448K, capacity 2604K, committed 2684K, reserved 1048576K
}
2017-06-09T08:49:34.478+0200: 2,729: Total time for which application threads were stopped: 0,0116326 seconds, Stopping threads took: 0,0000967 seconds
2017-06-09T08:49:34.478+0200: 2,729: [CMS-concurrent-abortable-preclean: 0,056/0,108 secs] [Times: user=0,38 sys=0,01, real=0,11 secs] 
2017-06-09T08:49:34.478+0200: 2,729: [GC (CMS Final Remark) [YG occupancy: 14789 K (109248 K)]{Heap before GC invocations=4 (full 1):
 par new generation   total 109248K, used 14789K [0x00000000e0000000, 0x00000000e8000000, 0x00000000e8000000)
  eden space 87424K,   0% used [0x00000000e0000000, 0x00000000e0004010, 0x00000000e5560000)
  from space 21824K,  67% used [0x00000000e5560000, 0x00000000e63cd478, 0x00000000e6ab0000)
  to   space 21824K,   0% used [0x00000000e6ab0000, 0x00000000e6ab0000, 0x00000000e8000000)
 concurrent mark-sweep generation total 393216K, used 0K [0x00000000e8000000, 0x0000000100000000, 0x0000000100000000)
 Metaspace       used 21269K, capacity 21626K, committed 21884K, reserved 1069056K
  class space    used 2448K, capacity 2604K, committed 2684K, reserved 1048576K
2017-06-09T08:49:34.478+0200: 2,729: [GC (CMS Final Remark) 2017-06-09T08:49:34.478+0200: 2,729: [ParNew
Desired survivor size 20112992 bytes, new threshold 8 (max 8)
- age   1:      16400 bytes,      16400 total
- age   2:     624696 bytes,     641096 total
- age   3:    1465112 bytes,    2106208 total
- age   4:     807752 bytes,    2913960 total
- age   5:    6662064 bytes,    9576024 total
: 14789K->12254K(109248K), 0,0088762 secs] 14789K->12254K(502464K), 0,0089112 secs] [Times: user=0,03 sys=0,00, real=0,01 secs] 
Heap after GC invocations=5 (full 1):
 par new generation   total 109248K, used 12254K [0x00000000e0000000, 0x00000000e8000000, 0x00000000e8000000)
  eden space 87424K,   0% used [0x00000000e0000000, 0x00000000e0000000, 0x00000000e5560000)
  from space 21824K,  56% used [0x00000000e6ab0000, 0x00000000e76a7ac0, 0x00000000e8000000)
  to   space 21824K,   0% used [0x00000000e5560000, 0x00000000e5560000, 0x00000000e6ab0000)
 concurrent mark-sweep generation total 393216K, used 0K [0x00000000e8000000, 0x0000000100000000, 0x0000000100000000)
 Metaspace       used 21269K, capacity 21626K, committed 21884K, reserved 1069056K
  class space    used 2448K, capacity 2604K, committed 2684K, reserved 1048576K
}
2017-06-09T08:49:34.487+0200: 2,738: [Rescan (parallel) , 0,0035195 secs]2017-06-09T08:49:34.490+0200: 2,742: [weak refs processing, 0,0007023 secs]2017-06-09T08:49:34.491+0200: 2,742: [class unloading, 0,0028607 secs]2017-06-09T08:49:34.494+0200: 2,745: [scrub symbol table, 0,0024996 secs]2017-06-09T08:49:34.496+0200: 2,748: [scrub string table, 0,0003645 secs][1 CMS-remark: 0K(393216K)] 12254K(502464K), 0,0194758 secs] [Times: user=0,05 sys=0,00, real=0,02 secs] 
2017-06-09T08:49:34.497+0200: 2,749: Total time for which application threads were stopped: 0,0195820 seconds, Stopping threads took: 0,0000287 seconds
2017-06-09T08:49:34.498+0200: 2,750: [CMS-concurrent-sweep-start]
2017-06-09T08:49:34.498+0200: 2,750: [CMS-concurrent-sweep: 0,000/0,000 secs] [Times: user=0,00 sys=0,00, real=0,00 secs] 
2017-06-09T08:49:34.498+0200: 2,750: [CMS-concurrent-reset-start]
2017-06-09T08:49:34.500+0200: 2,752: [CMS-concurrent-reset: 0,002/0,002 secs] [Times: user=0,01 sys=0,00, real=0,00 secs] 
{Heap before GC invocations=5 (full 1):
 par new generation   total 109248K, used 99678K [0x00000000e0000000, 0x00000000e8000000, 0x00000000e8000000)
  eden space 87424K, 100% used [0x00000000e0000000, 0x00000000e5560000, 0x00000000e5560000)
  from space 21824K,  56% used [0x00000000e6ab0000, 0x00000000e76a7ac0, 0x00000000e8000000)
  to   space 21824K,   0% used [0x00000000e5560000, 0x00000000e5560000, 0x00000000e6ab0000)
 concurrent mark-sweep generation total 393216K, used 0K [0x00000000e8000000, 0x0000000100000000, 0x0000000100000000)
 Metaspace       used 21376K, capacity 21792K, committed 21884K, reserved 1069056K
  class space    used 2465K, capacity 2637K, committed 2684K, reserved 1048576K
2017-06-09T08:49:34.578+0200: 2,830: [GC (Allocation Failure) 2017-06-09T08:49:34.578+0200: 2,830: [ParNew
Desired survivor size 20112992 bytes, new threshold 8 (max 8)
- age   1:    1208688 bytes,    1208688 total
- age   3:     190256 bytes,    1398944 total
- age   4:    1465032 bytes,    2863976 total
- age   5:     807672 bytes,    3671648 total
- age   6:    6662128 bytes,   10333776 total
: 99678K->12707K(109248K), 0,0100628 secs] 99678K->12707K(502464K), 0,0101469 secs] [Times: user=0,03 sys=0,01, real=0,01 secs] 
Heap after GC invocations=6 (full 1):
 par new generation   total 109248K, used 12707K [0x00000000e0000000, 0x00000000e8000000, 0x00000000e8000000)
  eden space 87424K,   0% used [0x00000000e0000000, 0x00000000e0000000, 0x00000000e5560000)
  from space 21824K,  58% used [0x00000000e5560000, 0x00000000e61c8d48, 0x00000000e6ab0000)
  to   space 21824K,   0% used [0x00000000e6ab0000, 0x00000000e6ab0000, 0x00000000e8000000)
 concurrent mark-sweep generation total 393216K, used 0K [0x00000000e8000000, 0x0000000100000000, 0x0000000100000000)
 Metaspace       used 21376K, capacity 21792K, committed 21884K, reserved 1069056K
  class space    used 2465K, capacity 2637K, committed 2684K, reserved 1048576K
}
2017-06-09T08:49:34.588+0200: 2,840: Total time for which application threads were stopped: 0,0114208 seconds, Stopping threads took: 0,0011434 seconds
2017-06-09T08:49:34.622+0200: 2,873: Total time for which application threads were stopped: 0,0003129 seconds, Stopping threads took: 0,0000174 seconds
2017-06-09T08:49:34.852+0200: 3,104: Total time for which application threads were stopped: 0,0004358 seconds, Stopping threads took: 0,0000281 seconds
2017-06-09T08:49:34.870+0200: 3,121: Total time for which application threads were stopped: 0,0003587 seconds, Stopping threads took: 0,0000233 seconds
{Heap before GC invocations=6 (full 1):
 par new generation   total 109248K, used 100131K [0x00000000e0000000, 0x00000000e8000000, 0x00000000e8000000)
  eden space 87424K, 100% used [0x00000000e0000000, 0x00000000e5560000, 0x00000000e5560000)
  from space 21824K,  58% used [0x00000000e5560000, 0x00000000e61c8d48, 0x00000000e6ab0000)
  to   space 21824K,   0% used [0x00000000e6ab0000, 0x00000000e6ab0000, 0x00000000e8000000)
 concurrent mark-sweep generation total 393216K, used 0K [0x00000000e8000000, 0x0000000100000000, 0x0000000100000000)
 Metaspace       used 23699K, capacity 24168K, committed 24316K, reserved 1071104K
  class space    used 2781K, capacity 2981K, committed 3068K, reserved 1048576K
2017-06-09T08:49:35.003+0200: 3,255: [GC (Allocation Failure) 2017-06-09T08:49:35.004+0200: 3,255: [ParNew
Desired survivor size 20112992 bytes, new threshold 8 (max 8)
- age   1:    5010216 bytes,    5010216 total
- age   2:     105256 bytes,    5115472 total
- age   4:     188800 bytes,    5304272 total
- age   5:     295144 bytes,    5599416 total
- age   6:     783408 bytes,    6382824 total
- age   7:    6654064 bytes,   13036888 total
: 100131K->17447K(109248K), 0,0138516 secs] 100131K->17447K(502464K), 0,0139232 secs] [Times: user=0,05 sys=0,00, real=0,02 secs] 
Heap after GC invocations=7 (full 1):
 par new generation   total 109248K, used 17447K [0x00000000e0000000, 0x00000000e8000000, 0x00000000e8000000)
  eden space 87424K,   0% used [0x00000000e0000000, 0x00000000e0000000, 0x00000000e5560000)
  from space 21824K,  79% used [0x00000000e6ab0000, 0x00000000e7bb9e80, 0x00000000e8000000)
  to   space 21824K,   0% used [0x00000000e5560000, 0x00000000e5560000, 0x00000000e6ab0000)
 concurrent mark-sweep generation total 393216K, used 0K [0x00000000e8000000, 0x0000000100000000, 0x0000000100000000)
 Metaspace       used 23699K, capacity 24168K, committed 24316K, reserved 1071104K
  class space    used 2781K, capacity 2981K, committed 3068K, reserved 1048576K
}
2017-06-09T08:49:35.017+0200: 3,269: Total time for which application threads were stopped: 0,0142118 seconds, Stopping threads took: 0,0000555 seconds
{Heap before GC invocations=7 (full 1):
 par new generation   total 109248K, used 104871K [0x00000000e0000000, 0x00000000e8000000, 0x00000000e8000000)
  eden space 87424K, 100% used [0x00000000e0000000, 0x00000000e5560000, 0x00000000e5560000)
  from space 21824K,  79% used [0x00000000e6ab0000, 0x00000000e7bb9e80, 0x00000000e8000000)
  to   space 21824K,   0% used [0x00000000e5560000, 0x00000000e5560000, 0x00000000e6ab0000)
 concurrent mark-sweep generation total 393216K, used 0K [0x00000000e8000000, 0x0000000100000000, 0x0000000100000000)
 Metaspace       used 24144K, capacity 24654K, committed 24828K, reserved 1071104K
  class space    used 2839K, capacity 3014K, committed 3068K, reserved 1048576K
2017-06-09T08:49:35.105+0200: 3,357: [GC (Allocation Failure) 2017-06-09T08:49:35.105+0200: 3,357: [ParNew
Desired survivor size 20112992 bytes, new threshold 8 (max 8)
- age   1:    1670320 bytes,    1670320 total
- age   2:    1748784 bytes,    3419104 total
- age   3:      61760 bytes,    3480864 total
- age   5:      98968 bytes,    3579832 total
- age   6:     190168 bytes,    3770000 total
- age   7:     749944 bytes,    4519944 total
- age   8:    6119664 bytes,   10639608 total
: 104871K->15649K(109248K), 0,0198641 secs] 104871K->15649K(502464K), 0,0199384 secs] [Times: user=0,07 sys=0,01, real=0,02 secs] 
Heap after GC invocations=8 (full 1):
 par new generation   total 109248K, used 15649K [0x00000000e0000000, 0x00000000e8000000, 0x00000000e8000000)
  eden space 87424K,   0% used [0x00000000e0000000, 0x00000000e0000000, 0x00000000e5560000)
  from space 21824K,  71% used [0x00000000e5560000, 0x00000000e64a8420, 0x00000000e6ab0000)
  to   space 21824K,   0% used [0x00000000e6ab0000, 0x00000000e6ab0000, 0x00000000e8000000)
 concurrent mark-sweep generation total 393216K, used 0K [0x00000000e8000000, 0x0000000100000000, 0x0000000100000000)
 Metaspace       used 24144K, capacity 24654K, committed 24828K, reserved 1071104K
  class space    used 2839K, capacity 3014K, committed 3068K, reserved 1048576K
}
2017-06-09T08:49:35.125+0200: 3,377: Total time for which application threads were stopped: 0,0207661 seconds, Stopping threads took: 0,0006814 seconds
{Heap before GC invocations=8 (full 1):
 par new generation   total 109248K, used 103073K [0x00000000e0000000, 0x00000000e8000000, 0x00000000e8000000)
  eden space 87424K, 100% used [0x00000000e0000000, 0x00000000e5560000, 0x00000000e5560000)
  from space 21824K,  71% used [0x00000000e5560000, 0x00000000e64a8420, 0x00000000e6ab0000)
  to   space 21824K,   0% used [0x00000000e6ab0000, 0x00000000e6ab0000, 0x00000000e8000000)
 concurrent mark-sweep generation total 393216K, used 0K [0x00000000e8000000, 0x0000000100000000, 0x0000000100000000)
 Metaspace       used 24502K, capacity 24968K, committed 25084K, reserved 1071104K
  class space    used 2864K, capacity 3051K, committed 3068K, reserved 1048576K
2017-06-09T08:49:35.219+0200: 3,471: [GC (Allocation Failure) 2017-06-09T08:49:35.219+0200: 3,471: [ParNew
Desired survivor size 20112992 bytes, new threshold 8 (max 8)
- age   1:     764736 bytes,     764736 total
- age   2:     602360 bytes,    1367096 total
- age   3:    1725008 bytes,    3092104 total
- age   4:      61760 bytes,    3153864 total
- age   6:      98768 bytes,    3252632 total
- age   7:     187400 bytes,    3440032 total
- age   8:     749176 bytes,    4189208 total
: 103073K->5420K(109248K), 0,0386280 secs] 103073K->11478K(502464K), 0,0386938 secs] [Times: user=0,10 sys=0,00, real=0,04 secs] 
Heap after GC invocations=9 (full 1):
 par new generation   total 109248K, used 5420K [0x00000000e0000000, 0x00000000e8000000, 0x00000000e8000000)
  eden space 87424K,   0% used [0x00000000e0000000, 0x00000000e0000000, 0x00000000e5560000)
  from space 21824K,  24% used [0x00000000e6ab0000, 0x00000000e6ffb190, 0x00000000e8000000)
  to   space 21824K,   0% used [0x00000000e5560000, 0x00000000e5560000, 0x00000000e6ab0000)
 concurrent mark-sweep generation total 393216K, used 6058K [0x00000000e8000000, 0x0000000100000000, 0x0000000100000000)
 Metaspace       used 24502K, capacity 24968K, committed 25084K, reserved 1071104K
  class space    used 2864K, capacity 3051K, committed 3068K, reserved 1048576K
}
2017-06-09T08:49:35.258+0200: 3,510: Total time for which application threads were stopped: 0,0389326 seconds, Stopping threads took: 0,0000797 seconds
2017-06-09T08:49:35.517+0200: 3,769: Total time for which application threads were stopped: 0,0005099 seconds, Stopping threads took: 0,0000494 seconds
2017-06-09T08:49:35.596+0200: 3,848: Total time for which application threads were stopped: 0,0005368 seconds, Stopping threads took: 0,0000373 seconds
2017-06-09T08:49:35.612+0200: 3,864: Total time for which application threads were stopped: 0,0004577 seconds, Stopping threads took: 0,0000231 seconds
2017-06-09T08:49:35.667+0200: 3,918: Total time for which application threads were stopped: 0,0004047 seconds, Stopping threads took: 0,0000277 seconds
2017-06-09T08:49:35.763+0200: 4,015: Total time for which application threads were stopped: 0,0004173 seconds, Stopping threads took: 0,0000225 seconds
2017-06-09T08:49:35.806+0200: 4,058: Total time for which application threads were stopped: 0,0003693 seconds, Stopping threads took: 0,0000238 seconds
2017-06-09T08:49:47.807+0200: 16,059: Total time for which application threads were stopped: 0,0001124 seconds, Stopping threads took: 0,0000310 seconds
2017-06-09T08:49:53.808+0200: 22,060: Total time for which application threads were stopped: 0,0000703 seconds, Stopping threads took: 0,0000171 seconds
2017-06-09T08:50:03.809+0200: 32,061: Total time for which application threads were stopped: 0,0000626 seconds, Stopping threads took: 0,0000152 seconds
2017-06-09T08:51:33.819+0200: 122,070: Total time for which application threads were stopped: 0,0001221 seconds, Stopping threads took: 0,0000484 seconds
2017-06-09T08:51:38.819+0200: 127,071: Total time for which application threads were stopped: 0,0000961 seconds, Stopping threads took: 0,0000345 seconds
2017-06-09T08:52:02.823+0200: 151,074: Total time for which application threads were stopped: 0,0000646 seconds, Stopping threads took: 0,0000158 seconds
2017-06-09T08:52:07.823+0200: 156,075: Total time for which application threads were stopped: 0,0001113 seconds, Stopping threads took: 0,0000405 seconds
2017-06-09T08:52:17.825+0200: 166,076: Total time for which application threads were stopped: 0,0000749 seconds, Stopping threads took: 0,0000245 seconds
2017-06-09T08:52:22.825+0200: 171,077: Total time for which application threads were stopped: 0,0000789 seconds, Stopping threads took: 0,0000205 seconds
{Heap before GC invocations=9 (full 1):
 par new generation   total 109248K, used 92844K [0x00000000e0000000, 0x00000000e8000000, 0x00000000e8000000)
  eden space 87424K, 100% used [0x00000000e0000000, 0x00000000e5560000, 0x00000000e5560000)
  from space 21824K,  24% used [0x00000000e6ab0000, 0x00000000e6ffb190, 0x00000000e8000000)
  to   space 21824K,   0% used [0x00000000e5560000, 0x00000000e5560000, 0x00000000e6ab0000)
 concurrent mark-sweep generation total 393216K, used 6058K [0x00000000e8000000, 0x0000000100000000, 0x0000000100000000)
 Metaspace       used 28043K, capacity 28552K, committed 28796K, reserved 1075200K
  class space    used 3213K, capacity 3389K, committed 3452K, reserved 1048576K
2017-06-09T08:52:27.702+0200: 175,953: [GC (Allocation Failure) 2017-06-09T08:52:27.702+0200: 175,953: [ParNew
Desired survivor size 20112992 bytes, new threshold 8 (max 8)
- age   1:   11210176 bytes,   11210176 total
- age   2:     289168 bytes,   11499344 total
- age   3:     212168 bytes,   11711512 total
- age   4:    1719640 bytes,   13431152 total
- age   5:      61760 bytes,   13492912 total
- age   7:      96064 bytes,   13588976 total
- age   8:     186744 bytes,   13775720 total
: 92844K->14470K(109248K), 0,0212316 secs] 98902K->21353K(502464K), 0,0213821 secs] [Times: user=0,08 sys=0,00, real=0,02 secs] 
Heap after GC invocations=10 (full 1):
 par new generation   total 109248K, used 14470K [0x00000000e0000000, 0x00000000e8000000, 0x00000000e8000000)
  eden space 87424K,   0% used [0x00000000e0000000, 0x00000000e0000000, 0x00000000e5560000)
  from space 21824K,  66% used [0x00000000e5560000, 0x00000000e6381820, 0x00000000e6ab0000)
  to   space 21824K,   0% used [0x00000000e6ab0000, 0x00000000e6ab0000, 0x00000000e8000000)
 concurrent mark-sweep generation total 393216K, used 6883K [0x00000000e8000000, 0x0000000100000000, 0x0000000100000000)
 Metaspace       used 28043K, capacity 28552K, committed 28796K, reserved 1075200K
  class space    used 3213K, capacity 3389K, committed 3452K, reserved 1048576K
}
2017-06-09T08:52:27.723+0200: 175,975: Total time for which application threads were stopped: 0,0218108 seconds, Stopping threads took: 0,0002105 seconds
2017-06-09T08:52:28.723+0200: 176,975: Total time for which application threads were stopped: 0,0001443 seconds, Stopping threads took: 0,0000328 seconds
2017-06-09T08:52:32.724+0200: 180,975: Total time for which application threads were stopped: 0,0000607 seconds, Stopping threads took: 0,0000141 seconds
2017-06-09T08:52:43.725+0200: 191,977: Total time for which application threads were stopped: 0,0001015 seconds, Stopping threads took: 0,0000414 seconds
2017-06-09T08:53:57.734+0200: 265,985: Total time for which application threads were stopped: 0,0010637 seconds, Stopping threads took: 0,0001892 seconds
2017-06-09T08:53:58.734+0200: 266,986: Total time for which application threads were stopped: 0,0000667 seconds, Stopping threads took: 0,0000156 seconds
2017-06-09T08:54:02.735+0200: 270,986: Total time for which application threads were stopped: 0,0000854 seconds, Stopping threads took: 0,0000184 seconds
2017-06-09T10:06:13.687+0200: 1406,181: Total time for which application threads were stopped: 0,0001173 seconds, Stopping threads took: 0,0000356 seconds
2017-06-09T10:10:58.725+0200: 1691,219: Total time for which application threads were stopped: 0,0000811 seconds, Stopping threads took: 0,0000302 seconds
2017-06-09T10:21:58.811+0200: 2351,304: Total time for which application threads were stopped: 0,0000791 seconds, Stopping threads took: 0,0000292 seconds
2017-06-09T10:22:00.811+0200: 2353,305: Total time for which application threads were stopped: 0,0000656 seconds, Stopping threads took: 0,0000143 seconds
2017-06-09T10:45:46.006+0200: 3778,500: Total time for which application threads were stopped: 0,0001859 seconds, Stopping threads took: 0,0000646 seconds
2017-06-09T10:46:34.013+0200: 3826,506: Total time for which application threads were stopped: 0,0000894 seconds, Stopping threads took: 0,0000352 seconds
2017-06-09T10:46:49.015+0200: 3841,508: Total time for which application threads were stopped: 0,0000780 seconds, Stopping threads took: 0,0000285 seconds
2017-06-09T11:17:04.173+0200: 5038,351: Total time for which application threads were stopped: 0,0003266 seconds, Stopping threads took: 0,0001340 seconds
2017-06-09T11:19:19.188+0200: 5173,366: Total time for which application threads were stopped: 0,0004066 seconds, Stopping threads took: 0,0001538 seconds
2017-06-09T11:55:08.076+0200: 7321,627: Total time for which application threads were stopped: 0,0000822 seconds, Stopping threads took: 0,0000330 seconds
2017-06-09T11:57:10.089+0200: 7443,640: Total time for which application threads were stopped: 0,0000790 seconds, Stopping threads took: 0,0000298 seconds
2017-06-09T12:01:08.117+0200: 7681,668: Total time for which application threads were stopped: 0,0001660 seconds, Stopping threads took: 0,0000605 seconds
2017-06-09T13:05:38.710+0200: 11552,261: Total time for which application threads were stopped: 0,0001923 seconds, Stopping threads took: 0,0000731 seconds
2017-06-09T13:21:30.402+0200: 12503,954: Total time for which application threads were stopped: 0,0288093 seconds, Stopping threads took: 0,0286296 seconds
2017-06-09T13:21:30.432+0200: 12503,983: Total time for which application threads were stopped: 0,0001418 seconds, Stopping threads took: 0,0000320 seconds
2017-06-09T13:21:30.435+0200: 12503,986: Total time for which application threads were stopped: 0,0001453 seconds, Stopping threads took: 0,0000492 seconds
Heap
 par new generation   total 109248K, used 35596K [0x00000000e0000000, 0x00000000e8000000, 0x00000000e8000000)
  eden space 87424K,  24% used [0x00000000e0000000, 0x00000000e14a19e8, 0x00000000e5560000)
  from space 21824K,  66% used [0x00000000e5560000, 0x00000000e6381820, 0x00000000e6ab0000)
  to   space 21824K,   0% used [0x00000000e6ab0000, 0x00000000e6ab0000, 0x00000000e8000000)
 concurrent mark-sweep generation total 393216K, used 6883K [0x00000000e8000000, 0x0000000100000000, 0x0000000100000000)
 Metaspace       used 28195K, capacity 28722K, committed 29052K, reserved 1075200K
  class space    used 3227K, capacity 3424K, committed 3452K, reserved 1048576K
