OpenJDK 64-Bit Server VM (25.111-b14) for linux-amd64 JRE (1.8.0_111-8u111-b14-2ubuntu0.16.04.2-b14), built on Oct 27 2016 18:10:19 by "buildd" with gcc 5.4.0 20160609
Memory: 4k page, physical 7867848k(7468400k free), swap 8076284k(8076284k free)
CommandLine flags: -XX:CMSInitiatingOccupancyFraction=50 -XX:CMSMaxAbortablePrecleanTime=6000 -XX:+CMSParallelRemarkEnabled -XX:+CMSScavengeBeforeRemark -XX:ConcGCThreads=4 -XX:InitialHeapSize=536870912 -XX:MaxHeapSize=536870912 -XX:MaxTenuringThreshold=8 -XX:NewRatio=3 -XX:OldPLABSize=16 -XX:OnOutOfMemoryError=/opt/solr/bin/oom_solr.sh 8983 /var/solr/logs -XX:ParallelGCThreads=4 -XX:+ParallelRefProcEnabled -XX:PretenureSizeThreshold=67108864 -XX:+PrintGC -XX:+PrintGCApplicationStoppedTime -XX:+PrintGCDateStamps -XX:+PrintGCDetails -XX:+PrintGCTimeStamps -XX:+PrintHeapAtGC -XX:+PrintTenuringDistribution -XX:SurvivorRatio=4 -XX:TargetSurvivorRatio=90 -XX:ThreadStackSize=256 -XX:+UseCMSInitiatingOccupancyOnly -XX:+UseCompressedClassPointers -XX:+UseCompressedOops -XX:+UseConcMarkSweepGC -XX:+UseParNewGC 
2016-11-19T08:28:49.699+0100: 0,122: Total time for which application threads were stopped: 0,0000687 seconds, Stopping threads took: 0,0000137 seconds
2016-11-19T08:28:49.768+0100: 0,191: Total time for which application threads were stopped: 0,0000958 seconds, Stopping threads took: 0,0000144 seconds
2016-11-19T08:28:49.779+0100: 0,202: Total time for which application threads were stopped: 0,0001120 seconds, Stopping threads took: 0,0000260 seconds
2016-11-19T08:28:49.939+0100: 0,362: Total time for which application threads were stopped: 0,0001849 seconds, Stopping threads took: 0,0000168 seconds
2016-11-19T08:28:50.222+0100: 0,645: Total time for which application threads were stopped: 0,0001265 seconds, Stopping threads took: 0,0000120 seconds
2016-11-19T08:28:50.291+0100: 0,714: Total time for which application threads were stopped: 0,0108356 seconds, Stopping threads took: 0,0000258 seconds
2016-11-19T08:28:50.360+0100: 0,783: Total time for which application threads were stopped: 0,0002048 seconds, Stopping threads took: 0,0000280 seconds
2016-11-19T08:28:50.754+0100: 1,177: Total time for which application threads were stopped: 0,0001786 seconds, Stopping threads took: 0,0000190 seconds
2016-11-19T08:28:51.007+0100: 1,430: Total time for which application threads were stopped: 0,0002714 seconds, Stopping threads took: 0,0000253 seconds
2016-11-19T08:28:51.040+0100: 1,463: Total time for which application threads were stopped: 0,0007335 seconds, Stopping threads took: 0,0001599 seconds
2016-11-19T08:28:51.043+0100: 1,466: Total time for which application threads were stopped: 0,0010273 seconds, Stopping threads took: 0,0000996 seconds
2016-11-19T08:28:51.057+0100: 1,480: Total time for which application threads were stopped: 0,0001946 seconds, Stopping threads took: 0,0000360 seconds
2016-11-19T08:28:51.158+0100: 1,581: Total time for which application threads were stopped: 0,0002651 seconds, Stopping threads took: 0,0000240 seconds
2016-11-19T08:28:51.359+0100: 1,782: Total time for which application threads were stopped: 0,0002857 seconds, Stopping threads took: 0,0000817 seconds
{Heap before GC invocations=0 (full 0):
 par new generation   total 109248K, used 87424K [0x00000000e0000000, 0x00000000e8000000, 0x00000000e8000000)
  eden space 87424K, 100% used [0x00000000e0000000, 0x00000000e5560000, 0x00000000e5560000)
  from space 21824K,   0% used [0x00000000e5560000, 0x00000000e5560000, 0x00000000e6ab0000)
  to   space 21824K,   0% used [0x00000000e6ab0000, 0x00000000e6ab0000, 0x00000000e8000000)
 concurrent mark-sweep generation total 393216K, used 0K [0x00000000e8000000, 0x0000000100000000, 0x0000000100000000)
 Metaspace       used 18080K, capacity 18366K, committed 18560K, reserved 1064960K
  class space    used 2053K, capacity 2162K, committed 2176K, reserved 1048576K
2016-11-19T08:28:51.519+0100: 1,942: [GC (Allocation Failure) 2016-11-19T08:28:51.519+0100: 1,942: [ParNew
Desired survivor size 20112992 bytes, new threshold 8 (max 8)
- age   1:   12327696 bytes,   12327696 total
: 87424K->12150K(109248K), 0,0252734 secs] 87424K->12150K(502464K), 0,0253813 secs] [Times: user=0,06 sys=0,03, real=0,02 secs] 
Heap after GC invocations=1 (full 0):
 par new generation   total 109248K, used 12150K [0x00000000e0000000, 0x00000000e8000000, 0x00000000e8000000)
  eden space 87424K,   0% used [0x00000000e0000000, 0x00000000e0000000, 0x00000000e5560000)
  from space 21824K,  55% used [0x00000000e6ab0000, 0x00000000e768d810, 0x00000000e8000000)
  to   space 21824K,   0% used [0x00000000e5560000, 0x00000000e5560000, 0x00000000e6ab0000)
 concurrent mark-sweep generation total 393216K, used 0K [0x00000000e8000000, 0x0000000100000000, 0x0000000100000000)
 Metaspace       used 18080K, capacity 18366K, committed 18560K, reserved 1064960K
  class space    used 2053K, capacity 2162K, committed 2176K, reserved 1048576K
}
2016-11-19T08:28:51.545+0100: 1,968: Total time for which application threads were stopped: 0,0255691 seconds, Stopping threads took: 0,0000194 seconds
2016-11-19T08:28:51.711+0100: 2,134: Total time for which application threads were stopped: 0,0002590 seconds, Stopping threads took: 0,0000246 seconds
2016-11-19T08:28:51.740+0100: 2,163: Total time for which application threads were stopped: 0,0003284 seconds, Stopping threads took: 0,0000202 seconds
2016-11-19T08:28:51.763+0100: 2,186: Total time for which application threads were stopped: 0,0003265 seconds, Stopping threads took: 0,0000927 seconds
{Heap before GC invocations=1 (full 0):
 par new generation   total 109248K, used 99574K [0x00000000e0000000, 0x00000000e8000000, 0x00000000e8000000)
  eden space 87424K, 100% used [0x00000000e0000000, 0x00000000e5560000, 0x00000000e5560000)
  from space 21824K,  55% used [0x00000000e6ab0000, 0x00000000e768d810, 0x00000000e8000000)
  to   space 21824K,   0% used [0x00000000e5560000, 0x00000000e5560000, 0x00000000e6ab0000)
 concurrent mark-sweep generation total 393216K, used 0K [0x00000000e8000000, 0x0000000100000000, 0x0000000100000000)
 Metaspace       used 20705K, capacity 21020K, committed 21248K, reserved 1069056K
  class space    used 2403K, capacity 2518K, committed 2560K, reserved 1048576K
2016-11-19T08:28:51.927+0100: 2,350: [GC (Allocation Failure) 2016-11-19T08:28:51.927+0100: 2,350: [ParNew
Desired survivor size 20112992 bytes, new threshold 8 (max 8)
- age   1:    2899160 bytes,    2899160 total
- age   2:    6101336 bytes,    9000496 total
: 99574K->11212K(109248K), 0,0122253 secs] 99574K->11212K(502464K), 0,0123117 secs] [Times: user=0,04 sys=0,00, real=0,01 secs] 
Heap after GC invocations=2 (full 0):
 par new generation   total 109248K, used 11212K [0x00000000e0000000, 0x00000000e8000000, 0x00000000e8000000)
  eden space 87424K,   0% used [0x00000000e0000000, 0x00000000e0000000, 0x00000000e5560000)
  from space 21824K,  51% used [0x00000000e5560000, 0x00000000e60531d0, 0x00000000e6ab0000)
  to   space 21824K,   0% used [0x00000000e6ab0000, 0x00000000e6ab0000, 0x00000000e8000000)
 concurrent mark-sweep generation total 393216K, used 0K [0x00000000e8000000, 0x0000000100000000, 0x0000000100000000)
 Metaspace       used 20705K, capacity 21020K, committed 21248K, reserved 1069056K
  class space    used 2403K, capacity 2518K, committed 2560K, reserved 1048576K
}
2016-11-19T08:28:51.939+0100: 2,362: Total time for which application threads were stopped: 0,0125076 seconds, Stopping threads took: 0,0000231 seconds
2016-11-19T08:28:51.998+0100: 2,421: Total time for which application threads were stopped: 0,0001009 seconds, Stopping threads took: 0,0000295 seconds
2016-11-19T08:28:52.037+0100: 2,460: Total time for which application threads were stopped: 0,0002628 seconds, Stopping threads took: 0,0000159 seconds
2016-11-19T08:28:52.042+0100: 2,465: Total time for which application threads were stopped: 0,0001255 seconds, Stopping threads took: 0,0000554 seconds
2016-11-19T08:28:52.065+0100: 2,488: Total time for which application threads were stopped: 0,0001112 seconds, Stopping threads took: 0,0000290 seconds
2016-11-19T08:28:52.137+0100: 2,560: Total time for which application threads were stopped: 0,0001530 seconds, Stopping threads took: 0,0000228 seconds
2016-11-19T08:28:52.155+0100: 2,578: Total time for which application threads were stopped: 0,0000847 seconds, Stopping threads took: 0,0000187 seconds
2016-11-19T08:28:52.163+0100: 2,586: Total time for which application threads were stopped: 0,0002677 seconds, Stopping threads took: 0,0000133 seconds
2016-11-19T08:28:52.170+0100: 2,593: Total time for which application threads were stopped: 0,0002608 seconds, Stopping threads took: 0,0000131 seconds
2016-11-19T08:28:52.182+0100: 2,605: Total time for which application threads were stopped: 0,0001098 seconds, Stopping threads took: 0,0000316 seconds
2016-11-19T08:28:52.217+0100: 2,640: Total time for which application threads were stopped: 0,0001002 seconds, Stopping threads took: 0,0000181 seconds
2016-11-19T08:28:52.232+0100: 2,655: Total time for which application threads were stopped: 0,0000705 seconds, Stopping threads took: 0,0000133 seconds
2016-11-19T08:28:52.244+0100: 2,667: Total time for which application threads were stopped: 0,0000746 seconds, Stopping threads took: 0,0000133 seconds
2016-11-19T08:28:52.272+0100: 2,695: Total time for which application threads were stopped: 0,0000799 seconds, Stopping threads took: 0,0000157 seconds
2016-11-19T08:28:52.302+0100: 2,725: Total time for which application threads were stopped: 0,0001200 seconds, Stopping threads took: 0,0000258 seconds
2016-11-19T08:28:52.362+0100: 2,785: Total time for which application threads were stopped: 0,0001014 seconds, Stopping threads took: 0,0000251 seconds
{Heap before GC invocations=2 (full 0):
 par new generation   total 109248K, used 98636K [0x00000000e0000000, 0x00000000e8000000, 0x00000000e8000000)
  eden space 87424K, 100% used [0x00000000e0000000, 0x00000000e5560000, 0x00000000e5560000)
  from space 21824K,  51% used [0x00000000e5560000, 0x00000000e60531d0, 0x00000000e6ab0000)
  to   space 21824K,   0% used [0x00000000e6ab0000, 0x00000000e6ab0000, 0x00000000e8000000)
 concurrent mark-sweep generation total 393216K, used 0K [0x00000000e8000000, 0x0000000100000000, 0x0000000100000000)
 Metaspace       used 24836K, capacity 25159K, committed 25280K, reserved 1071104K
  class space    used 2896K, capacity 3024K, committed 3040K, reserved 1048576K
2016-11-19T08:28:52.398+0100: 2,821: [GC (Allocation Failure) 2016-11-19T08:28:52.398+0100: 2,821: [ParNew
Desired survivor size 20112992 bytes, new threshold 8 (max 8)
- age   1:    6697256 bytes,    6697256 total
- age   2:     547920 bytes,    7245176 total
- age   3:    6084080 bytes,   13329256 total
: 98636K->14805K(109248K), 0,0129161 secs] 98636K->14805K(502464K), 0,0129996 secs] [Times: user=0,04 sys=0,00, real=0,01 secs] 
Heap after GC invocations=3 (full 0):
 par new generation   total 109248K, used 14805K [0x00000000e0000000, 0x00000000e8000000, 0x00000000e8000000)
  eden space 87424K,   0% used [0x00000000e0000000, 0x00000000e0000000, 0x00000000e5560000)
  from space 21824K,  67% used [0x00000000e6ab0000, 0x00000000e7925780, 0x00000000e8000000)
  to   space 21824K,   0% used [0x00000000e5560000, 0x00000000e5560000, 0x00000000e6ab0000)
 concurrent mark-sweep generation total 393216K, used 0K [0x00000000e8000000, 0x0000000100000000, 0x0000000100000000)
 Metaspace       used 24836K, capacity 25159K, committed 25280K, reserved 1071104K
  class space    used 2896K, capacity 3024K, committed 3040K, reserved 1048576K
}
2016-11-19T08:28:52.411+0100: 2,834: Total time for which application threads were stopped: 0,0131940 seconds, Stopping threads took: 0,0000421 seconds
2016-11-19T08:28:52.411+0100: 2,834: [GC (CMS Initial Mark) [1 CMS-initial-mark: 0K(393216K)] 14806K(502464K), 0,0033930 secs] [Times: user=0,01 sys=0,00, real=0,01 secs] 
2016-11-19T08:28:52.415+0100: 2,838: Total time for which application threads were stopped: 0,0036592 seconds, Stopping threads took: 0,0001761 seconds
2016-11-19T08:28:52.415+0100: 2,838: [CMS-concurrent-mark-start]
2016-11-19T08:28:52.415+0100: 2,838: [CMS-concurrent-mark: 0,000/0,000 secs] [Times: user=0,00 sys=0,00, real=0,00 secs] 
2016-11-19T08:28:52.415+0100: 2,838: [CMS-concurrent-preclean-start]
2016-11-19T08:28:52.416+0100: 2,839: [CMS-concurrent-preclean: 0,001/0,001 secs] [Times: user=0,00 sys=0,00, real=0,00 secs] 
2016-11-19T08:28:52.417+0100: 2,840: [GC (CMS Final Remark) [YG occupancy: 16208 K (109248 K)]{Heap before GC invocations=3 (full 1):
 par new generation   total 109248K, used 16208K [0x00000000e0000000, 0x00000000e8000000, 0x00000000e8000000)
  eden space 87424K,   1% used [0x00000000e0000000, 0x00000000e015e980, 0x00000000e5560000)
  from space 21824K,  67% used [0x00000000e6ab0000, 0x00000000e7925780, 0x00000000e8000000)
  to   space 21824K,   0% used [0x00000000e5560000, 0x00000000e5560000, 0x00000000e6ab0000)
 concurrent mark-sweep generation total 393216K, used 0K [0x00000000e8000000, 0x0000000100000000, 0x0000000100000000)
 Metaspace       used 24836K, capacity 25159K, committed 25280K, reserved 1071104K
  class space    used 2896K, capacity 3024K, committed 3040K, reserved 1048576K
2016-11-19T08:28:52.417+0100: 2,840: [GC (CMS Final Remark) 2016-11-19T08:28:52.417+0100: 2,840: [ParNew
Desired survivor size 20112992 bytes, new threshold 8 (max 8)
- age   1:         64 bytes,         64 total
- age   2:    6697144 bytes,    6697208 total
- age   3:     547920 bytes,    7245128 total
- age   4:    6084256 bytes,   13329384 total
: 16208K->20786K(109248K), 0,0106473 secs] 16208K->20786K(502464K), 0,0106888 secs] [Times: user=0,03 sys=0,00, real=0,01 secs] 
Heap after GC invocations=4 (full 1):
 par new generation   total 109248K, used 20786K [0x00000000e0000000, 0x00000000e8000000, 0x00000000e8000000)
  eden space 87424K,   0% used [0x00000000e0000000, 0x00000000e0000000, 0x00000000e5560000)
  from space 21824K,  95% used [0x00000000e5560000, 0x00000000e69ac878, 0x00000000e6ab0000)
  to   space 21824K,   0% used [0x00000000e6ab0000, 0x00000000e6ab0000, 0x00000000e8000000)
 concurrent mark-sweep generation total 393216K, used 0K [0x00000000e8000000, 0x0000000100000000, 0x0000000100000000)
 Metaspace       used 24836K, capacity 25159K, committed 25280K, reserved 1071104K
  class space    used 2896K, capacity 3024K, committed 3040K, reserved 1048576K
}
2016-11-19T08:28:52.427+0100: 2,850: [Rescan (parallel) , 0,0037971 secs]2016-11-19T08:28:52.431+0100: 2,854: [weak refs processing, 0,0012020 secs]2016-11-19T08:28:52.432+0100: 2,855: [class unloading, 0,0031157 secs]2016-11-19T08:28:52.435+0100: 2,859: [scrub symbol table, 0,0031945 secs]2016-11-19T08:28:52.439+0100: 2,862: [scrub string table, 0,0003879 secs][1 CMS-remark: 0K(393216K)] 20786K(502464K), 0,0230466 secs] [Times: user=0,06 sys=0,00, real=0,02 secs] 
2016-11-19T08:28:52.440+0100: 2,863: Total time for which application threads were stopped: 0,0231465 seconds, Stopping threads took: 0,0000261 seconds
2016-11-19T08:28:52.441+0100: 2,864: [CMS-concurrent-sweep-start]
2016-11-19T08:28:52.441+0100: 2,865: [CMS-concurrent-sweep: 0,000/0,000 secs] [Times: user=0,00 sys=0,00, real=0,00 secs] 
2016-11-19T08:28:52.442+0100: 2,865: [CMS-concurrent-reset-start]
2016-11-19T08:28:52.444+0100: 2,867: [CMS-concurrent-reset: 0,002/0,002 secs] [Times: user=0,01 sys=0,00, real=0,00 secs] 
2016-11-19T08:28:52.519+0100: 2,942: Total time for which application threads were stopped: 0,0004693 seconds, Stopping threads took: 0,0000395 seconds
2016-11-19T08:28:53.520+0100: 3,943: Total time for which application threads were stopped: 0,0000832 seconds, Stopping threads took: 0,0000165 seconds
2016-11-19T08:28:53.631+0100: 4,054: Total time for which application threads were stopped: 0,0003015 seconds, Stopping threads took: 0,0000186 seconds
2016-11-19T08:31:35.967+0100: 167,073: Total time for which application threads were stopped: 0,0000788 seconds, Stopping threads took: 0,0000348 seconds
2016-11-19T08:31:49.969+0100: 181,075: Total time for which application threads were stopped: 0,0003400 seconds, Stopping threads took: 0,0000961 seconds
2016-11-19T08:32:45.976+0100: 237,083: Total time for which application threads were stopped: 0,0000949 seconds, Stopping threads took: 0,0000411 seconds
2016-11-19T08:33:24.982+0100: 276,088: Total time for which application threads were stopped: 0,0001665 seconds, Stopping threads took: 0,0000673 seconds
2016-11-19T08:33:35.983+0100: 287,090: Total time for which application threads were stopped: 0,0000592 seconds, Stopping threads took: 0,0000155 seconds
2016-11-19T08:52:35.111+0100: 1426,217: Total time for which application threads were stopped: 0,0000832 seconds, Stopping threads took: 0,0000339 seconds
2016-11-19T08:56:40.143+0100: 1671,249: Total time for which application threads were stopped: 0,0000749 seconds, Stopping threads took: 0,0000304 seconds
2016-11-19T08:56:45.143+0100: 1676,250: Total time for which application threads were stopped: 0,0000580 seconds, Stopping threads took: 0,0000144 seconds
2016-11-19T09:03:40.199+0100: 2091,305: Total time for which application threads were stopped: 0,0000832 seconds, Stopping threads took: 0,0000345 seconds
2016-11-19T09:03:43.005+0100: 2094,111: Total time for which application threads were stopped: 0,0001734 seconds, Stopping threads took: 0,0000374 seconds
Heap
 par new generation   total 109248K, used 64162K [0x00000000e0000000, 0x00000000e8000000, 0x00000000e8000000)
  eden space 87424K,  49% used [0x00000000e0000000, 0x00000000e2a5bff8, 0x00000000e5560000)
  from space 21824K,  95% used [0x00000000e5560000, 0x00000000e69ac878, 0x00000000e6ab0000)
  to   space 21824K,   0% used [0x00000000e6ab0000, 0x00000000e6ab0000, 0x00000000e8000000)
 concurrent mark-sweep generation total 393216K, used 0K [0x00000000e8000000, 0x0000000100000000, 0x0000000100000000)
 Metaspace       used 27153K, capacity 27597K, committed 27968K, reserved 1073152K
  class space    used 3159K, capacity 3319K, committed 3424K, reserved 1048576K
