OpenJDK 64-Bit Server VM (25.111-b14) for linux-amd64 JRE (1.8.0_111-8u111-b14-2ubuntu0.16.04.2-b14), built on Oct 27 2016 18:10:19 by "buildd" with gcc 5.4.0 20160609
Memory: 4k page, physical 7867804k(7520340k free), swap 8076284k(8076284k free)
CommandLine flags: -XX:CMSInitiatingOccupancyFraction=50 -XX:CMSMaxAbortablePrecleanTime=6000 -XX:+CMSParallelRemarkEnabled -XX:+CMSScavengeBeforeRemark -XX:ConcGCThreads=4 -XX:InitialHeapSize=536870912 -XX:MaxHeapSize=536870912 -XX:MaxTenuringThreshold=8 -XX:NewRatio=3 -XX:OldPLABSize=16 -XX:OnOutOfMemoryError=/opt/solr/bin/oom_solr.sh 8983 /var/solr/logs -XX:ParallelGCThreads=4 -XX:+ParallelRefProcEnabled -XX:PretenureSizeThreshold=67108864 -XX:+PrintGC -XX:+PrintGCApplicationStoppedTime -XX:+PrintGCDateStamps -XX:+PrintGCDetails -XX:+PrintGCTimeStamps -XX:+PrintHeapAtGC -XX:+PrintTenuringDistribution -XX:SurvivorRatio=4 -XX:TargetSurvivorRatio=90 -XX:ThreadStackSize=256 -XX:+UseCMSInitiatingOccupancyOnly -XX:+UseCompressedClassPointers -XX:+UseCompressedOops -XX:+UseConcMarkSweepGC -XX:+UseParNewGC 
2017-01-13T15:18:55.590+0100: 0,124: Total time for which application threads were stopped: 0,0000623 seconds, Stopping threads took: 0,0000092 seconds
2017-01-13T15:18:55.663+0100: 0,197: Total time for which application threads were stopped: 0,0001297 seconds, Stopping threads took: 0,0000179 seconds
2017-01-13T15:18:55.679+0100: 0,213: Total time for which application threads were stopped: 0,0000970 seconds, Stopping threads took: 0,0000151 seconds
2017-01-13T15:18:55.886+0100: 0,420: Total time for which application threads were stopped: 0,0001167 seconds, Stopping threads took: 0,0000127 seconds
2017-01-13T15:18:56.437+0100: 0,971: Total time for which application threads were stopped: 0,0001567 seconds, Stopping threads took: 0,0000220 seconds
2017-01-13T15:18:56.525+0100: 1,059: Total time for which application threads were stopped: 0,0001947 seconds, Stopping threads took: 0,0000313 seconds
2017-01-13T15:18:56.590+0100: 1,124: Total time for which application threads were stopped: 0,0001852 seconds, Stopping threads took: 0,0000156 seconds
2017-01-13T15:18:56.882+0100: 1,416: Total time for which application threads were stopped: 0,0001795 seconds, Stopping threads took: 0,0000120 seconds
2017-01-13T15:18:57.084+0100: 1,617: Total time for which application threads were stopped: 0,0002011 seconds, Stopping threads took: 0,0000222 seconds
2017-01-13T15:18:57.106+0100: 1,639: Total time for which application threads were stopped: 0,0001755 seconds, Stopping threads took: 0,0000168 seconds
2017-01-13T15:18:57.107+0100: 1,640: Total time for which application threads were stopped: 0,0001886 seconds, Stopping threads took: 0,0000122 seconds
2017-01-13T15:18:57.123+0100: 1,657: Total time for which application threads were stopped: 0,0007991 seconds, Stopping threads took: 0,0000599 seconds
2017-01-13T15:18:57.211+0100: 1,745: Total time for which application threads were stopped: 0,0002048 seconds, Stopping threads took: 0,0000183 seconds
2017-01-13T15:18:57.350+0100: 1,883: Total time for which application threads were stopped: 0,0002248 seconds, Stopping threads took: 0,0000300 seconds
{Heap before GC invocations=0 (full 0):
 par new generation   total 109248K, used 87424K [0x00000000e0000000, 0x00000000e8000000, 0x00000000e8000000)
  eden space 87424K, 100% used [0x00000000e0000000, 0x00000000e5560000, 0x00000000e5560000)
  from space 21824K,   0% used [0x00000000e5560000, 0x00000000e5560000, 0x00000000e6ab0000)
  to   space 21824K,   0% used [0x00000000e6ab0000, 0x00000000e6ab0000, 0x00000000e8000000)
 concurrent mark-sweep generation total 393216K, used 0K [0x00000000e8000000, 0x0000000100000000, 0x0000000100000000)
 Metaspace       used 18348K, capacity 18686K, committed 18944K, reserved 1067008K
  class space    used 2090K, capacity 2226K, committed 2304K, reserved 1048576K
2017-01-13T15:18:57.488+0100: 2,022: [GC (Allocation Failure) 2017-01-13T15:18:57.488+0100: 2,022: [ParNew
Desired survivor size 20112992 bytes, new threshold 8 (max 8)
- age   1:   12577728 bytes,   12577728 total
: 87424K->12414K(109248K), 0,0168440 secs] 87424K->12414K(502464K), 0,0169420 secs] [Times: user=0,06 sys=0,01, real=0,01 secs] 
Heap after GC invocations=1 (full 0):
 par new generation   total 109248K, used 12414K [0x00000000e0000000, 0x00000000e8000000, 0x00000000e8000000)
  eden space 87424K,   0% used [0x00000000e0000000, 0x00000000e0000000, 0x00000000e5560000)
  from space 21824K,  56% used [0x00000000e6ab0000, 0x00000000e76cf848, 0x00000000e8000000)
  to   space 21824K,   0% used [0x00000000e5560000, 0x00000000e5560000, 0x00000000e6ab0000)
 concurrent mark-sweep generation total 393216K, used 0K [0x00000000e8000000, 0x0000000100000000, 0x0000000100000000)
 Metaspace       used 18348K, capacity 18686K, committed 18944K, reserved 1067008K
  class space    used 2090K, capacity 2226K, committed 2304K, reserved 1048576K
}
2017-01-13T15:18:57.505+0100: 2,039: Total time for which application threads were stopped: 0,0171459 seconds, Stopping threads took: 0,0000216 seconds
2017-01-13T15:18:57.668+0100: 2,202: Total time for which application threads were stopped: 0,0002719 seconds, Stopping threads took: 0,0000468 seconds
2017-01-13T15:18:57.696+0100: 2,230: Total time for which application threads were stopped: 0,0003195 seconds, Stopping threads took: 0,0000401 seconds
2017-01-13T15:18:57.719+0100: 2,253: Total time for which application threads were stopped: 0,0002890 seconds, Stopping threads took: 0,0000242 seconds
{Heap before GC invocations=1 (full 0):
 par new generation   total 109248K, used 99838K [0x00000000e0000000, 0x00000000e8000000, 0x00000000e8000000)
  eden space 87424K, 100% used [0x00000000e0000000, 0x00000000e5560000, 0x00000000e5560000)
  from space 21824K,  56% used [0x00000000e6ab0000, 0x00000000e76cf848, 0x00000000e8000000)
  to   space 21824K,   0% used [0x00000000e5560000, 0x00000000e5560000, 0x00000000e6ab0000)
 concurrent mark-sweep generation total 393216K, used 0K [0x00000000e8000000, 0x0000000100000000, 0x0000000100000000)
 Metaspace       used 20733K, capacity 21020K, committed 21248K, reserved 1069056K
  class space    used 2404K, capacity 2518K, committed 2560K, reserved 1048576K
2017-01-13T15:18:57.895+0100: 2,429: [GC (Allocation Failure) 2017-01-13T15:18:57.895+0100: 2,429: [ParNew
Desired survivor size 20112992 bytes, new threshold 8 (max 8)
- age   1:    2768576 bytes,    2768576 total
- age   2:    6138560 bytes,    8907136 total
: 99838K->13319K(109248K), 0,0142922 secs] 99838K->13319K(502464K), 0,0143735 secs] [Times: user=0,05 sys=0,00, real=0,01 secs] 
Heap after GC invocations=2 (full 0):
 par new generation   total 109248K, used 13319K [0x00000000e0000000, 0x00000000e8000000, 0x00000000e8000000)
  eden space 87424K,   0% used [0x00000000e0000000, 0x00000000e0000000, 0x00000000e5560000)
  from space 21824K,  61% used [0x00000000e5560000, 0x00000000e6261fa0, 0x00000000e6ab0000)
  to   space 21824K,   0% used [0x00000000e6ab0000, 0x00000000e6ab0000, 0x00000000e8000000)
 concurrent mark-sweep generation total 393216K, used 0K [0x00000000e8000000, 0x0000000100000000, 0x0000000100000000)
 Metaspace       used 20733K, capacity 21020K, committed 21248K, reserved 1069056K
  class space    used 2404K, capacity 2518K, committed 2560K, reserved 1048576K
}
2017-01-13T15:18:57.909+0100: 2,443: Total time for which application threads were stopped: 0,0146082 seconds, Stopping threads took: 0,0000392 seconds
2017-01-13T15:18:57.967+0100: 2,501: Total time for which application threads were stopped: 0,0000719 seconds, Stopping threads took: 0,0000142 seconds
2017-01-13T15:18:57.998+0100: 2,532: Total time for which application threads were stopped: 0,0000871 seconds, Stopping threads took: 0,0000259 seconds
2017-01-13T15:18:57.999+0100: 2,533: Total time for which application threads were stopped: 0,0002538 seconds, Stopping threads took: 0,0000163 seconds
2017-01-13T15:18:58.025+0100: 2,559: Total time for which application threads were stopped: 0,0000772 seconds, Stopping threads took: 0,0000213 seconds
2017-01-13T15:18:58.112+0100: 2,646: Total time for which application threads were stopped: 0,0001717 seconds, Stopping threads took: 0,0000272 seconds
2017-01-13T15:18:58.131+0100: 2,664: Total time for which application threads were stopped: 0,0000967 seconds, Stopping threads took: 0,0000306 seconds
2017-01-13T15:18:58.138+0100: 2,671: Total time for which application threads were stopped: 0,0002671 seconds, Stopping threads took: 0,0000220 seconds
2017-01-13T15:18:58.148+0100: 2,681: Total time for which application threads were stopped: 0,0002828 seconds, Stopping threads took: 0,0000138 seconds
2017-01-13T15:18:58.159+0100: 2,692: Total time for which application threads were stopped: 0,0000854 seconds, Stopping threads took: 0,0000249 seconds
2017-01-13T15:18:58.188+0100: 2,721: Total time for which application threads were stopped: 0,0001072 seconds, Stopping threads took: 0,0000194 seconds
2017-01-13T15:18:58.203+0100: 2,737: Total time for which application threads were stopped: 0,0000836 seconds, Stopping threads took: 0,0000151 seconds
2017-01-13T15:18:58.221+0100: 2,755: Total time for which application threads were stopped: 0,0000703 seconds, Stopping threads took: 0,0000162 seconds
2017-01-13T15:18:58.240+0100: 2,774: Total time for which application threads were stopped: 0,0000784 seconds, Stopping threads took: 0,0000165 seconds
2017-01-13T15:18:58.275+0100: 2,808: Total time for which application threads were stopped: 0,0001246 seconds, Stopping threads took: 0,0000234 seconds
2017-01-13T15:18:58.328+0100: 2,862: Total time for which application threads were stopped: 0,0000917 seconds, Stopping threads took: 0,0000230 seconds
2017-01-13T15:18:58.359+0100: 2,892: Total time for which application threads were stopped: 0,0001111 seconds, Stopping threads took: 0,0000246 seconds
2017-01-13T15:18:58.407+0100: 2,941: Total time for which application threads were stopped: 0,0001004 seconds, Stopping threads took: 0,0000200 seconds
{Heap before GC invocations=2 (full 0):
 par new generation   total 109248K, used 100743K [0x00000000e0000000, 0x00000000e8000000, 0x00000000e8000000)
  eden space 87424K, 100% used [0x00000000e0000000, 0x00000000e5560000, 0x00000000e5560000)
  from space 21824K,  61% used [0x00000000e5560000, 0x00000000e6261fa0, 0x00000000e6ab0000)
  to   space 21824K,   0% used [0x00000000e6ab0000, 0x00000000e6ab0000, 0x00000000e8000000)
 concurrent mark-sweep generation total 393216K, used 0K [0x00000000e8000000, 0x0000000100000000, 0x0000000100000000)
 Metaspace       used 25124K, capacity 25509K, committed 25868K, reserved 1073152K
  class space    used 2923K, capacity 3057K, committed 3144K, reserved 1048576K
2017-01-13T15:18:58.409+0100: 2,943: [GC (Allocation Failure) 2017-01-13T15:18:58.409+0100: 2,943: [ParNew
Desired survivor size 20112992 bytes, new threshold 8 (max 8)
- age   1:    6923792 bytes,    6923792 total
- age   2:     514808 bytes,    7438600 total
- age   3:    6119760 bytes,   13558360 total
: 100743K->15290K(109248K), 0,0165027 secs] 100743K->15290K(502464K), 0,0165548 secs] [Times: user=0,05 sys=0,00, real=0,01 secs] 
Heap after GC invocations=3 (full 0):
 par new generation   total 109248K, used 15290K [0x00000000e0000000, 0x00000000e8000000, 0x00000000e8000000)
  eden space 87424K,   0% used [0x00000000e0000000, 0x00000000e0000000, 0x00000000e5560000)
  from space 21824K,  70% used [0x00000000e6ab0000, 0x00000000e799e8a0, 0x00000000e8000000)
  to   space 21824K,   0% used [0x00000000e5560000, 0x00000000e5560000, 0x00000000e6ab0000)
 concurrent mark-sweep generation total 393216K, used 0K [0x00000000e8000000, 0x0000000100000000, 0x0000000100000000)
 Metaspace       used 25124K, capacity 25509K, committed 25868K, reserved 1073152K
  class space    used 2923K, capacity 3057K, committed 3144K, reserved 1048576K
}
2017-01-13T15:18:58.426+0100: 2,959: Total time for which application threads were stopped: 0,0167118 seconds, Stopping threads took: 0,0000200 seconds
2017-01-13T15:18:58.426+0100: 2,960: [GC (CMS Initial Mark) [1 CMS-initial-mark: 0K(393216K)] 15290K(502464K), 0,0034477 secs] [Times: user=0,01 sys=0,00, real=0,01 secs] 
2017-01-13T15:18:58.429+0100: 2,963: Total time for which application threads were stopped: 0,0035645 seconds, Stopping threads took: 0,0000349 seconds
2017-01-13T15:18:58.429+0100: 2,963: [CMS-concurrent-mark-start]
2017-01-13T15:18:58.430+0100: 2,964: [CMS-concurrent-mark: 0,001/0,001 secs] [Times: user=0,01 sys=0,00, real=0,00 secs] 
2017-01-13T15:18:58.430+0100: 2,964: [CMS-concurrent-preclean-start]
2017-01-13T15:18:58.432+0100: 2,965: [CMS-concurrent-preclean: 0,001/0,001 secs] [Times: user=0,00 sys=0,00, real=0,00 secs] 
2017-01-13T15:18:58.432+0100: 2,966: [GC (CMS Final Remark) [YG occupancy: 16699 K (109248 K)]{Heap before GC invocations=3 (full 1):
 par new generation   total 109248K, used 16699K [0x00000000e0000000, 0x00000000e8000000, 0x00000000e8000000)
  eden space 87424K,   1% used [0x00000000e0000000, 0x00000000e01605a8, 0x00000000e5560000)
  from space 21824K,  70% used [0x00000000e6ab0000, 0x00000000e799e8a0, 0x00000000e8000000)
  to   space 21824K,   0% used [0x00000000e5560000, 0x00000000e5560000, 0x00000000e6ab0000)
 concurrent mark-sweep generation total 393216K, used 0K [0x00000000e8000000, 0x0000000100000000, 0x0000000100000000)
 Metaspace       used 25146K, capacity 25509K, committed 25868K, reserved 1073152K
  class space    used 2925K, capacity 3057K, committed 3144K, reserved 1048576K
2017-01-13T15:18:58.432+0100: 2,966: [GC (CMS Final Remark) 2017-01-13T15:18:58.432+0100: 2,966: [ParNew
Desired survivor size 20112992 bytes, new threshold 8 (max 8)
- age   1:      19392 bytes,      19392 total
- age   2:    3173496 bytes,    3192888 total
- age   3:     514680 bytes,    3707568 total
- age   4:    6119672 bytes,    9827240 total
: 16699K->16424K(109248K), 0,0116743 secs] 16699K->16424K(502464K), 0,0117186 secs] [Times: user=0,04 sys=0,01, real=0,01 secs] 
Heap after GC invocations=4 (full 1):
 par new generation   total 109248K, used 16424K [0x00000000e0000000, 0x00000000e8000000, 0x00000000e8000000)
  eden space 87424K,   0% used [0x00000000e0000000, 0x00000000e0000000, 0x00000000e5560000)
  from space 21824K,  75% used [0x00000000e5560000, 0x00000000e656a1c0, 0x00000000e6ab0000)
  to   space 21824K,   0% used [0x00000000e6ab0000, 0x00000000e6ab0000, 0x00000000e8000000)
 concurrent mark-sweep generation total 393216K, used 0K [0x00000000e8000000, 0x0000000100000000, 0x0000000100000000)
 Metaspace       used 25146K, capacity 25509K, committed 25868K, reserved 1073152K
  class space    used 2925K, capacity 3057K, committed 3144K, reserved 1048576K
}
2017-01-13T15:18:58.444+0100: 2,977: [Rescan (parallel) , 0,0039407 secs]2017-01-13T15:18:58.448+0100: 2,981: [weak refs processing, 0,0005866 secs]2017-01-13T15:18:58.448+0100: 2,982: [class unloading, 0,0032590 secs]2017-01-13T15:18:58.451+0100: 2,985: [scrub symbol table, 0,0032599 secs]2017-01-13T15:18:58.455+0100: 2,988: [scrub string table, 0,0003831 secs][1 CMS-remark: 0K(393216K)] 16424K(502464K), 0,0238572 secs] [Times: user=0,06 sys=0,01, real=0,03 secs] 
2017-01-13T15:18:58.456+0100: 2,989: Total time for which application threads were stopped: 0,0239707 seconds, Stopping threads took: 0,0000411 seconds
2017-01-13T15:18:58.456+0100: 2,990: [CMS-concurrent-sweep-start]
2017-01-13T15:18:58.456+0100: 2,990: [CMS-concurrent-sweep: 0,000/0,000 secs] [Times: user=0,00 sys=0,00, real=0,00 secs] 
2017-01-13T15:18:58.456+0100: 2,990: [CMS-concurrent-reset-start]
2017-01-13T15:18:58.458+0100: 2,992: [CMS-concurrent-reset: 0,003/0,003 secs] [Times: user=0,02 sys=0,00, real=0,00 secs] 
2017-01-13T15:18:59.456+0100: 3,990: Total time for which application threads were stopped: 0,0001067 seconds, Stopping threads took: 0,0000192 seconds
2017-01-13T15:18:59.518+0100: 4,052: Total time for which application threads were stopped: 0,0002698 seconds, Stopping threads took: 0,0000153 seconds
2017-01-13T15:19:27.077+0100: 32,063: Total time for which application threads were stopped: 0,0000622 seconds, Stopping threads took: 0,0000186 seconds
2017-01-13T15:21:42.092+0100: 167,078: Total time for which application threads were stopped: 0,0000730 seconds, Stopping threads took: 0,0000323 seconds
2017-01-13T15:22:01.094+0100: 186,080: Total time for which application threads were stopped: 0,0001115 seconds, Stopping threads took: 0,0000402 seconds
2017-01-13T15:22:37.099+0100: 222,085: Total time for which application threads were stopped: 0,0001618 seconds, Stopping threads took: 0,0000820 seconds
2017-01-13T15:23:31.105+0100: 276,091: Total time for which application threads were stopped: 0,0000752 seconds, Stopping threads took: 0,0000322 seconds
2017-01-13T15:23:42.106+0100: 287,092: Total time for which application threads were stopped: 0,0000730 seconds, Stopping threads took: 0,0000321 seconds
2017-01-13T15:23:52.107+0100: 297,094: Total time for which application threads were stopped: 0,0000860 seconds, Stopping threads took: 0,0000230 seconds
2017-01-13T15:23:56.108+0100: 301,094: Total time for which application threads were stopped: 0,0000832 seconds, Stopping threads took: 0,0000213 seconds
2017-01-13T15:42:41.254+0100: 1426,240: Total time for which application threads were stopped: 0,0001083 seconds, Stopping threads took: 0,0000381 seconds
2017-01-13T15:46:22.293+0100: 1647,279: Total time for which application threads were stopped: 0,0001522 seconds, Stopping threads took: 0,0000618 seconds
2017-01-13T15:47:06.300+0100: 1691,287: Total time for which application threads were stopped: 0,0001460 seconds, Stopping threads took: 0,0000553 seconds
2017-01-13T15:58:06.398+0100: 2351,384: Total time for which application threads were stopped: 0,0000723 seconds, Stopping threads took: 0,0000310 seconds
2017-01-13T15:58:07.398+0100: 2352,385: Total time for which application threads were stopped: 0,0000620 seconds, Stopping threads took: 0,0000157 seconds
2017-01-13T16:19:42.557+0100: 3647,543: Total time for which application threads were stopped: 0,0003608 seconds, Stopping threads took: 0,0001484 seconds
2017-01-13T16:23:21.583+0100: 3866,569: Total time for which application threads were stopped: 0,0000745 seconds, Stopping threads took: 0,0000302 seconds
2017-01-13T16:23:31.585+0100: 3876,571: Total time for which application threads were stopped: 0,0000988 seconds, Stopping threads took: 0,0000243 seconds
2017-01-13T16:25:56.603+0100: 4021,589: Total time for which application threads were stopped: 0,0000781 seconds, Stopping threads took: 0,0000328 seconds
2017-01-13T17:12:22.941+0100: 6807,927: Total time for which application threads were stopped: 0,0000870 seconds, Stopping threads took: 0,0000383 seconds
2017-01-13T17:12:37.943+0100: 6822,929: Total time for which application threads were stopped: 0,0000558 seconds, Stopping threads took: 0,0000140 seconds
2017-01-13T17:24:27.042+0100: 7532,028: Total time for which application threads were stopped: 0,0001188 seconds, Stopping threads took: 0,0000462 seconds
2017-01-13T17:25:17.049+0100: 7582,035: Total time for which application threads were stopped: 0,0004079 seconds, Stopping threads took: 0,0001830 seconds
2017-01-13T17:26:57.061+0100: 7682,047: Total time for which application threads were stopped: 0,0000788 seconds, Stopping threads took: 0,0000326 seconds
2017-01-13T17:40:40.714+0100: 8505,701: Total time for which application threads were stopped: 0,0001585 seconds, Stopping threads took: 0,0000187 seconds
Heap
 par new generation   total 109248K, used 60337K [0x00000000e0000000, 0x00000000e8000000, 0x00000000e8000000)
  eden space 87424K,  50% used [0x00000000e0000000, 0x00000000e2ae2330, 0x00000000e5560000)
  from space 21824K,  75% used [0x00000000e5560000, 0x00000000e656a1c0, 0x00000000e6ab0000)
  to   space 21824K,   0% used [0x00000000e6ab0000, 0x00000000e6ab0000, 0x00000000e8000000)
 concurrent mark-sweep generation total 393216K, used 0K [0x00000000e8000000, 0x0000000100000000, 0x0000000100000000)
 Metaspace       used 27261K, capacity 27729K, committed 27916K, reserved 1073152K
  class space    used 3167K, capacity 3321K, committed 3400K, reserved 1048576K
