OpenJDK 64-Bit Server VM (25.131-b11) for linux-amd64 JRE (1.8.0_131-8u131-b11-2ubuntu1.16.04.3-b11), built on Jul 28 2017 01:23:32 by "buildd" with gcc 5.4.0 20160609
Memory: 4k page, physical 7867732k(7477260k free), swap 8076284k(8076284k free)
CommandLine flags: -XX:CMSInitiatingOccupancyFraction=50 -XX:CMSMaxAbortablePrecleanTime=6000 -XX:+CMSParallelRemarkEnabled -XX:+CMSScavengeBeforeRemark -XX:ConcGCThreads=4 -XX:InitialHeapSize=536870912 -XX:MaxHeapSize=536870912 -XX:MaxTenuringThreshold=8 -XX:NewRatio=3 -XX:OldPLABSize=16 -XX:OnOutOfMemoryError=/opt/solr/bin/oom_solr.sh 8983 /var/solr/logs -XX:ParallelGCThreads=4 -XX:+ParallelRefProcEnabled -XX:PretenureSizeThreshold=67108864 -XX:+PrintGC -XX:+PrintGCApplicationStoppedTime -XX:+PrintGCDateStamps -XX:+PrintGCDetails -XX:+PrintGCTimeStamps -XX:+PrintHeapAtGC -XX:+PrintTenuringDistribution -XX:SurvivorRatio=4 -XX:TargetSurvivorRatio=90 -XX:ThreadStackSize=256 -XX:+UseCMSInitiatingOccupancyOnly -XX:+UseCompressedClassPointers -XX:+UseCompressedOops -XX:+UseConcMarkSweepGC -XX:+UseParNewGC 
2017-08-24T07:46:09.858+0200: 0,163: Total time for which application threads were stopped: 0,0000667 seconds, Stopping threads took: 0,0000109 seconds
2017-08-24T07:46:09.974+0200: 0,280: Total time for which application threads were stopped: 0,0001031 seconds, Stopping threads took: 0,0000157 seconds
2017-08-24T07:46:09.997+0200: 0,303: Total time for which application threads were stopped: 0,0001146 seconds, Stopping threads took: 0,0000262 seconds
2017-08-24T07:46:10.303+0200: 0,608: Total time for which application threads were stopped: 0,0001199 seconds, Stopping threads took: 0,0000135 seconds
2017-08-24T07:46:10.676+0200: 0,982: Total time for which application threads were stopped: 0,0001773 seconds, Stopping threads took: 0,0000203 seconds
2017-08-24T07:46:10.763+0200: 1,069: Total time for which application threads were stopped: 0,0005757 seconds, Stopping threads took: 0,0000238 seconds
2017-08-24T07:46:10.782+0200: 1,088: Total time for which application threads were stopped: 0,0002166 seconds, Stopping threads took: 0,0000403 seconds
2017-08-24T07:46:11.149+0200: 1,454: Total time for which application threads were stopped: 0,0001762 seconds, Stopping threads took: 0,0000223 seconds
2017-08-24T07:46:11.400+0200: 1,705: Total time for which application threads were stopped: 0,0001896 seconds, Stopping threads took: 0,0000122 seconds
2017-08-24T07:46:11.428+0200: 1,734: Total time for which application threads were stopped: 0,0001747 seconds, Stopping threads took: 0,0000225 seconds
2017-08-24T07:46:11.463+0200: 1,769: Total time for which application threads were stopped: 0,0002312 seconds, Stopping threads took: 0,0000212 seconds
2017-08-24T07:46:11.465+0200: 1,770: Total time for which application threads were stopped: 0,0002224 seconds, Stopping threads took: 0,0000430 seconds
2017-08-24T07:46:11.484+0200: 1,789: Total time for which application threads were stopped: 0,0001793 seconds, Stopping threads took: 0,0000150 seconds
2017-08-24T07:46:11.570+0200: 1,875: Total time for which application threads were stopped: 0,0005235 seconds, Stopping threads took: 0,0000206 seconds
2017-08-24T07:46:11.779+0200: 2,084: Total time for which application threads were stopped: 0,0002776 seconds, Stopping threads took: 0,0000591 seconds
{Heap before GC invocations=0 (full 0):
 par new generation   total 109248K, used 87424K [0x00000000e0000000, 0x00000000e8000000, 0x00000000e8000000)
  eden space 87424K, 100% used [0x00000000e0000000, 0x00000000e5560000, 0x00000000e5560000)
  from space 21824K,   0% used [0x00000000e5560000, 0x00000000e5560000, 0x00000000e6ab0000)
  to   space 21824K,   0% used [0x00000000e6ab0000, 0x00000000e6ab0000, 0x00000000e8000000)
 concurrent mark-sweep generation total 393216K, used 0K [0x00000000e8000000, 0x0000000100000000, 0x0000000100000000)
 Metaspace       used 18087K, capacity 18400K, committed 18688K, reserved 1064960K
  class space    used 2041K, capacity 2196K, committed 2304K, reserved 1048576K
2017-08-24T07:46:11.883+0200: 2,188: [GC (Allocation Failure) 2017-08-24T07:46:11.883+0200: 2,188: [ParNew
Desired survivor size 20112992 bytes, new threshold 8 (max 8)
- age   1:   12627712 bytes,   12627712 total
: 87424K->12442K(109248K), 0,0165651 secs] 87424K->12442K(502464K), 0,0166403 secs] [Times: user=0,04 sys=0,01, real=0,01 secs] 
Heap after GC invocations=1 (full 0):
 par new generation   total 109248K, used 12442K [0x00000000e0000000, 0x00000000e8000000, 0x00000000e8000000)
  eden space 87424K,   0% used [0x00000000e0000000, 0x00000000e0000000, 0x00000000e5560000)
  from space 21824K,  57% used [0x00000000e6ab0000, 0x00000000e76d69e0, 0x00000000e8000000)
  to   space 21824K,   0% used [0x00000000e5560000, 0x00000000e5560000, 0x00000000e6ab0000)
 concurrent mark-sweep generation total 393216K, used 0K [0x00000000e8000000, 0x0000000100000000, 0x0000000100000000)
 Metaspace       used 18087K, capacity 18400K, committed 18688K, reserved 1064960K
  class space    used 2041K, capacity 2196K, committed 2304K, reserved 1048576K
}
2017-08-24T07:46:11.899+0200: 2,205: Total time for which application threads were stopped: 0,0168815 seconds, Stopping threads took: 0,0000450 seconds
2017-08-24T07:46:12.245+0200: 2,550: Total time for which application threads were stopped: 0,0003273 seconds, Stopping threads took: 0,0000487 seconds
{Heap before GC invocations=1 (full 0):
 par new generation   total 109248K, used 99849K [0x00000000e0000000, 0x00000000e8000000, 0x00000000e8000000)
  eden space 87424K,  99% used [0x00000000e0000000, 0x00000000e555bc80, 0x00000000e5560000)
  from space 21824K,  57% used [0x00000000e6ab0000, 0x00000000e76d69e0, 0x00000000e8000000)
  to   space 21824K,   0% used [0x00000000e5560000, 0x00000000e5560000, 0x00000000e6ab0000)
 concurrent mark-sweep generation total 393216K, used 0K [0x00000000e8000000, 0x0000000100000000, 0x0000000100000000)
 Metaspace       used 20075K, capacity 20416K, committed 20736K, reserved 1067008K
  class space    used 2293K, capacity 2466K, committed 2560K, reserved 1048576K
2017-08-24T07:46:12.304+0200: 2,609: [GC (Allocation Failure) 2017-08-24T07:46:12.304+0200: 2,609: [ParNew
Desired survivor size 20112992 bytes, new threshold 8 (max 8)
- age   1:    3605768 bytes,    3605768 total
- age   2:    6681936 bytes,   10287704 total
: 99849K->13763K(109248K), 0,0125591 secs] 99849K->13763K(502464K), 0,0126224 secs] [Times: user=0,04 sys=0,00, real=0,01 secs] 
Heap after GC invocations=2 (full 0):
 par new generation   total 109248K, used 13763K [0x00000000e0000000, 0x00000000e8000000, 0x00000000e8000000)
  eden space 87424K,   0% used [0x00000000e0000000, 0x00000000e0000000, 0x00000000e5560000)
  from space 21824K,  63% used [0x00000000e5560000, 0x00000000e62d0f70, 0x00000000e6ab0000)
  to   space 21824K,   0% used [0x00000000e6ab0000, 0x00000000e6ab0000, 0x00000000e8000000)
 concurrent mark-sweep generation total 393216K, used 0K [0x00000000e8000000, 0x0000000100000000, 0x0000000100000000)
 Metaspace       used 20075K, capacity 20416K, committed 20736K, reserved 1067008K
  class space    used 2293K, capacity 2466K, committed 2560K, reserved 1048576K
}
2017-08-24T07:46:12.317+0200: 2,622: Total time for which application threads were stopped: 0,0166781 seconds, Stopping threads took: 0,0038944 seconds
2017-08-24T07:46:12.326+0200: 2,631: Total time for which application threads were stopped: 0,0003694 seconds, Stopping threads took: 0,0000656 seconds
2017-08-24T07:46:12.374+0200: 2,680: Total time for which application threads were stopped: 0,0003873 seconds, Stopping threads took: 0,0000393 seconds
2017-08-24T07:46:12.499+0200: 2,804: Total time for which application threads were stopped: 0,0002020 seconds, Stopping threads took: 0,0000425 seconds
{Heap before GC invocations=2 (full 0):
 par new generation   total 109248K, used 101187K [0x00000000e0000000, 0x00000000e8000000, 0x00000000e8000000)
  eden space 87424K, 100% used [0x00000000e0000000, 0x00000000e5560000, 0x00000000e5560000)
  from space 21824K,  63% used [0x00000000e5560000, 0x00000000e62d0f70, 0x00000000e6ab0000)
  to   space 21824K,   0% used [0x00000000e6ab0000, 0x00000000e6ab0000, 0x00000000e8000000)
 concurrent mark-sweep generation total 393216K, used 0K [0x00000000e8000000, 0x0000000100000000, 0x0000000100000000)
 Metaspace       used 21001K, capacity 21338K, committed 21628K, reserved 1069056K
  class space    used 2415K, capacity 2585K, committed 2684K, reserved 1048576K
2017-08-24T07:46:12.540+0200: 2,846: [GC (Allocation Failure) 2017-08-24T07:46:12.541+0200: 2,846: [ParNew
Desired survivor size 20112992 bytes, new threshold 8 (max 8)
- age   1:    2184904 bytes,    2184904 total
- age   2:     867800 bytes,    3052704 total
- age   3:    6678048 bytes,    9730752 total
: 101187K->11467K(109248K), 0,0267060 secs] 101187K->11467K(502464K), 0,0267890 secs] [Times: user=0,08 sys=0,00, real=0,02 secs] 
Heap after GC invocations=3 (full 0):
 par new generation   total 109248K, used 11467K [0x00000000e0000000, 0x00000000e8000000, 0x00000000e8000000)
  eden space 87424K,   0% used [0x00000000e0000000, 0x00000000e0000000, 0x00000000e5560000)
  from space 21824K,  52% used [0x00000000e6ab0000, 0x00000000e75e2e00, 0x00000000e8000000)
  to   space 21824K,   0% used [0x00000000e5560000, 0x00000000e5560000, 0x00000000e6ab0000)
 concurrent mark-sweep generation total 393216K, used 0K [0x00000000e8000000, 0x0000000100000000, 0x0000000100000000)
 Metaspace       used 21001K, capacity 21338K, committed 21628K, reserved 1069056K
  class space    used 2415K, capacity 2585K, committed 2684K, reserved 1048576K
}
2017-08-24T07:46:12.567+0200: 2,873: Total time for which application threads were stopped: 0,0284527 seconds, Stopping threads took: 0,0014807 seconds
2017-08-24T07:46:12.568+0200: 2,873: [GC (CMS Initial Mark) [1 CMS-initial-mark: 0K(393216K)] 12194K(502464K), 0,0037314 secs] [Times: user=0,02 sys=0,00, real=0,00 secs] 
2017-08-24T07:46:12.571+0200: 2,877: Total time for which application threads were stopped: 0,0039153 seconds, Stopping threads took: 0,0000624 seconds
2017-08-24T07:46:12.571+0200: 2,877: [CMS-concurrent-mark-start]
2017-08-24T07:46:12.572+0200: 2,877: [CMS-concurrent-mark: 0,000/0,000 secs] [Times: user=0,00 sys=0,00, real=0,00 secs] 
2017-08-24T07:46:12.572+0200: 2,877: [CMS-concurrent-preclean-start]
2017-08-24T07:46:12.573+0200: 2,879: [CMS-concurrent-preclean: 0,001/0,001 secs] [Times: user=0,01 sys=0,00, real=0,01 secs] 
2017-08-24T07:46:12.573+0200: 2,879: [GC (CMS Final Remark) [YG occupancy: 12888 K (109248 K)]{Heap before GC invocations=3 (full 1):
 par new generation   total 109248K, used 12888K [0x00000000e0000000, 0x00000000e8000000, 0x00000000e8000000)
  eden space 87424K,   1% used [0x00000000e0000000, 0x00000000e0163210, 0x00000000e5560000)
  from space 21824K,  52% used [0x00000000e6ab0000, 0x00000000e75e2e00, 0x00000000e8000000)
  to   space 21824K,   0% used [0x00000000e5560000, 0x00000000e5560000, 0x00000000e6ab0000)
 concurrent mark-sweep generation total 393216K, used 0K [0x00000000e8000000, 0x0000000100000000, 0x0000000100000000)
 Metaspace       used 21011K, capacity 21338K, committed 21628K, reserved 1069056K
  class space    used 2417K, capacity 2585K, committed 2684K, reserved 1048576K
2017-08-24T07:46:12.573+0200: 2,879: [GC (CMS Final Remark) 2017-08-24T07:46:12.573+0200: 2,879: [ParNew
Desired survivor size 20112992 bytes, new threshold 8 (max 8)
- age   1:      78232 bytes,      78232 total
- age   2:    2182112 bytes,    2260344 total
- age   3:     867824 bytes,    3128168 total
- age   4:    6678720 bytes,    9806888 total
: 12888K->12840K(109248K), 0,0099108 secs] 12888K->12840K(502464K), 0,0099541 secs] [Times: user=0,03 sys=0,00, real=0,01 secs] 
Heap after GC invocations=4 (full 1):
 par new generation   total 109248K, used 12840K [0x00000000e0000000, 0x00000000e8000000, 0x00000000e8000000)
  eden space 87424K,   0% used [0x00000000e0000000, 0x00000000e0000000, 0x00000000e5560000)
  from space 21824K,  58% used [0x00000000e5560000, 0x00000000e61ea2a0, 0x00000000e6ab0000)
  to   space 21824K,   0% used [0x00000000e6ab0000, 0x00000000e6ab0000, 0x00000000e8000000)
 concurrent mark-sweep generation total 393216K, used 0K [0x00000000e8000000, 0x0000000100000000, 0x0000000100000000)
 Metaspace       used 21011K, capacity 21338K, committed 21628K, reserved 1069056K
  class space    used 2417K, capacity 2585K, committed 2684K, reserved 1048576K
}
2017-08-24T07:46:12.583+0200: 2,889: [Rescan (parallel) , 0,0032938 secs]2017-08-24T07:46:12.587+0200: 2,892: [weak refs processing, 0,0013118 secs]2017-08-24T07:46:12.588+0200: 2,893: [class unloading, 0,0027386 secs]2017-08-24T07:46:12.591+0200: 2,896: [scrub symbol table, 0,0025153 secs]2017-08-24T07:46:12.593+0200: 2,899: [scrub string table, 0,0004012 secs][1 CMS-remark: 0K(393216K)] 12840K(502464K), 0,0208814 secs] [Times: user=0,05 sys=0,00, real=0,02 secs] 
2017-08-24T07:46:12.594+0200: 2,900: Total time for which application threads were stopped: 0,0210340 seconds, Stopping threads took: 0,0000561 seconds
2017-08-24T07:46:12.595+0200: 2,900: [CMS-concurrent-sweep-start]
2017-08-24T07:46:12.595+0200: 2,900: [CMS-concurrent-sweep: 0,000/0,000 secs] [Times: user=0,00 sys=0,00, real=0,00 secs] 
2017-08-24T07:46:12.595+0200: 2,900: [CMS-concurrent-reset-start]
2017-08-24T07:46:12.597+0200: 2,902: [CMS-concurrent-reset: 0,002/0,002 secs] [Times: user=0,01 sys=0,00, real=0,00 secs] 
{Heap before GC invocations=4 (full 1):
 par new generation   total 109248K, used 100264K [0x00000000e0000000, 0x00000000e8000000, 0x00000000e8000000)
  eden space 87424K, 100% used [0x00000000e0000000, 0x00000000e5560000, 0x00000000e5560000)
  from space 21824K,  58% used [0x00000000e5560000, 0x00000000e61ea2a0, 0x00000000e6ab0000)
  to   space 21824K,   0% used [0x00000000e6ab0000, 0x00000000e6ab0000, 0x00000000e8000000)
 concurrent mark-sweep generation total 393216K, used 0K [0x00000000e8000000, 0x0000000100000000, 0x0000000100000000)
 Metaspace       used 21254K, capacity 21608K, committed 21884K, reserved 1069056K
  class space    used 2446K, capacity 2599K, committed 2684K, reserved 1048576K
2017-08-24T07:46:12.684+0200: 2,990: [GC (Allocation Failure) 2017-08-24T07:46:12.684+0200: 2,990: [ParNew
Desired survivor size 20112992 bytes, new threshold 8 (max 8)
- age   1:     654576 bytes,     654576 total
- age   2:       1424 bytes,     656000 total
- age   3:    1450736 bytes,    2106736 total
- age   4:     834408 bytes,    2941144 total
- age   5:    6678000 bytes,    9619144 total
: 100264K->11462K(109248K), 0,0110832 secs] 100264K->11462K(502464K), 0,0111569 secs] [Times: user=0,04 sys=0,00, real=0,01 secs] 
Heap after GC invocations=5 (full 1):
 par new generation   total 109248K, used 11462K [0x00000000e0000000, 0x00000000e8000000, 0x00000000e8000000)
  eden space 87424K,   0% used [0x00000000e0000000, 0x00000000e0000000, 0x00000000e5560000)
  from space 21824K,  52% used [0x00000000e6ab0000, 0x00000000e75e1980, 0x00000000e8000000)
  to   space 21824K,   0% used [0x00000000e5560000, 0x00000000e5560000, 0x00000000e6ab0000)
 concurrent mark-sweep generation total 393216K, used 0K [0x00000000e8000000, 0x0000000100000000, 0x0000000100000000)
 Metaspace       used 21254K, capacity 21608K, committed 21884K, reserved 1069056K
  class space    used 2446K, capacity 2599K, committed 2684K, reserved 1048576K
}
2017-08-24T07:46:12.696+0200: 3,001: Total time for which application threads were stopped: 0,0115450 seconds, Stopping threads took: 0,0002296 seconds
{Heap before GC invocations=5 (full 1):
 par new generation   total 109248K, used 98886K [0x00000000e0000000, 0x00000000e8000000, 0x00000000e8000000)
  eden space 87424K, 100% used [0x00000000e0000000, 0x00000000e5560000, 0x00000000e5560000)
  from space 21824K,  52% used [0x00000000e6ab0000, 0x00000000e75e1980, 0x00000000e8000000)
  to   space 21824K,   0% used [0x00000000e5560000, 0x00000000e5560000, 0x00000000e6ab0000)
 concurrent mark-sweep generation total 393216K, used 0K [0x00000000e8000000, 0x0000000100000000, 0x0000000100000000)
 Metaspace       used 21398K, capacity 21780K, committed 21884K, reserved 1069056K
  class space    used 2464K, capacity 2633K, committed 2684K, reserved 1048576K
2017-08-24T07:46:12.777+0200: 3,082: [GC (Allocation Failure) 2017-08-24T07:46:12.777+0200: 3,083: [ParNew
Desired survivor size 20112992 bytes, new threshold 8 (max 8)
- age   1:     724792 bytes,     724792 total
- age   2:     184384 bytes,     909176 total
- age   3:       1424 bytes,     910600 total
- age   4:    1450424 bytes,    2361024 total
- age   5:     832408 bytes,    3193432 total
- age   6:    6677984 bytes,    9871416 total
: 98886K->12717K(109248K), 0,0122683 secs] 98886K->12717K(502464K), 0,0123411 secs] [Times: user=0,04 sys=0,00, real=0,01 secs] 
Heap after GC invocations=6 (full 1):
 par new generation   total 109248K, used 12717K [0x00000000e0000000, 0x00000000e8000000, 0x00000000e8000000)
  eden space 87424K,   0% used [0x00000000e0000000, 0x00000000e0000000, 0x00000000e5560000)
  from space 21824K,  58% used [0x00000000e5560000, 0x00000000e61cb490, 0x00000000e6ab0000)
  to   space 21824K,   0% used [0x00000000e6ab0000, 0x00000000e6ab0000, 0x00000000e8000000)
 concurrent mark-sweep generation total 393216K, used 0K [0x00000000e8000000, 0x0000000100000000, 0x0000000100000000)
 Metaspace       used 21398K, capacity 21780K, committed 21884K, reserved 1069056K
  class space    used 2464K, capacity 2633K, committed 2684K, reserved 1048576K
}
2017-08-24T07:46:12.790+0200: 3,095: Total time for which application threads were stopped: 0,0125994 seconds, Stopping threads took: 0,0000992 seconds
2017-08-24T07:46:12.827+0200: 3,133: Total time for which application threads were stopped: 0,0003903 seconds, Stopping threads took: 0,0000356 seconds
2017-08-24T07:46:13.081+0200: 3,387: Total time for which application threads were stopped: 0,0005119 seconds, Stopping threads took: 0,0000504 seconds
2017-08-24T07:46:13.095+0200: 3,401: Total time for which application threads were stopped: 0,0004467 seconds, Stopping threads took: 0,0000340 seconds
{Heap before GC invocations=6 (full 1):
 par new generation   total 109248K, used 100133K [0x00000000e0000000, 0x00000000e8000000, 0x00000000e8000000)
  eden space 87424K,  99% used [0x00000000e0000000, 0x00000000e555e288, 0x00000000e5560000)
  from space 21824K,  58% used [0x00000000e5560000, 0x00000000e61cb490, 0x00000000e6ab0000)
  to   space 21824K,   0% used [0x00000000e6ab0000, 0x00000000e6ab0000, 0x00000000e8000000)
 concurrent mark-sweep generation total 393216K, used 0K [0x00000000e8000000, 0x0000000100000000, 0x0000000100000000)
 Metaspace       used 23805K, capacity 24214K, committed 24572K, reserved 1071104K
  class space    used 2795K, capacity 2976K, committed 3068K, reserved 1048576K
2017-08-24T07:46:13.244+0200: 3,550: [GC (Allocation Failure) 2017-08-24T07:46:13.244+0200: 3,550: [ParNew
Desired survivor size 20112992 bytes, new threshold 8 (max 8)
- age   1:    5186416 bytes,    5186416 total
- age   2:     120544 bytes,    5306960 total
- age   3:     182904 bytes,    5489864 total
- age   4:       1424 bytes,    5491288 total
- age   5:     280544 bytes,    5771832 total
- age   6:     808024 bytes,    6579856 total
- age   7:    6669880 bytes,   13249736 total
: 100133K->15769K(109248K), 0,0178464 secs] 100133K->15769K(502464K), 0,0179251 secs] [Times: user=0,07 sys=0,00, real=0,02 secs] 
Heap after GC invocations=7 (full 1):
 par new generation   total 109248K, used 15769K [0x00000000e0000000, 0x00000000e8000000, 0x00000000e8000000)
  eden space 87424K,   0% used [0x00000000e0000000, 0x00000000e0000000, 0x00000000e5560000)
  from space 21824K,  72% used [0x00000000e6ab0000, 0x00000000e7a167d8, 0x00000000e8000000)
  to   space 21824K,   0% used [0x00000000e5560000, 0x00000000e5560000, 0x00000000e6ab0000)
 concurrent mark-sweep generation total 393216K, used 0K [0x00000000e8000000, 0x0000000100000000, 0x0000000100000000)
 Metaspace       used 23805K, capacity 24214K, committed 24572K, reserved 1071104K
  class space    used 2795K, capacity 2976K, committed 3068K, reserved 1048576K
}
2017-08-24T07:46:13.262+0200: 3,568: Total time for which application threads were stopped: 0,0183022 seconds, Stopping threads took: 0,0001173 seconds
{Heap before GC invocations=7 (full 1):
 par new generation   total 109248K, used 103193K [0x00000000e0000000, 0x00000000e8000000, 0x00000000e8000000)
  eden space 87424K, 100% used [0x00000000e0000000, 0x00000000e5560000, 0x00000000e5560000)
  from space 21824K,  72% used [0x00000000e6ab0000, 0x00000000e7a167d8, 0x00000000e8000000)
  to   space 21824K,   0% used [0x00000000e5560000, 0x00000000e5560000, 0x00000000e6ab0000)
 concurrent mark-sweep generation total 393216K, used 0K [0x00000000e8000000, 0x0000000100000000, 0x0000000100000000)
 Metaspace       used 24637K, capacity 25078K, committed 25468K, reserved 1071104K
  class space    used 2879K, capacity 3072K, committed 3196K, reserved 1048576K
2017-08-24T07:46:13.391+0200: 3,696: [GC (Allocation Failure) 2017-08-24T07:46:13.391+0200: 3,696: [ParNew
Desired survivor size 20112992 bytes, new threshold 8 (max 8)
- age   1:    2658904 bytes,    2658904 total
- age   2:    1761032 bytes,    4419936 total
- age   3:      70952 bytes,    4490888 total
- age   4:      99200 bytes,    4590088 total
- age   5:       1088 bytes,    4591176 total
- age   6:     181320 bytes,    4772496 total
- age   7:     765032 bytes,    5537528 total
- age   8:    6136704 bytes,   11674232 total
: 103193K->16706K(109248K), 0,0138982 secs] 103193K->16706K(502464K), 0,0139829 secs] [Times: user=0,06 sys=0,00, real=0,02 secs] 
Heap after GC invocations=8 (full 1):
 par new generation   total 109248K, used 16706K [0x00000000e0000000, 0x00000000e8000000, 0x00000000e8000000)
  eden space 87424K,   0% used [0x00000000e0000000, 0x00000000e0000000, 0x00000000e5560000)
  from space 21824K,  76% used [0x00000000e5560000, 0x00000000e65b0bd0, 0x00000000e6ab0000)
  to   space 21824K,   0% used [0x00000000e6ab0000, 0x00000000e6ab0000, 0x00000000e8000000)
 concurrent mark-sweep generation total 393216K, used 0K [0x00000000e8000000, 0x0000000100000000, 0x0000000100000000)
 Metaspace       used 24637K, capacity 25078K, committed 25468K, reserved 1071104K
  class space    used 2879K, capacity 3072K, committed 3196K, reserved 1048576K
}
2017-08-24T07:46:13.405+0200: 3,710: Total time for which application threads were stopped: 0,0142115 seconds, Stopping threads took: 0,0000367 seconds
{Heap before GC invocations=8 (full 1):
 par new generation   total 109248K, used 104130K [0x00000000e0000000, 0x00000000e8000000, 0x00000000e8000000)
  eden space 87424K, 100% used [0x00000000e0000000, 0x00000000e5560000, 0x00000000e5560000)
  from space 21824K,  76% used [0x00000000e5560000, 0x00000000e65b0bd0, 0x00000000e6ab0000)
  to   space 21824K,   0% used [0x00000000e6ab0000, 0x00000000e6ab0000, 0x00000000e8000000)
 concurrent mark-sweep generation total 393216K, used 0K [0x00000000e8000000, 0x0000000100000000, 0x0000000100000000)
 Metaspace       used 25026K, capacity 25494K, committed 25724K, reserved 1071104K
  class space    used 2907K, capacity 3078K, committed 3196K, reserved 1048576K
2017-08-24T07:46:13.496+0200: 3,801: [GC (Allocation Failure) 2017-08-24T07:46:13.496+0200: 3,801: [ParNew
Desired survivor size 20112992 bytes, new threshold 8 (max 8)
- age   1:     867872 bytes,     867872 total
- age   2:    1090248 bytes,    1958120 total
- age   3:    1738120 bytes,    3696240 total
- age   4:      70952 bytes,    3767192 total
- age   5:      96448 bytes,    3863640 total
- age   6:       1088 bytes,    3864728 total
- age   7:     180792 bytes,    4045520 total
- age   8:     764264 bytes,    4809784 total
: 104130K->8824K(109248K), 0,0603180 secs] 104130K->14898K(502464K), 0,0603889 secs] [Times: user=0,09 sys=0,01, real=0,06 secs] 
Heap after GC invocations=9 (full 1):
 par new generation   total 109248K, used 8824K [0x00000000e0000000, 0x00000000e8000000, 0x00000000e8000000)
  eden space 87424K,   0% used [0x00000000e0000000, 0x00000000e0000000, 0x00000000e5560000)
  from space 21824K,  40% used [0x00000000e6ab0000, 0x00000000e734e298, 0x00000000e8000000)
  to   space 21824K,   0% used [0x00000000e5560000, 0x00000000e5560000, 0x00000000e6ab0000)
 concurrent mark-sweep generation total 393216K, used 6073K [0x00000000e8000000, 0x0000000100000000, 0x0000000100000000)
 Metaspace       used 25026K, capacity 25494K, committed 25724K, reserved 1071104K
  class space    used 2907K, capacity 3078K, committed 3196K, reserved 1048576K
}
2017-08-24T07:46:13.556+0200: 3,862: Total time for which application threads were stopped: 0,0644080 seconds, Stopping threads took: 0,0038293 seconds
2017-08-24T07:46:13.719+0200: 4,025: Total time for which application threads were stopped: 0,0004979 seconds, Stopping threads took: 0,0000317 seconds
2017-08-24T07:46:13.733+0200: 4,038: Total time for which application threads were stopped: 0,0004521 seconds, Stopping threads took: 0,0000211 seconds
2017-08-24T07:46:13.747+0200: 4,053: Total time for which application threads were stopped: 0,0003122 seconds, Stopping threads took: 0,0000422 seconds
2017-08-24T07:46:13.789+0200: 4,094: Total time for which application threads were stopped: 0,0004778 seconds, Stopping threads took: 0,0000366 seconds
2017-08-24T07:46:13.790+0200: 4,096: Total time for which application threads were stopped: 0,0001759 seconds, Stopping threads took: 0,0001133 seconds
2017-08-24T07:46:13.796+0200: 4,101: Total time for which application threads were stopped: 0,0001338 seconds, Stopping threads took: 0,0000401 seconds
2017-08-24T07:46:13.796+0200: 4,102: Total time for which application threads were stopped: 0,0001105 seconds, Stopping threads took: 0,0000393 seconds
2017-08-24T07:46:13.803+0200: 4,109: Total time for which application threads were stopped: 0,0001215 seconds, Stopping threads took: 0,0000517 seconds
2017-08-24T07:46:13.805+0200: 4,110: Total time for which application threads were stopped: 0,0003884 seconds, Stopping threads took: 0,0003135 seconds
2017-08-24T07:46:13.812+0200: 4,117: Total time for which application threads were stopped: 0,0001037 seconds, Stopping threads took: 0,0000275 seconds
2017-08-24T07:46:13.813+0200: 4,118: Total time for which application threads were stopped: 0,0000944 seconds, Stopping threads took: 0,0000246 seconds
2017-08-24T07:46:13.813+0200: 4,119: Total time for which application threads were stopped: 0,0000819 seconds, Stopping threads took: 0,0000203 seconds
2017-08-24T07:46:13.814+0200: 4,119: Total time for which application threads were stopped: 0,0001085 seconds, Stopping threads took: 0,0000289 seconds
2017-08-24T07:46:13.820+0200: 4,125: Total time for which application threads were stopped: 0,0045690 seconds, Stopping threads took: 0,0044621 seconds
2017-08-24T07:46:13.820+0200: 4,126: Total time for which application threads were stopped: 0,0001096 seconds, Stopping threads took: 0,0000333 seconds
2017-08-24T07:46:13.821+0200: 4,126: Total time for which application threads were stopped: 0,0000913 seconds, Stopping threads took: 0,0000248 seconds
2017-08-24T07:46:13.821+0200: 4,126: Total time for which application threads were stopped: 0,0000741 seconds, Stopping threads took: 0,0000164 seconds
2017-08-24T07:46:13.821+0200: 4,126: Total time for which application threads were stopped: 0,0000732 seconds, Stopping threads took: 0,0000151 seconds
2017-08-24T07:46:13.821+0200: 4,126: Total time for which application threads were stopped: 0,0000953 seconds, Stopping threads took: 0,0000231 seconds
2017-08-24T07:46:13.821+0200: 4,127: Total time for which application threads were stopped: 0,0000742 seconds, Stopping threads took: 0,0000159 seconds
2017-08-24T07:46:13.821+0200: 4,127: Total time for which application threads were stopped: 0,0000845 seconds, Stopping threads took: 0,0000205 seconds
2017-08-24T07:46:13.822+0200: 4,127: Total time for which application threads were stopped: 0,0000845 seconds, Stopping threads took: 0,0000235 seconds
2017-08-24T07:46:13.822+0200: 4,127: Total time for which application threads were stopped: 0,0000695 seconds, Stopping threads took: 0,0000187 seconds
2017-08-24T07:46:13.822+0200: 4,127: Total time for which application threads were stopped: 0,0000939 seconds, Stopping threads took: 0,0000248 seconds
2017-08-24T07:46:13.822+0200: 4,128: Total time for which application threads were stopped: 0,0000825 seconds, Stopping threads took: 0,0000166 seconds
2017-08-24T07:46:13.822+0200: 4,128: Total time for which application threads were stopped: 0,0000839 seconds, Stopping threads took: 0,0000235 seconds
2017-08-24T07:46:13.824+0200: 4,129: Total time for which application threads were stopped: 0,0013902 seconds, Stopping threads took: 0,0012267 seconds
2017-08-24T07:46:13.825+0200: 4,130: Total time for which application threads were stopped: 0,0001354 seconds, Stopping threads took: 0,0000462 seconds
2017-08-24T07:46:13.825+0200: 4,131: Total time for which application threads were stopped: 0,0001462 seconds, Stopping threads took: 0,0000947 seconds
2017-08-24T07:46:13.825+0200: 4,131: Total time for which application threads were stopped: 0,0000724 seconds, Stopping threads took: 0,0000258 seconds
2017-08-24T07:46:13.825+0200: 4,131: Total time for which application threads were stopped: 0,0000684 seconds, Stopping threads took: 0,0000182 seconds
2017-08-24T07:46:13.826+0200: 4,131: Total time for which application threads were stopped: 0,0000551 seconds, Stopping threads took: 0,0000190 seconds
2017-08-24T07:46:13.826+0200: 4,131: Total time for which application threads were stopped: 0,0000747 seconds, Stopping threads took: 0,0000300 seconds
2017-08-24T07:46:13.826+0200: 4,131: Total time for which application threads were stopped: 0,0000632 seconds, Stopping threads took: 0,0000265 seconds
2017-08-24T07:46:13.826+0200: 4,131: Total time for which application threads were stopped: 0,0000545 seconds, Stopping threads took: 0,0000171 seconds
2017-08-24T07:46:13.826+0200: 4,131: Total time for which application threads were stopped: 0,0000558 seconds, Stopping threads took: 0,0000206 seconds
2017-08-24T07:46:13.826+0200: 4,132: Total time for which application threads were stopped: 0,0000597 seconds, Stopping threads took: 0,0000266 seconds
2017-08-24T07:46:13.827+0200: 4,132: Total time for which application threads were stopped: 0,0000760 seconds, Stopping threads took: 0,0000235 seconds
2017-08-24T07:46:13.828+0200: 4,134: Total time for which application threads were stopped: 0,0001168 seconds, Stopping threads took: 0,0000436 seconds
2017-08-24T07:46:13.829+0200: 4,134: Total time for which application threads were stopped: 0,0000807 seconds, Stopping threads took: 0,0000372 seconds
2017-08-24T07:46:13.829+0200: 4,134: Total time for which application threads were stopped: 0,0000706 seconds, Stopping threads took: 0,0000172 seconds
2017-08-24T07:46:13.829+0200: 4,134: Total time for which application threads were stopped: 0,0000765 seconds, Stopping threads took: 0,0000307 seconds
2017-08-24T07:46:13.829+0200: 4,135: Total time for which application threads were stopped: 0,0001039 seconds, Stopping threads took: 0,0000514 seconds
2017-08-24T07:46:13.829+0200: 4,135: Total time for which application threads were stopped: 0,0000592 seconds, Stopping threads took: 0,0000241 seconds
2017-08-24T07:46:13.830+0200: 4,135: Total time for which application threads were stopped: 0,0000719 seconds, Stopping threads took: 0,0000190 seconds
2017-08-24T07:46:13.830+0200: 4,135: Total time for which application threads were stopped: 0,0001081 seconds, Stopping threads took: 0,0000630 seconds
2017-08-24T07:46:13.830+0200: 4,135: Total time for which application threads were stopped: 0,0001523 seconds, Stopping threads took: 0,0000301 seconds
2017-08-24T07:46:13.833+0200: 4,138: Total time for which application threads were stopped: 0,0001163 seconds, Stopping threads took: 0,0000494 seconds
2017-08-24T07:46:13.839+0200: 4,144: Total time for which application threads were stopped: 0,0001691 seconds, Stopping threads took: 0,0000734 seconds
2017-08-24T07:46:13.840+0200: 4,145: Total time for which application threads were stopped: 0,0001982 seconds, Stopping threads took: 0,0001233 seconds
2017-08-24T07:46:13.867+0200: 4,172: Total time for which application threads were stopped: 0,0002448 seconds, Stopping threads took: 0,0001603 seconds
2017-08-24T07:46:13.870+0200: 4,175: Total time for which application threads were stopped: 0,0001084 seconds, Stopping threads took: 0,0000512 seconds
2017-08-24T07:46:13.906+0200: 4,211: Total time for which application threads were stopped: 0,0016298 seconds, Stopping threads took: 0,0015512 seconds
2017-08-24T07:46:13.907+0200: 4,212: Total time for which application threads were stopped: 0,0003692 seconds, Stopping threads took: 0,0000135 seconds
2017-08-24T07:46:13.907+0200: 4,213: Total time for which application threads were stopped: 0,0000578 seconds, Stopping threads took: 0,0000138 seconds
2017-08-24T07:46:13.911+0200: 4,217: Total time for which application threads were stopped: 0,0001122 seconds, Stopping threads took: 0,0000319 seconds
2017-08-24T07:46:14.912+0200: 5,217: Total time for which application threads were stopped: 0,0000671 seconds, Stopping threads took: 0,0000167 seconds
2017-08-24T07:47:31.923+0200: 82,228: Total time for which application threads were stopped: 0,0001480 seconds, Stopping threads took: 0,0000387 seconds
2017-08-24T07:48:06.929+0200: 117,234: Total time for which application threads were stopped: 0,0001651 seconds, Stopping threads took: 0,0000642 seconds
2017-08-24T07:48:11.930+0200: 122,235: Total time for which application threads were stopped: 0,0001486 seconds, Stopping threads took: 0,0000367 seconds
{Heap before GC invocations=9 (full 1):
 par new generation   total 109248K, used 96248K [0x00000000e0000000, 0x00000000e8000000, 0x00000000e8000000)
  eden space 87424K, 100% used [0x00000000e0000000, 0x00000000e5560000, 0x00000000e5560000)
  from space 21824K,  40% used [0x00000000e6ab0000, 0x00000000e734e298, 0x00000000e8000000)
  to   space 21824K,   0% used [0x00000000e5560000, 0x00000000e5560000, 0x00000000e6ab0000)
 concurrent mark-sweep generation total 393216K, used 6073K [0x00000000e8000000, 0x0000000100000000, 0x0000000100000000)
 Metaspace       used 27962K, capacity 28458K, committed 28796K, reserved 1075200K
  class space    used 3208K, capacity 3382K, committed 3452K, reserved 1048576K
2017-08-24T07:49:05.698+0200: 176,003: [GC (Allocation Failure) 2017-08-24T07:49:05.698+0200: 176,004: [ParNew
Desired survivor size 20112992 bytes, new threshold 8 (max 8)
- age   1:   10638272 bytes,   10638272 total
- age   2:     263416 bytes,   10901688 total
- age   3:     306048 bytes,   11207736 total
- age   4:    1733392 bytes,   12941128 total
- age   5:      70952 bytes,   13012080 total
- age   6:      96320 bytes,   13108400 total
- age   7:       1088 bytes,   13109488 total
- age   8:     180696 bytes,   13290184 total
: 96248K->13675K(109248K), 0,0236309 secs] 102322K->20585K(502464K), 0,0237482 secs] [Times: user=0,08 sys=0,00, real=0,03 secs] 
Heap after GC invocations=10 (full 1):
 par new generation   total 109248K, used 13675K [0x00000000e0000000, 0x00000000e8000000, 0x00000000e8000000)
  eden space 87424K,   0% used [0x00000000e0000000, 0x00000000e0000000, 0x00000000e5560000)
  from space 21824K,  62% used [0x00000000e5560000, 0x00000000e62baf38, 0x00000000e6ab0000)
  to   space 21824K,   0% used [0x00000000e6ab0000, 0x00000000e6ab0000, 0x00000000e8000000)
 concurrent mark-sweep generation total 393216K, used 6909K [0x00000000e8000000, 0x0000000100000000, 0x0000000100000000)
 Metaspace       used 27962K, capacity 28458K, committed 28796K, reserved 1075200K
  class space    used 3208K, capacity 3382K, committed 3452K, reserved 1048576K
}
2017-08-24T07:49:05.722+0200: 176,027: Total time for which application threads were stopped: 0,0240154 seconds, Stopping threads took: 0,0000749 seconds
2017-08-24T07:49:05.723+0200: 176,028: Total time for which application threads were stopped: 0,0000740 seconds, Stopping threads took: 0,0000315 seconds
2017-08-24T07:49:05.723+0200: 176,028: Total time for which application threads were stopped: 0,0000532 seconds, Stopping threads took: 0,0000157 seconds
2017-08-24T07:50:46.740+0200: 277,045: Total time for which application threads were stopped: 0,0001642 seconds, Stopping threads took: 0,0000602 seconds
2017-08-24T08:09:40.928+0200: 1411,234: Total time for which application threads were stopped: 0,0002093 seconds, Stopping threads took: 0,0000972 seconds
2017-08-24T08:13:11.961+0200: 1622,267: Total time for which application threads were stopped: 0,0001656 seconds, Stopping threads took: 0,0000624 seconds
2017-08-24T08:24:31.071+0200: 2301,377: Total time for which application threads were stopped: 0,0001419 seconds, Stopping threads took: 0,0000500 seconds
2017-08-24T08:24:32.072+0200: 2302,377: Total time for which application threads were stopped: 0,0001316 seconds, Stopping threads took: 0,0000297 seconds
2017-08-24T08:39:27.188+0200: 3197,494: Total time for which application threads were stopped: 0,0001512 seconds, Stopping threads took: 0,0000534 seconds
2017-08-24T08:50:51.269+0200: 3881,575: Total time for which application threads were stopped: 0,0001218 seconds, Stopping threads took: 0,0000403 seconds
2017-08-24T08:51:06.271+0200: 3896,576: Total time for which application threads were stopped: 0,0001583 seconds, Stopping threads took: 0,0000564 seconds
2017-08-24T09:04:37.376+0200: 4707,682: Total time for which application threads were stopped: 0,0000986 seconds, Stopping threads took: 0,0000354 seconds
2017-08-24T09:26:11.232+0200: 5987,130: Total time for which application threads were stopped: 0,0000783 seconds, Stopping threads took: 0,0000307 seconds
2017-08-24T10:22:50.079+0200: 6262,281: Total time for which application threads were stopped: 0,0000787 seconds, Stopping threads took: 0,0000318 seconds
2017-08-24T10:40:30.202+0200: 7322,405: Total time for which application threads were stopped: 0,0001167 seconds, Stopping threads took: 0,0000412 seconds
2017-08-24T10:46:30.242+0200: 7682,444: Total time for which application threads were stopped: 0,0000757 seconds, Stopping threads took: 0,0000292 seconds
2017-08-24T11:50:31.014+0200: 11521,941: Total time for which application threads were stopped: 0,0002311 seconds, Stopping threads took: 0,0000808 seconds
2017-08-24T11:51:01.019+0200: 11551,945: Total time for which application threads were stopped: 0,0000929 seconds, Stopping threads took: 0,0000370 seconds
2017-08-24T12:11:46.891+0200: 12797,818: Total time for which application threads were stopped: 0,0002082 seconds, Stopping threads took: 0,0000447 seconds
2017-08-24T12:11:46.980+0200: 12797,907: Total time for which application threads were stopped: 0,0004333 seconds, Stopping threads took: 0,0003197 seconds
2017-08-24T12:11:46.980+0200: 12797,907: Total time for which application threads were stopped: 0,0000539 seconds, Stopping threads took: 0,0000147 seconds
2017-08-24T12:11:46.992+0200: 12797,919: Total time for which application threads were stopped: 0,0010113 seconds, Stopping threads took: 0,0009300 seconds
2017-08-24T12:11:46.999+0200: 12797,925: Total time for which application threads were stopped: 0,0000856 seconds, Stopping threads took: 0,0000174 seconds
2017-08-24T12:11:47.000+0200: 12797,927: Total time for which application threads were stopped: 0,0000922 seconds, Stopping threads took: 0,0000168 seconds
2017-08-24T12:11:47.000+0200: 12797,927: Total time for which application threads were stopped: 0,0000510 seconds, Stopping threads took: 0,0000129 seconds
2017-08-24T12:11:47.013+0200: 12797,940: Total time for which application threads were stopped: 0,0104259 seconds, Stopping threads took: 0,0103426 seconds
2017-08-24T12:11:47.014+0200: 12797,940: Total time for which application threads were stopped: 0,0000435 seconds, Stopping threads took: 0,0000082 seconds
2017-08-24T12:11:47.015+0200: 12797,942: Total time for which application threads were stopped: 0,0001200 seconds, Stopping threads took: 0,0000322 seconds
2017-08-24T12:11:47.016+0200: 12797,942: Total time for which application threads were stopped: 0,0000583 seconds, Stopping threads took: 0,0000154 seconds
2017-08-24T12:11:47.016+0200: 12797,942: Total time for which application threads were stopped: 0,0000566 seconds, Stopping threads took: 0,0000178 seconds
2017-08-24T12:11:47.017+0200: 12797,944: Total time for which application threads were stopped: 0,0001042 seconds, Stopping threads took: 0,0000330 seconds
2017-08-24T12:11:47.024+0200: 12797,950: Total time for which application threads were stopped: 0,0009004 seconds, Stopping threads took: 0,0008065 seconds
2017-08-24T12:11:47.024+0200: 12797,951: Total time for which application threads were stopped: 0,0000485 seconds, Stopping threads took: 0,0000131 seconds
2017-08-24T12:11:47.031+0200: 12797,957: Total time for which application threads were stopped: 0,0000890 seconds, Stopping threads took: 0,0000164 seconds
2017-08-24T12:11:47.035+0200: 12797,962: Total time for which application threads were stopped: 0,0001485 seconds, Stopping threads took: 0,0000802 seconds
2017-08-24T12:11:47.042+0200: 12797,969: Total time for which application threads were stopped: 0,0001080 seconds, Stopping threads took: 0,0000248 seconds
2017-08-24T12:11:47.049+0200: 12797,976: Total time for which application threads were stopped: 0,0000903 seconds, Stopping threads took: 0,0000175 seconds
2017-08-24T12:11:47.049+0200: 12797,976: Total time for which application threads were stopped: 0,0000833 seconds, Stopping threads took: 0,0000221 seconds
2017-08-24T12:11:47.051+0200: 12797,978: Total time for which application threads were stopped: 0,0015654 seconds, Stopping threads took: 0,0014669 seconds
2017-08-24T12:11:47.055+0200: 12797,982: Total time for which application threads were stopped: 0,0000900 seconds, Stopping threads took: 0,0000189 seconds
2017-08-24T12:11:47.055+0200: 12797,982: Total time for which application threads were stopped: 0,0000383 seconds, Stopping threads took: 0,0000056 seconds
2017-08-24T12:11:47.055+0200: 12797,982: Total time for which application threads were stopped: 0,0000373 seconds, Stopping threads took: 0,0000055 seconds
2017-08-24T12:11:47.056+0200: 12797,982: Total time for which application threads were stopped: 0,0000810 seconds, Stopping threads took: 0,0000265 seconds
2017-08-24T12:11:47.057+0200: 12797,984: Total time for which application threads were stopped: 0,0001144 seconds, Stopping threads took: 0,0000255 seconds
2017-08-24T12:11:47.057+0200: 12797,984: Total time for which application threads were stopped: 0,0000556 seconds, Stopping threads took: 0,0000110 seconds
2017-08-24T12:11:47.057+0200: 12797,984: Total time for which application threads were stopped: 0,0000347 seconds, Stopping threads took: 0,0000054 seconds
2017-08-24T12:11:47.057+0200: 12797,984: Total time for which application threads were stopped: 0,0001278 seconds, Stopping threads took: 0,0000047 seconds
2017-08-24T12:11:47.064+0200: 12797,990: Total time for which application threads were stopped: 0,0001295 seconds, Stopping threads took: 0,0000366 seconds
2017-08-24T12:11:47.066+0200: 12797,992: Total time for which application threads were stopped: 0,0001639 seconds, Stopping threads took: 0,0000324 seconds
Heap
 par new generation   total 109248K, used 34495K [0x00000000e0000000, 0x00000000e8000000, 0x00000000e8000000)
  eden space 87424K,  23% used [0x00000000e0000000, 0x00000000e1454e88, 0x00000000e5560000)
  from space 21824K,  62% used [0x00000000e5560000, 0x00000000e62baf38, 0x00000000e6ab0000)
  to   space 21824K,   0% used [0x00000000e6ab0000, 0x00000000e6ab0000, 0x00000000e8000000)
 concurrent mark-sweep generation total 393216K, used 6909K [0x00000000e8000000, 0x0000000100000000, 0x0000000100000000)
 Metaspace       used 28109K, capacity 28626K, committed 28796K, reserved 1075200K
  class space    used 3222K, capacity 3416K, committed 3452K, reserved 1048576K
