OpenJDK 64-Bit Server VM (25.121-b13) for linux-amd64 JRE (1.8.0_121-8u121-b13-0ubuntu1.16.04.2-b13), built on Jan 23 2017 15:51:29 by "buildd" with gcc 5.4.0 20160609
Memory: 4k page, physical 7867800k(7501772k free), swap 8076284k(8076284k free)
CommandLine flags: -XX:CMSInitiatingOccupancyFraction=50 -XX:CMSMaxAbortablePrecleanTime=6000 -XX:+CMSParallelRemarkEnabled -XX:+CMSScavengeBeforeRemark -XX:ConcGCThreads=4 -XX:InitialHeapSize=536870912 -XX:MaxHeapSize=536870912 -XX:MaxTenuringThreshold=8 -XX:NewRatio=3 -XX:OldPLABSize=16 -XX:OnOutOfMemoryError=/opt/solr/bin/oom_solr.sh 8983 /var/solr/logs -XX:ParallelGCThreads=4 -XX:+ParallelRefProcEnabled -XX:PretenureSizeThreshold=67108864 -XX:+PrintGC -XX:+PrintGCApplicationStoppedTime -XX:+PrintGCDateStamps -XX:+PrintGCDetails -XX:+PrintGCTimeStamps -XX:+PrintHeapAtGC -XX:+PrintTenuringDistribution -XX:SurvivorRatio=4 -XX:TargetSurvivorRatio=90 -XX:ThreadStackSize=256 -XX:+UseCMSInitiatingOccupancyOnly -XX:+UseCompressedClassPointers -XX:+UseCompressedOops -XX:+UseConcMarkSweepGC -XX:+UseParNewGC 
2017-02-08T22:16:54.929+0100: 0,154: Total time for which application threads were stopped: 0,0000736 seconds, Stopping threads took: 0,0000133 seconds
2017-02-08T22:16:55.015+0100: 0,239: Total time for which application threads were stopped: 0,0001707 seconds, Stopping threads took: 0,0000179 seconds
2017-02-08T22:16:55.046+0100: 0,271: Total time for which application threads were stopped: 0,0001007 seconds, Stopping threads took: 0,0000160 seconds
2017-02-08T22:16:55.380+0100: 0,604: Total time for which application threads were stopped: 0,0001815 seconds, Stopping threads took: 0,0000231 seconds
2017-02-08T22:16:55.831+0100: 1,056: Total time for which application threads were stopped: 0,0001494 seconds, Stopping threads took: 0,0000216 seconds
2017-02-08T22:16:55.906+0100: 1,131: Total time for which application threads were stopped: 0,0001382 seconds, Stopping threads took: 0,0000161 seconds
2017-02-08T22:16:55.930+0100: 1,154: Total time for which application threads were stopped: 0,0002831 seconds, Stopping threads took: 0,0000857 seconds
2017-02-08T22:16:56.214+0100: 1,439: Total time for which application threads were stopped: 0,0001843 seconds, Stopping threads took: 0,0000224 seconds
2017-02-08T22:16:56.432+0100: 1,657: Total time for which application threads were stopped: 0,0002004 seconds, Stopping threads took: 0,0000228 seconds
2017-02-08T22:16:56.453+0100: 1,677: Total time for which application threads were stopped: 0,0001781 seconds, Stopping threads took: 0,0000246 seconds
2017-02-08T22:16:56.488+0100: 1,712: Total time for which application threads were stopped: 0,0002135 seconds, Stopping threads took: 0,0000260 seconds
2017-02-08T22:16:56.489+0100: 1,713: Total time for which application threads were stopped: 0,0001915 seconds, Stopping threads took: 0,0000221 seconds
2017-02-08T22:16:56.505+0100: 1,729: Total time for which application threads were stopped: 0,0001775 seconds, Stopping threads took: 0,0000209 seconds
2017-02-08T22:16:56.572+0100: 1,797: Total time for which application threads were stopped: 0,0002529 seconds, Stopping threads took: 0,0000257 seconds
2017-02-08T22:16:56.735+0100: 1,960: Total time for which application threads were stopped: 0,0004719 seconds, Stopping threads took: 0,0002597 seconds
{Heap before GC invocations=0 (full 0):
 par new generation   total 109248K, used 87424K [0x00000000e0000000, 0x00000000e8000000, 0x00000000e8000000)
  eden space 87424K, 100% used [0x00000000e0000000, 0x00000000e5560000, 0x00000000e5560000)
  from space 21824K,   0% used [0x00000000e5560000, 0x00000000e5560000, 0x00000000e6ab0000)
  to   space 21824K,   0% used [0x00000000e6ab0000, 0x00000000e6ab0000, 0x00000000e8000000)
 concurrent mark-sweep generation total 393216K, used 0K [0x00000000e8000000, 0x0000000100000000, 0x0000000100000000)
 Metaspace       used 17993K, capacity 18336K, committed 18688K, reserved 1064960K
  class space    used 2035K, capacity 2196K, committed 2304K, reserved 1048576K
2017-02-08T22:16:56.830+0100: 2,054: [GC (Allocation Failure) 2017-02-08T22:16:56.830+0100: 2,054: [ParNew
Desired survivor size 20112992 bytes, new threshold 8 (max 8)
- age   1:   12566488 bytes,   12566488 total
: 87424K->12394K(109248K), 0,0157984 secs] 87424K->12394K(502464K), 0,0158721 secs] [Times: user=0,04 sys=0,02, real=0,01 secs] 
Heap after GC invocations=1 (full 0):
 par new generation   total 109248K, used 12394K [0x00000000e0000000, 0x00000000e8000000, 0x00000000e8000000)
  eden space 87424K,   0% used [0x00000000e0000000, 0x00000000e0000000, 0x00000000e5560000)
  from space 21824K,  56% used [0x00000000e6ab0000, 0x00000000e76ca898, 0x00000000e8000000)
  to   space 21824K,   0% used [0x00000000e5560000, 0x00000000e5560000, 0x00000000e6ab0000)
 concurrent mark-sweep generation total 393216K, used 0K [0x00000000e8000000, 0x0000000100000000, 0x0000000100000000)
 Metaspace       used 17993K, capacity 18336K, committed 18688K, reserved 1064960K
  class space    used 2035K, capacity 2196K, committed 2304K, reserved 1048576K
}
2017-02-08T22:16:56.846+0100: 2,070: Total time for which application threads were stopped: 0,0161252 seconds, Stopping threads took: 0,0000585 seconds
2017-02-08T22:16:57.134+0100: 2,358: Total time for which application threads were stopped: 0,0003959 seconds, Stopping threads took: 0,0000803 seconds
{Heap before GC invocations=1 (full 0):
 par new generation   total 109248K, used 99818K [0x00000000e0000000, 0x00000000e8000000, 0x00000000e8000000)
  eden space 87424K, 100% used [0x00000000e0000000, 0x00000000e5560000, 0x00000000e5560000)
  from space 21824K,  56% used [0x00000000e6ab0000, 0x00000000e76ca898, 0x00000000e8000000)
  to   space 21824K,   0% used [0x00000000e5560000, 0x00000000e5560000, 0x00000000e6ab0000)
 concurrent mark-sweep generation total 393216K, used 0K [0x00000000e8000000, 0x0000000100000000, 0x0000000100000000)
 Metaspace       used 20007K, capacity 20358K, committed 20736K, reserved 1067008K
  class space    used 2293K, capacity 2467K, committed 2560K, reserved 1048576K
2017-02-08T22:16:57.182+0100: 2,406: [GC (Allocation Failure) 2017-02-08T22:16:57.182+0100: 2,406: [ParNew
Desired survivor size 20112992 bytes, new threshold 8 (max 8)
- age   1:    3644472 bytes,    3644472 total
- age   2:    6637808 bytes,   10282280 total
: 99818K->13674K(109248K), 0,0174876 secs] 99818K->13674K(502464K), 0,0175627 secs] [Times: user=0,06 sys=0,00, real=0,02 secs] 
Heap after GC invocations=2 (full 0):
 par new generation   total 109248K, used 13674K [0x00000000e0000000, 0x00000000e8000000, 0x00000000e8000000)
  eden space 87424K,   0% used [0x00000000e0000000, 0x00000000e0000000, 0x00000000e5560000)
  from space 21824K,  62% used [0x00000000e5560000, 0x00000000e62ba840, 0x00000000e6ab0000)
  to   space 21824K,   0% used [0x00000000e6ab0000, 0x00000000e6ab0000, 0x00000000e8000000)
 concurrent mark-sweep generation total 393216K, used 0K [0x00000000e8000000, 0x0000000100000000, 0x0000000100000000)
 Metaspace       used 20007K, capacity 20358K, committed 20736K, reserved 1067008K
  class space    used 2293K, capacity 2467K, committed 2560K, reserved 1048576K
}
2017-02-08T22:16:57.199+0100: 2,424: Total time for which application threads were stopped: 0,0177953 seconds, Stopping threads took: 0,0000671 seconds
2017-02-08T22:16:57.202+0100: 2,427: Total time for which application threads were stopped: 0,0004055 seconds, Stopping threads took: 0,0000237 seconds
2017-02-08T22:16:57.240+0100: 2,464: Total time for which application threads were stopped: 0,0004777 seconds, Stopping threads took: 0,0000759 seconds
2017-02-08T22:16:57.391+0100: 2,616: Total time for which application threads were stopped: 0,0002281 seconds, Stopping threads took: 0,0000705 seconds
{Heap before GC invocations=2 (full 0):
 par new generation   total 109248K, used 101098K [0x00000000e0000000, 0x00000000e8000000, 0x00000000e8000000)
  eden space 87424K, 100% used [0x00000000e0000000, 0x00000000e5560000, 0x00000000e5560000)
  from space 21824K,  62% used [0x00000000e5560000, 0x00000000e62ba840, 0x00000000e6ab0000)
  to   space 21824K,   0% used [0x00000000e6ab0000, 0x00000000e6ab0000, 0x00000000e8000000)
 concurrent mark-sweep generation total 393216K, used 0K [0x00000000e8000000, 0x0000000100000000, 0x0000000100000000)
 Metaspace       used 20941K, capacity 21286K, committed 21628K, reserved 1069056K
  class space    used 2417K, capacity 2587K, committed 2684K, reserved 1048576K
2017-02-08T22:16:57.422+0100: 2,647: [GC (Allocation Failure) 2017-02-08T22:16:57.422+0100: 2,647: [ParNew
Desired survivor size 20112992 bytes, new threshold 8 (max 8)
- age   1:    2185992 bytes,    2185992 total
- age   2:     869968 bytes,    3055960 total
- age   3:    6632528 bytes,    9688488 total
: 101098K->11436K(109248K), 0,0253714 secs] 101098K->11436K(502464K), 0,0254552 secs] [Times: user=0,07 sys=0,01, real=0,03 secs] 
Heap after GC invocations=3 (full 0):
 par new generation   total 109248K, used 11436K [0x00000000e0000000, 0x00000000e8000000, 0x00000000e8000000)
  eden space 87424K,   0% used [0x00000000e0000000, 0x00000000e0000000, 0x00000000e5560000)
  from space 21824K,  52% used [0x00000000e6ab0000, 0x00000000e75db240, 0x00000000e8000000)
  to   space 21824K,   0% used [0x00000000e5560000, 0x00000000e5560000, 0x00000000e6ab0000)
 concurrent mark-sweep generation total 393216K, used 0K [0x00000000e8000000, 0x0000000100000000, 0x0000000100000000)
 Metaspace       used 20941K, capacity 21286K, committed 21628K, reserved 1069056K
  class space    used 2417K, capacity 2587K, committed 2684K, reserved 1048576K
}
2017-02-08T22:16:57.447+0100: 2,672: Total time for which application threads were stopped: 0,0256891 seconds, Stopping threads took: 0,0000732 seconds
2017-02-08T22:16:57.456+0100: 2,681: [GC (CMS Initial Mark) [1 CMS-initial-mark: 0K(393216K)] 17087K(502464K), 0,0054656 secs] [Times: user=0,02 sys=0,00, real=0,01 secs] 
2017-02-08T22:16:57.462+0100: 2,686: Total time for which application threads were stopped: 0,0056464 seconds, Stopping threads took: 0,0000549 seconds
2017-02-08T22:16:57.462+0100: 2,686: [CMS-concurrent-mark-start]
2017-02-08T22:16:57.462+0100: 2,687: [CMS-concurrent-mark: 0,001/0,001 secs] [Times: user=0,01 sys=0,00, real=0,00 secs] 
2017-02-08T22:16:57.462+0100: 2,687: [CMS-concurrent-preclean-start]
2017-02-08T22:16:57.464+0100: 2,688: [CMS-concurrent-preclean: 0,001/0,001 secs] [Times: user=0,00 sys=0,00, real=0,00 secs] 
2017-02-08T22:16:57.464+0100: 2,688: [CMS-concurrent-abortable-preclean-start]
2017-02-08T22:16:57.575+0100: 2,799: Total time for which application threads were stopped: 0,0041082 seconds, Stopping threads took: 0,0040195 seconds
2017-02-08T22:16:57.579+0100: 2,803: Total time for which application threads were stopped: 0,0001368 seconds, Stopping threads took: 0,0000713 seconds
2017-02-08T22:16:57.579+0100: 2,811: [CMS-concurrent-abortable-preclean: 0,112/0,115 secs] [Times: user=0,48 sys=0,00, real=0,13 secs] 
2017-02-08T22:16:57.591+0100: 2,815: [GC (CMS Final Remark) [YG occupancy: 98860 K (109248 K)]{Heap before GC invocations=3 (full 1):
 par new generation   total 109248K, used 98860K [0x00000000e0000000, 0x00000000e8000000, 0x00000000e8000000)
  eden space 87424K, 100% used [0x00000000e0000000, 0x00000000e5560000, 0x00000000e5560000)
  from space 21824K,  52% used [0x00000000e6ab0000, 0x00000000e75db240, 0x00000000e8000000)
  to   space 21824K,   0% used [0x00000000e5560000, 0x00000000e5560000, 0x00000000e6ab0000)
 concurrent mark-sweep generation total 393216K, used 0K [0x00000000e8000000, 0x0000000100000000, 0x0000000100000000)
 Metaspace       used 21223K, capacity 21559K, committed 21884K, reserved 1069056K
  class space    used 2448K, capacity 2603K, committed 2684K, reserved 1048576K
2017-02-08T22:16:57.591+0100: 2,815: [GC (CMS Final Remark) 2017-02-08T22:16:57.591+0100: 2,815: [ParNew
Desired survivor size 20112992 bytes, new threshold 8 (max 8)
- age   1:    1179816 bytes,    1179816 total
- age   2:    1447560 bytes,    2627376 total
- age   3:     836624 bytes,    3464000 total
- age   4:    6632568 bytes,   10096568 total
: 98860K->14919K(109248K), 0,0099934 secs] 98860K->14919K(502464K), 0,0100445 secs] [Times: user=0,02 sys=0,00, real=0,01 secs] 
Heap after GC invocations=4 (full 1):
 par new generation   total 109248K, used 14919K [0x00000000e0000000, 0x00000000e8000000, 0x00000000e8000000)
  eden space 87424K,   0% used [0x00000000e0000000, 0x00000000e0000000, 0x00000000e5560000)
  from space 21824K,  68% used [0x00000000e5560000, 0x00000000e63f1f98, 0x00000000e6ab0000)
  to   space 21824K,   0% used [0x00000000e6ab0000, 0x00000000e6ab0000, 0x00000000e8000000)
 concurrent mark-sweep generation total 393216K, used 0K [0x00000000e8000000, 0x0000000100000000, 0x0000000100000000)
 Metaspace       used 21223K, capacity 21559K, committed 21884K, reserved 1069056K
  class space    used 2448K, capacity 2603K, committed 2684K, reserved 1048576K
}
2017-02-08T22:16:57.601+0100: 2,825: [Rescan (parallel) , 0,0035373 secs]2017-02-08T22:16:57.604+0100: 2,829: [weak refs processing, 0,0015589 secs]2017-02-08T22:16:57.606+0100: 2,831: [class unloading, 0,0029223 secs]2017-02-08T22:16:57.609+0100: 2,834: [scrub symbol table, 0,0026417 secs]2017-02-08T22:16:57.612+0100: 2,836: [scrub string table, 0,0003758 secs][1 CMS-remark: 0K(393216K)] 14919K(502464K), 0,0217853 secs] [Times: user=0,05 sys=0,00, real=0,02 secs] 
2017-02-08T22:16:57.613+0100: 2,837: Total time for which application threads were stopped: 0,0219179 seconds, Stopping threads took: 0,0000498 seconds
2017-02-08T22:16:57.613+0100: 2,837: [CMS-concurrent-sweep-start]
2017-02-08T22:16:57.613+0100: 2,837: [CMS-concurrent-sweep: 0,000/0,000 secs] [Times: user=0,00 sys=0,00, real=0,00 secs] 
2017-02-08T22:16:57.613+0100: 2,837: [CMS-concurrent-reset-start]
2017-02-08T22:16:57.615+0100: 2,840: [CMS-concurrent-reset: 0,002/0,002 secs] [Times: user=0,01 sys=0,00, real=0,00 secs] 
{Heap before GC invocations=4 (full 1):
 par new generation   total 109248K, used 102343K [0x00000000e0000000, 0x00000000e8000000, 0x00000000e8000000)
  eden space 87424K, 100% used [0x00000000e0000000, 0x00000000e5560000, 0x00000000e5560000)
  from space 21824K,  68% used [0x00000000e5560000, 0x00000000e63f1f98, 0x00000000e6ab0000)
  to   space 21824K,   0% used [0x00000000e6ab0000, 0x00000000e6ab0000, 0x00000000e8000000)
 concurrent mark-sweep generation total 393216K, used 0K [0x00000000e8000000, 0x0000000100000000, 0x0000000100000000)
 Metaspace       used 21362K, capacity 21731K, committed 21884K, reserved 1069056K
  class space    used 2469K, capacity 2637K, committed 2684K, reserved 1048576K
2017-02-08T22:16:57.701+0100: 2,926: [GC (Allocation Failure) 2017-02-08T22:16:57.702+0100: 2,926: [ParNew
Desired survivor size 20112992 bytes, new threshold 8 (max 8)
- age   1:     434608 bytes,     434608 total
- age   2:     184984 bytes,     619592 total
- age   3:    1447248 bytes,    2066840 total
- age   4:     834608 bytes,    2901448 total
- age   5:    6632776 bytes,    9534224 total
: 102343K->11490K(109248K), 0,0154892 secs] 102343K->11490K(502464K), 0,0155548 secs] [Times: user=0,06 sys=0,00, real=0,01 secs] 
Heap after GC invocations=5 (full 1):
 par new generation   total 109248K, used 11490K [0x00000000e0000000, 0x00000000e8000000, 0x00000000e8000000)
  eden space 87424K,   0% used [0x00000000e0000000, 0x00000000e0000000, 0x00000000e5560000)
  from space 21824K,  52% used [0x00000000e6ab0000, 0x00000000e75e8bc0, 0x00000000e8000000)
  to   space 21824K,   0% used [0x00000000e5560000, 0x00000000e5560000, 0x00000000e6ab0000)
 concurrent mark-sweep generation total 393216K, used 0K [0x00000000e8000000, 0x0000000100000000, 0x0000000100000000)
 Metaspace       used 21362K, capacity 21731K, committed 21884K, reserved 1069056K
  class space    used 2469K, capacity 2637K, committed 2684K, reserved 1048576K
}
2017-02-08T22:16:57.717+0100: 2,942: Total time for which application threads were stopped: 0,0159657 seconds, Stopping threads took: 0,0002194 seconds
2017-02-08T22:16:57.750+0100: 2,974: Total time for which application threads were stopped: 0,0003356 seconds, Stopping threads took: 0,0000237 seconds
2017-02-08T22:16:57.955+0100: 3,179: Total time for which application threads were stopped: 0,0004763 seconds, Stopping threads took: 0,0000530 seconds
2017-02-08T22:16:57.979+0100: 3,203: Total time for which application threads were stopped: 0,0005425 seconds, Stopping threads took: 0,0000389 seconds
2017-02-08T22:16:58.834+0100: 4,058: Total time for which application threads were stopped: 0,0002803 seconds, Stopping threads took: 0,0000288 seconds
2017-02-08T22:17:26.276+0100: 32,065: Total time for which application threads were stopped: 0,0000700 seconds, Stopping threads took: 0,0000184 seconds
2017-02-08T22:17:56.280+0100: 62,069: Total time for which application threads were stopped: 0,0001662 seconds, Stopping threads took: 0,0000672 seconds
2017-02-08T22:19:55.295+0100: 181,084: Total time for which application threads were stopped: 0,0001023 seconds, Stopping threads took: 0,0000342 seconds
2017-02-08T22:21:20.307+0100: 266,096: Total time for which application threads were stopped: 0,0001950 seconds, Stopping threads took: 0,0000791 seconds
2017-02-08T22:21:51.312+0100: 297,101: Total time for which application threads were stopped: 0,0001955 seconds, Stopping threads took: 0,0000769 seconds
2017-02-08T22:23:56.329+0100: 422,117: Total time for which application threads were stopped: 0,0006666 seconds, Stopping threads took: 0,0002600 seconds
2017-02-08T22:40:35.457+0100: 1421,246: Total time for which application threads were stopped: 0,0005361 seconds, Stopping threads took: 0,0002112 seconds
2017-02-08T22:45:15.493+0100: 1701,282: Total time for which application threads were stopped: 0,0000771 seconds, Stopping threads took: 0,0000305 seconds
2017-02-08T22:56:50.590+0100: 2396,378: Total time for which application threads were stopped: 0,0000794 seconds, Stopping threads took: 0,0000316 seconds
2017-02-08T22:56:51.590+0100: 2397,379: Total time for which application threads were stopped: 0,0000621 seconds, Stopping threads took: 0,0000146 seconds
2017-02-08T23:18:06.763+0100: 3672,551: Total time for which application threads were stopped: 0,0001110 seconds, Stopping threads took: 0,0000378 seconds
2017-02-08T23:20:55.788+0100: 3841,577: Total time for which application threads were stopped: 0,0000880 seconds, Stopping threads took: 0,0000355 seconds
2017-02-08T23:23:55.815+0100: 4021,604: Total time for which application threads were stopped: 0,0000843 seconds, Stopping threads took: 0,0000325 seconds
2017-02-08T23:56:57.027+0100: 6002,816: Total time for which application threads were stopped: 0,0006232 seconds, Stopping threads took: 0,0002574 seconds
2017-02-08T23:57:52.035+0100: 6057,824: Total time for which application threads were stopped: 0,0001018 seconds, Stopping threads took: 0,0000420 seconds
2017-02-09T00:02:56.073+0100: 6361,862: Total time for which application threads were stopped: 0,0000763 seconds, Stopping threads took: 0,0000286 seconds
2017-02-09T00:05:26.095+0100: 6511,884: Total time for which application threads were stopped: 0,0001880 seconds, Stopping threads took: 0,0000680 seconds
2017-02-09T00:05:56.100+0100: 6541,889: Total time for which application threads were stopped: 0,0001129 seconds, Stopping threads took: 0,0000340 seconds
2017-02-09T00:16:26.195+0100: 7171,983: Total time for which application threads were stopped: 0,0001221 seconds, Stopping threads took: 0,0000466 seconds
2017-02-09T00:18:52.216+0100: 7318,005: Total time for which application threads were stopped: 0,0000995 seconds, Stopping threads took: 0,0000443 seconds
2017-02-09T00:19:32.222+0100: 7358,011: Total time for which application threads were stopped: 0,0003024 seconds, Stopping threads took: 0,0002159 seconds
Heap
 par new generation   total 109248K, used 74945K [0x00000000e0000000, 0x00000000e8000000, 0x00000000e8000000)
  eden space 87424K,  72% used [0x00000000e0000000, 0x00000000e3df7938, 0x00000000e5560000)
  from space 21824K,  52% used [0x00000000e6ab0000, 0x00000000e75e8bc0, 0x00000000e8000000)
  to   space 21824K,   0% used [0x00000000e5560000, 0x00000000e5560000, 0x00000000e6ab0000)
 concurrent mark-sweep generation total 393216K, used 0K [0x00000000e8000000, 0x0000000100000000, 0x0000000100000000)
 Metaspace       used 23300K, capacity 23739K, committed 23932K, reserved 1071104K
  class space    used 2693K, capacity 2881K, committed 2940K, reserved 1048576K
