OpenJDK 64-Bit Server VM (25.121-b13) for linux-amd64 JRE (1.8.0_121-8u121-b13-0ubuntu1.16.04.2-b13), built on Jan 23 2017 15:51:29 by "buildd" with gcc 5.4.0 20160609
Memory: 4k page, physical 7867764k(7492064k free), swap 8076284k(8076284k free)
CommandLine flags: -XX:CMSInitiatingOccupancyFraction=50 -XX:CMSMaxAbortablePrecleanTime=6000 -XX:+CMSParallelRemarkEnabled -XX:+CMSScavengeBeforeRemark -XX:ConcGCThreads=4 -XX:InitialHeapSize=536870912 -XX:MaxHeapSize=536870912 -XX:MaxTenuringThreshold=8 -XX:NewRatio=3 -XX:OldPLABSize=16 -XX:OnOutOfMemoryError=/opt/solr/bin/oom_solr.sh 8983 /var/solr/logs -XX:ParallelGCThreads=4 -XX:+ParallelRefProcEnabled -XX:PretenureSizeThreshold=67108864 -XX:+PrintGC -XX:+PrintGCApplicationStoppedTime -XX:+PrintGCDateStamps -XX:+PrintGCDetails -XX:+PrintGCTimeStamps -XX:+PrintHeapAtGC -XX:+PrintTenuringDistribution -XX:SurvivorRatio=4 -XX:TargetSurvivorRatio=90 -XX:ThreadStackSize=256 -XX:+UseCMSInitiatingOccupancyOnly -XX:+UseCompressedClassPointers -XX:+UseCompressedOops -XX:+UseConcMarkSweepGC -XX:+UseParNewGC 
2017-04-05T23:27:32.470+0200: 0,118: Total time for which application threads were stopped: 0,0000751 seconds, Stopping threads took: 0,0000136 seconds
2017-04-05T23:27:32.549+0200: 0,197: Total time for which application threads were stopped: 0,0001409 seconds, Stopping threads took: 0,0000200 seconds
2017-04-05T23:27:32.560+0200: 0,208: Total time for which application threads were stopped: 0,0000890 seconds, Stopping threads took: 0,0000184 seconds
2017-04-05T23:27:32.801+0200: 0,449: Total time for which application threads were stopped: 0,0001510 seconds, Stopping threads took: 0,0000092 seconds
2017-04-05T23:27:33.222+0200: 0,870: Total time for which application threads were stopped: 0,0001562 seconds, Stopping threads took: 0,0000236 seconds
2017-04-05T23:27:33.401+0200: 1,049: Total time for which application threads were stopped: 0,0002436 seconds, Stopping threads took: 0,0000625 seconds
2017-04-05T23:27:33.467+0200: 1,115: Total time for which application threads were stopped: 0,0002792 seconds, Stopping threads took: 0,0000442 seconds
2017-04-05T23:27:33.684+0200: 1,332: Total time for which application threads were stopped: 0,0002506 seconds, Stopping threads took: 0,0000405 seconds
2017-04-05T23:27:33.907+0200: 1,555: Total time for which application threads were stopped: 0,0002010 seconds, Stopping threads took: 0,0000345 seconds
2017-04-05T23:27:33.938+0200: 1,586: Total time for which application threads were stopped: 0,0002099 seconds, Stopping threads took: 0,0000256 seconds
2017-04-05T23:27:33.972+0200: 1,620: Total time for which application threads were stopped: 0,0001848 seconds, Stopping threads took: 0,0000219 seconds
2017-04-05T23:27:33.973+0200: 1,621: Total time for which application threads were stopped: 0,0001618 seconds, Stopping threads took: 0,0000116 seconds
2017-04-05T23:27:33.989+0200: 1,637: Total time for which application threads were stopped: 0,0001793 seconds, Stopping threads took: 0,0000214 seconds
2017-04-05T23:27:34.099+0200: 1,747: Total time for which application threads were stopped: 0,0007182 seconds, Stopping threads took: 0,0001573 seconds
2017-04-05T23:27:34.289+0200: 1,937: Total time for which application threads were stopped: 0,0016492 seconds, Stopping threads took: 0,0014225 seconds
{Heap before GC invocations=0 (full 0):
 par new generation   total 109248K, used 87424K [0x00000000e0000000, 0x00000000e8000000, 0x00000000e8000000)
  eden space 87424K, 100% used [0x00000000e0000000, 0x00000000e5560000, 0x00000000e5560000)
  from space 21824K,   0% used [0x00000000e5560000, 0x00000000e5560000, 0x00000000e6ab0000)
  to   space 21824K,   0% used [0x00000000e6ab0000, 0x00000000e6ab0000, 0x00000000e8000000)
 concurrent mark-sweep generation total 393216K, used 0K [0x00000000e8000000, 0x0000000100000000, 0x0000000100000000)
 Metaspace       used 18215K, capacity 18528K, committed 18688K, reserved 1064960K
  class space    used 2059K, capacity 2196K, committed 2304K, reserved 1048576K
2017-04-05T23:27:34.389+0200: 2,038: [GC (Allocation Failure) 2017-04-05T23:27:34.390+0200: 2,038: [ParNew
Desired survivor size 20112992 bytes, new threshold 8 (max 8)
- age   1:   12817096 bytes,   12817096 total
: 87424K->12639K(109248K), 0,0157540 secs] 87424K->12639K(502464K), 0,0158356 secs] [Times: user=0,04 sys=0,01, real=0,02 secs] 
Heap after GC invocations=1 (full 0):
 par new generation   total 109248K, used 12639K [0x00000000e0000000, 0x00000000e8000000, 0x00000000e8000000)
  eden space 87424K,   0% used [0x00000000e0000000, 0x00000000e0000000, 0x00000000e5560000)
  from space 21824K,  57% used [0x00000000e6ab0000, 0x00000000e7707f98, 0x00000000e8000000)
  to   space 21824K,   0% used [0x00000000e5560000, 0x00000000e5560000, 0x00000000e6ab0000)
 concurrent mark-sweep generation total 393216K, used 0K [0x00000000e8000000, 0x0000000100000000, 0x0000000100000000)
 Metaspace       used 18215K, capacity 18528K, committed 18688K, reserved 1064960K
  class space    used 2059K, capacity 2196K, committed 2304K, reserved 1048576K
}
2017-04-05T23:27:34.405+0200: 2,054: Total time for which application threads were stopped: 0,0160845 seconds, Stopping threads took: 0,0000538 seconds
2017-04-05T23:27:34.687+0200: 2,335: Total time for which application threads were stopped: 0,0003558 seconds, Stopping threads took: 0,0000446 seconds
2017-04-05T23:27:34.728+0200: 2,376: Total time for which application threads were stopped: 0,0028110 seconds, Stopping threads took: 0,0025364 seconds
{Heap before GC invocations=1 (full 0):
 par new generation   total 109248K, used 100063K [0x00000000e0000000, 0x00000000e8000000, 0x00000000e8000000)
  eden space 87424K, 100% used [0x00000000e0000000, 0x00000000e5560000, 0x00000000e5560000)
  from space 21824K,  57% used [0x00000000e6ab0000, 0x00000000e7707f98, 0x00000000e8000000)
  to   space 21824K,   0% used [0x00000000e5560000, 0x00000000e5560000, 0x00000000e6ab0000)
 concurrent mark-sweep generation total 393216K, used 0K [0x00000000e8000000, 0x0000000100000000, 0x0000000100000000)
 Metaspace       used 20064K, capacity 20374K, committed 20736K, reserved 1067008K
  class space    used 2300K, capacity 2475K, committed 2560K, reserved 1048576K
2017-04-05T23:27:34.732+0200: 2,380: [GC (Allocation Failure) 2017-04-05T23:27:34.732+0200: 2,380: [ParNew
Desired survivor size 20112992 bytes, new threshold 8 (max 8)
- age   1:    3637616 bytes,    3637616 total
- age   2:    6689560 bytes,   10327176 total
: 100063K->13896K(109248K), 0,0102704 secs] 100063K->13896K(502464K), 0,0103426 secs] [Times: user=0,04 sys=0,00, real=0,01 secs] 
Heap after GC invocations=2 (full 0):
 par new generation   total 109248K, used 13896K [0x00000000e0000000, 0x00000000e8000000, 0x00000000e8000000)
  eden space 87424K,   0% used [0x00000000e0000000, 0x00000000e0000000, 0x00000000e5560000)
  from space 21824K,  63% used [0x00000000e5560000, 0x00000000e62f21e8, 0x00000000e6ab0000)
  to   space 21824K,   0% used [0x00000000e6ab0000, 0x00000000e6ab0000, 0x00000000e8000000)
 concurrent mark-sweep generation total 393216K, used 0K [0x00000000e8000000, 0x0000000100000000, 0x0000000100000000)
 Metaspace       used 20064K, capacity 20374K, committed 20736K, reserved 1067008K
  class space    used 2300K, capacity 2475K, committed 2560K, reserved 1048576K
}
2017-04-05T23:27:34.742+0200: 2,390: Total time for which application threads were stopped: 0,0105266 seconds, Stopping threads took: 0,0000555 seconds
2017-04-05T23:27:34.771+0200: 2,419: Total time for which application threads were stopped: 0,0003620 seconds, Stopping threads took: 0,0000578 seconds
2017-04-05T23:27:34.923+0200: 2,571: Total time for which application threads were stopped: 0,0001990 seconds, Stopping threads took: 0,0000413 seconds
{Heap before GC invocations=2 (full 0):
 par new generation   total 109248K, used 101320K [0x00000000e0000000, 0x00000000e8000000, 0x00000000e8000000)
  eden space 87424K, 100% used [0x00000000e0000000, 0x00000000e5560000, 0x00000000e5560000)
  from space 21824K,  63% used [0x00000000e5560000, 0x00000000e62f21e8, 0x00000000e6ab0000)
  to   space 21824K,   0% used [0x00000000e6ab0000, 0x00000000e6ab0000, 0x00000000e8000000)
 concurrent mark-sweep generation total 393216K, used 0K [0x00000000e8000000, 0x0000000100000000, 0x0000000100000000)
 Metaspace       used 21004K, capacity 21360K, committed 21552K, reserved 1069056K
  class space    used 2421K, capacity 2594K, committed 2608K, reserved 1048576K
2017-04-05T23:27:34.960+0200: 2,608: [GC (Allocation Failure) 2017-04-05T23:27:34.960+0200: 2,608: [ParNew
Desired survivor size 20112992 bytes, new threshold 8 (max 8)
- age   1:    2364328 bytes,    2364328 total
- age   2:     833496 bytes,    3197824 total
- age   3:    6683208 bytes,    9881032 total
: 101320K->11533K(109248K), 0,0244460 secs] 101320K->11533K(502464K), 0,0245454 secs] [Times: user=0,07 sys=0,00, real=0,02 secs] 
Heap after GC invocations=3 (full 0):
 par new generation   total 109248K, used 11533K [0x00000000e0000000, 0x00000000e8000000, 0x00000000e8000000)
  eden space 87424K,   0% used [0x00000000e0000000, 0x00000000e0000000, 0x00000000e5560000)
  from space 21824K,  52% used [0x00000000e6ab0000, 0x00000000e75f3640, 0x00000000e8000000)
  to   space 21824K,   0% used [0x00000000e5560000, 0x00000000e5560000, 0x00000000e6ab0000)
 concurrent mark-sweep generation total 393216K, used 0K [0x00000000e8000000, 0x0000000100000000, 0x0000000100000000)
 Metaspace       used 21004K, capacity 21360K, committed 21552K, reserved 1069056K
  class space    used 2421K, capacity 2594K, committed 2608K, reserved 1048576K
}
2017-04-05T23:27:34.984+0200: 2,633: Total time for which application threads were stopped: 0,0247877 seconds, Stopping threads took: 0,0000874 seconds
2017-04-05T23:27:34.989+0200: 2,638: [GC (CMS Initial Mark) [1 CMS-initial-mark: 0K(393216K)] 16646K(502464K), 0,0048070 secs] [Times: user=0,01 sys=0,00, real=0,01 secs] 
2017-04-05T23:27:34.994+0200: 2,642: Total time for which application threads were stopped: 0,0053802 seconds, Stopping threads took: 0,0004601 seconds
2017-04-05T23:27:34.994+0200: 2,642: [CMS-concurrent-mark-start]
2017-04-05T23:27:34.995+0200: 2,643: [CMS-concurrent-mark: 0,000/0,000 secs] [Times: user=0,01 sys=0,00, real=0,00 secs] 
2017-04-05T23:27:34.995+0200: 2,643: [CMS-concurrent-preclean-start]
2017-04-05T23:27:34.996+0200: 2,644: [CMS-concurrent-preclean: 0,001/0,001 secs] [Times: user=0,00 sys=0,00, real=0,00 secs] 
2017-04-05T23:27:34.996+0200: 2,644: [CMS-concurrent-abortable-preclean-start]
2017-04-05T23:27:35.088+0200: 2,736: Total time for which application threads were stopped: 0,0009696 seconds, Stopping threads took: 0,0008784 seconds
2017-04-05T23:27:35.088+0200: 2,736: [CMS-concurrent-abortable-preclean: 0,073/0,092 secs] [Times: user=0,35 sys=0,00, real=0,09 secs] 
2017-04-05T23:27:35.088+0200: 2,736: [GC (CMS Final Remark) [YG occupancy: 83384 K (109248 K)]{Heap before GC invocations=3 (full 1):
 par new generation   total 109248K, used 83384K [0x00000000e0000000, 0x00000000e8000000, 0x00000000e8000000)
  eden space 87424K,  82% used [0x00000000e0000000, 0x00000000e462abd8, 0x00000000e5560000)
  from space 21824K,  52% used [0x00000000e6ab0000, 0x00000000e75f3640, 0x00000000e8000000)
  to   space 21824K,   0% used [0x00000000e5560000, 0x00000000e5560000, 0x00000000e6ab0000)
 concurrent mark-sweep generation total 393216K, used 0K [0x00000000e8000000, 0x0000000100000000, 0x0000000100000000)
 Metaspace       used 21260K, capacity 21630K, committed 21884K, reserved 1069056K
  class space    used 2448K, capacity 2608K, committed 2608K, reserved 1048576K
2017-04-05T23:27:35.088+0200: 2,736: [GC (CMS Final Remark) 2017-04-05T23:27:35.088+0200: 2,736: [ParNew
Desired survivor size 20112992 bytes, new threshold 8 (max 8)
- age   1:    1089976 bytes,    1089976 total
- age   2:    1460336 bytes,    2550312 total
- age   3:     798216 bytes,    3348528 total
- age   4:    6683232 bytes,   10031760 total
: 83384K->15187K(109248K), 0,0096812 secs] 83384K->15187K(502464K), 0,0097351 secs] [Times: user=0,03 sys=0,00, real=0,01 secs] 
Heap after GC invocations=4 (full 1):
 par new generation   total 109248K, used 15187K [0x00000000e0000000, 0x00000000e8000000, 0x00000000e8000000)
  eden space 87424K,   0% used [0x00000000e0000000, 0x00000000e0000000, 0x00000000e5560000)
  from space 21824K,  69% used [0x00000000e5560000, 0x00000000e6434fb0, 0x00000000e6ab0000)
  to   space 21824K,   0% used [0x00000000e6ab0000, 0x00000000e6ab0000, 0x00000000e8000000)
 concurrent mark-sweep generation total 393216K, used 0K [0x00000000e8000000, 0x0000000100000000, 0x0000000100000000)
 Metaspace       used 21260K, capacity 21630K, committed 21884K, reserved 1069056K
  class space    used 2448K, capacity 2608K, committed 2608K, reserved 1048576K
}
2017-04-05T23:27:35.098+0200: 2,746: [Rescan (parallel) , 0,0033975 secs]2017-04-05T23:27:35.101+0200: 2,749: [weak refs processing, 0,0008342 secs]2017-04-05T23:27:35.102+0200: 2,750: [class unloading, 0,0028884 secs]2017-04-05T23:27:35.105+0200: 2,753: [scrub symbol table, 0,0024404 secs]2017-04-05T23:27:35.107+0200: 2,755: [scrub string table, 0,0003719 secs][1 CMS-remark: 0K(393216K)] 15187K(502464K), 0,0203209 secs] [Times: user=0,05 sys=0,00, real=0,02 secs] 
2017-04-05T23:27:35.108+0200: 2,756: Total time for which application threads were stopped: 0,0204371 seconds, Stopping threads took: 0,0000384 seconds
2017-04-05T23:27:35.108+0200: 2,756: [CMS-concurrent-sweep-start]
2017-04-05T23:27:35.108+0200: 2,756: [CMS-concurrent-sweep: 0,000/0,000 secs] [Times: user=0,00 sys=0,00, real=0,00 secs] 
2017-04-05T23:27:35.108+0200: 2,756: [CMS-concurrent-reset-start]
2017-04-05T23:27:35.110+0200: 2,758: [CMS-concurrent-reset: 0,002/0,002 secs] [Times: user=0,01 sys=0,01, real=0,00 secs] 
{Heap before GC invocations=4 (full 1):
 par new generation   total 109248K, used 102611K [0x00000000e0000000, 0x00000000e8000000, 0x00000000e8000000)
  eden space 87424K, 100% used [0x00000000e0000000, 0x00000000e5560000, 0x00000000e5560000)
  from space 21824K,  69% used [0x00000000e5560000, 0x00000000e6434fb0, 0x00000000e6ab0000)
  to   space 21824K,   0% used [0x00000000e6ab0000, 0x00000000e6ab0000, 0x00000000e8000000)
 concurrent mark-sweep generation total 393216K, used 0K [0x00000000e8000000, 0x0000000100000000, 0x0000000100000000)
 Metaspace       used 21382K, capacity 21790K, committed 22012K, reserved 1069056K
  class space    used 2467K, capacity 2640K, committed 2736K, reserved 1048576K
2017-04-05T23:27:35.199+0200: 2,847: [GC (Allocation Failure) 2017-04-05T23:27:35.199+0200: 2,847: [ParNew
Desired survivor size 20112992 bytes, new threshold 8 (max 8)
- age   1:     615464 bytes,     615464 total
- age   2:     155456 bytes,     770920 total
- age   3:    1460336 bytes,    2231256 total
- age   4:     798104 bytes,    3029360 total
- age   5:    6683344 bytes,    9712704 total
: 102611K->11547K(109248K), 0,0098352 secs] 102611K->11547K(502464K), 0,0099104 secs] [Times: user=0,03 sys=0,00, real=0,01 secs] 
Heap after GC invocations=5 (full 1):
 par new generation   total 109248K, used 11547K [0x00000000e0000000, 0x00000000e8000000, 0x00000000e8000000)
  eden space 87424K,   0% used [0x00000000e0000000, 0x00000000e0000000, 0x00000000e5560000)
  from space 21824K,  52% used [0x00000000e6ab0000, 0x00000000e75f6c70, 0x00000000e8000000)
  to   space 21824K,   0% used [0x00000000e5560000, 0x00000000e5560000, 0x00000000e6ab0000)
 concurrent mark-sweep generation total 393216K, used 0K [0x00000000e8000000, 0x0000000100000000, 0x0000000100000000)
 Metaspace       used 21382K, capacity 21790K, committed 22012K, reserved 1069056K
  class space    used 2467K, capacity 2640K, committed 2736K, reserved 1048576K
}
2017-04-05T23:27:35.209+0200: 2,857: Total time for which application threads were stopped: 0,0101647 seconds, Stopping threads took: 0,0001125 seconds
2017-04-05T23:27:35.253+0200: 2,902: Total time for which application threads were stopped: 0,0003143 seconds, Stopping threads took: 0,0000168 seconds
2017-04-05T23:27:35.455+0200: 3,103: Total time for which application threads were stopped: 0,0004992 seconds, Stopping threads took: 0,0000725 seconds
2017-04-05T23:27:35.469+0200: 3,118: Total time for which application threads were stopped: 0,0004391 seconds, Stopping threads took: 0,0000830 seconds
{Heap before GC invocations=5 (full 1):
 par new generation   total 109248K, used 98971K [0x00000000e0000000, 0x00000000e8000000, 0x00000000e8000000)
  eden space 87424K, 100% used [0x00000000e0000000, 0x00000000e5560000, 0x00000000e5560000)
  from space 21824K,  52% used [0x00000000e6ab0000, 0x00000000e75f6c70, 0x00000000e8000000)
  to   space 21824K,   0% used [0x00000000e5560000, 0x00000000e5560000, 0x00000000e6ab0000)
 concurrent mark-sweep generation total 393216K, used 0K [0x00000000e8000000, 0x0000000100000000, 0x0000000100000000)
 Metaspace       used 23838K, capacity 24236K, committed 24496K, reserved 1071104K
  class space    used 2805K, capacity 2985K, committed 2992K, reserved 1048576K
2017-04-05T23:27:35.610+0200: 3,259: [GC (Allocation Failure) 2017-04-05T23:27:35.610+0200: 3,259: [ParNew
Desired survivor size 20112992 bytes, new threshold 8 (max 8)
- age   1:    5404000 bytes,    5404000 total
- age   2:     103880 bytes,    5507880 total
- age   3:     154192 bytes,    5662072 total
- age   4:     282752 bytes,    5944824 total
- age   5:     773856 bytes,    6718680 total
- age   6:    6674968 bytes,   13393648 total
: 98971K->14469K(109248K), 0,0131621 secs] 98971K->14469K(502464K), 0,0132434 secs] [Times: user=0,05 sys=0,00, real=0,01 secs] 
Heap after GC invocations=6 (full 1):
 par new generation   total 109248K, used 14469K [0x00000000e0000000, 0x00000000e8000000, 0x00000000e8000000)
  eden space 87424K,   0% used [0x00000000e0000000, 0x00000000e0000000, 0x00000000e5560000)
  from space 21824K,  66% used [0x00000000e5560000, 0x00000000e6381710, 0x00000000e6ab0000)
  to   space 21824K,   0% used [0x00000000e6ab0000, 0x00000000e6ab0000, 0x00000000e8000000)
 concurrent mark-sweep generation total 393216K, used 0K [0x00000000e8000000, 0x0000000100000000, 0x0000000100000000)
 Metaspace       used 23838K, capacity 24236K, committed 24496K, reserved 1071104K
  class space    used 2805K, capacity 2985K, committed 2992K, reserved 1048576K
}
2017-04-05T23:27:35.624+0200: 3,272: Total time for which application threads were stopped: 0,0135602 seconds, Stopping threads took: 0,0000958 seconds
{Heap before GC invocations=6 (full 1):
 par new generation   total 109248K, used 101893K [0x00000000e0000000, 0x00000000e8000000, 0x00000000e8000000)
  eden space 87424K, 100% used [0x00000000e0000000, 0x00000000e5560000, 0x00000000e5560000)
  from space 21824K,  66% used [0x00000000e5560000, 0x00000000e6381710, 0x00000000e6ab0000)
  to   space 21824K,   0% used [0x00000000e6ab0000, 0x00000000e6ab0000, 0x00000000e8000000)
 concurrent mark-sweep generation total 393216K, used 0K [0x00000000e8000000, 0x0000000100000000, 0x0000000100000000)
 Metaspace       used 24481K, capacity 24940K, committed 25136K, reserved 1071104K
  class space    used 2866K, capacity 3049K, committed 3120K, reserved 1048576K
2017-04-05T23:27:35.732+0200: 3,380: [GC (Allocation Failure) 2017-04-05T23:27:35.732+0200: 3,380: [ParNew
Desired survivor size 20112992 bytes, new threshold 8 (max 8)
- age   1:    1819776 bytes,    1819776 total
- age   2:    1827576 bytes,    3647352 total
- age   3:      49832 bytes,    3697184 total
- age   4:      94672 bytes,    3791856 total
- age   5:     184440 bytes,    3976296 total
- age   6:     731632 bytes,    4707928 total
- age   7:    6141912 bytes,   10849840 total
: 101893K->14845K(109248K), 0,0110702 secs] 101893K->14845K(502464K), 0,0111413 secs] [Times: user=0,04 sys=0,00, real=0,01 secs] 
Heap after GC invocations=7 (full 1):
 par new generation   total 109248K, used 14845K [0x00000000e0000000, 0x00000000e8000000, 0x00000000e8000000)
  eden space 87424K,   0% used [0x00000000e0000000, 0x00000000e0000000, 0x00000000e5560000)
  from space 21824K,  68% used [0x00000000e6ab0000, 0x00000000e792f7e8, 0x00000000e8000000)
  to   space 21824K,   0% used [0x00000000e5560000, 0x00000000e5560000, 0x00000000e6ab0000)
 concurrent mark-sweep generation total 393216K, used 0K [0x00000000e8000000, 0x0000000100000000, 0x0000000100000000)
 Metaspace       used 24481K, capacity 24940K, committed 25136K, reserved 1071104K
  class space    used 2866K, capacity 3049K, committed 3120K, reserved 1048576K
}
2017-04-05T23:27:35.743+0200: 3,391: Total time for which application threads were stopped: 0,0173719 seconds, Stopping threads took: 0,0060359 seconds
2017-04-05T23:27:35.806+0200: 3,454: Total time for which application threads were stopped: 0,0001531 seconds, Stopping threads took: 0,0000579 seconds
{Heap before GC invocations=7 (full 1):
 par new generation   total 109248K, used 102271K [0x00000000e0000000, 0x00000000e8000000, 0x00000000e8000000)
  eden space 87424K, 100% used [0x00000000e0000000, 0x00000000e5560000, 0x00000000e5560000)
  from space 21824K,  68% used [0x00000000e6ab0000, 0x00000000e792fff8, 0x00000000e8000000)
  to   space 21824K,   0% used [0x00000000e5560000, 0x00000000e5560000, 0x00000000e6ab0000)
 concurrent mark-sweep generation total 393216K, used 0K [0x00000000e8000000, 0x0000000100000000, 0x0000000100000000)
 Metaspace       used 24672K, capacity 25144K, committed 25392K, reserved 1071104K
  class space    used 2886K, capacity 3089K, committed 3120K, reserved 1048576K
2017-04-05T23:27:35.806+0200: 3,454: [GC (GCLocker Initiated GC) 2017-04-05T23:27:35.806+0200: 3,454: [ParNew
Desired survivor size 20112992 bytes, new threshold 8 (max 8)
- age   1:     667744 bytes,     667744 total
- age   2:    1018320 bytes,    1686064 total
- age   3:    1805256 bytes,    3491320 total
- age   4:      49832 bytes,    3541152 total
- age   5:      94368 bytes,    3635520 total
- age   6:     181672 bytes,    3817192 total
- age   7:     730832 bytes,    4548024 total
- age   8:    6141816 bytes,   10689840 total
: 102271K->15620K(109248K), 0,0163195 secs] 102271K->15620K(502464K), 0,0163905 secs] [Times: user=0,06 sys=0,00, real=0,01 secs] 
Heap after GC invocations=8 (full 1):
 par new generation   total 109248K, used 15620K [0x00000000e0000000, 0x00000000e8000000, 0x00000000e8000000)
  eden space 87424K,   0% used [0x00000000e0000000, 0x00000000e0000000, 0x00000000e5560000)
  from space 21824K,  71% used [0x00000000e5560000, 0x00000000e64a12c8, 0x00000000e6ab0000)
  to   space 21824K,   0% used [0x00000000e6ab0000, 0x00000000e6ab0000, 0x00000000e8000000)
 concurrent mark-sweep generation total 393216K, used 0K [0x00000000e8000000, 0x0000000100000000, 0x0000000100000000)
 Metaspace       used 24672K, capacity 25144K, committed 25392K, reserved 1071104K
  class space    used 2886K, capacity 3089K, committed 3120K, reserved 1048576K
}
2017-04-05T23:27:35.822+0200: 3,471: Total time for which application threads were stopped: 0,0168334 seconds, Stopping threads took: 0,0003112 seconds
2017-04-05T23:27:36.080+0200: 3,728: Total time for which application threads were stopped: 0,0004338 seconds, Stopping threads took: 0,0000246 seconds
2017-04-05T23:27:36.093+0200: 3,741: Total time for which application threads were stopped: 0,0004380 seconds, Stopping threads took: 0,0000245 seconds
2017-04-05T23:27:36.146+0200: 3,795: Total time for which application threads were stopped: 0,0004583 seconds, Stopping threads took: 0,0000428 seconds
{Heap before GC invocations=8 (full 1):
 par new generation   total 109248K, used 103044K [0x00000000e0000000, 0x00000000e8000000, 0x00000000e8000000)
  eden space 87424K, 100% used [0x00000000e0000000, 0x00000000e5560000, 0x00000000e5560000)
  from space 21824K,  71% used [0x00000000e5560000, 0x00000000e64a12c8, 0x00000000e6ab0000)
  to   space 21824K,   0% used [0x00000000e6ab0000, 0x00000000e6ab0000, 0x00000000e8000000)
 concurrent mark-sweep generation total 393216K, used 0K [0x00000000e8000000, 0x0000000100000000, 0x0000000100000000)
 Metaspace       used 27515K, capacity 28056K, committed 28208K, reserved 1075200K
  class space    used 3155K, capacity 3331K, committed 3376K, reserved 1048576K
2017-04-05T23:27:36.212+0200: 3,861: [GC (Allocation Failure) 2017-04-05T23:27:36.213+0200: 3,861: [ParNew
Desired survivor size 20112992 bytes, new threshold 8 (max 8)
- age   1:    8745624 bytes,    8745624 total
- age   2:     199376 bytes,    8945000 total
- age   3:     231744 bytes,    9176744 total
- age   4:    1801168 bytes,   10977912 total
- age   5:      49832 bytes,   11027744 total
- age   6:      91824 bytes,   11119568 total
- age   7:     181096 bytes,   11300664 total
- age   8:     729680 bytes,   12030344 total
: 103044K->14381K(109248K), 0,0320732 secs] 103044K->20457K(502464K), 0,0321616 secs] [Times: user=0,12 sys=0,00, real=0,04 secs] 
Heap after GC invocations=9 (full 1):
 par new generation   total 109248K, used 14381K [0x00000000e0000000, 0x00000000e8000000, 0x00000000e8000000)
  eden space 87424K,   0% used [0x00000000e0000000, 0x00000000e0000000, 0x00000000e5560000)
  from space 21824K,  65% used [0x00000000e6ab0000, 0x00000000e78bb7d0, 0x00000000e8000000)
  to   space 21824K,   0% used [0x00000000e5560000, 0x00000000e5560000, 0x00000000e6ab0000)
 concurrent mark-sweep generation total 393216K, used 6075K [0x00000000e8000000, 0x0000000100000000, 0x0000000100000000)
 Metaspace       used 27515K, capacity 28056K, committed 28208K, reserved 1075200K
  class space    used 3155K, capacity 3331K, committed 3376K, reserved 1048576K
}
2017-04-05T23:27:36.245+0200: 3,893: Total time for which application threads were stopped: 0,0365639 seconds, Stopping threads took: 0,0042186 seconds
2017-04-05T23:27:36.278+0200: 3,926: Total time for which application threads were stopped: 0,0005301 seconds, Stopping threads took: 0,0000772 seconds
2017-04-05T23:27:36.402+0200: 4,050: Total time for which application threads were stopped: 0,0003298 seconds, Stopping threads took: 0,0000174 seconds
2017-04-05T23:27:38.402+0200: 6,051: Total time for which application threads were stopped: 0,0000831 seconds, Stopping threads took: 0,0000156 seconds
2017-04-05T23:27:54.404+0200: 22,052: Total time for which application threads were stopped: 0,0000651 seconds, Stopping threads took: 0,0000162 seconds
2017-04-05T23:28:03.956+0200: 32,053: Total time for which application threads were stopped: 0,0000843 seconds, Stopping threads took: 0,0000218 seconds
2017-04-05T23:29:33.965+0200: 122,063: Total time for which application threads were stopped: 0,0000946 seconds, Stopping threads took: 0,0000416 seconds
2017-04-05T23:29:38.966+0200: 127,063: Total time for which application threads were stopped: 0,0001086 seconds, Stopping threads took: 0,0000410 seconds
2017-04-05T23:30:02.969+0200: 151,067: Total time for which application threads were stopped: 0,0004965 seconds, Stopping threads took: 0,0000994 seconds
2017-04-05T23:30:17.971+0200: 166,068: Total time for which application threads were stopped: 0,0000741 seconds, Stopping threads took: 0,0000268 seconds
2017-04-05T23:30:22.972+0200: 171,070: Total time for which application threads were stopped: 0,0004246 seconds, Stopping threads took: 0,0001063 seconds
2017-04-05T23:30:27.973+0200: 176,070: Total time for which application threads were stopped: 0,0000745 seconds, Stopping threads took: 0,0000197 seconds
2017-04-05T23:30:32.973+0200: 181,071: Total time for which application threads were stopped: 0,0000973 seconds, Stopping threads took: 0,0000243 seconds
2017-04-05T23:31:12.978+0200: 221,075: Total time for which application threads were stopped: 0,0000887 seconds, Stopping threads took: 0,0000325 seconds
2017-04-05T23:31:57.982+0200: 266,079: Total time for which application threads were stopped: 0,0001294 seconds, Stopping threads took: 0,0000401 seconds
2017-04-05T23:31:58.982+0200: 267,080: Total time for which application threads were stopped: 0,0000830 seconds, Stopping threads took: 0,0000186 seconds
2017-04-05T23:50:58.101+0200: 1406,198: Total time for which application threads were stopped: 0,0000790 seconds, Stopping threads took: 0,0000315 seconds
2017-04-05T23:55:53.133+0200: 1701,230: Total time for which application threads were stopped: 0,0000830 seconds, Stopping threads took: 0,0000307 seconds
2017-04-06T00:05:53.195+0200: 2301,292: Total time for which application threads were stopped: 0,0000867 seconds, Stopping threads took: 0,0000368 seconds
2017-04-06T00:05:54.195+0200: 2302,293: Total time for which application threads were stopped: 0,0001677 seconds, Stopping threads took: 0,0000591 seconds
2017-04-06T00:22:39.303+0200: 3307,400: Total time for which application threads were stopped: 0,0000831 seconds, Stopping threads took: 0,0000310 seconds
2017-04-06T00:32:13.368+0200: 3881,466: Total time for which application threads were stopped: 0,0000883 seconds, Stopping threads took: 0,0000342 seconds
2017-04-06T00:32:18.369+0200: 3886,466: Total time for which application threads were stopped: 0,0001317 seconds, Stopping threads took: 0,0000191 seconds
2017-04-06T00:34:03.380+0200: 3991,478: Total time for which application threads were stopped: 0,0000791 seconds, Stopping threads took: 0,0000316 seconds
2017-04-06T00:46:29.468+0200: 4737,566: Total time for which application threads were stopped: 0,0000879 seconds, Stopping threads took: 0,0000317 seconds
2017-04-06T00:47:19.474+0200: 4787,572: Total time for which application threads were stopped: 0,0000877 seconds, Stopping threads took: 0,0000346 seconds
2017-04-06T01:23:59.707+0200: 6987,804: Total time for which application threads were stopped: 0,0000781 seconds, Stopping threads took: 0,0000311 seconds
2017-04-06T01:27:33.730+0200: 7201,827: Total time for which application threads were stopped: 0,0003954 seconds, Stopping threads took: 0,0002046 seconds
2017-04-06T01:29:33.742+0200: 7321,839: Total time for which application threads were stopped: 0,0000896 seconds, Stopping threads took: 0,0000267 seconds
2017-04-06T01:35:33.789+0200: 7681,886: Total time for which application threads were stopped: 0,0000867 seconds, Stopping threads took: 0,0000317 seconds
2017-04-06T01:36:03.793+0200: 7711,890: Total time for which application threads were stopped: 0,0000882 seconds, Stopping threads took: 0,0000343 seconds
2017-04-06T01:38:03.805+0200: 7831,902: Total time for which application threads were stopped: 0,0001019 seconds, Stopping threads took: 0,0000370 seconds
2017-04-06T01:38:37.799+0200: 7865,896: Total time for which application threads were stopped: 0,0025569 seconds, Stopping threads took: 0,0023813 seconds
2017-04-06T01:38:37.828+0200: 7865,925: Total time for which application threads were stopped: 0,0001415 seconds, Stopping threads took: 0,0000314 seconds
Heap
 par new generation   total 109248K, used 48590K [0x00000000e0000000, 0x00000000e8000000, 0x00000000e8000000)
  eden space 87424K,  39% used [0x00000000e0000000, 0x00000000e2168090, 0x00000000e5560000)
  from space 21824K,  65% used [0x00000000e6ab0000, 0x00000000e78bb7d0, 0x00000000e8000000)
  to   space 21824K,   0% used [0x00000000e5560000, 0x00000000e5560000, 0x00000000e6ab0000)
 concurrent mark-sweep generation total 393216K, used 6075K [0x00000000e8000000, 0x0000000100000000, 0x0000000100000000)
 Metaspace       used 28163K, capacity 28742K, committed 28848K, reserved 1075200K
  class space    used 3231K, capacity 3430K, committed 3504K, reserved 1048576K
