OpenJDK 64-Bit Server VM (25.121-b13) for linux-amd64 JRE (1.8.0_121-8u121-b13-0ubuntu1.16.04.2-b13), built on Jan 23 2017 15:51:29 by "buildd" with gcc 5.4.0 20160609
Memory: 4k page, physical 7867764k(7428204k free), swap 8076284k(8076284k free)
CommandLine flags: -XX:CMSInitiatingOccupancyFraction=50 -XX:CMSMaxAbortablePrecleanTime=6000 -XX:+CMSParallelRemarkEnabled -XX:+CMSScavengeBeforeRemark -XX:ConcGCThreads=4 -XX:InitialHeapSize=536870912 -XX:MaxHeapSize=536870912 -XX:MaxTenuringThreshold=8 -XX:NewRatio=3 -XX:OldPLABSize=16 -XX:OnOutOfMemoryError=/opt/solr/bin/oom_solr.sh 8983 /var/solr/logs -XX:ParallelGCThreads=4 -XX:+ParallelRefProcEnabled -XX:PretenureSizeThreshold=67108864 -XX:+PrintGC -XX:+PrintGCApplicationStoppedTime -XX:+PrintGCDateStamps -XX:+PrintGCDetails -XX:+PrintGCTimeStamps -XX:+PrintHeapAtGC -XX:+PrintTenuringDistribution -XX:SurvivorRatio=4 -XX:TargetSurvivorRatio=90 -XX:ThreadStackSize=256 -XX:+UseCMSInitiatingOccupancyOnly -XX:+UseCompressedClassPointers -XX:+UseCompressedOops -XX:+UseConcMarkSweepGC -XX:+UseParNewGC 
2017-04-09T19:07:31.045+0200: 0,155: Total time for which application threads were stopped: 0,0000887 seconds, Stopping threads took: 0,0000128 seconds
2017-04-09T19:07:31.159+0200: 0,270: Total time for which application threads were stopped: 0,0001407 seconds, Stopping threads took: 0,0000202 seconds
2017-04-09T19:07:31.190+0200: 0,300: Total time for which application threads were stopped: 0,0001203 seconds, Stopping threads took: 0,0000252 seconds
2017-04-09T19:07:31.525+0200: 0,635: Total time for which application threads were stopped: 0,0001724 seconds, Stopping threads took: 0,0000293 seconds
2017-04-09T19:07:32.010+0200: 1,120: Total time for which application threads were stopped: 0,0001351 seconds, Stopping threads took: 0,0000158 seconds
2017-04-09T19:07:32.087+0200: 1,197: Total time for which application threads were stopped: 0,0001888 seconds, Stopping threads took: 0,0000307 seconds
2017-04-09T19:07:32.113+0200: 1,223: Total time for which application threads were stopped: 0,0001610 seconds, Stopping threads took: 0,0000233 seconds
2017-04-09T19:07:32.394+0200: 1,504: Total time for which application threads were stopped: 0,0001871 seconds, Stopping threads took: 0,0000226 seconds
2017-04-09T19:07:32.675+0200: 1,785: Total time for which application threads were stopped: 0,0002039 seconds, Stopping threads took: 0,0000201 seconds
2017-04-09T19:07:32.705+0200: 1,815: Total time for which application threads were stopped: 0,0001799 seconds, Stopping threads took: 0,0000167 seconds
2017-04-09T19:07:32.739+0200: 1,849: Total time for which application threads were stopped: 0,0002358 seconds, Stopping threads took: 0,0000273 seconds
2017-04-09T19:07:32.739+0200: 1,850: Total time for which application threads were stopped: 0,0001779 seconds, Stopping threads took: 0,0000269 seconds
2017-04-09T19:07:32.754+0200: 1,864: Total time for which application threads were stopped: 0,0001668 seconds, Stopping threads took: 0,0000113 seconds
2017-04-09T19:07:32.838+0200: 1,948: Total time for which application threads were stopped: 0,0002515 seconds, Stopping threads took: 0,0000207 seconds
2017-04-09T19:07:33.019+0200: 2,129: Total time for which application threads were stopped: 0,0004939 seconds, Stopping threads took: 0,0002544 seconds
{Heap before GC invocations=0 (full 0):
 par new generation   total 109248K, used 87424K [0x00000000e0000000, 0x00000000e8000000, 0x00000000e8000000)
  eden space 87424K, 100% used [0x00000000e0000000, 0x00000000e5560000, 0x00000000e5560000)
  from space 21824K,   0% used [0x00000000e5560000, 0x00000000e5560000, 0x00000000e6ab0000)
  to   space 21824K,   0% used [0x00000000e6ab0000, 0x00000000e6ab0000, 0x00000000e8000000)
 concurrent mark-sweep generation total 393216K, used 0K [0x00000000e8000000, 0x0000000100000000, 0x0000000100000000)
 Metaspace       used 17854K, capacity 18176K, committed 18304K, reserved 1064960K
  class space    used 2024K, capacity 2164K, committed 2176K, reserved 1048576K
2017-04-09T19:07:33.064+0200: 2,174: [GC (Allocation Failure) 2017-04-09T19:07:33.064+0200: 2,174: [ParNew
Desired survivor size 20112992 bytes, new threshold 8 (max 8)
- age   1:   11690448 bytes,   11690448 total
: 87424K->11529K(109248K), 0,0169990 secs] 87424K->11529K(502464K), 0,0170780 secs] [Times: user=0,03 sys=0,03, real=0,01 secs] 
Heap after GC invocations=1 (full 0):
 par new generation   total 109248K, used 11529K [0x00000000e0000000, 0x00000000e8000000, 0x00000000e8000000)
  eden space 87424K,   0% used [0x00000000e0000000, 0x00000000e0000000, 0x00000000e5560000)
  from space 21824K,  52% used [0x00000000e6ab0000, 0x00000000e75f2538, 0x00000000e8000000)
  to   space 21824K,   0% used [0x00000000e5560000, 0x00000000e5560000, 0x00000000e6ab0000)
 concurrent mark-sweep generation total 393216K, used 0K [0x00000000e8000000, 0x0000000100000000, 0x0000000100000000)
 Metaspace       used 17854K, capacity 18176K, committed 18304K, reserved 1064960K
  class space    used 2024K, capacity 2164K, committed 2176K, reserved 1048576K
}
2017-04-09T19:07:33.081+0200: 2,191: Total time for which application threads were stopped: 0,0173450 seconds, Stopping threads took: 0,0000744 seconds
2017-04-09T19:07:33.427+0200: 2,537: Total time for which application threads were stopped: 0,0003767 seconds, Stopping threads took: 0,0000562 seconds
{Heap before GC invocations=1 (full 0):
 par new generation   total 109248K, used 98953K [0x00000000e0000000, 0x00000000e8000000, 0x00000000e8000000)
  eden space 87424K, 100% used [0x00000000e0000000, 0x00000000e5560000, 0x00000000e5560000)
  from space 21824K,  52% used [0x00000000e6ab0000, 0x00000000e75f2538, 0x00000000e8000000)
  to   space 21824K,   0% used [0x00000000e5560000, 0x00000000e5560000, 0x00000000e6ab0000)
 concurrent mark-sweep generation total 393216K, used 0K [0x00000000e8000000, 0x0000000100000000, 0x0000000100000000)
 Metaspace       used 20038K, capacity 20362K, committed 20736K, reserved 1067008K
  class space    used 2294K, capacity 2469K, committed 2560K, reserved 1048576K
2017-04-09T19:07:33.470+0200: 2,580: [GC (Allocation Failure) 2017-04-09T19:07:33.470+0200: 2,580: [ParNew
Desired survivor size 20112992 bytes, new threshold 8 (max 8)
- age   1:    4194456 bytes,    4194456 total
- age   2:    6262760 bytes,   10457216 total
: 98953K->12962K(109248K), 0,0106814 secs] 98953K->12962K(502464K), 0,0107558 secs] [Times: user=0,04 sys=0,00, real=0,01 secs] 
Heap after GC invocations=2 (full 0):
 par new generation   total 109248K, used 12962K [0x00000000e0000000, 0x00000000e8000000, 0x00000000e8000000)
  eden space 87424K,   0% used [0x00000000e0000000, 0x00000000e0000000, 0x00000000e5560000)
  from space 21824K,  59% used [0x00000000e5560000, 0x00000000e6208a50, 0x00000000e6ab0000)
  to   space 21824K,   0% used [0x00000000e6ab0000, 0x00000000e6ab0000, 0x00000000e8000000)
 concurrent mark-sweep generation total 393216K, used 0K [0x00000000e8000000, 0x0000000100000000, 0x0000000100000000)
 Metaspace       used 20038K, capacity 20362K, committed 20736K, reserved 1067008K
  class space    used 2294K, capacity 2469K, committed 2560K, reserved 1048576K
}
2017-04-09T19:07:33.480+0200: 2,590: Total time for which application threads were stopped: 0,0138041 seconds, Stopping threads took: 0,0028908 seconds
2017-04-09T19:07:33.488+0200: 2,598: Total time for which application threads were stopped: 0,0003971 seconds, Stopping threads took: 0,0000526 seconds
2017-04-09T19:07:33.535+0200: 2,646: Total time for which application threads were stopped: 0,0003207 seconds, Stopping threads took: 0,0000262 seconds
2017-04-09T19:07:33.649+0200: 2,760: Total time for which application threads were stopped: 0,0002034 seconds, Stopping threads took: 0,0000680 seconds
{Heap before GC invocations=2 (full 0):
 par new generation   total 109248K, used 100386K [0x00000000e0000000, 0x00000000e8000000, 0x00000000e8000000)
  eden space 87424K, 100% used [0x00000000e0000000, 0x00000000e5560000, 0x00000000e5560000)
  from space 21824K,  59% used [0x00000000e5560000, 0x00000000e6208a50, 0x00000000e6ab0000)
  to   space 21824K,   0% used [0x00000000e6ab0000, 0x00000000e6ab0000, 0x00000000e8000000)
 concurrent mark-sweep generation total 393216K, used 0K [0x00000000e8000000, 0x0000000100000000, 0x0000000100000000)
 Metaspace       used 20981K, capacity 21284K, committed 21628K, reserved 1069056K
  class space    used 2419K, capacity 2588K, committed 2684K, reserved 1048576K
2017-04-09T19:07:33.691+0200: 2,801: [GC (Allocation Failure) 2017-04-09T19:07:33.691+0200: 2,801: [ParNew
Desired survivor size 20112992 bytes, new threshold 8 (max 8)
- age   1:    2235384 bytes,    2235384 total
- age   2:    1216144 bytes,    3451528 total
- age   3:    6260504 bytes,    9712032 total
: 100386K->11888K(109248K), 0,0129733 secs] 100386K->11888K(502464K), 0,0130611 secs] [Times: user=0,04 sys=0,00, real=0,02 secs] 
Heap after GC invocations=3 (full 0):
 par new generation   total 109248K, used 11888K [0x00000000e0000000, 0x00000000e8000000, 0x00000000e8000000)
  eden space 87424K,   0% used [0x00000000e0000000, 0x00000000e0000000, 0x00000000e5560000)
  from space 21824K,  54% used [0x00000000e6ab0000, 0x00000000e764c148, 0x00000000e8000000)
  to   space 21824K,   0% used [0x00000000e5560000, 0x00000000e5560000, 0x00000000e6ab0000)
 concurrent mark-sweep generation total 393216K, used 0K [0x00000000e8000000, 0x0000000100000000, 0x0000000100000000)
 Metaspace       used 20981K, capacity 21284K, committed 21628K, reserved 1069056K
  class space    used 2419K, capacity 2588K, committed 2684K, reserved 1048576K
}
2017-04-09T19:07:33.704+0200: 2,814: Total time for which application threads were stopped: 0,0132689 seconds, Stopping threads took: 0,0000506 seconds
2017-04-09T19:07:33.709+0200: 2,819: [GC (CMS Initial Mark) [1 CMS-initial-mark: 0K(393216K)] 12613K(502464K), 0,0029309 secs] [Times: user=0,01 sys=0,00, real=0,00 secs] 
2017-04-09T19:07:33.712+0200: 2,822: Total time for which application threads were stopped: 0,0083179 seconds, Stopping threads took: 0,0052862 seconds
2017-04-09T19:07:33.712+0200: 2,822: [CMS-concurrent-mark-start]
2017-04-09T19:07:33.723+0200: 2,833: [CMS-concurrent-mark: 0,010/0,010 secs] [Times: user=0,04 sys=0,00, real=0,02 secs] 
2017-04-09T19:07:33.723+0200: 2,833: [CMS-concurrent-preclean-start]
2017-04-09T19:07:33.724+0200: 2,834: [CMS-concurrent-preclean: 0,001/0,001 secs] [Times: user=0,00 sys=0,00, real=0,00 secs] 
2017-04-09T19:07:33.724+0200: 2,834: [CMS-concurrent-abortable-preclean-start]
2017-04-09T19:07:33.776+0200: 2,886: Total time for which application threads were stopped: 0,0001343 seconds, Stopping threads took: 0,0000394 seconds
{Heap before GC invocations=3 (full 1):
 par new generation   total 109248K, used 99312K [0x00000000e0000000, 0x00000000e8000000, 0x00000000e8000000)
  eden space 87424K, 100% used [0x00000000e0000000, 0x00000000e5560000, 0x00000000e5560000)
  from space 21824K,  54% used [0x00000000e6ab0000, 0x00000000e764c148, 0x00000000e8000000)
  to   space 21824K,   0% used [0x00000000e5560000, 0x00000000e5560000, 0x00000000e6ab0000)
 concurrent mark-sweep generation total 393216K, used 0K [0x00000000e8000000, 0x0000000100000000, 0x0000000100000000)
 Metaspace       used 21243K, capacity 21618K, committed 21884K, reserved 1069056K
  class space    used 2447K, capacity 2602K, committed 2684K, reserved 1048576K
2017-04-09T19:07:33.833+0200: 2,943: [GC (Allocation Failure) 2017-04-09T19:07:33.833+0200: 2,943: [ParNew
Desired survivor size 20112992 bytes, new threshold 8 (max 8)
- age   1:     646992 bytes,     646992 total
- age   2:    1499696 bytes,    2146688 total
- age   3:    1185192 bytes,    3331880 total
- age   4:    6260544 bytes,    9592424 total
: 99312K->14236K(109248K), 0,0122750 secs] 99312K->14236K(502464K), 0,0123389 secs] [Times: user=0,04 sys=0,00, real=0,02 secs] 
Heap after GC invocations=4 (full 1):
 par new generation   total 109248K, used 14236K [0x00000000e0000000, 0x00000000e8000000, 0x00000000e8000000)
  eden space 87424K,   0% used [0x00000000e0000000, 0x00000000e0000000, 0x00000000e5560000)
  from space 21824K,  65% used [0x00000000e5560000, 0x00000000e63471d0, 0x00000000e6ab0000)
  to   space 21824K,   0% used [0x00000000e6ab0000, 0x00000000e6ab0000, 0x00000000e8000000)
 concurrent mark-sweep generation total 393216K, used 0K [0x00000000e8000000, 0x0000000100000000, 0x0000000100000000)
 Metaspace       used 21243K, capacity 21618K, committed 21884K, reserved 1069056K
  class space    used 2447K, capacity 2602K, committed 2684K, reserved 1048576K
}
2017-04-09T19:07:33.846+0200: 2,956: Total time for which application threads were stopped: 0,0125545 seconds, Stopping threads took: 0,0000633 seconds
{Heap before GC invocations=4 (full 1):
 par new generation   total 109248K, used 101660K [0x00000000e0000000, 0x00000000e8000000, 0x00000000e8000000)
  eden space 87424K, 100% used [0x00000000e0000000, 0x00000000e5560000, 0x00000000e5560000)
  from space 21824K,  65% used [0x00000000e5560000, 0x00000000e63471d0, 0x00000000e6ab0000)
  to   space 21824K,   0% used [0x00000000e6ab0000, 0x00000000e6ab0000, 0x00000000e8000000)
 concurrent mark-sweep generation total 393216K, used 0K [0x00000000e8000000, 0x0000000100000000, 0x0000000100000000)
 Metaspace       used 21394K, capacity 21790K, committed 21884K, reserved 1069056K
  class space    used 2466K, capacity 2636K, committed 2684K, reserved 1048576K
2017-04-09T19:07:33.931+0200: 3,041: [GC (Allocation Failure) 2017-04-09T19:07:33.931+0200: 3,041: [ParNew
Desired survivor size 20112992 bytes, new threshold 8 (max 8)
- age   1:    1350448 bytes,    1350448 total
- age   2:     169576 bytes,    1520024 total
- age   3:    1499496 bytes,    3019520 total
- age   4:    1183208 bytes,    4202728 total
- age   5:    6260648 bytes,   10463376 total
: 101660K->12965K(109248K), 0,0139897 secs] 101660K->12965K(502464K), 0,0140645 secs] [Times: user=0,05 sys=0,00, real=0,02 secs] 
Heap after GC invocations=5 (full 1):
 par new generation   total 109248K, used 12965K [0x00000000e0000000, 0x00000000e8000000, 0x00000000e8000000)
  eden space 87424K,   0% used [0x00000000e0000000, 0x00000000e0000000, 0x00000000e5560000)
  from space 21824K,  59% used [0x00000000e6ab0000, 0x00000000e77594e0, 0x00000000e8000000)
  to   space 21824K,   0% used [0x00000000e5560000, 0x00000000e5560000, 0x00000000e6ab0000)
 concurrent mark-sweep generation total 393216K, used 0K [0x00000000e8000000, 0x0000000100000000, 0x0000000100000000)
 Metaspace       used 21394K, capacity 21790K, committed 21884K, reserved 1069056K
  class space    used 2466K, capacity 2636K, committed 2684K, reserved 1048576K
}
2017-04-09T19:07:33.945+0200: 3,056: Total time for which application threads were stopped: 0,0146654 seconds, Stopping threads took: 0,0004314 seconds
2017-04-09T19:07:33.979+0200: 3,089: Total time for which application threads were stopped: 0,0001337 seconds, Stopping threads took: 0,0000527 seconds
2017-04-09T19:07:33.993+0200: 3,103: Total time for which application threads were stopped: 0,0002835 seconds, Stopping threads took: 0,0000164 seconds
2017-04-09T19:07:34.017+0200: 3,128: Total time for which application threads were stopped: 0,0001018 seconds, Stopping threads took: 0,0000322 seconds
2017-04-09T19:07:34.046+0200: 3,156: Total time for which application threads were stopped: 0,0006736 seconds, Stopping threads took: 0,0005780 seconds
2017-04-09T19:07:34.175+0200: 3,285: Total time for which application threads were stopped: 0,0001894 seconds, Stopping threads took: 0,0000403 seconds
2017-04-09T19:07:34.221+0200: 3,331: Total time for which application threads were stopped: 0,0001267 seconds, Stopping threads took: 0,0000373 seconds
2017-04-09T19:07:34.221+0200: 3,331: Total time for which application threads were stopped: 0,0003376 seconds, Stopping threads took: 0,0000280 seconds
2017-04-09T19:07:34.236+0200: 3,346: Total time for which application threads were stopped: 0,0003677 seconds, Stopping threads took: 0,0000246 seconds
2017-04-09T19:07:34.256+0200: 3,366: Total time for which application threads were stopped: 0,0001157 seconds, Stopping threads took: 0,0000374 seconds
2017-04-09T19:07:34.336+0200: 3,446: Total time for which application threads were stopped: 0,0014301 seconds, Stopping threads took: 0,0012789 seconds
{Heap before GC invocations=5 (full 1):
 par new generation   total 109248K, used 100389K [0x00000000e0000000, 0x00000000e8000000, 0x00000000e8000000)
  eden space 87424K, 100% used [0x00000000e0000000, 0x00000000e5560000, 0x00000000e5560000)
  from space 21824K,  59% used [0x00000000e6ab0000, 0x00000000e77594e0, 0x00000000e8000000)
  to   space 21824K,   0% used [0x00000000e5560000, 0x00000000e5560000, 0x00000000e6ab0000)
 concurrent mark-sweep generation total 393216K, used 0K [0x00000000e8000000, 0x0000000100000000, 0x0000000100000000)
 Metaspace       used 23649K, capacity 24070K, committed 24208K, reserved 1071104K
  class space    used 2763K, capacity 2948K, committed 2964K, reserved 1048576K
2017-04-09T19:07:34.396+0200: 3,507: [GC (Allocation Failure) 2017-04-09T19:07:34.396+0200: 3,507: [ParNew
Desired survivor size 20112992 bytes, new threshold 8 (max 8)
- age   1:    5184096 bytes,    5184096 total
- age   2:     114480 bytes,    5298576 total
- age   3:     168112 bytes,    5466688 total
- age   4:     321992 bytes,    5788680 total
- age   5:    1156848 bytes,    6945528 total
- age   6:    6252392 bytes,   13197920 total
: 100389K->15473K(109248K), 0,0132512 secs] 100389K->15473K(502464K), 0,0133333 secs] [Times: user=0,05 sys=0,00, real=0,01 secs] 
Heap after GC invocations=6 (full 1):
 par new generation   total 109248K, used 15473K [0x00000000e0000000, 0x00000000e8000000, 0x00000000e8000000)
  eden space 87424K,   0% used [0x00000000e0000000, 0x00000000e0000000, 0x00000000e5560000)
  from space 21824K,  70% used [0x00000000e5560000, 0x00000000e647c718, 0x00000000e6ab0000)
  to   space 21824K,   0% used [0x00000000e6ab0000, 0x00000000e6ab0000, 0x00000000e8000000)
 concurrent mark-sweep generation total 393216K, used 0K [0x00000000e8000000, 0x0000000100000000, 0x0000000100000000)
 Metaspace       used 23649K, capacity 24070K, committed 24208K, reserved 1071104K
  class space    used 2763K, capacity 2948K, committed 2964K, reserved 1048576K
}
2017-04-09T19:07:34.410+0200: 3,520: Total time for which application threads were stopped: 0,0136105 seconds, Stopping threads took: 0,0000994 seconds
2017-04-09T19:07:34.410+0200: 3,520: [CMS-concurrent-abortable-preclean: 0,411/0,686 secs] [Times: user=2,46 sys=0,05, real=0,68 secs] 
2017-04-09T19:07:34.414+0200: 3,525: [GC (CMS Final Remark) [YG occupancy: 17317 K (109248 K)]{Heap before GC invocations=6 (full 1):
 par new generation   total 109248K, used 17317K [0x00000000e0000000, 0x00000000e8000000, 0x00000000e8000000)
  eden space 87424K,   2% used [0x00000000e0000000, 0x00000000e01ccef0, 0x00000000e5560000)
  from space 21824K,  70% used [0x00000000e5560000, 0x00000000e647c718, 0x00000000e6ab0000)
  to   space 21824K,   0% used [0x00000000e6ab0000, 0x00000000e6ab0000, 0x00000000e8000000)
 concurrent mark-sweep generation total 393216K, used 0K [0x00000000e8000000, 0x0000000100000000, 0x0000000100000000)
 Metaspace       used 23650K, capacity 24070K, committed 24208K, reserved 1071104K
  class space    used 2763K, capacity 2948K, committed 2964K, reserved 1048576K
2017-04-09T19:07:34.414+0200: 3,525: [GC (CMS Final Remark) 2017-04-09T19:07:34.414+0200: 3,525: [ParNew
Desired survivor size 20112992 bytes, new threshold 8 (max 8)
- age   1:      64288 bytes,      64288 total
- age   2:    5141208 bytes,    5205496 total
- age   3:     114480 bytes,    5319976 total
- age   4:     168112 bytes,    5488088 total
- age   5:     321992 bytes,    5810080 total
- age   6:    1156848 bytes,    6966928 total
- age   7:    6252800 bytes,   13219728 total
: 17317K->17815K(109248K), 0,0128177 secs] 17317K->17815K(502464K), 0,0128530 secs] [Times: user=0,05 sys=0,00, real=0,01 secs] 
Heap after GC invocations=7 (full 1):
 par new generation   total 109248K, used 17815K [0x00000000e0000000, 0x00000000e8000000, 0x00000000e8000000)
  eden space 87424K,   0% used [0x00000000e0000000, 0x00000000e0000000, 0x00000000e5560000)
  from space 21824K,  81% used [0x00000000e6ab0000, 0x00000000e7c15e00, 0x00000000e8000000)
  to   space 21824K,   0% used [0x00000000e5560000, 0x00000000e5560000, 0x00000000e6ab0000)
 concurrent mark-sweep generation total 393216K, used 0K [0x00000000e8000000, 0x0000000100000000, 0x0000000100000000)
 Metaspace       used 23650K, capacity 24070K, committed 24208K, reserved 1071104K
  class space    used 2763K, capacity 2948K, committed 2964K, reserved 1048576K
}
2017-04-09T19:07:34.427+0200: 3,537: [Rescan (parallel) , 0,0044687 secs]2017-04-09T19:07:34.432+0200: 3,542: [weak refs processing, 0,0004905 secs]2017-04-09T19:07:34.432+0200: 3,542: [class unloading, 0,0034829 secs]2017-04-09T19:07:34.436+0200: 3,546: [scrub symbol table, 0,0030605 secs]2017-04-09T19:07:34.439+0200: 3,549: [scrub string table, 0,0004356 secs][1 CMS-remark: 0K(393216K)] 17815K(502464K), 0,0256882 secs] [Times: user=0,07 sys=0,00, real=0,02 secs] 
2017-04-09T19:07:34.440+0200: 3,550: Total time for which application threads were stopped: 0,0298240 seconds, Stopping threads took: 0,0040476 seconds
2017-04-09T19:07:34.442+0200: 3,552: [CMS-concurrent-sweep-start]
2017-04-09T19:07:34.442+0200: 3,552: [CMS-concurrent-sweep: 0,000/0,000 secs] [Times: user=0,00 sys=0,00, real=0,00 secs] 
2017-04-09T19:07:34.442+0200: 3,552: [CMS-concurrent-reset-start]
2017-04-09T19:07:34.444+0200: 3,554: [CMS-concurrent-reset: 0,002/0,002 secs] [Times: user=0,01 sys=0,00, real=0,01 secs] 
{Heap before GC invocations=7 (full 1):
 par new generation   total 109248K, used 105239K [0x00000000e0000000, 0x00000000e8000000, 0x00000000e8000000)
  eden space 87424K, 100% used [0x00000000e0000000, 0x00000000e5560000, 0x00000000e5560000)
  from space 21824K,  81% used [0x00000000e6ab0000, 0x00000000e7c15e00, 0x00000000e8000000)
  to   space 21824K,   0% used [0x00000000e5560000, 0x00000000e5560000, 0x00000000e6ab0000)
 concurrent mark-sweep generation total 393216K, used 0K [0x00000000e8000000, 0x0000000100000000, 0x0000000100000000)
 Metaspace       used 24427K, capacity 24876K, committed 25104K, reserved 1071104K
  class space    used 2863K, capacity 3045K, committed 3092K, reserved 1048576K
2017-04-09T19:07:34.574+0200: 3,684: [GC (Allocation Failure) 2017-04-09T19:07:34.574+0200: 3,684: [ParNew
Desired survivor size 20112992 bytes, new threshold 8 (max 8)
- age   1:    2582552 bytes,    2582552 total
- age   2:        280 bytes,    2582832 total
- age   3:    1786856 bytes,    4369688 total
- age   4:      59736 bytes,    4429424 total
- age   5:      93072 bytes,    4522496 total
- age   6:     206088 bytes,    4728584 total
- age   7:     931808 bytes,    5660392 total
- age   8:    5916640 bytes,   11577032 total
: 105239K->15620K(109248K), 0,0357859 secs] 105239K->15620K(502464K), 0,0358600 secs] [Times: user=0,08 sys=0,00, real=0,04 secs] 
Heap after GC invocations=8 (full 1):
 par new generation   total 109248K, used 15620K [0x00000000e0000000, 0x00000000e8000000, 0x00000000e8000000)
  eden space 87424K,   0% used [0x00000000e0000000, 0x00000000e0000000, 0x00000000e5560000)
  from space 21824K,  71% used [0x00000000e5560000, 0x00000000e64a1280, 0x00000000e6ab0000)
  to   space 21824K,   0% used [0x00000000e6ab0000, 0x00000000e6ab0000, 0x00000000e8000000)
 concurrent mark-sweep generation total 393216K, used 0K [0x00000000e8000000, 0x0000000100000000, 0x0000000100000000)
 Metaspace       used 24427K, capacity 24876K, committed 25104K, reserved 1071104K
  class space    used 2863K, capacity 3045K, committed 3092K, reserved 1048576K
}
2017-04-09T19:07:34.610+0200: 3,720: Total time for which application threads were stopped: 0,0361224 seconds, Stopping threads took: 0,0000642 seconds
{Heap before GC invocations=8 (full 1):
 par new generation   total 109248K, used 103044K [0x00000000e0000000, 0x00000000e8000000, 0x00000000e8000000)
  eden space 87424K, 100% used [0x00000000e0000000, 0x00000000e5560000, 0x00000000e5560000)
  from space 21824K,  71% used [0x00000000e5560000, 0x00000000e64a1280, 0x00000000e6ab0000)
  to   space 21824K,   0% used [0x00000000e6ab0000, 0x00000000e6ab0000, 0x00000000e8000000)
 concurrent mark-sweep generation total 393216K, used 0K [0x00000000e8000000, 0x0000000100000000, 0x0000000100000000)
 Metaspace       used 24784K, capacity 25254K, committed 25360K, reserved 1071104K
  class space    used 2898K, capacity 3082K, committed 3092K, reserved 1048576K
2017-04-09T19:07:34.707+0200: 3,817: [GC (Allocation Failure) 2017-04-09T19:07:34.707+0200: 3,817: [ParNew
Desired survivor size 20112992 bytes, new threshold 8 (max 8)
- age   1:     675792 bytes,     675792 total
- age   2:    1068784 bytes,    1744576 total
- age   3:        280 bytes,    1744856 total
- age   4:    1764728 bytes,    3509584 total
- age   5:      59736 bytes,    3569320 total
- age   6:      92968 bytes,    3662288 total
- age   7:     206088 bytes,    3868376 total
- age   8:     931808 bytes,    4800184 total
: 103044K->9288K(109248K), 0,0354511 secs] 103044K->15148K(502464K), 0,0355347 secs] [Times: user=0,11 sys=0,00, real=0,04 secs] 
Heap after GC invocations=9 (full 1):
 par new generation   total 109248K, used 9288K [0x00000000e0000000, 0x00000000e8000000, 0x00000000e8000000)
  eden space 87424K,   0% used [0x00000000e0000000, 0x00000000e0000000, 0x00000000e5560000)
  from space 21824K,  42% used [0x00000000e6ab0000, 0x00000000e73c2120, 0x00000000e8000000)
  to   space 21824K,   0% used [0x00000000e5560000, 0x00000000e5560000, 0x00000000e6ab0000)
 concurrent mark-sweep generation total 393216K, used 5860K [0x00000000e8000000, 0x0000000100000000, 0x0000000100000000)
 Metaspace       used 24784K, capacity 25254K, committed 25360K, reserved 1071104K
  class space    used 2898K, capacity 3082K, committed 3092K, reserved 1048576K
}
2017-04-09T19:07:34.743+0200: 3,853: Total time for which application threads were stopped: 0,0381596 seconds, Stopping threads took: 0,0024415 seconds
2017-04-09T19:07:34.943+0200: 4,053: Total time for which application threads were stopped: 0,0042225 seconds, Stopping threads took: 0,0036188 seconds
2017-04-09T19:07:34.944+0200: 4,054: Total time for which application threads were stopped: 0,0004655 seconds, Stopping threads took: 0,0000187 seconds
2017-04-09T19:07:34.975+0200: 4,086: Total time for which application threads were stopped: 0,0001605 seconds, Stopping threads took: 0,0000686 seconds
2017-04-09T19:07:34.979+0200: 4,089: Total time for which application threads were stopped: 0,0025954 seconds, Stopping threads took: 0,0024797 seconds
2017-04-09T19:07:34.979+0200: 4,089: Total time for which application threads were stopped: 0,0001021 seconds, Stopping threads took: 0,0000342 seconds
2017-04-09T19:07:34.987+0200: 4,097: Total time for which application threads were stopped: 0,0001431 seconds, Stopping threads took: 0,0000356 seconds
2017-04-09T19:07:34.987+0200: 4,097: Total time for which application threads were stopped: 0,0001093 seconds, Stopping threads took: 0,0000237 seconds
2017-04-09T19:07:34.987+0200: 4,097: Total time for which application threads were stopped: 0,0001201 seconds, Stopping threads took: 0,0000225 seconds
2017-04-09T19:07:34.996+0200: 4,106: Total time for which application threads were stopped: 0,0001094 seconds, Stopping threads took: 0,0000231 seconds
2017-04-09T19:07:35.002+0200: 4,112: Total time for which application threads were stopped: 0,0001050 seconds, Stopping threads took: 0,0000241 seconds
2017-04-09T19:07:35.003+0200: 4,113: Total time for which application threads were stopped: 0,0000858 seconds, Stopping threads took: 0,0000222 seconds
2017-04-09T19:07:35.004+0200: 4,114: Total time for which application threads were stopped: 0,0000977 seconds, Stopping threads took: 0,0000209 seconds
2017-04-09T19:07:35.004+0200: 4,114: Total time for which application threads were stopped: 0,0001118 seconds, Stopping threads took: 0,0000334 seconds
2017-04-09T19:07:35.005+0200: 4,115: Total time for which application threads were stopped: 0,0000983 seconds, Stopping threads took: 0,0000278 seconds
2017-04-09T19:07:35.005+0200: 4,115: Total time for which application threads were stopped: 0,0000870 seconds, Stopping threads took: 0,0000215 seconds
2017-04-09T19:07:35.006+0200: 4,116: Total time for which application threads were stopped: 0,0001177 seconds, Stopping threads took: 0,0000293 seconds
2017-04-09T19:07:35.008+0200: 4,118: Total time for which application threads were stopped: 0,0001149 seconds, Stopping threads took: 0,0000224 seconds
2017-04-09T19:07:35.013+0200: 4,123: Total time for which application threads were stopped: 0,0002121 seconds, Stopping threads took: 0,0001028 seconds
2017-04-09T19:07:35.014+0200: 4,124: Total time for which application threads were stopped: 0,0001314 seconds, Stopping threads took: 0,0000431 seconds
2017-04-09T19:07:35.016+0200: 4,126: Total time for which application threads were stopped: 0,0001177 seconds, Stopping threads took: 0,0000312 seconds
2017-04-09T19:07:35.016+0200: 4,126: Total time for which application threads were stopped: 0,0001108 seconds, Stopping threads took: 0,0000334 seconds
2017-04-09T19:07:35.017+0200: 4,127: Total time for which application threads were stopped: 0,0001333 seconds, Stopping threads took: 0,0000273 seconds
2017-04-09T19:07:35.022+0200: 4,133: Total time for which application threads were stopped: 0,0032511 seconds, Stopping threads took: 0,0031756 seconds
2017-04-09T19:07:35.023+0200: 4,133: Total time for which application threads were stopped: 0,0001583 seconds, Stopping threads took: 0,0000310 seconds
2017-04-09T19:07:35.027+0200: 4,137: Total time for which application threads were stopped: 0,0001339 seconds, Stopping threads took: 0,0000413 seconds
2017-04-09T19:07:35.033+0200: 4,143: Total time for which application threads were stopped: 0,0001817 seconds, Stopping threads took: 0,0000576 seconds
2017-04-09T19:07:35.061+0200: 4,171: Total time for which application threads were stopped: 0,0001648 seconds, Stopping threads took: 0,0000414 seconds
2017-04-09T19:07:35.067+0200: 4,177: Total time for which application threads were stopped: 0,0011686 seconds, Stopping threads took: 0,0010634 seconds
2017-04-09T19:07:35.071+0200: 4,181: Total time for which application threads were stopped: 0,0001270 seconds, Stopping threads took: 0,0000533 seconds
2017-04-09T19:07:35.072+0200: 4,182: Total time for which application threads were stopped: 0,0001370 seconds, Stopping threads took: 0,0000398 seconds
2017-04-09T19:07:35.088+0200: 4,198: Total time for which application threads were stopped: 0,0007173 seconds, Stopping threads took: 0,0000307 seconds
2017-04-09T19:07:35.090+0200: 4,200: Total time for which application threads were stopped: 0,0001571 seconds, Stopping threads took: 0,0000446 seconds
2017-04-09T19:07:35.098+0200: 4,208: Total time for which application threads were stopped: 0,0001494 seconds, Stopping threads took: 0,0000438 seconds
2017-04-09T19:07:35.105+0200: 4,216: Total time for which application threads were stopped: 0,0006685 seconds, Stopping threads took: 0,0000448 seconds
2017-04-09T19:07:35.161+0200: 4,271: Total time for which application threads were stopped: 0,0001107 seconds, Stopping threads took: 0,0000199 seconds
2017-04-09T19:07:35.161+0200: 4,272: Total time for which application threads were stopped: 0,0000819 seconds, Stopping threads took: 0,0000196 seconds
2017-04-09T19:07:35.163+0200: 4,273: Total time for which application threads were stopped: 0,0000791 seconds, Stopping threads took: 0,0000300 seconds
2017-04-09T19:07:35.163+0200: 4,273: Total time for which application threads were stopped: 0,0000607 seconds, Stopping threads took: 0,0000107 seconds
2017-04-09T19:07:35.164+0200: 4,274: Total time for which application threads were stopped: 0,0001138 seconds, Stopping threads took: 0,0000547 seconds
2017-04-09T19:07:35.166+0200: 4,276: Total time for which application threads were stopped: 0,0000969 seconds, Stopping threads took: 0,0000218 seconds
2017-04-09T19:07:35.167+0200: 4,277: Total time for which application threads were stopped: 0,0003410 seconds, Stopping threads took: 0,0000091 seconds
2017-04-09T19:07:35.168+0200: 4,278: Total time for which application threads were stopped: 0,0000826 seconds, Stopping threads took: 0,0000258 seconds
2017-04-09T19:07:35.168+0200: 4,278: Total time for which application threads were stopped: 0,0001050 seconds, Stopping threads took: 0,0000492 seconds
2017-04-09T19:07:35.169+0200: 4,279: Total time for which application threads were stopped: 0,0000672 seconds, Stopping threads took: 0,0000175 seconds
2017-04-09T19:07:35.169+0200: 4,279: Total time for which application threads were stopped: 0,0001028 seconds, Stopping threads took: 0,0000389 seconds
2017-04-09T19:07:35.169+0200: 4,279: Total time for which application threads were stopped: 0,0000612 seconds, Stopping threads took: 0,0000177 seconds
2017-04-09T19:07:35.170+0200: 4,280: Total time for which application threads were stopped: 0,0000983 seconds, Stopping threads took: 0,0000410 seconds
2017-04-09T19:07:35.179+0200: 4,289: Total time for which application threads were stopped: 0,0000985 seconds, Stopping threads took: 0,0000256 seconds
2017-04-09T19:07:35.188+0200: 4,298: Total time for which application threads were stopped: 0,0001249 seconds, Stopping threads took: 0,0000220 seconds
2017-04-09T19:07:35.188+0200: 4,298: Total time for which application threads were stopped: 0,0000743 seconds, Stopping threads took: 0,0000174 seconds
2017-04-09T19:07:35.190+0200: 4,300: Total time for which application threads were stopped: 0,0001998 seconds, Stopping threads took: 0,0000288 seconds
2017-04-09T19:07:35.198+0200: 4,309: Total time for which application threads were stopped: 0,0019489 seconds, Stopping threads took: 0,0018509 seconds
2017-04-09T19:07:35.203+0200: 4,313: Total time for which application threads were stopped: 0,0001095 seconds, Stopping threads took: 0,0000262 seconds
2017-04-09T19:07:35.206+0200: 4,316: Total time for which application threads were stopped: 0,0000976 seconds, Stopping threads took: 0,0000383 seconds
2017-04-09T19:07:35.211+0200: 4,321: Total time for which application threads were stopped: 0,0001063 seconds, Stopping threads took: 0,0000178 seconds
2017-04-09T19:07:35.215+0200: 4,325: Total time for which application threads were stopped: 0,0001357 seconds, Stopping threads took: 0,0000364 seconds
2017-04-09T19:07:35.221+0200: 4,331: Total time for which application threads were stopped: 0,0001698 seconds, Stopping threads took: 0,0001071 seconds
2017-04-09T19:07:35.237+0200: 4,347: Total time for which application threads were stopped: 0,0001550 seconds, Stopping threads took: 0,0000738 seconds
2017-04-09T19:07:35.269+0200: 4,379: Total time for which application threads were stopped: 0,0004669 seconds, Stopping threads took: 0,0000558 seconds
2017-04-09T19:07:36.269+0200: 5,379: Total time for which application threads were stopped: 0,0000750 seconds, Stopping threads took: 0,0000169 seconds
2017-04-09T19:07:37.269+0200: 6,379: Total time for which application threads were stopped: 0,0000632 seconds, Stopping threads took: 0,0000179 seconds
2017-04-09T19:07:53.270+0200: 22,381: Total time for which application threads were stopped: 0,0000652 seconds, Stopping threads took: 0,0000151 seconds
2017-04-09T19:08:02.835+0200: 32,382: Total time for which application threads were stopped: 0,0000638 seconds, Stopping threads took: 0,0000152 seconds
{Heap before GC invocations=9 (full 1):
 par new generation   total 109248K, used 96712K [0x00000000e0000000, 0x00000000e8000000, 0x00000000e8000000)
  eden space 87424K, 100% used [0x00000000e0000000, 0x00000000e5560000, 0x00000000e5560000)
  from space 21824K,  42% used [0x00000000e6ab0000, 0x00000000e73c2120, 0x00000000e8000000)
  to   space 21824K,   0% used [0x00000000e5560000, 0x00000000e5560000, 0x00000000e6ab0000)
 concurrent mark-sweep generation total 393216K, used 5860K [0x00000000e8000000, 0x0000000100000000, 0x0000000100000000)
 Metaspace       used 27999K, capacity 28496K, committed 28792K, reserved 1075200K
  class space    used 3214K, capacity 3389K, committed 3476K, reserved 1048576K
2017-04-09T19:08:06.587+0200: 36,134: [GC (Allocation Failure) 2017-04-09T19:08:06.587+0200: 36,134: [ParNew
Desired survivor size 20112992 bytes, new threshold 8 (max 8)
- age   1:   11171928 bytes,   11171928 total
- age   2:     212600 bytes,   11384528 total
- age   3:     281944 bytes,   11666472 total
- age   4:        280 bytes,   11666752 total
- age   5:    1756632 bytes,   13423384 total
- age   6:      59736 bytes,   13483120 total
- age   7:      92776 bytes,   13575896 total
- age   8:     205624 bytes,   13781520 total
: 96712K->14566K(109248K), 0,0155858 secs] 102572K->21448K(502464K), 0,0156696 secs] [Times: user=0,04 sys=0,01, real=0,01 secs] 
Heap after GC invocations=10 (full 1):
 par new generation   total 109248K, used 14566K [0x00000000e0000000, 0x00000000e8000000, 0x00000000e8000000)
  eden space 87424K,   0% used [0x00000000e0000000, 0x00000000e0000000, 0x00000000e5560000)
  from space 21824K,  66% used [0x00000000e5560000, 0x00000000e6399b80, 0x00000000e6ab0000)
  to   space 21824K,   0% used [0x00000000e6ab0000, 0x00000000e6ab0000, 0x00000000e8000000)
 concurrent mark-sweep generation total 393216K, used 6881K [0x00000000e8000000, 0x0000000100000000, 0x0000000100000000)
 Metaspace       used 27999K, capacity 28496K, committed 28792K, reserved 1075200K
  class space    used 3214K, capacity 3389K, committed 3476K, reserved 1048576K
}
2017-04-09T19:08:06.602+0200: 36,149: Total time for which application threads were stopped: 0,0158294 seconds, Stopping threads took: 0,0000337 seconds
2017-04-09T19:08:06.604+0200: 36,151: Total time for which application threads were stopped: 0,0001204 seconds, Stopping threads took: 0,0000748 seconds
2017-04-09T19:08:06.604+0200: 36,151: Total time for which application threads were stopped: 0,0000332 seconds, Stopping threads took: 0,0000113 seconds
2017-04-09T19:08:52.611+0200: 82,158: Total time for which application threads were stopped: 0,0000876 seconds, Stopping threads took: 0,0000246 seconds
2017-04-09T19:09:27.616+0200: 117,163: Total time for which application threads were stopped: 0,0001997 seconds, Stopping threads took: 0,0000815 seconds
2017-04-09T19:09:32.617+0200: 122,164: Total time for which application threads were stopped: 0,0001369 seconds, Stopping threads took: 0,0000317 seconds
2017-04-09T19:12:07.637+0200: 277,184: Total time for which application threads were stopped: 0,0001298 seconds, Stopping threads took: 0,0000733 seconds
2017-04-09T19:31:01.751+0200: 1411,298: Total time for which application threads were stopped: 0,0001295 seconds, Stopping threads took: 0,0000539 seconds
2017-04-09T19:36:02.780+0200: 1712,327: Total time for which application threads were stopped: 0,0001343 seconds, Stopping threads took: 0,0000446 seconds
2017-04-09T19:46:26.840+0200: 2336,387: Total time for which application threads were stopped: 0,0001719 seconds, Stopping threads took: 0,0000621 seconds
2017-04-09T19:46:27.840+0200: 2337,387: Total time for which application threads were stopped: 0,0002096 seconds, Stopping threads took: 0,0000475 seconds
2017-04-09T19:48:56.854+0200: 2486,401: Total time for which application threads were stopped: 0,0000812 seconds, Stopping threads took: 0,0000290 seconds
2017-04-09T19:58:02.910+0200: 3032,457: Total time for which application threads were stopped: 0,0000819 seconds, Stopping threads took: 0,0000335 seconds
2017-04-09T20:05:02.952+0200: 3452,499: Total time for which application threads were stopped: 0,0000964 seconds, Stopping threads took: 0,0000305 seconds
2017-04-09T20:12:16.994+0200: 3886,541: Total time for which application threads were stopped: 0,0001351 seconds, Stopping threads took: 0,0000537 seconds
2017-04-09T20:12:26.995+0200: 3896,542: Total time for which application threads were stopped: 0,0000627 seconds, Stopping threads took: 0,0000140 seconds
2017-04-09T20:27:13.083+0200: 4782,630: Total time for which application threads were stopped: 0,0000936 seconds, Stopping threads took: 0,0000314 seconds
2017-04-09T20:29:48.097+0200: 4937,644: Total time for which application threads were stopped: 0,0000807 seconds, Stopping threads took: 0,0000333 seconds
2017-04-09T21:05:18.299+0200: 7067,846: Total time for which application threads were stopped: 0,0001684 seconds, Stopping threads took: 0,0000658 seconds
2017-04-09T21:09:32.324+0200: 7321,871: Total time for which application threads were stopped: 0,0001211 seconds, Stopping threads took: 0,0000618 seconds
2017-04-09T21:10:02.327+0200: 7351,874: Total time for which application threads were stopped: 0,0000781 seconds, Stopping threads took: 0,0000308 seconds
2017-04-09T21:15:32.361+0200: 7681,908: Total time for which application threads were stopped: 0,0006115 seconds, Stopping threads took: 0,0002159 seconds
2017-04-09T22:20:02.754+0200: 11552,301: Total time for which application threads were stopped: 0,0000774 seconds, Stopping threads took: 0,0000292 seconds
2017-04-09T23:23:32.114+0200: 15361,661: Total time for which application threads were stopped: 0,0004397 seconds, Stopping threads took: 0,0001281 seconds
2017-04-09T23:49:35.770+0200: 16925,317: Total time for which application threads were stopped: 0,0003342 seconds, Stopping threads took: 0,0002602 seconds
2017-04-09T23:49:35.786+0200: 16925,333: Total time for which application threads were stopped: 0,0141436 seconds, Stopping threads took: 0,0140540 seconds
2017-04-09T23:49:35.796+0200: 16925,342: Total time for which application threads were stopped: 0,0000944 seconds, Stopping threads took: 0,0000259 seconds
2017-04-09T23:49:35.796+0200: 16925,343: Total time for which application threads were stopped: 0,0000547 seconds, Stopping threads took: 0,0000153 seconds
2017-04-09T23:49:35.796+0200: 16925,343: Total time for which application threads were stopped: 0,0000657 seconds, Stopping threads took: 0,0000162 seconds
2017-04-09T23:49:35.796+0200: 16925,343: Total time for which application threads were stopped: 0,0000567 seconds, Stopping threads took: 0,0000151 seconds
2017-04-09T23:49:35.796+0200: 16925,343: Total time for which application threads were stopped: 0,0000578 seconds, Stopping threads took: 0,0000163 seconds
2017-04-09T23:49:35.796+0200: 16925,343: Total time for which application threads were stopped: 0,0000545 seconds, Stopping threads took: 0,0000138 seconds
2017-04-09T23:49:35.796+0200: 16925,343: Total time for which application threads were stopped: 0,0000575 seconds, Stopping threads took: 0,0000153 seconds
2017-04-09T23:49:35.797+0200: 16925,343: Total time for which application threads were stopped: 0,0000515 seconds, Stopping threads took: 0,0000137 seconds
2017-04-09T23:49:35.797+0200: 16925,344: Total time for which application threads were stopped: 0,0000549 seconds, Stopping threads took: 0,0000149 seconds
2017-04-09T23:49:35.797+0200: 16925,344: Total time for which application threads were stopped: 0,0000478 seconds, Stopping threads took: 0,0000121 seconds
2017-04-09T23:49:35.801+0200: 16925,347: Total time for which application threads were stopped: 0,0000950 seconds, Stopping threads took: 0,0000235 seconds
2017-04-09T23:49:35.801+0200: 16925,348: Total time for which application threads were stopped: 0,0000630 seconds, Stopping threads took: 0,0000179 seconds
2017-04-09T23:49:35.801+0200: 16925,348: Total time for which application threads were stopped: 0,0000588 seconds, Stopping threads took: 0,0000150 seconds
2017-04-09T23:49:35.801+0200: 16925,348: Total time for which application threads were stopped: 0,0000559 seconds, Stopping threads took: 0,0000182 seconds
2017-04-09T23:49:35.801+0200: 16925,348: Total time for which application threads were stopped: 0,0000505 seconds, Stopping threads took: 0,0000133 seconds
2017-04-09T23:49:35.802+0200: 16925,349: Total time for which application threads were stopped: 0,0000953 seconds, Stopping threads took: 0,0000198 seconds
2017-04-09T23:49:35.802+0200: 16925,349: Total time for which application threads were stopped: 0,0000633 seconds, Stopping threads took: 0,0000161 seconds
2017-04-09T23:49:35.807+0200: 16925,354: Total time for which application threads were stopped: 0,0002529 seconds, Stopping threads took: 0,0001718 seconds
2017-04-09T23:49:35.814+0200: 16925,361: Total time for which application threads were stopped: 0,0050720 seconds, Stopping threads took: 0,0049684 seconds
2017-04-09T23:49:35.817+0200: 16925,364: Total time for which application threads were stopped: 0,0002823 seconds, Stopping threads took: 0,0002019 seconds
2017-04-09T23:49:35.822+0200: 16925,369: Total time for which application threads were stopped: 0,0004294 seconds, Stopping threads took: 0,0003603 seconds
2017-04-09T23:49:35.822+0200: 16925,369: Total time for which application threads were stopped: 0,0000920 seconds, Stopping threads took: 0,0000261 seconds
2017-04-09T23:49:35.825+0200: 16925,372: Total time for which application threads were stopped: 0,0001200 seconds, Stopping threads took: 0,0000185 seconds
2017-04-09T23:49:35.826+0200: 16925,373: Total time for which application threads were stopped: 0,0002338 seconds, Stopping threads took: 0,0000184 seconds
2017-04-09T23:49:35.826+0200: 16925,373: Total time for which application threads were stopped: 0,0000627 seconds, Stopping threads took: 0,0000228 seconds
2017-04-09T23:49:35.826+0200: 16925,373: Total time for which application threads were stopped: 0,0000386 seconds, Stopping threads took: 0,0000164 seconds
2017-04-09T23:49:35.826+0200: 16925,373: Total time for which application threads were stopped: 0,0000348 seconds, Stopping threads took: 0,0000148 seconds
2017-04-09T23:49:35.826+0200: 16925,373: Total time for which application threads were stopped: 0,0000413 seconds, Stopping threads took: 0,0000172 seconds
2017-04-09T23:49:35.826+0200: 16925,373: Total time for which application threads were stopped: 0,0000245 seconds, Stopping threads took: 0,0000057 seconds
2017-04-09T23:49:35.827+0200: 16925,374: Total time for which application threads were stopped: 0,0000927 seconds, Stopping threads took: 0,0000364 seconds
2017-04-09T23:49:35.828+0200: 16925,375: Total time for which application threads were stopped: 0,0000565 seconds, Stopping threads took: 0,0000230 seconds
2017-04-09T23:49:35.830+0200: 16925,377: Total time for which application threads were stopped: 0,0001298 seconds, Stopping threads took: 0,0000699 seconds
2017-04-09T23:49:35.830+0200: 16925,377: Total time for which application threads were stopped: 0,0000424 seconds, Stopping threads took: 0,0000140 seconds
2017-04-09T23:49:35.834+0200: 16925,381: Total time for which application threads were stopped: 0,0031613 seconds, Stopping threads took: 0,0031043 seconds
2017-04-09T23:49:35.835+0200: 16925,382: Total time for which application threads were stopped: 0,0001040 seconds, Stopping threads took: 0,0000401 seconds
2017-04-09T23:49:35.835+0200: 16925,382: Total time for which application threads were stopped: 0,0000469 seconds, Stopping threads took: 0,0000151 seconds
2017-04-09T23:49:35.838+0200: 16925,385: Total time for which application threads were stopped: 0,0032117 seconds, Stopping threads took: 0,0031432 seconds
2017-04-09T23:49:35.839+0200: 16925,386: Total time for which application threads were stopped: 0,0000580 seconds, Stopping threads took: 0,0000287 seconds
2017-04-09T23:49:35.839+0200: 16925,386: Total time for which application threads were stopped: 0,0000369 seconds, Stopping threads took: 0,0000123 seconds
2017-04-09T23:49:35.839+0200: 16925,386: Total time for which application threads were stopped: 0,0000540 seconds, Stopping threads took: 0,0000206 seconds
2017-04-09T23:49:35.839+0200: 16925,386: Total time for which application threads were stopped: 0,0000476 seconds, Stopping threads took: 0,0000169 seconds
2017-04-09T23:49:35.840+0200: 16925,386: Total time for which application threads were stopped: 0,0000324 seconds, Stopping threads took: 0,0000117 seconds
2017-04-09T23:49:35.840+0200: 16925,387: Total time for which application threads were stopped: 0,0000381 seconds, Stopping threads took: 0,0000152 seconds
2017-04-09T23:49:35.840+0200: 16925,387: Total time for which application threads were stopped: 0,0000360 seconds, Stopping threads took: 0,0000154 seconds
2017-04-09T23:49:35.840+0200: 16925,387: Total time for which application threads were stopped: 0,0000318 seconds, Stopping threads took: 0,0000108 seconds
2017-04-09T23:49:35.840+0200: 16925,387: Total time for which application threads were stopped: 0,0000404 seconds, Stopping threads took: 0,0000147 seconds
2017-04-09T23:49:35.840+0200: 16925,387: Total time for which application threads were stopped: 0,0000383 seconds, Stopping threads took: 0,0000143 seconds
2017-04-09T23:49:35.840+0200: 16925,387: Total time for which application threads were stopped: 0,0000249 seconds, Stopping threads took: 0,0000056 seconds
2017-04-09T23:49:35.840+0200: 16925,387: Total time for which application threads were stopped: 0,0000384 seconds, Stopping threads took: 0,0000119 seconds
2017-04-09T23:49:35.840+0200: 16925,387: Total time for which application threads were stopped: 0,0001203 seconds, Stopping threads took: 0,0000127 seconds
2017-04-09T23:49:35.841+0200: 16925,388: Total time for which application threads were stopped: 0,0004630 seconds, Stopping threads took: 0,0004033 seconds
2017-04-09T23:49:35.842+0200: 16925,389: Total time for which application threads were stopped: 0,0001583 seconds, Stopping threads took: 0,0000373 seconds
2017-04-09T23:49:35.846+0200: 16925,393: Total time for which application threads were stopped: 0,0001047 seconds, Stopping threads took: 0,0000303 seconds
2017-04-09T23:49:35.846+0200: 16925,393: Total time for which application threads were stopped: 0,0000905 seconds, Stopping threads took: 0,0000202 seconds
Heap
 par new generation   total 109248K, used 37434K [0x00000000e0000000, 0x00000000e8000000, 0x00000000e8000000)
  eden space 87424K,  26% used [0x00000000e0000000, 0x00000000e1654ed0, 0x00000000e5560000)
  from space 21824K,  66% used [0x00000000e5560000, 0x00000000e6399b80, 0x00000000e6ab0000)
  to   space 21824K,   0% used [0x00000000e6ab0000, 0x00000000e6ab0000, 0x00000000e8000000)
 concurrent mark-sweep generation total 393216K, used 6881K [0x00000000e8000000, 0x0000000100000000, 0x0000000100000000)
 Metaspace       used 28174K, capacity 28792K, committed 29048K, reserved 1075200K
  class space    used 3228K, capacity 3423K, committed 3476K, reserved 1048576K
