OpenJDK 64-Bit Server VM (25.131-b11) for linux-amd64 JRE (1.8.0_131-8u131-b11-0ubuntu1.16.04.2-b11), built on May  6 2017 02:45:27 by "buildd" with gcc 5.4.0 20160609
Memory: 4k page, physical 7867764k(7461236k free), swap 8076284k(8076284k free)
CommandLine flags: -XX:CMSInitiatingOccupancyFraction=50 -XX:CMSMaxAbortablePrecleanTime=6000 -XX:+CMSParallelRemarkEnabled -XX:+CMSScavengeBeforeRemark -XX:ConcGCThreads=4 -XX:InitialHeapSize=536870912 -XX:MaxHeapSize=536870912 -XX:MaxTenuringThreshold=8 -XX:NewRatio=3 -XX:OldPLABSize=16 -XX:OnOutOfMemoryError=/opt/solr/bin/oom_solr.sh 8983 /var/solr/logs -XX:ParallelGCThreads=4 -XX:+ParallelRefProcEnabled -XX:PretenureSizeThreshold=67108864 -XX:+PrintGC -XX:+PrintGCApplicationStoppedTime -XX:+PrintGCDateStamps -XX:+PrintGCDetails -XX:+PrintGCTimeStamps -XX:+PrintHeapAtGC -XX:+PrintTenuringDistribution -XX:SurvivorRatio=4 -XX:TargetSurvivorRatio=90 -XX:ThreadStackSize=256 -XX:+UseCMSInitiatingOccupancyOnly -XX:+UseCompressedClassPointers -XX:+UseCompressedOops -XX:+UseConcMarkSweepGC -XX:+UseParNewGC 
2017-05-17T22:55:37.757+0200: 0,133: Total time for which application threads were stopped: 0,0000689 seconds, Stopping threads took: 0,0000128 seconds
2017-05-17T22:55:37.855+0200: 0,231: Total time for which application threads were stopped: 0,0001100 seconds, Stopping threads took: 0,0000154 seconds
2017-05-17T22:55:37.869+0200: 0,245: Total time for which application threads were stopped: 0,0000867 seconds, Stopping threads took: 0,0000174 seconds
2017-05-17T22:55:38.132+0200: 0,508: Total time for which application threads were stopped: 0,0002467 seconds, Stopping threads took: 0,0001133 seconds
2017-05-17T22:55:38.562+0200: 0,938: Total time for which application threads were stopped: 0,0001692 seconds, Stopping threads took: 0,0000173 seconds
2017-05-17T22:55:38.756+0200: 1,132: Total time for which application threads were stopped: 0,0001830 seconds, Stopping threads took: 0,0000157 seconds
2017-05-17T22:55:38.779+0200: 1,154: Total time for which application threads were stopped: 0,0002046 seconds, Stopping threads took: 0,0000379 seconds
2017-05-17T22:55:39.106+0200: 1,482: Total time for which application threads were stopped: 0,0002002 seconds, Stopping threads took: 0,0000352 seconds
2017-05-17T22:55:39.355+0200: 1,731: Total time for which application threads were stopped: 0,0002262 seconds, Stopping threads took: 0,0000304 seconds
2017-05-17T22:55:39.379+0200: 1,755: Total time for which application threads were stopped: 0,0001803 seconds, Stopping threads took: 0,0000172 seconds
2017-05-17T22:55:39.413+0200: 1,789: Total time for which application threads were stopped: 0,0001965 seconds, Stopping threads took: 0,0000290 seconds
2017-05-17T22:55:39.414+0200: 1,790: Total time for which application threads were stopped: 0,0002078 seconds, Stopping threads took: 0,0000204 seconds
2017-05-17T22:55:39.431+0200: 1,806: Total time for which application threads were stopped: 0,0002521 seconds, Stopping threads took: 0,0000258 seconds
2017-05-17T22:55:39.531+0200: 1,907: Total time for which application threads were stopped: 0,0002378 seconds, Stopping threads took: 0,0000276 seconds
2017-05-17T22:55:39.695+0200: 2,070: Total time for which application threads were stopped: 0,0002941 seconds, Stopping threads took: 0,0000755 seconds
{Heap before GC invocations=0 (full 0):
 par new generation   total 109248K, used 87424K [0x00000000e0000000, 0x00000000e8000000, 0x00000000e8000000)
  eden space 87424K, 100% used [0x00000000e0000000, 0x00000000e5560000, 0x00000000e5560000)
  from space 21824K,   0% used [0x00000000e5560000, 0x00000000e5560000, 0x00000000e6ab0000)
  to   space 21824K,   0% used [0x00000000e6ab0000, 0x00000000e6ab0000, 0x00000000e8000000)
 concurrent mark-sweep generation total 393216K, used 0K [0x00000000e8000000, 0x0000000100000000, 0x0000000100000000)
 Metaspace       used 18035K, capacity 18400K, committed 18688K, reserved 1064960K
  class space    used 2035K, capacity 2196K, committed 2304K, reserved 1048576K
2017-05-17T22:55:39.789+0200: 2,164: [GC (Allocation Failure) 2017-05-17T22:55:39.789+0200: 2,164: [ParNew
Desired survivor size 20112992 bytes, new threshold 8 (max 8)
- age   1:   12578640 bytes,   12578640 total
: 87424K->12401K(109248K), 0,0155720 secs] 87424K->12401K(502464K), 0,0156637 secs] [Times: user=0,04 sys=0,01, real=0,02 secs] 
Heap after GC invocations=1 (full 0):
 par new generation   total 109248K, used 12401K [0x00000000e0000000, 0x00000000e8000000, 0x00000000e8000000)
  eden space 87424K,   0% used [0x00000000e0000000, 0x00000000e0000000, 0x00000000e5560000)
  from space 21824K,  56% used [0x00000000e6ab0000, 0x00000000e76cc4e8, 0x00000000e8000000)
  to   space 21824K,   0% used [0x00000000e5560000, 0x00000000e5560000, 0x00000000e6ab0000)
 concurrent mark-sweep generation total 393216K, used 0K [0x00000000e8000000, 0x0000000100000000, 0x0000000100000000)
 Metaspace       used 18035K, capacity 18400K, committed 18688K, reserved 1064960K
  class space    used 2035K, capacity 2196K, committed 2304K, reserved 1048576K
}
2017-05-17T22:55:39.804+0200: 2,180: Total time for which application threads were stopped: 0,0159275 seconds, Stopping threads took: 0,0000668 seconds
2017-05-17T22:55:40.109+0200: 2,484: Total time for which application threads were stopped: 0,0004795 seconds, Stopping threads took: 0,0001995 seconds
{Heap before GC invocations=1 (full 0):
 par new generation   total 109248K, used 99825K [0x00000000e0000000, 0x00000000e8000000, 0x00000000e8000000)
  eden space 87424K, 100% used [0x00000000e0000000, 0x00000000e5560000, 0x00000000e5560000)
  from space 21824K,  56% used [0x00000000e6ab0000, 0x00000000e76cc4e8, 0x00000000e8000000)
  to   space 21824K,   0% used [0x00000000e5560000, 0x00000000e5560000, 0x00000000e6ab0000)
 concurrent mark-sweep generation total 393216K, used 0K [0x00000000e8000000, 0x0000000100000000, 0x0000000100000000)
 Metaspace       used 20051K, capacity 20360K, committed 20736K, reserved 1067008K
  class space    used 2293K, capacity 2468K, committed 2560K, reserved 1048576K
2017-05-17T22:55:40.166+0200: 2,541: [GC (Allocation Failure) 2017-05-17T22:55:40.166+0200: 2,541: [ParNew
Desired survivor size 20112992 bytes, new threshold 8 (max 8)
- age   1:    3689872 bytes,    3689872 total
- age   2:    6649544 bytes,   10339416 total
: 99825K->13710K(109248K), 0,0162315 secs] 99825K->13710K(502464K), 0,0163039 secs] [Times: user=0,04 sys=0,01, real=0,02 secs] 
Heap after GC invocations=2 (full 0):
 par new generation   total 109248K, used 13710K [0x00000000e0000000, 0x00000000e8000000, 0x00000000e8000000)
  eden space 87424K,   0% used [0x00000000e0000000, 0x00000000e0000000, 0x00000000e5560000)
  from space 21824K,  62% used [0x00000000e5560000, 0x00000000e62c3a28, 0x00000000e6ab0000)
  to   space 21824K,   0% used [0x00000000e6ab0000, 0x00000000e6ab0000, 0x00000000e8000000)
 concurrent mark-sweep generation total 393216K, used 0K [0x00000000e8000000, 0x0000000100000000, 0x0000000100000000)
 Metaspace       used 20051K, capacity 20360K, committed 20736K, reserved 1067008K
  class space    used 2293K, capacity 2468K, committed 2560K, reserved 1048576K
}
2017-05-17T22:55:40.182+0200: 2,558: Total time for which application threads were stopped: 0,0165074 seconds, Stopping threads took: 0,0000474 seconds
2017-05-17T22:55:40.191+0200: 2,567: Total time for which application threads were stopped: 0,0003267 seconds, Stopping threads took: 0,0000238 seconds
2017-05-17T22:55:40.234+0200: 2,610: Total time for which application threads were stopped: 0,0037299 seconds, Stopping threads took: 0,0034447 seconds
2017-05-17T22:55:40.333+0200: 2,708: Total time for which application threads were stopped: 0,0002206 seconds, Stopping threads took: 0,0001016 seconds
{Heap before GC invocations=2 (full 0):
 par new generation   total 109248K, used 101134K [0x00000000e0000000, 0x00000000e8000000, 0x00000000e8000000)
  eden space 87424K, 100% used [0x00000000e0000000, 0x00000000e5560000, 0x00000000e5560000)
  from space 21824K,  62% used [0x00000000e5560000, 0x00000000e62c3a28, 0x00000000e6ab0000)
  to   space 21824K,   0% used [0x00000000e6ab0000, 0x00000000e6ab0000, 0x00000000e8000000)
 concurrent mark-sweep generation total 393216K, used 0K [0x00000000e8000000, 0x0000000100000000, 0x0000000100000000)
 Metaspace       used 20990K, capacity 21346K, committed 21628K, reserved 1069056K
  class space    used 2416K, capacity 2587K, committed 2684K, reserved 1048576K
2017-05-17T22:55:40.382+0200: 2,757: [GC (Allocation Failure) 2017-05-17T22:55:40.382+0200: 2,757: [ParNew
Desired survivor size 20112992 bytes, new threshold 8 (max 8)
- age   1:    2127728 bytes,    2127728 total
- age   2:     878384 bytes,    3006112 total
- age   3:    6645872 bytes,    9651984 total
: 101134K->11490K(109248K), 0,0093845 secs] 101134K->11490K(502464K), 0,0094636 secs] [Times: user=0,03 sys=0,00, real=0,01 secs] 
Heap after GC invocations=3 (full 0):
 par new generation   total 109248K, used 11490K [0x00000000e0000000, 0x00000000e8000000, 0x00000000e8000000)
  eden space 87424K,   0% used [0x00000000e0000000, 0x00000000e0000000, 0x00000000e5560000)
  from space 21824K,  52% used [0x00000000e6ab0000, 0x00000000e75e8840, 0x00000000e8000000)
  to   space 21824K,   0% used [0x00000000e5560000, 0x00000000e5560000, 0x00000000e6ab0000)
 concurrent mark-sweep generation total 393216K, used 0K [0x00000000e8000000, 0x0000000100000000, 0x0000000100000000)
 Metaspace       used 20990K, capacity 21346K, committed 21628K, reserved 1069056K
  class space    used 2416K, capacity 2587K, committed 2684K, reserved 1048576K
}
2017-05-17T22:55:40.391+0200: 2,767: Total time for which application threads were stopped: 0,0096560 seconds, Stopping threads took: 0,0000494 seconds
2017-05-17T22:55:40.392+0200: 2,767: [GC (CMS Initial Mark) [1 CMS-initial-mark: 0K(393216K)] 12260K(502464K), 0,0036568 secs] [Times: user=0,01 sys=0,00, real=0,01 secs] 
2017-05-17T22:55:40.395+0200: 2,771: Total time for which application threads were stopped: 0,0037999 seconds, Stopping threads took: 0,0000383 seconds
2017-05-17T22:55:40.395+0200: 2,771: [CMS-concurrent-mark-start]
2017-05-17T22:55:40.396+0200: 2,772: [CMS-concurrent-mark: 0,000/0,000 secs] [Times: user=0,00 sys=0,00, real=0,00 secs] 
2017-05-17T22:55:40.396+0200: 2,772: [CMS-concurrent-preclean-start]
2017-05-17T22:55:40.397+0200: 2,773: [CMS-concurrent-preclean: 0,001/0,001 secs] [Times: user=0,01 sys=0,00, real=0,00 secs] 
2017-05-17T22:55:40.397+0200: 2,773: [CMS-concurrent-abortable-preclean-start]
2017-05-17T22:55:40.459+0200: 2,835: Total time for which application threads were stopped: 0,0002140 seconds, Stopping threads took: 0,0001194 seconds
{Heap before GC invocations=3 (full 1):
 par new generation   total 109248K, used 98914K [0x00000000e0000000, 0x00000000e8000000, 0x00000000e8000000)
  eden space 87424K, 100% used [0x00000000e0000000, 0x00000000e5560000, 0x00000000e5560000)
  from space 21824K,  52% used [0x00000000e6ab0000, 0x00000000e75e8840, 0x00000000e8000000)
  to   space 21824K,   0% used [0x00000000e5560000, 0x00000000e5560000, 0x00000000e6ab0000)
 concurrent mark-sweep generation total 393216K, used 0K [0x00000000e8000000, 0x0000000100000000, 0x0000000100000000)
 Metaspace       used 21278K, capacity 21638K, committed 21884K, reserved 1069056K
  class space    used 2446K, capacity 2605K, committed 2684K, reserved 1048576K
2017-05-17T22:55:40.510+0200: 2,886: [GC (Allocation Failure) 2017-05-17T22:55:40.510+0200: 2,886: [ParNew
Desired survivor size 20112992 bytes, new threshold 8 (max 8)
- age   1:    1462320 bytes,    1462320 total
- age   2:    1441104 bytes,    2903424 total
- age   3:     843104 bytes,    3746528 total
- age   4:    6646000 bytes,   10392528 total
: 98914K->12758K(109248K), 0,0100053 secs] 98914K->12758K(502464K), 0,0100750 secs] [Times: user=0,03 sys=0,00, real=0,01 secs] 
Heap after GC invocations=4 (full 1):
 par new generation   total 109248K, used 12758K [0x00000000e0000000, 0x00000000e8000000, 0x00000000e8000000)
  eden space 87424K,   0% used [0x00000000e0000000, 0x00000000e0000000, 0x00000000e5560000)
  from space 21824K,  58% used [0x00000000e5560000, 0x00000000e61d5990, 0x00000000e6ab0000)
  to   space 21824K,   0% used [0x00000000e6ab0000, 0x00000000e6ab0000, 0x00000000e8000000)
 concurrent mark-sweep generation total 393216K, used 0K [0x00000000e8000000, 0x0000000100000000, 0x0000000100000000)
 Metaspace       used 21278K, capacity 21638K, committed 21884K, reserved 1069056K
  class space    used 2446K, capacity 2605K, committed 2684K, reserved 1048576K
}
2017-05-17T22:55:40.520+0200: 2,896: Total time for which application threads were stopped: 0,0103215 seconds, Stopping threads took: 0,0000659 seconds
2017-05-17T22:55:40.520+0200: 2,896: [CMS-concurrent-abortable-preclean: 0,063/0,123 secs] [Times: user=0,45 sys=0,00, real=0,12 secs] 
2017-05-17T22:55:40.521+0200: 2,896: [GC (CMS Final Remark) [YG occupancy: 13434 K (109248 K)]{Heap before GC invocations=4 (full 1):
 par new generation   total 109248K, used 13434K [0x00000000e0000000, 0x00000000e8000000, 0x00000000e8000000)
  eden space 87424K,   0% used [0x00000000e0000000, 0x00000000e00a91b8, 0x00000000e5560000)
  from space 21824K,  58% used [0x00000000e5560000, 0x00000000e61d5990, 0x00000000e6ab0000)
  to   space 21824K,   0% used [0x00000000e6ab0000, 0x00000000e6ab0000, 0x00000000e8000000)
 concurrent mark-sweep generation total 393216K, used 0K [0x00000000e8000000, 0x0000000100000000, 0x0000000100000000)
 Metaspace       used 21278K, capacity 21638K, committed 21884K, reserved 1069056K
  class space    used 2446K, capacity 2605K, committed 2684K, reserved 1048576K
2017-05-17T22:55:40.521+0200: 2,896: [GC (CMS Final Remark) 2017-05-17T22:55:40.521+0200: 2,896: [ParNew
Desired survivor size 20112992 bytes, new threshold 8 (max 8)
- age   1:      32808 bytes,      32808 total
- age   2:    1380320 bytes,    1413128 total
- age   3:    1441104 bytes,    2854232 total
- age   4:     843104 bytes,    3697336 total
- age   5:    6646088 bytes,   10343424 total
: 13434K->14607K(109248K), 0,0099924 secs] 13434K->14607K(502464K), 0,0100286 secs] [Times: user=0,04 sys=0,00, real=0,01 secs] 
Heap after GC invocations=5 (full 1):
 par new generation   total 109248K, used 14607K [0x00000000e0000000, 0x00000000e8000000, 0x00000000e8000000)
  eden space 87424K,   0% used [0x00000000e0000000, 0x00000000e0000000, 0x00000000e5560000)
  from space 21824K,  66% used [0x00000000e6ab0000, 0x00000000e78f3c30, 0x00000000e8000000)
  to   space 21824K,   0% used [0x00000000e5560000, 0x00000000e5560000, 0x00000000e6ab0000)
 concurrent mark-sweep generation total 393216K, used 0K [0x00000000e8000000, 0x0000000100000000, 0x0000000100000000)
 Metaspace       used 21278K, capacity 21638K, committed 21884K, reserved 1069056K
  class space    used 2446K, capacity 2605K, committed 2684K, reserved 1048576K
}
2017-05-17T22:55:40.531+0200: 2,906: [Rescan (parallel) , 0,0033604 secs]2017-05-17T22:55:40.534+0200: 2,910: [weak refs processing, 0,0007292 secs]2017-05-17T22:55:40.535+0200: 2,910: [class unloading, 0,0028498 secs]2017-05-17T22:55:40.538+0200: 2,913: [scrub symbol table, 0,0025209 secs]2017-05-17T22:55:40.540+0200: 2,916: [scrub string table, 0,0003652 secs][1 CMS-remark: 0K(393216K)] 14607K(502464K), 0,0205000 secs] [Times: user=0,06 sys=0,00, real=0,02 secs] 
2017-05-17T22:55:40.541+0200: 2,917: Total time for which application threads were stopped: 0,0206033 seconds, Stopping threads took: 0,0000222 seconds
2017-05-17T22:55:40.541+0200: 2,917: [CMS-concurrent-sweep-start]
2017-05-17T22:55:40.541+0200: 2,917: [CMS-concurrent-sweep: 0,000/0,000 secs] [Times: user=0,00 sys=0,00, real=0,00 secs] 
2017-05-17T22:55:40.541+0200: 2,917: [CMS-concurrent-reset-start]
2017-05-17T22:55:40.543+0200: 2,919: [CMS-concurrent-reset: 0,002/0,002 secs] [Times: user=0,00 sys=0,01, real=0,01 secs] 
{Heap before GC invocations=5 (full 1):
 par new generation   total 109248K, used 102031K [0x00000000e0000000, 0x00000000e8000000, 0x00000000e8000000)
  eden space 87424K, 100% used [0x00000000e0000000, 0x00000000e5560000, 0x00000000e5560000)
  from space 21824K,  66% used [0x00000000e6ab0000, 0x00000000e78f3c30, 0x00000000e8000000)
  to   space 21824K,   0% used [0x00000000e5560000, 0x00000000e5560000, 0x00000000e6ab0000)
 concurrent mark-sweep generation total 393216K, used 0K [0x00000000e8000000, 0x0000000100000000, 0x0000000100000000)
 Metaspace       used 21410K, capacity 21816K, committed 21884K, reserved 1069056K
  class space    used 2467K, capacity 2640K, committed 2684K, reserved 1048576K
2017-05-17T22:55:40.618+0200: 2,994: [GC (Allocation Failure) 2017-05-17T22:55:40.618+0200: 2,994: [ParNew
Desired survivor size 20112992 bytes, new threshold 8 (max 8)
- age   1:     940944 bytes,     940944 total
- age   3:     191256 bytes,    1132200 total
- age   4:    1440856 bytes,    2573056 total
- age   5:     842992 bytes,    3416048 total
- age   6:    6646112 bytes,   10062160 total
: 102031K->12444K(109248K), 0,0105393 secs] 102031K->12444K(502464K), 0,0106190 secs] [Times: user=0,04 sys=0,00, real=0,01 secs] 
Heap after GC invocations=6 (full 1):
 par new generation   total 109248K, used 12444K [0x00000000e0000000, 0x00000000e8000000, 0x00000000e8000000)
  eden space 87424K,   0% used [0x00000000e0000000, 0x00000000e0000000, 0x00000000e5560000)
  from space 21824K,  57% used [0x00000000e5560000, 0x00000000e6187280, 0x00000000e6ab0000)
  to   space 21824K,   0% used [0x00000000e6ab0000, 0x00000000e6ab0000, 0x00000000e8000000)
 concurrent mark-sweep generation total 393216K, used 0K [0x00000000e8000000, 0x0000000100000000, 0x0000000100000000)
 Metaspace       used 21410K, capacity 21816K, committed 21884K, reserved 1069056K
  class space    used 2467K, capacity 2640K, committed 2684K, reserved 1048576K
}
2017-05-17T22:55:40.629+0200: 3,004: Total time for which application threads were stopped: 0,0108488 seconds, Stopping threads took: 0,0000688 seconds
2017-05-17T22:55:40.657+0200: 3,033: Total time for which application threads were stopped: 0,0003596 seconds, Stopping threads took: 0,0000188 seconds
2017-05-17T22:55:40.877+0200: 3,253: Total time for which application threads were stopped: 0,0004865 seconds, Stopping threads took: 0,0000261 seconds
2017-05-17T22:55:40.896+0200: 3,272: Total time for which application threads were stopped: 0,0004341 seconds, Stopping threads took: 0,0000625 seconds
{Heap before GC invocations=6 (full 1):
 par new generation   total 109248K, used 99868K [0x00000000e0000000, 0x00000000e8000000, 0x00000000e8000000)
  eden space 87424K, 100% used [0x00000000e0000000, 0x00000000e5560000, 0x00000000e5560000)
  from space 21824K,  57% used [0x00000000e5560000, 0x00000000e6187280, 0x00000000e6ab0000)
  to   space 21824K,   0% used [0x00000000e6ab0000, 0x00000000e6ab0000, 0x00000000e8000000)
 concurrent mark-sweep generation total 393216K, used 0K [0x00000000e8000000, 0x0000000100000000, 0x0000000100000000)
 Metaspace       used 23912K, capacity 24358K, committed 24572K, reserved 1071104K
  class space    used 2814K, capacity 3017K, committed 3068K, reserved 1048576K
2017-05-17T22:55:41.057+0200: 3,432: [GC (Allocation Failure) 2017-05-17T22:55:41.057+0200: 3,432: [ParNew
Desired survivor size 20112992 bytes, new threshold 8 (max 8)
- age   1:    5260680 bytes,    5260680 total
- age   2:     115032 bytes,    5375712 total
- age   4:     189864 bytes,    5565576 total
- age   5:     271008 bytes,    5836584 total
- age   6:     818640 bytes,    6655224 total
- age   7:    6637744 bytes,   13292968 total
: 99868K->17850K(109248K), 0,0185818 secs] 99868K->17850K(502464K), 0,0186501 secs] [Times: user=0,05 sys=0,01, real=0,02 secs] 
Heap after GC invocations=7 (full 1):
 par new generation   total 109248K, used 17850K [0x00000000e0000000, 0x00000000e8000000, 0x00000000e8000000)
  eden space 87424K,   0% used [0x00000000e0000000, 0x00000000e0000000, 0x00000000e5560000)
  from space 21824K,  81% used [0x00000000e6ab0000, 0x00000000e7c1e980, 0x00000000e8000000)
  to   space 21824K,   0% used [0x00000000e5560000, 0x00000000e5560000, 0x00000000e6ab0000)
 concurrent mark-sweep generation total 393216K, used 0K [0x00000000e8000000, 0x0000000100000000, 0x0000000100000000)
 Metaspace       used 23912K, capacity 24358K, committed 24572K, reserved 1071104K
  class space    used 2814K, capacity 3017K, committed 3068K, reserved 1048576K
}
2017-05-17T22:55:41.075+0200: 3,451: Total time for which application threads were stopped: 0,0189109 seconds, Stopping threads took: 0,0000657 seconds
{Heap before GC invocations=7 (full 1):
 par new generation   total 109248K, used 105274K [0x00000000e0000000, 0x00000000e8000000, 0x00000000e8000000)
  eden space 87424K, 100% used [0x00000000e0000000, 0x00000000e5560000, 0x00000000e5560000)
  from space 21824K,  81% used [0x00000000e6ab0000, 0x00000000e7c1e980, 0x00000000e8000000)
  to   space 21824K,   0% used [0x00000000e5560000, 0x00000000e5560000, 0x00000000e6ab0000)
 concurrent mark-sweep generation total 393216K, used 0K [0x00000000e8000000, 0x0000000100000000, 0x0000000100000000)
 Metaspace       used 24574K, capacity 25052K, committed 25084K, reserved 1071104K
  class space    used 2873K, capacity 3053K, committed 3068K, reserved 1048576K
2017-05-17T22:55:41.190+0200: 3,566: [GC (Allocation Failure) 2017-05-17T22:55:41.190+0200: 3,566: [ParNew
Desired survivor size 20112992 bytes, new threshold 8 (max 8)
- age   1:    1927544 bytes,    1927544 total
- age   2:    1791640 bytes,    3719184 total
- age   3:      61632 bytes,    3780816 total
- age   5:     107024 bytes,    3887840 total
- age   6:     180192 bytes,    4068032 total
- age   7:     767536 bytes,    4835568 total
- age   8:    6104568 bytes,   10940136 total
: 105274K->15973K(109248K), 0,0119090 secs] 105274K->15973K(502464K), 0,0119904 secs] [Times: user=0,04 sys=0,00, real=0,02 secs] 
Heap after GC invocations=8 (full 1):
 par new generation   total 109248K, used 15973K [0x00000000e0000000, 0x00000000e8000000, 0x00000000e8000000)
  eden space 87424K,   0% used [0x00000000e0000000, 0x00000000e0000000, 0x00000000e5560000)
  from space 21824K,  73% used [0x00000000e5560000, 0x00000000e64f95d0, 0x00000000e6ab0000)
  to   space 21824K,   0% used [0x00000000e6ab0000, 0x00000000e6ab0000, 0x00000000e8000000)
 concurrent mark-sweep generation total 393216K, used 0K [0x00000000e8000000, 0x0000000100000000, 0x0000000100000000)
 Metaspace       used 24574K, capacity 25052K, committed 25084K, reserved 1071104K
  class space    used 2873K, capacity 3053K, committed 3068K, reserved 1048576K
}
2017-05-17T22:55:41.202+0200: 3,578: Total time for which application threads were stopped: 0,0122147 seconds, Stopping threads took: 0,0000627 seconds
{Heap before GC invocations=8 (full 1):
 par new generation   total 109248K, used 103397K [0x00000000e0000000, 0x00000000e8000000, 0x00000000e8000000)
  eden space 87424K, 100% used [0x00000000e0000000, 0x00000000e5560000, 0x00000000e5560000)
  from space 21824K,  73% used [0x00000000e5560000, 0x00000000e64f95d0, 0x00000000e6ab0000)
  to   space 21824K,   0% used [0x00000000e6ab0000, 0x00000000e6ab0000, 0x00000000e8000000)
 concurrent mark-sweep generation total 393216K, used 0K [0x00000000e8000000, 0x0000000100000000, 0x0000000100000000)
 Metaspace       used 24989K, capacity 25478K, committed 25724K, reserved 1071104K
  class space    used 2909K, capacity 3087K, committed 3196K, reserved 1048576K
2017-05-17T22:55:41.281+0200: 3,657: [GC (Allocation Failure) 2017-05-17T22:55:41.281+0200: 3,657: [ParNew
Desired survivor size 20112992 bytes, new threshold 8 (max 8)
- age   1:    1219520 bytes,    1219520 total
- age   2:    1039592 bytes,    2259112 total
- age   3:    1768704 bytes,    4027816 total
- age   4:      61632 bytes,    4089448 total
- age   6:     104512 bytes,    4193960 total
- age   7:     179696 bytes,    4373656 total
- age   8:     766736 bytes,    5140392 total
: 103397K->8671K(109248K), 0,0559062 secs] 103397K->14715K(502464K), 0,0559631 secs] [Times: user=0,09 sys=0,00, real=0,06 secs] 
Heap after GC invocations=9 (full 1):
 par new generation   total 109248K, used 8671K [0x00000000e0000000, 0x00000000e8000000, 0x00000000e8000000)
  eden space 87424K,   0% used [0x00000000e0000000, 0x00000000e0000000, 0x00000000e5560000)
  from space 21824K,  39% used [0x00000000e6ab0000, 0x00000000e7327f20, 0x00000000e8000000)
  to   space 21824K,   0% used [0x00000000e5560000, 0x00000000e5560000, 0x00000000e6ab0000)
 concurrent mark-sweep generation total 393216K, used 6043K [0x00000000e8000000, 0x0000000100000000, 0x0000000100000000)
 Metaspace       used 24989K, capacity 25478K, committed 25724K, reserved 1071104K
  class space    used 2909K, capacity 3087K, committed 3196K, reserved 1048576K
}
2017-05-17T22:55:41.337+0200: 3,713: Total time for which application threads were stopped: 0,0575071 seconds, Stopping threads took: 0,0013863 seconds
2017-05-17T22:55:41.518+0200: 3,894: Total time for which application threads were stopped: 0,0004677 seconds, Stopping threads took: 0,0000420 seconds
2017-05-17T22:55:41.561+0200: 3,937: Total time for which application threads were stopped: 0,0004313 seconds, Stopping threads took: 0,0000487 seconds
2017-05-17T22:55:41.576+0200: 3,951: Total time for which application threads were stopped: 0,0003838 seconds, Stopping threads took: 0,0000194 seconds
2017-05-17T22:55:41.636+0200: 4,012: Total time for which application threads were stopped: 0,0004412 seconds, Stopping threads took: 0,0000249 seconds
2017-05-17T22:55:41.685+0200: 4,061: Total time for which application threads were stopped: 0,0066280 seconds, Stopping threads took: 0,0061524 seconds
2017-05-17T22:55:41.691+0200: 4,067: Total time for which application threads were stopped: 0,0001416 seconds, Stopping threads took: 0,0000391 seconds
2017-05-17T22:55:41.691+0200: 4,067: Total time for which application threads were stopped: 0,0001122 seconds, Stopping threads took: 0,0000374 seconds
2017-05-17T22:55:41.692+0200: 4,067: Total time for which application threads were stopped: 0,0001673 seconds, Stopping threads took: 0,0000784 seconds
2017-05-17T22:55:41.702+0200: 4,077: Total time for which application threads were stopped: 0,0001416 seconds, Stopping threads took: 0,0000357 seconds
2017-05-17T22:55:41.702+0200: 4,077: Total time for which application threads were stopped: 0,0001292 seconds, Stopping threads took: 0,0000320 seconds
2017-05-17T22:55:41.702+0200: 4,078: Total time for which application threads were stopped: 0,0000721 seconds, Stopping threads took: 0,0000108 seconds
2017-05-17T22:55:41.702+0200: 4,078: Total time for which application threads were stopped: 0,0000625 seconds, Stopping threads took: 0,0000090 seconds
2017-05-17T22:55:41.702+0200: 4,078: Total time for which application threads were stopped: 0,0001110 seconds, Stopping threads took: 0,0000212 seconds
2017-05-17T22:55:41.703+0200: 4,078: Total time for which application threads were stopped: 0,0000654 seconds, Stopping threads took: 0,0000094 seconds
2017-05-17T22:55:41.703+0200: 4,078: Total time for which application threads were stopped: 0,0000747 seconds, Stopping threads took: 0,0000115 seconds
2017-05-17T22:55:41.703+0200: 4,079: Total time for which application threads were stopped: 0,0000745 seconds, Stopping threads took: 0,0000119 seconds
2017-05-17T22:55:41.703+0200: 4,079: Total time for which application threads were stopped: 0,0000673 seconds, Stopping threads took: 0,0000102 seconds
2017-05-17T22:55:41.703+0200: 4,079: Total time for which application threads were stopped: 0,0000588 seconds, Stopping threads took: 0,0000085 seconds
2017-05-17T22:55:41.706+0200: 4,082: Total time for which application threads were stopped: 0,0001649 seconds, Stopping threads took: 0,0000558 seconds
2017-05-17T22:55:41.707+0200: 4,082: Total time for which application threads were stopped: 0,0001460 seconds, Stopping threads took: 0,0000363 seconds
2017-05-17T22:55:41.717+0200: 4,093: Total time for which application threads were stopped: 0,0073443 seconds, Stopping threads took: 0,0072327 seconds
2017-05-17T22:55:41.720+0200: 4,096: Total time for which application threads were stopped: 0,0012142 seconds, Stopping threads took: 0,0010764 seconds
2017-05-17T22:55:41.725+0200: 4,101: Total time for which application threads were stopped: 0,0001538 seconds, Stopping threads took: 0,0000548 seconds
2017-05-17T22:55:41.725+0200: 4,101: Total time for which application threads were stopped: 0,0000704 seconds, Stopping threads took: 0,0000222 seconds
2017-05-17T22:55:41.732+0200: 4,108: Total time for which application threads were stopped: 0,0031470 seconds, Stopping threads took: 0,0029266 seconds
2017-05-17T22:55:41.733+0200: 4,109: Total time for which application threads were stopped: 0,0001428 seconds, Stopping threads took: 0,0000380 seconds
2017-05-17T22:55:41.742+0200: 4,118: Total time for which application threads were stopped: 0,0019896 seconds, Stopping threads took: 0,0018447 seconds
2017-05-17T22:55:41.764+0200: 4,140: Total time for which application threads were stopped: 0,0050560 seconds, Stopping threads took: 0,0049435 seconds
2017-05-17T22:55:41.774+0200: 4,150: Total time for which application threads were stopped: 0,0019289 seconds, Stopping threads took: 0,0018398 seconds
2017-05-17T22:55:41.790+0200: 4,165: Total time for which application threads were stopped: 0,0103879 seconds, Stopping threads took: 0,0103261 seconds
2017-05-17T22:55:41.813+0200: 4,188: Total time for which application threads were stopped: 0,0013549 seconds, Stopping threads took: 0,0012172 seconds
2017-05-17T22:55:41.849+0200: 4,224: Total time for which application threads were stopped: 0,0001487 seconds, Stopping threads took: 0,0000270 seconds
2017-05-17T22:55:41.849+0200: 4,225: Total time for which application threads were stopped: 0,0001116 seconds, Stopping threads took: 0,0000209 seconds
2017-05-17T22:55:41.851+0200: 4,227: Total time for which application threads were stopped: 0,0002454 seconds, Stopping threads took: 0,0001294 seconds
2017-05-17T22:55:41.851+0200: 4,227: Total time for which application threads were stopped: 0,0001344 seconds, Stopping threads took: 0,0000574 seconds
2017-05-17T22:55:41.852+0200: 4,227: Total time for which application threads were stopped: 0,0002596 seconds, Stopping threads took: 0,0000215 seconds
2017-05-17T22:55:41.854+0200: 4,229: Total time for which application threads were stopped: 0,0005176 seconds, Stopping threads took: 0,0000393 seconds
2017-05-17T22:55:41.866+0200: 4,242: Total time for which application threads were stopped: 0,0002498 seconds, Stopping threads took: 0,0001571 seconds
2017-05-17T22:55:41.870+0200: 4,246: Total time for which application threads were stopped: 0,0032153 seconds, Stopping threads took: 0,0031411 seconds
2017-05-17T22:55:41.879+0200: 4,255: Total time for which application threads were stopped: 0,0001359 seconds, Stopping threads took: 0,0000516 seconds
2017-05-17T22:55:41.886+0200: 4,262: Total time for which application threads were stopped: 0,0007833 seconds, Stopping threads took: 0,0006383 seconds
2017-05-17T22:55:41.890+0200: 4,266: Total time for which application threads were stopped: 0,0001322 seconds, Stopping threads took: 0,0000506 seconds
2017-05-17T22:55:41.892+0200: 4,268: Total time for which application threads were stopped: 0,0001574 seconds, Stopping threads took: 0,0000608 seconds
2017-05-17T22:55:43.893+0200: 6,268: Total time for which application threads were stopped: 0,0000757 seconds, Stopping threads took: 0,0000179 seconds
2017-05-17T22:55:58.894+0200: 21,270: Total time for which application threads were stopped: 0,0000618 seconds, Stopping threads took: 0,0000185 seconds
2017-05-17T22:56:09.896+0200: 32,271: Total time for which application threads were stopped: 0,0000831 seconds, Stopping threads took: 0,0000202 seconds
2017-05-17T22:57:08.902+0200: 91,277: Total time for which application threads were stopped: 0,0000915 seconds, Stopping threads took: 0,0000270 seconds
2017-05-17T22:57:34.904+0200: 117,280: Total time for which application threads were stopped: 0,0001589 seconds, Stopping threads took: 0,0000578 seconds
2017-05-17T22:57:39.905+0200: 122,281: Total time for which application threads were stopped: 0,0001258 seconds, Stopping threads took: 0,0000216 seconds
{Heap before GC invocations=9 (full 1):
 par new generation   total 109248K, used 96095K [0x00000000e0000000, 0x00000000e8000000, 0x00000000e8000000)
  eden space 87424K, 100% used [0x00000000e0000000, 0x00000000e5560000, 0x00000000e5560000)
  from space 21824K,  39% used [0x00000000e6ab0000, 0x00000000e7327f20, 0x00000000e8000000)
  to   space 21824K,   0% used [0x00000000e5560000, 0x00000000e5560000, 0x00000000e6ab0000)
 concurrent mark-sweep generation total 393216K, used 6043K [0x00000000e8000000, 0x0000000100000000, 0x0000000100000000)
 Metaspace       used 28031K, capacity 28584K, committed 28796K, reserved 1075200K
  class space    used 3215K, capacity 3394K, committed 3452K, reserved 1048576K
2017-05-17T22:58:28.610+0200: 170,986: [GC (Allocation Failure) 2017-05-17T22:58:28.610+0200: 170,986: [ParNew
Desired survivor size 20112992 bytes, new threshold 8 (max 8)
- age   1:   10759968 bytes,   10759968 total
- age   2:     217480 bytes,   10977448 total
- age   3:     260416 bytes,   11237864 total
- age   4:    1763952 bytes,   13001816 total
- age   5:      61632 bytes,   13063448 total
- age   7:     104384 bytes,   13167832 total
- age   8:     179600 bytes,   13347432 total
: 96095K->13908K(109248K), 0,0121761 secs] 102139K->20797K(502464K), 0,0122427 secs] [Times: user=0,05 sys=0,00, real=0,02 secs] 
Heap after GC invocations=10 (full 1):
 par new generation   total 109248K, used 13908K [0x00000000e0000000, 0x00000000e8000000, 0x00000000e8000000)
  eden space 87424K,   0% used [0x00000000e0000000, 0x00000000e0000000, 0x00000000e5560000)
  from space 21824K,  63% used [0x00000000e5560000, 0x00000000e62f50e8, 0x00000000e6ab0000)
  to   space 21824K,   0% used [0x00000000e6ab0000, 0x00000000e6ab0000, 0x00000000e8000000)
 concurrent mark-sweep generation total 393216K, used 6888K [0x00000000e8000000, 0x0000000100000000, 0x0000000100000000)
 Metaspace       used 28031K, capacity 28584K, committed 28796K, reserved 1075200K
  class space    used 3215K, capacity 3394K, committed 3452K, reserved 1048576K
}
2017-05-17T22:58:28.623+0200: 170,998: Total time for which application threads were stopped: 0,0123827 seconds, Stopping threads took: 0,0000339 seconds
2017-05-17T22:58:38.624+0200: 181,000: Total time for which application threads were stopped: 0,0000746 seconds, Stopping threads took: 0,0000157 seconds
2017-05-17T23:19:03.758+0200: 1406,134: Total time for which application threads were stopped: 0,0005813 seconds, Stopping threads took: 0,0002062 seconds
2017-05-17T23:22:33.783+0200: 1616,158: Total time for which application threads were stopped: 0,0000894 seconds, Stopping threads took: 0,0000380 seconds
2017-05-17T23:22:43.784+0200: 1626,160: Total time for which application threads were stopped: 0,0002910 seconds, Stopping threads took: 0,0001085 seconds
2017-05-17T23:28:09.823+0200: 1952,199: Total time for which application threads were stopped: 0,0000810 seconds, Stopping threads took: 0,0000346 seconds
2017-05-17T23:33:54.862+0200: 2297,238: Total time for which application threads were stopped: 0,0000859 seconds, Stopping threads took: 0,0000342 seconds
2017-05-17T23:33:58.862+0200: 2301,238: Total time for which application threads were stopped: 0,0000598 seconds, Stopping threads took: 0,0000146 seconds
2017-05-17T23:48:54.965+0200: 3197,340: Total time for which application threads were stopped: 0,0000764 seconds, Stopping threads took: 0,0000315 seconds
2017-05-18T00:01:44.057+0200: 3966,433: Total time for which application threads were stopped: 0,0000750 seconds, Stopping threads took: 0,0000280 seconds
2017-05-18T00:01:54.059+0200: 3976,434: Total time for which application threads were stopped: 0,0000774 seconds, Stopping threads took: 0,0000325 seconds
2017-05-18T00:14:05.145+0200: 4707,520: Total time for which application threads were stopped: 0,0000767 seconds, Stopping threads took: 0,0000317 seconds
2017-05-18T00:35:25.272+0200: 5987,647: Total time for which application threads were stopped: 0,0000848 seconds, Stopping threads took: 0,0000344 seconds
2017-05-18T00:40:10.300+0200: 6272,676: Total time for which application threads were stopped: 0,0001044 seconds, Stopping threads took: 0,0000398 seconds
2017-05-18T00:57:39.421+0200: 7321,797: Total time for which application threads were stopped: 0,0000753 seconds, Stopping threads took: 0,0000295 seconds
2017-05-18T01:03:39.465+0200: 7681,841: Total time for which application threads were stopped: 0,0000984 seconds, Stopping threads took: 0,0000331 seconds
2017-05-18T01:04:09.469+0200: 7711,844: Total time for which application threads were stopped: 0,0000779 seconds, Stopping threads took: 0,0000324 seconds
2017-05-18T01:56:40.497+0200: 10862,872: Total time for which application threads were stopped: 0,0067189 seconds, Stopping threads took: 0,0066259 seconds
2017-05-18T01:56:40.498+0200: 10862,874: Total time for which application threads were stopped: 0,0001444 seconds, Stopping threads took: 0,0000696 seconds
2017-05-18T01:56:40.500+0200: 10862,875: Total time for which application threads were stopped: 0,0001632 seconds, Stopping threads took: 0,0000450 seconds
2017-05-18T01:56:40.523+0200: 10862,898: Total time for which application threads were stopped: 0,0010249 seconds, Stopping threads took: 0,0009319 seconds
2017-05-18T01:56:40.531+0200: 10862,907: Total time for which application threads were stopped: 0,0074061 seconds, Stopping threads took: 0,0073269 seconds
2017-05-18T01:56:40.532+0200: 10862,907: Total time for which application threads were stopped: 0,0001646 seconds, Stopping threads took: 0,0000619 seconds
2017-05-18T01:56:40.532+0200: 10862,908: Total time for which application threads were stopped: 0,0001046 seconds, Stopping threads took: 0,0000119 seconds
Heap
 par new generation   total 109248K, used 35107K [0x00000000e0000000, 0x00000000e8000000, 0x00000000e8000000)
  eden space 87424K,  24% used [0x00000000e0000000, 0x00000000e14b3c18, 0x00000000e5560000)
  from space 21824K,  63% used [0x00000000e5560000, 0x00000000e62f50e8, 0x00000000e6ab0000)
  to   space 21824K,   0% used [0x00000000e6ab0000, 0x00000000e6ab0000, 0x00000000e8000000)
 concurrent mark-sweep generation total 393216K, used 6888K [0x00000000e8000000, 0x0000000100000000, 0x0000000100000000)
 Metaspace       used 28173K, capacity 28754K, committed 29052K, reserved 1075200K
  class space    used 3230K, capacity 3429K, committed 3452K, reserved 1048576K
