OpenJDK 64-Bit Server VM (25.111-b14) for linux-amd64 JRE (1.8.0_111-8u111-b14-2ubuntu0.16.04.2-b14), built on Oct 27 2016 18:10:19 by "buildd" with gcc 5.4.0 20160609
Memory: 4k page, physical 7867804k(7511180k free), swap 8076284k(8076284k free)
CommandLine flags: -XX:CMSInitiatingOccupancyFraction=50 -XX:CMSMaxAbortablePrecleanTime=6000 -XX:+CMSParallelRemarkEnabled -XX:+CMSScavengeBeforeRemark -XX:ConcGCThreads=4 -XX:InitialHeapSize=536870912 -XX:MaxHeapSize=536870912 -XX:MaxTenuringThreshold=8 -XX:NewRatio=3 -XX:OldPLABSize=16 -XX:OnOutOfMemoryError=/opt/solr/bin/oom_solr.sh 8983 /var/solr/logs -XX:ParallelGCThreads=4 -XX:+ParallelRefProcEnabled -XX:PretenureSizeThreshold=67108864 -XX:+PrintGC -XX:+PrintGCApplicationStoppedTime -XX:+PrintGCDateStamps -XX:+PrintGCDetails -XX:+PrintGCTimeStamps -XX:+PrintHeapAtGC -XX:+PrintTenuringDistribution -XX:SurvivorRatio=4 -XX:TargetSurvivorRatio=90 -XX:ThreadStackSize=256 -XX:+UseCMSInitiatingOccupancyOnly -XX:+UseCompressedClassPointers -XX:+UseCompressedOops -XX:+UseConcMarkSweepGC -XX:+UseParNewGC 
2017-01-05T08:00:22.567+0100: 0,119: Total time for which application threads were stopped: 0,0000763 seconds, Stopping threads took: 0,0000103 seconds
2017-01-05T08:00:22.654+0100: 0,206: Total time for which application threads were stopped: 0,0001188 seconds, Stopping threads took: 0,0000154 seconds
2017-01-05T08:00:22.678+0100: 0,230: Total time for which application threads were stopped: 0,0000955 seconds, Stopping threads took: 0,0000202 seconds
2017-01-05T08:00:22.883+0100: 0,435: Total time for which application threads were stopped: 0,0001222 seconds, Stopping threads took: 0,0000089 seconds
2017-01-05T08:00:23.372+0100: 0,924: Total time for which application threads were stopped: 0,0001512 seconds, Stopping threads took: 0,0000223 seconds
2017-01-05T08:00:23.454+0100: 1,006: Total time for which application threads were stopped: 0,0001542 seconds, Stopping threads took: 0,0000192 seconds
2017-01-05T08:00:23.475+0100: 1,027: Total time for which application threads were stopped: 0,0001718 seconds, Stopping threads took: 0,0000246 seconds
2017-01-05T08:00:23.713+0100: 1,265: Total time for which application threads were stopped: 0,0001759 seconds, Stopping threads took: 0,0000236 seconds
2017-01-05T08:00:23.916+0100: 1,468: Total time for which application threads were stopped: 0,0001919 seconds, Stopping threads took: 0,0000112 seconds
2017-01-05T08:00:23.941+0100: 1,493: Total time for which application threads were stopped: 0,0001812 seconds, Stopping threads took: 0,0000169 seconds
2017-01-05T08:00:23.942+0100: 1,494: Total time for which application threads were stopped: 0,0002181 seconds, Stopping threads took: 0,0000098 seconds
2017-01-05T08:00:23.955+0100: 1,507: Total time for which application threads were stopped: 0,0016420 seconds, Stopping threads took: 0,0001426 seconds
2017-01-05T08:00:24.048+0100: 1,600: Total time for which application threads were stopped: 0,0002309 seconds, Stopping threads took: 0,0000220 seconds
2017-01-05T08:00:24.239+0100: 1,791: Total time for which application threads were stopped: 0,0005537 seconds, Stopping threads took: 0,0003493 seconds
{Heap before GC invocations=0 (full 0):
 par new generation   total 109248K, used 87424K [0x00000000e0000000, 0x00000000e8000000, 0x00000000e8000000)
  eden space 87424K, 100% used [0x00000000e0000000, 0x00000000e5560000, 0x00000000e5560000)
  from space 21824K,   0% used [0x00000000e5560000, 0x00000000e5560000, 0x00000000e6ab0000)
  to   space 21824K,   0% used [0x00000000e6ab0000, 0x00000000e6ab0000, 0x00000000e8000000)
 concurrent mark-sweep generation total 393216K, used 0K [0x00000000e8000000, 0x0000000100000000, 0x0000000100000000)
 Metaspace       used 18339K, capacity 18686K, committed 18944K, reserved 1067008K
  class space    used 2090K, capacity 2226K, committed 2304K, reserved 1048576K
2017-01-05T08:00:24.362+0100: 1,914: [GC (Allocation Failure) 2017-01-05T08:00:24.362+0100: 1,914: [ParNew
Desired survivor size 20112992 bytes, new threshold 8 (max 8)
- age   1:   12578512 bytes,   12578512 total
: 87424K->12401K(109248K), 0,0171021 secs] 87424K->12401K(502464K), 0,0171952 secs] [Times: user=0,03 sys=0,02, real=0,02 secs] 
Heap after GC invocations=1 (full 0):
 par new generation   total 109248K, used 12401K [0x00000000e0000000, 0x00000000e8000000, 0x00000000e8000000)
  eden space 87424K,   0% used [0x00000000e0000000, 0x00000000e0000000, 0x00000000e5560000)
  from space 21824K,  56% used [0x00000000e6ab0000, 0x00000000e76cc4c8, 0x00000000e8000000)
  to   space 21824K,   0% used [0x00000000e5560000, 0x00000000e5560000, 0x00000000e6ab0000)
 concurrent mark-sweep generation total 393216K, used 0K [0x00000000e8000000, 0x0000000100000000, 0x0000000100000000)
 Metaspace       used 18339K, capacity 18686K, committed 18944K, reserved 1067008K
  class space    used 2090K, capacity 2226K, committed 2304K, reserved 1048576K
}
2017-01-05T08:00:24.379+0100: 1,931: Total time for which application threads were stopped: 0,0173761 seconds, Stopping threads took: 0,0000194 seconds
2017-01-05T08:00:24.534+0100: 2,086: Total time for which application threads were stopped: 0,0003554 seconds, Stopping threads took: 0,0000274 seconds
2017-01-05T08:00:24.565+0100: 2,117: Total time for which application threads were stopped: 0,0003025 seconds, Stopping threads took: 0,0000297 seconds
2017-01-05T08:00:24.593+0100: 2,145: Total time for which application threads were stopped: 0,0003246 seconds, Stopping threads took: 0,0000286 seconds
{Heap before GC invocations=1 (full 0):
 par new generation   total 109248K, used 99825K [0x00000000e0000000, 0x00000000e8000000, 0x00000000e8000000)
  eden space 87424K, 100% used [0x00000000e0000000, 0x00000000e5560000, 0x00000000e5560000)
  from space 21824K,  56% used [0x00000000e6ab0000, 0x00000000e76cc4c8, 0x00000000e8000000)
  to   space 21824K,   0% used [0x00000000e5560000, 0x00000000e5560000, 0x00000000e6ab0000)
 concurrent mark-sweep generation total 393216K, used 0K [0x00000000e8000000, 0x0000000100000000, 0x0000000100000000)
 Metaspace       used 20707K, capacity 21020K, committed 21248K, reserved 1069056K
  class space    used 2403K, capacity 2518K, committed 2560K, reserved 1048576K
2017-01-05T08:00:24.765+0100: 2,317: [GC (Allocation Failure) 2017-01-05T08:00:24.765+0100: 2,317: [ParNew
Desired survivor size 20112992 bytes, new threshold 8 (max 8)
- age   1:    2643560 bytes,    2643560 total
- age   2:    6139336 bytes,    8782896 total
: 99825K->13262K(109248K), 0,0120053 secs] 99825K->13262K(502464K), 0,0120975 secs] [Times: user=0,03 sys=0,01, real=0,02 secs] 
Heap after GC invocations=2 (full 0):
 par new generation   total 109248K, used 13262K [0x00000000e0000000, 0x00000000e8000000, 0x00000000e8000000)
  eden space 87424K,   0% used [0x00000000e0000000, 0x00000000e0000000, 0x00000000e5560000)
  from space 21824K,  60% used [0x00000000e5560000, 0x00000000e6253948, 0x00000000e6ab0000)
  to   space 21824K,   0% used [0x00000000e6ab0000, 0x00000000e6ab0000, 0x00000000e8000000)
 concurrent mark-sweep generation total 393216K, used 0K [0x00000000e8000000, 0x0000000100000000, 0x0000000100000000)
 Metaspace       used 20707K, capacity 21020K, committed 21248K, reserved 1069056K
  class space    used 2403K, capacity 2518K, committed 2560K, reserved 1048576K
}
2017-01-05T08:00:24.777+0100: 2,329: Total time for which application threads were stopped: 0,0123332 seconds, Stopping threads took: 0,0000289 seconds
2017-01-05T08:00:24.836+0100: 2,387: Total time for which application threads were stopped: 0,0000804 seconds, Stopping threads took: 0,0000174 seconds
2017-01-05T08:00:24.869+0100: 2,421: Total time for which application threads were stopped: 0,0002432 seconds, Stopping threads took: 0,0000134 seconds
2017-01-05T08:00:24.875+0100: 2,427: Total time for which application threads were stopped: 0,0001774 seconds, Stopping threads took: 0,0001247 seconds
2017-01-05T08:00:24.896+0100: 2,448: Total time for which application threads were stopped: 0,0000797 seconds, Stopping threads took: 0,0000159 seconds
2017-01-05T08:00:24.978+0100: 2,530: Total time for which application threads were stopped: 0,0001026 seconds, Stopping threads took: 0,0000211 seconds
2017-01-05T08:00:24.995+0100: 2,547: Total time for which application threads were stopped: 0,0000973 seconds, Stopping threads took: 0,0000205 seconds
2017-01-05T08:00:25.003+0100: 2,555: Total time for which application threads were stopped: 0,0002723 seconds, Stopping threads took: 0,0000210 seconds
2017-01-05T08:00:25.011+0100: 2,563: Total time for which application threads were stopped: 0,0003194 seconds, Stopping threads took: 0,0000272 seconds
2017-01-05T08:00:25.026+0100: 2,578: Total time for which application threads were stopped: 0,0001332 seconds, Stopping threads took: 0,0000424 seconds
2017-01-05T08:00:25.052+0100: 2,604: Total time for which application threads were stopped: 0,0000997 seconds, Stopping threads took: 0,0000193 seconds
2017-01-05T08:00:25.070+0100: 2,622: Total time for which application threads were stopped: 0,0000718 seconds, Stopping threads took: 0,0000138 seconds
2017-01-05T08:00:25.084+0100: 2,636: Total time for which application threads were stopped: 0,0000939 seconds, Stopping threads took: 0,0000369 seconds
2017-01-05T08:00:25.112+0100: 2,664: Total time for which application threads were stopped: 0,0000754 seconds, Stopping threads took: 0,0000150 seconds
2017-01-05T08:00:25.152+0100: 2,704: Total time for which application threads were stopped: 0,0000962 seconds, Stopping threads took: 0,0000276 seconds
2017-01-05T08:00:25.204+0100: 2,755: Total time for which application threads were stopped: 0,0001023 seconds, Stopping threads took: 0,0000307 seconds
2017-01-05T08:00:25.237+0100: 2,789: Total time for which application threads were stopped: 0,0001047 seconds, Stopping threads took: 0,0000245 seconds
{Heap before GC invocations=2 (full 0):
 par new generation   total 109248K, used 100686K [0x00000000e0000000, 0x00000000e8000000, 0x00000000e8000000)
  eden space 87424K, 100% used [0x00000000e0000000, 0x00000000e5560000, 0x00000000e5560000)
  from space 21824K,  60% used [0x00000000e5560000, 0x00000000e6253948, 0x00000000e6ab0000)
  to   space 21824K,   0% used [0x00000000e6ab0000, 0x00000000e6ab0000, 0x00000000e8000000)
 concurrent mark-sweep generation total 393216K, used 0K [0x00000000e8000000, 0x0000000100000000, 0x0000000100000000)
 Metaspace       used 24862K, capacity 25223K, committed 25536K, reserved 1071104K
  class space    used 2896K, capacity 3024K, committed 3064K, reserved 1048576K
2017-01-05T08:00:25.246+0100: 2,797: [GC (Allocation Failure) 2017-01-05T08:00:25.246+0100: 2,797: [ParNew
Desired survivor size 20112992 bytes, new threshold 8 (max 8)
- age   1:    6692680 bytes,    6692680 total
- age   2:     510800 bytes,    7203480 total
- age   3:    6119808 bytes,   13323288 total
: 100686K->15145K(109248K), 0,0131048 secs] 100686K->15145K(502464K), 0,0131894 secs] [Times: user=0,04 sys=0,00, real=0,02 secs] 
Heap after GC invocations=3 (full 0):
 par new generation   total 109248K, used 15145K [0x00000000e0000000, 0x00000000e8000000, 0x00000000e8000000)
  eden space 87424K,   0% used [0x00000000e0000000, 0x00000000e0000000, 0x00000000e5560000)
  from space 21824K,  69% used [0x00000000e6ab0000, 0x00000000e797a6a8, 0x00000000e8000000)
  to   space 21824K,   0% used [0x00000000e5560000, 0x00000000e5560000, 0x00000000e6ab0000)
 concurrent mark-sweep generation total 393216K, used 0K [0x00000000e8000000, 0x0000000100000000, 0x0000000100000000)
 Metaspace       used 24862K, capacity 25223K, committed 25536K, reserved 1071104K
  class space    used 2896K, capacity 3024K, committed 3064K, reserved 1048576K
}
2017-01-05T08:00:25.259+0100: 2,811: Total time for which application threads were stopped: 0,0133708 seconds, Stopping threads took: 0,0000456 seconds
2017-01-05T08:00:25.259+0100: 2,811: [GC (CMS Initial Mark) [1 CMS-initial-mark: 0K(393216K)] 15145K(502464K), 0,0028857 secs] [Times: user=0,02 sys=0,00, real=0,00 secs] 
2017-01-05T08:00:25.262+0100: 2,814: Total time for which application threads were stopped: 0,0031176 seconds, Stopping threads took: 0,0001586 seconds
2017-01-05T08:00:25.262+0100: 2,814: [CMS-concurrent-mark-start]
2017-01-05T08:00:25.264+0100: 2,816: [CMS-concurrent-mark: 0,002/0,002 secs] [Times: user=0,00 sys=0,00, real=0,00 secs] 
2017-01-05T08:00:25.264+0100: 2,816: [CMS-concurrent-preclean-start]
2017-01-05T08:00:25.265+0100: 2,817: [CMS-concurrent-preclean: 0,001/0,001 secs] [Times: user=0,01 sys=0,00, real=0,00 secs] 
2017-01-05T08:00:25.266+0100: 2,817: [GC (CMS Final Remark) [YG occupancy: 16541 K (109248 K)]{Heap before GC invocations=3 (full 1):
 par new generation   total 109248K, used 16541K [0x00000000e0000000, 0x00000000e8000000, 0x00000000e8000000)
  eden space 87424K,   1% used [0x00000000e0000000, 0x00000000e015ce10, 0x00000000e5560000)
  from space 21824K,  69% used [0x00000000e6ab0000, 0x00000000e797a6a8, 0x00000000e8000000)
  to   space 21824K,   0% used [0x00000000e5560000, 0x00000000e5560000, 0x00000000e6ab0000)
 concurrent mark-sweep generation total 393216K, used 0K [0x00000000e8000000, 0x0000000100000000, 0x0000000100000000)
 Metaspace       used 24908K, capacity 25319K, committed 25536K, reserved 1071104K
  class space    used 2901K, capacity 3056K, committed 3064K, reserved 1048576K
2017-01-05T08:00:25.266+0100: 2,818: [GC (CMS Final Remark) 2017-01-05T08:00:25.266+0100: 2,818: [ParNew
Desired survivor size 20112992 bytes, new threshold 8 (max 8)
- age   1:      48424 bytes,      48424 total
- age   2:    3151744 bytes,    3200168 total
- age   3:     510800 bytes,    3710968 total
- age   4:    6119808 bytes,    9830776 total
: 16541K->16152K(109248K), 0,0138152 secs] 16541K->16152K(502464K), 0,0138627 secs] [Times: user=0,05 sys=0,00, real=0,02 secs] 
Heap after GC invocations=4 (full 1):
 par new generation   total 109248K, used 16152K [0x00000000e0000000, 0x00000000e8000000, 0x00000000e8000000)
  eden space 87424K,   0% used [0x00000000e0000000, 0x00000000e0000000, 0x00000000e5560000)
  from space 21824K,  74% used [0x00000000e5560000, 0x00000000e6526000, 0x00000000e6ab0000)
  to   space 21824K,   0% used [0x00000000e6ab0000, 0x00000000e6ab0000, 0x00000000e8000000)
 concurrent mark-sweep generation total 393216K, used 0K [0x00000000e8000000, 0x0000000100000000, 0x0000000100000000)
 Metaspace       used 24908K, capacity 25319K, committed 25536K, reserved 1071104K
  class space    used 2901K, capacity 3056K, committed 3064K, reserved 1048576K
}
2017-01-05T08:00:25.280+0100: 2,831: [Rescan (parallel) , 0,0039890 secs]2017-01-05T08:00:25.284+0100: 2,835: [weak refs processing, 0,0012811 secs]2017-01-05T08:00:25.285+0100: 2,837: [class unloading, 0,0031598 secs]2017-01-05T08:00:25.288+0100: 2,840: [scrub symbol table, 0,0042489 secs]2017-01-05T08:00:25.292+0100: 2,844: [scrub string table, 0,0004227 secs][1 CMS-remark: 0K(393216K)] 16152K(502464K), 0,0276704 secs] [Times: user=0,08 sys=0,00, real=0,03 secs] 
2017-01-05T08:00:25.293+0100: 2,845: Total time for which application threads were stopped: 0,0277709 seconds, Stopping threads took: 0,0000332 seconds
2017-01-05T08:00:25.293+0100: 2,845: [CMS-concurrent-sweep-start]
2017-01-05T08:00:25.293+0100: 2,845: [CMS-concurrent-sweep: 0,000/0,000 secs] [Times: user=0,00 sys=0,00, real=0,00 secs] 
2017-01-05T08:00:25.293+0100: 2,845: [CMS-concurrent-reset-start]
2017-01-05T08:00:25.295+0100: 2,847: [CMS-concurrent-reset: 0,002/0,002 secs] [Times: user=0,01 sys=0,00, real=0,01 secs] 
2017-01-05T08:00:25.356+0100: 2,908: Total time for which application threads were stopped: 0,0003491 seconds, Stopping threads took: 0,0000218 seconds
2017-01-05T08:00:26.356+0100: 3,908: Total time for which application threads were stopped: 0,0000848 seconds, Stopping threads took: 0,0000157 seconds
2017-01-05T08:00:26.495+0100: 4,047: Total time for which application threads were stopped: 0,0003006 seconds, Stopping threads took: 0,0000174 seconds
2017-01-05T08:00:54.498+0100: 32,050: Total time for which application threads were stopped: 0,0000642 seconds, Stopping threads took: 0,0000175 seconds
2017-01-05T08:03:04.517+0100: 162,069: Total time for which application threads were stopped: 0,0001560 seconds, Stopping threads took: 0,0000649 seconds
2017-01-05T08:03:09.518+0100: 167,070: Total time for which application threads were stopped: 0,0000617 seconds, Stopping threads took: 0,0000147 seconds
2017-01-05T08:03:28.521+0100: 186,073: Total time for which application threads were stopped: 0,0001748 seconds, Stopping threads took: 0,0000731 seconds
2017-01-05T08:04:04.527+0100: 222,079: Total time for which application threads were stopped: 0,0001509 seconds, Stopping threads took: 0,0000589 seconds
2017-01-05T08:04:43.534+0100: 261,085: Total time for which application threads were stopped: 0,0001562 seconds, Stopping threads took: 0,0000621 seconds
2017-01-05T08:04:48.535+0100: 266,086: Total time for which application threads were stopped: 0,0001462 seconds, Stopping threads took: 0,0000337 seconds
2017-01-05T08:04:58.537+0100: 276,088: Total time for which application threads were stopped: 0,0001534 seconds, Stopping threads took: 0,0000580 seconds
2017-01-05T08:05:09.538+0100: 287,090: Total time for which application threads were stopped: 0,0000688 seconds, Stopping threads took: 0,0000179 seconds
2017-01-05T08:05:19.540+0100: 297,092: Total time for which application threads were stopped: 0,0000750 seconds, Stopping threads took: 0,0000194 seconds
2017-01-05T08:05:44.545+0100: 322,097: Total time for which application threads were stopped: 0,0001814 seconds, Stopping threads took: 0,0000587 seconds
2017-01-05T08:24:08.680+0100: 1426,231: Total time for which application threads were stopped: 0,0001496 seconds, Stopping threads took: 0,0000561 seconds
2017-01-05T08:27:49.716+0100: 1647,268: Total time for which application threads were stopped: 0,0001725 seconds, Stopping threads took: 0,0000578 seconds
2017-01-05T08:28:33.724+0100: 1691,276: Total time for which application threads were stopped: 0,0000829 seconds, Stopping threads took: 0,0000316 seconds
2017-01-05T08:39:04.820+0100: 2322,372: Total time for which application threads were stopped: 0,0000912 seconds, Stopping threads took: 0,0000369 seconds
2017-01-05T08:39:08.821+0100: 2326,373: Total time for which application threads were stopped: 0,0000665 seconds, Stopping threads took: 0,0000153 seconds
2017-01-05T08:40:43.179+0100: 2420,730: Total time for which application threads were stopped: 0,0001515 seconds, Stopping threads took: 0,0000301 seconds
Heap
 par new generation   total 109248K, used 60333K [0x00000000e0000000, 0x00000000e8000000, 0x00000000e8000000)
  eden space 87424K,  50% used [0x00000000e0000000, 0x00000000e2b25430, 0x00000000e5560000)
  from space 21824K,  74% used [0x00000000e5560000, 0x00000000e6526000, 0x00000000e6ab0000)
  to   space 21824K,   0% used [0x00000000e6ab0000, 0x00000000e6ab0000, 0x00000000e8000000)
 concurrent mark-sweep generation total 393216K, used 0K [0x00000000e8000000, 0x0000000100000000, 0x0000000100000000)
 Metaspace       used 27226K, capacity 27663K, committed 27840K, reserved 1073152K
  class space    used 3166K, capacity 3320K, committed 3320K, reserved 1048576K
