OpenJDK 64-Bit Server VM (25.131-b11) for linux-amd64 JRE (1.8.0_131-8u131-b11-0ubuntu1.16.04.2-b11), built on May  6 2017 02:45:27 by "buildd" with gcc 5.4.0 20160609
Memory: 4k page, physical 7867740k(7405316k free), swap 8076284k(8076284k free)
CommandLine flags: -XX:CMSInitiatingOccupancyFraction=50 -XX:CMSMaxAbortablePrecleanTime=6000 -XX:+CMSParallelRemarkEnabled -XX:+CMSScavengeBeforeRemark -XX:ConcGCThreads=4 -XX:InitialHeapSize=536870912 -XX:MaxHeapSize=536870912 -XX:MaxTenuringThreshold=8 -XX:NewRatio=3 -XX:OldPLABSize=16 -XX:OnOutOfMemoryError=/opt/solr/bin/oom_solr.sh 8983 /var/solr/logs -XX:ParallelGCThreads=4 -XX:+ParallelRefProcEnabled -XX:PretenureSizeThreshold=67108864 -XX:+PrintGC -XX:+PrintGCApplicationStoppedTime -XX:+PrintGCDateStamps -XX:+PrintGCDetails -XX:+PrintGCTimeStamps -XX:+PrintHeapAtGC -XX:+PrintTenuringDistribution -XX:SurvivorRatio=4 -XX:TargetSurvivorRatio=90 -XX:ThreadStackSize=256 -XX:+UseCMSInitiatingOccupancyOnly -XX:+UseCompressedClassPointers -XX:+UseCompressedOops -XX:+UseConcMarkSweepGC -XX:+UseParNewGC 
2017-06-06T05:57:32.124+0200: 0,152: Total time for which application threads were stopped: 0,0000676 seconds, Stopping threads took: 0,0000094 seconds
2017-06-06T05:57:32.217+0200: 0,246: Total time for which application threads were stopped: 0,0001215 seconds, Stopping threads took: 0,0000249 seconds
2017-06-06T05:57:32.230+0200: 0,258: Total time for which application threads were stopped: 0,0000886 seconds, Stopping threads took: 0,0000252 seconds
2017-06-06T05:57:32.427+0200: 0,456: Total time for which application threads were stopped: 0,0001684 seconds, Stopping threads took: 0,0000327 seconds
2017-06-06T05:57:32.806+0200: 0,835: Total time for which application threads were stopped: 0,0001663 seconds, Stopping threads took: 0,0000192 seconds
2017-06-06T05:57:32.999+0200: 1,028: Total time for which application threads were stopped: 0,0002038 seconds, Stopping threads took: 0,0000254 seconds
2017-06-06T05:57:33.085+0200: 1,114: Total time for which application threads were stopped: 0,0001961 seconds, Stopping threads took: 0,0000210 seconds
2017-06-06T05:57:33.436+0200: 1,465: Total time for which application threads were stopped: 0,0001792 seconds, Stopping threads took: 0,0000172 seconds
2017-06-06T05:57:33.671+0200: 1,700: Total time for which application threads were stopped: 0,0001948 seconds, Stopping threads took: 0,0000242 seconds
2017-06-06T05:57:33.693+0200: 1,722: Total time for which application threads were stopped: 0,0003367 seconds, Stopping threads took: 0,0000179 seconds
2017-06-06T05:57:33.727+0200: 1,756: Total time for which application threads were stopped: 0,0002340 seconds, Stopping threads took: 0,0000224 seconds
2017-06-06T05:57:33.729+0200: 1,757: Total time for which application threads were stopped: 0,0001985 seconds, Stopping threads took: 0,0000185 seconds
2017-06-06T05:57:33.747+0200: 1,776: Total time for which application threads were stopped: 0,0001820 seconds, Stopping threads took: 0,0000182 seconds
2017-06-06T05:57:33.832+0200: 1,861: Total time for which application threads were stopped: 0,0002469 seconds, Stopping threads took: 0,0000199 seconds
2017-06-06T05:57:33.985+0200: 2,014: Total time for which application threads were stopped: 0,0004356 seconds, Stopping threads took: 0,0001934 seconds
{Heap before GC invocations=0 (full 0):
 par new generation   total 109248K, used 87424K [0x00000000e0000000, 0x00000000e8000000, 0x00000000e8000000)
  eden space 87424K, 100% used [0x00000000e0000000, 0x00000000e5560000, 0x00000000e5560000)
  from space 21824K,   0% used [0x00000000e5560000, 0x00000000e5560000, 0x00000000e6ab0000)
  to   space 21824K,   0% used [0x00000000e6ab0000, 0x00000000e6ab0000, 0x00000000e8000000)
 concurrent mark-sweep generation total 393216K, used 0K [0x00000000e8000000, 0x0000000100000000, 0x0000000100000000)
 Metaspace       used 18057K, capacity 18400K, committed 18688K, reserved 1064960K
  class space    used 2039K, capacity 2196K, committed 2304K, reserved 1048576K
2017-06-06T05:57:34.107+0200: 2,136: [GC (Allocation Failure) 2017-06-06T05:57:34.107+0200: 2,136: [ParNew
Desired survivor size 20112992 bytes, new threshold 8 (max 8)
- age   1:   12620912 bytes,   12620912 total
: 87424K->12431K(109248K), 0,0159115 secs] 87424K->12431K(502464K), 0,0159919 secs] [Times: user=0,04 sys=0,02, real=0,01 secs] 
Heap after GC invocations=1 (full 0):
 par new generation   total 109248K, used 12431K [0x00000000e0000000, 0x00000000e8000000, 0x00000000e8000000)
  eden space 87424K,   0% used [0x00000000e0000000, 0x00000000e0000000, 0x00000000e5560000)
  from space 21824K,  56% used [0x00000000e6ab0000, 0x00000000e76d3c88, 0x00000000e8000000)
  to   space 21824K,   0% used [0x00000000e5560000, 0x00000000e5560000, 0x00000000e6ab0000)
 concurrent mark-sweep generation total 393216K, used 0K [0x00000000e8000000, 0x0000000100000000, 0x0000000100000000)
 Metaspace       used 18057K, capacity 18400K, committed 18688K, reserved 1064960K
  class space    used 2039K, capacity 2196K, committed 2304K, reserved 1048576K
}
2017-06-06T05:57:34.123+0200: 2,152: Total time for which application threads were stopped: 0,0215270 seconds, Stopping threads took: 0,0052397 seconds
2017-06-06T05:57:34.393+0200: 2,422: Total time for which application threads were stopped: 0,0003610 seconds, Stopping threads took: 0,0000496 seconds
2017-06-06T05:57:34.446+0200: 2,475: Total time for which application threads were stopped: 0,0007302 seconds, Stopping threads took: 0,0003697 seconds
{Heap before GC invocations=1 (full 0):
 par new generation   total 109248K, used 99855K [0x00000000e0000000, 0x00000000e8000000, 0x00000000e8000000)
  eden space 87424K, 100% used [0x00000000e0000000, 0x00000000e5560000, 0x00000000e5560000)
  from space 21824K,  56% used [0x00000000e6ab0000, 0x00000000e76d3c88, 0x00000000e8000000)
  to   space 21824K,   0% used [0x00000000e5560000, 0x00000000e5560000, 0x00000000e6ab0000)
 concurrent mark-sweep generation total 393216K, used 0K [0x00000000e8000000, 0x0000000100000000, 0x0000000100000000)
 Metaspace       used 20058K, capacity 20370K, committed 20736K, reserved 1067008K
  class space    used 2297K, capacity 2471K, committed 2560K, reserved 1048576K
2017-06-06T05:57:34.455+0200: 2,483: [GC (Allocation Failure) 2017-06-06T05:57:34.455+0200: 2,483: [ParNew
Desired survivor size 20112992 bytes, new threshold 8 (max 8)
- age   1:    3524104 bytes,    3524104 total
- age   2:    6669336 bytes,   10193440 total
: 99855K->15746K(109248K), 0,0149677 secs] 99855K->15746K(502464K), 0,0150449 secs] [Times: user=0,05 sys=0,00, real=0,02 secs] 
Heap after GC invocations=2 (full 0):
 par new generation   total 109248K, used 15746K [0x00000000e0000000, 0x00000000e8000000, 0x00000000e8000000)
  eden space 87424K,   0% used [0x00000000e0000000, 0x00000000e0000000, 0x00000000e5560000)
  from space 21824K,  72% used [0x00000000e5560000, 0x00000000e64c0ac0, 0x00000000e6ab0000)
  to   space 21824K,   0% used [0x00000000e6ab0000, 0x00000000e6ab0000, 0x00000000e8000000)
 concurrent mark-sweep generation total 393216K, used 0K [0x00000000e8000000, 0x0000000100000000, 0x0000000100000000)
 Metaspace       used 20058K, capacity 20370K, committed 20736K, reserved 1067008K
  class space    used 2297K, capacity 2471K, committed 2560K, reserved 1048576K
}
2017-06-06T05:57:34.470+0200: 2,499: Total time for which application threads were stopped: 0,0208291 seconds, Stopping threads took: 0,0056471 seconds
2017-06-06T05:57:34.519+0200: 2,548: Total time for which application threads were stopped: 0,0030101 seconds, Stopping threads took: 0,0026933 seconds
2017-06-06T05:57:34.640+0200: 2,669: Total time for which application threads were stopped: 0,0001944 seconds, Stopping threads took: 0,0000650 seconds
{Heap before GC invocations=2 (full 0):
 par new generation   total 109248K, used 103170K [0x00000000e0000000, 0x00000000e8000000, 0x00000000e8000000)
  eden space 87424K, 100% used [0x00000000e0000000, 0x00000000e5560000, 0x00000000e5560000)
  from space 21824K,  72% used [0x00000000e5560000, 0x00000000e64c0ac0, 0x00000000e6ab0000)
  to   space 21824K,   0% used [0x00000000e6ab0000, 0x00000000e6ab0000, 0x00000000e8000000)
 concurrent mark-sweep generation total 393216K, used 0K [0x00000000e8000000, 0x0000000100000000, 0x0000000100000000)
 Metaspace       used 20973K, capacity 21292K, committed 21628K, reserved 1069056K
  class space    used 2417K, capacity 2590K, committed 2684K, reserved 1048576K
2017-06-06T05:57:34.691+0200: 2,719: [GC (Allocation Failure) 2017-06-06T05:57:34.691+0200: 2,720: [ParNew
Desired survivor size 20112992 bytes, new threshold 8 (max 8)
- age   1:    1934592 bytes,    1934592 total
- age   2:     852536 bytes,    2787128 total
- age   3:    6666976 bytes,    9454104 total
: 103170K->12256K(109248K), 0,0096632 secs] 103170K->12256K(502464K), 0,0097537 secs] [Times: user=0,03 sys=0,00, real=0,01 secs] 
Heap after GC invocations=3 (full 0):
 par new generation   total 109248K, used 12256K [0x00000000e0000000, 0x00000000e8000000, 0x00000000e8000000)
  eden space 87424K,   0% used [0x00000000e0000000, 0x00000000e0000000, 0x00000000e5560000)
  from space 21824K,  56% used [0x00000000e6ab0000, 0x00000000e76a82a8, 0x00000000e8000000)
  to   space 21824K,   0% used [0x00000000e5560000, 0x00000000e5560000, 0x00000000e6ab0000)
 concurrent mark-sweep generation total 393216K, used 0K [0x00000000e8000000, 0x0000000100000000, 0x0000000100000000)
 Metaspace       used 20973K, capacity 21292K, committed 21628K, reserved 1069056K
  class space    used 2417K, capacity 2590K, committed 2684K, reserved 1048576K
}
2017-06-06T05:57:34.700+0200: 2,729: Total time for which application threads were stopped: 0,0115921 seconds, Stopping threads took: 0,0016892 seconds
2017-06-06T05:57:34.703+0200: 2,732: [GC (CMS Initial Mark) [1 CMS-initial-mark: 0K(393216K)] 12982K(502464K), 0,0040965 secs] [Times: user=0,01 sys=0,00, real=0,01 secs] 
2017-06-06T05:57:34.707+0200: 2,736: Total time for which application threads were stopped: 0,0044695 seconds, Stopping threads took: 0,0002785 seconds
2017-06-06T05:57:34.707+0200: 2,736: [CMS-concurrent-mark-start]
2017-06-06T05:57:34.713+0200: 2,742: [CMS-concurrent-mark: 0,006/0,006 secs] [Times: user=0,02 sys=0,00, real=0,00 secs] 
2017-06-06T05:57:34.713+0200: 2,742: [CMS-concurrent-preclean-start]
2017-06-06T05:57:34.715+0200: 2,743: [CMS-concurrent-preclean: 0,001/0,001 secs] [Times: user=0,00 sys=0,00, real=0,00 secs] 
2017-06-06T05:57:34.715+0200: 2,744: [CMS-concurrent-abortable-preclean-start]
2017-06-06T05:57:34.769+0200: 2,798: Total time for which application threads were stopped: 0,0002084 seconds, Stopping threads took: 0,0001091 seconds
{Heap before GC invocations=3 (full 1):
 par new generation   total 109248K, used 99680K [0x00000000e0000000, 0x00000000e8000000, 0x00000000e8000000)
  eden space 87424K, 100% used [0x00000000e0000000, 0x00000000e5560000, 0x00000000e5560000)
  from space 21824K,  56% used [0x00000000e6ab0000, 0x00000000e76a82a8, 0x00000000e8000000)
  to   space 21824K,   0% used [0x00000000e5560000, 0x00000000e5560000, 0x00000000e6ab0000)
 concurrent mark-sweep generation total 393216K, used 0K [0x00000000e8000000, 0x0000000100000000, 0x0000000100000000)
 Metaspace       used 21269K, capacity 21638K, committed 21884K, reserved 1069056K
  class space    used 2448K, capacity 2606K, committed 2684K, reserved 1048576K
2017-06-06T05:57:34.823+0200: 2,852: [GC (Allocation Failure) 2017-06-06T05:57:34.823+0200: 2,852: [ParNew
Desired survivor size 20112992 bytes, new threshold 8 (max 8)
- age   1:    1148560 bytes,    1148560 total
- age   2:    1454496 bytes,    2603056 total
- age   3:     819224 bytes,    3422280 total
- age   4:    6667024 bytes,   10089304 total
: 99680K->12585K(109248K), 0,0124508 secs] 99680K->12585K(502464K), 0,0125227 secs] [Times: user=0,04 sys=0,00, real=0,01 secs] 
Heap after GC invocations=4 (full 1):
 par new generation   total 109248K, used 12585K [0x00000000e0000000, 0x00000000e8000000, 0x00000000e8000000)
  eden space 87424K,   0% used [0x00000000e0000000, 0x00000000e0000000, 0x00000000e5560000)
  from space 21824K,  57% used [0x00000000e5560000, 0x00000000e61aa4d0, 0x00000000e6ab0000)
  to   space 21824K,   0% used [0x00000000e6ab0000, 0x00000000e6ab0000, 0x00000000e8000000)
 concurrent mark-sweep generation total 393216K, used 0K [0x00000000e8000000, 0x0000000100000000, 0x0000000100000000)
 Metaspace       used 21269K, capacity 21638K, committed 21884K, reserved 1069056K
  class space    used 2448K, capacity 2606K, committed 2684K, reserved 1048576K
}
2017-06-06T05:57:34.835+0200: 2,864: Total time for which application threads were stopped: 0,0127494 seconds, Stopping threads took: 0,0000599 seconds
2017-06-06T05:57:34.835+0200: 2,864: [CMS-concurrent-abortable-preclean: 0,056/0,121 secs] [Times: user=0,46 sys=0,01, real=0,12 secs] 
2017-06-06T05:57:34.836+0200: 2,865: [GC (CMS Final Remark) [YG occupancy: 13931 K (109248 K)]{Heap before GC invocations=4 (full 1):
 par new generation   total 109248K, used 13931K [0x00000000e0000000, 0x00000000e8000000, 0x00000000e8000000)
  eden space 87424K,   1% used [0x00000000e0000000, 0x00000000e0150770, 0x00000000e5560000)
  from space 21824K,  57% used [0x00000000e5560000, 0x00000000e61aa4d0, 0x00000000e6ab0000)
  to   space 21824K,   0% used [0x00000000e6ab0000, 0x00000000e6ab0000, 0x00000000e8000000)
 concurrent mark-sweep generation total 393216K, used 0K [0x00000000e8000000, 0x0000000100000000, 0x0000000100000000)
 Metaspace       used 21269K, capacity 21638K, committed 21884K, reserved 1069056K
  class space    used 2448K, capacity 2606K, committed 2684K, reserved 1048576K
2017-06-06T05:57:34.836+0200: 2,865: [GC (CMS Final Remark) 2017-06-06T05:57:34.836+0200: 2,865: [ParNew
Desired survivor size 20112992 bytes, new threshold 8 (max 8)
- age   1:       8344 bytes,       8344 total
- age   2:     992504 bytes,    1000848 total
- age   3:    1449248 bytes,    2450096 total
- age   4:     819224 bytes,    3269320 total
- age   5:    6667464 bytes,    9936784 total
: 13931K->14934K(109248K), 0,0093080 secs] 13931K->14934K(502464K), 0,0093435 secs] [Times: user=0,04 sys=0,00, real=0,01 secs] 
Heap after GC invocations=5 (full 1):
 par new generation   total 109248K, used 14934K [0x00000000e0000000, 0x00000000e8000000, 0x00000000e8000000)
  eden space 87424K,   0% used [0x00000000e0000000, 0x00000000e0000000, 0x00000000e5560000)
  from space 21824K,  68% used [0x00000000e6ab0000, 0x00000000e7945808, 0x00000000e8000000)
  to   space 21824K,   0% used [0x00000000e5560000, 0x00000000e5560000, 0x00000000e6ab0000)
 concurrent mark-sweep generation total 393216K, used 0K [0x00000000e8000000, 0x0000000100000000, 0x0000000100000000)
 Metaspace       used 21269K, capacity 21638K, committed 21884K, reserved 1069056K
  class space    used 2448K, capacity 2606K, committed 2684K, reserved 1048576K
}
2017-06-06T05:57:34.845+0200: 2,874: [Rescan (parallel) , 0,0034932 secs]2017-06-06T05:57:34.849+0200: 2,878: [weak refs processing, 0,0008076 secs]2017-06-06T05:57:34.849+0200: 2,878: [class unloading, 0,0028422 secs]2017-06-06T05:57:34.852+0200: 2,881: [scrub symbol table, 0,0026385 secs]2017-06-06T05:57:34.855+0200: 2,884: [scrub string table, 0,0004004 secs][1 CMS-remark: 0K(393216K)] 14934K(502464K), 0,0201950 secs] [Times: user=0,06 sys=0,00, real=0,02 secs] 
2017-06-06T05:57:34.856+0200: 2,885: Total time for which application threads were stopped: 0,0203065 seconds, Stopping threads took: 0,0000418 seconds
2017-06-06T05:57:34.856+0200: 2,885: [CMS-concurrent-sweep-start]
2017-06-06T05:57:34.856+0200: 2,885: [CMS-concurrent-sweep: 0,000/0,000 secs] [Times: user=0,00 sys=0,00, real=0,00 secs] 
2017-06-06T05:57:34.856+0200: 2,885: [CMS-concurrent-reset-start]
2017-06-06T05:57:34.858+0200: 2,887: [CMS-concurrent-reset: 0,002/0,002 secs] [Times: user=0,01 sys=0,00, real=0,01 secs] 
{Heap before GC invocations=5 (full 1):
 par new generation   total 109248K, used 102358K [0x00000000e0000000, 0x00000000e8000000, 0x00000000e8000000)
  eden space 87424K, 100% used [0x00000000e0000000, 0x00000000e5560000, 0x00000000e5560000)
  from space 21824K,  68% used [0x00000000e6ab0000, 0x00000000e7945808, 0x00000000e8000000)
  to   space 21824K,   0% used [0x00000000e5560000, 0x00000000e5560000, 0x00000000e6ab0000)
 concurrent mark-sweep generation total 393216K, used 0K [0x00000000e8000000, 0x0000000100000000, 0x0000000100000000)
 Metaspace       used 21407K, capacity 21810K, committed 21884K, reserved 1069056K
  class space    used 2467K, capacity 2640K, committed 2684K, reserved 1048576K
2017-06-06T05:57:34.944+0200: 2,973: [GC (Allocation Failure) 2017-06-06T05:57:34.944+0200: 2,973: [ParNew
Desired survivor size 20112992 bytes, new threshold 8 (max 8)
- age   1:    1288928 bytes,    1288928 total
- age   3:     192688 bytes,    1481616 total
- age   4:    1448760 bytes,    2930376 total
- age   5:     817240 bytes,    3747616 total
- age   6:    6667208 bytes,   10414824 total
: 102358K->13677K(109248K), 0,0097411 secs] 102358K->13677K(502464K), 0,0098143 secs] [Times: user=0,04 sys=0,00, real=0,01 secs] 
Heap after GC invocations=6 (full 1):
 par new generation   total 109248K, used 13677K [0x00000000e0000000, 0x00000000e8000000, 0x00000000e8000000)
  eden space 87424K,   0% used [0x00000000e0000000, 0x00000000e0000000, 0x00000000e5560000)
  from space 21824K,  62% used [0x00000000e5560000, 0x00000000e62bb760, 0x00000000e6ab0000)
  to   space 21824K,   0% used [0x00000000e6ab0000, 0x00000000e6ab0000, 0x00000000e8000000)
 concurrent mark-sweep generation total 393216K, used 0K [0x00000000e8000000, 0x0000000100000000, 0x0000000100000000)
 Metaspace       used 21407K, capacity 21810K, committed 21884K, reserved 1069056K
  class space    used 2467K, capacity 2640K, committed 2684K, reserved 1048576K
}
2017-06-06T05:57:34.954+0200: 2,983: Total time for which application threads were stopped: 0,0107130 seconds, Stopping threads took: 0,0007704 seconds
2017-06-06T05:57:34.986+0200: 3,014: Total time for which application threads were stopped: 0,0003330 seconds, Stopping threads took: 0,0000387 seconds
2017-06-06T05:57:35.174+0200: 3,202: Total time for which application threads were stopped: 0,0005655 seconds, Stopping threads took: 0,0000713 seconds
2017-06-06T05:57:35.217+0200: 3,246: Total time for which application threads were stopped: 0,0004755 seconds, Stopping threads took: 0,0000572 seconds
2017-06-06T05:57:35.233+0200: 3,262: Total time for which application threads were stopped: 0,0003713 seconds, Stopping threads took: 0,0000220 seconds
{Heap before GC invocations=6 (full 1):
 par new generation   total 109248K, used 101101K [0x00000000e0000000, 0x00000000e8000000, 0x00000000e8000000)
  eden space 87424K, 100% used [0x00000000e0000000, 0x00000000e5560000, 0x00000000e5560000)
  from space 21824K,  62% used [0x00000000e5560000, 0x00000000e62bb760, 0x00000000e6ab0000)
  to   space 21824K,   0% used [0x00000000e6ab0000, 0x00000000e6ab0000, 0x00000000e8000000)
 concurrent mark-sweep generation total 393216K, used 0K [0x00000000e8000000, 0x0000000100000000, 0x0000000100000000)
 Metaspace       used 23876K, capacity 24306K, committed 24572K, reserved 1071104K
  class space    used 2807K, capacity 2982K, committed 3068K, reserved 1048576K
2017-06-06T05:57:35.398+0200: 3,427: [GC (Allocation Failure) 2017-06-06T05:57:35.398+0200: 3,427: [ParNew
Desired survivor size 20112992 bytes, new threshold 8 (max 8)
- age   1:    5162152 bytes,    5162152 total
- age   2:     119432 bytes,    5281584 total
- age   4:     191336 bytes,    5472920 total
- age   5:     278896 bytes,    5751816 total
- age   6:     792912 bytes,    6544728 total
- age   7:    6658672 bytes,   13203400 total
: 101101K->14861K(109248K), 0,0150988 secs] 101101K->14861K(502464K), 0,0151871 secs] [Times: user=0,06 sys=0,00, real=0,02 secs] 
Heap after GC invocations=7 (full 1):
 par new generation   total 109248K, used 14861K [0x00000000e0000000, 0x00000000e8000000, 0x00000000e8000000)
  eden space 87424K,   0% used [0x00000000e0000000, 0x00000000e0000000, 0x00000000e5560000)
  from space 21824K,  68% used [0x00000000e6ab0000, 0x00000000e7933500, 0x00000000e8000000)
  to   space 21824K,   0% used [0x00000000e5560000, 0x00000000e5560000, 0x00000000e6ab0000)
 concurrent mark-sweep generation total 393216K, used 0K [0x00000000e8000000, 0x0000000100000000, 0x0000000100000000)
 Metaspace       used 23876K, capacity 24306K, committed 24572K, reserved 1071104K
  class space    used 2807K, capacity 2982K, committed 3068K, reserved 1048576K
}
2017-06-06T05:57:35.413+0200: 3,442: Total time for which application threads were stopped: 0,0155372 seconds, Stopping threads took: 0,0001120 seconds
{Heap before GC invocations=7 (full 1):
 par new generation   total 109248K, used 102285K [0x00000000e0000000, 0x00000000e8000000, 0x00000000e8000000)
  eden space 87424K, 100% used [0x00000000e0000000, 0x00000000e5560000, 0x00000000e5560000)
  from space 21824K,  68% used [0x00000000e6ab0000, 0x00000000e7933500, 0x00000000e8000000)
  to   space 21824K,   0% used [0x00000000e5560000, 0x00000000e5560000, 0x00000000e6ab0000)
 concurrent mark-sweep generation total 393216K, used 0K [0x00000000e8000000, 0x0000000100000000, 0x0000000100000000)
 Metaspace       used 24368K, capacity 24888K, committed 25084K, reserved 1071104K
  class space    used 2856K, capacity 3047K, committed 3068K, reserved 1048576K
2017-06-06T05:57:35.506+0200: 3,535: [GC (Allocation Failure) 2017-06-06T05:57:35.506+0200: 3,535: [ParNew
Desired survivor size 20112992 bytes, new threshold 8 (max 8)
- age   1:    1969600 bytes,    1969600 total
- age   2:    1785096 bytes,    3754696 total
- age   3:      59488 bytes,    3814184 total
- age   5:     104160 bytes,    3918344 total
- age   6:     184056 bytes,    4102400 total
- age   7:     749488 bytes,    4851888 total
- age   8:    6124064 bytes,   10975952 total
: 102285K->16363K(109248K), 0,0160382 secs] 102285K->16363K(502464K), 0,0161184 secs] [Times: user=0,04 sys=0,00, real=0,02 secs] 
Heap after GC invocations=8 (full 1):
 par new generation   total 109248K, used 16363K [0x00000000e0000000, 0x00000000e8000000, 0x00000000e8000000)
  eden space 87424K,   0% used [0x00000000e0000000, 0x00000000e0000000, 0x00000000e5560000)
  from space 21824K,  74% used [0x00000000e5560000, 0x00000000e655ad40, 0x00000000e6ab0000)
  to   space 21824K,   0% used [0x00000000e6ab0000, 0x00000000e6ab0000, 0x00000000e8000000)
 concurrent mark-sweep generation total 393216K, used 0K [0x00000000e8000000, 0x0000000100000000, 0x0000000100000000)
 Metaspace       used 24368K, capacity 24888K, committed 25084K, reserved 1071104K
  class space    used 2856K, capacity 3047K, committed 3068K, reserved 1048576K
}
2017-06-06T05:57:35.522+0200: 3,551: Total time for which application threads were stopped: 0,0163369 seconds, Stopping threads took: 0,0000249 seconds
{Heap before GC invocations=8 (full 1):
 par new generation   total 109248K, used 103787K [0x00000000e0000000, 0x00000000e8000000, 0x00000000e8000000)
  eden space 87424K, 100% used [0x00000000e0000000, 0x00000000e5560000, 0x00000000e5560000)
  from space 21824K,  74% used [0x00000000e5560000, 0x00000000e655ad40, 0x00000000e6ab0000)
  to   space 21824K,   0% used [0x00000000e6ab0000, 0x00000000e6ab0000, 0x00000000e8000000)
 concurrent mark-sweep generation total 393216K, used 0K [0x00000000e8000000, 0x0000000100000000, 0x0000000100000000)
 Metaspace       used 24507K, capacity 24978K, committed 25084K, reserved 1071104K
  class space    used 2868K, capacity 3052K, committed 3068K, reserved 1048576K
2017-06-06T05:57:35.603+0200: 3,632: [GC (Allocation Failure) 2017-06-06T05:57:35.603+0200: 3,632: [ParNew
Desired survivor size 20112992 bytes, new threshold 8 (max 8)
- age   1:     527880 bytes,     527880 total
- age   2:     987136 bytes,    1515016 total
- age   3:    1761648 bytes,    3276664 total
- age   4:      59488 bytes,    3336152 total
- age   6:     103992 bytes,    3440144 total
- age   7:     181256 bytes,    3621400 total
- age   8:     748720 bytes,    4370120 total
: 103787K->6758K(109248K), 0,0273337 secs] 103787K->12821K(502464K), 0,0274007 secs] [Times: user=0,10 sys=0,00, real=0,03 secs] 
Heap after GC invocations=9 (full 1):
 par new generation   total 109248K, used 6758K [0x00000000e0000000, 0x00000000e8000000, 0x00000000e8000000)
  eden space 87424K,   0% used [0x00000000e0000000, 0x00000000e0000000, 0x00000000e5560000)
  from space 21824K,  30% used [0x00000000e6ab0000, 0x00000000e7149a60, 0x00000000e8000000)
  to   space 21824K,   0% used [0x00000000e5560000, 0x00000000e5560000, 0x00000000e6ab0000)
 concurrent mark-sweep generation total 393216K, used 6063K [0x00000000e8000000, 0x0000000100000000, 0x0000000100000000)
 Metaspace       used 24507K, capacity 24978K, committed 25084K, reserved 1071104K
  class space    used 2868K, capacity 3052K, committed 3068K, reserved 1048576K
}
2017-06-06T05:57:35.630+0200: 3,659: Total time for which application threads were stopped: 0,0276539 seconds, Stopping threads took: 0,0001045 seconds
2017-06-06T05:57:36.012+0200: 4,041: Total time for which application threads were stopped: 0,0004639 seconds, Stopping threads took: 0,0000238 seconds
2017-06-06T05:57:36.035+0200: 4,064: Total time for which application threads were stopped: 0,0013728 seconds, Stopping threads took: 0,0010515 seconds
2017-06-06T05:57:36.046+0200: 4,075: Total time for which application threads were stopped: 0,0005191 seconds, Stopping threads took: 0,0000269 seconds
2017-06-06T05:57:36.062+0200: 4,090: Total time for which application threads were stopped: 0,0001072 seconds, Stopping threads took: 0,0000206 seconds
2017-06-06T05:57:36.063+0200: 4,092: Total time for which application threads were stopped: 0,0001031 seconds, Stopping threads took: 0,0000240 seconds
2017-06-06T05:57:36.067+0200: 4,096: Total time for which application threads were stopped: 0,0001408 seconds, Stopping threads took: 0,0000321 seconds
2017-06-06T05:57:36.068+0200: 4,097: Total time for which application threads were stopped: 0,0001349 seconds, Stopping threads took: 0,0000332 seconds
2017-06-06T05:57:36.068+0200: 4,097: Total time for which application threads were stopped: 0,0001202 seconds, Stopping threads took: 0,0000307 seconds
2017-06-06T05:57:36.105+0200: 4,134: Total time for which application threads were stopped: 0,0005109 seconds, Stopping threads took: 0,0000627 seconds
2017-06-06T05:57:36.128+0200: 4,157: Total time for which application threads were stopped: 0,0003407 seconds, Stopping threads took: 0,0002390 seconds
2017-06-06T05:57:36.130+0200: 4,159: Total time for which application threads were stopped: 0,0002207 seconds, Stopping threads took: 0,0000962 seconds
2017-06-06T05:57:36.131+0200: 4,160: Total time for which application threads were stopped: 0,0001281 seconds, Stopping threads took: 0,0000364 seconds
2017-06-06T05:57:36.137+0200: 4,166: Total time for which application threads were stopped: 0,0022326 seconds, Stopping threads took: 0,0021482 seconds
2017-06-06T05:57:36.137+0200: 4,166: Total time for which application threads were stopped: 0,0000828 seconds, Stopping threads took: 0,0000185 seconds
2017-06-06T05:57:36.139+0200: 4,167: Total time for which application threads were stopped: 0,0000955 seconds, Stopping threads took: 0,0000172 seconds
2017-06-06T05:57:36.139+0200: 4,168: Total time for which application threads were stopped: 0,0000624 seconds, Stopping threads took: 0,0000114 seconds
2017-06-06T05:57:36.139+0200: 4,168: Total time for which application threads were stopped: 0,0000528 seconds, Stopping threads took: 0,0000093 seconds
2017-06-06T05:57:36.139+0200: 4,168: Total time for which application threads were stopped: 0,0000491 seconds, Stopping threads took: 0,0000069 seconds
2017-06-06T05:57:36.139+0200: 4,168: Total time for which application threads were stopped: 0,0000457 seconds, Stopping threads took: 0,0000071 seconds
2017-06-06T05:57:36.139+0200: 4,168: Total time for which application threads were stopped: 0,0000593 seconds, Stopping threads took: 0,0000167 seconds
2017-06-06T05:57:36.139+0200: 4,168: Total time for which application threads were stopped: 0,0000452 seconds, Stopping threads took: 0,0000094 seconds
2017-06-06T05:57:36.139+0200: 4,168: Total time for which application threads were stopped: 0,0000427 seconds, Stopping threads took: 0,0000070 seconds
2017-06-06T05:57:36.139+0200: 4,168: Total time for which application threads were stopped: 0,0000522 seconds, Stopping threads took: 0,0000136 seconds
2017-06-06T05:57:36.140+0200: 4,168: Total time for which application threads were stopped: 0,0000446 seconds, Stopping threads took: 0,0000134 seconds
2017-06-06T05:57:36.140+0200: 4,169: Total time for which application threads were stopped: 0,0000718 seconds, Stopping threads took: 0,0000269 seconds
2017-06-06T05:57:36.140+0200: 4,169: Total time for which application threads were stopped: 0,0001443 seconds, Stopping threads took: 0,0000346 seconds
2017-06-06T05:57:36.141+0200: 4,169: Total time for which application threads were stopped: 0,0000795 seconds, Stopping threads took: 0,0000173 seconds
2017-06-06T05:57:36.141+0200: 4,170: Total time for which application threads were stopped: 0,0000540 seconds, Stopping threads took: 0,0000108 seconds
2017-06-06T05:57:36.141+0200: 4,170: Total time for which application threads were stopped: 0,0000860 seconds, Stopping threads took: 0,0000237 seconds
2017-06-06T05:57:36.141+0200: 4,170: Total time for which application threads were stopped: 0,0000679 seconds, Stopping threads took: 0,0000197 seconds
2017-06-06T05:57:36.141+0200: 4,170: Total time for which application threads were stopped: 0,0000645 seconds, Stopping threads took: 0,0000192 seconds
2017-06-06T05:57:36.141+0200: 4,170: Total time for which application threads were stopped: 0,0000796 seconds, Stopping threads took: 0,0000236 seconds
2017-06-06T05:57:36.141+0200: 4,170: Total time for which application threads were stopped: 0,0000606 seconds, Stopping threads took: 0,0000199 seconds
2017-06-06T05:57:36.142+0200: 4,170: Total time for which application threads were stopped: 0,0000707 seconds, Stopping threads took: 0,0000203 seconds
2017-06-06T05:57:36.142+0200: 4,170: Total time for which application threads were stopped: 0,0000413 seconds, Stopping threads took: 0,0000093 seconds
2017-06-06T05:57:36.142+0200: 4,171: Total time for which application threads were stopped: 0,0000514 seconds, Stopping threads took: 0,0000168 seconds
2017-06-06T05:57:36.143+0200: 4,172: Total time for which application threads were stopped: 0,0000922 seconds, Stopping threads took: 0,0000279 seconds
2017-06-06T05:57:36.143+0200: 4,172: Total time for which application threads were stopped: 0,0000574 seconds, Stopping threads took: 0,0000107 seconds
2017-06-06T05:57:36.143+0200: 4,172: Total time for which application threads were stopped: 0,0000489 seconds, Stopping threads took: 0,0000116 seconds
2017-06-06T05:57:36.143+0200: 4,172: Total time for which application threads were stopped: 0,0000462 seconds, Stopping threads took: 0,0000156 seconds
2017-06-06T05:57:36.143+0200: 4,172: Total time for which application threads were stopped: 0,0000547 seconds, Stopping threads took: 0,0000238 seconds
2017-06-06T05:57:36.143+0200: 4,172: Total time for which application threads were stopped: 0,0000777 seconds, Stopping threads took: 0,0000224 seconds
2017-06-06T05:57:36.143+0200: 4,172: Total time for which application threads were stopped: 0,0000711 seconds, Stopping threads took: 0,0000278 seconds
2017-06-06T05:57:36.146+0200: 4,175: Total time for which application threads were stopped: 0,0001462 seconds, Stopping threads took: 0,0000811 seconds
2017-06-06T05:57:36.147+0200: 4,176: Total time for which application threads were stopped: 0,0000883 seconds, Stopping threads took: 0,0000394 seconds
2017-06-06T05:57:36.150+0200: 4,179: Total time for which application threads were stopped: 0,0032422 seconds, Stopping threads took: 0,0031203 seconds
2017-06-06T05:57:36.152+0200: 4,181: Total time for which application threads were stopped: 0,0001460 seconds, Stopping threads took: 0,0000569 seconds
2017-06-06T05:57:36.161+0200: 4,190: Total time for which application threads were stopped: 0,0001307 seconds, Stopping threads took: 0,0000504 seconds
2017-06-06T05:57:36.162+0200: 4,190: Total time for which application threads were stopped: 0,0001636 seconds, Stopping threads took: 0,0000509 seconds
2017-06-06T05:57:36.219+0200: 4,248: Total time for which application threads were stopped: 0,0057900 seconds, Stopping threads took: 0,0056438 seconds
2017-06-06T05:57:36.229+0200: 4,258: Total time for which application threads were stopped: 0,0001395 seconds, Stopping threads took: 0,0000633 seconds
2017-06-06T05:57:36.254+0200: 4,283: Total time for which application threads were stopped: 0,0005093 seconds, Stopping threads took: 0,0000519 seconds
2017-06-06T05:57:37.254+0200: 5,283: Total time for which application threads were stopped: 0,0000712 seconds, Stopping threads took: 0,0000158 seconds
2017-06-06T05:57:39.255+0200: 7,284: Total time for which application threads were stopped: 0,0000682 seconds, Stopping threads took: 0,0000187 seconds
{Heap before GC invocations=9 (full 1):
 par new generation   total 109248K, used 94182K [0x00000000e0000000, 0x00000000e8000000, 0x00000000e8000000)
  eden space 87424K, 100% used [0x00000000e0000000, 0x00000000e5560000, 0x00000000e5560000)
  from space 21824K,  30% used [0x00000000e6ab0000, 0x00000000e7149a60, 0x00000000e8000000)
  to   space 21824K,   0% used [0x00000000e5560000, 0x00000000e5560000, 0x00000000e6ab0000)
 concurrent mark-sweep generation total 393216K, used 6063K [0x00000000e8000000, 0x0000000100000000, 0x0000000100000000)
 Metaspace       used 28031K, capacity 28566K, committed 28796K, reserved 1075200K
  class space    used 3213K, capacity 3390K, committed 3452K, reserved 1048576K
2017-06-06T05:57:42.827+0200: 10,856: [GC (Allocation Failure) 2017-06-06T05:57:42.827+0200: 10,856: [ParNew
Desired survivor size 20112992 bytes, new threshold 8 (max 8)
- age   1:   11311496 bytes,   11311496 total
- age   2:     159448 bytes,   11470944 total
- age   3:     207432 bytes,   11678376 total
- age   4:    1755464 bytes,   13433840 total
- age   5:      57008 bytes,   13490848 total
- age   7:     103768 bytes,   13594616 total
- age   8:     180728 bytes,   13775344 total
: 94182K->14240K(109248K), 0,1086815 secs] 100245K->21121K(502464K), 0,1087629 secs] [Times: user=0,10 sys=0,01, real=0,10 secs] 
Heap after GC invocations=10 (full 1):
 par new generation   total 109248K, used 14240K [0x00000000e0000000, 0x00000000e8000000, 0x00000000e8000000)
  eden space 87424K,   0% used [0x00000000e0000000, 0x00000000e0000000, 0x00000000e5560000)
  from space 21824K,  65% used [0x00000000e5560000, 0x00000000e6348220, 0x00000000e6ab0000)
  to   space 21824K,   0% used [0x00000000e6ab0000, 0x00000000e6ab0000, 0x00000000e8000000)
 concurrent mark-sweep generation total 393216K, used 6881K [0x00000000e8000000, 0x0000000100000000, 0x0000000100000000)
 Metaspace       used 28031K, capacity 28566K, committed 28796K, reserved 1075200K
  class space    used 3213K, capacity 3390K, committed 3452K, reserved 1048576K
}
2017-06-06T05:57:42.936+0200: 10,965: Total time for which application threads were stopped: 0,1089499 seconds, Stopping threads took: 0,0000176 seconds
2017-06-06T05:57:42.938+0200: 10,967: Total time for which application threads were stopped: 0,0002492 seconds, Stopping threads took: 0,0001867 seconds
2017-06-06T05:57:42.950+0200: 10,979: Total time for which application threads were stopped: 0,0064777 seconds, Stopping threads took: 0,0000182 seconds
2017-06-06T05:58:03.170+0200: 31,982: Total time for which application threads were stopped: 0,0001285 seconds, Stopping threads took: 0,0000446 seconds
2017-06-06T05:59:28.181+0200: 116,993: Total time for which application threads were stopped: 0,0003628 seconds, Stopping threads took: 0,0000948 seconds
2017-06-06T05:59:33.182+0200: 121,994: Total time for which application threads were stopped: 0,0000701 seconds, Stopping threads took: 0,0000186 seconds
2017-06-06T06:00:32.189+0200: 181,001: Total time for which application threads were stopped: 0,0006036 seconds, Stopping threads took: 0,0002407 seconds
2017-06-06T06:02:07.200+0200: 276,012: Total time for which application threads were stopped: 0,0001025 seconds, Stopping threads took: 0,0000387 seconds
2017-06-06T06:12:12.397+0200: 881,209: Total time for which application threads were stopped: 0,0334142 seconds, Stopping threads took: 0,0333360 seconds
2017-06-06T06:12:12.418+0200: 881,229: Total time for which application threads were stopped: 0,0001002 seconds, Stopping threads took: 0,0000210 seconds
2017-06-06T06:12:12.418+0200: 881,230: Total time for which application threads were stopped: 0,0000610 seconds, Stopping threads took: 0,0000099 seconds
2017-06-06T06:12:12.418+0200: 881,230: Total time for which application threads were stopped: 0,0000379 seconds, Stopping threads took: 0,0000058 seconds
2017-06-06T06:12:12.418+0200: 881,230: Total time for which application threads were stopped: 0,0000846 seconds, Stopping threads took: 0,0000263 seconds
2017-06-06T06:12:12.429+0200: 881,241: Total time for which application threads were stopped: 0,0001101 seconds, Stopping threads took: 0,0000340 seconds
2017-06-06T06:12:12.429+0200: 881,241: Total time for which application threads were stopped: 0,0000640 seconds, Stopping threads took: 0,0000206 seconds
2017-06-06T06:12:12.429+0200: 881,241: Total time for which application threads were stopped: 0,0000527 seconds, Stopping threads took: 0,0000180 seconds
2017-06-06T06:12:12.430+0200: 881,241: Total time for which application threads were stopped: 0,0000535 seconds, Stopping threads took: 0,0000155 seconds
2017-06-06T06:12:12.430+0200: 881,241: Total time for which application threads were stopped: 0,0000535 seconds, Stopping threads took: 0,0000162 seconds
2017-06-06T06:12:12.430+0200: 881,242: Total time for which application threads were stopped: 0,0000493 seconds, Stopping threads took: 0,0000151 seconds
2017-06-06T06:12:12.431+0200: 881,243: Total time for which application threads were stopped: 0,0000808 seconds, Stopping threads took: 0,0000155 seconds
2017-06-06T06:12:12.431+0200: 881,243: Total time for which application threads were stopped: 0,0000529 seconds, Stopping threads took: 0,0000139 seconds
2017-06-06T06:12:12.431+0200: 881,243: Total time for which application threads were stopped: 0,0000452 seconds, Stopping threads took: 0,0000139 seconds
2017-06-06T06:12:12.432+0200: 881,244: Total time for which application threads were stopped: 0,0001369 seconds, Stopping threads took: 0,0000309 seconds
2017-06-06T06:12:12.433+0200: 881,245: Total time for which application threads were stopped: 0,0000965 seconds, Stopping threads took: 0,0000269 seconds
2017-06-06T06:12:12.450+0200: 881,262: Total time for which application threads were stopped: 0,0005529 seconds, Stopping threads took: 0,0004734 seconds
2017-06-06T06:12:12.450+0200: 881,262: Total time for which application threads were stopped: 0,0000849 seconds, Stopping threads took: 0,0000330 seconds
2017-06-06T06:12:12.450+0200: 881,262: Total time for which application threads were stopped: 0,0000560 seconds, Stopping threads took: 0,0000140 seconds
2017-06-06T06:12:12.452+0200: 881,264: Total time for which application threads were stopped: 0,0001506 seconds, Stopping threads took: 0,0000351 seconds
2017-06-06T06:12:12.454+0200: 881,266: Total time for which application threads were stopped: 0,0017224 seconds, Stopping threads took: 0,0016450 seconds
2017-06-06T06:12:12.454+0200: 881,266: Total time for which application threads were stopped: 0,0000733 seconds, Stopping threads took: 0,0000167 seconds
2017-06-06T06:12:12.455+0200: 881,266: Total time for which application threads were stopped: 0,0000917 seconds, Stopping threads took: 0,0000351 seconds
2017-06-06T06:12:12.456+0200: 881,267: Total time for which application threads were stopped: 0,0000896 seconds, Stopping threads took: 0,0000249 seconds
2017-06-06T06:12:12.459+0200: 881,271: Total time for which application threads were stopped: 0,0001241 seconds, Stopping threads took: 0,0000412 seconds
2017-06-06T06:12:12.460+0200: 881,272: Total time for which application threads were stopped: 0,0001140 seconds, Stopping threads took: 0,0000302 seconds
2017-06-06T06:12:12.460+0200: 881,272: Total time for which application threads were stopped: 0,0000512 seconds, Stopping threads took: 0,0000153 seconds
2017-06-06T06:12:12.460+0200: 881,272: Total time for which application threads were stopped: 0,0000412 seconds, Stopping threads took: 0,0000118 seconds
2017-06-06T06:12:12.461+0200: 881,272: Total time for which application threads were stopped: 0,0000601 seconds, Stopping threads took: 0,0000160 seconds
2017-06-06T06:12:12.462+0200: 881,273: Total time for which application threads were stopped: 0,0001220 seconds, Stopping threads took: 0,0000236 seconds
2017-06-06T06:12:12.469+0200: 881,281: Total time for which application threads were stopped: 0,0000937 seconds, Stopping threads took: 0,0000168 seconds
2017-06-06T06:12:12.469+0200: 881,281: Total time for which application threads were stopped: 0,0000648 seconds, Stopping threads took: 0,0000207 seconds
2017-06-06T06:12:12.469+0200: 881,281: Total time for which application threads were stopped: 0,0000544 seconds, Stopping threads took: 0,0000136 seconds
2017-06-06T06:12:12.470+0200: 881,282: Total time for which application threads were stopped: 0,0000570 seconds, Stopping threads took: 0,0000160 seconds
2017-06-06T06:12:12.470+0200: 881,282: Total time for which application threads were stopped: 0,0001546 seconds, Stopping threads took: 0,0000133 seconds
2017-06-06T06:12:12.473+0200: 881,285: Total time for which application threads were stopped: 0,0000950 seconds, Stopping threads took: 0,0000293 seconds
2017-06-06T06:12:12.475+0200: 881,287: Total time for which application threads were stopped: 0,0001099 seconds, Stopping threads took: 0,0000226 seconds
Heap
 par new generation   total 109248K, used 39468K [0x00000000e0000000, 0x00000000e8000000, 0x00000000e8000000)
  eden space 87424K,  28% used [0x00000000e0000000, 0x00000000e18a2ec0, 0x00000000e5560000)
  from space 21824K,  65% used [0x00000000e5560000, 0x00000000e6348220, 0x00000000e6ab0000)
  to   space 21824K,   0% used [0x00000000e6ab0000, 0x00000000e6ab0000, 0x00000000e8000000)
 concurrent mark-sweep generation total 393216K, used 6881K [0x00000000e8000000, 0x0000000100000000, 0x0000000100000000)
 Metaspace       used 28164K, capacity 28736K, committed 29052K, reserved 1075200K
  class space    used 3227K, capacity 3425K, committed 3452K, reserved 1048576K
