OpenJDK 64-Bit Server VM (25.111-b14) for linux-amd64 JRE (1.8.0_111-8u111-b14-2ubuntu0.16.04.2-b14), built on Oct 27 2016 18:10:19 by "buildd" with gcc 5.4.0 20160609
Memory: 4k page, physical 7867804k(7518724k free), swap 8076284k(8076284k free)
CommandLine flags: -XX:CMSInitiatingOccupancyFraction=50 -XX:CMSMaxAbortablePrecleanTime=6000 -XX:+CMSParallelRemarkEnabled -XX:+CMSScavengeBeforeRemark -XX:ConcGCThreads=4 -XX:InitialHeapSize=536870912 -XX:MaxHeapSize=536870912 -XX:MaxTenuringThreshold=8 -XX:NewRatio=3 -XX:OldPLABSize=16 -XX:OnOutOfMemoryError=/opt/solr/bin/oom_solr.sh 8983 /var/solr/logs -XX:ParallelGCThreads=4 -XX:+ParallelRefProcEnabled -XX:PretenureSizeThreshold=67108864 -XX:+PrintGC -XX:+PrintGCApplicationStoppedTime -XX:+PrintGCDateStamps -XX:+PrintGCDetails -XX:+PrintGCTimeStamps -XX:+PrintHeapAtGC -XX:+PrintTenuringDistribution -XX:SurvivorRatio=4 -XX:TargetSurvivorRatio=90 -XX:ThreadStackSize=256 -XX:+UseCMSInitiatingOccupancyOnly -XX:+UseCompressedClassPointers -XX:+UseCompressedOops -XX:+UseConcMarkSweepGC -XX:+UseParNewGC 
2016-12-28T08:33:42.492+0100: 0,144: Total time for which application threads were stopped: 0,0000756 seconds, Stopping threads took: 0,0000119 seconds
2016-12-28T08:33:42.574+0100: 0,227: Total time for which application threads were stopped: 0,0008507 seconds, Stopping threads took: 0,0007493 seconds
2016-12-28T08:33:42.585+0100: 0,237: Total time for which application threads were stopped: 0,0000804 seconds, Stopping threads took: 0,0000136 seconds
2016-12-28T08:33:42.786+0100: 0,439: Total time for which application threads were stopped: 0,0001238 seconds, Stopping threads took: 0,0000128 seconds
2016-12-28T08:33:43.278+0100: 0,931: Total time for which application threads were stopped: 0,0001554 seconds, Stopping threads took: 0,0000232 seconds
2016-12-28T08:33:43.384+0100: 1,036: Total time for which application threads were stopped: 0,0001417 seconds, Stopping threads took: 0,0000167 seconds
2016-12-28T08:33:43.409+0100: 1,062: Total time for which application threads were stopped: 0,0001720 seconds, Stopping threads took: 0,0000363 seconds
2016-12-28T08:33:43.755+0100: 1,408: Total time for which application threads were stopped: 0,0001911 seconds, Stopping threads took: 0,0000154 seconds
2016-12-28T08:33:43.959+0100: 1,612: Total time for which application threads were stopped: 0,0002063 seconds, Stopping threads took: 0,0000243 seconds
2016-12-28T08:33:43.983+0100: 1,635: Total time for which application threads were stopped: 0,0002353 seconds, Stopping threads took: 0,0000119 seconds
2016-12-28T08:33:43.984+0100: 1,637: Total time for which application threads were stopped: 0,0001528 seconds, Stopping threads took: 0,0000120 seconds
2016-12-28T08:33:44.003+0100: 1,656: Total time for which application threads were stopped: 0,0009484 seconds, Stopping threads took: 0,0002880 seconds
2016-12-28T08:33:44.096+0100: 1,749: Total time for which application threads were stopped: 0,0002349 seconds, Stopping threads took: 0,0000310 seconds
2016-12-28T08:33:44.230+0100: 1,883: Total time for which application threads were stopped: 0,0002428 seconds, Stopping threads took: 0,0000379 seconds
{Heap before GC invocations=0 (full 0):
 par new generation   total 109248K, used 87424K [0x00000000e0000000, 0x00000000e8000000, 0x00000000e8000000)
  eden space 87424K, 100% used [0x00000000e0000000, 0x00000000e5560000, 0x00000000e5560000)
  from space 21824K,   0% used [0x00000000e5560000, 0x00000000e5560000, 0x00000000e6ab0000)
  to   space 21824K,   0% used [0x00000000e6ab0000, 0x00000000e6ab0000, 0x00000000e8000000)
 concurrent mark-sweep generation total 393216K, used 0K [0x00000000e8000000, 0x0000000100000000, 0x0000000100000000)
 Metaspace       used 18072K, capacity 18366K, committed 18560K, reserved 1064960K
  class space    used 2053K, capacity 2162K, committed 2176K, reserved 1048576K
2016-12-28T08:33:44.347+0100: 2,000: [GC (Allocation Failure) 2016-12-28T08:33:44.347+0100: 2,000: [ParNew
Desired survivor size 20112992 bytes, new threshold 8 (max 8)
- age   1:   12331240 bytes,   12331240 total
: 87424K->12161K(109248K), 0,0159655 secs] 87424K->12161K(502464K), 0,0160545 secs] [Times: user=0,04 sys=0,02, real=0,02 secs] 
Heap after GC invocations=1 (full 0):
 par new generation   total 109248K, used 12161K [0x00000000e0000000, 0x00000000e8000000, 0x00000000e8000000)
  eden space 87424K,   0% used [0x00000000e0000000, 0x00000000e0000000, 0x00000000e5560000)
  from space 21824K,  55% used [0x00000000e6ab0000, 0x00000000e7690520, 0x00000000e8000000)
  to   space 21824K,   0% used [0x00000000e5560000, 0x00000000e5560000, 0x00000000e6ab0000)
 concurrent mark-sweep generation total 393216K, used 0K [0x00000000e8000000, 0x0000000100000000, 0x0000000100000000)
 Metaspace       used 18072K, capacity 18366K, committed 18560K, reserved 1064960K
  class space    used 2053K, capacity 2162K, committed 2176K, reserved 1048576K
}
2016-12-28T08:33:44.363+0100: 2,016: Total time for which application threads were stopped: 0,0162395 seconds, Stopping threads took: 0,0000298 seconds
2016-12-28T08:33:44.532+0100: 2,184: Total time for which application threads were stopped: 0,0003600 seconds, Stopping threads took: 0,0000263 seconds
2016-12-28T08:33:44.563+0100: 2,215: Total time for which application threads were stopped: 0,0003163 seconds, Stopping threads took: 0,0000240 seconds
2016-12-28T08:33:44.590+0100: 2,243: Total time for which application threads were stopped: 0,0003005 seconds, Stopping threads took: 0,0000351 seconds
{Heap before GC invocations=1 (full 0):
 par new generation   total 109248K, used 99585K [0x00000000e0000000, 0x00000000e8000000, 0x00000000e8000000)
  eden space 87424K, 100% used [0x00000000e0000000, 0x00000000e5560000, 0x00000000e5560000)
  from space 21824K,  55% used [0x00000000e6ab0000, 0x00000000e7690520, 0x00000000e8000000)
  to   space 21824K,   0% used [0x00000000e5560000, 0x00000000e5560000, 0x00000000e6ab0000)
 concurrent mark-sweep generation total 393216K, used 0K [0x00000000e8000000, 0x0000000100000000, 0x0000000100000000)
 Metaspace       used 20724K, capacity 21020K, committed 21248K, reserved 1069056K
  class space    used 2403K, capacity 2518K, committed 2560K, reserved 1048576K
2016-12-28T08:33:44.761+0100: 2,414: [GC (Allocation Failure) 2016-12-28T08:33:44.761+0100: 2,414: [ParNew
Desired survivor size 20112992 bytes, new threshold 8 (max 8)
- age   1:    2896840 bytes,    2896840 total
- age   2:    6101080 bytes,    8997920 total
: 99585K->15041K(109248K), 0,0156447 secs] 99585K->15041K(502464K), 0,0157209 secs] [Times: user=0,06 sys=0,00, real=0,01 secs] 
Heap after GC invocations=2 (full 0):
 par new generation   total 109248K, used 15041K [0x00000000e0000000, 0x00000000e8000000, 0x00000000e8000000)
  eden space 87424K,   0% used [0x00000000e0000000, 0x00000000e0000000, 0x00000000e5560000)
  from space 21824K,  68% used [0x00000000e5560000, 0x00000000e64107c0, 0x00000000e6ab0000)
  to   space 21824K,   0% used [0x00000000e6ab0000, 0x00000000e6ab0000, 0x00000000e8000000)
 concurrent mark-sweep generation total 393216K, used 0K [0x00000000e8000000, 0x0000000100000000, 0x0000000100000000)
 Metaspace       used 20724K, capacity 21020K, committed 21248K, reserved 1069056K
  class space    used 2403K, capacity 2518K, committed 2560K, reserved 1048576K
}
2016-12-28T08:33:44.777+0100: 2,430: Total time for which application threads were stopped: 0,0159814 seconds, Stopping threads took: 0,0000524 seconds
2016-12-28T08:33:44.829+0100: 2,481: Total time for which application threads were stopped: 0,0000689 seconds, Stopping threads took: 0,0000134 seconds
2016-12-28T08:33:44.863+0100: 2,516: Total time for which application threads were stopped: 0,0000755 seconds, Stopping threads took: 0,0000117 seconds
2016-12-28T08:33:44.864+0100: 2,517: Total time for which application threads were stopped: 0,0002517 seconds, Stopping threads took: 0,0000193 seconds
2016-12-28T08:33:44.891+0100: 2,543: Total time for which application threads were stopped: 0,0001070 seconds, Stopping threads took: 0,0000166 seconds
2016-12-28T08:33:44.967+0100: 2,620: Total time for which application threads were stopped: 0,0001078 seconds, Stopping threads took: 0,0000223 seconds
2016-12-28T08:33:44.984+0100: 2,637: Total time for which application threads were stopped: 0,0000779 seconds, Stopping threads took: 0,0000222 seconds
2016-12-28T08:33:44.993+0100: 2,646: Total time for which application threads were stopped: 0,0002800 seconds, Stopping threads took: 0,0000226 seconds
2016-12-28T08:33:45.003+0100: 2,656: Total time for which application threads were stopped: 0,0002928 seconds, Stopping threads took: 0,0000280 seconds
2016-12-28T08:33:45.020+0100: 2,673: Total time for which application threads were stopped: 0,0000776 seconds, Stopping threads took: 0,0000197 seconds
2016-12-28T08:33:45.050+0100: 2,703: Total time for which application threads were stopped: 0,0001145 seconds, Stopping threads took: 0,0000288 seconds
2016-12-28T08:33:45.067+0100: 2,720: Total time for which application threads were stopped: 0,0000710 seconds, Stopping threads took: 0,0000134 seconds
2016-12-28T08:33:45.084+0100: 2,736: Total time for which application threads were stopped: 0,0000883 seconds, Stopping threads took: 0,0000241 seconds
2016-12-28T08:33:45.109+0100: 2,762: Total time for which application threads were stopped: 0,0000736 seconds, Stopping threads took: 0,0000125 seconds
2016-12-28T08:33:45.144+0100: 2,796: Total time for which application threads were stopped: 0,0001233 seconds, Stopping threads took: 0,0000296 seconds
2016-12-28T08:33:45.194+0100: 2,847: Total time for which application threads were stopped: 0,0001027 seconds, Stopping threads took: 0,0000320 seconds
2016-12-28T08:33:45.230+0100: 2,883: Total time for which application threads were stopped: 0,0003394 seconds, Stopping threads took: 0,0000240 seconds
2016-12-28T08:33:45.238+0100: 2,891: Total time for which application threads were stopped: 0,0000876 seconds, Stopping threads took: 0,0000216 seconds
{Heap before GC invocations=2 (full 0):
 par new generation   total 109248K, used 102465K [0x00000000e0000000, 0x00000000e8000000, 0x00000000e8000000)
  eden space 87424K, 100% used [0x00000000e0000000, 0x00000000e5560000, 0x00000000e5560000)
  from space 21824K,  68% used [0x00000000e5560000, 0x00000000e64107c0, 0x00000000e6ab0000)
  to   space 21824K,   0% used [0x00000000e6ab0000, 0x00000000e6ab0000, 0x00000000e8000000)
 concurrent mark-sweep generation total 393216K, used 0K [0x00000000e8000000, 0x0000000100000000, 0x0000000100000000)
 Metaspace       used 24862K, capacity 25220K, committed 25536K, reserved 1071104K
  class space    used 2896K, capacity 3024K, committed 3064K, reserved 1048576K
2016-12-28T08:33:45.250+0100: 2,903: [GC (Allocation Failure) 2016-12-28T08:33:45.250+0100: 2,903: [ParNew
Desired survivor size 20112992 bytes, new threshold 8 (max 8)
- age   1:    6700112 bytes,    6700112 total
- age   2:     546448 bytes,    7246560 total
- age   3:    6094040 bytes,   13340600 total
: 102465K->15288K(109248K), 0,0148810 secs] 102465K->15288K(502464K), 0,0149324 secs] [Times: user=0,05 sys=0,00, real=0,02 secs] 
Heap after GC invocations=3 (full 0):
 par new generation   total 109248K, used 15288K [0x00000000e0000000, 0x00000000e8000000, 0x00000000e8000000)
  eden space 87424K,   0% used [0x00000000e0000000, 0x00000000e0000000, 0x00000000e5560000)
  from space 21824K,  70% used [0x00000000e6ab0000, 0x00000000e799e288, 0x00000000e8000000)
  to   space 21824K,   0% used [0x00000000e5560000, 0x00000000e5560000, 0x00000000e6ab0000)
 concurrent mark-sweep generation total 393216K, used 0K [0x00000000e8000000, 0x0000000100000000, 0x0000000100000000)
 Metaspace       used 24862K, capacity 25220K, committed 25536K, reserved 1071104K
  class space    used 2896K, capacity 3024K, committed 3064K, reserved 1048576K
}
2016-12-28T08:33:45.265+0100: 2,918: Total time for which application threads were stopped: 0,0151091 seconds, Stopping threads took: 0,0000237 seconds
2016-12-28T08:33:45.265+0100: 2,918: [GC (CMS Initial Mark) [1 CMS-initial-mark: 0K(393216K)] 15293K(502464K), 0,0031265 secs] [Times: user=0,02 sys=0,00, real=0,00 secs] 
2016-12-28T08:33:45.269+0100: 2,921: Total time for which application threads were stopped: 0,0033750 seconds, Stopping threads took: 0,0001680 seconds
2016-12-28T08:33:45.269+0100: 2,921: [CMS-concurrent-mark-start]
2016-12-28T08:33:45.269+0100: 2,922: [CMS-concurrent-mark: 0,001/0,001 secs] [Times: user=0,00 sys=0,00, real=0,00 secs] 
2016-12-28T08:33:45.269+0100: 2,922: [CMS-concurrent-preclean-start]
2016-12-28T08:33:45.270+0100: 2,923: [CMS-concurrent-preclean: 0,001/0,001 secs] [Times: user=0,00 sys=0,00, real=0,00 secs] 
2016-12-28T08:33:45.271+0100: 2,924: [GC (CMS Final Remark) [YG occupancy: 16702 K (109248 K)]{Heap before GC invocations=3 (full 1):
 par new generation   total 109248K, used 16702K [0x00000000e0000000, 0x00000000e8000000, 0x00000000e8000000)
  eden space 87424K,   1% used [0x00000000e0000000, 0x00000000e0161808, 0x00000000e5560000)
  from space 21824K,  70% used [0x00000000e6ab0000, 0x00000000e799e288, 0x00000000e8000000)
  to   space 21824K,   0% used [0x00000000e5560000, 0x00000000e5560000, 0x00000000e6ab0000)
 concurrent mark-sweep generation total 393216K, used 0K [0x00000000e8000000, 0x0000000100000000, 0x0000000100000000)
 Metaspace       used 24883K, capacity 25284K, committed 25536K, reserved 1071104K
  class space    used 2897K, capacity 3024K, committed 3064K, reserved 1048576K
2016-12-28T08:33:45.271+0100: 2,924: [GC (CMS Final Remark) 2016-12-28T08:33:45.271+0100: 2,924: [ParNew
Desired survivor size 20112992 bytes, new threshold 8 (max 8)
- age   1:      33224 bytes,      33224 total
- age   2:    3155992 bytes,    3189216 total
- age   3:     546448 bytes,    3735664 total
- age   4:    6092560 bytes,    9828224 total
: 16702K->16185K(109248K), 0,0099593 secs] 16702K->16185K(502464K), 0,0100021 secs] [Times: user=0,04 sys=0,00, real=0,01 secs] 
Heap after GC invocations=4 (full 1):
 par new generation   total 109248K, used 16185K [0x00000000e0000000, 0x00000000e8000000, 0x00000000e8000000)
  eden space 87424K,   0% used [0x00000000e0000000, 0x00000000e0000000, 0x00000000e5560000)
  from space 21824K,  74% used [0x00000000e5560000, 0x00000000e652e550, 0x00000000e6ab0000)
  to   space 21824K,   0% used [0x00000000e6ab0000, 0x00000000e6ab0000, 0x00000000e8000000)
 concurrent mark-sweep generation total 393216K, used 0K [0x00000000e8000000, 0x0000000100000000, 0x0000000100000000)
 Metaspace       used 24883K, capacity 25284K, committed 25536K, reserved 1071104K
  class space    used 2897K, capacity 3024K, committed 3064K, reserved 1048576K
}
2016-12-28T08:33:45.281+0100: 2,934: [Rescan (parallel) , 0,0035110 secs]2016-12-28T08:33:45.285+0100: 2,937: [weak refs processing, 0,0011712 secs]2016-12-28T08:33:45.286+0100: 2,938: [class unloading, 0,0031583 secs]2016-12-28T08:33:45.289+0100: 2,942: [scrub symbol table, 0,0032113 secs]2016-12-28T08:33:45.292+0100: 2,945: [scrub string table, 0,0003771 secs][1 CMS-remark: 0K(393216K)] 16185K(502464K), 0,0221369 secs] [Times: user=0,06 sys=0,00, real=0,02 secs] 
2016-12-28T08:33:45.293+0100: 2,946: Total time for which application threads were stopped: 0,0225136 seconds, Stopping threads took: 0,0003034 seconds
2016-12-28T08:33:45.293+0100: 2,946: [CMS-concurrent-sweep-start]
2016-12-28T08:33:45.293+0100: 2,946: [CMS-concurrent-sweep: 0,000/0,000 secs] [Times: user=0,00 sys=0,00, real=0,00 secs] 
2016-12-28T08:33:45.293+0100: 2,946: [CMS-concurrent-reset-start]
2016-12-28T08:33:45.296+0100: 2,949: [CMS-concurrent-reset: 0,003/0,003 secs] [Times: user=0,01 sys=0,00, real=0,00 secs] 
2016-12-28T08:33:46.293+0100: 3,946: Total time for which application threads were stopped: 0,0001034 seconds, Stopping threads took: 0,0000164 seconds
2016-12-28T08:33:46.406+0100: 4,059: Total time for which application threads were stopped: 0,0002981 seconds, Stopping threads took: 0,0000161 seconds
2016-12-28T08:36:23.904+0100: 162,075: Total time for which application threads were stopped: 0,0003027 seconds, Stopping threads took: 0,0001318 seconds
2016-12-28T08:36:28.905+0100: 167,075: Total time for which application threads were stopped: 0,0000552 seconds, Stopping threads took: 0,0000159 seconds
2016-12-28T08:36:42.907+0100: 181,077: Total time for which application threads were stopped: 0,0001470 seconds, Stopping threads took: 0,0000588 seconds
2016-12-28T08:37:23.911+0100: 222,082: Total time for which application threads were stopped: 0,0001550 seconds, Stopping threads took: 0,0000605 seconds
2016-12-28T08:38:12.917+0100: 271,087: Total time for which application threads were stopped: 0,0000730 seconds, Stopping threads took: 0,0000322 seconds
2016-12-28T08:38:28.919+0100: 287,090: Total time for which application threads were stopped: 0,0001231 seconds, Stopping threads took: 0,0000498 seconds
2016-12-28T08:39:03.924+0100: 322,094: Total time for which application threads were stopped: 0,0000901 seconds, Stopping threads took: 0,0000403 seconds
2016-12-28T08:41:13.938+0100: 452,109: Total time for which application threads were stopped: 0,0000962 seconds, Stopping threads took: 0,0000392 seconds
2016-12-28T08:44:13.959+0100: 632,130: Total time for which application threads were stopped: 0,0000992 seconds, Stopping threads took: 0,0000341 seconds
2016-12-28T08:44:23.961+0100: 642,132: Total time for which application threads were stopped: 0,0006074 seconds, Stopping threads took: 0,0002734 seconds
2016-12-28T08:57:23.048+0100: 1421,219: Total time for which application threads were stopped: 0,0000995 seconds, Stopping threads took: 0,0000420 seconds
2016-12-28T09:01:39.075+0100: 1677,246: Total time for which application threads were stopped: 0,0000762 seconds, Stopping threads took: 0,0000335 seconds
2016-12-28T09:02:48.083+0100: 1746,254: Total time for which application threads were stopped: 0,0000754 seconds, Stopping threads took: 0,0000308 seconds
2016-12-28T09:12:54.145+0100: 2352,316: Total time for which application threads were stopped: 0,0002817 seconds, Stopping threads took: 0,0001400 seconds
2016-12-28T09:12:58.146+0100: 2356,317: Total time for which application threads were stopped: 0,0000543 seconds, Stopping threads took: 0,0000137 seconds
2016-12-28T09:32:59.279+0100: 3557,450: Total time for which application threads were stopped: 0,0002873 seconds, Stopping threads took: 0,0000623 seconds
2016-12-28T09:40:33.326+0100: 4011,497: Total time for which application threads were stopped: 0,0001191 seconds, Stopping threads took: 0,0000700 seconds
2016-12-28T09:40:43.327+0100: 4021,498: Total time for which application threads were stopped: 0,0000849 seconds, Stopping threads took: 0,0000211 seconds
2016-12-28T10:23:33.331+0100: 6591,501: Total time for which application threads were stopped: 0,0001162 seconds, Stopping threads took: 0,0000250 seconds
Heap
 par new generation   total 109248K, used 59699K [0x00000000e0000000, 0x00000000e8000000, 0x00000000e8000000)
  eden space 87424K,  49% used [0x00000000e0000000, 0x00000000e2a7e768, 0x00000000e5560000)
  from space 21824K,  74% used [0x00000000e5560000, 0x00000000e652e550, 0x00000000e6ab0000)
  to   space 21824K,   0% used [0x00000000e6ab0000, 0x00000000e6ab0000, 0x00000000e8000000)
 concurrent mark-sweep generation total 393216K, used 0K [0x00000000e8000000, 0x0000000100000000, 0x0000000100000000)
 Metaspace       used 27240K, capacity 27728K, committed 27840K, reserved 1073152K
  class space    used 3166K, capacity 3320K, committed 3320K, reserved 1048576K
