OpenJDK 64-Bit Server VM (25.131-b11) for linux-amd64 JRE (1.8.0_131-8u131-b11-2ubuntu1.16.04.3-b11), built on Jul 28 2017 01:23:32 by "buildd" with gcc 5.4.0 20160609
Memory: 4k page, physical 7867736k(7465504k free), swap 8076284k(8076284k free)
CommandLine flags: -XX:CMSInitiatingOccupancyFraction=50 -XX:CMSMaxAbortablePrecleanTime=6000 -XX:+CMSParallelRemarkEnabled -XX:+CMSScavengeBeforeRemark -XX:ConcGCThreads=4 -XX:InitialHeapSize=536870912 -XX:MaxHeapSize=536870912 -XX:MaxTenuringThreshold=8 -XX:NewRatio=3 -XX:OldPLABSize=16 -XX:OnOutOfMemoryError=/opt/solr/bin/oom_solr.sh 8983 /var/solr/logs -XX:ParallelGCThreads=4 -XX:+ParallelRefProcEnabled -XX:PretenureSizeThreshold=67108864 -XX:+PrintGC -XX:+PrintGCApplicationStoppedTime -XX:+PrintGCDateStamps -XX:+PrintGCDetails -XX:+PrintGCTimeStamps -XX:+PrintHeapAtGC -XX:+PrintTenuringDistribution -XX:SurvivorRatio=4 -XX:TargetSurvivorRatio=90 -XX:ThreadStackSize=256 -XX:+UseCMSInitiatingOccupancyOnly -XX:+UseCompressedClassPointers -XX:+UseCompressedOops -XX:+UseConcMarkSweepGC -XX:+UseParNewGC 
2017-08-02T09:21:56.092+0200: 0,200: Total time for which application threads were stopped: 0,0000722 seconds, Stopping threads took: 0,0000150 seconds
2017-08-02T09:21:56.219+0200: 0,327: Total time for which application threads were stopped: 0,0001018 seconds, Stopping threads took: 0,0000102 seconds
2017-08-02T09:21:56.233+0200: 0,341: Total time for which application threads were stopped: 0,0000854 seconds, Stopping threads took: 0,0000155 seconds
2017-08-02T09:21:56.558+0200: 0,666: Total time for which application threads were stopped: 0,0001552 seconds, Stopping threads took: 0,0000275 seconds
2017-08-02T09:21:57.011+0200: 1,119: Total time for which application threads were stopped: 0,0002544 seconds, Stopping threads took: 0,0000126 seconds
2017-08-02T09:21:57.107+0200: 1,215: Total time for which application threads were stopped: 0,0001327 seconds, Stopping threads took: 0,0000126 seconds
2017-08-02T09:21:57.143+0200: 1,251: Total time for which application threads were stopped: 0,0001615 seconds, Stopping threads took: 0,0000188 seconds
2017-08-02T09:21:57.491+0200: 1,599: Total time for which application threads were stopped: 0,0006673 seconds, Stopping threads took: 0,0000188 seconds
2017-08-02T09:21:57.766+0200: 1,874: Total time for which application threads were stopped: 0,0004862 seconds, Stopping threads took: 0,0000438 seconds
2017-08-02T09:21:57.795+0200: 1,903: Total time for which application threads were stopped: 0,0007297 seconds, Stopping threads took: 0,0000483 seconds
2017-08-02T09:21:57.839+0200: 1,947: Total time for which application threads were stopped: 0,0002118 seconds, Stopping threads took: 0,0000230 seconds
2017-08-02T09:21:57.840+0200: 1,948: Total time for which application threads were stopped: 0,0001815 seconds, Stopping threads took: 0,0000143 seconds
2017-08-02T09:21:57.855+0200: 1,963: Total time for which application threads were stopped: 0,0001743 seconds, Stopping threads took: 0,0000153 seconds
2017-08-02T09:21:57.924+0200: 2,032: Total time for which application threads were stopped: 0,0002040 seconds, Stopping threads took: 0,0000215 seconds
2017-08-02T09:21:58.101+0200: 2,210: Total time for which application threads were stopped: 0,0004491 seconds, Stopping threads took: 0,0001914 seconds
{Heap before GC invocations=0 (full 0):
 par new generation   total 109248K, used 87424K [0x00000000e0000000, 0x00000000e8000000, 0x00000000e8000000)
  eden space 87424K, 100% used [0x00000000e0000000, 0x00000000e5560000, 0x00000000e5560000)
  from space 21824K,   0% used [0x00000000e5560000, 0x00000000e5560000, 0x00000000e6ab0000)
  to   space 21824K,   0% used [0x00000000e6ab0000, 0x00000000e6ab0000, 0x00000000e8000000)
 concurrent mark-sweep generation total 393216K, used 0K [0x00000000e8000000, 0x0000000100000000, 0x0000000100000000)
 Metaspace       used 18016K, capacity 18336K, committed 18688K, reserved 1064960K
  class space    used 2037K, capacity 2196K, committed 2304K, reserved 1048576K
2017-08-02T09:21:58.190+0200: 2,298: [GC (Allocation Failure) 2017-08-02T09:21:58.190+0200: 2,298: [ParNew
Desired survivor size 20112992 bytes, new threshold 8 (max 8)
- age   1:   12593872 bytes,   12593872 total
: 87424K->12417K(109248K), 0,0154618 secs] 87424K->12417K(502464K), 0,0155431 secs] [Times: user=0,03 sys=0,02, real=0,01 secs] 
Heap after GC invocations=1 (full 0):
 par new generation   total 109248K, used 12417K [0x00000000e0000000, 0x00000000e8000000, 0x00000000e8000000)
  eden space 87424K,   0% used [0x00000000e0000000, 0x00000000e0000000, 0x00000000e5560000)
  from space 21824K,  56% used [0x00000000e6ab0000, 0x00000000e76d0790, 0x00000000e8000000)
  to   space 21824K,   0% used [0x00000000e5560000, 0x00000000e5560000, 0x00000000e6ab0000)
 concurrent mark-sweep generation total 393216K, used 0K [0x00000000e8000000, 0x0000000100000000, 0x0000000100000000)
 Metaspace       used 18016K, capacity 18336K, committed 18688K, reserved 1064960K
  class space    used 2037K, capacity 2196K, committed 2304K, reserved 1048576K
}
2017-08-02T09:21:58.205+0200: 2,313: Total time for which application threads were stopped: 0,0191934 seconds, Stopping threads took: 0,0034629 seconds
2017-08-02T09:21:58.581+0200: 2,689: Total time for which application threads were stopped: 0,0003738 seconds, Stopping threads took: 0,0000706 seconds
2017-08-02T09:21:58.616+0200: 2,724: Total time for which application threads were stopped: 0,0004500 seconds, Stopping threads took: 0,0000944 seconds
{Heap before GC invocations=1 (full 0):
 par new generation   total 109248K, used 99841K [0x00000000e0000000, 0x00000000e8000000, 0x00000000e8000000)
  eden space 87424K, 100% used [0x00000000e0000000, 0x00000000e5560000, 0x00000000e5560000)
  from space 21824K,  56% used [0x00000000e6ab0000, 0x00000000e76d0790, 0x00000000e8000000)
  to   space 21824K,   0% used [0x00000000e5560000, 0x00000000e5560000, 0x00000000e6ab0000)
 concurrent mark-sweep generation total 393216K, used 0K [0x00000000e8000000, 0x0000000100000000, 0x0000000100000000)
 Metaspace       used 20056K, capacity 20410K, committed 20736K, reserved 1067008K
  class space    used 2295K, capacity 2463K, committed 2560K, reserved 1048576K
2017-08-02T09:21:58.626+0200: 2,734: [GC (Allocation Failure) 2017-08-02T09:21:58.626+0200: 2,734: [ParNew
Desired survivor size 20112992 bytes, new threshold 8 (max 8)
- age   1:    3621128 bytes,    3621128 total
- age   2:    6663272 bytes,   10284400 total
: 99841K->13721K(109248K), 0,0162394 secs] 99841K->13721K(502464K), 0,0163281 secs] [Times: user=0,06 sys=0,00, real=0,02 secs] 
Heap after GC invocations=2 (full 0):
 par new generation   total 109248K, used 13721K [0x00000000e0000000, 0x00000000e8000000, 0x00000000e8000000)
  eden space 87424K,   0% used [0x00000000e0000000, 0x00000000e0000000, 0x00000000e5560000)
  from space 21824K,  62% used [0x00000000e5560000, 0x00000000e62c65e8, 0x00000000e6ab0000)
  to   space 21824K,   0% used [0x00000000e6ab0000, 0x00000000e6ab0000, 0x00000000e8000000)
 concurrent mark-sweep generation total 393216K, used 0K [0x00000000e8000000, 0x0000000100000000, 0x0000000100000000)
 Metaspace       used 20056K, capacity 20410K, committed 20736K, reserved 1067008K
  class space    used 2295K, capacity 2463K, committed 2560K, reserved 1048576K
}
2017-08-02T09:21:58.642+0200: 2,750: Total time for which application threads were stopped: 0,0165144 seconds, Stopping threads took: 0,0000286 seconds
2017-08-02T09:21:58.674+0200: 2,782: Total time for which application threads were stopped: 0,0015481 seconds, Stopping threads took: 0,0012216 seconds
2017-08-02T09:21:58.796+0200: 2,904: Total time for which application threads were stopped: 0,0001705 seconds, Stopping threads took: 0,0000464 seconds
{Heap before GC invocations=2 (full 0):
 par new generation   total 109248K, used 101145K [0x00000000e0000000, 0x00000000e8000000, 0x00000000e8000000)
  eden space 87424K, 100% used [0x00000000e0000000, 0x00000000e5560000, 0x00000000e5560000)
  from space 21824K,  62% used [0x00000000e5560000, 0x00000000e62c65e8, 0x00000000e6ab0000)
  to   space 21824K,   0% used [0x00000000e6ab0000, 0x00000000e6ab0000, 0x00000000e8000000)
 concurrent mark-sweep generation total 393216K, used 0K [0x00000000e8000000, 0x0000000100000000, 0x0000000100000000)
 Metaspace       used 20968K, capacity 21274K, committed 21628K, reserved 1069056K
  class space    used 2417K, capacity 2583K, committed 2684K, reserved 1048576K
2017-08-02T09:21:58.838+0200: 2,946: [GC (Allocation Failure) 2017-08-02T09:21:58.838+0200: 2,946: [ParNew
Desired survivor size 20112992 bytes, new threshold 8 (max 8)
- age   1:    2113728 bytes,    2113728 total
- age   2:     864400 bytes,    2978128 total
- age   3:    6661080 bytes,    9639208 total
: 101145K->12884K(109248K), 0,0095879 secs] 101145K->12884K(502464K), 0,0096757 secs] [Times: user=0,03 sys=0,00, real=0,00 secs] 
Heap after GC invocations=3 (full 0):
 par new generation   total 109248K, used 12884K [0x00000000e0000000, 0x00000000e8000000, 0x00000000e8000000)
  eden space 87424K,   0% used [0x00000000e0000000, 0x00000000e0000000, 0x00000000e5560000)
  from space 21824K,  59% used [0x00000000e6ab0000, 0x00000000e7745238, 0x00000000e8000000)
  to   space 21824K,   0% used [0x00000000e5560000, 0x00000000e5560000, 0x00000000e6ab0000)
 concurrent mark-sweep generation total 393216K, used 0K [0x00000000e8000000, 0x0000000100000000, 0x0000000100000000)
 Metaspace       used 20968K, capacity 21274K, committed 21628K, reserved 1069056K
  class space    used 2417K, capacity 2583K, committed 2684K, reserved 1048576K
}
2017-08-02T09:21:58.848+0200: 2,956: Total time for which application threads were stopped: 0,0098882 seconds, Stopping threads took: 0,0000700 seconds
2017-08-02T09:21:58.854+0200: 2,962: [GC (CMS Initial Mark) [1 CMS-initial-mark: 0K(393216K)] 15665K(502464K), 0,0034517 secs] [Times: user=0,01 sys=0,00, real=0,00 secs] 
2017-08-02T09:21:58.857+0200: 2,965: Total time for which application threads were stopped: 0,0063517 seconds, Stopping threads took: 0,0027926 seconds
2017-08-02T09:21:58.857+0200: 2,965: [CMS-concurrent-mark-start]
2017-08-02T09:21:58.858+0200: 2,966: [CMS-concurrent-mark: 0,001/0,001 secs] [Times: user=0,01 sys=0,00, real=0,01 secs] 
2017-08-02T09:21:58.858+0200: 2,966: [CMS-concurrent-preclean-start]
2017-08-02T09:21:58.859+0200: 2,967: [CMS-concurrent-preclean: 0,001/0,001 secs] [Times: user=0,00 sys=0,00, real=0,00 secs] 
2017-08-02T09:21:58.859+0200: 2,967: [CMS-concurrent-abortable-preclean-start]
2017-08-02T09:21:58.925+0200: 3,033: Total time for which application threads were stopped: 0,0001170 seconds, Stopping threads took: 0,0000265 seconds
{Heap before GC invocations=3 (full 1):
 par new generation   total 109248K, used 100308K [0x00000000e0000000, 0x00000000e8000000, 0x00000000e8000000)
  eden space 87424K, 100% used [0x00000000e0000000, 0x00000000e5560000, 0x00000000e5560000)
  from space 21824K,  59% used [0x00000000e6ab0000, 0x00000000e7745238, 0x00000000e8000000)
  to   space 21824K,   0% used [0x00000000e5560000, 0x00000000e5560000, 0x00000000e6ab0000)
 concurrent mark-sweep generation total 393216K, used 0K [0x00000000e8000000, 0x0000000100000000, 0x0000000100000000)
 Metaspace       used 21249K, capacity 21586K, committed 21884K, reserved 1069056K
  class space    used 2448K, capacity 2604K, committed 2684K, reserved 1048576K
2017-08-02T09:21:58.970+0200: 3,078: [GC (Allocation Failure) 2017-08-02T09:21:58.970+0200: 3,078: [ParNew
Desired survivor size 20112992 bytes, new threshold 8 (max 8)
- age   1:     763520 bytes,     763520 total
- age   2:    1471208 bytes,    2234728 total
- age   3:     829184 bytes,    3063912 total
- age   4:    6661080 bytes,    9724992 total
: 100308K->12403K(109248K), 0,0103898 secs] 100308K->12403K(502464K), 0,0104602 secs] [Times: user=0,03 sys=0,00, real=0,01 secs] 
Heap after GC invocations=4 (full 1):
 par new generation   total 109248K, used 12403K [0x00000000e0000000, 0x00000000e8000000, 0x00000000e8000000)
  eden space 87424K,   0% used [0x00000000e0000000, 0x00000000e0000000, 0x00000000e5560000)
  from space 21824K,  56% used [0x00000000e5560000, 0x00000000e617cff0, 0x00000000e6ab0000)
  to   space 21824K,   0% used [0x00000000e6ab0000, 0x00000000e6ab0000, 0x00000000e8000000)
 concurrent mark-sweep generation total 393216K, used 0K [0x00000000e8000000, 0x0000000100000000, 0x0000000100000000)
 Metaspace       used 21249K, capacity 21586K, committed 21884K, reserved 1069056K
  class space    used 2448K, capacity 2604K, committed 2684K, reserved 1048576K
}
2017-08-02T09:21:58.980+0200: 3,088: Total time for which application threads were stopped: 0,0106447 seconds, Stopping threads took: 0,0000532 seconds
2017-08-02T09:21:58.980+0200: 3,088: [CMS-concurrent-abortable-preclean: 0,067/0,121 secs] [Times: user=0,44 sys=0,01, real=0,12 secs] 
2017-08-02T09:21:58.981+0200: 3,089: [GC (CMS Final Remark) [YG occupancy: 13027 K (109248 K)]{Heap before GC invocations=4 (full 1):
 par new generation   total 109248K, used 13027K [0x00000000e0000000, 0x00000000e8000000, 0x00000000e8000000)
  eden space 87424K,   0% used [0x00000000e0000000, 0x00000000e009bdc0, 0x00000000e5560000)
  from space 21824K,  56% used [0x00000000e5560000, 0x00000000e617cff0, 0x00000000e6ab0000)
  to   space 21824K,   0% used [0x00000000e6ab0000, 0x00000000e6ab0000, 0x00000000e8000000)
 concurrent mark-sweep generation total 393216K, used 0K [0x00000000e8000000, 0x0000000100000000, 0x0000000100000000)
 Metaspace       used 21249K, capacity 21586K, committed 21884K, reserved 1069056K
  class space    used 2448K, capacity 2604K, committed 2684K, reserved 1048576K
2017-08-02T09:21:58.981+0200: 3,089: [GC (CMS Final Remark) 2017-08-02T09:21:58.981+0200: 3,089: [ParNew
Desired survivor size 20112992 bytes, new threshold 8 (max 8)
- age   1:      12776 bytes,      12776 total
- age   2:     610832 bytes,     623608 total
- age   3:    1471208 bytes,    2094816 total
- age   4:     829184 bytes,    2924000 total
- age   5:    6661168 bytes,    9585168 total
: 13027K->12004K(109248K), 0,0088913 secs] 13027K->12004K(502464K), 0,0089314 secs] [Times: user=0,04 sys=0,00, real=0,01 secs] 
Heap after GC invocations=5 (full 1):
 par new generation   total 109248K, used 12004K [0x00000000e0000000, 0x00000000e8000000, 0x00000000e8000000)
  eden space 87424K,   0% used [0x00000000e0000000, 0x00000000e0000000, 0x00000000e5560000)
  from space 21824K,  55% used [0x00000000e6ab0000, 0x00000000e7669180, 0x00000000e8000000)
  to   space 21824K,   0% used [0x00000000e5560000, 0x00000000e5560000, 0x00000000e6ab0000)
 concurrent mark-sweep generation total 393216K, used 0K [0x00000000e8000000, 0x0000000100000000, 0x0000000100000000)
 Metaspace       used 21249K, capacity 21586K, committed 21884K, reserved 1069056K
  class space    used 2448K, capacity 2604K, committed 2684K, reserved 1048576K
}
2017-08-02T09:21:58.990+0200: 3,098: [Rescan (parallel) , 0,0034372 secs]2017-08-02T09:21:58.993+0200: 3,101: [weak refs processing, 0,0007872 secs]2017-08-02T09:21:58.994+0200: 3,102: [class unloading, 0,0027715 secs]2017-08-02T09:21:58.997+0200: 3,105: [scrub symbol table, 0,0026330 secs]2017-08-02T09:21:58.999+0200: 3,107: [scrub string table, 0,0003519 secs][1 CMS-remark: 0K(393216K)] 12004K(502464K), 0,0195126 secs] [Times: user=0,06 sys=0,00, real=0,02 secs] 
2017-08-02T09:21:59.000+0200: 3,108: Total time for which application threads were stopped: 0,0196328 seconds, Stopping threads took: 0,0000448 seconds
2017-08-02T09:21:59.004+0200: 3,112: [CMS-concurrent-sweep-start]
2017-08-02T09:21:59.004+0200: 3,112: [CMS-concurrent-sweep: 0,000/0,000 secs] [Times: user=0,00 sys=0,00, real=0,00 secs] 
2017-08-02T09:21:59.004+0200: 3,112: [CMS-concurrent-reset-start]
2017-08-02T09:21:59.007+0200: 3,115: [CMS-concurrent-reset: 0,003/0,003 secs] [Times: user=0,01 sys=0,00, real=0,00 secs] 
{Heap before GC invocations=5 (full 1):
 par new generation   total 109248K, used 99428K [0x00000000e0000000, 0x00000000e8000000, 0x00000000e8000000)
  eden space 87424K, 100% used [0x00000000e0000000, 0x00000000e5560000, 0x00000000e5560000)
  from space 21824K,  55% used [0x00000000e6ab0000, 0x00000000e7669180, 0x00000000e8000000)
  to   space 21824K,   0% used [0x00000000e5560000, 0x00000000e5560000, 0x00000000e6ab0000)
 concurrent mark-sweep generation total 393216K, used 0K [0x00000000e8000000, 0x0000000100000000, 0x0000000100000000)
 Metaspace       used 21431K, capacity 21828K, committed 21884K, reserved 1069056K
  class space    used 2470K, capacity 2639K, committed 2684K, reserved 1048576K
2017-08-02T09:21:59.104+0200: 3,212: [GC (Allocation Failure) 2017-08-02T09:21:59.104+0200: 3,212: [ParNew
Desired survivor size 20112992 bytes, new threshold 8 (max 8)
- age   1:     821160 bytes,     821160 total
- age   3:     196880 bytes,    1018040 total
- age   4:    1470408 bytes,    2488448 total
- age   5:     829072 bytes,    3317520 total
- age   6:    6661096 bytes,    9978616 total
: 99428K->16441K(109248K), 0,0097529 secs] 99428K->16441K(502464K), 0,0098220 secs] [Times: user=0,03 sys=0,00, real=0,01 secs] 
Heap after GC invocations=6 (full 1):
 par new generation   total 109248K, used 16441K [0x00000000e0000000, 0x00000000e8000000, 0x00000000e8000000)
  eden space 87424K,   0% used [0x00000000e0000000, 0x00000000e0000000, 0x00000000e5560000)
  from space 21824K,  75% used [0x00000000e5560000, 0x00000000e656e640, 0x00000000e6ab0000)
  to   space 21824K,   0% used [0x00000000e6ab0000, 0x00000000e6ab0000, 0x00000000e8000000)
 concurrent mark-sweep generation total 393216K, used 0K [0x00000000e8000000, 0x0000000100000000, 0x0000000100000000)
 Metaspace       used 21431K, capacity 21828K, committed 21884K, reserved 1069056K
  class space    used 2470K, capacity 2639K, committed 2684K, reserved 1048576K
}
2017-08-02T09:21:59.114+0200: 3,222: Total time for which application threads were stopped: 0,0099932 seconds, Stopping threads took: 0,0000366 seconds
2017-08-02T09:21:59.144+0200: 3,252: Total time for which application threads were stopped: 0,0003034 seconds, Stopping threads took: 0,0000185 seconds
2017-08-02T09:21:59.372+0200: 3,480: Total time for which application threads were stopped: 0,0005200 seconds, Stopping threads took: 0,0000460 seconds
2017-08-02T09:21:59.389+0200: 3,497: Total time for which application threads were stopped: 0,0004243 seconds, Stopping threads took: 0,0000309 seconds
{Heap before GC invocations=6 (full 1):
 par new generation   total 109248K, used 103865K [0x00000000e0000000, 0x00000000e8000000, 0x00000000e8000000)
  eden space 87424K, 100% used [0x00000000e0000000, 0x00000000e5560000, 0x00000000e5560000)
  from space 21824K,  75% used [0x00000000e5560000, 0x00000000e656e640, 0x00000000e6ab0000)
  to   space 21824K,   0% used [0x00000000e6ab0000, 0x00000000e6ab0000, 0x00000000e8000000)
 concurrent mark-sweep generation total 393216K, used 0K [0x00000000e8000000, 0x0000000100000000, 0x0000000100000000)
 Metaspace       used 23690K, capacity 24102K, committed 24316K, reserved 1071104K
  class space    used 2776K, capacity 2950K, committed 3068K, reserved 1048576K
2017-08-02T09:21:59.529+0200: 3,637: [GC (Allocation Failure) 2017-08-02T09:21:59.530+0200: 3,638: [ParNew
Desired survivor size 20112992 bytes, new threshold 8 (max 8)
- age   1:    4808528 bytes,    4808528 total
- age   2:     140088 bytes,    4948616 total
- age   4:     196056 bytes,    5144672 total
- age   5:     301192 bytes,    5445864 total
- age   6:     804768 bytes,    6250632 total
- age   7:    6654272 bytes,   12904904 total
: 103865K->14596K(109248K), 0,0112513 secs] 103865K->14596K(502464K), 0,0113472 secs] [Times: user=0,04 sys=0,01, real=0,02 secs] 
Heap after GC invocations=7 (full 1):
 par new generation   total 109248K, used 14596K [0x00000000e0000000, 0x00000000e8000000, 0x00000000e8000000)
  eden space 87424K,   0% used [0x00000000e0000000, 0x00000000e0000000, 0x00000000e5560000)
  from space 21824K,  66% used [0x00000000e6ab0000, 0x00000000e78f1378, 0x00000000e8000000)
  to   space 21824K,   0% used [0x00000000e5560000, 0x00000000e5560000, 0x00000000e6ab0000)
 concurrent mark-sweep generation total 393216K, used 0K [0x00000000e8000000, 0x0000000100000000, 0x0000000100000000)
 Metaspace       used 23690K, capacity 24102K, committed 24316K, reserved 1071104K
  class space    used 2776K, capacity 2950K, committed 3068K, reserved 1048576K
}
2017-08-02T09:21:59.541+0200: 3,649: Total time for which application threads were stopped: 0,0117919 seconds, Stopping threads took: 0,0002060 seconds
{Heap before GC invocations=7 (full 1):
 par new generation   total 109248K, used 102020K [0x00000000e0000000, 0x00000000e8000000, 0x00000000e8000000)
  eden space 87424K, 100% used [0x00000000e0000000, 0x00000000e5560000, 0x00000000e5560000)
  from space 21824K,  66% used [0x00000000e6ab0000, 0x00000000e78f1378, 0x00000000e8000000)
  to   space 21824K,   0% used [0x00000000e5560000, 0x00000000e5560000, 0x00000000e6ab0000)
 concurrent mark-sweep generation total 393216K, used 0K [0x00000000e8000000, 0x0000000100000000, 0x0000000100000000)
 Metaspace       used 24026K, capacity 24556K, committed 24828K, reserved 1071104K
  class space    used 2836K, capacity 3015K, committed 3068K, reserved 1048576K
2017-08-02T09:21:59.638+0200: 3,746: [GC (Allocation Failure) 2017-08-02T09:21:59.638+0200: 3,746: [ParNew
Desired survivor size 20112992 bytes, new threshold 8 (max 8)
- age   1:    1508720 bytes,    1508720 total
- age   2:    1756168 bytes,    3264888 total
- age   3:      70784 bytes,    3335672 total
- age   5:     116120 bytes,    3451792 total
- age   6:     179944 bytes,    3631736 total
- age   7:     786768 bytes,    4418504 total
- age   8:    6118368 bytes,   10536872 total
: 102020K->18503K(109248K), 0,0124801 secs] 102020K->18503K(502464K), 0,0125684 secs] [Times: user=0,04 sys=0,00, real=0,01 secs] 
Heap after GC invocations=8 (full 1):
 par new generation   total 109248K, used 18503K [0x00000000e0000000, 0x00000000e8000000, 0x00000000e8000000)
  eden space 87424K,   0% used [0x00000000e0000000, 0x00000000e0000000, 0x00000000e5560000)
  from space 21824K,  84% used [0x00000000e5560000, 0x00000000e6771d68, 0x00000000e6ab0000)
  to   space 21824K,   0% used [0x00000000e6ab0000, 0x00000000e6ab0000, 0x00000000e8000000)
 concurrent mark-sweep generation total 393216K, used 0K [0x00000000e8000000, 0x0000000100000000, 0x0000000100000000)
 Metaspace       used 24026K, capacity 24556K, committed 24828K, reserved 1071104K
  class space    used 2836K, capacity 3015K, committed 3068K, reserved 1048576K
}
2017-08-02T09:21:59.651+0200: 3,759: Total time for which application threads were stopped: 0,0128240 seconds, Stopping threads took: 0,0000541 seconds
{Heap before GC invocations=8 (full 1):
 par new generation   total 109248K, used 105927K [0x00000000e0000000, 0x00000000e8000000, 0x00000000e8000000)
  eden space 87424K, 100% used [0x00000000e0000000, 0x00000000e5560000, 0x00000000e5560000)
  from space 21824K,  84% used [0x00000000e5560000, 0x00000000e6771d68, 0x00000000e6ab0000)
  to   space 21824K,   0% used [0x00000000e6ab0000, 0x00000000e6ab0000, 0x00000000e8000000)
 concurrent mark-sweep generation total 393216K, used 0K [0x00000000e8000000, 0x0000000100000000, 0x0000000100000000)
 Metaspace       used 24413K, capacity 24934K, committed 25084K, reserved 1071104K
  class space    used 2862K, capacity 3052K, committed 3068K, reserved 1048576K
2017-08-02T09:21:59.728+0200: 3,836: [GC (Allocation Failure) 2017-08-02T09:21:59.728+0200: 3,836: [ParNew
Desired survivor size 20112992 bytes, new threshold 8 (max 8)
- age   1:     831416 bytes,     831416 total
- age   2:    1032488 bytes,    1863904 total
- age   3:    1733912 bytes,    3597816 total
- age   4:      70784 bytes,    3668600 total
- age   6:     116016 bytes,    3784616 total
- age   7:     179944 bytes,    3964560 total
- age   8:     786768 bytes,    4751328 total
: 105927K->7823K(109248K), 0,0542615 secs] 105927K->13880K(502464K), 0,0543289 secs] [Times: user=0,11 sys=0,00, real=0,06 secs] 
Heap after GC invocations=9 (full 1):
 par new generation   total 109248K, used 7823K [0x00000000e0000000, 0x00000000e8000000, 0x00000000e8000000)
  eden space 87424K,   0% used [0x00000000e0000000, 0x00000000e0000000, 0x00000000e5560000)
  from space 21824K,  35% used [0x00000000e6ab0000, 0x00000000e7253eb0, 0x00000000e8000000)
  to   space 21824K,   0% used [0x00000000e5560000, 0x00000000e5560000, 0x00000000e6ab0000)
 concurrent mark-sweep generation total 393216K, used 6056K [0x00000000e8000000, 0x0000000100000000, 0x0000000100000000)
 Metaspace       used 24413K, capacity 24934K, committed 25084K, reserved 1071104K
  class space    used 2862K, capacity 3052K, committed 3068K, reserved 1048576K
}
2017-08-02T09:21:59.782+0200: 3,890: Total time for which application threads were stopped: 0,0545603 seconds, Stopping threads took: 0,0000727 seconds
2017-08-02T09:21:59.954+0200: 4,062: Total time for which application threads were stopped: 0,0032677 seconds, Stopping threads took: 0,0028348 seconds
2017-08-02T09:21:59.967+0200: 4,075: Total time for which application threads were stopped: 0,0001712 seconds, Stopping threads took: 0,0000759 seconds
2017-08-02T09:21:59.967+0200: 4,075: Total time for which application threads were stopped: 0,0006887 seconds, Stopping threads took: 0,0006245 seconds
2017-08-02T09:21:59.968+0200: 4,076: Total time for which application threads were stopped: 0,0005535 seconds, Stopping threads took: 0,0005009 seconds
2017-08-02T09:21:59.969+0200: 4,077: Total time for which application threads were stopped: 0,0001440 seconds, Stopping threads took: 0,0000602 seconds
2017-08-02T09:21:59.969+0200: 4,077: Total time for which application threads were stopped: 0,0001433 seconds, Stopping threads took: 0,0000592 seconds
2017-08-02T09:21:59.969+0200: 4,077: Total time for which application threads were stopped: 0,0001584 seconds, Stopping threads took: 0,0000887 seconds
2017-08-02T09:21:59.970+0200: 4,078: Total time for which application threads were stopped: 0,0006501 seconds, Stopping threads took: 0,0005987 seconds
2017-08-02T09:21:59.970+0200: 4,078: Total time for which application threads were stopped: 0,0000932 seconds, Stopping threads took: 0,0000348 seconds
2017-08-02T09:21:59.970+0200: 4,078: Total time for which application threads were stopped: 0,0000578 seconds, Stopping threads took: 0,0000139 seconds
2017-08-02T09:21:59.970+0200: 4,078: Total time for which application threads were stopped: 0,0000617 seconds, Stopping threads took: 0,0000228 seconds
2017-08-02T09:21:59.971+0200: 4,079: Total time for which application threads were stopped: 0,0000615 seconds, Stopping threads took: 0,0000257 seconds
2017-08-02T09:21:59.971+0200: 4,079: Total time for which application threads were stopped: 0,0000578 seconds, Stopping threads took: 0,0000205 seconds
2017-08-02T09:21:59.971+0200: 4,079: Total time for which application threads were stopped: 0,0001004 seconds, Stopping threads took: 0,0000448 seconds
2017-08-02T09:21:59.971+0200: 4,079: Total time for which application threads were stopped: 0,0000812 seconds, Stopping threads took: 0,0000318 seconds
2017-08-02T09:21:59.978+0200: 4,086: Total time for which application threads were stopped: 0,0001174 seconds, Stopping threads took: 0,0000415 seconds
2017-08-02T09:21:59.978+0200: 4,086: Total time for which application threads were stopped: 0,0000919 seconds, Stopping threads took: 0,0000346 seconds
2017-08-02T09:21:59.978+0200: 4,086: Total time for which application threads were stopped: 0,0000833 seconds, Stopping threads took: 0,0000306 seconds
2017-08-02T09:21:59.978+0200: 4,086: Total time for which application threads were stopped: 0,0000676 seconds, Stopping threads took: 0,0000150 seconds
2017-08-02T09:21:59.978+0200: 4,086: Total time for which application threads were stopped: 0,0000533 seconds, Stopping threads took: 0,0000115 seconds
2017-08-02T09:21:59.978+0200: 4,086: Total time for which application threads were stopped: 0,0001211 seconds, Stopping threads took: 0,0000192 seconds
2017-08-02T09:21:59.980+0200: 4,088: Total time for which application threads were stopped: 0,0000952 seconds, Stopping threads took: 0,0000245 seconds
2017-08-02T09:21:59.980+0200: 4,088: Total time for which application threads were stopped: 0,0000984 seconds, Stopping threads took: 0,0000347 seconds
2017-08-02T09:21:59.980+0200: 4,088: Total time for which application threads were stopped: 0,0000710 seconds, Stopping threads took: 0,0000209 seconds
2017-08-02T09:21:59.980+0200: 4,088: Total time for which application threads were stopped: 0,0000771 seconds, Stopping threads took: 0,0000234 seconds
2017-08-02T09:21:59.980+0200: 4,088: Total time for which application threads were stopped: 0,0000752 seconds, Stopping threads took: 0,0000276 seconds
2017-08-02T09:21:59.980+0200: 4,088: Total time for which application threads were stopped: 0,0000632 seconds, Stopping threads took: 0,0000230 seconds
2017-08-02T09:21:59.989+0200: 4,097: Total time for which application threads were stopped: 0,0001172 seconds, Stopping threads took: 0,0000381 seconds
2017-08-02T09:21:59.989+0200: 4,097: Total time for which application threads were stopped: 0,0000518 seconds, Stopping threads took: 0,0000129 seconds
2017-08-02T09:21:59.990+0200: 4,098: Total time for which application threads were stopped: 0,0000724 seconds, Stopping threads took: 0,0000222 seconds
2017-08-02T09:21:59.990+0200: 4,098: Total time for which application threads were stopped: 0,0000755 seconds, Stopping threads took: 0,0000120 seconds
2017-08-02T09:21:59.990+0200: 4,098: Total time for which application threads were stopped: 0,0000680 seconds, Stopping threads took: 0,0000212 seconds
2017-08-02T09:21:59.991+0200: 4,099: Total time for which application threads were stopped: 0,0001105 seconds, Stopping threads took: 0,0000475 seconds
2017-08-02T09:21:59.991+0200: 4,099: Total time for which application threads were stopped: 0,0000723 seconds, Stopping threads took: 0,0000207 seconds
2017-08-02T09:21:59.991+0200: 4,099: Total time for which application threads were stopped: 0,0001003 seconds, Stopping threads took: 0,0000419 seconds
2017-08-02T09:21:59.992+0200: 4,100: Total time for which application threads were stopped: 0,0000676 seconds, Stopping threads took: 0,0000197 seconds
2017-08-02T09:21:59.992+0200: 4,100: Total time for which application threads were stopped: 0,0000913 seconds, Stopping threads took: 0,0000303 seconds
2017-08-02T09:21:59.993+0200: 4,101: Total time for which application threads were stopped: 0,0000733 seconds, Stopping threads took: 0,0000253 seconds
2017-08-02T09:21:59.993+0200: 4,101: Total time for which application threads were stopped: 0,0000743 seconds, Stopping threads took: 0,0000285 seconds
2017-08-02T09:21:59.993+0200: 4,101: Total time for which application threads were stopped: 0,0000622 seconds, Stopping threads took: 0,0000235 seconds
2017-08-02T09:21:59.993+0200: 4,101: Total time for which application threads were stopped: 0,0000637 seconds, Stopping threads took: 0,0000229 seconds
2017-08-02T09:21:59.993+0200: 4,101: Total time for which application threads were stopped: 0,0001051 seconds, Stopping threads took: 0,0000083 seconds
2017-08-02T09:21:59.996+0200: 4,104: Total time for which application threads were stopped: 0,0001321 seconds, Stopping threads took: 0,0000494 seconds
2017-08-02T09:21:59.997+0200: 4,105: Total time for which application threads were stopped: 0,0001138 seconds, Stopping threads took: 0,0000436 seconds
2017-08-02T09:22:00.001+0200: 4,109: Total time for which application threads were stopped: 0,0003888 seconds, Stopping threads took: 0,0003018 seconds
2017-08-02T09:22:00.007+0200: 4,115: Total time for which application threads were stopped: 0,0001297 seconds, Stopping threads took: 0,0000435 seconds
2017-08-02T09:22:00.015+0200: 4,123: Total time for which application threads were stopped: 0,0001407 seconds, Stopping threads took: 0,0000583 seconds
2017-08-02T09:22:00.017+0200: 4,125: Total time for which application threads were stopped: 0,0001431 seconds, Stopping threads took: 0,0000621 seconds
2017-08-02T09:22:00.017+0200: 4,125: Total time for which application threads were stopped: 0,0001050 seconds, Stopping threads took: 0,0000273 seconds
2017-08-02T09:22:00.017+0200: 4,125: Total time for which application threads were stopped: 0,0000925 seconds, Stopping threads took: 0,0000280 seconds
2017-08-02T09:22:00.017+0200: 4,125: Total time for which application threads were stopped: 0,0000921 seconds, Stopping threads took: 0,0000368 seconds
2017-08-02T09:22:00.017+0200: 4,125: Total time for which application threads were stopped: 0,0000578 seconds, Stopping threads took: 0,0000224 seconds
2017-08-02T09:22:00.020+0200: 4,128: Total time for which application threads were stopped: 0,0001442 seconds, Stopping threads took: 0,0000453 seconds
2017-08-02T09:22:00.023+0200: 4,131: Total time for which application threads were stopped: 0,0001508 seconds, Stopping threads took: 0,0000480 seconds
2017-08-02T09:22:00.023+0200: 4,131: Total time for which application threads were stopped: 0,0000881 seconds, Stopping threads took: 0,0000370 seconds
2017-08-02T09:22:00.023+0200: 4,131: Total time for which application threads were stopped: 0,0000570 seconds, Stopping threads took: 0,0000193 seconds
2017-08-02T09:22:00.023+0200: 4,131: Total time for which application threads were stopped: 0,0000413 seconds, Stopping threads took: 0,0000109 seconds
2017-08-02T09:22:00.027+0200: 4,135: Total time for which application threads were stopped: 0,0001273 seconds, Stopping threads took: 0,0000396 seconds
2017-08-02T09:22:00.028+0200: 4,136: Total time for which application threads were stopped: 0,0001492 seconds, Stopping threads took: 0,0000393 seconds
2017-08-02T09:22:00.028+0200: 4,136: Total time for which application threads were stopped: 0,0000760 seconds, Stopping threads took: 0,0000270 seconds
2017-08-02T09:22:00.028+0200: 4,136: Total time for which application threads were stopped: 0,0001685 seconds, Stopping threads took: 0,0000171 seconds
2017-08-02T09:22:00.032+0200: 4,140: Total time for which application threads were stopped: 0,0001597 seconds, Stopping threads took: 0,0000472 seconds
2017-08-02T09:22:00.033+0200: 4,141: Total time for which application threads were stopped: 0,0001202 seconds, Stopping threads took: 0,0000371 seconds
2017-08-02T09:22:00.034+0200: 4,142: Total time for which application threads were stopped: 0,0001296 seconds, Stopping threads took: 0,0000407 seconds
2017-08-02T09:22:00.042+0200: 4,150: Total time for which application threads were stopped: 0,0040688 seconds, Stopping threads took: 0,0039403 seconds
2017-08-02T09:22:00.042+0200: 4,150: Total time for which application threads were stopped: 0,0001379 seconds, Stopping threads took: 0,0000373 seconds
2017-08-02T09:22:00.042+0200: 4,150: Total time for which application threads were stopped: 0,0000792 seconds, Stopping threads took: 0,0000206 seconds
2017-08-02T09:22:00.043+0200: 4,152: Total time for which application threads were stopped: 0,0001527 seconds, Stopping threads took: 0,0000467 seconds
2017-08-02T09:22:00.044+0200: 4,152: Total time for which application threads were stopped: 0,0001104 seconds, Stopping threads took: 0,0000445 seconds
2017-08-02T09:22:00.046+0200: 4,154: Total time for which application threads were stopped: 0,0001494 seconds, Stopping threads took: 0,0000408 seconds
2017-08-02T09:22:00.046+0200: 4,154: Total time for which application threads were stopped: 0,0000854 seconds, Stopping threads took: 0,0000233 seconds
2017-08-02T09:22:00.046+0200: 4,154: Total time for which application threads were stopped: 0,0000704 seconds, Stopping threads took: 0,0000170 seconds
2017-08-02T09:22:00.046+0200: 4,154: Total time for which application threads were stopped: 0,0000785 seconds, Stopping threads took: 0,0000216 seconds
2017-08-02T09:22:00.047+0200: 4,155: Total time for which application threads were stopped: 0,0002004 seconds, Stopping threads took: 0,0001017 seconds
2017-08-02T09:22:00.058+0200: 4,166: Total time for which application threads were stopped: 0,0055361 seconds, Stopping threads took: 0,0054457 seconds
2017-08-02T09:22:00.061+0200: 4,169: Total time for which application threads were stopped: 0,0001716 seconds, Stopping threads took: 0,0000384 seconds
2017-08-02T09:22:00.061+0200: 4,169: Total time for which application threads were stopped: 0,0000706 seconds, Stopping threads took: 0,0000131 seconds
2017-08-02T09:22:00.062+0200: 4,170: Total time for which application threads were stopped: 0,0000867 seconds, Stopping threads took: 0,0000128 seconds
2017-08-02T09:22:00.063+0200: 4,171: Total time for which application threads were stopped: 0,0001261 seconds, Stopping threads took: 0,0000493 seconds
2017-08-02T09:22:00.064+0200: 4,172: Total time for which application threads were stopped: 0,0001191 seconds, Stopping threads took: 0,0000183 seconds
2017-08-02T09:22:00.078+0200: 4,186: Total time for which application threads were stopped: 0,0003610 seconds, Stopping threads took: 0,0000502 seconds
2017-08-02T09:22:00.094+0200: 4,202: Total time for which application threads were stopped: 0,0044286 seconds, Stopping threads took: 0,0043114 seconds
2017-08-02T09:22:00.099+0200: 4,207: Total time for which application threads were stopped: 0,0012172 seconds, Stopping threads took: 0,0011423 seconds
2017-08-02T09:22:00.104+0200: 4,212: Total time for which application threads were stopped: 0,0001818 seconds, Stopping threads took: 0,0000531 seconds
2017-08-02T09:22:00.105+0200: 4,213: Total time for which application threads were stopped: 0,0001246 seconds, Stopping threads took: 0,0000355 seconds
2017-08-02T09:22:00.135+0200: 4,243: Total time for which application threads were stopped: 0,0001651 seconds, Stopping threads took: 0,0000606 seconds
2017-08-02T09:22:00.161+0200: 4,269: Total time for which application threads were stopped: 0,0001285 seconds, Stopping threads took: 0,0000507 seconds
2017-08-02T09:22:00.162+0200: 4,270: Total time for which application threads were stopped: 0,0005436 seconds, Stopping threads took: 0,0000288 seconds
2017-08-02T09:22:00.207+0200: 4,315: Total time for which application threads were stopped: 0,0004848 seconds, Stopping threads took: 0,0000415 seconds
2017-08-02T09:22:00.223+0200: 4,331: Total time for which application threads were stopped: 0,0006498 seconds, Stopping threads took: 0,0001538 seconds
2017-08-02T09:22:00.283+0200: 4,391: Total time for which application threads were stopped: 0,0005650 seconds, Stopping threads took: 0,0001136 seconds
2017-08-02T09:22:00.304+0200: 4,412: Total time for which application threads were stopped: 0,0003498 seconds, Stopping threads took: 0,0002622 seconds
2017-08-02T09:22:00.305+0200: 4,413: Total time for which application threads were stopped: 0,0001061 seconds, Stopping threads took: 0,0000213 seconds
2017-08-02T09:22:00.316+0200: 4,424: Total time for which application threads were stopped: 0,0002232 seconds, Stopping threads took: 0,0000745 seconds
2017-08-02T09:22:00.330+0200: 4,438: Total time for which application threads were stopped: 0,0002390 seconds, Stopping threads took: 0,0001286 seconds
2017-08-02T09:22:00.374+0200: 4,482: Total time for which application threads were stopped: 0,0032356 seconds, Stopping threads took: 0,0031445 seconds
2017-08-02T09:22:00.402+0200: 4,510: Total time for which application threads were stopped: 0,0004790 seconds, Stopping threads took: 0,0000514 seconds
2017-08-02T09:22:01.403+0200: 5,511: Total time for which application threads were stopped: 0,0000767 seconds, Stopping threads took: 0,0000162 seconds
{Heap before GC invocations=9 (full 1):
 par new generation   total 109248K, used 95247K [0x00000000e0000000, 0x00000000e8000000, 0x00000000e8000000)
  eden space 87424K, 100% used [0x00000000e0000000, 0x00000000e5560000, 0x00000000e5560000)
  from space 21824K,  35% used [0x00000000e6ab0000, 0x00000000e7253eb0, 0x00000000e8000000)
  to   space 21824K,   0% used [0x00000000e5560000, 0x00000000e5560000, 0x00000000e6ab0000)
 concurrent mark-sweep generation total 393216K, used 6056K [0x00000000e8000000, 0x0000000100000000, 0x0000000100000000)
 Metaspace       used 28010K, capacity 28576K, committed 28796K, reserved 1075200K
  class space    used 3213K, capacity 3389K, committed 3452K, reserved 1048576K
2017-08-02T09:22:02.958+0200: 7,066: [GC (Allocation Failure) 2017-08-02T09:22:02.958+0200: 7,066: [ParNew
Desired survivor size 20112992 bytes, new threshold 8 (max 8)
- age   1:   11511320 bytes,   11511320 total
- age   2:     144144 bytes,   11655464 total
- age   3:     201896 bytes,   11857360 total
- age   4:    1727496 bytes,   13584856 total
- age   5:      70720 bytes,   13655576 total
- age   7:     113344 bytes,   13768920 total
- age   8:     176552 bytes,   13945472 total
: 95247K->14943K(109248K), 0,0137033 secs] 101304K->21849K(502464K), 0,0137664 secs] [Times: user=0,05 sys=0,00, real=0,01 secs] 
Heap after GC invocations=10 (full 1):
 par new generation   total 109248K, used 14943K [0x00000000e0000000, 0x00000000e8000000, 0x00000000e8000000)
  eden space 87424K,   0% used [0x00000000e0000000, 0x00000000e0000000, 0x00000000e5560000)
  from space 21824K,  68% used [0x00000000e5560000, 0x00000000e63f7f10, 0x00000000e6ab0000)
  to   space 21824K,   0% used [0x00000000e6ab0000, 0x00000000e6ab0000, 0x00000000e8000000)
 concurrent mark-sweep generation total 393216K, used 6905K [0x00000000e8000000, 0x0000000100000000, 0x0000000100000000)
 Metaspace       used 28010K, capacity 28576K, committed 28796K, reserved 1075200K
  class space    used 3213K, capacity 3389K, committed 3452K, reserved 1048576K
}
2017-08-02T09:22:02.972+0200: 7,080: Total time for which application threads were stopped: 0,0139211 seconds, Stopping threads took: 0,0000153 seconds
2017-08-02T09:22:02.972+0200: 7,080: Total time for which application threads were stopped: 0,0000644 seconds, Stopping threads took: 0,0000234 seconds
2017-08-02T09:22:02.972+0200: 7,080: Total time for which application threads were stopped: 0,0000399 seconds, Stopping threads took: 0,0000183 seconds
2017-08-02T09:22:03.972+0200: 8,080: Total time for which application threads were stopped: 0,0000708 seconds, Stopping threads took: 0,0000179 seconds
2017-08-02T09:22:52.979+0200: 57,087: Total time for which application threads were stopped: 0,0001124 seconds, Stopping threads took: 0,0000442 seconds
2017-08-02T09:23:07.982+0200: 72,090: Total time for which application threads were stopped: 0,0001725 seconds, Stopping threads took: 0,0000334 seconds
2017-08-02T09:23:22.984+0200: 87,092: Total time for which application threads were stopped: 0,0001976 seconds, Stopping threads took: 0,0000597 seconds
2017-08-02T09:23:52.989+0200: 117,097: Total time for which application threads were stopped: 0,0001676 seconds, Stopping threads took: 0,0000657 seconds
2017-08-02T09:23:57.990+0200: 122,098: Total time for which application threads were stopped: 0,0000695 seconds, Stopping threads took: 0,0000155 seconds
2017-08-02T09:45:21.653+0200: 1406,271: Total time for which application threads were stopped: 0,0000791 seconds, Stopping threads took: 0,0000308 seconds
2017-08-02T09:48:27.672+0200: 1592,290: Total time for which application threads were stopped: 0,0000996 seconds, Stopping threads took: 0,0000413 seconds
2017-08-02T09:48:57.675+0200: 1622,293: Total time for which application threads were stopped: 0,0001047 seconds, Stopping threads took: 0,0000389 seconds
2017-08-02T09:50:06.682+0200: 1691,300: Total time for which application threads were stopped: 0,0000808 seconds, Stopping threads took: 0,0000320 seconds
2017-08-02T10:00:17.746+0200: 2302,363: Total time for which application threads were stopped: 0,0000927 seconds, Stopping threads took: 0,0000361 seconds
2017-08-02T10:00:21.747+0200: 2306,364: Total time for which application threads were stopped: 0,0004518 seconds, Stopping threads took: 0,0002306 seconds
2017-08-02T10:15:12.863+0200: 3197,481: Total time for which application threads were stopped: 0,0001828 seconds, Stopping threads took: 0,0000650 seconds
2017-08-02T10:26:16.939+0200: 3861,556: Total time for which application threads were stopped: 0,0001071 seconds, Stopping threads took: 0,0000428 seconds
2017-08-02T10:40:18.031+0200: 4702,648: Total time for which application threads were stopped: 0,0000940 seconds, Stopping threads took: 0,0000304 seconds
2017-08-02T11:01:38.236+0200: 5982,853: Total time for which application threads were stopped: 0,0001708 seconds, Stopping threads took: 0,0000649 seconds
2017-08-02T11:06:18.274+0200: 6262,891: Total time for which application threads were stopped: 0,0006088 seconds, Stopping threads took: 0,0002105 seconds
2017-08-02T11:23:57.400+0200: 7322,018: Total time for which application threads were stopped: 0,0001650 seconds, Stopping threads took: 0,0000591 seconds
2017-08-02T11:28:27.439+0200: 7592,056: Total time for which application threads were stopped: 0,0002134 seconds, Stopping threads took: 0,0000647 seconds
2017-08-02T11:29:57.453+0200: 7682,071: Total time for which application threads were stopped: 0,0001221 seconds, Stopping threads took: 0,0000464 seconds
2017-08-02T12:34:27.941+0200: 11552,558: Total time for which application threads were stopped: 0,0000920 seconds, Stopping threads took: 0,0000374 seconds
2017-08-02T13:37:57.394+0200: 15362,012: Total time for which application threads were stopped: 0,0000814 seconds, Stopping threads took: 0,0000319 seconds
2017-08-02T13:39:27.405+0200: 15452,022: Total time for which application threads were stopped: 0,0001137 seconds, Stopping threads took: 0,0000397 seconds
2017-08-02T16:48:57.804+0200: 26822,422: Total time for which application threads were stopped: 0,0001803 seconds, Stopping threads took: 0,0000630 seconds
2017-08-02T21:50:13.043+0200: 44897,660: Total time for which application threads were stopped: 0,0001598 seconds, Stopping threads took: 0,0000630 seconds
2017-08-02T23:57:50.302+0200: 52554,920: Total time for which application threads were stopped: 0,0083647 seconds, Stopping threads took: 0,0082715 seconds
2017-08-02T23:57:50.302+0200: 52554,920: Total time for which application threads were stopped: 0,0000642 seconds, Stopping threads took: 0,0000181 seconds
2017-08-02T23:57:50.303+0200: 52554,921: Total time for which application threads were stopped: 0,0000960 seconds, Stopping threads took: 0,0000180 seconds
2017-08-02T23:57:50.304+0200: 52554,922: Total time for which application threads were stopped: 0,0000825 seconds, Stopping threads took: 0,0000235 seconds
2017-08-02T23:57:50.304+0200: 52554,922: Total time for which application threads were stopped: 0,0000428 seconds, Stopping threads took: 0,0000060 seconds
2017-08-02T23:57:50.305+0200: 52554,922: Total time for which application threads were stopped: 0,0002788 seconds, Stopping threads took: 0,0000152 seconds
2017-08-02T23:57:50.305+0200: 52554,923: Total time for which application threads were stopped: 0,0000601 seconds, Stopping threads took: 0,0000082 seconds
2017-08-02T23:57:50.306+0200: 52554,923: Total time for which application threads were stopped: 0,0004159 seconds, Stopping threads took: 0,0003549 seconds
2017-08-02T23:57:50.306+0200: 52554,923: Total time for which application threads were stopped: 0,0000500 seconds, Stopping threads took: 0,0000070 seconds
2017-08-02T23:57:50.306+0200: 52554,923: Total time for which application threads were stopped: 0,0000388 seconds, Stopping threads took: 0,0000048 seconds
2017-08-02T23:57:50.306+0200: 52554,923: Total time for which application threads were stopped: 0,0000398 seconds, Stopping threads took: 0,0000050 seconds
2017-08-02T23:57:50.306+0200: 52554,923: Total time for which application threads were stopped: 0,0000377 seconds, Stopping threads took: 0,0000047 seconds
2017-08-02T23:57:50.306+0200: 52554,924: Total time for which application threads were stopped: 0,0001150 seconds, Stopping threads took: 0,0000048 seconds
2017-08-02T23:57:50.306+0200: 52554,924: Total time for which application threads were stopped: 0,0000671 seconds, Stopping threads took: 0,0000099 seconds
2017-08-02T23:57:50.307+0200: 52554,924: Total time for which application threads were stopped: 0,0000461 seconds, Stopping threads took: 0,0000062 seconds
2017-08-02T23:57:50.307+0200: 52554,924: Total time for which application threads were stopped: 0,0000369 seconds, Stopping threads took: 0,0000049 seconds
2017-08-02T23:57:50.307+0200: 52554,924: Total time for which application threads were stopped: 0,0000384 seconds, Stopping threads took: 0,0000051 seconds
2017-08-02T23:57:50.307+0200: 52554,924: Total time for which application threads were stopped: 0,0000395 seconds, Stopping threads took: 0,0000069 seconds
2017-08-02T23:57:50.307+0200: 52554,924: Total time for which application threads were stopped: 0,0000391 seconds, Stopping threads took: 0,0000048 seconds
2017-08-02T23:57:50.307+0200: 52554,924: Total time for which application threads were stopped: 0,0000375 seconds, Stopping threads took: 0,0000049 seconds
2017-08-02T23:57:50.307+0200: 52554,925: Total time for which application threads were stopped: 0,0002153 seconds, Stopping threads took: 0,0000148 seconds
2017-08-02T23:57:50.308+0200: 52554,925: Total time for which application threads were stopped: 0,0000591 seconds, Stopping threads took: 0,0000106 seconds
2017-08-02T23:57:50.309+0200: 52554,926: Total time for which application threads were stopped: 0,0000940 seconds, Stopping threads took: 0,0000190 seconds
2017-08-02T23:57:50.309+0200: 52554,926: Total time for which application threads were stopped: 0,0000468 seconds, Stopping threads took: 0,0000068 seconds
2017-08-02T23:57:50.309+0200: 52554,926: Total time for which application threads were stopped: 0,0000568 seconds, Stopping threads took: 0,0000112 seconds
2017-08-02T23:57:50.309+0200: 52554,926: Total time for which application threads were stopped: 0,0000396 seconds, Stopping threads took: 0,0000051 seconds
2017-08-02T23:57:50.309+0200: 52554,926: Total time for which application threads were stopped: 0,0000422 seconds, Stopping threads took: 0,0000058 seconds
2017-08-02T23:57:50.309+0200: 52554,927: Total time for which application threads were stopped: 0,0000405 seconds, Stopping threads took: 0,0000049 seconds
2017-08-02T23:57:50.309+0200: 52554,927: Total time for which application threads were stopped: 0,0000391 seconds, Stopping threads took: 0,0000051 seconds
2017-08-02T23:57:50.309+0200: 52554,927: Total time for which application threads were stopped: 0,0000380 seconds, Stopping threads took: 0,0000044 seconds
2017-08-02T23:57:50.316+0200: 52554,934: Total time for which application threads were stopped: 0,0014826 seconds, Stopping threads took: 0,0013994 seconds
2017-08-02T23:57:50.317+0200: 52554,934: Total time for which application threads were stopped: 0,0000616 seconds, Stopping threads took: 0,0000085 seconds
2017-08-02T23:57:50.317+0200: 52554,935: Total time for which application threads were stopped: 0,0000526 seconds, Stopping threads took: 0,0000068 seconds
2017-08-02T23:57:50.324+0200: 52554,941: Total time for which application threads were stopped: 0,0001204 seconds, Stopping threads took: 0,0000540 seconds
2017-08-02T23:57:50.324+0200: 52554,941: Total time for which application threads were stopped: 0,0000531 seconds, Stopping threads took: 0,0000151 seconds
2017-08-02T23:57:50.324+0200: 52554,941: Total time for which application threads were stopped: 0,0000421 seconds, Stopping threads took: 0,0000083 seconds
2017-08-02T23:57:50.324+0200: 52554,941: Total time for which application threads were stopped: 0,0000407 seconds, Stopping threads took: 0,0000080 seconds
2017-08-02T23:57:50.324+0200: 52554,941: Total time for which application threads were stopped: 0,0000526 seconds, Stopping threads took: 0,0000177 seconds
2017-08-02T23:57:50.324+0200: 52554,941: Total time for which application threads were stopped: 0,0000445 seconds, Stopping threads took: 0,0000136 seconds
2017-08-02T23:57:50.324+0200: 52554,942: Total time for which application threads were stopped: 0,0000605 seconds, Stopping threads took: 0,0000175 seconds
2017-08-02T23:57:50.324+0200: 52554,942: Total time for which application threads were stopped: 0,0000524 seconds, Stopping threads took: 0,0000162 seconds
2017-08-02T23:57:50.325+0200: 52554,943: Total time for which application threads were stopped: 0,0000996 seconds, Stopping threads took: 0,0000186 seconds
2017-08-02T23:57:50.326+0200: 52554,943: Total time for which application threads were stopped: 0,0000644 seconds, Stopping threads took: 0,0000234 seconds
2017-08-02T23:57:50.326+0200: 52554,943: Total time for which application threads were stopped: 0,0000346 seconds, Stopping threads took: 0,0000089 seconds
2017-08-02T23:57:50.326+0200: 52554,943: Total time for which application threads were stopped: 0,0000506 seconds, Stopping threads took: 0,0000259 seconds
2017-08-02T23:57:50.327+0200: 52554,944: Total time for which application threads were stopped: 0,0000967 seconds, Stopping threads took: 0,0000215 seconds
2017-08-02T23:57:50.327+0200: 52554,944: Total time for which application threads were stopped: 0,0000588 seconds, Stopping threads took: 0,0000193 seconds
2017-08-02T23:57:50.327+0200: 52554,945: Total time for which application threads were stopped: 0,0000890 seconds, Stopping threads took: 0,0000517 seconds
2017-08-02T23:57:50.327+0200: 52554,945: Total time for which application threads were stopped: 0,0000542 seconds, Stopping threads took: 0,0000206 seconds
2017-08-02T23:57:50.328+0200: 52554,945: Total time for which application threads were stopped: 0,0000831 seconds, Stopping threads took: 0,0000323 seconds
2017-08-02T23:57:50.328+0200: 52554,945: Total time for which application threads were stopped: 0,0000518 seconds, Stopping threads took: 0,0000214 seconds
2017-08-02T23:57:50.329+0200: 52554,946: Total time for which application threads were stopped: 0,0000881 seconds, Stopping threads took: 0,0000297 seconds
2017-08-02T23:57:50.329+0200: 52554,946: Total time for which application threads were stopped: 0,0000549 seconds, Stopping threads took: 0,0000185 seconds
2017-08-02T23:57:50.329+0200: 52554,946: Total time for which application threads were stopped: 0,0000589 seconds, Stopping threads took: 0,0000247 seconds
2017-08-02T23:57:50.329+0200: 52554,946: Total time for which application threads were stopped: 0,0000615 seconds, Stopping threads took: 0,0000232 seconds
2017-08-02T23:57:50.329+0200: 52554,947: Total time for which application threads were stopped: 0,0000500 seconds, Stopping threads took: 0,0000161 seconds
2017-08-02T23:57:50.329+0200: 52554,947: Total time for which application threads were stopped: 0,0000645 seconds, Stopping threads took: 0,0000192 seconds
2017-08-02T23:57:50.330+0200: 52554,947: Total time for which application threads were stopped: 0,0000497 seconds, Stopping threads took: 0,0000171 seconds
2017-08-02T23:57:50.330+0200: 52554,947: Total time for which application threads were stopped: 0,0000539 seconds, Stopping threads took: 0,0000194 seconds
2017-08-02T23:57:50.330+0200: 52554,947: Total time for which application threads were stopped: 0,0000576 seconds, Stopping threads took: 0,0000198 seconds
2017-08-02T23:57:50.330+0200: 52554,947: Total time for which application threads were stopped: 0,0000455 seconds, Stopping threads took: 0,0000189 seconds
2017-08-02T23:57:50.330+0200: 52554,947: Total time for which application threads were stopped: 0,0000476 seconds, Stopping threads took: 0,0000138 seconds
2017-08-02T23:57:50.330+0200: 52554,948: Total time for which application threads were stopped: 0,0001178 seconds, Stopping threads took: 0,0000190 seconds
2017-08-02T23:57:50.332+0200: 52554,949: Total time for which application threads were stopped: 0,0001227 seconds, Stopping threads took: 0,0000382 seconds
2017-08-02T23:57:50.332+0200: 52554,950: Total time for which application threads were stopped: 0,0000949 seconds, Stopping threads took: 0,0000098 seconds
Heap
 par new generation   total 109248K, used 40537K [0x00000000e0000000, 0x00000000e8000000, 0x00000000e8000000)
  eden space 87424K,  29% used [0x00000000e0000000, 0x00000000e18fe598, 0x00000000e5560000)
  from space 21824K,  68% used [0x00000000e5560000, 0x00000000e63f7f10, 0x00000000e6ab0000)
  to   space 21824K,   0% used [0x00000000e6ab0000, 0x00000000e6ab0000, 0x00000000e8000000)
 concurrent mark-sweep generation total 393216K, used 6905K [0x00000000e8000000, 0x0000000100000000, 0x0000000100000000)
 Metaspace       used 28189K, capacity 28744K, committed 29052K, reserved 1075200K
  class space    used 3228K, capacity 3423K, committed 3452K, reserved 1048576K
