OpenJDK 64-Bit Server VM (25.111-b14) for linux-amd64 JRE (1.8.0_111-8u111-b14-2ubuntu0.16.04.2-b14), built on Oct 27 2016 18:10:19 by "buildd" with gcc 5.4.0 20160609
Memory: 4k page, physical 7867804k(7512380k free), swap 8076284k(8076284k free)
CommandLine flags: -XX:CMSInitiatingOccupancyFraction=50 -XX:CMSMaxAbortablePrecleanTime=6000 -XX:+CMSParallelRemarkEnabled -XX:+CMSScavengeBeforeRemark -XX:ConcGCThreads=4 -XX:InitialHeapSize=536870912 -XX:MaxHeapSize=536870912 -XX:MaxTenuringThreshold=8 -XX:NewRatio=3 -XX:OldPLABSize=16 -XX:OnOutOfMemoryError=/opt/solr/bin/oom_solr.sh 8983 /var/solr/logs -XX:ParallelGCThreads=4 -XX:+ParallelRefProcEnabled -XX:PretenureSizeThreshold=67108864 -XX:+PrintGC -XX:+PrintGCApplicationStoppedTime -XX:+PrintGCDateStamps -XX:+PrintGCDetails -XX:+PrintGCTimeStamps -XX:+PrintHeapAtGC -XX:+PrintTenuringDistribution -XX:SurvivorRatio=4 -XX:TargetSurvivorRatio=90 -XX:ThreadStackSize=256 -XX:+UseCMSInitiatingOccupancyOnly -XX:+UseCompressedClassPointers -XX:+UseCompressedOops -XX:+UseConcMarkSweepGC -XX:+UseParNewGC 
2016-12-25T00:41:31.721+0100: 0,124: Total time for which application threads were stopped: 0,0000694 seconds, Stopping threads took: 0,0000104 seconds
2016-12-25T00:41:31.813+0100: 0,216: Total time for which application threads were stopped: 0,0000966 seconds, Stopping threads took: 0,0000103 seconds
2016-12-25T00:41:31.828+0100: 0,231: Total time for which application threads were stopped: 0,0000904 seconds, Stopping threads took: 0,0000228 seconds
2016-12-25T00:41:32.030+0100: 0,434: Total time for which application threads were stopped: 0,0001356 seconds, Stopping threads took: 0,0000201 seconds
2016-12-25T00:41:32.490+0100: 0,894: Total time for which application threads were stopped: 0,0002135 seconds, Stopping threads took: 0,0000261 seconds
2016-12-25T00:41:32.594+0100: 0,997: Total time for which application threads were stopped: 0,0001743 seconds, Stopping threads took: 0,0000187 seconds
2016-12-25T00:41:32.631+0100: 1,035: Total time for which application threads were stopped: 0,0006519 seconds, Stopping threads took: 0,0001375 seconds
2016-12-25T00:41:32.871+0100: 1,274: Total time for which application threads were stopped: 0,0001644 seconds, Stopping threads took: 0,0000229 seconds
2016-12-25T00:41:33.076+0100: 1,479: Total time for which application threads were stopped: 0,0007691 seconds, Stopping threads took: 0,0000648 seconds
2016-12-25T00:41:33.104+0100: 1,507: Total time for which application threads were stopped: 0,0001729 seconds, Stopping threads took: 0,0000116 seconds
2016-12-25T00:41:33.104+0100: 1,508: Total time for which application threads were stopped: 0,0000948 seconds, Stopping threads took: 0,0000061 seconds
2016-12-25T00:41:33.119+0100: 1,522: Total time for which application threads were stopped: 0,0001591 seconds, Stopping threads took: 0,0000121 seconds
2016-12-25T00:41:33.216+0100: 1,619: Total time for which application threads were stopped: 0,0002257 seconds, Stopping threads took: 0,0000258 seconds
2016-12-25T00:41:33.392+0100: 1,795: Total time for which application threads were stopped: 0,0005512 seconds, Stopping threads took: 0,0003498 seconds
{Heap before GC invocations=0 (full 0):
 par new generation   total 109248K, used 87424K [0x00000000e0000000, 0x00000000e8000000, 0x00000000e8000000)
  eden space 87424K, 100% used [0x00000000e0000000, 0x00000000e5560000, 0x00000000e5560000)
  from space 21824K,   0% used [0x00000000e5560000, 0x00000000e5560000, 0x00000000e6ab0000)
  to   space 21824K,   0% used [0x00000000e6ab0000, 0x00000000e6ab0000, 0x00000000e8000000)
 concurrent mark-sweep generation total 393216K, used 0K [0x00000000e8000000, 0x0000000100000000, 0x0000000100000000)
 Metaspace       used 18096K, capacity 18362K, committed 18560K, reserved 1064960K
  class space    used 2054K, capacity 2162K, committed 2176K, reserved 1048576K
2016-12-25T00:41:33.499+0100: 1,903: [GC (Allocation Failure) 2016-12-25T00:41:33.499+0100: 1,903: [ParNew
Desired survivor size 20112992 bytes, new threshold 8 (max 8)
- age   1:   12324360 bytes,   12324360 total
: 87424K->12149K(109248K), 0,0157657 secs] 87424K->12149K(502464K), 0,0158506 secs] [Times: user=0,04 sys=0,02, real=0,02 secs] 
Heap after GC invocations=1 (full 0):
 par new generation   total 109248K, used 12149K [0x00000000e0000000, 0x00000000e8000000, 0x00000000e8000000)
  eden space 87424K,   0% used [0x00000000e0000000, 0x00000000e0000000, 0x00000000e5560000)
  from space 21824K,  55% used [0x00000000e6ab0000, 0x00000000e768d7c0, 0x00000000e8000000)
  to   space 21824K,   0% used [0x00000000e5560000, 0x00000000e5560000, 0x00000000e6ab0000)
 concurrent mark-sweep generation total 393216K, used 0K [0x00000000e8000000, 0x0000000100000000, 0x0000000100000000)
 Metaspace       used 18096K, capacity 18362K, committed 18560K, reserved 1064960K
  class space    used 2054K, capacity 2162K, committed 2176K, reserved 1048576K
}
2016-12-25T00:41:33.515+0100: 1,919: Total time for which application threads were stopped: 0,0160409 seconds, Stopping threads took: 0,0000202 seconds
2016-12-25T00:41:33.657+0100: 2,061: Total time for which application threads were stopped: 0,0002997 seconds, Stopping threads took: 0,0000215 seconds
2016-12-25T00:41:33.685+0100: 2,088: Total time for which application threads were stopped: 0,0002792 seconds, Stopping threads took: 0,0000260 seconds
2016-12-25T00:41:33.706+0100: 2,109: Total time for which application threads were stopped: 0,0002903 seconds, Stopping threads took: 0,0000245 seconds
{Heap before GC invocations=1 (full 0):
 par new generation   total 109248K, used 99573K [0x00000000e0000000, 0x00000000e8000000, 0x00000000e8000000)
  eden space 87424K, 100% used [0x00000000e0000000, 0x00000000e5560000, 0x00000000e5560000)
  from space 21824K,  55% used [0x00000000e6ab0000, 0x00000000e768d7c0, 0x00000000e8000000)
  to   space 21824K,   0% used [0x00000000e5560000, 0x00000000e5560000, 0x00000000e6ab0000)
 concurrent mark-sweep generation total 393216K, used 0K [0x00000000e8000000, 0x0000000100000000, 0x0000000100000000)
 Metaspace       used 20729K, capacity 21016K, committed 21248K, reserved 1069056K
  class space    used 2404K, capacity 2518K, committed 2560K, reserved 1048576K
2016-12-25T00:41:33.876+0100: 2,280: [GC (Allocation Failure) 2016-12-25T00:41:33.876+0100: 2,280: [ParNew
Desired survivor size 20112992 bytes, new threshold 8 (max 8)
- age   1:    2894936 bytes,    2894936 total
- age   2:    6103296 bytes,    8998232 total
: 99573K->13211K(109248K), 0,0105318 secs] 99573K->13211K(502464K), 0,0106119 secs] [Times: user=0,04 sys=0,00, real=0,01 secs] 
Heap after GC invocations=2 (full 0):
 par new generation   total 109248K, used 13211K [0x00000000e0000000, 0x00000000e8000000, 0x00000000e8000000)
  eden space 87424K,   0% used [0x00000000e0000000, 0x00000000e0000000, 0x00000000e5560000)
  from space 21824K,  60% used [0x00000000e5560000, 0x00000000e6246f60, 0x00000000e6ab0000)
  to   space 21824K,   0% used [0x00000000e6ab0000, 0x00000000e6ab0000, 0x00000000e8000000)
 concurrent mark-sweep generation total 393216K, used 0K [0x00000000e8000000, 0x0000000100000000, 0x0000000100000000)
 Metaspace       used 20729K, capacity 21016K, committed 21248K, reserved 1069056K
  class space    used 2404K, capacity 2518K, committed 2560K, reserved 1048576K
}
2016-12-25T00:41:33.887+0100: 2,291: Total time for which application threads were stopped: 0,0108876 seconds, Stopping threads took: 0,0000291 seconds
2016-12-25T00:41:33.948+0100: 2,351: Total time for which application threads were stopped: 0,0000782 seconds, Stopping threads took: 0,0000155 seconds
2016-12-25T00:41:33.980+0100: 2,383: Total time for which application threads were stopped: 0,0000806 seconds, Stopping threads took: 0,0000160 seconds
2016-12-25T00:41:33.980+0100: 2,384: Total time for which application threads were stopped: 0,0002306 seconds, Stopping threads took: 0,0000071 seconds
2016-12-25T00:41:34.004+0100: 2,407: Total time for which application threads were stopped: 0,0000739 seconds, Stopping threads took: 0,0000161 seconds
2016-12-25T00:41:34.079+0100: 2,483: Total time for which application threads were stopped: 0,0001197 seconds, Stopping threads took: 0,0000189 seconds
2016-12-25T00:41:34.100+0100: 2,503: Total time for which application threads were stopped: 0,0001069 seconds, Stopping threads took: 0,0000258 seconds
2016-12-25T00:41:34.108+0100: 2,511: Total time for which application threads were stopped: 0,0002860 seconds, Stopping threads took: 0,0000143 seconds
2016-12-25T00:41:34.115+0100: 2,518: Total time for which application threads were stopped: 0,0002691 seconds, Stopping threads took: 0,0000135 seconds
2016-12-25T00:41:34.123+0100: 2,526: Total time for which application threads were stopped: 0,0001097 seconds, Stopping threads took: 0,0000375 seconds
2016-12-25T00:41:34.151+0100: 2,555: Total time for which application threads were stopped: 0,0001175 seconds, Stopping threads took: 0,0000287 seconds
2016-12-25T00:41:34.168+0100: 2,571: Total time for which application threads were stopped: 0,0000957 seconds, Stopping threads took: 0,0000263 seconds
2016-12-25T00:41:34.185+0100: 2,589: Total time for which application threads were stopped: 0,0000753 seconds, Stopping threads took: 0,0000130 seconds
2016-12-25T00:41:34.204+0100: 2,607: Total time for which application threads were stopped: 0,0000740 seconds, Stopping threads took: 0,0000131 seconds
2016-12-25T00:41:34.225+0100: 2,628: Total time for which application threads were stopped: 0,0000827 seconds, Stopping threads took: 0,0000126 seconds
2016-12-25T00:41:34.294+0100: 2,697: Total time for which application threads were stopped: 0,0001343 seconds, Stopping threads took: 0,0000238 seconds
2016-12-25T00:41:34.327+0100: 2,731: Total time for which application threads were stopped: 0,0001674 seconds, Stopping threads took: 0,0000842 seconds
{Heap before GC invocations=2 (full 0):
 par new generation   total 109248K, used 100635K [0x00000000e0000000, 0x00000000e8000000, 0x00000000e8000000)
  eden space 87424K, 100% used [0x00000000e0000000, 0x00000000e5560000, 0x00000000e5560000)
  from space 21824K,  60% used [0x00000000e5560000, 0x00000000e6246f60, 0x00000000e6ab0000)
  to   space 21824K,   0% used [0x00000000e6ab0000, 0x00000000e6ab0000, 0x00000000e8000000)
 concurrent mark-sweep generation total 393216K, used 0K [0x00000000e8000000, 0x0000000100000000, 0x0000000100000000)
 Metaspace       used 24876K, capacity 25281K, committed 25536K, reserved 1071104K
  class space    used 2897K, capacity 3025K, committed 3144K, reserved 1048576K
2016-12-25T00:41:34.369+0100: 2,772: [GC (Allocation Failure) 2016-12-25T00:41:34.369+0100: 2,772: [ParNew
Desired survivor size 20112992 bytes, new threshold 8 (max 8)
- age   1:    6692152 bytes,    6692152 total
- age   2:     543824 bytes,    7235976 total
- age   3:    6097840 bytes,   13333816 total
: 100635K->14294K(109248K), 0,0119074 secs] 100635K->14294K(502464K), 0,0119827 secs] [Times: user=0,04 sys=0,00, real=0,01 secs] 
Heap after GC invocations=3 (full 0):
 par new generation   total 109248K, used 14294K [0x00000000e0000000, 0x00000000e8000000, 0x00000000e8000000)
  eden space 87424K,   0% used [0x00000000e0000000, 0x00000000e0000000, 0x00000000e5560000)
  from space 21824K,  65% used [0x00000000e6ab0000, 0x00000000e78a5b80, 0x00000000e8000000)
  to   space 21824K,   0% used [0x00000000e5560000, 0x00000000e5560000, 0x00000000e6ab0000)
 concurrent mark-sweep generation total 393216K, used 0K [0x00000000e8000000, 0x0000000100000000, 0x0000000100000000)
 Metaspace       used 24876K, capacity 25281K, committed 25536K, reserved 1071104K
  class space    used 2897K, capacity 3025K, committed 3144K, reserved 1048576K
}
2016-12-25T00:41:34.381+0100: 2,784: Total time for which application threads were stopped: 0,0121310 seconds, Stopping threads took: 0,0000261 seconds
2016-12-25T00:41:34.381+0100: 2,785: [GC (CMS Initial Mark) [1 CMS-initial-mark: 0K(393216K)] 14295K(502464K), 0,0031972 secs] [Times: user=0,01 sys=0,00, real=0,00 secs] 
2016-12-25T00:41:34.384+0100: 2,788: Total time for which application threads were stopped: 0,0033084 seconds, Stopping threads took: 0,0000357 seconds
2016-12-25T00:41:34.384+0100: 2,788: [CMS-concurrent-mark-start]
2016-12-25T00:41:34.385+0100: 2,788: [CMS-concurrent-mark: 0,000/0,000 secs] [Times: user=0,00 sys=0,00, real=0,00 secs] 
2016-12-25T00:41:34.385+0100: 2,788: [CMS-concurrent-preclean-start]
2016-12-25T00:41:34.386+0100: 2,790: [CMS-concurrent-preclean: 0,001/0,001 secs] [Times: user=0,01 sys=0,00, real=0,01 secs] 
2016-12-25T00:41:34.386+0100: 2,790: [GC (CMS Final Remark) [YG occupancy: 15705 K (109248 K)]{Heap before GC invocations=3 (full 1):
 par new generation   total 109248K, used 15705K [0x00000000e0000000, 0x00000000e8000000, 0x00000000e8000000)
  eden space 87424K,   1% used [0x00000000e0000000, 0x00000000e0160a60, 0x00000000e5560000)
  from space 21824K,  65% used [0x00000000e6ab0000, 0x00000000e78a5b80, 0x00000000e8000000)
  to   space 21824K,   0% used [0x00000000e5560000, 0x00000000e5560000, 0x00000000e6ab0000)
 concurrent mark-sweep generation total 393216K, used 0K [0x00000000e8000000, 0x0000000100000000, 0x0000000100000000)
 Metaspace       used 24905K, capacity 25377K, committed 25612K, reserved 1071104K
  class space    used 2900K, capacity 3057K, committed 3144K, reserved 1048576K
2016-12-25T00:41:34.386+0100: 2,790: [GC (CMS Final Remark) 2016-12-25T00:41:34.386+0100: 2,790: [ParNew
Desired survivor size 20112992 bytes, new threshold 8 (max 8)
- age   1:      36632 bytes,      36632 total
- age   2:    3151536 bytes,    3188168 total
- age   3:     543824 bytes,    3731992 total
- age   4:    6096184 bytes,    9828176 total
: 15705K->13483K(109248K), 0,0127766 secs] 15705K->13483K(502464K), 0,0128162 secs] [Times: user=0,04 sys=0,00, real=0,01 secs] 
Heap after GC invocations=4 (full 1):
 par new generation   total 109248K, used 13483K [0x00000000e0000000, 0x00000000e8000000, 0x00000000e8000000)
  eden space 87424K,   0% used [0x00000000e0000000, 0x00000000e0000000, 0x00000000e5560000)
  from space 21824K,  61% used [0x00000000e5560000, 0x00000000e628ae10, 0x00000000e6ab0000)
  to   space 21824K,   0% used [0x00000000e6ab0000, 0x00000000e6ab0000, 0x00000000e8000000)
 concurrent mark-sweep generation total 393216K, used 0K [0x00000000e8000000, 0x0000000100000000, 0x0000000100000000)
 Metaspace       used 24905K, capacity 25377K, committed 25612K, reserved 1071104K
  class space    used 2900K, capacity 3057K, committed 3144K, reserved 1048576K
}
2016-12-25T00:41:34.399+0100: 2,803: [Rescan (parallel) , 0,0052132 secs]2016-12-25T00:41:34.404+0100: 2,808: [weak refs processing, 0,0006159 secs]2016-12-25T00:41:34.405+0100: 2,808: [class unloading, 0,0033144 secs]2016-12-25T00:41:34.408+0100: 2,812: [scrub symbol table, 0,0036805 secs]2016-12-25T00:41:34.412+0100: 2,816: [scrub string table, 0,0004591 secs][1 CMS-remark: 0K(393216K)] 13483K(502464K), 0,0269805 secs] [Times: user=0,07 sys=0,00, real=0,02 secs] 
2016-12-25T00:41:34.413+0100: 2,817: Total time for which application threads were stopped: 0,0272493 seconds, Stopping threads took: 0,0001114 seconds
2016-12-25T00:41:34.414+0100: 2,817: [CMS-concurrent-sweep-start]
2016-12-25T00:41:34.414+0100: 2,817: [CMS-concurrent-sweep: 0,000/0,000 secs] [Times: user=0,00 sys=0,00, real=0,00 secs] 
2016-12-25T00:41:34.414+0100: 2,818: [CMS-concurrent-reset-start]
2016-12-25T00:41:34.417+0100: 2,820: [CMS-concurrent-reset: 0,003/0,003 secs] [Times: user=0,01 sys=0,00, real=0,00 secs] 
2016-12-25T00:41:34.473+0100: 2,877: Total time for which application threads were stopped: 0,0003446 seconds, Stopping threads took: 0,0000200 seconds
2016-12-25T00:41:35.474+0100: 3,877: Total time for which application threads were stopped: 0,0000990 seconds, Stopping threads took: 0,0000194 seconds
2016-12-25T00:41:35.648+0100: 4,052: Total time for which application threads were stopped: 0,0002380 seconds, Stopping threads took: 0,0000162 seconds
2016-12-25T00:42:03.138+0100: 32,054: Total time for which application threads were stopped: 0,0000631 seconds, Stopping threads took: 0,0000175 seconds
2016-12-25T00:44:18.153+0100: 167,070: Total time for which application threads were stopped: 0,0000864 seconds, Stopping threads took: 0,0000346 seconds
2016-12-25T00:44:32.155+0100: 181,072: Total time for which application threads were stopped: 0,0000636 seconds, Stopping threads took: 0,0000149 seconds
2016-12-25T00:45:13.161+0100: 222,078: Total time for which application threads were stopped: 0,0000796 seconds, Stopping threads took: 0,0000323 seconds
2016-12-25T00:46:02.168+0100: 271,085: Total time for which application threads were stopped: 0,0002303 seconds, Stopping threads took: 0,0000922 seconds
2016-12-25T00:46:18.170+0100: 287,087: Total time for which application threads were stopped: 0,0001702 seconds, Stopping threads took: 0,0000648 seconds
2016-12-25T00:46:28.171+0100: 297,088: Total time for which application threads were stopped: 0,0000601 seconds, Stopping threads took: 0,0000151 seconds
2016-12-25T00:46:53.175+0100: 322,092: Total time for which application threads were stopped: 0,0003737 seconds, Stopping threads took: 0,0001763 seconds
2016-12-25T00:47:02.176+0100: 331,093: Total time for which application threads were stopped: 0,0001566 seconds, Stopping threads took: 0,0000333 seconds
2016-12-25T00:52:08.218+0100: 637,134: Total time for which application threads were stopped: 0,0000756 seconds, Stopping threads took: 0,0000314 seconds
2016-12-25T00:52:13.218+0100: 642,135: Total time for which application threads were stopped: 0,0000676 seconds, Stopping threads took: 0,0000170 seconds
2016-12-25T00:57:33.265+0100: 962,182: Total time for which application threads were stopped: 0,0002058 seconds, Stopping threads took: 0,0000674 seconds
2016-12-25T01:05:17.333+0100: 1426,249: Total time for which application threads were stopped: 0,0000718 seconds, Stopping threads took: 0,0000284 seconds
2016-12-25T01:10:03.373+0100: 1712,289: Total time for which application threads were stopped: 0,0001762 seconds, Stopping threads took: 0,0000687 seconds
2016-12-25T01:17:37.966+0100: 2166,883: Total time for which application threads were stopped: 0,0001309 seconds, Stopping threads took: 0,0000192 seconds
Heap
 par new generation   total 109248K, used 56898K [0x00000000e0000000, 0x00000000e8000000, 0x00000000e8000000)
  eden space 87424K,  49% used [0x00000000e0000000, 0x00000000e2a65bb0, 0x00000000e5560000)
  from space 21824K,  61% used [0x00000000e5560000, 0x00000000e628ae10, 0x00000000e6ab0000)
  to   space 21824K,   0% used [0x00000000e6ab0000, 0x00000000e6ab0000, 0x00000000e8000000)
 concurrent mark-sweep generation total 393216K, used 0K [0x00000000e8000000, 0x0000000100000000, 0x0000000100000000)
 Metaspace       used 27254K, capacity 27725K, committed 27916K, reserved 1073152K
  class space    used 3167K, capacity 3321K, committed 3400K, reserved 1048576K
