OpenJDK 64-Bit Server VM (25.131-b11) for linux-amd64 JRE (1.8.0_131-8u131-b11-2ubuntu1.16.04.3-b11), built on Jul 28 2017 01:23:32 by "buildd" with gcc 5.4.0 20160609
Memory: 4k page, physical 7867732k(7474528k free), swap 8076284k(8076284k free)
CommandLine flags: -XX:CMSInitiatingOccupancyFraction=50 -XX:CMSMaxAbortablePrecleanTime=6000 -XX:+CMSParallelRemarkEnabled -XX:+CMSScavengeBeforeRemark -XX:ConcGCThreads=4 -XX:InitialHeapSize=536870912 -XX:MaxHeapSize=536870912 -XX:MaxTenuringThreshold=8 -XX:NewRatio=3 -XX:OldPLABSize=16 -XX:OnOutOfMemoryError=/opt/solr/bin/oom_solr.sh 8983 /var/solr/logs -XX:ParallelGCThreads=4 -XX:+ParallelRefProcEnabled -XX:PretenureSizeThreshold=67108864 -XX:+PrintGC -XX:+PrintGCApplicationStoppedTime -XX:+PrintGCDateStamps -XX:+PrintGCDetails -XX:+PrintGCTimeStamps -XX:+PrintHeapAtGC -XX:+PrintTenuringDistribution -XX:SurvivorRatio=4 -XX:TargetSurvivorRatio=90 -XX:ThreadStackSize=256 -XX:+UseCMSInitiatingOccupancyOnly -XX:+UseCompressedClassPointers -XX:+UseCompressedOops -XX:+UseConcMarkSweepGC -XX:+UseParNewGC 
2017-08-15T08:20:35.322+0200: 0,210: Total time for which application threads were stopped: 0,0000728 seconds, Stopping threads took: 0,0000102 seconds
2017-08-15T08:20:35.435+0200: 0,322: Total time for which application threads were stopped: 0,0001259 seconds, Stopping threads took: 0,0000294 seconds
2017-08-15T08:20:35.455+0200: 0,343: Total time for which application threads were stopped: 0,0001031 seconds, Stopping threads took: 0,0000147 seconds
2017-08-15T08:20:35.827+0200: 0,715: Total time for which application threads were stopped: 0,0001515 seconds, Stopping threads took: 0,0000231 seconds
2017-08-15T08:20:36.302+0200: 1,190: Total time for which application threads were stopped: 0,0001655 seconds, Stopping threads took: 0,0000169 seconds
2017-08-15T08:20:36.399+0200: 1,287: Total time for which application threads were stopped: 0,0001681 seconds, Stopping threads took: 0,0000418 seconds
2017-08-15T08:20:36.415+0200: 1,303: Total time for which application threads were stopped: 0,0001480 seconds, Stopping threads took: 0,0000220 seconds
2017-08-15T08:20:36.707+0200: 1,595: Total time for which application threads were stopped: 0,0001646 seconds, Stopping threads took: 0,0000120 seconds
2017-08-15T08:20:36.976+0200: 1,863: Total time for which application threads were stopped: 0,0002049 seconds, Stopping threads took: 0,0000172 seconds
2017-08-15T08:20:37.003+0200: 1,891: Total time for which application threads were stopped: 0,0008958 seconds, Stopping threads took: 0,0001401 seconds
2017-08-15T08:20:37.034+0200: 1,921: Total time for which application threads were stopped: 0,0002604 seconds, Stopping threads took: 0,0000441 seconds
2017-08-15T08:20:37.034+0200: 1,922: Total time for which application threads were stopped: 0,0001726 seconds, Stopping threads took: 0,0000213 seconds
2017-08-15T08:20:37.049+0200: 1,936: Total time for which application threads were stopped: 0,0002248 seconds, Stopping threads took: 0,0000287 seconds
2017-08-15T08:20:37.131+0200: 2,018: Total time for which application threads were stopped: 0,0002430 seconds, Stopping threads took: 0,0000262 seconds
2017-08-15T08:20:37.317+0200: 2,204: Total time for which application threads were stopped: 0,0002392 seconds, Stopping threads took: 0,0000200 seconds
{Heap before GC invocations=0 (full 0):
 par new generation   total 109248K, used 87424K [0x00000000e0000000, 0x00000000e8000000, 0x00000000e8000000)
  eden space 87424K, 100% used [0x00000000e0000000, 0x00000000e5560000, 0x00000000e5560000)
  from space 21824K,   0% used [0x00000000e5560000, 0x00000000e5560000, 0x00000000e6ab0000)
  to   space 21824K,   0% used [0x00000000e6ab0000, 0x00000000e6ab0000, 0x00000000e8000000)
 concurrent mark-sweep generation total 393216K, used 0K [0x00000000e8000000, 0x0000000100000000, 0x0000000100000000)
 Metaspace       used 17815K, capacity 18176K, committed 18304K, reserved 1064960K
  class space    used 2024K, capacity 2164K, committed 2176K, reserved 1048576K
2017-08-15T08:20:37.350+0200: 2,237: [GC (Allocation Failure) 2017-08-15T08:20:37.350+0200: 2,237: [ParNew
Desired survivor size 20112992 bytes, new threshold 8 (max 8)
- age   1:   11506440 bytes,   11506440 total
: 87424K->11348K(109248K), 0,0143834 secs] 87424K->11348K(502464K), 0,0144604 secs] [Times: user=0,04 sys=0,01, real=0,02 secs] 
Heap after GC invocations=1 (full 0):
 par new generation   total 109248K, used 11348K [0x00000000e0000000, 0x00000000e8000000, 0x00000000e8000000)
  eden space 87424K,   0% used [0x00000000e0000000, 0x00000000e0000000, 0x00000000e5560000)
  from space 21824K,  52% used [0x00000000e6ab0000, 0x00000000e75c52b0, 0x00000000e8000000)
  to   space 21824K,   0% used [0x00000000e5560000, 0x00000000e5560000, 0x00000000e6ab0000)
 concurrent mark-sweep generation total 393216K, used 0K [0x00000000e8000000, 0x0000000100000000, 0x0000000100000000)
 Metaspace       used 17815K, capacity 18176K, committed 18304K, reserved 1064960K
  class space    used 2024K, capacity 2164K, committed 2176K, reserved 1048576K
}
2017-08-15T08:20:37.364+0200: 2,252: Total time for which application threads were stopped: 0,0178934 seconds, Stopping threads took: 0,0032671 seconds
2017-08-15T08:20:37.774+0200: 2,661: Total time for which application threads were stopped: 0,0003939 seconds, Stopping threads took: 0,0000301 seconds
{Heap before GC invocations=1 (full 0):
 par new generation   total 109248K, used 98772K [0x00000000e0000000, 0x00000000e8000000, 0x00000000e8000000)
  eden space 87424K, 100% used [0x00000000e0000000, 0x00000000e5560000, 0x00000000e5560000)
  from space 21824K,  52% used [0x00000000e6ab0000, 0x00000000e75c52b0, 0x00000000e8000000)
  to   space 21824K,   0% used [0x00000000e5560000, 0x00000000e5560000, 0x00000000e6ab0000)
 concurrent mark-sweep generation total 393216K, used 0K [0x00000000e8000000, 0x0000000100000000, 0x0000000100000000)
 Metaspace       used 20065K, capacity 20440K, committed 20736K, reserved 1067008K
  class space    used 2297K, capacity 2474K, committed 2560K, reserved 1048576K
2017-08-15T08:20:37.826+0200: 2,713: [GC (Allocation Failure) 2017-08-15T08:20:37.826+0200: 2,714: [ParNew
Desired survivor size 20112992 bytes, new threshold 8 (max 8)
- age   1:    4267464 bytes,    4267464 total
- age   2:    6070168 bytes,   10337632 total
: 98772K->14431K(109248K), 0,0128502 secs] 98772K->14431K(502464K), 0,0129204 secs] [Times: user=0,04 sys=0,00, real=0,01 secs] 
Heap after GC invocations=2 (full 0):
 par new generation   total 109248K, used 14431K [0x00000000e0000000, 0x00000000e8000000, 0x00000000e8000000)
  eden space 87424K,   0% used [0x00000000e0000000, 0x00000000e0000000, 0x00000000e5560000)
  from space 21824K,  66% used [0x00000000e5560000, 0x00000000e6377f80, 0x00000000e6ab0000)
  to   space 21824K,   0% used [0x00000000e6ab0000, 0x00000000e6ab0000, 0x00000000e8000000)
 concurrent mark-sweep generation total 393216K, used 0K [0x00000000e8000000, 0x0000000100000000, 0x0000000100000000)
 Metaspace       used 20065K, capacity 20440K, committed 20736K, reserved 1067008K
  class space    used 2297K, capacity 2474K, committed 2560K, reserved 1048576K
}
2017-08-15T08:20:37.839+0200: 2,726: Total time for which application threads were stopped: 0,0131512 seconds, Stopping threads took: 0,0000392 seconds
2017-08-15T08:20:37.847+0200: 2,734: Total time for which application threads were stopped: 0,0004309 seconds, Stopping threads took: 0,0000651 seconds
2017-08-15T08:20:37.906+0200: 2,794: Total time for which application threads were stopped: 0,0003383 seconds, Stopping threads took: 0,0000266 seconds
2017-08-15T08:20:38.040+0200: 2,928: Total time for which application threads were stopped: 0,0025586 seconds, Stopping threads took: 0,0024183 seconds
{Heap before GC invocations=2 (full 0):
 par new generation   total 109248K, used 101855K [0x00000000e0000000, 0x00000000e8000000, 0x00000000e8000000)
  eden space 87424K, 100% used [0x00000000e0000000, 0x00000000e5560000, 0x00000000e5560000)
  from space 21824K,  66% used [0x00000000e5560000, 0x00000000e6377f80, 0x00000000e6ab0000)
  to   space 21824K,   0% used [0x00000000e6ab0000, 0x00000000e6ab0000, 0x00000000e8000000)
 concurrent mark-sweep generation total 393216K, used 0K [0x00000000e8000000, 0x0000000100000000, 0x0000000100000000)
 Metaspace       used 21007K, capacity 21362K, committed 21628K, reserved 1069056K
  class space    used 2421K, capacity 2593K, committed 2684K, reserved 1048576K
2017-08-15T08:20:38.082+0200: 2,970: [GC (Allocation Failure) 2017-08-15T08:20:38.082+0200: 2,970: [ParNew
Desired survivor size 20112992 bytes, new threshold 8 (max 8)
- age   1:    2159480 bytes,    2159480 total
- age   2:    1454352 bytes,    3613832 total
- age   3:    6068864 bytes,    9682696 total
: 101855K->11179K(109248K), 0,0148805 secs] 101855K->11179K(502464K), 0,0149601 secs] [Times: user=0,06 sys=0,00, real=0,01 secs] 
Heap after GC invocations=3 (full 0):
 par new generation   total 109248K, used 11179K [0x00000000e0000000, 0x00000000e8000000, 0x00000000e8000000)
  eden space 87424K,   0% used [0x00000000e0000000, 0x00000000e0000000, 0x00000000e5560000)
  from space 21824K,  51% used [0x00000000e6ab0000, 0x00000000e759ae00, 0x00000000e8000000)
  to   space 21824K,   0% used [0x00000000e5560000, 0x00000000e5560000, 0x00000000e6ab0000)
 concurrent mark-sweep generation total 393216K, used 0K [0x00000000e8000000, 0x0000000100000000, 0x0000000100000000)
 Metaspace       used 21007K, capacity 21362K, committed 21628K, reserved 1069056K
  class space    used 2421K, capacity 2593K, committed 2684K, reserved 1048576K
}
2017-08-15T08:20:38.097+0200: 2,985: Total time for which application threads were stopped: 0,0152627 seconds, Stopping threads took: 0,0001559 seconds
2017-08-15T08:20:38.097+0200: 2,985: [GC (CMS Initial Mark) [1 CMS-initial-mark: 0K(393216K)] 11925K(502464K), 0,0033961 secs] [Times: user=0,01 sys=0,01, real=0,00 secs] 
2017-08-15T08:20:38.101+0200: 2,988: Total time for which application threads were stopped: 0,0035417 seconds, Stopping threads took: 0,0000556 seconds
2017-08-15T08:20:38.101+0200: 2,988: [CMS-concurrent-mark-start]
2017-08-15T08:20:38.102+0200: 2,989: [CMS-concurrent-mark: 0,001/0,001 secs] [Times: user=0,00 sys=0,00, real=0,01 secs] 
2017-08-15T08:20:38.102+0200: 2,989: [CMS-concurrent-preclean-start]
2017-08-15T08:20:38.103+0200: 2,990: [CMS-concurrent-preclean: 0,001/0,001 secs] [Times: user=0,00 sys=0,00, real=0,00 secs] 
2017-08-15T08:20:38.104+0200: 2,992: [GC (CMS Final Remark) [YG occupancy: 13005 K (109248 K)]{Heap before GC invocations=3 (full 1):
 par new generation   total 109248K, used 13005K [0x00000000e0000000, 0x00000000e8000000, 0x00000000e8000000)
  eden space 87424K,   2% used [0x00000000e0000000, 0x00000000e01c8790, 0x00000000e5560000)
  from space 21824K,  51% used [0x00000000e6ab0000, 0x00000000e759ae00, 0x00000000e8000000)
  to   space 21824K,   0% used [0x00000000e5560000, 0x00000000e5560000, 0x00000000e6ab0000)
 concurrent mark-sweep generation total 393216K, used 0K [0x00000000e8000000, 0x0000000100000000, 0x0000000100000000)
 Metaspace       used 21008K, capacity 21362K, committed 21628K, reserved 1069056K
  class space    used 2421K, capacity 2593K, committed 2684K, reserved 1048576K
2017-08-15T08:20:38.104+0200: 2,992: [GC (CMS Final Remark) 2017-08-15T08:20:38.104+0200: 2,992: [ParNew
Desired survivor size 20112992 bytes, new threshold 8 (max 8)
- age   1:      38488 bytes,      38488 total
- age   2:    2159360 bytes,    2197848 total
- age   3:    1454352 bytes,    3652200 total
- age   4:    6068440 bytes,    9720640 total
: 13005K->12733K(109248K), 0,0119264 secs] 13005K->12733K(502464K), 0,0119650 secs] [Times: user=0,04 sys=0,00, real=0,01 secs] 
Heap after GC invocations=4 (full 1):
 par new generation   total 109248K, used 12733K [0x00000000e0000000, 0x00000000e8000000, 0x00000000e8000000)
  eden space 87424K,   0% used [0x00000000e0000000, 0x00000000e0000000, 0x00000000e5560000)
  from space 21824K,  58% used [0x00000000e5560000, 0x00000000e61cf5d0, 0x00000000e6ab0000)
  to   space 21824K,   0% used [0x00000000e6ab0000, 0x00000000e6ab0000, 0x00000000e8000000)
 concurrent mark-sweep generation total 393216K, used 0K [0x00000000e8000000, 0x0000000100000000, 0x0000000100000000)
 Metaspace       used 21008K, capacity 21362K, committed 21628K, reserved 1069056K
  class space    used 2421K, capacity 2593K, committed 2684K, reserved 1048576K
}
2017-08-15T08:20:38.116+0200: 3,004: [Rescan (parallel) , 0,0039582 secs]2017-08-15T08:20:38.120+0200: 3,008: [weak refs processing, 0,0015762 secs]2017-08-15T08:20:38.122+0200: 3,010: [class unloading, 0,0027523 secs]2017-08-15T08:20:38.125+0200: 3,012: [scrub symbol table, 0,0026229 secs]2017-08-15T08:20:38.127+0200: 3,015: [scrub string table, 0,0003677 secs][1 CMS-remark: 0K(393216K)] 12733K(502464K), 0,0238689 secs] [Times: user=0,07 sys=0,00, real=0,02 secs] 
2017-08-15T08:20:38.128+0200: 3,016: Total time for which application threads were stopped: 0,0253628 seconds, Stopping threads took: 0,0013931 seconds
2017-08-15T08:20:38.128+0200: 3,016: [CMS-concurrent-sweep-start]
2017-08-15T08:20:38.128+0200: 3,016: [CMS-concurrent-sweep: 0,000/0,000 secs] [Times: user=0,00 sys=0,00, real=0,00 secs] 
2017-08-15T08:20:38.128+0200: 3,016: [CMS-concurrent-reset-start]
2017-08-15T08:20:38.131+0200: 3,018: [CMS-concurrent-reset: 0,002/0,002 secs] [Times: user=0,00 sys=0,00, real=0,00 secs] 
{Heap before GC invocations=4 (full 1):
 par new generation   total 109248K, used 100157K [0x00000000e0000000, 0x00000000e8000000, 0x00000000e8000000)
  eden space 87424K, 100% used [0x00000000e0000000, 0x00000000e5560000, 0x00000000e5560000)
  from space 21824K,  58% used [0x00000000e5560000, 0x00000000e61cf5d0, 0x00000000e6ab0000)
  to   space 21824K,   0% used [0x00000000e6ab0000, 0x00000000e6ab0000, 0x00000000e8000000)
 concurrent mark-sweep generation total 393216K, used 0K [0x00000000e8000000, 0x0000000100000000, 0x0000000100000000)
 Metaspace       used 21234K, capacity 21632K, committed 21884K, reserved 1069056K
  class space    used 2447K, capacity 2607K, committed 2684K, reserved 1048576K
2017-08-15T08:20:38.217+0200: 3,105: [GC (Allocation Failure) 2017-08-15T08:20:38.217+0200: 3,105: [ParNew
Desired survivor size 20112992 bytes, new threshold 8 (max 8)
- age   1:    1392568 bytes,    1392568 total
- age   2:       1672 bytes,    1394240 total
- age   3:    1472888 bytes,    2867128 total
- age   4:    1419528 bytes,    4286656 total
- age   5:    6068440 bytes,   10355096 total
: 100157K->12784K(109248K), 0,0116860 secs] 100157K->12784K(502464K), 0,0117531 secs] [Times: user=0,04 sys=0,00, real=0,01 secs] 
Heap after GC invocations=5 (full 1):
 par new generation   total 109248K, used 12784K [0x00000000e0000000, 0x00000000e8000000, 0x00000000e8000000)
  eden space 87424K,   0% used [0x00000000e0000000, 0x00000000e0000000, 0x00000000e5560000)
  from space 21824K,  58% used [0x00000000e6ab0000, 0x00000000e772c200, 0x00000000e8000000)
  to   space 21824K,   0% used [0x00000000e5560000, 0x00000000e5560000, 0x00000000e6ab0000)
 concurrent mark-sweep generation total 393216K, used 0K [0x00000000e8000000, 0x0000000100000000, 0x0000000100000000)
 Metaspace       used 21234K, capacity 21632K, committed 21884K, reserved 1069056K
  class space    used 2447K, capacity 2607K, committed 2684K, reserved 1048576K
}
2017-08-15T08:20:38.229+0200: 3,116: Total time for which application threads were stopped: 0,0126228 seconds, Stopping threads took: 0,0007092 seconds
{Heap before GC invocations=5 (full 1):
 par new generation   total 109248K, used 100208K [0x00000000e0000000, 0x00000000e8000000, 0x00000000e8000000)
  eden space 87424K, 100% used [0x00000000e0000000, 0x00000000e5560000, 0x00000000e5560000)
  from space 21824K,  58% used [0x00000000e6ab0000, 0x00000000e772c200, 0x00000000e8000000)
  to   space 21824K,   0% used [0x00000000e5560000, 0x00000000e5560000, 0x00000000e6ab0000)
 concurrent mark-sweep generation total 393216K, used 0K [0x00000000e8000000, 0x0000000100000000, 0x0000000100000000)
 Metaspace       used 21388K, capacity 21798K, committed 21884K, reserved 1069056K
  class space    used 2467K, capacity 2640K, committed 2684K, reserved 1048576K
2017-08-15T08:20:38.305+0200: 3,193: [GC (Allocation Failure) 2017-08-15T08:20:38.305+0200: 3,193: [ParNew
Desired survivor size 20112992 bytes, new threshold 8 (max 8)
- age   1:    1263480 bytes,    1263480 total
- age   2:     176888 bytes,    1440368 total
- age   3:       1480 bytes,    1441848 total
- age   4:    1472640 bytes,    2914488 total
- age   5:    1419416 bytes,    4333904 total
- age   6:    6068680 bytes,   10402584 total
: 100208K->15758K(109248K), 0,0097227 secs] 100208K->15758K(502464K), 0,0097994 secs] [Times: user=0,03 sys=0,00, real=0,01 secs] 
Heap after GC invocations=6 (full 1):
 par new generation   total 109248K, used 15758K [0x00000000e0000000, 0x00000000e8000000, 0x00000000e8000000)
  eden space 87424K,   0% used [0x00000000e0000000, 0x00000000e0000000, 0x00000000e5560000)
  from space 21824K,  72% used [0x00000000e5560000, 0x00000000e64c39b0, 0x00000000e6ab0000)
  to   space 21824K,   0% used [0x00000000e6ab0000, 0x00000000e6ab0000, 0x00000000e8000000)
 concurrent mark-sweep generation total 393216K, used 0K [0x00000000e8000000, 0x0000000100000000, 0x0000000100000000)
 Metaspace       used 21388K, capacity 21798K, committed 21884K, reserved 1069056K
  class space    used 2467K, capacity 2640K, committed 2684K, reserved 1048576K
}
2017-08-15T08:20:38.315+0200: 3,202: Total time for which application threads were stopped: 0,0100443 seconds, Stopping threads took: 0,0000733 seconds
2017-08-15T08:20:38.349+0200: 3,237: Total time for which application threads were stopped: 0,0003120 seconds, Stopping threads took: 0,0000226 seconds
2017-08-15T08:20:38.585+0200: 3,473: Total time for which application threads were stopped: 0,0005523 seconds, Stopping threads took: 0,0000791 seconds
2017-08-15T08:20:38.600+0200: 3,488: Total time for which application threads were stopped: 0,0004451 seconds, Stopping threads took: 0,0000362 seconds
{Heap before GC invocations=6 (full 1):
 par new generation   total 109248K, used 103182K [0x00000000e0000000, 0x00000000e8000000, 0x00000000e8000000)
  eden space 87424K, 100% used [0x00000000e0000000, 0x00000000e5560000, 0x00000000e5560000)
  from space 21824K,  72% used [0x00000000e5560000, 0x00000000e64c39b0, 0x00000000e6ab0000)
  to   space 21824K,   0% used [0x00000000e6ab0000, 0x00000000e6ab0000, 0x00000000e8000000)
 concurrent mark-sweep generation total 393216K, used 0K [0x00000000e8000000, 0x0000000100000000, 0x0000000100000000)
 Metaspace       used 23780K, capacity 24248K, committed 24572K, reserved 1071104K
  class space    used 2797K, capacity 2985K, committed 3068K, reserved 1048576K
2017-08-15T08:20:38.749+0200: 3,636: [GC (Allocation Failure) 2017-08-15T08:20:38.749+0200: 3,636: [ParNew
Desired survivor size 20112992 bytes, new threshold 8 (max 8)
- age   1:    5082088 bytes,    5082088 total
- age   2:     106432 bytes,    5188520 total
- age   3:     175440 bytes,    5363960 total
- age   4:       1480 bytes,    5365440 total
- age   5:     302800 bytes,    5668240 total
- age   6:    1393024 bytes,    7061264 total
- age   7:    6060376 bytes,   13121640 total
: 103182K->16767K(109248K), 0,0120988 secs] 103182K->16767K(502464K), 0,0121702 secs] [Times: user=0,05 sys=0,00, real=0,01 secs] 
Heap after GC invocations=7 (full 1):
 par new generation   total 109248K, used 16767K [0x00000000e0000000, 0x00000000e8000000, 0x00000000e8000000)
  eden space 87424K,   0% used [0x00000000e0000000, 0x00000000e0000000, 0x00000000e5560000)
  from space 21824K,  76% used [0x00000000e6ab0000, 0x00000000e7b0ffd0, 0x00000000e8000000)
  to   space 21824K,   0% used [0x00000000e5560000, 0x00000000e5560000, 0x00000000e6ab0000)
 concurrent mark-sweep generation total 393216K, used 0K [0x00000000e8000000, 0x0000000100000000, 0x0000000100000000)
 Metaspace       used 23780K, capacity 24248K, committed 24572K, reserved 1071104K
  class space    used 2797K, capacity 2985K, committed 3068K, reserved 1048576K
}
2017-08-15T08:20:38.761+0200: 3,648: Total time for which application threads were stopped: 0,0125575 seconds, Stopping threads took: 0,0001893 seconds
{Heap before GC invocations=7 (full 1):
 par new generation   total 109248K, used 104190K [0x00000000e0000000, 0x00000000e8000000, 0x00000000e8000000)
  eden space 87424K,  99% used [0x00000000e0000000, 0x00000000e555f898, 0x00000000e5560000)
  from space 21824K,  76% used [0x00000000e6ab0000, 0x00000000e7b0ffd0, 0x00000000e8000000)
  to   space 21824K,   0% used [0x00000000e5560000, 0x00000000e5560000, 0x00000000e6ab0000)
 concurrent mark-sweep generation total 393216K, used 0K [0x00000000e8000000, 0x0000000100000000, 0x0000000100000000)
 Metaspace       used 24334K, capacity 24830K, committed 25084K, reserved 1071104K
  class space    used 2856K, capacity 3050K, committed 3068K, reserved 1048576K
2017-08-15T08:20:38.898+0200: 3,785: [GC (Allocation Failure) 2017-08-15T08:20:38.898+0200: 3,785: [ParNew
Desired survivor size 20112992 bytes, new threshold 8 (max 8)
- age   1:    2041856 bytes,    2041856 total
- age   2:    1771088 bytes,    3812944 total
- age   3:      52032 bytes,    3864976 total
- age   4:      99472 bytes,    3964448 total
- age   5:       1480 bytes,    3965928 total
- age   6:     206680 bytes,    4172608 total
- age   7:     998168 bytes,    5170776 total
- age   8:    5880024 bytes,   11050800 total
: 104190K->13506K(109248K), 0,0157136 secs] 104190K->13506K(502464K), 0,0157939 secs] [Times: user=0,05 sys=0,00, real=0,02 secs] 
Heap after GC invocations=8 (full 1):
 par new generation   total 109248K, used 13506K [0x00000000e0000000, 0x00000000e8000000, 0x00000000e8000000)
  eden space 87424K,   0% used [0x00000000e0000000, 0x00000000e0000000, 0x00000000e5560000)
  from space 21824K,  61% used [0x00000000e5560000, 0x00000000e6290b00, 0x00000000e6ab0000)
  to   space 21824K,   0% used [0x00000000e6ab0000, 0x00000000e6ab0000, 0x00000000e8000000)
 concurrent mark-sweep generation total 393216K, used 0K [0x00000000e8000000, 0x0000000100000000, 0x0000000100000000)
 Metaspace       used 24334K, capacity 24830K, committed 25084K, reserved 1071104K
  class space    used 2856K, capacity 3050K, committed 3068K, reserved 1048576K
}
2017-08-15T08:20:38.914+0200: 3,801: Total time for which application threads were stopped: 0,0185201 seconds, Stopping threads took: 0,0025460 seconds
{Heap before GC invocations=8 (full 1):
 par new generation   total 109248K, used 100930K [0x00000000e0000000, 0x00000000e8000000, 0x00000000e8000000)
  eden space 87424K, 100% used [0x00000000e0000000, 0x00000000e5560000, 0x00000000e5560000)
  from space 21824K,  61% used [0x00000000e5560000, 0x00000000e6290b00, 0x00000000e6ab0000)
  to   space 21824K,   0% used [0x00000000e6ab0000, 0x00000000e6ab0000, 0x00000000e8000000)
 concurrent mark-sweep generation total 393216K, used 0K [0x00000000e8000000, 0x0000000100000000, 0x0000000100000000)
 Metaspace       used 24527K, capacity 24984K, committed 25084K, reserved 1071104K
  class space    used 2868K, capacity 3055K, committed 3068K, reserved 1048576K
2017-08-15T08:20:39.073+0200: 3,961: [GC (Allocation Failure) 2017-08-15T08:20:39.073+0200: 3,961: [ParNew
Desired survivor size 20112992 bytes, new threshold 8 (max 8)
- age   1:     659112 bytes,     659112 total
- age   2:     998072 bytes,    1657184 total
- age   3:    1748736 bytes,    3405920 total
- age   4:      52032 bytes,    3457952 total
- age   5:      99336 bytes,    3557288 total
- age   6:       1448 bytes,    3558736 total
- age   7:     203880 bytes,    3762616 total
- age   8:     997400 bytes,    4760016 total
: 100930K->11993K(109248K), 0,0284510 secs] 100930K->17815K(502464K), 0,0285490 secs] [Times: user=0,10 sys=0,00, real=0,04 secs] 
Heap after GC invocations=9 (full 1):
 par new generation   total 109248K, used 11993K [0x00000000e0000000, 0x00000000e8000000, 0x00000000e8000000)
  eden space 87424K,   0% used [0x00000000e0000000, 0x00000000e0000000, 0x00000000e5560000)
  from space 21824K,  54% used [0x00000000e6ab0000, 0x00000000e76664f8, 0x00000000e8000000)
  to   space 21824K,   0% used [0x00000000e5560000, 0x00000000e5560000, 0x00000000e6ab0000)
 concurrent mark-sweep generation total 393216K, used 5822K [0x00000000e8000000, 0x0000000100000000, 0x0000000100000000)
 Metaspace       used 24527K, capacity 24984K, committed 25084K, reserved 1071104K
  class space    used 2868K, capacity 3055K, committed 3068K, reserved 1048576K
}
2017-08-15T08:20:39.102+0200: 3,989: Total time for which application threads were stopped: 0,0289024 seconds, Stopping threads took: 0,0001665 seconds
2017-08-15T08:20:39.170+0200: 4,057: Total time for which application threads were stopped: 0,0003539 seconds, Stopping threads took: 0,0000798 seconds
2017-08-15T08:20:39.269+0200: 4,156: Total time for which application threads were stopped: 0,0002001 seconds, Stopping threads took: 0,0001054 seconds
2017-08-15T08:20:39.277+0200: 4,165: Total time for which application threads were stopped: 0,0001467 seconds, Stopping threads took: 0,0000616 seconds
2017-08-15T08:20:39.277+0200: 4,165: Total time for which application threads were stopped: 0,0000642 seconds, Stopping threads took: 0,0000141 seconds
2017-08-15T08:20:39.278+0200: 4,165: Total time for which application threads were stopped: 0,0000811 seconds, Stopping threads took: 0,0000290 seconds
2017-08-15T08:20:39.278+0200: 4,165: Total time for which application threads were stopped: 0,0000567 seconds, Stopping threads took: 0,0000214 seconds
2017-08-15T08:20:39.284+0200: 4,171: Total time for which application threads were stopped: 0,0001298 seconds, Stopping threads took: 0,0000446 seconds
2017-08-15T08:20:39.285+0200: 4,173: Total time for which application threads were stopped: 0,0015457 seconds, Stopping threads took: 0,0014996 seconds
2017-08-15T08:20:39.286+0200: 4,173: Total time for which application threads were stopped: 0,0001040 seconds, Stopping threads took: 0,0000481 seconds
2017-08-15T08:20:39.286+0200: 4,173: Total time for which application threads were stopped: 0,0000849 seconds, Stopping threads took: 0,0000202 seconds
2017-08-15T08:20:39.286+0200: 4,174: Total time for which application threads were stopped: 0,0001037 seconds, Stopping threads took: 0,0000361 seconds
2017-08-15T08:20:39.286+0200: 4,174: Total time for which application threads were stopped: 0,0000804 seconds, Stopping threads took: 0,0000298 seconds
2017-08-15T08:20:39.287+0200: 4,174: Total time for which application threads were stopped: 0,0000867 seconds, Stopping threads took: 0,0000313 seconds
2017-08-15T08:20:39.287+0200: 4,174: Total time for which application threads were stopped: 0,0000588 seconds, Stopping threads took: 0,0000169 seconds
2017-08-15T08:20:39.290+0200: 4,177: Total time for which application threads were stopped: 0,0001169 seconds, Stopping threads took: 0,0000512 seconds
2017-08-15T08:20:39.291+0200: 4,179: Total time for which application threads were stopped: 0,0000897 seconds, Stopping threads took: 0,0000195 seconds
2017-08-15T08:20:39.291+0200: 4,179: Total time for which application threads were stopped: 0,0000896 seconds, Stopping threads took: 0,0000381 seconds
2017-08-15T08:20:39.292+0200: 4,179: Total time for which application threads were stopped: 0,0001702 seconds, Stopping threads took: 0,0001112 seconds
2017-08-15T08:20:39.292+0200: 4,180: Total time for which application threads were stopped: 0,0000897 seconds, Stopping threads took: 0,0000524 seconds
2017-08-15T08:20:39.292+0200: 4,180: Total time for which application threads were stopped: 0,0000669 seconds, Stopping threads took: 0,0000250 seconds
2017-08-15T08:20:39.292+0200: 4,180: Total time for which application threads were stopped: 0,0000564 seconds, Stopping threads took: 0,0000201 seconds
2017-08-15T08:20:39.292+0200: 4,180: Total time for which application threads were stopped: 0,0000551 seconds, Stopping threads took: 0,0000170 seconds
2017-08-15T08:20:39.292+0200: 4,180: Total time for which application threads were stopped: 0,0000569 seconds, Stopping threads took: 0,0000205 seconds
2017-08-15T08:20:39.293+0200: 4,180: Total time for which application threads were stopped: 0,0000734 seconds, Stopping threads took: 0,0000163 seconds
2017-08-15T08:20:39.293+0200: 4,180: Total time for which application threads were stopped: 0,0001173 seconds, Stopping threads took: 0,0000136 seconds
2017-08-15T08:20:39.293+0200: 4,181: Total time for which application threads were stopped: 0,0000609 seconds, Stopping threads took: 0,0000106 seconds
2017-08-15T08:20:39.293+0200: 4,181: Total time for which application threads were stopped: 0,0001229 seconds, Stopping threads took: 0,0000336 seconds
2017-08-15T08:20:39.295+0200: 4,183: Total time for which application threads were stopped: 0,0001533 seconds, Stopping threads took: 0,0000790 seconds
2017-08-15T08:20:39.296+0200: 4,183: Total time for which application threads were stopped: 0,0000983 seconds, Stopping threads took: 0,0000376 seconds
2017-08-15T08:20:39.296+0200: 4,183: Total time for which application threads were stopped: 0,0000798 seconds, Stopping threads took: 0,0000221 seconds
2017-08-15T08:20:39.296+0200: 4,183: Total time for which application threads were stopped: 0,0000730 seconds, Stopping threads took: 0,0000196 seconds
2017-08-15T08:20:39.296+0200: 4,184: Total time for which application threads were stopped: 0,0000620 seconds, Stopping threads took: 0,0000183 seconds
2017-08-15T08:20:39.296+0200: 4,184: Total time for which application threads were stopped: 0,0000707 seconds, Stopping threads took: 0,0000192 seconds
2017-08-15T08:20:39.296+0200: 4,184: Total time for which application threads were stopped: 0,0000597 seconds, Stopping threads took: 0,0000189 seconds
2017-08-15T08:20:39.296+0200: 4,184: Total time for which application threads were stopped: 0,0000539 seconds, Stopping threads took: 0,0000124 seconds
2017-08-15T08:20:39.297+0200: 4,184: Total time for which application threads were stopped: 0,0000414 seconds, Stopping threads took: 0,0000096 seconds
2017-08-15T08:20:39.297+0200: 4,184: Total time for which application threads were stopped: 0,0000417 seconds, Stopping threads took: 0,0000111 seconds
2017-08-15T08:20:39.297+0200: 4,184: Total time for which application threads were stopped: 0,0000573 seconds, Stopping threads took: 0,0000209 seconds
2017-08-15T08:20:39.298+0200: 4,185: Total time for which application threads were stopped: 0,0000603 seconds, Stopping threads took: 0,0000135 seconds
2017-08-15T08:20:39.298+0200: 4,185: Total time for which application threads were stopped: 0,0000456 seconds, Stopping threads took: 0,0000104 seconds
2017-08-15T08:20:39.298+0200: 4,185: Total time for which application threads were stopped: 0,0000461 seconds, Stopping threads took: 0,0000096 seconds
2017-08-15T08:20:39.298+0200: 4,185: Total time for which application threads were stopped: 0,0000429 seconds, Stopping threads took: 0,0000086 seconds
2017-08-15T08:20:39.298+0200: 4,186: Total time for which application threads were stopped: 0,0000612 seconds, Stopping threads took: 0,0000190 seconds
2017-08-15T08:20:39.298+0200: 4,186: Total time for which application threads were stopped: 0,0000483 seconds, Stopping threads took: 0,0000147 seconds
2017-08-15T08:20:39.298+0200: 4,186: Total time for which application threads were stopped: 0,0000451 seconds, Stopping threads took: 0,0000164 seconds
2017-08-15T08:20:39.298+0200: 4,186: Total time for which application threads were stopped: 0,0001076 seconds, Stopping threads took: 0,0000149 seconds
2017-08-15T08:20:39.299+0200: 4,186: Total time for which application threads were stopped: 0,0000554 seconds, Stopping threads took: 0,0000112 seconds
2017-08-15T08:20:39.301+0200: 4,188: Total time for which application threads were stopped: 0,0000979 seconds, Stopping threads took: 0,0000287 seconds
2017-08-15T08:20:39.301+0200: 4,189: Total time for which application threads were stopped: 0,0000945 seconds, Stopping threads took: 0,0000214 seconds
2017-08-15T08:20:39.301+0200: 4,189: Total time for which application threads were stopped: 0,0000603 seconds, Stopping threads took: 0,0000190 seconds
2017-08-15T08:20:39.303+0200: 4,191: Total time for which application threads were stopped: 0,0000814 seconds, Stopping threads took: 0,0000198 seconds
2017-08-15T08:20:39.312+0200: 4,199: Total time for which application threads were stopped: 0,0001568 seconds, Stopping threads took: 0,0000736 seconds
2017-08-15T08:20:39.312+0200: 4,200: Total time for which application threads were stopped: 0,0002218 seconds, Stopping threads took: 0,0001609 seconds
2017-08-15T08:20:39.314+0200: 4,201: Total time for which application threads were stopped: 0,0002239 seconds, Stopping threads took: 0,0001267 seconds
2017-08-15T08:20:39.322+0200: 4,209: Total time for which application threads were stopped: 0,0001295 seconds, Stopping threads took: 0,0000434 seconds
2017-08-15T08:20:39.322+0200: 4,209: Total time for which application threads were stopped: 0,0001019 seconds, Stopping threads took: 0,0000318 seconds
2017-08-15T08:20:39.329+0200: 4,217: Total time for which application threads were stopped: 0,0017280 seconds, Stopping threads took: 0,0016441 seconds
2017-08-15T08:20:39.333+0200: 4,221: Total time for which application threads were stopped: 0,0001019 seconds, Stopping threads took: 0,0000400 seconds
2017-08-15T08:20:39.334+0200: 4,221: Total time for which application threads were stopped: 0,0000892 seconds, Stopping threads took: 0,0000279 seconds
2017-08-15T08:20:39.336+0200: 4,224: Total time for which application threads were stopped: 0,0000701 seconds, Stopping threads took: 0,0000128 seconds
2017-08-15T08:20:39.355+0200: 4,242: Total time for which application threads were stopped: 0,0003071 seconds, Stopping threads took: 0,0002103 seconds
2017-08-15T08:20:39.364+0200: 4,252: Total time for which application threads were stopped: 0,0001655 seconds, Stopping threads took: 0,0000695 seconds
2017-08-15T08:20:39.372+0200: 4,259: Total time for which application threads were stopped: 0,0000980 seconds, Stopping threads took: 0,0000268 seconds
2017-08-15T08:20:39.417+0200: 4,305: Total time for which application threads were stopped: 0,0004141 seconds, Stopping threads took: 0,0000225 seconds
2017-08-15T08:20:39.433+0200: 4,320: Total time for which application threads were stopped: 0,0003846 seconds, Stopping threads took: 0,0000335 seconds
2017-08-15T08:20:39.489+0200: 4,377: Total time for which application threads were stopped: 0,0001710 seconds, Stopping threads took: 0,0000531 seconds
2017-08-15T08:20:39.502+0200: 4,390: Total time for which application threads were stopped: 0,0005538 seconds, Stopping threads took: 0,0000976 seconds
2017-08-15T08:20:39.508+0200: 4,395: Total time for which application threads were stopped: 0,0002067 seconds, Stopping threads took: 0,0000926 seconds
2017-08-15T08:20:39.508+0200: 4,396: Total time for which application threads were stopped: 0,0000847 seconds, Stopping threads took: 0,0000279 seconds
2017-08-15T08:20:39.530+0200: 4,417: Total time for which application threads were stopped: 0,0002319 seconds, Stopping threads took: 0,0001018 seconds
2017-08-15T08:20:39.531+0200: 4,419: Total time for which application threads were stopped: 0,0001261 seconds, Stopping threads took: 0,0000506 seconds
2017-08-15T08:20:39.532+0200: 4,419: Total time for which application threads were stopped: 0,0000821 seconds, Stopping threads took: 0,0000249 seconds
2017-08-15T08:20:39.542+0200: 4,430: Total time for which application threads were stopped: 0,0001936 seconds, Stopping threads took: 0,0000772 seconds
2017-08-15T08:20:39.542+0200: 4,430: Total time for which application threads were stopped: 0,0002739 seconds, Stopping threads took: 0,0000423 seconds
2017-08-15T08:20:39.544+0200: 4,432: Total time for which application threads were stopped: 0,0001677 seconds, Stopping threads took: 0,0000485 seconds
2017-08-15T08:20:39.558+0200: 4,446: Total time for which application threads were stopped: 0,0002796 seconds, Stopping threads took: 0,0001069 seconds
2017-08-15T08:20:39.559+0200: 4,446: Total time for which application threads were stopped: 0,0001316 seconds, Stopping threads took: 0,0000275 seconds
2017-08-15T08:20:39.581+0200: 4,469: Total time for which application threads were stopped: 0,0024914 seconds, Stopping threads took: 0,0023822 seconds
2017-08-15T08:20:39.592+0200: 4,480: Total time for which application threads were stopped: 0,0005905 seconds, Stopping threads took: 0,0005021 seconds
2017-08-15T08:20:39.599+0200: 4,487: Total time for which application threads were stopped: 0,0001553 seconds, Stopping threads took: 0,0000567 seconds
2017-08-15T08:20:39.629+0200: 4,517: Total time for which application threads were stopped: 0,0028973 seconds, Stopping threads took: 0,0028253 seconds
2017-08-15T08:20:39.639+0200: 4,527: Total time for which application threads were stopped: 0,0005168 seconds, Stopping threads took: 0,0000460 seconds
2017-08-15T08:20:40.640+0200: 5,527: Total time for which application threads were stopped: 0,0000921 seconds, Stopping threads took: 0,0000177 seconds
{Heap before GC invocations=9 (full 1):
 par new generation   total 109248K, used 99417K [0x00000000e0000000, 0x00000000e8000000, 0x00000000e8000000)
  eden space 87424K, 100% used [0x00000000e0000000, 0x00000000e5560000, 0x00000000e5560000)
  from space 21824K,  54% used [0x00000000e6ab0000, 0x00000000e76664f8, 0x00000000e8000000)
  to   space 21824K,   0% used [0x00000000e5560000, 0x00000000e5560000, 0x00000000e6ab0000)
 concurrent mark-sweep generation total 393216K, used 5822K [0x00000000e8000000, 0x0000000100000000, 0x0000000100000000)
 Metaspace       used 28036K, capacity 28566K, committed 28796K, reserved 1075200K
  class space    used 3215K, capacity 3394K, committed 3452K, reserved 1048576K
2017-08-15T08:21:11.333+0200: 36,221: [GC (Allocation Failure) 2017-08-15T08:21:11.333+0200: 36,221: [ParNew
Desired survivor size 20112992 bytes, new threshold 8 (max 8)
- age   1:   11279368 bytes,   11279368 total
- age   2:     191688 bytes,   11471056 total
- age   3:     218848 bytes,   11689904 total
- age   4:    1743152 bytes,   13433056 total
- age   5:      52032 bytes,   13485088 total
- age   6:      96696 bytes,   13581784 total
- age   7:       1448 bytes,   13583232 total
- age   8:     203288 bytes,   13786520 total
: 99417K->14559K(109248K), 0,0134461 secs] 105239K->21481K(502464K), 0,0135181 secs] [Times: user=0,05 sys=0,00, real=0,02 secs] 
Heap after GC invocations=10 (full 1):
 par new generation   total 109248K, used 14559K [0x00000000e0000000, 0x00000000e8000000, 0x00000000e8000000)
  eden space 87424K,   0% used [0x00000000e0000000, 0x00000000e0000000, 0x00000000e5560000)
  from space 21824K,  66% used [0x00000000e5560000, 0x00000000e6397e90, 0x00000000e6ab0000)
  to   space 21824K,   0% used [0x00000000e6ab0000, 0x00000000e6ab0000, 0x00000000e8000000)
 concurrent mark-sweep generation total 393216K, used 6921K [0x00000000e8000000, 0x0000000100000000, 0x0000000100000000)
 Metaspace       used 28036K, capacity 28566K, committed 28796K, reserved 1075200K
  class space    used 3215K, capacity 3394K, committed 3452K, reserved 1048576K
}
2017-08-15T08:21:11.347+0200: 36,234: Total time for which application threads were stopped: 0,0136693 seconds, Stopping threads took: 0,0000322 seconds
2017-08-15T08:21:11.347+0200: 36,235: Total time for which application threads were stopped: 0,0000577 seconds, Stopping threads took: 0,0000265 seconds
2017-08-15T08:21:11.347+0200: 36,235: Total time for which application threads were stopped: 0,0000342 seconds, Stopping threads took: 0,0000173 seconds
2017-08-15T08:21:57.352+0200: 82,240: Total time for which application threads were stopped: 0,0000712 seconds, Stopping threads took: 0,0000202 seconds
2017-08-15T08:22:32.357+0200: 117,244: Total time for which application threads were stopped: 0,0000806 seconds, Stopping threads took: 0,0000326 seconds
2017-08-15T08:22:37.358+0200: 122,245: Total time for which application threads were stopped: 0,0001359 seconds, Stopping threads took: 0,0000336 seconds
2017-08-15T08:25:12.380+0200: 277,267: Total time for which application threads were stopped: 0,0000807 seconds, Stopping threads took: 0,0000309 seconds
2017-08-15T08:41:25.374+0200: 1250,262: Total time for which application threads were stopped: 0,0001239 seconds, Stopping threads took: 0,0000253 seconds
2017-08-15T08:41:25.381+0200: 1250,269: Total time for which application threads were stopped: 0,0000923 seconds, Stopping threads took: 0,0000187 seconds
2017-08-15T08:41:25.390+0200: 1250,277: Total time for which application threads were stopped: 0,0001049 seconds, Stopping threads took: 0,0000167 seconds
2017-08-15T08:41:25.395+0200: 1250,282: Total time for which application threads were stopped: 0,0000967 seconds, Stopping threads took: 0,0000204 seconds
2017-08-15T08:41:25.399+0200: 1250,286: Total time for which application threads were stopped: 0,0000881 seconds, Stopping threads took: 0,0000187 seconds
2017-08-15T08:41:25.400+0200: 1250,288: Total time for which application threads were stopped: 0,0000924 seconds, Stopping threads took: 0,0000208 seconds
2017-08-15T08:41:25.402+0200: 1250,290: Total time for which application threads were stopped: 0,0000937 seconds, Stopping threads took: 0,0000168 seconds
2017-08-15T08:41:25.404+0200: 1250,291: Total time for which application threads were stopped: 0,0000950 seconds, Stopping threads took: 0,0000253 seconds
2017-08-15T08:41:25.409+0200: 1250,297: Total time for which application threads were stopped: 0,0050214 seconds, Stopping threads took: 0,0049482 seconds
2017-08-15T08:41:25.413+0200: 1250,301: Total time for which application threads were stopped: 0,0040435 seconds, Stopping threads took: 0,0039397 seconds
2017-08-15T08:41:25.413+0200: 1250,301: Total time for which application threads were stopped: 0,0001250 seconds, Stopping threads took: 0,0000247 seconds
2017-08-15T08:41:25.414+0200: 1250,301: Total time for which application threads were stopped: 0,0000486 seconds, Stopping threads took: 0,0000081 seconds
2017-08-15T08:41:25.414+0200: 1250,301: Total time for which application threads were stopped: 0,0000581 seconds, Stopping threads took: 0,0000149 seconds
2017-08-15T08:41:25.414+0200: 1250,301: Total time for which application threads were stopped: 0,0000427 seconds, Stopping threads took: 0,0000059 seconds
2017-08-15T08:41:25.414+0200: 1250,302: Total time for which application threads were stopped: 0,0000520 seconds, Stopping threads took: 0,0000130 seconds
2017-08-15T08:41:25.414+0200: 1250,302: Total time for which application threads were stopped: 0,0000437 seconds, Stopping threads took: 0,0000056 seconds
2017-08-15T08:41:25.414+0200: 1250,302: Total time for which application threads were stopped: 0,0000405 seconds, Stopping threads took: 0,0000057 seconds
2017-08-15T08:41:25.415+0200: 1250,303: Total time for which application threads were stopped: 0,0007229 seconds, Stopping threads took: 0,0006698 seconds
2017-08-15T08:41:25.415+0200: 1250,303: Total time for which application threads were stopped: 0,0000807 seconds, Stopping threads took: 0,0000298 seconds
2017-08-15T08:41:25.416+0200: 1250,303: Total time for which application threads were stopped: 0,0000932 seconds, Stopping threads took: 0,0000154 seconds
2017-08-15T08:41:25.416+0200: 1250,304: Total time for which application threads were stopped: 0,0000645 seconds, Stopping threads took: 0,0000084 seconds
2017-08-15T08:41:25.416+0200: 1250,304: Total time for which application threads were stopped: 0,0004071 seconds, Stopping threads took: 0,0000070 seconds
2017-08-15T08:41:25.419+0200: 1250,307: Total time for which application threads were stopped: 0,0009106 seconds, Stopping threads took: 0,0008222 seconds
2017-08-15T08:41:25.420+0200: 1250,307: Total time for which application threads were stopped: 0,0000791 seconds, Stopping threads took: 0,0000278 seconds
2017-08-15T08:41:25.420+0200: 1250,307: Total time for which application threads were stopped: 0,0000628 seconds, Stopping threads took: 0,0000233 seconds
2017-08-15T08:41:25.424+0200: 1250,311: Total time for which application threads were stopped: 0,0001283 seconds, Stopping threads took: 0,0000486 seconds
2017-08-15T08:41:25.424+0200: 1250,311: Total time for which application threads were stopped: 0,0000824 seconds, Stopping threads took: 0,0000336 seconds
2017-08-15T08:41:25.424+0200: 1250,311: Total time for which application threads were stopped: 0,0000609 seconds, Stopping threads took: 0,0000173 seconds
2017-08-15T08:41:25.424+0200: 1250,312: Total time for which application threads were stopped: 0,0000713 seconds, Stopping threads took: 0,0000330 seconds
2017-08-15T08:41:25.432+0200: 1250,319: Total time for which application threads were stopped: 0,0001749 seconds, Stopping threads took: 0,0001076 seconds
2017-08-15T08:41:25.438+0200: 1250,326: Total time for which application threads were stopped: 0,0001062 seconds, Stopping threads took: 0,0000266 seconds
2017-08-15T08:41:25.440+0200: 1250,327: Total time for which application threads were stopped: 0,0001123 seconds, Stopping threads took: 0,0000368 seconds
2017-08-15T08:41:25.440+0200: 1250,327: Total time for which application threads were stopped: 0,0000745 seconds, Stopping threads took: 0,0000209 seconds
2017-08-15T08:41:25.440+0200: 1250,327: Total time for which application threads were stopped: 0,0000620 seconds, Stopping threads took: 0,0000167 seconds
2017-08-15T08:41:25.440+0200: 1250,328: Total time for which application threads were stopped: 0,0000583 seconds, Stopping threads took: 0,0000156 seconds
2017-08-15T08:41:25.440+0200: 1250,328: Total time for which application threads were stopped: 0,0000552 seconds, Stopping threads took: 0,0000145 seconds
2017-08-15T08:41:25.440+0200: 1250,328: Total time for which application threads were stopped: 0,0000542 seconds, Stopping threads took: 0,0000135 seconds
2017-08-15T08:41:25.440+0200: 1250,328: Total time for which application threads were stopped: 0,0000524 seconds, Stopping threads took: 0,0000156 seconds
2017-08-15T08:41:25.440+0200: 1250,328: Total time for which application threads were stopped: 0,0000489 seconds, Stopping threads took: 0,0000121 seconds
2017-08-15T08:41:25.440+0200: 1250,328: Total time for which application threads were stopped: 0,0000455 seconds, Stopping threads took: 0,0000113 seconds
2017-08-15T08:41:25.444+0200: 1250,332: Total time for which application threads were stopped: 0,0023521 seconds, Stopping threads took: 0,0022640 seconds
2017-08-15T08:41:25.444+0200: 1250,332: Total time for which application threads were stopped: 0,0000540 seconds, Stopping threads took: 0,0000097 seconds
2017-08-15T08:41:25.446+0200: 1250,334: Total time for which application threads were stopped: 0,0001391 seconds, Stopping threads took: 0,0000694 seconds
2017-08-15T08:41:25.446+0200: 1250,334: Total time for which application threads were stopped: 0,0000590 seconds, Stopping threads took: 0,0000209 seconds
2017-08-15T08:41:25.447+0200: 1250,334: Total time for which application threads were stopped: 0,0000782 seconds, Stopping threads took: 0,0000237 seconds
2017-08-15T08:41:25.447+0200: 1250,335: Total time for which application threads were stopped: 0,0000994 seconds, Stopping threads took: 0,0000357 seconds
2017-08-15T08:41:25.448+0200: 1250,335: Total time for which application threads were stopped: 0,0000668 seconds, Stopping threads took: 0,0000277 seconds
2017-08-15T08:41:25.448+0200: 1250,336: Total time for which application threads were stopped: 0,0001027 seconds, Stopping threads took: 0,0000381 seconds
2017-08-15T08:41:25.449+0200: 1250,336: Total time for which application threads were stopped: 0,0000652 seconds, Stopping threads took: 0,0000281 seconds
2017-08-15T08:41:25.449+0200: 1250,337: Total time for which application threads were stopped: 0,0000699 seconds, Stopping threads took: 0,0000278 seconds
2017-08-15T08:41:25.449+0200: 1250,337: Total time for which application threads were stopped: 0,0000594 seconds, Stopping threads took: 0,0000247 seconds
2017-08-15T08:41:25.449+0200: 1250,337: Total time for which application threads were stopped: 0,0000677 seconds, Stopping threads took: 0,0000291 seconds
2017-08-15T08:41:25.449+0200: 1250,337: Total time for which application threads were stopped: 0,0000565 seconds, Stopping threads took: 0,0000175 seconds
2017-08-15T08:41:25.450+0200: 1250,337: Total time for which application threads were stopped: 0,0000495 seconds, Stopping threads took: 0,0000168 seconds
2017-08-15T08:41:25.451+0200: 1250,338: Total time for which application threads were stopped: 0,0009726 seconds, Stopping threads took: 0,0008939 seconds
2017-08-15T08:41:25.451+0200: 1250,338: Total time for which application threads were stopped: 0,0000643 seconds, Stopping threads took: 0,0000254 seconds
2017-08-15T08:41:25.451+0200: 1250,338: Total time for which application threads were stopped: 0,0000521 seconds, Stopping threads took: 0,0000222 seconds
2017-08-15T08:41:25.451+0200: 1250,339: Total time for which application threads were stopped: 0,0000524 seconds, Stopping threads took: 0,0000155 seconds
2017-08-15T08:41:25.451+0200: 1250,339: Total time for which application threads were stopped: 0,0000494 seconds, Stopping threads took: 0,0000169 seconds
2017-08-15T08:41:25.451+0200: 1250,339: Total time for which application threads were stopped: 0,0000496 seconds, Stopping threads took: 0,0000196 seconds
2017-08-15T08:41:25.451+0200: 1250,339: Total time for which application threads were stopped: 0,0000405 seconds, Stopping threads took: 0,0000164 seconds
2017-08-15T08:41:25.453+0200: 1250,340: Total time for which application threads were stopped: 0,0000539 seconds, Stopping threads took: 0,0000171 seconds
2017-08-15T08:41:25.453+0200: 1250,340: Total time for which application threads were stopped: 0,0000258 seconds, Stopping threads took: 0,0000063 seconds
2017-08-15T08:41:25.453+0200: 1250,340: Total time for which application threads were stopped: 0,0001074 seconds, Stopping threads took: 0,0000138 seconds
2017-08-15T08:41:25.453+0200: 1250,341: Total time for which application threads were stopped: 0,0003005 seconds, Stopping threads took: 0,0000271 seconds
2017-08-15T08:41:25.454+0200: 1250,341: Total time for which application threads were stopped: 0,0000876 seconds, Stopping threads took: 0,0000406 seconds
2017-08-15T08:41:25.454+0200: 1250,342: Total time for which application threads were stopped: 0,0000537 seconds, Stopping threads took: 0,0000208 seconds
2017-08-15T08:41:25.454+0200: 1250,342: Total time for which application threads were stopped: 0,0000464 seconds, Stopping threads took: 0,0000161 seconds
2017-08-15T08:41:25.454+0200: 1250,342: Total time for which application threads were stopped: 0,0000530 seconds, Stopping threads took: 0,0000217 seconds
2017-08-15T08:41:25.454+0200: 1250,342: Total time for which application threads were stopped: 0,0000497 seconds, Stopping threads took: 0,0000172 seconds
2017-08-15T08:41:25.454+0200: 1250,342: Total time for which application threads were stopped: 0,0000454 seconds, Stopping threads took: 0,0000154 seconds
2017-08-15T08:41:25.454+0200: 1250,342: Total time for which application threads were stopped: 0,0000515 seconds, Stopping threads took: 0,0000216 seconds
2017-08-15T08:41:25.454+0200: 1250,342: Total time for which application threads were stopped: 0,0000493 seconds, Stopping threads took: 0,0000187 seconds
2017-08-15T08:41:25.454+0200: 1250,342: Total time for which application threads were stopped: 0,0000485 seconds, Stopping threads took: 0,0000182 seconds
2017-08-15T08:41:25.455+0200: 1250,342: Total time for which application threads were stopped: 0,0000380 seconds, Stopping threads took: 0,0000089 seconds
2017-08-15T08:41:25.455+0200: 1250,342: Total time for which application threads were stopped: 0,0000490 seconds, Stopping threads took: 0,0000180 seconds
2017-08-15T08:41:25.456+0200: 1250,344: Total time for which application threads were stopped: 0,0001179 seconds, Stopping threads took: 0,0000154 seconds
2017-08-15T08:41:25.457+0200: 1250,344: Total time for which application threads were stopped: 0,0000658 seconds, Stopping threads took: 0,0000134 seconds
2017-08-15T08:41:25.457+0200: 1250,345: Total time for which application threads were stopped: 0,0000650 seconds, Stopping threads took: 0,0000066 seconds
Heap
 par new generation   total 109248K, used 37427K [0x00000000e0000000, 0x00000000e8000000, 0x00000000e8000000)
  eden space 87424K,  26% used [0x00000000e0000000, 0x00000000e1655008, 0x00000000e5560000)
  from space 21824K,  66% used [0x00000000e5560000, 0x00000000e6397e90, 0x00000000e6ab0000)
  to   space 21824K,   0% used [0x00000000e6ab0000, 0x00000000e6ab0000, 0x00000000e8000000)
 concurrent mark-sweep generation total 393216K, used 6921K [0x00000000e8000000, 0x0000000100000000, 0x0000000100000000)
 Metaspace       used 28162K, capacity 28710K, committed 29052K, reserved 1075200K
  class space    used 3228K, capacity 3396K, committed 3452K, reserved 1048576K
