OpenJDK 64-Bit Server VM (25.111-b14) for linux-amd64 JRE (1.8.0_111-8u111-b14-2ubuntu0.16.04.2-b14), built on Oct 27 2016 18:10:19 by "buildd" with gcc 5.4.0 20160609
Memory: 4k page, physical 7867840k(7457636k free), swap 8076284k(8076284k free)
CommandLine flags: -XX:CMSInitiatingOccupancyFraction=50 -XX:CMSMaxAbortablePrecleanTime=6000 -XX:+CMSParallelRemarkEnabled -XX:+CMSScavengeBeforeRemark -XX:ConcGCThreads=4 -XX:InitialHeapSize=536870912 -XX:MaxHeapSize=536870912 -XX:MaxTenuringThreshold=8 -XX:NewRatio=3 -XX:OldPLABSize=16 -XX:OnOutOfMemoryError=/opt/solr/bin/oom_solr.sh 8983 /var/solr/logs -XX:ParallelGCThreads=4 -XX:+ParallelRefProcEnabled -XX:PretenureSizeThreshold=67108864 -XX:+PrintGC -XX:+PrintGCApplicationStoppedTime -XX:+PrintGCDateStamps -XX:+PrintGCDetails -XX:+PrintGCTimeStamps -XX:+PrintHeapAtGC -XX:+PrintTenuringDistribution -XX:SurvivorRatio=4 -XX:TargetSurvivorRatio=90 -XX:ThreadStackSize=256 -XX:+UseCMSInitiatingOccupancyOnly -XX:+UseCompressedClassPointers -XX:+UseCompressedOops -XX:+UseConcMarkSweepGC -XX:+UseParNewGC 
2016-12-11T12:04:37.586+0100: 0,119: Total time for which application threads were stopped: 0,0000666 seconds, Stopping threads took: 0,0000131 seconds
2016-12-11T12:04:37.673+0100: 0,206: Total time for which application threads were stopped: 0,0001351 seconds, Stopping threads took: 0,0000156 seconds
2016-12-11T12:04:37.686+0100: 0,220: Total time for which application threads were stopped: 0,0000996 seconds, Stopping threads took: 0,0000201 seconds
2016-12-11T12:04:37.923+0100: 0,456: Total time for which application threads were stopped: 0,0001139 seconds, Stopping threads took: 0,0000101 seconds
2016-12-11T12:04:38.432+0100: 0,965: Total time for which application threads were stopped: 0,0001552 seconds, Stopping threads took: 0,0000148 seconds
2016-12-11T12:04:38.559+0100: 1,093: Total time for which application threads were stopped: 0,0001848 seconds, Stopping threads took: 0,0000238 seconds
2016-12-11T12:04:38.639+0100: 1,172: Total time for which application threads were stopped: 0,0001831 seconds, Stopping threads took: 0,0000239 seconds
2016-12-11T12:04:38.930+0100: 1,463: Total time for which application threads were stopped: 0,0001840 seconds, Stopping threads took: 0,0000154 seconds
2016-12-11T12:04:39.161+0100: 1,695: Total time for which application threads were stopped: 0,0002093 seconds, Stopping threads took: 0,0000165 seconds
2016-12-11T12:04:39.190+0100: 1,723: Total time for which application threads were stopped: 0,0005582 seconds, Stopping threads took: 0,0000694 seconds
2016-12-11T12:04:39.190+0100: 1,724: Total time for which application threads were stopped: 0,0001530 seconds, Stopping threads took: 0,0000109 seconds
2016-12-11T12:04:39.207+0100: 1,740: Total time for which application threads were stopped: 0,0006020 seconds, Stopping threads took: 0,0000700 seconds
2016-12-11T12:04:39.287+0100: 1,820: Total time for which application threads were stopped: 0,0002033 seconds, Stopping threads took: 0,0000183 seconds
2016-12-11T12:04:39.439+0100: 1,973: Total time for which application threads were stopped: 0,0005732 seconds, Stopping threads took: 0,0003712 seconds
{Heap before GC invocations=0 (full 0):
 par new generation   total 109248K, used 87424K [0x00000000e0000000, 0x00000000e8000000, 0x00000000e8000000)
  eden space 87424K, 100% used [0x00000000e0000000, 0x00000000e5560000, 0x00000000e5560000)
  from space 21824K,   0% used [0x00000000e5560000, 0x00000000e5560000, 0x00000000e6ab0000)
  to   space 21824K,   0% used [0x00000000e6ab0000, 0x00000000e6ab0000, 0x00000000e8000000)
 concurrent mark-sweep generation total 393216K, used 0K [0x00000000e8000000, 0x0000000100000000, 0x0000000100000000)
 Metaspace       used 17808K, capacity 18078K, committed 18304K, reserved 1064960K
  class space    used 2029K, capacity 2130K, committed 2176K, reserved 1048576K
2016-12-11T12:04:39.511+0100: 2,044: [GC (Allocation Failure) 2016-12-11T12:04:39.511+0100: 2,044: [ParNew
Desired survivor size 20112992 bytes, new threshold 8 (max 8)
- age   1:   11668680 bytes,   11668680 total
: 87424K->11510K(109248K), 0,0151493 secs] 87424K->11510K(502464K), 0,0152455 secs] [Times: user=0,06 sys=0,00, real=0,02 secs] 
Heap after GC invocations=1 (full 0):
 par new generation   total 109248K, used 11510K [0x00000000e0000000, 0x00000000e8000000, 0x00000000e8000000)
  eden space 87424K,   0% used [0x00000000e0000000, 0x00000000e0000000, 0x00000000e5560000)
  from space 21824K,  52% used [0x00000000e6ab0000, 0x00000000e75edaf0, 0x00000000e8000000)
  to   space 21824K,   0% used [0x00000000e5560000, 0x00000000e5560000, 0x00000000e6ab0000)
 concurrent mark-sweep generation total 393216K, used 0K [0x00000000e8000000, 0x0000000100000000, 0x0000000100000000)
 Metaspace       used 17808K, capacity 18078K, committed 18304K, reserved 1064960K
  class space    used 2029K, capacity 2130K, committed 2176K, reserved 1048576K
}
2016-12-11T12:04:39.526+0100: 2,059: Total time for which application threads were stopped: 0,0154575 seconds, Stopping threads took: 0,0000185 seconds
2016-12-11T12:04:39.761+0100: 2,294: Total time for which application threads were stopped: 0,0002449 seconds, Stopping threads took: 0,0000297 seconds
2016-12-11T12:04:39.791+0100: 2,324: Total time for which application threads were stopped: 0,0002789 seconds, Stopping threads took: 0,0000256 seconds
2016-12-11T12:04:39.817+0100: 2,351: Total time for which application threads were stopped: 0,0003131 seconds, Stopping threads took: 0,0000356 seconds
{Heap before GC invocations=1 (full 0):
 par new generation   total 109248K, used 98934K [0x00000000e0000000, 0x00000000e8000000, 0x00000000e8000000)
  eden space 87424K, 100% used [0x00000000e0000000, 0x00000000e5560000, 0x00000000e5560000)
  from space 21824K,  52% used [0x00000000e6ab0000, 0x00000000e75edaf0, 0x00000000e8000000)
  to   space 21824K,   0% used [0x00000000e5560000, 0x00000000e5560000, 0x00000000e6ab0000)
 concurrent mark-sweep generation total 393216K, used 0K [0x00000000e8000000, 0x0000000100000000, 0x0000000100000000)
 Metaspace       used 20696K, capacity 21010K, committed 21248K, reserved 1069056K
  class space    used 2402K, capacity 2516K, committed 2560K, reserved 1048576K
2016-12-11T12:04:39.976+0100: 2,509: [GC (Allocation Failure) 2016-12-11T12:04:39.976+0100: 2,509: [ParNew
Desired survivor size 20112992 bytes, new threshold 8 (max 8)
- age   1:    4004128 bytes,    4004128 total
- age   2:    5955040 bytes,    9959168 total
: 98934K->14416K(109248K), 0,0117266 secs] 98934K->14416K(502464K), 0,0118152 secs] [Times: user=0,04 sys=0,01, real=0,01 secs] 
Heap after GC invocations=2 (full 0):
 par new generation   total 109248K, used 14416K [0x00000000e0000000, 0x00000000e8000000, 0x00000000e8000000)
  eden space 87424K,   0% used [0x00000000e0000000, 0x00000000e0000000, 0x00000000e5560000)
  from space 21824K,  66% used [0x00000000e5560000, 0x00000000e6374080, 0x00000000e6ab0000)
  to   space 21824K,   0% used [0x00000000e6ab0000, 0x00000000e6ab0000, 0x00000000e8000000)
 concurrent mark-sweep generation total 393216K, used 0K [0x00000000e8000000, 0x0000000100000000, 0x0000000100000000)
 Metaspace       used 20696K, capacity 21010K, committed 21248K, reserved 1069056K
  class space    used 2402K, capacity 2516K, committed 2560K, reserved 1048576K
}
2016-12-11T12:04:39.988+0100: 2,521: Total time for which application threads were stopped: 0,0120604 seconds, Stopping threads took: 0,0000417 seconds
2016-12-11T12:04:40.056+0100: 2,590: Total time for which application threads were stopped: 0,0000881 seconds, Stopping threads took: 0,0000204 seconds
2016-12-11T12:04:40.090+0100: 2,623: Total time for which application threads were stopped: 0,0000800 seconds, Stopping threads took: 0,0000138 seconds
2016-12-11T12:04:40.090+0100: 2,624: Total time for which application threads were stopped: 0,0002327 seconds, Stopping threads took: 0,0000110 seconds
2016-12-11T12:04:40.116+0100: 2,650: Total time for which application threads were stopped: 0,0000727 seconds, Stopping threads took: 0,0000131 seconds
2016-12-11T12:04:40.198+0100: 2,731: Total time for which application threads were stopped: 0,0001276 seconds, Stopping threads took: 0,0000221 seconds
2016-12-11T12:04:40.215+0100: 2,749: Total time for which application threads were stopped: 0,0000878 seconds, Stopping threads took: 0,0000241 seconds
2016-12-11T12:04:40.226+0100: 2,759: Total time for which application threads were stopped: 0,0002859 seconds, Stopping threads took: 0,0000136 seconds
2016-12-11T12:04:40.234+0100: 2,768: Total time for which application threads were stopped: 0,0002926 seconds, Stopping threads took: 0,0000313 seconds
2016-12-11T12:04:40.236+0100: 2,769: Total time for which application threads were stopped: 0,0000956 seconds, Stopping threads took: 0,0000362 seconds
2016-12-11T12:04:40.275+0100: 2,809: Total time for which application threads were stopped: 0,0000679 seconds, Stopping threads took: 0,0000129 seconds
2016-12-11T12:04:40.291+0100: 2,825: Total time for which application threads were stopped: 0,0000724 seconds, Stopping threads took: 0,0000141 seconds
2016-12-11T12:04:40.310+0100: 2,843: Total time for which application threads were stopped: 0,0000759 seconds, Stopping threads took: 0,0000140 seconds
2016-12-11T12:04:40.327+0100: 2,861: Total time for which application threads were stopped: 0,0000881 seconds, Stopping threads took: 0,0000223 seconds
2016-12-11T12:04:40.360+0100: 2,893: Total time for which application threads were stopped: 0,0001501 seconds, Stopping threads took: 0,0000659 seconds
2016-12-11T12:04:40.410+0100: 2,944: Total time for which application threads were stopped: 0,0001068 seconds, Stopping threads took: 0,0000356 seconds
{Heap before GC invocations=2 (full 0):
 par new generation   total 109248K, used 101840K [0x00000000e0000000, 0x00000000e8000000, 0x00000000e8000000)
  eden space 87424K, 100% used [0x00000000e0000000, 0x00000000e5560000, 0x00000000e5560000)
  from space 21824K,  66% used [0x00000000e5560000, 0x00000000e6374080, 0x00000000e6ab0000)
  to   space 21824K,   0% used [0x00000000e6ab0000, 0x00000000e6ab0000, 0x00000000e8000000)
 concurrent mark-sweep generation total 393216K, used 0K [0x00000000e8000000, 0x0000000100000000, 0x0000000100000000)
 Metaspace       used 24603K, capacity 24964K, committed 25204K, reserved 1071104K
  class space    used 2877K, capacity 3024K, committed 3092K, reserved 1048576K
2016-12-11T12:04:40.428+0100: 2,961: [GC (Allocation Failure) 2016-12-11T12:04:40.428+0100: 2,961: [ParNew
Desired survivor size 20112992 bytes, new threshold 8 (max 8)
- age   1:    4624344 bytes,    4624344 total
- age   2:     678856 bytes,    5303200 total
- age   3:    5948448 bytes,   11251648 total
: 101840K->14985K(109248K), 0,0102303 secs] 101840K->14985K(502464K), 0,0103041 secs] [Times: user=0,04 sys=0,00, real=0,01 secs] 
Heap after GC invocations=3 (full 0):
 par new generation   total 109248K, used 14985K [0x00000000e0000000, 0x00000000e8000000, 0x00000000e8000000)
  eden space 87424K,   0% used [0x00000000e0000000, 0x00000000e0000000, 0x00000000e5560000)
  from space 21824K,  68% used [0x00000000e6ab0000, 0x00000000e79524b8, 0x00000000e8000000)
  to   space 21824K,   0% used [0x00000000e5560000, 0x00000000e5560000, 0x00000000e6ab0000)
 concurrent mark-sweep generation total 393216K, used 0K [0x00000000e8000000, 0x0000000100000000, 0x0000000100000000)
 Metaspace       used 24603K, capacity 24964K, committed 25204K, reserved 1071104K
  class space    used 2877K, capacity 3024K, committed 3092K, reserved 1048576K
}
2016-12-11T12:04:40.438+0100: 2,971: Total time for which application threads were stopped: 0,0104863 seconds, Stopping threads took: 0,0000473 seconds
2016-12-11T12:04:40.438+0100: 2,971: [GC (CMS Initial Mark) [1 CMS-initial-mark: 0K(393216K)] 16356K(502464K), 0,0025426 secs] [Times: user=0,00 sys=0,00, real=0,00 secs] 
2016-12-11T12:04:40.441+0100: 2,974: Total time for which application threads were stopped: 0,0026749 seconds, Stopping threads took: 0,0000477 seconds
2016-12-11T12:04:40.441+0100: 2,974: [CMS-concurrent-mark-start]
2016-12-11T12:04:40.442+0100: 2,976: [CMS-concurrent-mark: 0,002/0,002 secs] [Times: user=0,01 sys=0,00, real=0,00 secs] 
2016-12-11T12:04:40.442+0100: 2,976: [CMS-concurrent-preclean-start]
2016-12-11T12:04:40.443+0100: 2,977: [CMS-concurrent-preclean: 0,001/0,001 secs] [Times: user=0,00 sys=0,00, real=0,01 secs] 
2016-12-11T12:04:40.443+0100: 2,977: [GC (CMS Final Remark) [YG occupancy: 16794 K (109248 K)]{Heap before GC invocations=3 (full 1):
 par new generation   total 109248K, used 16794K [0x00000000e0000000, 0x00000000e8000000, 0x00000000e8000000)
  eden space 87424K,   2% used [0x00000000e0000000, 0x00000000e01c43a0, 0x00000000e5560000)
  from space 21824K,  68% used [0x00000000e6ab0000, 0x00000000e79524b8, 0x00000000e8000000)
  to   space 21824K,   0% used [0x00000000e5560000, 0x00000000e5560000, 0x00000000e6ab0000)
 concurrent mark-sweep generation total 393216K, used 0K [0x00000000e8000000, 0x0000000100000000, 0x0000000100000000)
 Metaspace       used 24604K, capacity 24964K, committed 25204K, reserved 1071104K
  class space    used 2877K, capacity 3024K, committed 3092K, reserved 1048576K
2016-12-11T12:04:40.444+0100: 2,977: [GC (CMS Final Remark) 2016-12-11T12:04:40.444+0100: 2,977: [ParNew
Desired survivor size 20112992 bytes, new threshold 8 (max 8)
- age   1:       9880 bytes,       9880 total
- age   2:    1238064 bytes,    1247944 total
- age   3:     678856 bytes,    1926800 total
- age   4:    5947088 bytes,    7873888 total
: 16794K->10965K(109248K), 0,0081523 secs] 16794K->10965K(502464K), 0,0081960 secs] [Times: user=0,03 sys=0,00, real=0,00 secs] 
Heap after GC invocations=4 (full 1):
 par new generation   total 109248K, used 10965K [0x00000000e0000000, 0x00000000e8000000, 0x00000000e8000000)
  eden space 87424K,   0% used [0x00000000e0000000, 0x00000000e0000000, 0x00000000e5560000)
  from space 21824K,  50% used [0x00000000e5560000, 0x00000000e6015600, 0x00000000e6ab0000)
  to   space 21824K,   0% used [0x00000000e6ab0000, 0x00000000e6ab0000, 0x00000000e8000000)
 concurrent mark-sweep generation total 393216K, used 0K [0x00000000e8000000, 0x0000000100000000, 0x0000000100000000)
 Metaspace       used 24604K, capacity 24964K, committed 25204K, reserved 1071104K
  class space    used 2877K, capacity 3024K, committed 3092K, reserved 1048576K
}
2016-12-11T12:04:40.452+0100: 2,985: [Rescan (parallel) , 0,0030783 secs]2016-12-11T12:04:40.455+0100: 2,988: [weak refs processing, 0,0011503 secs]2016-12-11T12:04:40.456+0100: 2,989: [class unloading, 0,0031302 secs]2016-12-11T12:04:40.459+0100: 2,993: [scrub symbol table, 0,0031509 secs]2016-12-11T12:04:40.462+0100: 2,996: [scrub string table, 0,0003686 secs][1 CMS-remark: 0K(393216K)] 10965K(502464K), 0,0198117 secs] [Times: user=0,05 sys=0,01, real=0,02 secs] 
2016-12-11T12:04:40.463+0100: 2,997: Total time for which application threads were stopped: 0,0199121 seconds, Stopping threads took: 0,0000278 seconds
2016-12-11T12:04:40.463+0100: 2,997: [CMS-concurrent-sweep-start]
2016-12-11T12:04:40.463+0100: 2,997: [CMS-concurrent-sweep: 0,000/0,000 secs] [Times: user=0,00 sys=0,00, real=0,00 secs] 
2016-12-11T12:04:40.463+0100: 2,997: [CMS-concurrent-reset-start]
2016-12-11T12:04:40.465+0100: 2,998: [CMS-concurrent-reset: 0,002/0,002 secs] [Times: user=0,00 sys=0,00, real=0,00 secs] 
2016-12-11T12:04:41.464+0100: 3,997: Total time for which application threads were stopped: 0,0000980 seconds, Stopping threads took: 0,0000169 seconds
2016-12-11T12:04:41.524+0100: 4,057: Total time for which application threads were stopped: 0,0002340 seconds, Stopping threads took: 0,0000148 seconds
2016-12-11T12:05:09.528+0100: 32,062: Total time for which application threads were stopped: 0,0000553 seconds, Stopping threads took: 0,0000159 seconds
2016-12-11T12:07:19.542+0100: 162,076: Total time for which application threads were stopped: 0,0005193 seconds, Stopping threads took: 0,0001826 seconds
2016-12-11T12:07:24.543+0100: 167,077: Total time for which application threads were stopped: 0,0000560 seconds, Stopping threads took: 0,0000155 seconds
2016-12-11T12:07:38.545+0100: 181,078: Total time for which application threads were stopped: 0,0000712 seconds, Stopping threads took: 0,0000215 seconds
2016-12-11T12:07:43.546+0100: 186,079: Total time for which application threads were stopped: 0,0000879 seconds, Stopping threads took: 0,0000393 seconds
2016-12-11T12:08:34.553+0100: 237,086: Total time for which application threads were stopped: 0,0000803 seconds, Stopping threads took: 0,0000341 seconds
2016-12-11T12:09:24.559+0100: 287,092: Total time for which application threads were stopped: 0,0004459 seconds, Stopping threads took: 0,0001607 seconds
2016-12-11T12:09:59.564+0100: 322,097: Total time for which application threads were stopped: 0,0001744 seconds, Stopping threads took: 0,0000741 seconds
2016-12-11T12:12:39.587+0100: 482,120: Total time for which application threads were stopped: 0,0000770 seconds, Stopping threads took: 0,0000330 seconds
2016-12-11T12:12:43.587+0100: 486,120: Total time for which application threads were stopped: 0,0000688 seconds, Stopping threads took: 0,0000177 seconds
2016-12-11T12:15:19.604+0100: 642,137: Total time for which application threads were stopped: 0,0000837 seconds, Stopping threads took: 0,0000326 seconds
2016-12-11T12:28:18.687+0100: 1421,221: Total time for which application threads were stopped: 0,0001195 seconds, Stopping threads took: 0,0000415 seconds
2016-12-11T12:33:03.719+0100: 1706,252: Total time for which application threads were stopped: 0,0000692 seconds, Stopping threads took: 0,0000268 seconds
2016-12-11T12:43:34.783+0100: 2337,317: Total time for which application threads were stopped: 0,0000860 seconds, Stopping threads took: 0,0000387 seconds
2016-12-11T12:43:38.784+0100: 2341,317: Total time for which application threads were stopped: 0,0000604 seconds, Stopping threads took: 0,0000146 seconds
2016-12-11T12:47:39.812+0100: 2582,345: Total time for which application threads were stopped: 0,0000824 seconds, Stopping threads took: 0,0000347 seconds
2016-12-11T13:01:49.906+0100: 3432,440: Total time for which application threads were stopped: 0,0000795 seconds, Stopping threads took: 0,0000334 seconds
2016-12-11T13:11:03.967+0100: 3986,500: Total time for which application threads were stopped: 0,0002437 seconds, Stopping threads took: 0,0001567 seconds
2016-12-11T13:11:08.968+0100: 3991,501: Total time for which application threads were stopped: 0,0000698 seconds, Stopping threads took: 0,0000268 seconds
2016-12-11T13:11:39.971+0100: 4022,504: Total time for which application threads were stopped: 0,0000813 seconds, Stopping threads took: 0,0000312 seconds
2016-12-11T13:53:10.266+0100: 6512,799: Total time for which application threads were stopped: 0,0000875 seconds, Stopping threads took: 0,0000372 seconds
2016-12-11T13:54:20.273+0100: 6582,807: Total time for which application threads were stopped: 0,0004436 seconds, Stopping threads took: 0,0001631 seconds
2016-12-11T13:58:30.298+0100: 6832,831: Total time for which application threads were stopped: 0,0000754 seconds, Stopping threads took: 0,0000298 seconds
2016-12-11T14:09:39.373+0100: 7501,906: Total time for which application threads were stopped: 0,0000817 seconds, Stopping threads took: 0,0000335 seconds
2016-12-11T14:10:09.376+0100: 7531,909: Total time for which application threads were stopped: 0,0001189 seconds, Stopping threads took: 0,0000521 seconds
2016-12-11T14:12:39.393+0100: 7681,926: Total time for which application threads were stopped: 0,0000703 seconds, Stopping threads took: 0,0000280 seconds
2016-12-11T14:13:09.397+0100: 7711,930: Total time for which application threads were stopped: 0,0000821 seconds, Stopping threads took: 0,0000340 seconds
2016-12-11T15:14:09.811+0100: 11372,345: Total time for which application threads were stopped: 0,0000740 seconds, Stopping threads took: 0,0000302 seconds
2016-12-11T16:12:55.225+0100: 14897,759: Total time for which application threads were stopped: 0,0000828 seconds, Stopping threads took: 0,0000306 seconds
2016-12-11T16:20:39.270+0100: 15361,804: Total time for which application threads were stopped: 0,0003842 seconds, Stopping threads took: 0,0001006 seconds
2016-12-11T17:33:09.739+0100: 19712,272: Total time for which application threads were stopped: 0,0002943 seconds, Stopping threads took: 0,0001168 seconds
2016-12-11T18:31:14.204+0100: 23196,737: Total time for which application threads were stopped: 0,0000925 seconds, Stopping threads took: 0,0000314 seconds
2016-12-11T20:36:16.060+0100: 30698,593: Total time for which application threads were stopped: 0,0001069 seconds, Stopping threads took: 0,0000141 seconds
Heap
 par new generation   total 109248K, used 55445K [0x00000000e0000000, 0x00000000e8000000, 0x00000000e8000000)
  eden space 87424K,  50% used [0x00000000e0000000, 0x00000000e2b70060, 0x00000000e5560000)
  from space 21824K,  50% used [0x00000000e5560000, 0x00000000e6015600, 0x00000000e6ab0000)
  to   space 21824K,   0% used [0x00000000e6ab0000, 0x00000000e6ab0000, 0x00000000e8000000)
 concurrent mark-sweep generation total 393216K, used 0K [0x00000000e8000000, 0x0000000100000000, 0x0000000100000000)
 Metaspace       used 27213K, capacity 27658K, committed 27920K, reserved 1073152K
  class space    used 3161K, capacity 3319K, committed 3348K, reserved 1048576K
