OpenJDK 64-Bit Server VM (25.131-b11) for linux-amd64 JRE (1.8.0_131-8u131-b11-0ubuntu1.16.04.2-b11), built on May  6 2017 02:45:27 by "buildd" with gcc 5.4.0 20160609
Memory: 4k page, physical 7867764k(7454840k free), swap 8076284k(8076284k free)
CommandLine flags: -XX:CMSInitiatingOccupancyFraction=50 -XX:CMSMaxAbortablePrecleanTime=6000 -XX:+CMSParallelRemarkEnabled -XX:+CMSScavengeBeforeRemark -XX:ConcGCThreads=4 -XX:InitialHeapSize=536870912 -XX:MaxHeapSize=536870912 -XX:MaxTenuringThreshold=8 -XX:NewRatio=3 -XX:OldPLABSize=16 -XX:OnOutOfMemoryError=/opt/solr/bin/oom_solr.sh 8983 /var/solr/logs -XX:ParallelGCThreads=4 -XX:+ParallelRefProcEnabled -XX:PretenureSizeThreshold=67108864 -XX:+PrintGC -XX:+PrintGCApplicationStoppedTime -XX:+PrintGCDateStamps -XX:+PrintGCDetails -XX:+PrintGCTimeStamps -XX:+PrintHeapAtGC -XX:+PrintTenuringDistribution -XX:SurvivorRatio=4 -XX:TargetSurvivorRatio=90 -XX:ThreadStackSize=256 -XX:+UseCMSInitiatingOccupancyOnly -XX:+UseCompressedClassPointers -XX:+UseCompressedOops -XX:+UseConcMarkSweepGC -XX:+UseParNewGC 
2017-05-15T08:53:18.823+0200: 0,150: Total time for which application threads were stopped: 0,0000784 seconds, Stopping threads took: 0,0000146 seconds
2017-05-15T08:53:18.919+0200: 0,246: Total time for which application threads were stopped: 0,0001256 seconds, Stopping threads took: 0,0000185 seconds
2017-05-15T08:53:18.935+0200: 0,262: Total time for which application threads were stopped: 0,0000810 seconds, Stopping threads took: 0,0000095 seconds
2017-05-15T08:53:19.182+0200: 0,509: Total time for which application threads were stopped: 0,0001679 seconds, Stopping threads took: 0,0000141 seconds
2017-05-15T08:53:19.699+0200: 1,026: Total time for which application threads were stopped: 0,0001751 seconds, Stopping threads took: 0,0000247 seconds
2017-05-15T08:53:19.810+0200: 1,137: Total time for which application threads were stopped: 0,0001879 seconds, Stopping threads took: 0,0000185 seconds
2017-05-15T08:53:19.848+0200: 1,175: Total time for which application threads were stopped: 0,0002025 seconds, Stopping threads took: 0,0000380 seconds
2017-05-15T08:53:20.209+0200: 1,536: Total time for which application threads were stopped: 0,0001760 seconds, Stopping threads took: 0,0000175 seconds
2017-05-15T08:53:20.428+0200: 1,755: Total time for which application threads were stopped: 0,0002188 seconds, Stopping threads took: 0,0000236 seconds
2017-05-15T08:53:20.452+0200: 1,778: Total time for which application threads were stopped: 0,0001901 seconds, Stopping threads took: 0,0000385 seconds
2017-05-15T08:53:20.487+0200: 1,814: Total time for which application threads were stopped: 0,0003076 seconds, Stopping threads took: 0,0000227 seconds
2017-05-15T08:53:20.489+0200: 1,816: Total time for which application threads were stopped: 0,0003051 seconds, Stopping threads took: 0,0000346 seconds
2017-05-15T08:53:20.507+0200: 1,834: Total time for which application threads were stopped: 0,0002345 seconds, Stopping threads took: 0,0000180 seconds
2017-05-15T08:53:20.607+0200: 1,934: Total time for which application threads were stopped: 0,0013285 seconds, Stopping threads took: 0,0002284 seconds
2017-05-15T08:53:20.782+0200: 2,108: Total time for which application threads were stopped: 0,0002752 seconds, Stopping threads took: 0,0000349 seconds
{Heap before GC invocations=0 (full 0):
 par new generation   total 109248K, used 87424K [0x00000000e0000000, 0x00000000e8000000, 0x00000000e8000000)
  eden space 87424K, 100% used [0x00000000e0000000, 0x00000000e5560000, 0x00000000e5560000)
  from space 21824K,   0% used [0x00000000e5560000, 0x00000000e5560000, 0x00000000e6ab0000)
  to   space 21824K,   0% used [0x00000000e6ab0000, 0x00000000e6ab0000, 0x00000000e8000000)
 concurrent mark-sweep generation total 393216K, used 0K [0x00000000e8000000, 0x0000000100000000, 0x0000000100000000)
 Metaspace       used 18037K, capacity 18336K, committed 18688K, reserved 1064960K
  class space    used 2040K, capacity 2196K, committed 2304K, reserved 1048576K
2017-05-15T08:53:20.875+0200: 2,202: [GC (Allocation Failure) 2017-05-15T08:53:20.875+0200: 2,202: [ParNew
Desired survivor size 20112992 bytes, new threshold 8 (max 8)
- age   1:   12609800 bytes,   12609800 total
: 87424K->12427K(109248K), 0,0159085 secs] 87424K->12427K(502464K), 0,0159918 secs] [Times: user=0,03 sys=0,03, real=0,02 secs] 
Heap after GC invocations=1 (full 0):
 par new generation   total 109248K, used 12427K [0x00000000e0000000, 0x00000000e8000000, 0x00000000e8000000)
  eden space 87424K,   0% used [0x00000000e0000000, 0x00000000e0000000, 0x00000000e5560000)
  from space 21824K,  56% used [0x00000000e6ab0000, 0x00000000e76d2ee0, 0x00000000e8000000)
  to   space 21824K,   0% used [0x00000000e5560000, 0x00000000e5560000, 0x00000000e6ab0000)
 concurrent mark-sweep generation total 393216K, used 0K [0x00000000e8000000, 0x0000000100000000, 0x0000000100000000)
 Metaspace       used 18037K, capacity 18336K, committed 18688K, reserved 1064960K
  class space    used 2040K, capacity 2196K, committed 2304K, reserved 1048576K
}
2017-05-15T08:53:20.891+0200: 2,218: Total time for which application threads were stopped: 0,0169696 seconds, Stopping threads took: 0,0007719 seconds
2017-05-15T08:53:21.188+0200: 2,515: Total time for which application threads were stopped: 0,0003548 seconds, Stopping threads took: 0,0000484 seconds
2017-05-15T08:53:21.228+0200: 2,554: Total time for which application threads were stopped: 0,0004640 seconds, Stopping threads took: 0,0000606 seconds
{Heap before GC invocations=1 (full 0):
 par new generation   total 109248K, used 99851K [0x00000000e0000000, 0x00000000e8000000, 0x00000000e8000000)
  eden space 87424K, 100% used [0x00000000e0000000, 0x00000000e5560000, 0x00000000e5560000)
  from space 21824K,  56% used [0x00000000e6ab0000, 0x00000000e76d2ee0, 0x00000000e8000000)
  to   space 21824K,   0% used [0x00000000e5560000, 0x00000000e5560000, 0x00000000e6ab0000)
 concurrent mark-sweep generation total 393216K, used 0K [0x00000000e8000000, 0x0000000100000000, 0x0000000100000000)
 Metaspace       used 20053K, capacity 20370K, committed 20736K, reserved 1067008K
  class space    used 2298K, capacity 2471K, committed 2560K, reserved 1048576K
2017-05-15T08:53:21.234+0200: 2,560: [GC (Allocation Failure) 2017-05-15T08:53:21.234+0200: 2,560: [ParNew
Desired survivor size 20112992 bytes, new threshold 8 (max 8)
- age   1:    3559720 bytes,    3559720 total
- age   2:    6666448 bytes,   10226168 total
: 99851K->13717K(109248K), 0,0137642 secs] 99851K->13717K(502464K), 0,0138477 secs] [Times: user=0,05 sys=0,00, real=0,02 secs] 
Heap after GC invocations=2 (full 0):
 par new generation   total 109248K, used 13717K [0x00000000e0000000, 0x00000000e8000000, 0x00000000e8000000)
  eden space 87424K,   0% used [0x00000000e0000000, 0x00000000e0000000, 0x00000000e5560000)
  from space 21824K,  62% used [0x00000000e5560000, 0x00000000e62c5510, 0x00000000e6ab0000)
  to   space 21824K,   0% used [0x00000000e6ab0000, 0x00000000e6ab0000, 0x00000000e8000000)
 concurrent mark-sweep generation total 393216K, used 0K [0x00000000e8000000, 0x0000000100000000, 0x0000000100000000)
 Metaspace       used 20053K, capacity 20370K, committed 20736K, reserved 1067008K
  class space    used 2298K, capacity 2471K, committed 2560K, reserved 1048576K
}
2017-05-15T08:53:21.247+0200: 2,574: Total time for which application threads were stopped: 0,0149096 seconds, Stopping threads took: 0,0009249 seconds
2017-05-15T08:53:21.286+0200: 2,613: Total time for which application threads were stopped: 0,0004868 seconds, Stopping threads took: 0,0000547 seconds
2017-05-15T08:53:21.438+0200: 2,765: Total time for which application threads were stopped: 0,0001469 seconds, Stopping threads took: 0,0000241 seconds
{Heap before GC invocations=2 (full 0):
 par new generation   total 109248K, used 101141K [0x00000000e0000000, 0x00000000e8000000, 0x00000000e8000000)
  eden space 87424K, 100% used [0x00000000e0000000, 0x00000000e5560000, 0x00000000e5560000)
  from space 21824K,  62% used [0x00000000e5560000, 0x00000000e62c5510, 0x00000000e6ab0000)
  to   space 21824K,   0% used [0x00000000e6ab0000, 0x00000000e6ab0000, 0x00000000e8000000)
 concurrent mark-sweep generation total 393216K, used 0K [0x00000000e8000000, 0x0000000100000000, 0x0000000100000000)
 Metaspace       used 20993K, capacity 21356K, committed 21628K, reserved 1069056K
  class space    used 2422K, capacity 2590K, committed 2684K, reserved 1048576K
2017-05-15T08:53:21.479+0200: 2,806: [GC (Allocation Failure) 2017-05-15T08:53:21.479+0200: 2,806: [ParNew
Desired survivor size 20112992 bytes, new threshold 8 (max 8)
- age   1:    2054792 bytes,    2054792 total
- age   2:     844112 bytes,    2898904 total
- age   3:    6665392 bytes,    9564296 total
: 101141K->11409K(109248K), 0,0166195 secs] 101141K->11409K(502464K), 0,0167160 secs] [Times: user=0,06 sys=0,00, real=0,01 secs] 
Heap after GC invocations=3 (full 0):
 par new generation   total 109248K, used 11409K [0x00000000e0000000, 0x00000000e8000000, 0x00000000e8000000)
  eden space 87424K,   0% used [0x00000000e0000000, 0x00000000e0000000, 0x00000000e5560000)
  from space 21824K,  52% used [0x00000000e6ab0000, 0x00000000e75d4440, 0x00000000e8000000)
  to   space 21824K,   0% used [0x00000000e5560000, 0x00000000e5560000, 0x00000000e6ab0000)
 concurrent mark-sweep generation total 393216K, used 0K [0x00000000e8000000, 0x0000000100000000, 0x0000000100000000)
 Metaspace       used 20993K, capacity 21356K, committed 21628K, reserved 1069056K
  class space    used 2422K, capacity 2590K, committed 2684K, reserved 1048576K
}
2017-05-15T08:53:21.496+0200: 2,822: Total time for which application threads were stopped: 0,0169183 seconds, Stopping threads took: 0,0000333 seconds
2017-05-15T08:53:21.496+0200: 2,823: [GC (CMS Initial Mark) [1 CMS-initial-mark: 0K(393216K)] 12164K(502464K), 0,0037538 secs] [Times: user=0,02 sys=0,00, real=0,01 secs] 
2017-05-15T08:53:21.500+0200: 2,826: Total time for which application threads were stopped: 0,0039459 seconds, Stopping threads took: 0,0000792 seconds
2017-05-15T08:53:21.500+0200: 2,826: [CMS-concurrent-mark-start]
2017-05-15T08:53:21.510+0200: 2,837: [CMS-concurrent-mark: 0,010/0,010 secs] [Times: user=0,04 sys=0,00, real=0,01 secs] 
2017-05-15T08:53:21.510+0200: 2,837: [CMS-concurrent-preclean-start]
2017-05-15T08:53:21.511+0200: 2,838: [CMS-concurrent-preclean: 0,001/0,001 secs] [Times: user=0,00 sys=0,00, real=0,00 secs] 
2017-05-15T08:53:21.511+0200: 2,838: [CMS-concurrent-abortable-preclean-start]
2017-05-15T08:53:21.569+0200: 2,896: Total time for which application threads were stopped: 0,0001392 seconds, Stopping threads took: 0,0000283 seconds
{Heap before GC invocations=3 (full 1):
 par new generation   total 109248K, used 98833K [0x00000000e0000000, 0x00000000e8000000, 0x00000000e8000000)
  eden space 87424K, 100% used [0x00000000e0000000, 0x00000000e5560000, 0x00000000e5560000)
  from space 21824K,  52% used [0x00000000e6ab0000, 0x00000000e75d4440, 0x00000000e8000000)
  to   space 21824K,   0% used [0x00000000e5560000, 0x00000000e5560000, 0x00000000e6ab0000)
 concurrent mark-sweep generation total 393216K, used 0K [0x00000000e8000000, 0x0000000100000000, 0x0000000100000000)
 Metaspace       used 21248K, capacity 21574K, committed 21884K, reserved 1069056K
  class space    used 2449K, capacity 2606K, committed 2684K, reserved 1048576K
2017-05-15T08:53:21.613+0200: 2,939: [GC (Allocation Failure) 2017-05-15T08:53:21.613+0200: 2,939: [ParNew
Desired survivor size 20112992 bytes, new threshold 8 (max 8)
- age   1:     863048 bytes,     863048 total
- age   2:    1462608 bytes,    2325656 total
- age   3:     812672 bytes,    3138328 total
- age   4:    6665392 bytes,    9803720 total
: 98833K->14754K(109248K), 0,0119169 secs] 98833K->14754K(502464K), 0,0120073 secs] [Times: user=0,05 sys=0,00, real=0,01 secs] 
Heap after GC invocations=4 (full 1):
 par new generation   total 109248K, used 14754K [0x00000000e0000000, 0x00000000e8000000, 0x00000000e8000000)
  eden space 87424K,   0% used [0x00000000e0000000, 0x00000000e0000000, 0x00000000e5560000)
  from space 21824K,  67% used [0x00000000e5560000, 0x00000000e63c8ac0, 0x00000000e6ab0000)
  to   space 21824K,   0% used [0x00000000e6ab0000, 0x00000000e6ab0000, 0x00000000e8000000)
 concurrent mark-sweep generation total 393216K, used 0K [0x00000000e8000000, 0x0000000100000000, 0x0000000100000000)
 Metaspace       used 21248K, capacity 21574K, committed 21884K, reserved 1069056K
  class space    used 2449K, capacity 2606K, committed 2684K, reserved 1048576K
}
2017-05-15T08:53:21.625+0200: 2,951: Total time for which application threads were stopped: 0,0122736 seconds, Stopping threads took: 0,0001288 seconds
{Heap before GC invocations=4 (full 1):
 par new generation   total 109248K, used 102178K [0x00000000e0000000, 0x00000000e8000000, 0x00000000e8000000)
  eden space 87424K, 100% used [0x00000000e0000000, 0x00000000e5560000, 0x00000000e5560000)
  from space 21824K,  67% used [0x00000000e5560000, 0x00000000e63c8ac0, 0x00000000e6ab0000)
  to   space 21824K,   0% used [0x00000000e6ab0000, 0x00000000e6ab0000, 0x00000000e8000000)
 concurrent mark-sweep generation total 393216K, used 0K [0x00000000e8000000, 0x0000000100000000, 0x0000000100000000)
 Metaspace       used 21448K, capacity 21810K, committed 21884K, reserved 1069056K
  class space    used 2473K, capacity 2640K, committed 2684K, reserved 1048576K
2017-05-15T08:53:21.709+0200: 3,035: [GC (Allocation Failure) 2017-05-15T08:53:21.709+0200: 3,035: [ParNew
Desired survivor size 20112992 bytes, new threshold 8 (max 8)
- age   1:     726976 bytes,     726976 total
- age   2:     186504 bytes,     913480 total
- age   3:    1462016 bytes,    2375496 total
- age   4:     810656 bytes,    3186152 total
- age   5:    6665432 bytes,    9851584 total
: 102178K->12378K(109248K), 0,0095284 secs] 102178K->12378K(502464K), 0,0096002 secs] [Times: user=0,03 sys=0,00, real=0,01 secs] 
Heap after GC invocations=5 (full 1):
 par new generation   total 109248K, used 12378K [0x00000000e0000000, 0x00000000e8000000, 0x00000000e8000000)
  eden space 87424K,   0% used [0x00000000e0000000, 0x00000000e0000000, 0x00000000e5560000)
  from space 21824K,  56% used [0x00000000e6ab0000, 0x00000000e76c6a18, 0x00000000e8000000)
  to   space 21824K,   0% used [0x00000000e5560000, 0x00000000e5560000, 0x00000000e6ab0000)
 concurrent mark-sweep generation total 393216K, used 0K [0x00000000e8000000, 0x0000000100000000, 0x0000000100000000)
 Metaspace       used 21448K, capacity 21810K, committed 21884K, reserved 1069056K
  class space    used 2473K, capacity 2640K, committed 2684K, reserved 1048576K
}
2017-05-15T08:53:21.718+0200: 3,045: Total time for which application threads were stopped: 0,0103861 seconds, Stopping threads took: 0,0006556 seconds
2017-05-15T08:53:21.736+0200: 3,062: Total time for which application threads were stopped: 0,0001407 seconds, Stopping threads took: 0,0000667 seconds
2017-05-15T08:53:21.746+0200: 3,073: Total time for which application threads were stopped: 0,0003017 seconds, Stopping threads took: 0,0000240 seconds
2017-05-15T08:53:21.787+0200: 3,114: Total time for which application threads were stopped: 0,0001083 seconds, Stopping threads took: 0,0000285 seconds
2017-05-15T08:53:21.813+0200: 3,140: Total time for which application threads were stopped: 0,0001145 seconds, Stopping threads took: 0,0000169 seconds
2017-05-15T08:53:22.018+0200: 3,345: Total time for which application threads were stopped: 0,0002234 seconds, Stopping threads took: 0,0000352 seconds
2017-05-15T08:53:22.052+0200: 3,379: Total time for which application threads were stopped: 0,0002088 seconds, Stopping threads took: 0,0000524 seconds
2017-05-15T08:53:22.054+0200: 3,381: Total time for which application threads were stopped: 0,0004745 seconds, Stopping threads took: 0,0000260 seconds
2017-05-15T08:53:22.068+0200: 3,395: Total time for which application threads were stopped: 0,0004289 seconds, Stopping threads took: 0,0000557 seconds
2017-05-15T08:53:22.091+0200: 3,418: Total time for which application threads were stopped: 0,0009870 seconds, Stopping threads took: 0,0009069 seconds
2017-05-15T08:53:22.154+0200: 3,481: Total time for which application threads were stopped: 0,0014973 seconds, Stopping threads took: 0,0013971 seconds
2017-05-15T08:53:22.229+0200: 3,555: Total time for which application threads were stopped: 0,0028993 seconds, Stopping threads took: 0,0028113 seconds
{Heap before GC invocations=5 (full 1):
 par new generation   total 109248K, used 99802K [0x00000000e0000000, 0x00000000e8000000, 0x00000000e8000000)
  eden space 87424K, 100% used [0x00000000e0000000, 0x00000000e5560000, 0x00000000e5560000)
  from space 21824K,  56% used [0x00000000e6ab0000, 0x00000000e76c6a18, 0x00000000e8000000)
  to   space 21824K,   0% used [0x00000000e5560000, 0x00000000e5560000, 0x00000000e6ab0000)
 concurrent mark-sweep generation total 393216K, used 0K [0x00000000e8000000, 0x0000000100000000, 0x0000000100000000)
 Metaspace       used 23819K, capacity 24306K, committed 24540K, reserved 1071104K
  class space    used 2793K, capacity 2982K, committed 3016K, reserved 1048576K
2017-05-15T08:53:22.234+0200: 3,561: [GC (Allocation Failure) 2017-05-15T08:53:22.234+0200: 3,561: [ParNew
Desired survivor size 20112992 bytes, new threshold 8 (max 8)
- age   1:    5077744 bytes,    5077744 total
- age   2:     130896 bytes,    5208640 total
- age   3:     185344 bytes,    5393984 total
- age   4:     292376 bytes,    5686360 total
- age   5:     784432 bytes,    6470792 total
- age   6:    6657424 bytes,   13128216 total
: 99802K->16681K(109248K), 0,0173567 secs] 99802K->16681K(502464K), 0,0174342 secs] [Times: user=0,05 sys=0,01, real=0,02 secs] 
Heap after GC invocations=6 (full 1):
 par new generation   total 109248K, used 16681K [0x00000000e0000000, 0x00000000e8000000, 0x00000000e8000000)
  eden space 87424K,   0% used [0x00000000e0000000, 0x00000000e0000000, 0x00000000e5560000)
  from space 21824K,  76% used [0x00000000e5560000, 0x00000000e65aa680, 0x00000000e6ab0000)
  to   space 21824K,   0% used [0x00000000e6ab0000, 0x00000000e6ab0000, 0x00000000e8000000)
 concurrent mark-sweep generation total 393216K, used 0K [0x00000000e8000000, 0x0000000100000000, 0x0000000100000000)
 Metaspace       used 23819K, capacity 24306K, committed 24540K, reserved 1071104K
  class space    used 2793K, capacity 2982K, committed 3016K, reserved 1048576K
}
2017-05-15T08:53:22.252+0200: 3,578: Total time for which application threads were stopped: 0,0186930 seconds, Stopping threads took: 0,0011194 seconds
2017-05-15T08:53:22.252+0200: 3,578: [CMS-concurrent-abortable-preclean: 0,428/0,740 secs] [Times: user=2,69 sys=0,04, real=0,74 secs] 
2017-05-15T08:53:22.254+0200: 3,581: [GC (CMS Final Remark) [YG occupancy: 17924 K (109248 K)]{Heap before GC invocations=6 (full 1):
 par new generation   total 109248K, used 17924K [0x00000000e0000000, 0x00000000e8000000, 0x00000000e8000000)
  eden space 87424K,   1% used [0x00000000e0000000, 0x00000000e0136ab8, 0x00000000e5560000)
  from space 21824K,  76% used [0x00000000e5560000, 0x00000000e65aa680, 0x00000000e6ab0000)
  to   space 21824K,   0% used [0x00000000e6ab0000, 0x00000000e6ab0000, 0x00000000e8000000)
 concurrent mark-sweep generation total 393216K, used 0K [0x00000000e8000000, 0x0000000100000000, 0x0000000100000000)
 Metaspace       used 23824K, capacity 24306K, committed 24540K, reserved 1071104K
  class space    used 2794K, capacity 2982K, committed 3016K, reserved 1048576K
2017-05-15T08:53:22.254+0200: 3,581: [GC (CMS Final Remark) 2017-05-15T08:53:22.254+0200: 3,581: [ParNew
Desired survivor size 20112992 bytes, new threshold 8 (max 8)
- age   1:     149208 bytes,     149208 total
- age   2:    5010216 bytes,    5159424 total
- age   3:     130896 bytes,    5290320 total
- age   4:     185344 bytes,    5475664 total
- age   5:     292376 bytes,    5768040 total
- age   6:     784432 bytes,    6552472 total
- age   7:    6657240 bytes,   13209712 total
: 17924K->17231K(109248K), 0,0104222 secs] 17924K->17231K(502464K), 0,0104578 secs] [Times: user=0,04 sys=0,00, real=0,01 secs] 
Heap after GC invocations=7 (full 1):
 par new generation   total 109248K, used 17231K [0x00000000e0000000, 0x00000000e8000000, 0x00000000e8000000)
  eden space 87424K,   0% used [0x00000000e0000000, 0x00000000e0000000, 0x00000000e5560000)
  from space 21824K,  78% used [0x00000000e6ab0000, 0x00000000e7b83fd0, 0x00000000e8000000)
  to   space 21824K,   0% used [0x00000000e5560000, 0x00000000e5560000, 0x00000000e6ab0000)
 concurrent mark-sweep generation total 393216K, used 0K [0x00000000e8000000, 0x0000000100000000, 0x0000000100000000)
 Metaspace       used 23824K, capacity 24306K, committed 24540K, reserved 1071104K
  class space    used 2794K, capacity 2982K, committed 3016K, reserved 1048576K
}
2017-05-15T08:53:22.265+0200: 3,591: [Rescan (parallel) , 0,0037511 secs]2017-05-15T08:53:22.268+0200: 3,595: [weak refs processing, 0,0008949 secs]2017-05-15T08:53:22.269+0200: 3,596: [class unloading, 0,0033220 secs]2017-05-15T08:53:22.273+0200: 3,599: [scrub symbol table, 0,0030553 secs]2017-05-15T08:53:22.276+0200: 3,602: [scrub string table, 0,0004112 secs][1 CMS-remark: 0K(393216K)] 17231K(502464K), 0,0227466 secs] [Times: user=0,07 sys=0,00, real=0,02 secs] 
2017-05-15T08:53:22.277+0200: 3,604: Total time for which application threads were stopped: 0,0240579 seconds, Stopping threads took: 0,0012265 seconds
2017-05-15T08:53:22.282+0200: 3,609: [CMS-concurrent-sweep-start]
2017-05-15T08:53:22.282+0200: 3,609: [CMS-concurrent-sweep: 0,000/0,000 secs] [Times: user=0,00 sys=0,00, real=0,00 secs] 
2017-05-15T08:53:22.282+0200: 3,609: [CMS-concurrent-reset-start]
2017-05-15T08:53:22.285+0200: 3,612: [CMS-concurrent-reset: 0,003/0,003 secs] [Times: user=0,01 sys=0,00, real=0,00 secs] 
{Heap before GC invocations=7 (full 1):
 par new generation   total 109248K, used 104655K [0x00000000e0000000, 0x00000000e8000000, 0x00000000e8000000)
  eden space 87424K, 100% used [0x00000000e0000000, 0x00000000e5560000, 0x00000000e5560000)
  from space 21824K,  78% used [0x00000000e6ab0000, 0x00000000e7b83fd0, 0x00000000e8000000)
  to   space 21824K,   0% used [0x00000000e5560000, 0x00000000e5560000, 0x00000000e6ab0000)
 concurrent mark-sweep generation total 393216K, used 0K [0x00000000e8000000, 0x0000000100000000, 0x0000000100000000)
 Metaspace       used 24427K, capacity 24894K, committed 25180K, reserved 1071104K
  class space    used 2860K, capacity 3048K, committed 3144K, reserved 1048576K
2017-05-15T08:53:22.373+0200: 3,700: [GC (Allocation Failure) 2017-05-15T08:53:22.373+0200: 3,700: [ParNew
Desired survivor size 20112992 bytes, new threshold 8 (max 8)
- age   1:    2149576 bytes,    2149576 total
- age   2:       5304 bytes,    2154880 total
- age   3:    1765024 bytes,    3919904 total
- age   4:      61416 bytes,    3981320 total
- age   5:      99184 bytes,    4080504 total
- age   6:     197880 bytes,    4278384 total
- age   7:     740216 bytes,    5018600 total
- age   8:    6122600 bytes,   11141200 total
: 104655K->14761K(109248K), 0,0243720 secs] 104655K->14761K(502464K), 0,0244455 secs] [Times: user=0,07 sys=0,00, real=0,02 secs] 
Heap after GC invocations=8 (full 1):
 par new generation   total 109248K, used 14761K [0x00000000e0000000, 0x00000000e8000000, 0x00000000e8000000)
  eden space 87424K,   0% used [0x00000000e0000000, 0x00000000e0000000, 0x00000000e5560000)
  from space 21824K,  67% used [0x00000000e5560000, 0x00000000e63ca678, 0x00000000e6ab0000)
  to   space 21824K,   0% used [0x00000000e6ab0000, 0x00000000e6ab0000, 0x00000000e8000000)
 concurrent mark-sweep generation total 393216K, used 0K [0x00000000e8000000, 0x0000000100000000, 0x0000000100000000)
 Metaspace       used 24427K, capacity 24894K, committed 25180K, reserved 1071104K
  class space    used 2860K, capacity 3048K, committed 3144K, reserved 1048576K
}
2017-05-15T08:53:22.398+0200: 3,725: Total time for which application threads were stopped: 0,0251740 seconds, Stopping threads took: 0,0005161 seconds
{Heap before GC invocations=8 (full 1):
 par new generation   total 109248K, used 102185K [0x00000000e0000000, 0x00000000e8000000, 0x00000000e8000000)
  eden space 87424K, 100% used [0x00000000e0000000, 0x00000000e5560000, 0x00000000e5560000)
  from space 21824K,  67% used [0x00000000e5560000, 0x00000000e63ca678, 0x00000000e6ab0000)
  to   space 21824K,   0% used [0x00000000e6ab0000, 0x00000000e6ab0000, 0x00000000e8000000)
 concurrent mark-sweep generation total 393216K, used 0K [0x00000000e8000000, 0x0000000100000000, 0x0000000100000000)
 Metaspace       used 25011K, capacity 25528K, committed 25668K, reserved 1071104K
  class space    used 2910K, capacity 3085K, committed 3144K, reserved 1048576K
2017-05-15T08:53:22.552+0200: 3,879: [GC (Allocation Failure) 2017-05-15T08:53:22.552+0200: 3,879: [ParNew
Desired survivor size 20112992 bytes, new threshold 8 (max 8)
- age   1:     851520 bytes,     851520 total
- age   2:    1000960 bytes,    1852480 total
- age   3:        856 bytes,    1853336 total
- age   4:    1739544 bytes,    3592880 total
- age   5:      61384 bytes,    3654264 total
- age   6:      98984 bytes,    3753248 total
- age   7:     194552 bytes,    3947800 total
- age   8:     738648 bytes,    4686448 total
: 102185K->8580K(109248K), 0,0318780 secs] 102185K->14641K(502464K), 0,0319768 secs] [Times: user=0,10 sys=0,00, real=0,03 secs] 
Heap after GC invocations=9 (full 1):
 par new generation   total 109248K, used 8580K [0x00000000e0000000, 0x00000000e8000000, 0x00000000e8000000)
  eden space 87424K,   0% used [0x00000000e0000000, 0x00000000e0000000, 0x00000000e5560000)
  from space 21824K,  39% used [0x00000000e6ab0000, 0x00000000e7311150, 0x00000000e8000000)
  to   space 21824K,   0% used [0x00000000e5560000, 0x00000000e5560000, 0x00000000e6ab0000)
 concurrent mark-sweep generation total 393216K, used 6061K [0x00000000e8000000, 0x0000000100000000, 0x0000000100000000)
 Metaspace       used 25011K, capacity 25528K, committed 25668K, reserved 1071104K
  class space    used 2910K, capacity 3085K, committed 3144K, reserved 1048576K
}
2017-05-15T08:53:22.584+0200: 3,911: Total time for which application threads were stopped: 0,0322376 seconds, Stopping threads took: 0,0000844 seconds
2017-05-15T08:53:22.713+0200: 4,040: Total time for which application threads were stopped: 0,0007231 seconds, Stopping threads took: 0,0003015 seconds
2017-05-15T08:53:22.724+0200: 4,051: Total time for which application threads were stopped: 0,0004411 seconds, Stopping threads took: 0,0001025 seconds
2017-05-15T08:53:22.740+0200: 4,067: Total time for which application threads were stopped: 0,0022415 seconds, Stopping threads took: 0,0021492 seconds
2017-05-15T08:53:22.746+0200: 4,073: Total time for which application threads were stopped: 0,0010848 seconds, Stopping threads took: 0,0009802 seconds
2017-05-15T08:53:22.763+0200: 4,089: Total time for which application threads were stopped: 0,0005135 seconds, Stopping threads took: 0,0004248 seconds
2017-05-15T08:53:22.767+0200: 4,094: Total time for which application threads were stopped: 0,0001561 seconds, Stopping threads took: 0,0000703 seconds
2017-05-15T08:53:22.768+0200: 4,095: Total time for which application threads were stopped: 0,0000975 seconds, Stopping threads took: 0,0000202 seconds
2017-05-15T08:53:22.770+0200: 4,097: Total time for which application threads were stopped: 0,0002065 seconds, Stopping threads took: 0,0001046 seconds
2017-05-15T08:53:22.786+0200: 4,113: Total time for which application threads were stopped: 0,0035170 seconds, Stopping threads took: 0,0034479 seconds
2017-05-15T08:53:22.789+0200: 4,115: Total time for which application threads were stopped: 0,0001068 seconds, Stopping threads took: 0,0000213 seconds
2017-05-15T08:53:22.789+0200: 4,116: Total time for which application threads were stopped: 0,0000786 seconds, Stopping threads took: 0,0000169 seconds
2017-05-15T08:53:22.806+0200: 4,133: Total time for which application threads were stopped: 0,0018735 seconds, Stopping threads took: 0,0017941 seconds
2017-05-15T08:53:22.811+0200: 4,137: Total time for which application threads were stopped: 0,0001333 seconds, Stopping threads took: 0,0000647 seconds
2017-05-15T08:53:22.822+0200: 4,149: Total time for which application threads were stopped: 0,0001424 seconds, Stopping threads took: 0,0000271 seconds
2017-05-15T08:53:22.824+0200: 4,151: Total time for which application threads were stopped: 0,0001339 seconds, Stopping threads took: 0,0000408 seconds
2017-05-15T08:53:22.827+0200: 4,154: Total time for which application threads were stopped: 0,0004399 seconds, Stopping threads took: 0,0000463 seconds
2017-05-15T08:53:22.830+0200: 4,157: Total time for which application threads were stopped: 0,0008588 seconds, Stopping threads took: 0,0007795 seconds
2017-05-15T08:53:22.831+0200: 4,158: Total time for which application threads were stopped: 0,0000884 seconds, Stopping threads took: 0,0000157 seconds
2017-05-15T08:53:22.840+0200: 4,167: Total time for which application threads were stopped: 0,0001944 seconds, Stopping threads took: 0,0000949 seconds
2017-05-15T08:53:22.841+0200: 4,168: Total time for which application threads were stopped: 0,0003423 seconds, Stopping threads took: 0,0000112 seconds
2017-05-15T08:53:22.843+0200: 4,169: Total time for which application threads were stopped: 0,0000895 seconds, Stopping threads took: 0,0000330 seconds
2017-05-15T08:53:22.845+0200: 4,172: Total time for which application threads were stopped: 0,0001194 seconds, Stopping threads took: 0,0000367 seconds
2017-05-15T08:53:22.847+0200: 4,173: Total time for which application threads were stopped: 0,0001189 seconds, Stopping threads took: 0,0000320 seconds
2017-05-15T08:53:22.849+0200: 4,176: Total time for which application threads were stopped: 0,0000855 seconds, Stopping threads took: 0,0000177 seconds
2017-05-15T08:53:22.854+0200: 4,181: Total time for which application threads were stopped: 0,0001016 seconds, Stopping threads took: 0,0000195 seconds
2017-05-15T08:53:22.855+0200: 4,181: Total time for which application threads were stopped: 0,0000736 seconds, Stopping threads took: 0,0000143 seconds
2017-05-15T08:53:22.855+0200: 4,182: Total time for which application threads were stopped: 0,0001167 seconds, Stopping threads took: 0,0000097 seconds
2017-05-15T08:53:22.895+0200: 4,222: Total time for which application threads were stopped: 0,0003604 seconds, Stopping threads took: 0,0000216 seconds
2017-05-15T08:53:22.905+0200: 4,232: Total time for which application threads were stopped: 0,0035649 seconds, Stopping threads took: 0,0034770 seconds
2017-05-15T08:53:22.912+0200: 4,239: Total time for which application threads were stopped: 0,0001098 seconds, Stopping threads took: 0,0000368 seconds
2017-05-15T08:53:22.918+0200: 4,244: Total time for which application threads were stopped: 0,0001543 seconds, Stopping threads took: 0,0000813 seconds
2017-05-15T08:53:22.919+0200: 4,245: Total time for which application threads were stopped: 0,0000989 seconds, Stopping threads took: 0,0000462 seconds
2017-05-15T08:53:22.919+0200: 4,246: Total time for which application threads were stopped: 0,0001019 seconds, Stopping threads took: 0,0000355 seconds
2017-05-15T08:53:22.920+0200: 4,246: Total time for which application threads were stopped: 0,0000799 seconds, Stopping threads took: 0,0000295 seconds
2017-05-15T08:53:22.920+0200: 4,247: Total time for which application threads were stopped: 0,0000832 seconds, Stopping threads took: 0,0000274 seconds
2017-05-15T08:53:22.922+0200: 4,249: Total time for which application threads were stopped: 0,0008799 seconds, Stopping threads took: 0,0007960 seconds
2017-05-15T08:53:22.922+0200: 4,249: Total time for which application threads were stopped: 0,0000907 seconds, Stopping threads took: 0,0000256 seconds
2017-05-15T08:53:22.923+0200: 4,249: Total time for which application threads were stopped: 0,0000680 seconds, Stopping threads took: 0,0000181 seconds
2017-05-15T08:53:22.923+0200: 4,250: Total time for which application threads were stopped: 0,0006909 seconds, Stopping threads took: 0,0006353 seconds
2017-05-15T08:53:22.923+0200: 4,250: Total time for which application threads were stopped: 0,0000693 seconds, Stopping threads took: 0,0000177 seconds
2017-05-15T08:53:22.924+0200: 4,250: Total time for which application threads were stopped: 0,0000586 seconds, Stopping threads took: 0,0000125 seconds
2017-05-15T08:53:22.924+0200: 4,251: Total time for which application threads were stopped: 0,0000480 seconds, Stopping threads took: 0,0000090 seconds
2017-05-15T08:53:22.924+0200: 4,251: Total time for which application threads were stopped: 0,0000541 seconds, Stopping threads took: 0,0000130 seconds
2017-05-15T08:53:22.924+0200: 4,251: Total time for which application threads were stopped: 0,0000416 seconds, Stopping threads took: 0,0000086 seconds
2017-05-15T08:53:22.924+0200: 4,251: Total time for which application threads were stopped: 0,0000383 seconds, Stopping threads took: 0,0000079 seconds
2017-05-15T08:53:22.925+0200: 4,251: Total time for which application threads were stopped: 0,0001142 seconds, Stopping threads took: 0,0000748 seconds
2017-05-15T08:53:22.926+0200: 4,253: Total time for which application threads were stopped: 0,0001023 seconds, Stopping threads took: 0,0000348 seconds
2017-05-15T08:53:22.930+0200: 4,257: Total time for which application threads were stopped: 0,0036742 seconds, Stopping threads took: 0,0036029 seconds
2017-05-15T08:53:22.930+0200: 4,257: Total time for which application threads were stopped: 0,0000854 seconds, Stopping threads took: 0,0000141 seconds
2017-05-15T08:53:22.930+0200: 4,257: Total time for which application threads were stopped: 0,0000856 seconds, Stopping threads took: 0,0000229 seconds
2017-05-15T08:53:22.931+0200: 4,257: Total time for which application threads were stopped: 0,0000831 seconds, Stopping threads took: 0,0000270 seconds
2017-05-15T08:53:22.931+0200: 4,258: Total time for which application threads were stopped: 0,0001218 seconds, Stopping threads took: 0,0000213 seconds
2017-05-15T08:53:22.938+0200: 4,265: Total time for which application threads were stopped: 0,0012685 seconds, Stopping threads took: 0,0011947 seconds
2017-05-15T08:53:22.942+0200: 4,268: Total time for which application threads were stopped: 0,0001342 seconds, Stopping threads took: 0,0000493 seconds
2017-05-15T08:53:22.947+0200: 4,273: Total time for which application threads were stopped: 0,0001449 seconds, Stopping threads took: 0,0000715 seconds
2017-05-15T08:53:22.965+0200: 4,292: Total time for which application threads were stopped: 0,0001461 seconds, Stopping threads took: 0,0000482 seconds
2017-05-15T08:53:22.976+0200: 4,303: Total time for which application threads were stopped: 0,0002109 seconds, Stopping threads took: 0,0000768 seconds
2017-05-15T08:53:23.007+0200: 4,333: Total time for which application threads were stopped: 0,0011512 seconds, Stopping threads took: 0,0010588 seconds
2017-05-15T08:53:23.027+0200: 4,353: Total time for which application threads were stopped: 0,0001530 seconds, Stopping threads took: 0,0000895 seconds
2017-05-15T08:53:23.038+0200: 4,365: Total time for which application threads were stopped: 0,0000985 seconds, Stopping threads took: 0,0000362 seconds
2017-05-15T08:53:23.039+0200: 4,366: Total time for which application threads were stopped: 0,0004081 seconds, Stopping threads took: 0,0000153 seconds
2017-05-15T08:53:23.039+0200: 4,366: Total time for which application threads were stopped: 0,0001273 seconds, Stopping threads took: 0,0000754 seconds
2017-05-15T08:53:23.043+0200: 4,370: Total time for which application threads were stopped: 0,0001209 seconds, Stopping threads took: 0,0000381 seconds
2017-05-15T08:53:24.044+0200: 5,370: Total time for which application threads were stopped: 0,0000763 seconds, Stopping threads took: 0,0000188 seconds
2017-05-15T08:53:40.046+0200: 21,373: Total time for which application threads were stopped: 0,0000660 seconds, Stopping threads took: 0,0000198 seconds
2017-05-15T08:53:41.046+0200: 22,373: Total time for which application threads were stopped: 0,0000704 seconds, Stopping threads took: 0,0000176 seconds
2017-05-15T08:53:51.048+0200: 32,374: Total time for which application threads were stopped: 0,0001619 seconds, Stopping threads took: 0,0000452 seconds
2017-05-15T08:55:21.059+0200: 122,385: Total time for which application threads were stopped: 0,0000857 seconds, Stopping threads took: 0,0000388 seconds
{Heap before GC invocations=9 (full 1):
 par new generation   total 109248K, used 96004K [0x00000000e0000000, 0x00000000e8000000, 0x00000000e8000000)
  eden space 87424K, 100% used [0x00000000e0000000, 0x00000000e5560000, 0x00000000e5560000)
  from space 21824K,  39% used [0x00000000e6ab0000, 0x00000000e7311150, 0x00000000e8000000)
  to   space 21824K,   0% used [0x00000000e5560000, 0x00000000e5560000, 0x00000000e6ab0000)
 concurrent mark-sweep generation total 393216K, used 6061K [0x00000000e8000000, 0x0000000100000000, 0x0000000100000000)
 Metaspace       used 28018K, capacity 28566K, committed 28740K, reserved 1075200K
  class space    used 3214K, capacity 3390K, committed 3400K, reserved 1048576K
2017-05-15T08:56:14.736+0200: 176,062: [GC (Allocation Failure) 2017-05-15T08:56:14.736+0200: 176,062: [ParNew
Desired survivor size 20112992 bytes, new threshold 8 (max 8)
- age   1:   10709376 bytes,   10709376 total
- age   2:     291856 bytes,   11001232 total
- age   3:     221600 bytes,   11222832 total
- age   4:        856 bytes,   11223688 total
- age   5:    1734736 bytes,   12958424 total
- age   6:      61384 bytes,   13019808 total
- age   7:      98856 bytes,   13118664 total
- age   8:     194456 bytes,   13313120 total
: 96004K->14128K(109248K), 0,0134168 secs] 102065K->20995K(502464K), 0,0134937 secs] [Times: user=0,04 sys=0,00, real=0,02 secs] 
Heap after GC invocations=10 (full 1):
 par new generation   total 109248K, used 14128K [0x00000000e0000000, 0x00000000e8000000, 0x00000000e8000000)
  eden space 87424K,   0% used [0x00000000e0000000, 0x00000000e0000000, 0x00000000e5560000)
  from space 21824K,  64% used [0x00000000e5560000, 0x00000000e632c350, 0x00000000e6ab0000)
  to   space 21824K,   0% used [0x00000000e6ab0000, 0x00000000e6ab0000, 0x00000000e8000000)
 concurrent mark-sweep generation total 393216K, used 6866K [0x00000000e8000000, 0x0000000100000000, 0x0000000100000000)
 Metaspace       used 28018K, capacity 28566K, committed 28740K, reserved 1075200K
  class space    used 3214K, capacity 3390K, committed 3400K, reserved 1048576K
}
2017-05-15T08:56:14.749+0200: 176,076: Total time for which application threads were stopped: 0,0136513 seconds, Stopping threads took: 0,0000385 seconds
2017-05-15T08:56:14.750+0200: 176,077: Total time for which application threads were stopped: 0,0000767 seconds, Stopping threads took: 0,0000318 seconds
2017-05-15T08:56:14.750+0200: 176,077: Total time for which application threads were stopped: 0,0000500 seconds, Stopping threads took: 0,0000274 seconds
2017-05-15T08:56:19.751+0200: 181,078: Total time for which application threads were stopped: 0,0000621 seconds, Stopping threads took: 0,0000163 seconds
2017-05-15T08:57:45.761+0200: 267,088: Total time for which application threads were stopped: 0,0001638 seconds, Stopping threads took: 0,0000664 seconds
2017-05-15T08:57:49.762+0200: 271,089: Total time for which application threads were stopped: 0,0002190 seconds, Stopping threads took: 0,0001471 seconds
2017-05-15T08:57:50.762+0200: 272,089: Total time for which application threads were stopped: 0,0000990 seconds, Stopping threads took: 0,0000372 seconds
2017-05-15T09:16:44.879+0200: 1406,206: Total time for which application threads were stopped: 0,0001565 seconds, Stopping threads took: 0,0000511 seconds
2017-05-15T09:21:19.908+0200: 1681,234: Total time for which application threads were stopped: 0,0004250 seconds, Stopping threads took: 0,0001636 seconds
2017-05-15T09:31:39.973+0200: 2301,300: Total time for which application threads were stopped: 0,0000850 seconds, Stopping threads took: 0,0000343 seconds
2017-05-15T09:31:40.974+0200: 2302,300: Total time for which application threads were stopped: 0,0000842 seconds, Stopping threads took: 0,0000214 seconds
2017-05-15T09:46:36.071+0200: 3197,398: Total time for which application threads were stopped: 0,0005101 seconds, Stopping threads took: 0,0001811 seconds
2017-05-15T09:59:55.154+0200: 3996,481: Total time for which application threads were stopped: 0,0006036 seconds, Stopping threads took: 0,0001771 seconds
2017-05-15T10:01:00.162+0200: 4061,488: Total time for which application threads were stopped: 0,0000807 seconds, Stopping threads took: 0,0000356 seconds
2017-05-15T10:11:36.225+0200: 4697,551: Total time for which application threads were stopped: 0,0000858 seconds, Stopping threads took: 0,0000367 seconds
2017-05-15T10:11:41.225+0200: 4702,552: Total time for which application threads were stopped: 0,0000854 seconds, Stopping threads took: 0,0000334 seconds
2017-05-15T10:37:41.387+0200: 6262,713: Total time for which application threads were stopped: 0,0000755 seconds, Stopping threads took: 0,0000285 seconds
2017-05-15T10:55:20.505+0200: 7321,832: Total time for which application threads were stopped: 0,0001050 seconds, Stopping threads took: 0,0000417 seconds
2017-05-15T11:01:20.550+0200: 7681,877: Total time for which application threads were stopped: 0,0000786 seconds, Stopping threads took: 0,0000285 seconds
2017-05-15T11:01:50.553+0200: 7711,880: Total time for which application threads were stopped: 0,0000859 seconds, Stopping threads took: 0,0000373 seconds
2017-05-15T13:00:40.833+0200: 14842,160: Total time for which application threads were stopped: 0,0115767 seconds, Stopping threads took: 0,0114563 seconds
2017-05-15T13:00:40.833+0200: 14842,160: Total time for which application threads were stopped: 0,0000879 seconds, Stopping threads took: 0,0000350 seconds
2017-05-15T13:00:40.834+0200: 14842,161: Total time for which application threads were stopped: 0,0001277 seconds, Stopping threads took: 0,0000510 seconds
2017-05-15T13:00:40.835+0200: 14842,162: Total time for which application threads were stopped: 0,0001123 seconds, Stopping threads took: 0,0000370 seconds
2017-05-15T13:00:40.840+0200: 14842,166: Total time for which application threads were stopped: 0,0000887 seconds, Stopping threads took: 0,0000288 seconds
2017-05-15T13:00:40.840+0200: 14842,166: Total time for which application threads were stopped: 0,0000496 seconds, Stopping threads took: 0,0000181 seconds
2017-05-15T13:00:40.840+0200: 14842,166: Total time for which application threads were stopped: 0,0000436 seconds, Stopping threads took: 0,0000141 seconds
2017-05-15T13:00:40.840+0200: 14842,167: Total time for which application threads were stopped: 0,0000437 seconds, Stopping threads took: 0,0000123 seconds
2017-05-15T13:00:40.840+0200: 14842,167: Total time for which application threads were stopped: 0,0000474 seconds, Stopping threads took: 0,0000125 seconds
2017-05-15T13:00:40.840+0200: 14842,167: Total time for which application threads were stopped: 0,0000860 seconds, Stopping threads took: 0,0000502 seconds
2017-05-15T13:00:40.842+0200: 14842,169: Total time for which application threads were stopped: 0,0001466 seconds, Stopping threads took: 0,0000793 seconds
2017-05-15T13:00:40.842+0200: 14842,169: Total time for which application threads were stopped: 0,0000443 seconds, Stopping threads took: 0,0000141 seconds
2017-05-15T13:00:40.842+0200: 14842,169: Total time for which application threads were stopped: 0,0000447 seconds, Stopping threads took: 0,0000133 seconds
2017-05-15T13:00:40.843+0200: 14842,169: Total time for which application threads were stopped: 0,0000645 seconds, Stopping threads took: 0,0000166 seconds
2017-05-15T13:00:40.843+0200: 14842,169: Total time for which application threads were stopped: 0,0000436 seconds, Stopping threads took: 0,0000145 seconds
2017-05-15T13:00:40.843+0200: 14842,169: Total time for which application threads were stopped: 0,0000435 seconds, Stopping threads took: 0,0000115 seconds
2017-05-15T13:00:40.843+0200: 14842,169: Total time for which application threads were stopped: 0,0000410 seconds, Stopping threads took: 0,0000135 seconds
2017-05-15T13:00:40.843+0200: 14842,170: Total time for which application threads were stopped: 0,0000400 seconds, Stopping threads took: 0,0000125 seconds
2017-05-15T13:00:40.843+0200: 14842,170: Total time for which application threads were stopped: 0,0000714 seconds, Stopping threads took: 0,0000140 seconds
2017-05-15T13:00:40.843+0200: 14842,170: Total time for which application threads were stopped: 0,0000410 seconds, Stopping threads took: 0,0000115 seconds
2017-05-15T13:00:40.843+0200: 14842,170: Total time for which application threads were stopped: 0,0000389 seconds, Stopping threads took: 0,0000110 seconds
2017-05-15T13:00:40.843+0200: 14842,170: Total time for which application threads were stopped: 0,0000377 seconds, Stopping threads took: 0,0000112 seconds
2017-05-15T13:00:40.905+0200: 14842,231: Total time for which application threads were stopped: 0,0057104 seconds, Stopping threads took: 0,0056335 seconds
2017-05-15T13:00:40.905+0200: 14842,231: Total time for which application threads were stopped: 0,0000537 seconds, Stopping threads took: 0,0000113 seconds
2017-05-15T13:00:40.905+0200: 14842,232: Total time for which application threads were stopped: 0,0000371 seconds, Stopping threads took: 0,0000083 seconds
2017-05-15T13:00:40.905+0200: 14842,232: Total time for which application threads were stopped: 0,0000332 seconds, Stopping threads took: 0,0000046 seconds
2017-05-15T13:00:40.905+0200: 14842,232: Total time for which application threads were stopped: 0,0000339 seconds, Stopping threads took: 0,0000044 seconds
2017-05-15T13:00:40.905+0200: 14842,232: Total time for which application threads were stopped: 0,0000314 seconds, Stopping threads took: 0,0000045 seconds
2017-05-15T13:00:40.905+0200: 14842,232: Total time for which application threads were stopped: 0,0000647 seconds, Stopping threads took: 0,0000043 seconds
2017-05-15T13:00:40.905+0200: 14842,232: Total time for which application threads were stopped: 0,0000307 seconds, Stopping threads took: 0,0000048 seconds
2017-05-15T13:00:40.905+0200: 14842,232: Total time for which application threads were stopped: 0,0000313 seconds, Stopping threads took: 0,0000044 seconds
2017-05-15T13:00:40.906+0200: 14842,233: Total time for which application threads were stopped: 0,0000729 seconds, Stopping threads took: 0,0000167 seconds
2017-05-15T13:00:40.906+0200: 14842,233: Total time for which application threads were stopped: 0,0000326 seconds, Stopping threads took: 0,0000046 seconds
2017-05-15T13:00:40.906+0200: 14842,233: Total time for which application threads were stopped: 0,0000319 seconds, Stopping threads took: 0,0000045 seconds
2017-05-15T13:00:40.906+0200: 14842,233: Total time for which application threads were stopped: 0,0000321 seconds, Stopping threads took: 0,0000045 seconds
2017-05-15T13:00:40.906+0200: 14842,233: Total time for which application threads were stopped: 0,0000325 seconds, Stopping threads took: 0,0000045 seconds
2017-05-15T13:00:40.906+0200: 14842,233: Total time for which application threads were stopped: 0,0000312 seconds, Stopping threads took: 0,0000042 seconds
2017-05-15T13:00:40.917+0200: 14842,244: Total time for which application threads were stopped: 0,0006651 seconds, Stopping threads took: 0,0005982 seconds
2017-05-15T13:00:40.917+0200: 14842,244: Total time for which application threads were stopped: 0,0000439 seconds, Stopping threads took: 0,0000113 seconds
2017-05-15T13:00:40.919+0200: 14842,246: Total time for which application threads were stopped: 0,0011088 seconds, Stopping threads took: 0,0010252 seconds
2017-05-15T13:00:40.920+0200: 14842,246: Total time for which application threads were stopped: 0,0003428 seconds, Stopping threads took: 0,0002791 seconds
2017-05-15T13:00:40.926+0200: 14842,253: Total time for which application threads were stopped: 0,0001320 seconds, Stopping threads took: 0,0000395 seconds
2017-05-15T13:00:40.926+0200: 14842,253: Total time for which application threads were stopped: 0,0000390 seconds, Stopping threads took: 0,0000066 seconds
2017-05-15T13:00:40.926+0200: 14842,253: Total time for which application threads were stopped: 0,0000479 seconds, Stopping threads took: 0,0000161 seconds
2017-05-15T13:00:40.926+0200: 14842,253: Total time for which application threads were stopped: 0,0000400 seconds, Stopping threads took: 0,0000132 seconds
2017-05-15T13:00:40.926+0200: 14842,253: Total time for which application threads were stopped: 0,0000415 seconds, Stopping threads took: 0,0000153 seconds
2017-05-15T13:00:40.926+0200: 14842,253: Total time for which application threads were stopped: 0,0000419 seconds, Stopping threads took: 0,0000134 seconds
2017-05-15T13:00:40.927+0200: 14842,253: Total time for which application threads were stopped: 0,0000440 seconds, Stopping threads took: 0,0000135 seconds
2017-05-15T13:00:40.927+0200: 14842,254: Total time for which application threads were stopped: 0,0001091 seconds, Stopping threads took: 0,0000443 seconds
2017-05-15T13:00:40.927+0200: 14842,254: Total time for which application threads were stopped: 0,0000434 seconds, Stopping threads took: 0,0000119 seconds
2017-05-15T13:00:40.929+0200: 14842,255: Total time for which application threads were stopped: 0,0000883 seconds, Stopping threads took: 0,0000279 seconds
2017-05-15T13:00:40.929+0200: 14842,256: Total time for which application threads were stopped: 0,0000647 seconds, Stopping threads took: 0,0000215 seconds
2017-05-15T13:00:40.929+0200: 14842,256: Total time for which application threads were stopped: 0,0000530 seconds, Stopping threads took: 0,0000178 seconds
2017-05-15T13:00:40.929+0200: 14842,256: Total time for which application threads were stopped: 0,0000446 seconds, Stopping threads took: 0,0000136 seconds
2017-05-15T13:00:40.929+0200: 14842,256: Total time for which application threads were stopped: 0,0000463 seconds, Stopping threads took: 0,0000165 seconds
2017-05-15T13:00:40.930+0200: 14842,257: Total time for which application threads were stopped: 0,0000776 seconds, Stopping threads took: 0,0000235 seconds
2017-05-15T13:00:40.930+0200: 14842,257: Total time for which application threads were stopped: 0,0000427 seconds, Stopping threads took: 0,0000121 seconds
2017-05-15T13:00:40.931+0200: 14842,257: Total time for which application threads were stopped: 0,0000629 seconds, Stopping threads took: 0,0000212 seconds
2017-05-15T13:00:40.931+0200: 14842,258: Total time for which application threads were stopped: 0,0000376 seconds, Stopping threads took: 0,0000060 seconds
2017-05-15T13:00:40.931+0200: 14842,258: Total time for which application threads were stopped: 0,0001524 seconds, Stopping threads took: 0,0000116 seconds
2017-05-15T13:00:40.932+0200: 14842,258: Total time for which application threads were stopped: 0,0000983 seconds, Stopping threads took: 0,0000287 seconds
2017-05-15T13:00:40.932+0200: 14842,259: Total time for which application threads were stopped: 0,0000455 seconds, Stopping threads took: 0,0000147 seconds
2017-05-15T13:00:40.933+0200: 14842,260: Total time for which application threads were stopped: 0,0001377 seconds, Stopping threads took: 0,0000347 seconds
2017-05-15T13:00:40.935+0200: 14842,262: Total time for which application threads were stopped: 0,0000973 seconds, Stopping threads took: 0,0000279 seconds
2017-05-15T13:00:40.938+0200: 14842,265: Total time for which application threads were stopped: 0,0001574 seconds, Stopping threads took: 0,0000288 seconds
Heap
 par new generation   total 109248K, used 33325K [0x00000000e0000000, 0x00000000e8000000, 0x00000000e8000000)
  eden space 87424K,  21% used [0x00000000e0000000, 0x00000000e12bf158, 0x00000000e5560000)
  from space 21824K,  64% used [0x00000000e5560000, 0x00000000e632c350, 0x00000000e6ab0000)
  to   space 21824K,   0% used [0x00000000e6ab0000, 0x00000000e6ab0000, 0x00000000e8000000)
 concurrent mark-sweep generation total 393216K, used 6866K [0x00000000e8000000, 0x0000000100000000, 0x0000000100000000)
 Metaspace       used 28169K, capacity 28670K, committed 28868K, reserved 1075200K
  class space    used 3228K, capacity 3424K, committed 3528K, reserved 1048576K
