OpenJDK 64-Bit Server VM (25.111-b14) for linux-amd64 JRE (1.8.0_111-8u111-b14-2ubuntu0.16.04.2-b14), built on Oct 27 2016 18:10:19 by "buildd" with gcc 5.4.0 20160609
Memory: 4k page, physical 7867876k(7466196k free), swap 8076284k(8076284k free)
CommandLine flags: -XX:CMSInitiatingOccupancyFraction=50 -XX:CMSMaxAbortablePrecleanTime=6000 -XX:+CMSParallelRemarkEnabled -XX:+CMSScavengeBeforeRemark -XX:ConcGCThreads=4 -XX:InitialHeapSize=536870912 -XX:MaxHeapSize=536870912 -XX:MaxTenuringThreshold=8 -XX:NewRatio=3 -XX:OldPLABSize=16 -XX:OnOutOfMemoryError=/opt/solr/bin/oom_solr.sh 8983 /var/solr/logs -XX:ParallelGCThreads=4 -XX:+ParallelRefProcEnabled -XX:PretenureSizeThreshold=67108864 -XX:+PrintGC -XX:+PrintGCApplicationStoppedTime -XX:+PrintGCDateStamps -XX:+PrintGCDetails -XX:+PrintGCTimeStamps -XX:+PrintHeapAtGC -XX:+PrintTenuringDistribution -XX:SurvivorRatio=4 -XX:TargetSurvivorRatio=90 -XX:ThreadStackSize=256 -XX:+UseCMSInitiatingOccupancyOnly -XX:+UseCompressedClassPointers -XX:+UseCompressedOops -XX:+UseConcMarkSweepGC -XX:+UseParNewGC 
2016-11-07T21:35:12.244+0100: 0,115: Total time for which application threads were stopped: 0,0000691 seconds, Stopping threads took: 0,0000153 seconds
2016-11-07T21:35:12.321+0100: 0,193: Total time for which application threads were stopped: 0,0000998 seconds, Stopping threads took: 0,0000138 seconds
2016-11-07T21:35:12.332+0100: 0,204: Total time for which application threads were stopped: 0,0001153 seconds, Stopping threads took: 0,0000325 seconds
2016-11-07T21:35:12.482+0100: 0,353: Total time for which application threads were stopped: 0,0001901 seconds, Stopping threads took: 0,0000187 seconds
2016-11-07T21:35:12.731+0100: 0,602: Total time for which application threads were stopped: 0,0001175 seconds, Stopping threads took: 0,0000104 seconds
2016-11-07T21:35:12.911+0100: 0,783: Total time for which application threads were stopped: 0,0001983 seconds, Stopping threads took: 0,0000259 seconds
2016-11-07T21:35:12.974+0100: 0,845: Total time for which application threads were stopped: 0,0001968 seconds, Stopping threads took: 0,0000325 seconds
2016-11-07T21:35:13.277+0100: 1,148: Total time for which application threads were stopped: 0,0001530 seconds, Stopping threads took: 0,0000160 seconds
2016-11-07T21:35:13.426+0100: 1,297: Total time for which application threads were stopped: 0,0002083 seconds, Stopping threads took: 0,0000183 seconds
2016-11-07T21:35:13.444+0100: 1,316: Total time for which application threads were stopped: 0,0001643 seconds, Stopping threads took: 0,0000180 seconds
2016-11-07T21:35:13.445+0100: 1,316: Total time for which application threads were stopped: 0,0001261 seconds, Stopping threads took: 0,0000205 seconds
2016-11-07T21:35:13.455+0100: 1,326: Total time for which application threads were stopped: 0,0001656 seconds, Stopping threads took: 0,0000234 seconds
2016-11-07T21:35:13.584+0100: 1,455: Total time for which application threads were stopped: 0,0002147 seconds, Stopping threads took: 0,0000215 seconds
2016-11-07T21:35:13.790+0100: 1,662: Total time for which application threads were stopped: 0,0038643 seconds, Stopping threads took: 0,0036602 seconds
2016-11-07T21:35:13.967+0100: 1,838: Total time for which application threads were stopped: 0,0002626 seconds, Stopping threads took: 0,0000680 seconds
{Heap before GC invocations=0 (full 0):
 par new generation   total 109248K, used 87431K [0x00000000e0000000, 0x00000000e8000000, 0x00000000e8000000)
  eden space 87424K, 100% used [0x00000000e0000000, 0x00000000e5560000, 0x00000000e5560000)
  from space 21824K,   0% used [0x00000000e5560000, 0x00000000e5561c10, 0x00000000e6ab0000)
  to   space 21824K,   0% used [0x00000000e6ab0000, 0x00000000e6ab0000, 0x00000000e8000000)
 concurrent mark-sweep generation total 393216K, used 0K [0x00000000e8000000, 0x0000000100000000, 0x0000000100000000)
 Metaspace       used 18023K, capacity 18302K, committed 18560K, reserved 1064960K
  class space    used 2044K, capacity 2162K, committed 2176K, reserved 1048576K
2016-11-07T21:35:13.967+0100: 1,838: [GC (GCLocker Initiated GC) 2016-11-07T21:35:13.967+0100: 1,838: [ParNew
Desired survivor size 20112992 bytes, new threshold 8 (max 8)
- age   1:   12854040 bytes,   12854040 total
: 87431K->12668K(109248K), 0,0248720 secs] 87431K->12668K(502464K), 0,0249602 secs] [Times: user=0,07 sys=0,00, real=0,03 secs] 
Heap after GC invocations=1 (full 0):
 par new generation   total 109248K, used 12668K [0x00000000e0000000, 0x00000000e8000000, 0x00000000e8000000)
  eden space 87424K,   0% used [0x00000000e0000000, 0x00000000e0000000, 0x00000000e5560000)
  from space 21824K,  58% used [0x00000000e6ab0000, 0x00000000e770f3c0, 0x00000000e8000000)
  to   space 21824K,   0% used [0x00000000e5560000, 0x00000000e5560000, 0x00000000e6ab0000)
 concurrent mark-sweep generation total 393216K, used 0K [0x00000000e8000000, 0x0000000100000000, 0x0000000100000000)
 Metaspace       used 18023K, capacity 18302K, committed 18560K, reserved 1064960K
  class space    used 2044K, capacity 2162K, committed 2176K, reserved 1048576K
}
2016-11-07T21:35:13.992+0100: 1,863: Total time for which application threads were stopped: 0,0251077 seconds, Stopping threads took: 0,0000122 seconds
2016-11-07T21:35:14.241+0100: 2,113: Total time for which application threads were stopped: 0,0004163 seconds, Stopping threads took: 0,0000455 seconds
2016-11-07T21:35:14.288+0100: 2,160: Total time for which application threads were stopped: 0,0015680 seconds, Stopping threads took: 0,0012589 seconds
2016-11-07T21:35:14.310+0100: 2,181: Total time for which application threads were stopped: 0,0003284 seconds, Stopping threads took: 0,0000520 seconds
{Heap before GC invocations=1 (full 0):
 par new generation   total 109248K, used 100092K [0x00000000e0000000, 0x00000000e8000000, 0x00000000e8000000)
  eden space 87424K, 100% used [0x00000000e0000000, 0x00000000e5560000, 0x00000000e5560000)
  from space 21824K,  58% used [0x00000000e6ab0000, 0x00000000e770f3c0, 0x00000000e8000000)
  to   space 21824K,   0% used [0x00000000e5560000, 0x00000000e5560000, 0x00000000e6ab0000)
 concurrent mark-sweep generation total 393216K, used 0K [0x00000000e8000000, 0x0000000100000000, 0x0000000100000000)
 Metaspace       used 20431K, capacity 20722K, committed 20992K, reserved 1067008K
  class space    used 2361K, capacity 2486K, committed 2560K, reserved 1048576K
2016-11-07T21:35:14.406+0100: 2,277: [GC (Allocation Failure) 2016-11-07T21:35:14.406+0100: 2,277: [ParNew
Desired survivor size 20112992 bytes, new threshold 8 (max 8)
- age   1:    3438296 bytes,    3438296 total
- age   2:    6555160 bytes,    9993456 total
: 100092K->13726K(109248K), 0,0101931 secs] 100092K->13726K(502464K), 0,0102638 secs] [Times: user=0,03 sys=0,01, real=0,01 secs] 
Heap after GC invocations=2 (full 0):
 par new generation   total 109248K, used 13726K [0x00000000e0000000, 0x00000000e8000000, 0x00000000e8000000)
  eden space 87424K,   0% used [0x00000000e0000000, 0x00000000e0000000, 0x00000000e5560000)
  from space 21824K,  62% used [0x00000000e5560000, 0x00000000e62c7a40, 0x00000000e6ab0000)
  to   space 21824K,   0% used [0x00000000e6ab0000, 0x00000000e6ab0000, 0x00000000e8000000)
 concurrent mark-sweep generation total 393216K, used 0K [0x00000000e8000000, 0x0000000100000000, 0x0000000100000000)
 Metaspace       used 20431K, capacity 20722K, committed 20992K, reserved 1067008K
  class space    used 2361K, capacity 2486K, committed 2560K, reserved 1048576K
}
2016-11-07T21:35:14.416+0100: 2,287: Total time for which application threads were stopped: 0,0104625 seconds, Stopping threads took: 0,0000436 seconds
{Heap before GC invocations=2 (full 0):
 par new generation   total 109248K, used 101150K [0x00000000e0000000, 0x00000000e8000000, 0x00000000e8000000)
  eden space 87424K, 100% used [0x00000000e0000000, 0x00000000e5560000, 0x00000000e5560000)
  from space 21824K,  62% used [0x00000000e5560000, 0x00000000e62c7a40, 0x00000000e6ab0000)
  to   space 21824K,   0% used [0x00000000e6ab0000, 0x00000000e6ab0000, 0x00000000e8000000)
 concurrent mark-sweep generation total 393216K, used 0K [0x00000000e8000000, 0x0000000100000000, 0x0000000100000000)
 Metaspace       used 20855K, capacity 21206K, committed 21296K, reserved 1069056K
  class space    used 2411K, capacity 2530K, committed 2560K, reserved 1048576K
2016-11-07T21:35:14.526+0100: 2,397: [GC (Allocation Failure) 2016-11-07T21:35:14.526+0100: 2,397: [ParNew
Desired survivor size 20112992 bytes, new threshold 8 (max 8)
- age   1:    1161584 bytes,    1161584 total
- age   2:    1399768 bytes,    2561352 total
- age   3:    6463464 bytes,    9024816 total
: 101150K->11241K(109248K), 0,0108782 secs] 101150K->11241K(502464K), 0,0109583 secs] [Times: user=0,04 sys=0,00, real=0,01 secs] 
Heap after GC invocations=3 (full 0):
 par new generation   total 109248K, used 11241K [0x00000000e0000000, 0x00000000e8000000, 0x00000000e8000000)
  eden space 87424K,   0% used [0x00000000e0000000, 0x00000000e0000000, 0x00000000e5560000)
  from space 21824K,  51% used [0x00000000e6ab0000, 0x00000000e75aa540, 0x00000000e8000000)
  to   space 21824K,   0% used [0x00000000e5560000, 0x00000000e5560000, 0x00000000e6ab0000)
 concurrent mark-sweep generation total 393216K, used 0K [0x00000000e8000000, 0x0000000100000000, 0x0000000100000000)
 Metaspace       used 20855K, capacity 21206K, committed 21296K, reserved 1069056K
  class space    used 2411K, capacity 2530K, committed 2560K, reserved 1048576K
}
2016-11-07T21:35:14.537+0100: 2,408: Total time for which application threads were stopped: 0,0111532 seconds, Stopping threads took: 0,0000453 seconds
2016-11-07T21:35:14.572+0100: 2,443: Total time for which application threads were stopped: 0,0001242 seconds, Stopping threads took: 0,0000509 seconds
2016-11-07T21:35:14.631+0100: 2,503: Total time for which application threads were stopped: 0,0001381 seconds, Stopping threads took: 0,0000317 seconds
2016-11-07T21:35:14.638+0100: 2,510: Total time for which application threads were stopped: 0,0003285 seconds, Stopping threads took: 0,0000203 seconds
2016-11-07T21:35:14.660+0100: 2,532: Total time for which application threads were stopped: 0,0000823 seconds, Stopping threads took: 0,0000179 seconds
2016-11-07T21:35:14.681+0100: 2,552: Total time for which application threads were stopped: 0,0001569 seconds, Stopping threads took: 0,0000898 seconds
2016-11-07T21:35:14.742+0100: 2,613: Total time for which application threads were stopped: 0,0001438 seconds, Stopping threads took: 0,0000518 seconds
2016-11-07T21:35:14.753+0100: 2,625: Total time for which application threads were stopped: 0,0003658 seconds, Stopping threads took: 0,0000476 seconds
2016-11-07T21:35:14.759+0100: 2,630: Total time for which application threads were stopped: 0,0002492 seconds, Stopping threads took: 0,0001734 seconds
2016-11-07T21:35:14.772+0100: 2,643: Total time for which application threads were stopped: 0,0004350 seconds, Stopping threads took: 0,0000394 seconds
2016-11-07T21:35:14.832+0100: 2,704: Total time for which application threads were stopped: 0,0001964 seconds, Stopping threads took: 0,0000733 seconds
2016-11-07T21:35:14.862+0100: 2,734: Total time for which application threads were stopped: 0,0001142 seconds, Stopping threads took: 0,0000360 seconds
{Heap before GC invocations=3 (full 0):
 par new generation   total 109248K, used 98665K [0x00000000e0000000, 0x00000000e8000000, 0x00000000e8000000)
  eden space 87424K, 100% used [0x00000000e0000000, 0x00000000e5560000, 0x00000000e5560000)
  from space 21824K,  51% used [0x00000000e6ab0000, 0x00000000e75aa540, 0x00000000e8000000)
  to   space 21824K,   0% used [0x00000000e5560000, 0x00000000e5560000, 0x00000000e6ab0000)
 concurrent mark-sweep generation total 393216K, used 0K [0x00000000e8000000, 0x0000000100000000, 0x0000000100000000)
 Metaspace       used 23175K, capacity 23632K, committed 23748K, reserved 1071104K
  class space    used 2709K, capacity 2871K, committed 2968K, reserved 1048576K
2016-11-07T21:35:14.863+0100: 2,734: [GC (Allocation Failure) 2016-11-07T21:35:14.863+0100: 2,734: [ParNew
Desired survivor size 20112992 bytes, new threshold 8 (max 8)
- age   1:    2972512 bytes,    2972512 total
- age   2:     175576 bytes,    3148088 total
- age   3:     603096 bytes,    3751184 total
- age   4:    6458248 bytes,   10209432 total
: 98665K->14026K(109248K), 0,0151151 secs] 98665K->14026K(502464K), 0,0152011 secs] [Times: user=0,04 sys=0,01, real=0,01 secs] 
Heap after GC invocations=4 (full 0):
 par new generation   total 109248K, used 14026K [0x00000000e0000000, 0x00000000e8000000, 0x00000000e8000000)
  eden space 87424K,   0% used [0x00000000e0000000, 0x00000000e0000000, 0x00000000e5560000)
  from space 21824K,  64% used [0x00000000e5560000, 0x00000000e63129e0, 0x00000000e6ab0000)
  to   space 21824K,   0% used [0x00000000e6ab0000, 0x00000000e6ab0000, 0x00000000e8000000)
 concurrent mark-sweep generation total 393216K, used 0K [0x00000000e8000000, 0x0000000100000000, 0x0000000100000000)
 Metaspace       used 23175K, capacity 23632K, committed 23748K, reserved 1071104K
  class space    used 2709K, capacity 2871K, committed 2968K, reserved 1048576K
}
2016-11-07T21:35:14.878+0100: 2,749: Total time for which application threads were stopped: 0,0153750 seconds, Stopping threads took: 0,0000347 seconds
2016-11-07T21:35:14.882+0100: 2,753: [GC (CMS Initial Mark) [1 CMS-initial-mark: 0K(393216K)] 14029K(502464K), 0,0026942 secs] [Times: user=0,01 sys=0,00, real=0,00 secs] 
2016-11-07T21:35:14.885+0100: 2,756: Total time for which application threads were stopped: 0,0065306 seconds, Stopping threads took: 0,0037671 seconds
2016-11-07T21:35:14.885+0100: 2,756: [CMS-concurrent-mark-start]
2016-11-07T21:35:14.885+0100: 2,757: [CMS-concurrent-mark: 0,001/0,001 secs] [Times: user=0,00 sys=0,00, real=0,00 secs] 
2016-11-07T21:35:14.886+0100: 2,757: [CMS-concurrent-preclean-start]
2016-11-07T21:35:14.887+0100: 2,758: [CMS-concurrent-preclean: 0,001/0,001 secs] [Times: user=0,00 sys=0,00, real=0,00 secs] 
2016-11-07T21:35:14.887+0100: 2,758: [GC (CMS Final Remark) [YG occupancy: 14939 K (109248 K)]{Heap before GC invocations=4 (full 1):
 par new generation   total 109248K, used 14939K [0x00000000e0000000, 0x00000000e8000000, 0x00000000e8000000)
  eden space 87424K,   1% used [0x00000000e0000000, 0x00000000e00e4438, 0x00000000e5560000)
  from space 21824K,  64% used [0x00000000e5560000, 0x00000000e63129e0, 0x00000000e6ab0000)
  to   space 21824K,   0% used [0x00000000e6ab0000, 0x00000000e6ab0000, 0x00000000e8000000)
 concurrent mark-sweep generation total 393216K, used 0K [0x00000000e8000000, 0x0000000100000000, 0x0000000100000000)
 Metaspace       used 23198K, capacity 23696K, committed 23952K, reserved 1071104K
  class space    used 2716K, capacity 2871K, committed 2968K, reserved 1048576K
2016-11-07T21:35:14.887+0100: 2,758: [GC (CMS Final Remark) 2016-11-07T21:35:14.887+0100: 2,758: [ParNew
Desired survivor size 20112992 bytes, new threshold 8 (max 8)
- age   1:      33136 bytes,      33136 total
- age   2:     837264 bytes,     870400 total
- age   3:     129120 bytes,     999520 total
- age   4:     539560 bytes,    1539080 total
- age   5:    6194944 bytes,    7734024 total
: 14939K->10049K(109248K), 0,0091317 secs] 14939K->10049K(502464K), 0,0091745 secs] [Times: user=0,03 sys=0,00, real=0,01 secs] 
Heap after GC invocations=5 (full 1):
 par new generation   total 109248K, used 10049K [0x00000000e0000000, 0x00000000e8000000, 0x00000000e8000000)
  eden space 87424K,   0% used [0x00000000e0000000, 0x00000000e0000000, 0x00000000e5560000)
  from space 21824K,  46% used [0x00000000e6ab0000, 0x00000000e7480580, 0x00000000e8000000)
  to   space 21824K,   0% used [0x00000000e5560000, 0x00000000e5560000, 0x00000000e6ab0000)
 concurrent mark-sweep generation total 393216K, used 0K [0x00000000e8000000, 0x0000000100000000, 0x0000000100000000)
 Metaspace       used 23198K, capacity 23696K, committed 23952K, reserved 1071104K
  class space    used 2716K, capacity 2871K, committed 2968K, reserved 1048576K
}
2016-11-07T21:35:14.896+0100: 2,767: [Rescan (parallel) , 0,0031700 secs]2016-11-07T21:35:14.899+0100: 2,770: [weak refs processing, 0,0014426 secs]2016-11-07T21:35:14.901+0100: 2,772: [class unloading, 0,0030734 secs]2016-11-07T21:35:14.904+0100: 2,775: [scrub symbol table, 0,0027812 secs]2016-11-07T21:35:14.906+0100: 2,778: [scrub string table, 0,0003713 secs][1 CMS-remark: 0K(393216K)] 10049K(502464K), 0,0207107 secs] [Times: user=0,05 sys=0,00, real=0,02 secs] 
2016-11-07T21:35:14.907+0100: 2,779: Total time for which application threads were stopped: 0,0208116 seconds, Stopping threads took: 0,0000270 seconds
2016-11-07T21:35:14.908+0100: 2,779: [CMS-concurrent-sweep-start]
2016-11-07T21:35:14.908+0100: 2,779: [CMS-concurrent-sweep: 0,000/0,000 secs] [Times: user=0,00 sys=0,00, real=0,00 secs] 
2016-11-07T21:35:14.908+0100: 2,779: [CMS-concurrent-reset-start]
2016-11-07T21:35:14.909+0100: 2,780: [CMS-concurrent-reset: 0,002/0,002 secs] [Times: user=0,01 sys=0,00, real=0,00 secs] 
2016-11-07T21:35:15.120+0100: 2,992: Total time for which application threads were stopped: 0,0003698 seconds, Stopping threads took: 0,0000209 seconds
2016-11-07T21:35:16.121+0100: 3,992: Total time for which application threads were stopped: 0,0000936 seconds, Stopping threads took: 0,0000214 seconds
2016-11-07T21:35:16.187+0100: 4,059: Total time for which application threads were stopped: 0,0002487 seconds, Stopping threads took: 0,0000144 seconds
2016-11-07T21:35:34.034+0100: 21,905: Total time for which application threads were stopped: 0,0000910 seconds, Stopping threads took: 0,0000157 seconds
2016-11-07T21:35:34.035+0100: 21,906: Total time for which application threads were stopped: 0,0000928 seconds, Stopping threads took: 0,0000234 seconds
2016-11-07T21:35:34.035+0100: 21,907: Total time for which application threads were stopped: 0,0000466 seconds, Stopping threads took: 0,0000078 seconds
2016-11-07T21:35:34.036+0100: 21,908: Total time for which application threads were stopped: 0,0001386 seconds, Stopping threads took: 0,0000401 seconds
2016-11-07T21:35:34.037+0100: 21,908: Total time for which application threads were stopped: 0,0003571 seconds, Stopping threads took: 0,0002272 seconds
2016-11-07T21:35:34.044+0100: 21,915: Total time for which application threads were stopped: 0,0001028 seconds, Stopping threads took: 0,0000206 seconds
2016-11-07T21:35:34.058+0100: 21,930: Total time for which application threads were stopped: 0,0063471 seconds, Stopping threads took: 0,0062599 seconds
2016-11-07T21:35:34.062+0100: 21,934: Total time for which application threads were stopped: 0,0005583 seconds, Stopping threads took: 0,0003111 seconds
2016-11-07T21:35:34.066+0100: 21,938: Total time for which application threads were stopped: 0,0002841 seconds, Stopping threads took: 0,0001515 seconds
2016-11-07T21:35:34.067+0100: 21,938: Total time for which application threads were stopped: 0,0004389 seconds, Stopping threads took: 0,0003588 seconds
2016-11-07T21:35:34.069+0100: 21,940: Total time for which application threads were stopped: 0,0001285 seconds, Stopping threads took: 0,0000215 seconds
2016-11-07T21:35:34.069+0100: 21,940: Total time for which application threads were stopped: 0,0001207 seconds, Stopping threads took: 0,0000377 seconds
2016-11-07T21:35:34.083+0100: 21,954: Total time for which application threads were stopped: 0,0006304 seconds, Stopping threads took: 0,0005458 seconds
2016-11-07T21:35:34.086+0100: 21,957: Total time for which application threads were stopped: 0,0001647 seconds, Stopping threads took: 0,0000427 seconds
2016-11-07T21:35:34.099+0100: 21,970: Total time for which application threads were stopped: 0,0001400 seconds, Stopping threads took: 0,0000488 seconds
2016-11-07T21:35:34.099+0100: 21,970: Total time for which application threads were stopped: 0,0000654 seconds, Stopping threads took: 0,0000176 seconds
2016-11-07T21:35:34.122+0100: 21,994: Total time for which application threads were stopped: 0,0002219 seconds, Stopping threads took: 0,0000899 seconds
2016-11-07T21:35:34.124+0100: 21,995: Total time for which application threads were stopped: 0,0002564 seconds, Stopping threads took: 0,0000470 seconds
2016-11-07T21:35:34.124+0100: 21,996: Total time for which application threads were stopped: 0,0001288 seconds, Stopping threads took: 0,0000471 seconds
2016-11-07T21:35:34.127+0100: 21,999: Total time for which application threads were stopped: 0,0005675 seconds, Stopping threads took: 0,0002619 seconds
2016-11-07T21:35:34.148+0100: 22,019: Total time for which application threads were stopped: 0,0085512 seconds, Stopping threads took: 0,0084338 seconds
2016-11-07T21:35:35.148+0100: 23,019: Total time for which application threads were stopped: 0,0003590 seconds, Stopping threads took: 0,0000357 seconds
2016-11-07T21:35:35.467+0100: 23,338: Total time for which application threads were stopped: 0,0001553 seconds, Stopping threads took: 0,0000409 seconds
2016-11-07T21:35:35.467+0100: 23,338: Total time for which application threads were stopped: 0,0000797 seconds, Stopping threads took: 0,0000200 seconds
2016-11-07T21:35:37.152+0100: 25,024: Total time for which application threads were stopped: 0,0004864 seconds, Stopping threads took: 0,0000285 seconds
2016-11-07T21:35:37.161+0100: 25,032: Total time for which application threads were stopped: 0,0005014 seconds, Stopping threads took: 0,0003777 seconds
2016-11-07T21:35:37.161+0100: 25,032: Total time for which application threads were stopped: 0,0000942 seconds, Stopping threads took: 0,0000257 seconds
2016-11-07T21:35:37.164+0100: 25,035: Total time for which application threads were stopped: 0,0001125 seconds, Stopping threads took: 0,0000184 seconds
2016-11-07T21:35:37.166+0100: 25,037: Total time for which application threads were stopped: 0,0022441 seconds, Stopping threads took: 0,0021334 seconds
2016-11-07T21:35:37.166+0100: 25,038: Total time for which application threads were stopped: 0,0000856 seconds, Stopping threads took: 0,0000250 seconds
2016-11-07T21:35:37.196+0100: 25,068: Total time for which application threads were stopped: 0,0000995 seconds, Stopping threads took: 0,0000235 seconds
2016-11-07T21:35:37.197+0100: 25,068: Total time for which application threads were stopped: 0,0000639 seconds, Stopping threads took: 0,0000157 seconds
2016-11-07T21:35:37.197+0100: 25,068: Total time for which application threads were stopped: 0,0000464 seconds, Stopping threads took: 0,0000099 seconds
2016-11-07T21:35:37.197+0100: 25,068: Total time for which application threads were stopped: 0,0000468 seconds, Stopping threads took: 0,0000095 seconds
2016-11-07T21:35:37.197+0100: 25,068: Total time for which application threads were stopped: 0,0000646 seconds, Stopping threads took: 0,0000246 seconds
2016-11-07T21:35:37.197+0100: 25,069: Total time for which application threads were stopped: 0,0000902 seconds, Stopping threads took: 0,0000313 seconds
2016-11-07T21:35:37.198+0100: 25,069: Total time for which application threads were stopped: 0,0000790 seconds, Stopping threads took: 0,0000217 seconds
2016-11-07T21:35:37.198+0100: 25,069: Total time for which application threads were stopped: 0,0000784 seconds, Stopping threads took: 0,0000410 seconds
2016-11-07T21:35:37.198+0100: 25,069: Total time for which application threads were stopped: 0,0000488 seconds, Stopping threads took: 0,0000097 seconds
2016-11-07T21:35:37.198+0100: 25,070: Total time for which application threads were stopped: 0,0000410 seconds, Stopping threads took: 0,0000090 seconds
2016-11-07T21:35:37.198+0100: 25,070: Total time for which application threads were stopped: 0,0000414 seconds, Stopping threads took: 0,0000084 seconds
2016-11-07T21:35:37.199+0100: 25,070: Total time for which application threads were stopped: 0,0001164 seconds, Stopping threads took: 0,0000764 seconds
2016-11-07T21:35:37.199+0100: 25,070: Total time for which application threads were stopped: 0,0000733 seconds, Stopping threads took: 0,0000282 seconds
2016-11-07T21:35:37.199+0100: 25,070: Total time for which application threads were stopped: 0,0000623 seconds, Stopping threads took: 0,0000213 seconds
2016-11-07T21:35:37.200+0100: 25,071: Total time for which application threads were stopped: 0,0000906 seconds, Stopping threads took: 0,0000206 seconds
2016-11-07T21:35:37.200+0100: 25,071: Total time for which application threads were stopped: 0,0000413 seconds, Stopping threads took: 0,0000062 seconds
2016-11-07T21:35:37.202+0100: 25,073: Total time for which application threads were stopped: 0,0001023 seconds, Stopping threads took: 0,0000209 seconds
2016-11-07T21:35:37.202+0100: 25,074: Total time for which application threads were stopped: 0,0000511 seconds, Stopping threads took: 0,0000057 seconds
2016-11-07T21:35:37.208+0100: 25,079: Total time for which application threads were stopped: 0,0000987 seconds, Stopping threads took: 0,0000239 seconds
2016-11-07T21:35:37.208+0100: 25,079: Total time for which application threads were stopped: 0,0000427 seconds, Stopping threads took: 0,0000087 seconds
2016-11-07T21:35:38.208+0100: 26,079: Total time for which application threads were stopped: 0,0000791 seconds, Stopping threads took: 0,0000212 seconds
2016-11-07T21:35:47.350+0100: 35,716: Total time for which application threads were stopped: 0,0001199 seconds, Stopping threads took: 0,0000385 seconds
2016-11-07T21:35:47.351+0100: 35,717: Total time for which application threads were stopped: 0,0001124 seconds, Stopping threads took: 0,0000511 seconds
2016-11-07T21:35:47.360+0100: 35,726: Total time for which application threads were stopped: 0,0046633 seconds, Stopping threads took: 0,0045692 seconds
2016-11-07T21:35:47.361+0100: 35,727: Total time for which application threads were stopped: 0,0010006 seconds, Stopping threads took: 0,0000839 seconds
2016-11-07T21:35:47.371+0100: 35,737: Total time for which application threads were stopped: 0,0001816 seconds, Stopping threads took: 0,0000499 seconds
2016-11-07T21:35:47.375+0100: 35,741: Total time for which application threads were stopped: 0,0032422 seconds, Stopping threads took: 0,0031346 seconds
2016-11-07T21:35:47.377+0100: 35,743: Total time for which application threads were stopped: 0,0001796 seconds, Stopping threads took: 0,0000649 seconds
2016-11-07T21:35:47.377+0100: 35,743: Total time for which application threads were stopped: 0,0000704 seconds, Stopping threads took: 0,0000107 seconds
2016-11-07T21:35:47.381+0100: 35,747: Total time for which application threads were stopped: 0,0001375 seconds, Stopping threads took: 0,0000423 seconds
2016-11-07T21:35:47.381+0100: 35,747: Total time for which application threads were stopped: 0,0000959 seconds, Stopping threads took: 0,0000208 seconds
2016-11-07T21:35:47.381+0100: 35,747: Total time for which application threads were stopped: 0,0000743 seconds, Stopping threads took: 0,0000143 seconds
2016-11-07T21:35:47.381+0100: 35,747: Total time for which application threads were stopped: 0,0000699 seconds, Stopping threads took: 0,0000126 seconds
2016-11-07T21:35:47.384+0100: 35,750: Total time for which application threads were stopped: 0,0011557 seconds, Stopping threads took: 0,0000527 seconds
2016-11-07T21:35:47.384+0100: 35,750: Total time for which application threads were stopped: 0,0001422 seconds, Stopping threads took: 0,0000366 seconds
2016-11-07T21:35:47.389+0100: 35,755: Total time for which application threads were stopped: 0,0000852 seconds, Stopping threads took: 0,0000216 seconds
2016-11-07T21:35:47.389+0100: 35,755: Total time for which application threads were stopped: 0,0000701 seconds, Stopping threads took: 0,0000104 seconds
2016-11-07T21:35:47.399+0100: 35,765: Total time for which application threads were stopped: 0,0020283 seconds, Stopping threads took: 0,0019225 seconds
2016-11-07T21:35:47.400+0100: 35,766: Total time for which application threads were stopped: 0,0000688 seconds, Stopping threads took: 0,0000312 seconds
2016-11-07T21:35:49.698+0100: 38,064: Total time for which application threads were stopped: 0,0000891 seconds, Stopping threads took: 0,0000185 seconds
2016-11-07T21:35:49.698+0100: 38,064: Total time for which application threads were stopped: 0,0000615 seconds, Stopping threads took: 0,0000114 seconds
2016-11-07T21:35:49.702+0100: 38,068: Total time for which application threads were stopped: 0,0001291 seconds, Stopping threads took: 0,0000547 seconds
2016-11-07T21:35:49.703+0100: 38,068: Total time for which application threads were stopped: 0,0001280 seconds, Stopping threads took: 0,0000468 seconds
2016-11-07T21:35:50.703+0100: 39,069: Total time for which application threads were stopped: 0,0000679 seconds, Stopping threads took: 0,0000158 seconds
2016-11-07T21:36:13.706+0100: 62,072: Total time for which application threads were stopped: 0,0000693 seconds, Stopping threads took: 0,0000161 seconds
2016-11-07T21:36:49.703+0100: 98,069: Total time for which application threads were stopped: 0,0001511 seconds, Stopping threads took: 0,0000415 seconds
2016-11-07T21:37:58.714+0100: 167,080: Total time for which application threads were stopped: 0,0001344 seconds, Stopping threads took: 0,0000532 seconds
2016-11-07T21:38:28.718+0100: 197,084: Total time for which application threads were stopped: 0,0001030 seconds, Stopping threads took: 0,0000409 seconds
2016-11-07T21:39:28.728+0100: 257,094: Total time for which application threads were stopped: 0,0001643 seconds, Stopping threads took: 0,0000592 seconds
2016-11-07T22:17:24.113+0100: 1207,211: Total time for which application threads were stopped: 0,0000775 seconds, Stopping threads took: 0,0000301 seconds
2016-11-07T22:24:48.162+0100: 1651,260: Total time for which application threads were stopped: 0,0001626 seconds, Stopping threads took: 0,0000622 seconds
2016-11-07T22:24:49.162+0100: 1652,260: Total time for which application threads were stopped: 0,0000592 seconds, Stopping threads took: 0,0000143 seconds
2016-11-07T22:32:09.212+0100: 2092,311: Total time for which application threads were stopped: 0,0001047 seconds, Stopping threads took: 0,0000387 seconds
2016-11-07T22:32:14.213+0100: 2097,311: Total time for which application threads were stopped: 0,0000689 seconds, Stopping threads took: 0,0000173 seconds
2016-11-07T22:49:18.324+0100: 3121,422: Total time for which application threads were stopped: 0,0000976 seconds, Stopping threads took: 0,0000383 seconds
2016-11-07T22:50:34.331+0100: 3197,429: Total time for which application threads were stopped: 0,0005080 seconds, Stopping threads took: 0,0002079 seconds
2016-11-07T22:59:18.376+0100: 3721,474: Total time for which application threads were stopped: 0,0005856 seconds, Stopping threads took: 0,0002758 seconds
2016-11-07T23:02:54.393+0100: 3937,491: Total time for which application threads were stopped: 0,0003552 seconds, Stopping threads took: 0,0001659 seconds
2016-11-07T23:03:18.395+0100: 3961,493: Total time for which application threads were stopped: 0,0001075 seconds, Stopping threads took: 0,0000304 seconds
2016-11-07T23:28:18.548+0100: 5461,646: Total time for which application threads were stopped: 0,0001764 seconds, Stopping threads took: 0,0000705 seconds
2016-11-07T23:39:28.637+0100: 6131,735: Total time for which application threads were stopped: 0,0000737 seconds, Stopping threads took: 0,0000294 seconds
2016-11-07T23:39:33.638+0100: 6136,736: Total time for which application threads were stopped: 0,0000640 seconds, Stopping threads took: 0,0000142 seconds
2016-11-07T23:50:40.185+0100: 6803,283: Total time for which application threads were stopped: 0,0001017 seconds, Stopping threads took: 0,0000308 seconds
2016-11-07T23:50:40.270+0100: 6803,368: Total time for which application threads were stopped: 0,0000979 seconds, Stopping threads took: 0,0000176 seconds
Heap
 par new generation   total 109248K, used 86924K [0x00000000e0000000, 0x00000000e8000000, 0x00000000e8000000)
  eden space 87424K,  87% used [0x00000000e0000000, 0x00000000e4b12b88, 0x00000000e5560000)
  from space 21824K,  46% used [0x00000000e6ab0000, 0x00000000e7480580, 0x00000000e8000000)
  to   space 21824K,   0% used [0x00000000e5560000, 0x00000000e5560000, 0x00000000e6ab0000)
 concurrent mark-sweep generation total 393216K, used 0K [0x00000000e8000000, 0x0000000100000000, 0x0000000100000000)
 Metaspace       used 29143K, capacity 29706K, committed 29944K, reserved 1075200K
  class space    used 3388K, capacity 3544K, committed 3608K, reserved 1048576K
