OpenJDK 64-Bit Server VM (25.111-b14) for linux-amd64 JRE (1.8.0_111-8u111-b14-2ubuntu0.16.04.2-b14), built on Oct 27 2016 18:10:19 by "buildd" with gcc 5.4.0 20160609
Memory: 4k page, physical 7867804k(7513472k free), swap 8076284k(8076284k free)
CommandLine flags: -XX:CMSInitiatingOccupancyFraction=50 -XX:CMSMaxAbortablePrecleanTime=6000 -XX:+CMSParallelRemarkEnabled -XX:+CMSScavengeBeforeRemark -XX:ConcGCThreads=4 -XX:InitialHeapSize=536870912 -XX:MaxHeapSize=536870912 -XX:MaxTenuringThreshold=8 -XX:NewRatio=3 -XX:OldPLABSize=16 -XX:OnOutOfMemoryError=/opt/solr/bin/oom_solr.sh 8983 /var/solr/logs -XX:ParallelGCThreads=4 -XX:+ParallelRefProcEnabled -XX:PretenureSizeThreshold=67108864 -XX:+PrintGC -XX:+PrintGCApplicationStoppedTime -XX:+PrintGCDateStamps -XX:+PrintGCDetails -XX:+PrintGCTimeStamps -XX:+PrintHeapAtGC -XX:+PrintTenuringDistribution -XX:SurvivorRatio=4 -XX:TargetSurvivorRatio=90 -XX:ThreadStackSize=256 -XX:+UseCMSInitiatingOccupancyOnly -XX:+UseCompressedClassPointers -XX:+UseCompressedOops -XX:+UseConcMarkSweepGC -XX:+UseParNewGC 
2017-01-12T23:00:34.491+0100: 0,125: Total time for which application threads were stopped: 0,0000693 seconds, Stopping threads took: 0,0000128 seconds
2017-01-12T23:00:34.570+0100: 0,204: Total time for which application threads were stopped: 0,0001327 seconds, Stopping threads took: 0,0000244 seconds
2017-01-12T23:00:34.588+0100: 0,222: Total time for which application threads were stopped: 0,0000928 seconds, Stopping threads took: 0,0000102 seconds
2017-01-12T23:00:34.788+0100: 0,422: Total time for which application threads were stopped: 0,0001258 seconds, Stopping threads took: 0,0000104 seconds
2017-01-12T23:00:35.271+0100: 0,905: Total time for which application threads were stopped: 0,0001866 seconds, Stopping threads took: 0,0000195 seconds
2017-01-12T23:00:35.387+0100: 1,021: Total time for which application threads were stopped: 0,0009370 seconds, Stopping threads took: 0,0000866 seconds
2017-01-12T23:00:35.416+0100: 1,050: Total time for which application threads were stopped: 0,0002395 seconds, Stopping threads took: 0,0000438 seconds
2017-01-12T23:00:35.655+0100: 1,289: Total time for which application threads were stopped: 0,0001543 seconds, Stopping threads took: 0,0000141 seconds
2017-01-12T23:00:35.862+0100: 1,496: Total time for which application threads were stopped: 0,0005659 seconds, Stopping threads took: 0,0001303 seconds
2017-01-12T23:00:35.887+0100: 1,522: Total time for which application threads were stopped: 0,0001648 seconds, Stopping threads took: 0,0000116 seconds
2017-01-12T23:00:35.888+0100: 1,522: Total time for which application threads were stopped: 0,0001092 seconds, Stopping threads took: 0,0000184 seconds
2017-01-12T23:00:35.902+0100: 1,536: Total time for which application threads were stopped: 0,0001622 seconds, Stopping threads took: 0,0000123 seconds
2017-01-12T23:00:36.002+0100: 1,636: Total time for which application threads were stopped: 0,0001960 seconds, Stopping threads took: 0,0000170 seconds
2017-01-12T23:00:36.183+0100: 1,817: Total time for which application threads were stopped: 0,0002273 seconds, Stopping threads took: 0,0000388 seconds
{Heap before GC invocations=0 (full 0):
 par new generation   total 109248K, used 87424K [0x00000000e0000000, 0x00000000e8000000, 0x00000000e8000000)
  eden space 87424K, 100% used [0x00000000e0000000, 0x00000000e5560000, 0x00000000e5560000)
  from space 21824K,   0% used [0x00000000e5560000, 0x00000000e5560000, 0x00000000e6ab0000)
  to   space 21824K,   0% used [0x00000000e6ab0000, 0x00000000e6ab0000, 0x00000000e8000000)
 concurrent mark-sweep generation total 393216K, used 0K [0x00000000e8000000, 0x0000000100000000, 0x0000000100000000)
 Metaspace       used 18084K, capacity 18366K, committed 18560K, reserved 1064960K
  class space    used 2054K, capacity 2162K, committed 2176K, reserved 1048576K
2017-01-12T23:00:36.288+0100: 1,923: [GC (Allocation Failure) 2017-01-12T23:00:36.288+0100: 1,923: [ParNew
Desired survivor size 20112992 bytes, new threshold 8 (max 8)
- age   1:   12331216 bytes,   12331216 total
: 87424K->12153K(109248K), 0,0154911 secs] 87424K->12153K(502464K), 0,0155849 secs] [Times: user=0,03 sys=0,02, real=0,02 secs] 
Heap after GC invocations=1 (full 0):
 par new generation   total 109248K, used 12153K [0x00000000e0000000, 0x00000000e8000000, 0x00000000e8000000)
  eden space 87424K,   0% used [0x00000000e0000000, 0x00000000e0000000, 0x00000000e5560000)
  from space 21824K,  55% used [0x00000000e6ab0000, 0x00000000e768e740, 0x00000000e8000000)
  to   space 21824K,   0% used [0x00000000e5560000, 0x00000000e5560000, 0x00000000e6ab0000)
 concurrent mark-sweep generation total 393216K, used 0K [0x00000000e8000000, 0x0000000100000000, 0x0000000100000000)
 Metaspace       used 18084K, capacity 18366K, committed 18560K, reserved 1064960K
  class space    used 2054K, capacity 2162K, committed 2176K, reserved 1048576K
}
2017-01-12T23:00:36.304+0100: 1,938: Total time for which application threads were stopped: 0,0157546 seconds, Stopping threads took: 0,0000161 seconds
2017-01-12T23:00:36.484+0100: 2,118: Total time for which application threads were stopped: 0,0003239 seconds, Stopping threads took: 0,0000423 seconds
2017-01-12T23:00:36.514+0100: 2,148: Total time for which application threads were stopped: 0,0003660 seconds, Stopping threads took: 0,0000494 seconds
2017-01-12T23:00:36.547+0100: 2,181: Total time for which application threads were stopped: 0,0003301 seconds, Stopping threads took: 0,0000435 seconds
{Heap before GC invocations=1 (full 0):
 par new generation   total 109248K, used 99577K [0x00000000e0000000, 0x00000000e8000000, 0x00000000e8000000)
  eden space 87424K, 100% used [0x00000000e0000000, 0x00000000e5560000, 0x00000000e5560000)
  from space 21824K,  55% used [0x00000000e6ab0000, 0x00000000e768e740, 0x00000000e8000000)
  to   space 21824K,   0% used [0x00000000e5560000, 0x00000000e5560000, 0x00000000e6ab0000)
 concurrent mark-sweep generation total 393216K, used 0K [0x00000000e8000000, 0x0000000100000000, 0x0000000100000000)
 Metaspace       used 20717K, capacity 21020K, committed 21248K, reserved 1069056K
  class space    used 2404K, capacity 2518K, committed 2560K, reserved 1048576K
2017-01-12T23:00:36.722+0100: 2,356: [GC (Allocation Failure) 2017-01-12T23:00:36.722+0100: 2,356: [ParNew
Desired survivor size 20112992 bytes, new threshold 8 (max 8)
- age   1:    2918240 bytes,    2918240 total
- age   2:    6101280 bytes,    9019520 total
: 99577K->11244K(109248K), 0,0134586 secs] 99577K->11244K(502464K), 0,0135384 secs] [Times: user=0,04 sys=0,00, real=0,02 secs] 
Heap after GC invocations=2 (full 0):
 par new generation   total 109248K, used 11244K [0x00000000e0000000, 0x00000000e8000000, 0x00000000e8000000)
  eden space 87424K,   0% used [0x00000000e0000000, 0x00000000e0000000, 0x00000000e5560000)
  from space 21824K,  51% used [0x00000000e5560000, 0x00000000e605b2a0, 0x00000000e6ab0000)
  to   space 21824K,   0% used [0x00000000e6ab0000, 0x00000000e6ab0000, 0x00000000e8000000)
 concurrent mark-sweep generation total 393216K, used 0K [0x00000000e8000000, 0x0000000100000000, 0x0000000100000000)
 Metaspace       used 20717K, capacity 21020K, committed 21248K, reserved 1069056K
  class space    used 2404K, capacity 2518K, committed 2560K, reserved 1048576K
}
2017-01-12T23:00:36.735+0100: 2,370: Total time for which application threads were stopped: 0,0138048 seconds, Stopping threads took: 0,0000644 seconds
2017-01-12T23:00:36.792+0100: 2,426: Total time for which application threads were stopped: 0,0000806 seconds, Stopping threads took: 0,0000139 seconds
2017-01-12T23:00:36.824+0100: 2,458: Total time for which application threads were stopped: 0,0000846 seconds, Stopping threads took: 0,0000130 seconds
2017-01-12T23:00:36.825+0100: 2,459: Total time for which application threads were stopped: 0,0002451 seconds, Stopping threads took: 0,0000086 seconds
2017-01-12T23:00:36.853+0100: 2,487: Total time for which application threads were stopped: 0,0000841 seconds, Stopping threads took: 0,0000223 seconds
2017-01-12T23:00:36.933+0100: 2,567: Total time for which application threads were stopped: 0,0001447 seconds, Stopping threads took: 0,0000335 seconds
2017-01-12T23:00:36.951+0100: 2,585: Total time for which application threads were stopped: 0,0000907 seconds, Stopping threads took: 0,0000237 seconds
2017-01-12T23:00:36.958+0100: 2,592: Total time for which application threads were stopped: 0,0002732 seconds, Stopping threads took: 0,0000133 seconds
2017-01-12T23:00:36.966+0100: 2,600: Total time for which application threads were stopped: 0,0002834 seconds, Stopping threads took: 0,0000286 seconds
2017-01-12T23:00:36.975+0100: 2,609: Total time for which application threads were stopped: 0,0000854 seconds, Stopping threads took: 0,0000280 seconds
2017-01-12T23:00:37.005+0100: 2,639: Total time for which application threads were stopped: 0,0001080 seconds, Stopping threads took: 0,0000325 seconds
2017-01-12T23:00:37.022+0100: 2,656: Total time for which application threads were stopped: 0,0000829 seconds, Stopping threads took: 0,0000171 seconds
2017-01-12T23:00:37.041+0100: 2,675: Total time for which application threads were stopped: 0,0000791 seconds, Stopping threads took: 0,0000144 seconds
2017-01-12T23:00:37.063+0100: 2,697: Total time for which application threads were stopped: 0,0000923 seconds, Stopping threads took: 0,0000256 seconds
2017-01-12T23:00:37.098+0100: 2,732: Total time for which application threads were stopped: 0,0001491 seconds, Stopping threads took: 0,0000251 seconds
2017-01-12T23:00:37.147+0100: 2,781: Total time for which application threads were stopped: 0,0001406 seconds, Stopping threads took: 0,0000347 seconds
2017-01-12T23:00:37.174+0100: 2,809: Total time for which application threads were stopped: 0,0001319 seconds, Stopping threads took: 0,0000312 seconds
{Heap before GC invocations=2 (full 0):
 par new generation   total 109248K, used 98668K [0x00000000e0000000, 0x00000000e8000000, 0x00000000e8000000)
  eden space 87424K, 100% used [0x00000000e0000000, 0x00000000e5560000, 0x00000000e5560000)
  from space 21824K,  51% used [0x00000000e5560000, 0x00000000e605b2a0, 0x00000000e6ab0000)
  to   space 21824K,   0% used [0x00000000e6ab0000, 0x00000000e6ab0000, 0x00000000e8000000)
 concurrent mark-sweep generation total 393216K, used 0K [0x00000000e8000000, 0x0000000100000000, 0x0000000100000000)
 Metaspace       used 24841K, capacity 25221K, committed 25536K, reserved 1071104K
  class space    used 2897K, capacity 3025K, committed 3092K, reserved 1048576K
2017-01-12T23:00:37.189+0100: 2,823: [GC (Allocation Failure) 2017-01-12T23:00:37.189+0100: 2,823: [ParNew
Desired survivor size 20112992 bytes, new threshold 8 (max 8)
- age   1:    6689536 bytes,    6689536 total
- age   2:     550664 bytes,    7240200 total
- age   3:    6092368 bytes,   13332568 total
: 98668K->16959K(109248K), 0,0135853 secs] 98668K->16959K(502464K), 0,0136731 secs] [Times: user=0,06 sys=0,00, real=0,01 secs] 
Heap after GC invocations=3 (full 0):
 par new generation   total 109248K, used 16959K [0x00000000e0000000, 0x00000000e8000000, 0x00000000e8000000)
  eden space 87424K,   0% used [0x00000000e0000000, 0x00000000e0000000, 0x00000000e5560000)
  from space 21824K,  77% used [0x00000000e6ab0000, 0x00000000e7b3ff40, 0x00000000e8000000)
  to   space 21824K,   0% used [0x00000000e5560000, 0x00000000e5560000, 0x00000000e6ab0000)
 concurrent mark-sweep generation total 393216K, used 0K [0x00000000e8000000, 0x0000000100000000, 0x0000000100000000)
 Metaspace       used 24841K, capacity 25221K, committed 25536K, reserved 1071104K
  class space    used 2897K, capacity 3025K, committed 3092K, reserved 1048576K
}
2017-01-12T23:00:37.202+0100: 2,837: Total time for which application threads were stopped: 0,0138609 seconds, Stopping threads took: 0,0000333 seconds
2017-01-12T23:00:37.207+0100: 2,841: [GC (CMS Initial Mark) [1 CMS-initial-mark: 0K(393216K)] 18361K(502464K), 0,0042455 secs] [Times: user=0,01 sys=0,00, real=0,00 secs] 
2017-01-12T23:00:37.211+0100: 2,845: Total time for which application threads were stopped: 0,0071787 seconds, Stopping threads took: 0,0028527 seconds
2017-01-12T23:00:37.211+0100: 2,845: [CMS-concurrent-mark-start]
2017-01-12T23:00:37.211+0100: 2,846: [CMS-concurrent-mark: 0,000/0,000 secs] [Times: user=0,01 sys=0,00, real=0,00 secs] 
2017-01-12T23:00:37.211+0100: 2,846: [CMS-concurrent-preclean-start]
2017-01-12T23:00:37.213+0100: 2,847: [CMS-concurrent-preclean: 0,001/0,001 secs] [Times: user=0,00 sys=0,00, real=0,00 secs] 
2017-01-12T23:00:37.213+0100: 2,847: [GC (CMS Final Remark) [YG occupancy: 18361 K (109248 K)]{Heap before GC invocations=3 (full 1):
 par new generation   total 109248K, used 18361K [0x00000000e0000000, 0x00000000e8000000, 0x00000000e8000000)
  eden space 87424K,   1% used [0x00000000e0000000, 0x00000000e015e800, 0x00000000e5560000)
  from space 21824K,  77% used [0x00000000e6ab0000, 0x00000000e7b3ff40, 0x00000000e8000000)
  to   space 21824K,   0% used [0x00000000e5560000, 0x00000000e5560000, 0x00000000e6ab0000)
 concurrent mark-sweep generation total 393216K, used 0K [0x00000000e8000000, 0x0000000100000000, 0x0000000100000000)
 Metaspace       used 24862K, capacity 25221K, committed 25536K, reserved 1071104K
  class space    used 2898K, capacity 3025K, committed 3092K, reserved 1048576K
2017-01-12T23:00:37.213+0100: 2,847: [GC (CMS Final Remark) 2017-01-12T23:00:37.213+0100: 2,847: [ParNew
Desired survivor size 20112992 bytes, new threshold 8 (max 8)
- age   1:      39008 bytes,      39008 total
- age   2:    3148920 bytes,    3187928 total
- age   3:     550664 bytes,    3738592 total
- age   4:    6092408 bytes,    9831000 total
: 18361K->14261K(109248K), 0,0094814 secs] 18361K->14261K(502464K), 0,0095188 secs] [Times: user=0,03 sys=0,00, real=0,01 secs] 
Heap after GC invocations=4 (full 1):
 par new generation   total 109248K, used 14261K [0x00000000e0000000, 0x00000000e8000000, 0x00000000e8000000)
  eden space 87424K,   0% used [0x00000000e0000000, 0x00000000e0000000, 0x00000000e5560000)
  from space 21824K,  65% used [0x00000000e5560000, 0x00000000e634d410, 0x00000000e6ab0000)
  to   space 21824K,   0% used [0x00000000e6ab0000, 0x00000000e6ab0000, 0x00000000e8000000)
 concurrent mark-sweep generation total 393216K, used 0K [0x00000000e8000000, 0x0000000100000000, 0x0000000100000000)
 Metaspace       used 24862K, capacity 25221K, committed 25536K, reserved 1071104K
  class space    used 2898K, capacity 3025K, committed 3092K, reserved 1048576K
}
2017-01-12T23:00:37.222+0100: 2,856: [Rescan (parallel) , 0,0036213 secs]2017-01-12T23:00:37.226+0100: 2,860: [weak refs processing, 0,0009360 secs]2017-01-12T23:00:37.227+0100: 2,861: [class unloading, 0,0031072 secs]2017-01-12T23:00:37.230+0100: 2,864: [scrub symbol table, 0,0033764 secs]2017-01-12T23:00:37.233+0100: 2,868: [scrub string table, 0,0004200 secs][1 CMS-remark: 0K(393216K)] 14261K(502464K), 0,0216661 secs] [Times: user=0,05 sys=0,00, real=0,02 secs] 
2017-01-12T23:00:37.234+0100: 2,869: Total time for which application threads were stopped: 0,0217716 seconds, Stopping threads took: 0,0000298 seconds
2017-01-12T23:00:37.234+0100: 2,869: [CMS-concurrent-sweep-start]
2017-01-12T23:00:37.235+0100: 2,869: [CMS-concurrent-sweep: 0,000/0,000 secs] [Times: user=0,00 sys=0,00, real=0,00 secs] 
2017-01-12T23:00:37.235+0100: 2,869: [CMS-concurrent-reset-start]
2017-01-12T23:00:37.236+0100: 2,870: [CMS-concurrent-reset: 0,002/0,002 secs] [Times: user=0,01 sys=0,00, real=0,01 secs] 
2017-01-12T23:00:38.235+0100: 3,869: Total time for which application threads were stopped: 0,0001361 seconds, Stopping threads took: 0,0000189 seconds
2017-01-12T23:00:38.416+0100: 4,050: Total time for which application threads were stopped: 0,0003313 seconds, Stopping threads took: 0,0000216 seconds
2017-01-12T23:01:06.420+0100: 32,054: Total time for which application threads were stopped: 0,0000760 seconds, Stopping threads took: 0,0000182 seconds
2017-01-12T23:03:16.434+0100: 162,068: Total time for which application threads were stopped: 0,0004486 seconds, Stopping threads took: 0,0001877 seconds
2017-01-12T23:03:21.434+0100: 167,069: Total time for which application threads were stopped: 0,0000749 seconds, Stopping threads took: 0,0000227 seconds
2017-01-12T23:04:16.441+0100: 222,075: Total time for which application threads were stopped: 0,0001432 seconds, Stopping threads took: 0,0000353 seconds
2017-01-12T23:05:21.450+0100: 287,084: Total time for which application threads were stopped: 0,0001618 seconds, Stopping threads took: 0,0000630 seconds
2017-01-12T23:24:15.552+0100: 1421,186: Total time for which application threads were stopped: 0,0004489 seconds, Stopping threads took: 0,0001549 seconds
2017-01-12T23:28:01.570+0100: 1647,205: Total time for which application threads were stopped: 0,0000782 seconds, Stopping threads took: 0,0000289 seconds
2017-01-12T23:28:30.574+0100: 1676,208: Total time for which application threads were stopped: 0,0003222 seconds, Stopping threads took: 0,0001378 seconds
2017-01-12T23:28:35.575+0100: 1681,209: Total time for which application threads were stopped: 0,0004931 seconds, Stopping threads took: 0,0001054 seconds
2017-01-12T23:29:30.580+0100: 1736,214: Total time for which application threads were stopped: 0,0001090 seconds, Stopping threads took: 0,0000332 seconds
2017-01-12T23:32:20.600+0100: 1906,234: Total time for which application threads were stopped: 0,0000802 seconds, Stopping threads took: 0,0000343 seconds
2017-01-12T23:32:45.603+0100: 1931,237: Total time for which application threads were stopped: 0,0000765 seconds, Stopping threads took: 0,0000305 seconds
2017-01-12T23:34:05.611+0100: 2011,246: Total time for which application threads were stopped: 0,0000857 seconds, Stopping threads took: 0,0000331 seconds
2017-01-12T23:39:15.645+0100: 2321,279: Total time for which application threads were stopped: 0,0000755 seconds, Stopping threads took: 0,0000321 seconds
2017-01-12T23:39:16.645+0100: 2322,279: Total time for which application threads were stopped: 0,0000822 seconds, Stopping threads took: 0,0000335 seconds
2017-01-12T23:49:35.708+0100: 2941,342: Total time for which application threads were stopped: 0,0001587 seconds, Stopping threads took: 0,0000557 seconds
2017-01-12T23:53:51.742+0100: 3197,376: Total time for which application threads were stopped: 0,0001511 seconds, Stopping threads took: 0,0000556 seconds
2017-01-12T23:58:35.791+0100: 3481,425: Total time for which application threads were stopped: 0,0001750 seconds, Stopping threads took: 0,0000673 seconds
2017-01-13T00:00:05.806+0100: 3571,440: Total time for which application threads were stopped: 0,0000835 seconds, Stopping threads took: 0,0000318 seconds
2017-01-13T00:04:40.841+0100: 3846,475: Total time for which application threads were stopped: 0,0001077 seconds, Stopping threads took: 0,0000352 seconds
2017-01-13T00:04:45.842+0100: 3851,476: Total time for which application threads were stopped: 0,0000933 seconds, Stopping threads took: 0,0000165 seconds
2017-01-13T00:07:35.862+0100: 4021,496: Total time for which application threads were stopped: 0,0000737 seconds, Stopping threads took: 0,0000310 seconds
2017-01-13T00:44:32.120+0100: 6237,754: Total time for which application threads were stopped: 0,0000816 seconds, Stopping threads took: 0,0000350 seconds
2017-01-13T00:45:42.129+0100: 6307,763: Total time for which application threads were stopped: 0,0003875 seconds, Stopping threads took: 0,0001511 seconds
2017-01-13T01:05:36.273+0100: 7501,907: Total time for which application threads were stopped: 0,0001216 seconds, Stopping threads took: 0,0000424 seconds
2017-01-13T01:06:06.277+0100: 7531,911: Total time for which application threads were stopped: 0,0000727 seconds, Stopping threads took: 0,0000290 seconds
2017-01-13T01:08:36.297+0100: 7681,931: Total time for which application threads were stopped: 0,0000793 seconds, Stopping threads took: 0,0000305 seconds
2017-01-13T01:28:54.647+0100: 8900,281: Total time for which application threads were stopped: 0,0001479 seconds, Stopping threads took: 0,0000213 seconds
Heap
 par new generation   total 109248K, used 57602K [0x00000000e0000000, 0x00000000e8000000, 0x00000000e8000000)
  eden space 87424K,  49% used [0x00000000e0000000, 0x00000000e2a53490, 0x00000000e5560000)
  from space 21824K,  65% used [0x00000000e5560000, 0x00000000e634d410, 0x00000000e6ab0000)
  to   space 21824K,   0% used [0x00000000e6ab0000, 0x00000000e6ab0000, 0x00000000e8000000)
 concurrent mark-sweep generation total 393216K, used 0K [0x00000000e8000000, 0x0000000100000000, 0x0000000100000000)
 Metaspace       used 27247K, capacity 27729K, committed 27924K, reserved 1073152K
  class space    used 3168K, capacity 3321K, committed 3348K, reserved 1048576K
