OpenJDK 64-Bit Server VM (25.121-b13) for linux-amd64 JRE (1.8.0_121-8u121-b13-0ubuntu1.16.04.2-b13), built on Jan 23 2017 15:51:29 by "buildd" with gcc 5.4.0 20160609
Memory: 4k page, physical 7867800k(7440008k free), swap 8076284k(8076284k free)
CommandLine flags: -XX:CMSInitiatingOccupancyFraction=50 -XX:CMSMaxAbortablePrecleanTime=6000 -XX:+CMSParallelRemarkEnabled -XX:+CMSScavengeBeforeRemark -XX:ConcGCThreads=4 -XX:InitialHeapSize=536870912 -XX:MaxHeapSize=536870912 -XX:MaxTenuringThreshold=8 -XX:NewRatio=3 -XX:OldPLABSize=16 -XX:OnOutOfMemoryError=/opt/solr/bin/oom_solr.sh 8983 /var/solr/logs -XX:ParallelGCThreads=4 -XX:+ParallelRefProcEnabled -XX:PretenureSizeThreshold=67108864 -XX:+PrintGC -XX:+PrintGCApplicationStoppedTime -XX:+PrintGCDateStamps -XX:+PrintGCDetails -XX:+PrintGCTimeStamps -XX:+PrintHeapAtGC -XX:+PrintTenuringDistribution -XX:SurvivorRatio=4 -XX:TargetSurvivorRatio=90 -XX:ThreadStackSize=256 -XX:+UseCMSInitiatingOccupancyOnly -XX:+UseCompressedClassPointers -XX:+UseCompressedOops -XX:+UseConcMarkSweepGC -XX:+UseParNewGC 
2017-02-06T05:34:17.066+0100: 0,211: Total time for which application threads were stopped: 0,0000944 seconds, Stopping threads took: 0,0000220 seconds
2017-02-06T05:34:17.186+0100: 0,332: Total time for which application threads were stopped: 0,0001292 seconds, Stopping threads took: 0,0000329 seconds
2017-02-06T05:34:17.356+0100: 0,502: Total time for which application threads were stopped: 0,0000888 seconds, Stopping threads took: 0,0000108 seconds
2017-02-06T05:34:17.850+0100: 0,996: Total time for which application threads were stopped: 0,0002150 seconds, Stopping threads took: 0,0000211 seconds
2017-02-06T05:34:18.376+0100: 1,521: Total time for which application threads were stopped: 0,0005419 seconds, Stopping threads took: 0,0000915 seconds
2017-02-06T05:34:18.489+0100: 1,635: Total time for which application threads were stopped: 0,0001849 seconds, Stopping threads took: 0,0000306 seconds
2017-02-06T05:34:18.524+0100: 1,670: Total time for which application threads were stopped: 0,0003459 seconds, Stopping threads took: 0,0001484 seconds
2017-02-06T05:34:18.845+0100: 1,991: Total time for which application threads were stopped: 0,0002078 seconds, Stopping threads took: 0,0000151 seconds
2017-02-06T05:34:19.111+0100: 2,256: Total time for which application threads were stopped: 0,0002091 seconds, Stopping threads took: 0,0000153 seconds
2017-02-06T05:34:19.130+0100: 2,275: Total time for which application threads were stopped: 0,0002114 seconds, Stopping threads took: 0,0000201 seconds
2017-02-06T05:34:19.169+0100: 2,314: Total time for which application threads were stopped: 0,0002284 seconds, Stopping threads took: 0,0000217 seconds
2017-02-06T05:34:19.172+0100: 2,317: Total time for which application threads were stopped: 0,0001874 seconds, Stopping threads took: 0,0000171 seconds
2017-02-06T05:34:19.185+0100: 2,330: Total time for which application threads were stopped: 0,0001922 seconds, Stopping threads took: 0,0000179 seconds
2017-02-06T05:34:19.263+0100: 2,408: Total time for which application threads were stopped: 0,0002649 seconds, Stopping threads took: 0,0000332 seconds
2017-02-06T05:34:19.429+0100: 2,575: Total time for which application threads were stopped: 0,0002878 seconds, Stopping threads took: 0,0000672 seconds
{Heap before GC invocations=0 (full 0):
 par new generation   total 109248K, used 87424K [0x00000000e0000000, 0x00000000e8000000, 0x00000000e8000000)
  eden space 87424K, 100% used [0x00000000e0000000, 0x00000000e5560000, 0x00000000e5560000)
  from space 21824K,   0% used [0x00000000e5560000, 0x00000000e5560000, 0x00000000e6ab0000)
  to   space 21824K,   0% used [0x00000000e6ab0000, 0x00000000e6ab0000, 0x00000000e8000000)
 concurrent mark-sweep generation total 393216K, used 0K [0x00000000e8000000, 0x0000000100000000, 0x0000000100000000)
 Metaspace       used 18037K, capacity 18336K, committed 18688K, reserved 1064960K
  class space    used 2041K, capacity 2196K, committed 2304K, reserved 1048576K
2017-02-06T05:34:19.550+0100: 2,695: [GC (Allocation Failure) 2017-02-06T05:34:19.550+0100: 2,695: [ParNew
Desired survivor size 20112992 bytes, new threshold 8 (max 8)
- age   1:   12617280 bytes,   12617280 total
: 87424K->12431K(109248K), 0,0285646 secs] 87424K->12431K(502464K), 0,0286530 secs] [Times: user=0,08 sys=0,00, real=0,02 secs] 
Heap after GC invocations=1 (full 0):
 par new generation   total 109248K, used 12431K [0x00000000e0000000, 0x00000000e8000000, 0x00000000e8000000)
  eden space 87424K,   0% used [0x00000000e0000000, 0x00000000e0000000, 0x00000000e5560000)
  from space 21824K,  56% used [0x00000000e6ab0000, 0x00000000e76d3c30, 0x00000000e8000000)
  to   space 21824K,   0% used [0x00000000e5560000, 0x00000000e5560000, 0x00000000e6ab0000)
 concurrent mark-sweep generation total 393216K, used 0K [0x00000000e8000000, 0x0000000100000000, 0x0000000100000000)
 Metaspace       used 18037K, capacity 18336K, committed 18688K, reserved 1064960K
  class space    used 2041K, capacity 2196K, committed 2304K, reserved 1048576K
}
2017-02-06T05:34:19.578+0100: 2,724: Total time for which application threads were stopped: 0,0289922 seconds, Stopping threads took: 0,0000896 seconds
2017-02-06T05:34:19.912+0100: 3,058: Total time for which application threads were stopped: 0,0004114 seconds, Stopping threads took: 0,0000358 seconds
{Heap before GC invocations=1 (full 0):
 par new generation   total 109248K, used 99855K [0x00000000e0000000, 0x00000000e8000000, 0x00000000e8000000)
  eden space 87424K, 100% used [0x00000000e0000000, 0x00000000e5560000, 0x00000000e5560000)
  from space 21824K,  56% used [0x00000000e6ab0000, 0x00000000e76d3c30, 0x00000000e8000000)
  to   space 21824K,   0% used [0x00000000e5560000, 0x00000000e5560000, 0x00000000e6ab0000)
 concurrent mark-sweep generation total 393216K, used 0K [0x00000000e8000000, 0x0000000100000000, 0x0000000100000000)
 Metaspace       used 20060K, capacity 20416K, committed 20736K, reserved 1067008K
  class space    used 2296K, capacity 2466K, committed 2560K, reserved 1048576K
2017-02-06T05:34:19.971+0100: 3,117: [GC (Allocation Failure) 2017-02-06T05:34:19.971+0100: 3,117: [ParNew
Desired survivor size 20112992 bytes, new threshold 8 (max 8)
- age   1:    3659320 bytes,    3659320 total
- age   2:    6872408 bytes,   10531728 total
: 99855K->13881K(109248K), 0,0251143 secs] 99855K->13881K(502464K), 0,0252031 secs] [Times: user=0,06 sys=0,01, real=0,02 secs] 
Heap after GC invocations=2 (full 0):
 par new generation   total 109248K, used 13881K [0x00000000e0000000, 0x00000000e8000000, 0x00000000e8000000)
  eden space 87424K,   0% used [0x00000000e0000000, 0x00000000e0000000, 0x00000000e5560000)
  from space 21824K,  63% used [0x00000000e5560000, 0x00000000e62ee550, 0x00000000e6ab0000)
  to   space 21824K,   0% used [0x00000000e6ab0000, 0x00000000e6ab0000, 0x00000000e8000000)
 concurrent mark-sweep generation total 393216K, used 0K [0x00000000e8000000, 0x0000000100000000, 0x0000000100000000)
 Metaspace       used 20060K, capacity 20416K, committed 20736K, reserved 1067008K
  class space    used 2296K, capacity 2466K, committed 2560K, reserved 1048576K
}
2017-02-06T05:34:19.996+0100: 3,142: Total time for which application threads were stopped: 0,0296550 seconds, Stopping threads took: 0,0039476 seconds
2017-02-06T05:34:20.057+0100: 3,202: Total time for which application threads were stopped: 0,0006819 seconds, Stopping threads took: 0,0002955 seconds
2017-02-06T05:34:20.377+0100: 3,522: Total time for which application threads were stopped: 0,0002398 seconds, Stopping threads took: 0,0000598 seconds
2017-02-06T05:34:20.436+0100: 3,582: Total time for which application threads were stopped: 0,0015199 seconds, Stopping threads took: 0,0014023 seconds
{Heap before GC invocations=2 (full 0):
 par new generation   total 109248K, used 101305K [0x00000000e0000000, 0x00000000e8000000, 0x00000000e8000000)
  eden space 87424K, 100% used [0x00000000e0000000, 0x00000000e5560000, 0x00000000e5560000)
  from space 21824K,  63% used [0x00000000e5560000, 0x00000000e62ee550, 0x00000000e6ab0000)
  to   space 21824K,   0% used [0x00000000e6ab0000, 0x00000000e6ab0000, 0x00000000e8000000)
 concurrent mark-sweep generation total 393216K, used 0K [0x00000000e8000000, 0x0000000100000000, 0x0000000100000000)
 Metaspace       used 21149K, capacity 21472K, committed 21884K, reserved 1069056K
  class space    used 2435K, capacity 2586K, committed 2684K, reserved 1048576K
2017-02-06T05:34:20.443+0100: 3,589: [GC (Allocation Failure) 2017-02-06T05:34:20.443+0100: 3,589: [ParNew
Desired survivor size 20112992 bytes, new threshold 8 (max 8)
- age   1:    2594896 bytes,    2594896 total
- age   2:     863104 bytes,    3458000 total
- age   3:    6802760 bytes,   10260760 total
: 101305K->13085K(109248K), 0,0338747 secs] 101305K->13085K(502464K), 0,0339616 secs] [Times: user=0,06 sys=0,00, real=0,03 secs] 
Heap after GC invocations=3 (full 0):
 par new generation   total 109248K, used 13085K [0x00000000e0000000, 0x00000000e8000000, 0x00000000e8000000)
  eden space 87424K,   0% used [0x00000000e0000000, 0x00000000e0000000, 0x00000000e5560000)
  from space 21824K,  59% used [0x00000000e6ab0000, 0x00000000e7777608, 0x00000000e8000000)
  to   space 21824K,   0% used [0x00000000e5560000, 0x00000000e5560000, 0x00000000e6ab0000)
 concurrent mark-sweep generation total 393216K, used 0K [0x00000000e8000000, 0x0000000100000000, 0x0000000100000000)
 Metaspace       used 21149K, capacity 21472K, committed 21884K, reserved 1069056K
  class space    used 2435K, capacity 2586K, committed 2684K, reserved 1048576K
}
2017-02-06T05:34:20.477+0100: 3,623: Total time for which application threads were stopped: 0,0341975 seconds, Stopping threads took: 0,0000498 seconds
2017-02-06T05:34:20.490+0100: 3,635: [GC (CMS Initial Mark) [1 CMS-initial-mark: 0K(393216K)] 16017K(502464K), 0,0107285 secs] [Times: user=0,02 sys=0,00, real=0,01 secs] 
2017-02-06T05:34:20.500+0100: 3,646: Total time for which application threads were stopped: 0,0127796 seconds, Stopping threads took: 0,0018980 seconds
2017-02-06T05:34:20.500+0100: 3,646: [CMS-concurrent-mark-start]
2017-02-06T05:34:20.502+0100: 3,647: [CMS-concurrent-mark: 0,001/0,001 secs] [Times: user=0,01 sys=0,00, real=0,00 secs] 
2017-02-06T05:34:20.502+0100: 3,647: [CMS-concurrent-preclean-start]
2017-02-06T05:34:20.503+0100: 3,649: [CMS-concurrent-preclean: 0,001/0,001 secs] [Times: user=0,00 sys=0,00, real=0,00 secs] 
2017-02-06T05:34:20.503+0100: 3,649: [CMS-concurrent-abortable-preclean-start]
2017-02-06T05:34:20.606+0100: 3,751: Total time for which application threads were stopped: 0,0002350 seconds, Stopping threads took: 0,0000726 seconds
2017-02-06T05:34:20.664+0100: 3,809: Total time for which application threads were stopped: 0,0001837 seconds, Stopping threads took: 0,0000669 seconds
{Heap before GC invocations=3 (full 1):
 par new generation   total 109248K, used 100509K [0x00000000e0000000, 0x00000000e8000000, 0x00000000e8000000)
  eden space 87424K, 100% used [0x00000000e0000000, 0x00000000e5560000, 0x00000000e5560000)
  from space 21824K,  59% used [0x00000000e6ab0000, 0x00000000e7777608, 0x00000000e8000000)
  to   space 21824K,   0% used [0x00000000e5560000, 0x00000000e5560000, 0x00000000e6ab0000)
 concurrent mark-sweep generation total 393216K, used 0K [0x00000000e8000000, 0x0000000100000000, 0x0000000100000000)
 Metaspace       used 22132K, capacity 22468K, committed 22624K, reserved 1069056K
  class space    used 2554K, capacity 2694K, committed 2760K, reserved 1048576K
2017-02-06T05:34:20.710+0100: 3,856: [GC (Allocation Failure) 2017-02-06T05:34:20.710+0100: 3,856: [ParNew
Desired survivor size 20112992 bytes, new threshold 8 (max 8)
- age   1:    1249624 bytes,    1249624 total
- age   2:    1642360 bytes,    2891984 total
- age   3:     833456 bytes,    3725440 total
- age   4:    6802552 bytes,   10527992 total
: 100509K->13028K(109248K), 0,0144281 secs] 100509K->13028K(502464K), 0,0144959 secs] [Times: user=0,03 sys=0,00, real=0,01 secs] 
Heap after GC invocations=4 (full 1):
 par new generation   total 109248K, used 13028K [0x00000000e0000000, 0x00000000e8000000, 0x00000000e8000000)
  eden space 87424K,   0% used [0x00000000e0000000, 0x00000000e0000000, 0x00000000e5560000)
  from space 21824K,  59% used [0x00000000e5560000, 0x00000000e62193a0, 0x00000000e6ab0000)
  to   space 21824K,   0% used [0x00000000e6ab0000, 0x00000000e6ab0000, 0x00000000e8000000)
 concurrent mark-sweep generation total 393216K, used 0K [0x00000000e8000000, 0x0000000100000000, 0x0000000100000000)
 Metaspace       used 22132K, capacity 22468K, committed 22624K, reserved 1069056K
  class space    used 2554K, capacity 2694K, committed 2760K, reserved 1048576K
}
2017-02-06T05:34:20.724+0100: 3,870: Total time for which application threads were stopped: 0,0147502 seconds, Stopping threads took: 0,0000983 seconds
{Heap before GC invocations=4 (full 1):
 par new generation   total 109248K, used 100452K [0x00000000e0000000, 0x00000000e8000000, 0x00000000e8000000)
  eden space 87424K, 100% used [0x00000000e0000000, 0x00000000e5560000, 0x00000000e5560000)
  from space 21824K,  59% used [0x00000000e5560000, 0x00000000e62193a0, 0x00000000e6ab0000)
  to   space 21824K,   0% used [0x00000000e6ab0000, 0x00000000e6ab0000, 0x00000000e8000000)
 concurrent mark-sweep generation total 393216K, used 0K [0x00000000e8000000, 0x0000000100000000, 0x0000000100000000)
 Metaspace       used 22264K, capacity 22570K, committed 22624K, reserved 1069056K
  class space    used 2572K, capacity 2727K, committed 2760K, reserved 1048576K
2017-02-06T05:34:20.818+0100: 3,964: [GC (Allocation Failure) 2017-02-06T05:34:20.818+0100: 3,964: [ParNew2017-02-06T05:34:20.826+0100: 3,971: [CMS-concurrent-abortable-preclean: 0,162/0,323 secs] [Times: user=0,90 sys=0,01, real=0,32 secs] 

Desired survivor size 20112992 bytes, new threshold 8 (max 8)
- age   1:     904040 bytes,     904040 total
- age   2:     386752 bytes,    1290792 total
- age   3:    1640984 bytes,    2931776 total
- age   4:     831296 bytes,    3763072 total
- age   5:    6802552 bytes,   10565624 total
: 100452K->13520K(109248K), 0,0155005 secs] 100452K->13520K(502464K), 0,0155750 secs] [Times: user=0,04 sys=0,01, real=0,02 secs] 
Heap after GC invocations=5 (full 1):
 par new generation   total 109248K, used 13520K [0x00000000e0000000, 0x00000000e8000000, 0x00000000e8000000)
  eden space 87424K,   0% used [0x00000000e0000000, 0x00000000e0000000, 0x00000000e5560000)
  from space 21824K,  61% used [0x00000000e6ab0000, 0x00000000e77e4310, 0x00000000e8000000)
  to   space 21824K,   0% used [0x00000000e5560000, 0x00000000e5560000, 0x00000000e6ab0000)
 concurrent mark-sweep generation total 393216K, used 0K [0x00000000e8000000, 0x0000000100000000, 0x0000000100000000)
 Metaspace       used 22264K, capacity 22570K, committed 22624K, reserved 1069056K
  class space    used 2572K, capacity 2727K, committed 2760K, reserved 1048576K
}
2017-02-06T05:34:20.834+0100: 3,980: Total time for which application threads were stopped: 0,0158380 seconds, Stopping threads took: 0,0001186 seconds
2017-02-06T05:34:20.837+0100: 3,982: Total time for which application threads were stopped: 0,0001334 seconds, Stopping threads took: 0,0000473 seconds
2017-02-06T05:34:20.837+0100: 3,983: [GC (CMS Final Remark) [YG occupancy: 16845 K (109248 K)]{Heap before GC invocations=5 (full 1):
 par new generation   total 109248K, used 16845K [0x00000000e0000000, 0x00000000e8000000, 0x00000000e8000000)
  eden space 87424K,   3% used [0x00000000e0000000, 0x00000000e033f240, 0x00000000e5560000)
  from space 21824K,  61% used [0x00000000e6ab0000, 0x00000000e77e4310, 0x00000000e8000000)
  to   space 21824K,   0% used [0x00000000e5560000, 0x00000000e5560000, 0x00000000e6ab0000)
 concurrent mark-sweep generation total 393216K, used 0K [0x00000000e8000000, 0x0000000100000000, 0x0000000100000000)
 Metaspace       used 22281K, capacity 22634K, committed 22880K, reserved 1069056K
  class space    used 2573K, capacity 2727K, committed 2760K, reserved 1048576K
2017-02-06T05:34:20.837+0100: 3,983: [GC (CMS Final Remark) 2017-02-06T05:34:20.837+0100: 3,983: [ParNew
Desired survivor size 20112992 bytes, new threshold 8 (max 8)
- age   1:     187376 bytes,     187376 total
- age   2:     429008 bytes,     616384 total
- age   3:     386752 bytes,    1003136 total
- age   4:    1640944 bytes,    2644080 total
- age   5:     831280 bytes,    3475360 total
- age   6:    6802592 bytes,   10277952 total
: 16845K->13776K(109248K), 0,0126540 secs] 16845K->13776K(502464K), 0,0127101 secs] [Times: user=0,04 sys=0,00, real=0,02 secs] 
Heap after GC invocations=6 (full 1):
 par new generation   total 109248K, used 13776K [0x00000000e0000000, 0x00000000e8000000, 0x00000000e8000000)
  eden space 87424K,   0% used [0x00000000e0000000, 0x00000000e0000000, 0x00000000e5560000)
  from space 21824K,  63% used [0x00000000e5560000, 0x00000000e62d4030, 0x00000000e6ab0000)
  to   space 21824K,   0% used [0x00000000e6ab0000, 0x00000000e6ab0000, 0x00000000e8000000)
 concurrent mark-sweep generation total 393216K, used 0K [0x00000000e8000000, 0x0000000100000000, 0x0000000100000000)
 Metaspace       used 22281K, capacity 22634K, committed 22880K, reserved 1069056K
  class space    used 2573K, capacity 2727K, committed 2760K, reserved 1048576K
}
2017-02-06T05:34:20.850+0100: 3,995: [Rescan (parallel) , 0,0046277 secs]2017-02-06T05:34:20.854+0100: 4,000: [weak refs processing, 0,0028275 secs]2017-02-06T05:34:20.857+0100: 4,003: [class unloading, 0,0032825 secs]2017-02-06T05:34:20.861+0100: 4,006: [scrub symbol table, 0,0033736 secs]2017-02-06T05:34:20.864+0100: 4,010: [scrub string table, 0,0003902 secs][1 CMS-remark: 0K(393216K)] 13776K(502464K), 0,0279293 secs] [Times: user=0,07 sys=0,00, real=0,03 secs] 
2017-02-06T05:34:20.865+0100: 4,011: Total time for which application threads were stopped: 0,0280570 seconds, Stopping threads took: 0,0000568 seconds
2017-02-06T05:34:20.865+0100: 4,011: [CMS-concurrent-sweep-start]
2017-02-06T05:34:20.865+0100: 4,011: [CMS-concurrent-sweep: 0,000/0,000 secs] [Times: user=0,00 sys=0,00, real=0,00 secs] 
2017-02-06T05:34:20.865+0100: 4,011: [CMS-concurrent-reset-start]
2017-02-06T05:34:20.867+0100: 4,013: [CMS-concurrent-reset: 0,002/0,002 secs] [Times: user=0,00 sys=0,01, real=0,01 secs] 
2017-02-06T05:34:20.897+0100: 4,042: Total time for which application threads were stopped: 0,0004328 seconds, Stopping threads took: 0,0000440 seconds
2017-02-06T05:34:20.931+0100: 4,077: Total time for which application threads were stopped: 0,0035827 seconds, Stopping threads took: 0,0033373 seconds
2017-02-06T05:34:20.943+0100: 4,088: Total time for which application threads were stopped: 0,0005527 seconds, Stopping threads took: 0,0004618 seconds
2017-02-06T05:34:21.046+0100: 4,192: Total time for which application threads were stopped: 0,0001929 seconds, Stopping threads took: 0,0000831 seconds
2017-02-06T05:34:21.046+0100: 4,192: Total time for which application threads were stopped: 0,0000761 seconds, Stopping threads took: 0,0000251 seconds
2017-02-06T05:34:21.111+0100: 4,257: Total time for which application threads were stopped: 0,0022488 seconds, Stopping threads took: 0,0021146 seconds
2017-02-06T05:34:21.120+0100: 4,266: Total time for which application threads were stopped: 0,0001542 seconds, Stopping threads took: 0,0000615 seconds
2017-02-06T05:34:21.123+0100: 4,269: Total time for which application threads were stopped: 0,0001437 seconds, Stopping threads took: 0,0000339 seconds
2017-02-06T05:34:21.129+0100: 4,275: Total time for which application threads were stopped: 0,0024693 seconds, Stopping threads took: 0,0023615 seconds
2017-02-06T05:34:21.141+0100: 4,286: Total time for which application threads were stopped: 0,0005089 seconds, Stopping threads took: 0,0004362 seconds
2017-02-06T05:34:21.207+0100: 4,352: Total time for which application threads were stopped: 0,0076609 seconds, Stopping threads took: 0,0075465 seconds
2017-02-06T05:34:21.207+0100: 4,353: Total time for which application threads were stopped: 0,0001341 seconds, Stopping threads took: 0,0000352 seconds
2017-02-06T05:34:21.207+0100: 4,353: Total time for which application threads were stopped: 0,0000612 seconds, Stopping threads took: 0,0000186 seconds
2017-02-06T05:34:21.207+0100: 4,353: Total time for which application threads were stopped: 0,0000789 seconds, Stopping threads took: 0,0000431 seconds
2017-02-06T05:34:21.215+0100: 4,360: Total time for which application threads were stopped: 0,0022621 seconds, Stopping threads took: 0,0021868 seconds
2017-02-06T05:34:21.219+0100: 4,364: Total time for which application threads were stopped: 0,0004490 seconds, Stopping threads took: 0,0000642 seconds
{Heap before GC invocations=6 (full 1):
 par new generation   total 109248K, used 101200K [0x00000000e0000000, 0x00000000e8000000, 0x00000000e8000000)
  eden space 87424K, 100% used [0x00000000e0000000, 0x00000000e5560000, 0x00000000e5560000)
  from space 21824K,  63% used [0x00000000e5560000, 0x00000000e62d4030, 0x00000000e6ab0000)
  to   space 21824K,   0% used [0x00000000e6ab0000, 0x00000000e6ab0000, 0x00000000e8000000)
 concurrent mark-sweep generation total 393216K, used 0K [0x00000000e8000000, 0x0000000100000000, 0x0000000100000000)
 Metaspace       used 24035K, capacity 24420K, committed 24776K, reserved 1071104K
  class space    used 2781K, capacity 2956K, committed 3016K, reserved 1048576K
2017-02-06T05:34:21.230+0100: 4,375: [GC (Allocation Failure) 2017-02-06T05:34:21.230+0100: 4,375: [ParNew
Desired survivor size 20112992 bytes, new threshold 8 (max 8)
- age   1:    2456712 bytes,    2456712 total
- age   2:       4344 bytes,    2461056 total
- age   3:     156440 bytes,    2617496 total
- age   4:     379184 bytes,    2996680 total
- age   5:     862784 bytes,    3859464 total
- age   6:     810032 bytes,    4669496 total
- age   7:    6798976 bytes,   11468472 total
: 101200K->14560K(109248K), 0,0198490 secs] 101200K->14560K(502464K), 0,0199464 secs] [Times: user=0,06 sys=0,00, real=0,02 secs] 
Heap after GC invocations=7 (full 1):
 par new generation   total 109248K, used 14560K [0x00000000e0000000, 0x00000000e8000000, 0x00000000e8000000)
  eden space 87424K,   0% used [0x00000000e0000000, 0x00000000e0000000, 0x00000000e5560000)
  from space 21824K,  66% used [0x00000000e6ab0000, 0x00000000e78e8030, 0x00000000e8000000)
  to   space 21824K,   0% used [0x00000000e5560000, 0x00000000e5560000, 0x00000000e6ab0000)
 concurrent mark-sweep generation total 393216K, used 0K [0x00000000e8000000, 0x0000000100000000, 0x0000000100000000)
 Metaspace       used 24035K, capacity 24420K, committed 24776K, reserved 1071104K
  class space    used 2781K, capacity 2956K, committed 3016K, reserved 1048576K
}
2017-02-06T05:34:21.250+0100: 4,395: Total time for which application threads were stopped: 0,0223410 seconds, Stopping threads took: 0,0021821 seconds
2017-02-06T05:34:21.252+0100: 4,397: Total time for which application threads were stopped: 0,0001387 seconds, Stopping threads took: 0,0000514 seconds
2017-02-06T05:34:21.252+0100: 4,397: Total time for which application threads were stopped: 0,0000563 seconds, Stopping threads took: 0,0000085 seconds
2017-02-06T05:34:21.252+0100: 4,398: Total time for which application threads were stopped: 0,0000644 seconds, Stopping threads took: 0,0000097 seconds
2017-02-06T05:34:21.252+0100: 4,398: Total time for which application threads were stopped: 0,0000479 seconds, Stopping threads took: 0,0000073 seconds
2017-02-06T05:34:21.299+0100: 4,445: Total time for which application threads were stopped: 0,0004882 seconds, Stopping threads took: 0,0000423 seconds
2017-02-06T05:34:21.313+0100: 4,458: Total time for which application threads were stopped: 0,0026494 seconds, Stopping threads took: 0,0023460 seconds
2017-02-06T05:34:21.323+0100: 4,469: Total time for which application threads were stopped: 0,0058189 seconds, Stopping threads took: 0,0057393 seconds
2017-02-06T05:34:21.324+0100: 4,470: Total time for which application threads were stopped: 0,0001311 seconds, Stopping threads took: 0,0000388 seconds
2017-02-06T05:34:21.333+0100: 4,478: Total time for which application threads were stopped: 0,0018605 seconds, Stopping threads took: 0,0017771 seconds
2017-02-06T05:34:21.333+0100: 4,479: Total time for which application threads were stopped: 0,0000752 seconds, Stopping threads took: 0,0000137 seconds
2017-02-06T05:34:21.339+0100: 4,485: Total time for which application threads were stopped: 0,0001679 seconds, Stopping threads took: 0,0000831 seconds
2017-02-06T05:34:21.339+0100: 4,485: Total time for which application threads were stopped: 0,0000795 seconds, Stopping threads took: 0,0000172 seconds
2017-02-06T05:34:21.339+0100: 4,485: Total time for which application threads were stopped: 0,0000752 seconds, Stopping threads took: 0,0000123 seconds
2017-02-06T05:34:21.340+0100: 4,485: Total time for which application threads were stopped: 0,0002600 seconds, Stopping threads took: 0,0000639 seconds
2017-02-06T05:34:21.340+0100: 4,486: Total time for which application threads were stopped: 0,0000828 seconds, Stopping threads took: 0,0000116 seconds
2017-02-06T05:34:21.349+0100: 4,494: Total time for which application threads were stopped: 0,0019396 seconds, Stopping threads took: 0,0018503 seconds
2017-02-06T05:34:21.351+0100: 4,496: Total time for which application threads were stopped: 0,0001061 seconds, Stopping threads took: 0,0000218 seconds
2017-02-06T05:34:21.354+0100: 4,500: Total time for which application threads were stopped: 0,0031123 seconds, Stopping threads took: 0,0030375 seconds
2017-02-06T05:34:21.383+0100: 4,529: Total time for which application threads were stopped: 0,0023193 seconds, Stopping threads took: 0,0021813 seconds
2017-02-06T05:34:21.391+0100: 4,537: Total time for which application threads were stopped: 0,0001509 seconds, Stopping threads took: 0,0000415 seconds
2017-02-06T05:34:21.415+0100: 4,561: Total time for which application threads were stopped: 0,0004046 seconds, Stopping threads took: 0,0002937 seconds
2017-02-06T05:34:21.420+0100: 4,566: Total time for which application threads were stopped: 0,0000802 seconds, Stopping threads took: 0,0000205 seconds
2017-02-06T05:34:21.481+0100: 4,627: Total time for which application threads were stopped: 0,0001543 seconds, Stopping threads took: 0,0000466 seconds
2017-02-06T05:34:21.520+0100: 4,666: Total time for which application threads were stopped: 0,0001866 seconds, Stopping threads took: 0,0000446 seconds
2017-02-06T05:34:21.524+0100: 4,670: Total time for which application threads were stopped: 0,0001132 seconds, Stopping threads took: 0,0000276 seconds
2017-02-06T05:34:21.524+0100: 4,670: Total time for which application threads were stopped: 0,0000711 seconds, Stopping threads took: 0,0000189 seconds
2017-02-06T05:34:21.531+0100: 4,676: Total time for which application threads were stopped: 0,0032845 seconds, Stopping threads took: 0,0032093 seconds
2017-02-06T05:34:21.539+0100: 4,684: Total time for which application threads were stopped: 0,0040118 seconds, Stopping threads took: 0,0039311 seconds
2017-02-06T05:34:21.555+0100: 4,700: Total time for which application threads were stopped: 0,0112420 seconds, Stopping threads took: 0,0111563 seconds
2017-02-06T05:34:21.556+0100: 4,702: Total time for which application threads were stopped: 0,0009291 seconds, Stopping threads took: 0,0008410 seconds
2017-02-06T05:34:21.562+0100: 4,707: Total time for which application threads were stopped: 0,0003381 seconds, Stopping threads took: 0,0002586 seconds
2017-02-06T05:34:21.578+0100: 4,724: Total time for which application threads were stopped: 0,0001123 seconds, Stopping threads took: 0,0000277 seconds
2017-02-06T05:34:21.689+0100: 4,835: Total time for which application threads were stopped: 0,0001008 seconds, Stopping threads took: 0,0000320 seconds
2017-02-06T05:34:21.689+0100: 4,835: Total time for which application threads were stopped: 0,0000503 seconds, Stopping threads took: 0,0000153 seconds
2017-02-06T05:34:21.689+0100: 4,835: Total time for which application threads were stopped: 0,0000463 seconds, Stopping threads took: 0,0000141 seconds
2017-02-06T05:34:21.689+0100: 4,835: Total time for which application threads were stopped: 0,0000459 seconds, Stopping threads took: 0,0000143 seconds
2017-02-06T05:34:21.689+0100: 4,835: Total time for which application threads were stopped: 0,0000464 seconds, Stopping threads took: 0,0000139 seconds
2017-02-06T05:34:21.739+0100: 4,885: Total time for which application threads were stopped: 0,0003907 seconds, Stopping threads took: 0,0002993 seconds
2017-02-06T05:34:21.795+0100: 4,941: Total time for which application threads were stopped: 0,0002151 seconds, Stopping threads took: 0,0000634 seconds
2017-02-06T05:34:21.817+0100: 4,963: Total time for which application threads were stopped: 0,0003129 seconds, Stopping threads took: 0,0000353 seconds
2017-02-06T05:34:21.848+0100: 4,994: Total time for which application threads were stopped: 0,0055768 seconds, Stopping threads took: 0,0054684 seconds
2017-02-06T05:34:21.848+0100: 4,994: Total time for which application threads were stopped: 0,0000654 seconds, Stopping threads took: 0,0000206 seconds
2017-02-06T05:34:21.848+0100: 4,994: Total time for which application threads were stopped: 0,0002379 seconds, Stopping threads took: 0,0000083 seconds
2017-02-06T05:34:22.054+0100: 5,199: Total time for which application threads were stopped: 0,0025913 seconds, Stopping threads took: 0,0024519 seconds
2017-02-06T05:34:22.431+0100: 5,577: Total time for which application threads were stopped: 0,0005131 seconds, Stopping threads took: 0,0000280 seconds
2017-02-06T05:34:22.466+0100: 5,612: Total time for which application threads were stopped: 0,0005117 seconds, Stopping threads took: 0,0000449 seconds
2017-02-06T05:34:22.570+0100: 5,716: Total time for which application threads were stopped: 0,0105152 seconds, Stopping threads took: 0,0000411 seconds
2017-02-06T05:34:22.654+0100: 5,799: Total time for which application threads were stopped: 0,0002657 seconds, Stopping threads took: 0,0001651 seconds
2017-02-06T05:34:22.660+0100: 5,806: Total time for which application threads were stopped: 0,0001074 seconds, Stopping threads took: 0,0000385 seconds
2017-02-06T05:34:22.678+0100: 5,823: Total time for which application threads were stopped: 0,0006540 seconds, Stopping threads took: 0,0005094 seconds
2017-02-06T05:34:22.742+0100: 5,888: Total time for which application threads were stopped: 0,0001118 seconds, Stopping threads took: 0,0000391 seconds
2017-02-06T05:34:22.763+0100: 5,908: Total time for which application threads were stopped: 0,0001120 seconds, Stopping threads took: 0,0000383 seconds
2017-02-06T05:34:22.764+0100: 5,910: Total time for which application threads were stopped: 0,0000902 seconds, Stopping threads took: 0,0000358 seconds
2017-02-06T05:34:22.775+0100: 5,921: Total time for which application threads were stopped: 0,0000887 seconds, Stopping threads took: 0,0000305 seconds
2017-02-06T05:34:22.775+0100: 5,921: Total time for which application threads were stopped: 0,0000484 seconds, Stopping threads took: 0,0000179 seconds
2017-02-06T05:34:22.776+0100: 5,921: Total time for which application threads were stopped: 0,0000442 seconds, Stopping threads took: 0,0000160 seconds
2017-02-06T05:35:09.782+0100: 52,927: Total time for which application threads were stopped: 0,0000762 seconds, Stopping threads took: 0,0000268 seconds
2017-02-06T05:35:38.785+0100: 81,931: Total time for which application threads were stopped: 0,0001868 seconds, Stopping threads took: 0,0000704 seconds
2017-02-06T05:36:44.794+0100: 147,939: Total time for which application threads were stopped: 0,0000789 seconds, Stopping threads took: 0,0000302 seconds
2017-02-06T05:36:49.794+0100: 152,940: Total time for which application threads were stopped: 0,0000985 seconds, Stopping threads took: 0,0000362 seconds
2017-02-06T05:37:18.798+0100: 181,944: Total time for which application threads were stopped: 0,0000667 seconds, Stopping threads took: 0,0000169 seconds
2017-02-06T05:38:43.808+0100: 266,954: Total time for which application threads were stopped: 0,0000844 seconds, Stopping threads took: 0,0000357 seconds
2017-02-06T05:39:04.811+0100: 287,956: Total time for which application threads were stopped: 0,0001133 seconds, Stopping threads took: 0,0000358 seconds
2017-02-06T05:45:24.853+0100: 667,998: Total time for which application threads were stopped: 0,0000784 seconds, Stopping threads took: 0,0000318 seconds
2017-02-06T05:45:29.853+0100: 672,999: Total time for which application threads were stopped: 0,0000841 seconds, Stopping threads took: 0,0000232 seconds
2017-02-06T05:58:03.943+0100: 1427,089: Total time for which application threads were stopped: 0,0000829 seconds, Stopping threads took: 0,0000356 seconds
2017-02-06T06:02:08.974+0100: 1672,120: Total time for which application threads were stopped: 0,0000920 seconds, Stopping threads took: 0,0000343 seconds
2017-02-06T06:05:17.084+0100: 1860,230: Total time for which application threads were stopped: 0,0000934 seconds, Stopping threads took: 0,0000199 seconds
2017-02-06T06:05:17.088+0100: 1860,234: Total time for which application threads were stopped: 0,0000585 seconds, Stopping threads took: 0,0000124 seconds
2017-02-06T06:05:17.090+0100: 1860,236: Total time for which application threads were stopped: 0,0001194 seconds, Stopping threads took: 0,0000386 seconds
2017-02-06T06:05:17.091+0100: 1860,236: Total time for which application threads were stopped: 0,0000367 seconds, Stopping threads took: 0,0000136 seconds
2017-02-06T06:05:17.091+0100: 1860,236: Total time for which application threads were stopped: 0,0000396 seconds, Stopping threads took: 0,0000064 seconds
2017-02-06T06:05:17.095+0100: 1860,241: Total time for which application threads were stopped: 0,0000782 seconds, Stopping threads took: 0,0000249 seconds
2017-02-06T06:05:17.096+0100: 1860,241: Total time for which application threads were stopped: 0,0000481 seconds, Stopping threads took: 0,0000158 seconds
2017-02-06T06:05:17.096+0100: 1860,241: Total time for which application threads were stopped: 0,0000285 seconds, Stopping threads took: 0,0000084 seconds
2017-02-06T06:05:17.096+0100: 1860,241: Total time for which application threads were stopped: 0,0000280 seconds, Stopping threads took: 0,0000080 seconds
{Heap before GC invocations=7 (full 1):
 par new generation   total 109248K, used 101984K [0x00000000e0000000, 0x00000000e8000000, 0x00000000e8000000)
  eden space 87424K, 100% used [0x00000000e0000000, 0x00000000e5560000, 0x00000000e5560000)
  from space 21824K,  66% used [0x00000000e6ab0000, 0x00000000e78e8030, 0x00000000e8000000)
  to   space 21824K,   0% used [0x00000000e5560000, 0x00000000e5560000, 0x00000000e6ab0000)
 concurrent mark-sweep generation total 393216K, used 0K [0x00000000e8000000, 0x0000000100000000, 0x0000000100000000)
 Metaspace       used 29442K, capacity 29924K, committed 30280K, reserved 1075200K
  class space    used 3397K, capacity 3596K, committed 3656K, reserved 1048576K
2017-02-06T06:05:17.114+0100: 1860,260: [GC (Allocation Failure) 2017-02-06T06:05:17.114+0100: 1860,260: [ParNew
Desired survivor size 20112992 bytes, new threshold 8 (max 8)
- age   1:   10531608 bytes,   10531608 total
- age   2:    1133864 bytes,   11665472 total
- age   3:       4344 bytes,   11669816 total
- age   4:     155720 bytes,   11825536 total
- age   5:     377952 bytes,   12203488 total
- age   6:     320536 bytes,   12524024 total
- age   7:     804176 bytes,   13328200 total
- age   8:    6682608 bytes,   20010808 total
: 101984K->21824K(109248K), 0,0380106 secs] 101984K->21824K(502464K), 0,0382382 secs] [Times: user=0,10 sys=0,00, real=0,04 secs] 
Heap after GC invocations=8 (full 1):
 par new generation   total 109248K, used 21824K [0x00000000e0000000, 0x00000000e8000000, 0x00000000e8000000)
  eden space 87424K,   0% used [0x00000000e0000000, 0x00000000e0000000, 0x00000000e5560000)
  from space 21824K, 100% used [0x00000000e5560000, 0x00000000e6ab0000, 0x00000000e6ab0000)
  to   space 21824K,   0% used [0x00000000e6ab0000, 0x00000000e6ab0000, 0x00000000e8000000)
 concurrent mark-sweep generation total 393216K, used 0K [0x00000000e8000000, 0x0000000100000000, 0x0000000100000000)
 Metaspace       used 29442K, capacity 29924K, committed 30280K, reserved 1075200K
  class space    used 3397K, capacity 3596K, committed 3656K, reserved 1048576K
}
2017-02-06T06:05:17.153+0100: 1860,298: Total time for which application threads were stopped: 0,0387340 seconds, Stopping threads took: 0,0001075 seconds
2017-02-06T06:05:17.156+0100: 1860,302: Total time for which application threads were stopped: 0,0010383 seconds, Stopping threads took: 0,0006238 seconds
2017-02-06T06:05:17.163+0100: 1860,308: Total time for which application threads were stopped: 0,0010714 seconds, Stopping threads took: 0,0010111 seconds
2017-02-06T06:05:17.165+0100: 1860,311: Total time for which application threads were stopped: 0,0004106 seconds, Stopping threads took: 0,0002076 seconds
2017-02-06T06:05:17.167+0100: 1860,313: Total time for which application threads were stopped: 0,0000975 seconds, Stopping threads took: 0,0000355 seconds
2017-02-06T06:05:17.167+0100: 1860,313: Total time for which application threads were stopped: 0,0000455 seconds, Stopping threads took: 0,0000163 seconds
2017-02-06T06:05:17.175+0100: 1860,321: Total time for which application threads were stopped: 0,0004101 seconds, Stopping threads took: 0,0000341 seconds
2017-02-06T06:05:17.184+0100: 1860,329: Total time for which application threads were stopped: 0,0000653 seconds, Stopping threads took: 0,0000129 seconds
2017-02-06T06:05:17.184+0100: 1860,329: Total time for which application threads were stopped: 0,0000217 seconds, Stopping threads took: 0,0000044 seconds
2017-02-06T06:05:17.184+0100: 1860,329: Total time for which application threads were stopped: 0,0000269 seconds, Stopping threads took: 0,0000098 seconds
2017-02-06T06:05:17.205+0100: 1860,350: Total time for which application threads were stopped: 0,0001249 seconds, Stopping threads took: 0,0000351 seconds
2017-02-06T06:05:17.205+0100: 1860,350: Total time for which application threads were stopped: 0,0000766 seconds, Stopping threads took: 0,0000199 seconds
2017-02-06T06:05:17.205+0100: 1860,350: Total time for which application threads were stopped: 0,0000632 seconds, Stopping threads took: 0,0000177 seconds
2017-02-06T06:05:17.205+0100: 1860,351: Total time for which application threads were stopped: 0,0000570 seconds, Stopping threads took: 0,0000153 seconds
2017-02-06T06:05:17.205+0100: 1860,351: Total time for which application threads were stopped: 0,0000534 seconds, Stopping threads took: 0,0000147 seconds
2017-02-06T06:05:17.205+0100: 1860,351: Total time for which application threads were stopped: 0,0000573 seconds, Stopping threads took: 0,0000175 seconds
2017-02-06T06:05:17.205+0100: 1860,351: Total time for which application threads were stopped: 0,0000551 seconds, Stopping threads took: 0,0000170 seconds
2017-02-06T06:05:17.205+0100: 1860,351: Total time for which application threads were stopped: 0,0000468 seconds, Stopping threads took: 0,0000163 seconds
2017-02-06T06:05:17.205+0100: 1860,351: Total time for which application threads were stopped: 0,0000446 seconds, Stopping threads took: 0,0000148 seconds
2017-02-06T06:05:17.205+0100: 1860,351: Total time for which application threads were stopped: 0,0000457 seconds, Stopping threads took: 0,0000156 seconds
2017-02-06T06:05:17.205+0100: 1860,351: Total time for which application threads were stopped: 0,0000506 seconds, Stopping threads took: 0,0000166 seconds
2017-02-06T06:05:17.206+0100: 1860,351: Total time for which application threads were stopped: 0,0000472 seconds, Stopping threads took: 0,0000158 seconds
2017-02-06T06:05:17.206+0100: 1860,351: Total time for which application threads were stopped: 0,0001513 seconds, Stopping threads took: 0,0000150 seconds
2017-02-06T06:05:17.470+0100: 1860,616: Total time for which application threads were stopped: 0,0004889 seconds, Stopping threads took: 0,0000956 seconds
2017-02-06T06:05:17.472+0100: 1860,617: Total time for which application threads were stopped: 0,0003262 seconds, Stopping threads took: 0,0000676 seconds
2017-02-06T06:05:17.476+0100: 1860,622: Total time for which application threads were stopped: 0,0001264 seconds, Stopping threads took: 0,0000523 seconds
2017-02-06T06:05:23.477+0100: 1866,623: Total time for which application threads were stopped: 0,0005726 seconds, Stopping threads took: 0,0002392 seconds
2017-02-06T06:05:27.478+0100: 1870,624: Total time for which application threads were stopped: 0,0000984 seconds, Stopping threads took: 0,0000237 seconds
2017-02-06T06:06:07.089+0100: 1910,235: Total time for which application threads were stopped: 0,0000988 seconds, Stopping threads took: 0,0000221 seconds
2017-02-06T06:06:57.238+0100: 1960,383: Total time for which application threads were stopped: 0,0001810 seconds, Stopping threads took: 0,0000599 seconds
2017-02-06T06:06:57.482+0100: 1960,627: Total time for which application threads were stopped: 0,0000747 seconds, Stopping threads took: 0,0000160 seconds
2017-02-06T06:07:52.026+0100: 2015,172: Total time for which application threads were stopped: 0,0000945 seconds, Stopping threads took: 0,0000320 seconds
2017-02-06T06:07:52.026+0100: 2015,172: Total time for which application threads were stopped: 0,0000568 seconds, Stopping threads took: 0,0000220 seconds
2017-02-06T06:07:52.260+0100: 2015,406: Total time for which application threads were stopped: 0,0001395 seconds, Stopping threads took: 0,0000721 seconds
2017-02-06T06:07:52.260+0100: 2015,406: Total time for which application threads were stopped: 0,0000443 seconds, Stopping threads took: 0,0000147 seconds
2017-02-06T06:07:53.260+0100: 2016,406: Total time for which application threads were stopped: 0,0001204 seconds, Stopping threads took: 0,0000258 seconds
2017-02-06T06:08:39.180+0100: 2062,325: Total time for which application threads were stopped: 0,0001268 seconds, Stopping threads took: 0,0000300 seconds
2017-02-06T06:08:39.180+0100: 2062,326: Total time for which application threads were stopped: 0,0001820 seconds, Stopping threads took: 0,0000281 seconds
2017-02-06T06:08:39.181+0100: 2062,326: Total time for which application threads were stopped: 0,0000651 seconds, Stopping threads took: 0,0000187 seconds
2017-02-06T06:11:54.207+0100: 2257,353: Total time for which application threads were stopped: 0,0001440 seconds, Stopping threads took: 0,0000522 seconds
2017-02-06T06:11:55.207+0100: 2258,353: Total time for which application threads were stopped: 0,0000634 seconds, Stopping threads took: 0,0000150 seconds
2017-02-06T06:12:35.727+0100: 2298,872: Total time for which application threads were stopped: 0,0000760 seconds, Stopping threads took: 0,0000282 seconds
2017-02-06T06:12:35.727+0100: 2298,872: Total time for which application threads were stopped: 0,0000336 seconds, Stopping threads took: 0,0000074 seconds
2017-02-06T06:12:35.730+0100: 2298,876: Total time for which application threads were stopped: 0,0000871 seconds, Stopping threads took: 0,0000157 seconds
2017-02-06T06:12:35.731+0100: 2298,876: Total time for which application threads were stopped: 0,0000678 seconds, Stopping threads took: 0,0000278 seconds
2017-02-06T06:13:13.786+0100: 2336,932: Total time for which application threads were stopped: 0,0000849 seconds, Stopping threads took: 0,0000362 seconds
2017-02-06T06:13:13.786+0100: 2336,932: Total time for which application threads were stopped: 0,0000354 seconds, Stopping threads took: 0,0000119 seconds
2017-02-06T06:13:13.791+0100: 2336,936: Total time for which application threads were stopped: 0,0001171 seconds, Stopping threads took: 0,0000378 seconds
2017-02-06T06:15:01.380+0100: 2444,525: Total time for which application threads were stopped: 0,0000902 seconds, Stopping threads took: 0,0000344 seconds
2017-02-06T06:15:01.380+0100: 2444,526: Total time for which application threads were stopped: 0,0000763 seconds, Stopping threads took: 0,0000471 seconds
2017-02-06T06:15:01.420+0100: 2444,566: Total time for which application threads were stopped: 0,0000919 seconds, Stopping threads took: 0,0000194 seconds
2017-02-06T06:15:01.422+0100: 2444,568: Total time for which application threads were stopped: 0,0000884 seconds, Stopping threads took: 0,0000241 seconds
2017-02-06T06:15:01.477+0100: 2444,622: Total time for which application threads were stopped: 0,0000959 seconds, Stopping threads took: 0,0000233 seconds
2017-02-06T06:15:09.547+0100: 2452,692: Total time for which application threads were stopped: 0,0001321 seconds, Stopping threads took: 0,0000504 seconds
2017-02-06T06:15:09.547+0100: 2452,692: Total time for which application threads were stopped: 0,0001227 seconds, Stopping threads took: 0,0000749 seconds
2017-02-06T06:15:09.845+0100: 2452,990: Total time for which application threads were stopped: 0,0001173 seconds, Stopping threads took: 0,0000372 seconds
2017-02-06T06:15:09.851+0100: 2452,997: Total time for which application threads were stopped: 0,0008504 seconds, Stopping threads took: 0,0007133 seconds
2017-02-06T06:15:10.089+0100: 2453,235: Total time for which application threads were stopped: 0,0001198 seconds, Stopping threads took: 0,0000120 seconds
2017-02-06T06:15:11.089+0100: 2454,235: Total time for which application threads were stopped: 0,0000686 seconds, Stopping threads took: 0,0000138 seconds
2017-02-06T06:15:12.089+0100: 2455,235: Total time for which application threads were stopped: 0,0000894 seconds, Stopping threads took: 0,0000263 seconds
2017-02-06T06:15:15.090+0100: 2458,235: Total time for which application threads were stopped: 0,0000678 seconds, Stopping threads took: 0,0000142 seconds
2017-02-06T06:15:17.090+0100: 2460,236: Total time for which application threads were stopped: 0,0000701 seconds, Stopping threads took: 0,0000148 seconds
2017-02-06T06:15:17.301+0100: 2460,447: Total time for which application threads were stopped: 0,0001138 seconds, Stopping threads took: 0,0000266 seconds
2017-02-06T06:15:19.301+0100: 2462,447: Total time for which application threads were stopped: 0,0003097 seconds, Stopping threads took: 0,0000298 seconds
2017-02-06T06:18:00.323+0100: 2623,468: Total time for which application threads were stopped: 0,0000839 seconds, Stopping threads took: 0,0000356 seconds
2017-02-06T06:19:39.109+0100: 2722,254: Total time for which application threads were stopped: 0,0000895 seconds, Stopping threads took: 0,0000334 seconds
2017-02-06T06:19:39.109+0100: 2722,254: Total time for which application threads were stopped: 0,0000481 seconds, Stopping threads took: 0,0000115 seconds
2017-02-06T06:19:39.111+0100: 2722,257: Total time for which application threads were stopped: 0,0002140 seconds, Stopping threads took: 0,0000578 seconds
2017-02-06T06:19:39.112+0100: 2722,258: Total time for which application threads were stopped: 0,0005827 seconds, Stopping threads took: 0,0002155 seconds
2017-02-06T06:19:42.045+0100: 2725,191: Total time for which application threads were stopped: 0,0000772 seconds, Stopping threads took: 0,0000139 seconds
2017-02-06T06:19:42.046+0100: 2725,191: Total time for which application threads were stopped: 0,0000796 seconds, Stopping threads took: 0,0000383 seconds
2017-02-06T06:19:42.051+0100: 2725,197: Total time for which application threads were stopped: 0,0001174 seconds, Stopping threads took: 0,0000362 seconds
2017-02-06T06:19:42.960+0100: 2726,105: Total time for which application threads were stopped: 0,0000837 seconds, Stopping threads took: 0,0000260 seconds
2017-02-06T06:19:42.960+0100: 2726,105: Total time for which application threads were stopped: 0,0000385 seconds, Stopping threads took: 0,0000134 seconds
2017-02-06T06:19:42.963+0100: 2726,108: Total time for which application threads were stopped: 0,0005034 seconds, Stopping threads took: 0,0003887 seconds
2017-02-06T06:19:42.963+0100: 2726,109: Total time for which application threads were stopped: 0,0000705 seconds, Stopping threads took: 0,0000133 seconds
2017-02-06T06:19:57.425+0100: 2740,571: Total time for which application threads were stopped: 0,0002933 seconds, Stopping threads took: 0,0000523 seconds
2017-02-06T06:19:57.426+0100: 2740,571: Total time for which application threads were stopped: 0,0002615 seconds, Stopping threads took: 0,0000986 seconds
2017-02-06T06:19:57.429+0100: 2740,575: Total time for which application threads were stopped: 0,0001086 seconds, Stopping threads took: 0,0000190 seconds
2017-02-06T06:20:03.009+0100: 2746,155: Total time for which application threads were stopped: 0,0000953 seconds, Stopping threads took: 0,0000315 seconds
2017-02-06T06:20:03.010+0100: 2746,155: Total time for which application threads were stopped: 0,0004057 seconds, Stopping threads took: 0,0003432 seconds
2017-02-06T06:20:03.010+0100: 2746,156: Total time for which application threads were stopped: 0,0001065 seconds, Stopping threads took: 0,0000366 seconds
2017-02-06T06:20:03.010+0100: 2746,156: Total time for which application threads were stopped: 0,0000482 seconds, Stopping threads took: 0,0000113 seconds
2017-02-06T06:20:03.075+0100: 2746,220: Total time for which application threads were stopped: 0,0001032 seconds, Stopping threads took: 0,0000282 seconds
2017-02-06T06:20:03.085+0100: 2746,231: Total time for which application threads were stopped: 0,0000894 seconds, Stopping threads took: 0,0000182 seconds
2017-02-06T06:20:03.094+0100: 2746,239: Total time for which application threads were stopped: 0,0001210 seconds, Stopping threads took: 0,0000311 seconds
2017-02-06T06:20:03.119+0100: 2746,265: Total time for which application threads were stopped: 0,0000985 seconds, Stopping threads took: 0,0000156 seconds
2017-02-06T06:20:03.123+0100: 2746,269: Total time for which application threads were stopped: 0,0001321 seconds, Stopping threads took: 0,0000580 seconds
2017-02-06T06:20:03.133+0100: 2746,278: Total time for which application threads were stopped: 0,0001712 seconds, Stopping threads took: 0,0000190 seconds
2017-02-06T06:20:03.133+0100: 2746,279: Total time for which application threads were stopped: 0,0000970 seconds, Stopping threads took: 0,0000149 seconds
2017-02-06T06:20:03.170+0100: 2746,315: Total time for which application threads were stopped: 0,0001095 seconds, Stopping threads took: 0,0000312 seconds
2017-02-06T06:20:03.213+0100: 2746,359: Total time for which application threads were stopped: 0,0001006 seconds, Stopping threads took: 0,0000215 seconds
2017-02-06T06:20:03.222+0100: 2746,368: Total time for which application threads were stopped: 0,0013772 seconds, Stopping threads took: 0,0012340 seconds
2017-02-06T06:20:03.243+0100: 2746,388: Total time for which application threads were stopped: 0,0001585 seconds, Stopping threads took: 0,0000339 seconds
2017-02-06T06:20:03.244+0100: 2746,389: Total time for which application threads were stopped: 0,0001019 seconds, Stopping threads took: 0,0000215 seconds
2017-02-06T06:20:03.266+0100: 2746,411: Total time for which application threads were stopped: 0,0032083 seconds, Stopping threads took: 0,0023872 seconds
2017-02-06T06:20:03.270+0100: 2746,416: Total time for which application threads were stopped: 0,0010403 seconds, Stopping threads took: 0,0006818 seconds
2017-02-06T06:20:03.270+0100: 2746,416: Total time for which application threads were stopped: 0,0000729 seconds, Stopping threads took: 0,0000294 seconds
2017-02-06T06:20:03.270+0100: 2746,416: Total time for which application threads were stopped: 0,0000440 seconds, Stopping threads took: 0,0000162 seconds
2017-02-06T06:20:03.275+0100: 2746,421: Total time for which application threads were stopped: 0,0020642 seconds, Stopping threads took: 0,0019788 seconds
2017-02-06T06:20:03.277+0100: 2746,423: Total time for which application threads were stopped: 0,0001555 seconds, Stopping threads took: 0,0000239 seconds
2017-02-06T06:20:03.278+0100: 2746,424: Total time for which application threads were stopped: 0,0004069 seconds, Stopping threads took: 0,0000433 seconds
2017-02-06T06:20:03.309+0100: 2746,455: Total time for which application threads were stopped: 0,0007145 seconds, Stopping threads took: 0,0002648 seconds
2017-02-06T06:20:03.344+0100: 2746,490: Total time for which application threads were stopped: 0,0001175 seconds, Stopping threads took: 0,0000209 seconds
2017-02-06T06:20:03.349+0100: 2746,495: Total time for which application threads were stopped: 0,0017374 seconds, Stopping threads took: 0,0016296 seconds
2017-02-06T06:20:03.355+0100: 2746,500: Total time for which application threads were stopped: 0,0030908 seconds, Stopping threads took: 0,0029933 seconds
2017-02-06T06:20:03.360+0100: 2746,505: Total time for which application threads were stopped: 0,0007799 seconds, Stopping threads took: 0,0001676 seconds
2017-02-06T06:20:03.368+0100: 2746,514: Total time for which application threads were stopped: 0,0051658 seconds, Stopping threads took: 0,0050485 seconds
2017-02-06T06:20:03.374+0100: 2746,519: Total time for which application threads were stopped: 0,0026498 seconds, Stopping threads took: 0,0025833 seconds
2017-02-06T06:20:03.374+0100: 2746,520: Total time for which application threads were stopped: 0,0000883 seconds, Stopping threads took: 0,0000286 seconds
2017-02-06T06:20:03.374+0100: 2746,520: Total time for which application threads were stopped: 0,0001080 seconds, Stopping threads took: 0,0000377 seconds
2017-02-06T06:20:03.376+0100: 2746,521: Total time for which application threads were stopped: 0,0005822 seconds, Stopping threads took: 0,0005017 seconds
2017-02-06T06:20:03.376+0100: 2746,521: Total time for which application threads were stopped: 0,0000604 seconds, Stopping threads took: 0,0000291 seconds
2017-02-06T06:20:03.379+0100: 2746,525: Total time for which application threads were stopped: 0,0001150 seconds, Stopping threads took: 0,0000385 seconds
2017-02-06T06:20:03.380+0100: 2746,526: Total time for which application threads were stopped: 0,0001080 seconds, Stopping threads took: 0,0000330 seconds
2017-02-06T06:20:03.945+0100: 2747,090: Total time for which application threads were stopped: 0,0002958 seconds, Stopping threads took: 0,0000338 seconds
2017-02-06T06:20:04.283+0100: 2747,428: Total time for which application threads were stopped: 0,0006099 seconds, Stopping threads took: 0,0000467 seconds
2017-02-06T06:20:04.291+0100: 2747,437: Total time for which application threads were stopped: 0,0003132 seconds, Stopping threads took: 0,0001978 seconds
2017-02-06T06:20:04.291+0100: 2747,437: Total time for which application threads were stopped: 0,0000800 seconds, Stopping threads took: 0,0000196 seconds
2017-02-06T06:20:04.298+0100: 2747,443: Total time for which application threads were stopped: 0,0001424 seconds, Stopping threads took: 0,0000326 seconds
2017-02-06T06:20:04.306+0100: 2747,452: Total time for which application threads were stopped: 0,0070570 seconds, Stopping threads took: 0,0069469 seconds
2017-02-06T06:20:04.344+0100: 2747,490: Total time for which application threads were stopped: 0,0001739 seconds, Stopping threads took: 0,0000791 seconds
2017-02-06T06:20:04.348+0100: 2747,494: Total time for which application threads were stopped: 0,0037981 seconds, Stopping threads took: 0,0037039 seconds
2017-02-06T06:20:04.349+0100: 2747,494: Total time for which application threads were stopped: 0,0001339 seconds, Stopping threads took: 0,0000565 seconds
2017-02-06T06:20:04.352+0100: 2747,498: Total time for which application threads were stopped: 0,0001092 seconds, Stopping threads took: 0,0000297 seconds
2017-02-06T06:20:04.353+0100: 2747,498: Total time for which application threads were stopped: 0,0006489 seconds, Stopping threads took: 0,0005689 seconds
2017-02-06T06:20:04.354+0100: 2747,499: Total time for which application threads were stopped: 0,0001125 seconds, Stopping threads took: 0,0000243 seconds
2017-02-06T06:20:04.354+0100: 2747,500: Total time for which application threads were stopped: 0,0000801 seconds, Stopping threads took: 0,0000140 seconds
2017-02-06T06:20:04.354+0100: 2747,500: Total time for which application threads were stopped: 0,0000608 seconds, Stopping threads took: 0,0000116 seconds
2017-02-06T06:20:04.355+0100: 2747,500: Total time for which application threads were stopped: 0,0002455 seconds, Stopping threads took: 0,0001599 seconds
2017-02-06T06:20:04.355+0100: 2747,500: Total time for which application threads were stopped: 0,0000746 seconds, Stopping threads took: 0,0000296 seconds
2017-02-06T06:20:04.355+0100: 2747,501: Total time for which application threads were stopped: 0,0000575 seconds, Stopping threads took: 0,0000213 seconds
2017-02-06T06:20:04.355+0100: 2747,501: Total time for which application threads were stopped: 0,0000608 seconds, Stopping threads took: 0,0000236 seconds
2017-02-06T06:20:04.355+0100: 2747,501: Total time for which application threads were stopped: 0,0000547 seconds, Stopping threads took: 0,0000198 seconds
2017-02-06T06:20:04.356+0100: 2747,502: Total time for which application threads were stopped: 0,0001032 seconds, Stopping threads took: 0,0000226 seconds
2017-02-06T06:20:04.356+0100: 2747,502: Total time for which application threads were stopped: 0,0000484 seconds, Stopping threads took: 0,0000096 seconds
2017-02-06T06:20:04.368+0100: 2747,513: Total time for which application threads were stopped: 0,0013640 seconds, Stopping threads took: 0,0012746 seconds
2017-02-06T06:20:04.368+0100: 2747,513: Total time for which application threads were stopped: 0,0000591 seconds, Stopping threads took: 0,0000073 seconds
2017-02-06T06:20:04.371+0100: 2747,516: Total time for which application threads were stopped: 0,0001128 seconds, Stopping threads took: 0,0000229 seconds
2017-02-06T06:20:04.371+0100: 2747,516: Total time for which application threads were stopped: 0,0000896 seconds, Stopping threads took: 0,0000054 seconds
2017-02-06T06:20:04.371+0100: 2747,517: Total time for which application threads were stopped: 0,0000630 seconds, Stopping threads took: 0,0000133 seconds
2017-02-06T06:20:04.371+0100: 2747,517: Total time for which application threads were stopped: 0,0000516 seconds, Stopping threads took: 0,0000070 seconds
2017-02-06T06:20:04.371+0100: 2747,517: Total time for which application threads were stopped: 0,0000365 seconds, Stopping threads took: 0,0000053 seconds
2017-02-06T06:20:05.371+0100: 2748,517: Total time for which application threads were stopped: 0,0000879 seconds, Stopping threads took: 0,0000146 seconds
2017-02-06T06:20:41.194+0100: 2784,339: Total time for which application threads were stopped: 0,0000966 seconds, Stopping threads took: 0,0000385 seconds
2017-02-06T06:20:41.197+0100: 2784,342: Total time for which application threads were stopped: 0,0001097 seconds, Stopping threads took: 0,0000371 seconds
2017-02-06T06:20:41.197+0100: 2784,343: Total time for which application threads were stopped: 0,0000887 seconds, Stopping threads took: 0,0000282 seconds
2017-02-06T06:20:41.198+0100: 2784,343: Total time for which application threads were stopped: 0,0000799 seconds, Stopping threads took: 0,0000241 seconds
2017-02-06T06:20:41.198+0100: 2784,344: Total time for which application threads were stopped: 0,0000827 seconds, Stopping threads took: 0,0000252 seconds
2017-02-06T06:20:41.198+0100: 2784,344: Total time for which application threads were stopped: 0,0000535 seconds, Stopping threads took: 0,0000204 seconds
2017-02-06T06:20:41.198+0100: 2784,344: Total time for which application threads were stopped: 0,0000622 seconds, Stopping threads took: 0,0000191 seconds
2017-02-06T06:20:41.199+0100: 2784,344: Total time for which application threads were stopped: 0,0000563 seconds, Stopping threads took: 0,0000163 seconds
2017-02-06T06:20:41.199+0100: 2784,344: Total time for which application threads were stopped: 0,0000496 seconds, Stopping threads took: 0,0000180 seconds
2017-02-06T06:20:41.199+0100: 2784,344: Total time for which application threads were stopped: 0,0000514 seconds, Stopping threads took: 0,0000200 seconds
2017-02-06T06:20:41.199+0100: 2784,345: Total time for which application threads were stopped: 0,0000456 seconds, Stopping threads took: 0,0000149 seconds
2017-02-06T06:20:41.199+0100: 2784,345: Total time for which application threads were stopped: 0,0000480 seconds, Stopping threads took: 0,0000179 seconds
2017-02-06T06:20:41.199+0100: 2784,345: Total time for which application threads were stopped: 0,0000437 seconds, Stopping threads took: 0,0000147 seconds
2017-02-06T06:20:41.199+0100: 2784,345: Total time for which application threads were stopped: 0,0000428 seconds, Stopping threads took: 0,0000149 seconds
2017-02-06T06:20:41.203+0100: 2784,349: Total time for which application threads were stopped: 0,0001036 seconds, Stopping threads took: 0,0000353 seconds
2017-02-06T06:20:41.204+0100: 2784,349: Total time for which application threads were stopped: 0,0000562 seconds, Stopping threads took: 0,0000160 seconds
2017-02-06T06:20:41.204+0100: 2784,349: Total time for which application threads were stopped: 0,0000433 seconds, Stopping threads took: 0,0000147 seconds
2017-02-06T06:20:41.204+0100: 2784,349: Total time for which application threads were stopped: 0,0000446 seconds, Stopping threads took: 0,0000144 seconds
2017-02-06T06:20:41.205+0100: 2784,350: Total time for which application threads were stopped: 0,0000758 seconds, Stopping threads took: 0,0000244 seconds
2017-02-06T06:20:41.205+0100: 2784,351: Total time for which application threads were stopped: 0,0000438 seconds, Stopping threads took: 0,0000142 seconds
2017-02-06T06:20:41.205+0100: 2784,351: Total time for which application threads were stopped: 0,0000442 seconds, Stopping threads took: 0,0000144 seconds
2017-02-06T06:20:41.207+0100: 2784,352: Total time for which application threads were stopped: 0,0000776 seconds, Stopping threads took: 0,0000273 seconds
2017-02-06T06:20:41.207+0100: 2784,352: Total time for which application threads were stopped: 0,0000568 seconds, Stopping threads took: 0,0000212 seconds
2017-02-06T06:20:41.207+0100: 2784,353: Total time for which application threads were stopped: 0,0000802 seconds, Stopping threads took: 0,0000475 seconds
2017-02-06T06:20:41.208+0100: 2784,353: Total time for which application threads were stopped: 0,0007163 seconds, Stopping threads took: 0,0006895 seconds
2017-02-06T06:20:41.208+0100: 2784,354: Total time for which application threads were stopped: 0,0000856 seconds, Stopping threads took: 0,0000493 seconds
2017-02-06T06:20:41.208+0100: 2784,354: Total time for which application threads were stopped: 0,0000373 seconds, Stopping threads took: 0,0000167 seconds
2017-02-06T06:20:41.208+0100: 2784,354: Total time for which application threads were stopped: 0,0000616 seconds, Stopping threads took: 0,0000200 seconds
2017-02-06T06:20:41.213+0100: 2784,358: Total time for which application threads were stopped: 0,0000910 seconds, Stopping threads took: 0,0000287 seconds
2017-02-06T06:20:41.213+0100: 2784,358: Total time for which application threads were stopped: 0,0000547 seconds, Stopping threads took: 0,0000229 seconds
2017-02-06T06:20:41.213+0100: 2784,358: Total time for which application threads were stopped: 0,0000684 seconds, Stopping threads took: 0,0000293 seconds
2017-02-06T06:20:41.214+0100: 2784,360: Total time for which application threads were stopped: 0,0000984 seconds, Stopping threads took: 0,0000303 seconds
Heap
 par new generation   total 109248K, used 54965K [0x00000000e0000000, 0x00000000e8000000, 0x00000000e8000000)
  eden space 87424K,  37% used [0x00000000e0000000, 0x00000000e205d7d0, 0x00000000e5560000)
  from space 21824K, 100% used [0x00000000e5560000, 0x00000000e6ab0000, 0x00000000e6ab0000)
  to   space 21824K,   0% used [0x00000000e6ab0000, 0x00000000e6ab0000, 0x00000000e8000000)
 concurrent mark-sweep generation total 393216K, used 0K [0x00000000e8000000, 0x0000000100000000, 0x0000000100000000)
 Metaspace       used 31112K, capacity 31576K, committed 31944K, reserved 1077248K
  class space    used 3578K, capacity 3778K, committed 3784K, reserved 1048576K
