OpenJDK 64-Bit Server VM (25.121-b13) for linux-amd64 JRE (1.8.0_121-8u121-b13-0ubuntu1.16.04.2-b13), built on Jan 23 2017 15:51:29 by "buildd" with gcc 5.4.0 20160609
Memory: 4k page, physical 7867764k(7431052k free), swap 8076284k(8076284k free)
CommandLine flags: -XX:CMSInitiatingOccupancyFraction=50 -XX:CMSMaxAbortablePrecleanTime=6000 -XX:+CMSParallelRemarkEnabled -XX:+CMSScavengeBeforeRemark -XX:ConcGCThreads=4 -XX:InitialHeapSize=536870912 -XX:MaxHeapSize=536870912 -XX:MaxTenuringThreshold=8 -XX:NewRatio=3 -XX:OldPLABSize=16 -XX:OnOutOfMemoryError=/opt/solr/bin/oom_solr.sh 8983 /var/solr/logs -XX:ParallelGCThreads=4 -XX:+ParallelRefProcEnabled -XX:PretenureSizeThreshold=67108864 -XX:+PrintGC -XX:+PrintGCApplicationStoppedTime -XX:+PrintGCDateStamps -XX:+PrintGCDetails -XX:+PrintGCTimeStamps -XX:+PrintHeapAtGC -XX:+PrintTenuringDistribution -XX:SurvivorRatio=4 -XX:TargetSurvivorRatio=90 -XX:ThreadStackSize=256 -XX:+UseCMSInitiatingOccupancyOnly -XX:+UseCompressedClassPointers -XX:+UseCompressedOops -XX:+UseConcMarkSweepGC -XX:+UseParNewGC 
2017-04-25T09:19:57.372+0200: 0,466: Total time for which application threads were stopped: 0,0000701 seconds, Stopping threads took: 0,0000099 seconds
2017-04-25T09:19:57.475+0200: 0,568: Total time for which application threads were stopped: 0,0001234 seconds, Stopping threads took: 0,0000293 seconds
2017-04-25T09:19:57.489+0200: 0,582: Total time for which application threads were stopped: 0,0000730 seconds, Stopping threads took: 0,0000087 seconds
2017-04-25T09:19:57.867+0200: 0,960: Total time for which application threads were stopped: 0,0001750 seconds, Stopping threads took: 0,0000217 seconds
2017-04-25T09:19:58.366+0200: 1,460: Total time for which application threads were stopped: 0,0001453 seconds, Stopping threads took: 0,0000195 seconds
2017-04-25T09:19:58.448+0200: 1,542: Total time for which application threads were stopped: 0,0001956 seconds, Stopping threads took: 0,0000344 seconds
2017-04-25T09:19:58.516+0200: 1,610: Total time for which application threads were stopped: 0,0002184 seconds, Stopping threads took: 0,0000316 seconds
2017-04-25T09:19:58.890+0200: 1,983: Total time for which application threads were stopped: 0,0002193 seconds, Stopping threads took: 0,0000249 seconds
2017-04-25T09:19:59.511+0200: 2,605: Total time for which application threads were stopped: 0,0002093 seconds, Stopping threads took: 0,0000116 seconds
2017-04-25T09:19:59.533+0200: 2,627: Total time for which application threads were stopped: 0,0002104 seconds, Stopping threads took: 0,0000195 seconds
2017-04-25T09:19:59.563+0200: 2,657: Total time for which application threads were stopped: 0,0002517 seconds, Stopping threads took: 0,0000214 seconds
2017-04-25T09:19:59.564+0200: 2,658: Total time for which application threads were stopped: 0,0001934 seconds, Stopping threads took: 0,0000135 seconds
2017-04-25T09:19:59.578+0200: 2,672: Total time for which application threads were stopped: 0,0001848 seconds, Stopping threads took: 0,0000263 seconds
2017-04-25T09:19:59.645+0200: 2,739: Total time for which application threads were stopped: 0,0002164 seconds, Stopping threads took: 0,0000200 seconds
2017-04-25T09:19:59.806+0200: 2,900: Total time for which application threads were stopped: 0,0004317 seconds, Stopping threads took: 0,0002097 seconds
{Heap before GC invocations=0 (full 0):
 par new generation   total 109248K, used 87424K [0x00000000e0000000, 0x00000000e8000000, 0x00000000e8000000)
  eden space 87424K, 100% used [0x00000000e0000000, 0x00000000e5560000, 0x00000000e5560000)
  from space 21824K,   0% used [0x00000000e5560000, 0x00000000e5560000, 0x00000000e6ab0000)
  to   space 21824K,   0% used [0x00000000e6ab0000, 0x00000000e6ab0000, 0x00000000e8000000)
 concurrent mark-sweep generation total 393216K, used 0K [0x00000000e8000000, 0x0000000100000000, 0x0000000100000000)
 Metaspace       used 17817K, capacity 18176K, committed 18304K, reserved 1064960K
  class space    used 2023K, capacity 2164K, committed 2176K, reserved 1048576K
2017-04-25T09:19:59.851+0200: 2,945: [GC (Allocation Failure) 2017-04-25T09:19:59.851+0200: 2,945: [ParNew
Desired survivor size 20112992 bytes, new threshold 8 (max 8)
- age   1:   11792528 bytes,   11792528 total
: 87424K->11628K(109248K), 0,0163768 secs] 87424K->11628K(502464K), 0,0164641 secs] [Times: user=0,04 sys=0,01, real=0,02 secs] 
Heap after GC invocations=1 (full 0):
 par new generation   total 109248K, used 11628K [0x00000000e0000000, 0x00000000e8000000, 0x00000000e8000000)
  eden space 87424K,   0% used [0x00000000e0000000, 0x00000000e0000000, 0x00000000e5560000)
  from space 21824K,  53% used [0x00000000e6ab0000, 0x00000000e760b158, 0x00000000e8000000)
  to   space 21824K,   0% used [0x00000000e5560000, 0x00000000e5560000, 0x00000000e6ab0000)
 concurrent mark-sweep generation total 393216K, used 0K [0x00000000e8000000, 0x0000000100000000, 0x0000000100000000)
 Metaspace       used 17817K, capacity 18176K, committed 18304K, reserved 1064960K
  class space    used 2023K, capacity 2164K, committed 2176K, reserved 1048576K
}
2017-04-25T09:19:59.868+0200: 2,961: Total time for which application threads were stopped: 0,0167240 seconds, Stopping threads took: 0,0001082 seconds
2017-04-25T09:20:00.235+0200: 3,329: Total time for which application threads were stopped: 0,0006399 seconds, Stopping threads took: 0,0001616 seconds
{Heap before GC invocations=1 (full 0):
 par new generation   total 109248K, used 99052K [0x00000000e0000000, 0x00000000e8000000, 0x00000000e8000000)
  eden space 87424K, 100% used [0x00000000e0000000, 0x00000000e5560000, 0x00000000e5560000)
  from space 21824K,  53% used [0x00000000e6ab0000, 0x00000000e760b158, 0x00000000e8000000)
  to   space 21824K,   0% used [0x00000000e5560000, 0x00000000e5560000, 0x00000000e6ab0000)
 concurrent mark-sweep generation total 393216K, used 0K [0x00000000e8000000, 0x0000000100000000, 0x0000000100000000)
 Metaspace       used 20021K, capacity 20370K, committed 20736K, reserved 1067008K
  class space    used 2295K, capacity 2471K, committed 2560K, reserved 1048576K
2017-04-25T09:20:00.272+0200: 3,366: [GC (Allocation Failure) 2017-04-25T09:20:00.272+0200: 3,366: [ParNew
Desired survivor size 20112992 bytes, new threshold 8 (max 8)
- age   1:    4190576 bytes,    4190576 total
- age   2:    6321520 bytes,   10512096 total
: 99052K->14943K(109248K), 0,0160330 secs] 99052K->14943K(502464K), 0,0161163 secs] [Times: user=0,05 sys=0,00, real=0,02 secs] 
Heap after GC invocations=2 (full 0):
 par new generation   total 109248K, used 14943K [0x00000000e0000000, 0x00000000e8000000, 0x00000000e8000000)
  eden space 87424K,   0% used [0x00000000e0000000, 0x00000000e0000000, 0x00000000e5560000)
  from space 21824K,  68% used [0x00000000e5560000, 0x00000000e63f7e40, 0x00000000e6ab0000)
  to   space 21824K,   0% used [0x00000000e6ab0000, 0x00000000e6ab0000, 0x00000000e8000000)
 concurrent mark-sweep generation total 393216K, used 0K [0x00000000e8000000, 0x0000000100000000, 0x0000000100000000)
 Metaspace       used 20021K, capacity 20370K, committed 20736K, reserved 1067008K
  class space    used 2295K, capacity 2471K, committed 2560K, reserved 1048576K
}
2017-04-25T09:20:00.288+0200: 3,382: Total time for which application threads were stopped: 0,0163667 seconds, Stopping threads took: 0,0000563 seconds
2017-04-25T09:20:00.306+0200: 3,399: Total time for which application threads were stopped: 0,0005559 seconds, Stopping threads took: 0,0002189 seconds
2017-04-25T09:20:00.339+0200: 3,433: Total time for which application threads were stopped: 0,0039697 seconds, Stopping threads took: 0,0035919 seconds
2017-04-25T09:20:00.488+0200: 3,582: Total time for which application threads were stopped: 0,0001952 seconds, Stopping threads took: 0,0000631 seconds
{Heap before GC invocations=2 (full 0):
 par new generation   total 109248K, used 102367K [0x00000000e0000000, 0x00000000e8000000, 0x00000000e8000000)
  eden space 87424K, 100% used [0x00000000e0000000, 0x00000000e5560000, 0x00000000e5560000)
  from space 21824K,  68% used [0x00000000e5560000, 0x00000000e63f7e40, 0x00000000e6ab0000)
  to   space 21824K,   0% used [0x00000000e6ab0000, 0x00000000e6ab0000, 0x00000000e8000000)
 concurrent mark-sweep generation total 393216K, used 0K [0x00000000e8000000, 0x0000000100000000, 0x0000000100000000)
 Metaspace       used 20981K, capacity 21298K, committed 21628K, reserved 1069056K
  class space    used 2418K, capacity 2591K, committed 2684K, reserved 1048576K
2017-04-25T09:20:00.531+0200: 3,624: [GC (Allocation Failure) 2017-04-25T09:20:00.531+0200: 3,624: [ParNew
Desired survivor size 20112992 bytes, new threshold 8 (max 8)
- age   1:    2393456 bytes,    2393456 total
- age   2:    1150760 bytes,    3544216 total
- age   3:    6318888 bytes,    9863104 total
: 102367K->12863K(109248K), 0,0122748 secs] 102367K->12863K(502464K), 0,0123661 secs] [Times: user=0,04 sys=0,00, real=0,02 secs] 
Heap after GC invocations=3 (full 0):
 par new generation   total 109248K, used 12863K [0x00000000e0000000, 0x00000000e8000000, 0x00000000e8000000)
  eden space 87424K,   0% used [0x00000000e0000000, 0x00000000e0000000, 0x00000000e5560000)
  from space 21824K,  58% used [0x00000000e6ab0000, 0x00000000e773ffd0, 0x00000000e8000000)
  to   space 21824K,   0% used [0x00000000e5560000, 0x00000000e5560000, 0x00000000e6ab0000)
 concurrent mark-sweep generation total 393216K, used 0K [0x00000000e8000000, 0x0000000100000000, 0x0000000100000000)
 Metaspace       used 20981K, capacity 21298K, committed 21628K, reserved 1069056K
  class space    used 2418K, capacity 2591K, committed 2684K, reserved 1048576K
}
2017-04-25T09:20:00.543+0200: 3,637: Total time for which application threads were stopped: 0,0126506 seconds, Stopping threads took: 0,0001000 seconds
2017-04-25T09:20:00.544+0200: 3,637: [GC (CMS Initial Mark) [1 CMS-initial-mark: 0K(393216K)] 12879K(502464K), 0,0054447 secs] [Times: user=0,02 sys=0,00, real=0,00 secs] 
2017-04-25T09:20:00.549+0200: 3,643: Total time for which application threads were stopped: 0,0057705 seconds, Stopping threads took: 0,0002175 seconds
2017-04-25T09:20:00.549+0200: 3,643: [CMS-concurrent-mark-start]
2017-04-25T09:20:00.549+0200: 3,643: [CMS-concurrent-mark: 0,000/0,000 secs] [Times: user=0,00 sys=0,00, real=0,00 secs] 
2017-04-25T09:20:00.550+0200: 3,643: [CMS-concurrent-preclean-start]
2017-04-25T09:20:00.551+0200: 3,644: [CMS-concurrent-preclean: 0,001/0,001 secs] [Times: user=0,01 sys=0,00, real=0,00 secs] 
2017-04-25T09:20:00.551+0200: 3,644: [CMS-concurrent-abortable-preclean-start]
2017-04-25T09:20:00.642+0200: 3,736: Total time for which application threads were stopped: 0,0002134 seconds, Stopping threads took: 0,0000881 seconds
{Heap before GC invocations=3 (full 1):
 par new generation   total 109248K, used 100287K [0x00000000e0000000, 0x00000000e8000000, 0x00000000e8000000)
  eden space 87424K, 100% used [0x00000000e0000000, 0x00000000e5560000, 0x00000000e5560000)
  from space 21824K,  58% used [0x00000000e6ab0000, 0x00000000e773ffd0, 0x00000000e8000000)
  to   space 21824K,   0% used [0x00000000e5560000, 0x00000000e5560000, 0x00000000e6ab0000)
 concurrent mark-sweep generation total 393216K, used 0K [0x00000000e8000000, 0x0000000100000000, 0x0000000100000000)
 Metaspace       used 21234K, capacity 21632K, committed 21884K, reserved 1069056K
  class space    used 2446K, capacity 2605K, committed 2684K, reserved 1048576K
2017-04-25T09:20:00.703+0200: 3,796: [GC (Allocation Failure) 2017-04-25T09:20:00.703+0200: 3,796: [ParNew
Desired survivor size 20112992 bytes, new threshold 8 (max 8)
- age   1:     367952 bytes,     367952 total
- age   2:    1492952 bytes,    1860904 total
- age   3:    1115872 bytes,    2976776 total
- age   4:    6318808 bytes,    9295584 total
: 100287K->11342K(109248K), 0,0097087 secs] 100287K->11342K(502464K), 0,0097791 secs] [Times: user=0,03 sys=0,00, real=0,00 secs] 
Heap after GC invocations=4 (full 1):
 par new generation   total 109248K, used 11342K [0x00000000e0000000, 0x00000000e8000000, 0x00000000e8000000)
  eden space 87424K,   0% used [0x00000000e0000000, 0x00000000e0000000, 0x00000000e5560000)
  from space 21824K,  51% used [0x00000000e5560000, 0x00000000e6073b40, 0x00000000e6ab0000)
  to   space 21824K,   0% used [0x00000000e6ab0000, 0x00000000e6ab0000, 0x00000000e8000000)
 concurrent mark-sweep generation total 393216K, used 0K [0x00000000e8000000, 0x0000000100000000, 0x0000000100000000)
 Metaspace       used 21234K, capacity 21632K, committed 21884K, reserved 1069056K
  class space    used 2446K, capacity 2605K, committed 2684K, reserved 1048576K
}
2017-04-25T09:20:00.713+0200: 3,806: Total time for which application threads were stopped: 0,0105170 seconds, Stopping threads took: 0,0005930 seconds
2017-04-25T09:20:00.713+0200: 3,806: [CMS-concurrent-abortable-preclean: 0,092/0,162 secs] [Times: user=0,44 sys=0,02, real=0,16 secs] 
2017-04-25T09:20:00.713+0200: 3,807: [GC (CMS Final Remark) [YG occupancy: 12720 K (109248 K)]{Heap before GC invocations=4 (full 1):
 par new generation   total 109248K, used 12720K [0x00000000e0000000, 0x00000000e8000000, 0x00000000e8000000)
  eden space 87424K,   1% used [0x00000000e0000000, 0x00000000e01584d8, 0x00000000e5560000)
  from space 21824K,  51% used [0x00000000e5560000, 0x00000000e6073b40, 0x00000000e6ab0000)
  to   space 21824K,   0% used [0x00000000e6ab0000, 0x00000000e6ab0000, 0x00000000e8000000)
 concurrent mark-sweep generation total 393216K, used 0K [0x00000000e8000000, 0x0000000100000000, 0x0000000100000000)
 Metaspace       used 21234K, capacity 21632K, committed 21884K, reserved 1069056K
  class space    used 2446K, capacity 2605K, committed 2684K, reserved 1048576K
2017-04-25T09:20:00.713+0200: 3,807: [GC (CMS Final Remark) 2017-04-25T09:20:00.713+0200: 3,807: [ParNew
Desired survivor size 20112992 bytes, new threshold 8 (max 8)
- age   1:     246704 bytes,     246704 total
- age   2:     216568 bytes,     463272 total
- age   3:    1492952 bytes,    1956224 total
- age   4:    1115872 bytes,    3072096 total
- age   5:    6318992 bytes,    9391088 total
: 12720K->16137K(109248K), 0,0094098 secs] 12720K->16137K(502464K), 0,0094465 secs] [Times: user=0,04 sys=0,00, real=0,01 secs] 
Heap after GC invocations=5 (full 1):
 par new generation   total 109248K, used 16137K [0x00000000e0000000, 0x00000000e8000000, 0x00000000e8000000)
  eden space 87424K,   0% used [0x00000000e0000000, 0x00000000e0000000, 0x00000000e5560000)
  from space 21824K,  73% used [0x00000000e6ab0000, 0x00000000e7a72480, 0x00000000e8000000)
  to   space 21824K,   0% used [0x00000000e5560000, 0x00000000e5560000, 0x00000000e6ab0000)
 concurrent mark-sweep generation total 393216K, used 0K [0x00000000e8000000, 0x0000000100000000, 0x0000000100000000)
 Metaspace       used 21234K, capacity 21632K, committed 21884K, reserved 1069056K
  class space    used 2446K, capacity 2605K, committed 2684K, reserved 1048576K
}
2017-04-25T09:20:00.723+0200: 3,816: [Rescan (parallel) , 0,0033173 secs]2017-04-25T09:20:00.726+0200: 3,819: [weak refs processing, 0,0006050 secs]2017-04-25T09:20:00.726+0200: 3,820: [class unloading, 0,0029542 secs]2017-04-25T09:20:00.729+0200: 3,823: [scrub symbol table, 0,0027362 secs]2017-04-25T09:20:00.732+0200: 3,826: [scrub string table, 0,0003941 secs][1 CMS-remark: 0K(393216K)] 16137K(502464K), 0,0201190 secs] [Times: user=0,06 sys=0,00, real=0,02 secs] 
2017-04-25T09:20:00.733+0200: 3,827: Total time for which application threads were stopped: 0,0202628 seconds, Stopping threads took: 0,0000540 seconds
2017-04-25T09:20:00.733+0200: 3,827: [CMS-concurrent-sweep-start]
2017-04-25T09:20:00.733+0200: 3,827: [CMS-concurrent-sweep: 0,000/0,000 secs] [Times: user=0,00 sys=0,00, real=0,00 secs] 
2017-04-25T09:20:00.733+0200: 3,827: [CMS-concurrent-reset-start]
2017-04-25T09:20:00.738+0200: 3,832: [CMS-concurrent-reset: 0,005/0,005 secs] [Times: user=0,02 sys=0,00, real=0,01 secs] 
{Heap before GC invocations=5 (full 1):
 par new generation   total 109248K, used 103561K [0x00000000e0000000, 0x00000000e8000000, 0x00000000e8000000)
  eden space 87424K, 100% used [0x00000000e0000000, 0x00000000e5560000, 0x00000000e5560000)
  from space 21824K,  73% used [0x00000000e6ab0000, 0x00000000e7a72480, 0x00000000e8000000)
  to   space 21824K,   0% used [0x00000000e5560000, 0x00000000e5560000, 0x00000000e6ab0000)
 concurrent mark-sweep generation total 393216K, used 0K [0x00000000e8000000, 0x0000000100000000, 0x0000000100000000)
 Metaspace       used 21356K, capacity 21798K, committed 21884K, reserved 1069056K
  class space    used 2465K, capacity 2638K, committed 2684K, reserved 1048576K
2017-04-25T09:20:00.825+0200: 3,919: [GC (Allocation Failure) 2017-04-25T09:20:00.825+0200: 3,919: [ParNew
Desired survivor size 20112992 bytes, new threshold 8 (max 8)
- age   1:    1390136 bytes,    1390136 total
- age   3:     180448 bytes,    1570584 total
- age   4:    1492784 bytes,    3063368 total
- age   5:    1113824 bytes,    4177192 total
- age   6:    6318872 bytes,   10496064 total
: 103561K->11851K(109248K), 0,0101678 secs] 103561K->11851K(502464K), 0,0102440 secs] [Times: user=0,03 sys=0,00, real=0,01 secs] 
Heap after GC invocations=6 (full 1):
 par new generation   total 109248K, used 11851K [0x00000000e0000000, 0x00000000e8000000, 0x00000000e8000000)
  eden space 87424K,   0% used [0x00000000e0000000, 0x00000000e0000000, 0x00000000e5560000)
  from space 21824K,  54% used [0x00000000e5560000, 0x00000000e60f2ff0, 0x00000000e6ab0000)
  to   space 21824K,   0% used [0x00000000e6ab0000, 0x00000000e6ab0000, 0x00000000e8000000)
 concurrent mark-sweep generation total 393216K, used 0K [0x00000000e8000000, 0x0000000100000000, 0x0000000100000000)
 Metaspace       used 21356K, capacity 21798K, committed 21884K, reserved 1069056K
  class space    used 2465K, capacity 2638K, committed 2684K, reserved 1048576K
}
2017-04-25T09:20:00.836+0200: 3,929: Total time for which application threads were stopped: 0,0105872 seconds, Stopping threads took: 0,0001995 seconds
2017-04-25T09:20:00.874+0200: 3,968: Total time for which application threads were stopped: 0,0003549 seconds, Stopping threads took: 0,0000466 seconds
2017-04-25T09:20:00.957+0200: 4,050: Total time for which application threads were stopped: 0,0003173 seconds, Stopping threads took: 0,0000589 seconds
2017-04-25T09:20:01.012+0200: 4,106: Total time for which application threads were stopped: 0,0002661 seconds, Stopping threads took: 0,0001455 seconds
2017-04-25T09:20:01.017+0200: 4,110: Total time for which application threads were stopped: 0,0003906 seconds, Stopping threads took: 0,0003018 seconds
2017-04-25T09:20:01.017+0200: 4,110: Total time for which application threads were stopped: 0,0000841 seconds, Stopping threads took: 0,0000246 seconds
2017-04-25T09:20:01.077+0200: 4,170: Total time for which application threads were stopped: 0,0001620 seconds, Stopping threads took: 0,0000511 seconds
2017-04-25T09:20:01.112+0200: 4,205: Total time for which application threads were stopped: 0,0001323 seconds, Stopping threads took: 0,0000523 seconds
2017-04-25T09:20:01.112+0200: 4,206: Total time for which application threads were stopped: 0,0001124 seconds, Stopping threads took: 0,0000503 seconds
2017-04-25T09:20:01.112+0200: 4,206: Total time for which application threads were stopped: 0,0000734 seconds, Stopping threads took: 0,0000315 seconds
2017-04-25T09:20:01.113+0200: 4,206: Total time for which application threads were stopped: 0,0001131 seconds, Stopping threads took: 0,0000440 seconds
2017-04-25T09:20:01.113+0200: 4,206: Total time for which application threads were stopped: 0,0000688 seconds, Stopping threads took: 0,0000134 seconds
2017-04-25T09:20:01.113+0200: 4,206: Total time for which application threads were stopped: 0,0000727 seconds, Stopping threads took: 0,0000197 seconds
2017-04-25T09:20:01.113+0200: 4,207: Total time for which application threads were stopped: 0,0000909 seconds, Stopping threads took: 0,0000137 seconds
2017-04-25T09:20:01.113+0200: 4,207: Total time for which application threads were stopped: 0,0000633 seconds, Stopping threads took: 0,0000108 seconds
2017-04-25T09:20:01.114+0200: 4,207: Total time for which application threads were stopped: 0,0000657 seconds, Stopping threads took: 0,0000087 seconds
2017-04-25T09:20:01.114+0200: 4,207: Total time for which application threads were stopped: 0,0000608 seconds, Stopping threads took: 0,0000083 seconds
2017-04-25T09:20:01.114+0200: 4,207: Total time for which application threads were stopped: 0,0000570 seconds, Stopping threads took: 0,0000080 seconds
2017-04-25T09:20:01.114+0200: 4,208: Total time for which application threads were stopped: 0,0000709 seconds, Stopping threads took: 0,0000102 seconds
2017-04-25T09:20:01.114+0200: 4,208: Total time for which application threads were stopped: 0,0000582 seconds, Stopping threads took: 0,0000081 seconds
2017-04-25T09:20:01.114+0200: 4,208: Total time for which application threads were stopped: 0,0000646 seconds, Stopping threads took: 0,0000086 seconds
2017-04-25T09:20:01.114+0200: 4,208: Total time for which application threads were stopped: 0,0000568 seconds, Stopping threads took: 0,0000082 seconds
2017-04-25T09:20:01.114+0200: 4,208: Total time for which application threads were stopped: 0,0000601 seconds, Stopping threads took: 0,0000082 seconds
2017-04-25T09:20:01.119+0200: 4,212: Total time for which application threads were stopped: 0,0001455 seconds, Stopping threads took: 0,0000221 seconds
2017-04-25T09:20:01.119+0200: 4,213: Total time for which application threads were stopped: 0,0001028 seconds, Stopping threads took: 0,0000317 seconds
2017-04-25T09:20:01.121+0200: 4,214: Total time for which application threads were stopped: 0,0013123 seconds, Stopping threads took: 0,0010850 seconds
2017-04-25T09:20:01.121+0200: 4,215: Total time for which application threads were stopped: 0,0004166 seconds, Stopping threads took: 0,0003107 seconds
2017-04-25T09:20:01.123+0200: 4,216: Total time for which application threads were stopped: 0,0001786 seconds, Stopping threads took: 0,0001122 seconds
2017-04-25T09:20:01.124+0200: 4,217: Total time for which application threads were stopped: 0,0006155 seconds, Stopping threads took: 0,0005251 seconds
2017-04-25T09:20:01.124+0200: 4,218: Total time for which application threads were stopped: 0,0001181 seconds, Stopping threads took: 0,0000357 seconds
2017-04-25T09:20:01.125+0200: 4,218: Total time for which application threads were stopped: 0,0000920 seconds, Stopping threads took: 0,0000228 seconds
2017-04-25T09:20:01.125+0200: 4,218: Total time for which application threads were stopped: 0,0000764 seconds, Stopping threads took: 0,0000227 seconds
2017-04-25T09:20:01.125+0200: 4,218: Total time for which application threads were stopped: 0,0001236 seconds, Stopping threads took: 0,0000656 seconds
2017-04-25T09:20:01.127+0200: 4,221: Total time for which application threads were stopped: 0,0002648 seconds, Stopping threads took: 0,0001622 seconds
2017-04-25T09:20:01.127+0200: 4,221: Total time for which application threads were stopped: 0,0000939 seconds, Stopping threads took: 0,0000247 seconds
2017-04-25T09:20:01.127+0200: 4,221: Total time for which application threads were stopped: 0,0001048 seconds, Stopping threads took: 0,0000532 seconds
2017-04-25T09:20:01.128+0200: 4,221: Total time for which application threads were stopped: 0,0001981 seconds, Stopping threads took: 0,0001082 seconds
2017-04-25T09:20:01.128+0200: 4,222: Total time for which application threads were stopped: 0,0002772 seconds, Stopping threads took: 0,0002135 seconds
2017-04-25T09:20:01.129+0200: 4,223: Total time for which application threads were stopped: 0,0006534 seconds, Stopping threads took: 0,0005449 seconds
2017-04-25T09:20:01.129+0200: 4,223: Total time for which application threads were stopped: 0,0001120 seconds, Stopping threads took: 0,0000302 seconds
2017-04-25T09:20:01.129+0200: 4,223: Total time for which application threads were stopped: 0,0001134 seconds, Stopping threads took: 0,0000400 seconds
2017-04-25T09:20:01.130+0200: 4,223: Total time for which application threads were stopped: 0,0001161 seconds, Stopping threads took: 0,0000349 seconds
2017-04-25T09:20:01.130+0200: 4,223: Total time for which application threads were stopped: 0,0000943 seconds, Stopping threads took: 0,0000249 seconds
2017-04-25T09:20:01.130+0200: 4,224: Total time for which application threads were stopped: 0,0000916 seconds, Stopping threads took: 0,0000195 seconds
2017-04-25T09:20:01.130+0200: 4,224: Total time for which application threads were stopped: 0,0001076 seconds, Stopping threads took: 0,0000331 seconds
2017-04-25T09:20:01.131+0200: 4,224: Total time for which application threads were stopped: 0,0001962 seconds, Stopping threads took: 0,0001166 seconds
2017-04-25T09:20:01.131+0200: 4,224: Total time for which application threads were stopped: 0,0001773 seconds, Stopping threads took: 0,0001188 seconds
2017-04-25T09:20:01.131+0200: 4,224: Total time for which application threads were stopped: 0,0000965 seconds, Stopping threads took: 0,0000215 seconds
2017-04-25T09:20:01.131+0200: 4,224: Total time for which application threads were stopped: 0,0000705 seconds, Stopping threads took: 0,0000165 seconds
2017-04-25T09:20:01.132+0200: 4,225: Total time for which application threads were stopped: 0,0001212 seconds, Stopping threads took: 0,0000387 seconds
2017-04-25T09:20:01.132+0200: 4,226: Total time for which application threads were stopped: 0,0001099 seconds, Stopping threads took: 0,0000240 seconds
2017-04-25T09:20:01.132+0200: 4,226: Total time for which application threads were stopped: 0,0001129 seconds, Stopping threads took: 0,0000293 seconds
2017-04-25T09:20:01.133+0200: 4,226: Total time for which application threads were stopped: 0,0000839 seconds, Stopping threads took: 0,0000176 seconds
2017-04-25T09:20:01.133+0200: 4,226: Total time for which application threads were stopped: 0,0000793 seconds, Stopping threads took: 0,0000181 seconds
2017-04-25T09:20:01.133+0200: 4,226: Total time for which application threads were stopped: 0,0000790 seconds, Stopping threads took: 0,0000215 seconds
2017-04-25T09:20:01.133+0200: 4,226: Total time for which application threads were stopped: 0,0000744 seconds, Stopping threads took: 0,0000170 seconds
2017-04-25T09:20:01.133+0200: 4,227: Total time for which application threads were stopped: 0,0000746 seconds, Stopping threads took: 0,0000169 seconds
2017-04-25T09:20:01.133+0200: 4,227: Total time for which application threads were stopped: 0,0001102 seconds, Stopping threads took: 0,0000230 seconds
2017-04-25T09:20:01.134+0200: 4,227: Total time for which application threads were stopped: 0,0001840 seconds, Stopping threads took: 0,0000225 seconds
2017-04-25T09:20:01.140+0200: 4,234: Total time for which application threads were stopped: 0,0001240 seconds, Stopping threads took: 0,0000384 seconds
2017-04-25T09:20:01.141+0200: 4,235: Total time for which application threads were stopped: 0,0005320 seconds, Stopping threads took: 0,0000568 seconds
2017-04-25T09:20:01.147+0200: 4,240: Total time for which application threads were stopped: 0,0011490 seconds, Stopping threads took: 0,0010595 seconds
2017-04-25T09:20:01.147+0200: 4,240: Total time for which application threads were stopped: 0,0000704 seconds, Stopping threads took: 0,0000199 seconds
2017-04-25T09:20:01.150+0200: 4,243: Total time for which application threads were stopped: 0,0001034 seconds, Stopping threads took: 0,0000311 seconds
2017-04-25T09:20:01.150+0200: 4,244: Total time for which application threads were stopped: 0,0000644 seconds, Stopping threads took: 0,0000225 seconds
2017-04-25T09:20:01.158+0200: 4,251: Total time for which application threads were stopped: 0,0003529 seconds, Stopping threads took: 0,0000213 seconds
2017-04-25T09:20:01.173+0200: 4,266: Total time for which application threads were stopped: 0,0001390 seconds, Stopping threads took: 0,0000353 seconds
2017-04-25T09:20:01.173+0200: 4,267: Total time for which application threads were stopped: 0,0004559 seconds, Stopping threads took: 0,0003685 seconds
2017-04-25T09:20:01.175+0200: 4,269: Total time for which application threads were stopped: 0,0005616 seconds, Stopping threads took: 0,0004703 seconds
2017-04-25T09:20:01.183+0200: 4,276: Total time for which application threads were stopped: 0,0029402 seconds, Stopping threads took: 0,0027477 seconds
2017-04-25T09:20:01.185+0200: 4,278: Total time for which application threads were stopped: 0,0001070 seconds, Stopping threads took: 0,0000396 seconds
2017-04-25T09:20:01.187+0200: 4,280: Total time for which application threads were stopped: 0,0001485 seconds, Stopping threads took: 0,0000562 seconds
2017-04-25T09:20:01.187+0200: 4,281: Total time for which application threads were stopped: 0,0001201 seconds, Stopping threads took: 0,0000517 seconds
2017-04-25T09:20:01.200+0200: 4,294: Total time for which application threads were stopped: 0,0001398 seconds, Stopping threads took: 0,0000741 seconds
2017-04-25T09:20:01.200+0200: 4,294: Total time for which application threads were stopped: 0,0000694 seconds, Stopping threads took: 0,0000313 seconds
2017-04-25T09:20:01.201+0200: 4,294: Total time for which application threads were stopped: 0,0000524 seconds, Stopping threads took: 0,0000162 seconds
2017-04-25T09:20:01.201+0200: 4,295: Total time for which application threads were stopped: 0,0001347 seconds, Stopping threads took: 0,0000514 seconds
2017-04-25T09:20:01.202+0200: 4,295: Total time for which application threads were stopped: 0,0000970 seconds, Stopping threads took: 0,0000360 seconds
2017-04-25T09:20:01.208+0200: 4,302: Total time for which application threads were stopped: 0,0001638 seconds, Stopping threads took: 0,0000507 seconds
2017-04-25T09:20:01.212+0200: 4,305: Total time for which application threads were stopped: 0,0001016 seconds, Stopping threads took: 0,0000376 seconds
2017-04-25T09:20:01.212+0200: 4,306: Total time for which application threads were stopped: 0,0002134 seconds, Stopping threads took: 0,0001539 seconds
2017-04-25T09:20:01.269+0200: 4,363: Total time for which application threads were stopped: 0,0002170 seconds, Stopping threads took: 0,0000772 seconds
2017-04-25T09:20:01.270+0200: 4,363: Total time for which application threads were stopped: 0,0001107 seconds, Stopping threads took: 0,0000681 seconds
2017-04-25T09:20:01.278+0200: 4,372: Total time for which application threads were stopped: 0,0001331 seconds, Stopping threads took: 0,0000411 seconds
2017-04-25T09:20:01.280+0200: 4,373: Total time for which application threads were stopped: 0,0001286 seconds, Stopping threads took: 0,0000424 seconds
2017-04-25T09:20:01.281+0200: 4,374: Total time for which application threads were stopped: 0,0001451 seconds, Stopping threads took: 0,0000562 seconds
2017-04-25T09:20:01.299+0200: 4,393: Total time for which application threads were stopped: 0,0005396 seconds, Stopping threads took: 0,0004597 seconds
2017-04-25T09:20:01.308+0200: 4,401: Total time for which application threads were stopped: 0,0001439 seconds, Stopping threads took: 0,0000736 seconds
2017-04-25T09:20:01.315+0200: 4,408: Total time for which application threads were stopped: 0,0035722 seconds, Stopping threads took: 0,0034663 seconds
2017-04-25T09:20:01.315+0200: 4,409: Total time for which application threads were stopped: 0,0000782 seconds, Stopping threads took: 0,0000198 seconds
2017-04-25T09:20:01.315+0200: 4,409: Total time for which application threads were stopped: 0,0000534 seconds, Stopping threads took: 0,0000102 seconds
2017-04-25T09:20:01.316+0200: 4,409: Total time for which application threads were stopped: 0,0000490 seconds, Stopping threads took: 0,0000143 seconds
2017-04-25T09:20:01.316+0200: 4,409: Total time for which application threads were stopped: 0,0002791 seconds, Stopping threads took: 0,0002207 seconds
2017-04-25T09:20:01.316+0200: 4,410: Total time for which application threads were stopped: 0,0000955 seconds, Stopping threads took: 0,0000325 seconds
2017-04-25T09:20:01.319+0200: 4,412: Total time for which application threads were stopped: 0,0001538 seconds, Stopping threads took: 0,0000631 seconds
2017-04-25T09:20:01.320+0200: 4,414: Total time for which application threads were stopped: 0,0002509 seconds, Stopping threads took: 0,0000537 seconds
{Heap before GC invocations=6 (full 1):
 par new generation   total 109248K, used 99275K [0x00000000e0000000, 0x00000000e8000000, 0x00000000e8000000)
  eden space 87424K, 100% used [0x00000000e0000000, 0x00000000e5560000, 0x00000000e5560000)
  from space 21824K,  54% used [0x00000000e5560000, 0x00000000e60f2ff0, 0x00000000e6ab0000)
  to   space 21824K,   0% used [0x00000000e6ab0000, 0x00000000e6ab0000, 0x00000000e8000000)
 concurrent mark-sweep generation total 393216K, used 0K [0x00000000e8000000, 0x0000000100000000, 0x0000000100000000)
 Metaspace       used 24149K, capacity 24618K, committed 24828K, reserved 1071104K
  class space    used 2840K, capacity 3044K, committed 3068K, reserved 1048576K
2017-04-25T09:20:01.335+0200: 4,428: [GC (Allocation Failure) 2017-04-25T09:20:01.335+0200: 4,428: [ParNew
Desired survivor size 20112992 bytes, new threshold 8 (max 8)
- age   1:    5815728 bytes,    5815728 total
- age   2:     106032 bytes,    5921760 total
- age   4:     178904 bytes,    6100664 total
- age   5:     323328 bytes,    6423992 total
- age   6:    1089408 bytes,    7513400 total
- age   7:    6310808 bytes,   13824208 total
: 99275K->17529K(109248K), 0,0157952 secs] 99275K->17529K(502464K), 0,0158968 secs] [Times: user=0,05 sys=0,00, real=0,01 secs] 
Heap after GC invocations=7 (full 1):
 par new generation   total 109248K, used 17529K [0x00000000e0000000, 0x00000000e8000000, 0x00000000e8000000)
  eden space 87424K,   0% used [0x00000000e0000000, 0x00000000e0000000, 0x00000000e5560000)
  from space 21824K,  80% used [0x00000000e6ab0000, 0x00000000e7bce740, 0x00000000e8000000)
  to   space 21824K,   0% used [0x00000000e5560000, 0x00000000e5560000, 0x00000000e6ab0000)
 concurrent mark-sweep generation total 393216K, used 0K [0x00000000e8000000, 0x0000000100000000, 0x0000000100000000)
 Metaspace       used 24149K, capacity 24618K, committed 24828K, reserved 1071104K
  class space    used 2840K, capacity 3044K, committed 3068K, reserved 1048576K
}
2017-04-25T09:20:01.351+0200: 4,444: Total time for which application threads were stopped: 0,0198365 seconds, Stopping threads took: 0,0037931 seconds
2017-04-25T09:20:01.352+0200: 4,446: Total time for which application threads were stopped: 0,0001367 seconds, Stopping threads took: 0,0000558 seconds
2017-04-25T09:20:01.352+0200: 4,446: Total time for which application threads were stopped: 0,0000774 seconds, Stopping threads took: 0,0000284 seconds
{Heap before GC invocations=7 (full 1):
 par new generation   total 109248K, used 104953K [0x00000000e0000000, 0x00000000e8000000, 0x00000000e8000000)
  eden space 87424K, 100% used [0x00000000e0000000, 0x00000000e5560000, 0x00000000e5560000)
  from space 21824K,  80% used [0x00000000e6ab0000, 0x00000000e7bce740, 0x00000000e8000000)
  to   space 21824K,   0% used [0x00000000e5560000, 0x00000000e5560000, 0x00000000e6ab0000)
 concurrent mark-sweep generation total 393216K, used 0K [0x00000000e8000000, 0x0000000100000000, 0x0000000100000000)
 Metaspace       used 24597K, capacity 25104K, committed 25468K, reserved 1071104K
  class space    used 2881K, capacity 3077K, committed 3196K, reserved 1048576K
2017-04-25T09:20:01.444+0200: 4,538: [GC (Allocation Failure) 2017-04-25T09:20:01.444+0200: 4,538: [ParNew
Desired survivor size 20112992 bytes, new threshold 8 (max 8)
- age   1:    1452544 bytes,    1452544 total
- age   2:    1810936 bytes,    3263480 total
- age   3:      62000 bytes,    3325480 total
- age   5:      96448 bytes,    3421928 total
- age   6:     196992 bytes,    3618920 total
- age   7:     877464 bytes,    4496384 total
- age   8:    5976552 bytes,   10472936 total
: 104953K->14507K(109248K), 0,0112214 secs] 104953K->14507K(502464K), 0,0113077 secs] [Times: user=0,04 sys=0,00, real=0,01 secs] 
Heap after GC invocations=8 (full 1):
 par new generation   total 109248K, used 14507K [0x00000000e0000000, 0x00000000e8000000, 0x00000000e8000000)
  eden space 87424K,   0% used [0x00000000e0000000, 0x00000000e0000000, 0x00000000e5560000)
  from space 21824K,  66% used [0x00000000e5560000, 0x00000000e638ad40, 0x00000000e6ab0000)
  to   space 21824K,   0% used [0x00000000e6ab0000, 0x00000000e6ab0000, 0x00000000e8000000)
 concurrent mark-sweep generation total 393216K, used 0K [0x00000000e8000000, 0x0000000100000000, 0x0000000100000000)
 Metaspace       used 24597K, capacity 25104K, committed 25468K, reserved 1071104K
  class space    used 2881K, capacity 3077K, committed 3196K, reserved 1048576K
}
2017-04-25T09:20:01.456+0200: 4,549: Total time for which application threads were stopped: 0,0116470 seconds, Stopping threads took: 0,0000807 seconds
2017-04-25T09:20:01.456+0200: 4,550: Total time for which application threads were stopped: 0,0001429 seconds, Stopping threads took: 0,0000286 seconds
2017-04-25T09:20:01.456+0200: 4,550: Total time for which application threads were stopped: 0,0000761 seconds, Stopping threads took: 0,0000096 seconds
2017-04-25T09:20:01.456+0200: 4,550: Total time for which application threads were stopped: 0,0000612 seconds, Stopping threads took: 0,0000089 seconds
{Heap before GC invocations=8 (full 1):
 par new generation   total 109248K, used 101931K [0x00000000e0000000, 0x00000000e8000000, 0x00000000e8000000)
  eden space 87424K, 100% used [0x00000000e0000000, 0x00000000e5560000, 0x00000000e5560000)
  from space 21824K,  66% used [0x00000000e5560000, 0x00000000e638ad40, 0x00000000e6ab0000)
  to   space 21824K,   0% used [0x00000000e6ab0000, 0x00000000e6ab0000, 0x00000000e8000000)
 concurrent mark-sweep generation total 393216K, used 0K [0x00000000e8000000, 0x0000000100000000, 0x0000000100000000)
 Metaspace       used 24853K, capacity 25322K, committed 25468K, reserved 1071104K
  class space    used 2900K, capacity 3082K, committed 3196K, reserved 1048576K
2017-04-25T09:20:01.528+0200: 4,621: [GC (Allocation Failure) 2017-04-25T09:20:01.528+0200: 4,621: [ParNew
Desired survivor size 20112992 bytes, new threshold 8 (max 8)
- age   1:     604712 bytes,     604712 total
- age   2:    1066104 bytes,    1670816 total
- age   3:    1778456 bytes,    3449272 total
- age   4:      62000 bytes,    3511272 total
- age   6:      96344 bytes,    3607616 total
- age   7:     196656 bytes,    3804272 total
- age   8:     877464 bytes,    4681736 total
: 101931K->7060K(109248K), 0,0517183 secs] 101931K->13481K(502464K), 0,0518371 secs] [Times: user=0,17 sys=0,00, real=0,05 secs] 
Heap after GC invocations=9 (full 1):
 par new generation   total 109248K, used 7060K [0x00000000e0000000, 0x00000000e8000000, 0x00000000e8000000)
  eden space 87424K,   0% used [0x00000000e0000000, 0x00000000e0000000, 0x00000000e5560000)
  from space 21824K,  32% used [0x00000000e6ab0000, 0x00000000e7195398, 0x00000000e8000000)
  to   space 21824K,   0% used [0x00000000e5560000, 0x00000000e5560000, 0x00000000e6ab0000)
 concurrent mark-sweep generation total 393216K, used 6420K [0x00000000e8000000, 0x0000000100000000, 0x0000000100000000)
 Metaspace       used 24853K, capacity 25322K, committed 25468K, reserved 1071104K
  class space    used 2900K, capacity 3082K, committed 3196K, reserved 1048576K
}
2017-04-25T09:20:01.580+0200: 4,673: Total time for which application threads were stopped: 0,0566952 seconds, Stopping threads took: 0,0046551 seconds
2017-04-25T09:20:01.743+0200: 4,836: Total time for which application threads were stopped: 0,0015160 seconds, Stopping threads took: 0,0014066 seconds
2017-04-25T09:20:01.743+0200: 4,837: Total time for which application threads were stopped: 0,0001010 seconds, Stopping threads took: 0,0000406 seconds
2017-04-25T09:20:01.746+0200: 4,840: Total time for which application threads were stopped: 0,0001207 seconds, Stopping threads took: 0,0000408 seconds
2017-04-25T09:20:01.747+0200: 4,840: Total time for which application threads were stopped: 0,0001258 seconds, Stopping threads took: 0,0000430 seconds
2017-04-25T09:20:01.749+0200: 4,842: Total time for which application threads were stopped: 0,0018007 seconds, Stopping threads took: 0,0017121 seconds
2017-04-25T09:20:01.762+0200: 4,855: Total time for which application threads were stopped: 0,0001706 seconds, Stopping threads took: 0,0000515 seconds
2017-04-25T09:20:01.782+0200: 4,875: Total time for which application threads were stopped: 0,0001754 seconds, Stopping threads took: 0,0000531 seconds
2017-04-25T09:20:01.795+0200: 4,888: Total time for which application threads were stopped: 0,0019298 seconds, Stopping threads took: 0,0017987 seconds
2017-04-25T09:20:01.797+0200: 4,890: Total time for which application threads were stopped: 0,0001852 seconds, Stopping threads took: 0,0000567 seconds
2017-04-25T09:20:01.809+0200: 4,902: Total time for which application threads were stopped: 0,0061977 seconds, Stopping threads took: 0,0060396 seconds
2017-04-25T09:20:01.815+0200: 4,908: Total time for which application threads were stopped: 0,0002759 seconds, Stopping threads took: 0,0001324 seconds
2017-04-25T09:20:01.842+0200: 4,936: Total time for which application threads were stopped: 0,0001793 seconds, Stopping threads took: 0,0000868 seconds
2017-04-25T09:20:01.888+0200: 4,982: Total time for which application threads were stopped: 0,0001327 seconds, Stopping threads took: 0,0000300 seconds
2017-04-25T09:20:01.897+0200: 4,990: Total time for which application threads were stopped: 0,0004294 seconds, Stopping threads took: 0,0000227 seconds
2017-04-25T09:20:01.914+0200: 5,007: Total time for which application threads were stopped: 0,0005051 seconds, Stopping threads took: 0,0000478 seconds
2017-04-25T09:20:01.987+0200: 5,081: Total time for which application threads were stopped: 0,0003846 seconds, Stopping threads took: 0,0000296 seconds
2017-04-25T09:20:01.989+0200: 5,082: Total time for which application threads were stopped: 0,0001531 seconds, Stopping threads took: 0,0000456 seconds
2017-04-25T09:20:01.989+0200: 5,083: Total time for which application threads were stopped: 0,0000921 seconds, Stopping threads took: 0,0000227 seconds
2017-04-25T09:20:01.999+0200: 5,093: Total time for which application threads were stopped: 0,0000857 seconds, Stopping threads took: 0,0000252 seconds
2017-04-25T09:20:02.011+0200: 5,104: Total time for which application threads were stopped: 0,0032999 seconds, Stopping threads took: 0,0032130 seconds
2017-04-25T09:20:02.019+0200: 5,112: Total time for which application threads were stopped: 0,0004246 seconds, Stopping threads took: 0,0000656 seconds
2017-04-25T09:20:02.033+0200: 5,126: Total time for which application threads were stopped: 0,0001555 seconds, Stopping threads took: 0,0000508 seconds
2017-04-25T09:20:02.051+0200: 5,144: Total time for which application threads were stopped: 0,0001715 seconds, Stopping threads took: 0,0000634 seconds
2017-04-25T09:20:02.066+0200: 5,159: Total time for which application threads were stopped: 0,0001768 seconds, Stopping threads took: 0,0000593 seconds
2017-04-25T09:20:02.067+0200: 5,161: Total time for which application threads were stopped: 0,0004038 seconds, Stopping threads took: 0,0002850 seconds
2017-04-25T09:20:02.101+0200: 5,194: Total time for which application threads were stopped: 0,0013443 seconds, Stopping threads took: 0,0012226 seconds
2017-04-25T09:20:02.101+0200: 5,195: Total time for which application threads were stopped: 0,0001149 seconds, Stopping threads took: 0,0000487 seconds
2017-04-25T09:20:02.112+0200: 5,205: Total time for which application threads were stopped: 0,0000913 seconds, Stopping threads took: 0,0000289 seconds
2017-04-25T09:20:02.112+0200: 5,206: Total time for which application threads were stopped: 0,0003409 seconds, Stopping threads took: 0,0000103 seconds
2017-04-25T09:20:02.113+0200: 5,206: Total time for which application threads were stopped: 0,0000730 seconds, Stopping threads took: 0,0000240 seconds
2017-04-25T09:20:02.135+0200: 5,229: Total time for which application threads were stopped: 0,0001047 seconds, Stopping threads took: 0,0000216 seconds
2017-04-25T09:20:04.136+0200: 7,229: Total time for which application threads were stopped: 0,0000697 seconds, Stopping threads took: 0,0000160 seconds
{Heap before GC invocations=9 (full 1):
 par new generation   total 109248K, used 94484K [0x00000000e0000000, 0x00000000e8000000, 0x00000000e8000000)
  eden space 87424K, 100% used [0x00000000e0000000, 0x00000000e5560000, 0x00000000e5560000)
  from space 21824K,  32% used [0x00000000e6ab0000, 0x00000000e7195398, 0x00000000e8000000)
  to   space 21824K,   0% used [0x00000000e5560000, 0x00000000e5560000, 0x00000000e6ab0000)
 concurrent mark-sweep generation total 393216K, used 6420K [0x00000000e8000000, 0x0000000100000000, 0x0000000100000000)
 Metaspace       used 27994K, capacity 28494K, committed 28796K, reserved 1075200K
  class space    used 3211K, capacity 3388K, committed 3452K, reserved 1048576K
2017-04-25T09:20:08.378+0200: 11,472: [GC (Allocation Failure) 2017-04-25T09:20:08.378+0200: 11,472: [ParNew
Desired survivor size 20112992 bytes, new threshold 8 (max 8)
- age   1:   10850088 bytes,   10850088 total
- age   2:     159704 bytes,   11009792 total
- age   3:     273672 bytes,   11283464 total
- age   4:    1765536 bytes,   13049000 total
- age   5:      62000 bytes,   13111000 total
- age   7:      93736 bytes,   13204736 total
- age   8:     196336 bytes,   13401072 total
: 94484K->14889K(109248K), 0,0133334 secs] 100905K->22177K(502464K), 0,0134124 secs] [Times: user=0,05 sys=0,00, real=0,01 secs] 
Heap after GC invocations=10 (full 1):
 par new generation   total 109248K, used 14889K [0x00000000e0000000, 0x00000000e8000000, 0x00000000e8000000)
  eden space 87424K,   0% used [0x00000000e0000000, 0x00000000e0000000, 0x00000000e5560000)
  from space 21824K,  68% used [0x00000000e5560000, 0x00000000e63ea438, 0x00000000e6ab0000)
  to   space 21824K,   0% used [0x00000000e6ab0000, 0x00000000e6ab0000, 0x00000000e8000000)
 concurrent mark-sweep generation total 393216K, used 7288K [0x00000000e8000000, 0x0000000100000000, 0x0000000100000000)
 Metaspace       used 27994K, capacity 28494K, committed 28796K, reserved 1075200K
  class space    used 3211K, capacity 3388K, committed 3452K, reserved 1048576K
}
2017-04-25T09:20:08.392+0200: 11,485: Total time for which application threads were stopped: 0,0135548 seconds, Stopping threads took: 0,0000209 seconds
2017-04-25T09:20:08.392+0200: 11,486: Total time for which application threads were stopped: 0,0000563 seconds, Stopping threads took: 0,0000181 seconds
2017-04-25T09:20:08.393+0200: 11,486: Total time for which application threads were stopped: 0,0000370 seconds, Stopping threads took: 0,0000147 seconds
2017-04-25T09:20:20.394+0200: 23,488: Total time for which application threads were stopped: 0,0000667 seconds, Stopping threads took: 0,0000159 seconds
2017-04-25T09:20:29.396+0200: 32,489: Total time for which application threads were stopped: 0,0000729 seconds, Stopping threads took: 0,0000170 seconds
2017-04-25T09:21:20.404+0200: 83,497: Total time for which application threads were stopped: 0,0001429 seconds, Stopping threads took: 0,0000377 seconds
2017-04-25T09:21:55.410+0200: 118,503: Total time for which application threads were stopped: 0,0001022 seconds, Stopping threads took: 0,0000424 seconds
2017-04-25T09:22:00.411+0200: 123,504: Total time for which application threads were stopped: 0,0000893 seconds, Stopping threads took: 0,0000319 seconds
2017-04-25T09:22:58.421+0200: 181,514: Total time for which application threads were stopped: 0,0001690 seconds, Stopping threads took: 0,0000645 seconds
2017-04-25T09:23:03.422+0200: 186,515: Total time for which application threads were stopped: 0,0001767 seconds, Stopping threads took: 0,0000650 seconds
2017-04-25T09:24:33.437+0200: 276,531: Total time for which application threads were stopped: 0,0001918 seconds, Stopping threads took: 0,0000586 seconds
2017-04-25T09:24:35.438+0200: 278,531: Total time for which application threads were stopped: 0,0001405 seconds, Stopping threads took: 0,0000333 seconds
2017-04-25T09:43:28.023+0200: 1411,684: Total time for which application threads were stopped: 0,0000908 seconds, Stopping threads took: 0,0000353 seconds
2017-04-25T09:48:08.065+0200: 1691,725: Total time for which application threads were stopped: 0,0000937 seconds, Stopping threads took: 0,0000375 seconds
2017-04-25T09:52:01.611+0200: 1925,272: Total time for which application threads were stopped: 0,0000772 seconds, Stopping threads took: 0,0000178 seconds
2017-04-25T09:52:01.613+0200: 1925,274: Total time for which application threads were stopped: 0,0018022 seconds, Stopping threads took: 0,0016921 seconds
2017-04-25T09:52:01.615+0200: 1925,277: Total time for which application threads were stopped: 0,0006903 seconds, Stopping threads took: 0,0000305 seconds
2017-04-25T09:52:01.623+0200: 1925,284: Total time for which application threads were stopped: 0,0000839 seconds, Stopping threads took: 0,0000150 seconds
2017-04-25T09:52:01.624+0200: 1925,284: Total time for which application threads were stopped: 0,0000690 seconds, Stopping threads took: 0,0000163 seconds
2017-04-25T09:52:01.705+0200: 1925,366: Total time for which application threads were stopped: 0,0797806 seconds, Stopping threads took: 0,0796408 seconds
2017-04-25T09:52:01.705+0200: 1925,366: Total time for which application threads were stopped: 0,0000834 seconds, Stopping threads took: 0,0000167 seconds
2017-04-25T09:52:01.708+0200: 1925,369: Total time for which application threads were stopped: 0,0006238 seconds, Stopping threads took: 0,0005129 seconds
2017-04-25T09:52:01.708+0200: 1925,369: Total time for which application threads were stopped: 0,0000863 seconds, Stopping threads took: 0,0000222 seconds
2017-04-25T09:52:01.709+0200: 1925,369: Total time for which application threads were stopped: 0,0000864 seconds, Stopping threads took: 0,0000221 seconds
2017-04-25T09:52:01.709+0200: 1925,369: Total time for which application threads were stopped: 0,0000576 seconds, Stopping threads took: 0,0000086 seconds
2017-04-25T09:52:01.709+0200: 1925,370: Total time for which application threads were stopped: 0,0000657 seconds, Stopping threads took: 0,0000088 seconds
2017-04-25T09:52:01.709+0200: 1925,370: Total time for which application threads were stopped: 0,0000470 seconds, Stopping threads took: 0,0000057 seconds
2017-04-25T09:52:01.710+0200: 1925,371: Total time for which application threads were stopped: 0,0001007 seconds, Stopping threads took: 0,0000195 seconds
2017-04-25T09:52:01.710+0200: 1925,371: Total time for which application threads were stopped: 0,0000762 seconds, Stopping threads took: 0,0000101 seconds
2017-04-25T09:52:01.710+0200: 1925,371: Total time for which application threads were stopped: 0,0000801 seconds, Stopping threads took: 0,0000124 seconds
2017-04-25T09:52:01.711+0200: 1925,372: Total time for which application threads were stopped: 0,0000711 seconds, Stopping threads took: 0,0000121 seconds
2017-04-25T09:52:01.711+0200: 1925,372: Total time for which application threads were stopped: 0,0000539 seconds, Stopping threads took: 0,0000074 seconds
2017-04-25T09:52:01.711+0200: 1925,372: Total time for which application threads were stopped: 0,0000482 seconds, Stopping threads took: 0,0000109 seconds
2017-04-25T09:52:01.711+0200: 1925,372: Total time for which application threads were stopped: 0,0000476 seconds, Stopping threads took: 0,0000055 seconds
2017-04-25T09:52:01.711+0200: 1925,372: Total time for which application threads were stopped: 0,0000431 seconds, Stopping threads took: 0,0000050 seconds
2017-04-25T09:52:01.711+0200: 1925,372: Total time for which application threads were stopped: 0,0000408 seconds, Stopping threads took: 0,0000052 seconds
2017-04-25T09:52:01.711+0200: 1925,372: Total time for which application threads were stopped: 0,0000394 seconds, Stopping threads took: 0,0000054 seconds
2017-04-25T09:52:01.711+0200: 1925,372: Total time for which application threads were stopped: 0,0000403 seconds, Stopping threads took: 0,0000046 seconds
2017-04-25T09:52:01.711+0200: 1925,377: Total time for which application threads were stopped: 0,0047614 seconds, Stopping threads took: 0,0000044 seconds
2017-04-25T09:52:01.732+0200: 1925,393: Total time for which application threads were stopped: 0,0114256 seconds, Stopping threads took: 0,0113455 seconds
2017-04-25T09:52:01.732+0200: 1925,393: Total time for which application threads were stopped: 0,0000485 seconds, Stopping threads took: 0,0000076 seconds
2017-04-25T09:52:01.732+0200: 1925,393: Total time for which application threads were stopped: 0,0000405 seconds, Stopping threads took: 0,0000080 seconds
2017-04-25T09:52:01.732+0200: 1925,393: Total time for which application threads were stopped: 0,0000358 seconds, Stopping threads took: 0,0000047 seconds
2017-04-25T09:52:01.732+0200: 1925,393: Total time for which application threads were stopped: 0,0000388 seconds, Stopping threads took: 0,0000050 seconds
2017-04-25T09:52:01.734+0200: 1925,395: Total time for which application threads were stopped: 0,0000962 seconds, Stopping threads took: 0,0000160 seconds
2017-04-25T09:52:01.735+0200: 1925,395: Total time for which application threads were stopped: 0,0000684 seconds, Stopping threads took: 0,0000097 seconds
2017-04-25T09:52:01.735+0200: 1925,396: Total time for which application threads were stopped: 0,0001478 seconds, Stopping threads took: 0,0000111 seconds
2017-04-25T09:52:01.735+0200: 1925,396: Total time for which application threads were stopped: 0,0000578 seconds, Stopping threads took: 0,0000082 seconds
2017-04-25T09:52:01.735+0200: 1925,396: Total time for which application threads were stopped: 0,0000729 seconds, Stopping threads took: 0,0000314 seconds
2017-04-25T09:52:01.735+0200: 1925,396: Total time for which application threads were stopped: 0,0000535 seconds, Stopping threads took: 0,0000122 seconds
2017-04-25T09:52:01.735+0200: 1925,396: Total time for which application threads were stopped: 0,0000448 seconds, Stopping threads took: 0,0000062 seconds
2017-04-25T09:52:01.735+0200: 1925,396: Total time for which application threads were stopped: 0,0000499 seconds, Stopping threads took: 0,0000058 seconds
2017-04-25T09:52:01.735+0200: 1925,396: Total time for which application threads were stopped: 0,0000557 seconds, Stopping threads took: 0,0000055 seconds
2017-04-25T09:52:01.735+0200: 1925,396: Total time for which application threads were stopped: 0,0000460 seconds, Stopping threads took: 0,0000062 seconds
2017-04-25T09:52:01.739+0200: 1925,400: Total time for which application threads were stopped: 0,0001370 seconds, Stopping threads took: 0,0000427 seconds
2017-04-25T09:52:01.754+0200: 1925,415: Total time for which application threads were stopped: 0,0001772 seconds, Stopping threads took: 0,0000503 seconds
2017-04-25T09:52:01.764+0200: 1925,425: Total time for which application threads were stopped: 0,0042700 seconds, Stopping threads took: 0,0000173 seconds
2017-04-25T09:52:01.765+0200: 1925,425: Total time for which application threads were stopped: 0,0000627 seconds, Stopping threads took: 0,0000096 seconds
2017-04-25T09:52:01.765+0200: 1925,426: Total time for which application threads were stopped: 0,0000359 seconds, Stopping threads took: 0,0000046 seconds
2017-04-25T09:52:01.767+0200: 1925,427: Total time for which application threads were stopped: 0,0001096 seconds, Stopping threads took: 0,0000323 seconds
2017-04-25T09:52:01.775+0200: 1925,435: Total time for which application threads were stopped: 0,0000999 seconds, Stopping threads took: 0,0000198 seconds
2017-04-25T09:52:01.775+0200: 1925,436: Total time for which application threads were stopped: 0,0000618 seconds, Stopping threads took: 0,0000082 seconds
2017-04-25T09:52:01.778+0200: 1925,439: Total time for which application threads were stopped: 0,0001693 seconds, Stopping threads took: 0,0000352 seconds
2017-04-25T09:52:01.779+0200: 1925,439: Total time for which application threads were stopped: 0,0000591 seconds, Stopping threads took: 0,0000091 seconds
2017-04-25T09:52:01.779+0200: 1925,439: Total time for which application threads were stopped: 0,0000534 seconds, Stopping threads took: 0,0000071 seconds
2017-04-25T09:52:01.780+0200: 1925,441: Total time for which application threads were stopped: 0,0001110 seconds, Stopping threads took: 0,0000374 seconds
2017-04-25T09:52:01.780+0200: 1925,441: Total time for which application threads were stopped: 0,0000634 seconds, Stopping threads took: 0,0000165 seconds
2017-04-25T09:52:01.781+0200: 1925,441: Total time for which application threads were stopped: 0,0000553 seconds, Stopping threads took: 0,0000137 seconds
2017-04-25T09:52:01.781+0200: 1925,441: Total time for which application threads were stopped: 0,0000570 seconds, Stopping threads took: 0,0000144 seconds
2017-04-25T09:52:01.796+0200: 1925,457: Total time for which application threads were stopped: 0,0002363 seconds, Stopping threads took: 0,0001309 seconds
2017-04-25T09:52:01.796+0200: 1925,457: Total time for which application threads were stopped: 0,0000864 seconds, Stopping threads took: 0,0000273 seconds
2017-04-25T09:52:01.796+0200: 1925,457: Total time for which application threads were stopped: 0,0000922 seconds, Stopping threads took: 0,0000326 seconds
2017-04-25T09:52:01.797+0200: 1925,458: Total time for which application threads were stopped: 0,0001191 seconds, Stopping threads took: 0,0000330 seconds
2017-04-25T09:52:01.797+0200: 1925,458: Total time for which application threads were stopped: 0,0000666 seconds, Stopping threads took: 0,0000183 seconds
2017-04-25T09:52:01.797+0200: 1925,458: Total time for which application threads were stopped: 0,0000357 seconds, Stopping threads took: 0,0000053 seconds
2017-04-25T09:52:01.798+0200: 1925,458: Total time for which application threads were stopped: 0,0000366 seconds, Stopping threads took: 0,0000055 seconds
2017-04-25T09:52:01.799+0200: 1925,460: Total time for which application threads were stopped: 0,0001121 seconds, Stopping threads took: 0,0000439 seconds
2017-04-25T09:52:01.799+0200: 1925,460: Total time for which application threads were stopped: 0,0000873 seconds, Stopping threads took: 0,0000406 seconds
2017-04-25T09:52:01.800+0200: 1925,460: Total time for which application threads were stopped: 0,0000465 seconds, Stopping threads took: 0,0000060 seconds
2017-04-25T09:52:01.800+0200: 1925,460: Total time for which application threads were stopped: 0,0000477 seconds, Stopping threads took: 0,0000160 seconds
2017-04-25T09:52:01.800+0200: 1925,461: Total time for which application threads were stopped: 0,0002284 seconds, Stopping threads took: 0,0000254 seconds
2017-04-25T09:52:01.809+0200: 1925,470: Total time for which application threads were stopped: 0,0001404 seconds, Stopping threads took: 0,0000372 seconds
2017-04-25T09:52:01.811+0200: 1925,472: Total time for which application threads were stopped: 0,0001220 seconds, Stopping threads took: 0,0000337 seconds
2017-04-25T09:52:01.812+0200: 1925,472: Total time for which application threads were stopped: 0,0000966 seconds, Stopping threads took: 0,0000154 seconds
Heap
 par new generation   total 109248K, used 37514K [0x00000000e0000000, 0x00000000e8000000, 0x00000000e8000000)
  eden space 87424K,  25% used [0x00000000e0000000, 0x00000000e16183d0, 0x00000000e5560000)
  from space 21824K,  68% used [0x00000000e5560000, 0x00000000e63ea438, 0x00000000e6ab0000)
  to   space 21824K,   0% used [0x00000000e6ab0000, 0x00000000e6ab0000, 0x00000000e8000000)
 concurrent mark-sweep generation total 393216K, used 7288K [0x00000000e8000000, 0x0000000100000000, 0x0000000100000000)
 Metaspace       used 28128K, capacity 28662K, committed 28796K, reserved 1075200K
  class space    used 3225K, capacity 3422K, committed 3452K, reserved 1048576K
