OpenJDK 64-Bit Server VM (25.111-b14) for linux-amd64 JRE (1.8.0_111-8u111-b14-2ubuntu0.16.04.2-b14), built on Oct 27 2016 18:10:19 by "buildd" with gcc 5.4.0 20160609
Memory: 4k page, physical 7867800k(7437016k free), swap 8076284k(8076284k free)
CommandLine flags: -XX:CMSInitiatingOccupancyFraction=50 -XX:CMSMaxAbortablePrecleanTime=6000 -XX:+CMSParallelRemarkEnabled -XX:+CMSScavengeBeforeRemark -XX:ConcGCThreads=4 -XX:InitialHeapSize=536870912 -XX:MaxHeapSize=536870912 -XX:MaxTenuringThreshold=8 -XX:NewRatio=3 -XX:OldPLABSize=16 -XX:OnOutOfMemoryError=/opt/solr/bin/oom_solr.sh 8983 /var/solr/logs -XX:ParallelGCThreads=4 -XX:+ParallelRefProcEnabled -XX:PretenureSizeThreshold=67108864 -XX:+PrintGC -XX:+PrintGCApplicationStoppedTime -XX:+PrintGCDateStamps -XX:+PrintGCDetails -XX:+PrintGCTimeStamps -XX:+PrintHeapAtGC -XX:+PrintTenuringDistribution -XX:SurvivorRatio=4 -XX:TargetSurvivorRatio=90 -XX:ThreadStackSize=256 -XX:+UseCMSInitiatingOccupancyOnly -XX:+UseCompressedClassPointers -XX:+UseCompressedOops -XX:+UseConcMarkSweepGC -XX:+UseParNewGC 
2017-01-27T19:06:25.998+0100: 0,170: Total time for which application threads were stopped: 0,0000840 seconds, Stopping threads took: 0,0000109 seconds
2017-01-27T19:06:26.106+0100: 0,278: Total time for which application threads were stopped: 0,0001170 seconds, Stopping threads took: 0,0000154 seconds
2017-01-27T19:06:26.126+0100: 0,298: Total time for which application threads were stopped: 0,0001521 seconds, Stopping threads took: 0,0000342 seconds
2017-01-27T19:06:26.360+0100: 0,532: Total time for which application threads were stopped: 0,0001204 seconds, Stopping threads took: 0,0000126 seconds
2017-01-27T19:06:26.959+0100: 1,131: Total time for which application threads were stopped: 0,0002108 seconds, Stopping threads took: 0,0000344 seconds
2017-01-27T19:06:27.149+0100: 1,321: Total time for which application threads were stopped: 0,0001457 seconds, Stopping threads took: 0,0000136 seconds
2017-01-27T19:06:27.217+0100: 1,389: Total time for which application threads were stopped: 0,0002127 seconds, Stopping threads took: 0,0000237 seconds
2017-01-27T19:06:27.841+0100: 2,013: Total time for which application threads were stopped: 0,0014797 seconds, Stopping threads took: 0,0001049 seconds
2017-01-27T19:06:28.509+0100: 2,681: Total time for which application threads were stopped: 0,0002195 seconds, Stopping threads took: 0,0000208 seconds
2017-01-27T19:06:28.536+0100: 2,708: Total time for which application threads were stopped: 0,0002200 seconds, Stopping threads took: 0,0000170 seconds
2017-01-27T19:06:28.537+0100: 2,709: Total time for which application threads were stopped: 0,0001849 seconds, Stopping threads took: 0,0000103 seconds
2017-01-27T19:06:28.553+0100: 2,725: Total time for which application threads were stopped: 0,0001863 seconds, Stopping threads took: 0,0000166 seconds
2017-01-27T19:06:28.658+0100: 2,830: Total time for which application threads were stopped: 0,0002523 seconds, Stopping threads took: 0,0000479 seconds
2017-01-27T19:06:28.853+0100: 3,025: Total time for which application threads were stopped: 0,0023755 seconds, Stopping threads took: 0,0021634 seconds
{Heap before GC invocations=0 (full 0):
 par new generation   total 109248K, used 87424K [0x00000000e0000000, 0x00000000e8000000, 0x00000000e8000000)
  eden space 87424K, 100% used [0x00000000e0000000, 0x00000000e5560000, 0x00000000e5560000)
  from space 21824K,   0% used [0x00000000e5560000, 0x00000000e5560000, 0x00000000e6ab0000)
  to   space 21824K,   0% used [0x00000000e6ab0000, 0x00000000e6ab0000, 0x00000000e8000000)
 concurrent mark-sweep generation total 393216K, used 0K [0x00000000e8000000, 0x0000000100000000, 0x0000000100000000)
 Metaspace       used 17958K, capacity 18206K, committed 18304K, reserved 1064960K
  class space    used 2033K, capacity 2130K, committed 2176K, reserved 1048576K
2017-01-27T19:06:28.991+0100: 3,163: [GC (Allocation Failure) 2017-01-27T19:06:28.991+0100: 3,163: [ParNew
Desired survivor size 20112992 bytes, new threshold 8 (max 8)
- age   1:   12420496 bytes,   12420496 total
: 87424K->12243K(109248K), 0,0187567 secs] 87424K->12243K(502464K), 0,0188873 secs] [Times: user=0,05 sys=0,01, real=0,02 secs] 
Heap after GC invocations=1 (full 0):
 par new generation   total 109248K, used 12243K [0x00000000e0000000, 0x00000000e8000000, 0x00000000e8000000)
  eden space 87424K,   0% used [0x00000000e0000000, 0x00000000e0000000, 0x00000000e5560000)
  from space 21824K,  56% used [0x00000000e6ab0000, 0x00000000e76a4dd8, 0x00000000e8000000)
  to   space 21824K,   0% used [0x00000000e5560000, 0x00000000e5560000, 0x00000000e6ab0000)
 concurrent mark-sweep generation total 393216K, used 0K [0x00000000e8000000, 0x0000000100000000, 0x0000000100000000)
 Metaspace       used 17958K, capacity 18206K, committed 18304K, reserved 1064960K
  class space    used 2033K, capacity 2130K, committed 2176K, reserved 1048576K
}
2017-01-27T19:06:29.010+0100: 3,182: Total time for which application threads were stopped: 0,0190899 seconds, Stopping threads took: 0,0000187 seconds
2017-01-27T19:06:29.314+0100: 3,486: Total time for which application threads were stopped: 0,0003047 seconds, Stopping threads took: 0,0000210 seconds
2017-01-27T19:06:29.373+0100: 3,546: Total time for which application threads were stopped: 0,0004137 seconds, Stopping threads took: 0,0000736 seconds
2017-01-27T19:06:29.426+0100: 3,599: Total time for which application threads were stopped: 0,0004189 seconds, Stopping threads took: 0,0000759 seconds
{Heap before GC invocations=1 (full 0):
 par new generation   total 109248K, used 99667K [0x00000000e0000000, 0x00000000e8000000, 0x00000000e8000000)
  eden space 87424K, 100% used [0x00000000e0000000, 0x00000000e5560000, 0x00000000e5560000)
  from space 21824K,  56% used [0x00000000e6ab0000, 0x00000000e76a4dd8, 0x00000000e8000000)
  to   space 21824K,   0% used [0x00000000e5560000, 0x00000000e5560000, 0x00000000e6ab0000)
 concurrent mark-sweep generation total 393216K, used 0K [0x00000000e8000000, 0x0000000100000000, 0x0000000100000000)
 Metaspace       used 20553K, capacity 20850K, committed 20992K, reserved 1067008K
  class space    used 2364K, capacity 2484K, committed 2560K, reserved 1048576K
2017-01-27T19:06:29.613+0100: 3,785: [GC (Allocation Failure) 2017-01-27T19:06:29.613+0100: 3,785: [ParNew
Desired survivor size 20112992 bytes, new threshold 8 (max 8)
- age   1:    4445424 bytes,    4445424 total
- age   2:    6447984 bytes,   10893408 total
: 99667K->13464K(109248K), 0,0152427 secs] 99667K->13464K(502464K), 0,0153293 secs] [Times: user=0,04 sys=0,00, real=0,02 secs] 
Heap after GC invocations=2 (full 0):
 par new generation   total 109248K, used 13464K [0x00000000e0000000, 0x00000000e8000000, 0x00000000e8000000)
  eden space 87424K,   0% used [0x00000000e0000000, 0x00000000e0000000, 0x00000000e5560000)
  from space 21824K,  61% used [0x00000000e5560000, 0x00000000e6286158, 0x00000000e6ab0000)
  to   space 21824K,   0% used [0x00000000e6ab0000, 0x00000000e6ab0000, 0x00000000e8000000)
 concurrent mark-sweep generation total 393216K, used 0K [0x00000000e8000000, 0x0000000100000000, 0x0000000100000000)
 Metaspace       used 20553K, capacity 20850K, committed 20992K, reserved 1067008K
  class space    used 2364K, capacity 2484K, committed 2560K, reserved 1048576K
}
2017-01-27T19:06:29.628+0100: 3,800: Total time for which application threads were stopped: 0,0156426 seconds, Stopping threads took: 0,0000855 seconds
2017-01-27T19:06:29.723+0100: 3,895: Total time for which application threads were stopped: 0,0002256 seconds, Stopping threads took: 0,0000995 seconds
2017-01-27T19:06:29.771+0100: 3,943: Total time for which application threads were stopped: 0,0061374 seconds, Stopping threads took: 0,0060198 seconds
2017-01-27T19:06:29.841+0100: 4,013: Total time for which application threads were stopped: 0,0001320 seconds, Stopping threads took: 0,0000347 seconds
{Heap before GC invocations=2 (full 0):
 par new generation   total 109248K, used 100888K [0x00000000e0000000, 0x00000000e8000000, 0x00000000e8000000)
  eden space 87424K, 100% used [0x00000000e0000000, 0x00000000e5560000, 0x00000000e5560000)
  from space 21824K,  61% used [0x00000000e5560000, 0x00000000e6286158, 0x00000000e6ab0000)
  to   space 21824K,   0% used [0x00000000e6ab0000, 0x00000000e6ab0000, 0x00000000e8000000)
 concurrent mark-sweep generation total 393216K, used 0K [0x00000000e8000000, 0x0000000100000000, 0x0000000100000000)
 Metaspace       used 21815K, capacity 22190K, committed 22292K, reserved 1069056K
  class space    used 2520K, capacity 2649K, committed 2684K, reserved 1048576K
2017-01-27T19:06:29.872+0100: 4,044: [GC (Allocation Failure) 2017-01-27T19:06:29.872+0100: 4,044: [ParNew
Desired survivor size 20112992 bytes, new threshold 8 (max 8)
- age   1:    1529880 bytes,    1529880 total
- age   2:    1783448 bytes,    3313328 total
- age   3:    6447824 bytes,    9761152 total
: 100888K->14853K(109248K), 0,0305818 secs] 100888K->14853K(502464K), 0,0306567 secs] [Times: user=0,04 sys=0,00, real=0,04 secs] 
Heap after GC invocations=3 (full 0):
 par new generation   total 109248K, used 14853K [0x00000000e0000000, 0x00000000e8000000, 0x00000000e8000000)
  eden space 87424K,   0% used [0x00000000e0000000, 0x00000000e0000000, 0x00000000e5560000)
  from space 21824K,  68% used [0x00000000e6ab0000, 0x00000000e7931490, 0x00000000e8000000)
  to   space 21824K,   0% used [0x00000000e5560000, 0x00000000e5560000, 0x00000000e6ab0000)
 concurrent mark-sweep generation total 393216K, used 0K [0x00000000e8000000, 0x0000000100000000, 0x0000000100000000)
 Metaspace       used 21815K, capacity 22190K, committed 22292K, reserved 1069056K
  class space    used 2520K, capacity 2649K, committed 2684K, reserved 1048576K
}
2017-01-27T19:06:29.903+0100: 4,075: Total time for which application threads were stopped: 0,0311026 seconds, Stopping threads took: 0,0001297 seconds
2017-01-27T19:06:29.905+0100: 4,077: [GC (CMS Initial Mark) [1 CMS-initial-mark: 0K(393216K)] 16632K(502464K), 0,0036237 secs] [Times: user=0,01 sys=0,00, real=0,00 secs] 
2017-01-27T19:06:29.908+0100: 4,080: Total time for which application threads were stopped: 0,0038389 seconds, Stopping threads took: 0,0001274 seconds
2017-01-27T19:06:29.908+0100: 4,080: [CMS-concurrent-mark-start]
2017-01-27T19:06:29.915+0100: 4,087: [CMS-concurrent-mark: 0,007/0,007 secs] [Times: user=0,01 sys=0,00, real=0,01 secs] 
2017-01-27T19:06:29.915+0100: 4,087: [CMS-concurrent-preclean-start]
2017-01-27T19:06:29.916+0100: 4,089: [CMS-concurrent-preclean: 0,001/0,001 secs] [Times: user=0,00 sys=0,00, real=0,00 secs] 
2017-01-27T19:06:29.916+0100: 4,089: [CMS-concurrent-abortable-preclean-start]
2017-01-27T19:06:29.922+0100: 4,094: Total time for which application threads were stopped: 0,0001251 seconds, Stopping threads took: 0,0000561 seconds
2017-01-27T19:06:29.923+0100: 4,095: Total time for which application threads were stopped: 0,0014096 seconds, Stopping threads took: 0,0013347 seconds
2017-01-27T19:06:29.960+0100: 4,133: Total time for which application threads were stopped: 0,0017032 seconds, Stopping threads took: 0,0016045 seconds
2017-01-27T19:06:29.967+0100: 4,139: Total time for which application threads were stopped: 0,0037991 seconds, Stopping threads took: 0,0037390 seconds
2017-01-27T19:06:29.997+0100: 4,170: Total time for which application threads were stopped: 0,0001235 seconds, Stopping threads took: 0,0000521 seconds
2017-01-27T19:06:29.997+0100: 4,170: [CMS-concurrent-abortable-preclean: 0,045/0,081 secs] [Times: user=0,22 sys=0,01, real=0,08 secs] 
2017-01-27T19:06:29.997+0100: 4,170: [GC (CMS Final Remark) [YG occupancy: 78313 K (109248 K)]{Heap before GC invocations=3 (full 1):
 par new generation   total 109248K, used 78313K [0x00000000e0000000, 0x00000000e8000000, 0x00000000e8000000)
  eden space 87424K,  72% used [0x00000000e0000000, 0x00000000e3df8f90, 0x00000000e5560000)
  from space 21824K,  68% used [0x00000000e6ab0000, 0x00000000e7931490, 0x00000000e8000000)
  to   space 21824K,   0% used [0x00000000e5560000, 0x00000000e5560000, 0x00000000e6ab0000)
 concurrent mark-sweep generation total 393216K, used 0K [0x00000000e8000000, 0x0000000100000000, 0x0000000100000000)
 Metaspace       used 22068K, capacity 22362K, committed 22548K, reserved 1069056K
  class space    used 2553K, capacity 2683K, committed 2684K, reserved 1048576K
2017-01-27T19:06:29.998+0100: 4,170: [GC (CMS Final Remark) 2017-01-27T19:06:29.998+0100: 4,170: [ParNew
Desired survivor size 20112992 bytes, new threshold 8 (max 8)
- age   1:     311584 bytes,     311584 total
- age   2:     392792 bytes,     704376 total
- age   3:    1394944 bytes,    2099320 total
- age   4:    6444696 bytes,    8544016 total
: 78313K->12144K(109248K), 0,0170368 secs] 78313K->12144K(502464K), 0,0170933 secs] [Times: user=0,05 sys=0,00, real=0,01 secs] 
Heap after GC invocations=4 (full 1):
 par new generation   total 109248K, used 12144K [0x00000000e0000000, 0x00000000e8000000, 0x00000000e8000000)
  eden space 87424K,   0% used [0x00000000e0000000, 0x00000000e0000000, 0x00000000e5560000)
  from space 21824K,  55% used [0x00000000e5560000, 0x00000000e613c180, 0x00000000e6ab0000)
  to   space 21824K,   0% used [0x00000000e6ab0000, 0x00000000e6ab0000, 0x00000000e8000000)
 concurrent mark-sweep generation total 393216K, used 0K [0x00000000e8000000, 0x0000000100000000, 0x0000000100000000)
 Metaspace       used 22068K, capacity 22362K, committed 22548K, reserved 1069056K
  class space    used 2553K, capacity 2683K, committed 2684K, reserved 1048576K
}
2017-01-27T19:06:30.015+0100: 4,187: [Rescan (parallel) , 0,0076685 secs]2017-01-27T19:06:30.022+0100: 4,195: [weak refs processing, 0,0014705 secs]2017-01-27T19:06:30.024+0100: 4,196: [class unloading, 0,0031839 secs]2017-01-27T19:06:30.027+0100: 4,199: [scrub symbol table, 0,0032908 secs]2017-01-27T19:06:30.030+0100: 4,203: [scrub string table, 0,0004017 secs][1 CMS-remark: 0K(393216K)] 12144K(502464K), 0,0338576 secs] [Times: user=0,07 sys=0,00, real=0,03 secs] 
2017-01-27T19:06:30.031+0100: 4,204: Total time for which application threads were stopped: 0,0339570 seconds, Stopping threads took: 0,0000334 seconds
2017-01-27T19:06:30.037+0100: 4,209: [CMS-concurrent-sweep-start]
2017-01-27T19:06:30.037+0100: 4,209: [CMS-concurrent-sweep: 0,000/0,000 secs] [Times: user=0,00 sys=0,00, real=0,00 secs] 
2017-01-27T19:06:30.037+0100: 4,209: [CMS-concurrent-reset-start]
2017-01-27T19:06:30.039+0100: 4,211: [CMS-concurrent-reset: 0,002/0,002 secs] [Times: user=0,01 sys=0,00, real=0,00 secs] 
2017-01-27T19:06:30.053+0100: 4,225: Total time for which application threads were stopped: 0,0003671 seconds, Stopping threads took: 0,0000463 seconds
2017-01-27T19:06:30.111+0100: 4,283: Total time for which application threads were stopped: 0,0029572 seconds, Stopping threads took: 0,0028732 seconds
2017-01-27T19:06:30.111+0100: 4,283: Total time for which application threads were stopped: 0,0000815 seconds, Stopping threads took: 0,0000325 seconds
2017-01-27T19:06:30.219+0100: 4,391: Total time for which application threads were stopped: 0,0034268 seconds, Stopping threads took: 0,0032991 seconds
2017-01-27T19:06:30.235+0100: 4,407: Total time for which application threads were stopped: 0,0041009 seconds, Stopping threads took: 0,0039930 seconds
2017-01-27T19:06:30.262+0100: 4,434: Total time for which application threads were stopped: 0,0001712 seconds, Stopping threads took: 0,0000399 seconds
2017-01-27T19:06:30.266+0100: 4,438: Total time for which application threads were stopped: 0,0001491 seconds, Stopping threads took: 0,0000448 seconds
2017-01-27T19:06:30.335+0100: 4,507: Total time for which application threads were stopped: 0,0003926 seconds, Stopping threads took: 0,0001355 seconds
2017-01-27T19:06:30.359+0100: 4,531: Total time for which application threads were stopped: 0,0001471 seconds, Stopping threads took: 0,0000698 seconds
2017-01-27T19:06:30.359+0100: 4,531: Total time for which application threads were stopped: 0,0001133 seconds, Stopping threads took: 0,0000464 seconds
2017-01-27T19:06:30.367+0100: 4,539: Total time for which application threads were stopped: 0,0009370 seconds, Stopping threads took: 0,0005893 seconds
2017-01-27T19:06:30.375+0100: 4,547: Total time for which application threads were stopped: 0,0002089 seconds, Stopping threads took: 0,0001239 seconds
2017-01-27T19:06:30.375+0100: 4,548: Total time for which application threads were stopped: 0,0000745 seconds, Stopping threads took: 0,0000233 seconds
2017-01-27T19:06:30.375+0100: 4,548: Total time for which application threads were stopped: 0,0000518 seconds, Stopping threads took: 0,0000106 seconds
{Heap before GC invocations=4 (full 1):
 par new generation   total 109248K, used 99568K [0x00000000e0000000, 0x00000000e8000000, 0x00000000e8000000)
  eden space 87424K, 100% used [0x00000000e0000000, 0x00000000e5560000, 0x00000000e5560000)
  from space 21824K,  55% used [0x00000000e5560000, 0x00000000e613c180, 0x00000000e6ab0000)
  to   space 21824K,   0% used [0x00000000e6ab0000, 0x00000000e6ab0000, 0x00000000e8000000)
 concurrent mark-sweep generation total 393216K, used 0K [0x00000000e8000000, 0x0000000100000000, 0x0000000100000000)
 Metaspace       used 24094K, capacity 24434K, committed 24700K, reserved 1071104K
  class space    used 2798K, capacity 2927K, committed 2940K, reserved 1048576K
2017-01-27T19:06:30.455+0100: 4,627: [GC (Allocation Failure) 2017-01-27T19:06:30.455+0100: 4,627: [ParNew
Desired survivor size 20112992 bytes, new threshold 8 (max 8)
- age   1:    2628464 bytes,    2628464 total
- age   2:     120640 bytes,    2749104 total
- age   3:     384936 bytes,    3134040 total
- age   4:    1375224 bytes,    4509264 total
- age   5:    6440632 bytes,   10949896 total
: 99568K->13030K(109248K), 0,0288686 secs] 99568K->13030K(502464K), 0,0289481 secs] [Times: user=0,06 sys=0,00, real=0,03 secs] 
Heap after GC invocations=5 (full 1):
 par new generation   total 109248K, used 13030K [0x00000000e0000000, 0x00000000e8000000, 0x00000000e8000000)
  eden space 87424K,   0% used [0x00000000e0000000, 0x00000000e0000000, 0x00000000e5560000)
  from space 21824K,  59% used [0x00000000e6ab0000, 0x00000000e7769820, 0x00000000e8000000)
  to   space 21824K,   0% used [0x00000000e5560000, 0x00000000e5560000, 0x00000000e6ab0000)
 concurrent mark-sweep generation total 393216K, used 0K [0x00000000e8000000, 0x0000000100000000, 0x0000000100000000)
 Metaspace       used 24094K, capacity 24434K, committed 24700K, reserved 1071104K
  class space    used 2798K, capacity 2927K, committed 2940K, reserved 1048576K
}
2017-01-27T19:06:30.484+0100: 4,656: Total time for which application threads were stopped: 0,0338830 seconds, Stopping threads took: 0,0047286 seconds
2017-01-27T19:06:30.489+0100: 4,661: Total time for which application threads were stopped: 0,0001135 seconds, Stopping threads took: 0,0000281 seconds
2017-01-27T19:06:30.499+0100: 4,671: Total time for which application threads were stopped: 0,0047030 seconds, Stopping threads took: 0,0046119 seconds
2017-01-27T19:06:30.503+0100: 4,675: Total time for which application threads were stopped: 0,0035506 seconds, Stopping threads took: 0,0035011 seconds
2017-01-27T19:06:30.621+0100: 4,793: Total time for which application threads were stopped: 0,0002047 seconds, Stopping threads took: 0,0000751 seconds
2017-01-27T19:06:30.664+0100: 4,836: Total time for which application threads were stopped: 0,0006721 seconds, Stopping threads took: 0,0005505 seconds
2017-01-27T19:06:30.675+0100: 4,847: Total time for which application threads were stopped: 0,0054811 seconds, Stopping threads took: 0,0053973 seconds
2017-01-27T19:06:30.675+0100: 4,847: Total time for which application threads were stopped: 0,0000854 seconds, Stopping threads took: 0,0000153 seconds
2017-01-27T19:06:30.675+0100: 4,847: Total time for which application threads were stopped: 0,0000538 seconds, Stopping threads took: 0,0000101 seconds
2017-01-27T19:06:30.675+0100: 4,848: Total time for which application threads were stopped: 0,0000561 seconds, Stopping threads took: 0,0000134 seconds
2017-01-27T19:06:30.675+0100: 4,848: Total time for which application threads were stopped: 0,0000527 seconds, Stopping threads took: 0,0000103 seconds
2017-01-27T19:06:30.676+0100: 4,848: Total time for which application threads were stopped: 0,0000623 seconds, Stopping threads took: 0,0000114 seconds
2017-01-27T19:06:30.676+0100: 4,848: Total time for which application threads were stopped: 0,0000535 seconds, Stopping threads took: 0,0000093 seconds
2017-01-27T19:06:30.683+0100: 4,855: Total time for which application threads were stopped: 0,0001240 seconds, Stopping threads took: 0,0000382 seconds
2017-01-27T19:06:30.683+0100: 4,856: Total time for which application threads were stopped: 0,0000793 seconds, Stopping threads took: 0,0000164 seconds
2017-01-27T19:06:30.688+0100: 4,860: Total time for which application threads were stopped: 0,0001392 seconds, Stopping threads took: 0,0000217 seconds
2017-01-27T19:06:30.688+0100: 4,860: Total time for which application threads were stopped: 0,0000769 seconds, Stopping threads took: 0,0000094 seconds
2017-01-27T19:06:30.688+0100: 4,860: Total time for which application threads were stopped: 0,0000687 seconds, Stopping threads took: 0,0000085 seconds
2017-01-27T19:06:30.688+0100: 4,860: Total time for which application threads were stopped: 0,0000692 seconds, Stopping threads took: 0,0000094 seconds
2017-01-27T19:06:30.690+0100: 4,862: Total time for which application threads were stopped: 0,0001436 seconds, Stopping threads took: 0,0000375 seconds
2017-01-27T19:06:30.704+0100: 4,876: Total time for which application threads were stopped: 0,0003864 seconds, Stopping threads took: 0,0002754 seconds
2017-01-27T19:06:30.705+0100: 4,877: Total time for which application threads were stopped: 0,0001661 seconds, Stopping threads took: 0,0000686 seconds
2017-01-27T19:06:30.705+0100: 4,878: Total time for which application threads were stopped: 0,0000687 seconds, Stopping threads took: 0,0000191 seconds
2017-01-27T19:06:30.706+0100: 4,879: Total time for which application threads were stopped: 0,0001125 seconds, Stopping threads took: 0,0000383 seconds
2017-01-27T19:06:30.732+0100: 4,905: Total time for which application threads were stopped: 0,0001104 seconds, Stopping threads took: 0,0000326 seconds
2017-01-27T19:06:30.733+0100: 4,905: Total time for which application threads were stopped: 0,0000937 seconds, Stopping threads took: 0,0000388 seconds
2017-01-27T19:06:30.733+0100: 4,906: Total time for which application threads were stopped: 0,0000603 seconds, Stopping threads took: 0,0000193 seconds
2017-01-27T19:06:30.788+0100: 4,960: Total time for which application threads were stopped: 0,0001445 seconds, Stopping threads took: 0,0000630 seconds
2017-01-27T19:06:30.817+0100: 4,989: Total time for which application threads were stopped: 0,0001127 seconds, Stopping threads took: 0,0000457 seconds
2017-01-27T19:06:30.817+0100: 4,989: Total time for which application threads were stopped: 0,0000519 seconds, Stopping threads took: 0,0000169 seconds
2017-01-27T19:06:30.817+0100: 4,989: Total time for which application threads were stopped: 0,0000477 seconds, Stopping threads took: 0,0000188 seconds
2017-01-27T19:06:30.817+0100: 4,990: Total time for which application threads were stopped: 0,0000438 seconds, Stopping threads took: 0,0000157 seconds
2017-01-27T19:06:30.817+0100: 4,990: Total time for which application threads were stopped: 0,0000434 seconds, Stopping threads took: 0,0000155 seconds
2017-01-27T19:06:30.817+0100: 4,990: Total time for which application threads were stopped: 0,0000449 seconds, Stopping threads took: 0,0000166 seconds
2017-01-27T19:06:30.818+0100: 4,990: Total time for which application threads were stopped: 0,0000475 seconds, Stopping threads took: 0,0000197 seconds
2017-01-27T19:06:30.818+0100: 4,990: Total time for which application threads were stopped: 0,0001355 seconds, Stopping threads took: 0,0000204 seconds
2017-01-27T19:06:30.891+0100: 5,063: Total time for which application threads were stopped: 0,0001417 seconds, Stopping threads took: 0,0000360 seconds
2017-01-27T19:06:30.992+0100: 5,164: Total time for which application threads were stopped: 0,0003351 seconds, Stopping threads took: 0,0000255 seconds
2017-01-27T19:06:31.006+0100: 5,178: Total time for which application threads were stopped: 0,0004050 seconds, Stopping threads took: 0,0000376 seconds
2017-01-27T19:06:31.069+0100: 5,241: Total time for which application threads were stopped: 0,0001129 seconds, Stopping threads took: 0,0000491 seconds
2017-01-27T19:06:31.073+0100: 5,245: Total time for which application threads were stopped: 0,0000813 seconds, Stopping threads took: 0,0000298 seconds
2017-01-27T19:06:31.077+0100: 5,249: Total time for which application threads were stopped: 0,0000902 seconds, Stopping threads took: 0,0000283 seconds
2017-01-27T19:06:31.081+0100: 5,253: Total time for which application threads were stopped: 0,0001587 seconds, Stopping threads took: 0,0000570 seconds
2017-01-27T19:06:31.109+0100: 5,281: Total time for which application threads were stopped: 0,0001013 seconds, Stopping threads took: 0,0000283 seconds
2017-01-27T19:06:31.110+0100: 5,282: Total time for which application threads were stopped: 0,0000438 seconds, Stopping threads took: 0,0000104 seconds
2017-01-27T19:06:31.113+0100: 5,285: Total time for which application threads were stopped: 0,0001111 seconds, Stopping threads took: 0,0000303 seconds
2017-01-27T19:06:31.127+0100: 5,299: Total time for which application threads were stopped: 0,0000829 seconds, Stopping threads took: 0,0000249 seconds
2017-01-27T19:06:31.128+0100: 5,301: Total time for which application threads were stopped: 0,0000842 seconds, Stopping threads took: 0,0000328 seconds
2017-01-27T19:06:31.138+0100: 5,310: Total time for which application threads were stopped: 0,0000557 seconds, Stopping threads took: 0,0000145 seconds
2017-01-27T19:06:31.138+0100: 5,310: Total time for which application threads were stopped: 0,0000332 seconds, Stopping threads took: 0,0000127 seconds
2017-01-27T19:09:04.162+0100: 158,334: Total time for which application threads were stopped: 0,0001653 seconds, Stopping threads took: 0,0000682 seconds
2017-01-27T19:30:02.329+0100: 1416,501: Total time for which application threads were stopped: 0,0000904 seconds, Stopping threads took: 0,0000377 seconds
2017-01-27T19:35:07.371+0100: 1721,543: Total time for which application threads were stopped: 0,0000812 seconds, Stopping threads took: 0,0000325 seconds
2017-01-27T19:45:57.461+0100: 2371,633: Total time for which application threads were stopped: 0,0000977 seconds, Stopping threads took: 0,0000429 seconds
2017-01-27T19:45:59.461+0100: 2373,634: Total time for which application threads were stopped: 0,0000945 seconds, Stopping threads took: 0,0000210 seconds
2017-01-27T19:47:49.476+0100: 2483,648: Total time for which application threads were stopped: 0,0000756 seconds, Stopping threads took: 0,0000299 seconds
2017-01-27T20:09:39.658+0100: 3793,830: Total time for which application threads were stopped: 0,0000811 seconds, Stopping threads took: 0,0000329 seconds
2017-01-27T20:09:52.659+0100: 3806,831: Total time for which application threads were stopped: 0,0000996 seconds, Stopping threads took: 0,0000236 seconds
2017-01-27T20:09:57.660+0100: 3811,832: Total time for which application threads were stopped: 0,0001261 seconds, Stopping threads took: 0,0000276 seconds
2017-01-27T20:10:12.662+0100: 3826,835: Total time for which application threads were stopped: 0,0000857 seconds, Stopping threads took: 0,0000344 seconds
2017-01-27T20:13:28.690+0100: 4022,862: Total time for which application threads were stopped: 0,0001840 seconds, Stopping threads took: 0,0000751 seconds
2017-01-27T20:45:08.933+0100: 5923,105: Total time for which application threads were stopped: 0,0001441 seconds, Stopping threads took: 0,0000597 seconds
2017-01-27T20:49:13.968+0100: 6168,141: Total time for which application threads were stopped: 0,0001294 seconds, Stopping threads took: 0,0000529 seconds
2017-01-27T21:05:28.105+0100: 7142,277: Total time for which application threads were stopped: 0,0001713 seconds, Stopping threads took: 0,0000553 seconds
2017-01-27T21:10:28.146+0100: 7442,319: Total time for which application threads were stopped: 0,0000907 seconds, Stopping threads took: 0,0000428 seconds
2017-01-27T21:11:28.155+0100: 7502,327: Total time for which application threads were stopped: 0,0000847 seconds, Stopping threads took: 0,0000316 seconds
2017-01-27T21:13:39.174+0100: 7633,347: Total time for which application threads were stopped: 0,0000746 seconds, Stopping threads took: 0,0000295 seconds
2017-01-27T21:14:28.182+0100: 7682,354: Total time for which application threads were stopped: 0,0000743 seconds, Stopping threads took: 0,0000280 seconds
2017-01-27T21:14:58.186+0100: 7712,358: Total time for which application threads were stopped: 0,0001134 seconds, Stopping threads took: 0,0000418 seconds
2017-01-27T23:22:28.251+0100: 15362,423: Total time for which application threads were stopped: 0,0002060 seconds, Stopping threads took: 0,0001020 seconds
2017-01-28T00:25:28.747+0100: 19142,919: Total time for which application threads were stopped: 0,0003503 seconds, Stopping threads took: 0,0001905 seconds
2017-01-28T00:36:28.827+0100: 19802,999: Total time for which application threads were stopped: 0,0004659 seconds, Stopping threads took: 0,0001963 seconds
2017-01-28T02:06:18.953+0100: 25193,125: Total time for which application threads were stopped: 0,0000871 seconds, Stopping threads took: 0,0000243 seconds
2017-01-28T02:06:18.955+0100: 25193,127: Total time for which application threads were stopped: 0,0009534 seconds, Stopping threads took: 0,0008796 seconds
2017-01-28T02:06:18.960+0100: 25193,132: Total time for which application threads were stopped: 0,0046174 seconds, Stopping threads took: 0,0045404 seconds
2017-01-28T02:06:18.962+0100: 25193,134: Total time for which application threads were stopped: 0,0000896 seconds, Stopping threads took: 0,0000288 seconds
2017-01-28T02:06:18.962+0100: 25193,135: Total time for which application threads were stopped: 0,0000608 seconds, Stopping threads took: 0,0000187 seconds
2017-01-28T02:06:18.963+0100: 25193,135: Total time for which application threads were stopped: 0,0000649 seconds, Stopping threads took: 0,0000188 seconds
2017-01-28T02:06:18.963+0100: 25193,135: Total time for which application threads were stopped: 0,0000503 seconds, Stopping threads took: 0,0000130 seconds
2017-01-28T02:06:18.965+0100: 25193,137: Total time for which application threads were stopped: 0,0000947 seconds, Stopping threads took: 0,0000259 seconds
2017-01-28T02:06:18.965+0100: 25193,137: Total time for which application threads were stopped: 0,0000568 seconds, Stopping threads took: 0,0000180 seconds
2017-01-28T02:06:18.965+0100: 25193,137: Total time for which application threads were stopped: 0,0002419 seconds, Stopping threads took: 0,0000136 seconds
2017-01-28T02:06:18.968+0100: 25193,140: Total time for which application threads were stopped: 0,0000856 seconds, Stopping threads took: 0,0000258 seconds
2017-01-28T02:06:18.968+0100: 25193,140: Total time for which application threads were stopped: 0,0000500 seconds, Stopping threads took: 0,0000147 seconds
2017-01-28T02:06:18.968+0100: 25193,140: Total time for which application threads were stopped: 0,0000417 seconds, Stopping threads took: 0,0000118 seconds
2017-01-28T02:06:18.968+0100: 25193,140: Total time for which application threads were stopped: 0,0000404 seconds, Stopping threads took: 0,0000129 seconds
2017-01-28T02:06:18.968+0100: 25193,140: Total time for which application threads were stopped: 0,0000432 seconds, Stopping threads took: 0,0000121 seconds
2017-01-28T02:06:18.969+0100: 25193,141: Total time for which application threads were stopped: 0,0001780 seconds, Stopping threads took: 0,0000205 seconds
2017-01-28T02:06:18.977+0100: 25193,149: Total time for which application threads were stopped: 0,0001825 seconds, Stopping threads took: 0,0001144 seconds
2017-01-28T02:06:18.977+0100: 25193,150: Total time for which application threads were stopped: 0,0001030 seconds, Stopping threads took: 0,0000445 seconds
2017-01-28T02:06:18.983+0100: 25193,155: Total time for which application threads were stopped: 0,0000938 seconds, Stopping threads took: 0,0000221 seconds
2017-01-28T02:06:18.984+0100: 25193,156: Total time for which application threads were stopped: 0,0000972 seconds, Stopping threads took: 0,0000398 seconds
2017-01-28T02:06:18.990+0100: 25193,162: Total time for which application threads were stopped: 0,0001167 seconds, Stopping threads took: 0,0000390 seconds
2017-01-28T02:06:18.990+0100: 25193,162: Total time for which application threads were stopped: 0,0000480 seconds, Stopping threads took: 0,0000103 seconds
2017-01-28T02:06:18.990+0100: 25193,163: Total time for which application threads were stopped: 0,0000609 seconds, Stopping threads took: 0,0000126 seconds
2017-01-28T02:06:18.991+0100: 25193,163: Total time for which application threads were stopped: 0,0000676 seconds, Stopping threads took: 0,0000170 seconds
2017-01-28T02:06:18.992+0100: 25193,164: Total time for which application threads were stopped: 0,0000717 seconds, Stopping threads took: 0,0000133 seconds
2017-01-28T02:06:18.996+0100: 25193,168: Total time for which application threads were stopped: 0,0001615 seconds, Stopping threads took: 0,0000955 seconds
2017-01-28T02:06:18.996+0100: 25193,168: Total time for which application threads were stopped: 0,0000472 seconds, Stopping threads took: 0,0000089 seconds
2017-01-28T02:06:18.996+0100: 25193,168: Total time for which application threads were stopped: 0,0000330 seconds, Stopping threads took: 0,0000058 seconds
2017-01-28T02:06:18.996+0100: 25193,168: Total time for which application threads were stopped: 0,0000321 seconds, Stopping threads took: 0,0000049 seconds
2017-01-28T02:06:18.997+0100: 25193,169: Total time for which application threads were stopped: 0,0002739 seconds, Stopping threads took: 0,0000150 seconds
2017-01-28T02:06:18.997+0100: 25193,170: Total time for which application threads were stopped: 0,0000534 seconds, Stopping threads took: 0,0000196 seconds
2017-01-28T02:06:18.998+0100: 25193,170: Total time for which application threads were stopped: 0,0000335 seconds, Stopping threads took: 0,0000052 seconds
2017-01-28T02:06:18.998+0100: 25193,170: Total time for which application threads were stopped: 0,0000507 seconds, Stopping threads took: 0,0000156 seconds
2017-01-28T02:06:18.998+0100: 25193,170: Total time for which application threads were stopped: 0,0000457 seconds, Stopping threads took: 0,0000178 seconds
2017-01-28T02:06:18.998+0100: 25193,170: Total time for which application threads were stopped: 0,0000448 seconds, Stopping threads took: 0,0000192 seconds
2017-01-28T02:06:18.998+0100: 25193,170: Total time for which application threads were stopped: 0,0000590 seconds, Stopping threads took: 0,0000126 seconds
2017-01-28T02:06:18.998+0100: 25193,170: Total time for which application threads were stopped: 0,0000348 seconds, Stopping threads took: 0,0000068 seconds
2017-01-28T02:06:18.998+0100: 25193,171: Total time for which application threads were stopped: 0,0000335 seconds, Stopping threads took: 0,0000060 seconds
2017-01-28T02:06:18.998+0100: 25193,171: Total time for which application threads were stopped: 0,0000318 seconds, Stopping threads took: 0,0000071 seconds
2017-01-28T02:06:18.998+0100: 25193,171: Total time for which application threads were stopped: 0,0000298 seconds, Stopping threads took: 0,0000062 seconds
2017-01-28T02:06:18.999+0100: 25193,171: Total time for which application threads were stopped: 0,0000385 seconds, Stopping threads took: 0,0000134 seconds
2017-01-28T02:06:19.001+0100: 25193,173: Total time for which application threads were stopped: 0,0000745 seconds, Stopping threads took: 0,0000173 seconds
2017-01-28T02:06:19.001+0100: 25193,173: Total time for which application threads were stopped: 0,0001018 seconds, Stopping threads took: 0,0000589 seconds
2017-01-28T02:06:19.007+0100: 25193,179: Total time for which application threads were stopped: 0,0001323 seconds, Stopping threads took: 0,0000610 seconds
2017-01-28T02:06:19.007+0100: 25193,179: Total time for which application threads were stopped: 0,0000627 seconds, Stopping threads took: 0,0000195 seconds
2017-01-28T02:06:19.007+0100: 25193,180: Total time for which application threads were stopped: 0,0000538 seconds, Stopping threads took: 0,0000198 seconds
2017-01-28T02:06:19.013+0100: 25193,185: Total time for which application threads were stopped: 0,0050961 seconds, Stopping threads took: 0,0050298 seconds
2017-01-28T02:06:19.013+0100: 25193,185: Total time for which application threads were stopped: 0,0000600 seconds, Stopping threads took: 0,0000278 seconds
2017-01-28T02:06:19.013+0100: 25193,185: Total time for which application threads were stopped: 0,0000528 seconds, Stopping threads took: 0,0000272 seconds
2017-01-28T02:06:19.023+0100: 25193,195: Total time for which application threads were stopped: 0,0002148 seconds, Stopping threads took: 0,0000410 seconds
Heap
 par new generation   total 109248K, used 100454K [0x00000000e0000000, 0x00000000e8000000, 0x00000000e8000000)
  eden space 87424K, 100% used [0x00000000e0000000, 0x00000000e5560000, 0x00000000e5560000)
  from space 21824K,  59% used [0x00000000e6ab0000, 0x00000000e7769820, 0x00000000e8000000)
  to   space 21824K,   0% used [0x00000000e5560000, 0x00000000e5560000, 0x00000000e6ab0000)
 concurrent mark-sweep generation total 393216K, used 0K [0x00000000e8000000, 0x0000000100000000, 0x0000000100000000)
 Metaspace       used 28888K, capacity 29330K, committed 29692K, reserved 1075200K
  class space    used 3338K, capacity 3487K, committed 3580K, reserved 1048576K
