OpenJDK 64-Bit Server VM (25.121-b13) for linux-amd64 JRE (1.8.0_121-8u121-b13-0ubuntu1.16.04.2-b13), built on Jan 23 2017 15:51:29 by "buildd" with gcc 5.4.0 20160609
Memory: 4k page, physical 7867760k(7502756k free), swap 8076284k(8076284k free)
CommandLine flags: -XX:CMSInitiatingOccupancyFraction=50 -XX:CMSMaxAbortablePrecleanTime=6000 -XX:+CMSParallelRemarkEnabled -XX:+CMSScavengeBeforeRemark -XX:ConcGCThreads=4 -XX:InitialHeapSize=536870912 -XX:MaxHeapSize=536870912 -XX:MaxTenuringThreshold=8 -XX:NewRatio=3 -XX:OldPLABSize=16 -XX:OnOutOfMemoryError=/opt/solr/bin/oom_solr.sh 8983 /var/solr/logs -XX:ParallelGCThreads=4 -XX:+ParallelRefProcEnabled -XX:PretenureSizeThreshold=67108864 -XX:+PrintGC -XX:+PrintGCApplicationStoppedTime -XX:+PrintGCDateStamps -XX:+PrintGCDetails -XX:+PrintGCTimeStamps -XX:+PrintHeapAtGC -XX:+PrintTenuringDistribution -XX:SurvivorRatio=4 -XX:TargetSurvivorRatio=90 -XX:ThreadStackSize=256 -XX:+UseCMSInitiatingOccupancyOnly -XX:+UseCompressedClassPointers -XX:+UseCompressedOops -XX:+UseConcMarkSweepGC -XX:+UseParNewGC 
2017-02-24T06:46:51.770+0100: 0,150: Total time for which application threads were stopped: 0,0000755 seconds, Stopping threads took: 0,0000133 seconds
2017-02-24T06:46:51.868+0100: 0,249: Total time for which application threads were stopped: 0,0001207 seconds, Stopping threads took: 0,0000142 seconds
2017-02-24T06:46:51.883+0100: 0,264: Total time for which application threads were stopped: 0,0001452 seconds, Stopping threads took: 0,0000652 seconds
2017-02-24T06:46:52.111+0100: 0,492: Total time for which application threads were stopped: 0,0001501 seconds, Stopping threads took: 0,0000259 seconds
2017-02-24T06:46:52.482+0100: 0,862: Total time for which application threads were stopped: 0,0001202 seconds, Stopping threads took: 0,0000157 seconds
2017-02-24T06:46:52.558+0100: 0,938: Total time for which application threads were stopped: 0,0001725 seconds, Stopping threads took: 0,0000159 seconds
2017-02-24T06:46:52.586+0100: 0,967: Total time for which application threads were stopped: 0,0083085 seconds, Stopping threads took: 0,0000411 seconds
2017-02-24T06:46:52.888+0100: 1,269: Total time for which application threads were stopped: 0,0002144 seconds, Stopping threads took: 0,0000189 seconds
2017-02-24T06:46:53.103+0100: 1,484: Total time for which application threads were stopped: 0,0003351 seconds, Stopping threads took: 0,0000206 seconds
2017-02-24T06:46:53.129+0100: 1,510: Total time for which application threads were stopped: 0,0001691 seconds, Stopping threads took: 0,0000191 seconds
2017-02-24T06:46:53.166+0100: 1,547: Total time for which application threads were stopped: 0,0014621 seconds, Stopping threads took: 0,0001604 seconds
2017-02-24T06:46:53.169+0100: 1,550: Total time for which application threads were stopped: 0,0002132 seconds, Stopping threads took: 0,0000175 seconds
2017-02-24T06:46:53.189+0100: 1,570: Total time for which application threads were stopped: 0,0010021 seconds, Stopping threads took: 0,0001065 seconds
2017-02-24T06:46:53.287+0100: 1,668: Total time for which application threads were stopped: 0,0007592 seconds, Stopping threads took: 0,0000307 seconds
2017-02-24T06:46:53.464+0100: 1,844: Total time for which application threads were stopped: 0,0003501 seconds, Stopping threads took: 0,0001388 seconds
{Heap before GC invocations=0 (full 0):
 par new generation   total 109248K, used 87424K [0x00000000e0000000, 0x00000000e8000000, 0x00000000e8000000)
  eden space 87424K, 100% used [0x00000000e0000000, 0x00000000e5560000, 0x00000000e5560000)
  from space 21824K,   0% used [0x00000000e5560000, 0x00000000e5560000, 0x00000000e6ab0000)
  to   space 21824K,   0% used [0x00000000e6ab0000, 0x00000000e6ab0000, 0x00000000e8000000)
 concurrent mark-sweep generation total 393216K, used 0K [0x00000000e8000000, 0x0000000100000000, 0x0000000100000000)
 Metaspace       used 17997K, capacity 18336K, committed 18688K, reserved 1064960K
  class space    used 2037K, capacity 2196K, committed 2304K, reserved 1048576K
2017-02-24T06:46:53.570+0100: 1,951: [GC (Allocation Failure) 2017-02-24T06:46:53.570+0100: 1,951: [ParNew
Desired survivor size 20112992 bytes, new threshold 8 (max 8)
- age   1:   12608384 bytes,   12608384 total
: 87424K->12433K(109248K), 0,0153024 secs] 87424K->12433K(502464K), 0,0153978 secs] [Times: user=0,05 sys=0,00, real=0,01 secs] 
Heap after GC invocations=1 (full 0):
 par new generation   total 109248K, used 12433K [0x00000000e0000000, 0x00000000e8000000, 0x00000000e8000000)
  eden space 87424K,   0% used [0x00000000e0000000, 0x00000000e0000000, 0x00000000e5560000)
  from space 21824K,  56% used [0x00000000e6ab0000, 0x00000000e76d47f8, 0x00000000e8000000)
  to   space 21824K,   0% used [0x00000000e5560000, 0x00000000e5560000, 0x00000000e6ab0000)
 concurrent mark-sweep generation total 393216K, used 0K [0x00000000e8000000, 0x0000000100000000, 0x0000000100000000)
 Metaspace       used 17997K, capacity 18336K, committed 18688K, reserved 1064960K
  class space    used 2037K, capacity 2196K, committed 2304K, reserved 1048576K
}
2017-02-24T06:46:53.586+0100: 1,966: Total time for which application threads were stopped: 0,0156882 seconds, Stopping threads took: 0,0000258 seconds
2017-02-24T06:46:53.862+0100: 2,243: Total time for which application threads were stopped: 0,0004042 seconds, Stopping threads took: 0,0000668 seconds
2017-02-24T06:46:53.910+0100: 2,290: Total time for which application threads were stopped: 0,0004368 seconds, Stopping threads took: 0,0001018 seconds
{Heap before GC invocations=1 (full 0):
 par new generation   total 109248K, used 99857K [0x00000000e0000000, 0x00000000e8000000, 0x00000000e8000000)
  eden space 87424K, 100% used [0x00000000e0000000, 0x00000000e5560000, 0x00000000e5560000)
  from space 21824K,  56% used [0x00000000e6ab0000, 0x00000000e76d47f8, 0x00000000e8000000)
  to   space 21824K,   0% used [0x00000000e5560000, 0x00000000e5560000, 0x00000000e6ab0000)
 concurrent mark-sweep generation total 393216K, used 0K [0x00000000e8000000, 0x0000000100000000, 0x0000000100000000)
 Metaspace       used 20026K, capacity 20354K, committed 20736K, reserved 1067008K
  class space    used 2295K, capacity 2465K, committed 2560K, reserved 1048576K
2017-02-24T06:46:53.913+0100: 2,293: [GC (Allocation Failure) 2017-02-24T06:46:53.913+0100: 2,293: [ParNew
Desired survivor size 20112992 bytes, new threshold 8 (max 8)
- age   1:    3646728 bytes,    3646728 total
- age   2:    6673776 bytes,   10320504 total
: 99857K->15754K(109248K), 0,0101567 secs] 99857K->15754K(502464K), 0,0102351 secs] [Times: user=0,03 sys=0,00, real=0,01 secs] 
Heap after GC invocations=2 (full 0):
 par new generation   total 109248K, used 15754K [0x00000000e0000000, 0x00000000e8000000, 0x00000000e8000000)
  eden space 87424K,   0% used [0x00000000e0000000, 0x00000000e0000000, 0x00000000e5560000)
  from space 21824K,  72% used [0x00000000e5560000, 0x00000000e64c2980, 0x00000000e6ab0000)
  to   space 21824K,   0% used [0x00000000e6ab0000, 0x00000000e6ab0000, 0x00000000e8000000)
 concurrent mark-sweep generation total 393216K, used 0K [0x00000000e8000000, 0x0000000100000000, 0x0000000100000000)
 Metaspace       used 20026K, capacity 20354K, committed 20736K, reserved 1067008K
  class space    used 2295K, capacity 2465K, committed 2560K, reserved 1048576K
}
2017-02-24T06:46:53.923+0100: 2,304: Total time for which application threads were stopped: 0,0104593 seconds, Stopping threads took: 0,0000801 seconds
2017-02-24T06:46:53.980+0100: 2,360: Total time for which application threads were stopped: 0,0003450 seconds, Stopping threads took: 0,0000302 seconds
2017-02-24T06:46:54.111+0100: 2,491: Total time for which application threads were stopped: 0,0002419 seconds, Stopping threads took: 0,0000953 seconds
{Heap before GC invocations=2 (full 0):
 par new generation   total 109248K, used 103178K [0x00000000e0000000, 0x00000000e8000000, 0x00000000e8000000)
  eden space 87424K, 100% used [0x00000000e0000000, 0x00000000e5560000, 0x00000000e5560000)
  from space 21824K,  72% used [0x00000000e5560000, 0x00000000e64c2980, 0x00000000e6ab0000)
  to   space 21824K,   0% used [0x00000000e6ab0000, 0x00000000e6ab0000, 0x00000000e8000000)
 concurrent mark-sweep generation total 393216K, used 0K [0x00000000e8000000, 0x0000000100000000, 0x0000000100000000)
 Metaspace       used 20952K, capacity 21276K, committed 21552K, reserved 1069056K
  class space    used 2417K, capacity 2584K, committed 2608K, reserved 1048576K
2017-02-24T06:46:54.140+0100: 2,521: [GC (Allocation Failure) 2017-02-24T06:46:54.140+0100: 2,521: [ParNew
Desired survivor size 20112992 bytes, new threshold 8 (max 8)
- age   1:    2338680 bytes,    2338680 total
- age   2:     862600 bytes,    3201280 total
- age   3:    6656920 bytes,    9858200 total
: 103178K->11222K(109248K), 0,0177957 secs] 103178K->11222K(502464K), 0,0178917 secs] [Times: user=0,07 sys=0,00, real=0,02 secs] 
Heap after GC invocations=3 (full 0):
 par new generation   total 109248K, used 11222K [0x00000000e0000000, 0x00000000e8000000, 0x00000000e8000000)
  eden space 87424K,   0% used [0x00000000e0000000, 0x00000000e0000000, 0x00000000e5560000)
  from space 21824K,  51% used [0x00000000e6ab0000, 0x00000000e75a5910, 0x00000000e8000000)
  to   space 21824K,   0% used [0x00000000e5560000, 0x00000000e5560000, 0x00000000e6ab0000)
 concurrent mark-sweep generation total 393216K, used 0K [0x00000000e8000000, 0x0000000100000000, 0x0000000100000000)
 Metaspace       used 20952K, capacity 21276K, committed 21552K, reserved 1069056K
  class space    used 2417K, capacity 2584K, committed 2608K, reserved 1048576K
}
2017-02-24T06:46:54.158+0100: 2,539: Total time for which application threads were stopped: 0,0181376 seconds, Stopping threads took: 0,0000895 seconds
2017-02-24T06:46:54.175+0100: 2,556: [GC (CMS Initial Mark) [1 CMS-initial-mark: 0K(393216K)] 24866K(502464K), 0,0072127 secs] [Times: user=0,02 sys=0,00, real=0,00 secs] 
2017-02-24T06:46:54.182+0100: 2,563: Total time for which application threads were stopped: 0,0083860 seconds, Stopping threads took: 0,0010554 seconds
2017-02-24T06:46:54.182+0100: 2,563: [CMS-concurrent-mark-start]
2017-02-24T06:46:54.183+0100: 2,564: [CMS-concurrent-mark: 0,001/0,001 secs] [Times: user=0,00 sys=0,00, real=0,00 secs] 
2017-02-24T06:46:54.183+0100: 2,564: [CMS-concurrent-preclean-start]
2017-02-24T06:46:54.184+0100: 2,565: [CMS-concurrent-preclean: 0,001/0,001 secs] [Times: user=0,00 sys=0,00, real=0,00 secs] 
2017-02-24T06:46:54.184+0100: 2,565: [CMS-concurrent-abortable-preclean-start]
{Heap before GC invocations=3 (full 1):
 par new generation   total 109248K, used 98646K [0x00000000e0000000, 0x00000000e8000000, 0x00000000e8000000)
  eden space 87424K, 100% used [0x00000000e0000000, 0x00000000e5560000, 0x00000000e5560000)
  from space 21824K,  51% used [0x00000000e6ab0000, 0x00000000e75a5910, 0x00000000e8000000)
  to   space 21824K,   0% used [0x00000000e5560000, 0x00000000e5560000, 0x00000000e6ab0000)
 concurrent mark-sweep generation total 393216K, used 0K [0x00000000e8000000, 0x0000000100000000, 0x0000000100000000)
 Metaspace       used 21238K, capacity 21564K, committed 21628K, reserved 1069056K
  class space    used 2446K, capacity 2601K, committed 2608K, reserved 1048576K
2017-02-24T06:46:54.294+0100: 2,674: [GC (Allocation Failure) 2017-02-24T06:46:54.294+0100: 2,674: [ParNew
Desired survivor size 20112992 bytes, new threshold 8 (max 8)
- age   1:     828040 bytes,     828040 total
- age   2:    1443880 bytes,    2271920 total
- age   3:     827224 bytes,    3099144 total
- age   4:    6657144 bytes,    9756288 total
: 98646K->12513K(109248K), 0,0122563 secs] 98646K->12513K(502464K), 0,0123364 secs] [Times: user=0,04 sys=0,00, real=0,02 secs] 
Heap after GC invocations=4 (full 1):
 par new generation   total 109248K, used 12513K [0x00000000e0000000, 0x00000000e8000000, 0x00000000e8000000)
  eden space 87424K,   0% used [0x00000000e0000000, 0x00000000e0000000, 0x00000000e5560000)
  from space 21824K,  57% used [0x00000000e5560000, 0x00000000e6198790, 0x00000000e6ab0000)
  to   space 21824K,   0% used [0x00000000e6ab0000, 0x00000000e6ab0000, 0x00000000e8000000)
 concurrent mark-sweep generation total 393216K, used 0K [0x00000000e8000000, 0x0000000100000000, 0x0000000100000000)
 Metaspace       used 21238K, capacity 21564K, committed 21628K, reserved 1069056K
  class space    used 2446K, capacity 2601K, committed 2608K, reserved 1048576K
}
2017-02-24T06:46:54.306+0100: 2,687: Total time for which application threads were stopped: 0,0125790 seconds, Stopping threads took: 0,0000687 seconds
2017-02-24T06:46:54.314+0100: 2,695: Total time for which application threads were stopped: 0,0001139 seconds, Stopping threads took: 0,0000229 seconds
{Heap before GC invocations=4 (full 1):
 par new generation   total 109248K, used 99937K [0x00000000e0000000, 0x00000000e8000000, 0x00000000e8000000)
  eden space 87424K, 100% used [0x00000000e0000000, 0x00000000e5560000, 0x00000000e5560000)
  from space 21824K,  57% used [0x00000000e5560000, 0x00000000e6198790, 0x00000000e6ab0000)
  to   space 21824K,   0% used [0x00000000e6ab0000, 0x00000000e6ab0000, 0x00000000e8000000)
 concurrent mark-sweep generation total 393216K, used 0K [0x00000000e8000000, 0x0000000100000000, 0x0000000100000000)
 Metaspace       used 21427K, capacity 21794K, committed 21960K, reserved 1069056K
  class space    used 2469K, capacity 2634K, committed 2684K, reserved 1048576K
2017-02-24T06:46:54.411+0100: 2,792: [GC (Allocation Failure) 2017-02-24T06:46:54.411+0100: 2,792: [ParNew
Desired survivor size 20112992 bytes, new threshold 8 (max 8)
- age   1:     859376 bytes,     859376 total
- age   2:     186488 bytes,    1045864 total
- age   3:    1443464 bytes,    2489328 total
- age   4:     827112 bytes,    3316440 total
- age   5:    6656928 bytes,    9973368 total
: 99937K->12731K(109248K), 0,0135957 secs] 99937K->12731K(502464K), 0,0136770 secs] [Times: user=0,04 sys=0,00, real=0,01 secs] 
Heap after GC invocations=5 (full 1):
 par new generation   total 109248K, used 12731K [0x00000000e0000000, 0x00000000e8000000, 0x00000000e8000000)
  eden space 87424K,   0% used [0x00000000e0000000, 0x00000000e0000000, 0x00000000e5560000)
  from space 21824K,  58% used [0x00000000e6ab0000, 0x00000000e771edf0, 0x00000000e8000000)
  to   space 21824K,   0% used [0x00000000e5560000, 0x00000000e5560000, 0x00000000e6ab0000)
 concurrent mark-sweep generation total 393216K, used 0K [0x00000000e8000000, 0x0000000100000000, 0x0000000100000000)
 Metaspace       used 21427K, capacity 21794K, committed 21960K, reserved 1069056K
  class space    used 2469K, capacity 2634K, committed 2684K, reserved 1048576K
}
2017-02-24T06:46:54.425+0100: 2,806: Total time for which application threads were stopped: 0,0139713 seconds, Stopping threads took: 0,0001255 seconds
2017-02-24T06:46:54.425+0100: 2,806: [CMS-concurrent-abortable-preclean: 0,149/0,241 secs] [Times: user=0,88 sys=0,01, real=0,24 secs] 
2017-02-24T06:46:54.425+0100: 2,806: [GC (CMS Final Remark) [YG occupancy: 13340 K (109248 K)]{Heap before GC invocations=5 (full 1):
 par new generation   total 109248K, used 13340K [0x00000000e0000000, 0x00000000e8000000, 0x00000000e8000000)
  eden space 87424K,   0% used [0x00000000e0000000, 0x00000000e0098420, 0x00000000e5560000)
  from space 21824K,  58% used [0x00000000e6ab0000, 0x00000000e771edf0, 0x00000000e8000000)
  to   space 21824K,   0% used [0x00000000e5560000, 0x00000000e5560000, 0x00000000e6ab0000)
 concurrent mark-sweep generation total 393216K, used 0K [0x00000000e8000000, 0x0000000100000000, 0x0000000100000000)
 Metaspace       used 21427K, capacity 21794K, committed 21960K, reserved 1069056K
  class space    used 2469K, capacity 2634K, committed 2684K, reserved 1048576K
2017-02-24T06:46:54.425+0100: 2,806: [GC (CMS Final Remark) 2017-02-24T06:46:54.425+0100: 2,806: [ParNew
Desired survivor size 20112992 bytes, new threshold 8 (max 8)
- age   1:      98112 bytes,      98112 total
- age   2:     810160 bytes,     908272 total
- age   3:     186488 bytes,    1094760 total
- age   4:    1443464 bytes,    2538224 total
- age   5:     827112 bytes,    3365336 total
- age   6:    6656976 bytes,   10022312 total
: 13340K->11400K(109248K), 0,0096002 secs] 13340K->11400K(502464K), 0,0096397 secs] [Times: user=0,04 sys=0,00, real=0,02 secs] 
Heap after GC invocations=6 (full 1):
 par new generation   total 109248K, used 11400K [0x00000000e0000000, 0x00000000e8000000, 0x00000000e8000000)
  eden space 87424K,   0% used [0x00000000e0000000, 0x00000000e0000000, 0x00000000e5560000)
  from space 21824K,  52% used [0x00000000e5560000, 0x00000000e60822b8, 0x00000000e6ab0000)
  to   space 21824K,   0% used [0x00000000e6ab0000, 0x00000000e6ab0000, 0x00000000e8000000)
 concurrent mark-sweep generation total 393216K, used 0K [0x00000000e8000000, 0x0000000100000000, 0x0000000100000000)
 Metaspace       used 21427K, capacity 21794K, committed 21960K, reserved 1069056K
  class space    used 2469K, capacity 2634K, committed 2684K, reserved 1048576K
}
2017-02-24T06:46:54.435+0100: 2,816: [Rescan (parallel) , 0,0033902 secs]2017-02-24T06:46:54.438+0100: 2,819: [weak refs processing, 0,0008636 secs]2017-02-24T06:46:54.439+0100: 2,820: [class unloading, 0,0029189 secs]2017-02-24T06:46:54.442+0100: 2,823: [scrub symbol table, 0,0028583 secs]2017-02-24T06:46:54.445+0100: 2,826: [scrub string table, 0,0004069 secs][1 CMS-remark: 0K(393216K)] 11400K(502464K), 0,0207814 secs] [Times: user=0,06 sys=0,00, real=0,03 secs] 
2017-02-24T06:46:54.446+0100: 2,827: Total time for which application threads were stopped: 0,0209224 seconds, Stopping threads took: 0,0000501 seconds
2017-02-24T06:46:54.446+0100: 2,827: [CMS-concurrent-sweep-start]
2017-02-24T06:46:54.446+0100: 2,827: [CMS-concurrent-sweep: 0,000/0,000 secs] [Times: user=0,00 sys=0,00, real=0,00 secs] 
2017-02-24T06:46:54.446+0100: 2,827: [CMS-concurrent-reset-start]
2017-02-24T06:46:54.449+0100: 2,830: [CMS-concurrent-reset: 0,002/0,002 secs] [Times: user=0,01 sys=0,00, real=0,00 secs] 
2017-02-24T06:46:54.486+0100: 2,867: Total time for which application threads were stopped: 0,0004220 seconds, Stopping threads took: 0,0000419 seconds
2017-02-24T06:46:54.690+0100: 3,071: Total time for which application threads were stopped: 0,0005115 seconds, Stopping threads took: 0,0000282 seconds
2017-02-24T06:46:54.710+0100: 3,090: Total time for which application threads were stopped: 0,0003918 seconds, Stopping threads took: 0,0000407 seconds
{Heap before GC invocations=6 (full 1):
 par new generation   total 109248K, used 98824K [0x00000000e0000000, 0x00000000e8000000, 0x00000000e8000000)
  eden space 87424K, 100% used [0x00000000e0000000, 0x00000000e5560000, 0x00000000e5560000)
  from space 21824K,  52% used [0x00000000e5560000, 0x00000000e60822b8, 0x00000000e6ab0000)
  to   space 21824K,   0% used [0x00000000e6ab0000, 0x00000000e6ab0000, 0x00000000e8000000)
 concurrent mark-sweep generation total 393216K, used 0K [0x00000000e8000000, 0x0000000100000000, 0x0000000100000000)
 Metaspace       used 24397K, capacity 24882K, committed 25084K, reserved 1071104K
  class space    used 2864K, capacity 3044K, committed 3068K, reserved 1048576K
2017-02-24T06:46:54.915+0100: 3,295: [GC (Allocation Failure) 2017-02-24T06:46:54.915+0100: 3,295: [ParNew
Desired survivor size 20112992 bytes, new threshold 8 (max 8)
- age   1:    5101128 bytes,    5101128 total
- age   3:     122680 bytes,    5223808 total
- age   4:     185392 bytes,    5409200 total
- age   5:     273816 bytes,    5683016 total
- age   6:     802848 bytes,    6485864 total
- age   7:    6649464 bytes,   13135328 total
: 98824K->15062K(109248K), 0,0145530 secs] 98824K->15062K(502464K), 0,0146434 secs] [Times: user=0,05 sys=0,00, real=0,01 secs] 
Heap after GC invocations=7 (full 1):
 par new generation   total 109248K, used 15062K [0x00000000e0000000, 0x00000000e8000000, 0x00000000e8000000)
  eden space 87424K,   0% used [0x00000000e0000000, 0x00000000e0000000, 0x00000000e5560000)
  from space 21824K,  69% used [0x00000000e6ab0000, 0x00000000e7965af8, 0x00000000e8000000)
  to   space 21824K,   0% used [0x00000000e5560000, 0x00000000e5560000, 0x00000000e6ab0000)
 concurrent mark-sweep generation total 393216K, used 0K [0x00000000e8000000, 0x0000000100000000, 0x0000000100000000)
 Metaspace       used 24397K, capacity 24882K, committed 25084K, reserved 1071104K
  class space    used 2864K, capacity 3044K, committed 3068K, reserved 1048576K
}
2017-02-24T06:46:54.929+0100: 3,310: Total time for which application threads were stopped: 0,0149676 seconds, Stopping threads took: 0,0000496 seconds
{Heap before GC invocations=7 (full 1):
 par new generation   total 109248K, used 102486K [0x00000000e0000000, 0x00000000e8000000, 0x00000000e8000000)
  eden space 87424K, 100% used [0x00000000e0000000, 0x00000000e5560000, 0x00000000e5560000)
  from space 21824K,  69% used [0x00000000e6ab0000, 0x00000000e7965af8, 0x00000000e8000000)
  to   space 21824K,   0% used [0x00000000e5560000, 0x00000000e5560000, 0x00000000e6ab0000)
 concurrent mark-sweep generation total 393216K, used 0K [0x00000000e8000000, 0x0000000100000000, 0x0000000100000000)
 Metaspace       used 24889K, capacity 25384K, committed 25724K, reserved 1071104K
  class space    used 2907K, capacity 3080K, committed 3196K, reserved 1048576K
2017-02-24T06:46:55.039+0100: 3,420: [GC (Allocation Failure) 2017-02-24T06:46:55.039+0100: 3,420: [ParNew
Desired survivor size 20112992 bytes, new threshold 8 (max 8)
- age   1:     962424 bytes,     962424 total
- age   2:    1983712 bytes,    2946136 total
- age   4:      89936 bytes,    3036072 total
- age   5:     144504 bytes,    3180576 total
- age   6:     225344 bytes,    3405920 total
- age   7:     775352 bytes,    4181272 total
- age   8:    6381416 bytes,   10562688 total
: 102486K->17658K(109248K), 0,0122107 secs] 102486K->17658K(502464K), 0,0122874 secs] [Times: user=0,03 sys=0,00, real=0,01 secs] 
Heap after GC invocations=8 (full 1):
 par new generation   total 109248K, used 17658K [0x00000000e0000000, 0x00000000e8000000, 0x00000000e8000000)
  eden space 87424K,   0% used [0x00000000e0000000, 0x00000000e0000000, 0x00000000e5560000)
  from space 21824K,  80% used [0x00000000e5560000, 0x00000000e669ea70, 0x00000000e6ab0000)
  to   space 21824K,   0% used [0x00000000e6ab0000, 0x00000000e6ab0000, 0x00000000e8000000)
 concurrent mark-sweep generation total 393216K, used 0K [0x00000000e8000000, 0x0000000100000000, 0x0000000100000000)
 Metaspace       used 24889K, capacity 25384K, committed 25724K, reserved 1071104K
  class space    used 2907K, capacity 3080K, committed 3196K, reserved 1048576K
}
2017-02-24T06:46:55.051+0100: 3,432: Total time for which application threads were stopped: 0,0124825 seconds, Stopping threads took: 0,0000419 seconds
2017-02-24T06:46:55.269+0100: 3,650: Total time for which application threads were stopped: 0,0005027 seconds, Stopping threads took: 0,0000459 seconds
2017-02-24T06:46:55.324+0100: 3,705: Total time for which application threads were stopped: 0,0003936 seconds, Stopping threads took: 0,0000152 seconds
2017-02-24T06:46:55.338+0100: 3,719: Total time for which application threads were stopped: 0,0004083 seconds, Stopping threads took: 0,0000259 seconds
2017-02-24T06:46:55.406+0100: 3,787: Total time for which application threads were stopped: 0,0004737 seconds, Stopping threads took: 0,0000336 seconds
2017-02-24T06:46:55.539+0100: 3,920: Total time for which application threads were stopped: 0,0014811 seconds, Stopping threads took: 0,0010978 seconds
2017-02-24T06:46:55.676+0100: 4,057: Total time for which application threads were stopped: 0,0003935 seconds, Stopping threads took: 0,0000252 seconds
2017-02-24T06:47:27.955+0100: 37,061: Total time for which application threads were stopped: 0,0000922 seconds, Stopping threads took: 0,0000398 seconds
2017-02-24T06:48:47.965+0100: 117,072: Total time for which application threads were stopped: 0,0000828 seconds, Stopping threads took: 0,0000339 seconds
2017-02-24T06:48:57.966+0100: 127,073: Total time for which application threads were stopped: 0,0000817 seconds, Stopping threads took: 0,0000332 seconds
2017-02-24T06:49:56.974+0100: 186,080: Total time for which application threads were stopped: 0,0000867 seconds, Stopping threads took: 0,0000332 seconds
2017-02-24T06:51:17.983+0100: 267,090: Total time for which application threads were stopped: 0,0001129 seconds, Stopping threads took: 0,0000463 seconds
2017-02-24T06:51:26.985+0100: 276,091: Total time for which application threads were stopped: 0,0000895 seconds, Stopping threads took: 0,0000354 seconds
2017-02-24T06:51:31.986+0100: 281,092: Total time for which application threads were stopped: 0,0003551 seconds, Stopping threads took: 0,0001353 seconds
2017-02-24T06:51:52.988+0100: 302,094: Total time for which application threads were stopped: 0,0000909 seconds, Stopping threads took: 0,0000159 seconds
2017-02-24T06:52:12.990+0100: 322,097: Total time for which application threads were stopped: 0,0000922 seconds, Stopping threads took: 0,0000344 seconds
2017-02-24T06:52:41.994+0100: 351,100: Total time for which application threads were stopped: 0,0000822 seconds, Stopping threads took: 0,0000308 seconds
2017-02-24T06:55:33.013+0100: 522,119: Total time for which application threads were stopped: 0,0000801 seconds, Stopping threads took: 0,0000310 seconds
2017-02-24T06:57:13.024+0100: 622,131: Total time for which application threads were stopped: 0,0004777 seconds, Stopping threads took: 0,0003116 seconds
2017-02-24T06:57:33.027+0100: 642,133: Total time for which application threads were stopped: 0,0001142 seconds, Stopping threads took: 0,0000369 seconds
2017-02-24T07:02:53.063+0100: 962,170: Total time for which application threads were stopped: 0,0001320 seconds, Stopping threads took: 0,0000440 seconds
2017-02-24T07:10:22.116+0100: 1411,223: Total time for which application threads were stopped: 0,0001013 seconds, Stopping threads took: 0,0000413 seconds
{Heap before GC invocations=8 (full 1):
 par new generation   total 109248K, used 105082K [0x00000000e0000000, 0x00000000e8000000, 0x00000000e8000000)
  eden space 87424K, 100% used [0x00000000e0000000, 0x00000000e5560000, 0x00000000e5560000)
  from space 21824K,  80% used [0x00000000e5560000, 0x00000000e669ea70, 0x00000000e6ab0000)
  to   space 21824K,   0% used [0x00000000e6ab0000, 0x00000000e6ab0000, 0x00000000e8000000)
 concurrent mark-sweep generation total 393216K, used 0K [0x00000000e8000000, 0x0000000100000000, 0x0000000100000000)
 Metaspace       used 28098K, capacity 28714K, committed 28796K, reserved 1075200K
  class space    used 3226K, capacity 3395K, committed 3452K, reserved 1048576K
2017-02-24T07:11:55.551+0100: 1504,657: [GC (Allocation Failure) 2017-02-24T07:11:55.551+0100: 1504,657: [ParNew
Desired survivor size 20112992 bytes, new threshold 8 (max 8)
- age   1:   12889512 bytes,   12889512 total
- age   2:     286232 bytes,   13175744 total
- age   3:    1812328 bytes,   14988072 total
- age   5:      89936 bytes,   15078008 total
- age   6:     144376 bytes,   15222384 total
- age   7:     225248 bytes,   15447632 total
- age   8:     774024 bytes,   16221656 total
: 105082K->18741K(109248K), 0,1843611 secs] 105082K->25505K(502464K), 0,1844297 secs] [Times: user=0,13 sys=0,00, real=0,18 secs] 
Heap after GC invocations=9 (full 1):
 par new generation   total 109248K, used 18741K [0x00000000e0000000, 0x00000000e8000000, 0x00000000e8000000)
  eden space 87424K,   0% used [0x00000000e0000000, 0x00000000e0000000, 0x00000000e5560000)
  from space 21824K,  85% used [0x00000000e6ab0000, 0x00000000e7cfd690, 0x00000000e8000000)
  to   space 21824K,   0% used [0x00000000e5560000, 0x00000000e5560000, 0x00000000e6ab0000)
 concurrent mark-sweep generation total 393216K, used 6763K [0x00000000e8000000, 0x0000000100000000, 0x0000000100000000)
 Metaspace       used 28098K, capacity 28714K, committed 28796K, reserved 1075200K
  class space    used 3226K, capacity 3395K, committed 3452K, reserved 1048576K
}
2017-02-24T07:11:55.735+0100: 1504,842: Total time for which application threads were stopped: 0,1846719 seconds, Stopping threads took: 0,0000245 seconds
2017-02-24T07:11:55.762+0100: 1504,869: Total time for which application threads were stopped: 0,0009282 seconds, Stopping threads took: 0,0008112 seconds
2017-02-24T07:11:55.767+0100: 1504,874: Total time for which application threads were stopped: 0,0018689 seconds, Stopping threads took: 0,0001618 seconds
2017-02-24T07:11:55.772+0100: 1504,878: Total time for which application threads were stopped: 0,0001148 seconds, Stopping threads took: 0,0000246 seconds
Heap
 par new generation   total 109248K, used 26404K [0x00000000e0000000, 0x00000000e8000000, 0x00000000e8000000)
  eden space 87424K,   8% used [0x00000000e0000000, 0x00000000e077bb80, 0x00000000e5560000)
  from space 21824K,  85% used [0x00000000e6ab0000, 0x00000000e7cfd690, 0x00000000e8000000)
  to   space 21824K,   0% used [0x00000000e5560000, 0x00000000e5560000, 0x00000000e6ab0000)
 concurrent mark-sweep generation total 393216K, used 6763K [0x00000000e8000000, 0x0000000100000000, 0x0000000100000000)
 Metaspace       used 28166K, capacity 28752K, committed 28796K, reserved 1075200K
  class space    used 3234K, capacity 3428K, committed 3452K, reserved 1048576K
