OpenJDK 64-Bit Server VM (25.111-b14) for linux-amd64 JRE (1.8.0_111-8u111-b14-2ubuntu0.16.04.2-b14), built on Oct 27 2016 18:10:19 by "buildd" with gcc 5.4.0 20160609
Memory: 4k page, physical 7867840k(7458484k free), swap 8076284k(8076284k free)
CommandLine flags: -XX:CMSInitiatingOccupancyFraction=50 -XX:CMSMaxAbortablePrecleanTime=6000 -XX:+CMSParallelRemarkEnabled -XX:+CMSScavengeBeforeRemark -XX:ConcGCThreads=4 -XX:InitialHeapSize=536870912 -XX:MaxHeapSize=536870912 -XX:MaxTenuringThreshold=8 -XX:NewRatio=3 -XX:OldPLABSize=16 -XX:OnOutOfMemoryError=/opt/solr/bin/oom_solr.sh 8983 /var/solr/logs -XX:ParallelGCThreads=4 -XX:+ParallelRefProcEnabled -XX:PretenureSizeThreshold=67108864 -XX:+PrintGC -XX:+PrintGCApplicationStoppedTime -XX:+PrintGCDateStamps -XX:+PrintGCDetails -XX:+PrintGCTimeStamps -XX:+PrintHeapAtGC -XX:+PrintTenuringDistribution -XX:SurvivorRatio=4 -XX:TargetSurvivorRatio=90 -XX:ThreadStackSize=256 -XX:+UseCMSInitiatingOccupancyOnly -XX:+UseCompressedClassPointers -XX:+UseCompressedOops -XX:+UseConcMarkSweepGC -XX:+UseParNewGC 
2016-12-04T08:58:45.715+0100: 0,109: Total time for which application threads were stopped: 0,0000686 seconds, Stopping threads took: 0,0000133 seconds
2016-12-04T08:58:45.808+0100: 0,203: Total time for which application threads were stopped: 0,0001228 seconds, Stopping threads took: 0,0000288 seconds
2016-12-04T08:58:45.820+0100: 0,214: Total time for which application threads were stopped: 0,0000884 seconds, Stopping threads took: 0,0000079 seconds
2016-12-04T08:58:46.039+0100: 0,433: Total time for which application threads were stopped: 0,0001104 seconds, Stopping threads took: 0,0000179 seconds
2016-12-04T08:58:46.423+0100: 0,817: Total time for which application threads were stopped: 0,0001740 seconds, Stopping threads took: 0,0000263 seconds
2016-12-04T08:58:46.520+0100: 0,914: Total time for which application threads were stopped: 0,0002189 seconds, Stopping threads took: 0,0000223 seconds
2016-12-04T08:58:46.590+0100: 0,985: Total time for which application threads were stopped: 0,0001971 seconds, Stopping threads took: 0,0000211 seconds
2016-12-04T08:58:46.979+0100: 1,374: Total time for which application threads were stopped: 0,0002248 seconds, Stopping threads took: 0,0000219 seconds
2016-12-04T08:58:47.207+0100: 1,601: Total time for which application threads were stopped: 0,0002217 seconds, Stopping threads took: 0,0000255 seconds
2016-12-04T08:58:47.240+0100: 1,635: Total time for which application threads were stopped: 0,0007342 seconds, Stopping threads took: 0,0000688 seconds
2016-12-04T08:58:47.241+0100: 1,635: Total time for which application threads were stopped: 0,0001373 seconds, Stopping threads took: 0,0000081 seconds
2016-12-04T08:58:47.256+0100: 1,651: Total time for which application threads were stopped: 0,0001680 seconds, Stopping threads took: 0,0000135 seconds
2016-12-04T08:58:47.365+0100: 1,759: Total time for which application threads were stopped: 0,0002382 seconds, Stopping threads took: 0,0000202 seconds
2016-12-04T08:58:47.547+0100: 1,941: Total time for which application threads were stopped: 0,0007275 seconds, Stopping threads took: 0,0002929 seconds
{Heap before GC invocations=0 (full 0):
 par new generation   total 109248K, used 87424K [0x00000000e0000000, 0x00000000e8000000, 0x00000000e8000000)
  eden space 87424K, 100% used [0x00000000e0000000, 0x00000000e5560000, 0x00000000e5560000)
  from space 21824K,   0% used [0x00000000e5560000, 0x00000000e5560000, 0x00000000e6ab0000)
  to   space 21824K,   0% used [0x00000000e6ab0000, 0x00000000e6ab0000, 0x00000000e8000000)
 concurrent mark-sweep generation total 393216K, used 0K [0x00000000e8000000, 0x0000000100000000, 0x0000000100000000)
 Metaspace       used 18356K, capacity 18686K, committed 18944K, reserved 1067008K
  class space    used 2091K, capacity 2226K, committed 2304K, reserved 1048576K
2016-12-04T08:58:47.715+0100: 2,110: [GC (Allocation Failure) 2016-12-04T08:58:47.715+0100: 2,110: [ParNew
Desired survivor size 20112992 bytes, new threshold 8 (max 8)
- age   1:   12579976 bytes,   12579976 total
: 87424K->12409K(109248K), 0,0158308 secs] 87424K->12409K(502464K), 0,0159299 secs] [Times: user=0,04 sys=0,02, real=0,02 secs] 
Heap after GC invocations=1 (full 0):
 par new generation   total 109248K, used 12409K [0x00000000e0000000, 0x00000000e8000000, 0x00000000e8000000)
  eden space 87424K,   0% used [0x00000000e0000000, 0x00000000e0000000, 0x00000000e5560000)
  from space 21824K,  56% used [0x00000000e6ab0000, 0x00000000e76ce550, 0x00000000e8000000)
  to   space 21824K,   0% used [0x00000000e5560000, 0x00000000e5560000, 0x00000000e6ab0000)
 concurrent mark-sweep generation total 393216K, used 0K [0x00000000e8000000, 0x0000000100000000, 0x0000000100000000)
 Metaspace       used 18356K, capacity 18686K, committed 18944K, reserved 1067008K
  class space    used 2091K, capacity 2226K, committed 2304K, reserved 1048576K
}
2016-12-04T08:58:47.731+0100: 2,126: Total time for which application threads were stopped: 0,0161209 seconds, Stopping threads took: 0,0000320 seconds
2016-12-04T08:58:47.888+0100: 2,283: Total time for which application threads were stopped: 0,0003036 seconds, Stopping threads took: 0,0000381 seconds
2016-12-04T08:58:47.924+0100: 2,318: Total time for which application threads were stopped: 0,0003249 seconds, Stopping threads took: 0,0000611 seconds
2016-12-04T08:58:47.950+0100: 2,344: Total time for which application threads were stopped: 0,0003303 seconds, Stopping threads took: 0,0000352 seconds
{Heap before GC invocations=1 (full 0):
 par new generation   total 109248K, used 99833K [0x00000000e0000000, 0x00000000e8000000, 0x00000000e8000000)
  eden space 87424K, 100% used [0x00000000e0000000, 0x00000000e5560000, 0x00000000e5560000)
  from space 21824K,  56% used [0x00000000e6ab0000, 0x00000000e76ce550, 0x00000000e8000000)
  to   space 21824K,   0% used [0x00000000e5560000, 0x00000000e5560000, 0x00000000e6ab0000)
 concurrent mark-sweep generation total 393216K, used 0K [0x00000000e8000000, 0x0000000100000000, 0x0000000100000000)
 Metaspace       used 20714K, capacity 21020K, committed 21248K, reserved 1069056K
  class space    used 2404K, capacity 2518K, committed 2560K, reserved 1048576K
2016-12-04T08:58:48.120+0100: 2,514: [GC (Allocation Failure) 2016-12-04T08:58:48.120+0100: 2,514: [ParNew
Desired survivor size 20112992 bytes, new threshold 8 (max 8)
- age   1:    2801216 bytes,    2801216 total
- age   2:    6139680 bytes,    8940896 total
: 99833K->11403K(109248K), 0,0124961 secs] 99833K->11403K(502464K), 0,0125788 secs] [Times: user=0,04 sys=0,00, real=0,01 secs] 
Heap after GC invocations=2 (full 0):
 par new generation   total 109248K, used 11403K [0x00000000e0000000, 0x00000000e8000000, 0x00000000e8000000)
  eden space 87424K,   0% used [0x00000000e0000000, 0x00000000e0000000, 0x00000000e5560000)
  from space 21824K,  52% used [0x00000000e5560000, 0x00000000e6082ff0, 0x00000000e6ab0000)
  to   space 21824K,   0% used [0x00000000e6ab0000, 0x00000000e6ab0000, 0x00000000e8000000)
 concurrent mark-sweep generation total 393216K, used 0K [0x00000000e8000000, 0x0000000100000000, 0x0000000100000000)
 Metaspace       used 20714K, capacity 21020K, committed 21248K, reserved 1069056K
  class space    used 2404K, capacity 2518K, committed 2560K, reserved 1048576K
}
2016-12-04T08:58:48.132+0100: 2,526: Total time for which application threads were stopped: 0,0128346 seconds, Stopping threads took: 0,0000422 seconds
2016-12-04T08:58:48.182+0100: 2,576: Total time for which application threads were stopped: 0,0000876 seconds, Stopping threads took: 0,0000158 seconds
2016-12-04T08:58:48.213+0100: 2,607: Total time for which application threads were stopped: 0,0000757 seconds, Stopping threads took: 0,0000141 seconds
2016-12-04T08:58:48.214+0100: 2,608: Total time for which application threads were stopped: 0,0002425 seconds, Stopping threads took: 0,0000185 seconds
2016-12-04T08:58:48.241+0100: 2,635: Total time for which application threads were stopped: 0,0000856 seconds, Stopping threads took: 0,0000283 seconds
2016-12-04T08:58:48.323+0100: 2,717: Total time for which application threads were stopped: 0,0001492 seconds, Stopping threads took: 0,0000473 seconds
2016-12-04T08:58:48.341+0100: 2,735: Total time for which application threads were stopped: 0,0000832 seconds, Stopping threads took: 0,0000226 seconds
2016-12-04T08:58:48.349+0100: 2,743: Total time for which application threads were stopped: 0,0002978 seconds, Stopping threads took: 0,0000184 seconds
2016-12-04T08:58:48.356+0100: 2,750: Total time for which application threads were stopped: 0,0002768 seconds, Stopping threads took: 0,0000172 seconds
2016-12-04T08:58:48.363+0100: 2,758: Total time for which application threads were stopped: 0,0000915 seconds, Stopping threads took: 0,0000318 seconds
2016-12-04T08:58:48.390+0100: 2,784: Total time for which application threads were stopped: 0,0001004 seconds, Stopping threads took: 0,0000435 seconds
2016-12-04T08:58:48.406+0100: 2,801: Total time for which application threads were stopped: 0,0000761 seconds, Stopping threads took: 0,0000166 seconds
2016-12-04T08:58:48.427+0100: 2,821: Total time for which application threads were stopped: 0,0000717 seconds, Stopping threads took: 0,0000131 seconds
2016-12-04T08:58:48.447+0100: 2,842: Total time for which application threads were stopped: 0,0000828 seconds, Stopping threads took: 0,0000178 seconds
2016-12-04T08:58:48.483+0100: 2,877: Total time for which application threads were stopped: 0,0001348 seconds, Stopping threads took: 0,0000289 seconds
2016-12-04T08:58:48.541+0100: 2,935: Total time for which application threads were stopped: 0,0001051 seconds, Stopping threads took: 0,0000332 seconds
2016-12-04T08:58:48.574+0100: 2,969: Total time for which application threads were stopped: 0,0001591 seconds, Stopping threads took: 0,0000542 seconds
2016-12-04T08:58:48.619+0100: 3,013: Total time for which application threads were stopped: 0,0001416 seconds, Stopping threads took: 0,0000247 seconds
{Heap before GC invocations=2 (full 0):
 par new generation   total 109248K, used 98827K [0x00000000e0000000, 0x00000000e8000000, 0x00000000e8000000)
  eden space 87424K, 100% used [0x00000000e0000000, 0x00000000e5560000, 0x00000000e5560000)
  from space 21824K,  52% used [0x00000000e5560000, 0x00000000e6082ff0, 0x00000000e6ab0000)
  to   space 21824K,   0% used [0x00000000e6ab0000, 0x00000000e6ab0000, 0x00000000e8000000)
 concurrent mark-sweep generation total 393216K, used 0K [0x00000000e8000000, 0x0000000100000000, 0x0000000100000000)
 Metaspace       used 25121K, capacity 25509K, committed 25868K, reserved 1073152K
  class space    used 2923K, capacity 3057K, committed 3092K, reserved 1048576K
2016-12-04T08:58:48.621+0100: 3,015: [GC (Allocation Failure) 2016-12-04T08:58:48.621+0100: 3,015: [ParNew
Desired survivor size 20112992 bytes, new threshold 8 (max 8)
- age   1:    6922504 bytes,    6922504 total
- age   2:     515608 bytes,    7438112 total
- age   3:    6120872 bytes,   13558984 total
: 98827K->15524K(109248K), 0,0186872 secs] 98827K->15524K(502464K), 0,0187455 secs] [Times: user=0,05 sys=0,00, real=0,02 secs] 
Heap after GC invocations=3 (full 0):
 par new generation   total 109248K, used 15524K [0x00000000e0000000, 0x00000000e8000000, 0x00000000e8000000)
  eden space 87424K,   0% used [0x00000000e0000000, 0x00000000e0000000, 0x00000000e5560000)
  from space 21824K,  71% used [0x00000000e6ab0000, 0x00000000e79d9220, 0x00000000e8000000)
  to   space 21824K,   0% used [0x00000000e5560000, 0x00000000e5560000, 0x00000000e6ab0000)
 concurrent mark-sweep generation total 393216K, used 0K [0x00000000e8000000, 0x0000000100000000, 0x0000000100000000)
 Metaspace       used 25121K, capacity 25509K, committed 25868K, reserved 1073152K
  class space    used 2923K, capacity 3057K, committed 3092K, reserved 1048576K
}
2016-12-04T08:58:48.640+0100: 3,034: Total time for which application threads were stopped: 0,0189273 seconds, Stopping threads took: 0,0000190 seconds
2016-12-04T08:58:48.643+0100: 3,038: [GC (CMS Initial Mark) [1 CMS-initial-mark: 0K(393216K)] 16951K(502464K), 0,0073284 secs] [Times: user=0,02 sys=0,00, real=0,01 secs] 
2016-12-04T08:58:48.651+0100: 3,045: Total time for which application threads were stopped: 0,0074543 seconds, Stopping threads took: 0,0000298 seconds
2016-12-04T08:58:48.651+0100: 3,045: [CMS-concurrent-mark-start]
2016-12-04T08:58:48.652+0100: 3,046: [CMS-concurrent-mark: 0,001/0,001 secs] [Times: user=0,00 sys=0,00, real=0,00 secs] 
2016-12-04T08:58:48.652+0100: 3,046: [CMS-concurrent-preclean-start]
2016-12-04T08:58:48.653+0100: 3,047: [CMS-concurrent-preclean: 0,001/0,001 secs] [Times: user=0,01 sys=0,00, real=0,00 secs] 
2016-12-04T08:58:48.653+0100: 3,047: [GC (CMS Final Remark) [YG occupancy: 16951 K (109248 K)]{Heap before GC invocations=3 (full 1):
 par new generation   total 109248K, used 16951K [0x00000000e0000000, 0x00000000e8000000, 0x00000000e8000000)
  eden space 87424K,   1% used [0x00000000e0000000, 0x00000000e0164a28, 0x00000000e5560000)
  from space 21824K,  71% used [0x00000000e6ab0000, 0x00000000e79d9220, 0x00000000e8000000)
  to   space 21824K,   0% used [0x00000000e5560000, 0x00000000e5560000, 0x00000000e6ab0000)
 concurrent mark-sweep generation total 393216K, used 0K [0x00000000e8000000, 0x0000000100000000, 0x0000000100000000)
 Metaspace       used 25157K, capacity 25509K, committed 25868K, reserved 1073152K
  class space    used 2926K, capacity 3057K, committed 3092K, reserved 1048576K
2016-12-04T08:58:48.653+0100: 3,047: [GC (CMS Final Remark) 2016-12-04T08:58:48.653+0100: 3,047: [ParNew
Desired survivor size 20112992 bytes, new threshold 8 (max 8)
- age   1:      27992 bytes,      27992 total
- age   2:    3171824 bytes,    3199816 total
- age   3:     515608 bytes,    3715424 total
- age   4:    6120848 bytes,    9836272 total
: 16951K->16836K(109248K), 0,0145812 secs] 16951K->16836K(502464K), 0,0146329 secs] [Times: user=0,05 sys=0,00, real=0,02 secs] 
Heap after GC invocations=4 (full 1):
 par new generation   total 109248K, used 16836K [0x00000000e0000000, 0x00000000e8000000, 0x00000000e8000000)
  eden space 87424K,   0% used [0x00000000e0000000, 0x00000000e0000000, 0x00000000e5560000)
  from space 21824K,  77% used [0x00000000e5560000, 0x00000000e65d13c0, 0x00000000e6ab0000)
  to   space 21824K,   0% used [0x00000000e6ab0000, 0x00000000e6ab0000, 0x00000000e8000000)
 concurrent mark-sweep generation total 393216K, used 0K [0x00000000e8000000, 0x0000000100000000, 0x0000000100000000)
 Metaspace       used 25157K, capacity 25509K, committed 25868K, reserved 1073152K
  class space    used 2926K, capacity 3057K, committed 3092K, reserved 1048576K
}
2016-12-04T08:58:48.668+0100: 3,062: [Rescan (parallel) , 0,0064381 secs]2016-12-04T08:58:48.674+0100: 3,068: [weak refs processing, 0,0021072 secs]2016-12-04T08:58:48.676+0100: 3,071: [class unloading, 0,0048321 secs]2016-12-04T08:58:48.681+0100: 3,075: [scrub symbol table, 0,0049018 secs]2016-12-04T08:58:48.686+0100: 3,080: [scrub string table, 0,0003713 secs][1 CMS-remark: 0K(393216K)] 16836K(502464K), 0,0341656 secs] [Times: user=0,10 sys=0,00, real=0,04 secs] 
2016-12-04T08:58:48.687+0100: 3,081: Total time for which application threads were stopped: 0,0343157 seconds, Stopping threads took: 0,0000893 seconds
2016-12-04T08:58:48.687+0100: 3,082: [CMS-concurrent-sweep-start]
2016-12-04T08:58:48.687+0100: 3,082: [CMS-concurrent-sweep: 0,000/0,000 secs] [Times: user=0,00 sys=0,00, real=0,00 secs] 
2016-12-04T08:58:48.687+0100: 3,082: [CMS-concurrent-reset-start]
2016-12-04T08:58:48.692+0100: 3,087: [CMS-concurrent-reset: 0,005/0,005 secs] [Times: user=0,01 sys=0,01, real=0,00 secs] 
2016-12-04T08:58:49.655+0100: 4,049: Total time for which application threads were stopped: 0,0003103 seconds, Stopping threads took: 0,0000171 seconds
2016-12-04T09:01:27.673+0100: 162,067: Total time for which application threads were stopped: 0,0000816 seconds, Stopping threads took: 0,0000343 seconds
2016-12-04T09:01:32.674+0100: 167,068: Total time for which application threads were stopped: 0,0000704 seconds, Stopping threads took: 0,0000305 seconds
2016-12-04T09:01:46.675+0100: 181,070: Total time for which application threads were stopped: 0,0000562 seconds, Stopping threads took: 0,0000172 seconds
2016-12-04T09:02:42.682+0100: 237,077: Total time for which application threads were stopped: 0,0001243 seconds, Stopping threads took: 0,0000537 seconds
2016-12-04T09:03:21.687+0100: 276,082: Total time for which application threads were stopped: 0,0000829 seconds, Stopping threads took: 0,0000343 seconds
2016-12-04T09:03:32.688+0100: 287,083: Total time for which application threads were stopped: 0,0000798 seconds, Stopping threads took: 0,0000339 seconds
2016-12-04T09:04:07.692+0100: 322,086: Total time for which application threads were stopped: 0,0000766 seconds, Stopping threads took: 0,0000294 seconds
2016-12-04T09:05:31.702+0100: 406,096: Total time for which application threads were stopped: 0,0000733 seconds, Stopping threads took: 0,0000319 seconds
2016-12-04T09:06:47.710+0100: 482,104: Total time for which application threads were stopped: 0,0001143 seconds, Stopping threads took: 0,0000421 seconds
2016-12-04T09:09:27.727+0100: 642,121: Total time for which application threads were stopped: 0,0001005 seconds, Stopping threads took: 0,0000410 seconds
2016-12-04T09:14:47.764+0100: 962,158: Total time for which application threads were stopped: 0,0001836 seconds, Stopping threads took: 0,0000619 seconds
2016-12-04T09:17:07.919+0100: 1102,313: Total time for which application threads were stopped: 0,0001302 seconds, Stopping threads took: 0,0000333 seconds
Heap
 par new generation   total 109248K, used 60806K [0x00000000e0000000, 0x00000000e8000000, 0x00000000e8000000)
  eden space 87424K,  50% used [0x00000000e0000000, 0x00000000e2af0590, 0x00000000e5560000)
  from space 21824K,  77% used [0x00000000e5560000, 0x00000000e65d13c0, 0x00000000e6ab0000)
  to   space 21824K,   0% used [0x00000000e6ab0000, 0x00000000e6ab0000, 0x00000000e8000000)
 concurrent mark-sweep generation total 393216K, used 0K [0x00000000e8000000, 0x0000000100000000, 0x0000000100000000)
 Metaspace       used 27183K, capacity 27595K, committed 27916K, reserved 1073152K
  class space    used 3161K, capacity 3320K, committed 3348K, reserved 1048576K
