OpenJDK 64-Bit Server VM (25.131-b11) for linux-amd64 JRE (1.8.0_131-8u131-b11-0ubuntu1.16.04.2-b11), built on May  6 2017 02:45:27 by "buildd" with gcc 5.4.0 20160609
Memory: 4k page, physical 7867740k(7401264k free), swap 8076284k(8076284k free)
CommandLine flags: -XX:CMSInitiatingOccupancyFraction=50 -XX:CMSMaxAbortablePrecleanTime=6000 -XX:+CMSParallelRemarkEnabled -XX:+CMSScavengeBeforeRemark -XX:ConcGCThreads=4 -XX:InitialHeapSize=536870912 -XX:MaxHeapSize=536870912 -XX:MaxTenuringThreshold=8 -XX:NewRatio=3 -XX:OldPLABSize=16 -XX:OnOutOfMemoryError=/opt/solr/bin/oom_solr.sh 8983 /var/solr/logs -XX:ParallelGCThreads=4 -XX:+ParallelRefProcEnabled -XX:PretenureSizeThreshold=67108864 -XX:+PrintGC -XX:+PrintGCApplicationStoppedTime -XX:+PrintGCDateStamps -XX:+PrintGCDetails -XX:+PrintGCTimeStamps -XX:+PrintHeapAtGC -XX:+PrintTenuringDistribution -XX:SurvivorRatio=4 -XX:TargetSurvivorRatio=90 -XX:ThreadStackSize=256 -XX:+UseCMSInitiatingOccupancyOnly -XX:+UseCompressedClassPointers -XX:+UseCompressedOops -XX:+UseConcMarkSweepGC -XX:+UseParNewGC 
2017-06-02T22:37:33.868+0200: 0,148: Total time for which application threads were stopped: 0,0001169 seconds, Stopping threads took: 0,0000355 seconds
2017-06-02T22:37:33.958+0200: 0,238: Total time for which application threads were stopped: 0,0001219 seconds, Stopping threads took: 0,0000255 seconds
2017-06-02T22:37:33.972+0200: 0,252: Total time for which application threads were stopped: 0,0000835 seconds, Stopping threads took: 0,0000098 seconds
2017-06-02T22:37:34.188+0200: 0,468: Total time for which application threads were stopped: 0,0002665 seconds, Stopping threads took: 0,0000266 seconds
2017-06-02T22:37:34.681+0200: 0,961: Total time for which application threads were stopped: 0,0001727 seconds, Stopping threads took: 0,0000199 seconds
2017-06-02T22:37:34.845+0200: 1,125: Total time for which application threads were stopped: 0,0005589 seconds, Stopping threads took: 0,0001792 seconds
2017-06-02T22:37:34.874+0200: 1,154: Total time for which application threads were stopped: 0,0001559 seconds, Stopping threads took: 0,0000145 seconds
2017-06-02T22:37:35.255+0200: 1,534: Total time for which application threads were stopped: 0,0001488 seconds, Stopping threads took: 0,0000101 seconds
2017-06-02T22:37:35.675+0200: 1,955: Total time for which application threads were stopped: 0,0002061 seconds, Stopping threads took: 0,0000122 seconds
2017-06-02T22:37:35.697+0200: 1,977: Total time for which application threads were stopped: 0,0002024 seconds, Stopping threads took: 0,0000195 seconds
2017-06-02T22:37:35.722+0200: 2,002: Total time for which application threads were stopped: 0,0001910 seconds, Stopping threads took: 0,0000190 seconds
2017-06-02T22:37:35.724+0200: 2,003: Total time for which application threads were stopped: 0,0001677 seconds, Stopping threads took: 0,0000147 seconds
2017-06-02T22:37:35.735+0200: 2,015: Total time for which application threads were stopped: 0,0001729 seconds, Stopping threads took: 0,0000176 seconds
2017-06-02T22:37:35.799+0200: 2,079: Total time for which application threads were stopped: 0,0002344 seconds, Stopping threads took: 0,0000275 seconds
2017-06-02T22:37:35.954+0200: 2,233: Total time for which application threads were stopped: 0,0002382 seconds, Stopping threads took: 0,0000241 seconds
{Heap before GC invocations=0 (full 0):
 par new generation   total 109248K, used 87424K [0x00000000e0000000, 0x00000000e8000000, 0x00000000e8000000)
  eden space 87424K, 100% used [0x00000000e0000000, 0x00000000e5560000, 0x00000000e5560000)
  from space 21824K,   0% used [0x00000000e5560000, 0x00000000e5560000, 0x00000000e6ab0000)
  to   space 21824K,   0% used [0x00000000e6ab0000, 0x00000000e6ab0000, 0x00000000e8000000)
 concurrent mark-sweep generation total 393216K, used 0K [0x00000000e8000000, 0x0000000100000000, 0x0000000100000000)
 Metaspace       used 17998K, capacity 18336K, committed 18688K, reserved 1064960K
  class space    used 2035K, capacity 2196K, committed 2304K, reserved 1048576K
2017-06-02T22:37:36.041+0200: 2,321: [GC (Allocation Failure) 2017-06-02T22:37:36.041+0200: 2,321: [ParNew
Desired survivor size 20112992 bytes, new threshold 8 (max 8)
- age   1:   12547904 bytes,   12547904 total
: 87424K->12366K(109248K), 0,0197389 secs] 87424K->12366K(502464K), 0,0198197 secs] [Times: user=0,05 sys=0,01, real=0,02 secs] 
Heap after GC invocations=1 (full 0):
 par new generation   total 109248K, used 12366K [0x00000000e0000000, 0x00000000e8000000, 0x00000000e8000000)
  eden space 87424K,   0% used [0x00000000e0000000, 0x00000000e0000000, 0x00000000e5560000)
  from space 21824K,  56% used [0x00000000e6ab0000, 0x00000000e76c3818, 0x00000000e8000000)
  to   space 21824K,   0% used [0x00000000e5560000, 0x00000000e5560000, 0x00000000e6ab0000)
 concurrent mark-sweep generation total 393216K, used 0K [0x00000000e8000000, 0x0000000100000000, 0x0000000100000000)
 Metaspace       used 17998K, capacity 18336K, committed 18688K, reserved 1064960K
  class space    used 2035K, capacity 2196K, committed 2304K, reserved 1048576K
}
2017-06-02T22:37:36.061+0200: 2,341: Total time for which application threads were stopped: 0,0206637 seconds, Stopping threads took: 0,0006534 seconds
2017-06-02T22:37:36.376+0200: 2,656: Total time for which application threads were stopped: 0,0005238 seconds, Stopping threads took: 0,0001757 seconds
{Heap before GC invocations=1 (full 0):
 par new generation   total 109248K, used 99790K [0x00000000e0000000, 0x00000000e8000000, 0x00000000e8000000)
  eden space 87424K, 100% used [0x00000000e0000000, 0x00000000e5560000, 0x00000000e5560000)
  from space 21824K,  56% used [0x00000000e6ab0000, 0x00000000e76c3818, 0x00000000e8000000)
  to   space 21824K,   0% used [0x00000000e5560000, 0x00000000e5560000, 0x00000000e6ab0000)
 concurrent mark-sweep generation total 393216K, used 0K [0x00000000e8000000, 0x0000000100000000, 0x0000000100000000)
 Metaspace       used 20020K, capacity 20346K, committed 20736K, reserved 1067008K
  class space    used 2291K, capacity 2463K, committed 2560K, reserved 1048576K
2017-06-02T22:37:36.427+0200: 2,707: [GC (Allocation Failure) 2017-06-02T22:37:36.427+0200: 2,707: [ParNew
Desired survivor size 20112992 bytes, new threshold 8 (max 8)
- age   1:    3599304 bytes,    3599304 total
- age   2:    6635920 bytes,   10235224 total
: 99790K->15663K(109248K), 0,0104212 secs] 99790K->15663K(502464K), 0,0105102 secs] [Times: user=0,04 sys=0,00, real=0,01 secs] 
Heap after GC invocations=2 (full 0):
 par new generation   total 109248K, used 15663K [0x00000000e0000000, 0x00000000e8000000, 0x00000000e8000000)
  eden space 87424K,   0% used [0x00000000e0000000, 0x00000000e0000000, 0x00000000e5560000)
  from space 21824K,  71% used [0x00000000e5560000, 0x00000000e64abe40, 0x00000000e6ab0000)
  to   space 21824K,   0% used [0x00000000e6ab0000, 0x00000000e6ab0000, 0x00000000e8000000)
 concurrent mark-sweep generation total 393216K, used 0K [0x00000000e8000000, 0x0000000100000000, 0x0000000100000000)
 Metaspace       used 20020K, capacity 20346K, committed 20736K, reserved 1067008K
  class space    used 2291K, capacity 2463K, committed 2560K, reserved 1048576K
}
2017-06-02T22:37:36.437+0200: 2,717: Total time for which application threads were stopped: 0,0107898 seconds, Stopping threads took: 0,0000940 seconds
2017-06-02T22:37:36.439+0200: 2,719: Total time for which application threads were stopped: 0,0003964 seconds, Stopping threads took: 0,0000488 seconds
2017-06-02T22:37:36.488+0200: 2,768: Total time for which application threads were stopped: 0,0003891 seconds, Stopping threads took: 0,0000788 seconds
2017-06-02T22:37:36.615+0200: 2,894: Total time for which application threads were stopped: 0,0002061 seconds, Stopping threads took: 0,0000437 seconds
{Heap before GC invocations=2 (full 0):
 par new generation   total 109248K, used 103087K [0x00000000e0000000, 0x00000000e8000000, 0x00000000e8000000)
  eden space 87424K, 100% used [0x00000000e0000000, 0x00000000e5560000, 0x00000000e5560000)
  from space 21824K,  71% used [0x00000000e5560000, 0x00000000e64abe40, 0x00000000e6ab0000)
  to   space 21824K,   0% used [0x00000000e6ab0000, 0x00000000e6ab0000, 0x00000000e8000000)
 concurrent mark-sweep generation total 393216K, used 0K [0x00000000e8000000, 0x0000000100000000, 0x0000000100000000)
 Metaspace       used 20952K, capacity 21268K, committed 21552K, reserved 1069056K
  class space    used 2417K, capacity 2582K, committed 2608K, reserved 1048576K
2017-06-02T22:37:36.642+0200: 2,921: [GC (Allocation Failure) 2017-06-02T22:37:36.642+0200: 2,921: [ParNew
Desired survivor size 20112992 bytes, new threshold 8 (max 8)
- age   1:    2121288 bytes,    2121288 total
- age   2:     884336 bytes,    3005624 total
- age   3:    6634208 bytes,    9639832 total
: 103087K->12256K(109248K), 0,0094807 secs] 103087K->12256K(502464K), 0,0095616 secs] [Times: user=0,03 sys=0,01, real=0,01 secs] 
Heap after GC invocations=3 (full 0):
 par new generation   total 109248K, used 12256K [0x00000000e0000000, 0x00000000e8000000, 0x00000000e8000000)
  eden space 87424K,   0% used [0x00000000e0000000, 0x00000000e0000000, 0x00000000e5560000)
  from space 21824K,  56% used [0x00000000e6ab0000, 0x00000000e76a8040, 0x00000000e8000000)
  to   space 21824K,   0% used [0x00000000e5560000, 0x00000000e5560000, 0x00000000e6ab0000)
 concurrent mark-sweep generation total 393216K, used 0K [0x00000000e8000000, 0x0000000100000000, 0x0000000100000000)
 Metaspace       used 20952K, capacity 21268K, committed 21552K, reserved 1069056K
  class space    used 2417K, capacity 2582K, committed 2608K, reserved 1048576K
}
2017-06-02T22:37:36.651+0200: 2,931: Total time for which application threads were stopped: 0,0097762 seconds, Stopping threads took: 0,0000618 seconds
2017-06-02T22:37:36.651+0200: 2,931: [GC (CMS Initial Mark) [1 CMS-initial-mark: 0K(393216K)] 12256K(502464K), 0,0043459 secs] [Times: user=0,01 sys=0,00, real=0,01 secs] 
2017-06-02T22:37:36.656+0200: 2,936: Total time for which application threads were stopped: 0,0044917 seconds, Stopping threads took: 0,0000426 seconds
2017-06-02T22:37:36.656+0200: 2,936: [CMS-concurrent-mark-start]
2017-06-02T22:37:36.656+0200: 2,936: [CMS-concurrent-mark: 0,000/0,000 secs] [Times: user=0,01 sys=0,00, real=0,00 secs] 
2017-06-02T22:37:36.656+0200: 2,936: [CMS-concurrent-preclean-start]
2017-06-02T22:37:36.657+0200: 2,937: [CMS-concurrent-preclean: 0,001/0,001 secs] [Times: user=0,00 sys=0,00, real=0,00 secs] 
2017-06-02T22:37:36.657+0200: 2,937: [GC (CMS Final Remark) [YG occupancy: 14371 K (109248 K)]{Heap before GC invocations=3 (full 1):
 par new generation   total 109248K, used 14371K [0x00000000e0000000, 0x00000000e8000000, 0x00000000e8000000)
  eden space 87424K,   2% used [0x00000000e0000000, 0x00000000e0210e30, 0x00000000e5560000)
  from space 21824K,  56% used [0x00000000e6ab0000, 0x00000000e76a8040, 0x00000000e8000000)
  to   space 21824K,   0% used [0x00000000e5560000, 0x00000000e5560000, 0x00000000e6ab0000)
 concurrent mark-sweep generation total 393216K, used 0K [0x00000000e8000000, 0x0000000100000000, 0x0000000100000000)
 Metaspace       used 20959K, capacity 21332K, committed 21552K, reserved 1069056K
  class space    used 2418K, capacity 2582K, committed 2608K, reserved 1048576K
2017-06-02T22:37:36.657+0200: 2,937: [GC (CMS Final Remark) 2017-06-02T22:37:36.657+0200: 2,937: [ParNew
Desired survivor size 20112992 bytes, new threshold 8 (max 8)
- age   1:     151904 bytes,     151904 total
- age   2:    1597512 bytes,    1749416 total
- age   3:     855032 bytes,    2604448 total
- age   4:    6632368 bytes,    9236816 total
: 14371K->11608K(109248K), 0,0166299 secs] 14371K->11608K(502464K), 0,0166717 secs] [Times: user=0,06 sys=0,00, real=0,02 secs] 
Heap after GC invocations=4 (full 1):
 par new generation   total 109248K, used 11608K [0x00000000e0000000, 0x00000000e8000000, 0x00000000e8000000)
  eden space 87424K,   0% used [0x00000000e0000000, 0x00000000e0000000, 0x00000000e5560000)
  from space 21824K,  53% used [0x00000000e5560000, 0x00000000e60b6300, 0x00000000e6ab0000)
  to   space 21824K,   0% used [0x00000000e6ab0000, 0x00000000e6ab0000, 0x00000000e8000000)
 concurrent mark-sweep generation total 393216K, used 0K [0x00000000e8000000, 0x0000000100000000, 0x0000000100000000)
 Metaspace       used 20959K, capacity 21332K, committed 21552K, reserved 1069056K
  class space    used 2418K, capacity 2582K, committed 2608K, reserved 1048576K
}
2017-06-02T22:37:36.674+0200: 2,954: [Rescan (parallel) , 0,0048668 secs]2017-06-02T22:37:36.679+0200: 2,959: [weak refs processing, 0,0017590 secs]2017-06-02T22:37:36.681+0200: 2,960: [class unloading, 0,0038191 secs]2017-06-02T22:37:36.684+0200: 2,964: [scrub symbol table, 0,0036706 secs]2017-06-02T22:37:36.688+0200: 2,968: [scrub string table, 0,0003967 secs][1 CMS-remark: 0K(393216K)] 11608K(502464K), 0,0318590 secs] [Times: user=0,10 sys=0,00, real=0,03 secs] 
2017-06-02T22:37:36.689+0200: 2,969: Total time for which application threads were stopped: 0,0320260 seconds, Stopping threads took: 0,0000864 seconds
2017-06-02T22:37:36.689+0200: 2,969: [CMS-concurrent-sweep-start]
2017-06-02T22:37:36.689+0200: 2,969: [CMS-concurrent-sweep: 0,000/0,000 secs] [Times: user=0,00 sys=0,00, real=0,00 secs] 
2017-06-02T22:37:36.689+0200: 2,969: [CMS-concurrent-reset-start]
2017-06-02T22:37:36.691+0200: 2,971: [CMS-concurrent-reset: 0,002/0,002 secs] [Times: user=0,00 sys=0,01, real=0,00 secs] 
{Heap before GC invocations=4 (full 1):
 par new generation   total 109248K, used 99032K [0x00000000e0000000, 0x00000000e8000000, 0x00000000e8000000)
  eden space 87424K, 100% used [0x00000000e0000000, 0x00000000e5560000, 0x00000000e5560000)
  from space 21824K,  53% used [0x00000000e5560000, 0x00000000e60b6300, 0x00000000e6ab0000)
  to   space 21824K,   0% used [0x00000000e6ab0000, 0x00000000e6ab0000, 0x00000000e8000000)
 concurrent mark-sweep generation total 393216K, used 0K [0x00000000e8000000, 0x0000000100000000, 0x0000000100000000)
 Metaspace       used 21196K, capacity 21544K, committed 21808K, reserved 1069056K
  class space    used 2443K, capacity 2597K, committed 2608K, reserved 1048576K
2017-06-02T22:37:36.798+0200: 3,078: [GC (Allocation Failure) 2017-06-02T22:37:36.798+0200: 3,078: [ParNew
Desired survivor size 20112992 bytes, new threshold 8 (max 8)
- age   1:    1071096 bytes,    1071096 total
- age   2:        704 bytes,    1071800 total
- age   3:    1452040 bytes,    2523840 total
- age   4:     852920 bytes,    3376760 total
- age   5:    6632608 bytes,   10009368 total
: 99032K->13870K(109248K), 0,0096631 secs] 99032K->13870K(502464K), 0,0097239 secs] [Times: user=0,03 sys=0,00, real=0,01 secs] 
Heap after GC invocations=5 (full 1):
 par new generation   total 109248K, used 13870K [0x00000000e0000000, 0x00000000e8000000, 0x00000000e8000000)
  eden space 87424K,   0% used [0x00000000e0000000, 0x00000000e0000000, 0x00000000e5560000)
  from space 21824K,  63% used [0x00000000e6ab0000, 0x00000000e783ba70, 0x00000000e8000000)
  to   space 21824K,   0% used [0x00000000e5560000, 0x00000000e5560000, 0x00000000e6ab0000)
 concurrent mark-sweep generation total 393216K, used 0K [0x00000000e8000000, 0x0000000100000000, 0x0000000100000000)
 Metaspace       used 21196K, capacity 21544K, committed 21808K, reserved 1069056K
  class space    used 2443K, capacity 2597K, committed 2608K, reserved 1048576K
}
2017-06-02T22:37:36.808+0200: 3,088: Total time for which application threads were stopped: 0,0133535 seconds, Stopping threads took: 0,0034584 seconds
{Heap before GC invocations=5 (full 1):
 par new generation   total 109248K, used 101294K [0x00000000e0000000, 0x00000000e8000000, 0x00000000e8000000)
  eden space 87424K, 100% used [0x00000000e0000000, 0x00000000e5560000, 0x00000000e5560000)
  from space 21824K,  63% used [0x00000000e6ab0000, 0x00000000e783ba70, 0x00000000e8000000)
  to   space 21824K,   0% used [0x00000000e5560000, 0x00000000e5560000, 0x00000000e6ab0000)
 concurrent mark-sweep generation total 393216K, used 0K [0x00000000e8000000, 0x0000000100000000, 0x0000000100000000)
 Metaspace       used 21405K, capacity 21780K, committed 21936K, reserved 1069056K
  class space    used 2468K, capacity 2631K, committed 2736K, reserved 1048576K
2017-06-02T22:37:36.894+0200: 3,174: [GC (Allocation Failure) 2017-06-02T22:37:36.894+0200: 3,174: [ParNew
Desired survivor size 20112992 bytes, new threshold 8 (max 8)
- age   1:     528392 bytes,     528392 total
- age   2:     181800 bytes,     710192 total
- age   3:        704 bytes,     710896 total
- age   4:    1450608 bytes,    2161504 total
- age   5:     848968 bytes,    3010472 total
- age   6:    6632664 bytes,    9643136 total
: 101294K->11293K(109248K), 0,0092462 secs] 101294K->11293K(502464K), 0,0093103 secs] [Times: user=0,03 sys=0,00, real=0,00 secs] 
Heap after GC invocations=6 (full 1):
 par new generation   total 109248K, used 11293K [0x00000000e0000000, 0x00000000e8000000, 0x00000000e8000000)
  eden space 87424K,   0% used [0x00000000e0000000, 0x00000000e0000000, 0x00000000e5560000)
  from space 21824K,  51% used [0x00000000e5560000, 0x00000000e60677c0, 0x00000000e6ab0000)
  to   space 21824K,   0% used [0x00000000e6ab0000, 0x00000000e6ab0000, 0x00000000e8000000)
 concurrent mark-sweep generation total 393216K, used 0K [0x00000000e8000000, 0x0000000100000000, 0x0000000100000000)
 Metaspace       used 21405K, capacity 21780K, committed 21936K, reserved 1069056K
  class space    used 2468K, capacity 2631K, committed 2736K, reserved 1048576K
}
2017-06-02T22:37:36.903+0200: 3,183: Total time for which application threads were stopped: 0,0107347 seconds, Stopping threads took: 0,0012838 seconds
2017-06-02T22:37:36.927+0200: 3,207: Total time for which application threads were stopped: 0,0003023 seconds, Stopping threads took: 0,0000184 seconds
2017-06-02T22:37:37.104+0200: 3,384: Total time for which application threads were stopped: 0,0002340 seconds, Stopping threads took: 0,0000770 seconds
2017-06-02T22:37:37.169+0200: 3,449: Total time for which application threads were stopped: 0,0004255 seconds, Stopping threads took: 0,0000523 seconds
2017-06-02T22:37:37.188+0200: 3,467: Total time for which application threads were stopped: 0,0004713 seconds, Stopping threads took: 0,0000482 seconds
{Heap before GC invocations=6 (full 1):
 par new generation   total 109248K, used 98717K [0x00000000e0000000, 0x00000000e8000000, 0x00000000e8000000)
  eden space 87424K, 100% used [0x00000000e0000000, 0x00000000e5560000, 0x00000000e5560000)
  from space 21824K,  51% used [0x00000000e5560000, 0x00000000e60677c0, 0x00000000e6ab0000)
  to   space 21824K,   0% used [0x00000000e6ab0000, 0x00000000e6ab0000, 0x00000000e8000000)
 concurrent mark-sweep generation total 393216K, used 0K [0x00000000e8000000, 0x0000000100000000, 0x0000000100000000)
 Metaspace       used 23795K, capacity 24210K, committed 24496K, reserved 1071104K
  class space    used 2794K, capacity 2972K, committed 2992K, reserved 1048576K
2017-06-02T22:37:37.346+0200: 3,626: [GC (Allocation Failure) 2017-06-02T22:37:37.346+0200: 3,626: [ParNew
Desired survivor size 20112992 bytes, new threshold 8 (max 8)
- age   1:    5018976 bytes,    5018976 total
- age   2:     162408 bytes,    5181384 total
- age   3:     181000 bytes,    5362384 total
- age   4:        704 bytes,    5363088 total
- age   5:     281792 bytes,    5644880 total
- age   6:     824640 bytes,    6469520 total
- age   7:    6624368 bytes,   13093888 total
: 98717K->19067K(109248K), 0,0211992 secs] 98717K->19067K(502464K), 0,0212754 secs] [Times: user=0,08 sys=0,00, real=0,02 secs] 
Heap after GC invocations=7 (full 1):
 par new generation   total 109248K, used 19067K [0x00000000e0000000, 0x00000000e8000000, 0x00000000e8000000)
  eden space 87424K,   0% used [0x00000000e0000000, 0x00000000e0000000, 0x00000000e5560000)
  from space 21824K,  87% used [0x00000000e6ab0000, 0x00000000e7d4ed60, 0x00000000e8000000)
  to   space 21824K,   0% used [0x00000000e5560000, 0x00000000e5560000, 0x00000000e6ab0000)
 concurrent mark-sweep generation total 393216K, used 0K [0x00000000e8000000, 0x0000000100000000, 0x0000000100000000)
 Metaspace       used 23795K, capacity 24210K, committed 24496K, reserved 1071104K
  class space    used 2794K, capacity 2972K, committed 2992K, reserved 1048576K
}
2017-06-02T22:37:37.367+0200: 3,647: Total time for which application threads were stopped: 0,0215461 seconds, Stopping threads took: 0,0000758 seconds
{Heap before GC invocations=7 (full 1):
 par new generation   total 109248K, used 106491K [0x00000000e0000000, 0x00000000e8000000, 0x00000000e8000000)
  eden space 87424K, 100% used [0x00000000e0000000, 0x00000000e5560000, 0x00000000e5560000)
  from space 21824K,  87% used [0x00000000e6ab0000, 0x00000000e7d4ed60, 0x00000000e8000000)
  to   space 21824K,   0% used [0x00000000e5560000, 0x00000000e5560000, 0x00000000e6ab0000)
 concurrent mark-sweep generation total 393216K, used 0K [0x00000000e8000000, 0x0000000100000000, 0x0000000100000000)
 Metaspace       used 24262K, capacity 24674K, committed 24880K, reserved 1071104K
  class space    used 2846K, capacity 3039K, committed 3120K, reserved 1048576K
2017-06-02T22:37:37.470+0200: 3,750: [GC (Allocation Failure) 2017-06-02T22:37:37.470+0200: 3,750: [ParNew
Desired survivor size 20112992 bytes, new threshold 8 (max 8)
- age   1:    1823176 bytes,    1823176 total
- age   2:    1735976 bytes,    3559152 total
- age   3:      88832 bytes,    3647984 total
- age   4:      97328 bytes,    3745312 total
- age   5:        704 bytes,    3746016 total
- age   6:     184760 bytes,    3930776 total
- age   7:     782440 bytes,    4713216 total
- age   8:    6092256 bytes,   10805472 total
: 106491K->13827K(109248K), 0,0186262 secs] 106491K->13827K(502464K), 0,0187033 secs] [Times: user=0,05 sys=0,00, real=0,02 secs] 
Heap after GC invocations=8 (full 1):
 par new generation   total 109248K, used 13827K [0x00000000e0000000, 0x00000000e8000000, 0x00000000e8000000)
  eden space 87424K,   0% used [0x00000000e0000000, 0x00000000e0000000, 0x00000000e5560000)
  from space 21824K,  63% used [0x00000000e5560000, 0x00000000e62e0d00, 0x00000000e6ab0000)
  to   space 21824K,   0% used [0x00000000e6ab0000, 0x00000000e6ab0000, 0x00000000e8000000)
 concurrent mark-sweep generation total 393216K, used 0K [0x00000000e8000000, 0x0000000100000000, 0x0000000100000000)
 Metaspace       used 24262K, capacity 24674K, committed 24880K, reserved 1071104K
  class space    used 2846K, capacity 3039K, committed 3120K, reserved 1048576K
}
2017-06-02T22:37:37.489+0200: 3,769: Total time for which application threads were stopped: 0,0255438 seconds, Stopping threads took: 0,0066665 seconds
{Heap before GC invocations=8 (full 1):
 par new generation   total 109248K, used 101251K [0x00000000e0000000, 0x00000000e8000000, 0x00000000e8000000)
  eden space 87424K, 100% used [0x00000000e0000000, 0x00000000e5560000, 0x00000000e5560000)
  from space 21824K,  63% used [0x00000000e5560000, 0x00000000e62e0d00, 0x00000000e6ab0000)
  to   space 21824K,   0% used [0x00000000e6ab0000, 0x00000000e6ab0000, 0x00000000e8000000)
 concurrent mark-sweep generation total 393216K, used 0K [0x00000000e8000000, 0x0000000100000000, 0x0000000100000000)
 Metaspace       used 24625K, capacity 25106K, committed 25392K, reserved 1071104K
  class space    used 2876K, capacity 3074K, committed 3120K, reserved 1048576K
2017-06-02T22:37:37.626+0200: 3,906: [GC (Allocation Failure) 2017-06-02T22:37:37.626+0200: 3,906: [ParNew
Desired survivor size 20112992 bytes, new threshold 8 (max 8)
- age   1:     815552 bytes,     815552 total
- age   2:    1007040 bytes,    1822592 total
- age   3:    1735720 bytes,    3558312 total
- age   4:      88800 bytes,    3647112 total
- age   5:      97192 bytes,    3744304 total
- age   6:        704 bytes,    3745008 total
- age   7:     181928 bytes,    3926936 total
- age   8:     781648 bytes,    4708584 total
: 101251K->7106K(109248K), 0,0459540 secs] 101251K->13137K(502464K), 0,0460227 secs] [Times: user=0,10 sys=0,01, real=0,04 secs] 
Heap after GC invocations=9 (full 1):
 par new generation   total 109248K, used 7106K [0x00000000e0000000, 0x00000000e8000000, 0x00000000e8000000)
  eden space 87424K,   0% used [0x00000000e0000000, 0x00000000e0000000, 0x00000000e5560000)
  from space 21824K,  32% used [0x00000000e6ab0000, 0x00000000e71a09a0, 0x00000000e8000000)
  to   space 21824K,   0% used [0x00000000e5560000, 0x00000000e5560000, 0x00000000e6ab0000)
 concurrent mark-sweep generation total 393216K, used 6030K [0x00000000e8000000, 0x0000000100000000, 0x0000000100000000)
 Metaspace       used 24625K, capacity 25106K, committed 25392K, reserved 1071104K
  class space    used 2876K, capacity 3074K, committed 3120K, reserved 1048576K
}
2017-06-02T22:37:37.672+0200: 3,952: Total time for which application threads were stopped: 0,0475962 seconds, Stopping threads took: 0,0013267 seconds
2017-06-02T22:37:37.776+0200: 4,056: Total time for which application threads were stopped: 0,0003466 seconds, Stopping threads took: 0,0000603 seconds
2017-06-02T22:37:37.806+0200: 4,086: Total time for which application threads were stopped: 0,0014345 seconds, Stopping threads took: 0,0013447 seconds
2017-06-02T22:37:37.806+0200: 4,086: Total time for which application threads were stopped: 0,0000579 seconds, Stopping threads took: 0,0000207 seconds
2017-06-02T22:37:37.806+0200: 4,086: Total time for which application threads were stopped: 0,0000836 seconds, Stopping threads took: 0,0000340 seconds
2017-06-02T22:37:37.810+0200: 4,090: Total time for which application threads were stopped: 0,0001239 seconds, Stopping threads took: 0,0000611 seconds
2017-06-02T22:37:37.810+0200: 4,090: Total time for which application threads were stopped: 0,0000840 seconds, Stopping threads took: 0,0000322 seconds
2017-06-02T22:37:37.811+0200: 4,090: Total time for which application threads were stopped: 0,0000732 seconds, Stopping threads took: 0,0000308 seconds
2017-06-02T22:37:37.814+0200: 4,094: Total time for which application threads were stopped: 0,0031433 seconds, Stopping threads took: 0,0030939 seconds
2017-06-02T22:37:37.814+0200: 4,094: Total time for which application threads were stopped: 0,0000431 seconds, Stopping threads took: 0,0000083 seconds
2017-06-02T22:37:37.814+0200: 4,094: Total time for which application threads were stopped: 0,0000609 seconds, Stopping threads took: 0,0000180 seconds
2017-06-02T22:37:37.814+0200: 4,094: Total time for which application threads were stopped: 0,0000531 seconds, Stopping threads took: 0,0000151 seconds
2017-06-02T22:37:37.814+0200: 4,094: Total time for which application threads were stopped: 0,0000419 seconds, Stopping threads took: 0,0000109 seconds
2017-06-02T22:37:37.814+0200: 4,094: Total time for which application threads were stopped: 0,0000418 seconds, Stopping threads took: 0,0000093 seconds
2017-06-02T22:37:37.815+0200: 4,094: Total time for which application threads were stopped: 0,0000473 seconds, Stopping threads took: 0,0000099 seconds
2017-06-02T22:37:37.815+0200: 4,095: Total time for which application threads were stopped: 0,0000569 seconds, Stopping threads took: 0,0000267 seconds
2017-06-02T22:37:37.815+0200: 4,095: Total time for which application threads were stopped: 0,0000531 seconds, Stopping threads took: 0,0000184 seconds
2017-06-02T22:37:37.815+0200: 4,095: Total time for which application threads were stopped: 0,0000451 seconds, Stopping threads took: 0,0000141 seconds
2017-06-02T22:37:37.815+0200: 4,095: Total time for which application threads were stopped: 0,0000741 seconds, Stopping threads took: 0,0000200 seconds
2017-06-02T22:37:37.815+0200: 4,095: Total time for which application threads were stopped: 0,0000641 seconds, Stopping threads took: 0,0000215 seconds
2017-06-02T22:37:37.815+0200: 4,095: Total time for which application threads were stopped: 0,0000560 seconds, Stopping threads took: 0,0000154 seconds
2017-06-02T22:37:37.816+0200: 4,095: Total time for which application threads were stopped: 0,0000534 seconds, Stopping threads took: 0,0000116 seconds
2017-06-02T22:37:37.816+0200: 4,096: Total time for which application threads were stopped: 0,0001410 seconds, Stopping threads took: 0,0000372 seconds
2017-06-02T22:37:37.817+0200: 4,097: Total time for which application threads were stopped: 0,0001102 seconds, Stopping threads took: 0,0000450 seconds
2017-06-02T22:37:37.819+0200: 4,099: Total time for which application threads were stopped: 0,0001101 seconds, Stopping threads took: 0,0000392 seconds
2017-06-02T22:37:37.819+0200: 4,099: Total time for which application threads were stopped: 0,0000579 seconds, Stopping threads took: 0,0000275 seconds
2017-06-02T22:37:37.819+0200: 4,099: Total time for which application threads were stopped: 0,0000472 seconds, Stopping threads took: 0,0000171 seconds
2017-06-02T22:37:37.830+0200: 4,110: Total time for which application threads were stopped: 0,0001254 seconds, Stopping threads took: 0,0000467 seconds
2017-06-02T22:37:37.830+0200: 4,110: Total time for which application threads were stopped: 0,0000778 seconds, Stopping threads took: 0,0000237 seconds
2017-06-02T22:37:37.834+0200: 4,114: Total time for which application threads were stopped: 0,0035923 seconds, Stopping threads took: 0,0035171 seconds
2017-06-02T22:37:37.834+0200: 4,114: Total time for which application threads were stopped: 0,0000481 seconds, Stopping threads took: 0,0000111 seconds
2017-06-02T22:37:37.834+0200: 4,114: Total time for which application threads were stopped: 0,0000600 seconds, Stopping threads took: 0,0000218 seconds
2017-06-02T22:37:37.834+0200: 4,114: Total time for which application threads were stopped: 0,0000613 seconds, Stopping threads took: 0,0000144 seconds
2017-06-02T22:37:37.834+0200: 4,114: Total time for which application threads were stopped: 0,0000530 seconds, Stopping threads took: 0,0000154 seconds
2017-06-02T22:37:37.835+0200: 4,114: Total time for which application threads were stopped: 0,0000547 seconds, Stopping threads took: 0,0000163 seconds
2017-06-02T22:37:37.835+0200: 4,115: Total time for which application threads were stopped: 0,0000558 seconds, Stopping threads took: 0,0000166 seconds
2017-06-02T22:37:37.835+0200: 4,115: Total time for which application threads were stopped: 0,0000676 seconds, Stopping threads took: 0,0000183 seconds
2017-06-02T22:37:37.835+0200: 4,115: Total time for which application threads were stopped: 0,0000605 seconds, Stopping threads took: 0,0000231 seconds
2017-06-02T22:37:37.835+0200: 4,115: Total time for which application threads were stopped: 0,0000548 seconds, Stopping threads took: 0,0000176 seconds
2017-06-02T22:37:37.835+0200: 4,115: Total time for which application threads were stopped: 0,0000545 seconds, Stopping threads took: 0,0000138 seconds
2017-06-02T22:37:37.835+0200: 4,115: Total time for which application threads were stopped: 0,0000464 seconds, Stopping threads took: 0,0000137 seconds
2017-06-02T22:37:37.836+0200: 4,115: Total time for which application threads were stopped: 0,0000683 seconds, Stopping threads took: 0,0000176 seconds
2017-06-02T22:37:37.836+0200: 4,115: Total time for which application threads were stopped: 0,0000549 seconds, Stopping threads took: 0,0000143 seconds
2017-06-02T22:37:37.836+0200: 4,116: Total time for which application threads were stopped: 0,0000680 seconds, Stopping threads took: 0,0000285 seconds
2017-06-02T22:37:37.836+0200: 4,116: Total time for which application threads were stopped: 0,0000580 seconds, Stopping threads took: 0,0000152 seconds
2017-06-02T22:37:37.838+0200: 4,118: Total time for which application threads were stopped: 0,0000985 seconds, Stopping threads took: 0,0000311 seconds
2017-06-02T22:37:37.838+0200: 4,118: Total time for which application threads were stopped: 0,0001535 seconds, Stopping threads took: 0,0000265 seconds
2017-06-02T22:37:37.839+0200: 4,119: Total time for which application threads were stopped: 0,0001815 seconds, Stopping threads took: 0,0001158 seconds
2017-06-02T22:37:37.840+0200: 4,120: Total time for which application threads were stopped: 0,0001372 seconds, Stopping threads took: 0,0000485 seconds
2017-06-02T22:37:37.840+0200: 4,120: Total time for which application threads were stopped: 0,0001412 seconds, Stopping threads took: 0,0000803 seconds
2017-06-02T22:37:37.840+0200: 4,120: Total time for which application threads were stopped: 0,0000655 seconds, Stopping threads took: 0,0000280 seconds
2017-06-02T22:37:37.844+0200: 4,124: Total time for which application threads were stopped: 0,0001279 seconds, Stopping threads took: 0,0000427 seconds
2017-06-02T22:37:37.850+0200: 4,130: Total time for which application threads were stopped: 0,0035936 seconds, Stopping threads took: 0,0034850 seconds
2017-06-02T22:37:37.850+0200: 4,130: Total time for which application threads were stopped: 0,0000985 seconds, Stopping threads took: 0,0000298 seconds
2017-06-02T22:37:37.850+0200: 4,130: Total time for which application threads were stopped: 0,0000865 seconds, Stopping threads took: 0,0000209 seconds
2017-06-02T22:37:37.853+0200: 4,133: Total time for which application threads were stopped: 0,0001145 seconds, Stopping threads took: 0,0000239 seconds
2017-06-02T22:37:37.867+0200: 4,147: Total time for which application threads were stopped: 0,0002222 seconds, Stopping threads took: 0,0001104 seconds
2017-06-02T22:37:37.869+0200: 4,149: Total time for which application threads were stopped: 0,0002568 seconds, Stopping threads took: 0,0001589 seconds
2017-06-02T22:37:37.882+0200: 4,162: Total time for which application threads were stopped: 0,0036967 seconds, Stopping threads took: 0,0035845 seconds
2017-06-02T22:37:37.890+0200: 4,170: Total time for which application threads were stopped: 0,0004927 seconds, Stopping threads took: 0,0003883 seconds
2017-06-02T22:37:37.890+0200: 4,170: Total time for which application threads were stopped: 0,0001043 seconds, Stopping threads took: 0,0000362 seconds
2017-06-02T22:37:37.894+0200: 4,174: Total time for which application threads were stopped: 0,0001542 seconds, Stopping threads took: 0,0000814 seconds
2017-06-02T22:37:37.906+0200: 4,186: Total time for which application threads were stopped: 0,0037042 seconds, Stopping threads took: 0,0035670 seconds
2017-06-02T22:37:37.931+0200: 4,210: Total time for which application threads were stopped: 0,0001468 seconds, Stopping threads took: 0,0000483 seconds
2017-06-02T22:37:37.945+0200: 4,225: Total time for which application threads were stopped: 0,0001295 seconds, Stopping threads took: 0,0000432 seconds
2017-06-02T22:37:37.955+0200: 4,235: Total time for which application threads were stopped: 0,0001207 seconds, Stopping threads took: 0,0000395 seconds
2017-06-02T22:37:38.003+0200: 4,282: Total time for which application threads were stopped: 0,0004370 seconds, Stopping threads took: 0,0000241 seconds
2017-06-02T22:37:38.015+0200: 4,295: Total time for which application threads were stopped: 0,0004163 seconds, Stopping threads took: 0,0000218 seconds
2017-06-02T22:37:38.064+0200: 4,344: Total time for which application threads were stopped: 0,0003758 seconds, Stopping threads took: 0,0000239 seconds
2017-06-02T22:37:38.066+0200: 4,346: Total time for which application threads were stopped: 0,0001576 seconds, Stopping threads took: 0,0000529 seconds
2017-06-02T22:37:38.066+0200: 4,346: Total time for which application threads were stopped: 0,0000930 seconds, Stopping threads took: 0,0000274 seconds
2017-06-02T22:37:38.066+0200: 4,346: Total time for which application threads were stopped: 0,0000900 seconds, Stopping threads took: 0,0000238 seconds
2017-06-02T22:37:38.089+0200: 4,369: Total time for which application threads were stopped: 0,0001452 seconds, Stopping threads took: 0,0000521 seconds
2017-06-02T22:37:38.092+0200: 4,372: Total time for which application threads were stopped: 0,0002368 seconds, Stopping threads took: 0,0000461 seconds
2017-06-02T22:37:38.102+0200: 4,382: Total time for which application threads were stopped: 0,0001524 seconds, Stopping threads took: 0,0000445 seconds
2017-06-02T22:37:38.103+0200: 4,383: Total time for which application threads were stopped: 0,0001225 seconds, Stopping threads took: 0,0000306 seconds
2017-06-02T22:37:38.103+0200: 4,383: Total time for which application threads were stopped: 0,0001344 seconds, Stopping threads took: 0,0000252 seconds
2017-06-02T22:37:38.110+0200: 4,390: Total time for which application threads were stopped: 0,0001543 seconds, Stopping threads took: 0,0000445 seconds
2017-06-02T22:37:38.111+0200: 4,391: Total time for which application threads were stopped: 0,0001221 seconds, Stopping threads took: 0,0000337 seconds
2017-06-02T22:37:38.113+0200: 4,393: Total time for which application threads were stopped: 0,0001288 seconds, Stopping threads took: 0,0000496 seconds
2017-06-02T22:37:38.139+0200: 4,419: Total time for which application threads were stopped: 0,0008632 seconds, Stopping threads took: 0,0007346 seconds
2017-06-02T22:37:38.169+0200: 4,449: Total time for which application threads were stopped: 0,0001420 seconds, Stopping threads took: 0,0000258 seconds
2017-06-02T22:37:38.176+0200: 4,456: Total time for which application threads were stopped: 0,0001156 seconds, Stopping threads took: 0,0000281 seconds
2017-06-02T22:37:38.187+0200: 4,467: Total time for which application threads were stopped: 0,0001573 seconds, Stopping threads took: 0,0000663 seconds
2017-06-02T22:37:38.188+0200: 4,468: Total time for which application threads were stopped: 0,0003741 seconds, Stopping threads took: 0,0000224 seconds
2017-06-02T22:37:38.188+0200: 4,468: Total time for which application threads were stopped: 0,0001192 seconds, Stopping threads took: 0,0000532 seconds
2017-06-02T22:37:38.192+0200: 4,472: Total time for which application threads were stopped: 0,0000985 seconds, Stopping threads took: 0,0000249 seconds
2017-06-02T22:37:38.210+0200: 4,490: Total time for which application threads were stopped: 0,0001013 seconds, Stopping threads took: 0,0000224 seconds
2017-06-02T22:38:06.214+0200: 32,494: Total time for which application threads were stopped: 0,0000624 seconds, Stopping threads took: 0,0000151 seconds
2017-06-02T22:39:36.228+0200: 122,508: Total time for which application threads were stopped: 0,0000813 seconds, Stopping threads took: 0,0000347 seconds
2017-06-02T22:39:41.231+0200: 127,511: Total time for which application threads were stopped: 0,0001787 seconds, Stopping threads took: 0,0000646 seconds
{Heap before GC invocations=9 (full 1):
 par new generation   total 109248K, used 94530K [0x00000000e0000000, 0x00000000e8000000, 0x00000000e8000000)
  eden space 87424K, 100% used [0x00000000e0000000, 0x00000000e5560000, 0x00000000e5560000)
  from space 21824K,  32% used [0x00000000e6ab0000, 0x00000000e71a09a0, 0x00000000e8000000)
  to   space 21824K,   0% used [0x00000000e5560000, 0x00000000e5560000, 0x00000000e6ab0000)
 concurrent mark-sweep generation total 393216K, used 6030K [0x00000000e8000000, 0x0000000100000000, 0x0000000100000000)
 Metaspace       used 28006K, capacity 28532K, committed 28848K, reserved 1075200K
  class space    used 3209K, capacity 3381K, committed 3504K, reserved 1048576K
2017-06-02T22:40:29.700+0200: 175,980: [GC (Allocation Failure) 2017-06-02T22:40:29.700+0200: 175,980: [ParNew
Desired survivor size 20112992 bytes, new threshold 8 (max 8)
- age   1:   11107544 bytes,   11107544 total
- age   2:     196456 bytes,   11304000 total
- age   3:     227536 bytes,   11531536 total
- age   4:    1730136 bytes,   13261672 total
- age   5:      86288 bytes,   13347960 total
- age   6:      96968 bytes,   13444928 total
- age   7:        704 bytes,   13445632 total
- age   8:     181368 bytes,   13627000 total
: 94530K->14899K(109248K), 0,0145204 secs] 100561K->21784K(502464K), 0,0146400 secs] [Times: user=0,05 sys=0,00, real=0,02 secs] 
Heap after GC invocations=10 (full 1):
 par new generation   total 109248K, used 14899K [0x00000000e0000000, 0x00000000e8000000, 0x00000000e8000000)
  eden space 87424K,   0% used [0x00000000e0000000, 0x00000000e0000000, 0x00000000e5560000)
  from space 21824K,  68% used [0x00000000e5560000, 0x00000000e63ece38, 0x00000000e6ab0000)
  to   space 21824K,   0% used [0x00000000e6ab0000, 0x00000000e6ab0000, 0x00000000e8000000)
 concurrent mark-sweep generation total 393216K, used 6885K [0x00000000e8000000, 0x0000000100000000, 0x0000000100000000)
 Metaspace       used 28006K, capacity 28532K, committed 28848K, reserved 1075200K
  class space    used 3209K, capacity 3381K, committed 3504K, reserved 1048576K
}
2017-06-02T22:40:29.714+0200: 175,994: Total time for which application threads were stopped: 0,0149631 seconds, Stopping threads took: 0,0001155 seconds
2017-06-02T22:40:29.718+0200: 175,998: Total time for which application threads were stopped: 0,0000614 seconds, Stopping threads took: 0,0000182 seconds
2017-06-02T22:40:29.718+0200: 175,998: Total time for which application threads were stopped: 0,0000283 seconds, Stopping threads took: 0,0000087 seconds
2017-06-02T22:48:21.772+0200: 648,052: Total time for which application threads were stopped: 0,0003678 seconds, Stopping threads took: 0,0001558 seconds
2017-06-02T22:52:24.809+0200: 891,089: Total time for which application threads were stopped: 0,0000854 seconds, Stopping threads took: 0,0000324 seconds
2017-06-02T22:53:41.821+0200: 968,101: Total time for which application threads were stopped: 0,0001635 seconds, Stopping threads took: 0,0000623 seconds
2017-06-02T23:00:59.886+0200: 1406,166: Total time for which application threads were stopped: 0,0001081 seconds, Stopping threads took: 0,0000393 seconds
2017-06-02T23:06:14.933+0200: 1721,213: Total time for which application threads were stopped: 0,0000843 seconds, Stopping threads took: 0,0000303 seconds
2017-06-02T23:09:35.956+0200: 1922,235: Total time for which application threads were stopped: 0,0001010 seconds, Stopping threads took: 0,0000402 seconds
2017-06-02T23:15:54.996+0200: 2301,276: Total time for which application threads were stopped: 0,0000772 seconds, Stopping threads took: 0,0000299 seconds
2017-06-02T23:15:55.996+0200: 2302,276: Total time for which application threads were stopped: 0,0000721 seconds, Stopping threads took: 0,0000170 seconds
2017-06-02T23:20:06.023+0200: 2552,303: Total time for which application threads were stopped: 0,0000878 seconds, Stopping threads took: 0,0000334 seconds
2017-06-02T23:30:51.100+0200: 3197,380: Total time for which application threads were stopped: 0,0000923 seconds, Stopping threads took: 0,0000317 seconds
2017-06-02T23:41:45.168+0200: 3851,448: Total time for which application threads were stopped: 0,0001369 seconds, Stopping threads took: 0,0000428 seconds
2017-06-02T23:57:21.270+0200: 4787,550: Total time for which application threads were stopped: 0,0000946 seconds, Stopping threads took: 0,0000315 seconds
2017-06-02T23:57:46.273+0200: 4812,553: Total time for which application threads were stopped: 0,0004909 seconds, Stopping threads took: 0,0001566 seconds
2017-06-03T00:31:26.480+0200: 6832,759: Total time for which application threads were stopped: 0,0000775 seconds, Stopping threads took: 0,0000305 seconds
2017-06-03T00:39:35.530+0200: 7321,810: Total time for which application threads were stopped: 0,0001038 seconds, Stopping threads took: 0,0000303 seconds
2017-06-03T00:45:35.567+0200: 7681,846: Total time for which application threads were stopped: 0,0001246 seconds, Stopping threads took: 0,0000472 seconds
2017-06-03T00:46:05.570+0200: 7711,850: Total time for which application threads were stopped: 0,0000784 seconds, Stopping threads took: 0,0000294 seconds
2017-06-03T00:56:54.753+0200: 8361,033: Total time for which application threads were stopped: 0,0063291 seconds, Stopping threads took: 0,0062450 seconds
2017-06-03T00:56:54.755+0200: 8361,035: Total time for which application threads were stopped: 0,0000898 seconds, Stopping threads took: 0,0000189 seconds
2017-06-03T00:56:54.758+0200: 8361,038: Total time for which application threads were stopped: 0,0007335 seconds, Stopping threads took: 0,0000190 seconds
2017-06-03T00:56:54.758+0200: 8361,038: Total time for which application threads were stopped: 0,0000775 seconds, Stopping threads took: 0,0000154 seconds
2017-06-03T00:56:54.759+0200: 8361,039: Total time for which application threads were stopped: 0,0000690 seconds, Stopping threads took: 0,0000107 seconds
2017-06-03T00:56:54.759+0200: 8361,039: Total time for which application threads were stopped: 0,0000398 seconds, Stopping threads took: 0,0000058 seconds
2017-06-03T00:56:54.759+0200: 8361,039: Total time for which application threads were stopped: 0,0000351 seconds, Stopping threads took: 0,0000049 seconds
2017-06-03T00:56:54.759+0200: 8361,039: Total time for which application threads were stopped: 0,0000346 seconds, Stopping threads took: 0,0000048 seconds
2017-06-03T00:56:54.759+0200: 8361,039: Total time for which application threads were stopped: 0,0000346 seconds, Stopping threads took: 0,0000049 seconds
2017-06-03T00:56:54.759+0200: 8361,039: Total time for which application threads were stopped: 0,0000345 seconds, Stopping threads took: 0,0000048 seconds
2017-06-03T00:56:54.759+0200: 8361,039: Total time for which application threads were stopped: 0,0000348 seconds, Stopping threads took: 0,0000046 seconds
2017-06-03T00:56:54.760+0200: 8361,039: Total time for which application threads were stopped: 0,0000394 seconds, Stopping threads took: 0,0000062 seconds
2017-06-03T00:56:54.760+0200: 8361,039: Total time for which application threads were stopped: 0,0000389 seconds, Stopping threads took: 0,0000056 seconds
2017-06-03T00:56:54.760+0200: 8361,040: Total time for which application threads were stopped: 0,0000314 seconds, Stopping threads took: 0,0000043 seconds
2017-06-03T00:56:54.760+0200: 8361,040: Total time for which application threads were stopped: 0,0000332 seconds, Stopping threads took: 0,0000050 seconds
2017-06-03T00:56:54.760+0200: 8361,040: Total time for which application threads were stopped: 0,0000340 seconds, Stopping threads took: 0,0000047 seconds
2017-06-03T00:56:54.760+0200: 8361,040: Total time for which application threads were stopped: 0,0000339 seconds, Stopping threads took: 0,0000045 seconds
2017-06-03T00:56:54.760+0200: 8361,040: Total time for which application threads were stopped: 0,0000337 seconds, Stopping threads took: 0,0000049 seconds
2017-06-03T00:56:54.803+0200: 8361,083: Total time for which application threads were stopped: 0,0001132 seconds, Stopping threads took: 0,0000318 seconds
2017-06-03T00:56:54.805+0200: 8361,085: Total time for which application threads were stopped: 0,0001144 seconds, Stopping threads took: 0,0000343 seconds
2017-06-03T00:56:54.805+0200: 8361,085: Total time for which application threads were stopped: 0,0000648 seconds, Stopping threads took: 0,0000066 seconds
2017-06-03T00:56:54.806+0200: 8361,085: Total time for which application threads were stopped: 0,0000430 seconds, Stopping threads took: 0,0000062 seconds
2017-06-03T00:56:54.806+0200: 8361,086: Total time for which application threads were stopped: 0,0000770 seconds, Stopping threads took: 0,0000183 seconds
2017-06-03T00:56:54.806+0200: 8361,086: Total time for which application threads were stopped: 0,0000408 seconds, Stopping threads took: 0,0000077 seconds
2017-06-03T00:56:54.806+0200: 8361,086: Total time for which application threads were stopped: 0,0000376 seconds, Stopping threads took: 0,0000063 seconds
2017-06-03T00:56:54.806+0200: 8361,086: Total time for which application threads were stopped: 0,0000340 seconds, Stopping threads took: 0,0000047 seconds
2017-06-03T00:56:54.806+0200: 8361,086: Total time for which application threads were stopped: 0,0000363 seconds, Stopping threads took: 0,0000055 seconds
2017-06-03T00:56:54.806+0200: 8361,086: Total time for which application threads were stopped: 0,0000435 seconds, Stopping threads took: 0,0000092 seconds
2017-06-03T00:56:54.806+0200: 8361,086: Total time for which application threads were stopped: 0,0000425 seconds, Stopping threads took: 0,0000078 seconds
2017-06-03T00:56:54.806+0200: 8361,086: Total time for which application threads were stopped: 0,0000379 seconds, Stopping threads took: 0,0000053 seconds
2017-06-03T00:56:54.807+0200: 8361,086: Total time for which application threads were stopped: 0,0000387 seconds, Stopping threads took: 0,0000046 seconds
2017-06-03T00:56:54.807+0200: 8361,086: Total time for which application threads were stopped: 0,0000350 seconds, Stopping threads took: 0,0000049 seconds
2017-06-03T00:56:54.812+0200: 8361,092: Total time for which application threads were stopped: 0,0018081 seconds, Stopping threads took: 0,0017339 seconds
2017-06-03T00:56:54.812+0200: 8361,092: Total time for which application threads were stopped: 0,0000422 seconds, Stopping threads took: 0,0000076 seconds
2017-06-03T00:56:54.812+0200: 8361,092: Total time for which application threads were stopped: 0,0000420 seconds, Stopping threads took: 0,0000060 seconds
2017-06-03T00:56:54.812+0200: 8361,092: Total time for which application threads were stopped: 0,0000387 seconds, Stopping threads took: 0,0000051 seconds
2017-06-03T00:56:54.812+0200: 8361,092: Total time for which application threads were stopped: 0,0000361 seconds, Stopping threads took: 0,0000048 seconds
2017-06-03T00:56:54.812+0200: 8361,092: Total time for which application threads were stopped: 0,0000346 seconds, Stopping threads took: 0,0000044 seconds
2017-06-03T00:56:54.814+0200: 8361,093: Total time for which application threads were stopped: 0,0001007 seconds, Stopping threads took: 0,0000323 seconds
2017-06-03T00:56:54.814+0200: 8361,093: Total time for which application threads were stopped: 0,0000430 seconds, Stopping threads took: 0,0000056 seconds
2017-06-03T00:56:54.814+0200: 8361,094: Total time for which application threads were stopped: 0,0000372 seconds, Stopping threads took: 0,0000050 seconds
2017-06-03T00:56:54.814+0200: 8361,094: Total time for which application threads were stopped: 0,0000359 seconds, Stopping threads took: 0,0000051 seconds
2017-06-03T00:56:54.814+0200: 8361,094: Total time for which application threads were stopped: 0,0000361 seconds, Stopping threads took: 0,0000049 seconds
2017-06-03T00:56:54.814+0200: 8361,094: Total time for which application threads were stopped: 0,0000349 seconds, Stopping threads took: 0,0000049 seconds
2017-06-03T00:56:54.814+0200: 8361,094: Total time for which application threads were stopped: 0,0000330 seconds, Stopping threads took: 0,0000045 seconds
2017-06-03T00:56:54.824+0200: 8361,104: Total time for which application threads were stopped: 0,0009599 seconds, Stopping threads took: 0,0008764 seconds
2017-06-03T00:56:54.824+0200: 8361,104: Total time for which application threads were stopped: 0,0000495 seconds, Stopping threads took: 0,0000081 seconds
2017-06-03T00:56:54.824+0200: 8361,104: Total time for which application threads were stopped: 0,0000423 seconds, Stopping threads took: 0,0000057 seconds
2017-06-03T00:56:54.825+0200: 8361,105: Total time for which application threads were stopped: 0,0000796 seconds, Stopping threads took: 0,0000261 seconds
2017-06-03T00:56:54.825+0200: 8361,105: Total time for which application threads were stopped: 0,0000403 seconds, Stopping threads took: 0,0000057 seconds
2017-06-03T00:56:54.827+0200: 8361,107: Total time for which application threads were stopped: 0,0000757 seconds, Stopping threads took: 0,0000127 seconds
2017-06-03T00:56:54.827+0200: 8361,107: Total time for which application threads were stopped: 0,0000470 seconds, Stopping threads took: 0,0000111 seconds
2017-06-03T00:56:54.830+0200: 8361,109: Total time for which application threads were stopped: 0,0001541 seconds, Stopping threads took: 0,0000861 seconds
2017-06-03T00:56:54.830+0200: 8361,110: Total time for which application threads were stopped: 0,0000424 seconds, Stopping threads took: 0,0000060 seconds
2017-06-03T00:56:54.830+0200: 8361,110: Total time for which application threads were stopped: 0,0000882 seconds, Stopping threads took: 0,0000297 seconds
2017-06-03T00:56:54.845+0200: 8361,125: Total time for which application threads were stopped: 0,0001517 seconds, Stopping threads took: 0,0000299 seconds
2017-06-03T00:56:54.845+0200: 8361,125: Total time for which application threads were stopped: 0,0000501 seconds, Stopping threads took: 0,0000065 seconds
2017-06-03T00:56:54.845+0200: 8361,125: Total time for which application threads were stopped: 0,0000500 seconds, Stopping threads took: 0,0000135 seconds
2017-06-03T00:56:54.845+0200: 8361,125: Total time for which application threads were stopped: 0,0000341 seconds, Stopping threads took: 0,0000066 seconds
2017-06-03T00:56:54.845+0200: 8361,125: Total time for which application threads were stopped: 0,0000396 seconds, Stopping threads took: 0,0000109 seconds
2017-06-03T00:56:54.845+0200: 8361,125: Total time for which application threads were stopped: 0,0000425 seconds, Stopping threads took: 0,0000123 seconds
2017-06-03T00:56:54.849+0200: 8361,129: Total time for which application threads were stopped: 0,0001121 seconds, Stopping threads took: 0,0000282 seconds
2017-06-03T00:56:54.849+0200: 8361,129: Total time for which application threads were stopped: 0,0000593 seconds, Stopping threads took: 0,0000151 seconds
2017-06-03T00:56:54.854+0200: 8361,134: Total time for which application threads were stopped: 0,0001177 seconds, Stopping threads took: 0,0000151 seconds
2017-06-03T00:56:54.854+0200: 8361,134: Total time for which application threads were stopped: 0,0000485 seconds, Stopping threads took: 0,0000134 seconds
2017-06-03T00:56:54.854+0200: 8361,134: Total time for which application threads were stopped: 0,0000319 seconds, Stopping threads took: 0,0000044 seconds
2017-06-03T00:56:54.855+0200: 8361,135: Total time for which application threads were stopped: 0,0000544 seconds, Stopping threads took: 0,0000147 seconds
2017-06-03T00:56:54.855+0200: 8361,135: Total time for which application threads were stopped: 0,0000734 seconds, Stopping threads took: 0,0000150 seconds
2017-06-03T00:56:54.856+0200: 8361,135: Total time for which application threads were stopped: 0,0000461 seconds, Stopping threads took: 0,0000126 seconds
2017-06-03T00:56:54.856+0200: 8361,135: Total time for which application threads were stopped: 0,0000317 seconds, Stopping threads took: 0,0000044 seconds
2017-06-03T00:56:54.856+0200: 8361,136: Total time for which application threads were stopped: 0,0001480 seconds, Stopping threads took: 0,0000123 seconds
2017-06-03T00:56:54.856+0200: 8361,136: Total time for which application threads were stopped: 0,0000636 seconds, Stopping threads took: 0,0000190 seconds
2017-06-03T00:56:54.857+0200: 8361,136: Total time for which application threads were stopped: 0,0000436 seconds, Stopping threads took: 0,0000120 seconds
2017-06-03T00:56:54.857+0200: 8361,137: Total time for which application threads were stopped: 0,0000406 seconds, Stopping threads took: 0,0000118 seconds
2017-06-03T00:56:54.857+0200: 8361,137: Total time for which application threads were stopped: 0,0000388 seconds, Stopping threads took: 0,0000110 seconds
2017-06-03T00:56:54.857+0200: 8361,137: Total time for which application threads were stopped: 0,0000393 seconds, Stopping threads took: 0,0000115 seconds
2017-06-03T00:56:54.857+0200: 8361,137: Total time for which application threads were stopped: 0,0000442 seconds, Stopping threads took: 0,0000126 seconds
2017-06-03T00:56:54.857+0200: 8361,137: Total time for which application threads were stopped: 0,0000403 seconds, Stopping threads took: 0,0000115 seconds
2017-06-03T00:56:54.857+0200: 8361,137: Total time for which application threads were stopped: 0,0000382 seconds, Stopping threads took: 0,0000111 seconds
2017-06-03T00:56:54.857+0200: 8361,137: Total time for which application threads were stopped: 0,0000399 seconds, Stopping threads took: 0,0000126 seconds
2017-06-03T00:56:54.857+0200: 8361,137: Total time for which application threads were stopped: 0,0000383 seconds, Stopping threads took: 0,0000110 seconds
2017-06-03T00:56:54.857+0200: 8361,137: Total time for which application threads were stopped: 0,0000636 seconds, Stopping threads took: 0,0000099 seconds
2017-06-03T00:56:54.858+0200: 8361,138: Total time for which application threads were stopped: 0,0001105 seconds, Stopping threads took: 0,0000267 seconds
2017-06-03T00:56:54.859+0200: 8361,139: Total time for which application threads were stopped: 0,0000971 seconds, Stopping threads took: 0,0000284 seconds
2017-06-03T00:56:54.859+0200: 8361,139: Total time for which application threads were stopped: 0,0000859 seconds, Stopping threads took: 0,0000483 seconds
2017-06-03T00:56:54.860+0200: 8361,140: Total time for which application threads were stopped: 0,0000653 seconds, Stopping threads took: 0,0000227 seconds
2017-06-03T00:56:54.861+0200: 8361,141: Total time for which application threads were stopped: 0,0000750 seconds, Stopping threads took: 0,0000354 seconds
2017-06-03T00:56:54.861+0200: 8361,141: Total time for which application threads were stopped: 0,0000647 seconds, Stopping threads took: 0,0000154 seconds
Heap
 par new generation   total 109248K, used 34841K [0x00000000e0000000, 0x00000000e8000000, 0x00000000e8000000)
  eden space 87424K,  22% used [0x00000000e0000000, 0x00000000e1379788, 0x00000000e5560000)
  from space 21824K,  68% used [0x00000000e5560000, 0x00000000e63ece38, 0x00000000e6ab0000)
  to   space 21824K,   0% used [0x00000000e6ab0000, 0x00000000e6ab0000, 0x00000000e8000000)
 concurrent mark-sweep generation total 393216K, used 6885K [0x00000000e8000000, 0x0000000100000000, 0x0000000100000000)
 Metaspace       used 28151K, capacity 28700K, committed 29104K, reserved 1075200K
  class space    used 3223K, capacity 3415K, committed 3504K, reserved 1048576K
