OpenJDK 64-Bit Server VM (25.121-b13) for linux-amd64 JRE (1.8.0_121-8u121-b13-0ubuntu1.16.04.2-b13), built on Jan 23 2017 15:51:29 by "buildd" with gcc 5.4.0 20160609
Memory: 4k page, physical 7867760k(7509180k free), swap 8076284k(8076284k free)
CommandLine flags: -XX:CMSInitiatingOccupancyFraction=50 -XX:CMSMaxAbortablePrecleanTime=6000 -XX:+CMSParallelRemarkEnabled -XX:+CMSScavengeBeforeRemark -XX:ConcGCThreads=4 -XX:InitialHeapSize=536870912 -XX:MaxHeapSize=536870912 -XX:MaxTenuringThreshold=8 -XX:NewRatio=3 -XX:OldPLABSize=16 -XX:OnOutOfMemoryError=/opt/solr/bin/oom_solr.sh 8983 /var/solr/logs -XX:ParallelGCThreads=4 -XX:+ParallelRefProcEnabled -XX:PretenureSizeThreshold=67108864 -XX:+PrintGC -XX:+PrintGCApplicationStoppedTime -XX:+PrintGCDateStamps -XX:+PrintGCDetails -XX:+PrintGCTimeStamps -XX:+PrintHeapAtGC -XX:+PrintTenuringDistribution -XX:SurvivorRatio=4 -XX:TargetSurvivorRatio=90 -XX:ThreadStackSize=256 -XX:+UseCMSInitiatingOccupancyOnly -XX:+UseCompressedClassPointers -XX:+UseCompressedOops -XX:+UseConcMarkSweepGC -XX:+UseParNewGC 
2017-03-04T00:38:02.724+0100: 0,146: Total time for which application threads were stopped: 0,0000740 seconds, Stopping threads took: 0,0000130 seconds
2017-03-04T00:38:02.808+0100: 0,230: Total time for which application threads were stopped: 0,0000896 seconds, Stopping threads took: 0,0000139 seconds
2017-03-04T00:38:02.822+0100: 0,245: Total time for which application threads were stopped: 0,0000722 seconds, Stopping threads took: 0,0000085 seconds
2017-03-04T00:38:03.189+0100: 0,612: Total time for which application threads were stopped: 0,0007605 seconds, Stopping threads took: 0,0000169 seconds
2017-03-04T00:38:03.558+0100: 0,981: Total time for which application threads were stopped: 0,0001880 seconds, Stopping threads took: 0,0000318 seconds
2017-03-04T00:38:03.666+0100: 1,089: Total time for which application threads were stopped: 0,0002209 seconds, Stopping threads took: 0,0000351 seconds
2017-03-04T00:38:03.735+0100: 1,158: Total time for which application threads were stopped: 0,0001868 seconds, Stopping threads took: 0,0000296 seconds
2017-03-04T00:38:04.041+0100: 1,464: Total time for which application threads were stopped: 0,0001991 seconds, Stopping threads took: 0,0000217 seconds
2017-03-04T00:38:04.245+0100: 1,668: Total time for which application threads were stopped: 0,0001882 seconds, Stopping threads took: 0,0000171 seconds
2017-03-04T00:38:04.280+0100: 1,702: Total time for which application threads were stopped: 0,0001936 seconds, Stopping threads took: 0,0000120 seconds
2017-03-04T00:38:04.314+0100: 1,737: Total time for which application threads were stopped: 0,0001847 seconds, Stopping threads took: 0,0000152 seconds
2017-03-04T00:38:04.316+0100: 1,738: Total time for which application threads were stopped: 0,0002161 seconds, Stopping threads took: 0,0000150 seconds
2017-03-04T00:38:04.338+0100: 1,760: Total time for which application threads were stopped: 0,0009996 seconds, Stopping threads took: 0,0000899 seconds
2017-03-04T00:38:04.406+0100: 1,828: Total time for which application threads were stopped: 0,0002290 seconds, Stopping threads took: 0,0000405 seconds
2017-03-04T00:38:04.578+0100: 2,001: Total time for which application threads were stopped: 0,0002667 seconds, Stopping threads took: 0,0000306 seconds
{Heap before GC invocations=0 (full 0):
 par new generation   total 109248K, used 87424K [0x00000000e0000000, 0x00000000e8000000, 0x00000000e8000000)
  eden space 87424K, 100% used [0x00000000e0000000, 0x00000000e5560000, 0x00000000e5560000)
  from space 21824K,   0% used [0x00000000e5560000, 0x00000000e5560000, 0x00000000e6ab0000)
  to   space 21824K,   0% used [0x00000000e6ab0000, 0x00000000e6ab0000, 0x00000000e8000000)
 concurrent mark-sweep generation total 393216K, used 0K [0x00000000e8000000, 0x0000000100000000, 0x0000000100000000)
 Metaspace       used 18031K, capacity 18336K, committed 18688K, reserved 1064960K
  class space    used 2037K, capacity 2196K, committed 2304K, reserved 1048576K
2017-03-04T00:38:04.673+0100: 2,096: [GC (Allocation Failure) 2017-03-04T00:38:04.673+0100: 2,096: [ParNew
Desired survivor size 20112992 bytes, new threshold 8 (max 8)
- age   1:   12608712 bytes,   12608712 total
: 87424K->12415K(109248K), 0,0164238 secs] 87424K->12415K(502464K), 0,0165197 secs] [Times: user=0,06 sys=0,00, real=0,02 secs] 
Heap after GC invocations=1 (full 0):
 par new generation   total 109248K, used 12415K [0x00000000e0000000, 0x00000000e8000000, 0x00000000e8000000)
  eden space 87424K,   0% used [0x00000000e0000000, 0x00000000e0000000, 0x00000000e5560000)
  from space 21824K,  56% used [0x00000000e6ab0000, 0x00000000e76cfeb8, 0x00000000e8000000)
  to   space 21824K,   0% used [0x00000000e5560000, 0x00000000e5560000, 0x00000000e6ab0000)
 concurrent mark-sweep generation total 393216K, used 0K [0x00000000e8000000, 0x0000000100000000, 0x0000000100000000)
 Metaspace       used 18031K, capacity 18336K, committed 18688K, reserved 1064960K
  class space    used 2037K, capacity 2196K, committed 2304K, reserved 1048576K
}
2017-03-04T00:38:04.690+0100: 2,112: Total time for which application threads were stopped: 0,0167975 seconds, Stopping threads took: 0,0000363 seconds
2017-03-04T00:38:04.980+0100: 2,403: Total time for which application threads were stopped: 0,0004235 seconds, Stopping threads took: 0,0000865 seconds
2017-03-04T00:38:05.017+0100: 2,439: Total time for which application threads were stopped: 0,0003373 seconds, Stopping threads took: 0,0000582 seconds
{Heap before GC invocations=1 (full 0):
 par new generation   total 109248K, used 99839K [0x00000000e0000000, 0x00000000e8000000, 0x00000000e8000000)
  eden space 87424K, 100% used [0x00000000e0000000, 0x00000000e5560000, 0x00000000e5560000)
  from space 21824K,  56% used [0x00000000e6ab0000, 0x00000000e76cfeb8, 0x00000000e8000000)
  to   space 21824K,   0% used [0x00000000e5560000, 0x00000000e5560000, 0x00000000e6ab0000)
 concurrent mark-sweep generation total 393216K, used 0K [0x00000000e8000000, 0x0000000100000000, 0x0000000100000000)
 Metaspace       used 20061K, capacity 20420K, committed 20736K, reserved 1067008K
  class space    used 2296K, capacity 2466K, committed 2560K, reserved 1048576K
2017-03-04T00:38:05.022+0100: 2,445: [GC (Allocation Failure) 2017-03-04T00:38:05.022+0100: 2,445: [ParNew
Desired survivor size 20112992 bytes, new threshold 8 (max 8)
- age   1:    3835480 bytes,    3835480 total
- age   2:    6679296 bytes,   10514776 total
: 99839K->15666K(109248K), 0,0125427 secs] 99839K->15666K(502464K), 0,0126134 secs] [Times: user=0,04 sys=0,00, real=0,02 secs] 
Heap after GC invocations=2 (full 0):
 par new generation   total 109248K, used 15666K [0x00000000e0000000, 0x00000000e8000000, 0x00000000e8000000)
  eden space 87424K,   0% used [0x00000000e0000000, 0x00000000e0000000, 0x00000000e5560000)
  from space 21824K,  71% used [0x00000000e5560000, 0x00000000e64acac0, 0x00000000e6ab0000)
  to   space 21824K,   0% used [0x00000000e6ab0000, 0x00000000e6ab0000, 0x00000000e8000000)
 concurrent mark-sweep generation total 393216K, used 0K [0x00000000e8000000, 0x0000000100000000, 0x0000000100000000)
 Metaspace       used 20061K, capacity 20420K, committed 20736K, reserved 1067008K
  class space    used 2296K, capacity 2466K, committed 2560K, reserved 1048576K
}
2017-03-04T00:38:05.035+0100: 2,457: Total time for which application threads were stopped: 0,0127912 seconds, Stopping threads took: 0,0000584 seconds
2017-03-04T00:38:05.086+0100: 2,509: Total time for which application threads were stopped: 0,0012506 seconds, Stopping threads took: 0,0009320 seconds
2017-03-04T00:38:05.211+0100: 2,634: Total time for which application threads were stopped: 0,0001620 seconds, Stopping threads took: 0,0000470 seconds
{Heap before GC invocations=2 (full 0):
 par new generation   total 109248K, used 103090K [0x00000000e0000000, 0x00000000e8000000, 0x00000000e8000000)
  eden space 87424K, 100% used [0x00000000e0000000, 0x00000000e5560000, 0x00000000e5560000)
  from space 21824K,  71% used [0x00000000e5560000, 0x00000000e64acac0, 0x00000000e6ab0000)
  to   space 21824K,   0% used [0x00000000e6ab0000, 0x00000000e6ab0000, 0x00000000e8000000)
 concurrent mark-sweep generation total 393216K, used 0K [0x00000000e8000000, 0x0000000100000000, 0x0000000100000000)
 Metaspace       used 20976K, capacity 21284K, committed 21628K, reserved 1069056K
  class space    used 2419K, capacity 2586K, committed 2684K, reserved 1048576K
2017-03-04T00:38:05.242+0100: 2,665: [GC (Allocation Failure) 2017-03-04T00:38:05.242+0100: 2,665: [ParNew
Desired survivor size 20112992 bytes, new threshold 8 (max 8)
- age   1:    2240160 bytes,    2240160 total
- age   2:     855088 bytes,    3095248 total
- age   3:    6659984 bytes,    9755232 total
: 103090K->11311K(109248K), 0,0167996 secs] 103090K->11311K(502464K), 0,0168878 secs] [Times: user=0,05 sys=0,01, real=0,02 secs] 
Heap after GC invocations=3 (full 0):
 par new generation   total 109248K, used 11311K [0x00000000e0000000, 0x00000000e8000000, 0x00000000e8000000)
  eden space 87424K,   0% used [0x00000000e0000000, 0x00000000e0000000, 0x00000000e5560000)
  from space 21824K,  51% used [0x00000000e6ab0000, 0x00000000e75bbf30, 0x00000000e8000000)
  to   space 21824K,   0% used [0x00000000e5560000, 0x00000000e5560000, 0x00000000e6ab0000)
 concurrent mark-sweep generation total 393216K, used 0K [0x00000000e8000000, 0x0000000100000000, 0x0000000100000000)
 Metaspace       used 20976K, capacity 21284K, committed 21628K, reserved 1069056K
  class space    used 2419K, capacity 2586K, committed 2684K, reserved 1048576K
}
2017-03-04T00:38:05.259+0100: 2,682: Total time for which application threads were stopped: 0,0188163 seconds, Stopping threads took: 0,0017557 seconds
2017-03-04T00:38:05.269+0100: 2,692: [GC (CMS Initial Mark) [1 CMS-initial-mark: 0K(393216K)] 20811K(502464K), 0,0076314 secs] [Times: user=0,03 sys=0,00, real=0,01 secs] 
2017-03-04T00:38:05.277+0100: 2,700: Total time for which application threads were stopped: 0,0079279 seconds, Stopping threads took: 0,0000559 seconds
2017-03-04T00:38:05.277+0100: 2,700: [CMS-concurrent-mark-start]
2017-03-04T00:38:05.280+0100: 2,703: [CMS-concurrent-mark: 0,003/0,003 secs] [Times: user=0,01 sys=0,00, real=0,00 secs] 
2017-03-04T00:38:05.280+0100: 2,703: [CMS-concurrent-preclean-start]
2017-03-04T00:38:05.281+0100: 2,704: [CMS-concurrent-preclean: 0,001/0,001 secs] [Times: user=0,00 sys=0,00, real=0,00 secs] 
2017-03-04T00:38:05.281+0100: 2,704: [CMS-concurrent-abortable-preclean-start]
2017-03-04T00:38:05.324+0100: 2,746: Total time for which application threads were stopped: 0,0012312 seconds, Stopping threads took: 0,0011332 seconds
{Heap before GC invocations=3 (full 1):
 par new generation   total 109248K, used 98735K [0x00000000e0000000, 0x00000000e8000000, 0x00000000e8000000)
  eden space 87424K, 100% used [0x00000000e0000000, 0x00000000e5560000, 0x00000000e5560000)
  from space 21824K,  51% used [0x00000000e6ab0000, 0x00000000e75bbf30, 0x00000000e8000000)
  to   space 21824K,   0% used [0x00000000e5560000, 0x00000000e5560000, 0x00000000e6ab0000)
 concurrent mark-sweep generation total 393216K, used 0K [0x00000000e8000000, 0x0000000100000000, 0x0000000100000000)
 Metaspace       used 21257K, capacity 21626K, committed 21884K, reserved 1069056K
  class space    used 2449K, capacity 2601K, committed 2684K, reserved 1048576K
2017-03-04T00:38:05.382+0100: 2,805: [GC (Allocation Failure) 2017-03-04T00:38:05.382+0100: 2,805: [ParNew
Desired survivor size 20112992 bytes, new threshold 8 (max 8)
- age   1:     997832 bytes,     997832 total
- age   2:    1454544 bytes,    2452376 total
- age   3:     821632 bytes,    3274008 total
- age   4:    6660024 bytes,    9934032 total
: 98735K->14483K(109248K), 0,0119301 secs] 98735K->14483K(502464K), 0,0119954 secs] [Times: user=0,05 sys=0,00, real=0,02 secs] 
Heap after GC invocations=4 (full 1):
 par new generation   total 109248K, used 14483K [0x00000000e0000000, 0x00000000e8000000, 0x00000000e8000000)
  eden space 87424K,   0% used [0x00000000e0000000, 0x00000000e0000000, 0x00000000e5560000)
  from space 21824K,  66% used [0x00000000e5560000, 0x00000000e6384d18, 0x00000000e6ab0000)
  to   space 21824K,   0% used [0x00000000e6ab0000, 0x00000000e6ab0000, 0x00000000e8000000)
 concurrent mark-sweep generation total 393216K, used 0K [0x00000000e8000000, 0x0000000100000000, 0x0000000100000000)
 Metaspace       used 21257K, capacity 21626K, committed 21884K, reserved 1069056K
  class space    used 2449K, capacity 2601K, committed 2684K, reserved 1048576K
}
2017-03-04T00:38:05.394+0100: 2,817: Total time for which application threads were stopped: 0,0121434 seconds, Stopping threads took: 0,0000222 seconds
{Heap before GC invocations=4 (full 1):
 par new generation   total 109248K, used 101907K [0x00000000e0000000, 0x00000000e8000000, 0x00000000e8000000)
  eden space 87424K, 100% used [0x00000000e0000000, 0x00000000e5560000, 0x00000000e5560000)
  from space 21824K,  66% used [0x00000000e5560000, 0x00000000e6384d18, 0x00000000e6ab0000)
  to   space 21824K,   0% used [0x00000000e6ab0000, 0x00000000e6ab0000, 0x00000000e8000000)
 concurrent mark-sweep generation total 393216K, used 0K [0x00000000e8000000, 0x0000000100000000, 0x0000000100000000)
 Metaspace       used 21489K, capacity 21866K, committed 21960K, reserved 1069056K
  class space    used 2476K, capacity 2636K, committed 2684K, reserved 1048576K
2017-03-04T00:38:05.490+0100: 2,913: [GC (Allocation Failure) 2017-03-04T00:38:05.490+0100: 2,913: [ParNew2017-03-04T00:38:05.495+0100: 2,918: [CMS-concurrent-abortable-preclean: 0,100/0,214 secs] [Times: user=0,79 sys=0,01, real=0,22 secs] 

Desired survivor size 20112992 bytes, new threshold 8 (max 8)
- age   1:     521144 bytes,     521144 total
- age   2:     175880 bytes,     697024 total
- age   3:    1453016 bytes,    2150040 total
- age   4:     819664 bytes,    2969704 total
- age   5:    6660288 bytes,    9629992 total
: 101907K->11413K(109248K), 0,0100657 secs] 101907K->11413K(502464K), 0,0101298 secs] [Times: user=0,03 sys=0,00, real=0,01 secs] 
Heap after GC invocations=5 (full 1):
 par new generation   total 109248K, used 11413K [0x00000000e0000000, 0x00000000e8000000, 0x00000000e8000000)
  eden space 87424K,   0% used [0x00000000e0000000, 0x00000000e0000000, 0x00000000e5560000)
  from space 21824K,  52% used [0x00000000e6ab0000, 0x00000000e75d57c0, 0x00000000e8000000)
  to   space 21824K,   0% used [0x00000000e5560000, 0x00000000e5560000, 0x00000000e6ab0000)
 concurrent mark-sweep generation total 393216K, used 0K [0x00000000e8000000, 0x0000000100000000, 0x0000000100000000)
 Metaspace       used 21489K, capacity 21866K, committed 21960K, reserved 1069056K
  class space    used 2476K, capacity 2636K, committed 2684K, reserved 1048576K
}
2017-03-04T00:38:05.500+0100: 2,923: Total time for which application threads were stopped: 0,0103665 seconds, Stopping threads took: 0,0000820 seconds
2017-03-04T00:38:05.500+0100: 2,923: [GC (CMS Final Remark) [YG occupancy: 12070 K (109248 K)]{Heap before GC invocations=5 (full 1):
 par new generation   total 109248K, used 12070K [0x00000000e0000000, 0x00000000e8000000, 0x00000000e8000000)
  eden space 87424K,   0% used [0x00000000e0000000, 0x00000000e00a4318, 0x00000000e5560000)
  from space 21824K,  52% used [0x00000000e6ab0000, 0x00000000e75d57c0, 0x00000000e8000000)
  to   space 21824K,   0% used [0x00000000e5560000, 0x00000000e5560000, 0x00000000e6ab0000)
 concurrent mark-sweep generation total 393216K, used 0K [0x00000000e8000000, 0x0000000100000000, 0x0000000100000000)
 Metaspace       used 21489K, capacity 21866K, committed 21960K, reserved 1069056K
  class space    used 2476K, capacity 2636K, committed 2684K, reserved 1048576K
2017-03-04T00:38:05.500+0100: 2,923: [GC (CMS Final Remark) 2017-03-04T00:38:05.500+0100: 2,923: [ParNew
Desired survivor size 20112992 bytes, new threshold 8 (max 8)
- age   1:      16424 bytes,      16424 total
- age   2:     521144 bytes,     537568 total
- age   3:     175880 bytes,     713448 total
- age   4:    1453016 bytes,    2166464 total
- age   5:     819664 bytes,    2986128 total
- age   6:    6660128 bytes,    9646256 total
: 12070K->14839K(109248K), 0,0088958 secs] 12070K->14839K(502464K), 0,0089314 secs] [Times: user=0,04 sys=0,00, real=0,01 secs] 
Heap after GC invocations=6 (full 1):
 par new generation   total 109248K, used 14839K [0x00000000e0000000, 0x00000000e8000000, 0x00000000e8000000)
  eden space 87424K,   0% used [0x00000000e0000000, 0x00000000e0000000, 0x00000000e5560000)
  from space 21824K,  67% used [0x00000000e5560000, 0x00000000e63dde08, 0x00000000e6ab0000)
  to   space 21824K,   0% used [0x00000000e6ab0000, 0x00000000e6ab0000, 0x00000000e8000000)
 concurrent mark-sweep generation total 393216K, used 0K [0x00000000e8000000, 0x0000000100000000, 0x0000000100000000)
 Metaspace       used 21489K, capacity 21866K, committed 21960K, reserved 1069056K
  class space    used 2476K, capacity 2636K, committed 2684K, reserved 1048576K
}
2017-03-04T00:38:05.509+0100: 2,932: [Rescan (parallel) , 0,0034452 secs]2017-03-04T00:38:05.513+0100: 2,935: [weak refs processing, 0,0007461 secs]2017-03-04T00:38:05.513+0100: 2,936: [class unloading, 0,0029025 secs]2017-03-04T00:38:05.516+0100: 2,939: [scrub symbol table, 0,0025702 secs]2017-03-04T00:38:05.519+0100: 2,942: [scrub string table, 0,0003629 secs][1 CMS-remark: 0K(393216K)] 14839K(502464K), 0,0196004 secs] [Times: user=0,06 sys=0,00, real=0,02 secs] 
2017-03-04T00:38:05.520+0100: 2,943: Total time for which application threads were stopped: 0,0197219 seconds, Stopping threads took: 0,0000504 seconds
2017-03-04T00:38:05.520+0100: 2,943: [CMS-concurrent-sweep-start]
2017-03-04T00:38:05.520+0100: 2,943: [CMS-concurrent-sweep: 0,000/0,000 secs] [Times: user=0,00 sys=0,00, real=0,00 secs] 
2017-03-04T00:38:05.520+0100: 2,943: [CMS-concurrent-reset-start]
2017-03-04T00:38:05.522+0100: 2,945: [CMS-concurrent-reset: 0,002/0,002 secs] [Times: user=0,01 sys=0,00, real=0,00 secs] 
2017-03-04T00:38:05.543+0100: 2,966: Total time for which application threads were stopped: 0,0004321 seconds, Stopping threads took: 0,0000486 seconds
2017-03-04T00:38:05.728+0100: 3,151: Total time for which application threads were stopped: 0,0004282 seconds, Stopping threads took: 0,0000246 seconds
2017-03-04T00:38:05.746+0100: 3,169: Total time for which application threads were stopped: 0,0004219 seconds, Stopping threads took: 0,0000688 seconds
{Heap before GC invocations=6 (full 1):
 par new generation   total 109248K, used 102263K [0x00000000e0000000, 0x00000000e8000000, 0x00000000e8000000)
  eden space 87424K, 100% used [0x00000000e0000000, 0x00000000e5560000, 0x00000000e5560000)
  from space 21824K,  67% used [0x00000000e5560000, 0x00000000e63dde08, 0x00000000e6ab0000)
  to   space 21824K,   0% used [0x00000000e6ab0000, 0x00000000e6ab0000, 0x00000000e8000000)
 concurrent mark-sweep generation total 393216K, used 0K [0x00000000e8000000, 0x0000000100000000, 0x0000000100000000)
 Metaspace       used 23913K, capacity 24398K, committed 24572K, reserved 1071104K
  class space    used 2822K, capacity 3010K, committed 3068K, reserved 1048576K
2017-03-04T00:38:05.908+0100: 3,331: [GC (Allocation Failure) 2017-03-04T00:38:05.908+0100: 3,331: [ParNew
Desired survivor size 20112992 bytes, new threshold 8 (max 8)
- age   1:    5112224 bytes,    5112224 total
- age   3:     166936 bytes,    5279160 total
- age   4:     174888 bytes,    5454048 total
- age   5:     284600 bytes,    5738648 total
- age   6:     795368 bytes,    6534016 total
- age   7:    6651872 bytes,   13185888 total
: 102263K->15662K(109248K), 0,0191084 secs] 102263K->15662K(502464K), 0,0191799 secs] [Times: user=0,06 sys=0,00, real=0,02 secs] 
Heap after GC invocations=7 (full 1):
 par new generation   total 109248K, used 15662K [0x00000000e0000000, 0x00000000e8000000, 0x00000000e8000000)
  eden space 87424K,   0% used [0x00000000e0000000, 0x00000000e0000000, 0x00000000e5560000)
  from space 21824K,  71% used [0x00000000e6ab0000, 0x00000000e79fb8b0, 0x00000000e8000000)
  to   space 21824K,   0% used [0x00000000e5560000, 0x00000000e5560000, 0x00000000e6ab0000)
 concurrent mark-sweep generation total 393216K, used 0K [0x00000000e8000000, 0x0000000100000000, 0x0000000100000000)
 Metaspace       used 23913K, capacity 24398K, committed 24572K, reserved 1071104K
  class space    used 2822K, capacity 3010K, committed 3068K, reserved 1048576K
}
2017-03-04T00:38:05.927+0100: 3,350: Total time for which application threads were stopped: 0,0194578 seconds, Stopping threads took: 0,0000676 seconds
{Heap before GC invocations=7 (full 1):
 par new generation   total 109248K, used 103086K [0x00000000e0000000, 0x00000000e8000000, 0x00000000e8000000)
  eden space 87424K, 100% used [0x00000000e0000000, 0x00000000e5560000, 0x00000000e5560000)
  from space 21824K,  71% used [0x00000000e6ab0000, 0x00000000e79fb8b0, 0x00000000e8000000)
  to   space 21824K,   0% used [0x00000000e5560000, 0x00000000e5560000, 0x00000000e6ab0000)
 concurrent mark-sweep generation total 393216K, used 0K [0x00000000e8000000, 0x0000000100000000, 0x0000000100000000)
 Metaspace       used 24734K, capacity 25172K, committed 25468K, reserved 1071104K
  class space    used 2891K, capacity 3075K, committed 3196K, reserved 1048576K
2017-03-04T00:38:06.042+0100: 3,465: [GC (Allocation Failure) 2017-03-04T00:38:06.042+0100: 3,465: [ParNew
Desired survivor size 20112992 bytes, new threshold 8 (max 8)
- age   1:    2067640 bytes,    2067640 total
- age   2:    1720256 bytes,    3787896 total
- age   4:      84784 bytes,    3872680 total
- age   5:     105800 bytes,    3978480 total
- age   6:     183976 bytes,    4162456 total
- age   7:     752392 bytes,    4914848 total
- age   8:    6117248 bytes,   11032096 total
: 103086K->16164K(109248K), 0,0146059 secs] 103086K->16164K(502464K), 0,0146849 secs] [Times: user=0,05 sys=0,00, real=0,02 secs] 
Heap after GC invocations=8 (full 1):
 par new generation   total 109248K, used 16164K [0x00000000e0000000, 0x00000000e8000000, 0x00000000e8000000)
  eden space 87424K,   0% used [0x00000000e0000000, 0x00000000e0000000, 0x00000000e5560000)
  from space 21824K,  74% used [0x00000000e5560000, 0x00000000e65291b0, 0x00000000e6ab0000)
  to   space 21824K,   0% used [0x00000000e6ab0000, 0x00000000e6ab0000, 0x00000000e8000000)
 concurrent mark-sweep generation total 393216K, used 0K [0x00000000e8000000, 0x0000000100000000, 0x0000000100000000)
 Metaspace       used 24734K, capacity 25172K, committed 25468K, reserved 1071104K
  class space    used 2891K, capacity 3075K, committed 3196K, reserved 1048576K
}
2017-03-04T00:38:06.057+0100: 3,480: Total time for which application threads were stopped: 0,0149402 seconds, Stopping threads took: 0,0000613 seconds
{Heap before GC invocations=8 (full 1):
 par new generation   total 109248K, used 103588K [0x00000000e0000000, 0x00000000e8000000, 0x00000000e8000000)
  eden space 87424K, 100% used [0x00000000e0000000, 0x00000000e5560000, 0x00000000e5560000)
  from space 21824K,  74% used [0x00000000e5560000, 0x00000000e65291b0, 0x00000000e6ab0000)
  to   space 21824K,   0% used [0x00000000e6ab0000, 0x00000000e6ab0000, 0x00000000e8000000)
 concurrent mark-sweep generation total 393216K, used 0K [0x00000000e8000000, 0x0000000100000000, 0x0000000100000000)
 Metaspace       used 25024K, capacity 25518K, committed 25724K, reserved 1071104K
  class space    used 2911K, capacity 3080K, committed 3196K, reserved 1048576K
2017-03-04T00:38:06.169+0100: 3,592: [GC (Allocation Failure) 2017-03-04T00:38:06.169+0100: 3,592: [ParNew
Desired survivor size 20112992 bytes, new threshold 8 (max 8)
- age   1:     971224 bytes,     971224 total
- age   2:    1061696 bytes,    2032920 total
- age   3:    1697624 bytes,    3730544 total
- age   5:      84728 bytes,    3815272 total
- age   6:     105696 bytes,    3920968 total
- age   7:     183512 bytes,    4104480 total
- age   8:     752392 bytes,    4856872 total
: 103588K->8417K(109248K), 0,0290118 secs] 103588K->14473K(502464K), 0,0290834 secs] [Times: user=0,10 sys=0,00, real=0,03 secs] 
Heap after GC invocations=9 (full 1):
 par new generation   total 109248K, used 8417K [0x00000000e0000000, 0x00000000e8000000, 0x00000000e8000000)
  eden space 87424K,   0% used [0x00000000e0000000, 0x00000000e0000000, 0x00000000e5560000)
  from space 21824K,  38% used [0x00000000e6ab0000, 0x00000000e72e8628, 0x00000000e8000000)
  to   space 21824K,   0% used [0x00000000e5560000, 0x00000000e5560000, 0x00000000e6ab0000)
 concurrent mark-sweep generation total 393216K, used 6056K [0x00000000e8000000, 0x0000000100000000, 0x0000000100000000)
 Metaspace       used 25024K, capacity 25518K, committed 25724K, reserved 1071104K
  class space    used 2911K, capacity 3080K, committed 3196K, reserved 1048576K
}
2017-03-04T00:38:06.198+0100: 3,621: Total time for which application threads were stopped: 0,0293562 seconds, Stopping threads took: 0,0001072 seconds
2017-03-04T00:38:06.511+0100: 3,934: Total time for which application threads were stopped: 0,0005732 seconds, Stopping threads took: 0,0000386 seconds
2017-03-04T00:38:06.539+0100: 3,962: Total time for which application threads were stopped: 0,0005683 seconds, Stopping threads took: 0,0000366 seconds
2017-03-04T00:38:06.628+0100: 4,051: Total time for which application threads were stopped: 0,0063542 seconds, Stopping threads took: 0,0055454 seconds
2017-03-04T00:38:06.639+0100: 4,062: Total time for which application threads were stopped: 0,0005229 seconds, Stopping threads took: 0,0004279 seconds
2017-03-04T00:38:06.659+0100: 4,081: Total time for which application threads were stopped: 0,0002135 seconds, Stopping threads took: 0,0000463 seconds
2017-03-04T00:38:06.659+0100: 4,082: Total time for which application threads were stopped: 0,0001135 seconds, Stopping threads took: 0,0000247 seconds
2017-03-04T00:38:06.661+0100: 4,084: Total time for which application threads were stopped: 0,0024057 seconds, Stopping threads took: 0,0022877 seconds
2017-03-04T00:38:06.662+0100: 4,084: Total time for which application threads were stopped: 0,0001172 seconds, Stopping threads took: 0,0000302 seconds
2017-03-04T00:38:06.662+0100: 4,085: Total time for which application threads were stopped: 0,0002004 seconds, Stopping threads took: 0,0000987 seconds
2017-03-04T00:38:06.662+0100: 4,085: Total time for which application threads were stopped: 0,0000870 seconds, Stopping threads took: 0,0000246 seconds
2017-03-04T00:38:06.662+0100: 4,085: Total time for which application threads were stopped: 0,0000584 seconds, Stopping threads took: 0,0000097 seconds
2017-03-04T00:38:06.663+0100: 4,085: Total time for which application threads were stopped: 0,0000857 seconds, Stopping threads took: 0,0000214 seconds
2017-03-04T00:38:06.663+0100: 4,085: Total time for which application threads were stopped: 0,0000708 seconds, Stopping threads took: 0,0000096 seconds
2017-03-04T00:38:06.663+0100: 4,086: Total time for which application threads were stopped: 0,0000690 seconds, Stopping threads took: 0,0000092 seconds
2017-03-04T00:38:06.663+0100: 4,086: Total time for which application threads were stopped: 0,0000753 seconds, Stopping threads took: 0,0000117 seconds
2017-03-04T00:38:06.663+0100: 4,086: Total time for which application threads were stopped: 0,0000624 seconds, Stopping threads took: 0,0000093 seconds
2017-03-04T00:38:06.663+0100: 4,086: Total time for which application threads were stopped: 0,0000657 seconds, Stopping threads took: 0,0000095 seconds
2017-03-04T00:38:06.663+0100: 4,086: Total time for which application threads were stopped: 0,0000684 seconds, Stopping threads took: 0,0000119 seconds
2017-03-04T00:38:06.663+0100: 4,086: Total time for which application threads were stopped: 0,0000652 seconds, Stopping threads took: 0,0000182 seconds
2017-03-04T00:38:06.664+0100: 4,087: Total time for which application threads were stopped: 0,0000820 seconds, Stopping threads took: 0,0000198 seconds
2017-03-04T00:38:06.664+0100: 4,087: Total time for which application threads were stopped: 0,0000675 seconds, Stopping threads took: 0,0000095 seconds
2017-03-04T00:38:06.664+0100: 4,087: Total time for which application threads were stopped: 0,0000599 seconds, Stopping threads took: 0,0000176 seconds
2017-03-04T00:38:06.664+0100: 4,087: Total time for which application threads were stopped: 0,0000714 seconds, Stopping threads took: 0,0000115 seconds
2017-03-04T00:38:06.664+0100: 4,087: Total time for which application threads were stopped: 0,0001725 seconds, Stopping threads took: 0,0000087 seconds
2017-03-04T00:38:06.670+0100: 4,093: Total time for which application threads were stopped: 0,0026952 seconds, Stopping threads took: 0,0026205 seconds
2017-03-04T00:38:06.672+0100: 4,095: Total time for which application threads were stopped: 0,0013397 seconds, Stopping threads took: 0,0011767 seconds
2017-03-04T00:38:06.690+0100: 4,113: Total time for which application threads were stopped: 0,0084869 seconds, Stopping threads took: 0,0083600 seconds
2017-03-04T00:38:06.690+0100: 4,113: Total time for which application threads were stopped: 0,0000791 seconds, Stopping threads took: 0,0000146 seconds
2017-03-04T00:38:06.690+0100: 4,113: Total time for which application threads were stopped: 0,0000570 seconds, Stopping threads took: 0,0000082 seconds
2017-03-04T00:38:06.691+0100: 4,113: Total time for which application threads were stopped: 0,0000858 seconds, Stopping threads took: 0,0000149 seconds
2017-03-04T00:38:06.691+0100: 4,114: Total time for which application threads were stopped: 0,0000736 seconds, Stopping threads took: 0,0000112 seconds
2017-03-04T00:38:06.691+0100: 4,114: Total time for which application threads were stopped: 0,0000547 seconds, Stopping threads took: 0,0000077 seconds
2017-03-04T00:38:06.691+0100: 4,114: Total time for which application threads were stopped: 0,0000547 seconds, Stopping threads took: 0,0000096 seconds
2017-03-04T00:38:06.691+0100: 4,114: Total time for which application threads were stopped: 0,0000639 seconds, Stopping threads took: 0,0000095 seconds
2017-03-04T00:38:06.692+0100: 4,114: Total time for which application threads were stopped: 0,0001133 seconds, Stopping threads took: 0,0000303 seconds
2017-03-04T00:38:06.692+0100: 4,115: Total time for which application threads were stopped: 0,0001060 seconds, Stopping threads took: 0,0000188 seconds
2017-03-04T00:38:06.693+0100: 4,115: Total time for which application threads were stopped: 0,0002538 seconds, Stopping threads took: 0,0001837 seconds
2017-03-04T00:38:06.694+0100: 4,116: Total time for which application threads were stopped: 0,0007950 seconds, Stopping threads took: 0,0007251 seconds
2017-03-04T00:38:06.694+0100: 4,116: Total time for which application threads were stopped: 0,0000494 seconds, Stopping threads took: 0,0000090 seconds
2017-03-04T00:38:06.694+0100: 4,117: Total time for which application threads were stopped: 0,0000609 seconds, Stopping threads took: 0,0000122 seconds
2017-03-04T00:38:06.694+0100: 4,117: Total time for which application threads were stopped: 0,0000457 seconds, Stopping threads took: 0,0000081 seconds
2017-03-04T00:38:06.694+0100: 4,117: Total time for which application threads were stopped: 0,0000484 seconds, Stopping threads took: 0,0000086 seconds
2017-03-04T00:38:06.697+0100: 4,120: Total time for which application threads were stopped: 0,0008381 seconds, Stopping threads took: 0,0007253 seconds
2017-03-04T00:38:06.699+0100: 4,121: Total time for which application threads were stopped: 0,0012388 seconds, Stopping threads took: 0,0011288 seconds
2017-03-04T00:38:06.699+0100: 4,122: Total time for which application threads were stopped: 0,0001437 seconds, Stopping threads took: 0,0000190 seconds
2017-03-04T00:38:06.700+0100: 4,123: Total time for which application threads were stopped: 0,0008815 seconds, Stopping threads took: 0,0000103 seconds
2017-03-04T00:38:06.710+0100: 4,133: Total time for which application threads were stopped: 0,0006667 seconds, Stopping threads took: 0,0004953 seconds
2017-03-04T00:38:06.775+0100: 4,198: Total time for which application threads were stopped: 0,0006378 seconds, Stopping threads took: 0,0000504 seconds
2017-03-04T00:38:06.777+0100: 4,200: Total time for which application threads were stopped: 0,0002362 seconds, Stopping threads took: 0,0001127 seconds
2017-03-04T00:38:07.777+0100: 5,200: Total time for which application threads were stopped: 0,0000880 seconds, Stopping threads took: 0,0000190 seconds
2017-03-04T00:38:08.778+0100: 6,200: Total time for which application threads were stopped: 0,0000788 seconds, Stopping threads took: 0,0000171 seconds
2017-03-04T00:38:24.780+0100: 22,203: Total time for which application threads were stopped: 0,0000822 seconds, Stopping threads took: 0,0000205 seconds
2017-03-04T00:38:34.781+0100: 32,204: Total time for which application threads were stopped: 0,0000606 seconds, Stopping threads took: 0,0000153 seconds
2017-03-04T00:40:04.790+0100: 122,213: Total time for which application threads were stopped: 0,0000797 seconds, Stopping threads took: 0,0000322 seconds
{Heap before GC invocations=9 (full 1):
 par new generation   total 109248K, used 95841K [0x00000000e0000000, 0x00000000e8000000, 0x00000000e8000000)
  eden space 87424K, 100% used [0x00000000e0000000, 0x00000000e5560000, 0x00000000e5560000)
  from space 21824K,  38% used [0x00000000e6ab0000, 0x00000000e72e8628, 0x00000000e8000000)
  to   space 21824K,   0% used [0x00000000e5560000, 0x00000000e5560000, 0x00000000e6ab0000)
 concurrent mark-sweep generation total 393216K, used 6056K [0x00000000e8000000, 0x0000000100000000, 0x0000000100000000)
 Metaspace       used 27989K, capacity 28500K, committed 28796K, reserved 1075200K
  class space    used 3212K, capacity 3387K, committed 3452K, reserved 1048576K
2017-03-04T00:40:58.579+0100: 176,002: [GC (Allocation Failure) 2017-03-04T00:40:58.579+0100: 176,002: [ParNew
Desired survivor size 20112992 bytes, new threshold 8 (max 8)
- age   1:   10499920 bytes,   10499920 total
- age   2:     254048 bytes,   10753968 total
- age   3:     278296 bytes,   11032264 total
- age   4:    1692872 bytes,   12725136 total
- age   6:      84696 bytes,   12809832 total
- age   7:     105568 bytes,   12915400 total
- age   8:     183416 bytes,   13098816 total
: 95841K->14626K(109248K), 0,0323740 secs] 101897K->21505K(502464K), 0,0324526 secs] [Times: user=0,06 sys=0,00, real=0,03 secs] 
Heap after GC invocations=10 (full 1):
 par new generation   total 109248K, used 14626K [0x00000000e0000000, 0x00000000e8000000, 0x00000000e8000000)
  eden space 87424K,   0% used [0x00000000e0000000, 0x00000000e0000000, 0x00000000e5560000)
  from space 21824K,  67% used [0x00000000e5560000, 0x00000000e63a89e8, 0x00000000e6ab0000)
  to   space 21824K,   0% used [0x00000000e6ab0000, 0x00000000e6ab0000, 0x00000000e8000000)
 concurrent mark-sweep generation total 393216K, used 6878K [0x00000000e8000000, 0x0000000100000000, 0x0000000100000000)
 Metaspace       used 27989K, capacity 28500K, committed 28796K, reserved 1075200K
  class space    used 3212K, capacity 3387K, committed 3452K, reserved 1048576K
}
2017-03-04T00:40:58.612+0100: 176,035: Total time for which application threads were stopped: 0,0326561 seconds, Stopping threads took: 0,0000545 seconds
2017-03-04T00:40:58.613+0100: 176,035: Total time for which application threads were stopped: 0,0000692 seconds, Stopping threads took: 0,0000203 seconds
2017-03-04T00:40:58.613+0100: 176,035: Total time for which application threads were stopped: 0,0000413 seconds, Stopping threads took: 0,0000096 seconds
2017-03-04T00:41:03.613+0100: 181,036: Total time for which application threads were stopped: 0,0000702 seconds, Stopping threads took: 0,0000187 seconds
2017-03-04T00:42:33.623+0100: 271,045: Total time for which application threads were stopped: 0,0000885 seconds, Stopping threads took: 0,0000378 seconds
2017-03-04T00:48:49.662+0100: 647,085: Total time for which application threads were stopped: 0,0003330 seconds, Stopping threads took: 0,0001017 seconds
2017-03-04T00:54:09.694+0100: 967,116: Total time for which application threads were stopped: 0,0001030 seconds, Stopping threads took: 0,0000335 seconds
2017-03-04T01:01:28.741+0100: 1406,164: Total time for which application threads were stopped: 0,0000855 seconds, Stopping threads took: 0,0000346 seconds
2017-03-04T01:06:18.772+0100: 1696,194: Total time for which application threads were stopped: 0,0001954 seconds, Stopping threads took: 0,0000774 seconds
2017-03-04T01:15:03.832+0100: 2221,255: Total time for which application threads were stopped: 0,0000768 seconds, Stopping threads took: 0,0000280 seconds
2017-03-04T01:16:23.842+0100: 2301,265: Total time for which application threads were stopped: 0,0002973 seconds, Stopping threads took: 0,0000384 seconds
2017-03-04T01:16:24.842+0100: 2302,265: Total time for which application threads were stopped: 0,0000993 seconds, Stopping threads took: 0,0000325 seconds
2017-03-04T01:18:34.857+0100: 2432,280: Total time for which application threads were stopped: 0,0000871 seconds, Stopping threads took: 0,0000335 seconds
2017-03-04T01:31:19.932+0100: 3197,355: Total time for which application threads were stopped: 0,0000950 seconds, Stopping threads took: 0,0000322 seconds
2017-03-04T01:40:28.987+0100: 3746,410: Total time for which application threads were stopped: 0,0000899 seconds, Stopping threads took: 0,0000322 seconds
2017-03-04T01:43:44.007+0100: 3941,429: Total time for which application threads were stopped: 0,0001844 seconds, Stopping threads took: 0,0000804 seconds
2017-03-04T01:44:05.009+0100: 3962,432: Total time for which application threads were stopped: 0,0004626 seconds, Stopping threads took: 0,0000828 seconds
2017-03-04T01:56:15.090+0100: 4692,512: Total time for which application threads were stopped: 0,0000755 seconds, Stopping threads took: 0,0000281 seconds
2017-03-04T01:56:20.090+0100: 4697,513: Total time for which application threads were stopped: 0,0001132 seconds, Stopping threads took: 0,0000254 seconds
2017-03-04T02:06:08.602+0100: 5286,024: Total time for which application threads were stopped: 0,0153693 seconds, Stopping threads took: 0,0152940 seconds
2017-03-04T02:06:08.602+0100: 5286,025: Total time for which application threads were stopped: 0,0000815 seconds, Stopping threads took: 0,0000244 seconds
2017-03-04T02:06:08.638+0100: 5286,061: Total time for which application threads were stopped: 0,0010741 seconds, Stopping threads took: 0,0009491 seconds
2017-03-04T02:06:08.638+0100: 5286,061: Total time for which application threads were stopped: 0,0000697 seconds, Stopping threads took: 0,0000128 seconds
2017-03-04T02:06:08.638+0100: 5286,061: Total time for which application threads were stopped: 0,0000469 seconds, Stopping threads took: 0,0000078 seconds
2017-03-04T02:06:08.639+0100: 5286,062: Total time for which application threads were stopped: 0,0001066 seconds, Stopping threads took: 0,0000472 seconds
2017-03-04T02:06:08.640+0100: 5286,063: Total time for which application threads were stopped: 0,0000767 seconds, Stopping threads took: 0,0000153 seconds
2017-03-04T02:06:08.642+0100: 5286,065: Total time for which application threads were stopped: 0,0001327 seconds, Stopping threads took: 0,0000330 seconds
2017-03-04T02:06:08.649+0100: 5286,072: Total time for which application threads were stopped: 0,0000945 seconds, Stopping threads took: 0,0000312 seconds
2017-03-04T02:06:08.649+0100: 5286,072: Total time for which application threads were stopped: 0,0000454 seconds, Stopping threads took: 0,0000070 seconds
2017-03-04T02:06:08.649+0100: 5286,072: Total time for which application threads were stopped: 0,0000362 seconds, Stopping threads took: 0,0000065 seconds
2017-03-04T02:06:08.650+0100: 5286,072: Total time for which application threads were stopped: 0,0000376 seconds, Stopping threads took: 0,0000057 seconds
2017-03-04T02:06:08.650+0100: 5286,072: Total time for which application threads were stopped: 0,0000361 seconds, Stopping threads took: 0,0000064 seconds
2017-03-04T02:06:08.650+0100: 5286,073: Total time for which application threads were stopped: 0,0000382 seconds, Stopping threads took: 0,0000062 seconds
2017-03-04T02:06:08.650+0100: 5286,073: Total time for which application threads were stopped: 0,0000358 seconds, Stopping threads took: 0,0000070 seconds
2017-03-04T02:06:08.650+0100: 5286,073: Total time for which application threads were stopped: 0,0000467 seconds, Stopping threads took: 0,0000075 seconds
2017-03-04T02:06:08.651+0100: 5286,073: Total time for which application threads were stopped: 0,0000345 seconds, Stopping threads took: 0,0000052 seconds
2017-03-04T02:06:08.652+0100: 5286,075: Total time for which application threads were stopped: 0,0000885 seconds, Stopping threads took: 0,0000326 seconds
2017-03-04T02:06:08.652+0100: 5286,075: Total time for which application threads were stopped: 0,0000557 seconds, Stopping threads took: 0,0000203 seconds
2017-03-04T02:06:08.652+0100: 5286,075: Total time for which application threads were stopped: 0,0001370 seconds, Stopping threads took: 0,0000817 seconds
2017-03-04T02:06:08.653+0100: 5286,076: Total time for which application threads were stopped: 0,0003575 seconds, Stopping threads took: 0,0000504 seconds
Heap
 par new generation   total 109248K, used 32952K [0x00000000e0000000, 0x00000000e8000000, 0x00000000e8000000)
  eden space 87424K,  20% used [0x00000000e0000000, 0x00000000e11e59c8, 0x00000000e5560000)
  from space 21824K,  67% used [0x00000000e5560000, 0x00000000e63a89e8, 0x00000000e6ab0000)
  to   space 21824K,   0% used [0x00000000e6ab0000, 0x00000000e6ab0000, 0x00000000e8000000)
 concurrent mark-sweep generation total 393216K, used 6878K [0x00000000e8000000, 0x0000000100000000, 0x0000000100000000)
 Metaspace       used 28105K, capacity 28604K, committed 28796K, reserved 1075200K
  class space    used 3226K, capacity 3421K, committed 3452K, reserved 1048576K
