OpenJDK 64-Bit Server VM (25.131-b11) for linux-amd64 JRE (1.8.0_131-8u131-b11-2ubuntu1.16.04.3-b11), built on Jul 28 2017 01:23:32 by "buildd" with gcc 5.4.0 20160609
Memory: 4k page, physical 7867732k(7485644k free), swap 8076284k(8076284k free)
CommandLine flags: -XX:CMSInitiatingOccupancyFraction=50 -XX:CMSMaxAbortablePrecleanTime=6000 -XX:+CMSParallelRemarkEnabled -XX:+CMSScavengeBeforeRemark -XX:ConcGCThreads=4 -XX:InitialHeapSize=536870912 -XX:MaxHeapSize=536870912 -XX:MaxTenuringThreshold=8 -XX:NewRatio=3 -XX:OldPLABSize=16 -XX:OnOutOfMemoryError=/opt/solr/bin/oom_solr.sh 8983 /var/solr/logs -XX:ParallelGCThreads=4 -XX:+ParallelRefProcEnabled -XX:PretenureSizeThreshold=67108864 -XX:+PrintGC -XX:+PrintGCApplicationStoppedTime -XX:+PrintGCDateStamps -XX:+PrintGCDetails -XX:+PrintGCTimeStamps -XX:+PrintHeapAtGC -XX:+PrintTenuringDistribution -XX:SurvivorRatio=4 -XX:TargetSurvivorRatio=90 -XX:ThreadStackSize=256 -XX:+UseCMSInitiatingOccupancyOnly -XX:+UseCompressedClassPointers -XX:+UseCompressedOops -XX:+UseConcMarkSweepGC -XX:+UseParNewGC 
2017-08-14T09:34:06.875+0200: 0,153: Total time for which application threads were stopped: 0,0000763 seconds, Stopping threads took: 0,0000211 seconds
2017-08-14T09:34:06.952+0200: 0,230: Total time for which application threads were stopped: 0,0001401 seconds, Stopping threads took: 0,0000140 seconds
2017-08-14T09:34:06.968+0200: 0,246: Total time for which application threads were stopped: 0,0001658 seconds, Stopping threads took: 0,0000891 seconds
2017-08-14T09:34:07.098+0200: 0,376: Total time for which application threads were stopped: 0,0001414 seconds, Stopping threads took: 0,0000169 seconds
2017-08-14T09:34:07.295+0200: 0,573: Total time for which application threads were stopped: 0,0001678 seconds, Stopping threads took: 0,0000124 seconds
2017-08-14T09:34:07.351+0200: 0,629: Total time for which application threads were stopped: 0,0001323 seconds, Stopping threads took: 0,0000122 seconds
2017-08-14T09:34:07.366+0200: 0,644: Total time for which application threads were stopped: 0,0001957 seconds, Stopping threads took: 0,0000240 seconds
2017-08-14T09:34:07.549+0200: 0,827: Total time for which application threads were stopped: 0,0001639 seconds, Stopping threads took: 0,0000143 seconds
2017-08-14T09:34:07.769+0200: 1,047: Total time for which application threads were stopped: 0,0001880 seconds, Stopping threads took: 0,0000120 seconds
2017-08-14T09:34:07.792+0200: 1,070: Total time for which application threads were stopped: 0,0001831 seconds, Stopping threads took: 0,0000361 seconds
2017-08-14T09:34:07.820+0200: 1,098: Total time for which application threads were stopped: 0,0001969 seconds, Stopping threads took: 0,0000264 seconds
2017-08-14T09:34:07.821+0200: 1,099: Total time for which application threads were stopped: 0,0002419 seconds, Stopping threads took: 0,0000231 seconds
2017-08-14T09:34:07.834+0200: 1,113: Total time for which application threads were stopped: 0,0001953 seconds, Stopping threads took: 0,0000183 seconds
2017-08-14T09:34:07.917+0200: 1,195: Total time for which application threads were stopped: 0,0002065 seconds, Stopping threads took: 0,0000182 seconds
2017-08-14T09:34:08.153+0200: 1,431: Total time for which application threads were stopped: 0,0041101 seconds, Stopping threads took: 0,0038504 seconds
{Heap before GC invocations=0 (full 0):
 par new generation   total 109248K, used 87424K [0x00000000e0000000, 0x00000000e8000000, 0x00000000e8000000)
  eden space 87424K, 100% used [0x00000000e0000000, 0x00000000e5560000, 0x00000000e5560000)
  from space 21824K,   0% used [0x00000000e5560000, 0x00000000e5560000, 0x00000000e6ab0000)
  to   space 21824K,   0% used [0x00000000e6ab0000, 0x00000000e6ab0000, 0x00000000e8000000)
 concurrent mark-sweep generation total 393216K, used 0K [0x00000000e8000000, 0x0000000100000000, 0x0000000100000000)
 Metaspace       used 17777K, capacity 18112K, committed 18304K, reserved 1064960K
  class space    used 2020K, capacity 2164K, committed 2176K, reserved 1048576K
2017-08-14T09:34:08.176+0200: 1,454: [GC (Allocation Failure) 2017-08-14T09:34:08.176+0200: 1,454: [ParNew
Desired survivor size 20112992 bytes, new threshold 8 (max 8)
- age   1:   11407432 bytes,   11407432 total
: 87424K->11248K(109248K), 0,0187918 secs] 87424K->11248K(502464K), 0,0188791 secs] [Times: user=0,05 sys=0,00, real=0,02 secs] 
Heap after GC invocations=1 (full 0):
 par new generation   total 109248K, used 11248K [0x00000000e0000000, 0x00000000e8000000, 0x00000000e8000000)
  eden space 87424K,   0% used [0x00000000e0000000, 0x00000000e0000000, 0x00000000e5560000)
  from space 21824K,  51% used [0x00000000e6ab0000, 0x00000000e75ac0e8, 0x00000000e8000000)
  to   space 21824K,   0% used [0x00000000e5560000, 0x00000000e5560000, 0x00000000e6ab0000)
 concurrent mark-sweep generation total 393216K, used 0K [0x00000000e8000000, 0x0000000100000000, 0x0000000100000000)
 Metaspace       used 17777K, capacity 18112K, committed 18304K, reserved 1064960K
  class space    used 2020K, capacity 2164K, committed 2176K, reserved 1048576K
}
2017-08-14T09:34:08.195+0200: 1,473: Total time for which application threads were stopped: 0,0201034 seconds, Stopping threads took: 0,0010504 seconds
2017-08-14T09:34:09.160+0200: 2,438: Total time for which application threads were stopped: 0,0006965 seconds, Stopping threads took: 0,0000724 seconds
{Heap before GC invocations=1 (full 0):
 par new generation   total 109248K, used 98672K [0x00000000e0000000, 0x00000000e8000000, 0x00000000e8000000)
  eden space 87424K, 100% used [0x00000000e0000000, 0x00000000e5560000, 0x00000000e5560000)
  from space 21824K,  51% used [0x00000000e6ab0000, 0x00000000e75ac0e8, 0x00000000e8000000)
  to   space 21824K,   0% used [0x00000000e5560000, 0x00000000e5560000, 0x00000000e6ab0000)
 concurrent mark-sweep generation total 393216K, used 0K [0x00000000e8000000, 0x0000000100000000, 0x0000000100000000)
 Metaspace       used 20043K, capacity 20348K, committed 20736K, reserved 1067008K
  class space    used 2291K, capacity 2464K, committed 2560K, reserved 1048576K
2017-08-14T09:34:09.204+0200: 2,483: [GC (Allocation Failure) 2017-08-14T09:34:09.205+0200: 2,483: [ParNew
Desired survivor size 20112992 bytes, new threshold 8 (max 8)
- age   1:    4413104 bytes,    4413104 total
- age   2:    5948432 bytes,   10361536 total
: 98672K->16028K(109248K), 0,0236388 secs] 98672K->16028K(502464K), 0,0237113 secs] [Times: user=0,05 sys=0,00, real=0,02 secs] 
Heap after GC invocations=2 (full 0):
 par new generation   total 109248K, used 16028K [0x00000000e0000000, 0x00000000e8000000, 0x00000000e8000000)
  eden space 87424K,   0% used [0x00000000e0000000, 0x00000000e0000000, 0x00000000e5560000)
  from space 21824K,  73% used [0x00000000e5560000, 0x00000000e6507250, 0x00000000e6ab0000)
  to   space 21824K,   0% used [0x00000000e6ab0000, 0x00000000e6ab0000, 0x00000000e8000000)
 concurrent mark-sweep generation total 393216K, used 0K [0x00000000e8000000, 0x0000000100000000, 0x0000000100000000)
 Metaspace       used 20043K, capacity 20348K, committed 20736K, reserved 1067008K
  class space    used 2291K, capacity 2464K, committed 2560K, reserved 1048576K
}
2017-08-14T09:34:09.228+0200: 2,506: Total time for which application threads were stopped: 0,0239720 seconds, Stopping threads took: 0,0001072 seconds
2017-08-14T09:34:09.249+0200: 2,527: Total time for which application threads were stopped: 0,0024901 seconds, Stopping threads took: 0,0021809 seconds
2017-08-14T09:34:09.277+0200: 2,555: Total time for which application threads were stopped: 0,0018855 seconds, Stopping threads took: 0,0014539 seconds
2017-08-14T09:34:09.492+0200: 2,770: Total time for which application threads were stopped: 0,0002318 seconds, Stopping threads took: 0,0000653 seconds
{Heap before GC invocations=2 (full 0):
 par new generation   total 109248K, used 103442K [0x00000000e0000000, 0x00000000e8000000, 0x00000000e8000000)
  eden space 87424K,  99% used [0x00000000e0000000, 0x00000000e555d6e8, 0x00000000e5560000)
  from space 21824K,  73% used [0x00000000e5560000, 0x00000000e6507250, 0x00000000e6ab0000)
  to   space 21824K,   0% used [0x00000000e6ab0000, 0x00000000e6ab0000, 0x00000000e8000000)
 concurrent mark-sweep generation total 393216K, used 0K [0x00000000e8000000, 0x0000000100000000, 0x0000000100000000)
 Metaspace       used 20979K, capacity 21270K, committed 21628K, reserved 1069056K
  class space    used 2414K, capacity 2583K, committed 2684K, reserved 1048576K
2017-08-14T09:34:09.538+0200: 2,816: [GC (Allocation Failure) 2017-08-14T09:34:09.538+0200: 2,816: [ParNew
Desired survivor size 20112992 bytes, new threshold 8 (max 8)
- age   1:    2120944 bytes,    2120944 total
- age   2:    1552904 bytes,    3673848 total
- age   3:    5947872 bytes,    9621720 total
: 103442K->11854K(109248K), 0,0194134 secs] 103442K->11854K(502464K), 0,0195036 secs] [Times: user=0,06 sys=0,00, real=0,02 secs] 
Heap after GC invocations=3 (full 0):
 par new generation   total 109248K, used 11854K [0x00000000e0000000, 0x00000000e8000000, 0x00000000e8000000)
  eden space 87424K,   0% used [0x00000000e0000000, 0x00000000e0000000, 0x00000000e5560000)
  from space 21824K,  54% used [0x00000000e6ab0000, 0x00000000e7643888, 0x00000000e8000000)
  to   space 21824K,   0% used [0x00000000e5560000, 0x00000000e5560000, 0x00000000e6ab0000)
 concurrent mark-sweep generation total 393216K, used 0K [0x00000000e8000000, 0x0000000100000000, 0x0000000100000000)
 Metaspace       used 20979K, capacity 21270K, committed 21628K, reserved 1069056K
  class space    used 2414K, capacity 2583K, committed 2684K, reserved 1048576K
}
2017-08-14T09:34:09.558+0200: 2,836: Total time for which application threads were stopped: 0,0196983 seconds, Stopping threads took: 0,0000512 seconds
2017-08-14T09:34:09.558+0200: 2,836: [GC (CMS Initial Mark) [1 CMS-initial-mark: 0K(393216K)] 11870K(502464K), 0,0066839 secs] [Times: user=0,02 sys=0,00, real=0,01 secs] 
2017-08-14T09:34:09.565+0200: 2,843: Total time for which application threads were stopped: 0,0068355 seconds, Stopping threads took: 0,0000472 seconds
2017-08-14T09:34:09.565+0200: 2,843: [CMS-concurrent-mark-start]
2017-08-14T09:34:09.565+0200: 2,843: [CMS-concurrent-mark: 0,000/0,000 secs] [Times: user=0,00 sys=0,00, real=0,00 secs] 
2017-08-14T09:34:09.565+0200: 2,843: [CMS-concurrent-preclean-start]
2017-08-14T09:34:09.568+0200: 2,846: [CMS-concurrent-preclean: 0,002/0,002 secs] [Times: user=0,01 sys=0,00, real=0,00 secs] 
2017-08-14T09:34:09.568+0200: 2,846: [CMS-concurrent-abortable-preclean-start]
2017-08-14T09:34:09.679+0200: 2,957: Total time for which application threads were stopped: 0,0001694 seconds, Stopping threads took: 0,0000802 seconds
{Heap before GC invocations=3 (full 1):
 par new generation   total 109248K, used 99278K [0x00000000e0000000, 0x00000000e8000000, 0x00000000e8000000)
  eden space 87424K, 100% used [0x00000000e0000000, 0x00000000e5560000, 0x00000000e5560000)
  from space 21824K,  54% used [0x00000000e6ab0000, 0x00000000e7643888, 0x00000000e8000000)
  to   space 21824K,   0% used [0x00000000e5560000, 0x00000000e5560000, 0x00000000e6ab0000)
 concurrent mark-sweep generation total 393216K, used 0K [0x00000000e8000000, 0x0000000100000000, 0x0000000100000000)
 Metaspace       used 21253K, capacity 21607K, committed 21884K, reserved 1069056K
  class space    used 2442K, capacity 2598K, committed 2684K, reserved 1048576K
2017-08-14T09:34:09.740+0200: 3,018: [GC (Allocation Failure) 2017-08-14T09:34:09.740+0200: 3,018: [ParNew
Desired survivor size 20112992 bytes, new threshold 8 (max 8)
- age   1:    1462616 bytes,    1462616 total
- age   2:    1488800 bytes,    2951416 total
- age   3:    1547184 bytes,    4498600 total
- age   4:    5947736 bytes,   10446336 total
: 99278K->16249K(109248K), 0,0124709 secs] 99278K->16249K(502464K), 0,0125393 secs] [Times: user=0,04 sys=0,00, real=0,01 secs] 
Heap after GC invocations=4 (full 1):
 par new generation   total 109248K, used 16249K [0x00000000e0000000, 0x00000000e8000000, 0x00000000e8000000)
  eden space 87424K,   0% used [0x00000000e0000000, 0x00000000e0000000, 0x00000000e5560000)
  from space 21824K,  74% used [0x00000000e5560000, 0x00000000e653e580, 0x00000000e6ab0000)
  to   space 21824K,   0% used [0x00000000e6ab0000, 0x00000000e6ab0000, 0x00000000e8000000)
 concurrent mark-sweep generation total 393216K, used 0K [0x00000000e8000000, 0x0000000100000000, 0x0000000100000000)
 Metaspace       used 21253K, capacity 21607K, committed 21884K, reserved 1069056K
  class space    used 2442K, capacity 2598K, committed 2684K, reserved 1048576K
}
2017-08-14T09:34:09.753+0200: 3,031: Total time for which application threads were stopped: 0,0128348 seconds, Stopping threads took: 0,0001540 seconds
2017-08-14T09:34:09.753+0200: 3,031: [CMS-concurrent-abortable-preclean: 0,113/0,185 secs] [Times: user=0,65 sys=0,00, real=0,18 secs] 
2017-08-14T09:34:09.757+0200: 3,036: [GC (CMS Final Remark) [YG occupancy: 17591 K (109248 K)]{Heap before GC invocations=4 (full 1):
 par new generation   total 109248K, used 17591K [0x00000000e0000000, 0x00000000e8000000, 0x00000000e8000000)
  eden space 87424K,   1% used [0x00000000e0000000, 0x00000000e014fa48, 0x00000000e5560000)
  from space 21824K,  74% used [0x00000000e5560000, 0x00000000e653e580, 0x00000000e6ab0000)
  to   space 21824K,   0% used [0x00000000e6ab0000, 0x00000000e6ab0000, 0x00000000e8000000)
 concurrent mark-sweep generation total 393216K, used 0K [0x00000000e8000000, 0x0000000100000000, 0x0000000100000000)
 Metaspace       used 21253K, capacity 21607K, committed 21884K, reserved 1069056K
  class space    used 2442K, capacity 2598K, committed 2684K, reserved 1048576K
2017-08-14T09:34:09.758+0200: 3,036: [GC (CMS Final Remark) 2017-08-14T09:34:09.758+0200: 3,036: [ParNew
Desired survivor size 20112992 bytes, new threshold 8 (max 8)
- age   1:     282688 bytes,     282688 total
- age   2:    1302784 bytes,    1585472 total
- age   3:    1488800 bytes,    3074272 total
- age   4:    1547184 bytes,    4621456 total
- age   5:    5948280 bytes,   10569736 total
: 17591K->12599K(109248K), 0,0162436 secs] 17591K->12599K(502464K), 0,0163122 secs] [Times: user=0,05 sys=0,00, real=0,02 secs] 
Heap after GC invocations=5 (full 1):
 par new generation   total 109248K, used 12599K [0x00000000e0000000, 0x00000000e8000000, 0x00000000e8000000)
  eden space 87424K,   0% used [0x00000000e0000000, 0x00000000e0000000, 0x00000000e5560000)
  from space 21824K,  57% used [0x00000000e6ab0000, 0x00000000e76fdcd8, 0x00000000e8000000)
  to   space 21824K,   0% used [0x00000000e5560000, 0x00000000e5560000, 0x00000000e6ab0000)
 concurrent mark-sweep generation total 393216K, used 0K [0x00000000e8000000, 0x0000000100000000, 0x0000000100000000)
 Metaspace       used 21253K, capacity 21607K, committed 21884K, reserved 1069056K
  class space    used 2442K, capacity 2598K, committed 2684K, reserved 1048576K
}
2017-08-14T09:34:09.774+0200: 3,052: [Rescan (parallel) , 0,0070764 secs]2017-08-14T09:34:09.781+0200: 3,059: [weak refs processing, 0,0005546 secs]2017-08-14T09:34:09.782+0200: 3,060: [class unloading, 0,0046805 secs]2017-08-14T09:34:09.786+0200: 3,064: [scrub symbol table, 0,0032270 secs]2017-08-14T09:34:09.790+0200: 3,068: [scrub string table, 0,0003569 secs][1 CMS-remark: 0K(393216K)] 12599K(502464K), 0,0330619 secs] [Times: user=0,08 sys=0,01, real=0,03 secs] 
2017-08-14T09:34:09.791+0200: 3,069: Total time for which application threads were stopped: 0,0372989 seconds, Stopping threads took: 0,0040109 seconds
2017-08-14T09:34:09.791+0200: 3,069: [CMS-concurrent-sweep-start]
2017-08-14T09:34:09.791+0200: 3,069: [CMS-concurrent-sweep: 0,000/0,000 secs] [Times: user=0,00 sys=0,00, real=0,00 secs] 
2017-08-14T09:34:09.791+0200: 3,069: [CMS-concurrent-reset-start]
2017-08-14T09:34:09.793+0200: 3,071: [CMS-concurrent-reset: 0,003/0,003 secs] [Times: user=0,01 sys=0,00, real=0,01 secs] 
{Heap before GC invocations=5 (full 1):
 par new generation   total 109248K, used 100023K [0x00000000e0000000, 0x00000000e8000000, 0x00000000e8000000)
  eden space 87424K, 100% used [0x00000000e0000000, 0x00000000e5560000, 0x00000000e5560000)
  from space 21824K,  57% used [0x00000000e6ab0000, 0x00000000e76fdcd8, 0x00000000e8000000)
  to   space 21824K,   0% used [0x00000000e5560000, 0x00000000e5560000, 0x00000000e6ab0000)
 concurrent mark-sweep generation total 393216K, used 0K [0x00000000e8000000, 0x0000000100000000, 0x0000000100000000)
 Metaspace       used 21372K, capacity 21773K, committed 21884K, reserved 1069056K
  class space    used 2462K, capacity 2631K, committed 2684K, reserved 1048576K
2017-08-14T09:34:09.919+0200: 3,197: [GC (Allocation Failure) 2017-08-14T09:34:09.919+0200: 3,197: [ParNew
Desired survivor size 20112992 bytes, new threshold 8 (max 8)
- age   1:     512464 bytes,     512464 total
- age   3:     173368 bytes,     685832 total
- age   4:    1488568 bytes,    2174400 total
- age   5:    1545136 bytes,    3719536 total
- age   6:    5947720 bytes,    9667256 total
: 100023K->13329K(109248K), 0,0112785 secs] 100023K->13329K(502464K), 0,0113446 secs] [Times: user=0,04 sys=0,00, real=0,01 secs] 
Heap after GC invocations=6 (full 1):
 par new generation   total 109248K, used 13329K [0x00000000e0000000, 0x00000000e8000000, 0x00000000e8000000)
  eden space 87424K,   0% used [0x00000000e0000000, 0x00000000e0000000, 0x00000000e5560000)
  from space 21824K,  61% used [0x00000000e5560000, 0x00000000e6264700, 0x00000000e6ab0000)
  to   space 21824K,   0% used [0x00000000e6ab0000, 0x00000000e6ab0000, 0x00000000e8000000)
 concurrent mark-sweep generation total 393216K, used 0K [0x00000000e8000000, 0x0000000100000000, 0x0000000100000000)
 Metaspace       used 21372K, capacity 21773K, committed 21884K, reserved 1069056K
  class space    used 2462K, capacity 2631K, committed 2684K, reserved 1048576K
}
2017-08-14T09:34:09.930+0200: 3,208: Total time for which application threads were stopped: 0,0131769 seconds, Stopping threads took: 0,0017071 seconds
2017-08-14T09:34:09.966+0200: 3,244: Total time for which application threads were stopped: 0,0003322 seconds, Stopping threads took: 0,0000387 seconds
2017-08-14T09:34:10.219+0200: 3,498: Total time for which application threads were stopped: 0,0005606 seconds, Stopping threads took: 0,0000212 seconds
2017-08-14T09:34:10.236+0200: 3,514: Total time for which application threads were stopped: 0,0003858 seconds, Stopping threads took: 0,0000273 seconds
{Heap before GC invocations=6 (full 1):
 par new generation   total 109248K, used 100753K [0x00000000e0000000, 0x00000000e8000000, 0x00000000e8000000)
  eden space 87424K, 100% used [0x00000000e0000000, 0x00000000e5560000, 0x00000000e5560000)
  from space 21824K,  61% used [0x00000000e5560000, 0x00000000e6264700, 0x00000000e6ab0000)
  to   space 21824K,   0% used [0x00000000e6ab0000, 0x00000000e6ab0000, 0x00000000e8000000)
 concurrent mark-sweep generation total 393216K, used 0K [0x00000000e8000000, 0x0000000100000000, 0x0000000100000000)
 Metaspace       used 23853K, capacity 24273K, committed 24572K, reserved 1071104K
  class space    used 2803K, capacity 2973K, committed 3068K, reserved 1048576K
2017-08-14T09:34:10.390+0200: 3,668: [GC (Allocation Failure) 2017-08-14T09:34:10.390+0200: 3,668: [ParNew
Desired survivor size 20112992 bytes, new threshold 8 (max 8)
- age   1:    5186960 bytes,    5186960 total
- age   2:     119072 bytes,    5306032 total
- age   4:     171896 bytes,    5477928 total
- age   5:     318904 bytes,    5796832 total
- age   6:    1520768 bytes,    7317600 total
- age   7:    5939568 bytes,   13257168 total
: 100753K->15845K(109248K), 0,0117450 secs] 100753K->15845K(502464K), 0,0118070 secs] [Times: user=0,04 sys=0,00, real=0,02 secs] 
Heap after GC invocations=7 (full 1):
 par new generation   total 109248K, used 15845K [0x00000000e0000000, 0x00000000e8000000, 0x00000000e8000000)
  eden space 87424K,   0% used [0x00000000e0000000, 0x00000000e0000000, 0x00000000e5560000)
  from space 21824K,  72% used [0x00000000e6ab0000, 0x00000000e7a294a0, 0x00000000e8000000)
  to   space 21824K,   0% used [0x00000000e5560000, 0x00000000e5560000, 0x00000000e6ab0000)
 concurrent mark-sweep generation total 393216K, used 0K [0x00000000e8000000, 0x0000000100000000, 0x0000000100000000)
 Metaspace       used 23853K, capacity 24273K, committed 24572K, reserved 1071104K
  class space    used 2803K, capacity 2973K, committed 3068K, reserved 1048576K
}
2017-08-14T09:34:10.402+0200: 3,680: Total time for which application threads were stopped: 0,0121522 seconds, Stopping threads took: 0,0001396 seconds
{Heap before GC invocations=7 (full 1):
 par new generation   total 109248K, used 103262K [0x00000000e0000000, 0x00000000e8000000, 0x00000000e8000000)
  eden space 87424K,  99% used [0x00000000e0000000, 0x00000000e555e640, 0x00000000e5560000)
  from space 21824K,  72% used [0x00000000e6ab0000, 0x00000000e7a294a0, 0x00000000e8000000)
  to   space 21824K,   0% used [0x00000000e5560000, 0x00000000e5560000, 0x00000000e6ab0000)
 concurrent mark-sweep generation total 393216K, used 0K [0x00000000e8000000, 0x0000000100000000, 0x0000000100000000)
 Metaspace       used 24407K, capacity 24855K, committed 25084K, reserved 1071104K
  class space    used 2856K, capacity 3038K, committed 3068K, reserved 1048576K
2017-08-14T09:34:10.510+0200: 3,789: [GC (Allocation Failure) 2017-08-14T09:34:10.511+0200: 3,789: [ParNew
Desired survivor size 20112992 bytes, new threshold 8 (max 8)
- age   1:    1901776 bytes,    1901776 total
- age   2:    1781384 bytes,    3683160 total
- age   3:      68088 bytes,    3751248 total
- age   5:      95152 bytes,    3846400 total
- age   6:     202896 bytes,    4049296 total
- age   7:    1063128 bytes,    5112424 total
- age   8:    5843408 bytes,   10955832 total
: 103262K->13937K(109248K), 0,0173343 secs] 103262K->13937K(502464K), 0,0174525 secs] [Times: user=0,06 sys=0,00, real=0,02 secs] 
Heap after GC invocations=8 (full 1):
 par new generation   total 109248K, used 13937K [0x00000000e0000000, 0x00000000e8000000, 0x00000000e8000000)
  eden space 87424K,   0% used [0x00000000e0000000, 0x00000000e0000000, 0x00000000e5560000)
  from space 21824K,  63% used [0x00000000e5560000, 0x00000000e62fc768, 0x00000000e6ab0000)
  to   space 21824K,   0% used [0x00000000e6ab0000, 0x00000000e6ab0000, 0x00000000e8000000)
 concurrent mark-sweep generation total 393216K, used 0K [0x00000000e8000000, 0x0000000100000000, 0x0000000100000000)
 Metaspace       used 24407K, capacity 24855K, committed 25084K, reserved 1071104K
  class space    used 2856K, capacity 3038K, committed 3068K, reserved 1048576K
}
2017-08-14T09:34:10.528+0200: 3,806: Total time for which application threads were stopped: 0,0182137 seconds, Stopping threads took: 0,0006078 seconds
{Heap before GC invocations=8 (full 1):
 par new generation   total 109248K, used 101361K [0x00000000e0000000, 0x00000000e8000000, 0x00000000e8000000)
  eden space 87424K, 100% used [0x00000000e0000000, 0x00000000e5560000, 0x00000000e5560000)
  from space 21824K,  63% used [0x00000000e5560000, 0x00000000e62fc768, 0x00000000e6ab0000)
  to   space 21824K,   0% used [0x00000000e6ab0000, 0x00000000e6ab0000, 0x00000000e8000000)
 concurrent mark-sweep generation total 393216K, used 0K [0x00000000e8000000, 0x0000000100000000, 0x0000000100000000)
 Metaspace       used 24771K, capacity 25233K, committed 25468K, reserved 1071104K
  class space    used 2890K, capacity 3075K, committed 3196K, reserved 1048576K
2017-08-14T09:34:10.647+0200: 3,925: [GC (Allocation Failure) 2017-08-14T09:34:10.647+0200: 3,925: [ParNew
Desired survivor size 20112992 bytes, new threshold 8 (max 8)
- age   1:     895064 bytes,     895064 total
- age   2:     622312 bytes,    1517376 total
- age   3:    1757912 bytes,    3275288 total
- age   4:      68088 bytes,    3343376 total
- age   6:      94952 bytes,    3438328 total
- age   7:     200128 bytes,    3638456 total
- age   8:    1062360 bytes,    4700816 total
: 101361K->8499K(109248K), 0,0396637 secs] 101361K->14288K(502464K), 0,0397386 secs] [Times: user=0,10 sys=0,01, real=0,04 secs] 
Heap after GC invocations=9 (full 1):
 par new generation   total 109248K, used 8499K [0x00000000e0000000, 0x00000000e8000000, 0x00000000e8000000)
  eden space 87424K,   0% used [0x00000000e0000000, 0x00000000e0000000, 0x00000000e5560000)
  from space 21824K,  38% used [0x00000000e6ab0000, 0x00000000e72fce98, 0x00000000e8000000)
  to   space 21824K,   0% used [0x00000000e5560000, 0x00000000e5560000, 0x00000000e6ab0000)
 concurrent mark-sweep generation total 393216K, used 5788K [0x00000000e8000000, 0x0000000100000000, 0x0000000100000000)
 Metaspace       used 24771K, capacity 25233K, committed 25468K, reserved 1071104K
  class space    used 2890K, capacity 3075K, committed 3196K, reserved 1048576K
}
2017-08-14T09:34:10.687+0200: 3,965: Total time for which application threads were stopped: 0,0459778 seconds, Stopping threads took: 0,0060625 seconds
2017-08-14T09:34:10.782+0200: 4,060: Total time for which application threads were stopped: 0,0044320 seconds, Stopping threads took: 0,0040098 seconds
2017-08-14T09:34:10.796+0200: 4,075: Total time for which application threads were stopped: 0,0001991 seconds, Stopping threads took: 0,0001119 seconds
2017-08-14T09:34:10.797+0200: 4,075: Total time for which application threads were stopped: 0,0001221 seconds, Stopping threads took: 0,0000754 seconds
2017-08-14T09:34:10.801+0200: 4,079: Total time for which application threads were stopped: 0,0001655 seconds, Stopping threads took: 0,0000860 seconds
2017-08-14T09:34:10.801+0200: 4,079: Total time for which application threads were stopped: 0,0001320 seconds, Stopping threads took: 0,0000600 seconds
2017-08-14T09:34:10.809+0200: 4,087: Total time for which application threads were stopped: 0,0040226 seconds, Stopping threads took: 0,0039443 seconds
2017-08-14T09:34:10.810+0200: 4,088: Total time for which application threads were stopped: 0,0000799 seconds, Stopping threads took: 0,0000294 seconds
2017-08-14T09:34:10.810+0200: 4,088: Total time for which application threads were stopped: 0,0000788 seconds, Stopping threads took: 0,0000244 seconds
2017-08-14T09:34:10.810+0200: 4,088: Total time for which application threads were stopped: 0,0000670 seconds, Stopping threads took: 0,0000241 seconds
2017-08-14T09:34:10.810+0200: 4,088: Total time for which application threads were stopped: 0,0000669 seconds, Stopping threads took: 0,0000200 seconds
2017-08-14T09:34:10.810+0200: 4,088: Total time for which application threads were stopped: 0,0000816 seconds, Stopping threads took: 0,0000247 seconds
2017-08-14T09:34:10.810+0200: 4,088: Total time for which application threads were stopped: 0,0000613 seconds, Stopping threads took: 0,0000137 seconds
2017-08-14T09:34:10.810+0200: 4,089: Total time for which application threads were stopped: 0,0000484 seconds, Stopping threads took: 0,0000090 seconds
2017-08-14T09:34:10.811+0200: 4,089: Total time for which application threads were stopped: 0,0000559 seconds, Stopping threads took: 0,0000091 seconds
2017-08-14T09:34:10.811+0200: 4,089: Total time for which application threads were stopped: 0,0000641 seconds, Stopping threads took: 0,0000265 seconds
2017-08-14T09:34:10.811+0200: 4,089: Total time for which application threads were stopped: 0,0000549 seconds, Stopping threads took: 0,0000122 seconds
2017-08-14T09:34:10.811+0200: 4,089: Total time for which application threads were stopped: 0,0000736 seconds, Stopping threads took: 0,0000255 seconds
2017-08-14T09:34:10.811+0200: 4,089: Total time for which application threads were stopped: 0,0000865 seconds, Stopping threads took: 0,0000251 seconds
2017-08-14T09:34:10.811+0200: 4,089: Total time for which application threads were stopped: 0,0000851 seconds, Stopping threads took: 0,0000196 seconds
2017-08-14T09:34:10.811+0200: 4,090: Total time for which application threads were stopped: 0,0000668 seconds, Stopping threads took: 0,0000084 seconds
2017-08-14T09:34:10.812+0200: 4,090: Total time for which application threads were stopped: 0,0000684 seconds, Stopping threads took: 0,0000081 seconds
2017-08-14T09:34:10.814+0200: 4,092: Total time for which application threads were stopped: 0,0002268 seconds, Stopping threads took: 0,0000418 seconds
2017-08-14T09:34:10.815+0200: 4,093: Total time for which application threads were stopped: 0,0001198 seconds, Stopping threads took: 0,0000528 seconds
2017-08-14T09:34:10.815+0200: 4,093: Total time for which application threads were stopped: 0,0000647 seconds, Stopping threads took: 0,0000155 seconds
2017-08-14T09:34:10.815+0200: 4,093: Total time for which application threads were stopped: 0,0000718 seconds, Stopping threads took: 0,0000241 seconds
2017-08-14T09:34:10.815+0200: 4,093: Total time for which application threads were stopped: 0,0000609 seconds, Stopping threads took: 0,0000215 seconds
2017-08-14T09:34:10.815+0200: 4,093: Total time for which application threads were stopped: 0,0000602 seconds, Stopping threads took: 0,0000249 seconds
2017-08-14T09:34:10.816+0200: 4,094: Total time for which application threads were stopped: 0,0000776 seconds, Stopping threads took: 0,0000167 seconds
2017-08-14T09:34:10.818+0200: 4,096: Total time for which application threads were stopped: 0,0001604 seconds, Stopping threads took: 0,0000442 seconds
2017-08-14T09:34:10.818+0200: 4,096: Total time for which application threads were stopped: 0,0001266 seconds, Stopping threads took: 0,0000433 seconds
2017-08-14T09:34:10.818+0200: 4,097: Total time for which application threads were stopped: 0,0000755 seconds, Stopping threads took: 0,0000108 seconds
2017-08-14T09:34:10.819+0200: 4,097: Total time for which application threads were stopped: 0,0000741 seconds, Stopping threads took: 0,0000099 seconds
2017-08-14T09:34:10.819+0200: 4,097: Total time for which application threads were stopped: 0,0000851 seconds, Stopping threads took: 0,0000151 seconds
2017-08-14T09:34:10.819+0200: 4,097: Total time for which application threads were stopped: 0,0000832 seconds, Stopping threads took: 0,0000179 seconds
2017-08-14T09:34:10.820+0200: 4,098: Total time for which application threads were stopped: 0,0001029 seconds, Stopping threads took: 0,0000346 seconds
2017-08-14T09:34:10.820+0200: 4,098: Total time for which application threads were stopped: 0,0000866 seconds, Stopping threads took: 0,0000223 seconds
2017-08-14T09:34:10.820+0200: 4,098: Total time for which application threads were stopped: 0,0000776 seconds, Stopping threads took: 0,0000183 seconds
2017-08-14T09:34:10.820+0200: 4,098: Total time for which application threads were stopped: 0,0001099 seconds, Stopping threads took: 0,0000401 seconds
2017-08-14T09:34:10.820+0200: 4,098: Total time for which application threads were stopped: 0,0000842 seconds, Stopping threads took: 0,0000237 seconds
2017-08-14T09:34:10.821+0200: 4,099: Total time for which application threads were stopped: 0,0000870 seconds, Stopping threads took: 0,0000244 seconds
2017-08-14T09:34:10.821+0200: 4,099: Total time for which application threads were stopped: 0,0000744 seconds, Stopping threads took: 0,0000181 seconds
2017-08-14T09:34:10.821+0200: 4,099: Total time for which application threads were stopped: 0,0001382 seconds, Stopping threads took: 0,0000186 seconds
2017-08-14T09:34:10.825+0200: 4,103: Total time for which application threads were stopped: 0,0001453 seconds, Stopping threads took: 0,0000465 seconds
2017-08-14T09:34:10.832+0200: 4,110: Total time for which application threads were stopped: 0,0001489 seconds, Stopping threads took: 0,0000439 seconds
2017-08-14T09:34:10.834+0200: 4,112: Total time for which application threads were stopped: 0,0001513 seconds, Stopping threads took: 0,0000567 seconds
2017-08-14T09:34:10.836+0200: 4,115: Total time for which application threads were stopped: 0,0001350 seconds, Stopping threads took: 0,0000377 seconds
2017-08-14T09:34:10.837+0200: 4,115: Total time for which application threads were stopped: 0,0000795 seconds, Stopping threads took: 0,0000128 seconds
2017-08-14T09:34:10.837+0200: 4,115: Total time for which application threads were stopped: 0,0000737 seconds, Stopping threads took: 0,0000109 seconds
2017-08-14T09:34:10.837+0200: 4,115: Total time for which application threads were stopped: 0,0000997 seconds, Stopping threads took: 0,0000090 seconds
2017-08-14T09:34:10.837+0200: 4,115: Total time for which application threads were stopped: 0,0000637 seconds, Stopping threads took: 0,0000113 seconds
2017-08-14T09:34:10.846+0200: 4,124: Total time for which application threads were stopped: 0,0001568 seconds, Stopping threads took: 0,0000584 seconds
2017-08-14T09:34:10.849+0200: 4,127: Total time for which application threads were stopped: 0,0022751 seconds, Stopping threads took: 0,0021753 seconds
2017-08-14T09:34:10.852+0200: 4,131: Total time for which application threads were stopped: 0,0002379 seconds, Stopping threads took: 0,0001616 seconds
2017-08-14T09:34:10.853+0200: 4,131: Total time for which application threads were stopped: 0,0001205 seconds, Stopping threads took: 0,0000625 seconds
2017-08-14T09:34:10.855+0200: 4,133: Total time for which application threads were stopped: 0,0001257 seconds, Stopping threads took: 0,0000320 seconds
2017-08-14T09:34:10.856+0200: 4,134: Total time for which application threads were stopped: 0,0001490 seconds, Stopping threads took: 0,0000476 seconds
2017-08-14T09:34:10.856+0200: 4,134: Total time for which application threads were stopped: 0,0001197 seconds, Stopping threads took: 0,0000439 seconds
2017-08-14T09:34:10.856+0200: 4,134: Total time for which application threads were stopped: 0,0000926 seconds, Stopping threads took: 0,0000228 seconds
2017-08-14T09:34:10.856+0200: 4,135: Total time for which application threads were stopped: 0,0000791 seconds, Stopping threads took: 0,0000217 seconds
2017-08-14T09:34:10.858+0200: 4,136: Total time for which application threads were stopped: 0,0001248 seconds, Stopping threads took: 0,0000247 seconds
2017-08-14T09:34:10.865+0200: 4,143: Total time for which application threads were stopped: 0,0012237 seconds, Stopping threads took: 0,0011248 seconds
2017-08-14T09:34:10.867+0200: 4,146: Total time for which application threads were stopped: 0,0002309 seconds, Stopping threads took: 0,0000539 seconds
2017-08-14T09:34:10.869+0200: 4,147: Total time for which application threads were stopped: 0,0014391 seconds, Stopping threads took: 0,0013526 seconds
2017-08-14T09:34:10.869+0200: 4,147: Total time for which application threads were stopped: 0,0000933 seconds, Stopping threads took: 0,0000239 seconds
2017-08-14T09:34:10.869+0200: 4,148: Total time for which application threads were stopped: 0,0000919 seconds, Stopping threads took: 0,0000236 seconds
2017-08-14T09:34:10.888+0200: 4,166: Total time for which application threads were stopped: 0,0001330 seconds, Stopping threads took: 0,0000251 seconds
2017-08-14T09:34:10.893+0200: 4,171: Total time for which application threads were stopped: 0,0032799 seconds, Stopping threads took: 0,0032184 seconds
2017-08-14T09:34:10.899+0200: 4,177: Total time for which application threads were stopped: 0,0001686 seconds, Stopping threads took: 0,0000442 seconds
2017-08-14T09:34:10.905+0200: 4,183: Total time for which application threads were stopped: 0,0008502 seconds, Stopping threads took: 0,0007808 seconds
2017-08-14T09:34:10.905+0200: 4,184: Total time for which application threads were stopped: 0,0000891 seconds, Stopping threads took: 0,0000357 seconds
2017-08-14T09:34:10.908+0200: 4,187: Total time for which application threads were stopped: 0,0001114 seconds, Stopping threads took: 0,0000372 seconds
2017-08-14T09:34:10.909+0200: 4,187: Total time for which application threads were stopped: 0,0001020 seconds, Stopping threads took: 0,0000262 seconds
2017-08-14T09:34:10.933+0200: 4,211: Total time for which application threads were stopped: 0,0002100 seconds, Stopping threads took: 0,0001392 seconds
2017-08-14T09:34:10.941+0200: 4,219: Total time for which application threads were stopped: 0,0000920 seconds, Stopping threads took: 0,0000366 seconds
2017-08-14T09:34:10.942+0200: 4,220: Total time for which application threads were stopped: 0,0001318 seconds, Stopping threads took: 0,0000317 seconds
2017-08-14T09:34:10.950+0200: 4,228: Total time for which application threads were stopped: 0,0001239 seconds, Stopping threads took: 0,0000327 seconds
2017-08-14T09:34:10.993+0200: 4,271: Total time for which application threads were stopped: 0,0004192 seconds, Stopping threads took: 0,0000295 seconds
2017-08-14T09:34:11.008+0200: 4,286: Total time for which application threads were stopped: 0,0015561 seconds, Stopping threads took: 0,0010864 seconds
2017-08-14T09:34:11.058+0200: 4,336: Total time for which application threads were stopped: 0,0003958 seconds, Stopping threads took: 0,0000367 seconds
2017-08-14T09:34:11.077+0200: 4,355: Total time for which application threads were stopped: 0,0001867 seconds, Stopping threads took: 0,0000907 seconds
2017-08-14T09:34:11.077+0200: 4,356: Total time for which application threads were stopped: 0,0000950 seconds, Stopping threads took: 0,0000447 seconds
2017-08-14T09:34:11.088+0200: 4,366: Total time for which application threads were stopped: 0,0001156 seconds, Stopping threads took: 0,0000253 seconds
2017-08-14T09:34:11.091+0200: 4,369: Total time for which application threads were stopped: 0,0001004 seconds, Stopping threads took: 0,0000314 seconds
2017-08-14T09:34:11.094+0200: 4,372: Total time for which application threads were stopped: 0,0001196 seconds, Stopping threads took: 0,0000421 seconds
2017-08-14T09:34:11.096+0200: 4,374: Total time for which application threads were stopped: 0,0001373 seconds, Stopping threads took: 0,0000550 seconds
2017-08-14T09:34:11.100+0200: 4,378: Total time for which application threads were stopped: 0,0001342 seconds, Stopping threads took: 0,0000468 seconds
2017-08-14T09:34:11.103+0200: 4,381: Total time for which application threads were stopped: 0,0001123 seconds, Stopping threads took: 0,0000244 seconds
2017-08-14T09:34:11.112+0200: 4,390: Total time for which application threads were stopped: 0,0001056 seconds, Stopping threads took: 0,0000323 seconds
2017-08-14T09:34:11.117+0200: 4,395: Total time for which application threads were stopped: 0,0001244 seconds, Stopping threads took: 0,0000294 seconds
2017-08-14T09:34:11.118+0200: 4,396: Total time for which application threads were stopped: 0,0000813 seconds, Stopping threads took: 0,0000176 seconds
2017-08-14T09:34:11.122+0200: 4,400: Total time for which application threads were stopped: 0,0001439 seconds, Stopping threads took: 0,0000666 seconds
2017-08-14T09:34:11.134+0200: 4,412: Total time for which application threads were stopped: 0,0003719 seconds, Stopping threads took: 0,0002977 seconds
2017-08-14T09:34:11.134+0200: 4,412: Total time for which application threads were stopped: 0,0000898 seconds, Stopping threads took: 0,0000281 seconds
2017-08-14T09:34:11.150+0200: 4,428: Total time for which application threads were stopped: 0,0001661 seconds, Stopping threads took: 0,0000688 seconds
2017-08-14T09:34:11.154+0200: 4,432: Total time for which application threads were stopped: 0,0002245 seconds, Stopping threads took: 0,0001616 seconds
2017-08-14T09:34:11.155+0200: 4,433: Total time for which application threads were stopped: 0,0001101 seconds, Stopping threads took: 0,0000360 seconds
2017-08-14T09:34:11.159+0200: 4,437: Total time for which application threads were stopped: 0,0001720 seconds, Stopping threads took: 0,0000431 seconds
2017-08-14T09:34:11.170+0200: 4,448: Total time for which application threads were stopped: 0,0004002 seconds, Stopping threads took: 0,0000622 seconds
2017-08-14T09:34:11.171+0200: 4,449: Total time for which application threads were stopped: 0,0001139 seconds, Stopping threads took: 0,0000368 seconds
2017-08-14T09:34:11.173+0200: 4,451: Total time for which application threads were stopped: 0,0023049 seconds, Stopping threads took: 0,0022293 seconds
{Heap before GC invocations=9 (full 1):
 par new generation   total 109248K, used 95917K [0x00000000e0000000, 0x00000000e8000000, 0x00000000e8000000)
  eden space 87424K,  99% used [0x00000000e0000000, 0x00000000e555e7a0, 0x00000000e5560000)
  from space 21824K,  38% used [0x00000000e6ab0000, 0x00000000e72fce98, 0x00000000e8000000)
  to   space 21824K,   0% used [0x00000000e5560000, 0x00000000e5560000, 0x00000000e6ab0000)
 concurrent mark-sweep generation total 393216K, used 5788K [0x00000000e8000000, 0x0000000100000000, 0x0000000100000000)
 Metaspace       used 27864K, capacity 28377K, committed 28540K, reserved 1075200K
  class space    used 3190K, capacity 3351K, committed 3452K, reserved 1048576K
2017-08-14T09:34:11.190+0200: 4,468: [GC (Allocation Failure) 2017-08-14T09:34:11.190+0200: 4,468: [ParNew
Desired survivor size 20112992 bytes, new threshold 8 (max 8)
- age   1:   10835512 bytes,   10835512 total
- age   2:     303488 bytes,   11139000 total
- age   3:     231768 bytes,   11370768 total
- age   4:    1751688 bytes,   13122456 total
- age   5:      68088 bytes,   13190544 total
- age   7:      92280 bytes,   13282824 total
- age   8:     199472 bytes,   13482296 total
: 95917K->14211K(109248K), 0,0160172 secs] 101706K->21152K(502464K), 0,0160802 secs] [Times: user=0,05 sys=0,00, real=0,02 secs] 
Heap after GC invocations=10 (full 1):
 par new generation   total 109248K, used 14211K [0x00000000e0000000, 0x00000000e8000000, 0x00000000e8000000)
  eden space 87424K,   0% used [0x00000000e0000000, 0x00000000e0000000, 0x00000000e5560000)
  from space 21824K,  65% used [0x00000000e5560000, 0x00000000e6340c00, 0x00000000e6ab0000)
  to   space 21824K,   0% used [0x00000000e6ab0000, 0x00000000e6ab0000, 0x00000000e8000000)
 concurrent mark-sweep generation total 393216K, used 6941K [0x00000000e8000000, 0x0000000100000000, 0x0000000100000000)
 Metaspace       used 27864K, capacity 28377K, committed 28540K, reserved 1075200K
  class space    used 3190K, capacity 3351K, committed 3452K, reserved 1048576K
}
2017-08-14T09:34:11.206+0200: 4,484: Total time for which application threads were stopped: 0,0162851 seconds, Stopping threads took: 0,0000253 seconds
2017-08-14T09:34:11.206+0200: 4,484: Total time for which application threads were stopped: 0,0001068 seconds, Stopping threads took: 0,0000428 seconds
2017-08-14T09:34:11.206+0200: 4,485: Total time for which application threads were stopped: 0,0000881 seconds, Stopping threads took: 0,0000280 seconds
2017-08-14T09:34:12.207+0200: 5,485: Total time for which application threads were stopped: 0,0000655 seconds, Stopping threads took: 0,0000172 seconds
2017-08-14T09:36:03.218+0200: 116,496: Total time for which application threads were stopped: 0,0001047 seconds, Stopping threads took: 0,0000413 seconds
2017-08-14T09:36:08.219+0200: 121,497: Total time for which application threads were stopped: 0,0001506 seconds, Stopping threads took: 0,0000393 seconds
2017-08-14T09:57:37.358+0200: 1410,636: Total time for which application threads were stopped: 0,0001163 seconds, Stopping threads took: 0,0000492 seconds
2017-08-14T10:02:12.384+0200: 1685,662: Total time for which application threads were stopped: 0,0000777 seconds, Stopping threads took: 0,0000300 seconds
2017-08-14T10:02:17.385+0200: 1690,663: Total time for which application threads were stopped: 0,0000650 seconds, Stopping threads took: 0,0000146 seconds
2017-08-14T10:12:27.442+0200: 2300,720: Total time for which application threads were stopped: 0,0000924 seconds, Stopping threads took: 0,0000356 seconds
2017-08-14T10:12:28.442+0200: 2301,720: Total time for which application threads were stopped: 0,0000610 seconds, Stopping threads took: 0,0000162 seconds
2017-08-14T10:27:23.525+0200: 3196,803: Total time for which application threads were stopped: 0,0000891 seconds, Stopping threads took: 0,0000374 seconds
2017-08-14T10:38:47.592+0200: 3880,870: Total time for which application threads were stopped: 0,0001594 seconds, Stopping threads took: 0,0000518 seconds
2017-08-14T10:38:52.593+0200: 3885,871: Total time for which application threads were stopped: 0,0000620 seconds, Stopping threads took: 0,0000148 seconds
2017-08-14T10:53:03.681+0200: 4736,959: Total time for which application threads were stopped: 0,0000958 seconds, Stopping threads took: 0,0000365 seconds
2017-08-14T11:18:28.839+0200: 6262,117: Total time for which application threads were stopped: 0,0001075 seconds, Stopping threads took: 0,0000361 seconds
2017-08-14T11:36:37.952+0200: 7351,230: Total time for which application threads were stopped: 0,0000905 seconds, Stopping threads took: 0,0000377 seconds
2017-08-14T11:42:07.985+0200: 7681,263: Total time for which application threads were stopped: 0,0003415 seconds, Stopping threads took: 0,0001003 seconds
2017-08-14T12:46:38.424+0200: 11551,702: Total time for which application threads were stopped: 0,0000819 seconds, Stopping threads took: 0,0000308 seconds
2017-08-14T13:49:13.962+0200: 15307,240: Total time for which application threads were stopped: 0,0001066 seconds, Stopping threads took: 0,0000242 seconds
2017-08-14T13:50:07.971+0200: 15361,249: Total time for which application threads were stopped: 0,0001616 seconds, Stopping threads took: 0,0000564 seconds
2017-08-14T13:51:37.985+0200: 15451,263: Total time for which application threads were stopped: 0,0001854 seconds, Stopping threads took: 0,0000641 seconds
2017-08-14T18:26:00.382+0200: 31913,660: Total time for which application threads were stopped: 0,0058681 seconds, Stopping threads took: 0,0057659 seconds
2017-08-14T18:26:00.382+0200: 31913,661: Total time for which application threads were stopped: 0,0000816 seconds, Stopping threads took: 0,0000225 seconds
2017-08-14T18:26:00.384+0200: 31913,663: Total time for which application threads were stopped: 0,0001197 seconds, Stopping threads took: 0,0000287 seconds
2017-08-14T18:26:00.385+0200: 31913,663: Total time for which application threads were stopped: 0,0001178 seconds, Stopping threads took: 0,0000297 seconds
2017-08-14T18:26:00.388+0200: 31913,666: Total time for which application threads were stopped: 0,0001176 seconds, Stopping threads took: 0,0000343 seconds
2017-08-14T18:26:00.390+0200: 31913,668: Total time for which application threads were stopped: 0,0003601 seconds, Stopping threads took: 0,0002284 seconds
2017-08-14T18:26:00.390+0200: 31913,668: Total time for which application threads were stopped: 0,0000897 seconds, Stopping threads took: 0,0000234 seconds
2017-08-14T18:26:00.390+0200: 31913,669: Total time for which application threads were stopped: 0,0000784 seconds, Stopping threads took: 0,0000178 seconds
2017-08-14T18:26:00.391+0200: 31913,669: Total time for which application threads were stopped: 0,0000804 seconds, Stopping threads took: 0,0000188 seconds
2017-08-14T18:26:00.391+0200: 31913,669: Total time for which application threads were stopped: 0,0000697 seconds, Stopping threads took: 0,0000174 seconds
2017-08-14T18:26:00.391+0200: 31913,669: Total time for which application threads were stopped: 0,0000673 seconds, Stopping threads took: 0,0000179 seconds
2017-08-14T18:26:00.391+0200: 31913,669: Total time for which application threads were stopped: 0,0000612 seconds, Stopping threads took: 0,0000141 seconds
2017-08-14T18:26:00.391+0200: 31913,669: Total time for which application threads were stopped: 0,0000552 seconds, Stopping threads took: 0,0000138 seconds
2017-08-14T18:26:00.391+0200: 31913,670: Total time for which application threads were stopped: 0,0000564 seconds, Stopping threads took: 0,0000128 seconds
2017-08-14T18:26:00.392+0200: 31913,670: Total time for which application threads were stopped: 0,0000500 seconds, Stopping threads took: 0,0000130 seconds
2017-08-14T18:26:00.392+0200: 31913,670: Total time for which application threads were stopped: 0,0000649 seconds, Stopping threads took: 0,0000198 seconds
2017-08-14T18:26:00.392+0200: 31913,670: Total time for which application threads were stopped: 0,0000531 seconds, Stopping threads took: 0,0000138 seconds
2017-08-14T18:26:00.392+0200: 31913,670: Total time for which application threads were stopped: 0,0000522 seconds, Stopping threads took: 0,0000145 seconds
2017-08-14T18:26:00.392+0200: 31913,670: Total time for which application threads were stopped: 0,0000505 seconds, Stopping threads took: 0,0000133 seconds
2017-08-14T18:26:00.392+0200: 31913,670: Total time for which application threads were stopped: 0,0000486 seconds, Stopping threads took: 0,0000121 seconds
2017-08-14T18:26:00.393+0200: 31913,671: Total time for which application threads were stopped: 0,0000674 seconds, Stopping threads took: 0,0000175 seconds
2017-08-14T18:26:00.393+0200: 31913,671: Total time for which application threads were stopped: 0,0000553 seconds, Stopping threads took: 0,0000154 seconds
2017-08-14T18:26:00.393+0200: 31913,671: Total time for which application threads were stopped: 0,0000396 seconds, Stopping threads took: 0,0000055 seconds
2017-08-14T18:26:00.393+0200: 31913,671: Total time for which application threads were stopped: 0,0000494 seconds, Stopping threads took: 0,0000123 seconds
2017-08-14T18:26:00.393+0200: 31913,671: Total time for which application threads were stopped: 0,0000458 seconds, Stopping threads took: 0,0000119 seconds
2017-08-14T18:26:00.393+0200: 31913,671: Total time for which application threads were stopped: 0,0000613 seconds, Stopping threads took: 0,0000215 seconds
2017-08-14T18:26:00.393+0200: 31913,671: Total time for which application threads were stopped: 0,0000855 seconds, Stopping threads took: 0,0000148 seconds
2017-08-14T18:26:00.402+0200: 31913,680: Total time for which application threads were stopped: 0,0017890 seconds, Stopping threads took: 0,0016358 seconds
2017-08-14T18:26:00.411+0200: 31913,689: Total time for which application threads were stopped: 0,0000834 seconds, Stopping threads took: 0,0000158 seconds
2017-08-14T18:26:00.411+0200: 31913,689: Total time for which application threads were stopped: 0,0001108 seconds, Stopping threads took: 0,0000469 seconds
2017-08-14T18:26:00.411+0200: 31913,689: Total time for which application threads were stopped: 0,0000396 seconds, Stopping threads took: 0,0000053 seconds
2017-08-14T18:26:00.411+0200: 31913,690: Total time for which application threads were stopped: 0,0000437 seconds, Stopping threads took: 0,0000119 seconds
2017-08-14T18:26:00.413+0200: 31913,691: Total time for which application threads were stopped: 0,0014176 seconds, Stopping threads took: 0,0013573 seconds
2017-08-14T18:26:00.413+0200: 31913,691: Total time for which application threads were stopped: 0,0000458 seconds, Stopping threads took: 0,0000133 seconds
2017-08-14T18:26:00.414+0200: 31913,692: Total time for which application threads were stopped: 0,0000815 seconds, Stopping threads took: 0,0000293 seconds
2017-08-14T18:26:00.414+0200: 31913,692: Total time for which application threads were stopped: 0,0000753 seconds, Stopping threads took: 0,0000385 seconds
2017-08-14T18:26:00.414+0200: 31913,692: Total time for which application threads were stopped: 0,0000747 seconds, Stopping threads took: 0,0000398 seconds
2017-08-14T18:26:00.414+0200: 31913,692: Total time for which application threads were stopped: 0,0000509 seconds, Stopping threads took: 0,0000170 seconds
2017-08-14T18:26:00.414+0200: 31913,692: Total time for which application threads were stopped: 0,0000494 seconds, Stopping threads took: 0,0000174 seconds
2017-08-14T18:26:00.416+0200: 31913,694: Total time for which application threads were stopped: 0,0001664 seconds, Stopping threads took: 0,0000778 seconds
2017-08-14T18:26:00.416+0200: 31913,694: Total time for which application threads were stopped: 0,0000808 seconds, Stopping threads took: 0,0000295 seconds
2017-08-14T18:26:00.419+0200: 31913,697: Total time for which application threads were stopped: 0,0001277 seconds, Stopping threads took: 0,0000517 seconds
2017-08-14T18:26:00.419+0200: 31913,697: Total time for which application threads were stopped: 0,0000732 seconds, Stopping threads took: 0,0000239 seconds
2017-08-14T18:26:00.420+0200: 31913,699: Total time for which application threads were stopped: 0,0016770 seconds, Stopping threads took: 0,0015937 seconds
2017-08-14T18:26:00.422+0200: 31913,700: Total time for which application threads were stopped: 0,0004960 seconds, Stopping threads took: 0,0004073 seconds
2017-08-14T18:26:00.423+0200: 31913,701: Total time for which application threads were stopped: 0,0001985 seconds, Stopping threads took: 0,0001017 seconds
2017-08-14T18:26:00.424+0200: 31913,702: Total time for which application threads were stopped: 0,0001036 seconds, Stopping threads took: 0,0000303 seconds
2017-08-14T18:26:00.431+0200: 31913,710: Total time for which application threads were stopped: 0,0001002 seconds, Stopping threads took: 0,0000246 seconds
2017-08-14T18:26:00.432+0200: 31913,710: Total time for which application threads were stopped: 0,0000686 seconds, Stopping threads took: 0,0000209 seconds
2017-08-14T18:26:00.432+0200: 31913,710: Total time for which application threads were stopped: 0,0000538 seconds, Stopping threads took: 0,0000153 seconds
2017-08-14T18:26:00.432+0200: 31913,710: Total time for which application threads were stopped: 0,0000537 seconds, Stopping threads took: 0,0000149 seconds
2017-08-14T18:26:00.433+0200: 31913,711: Total time for which application threads were stopped: 0,0000806 seconds, Stopping threads took: 0,0000294 seconds
2017-08-14T18:26:00.433+0200: 31913,711: Total time for which application threads were stopped: 0,0000631 seconds, Stopping threads took: 0,0000213 seconds
2017-08-14T18:26:00.433+0200: 31913,711: Total time for which application threads were stopped: 0,0000747 seconds, Stopping threads took: 0,0000343 seconds
2017-08-14T18:26:00.433+0200: 31913,711: Total time for which application threads were stopped: 0,0000516 seconds, Stopping threads took: 0,0000246 seconds
2017-08-14T18:26:00.434+0200: 31913,712: Total time for which application threads were stopped: 0,0000507 seconds, Stopping threads took: 0,0000206 seconds
2017-08-14T18:26:00.434+0200: 31913,712: Total time for which application threads were stopped: 0,0000382 seconds, Stopping threads took: 0,0000160 seconds
2017-08-14T18:26:00.434+0200: 31913,713: Total time for which application threads were stopped: 0,0000567 seconds, Stopping threads took: 0,0000171 seconds
2017-08-14T18:26:00.435+0200: 31913,713: Total time for which application threads were stopped: 0,0000290 seconds, Stopping threads took: 0,0000067 seconds
2017-08-14T18:26:00.435+0200: 31913,713: Total time for which application threads were stopped: 0,0000264 seconds, Stopping threads took: 0,0000076 seconds
2017-08-14T18:26:00.435+0200: 31913,713: Total time for which application threads were stopped: 0,0001032 seconds, Stopping threads took: 0,0000137 seconds
2017-08-14T18:26:00.438+0200: 31913,716: Total time for which application threads were stopped: 0,0000842 seconds, Stopping threads took: 0,0000153 seconds
2017-08-14T18:26:00.438+0200: 31913,716: Total time for which application threads were stopped: 0,0000614 seconds, Stopping threads took: 0,0000227 seconds
Heap
 par new generation   total 109248K, used 39686K [0x00000000e0000000, 0x00000000e8000000, 0x00000000e8000000)
  eden space 87424K,  29% used [0x00000000e0000000, 0x00000000e18e0dc0, 0x00000000e5560000)
  from space 21824K,  65% used [0x00000000e5560000, 0x00000000e6340c00, 0x00000000e6ab0000)
  to   space 21824K,   0% used [0x00000000e6ab0000, 0x00000000e6ab0000, 0x00000000e8000000)
 concurrent mark-sweep generation total 393216K, used 6941K [0x00000000e8000000, 0x0000000100000000, 0x0000000100000000)
 Metaspace       used 28177K, capacity 28673K, committed 28796K, reserved 1075200K
  class space    used 3222K, capacity 3385K, committed 3452K, reserved 1048576K
