OpenJDK 64-Bit Server VM (25.121-b13) for linux-amd64 JRE (1.8.0_121-8u121-b13-0ubuntu1.16.04.2-b13), built on Jan 23 2017 15:51:29 by "buildd" with gcc 5.4.0 20160609
Memory: 4k page, physical 7867760k(7453036k free), swap 8076284k(8076284k free)
CommandLine flags: -XX:CMSInitiatingOccupancyFraction=50 -XX:CMSMaxAbortablePrecleanTime=6000 -XX:+CMSParallelRemarkEnabled -XX:+CMSScavengeBeforeRemark -XX:ConcGCThreads=4 -XX:InitialHeapSize=536870912 -XX:MaxHeapSize=536870912 -XX:MaxTenuringThreshold=8 -XX:NewRatio=3 -XX:OldPLABSize=16 -XX:OnOutOfMemoryError=/opt/solr/bin/oom_solr.sh 8983 /var/solr/logs -XX:ParallelGCThreads=4 -XX:+ParallelRefProcEnabled -XX:PretenureSizeThreshold=67108864 -XX:+PrintGC -XX:+PrintGCApplicationStoppedTime -XX:+PrintGCDateStamps -XX:+PrintGCDetails -XX:+PrintGCTimeStamps -XX:+PrintHeapAtGC -XX:+PrintTenuringDistribution -XX:SurvivorRatio=4 -XX:TargetSurvivorRatio=90 -XX:ThreadStackSize=256 -XX:+UseCMSInitiatingOccupancyOnly -XX:+UseCompressedClassPointers -XX:+UseCompressedOops -XX:+UseConcMarkSweepGC -XX:+UseParNewGC 
2017-03-23T15:25:38.747+0100: 0,139: Total time for which application threads were stopped: 0,0000683 seconds, Stopping threads took: 0,0000100 seconds
2017-03-23T15:25:38.828+0100: 0,220: Total time for which application threads were stopped: 0,0001347 seconds, Stopping threads took: 0,0000303 seconds
2017-03-23T15:25:38.846+0100: 0,238: Total time for which application threads were stopped: 0,0001402 seconds, Stopping threads took: 0,0000202 seconds
2017-03-23T15:25:39.091+0100: 0,483: Total time for which application threads were stopped: 0,0001186 seconds, Stopping threads took: 0,0000226 seconds
2017-03-23T15:25:39.495+0100: 0,887: Total time for which application threads were stopped: 0,0001541 seconds, Stopping threads took: 0,0000226 seconds
2017-03-23T15:25:39.614+0100: 1,006: Total time for which application threads were stopped: 0,0001951 seconds, Stopping threads took: 0,0000173 seconds
2017-03-23T15:25:39.635+0100: 1,028: Total time for which application threads were stopped: 0,0002047 seconds, Stopping threads took: 0,0000188 seconds
2017-03-23T15:25:39.971+0100: 1,363: Total time for which application threads were stopped: 0,0001721 seconds, Stopping threads took: 0,0000200 seconds
2017-03-23T15:25:40.184+0100: 1,576: Total time for which application threads were stopped: 0,0002331 seconds, Stopping threads took: 0,0000248 seconds
2017-03-23T15:25:40.213+0100: 1,606: Total time for which application threads were stopped: 0,0002557 seconds, Stopping threads took: 0,0000259 seconds
2017-03-23T15:25:40.244+0100: 1,636: Total time for which application threads were stopped: 0,0002377 seconds, Stopping threads took: 0,0000208 seconds
2017-03-23T15:25:40.248+0100: 1,640: Total time for which application threads were stopped: 0,0008776 seconds, Stopping threads took: 0,0001593 seconds
2017-03-23T15:25:40.263+0100: 1,655: Total time for which application threads were stopped: 0,0002717 seconds, Stopping threads took: 0,0000255 seconds
2017-03-23T15:25:40.358+0100: 1,750: Total time for which application threads were stopped: 0,0002438 seconds, Stopping threads took: 0,0000239 seconds
2017-03-23T15:25:40.542+0100: 1,934: Total time for which application threads were stopped: 0,0005544 seconds, Stopping threads took: 0,0003138 seconds
{Heap before GC invocations=0 (full 0):
 par new generation   total 109248K, used 87424K [0x00000000e0000000, 0x00000000e8000000, 0x00000000e8000000)
  eden space 87424K, 100% used [0x00000000e0000000, 0x00000000e5560000, 0x00000000e5560000)
  from space 21824K,   0% used [0x00000000e5560000, 0x00000000e5560000, 0x00000000e6ab0000)
  to   space 21824K,   0% used [0x00000000e6ab0000, 0x00000000e6ab0000, 0x00000000e8000000)
 concurrent mark-sweep generation total 393216K, used 0K [0x00000000e8000000, 0x0000000100000000, 0x0000000100000000)
 Metaspace       used 18066K, capacity 18336K, committed 18688K, reserved 1064960K
  class space    used 2044K, capacity 2196K, committed 2304K, reserved 1048576K
2017-03-23T15:25:40.639+0100: 2,031: [GC (Allocation Failure) 2017-03-23T15:25:40.639+0100: 2,031: [ParNew
Desired survivor size 20112992 bytes, new threshold 8 (max 8)
- age   1:   12639000 bytes,   12639000 total
: 87424K->12462K(109248K), 0,0164297 secs] 87424K->12462K(502464K), 0,0165093 secs] [Times: user=0,05 sys=0,01, real=0,02 secs] 
Heap after GC invocations=1 (full 0):
 par new generation   total 109248K, used 12462K [0x00000000e0000000, 0x00000000e8000000, 0x00000000e8000000)
  eden space 87424K,   0% used [0x00000000e0000000, 0x00000000e0000000, 0x00000000e5560000)
  from space 21824K,  57% used [0x00000000e6ab0000, 0x00000000e76dbac0, 0x00000000e8000000)
  to   space 21824K,   0% used [0x00000000e5560000, 0x00000000e5560000, 0x00000000e6ab0000)
 concurrent mark-sweep generation total 393216K, used 0K [0x00000000e8000000, 0x0000000100000000, 0x0000000100000000)
 Metaspace       used 18066K, capacity 18336K, committed 18688K, reserved 1064960K
  class space    used 2044K, capacity 2196K, committed 2304K, reserved 1048576K
}
2017-03-23T15:25:40.655+0100: 2,048: Total time for which application threads were stopped: 0,0167496 seconds, Stopping threads took: 0,0000444 seconds
2017-03-23T15:25:40.945+0100: 2,338: Total time for which application threads were stopped: 0,0003131 seconds, Stopping threads took: 0,0000416 seconds
2017-03-23T15:25:40.987+0100: 2,379: Total time for which application threads were stopped: 0,0003511 seconds, Stopping threads took: 0,0000606 seconds
{Heap before GC invocations=1 (full 0):
 par new generation   total 109248K, used 99886K [0x00000000e0000000, 0x00000000e8000000, 0x00000000e8000000)
  eden space 87424K, 100% used [0x00000000e0000000, 0x00000000e5560000, 0x00000000e5560000)
  from space 21824K,  57% used [0x00000000e6ab0000, 0x00000000e76dbac0, 0x00000000e8000000)
  to   space 21824K,   0% used [0x00000000e5560000, 0x00000000e5560000, 0x00000000e6ab0000)
 concurrent mark-sweep generation total 393216K, used 0K [0x00000000e8000000, 0x0000000100000000, 0x0000000100000000)
 Metaspace       used 20053K, capacity 20370K, committed 20736K, reserved 1067008K
  class space    used 2298K, capacity 2471K, committed 2560K, reserved 1048576K
2017-03-23T15:25:40.992+0100: 2,384: [GC (Allocation Failure) 2017-03-23T15:25:40.992+0100: 2,384: [ParNew
Desired survivor size 20112992 bytes, new threshold 8 (max 8)
- age   1:    3709760 bytes,    3709760 total
- age   2:    6671936 bytes,   10381696 total
: 99886K->13734K(109248K), 0,0104819 secs] 99886K->13734K(502464K), 0,0105555 secs] [Times: user=0,04 sys=0,00, real=0,01 secs] 
Heap after GC invocations=2 (full 0):
 par new generation   total 109248K, used 13734K [0x00000000e0000000, 0x00000000e8000000, 0x00000000e8000000)
  eden space 87424K,   0% used [0x00000000e0000000, 0x00000000e0000000, 0x00000000e5560000)
  from space 21824K,  62% used [0x00000000e5560000, 0x00000000e62c98e0, 0x00000000e6ab0000)
  to   space 21824K,   0% used [0x00000000e6ab0000, 0x00000000e6ab0000, 0x00000000e8000000)
 concurrent mark-sweep generation total 393216K, used 0K [0x00000000e8000000, 0x0000000100000000, 0x0000000100000000)
 Metaspace       used 20053K, capacity 20370K, committed 20736K, reserved 1067008K
  class space    used 2298K, capacity 2471K, committed 2560K, reserved 1048576K
}
2017-03-23T15:25:41.002+0100: 2,395: Total time for which application threads were stopped: 0,0107839 seconds, Stopping threads took: 0,0000889 seconds
2017-03-23T15:25:41.052+0100: 2,444: Total time for which application threads were stopped: 0,0004082 seconds, Stopping threads took: 0,0000433 seconds
2017-03-23T15:25:41.187+0100: 2,579: Total time for which application threads were stopped: 0,0024741 seconds, Stopping threads took: 0,0011434 seconds
{Heap before GC invocations=2 (full 0):
 par new generation   total 109248K, used 101158K [0x00000000e0000000, 0x00000000e8000000, 0x00000000e8000000)
  eden space 87424K, 100% used [0x00000000e0000000, 0x00000000e5560000, 0x00000000e5560000)
  from space 21824K,  62% used [0x00000000e5560000, 0x00000000e62c98e0, 0x00000000e6ab0000)
  to   space 21824K,   0% used [0x00000000e6ab0000, 0x00000000e6ab0000, 0x00000000e8000000)
 concurrent mark-sweep generation total 393216K, used 0K [0x00000000e8000000, 0x0000000100000000, 0x0000000100000000)
 Metaspace       used 20972K, capacity 21292K, committed 21628K, reserved 1069056K
  class space    used 2419K, capacity 2590K, committed 2684K, reserved 1048576K
2017-03-23T15:25:41.222+0100: 2,614: [GC (Allocation Failure) 2017-03-23T15:25:41.222+0100: 2,614: [ParNew
Desired survivor size 20112992 bytes, new threshold 8 (max 8)
- age   1:    2123176 bytes,    2123176 total
- age   2:     843960 bytes,    2967136 total
- age   3:    6669048 bytes,    9636184 total
: 101158K->12968K(109248K), 0,0246701 secs] 101158K->12968K(502464K), 0,0247568 secs] [Times: user=0,08 sys=0,00, real=0,03 secs] 
Heap after GC invocations=3 (full 0):
 par new generation   total 109248K, used 12968K [0x00000000e0000000, 0x00000000e8000000, 0x00000000e8000000)
  eden space 87424K,   0% used [0x00000000e0000000, 0x00000000e0000000, 0x00000000e5560000)
  from space 21824K,  59% used [0x00000000e6ab0000, 0x00000000e775a208, 0x00000000e8000000)
  to   space 21824K,   0% used [0x00000000e5560000, 0x00000000e5560000, 0x00000000e6ab0000)
 concurrent mark-sweep generation total 393216K, used 0K [0x00000000e8000000, 0x0000000100000000, 0x0000000100000000)
 Metaspace       used 20972K, capacity 21292K, committed 21628K, reserved 1069056K
  class space    used 2419K, capacity 2590K, committed 2684K, reserved 1048576K
}
2017-03-23T15:25:41.247+0100: 2,639: Total time for which application threads were stopped: 0,0267280 seconds, Stopping threads took: 0,0018076 seconds
2017-03-23T15:25:41.250+0100: 2,643: [GC (CMS Initial Mark) [1 CMS-initial-mark: 0K(393216K)] 20177K(502464K), 0,0054168 secs] [Times: user=0,01 sys=0,01, real=0,01 secs] 
2017-03-23T15:25:41.256+0100: 2,648: Total time for which application threads were stopped: 0,0056141 seconds, Stopping threads took: 0,0000649 seconds
2017-03-23T15:25:41.256+0100: 2,648: [CMS-concurrent-mark-start]
2017-03-23T15:25:41.274+0100: 2,666: [CMS-concurrent-mark: 0,018/0,018 secs] [Times: user=0,07 sys=0,00, real=0,02 secs] 
2017-03-23T15:25:41.274+0100: 2,666: [CMS-concurrent-preclean-start]
2017-03-23T15:25:41.275+0100: 2,668: [CMS-concurrent-preclean: 0,001/0,001 secs] [Times: user=0,00 sys=0,00, real=0,00 secs] 
2017-03-23T15:25:41.276+0100: 2,668: [CMS-concurrent-abortable-preclean-start]
2017-03-23T15:25:41.319+0100: 2,711: Total time for which application threads were stopped: 0,0005732 seconds, Stopping threads took: 0,0004834 seconds
{Heap before GC invocations=3 (full 1):
 par new generation   total 109248K, used 100392K [0x00000000e0000000, 0x00000000e8000000, 0x00000000e8000000)
  eden space 87424K, 100% used [0x00000000e0000000, 0x00000000e5560000, 0x00000000e5560000)
  from space 21824K,  59% used [0x00000000e6ab0000, 0x00000000e775a208, 0x00000000e8000000)
  to   space 21824K,   0% used [0x00000000e5560000, 0x00000000e5560000, 0x00000000e6ab0000)
 concurrent mark-sweep generation total 393216K, used 0K [0x00000000e8000000, 0x0000000100000000, 0x0000000100000000)
 Metaspace       used 21255K, capacity 21638K, committed 21884K, reserved 1069056K
  class space    used 2450K, capacity 2606K, committed 2684K, reserved 1048576K
2017-03-23T15:25:41.370+0100: 2,762: [GC (Allocation Failure) 2017-03-23T15:25:41.370+0100: 2,762: [ParNew
Desired survivor size 20112992 bytes, new threshold 8 (max 8)
- age   1:    1011176 bytes,    1011176 total
- age   2:    1464072 bytes,    2475248 total
- age   3:     810552 bytes,    3285800 total
- age   4:    6668888 bytes,    9954688 total
: 100392K->12424K(109248K), 0,0188495 secs] 100392K->12424K(502464K), 0,0189201 secs] [Times: user=0,07 sys=0,00, real=0,02 secs] 
Heap after GC invocations=4 (full 1):
 par new generation   total 109248K, used 12424K [0x00000000e0000000, 0x00000000e8000000, 0x00000000e8000000)
  eden space 87424K,   0% used [0x00000000e0000000, 0x00000000e0000000, 0x00000000e5560000)
  from space 21824K,  56% used [0x00000000e5560000, 0x00000000e6182180, 0x00000000e6ab0000)
  to   space 21824K,   0% used [0x00000000e6ab0000, 0x00000000e6ab0000, 0x00000000e8000000)
 concurrent mark-sweep generation total 393216K, used 0K [0x00000000e8000000, 0x0000000100000000, 0x0000000100000000)
 Metaspace       used 21255K, capacity 21638K, committed 21884K, reserved 1069056K
  class space    used 2450K, capacity 2606K, committed 2684K, reserved 1048576K
}
2017-03-23T15:25:41.389+0100: 2,781: Total time for which application threads were stopped: 0,0191130 seconds, Stopping threads took: 0,0000435 seconds
{Heap before GC invocations=4 (full 1):
 par new generation   total 109248K, used 99848K [0x00000000e0000000, 0x00000000e8000000, 0x00000000e8000000)
  eden space 87424K, 100% used [0x00000000e0000000, 0x00000000e5560000, 0x00000000e5560000)
  from space 21824K,  56% used [0x00000000e5560000, 0x00000000e6182180, 0x00000000e6ab0000)
  to   space 21824K,   0% used [0x00000000e6ab0000, 0x00000000e6ab0000, 0x00000000e8000000)
 concurrent mark-sweep generation total 393216K, used 0K [0x00000000e8000000, 0x0000000100000000, 0x0000000100000000)
 Metaspace       used 21398K, capacity 21798K, committed 21884K, reserved 1069056K
  class space    used 2468K, capacity 2638K, committed 2684K, reserved 1048576K
2017-03-23T15:25:41.486+0100: 2,878: [GC (Allocation Failure) 2017-03-23T15:25:41.486+0100: 2,878: [ParNew
Desired survivor size 20112992 bytes, new threshold 8 (max 8)
- age   1:     994872 bytes,     994872 total
- age   2:     190744 bytes,    1185616 total
- age   3:    1463976 bytes,    2649592 total
- age   4:     808536 bytes,    3458128 total
- age   5:    6668984 bytes,   10127112 total
: 99848K->14933K(109248K), 0,0106463 secs] 99848K->14933K(502464K), 0,0107297 secs] [Times: user=0,03 sys=0,00, real=0,01 secs] 
Heap after GC invocations=5 (full 1):
 par new generation   total 109248K, used 14933K [0x00000000e0000000, 0x00000000e8000000, 0x00000000e8000000)
  eden space 87424K,   0% used [0x00000000e0000000, 0x00000000e0000000, 0x00000000e5560000)
  from space 21824K,  68% used [0x00000000e6ab0000, 0x00000000e7945680, 0x00000000e8000000)
  to   space 21824K,   0% used [0x00000000e5560000, 0x00000000e5560000, 0x00000000e6ab0000)
 concurrent mark-sweep generation total 393216K, used 0K [0x00000000e8000000, 0x0000000100000000, 0x0000000100000000)
 Metaspace       used 21398K, capacity 21798K, committed 21884K, reserved 1069056K
  class space    used 2468K, capacity 2638K, committed 2684K, reserved 1048576K
}
2017-03-23T15:25:41.497+0100: 2,889: Total time for which application threads were stopped: 0,0111775 seconds, Stopping threads took: 0,0002898 seconds
2017-03-23T15:25:41.497+0100: 2,889: [CMS-concurrent-abortable-preclean: 0,158/0,221 secs] [Times: user=0,83 sys=0,01, real=0,22 secs] 
2017-03-23T15:25:41.508+0100: 2,900: [GC (CMS Final Remark) [YG occupancy: 21381 K (109248 K)]{Heap before GC invocations=5 (full 1):
 par new generation   total 109248K, used 21381K [0x00000000e0000000, 0x00000000e8000000, 0x00000000e8000000)
  eden space 87424K,   7% used [0x00000000e0000000, 0x00000000e064bea0, 0x00000000e5560000)
  from space 21824K,  68% used [0x00000000e6ab0000, 0x00000000e7945680, 0x00000000e8000000)
  to   space 21824K,   0% used [0x00000000e5560000, 0x00000000e5560000, 0x00000000e6ab0000)
 concurrent mark-sweep generation total 393216K, used 0K [0x00000000e8000000, 0x0000000100000000, 0x0000000100000000)
 Metaspace       used 21431K, capacity 21810K, committed 21884K, reserved 1069056K
  class space    used 2471K, capacity 2640K, committed 2684K, reserved 1048576K
2017-03-23T15:25:41.508+0100: 2,900: [GC (CMS Final Remark) 2017-03-23T15:25:41.508+0100: 2,900: [ParNew
Desired survivor size 20112992 bytes, new threshold 8 (max 8)
- age   1:     654168 bytes,     654168 total
- age   2:     108112 bytes,     762280 total
- age   3:     190744 bytes,     953024 total
- age   4:    1463872 bytes,    2416896 total
- age   5:     808536 bytes,    3225432 total
- age   6:    6668920 bytes,    9894352 total
: 21381K->12665K(109248K), 0,0118003 secs] 21381K->12665K(502464K), 0,0118464 secs] [Times: user=0,04 sys=0,00, real=0,01 secs] 
Heap after GC invocations=6 (full 1):
 par new generation   total 109248K, used 12665K [0x00000000e0000000, 0x00000000e8000000, 0x00000000e8000000)
  eden space 87424K,   0% used [0x00000000e0000000, 0x00000000e0000000, 0x00000000e5560000)
  from space 21824K,  58% used [0x00000000e5560000, 0x00000000e61be798, 0x00000000e6ab0000)
  to   space 21824K,   0% used [0x00000000e6ab0000, 0x00000000e6ab0000, 0x00000000e8000000)
 concurrent mark-sweep generation total 393216K, used 0K [0x00000000e8000000, 0x0000000100000000, 0x0000000100000000)
 Metaspace       used 21431K, capacity 21810K, committed 21884K, reserved 1069056K
  class space    used 2471K, capacity 2640K, committed 2684K, reserved 1048576K
}
2017-03-23T15:25:41.520+0100: 2,912: [Rescan (parallel) , 0,0048871 secs]2017-03-23T15:25:41.525+0100: 2,917: [weak refs processing, 0,0011556 secs]2017-03-23T15:25:41.526+0100: 2,918: [class unloading, 0,0050894 secs]2017-03-23T15:25:41.531+0100: 2,924: [scrub symbol table, 0,0036511 secs]2017-03-23T15:25:41.535+0100: 2,927: [scrub string table, 0,0003735 secs][1 CMS-remark: 0K(393216K)] 12665K(502464K), 0,0278150 secs] [Times: user=0,07 sys=0,00, real=0,03 secs] 
2017-03-23T15:25:41.536+0100: 2,928: Total time for which application threads were stopped: 0,0283130 seconds, Stopping threads took: 0,0004026 seconds
2017-03-23T15:25:41.537+0100: 2,929: [CMS-concurrent-sweep-start]
2017-03-23T15:25:41.537+0100: 2,929: [CMS-concurrent-sweep: 0,000/0,000 secs] [Times: user=0,00 sys=0,00, real=0,00 secs] 
2017-03-23T15:25:41.537+0100: 2,929: [CMS-concurrent-reset-start]
2017-03-23T15:25:41.539+0100: 2,931: [CMS-concurrent-reset: 0,002/0,002 secs] [Times: user=0,00 sys=0,00, real=0,00 secs] 
2017-03-23T15:25:41.571+0100: 2,963: Total time for which application threads were stopped: 0,0003288 seconds, Stopping threads took: 0,0000229 seconds
2017-03-23T15:25:41.811+0100: 3,203: Total time for which application threads were stopped: 0,0005030 seconds, Stopping threads took: 0,0000474 seconds
2017-03-23T15:25:41.829+0100: 3,221: Total time for which application threads were stopped: 0,0004682 seconds, Stopping threads took: 0,0000560 seconds
{Heap before GC invocations=6 (full 1):
 par new generation   total 109248K, used 100089K [0x00000000e0000000, 0x00000000e8000000, 0x00000000e8000000)
  eden space 87424K,  99% used [0x00000000e0000000, 0x00000000e555fea8, 0x00000000e5560000)
  from space 21824K,  58% used [0x00000000e5560000, 0x00000000e61be798, 0x00000000e6ab0000)
  to   space 21824K,   0% used [0x00000000e6ab0000, 0x00000000e6ab0000, 0x00000000e8000000)
 concurrent mark-sweep generation total 393216K, used 0K [0x00000000e8000000, 0x0000000100000000, 0x0000000100000000)
 Metaspace       used 23725K, capacity 24180K, committed 24316K, reserved 1071104K
  class space    used 2790K, capacity 2983K, committed 3068K, reserved 1048576K
2017-03-23T15:25:41.991+0100: 3,383: [GC (Allocation Failure) 2017-03-23T15:25:41.991+0100: 3,383: [ParNew
Desired survivor size 20112992 bytes, new threshold 8 (max 8)
- age   1:    5337352 bytes,    5337352 total
- age   2:      26096 bytes,    5363448 total
- age   3:     106152 bytes,    5469600 total
- age   4:     189280 bytes,    5658880 total
- age   5:     286480 bytes,    5945360 total
- age   6:     784272 bytes,    6729632 total
- age   7:    6660832 bytes,   13390464 total
: 100089K->16711K(109248K), 0,0167347 secs] 100089K->16711K(502464K), 0,0168256 secs] [Times: user=0,06 sys=0,00, real=0,02 secs] 
Heap after GC invocations=7 (full 1):
 par new generation   total 109248K, used 16711K [0x00000000e0000000, 0x00000000e8000000, 0x00000000e8000000)
  eden space 87424K,   0% used [0x00000000e0000000, 0x00000000e0000000, 0x00000000e5560000)
  from space 21824K,  76% used [0x00000000e6ab0000, 0x00000000e7b01fd0, 0x00000000e8000000)
  to   space 21824K,   0% used [0x00000000e5560000, 0x00000000e5560000, 0x00000000e6ab0000)
 concurrent mark-sweep generation total 393216K, used 0K [0x00000000e8000000, 0x0000000100000000, 0x0000000100000000)
 Metaspace       used 23725K, capacity 24180K, committed 24316K, reserved 1071104K
  class space    used 2790K, capacity 2983K, committed 3068K, reserved 1048576K
}
2017-03-23T15:25:42.008+0100: 3,400: Total time for which application threads were stopped: 0,0171445 seconds, Stopping threads took: 0,0000818 seconds
{Heap before GC invocations=7 (full 1):
 par new generation   total 109248K, used 104135K [0x00000000e0000000, 0x00000000e8000000, 0x00000000e8000000)
  eden space 87424K, 100% used [0x00000000e0000000, 0x00000000e5560000, 0x00000000e5560000)
  from space 21824K,  76% used [0x00000000e6ab0000, 0x00000000e7b01fd0, 0x00000000e8000000)
  to   space 21824K,   0% used [0x00000000e5560000, 0x00000000e5560000, 0x00000000e6ab0000)
 concurrent mark-sweep generation total 393216K, used 0K [0x00000000e8000000, 0x0000000100000000, 0x0000000100000000)
 Metaspace       used 24237K, capacity 24698K, committed 24828K, reserved 1071104K
  class space    used 2850K, capacity 3048K, committed 3068K, reserved 1048576K
2017-03-23T15:25:42.117+0100: 3,509: [GC (Allocation Failure) 2017-03-23T15:25:42.117+0100: 3,509: [ParNew
Desired survivor size 20112992 bytes, new threshold 8 (max 8)
- age   1:    1928800 bytes,    1928800 total
- age   2:    1819240 bytes,    3748040 total
- age   3:       4632 bytes,    3752672 total
- age   4:      57112 bytes,    3809784 total
- age   5:     107120 bytes,    3916904 total
- age   6:     198272 bytes,    4115176 total
- age   7:     732336 bytes,    4847512 total
- age   8:    6128200 bytes,   10975712 total
: 104135K->16501K(109248K), 0,0124546 secs] 104135K->16501K(502464K), 0,0125332 secs] [Times: user=0,03 sys=0,00, real=0,01 secs] 
Heap after GC invocations=8 (full 1):
 par new generation   total 109248K, used 16501K [0x00000000e0000000, 0x00000000e8000000, 0x00000000e8000000)
  eden space 87424K,   0% used [0x00000000e0000000, 0x00000000e0000000, 0x00000000e5560000)
  from space 21824K,  75% used [0x00000000e5560000, 0x00000000e657d6f0, 0x00000000e6ab0000)
  to   space 21824K,   0% used [0x00000000e6ab0000, 0x00000000e6ab0000, 0x00000000e8000000)
 concurrent mark-sweep generation total 393216K, used 0K [0x00000000e8000000, 0x0000000100000000, 0x0000000100000000)
 Metaspace       used 24237K, capacity 24698K, committed 24828K, reserved 1071104K
  class space    used 2850K, capacity 3048K, committed 3068K, reserved 1048576K
}
2017-03-23T15:25:42.130+0100: 3,522: Total time for which application threads were stopped: 0,0143364 seconds, Stopping threads took: 0,0016203 seconds
2017-03-23T15:25:42.230+0100: 3,622: Total time for which application threads were stopped: 0,0006815 seconds, Stopping threads took: 0,0005555 seconds
{Heap before GC invocations=8 (full 1):
 par new generation   total 109248K, used 103941K [0x00000000e0000000, 0x00000000e8000000, 0x00000000e8000000)
  eden space 87424K, 100% used [0x00000000e0000000, 0x00000000e5560000, 0x00000000e5560000)
  from space 21824K,  75% used [0x00000000e5560000, 0x00000000e6581700, 0x00000000e6ab0000)
  to   space 21824K,   0% used [0x00000000e6ab0000, 0x00000000e6ab0000, 0x00000000e8000000)
 concurrent mark-sweep generation total 393216K, used 0K [0x00000000e8000000, 0x0000000100000000, 0x0000000100000000)
 Metaspace       used 24492K, capacity 24980K, committed 25084K, reserved 1071104K
  class space    used 2871K, capacity 3053K, committed 3068K, reserved 1048576K
2017-03-23T15:25:42.238+0100: 3,630: [GC (Allocation Failure) 2017-03-23T15:25:42.238+0100: 3,630: [ParNew
Desired survivor size 20112992 bytes, new threshold 8 (max 8)
- age   1:     785568 bytes,     785568 total
- age   2:     983456 bytes,    1769024 total
- age   3:    1796976 bytes,    3566000 total
- age   4:       4600 bytes,    3570600 total
- age   5:      57112 bytes,    3627712 total
- age   6:     106920 bytes,    3734632 total
- age   7:     195504 bytes,    3930136 total
- age   8:     731536 bytes,    4661672 total
: 103941K->6787K(109248K), 0,0413596 secs] 103941K->12854K(502464K), 0,0414327 secs] [Times: user=0,09 sys=0,00, real=0,04 secs] 
Heap after GC invocations=9 (full 1):
 par new generation   total 109248K, used 6787K [0x00000000e0000000, 0x00000000e8000000, 0x00000000e8000000)
  eden space 87424K,   0% used [0x00000000e0000000, 0x00000000e0000000, 0x00000000e5560000)
  from space 21824K,  31% used [0x00000000e6ab0000, 0x00000000e7150d60, 0x00000000e8000000)
  to   space 21824K,   0% used [0x00000000e5560000, 0x00000000e5560000, 0x00000000e6ab0000)
 concurrent mark-sweep generation total 393216K, used 6066K [0x00000000e8000000, 0x0000000100000000, 0x0000000100000000)
 Metaspace       used 24492K, capacity 24980K, committed 25084K, reserved 1071104K
  class space    used 2871K, capacity 3053K, committed 3068K, reserved 1048576K
}
2017-03-23T15:25:42.280+0100: 3,672: Total time for which application threads were stopped: 0,0482322 seconds, Stopping threads took: 0,0066377 seconds
{Heap before GC invocations=9 (full 1):
 par new generation   total 109248K, used 13852K [0x00000000e0000000, 0x00000000e8000000, 0x00000000e8000000)
  eden space 87424K,   8% used [0x00000000e0000000, 0x00000000e06e6508, 0x00000000e5560000)
  from space 21824K,  31% used [0x00000000e6ab0000, 0x00000000e7150d60, 0x00000000e8000000)
  to   space 21824K,   0% used [0x00000000e5560000, 0x00000000e5560000, 0x00000000e6ab0000)
 concurrent mark-sweep generation total 393216K, used 6066K [0x00000000e8000000, 0x0000000100000000, 0x0000000100000000)
 Metaspace       used 24492K, capacity 24980K, committed 25084K, reserved 1071104K
  class space    used 2871K, capacity 3053K, committed 3068K, reserved 1048576K
2017-03-23T15:25:42.289+0100: 3,681: [GC (GCLocker Initiated GC) 2017-03-23T15:25:42.289+0100: 3,682: [ParNew
Desired survivor size 20112992 bytes, new threshold 8 (max 8)
- age   1:     337776 bytes,     337776 total
- age   2:     367064 bytes,     704840 total
- age   3:     983456 bytes,    1688296 total
- age   4:    1796976 bytes,    3485272 total
- age   5:       4600 bytes,    3489872 total
- age   6:      57112 bytes,    3546984 total
- age   7:     106920 bytes,    3653904 total
- age   8:     195504 bytes,    3849408 total
: 13852K->4596K(109248K), 0,0132002 secs] 19919K->11391K(502464K), 0,0132667 secs] [Times: user=0,03 sys=0,00, real=0,01 secs] 
Heap after GC invocations=10 (full 1):
 par new generation   total 109248K, used 4596K [0x00000000e0000000, 0x00000000e8000000, 0x00000000e8000000)
  eden space 87424K,   0% used [0x00000000e0000000, 0x00000000e0000000, 0x00000000e5560000)
  from space 21824K,  21% used [0x00000000e5560000, 0x00000000e59dd3c0, 0x00000000e6ab0000)
  to   space 21824K,   0% used [0x00000000e6ab0000, 0x00000000e6ab0000, 0x00000000e8000000)
 concurrent mark-sweep generation total 393216K, used 6794K [0x00000000e8000000, 0x0000000100000000, 0x0000000100000000)
 Metaspace       used 24492K, capacity 24980K, committed 25084K, reserved 1071104K
  class space    used 2871K, capacity 3053K, committed 3068K, reserved 1048576K
}
2017-03-23T15:25:42.303+0100: 3,695: Total time for which application threads were stopped: 0,0166795 seconds, Stopping threads took: 0,0032523 seconds
2017-03-23T15:25:42.620+0100: 4,012: Total time for which application threads were stopped: 0,0005431 seconds, Stopping threads took: 0,0000234 seconds
2017-03-23T15:25:42.634+0100: 4,027: Total time for which application threads were stopped: 0,0004217 seconds, Stopping threads took: 0,0000191 seconds
2017-03-23T15:25:42.665+0100: 4,057: Total time for which application threads were stopped: 0,0005925 seconds, Stopping threads took: 0,0000684 seconds
2017-03-23T15:25:42.693+0100: 4,085: Total time for which application threads were stopped: 0,0003789 seconds, Stopping threads took: 0,0000199 seconds
2017-03-23T15:25:42.697+0100: 4,089: Total time for which application threads were stopped: 0,0001213 seconds, Stopping threads took: 0,0000379 seconds
2017-03-23T15:25:42.697+0100: 4,089: Total time for which application threads were stopped: 0,0001559 seconds, Stopping threads took: 0,0000932 seconds
2017-03-23T15:25:42.697+0100: 4,089: Total time for which application threads were stopped: 0,0000844 seconds, Stopping threads took: 0,0000240 seconds
2017-03-23T15:25:42.704+0100: 4,096: Total time for which application threads were stopped: 0,0001100 seconds, Stopping threads took: 0,0000339 seconds
2017-03-23T15:25:42.705+0100: 4,097: Total time for which application threads were stopped: 0,0000688 seconds, Stopping threads took: 0,0000183 seconds
2017-03-23T15:25:42.710+0100: 4,103: Total time for which application threads were stopped: 0,0001438 seconds, Stopping threads took: 0,0000701 seconds
2017-03-23T15:25:42.711+0100: 4,103: Total time for which application threads were stopped: 0,0000794 seconds, Stopping threads took: 0,0000230 seconds
2017-03-23T15:25:42.714+0100: 4,106: Total time for which application threads were stopped: 0,0028309 seconds, Stopping threads took: 0,0027596 seconds
2017-03-23T15:25:42.715+0100: 4,108: Total time for which application threads were stopped: 0,0001187 seconds, Stopping threads took: 0,0000322 seconds
2017-03-23T15:25:42.716+0100: 4,108: Total time for which application threads were stopped: 0,0000711 seconds, Stopping threads took: 0,0000126 seconds
2017-03-23T15:25:42.716+0100: 4,108: Total time for which application threads were stopped: 0,0000428 seconds, Stopping threads took: 0,0000100 seconds
2017-03-23T15:25:42.716+0100: 4,108: Total time for which application threads were stopped: 0,0000447 seconds, Stopping threads took: 0,0000166 seconds
2017-03-23T15:25:42.716+0100: 4,109: Total time for which application threads were stopped: 0,0000413 seconds, Stopping threads took: 0,0000100 seconds
2017-03-23T15:25:42.717+0100: 4,109: Total time for which application threads were stopped: 0,0000537 seconds, Stopping threads took: 0,0000102 seconds
2017-03-23T15:25:42.717+0100: 4,109: Total time for which application threads were stopped: 0,0000425 seconds, Stopping threads took: 0,0000080 seconds
2017-03-23T15:25:42.717+0100: 4,109: Total time for which application threads were stopped: 0,0000484 seconds, Stopping threads took: 0,0000175 seconds
2017-03-23T15:25:42.717+0100: 4,109: Total time for which application threads were stopped: 0,0000391 seconds, Stopping threads took: 0,0000132 seconds
2017-03-23T15:25:42.717+0100: 4,109: Total time for which application threads were stopped: 0,0000386 seconds, Stopping threads took: 0,0000080 seconds
2017-03-23T15:25:42.717+0100: 4,109: Total time for which application threads were stopped: 0,0000500 seconds, Stopping threads took: 0,0000101 seconds
2017-03-23T15:25:42.717+0100: 4,109: Total time for which application threads were stopped: 0,0000479 seconds, Stopping threads took: 0,0000097 seconds
2017-03-23T15:25:42.717+0100: 4,110: Total time for which application threads were stopped: 0,0000532 seconds, Stopping threads took: 0,0000174 seconds
2017-03-23T15:25:42.717+0100: 4,110: Total time for which application threads were stopped: 0,0000441 seconds, Stopping threads took: 0,0000158 seconds
2017-03-23T15:25:42.718+0100: 4,110: Total time for which application threads were stopped: 0,0001115 seconds, Stopping threads took: 0,0000083 seconds
2017-03-23T15:25:42.718+0100: 4,110: Total time for which application threads were stopped: 0,0000537 seconds, Stopping threads took: 0,0000100 seconds
2017-03-23T15:25:42.718+0100: 4,110: Total time for which application threads were stopped: 0,0000644 seconds, Stopping threads took: 0,0000086 seconds
2017-03-23T15:25:42.718+0100: 4,110: Total time for which application threads were stopped: 0,0000525 seconds, Stopping threads took: 0,0000199 seconds
2017-03-23T15:25:42.718+0100: 4,110: Total time for which application threads were stopped: 0,0000460 seconds, Stopping threads took: 0,0000197 seconds
2017-03-23T15:25:42.718+0100: 4,110: Total time for which application threads were stopped: 0,0000487 seconds, Stopping threads took: 0,0000155 seconds
2017-03-23T15:25:42.718+0100: 4,111: Total time for which application threads were stopped: 0,0000571 seconds, Stopping threads took: 0,0000170 seconds
2017-03-23T15:25:42.718+0100: 4,111: Total time for which application threads were stopped: 0,0000412 seconds, Stopping threads took: 0,0000086 seconds
2017-03-23T15:25:42.719+0100: 4,111: Total time for which application threads were stopped: 0,0000513 seconds, Stopping threads took: 0,0000182 seconds
2017-03-23T15:25:42.719+0100: 4,111: Total time for which application threads were stopped: 0,0000405 seconds, Stopping threads took: 0,0000144 seconds
2017-03-23T15:25:42.719+0100: 4,111: Total time for which application threads were stopped: 0,0000452 seconds, Stopping threads took: 0,0000130 seconds
2017-03-23T15:25:42.719+0100: 4,111: Total time for which application threads were stopped: 0,0000517 seconds, Stopping threads took: 0,0000125 seconds
2017-03-23T15:25:42.719+0100: 4,111: Total time for which application threads were stopped: 0,0000413 seconds, Stopping threads took: 0,0000096 seconds
2017-03-23T15:25:42.719+0100: 4,111: Total time for which application threads were stopped: 0,0000472 seconds, Stopping threads took: 0,0000165 seconds
2017-03-23T15:25:42.719+0100: 4,111: Total time for which application threads were stopped: 0,0000434 seconds, Stopping threads took: 0,0000150 seconds
2017-03-23T15:25:42.719+0100: 4,111: Total time for which application threads were stopped: 0,0000487 seconds, Stopping threads took: 0,0000152 seconds
2017-03-23T15:25:42.719+0100: 4,112: Total time for which application threads were stopped: 0,0000551 seconds, Stopping threads took: 0,0000145 seconds
2017-03-23T15:25:42.720+0100: 4,112: Total time for which application threads were stopped: 0,0000440 seconds, Stopping threads took: 0,0000086 seconds
2017-03-23T15:25:42.720+0100: 4,112: Total time for which application threads were stopped: 0,0000460 seconds, Stopping threads took: 0,0000177 seconds
2017-03-23T15:25:42.720+0100: 4,112: Total time for which application threads were stopped: 0,0000439 seconds, Stopping threads took: 0,0000156 seconds
2017-03-23T15:25:42.720+0100: 4,112: Total time for which application threads were stopped: 0,0001078 seconds, Stopping threads took: 0,0000075 seconds
2017-03-23T15:25:42.724+0100: 4,116: Total time for which application threads were stopped: 0,0000982 seconds, Stopping threads took: 0,0000326 seconds
2017-03-23T15:25:42.727+0100: 4,119: Total time for which application threads were stopped: 0,0001490 seconds, Stopping threads took: 0,0000436 seconds
2017-03-23T15:25:42.731+0100: 4,124: Total time for which application threads were stopped: 0,0002330 seconds, Stopping threads took: 0,0001211 seconds
2017-03-23T15:25:42.746+0100: 4,138: Total time for which application threads were stopped: 0,0001358 seconds, Stopping threads took: 0,0000414 seconds
2017-03-23T15:25:42.764+0100: 4,157: Total time for which application threads were stopped: 0,0001544 seconds, Stopping threads took: 0,0000634 seconds
2017-03-23T15:25:42.767+0100: 4,160: Total time for which application threads were stopped: 0,0001789 seconds, Stopping threads took: 0,0001112 seconds
2017-03-23T15:25:42.801+0100: 4,193: Total time for which application threads were stopped: 0,0004251 seconds, Stopping threads took: 0,0000709 seconds
2017-03-23T15:25:42.808+0100: 4,200: Total time for which application threads were stopped: 0,0001224 seconds, Stopping threads took: 0,0000441 seconds
2017-03-23T15:25:43.808+0100: 5,201: Total time for which application threads were stopped: 0,0000648 seconds, Stopping threads took: 0,0000178 seconds
2017-03-23T15:27:10.818+0100: 92,210: Total time for which application threads were stopped: 0,0000721 seconds, Stopping threads took: 0,0000196 seconds
2017-03-23T15:27:35.823+0100: 117,215: Total time for which application threads were stopped: 0,0007072 seconds, Stopping threads took: 0,0002659 seconds
2017-03-23T15:27:40.824+0100: 122,216: Total time for which application threads were stopped: 0,0000640 seconds, Stopping threads took: 0,0000165 seconds
2017-03-23T15:30:15.841+0100: 277,233: Total time for which application threads were stopped: 0,0001195 seconds, Stopping threads took: 0,0000469 seconds
2017-03-23T15:49:04.965+0100: 1406,357: Total time for which application threads were stopped: 0,0000845 seconds, Stopping threads took: 0,0000317 seconds
2017-03-23T15:54:19.997+0100: 1721,390: Total time for which application threads were stopped: 0,0000942 seconds, Stopping threads took: 0,0000316 seconds
2017-03-23T16:04:00.054+0100: 2301,446: Total time for which application threads were stopped: 0,0000905 seconds, Stopping threads took: 0,0000338 seconds
2017-03-23T16:04:01.054+0100: 2302,447: Total time for which application threads were stopped: 0,0000695 seconds, Stopping threads took: 0,0000147 seconds
2017-03-23T16:08:10.080+0100: 2551,472: Total time for which application threads were stopped: 0,0003669 seconds, Stopping threads took: 0,0001467 seconds
2017-03-23T16:18:56.171+0100: 3197,563: Total time for which application threads were stopped: 0,0000824 seconds, Stopping threads took: 0,0000323 seconds
2017-03-23T16:28:25.232+0100: 3766,624: Total time for which application threads were stopped: 0,0001141 seconds, Stopping threads took: 0,0000402 seconds
2017-03-23T16:31:30.251+0100: 3951,643: Total time for which application threads were stopped: 0,0001089 seconds, Stopping threads took: 0,0000412 seconds
2017-03-23T16:31:40.252+0100: 3961,645: Total time for which application threads were stopped: 0,0000789 seconds, Stopping threads took: 0,0000303 seconds
2017-03-23T16:43:56.331+0100: 4697,723: Total time for which application threads were stopped: 0,0000802 seconds, Stopping threads took: 0,0000305 seconds
2017-03-23T16:44:01.331+0100: 4702,723: Total time for which application threads were stopped: 0,0000891 seconds, Stopping threads took: 0,0000320 seconds
2017-03-23T17:10:01.552+0100: 6262,944: Total time for which application threads were stopped: 0,0000914 seconds, Stopping threads took: 0,0000361 seconds
2017-03-23T17:27:40.685+0100: 7322,077: Total time for which application threads were stopped: 0,0000977 seconds, Stopping threads took: 0,0000323 seconds
2017-03-23T17:33:40.721+0100: 7682,113: Total time for which application threads were stopped: 0,0000830 seconds, Stopping threads took: 0,0000329 seconds
2017-03-23T17:34:10.724+0100: 7712,116: Total time for which application threads were stopped: 0,0000961 seconds, Stopping threads took: 0,0000331 seconds
2017-03-23T19:09:21.360+0100: 13422,752: Total time for which application threads were stopped: 0,0000635 seconds, Stopping threads took: 0,0000151 seconds
2017-03-23T19:43:40.632+0100: 15482,024: Total time for which application threads were stopped: 0,0001905 seconds, Stopping threads took: 0,0000757 seconds
2017-03-23T20:43:41.085+0100: 19082,477: Total time for which application threads were stopped: 0,0000796 seconds, Stopping threads took: 0,0000314 seconds
2017-03-23T20:45:41.099+0100: 19202,491: Total time for which application threads were stopped: 0,0000929 seconds, Stopping threads took: 0,0000383 seconds
{Heap before GC invocations=10 (full 1):
 par new generation   total 109248K, used 92020K [0x00000000e0000000, 0x00000000e8000000, 0x00000000e8000000)
  eden space 87424K, 100% used [0x00000000e0000000, 0x00000000e5560000, 0x00000000e5560000)
  from space 21824K,  21% used [0x00000000e5560000, 0x00000000e59dd3c0, 0x00000000e6ab0000)
  to   space 21824K,   0% used [0x00000000e6ab0000, 0x00000000e6ab0000, 0x00000000e8000000)
 concurrent mark-sweep generation total 393216K, used 6794K [0x00000000e8000000, 0x0000000100000000, 0x0000000100000000)
 Metaspace       used 28066K, capacity 28570K, committed 28796K, reserved 1075200K
  class space    used 3218K, capacity 3392K, committed 3452K, reserved 1048576K
2017-03-24T00:57:51.251+0100: 34332,643: [GC (Allocation Failure) 2017-03-24T00:57:51.251+0100: 34332,643: [ParNew
Desired survivor size 20112992 bytes, new threshold 8 (max 8)
- age   1:   11271872 bytes,   11271872 total
- age   2:      11784 bytes,   11283656 total
- age   3:     180880 bytes,   11464536 total
- age   4:     202056 bytes,   11666592 total
- age   5:    1790656 bytes,   13457248 total
- age   6:       4600 bytes,   13461848 total
- age   7:      54792 bytes,   13516640 total
- age   8:     106728 bytes,   13623368 total
: 92020K->14981K(109248K), 0,0817888 secs] 98815K->21987K(502464K), 0,0818884 secs] [Times: user=0,05 sys=0,00, real=0,08 secs] 
Heap after GC invocations=11 (full 1):
 par new generation   total 109248K, used 14981K [0x00000000e0000000, 0x00000000e8000000, 0x00000000e8000000)
  eden space 87424K,   0% used [0x00000000e0000000, 0x00000000e0000000, 0x00000000e5560000)
  from space 21824K,  68% used [0x00000000e6ab0000, 0x00000000e7951600, 0x00000000e8000000)
  to   space 21824K,   0% used [0x00000000e5560000, 0x00000000e5560000, 0x00000000e6ab0000)
 concurrent mark-sweep generation total 393216K, used 7006K [0x00000000e8000000, 0x0000000100000000, 0x0000000100000000)
 Metaspace       used 28066K, capacity 28570K, committed 28796K, reserved 1075200K
  class space    used 3218K, capacity 3392K, committed 3452K, reserved 1048576K
}
2017-03-24T00:57:51.333+0100: 34332,725: Total time for which application threads were stopped: 0,0820934 seconds, Stopping threads took: 0,0000239 seconds
2017-03-24T00:57:51.378+0100: 34332,770: Total time for which application threads were stopped: 0,0391899 seconds, Stopping threads took: 0,0391036 seconds
2017-03-24T00:57:51.378+0100: 34332,771: Total time for which application threads were stopped: 0,0000440 seconds, Stopping threads took: 0,0000112 seconds
2017-03-24T00:57:51.413+0100: 34332,805: Total time for which application threads were stopped: 0,0001125 seconds, Stopping threads took: 0,0000273 seconds
2017-03-24T00:57:51.436+0100: 34332,828: Total time for which application threads were stopped: 0,0066096 seconds, Stopping threads took: 0,0065188 seconds
2017-03-24T00:57:51.437+0100: 34332,829: Total time for which application threads were stopped: 0,0000662 seconds, Stopping threads took: 0,0000220 seconds
2017-03-24T00:57:51.437+0100: 34332,829: Total time for which application threads were stopped: 0,0000433 seconds, Stopping threads took: 0,0000119 seconds
2017-03-24T00:57:51.437+0100: 34332,829: Total time for which application threads were stopped: 0,0000415 seconds, Stopping threads took: 0,0000111 seconds
2017-03-24T00:57:51.437+0100: 34332,829: Total time for which application threads were stopped: 0,0000414 seconds, Stopping threads took: 0,0000111 seconds
2017-03-24T00:57:51.440+0100: 34332,832: Total time for which application threads were stopped: 0,0004008 seconds, Stopping threads took: 0,0001024 seconds
2017-03-24T00:57:51.454+0100: 34332,847: Total time for which application threads were stopped: 0,0000930 seconds, Stopping threads took: 0,0000164 seconds
2017-03-24T00:57:51.462+0100: 34332,854: Total time for which application threads were stopped: 0,0037450 seconds, Stopping threads took: 0,0036454 seconds
2017-03-24T00:57:51.463+0100: 34332,855: Total time for which application threads were stopped: 0,0002550 seconds, Stopping threads took: 0,0001987 seconds
2017-03-24T00:57:51.463+0100: 34332,855: Total time for which application threads were stopped: 0,0000492 seconds, Stopping threads took: 0,0000216 seconds
2017-03-24T00:57:51.463+0100: 34332,856: Total time for which application threads were stopped: 0,0000736 seconds, Stopping threads took: 0,0000403 seconds
2017-03-24T00:57:51.463+0100: 34332,856: Total time for which application threads were stopped: 0,0000540 seconds, Stopping threads took: 0,0000261 seconds
2017-03-24T00:57:51.464+0100: 34332,857: Total time for which application threads were stopped: 0,0000825 seconds, Stopping threads took: 0,0000302 seconds
2017-03-24T00:57:51.465+0100: 34332,857: Total time for which application threads were stopped: 0,0000475 seconds, Stopping threads took: 0,0000162 seconds
2017-03-24T00:57:51.465+0100: 34332,857: Total time for which application threads were stopped: 0,0000315 seconds, Stopping threads took: 0,0000093 seconds
2017-03-24T00:57:51.465+0100: 34332,857: Total time for which application threads were stopped: 0,0000427 seconds, Stopping threads took: 0,0000177 seconds
2017-03-24T00:57:51.465+0100: 34332,857: Total time for which application threads were stopped: 0,0000396 seconds, Stopping threads took: 0,0000179 seconds
2017-03-24T00:57:51.465+0100: 34332,857: Total time for which application threads were stopped: 0,0000647 seconds, Stopping threads took: 0,0000249 seconds
2017-03-24T00:57:51.465+0100: 34332,858: Total time for which application threads were stopped: 0,0000494 seconds, Stopping threads took: 0,0000143 seconds
2017-03-24T00:57:51.465+0100: 34332,858: Total time for which application threads were stopped: 0,0000403 seconds, Stopping threads took: 0,0000145 seconds
2017-03-24T00:57:51.466+0100: 34332,858: Total time for which application threads were stopped: 0,0000654 seconds, Stopping threads took: 0,0000225 seconds
2017-03-24T00:57:51.466+0100: 34332,858: Total time for which application threads were stopped: 0,0000506 seconds, Stopping threads took: 0,0000160 seconds
2017-03-24T00:57:51.466+0100: 34332,859: Total time for which application threads were stopped: 0,0000410 seconds, Stopping threads took: 0,0000118 seconds
2017-03-24T00:57:51.466+0100: 34332,859: Total time for which application threads were stopped: 0,0000279 seconds, Stopping threads took: 0,0000060 seconds
2017-03-24T00:57:51.467+0100: 34332,859: Total time for which application threads were stopped: 0,0001349 seconds, Stopping threads took: 0,0000106 seconds
2017-03-24T00:57:51.467+0100: 34332,860: Total time for which application threads were stopped: 0,0000807 seconds, Stopping threads took: 0,0000317 seconds
2017-03-24T00:57:51.468+0100: 34332,860: Total time for which application threads were stopped: 0,0001159 seconds, Stopping threads took: 0,0000267 seconds
2017-03-24T00:57:51.469+0100: 34332,861: Total time for which application threads were stopped: 0,0000875 seconds, Stopping threads took: 0,0000289 seconds
2017-03-24T00:57:51.470+0100: 34332,862: Total time for which application threads were stopped: 0,0001069 seconds, Stopping threads took: 0,0000344 seconds
Heap
 par new generation   total 109248K, used 25627K [0x00000000e0000000, 0x00000000e8000000, 0x00000000e8000000)
  eden space 87424K,  12% used [0x00000000e0000000, 0x00000000e0a65700, 0x00000000e5560000)
  from space 21824K,  68% used [0x00000000e6ab0000, 0x00000000e7951600, 0x00000000e8000000)
  to   space 21824K,   0% used [0x00000000e5560000, 0x00000000e5560000, 0x00000000e6ab0000)
 concurrent mark-sweep generation total 393216K, used 7006K [0x00000000e8000000, 0x0000000100000000, 0x0000000100000000)
 Metaspace       used 28161K, capacity 28738K, committed 28796K, reserved 1075200K
  class space    used 3231K, capacity 3426K, committed 3452K, reserved 1048576K
