OpenJDK 64-Bit Server VM (25.121-b13) for linux-amd64 JRE (1.8.0_121-8u121-b13-0ubuntu1.16.04.2-b13), built on Jan 23 2017 15:51:29 by "buildd" with gcc 5.4.0 20160609
Memory: 4k page, physical 7867760k(7497672k free), swap 8076284k(8076284k free)
CommandLine flags: -XX:CMSInitiatingOccupancyFraction=50 -XX:CMSMaxAbortablePrecleanTime=6000 -XX:+CMSParallelRemarkEnabled -XX:+CMSScavengeBeforeRemark -XX:ConcGCThreads=4 -XX:InitialHeapSize=536870912 -XX:MaxHeapSize=536870912 -XX:MaxTenuringThreshold=8 -XX:NewRatio=3 -XX:OldPLABSize=16 -XX:OnOutOfMemoryError=/opt/solr/bin/oom_solr.sh 8983 /var/solr/logs -XX:ParallelGCThreads=4 -XX:+ParallelRefProcEnabled -XX:PretenureSizeThreshold=67108864 -XX:+PrintGC -XX:+PrintGCApplicationStoppedTime -XX:+PrintGCDateStamps -XX:+PrintGCDetails -XX:+PrintGCTimeStamps -XX:+PrintHeapAtGC -XX:+PrintTenuringDistribution -XX:SurvivorRatio=4 -XX:TargetSurvivorRatio=90 -XX:ThreadStackSize=256 -XX:+UseCMSInitiatingOccupancyOnly -XX:+UseCompressedClassPointers -XX:+UseCompressedOops -XX:+UseConcMarkSweepGC -XX:+UseParNewGC 
2017-03-06T19:35:18.754+0100: 0,136: Total time for which application threads were stopped: 0,0000699 seconds, Stopping threads took: 0,0000112 seconds
2017-03-06T19:35:18.829+0100: 0,212: Total time for which application threads were stopped: 0,0001089 seconds, Stopping threads took: 0,0000161 seconds
2017-03-06T19:35:18.847+0100: 0,230: Total time for which application threads were stopped: 0,0001049 seconds, Stopping threads took: 0,0000111 seconds
2017-03-06T19:35:19.533+0100: 0,916: Total time for which application threads were stopped: 0,0001836 seconds, Stopping threads took: 0,0000143 seconds
2017-03-06T19:35:19.649+0100: 1,032: Total time for which application threads were stopped: 0,0001421 seconds, Stopping threads took: 0,0000120 seconds
2017-03-06T19:35:19.762+0100: 1,145: Total time for which application threads were stopped: 0,0002550 seconds, Stopping threads took: 0,0000213 seconds
2017-03-06T19:35:20.068+0100: 1,451: Total time for which application threads were stopped: 0,0001775 seconds, Stopping threads took: 0,0000178 seconds
2017-03-06T19:35:20.288+0100: 1,670: Total time for which application threads were stopped: 0,0001823 seconds, Stopping threads took: 0,0000139 seconds
2017-03-06T19:35:20.311+0100: 1,693: Total time for which application threads were stopped: 0,0001699 seconds, Stopping threads took: 0,0000255 seconds
2017-03-06T19:35:20.350+0100: 1,732: Total time for which application threads were stopped: 0,0012240 seconds, Stopping threads took: 0,0001182 seconds
2017-03-06T19:35:20.351+0100: 1,734: Total time for which application threads were stopped: 0,0002016 seconds, Stopping threads took: 0,0000166 seconds
2017-03-06T19:35:20.369+0100: 1,751: Total time for which application threads were stopped: 0,0001648 seconds, Stopping threads took: 0,0000233 seconds
2017-03-06T19:35:20.434+0100: 1,817: Total time for which application threads were stopped: 0,0002343 seconds, Stopping threads took: 0,0000196 seconds
2017-03-06T19:35:20.613+0100: 1,996: Total time for which application threads were stopped: 0,0003260 seconds, Stopping threads took: 0,0000679 seconds
{Heap before GC invocations=0 (full 0):
 par new generation   total 109248K, used 87424K [0x00000000e0000000, 0x00000000e8000000, 0x00000000e8000000)
  eden space 87424K, 100% used [0x00000000e0000000, 0x00000000e5560000, 0x00000000e5560000)
  from space 21824K,   0% used [0x00000000e5560000, 0x00000000e5560000, 0x00000000e6ab0000)
  to   space 21824K,   0% used [0x00000000e6ab0000, 0x00000000e6ab0000, 0x00000000e8000000)
 concurrent mark-sweep generation total 393216K, used 0K [0x00000000e8000000, 0x0000000100000000, 0x0000000100000000)
 Metaspace       used 18038K, capacity 18336K, committed 18688K, reserved 1064960K
  class space    used 2043K, capacity 2196K, committed 2304K, reserved 1048576K
2017-03-06T19:35:20.720+0100: 2,102: [GC (Allocation Failure) 2017-03-06T19:35:20.720+0100: 2,102: [ParNew
Desired survivor size 20112992 bytes, new threshold 8 (max 8)
- age   1:   12635600 bytes,   12635600 total
: 87424K->12454K(109248K), 0,0163464 secs] 87424K->12454K(502464K), 0,0164456 secs] [Times: user=0,06 sys=0,00, real=0,02 secs] 
Heap after GC invocations=1 (full 0):
 par new generation   total 109248K, used 12454K [0x00000000e0000000, 0x00000000e8000000, 0x00000000e8000000)
  eden space 87424K,   0% used [0x00000000e0000000, 0x00000000e0000000, 0x00000000e5560000)
  from space 21824K,  57% used [0x00000000e6ab0000, 0x00000000e76d9b20, 0x00000000e8000000)
  to   space 21824K,   0% used [0x00000000e5560000, 0x00000000e5560000, 0x00000000e6ab0000)
 concurrent mark-sweep generation total 393216K, used 0K [0x00000000e8000000, 0x0000000100000000, 0x0000000100000000)
 Metaspace       used 18038K, capacity 18336K, committed 18688K, reserved 1064960K
  class space    used 2043K, capacity 2196K, committed 2304K, reserved 1048576K
}
2017-03-06T19:35:20.736+0100: 2,119: Total time for which application threads were stopped: 0,0166775 seconds, Stopping threads took: 0,0000259 seconds
2017-03-06T19:35:21.008+0100: 2,390: Total time for which application threads were stopped: 0,0003800 seconds, Stopping threads took: 0,0000514 seconds
2017-03-06T19:35:21.043+0100: 2,426: Total time for which application threads were stopped: 0,0003339 seconds, Stopping threads took: 0,0000547 seconds
{Heap before GC invocations=1 (full 0):
 par new generation   total 109248K, used 99878K [0x00000000e0000000, 0x00000000e8000000, 0x00000000e8000000)
  eden space 87424K, 100% used [0x00000000e0000000, 0x00000000e5560000, 0x00000000e5560000)
  from space 21824K,  57% used [0x00000000e6ab0000, 0x00000000e76d9b20, 0x00000000e8000000)
  to   space 21824K,   0% used [0x00000000e5560000, 0x00000000e5560000, 0x00000000e6ab0000)
 concurrent mark-sweep generation total 393216K, used 0K [0x00000000e8000000, 0x0000000100000000, 0x0000000100000000)
 Metaspace       used 20036K, capacity 20370K, committed 20736K, reserved 1067008K
  class space    used 2298K, capacity 2471K, committed 2560K, reserved 1048576K
2017-03-06T19:35:21.050+0100: 2,433: [GC (Allocation Failure) 2017-03-06T19:35:21.050+0100: 2,433: [ParNew
Desired survivor size 20112992 bytes, new threshold 8 (max 8)
- age   1:    3667144 bytes,    3667144 total
- age   2:    6679424 bytes,   10346568 total
: 99878K->15735K(109248K), 0,0191160 secs] 99878K->15735K(502464K), 0,0191891 secs] [Times: user=0,07 sys=0,00, real=0,01 secs] 
Heap after GC invocations=2 (full 0):
 par new generation   total 109248K, used 15735K [0x00000000e0000000, 0x00000000e8000000, 0x00000000e8000000)
  eden space 87424K,   0% used [0x00000000e0000000, 0x00000000e0000000, 0x00000000e5560000)
  from space 21824K,  72% used [0x00000000e5560000, 0x00000000e64bdf40, 0x00000000e6ab0000)
  to   space 21824K,   0% used [0x00000000e6ab0000, 0x00000000e6ab0000, 0x00000000e8000000)
 concurrent mark-sweep generation total 393216K, used 0K [0x00000000e8000000, 0x0000000100000000, 0x0000000100000000)
 Metaspace       used 20036K, capacity 20370K, committed 20736K, reserved 1067008K
  class space    used 2298K, capacity 2471K, committed 2560K, reserved 1048576K
}
2017-03-06T19:35:21.069+0100: 2,452: Total time for which application threads were stopped: 0,0193873 seconds, Stopping threads took: 0,0000691 seconds
2017-03-06T19:35:21.098+0100: 2,480: Total time for which application threads were stopped: 0,0032223 seconds, Stopping threads took: 0,0029424 seconds
2017-03-06T19:35:21.238+0100: 2,621: Total time for which application threads were stopped: 0,0002378 seconds, Stopping threads took: 0,0001112 seconds
{Heap before GC invocations=2 (full 0):
 par new generation   total 109248K, used 103159K [0x00000000e0000000, 0x00000000e8000000, 0x00000000e8000000)
  eden space 87424K, 100% used [0x00000000e0000000, 0x00000000e5560000, 0x00000000e5560000)
  from space 21824K,  72% used [0x00000000e5560000, 0x00000000e64bdf40, 0x00000000e6ab0000)
  to   space 21824K,   0% used [0x00000000e6ab0000, 0x00000000e6ab0000, 0x00000000e8000000)
 concurrent mark-sweep generation total 393216K, used 0K [0x00000000e8000000, 0x0000000100000000, 0x0000000100000000)
 Metaspace       used 20965K, capacity 21292K, committed 21552K, reserved 1069056K
  class space    used 2421K, capacity 2590K, committed 2608K, reserved 1048576K
2017-03-06T19:35:21.266+0100: 2,649: [GC (Allocation Failure) 2017-03-06T19:35:21.266+0100: 2,649: [ParNew
Desired survivor size 20112992 bytes, new threshold 8 (max 8)
- age   1:    2167336 bytes,    2167336 total
- age   2:     835176 bytes,    3002512 total
- age   3:    6671040 bytes,    9673552 total
: 103159K->11232K(109248K), 0,0196797 secs] 103159K->11232K(502464K), 0,0197678 secs] [Times: user=0,06 sys=0,00, real=0,02 secs] 
Heap after GC invocations=3 (full 0):
 par new generation   total 109248K, used 11232K [0x00000000e0000000, 0x00000000e8000000, 0x00000000e8000000)
  eden space 87424K,   0% used [0x00000000e0000000, 0x00000000e0000000, 0x00000000e5560000)
  from space 21824K,  51% used [0x00000000e6ab0000, 0x00000000e75a8200, 0x00000000e8000000)
  to   space 21824K,   0% used [0x00000000e5560000, 0x00000000e5560000, 0x00000000e6ab0000)
 concurrent mark-sweep generation total 393216K, used 0K [0x00000000e8000000, 0x0000000100000000, 0x0000000100000000)
 Metaspace       used 20965K, capacity 21292K, committed 21552K, reserved 1069056K
  class space    used 2421K, capacity 2590K, committed 2608K, reserved 1048576K
}
2017-03-06T19:35:21.286+0100: 2,669: Total time for which application threads were stopped: 0,0226129 seconds, Stopping threads took: 0,0026637 seconds
2017-03-06T19:35:21.298+0100: 2,681: [GC (CMS Initial Mark) [1 CMS-initial-mark: 0K(393216K)] 20740K(502464K), 0,0052607 secs] [Times: user=0,01 sys=0,00, real=0,01 secs] 
2017-03-06T19:35:21.304+0100: 2,686: Total time for which application threads were stopped: 0,0054639 seconds, Stopping threads took: 0,0000773 seconds
2017-03-06T19:35:21.304+0100: 2,686: [CMS-concurrent-mark-start]
2017-03-06T19:35:21.304+0100: 2,687: [CMS-concurrent-mark: 0,000/0,000 secs] [Times: user=0,00 sys=0,00, real=0,00 secs] 
2017-03-06T19:35:21.304+0100: 2,687: [CMS-concurrent-preclean-start]
2017-03-06T19:35:21.305+0100: 2,688: [CMS-concurrent-preclean: 0,001/0,001 secs] [Times: user=0,01 sys=0,00, real=0,00 secs] 
2017-03-06T19:35:21.305+0100: 2,688: [CMS-concurrent-abortable-preclean-start]
{Heap before GC invocations=3 (full 1):
 par new generation   total 109248K, used 98656K [0x00000000e0000000, 0x00000000e8000000, 0x00000000e8000000)
  eden space 87424K, 100% used [0x00000000e0000000, 0x00000000e5560000, 0x00000000e5560000)
  from space 21824K,  51% used [0x00000000e6ab0000, 0x00000000e75a8200, 0x00000000e8000000)
  to   space 21824K,   0% used [0x00000000e5560000, 0x00000000e5560000, 0x00000000e6ab0000)
 concurrent mark-sweep generation total 393216K, used 0K [0x00000000e8000000, 0x0000000100000000, 0x0000000100000000)
 Metaspace       used 21223K, capacity 21568K, committed 21628K, reserved 1069056K
  class space    used 2448K, capacity 2605K, committed 2608K, reserved 1048576K
2017-03-06T19:35:21.400+0100: 2,783: [GC (Allocation Failure) 2017-03-06T19:35:21.400+0100: 2,783: [ParNew
Desired survivor size 20112992 bytes, new threshold 8 (max 8)
- age   1:    1607632 bytes,    1607632 total
- age   2:    1464392 bytes,    3072024 total
- age   3:     801896 bytes,    3873920 total
- age   4:    6671032 bytes,   10544952 total
: 98656K->14364K(109248K), 0,0103475 secs] 98656K->14364K(502464K), 0,0104211 secs] [Times: user=0,04 sys=0,01, real=0,02 secs] 
Heap after GC invocations=4 (full 1):
 par new generation   total 109248K, used 14364K [0x00000000e0000000, 0x00000000e8000000, 0x00000000e8000000)
  eden space 87424K,   0% used [0x00000000e0000000, 0x00000000e0000000, 0x00000000e5560000)
  from space 21824K,  65% used [0x00000000e5560000, 0x00000000e6367150, 0x00000000e6ab0000)
  to   space 21824K,   0% used [0x00000000e6ab0000, 0x00000000e6ab0000, 0x00000000e8000000)
 concurrent mark-sweep generation total 393216K, used 0K [0x00000000e8000000, 0x0000000100000000, 0x0000000100000000)
 Metaspace       used 21223K, capacity 21568K, committed 21628K, reserved 1069056K
  class space    used 2448K, capacity 2605K, committed 2608K, reserved 1048576K
}
2017-03-06T19:35:21.411+0100: 2,793: Total time for which application threads were stopped: 0,0106406 seconds, Stopping threads took: 0,0000574 seconds
2017-03-06T19:35:21.466+0100: 2,849: Total time for which application threads were stopped: 0,0001400 seconds, Stopping threads took: 0,0000393 seconds
{Heap before GC invocations=4 (full 1):
 par new generation   total 109248K, used 101788K [0x00000000e0000000, 0x00000000e8000000, 0x00000000e8000000)
  eden space 87424K, 100% used [0x00000000e0000000, 0x00000000e5560000, 0x00000000e5560000)
  from space 21824K,  65% used [0x00000000e5560000, 0x00000000e6367150, 0x00000000e6ab0000)
  to   space 21824K,   0% used [0x00000000e6ab0000, 0x00000000e6ab0000, 0x00000000e8000000)
 concurrent mark-sweep generation total 393216K, used 0K [0x00000000e8000000, 0x0000000100000000, 0x0000000100000000)
 Metaspace       used 21403K, capacity 21804K, committed 21960K, reserved 1069056K
  class space    used 2469K, capacity 2639K, committed 2684K, reserved 1048576K
2017-03-06T19:35:21.521+0100: 2,903: [GC (Allocation Failure) 2017-03-06T19:35:21.521+0100: 2,903: [ParNew
Desired survivor size 20112992 bytes, new threshold 8 (max 8)
- age   1:     466408 bytes,     466408 total
- age   2:     179592 bytes,     646000 total
- age   3:    1464080 bytes,    2110080 total
- age   4:     799816 bytes,    2909896 total
- age   5:    6670936 bytes,    9580832 total
: 101788K->11827K(109248K), 0,0092885 secs] 101788K->11827K(502464K), 0,0093616 secs] [Times: user=0,03 sys=0,00, real=0,02 secs] 
Heap after GC invocations=5 (full 1):
 par new generation   total 109248K, used 11827K [0x00000000e0000000, 0x00000000e8000000, 0x00000000e8000000)
  eden space 87424K,   0% used [0x00000000e0000000, 0x00000000e0000000, 0x00000000e5560000)
  from space 21824K,  54% used [0x00000000e6ab0000, 0x00000000e763cd40, 0x00000000e8000000)
  to   space 21824K,   0% used [0x00000000e5560000, 0x00000000e5560000, 0x00000000e6ab0000)
 concurrent mark-sweep generation total 393216K, used 0K [0x00000000e8000000, 0x0000000100000000, 0x0000000100000000)
 Metaspace       used 21403K, capacity 21804K, committed 21960K, reserved 1069056K
  class space    used 2469K, capacity 2639K, committed 2684K, reserved 1048576K
}
2017-03-06T19:35:21.530+0100: 2,913: Total time for which application threads were stopped: 0,0095502 seconds, Stopping threads took: 0,0000631 seconds
2017-03-06T19:35:21.530+0100: 2,913: [CMS-concurrent-abortable-preclean: 0,155/0,225 secs] [Times: user=0,84 sys=0,02, real=0,23 secs] 
2017-03-06T19:35:21.530+0100: 2,913: [GC (CMS Final Remark) [YG occupancy: 13070 K (109248 K)]{Heap before GC invocations=5 (full 1):
 par new generation   total 109248K, used 13070K [0x00000000e0000000, 0x00000000e8000000, 0x00000000e8000000)
  eden space 87424K,   1% used [0x00000000e0000000, 0x00000000e0136b90, 0x00000000e5560000)
  from space 21824K,  54% used [0x00000000e6ab0000, 0x00000000e763cd40, 0x00000000e8000000)
  to   space 21824K,   0% used [0x00000000e5560000, 0x00000000e5560000, 0x00000000e6ab0000)
 concurrent mark-sweep generation total 393216K, used 0K [0x00000000e8000000, 0x0000000100000000, 0x0000000100000000)
 Metaspace       used 21403K, capacity 21804K, committed 21960K, reserved 1069056K
  class space    used 2469K, capacity 2639K, committed 2684K, reserved 1048576K
2017-03-06T19:35:21.530+0100: 2,913: [GC (CMS Final Remark) 2017-03-06T19:35:21.530+0100: 2,913: [ParNew
Desired survivor size 20112992 bytes, new threshold 8 (max 8)
- age   1:      38136 bytes,      38136 total
- age   2:     279120 bytes,     317256 total
- age   3:     179592 bytes,     496848 total
- age   4:    1464080 bytes,    1960928 total
- age   5:     799816 bytes,    2760744 total
- age   6:    6670928 bytes,    9431672 total
: 13070K->14867K(109248K), 0,0093822 secs] 13070K->14867K(502464K), 0,0094195 secs] [Times: user=0,04 sys=0,00, real=0,00 secs] 
Heap after GC invocations=6 (full 1):
 par new generation   total 109248K, used 14867K [0x00000000e0000000, 0x00000000e8000000, 0x00000000e8000000)
  eden space 87424K,   0% used [0x00000000e0000000, 0x00000000e0000000, 0x00000000e5560000)
  from space 21824K,  68% used [0x00000000e5560000, 0x00000000e63e4d28, 0x00000000e6ab0000)
  to   space 21824K,   0% used [0x00000000e6ab0000, 0x00000000e6ab0000, 0x00000000e8000000)
 concurrent mark-sweep generation total 393216K, used 0K [0x00000000e8000000, 0x0000000100000000, 0x0000000100000000)
 Metaspace       used 21403K, capacity 21804K, committed 21960K, reserved 1069056K
  class space    used 2469K, capacity 2639K, committed 2684K, reserved 1048576K
}
2017-03-06T19:35:21.540+0100: 2,922: [Rescan (parallel) , 0,0037650 secs]2017-03-06T19:35:21.543+0100: 2,926: [weak refs processing, 0,0008562 secs]2017-03-06T19:35:21.544+0100: 2,927: [class unloading, 0,0028829 secs]2017-03-06T19:35:21.547+0100: 2,930: [scrub symbol table, 0,0025322 secs]2017-03-06T19:35:21.550+0100: 2,932: [scrub string table, 0,0004182 secs][1 CMS-remark: 0K(393216K)] 14867K(502464K), 0,0205430 secs] [Times: user=0,06 sys=0,00, real=0,02 secs] 
2017-03-06T19:35:21.551+0100: 2,933: Total time for which application threads were stopped: 0,0206793 seconds, Stopping threads took: 0,0000469 seconds
2017-03-06T19:35:21.551+0100: 2,933: [CMS-concurrent-sweep-start]
2017-03-06T19:35:21.551+0100: 2,934: [CMS-concurrent-sweep: 0,000/0,000 secs] [Times: user=0,00 sys=0,00, real=0,00 secs] 
2017-03-06T19:35:21.551+0100: 2,934: [CMS-concurrent-reset-start]
2017-03-06T19:35:21.553+0100: 2,936: [CMS-concurrent-reset: 0,002/0,002 secs] [Times: user=0,01 sys=0,00, real=0,00 secs] 
2017-03-06T19:35:21.593+0100: 2,975: Total time for which application threads were stopped: 0,0003252 seconds, Stopping threads took: 0,0000346 seconds
2017-03-06T19:35:21.775+0100: 3,158: Total time for which application threads were stopped: 0,0004071 seconds, Stopping threads took: 0,0000504 seconds
2017-03-06T19:35:21.794+0100: 3,176: Total time for which application threads were stopped: 0,0004527 seconds, Stopping threads took: 0,0000570 seconds
{Heap before GC invocations=6 (full 1):
 par new generation   total 109248K, used 102291K [0x00000000e0000000, 0x00000000e8000000, 0x00000000e8000000)
  eden space 87424K, 100% used [0x00000000e0000000, 0x00000000e5560000, 0x00000000e5560000)
  from space 21824K,  68% used [0x00000000e5560000, 0x00000000e63e4d28, 0x00000000e6ab0000)
  to   space 21824K,   0% used [0x00000000e6ab0000, 0x00000000e6ab0000, 0x00000000e8000000)
 concurrent mark-sweep generation total 393216K, used 0K [0x00000000e8000000, 0x0000000100000000, 0x0000000100000000)
 Metaspace       used 23695K, capacity 24174K, committed 24316K, reserved 1071104K
  class space    used 2788K, capacity 2982K, committed 3068K, reserved 1048576K
2017-03-06T19:35:21.972+0100: 3,355: [GC (Allocation Failure) 2017-03-06T19:35:21.972+0100: 3,355: [ParNew
Desired survivor size 20112992 bytes, new threshold 8 (max 8)
- age   1:    4932440 bytes,    4932440 total
- age   3:     128512 bytes,    5060952 total
- age   4:     178240 bytes,    5239192 total
- age   5:     294456 bytes,    5533648 total
- age   6:     775552 bytes,    6309200 total
- age   7:    6662696 bytes,   12971896 total
: 102291K->15492K(109248K), 0,0147562 secs] 102291K->15492K(502464K), 0,0148331 secs] [Times: user=0,05 sys=0,00, real=0,01 secs] 
Heap after GC invocations=7 (full 1):
 par new generation   total 109248K, used 15492K [0x00000000e0000000, 0x00000000e8000000, 0x00000000e8000000)
  eden space 87424K,   0% used [0x00000000e0000000, 0x00000000e0000000, 0x00000000e5560000)
  from space 21824K,  70% used [0x00000000e6ab0000, 0x00000000e79d1370, 0x00000000e8000000)
  to   space 21824K,   0% used [0x00000000e5560000, 0x00000000e5560000, 0x00000000e6ab0000)
 concurrent mark-sweep generation total 393216K, used 0K [0x00000000e8000000, 0x0000000100000000, 0x0000000100000000)
 Metaspace       used 23695K, capacity 24174K, committed 24316K, reserved 1071104K
  class space    used 2788K, capacity 2982K, committed 3068K, reserved 1048576K
}
2017-03-06T19:35:21.987+0100: 3,370: Total time for which application threads were stopped: 0,0151552 seconds, Stopping threads took: 0,0000580 seconds
{Heap before GC invocations=7 (full 1):
 par new generation   total 109248K, used 102916K [0x00000000e0000000, 0x00000000e8000000, 0x00000000e8000000)
  eden space 87424K, 100% used [0x00000000e0000000, 0x00000000e5560000, 0x00000000e5560000)
  from space 21824K,  70% used [0x00000000e6ab0000, 0x00000000e79d1370, 0x00000000e8000000)
  to   space 21824K,   0% used [0x00000000e5560000, 0x00000000e5560000, 0x00000000e6ab0000)
 concurrent mark-sweep generation total 393216K, used 0K [0x00000000e8000000, 0x0000000100000000, 0x0000000100000000)
 Metaspace       used 24300K, capacity 24772K, committed 24828K, reserved 1071104K
  class space    used 2858K, capacity 3050K, committed 3068K, reserved 1048576K
2017-03-06T19:35:22.095+0100: 3,478: [GC (Allocation Failure) 2017-03-06T19:35:22.095+0100: 3,478: [ParNew
Desired survivor size 20112992 bytes, new threshold 8 (max 8)
- age   1:    1707088 bytes,    1707088 total
- age   2:    1719888 bytes,    3426976 total
- age   4:      54304 bytes,    3481280 total
- age   5:     102240 bytes,    3583520 total
- age   6:     209048 bytes,    3792568 total
- age   7:     722392 bytes,    4514960 total
- age   8:    6128392 bytes,   10643352 total
: 102916K->15911K(109248K), 0,0175446 secs] 102916K->15911K(502464K), 0,0176272 secs] [Times: user=0,06 sys=0,00, real=0,02 secs] 
Heap after GC invocations=8 (full 1):
 par new generation   total 109248K, used 15911K [0x00000000e0000000, 0x00000000e8000000, 0x00000000e8000000)
  eden space 87424K,   0% used [0x00000000e0000000, 0x00000000e0000000, 0x00000000e5560000)
  from space 21824K,  72% used [0x00000000e5560000, 0x00000000e64e9d60, 0x00000000e6ab0000)
  to   space 21824K,   0% used [0x00000000e6ab0000, 0x00000000e6ab0000, 0x00000000e8000000)
 concurrent mark-sweep generation total 393216K, used 0K [0x00000000e8000000, 0x0000000100000000, 0x0000000100000000)
 Metaspace       used 24300K, capacity 24772K, committed 24828K, reserved 1071104K
  class space    used 2858K, capacity 3050K, committed 3068K, reserved 1048576K
}
2017-03-06T19:35:22.113+0100: 3,495: Total time for which application threads were stopped: 0,0178666 seconds, Stopping threads took: 0,0000444 seconds
{Heap before GC invocations=8 (full 1):
 par new generation   total 109248K, used 103335K [0x00000000e0000000, 0x00000000e8000000, 0x00000000e8000000)
  eden space 87424K, 100% used [0x00000000e0000000, 0x00000000e5560000, 0x00000000e5560000)
  from space 21824K,  72% used [0x00000000e5560000, 0x00000000e64e9d60, 0x00000000e6ab0000)
  to   space 21824K,   0% used [0x00000000e6ab0000, 0x00000000e6ab0000, 0x00000000e8000000)
 concurrent mark-sweep generation total 393216K, used 0K [0x00000000e8000000, 0x0000000100000000, 0x0000000100000000)
 Metaspace       used 24819K, capacity 25262K, committed 25468K, reserved 1071104K
  class space    used 2903K, capacity 3084K, committed 3196K, reserved 1048576K
2017-03-06T19:35:22.226+0100: 3,609: [GC (Allocation Failure) 2017-03-06T19:35:22.226+0100: 3,609: [ParNew
Desired survivor size 20112992 bytes, new threshold 8 (max 8)
- age   1:    1500872 bytes,    1500872 total
- age   2:     622336 bytes,    2123208 total
- age   3:    1696848 bytes,    3820056 total
- age   5:      54304 bytes,    3874360 total
- age   6:      99664 bytes,    3974024 total
- age   7:     205752 bytes,    4179776 total
- age   8:     720824 bytes,    4900600 total
: 103335K->6562K(109248K), 0,0343893 secs] 103335K->12630K(502464K), 0,0344667 secs] [Times: user=0,11 sys=0,00, real=0,03 secs] 
Heap after GC invocations=9 (full 1):
 par new generation   total 109248K, used 6562K [0x00000000e0000000, 0x00000000e8000000, 0x00000000e8000000)
  eden space 87424K,   0% used [0x00000000e0000000, 0x00000000e0000000, 0x00000000e5560000)
  from space 21824K,  30% used [0x00000000e6ab0000, 0x00000000e7118bb8, 0x00000000e8000000)
  to   space 21824K,   0% used [0x00000000e5560000, 0x00000000e5560000, 0x00000000e6ab0000)
 concurrent mark-sweep generation total 393216K, used 6067K [0x00000000e8000000, 0x0000000100000000, 0x0000000100000000)
 Metaspace       used 24819K, capacity 25262K, committed 25468K, reserved 1071104K
  class space    used 2903K, capacity 3084K, committed 3196K, reserved 1048576K
}
2017-03-06T19:35:22.261+0100: 3,643: Total time for which application threads were stopped: 0,0346732 seconds, Stopping threads took: 0,0000438 seconds
2017-03-06T19:35:22.552+0100: 3,935: Total time for which application threads were stopped: 0,0004862 seconds, Stopping threads took: 0,0000234 seconds
2017-03-06T19:35:22.564+0100: 3,947: Total time for which application threads were stopped: 0,0004203 seconds, Stopping threads took: 0,0000351 seconds
2017-03-06T19:35:22.627+0100: 4,009: Total time for which application threads were stopped: 0,0004406 seconds, Stopping threads took: 0,0000265 seconds
2017-03-06T19:35:22.667+0100: 4,049: Total time for which application threads were stopped: 0,0008893 seconds, Stopping threads took: 0,0005245 seconds
2017-03-06T19:35:22.668+0100: 4,050: Total time for which application threads were stopped: 0,0001255 seconds, Stopping threads took: 0,0000502 seconds
2017-03-06T19:35:22.671+0100: 4,053: Total time for which application threads were stopped: 0,0001483 seconds, Stopping threads took: 0,0000414 seconds
2017-03-06T19:35:22.671+0100: 4,053: Total time for which application threads were stopped: 0,0000970 seconds, Stopping threads took: 0,0000308 seconds
2017-03-06T19:35:22.671+0100: 4,054: Total time for which application threads were stopped: 0,0000944 seconds, Stopping threads took: 0,0000206 seconds
2017-03-06T19:35:22.674+0100: 4,057: Total time for which application threads were stopped: 0,0025893 seconds, Stopping threads took: 0,0025304 seconds
2017-03-06T19:35:22.674+0100: 4,057: Total time for which application threads were stopped: 0,0000860 seconds, Stopping threads took: 0,0000332 seconds
2017-03-06T19:35:22.674+0100: 4,057: Total time for which application threads were stopped: 0,0001017 seconds, Stopping threads took: 0,0000232 seconds
2017-03-06T19:35:22.675+0100: 4,057: Total time for which application threads were stopped: 0,0001096 seconds, Stopping threads took: 0,0000324 seconds
2017-03-06T19:35:22.675+0100: 4,057: Total time for which application threads were stopped: 0,0000817 seconds, Stopping threads took: 0,0000256 seconds
2017-03-06T19:35:22.675+0100: 4,058: Total time for which application threads were stopped: 0,0000880 seconds, Stopping threads took: 0,0000222 seconds
2017-03-06T19:35:22.675+0100: 4,058: Total time for which application threads were stopped: 0,0001025 seconds, Stopping threads took: 0,0000246 seconds
2017-03-06T19:35:22.675+0100: 4,058: Total time for which application threads were stopped: 0,0000837 seconds, Stopping threads took: 0,0000188 seconds
2017-03-06T19:35:22.676+0100: 4,058: Total time for which application threads were stopped: 0,0000835 seconds, Stopping threads took: 0,0000313 seconds
2017-03-06T19:35:22.676+0100: 4,058: Total time for which application threads were stopped: 0,0000997 seconds, Stopping threads took: 0,0000446 seconds
2017-03-06T19:35:22.676+0100: 4,058: Total time for which application threads were stopped: 0,0000664 seconds, Stopping threads took: 0,0000169 seconds
2017-03-06T19:35:22.676+0100: 4,059: Total time for which application threads were stopped: 0,0000959 seconds, Stopping threads took: 0,0000305 seconds
2017-03-06T19:35:22.676+0100: 4,059: Total time for which application threads were stopped: 0,0000716 seconds, Stopping threads took: 0,0000196 seconds
2017-03-06T19:35:22.676+0100: 4,059: Total time for which application threads were stopped: 0,0000749 seconds, Stopping threads took: 0,0000297 seconds
2017-03-06T19:35:22.677+0100: 4,059: Total time for which application threads were stopped: 0,0000611 seconds, Stopping threads took: 0,0000192 seconds
2017-03-06T19:35:22.677+0100: 4,059: Total time for which application threads were stopped: 0,0001223 seconds, Stopping threads took: 0,0000198 seconds
2017-03-06T19:35:22.678+0100: 4,061: Total time for which application threads were stopped: 0,0000861 seconds, Stopping threads took: 0,0000163 seconds
2017-03-06T19:35:22.679+0100: 4,061: Total time for which application threads were stopped: 0,0000733 seconds, Stopping threads took: 0,0000275 seconds
2017-03-06T19:35:22.679+0100: 4,061: Total time for which application threads were stopped: 0,0000533 seconds, Stopping threads took: 0,0000084 seconds
2017-03-06T19:35:22.679+0100: 4,062: Total time for which application threads were stopped: 0,0000574 seconds, Stopping threads took: 0,0000127 seconds
2017-03-06T19:35:22.679+0100: 4,062: Total time for which application threads were stopped: 0,0000533 seconds, Stopping threads took: 0,0000098 seconds
2017-03-06T19:35:22.679+0100: 4,062: Total time for which application threads were stopped: 0,0000468 seconds, Stopping threads took: 0,0000071 seconds
2017-03-06T19:35:22.679+0100: 4,062: Total time for which application threads were stopped: 0,0001226 seconds, Stopping threads took: 0,0000791 seconds
2017-03-06T19:35:22.680+0100: 4,062: Total time for which application threads were stopped: 0,0000578 seconds, Stopping threads took: 0,0000201 seconds
2017-03-06T19:35:22.681+0100: 4,064: Total time for which application threads were stopped: 0,0001177 seconds, Stopping threads took: 0,0000432 seconds
2017-03-06T19:35:22.682+0100: 4,065: Total time for which application threads were stopped: 0,0000747 seconds, Stopping threads took: 0,0000168 seconds
2017-03-06T19:35:22.683+0100: 4,065: Total time for which application threads were stopped: 0,0000695 seconds, Stopping threads took: 0,0000127 seconds
2017-03-06T19:35:22.683+0100: 4,066: Total time for which application threads were stopped: 0,0000516 seconds, Stopping threads took: 0,0000103 seconds
2017-03-06T19:35:22.684+0100: 4,067: Total time for which application threads were stopped: 0,0000648 seconds, Stopping threads took: 0,0000160 seconds
2017-03-06T19:35:22.685+0100: 4,067: Total time for which application threads were stopped: 0,0000627 seconds, Stopping threads took: 0,0000119 seconds
2017-03-06T19:35:22.685+0100: 4,068: Total time for which application threads were stopped: 0,0000507 seconds, Stopping threads took: 0,0000099 seconds
2017-03-06T19:35:22.685+0100: 4,068: Total time for which application threads were stopped: 0,0000527 seconds, Stopping threads took: 0,0000099 seconds
2017-03-06T19:35:22.686+0100: 4,069: Total time for which application threads were stopped: 0,0000608 seconds, Stopping threads took: 0,0000138 seconds
2017-03-06T19:35:22.687+0100: 4,069: Total time for which application threads were stopped: 0,0000565 seconds, Stopping threads took: 0,0000203 seconds
2017-03-06T19:35:22.687+0100: 4,070: Total time for which application threads were stopped: 0,0000438 seconds, Stopping threads took: 0,0000086 seconds
2017-03-06T19:35:22.687+0100: 4,070: Total time for which application threads were stopped: 0,0001304 seconds, Stopping threads took: 0,0000251 seconds
2017-03-06T19:35:22.712+0100: 4,095: Total time for which application threads were stopped: 0,0001970 seconds, Stopping threads took: 0,0000648 seconds
2017-03-06T19:35:22.740+0100: 4,123: Total time for which application threads were stopped: 0,0001405 seconds, Stopping threads took: 0,0000371 seconds
2017-03-06T19:35:22.741+0100: 4,124: Total time for which application threads were stopped: 0,0004360 seconds, Stopping threads took: 0,0000109 seconds
2017-03-06T19:35:23.741+0100: 5,124: Total time for which application threads were stopped: 0,0000772 seconds, Stopping threads took: 0,0000168 seconds
2017-03-06T19:36:50.757+0100: 92,140: Total time for which application threads were stopped: 0,0002524 seconds, Stopping threads took: 0,0000709 seconds
2017-03-06T19:37:20.762+0100: 122,144: Total time for which application threads were stopped: 0,0001841 seconds, Stopping threads took: 0,0000707 seconds
{Heap before GC invocations=9 (full 1):
 par new generation   total 109248K, used 93986K [0x00000000e0000000, 0x00000000e8000000, 0x00000000e8000000)
  eden space 87424K, 100% used [0x00000000e0000000, 0x00000000e5560000, 0x00000000e5560000)
  from space 21824K,  30% used [0x00000000e6ab0000, 0x00000000e7118bb8, 0x00000000e8000000)
  to   space 21824K,   0% used [0x00000000e5560000, 0x00000000e5560000, 0x00000000e6ab0000)
 concurrent mark-sweep generation total 393216K, used 6067K [0x00000000e8000000, 0x0000000100000000, 0x0000000100000000)
 Metaspace       used 27995K, capacity 28562K, committed 28796K, reserved 1075200K
  class space    used 3214K, capacity 3390K, committed 3452K, reserved 1048576K
2017-03-06T19:38:14.561+0100: 175,944: [GC (Allocation Failure) 2017-03-06T19:38:14.561+0100: 175,944: [ParNew
Desired survivor size 20112992 bytes, new threshold 8 (max 8)
- age   1:   10477576 bytes,   10477576 total
- age   2:     532192 bytes,   11009768 total
- age   3:     233024 bytes,   11242792 total
- age   4:    1692304 bytes,   12935096 total
- age   6:      54304 bytes,   12989400 total
- age   7:      99536 bytes,   13088936 total
- age   8:     205656 bytes,   13294592 total
: 93986K->14604K(109248K), 0,0245081 secs] 100054K->21457K(502464K), 0,0246304 secs] [Times: user=0,07 sys=0,00, real=0,03 secs] 
Heap after GC invocations=10 (full 1):
 par new generation   total 109248K, used 14604K [0x00000000e0000000, 0x00000000e8000000, 0x00000000e8000000)
  eden space 87424K,   0% used [0x00000000e0000000, 0x00000000e0000000, 0x00000000e5560000)
  from space 21824K,  66% used [0x00000000e5560000, 0x00000000e63a3390, 0x00000000e6ab0000)
  to   space 21824K,   0% used [0x00000000e6ab0000, 0x00000000e6ab0000, 0x00000000e8000000)
 concurrent mark-sweep generation total 393216K, used 6852K [0x00000000e8000000, 0x0000000100000000, 0x0000000100000000)
 Metaspace       used 27995K, capacity 28562K, committed 28796K, reserved 1075200K
  class space    used 3214K, capacity 3390K, committed 3452K, reserved 1048576K
}
2017-03-06T19:38:14.586+0100: 175,969: Total time for which application threads were stopped: 0,0249113 seconds, Stopping threads took: 0,0000723 seconds
2017-03-06T19:38:19.587+0100: 180,969: Total time for which application threads were stopped: 0,0001092 seconds, Stopping threads took: 0,0000279 seconds
2017-03-06T19:39:49.594+0100: 270,977: Total time for which application threads were stopped: 0,0001028 seconds, Stopping threads took: 0,0000386 seconds
2017-03-06T19:39:55.595+0100: 276,977: Total time for which application threads were stopped: 0,0000876 seconds, Stopping threads took: 0,0000188 seconds
2017-03-06T19:58:44.696+0100: 1406,079: Total time for which application threads were stopped: 0,0000944 seconds, Stopping threads took: 0,0000332 seconds
2017-03-06T20:03:54.720+0100: 1716,102: Total time for which application threads were stopped: 0,0000974 seconds, Stopping threads took: 0,0000348 seconds
2017-03-06T20:13:39.766+0100: 2301,148: Total time for which application threads were stopped: 0,0000837 seconds, Stopping threads took: 0,0000330 seconds
2017-03-06T20:13:40.766+0100: 2302,148: Total time for which application threads were stopped: 0,0000656 seconds, Stopping threads took: 0,0000147 seconds
2017-03-06T20:28:35.882+0100: 3197,265: Total time for which application threads were stopped: 0,0000829 seconds, Stopping threads took: 0,0000297 seconds
2017-03-06T20:37:59.953+0100: 3761,336: Total time for which application threads were stopped: 0,0001259 seconds, Stopping threads took: 0,0000452 seconds
2017-03-06T20:41:29.983+0100: 3971,366: Total time for which application threads were stopped: 0,0000828 seconds, Stopping threads took: 0,0000319 seconds
2017-03-06T20:41:44.986+0100: 3986,369: Total time for which application threads were stopped: 0,0001821 seconds, Stopping threads took: 0,0000349 seconds
2017-03-06T20:53:31.086+0100: 4692,469: Total time for which application threads were stopped: 0,0002007 seconds, Stopping threads took: 0,0000705 seconds
2017-03-06T21:19:41.296+0100: 6262,679: Total time for which application threads were stopped: 0,0001855 seconds, Stopping threads took: 0,0000626 seconds
2017-03-06T21:37:20.464+0100: 7321,847: Total time for which application threads were stopped: 0,0001954 seconds, Stopping threads took: 0,0000567 seconds
2017-03-06T21:43:20.522+0100: 7681,905: Total time for which application threads were stopped: 0,0001872 seconds, Stopping threads took: 0,0000674 seconds
2017-03-06T22:47:50.970+0100: 11552,353: Total time for which application threads were stopped: 0,0000836 seconds, Stopping threads took: 0,0000310 seconds
2017-03-06T23:51:20.361+0100: 15361,743: Total time for which application threads were stopped: 0,0000949 seconds, Stopping threads took: 0,0000374 seconds
2017-03-06T23:52:20.368+0100: 15421,750: Total time for which application threads were stopped: 0,0001281 seconds, Stopping threads took: 0,0000498 seconds
2017-03-06T23:53:03.616+0100: 15464,998: Total time for which application threads were stopped: 0,0515865 seconds, Stopping threads took: 0,0514801 seconds
2017-03-06T23:53:03.659+0100: 15465,042: Total time for which application threads were stopped: 0,0367038 seconds, Stopping threads took: 0,0366097 seconds
2017-03-06T23:53:03.700+0100: 15465,083: Total time for which application threads were stopped: 0,0037544 seconds, Stopping threads took: 0,0036523 seconds
2017-03-06T23:53:03.706+0100: 15465,089: Total time for which application threads were stopped: 0,0027673 seconds, Stopping threads took: 0,0026339 seconds
2017-03-06T23:53:03.707+0100: 15465,090: Total time for which application threads were stopped: 0,0001469 seconds, Stopping threads took: 0,0000666 seconds
2017-03-06T23:53:03.708+0100: 15465,091: Total time for which application threads were stopped: 0,0001208 seconds, Stopping threads took: 0,0000167 seconds
Heap
 par new generation   total 109248K, used 32931K [0x00000000e0000000, 0x00000000e8000000, 0x00000000e8000000)
  eden space 87424K,  20% used [0x00000000e0000000, 0x00000000e11e5a68, 0x00000000e5560000)
  from space 21824K,  66% used [0x00000000e5560000, 0x00000000e63a3390, 0x00000000e6ab0000)
  to   space 21824K,   0% used [0x00000000e6ab0000, 0x00000000e6ab0000, 0x00000000e8000000)
 concurrent mark-sweep generation total 393216K, used 6852K [0x00000000e8000000, 0x0000000100000000, 0x0000000100000000)
 Metaspace       used 28156K, capacity 28666K, committed 28796K, reserved 1075200K
  class space    used 3228K, capacity 3424K, committed 3452K, reserved 1048576K
