OpenJDK 64-Bit Server VM (25.111-b14) for linux-amd64 JRE (1.8.0_111-8u111-b14-2ubuntu0.16.04.2-b14), built on Oct 27 2016 18:10:19 by "buildd" with gcc 5.4.0 20160609
Memory: 4k page, physical 7867804k(7524252k free), swap 8076284k(8076284k free)
CommandLine flags: -XX:CMSInitiatingOccupancyFraction=50 -XX:CMSMaxAbortablePrecleanTime=6000 -XX:+CMSParallelRemarkEnabled -XX:+CMSScavengeBeforeRemark -XX:ConcGCThreads=4 -XX:InitialHeapSize=536870912 -XX:MaxHeapSize=536870912 -XX:MaxTenuringThreshold=8 -XX:NewRatio=3 -XX:OldPLABSize=16 -XX:OnOutOfMemoryError=/opt/solr/bin/oom_solr.sh 8983 /var/solr/logs -XX:ParallelGCThreads=4 -XX:+ParallelRefProcEnabled -XX:PretenureSizeThreshold=67108864 -XX:+PrintGC -XX:+PrintGCApplicationStoppedTime -XX:+PrintGCDateStamps -XX:+PrintGCDetails -XX:+PrintGCTimeStamps -XX:+PrintHeapAtGC -XX:+PrintTenuringDistribution -XX:SurvivorRatio=4 -XX:TargetSurvivorRatio=90 -XX:ThreadStackSize=256 -XX:+UseCMSInitiatingOccupancyOnly -XX:+UseCompressedClassPointers -XX:+UseCompressedOops -XX:+UseConcMarkSweepGC -XX:+UseParNewGC 
2016-12-25T01:42:50.701+0100: 0,133: Total time for which application threads were stopped: 0,0000673 seconds, Stopping threads took: 0,0000116 seconds
2016-12-25T01:42:50.770+0100: 0,202: Total time for which application threads were stopped: 0,0001325 seconds, Stopping threads took: 0,0000282 seconds
2016-12-25T01:42:50.787+0100: 0,219: Total time for which application threads were stopped: 0,0000970 seconds, Stopping threads took: 0,0000158 seconds
2016-12-25T01:42:51.011+0100: 0,443: Total time for which application threads were stopped: 0,0001420 seconds, Stopping threads took: 0,0000165 seconds
2016-12-25T01:42:51.480+0100: 0,912: Total time for which application threads were stopped: 0,0001532 seconds, Stopping threads took: 0,0000147 seconds
2016-12-25T01:42:51.640+0100: 1,072: Total time for which application threads were stopped: 0,0002914 seconds, Stopping threads took: 0,0000369 seconds
2016-12-25T01:42:51.681+0100: 1,113: Total time for which application threads were stopped: 0,0003647 seconds, Stopping threads took: 0,0000242 seconds
2016-12-25T01:42:52.011+0100: 1,443: Total time for which application threads were stopped: 0,0001812 seconds, Stopping threads took: 0,0000151 seconds
2016-12-25T01:42:52.238+0100: 1,670: Total time for which application threads were stopped: 0,0001949 seconds, Stopping threads took: 0,0000158 seconds
2016-12-25T01:42:52.261+0100: 1,693: Total time for which application threads were stopped: 0,0001746 seconds, Stopping threads took: 0,0000170 seconds
2016-12-25T01:42:52.262+0100: 1,694: Total time for which application threads were stopped: 0,0001156 seconds, Stopping threads took: 0,0000308 seconds
2016-12-25T01:42:52.277+0100: 1,709: Total time for which application threads were stopped: 0,0001493 seconds, Stopping threads took: 0,0000111 seconds
2016-12-25T01:42:52.389+0100: 1,821: Total time for which application threads were stopped: 0,0008286 seconds, Stopping threads took: 0,0000241 seconds
2016-12-25T01:42:52.534+0100: 1,966: Total time for which application threads were stopped: 0,0002895 seconds, Stopping threads took: 0,0000787 seconds
{Heap before GC invocations=0 (full 0):
 par new generation   total 109248K, used 87424K [0x00000000e0000000, 0x00000000e8000000, 0x00000000e8000000)
  eden space 87424K, 100% used [0x00000000e0000000, 0x00000000e5560000, 0x00000000e5560000)
  from space 21824K,   0% used [0x00000000e5560000, 0x00000000e5560000, 0x00000000e6ab0000)
  to   space 21824K,   0% used [0x00000000e6ab0000, 0x00000000e6ab0000, 0x00000000e8000000)
 concurrent mark-sweep generation total 393216K, used 0K [0x00000000e8000000, 0x0000000100000000, 0x0000000100000000)
 Metaspace       used 18099K, capacity 18366K, committed 18560K, reserved 1064960K
  class space    used 2054K, capacity 2162K, committed 2176K, reserved 1048576K
2016-12-25T01:42:52.653+0100: 2,085: [GC (Allocation Failure) 2016-12-25T01:42:52.653+0100: 2,085: [ParNew
Desired survivor size 20112992 bytes, new threshold 8 (max 8)
- age   1:   12323688 bytes,   12323688 total
: 87424K->12151K(109248K), 0,0159955 secs] 87424K->12151K(502464K), 0,0160879 secs] [Times: user=0,04 sys=0,02, real=0,02 secs] 
Heap after GC invocations=1 (full 0):
 par new generation   total 109248K, used 12151K [0x00000000e0000000, 0x00000000e8000000, 0x00000000e8000000)
  eden space 87424K,   0% used [0x00000000e0000000, 0x00000000e0000000, 0x00000000e5560000)
  from space 21824K,  55% used [0x00000000e6ab0000, 0x00000000e768df98, 0x00000000e8000000)
  to   space 21824K,   0% used [0x00000000e5560000, 0x00000000e5560000, 0x00000000e6ab0000)
 concurrent mark-sweep generation total 393216K, used 0K [0x00000000e8000000, 0x0000000100000000, 0x0000000100000000)
 Metaspace       used 18099K, capacity 18366K, committed 18560K, reserved 1064960K
  class space    used 2054K, capacity 2162K, committed 2176K, reserved 1048576K
}
2016-12-25T01:42:52.669+0100: 2,101: Total time for which application threads were stopped: 0,0162656 seconds, Stopping threads took: 0,0000169 seconds
2016-12-25T01:42:52.839+0100: 2,271: Total time for which application threads were stopped: 0,0002925 seconds, Stopping threads took: 0,0000373 seconds
2016-12-25T01:42:52.871+0100: 2,303: Total time for which application threads were stopped: 0,0003387 seconds, Stopping threads took: 0,0000258 seconds
2016-12-25T01:42:52.899+0100: 2,331: Total time for which application threads were stopped: 0,0003435 seconds, Stopping threads took: 0,0000291 seconds
{Heap before GC invocations=1 (full 0):
 par new generation   total 109248K, used 99575K [0x00000000e0000000, 0x00000000e8000000, 0x00000000e8000000)
  eden space 87424K, 100% used [0x00000000e0000000, 0x00000000e5560000, 0x00000000e5560000)
  from space 21824K,  55% used [0x00000000e6ab0000, 0x00000000e768df98, 0x00000000e8000000)
  to   space 21824K,   0% used [0x00000000e5560000, 0x00000000e5560000, 0x00000000e6ab0000)
 concurrent mark-sweep generation total 393216K, used 0K [0x00000000e8000000, 0x0000000100000000, 0x0000000100000000)
 Metaspace       used 20724K, capacity 21020K, committed 21248K, reserved 1069056K
  class space    used 2404K, capacity 2518K, committed 2560K, reserved 1048576K
2016-12-25T01:42:53.073+0100: 2,505: [GC (Allocation Failure) 2016-12-25T01:42:53.073+0100: 2,505: [ParNew
Desired survivor size 20112992 bytes, new threshold 8 (max 8)
- age   1:    2917616 bytes,    2917616 total
- age   2:    6101496 bytes,    9019112 total
: 99575K->13121K(109248K), 0,0185351 secs] 99575K->13121K(502464K), 0,0186201 secs] [Times: user=0,07 sys=0,00, real=0,02 secs] 
Heap after GC invocations=2 (full 0):
 par new generation   total 109248K, used 13121K [0x00000000e0000000, 0x00000000e8000000, 0x00000000e8000000)
  eden space 87424K,   0% used [0x00000000e0000000, 0x00000000e0000000, 0x00000000e5560000)
  from space 21824K,  60% used [0x00000000e5560000, 0x00000000e6230520, 0x00000000e6ab0000)
  to   space 21824K,   0% used [0x00000000e6ab0000, 0x00000000e6ab0000, 0x00000000e8000000)
 concurrent mark-sweep generation total 393216K, used 0K [0x00000000e8000000, 0x0000000100000000, 0x0000000100000000)
 Metaspace       used 20724K, capacity 21020K, committed 21248K, reserved 1069056K
  class space    used 2404K, capacity 2518K, committed 2560K, reserved 1048576K
}
2016-12-25T01:42:53.091+0100: 2,523: Total time for which application threads were stopped: 0,0188527 seconds, Stopping threads took: 0,0000282 seconds
2016-12-25T01:42:53.141+0100: 2,573: Total time for which application threads were stopped: 0,0000742 seconds, Stopping threads took: 0,0000162 seconds
2016-12-25T01:42:53.176+0100: 2,608: Total time for which application threads were stopped: 0,0000807 seconds, Stopping threads took: 0,0000144 seconds
2016-12-25T01:42:53.177+0100: 2,609: Total time for which application threads were stopped: 0,0002695 seconds, Stopping threads took: 0,0000211 seconds
2016-12-25T01:42:53.202+0100: 2,634: Total time for which application threads were stopped: 0,0000978 seconds, Stopping threads took: 0,0000284 seconds
2016-12-25T01:42:53.285+0100: 2,717: Total time for which application threads were stopped: 0,0001167 seconds, Stopping threads took: 0,0000224 seconds
2016-12-25T01:42:53.303+0100: 2,735: Total time for which application threads were stopped: 0,0000854 seconds, Stopping threads took: 0,0000199 seconds
2016-12-25T01:42:53.310+0100: 2,742: Total time for which application threads were stopped: 0,0002655 seconds, Stopping threads took: 0,0000167 seconds
2016-12-25T01:42:53.317+0100: 2,749: Total time for which application threads were stopped: 0,0002542 seconds, Stopping threads took: 0,0000134 seconds
2016-12-25T01:42:53.325+0100: 2,757: Total time for which application threads were stopped: 0,0000970 seconds, Stopping threads took: 0,0000376 seconds
2016-12-25T01:42:53.351+0100: 2,783: Total time for which application threads were stopped: 0,0000830 seconds, Stopping threads took: 0,0000205 seconds
2016-12-25T01:42:53.368+0100: 2,800: Total time for which application threads were stopped: 0,0000847 seconds, Stopping threads took: 0,0000194 seconds
2016-12-25T01:42:53.386+0100: 2,818: Total time for which application threads were stopped: 0,0000728 seconds, Stopping threads took: 0,0000158 seconds
2016-12-25T01:42:53.405+0100: 2,837: Total time for which application threads were stopped: 0,0000773 seconds, Stopping threads took: 0,0000135 seconds
2016-12-25T01:42:53.439+0100: 2,871: Total time for which application threads were stopped: 0,0001675 seconds, Stopping threads took: 0,0000277 seconds
2016-12-25T01:42:53.490+0100: 2,922: Total time for which application threads were stopped: 0,0001121 seconds, Stopping threads took: 0,0000315 seconds
2016-12-25T01:42:53.518+0100: 2,950: Total time for which application threads were stopped: 0,0001133 seconds, Stopping threads took: 0,0000370 seconds
{Heap before GC invocations=2 (full 0):
 par new generation   total 109248K, used 100545K [0x00000000e0000000, 0x00000000e8000000, 0x00000000e8000000)
  eden space 87424K, 100% used [0x00000000e0000000, 0x00000000e5560000, 0x00000000e5560000)
  from space 21824K,  60% used [0x00000000e5560000, 0x00000000e6230520, 0x00000000e6ab0000)
  to   space 21824K,   0% used [0x00000000e6ab0000, 0x00000000e6ab0000, 0x00000000e8000000)
 concurrent mark-sweep generation total 393216K, used 0K [0x00000000e8000000, 0x0000000100000000, 0x0000000100000000)
 Metaspace       used 24862K, capacity 25221K, committed 25536K, reserved 1071104K
  class space    used 2897K, capacity 3025K, committed 3144K, reserved 1048576K
2016-12-25T01:42:53.541+0100: 2,973: [GC (Allocation Failure) 2016-12-25T01:42:53.541+0100: 2,973: [ParNew
Desired survivor size 20112992 bytes, new threshold 8 (max 8)
- age   1:    6690432 bytes,    6690432 total
- age   2:     550072 bytes,    7240504 total
- age   3:    6092936 bytes,   13333440 total
: 100545K->15532K(109248K), 0,0194658 secs] 100545K->15532K(502464K), 0,0195439 secs] [Times: user=0,07 sys=0,00, real=0,02 secs] 
Heap after GC invocations=3 (full 0):
 par new generation   total 109248K, used 15532K [0x00000000e0000000, 0x00000000e8000000, 0x00000000e8000000)
  eden space 87424K,   0% used [0x00000000e0000000, 0x00000000e0000000, 0x00000000e5560000)
  from space 21824K,  71% used [0x00000000e6ab0000, 0x00000000e79db020, 0x00000000e8000000)
  to   space 21824K,   0% used [0x00000000e5560000, 0x00000000e5560000, 0x00000000e6ab0000)
 concurrent mark-sweep generation total 393216K, used 0K [0x00000000e8000000, 0x0000000100000000, 0x0000000100000000)
 Metaspace       used 24862K, capacity 25221K, committed 25536K, reserved 1071104K
  class space    used 2897K, capacity 3025K, committed 3144K, reserved 1048576K
}
2016-12-25T01:42:53.560+0100: 2,992: Total time for which application threads were stopped: 0,0196953 seconds, Stopping threads took: 0,0000242 seconds
2016-12-25T01:42:53.562+0100: 2,994: [GC (CMS Initial Mark) [1 CMS-initial-mark: 0K(393216K)] 16934K(502464K), 0,0034977 secs] [Times: user=0,00 sys=0,00, real=0,00 secs] 
2016-12-25T01:42:53.566+0100: 2,998: Total time for which application threads were stopped: 0,0036647 seconds, Stopping threads took: 0,0000881 seconds
2016-12-25T01:42:53.566+0100: 2,998: [CMS-concurrent-mark-start]
2016-12-25T01:42:53.566+0100: 2,998: [CMS-concurrent-mark: 0,001/0,001 secs] [Times: user=0,01 sys=0,00, real=0,00 secs] 
2016-12-25T01:42:53.566+0100: 2,998: [CMS-concurrent-preclean-start]
2016-12-25T01:42:53.568+0100: 3,000: [CMS-concurrent-preclean: 0,001/0,001 secs] [Times: user=0,00 sys=0,00, real=0,01 secs] 
2016-12-25T01:42:53.568+0100: 3,000: [GC (CMS Final Remark) [YG occupancy: 16934 K (109248 K)]{Heap before GC invocations=3 (full 1):
 par new generation   total 109248K, used 16934K [0x00000000e0000000, 0x00000000e8000000, 0x00000000e8000000)
  eden space 87424K,   1% used [0x00000000e0000000, 0x00000000e015e7f0, 0x00000000e5560000)
  from space 21824K,  71% used [0x00000000e6ab0000, 0x00000000e79db020, 0x00000000e8000000)
  to   space 21824K,   0% used [0x00000000e5560000, 0x00000000e5560000, 0x00000000e6ab0000)
 concurrent mark-sweep generation total 393216K, used 0K [0x00000000e8000000, 0x0000000100000000, 0x0000000100000000)
 Metaspace       used 24913K, capacity 25317K, committed 25536K, reserved 1071104K
  class space    used 2902K, capacity 3057K, committed 3144K, reserved 1048576K
2016-12-25T01:42:53.568+0100: 3,000: [GC (CMS Final Remark) 2016-12-25T01:42:53.568+0100: 3,000: [ParNew
Desired survivor size 20112992 bytes, new threshold 8 (max 8)
- age   1:      50576 bytes,      50576 total
- age   2:    3149608 bytes,    3200184 total
- age   3:     550064 bytes,    3750248 total
- age   4:    6092936 bytes,    9843184 total
: 16934K->16590K(109248K), 0,0111601 secs] 16934K->16590K(502464K), 0,0112028 secs] [Times: user=0,04 sys=0,01, real=0,01 secs] 
Heap after GC invocations=4 (full 1):
 par new generation   total 109248K, used 16590K [0x00000000e0000000, 0x00000000e8000000, 0x00000000e8000000)
  eden space 87424K,   0% used [0x00000000e0000000, 0x00000000e0000000, 0x00000000e5560000)
  from space 21824K,  76% used [0x00000000e5560000, 0x00000000e6593860, 0x00000000e6ab0000)
  to   space 21824K,   0% used [0x00000000e6ab0000, 0x00000000e6ab0000, 0x00000000e8000000)
 concurrent mark-sweep generation total 393216K, used 0K [0x00000000e8000000, 0x0000000100000000, 0x0000000100000000)
 Metaspace       used 24913K, capacity 25317K, committed 25536K, reserved 1071104K
  class space    used 2902K, capacity 3057K, committed 3144K, reserved 1048576K
}
2016-12-25T01:42:53.579+0100: 3,011: [Rescan (parallel) , 0,0040744 secs]2016-12-25T01:42:53.583+0100: 3,015: [weak refs processing, 0,0009701 secs]2016-12-25T01:42:53.584+0100: 3,016: [class unloading, 0,0033235 secs]2016-12-25T01:42:53.588+0100: 3,020: [scrub symbol table, 0,0036403 secs]2016-12-25T01:42:53.591+0100: 3,023: [scrub string table, 0,0003795 secs][1 CMS-remark: 0K(393216K)] 16590K(502464K), 0,0242948 secs] [Times: user=0,06 sys=0,01, real=0,02 secs] 
2016-12-25T01:42:53.592+0100: 3,024: Total time for which application threads were stopped: 0,0244432 seconds, Stopping threads took: 0,0000806 seconds
2016-12-25T01:42:53.592+0100: 3,024: [CMS-concurrent-sweep-start]
2016-12-25T01:42:53.592+0100: 3,024: [CMS-concurrent-sweep: 0,000/0,000 secs] [Times: user=0,00 sys=0,00, real=0,00 secs] 
2016-12-25T01:42:53.592+0100: 3,024: [CMS-concurrent-reset-start]
2016-12-25T01:42:53.594+0100: 3,026: [CMS-concurrent-reset: 0,002/0,002 secs] [Times: user=0,01 sys=0,00, real=0,00 secs] 
2016-12-25T01:42:53.649+0100: 3,081: Total time for which application threads were stopped: 0,0004428 seconds, Stopping threads took: 0,0000249 seconds
2016-12-25T01:42:53.664+0100: 3,096: Total time for which application threads were stopped: 0,0004381 seconds, Stopping threads took: 0,0000290 seconds
2016-12-25T01:42:54.625+0100: 4,057: Total time for which application threads were stopped: 0,0003026 seconds, Stopping threads took: 0,0000172 seconds
2016-12-25T01:45:32.646+0100: 162,078: Total time for which application threads were stopped: 0,0001584 seconds, Stopping threads took: 0,0000687 seconds
2016-12-25T01:45:37.647+0100: 167,079: Total time for which application threads were stopped: 0,0000606 seconds, Stopping threads took: 0,0000156 seconds
2016-12-25T01:45:51.649+0100: 181,081: Total time for which application threads were stopped: 0,0000804 seconds, Stopping threads took: 0,0000218 seconds
2016-12-25T01:46:32.652+0100: 222,084: Total time for which application threads were stopped: 0,0000835 seconds, Stopping threads took: 0,0000339 seconds
2016-12-25T01:47:21.657+0100: 271,089: Total time for which application threads were stopped: 0,0001790 seconds, Stopping threads took: 0,0000749 seconds
2016-12-25T01:47:32.658+0100: 282,090: Total time for which application threads were stopped: 0,0000601 seconds, Stopping threads took: 0,0000168 seconds
2016-12-25T01:47:37.659+0100: 287,091: Total time for which application threads were stopped: 0,0001014 seconds, Stopping threads took: 0,0000425 seconds
2016-12-25T01:47:47.660+0100: 297,092: Total time for which application threads were stopped: 0,0000831 seconds, Stopping threads took: 0,0000301 seconds
2016-12-25T01:47:51.661+0100: 301,093: Total time for which application threads were stopped: 0,0003396 seconds, Stopping threads took: 0,0000906 seconds
2016-12-25T01:50:07.675+0100: 437,107: Total time for which application threads were stopped: 0,0002128 seconds, Stopping threads took: 0,0001072 seconds
2016-12-25T01:50:22.677+0100: 452,109: Total time for which application threads were stopped: 0,0001092 seconds, Stopping threads took: 0,0000334 seconds
2016-12-25T01:51:32.685+0100: 522,117: Total time for which application threads were stopped: 0,0000956 seconds, Stopping threads took: 0,0000394 seconds
2016-12-25T02:06:31.809+0100: 1421,241: Total time for which application threads were stopped: 0,0000888 seconds, Stopping threads took: 0,0000329 seconds
2016-12-25T02:10:17.838+0100: 1647,270: Total time for which application threads were stopped: 0,0001679 seconds, Stopping threads took: 0,0000643 seconds
2016-12-25T02:11:21.847+0100: 1711,279: Total time for which application threads were stopped: 0,0000834 seconds, Stopping threads took: 0,0000321 seconds
2016-12-25T02:21:36.914+0100: 2326,346: Total time for which application threads were stopped: 0,0002412 seconds, Stopping threads took: 0,0001114 seconds
2016-12-25T02:21:37.914+0100: 2327,346: Total time for which application threads were stopped: 0,0000598 seconds, Stopping threads took: 0,0000152 seconds
2016-12-25T02:30:16.234+0100: 2845,666: Total time for which application threads were stopped: 0,0001379 seconds, Stopping threads took: 0,0000278 seconds
Heap
 par new generation   total 109248K, used 59943K [0x00000000e0000000, 0x00000000e8000000, 0x00000000e8000000)
  eden space 87424K,  49% used [0x00000000e0000000, 0x00000000e2a56490, 0x00000000e5560000)
  from space 21824K,  76% used [0x00000000e5560000, 0x00000000e6593860, 0x00000000e6ab0000)
  to   space 21824K,   0% used [0x00000000e6ab0000, 0x00000000e6ab0000, 0x00000000e8000000)
 concurrent mark-sweep generation total 393216K, used 0K [0x00000000e8000000, 0x0000000100000000, 0x0000000100000000)
 Metaspace       used 27255K, capacity 27729K, committed 27976K, reserved 1073152K
  class space    used 3167K, capacity 3321K, committed 3400K, reserved 1048576K
