OpenJDK 64-Bit Server VM (25.131-b11) for linux-amd64 JRE (1.8.0_131-8u131-b11-0ubuntu1.16.04.2-b11), built on May  6 2017 02:45:27 by "buildd" with gcc 5.4.0 20160609
Memory: 4k page, physical 7867740k(7398628k free), swap 8076284k(8076284k free)
CommandLine flags: -XX:CMSInitiatingOccupancyFraction=50 -XX:CMSMaxAbortablePrecleanTime=6000 -XX:+CMSParallelRemarkEnabled -XX:+CMSScavengeBeforeRemark -XX:ConcGCThreads=4 -XX:InitialHeapSize=536870912 -XX:MaxHeapSize=536870912 -XX:MaxTenuringThreshold=8 -XX:NewRatio=3 -XX:OldPLABSize=16 -XX:OnOutOfMemoryError=/opt/solr/bin/oom_solr.sh 8983 /var/solr/logs -XX:ParallelGCThreads=4 -XX:+ParallelRefProcEnabled -XX:PretenureSizeThreshold=67108864 -XX:+PrintGC -XX:+PrintGCApplicationStoppedTime -XX:+PrintGCDateStamps -XX:+PrintGCDetails -XX:+PrintGCTimeStamps -XX:+PrintHeapAtGC -XX:+PrintTenuringDistribution -XX:SurvivorRatio=4 -XX:TargetSurvivorRatio=90 -XX:ThreadStackSize=256 -XX:+UseCMSInitiatingOccupancyOnly -XX:+UseCompressedClassPointers -XX:+UseCompressedOops -XX:+UseConcMarkSweepGC -XX:+UseParNewGC 
2017-06-01T21:55:40.853+0200: 0,131: Total time for which application threads were stopped: 0,0000665 seconds, Stopping threads took: 0,0000123 seconds
2017-06-01T21:55:40.933+0200: 0,211: Total time for which application threads were stopped: 0,0001013 seconds, Stopping threads took: 0,0000146 seconds
2017-06-01T21:55:40.946+0200: 0,223: Total time for which application threads were stopped: 0,0000729 seconds, Stopping threads took: 0,0000119 seconds
2017-06-01T21:55:41.193+0200: 0,471: Total time for which application threads were stopped: 0,0001216 seconds, Stopping threads took: 0,0000139 seconds
2017-06-01T21:55:41.533+0200: 0,810: Total time for which application threads were stopped: 0,0001688 seconds, Stopping threads took: 0,0000242 seconds
2017-06-01T21:55:41.680+0200: 0,958: Total time for which application threads were stopped: 0,0002199 seconds, Stopping threads took: 0,0000318 seconds
2017-06-01T21:55:41.757+0200: 1,034: Total time for which application threads were stopped: 0,0001868 seconds, Stopping threads took: 0,0000277 seconds
2017-06-01T21:55:42.077+0200: 1,354: Total time for which application threads were stopped: 0,0001969 seconds, Stopping threads took: 0,0000218 seconds
2017-06-01T21:55:42.317+0200: 1,594: Total time for which application threads were stopped: 0,0002129 seconds, Stopping threads took: 0,0000185 seconds
2017-06-01T21:55:42.354+0200: 1,631: Total time for which application threads were stopped: 0,0002060 seconds, Stopping threads took: 0,0000161 seconds
2017-06-01T21:55:42.380+0200: 1,658: Total time for which application threads were stopped: 0,0002232 seconds, Stopping threads took: 0,0000296 seconds
2017-06-01T21:55:42.382+0200: 1,660: Total time for which application threads were stopped: 0,0002235 seconds, Stopping threads took: 0,0000245 seconds
2017-06-01T21:55:42.403+0200: 1,681: Total time for which application threads were stopped: 0,0001836 seconds, Stopping threads took: 0,0000185 seconds
2017-06-01T21:55:42.492+0200: 1,770: Total time for which application threads were stopped: 0,0002536 seconds, Stopping threads took: 0,0000254 seconds
2017-06-01T21:55:42.651+0200: 1,928: Total time for which application threads were stopped: 0,0002658 seconds, Stopping threads took: 0,0000422 seconds
{Heap before GC invocations=0 (full 0):
 par new generation   total 109248K, used 87424K [0x00000000e0000000, 0x00000000e8000000, 0x00000000e8000000)
  eden space 87424K, 100% used [0x00000000e0000000, 0x00000000e5560000, 0x00000000e5560000)
  from space 21824K,   0% used [0x00000000e5560000, 0x00000000e5560000, 0x00000000e6ab0000)
  to   space 21824K,   0% used [0x00000000e6ab0000, 0x00000000e6ab0000, 0x00000000e8000000)
 concurrent mark-sweep generation total 393216K, used 0K [0x00000000e8000000, 0x0000000100000000, 0x0000000100000000)
 Metaspace       used 18067K, capacity 18400K, committed 18688K, reserved 1064960K
  class space    used 2041K, capacity 2196K, committed 2304K, reserved 1048576K
2017-06-01T21:55:42.733+0200: 2,010: [GC (Allocation Failure) 2017-06-01T21:55:42.733+0200: 2,010: [ParNew
Desired survivor size 20112992 bytes, new threshold 8 (max 8)
- age   1:   12622672 bytes,   12622672 total
: 87424K->12425K(109248K), 0,0161024 secs] 87424K->12425K(502464K), 0,0161868 secs] [Times: user=0,03 sys=0,02, real=0,01 secs] 
Heap after GC invocations=1 (full 0):
 par new generation   total 109248K, used 12425K [0x00000000e0000000, 0x00000000e8000000, 0x00000000e8000000)
  eden space 87424K,   0% used [0x00000000e0000000, 0x00000000e0000000, 0x00000000e5560000)
  from space 21824K,  56% used [0x00000000e6ab0000, 0x00000000e76d27e8, 0x00000000e8000000)
  to   space 21824K,   0% used [0x00000000e5560000, 0x00000000e5560000, 0x00000000e6ab0000)
 concurrent mark-sweep generation total 393216K, used 0K [0x00000000e8000000, 0x0000000100000000, 0x0000000100000000)
 Metaspace       used 18067K, capacity 18400K, committed 18688K, reserved 1064960K
  class space    used 2041K, capacity 2196K, committed 2304K, reserved 1048576K
}
2017-06-01T21:55:42.749+0200: 2,026: Total time for which application threads were stopped: 0,0164845 seconds, Stopping threads took: 0,0001083 seconds
2017-06-01T21:55:43.083+0200: 2,361: Total time for which application threads were stopped: 0,0003756 seconds, Stopping threads took: 0,0000398 seconds
{Heap before GC invocations=1 (full 0):
 par new generation   total 109248K, used 99849K [0x00000000e0000000, 0x00000000e8000000, 0x00000000e8000000)
  eden space 87424K, 100% used [0x00000000e0000000, 0x00000000e5560000, 0x00000000e5560000)
  from space 21824K,  56% used [0x00000000e6ab0000, 0x00000000e76d27e8, 0x00000000e8000000)
  to   space 21824K,   0% used [0x00000000e5560000, 0x00000000e5560000, 0x00000000e6ab0000)
 concurrent mark-sweep generation total 393216K, used 0K [0x00000000e8000000, 0x0000000100000000, 0x0000000100000000)
 Metaspace       used 20073K, capacity 20420K, committed 20736K, reserved 1067008K
  class space    used 2294K, capacity 2466K, committed 2560K, reserved 1048576K
2017-06-01T21:55:43.118+0200: 2,396: [GC (Allocation Failure) 2017-06-01T21:55:43.118+0200: 2,396: [ParNew
Desired survivor size 20112992 bytes, new threshold 8 (max 8)
- age   1:    3475256 bytes,    3475256 total
- age   2:    6668456 bytes,   10143712 total
: 99849K->13800K(109248K), 0,0108287 secs] 99849K->13800K(502464K), 0,0109000 secs] [Times: user=0,02 sys=0,01, real=0,01 secs] 
Heap after GC invocations=2 (full 0):
 par new generation   total 109248K, used 13800K [0x00000000e0000000, 0x00000000e8000000, 0x00000000e8000000)
  eden space 87424K,   0% used [0x00000000e0000000, 0x00000000e0000000, 0x00000000e5560000)
  from space 21824K,  63% used [0x00000000e5560000, 0x00000000e62da1c8, 0x00000000e6ab0000)
  to   space 21824K,   0% used [0x00000000e6ab0000, 0x00000000e6ab0000, 0x00000000e8000000)
 concurrent mark-sweep generation total 393216K, used 0K [0x00000000e8000000, 0x0000000100000000, 0x0000000100000000)
 Metaspace       used 20073K, capacity 20420K, committed 20736K, reserved 1067008K
  class space    used 2294K, capacity 2466K, committed 2560K, reserved 1048576K
}
2017-06-01T21:55:43.129+0200: 2,406: Total time for which application threads were stopped: 0,0113632 seconds, Stopping threads took: 0,0003001 seconds
2017-06-01T21:55:43.134+0200: 2,412: Total time for which application threads were stopped: 0,0003298 seconds, Stopping threads took: 0,0000709 seconds
2017-06-01T21:55:43.168+0200: 2,445: Total time for which application threads were stopped: 0,0004623 seconds, Stopping threads took: 0,0001030 seconds
2017-06-01T21:55:43.299+0200: 2,577: Total time for which application threads were stopped: 0,0002188 seconds, Stopping threads took: 0,0000571 seconds
{Heap before GC invocations=2 (full 0):
 par new generation   total 109248K, used 101224K [0x00000000e0000000, 0x00000000e8000000, 0x00000000e8000000)
  eden space 87424K, 100% used [0x00000000e0000000, 0x00000000e5560000, 0x00000000e5560000)
  from space 21824K,  63% used [0x00000000e5560000, 0x00000000e62da1c8, 0x00000000e6ab0000)
  to   space 21824K,   0% used [0x00000000e6ab0000, 0x00000000e6ab0000, 0x00000000e8000000)
 concurrent mark-sweep generation total 393216K, used 0K [0x00000000e8000000, 0x0000000100000000, 0x0000000100000000)
 Metaspace       used 20991K, capacity 21342K, committed 21628K, reserved 1069056K
  class space    used 2415K, capacity 2585K, committed 2684K, reserved 1048576K
2017-06-01T21:55:43.332+0200: 2,610: [GC (Allocation Failure) 2017-06-01T21:55:43.332+0200: 2,610: [ParNew
Desired survivor size 20112992 bytes, new threshold 8 (max 8)
- age   1:    2175120 bytes,    2175120 total
- age   2:     835824 bytes,    3010944 total
- age   3:    6663968 bytes,    9674912 total
: 101224K->12793K(109248K), 0,0139850 secs] 101224K->12793K(502464K), 0,0140712 secs] [Times: user=0,04 sys=0,00, real=0,01 secs] 
Heap after GC invocations=3 (full 0):
 par new generation   total 109248K, used 12793K [0x00000000e0000000, 0x00000000e8000000, 0x00000000e8000000)
  eden space 87424K,   0% used [0x00000000e0000000, 0x00000000e0000000, 0x00000000e5560000)
  from space 21824K,  58% used [0x00000000e6ab0000, 0x00000000e772e5b8, 0x00000000e8000000)
  to   space 21824K,   0% used [0x00000000e5560000, 0x00000000e5560000, 0x00000000e6ab0000)
 concurrent mark-sweep generation total 393216K, used 0K [0x00000000e8000000, 0x0000000100000000, 0x0000000100000000)
 Metaspace       used 20991K, capacity 21342K, committed 21628K, reserved 1069056K
  class space    used 2415K, capacity 2585K, committed 2684K, reserved 1048576K
}
2017-06-01T21:55:43.346+0200: 2,624: Total time for which application threads were stopped: 0,0143010 seconds, Stopping threads took: 0,0000787 seconds
2017-06-01T21:55:43.350+0200: 2,627: [GC (CMS Initial Mark) [1 CMS-initial-mark: 0K(393216K)] 13526K(502464K), 0,0029341 secs] [Times: user=0,01 sys=0,00, real=0,00 secs] 
2017-06-01T21:55:43.353+0200: 2,630: Total time for which application threads were stopped: 0,0063612 seconds, Stopping threads took: 0,0033432 seconds
2017-06-01T21:55:43.353+0200: 2,630: [CMS-concurrent-mark-start]
2017-06-01T21:55:43.354+0200: 2,631: [CMS-concurrent-mark: 0,001/0,001 secs] [Times: user=0,00 sys=0,00, real=0,00 secs] 
2017-06-01T21:55:43.354+0200: 2,631: [CMS-concurrent-preclean-start]
2017-06-01T21:55:43.355+0200: 2,632: [CMS-concurrent-preclean: 0,001/0,001 secs] [Times: user=0,00 sys=0,00, real=0,00 secs] 
2017-06-01T21:55:43.355+0200: 2,633: [CMS-concurrent-abortable-preclean-start]
2017-06-01T21:55:43.409+0200: 2,687: Total time for which application threads were stopped: 0,0007652 seconds, Stopping threads took: 0,0006444 seconds
{Heap before GC invocations=3 (full 1):
 par new generation   total 109248K, used 100217K [0x00000000e0000000, 0x00000000e8000000, 0x00000000e8000000)
  eden space 87424K, 100% used [0x00000000e0000000, 0x00000000e5560000, 0x00000000e5560000)
  from space 21824K,  58% used [0x00000000e6ab0000, 0x00000000e772e5b8, 0x00000000e8000000)
  to   space 21824K,   0% used [0x00000000e5560000, 0x00000000e5560000, 0x00000000e6ab0000)
 concurrent mark-sweep generation total 393216K, used 0K [0x00000000e8000000, 0x0000000100000000, 0x0000000100000000)
 Metaspace       used 21280K, capacity 21630K, committed 21884K, reserved 1069056K
  class space    used 2447K, capacity 2602K, committed 2684K, reserved 1048576K
2017-06-01T21:55:43.487+0200: 2,764: [GC (Allocation Failure) 2017-06-01T21:55:43.487+0200: 2,764: [ParNew
Desired survivor size 20112992 bytes, new threshold 8 (max 8)
- age   1:    1155056 bytes,    1155056 total
- age   2:    1467328 bytes,    2622384 total
- age   3:     811088 bytes,    3433472 total
- age   4:    6664272 bytes,   10097744 total
: 100217K->11170K(109248K), 0,0109596 secs] 100217K->11170K(502464K), 0,0110311 secs] [Times: user=0,04 sys=0,00, real=0,01 secs] 
Heap after GC invocations=4 (full 1):
 par new generation   total 109248K, used 11170K [0x00000000e0000000, 0x00000000e8000000, 0x00000000e8000000)
  eden space 87424K,   0% used [0x00000000e0000000, 0x00000000e0000000, 0x00000000e5560000)
  from space 21824K,  51% used [0x00000000e5560000, 0x00000000e6048910, 0x00000000e6ab0000)
  to   space 21824K,   0% used [0x00000000e6ab0000, 0x00000000e6ab0000, 0x00000000e8000000)
 concurrent mark-sweep generation total 393216K, used 0K [0x00000000e8000000, 0x0000000100000000, 0x0000000100000000)
 Metaspace       used 21280K, capacity 21630K, committed 21884K, reserved 1069056K
  class space    used 2447K, capacity 2602K, committed 2684K, reserved 1048576K
}
2017-06-01T21:55:43.498+0200: 2,776: Total time for which application threads were stopped: 0,0113091 seconds, Stopping threads took: 0,0001020 seconds
2017-06-01T21:55:43.498+0200: 2,776: [CMS-concurrent-abortable-preclean: 0,123/0,143 secs] [Times: user=0,54 sys=0,00, real=0,14 secs] 
2017-06-01T21:55:43.498+0200: 2,776: [GC (CMS Final Remark) [YG occupancy: 11816 K (109248 K)]{Heap before GC invocations=4 (full 1):
 par new generation   total 109248K, used 11816K [0x00000000e0000000, 0x00000000e8000000, 0x00000000e8000000)
  eden space 87424K,   0% used [0x00000000e0000000, 0x00000000e00a1a98, 0x00000000e5560000)
  from space 21824K,  51% used [0x00000000e5560000, 0x00000000e6048910, 0x00000000e6ab0000)
  to   space 21824K,   0% used [0x00000000e6ab0000, 0x00000000e6ab0000, 0x00000000e8000000)
 concurrent mark-sweep generation total 393216K, used 0K [0x00000000e8000000, 0x0000000100000000, 0x0000000100000000)
 Metaspace       used 21280K, capacity 21630K, committed 21884K, reserved 1069056K
  class space    used 2447K, capacity 2602K, committed 2684K, reserved 1048576K
2017-06-01T21:55:43.498+0200: 2,776: [GC (CMS Final Remark) 2017-06-01T21:55:43.498+0200: 2,776: [ParNew
Desired survivor size 20112992 bytes, new threshold 8 (max 8)
- age   1:      35992 bytes,      35992 total
- age   2:    1154960 bytes,    1190952 total
- age   3:    1467328 bytes,    2658280 total
- age   4:     811088 bytes,    3469368 total
- age   5:    6664224 bytes,   10133592 total
: 11816K->15114K(109248K), 0,0095247 secs] 11816K->15114K(502464K), 0,0095661 secs] [Times: user=0,03 sys=0,00, real=0,01 secs] 
Heap after GC invocations=5 (full 1):
 par new generation   total 109248K, used 15114K [0x00000000e0000000, 0x00000000e8000000, 0x00000000e8000000)
  eden space 87424K,   0% used [0x00000000e0000000, 0x00000000e0000000, 0x00000000e5560000)
  from space 21824K,  69% used [0x00000000e6ab0000, 0x00000000e7972940, 0x00000000e8000000)
  to   space 21824K,   0% used [0x00000000e5560000, 0x00000000e5560000, 0x00000000e6ab0000)
 concurrent mark-sweep generation total 393216K, used 0K [0x00000000e8000000, 0x0000000100000000, 0x0000000100000000)
 Metaspace       used 21280K, capacity 21630K, committed 21884K, reserved 1069056K
  class space    used 2447K, capacity 2602K, committed 2684K, reserved 1048576K
}
2017-06-01T21:55:43.508+0200: 2,785: [Rescan (parallel) , 0,0037835 secs]2017-06-01T21:55:43.512+0200: 2,789: [weak refs processing, 0,0016585 secs]2017-06-01T21:55:43.513+0200: 2,791: [class unloading, 0,0028024 secs]2017-06-01T21:55:43.516+0200: 2,794: [scrub symbol table, 0,0026613 secs]2017-06-01T21:55:43.519+0200: 2,796: [scrub string table, 0,0003969 secs][1 CMS-remark: 0K(393216K)] 15114K(502464K), 0,0215042 secs] [Times: user=0,05 sys=0,00, real=0,02 secs] 
2017-06-01T21:55:43.520+0200: 2,797: Total time for which application threads were stopped: 0,0216462 seconds, Stopping threads took: 0,0000593 seconds
2017-06-01T21:55:43.520+0200: 2,797: [CMS-concurrent-sweep-start]
2017-06-01T21:55:43.520+0200: 2,797: [CMS-concurrent-sweep: 0,000/0,000 secs] [Times: user=0,00 sys=0,00, real=0,00 secs] 
2017-06-01T21:55:43.520+0200: 2,797: [CMS-concurrent-reset-start]
2017-06-01T21:55:43.522+0200: 2,799: [CMS-concurrent-reset: 0,002/0,002 secs] [Times: user=0,00 sys=0,01, real=0,01 secs] 
{Heap before GC invocations=5 (full 1):
 par new generation   total 109248K, used 102538K [0x00000000e0000000, 0x00000000e8000000, 0x00000000e8000000)
  eden space 87424K, 100% used [0x00000000e0000000, 0x00000000e5560000, 0x00000000e5560000)
  from space 21824K,  69% used [0x00000000e6ab0000, 0x00000000e7972940, 0x00000000e8000000)
  to   space 21824K,   0% used [0x00000000e5560000, 0x00000000e5560000, 0x00000000e6ab0000)
 concurrent mark-sweep generation total 393216K, used 0K [0x00000000e8000000, 0x0000000100000000, 0x0000000100000000)
 Metaspace       used 21391K, capacity 21802K, committed 21884K, reserved 1069056K
  class space    used 2464K, capacity 2636K, committed 2684K, reserved 1048576K
2017-06-01T21:55:43.592+0200: 2,870: [GC (Allocation Failure) 2017-06-01T21:55:43.592+0200: 2,870: [ParNew
Desired survivor size 20112992 bytes, new threshold 8 (max 8)
- age   1:    1068480 bytes,    1068480 total
- age   3:     188048 bytes,    1256528 total
- age   4:    1467224 bytes,    2723752 total
- age   5:     811008 bytes,    3534760 total
- age   6:    6664280 bytes,   10199040 total
: 102538K->12741K(109248K), 0,0100196 secs] 102538K->12741K(502464K), 0,0100916 secs] [Times: user=0,03 sys=0,00, real=0,01 secs] 
Heap after GC invocations=6 (full 1):
 par new generation   total 109248K, used 12741K [0x00000000e0000000, 0x00000000e8000000, 0x00000000e8000000)
  eden space 87424K,   0% used [0x00000000e0000000, 0x00000000e0000000, 0x00000000e5560000)
  from space 21824K,  58% used [0x00000000e5560000, 0x00000000e61d14b8, 0x00000000e6ab0000)
  to   space 21824K,   0% used [0x00000000e6ab0000, 0x00000000e6ab0000, 0x00000000e8000000)
 concurrent mark-sweep generation total 393216K, used 0K [0x00000000e8000000, 0x0000000100000000, 0x0000000100000000)
 Metaspace       used 21391K, capacity 21802K, committed 21884K, reserved 1069056K
  class space    used 2464K, capacity 2636K, committed 2684K, reserved 1048576K
}
2017-06-01T21:55:43.602+0200: 2,880: Total time for which application threads were stopped: 0,0103421 seconds, Stopping threads took: 0,0001132 seconds
2017-06-01T21:55:43.634+0200: 2,912: Total time for which application threads were stopped: 0,0002788 seconds, Stopping threads took: 0,0000136 seconds
2017-06-01T21:55:43.883+0200: 3,161: Total time for which application threads were stopped: 0,0004563 seconds, Stopping threads took: 0,0000246 seconds
2017-06-01T21:55:43.906+0200: 3,184: Total time for which application threads were stopped: 0,0003764 seconds, Stopping threads took: 0,0000460 seconds
2017-06-01T21:55:44.079+0200: 3,357: Total time for which application threads were stopped: 0,0002850 seconds, Stopping threads took: 0,0001242 seconds
{Heap before GC invocations=6 (full 1):
 par new generation   total 109248K, used 100165K [0x00000000e0000000, 0x00000000e8000000, 0x00000000e8000000)
  eden space 87424K, 100% used [0x00000000e0000000, 0x00000000e5560000, 0x00000000e5560000)
  from space 21824K,  58% used [0x00000000e5560000, 0x00000000e61d16c8, 0x00000000e6ab0000)
  to   space 21824K,   0% used [0x00000000e6ab0000, 0x00000000e6ab0000, 0x00000000e8000000)
 concurrent mark-sweep generation total 393216K, used 0K [0x00000000e8000000, 0x0000000100000000, 0x0000000100000000)
 Metaspace       used 24003K, capacity 24456K, committed 24572K, reserved 1071104K
  class space    used 2831K, capacity 3009K, committed 3068K, reserved 1048576K
2017-06-01T21:55:44.080+0200: 3,357: [GC (Allocation Failure) 2017-06-01T21:55:44.080+0200: 3,357: [ParNew
Desired survivor size 20112992 bytes, new threshold 8 (max 8)
- age   1:    5404568 bytes,    5404568 total
- age   2:     111456 bytes,    5516024 total
- age   4:     186560 bytes,    5702584 total
- age   5:     297472 bytes,    6000056 total
- age   6:     786688 bytes,    6786744 total
- age   7:    6655904 bytes,   13442648 total
: 100165K->17256K(109248K), 0,0163580 secs] 100165K->17256K(502464K), 0,0164357 secs] [Times: user=0,06 sys=0,00, real=0,02 secs] 
Heap after GC invocations=7 (full 1):
 par new generation   total 109248K, used 17256K [0x00000000e0000000, 0x00000000e8000000, 0x00000000e8000000)
  eden space 87424K,   0% used [0x00000000e0000000, 0x00000000e0000000, 0x00000000e5560000)
  from space 21824K,  79% used [0x00000000e6ab0000, 0x00000000e7b8a080, 0x00000000e8000000)
  to   space 21824K,   0% used [0x00000000e5560000, 0x00000000e5560000, 0x00000000e6ab0000)
 concurrent mark-sweep generation total 393216K, used 0K [0x00000000e8000000, 0x0000000100000000, 0x0000000100000000)
 Metaspace       used 24003K, capacity 24456K, committed 24572K, reserved 1071104K
  class space    used 2831K, capacity 3009K, committed 3068K, reserved 1048576K
}
2017-06-01T21:55:44.096+0200: 3,374: Total time for which application threads were stopped: 0,0166667 seconds, Stopping threads took: 0,0000742 seconds
{Heap before GC invocations=7 (full 1):
 par new generation   total 109248K, used 19437K [0x00000000e0000000, 0x00000000e8000000, 0x00000000e8000000)
  eden space 87424K,   2% used [0x00000000e0000000, 0x00000000e02213e0, 0x00000000e5560000)
  from space 21824K,  79% used [0x00000000e6ab0000, 0x00000000e7b8a080, 0x00000000e8000000)
  to   space 21824K,   0% used [0x00000000e5560000, 0x00000000e5560000, 0x00000000e6ab0000)
 concurrent mark-sweep generation total 393216K, used 0K [0x00000000e8000000, 0x0000000100000000, 0x0000000100000000)
 Metaspace       used 24005K, capacity 24456K, committed 24572K, reserved 1071104K
  class space    used 2831K, capacity 3009K, committed 3068K, reserved 1048576K
2017-06-01T21:55:44.102+0200: 3,379: [GC (GCLocker Initiated GC) 2017-06-01T21:55:44.102+0200: 3,379: [ParNew
Desired survivor size 20112992 bytes, new threshold 8 (max 8)
- age   1:     230120 bytes,     230120 total
- age   2:    1986416 bytes,    2216536 total
- age   3:      63392 bytes,    2279928 total
- age   5:      97264 bytes,    2377192 total
- age   6:     210224 bytes,    2587416 total
- age   7:     736328 bytes,    3323744 total
- age   8:    6123184 bytes,    9446928 total
: 19437K->14159K(109248K), 0,0104784 secs] 19437K->14159K(502464K), 0,0105484 secs] [Times: user=0,03 sys=0,00, real=0,02 secs] 
Heap after GC invocations=8 (full 1):
 par new generation   total 109248K, used 14159K [0x00000000e0000000, 0x00000000e8000000, 0x00000000e8000000)
  eden space 87424K,   0% used [0x00000000e0000000, 0x00000000e0000000, 0x00000000e5560000)
  from space 21824K,  64% used [0x00000000e5560000, 0x00000000e6333f00, 0x00000000e6ab0000)
  to   space 21824K,   0% used [0x00000000e6ab0000, 0x00000000e6ab0000, 0x00000000e8000000)
 concurrent mark-sweep generation total 393216K, used 0K [0x00000000e8000000, 0x0000000100000000, 0x0000000100000000)
 Metaspace       used 24005K, capacity 24456K, committed 24572K, reserved 1071104K
  class space    used 2831K, capacity 3009K, committed 3068K, reserved 1048576K
}
2017-06-01T21:55:44.112+0200: 3,390: Total time for which application threads were stopped: 0,0112151 seconds, Stopping threads took: 0,0005199 seconds
{Heap before GC invocations=8 (full 1):
 par new generation   total 109248K, used 101583K [0x00000000e0000000, 0x00000000e8000000, 0x00000000e8000000)
  eden space 87424K, 100% used [0x00000000e0000000, 0x00000000e5560000, 0x00000000e5560000)
  from space 21824K,  64% used [0x00000000e5560000, 0x00000000e6333f00, 0x00000000e6ab0000)
  to   space 21824K,   0% used [0x00000000e6ab0000, 0x00000000e6ab0000, 0x00000000e8000000)
 concurrent mark-sweep generation total 393216K, used 0K [0x00000000e8000000, 0x0000000100000000, 0x0000000100000000)
 Metaspace       used 24454K, capacity 24942K, committed 25084K, reserved 1071104K
  class space    used 2859K, capacity 3042K, committed 3068K, reserved 1048576K
2017-06-01T21:55:44.232+0200: 3,509: [GC (Allocation Failure) 2017-06-01T21:55:44.232+0200: 3,509: [ParNew
Desired survivor size 20112992 bytes, new threshold 8 (max 8)
- age   1:    2034760 bytes,    2034760 total
- age   2:       8112 bytes,    2042872 total
- age   3:    1841048 bytes,    3883920 total
- age   4:      63392 bytes,    3947312 total
- age   6:      97064 bytes,    4044376 total
- age   7:     207456 bytes,    4251832 total
- age   8:     735560 bytes,    4987392 total
: 101583K->7133K(109248K), 0,0333662 secs] 101583K->13193K(502464K), 0,0334445 secs] [Times: user=0,10 sys=0,00, real=0,03 secs] 
Heap after GC invocations=9 (full 1):
 par new generation   total 109248K, used 7133K [0x00000000e0000000, 0x00000000e8000000, 0x00000000e8000000)
  eden space 87424K,   0% used [0x00000000e0000000, 0x00000000e0000000, 0x00000000e5560000)
  from space 21824K,  32% used [0x00000000e6ab0000, 0x00000000e71a7630, 0x00000000e8000000)
  to   space 21824K,   0% used [0x00000000e5560000, 0x00000000e5560000, 0x00000000e6ab0000)
 concurrent mark-sweep generation total 393216K, used 6059K [0x00000000e8000000, 0x0000000100000000, 0x0000000100000000)
 Metaspace       used 24454K, capacity 24942K, committed 25084K, reserved 1071104K
  class space    used 2859K, capacity 3042K, committed 3068K, reserved 1048576K
}
2017-06-01T21:55:44.265+0200: 3,543: Total time for which application threads were stopped: 0,0337602 seconds, Stopping threads took: 0,0000888 seconds
{Heap before GC invocations=9 (full 1):
 par new generation   total 109248K, used 94557K [0x00000000e0000000, 0x00000000e8000000, 0x00000000e8000000)
  eden space 87424K, 100% used [0x00000000e0000000, 0x00000000e5560000, 0x00000000e5560000)
  from space 21824K,  32% used [0x00000000e6ab0000, 0x00000000e71a7630, 0x00000000e8000000)
  to   space 21824K,   0% used [0x00000000e5560000, 0x00000000e5560000, 0x00000000e6ab0000)
 concurrent mark-sweep generation total 393216K, used 6059K [0x00000000e8000000, 0x0000000100000000, 0x0000000100000000)
 Metaspace       used 24920K, capacity 25320K, committed 25468K, reserved 1071104K
  class space    used 2901K, capacity 3079K, committed 3196K, reserved 1048576K
2017-06-01T21:55:44.398+0200: 3,676: [GC (Allocation Failure) 2017-06-01T21:55:44.398+0200: 3,676: [ParNew
Desired survivor size 20112992 bytes, new threshold 8 (max 8)
- age   1:    1264592 bytes,    1264592 total
- age   2:     972992 bytes,    2237584 total
- age   3:       8112 bytes,    2245696 total
- age   4:    1789072 bytes,    4034768 total
- age   5:      63392 bytes,    4098160 total
- age   7:      94384 bytes,    4192544 total
- age   8:     206928 bytes,    4399472 total
: 94557K->5691K(109248K), 0,0319224 secs] 100617K->12481K(502464K), 0,0320156 secs] [Times: user=0,07 sys=0,01, real=0,04 secs] 
Heap after GC invocations=10 (full 1):
 par new generation   total 109248K, used 5691K [0x00000000e0000000, 0x00000000e8000000, 0x00000000e8000000)
  eden space 87424K,   0% used [0x00000000e0000000, 0x00000000e0000000, 0x00000000e5560000)
  from space 21824K,  26% used [0x00000000e5560000, 0x00000000e5aeec40, 0x00000000e6ab0000)
  to   space 21824K,   0% used [0x00000000e6ab0000, 0x00000000e6ab0000, 0x00000000e8000000)
 concurrent mark-sweep generation total 393216K, used 6790K [0x00000000e8000000, 0x0000000100000000, 0x0000000100000000)
 Metaspace       used 24920K, capacity 25320K, committed 25468K, reserved 1071104K
  class space    used 2901K, capacity 3079K, committed 3196K, reserved 1048576K
}
2017-06-01T21:55:44.430+0200: 3,708: Total time for which application threads were stopped: 0,0322736 seconds, Stopping threads took: 0,0000509 seconds
2017-06-01T21:55:44.678+0200: 3,955: Total time for which application threads were stopped: 0,0004686 seconds, Stopping threads took: 0,0000277 seconds
2017-06-01T21:55:44.690+0200: 3,967: Total time for which application threads were stopped: 0,0004022 seconds, Stopping threads took: 0,0000229 seconds
2017-06-01T21:55:44.728+0200: 4,006: Total time for which application threads were stopped: 0,0003680 seconds, Stopping threads took: 0,0000262 seconds
2017-06-01T21:55:44.769+0200: 4,046: Total time for which application threads were stopped: 0,0003990 seconds, Stopping threads took: 0,0001050 seconds
2017-06-01T21:55:44.769+0200: 4,046: Total time for which application threads were stopped: 0,0000545 seconds, Stopping threads took: 0,0000086 seconds
2017-06-01T21:55:44.769+0200: 4,047: Total time for which application threads were stopped: 0,0000585 seconds, Stopping threads took: 0,0000145 seconds
2017-06-01T21:55:44.770+0200: 4,048: Total time for which application threads were stopped: 0,0001568 seconds, Stopping threads took: 0,0000870 seconds
2017-06-01T21:55:44.770+0200: 4,048: Total time for which application threads were stopped: 0,0000917 seconds, Stopping threads took: 0,0000183 seconds
2017-06-01T21:55:44.771+0200: 4,048: Total time for which application threads were stopped: 0,0000721 seconds, Stopping threads took: 0,0000142 seconds
2017-06-01T21:55:44.771+0200: 4,048: Total time for which application threads were stopped: 0,0000770 seconds, Stopping threads took: 0,0000107 seconds
2017-06-01T21:55:44.771+0200: 4,049: Total time for which application threads were stopped: 0,0000794 seconds, Stopping threads took: 0,0000128 seconds
2017-06-01T21:55:44.771+0200: 4,049: Total time for which application threads were stopped: 0,0000742 seconds, Stopping threads took: 0,0000105 seconds
2017-06-01T21:55:44.772+0200: 4,049: Total time for which application threads were stopped: 0,0000886 seconds, Stopping threads took: 0,0000130 seconds
2017-06-01T21:55:44.772+0200: 4,050: Total time for which application threads were stopped: 0,0000708 seconds, Stopping threads took: 0,0000131 seconds
2017-06-01T21:55:44.772+0200: 4,050: Total time for which application threads were stopped: 0,0000713 seconds, Stopping threads took: 0,0000128 seconds
2017-06-01T21:55:44.773+0200: 4,051: Total time for which application threads were stopped: 0,0000822 seconds, Stopping threads took: 0,0000171 seconds
2017-06-01T21:55:44.775+0200: 4,052: Total time for which application threads were stopped: 0,0001504 seconds, Stopping threads took: 0,0000693 seconds
2017-06-01T21:55:44.776+0200: 4,054: Total time for which application threads were stopped: 0,0001340 seconds, Stopping threads took: 0,0000615 seconds
2017-06-01T21:55:44.776+0200: 4,054: Total time for which application threads were stopped: 0,0000819 seconds, Stopping threads took: 0,0000281 seconds
2017-06-01T21:55:44.777+0200: 4,055: Total time for which application threads were stopped: 0,0001260 seconds, Stopping threads took: 0,0000480 seconds
2017-06-01T21:55:44.779+0200: 4,056: Total time for which application threads were stopped: 0,0001619 seconds, Stopping threads took: 0,0000776 seconds
2017-06-01T21:55:44.780+0200: 4,057: Total time for which application threads were stopped: 0,0006370 seconds, Stopping threads took: 0,0005619 seconds
2017-06-01T21:55:44.786+0200: 4,064: Total time for which application threads were stopped: 0,0004922 seconds, Stopping threads took: 0,0004122 seconds
2017-06-01T21:55:44.790+0200: 4,068: Total time for which application threads were stopped: 0,0002766 seconds, Stopping threads took: 0,0001846 seconds
2017-06-01T21:55:44.828+0200: 4,106: Total time for which application threads were stopped: 0,0002230 seconds, Stopping threads took: 0,0000403 seconds
2017-06-01T21:55:44.828+0200: 4,106: Total time for which application threads were stopped: 0,0001147 seconds, Stopping threads took: 0,0000269 seconds
2017-06-01T21:55:44.830+0200: 4,107: Total time for which application threads were stopped: 0,0000927 seconds, Stopping threads took: 0,0000181 seconds
2017-06-01T21:55:44.830+0200: 4,108: Total time for which application threads were stopped: 0,0000743 seconds, Stopping threads took: 0,0000263 seconds
2017-06-01T21:55:44.830+0200: 4,108: Total time for which application threads were stopped: 0,0000681 seconds, Stopping threads took: 0,0000156 seconds
2017-06-01T21:55:44.831+0200: 4,108: Total time for which application threads were stopped: 0,0003890 seconds, Stopping threads took: 0,0000103 seconds
2017-06-01T21:55:44.831+0200: 4,109: Total time for which application threads were stopped: 0,0000866 seconds, Stopping threads took: 0,0000235 seconds
2017-06-01T21:55:44.831+0200: 4,109: Total time for which application threads were stopped: 0,0000690 seconds, Stopping threads took: 0,0000134 seconds
2017-06-01T21:55:44.833+0200: 4,110: Total time for which application threads were stopped: 0,0001144 seconds, Stopping threads took: 0,0000345 seconds
2017-06-01T21:55:44.834+0200: 4,112: Total time for which application threads were stopped: 0,0000991 seconds, Stopping threads took: 0,0000211 seconds
2017-06-01T21:55:44.838+0200: 4,115: Total time for which application threads were stopped: 0,0028082 seconds, Stopping threads took: 0,0027174 seconds
2017-06-01T21:55:44.851+0200: 4,128: Total time for which application threads were stopped: 0,0001024 seconds, Stopping threads took: 0,0000214 seconds
2017-06-01T21:55:44.853+0200: 4,130: Total time for which application threads were stopped: 0,0001131 seconds, Stopping threads took: 0,0000308 seconds
2017-06-01T21:55:44.853+0200: 4,131: Total time for which application threads were stopped: 0,0001587 seconds, Stopping threads took: 0,0000646 seconds
2017-06-01T21:55:44.854+0200: 4,132: Total time for which application threads were stopped: 0,0001531 seconds, Stopping threads took: 0,0000618 seconds
2017-06-01T21:55:44.856+0200: 4,134: Total time for which application threads were stopped: 0,0001586 seconds, Stopping threads took: 0,0000645 seconds
2017-06-01T21:55:44.857+0200: 4,135: Total time for which application threads were stopped: 0,0001210 seconds, Stopping threads took: 0,0000335 seconds
2017-06-01T21:55:44.858+0200: 4,135: Total time for which application threads were stopped: 0,0000931 seconds, Stopping threads took: 0,0000279 seconds
2017-06-01T21:55:44.860+0200: 4,137: Total time for which application threads were stopped: 0,0001135 seconds, Stopping threads took: 0,0000359 seconds
2017-06-01T21:55:44.861+0200: 4,139: Total time for which application threads were stopped: 0,0001027 seconds, Stopping threads took: 0,0000315 seconds
2017-06-01T21:55:44.862+0200: 4,140: Total time for which application threads were stopped: 0,0001545 seconds, Stopping threads took: 0,0000420 seconds
2017-06-01T21:55:46.862+0200: 6,140: Total time for which application threads were stopped: 0,0000953 seconds, Stopping threads took: 0,0000227 seconds
2017-06-01T21:55:56.864+0200: 16,141: Total time for which application threads were stopped: 0,0000872 seconds, Stopping threads took: 0,0000166 seconds
2017-06-01T21:56:01.864+0200: 21,142: Total time for which application threads were stopped: 0,0000653 seconds, Stopping threads took: 0,0000161 seconds
2017-06-01T21:56:11.761+0200: 32,143: Total time for which application threads were stopped: 0,0001234 seconds, Stopping threads took: 0,0000214 seconds
2017-06-01T21:57:01.767+0200: 82,148: Total time for which application threads were stopped: 0,0001257 seconds, Stopping threads took: 0,0000326 seconds
2017-06-01T21:57:36.770+0200: 117,152: Total time for which application threads were stopped: 0,0001163 seconds, Stopping threads took: 0,0000455 seconds
2017-06-01T21:57:41.771+0200: 122,153: Total time for which application threads were stopped: 0,0000789 seconds, Stopping threads took: 0,0000184 seconds
{Heap before GC invocations=10 (full 1):
 par new generation   total 109248K, used 93115K [0x00000000e0000000, 0x00000000e8000000, 0x00000000e8000000)
  eden space 87424K, 100% used [0x00000000e0000000, 0x00000000e5560000, 0x00000000e5560000)
  from space 21824K,  26% used [0x00000000e5560000, 0x00000000e5aeec40, 0x00000000e6ab0000)
  to   space 21824K,   0% used [0x00000000e6ab0000, 0x00000000e6ab0000, 0x00000000e8000000)
 concurrent mark-sweep generation total 393216K, used 6790K [0x00000000e8000000, 0x0000000100000000, 0x0000000100000000)
 Metaspace       used 28011K, capacity 28498K, committed 28796K, reserved 1075200K
  class space    used 3212K, capacity 3388K, committed 3452K, reserved 1048576K
2017-06-01T21:58:35.450+0200: 175,832: [GC (Allocation Failure) 2017-06-01T21:58:35.450+0200: 175,832: [ParNew
Desired survivor size 20112992 bytes, new threshold 8 (max 8)
- age   1:   10824080 bytes,   10824080 total
- age   2:     238400 bytes,   11062480 total
- age   3:     193528 bytes,   11256008 total
- age   4:       8112 bytes,   11264120 total
- age   5:    1785392 bytes,   13049512 total
- age   6:      63392 bytes,   13112904 total
- age   8:      94256 bytes,   13207160 total
: 93115K->13719K(109248K), 0,0174622 secs] 99905K->20740K(502464K), 0,0175686 secs] [Times: user=0,06 sys=0,00, real=0,02 secs] 
Heap after GC invocations=11 (full 1):
 par new generation   total 109248K, used 13719K [0x00000000e0000000, 0x00000000e8000000, 0x00000000e8000000)
  eden space 87424K,   0% used [0x00000000e0000000, 0x00000000e0000000, 0x00000000e5560000)
  from space 21824K,  62% used [0x00000000e6ab0000, 0x00000000e7815fb0, 0x00000000e8000000)
  to   space 21824K,   0% used [0x00000000e5560000, 0x00000000e5560000, 0x00000000e6ab0000)
 concurrent mark-sweep generation total 393216K, used 7020K [0x00000000e8000000, 0x0000000100000000, 0x0000000100000000)
 Metaspace       used 28011K, capacity 28498K, committed 28796K, reserved 1075200K
  class space    used 3212K, capacity 3388K, committed 3452K, reserved 1048576K
}
2017-06-01T21:58:35.468+0200: 175,850: Total time for which application threads were stopped: 0,0179628 seconds, Stopping threads took: 0,0001584 seconds
2017-06-01T22:00:16.480+0200: 276,862: Total time for which application threads were stopped: 0,0000820 seconds, Stopping threads took: 0,0000311 seconds
2017-06-01T22:19:05.609+0200: 1405,991: Total time for which application threads were stopped: 0,0001009 seconds, Stopping threads took: 0,0000299 seconds
2017-06-01T22:24:25.644+0200: 1726,026: Total time for which application threads were stopped: 0,0000891 seconds, Stopping threads took: 0,0000333 seconds
2017-06-01T22:34:00.705+0200: 2301,087: Total time for which application threads were stopped: 0,0000977 seconds, Stopping threads took: 0,0000343 seconds
2017-06-01T22:34:01.706+0200: 2302,087: Total time for which application threads were stopped: 0,0000645 seconds, Stopping threads took: 0,0000145 seconds
2017-06-01T22:35:26.716+0200: 2387,097: Total time for which application threads were stopped: 0,0000827 seconds, Stopping threads took: 0,0000311 seconds
2017-06-01T22:50:31.803+0200: 3292,185: Total time for which application threads were stopped: 0,0000816 seconds, Stopping threads took: 0,0000318 seconds
2017-06-01T23:00:15.851+0200: 3876,233: Total time for which application threads were stopped: 0,0000899 seconds, Stopping threads took: 0,0000346 seconds
2017-06-01T23:00:20.852+0200: 3881,234: Total time for which application threads were stopped: 0,0000837 seconds, Stopping threads took: 0,0000278 seconds
2017-06-01T23:01:41.859+0200: 3962,241: Total time for which application threads were stopped: 0,0000809 seconds, Stopping threads took: 0,0000329 seconds
2017-06-01T23:06:23.467+0200: 4243,849: Total time for which application threads were stopped: 0,0024586 seconds, Stopping threads took: 0,0023667 seconds
2017-06-01T23:06:23.472+0200: 4243,854: Total time for which application threads were stopped: 0,0015158 seconds, Stopping threads took: 0,0014159 seconds
2017-06-01T23:06:23.490+0200: 4243,872: Total time for which application threads were stopped: 0,0048333 seconds, Stopping threads took: 0,0047378 seconds
2017-06-01T23:06:23.495+0200: 4243,877: Total time for which application threads were stopped: 0,0001819 seconds, Stopping threads took: 0,0000655 seconds
2017-06-01T23:06:23.503+0200: 4243,885: Total time for which application threads were stopped: 0,0001087 seconds, Stopping threads took: 0,0000355 seconds
2017-06-01T23:06:23.505+0200: 4243,887: Total time for which application threads were stopped: 0,0001044 seconds, Stopping threads took: 0,0000345 seconds
Heap
 par new generation   total 109248K, used 34360K [0x00000000e0000000, 0x00000000e8000000, 0x00000000e8000000)
  eden space 87424K,  23% used [0x00000000e0000000, 0x00000000e1428370, 0x00000000e5560000)
  from space 21824K,  62% used [0x00000000e6ab0000, 0x00000000e7815fb0, 0x00000000e8000000)
  to   space 21824K,   0% used [0x00000000e5560000, 0x00000000e5560000, 0x00000000e6ab0000)
 concurrent mark-sweep generation total 393216K, used 7020K [0x00000000e8000000, 0x0000000100000000, 0x0000000100000000)
 Metaspace       used 28132K, capacity 28670K, committed 28796K, reserved 1075200K
  class space    used 3226K, capacity 3422K, committed 3452K, reserved 1048576K
