OpenJDK 64-Bit Server VM (25.111-b14) for linux-amd64 JRE (1.8.0_111-8u111-b14-2ubuntu0.16.04.2-b14), built on Oct 27 2016 18:10:19 by "buildd" with gcc 5.4.0 20160609
Memory: 4k page, physical 7867800k(7500508k free), swap 8076284k(8076284k free)
CommandLine flags: -XX:CMSInitiatingOccupancyFraction=50 -XX:CMSMaxAbortablePrecleanTime=6000 -XX:+CMSParallelRemarkEnabled -XX:+CMSScavengeBeforeRemark -XX:ConcGCThreads=4 -XX:InitialHeapSize=536870912 -XX:MaxHeapSize=536870912 -XX:MaxTenuringThreshold=8 -XX:NewRatio=3 -XX:OldPLABSize=16 -XX:OnOutOfMemoryError=/opt/solr/bin/oom_solr.sh 8983 /var/solr/logs -XX:ParallelGCThreads=4 -XX:+ParallelRefProcEnabled -XX:PretenureSizeThreshold=67108864 -XX:+PrintGC -XX:+PrintGCApplicationStoppedTime -XX:+PrintGCDateStamps -XX:+PrintGCDetails -XX:+PrintGCTimeStamps -XX:+PrintHeapAtGC -XX:+PrintTenuringDistribution -XX:SurvivorRatio=4 -XX:TargetSurvivorRatio=90 -XX:ThreadStackSize=256 -XX:+UseCMSInitiatingOccupancyOnly -XX:+UseCompressedClassPointers -XX:+UseCompressedOops -XX:+UseConcMarkSweepGC -XX:+UseParNewGC 
2017-01-31T08:33:09.054+0100: 0,120: Total time for which application threads were stopped: 0,0000694 seconds, Stopping threads took: 0,0000118 seconds
2017-01-31T08:33:09.147+0100: 0,213: Total time for which application threads were stopped: 0,0001623 seconds, Stopping threads took: 0,0000201 seconds
2017-01-31T08:33:09.164+0100: 0,230: Total time for which application threads were stopped: 0,0001051 seconds, Stopping threads took: 0,0000131 seconds
2017-01-31T08:33:09.381+0100: 0,447: Total time for which application threads were stopped: 0,0001297 seconds, Stopping threads took: 0,0000094 seconds
2017-01-31T08:33:09.891+0100: 0,957: Total time for which application threads were stopped: 0,0003351 seconds, Stopping threads took: 0,0000477 seconds
2017-01-31T08:33:09.980+0100: 1,046: Total time for which application threads were stopped: 0,0002286 seconds, Stopping threads took: 0,0000313 seconds
2017-01-31T08:33:10.003+0100: 1,069: Total time for which application threads were stopped: 0,0001670 seconds, Stopping threads took: 0,0000236 seconds
2017-01-31T08:33:10.242+0100: 1,308: Total time for which application threads were stopped: 0,0001568 seconds, Stopping threads took: 0,0000211 seconds
2017-01-31T08:33:10.451+0100: 1,517: Total time for which application threads were stopped: 0,0004358 seconds, Stopping threads took: 0,0000472 seconds
2017-01-31T08:33:10.476+0100: 1,541: Total time for which application threads were stopped: 0,0001915 seconds, Stopping threads took: 0,0000265 seconds
2017-01-31T08:33:10.477+0100: 1,542: Total time for which application threads were stopped: 0,0001827 seconds, Stopping threads took: 0,0000235 seconds
2017-01-31T08:33:10.491+0100: 1,557: Total time for which application threads were stopped: 0,0001616 seconds, Stopping threads took: 0,0000190 seconds
2017-01-31T08:33:10.596+0100: 1,662: Total time for which application threads were stopped: 0,0002770 seconds, Stopping threads took: 0,0000230 seconds
2017-01-31T08:33:10.754+0100: 1,820: Total time for which application threads were stopped: 0,0002516 seconds, Stopping threads took: 0,0000397 seconds
{Heap before GC invocations=0 (full 0):
 par new generation   total 109248K, used 87424K [0x00000000e0000000, 0x00000000e8000000, 0x00000000e8000000)
  eden space 87424K, 100% used [0x00000000e0000000, 0x00000000e5560000, 0x00000000e5560000)
  from space 21824K,   0% used [0x00000000e5560000, 0x00000000e5560000, 0x00000000e6ab0000)
  to   space 21824K,   0% used [0x00000000e6ab0000, 0x00000000e6ab0000, 0x00000000e8000000)
 concurrent mark-sweep generation total 393216K, used 0K [0x00000000e8000000, 0x0000000100000000, 0x0000000100000000)
 Metaspace       used 17912K, capacity 18206K, committed 18304K, reserved 1064960K
  class space    used 2033K, capacity 2130K, committed 2176K, reserved 1048576K
2017-01-31T08:33:10.844+0100: 1,910: [GC (Allocation Failure) 2017-01-31T08:33:10.844+0100: 1,910: [ParNew
Desired survivor size 20112992 bytes, new threshold 8 (max 8)
- age   1:   12406912 bytes,   12406912 total
: 87424K->12228K(109248K), 0,0156757 secs] 87424K->12228K(502464K), 0,0157637 secs] [Times: user=0,05 sys=0,00, real=0,02 secs] 
Heap after GC invocations=1 (full 0):
 par new generation   total 109248K, used 12228K [0x00000000e0000000, 0x00000000e8000000, 0x00000000e8000000)
  eden space 87424K,   0% used [0x00000000e0000000, 0x00000000e0000000, 0x00000000e5560000)
  from space 21824K,  56% used [0x00000000e6ab0000, 0x00000000e76a1378, 0x00000000e8000000)
  to   space 21824K,   0% used [0x00000000e5560000, 0x00000000e5560000, 0x00000000e6ab0000)
 concurrent mark-sweep generation total 393216K, used 0K [0x00000000e8000000, 0x0000000100000000, 0x0000000100000000)
 Metaspace       used 17912K, capacity 18206K, committed 18304K, reserved 1064960K
  class space    used 2033K, capacity 2130K, committed 2176K, reserved 1048576K
}
2017-01-31T08:33:10.860+0100: 1,926: Total time for which application threads were stopped: 0,0159493 seconds, Stopping threads took: 0,0000382 seconds
2017-01-31T08:33:11.089+0100: 2,154: Total time for which application threads were stopped: 0,0003559 seconds, Stopping threads took: 0,0000541 seconds
2017-01-31T08:33:11.140+0100: 2,206: Total time for which application threads were stopped: 0,0003943 seconds, Stopping threads took: 0,0000563 seconds
2017-01-31T08:33:11.175+0100: 2,241: Total time for which application threads were stopped: 0,0003761 seconds, Stopping threads took: 0,0000344 seconds
{Heap before GC invocations=1 (full 0):
 par new generation   total 109248K, used 99652K [0x00000000e0000000, 0x00000000e8000000, 0x00000000e8000000)
  eden space 87424K, 100% used [0x00000000e0000000, 0x00000000e5560000, 0x00000000e5560000)
  from space 21824K,  56% used [0x00000000e6ab0000, 0x00000000e76a1378, 0x00000000e8000000)
  to   space 21824K,   0% used [0x00000000e5560000, 0x00000000e5560000, 0x00000000e6ab0000)
 concurrent mark-sweep generation total 393216K, used 0K [0x00000000e8000000, 0x0000000100000000, 0x0000000100000000)
 Metaspace       used 20534K, capacity 20848K, committed 20992K, reserved 1067008K
  class space    used 2366K, capacity 2485K, committed 2560K, reserved 1048576K
2017-01-31T08:33:11.292+0100: 2,357: [GC (Allocation Failure) 2017-01-31T08:33:11.292+0100: 2,357: [ParNew
Desired survivor size 20112992 bytes, new threshold 8 (max 8)
- age   1:    4241248 bytes,    4241248 total
- age   2:    6446616 bytes,   10687864 total
: 99652K->13410K(109248K), 0,0118923 secs] 99652K->13410K(502464K), 0,0119605 secs] [Times: user=0,03 sys=0,01, real=0,01 secs] 
Heap after GC invocations=2 (full 0):
 par new generation   total 109248K, used 13410K [0x00000000e0000000, 0x00000000e8000000, 0x00000000e8000000)
  eden space 87424K,   0% used [0x00000000e0000000, 0x00000000e0000000, 0x00000000e5560000)
  from space 21824K,  61% used [0x00000000e5560000, 0x00000000e62789e0, 0x00000000e6ab0000)
  to   space 21824K,   0% used [0x00000000e6ab0000, 0x00000000e6ab0000, 0x00000000e8000000)
 concurrent mark-sweep generation total 393216K, used 0K [0x00000000e8000000, 0x0000000100000000, 0x0000000100000000)
 Metaspace       used 20534K, capacity 20848K, committed 20992K, reserved 1067008K
  class space    used 2366K, capacity 2485K, committed 2560K, reserved 1048576K
}
2017-01-31T08:33:11.304+0100: 2,369: Total time for which application threads were stopped: 0,0122139 seconds, Stopping threads took: 0,0000673 seconds
2017-01-31T08:33:11.362+0100: 2,428: Total time for which application threads were stopped: 0,0001642 seconds, Stopping threads took: 0,0000325 seconds
2017-01-31T08:33:11.383+0100: 2,449: Total time for which application threads were stopped: 0,0001444 seconds, Stopping threads took: 0,0000410 seconds
2017-01-31T08:33:11.418+0100: 2,484: Total time for which application threads were stopped: 0,0029011 seconds, Stopping threads took: 0,0027959 seconds
{Heap before GC invocations=2 (full 0):
 par new generation   total 109248K, used 100834K [0x00000000e0000000, 0x00000000e8000000, 0x00000000e8000000)
  eden space 87424K, 100% used [0x00000000e0000000, 0x00000000e5560000, 0x00000000e5560000)
  from space 21824K,  61% used [0x00000000e5560000, 0x00000000e62789e0, 0x00000000e6ab0000)
  to   space 21824K,   0% used [0x00000000e6ab0000, 0x00000000e6ab0000, 0x00000000e8000000)
 concurrent mark-sweep generation total 393216K, used 0K [0x00000000e8000000, 0x0000000100000000, 0x0000000100000000)
 Metaspace       used 21817K, capacity 22118K, committed 22216K, reserved 1069056K
  class space    used 2524K, capacity 2649K, committed 2684K, reserved 1048576K
2017-01-31T08:33:11.469+0100: 2,535: [GC (Allocation Failure) 2017-01-31T08:33:11.469+0100: 2,535: [ParNew
Desired survivor size 20112992 bytes, new threshold 8 (max 8)
- age   1:    1779432 bytes,    1779432 total
- age   2:    1786816 bytes,    3566248 total
- age   3:    6443376 bytes,   10009624 total
: 100834K->17051K(109248K), 0,0111045 secs] 100834K->17051K(502464K), 0,0111927 secs] [Times: user=0,04 sys=0,00, real=0,01 secs] 
Heap after GC invocations=3 (full 0):
 par new generation   total 109248K, used 17051K [0x00000000e0000000, 0x00000000e8000000, 0x00000000e8000000)
  eden space 87424K,   0% used [0x00000000e0000000, 0x00000000e0000000, 0x00000000e5560000)
  from space 21824K,  78% used [0x00000000e6ab0000, 0x00000000e7b56e78, 0x00000000e8000000)
  to   space 21824K,   0% used [0x00000000e5560000, 0x00000000e5560000, 0x00000000e6ab0000)
 concurrent mark-sweep generation total 393216K, used 0K [0x00000000e8000000, 0x0000000100000000, 0x0000000100000000)
 Metaspace       used 21817K, capacity 22118K, committed 22216K, reserved 1069056K
  class space    used 2524K, capacity 2649K, committed 2684K, reserved 1048576K
}
2017-01-31T08:33:11.480+0100: 2,546: Total time for which application threads were stopped: 0,0114290 seconds, Stopping threads took: 0,0000795 seconds
2017-01-31T08:33:11.480+0100: 2,546: [GC (CMS Initial Mark) [1 CMS-initial-mark: 0K(393216K)] 17991K(502464K), 0,0028789 secs] [Times: user=0,00 sys=0,00, real=0,00 secs] 
2017-01-31T08:33:11.483+0100: 2,549: Total time for which application threads were stopped: 0,0030033 seconds, Stopping threads took: 0,0000352 seconds
2017-01-31T08:33:11.483+0100: 2,549: [CMS-concurrent-mark-start]
2017-01-31T08:33:11.484+0100: 2,550: [CMS-concurrent-mark: 0,000/0,000 secs] [Times: user=0,01 sys=0,00, real=0,00 secs] 
2017-01-31T08:33:11.484+0100: 2,550: [CMS-concurrent-preclean-start]
2017-01-31T08:33:11.485+0100: 2,551: [CMS-concurrent-preclean: 0,001/0,001 secs] [Times: user=0,00 sys=0,00, real=0,00 secs] 
2017-01-31T08:33:11.485+0100: 2,551: [CMS-concurrent-abortable-preclean-start]
2017-01-31T08:33:11.544+0100: 2,610: Total time for which application threads were stopped: 0,0001610 seconds, Stopping threads took: 0,0000432 seconds
2017-01-31T08:33:11.545+0100: 2,611: Total time for which application threads were stopped: 0,0001021 seconds, Stopping threads took: 0,0000498 seconds
2017-01-31T08:33:11.600+0100: 2,666: Total time for which application threads were stopped: 0,0001730 seconds, Stopping threads took: 0,0000561 seconds
2017-01-31T08:33:11.600+0100: 2,666: [CMS-concurrent-abortable-preclean: 0,060/0,115 secs] [Times: user=0,43 sys=0,00, real=0,12 secs] 
2017-01-31T08:33:11.601+0100: 2,666: [GC (CMS Final Remark) [YG occupancy: 104247 K (109248 K)]{Heap before GC invocations=3 (full 1):
 par new generation   total 109248K, used 104247K [0x00000000e0000000, 0x00000000e8000000, 0x00000000e8000000)
  eden space 87424K,  99% used [0x00000000e0000000, 0x00000000e5526f88, 0x00000000e5560000)
  from space 21824K,  78% used [0x00000000e6ab0000, 0x00000000e7b56e78, 0x00000000e8000000)
  to   space 21824K,   0% used [0x00000000e5560000, 0x00000000e5560000, 0x00000000e6ab0000)
 concurrent mark-sweep generation total 393216K, used 0K [0x00000000e8000000, 0x0000000100000000, 0x0000000100000000)
 Metaspace       used 22187K, capacity 22584K, committed 22880K, reserved 1069056K
  class space    used 2575K, capacity 2716K, committed 2760K, reserved 1048576K
2017-01-31T08:33:11.601+0100: 2,667: [GC (CMS Final Remark) 2017-01-31T08:33:11.601+0100: 2,667: [ParNew
Desired survivor size 20112992 bytes, new threshold 8 (max 8)
- age   1:     588920 bytes,     588920 total
- age   2:     388256 bytes,     977176 total
- age   3:    1377952 bytes,    2355128 total
- age   4:    6443360 bytes,    8798488 total
: 104247K->9759K(109248K), 0,0093073 secs] 104247K->9759K(502464K), 0,0093630 secs] [Times: user=0,04 sys=0,00, real=0,01 secs] 
Heap after GC invocations=4 (full 1):
 par new generation   total 109248K, used 9759K [0x00000000e0000000, 0x00000000e8000000, 0x00000000e8000000)
  eden space 87424K,   0% used [0x00000000e0000000, 0x00000000e0000000, 0x00000000e5560000)
  from space 21824K,  44% used [0x00000000e5560000, 0x00000000e5ee7d80, 0x00000000e6ab0000)
  to   space 21824K,   0% used [0x00000000e6ab0000, 0x00000000e6ab0000, 0x00000000e8000000)
 concurrent mark-sweep generation total 393216K, used 0K [0x00000000e8000000, 0x0000000100000000, 0x0000000100000000)
 Metaspace       used 22187K, capacity 22584K, committed 22880K, reserved 1069056K
  class space    used 2575K, capacity 2716K, committed 2760K, reserved 1048576K
}
2017-01-31T08:33:11.610+0100: 2,676: [Rescan (parallel) , 0,0030433 secs]2017-01-31T08:33:11.613+0100: 2,679: [weak refs processing, 0,0004086 secs]2017-01-31T08:33:11.614+0100: 2,679: [class unloading, 0,0029025 secs]2017-01-31T08:33:11.616+0100: 2,682: [scrub symbol table, 0,0028035 secs]2017-01-31T08:33:11.619+0100: 2,685: [scrub string table, 0,0003978 secs][1 CMS-remark: 0K(393216K)] 9759K(502464K), 0,0196052 secs] [Times: user=0,06 sys=0,00, real=0,02 secs] 
2017-01-31T08:33:11.620+0100: 2,686: Total time for which application threads were stopped: 0,0198546 seconds, Stopping threads took: 0,0001733 seconds
2017-01-31T08:33:11.620+0100: 2,686: [CMS-concurrent-sweep-start]
2017-01-31T08:33:11.620+0100: 2,686: [CMS-concurrent-sweep: 0,000/0,000 secs] [Times: user=0,00 sys=0,00, real=0,00 secs] 
2017-01-31T08:33:11.620+0100: 2,686: [CMS-concurrent-reset-start]
2017-01-31T08:33:11.622+0100: 2,688: Total time for which application threads were stopped: 0,0004051 seconds, Stopping threads took: 0,0000676 seconds
2017-01-31T08:33:11.623+0100: 2,689: [CMS-concurrent-reset: 0,002/0,003 secs] [Times: user=0,00 sys=0,01, real=0,00 secs] 
2017-01-31T08:33:11.827+0100: 2,893: Total time for which application threads were stopped: 0,0006388 seconds, Stopping threads took: 0,0001982 seconds
{Heap before GC invocations=4 (full 1):
 par new generation   total 109248K, used 97183K [0x00000000e0000000, 0x00000000e8000000, 0x00000000e8000000)
  eden space 87424K, 100% used [0x00000000e0000000, 0x00000000e5560000, 0x00000000e5560000)
  from space 21824K,  44% used [0x00000000e5560000, 0x00000000e5ee7d80, 0x00000000e6ab0000)
  to   space 21824K,   0% used [0x00000000e6ab0000, 0x00000000e6ab0000, 0x00000000e8000000)
 concurrent mark-sweep generation total 393216K, used 0K [0x00000000e8000000, 0x0000000100000000, 0x0000000100000000)
 Metaspace       used 25843K, capacity 26298K, committed 26568K, reserved 1073152K
  class space    used 3029K, capacity 3187K, committed 3272K, reserved 1048576K
2017-01-31T08:33:12.035+0100: 3,101: [GC (Allocation Failure) 2017-01-31T08:33:12.035+0100: 3,101: [ParNew
Desired survivor size 20112992 bytes, new threshold 8 (max 8)
- age   1:    4903032 bytes,    4903032 total
- age   2:     170072 bytes,    5073104 total
- age   3:     374704 bytes,    5447808 total
- age   4:     817960 bytes,    6265768 total
- age   5:    6439656 bytes,   12705424 total
: 97183K->17244K(109248K), 0,0104096 secs] 97183K->17244K(502464K), 0,0104723 secs] [Times: user=0,04 sys=0,00, real=0,01 secs] 
Heap after GC invocations=5 (full 1):
 par new generation   total 109248K, used 17244K [0x00000000e0000000, 0x00000000e8000000, 0x00000000e8000000)
  eden space 87424K,   0% used [0x00000000e0000000, 0x00000000e0000000, 0x00000000e5560000)
  from space 21824K,  79% used [0x00000000e6ab0000, 0x00000000e7b87168, 0x00000000e8000000)
  to   space 21824K,   0% used [0x00000000e5560000, 0x00000000e5560000, 0x00000000e6ab0000)
 concurrent mark-sweep generation total 393216K, used 0K [0x00000000e8000000, 0x0000000100000000, 0x0000000100000000)
 Metaspace       used 25843K, capacity 26298K, committed 26568K, reserved 1073152K
  class space    used 3029K, capacity 3187K, committed 3272K, reserved 1048576K
}
2017-01-31T08:33:12.045+0100: 3,111: Total time for which application threads were stopped: 0,0106492 seconds, Stopping threads took: 0,0000375 seconds
2017-01-31T08:33:12.145+0100: 3,210: Total time for which application threads were stopped: 0,0004021 seconds, Stopping threads took: 0,0000463 seconds
2017-01-31T08:33:12.981+0100: 4,047: Total time for which application threads were stopped: 0,0007288 seconds, Stopping threads took: 0,0000288 seconds
2017-01-31T08:33:40.984+0100: 32,050: Total time for which application threads were stopped: 0,0000768 seconds, Stopping threads took: 0,0000296 seconds
2017-01-31T08:35:41.002+0100: 152,067: Total time for which application threads were stopped: 0,0001577 seconds, Stopping threads took: 0,0000644 seconds
2017-01-31T08:35:46.003+0100: 157,068: Total time for which application threads were stopped: 0,0000686 seconds, Stopping threads took: 0,0000170 seconds
2017-01-31T08:36:10.007+0100: 181,072: Total time for which application threads were stopped: 0,0001801 seconds, Stopping threads took: 0,0000721 seconds
2017-01-31T08:37:40.021+0100: 271,087: Total time for which application threads were stopped: 0,0000976 seconds, Stopping threads took: 0,0000391 seconds
2017-01-31T08:38:50.689+0100: 341,755: Total time for which application threads were stopped: 0,0000815 seconds, Stopping threads took: 0,0000234 seconds
2017-01-31T08:38:50.693+0100: 341,759: Total time for which application threads were stopped: 0,0000530 seconds, Stopping threads took: 0,0000122 seconds
2017-01-31T08:38:50.711+0100: 341,777: Total time for which application threads were stopped: 0,0003229 seconds, Stopping threads took: 0,0000133 seconds
2017-01-31T08:38:50.729+0100: 341,795: Total time for which application threads were stopped: 0,0001911 seconds, Stopping threads took: 0,0001116 seconds
2017-01-31T08:38:50.729+0100: 341,795: Total time for which application threads were stopped: 0,0001306 seconds, Stopping threads took: 0,0000823 seconds
2017-01-31T08:38:51.185+0100: 342,251: Total time for which application threads were stopped: 0,0000744 seconds, Stopping threads took: 0,0000148 seconds
2017-01-31T08:38:51.191+0100: 342,257: Total time for which application threads were stopped: 0,0001172 seconds, Stopping threads took: 0,0000413 seconds
2017-01-31T08:38:52.191+0100: 343,257: Total time for which application threads were stopped: 0,0000660 seconds, Stopping threads took: 0,0000171 seconds
2017-01-31T08:38:53.192+0100: 344,258: Total time for which application threads were stopped: 0,0010207 seconds, Stopping threads took: 0,0004140 seconds
2017-01-31T08:38:56.193+0100: 347,258: Total time for which application threads were stopped: 0,0000683 seconds, Stopping threads took: 0,0000177 seconds
2017-01-31T08:38:58.193+0100: 349,259: Total time for which application threads were stopped: 0,0000789 seconds, Stopping threads took: 0,0000198 seconds
2017-01-31T08:38:59.193+0100: 350,259: Total time for which application threads were stopped: 0,0000742 seconds, Stopping threads took: 0,0000184 seconds
2017-01-31T08:39:01.193+0100: 352,259: Total time for which application threads were stopped: 0,0000680 seconds, Stopping threads took: 0,0000160 seconds
2017-01-31T08:39:03.194+0100: 354,259: Total time for which application threads were stopped: 0,0000830 seconds, Stopping threads took: 0,0000207 seconds
2017-01-31T08:39:05.194+0100: 356,260: Total time for which application threads were stopped: 0,0000815 seconds, Stopping threads took: 0,0000160 seconds
2017-01-31T08:39:07.194+0100: 358,260: Total time for which application threads were stopped: 0,0000618 seconds, Stopping threads took: 0,0000152 seconds
2017-01-31T08:39:08.194+0100: 359,260: Total time for which application threads were stopped: 0,0000655 seconds, Stopping threads took: 0,0000181 seconds
2017-01-31T08:39:10.194+0100: 361,260: Total time for which application threads were stopped: 0,0000700 seconds, Stopping threads took: 0,0000182 seconds
2017-01-31T08:39:12.195+0100: 363,261: Total time for which application threads were stopped: 0,0000802 seconds, Stopping threads took: 0,0000217 seconds
2017-01-31T08:39:13.195+0100: 364,261: Total time for which application threads were stopped: 0,0004049 seconds, Stopping threads took: 0,0000797 seconds
2017-01-31T08:39:15.196+0100: 366,261: Total time for which application threads were stopped: 0,0000967 seconds, Stopping threads took: 0,0000234 seconds
2017-01-31T08:39:22.196+0100: 373,262: Total time for which application threads were stopped: 0,0000742 seconds, Stopping threads took: 0,0000201 seconds
2017-01-31T08:39:24.197+0100: 375,262: Total time for which application threads were stopped: 0,0000960 seconds, Stopping threads took: 0,0000387 seconds
2017-01-31T08:39:25.197+0100: 376,263: Total time for which application threads were stopped: 0,0001220 seconds, Stopping threads took: 0,0000329 seconds
2017-01-31T08:39:26.197+0100: 377,263: Total time for which application threads were stopped: 0,0000619 seconds, Stopping threads took: 0,0000143 seconds
2017-01-31T08:39:27.197+0100: 378,263: Total time for which application threads were stopped: 0,0000856 seconds, Stopping threads took: 0,0000161 seconds
2017-01-31T08:39:30.198+0100: 381,263: Total time for which application threads were stopped: 0,0000833 seconds, Stopping threads took: 0,0000151 seconds
2017-01-31T08:39:33.198+0100: 384,264: Total time for which application threads were stopped: 0,0000637 seconds, Stopping threads took: 0,0000175 seconds
2017-01-31T08:39:36.198+0100: 387,264: Total time for which application threads were stopped: 0,0000599 seconds, Stopping threads took: 0,0000153 seconds
2017-01-31T08:39:41.199+0100: 392,265: Total time for which application threads were stopped: 0,0002290 seconds, Stopping threads took: 0,0000219 seconds
2017-01-31T08:39:43.199+0100: 394,265: Total time for which application threads were stopped: 0,0000693 seconds, Stopping threads took: 0,0000150 seconds
2017-01-31T08:39:46.200+0100: 397,265: Total time for which application threads were stopped: 0,0000730 seconds, Stopping threads took: 0,0000183 seconds
2017-01-31T08:39:47.200+0100: 398,266: Total time for which application threads were stopped: 0,0000925 seconds, Stopping threads took: 0,0000217 seconds
2017-01-31T08:39:49.200+0100: 400,266: Total time for which application threads were stopped: 0,0000703 seconds, Stopping threads took: 0,0000183 seconds
2017-01-31T08:39:55.201+0100: 406,266: Total time for which application threads were stopped: 0,0000763 seconds, Stopping threads took: 0,0000283 seconds
2017-01-31T08:39:56.201+0100: 407,267: Total time for which application threads were stopped: 0,0000815 seconds, Stopping threads took: 0,0000209 seconds
2017-01-31T08:39:57.201+0100: 408,267: Total time for which application threads were stopped: 0,0000587 seconds, Stopping threads took: 0,0000146 seconds
2017-01-31T08:40:00.201+0100: 411,267: Total time for which application threads were stopped: 0,0000620 seconds, Stopping threads took: 0,0000164 seconds
2017-01-31T08:40:05.202+0100: 416,268: Total time for which application threads were stopped: 0,0000629 seconds, Stopping threads took: 0,0000155 seconds
2017-01-31T08:40:12.202+0100: 423,268: Total time for which application threads were stopped: 0,0000631 seconds, Stopping threads took: 0,0000158 seconds
2017-01-31T08:40:17.203+0100: 428,269: Total time for which application threads were stopped: 0,0000644 seconds, Stopping threads took: 0,0000165 seconds
2017-01-31T08:40:18.445+0100: 429,511: Total time for which application threads were stopped: 0,0001049 seconds, Stopping threads took: 0,0000444 seconds
2017-01-31T08:40:19.445+0100: 430,511: Total time for which application threads were stopped: 0,0002253 seconds, Stopping threads took: 0,0000582 seconds
2017-01-31T08:43:20.137+0100: 611,203: Total time for which application threads were stopped: 0,0000855 seconds, Stopping threads took: 0,0000321 seconds
2017-01-31T08:43:20.137+0100: 611,203: Total time for which application threads were stopped: 0,0000534 seconds, Stopping threads took: 0,0000291 seconds
2017-01-31T08:43:20.309+0100: 611,374: Total time for which application threads were stopped: 0,0001156 seconds, Stopping threads took: 0,0000221 seconds
2017-01-31T08:43:20.310+0100: 611,376: Total time for which application threads were stopped: 0,0000655 seconds, Stopping threads took: 0,0000190 seconds
2017-01-31T08:43:21.311+0100: 612,377: Total time for which application threads were stopped: 0,0005860 seconds, Stopping threads took: 0,0000914 seconds
2017-01-31T08:43:22.311+0100: 613,377: Total time for which application threads were stopped: 0,0000705 seconds, Stopping threads took: 0,0000171 seconds
2017-01-31T08:43:22.403+0100: 613,469: Total time for which application threads were stopped: 0,0001168 seconds, Stopping threads took: 0,0000592 seconds
2017-01-31T08:43:23.404+0100: 614,469: Total time for which application threads were stopped: 0,0000689 seconds, Stopping threads took: 0,0000160 seconds
2017-01-31T08:43:24.168+0100: 615,234: Total time for which application threads were stopped: 0,0001295 seconds, Stopping threads took: 0,0000228 seconds
2017-01-31T08:43:25.168+0100: 616,234: Total time for which application threads were stopped: 0,0000642 seconds, Stopping threads took: 0,0000145 seconds
2017-01-31T08:43:41.171+0100: 632,236: Total time for which application threads were stopped: 0,0001264 seconds, Stopping threads took: 0,0000292 seconds
2017-01-31T08:46:04.191+0100: 775,257: Total time for which application threads were stopped: 0,0001538 seconds, Stopping threads took: 0,0000569 seconds
2017-01-31T08:46:06.191+0100: 777,257: Total time for which application threads were stopped: 0,0000688 seconds, Stopping threads took: 0,0000164 seconds
2017-01-31T09:02:14.300+0100: 1745,366: Total time for which application threads were stopped: 0,0007291 seconds, Stopping threads took: 0,0003322 seconds
2017-01-31T09:10:51.370+0100: 2262,436: Total time for which application threads were stopped: 0,0001275 seconds, Stopping threads took: 0,0000515 seconds
2017-01-31T09:44:52.220+0100: 3323,125: Total time for which application threads were stopped: 0,0001618 seconds, Stopping threads took: 0,0000613 seconds
2017-01-31T09:45:01.222+0100: 3332,127: Total time for which application threads were stopped: 0,0001430 seconds, Stopping threads took: 0,0000332 seconds
2017-01-31T09:52:29.298+0100: 3780,203: Total time for which application threads were stopped: 0,0001831 seconds, Stopping threads took: 0,0000673 seconds
2017-01-31T09:52:39.300+0100: 3790,205: Total time for which application threads were stopped: 0,0001612 seconds, Stopping threads took: 0,0000614 seconds
2017-01-31T09:53:01.304+0100: 3812,209: Total time for which application threads were stopped: 0,0001444 seconds, Stopping threads took: 0,0000331 seconds
2017-01-31T09:56:01.330+0100: 3992,235: Total time for which application threads were stopped: 0,0000869 seconds, Stopping threads took: 0,0000370 seconds
2017-01-31T10:00:31.375+0100: 4262,280: Total time for which application threads were stopped: 0,0001584 seconds, Stopping threads took: 0,0000607 seconds
2017-01-31T10:01:01.381+0100: 4292,286: Total time for which application threads were stopped: 0,0001832 seconds, Stopping threads took: 0,0000567 seconds
2017-01-31T10:12:37.531+0100: 4988,436: Total time for which application threads were stopped: 0,0001322 seconds, Stopping threads took: 0,0000512 seconds
2017-01-31T10:13:22.539+0100: 5033,444: Total time for which application threads were stopped: 0,0002311 seconds, Stopping threads took: 0,0000730 seconds
2017-01-31T10:24:00.644+0100: 5671,549: Total time for which application threads were stopped: 0,0001529 seconds, Stopping threads took: 0,0000613 seconds
2017-01-31T10:30:19.169+0100: 6050,074: Total time for which application threads were stopped: 0,0008918 seconds, Stopping threads took: 0,0007869 seconds
2017-01-31T10:30:19.201+0100: 6050,107: Total time for which application threads were stopped: 0,0001015 seconds, Stopping threads took: 0,0000282 seconds
2017-01-31T10:30:19.206+0100: 6050,111: Total time for which application threads were stopped: 0,0031992 seconds, Stopping threads took: 0,0030906 seconds
Heap
 par new generation   total 109248K, used 88932K [0x00000000e0000000, 0x00000000e8000000, 0x00000000e8000000)
  eden space 87424K,  81% used [0x00000000e0000000, 0x00000000e4601ea0, 0x00000000e5560000)
  from space 21824K,  79% used [0x00000000e6ab0000, 0x00000000e7b87168, 0x00000000e8000000)
  to   space 21824K,   0% used [0x00000000e5560000, 0x00000000e5560000, 0x00000000e6ab0000)
 concurrent mark-sweep generation total 393216K, used 0K [0x00000000e8000000, 0x0000000100000000, 0x0000000100000000)
 Metaspace       used 30477K, capacity 30934K, committed 31432K, reserved 1077248K
  class space    used 3529K, capacity 3684K, committed 3784K, reserved 1048576K
