OpenJDK 64-Bit Server VM (25.131-b11) for linux-amd64 JRE (1.8.0_131-8u131-b11-0ubuntu1.16.04.2-b11), built on May  6 2017 02:45:27 by "buildd" with gcc 5.4.0 20160609
Memory: 4k page, physical 7867740k(7419388k free), swap 8076284k(8076284k free)
CommandLine flags: -XX:CMSInitiatingOccupancyFraction=50 -XX:CMSMaxAbortablePrecleanTime=6000 -XX:+CMSParallelRemarkEnabled -XX:+CMSScavengeBeforeRemark -XX:ConcGCThreads=4 -XX:InitialHeapSize=536870912 -XX:MaxHeapSize=536870912 -XX:MaxTenuringThreshold=8 -XX:NewRatio=3 -XX:OldPLABSize=16 -XX:OnOutOfMemoryError=/opt/solr/bin/oom_solr.sh 8983 /var/solr/logs -XX:ParallelGCThreads=4 -XX:+ParallelRefProcEnabled -XX:PretenureSizeThreshold=67108864 -XX:+PrintGC -XX:+PrintGCApplicationStoppedTime -XX:+PrintGCDateStamps -XX:+PrintGCDetails -XX:+PrintGCTimeStamps -XX:+PrintHeapAtGC -XX:+PrintTenuringDistribution -XX:SurvivorRatio=4 -XX:TargetSurvivorRatio=90 -XX:ThreadStackSize=256 -XX:+UseCMSInitiatingOccupancyOnly -XX:+UseCompressedClassPointers -XX:+UseCompressedOops -XX:+UseConcMarkSweepGC -XX:+UseParNewGC 
2017-07-24T16:32:16.112+0200: 0,171: Total time for which application threads were stopped: 0,0000786 seconds, Stopping threads took: 0,0000140 seconds
2017-07-24T16:32:16.215+0200: 0,274: Total time for which application threads were stopped: 0,0001295 seconds, Stopping threads took: 0,0000169 seconds
2017-07-24T16:32:16.229+0200: 0,288: Total time for which application threads were stopped: 0,0000984 seconds, Stopping threads took: 0,0000240 seconds
2017-07-24T16:32:16.431+0200: 0,490: Total time for which application threads were stopped: 0,0001553 seconds, Stopping threads took: 0,0000128 seconds
2017-07-24T16:32:16.797+0200: 0,856: Total time for which application threads were stopped: 0,0001528 seconds, Stopping threads took: 0,0000150 seconds
2017-07-24T16:32:16.920+0200: 0,979: Total time for which application threads were stopped: 0,0001899 seconds, Stopping threads took: 0,0000314 seconds
2017-07-24T16:32:17.038+0200: 1,097: Total time for which application threads were stopped: 0,0001802 seconds, Stopping threads took: 0,0000257 seconds
2017-07-24T16:32:17.338+0200: 1,397: Total time for which application threads were stopped: 0,0002239 seconds, Stopping threads took: 0,0000228 seconds
2017-07-24T16:32:17.577+0200: 1,636: Total time for which application threads were stopped: 0,0008748 seconds, Stopping threads took: 0,0002174 seconds
2017-07-24T16:32:17.606+0200: 1,665: Total time for which application threads were stopped: 0,0001650 seconds, Stopping threads took: 0,0000205 seconds
2017-07-24T16:32:17.641+0200: 1,700: Total time for which application threads were stopped: 0,0002495 seconds, Stopping threads took: 0,0000295 seconds
2017-07-24T16:32:17.644+0200: 1,703: Total time for which application threads were stopped: 0,0012456 seconds, Stopping threads took: 0,0001944 seconds
2017-07-24T16:32:17.666+0200: 1,725: Total time for which application threads were stopped: 0,0007651 seconds, Stopping threads took: 0,0001455 seconds
2017-07-24T16:32:17.771+0200: 1,830: Total time for which application threads were stopped: 0,0002383 seconds, Stopping threads took: 0,0000271 seconds
2017-07-24T16:32:17.955+0200: 2,014: Total time for which application threads were stopped: 0,0003265 seconds, Stopping threads took: 0,0001005 seconds
{Heap before GC invocations=0 (full 0):
 par new generation   total 109248K, used 87424K [0x00000000e0000000, 0x00000000e8000000, 0x00000000e8000000)
  eden space 87424K, 100% used [0x00000000e0000000, 0x00000000e5560000, 0x00000000e5560000)
  from space 21824K,   0% used [0x00000000e5560000, 0x00000000e5560000, 0x00000000e6ab0000)
  to   space 21824K,   0% used [0x00000000e6ab0000, 0x00000000e6ab0000, 0x00000000e8000000)
 concurrent mark-sweep generation total 393216K, used 0K [0x00000000e8000000, 0x0000000100000000, 0x0000000100000000)
 Metaspace       used 18002K, capacity 18336K, committed 18688K, reserved 1064960K
  class space    used 2035K, capacity 2196K, committed 2304K, reserved 1048576K
2017-07-24T16:32:18.025+0200: 2,084: [GC (Allocation Failure) 2017-07-24T16:32:18.025+0200: 2,084: [ParNew
Desired survivor size 20112992 bytes, new threshold 8 (max 8)
- age   1:   12223248 bytes,   12223248 total
: 87424K->12056K(109248K), 0,0159026 secs] 87424K->12056K(502464K), 0,0159860 secs] [Times: user=0,04 sys=0,02, real=0,01 secs] 
Heap after GC invocations=1 (full 0):
 par new generation   total 109248K, used 12056K [0x00000000e0000000, 0x00000000e8000000, 0x00000000e8000000)
  eden space 87424K,   0% used [0x00000000e0000000, 0x00000000e0000000, 0x00000000e5560000)
  from space 21824K,  55% used [0x00000000e6ab0000, 0x00000000e7676028, 0x00000000e8000000)
  to   space 21824K,   0% used [0x00000000e5560000, 0x00000000e5560000, 0x00000000e6ab0000)
 concurrent mark-sweep generation total 393216K, used 0K [0x00000000e8000000, 0x0000000100000000, 0x0000000100000000)
 Metaspace       used 18002K, capacity 18336K, committed 18688K, reserved 1064960K
  class space    used 2035K, capacity 2196K, committed 2304K, reserved 1048576K
}
2017-07-24T16:32:18.041+0200: 2,100: Total time for which application threads were stopped: 0,0162006 seconds, Stopping threads took: 0,0000414 seconds
2017-07-24T16:32:18.373+0200: 2,432: Total time for which application threads were stopped: 0,0003192 seconds, Stopping threads took: 0,0000505 seconds
2017-07-24T16:32:18.404+0200: 2,463: Total time for which application threads were stopped: 0,0003832 seconds, Stopping threads took: 0,0000776 seconds
{Heap before GC invocations=1 (full 0):
 par new generation   total 109248K, used 99480K [0x00000000e0000000, 0x00000000e8000000, 0x00000000e8000000)
  eden space 87424K, 100% used [0x00000000e0000000, 0x00000000e5560000, 0x00000000e5560000)
  from space 21824K,  55% used [0x00000000e6ab0000, 0x00000000e7676028, 0x00000000e8000000)
  to   space 21824K,   0% used [0x00000000e5560000, 0x00000000e5560000, 0x00000000e6ab0000)
 concurrent mark-sweep generation total 393216K, used 0K [0x00000000e8000000, 0x0000000100000000, 0x0000000100000000)
 Metaspace       used 20057K, capacity 20376K, committed 20736K, reserved 1067008K
  class space    used 2299K, capacity 2474K, committed 2560K, reserved 1048576K
2017-07-24T16:32:18.407+0200: 2,466: [GC (Allocation Failure) 2017-07-24T16:32:18.407+0200: 2,466: [ParNew
Desired survivor size 20112992 bytes, new threshold 8 (max 8)
- age   1:    3797728 bytes,    3797728 total
- age   2:    6605696 bytes,   10403424 total
: 99480K->15569K(109248K), 0,0160170 secs] 99480K->15569K(502464K), 0,0160857 secs] [Times: user=0,04 sys=0,02, real=0,02 secs] 
Heap after GC invocations=2 (full 0):
 par new generation   total 109248K, used 15569K [0x00000000e0000000, 0x00000000e8000000, 0x00000000e8000000)
  eden space 87424K,   0% used [0x00000000e0000000, 0x00000000e0000000, 0x00000000e5560000)
  from space 21824K,  71% used [0x00000000e5560000, 0x00000000e64945c0, 0x00000000e6ab0000)
  to   space 21824K,   0% used [0x00000000e6ab0000, 0x00000000e6ab0000, 0x00000000e8000000)
 concurrent mark-sweep generation total 393216K, used 0K [0x00000000e8000000, 0x0000000100000000, 0x0000000100000000)
 Metaspace       used 20057K, capacity 20376K, committed 20736K, reserved 1067008K
  class space    used 2299K, capacity 2474K, committed 2560K, reserved 1048576K
}
2017-07-24T16:32:18.423+0200: 2,482: Total time for which application threads were stopped: 0,0162745 seconds, Stopping threads took: 0,0000656 seconds
2017-07-24T16:32:18.454+0200: 2,512: Total time for which application threads were stopped: 0,0018981 seconds, Stopping threads took: 0,0015658 seconds
2017-07-24T16:32:18.583+0200: 2,642: Total time for which application threads were stopped: 0,0001824 seconds, Stopping threads took: 0,0000286 seconds
{Heap before GC invocations=2 (full 0):
 par new generation   total 109248K, used 102993K [0x00000000e0000000, 0x00000000e8000000, 0x00000000e8000000)
  eden space 87424K, 100% used [0x00000000e0000000, 0x00000000e5560000, 0x00000000e5560000)
  from space 21824K,  71% used [0x00000000e5560000, 0x00000000e64945c0, 0x00000000e6ab0000)
  to   space 21824K,   0% used [0x00000000e6ab0000, 0x00000000e6ab0000, 0x00000000e8000000)
 concurrent mark-sweep generation total 393216K, used 0K [0x00000000e8000000, 0x0000000100000000, 0x0000000100000000)
 Metaspace       used 20994K, capacity 21298K, committed 21628K, reserved 1069056K
  class space    used 2420K, capacity 2593K, committed 2684K, reserved 1048576K
2017-07-24T16:32:18.619+0200: 2,678: [GC (Allocation Failure) 2017-07-24T16:32:18.619+0200: 2,678: [ParNew
Desired survivor size 20112992 bytes, new threshold 8 (max 8)
- age   1:    2281728 bytes,    2281728 total
- age   2:     906000 bytes,    3187728 total
- age   3:    6602168 bytes,    9789896 total
: 102993K->11215K(109248K), 0,0093381 secs] 102993K->11215K(502464K), 0,0094129 secs] [Times: user=0,04 sys=0,00, real=0,01 secs] 
Heap after GC invocations=3 (full 0):
 par new generation   total 109248K, used 11215K [0x00000000e0000000, 0x00000000e8000000, 0x00000000e8000000)
  eden space 87424K,   0% used [0x00000000e0000000, 0x00000000e0000000, 0x00000000e5560000)
  from space 21824K,  51% used [0x00000000e6ab0000, 0x00000000e75a3ca0, 0x00000000e8000000)
  to   space 21824K,   0% used [0x00000000e5560000, 0x00000000e5560000, 0x00000000e6ab0000)
 concurrent mark-sweep generation total 393216K, used 0K [0x00000000e8000000, 0x0000000100000000, 0x0000000100000000)
 Metaspace       used 20994K, capacity 21298K, committed 21628K, reserved 1069056K
  class space    used 2420K, capacity 2593K, committed 2684K, reserved 1048576K
}
2017-07-24T16:32:18.628+0200: 2,687: Total time for which application threads were stopped: 0,0104694 seconds, Stopping threads took: 0,0009294 seconds
2017-07-24T16:32:18.649+0200: 2,708: [GC (CMS Initial Mark) [1 CMS-initial-mark: 0K(393216K)] 23572K(502464K), 0,0072173 secs] [Times: user=0,01 sys=0,00, real=0,00 secs] 
2017-07-24T16:32:18.657+0200: 2,716: Total time for which application threads were stopped: 0,0074066 seconds, Stopping threads took: 0,0000746 seconds
2017-07-24T16:32:18.657+0200: 2,716: [CMS-concurrent-mark-start]
2017-07-24T16:32:18.657+0200: 2,716: [CMS-concurrent-mark: 0,001/0,001 secs] [Times: user=0,00 sys=0,00, real=0,00 secs] 
2017-07-24T16:32:18.657+0200: 2,716: [CMS-concurrent-preclean-start]
2017-07-24T16:32:18.659+0200: 2,717: [CMS-concurrent-preclean: 0,001/0,001 secs] [Times: user=0,01 sys=0,00, real=0,00 secs] 
2017-07-24T16:32:18.659+0200: 2,718: [CMS-concurrent-abortable-preclean-start]
2017-07-24T16:32:18.706+0200: 2,764: Total time for which application threads were stopped: 0,0001518 seconds, Stopping threads took: 0,0000630 seconds
{Heap before GC invocations=3 (full 1):
 par new generation   total 109248K, used 98639K [0x00000000e0000000, 0x00000000e8000000, 0x00000000e8000000)
  eden space 87424K, 100% used [0x00000000e0000000, 0x00000000e5560000, 0x00000000e5560000)
  from space 21824K,  51% used [0x00000000e6ab0000, 0x00000000e75a3ca0, 0x00000000e8000000)
  to   space 21824K,   0% used [0x00000000e5560000, 0x00000000e5560000, 0x00000000e6ab0000)
 concurrent mark-sweep generation total 393216K, used 0K [0x00000000e8000000, 0x0000000100000000, 0x0000000100000000)
 Metaspace       used 21260K, capacity 21644K, committed 21884K, reserved 1069056K
  class space    used 2449K, capacity 2609K, committed 2684K, reserved 1048576K
2017-07-24T16:32:18.761+0200: 2,820: [GC (Allocation Failure) 2017-07-24T16:32:18.761+0200: 2,820: [ParNew
Desired survivor size 20112992 bytes, new threshold 8 (max 8)
- age   1:    1444240 bytes,    1444240 total
- age   2:    1456880 bytes,    2901120 total
- age   3:     884368 bytes,    3785488 total
- age   4:    6602360 bytes,   10387848 total
: 98639K->14510K(109248K), 0,0102132 secs] 98639K->14510K(502464K), 0,0102856 secs] [Times: user=0,04 sys=0,00, real=0,01 secs] 
Heap after GC invocations=4 (full 1):
 par new generation   total 109248K, used 14510K [0x00000000e0000000, 0x00000000e8000000, 0x00000000e8000000)
  eden space 87424K,   0% used [0x00000000e0000000, 0x00000000e0000000, 0x00000000e5560000)
  from space 21824K,  66% used [0x00000000e5560000, 0x00000000e638bae8, 0x00000000e6ab0000)
  to   space 21824K,   0% used [0x00000000e6ab0000, 0x00000000e6ab0000, 0x00000000e8000000)
 concurrent mark-sweep generation total 393216K, used 0K [0x00000000e8000000, 0x0000000100000000, 0x0000000100000000)
 Metaspace       used 21260K, capacity 21644K, committed 21884K, reserved 1069056K
  class space    used 2449K, capacity 2609K, committed 2684K, reserved 1048576K
}
2017-07-24T16:32:18.772+0200: 2,831: Total time for which application threads were stopped: 0,0105605 seconds, Stopping threads took: 0,0001054 seconds
{Heap before GC invocations=4 (full 1):
 par new generation   total 109248K, used 101325K [0x00000000e0000000, 0x00000000e8000000, 0x00000000e8000000)
  eden space 87424K,  99% used [0x00000000e0000000, 0x00000000e54c7ba0, 0x00000000e5560000)
  from space 21824K,  66% used [0x00000000e5560000, 0x00000000e638bae8, 0x00000000e6ab0000)
  to   space 21824K,   0% used [0x00000000e6ab0000, 0x00000000e6ab0000, 0x00000000e8000000)
 concurrent mark-sweep generation total 393216K, used 0K [0x00000000e8000000, 0x0000000100000000, 0x0000000100000000)
 Metaspace       used 21414K, capacity 21816K, committed 21884K, reserved 1069056K
  class space    used 2468K, capacity 2643K, committed 2684K, reserved 1048576K
2017-07-24T16:32:18.878+0200: 2,937: [GC (Allocation Failure) 2017-07-24T16:32:18.878+0200: 2,937: [ParNew
Desired survivor size 20112992 bytes, new threshold 8 (max 8)
- age   1:    1027624 bytes,    1027624 total
- age   2:     181584 bytes,    1209208 total
- age   3:    1456264 bytes,    2665472 total
- age   4:     880448 bytes,    3545920 total
- age   5:    6602216 bytes,   10148136 total
: 101325K->11754K(109248K), 0,0102098 secs] 101325K->11754K(502464K), 0,0102998 secs] [Times: user=0,04 sys=0,00, real=0,01 secs] 
Heap after GC invocations=5 (full 1):
 par new generation   total 109248K, used 11754K [0x00000000e0000000, 0x00000000e8000000, 0x00000000e8000000)
  eden space 87424K,   0% used [0x00000000e0000000, 0x00000000e0000000, 0x00000000e5560000)
  from space 21824K,  53% used [0x00000000e6ab0000, 0x00000000e762a840, 0x00000000e8000000)
  to   space 21824K,   0% used [0x00000000e5560000, 0x00000000e5560000, 0x00000000e6ab0000)
 concurrent mark-sweep generation total 393216K, used 0K [0x00000000e8000000, 0x0000000100000000, 0x0000000100000000)
 Metaspace       used 21414K, capacity 21816K, committed 21884K, reserved 1069056K
  class space    used 2468K, capacity 2643K, committed 2684K, reserved 1048576K
}
2017-07-24T16:32:18.889+0200: 2,948: Total time for which application threads were stopped: 0,0105024 seconds, Stopping threads took: 0,0000667 seconds
2017-07-24T16:32:18.889+0200: 2,948: [CMS-concurrent-abortable-preclean: 0,156/0,230 secs] [Times: user=0,87 sys=0,01, real=0,23 secs] 
2017-07-24T16:32:18.893+0200: 2,952: [GC (CMS Final Remark) [YG occupancy: 13686 K (109248 K)]{Heap before GC invocations=5 (full 1):
 par new generation   total 109248K, used 13686K [0x00000000e0000000, 0x00000000e8000000, 0x00000000e8000000)
  eden space 87424K,   2% used [0x00000000e0000000, 0x00000000e01e3260, 0x00000000e5560000)
  from space 21824K,  53% used [0x00000000e6ab0000, 0x00000000e762a840, 0x00000000e8000000)
  to   space 21824K,   0% used [0x00000000e5560000, 0x00000000e5560000, 0x00000000e6ab0000)
 concurrent mark-sweep generation total 393216K, used 0K [0x00000000e8000000, 0x0000000100000000, 0x0000000100000000)
 Metaspace       used 21414K, capacity 21816K, committed 21884K, reserved 1069056K
  class space    used 2468K, capacity 2643K, committed 2684K, reserved 1048576K
2017-07-24T16:32:18.893+0200: 2,952: [GC (CMS Final Remark) 2017-07-24T16:32:18.893+0200: 2,952: [ParNew
Desired survivor size 20112992 bytes, new threshold 8 (max 8)
- age   1:     160376 bytes,     160376 total
- age   2:     607664 bytes,     768040 total
- age   3:     181584 bytes,     949624 total
- age   4:    1456336 bytes,    2405960 total
- age   5:     880448 bytes,    3286408 total
- age   6:    6602216 bytes,    9888624 total
: 13686K->15578K(109248K), 0,0091747 secs] 13686K->15578K(502464K), 0,0092142 secs] [Times: user=0,03 sys=0,00, real=0,01 secs] 
Heap after GC invocations=6 (full 1):
 par new generation   total 109248K, used 15578K [0x00000000e0000000, 0x00000000e8000000, 0x00000000e8000000)
  eden space 87424K,   0% used [0x00000000e0000000, 0x00000000e0000000, 0x00000000e5560000)
  from space 21824K,  71% used [0x00000000e5560000, 0x00000000e64969c8, 0x00000000e6ab0000)
  to   space 21824K,   0% used [0x00000000e6ab0000, 0x00000000e6ab0000, 0x00000000e8000000)
 concurrent mark-sweep generation total 393216K, used 0K [0x00000000e8000000, 0x0000000100000000, 0x0000000100000000)
 Metaspace       used 21414K, capacity 21816K, committed 21884K, reserved 1069056K
  class space    used 2468K, capacity 2643K, committed 2684K, reserved 1048576K
}
2017-07-24T16:32:18.903+0200: 2,962: [Rescan (parallel) , 0,0085510 secs]2017-07-24T16:32:18.911+0200: 2,970: [weak refs processing, 0,0003899 secs]2017-07-24T16:32:18.912+0200: 2,970: [class unloading, 0,0029483 secs]2017-07-24T16:32:18.915+0200: 2,973: [scrub symbol table, 0,0032450 secs]2017-07-24T16:32:18.918+0200: 2,977: [scrub string table, 0,0003901 secs][1 CMS-remark: 0K(393216K)] 15578K(502464K), 0,0254317 secs] [Times: user=0,06 sys=0,00, real=0,02 secs] 
2017-07-24T16:32:18.919+0200: 2,978: Total time for which application threads were stopped: 0,0277712 seconds, Stopping threads took: 0,0022642 seconds
2017-07-24T16:32:18.919+0200: 2,978: [CMS-concurrent-sweep-start]
2017-07-24T16:32:18.919+0200: 2,978: [CMS-concurrent-sweep: 0,000/0,000 secs] [Times: user=0,00 sys=0,00, real=0,00 secs] 
2017-07-24T16:32:18.919+0200: 2,978: [CMS-concurrent-reset-start]
2017-07-24T16:32:18.921+0200: 2,980: [CMS-concurrent-reset: 0,002/0,002 secs] [Times: user=0,01 sys=0,00, real=0,00 secs] 
2017-07-24T16:32:18.947+0200: 3,006: Total time for which application threads were stopped: 0,0003201 seconds, Stopping threads took: 0,0000402 seconds
2017-07-24T16:32:19.186+0200: 3,245: Total time for which application threads were stopped: 0,0004339 seconds, Stopping threads took: 0,0000251 seconds
2017-07-24T16:32:19.200+0200: 3,259: Total time for which application threads were stopped: 0,0004352 seconds, Stopping threads took: 0,0000552 seconds
{Heap before GC invocations=6 (full 1):
 par new generation   total 109248K, used 103002K [0x00000000e0000000, 0x00000000e8000000, 0x00000000e8000000)
  eden space 87424K, 100% used [0x00000000e0000000, 0x00000000e5560000, 0x00000000e5560000)
  from space 21824K,  71% used [0x00000000e5560000, 0x00000000e64969c8, 0x00000000e6ab0000)
  to   space 21824K,   0% used [0x00000000e6ab0000, 0x00000000e6ab0000, 0x00000000e8000000)
 concurrent mark-sweep generation total 393216K, used 0K [0x00000000e8000000, 0x0000000100000000, 0x0000000100000000)
 Metaspace       used 23850K, capacity 24312K, committed 24572K, reserved 1071104K
  class space    used 2806K, capacity 2985K, committed 3068K, reserved 1048576K
2017-07-24T16:32:19.365+0200: 3,424: [GC (Allocation Failure) 2017-07-24T16:32:19.365+0200: 3,424: [ParNew
Desired survivor size 20112992 bytes, new threshold 8 (max 8)
- age   1:    5236904 bytes,    5236904 total
- age   2:        400 bytes,    5237304 total
- age   3:     120008 bytes,    5357312 total
- age   4:     180160 bytes,    5537472 total
- age   5:     286480 bytes,    5823952 total
- age   6:     856184 bytes,    6680136 total
- age   7:    6593952 bytes,   13274088 total
: 103002K->15078K(109248K), 0,0118100 secs] 103002K->15078K(502464K), 0,0118750 secs] [Times: user=0,04 sys=0,01, real=0,01 secs] 
Heap after GC invocations=7 (full 1):
 par new generation   total 109248K, used 15078K [0x00000000e0000000, 0x00000000e8000000, 0x00000000e8000000)
  eden space 87424K,   0% used [0x00000000e0000000, 0x00000000e0000000, 0x00000000e5560000)
  from space 21824K,  69% used [0x00000000e6ab0000, 0x00000000e7969b88, 0x00000000e8000000)
  to   space 21824K,   0% used [0x00000000e5560000, 0x00000000e5560000, 0x00000000e6ab0000)
 concurrent mark-sweep generation total 393216K, used 0K [0x00000000e8000000, 0x0000000100000000, 0x0000000100000000)
 Metaspace       used 23850K, capacity 24312K, committed 24572K, reserved 1071104K
  class space    used 2806K, capacity 2985K, committed 3068K, reserved 1048576K
}
2017-07-24T16:32:19.377+0200: 3,435: Total time for which application threads were stopped: 0,0121658 seconds, Stopping threads took: 0,0001022 seconds
{Heap before GC invocations=7 (full 1):
 par new generation   total 109248K, used 102502K [0x00000000e0000000, 0x00000000e8000000, 0x00000000e8000000)
  eden space 87424K, 100% used [0x00000000e0000000, 0x00000000e5560000, 0x00000000e5560000)
  from space 21824K,  69% used [0x00000000e6ab0000, 0x00000000e7969b88, 0x00000000e8000000)
  to   space 21824K,   0% used [0x00000000e5560000, 0x00000000e5560000, 0x00000000e6ab0000)
 concurrent mark-sweep generation total 393216K, used 0K [0x00000000e8000000, 0x0000000100000000, 0x0000000100000000)
 Metaspace       used 24462K, capacity 24958K, committed 25084K, reserved 1071104K
  class space    used 2863K, capacity 3050K, committed 3068K, reserved 1048576K
2017-07-24T16:32:19.478+0200: 3,536: [GC (Allocation Failure) 2017-07-24T16:32:19.478+0200: 3,536: [ParNew
Desired survivor size 20112992 bytes, new threshold 8 (max 8)
- age   1:    2323288 bytes,    2323288 total
- age   2:    1778136 bytes,    4101424 total
- age   4:      60216 bytes,    4161640 total
- age   5:     104344 bytes,    4265984 total
- age   6:     188968 bytes,    4454952 total
- age   7:     786712 bytes,    5241664 total
- age   8:    6088232 bytes,   11329896 total
: 102502K->19043K(109248K), 0,0210424 secs] 102502K->19043K(502464K), 0,0211205 secs] [Times: user=0,08 sys=0,00, real=0,02 secs] 
Heap after GC invocations=8 (full 1):
 par new generation   total 109248K, used 19043K [0x00000000e0000000, 0x00000000e8000000, 0x00000000e8000000)
  eden space 87424K,   0% used [0x00000000e0000000, 0x00000000e0000000, 0x00000000e5560000)
  from space 21824K,  87% used [0x00000000e5560000, 0x00000000e67f8f18, 0x00000000e6ab0000)
  to   space 21824K,   0% used [0x00000000e6ab0000, 0x00000000e6ab0000, 0x00000000e8000000)
 concurrent mark-sweep generation total 393216K, used 0K [0x00000000e8000000, 0x0000000100000000, 0x0000000100000000)
 Metaspace       used 24462K, capacity 24958K, committed 25084K, reserved 1071104K
  class space    used 2863K, capacity 3050K, committed 3068K, reserved 1048576K
}
2017-07-24T16:32:19.499+0200: 3,558: Total time for which application threads were stopped: 0,0213903 seconds, Stopping threads took: 0,0001011 seconds
{Heap before GC invocations=8 (full 1):
 par new generation   total 109248K, used 106467K [0x00000000e0000000, 0x00000000e8000000, 0x00000000e8000000)
  eden space 87424K, 100% used [0x00000000e0000000, 0x00000000e5560000, 0x00000000e5560000)
  from space 21824K,  87% used [0x00000000e5560000, 0x00000000e67f8f18, 0x00000000e6ab0000)
  to   space 21824K,   0% used [0x00000000e6ab0000, 0x00000000e6ab0000, 0x00000000e8000000)
 concurrent mark-sweep generation total 393216K, used 0K [0x00000000e8000000, 0x0000000100000000, 0x0000000100000000)
 Metaspace       used 24823K, capacity 25342K, committed 25468K, reserved 1071104K
  class space    used 2897K, capacity 3088K, committed 3196K, reserved 1048576K
2017-07-24T16:32:19.611+0200: 3,670: [GC (Allocation Failure) 2017-07-24T16:32:19.611+0200: 3,670: [ParNew
Desired survivor size 20112992 bytes, new threshold 8 (max 8)
- age   1:    1069024 bytes,    1069024 total
- age   2:     994704 bytes,    2063728 total
- age   3:    1755816 bytes,    3819544 total
- age   5:      60216 bytes,    3879760 total
- age   6:     104176 bytes,    3983936 total
- age   7:     186168 bytes,    4170104 total
- age   8:     785944 bytes,    4956048 total
: 106467K->8229K(109248K), 0,0309915 secs] 106467K->14257K(502464K), 0,0310565 secs] [Times: user=0,09 sys=0,01, real=0,03 secs] 
Heap after GC invocations=9 (full 1):
 par new generation   total 109248K, used 8229K [0x00000000e0000000, 0x00000000e8000000, 0x00000000e8000000)
  eden space 87424K,   0% used [0x00000000e0000000, 0x00000000e0000000, 0x00000000e5560000)
  from space 21824K,  37% used [0x00000000e6ab0000, 0x00000000e72b9790, 0x00000000e8000000)
  to   space 21824K,   0% used [0x00000000e5560000, 0x00000000e5560000, 0x00000000e6ab0000)
 concurrent mark-sweep generation total 393216K, used 6028K [0x00000000e8000000, 0x0000000100000000, 0x0000000100000000)
 Metaspace       used 24823K, capacity 25342K, committed 25468K, reserved 1071104K
  class space    used 2897K, capacity 3088K, committed 3196K, reserved 1048576K
}
2017-07-24T16:32:19.642+0200: 3,701: Total time for which application threads were stopped: 0,0313095 seconds, Stopping threads took: 0,0000729 seconds
2017-07-24T16:32:19.998+0200: 4,057: Total time for which application threads were stopped: 0,0005446 seconds, Stopping threads took: 0,0000368 seconds
2017-07-24T16:32:19.999+0200: 4,058: Total time for which application threads were stopped: 0,0005169 seconds, Stopping threads took: 0,0000551 seconds
2017-07-24T16:32:20.018+0200: 4,077: Total time for which application threads were stopped: 0,0001699 seconds, Stopping threads took: 0,0000447 seconds
2017-07-24T16:32:20.019+0200: 4,078: Total time for which application threads were stopped: 0,0003690 seconds, Stopping threads took: 0,0000180 seconds
2017-07-24T16:32:20.025+0200: 4,084: Total time for which application threads were stopped: 0,0048278 seconds, Stopping threads took: 0,0047315 seconds
2017-07-24T16:32:20.107+0200: 4,166: Total time for which application threads were stopped: 0,0001681 seconds, Stopping threads took: 0,0000439 seconds
2017-07-24T16:32:20.109+0200: 4,168: Total time for which application threads were stopped: 0,0001522 seconds, Stopping threads took: 0,0000408 seconds
2017-07-24T16:32:20.111+0200: 4,169: Total time for which application threads were stopped: 0,0001362 seconds, Stopping threads took: 0,0000438 seconds
2017-07-24T16:32:20.113+0200: 4,171: Total time for which application threads were stopped: 0,0002255 seconds, Stopping threads took: 0,0000622 seconds
2017-07-24T16:32:20.120+0200: 4,179: Total time for which application threads were stopped: 0,0001384 seconds, Stopping threads took: 0,0000265 seconds
2017-07-24T16:32:20.123+0200: 4,181: Total time for which application threads were stopped: 0,0001395 seconds, Stopping threads took: 0,0000420 seconds
2017-07-24T16:32:20.124+0200: 4,182: Total time for which application threads were stopped: 0,0001410 seconds, Stopping threads took: 0,0000425 seconds
2017-07-24T16:32:20.130+0200: 4,188: Total time for which application threads were stopped: 0,0002394 seconds, Stopping threads took: 0,0001255 seconds
2017-07-24T16:32:20.130+0200: 4,189: Total time for which application threads were stopped: 0,0004804 seconds, Stopping threads took: 0,0000173 seconds
2017-07-24T16:32:20.131+0200: 4,190: Total time for which application threads were stopped: 0,0001364 seconds, Stopping threads took: 0,0000418 seconds
2017-07-24T16:32:20.132+0200: 4,191: Total time for which application threads were stopped: 0,0001534 seconds, Stopping threads took: 0,0000497 seconds
2017-07-24T16:32:20.132+0200: 4,191: Total time for which application threads were stopped: 0,0000886 seconds, Stopping threads took: 0,0000218 seconds
2017-07-24T16:32:20.132+0200: 4,191: Total time for which application threads were stopped: 0,0000932 seconds, Stopping threads took: 0,0000221 seconds
2017-07-24T16:32:20.133+0200: 4,192: Total time for which application threads were stopped: 0,0001005 seconds, Stopping threads took: 0,0000317 seconds
2017-07-24T16:32:20.146+0200: 4,205: Total time for which application threads were stopped: 0,0036558 seconds, Stopping threads took: 0,0033140 seconds
2017-07-24T16:32:20.169+0200: 4,228: Total time for which application threads were stopped: 0,0001716 seconds, Stopping threads took: 0,0000554 seconds
2017-07-24T16:32:20.170+0200: 4,229: Total time for which application threads were stopped: 0,0001579 seconds, Stopping threads took: 0,0000360 seconds
2017-07-24T16:32:20.170+0200: 4,229: Total time for which application threads were stopped: 0,0001101 seconds, Stopping threads took: 0,0000238 seconds
2017-07-24T16:32:20.170+0200: 4,229: Total time for which application threads were stopped: 0,0000949 seconds, Stopping threads took: 0,0000194 seconds
2017-07-24T16:32:20.170+0200: 4,229: Total time for which application threads were stopped: 0,0000864 seconds, Stopping threads took: 0,0000177 seconds
2017-07-24T16:32:20.171+0200: 4,230: Total time for which application threads were stopped: 0,0002152 seconds, Stopping threads took: 0,0000235 seconds
2017-07-24T16:32:20.179+0200: 4,238: Total time for which application threads were stopped: 0,0002908 seconds, Stopping threads took: 0,0001858 seconds
2017-07-24T16:32:20.180+0200: 4,239: Total time for which application threads were stopped: 0,0001281 seconds, Stopping threads took: 0,0000234 seconds
2017-07-24T16:32:20.180+0200: 4,239: Total time for which application threads were stopped: 0,0000987 seconds, Stopping threads took: 0,0000311 seconds
2017-07-24T16:32:20.180+0200: 4,239: Total time for which application threads were stopped: 0,0000847 seconds, Stopping threads took: 0,0000143 seconds
2017-07-24T16:32:20.180+0200: 4,239: Total time for which application threads were stopped: 0,0001024 seconds, Stopping threads took: 0,0000338 seconds
2017-07-24T16:32:20.183+0200: 4,242: Total time for which application threads were stopped: 0,0001573 seconds, Stopping threads took: 0,0000425 seconds
2017-07-24T16:32:20.184+0200: 4,243: Total time for which application threads were stopped: 0,0000997 seconds, Stopping threads took: 0,0000244 seconds
2017-07-24T16:32:20.184+0200: 4,243: Total time for which application threads were stopped: 0,0001110 seconds, Stopping threads took: 0,0000236 seconds
2017-07-24T16:32:20.184+0200: 4,243: Total time for which application threads were stopped: 0,0001781 seconds, Stopping threads took: 0,0000984 seconds
2017-07-24T16:32:20.184+0200: 4,243: Total time for which application threads were stopped: 0,0000973 seconds, Stopping threads took: 0,0000317 seconds
2017-07-24T16:32:20.185+0200: 4,243: Total time for which application threads were stopped: 0,0000795 seconds, Stopping threads took: 0,0000207 seconds
2017-07-24T16:32:20.185+0200: 4,244: Total time for which application threads were stopped: 0,0001028 seconds, Stopping threads took: 0,0000353 seconds
2017-07-24T16:32:20.185+0200: 4,244: Total time for which application threads were stopped: 0,0000660 seconds, Stopping threads took: 0,0000202 seconds
2017-07-24T16:32:20.185+0200: 4,244: Total time for which application threads were stopped: 0,0000578 seconds, Stopping threads took: 0,0000172 seconds
2017-07-24T16:32:20.185+0200: 4,244: Total time for which application threads were stopped: 0,0000718 seconds, Stopping threads took: 0,0000194 seconds
2017-07-24T16:32:20.185+0200: 4,244: Total time for which application threads were stopped: 0,0000521 seconds, Stopping threads took: 0,0000173 seconds
2017-07-24T16:32:20.185+0200: 4,244: Total time for which application threads were stopped: 0,0000520 seconds, Stopping threads took: 0,0000165 seconds
2017-07-24T16:32:20.189+0200: 4,248: Total time for which application threads were stopped: 0,0038661 seconds, Stopping threads took: 0,0037929 seconds
2017-07-24T16:32:20.190+0200: 4,248: Total time for which application threads were stopped: 0,0000848 seconds, Stopping threads took: 0,0000342 seconds
2017-07-24T16:32:20.190+0200: 4,249: Total time for which application threads were stopped: 0,0000571 seconds, Stopping threads took: 0,0000161 seconds
2017-07-24T16:32:20.190+0200: 4,249: Total time for which application threads were stopped: 0,0000671 seconds, Stopping threads took: 0,0000176 seconds
2017-07-24T16:32:20.190+0200: 4,249: Total time for which application threads were stopped: 0,0000703 seconds, Stopping threads took: 0,0000221 seconds
2017-07-24T16:32:20.190+0200: 4,249: Total time for which application threads were stopped: 0,0001722 seconds, Stopping threads took: 0,0000225 seconds
2017-07-24T16:32:20.233+0200: 4,292: Total time for which application threads were stopped: 0,0001400 seconds, Stopping threads took: 0,0000316 seconds
2017-07-24T16:32:20.245+0200: 4,304: Total time for which application threads were stopped: 0,0020942 seconds, Stopping threads took: 0,0020178 seconds
2017-07-24T16:32:20.277+0200: 4,336: Total time for which application threads were stopped: 0,0001778 seconds, Stopping threads took: 0,0000921 seconds
2017-07-24T16:32:20.278+0200: 4,337: Total time for which application threads were stopped: 0,0004393 seconds, Stopping threads took: 0,0000286 seconds
2017-07-24T16:32:21.278+0200: 5,337: Total time for which application threads were stopped: 0,0000928 seconds, Stopping threads took: 0,0000195 seconds
2017-07-24T16:32:22.278+0200: 6,337: Total time for which application threads were stopped: 0,0000705 seconds, Stopping threads took: 0,0000181 seconds
2017-07-24T16:32:23.279+0200: 7,337: Total time for which application threads were stopped: 0,0000657 seconds, Stopping threads took: 0,0000165 seconds
2017-07-24T16:32:38.281+0200: 22,339: Total time for which application threads were stopped: 0,0000744 seconds, Stopping threads took: 0,0000189 seconds
2017-07-24T16:32:48.282+0200: 32,341: Total time for which application threads were stopped: 0,0000648 seconds, Stopping threads took: 0,0000160 seconds
2017-07-24T16:33:38.287+0200: 82,346: Total time for which application threads were stopped: 0,0000841 seconds, Stopping threads took: 0,0000222 seconds
2017-07-24T16:34:18.292+0200: 122,351: Total time for which application threads were stopped: 0,0000886 seconds, Stopping threads took: 0,0000352 seconds
{Heap before GC invocations=9 (full 1):
 par new generation   total 109248K, used 95653K [0x00000000e0000000, 0x00000000e8000000, 0x00000000e8000000)
  eden space 87424K, 100% used [0x00000000e0000000, 0x00000000e5560000, 0x00000000e5560000)
  from space 21824K,  37% used [0x00000000e6ab0000, 0x00000000e72b9790, 0x00000000e8000000)
  to   space 21824K,   0% used [0x00000000e5560000, 0x00000000e5560000, 0x00000000e6ab0000)
 concurrent mark-sweep generation total 393216K, used 6028K [0x00000000e8000000, 0x0000000100000000, 0x0000000100000000)
 Metaspace       used 28058K, capacity 28572K, committed 28796K, reserved 1075200K
  class space    used 3213K, capacity 3393K, committed 3452K, reserved 1048576K
2017-07-24T16:35:11.824+0200: 175,883: [GC (Allocation Failure) 2017-07-24T16:35:11.825+0200: 175,883: [ParNew
Desired survivor size 20112992 bytes, new threshold 8 (max 8)
- age   1:   10985232 bytes,   10985232 total
- age   2:     208640 bytes,   11193872 total
- age   3:     214832 bytes,   11408704 total
- age   4:    1750232 bytes,   13158936 total
- age   6:      57800 bytes,   13216736 total
- age   7:     103952 bytes,   13320688 total
- age   8:     185608 bytes,   13506296 total
: 95653K->14694K(109248K), 0,0205934 secs] 101681K->21577K(502464K), 0,0207514 secs] [Times: user=0,05 sys=0,00, real=0,02 secs] 
Heap after GC invocations=10 (full 1):
 par new generation   total 109248K, used 14694K [0x00000000e0000000, 0x00000000e8000000, 0x00000000e8000000)
  eden space 87424K,   0% used [0x00000000e0000000, 0x00000000e0000000, 0x00000000e5560000)
  from space 21824K,  67% used [0x00000000e5560000, 0x00000000e63b9b00, 0x00000000e6ab0000)
  to   space 21824K,   0% used [0x00000000e6ab0000, 0x00000000e6ab0000, 0x00000000e8000000)
 concurrent mark-sweep generation total 393216K, used 6882K [0x00000000e8000000, 0x0000000100000000, 0x0000000100000000)
 Metaspace       used 28058K, capacity 28572K, committed 28796K, reserved 1075200K
  class space    used 3213K, capacity 3393K, committed 3452K, reserved 1048576K
}
2017-07-24T16:35:11.845+0200: 175,904: Total time for which application threads were stopped: 0,0209351 seconds, Stopping threads took: 0,0000487 seconds
2017-07-24T16:35:11.846+0200: 175,905: Total time for which application threads were stopped: 0,0000580 seconds, Stopping threads took: 0,0000139 seconds
2017-07-24T16:35:11.847+0200: 175,906: Total time for which application threads were stopped: 0,0001112 seconds, Stopping threads took: 0,0000650 seconds
2017-07-24T16:35:12.848+0200: 176,907: Total time for which application threads were stopped: 0,0003504 seconds, Stopping threads took: 0,0000988 seconds
2017-07-24T16:35:16.848+0200: 180,907: Total time for which application threads were stopped: 0,0001018 seconds, Stopping threads took: 0,0000224 seconds
2017-07-24T16:36:41.858+0200: 265,917: Total time for which application threads were stopped: 0,0006564 seconds, Stopping threads took: 0,0001125 seconds
2017-07-24T16:36:47.859+0200: 271,918: Total time for which application threads were stopped: 0,0001416 seconds, Stopping threads took: 0,0000327 seconds
2017-07-24T16:36:51.860+0200: 275,918: Total time for which application threads were stopped: 0,0001826 seconds, Stopping threads took: 0,0000679 seconds
2017-07-24T16:36:52.860+0200: 276,919: Total time for which application threads were stopped: 0,0001594 seconds, Stopping threads took: 0,0000362 seconds
2017-07-24T16:37:21.865+0200: 305,924: Total time for which application threads were stopped: 0,0000831 seconds, Stopping threads took: 0,0000317 seconds
2017-07-24T16:55:46.981+0200: 1411,040: Total time for which application threads were stopped: 0,0000892 seconds, Stopping threads took: 0,0000281 seconds
2017-07-24T16:59:22.004+0200: 1626,063: Total time for which application threads were stopped: 0,0001099 seconds, Stopping threads took: 0,0000350 seconds
2017-07-24T16:59:27.005+0200: 1631,064: Total time for which application threads were stopped: 0,0000655 seconds, Stopping threads took: 0,0000153 seconds
2017-07-24T18:01:58.201+0200: 2317,378: Total time for which application threads were stopped: 0,0000822 seconds, Stopping threads took: 0,0000302 seconds
2017-07-24T18:04:23.216+0200: 2462,393: Total time for which application threads were stopped: 0,0000790 seconds, Stopping threads took: 0,0000302 seconds
2017-07-24T18:20:18.887+0200: 3417,487: Total time for which application threads were stopped: 0,0004275 seconds, Stopping threads took: 0,0001518 seconds
2017-07-24T18:28:13.934+0200: 3892,534: Total time for which application threads were stopped: 0,0001244 seconds, Stopping threads took: 0,0000349 seconds
2017-07-24T18:28:18.935+0200: 3897,535: Total time for which application threads were stopped: 0,0000642 seconds, Stopping threads took: 0,0000144 seconds
2017-07-24T18:44:59.035+0200: 4897,635: Total time for which application threads were stopped: 0,0000825 seconds, Stopping threads took: 0,0000322 seconds
2017-07-24T18:45:14.037+0200: 4912,637: Total time for which application threads were stopped: 0,0000670 seconds, Stopping threads took: 0,0000173 seconds
2017-07-24T19:15:14.226+0200: 6712,826: Total time for which application threads were stopped: 0,0001089 seconds, Stopping threads took: 0,0000392 seconds
2017-07-24T19:23:53.279+0200: 7231,879: Total time for which application threads were stopped: 0,0000817 seconds, Stopping threads took: 0,0000294 seconds
2017-07-24T19:25:23.288+0200: 7321,889: Total time for which application threads were stopped: 0,0000948 seconds, Stopping threads took: 0,0000353 seconds
2017-07-24T19:31:23.326+0200: 7681,926: Total time for which application threads were stopped: 0,0000949 seconds, Stopping threads took: 0,0000372 seconds
2017-07-24T19:31:53.329+0200: 7711,929: Total time for which application threads were stopped: 0,0000842 seconds, Stopping threads took: 0,0000312 seconds
2017-07-24T21:39:23.234+0200: 15361,834: Total time for which application threads were stopped: 0,0000938 seconds, Stopping threads took: 0,0000350 seconds
2017-07-24T21:47:23.281+0200: 15841,882: Total time for which application threads were stopped: 0,0000969 seconds, Stopping threads took: 0,0000362 seconds
2017-07-24T23:26:56.036+0200: 21814,636: Total time for which application threads were stopped: 0,0001276 seconds, Stopping threads took: 0,0000246 seconds
2017-07-24T23:26:56.157+0200: 21814,757: Total time for which application threads were stopped: 0,0042006 seconds, Stopping threads took: 0,0040824 seconds
2017-07-24T23:26:56.169+0200: 21814,770: Total time for which application threads were stopped: 0,0001105 seconds, Stopping threads took: 0,0000280 seconds
2017-07-24T23:26:56.173+0200: 21814,773: Total time for which application threads were stopped: 0,0001536 seconds, Stopping threads took: 0,0000542 seconds
2017-07-24T23:26:56.180+0200: 21814,780: Total time for which application threads were stopped: 0,0045189 seconds, Stopping threads took: 0,0044197 seconds
2017-07-24T23:26:56.188+0200: 21814,788: Total time for which application threads were stopped: 0,0061297 seconds, Stopping threads took: 0,0060249 seconds
2017-07-24T23:26:56.192+0200: 21814,792: Total time for which application threads were stopped: 0,0027913 seconds, Stopping threads took: 0,0026964 seconds
2017-07-24T23:26:56.197+0200: 21814,798: Total time for which application threads were stopped: 0,0012908 seconds, Stopping threads took: 0,0011851 seconds
2017-07-24T23:26:56.199+0200: 21814,800: Total time for which application threads were stopped: 0,0001102 seconds, Stopping threads took: 0,0000211 seconds
2017-07-24T23:26:56.201+0200: 21814,802: Total time for which application threads were stopped: 0,0000961 seconds, Stopping threads took: 0,0000184 seconds
2017-07-24T23:26:56.205+0200: 21814,806: Total time for which application threads were stopped: 0,0001403 seconds, Stopping threads took: 0,0000638 seconds
2017-07-24T23:26:56.206+0200: 21814,806: Total time for which application threads were stopped: 0,0001206 seconds, Stopping threads took: 0,0000399 seconds
2017-07-24T23:26:56.212+0200: 21814,812: Total time for which application threads were stopped: 0,0001176 seconds, Stopping threads took: 0,0000314 seconds
2017-07-24T23:26:56.232+0200: 21814,832: Total time for which application threads were stopped: 0,0196577 seconds, Stopping threads took: 0,0195840 seconds
2017-07-24T23:26:56.232+0200: 21814,832: Total time for which application threads were stopped: 0,0000606 seconds, Stopping threads took: 0,0000164 seconds
2017-07-24T23:26:56.232+0200: 21814,832: Total time for which application threads were stopped: 0,0001068 seconds, Stopping threads took: 0,0000604 seconds
2017-07-24T23:26:56.235+0200: 21814,835: Total time for which application threads were stopped: 0,0010354 seconds, Stopping threads took: 0,0009341 seconds
2017-07-24T23:26:56.235+0200: 21814,835: Total time for which application threads were stopped: 0,0003693 seconds, Stopping threads took: 0,0002649 seconds
2017-07-24T23:26:56.236+0200: 21814,836: Total time for which application threads were stopped: 0,0000807 seconds, Stopping threads took: 0,0000108 seconds
2017-07-24T23:26:56.236+0200: 21814,836: Total time for which application threads were stopped: 0,0000926 seconds, Stopping threads took: 0,0000140 seconds
2017-07-24T23:26:56.236+0200: 21814,836: Total time for which application threads were stopped: 0,0000442 seconds, Stopping threads took: 0,0000052 seconds
2017-07-24T23:26:56.236+0200: 21814,837: Total time for which application threads were stopped: 0,0000891 seconds, Stopping threads took: 0,0000114 seconds
2017-07-24T23:26:56.237+0200: 21814,837: Total time for which application threads were stopped: 0,0000716 seconds, Stopping threads took: 0,0000161 seconds
2017-07-24T23:26:56.237+0200: 21814,837: Total time for which application threads were stopped: 0,0000447 seconds, Stopping threads took: 0,0000084 seconds
2017-07-24T23:26:56.237+0200: 21814,837: Total time for which application threads were stopped: 0,0000402 seconds, Stopping threads took: 0,0000051 seconds
2017-07-24T23:26:56.237+0200: 21814,837: Total time for which application threads were stopped: 0,0000398 seconds, Stopping threads took: 0,0000067 seconds
2017-07-24T23:26:56.237+0200: 21814,837: Total time for which application threads were stopped: 0,0000395 seconds, Stopping threads took: 0,0000047 seconds
2017-07-24T23:26:56.237+0200: 21814,837: Total time for which application threads were stopped: 0,0001701 seconds, Stopping threads took: 0,0000050 seconds
2017-07-24T23:26:56.238+0200: 21814,838: Total time for which application threads were stopped: 0,0000728 seconds, Stopping threads took: 0,0000197 seconds
2017-07-24T23:26:56.242+0200: 21814,842: Total time for which application threads were stopped: 0,0002204 seconds, Stopping threads took: 0,0000507 seconds
2017-07-24T23:26:56.252+0200: 21814,852: Total time for which application threads were stopped: 0,0001121 seconds, Stopping threads took: 0,0000299 seconds
2017-07-24T23:26:56.256+0200: 21814,857: Total time for which application threads were stopped: 0,0037743 seconds, Stopping threads took: 0,0035780 seconds
Heap
 par new generation   total 109248K, used 34931K [0x00000000e0000000, 0x00000000e8000000, 0x00000000e8000000)
  eden space 87424K,  23% used [0x00000000e0000000, 0x00000000e13c34e0, 0x00000000e5560000)
  from space 21824K,  67% used [0x00000000e5560000, 0x00000000e63b9b00, 0x00000000e6ab0000)
  to   space 21824K,   0% used [0x00000000e6ab0000, 0x00000000e6ab0000, 0x00000000e8000000)
 concurrent mark-sweep generation total 393216K, used 6882K [0x00000000e8000000, 0x0000000100000000, 0x0000000100000000)
 Metaspace       used 28217K, capacity 28772K, committed 29052K, reserved 1075200K
  class space    used 3227K, capacity 3395K, committed 3452K, reserved 1048576K
