OpenJDK 64-Bit Server VM (25.111-b14) for linux-amd64 JRE (1.8.0_111-8u111-b14-2ubuntu0.16.04.2-b14), built on Oct 27 2016 18:10:19 by "buildd" with gcc 5.4.0 20160609
Memory: 4k page, physical 7867804k(7514104k free), swap 8076284k(8076284k free)
CommandLine flags: -XX:CMSInitiatingOccupancyFraction=50 -XX:CMSMaxAbortablePrecleanTime=6000 -XX:+CMSParallelRemarkEnabled -XX:+CMSScavengeBeforeRemark -XX:ConcGCThreads=4 -XX:InitialHeapSize=536870912 -XX:MaxHeapSize=536870912 -XX:MaxTenuringThreshold=8 -XX:NewRatio=3 -XX:OldPLABSize=16 -XX:OnOutOfMemoryError=/opt/solr/bin/oom_solr.sh 8983 /var/solr/logs -XX:ParallelGCThreads=4 -XX:+ParallelRefProcEnabled -XX:PretenureSizeThreshold=67108864 -XX:+PrintGC -XX:+PrintGCApplicationStoppedTime -XX:+PrintGCDateStamps -XX:+PrintGCDetails -XX:+PrintGCTimeStamps -XX:+PrintHeapAtGC -XX:+PrintTenuringDistribution -XX:SurvivorRatio=4 -XX:TargetSurvivorRatio=90 -XX:ThreadStackSize=256 -XX:+UseCMSInitiatingOccupancyOnly -XX:+UseCompressedClassPointers -XX:+UseCompressedOops -XX:+UseConcMarkSweepGC -XX:+UseParNewGC 
2017-01-10T09:30:34.644+0100: 0,117: Total time for which application threads were stopped: 0,0000641 seconds, Stopping threads took: 0,0000096 seconds
2017-01-10T09:30:34.718+0100: 0,190: Total time for which application threads were stopped: 0,0000960 seconds, Stopping threads took: 0,0000164 seconds
2017-01-10T09:30:34.730+0100: 0,202: Total time for which application threads were stopped: 0,0000818 seconds, Stopping threads took: 0,0000176 seconds
2017-01-10T09:30:34.915+0100: 0,388: Total time for which application threads were stopped: 0,0001221 seconds, Stopping threads took: 0,0000168 seconds
2017-01-10T09:30:35.361+0100: 0,834: Total time for which application threads were stopped: 0,0001492 seconds, Stopping threads took: 0,0000130 seconds
2017-01-10T09:30:35.468+0100: 0,941: Total time for which application threads were stopped: 0,0001617 seconds, Stopping threads took: 0,0000216 seconds
2017-01-10T09:30:35.529+0100: 1,001: Total time for which application threads were stopped: 0,0002030 seconds, Stopping threads took: 0,0000320 seconds
2017-01-10T09:30:35.811+0100: 1,283: Total time for which application threads were stopped: 0,0009875 seconds, Stopping threads took: 0,0000969 seconds
2017-01-10T09:30:36.067+0100: 1,540: Total time for which application threads were stopped: 0,0002007 seconds, Stopping threads took: 0,0000250 seconds
2017-01-10T09:30:36.096+0100: 1,568: Total time for which application threads were stopped: 0,0001623 seconds, Stopping threads took: 0,0000183 seconds
2017-01-10T09:30:36.096+0100: 1,569: Total time for which application threads were stopped: 0,0000949 seconds, Stopping threads took: 0,0000060 seconds
2017-01-10T09:30:36.108+0100: 1,581: Total time for which application threads were stopped: 0,0001654 seconds, Stopping threads took: 0,0000206 seconds
2017-01-10T09:30:36.214+0100: 1,687: Total time for which application threads were stopped: 0,0002023 seconds, Stopping threads took: 0,0000239 seconds
2017-01-10T09:30:36.378+0100: 1,850: Total time for which application threads were stopped: 0,0005616 seconds, Stopping threads took: 0,0003535 seconds
{Heap before GC invocations=0 (full 0):
 par new generation   total 109248K, used 87424K [0x00000000e0000000, 0x00000000e8000000, 0x00000000e8000000)
  eden space 87424K, 100% used [0x00000000e0000000, 0x00000000e5560000, 0x00000000e5560000)
  from space 21824K,   0% used [0x00000000e5560000, 0x00000000e5560000, 0x00000000e6ab0000)
  to   space 21824K,   0% used [0x00000000e6ab0000, 0x00000000e6ab0000, 0x00000000e8000000)
 concurrent mark-sweep generation total 393216K, used 0K [0x00000000e8000000, 0x0000000100000000, 0x0000000100000000)
 Metaspace       used 18086K, capacity 18366K, committed 18560K, reserved 1064960K
  class space    used 2054K, capacity 2162K, committed 2176K, reserved 1048576K
2017-01-10T09:30:36.480+0100: 1,952: [GC (Allocation Failure) 2017-01-10T09:30:36.480+0100: 1,952: [ParNew
Desired survivor size 20112992 bytes, new threshold 8 (max 8)
- age   1:   12327112 bytes,   12327112 total
: 87424K->12148K(109248K), 0,0155702 secs] 87424K->12148K(502464K), 0,0156563 secs] [Times: user=0,04 sys=0,03, real=0,02 secs] 
Heap after GC invocations=1 (full 0):
 par new generation   total 109248K, used 12148K [0x00000000e0000000, 0x00000000e8000000, 0x00000000e8000000)
  eden space 87424K,   0% used [0x00000000e0000000, 0x00000000e0000000, 0x00000000e5560000)
  from space 21824K,  55% used [0x00000000e6ab0000, 0x00000000e768d1b0, 0x00000000e8000000)
  to   space 21824K,   0% used [0x00000000e5560000, 0x00000000e5560000, 0x00000000e6ab0000)
 concurrent mark-sweep generation total 393216K, used 0K [0x00000000e8000000, 0x0000000100000000, 0x0000000100000000)
 Metaspace       used 18086K, capacity 18366K, committed 18560K, reserved 1064960K
  class space    used 2054K, capacity 2162K, committed 2176K, reserved 1048576K
}
2017-01-10T09:30:36.495+0100: 1,968: Total time for which application threads were stopped: 0,0158335 seconds, Stopping threads took: 0,0000173 seconds
2017-01-10T09:30:36.662+0100: 2,135: Total time for which application threads were stopped: 0,0002736 seconds, Stopping threads took: 0,0000231 seconds
2017-01-10T09:30:36.694+0100: 2,167: Total time for which application threads were stopped: 0,0004018 seconds, Stopping threads took: 0,0000533 seconds
2017-01-10T09:30:36.725+0100: 2,197: Total time for which application threads were stopped: 0,0003082 seconds, Stopping threads took: 0,0000230 seconds
{Heap before GC invocations=1 (full 0):
 par new generation   total 109248K, used 99572K [0x00000000e0000000, 0x00000000e8000000, 0x00000000e8000000)
  eden space 87424K, 100% used [0x00000000e0000000, 0x00000000e5560000, 0x00000000e5560000)
  from space 21824K,  55% used [0x00000000e6ab0000, 0x00000000e768d1b0, 0x00000000e8000000)
  to   space 21824K,   0% used [0x00000000e5560000, 0x00000000e5560000, 0x00000000e6ab0000)
 concurrent mark-sweep generation total 393216K, used 0K [0x00000000e8000000, 0x0000000100000000, 0x0000000100000000)
 Metaspace       used 20700K, capacity 21020K, committed 21248K, reserved 1069056K
  class space    used 2404K, capacity 2518K, committed 2560K, reserved 1048576K
2017-01-10T09:30:36.886+0100: 2,358: [GC (Allocation Failure) 2017-01-10T09:30:36.886+0100: 2,358: [ParNew
Desired survivor size 20112992 bytes, new threshold 8 (max 8)
- age   1:    2916112 bytes,    2916112 total
- age   2:    6101632 bytes,    9017744 total
: 99572K->11264K(109248K), 0,0094619 secs] 99572K->11264K(502464K), 0,0095439 secs] [Times: user=0,02 sys=0,01, real=0,02 secs] 
Heap after GC invocations=2 (full 0):
 par new generation   total 109248K, used 11264K [0x00000000e0000000, 0x00000000e8000000, 0x00000000e8000000)
  eden space 87424K,   0% used [0x00000000e0000000, 0x00000000e0000000, 0x00000000e5560000)
  from space 21824K,  51% used [0x00000000e5560000, 0x00000000e6060040, 0x00000000e6ab0000)
  to   space 21824K,   0% used [0x00000000e6ab0000, 0x00000000e6ab0000, 0x00000000e8000000)
 concurrent mark-sweep generation total 393216K, used 0K [0x00000000e8000000, 0x0000000100000000, 0x0000000100000000)
 Metaspace       used 20700K, capacity 21020K, committed 21248K, reserved 1069056K
  class space    used 2404K, capacity 2518K, committed 2560K, reserved 1048576K
}
2017-01-10T09:30:36.896+0100: 2,368: Total time for which application threads were stopped: 0,0097930 seconds, Stopping threads took: 0,0000417 seconds
2017-01-10T09:30:36.947+0100: 2,419: Total time for which application threads were stopped: 0,0000800 seconds, Stopping threads took: 0,0000171 seconds
2017-01-10T09:30:36.985+0100: 2,458: Total time for which application threads were stopped: 0,0002603 seconds, Stopping threads took: 0,0000161 seconds
2017-01-10T09:30:36.991+0100: 2,464: Total time for which application threads were stopped: 0,0000836 seconds, Stopping threads took: 0,0000211 seconds
2017-01-10T09:30:37.018+0100: 2,490: Total time for which application threads were stopped: 0,0001098 seconds, Stopping threads took: 0,0000291 seconds
2017-01-10T09:30:37.090+0100: 2,563: Total time for which application threads were stopped: 0,0001718 seconds, Stopping threads took: 0,0000253 seconds
2017-01-10T09:30:37.109+0100: 2,582: Total time for which application threads were stopped: 0,0001032 seconds, Stopping threads took: 0,0000338 seconds
2017-01-10T09:30:37.116+0100: 2,589: Total time for which application threads were stopped: 0,0002692 seconds, Stopping threads took: 0,0000133 seconds
2017-01-10T09:30:37.123+0100: 2,596: Total time for which application threads were stopped: 0,0002658 seconds, Stopping threads took: 0,0000123 seconds
2017-01-10T09:30:37.132+0100: 2,605: Total time for which application threads were stopped: 0,0000878 seconds, Stopping threads took: 0,0000251 seconds
2017-01-10T09:30:37.161+0100: 2,633: Total time for which application threads were stopped: 0,0000796 seconds, Stopping threads took: 0,0000197 seconds
2017-01-10T09:30:37.177+0100: 2,649: Total time for which application threads were stopped: 0,0000884 seconds, Stopping threads took: 0,0000207 seconds
2017-01-10T09:30:37.195+0100: 2,667: Total time for which application threads were stopped: 0,0000833 seconds, Stopping threads took: 0,0000151 seconds
2017-01-10T09:30:37.214+0100: 2,687: Total time for which application threads were stopped: 0,0000828 seconds, Stopping threads took: 0,0000223 seconds
2017-01-10T09:30:37.251+0100: 2,723: Total time for which application threads were stopped: 0,0001400 seconds, Stopping threads took: 0,0000275 seconds
2017-01-10T09:30:37.308+0100: 2,781: Total time for which application threads were stopped: 0,0000971 seconds, Stopping threads took: 0,0000218 seconds
2017-01-10T09:30:37.339+0100: 2,812: Total time for which application threads were stopped: 0,0001043 seconds, Stopping threads took: 0,0000278 seconds
{Heap before GC invocations=2 (full 0):
 par new generation   total 109248K, used 98688K [0x00000000e0000000, 0x00000000e8000000, 0x00000000e8000000)
  eden space 87424K, 100% used [0x00000000e0000000, 0x00000000e5560000, 0x00000000e5560000)
  from space 21824K,  51% used [0x00000000e5560000, 0x00000000e6060040, 0x00000000e6ab0000)
  to   space 21824K,   0% used [0x00000000e6ab0000, 0x00000000e6ab0000, 0x00000000e8000000)
 concurrent mark-sweep generation total 393216K, used 0K [0x00000000e8000000, 0x0000000100000000, 0x0000000100000000)
 Metaspace       used 24851K, capacity 25224K, committed 25536K, reserved 1071104K
  class space    used 2897K, capacity 3025K, committed 3092K, reserved 1048576K
2017-01-10T09:30:37.355+0100: 2,827: [GC (Allocation Failure) 2017-01-10T09:30:37.355+0100: 2,827: [ParNew
Desired survivor size 20112992 bytes, new threshold 8 (max 8)
- age   1:    6698096 bytes,    6698096 total
- age   2:     548592 bytes,    7246688 total
- age   3:    6083200 bytes,   13329888 total
: 98688K->19084K(109248K), 0,0120020 secs] 98688K->19084K(502464K), 0,0120900 secs] [Times: user=0,04 sys=0,01, real=0,01 secs] 
Heap after GC invocations=3 (full 0):
 par new generation   total 109248K, used 19084K [0x00000000e0000000, 0x00000000e8000000, 0x00000000e8000000)
  eden space 87424K,   0% used [0x00000000e0000000, 0x00000000e0000000, 0x00000000e5560000)
  from space 21824K,  87% used [0x00000000e6ab0000, 0x00000000e7d53248, 0x00000000e8000000)
  to   space 21824K,   0% used [0x00000000e5560000, 0x00000000e5560000, 0x00000000e6ab0000)
 concurrent mark-sweep generation total 393216K, used 0K [0x00000000e8000000, 0x0000000100000000, 0x0000000100000000)
 Metaspace       used 24851K, capacity 25224K, committed 25536K, reserved 1071104K
  class space    used 2897K, capacity 3025K, committed 3092K, reserved 1048576K
}
2017-01-10T09:30:37.367+0100: 2,839: Total time for which application threads were stopped: 0,0122427 seconds, Stopping threads took: 0,0000229 seconds
2017-01-10T09:30:37.368+0100: 2,840: [GC (CMS Initial Mark) [1 CMS-initial-mark: 0K(393216K)] 20483K(502464K), 0,0031661 secs] [Times: user=0,01 sys=0,00, real=0,00 secs] 
2017-01-10T09:30:37.371+0100: 2,843: Total time for which application threads were stopped: 0,0032978 seconds, Stopping threads took: 0,0000531 seconds
2017-01-10T09:30:37.371+0100: 2,843: [CMS-concurrent-mark-start]
2017-01-10T09:30:37.371+0100: 2,844: [CMS-concurrent-mark: 0,000/0,000 secs] [Times: user=0,00 sys=0,00, real=0,00 secs] 
2017-01-10T09:30:37.371+0100: 2,844: [CMS-concurrent-preclean-start]
2017-01-10T09:30:37.373+0100: 2,845: [CMS-concurrent-preclean: 0,001/0,001 secs] [Times: user=0,01 sys=0,00, real=0,00 secs] 
2017-01-10T09:30:37.373+0100: 2,845: [GC (CMS Final Remark) [YG occupancy: 20483 K (109248 K)]{Heap before GC invocations=3 (full 1):
 par new generation   total 109248K, used 20483K [0x00000000e0000000, 0x00000000e8000000, 0x00000000e8000000)
  eden space 87424K,   1% used [0x00000000e0000000, 0x00000000e015dce8, 0x00000000e5560000)
  from space 21824K,  87% used [0x00000000e6ab0000, 0x00000000e7d53248, 0x00000000e8000000)
  to   space 21824K,   0% used [0x00000000e5560000, 0x00000000e5560000, 0x00000000e6ab0000)
 concurrent mark-sweep generation total 393216K, used 0K [0x00000000e8000000, 0x0000000100000000, 0x0000000100000000)
 Metaspace       used 24886K, capacity 25320K, committed 25536K, reserved 1071104K
  class space    used 2901K, capacity 3057K, committed 3092K, reserved 1048576K
2017-01-10T09:30:37.373+0100: 2,845: [GC (CMS Final Remark) 2017-01-10T09:30:37.373+0100: 2,845: [ParNew
Desired survivor size 20112992 bytes, new threshold 8 (max 8)
- age   1:      46384 bytes,      46384 total
- age   2:    3151328 bytes,    3197712 total
- age   3:     548568 bytes,    3746280 total
- age   4:    6083200 bytes,    9829480 total
: 20483K->14260K(109248K), 0,0098823 secs] 20483K->14260K(502464K), 0,0099284 secs] [Times: user=0,03 sys=0,00, real=0,01 secs] 
Heap after GC invocations=4 (full 1):
 par new generation   total 109248K, used 14260K [0x00000000e0000000, 0x00000000e8000000, 0x00000000e8000000)
  eden space 87424K,   0% used [0x00000000e0000000, 0x00000000e0000000, 0x00000000e5560000)
  from space 21824K,  65% used [0x00000000e5560000, 0x00000000e634d090, 0x00000000e6ab0000)
  to   space 21824K,   0% used [0x00000000e6ab0000, 0x00000000e6ab0000, 0x00000000e8000000)
 concurrent mark-sweep generation total 393216K, used 0K [0x00000000e8000000, 0x0000000100000000, 0x0000000100000000)
 Metaspace       used 24886K, capacity 25320K, committed 25536K, reserved 1071104K
  class space    used 2901K, capacity 3057K, committed 3092K, reserved 1048576K
}
2017-01-10T09:30:37.383+0100: 2,855: [Rescan (parallel) , 0,0036151 secs]2017-01-10T09:30:37.386+0100: 2,859: [weak refs processing, 0,0008585 secs]2017-01-10T09:30:37.387+0100: 2,860: [class unloading, 0,0032046 secs]2017-01-10T09:30:37.390+0100: 2,863: [scrub symbol table, 0,0034934 secs]2017-01-10T09:30:37.394+0100: 2,866: [scrub string table, 0,0003876 secs][1 CMS-remark: 0K(393216K)] 14260K(502464K), 0,0221856 secs] [Times: user=0,05 sys=0,00, real=0,03 secs] 
2017-01-10T09:30:37.395+0100: 2,867: Total time for which application threads were stopped: 0,0223037 seconds, Stopping threads took: 0,0000443 seconds
2017-01-10T09:30:37.395+0100: 2,868: [CMS-concurrent-sweep-start]
2017-01-10T09:30:37.395+0100: 2,868: [CMS-concurrent-sweep: 0,000/0,000 secs] [Times: user=0,00 sys=0,00, real=0,00 secs] 
2017-01-10T09:30:37.395+0100: 2,868: [CMS-concurrent-reset-start]
2017-01-10T09:30:37.397+0100: 2,869: [CMS-concurrent-reset: 0,002/0,002 secs] [Times: user=0,01 sys=0,00, real=0,00 secs] 
2017-01-10T09:30:38.395+0100: 3,868: Total time for which application threads were stopped: 0,0001194 seconds, Stopping threads took: 0,0000161 seconds
2017-01-10T09:30:38.576+0100: 4,049: Total time for which application threads were stopped: 0,0002695 seconds, Stopping threads took: 0,0000151 seconds
2017-01-10T09:31:05.852+0100: 32,051: Total time for which application threads were stopped: 0,0000662 seconds, Stopping threads took: 0,0000175 seconds
2017-01-10T09:33:15.872+0100: 162,071: Total time for which application threads were stopped: 0,0001744 seconds, Stopping threads took: 0,0000758 seconds
2017-01-10T09:33:20.873+0100: 167,072: Total time for which application threads were stopped: 0,0001368 seconds, Stopping threads took: 0,0000367 seconds
2017-01-10T09:34:15.882+0100: 222,081: Total time for which application threads were stopped: 0,0001567 seconds, Stopping threads took: 0,0000641 seconds
2017-01-10T09:35:20.891+0100: 287,090: Total time for which application threads were stopped: 0,0000735 seconds, Stopping threads took: 0,0000287 seconds
2017-01-10T09:54:15.073+0100: 1421,272: Total time for which application threads were stopped: 0,0000850 seconds, Stopping threads took: 0,0000355 seconds
2017-01-10T09:58:01.105+0100: 1647,304: Total time for which application threads were stopped: 0,0001499 seconds, Stopping threads took: 0,0000594 seconds
2017-01-10T09:59:10.115+0100: 1716,313: Total time for which application threads were stopped: 0,0000825 seconds, Stopping threads took: 0,0000335 seconds
2017-01-10T10:02:06.143+0100: 1892,342: Total time for which application threads were stopped: 0,0000839 seconds, Stopping threads took: 0,0000339 seconds
2017-01-10T10:02:11.144+0100: 1897,343: Total time for which application threads were stopped: 0,0001141 seconds, Stopping threads took: 0,0000303 seconds
2017-01-10T10:18:36.156+0100: 2327,560: Total time for which application threads were stopped: 0,0001726 seconds, Stopping threads took: 0,0000707 seconds
2017-01-10T10:18:41.157+0100: 2332,561: Total time for which application threads were stopped: 0,0000598 seconds, Stopping threads took: 0,0000150 seconds
2017-01-10T10:22:20.189+0100: 2551,593: Total time for which application threads were stopped: 0,0000801 seconds, Stopping threads took: 0,0000347 seconds
2017-01-10T10:22:26.191+0100: 2557,594: Total time for which application threads were stopped: 0,0000740 seconds, Stopping threads took: 0,0000292 seconds
2017-01-10T10:34:22.012+0100: 3272,708: Total time for which application threads were stopped: 0,0001530 seconds, Stopping threads took: 0,0000590 seconds
2017-01-10T10:34:27.013+0100: 3277,709: Total time for which application threads were stopped: 0,0001236 seconds, Stopping threads took: 0,0000301 seconds
2017-01-10T10:43:07.097+0100: 3797,793: Total time for which application threads were stopped: 0,0001994 seconds, Stopping threads took: 0,0000686 seconds
2017-01-10T10:43:12.098+0100: 3802,794: Total time for which application threads were stopped: 0,0001205 seconds, Stopping threads took: 0,0000296 seconds
2017-01-10T10:46:51.132+0100: 4021,828: Total time for which application threads were stopped: 0,0001722 seconds, Stopping threads took: 0,0000709 seconds
2017-01-10T11:25:27.480+0100: 6338,176: Total time for which application threads were stopped: 0,0000703 seconds, Stopping threads took: 0,0000297 seconds
2017-01-10T11:25:32.481+0100: 6343,177: Total time for which application threads were stopped: 0,0003464 seconds, Stopping threads took: 0,0001440 seconds
2017-01-10T11:28:52.514+0100: 6543,210: Total time for which application threads were stopped: 0,0001562 seconds, Stopping threads took: 0,0000657 seconds
2017-01-10T11:47:31.265+0100: 7501,560: Total time for which application threads were stopped: 0,0001325 seconds, Stopping threads took: 0,0000536 seconds
2017-01-10T11:48:01.270+0100: 7531,565: Total time for which application threads were stopped: 0,0000913 seconds, Stopping threads took: 0,0000376 seconds
2017-01-10T11:50:31.296+0100: 7681,591: Total time for which application threads were stopped: 0,0000987 seconds, Stopping threads took: 0,0000419 seconds
2017-01-10T15:40:36.071+0100: 11551,882: Total time for which application threads were stopped: 0,0001137 seconds, Stopping threads took: 0,0000479 seconds
2017-01-10T16:38:21.423+0100: 15017,234: Total time for which application threads were stopped: 0,0001274 seconds, Stopping threads took: 0,0000148 seconds
Heap
 par new generation   total 109248K, used 57574K [0x00000000e0000000, 0x00000000e8000000, 0x00000000e8000000)
  eden space 87424K,  49% used [0x00000000e0000000, 0x00000000e2a4c848, 0x00000000e5560000)
  from space 21824K,  65% used [0x00000000e5560000, 0x00000000e634d090, 0x00000000e6ab0000)
  to   space 21824K,   0% used [0x00000000e6ab0000, 0x00000000e6ab0000, 0x00000000e8000000)
 concurrent mark-sweep generation total 393216K, used 0K [0x00000000e8000000, 0x0000000100000000, 0x0000000100000000)
 Metaspace       used 27256K, capacity 27728K, committed 27924K, reserved 1073152K
  class space    used 3169K, capacity 3321K, committed 3348K, reserved 1048576K
