OpenJDK 64-Bit Server VM (25.131-b11) for linux-amd64 JRE (1.8.0_131-8u131-b11-0ubuntu1.16.04.2-b11), built on May  6 2017 02:45:27 by "buildd" with gcc 5.4.0 20160609
Memory: 4k page, physical 7867740k(7400412k free), swap 8076284k(8076284k free)
CommandLine flags: -XX:CMSInitiatingOccupancyFraction=50 -XX:CMSMaxAbortablePrecleanTime=6000 -XX:+CMSParallelRemarkEnabled -XX:+CMSScavengeBeforeRemark -XX:ConcGCThreads=4 -XX:InitialHeapSize=536870912 -XX:MaxHeapSize=536870912 -XX:MaxTenuringThreshold=8 -XX:NewRatio=3 -XX:OldPLABSize=16 -XX:OnOutOfMemoryError=/opt/solr/bin/oom_solr.sh 8983 /var/solr/logs -XX:ParallelGCThreads=4 -XX:+ParallelRefProcEnabled -XX:PretenureSizeThreshold=67108864 -XX:+PrintGC -XX:+PrintGCApplicationStoppedTime -XX:+PrintGCDateStamps -XX:+PrintGCDetails -XX:+PrintGCTimeStamps -XX:+PrintHeapAtGC -XX:+PrintTenuringDistribution -XX:SurvivorRatio=4 -XX:TargetSurvivorRatio=90 -XX:ThreadStackSize=256 -XX:+UseCMSInitiatingOccupancyOnly -XX:+UseCompressedClassPointers -XX:+UseCompressedOops -XX:+UseConcMarkSweepGC -XX:+UseParNewGC 
2017-05-27T16:28:07.081+0200: 0,196: Total time for which application threads were stopped: 0,0001176 seconds, Stopping threads took: 0,0000173 seconds
2017-05-27T16:28:07.176+0200: 0,291: Total time for which application threads were stopped: 0,0001473 seconds, Stopping threads took: 0,0000131 seconds
2017-05-27T16:28:07.199+0200: 0,314: Total time for which application threads were stopped: 0,0000924 seconds, Stopping threads took: 0,0000147 seconds
2017-05-27T16:28:07.484+0200: 0,599: Total time for which application threads were stopped: 0,0013259 seconds, Stopping threads took: 0,0000252 seconds
2017-05-27T16:28:07.966+0200: 1,081: Total time for which application threads were stopped: 0,0001277 seconds, Stopping threads took: 0,0000104 seconds
2017-05-27T16:28:08.084+0200: 1,199: Total time for which application threads were stopped: 0,0001919 seconds, Stopping threads took: 0,0000270 seconds
2017-05-27T16:28:08.132+0200: 1,247: Total time for which application threads were stopped: 0,0001811 seconds, Stopping threads took: 0,0000201 seconds
2017-05-27T16:28:08.435+0200: 1,550: Total time for which application threads were stopped: 0,0002027 seconds, Stopping threads took: 0,0000265 seconds
2017-05-27T16:28:08.670+0200: 1,785: Total time for which application threads were stopped: 0,0001953 seconds, Stopping threads took: 0,0000172 seconds
2017-05-27T16:28:08.693+0200: 1,808: Total time for which application threads were stopped: 0,0002908 seconds, Stopping threads took: 0,0000851 seconds
2017-05-27T16:28:08.724+0200: 1,839: Total time for which application threads were stopped: 0,0002212 seconds, Stopping threads took: 0,0000263 seconds
2017-05-27T16:28:08.725+0200: 1,840: Total time for which application threads were stopped: 0,0001683 seconds, Stopping threads took: 0,0000156 seconds
2017-05-27T16:28:08.736+0200: 1,851: Total time for which application threads were stopped: 0,0002151 seconds, Stopping threads took: 0,0000197 seconds
2017-05-27T16:28:08.815+0200: 1,930: Total time for which application threads were stopped: 0,0002379 seconds, Stopping threads took: 0,0000236 seconds
2017-05-27T16:28:08.976+0200: 2,091: Total time for which application threads were stopped: 0,0002453 seconds, Stopping threads took: 0,0000430 seconds
{Heap before GC invocations=0 (full 0):
 par new generation   total 109248K, used 87424K [0x00000000e0000000, 0x00000000e8000000, 0x00000000e8000000)
  eden space 87424K, 100% used [0x00000000e0000000, 0x00000000e5560000, 0x00000000e5560000)
  from space 21824K,   0% used [0x00000000e5560000, 0x00000000e5560000, 0x00000000e6ab0000)
  to   space 21824K,   0% used [0x00000000e6ab0000, 0x00000000e6ab0000, 0x00000000e8000000)
 concurrent mark-sweep generation total 393216K, used 0K [0x00000000e8000000, 0x0000000100000000, 0x0000000100000000)
 Metaspace       used 18047K, capacity 18336K, committed 18688K, reserved 1064960K
  class space    used 2039K, capacity 2196K, committed 2304K, reserved 1048576K
2017-05-27T16:28:09.064+0200: 2,179: [GC (Allocation Failure) 2017-05-27T16:28:09.064+0200: 2,179: [ParNew
Desired survivor size 20112992 bytes, new threshold 8 (max 8)
- age   1:   12593112 bytes,   12593112 total
: 87424K->12411K(109248K), 0,0161935 secs] 87424K->12411K(502464K), 0,0162702 secs] [Times: user=0,06 sys=0,00, real=0,02 secs] 
Heap after GC invocations=1 (full 0):
 par new generation   total 109248K, used 12411K [0x00000000e0000000, 0x00000000e8000000, 0x00000000e8000000)
  eden space 87424K,   0% used [0x00000000e0000000, 0x00000000e0000000, 0x00000000e5560000)
  from space 21824K,  56% used [0x00000000e6ab0000, 0x00000000e76cef58, 0x00000000e8000000)
  to   space 21824K,   0% used [0x00000000e5560000, 0x00000000e5560000, 0x00000000e6ab0000)
 concurrent mark-sweep generation total 393216K, used 0K [0x00000000e8000000, 0x0000000100000000, 0x0000000100000000)
 Metaspace       used 18047K, capacity 18336K, committed 18688K, reserved 1064960K
  class space    used 2039K, capacity 2196K, committed 2304K, reserved 1048576K
}
2017-05-27T16:28:09.080+0200: 2,195: Total time for which application threads were stopped: 0,0165397 seconds, Stopping threads took: 0,0000770 seconds
2017-05-27T16:28:09.391+0200: 2,506: Total time for which application threads were stopped: 0,0029433 seconds, Stopping threads took: 0,0026780 seconds
2017-05-27T16:28:09.440+0200: 2,555: Total time for which application threads were stopped: 0,0003902 seconds, Stopping threads took: 0,0000778 seconds
{Heap before GC invocations=1 (full 0):
 par new generation   total 109248K, used 99835K [0x00000000e0000000, 0x00000000e8000000, 0x00000000e8000000)
  eden space 87424K, 100% used [0x00000000e0000000, 0x00000000e5560000, 0x00000000e5560000)
  from space 21824K,  56% used [0x00000000e6ab0000, 0x00000000e76cef58, 0x00000000e8000000)
  to   space 21824K,   0% used [0x00000000e5560000, 0x00000000e5560000, 0x00000000e6ab0000)
 concurrent mark-sweep generation total 393216K, used 0K [0x00000000e8000000, 0x0000000100000000, 0x0000000100000000)
 Metaspace       used 20049K, capacity 20352K, committed 20736K, reserved 1067008K
  class space    used 2295K, capacity 2464K, committed 2560K, reserved 1048576K
2017-05-27T16:28:09.444+0200: 2,559: [GC (Allocation Failure) 2017-05-27T16:28:09.444+0200: 2,559: [ParNew
Desired survivor size 20112992 bytes, new threshold 8 (max 8)
- age   1:    3692128 bytes,    3692128 total
- age   2:    6649840 bytes,   10341968 total
: 99835K->13772K(109248K), 0,0103371 secs] 99835K->13772K(502464K), 0,0104109 secs] [Times: user=0,03 sys=0,00, real=0,01 secs] 
Heap after GC invocations=2 (full 0):
 par new generation   total 109248K, used 13772K [0x00000000e0000000, 0x00000000e8000000, 0x00000000e8000000)
  eden space 87424K,   0% used [0x00000000e0000000, 0x00000000e0000000, 0x00000000e5560000)
  from space 21824K,  63% used [0x00000000e5560000, 0x00000000e62d3318, 0x00000000e6ab0000)
  to   space 21824K,   0% used [0x00000000e6ab0000, 0x00000000e6ab0000, 0x00000000e8000000)
 concurrent mark-sweep generation total 393216K, used 0K [0x00000000e8000000, 0x0000000100000000, 0x0000000100000000)
 Metaspace       used 20049K, capacity 20352K, committed 20736K, reserved 1067008K
  class space    used 2295K, capacity 2464K, committed 2560K, reserved 1048576K
}
2017-05-27T16:28:09.455+0200: 2,569: Total time for which application threads were stopped: 0,0106091 seconds, Stopping threads took: 0,0000406 seconds
2017-05-27T16:28:09.507+0200: 2,622: Total time for which application threads were stopped: 0,0004278 seconds, Stopping threads took: 0,0000722 seconds
2017-05-27T16:28:09.626+0200: 2,741: Total time for which application threads were stopped: 0,0001913 seconds, Stopping threads took: 0,0000450 seconds
{Heap before GC invocations=2 (full 0):
 par new generation   total 109248K, used 101196K [0x00000000e0000000, 0x00000000e8000000, 0x00000000e8000000)
  eden space 87424K, 100% used [0x00000000e0000000, 0x00000000e5560000, 0x00000000e5560000)
  from space 21824K,  63% used [0x00000000e5560000, 0x00000000e62d3318, 0x00000000e6ab0000)
  to   space 21824K,   0% used [0x00000000e6ab0000, 0x00000000e6ab0000, 0x00000000e8000000)
 concurrent mark-sweep generation total 393216K, used 0K [0x00000000e8000000, 0x0000000100000000, 0x0000000100000000)
 Metaspace       used 20965K, capacity 21274K, committed 21628K, reserved 1069056K
  class space    used 2415K, capacity 2583K, committed 2684K, reserved 1048576K
2017-05-27T16:28:09.667+0200: 2,781: [GC (Allocation Failure) 2017-05-27T16:28:09.667+0200: 2,782: [ParNew
Desired survivor size 20112992 bytes, new threshold 8 (max 8)
- age   1:    2091368 bytes,    2091368 total
- age   2:     867880 bytes,    2959248 total
- age   3:    6646288 bytes,    9605536 total
: 101196K->12948K(109248K), 0,0121568 secs] 101196K->12948K(502464K), 0,0122653 secs] [Times: user=0,04 sys=0,00, real=0,02 secs] 
Heap after GC invocations=3 (full 0):
 par new generation   total 109248K, used 12948K [0x00000000e0000000, 0x00000000e8000000, 0x00000000e8000000)
  eden space 87424K,   0% used [0x00000000e0000000, 0x00000000e0000000, 0x00000000e5560000)
  from space 21824K,  59% used [0x00000000e6ab0000, 0x00000000e7755150, 0x00000000e8000000)
  to   space 21824K,   0% used [0x00000000e5560000, 0x00000000e5560000, 0x00000000e6ab0000)
 concurrent mark-sweep generation total 393216K, used 0K [0x00000000e8000000, 0x0000000100000000, 0x0000000100000000)
 Metaspace       used 20965K, capacity 21274K, committed 21628K, reserved 1069056K
  class space    used 2415K, capacity 2583K, committed 2684K, reserved 1048576K
}
2017-05-27T16:28:09.679+0200: 2,794: Total time for which application threads were stopped: 0,0125211 seconds, Stopping threads took: 0,0000635 seconds
2017-05-27T16:28:09.683+0200: 2,798: [GC (CMS Initial Mark) [1 CMS-initial-mark: 0K(393216K)] 13658K(502464K), 0,0044026 secs] [Times: user=0,02 sys=0,00, real=0,00 secs] 
2017-05-27T16:28:09.688+0200: 2,803: Total time for which application threads were stopped: 0,0053572 seconds, Stopping threads took: 0,0008477 seconds
2017-05-27T16:28:09.688+0200: 2,803: [CMS-concurrent-mark-start]
2017-05-27T16:28:09.689+0200: 2,804: [CMS-concurrent-mark: 0,001/0,001 secs] [Times: user=0,00 sys=0,00, real=0,00 secs] 
2017-05-27T16:28:09.689+0200: 2,804: [CMS-concurrent-preclean-start]
2017-05-27T16:28:09.690+0200: 2,805: [CMS-concurrent-preclean: 0,001/0,001 secs] [Times: user=0,01 sys=0,00, real=0,00 secs] 
2017-05-27T16:28:09.690+0200: 2,805: [CMS-concurrent-abortable-preclean-start]
2017-05-27T16:28:09.761+0200: 2,876: Total time for which application threads were stopped: 0,0013695 seconds, Stopping threads took: 0,0012770 seconds
{Heap before GC invocations=3 (full 1):
 par new generation   total 109248K, used 100372K [0x00000000e0000000, 0x00000000e8000000, 0x00000000e8000000)
  eden space 87424K, 100% used [0x00000000e0000000, 0x00000000e5560000, 0x00000000e5560000)
  from space 21824K,  59% used [0x00000000e6ab0000, 0x00000000e7755150, 0x00000000e8000000)
  to   space 21824K,   0% used [0x00000000e5560000, 0x00000000e5560000, 0x00000000e6ab0000)
 concurrent mark-sweep generation total 393216K, used 0K [0x00000000e8000000, 0x0000000100000000, 0x0000000100000000)
 Metaspace       used 21274K, capacity 21650K, committed 21884K, reserved 1069056K
  class space    used 2448K, capacity 2604K, committed 2684K, reserved 1048576K
2017-05-27T16:28:09.808+0200: 2,923: [GC (Allocation Failure) 2017-05-27T16:28:09.808+0200: 2,923: [ParNew
Desired survivor size 20112992 bytes, new threshold 8 (max 8)
- age   1:     818152 bytes,     818152 total
- age   2:    1451080 bytes,    2269232 total
- age   3:     832600 bytes,    3101832 total
- age   4:    6646040 bytes,    9747872 total
: 100372K->12390K(109248K), 0,0108781 secs] 100372K->12390K(502464K), 0,0109717 secs] [Times: user=0,03 sys=0,00, real=0,02 secs] 
Heap after GC invocations=4 (full 1):
 par new generation   total 109248K, used 12390K [0x00000000e0000000, 0x00000000e8000000, 0x00000000e8000000)
  eden space 87424K,   0% used [0x00000000e0000000, 0x00000000e0000000, 0x00000000e5560000)
  from space 21824K,  56% used [0x00000000e5560000, 0x00000000e6179a80, 0x00000000e6ab0000)
  to   space 21824K,   0% used [0x00000000e6ab0000, 0x00000000e6ab0000, 0x00000000e8000000)
 concurrent mark-sweep generation total 393216K, used 0K [0x00000000e8000000, 0x0000000100000000, 0x0000000100000000)
 Metaspace       used 21274K, capacity 21650K, committed 21884K, reserved 1069056K
  class space    used 2448K, capacity 2604K, committed 2684K, reserved 1048576K
}
2017-05-27T16:28:09.819+0200: 2,934: Total time for which application threads were stopped: 0,0112471 seconds, Stopping threads took: 0,0001019 seconds
2017-05-27T16:28:09.819+0200: 2,934: [CMS-concurrent-abortable-preclean: 0,071/0,129 secs] [Times: user=0,48 sys=0,01, real=0,14 secs] 
2017-05-27T16:28:09.822+0200: 2,937: [GC (CMS Final Remark) [YG occupancy: 13061 K (109248 K)]{Heap before GC invocations=4 (full 1):
 par new generation   total 109248K, used 13061K [0x00000000e0000000, 0x00000000e8000000, 0x00000000e8000000)
  eden space 87424K,   0% used [0x00000000e0000000, 0x00000000e00a7a70, 0x00000000e5560000)
  from space 21824K,  56% used [0x00000000e5560000, 0x00000000e6179a80, 0x00000000e6ab0000)
  to   space 21824K,   0% used [0x00000000e6ab0000, 0x00000000e6ab0000, 0x00000000e8000000)
 concurrent mark-sweep generation total 393216K, used 0K [0x00000000e8000000, 0x0000000100000000, 0x0000000100000000)
 Metaspace       used 21274K, capacity 21650K, committed 21884K, reserved 1069056K
  class space    used 2448K, capacity 2604K, committed 2684K, reserved 1048576K
2017-05-27T16:28:09.822+0200: 2,937: [GC (CMS Final Remark) 2017-05-27T16:28:09.822+0200: 2,937: [ParNew
Desired survivor size 20112992 bytes, new threshold 8 (max 8)
- age   1:      16552 bytes,      16552 total
- age   2:     659424 bytes,     675976 total
- age   3:    1450968 bytes,    2126944 total
- age   4:     832600 bytes,    2959544 total
- age   5:    6646032 bytes,    9605576 total
: 13061K->12021K(109248K), 0,0089668 secs] 13061K->12021K(502464K), 0,0090055 secs] [Times: user=0,03 sys=0,00, real=0,01 secs] 
Heap after GC invocations=5 (full 1):
 par new generation   total 109248K, used 12021K [0x00000000e0000000, 0x00000000e8000000, 0x00000000e8000000)
  eden space 87424K,   0% used [0x00000000e0000000, 0x00000000e0000000, 0x00000000e5560000)
  from space 21824K,  55% used [0x00000000e6ab0000, 0x00000000e766d7d0, 0x00000000e8000000)
  to   space 21824K,   0% used [0x00000000e5560000, 0x00000000e5560000, 0x00000000e6ab0000)
 concurrent mark-sweep generation total 393216K, used 0K [0x00000000e8000000, 0x0000000100000000, 0x0000000100000000)
 Metaspace       used 21274K, capacity 21650K, committed 21884K, reserved 1069056K
  class space    used 2448K, capacity 2604K, committed 2684K, reserved 1048576K
}
2017-05-27T16:28:09.831+0200: 2,946: [Rescan (parallel) , 0,0034588 secs]2017-05-27T16:28:09.835+0200: 2,950: [weak refs processing, 0,0013654 secs]2017-05-27T16:28:09.836+0200: 2,951: [class unloading, 0,0029558 secs]2017-05-27T16:28:09.839+0200: 2,954: [scrub symbol table, 0,0032806 secs]2017-05-27T16:28:09.843+0200: 2,958: [scrub string table, 0,0003994 secs][1 CMS-remark: 0K(393216K)] 12021K(502464K), 0,0211011 secs] [Times: user=0,06 sys=0,00, real=0,02 secs] 
2017-05-27T16:28:09.844+0200: 2,958: Total time for which application threads were stopped: 0,0240390 seconds, Stopping threads took: 0,0028675 seconds
2017-05-27T16:28:09.849+0200: 2,964: [CMS-concurrent-sweep-start]
2017-05-27T16:28:09.849+0200: 2,964: [CMS-concurrent-sweep: 0,000/0,000 secs] [Times: user=0,00 sys=0,00, real=0,00 secs] 
2017-05-27T16:28:09.849+0200: 2,964: [CMS-concurrent-reset-start]
2017-05-27T16:28:09.851+0200: 2,966: [CMS-concurrent-reset: 0,002/0,002 secs] [Times: user=0,00 sys=0,00, real=0,01 secs] 
{Heap before GC invocations=5 (full 1):
 par new generation   total 109248K, used 99418K [0x00000000e0000000, 0x00000000e8000000, 0x00000000e8000000)
  eden space 87424K,  99% used [0x00000000e0000000, 0x00000000e5559180, 0x00000000e5560000)
  from space 21824K,  55% used [0x00000000e6ab0000, 0x00000000e766d7d0, 0x00000000e8000000)
  to   space 21824K,   0% used [0x00000000e5560000, 0x00000000e5560000, 0x00000000e6ab0000)
 concurrent mark-sweep generation total 393216K, used 0K [0x00000000e8000000, 0x0000000100000000, 0x0000000100000000)
 Metaspace       used 21508K, capacity 21886K, committed 22140K, reserved 1069056K
  class space    used 2481K, capacity 2638K, committed 2684K, reserved 1048576K
2017-05-27T16:28:09.955+0200: 3,070: [GC (Allocation Failure) 2017-05-27T16:28:09.955+0200: 3,070: [ParNew
Desired survivor size 20112992 bytes, new threshold 8 (max 8)
- age   1:    1041976 bytes,    1041976 total
- age   2:         72 bytes,    1042048 total
- age   3:     200784 bytes,    1242832 total
- age   4:    1061672 bytes,    2304504 total
- age   5:     832456 bytes,    3136960 total
- age   6:    6646024 bytes,    9782984 total
: 99418K->14415K(109248K), 0,0125799 secs] 99418K->14415K(502464K), 0,0126485 secs] [Times: user=0,04 sys=0,00, real=0,01 secs] 
Heap after GC invocations=6 (full 1):
 par new generation   total 109248K, used 14415K [0x00000000e0000000, 0x00000000e8000000, 0x00000000e8000000)
  eden space 87424K,   0% used [0x00000000e0000000, 0x00000000e0000000, 0x00000000e5560000)
  from space 21824K,  66% used [0x00000000e5560000, 0x00000000e6373e80, 0x00000000e6ab0000)
  to   space 21824K,   0% used [0x00000000e6ab0000, 0x00000000e6ab0000, 0x00000000e8000000)
 concurrent mark-sweep generation total 393216K, used 0K [0x00000000e8000000, 0x0000000100000000, 0x0000000100000000)
 Metaspace       used 21508K, capacity 21886K, committed 22140K, reserved 1069056K
  class space    used 2481K, capacity 2638K, committed 2684K, reserved 1048576K
}
2017-05-27T16:28:09.968+0200: 3,083: Total time for which application threads were stopped: 0,0161744 seconds, Stopping threads took: 0,0033303 seconds
2017-05-27T16:28:09.988+0200: 3,103: Total time for which application threads were stopped: 0,0003543 seconds, Stopping threads took: 0,0000367 seconds
2017-05-27T16:28:10.236+0200: 3,351: Total time for which application threads were stopped: 0,0004654 seconds, Stopping threads took: 0,0000826 seconds
2017-05-27T16:28:10.249+0200: 3,364: Total time for which application threads were stopped: 0,0003689 seconds, Stopping threads took: 0,0000702 seconds
{Heap before GC invocations=6 (full 1):
 par new generation   total 109248K, used 101839K [0x00000000e0000000, 0x00000000e8000000, 0x00000000e8000000)
  eden space 87424K, 100% used [0x00000000e0000000, 0x00000000e5560000, 0x00000000e5560000)
  from space 21824K,  66% used [0x00000000e5560000, 0x00000000e6373e80, 0x00000000e6ab0000)
  to   space 21824K,   0% used [0x00000000e6ab0000, 0x00000000e6ab0000, 0x00000000e8000000)
 concurrent mark-sweep generation total 393216K, used 0K [0x00000000e8000000, 0x0000000100000000, 0x0000000100000000)
 Metaspace       used 24418K, capacity 24896K, committed 25084K, reserved 1071104K
  class space    used 2862K, capacity 3045K, committed 3068K, reserved 1048576K
2017-05-27T16:28:10.433+0200: 3,548: [GC (Allocation Failure) 2017-05-27T16:28:10.433+0200: 3,548: [ParNew
Desired survivor size 20112992 bytes, new threshold 8 (max 8)
- age   1:    5880712 bytes,    5880712 total
- age   2:     140600 bytes,    6021312 total
- age   3:         72 bytes,    6021384 total
- age   4:     199624 bytes,    6221008 total
- age   5:     280616 bytes,    6501624 total
- age   6:     808224 bytes,    7309848 total
- age   7:    6637416 bytes,   13947264 total
: 101839K->15567K(109248K), 0,0117454 secs] 101839K->15567K(502464K), 0,0118088 secs] [Times: user=0,04 sys=0,01, real=0,01 secs] 
Heap after GC invocations=7 (full 1):
 par new generation   total 109248K, used 15567K [0x00000000e0000000, 0x00000000e8000000, 0x00000000e8000000)
  eden space 87424K,   0% used [0x00000000e0000000, 0x00000000e0000000, 0x00000000e5560000)
  from space 21824K,  71% used [0x00000000e6ab0000, 0x00000000e79e3c80, 0x00000000e8000000)
  to   space 21824K,   0% used [0x00000000e5560000, 0x00000000e5560000, 0x00000000e6ab0000)
 concurrent mark-sweep generation total 393216K, used 0K [0x00000000e8000000, 0x0000000100000000, 0x0000000100000000)
 Metaspace       used 24418K, capacity 24896K, committed 25084K, reserved 1071104K
  class space    used 2862K, capacity 3045K, committed 3068K, reserved 1048576K
}
2017-05-27T16:28:10.445+0200: 3,560: Total time for which application threads were stopped: 0,0121847 seconds, Stopping threads took: 0,0001920 seconds
{Heap before GC invocations=7 (full 1):
 par new generation   total 109248K, used 102991K [0x00000000e0000000, 0x00000000e8000000, 0x00000000e8000000)
  eden space 87424K, 100% used [0x00000000e0000000, 0x00000000e5560000, 0x00000000e5560000)
  from space 21824K,  71% used [0x00000000e6ab0000, 0x00000000e79e3c80, 0x00000000e8000000)
  to   space 21824K,   0% used [0x00000000e5560000, 0x00000000e5560000, 0x00000000e6ab0000)
 concurrent mark-sweep generation total 393216K, used 0K [0x00000000e8000000, 0x0000000100000000, 0x0000000100000000)
 Metaspace       used 24690K, capacity 25120K, committed 25468K, reserved 1071104K
  class space    used 2889K, capacity 3077K, committed 3196K, reserved 1048576K
2017-05-27T16:28:10.550+0200: 3,665: [GC (Allocation Failure) 2017-05-27T16:28:10.550+0200: 3,665: [ParNew
Desired survivor size 20112992 bytes, new threshold 8 (max 8)
- age   1:    1833152 bytes,    1833152 total
- age   2:    1824168 bytes,    3657320 total
- age   3:      93104 bytes,    3750424 total
- age   4:         72 bytes,    3750496 total
- age   5:     113456 bytes,    3863952 total
- age   6:     189728 bytes,    4053680 total
- age   7:     757096 bytes,    4810776 total
- age   8:    6104640 bytes,   10915416 total
: 102991K->16990K(109248K), 0,0291142 secs] 102991K->16990K(502464K), 0,0291974 secs] [Times: user=0,08 sys=0,00, real=0,04 secs] 
Heap after GC invocations=8 (full 1):
 par new generation   total 109248K, used 16990K [0x00000000e0000000, 0x00000000e8000000, 0x00000000e8000000)
  eden space 87424K,   0% used [0x00000000e0000000, 0x00000000e0000000, 0x00000000e5560000)
  from space 21824K,  77% used [0x00000000e5560000, 0x00000000e65f7b20, 0x00000000e6ab0000)
  to   space 21824K,   0% used [0x00000000e6ab0000, 0x00000000e6ab0000, 0x00000000e8000000)
 concurrent mark-sweep generation total 393216K, used 0K [0x00000000e8000000, 0x0000000100000000, 0x0000000100000000)
 Metaspace       used 24690K, capacity 25120K, committed 25468K, reserved 1071104K
  class space    used 2889K, capacity 3077K, committed 3196K, reserved 1048576K
}
2017-05-27T16:28:10.579+0200: 3,694: Total time for which application threads were stopped: 0,0304789 seconds, Stopping threads took: 0,0011055 seconds
{Heap before GC invocations=8 (full 1):
 par new generation   total 109248K, used 104414K [0x00000000e0000000, 0x00000000e8000000, 0x00000000e8000000)
  eden space 87424K, 100% used [0x00000000e0000000, 0x00000000e5560000, 0x00000000e5560000)
  from space 21824K,  77% used [0x00000000e5560000, 0x00000000e65f7b20, 0x00000000e6ab0000)
  to   space 21824K,   0% used [0x00000000e6ab0000, 0x00000000e6ab0000, 0x00000000e8000000)
 concurrent mark-sweep generation total 393216K, used 0K [0x00000000e8000000, 0x0000000100000000, 0x0000000100000000)
 Metaspace       used 24949K, capacity 25408K, committed 25724K, reserved 1071104K
  class space    used 2908K, capacity 3083K, committed 3196K, reserved 1048576K
2017-05-27T16:28:10.664+0200: 3,779: [GC (Allocation Failure) 2017-05-27T16:28:10.664+0200: 3,779: [ParNew
Desired survivor size 20112992 bytes, new threshold 8 (max 8)
- age   1:     413304 bytes,     413304 total
- age   2:     994336 bytes,    1407640 total
- age   3:    1800968 bytes,    3208608 total
- age   4:      93016 bytes,    3301624 total
- age   5:         72 bytes,    3301696 total
- age   6:     110672 bytes,    3412368 total
- age   7:     189264 bytes,    3601632 total
- age   8:     756360 bytes,    4357992 total
: 104414K->5496K(109248K), 0,0362237 secs] 104414K->11540K(502464K), 0,0362952 secs] [Times: user=0,09 sys=0,00, real=0,04 secs] 
Heap after GC invocations=9 (full 1):
 par new generation   total 109248K, used 5496K [0x00000000e0000000, 0x00000000e8000000, 0x00000000e8000000)
  eden space 87424K,   0% used [0x00000000e0000000, 0x00000000e0000000, 0x00000000e5560000)
  from space 21824K,  25% used [0x00000000e6ab0000, 0x00000000e700e2c0, 0x00000000e8000000)
  to   space 21824K,   0% used [0x00000000e5560000, 0x00000000e5560000, 0x00000000e6ab0000)
 concurrent mark-sweep generation total 393216K, used 6044K [0x00000000e8000000, 0x0000000100000000, 0x0000000100000000)
 Metaspace       used 24949K, capacity 25408K, committed 25724K, reserved 1071104K
  class space    used 2908K, capacity 3083K, committed 3196K, reserved 1048576K
}
2017-05-27T16:28:10.700+0200: 3,815: Total time for which application threads were stopped: 0,0368625 seconds, Stopping threads took: 0,0003795 seconds
2017-05-27T16:28:10.939+0200: 4,053: Total time for which application threads were stopped: 0,0007604 seconds, Stopping threads took: 0,0002988 seconds
2017-05-27T16:28:10.942+0200: 4,057: Total time for which application threads were stopped: 0,0001212 seconds, Stopping threads took: 0,0000356 seconds
2017-05-27T16:28:10.942+0200: 4,057: Total time for which application threads were stopped: 0,0001103 seconds, Stopping threads took: 0,0000270 seconds
2017-05-27T16:28:10.944+0200: 4,058: Total time for which application threads were stopped: 0,0001468 seconds, Stopping threads took: 0,0000384 seconds
2017-05-27T16:28:10.944+0200: 4,059: Total time for which application threads were stopped: 0,0001208 seconds, Stopping threads took: 0,0000526 seconds
2017-05-27T16:28:10.946+0200: 4,061: Total time for which application threads were stopped: 0,0021317 seconds, Stopping threads took: 0,0020534 seconds
2017-05-27T16:28:10.947+0200: 4,062: Total time for which application threads were stopped: 0,0000966 seconds, Stopping threads took: 0,0000238 seconds
2017-05-27T16:28:10.948+0200: 4,062: Total time for which application threads were stopped: 0,0001077 seconds, Stopping threads took: 0,0000370 seconds
2017-05-27T16:28:10.952+0200: 4,067: Total time for which application threads were stopped: 0,0001621 seconds, Stopping threads took: 0,0000698 seconds
2017-05-27T16:28:10.954+0200: 4,069: Total time for which application threads were stopped: 0,0001355 seconds, Stopping threads took: 0,0000435 seconds
2017-05-27T16:28:10.956+0200: 4,071: Total time for which application threads were stopped: 0,0004202 seconds, Stopping threads took: 0,0000410 seconds
2017-05-27T16:28:10.957+0200: 4,072: Total time for which application threads were stopped: 0,0001102 seconds, Stopping threads took: 0,0000351 seconds
2017-05-27T16:28:10.959+0200: 4,074: Total time for which application threads were stopped: 0,0001093 seconds, Stopping threads took: 0,0000365 seconds
2017-05-27T16:28:10.962+0200: 4,077: Total time for which application threads were stopped: 0,0027306 seconds, Stopping threads took: 0,0026758 seconds
2017-05-27T16:28:10.963+0200: 4,078: Total time for which application threads were stopped: 0,0000863 seconds, Stopping threads took: 0,0000217 seconds
2017-05-27T16:28:10.990+0200: 4,105: Total time for which application threads were stopped: 0,0001926 seconds, Stopping threads took: 0,0000376 seconds
2017-05-27T16:28:10.995+0200: 4,110: Total time for which application threads were stopped: 0,0001547 seconds, Stopping threads took: 0,0000475 seconds
2017-05-27T16:28:11.013+0200: 4,128: Total time for which application threads were stopped: 0,0004205 seconds, Stopping threads took: 0,0000274 seconds
2017-05-27T16:28:11.015+0200: 4,130: Total time for which application threads were stopped: 0,0001247 seconds, Stopping threads took: 0,0000412 seconds
2017-05-27T16:28:11.017+0200: 4,132: Total time for which application threads were stopped: 0,0001443 seconds, Stopping threads took: 0,0000405 seconds
2017-05-27T16:28:11.024+0200: 4,139: Total time for which application threads were stopped: 0,0001469 seconds, Stopping threads took: 0,0000393 seconds
2017-05-27T16:28:11.030+0200: 4,145: Total time for which application threads were stopped: 0,0001658 seconds, Stopping threads took: 0,0000388 seconds
2017-05-27T16:28:11.031+0200: 4,146: Total time for which application threads were stopped: 0,0004903 seconds, Stopping threads took: 0,0000204 seconds
2017-05-27T16:28:11.033+0200: 4,147: Total time for which application threads were stopped: 0,0001293 seconds, Stopping threads took: 0,0000494 seconds
2017-05-27T16:28:11.039+0200: 4,154: Total time for which application threads were stopped: 0,0002701 seconds, Stopping threads took: 0,0000599 seconds
2017-05-27T16:28:11.041+0200: 4,155: Total time for which application threads were stopped: 0,0001365 seconds, Stopping threads took: 0,0000364 seconds
2017-05-27T16:28:11.044+0200: 4,159: Total time for which application threads were stopped: 0,0001159 seconds, Stopping threads took: 0,0000360 seconds
2017-05-27T16:28:11.045+0200: 4,160: Total time for which application threads were stopped: 0,0001053 seconds, Stopping threads took: 0,0000301 seconds
2017-05-27T16:28:11.046+0200: 4,161: Total time for which application threads were stopped: 0,0001162 seconds, Stopping threads took: 0,0000312 seconds
2017-05-27T16:28:11.083+0200: 4,198: Total time for which application threads were stopped: 0,0004482 seconds, Stopping threads took: 0,0000317 seconds
2017-05-27T16:28:11.099+0200: 4,214: Total time for which application threads were stopped: 0,0002142 seconds, Stopping threads took: 0,0001544 seconds
2017-05-27T16:28:11.099+0200: 4,214: Total time for which application threads were stopped: 0,0001138 seconds, Stopping threads took: 0,0000286 seconds
2017-05-27T16:28:11.116+0200: 4,230: Total time for which application threads were stopped: 0,0001744 seconds, Stopping threads took: 0,0000478 seconds
2017-05-27T16:28:11.116+0200: 4,231: Total time for which application threads were stopped: 0,0000865 seconds, Stopping threads took: 0,0000204 seconds
2017-05-27T16:28:11.116+0200: 4,231: Total time for which application threads were stopped: 0,0001050 seconds, Stopping threads took: 0,0000284 seconds
2017-05-27T16:28:11.117+0200: 4,232: Total time for which application threads were stopped: 0,0000833 seconds, Stopping threads took: 0,0000185 seconds
2017-05-27T16:28:11.117+0200: 4,232: Total time for which application threads were stopped: 0,0000746 seconds, Stopping threads took: 0,0000191 seconds
2017-05-27T16:28:11.117+0200: 4,232: Total time for which application threads were stopped: 0,0000962 seconds, Stopping threads took: 0,0000222 seconds
2017-05-27T16:28:11.117+0200: 4,232: Total time for which application threads were stopped: 0,0000869 seconds, Stopping threads took: 0,0000166 seconds
2017-05-27T16:28:11.117+0200: 4,232: Total time for which application threads were stopped: 0,0000781 seconds, Stopping threads took: 0,0000184 seconds
2017-05-27T16:28:11.117+0200: 4,232: Total time for which application threads were stopped: 0,0000686 seconds, Stopping threads took: 0,0000165 seconds
2017-05-27T16:28:11.118+0200: 4,232: Total time for which application threads were stopped: 0,0000656 seconds, Stopping threads took: 0,0000163 seconds
2017-05-27T16:28:11.118+0200: 4,233: Total time for which application threads were stopped: 0,0000808 seconds, Stopping threads took: 0,0000189 seconds
2017-05-27T16:28:11.118+0200: 4,233: Total time for which application threads were stopped: 0,0000744 seconds, Stopping threads took: 0,0000168 seconds
2017-05-27T16:28:11.118+0200: 4,233: Total time for which application threads were stopped: 0,0000812 seconds, Stopping threads took: 0,0000282 seconds
2017-05-27T16:28:11.118+0200: 4,233: Total time for which application threads were stopped: 0,0000750 seconds, Stopping threads took: 0,0000183 seconds
2017-05-27T16:28:11.118+0200: 4,233: Total time for which application threads were stopped: 0,0000743 seconds, Stopping threads took: 0,0000166 seconds
2017-05-27T16:28:11.119+0200: 4,234: Total time for which application threads were stopped: 0,0001793 seconds, Stopping threads took: 0,0000208 seconds
2017-05-27T16:28:11.123+0200: 4,238: Total time for which application threads were stopped: 0,0001831 seconds, Stopping threads took: 0,0000545 seconds
2017-05-27T16:28:11.126+0200: 4,241: Total time for which application threads were stopped: 0,0001538 seconds, Stopping threads took: 0,0000634 seconds
2017-05-27T16:28:11.133+0200: 4,248: Total time for which application threads were stopped: 0,0001348 seconds, Stopping threads took: 0,0000460 seconds
2017-05-27T16:28:11.144+0200: 4,259: Total time for which application threads were stopped: 0,0001293 seconds, Stopping threads took: 0,0000378 seconds
2017-05-27T16:28:11.164+0200: 4,278: Total time for which application threads were stopped: 0,0001511 seconds, Stopping threads took: 0,0000448 seconds
2017-05-27T16:28:11.171+0200: 4,286: Total time for which application threads were stopped: 0,0001310 seconds, Stopping threads took: 0,0000623 seconds
2017-05-27T16:28:11.203+0200: 4,318: Total time for which application threads were stopped: 0,0000908 seconds, Stopping threads took: 0,0000277 seconds
2017-05-27T16:28:11.204+0200: 4,319: Total time for which application threads were stopped: 0,0003315 seconds, Stopping threads took: 0,0000062 seconds
2017-05-27T16:28:11.204+0200: 4,319: Total time for which application threads were stopped: 0,0000929 seconds, Stopping threads took: 0,0000348 seconds
2017-05-27T16:28:11.209+0200: 4,324: Total time for which application threads were stopped: 0,0001358 seconds, Stopping threads took: 0,0000671 seconds
2017-05-27T16:28:12.209+0200: 5,324: Total time for which application threads were stopped: 0,0000732 seconds, Stopping threads took: 0,0000202 seconds
2017-05-27T16:28:13.209+0200: 6,324: Total time for which application threads were stopped: 0,0000646 seconds, Stopping threads took: 0,0000185 seconds
2017-05-27T16:28:29.211+0200: 22,326: Total time for which application threads were stopped: 0,0000833 seconds, Stopping threads took: 0,0000203 seconds
2017-05-27T16:28:39.212+0200: 32,327: Total time for which application threads were stopped: 0,0000608 seconds, Stopping threads took: 0,0000165 seconds
2017-05-27T16:29:29.217+0200: 82,332: Total time for which application threads were stopped: 0,0001186 seconds, Stopping threads took: 0,0000415 seconds
2017-05-27T16:30:04.221+0200: 117,336: Total time for which application threads were stopped: 0,0000770 seconds, Stopping threads took: 0,0000334 seconds
2017-05-27T16:30:09.221+0200: 122,336: Total time for which application threads were stopped: 0,0000608 seconds, Stopping threads took: 0,0000160 seconds
{Heap before GC invocations=9 (full 1):
 par new generation   total 109248K, used 92920K [0x00000000e0000000, 0x00000000e8000000, 0x00000000e8000000)
  eden space 87424K, 100% used [0x00000000e0000000, 0x00000000e5560000, 0x00000000e5560000)
  from space 21824K,  25% used [0x00000000e6ab0000, 0x00000000e700e2c0, 0x00000000e8000000)
  to   space 21824K,   0% used [0x00000000e5560000, 0x00000000e5560000, 0x00000000e6ab0000)
 concurrent mark-sweep generation total 393216K, used 6044K [0x00000000e8000000, 0x0000000100000000, 0x0000000100000000)
 Metaspace       used 28049K, capacity 28580K, committed 28796K, reserved 1075200K
  class space    used 3213K, capacity 3389K, committed 3452K, reserved 1048576K
2017-05-27T16:31:03.003+0200: 176,118: [GC (Allocation Failure) 2017-05-27T16:31:03.003+0200: 176,118: [ParNew
Desired survivor size 20112992 bytes, new threshold 8 (max 8)
- age   1:   10780624 bytes,   10780624 total
- age   2:     179920 bytes,   10960544 total
- age   3:     210280 bytes,   11170824 total
- age   4:    1795952 bytes,   12966776 total
- age   5:      92984 bytes,   13059760 total
- age   6:         72 bytes,   13059832 total
- age   7:     110544 bytes,   13170376 total
- age   8:     189168 bytes,   13359544 total
: 92920K->13826K(109248K), 0,0231007 secs] 98964K->20696K(502464K), 0,0231814 secs] [Times: user=0,08 sys=0,00, real=0,02 secs] 
Heap after GC invocations=10 (full 1):
 par new generation   total 109248K, used 13826K [0x00000000e0000000, 0x00000000e8000000, 0x00000000e8000000)
  eden space 87424K,   0% used [0x00000000e0000000, 0x00000000e0000000, 0x00000000e5560000)
  from space 21824K,  63% used [0x00000000e5560000, 0x00000000e62e0810, 0x00000000e6ab0000)
  to   space 21824K,   0% used [0x00000000e6ab0000, 0x00000000e6ab0000, 0x00000000e8000000)
 concurrent mark-sweep generation total 393216K, used 6870K [0x00000000e8000000, 0x0000000100000000, 0x0000000100000000)
 Metaspace       used 28049K, capacity 28580K, committed 28796K, reserved 1075200K
  class space    used 3213K, capacity 3389K, committed 3452K, reserved 1048576K
}
2017-05-27T16:31:03.026+0200: 176,141: Total time for which application threads were stopped: 0,0233636 seconds, Stopping threads took: 0,0000445 seconds
2017-05-27T16:31:03.027+0200: 176,142: Total time for which application threads were stopped: 0,0000678 seconds, Stopping threads took: 0,0000241 seconds
2017-05-27T16:31:03.027+0200: 176,142: Total time for which application threads were stopped: 0,0000462 seconds, Stopping threads took: 0,0000156 seconds
2017-05-27T16:31:08.028+0200: 181,143: Total time for which application threads were stopped: 0,0000874 seconds, Stopping threads took: 0,0000223 seconds
2017-05-27T16:32:34.038+0200: 267,152: Total time for which application threads were stopped: 0,0000733 seconds, Stopping threads took: 0,0000294 seconds
2017-05-27T16:32:43.039+0200: 276,154: Total time for which application threads were stopped: 0,0001169 seconds, Stopping threads took: 0,0000280 seconds
2017-05-27T16:32:44.039+0200: 277,154: Total time for which application threads were stopped: 0,0000719 seconds, Stopping threads took: 0,0000198 seconds
2017-05-27T16:32:54.041+0200: 287,156: Total time for which application threads were stopped: 0,0001028 seconds, Stopping threads took: 0,0000399 seconds
2017-05-27T16:51:33.166+0200: 1406,281: Total time for which application threads were stopped: 0,0000892 seconds, Stopping threads took: 0,0000281 seconds
2017-05-27T16:55:23.190+0200: 1636,305: Total time for which application threads were stopped: 0,0000754 seconds, Stopping threads took: 0,0000295 seconds
2017-05-27T16:55:28.191+0200: 1641,306: Total time for which application threads were stopped: 0,0000881 seconds, Stopping threads took: 0,0000327 seconds
2017-05-27T17:00:39.225+0200: 1952,340: Total time for which application threads were stopped: 0,0004116 seconds, Stopping threads took: 0,0001535 seconds
2017-05-27T17:01:20.905+0200: 1994,020: Total time for which application threads were stopped: 0,0000768 seconds, Stopping threads took: 0,0000224 seconds
2017-05-27T17:01:20.906+0200: 1994,021: Total time for which application threads were stopped: 0,0000715 seconds, Stopping threads took: 0,0000179 seconds
2017-05-27T17:01:20.908+0200: 1994,023: Total time for which application threads were stopped: 0,0001020 seconds, Stopping threads took: 0,0000436 seconds
2017-05-27T17:01:20.910+0200: 1994,025: Total time for which application threads were stopped: 0,0000779 seconds, Stopping threads took: 0,0000271 seconds
2017-05-27T17:01:20.910+0200: 1994,025: Total time for which application threads were stopped: 0,0000401 seconds, Stopping threads took: 0,0000158 seconds
2017-05-27T17:01:20.910+0200: 1994,025: Total time for which application threads were stopped: 0,0000321 seconds, Stopping threads took: 0,0000115 seconds
2017-05-27T17:01:20.910+0200: 1994,025: Total time for which application threads were stopped: 0,0000321 seconds, Stopping threads took: 0,0000115 seconds
2017-05-27T17:01:20.910+0200: 1994,025: Total time for which application threads were stopped: 0,0000325 seconds, Stopping threads took: 0,0000118 seconds
2017-05-27T17:01:20.910+0200: 1994,025: Total time for which application threads were stopped: 0,0000364 seconds, Stopping threads took: 0,0000161 seconds
2017-05-27T17:01:20.914+0200: 1994,029: Total time for which application threads were stopped: 0,0000852 seconds, Stopping threads took: 0,0000190 seconds
2017-05-27T17:01:20.915+0200: 1994,030: Total time for which application threads were stopped: 0,0000593 seconds, Stopping threads took: 0,0000207 seconds
2017-05-27T17:01:20.915+0200: 1994,030: Total time for which application threads were stopped: 0,0000400 seconds, Stopping threads took: 0,0000084 seconds
2017-05-27T17:01:20.915+0200: 1994,030: Total time for which application threads were stopped: 0,0000384 seconds, Stopping threads took: 0,0000075 seconds
2017-05-27T17:01:20.920+0200: 1994,035: Total time for which application threads were stopped: 0,0056326 seconds, Stopping threads took: 0,0055569 seconds
2017-05-27T17:01:20.977+0200: 1994,092: Total time for which application threads were stopped: 0,0372669 seconds, Stopping threads took: 0,0371865 seconds
2017-05-27T17:01:20.996+0200: 1994,111: Total time for which application threads were stopped: 0,0182824 seconds, Stopping threads took: 0,0181963 seconds
2017-05-27T17:01:21.000+0200: 1994,115: Total time for which application threads were stopped: 0,0000848 seconds, Stopping threads took: 0,0000168 seconds
2017-05-27T17:01:21.003+0200: 1994,118: Total time for which application threads were stopped: 0,0001008 seconds, Stopping threads took: 0,0000200 seconds
2017-05-27T17:01:21.004+0200: 1994,119: Total time for which application threads were stopped: 0,0001084 seconds, Stopping threads took: 0,0000258 seconds
2017-05-27T17:01:21.008+0200: 1994,123: Total time for which application threads were stopped: 0,0000963 seconds, Stopping threads took: 0,0000240 seconds
2017-05-27T17:01:21.008+0200: 1994,123: Total time for which application threads were stopped: 0,0000603 seconds, Stopping threads took: 0,0000156 seconds
2017-05-27T17:01:21.009+0200: 1994,123: Total time for which application threads were stopped: 0,0000907 seconds, Stopping threads took: 0,0000254 seconds
2017-05-27T17:01:21.010+0200: 1994,125: Total time for which application threads were stopped: 0,0001446 seconds, Stopping threads took: 0,0000672 seconds
2017-05-27T17:01:21.011+0200: 1994,126: Total time for which application threads were stopped: 0,0007852 seconds, Stopping threads took: 0,0004814 seconds
2017-05-27T17:01:21.020+0200: 1994,135: Total time for which application threads were stopped: 0,0041523 seconds, Stopping threads took: 0,0040778 seconds
2017-05-27T17:01:21.023+0200: 1994,138: Total time for which application threads were stopped: 0,0000913 seconds, Stopping threads took: 0,0000228 seconds
2017-05-27T17:01:21.023+0200: 1994,138: Total time for which application threads were stopped: 0,0000496 seconds, Stopping threads took: 0,0000142 seconds
2017-05-27T17:01:21.023+0200: 1994,138: Total time for which application threads were stopped: 0,0000334 seconds, Stopping threads took: 0,0000051 seconds
2017-05-27T17:01:21.023+0200: 1994,138: Total time for which application threads were stopped: 0,0000417 seconds, Stopping threads took: 0,0000125 seconds
2017-05-27T17:01:21.024+0200: 1994,139: Total time for which application threads were stopped: 0,0000911 seconds, Stopping threads took: 0,0000287 seconds
2017-05-27T17:01:21.028+0200: 1994,143: Total time for which application threads were stopped: 0,0000891 seconds, Stopping threads took: 0,0000250 seconds
2017-05-27T17:01:21.029+0200: 1994,144: Total time for which application threads were stopped: 0,0000596 seconds, Stopping threads took: 0,0000170 seconds
2017-05-27T17:01:21.029+0200: 1994,144: Total time for which application threads were stopped: 0,0000444 seconds, Stopping threads took: 0,0000138 seconds
2017-05-27T17:01:21.035+0200: 1994,150: Total time for which application threads were stopped: 0,0009509 seconds, Stopping threads took: 0,0008868 seconds
2017-05-27T17:01:21.036+0200: 1994,150: Total time for which application threads were stopped: 0,0000678 seconds, Stopping threads took: 0,0000274 seconds
2017-05-27T17:01:21.036+0200: 1994,151: Total time for which application threads were stopped: 0,0001444 seconds, Stopping threads took: 0,0000991 seconds
2017-05-27T17:01:21.036+0200: 1994,151: Total time for which application threads were stopped: 0,0001962 seconds, Stopping threads took: 0,0001374 seconds
2017-05-27T17:01:21.037+0200: 1994,151: Total time for which application threads were stopped: 0,0000432 seconds, Stopping threads took: 0,0000066 seconds
2017-05-27T17:01:21.037+0200: 1994,152: Total time for which application threads were stopped: 0,0000392 seconds, Stopping threads took: 0,0000056 seconds
2017-05-27T17:01:21.037+0200: 1994,152: Total time for which application threads were stopped: 0,0001568 seconds, Stopping threads took: 0,0001053 seconds
2017-05-27T17:01:21.037+0200: 1994,152: Total time for which application threads were stopped: 0,0000413 seconds, Stopping threads took: 0,0000064 seconds
2017-05-27T17:01:21.037+0200: 1994,152: Total time for which application threads were stopped: 0,0001591 seconds, Stopping threads took: 0,0000048 seconds
2017-05-27T17:01:21.038+0200: 1994,153: Total time for which application threads were stopped: 0,0000750 seconds, Stopping threads took: 0,0000157 seconds
2017-05-27T17:01:21.042+0200: 1994,157: Total time for which application threads were stopped: 0,0001885 seconds, Stopping threads took: 0,0000319 seconds
2017-05-27T17:01:21.044+0200: 1994,159: Total time for which application threads were stopped: 0,0000790 seconds, Stopping threads took: 0,0000183 seconds
2017-05-27T17:01:21.045+0200: 1994,160: Total time for which application threads were stopped: 0,0002477 seconds, Stopping threads took: 0,0001553 seconds
Heap
 par new generation   total 109248K, used 33813K [0x00000000e0000000, 0x00000000e8000000, 0x00000000e8000000)
  eden space 87424K,  22% used [0x00000000e0000000, 0x00000000e1384dc8, 0x00000000e5560000)
  from space 21824K,  63% used [0x00000000e5560000, 0x00000000e62e0810, 0x00000000e6ab0000)
  to   space 21824K,   0% used [0x00000000e6ab0000, 0x00000000e6ab0000, 0x00000000e8000000)
 concurrent mark-sweep generation total 393216K, used 6870K [0x00000000e8000000, 0x0000000100000000, 0x0000000100000000)
 Metaspace       used 28161K, capacity 28748K, committed 29052K, reserved 1075200K
  class space    used 3227K, capacity 3423K, committed 3452K, reserved 1048576K
