OpenJDK 64-Bit Server VM (25.121-b13) for linux-amd64 JRE (1.8.0_121-8u121-b13-0ubuntu1.16.04.2-b13), built on Jan 23 2017 15:51:29 by "buildd" with gcc 5.4.0 20160609
Memory: 4k page, physical 7867764k(7495236k free), swap 8076284k(8076284k free)
CommandLine flags: -XX:CMSInitiatingOccupancyFraction=50 -XX:CMSMaxAbortablePrecleanTime=6000 -XX:+CMSParallelRemarkEnabled -XX:+CMSScavengeBeforeRemark -XX:ConcGCThreads=4 -XX:InitialHeapSize=536870912 -XX:MaxHeapSize=536870912 -XX:MaxTenuringThreshold=8 -XX:NewRatio=3 -XX:OldPLABSize=16 -XX:OnOutOfMemoryError=/opt/solr/bin/oom_solr.sh 8983 /var/solr/logs -XX:ParallelGCThreads=4 -XX:+ParallelRefProcEnabled -XX:PretenureSizeThreshold=67108864 -XX:+PrintGC -XX:+PrintGCApplicationStoppedTime -XX:+PrintGCDateStamps -XX:+PrintGCDetails -XX:+PrintGCTimeStamps -XX:+PrintHeapAtGC -XX:+PrintTenuringDistribution -XX:SurvivorRatio=4 -XX:TargetSurvivorRatio=90 -XX:ThreadStackSize=256 -XX:+UseCMSInitiatingOccupancyOnly -XX:+UseCompressedClassPointers -XX:+UseCompressedOops -XX:+UseConcMarkSweepGC -XX:+UseParNewGC 
2017-04-05T13:29:55.557+0200: 0,145: Total time for which application threads were stopped: 0,0000735 seconds, Stopping threads took: 0,0000103 seconds
2017-04-05T13:29:55.654+0200: 0,243: Total time for which application threads were stopped: 0,0001039 seconds, Stopping threads took: 0,0000212 seconds
2017-04-05T13:29:55.675+0200: 0,263: Total time for which application threads were stopped: 0,0000870 seconds, Stopping threads took: 0,0000117 seconds
2017-04-05T13:29:55.890+0200: 0,479: Total time for which application threads were stopped: 0,0002904 seconds, Stopping threads took: 0,0000497 seconds
2017-04-05T13:29:56.395+0200: 0,984: Total time for which application threads were stopped: 0,0001489 seconds, Stopping threads took: 0,0000150 seconds
2017-04-05T13:29:56.463+0200: 1,051: Total time for which application threads were stopped: 0,0001452 seconds, Stopping threads took: 0,0000172 seconds
2017-04-05T13:29:56.483+0200: 1,072: Total time for which application threads were stopped: 0,0002165 seconds, Stopping threads took: 0,0000301 seconds
2017-04-05T13:29:56.732+0200: 1,321: Total time for which application threads were stopped: 0,0001566 seconds, Stopping threads took: 0,0000149 seconds
2017-04-05T13:29:56.933+0200: 1,521: Total time for which application threads were stopped: 0,0001921 seconds, Stopping threads took: 0,0000244 seconds
2017-04-05T13:29:56.957+0200: 1,545: Total time for which application threads were stopped: 0,0002972 seconds, Stopping threads took: 0,0000229 seconds
2017-04-05T13:29:56.989+0200: 1,577: Total time for which application threads were stopped: 0,0001992 seconds, Stopping threads took: 0,0000231 seconds
2017-04-05T13:29:56.990+0200: 1,578: Total time for which application threads were stopped: 0,0001812 seconds, Stopping threads took: 0,0000141 seconds
2017-04-05T13:29:57.005+0200: 1,594: Total time for which application threads were stopped: 0,0001764 seconds, Stopping threads took: 0,0000185 seconds
2017-04-05T13:29:57.126+0200: 1,714: Total time for which application threads were stopped: 0,0002297 seconds, Stopping threads took: 0,0000274 seconds
2017-04-05T13:29:57.278+0200: 1,867: Total time for which application threads were stopped: 0,0004267 seconds, Stopping threads took: 0,0001980 seconds
{Heap before GC invocations=0 (full 0):
 par new generation   total 109248K, used 87424K [0x00000000e0000000, 0x00000000e8000000, 0x00000000e8000000)
  eden space 87424K, 100% used [0x00000000e0000000, 0x00000000e5560000, 0x00000000e5560000)
  from space 21824K,   0% used [0x00000000e5560000, 0x00000000e5560000, 0x00000000e6ab0000)
  to   space 21824K,   0% used [0x00000000e6ab0000, 0x00000000e6ab0000, 0x00000000e8000000)
 concurrent mark-sweep generation total 393216K, used 0K [0x00000000e8000000, 0x0000000100000000, 0x0000000100000000)
 Metaspace       used 18004K, capacity 18336K, committed 18688K, reserved 1064960K
  class space    used 2035K, capacity 2196K, committed 2304K, reserved 1048576K
2017-04-05T13:29:57.365+0200: 1,954: [GC (Allocation Failure) 2017-04-05T13:29:57.365+0200: 1,954: [ParNew
Desired survivor size 20112992 bytes, new threshold 8 (max 8)
- age   1:   12588576 bytes,   12588576 total
: 87424K->12412K(109248K), 0,0150434 secs] 87424K->12412K(502464K), 0,0151221 secs] [Times: user=0,04 sys=0,01, real=0,01 secs] 
Heap after GC invocations=1 (full 0):
 par new generation   total 109248K, used 12412K [0x00000000e0000000, 0x00000000e8000000, 0x00000000e8000000)
  eden space 87424K,   0% used [0x00000000e0000000, 0x00000000e0000000, 0x00000000e5560000)
  from space 21824K,  56% used [0x00000000e6ab0000, 0x00000000e76cf248, 0x00000000e8000000)
  to   space 21824K,   0% used [0x00000000e5560000, 0x00000000e5560000, 0x00000000e6ab0000)
 concurrent mark-sweep generation total 393216K, used 0K [0x00000000e8000000, 0x0000000100000000, 0x0000000100000000)
 Metaspace       used 18004K, capacity 18336K, committed 18688K, reserved 1064960K
  class space    used 2035K, capacity 2196K, committed 2304K, reserved 1048576K
}
2017-04-05T13:29:57.380+0200: 1,969: Total time for which application threads were stopped: 0,0156876 seconds, Stopping threads took: 0,0003789 seconds
2017-04-05T13:29:57.668+0200: 2,257: Total time for which application threads were stopped: 0,0003418 seconds, Stopping threads took: 0,0000636 seconds
2017-04-05T13:29:57.703+0200: 2,291: Total time for which application threads were stopped: 0,0011286 seconds, Stopping threads took: 0,0008481 seconds
{Heap before GC invocations=1 (full 0):
 par new generation   total 109248K, used 99836K [0x00000000e0000000, 0x00000000e8000000, 0x00000000e8000000)
  eden space 87424K, 100% used [0x00000000e0000000, 0x00000000e5560000, 0x00000000e5560000)
  from space 21824K,  56% used [0x00000000e6ab0000, 0x00000000e76cf248, 0x00000000e8000000)
  to   space 21824K,   0% used [0x00000000e5560000, 0x00000000e5560000, 0x00000000e6ab0000)
 concurrent mark-sweep generation total 393216K, used 0K [0x00000000e8000000, 0x0000000100000000, 0x0000000100000000)
 Metaspace       used 20054K, capacity 20368K, committed 20736K, reserved 1067008K
  class space    used 2297K, capacity 2470K, committed 2560K, reserved 1048576K
2017-04-05T13:29:57.707+0200: 2,295: [GC (Allocation Failure) 2017-04-05T13:29:57.707+0200: 2,295: [ParNew
Desired survivor size 20112992 bytes, new threshold 8 (max 8)
- age   1:    3820888 bytes,    3820888 total
- age   2:    6657064 bytes,   10477952 total
: 99836K->15745K(109248K), 0,0096857 secs] 99836K->15745K(502464K), 0,0097376 secs] [Times: user=0,03 sys=0,01, real=0,01 secs] 
Heap after GC invocations=2 (full 0):
 par new generation   total 109248K, used 15745K [0x00000000e0000000, 0x00000000e8000000, 0x00000000e8000000)
  eden space 87424K,   0% used [0x00000000e0000000, 0x00000000e0000000, 0x00000000e5560000)
  from space 21824K,  72% used [0x00000000e5560000, 0x00000000e64c0480, 0x00000000e6ab0000)
  to   space 21824K,   0% used [0x00000000e6ab0000, 0x00000000e6ab0000, 0x00000000e8000000)
 concurrent mark-sweep generation total 393216K, used 0K [0x00000000e8000000, 0x0000000100000000, 0x0000000100000000)
 Metaspace       used 20054K, capacity 20368K, committed 20736K, reserved 1067008K
  class space    used 2297K, capacity 2470K, committed 2560K, reserved 1048576K
}
2017-04-05T13:29:57.716+0200: 2,305: Total time for which application threads were stopped: 0,0133468 seconds, Stopping threads took: 0,0034921 seconds
2017-04-05T13:29:57.749+0200: 2,337: Total time for which application threads were stopped: 0,0004230 seconds, Stopping threads took: 0,0000779 seconds
2017-04-05T13:29:57.887+0200: 2,476: Total time for which application threads were stopped: 0,0001569 seconds, Stopping threads took: 0,0000478 seconds
{Heap before GC invocations=2 (full 0):
 par new generation   total 109248K, used 103153K [0x00000000e0000000, 0x00000000e8000000, 0x00000000e8000000)
  eden space 87424K,  99% used [0x00000000e0000000, 0x00000000e555c2b0, 0x00000000e5560000)
  from space 21824K,  72% used [0x00000000e5560000, 0x00000000e64c0480, 0x00000000e6ab0000)
  to   space 21824K,   0% used [0x00000000e6ab0000, 0x00000000e6ab0000, 0x00000000e8000000)
 concurrent mark-sweep generation total 393216K, used 0K [0x00000000e8000000, 0x0000000100000000, 0x0000000100000000)
 Metaspace       used 20987K, capacity 21354K, committed 21628K, reserved 1069056K
  class space    used 2418K, capacity 2589K, committed 2684K, reserved 1048576K
2017-04-05T13:29:57.927+0200: 2,515: [GC (Allocation Failure) 2017-04-05T13:29:57.927+0200: 2,515: [ParNew
Desired survivor size 20112992 bytes, new threshold 8 (max 8)
- age   1:    2102968 bytes,    2102968 total
- age   2:     861376 bytes,    2964344 total
- age   3:    6653920 bytes,    9618264 total
: 103153K->12447K(109248K), 0,0104853 secs] 103153K->12447K(502464K), 0,0105589 secs] [Times: user=0,03 sys=0,00, real=0,01 secs] 
Heap after GC invocations=3 (full 0):
 par new generation   total 109248K, used 12447K [0x00000000e0000000, 0x00000000e8000000, 0x00000000e8000000)
  eden space 87424K,   0% used [0x00000000e0000000, 0x00000000e0000000, 0x00000000e5560000)
  from space 21824K,  57% used [0x00000000e6ab0000, 0x00000000e76d7c68, 0x00000000e8000000)
  to   space 21824K,   0% used [0x00000000e5560000, 0x00000000e5560000, 0x00000000e6ab0000)
 concurrent mark-sweep generation total 393216K, used 0K [0x00000000e8000000, 0x0000000100000000, 0x0000000100000000)
 Metaspace       used 20987K, capacity 21354K, committed 21628K, reserved 1069056K
  class space    used 2418K, capacity 2589K, committed 2684K, reserved 1048576K
}
2017-04-05T13:29:57.937+0200: 2,526: Total time for which application threads were stopped: 0,0107223 seconds, Stopping threads took: 0,0000357 seconds
2017-04-05T13:29:57.937+0200: 2,526: [GC (CMS Initial Mark) [1 CMS-initial-mark: 0K(393216K)] 12479K(502464K), 0,0036617 secs] [Times: user=0,01 sys=0,00, real=0,00 secs] 
2017-04-05T13:29:57.941+0200: 2,530: Total time for which application threads were stopped: 0,0038011 seconds, Stopping threads took: 0,0000418 seconds
2017-04-05T13:29:57.941+0200: 2,530: [CMS-concurrent-mark-start]
2017-04-05T13:29:57.942+0200: 2,531: [CMS-concurrent-mark: 0,001/0,001 secs] [Times: user=0,00 sys=0,00, real=0,00 secs] 
2017-04-05T13:29:57.942+0200: 2,531: [CMS-concurrent-preclean-start]
2017-04-05T13:29:57.943+0200: 2,532: [CMS-concurrent-preclean: 0,001/0,001 secs] [Times: user=0,01 sys=0,00, real=0,01 secs] 
2017-04-05T13:29:57.943+0200: 2,532: [CMS-concurrent-abortable-preclean-start]
2017-04-05T13:29:58.015+0200: 2,604: Total time for which application threads were stopped: 0,0001553 seconds, Stopping threads took: 0,0000495 seconds
{Heap before GC invocations=3 (full 1):
 par new generation   total 109248K, used 99871K [0x00000000e0000000, 0x00000000e8000000, 0x00000000e8000000)
  eden space 87424K, 100% used [0x00000000e0000000, 0x00000000e5560000, 0x00000000e5560000)
  from space 21824K,  57% used [0x00000000e6ab0000, 0x00000000e76d7c68, 0x00000000e8000000)
  to   space 21824K,   0% used [0x00000000e5560000, 0x00000000e5560000, 0x00000000e6ab0000)
 concurrent mark-sweep generation total 393216K, used 0K [0x00000000e8000000, 0x0000000100000000, 0x0000000100000000)
 Metaspace       used 21263K, capacity 21636K, committed 21884K, reserved 1069056K
  class space    used 2449K, capacity 2605K, committed 2684K, reserved 1048576K
2017-04-05T13:29:58.055+0200: 2,643: [GC (Allocation Failure) 2017-04-05T13:29:58.055+0200: 2,643: [ParNew
Desired survivor size 20112992 bytes, new threshold 8 (max 8)
- age   1:     689776 bytes,     689776 total
- age   2:    1458072 bytes,    2147848 total
- age   3:     826128 bytes,    2973976 total
- age   4:    6653784 bytes,    9627760 total
: 99871K->11633K(109248K), 0,0103926 secs] 99871K->11633K(502464K), 0,0104500 secs] [Times: user=0,03 sys=0,00, real=0,01 secs] 
Heap after GC invocations=4 (full 1):
 par new generation   total 109248K, used 11633K [0x00000000e0000000, 0x00000000e8000000, 0x00000000e8000000)
  eden space 87424K,   0% used [0x00000000e0000000, 0x00000000e0000000, 0x00000000e5560000)
  from space 21824K,  53% used [0x00000000e5560000, 0x00000000e60bc7f0, 0x00000000e6ab0000)
  to   space 21824K,   0% used [0x00000000e6ab0000, 0x00000000e6ab0000, 0x00000000e8000000)
 concurrent mark-sweep generation total 393216K, used 0K [0x00000000e8000000, 0x0000000100000000, 0x0000000100000000)
 Metaspace       used 21263K, capacity 21636K, committed 21884K, reserved 1069056K
  class space    used 2449K, capacity 2605K, committed 2684K, reserved 1048576K
}
2017-04-05T13:29:58.065+0200: 2,654: Total time for which application threads were stopped: 0,0113317 seconds, Stopping threads took: 0,0007564 seconds
2017-04-05T13:29:58.065+0200: 2,654: [CMS-concurrent-abortable-preclean: 0,073/0,122 secs] [Times: user=0,46 sys=0,00, real=0,12 secs] 
2017-04-05T13:29:58.065+0200: 2,654: [GC (CMS Final Remark) [YG occupancy: 12937 K (109248 K)]{Heap before GC invocations=4 (full 1):
 par new generation   total 109248K, used 12937K [0x00000000e0000000, 0x00000000e8000000, 0x00000000e8000000)
  eden space 87424K,   1% used [0x00000000e0000000, 0x00000000e0145d90, 0x00000000e5560000)
  from space 21824K,  53% used [0x00000000e5560000, 0x00000000e60bc7f0, 0x00000000e6ab0000)
  to   space 21824K,   0% used [0x00000000e6ab0000, 0x00000000e6ab0000, 0x00000000e8000000)
 concurrent mark-sweep generation total 393216K, used 0K [0x00000000e8000000, 0x0000000100000000, 0x0000000100000000)
 Metaspace       used 21263K, capacity 21636K, committed 21884K, reserved 1069056K
  class space    used 2449K, capacity 2605K, committed 2684K, reserved 1048576K
2017-04-05T13:29:58.065+0200: 2,654: [GC (CMS Final Remark) 2017-04-05T13:29:58.065+0200: 2,654: [ParNew
Desired survivor size 20112992 bytes, new threshold 8 (max 8)
- age   1:      29024 bytes,      29024 total
- age   2:     689736 bytes,     718760 total
- age   3:    1458072 bytes,    2176832 total
- age   4:     826128 bytes,    3002960 total
- age   5:    6653504 bytes,    9656464 total
: 12937K->16429K(109248K), 0,0093580 secs] 12937K->16429K(502464K), 0,0093946 secs] [Times: user=0,03 sys=0,00, real=0,01 secs] 
Heap after GC invocations=5 (full 1):
 par new generation   total 109248K, used 16429K [0x00000000e0000000, 0x00000000e8000000, 0x00000000e8000000)
  eden space 87424K,   0% used [0x00000000e0000000, 0x00000000e0000000, 0x00000000e5560000)
  from space 21824K,  75% used [0x00000000e6ab0000, 0x00000000e7abb580, 0x00000000e8000000)
  to   space 21824K,   0% used [0x00000000e5560000, 0x00000000e5560000, 0x00000000e6ab0000)
 concurrent mark-sweep generation total 393216K, used 0K [0x00000000e8000000, 0x0000000100000000, 0x0000000100000000)
 Metaspace       used 21263K, capacity 21636K, committed 21884K, reserved 1069056K
  class space    used 2449K, capacity 2605K, committed 2684K, reserved 1048576K
}
2017-04-05T13:29:58.075+0200: 2,663: [Rescan (parallel) , 0,0032982 secs]2017-04-05T13:29:58.078+0200: 2,667: [weak refs processing, 0,0009898 secs]2017-04-05T13:29:58.079+0200: 2,668: [class unloading, 0,0028335 secs]2017-04-05T13:29:58.082+0200: 2,670: [scrub symbol table, 0,0028779 secs]2017-04-05T13:29:58.085+0200: 2,673: [scrub string table, 0,0003976 secs][1 CMS-remark: 0K(393216K)] 16429K(502464K), 0,0204609 secs] [Times: user=0,06 sys=0,00, real=0,02 secs] 
2017-04-05T13:29:58.086+0200: 2,674: Total time for which application threads were stopped: 0,0205798 seconds, Stopping threads took: 0,0000481 seconds
2017-04-05T13:29:58.086+0200: 2,674: [CMS-concurrent-sweep-start]
2017-04-05T13:29:58.086+0200: 2,674: [CMS-concurrent-sweep: 0,000/0,000 secs] [Times: user=0,00 sys=0,00, real=0,00 secs] 
2017-04-05T13:29:58.086+0200: 2,674: [CMS-concurrent-reset-start]
2017-04-05T13:29:58.088+0200: 2,677: [CMS-concurrent-reset: 0,002/0,002 secs] [Times: user=0,00 sys=0,00, real=0,00 secs] 
{Heap before GC invocations=5 (full 1):
 par new generation   total 109248K, used 103853K [0x00000000e0000000, 0x00000000e8000000, 0x00000000e8000000)
  eden space 87424K, 100% used [0x00000000e0000000, 0x00000000e5560000, 0x00000000e5560000)
  from space 21824K,  75% used [0x00000000e6ab0000, 0x00000000e7abb580, 0x00000000e8000000)
  to   space 21824K,   0% used [0x00000000e5560000, 0x00000000e5560000, 0x00000000e6ab0000)
 concurrent mark-sweep generation total 393216K, used 0K [0x00000000e8000000, 0x0000000100000000, 0x0000000100000000)
 Metaspace       used 21409K, capacity 21808K, committed 21884K, reserved 1069056K
  class space    used 2470K, capacity 2639K, committed 2684K, reserved 1048576K
2017-04-05T13:29:58.178+0200: 2,767: [GC (Allocation Failure) 2017-04-05T13:29:58.178+0200: 2,767: [ParNew
Desired survivor size 20112992 bytes, new threshold 8 (max 8)
- age   1:     770080 bytes,     770080 total
- age   3:     192528 bytes,     962608 total
- age   4:    1457488 bytes,    2420096 total
- age   5:     826016 bytes,    3246112 total
- age   6:    6653744 bytes,    9899856 total
: 103853K->13233K(109248K), 0,0108400 secs] 103853K->13233K(502464K), 0,0109104 secs] [Times: user=0,04 sys=0,00, real=0,01 secs] 
Heap after GC invocations=6 (full 1):
 par new generation   total 109248K, used 13233K [0x00000000e0000000, 0x00000000e8000000, 0x00000000e8000000)
  eden space 87424K,   0% used [0x00000000e0000000, 0x00000000e0000000, 0x00000000e5560000)
  from space 21824K,  60% used [0x00000000e5560000, 0x00000000e624c5e0, 0x00000000e6ab0000)
  to   space 21824K,   0% used [0x00000000e6ab0000, 0x00000000e6ab0000, 0x00000000e8000000)
 concurrent mark-sweep generation total 393216K, used 0K [0x00000000e8000000, 0x0000000100000000, 0x0000000100000000)
 Metaspace       used 21409K, capacity 21808K, committed 21884K, reserved 1069056K
  class space    used 2470K, capacity 2639K, committed 2684K, reserved 1048576K
}
2017-04-05T13:29:58.189+0200: 2,778: Total time for which application threads were stopped: 0,0133640 seconds, Stopping threads took: 0,0023195 seconds
2017-04-05T13:29:58.219+0200: 2,807: Total time for which application threads were stopped: 0,0003023 seconds, Stopping threads took: 0,0000277 seconds
2017-04-05T13:29:58.416+0200: 3,005: Total time for which application threads were stopped: 0,0005295 seconds, Stopping threads took: 0,0000614 seconds
2017-04-05T13:29:58.434+0200: 3,023: Total time for which application threads were stopped: 0,0004883 seconds, Stopping threads took: 0,0000724 seconds
{Heap before GC invocations=6 (full 1):
 par new generation   total 109248K, used 100657K [0x00000000e0000000, 0x00000000e8000000, 0x00000000e8000000)
  eden space 87424K, 100% used [0x00000000e0000000, 0x00000000e5560000, 0x00000000e5560000)
  from space 21824K,  60% used [0x00000000e5560000, 0x00000000e624c5e0, 0x00000000e6ab0000)
  to   space 21824K,   0% used [0x00000000e6ab0000, 0x00000000e6ab0000, 0x00000000e8000000)
 concurrent mark-sweep generation total 393216K, used 0K [0x00000000e8000000, 0x0000000100000000, 0x0000000100000000)
 Metaspace       used 23806K, capacity 24242K, committed 24572K, reserved 1071104K
  class space    used 2801K, capacity 2982K, committed 3068K, reserved 1048576K
2017-04-05T13:29:58.588+0200: 3,177: [GC (Allocation Failure) 2017-04-05T13:29:58.588+0200: 3,177: [ParNew
Desired survivor size 20112992 bytes, new threshold 8 (max 8)
- age   1:    5145936 bytes,    5145936 total
- age   2:     128064 bytes,    5274000 total
- age   4:     191376 bytes,    5465376 total
- age   5:     280328 bytes,    5745704 total
- age   6:     801688 bytes,    6547392 total
- age   7:    6645096 bytes,   13192488 total
: 100657K->15366K(109248K), 0,0122454 secs] 100657K->15366K(502464K), 0,0123223 secs] [Times: user=0,04 sys=0,00, real=0,01 secs] 
Heap after GC invocations=7 (full 1):
 par new generation   total 109248K, used 15366K [0x00000000e0000000, 0x00000000e8000000, 0x00000000e8000000)
  eden space 87424K,   0% used [0x00000000e0000000, 0x00000000e0000000, 0x00000000e5560000)
  from space 21824K,  70% used [0x00000000e6ab0000, 0x00000000e79b18d0, 0x00000000e8000000)
  to   space 21824K,   0% used [0x00000000e5560000, 0x00000000e5560000, 0x00000000e6ab0000)
 concurrent mark-sweep generation total 393216K, used 0K [0x00000000e8000000, 0x0000000100000000, 0x0000000100000000)
 Metaspace       used 23806K, capacity 24242K, committed 24572K, reserved 1071104K
  class space    used 2801K, capacity 2982K, committed 3068K, reserved 1048576K
}
2017-04-05T13:29:58.601+0200: 3,189: Total time for which application threads were stopped: 0,0130206 seconds, Stopping threads took: 0,0004598 seconds
{Heap before GC invocations=7 (full 1):
 par new generation   total 109248K, used 102790K [0x00000000e0000000, 0x00000000e8000000, 0x00000000e8000000)
  eden space 87424K, 100% used [0x00000000e0000000, 0x00000000e5560000, 0x00000000e5560000)
  from space 21824K,  70% used [0x00000000e6ab0000, 0x00000000e79b18d0, 0x00000000e8000000)
  to   space 21824K,   0% used [0x00000000e5560000, 0x00000000e5560000, 0x00000000e6ab0000)
 concurrent mark-sweep generation total 393216K, used 0K [0x00000000e8000000, 0x0000000100000000, 0x0000000100000000)
 Metaspace       used 24450K, capacity 24952K, committed 25084K, reserved 1071104K
  class space    used 2864K, capacity 3047K, committed 3068K, reserved 1048576K
2017-04-05T13:29:58.705+0200: 3,294: [GC (Allocation Failure) 2017-04-05T13:29:58.705+0200: 3,294: [ParNew
Desired survivor size 20112992 bytes, new threshold 8 (max 8)
- age   1:    1842312 bytes,    1842312 total
- age   2:    1819568 bytes,    3661880 total
- age   3:      75328 bytes,    3737208 total
- age   5:     107704 bytes,    3844912 total
- age   6:     180088 bytes,    4025000 total
- age   7:     758664 bytes,    4783664 total
- age   8:    6111848 bytes,   10895512 total
: 102790K->18977K(109248K), 0,0133621 secs] 102790K->18977K(502464K), 0,0134900 secs] [Times: user=0,04 sys=0,01, real=0,01 secs] 
Heap after GC invocations=8 (full 1):
 par new generation   total 109248K, used 18977K [0x00000000e0000000, 0x00000000e8000000, 0x00000000e8000000)
  eden space 87424K,   0% used [0x00000000e0000000, 0x00000000e0000000, 0x00000000e5560000)
  from space 21824K,  86% used [0x00000000e5560000, 0x00000000e67e8780, 0x00000000e6ab0000)
  to   space 21824K,   0% used [0x00000000e6ab0000, 0x00000000e6ab0000, 0x00000000e8000000)
 concurrent mark-sweep generation total 393216K, used 0K [0x00000000e8000000, 0x0000000100000000, 0x0000000100000000)
 Metaspace       used 24450K, capacity 24952K, committed 25084K, reserved 1071104K
  class space    used 2864K, capacity 3047K, committed 3068K, reserved 1048576K
}
2017-04-05T13:29:58.719+0200: 3,307: Total time for which application threads were stopped: 0,0137776 seconds, Stopping threads took: 0,0000753 seconds
{Heap before GC invocations=8 (full 1):
 par new generation   total 109248K, used 106401K [0x00000000e0000000, 0x00000000e8000000, 0x00000000e8000000)
  eden space 87424K, 100% used [0x00000000e0000000, 0x00000000e5560000, 0x00000000e5560000)
  from space 21824K,  86% used [0x00000000e5560000, 0x00000000e67e8780, 0x00000000e6ab0000)
  to   space 21824K,   0% used [0x00000000e6ab0000, 0x00000000e6ab0000, 0x00000000e8000000)
 concurrent mark-sweep generation total 393216K, used 0K [0x00000000e8000000, 0x0000000100000000, 0x0000000100000000)
 Metaspace       used 24773K, capacity 25266K, committed 25468K, reserved 1071104K
  class space    used 2895K, capacity 3084K, committed 3196K, reserved 1048576K
2017-04-05T13:29:58.801+0200: 3,390: [GC (Allocation Failure) 2017-04-05T13:29:58.801+0200: 3,390: [ParNew
Desired survivor size 20112992 bytes, new threshold 8 (max 8)
- age   1:     784160 bytes,     784160 total
- age   2:    1020352 bytes,    1804512 total
- age   3:    1819544 bytes,    3624056 total
- age   4:      75328 bytes,    3699384 total
- age   6:     107600 bytes,    3806984 total
- age   7:     180088 bytes,    3987072 total
- age   8:     758664 bytes,    4745736 total
: 106401K->6713K(109248K), 0,0314223 secs] 106401K->12765K(502464K), 0,0314918 secs] [Times: user=0,10 sys=0,00, real=0,03 secs] 
Heap after GC invocations=9 (full 1):
 par new generation   total 109248K, used 6713K [0x00000000e0000000, 0x00000000e8000000, 0x00000000e8000000)
  eden space 87424K,   0% used [0x00000000e0000000, 0x00000000e0000000, 0x00000000e5560000)
  from space 21824K,  30% used [0x00000000e6ab0000, 0x00000000e713e7c8, 0x00000000e8000000)
  to   space 21824K,   0% used [0x00000000e5560000, 0x00000000e5560000, 0x00000000e6ab0000)
 concurrent mark-sweep generation total 393216K, used 6051K [0x00000000e8000000, 0x0000000100000000, 0x0000000100000000)
 Metaspace       used 24773K, capacity 25266K, committed 25468K, reserved 1071104K
  class space    used 2895K, capacity 3084K, committed 3196K, reserved 1048576K
}
2017-04-05T13:29:58.833+0200: 3,421: Total time for which application threads were stopped: 0,0321859 seconds, Stopping threads took: 0,0005362 seconds
2017-04-05T13:29:59.146+0200: 3,735: Total time for which application threads were stopped: 0,0004384 seconds, Stopping threads took: 0,0000222 seconds
2017-04-05T13:29:59.159+0200: 3,748: Total time for which application threads were stopped: 0,0004038 seconds, Stopping threads took: 0,0000232 seconds
2017-04-05T13:29:59.211+0200: 3,799: Total time for which application threads were stopped: 0,0004196 seconds, Stopping threads took: 0,0000385 seconds
2017-04-05T13:29:59.332+0200: 3,921: Total time for which application threads were stopped: 0,0009454 seconds, Stopping threads took: 0,0005268 seconds
2017-04-05T13:29:59.464+0200: 4,053: Total time for which application threads were stopped: 0,0004114 seconds, Stopping threads took: 0,0000274 seconds
2017-04-05T13:30:27.468+0200: 32,057: Total time for which application threads were stopped: 0,0005791 seconds, Stopping threads took: 0,0001683 seconds
2017-04-05T13:35:44.094+0200: 87,558: Total time for which application threads were stopped: 0,0001204 seconds, Stopping threads took: 0,0000458 seconds
2017-04-05T13:36:18.941+0200: 121,562: Total time for which application threads were stopped: 0,0001192 seconds, Stopping threads took: 0,0000481 seconds
2017-04-05T13:36:24.942+0200: 127,563: Total time for which application threads were stopped: 0,0000675 seconds, Stopping threads took: 0,0000160 seconds
{Heap before GC invocations=9 (full 1):
 par new generation   total 109248K, used 94137K [0x00000000e0000000, 0x00000000e8000000, 0x00000000e8000000)
  eden space 87424K, 100% used [0x00000000e0000000, 0x00000000e5560000, 0x00000000e5560000)
  from space 21824K,  30% used [0x00000000e6ab0000, 0x00000000e713e7c8, 0x00000000e8000000)
  to   space 21824K,   0% used [0x00000000e5560000, 0x00000000e5560000, 0x00000000e6ab0000)
 concurrent mark-sweep generation total 393216K, used 6051K [0x00000000e8000000, 0x0000000100000000, 0x0000000100000000)
 Metaspace       used 28020K, capacity 28568K, committed 28796K, reserved 1075200K
  class space    used 3214K, capacity 3391K, committed 3452K, reserved 1048576K
2017-04-05T13:37:13.940+0200: 176,560: [GC (Allocation Failure) 2017-04-05T13:37:13.940+0200: 176,561: [ParNew
Desired survivor size 20112992 bytes, new threshold 8 (max 8)
- age   1:   11220192 bytes,   11220192 total
- age   2:     183896 bytes,   11404088 total
- age   3:     233376 bytes,   11637464 total
- age   4:    1813352 bytes,   13450816 total
- age   5:      75296 bytes,   13526112 total
- age   7:     104896 bytes,   13631008 total
- age   8:     179432 bytes,   13810440 total
: 94137K->14499K(109248K), 0,0205722 secs] 100189K->21386K(502464K), 0,0206949 secs] [Times: user=0,07 sys=0,00, real=0,02 secs] 
Heap after GC invocations=10 (full 1):
 par new generation   total 109248K, used 14499K [0x00000000e0000000, 0x00000000e8000000, 0x00000000e8000000)
  eden space 87424K,   0% used [0x00000000e0000000, 0x00000000e0000000, 0x00000000e5560000)
  from space 21824K,  66% used [0x00000000e5560000, 0x00000000e6388c10, 0x00000000e6ab0000)
  to   space 21824K,   0% used [0x00000000e6ab0000, 0x00000000e6ab0000, 0x00000000e8000000)
 concurrent mark-sweep generation total 393216K, used 6887K [0x00000000e8000000, 0x0000000100000000, 0x0000000100000000)
 Metaspace       used 28020K, capacity 28568K, committed 28796K, reserved 1075200K
  class space    used 3214K, capacity 3391K, committed 3452K, reserved 1048576K
}
2017-04-05T13:37:13.961+0200: 176,581: Total time for which application threads were stopped: 0,0209984 seconds, Stopping threads took: 0,0000748 seconds
2017-04-05T13:37:18.961+0200: 181,582: Total time for which application threads were stopped: 0,0001357 seconds, Stopping threads took: 0,0000307 seconds
2017-04-05T13:38:38.971+0200: 261,592: Total time for which application threads were stopped: 0,0000808 seconds, Stopping threads took: 0,0000289 seconds
2017-04-05T13:38:44.972+0200: 267,592: Total time for which application threads were stopped: 0,0000691 seconds, Stopping threads took: 0,0000160 seconds
2017-04-05T13:38:48.972+0200: 271,593: Total time for which application threads were stopped: 0,0001133 seconds, Stopping threads took: 0,0000297 seconds
2017-04-05T13:38:49.973+0200: 272,593: Total time for which application threads were stopped: 0,0000728 seconds, Stopping threads took: 0,0000156 seconds
2017-04-05T13:38:53.973+0200: 276,594: Total time for which application threads were stopped: 0,0000769 seconds, Stopping threads took: 0,0000190 seconds
2017-04-05T13:38:54.974+0200: 277,594: Total time for which application threads were stopped: 0,0004779 seconds, Stopping threads took: 0,0001245 seconds
2017-04-05T13:39:03.975+0200: 286,595: Total time for which application threads were stopped: 0,0000675 seconds, Stopping threads took: 0,0000160 seconds
2017-04-05T13:39:04.975+0200: 287,596: Total time for which application threads were stopped: 0,0000802 seconds, Stopping threads took: 0,0000183 seconds
2017-04-05T13:39:39.980+0200: 322,600: Total time for which application threads were stopped: 0,0001945 seconds, Stopping threads took: 0,0000669 seconds
2017-04-05T13:41:13.991+0200: 416,611: Total time for which application threads were stopped: 0,0001285 seconds, Stopping threads took: 0,0000361 seconds
2017-04-05T15:10:06.152+0200: 1412,300: Total time for which application threads were stopped: 0,0000931 seconds, Stopping threads took: 0,0000300 seconds
2017-04-05T15:13:48.467+0200: 1634,615: Total time for which application threads were stopped: 0,0085688 seconds, Stopping threads took: 0,0084275 seconds
2017-04-05T15:13:48.470+0200: 1634,618: Total time for which application threads were stopped: 0,0001382 seconds, Stopping threads took: 0,0000364 seconds
Heap
 par new generation   total 109248K, used 36482K [0x00000000e0000000, 0x00000000e8000000, 0x00000000e8000000)
  eden space 87424K,  25% used [0x00000000e0000000, 0x00000000e1577d78, 0x00000000e5560000)
  from space 21824K,  66% used [0x00000000e5560000, 0x00000000e6388c10, 0x00000000e6ab0000)
  to   space 21824K,   0% used [0x00000000e6ab0000, 0x00000000e6ab0000, 0x00000000e8000000)
 concurrent mark-sweep generation total 393216K, used 6887K [0x00000000e8000000, 0x0000000100000000, 0x0000000100000000)
 Metaspace       used 28138K, capacity 28736K, committed 29052K, reserved 1075200K
  class space    used 3228K, capacity 3425K, committed 3452K, reserved 1048576K
