OpenJDK 64-Bit Server VM (25.131-b11) for linux-amd64 JRE (1.8.0_131-8u131-b11-2ubuntu1.16.04.3-b11), built on Jul 28 2017 01:23:32 by "buildd" with gcc 5.4.0 20160609
Memory: 4k page, physical 7867732k(7475704k free), swap 8076284k(8076284k free)
CommandLine flags: -XX:CMSInitiatingOccupancyFraction=50 -XX:CMSMaxAbortablePrecleanTime=6000 -XX:+CMSParallelRemarkEnabled -XX:+CMSScavengeBeforeRemark -XX:ConcGCThreads=4 -XX:InitialHeapSize=536870912 -XX:MaxHeapSize=536870912 -XX:MaxTenuringThreshold=8 -XX:NewRatio=3 -XX:OldPLABSize=16 -XX:OnOutOfMemoryError=/opt/solr/bin/oom_solr.sh 8983 /var/solr/logs -XX:ParallelGCThreads=4 -XX:+ParallelRefProcEnabled -XX:PretenureSizeThreshold=67108864 -XX:+PrintGC -XX:+PrintGCApplicationStoppedTime -XX:+PrintGCDateStamps -XX:+PrintGCDetails -XX:+PrintGCTimeStamps -XX:+PrintHeapAtGC -XX:+PrintTenuringDistribution -XX:SurvivorRatio=4 -XX:TargetSurvivorRatio=90 -XX:ThreadStackSize=256 -XX:+UseCMSInitiatingOccupancyOnly -XX:+UseCompressedClassPointers -XX:+UseCompressedOops -XX:+UseConcMarkSweepGC -XX:+UseParNewGC 
2017-08-17T18:12:12.477+0200: 0,183: Total time for which application threads were stopped: 0,0000690 seconds, Stopping threads took: 0,0000101 seconds
2017-08-17T18:12:12.588+0200: 0,293: Total time for which application threads were stopped: 0,0001369 seconds, Stopping threads took: 0,0000288 seconds
2017-08-17T18:12:12.607+0200: 0,312: Total time for which application threads were stopped: 0,0000888 seconds, Stopping threads took: 0,0000140 seconds
2017-08-17T18:12:12.924+0200: 0,629: Total time for which application threads were stopped: 0,0001375 seconds, Stopping threads took: 0,0000168 seconds
2017-08-17T18:12:13.350+0200: 1,056: Total time for which application threads were stopped: 0,0001596 seconds, Stopping threads took: 0,0000141 seconds
2017-08-17T18:12:13.525+0200: 1,230: Total time for which application threads were stopped: 0,0001885 seconds, Stopping threads took: 0,0000211 seconds
2017-08-17T18:12:13.547+0200: 1,253: Total time for which application threads were stopped: 0,0001750 seconds, Stopping threads took: 0,0000251 seconds
2017-08-17T18:12:13.946+0200: 1,651: Total time for which application threads were stopped: 0,0001531 seconds, Stopping threads took: 0,0000146 seconds
2017-08-17T18:12:14.205+0200: 1,910: Total time for which application threads were stopped: 0,0003979 seconds, Stopping threads took: 0,0000881 seconds
2017-08-17T18:12:14.231+0200: 1,937: Total time for which application threads were stopped: 0,0001862 seconds, Stopping threads took: 0,0000374 seconds
2017-08-17T18:12:14.276+0200: 1,981: Total time for which application threads were stopped: 0,0010617 seconds, Stopping threads took: 0,0001066 seconds
2017-08-17T18:12:14.277+0200: 1,983: Total time for which application threads were stopped: 0,0002162 seconds, Stopping threads took: 0,0000184 seconds
2017-08-17T18:12:14.300+0200: 2,005: Total time for which application threads were stopped: 0,0001789 seconds, Stopping threads took: 0,0000255 seconds
2017-08-17T18:12:14.387+0200: 2,092: Total time for which application threads were stopped: 0,0002515 seconds, Stopping threads took: 0,0000287 seconds
{Heap before GC invocations=0 (full 0):
 par new generation   total 109248K, used 87424K [0x00000000e0000000, 0x00000000e8000000, 0x00000000e8000000)
  eden space 87424K, 100% used [0x00000000e0000000, 0x00000000e5560000, 0x00000000e5560000)
  from space 21824K,   0% used [0x00000000e5560000, 0x00000000e5560000, 0x00000000e6ab0000)
  to   space 21824K,   0% used [0x00000000e6ab0000, 0x00000000e6ab0000, 0x00000000e8000000)
 concurrent mark-sweep generation total 393216K, used 0K [0x00000000e8000000, 0x0000000100000000, 0x0000000100000000)
 Metaspace       used 17288K, capacity 17626K, committed 17792K, reserved 1064960K
  class space    used 1968K, capacity 2131K, committed 2176K, reserved 1048576K
2017-08-17T18:12:14.552+0200: 2,258: [GC (Allocation Failure) 2017-08-17T18:12:14.552+0200: 2,258: [ParNew
Desired survivor size 20112992 bytes, new threshold 8 (max 8)
- age   1:   10676504 bytes,   10676504 total
: 87424K->10534K(109248K), 0,0137123 secs] 87424K->10534K(502464K), 0,0138045 secs] [Times: user=0,02 sys=0,04, real=0,02 secs] 
Heap after GC invocations=1 (full 0):
 par new generation   total 109248K, used 10534K [0x00000000e0000000, 0x00000000e8000000, 0x00000000e8000000)
  eden space 87424K,   0% used [0x00000000e0000000, 0x00000000e0000000, 0x00000000e5560000)
  from space 21824K,  48% used [0x00000000e6ab0000, 0x00000000e74f9a88, 0x00000000e8000000)
  to   space 21824K,   0% used [0x00000000e5560000, 0x00000000e5560000, 0x00000000e6ab0000)
 concurrent mark-sweep generation total 393216K, used 0K [0x00000000e8000000, 0x0000000100000000, 0x0000000100000000)
 Metaspace       used 17288K, capacity 17626K, committed 17792K, reserved 1064960K
  class space    used 1968K, capacity 2131K, committed 2176K, reserved 1048576K
}
2017-08-17T18:12:14.566+0200: 2,272: Total time for which application threads were stopped: 0,0140030 seconds, Stopping threads took: 0,0000685 seconds
2017-08-17T18:12:14.573+0200: 2,279: Total time for which application threads were stopped: 0,0002954 seconds, Stopping threads took: 0,0000685 seconds
2017-08-17T18:12:15.042+0200: 2,747: Total time for which application threads were stopped: 0,0003335 seconds, Stopping threads took: 0,0000284 seconds
{Heap before GC invocations=1 (full 0):
 par new generation   total 109248K, used 97958K [0x00000000e0000000, 0x00000000e8000000, 0x00000000e8000000)
  eden space 87424K, 100% used [0x00000000e0000000, 0x00000000e5560000, 0x00000000e5560000)
  from space 21824K,  48% used [0x00000000e6ab0000, 0x00000000e74f9a88, 0x00000000e8000000)
  to   space 21824K,   0% used [0x00000000e5560000, 0x00000000e5560000, 0x00000000e6ab0000)
 concurrent mark-sweep generation total 393216K, used 0K [0x00000000e8000000, 0x0000000100000000, 0x0000000100000000)
 Metaspace       used 20042K, capacity 20372K, committed 20736K, reserved 1067008K
  class space    used 2296K, capacity 2472K, committed 2560K, reserved 1048576K
2017-08-17T18:12:15.065+0200: 2,771: [GC (Allocation Failure) 2017-08-17T18:12:15.065+0200: 2,771: [ParNew
Desired survivor size 20112992 bytes, new threshold 8 (max 8)
- age   1:    5129696 bytes,    5129696 total
- age   2:    5525720 bytes,   10655416 total
: 97958K->11864K(109248K), 0,0099463 secs] 97958K->11864K(502464K), 0,0100203 secs] [Times: user=0,03 sys=0,00, real=0,00 secs] 
Heap after GC invocations=2 (full 0):
 par new generation   total 109248K, used 11864K [0x00000000e0000000, 0x00000000e8000000, 0x00000000e8000000)
  eden space 87424K,   0% used [0x00000000e0000000, 0x00000000e0000000, 0x00000000e5560000)
  from space 21824K,  54% used [0x00000000e5560000, 0x00000000e60f6160, 0x00000000e6ab0000)
  to   space 21824K,   0% used [0x00000000e6ab0000, 0x00000000e6ab0000, 0x00000000e8000000)
 concurrent mark-sweep generation total 393216K, used 0K [0x00000000e8000000, 0x0000000100000000, 0x0000000100000000)
 Metaspace       used 20042K, capacity 20372K, committed 20736K, reserved 1067008K
  class space    used 2296K, capacity 2472K, committed 2560K, reserved 1048576K
}
2017-08-17T18:12:15.075+0200: 2,781: Total time for which application threads were stopped: 0,0102738 seconds, Stopping threads took: 0,0000922 seconds
2017-08-17T18:12:15.093+0200: 2,799: Total time for which application threads were stopped: 0,0047439 seconds, Stopping threads took: 0,0044701 seconds
2017-08-17T18:12:15.129+0200: 2,834: Total time for which application threads were stopped: 0,0019591 seconds, Stopping threads took: 0,0017057 seconds
2017-08-17T18:12:15.240+0200: 2,946: Total time for which application threads were stopped: 0,0002016 seconds, Stopping threads took: 0,0000807 seconds
{Heap before GC invocations=2 (full 0):
 par new generation   total 109248K, used 99288K [0x00000000e0000000, 0x00000000e8000000, 0x00000000e8000000)
  eden space 87424K, 100% used [0x00000000e0000000, 0x00000000e5560000, 0x00000000e5560000)
  from space 21824K,  54% used [0x00000000e5560000, 0x00000000e60f6160, 0x00000000e6ab0000)
  to   space 21824K,   0% used [0x00000000e6ab0000, 0x00000000e6ab0000, 0x00000000e8000000)
 concurrent mark-sweep generation total 393216K, used 0K [0x00000000e8000000, 0x0000000100000000, 0x0000000100000000)
 Metaspace       used 20954K, capacity 21294K, committed 21628K, reserved 1069056K
  class space    used 2417K, capacity 2591K, committed 2684K, reserved 1048576K
2017-08-17T18:12:15.265+0200: 2,970: [GC (Allocation Failure) 2017-08-17T18:12:15.265+0200: 2,970: [ParNew
Desired survivor size 20112992 bytes, new threshold 8 (max 8)
- age   1:    2267872 bytes,    2267872 total
- age   2:    1960472 bytes,    4228344 total
- age   3:    5523768 bytes,    9752112 total
: 99288K->14248K(109248K), 0,0092296 secs] 99288K->14248K(502464K), 0,0092994 secs] [Times: user=0,03 sys=0,01, real=0,01 secs] 
Heap after GC invocations=3 (full 0):
 par new generation   total 109248K, used 14248K [0x00000000e0000000, 0x00000000e8000000, 0x00000000e8000000)
  eden space 87424K,   0% used [0x00000000e0000000, 0x00000000e0000000, 0x00000000e5560000)
  from space 21824K,  65% used [0x00000000e6ab0000, 0x00000000e789a260, 0x00000000e8000000)
  to   space 21824K,   0% used [0x00000000e5560000, 0x00000000e5560000, 0x00000000e6ab0000)
 concurrent mark-sweep generation total 393216K, used 0K [0x00000000e8000000, 0x0000000100000000, 0x0000000100000000)
 Metaspace       used 20954K, capacity 21294K, committed 21628K, reserved 1069056K
  class space    used 2417K, capacity 2591K, committed 2684K, reserved 1048576K
}
2017-08-17T18:12:15.274+0200: 2,980: Total time for which application threads were stopped: 0,0102960 seconds, Stopping threads took: 0,0008810 seconds
2017-08-17T18:12:15.277+0200: 2,983: [GC (CMS Initial Mark) [1 CMS-initial-mark: 0K(393216K)] 15707K(502464K), 0,0033703 secs] [Times: user=0,01 sys=0,00, real=0,00 secs] 
2017-08-17T18:12:15.280+0200: 2,986: Total time for which application threads were stopped: 0,0062524 seconds, Stopping threads took: 0,0027896 seconds
2017-08-17T18:12:15.281+0200: 2,986: [CMS-concurrent-mark-start]
2017-08-17T18:12:15.281+0200: 2,987: [CMS-concurrent-mark: 0,001/0,001 secs] [Times: user=0,00 sys=0,00, real=0,00 secs] 
2017-08-17T18:12:15.281+0200: 2,987: [CMS-concurrent-preclean-start]
2017-08-17T18:12:15.283+0200: 2,988: [CMS-concurrent-preclean: 0,001/0,001 secs] [Times: user=0,00 sys=0,00, real=0,00 secs] 
2017-08-17T18:12:15.283+0200: 2,988: [CMS-concurrent-abortable-preclean-start]
2017-08-17T18:12:15.352+0200: 3,058: Total time for which application threads were stopped: 0,0001947 seconds, Stopping threads took: 0,0000727 seconds
{Heap before GC invocations=3 (full 1):
 par new generation   total 109248K, used 101672K [0x00000000e0000000, 0x00000000e8000000, 0x00000000e8000000)
  eden space 87424K, 100% used [0x00000000e0000000, 0x00000000e5560000, 0x00000000e5560000)
  from space 21824K,  65% used [0x00000000e6ab0000, 0x00000000e789a260, 0x00000000e8000000)
  to   space 21824K,   0% used [0x00000000e5560000, 0x00000000e5560000, 0x00000000e6ab0000)
 concurrent mark-sweep generation total 393216K, used 0K [0x00000000e8000000, 0x0000000100000000, 0x0000000100000000)
 Metaspace       used 21248K, capacity 21634K, committed 21884K, reserved 1069056K
  class space    used 2448K, capacity 2606K, committed 2684K, reserved 1048576K
2017-08-17T18:12:15.396+0200: 3,101: [GC (Allocation Failure) 2017-08-17T18:12:15.396+0200: 3,101: [ParNew
Desired survivor size 20112992 bytes, new threshold 8 (max 8)
- age   1:    1020448 bytes,    1020448 total
- age   2:    1505192 bytes,    2525640 total
- age   3:    1925696 bytes,    4451336 total
- age   4:    5523616 bytes,    9974952 total
: 101672K->13378K(109248K), 0,0174487 secs] 101672K->13378K(502464K), 0,0175077 secs] [Times: user=0,07 sys=0,00, real=0,02 secs] 
Heap after GC invocations=4 (full 1):
 par new generation   total 109248K, used 13378K [0x00000000e0000000, 0x00000000e8000000, 0x00000000e8000000)
  eden space 87424K,   0% used [0x00000000e0000000, 0x00000000e0000000, 0x00000000e5560000)
  from space 21824K,  61% used [0x00000000e5560000, 0x00000000e6270a48, 0x00000000e6ab0000)
  to   space 21824K,   0% used [0x00000000e6ab0000, 0x00000000e6ab0000, 0x00000000e8000000)
 concurrent mark-sweep generation total 393216K, used 0K [0x00000000e8000000, 0x0000000100000000, 0x0000000100000000)
 Metaspace       used 21248K, capacity 21634K, committed 21884K, reserved 1069056K
  class space    used 2448K, capacity 2606K, committed 2684K, reserved 1048576K
}
2017-08-17T18:12:15.413+0200: 3,119: Total time for which application threads were stopped: 0,0177585 seconds, Stopping threads took: 0,0001232 seconds
2017-08-17T18:12:15.413+0200: 3,119: [CMS-concurrent-abortable-preclean: 0,071/0,130 secs] [Times: user=0,51 sys=0,01, real=0,13 secs] 
2017-08-17T18:12:15.421+0200: 3,127: [GC (CMS Final Remark) [YG occupancy: 17898 K (109248 K)]{Heap before GC invocations=4 (full 1):
 par new generation   total 109248K, used 17898K [0x00000000e0000000, 0x00000000e8000000, 0x00000000e8000000)
  eden space 87424K,   5% used [0x00000000e0000000, 0x00000000e046a110, 0x00000000e5560000)
  from space 21824K,  61% used [0x00000000e5560000, 0x00000000e6270a48, 0x00000000e6ab0000)
  to   space 21824K,   0% used [0x00000000e6ab0000, 0x00000000e6ab0000, 0x00000000e8000000)
 concurrent mark-sweep generation total 393216K, used 0K [0x00000000e8000000, 0x0000000100000000, 0x0000000100000000)
 Metaspace       used 21255K, capacity 21634K, committed 21884K, reserved 1069056K
  class space    used 2448K, capacity 2606K, committed 2684K, reserved 1048576K
2017-08-17T18:12:15.421+0200: 3,127: [GC (CMS Final Remark) 2017-08-17T18:12:15.421+0200: 3,127: [ParNew
Desired survivor size 20112992 bytes, new threshold 8 (max 8)
- age   1:     280472 bytes,     280472 total
- age   2:     678800 bytes,     959272 total
- age   3:    1505192 bytes,    2464464 total
- age   4:    1925720 bytes,    4390184 total
- age   5:    5523616 bytes,    9913800 total
: 17898K->11563K(109248K), 0,0145790 secs] 17898K->11563K(502464K), 0,0146390 secs] [Times: user=0,06 sys=0,00, real=0,01 secs] 
Heap after GC invocations=5 (full 1):
 par new generation   total 109248K, used 11563K [0x00000000e0000000, 0x00000000e8000000, 0x00000000e8000000)
  eden space 87424K,   0% used [0x00000000e0000000, 0x00000000e0000000, 0x00000000e5560000)
  from space 21824K,  52% used [0x00000000e6ab0000, 0x00000000e75faea8, 0x00000000e8000000)
  to   space 21824K,   0% used [0x00000000e5560000, 0x00000000e5560000, 0x00000000e6ab0000)
 concurrent mark-sweep generation total 393216K, used 0K [0x00000000e8000000, 0x0000000100000000, 0x0000000100000000)
 Metaspace       used 21255K, capacity 21634K, committed 21884K, reserved 1069056K
  class space    used 2448K, capacity 2606K, committed 2684K, reserved 1048576K
}
2017-08-17T18:12:15.436+0200: 3,142: [Rescan (parallel) , 0,0043813 secs]2017-08-17T18:12:15.441+0200: 3,146: [weak refs processing, 0,0015103 secs]2017-08-17T18:12:15.442+0200: 3,148: [class unloading, 0,0037947 secs]2017-08-17T18:12:15.446+0200: 3,151: [scrub symbol table, 0,0036558 secs]2017-08-17T18:12:15.450+0200: 3,155: [scrub string table, 0,0004725 secs][1 CMS-remark: 0K(393216K)] 11563K(502464K), 0,0292778 secs] [Times: user=0,08 sys=0,00, real=0,03 secs] 
2017-08-17T18:12:15.451+0200: 3,156: Total time for which application threads were stopped: 0,0294579 seconds, Stopping threads took: 0,0000660 seconds
2017-08-17T18:12:15.461+0200: 3,167: [CMS-concurrent-sweep-start]
2017-08-17T18:12:15.461+0200: 3,167: [CMS-concurrent-sweep: 0,000/0,000 secs] [Times: user=0,00 sys=0,00, real=0,00 secs] 
2017-08-17T18:12:15.461+0200: 3,167: [CMS-concurrent-reset-start]
2017-08-17T18:12:15.464+0200: 3,169: [CMS-concurrent-reset: 0,002/0,002 secs] [Times: user=0,01 sys=0,00, real=0,00 secs] 
{Heap before GC invocations=5 (full 1):
 par new generation   total 109248K, used 98987K [0x00000000e0000000, 0x00000000e8000000, 0x00000000e8000000)
  eden space 87424K, 100% used [0x00000000e0000000, 0x00000000e5560000, 0x00000000e5560000)
  from space 21824K,  52% used [0x00000000e6ab0000, 0x00000000e75faea8, 0x00000000e8000000)
  to   space 21824K,   0% used [0x00000000e5560000, 0x00000000e5560000, 0x00000000e6ab0000)
 concurrent mark-sweep generation total 393216K, used 0K [0x00000000e8000000, 0x0000000100000000, 0x0000000100000000)
 Metaspace       used 21515K, capacity 21896K, committed 22140K, reserved 1069056K
  class space    used 2488K, capacity 2671K, committed 2684K, reserved 1048576K
2017-08-17T18:12:15.545+0200: 3,251: [GC (Allocation Failure) 2017-08-17T18:12:15.545+0200: 3,251: [ParNew
Desired survivor size 20112992 bytes, new threshold 8 (max 8)
- age   1:     955408 bytes,     955408 total
- age   2:       7168 bytes,     962576 total
- age   3:     174048 bytes,    1136624 total
- age   4:    1116096 bytes,    2252720 total
- age   5:    1923672 bytes,    4176392 total
- age   6:    5523896 bytes,    9700288 total
: 98987K->12818K(109248K), 0,0092027 secs] 98987K->12818K(502464K), 0,0092768 secs] [Times: user=0,02 sys=0,00, real=0,00 secs] 
Heap after GC invocations=6 (full 1):
 par new generation   total 109248K, used 12818K [0x00000000e0000000, 0x00000000e8000000, 0x00000000e8000000)
  eden space 87424K,   0% used [0x00000000e0000000, 0x00000000e0000000, 0x00000000e5560000)
  from space 21824K,  58% used [0x00000000e5560000, 0x00000000e61e4ba0, 0x00000000e6ab0000)
  to   space 21824K,   0% used [0x00000000e6ab0000, 0x00000000e6ab0000, 0x00000000e8000000)
 concurrent mark-sweep generation total 393216K, used 0K [0x00000000e8000000, 0x0000000100000000, 0x0000000100000000)
 Metaspace       used 21515K, capacity 21896K, committed 22140K, reserved 1069056K
  class space    used 2488K, capacity 2671K, committed 2684K, reserved 1048576K
}
2017-08-17T18:12:15.555+0200: 3,260: Total time for which application threads were stopped: 0,0094717 seconds, Stopping threads took: 0,0000577 seconds
2017-08-17T18:12:15.564+0200: 3,269: Total time for which application threads were stopped: 0,0003622 seconds, Stopping threads took: 0,0000576 seconds
2017-08-17T18:12:15.819+0200: 3,524: Total time for which application threads were stopped: 0,0004928 seconds, Stopping threads took: 0,0000258 seconds
2017-08-17T18:12:15.835+0200: 3,541: Total time for which application threads were stopped: 0,0004924 seconds, Stopping threads took: 0,0000382 seconds
{Heap before GC invocations=6 (full 1):
 par new generation   total 109248K, used 100242K [0x00000000e0000000, 0x00000000e8000000, 0x00000000e8000000)
  eden space 87424K, 100% used [0x00000000e0000000, 0x00000000e5560000, 0x00000000e5560000)
  from space 21824K,  58% used [0x00000000e5560000, 0x00000000e61e4ba0, 0x00000000e6ab0000)
  to   space 21824K,   0% used [0x00000000e6ab0000, 0x00000000e6ab0000, 0x00000000e8000000)
 concurrent mark-sweep generation total 393216K, used 0K [0x00000000e8000000, 0x0000000100000000, 0x0000000100000000)
 Metaspace       used 24098K, capacity 24536K, committed 24828K, reserved 1071104K
  class space    used 2839K, capacity 3015K, committed 3068K, reserved 1048576K
2017-08-17T18:12:15.981+0200: 3,687: [GC (Allocation Failure) 2017-08-17T18:12:15.981+0200: 3,687: [ParNew
Desired survivor size 20112992 bytes, new threshold 8 (max 8)
- age   1:    5490864 bytes,    5490864 total
- age   2:     146376 bytes,    5637240 total
- age   3:       7144 bytes,    5644384 total
- age   4:     172856 bytes,    5817240 total
- age   5:     335464 bytes,    6152704 total
- age   6:    1899000 bytes,    8051704 total
- age   7:    5515624 bytes,   13567328 total
: 100242K->15643K(109248K), 0,0142089 secs] 100242K->15643K(502464K), 0,0142832 secs] [Times: user=0,05 sys=0,00, real=0,01 secs] 
Heap after GC invocations=7 (full 1):
 par new generation   total 109248K, used 15643K [0x00000000e0000000, 0x00000000e8000000, 0x00000000e8000000)
  eden space 87424K,   0% used [0x00000000e0000000, 0x00000000e0000000, 0x00000000e5560000)
  from space 21824K,  71% used [0x00000000e6ab0000, 0x00000000e79f6f90, 0x00000000e8000000)
  to   space 21824K,   0% used [0x00000000e5560000, 0x00000000e5560000, 0x00000000e6ab0000)
 concurrent mark-sweep generation total 393216K, used 0K [0x00000000e8000000, 0x0000000100000000, 0x0000000100000000)
 Metaspace       used 24098K, capacity 24536K, committed 24828K, reserved 1071104K
  class space    used 2839K, capacity 3015K, committed 3068K, reserved 1048576K
}
2017-08-17T18:12:15.996+0200: 3,701: Total time for which application threads were stopped: 0,0146328 seconds, Stopping threads took: 0,0001087 seconds
{Heap before GC invocations=7 (full 1):
 par new generation   total 109248K, used 103067K [0x00000000e0000000, 0x00000000e8000000, 0x00000000e8000000)
  eden space 87424K, 100% used [0x00000000e0000000, 0x00000000e5560000, 0x00000000e5560000)
  from space 21824K,  71% used [0x00000000e6ab0000, 0x00000000e79f6f90, 0x00000000e8000000)
  to   space 21824K,   0% used [0x00000000e5560000, 0x00000000e5560000, 0x00000000e6ab0000)
 concurrent mark-sweep generation total 393216K, used 0K [0x00000000e8000000, 0x0000000100000000, 0x0000000100000000)
 Metaspace       used 24481K, capacity 24968K, committed 25084K, reserved 1071104K
  class space    used 2866K, capacity 3050K, committed 3068K, reserved 1048576K
2017-08-17T18:12:16.112+0200: 3,817: [GC (Allocation Failure) 2017-08-17T18:12:16.112+0200: 3,817: [ParNew
Desired survivor size 20112992 bytes, new threshold 8 (max 8)
- age   1:    1907824 bytes,    1907824 total
- age   2:    1803792 bytes,    3711616 total
- age   3:      69120 bytes,    3780736 total
- age   4:       7144 bytes,    3787880 total
- age   5:      97048 bytes,    3884928 total
- age   6:     199936 bytes,    4084864 total
- age   7:    1362320 bytes,    5447184 total
- age   8:    5515240 bytes,   10962424 total
: 103067K->16966K(109248K), 0,0325276 secs] 103067K->16966K(502464K), 0,0326202 secs] [Times: user=0,06 sys=0,00, real=0,03 secs] 
Heap after GC invocations=8 (full 1):
 par new generation   total 109248K, used 16966K [0x00000000e0000000, 0x00000000e8000000, 0x00000000e8000000)
  eden space 87424K,   0% used [0x00000000e0000000, 0x00000000e0000000, 0x00000000e5560000)
  from space 21824K,  77% used [0x00000000e5560000, 0x00000000e65f1af0, 0x00000000e6ab0000)
  to   space 21824K,   0% used [0x00000000e6ab0000, 0x00000000e6ab0000, 0x00000000e8000000)
 concurrent mark-sweep generation total 393216K, used 0K [0x00000000e8000000, 0x0000000100000000, 0x0000000100000000)
 Metaspace       used 24481K, capacity 24968K, committed 25084K, reserved 1071104K
  class space    used 2866K, capacity 3050K, committed 3068K, reserved 1048576K
}
2017-08-17T18:12:16.144+0200: 3,850: Total time for which application threads were stopped: 0,0388973 seconds, Stopping threads took: 0,0060638 seconds
{Heap before GC invocations=8 (full 1):
 par new generation   total 109248K, used 104390K [0x00000000e0000000, 0x00000000e8000000, 0x00000000e8000000)
  eden space 87424K, 100% used [0x00000000e0000000, 0x00000000e5560000, 0x00000000e5560000)
  from space 21824K,  77% used [0x00000000e5560000, 0x00000000e65f1af0, 0x00000000e6ab0000)
  to   space 21824K,   0% used [0x00000000e6ab0000, 0x00000000e6ab0000, 0x00000000e8000000)
 concurrent mark-sweep generation total 393216K, used 0K [0x00000000e8000000, 0x0000000100000000, 0x0000000100000000)
 Metaspace       used 25006K, capacity 25464K, committed 25724K, reserved 1071104K
  class space    used 2910K, capacity 3085K, committed 3196K, reserved 1048576K
2017-08-17T18:12:16.279+0200: 3,985: [GC (Allocation Failure) 2017-08-17T18:12:16.279+0200: 3,985: [ParNew
Desired survivor size 20112992 bytes, new threshold 8 (max 8)
- age   1:    1205032 bytes,    1205032 total
- age   2:     631728 bytes,    1836760 total
- age   3:    1780888 bytes,    3617648 total
- age   4:      69120 bytes,    3686768 total
- age   5:       7144 bytes,    3693912 total
- age   6:      94368 bytes,    3788280 total
- age   7:     199408 bytes,    3987688 total
- age   8:    1361552 bytes,    5349240 total
: 104390K->6880K(109248K), 0,0985704 secs] 104390K->12346K(502464K), 0,0986488 secs] [Times: user=0,11 sys=0,01, real=0,10 secs] 
Heap after GC invocations=9 (full 1):
 par new generation   total 109248K, used 6880K [0x00000000e0000000, 0x00000000e8000000, 0x00000000e8000000)
  eden space 87424K,   0% used [0x00000000e0000000, 0x00000000e0000000, 0x00000000e5560000)
  from space 21824K,  31% used [0x00000000e6ab0000, 0x00000000e71680a0, 0x00000000e8000000)
  to   space 21824K,   0% used [0x00000000e5560000, 0x00000000e5560000, 0x00000000e6ab0000)
 concurrent mark-sweep generation total 393216K, used 5466K [0x00000000e8000000, 0x0000000100000000, 0x0000000100000000)
 Metaspace       used 25006K, capacity 25464K, committed 25724K, reserved 1071104K
  class space    used 2910K, capacity 3085K, committed 3196K, reserved 1048576K
}
2017-08-17T18:12:16.378+0200: 4,084: Total time for which application threads were stopped: 0,0991313 seconds, Stopping threads took: 0,0000699 seconds
2017-08-17T18:12:16.535+0200: 4,240: Total time for which application threads were stopped: 0,0001550 seconds, Stopping threads took: 0,0000547 seconds
2017-08-17T18:12:16.544+0200: 4,250: Total time for which application threads were stopped: 0,0026090 seconds, Stopping threads took: 0,0025076 seconds
2017-08-17T18:12:16.552+0200: 4,257: Total time for which application threads were stopped: 0,0002510 seconds, Stopping threads took: 0,0001650 seconds
2017-08-17T18:12:16.553+0200: 4,259: Total time for which application threads were stopped: 0,0001612 seconds, Stopping threads took: 0,0000327 seconds
2017-08-17T18:12:16.554+0200: 4,259: Total time for which application threads were stopped: 0,0006193 seconds, Stopping threads took: 0,0005410 seconds
2017-08-17T18:12:16.555+0200: 4,260: Total time for which application threads were stopped: 0,0001579 seconds, Stopping threads took: 0,0000605 seconds
2017-08-17T18:12:16.557+0200: 4,263: Total time for which application threads were stopped: 0,0001850 seconds, Stopping threads took: 0,0000829 seconds
2017-08-17T18:12:16.559+0200: 4,265: Total time for which application threads were stopped: 0,0004657 seconds, Stopping threads took: 0,0003859 seconds
2017-08-17T18:12:16.560+0200: 4,265: Total time for which application threads were stopped: 0,0001558 seconds, Stopping threads took: 0,0000796 seconds
2017-08-17T18:12:16.560+0200: 4,266: Total time for which application threads were stopped: 0,0001771 seconds, Stopping threads took: 0,0001031 seconds
2017-08-17T18:12:16.561+0200: 4,266: Total time for which application threads were stopped: 0,0000964 seconds, Stopping threads took: 0,0000329 seconds
2017-08-17T18:12:16.561+0200: 4,267: Total time for which application threads were stopped: 0,0000994 seconds, Stopping threads took: 0,0000379 seconds
2017-08-17T18:12:16.562+0200: 4,267: Total time for which application threads were stopped: 0,0002701 seconds, Stopping threads took: 0,0001779 seconds
2017-08-17T18:12:16.562+0200: 4,268: Total time for which application threads were stopped: 0,0001318 seconds, Stopping threads took: 0,0000306 seconds
2017-08-17T18:12:16.565+0200: 4,271: Total time for which application threads were stopped: 0,0001342 seconds, Stopping threads took: 0,0000562 seconds
2017-08-17T18:12:16.565+0200: 4,271: Total time for which application threads were stopped: 0,0000859 seconds, Stopping threads took: 0,0000305 seconds
2017-08-17T18:12:16.566+0200: 4,271: Total time for which application threads were stopped: 0,0000764 seconds, Stopping threads took: 0,0000206 seconds
2017-08-17T18:12:16.566+0200: 4,271: Total time for which application threads were stopped: 0,0000713 seconds, Stopping threads took: 0,0000188 seconds
2017-08-17T18:12:16.566+0200: 4,271: Total time for which application threads were stopped: 0,0000611 seconds, Stopping threads took: 0,0000170 seconds
2017-08-17T18:12:16.566+0200: 4,272: Total time for which application threads were stopped: 0,0000699 seconds, Stopping threads took: 0,0000168 seconds
2017-08-17T18:12:16.566+0200: 4,272: Total time for which application threads were stopped: 0,0000603 seconds, Stopping threads took: 0,0000175 seconds
2017-08-17T18:12:16.566+0200: 4,272: Total time for which application threads were stopped: 0,0000601 seconds, Stopping threads took: 0,0000152 seconds
2017-08-17T18:12:16.567+0200: 4,272: Total time for which application threads were stopped: 0,0000715 seconds, Stopping threads took: 0,0000187 seconds
2017-08-17T18:12:16.567+0200: 4,272: Total time for which application threads were stopped: 0,0000620 seconds, Stopping threads took: 0,0000174 seconds
2017-08-17T18:12:16.568+0200: 4,273: Total time for which application threads were stopped: 0,0001950 seconds, Stopping threads took: 0,0000979 seconds
2017-08-17T18:12:16.569+0200: 4,275: Total time for which application threads were stopped: 0,0001127 seconds, Stopping threads took: 0,0000291 seconds
2017-08-17T18:12:16.569+0200: 4,275: Total time for which application threads were stopped: 0,0001614 seconds, Stopping threads took: 0,0000375 seconds
2017-08-17T18:12:16.573+0200: 4,279: Total time for which application threads were stopped: 0,0001872 seconds, Stopping threads took: 0,0000519 seconds
2017-08-17T18:12:16.577+0200: 4,282: Total time for which application threads were stopped: 0,0001434 seconds, Stopping threads took: 0,0000492 seconds
2017-08-17T18:12:16.603+0200: 4,309: Total time for which application threads were stopped: 0,0061600 seconds, Stopping threads took: 0,0060442 seconds
2017-08-17T18:12:16.603+0200: 4,309: Total time for which application threads were stopped: 0,0000487 seconds, Stopping threads took: 0,0000107 seconds
2017-08-17T18:12:16.603+0200: 4,309: Total time for which application threads were stopped: 0,0000565 seconds, Stopping threads took: 0,0000164 seconds
2017-08-17T18:12:16.619+0200: 4,324: Total time for which application threads were stopped: 0,0001353 seconds, Stopping threads took: 0,0000427 seconds
2017-08-17T18:12:16.630+0200: 4,335: Total time for which application threads were stopped: 0,0006211 seconds, Stopping threads took: 0,0005074 seconds
2017-08-17T18:12:16.637+0200: 4,343: Total time for which application threads were stopped: 0,0010311 seconds, Stopping threads took: 0,0000511 seconds
2017-08-17T18:12:16.638+0200: 4,343: Total time for which application threads were stopped: 0,0001249 seconds, Stopping threads took: 0,0000299 seconds
2017-08-17T18:12:16.639+0200: 4,345: Total time for which application threads were stopped: 0,0002044 seconds, Stopping threads took: 0,0001231 seconds
2017-08-17T18:12:16.641+0200: 4,346: Total time for which application threads were stopped: 0,0011826 seconds, Stopping threads took: 0,0010971 seconds
2017-08-17T18:12:16.644+0200: 4,350: Total time for which application threads were stopped: 0,0001447 seconds, Stopping threads took: 0,0000259 seconds
2017-08-17T18:12:16.647+0200: 4,352: Total time for which application threads were stopped: 0,0002786 seconds, Stopping threads took: 0,0001528 seconds
2017-08-17T18:12:16.648+0200: 4,353: Total time for which application threads were stopped: 0,0001601 seconds, Stopping threads took: 0,0000381 seconds
2017-08-17T18:12:16.655+0200: 4,360: Total time for which application threads were stopped: 0,0001492 seconds, Stopping threads took: 0,0000369 seconds
2017-08-17T18:12:16.679+0200: 4,385: Total time for which application threads were stopped: 0,0001980 seconds, Stopping threads took: 0,0000706 seconds
2017-08-17T18:12:16.690+0200: 4,395: Total time for which application threads were stopped: 0,0001620 seconds, Stopping threads took: 0,0000505 seconds
2017-08-17T18:12:16.717+0200: 4,423: Total time for which application threads were stopped: 0,0006478 seconds, Stopping threads took: 0,0000525 seconds
2017-08-17T18:12:16.720+0200: 4,426: Total time for which application threads were stopped: 0,0003067 seconds, Stopping threads took: 0,0001908 seconds
2017-08-17T18:12:16.733+0200: 4,438: Total time for which application threads were stopped: 0,0003504 seconds, Stopping threads took: 0,0002291 seconds
2017-08-17T18:12:16.740+0200: 4,445: Total time for which application threads were stopped: 0,0001887 seconds, Stopping threads took: 0,0000358 seconds
2017-08-17T18:12:16.741+0200: 4,447: Total time for which application threads were stopped: 0,0005832 seconds, Stopping threads took: 0,0000215 seconds
2017-08-17T18:12:16.753+0200: 4,458: Total time for which application threads were stopped: 0,0027817 seconds, Stopping threads took: 0,0026509 seconds
2017-08-17T18:12:16.765+0200: 4,470: Total time for which application threads were stopped: 0,0001480 seconds, Stopping threads took: 0,0000362 seconds
2017-08-17T18:12:16.949+0200: 4,655: Total time for which application threads were stopped: 0,0022154 seconds, Stopping threads took: 0,0020476 seconds
2017-08-17T18:12:16.959+0200: 4,664: Total time for which application threads were stopped: 0,0005525 seconds, Stopping threads took: 0,0000440 seconds
2017-08-17T18:12:16.969+0200: 4,675: Total time for which application threads were stopped: 0,0001378 seconds, Stopping threads took: 0,0000345 seconds
2017-08-17T18:12:16.970+0200: 4,675: Total time for which application threads were stopped: 0,0000865 seconds, Stopping threads took: 0,0000189 seconds
2017-08-17T18:12:16.992+0200: 4,698: Total time for which application threads were stopped: 0,0001255 seconds, Stopping threads took: 0,0000423 seconds
2017-08-17T18:12:17.010+0200: 4,715: Total time for which application threads were stopped: 0,0002339 seconds, Stopping threads took: 0,0001176 seconds
2017-08-17T18:12:17.010+0200: 4,715: Total time for which application threads were stopped: 0,0000805 seconds, Stopping threads took: 0,0000228 seconds
2017-08-17T18:12:17.010+0200: 4,716: Total time for which application threads were stopped: 0,0000962 seconds, Stopping threads took: 0,0000238 seconds
2017-08-17T18:12:17.010+0200: 4,716: Total time for which application threads were stopped: 0,0000695 seconds, Stopping threads took: 0,0000176 seconds
2017-08-17T18:12:17.010+0200: 4,716: Total time for which application threads were stopped: 0,0001682 seconds, Stopping threads took: 0,0000151 seconds
2017-08-17T18:12:17.019+0200: 4,724: Total time for which application threads were stopped: 0,0002155 seconds, Stopping threads took: 0,0000726 seconds
2017-08-17T18:12:17.028+0200: 4,734: Total time for which application threads were stopped: 0,0063487 seconds, Stopping threads took: 0,0062502 seconds
2017-08-17T18:12:17.031+0200: 4,736: Total time for which application threads were stopped: 0,0018399 seconds, Stopping threads took: 0,0017232 seconds
2017-08-17T18:12:17.038+0200: 4,743: Total time for which application threads were stopped: 0,0001843 seconds, Stopping threads took: 0,0000476 seconds
2017-08-17T18:12:17.042+0200: 4,747: Total time for which application threads were stopped: 0,0001534 seconds, Stopping threads took: 0,0000644 seconds
2017-08-17T18:12:17.063+0200: 4,768: Total time for which application threads were stopped: 0,0120074 seconds, Stopping threads took: 0,0118739 seconds
2017-08-17T18:12:17.065+0200: 4,771: Total time for which application threads were stopped: 0,0002411 seconds, Stopping threads took: 0,0000823 seconds
2017-08-17T18:12:17.076+0200: 4,782: Total time for which application threads were stopped: 0,0093815 seconds, Stopping threads took: 0,0092753 seconds
2017-08-17T18:12:17.081+0200: 4,787: Total time for which application threads were stopped: 0,0002359 seconds, Stopping threads took: 0,0000411 seconds
2017-08-17T18:12:17.099+0200: 4,805: Total time for which application threads were stopped: 0,0001907 seconds, Stopping threads took: 0,0000840 seconds
2017-08-17T18:12:17.133+0200: 4,839: Total time for which application threads were stopped: 0,0056210 seconds, Stopping threads took: 0,0055000 seconds
2017-08-17T18:12:17.138+0200: 4,844: Total time for which application threads were stopped: 0,0001261 seconds, Stopping threads took: 0,0000505 seconds
2017-08-17T18:12:17.145+0200: 4,851: Total time for which application threads were stopped: 0,0002612 seconds, Stopping threads took: 0,0001624 seconds
2017-08-17T18:12:17.148+0200: 4,853: Total time for which application threads were stopped: 0,0001621 seconds, Stopping threads took: 0,0001120 seconds
2017-08-17T18:12:17.162+0200: 4,868: Total time for which application threads were stopped: 0,0004061 seconds, Stopping threads took: 0,0000325 seconds
2017-08-17T18:12:17.162+0200: 4,868: Total time for which application threads were stopped: 0,0001142 seconds, Stopping threads took: 0,0000262 seconds
2017-08-17T18:12:17.194+0200: 4,899: Total time for which application threads were stopped: 0,0001710 seconds, Stopping threads took: 0,0000384 seconds
{Heap before GC invocations=9 (full 1):
 par new generation   total 109248K, used 94304K [0x00000000e0000000, 0x00000000e8000000, 0x00000000e8000000)
  eden space 87424K, 100% used [0x00000000e0000000, 0x00000000e5560000, 0x00000000e5560000)
  from space 21824K,  31% used [0x00000000e6ab0000, 0x00000000e71680a0, 0x00000000e8000000)
  to   space 21824K,   0% used [0x00000000e5560000, 0x00000000e5560000, 0x00000000e6ab0000)
 concurrent mark-sweep generation total 393216K, used 5466K [0x00000000e8000000, 0x0000000100000000, 0x0000000100000000)
 Metaspace       used 28002K, capacity 28500K, committed 28796K, reserved 1075200K
  class space    used 3213K, capacity 3391K, committed 3452K, reserved 1048576K
2017-08-17T18:12:48.384+0200: 36,089: [GC (Allocation Failure) 2017-08-17T18:12:48.384+0200: 36,089: [ParNew
Desired survivor size 20112992 bytes, new threshold 8 (max 8)
- age   1:   10299408 bytes,   10299408 total
- age   2:     652768 bytes,   10952176 total
- age   3:     241672 bytes,   11193848 total
- age   4:    1775904 bytes,   12969752 total
- age   5:      69088 bytes,   13038840 total
- age   6:       7144 bytes,   13045984 total
- age   7:      94240 bytes,   13140224 total
- age   8:     199312 bytes,   13339536 total
: 94304K->14938K(109248K), 0,0135017 secs] 99770K->21779K(502464K), 0,0135692 secs] [Times: user=0,04 sys=0,00, real=0,02 secs] 
Heap after GC invocations=10 (full 1):
 par new generation   total 109248K, used 14938K [0x00000000e0000000, 0x00000000e8000000, 0x00000000e8000000)
  eden space 87424K,   0% used [0x00000000e0000000, 0x00000000e0000000, 0x00000000e5560000)
  from space 21824K,  68% used [0x00000000e5560000, 0x00000000e63f68a8, 0x00000000e6ab0000)
  to   space 21824K,   0% used [0x00000000e6ab0000, 0x00000000e6ab0000, 0x00000000e8000000)
 concurrent mark-sweep generation total 393216K, used 6841K [0x00000000e8000000, 0x0000000100000000, 0x0000000100000000)
 Metaspace       used 28002K, capacity 28500K, committed 28796K, reserved 1075200K
  class space    used 3213K, capacity 3391K, committed 3452K, reserved 1048576K
}
2017-08-17T18:12:48.397+0200: 36,103: Total time for which application threads were stopped: 0,0137082 seconds, Stopping threads took: 0,0000291 seconds
2017-08-17T18:12:48.398+0200: 36,103: Total time for which application threads were stopped: 0,0000535 seconds, Stopping threads took: 0,0000157 seconds
2017-08-17T18:12:48.398+0200: 36,103: Total time for which application threads were stopped: 0,0000249 seconds, Stopping threads took: 0,0000083 seconds
2017-08-17T18:13:35.403+0200: 83,109: Total time for which application threads were stopped: 0,0003333 seconds, Stopping threads took: 0,0000938 seconds
2017-08-17T18:14:10.408+0200: 118,114: Total time for which application threads were stopped: 0,0003947 seconds, Stopping threads took: 0,0001395 seconds
2017-08-17T18:14:14.409+0200: 122,114: Total time for which application threads were stopped: 0,0000956 seconds, Stopping threads took: 0,0000245 seconds
2017-08-17T18:15:18.415+0200: 186,121: Total time for which application threads were stopped: 0,0001440 seconds, Stopping threads took: 0,0000575 seconds
2017-08-17T18:16:43.426+0200: 271,132: Total time for which application threads were stopped: 0,0000782 seconds, Stopping threads took: 0,0000304 seconds
2017-08-17T18:16:49.427+0200: 277,133: Total time for which application threads were stopped: 0,0000722 seconds, Stopping threads took: 0,0000181 seconds
2017-08-17T18:16:59.429+0200: 287,134: Total time for which application threads were stopped: 0,0001375 seconds, Stopping threads took: 0,0000310 seconds
2017-08-17T18:35:43.587+0200: 1411,292: Total time for which application threads were stopped: 0,0001158 seconds, Stopping threads took: 0,0000365 seconds
2017-08-17T18:40:38.620+0200: 1706,326: Total time for which application threads were stopped: 0,0000783 seconds, Stopping threads took: 0,0000293 seconds
2017-08-17T18:50:34.682+0200: 2302,387: Total time for which application threads were stopped: 0,0000767 seconds, Stopping threads took: 0,0000281 seconds
2017-08-17T18:50:38.682+0200: 2306,388: Total time for which application threads were stopped: 0,0000862 seconds, Stopping threads took: 0,0000167 seconds
2017-08-17T18:51:14.686+0200: 2342,392: Total time for which application threads were stopped: 0,0001004 seconds, Stopping threads took: 0,0000355 seconds
2017-08-17T19:06:14.785+0200: 3242,491: Total time for which application threads were stopped: 0,0006494 seconds, Stopping threads took: 0,0002095 seconds
2017-08-17T19:17:03.860+0200: 3891,566: Total time for which application threads were stopped: 0,0000799 seconds, Stopping threads took: 0,0000316 seconds
2017-08-17T19:32:49.970+0200: 4837,676: Total time for which application threads were stopped: 0,0000808 seconds, Stopping threads took: 0,0000328 seconds
2017-08-17T19:33:39.977+0200: 4887,682: Total time for which application threads were stopped: 0,0001611 seconds, Stopping threads took: 0,0000644 seconds
2017-08-17T20:09:45.296+0200: 7053,002: Total time for which application threads were stopped: 0,0001006 seconds, Stopping threads took: 0,0000363 seconds
2017-08-17T20:12:44.320+0200: 7232,026: Total time for which application threads were stopped: 0,0000980 seconds, Stopping threads took: 0,0000400 seconds
2017-08-17T20:14:14.331+0200: 7322,036: Total time for which application threads were stopped: 0,0000858 seconds, Stopping threads took: 0,0000294 seconds
2017-08-17T20:20:14.371+0200: 7682,077: Total time for which application threads were stopped: 0,0004835 seconds, Stopping threads took: 0,0002417 seconds
2017-08-17T21:24:44.883+0200: 11552,588: Total time for which application threads were stopped: 0,0001655 seconds, Stopping threads took: 0,0000609 seconds
2017-08-17T22:27:44.332+0200: 15332,037: Total time for which application threads were stopped: 0,0000759 seconds, Stopping threads took: 0,0000279 seconds
2017-08-17T22:28:14.335+0200: 15362,041: Total time for which application threads were stopped: 0,0004512 seconds, Stopping threads took: 0,0001843 seconds
2017-08-17T23:02:15.549+0200: 17403,254: Total time for which application threads were stopped: 0,0001827 seconds, Stopping threads took: 0,0000607 seconds
2017-08-17T23:15:44.643+0200: 18212,348: Total time for which application threads were stopped: 0,0004114 seconds, Stopping threads took: 0,0001566 seconds
2017-08-18T01:41:07.935+0200: 26935,641: Total time for which application threads were stopped: 0,0167462 seconds, Stopping threads took: 0,0166450 seconds
2017-08-18T01:41:07.936+0200: 26935,642: Total time for which application threads were stopped: 0,0000859 seconds, Stopping threads took: 0,0000143 seconds
2017-08-18T01:41:07.937+0200: 26935,642: Total time for which application threads were stopped: 0,0000763 seconds, Stopping threads took: 0,0000121 seconds
2017-08-18T01:41:07.937+0200: 26935,642: Total time for which application threads were stopped: 0,0000554 seconds, Stopping threads took: 0,0000074 seconds
2017-08-18T01:41:07.938+0200: 26935,643: Total time for which application threads were stopped: 0,0000999 seconds, Stopping threads took: 0,0000198 seconds
2017-08-18T01:41:07.938+0200: 26935,644: Total time for which application threads were stopped: 0,0000495 seconds, Stopping threads took: 0,0000066 seconds
2017-08-18T01:41:07.939+0200: 26935,644: Total time for which application threads were stopped: 0,0000607 seconds, Stopping threads took: 0,0000197 seconds
2017-08-18T01:41:07.939+0200: 26935,644: Total time for which application threads were stopped: 0,0000374 seconds, Stopping threads took: 0,0000044 seconds
2017-08-18T01:41:07.939+0200: 26935,644: Total time for which application threads were stopped: 0,0000317 seconds, Stopping threads took: 0,0000041 seconds
2017-08-18T01:41:07.939+0200: 26935,644: Total time for which application threads were stopped: 0,0000309 seconds, Stopping threads took: 0,0000042 seconds
2017-08-18T01:41:07.939+0200: 26935,644: Total time for which application threads were stopped: 0,0000320 seconds, Stopping threads took: 0,0000040 seconds
2017-08-18T01:41:07.939+0200: 26935,644: Total time for which application threads were stopped: 0,0000311 seconds, Stopping threads took: 0,0000040 seconds
2017-08-18T01:41:07.939+0200: 26935,644: Total time for which application threads were stopped: 0,0000330 seconds, Stopping threads took: 0,0000047 seconds
2017-08-18T01:41:07.939+0200: 26935,645: Total time for which application threads were stopped: 0,0000326 seconds, Stopping threads took: 0,0000047 seconds
2017-08-18T01:41:07.939+0200: 26935,645: Total time for which application threads were stopped: 0,0000316 seconds, Stopping threads took: 0,0000042 seconds
2017-08-18T01:41:07.939+0200: 26935,645: Total time for which application threads were stopped: 0,0000311 seconds, Stopping threads took: 0,0000040 seconds
2017-08-18T01:41:07.939+0200: 26935,645: Total time for which application threads were stopped: 0,0000318 seconds, Stopping threads took: 0,0000043 seconds
2017-08-18T01:41:07.939+0200: 26935,645: Total time for which application threads were stopped: 0,0000312 seconds, Stopping threads took: 0,0000041 seconds
2017-08-18T01:41:07.939+0200: 26935,645: Total time for which application threads were stopped: 0,0000318 seconds, Stopping threads took: 0,0000041 seconds
2017-08-18T01:41:07.943+0200: 26935,649: Total time for which application threads were stopped: 0,0004375 seconds, Stopping threads took: 0,0003685 seconds
2017-08-18T01:41:07.944+0200: 26935,649: Total time for which application threads were stopped: 0,0001911 seconds, Stopping threads took: 0,0000086 seconds
2017-08-18T01:41:07.944+0200: 26935,649: Total time for which application threads were stopped: 0,0000580 seconds, Stopping threads took: 0,0000092 seconds
2017-08-18T01:41:07.944+0200: 26935,650: Total time for which application threads were stopped: 0,0000546 seconds, Stopping threads took: 0,0000102 seconds
2017-08-18T01:41:07.949+0200: 26935,654: Total time for which application threads were stopped: 0,0004368 seconds, Stopping threads took: 0,0003611 seconds
2017-08-18T01:41:07.949+0200: 26935,654: Total time for which application threads were stopped: 0,0000419 seconds, Stopping threads took: 0,0000065 seconds
2017-08-18T01:41:07.949+0200: 26935,654: Total time for which application threads were stopped: 0,0000382 seconds, Stopping threads took: 0,0000055 seconds
2017-08-18T01:41:07.949+0200: 26935,654: Total time for which application threads were stopped: 0,0000390 seconds, Stopping threads took: 0,0000058 seconds
2017-08-18T01:41:07.949+0200: 26935,654: Total time for which application threads were stopped: 0,0000381 seconds, Stopping threads took: 0,0000048 seconds
2017-08-18T01:41:07.949+0200: 26935,654: Total time for which application threads were stopped: 0,0000376 seconds, Stopping threads took: 0,0000052 seconds
2017-08-18T01:41:07.949+0200: 26935,655: Total time for which application threads were stopped: 0,0000556 seconds, Stopping threads took: 0,0000055 seconds
2017-08-18T01:41:07.949+0200: 26935,655: Total time for which application threads were stopped: 0,0000367 seconds, Stopping threads took: 0,0000054 seconds
2017-08-18T01:41:07.949+0200: 26935,655: Total time for which application threads were stopped: 0,0000382 seconds, Stopping threads took: 0,0000049 seconds
2017-08-18T01:41:07.949+0200: 26935,655: Total time for which application threads were stopped: 0,0000391 seconds, Stopping threads took: 0,0000051 seconds
2017-08-18T01:41:07.949+0200: 26935,655: Total time for which application threads were stopped: 0,0000406 seconds, Stopping threads took: 0,0000078 seconds
2017-08-18T01:41:07.949+0200: 26935,655: Total time for which application threads were stopped: 0,0000373 seconds, Stopping threads took: 0,0000050 seconds
2017-08-18T01:41:07.960+0200: 26935,666: Total time for which application threads were stopped: 0,0001184 seconds, Stopping threads took: 0,0000382 seconds
2017-08-18T01:41:07.961+0200: 26935,666: Total time for which application threads were stopped: 0,0000576 seconds, Stopping threads took: 0,0000093 seconds
2017-08-18T01:41:07.961+0200: 26935,666: Total time for which application threads were stopped: 0,0000584 seconds, Stopping threads took: 0,0000090 seconds
2017-08-18T01:41:07.961+0200: 26935,667: Total time for which application threads were stopped: 0,0000491 seconds, Stopping threads took: 0,0000092 seconds
2017-08-18T01:41:07.961+0200: 26935,667: Total time for which application threads were stopped: 0,0000414 seconds, Stopping threads took: 0,0000056 seconds
2017-08-18T01:41:07.961+0200: 26935,667: Total time for which application threads were stopped: 0,0000409 seconds, Stopping threads took: 0,0000059 seconds
2017-08-18T01:41:07.961+0200: 26935,667: Total time for which application threads were stopped: 0,0000376 seconds, Stopping threads took: 0,0000050 seconds
2017-08-18T01:41:07.961+0200: 26935,667: Total time for which application threads were stopped: 0,0000375 seconds, Stopping threads took: 0,0000050 seconds
2017-08-18T01:41:07.961+0200: 26935,667: Total time for which application threads were stopped: 0,0000386 seconds, Stopping threads took: 0,0000051 seconds
2017-08-18T01:41:07.962+0200: 26935,667: Total time for which application threads were stopped: 0,0000655 seconds, Stopping threads took: 0,0000237 seconds
2017-08-18T01:41:07.962+0200: 26935,667: Total time for which application threads were stopped: 0,0000443 seconds, Stopping threads took: 0,0000058 seconds
2017-08-18T01:41:07.962+0200: 26935,667: Total time for which application threads were stopped: 0,0000439 seconds, Stopping threads took: 0,0000056 seconds
2017-08-18T01:41:07.962+0200: 26935,667: Total time for which application threads were stopped: 0,0000428 seconds, Stopping threads took: 0,0000063 seconds
2017-08-18T01:41:07.962+0200: 26935,668: Total time for which application threads were stopped: 0,0000389 seconds, Stopping threads took: 0,0000055 seconds
2017-08-18T01:41:07.962+0200: 26935,668: Total time for which application threads were stopped: 0,0000360 seconds, Stopping threads took: 0,0000047 seconds
2017-08-18T01:41:07.968+0200: 26935,674: Total time for which application threads were stopped: 0,0004278 seconds, Stopping threads took: 0,0003556 seconds
2017-08-18T01:41:07.977+0200: 26935,683: Total time for which application threads were stopped: 0,0001379 seconds, Stopping threads took: 0,0000252 seconds
2017-08-18T01:41:07.977+0200: 26935,683: Total time for which application threads were stopped: 0,0001091 seconds, Stopping threads took: 0,0000309 seconds
2017-08-18T01:41:07.980+0200: 26935,686: Total time for which application threads were stopped: 0,0019213 seconds, Stopping threads took: 0,0018107 seconds
2017-08-18T01:41:07.981+0200: 26935,687: Total time for which application threads were stopped: 0,0006076 seconds, Stopping threads took: 0,0005320 seconds
2017-08-18T01:41:07.987+0200: 26935,693: Total time for which application threads were stopped: 0,0001431 seconds, Stopping threads took: 0,0000377 seconds
2017-08-18T01:41:07.987+0200: 26935,693: Total time for which application threads were stopped: 0,0000506 seconds, Stopping threads took: 0,0000097 seconds
2017-08-18T01:41:07.988+0200: 26935,693: Total time for which application threads were stopped: 0,0000696 seconds, Stopping threads took: 0,0000323 seconds
2017-08-18T01:41:07.988+0200: 26935,693: Total time for which application threads were stopped: 0,0000415 seconds, Stopping threads took: 0,0000052 seconds
2017-08-18T01:41:07.988+0200: 26935,693: Total time for which application threads were stopped: 0,0000456 seconds, Stopping threads took: 0,0000121 seconds
2017-08-18T01:41:07.989+0200: 26935,694: Total time for which application threads were stopped: 0,0000978 seconds, Stopping threads took: 0,0000300 seconds
2017-08-18T01:41:07.990+0200: 26935,695: Total time for which application threads were stopped: 0,0000805 seconds, Stopping threads took: 0,0000236 seconds
2017-08-18T01:41:07.990+0200: 26935,696: Total time for which application threads were stopped: 0,0000409 seconds, Stopping threads took: 0,0000053 seconds
2017-08-18T01:41:07.990+0200: 26935,696: Total time for which application threads were stopped: 0,0000351 seconds, Stopping threads took: 0,0000052 seconds
2017-08-18T01:41:07.991+0200: 26935,696: Total time for which application threads were stopped: 0,0001025 seconds, Stopping threads took: 0,0000331 seconds
2017-08-18T01:41:07.991+0200: 26935,697: Total time for which application threads were stopped: 0,0000623 seconds, Stopping threads took: 0,0000322 seconds
2017-08-18T01:41:07.991+0200: 26935,697: Total time for which application threads were stopped: 0,0000568 seconds, Stopping threads took: 0,0000326 seconds
2017-08-18T01:41:07.991+0200: 26935,697: Total time for which application threads were stopped: 0,0000620 seconds, Stopping threads took: 0,0000231 seconds
2017-08-18T01:41:07.992+0200: 26935,697: Total time for which application threads were stopped: 0,0000627 seconds, Stopping threads took: 0,0000325 seconds
2017-08-18T01:41:07.992+0200: 26935,697: Total time for which application threads were stopped: 0,0000524 seconds, Stopping threads took: 0,0000218 seconds
2017-08-18T01:41:07.993+0200: 26935,698: Total time for which application threads were stopped: 0,0000656 seconds, Stopping threads took: 0,0000161 seconds
2017-08-18T01:41:07.993+0200: 26935,698: Total time for which application threads were stopped: 0,0001344 seconds, Stopping threads took: 0,0000144 seconds
2017-08-18T01:41:07.993+0200: 26935,699: Total time for which application threads were stopped: 0,0000597 seconds, Stopping threads took: 0,0000215 seconds
2017-08-18T01:41:07.994+0200: 26935,699: Total time for which application threads were stopped: 0,0000447 seconds, Stopping threads took: 0,0000170 seconds
2017-08-18T01:41:07.994+0200: 26935,699: Total time for which application threads were stopped: 0,0000374 seconds, Stopping threads took: 0,0000121 seconds
2017-08-18T01:41:07.995+0200: 26935,701: Total time for which application threads were stopped: 0,0001390 seconds, Stopping threads took: 0,0000466 seconds
2017-08-18T01:41:07.998+0200: 26935,704: Total time for which application threads were stopped: 0,0000958 seconds, Stopping threads took: 0,0000301 seconds
2017-08-18T01:41:07.998+0200: 26935,704: Total time for which application threads were stopped: 0,0000879 seconds, Stopping threads took: 0,0000183 seconds
Heap
 par new generation   total 109248K, used 31079K [0x00000000e0000000, 0x00000000e8000000, 0x00000000e8000000)
  eden space 87424K,  18% used [0x00000000e0000000, 0x00000000e0fc3378, 0x00000000e5560000)
  from space 21824K,  68% used [0x00000000e5560000, 0x00000000e63f68a8, 0x00000000e6ab0000)
  to   space 21824K,   0% used [0x00000000e6ab0000, 0x00000000e6ab0000, 0x00000000e8000000)
 concurrent mark-sweep generation total 393216K, used 6841K [0x00000000e8000000, 0x0000000100000000, 0x0000000100000000)
 Metaspace       used 28177K, capacity 28700K, committed 29052K, reserved 1075200K
  class space    used 3227K, capacity 3393K, committed 3452K, reserved 1048576K
