OpenJDK 64-Bit Server VM (25.121-b13) for linux-amd64 JRE (1.8.0_121-8u121-b13-0ubuntu1.16.04.2-b13), built on Jan 23 2017 15:51:29 by "buildd" with gcc 5.4.0 20160609
Memory: 4k page, physical 7867760k(7506080k free), swap 8076284k(8076284k free)
CommandLine flags: -XX:CMSInitiatingOccupancyFraction=50 -XX:CMSMaxAbortablePrecleanTime=6000 -XX:+CMSParallelRemarkEnabled -XX:+CMSScavengeBeforeRemark -XX:ConcGCThreads=4 -XX:InitialHeapSize=536870912 -XX:MaxHeapSize=536870912 -XX:MaxTenuringThreshold=8 -XX:NewRatio=3 -XX:OldPLABSize=16 -XX:OnOutOfMemoryError=/opt/solr/bin/oom_solr.sh 8983 /var/solr/logs -XX:ParallelGCThreads=4 -XX:+ParallelRefProcEnabled -XX:PretenureSizeThreshold=67108864 -XX:+PrintGC -XX:+PrintGCApplicationStoppedTime -XX:+PrintGCDateStamps -XX:+PrintGCDetails -XX:+PrintGCTimeStamps -XX:+PrintHeapAtGC -XX:+PrintTenuringDistribution -XX:SurvivorRatio=4 -XX:TargetSurvivorRatio=90 -XX:ThreadStackSize=256 -XX:+UseCMSInitiatingOccupancyOnly -XX:+UseCompressedClassPointers -XX:+UseCompressedOops -XX:+UseConcMarkSweepGC -XX:+UseParNewGC 
2017-03-03T12:53:16.689+0100: 0,129: Total time for which application threads were stopped: 0,0000644 seconds, Stopping threads took: 0,0000094 seconds
2017-03-03T12:53:16.766+0100: 0,207: Total time for which application threads were stopped: 0,0000936 seconds, Stopping threads took: 0,0000131 seconds
2017-03-03T12:53:16.788+0100: 0,229: Total time for which application threads were stopped: 0,0000742 seconds, Stopping threads took: 0,0000124 seconds
2017-03-03T12:53:17.102+0100: 0,543: Total time for which application threads were stopped: 0,0175730 seconds, Stopping threads took: 0,0173789 seconds
2017-03-03T12:53:17.572+0100: 1,013: Total time for which application threads were stopped: 0,0001573 seconds, Stopping threads took: 0,0000168 seconds
2017-03-03T12:53:17.643+0100: 1,084: Total time for which application threads were stopped: 0,0003143 seconds, Stopping threads took: 0,0000386 seconds
2017-03-03T12:53:17.666+0100: 1,107: Total time for which application threads were stopped: 0,0001938 seconds, Stopping threads took: 0,0000229 seconds
2017-03-03T12:53:17.918+0100: 1,358: Total time for which application threads were stopped: 0,0001757 seconds, Stopping threads took: 0,0000195 seconds
2017-03-03T12:53:18.133+0100: 1,574: Total time for which application threads were stopped: 0,0002616 seconds, Stopping threads took: 0,0000267 seconds
2017-03-03T12:53:18.163+0100: 1,603: Total time for which application threads were stopped: 0,0001810 seconds, Stopping threads took: 0,0000169 seconds
2017-03-03T12:53:18.203+0100: 1,644: Total time for which application threads were stopped: 0,0002094 seconds, Stopping threads took: 0,0000262 seconds
2017-03-03T12:53:18.204+0100: 1,645: Total time for which application threads were stopped: 0,0001658 seconds, Stopping threads took: 0,0000185 seconds
2017-03-03T12:53:18.222+0100: 1,663: Total time for which application threads were stopped: 0,0002137 seconds, Stopping threads took: 0,0000234 seconds
2017-03-03T12:53:18.328+0100: 1,769: Total time for which application threads were stopped: 0,0002187 seconds, Stopping threads took: 0,0000299 seconds
2017-03-03T12:53:18.485+0100: 1,926: Total time for which application threads were stopped: 0,0002946 seconds, Stopping threads took: 0,0000710 seconds
{Heap before GC invocations=0 (full 0):
 par new generation   total 109248K, used 87424K [0x00000000e0000000, 0x00000000e8000000, 0x00000000e8000000)
  eden space 87424K, 100% used [0x00000000e0000000, 0x00000000e5560000, 0x00000000e5560000)
  from space 21824K,   0% used [0x00000000e5560000, 0x00000000e5560000, 0x00000000e6ab0000)
  to   space 21824K,   0% used [0x00000000e6ab0000, 0x00000000e6ab0000, 0x00000000e8000000)
 concurrent mark-sweep generation total 393216K, used 0K [0x00000000e8000000, 0x0000000100000000, 0x0000000100000000)
 Metaspace       used 18198K, capacity 18464K, committed 18688K, reserved 1064960K
  class space    used 2058K, capacity 2196K, committed 2304K, reserved 1048576K
2017-03-03T12:53:18.590+0100: 2,031: [GC (Allocation Failure) 2017-03-03T12:53:18.590+0100: 2,031: [ParNew
Desired survivor size 20112992 bytes, new threshold 8 (max 8)
- age   1:   12804312 bytes,   12804312 total
: 87424K->12615K(109248K), 0,0192572 secs] 87424K->12615K(502464K), 0,0193627 secs] [Times: user=0,05 sys=0,02, real=0,01 secs] 
Heap after GC invocations=1 (full 0):
 par new generation   total 109248K, used 12615K [0x00000000e0000000, 0x00000000e8000000, 0x00000000e8000000)
  eden space 87424K,   0% used [0x00000000e0000000, 0x00000000e0000000, 0x00000000e5560000)
  from space 21824K,  57% used [0x00000000e6ab0000, 0x00000000e7701d30, 0x00000000e8000000)
  to   space 21824K,   0% used [0x00000000e5560000, 0x00000000e5560000, 0x00000000e6ab0000)
 concurrent mark-sweep generation total 393216K, used 0K [0x00000000e8000000, 0x0000000100000000, 0x0000000100000000)
 Metaspace       used 18198K, capacity 18464K, committed 18688K, reserved 1064960K
  class space    used 2058K, capacity 2196K, committed 2304K, reserved 1048576K
}
2017-03-03T12:53:18.609+0100: 2,050: Total time for which application threads were stopped: 0,0196575 seconds, Stopping threads took: 0,0000315 seconds
2017-03-03T12:53:18.880+0100: 2,321: Total time for which application threads were stopped: 0,0003366 seconds, Stopping threads took: 0,0000239 seconds
2017-03-03T12:53:18.925+0100: 2,366: Total time for which application threads were stopped: 0,0003946 seconds, Stopping threads took: 0,0000556 seconds
{Heap before GC invocations=1 (full 0):
 par new generation   total 109248K, used 100039K [0x00000000e0000000, 0x00000000e8000000, 0x00000000e8000000)
  eden space 87424K, 100% used [0x00000000e0000000, 0x00000000e5560000, 0x00000000e5560000)
  from space 21824K,  57% used [0x00000000e6ab0000, 0x00000000e7701d30, 0x00000000e8000000)
  to   space 21824K,   0% used [0x00000000e5560000, 0x00000000e5560000, 0x00000000e6ab0000)
 concurrent mark-sweep generation total 393216K, used 0K [0x00000000e8000000, 0x0000000100000000, 0x0000000100000000)
 Metaspace       used 20069K, capacity 20436K, committed 20736K, reserved 1067008K
  class space    used 2298K, capacity 2472K, committed 2560K, reserved 1048576K
2017-03-03T12:53:18.926+0100: 2,367: [GC (Allocation Failure) 2017-03-03T12:53:18.926+0100: 2,367: [ParNew
Desired survivor size 20112992 bytes, new threshold 8 (max 8)
- age   1:    3534728 bytes,    3534728 total
- age   2:    6687760 bytes,   10222488 total
: 100039K->13833K(109248K), 0,0147488 secs] 100039K->13833K(502464K), 0,0148136 secs] [Times: user=0,05 sys=0,00, real=0,01 secs] 
Heap after GC invocations=2 (full 0):
 par new generation   total 109248K, used 13833K [0x00000000e0000000, 0x00000000e8000000, 0x00000000e8000000)
  eden space 87424K,   0% used [0x00000000e0000000, 0x00000000e0000000, 0x00000000e5560000)
  from space 21824K,  63% used [0x00000000e5560000, 0x00000000e62e2540, 0x00000000e6ab0000)
  to   space 21824K,   0% used [0x00000000e6ab0000, 0x00000000e6ab0000, 0x00000000e8000000)
 concurrent mark-sweep generation total 393216K, used 0K [0x00000000e8000000, 0x0000000100000000, 0x0000000100000000)
 Metaspace       used 20069K, capacity 20436K, committed 20736K, reserved 1067008K
  class space    used 2298K, capacity 2472K, committed 2560K, reserved 1048576K
}
2017-03-03T12:53:18.941+0100: 2,382: Total time for which application threads were stopped: 0,0150271 seconds, Stopping threads took: 0,0000718 seconds
2017-03-03T12:53:18.990+0100: 2,431: Total time for which application threads were stopped: 0,0050130 seconds, Stopping threads took: 0,0047287 seconds
2017-03-03T12:53:19.133+0100: 2,574: Total time for which application threads were stopped: 0,0002388 seconds, Stopping threads took: 0,0000761 seconds
{Heap before GC invocations=2 (full 0):
 par new generation   total 109248K, used 101257K [0x00000000e0000000, 0x00000000e8000000, 0x00000000e8000000)
  eden space 87424K, 100% used [0x00000000e0000000, 0x00000000e5560000, 0x00000000e5560000)
  from space 21824K,  63% used [0x00000000e5560000, 0x00000000e62e2540, 0x00000000e6ab0000)
  to   space 21824K,   0% used [0x00000000e6ab0000, 0x00000000e6ab0000, 0x00000000e8000000)
 concurrent mark-sweep generation total 393216K, used 0K [0x00000000e8000000, 0x0000000100000000, 0x0000000100000000)
 Metaspace       used 20961K, capacity 21305K, committed 21552K, reserved 1069056K
  class space    used 2420K, capacity 2593K, committed 2608K, reserved 1048576K
2017-03-03T12:53:19.158+0100: 2,598: [GC (Allocation Failure) 2017-03-03T12:53:19.158+0100: 2,598: [ParNew
Desired survivor size 20112992 bytes, new threshold 8 (max 8)
- age   1:    2371224 bytes,    2371224 total
- age   2:     836256 bytes,    3207480 total
- age   3:    6684544 bytes,    9892024 total
: 101257K->12869K(109248K), 0,0103134 secs] 101257K->12869K(502464K), 0,0104083 secs] [Times: user=0,03 sys=0,00, real=0,01 secs] 
Heap after GC invocations=3 (full 0):
 par new generation   total 109248K, used 12869K [0x00000000e0000000, 0x00000000e8000000, 0x00000000e8000000)
  eden space 87424K,   0% used [0x00000000e0000000, 0x00000000e0000000, 0x00000000e5560000)
  from space 21824K,  58% used [0x00000000e6ab0000, 0x00000000e7741608, 0x00000000e8000000)
  to   space 21824K,   0% used [0x00000000e5560000, 0x00000000e5560000, 0x00000000e6ab0000)
 concurrent mark-sweep generation total 393216K, used 0K [0x00000000e8000000, 0x0000000100000000, 0x0000000100000000)
 Metaspace       used 20961K, capacity 21305K, committed 21552K, reserved 1069056K
  class space    used 2420K, capacity 2593K, committed 2608K, reserved 1048576K
}
2017-03-03T12:53:19.168+0100: 2,609: Total time for which application threads were stopped: 0,0106746 seconds, Stopping threads took: 0,0000929 seconds
2017-03-03T12:53:19.173+0100: 2,613: [GC (CMS Initial Mark) [1 CMS-initial-mark: 0K(393216K)] 18606K(502464K), 0,0045053 secs] [Times: user=0,01 sys=0,00, real=0,00 secs] 
2017-03-03T12:53:19.177+0100: 2,618: Total time for which application threads were stopped: 0,0047727 seconds, Stopping threads took: 0,0001689 seconds
2017-03-03T12:53:19.177+0100: 2,618: [CMS-concurrent-mark-start]
2017-03-03T12:53:19.178+0100: 2,619: [CMS-concurrent-mark: 0,001/0,001 secs] [Times: user=0,00 sys=0,00, real=0,00 secs] 
2017-03-03T12:53:19.178+0100: 2,619: [CMS-concurrent-preclean-start]
2017-03-03T12:53:19.179+0100: 2,620: [CMS-concurrent-preclean: 0,001/0,001 secs] [Times: user=0,01 sys=0,00, real=0,00 secs] 
2017-03-03T12:53:19.179+0100: 2,620: [CMS-concurrent-abortable-preclean-start]
{Heap before GC invocations=3 (full 1):
 par new generation   total 109248K, used 100293K [0x00000000e0000000, 0x00000000e8000000, 0x00000000e8000000)
  eden space 87424K, 100% used [0x00000000e0000000, 0x00000000e5560000, 0x00000000e5560000)
  from space 21824K,  58% used [0x00000000e6ab0000, 0x00000000e7741608, 0x00000000e8000000)
  to   space 21824K,   0% used [0x00000000e5560000, 0x00000000e5560000, 0x00000000e6ab0000)
 concurrent mark-sweep generation total 393216K, used 0K [0x00000000e8000000, 0x0000000100000000, 0x0000000100000000)
 Metaspace       used 21243K, capacity 21575K, committed 21628K, reserved 1069056K
  class space    used 2449K, capacity 2607K, committed 2608K, reserved 1048576K
2017-03-03T12:53:19.307+0100: 2,748: [GC (Allocation Failure) 2017-03-03T12:53:19.307+0100: 2,748: [ParNew
Desired survivor size 20112992 bytes, new threshold 8 (max 8)
- age   1:    1024552 bytes,    1024552 total
- age   2:    1448968 bytes,    2473520 total
- age   3:     810624 bytes,    3284144 total
- age   4:    6684504 bytes,    9968648 total
: 100293K->11368K(109248K), 0,0102074 secs] 100293K->11368K(502464K), 0,0102747 secs] [Times: user=0,04 sys=0,00, real=0,01 secs] 
Heap after GC invocations=4 (full 1):
 par new generation   total 109248K, used 11368K [0x00000000e0000000, 0x00000000e8000000, 0x00000000e8000000)
  eden space 87424K,   0% used [0x00000000e0000000, 0x00000000e0000000, 0x00000000e5560000)
  from space 21824K,  52% used [0x00000000e5560000, 0x00000000e607a038, 0x00000000e6ab0000)
  to   space 21824K,   0% used [0x00000000e6ab0000, 0x00000000e6ab0000, 0x00000000e8000000)
 concurrent mark-sweep generation total 393216K, used 0K [0x00000000e8000000, 0x0000000100000000, 0x0000000100000000)
 Metaspace       used 21243K, capacity 21575K, committed 21628K, reserved 1069056K
  class space    used 2449K, capacity 2607K, committed 2608K, reserved 1048576K
}
2017-03-03T12:53:19.317+0100: 2,758: Total time for which application threads were stopped: 0,0106333 seconds, Stopping threads took: 0,0002144 seconds
2017-03-03T12:53:19.317+0100: 2,758: [CMS-concurrent-abortable-preclean: 0,080/0,139 secs] [Times: user=0,51 sys=0,00, real=0,14 secs] 
2017-03-03T12:53:19.334+0100: 2,775: [GC (CMS Final Remark) [YG occupancy: 24831 K (109248 K)]{Heap before GC invocations=4 (full 1):
 par new generation   total 109248K, used 24831K [0x00000000e0000000, 0x00000000e8000000, 0x00000000e8000000)
  eden space 87424K,  15% used [0x00000000e0000000, 0x00000000e0d25fa0, 0x00000000e5560000)
  from space 21824K,  52% used [0x00000000e5560000, 0x00000000e607a038, 0x00000000e6ab0000)
  to   space 21824K,   0% used [0x00000000e6ab0000, 0x00000000e6ab0000, 0x00000000e8000000)
 concurrent mark-sweep generation total 393216K, used 0K [0x00000000e8000000, 0x0000000100000000, 0x0000000100000000)
 Metaspace       used 21258K, capacity 21575K, committed 21628K, reserved 1069056K
  class space    used 2451K, capacity 2607K, committed 2608K, reserved 1048576K
2017-03-03T12:53:19.334+0100: 2,775: [GC (CMS Final Remark) 2017-03-03T12:53:19.334+0100: 2,775: [ParNew
Desired survivor size 20112992 bytes, new threshold 8 (max 8)
- age   1:     370536 bytes,     370536 total
- age   2:     311912 bytes,     682448 total
- age   3:    1448952 bytes,    2131400 total
- age   4:     810576 bytes,    2941976 total
- age   5:    6685840 bytes,    9627816 total
: 24831K->14987K(109248K), 0,0090373 secs] 24831K->14987K(502464K), 0,0090816 secs] [Times: user=0,03 sys=0,00, real=0,01 secs] 
Heap after GC invocations=5 (full 1):
 par new generation   total 109248K, used 14987K [0x00000000e0000000, 0x00000000e8000000, 0x00000000e8000000)
  eden space 87424K,   0% used [0x00000000e0000000, 0x00000000e0000000, 0x00000000e5560000)
  from space 21824K,  68% used [0x00000000e6ab0000, 0x00000000e7952e30, 0x00000000e8000000)
  to   space 21824K,   0% used [0x00000000e5560000, 0x00000000e5560000, 0x00000000e6ab0000)
 concurrent mark-sweep generation total 393216K, used 0K [0x00000000e8000000, 0x0000000100000000, 0x0000000100000000)
 Metaspace       used 21258K, capacity 21575K, committed 21628K, reserved 1069056K
  class space    used 2451K, capacity 2607K, committed 2608K, reserved 1048576K
}
2017-03-03T12:53:19.343+0100: 2,784: [Rescan (parallel) , 0,0032437 secs]2017-03-03T12:53:19.346+0100: 2,787: [weak refs processing, 0,0004726 secs]2017-03-03T12:53:19.347+0100: 2,788: [class unloading, 0,0029057 secs]2017-03-03T12:53:19.350+0100: 2,791: [scrub symbol table, 0,0035090 secs]2017-03-03T12:53:19.353+0100: 2,794: [scrub string table, 0,0004152 secs][1 CMS-remark: 0K(393216K)] 14987K(502464K), 0,0203472 secs] [Times: user=0,06 sys=0,00, real=0,02 secs] 
2017-03-03T12:53:19.354+0100: 2,795: Total time for which application threads were stopped: 0,0242591 seconds, Stopping threads took: 0,0038310 seconds
2017-03-03T12:53:19.354+0100: 2,795: [CMS-concurrent-sweep-start]
2017-03-03T12:53:19.354+0100: 2,795: [CMS-concurrent-sweep: 0,000/0,000 secs] [Times: user=0,00 sys=0,00, real=0,00 secs] 
2017-03-03T12:53:19.354+0100: 2,795: [CMS-concurrent-reset-start]
2017-03-03T12:53:19.356+0100: 2,797: [CMS-concurrent-reset: 0,002/0,002 secs] [Times: user=0,00 sys=0,00, real=0,00 secs] 
{Heap before GC invocations=5 (full 1):
 par new generation   total 109248K, used 102411K [0x00000000e0000000, 0x00000000e8000000, 0x00000000e8000000)
  eden space 87424K, 100% used [0x00000000e0000000, 0x00000000e5560000, 0x00000000e5560000)
  from space 21824K,  68% used [0x00000000e6ab0000, 0x00000000e7952e30, 0x00000000e8000000)
  to   space 21824K,   0% used [0x00000000e5560000, 0x00000000e5560000, 0x00000000e6ab0000)
 concurrent mark-sweep generation total 393216K, used 0K [0x00000000e8000000, 0x0000000100000000, 0x0000000100000000)
 Metaspace       used 21492K, capacity 21881K, committed 22012K, reserved 1069056K
  class space    used 2484K, capacity 2642K, committed 2736K, reserved 1048576K
2017-03-03T12:53:19.442+0100: 2,883: [GC (Allocation Failure) 2017-03-03T12:53:19.442+0100: 2,883: [ParNew
Desired survivor size 20112992 bytes, new threshold 8 (max 8)
- age   1:     679104 bytes,     679104 total
- age   2:      18504 bytes,     697608 total
- age   3:     186624 bytes,     884232 total
- age   4:    1056776 bytes,    1941008 total
- age   5:     810480 bytes,    2751488 total
- age   6:    6684760 bytes,    9436248 total
: 102411K->11228K(109248K), 0,0097875 secs] 102411K->11228K(502464K), 0,0098677 secs] [Times: user=0,03 sys=0,00, real=0,01 secs] 
Heap after GC invocations=6 (full 1):
 par new generation   total 109248K, used 11228K [0x00000000e0000000, 0x00000000e8000000, 0x00000000e8000000)
  eden space 87424K,   0% used [0x00000000e0000000, 0x00000000e0000000, 0x00000000e5560000)
  from space 21824K,  51% used [0x00000000e5560000, 0x00000000e6057080, 0x00000000e6ab0000)
  to   space 21824K,   0% used [0x00000000e6ab0000, 0x00000000e6ab0000, 0x00000000e8000000)
 concurrent mark-sweep generation total 393216K, used 0K [0x00000000e8000000, 0x0000000100000000, 0x0000000100000000)
 Metaspace       used 21492K, capacity 21881K, committed 22012K, reserved 1069056K
  class space    used 2484K, capacity 2642K, committed 2736K, reserved 1048576K
}
2017-03-03T12:53:19.452+0100: 2,893: Total time for which application threads were stopped: 0,0101453 seconds, Stopping threads took: 0,0001325 seconds
2017-03-03T12:53:19.468+0100: 2,909: Total time for which application threads were stopped: 0,0003246 seconds, Stopping threads took: 0,0000208 seconds
2017-03-03T12:53:19.663+0100: 3,104: Total time for which application threads were stopped: 0,0004152 seconds, Stopping threads took: 0,0000392 seconds
2017-03-03T12:53:19.679+0100: 3,120: Total time for which application threads were stopped: 0,0004269 seconds, Stopping threads took: 0,0000290 seconds
{Heap before GC invocations=6 (full 1):
 par new generation   total 109248K, used 98652K [0x00000000e0000000, 0x00000000e8000000, 0x00000000e8000000)
  eden space 87424K, 100% used [0x00000000e0000000, 0x00000000e5560000, 0x00000000e5560000)
  from space 21824K,  51% used [0x00000000e5560000, 0x00000000e6057080, 0x00000000e6ab0000)
  to   space 21824K,   0% used [0x00000000e6ab0000, 0x00000000e6ab0000, 0x00000000e8000000)
 concurrent mark-sweep generation total 393216K, used 0K [0x00000000e8000000, 0x0000000100000000, 0x0000000100000000)
 Metaspace       used 24387K, capacity 24827K, committed 25136K, reserved 1071104K
  class space    used 2862K, capacity 3049K, committed 3120K, reserved 1048576K
2017-03-03T12:53:19.907+0100: 3,348: [GC (Allocation Failure) 2017-03-03T12:53:19.907+0100: 3,348: [ParNew
Desired survivor size 20112992 bytes, new threshold 8 (max 8)
- age   1:    5108752 bytes,    5108752 total
- age   2:     184440 bytes,    5293192 total
- age   3:      18472 bytes,    5311664 total
- age   4:     186048 bytes,    5497712 total
- age   5:     276792 bytes,    5774504 total
- age   6:     786360 bytes,    6560864 total
- age   7:    6675640 bytes,   13236504 total
: 98652K->18076K(109248K), 0,0394817 secs] 98652K->18076K(502464K), 0,0395680 secs] [Times: user=0,11 sys=0,00, real=0,04 secs] 
Heap after GC invocations=7 (full 1):
 par new generation   total 109248K, used 18076K [0x00000000e0000000, 0x00000000e8000000, 0x00000000e8000000)
  eden space 87424K,   0% used [0x00000000e0000000, 0x00000000e0000000, 0x00000000e5560000)
  from space 21824K,  82% used [0x00000000e6ab0000, 0x00000000e7c570e0, 0x00000000e8000000)
  to   space 21824K,   0% used [0x00000000e5560000, 0x00000000e5560000, 0x00000000e6ab0000)
 concurrent mark-sweep generation total 393216K, used 0K [0x00000000e8000000, 0x0000000100000000, 0x0000000100000000)
 Metaspace       used 24387K, capacity 24827K, committed 25136K, reserved 1071104K
  class space    used 2862K, capacity 3049K, committed 3120K, reserved 1048576K
}
2017-03-03T12:53:19.946+0100: 3,387: Total time for which application threads were stopped: 0,0402499 seconds, Stopping threads took: 0,0004262 seconds
{Heap before GC invocations=7 (full 1):
 par new generation   total 109248K, used 105500K [0x00000000e0000000, 0x00000000e8000000, 0x00000000e8000000)
  eden space 87424K, 100% used [0x00000000e0000000, 0x00000000e5560000, 0x00000000e5560000)
  from space 21824K,  82% used [0x00000000e6ab0000, 0x00000000e7c570e0, 0x00000000e8000000)
  to   space 21824K,   0% used [0x00000000e5560000, 0x00000000e5560000, 0x00000000e6ab0000)
 concurrent mark-sweep generation total 393216K, used 0K [0x00000000e8000000, 0x0000000100000000, 0x0000000100000000)
 Metaspace       used 25026K, capacity 25457K, committed 25648K, reserved 1071104K
  class space    used 2912K, capacity 3085K, committed 3120K, reserved 1048576K
2017-03-03T12:53:20.151+0100: 3,592: [GC (Allocation Failure) 2017-03-03T12:53:20.151+0100: 3,592: [ParNew
Desired survivor size 20112992 bytes, new threshold 8 (max 8)
- age   1:    1343536 bytes,    1343536 total
- age   2:    1362368 bytes,    2705904 total
- age   3:      86208 bytes,    2792112 total
- age   4:      13512 bytes,    2805624 total
- age   5:      98504 bytes,    2904128 total
- age   6:     185920 bytes,    3090048 total
- age   7:     734400 bytes,    3824448 total
- age   8:    6142952 bytes,    9967400 total
: 105500K->11997K(109248K), 0,0099848 secs] 105500K->11997K(502464K), 0,0100544 secs] [Times: user=0,04 sys=0,00, real=0,00 secs] 
Heap after GC invocations=8 (full 1):
 par new generation   total 109248K, used 11997K [0x00000000e0000000, 0x00000000e8000000, 0x00000000e8000000)
  eden space 87424K,   0% used [0x00000000e0000000, 0x00000000e0000000, 0x00000000e5560000)
  from space 21824K,  54% used [0x00000000e5560000, 0x00000000e61176b0, 0x00000000e6ab0000)
  to   space 21824K,   0% used [0x00000000e6ab0000, 0x00000000e6ab0000, 0x00000000e8000000)
 concurrent mark-sweep generation total 393216K, used 0K [0x00000000e8000000, 0x0000000100000000, 0x0000000100000000)
 Metaspace       used 25026K, capacity 25457K, committed 25648K, reserved 1071104K
  class space    used 2912K, capacity 3085K, committed 3120K, reserved 1048576K
}
2017-03-03T12:53:20.161+0100: 3,602: Total time for which application threads were stopped: 0,0102495 seconds, Stopping threads took: 0,0000392 seconds
2017-03-03T12:53:20.290+0100: 3,731: Total time for which application threads were stopped: 0,0005289 seconds, Stopping threads took: 0,0001504 seconds
2017-03-03T12:53:20.304+0100: 3,745: Total time for which application threads were stopped: 0,0003484 seconds, Stopping threads took: 0,0000205 seconds
2017-03-03T12:53:20.414+0100: 3,854: Total time for which application threads were stopped: 0,0065404 seconds, Stopping threads took: 0,0060667 seconds
2017-03-03T12:53:20.538+0100: 3,979: Total time for which application threads were stopped: 0,0025549 seconds, Stopping threads took: 0,0021105 seconds
2017-03-03T12:53:20.610+0100: 4,051: Total time for which application threads were stopped: 0,0007254 seconds, Stopping threads took: 0,0000270 seconds
2017-03-03T12:53:48.613+0100: 32,054: Total time for which application threads were stopped: 0,0000590 seconds, Stopping threads took: 0,0000162 seconds
2017-03-03T12:54:48.619+0100: 92,060: Total time for which application threads were stopped: 0,0000619 seconds, Stopping threads took: 0,0000162 seconds
2017-03-03T12:55:23.636+0100: 127,077: Total time for which application threads were stopped: 0,0000711 seconds, Stopping threads took: 0,0000291 seconds
2017-03-03T12:55:28.637+0100: 132,078: Total time for which application threads were stopped: 0,0000716 seconds, Stopping threads took: 0,0000186 seconds
2017-03-03T12:57:53.654+0100: 277,095: Total time for which application threads were stopped: 0,0000881 seconds, Stopping threads took: 0,0000344 seconds
2017-03-03T13:16:47.825+0100: 1411,266: Total time for which application threads were stopped: 0,0000833 seconds, Stopping threads took: 0,0000317 seconds
2017-03-03T13:37:59.157+0100: 1721,172: Total time for which application threads were stopped: 0,0000798 seconds, Stopping threads took: 0,0000326 seconds
2017-03-03T13:47:44.232+0100: 2306,247: Total time for which application threads were stopped: 0,0001173 seconds, Stopping threads took: 0,0000456 seconds
2017-03-03T13:47:45.232+0100: 2307,247: Total time for which application threads were stopped: 0,0000908 seconds, Stopping threads took: 0,0000216 seconds
2017-03-03T13:51:34.261+0100: 2536,277: Total time for which application threads were stopped: 0,0001422 seconds, Stopping threads took: 0,0000514 seconds
2017-03-03T13:51:50.263+0100: 2552,279: Total time for which application threads were stopped: 0,0001300 seconds, Stopping threads took: 0,0000466 seconds
2017-03-03T13:56:50.196+0100: 2851,310: Total time for which application threads were stopped: 0,0003681 seconds, Stopping threads took: 0,0001682 seconds
2017-03-03T14:00:37.512+0100: 3078,626: Total time for which application threads were stopped: 0,0001641 seconds, Stopping threads took: 0,0000303 seconds
2017-03-03T14:00:37.514+0100: 3078,628: Total time for which application threads were stopped: 0,0001176 seconds, Stopping threads took: 0,0000244 seconds
Heap
 par new generation   total 109248K, used 76688K [0x00000000e0000000, 0x00000000e8000000, 0x00000000e8000000)
  eden space 87424K,  73% used [0x00000000e0000000, 0x00000000e3f2cb10, 0x00000000e5560000)
  from space 21824K,  54% used [0x00000000e5560000, 0x00000000e61176b0, 0x00000000e6ab0000)
  to   space 21824K,   0% used [0x00000000e6ab0000, 0x00000000e6ab0000, 0x00000000e8000000)
 concurrent mark-sweep generation total 393216K, used 0K [0x00000000e8000000, 0x0000000100000000, 0x0000000100000000)
 Metaspace       used 28074K, capacity 28607K, committed 28848K, reserved 1075200K
  class space    used 3230K, capacity 3426K, committed 3504K, reserved 1048576K
