OpenJDK 64-Bit Server VM (25.111-b14) for linux-amd64 JRE (1.8.0_111-8u111-b14-2ubuntu0.16.04.2-b14), built on Oct 27 2016 18:10:19 by "buildd" with gcc 5.4.0 20160609
Memory: 4k page, physical 7867804k(7509828k free), swap 8076284k(8076284k free)
CommandLine flags: -XX:CMSInitiatingOccupancyFraction=50 -XX:CMSMaxAbortablePrecleanTime=6000 -XX:+CMSParallelRemarkEnabled -XX:+CMSScavengeBeforeRemark -XX:ConcGCThreads=4 -XX:InitialHeapSize=536870912 -XX:MaxHeapSize=536870912 -XX:MaxTenuringThreshold=8 -XX:NewRatio=3 -XX:OldPLABSize=16 -XX:OnOutOfMemoryError=/opt/solr/bin/oom_solr.sh 8983 /var/solr/logs -XX:ParallelGCThreads=4 -XX:+ParallelRefProcEnabled -XX:PretenureSizeThreshold=67108864 -XX:+PrintGC -XX:+PrintGCApplicationStoppedTime -XX:+PrintGCDateStamps -XX:+PrintGCDetails -XX:+PrintGCTimeStamps -XX:+PrintHeapAtGC -XX:+PrintTenuringDistribution -XX:SurvivorRatio=4 -XX:TargetSurvivorRatio=90 -XX:ThreadStackSize=256 -XX:+UseCMSInitiatingOccupancyOnly -XX:+UseCompressedClassPointers -XX:+UseCompressedOops -XX:+UseConcMarkSweepGC -XX:+UseParNewGC 
2017-01-08T10:46:49.358+0100: 0,131: Total time for which application threads were stopped: 0,0000653 seconds, Stopping threads took: 0,0000091 seconds
2017-01-08T10:46:49.435+0100: 0,207: Total time for which application threads were stopped: 0,0001641 seconds, Stopping threads took: 0,0000259 seconds
2017-01-08T10:46:49.449+0100: 0,221: Total time for which application threads were stopped: 0,0001092 seconds, Stopping threads took: 0,0000183 seconds
2017-01-08T10:46:49.681+0100: 0,453: Total time for which application threads were stopped: 0,0001449 seconds, Stopping threads took: 0,0000121 seconds
2017-01-08T10:46:50.127+0100: 0,900: Total time for which application threads were stopped: 0,0001661 seconds, Stopping threads took: 0,0000270 seconds
2017-01-08T10:46:50.233+0100: 1,005: Total time for which application threads were stopped: 0,0001926 seconds, Stopping threads took: 0,0000334 seconds
2017-01-08T10:46:50.290+0100: 1,063: Total time for which application threads were stopped: 0,0001687 seconds, Stopping threads took: 0,0000290 seconds
2017-01-08T10:46:50.643+0100: 1,415: Total time for which application threads were stopped: 0,0004103 seconds, Stopping threads took: 0,0000278 seconds
2017-01-08T10:46:50.864+0100: 1,637: Total time for which application threads were stopped: 0,0002350 seconds, Stopping threads took: 0,0000178 seconds
2017-01-08T10:46:50.894+0100: 1,667: Total time for which application threads were stopped: 0,0001768 seconds, Stopping threads took: 0,0000166 seconds
2017-01-08T10:46:50.895+0100: 1,667: Total time for which application threads were stopped: 0,0001134 seconds, Stopping threads took: 0,0000184 seconds
2017-01-08T10:46:50.910+0100: 1,682: Total time for which application threads were stopped: 0,0001660 seconds, Stopping threads took: 0,0000244 seconds
2017-01-08T10:46:51.003+0100: 1,775: Total time for which application threads were stopped: 0,0002278 seconds, Stopping threads took: 0,0000260 seconds
2017-01-08T10:46:51.136+0100: 1,909: Total time for which application threads were stopped: 0,0002240 seconds, Stopping threads took: 0,0000159 seconds
{Heap before GC invocations=0 (full 0):
 par new generation   total 109248K, used 87424K [0x00000000e0000000, 0x00000000e8000000, 0x00000000e8000000)
  eden space 87424K, 100% used [0x00000000e0000000, 0x00000000e5560000, 0x00000000e5560000)
  from space 21824K,   0% used [0x00000000e5560000, 0x00000000e5560000, 0x00000000e6ab0000)
  to   space 21824K,   0% used [0x00000000e6ab0000, 0x00000000e6ab0000, 0x00000000e8000000)
 concurrent mark-sweep generation total 393216K, used 0K [0x00000000e8000000, 0x0000000100000000, 0x0000000100000000)
 Metaspace       used 18094K, capacity 18366K, committed 18560K, reserved 1064960K
  class space    used 2054K, capacity 2162K, committed 2176K, reserved 1048576K
2017-01-08T10:46:51.261+0100: 2,033: [GC (Allocation Failure) 2017-01-08T10:46:51.261+0100: 2,033: [ParNew
Desired survivor size 20112992 bytes, new threshold 8 (max 8)
- age   1:   12324352 bytes,   12324352 total
: 87424K->12150K(109248K), 0,0147315 secs] 87424K->12150K(502464K), 0,0148220 secs] [Times: user=0,04 sys=0,01, real=0,01 secs] 
Heap after GC invocations=1 (full 0):
 par new generation   total 109248K, used 12150K [0x00000000e0000000, 0x00000000e8000000, 0x00000000e8000000)
  eden space 87424K,   0% used [0x00000000e0000000, 0x00000000e0000000, 0x00000000e5560000)
  from space 21824K,  55% used [0x00000000e6ab0000, 0x00000000e768da60, 0x00000000e8000000)
  to   space 21824K,   0% used [0x00000000e5560000, 0x00000000e5560000, 0x00000000e6ab0000)
 concurrent mark-sweep generation total 393216K, used 0K [0x00000000e8000000, 0x0000000100000000, 0x0000000100000000)
 Metaspace       used 18094K, capacity 18366K, committed 18560K, reserved 1064960K
  class space    used 2054K, capacity 2162K, committed 2176K, reserved 1048576K
}
2017-01-08T10:46:51.276+0100: 2,048: Total time for which application threads were stopped: 0,0150237 seconds, Stopping threads took: 0,0000487 seconds
2017-01-08T10:46:51.437+0100: 2,210: Total time for which application threads were stopped: 0,0003101 seconds, Stopping threads took: 0,0000354 seconds
2017-01-08T10:46:51.476+0100: 2,248: Total time for which application threads were stopped: 0,0003341 seconds, Stopping threads took: 0,0000421 seconds
2017-01-08T10:46:51.512+0100: 2,284: Total time for which application threads were stopped: 0,0003389 seconds, Stopping threads took: 0,0000272 seconds
{Heap before GC invocations=1 (full 0):
 par new generation   total 109248K, used 99574K [0x00000000e0000000, 0x00000000e8000000, 0x00000000e8000000)
  eden space 87424K, 100% used [0x00000000e0000000, 0x00000000e5560000, 0x00000000e5560000)
  from space 21824K,  55% used [0x00000000e6ab0000, 0x00000000e768da60, 0x00000000e8000000)
  to   space 21824K,   0% used [0x00000000e5560000, 0x00000000e5560000, 0x00000000e6ab0000)
 concurrent mark-sweep generation total 393216K, used 0K [0x00000000e8000000, 0x0000000100000000, 0x0000000100000000)
 Metaspace       used 20747K, capacity 21084K, committed 21248K, reserved 1069056K
  class space    used 2404K, capacity 2518K, committed 2560K, reserved 1048576K
2017-01-08T10:46:51.683+0100: 2,455: [GC (Allocation Failure) 2017-01-08T10:46:51.683+0100: 2,455: [ParNew
Desired survivor size 20112992 bytes, new threshold 8 (max 8)
- age   1:    2901696 bytes,    2901696 total
- age   2:    6103064 bytes,    9004760 total
: 99574K->15017K(109248K), 0,0202344 secs] 99574K->15017K(502464K), 0,0202951 secs] [Times: user=0,05 sys=0,01, real=0,02 secs] 
Heap after GC invocations=2 (full 0):
 par new generation   total 109248K, used 15017K [0x00000000e0000000, 0x00000000e8000000, 0x00000000e8000000)
  eden space 87424K,   0% used [0x00000000e0000000, 0x00000000e0000000, 0x00000000e5560000)
  from space 21824K,  68% used [0x00000000e5560000, 0x00000000e640a6c0, 0x00000000e6ab0000)
  to   space 21824K,   0% used [0x00000000e6ab0000, 0x00000000e6ab0000, 0x00000000e8000000)
 concurrent mark-sweep generation total 393216K, used 0K [0x00000000e8000000, 0x0000000100000000, 0x0000000100000000)
 Metaspace       used 20747K, capacity 21084K, committed 21248K, reserved 1069056K
  class space    used 2404K, capacity 2518K, committed 2560K, reserved 1048576K
}
2017-01-08T10:46:51.703+0100: 2,476: Total time for which application threads were stopped: 0,0224287 seconds, Stopping threads took: 0,0019461 seconds
2017-01-08T10:46:51.753+0100: 2,525: Total time for which application threads were stopped: 0,0000732 seconds, Stopping threads took: 0,0000142 seconds
2017-01-08T10:46:51.790+0100: 2,562: Total time for which application threads were stopped: 0,0000917 seconds, Stopping threads took: 0,0000254 seconds
2017-01-08T10:46:51.791+0100: 2,563: Total time for which application threads were stopped: 0,0002450 seconds, Stopping threads took: 0,0000149 seconds
2017-01-08T10:46:51.817+0100: 2,589: Total time for which application threads were stopped: 0,0000762 seconds, Stopping threads took: 0,0000166 seconds
2017-01-08T10:46:51.888+0100: 2,660: Total time for which application threads were stopped: 0,0001510 seconds, Stopping threads took: 0,0000283 seconds
2017-01-08T10:46:51.921+0100: 2,693: Total time for which application threads were stopped: 0,0000949 seconds, Stopping threads took: 0,0000232 seconds
2017-01-08T10:46:51.929+0100: 2,701: Total time for which application threads were stopped: 0,0003171 seconds, Stopping threads took: 0,0000390 seconds
2017-01-08T10:46:51.936+0100: 2,709: Total time for which application threads were stopped: 0,0000664 seconds, Stopping threads took: 0,0000137 seconds
2017-01-08T10:46:51.938+0100: 2,710: Total time for which application threads were stopped: 0,0002616 seconds, Stopping threads took: 0,0000198 seconds
2017-01-08T10:46:51.982+0100: 2,755: Total time for which application threads were stopped: 0,0000808 seconds, Stopping threads took: 0,0000159 seconds
2017-01-08T10:46:52.003+0100: 2,776: Total time for which application threads were stopped: 0,0000834 seconds, Stopping threads took: 0,0000181 seconds
2017-01-08T10:46:52.021+0100: 2,793: Total time for which application threads were stopped: 0,0000795 seconds, Stopping threads took: 0,0000188 seconds
2017-01-08T10:46:52.037+0100: 2,809: Total time for which application threads were stopped: 0,0000852 seconds, Stopping threads took: 0,0000216 seconds
2017-01-08T10:46:52.059+0100: 2,831: Total time for which application threads were stopped: 0,0000860 seconds, Stopping threads took: 0,0000126 seconds
2017-01-08T10:46:52.120+0100: 2,892: Total time for which application threads were stopped: 0,0001046 seconds, Stopping threads took: 0,0000364 seconds
2017-01-08T10:46:52.144+0100: 2,917: Total time for which application threads were stopped: 0,0001216 seconds, Stopping threads took: 0,0000300 seconds
{Heap before GC invocations=2 (full 0):
 par new generation   total 109248K, used 102441K [0x00000000e0000000, 0x00000000e8000000, 0x00000000e8000000)
  eden space 87424K, 100% used [0x00000000e0000000, 0x00000000e5560000, 0x00000000e5560000)
  from space 21824K,  68% used [0x00000000e5560000, 0x00000000e640a6c0, 0x00000000e6ab0000)
  to   space 21824K,   0% used [0x00000000e6ab0000, 0x00000000e6ab0000, 0x00000000e8000000)
 concurrent mark-sweep generation total 393216K, used 0K [0x00000000e8000000, 0x0000000100000000, 0x0000000100000000)
 Metaspace       used 24894K, capacity 25220K, committed 25536K, reserved 1071104K
  class space    used 2897K, capacity 3024K, committed 3144K, reserved 1048576K
2017-01-08T10:46:52.166+0100: 2,939: [GC (Allocation Failure) 2017-01-08T10:46:52.166+0100: 2,939: [ParNew
Desired survivor size 20112992 bytes, new threshold 8 (max 8)
- age   1:    6696448 bytes,    6696448 total
- age   2:     550528 bytes,    7246976 total
- age   3:    6084888 bytes,   13331864 total
: 102441K->14264K(109248K), 0,0121441 secs] 102441K->14264K(502464K), 0,0122354 secs] [Times: user=0,05 sys=0,00, real=0,01 secs] 
Heap after GC invocations=3 (full 0):
 par new generation   total 109248K, used 14264K [0x00000000e0000000, 0x00000000e8000000, 0x00000000e8000000)
  eden space 87424K,   0% used [0x00000000e0000000, 0x00000000e0000000, 0x00000000e5560000)
  from space 21824K,  65% used [0x00000000e6ab0000, 0x00000000e789e2c0, 0x00000000e8000000)
  to   space 21824K,   0% used [0x00000000e5560000, 0x00000000e5560000, 0x00000000e6ab0000)
 concurrent mark-sweep generation total 393216K, used 0K [0x00000000e8000000, 0x0000000100000000, 0x0000000100000000)
 Metaspace       used 24894K, capacity 25220K, committed 25536K, reserved 1071104K
  class space    used 2897K, capacity 3024K, committed 3144K, reserved 1048576K
}
2017-01-08T10:46:52.179+0100: 2,951: Total time for which application threads were stopped: 0,0124169 seconds, Stopping threads took: 0,0000290 seconds
2017-01-08T10:46:52.180+0100: 2,953: [GC (CMS Initial Mark) [1 CMS-initial-mark: 0K(393216K)] 15667K(502464K), 0,0033973 secs] [Times: user=0,00 sys=0,00, real=0,00 secs] 
2017-01-08T10:46:52.184+0100: 2,956: Total time for which application threads were stopped: 0,0036477 seconds, Stopping threads took: 0,0001664 seconds
2017-01-08T10:46:52.184+0100: 2,956: [CMS-concurrent-mark-start]
2017-01-08T10:46:52.184+0100: 2,957: [CMS-concurrent-mark: 0,000/0,000 secs] [Times: user=0,00 sys=0,00, real=0,00 secs] 
2017-01-08T10:46:52.184+0100: 2,957: [CMS-concurrent-preclean-start]
2017-01-08T10:46:52.186+0100: 2,958: [CMS-concurrent-preclean: 0,001/0,001 secs] [Times: user=0,01 sys=0,00, real=0,00 secs] 
2017-01-08T10:46:52.186+0100: 2,958: [GC (CMS Final Remark) [YG occupancy: 15667 K (109248 K)]{Heap before GC invocations=3 (full 1):
 par new generation   total 109248K, used 15667K [0x00000000e0000000, 0x00000000e8000000, 0x00000000e8000000)
  eden space 87424K,   1% used [0x00000000e0000000, 0x00000000e015e960, 0x00000000e5560000)
  from space 21824K,  65% used [0x00000000e6ab0000, 0x00000000e789e2c0, 0x00000000e8000000)
  to   space 21824K,   0% used [0x00000000e5560000, 0x00000000e5560000, 0x00000000e6ab0000)
 concurrent mark-sweep generation total 393216K, used 0K [0x00000000e8000000, 0x0000000100000000, 0x0000000100000000)
 Metaspace       used 24935K, capacity 25316K, committed 25536K, reserved 1071104K
  class space    used 2902K, capacity 3056K, committed 3144K, reserved 1048576K
2017-01-08T10:46:52.186+0100: 2,958: [GC (CMS Final Remark) 2017-01-08T10:46:52.186+0100: 2,958: [ParNew
Desired survivor size 20112992 bytes, new threshold 8 (max 8)
- age   1:      42840 bytes,      42840 total
- age   2:    3149608 bytes,    3192448 total
- age   3:     550512 bytes,    3742960 total
- age   4:    6084888 bytes,    9827848 total
: 15667K->13479K(109248K), 0,0127116 secs] 15667K->13479K(502464K), 0,0127635 secs] [Times: user=0,05 sys=0,00, real=0,01 secs] 
Heap after GC invocations=4 (full 1):
 par new generation   total 109248K, used 13479K [0x00000000e0000000, 0x00000000e8000000, 0x00000000e8000000)
  eden space 87424K,   0% used [0x00000000e0000000, 0x00000000e0000000, 0x00000000e5560000)
  from space 21824K,  61% used [0x00000000e5560000, 0x00000000e6289d58, 0x00000000e6ab0000)
  to   space 21824K,   0% used [0x00000000e6ab0000, 0x00000000e6ab0000, 0x00000000e8000000)
 concurrent mark-sweep generation total 393216K, used 0K [0x00000000e8000000, 0x0000000100000000, 0x0000000100000000)
 Metaspace       used 24935K, capacity 25316K, committed 25536K, reserved 1071104K
  class space    used 2902K, capacity 3056K, committed 3144K, reserved 1048576K
}
2017-01-08T10:46:52.199+0100: 2,971: [Rescan (parallel) , 0,0040832 secs]2017-01-08T10:46:52.203+0100: 2,975: [weak refs processing, 0,0012141 secs]2017-01-08T10:46:52.204+0100: 2,976: [class unloading, 0,0031810 secs]2017-01-08T10:46:52.207+0100: 2,980: [scrub symbol table, 0,0045617 secs]2017-01-08T10:46:52.212+0100: 2,984: [scrub string table, 0,0004222 secs][1 CMS-remark: 0K(393216K)] 13479K(502464K), 0,0269708 secs] [Times: user=0,08 sys=0,00, real=0,03 secs] 
2017-01-08T10:46:52.213+0100: 2,985: Total time for which application threads were stopped: 0,0270941 seconds, Stopping threads took: 0,0000394 seconds
2017-01-08T10:46:52.213+0100: 2,985: [CMS-concurrent-sweep-start]
2017-01-08T10:46:52.213+0100: 2,985: [CMS-concurrent-sweep: 0,000/0,000 secs] [Times: user=0,00 sys=0,00, real=0,00 secs] 
2017-01-08T10:46:52.213+0100: 2,985: [CMS-concurrent-reset-start]
2017-01-08T10:46:52.215+0100: 2,987: [CMS-concurrent-reset: 0,002/0,002 secs] [Times: user=0,01 sys=0,00, real=0,00 secs] 
2017-01-08T10:46:52.265+0100: 3,038: Total time for which application threads were stopped: 0,0004038 seconds, Stopping threads took: 0,0000270 seconds
2017-01-08T10:46:53.266+0100: 4,038: Total time for which application threads were stopped: 0,0001021 seconds, Stopping threads took: 0,0000193 seconds
2017-01-08T10:46:53.282+0100: 4,055: Total time for which application threads were stopped: 0,0002983 seconds, Stopping threads took: 0,0000178 seconds
2017-01-08T10:47:21.285+0100: 32,058: Total time for which application threads were stopped: 0,0004306 seconds, Stopping threads took: 0,0001237 seconds
2017-01-08T10:49:31.303+0100: 162,075: Total time for which application threads were stopped: 0,0005530 seconds, Stopping threads took: 0,0002983 seconds
2017-01-08T10:49:36.304+0100: 167,076: Total time for which application threads were stopped: 0,0003147 seconds, Stopping threads took: 0,0000938 seconds
2017-01-08T10:49:45.607+0100: 176,379: Total time for which application threads were stopped: 0,0001318 seconds, Stopping threads took: 0,0000253 seconds
Heap
 par new generation   total 109248K, used 56914K [0x00000000e0000000, 0x00000000e8000000, 0x00000000e8000000)
  eden space 87424K,  49% used [0x00000000e0000000, 0x00000000e2a6ad78, 0x00000000e5560000)
  from space 21824K,  61% used [0x00000000e5560000, 0x00000000e6289d58, 0x00000000e6ab0000)
  to   space 21824K,   0% used [0x00000000e6ab0000, 0x00000000e6ab0000, 0x00000000e8000000)
 concurrent mark-sweep generation total 393216K, used 0K [0x00000000e8000000, 0x0000000100000000, 0x0000000100000000)
 Metaspace       used 27241K, capacity 27728K, committed 27972K, reserved 1073152K
  class space    used 3167K, capacity 3320K, committed 3400K, reserved 1048576K
