OpenJDK 64-Bit Server VM (25.131-b11) for linux-amd64 JRE (1.8.0_131-8u131-b11-2ubuntu1.16.04.3-b11), built on Jul 28 2017 01:23:32 by "buildd" with gcc 5.4.0 20160609
Memory: 4k page, physical 7867732k(7463812k free), swap 8076284k(8076284k free)
CommandLine flags: -XX:CMSInitiatingOccupancyFraction=50 -XX:CMSMaxAbortablePrecleanTime=6000 -XX:+CMSParallelRemarkEnabled -XX:+CMSScavengeBeforeRemark -XX:ConcGCThreads=4 -XX:InitialHeapSize=536870912 -XX:MaxHeapSize=536870912 -XX:MaxTenuringThreshold=8 -XX:NewRatio=3 -XX:OldPLABSize=16 -XX:OnOutOfMemoryError=/opt/solr/bin/oom_solr.sh 8983 /var/solr/logs -XX:ParallelGCThreads=4 -XX:+ParallelRefProcEnabled -XX:PretenureSizeThreshold=67108864 -XX:+PrintGC -XX:+PrintGCApplicationStoppedTime -XX:+PrintGCDateStamps -XX:+PrintGCDetails -XX:+PrintGCTimeStamps -XX:+PrintHeapAtGC -XX:+PrintTenuringDistribution -XX:SurvivorRatio=4 -XX:TargetSurvivorRatio=90 -XX:ThreadStackSize=256 -XX:+UseCMSInitiatingOccupancyOnly -XX:+UseCompressedClassPointers -XX:+UseCompressedOops -XX:+UseConcMarkSweepGC -XX:+UseParNewGC 
2017-08-15T09:18:53.961+0200: 0,200: Total time for which application threads were stopped: 0,0000743 seconds, Stopping threads took: 0,0000127 seconds
2017-08-15T09:18:54.069+0200: 0,308: Total time for which application threads were stopped: 0,0000976 seconds, Stopping threads took: 0,0000170 seconds
2017-08-15T09:18:54.087+0200: 0,325: Total time for which application threads were stopped: 0,0001775 seconds, Stopping threads took: 0,0000275 seconds
2017-08-15T09:18:54.414+0200: 0,652: Total time for which application threads were stopped: 0,0001759 seconds, Stopping threads took: 0,0000206 seconds
2017-08-15T09:18:54.834+0200: 1,072: Total time for which application threads were stopped: 0,0001422 seconds, Stopping threads took: 0,0000110 seconds
2017-08-15T09:18:54.918+0200: 1,157: Total time for which application threads were stopped: 0,0002926 seconds, Stopping threads took: 0,0000420 seconds
2017-08-15T09:18:54.996+0200: 1,235: Total time for which application threads were stopped: 0,0001733 seconds, Stopping threads took: 0,0000280 seconds
2017-08-15T09:18:55.298+0200: 1,537: Total time for which application threads were stopped: 0,0001719 seconds, Stopping threads took: 0,0000226 seconds
2017-08-15T09:18:55.565+0200: 1,803: Total time for which application threads were stopped: 0,0002019 seconds, Stopping threads took: 0,0000160 seconds
2017-08-15T09:18:55.593+0200: 1,831: Total time for which application threads were stopped: 0,0003056 seconds, Stopping threads took: 0,0000146 seconds
2017-08-15T09:18:55.633+0200: 1,871: Total time for which application threads were stopped: 0,0002327 seconds, Stopping threads took: 0,0000220 seconds
2017-08-15T09:18:55.634+0200: 1,873: Total time for which application threads were stopped: 0,0001879 seconds, Stopping threads took: 0,0000155 seconds
2017-08-15T09:18:55.658+0200: 1,897: Total time for which application threads were stopped: 0,0010501 seconds, Stopping threads took: 0,0001134 seconds
2017-08-15T09:18:55.733+0200: 1,971: Total time for which application threads were stopped: 0,0002215 seconds, Stopping threads took: 0,0000247 seconds
2017-08-15T09:18:55.916+0200: 2,154: Total time for which application threads were stopped: 0,0002602 seconds, Stopping threads took: 0,0000337 seconds
{Heap before GC invocations=0 (full 0):
 par new generation   total 109248K, used 87424K [0x00000000e0000000, 0x00000000e8000000, 0x00000000e8000000)
  eden space 87424K, 100% used [0x00000000e0000000, 0x00000000e5560000, 0x00000000e5560000)
  from space 21824K,   0% used [0x00000000e5560000, 0x00000000e5560000, 0x00000000e6ab0000)
  to   space 21824K,   0% used [0x00000000e6ab0000, 0x00000000e6ab0000, 0x00000000e8000000)
 concurrent mark-sweep generation total 393216K, used 0K [0x00000000e8000000, 0x0000000100000000, 0x0000000100000000)
 Metaspace       used 18018K, capacity 18336K, committed 18688K, reserved 1064960K
  class space    used 2035K, capacity 2196K, committed 2304K, reserved 1048576K
2017-08-15T09:18:56.001+0200: 2,240: [GC (Allocation Failure) 2017-08-15T09:18:56.001+0200: 2,240: [ParNew
Desired survivor size 20112992 bytes, new threshold 8 (max 8)
- age   1:   12605776 bytes,   12605776 total
: 87424K->12421K(109248K), 0,0158054 secs] 87424K->12421K(502464K), 0,0159327 secs] [Times: user=0,04 sys=0,02, real=0,01 secs] 
Heap after GC invocations=1 (full 0):
 par new generation   total 109248K, used 12421K [0x00000000e0000000, 0x00000000e8000000, 0x00000000e8000000)
  eden space 87424K,   0% used [0x00000000e0000000, 0x00000000e0000000, 0x00000000e5560000)
  from space 21824K,  56% used [0x00000000e6ab0000, 0x00000000e76d15a0, 0x00000000e8000000)
  to   space 21824K,   0% used [0x00000000e5560000, 0x00000000e5560000, 0x00000000e6ab0000)
 concurrent mark-sweep generation total 393216K, used 0K [0x00000000e8000000, 0x0000000100000000, 0x0000000100000000)
 Metaspace       used 18018K, capacity 18336K, committed 18688K, reserved 1064960K
  class space    used 2035K, capacity 2196K, committed 2304K, reserved 1048576K
}
2017-08-15T09:18:56.017+0200: 2,256: Total time for which application threads were stopped: 0,0162044 seconds, Stopping threads took: 0,0000448 seconds
2017-08-15T09:18:56.368+0200: 2,607: Total time for which application threads were stopped: 0,0003454 seconds, Stopping threads took: 0,0000556 seconds
2017-08-15T09:18:56.407+0200: 2,645: Total time for which application threads were stopped: 0,0004151 seconds, Stopping threads took: 0,0000730 seconds
{Heap before GC invocations=1 (full 0):
 par new generation   total 109248K, used 99845K [0x00000000e0000000, 0x00000000e8000000, 0x00000000e8000000)
  eden space 87424K, 100% used [0x00000000e0000000, 0x00000000e5560000, 0x00000000e5560000)
  from space 21824K,  56% used [0x00000000e6ab0000, 0x00000000e76d15a0, 0x00000000e8000000)
  to   space 21824K,   0% used [0x00000000e5560000, 0x00000000e5560000, 0x00000000e6ab0000)
 concurrent mark-sweep generation total 393216K, used 0K [0x00000000e8000000, 0x0000000100000000, 0x0000000100000000)
 Metaspace       used 20045K, capacity 20358K, committed 20736K, reserved 1067008K
  class space    used 2295K, capacity 2467K, committed 2560K, reserved 1048576K
2017-08-15T09:18:56.411+0200: 2,649: [GC (Allocation Failure) 2017-08-15T09:18:56.411+0200: 2,649: [ParNew
Desired survivor size 20112992 bytes, new threshold 8 (max 8)
- age   1:    3831600 bytes,    3831600 total
- age   2:    6675792 bytes,   10507392 total
: 99845K->13721K(109248K), 0,0194647 secs] 99845K->13721K(502464K), 0,0195275 secs] [Times: user=0,07 sys=0,00, real=0,02 secs] 
Heap after GC invocations=2 (full 0):
 par new generation   total 109248K, used 13721K [0x00000000e0000000, 0x00000000e8000000, 0x00000000e8000000)
  eden space 87424K,   0% used [0x00000000e0000000, 0x00000000e0000000, 0x00000000e5560000)
  from space 21824K,  62% used [0x00000000e5560000, 0x00000000e62c66c8, 0x00000000e6ab0000)
  to   space 21824K,   0% used [0x00000000e6ab0000, 0x00000000e6ab0000, 0x00000000e8000000)
 concurrent mark-sweep generation total 393216K, used 0K [0x00000000e8000000, 0x0000000100000000, 0x0000000100000000)
 Metaspace       used 20045K, capacity 20358K, committed 20736K, reserved 1067008K
  class space    used 2295K, capacity 2467K, committed 2560K, reserved 1048576K
}
2017-08-15T09:18:56.430+0200: 2,669: Total time for which application threads were stopped: 0,0197582 seconds, Stopping threads took: 0,0001012 seconds
2017-08-15T09:18:56.468+0200: 2,706: Total time for which application threads were stopped: 0,0003223 seconds, Stopping threads took: 0,0000461 seconds
2017-08-15T09:18:56.589+0200: 2,827: Total time for which application threads were stopped: 0,0002469 seconds, Stopping threads took: 0,0001279 seconds
{Heap before GC invocations=2 (full 0):
 par new generation   total 109248K, used 101145K [0x00000000e0000000, 0x00000000e8000000, 0x00000000e8000000)
  eden space 87424K, 100% used [0x00000000e0000000, 0x00000000e5560000, 0x00000000e5560000)
  from space 21824K,  62% used [0x00000000e5560000, 0x00000000e62c66c8, 0x00000000e6ab0000)
  to   space 21824K,   0% used [0x00000000e6ab0000, 0x00000000e6ab0000, 0x00000000e8000000)
 concurrent mark-sweep generation total 393216K, used 0K [0x00000000e8000000, 0x0000000100000000, 0x0000000100000000)
 Metaspace       used 20972K, capacity 21280K, committed 21628K, reserved 1069056K
  class space    used 2417K, capacity 2586K, committed 2684K, reserved 1048576K
2017-08-15T09:18:56.615+0200: 2,854: [GC (Allocation Failure) 2017-08-15T09:18:56.615+0200: 2,854: [ParNew
Desired survivor size 20112992 bytes, new threshold 8 (max 8)
- age   1:    2000888 bytes,    2000888 total
- age   2:     867160 bytes,    2868048 total
- age   3:    6670896 bytes,    9538944 total
: 101145K->11615K(109248K), 0,0152029 secs] 101145K->11615K(502464K), 0,0152909 secs] [Times: user=0,05 sys=0,00, real=0,02 secs] 
Heap after GC invocations=3 (full 0):
 par new generation   total 109248K, used 11615K [0x00000000e0000000, 0x00000000e8000000, 0x00000000e8000000)
  eden space 87424K,   0% used [0x00000000e0000000, 0x00000000e0000000, 0x00000000e5560000)
  from space 21824K,  53% used [0x00000000e6ab0000, 0x00000000e7607e40, 0x00000000e8000000)
  to   space 21824K,   0% used [0x00000000e5560000, 0x00000000e5560000, 0x00000000e6ab0000)
 concurrent mark-sweep generation total 393216K, used 0K [0x00000000e8000000, 0x0000000100000000, 0x0000000100000000)
 Metaspace       used 20972K, capacity 21280K, committed 21628K, reserved 1069056K
  class space    used 2417K, capacity 2586K, committed 2684K, reserved 1048576K
}
2017-08-15T09:18:56.631+0200: 2,869: Total time for which application threads were stopped: 0,0155037 seconds, Stopping threads took: 0,0000594 seconds
2017-08-15T09:18:56.631+0200: 2,869: [GC (CMS Initial Mark) [1 CMS-initial-mark: 0K(393216K)] 12347K(502464K), 0,0039545 secs] [Times: user=0,01 sys=0,00, real=0,00 secs] 
2017-08-15T09:18:56.635+0200: 2,873: Total time for which application threads were stopped: 0,0041064 seconds, Stopping threads took: 0,0000531 seconds
2017-08-15T09:18:56.635+0200: 2,873: [CMS-concurrent-mark-start]
2017-08-15T09:18:56.635+0200: 2,874: [CMS-concurrent-mark: 0,001/0,001 secs] [Times: user=0,00 sys=0,00, real=0,00 secs] 
2017-08-15T09:18:56.635+0200: 2,874: [CMS-concurrent-preclean-start]
2017-08-15T09:18:56.636+0200: 2,875: [CMS-concurrent-preclean: 0,001/0,001 secs] [Times: user=0,00 sys=0,00, real=0,00 secs] 
2017-08-15T09:18:56.636+0200: 2,875: [CMS-concurrent-abortable-preclean-start]
2017-08-15T09:18:56.733+0200: 2,971: Total time for which application threads were stopped: 0,0001947 seconds, Stopping threads took: 0,0000891 seconds
2017-08-15T09:18:56.733+0200: 2,971: [CMS-concurrent-abortable-preclean: 0,070/0,096 secs] [Times: user=0,37 sys=0,00, real=0,10 secs] 
2017-08-15T09:18:56.745+0200: 2,984: [GC (CMS Final Remark) [YG occupancy: 90443 K (109248 K)]{Heap before GC invocations=3 (full 1):
 par new generation   total 109248K, used 90443K [0x00000000e0000000, 0x00000000e8000000, 0x00000000e8000000)
  eden space 87424K,  90% used [0x00000000e0000000, 0x00000000e4cfb1b8, 0x00000000e5560000)
  from space 21824K,  53% used [0x00000000e6ab0000, 0x00000000e7607e40, 0x00000000e8000000)
  to   space 21824K,   0% used [0x00000000e5560000, 0x00000000e5560000, 0x00000000e6ab0000)
 concurrent mark-sweep generation total 393216K, used 0K [0x00000000e8000000, 0x0000000100000000, 0x0000000100000000)
 Metaspace       used 21220K, capacity 21550K, committed 21884K, reserved 1069056K
  class space    used 2444K, capacity 2602K, committed 2684K, reserved 1048576K
2017-08-15T09:18:56.745+0200: 2,984: [GC (CMS Final Remark) 2017-08-15T09:18:56.746+0200: 2,984: [ParNew
Desired survivor size 20112992 bytes, new threshold 8 (max 8)
- age   1:    1750048 bytes,    1750048 total
- age   2:    1455816 bytes,    3205864 total
- age   3:     847432 bytes,    4053296 total
- age   4:    6670976 bytes,   10724272 total
: 90443K->14767K(109248K), 0,0108318 secs] 90443K->14767K(502464K), 0,0108753 secs] [Times: user=0,04 sys=0,00, real=0,01 secs] 
Heap after GC invocations=4 (full 1):
 par new generation   total 109248K, used 14767K [0x00000000e0000000, 0x00000000e8000000, 0x00000000e8000000)
  eden space 87424K,   0% used [0x00000000e0000000, 0x00000000e0000000, 0x00000000e5560000)
  from space 21824K,  67% used [0x00000000e5560000, 0x00000000e63cbd10, 0x00000000e6ab0000)
  to   space 21824K,   0% used [0x00000000e6ab0000, 0x00000000e6ab0000, 0x00000000e8000000)
 concurrent mark-sweep generation total 393216K, used 0K [0x00000000e8000000, 0x0000000100000000, 0x0000000100000000)
 Metaspace       used 21220K, capacity 21550K, committed 21884K, reserved 1069056K
  class space    used 2444K, capacity 2602K, committed 2684K, reserved 1048576K
}
2017-08-15T09:18:56.756+0200: 2,995: [Rescan (parallel) , 0,0038957 secs]2017-08-15T09:18:56.760+0200: 2,999: [weak refs processing, 0,0004927 secs]2017-08-15T09:18:56.761+0200: 2,999: [class unloading, 0,0027943 secs]2017-08-15T09:18:56.764+0200: 3,002: [scrub symbol table, 0,0027199 secs]2017-08-15T09:18:56.766+0200: 3,005: [scrub string table, 0,0003672 secs][1 CMS-remark: 0K(393216K)] 14767K(502464K), 0,0217801 secs] [Times: user=0,06 sys=0,00, real=0,02 secs] 
2017-08-15T09:18:56.767+0200: 3,006: Total time for which application threads were stopped: 0,0241065 seconds, Stopping threads took: 0,0022330 seconds
2017-08-15T09:18:56.767+0200: 3,006: [CMS-concurrent-sweep-start]
2017-08-15T09:18:56.767+0200: 3,006: [CMS-concurrent-sweep: 0,000/0,000 secs] [Times: user=0,00 sys=0,00, real=0,00 secs] 
2017-08-15T09:18:56.767+0200: 3,006: [CMS-concurrent-reset-start]
2017-08-15T09:18:56.770+0200: 3,008: [CMS-concurrent-reset: 0,003/0,003 secs] [Times: user=0,00 sys=0,01, real=0,01 secs] 
{Heap before GC invocations=4 (full 1):
 par new generation   total 109248K, used 102191K [0x00000000e0000000, 0x00000000e8000000, 0x00000000e8000000)
  eden space 87424K, 100% used [0x00000000e0000000, 0x00000000e5560000, 0x00000000e5560000)
  from space 21824K,  67% used [0x00000000e5560000, 0x00000000e63cbd10, 0x00000000e6ab0000)
  to   space 21824K,   0% used [0x00000000e6ab0000, 0x00000000e6ab0000, 0x00000000e8000000)
 concurrent mark-sweep generation total 393216K, used 0K [0x00000000e8000000, 0x0000000100000000, 0x0000000100000000)
 Metaspace       used 21347K, capacity 21778K, committed 21884K, reserved 1069056K
  class space    used 2464K, capacity 2634K, committed 2684K, reserved 1048576K
2017-08-15T09:18:56.856+0200: 3,095: [GC (Allocation Failure) 2017-08-15T09:18:56.856+0200: 3,095: [ParNew
Desired survivor size 20112992 bytes, new threshold 8 (max 8)
- age   1:    1264496 bytes,    1264496 total
- age   2:     160400 bytes,    1424896 total
- age   3:    1455304 bytes,    2880200 total
- age   4:     841576 bytes,    3721776 total
- age   5:    6671160 bytes,   10392936 total
: 102191K->12073K(109248K), 0,0155134 secs] 102191K->12073K(502464K), 0,0155681 secs] [Times: user=0,05 sys=0,00, real=0,02 secs] 
Heap after GC invocations=5 (full 1):
 par new generation   total 109248K, used 12073K [0x00000000e0000000, 0x00000000e8000000, 0x00000000e8000000)
  eden space 87424K,   0% used [0x00000000e0000000, 0x00000000e0000000, 0x00000000e5560000)
  from space 21824K,  55% used [0x00000000e6ab0000, 0x00000000e767a780, 0x00000000e8000000)
  to   space 21824K,   0% used [0x00000000e5560000, 0x00000000e5560000, 0x00000000e6ab0000)
 concurrent mark-sweep generation total 393216K, used 0K [0x00000000e8000000, 0x0000000100000000, 0x0000000100000000)
 Metaspace       used 21347K, capacity 21778K, committed 21884K, reserved 1069056K
  class space    used 2464K, capacity 2634K, committed 2684K, reserved 1048576K
}
2017-08-15T09:18:56.872+0200: 3,110: Total time for which application threads were stopped: 0,0158531 seconds, Stopping threads took: 0,0001546 seconds
2017-08-15T09:18:56.915+0200: 3,153: Total time for which application threads were stopped: 0,0003454 seconds, Stopping threads took: 0,0000292 seconds
2017-08-15T09:18:57.144+0200: 3,383: Total time for which application threads were stopped: 0,0004800 seconds, Stopping threads took: 0,0000596 seconds
2017-08-15T09:18:57.162+0200: 3,400: Total time for which application threads were stopped: 0,0006580 seconds, Stopping threads took: 0,0003145 seconds
{Heap before GC invocations=5 (full 1):
 par new generation   total 109248K, used 99497K [0x00000000e0000000, 0x00000000e8000000, 0x00000000e8000000)
  eden space 87424K, 100% used [0x00000000e0000000, 0x00000000e5560000, 0x00000000e5560000)
  from space 21824K,  55% used [0x00000000e6ab0000, 0x00000000e767a780, 0x00000000e8000000)
  to   space 21824K,   0% used [0x00000000e5560000, 0x00000000e5560000, 0x00000000e6ab0000)
 concurrent mark-sweep generation total 393216K, used 0K [0x00000000e8000000, 0x0000000100000000, 0x0000000100000000)
 Metaspace       used 23731K, capacity 24158K, committed 24316K, reserved 1071104K
  class space    used 2787K, capacity 2978K, committed 3068K, reserved 1048576K
2017-08-15T09:18:57.300+0200: 3,539: [GC (Allocation Failure) 2017-08-15T09:18:57.300+0200: 3,539: [ParNew
Desired survivor size 20112992 bytes, new threshold 8 (max 8)
- age   1:    5097408 bytes,    5097408 total
- age   2:     122496 bytes,    5219904 total
- age   3:     159128 bytes,    5379032 total
- age   4:     285392 bytes,    5664424 total
- age   5:     817160 bytes,    6481584 total
- age   6:    6662864 bytes,   13144448 total
: 99497K->18242K(109248K), 0,0119551 secs] 99497K->18242K(502464K), 0,0120229 secs] [Times: user=0,05 sys=0,00, real=0,01 secs] 
Heap after GC invocations=6 (full 1):
 par new generation   total 109248K, used 18242K [0x00000000e0000000, 0x00000000e8000000, 0x00000000e8000000)
  eden space 87424K,   0% used [0x00000000e0000000, 0x00000000e0000000, 0x00000000e5560000)
  from space 21824K,  83% used [0x00000000e5560000, 0x00000000e67308c0, 0x00000000e6ab0000)
  to   space 21824K,   0% used [0x00000000e6ab0000, 0x00000000e6ab0000, 0x00000000e8000000)
 concurrent mark-sweep generation total 393216K, used 0K [0x00000000e8000000, 0x0000000100000000, 0x0000000100000000)
 Metaspace       used 23731K, capacity 24158K, committed 24316K, reserved 1071104K
  class space    used 2787K, capacity 2978K, committed 3068K, reserved 1048576K
}
2017-08-15T09:18:57.312+0200: 3,551: Total time for which application threads were stopped: 0,0123286 seconds, Stopping threads took: 0,0001047 seconds
{Heap before GC invocations=6 (full 1):
 par new generation   total 109248K, used 105666K [0x00000000e0000000, 0x00000000e8000000, 0x00000000e8000000)
  eden space 87424K, 100% used [0x00000000e0000000, 0x00000000e5560000, 0x00000000e5560000)
  from space 21824K,  83% used [0x00000000e5560000, 0x00000000e67308c0, 0x00000000e6ab0000)
  to   space 21824K,   0% used [0x00000000e6ab0000, 0x00000000e6ab0000, 0x00000000e8000000)
 concurrent mark-sweep generation total 393216K, used 0K [0x00000000e8000000, 0x0000000100000000, 0x0000000100000000)
 Metaspace       used 24270K, capacity 24740K, committed 24828K, reserved 1071104K
  class space    used 2849K, capacity 3043K, committed 3068K, reserved 1048576K
2017-08-15T09:18:57.421+0200: 3,660: [GC (Allocation Failure) 2017-08-15T09:18:57.422+0200: 3,660: [ParNew
Desired survivor size 20112992 bytes, new threshold 8 (max 8)
- age   1:    1733544 bytes,    1733544 total
- age   2:    1774960 bytes,    3508504 total
- age   3:      62912 bytes,    3571416 total
- age   4:      88496 bytes,    3659912 total
- age   5:     192928 bytes,    3852840 total
- age   6:     771376 bytes,    4624216 total
- age   7:    6130056 bytes,   10754272 total
: 105666K->14187K(109248K), 0,0099066 secs] 105666K->14187K(502464K), 0,0099659 secs] [Times: user=0,04 sys=0,00, real=0,01 secs] 
Heap after GC invocations=7 (full 1):
 par new generation   total 109248K, used 14187K [0x00000000e0000000, 0x00000000e8000000, 0x00000000e8000000)
  eden space 87424K,   0% used [0x00000000e0000000, 0x00000000e0000000, 0x00000000e5560000)
  from space 21824K,  65% used [0x00000000e6ab0000, 0x00000000e788aec0, 0x00000000e8000000)
  to   space 21824K,   0% used [0x00000000e5560000, 0x00000000e5560000, 0x00000000e6ab0000)
 concurrent mark-sweep generation total 393216K, used 0K [0x00000000e8000000, 0x0000000100000000, 0x0000000100000000)
 Metaspace       used 24270K, capacity 24740K, committed 24828K, reserved 1071104K
  class space    used 2849K, capacity 3043K, committed 3068K, reserved 1048576K
}
2017-08-15T09:18:57.432+0200: 3,670: Total time for which application threads were stopped: 0,0134841 seconds, Stopping threads took: 0,0033586 seconds
{Heap before GC invocations=7 (full 1):
 par new generation   total 109248K, used 101611K [0x00000000e0000000, 0x00000000e8000000, 0x00000000e8000000)
  eden space 87424K, 100% used [0x00000000e0000000, 0x00000000e5560000, 0x00000000e5560000)
  from space 21824K,  65% used [0x00000000e6ab0000, 0x00000000e788aec0, 0x00000000e8000000)
  to   space 21824K,   0% used [0x00000000e5560000, 0x00000000e5560000, 0x00000000e6ab0000)
 concurrent mark-sweep generation total 393216K, used 0K [0x00000000e8000000, 0x0000000100000000, 0x0000000100000000)
 Metaspace       used 24482K, capacity 24958K, committed 25084K, reserved 1071104K
  class space    used 2864K, capacity 3048K, committed 3068K, reserved 1048576K
2017-08-15T09:18:57.512+0200: 3,750: [GC (Allocation Failure) 2017-08-15T09:18:57.512+0200: 3,750: [ParNew
Desired survivor size 20112992 bytes, new threshold 8 (max 8)
- age   1:     424872 bytes,     424872 total
- age   2:     605824 bytes,    1030696 total
- age   3:    1750560 bytes,    2781256 total
- age   4:      62912 bytes,    2844168 total
- age   5:      88328 bytes,    2932496 total
- age   6:     190128 bytes,    3122624 total
- age   7:     770608 bytes,    3893232 total
- age   8:    6129592 bytes,   10022824 total
: 101611K->12851K(109248K), 0,0244073 secs] 101611K->12851K(502464K), 0,0244927 secs] [Times: user=0,09 sys=0,00, real=0,02 secs] 
Heap after GC invocations=8 (full 1):
 par new generation   total 109248K, used 12851K [0x00000000e0000000, 0x00000000e8000000, 0x00000000e8000000)
  eden space 87424K,   0% used [0x00000000e0000000, 0x00000000e0000000, 0x00000000e5560000)
  from space 21824K,  58% used [0x00000000e5560000, 0x00000000e61ece08, 0x00000000e6ab0000)
  to   space 21824K,   0% used [0x00000000e6ab0000, 0x00000000e6ab0000, 0x00000000e8000000)
 concurrent mark-sweep generation total 393216K, used 0K [0x00000000e8000000, 0x0000000100000000, 0x0000000100000000)
 Metaspace       used 24482K, capacity 24958K, committed 25084K, reserved 1071104K
  class space    used 2864K, capacity 3048K, committed 3068K, reserved 1048576K
}
2017-08-15T09:18:57.536+0200: 3,775: Total time for which application threads were stopped: 0,0247045 seconds, Stopping threads took: 0,0000466 seconds
2017-08-15T09:18:57.817+0200: 4,055: Total time for which application threads were stopped: 0,0004166 seconds, Stopping threads took: 0,0000399 seconds
2017-08-15T09:18:57.818+0200: 4,057: Total time for which application threads were stopped: 0,0000901 seconds, Stopping threads took: 0,0000174 seconds
2017-08-15T09:18:57.822+0200: 4,060: Total time for which application threads were stopped: 0,0001038 seconds, Stopping threads took: 0,0000317 seconds
2017-08-15T09:18:57.825+0200: 4,064: Total time for which application threads were stopped: 0,0027034 seconds, Stopping threads took: 0,0026300 seconds
2017-08-15T09:18:57.831+0200: 4,069: Total time for which application threads were stopped: 0,0001190 seconds, Stopping threads took: 0,0000375 seconds
2017-08-15T09:18:57.831+0200: 4,070: Total time for which application threads were stopped: 0,0001072 seconds, Stopping threads took: 0,0000292 seconds
2017-08-15T09:18:57.832+0200: 4,070: Total time for which application threads were stopped: 0,0001012 seconds, Stopping threads took: 0,0000398 seconds
2017-08-15T09:18:57.832+0200: 4,070: Total time for which application threads were stopped: 0,0001010 seconds, Stopping threads took: 0,0000300 seconds
2017-08-15T09:18:57.833+0200: 4,071: Total time for which application threads were stopped: 0,0001182 seconds, Stopping threads took: 0,0000363 seconds
2017-08-15T09:18:57.839+0200: 4,078: Total time for which application threads were stopped: 0,0001071 seconds, Stopping threads took: 0,0000254 seconds
2017-08-15T09:18:57.841+0200: 4,079: Total time for which application threads were stopped: 0,0001183 seconds, Stopping threads took: 0,0000544 seconds
2017-08-15T09:18:57.844+0200: 4,082: Total time for which application threads were stopped: 0,0001043 seconds, Stopping threads took: 0,0000229 seconds
2017-08-15T09:18:57.856+0200: 4,094: Total time for which application threads were stopped: 0,0001462 seconds, Stopping threads took: 0,0000420 seconds
2017-08-15T09:18:57.890+0200: 4,128: Total time for which application threads were stopped: 0,0004276 seconds, Stopping threads took: 0,0000447 seconds
2017-08-15T09:18:57.902+0200: 4,141: Total time for which application threads were stopped: 0,0002165 seconds, Stopping threads took: 0,0001081 seconds
2017-08-15T09:18:57.905+0200: 4,144: Total time for which application threads were stopped: 0,0031821 seconds, Stopping threads took: 0,0030955 seconds
2017-08-15T09:18:57.909+0200: 4,147: Total time for which application threads were stopped: 0,0001444 seconds, Stopping threads took: 0,0000411 seconds
2017-08-15T09:18:57.910+0200: 4,148: Total time for which application threads were stopped: 0,0004601 seconds, Stopping threads took: 0,0000163 seconds
2017-08-15T09:18:57.914+0200: 4,152: Total time for which application threads were stopped: 0,0001359 seconds, Stopping threads took: 0,0000393 seconds
2017-08-15T09:18:57.918+0200: 4,156: Total time for which application threads were stopped: 0,0028234 seconds, Stopping threads took: 0,0026985 seconds
2017-08-15T09:18:57.978+0200: 4,216: Total time for which application threads were stopped: 0,0025199 seconds, Stopping threads took: 0,0021257 seconds
2017-08-15T09:18:57.996+0200: 4,234: Total time for which application threads were stopped: 0,0002891 seconds, Stopping threads took: 0,0001634 seconds
2017-08-15T09:18:58.010+0200: 4,248: Total time for which application threads were stopped: 0,0002732 seconds, Stopping threads took: 0,0002051 seconds
2017-08-15T09:18:58.010+0200: 4,248: Total time for which application threads were stopped: 0,0000665 seconds, Stopping threads took: 0,0000218 seconds
2017-08-15T09:18:58.011+0200: 4,249: Total time for which application threads were stopped: 0,0003377 seconds, Stopping threads took: 0,0002564 seconds
2017-08-15T09:18:58.011+0200: 4,249: Total time for which application threads were stopped: 0,0000905 seconds, Stopping threads took: 0,0000499 seconds
2017-08-15T09:18:58.012+0200: 4,250: Total time for which application threads were stopped: 0,0000985 seconds, Stopping threads took: 0,0000272 seconds
2017-08-15T09:18:58.013+0200: 4,252: Total time for which application threads were stopped: 0,0007475 seconds, Stopping threads took: 0,0006714 seconds
2017-08-15T09:18:58.014+0200: 4,252: Total time for which application threads were stopped: 0,0001793 seconds, Stopping threads took: 0,0000261 seconds
2017-08-15T09:18:58.015+0200: 4,253: Total time for which application threads were stopped: 0,0000844 seconds, Stopping threads took: 0,0000172 seconds
2017-08-15T09:18:58.018+0200: 4,257: Total time for which application threads were stopped: 0,0001077 seconds, Stopping threads took: 0,0000224 seconds
2017-08-15T09:18:58.018+0200: 4,257: Total time for which application threads were stopped: 0,0001000 seconds, Stopping threads took: 0,0000320 seconds
2017-08-15T09:18:58.019+0200: 4,257: Total time for which application threads were stopped: 0,0000735 seconds, Stopping threads took: 0,0000234 seconds
2017-08-15T09:18:58.019+0200: 4,257: Total time for which application threads were stopped: 0,0000593 seconds, Stopping threads took: 0,0000178 seconds
2017-08-15T09:18:58.021+0200: 4,260: Total time for which application threads were stopped: 0,0025582 seconds, Stopping threads took: 0,0024859 seconds
2017-08-15T09:18:58.022+0200: 4,260: Total time for which application threads were stopped: 0,0000581 seconds, Stopping threads took: 0,0000215 seconds
2017-08-15T09:18:58.022+0200: 4,260: Total time for which application threads were stopped: 0,0000894 seconds, Stopping threads took: 0,0000245 seconds
2017-08-15T09:18:58.022+0200: 4,260: Total time for which application threads were stopped: 0,0000648 seconds, Stopping threads took: 0,0000179 seconds
2017-08-15T09:18:58.022+0200: 4,261: Total time for which application threads were stopped: 0,0000704 seconds, Stopping threads took: 0,0000246 seconds
2017-08-15T09:18:58.022+0200: 4,261: Total time for which application threads were stopped: 0,0000601 seconds, Stopping threads took: 0,0000207 seconds
2017-08-15T09:18:58.022+0200: 4,261: Total time for which application threads were stopped: 0,0000574 seconds, Stopping threads took: 0,0000179 seconds
2017-08-15T09:18:58.023+0200: 4,261: Total time for which application threads were stopped: 0,0000686 seconds, Stopping threads took: 0,0000166 seconds
2017-08-15T09:18:58.023+0200: 4,261: Total time for which application threads were stopped: 0,0000611 seconds, Stopping threads took: 0,0000142 seconds
2017-08-15T09:18:58.023+0200: 4,261: Total time for which application threads were stopped: 0,0000534 seconds, Stopping threads took: 0,0000154 seconds
2017-08-15T09:18:58.023+0200: 4,262: Total time for which application threads were stopped: 0,0000644 seconds, Stopping threads took: 0,0000214 seconds
2017-08-15T09:18:58.023+0200: 4,262: Total time for which application threads were stopped: 0,0000470 seconds, Stopping threads took: 0,0000153 seconds
2017-08-15T09:18:58.024+0200: 4,262: Total time for which application threads were stopped: 0,0000758 seconds, Stopping threads took: 0,0000192 seconds
2017-08-15T09:18:58.024+0200: 4,262: Total time for which application threads were stopped: 0,0000650 seconds, Stopping threads took: 0,0000167 seconds
2017-08-15T09:18:58.024+0200: 4,262: Total time for which application threads were stopped: 0,0000529 seconds, Stopping threads took: 0,0000172 seconds
2017-08-15T09:18:58.024+0200: 4,263: Total time for which application threads were stopped: 0,0001270 seconds, Stopping threads took: 0,0000162 seconds
2017-08-15T09:18:58.028+0200: 4,266: Total time for which application threads were stopped: 0,0001263 seconds, Stopping threads took: 0,0000535 seconds
{Heap before GC invocations=8 (full 1):
 par new generation   total 109248K, used 100275K [0x00000000e0000000, 0x00000000e8000000, 0x00000000e8000000)
  eden space 87424K, 100% used [0x00000000e0000000, 0x00000000e5560000, 0x00000000e5560000)
  from space 21824K,  58% used [0x00000000e5560000, 0x00000000e61ece08, 0x00000000e6ab0000)
  to   space 21824K,   0% used [0x00000000e6ab0000, 0x00000000e6ab0000, 0x00000000e8000000)
 concurrent mark-sweep generation total 393216K, used 0K [0x00000000e8000000, 0x0000000100000000, 0x0000000100000000)
 Metaspace       used 27189K, capacity 27672K, committed 27900K, reserved 1073152K
  class space    used 3117K, capacity 3289K, committed 3324K, reserved 1048576K
2017-08-15T09:18:58.040+0200: 4,278: [GC (Allocation Failure) 2017-08-15T09:18:58.040+0200: 4,278: [ParNew
Desired survivor size 20112992 bytes, new threshold 8 (max 8)
- age   1:    8314456 bytes,    8314456 total
- age   2:     199104 bytes,    8513560 total
- age   3:     215296 bytes,    8728856 total
- age   4:    1745792 bytes,   10474648 total
- age   5:      60432 bytes,   10535080 total
- age   6:      88232 bytes,   10623312 total
- age   7:     189568 bytes,   10812880 total
- age   8:     768992 bytes,   11581872 total
: 100275K->14020K(109248K), 0,0307829 secs] 100275K->20638K(502464K), 0,0308483 secs] [Times: user=0,10 sys=0,01, real=0,03 secs] 
Heap after GC invocations=9 (full 1):
 par new generation   total 109248K, used 14020K [0x00000000e0000000, 0x00000000e8000000, 0x00000000e8000000)
  eden space 87424K,   0% used [0x00000000e0000000, 0x00000000e0000000, 0x00000000e5560000)
  from space 21824K,  64% used [0x00000000e6ab0000, 0x00000000e7861278, 0x00000000e8000000)
  to   space 21824K,   0% used [0x00000000e5560000, 0x00000000e5560000, 0x00000000e6ab0000)
 concurrent mark-sweep generation total 393216K, used 6618K [0x00000000e8000000, 0x0000000100000000, 0x0000000100000000)
 Metaspace       used 27189K, capacity 27672K, committed 27900K, reserved 1073152K
  class space    used 3117K, capacity 3289K, committed 3324K, reserved 1048576K
}
2017-08-15T09:18:58.071+0200: 4,309: Total time for which application threads were stopped: 0,0310201 seconds, Stopping threads took: 0,0000346 seconds
2017-08-15T09:18:58.078+0200: 4,317: Total time for which application threads were stopped: 0,0001311 seconds, Stopping threads took: 0,0000388 seconds
2017-08-15T09:18:58.078+0200: 4,317: Total time for which application threads were stopped: 0,0000928 seconds, Stopping threads took: 0,0000517 seconds
2017-08-15T09:18:58.114+0200: 4,353: Total time for which application threads were stopped: 0,0001621 seconds, Stopping threads took: 0,0000717 seconds
2017-08-15T09:18:58.138+0200: 4,376: Total time for which application threads were stopped: 0,0005638 seconds, Stopping threads took: 0,0000522 seconds
2017-08-15T09:18:59.138+0200: 5,376: Total time for which application threads were stopped: 0,0000977 seconds, Stopping threads took: 0,0000168 seconds
2017-08-15T09:20:51.154+0200: 117,393: Total time for which application threads were stopped: 0,0001755 seconds, Stopping threads took: 0,0000646 seconds
2017-08-15T09:20:56.155+0200: 122,394: Total time for which application threads were stopped: 0,0000654 seconds, Stopping threads took: 0,0000153 seconds
2017-08-15T09:42:25.340+0200: 1411,579: Total time for which application threads were stopped: 0,0001701 seconds, Stopping threads took: 0,0000606 seconds
2017-08-15T09:47:10.385+0200: 1696,624: Total time for which application threads were stopped: 0,0001764 seconds, Stopping threads took: 0,0000651 seconds
2017-08-15T09:57:15.483+0200: 2301,721: Total time for which application threads were stopped: 0,0001713 seconds, Stopping threads took: 0,0000621 seconds
2017-08-15T09:57:16.483+0200: 2302,722: Total time for which application threads were stopped: 0,0001389 seconds, Stopping threads took: 0,0000293 seconds
2017-08-15T10:12:16.628+0200: 3202,866: Total time for which application threads were stopped: 0,0001731 seconds, Stopping threads took: 0,0000632 seconds
2017-08-15T10:22:55.699+0200: 3841,937: Total time for which application threads were stopped: 0,0001069 seconds, Stopping threads took: 0,0000375 seconds
2017-08-15T10:39:06.809+0200: 4813,047: Total time for which application threads were stopped: 0,0001730 seconds, Stopping threads took: 0,0000644 seconds
2017-08-15T10:39:21.811+0200: 4828,049: Total time for which application threads were stopped: 0,0000806 seconds, Stopping threads took: 0,0000174 seconds
2017-08-15T11:11:27.178+0200: 6753,416: Total time for which application threads were stopped: 0,0194329 seconds, Stopping threads took: 0,0193437 seconds
2017-08-15T11:11:27.178+0200: 6753,417: Total time for which application threads were stopped: 0,0000978 seconds, Stopping threads took: 0,0000333 seconds
2017-08-15T11:11:27.183+0200: 6753,421: Total time for which application threads were stopped: 0,0000916 seconds, Stopping threads took: 0,0000231 seconds
2017-08-15T11:11:27.183+0200: 6753,421: Total time for which application threads were stopped: 0,0000513 seconds, Stopping threads took: 0,0000138 seconds
2017-08-15T11:11:27.183+0200: 6753,421: Total time for which application threads were stopped: 0,0000474 seconds, Stopping threads took: 0,0000149 seconds
2017-08-15T11:11:27.183+0200: 6753,421: Total time for which application threads were stopped: 0,0000459 seconds, Stopping threads took: 0,0000124 seconds
2017-08-15T11:11:27.183+0200: 6753,421: Total time for which application threads were stopped: 0,0000457 seconds, Stopping threads took: 0,0000125 seconds
2017-08-15T11:11:27.183+0200: 6753,421: Total time for which application threads were stopped: 0,0000449 seconds, Stopping threads took: 0,0000123 seconds
2017-08-15T11:11:27.186+0200: 6753,424: Total time for which application threads were stopped: 0,0001264 seconds, Stopping threads took: 0,0000424 seconds
2017-08-15T11:11:27.186+0200: 6753,424: Total time for which application threads were stopped: 0,0000711 seconds, Stopping threads took: 0,0000188 seconds
2017-08-15T11:11:27.186+0200: 6753,424: Total time for which application threads were stopped: 0,0000616 seconds, Stopping threads took: 0,0000153 seconds
2017-08-15T11:11:27.186+0200: 6753,424: Total time for which application threads were stopped: 0,0000540 seconds, Stopping threads took: 0,0000142 seconds
2017-08-15T11:11:27.186+0200: 6753,424: Total time for which application threads were stopped: 0,0000526 seconds, Stopping threads took: 0,0000132 seconds
2017-08-15T11:11:27.220+0200: 6753,458: Total time for which application threads were stopped: 0,0001360 seconds, Stopping threads took: 0,0000370 seconds
2017-08-15T11:11:27.220+0200: 6753,458: Total time for which application threads were stopped: 0,0000646 seconds, Stopping threads took: 0,0000163 seconds
2017-08-15T11:11:27.220+0200: 6753,458: Total time for which application threads were stopped: 0,0000498 seconds, Stopping threads took: 0,0000167 seconds
2017-08-15T11:11:27.220+0200: 6753,458: Total time for which application threads were stopped: 0,0000433 seconds, Stopping threads took: 0,0000119 seconds
2017-08-15T11:11:27.220+0200: 6753,459: Total time for which application threads were stopped: 0,0000424 seconds, Stopping threads took: 0,0000112 seconds
2017-08-15T11:11:27.220+0200: 6753,459: Total time for which application threads were stopped: 0,0000416 seconds, Stopping threads took: 0,0000109 seconds
2017-08-15T11:11:27.220+0200: 6753,459: Total time for which application threads were stopped: 0,0000419 seconds, Stopping threads took: 0,0000113 seconds
2017-08-15T11:11:27.220+0200: 6753,459: Total time for which application threads were stopped: 0,0000416 seconds, Stopping threads took: 0,0000108 seconds
2017-08-15T11:11:27.220+0200: 6753,459: Total time for which application threads were stopped: 0,0000420 seconds, Stopping threads took: 0,0000110 seconds
2017-08-15T11:11:27.220+0200: 6753,459: Total time for which application threads were stopped: 0,0000444 seconds, Stopping threads took: 0,0000116 seconds
2017-08-15T11:11:27.223+0200: 6753,461: Total time for which application threads were stopped: 0,0004120 seconds, Stopping threads took: 0,0001123 seconds
2017-08-15T11:11:27.226+0200: 6753,464: Total time for which application threads were stopped: 0,0001404 seconds, Stopping threads took: 0,0000409 seconds
2017-08-15T11:11:27.226+0200: 6753,464: Total time for which application threads were stopped: 0,0000491 seconds, Stopping threads took: 0,0000124 seconds
2017-08-15T11:11:27.226+0200: 6753,464: Total time for which application threads were stopped: 0,0000466 seconds, Stopping threads took: 0,0000115 seconds
2017-08-15T11:11:27.231+0200: 6753,469: Total time for which application threads were stopped: 0,0000903 seconds, Stopping threads took: 0,0000255 seconds
2017-08-15T11:11:27.231+0200: 6753,469: Total time for which application threads were stopped: 0,0000499 seconds, Stopping threads took: 0,0000132 seconds
2017-08-15T11:11:27.231+0200: 6753,470: Total time for which application threads were stopped: 0,0000735 seconds, Stopping threads took: 0,0000218 seconds
2017-08-15T11:11:27.233+0200: 6753,472: Total time for which application threads were stopped: 0,0000950 seconds, Stopping threads took: 0,0000247 seconds
2017-08-15T11:11:27.233+0200: 6753,472: Total time for which application threads were stopped: 0,0000760 seconds, Stopping threads took: 0,0000311 seconds
2017-08-15T11:11:27.234+0200: 6753,472: Total time for which application threads were stopped: 0,0000540 seconds, Stopping threads took: 0,0000146 seconds
2017-08-15T11:11:27.235+0200: 6753,473: Total time for which application threads were stopped: 0,0001136 seconds, Stopping threads took: 0,0000354 seconds
2017-08-15T11:11:27.235+0200: 6753,473: Total time for which application threads were stopped: 0,0000550 seconds, Stopping threads took: 0,0000149 seconds
2017-08-15T11:11:27.249+0200: 6753,487: Total time for which application threads were stopped: 0,0093222 seconds, Stopping threads took: 0,0092014 seconds
2017-08-15T11:11:27.249+0200: 6753,487: Total time for which application threads were stopped: 0,0000908 seconds, Stopping threads took: 0,0000278 seconds
2017-08-15T11:11:27.249+0200: 6753,487: Total time for which application threads were stopped: 0,0000687 seconds, Stopping threads took: 0,0000167 seconds
2017-08-15T11:11:27.252+0200: 6753,491: Total time for which application threads were stopped: 0,0001024 seconds, Stopping threads took: 0,0000310 seconds
2017-08-15T11:11:27.252+0200: 6753,491: Total time for which application threads were stopped: 0,0000674 seconds, Stopping threads took: 0,0000194 seconds
2017-08-15T11:11:27.253+0200: 6753,491: Total time for which application threads were stopped: 0,0000514 seconds, Stopping threads took: 0,0000077 seconds
2017-08-15T11:11:27.260+0200: 6753,498: Total time for which application threads were stopped: 0,0001195 seconds, Stopping threads took: 0,0000424 seconds
2017-08-15T11:11:27.260+0200: 6753,499: Total time for which application threads were stopped: 0,0000895 seconds, Stopping threads took: 0,0000255 seconds
2017-08-15T11:11:27.266+0200: 6753,504: Total time for which application threads were stopped: 0,0001197 seconds, Stopping threads took: 0,0000433 seconds
2017-08-15T11:11:27.266+0200: 6753,505: Total time for which application threads were stopped: 0,0000777 seconds, Stopping threads took: 0,0000221 seconds
2017-08-15T11:11:27.267+0200: 6753,505: Total time for which application threads were stopped: 0,0000719 seconds, Stopping threads took: 0,0000202 seconds
2017-08-15T11:11:27.267+0200: 6753,505: Total time for which application threads were stopped: 0,0000716 seconds, Stopping threads took: 0,0000188 seconds
2017-08-15T11:11:27.267+0200: 6753,505: Total time for which application threads were stopped: 0,0000492 seconds, Stopping threads took: 0,0000069 seconds
2017-08-15T11:11:27.267+0200: 6753,505: Total time for which application threads were stopped: 0,0000540 seconds, Stopping threads took: 0,0000134 seconds
2017-08-15T11:11:27.267+0200: 6753,506: Total time for which application threads were stopped: 0,0000671 seconds, Stopping threads took: 0,0000199 seconds
2017-08-15T11:11:27.268+0200: 6753,506: Total time for which application threads were stopped: 0,0001700 seconds, Stopping threads took: 0,0000150 seconds
2017-08-15T11:11:27.281+0200: 6753,520: Total time for which application threads were stopped: 0,0001484 seconds, Stopping threads took: 0,0000277 seconds
2017-08-15T11:11:27.288+0200: 6753,526: Total time for which application threads were stopped: 0,0000833 seconds, Stopping threads took: 0,0000195 seconds
2017-08-15T11:11:27.292+0200: 6753,531: Total time for which application threads were stopped: 0,0001189 seconds, Stopping threads took: 0,0000251 seconds
Heap
 par new generation   total 109248K, used 48895K [0x00000000e0000000, 0x00000000e8000000, 0x00000000e8000000)
  eden space 87424K,  39% used [0x00000000e0000000, 0x00000000e220ea40, 0x00000000e5560000)
  from space 21824K,  64% used [0x00000000e6ab0000, 0x00000000e7861278, 0x00000000e8000000)
  to   space 21824K,   0% used [0x00000000e5560000, 0x00000000e5560000, 0x00000000e6ab0000)
 concurrent mark-sweep generation total 393216K, used 6618K [0x00000000e8000000, 0x0000000100000000, 0x0000000100000000)
 Metaspace       used 28135K, capacity 28656K, committed 28796K, reserved 1075200K
  class space    used 3225K, capacity 3421K, committed 3452K, reserved 1048576K
