OpenJDK 64-Bit Server VM (25.131-b11) for linux-amd64 JRE (1.8.0_131-8u131-b11-0ubuntu1.16.04.2-b11), built on May  6 2017 02:45:27 by "buildd" with gcc 5.4.0 20160609
Memory: 4k page, physical 7867740k(7390172k free), swap 8076284k(8076284k free)
CommandLine flags: -XX:CMSInitiatingOccupancyFraction=50 -XX:CMSMaxAbortablePrecleanTime=6000 -XX:+CMSParallelRemarkEnabled -XX:+CMSScavengeBeforeRemark -XX:ConcGCThreads=4 -XX:InitialHeapSize=536870912 -XX:MaxHeapSize=536870912 -XX:MaxTenuringThreshold=8 -XX:NewRatio=3 -XX:OldPLABSize=16 -XX:OnOutOfMemoryError=/opt/solr/bin/oom_solr.sh 8983 /var/solr/logs -XX:ParallelGCThreads=4 -XX:+ParallelRefProcEnabled -XX:PretenureSizeThreshold=67108864 -XX:+PrintGC -XX:+PrintGCApplicationStoppedTime -XX:+PrintGCDateStamps -XX:+PrintGCDetails -XX:+PrintGCTimeStamps -XX:+PrintHeapAtGC -XX:+PrintTenuringDistribution -XX:SurvivorRatio=4 -XX:TargetSurvivorRatio=90 -XX:ThreadStackSize=256 -XX:+UseCMSInitiatingOccupancyOnly -XX:+UseCompressedClassPointers -XX:+UseCompressedOops -XX:+UseConcMarkSweepGC -XX:+UseParNewGC 
2017-05-25T15:17:08.373+0200: 0,147: Total time for which application threads were stopped: 0,0000670 seconds, Stopping threads took: 0,0000124 seconds
2017-05-25T15:17:08.468+0200: 0,242: Total time for which application threads were stopped: 0,0001081 seconds, Stopping threads took: 0,0000181 seconds
2017-05-25T15:17:08.483+0200: 0,256: Total time for which application threads were stopped: 0,0001094 seconds, Stopping threads took: 0,0000310 seconds
2017-05-25T15:17:08.700+0200: 0,474: Total time for which application threads were stopped: 0,0001649 seconds, Stopping threads took: 0,0000330 seconds
2017-05-25T15:17:09.170+0200: 0,944: Total time for which application threads were stopped: 0,0001342 seconds, Stopping threads took: 0,0000152 seconds
2017-05-25T15:17:09.337+0200: 1,111: Total time for which application threads were stopped: 0,0002095 seconds, Stopping threads took: 0,0000341 seconds
2017-05-25T15:17:09.380+0200: 1,153: Total time for which application threads were stopped: 0,0002194 seconds, Stopping threads took: 0,0000305 seconds
2017-05-25T15:17:09.758+0200: 1,531: Total time for which application threads were stopped: 0,0001786 seconds, Stopping threads took: 0,0000139 seconds
2017-05-25T15:17:09.983+0200: 1,757: Total time for which application threads were stopped: 0,0002243 seconds, Stopping threads took: 0,0000163 seconds
2017-05-25T15:17:09.997+0200: 1,770: Total time for which application threads were stopped: 0,0002106 seconds, Stopping threads took: 0,0000257 seconds
2017-05-25T15:17:10.019+0200: 1,792: Total time for which application threads were stopped: 0,0002266 seconds, Stopping threads took: 0,0000296 seconds
2017-05-25T15:17:10.020+0200: 1,794: Total time for which application threads were stopped: 0,0002135 seconds, Stopping threads took: 0,0000229 seconds
2017-05-25T15:17:10.032+0200: 1,806: Total time for which application threads were stopped: 0,0001714 seconds, Stopping threads took: 0,0000200 seconds
2017-05-25T15:17:10.098+0200: 1,871: Total time for which application threads were stopped: 0,0002579 seconds, Stopping threads took: 0,0000224 seconds
2017-05-25T15:17:10.266+0200: 2,039: Total time for which application threads were stopped: 0,0004680 seconds, Stopping threads took: 0,0002431 seconds
{Heap before GC invocations=0 (full 0):
 par new generation   total 109248K, used 87424K [0x00000000e0000000, 0x00000000e8000000, 0x00000000e8000000)
  eden space 87424K, 100% used [0x00000000e0000000, 0x00000000e5560000, 0x00000000e5560000)
  from space 21824K,   0% used [0x00000000e5560000, 0x00000000e5560000, 0x00000000e6ab0000)
  to   space 21824K,   0% used [0x00000000e6ab0000, 0x00000000e6ab0000, 0x00000000e8000000)
 concurrent mark-sweep generation total 393216K, used 0K [0x00000000e8000000, 0x0000000100000000, 0x0000000100000000)
 Metaspace       used 18078K, capacity 18400K, committed 18688K, reserved 1064960K
  class space    used 2043K, capacity 2196K, committed 2304K, reserved 1048576K
2017-05-25T15:17:10.363+0200: 2,137: [GC (Allocation Failure) 2017-05-25T15:17:10.363+0200: 2,137: [ParNew
Desired survivor size 20112992 bytes, new threshold 8 (max 8)
- age   1:   12621896 bytes,   12621896 total
: 87424K->12447K(109248K), 0,0201153 secs] 87424K->12447K(502464K), 0,0202035 secs] [Times: user=0,05 sys=0,03, real=0,02 secs] 
Heap after GC invocations=1 (full 0):
 par new generation   total 109248K, used 12447K [0x00000000e0000000, 0x00000000e8000000, 0x00000000e8000000)
  eden space 87424K,   0% used [0x00000000e0000000, 0x00000000e0000000, 0x00000000e5560000)
  from space 21824K,  57% used [0x00000000e6ab0000, 0x00000000e76d7c80, 0x00000000e8000000)
  to   space 21824K,   0% used [0x00000000e5560000, 0x00000000e5560000, 0x00000000e6ab0000)
 concurrent mark-sweep generation total 393216K, used 0K [0x00000000e8000000, 0x0000000100000000, 0x0000000100000000)
 Metaspace       used 18078K, capacity 18400K, committed 18688K, reserved 1064960K
  class space    used 2043K, capacity 2196K, committed 2304K, reserved 1048576K
}
2017-05-25T15:17:10.383+0200: 2,157: Total time for which application threads were stopped: 0,0204531 seconds, Stopping threads took: 0,0000627 seconds
2017-05-25T15:17:10.663+0200: 2,437: Total time for which application threads were stopped: 0,0003126 seconds, Stopping threads took: 0,0000355 seconds
{Heap before GC invocations=1 (full 0):
 par new generation   total 109248K, used 99871K [0x00000000e0000000, 0x00000000e8000000, 0x00000000e8000000)
  eden space 87424K, 100% used [0x00000000e0000000, 0x00000000e5560000, 0x00000000e5560000)
  from space 21824K,  57% used [0x00000000e6ab0000, 0x00000000e76d7c80, 0x00000000e8000000)
  to   space 21824K,   0% used [0x00000000e5560000, 0x00000000e5560000, 0x00000000e6ab0000)
 concurrent mark-sweep generation total 393216K, used 0K [0x00000000e8000000, 0x0000000100000000, 0x0000000100000000)
 Metaspace       used 20044K, capacity 20354K, committed 20736K, reserved 1067008K
  class space    used 2293K, capacity 2465K, committed 2560K, reserved 1048576K
2017-05-25T15:17:10.711+0200: 2,484: [GC (Allocation Failure) 2017-05-25T15:17:10.711+0200: 2,484: [ParNew
Desired survivor size 20112992 bytes, new threshold 8 (max 8)
- age   1:    3678320 bytes,    3678320 total
- age   2:    6653224 bytes,   10331544 total
: 99871K->13718K(109248K), 0,0142937 secs] 99871K->13718K(502464K), 0,0143704 secs] [Times: user=0,05 sys=0,00, real=0,01 secs] 
Heap after GC invocations=2 (full 0):
 par new generation   total 109248K, used 13718K [0x00000000e0000000, 0x00000000e8000000, 0x00000000e8000000)
  eden space 87424K,   0% used [0x00000000e0000000, 0x00000000e0000000, 0x00000000e5560000)
  from space 21824K,  62% used [0x00000000e5560000, 0x00000000e62c5900, 0x00000000e6ab0000)
  to   space 21824K,   0% used [0x00000000e6ab0000, 0x00000000e6ab0000, 0x00000000e8000000)
 concurrent mark-sweep generation total 393216K, used 0K [0x00000000e8000000, 0x0000000100000000, 0x0000000100000000)
 Metaspace       used 20044K, capacity 20354K, committed 20736K, reserved 1067008K
  class space    used 2293K, capacity 2465K, committed 2560K, reserved 1048576K
}
2017-05-25T15:17:10.725+0200: 2,499: Total time for which application threads were stopped: 0,0146460 seconds, Stopping threads took: 0,0001229 seconds
2017-05-25T15:17:10.731+0200: 2,505: Total time for which application threads were stopped: 0,0003273 seconds, Stopping threads took: 0,0000509 seconds
2017-05-25T15:17:10.767+0200: 2,541: Total time for which application threads were stopped: 0,0004831 seconds, Stopping threads took: 0,0000922 seconds
2017-05-25T15:17:10.883+0200: 2,657: Total time for which application threads were stopped: 0,0001782 seconds, Stopping threads took: 0,0000628 seconds
{Heap before GC invocations=2 (full 0):
 par new generation   total 109248K, used 101142K [0x00000000e0000000, 0x00000000e8000000, 0x00000000e8000000)
  eden space 87424K, 100% used [0x00000000e0000000, 0x00000000e5560000, 0x00000000e5560000)
  from space 21824K,  62% used [0x00000000e5560000, 0x00000000e62c5900, 0x00000000e6ab0000)
  to   space 21824K,   0% used [0x00000000e6ab0000, 0x00000000e6ab0000, 0x00000000e8000000)
 concurrent mark-sweep generation total 393216K, used 0K [0x00000000e8000000, 0x0000000100000000, 0x0000000100000000)
 Metaspace       used 20956K, capacity 21276K, committed 21628K, reserved 1069056K
  class space    used 2415K, capacity 2584K, committed 2684K, reserved 1048576K
2017-05-25T15:17:10.926+0200: 2,700: [GC (Allocation Failure) 2017-05-25T15:17:10.926+0200: 2,700: [ParNew
Desired survivor size 20112992 bytes, new threshold 8 (max 8)
- age   1:    1930520 bytes,    1930520 total
- age   2:     868008 bytes,    2798528 total
- age   3:    6649528 bytes,    9448056 total
: 101142K->12922K(109248K), 0,0170436 secs] 101142K->12922K(502464K), 0,0171324 secs] [Times: user=0,06 sys=0,00, real=0,01 secs] 
Heap after GC invocations=3 (full 0):
 par new generation   total 109248K, used 12922K [0x00000000e0000000, 0x00000000e8000000, 0x00000000e8000000)
  eden space 87424K,   0% used [0x00000000e0000000, 0x00000000e0000000, 0x00000000e5560000)
  from space 21824K,  59% used [0x00000000e6ab0000, 0x00000000e774e988, 0x00000000e8000000)
  to   space 21824K,   0% used [0x00000000e5560000, 0x00000000e5560000, 0x00000000e6ab0000)
 concurrent mark-sweep generation total 393216K, used 0K [0x00000000e8000000, 0x0000000100000000, 0x0000000100000000)
 Metaspace       used 20956K, capacity 21276K, committed 21628K, reserved 1069056K
  class space    used 2415K, capacity 2584K, committed 2684K, reserved 1048576K
}
2017-05-25T15:17:10.944+0200: 2,717: Total time for which application threads were stopped: 0,0175038 seconds, Stopping threads took: 0,0002018 seconds
2017-05-25T15:17:10.947+0200: 2,720: [GC (CMS Initial Mark) [1 CMS-initial-mark: 0K(393216K)] 15030K(502464K), 0,0042681 secs] [Times: user=0,01 sys=0,00, real=0,00 secs] 
2017-05-25T15:17:10.951+0200: 2,725: Total time for which application threads were stopped: 0,0046146 seconds, Stopping threads took: 0,0002283 seconds
2017-05-25T15:17:10.951+0200: 2,725: [CMS-concurrent-mark-start]
2017-05-25T15:17:10.951+0200: 2,725: [CMS-concurrent-mark: 0,000/0,000 secs] [Times: user=0,00 sys=0,00, real=0,00 secs] 
2017-05-25T15:17:10.951+0200: 2,725: [CMS-concurrent-preclean-start]
2017-05-25T15:17:10.953+0200: 2,726: [CMS-concurrent-preclean: 0,001/0,001 secs] [Times: user=0,01 sys=0,00, real=0,00 secs] 
2017-05-25T15:17:10.953+0200: 2,726: [CMS-concurrent-abortable-preclean-start]
2017-05-25T15:17:11.022+0200: 2,795: Total time for which application threads were stopped: 0,0001752 seconds, Stopping threads took: 0,0000822 seconds
{Heap before GC invocations=3 (full 1):
 par new generation   total 109248K, used 100346K [0x00000000e0000000, 0x00000000e8000000, 0x00000000e8000000)
  eden space 87424K, 100% used [0x00000000e0000000, 0x00000000e5560000, 0x00000000e5560000)
  from space 21824K,  59% used [0x00000000e6ab0000, 0x00000000e774e988, 0x00000000e8000000)
  to   space 21824K,   0% used [0x00000000e5560000, 0x00000000e5560000, 0x00000000e6ab0000)
 concurrent mark-sweep generation total 393216K, used 0K [0x00000000e8000000, 0x0000000100000000, 0x0000000100000000)
 Metaspace       used 21246K, capacity 21616K, committed 21884K, reserved 1069056K
  class space    used 2445K, capacity 2599K, committed 2684K, reserved 1048576K
2017-05-25T15:17:11.066+0200: 2,840: [GC (Allocation Failure) 2017-05-25T15:17:11.066+0200: 2,840: [ParNew
Desired survivor size 20112992 bytes, new threshold 8 (max 8)
- age   1:     656280 bytes,     656280 total
- age   2:    1448848 bytes,    2105128 total
- age   3:     832760 bytes,    2937888 total
- age   4:    6649528 bytes,    9587416 total
: 100346K->12239K(109248K), 0,0131451 secs] 100346K->12239K(502464K), 0,0132130 secs] [Times: user=0,04 sys=0,00, real=0,01 secs] 
Heap after GC invocations=4 (full 1):
 par new generation   total 109248K, used 12239K [0x00000000e0000000, 0x00000000e8000000, 0x00000000e8000000)
  eden space 87424K,   0% used [0x00000000e0000000, 0x00000000e0000000, 0x00000000e5560000)
  from space 21824K,  56% used [0x00000000e5560000, 0x00000000e6153dd0, 0x00000000e6ab0000)
  to   space 21824K,   0% used [0x00000000e6ab0000, 0x00000000e6ab0000, 0x00000000e8000000)
 concurrent mark-sweep generation total 393216K, used 0K [0x00000000e8000000, 0x0000000100000000, 0x0000000100000000)
 Metaspace       used 21246K, capacity 21616K, committed 21884K, reserved 1069056K
  class space    used 2445K, capacity 2599K, committed 2684K, reserved 1048576K
}
2017-05-25T15:17:11.079+0200: 2,853: Total time for which application threads were stopped: 0,0147465 seconds, Stopping threads took: 0,0013963 seconds
2017-05-25T15:17:11.079+0200: 2,853: [CMS-concurrent-abortable-preclean: 0,070/0,127 secs] [Times: user=0,46 sys=0,00, real=0,13 secs] 
2017-05-25T15:17:11.082+0200: 2,856: [GC (CMS Final Remark) [YG occupancy: 15621 K (109248 K)]{Heap before GC invocations=4 (full 1):
 par new generation   total 109248K, used 15621K [0x00000000e0000000, 0x00000000e8000000, 0x00000000e8000000)
  eden space 87424K,   3% used [0x00000000e0000000, 0x00000000e034d858, 0x00000000e5560000)
  from space 21824K,  56% used [0x00000000e5560000, 0x00000000e6153dd0, 0x00000000e6ab0000)
  to   space 21824K,   0% used [0x00000000e6ab0000, 0x00000000e6ab0000, 0x00000000e8000000)
 concurrent mark-sweep generation total 393216K, used 0K [0x00000000e8000000, 0x0000000100000000, 0x0000000100000000)
 Metaspace       used 21246K, capacity 21616K, committed 21884K, reserved 1069056K
  class space    used 2445K, capacity 2599K, committed 2684K, reserved 1048576K
2017-05-25T15:17:11.083+0200: 2,856: [GC (CMS Final Remark) 2017-05-25T15:17:11.083+0200: 2,856: [ParNew
Desired survivor size 20112992 bytes, new threshold 8 (max 8)
- age   1:     590232 bytes,     590232 total
- age   2:     515272 bytes,    1105504 total
- age   3:    1448768 bytes,    2554272 total
- age   4:     832760 bytes,    3387032 total
- age   5:    6649528 bytes,   10036560 total
: 15621K->11837K(109248K), 0,0093456 secs] 15621K->11837K(502464K), 0,0093840 secs] [Times: user=0,03 sys=0,00, real=0,01 secs] 
Heap after GC invocations=5 (full 1):
 par new generation   total 109248K, used 11837K [0x00000000e0000000, 0x00000000e8000000, 0x00000000e8000000)
  eden space 87424K,   0% used [0x00000000e0000000, 0x00000000e0000000, 0x00000000e5560000)
  from space 21824K,  54% used [0x00000000e6ab0000, 0x00000000e763f5b0, 0x00000000e8000000)
  to   space 21824K,   0% used [0x00000000e5560000, 0x00000000e5560000, 0x00000000e6ab0000)
 concurrent mark-sweep generation total 393216K, used 0K [0x00000000e8000000, 0x0000000100000000, 0x0000000100000000)
 Metaspace       used 21246K, capacity 21616K, committed 21884K, reserved 1069056K
  class space    used 2445K, capacity 2599K, committed 2684K, reserved 1048576K
}
2017-05-25T15:17:11.092+0200: 2,866: [Rescan (parallel) , 0,0033443 secs]2017-05-25T15:17:11.095+0200: 2,869: [weak refs processing, 0,0013123 secs]2017-05-25T15:17:11.097+0200: 2,870: [class unloading, 0,0027707 secs]2017-05-25T15:17:11.099+0200: 2,873: [scrub symbol table, 0,0025696 secs]2017-05-25T15:17:11.102+0200: 2,876: [scrub string table, 0,0003727 secs][1 CMS-remark: 0K(393216K)] 11837K(502464K), 0,0203883 secs] [Times: user=0,05 sys=0,00, real=0,02 secs] 
2017-05-25T15:17:11.103+0200: 2,877: Total time for which application threads were stopped: 0,0206404 seconds, Stopping threads took: 0,0001806 seconds
2017-05-25T15:17:11.103+0200: 2,877: [CMS-concurrent-sweep-start]
2017-05-25T15:17:11.103+0200: 2,877: [CMS-concurrent-sweep: 0,000/0,000 secs] [Times: user=0,00 sys=0,00, real=0,00 secs] 
2017-05-25T15:17:11.103+0200: 2,877: [CMS-concurrent-reset-start]
2017-05-25T15:17:11.105+0200: 2,878: [CMS-concurrent-reset: 0,001/0,001 secs] [Times: user=0,01 sys=0,00, real=0,00 secs] 
{Heap before GC invocations=5 (full 1):
 par new generation   total 109248K, used 99261K [0x00000000e0000000, 0x00000000e8000000, 0x00000000e8000000)
  eden space 87424K, 100% used [0x00000000e0000000, 0x00000000e5560000, 0x00000000e5560000)
  from space 21824K,  54% used [0x00000000e6ab0000, 0x00000000e763f5b0, 0x00000000e8000000)
  to   space 21824K,   0% used [0x00000000e5560000, 0x00000000e5560000, 0x00000000e6ab0000)
 concurrent mark-sweep generation total 393216K, used 0K [0x00000000e8000000, 0x0000000100000000, 0x0000000100000000)
 Metaspace       used 21391K, capacity 21788K, committed 21884K, reserved 1069056K
  class space    used 2464K, capacity 2633K, committed 2684K, reserved 1048576K
2017-05-25T15:17:11.196+0200: 2,969: [GC (Allocation Failure) 2017-05-25T15:17:11.196+0200: 2,969: [ParNew
Desired survivor size 20112992 bytes, new threshold 8 (max 8)
- age   1:     654056 bytes,     654056 total
- age   2:        672 bytes,     654728 total
- age   3:     194216 bytes,     848944 total
- age   4:    1447784 bytes,    2296728 total
- age   5:     832680 bytes,    3129408 total
- age   6:    6649728 bytes,    9779136 total
: 99261K->12802K(109248K), 0,0108696 secs] 99261K->12802K(502464K), 0,0109458 secs] [Times: user=0,03 sys=0,00, real=0,02 secs] 
Heap after GC invocations=6 (full 1):
 par new generation   total 109248K, used 12802K [0x00000000e0000000, 0x00000000e8000000, 0x00000000e8000000)
  eden space 87424K,   0% used [0x00000000e0000000, 0x00000000e0000000, 0x00000000e5560000)
  from space 21824K,  58% used [0x00000000e5560000, 0x00000000e61e0850, 0x00000000e6ab0000)
  to   space 21824K,   0% used [0x00000000e6ab0000, 0x00000000e6ab0000, 0x00000000e8000000)
 concurrent mark-sweep generation total 393216K, used 0K [0x00000000e8000000, 0x0000000100000000, 0x0000000100000000)
 Metaspace       used 21391K, capacity 21788K, committed 21884K, reserved 1069056K
  class space    used 2464K, capacity 2633K, committed 2684K, reserved 1048576K
}
2017-05-25T15:17:11.207+0200: 2,980: Total time for which application threads were stopped: 0,0111436 seconds, Stopping threads took: 0,0000579 seconds
2017-05-25T15:17:11.231+0200: 3,005: Total time for which application threads were stopped: 0,0003010 seconds, Stopping threads took: 0,0000191 seconds
2017-05-25T15:17:11.440+0200: 3,214: Total time for which application threads were stopped: 0,0003952 seconds, Stopping threads took: 0,0000271 seconds
2017-05-25T15:17:11.478+0200: 3,252: Total time for which application threads were stopped: 0,0004960 seconds, Stopping threads took: 0,0000377 seconds
2017-05-25T15:17:11.496+0200: 3,270: Total time for which application threads were stopped: 0,0004346 seconds, Stopping threads took: 0,0000357 seconds
2017-05-25T15:17:11.532+0200: 3,306: Total time for which application threads were stopped: 0,0004191 seconds, Stopping threads took: 0,0000333 seconds
{Heap before GC invocations=6 (full 1):
 par new generation   total 109248K, used 100226K [0x00000000e0000000, 0x00000000e8000000, 0x00000000e8000000)
  eden space 87424K, 100% used [0x00000000e0000000, 0x00000000e5560000, 0x00000000e5560000)
  from space 21824K,  58% used [0x00000000e5560000, 0x00000000e61e0850, 0x00000000e6ab0000)
  to   space 21824K,   0% used [0x00000000e6ab0000, 0x00000000e6ab0000, 0x00000000e8000000)
 concurrent mark-sweep generation total 393216K, used 0K [0x00000000e8000000, 0x0000000100000000, 0x0000000100000000)
 Metaspace       used 23726K, capacity 24158K, committed 24316K, reserved 1071104K
  class space    used 2780K, capacity 2976K, committed 3068K, reserved 1048576K
2017-05-25T15:17:11.719+0200: 3,492: [GC (Allocation Failure) 2017-05-25T15:17:11.719+0200: 3,492: [ParNew
Desired survivor size 20112992 bytes, new threshold 8 (max 8)
- age   1:    5033624 bytes,    5033624 total
- age   2:     135960 bytes,    5169584 total
- age   3:        672 bytes,    5170256 total
- age   4:     193320 bytes,    5363576 total
- age   5:     278568 bytes,    5642144 total
- age   6:     808416 bytes,    6450560 total
- age   7:    6641384 bytes,   13091944 total
: 100226K->15715K(109248K), 0,0325855 secs] 100226K->15715K(502464K), 0,0326461 secs] [Times: user=0,06 sys=0,00, real=0,03 secs] 
Heap after GC invocations=7 (full 1):
 par new generation   total 109248K, used 15715K [0x00000000e0000000, 0x00000000e8000000, 0x00000000e8000000)
  eden space 87424K,   0% used [0x00000000e0000000, 0x00000000e0000000, 0x00000000e5560000)
  from space 21824K,  72% used [0x00000000e6ab0000, 0x00000000e7a08ef0, 0x00000000e8000000)
  to   space 21824K,   0% used [0x00000000e5560000, 0x00000000e5560000, 0x00000000e6ab0000)
 concurrent mark-sweep generation total 393216K, used 0K [0x00000000e8000000, 0x0000000100000000, 0x0000000100000000)
 Metaspace       used 23726K, capacity 24158K, committed 24316K, reserved 1071104K
  class space    used 2780K, capacity 2976K, committed 3068K, reserved 1048576K
}
2017-05-25T15:17:11.751+0200: 3,525: Total time for which application threads were stopped: 0,0333483 seconds, Stopping threads took: 0,0004951 seconds
{Heap before GC invocations=7 (full 1):
 par new generation   total 109248K, used 103139K [0x00000000e0000000, 0x00000000e8000000, 0x00000000e8000000)
  eden space 87424K, 100% used [0x00000000e0000000, 0x00000000e5560000, 0x00000000e5560000)
  from space 21824K,  72% used [0x00000000e6ab0000, 0x00000000e7a08ef0, 0x00000000e8000000)
  to   space 21824K,   0% used [0x00000000e5560000, 0x00000000e5560000, 0x00000000e6ab0000)
 concurrent mark-sweep generation total 393216K, used 0K [0x00000000e8000000, 0x0000000100000000, 0x0000000100000000)
 Metaspace       used 24267K, capacity 24750K, committed 24828K, reserved 1071104K
  class space    used 2843K, capacity 3043K, committed 3068K, reserved 1048576K
2017-05-25T15:17:11.858+0200: 3,632: [GC (Allocation Failure) 2017-05-25T15:17:11.858+0200: 3,632: [ParNew
Desired survivor size 20112992 bytes, new threshold 8 (max 8)
- age   1:    1909376 bytes,    1909376 total
- age   2:    1756360 bytes,    3665736 total
- age   3:      72472 bytes,    3738208 total
- age   5:     106744 bytes,    3844952 total
- age   6:     185816 bytes,    4030768 total
- age   7:     763344 bytes,    4794112 total
- age   8:    6108520 bytes,   10902632 total
: 103139K->19280K(109248K), 0,0167897 secs] 103139K->19280K(502464K), 0,0168823 secs] [Times: user=0,05 sys=0,00, real=0,01 secs] 
Heap after GC invocations=8 (full 1):
 par new generation   total 109248K, used 19280K [0x00000000e0000000, 0x00000000e8000000, 0x00000000e8000000)
  eden space 87424K,   0% used [0x00000000e0000000, 0x00000000e0000000, 0x00000000e5560000)
  from space 21824K,  88% used [0x00000000e5560000, 0x00000000e68342b8, 0x00000000e6ab0000)
  to   space 21824K,   0% used [0x00000000e6ab0000, 0x00000000e6ab0000, 0x00000000e8000000)
 concurrent mark-sweep generation total 393216K, used 0K [0x00000000e8000000, 0x0000000100000000, 0x0000000100000000)
 Metaspace       used 24267K, capacity 24750K, committed 24828K, reserved 1071104K
  class space    used 2843K, capacity 3043K, committed 3068K, reserved 1048576K
}
2017-05-25T15:17:11.875+0200: 3,649: Total time for which application threads were stopped: 0,0172311 seconds, Stopping threads took: 0,0001187 seconds
{Heap before GC invocations=8 (full 1):
 par new generation   total 109248K, used 106704K [0x00000000e0000000, 0x00000000e8000000, 0x00000000e8000000)
  eden space 87424K, 100% used [0x00000000e0000000, 0x00000000e5560000, 0x00000000e5560000)
  from space 21824K,  88% used [0x00000000e5560000, 0x00000000e68342b8, 0x00000000e6ab0000)
  to   space 21824K,   0% used [0x00000000e6ab0000, 0x00000000e6ab0000, 0x00000000e8000000)
 concurrent mark-sweep generation total 393216K, used 0K [0x00000000e8000000, 0x0000000100000000, 0x0000000100000000)
 Metaspace       used 24519K, capacity 24958K, committed 25084K, reserved 1071104K
  class space    used 2863K, capacity 3046K, committed 3068K, reserved 1048576K
2017-05-25T15:17:12.020+0200: 3,793: [GC (Allocation Failure) 2017-05-25T15:17:12.020+0200: 3,793: [ParNew
Desired survivor size 20112992 bytes, new threshold 8 (max 8)
- age   1:     640512 bytes,     640512 total
- age   2:     600360 bytes,    1240872 total
- age   3:    1740560 bytes,    2981432 total
- age   4:      72440 bytes,    3053872 total
- age   6:     106576 bytes,    3160448 total
- age   7:     183016 bytes,    3343464 total
- age   8:     762576 bytes,    4106040 total
: 106704K->5938K(109248K), 0,0457758 secs] 106704K->11986K(502464K), 0,0458380 secs] [Times: user=0,10 sys=0,00, real=0,04 secs] 
Heap after GC invocations=9 (full 1):
 par new generation   total 109248K, used 5938K [0x00000000e0000000, 0x00000000e8000000, 0x00000000e8000000)
  eden space 87424K,   0% used [0x00000000e0000000, 0x00000000e0000000, 0x00000000e5560000)
  from space 21824K,  27% used [0x00000000e6ab0000, 0x00000000e707c998, 0x00000000e8000000)
  to   space 21824K,   0% used [0x00000000e5560000, 0x00000000e5560000, 0x00000000e6ab0000)
 concurrent mark-sweep generation total 393216K, used 6047K [0x00000000e8000000, 0x0000000100000000, 0x0000000100000000)
 Metaspace       used 24519K, capacity 24958K, committed 25084K, reserved 1071104K
  class space    used 2863K, capacity 3046K, committed 3068K, reserved 1048576K
}
2017-05-25T15:17:12.066+0200: 3,839: Total time for which application threads were stopped: 0,0468913 seconds, Stopping threads took: 0,0008589 seconds
2017-05-25T15:17:12.291+0200: 4,064: Total time for which application threads were stopped: 0,0013977 seconds, Stopping threads took: 0,0008749 seconds
2017-05-25T15:17:12.338+0200: 4,112: Total time for which application threads were stopped: 0,0212837 seconds, Stopping threads took: 0,0211501 seconds
2017-05-25T15:17:12.344+0200: 4,117: Total time for which application threads were stopped: 0,0051771 seconds, Stopping threads took: 0,0050577 seconds
2017-05-25T15:17:12.344+0200: 4,118: Total time for which application threads were stopped: 0,0006272 seconds, Stopping threads took: 0,0005227 seconds
2017-05-25T15:17:12.344+0200: 4,118: Total time for which application threads were stopped: 0,0000706 seconds, Stopping threads took: 0,0000069 seconds
2017-05-25T15:17:12.345+0200: 4,118: Total time for which application threads were stopped: 0,0000636 seconds, Stopping threads took: 0,0000052 seconds
2017-05-25T15:17:12.345+0200: 4,119: Total time for which application threads were stopped: 0,0000783 seconds, Stopping threads took: 0,0000088 seconds
2017-05-25T15:17:12.345+0200: 4,119: Total time for which application threads were stopped: 0,0000629 seconds, Stopping threads took: 0,0000052 seconds
2017-05-25T15:17:12.345+0200: 4,119: Total time for which application threads were stopped: 0,0000620 seconds, Stopping threads took: 0,0000054 seconds
2017-05-25T15:17:12.345+0200: 4,119: Total time for which application threads were stopped: 0,0000608 seconds, Stopping threads took: 0,0000050 seconds
2017-05-25T15:17:12.345+0200: 4,119: Total time for which application threads were stopped: 0,0000584 seconds, Stopping threads took: 0,0000050 seconds
2017-05-25T15:17:12.346+0200: 4,119: Total time for which application threads were stopped: 0,0000712 seconds, Stopping threads took: 0,0000071 seconds
2017-05-25T15:17:12.346+0200: 4,119: Total time for which application threads were stopped: 0,0000627 seconds, Stopping threads took: 0,0000052 seconds
2017-05-25T15:17:12.346+0200: 4,120: Total time for which application threads were stopped: 0,0000644 seconds, Stopping threads took: 0,0000055 seconds
2017-05-25T15:17:12.346+0200: 4,120: Total time for which application threads were stopped: 0,0000619 seconds, Stopping threads took: 0,0000051 seconds
2017-05-25T15:17:12.346+0200: 4,120: Total time for which application threads were stopped: 0,0000985 seconds, Stopping threads took: 0,0000053 seconds
2017-05-25T15:17:12.346+0200: 4,120: Total time for which application threads were stopped: 0,0000895 seconds, Stopping threads took: 0,0000091 seconds
2017-05-25T15:17:12.347+0200: 4,120: Total time for which application threads were stopped: 0,0000642 seconds, Stopping threads took: 0,0000053 seconds
2017-05-25T15:17:12.347+0200: 4,120: Total time for which application threads were stopped: 0,0000742 seconds, Stopping threads took: 0,0000064 seconds
2017-05-25T15:17:12.347+0200: 4,121: Total time for which application threads were stopped: 0,0000636 seconds, Stopping threads took: 0,0000056 seconds
2017-05-25T15:17:12.347+0200: 4,121: Total time for which application threads were stopped: 0,0001858 seconds, Stopping threads took: 0,0000050 seconds
2017-05-25T15:17:12.355+0200: 4,129: Total time for which application threads were stopped: 0,0002191 seconds, Stopping threads took: 0,0001400 seconds
2017-05-25T15:17:12.356+0200: 4,129: Total time for which application threads were stopped: 0,0000552 seconds, Stopping threads took: 0,0000068 seconds
2017-05-25T15:17:12.363+0200: 4,136: Total time for which application threads were stopped: 0,0001367 seconds, Stopping threads took: 0,0000393 seconds
2017-05-25T15:17:12.382+0200: 4,155: Total time for which application threads were stopped: 0,0001360 seconds, Stopping threads took: 0,0000196 seconds
2017-05-25T15:17:12.382+0200: 4,156: Total time for which application threads were stopped: 0,0000977 seconds, Stopping threads took: 0,0000124 seconds
2017-05-25T15:17:12.382+0200: 4,156: Total time for which application threads were stopped: 0,0001088 seconds, Stopping threads took: 0,0000084 seconds
2017-05-25T15:17:12.382+0200: 4,156: Total time for which application threads were stopped: 0,0000736 seconds, Stopping threads took: 0,0000082 seconds
2017-05-25T15:17:12.383+0200: 4,156: Total time for which application threads were stopped: 0,0000794 seconds, Stopping threads took: 0,0000081 seconds
2017-05-25T15:17:12.386+0200: 4,160: Total time for which application threads were stopped: 0,0001667 seconds, Stopping threads took: 0,0000502 seconds
2017-05-25T15:17:12.415+0200: 4,189: Total time for which application threads were stopped: 0,0126301 seconds, Stopping threads took: 0,0125023 seconds
2017-05-25T15:17:12.415+0200: 4,189: Total time for which application threads were stopped: 0,0000779 seconds, Stopping threads took: 0,0000099 seconds
2017-05-25T15:17:12.415+0200: 4,189: Total time for which application threads were stopped: 0,0000671 seconds, Stopping threads took: 0,0000061 seconds
2017-05-25T15:17:12.416+0200: 4,189: Total time for which application threads were stopped: 0,0001015 seconds, Stopping threads took: 0,0000115 seconds
2017-05-25T15:17:12.416+0200: 4,189: Total time for which application threads were stopped: 0,0000676 seconds, Stopping threads took: 0,0000059 seconds
2017-05-25T15:17:12.416+0200: 4,190: Total time for which application threads were stopped: 0,0000698 seconds, Stopping threads took: 0,0000064 seconds
2017-05-25T15:17:12.416+0200: 4,190: Total time for which application threads were stopped: 0,0000656 seconds, Stopping threads took: 0,0000058 seconds
2017-05-25T15:17:12.416+0200: 4,190: Total time for which application threads were stopped: 0,0000599 seconds, Stopping threads took: 0,0000051 seconds
2017-05-25T15:17:12.416+0200: 4,190: Total time for which application threads were stopped: 0,0001030 seconds, Stopping threads took: 0,0000127 seconds
2017-05-25T15:17:12.417+0200: 4,190: Total time for which application threads were stopped: 0,0000710 seconds, Stopping threads took: 0,0000070 seconds
2017-05-25T15:17:12.417+0200: 4,191: Total time for which application threads were stopped: 0,0001877 seconds, Stopping threads took: 0,0000103 seconds
2017-05-25T15:17:12.503+0200: 4,276: Total time for which application threads were stopped: 0,0260846 seconds, Stopping threads took: 0,0259451 seconds
2017-05-25T15:17:12.582+0200: 4,356: Total time for which application threads were stopped: 0,0063725 seconds, Stopping threads took: 0,0062331 seconds
2017-05-25T15:17:12.590+0200: 4,364: Total time for which application threads were stopped: 0,0002165 seconds, Stopping threads took: 0,0001276 seconds
2017-05-25T15:17:12.597+0200: 4,370: Total time for which application threads were stopped: 0,0001072 seconds, Stopping threads took: 0,0000334 seconds
2017-05-25T15:17:12.597+0200: 4,370: Total time for which application threads were stopped: 0,0000687 seconds, Stopping threads took: 0,0000205 seconds
2017-05-25T15:17:12.597+0200: 4,370: Total time for which application threads were stopped: 0,0000556 seconds, Stopping threads took: 0,0000152 seconds
2017-05-25T15:17:12.597+0200: 4,371: Total time for which application threads were stopped: 0,0000556 seconds, Stopping threads took: 0,0000153 seconds
2017-05-25T15:17:12.608+0200: 4,382: Total time for which application threads were stopped: 0,0028033 seconds, Stopping threads took: 0,0026403 seconds
2017-05-25T15:17:12.614+0200: 4,388: Total time for which application threads were stopped: 0,0001165 seconds, Stopping threads took: 0,0000190 seconds
2017-05-25T15:17:12.614+0200: 4,388: Total time for which application threads were stopped: 0,0000701 seconds, Stopping threads took: 0,0000144 seconds
2017-05-25T15:17:12.615+0200: 4,388: Total time for which application threads were stopped: 0,0000764 seconds, Stopping threads took: 0,0000169 seconds
2017-05-25T15:17:12.615+0200: 4,388: Total time for which application threads were stopped: 0,0000646 seconds, Stopping threads took: 0,0000142 seconds
2017-05-25T15:17:12.615+0200: 4,388: Total time for which application threads were stopped: 0,0000598 seconds, Stopping threads took: 0,0000133 seconds
2017-05-25T15:17:12.620+0200: 4,394: Total time for which application threads were stopped: 0,0001284 seconds, Stopping threads took: 0,0000287 seconds
2017-05-25T15:17:12.636+0200: 4,409: Total time for which application threads were stopped: 0,0024821 seconds, Stopping threads took: 0,0023910 seconds
2017-05-25T15:17:12.637+0200: 4,410: Total time for which application threads were stopped: 0,0000928 seconds, Stopping threads took: 0,0000252 seconds
2017-05-25T15:17:12.654+0200: 4,427: Total time for which application threads were stopped: 0,0001584 seconds, Stopping threads took: 0,0000398 seconds
2017-05-25T15:17:12.661+0200: 4,435: Total time for which application threads were stopped: 0,0001525 seconds, Stopping threads took: 0,0000427 seconds
2017-05-25T15:17:12.671+0200: 4,444: Total time for which application threads were stopped: 0,0002052 seconds, Stopping threads took: 0,0001255 seconds
2017-05-25T15:17:12.684+0200: 4,458: Total time for which application threads were stopped: 0,0062527 seconds, Stopping threads took: 0,0060227 seconds
2017-05-25T15:17:12.702+0200: 4,476: Total time for which application threads were stopped: 0,0080798 seconds, Stopping threads took: 0,0079858 seconds
2017-05-25T15:17:12.717+0200: 4,491: Total time for which application threads were stopped: 0,0102318 seconds, Stopping threads took: 0,0100857 seconds
2017-05-25T15:17:12.717+0200: 4,491: Total time for which application threads were stopped: 0,0001039 seconds, Stopping threads took: 0,0000177 seconds
2017-05-25T15:17:12.717+0200: 4,491: Total time for which application threads were stopped: 0,0000831 seconds, Stopping threads took: 0,0000083 seconds
2017-05-25T15:17:12.758+0200: 4,532: Total time for which application threads were stopped: 0,0001780 seconds, Stopping threads took: 0,0000333 seconds
2017-05-25T15:17:12.762+0200: 4,536: Total time for which application threads were stopped: 0,0021191 seconds, Stopping threads took: 0,0019987 seconds
2017-05-25T15:17:12.816+0200: 4,589: Total time for which application threads were stopped: 0,0093576 seconds, Stopping threads took: 0,0092201 seconds
2017-05-25T15:17:12.818+0200: 4,591: Total time for which application threads were stopped: 0,0001121 seconds, Stopping threads took: 0,0000210 seconds
2017-05-25T15:17:12.829+0200: 4,602: Total time for which application threads were stopped: 0,0001598 seconds, Stopping threads took: 0,0000356 seconds
2017-05-25T15:17:12.837+0200: 4,611: Total time for which application threads were stopped: 0,0037453 seconds, Stopping threads took: 0,0036277 seconds
2017-05-25T15:17:12.839+0200: 4,612: Total time for which application threads were stopped: 0,0001372 seconds, Stopping threads took: 0,0000328 seconds
2017-05-25T15:17:12.903+0200: 4,677: Total time for which application threads were stopped: 0,0001550 seconds, Stopping threads took: 0,0000388 seconds
2017-05-25T15:17:12.922+0200: 4,696: Total time for which application threads were stopped: 0,0001707 seconds, Stopping threads took: 0,0000376 seconds
2017-05-25T15:17:12.938+0200: 4,712: Total time for which application threads were stopped: 0,0026236 seconds, Stopping threads took: 0,0024874 seconds
2017-05-25T15:17:12.996+0200: 4,769: Total time for which application threads were stopped: 0,0004243 seconds, Stopping threads took: 0,0000233 seconds
2017-05-25T15:17:13.009+0200: 4,782: Total time for which application threads were stopped: 0,0003962 seconds, Stopping threads took: 0,0000188 seconds
2017-05-25T15:17:13.056+0200: 4,830: Total time for which application threads were stopped: 0,0003654 seconds, Stopping threads took: 0,0000261 seconds
2017-05-25T15:17:13.057+0200: 4,830: Total time for which application threads were stopped: 0,0000621 seconds, Stopping threads took: 0,0000212 seconds
2017-05-25T15:17:13.058+0200: 4,831: Total time for which application threads were stopped: 0,0001627 seconds, Stopping threads took: 0,0000819 seconds
2017-05-25T15:17:13.058+0200: 4,831: Total time for which application threads were stopped: 0,0000642 seconds, Stopping threads took: 0,0000108 seconds
2017-05-25T15:17:13.058+0200: 4,832: Total time for which application threads were stopped: 0,0000575 seconds, Stopping threads took: 0,0000116 seconds
2017-05-25T15:17:13.090+0200: 4,864: Total time for which application threads were stopped: 0,0001320 seconds, Stopping threads took: 0,0000541 seconds
2017-05-25T15:17:13.096+0200: 4,869: Total time for which application threads were stopped: 0,0001463 seconds, Stopping threads took: 0,0000679 seconds
2017-05-25T15:17:13.096+0200: 4,870: Total time for which application threads were stopped: 0,0001165 seconds, Stopping threads took: 0,0000406 seconds
2017-05-25T15:17:13.097+0200: 4,870: Total time for which application threads were stopped: 0,0001194 seconds, Stopping threads took: 0,0000554 seconds
2017-05-25T15:17:13.097+0200: 4,871: Total time for which application threads were stopped: 0,0000665 seconds, Stopping threads took: 0,0000189 seconds
2017-05-25T15:17:13.102+0200: 4,876: Total time for which application threads were stopped: 0,0001265 seconds, Stopping threads took: 0,0000330 seconds
2017-05-25T15:17:13.105+0200: 4,879: Total time for which application threads were stopped: 0,0001067 seconds, Stopping threads took: 0,0000172 seconds
2017-05-25T15:17:13.110+0200: 4,883: Total time for which application threads were stopped: 0,0001387 seconds, Stopping threads took: 0,0000503 seconds
2017-05-25T15:17:13.114+0200: 4,887: Total time for which application threads were stopped: 0,0001115 seconds, Stopping threads took: 0,0000382 seconds
2017-05-25T15:17:13.122+0200: 4,895: Total time for which application threads were stopped: 0,0003331 seconds, Stopping threads took: 0,0002493 seconds
2017-05-25T15:17:13.133+0200: 4,907: Total time for which application threads were stopped: 0,0001558 seconds, Stopping threads took: 0,0000596 seconds
2017-05-25T15:17:13.136+0200: 4,909: Total time for which application threads were stopped: 0,0001241 seconds, Stopping threads took: 0,0000534 seconds
2017-05-25T15:17:13.142+0200: 4,915: Total time for which application threads were stopped: 0,0001277 seconds, Stopping threads took: 0,0000569 seconds
2017-05-25T15:17:13.151+0200: 4,925: Total time for which application threads were stopped: 0,0002026 seconds, Stopping threads took: 0,0000498 seconds
2017-05-25T15:17:13.154+0200: 4,928: Total time for which application threads were stopped: 0,0002255 seconds, Stopping threads took: 0,0001637 seconds
2017-05-25T15:17:13.164+0200: 4,937: Total time for which application threads were stopped: 0,0001491 seconds, Stopping threads took: 0,0000584 seconds
2017-05-25T15:17:13.165+0200: 4,938: Total time for which application threads were stopped: 0,0003778 seconds, Stopping threads took: 0,0000244 seconds
2017-05-25T15:17:13.165+0200: 4,939: Total time for which application threads were stopped: 0,0001132 seconds, Stopping threads took: 0,0000571 seconds
2017-05-25T15:17:14.165+0200: 5,939: Total time for which application threads were stopped: 0,0001056 seconds, Stopping threads took: 0,0000206 seconds
{Heap before GC invocations=9 (full 1):
 par new generation   total 109248K, used 93362K [0x00000000e0000000, 0x00000000e8000000, 0x00000000e8000000)
  eden space 87424K, 100% used [0x00000000e0000000, 0x00000000e5560000, 0x00000000e5560000)
  from space 21824K,  27% used [0x00000000e6ab0000, 0x00000000e707c998, 0x00000000e8000000)
  to   space 21824K,   0% used [0x00000000e5560000, 0x00000000e5560000, 0x00000000e6ab0000)
 concurrent mark-sweep generation total 393216K, used 6047K [0x00000000e8000000, 0x0000000100000000, 0x0000000100000000)
 Metaspace       used 28011K, capacity 28554K, committed 28796K, reserved 1075200K
  class space    used 3210K, capacity 3386K, committed 3452K, reserved 1048576K
2017-05-25T15:17:19.184+0200: 10,958: [GC (Allocation Failure) 2017-05-25T15:17:19.184+0200: 10,958: [ParNew
Desired survivor size 20112992 bytes, new threshold 8 (max 8)
- age   1:   11188808 bytes,   11188808 total
- age   2:     305440 bytes,   11494248 total
- age   3:     209744 bytes,   11703992 total
- age   4:    1734304 bytes,   13438296 total
- age   5:      72408 bytes,   13510704 total
- age   7:     103808 bytes,   13614512 total
- age   8:     182424 bytes,   13796936 total
: 93362K->13870K(109248K), 0,0334641 secs] 99410K->20741K(502464K), 0,0335267 secs] [Times: user=0,07 sys=0,00, real=0,03 secs] 
Heap after GC invocations=10 (full 1):
 par new generation   total 109248K, used 13870K [0x00000000e0000000, 0x00000000e8000000, 0x00000000e8000000)
  eden space 87424K,   0% used [0x00000000e0000000, 0x00000000e0000000, 0x00000000e5560000)
  from space 21824K,  63% used [0x00000000e5560000, 0x00000000e62eb8f8, 0x00000000e6ab0000)
  to   space 21824K,   0% used [0x00000000e6ab0000, 0x00000000e6ab0000, 0x00000000e8000000)
 concurrent mark-sweep generation total 393216K, used 6871K [0x00000000e8000000, 0x0000000100000000, 0x0000000100000000)
 Metaspace       used 28011K, capacity 28554K, committed 28796K, reserved 1075200K
  class space    used 3210K, capacity 3386K, committed 3452K, reserved 1048576K
}
2017-05-25T15:17:19.218+0200: 10,991: Total time for which application threads were stopped: 0,0337134 seconds, Stopping threads took: 0,0000214 seconds
2017-05-25T15:17:19.220+0200: 10,994: Total time for which application threads were stopped: 0,0007516 seconds, Stopping threads took: 0,0006997 seconds
2017-05-25T15:17:19.221+0200: 10,994: Total time for which application threads were stopped: 0,0000676 seconds, Stopping threads took: 0,0000273 seconds
2017-05-25T15:18:30.228+0200: 82,001: Total time for which application threads were stopped: 0,0000786 seconds, Stopping threads took: 0,0000214 seconds
2017-05-25T15:19:10.233+0200: 122,006: Total time for which application threads were stopped: 0,0000914 seconds, Stopping threads took: 0,0000385 seconds
2017-05-25T15:21:45.256+0200: 277,030: Total time for which application threads were stopped: 0,0001752 seconds, Stopping threads took: 0,0000687 seconds
2017-05-25T15:40:39.435+0200: 1411,208: Total time for which application threads were stopped: 0,0001830 seconds, Stopping threads took: 0,0000688 seconds
2017-05-25T15:45:10.477+0200: 1682,250: Total time for which application threads were stopped: 0,0001768 seconds, Stopping threads took: 0,0000590 seconds
2017-05-25T15:55:29.573+0200: 2301,347: Total time for which application threads were stopped: 0,0000763 seconds, Stopping threads took: 0,0000288 seconds
2017-05-25T15:55:34.574+0200: 2306,347: Total time for which application threads were stopped: 0,0000718 seconds, Stopping threads took: 0,0000164 seconds
2017-05-25T15:57:39.593+0200: 2431,367: Total time for which application threads were stopped: 0,0000875 seconds, Stopping threads took: 0,0000338 seconds
2017-05-25T16:08:59.694+0200: 3111,467: Total time for which application threads were stopped: 0,0000779 seconds, Stopping threads took: 0,0000291 seconds
2017-05-25T16:13:15.735+0200: 3367,508: Total time for which application threads were stopped: 0,0000916 seconds, Stopping threads took: 0,0000358 seconds
2017-05-25T16:20:44.807+0200: 3816,581: Total time for which application threads were stopped: 0,0001073 seconds, Stopping threads took: 0,0000357 seconds
2017-05-25T16:20:49.808+0200: 3821,582: Total time for which application threads were stopped: 0,0000720 seconds, Stopping threads took: 0,0000165 seconds
2017-05-25T16:39:10.984+0200: 4922,758: Total time for which application threads were stopped: 0,0000757 seconds, Stopping threads took: 0,0000289 seconds
2017-05-25T16:39:25.987+0200: 4937,760: Total time for which application threads were stopped: 0,0000890 seconds, Stopping threads took: 0,0000358 seconds
2017-05-25T17:03:06.531+0200: 6358,305: Total time for which application threads were stopped: 0,0249235 seconds, Stopping threads took: 0,0248355 seconds
2017-05-25T17:03:06.533+0200: 6358,306: Total time for which application threads were stopped: 0,0000852 seconds, Stopping threads took: 0,0000183 seconds
2017-05-25T17:03:06.533+0200: 6358,307: Total time for which application threads were stopped: 0,0000585 seconds, Stopping threads took: 0,0000090 seconds
2017-05-25T17:03:06.533+0200: 6358,307: Total time for which application threads were stopped: 0,0000389 seconds, Stopping threads took: 0,0000048 seconds
2017-05-25T17:03:06.533+0200: 6358,307: Total time for which application threads were stopped: 0,0000385 seconds, Stopping threads took: 0,0000053 seconds
2017-05-25T17:03:06.534+0200: 6358,307: Total time for which application threads were stopped: 0,0000351 seconds, Stopping threads took: 0,0000050 seconds
2017-05-25T17:03:06.534+0200: 6358,307: Total time for which application threads were stopped: 0,0000341 seconds, Stopping threads took: 0,0000044 seconds
2017-05-25T17:03:06.534+0200: 6358,307: Total time for which application threads were stopped: 0,0000329 seconds, Stopping threads took: 0,0000044 seconds
2017-05-25T17:03:06.534+0200: 6358,307: Total time for which application threads were stopped: 0,0000341 seconds, Stopping threads took: 0,0000048 seconds
2017-05-25T17:03:06.534+0200: 6358,307: Total time for which application threads were stopped: 0,0000331 seconds, Stopping threads took: 0,0000045 seconds
2017-05-25T17:03:06.534+0200: 6358,307: Total time for which application threads were stopped: 0,0000330 seconds, Stopping threads took: 0,0000045 seconds
2017-05-25T17:03:06.534+0200: 6358,308: Total time for which application threads were stopped: 0,0000322 seconds, Stopping threads took: 0,0000048 seconds
2017-05-25T17:03:06.534+0200: 6358,308: Total time for which application threads were stopped: 0,0000339 seconds, Stopping threads took: 0,0000046 seconds
2017-05-25T17:03:06.534+0200: 6358,308: Total time for which application threads were stopped: 0,0000327 seconds, Stopping threads took: 0,0000044 seconds
2017-05-25T17:03:06.535+0200: 6358,308: Total time for which application threads were stopped: 0,0006022 seconds, Stopping threads took: 0,0005412 seconds
2017-05-25T17:03:06.548+0200: 6358,322: Total time for which application threads were stopped: 0,0074659 seconds, Stopping threads took: 0,0073786 seconds
2017-05-25T17:03:06.550+0200: 6358,323: Total time for which application threads were stopped: 0,0000884 seconds, Stopping threads took: 0,0000159 seconds
2017-05-25T17:03:06.550+0200: 6358,324: Total time for which application threads were stopped: 0,0000751 seconds, Stopping threads took: 0,0000098 seconds
2017-05-25T17:03:06.554+0200: 6358,328: Total time for which application threads were stopped: 0,0038406 seconds, Stopping threads took: 0,0037616 seconds
2017-05-25T17:03:06.554+0200: 6358,328: Total time for which application threads were stopped: 0,0000487 seconds, Stopping threads took: 0,0000086 seconds
2017-05-25T17:03:06.554+0200: 6358,328: Total time for which application threads were stopped: 0,0000407 seconds, Stopping threads took: 0,0000082 seconds
2017-05-25T17:03:06.555+0200: 6358,328: Total time for which application threads were stopped: 0,0000391 seconds, Stopping threads took: 0,0000059 seconds
2017-05-25T17:03:06.555+0200: 6358,328: Total time for which application threads were stopped: 0,0000396 seconds, Stopping threads took: 0,0000051 seconds
2017-05-25T17:03:06.555+0200: 6358,328: Total time for which application threads were stopped: 0,0000416 seconds, Stopping threads took: 0,0000053 seconds
2017-05-25T17:03:06.555+0200: 6358,328: Total time for which application threads were stopped: 0,0000372 seconds, Stopping threads took: 0,0000056 seconds
2017-05-25T17:03:06.555+0200: 6358,328: Total time for which application threads were stopped: 0,0000378 seconds, Stopping threads took: 0,0000053 seconds
2017-05-25T17:03:06.555+0200: 6358,329: Total time for which application threads were stopped: 0,0000364 seconds, Stopping threads took: 0,0000048 seconds
2017-05-25T17:03:06.555+0200: 6358,329: Total time for which application threads were stopped: 0,0000402 seconds, Stopping threads took: 0,0000058 seconds
2017-05-25T17:03:06.555+0200: 6358,329: Total time for which application threads were stopped: 0,0000539 seconds, Stopping threads took: 0,0000053 seconds
2017-05-25T17:03:06.555+0200: 6358,329: Total time for which application threads were stopped: 0,0000384 seconds, Stopping threads took: 0,0000054 seconds
2017-05-25T17:03:06.555+0200: 6358,329: Total time for which application threads were stopped: 0,0000372 seconds, Stopping threads took: 0,0000050 seconds
2017-05-25T17:03:06.555+0200: 6358,329: Total time for which application threads were stopped: 0,0000369 seconds, Stopping threads took: 0,0000055 seconds
2017-05-25T17:03:06.555+0200: 6358,329: Total time for which application threads were stopped: 0,0000394 seconds, Stopping threads took: 0,0000062 seconds
2017-05-25T17:03:06.555+0200: 6358,329: Total time for which application threads were stopped: 0,0000357 seconds, Stopping threads took: 0,0000056 seconds
2017-05-25T17:03:06.568+0200: 6358,341: Total time for which application threads were stopped: 0,0008963 seconds, Stopping threads took: 0,0000271 seconds
2017-05-25T17:03:06.568+0200: 6358,342: Total time for which application threads were stopped: 0,0000628 seconds, Stopping threads took: 0,0000166 seconds
2017-05-25T17:03:06.568+0200: 6358,342: Total time for which application threads were stopped: 0,0000478 seconds, Stopping threads took: 0,0000149 seconds
2017-05-25T17:03:06.568+0200: 6358,342: Total time for which application threads were stopped: 0,0000487 seconds, Stopping threads took: 0,0000143 seconds
2017-05-25T17:03:06.568+0200: 6358,342: Total time for which application threads were stopped: 0,0000435 seconds, Stopping threads took: 0,0000122 seconds
2017-05-25T17:03:06.568+0200: 6358,342: Total time for which application threads were stopped: 0,0000426 seconds, Stopping threads took: 0,0000120 seconds
2017-05-25T17:03:06.568+0200: 6358,342: Total time for which application threads were stopped: 0,0000435 seconds, Stopping threads took: 0,0000124 seconds
2017-05-25T17:03:06.568+0200: 6358,342: Total time for which application threads were stopped: 0,0000356 seconds, Stopping threads took: 0,0000050 seconds
2017-05-25T17:03:06.569+0200: 6358,342: Total time for which application threads were stopped: 0,0000362 seconds, Stopping threads took: 0,0000048 seconds
2017-05-25T17:03:06.569+0200: 6358,342: Total time for which application threads were stopped: 0,0000374 seconds, Stopping threads took: 0,0000051 seconds
2017-05-25T17:03:06.571+0200: 6358,345: Total time for which application threads were stopped: 0,0008398 seconds, Stopping threads took: 0,0007554 seconds
2017-05-25T17:03:06.572+0200: 6358,346: Total time for which application threads were stopped: 0,0000774 seconds, Stopping threads took: 0,0000145 seconds
2017-05-25T17:03:06.572+0200: 6358,346: Total time for which application threads were stopped: 0,0000479 seconds, Stopping threads took: 0,0000132 seconds
2017-05-25T17:03:06.577+0200: 6358,350: Total time for which application threads were stopped: 0,0001242 seconds, Stopping threads took: 0,0000416 seconds
2017-05-25T17:03:06.580+0200: 6358,354: Total time for which application threads were stopped: 0,0022544 seconds, Stopping threads took: 0,0021831 seconds
2017-05-25T17:03:06.582+0200: 6358,356: Total time for which application threads were stopped: 0,0000970 seconds, Stopping threads took: 0,0000191 seconds
2017-05-25T17:03:06.583+0200: 6358,356: Total time for which application threads were stopped: 0,0000495 seconds, Stopping threads took: 0,0000166 seconds
2017-05-25T17:03:06.583+0200: 6358,356: Total time for which application threads were stopped: 0,0000428 seconds, Stopping threads took: 0,0000121 seconds
2017-05-25T17:03:06.583+0200: 6358,356: Total time for which application threads were stopped: 0,0000426 seconds, Stopping threads took: 0,0000117 seconds
2017-05-25T17:03:06.585+0200: 6358,359: Total time for which application threads were stopped: 0,0001082 seconds, Stopping threads took: 0,0000281 seconds
2017-05-25T17:03:06.585+0200: 6358,359: Total time for which application threads were stopped: 0,0039595 seconds, Stopping threads took: 0,0000145 seconds
2017-05-25T17:03:06.590+0200: 6358,363: Total time for which application threads were stopped: 0,0000967 seconds, Stopping threads took: 0,0000288 seconds
2017-05-25T17:03:06.590+0200: 6358,364: Total time for which application threads were stopped: 0,0001075 seconds, Stopping threads took: 0,0000262 seconds
2017-05-25T17:03:06.590+0200: 6358,364: Total time for which application threads were stopped: 0,0000506 seconds, Stopping threads took: 0,0000143 seconds
2017-05-25T17:03:06.590+0200: 6358,364: Total time for which application threads were stopped: 0,0000556 seconds, Stopping threads took: 0,0000145 seconds
2017-05-25T17:03:06.591+0200: 6358,365: Total time for which application threads were stopped: 0,0005832 seconds, Stopping threads took: 0,0005207 seconds
2017-05-25T17:03:06.591+0200: 6358,365: Total time for which application threads were stopped: 0,0000890 seconds, Stopping threads took: 0,0000264 seconds
2017-05-25T17:03:06.592+0200: 6358,366: Total time for which application threads were stopped: 0,0000956 seconds, Stopping threads took: 0,0000221 seconds
2017-05-25T17:03:06.593+0200: 6358,366: Total time for which application threads were stopped: 0,0000569 seconds, Stopping threads took: 0,0000171 seconds
2017-05-25T17:03:06.593+0200: 6358,366: Total time for which application threads were stopped: 0,0000726 seconds, Stopping threads took: 0,0000390 seconds
2017-05-25T17:03:06.593+0200: 6358,366: Total time for which application threads were stopped: 0,0000472 seconds, Stopping threads took: 0,0000136 seconds
2017-05-25T17:03:06.593+0200: 6358,367: Total time for which application threads were stopped: 0,0000767 seconds, Stopping threads took: 0,0000227 seconds
2017-05-25T17:03:06.593+0200: 6358,367: Total time for which application threads were stopped: 0,0000631 seconds, Stopping threads took: 0,0000285 seconds
2017-05-25T17:03:06.594+0200: 6358,367: Total time for which application threads were stopped: 0,0001864 seconds, Stopping threads took: 0,0000161 seconds
2017-05-25T17:03:06.596+0200: 6358,369: Total time for which application threads were stopped: 0,0000964 seconds, Stopping threads took: 0,0000206 seconds
2017-05-25T17:03:06.598+0200: 6358,371: Total time for which application threads were stopped: 0,0000572 seconds, Stopping threads took: 0,0000131 seconds
2017-05-25T17:03:06.598+0200: 6358,371: Total time for which application threads were stopped: 0,0000527 seconds, Stopping threads took: 0,0000099 seconds
Heap
 par new generation   total 109248K, used 39104K [0x00000000e0000000, 0x00000000e8000000, 0x00000000e8000000)
  eden space 87424K,  28% used [0x00000000e0000000, 0x00000000e18a4868, 0x00000000e5560000)
  from space 21824K,  63% used [0x00000000e5560000, 0x00000000e62eb8f8, 0x00000000e6ab0000)
  to   space 21824K,   0% used [0x00000000e6ab0000, 0x00000000e6ab0000, 0x00000000e8000000)
 concurrent mark-sweep generation total 393216K, used 6871K [0x00000000e8000000, 0x0000000100000000, 0x0000000100000000)
 Metaspace       used 28145K, capacity 28690K, committed 29052K, reserved 1075200K
  class space    used 3224K, capacity 3388K, committed 3452K, reserved 1048576K
