OpenJDK 64-Bit Server VM (25.111-b14) for linux-amd64 JRE (1.8.0_111-8u111-b14-2ubuntu0.16.04.2-b14), built on Oct 27 2016 18:10:19 by "buildd" with gcc 5.4.0 20160609
Memory: 4k page, physical 7867800k(7498864k free), swap 8076284k(8076284k free)
CommandLine flags: -XX:CMSInitiatingOccupancyFraction=50 -XX:CMSMaxAbortablePrecleanTime=6000 -XX:+CMSParallelRemarkEnabled -XX:+CMSScavengeBeforeRemark -XX:ConcGCThreads=4 -XX:InitialHeapSize=536870912 -XX:MaxHeapSize=536870912 -XX:MaxTenuringThreshold=8 -XX:NewRatio=3 -XX:OldPLABSize=16 -XX:OnOutOfMemoryError=/opt/solr/bin/oom_solr.sh 8983 /var/solr/logs -XX:ParallelGCThreads=4 -XX:+ParallelRefProcEnabled -XX:PretenureSizeThreshold=67108864 -XX:+PrintGC -XX:+PrintGCApplicationStoppedTime -XX:+PrintGCDateStamps -XX:+PrintGCDetails -XX:+PrintGCTimeStamps -XX:+PrintHeapAtGC -XX:+PrintTenuringDistribution -XX:SurvivorRatio=4 -XX:TargetSurvivorRatio=90 -XX:ThreadStackSize=256 -XX:+UseCMSInitiatingOccupancyOnly -XX:+UseCompressedClassPointers -XX:+UseCompressedOops -XX:+UseConcMarkSweepGC -XX:+UseParNewGC 
2017-01-30T21:22:01.724+0100: 0,122: Total time for which application threads were stopped: 0,0000697 seconds, Stopping threads took: 0,0000126 seconds
2017-01-30T21:22:01.805+0100: 0,203: Total time for which application threads were stopped: 0,0000974 seconds, Stopping threads took: 0,0000150 seconds
2017-01-30T21:22:01.817+0100: 0,215: Total time for which application threads were stopped: 0,0000744 seconds, Stopping threads took: 0,0000089 seconds
2017-01-30T21:22:02.051+0100: 0,450: Total time for which application threads were stopped: 0,0001238 seconds, Stopping threads took: 0,0000125 seconds
2017-01-30T21:22:02.531+0100: 0,930: Total time for which application threads were stopped: 0,0001764 seconds, Stopping threads took: 0,0000264 seconds
2017-01-30T21:22:02.682+0100: 1,080: Total time for which application threads were stopped: 0,0001839 seconds, Stopping threads took: 0,0000299 seconds
2017-01-30T21:22:02.738+0100: 1,136: Total time for which application threads were stopped: 0,0002050 seconds, Stopping threads took: 0,0000381 seconds
2017-01-30T21:22:03.062+0100: 1,460: Total time for which application threads were stopped: 0,0002118 seconds, Stopping threads took: 0,0000180 seconds
2017-01-30T21:22:03.284+0100: 1,682: Total time for which application threads were stopped: 0,0002119 seconds, Stopping threads took: 0,0000270 seconds
2017-01-30T21:22:03.304+0100: 1,703: Total time for which application threads were stopped: 0,0002885 seconds, Stopping threads took: 0,0000291 seconds
2017-01-30T21:22:03.306+0100: 1,705: Total time for which application threads were stopped: 0,0001473 seconds, Stopping threads took: 0,0000223 seconds
2017-01-30T21:22:03.319+0100: 1,718: Total time for which application threads were stopped: 0,0006267 seconds, Stopping threads took: 0,0000260 seconds
2017-01-30T21:22:03.410+0100: 1,809: Total time for which application threads were stopped: 0,0002124 seconds, Stopping threads took: 0,0000204 seconds
2017-01-30T21:22:03.562+0100: 1,961: Total time for which application threads were stopped: 0,0028004 seconds, Stopping threads took: 0,0025854 seconds
2017-01-30T21:22:03.692+0100: 2,091: Total time for which application threads were stopped: 0,0001469 seconds, Stopping threads took: 0,0000346 seconds
{Heap before GC invocations=0 (full 0):
 par new generation   total 109248K, used 87551K [0x00000000e0000000, 0x00000000e8000000, 0x00000000e8000000)
  eden space 87424K, 100% used [0x00000000e0000000, 0x00000000e5560000, 0x00000000e5560000)
  from space 21824K,   0% used [0x00000000e5560000, 0x00000000e557fc10, 0x00000000e6ab0000)
  to   space 21824K,   0% used [0x00000000e6ab0000, 0x00000000e6ab0000, 0x00000000e8000000)
 concurrent mark-sweep generation total 393216K, used 0K [0x00000000e8000000, 0x0000000100000000, 0x0000000100000000)
 Metaspace       used 18019K, capacity 18302K, committed 18560K, reserved 1064960K
  class space    used 2046K, capacity 2162K, committed 2176K, reserved 1048576K
2017-01-30T21:22:03.692+0100: 2,091: [GC (GCLocker Initiated GC) 2017-01-30T21:22:03.692+0100: 2,091: [ParNew
Desired survivor size 20112992 bytes, new threshold 8 (max 8)
- age   1:   13165704 bytes,   13165704 total
: 87551K->12985K(109248K), 0,0155580 secs] 87551K->12985K(502464K), 0,0156472 secs] [Times: user=0,05 sys=0,01, real=0,02 secs] 
Heap after GC invocations=1 (full 0):
 par new generation   total 109248K, used 12985K [0x00000000e0000000, 0x00000000e8000000, 0x00000000e8000000)
  eden space 87424K,   0% used [0x00000000e0000000, 0x00000000e0000000, 0x00000000e5560000)
  from space 21824K,  59% used [0x00000000e6ab0000, 0x00000000e775e450, 0x00000000e8000000)
  to   space 21824K,   0% used [0x00000000e5560000, 0x00000000e5560000, 0x00000000e6ab0000)
 concurrent mark-sweep generation total 393216K, used 0K [0x00000000e8000000, 0x0000000100000000, 0x0000000100000000)
 Metaspace       used 18019K, capacity 18302K, committed 18560K, reserved 1064960K
  class space    used 2046K, capacity 2162K, committed 2176K, reserved 1048576K
}
2017-01-30T21:22:03.708+0100: 2,106: Total time for which application threads were stopped: 0,0157813 seconds, Stopping threads took: 0,0000246 seconds
2017-01-30T21:22:03.918+0100: 2,317: Total time for which application threads were stopped: 0,0018744 seconds, Stopping threads took: 0,0015949 seconds
2017-01-30T21:22:03.953+0100: 2,351: Total time for which application threads were stopped: 0,0003326 seconds, Stopping threads took: 0,0000453 seconds
2017-01-30T21:22:03.990+0100: 2,388: Total time for which application threads were stopped: 0,0003140 seconds, Stopping threads took: 0,0000507 seconds
{Heap before GC invocations=1 (full 0):
 par new generation   total 109248K, used 100409K [0x00000000e0000000, 0x00000000e8000000, 0x00000000e8000000)
  eden space 87424K, 100% used [0x00000000e0000000, 0x00000000e5560000, 0x00000000e5560000)
  from space 21824K,  59% used [0x00000000e6ab0000, 0x00000000e775e450, 0x00000000e8000000)
  to   space 21824K,   0% used [0x00000000e5560000, 0x00000000e5560000, 0x00000000e6ab0000)
 concurrent mark-sweep generation total 393216K, used 0K [0x00000000e8000000, 0x0000000100000000, 0x0000000100000000)
 Metaspace       used 20529K, capacity 20854K, committed 20992K, reserved 1067008K
  class space    used 2368K, capacity 2486K, committed 2560K, reserved 1048576K
2017-01-30T21:22:04.100+0100: 2,498: [GC (Allocation Failure) 2017-01-30T21:22:04.100+0100: 2,498: [ParNew
Desired survivor size 20112992 bytes, new threshold 8 (max 8)
- age   1:    3726304 bytes,    3726304 total
- age   2:    6653568 bytes,   10379872 total
: 100409K->13971K(109248K), 0,0102029 secs] 100409K->13971K(502464K), 0,0102728 secs] [Times: user=0,03 sys=0,00, real=0,01 secs] 
Heap after GC invocations=2 (full 0):
 par new generation   total 109248K, used 13971K [0x00000000e0000000, 0x00000000e8000000, 0x00000000e8000000)
  eden space 87424K,   0% used [0x00000000e0000000, 0x00000000e0000000, 0x00000000e5560000)
  from space 21824K,  64% used [0x00000000e5560000, 0x00000000e6304eb0, 0x00000000e6ab0000)
  to   space 21824K,   0% used [0x00000000e6ab0000, 0x00000000e6ab0000, 0x00000000e8000000)
 concurrent mark-sweep generation total 393216K, used 0K [0x00000000e8000000, 0x0000000100000000, 0x0000000100000000)
 Metaspace       used 20529K, capacity 20854K, committed 20992K, reserved 1067008K
  class space    used 2368K, capacity 2486K, committed 2560K, reserved 1048576K
}
2017-01-30T21:22:04.110+0100: 2,509: Total time for which application threads were stopped: 0,0105382 seconds, Stopping threads took: 0,0000956 seconds
2017-01-30T21:22:04.162+0100: 2,561: Total time for which application threads were stopped: 0,0001517 seconds, Stopping threads took: 0,0000595 seconds
2017-01-30T21:22:04.187+0100: 2,585: Total time for which application threads were stopped: 0,0001209 seconds, Stopping threads took: 0,0000303 seconds
2017-01-30T21:22:04.242+0100: 2,640: Total time for which application threads were stopped: 0,0023180 seconds, Stopping threads took: 0,0022357 seconds
{Heap before GC invocations=2 (full 0):
 par new generation   total 109248K, used 101395K [0x00000000e0000000, 0x00000000e8000000, 0x00000000e8000000)
  eden space 87424K, 100% used [0x00000000e0000000, 0x00000000e5560000, 0x00000000e5560000)
  from space 21824K,  64% used [0x00000000e5560000, 0x00000000e6304eb0, 0x00000000e6ab0000)
  to   space 21824K,   0% used [0x00000000e6ab0000, 0x00000000e6ab0000, 0x00000000e8000000)
 concurrent mark-sweep generation total 393216K, used 0K [0x00000000e8000000, 0x0000000100000000, 0x0000000100000000)
 Metaspace       used 21785K, capacity 22118K, committed 22216K, reserved 1069056K
  class space    used 2522K, capacity 2649K, committed 2684K, reserved 1048576K
2017-01-30T21:22:04.287+0100: 2,686: [GC (Allocation Failure) 2017-01-30T21:22:04.287+0100: 2,686: [ParNew
Desired survivor size 20112992 bytes, new threshold 8 (max 8)
- age   1:    1808248 bytes,    1808248 total
- age   2:    1601872 bytes,    3410120 total
- age   3:    6612712 bytes,   10022832 total
: 101395K->11594K(109248K), 0,0183108 secs] 101395K->11594K(502464K), 0,0184000 secs] [Times: user=0,04 sys=0,00, real=0,01 secs] 
Heap after GC invocations=3 (full 0):
 par new generation   total 109248K, used 11594K [0x00000000e0000000, 0x00000000e8000000, 0x00000000e8000000)
  eden space 87424K,   0% used [0x00000000e0000000, 0x00000000e0000000, 0x00000000e5560000)
  from space 21824K,  53% used [0x00000000e6ab0000, 0x00000000e7602940, 0x00000000e8000000)
  to   space 21824K,   0% used [0x00000000e5560000, 0x00000000e5560000, 0x00000000e6ab0000)
 concurrent mark-sweep generation total 393216K, used 0K [0x00000000e8000000, 0x0000000100000000, 0x0000000100000000)
 Metaspace       used 21785K, capacity 22118K, committed 22216K, reserved 1069056K
  class space    used 2522K, capacity 2649K, committed 2684K, reserved 1048576K
}
2017-01-30T21:22:04.306+0100: 2,704: Total time for which application threads were stopped: 0,0186269 seconds, Stopping threads took: 0,0000620 seconds
2017-01-30T21:22:04.314+0100: 2,713: [GC (CMS Initial Mark) [1 CMS-initial-mark: 0K(393216K)] 18692K(502464K), 0,0059893 secs] [Times: user=0,01 sys=0,00, real=0,00 secs] 
2017-01-30T21:22:04.321+0100: 2,719: Total time for which application threads were stopped: 0,0063093 seconds, Stopping threads took: 0,0002178 seconds
2017-01-30T21:22:04.321+0100: 2,719: [CMS-concurrent-mark-start]
2017-01-30T21:22:04.321+0100: 2,719: [CMS-concurrent-mark: 0,000/0,000 secs] [Times: user=0,00 sys=0,00, real=0,00 secs] 
2017-01-30T21:22:04.321+0100: 2,719: [CMS-concurrent-preclean-start]
2017-01-30T21:22:04.322+0100: 2,720: [CMS-concurrent-preclean: 0,001/0,001 secs] [Times: user=0,01 sys=0,00, real=0,00 secs] 
2017-01-30T21:22:04.322+0100: 2,720: [CMS-concurrent-abortable-preclean-start]
2017-01-30T21:22:04.330+0100: 2,728: Total time for which application threads were stopped: 0,0044998 seconds, Stopping threads took: 0,0044320 seconds
2017-01-30T21:22:04.410+0100: 2,809: Total time for which application threads were stopped: 0,0003566 seconds, Stopping threads took: 0,0000554 seconds
2017-01-30T21:22:04.411+0100: 2,809: [CMS-concurrent-abortable-preclean: 0,073/0,088 secs] [Times: user=0,30 sys=0,01, real=0,09 secs] 
2017-01-30T21:22:04.411+0100: 2,809: [GC (CMS Final Remark) [YG occupancy: 73697 K (109248 K)]{Heap before GC invocations=3 (full 1):
 par new generation   total 109248K, used 73697K [0x00000000e0000000, 0x00000000e8000000, 0x00000000e8000000)
  eden space 87424K,  71% used [0x00000000e0000000, 0x00000000e3ca5e70, 0x00000000e5560000)
  from space 21824K,  53% used [0x00000000e6ab0000, 0x00000000e7602940, 0x00000000e8000000)
  to   space 21824K,   0% used [0x00000000e5560000, 0x00000000e5560000, 0x00000000e6ab0000)
 concurrent mark-sweep generation total 393216K, used 0K [0x00000000e8000000, 0x0000000100000000, 0x0000000100000000)
 Metaspace       used 22154K, capacity 22462K, committed 22548K, reserved 1069056K
  class space    used 2571K, capacity 2717K, committed 2760K, reserved 1048576K
2017-01-30T21:22:04.411+0100: 2,809: [GC (CMS Final Remark) 2017-01-30T21:22:04.411+0100: 2,809: [ParNew
Desired survivor size 20112992 bytes, new threshold 8 (max 8)
- age   1:     413736 bytes,     413736 total
- age   2:     382912 bytes,     796648 total
- age   3:    1212584 bytes,    2009232 total
- age   4:    6612736 bytes,    8621968 total
: 73697K->13185K(109248K), 0,0102715 secs] 73697K->13185K(502464K), 0,0103317 secs] [Times: user=0,03 sys=0,00, real=0,01 secs] 
Heap after GC invocations=4 (full 1):
 par new generation   total 109248K, used 13185K [0x00000000e0000000, 0x00000000e8000000, 0x00000000e8000000)
  eden space 87424K,   0% used [0x00000000e0000000, 0x00000000e0000000, 0x00000000e5560000)
  from space 21824K,  60% used [0x00000000e5560000, 0x00000000e6240580, 0x00000000e6ab0000)
  to   space 21824K,   0% used [0x00000000e6ab0000, 0x00000000e6ab0000, 0x00000000e8000000)
 concurrent mark-sweep generation total 393216K, used 0K [0x00000000e8000000, 0x0000000100000000, 0x0000000100000000)
 Metaspace       used 22154K, capacity 22462K, committed 22548K, reserved 1069056K
  class space    used 2571K, capacity 2717K, committed 2760K, reserved 1048576K
}
2017-01-30T21:22:04.421+0100: 2,819: [Rescan (parallel) , 0,0036004 secs]2017-01-30T21:22:04.425+0100: 2,823: [weak refs processing, 0,0005357 secs]2017-01-30T21:22:04.425+0100: 2,824: [class unloading, 0,0028718 secs]2017-01-30T21:22:04.428+0100: 2,826: [scrub symbol table, 0,0026991 secs]2017-01-30T21:22:04.431+0100: 2,829: [scrub string table, 0,0003964 secs][1 CMS-remark: 0K(393216K)] 13185K(502464K), 0,0211482 secs] [Times: user=0,06 sys=0,00, real=0,02 secs] 
2017-01-30T21:22:04.432+0100: 2,830: Total time for which application threads were stopped: 0,0212511 seconds, Stopping threads took: 0,0000238 seconds
2017-01-30T21:22:04.432+0100: 2,830: [CMS-concurrent-sweep-start]
2017-01-30T21:22:04.432+0100: 2,830: [CMS-concurrent-sweep: 0,000/0,000 secs] [Times: user=0,00 sys=0,00, real=0,00 secs] 
2017-01-30T21:22:04.432+0100: 2,830: [CMS-concurrent-reset-start]
2017-01-30T21:22:04.434+0100: 2,833: [CMS-concurrent-reset: 0,002/0,002 secs] [Times: user=0,00 sys=0,00, real=0,01 secs] 
2017-01-30T21:22:04.596+0100: 2,994: Total time for which application threads were stopped: 0,0003900 seconds, Stopping threads took: 0,0000613 seconds
{Heap before GC invocations=4 (full 1):
 par new generation   total 109248K, used 100609K [0x00000000e0000000, 0x00000000e8000000, 0x00000000e8000000)
  eden space 87424K, 100% used [0x00000000e0000000, 0x00000000e5560000, 0x00000000e5560000)
  from space 21824K,  60% used [0x00000000e5560000, 0x00000000e6240580, 0x00000000e6ab0000)
  to   space 21824K,   0% used [0x00000000e6ab0000, 0x00000000e6ab0000, 0x00000000e8000000)
 concurrent mark-sweep generation total 393216K, used 0K [0x00000000e8000000, 0x0000000100000000, 0x0000000100000000)
 Metaspace       used 24263K, capacity 24666K, committed 25032K, reserved 1071104K
  class space    used 2832K, capacity 2963K, committed 3016K, reserved 1048576K
2017-01-30T21:22:04.678+0100: 3,076: [GC (Allocation Failure) 2017-01-30T21:22:04.678+0100: 3,076: [ParNew
Desired survivor size 20112992 bytes, new threshold 8 (max 8)
- age   1:    2978936 bytes,    2978936 total
- age   2:     142600 bytes,    3121536 total
- age   3:     374592 bytes,    3496128 total
- age   4:    1194128 bytes,    4690256 total
- age   5:    6608440 bytes,   11298696 total
: 100609K->12907K(109248K), 0,0106798 secs] 100609K->12907K(502464K), 0,0108101 secs] [Times: user=0,03 sys=0,00, real=0,01 secs] 
Heap after GC invocations=5 (full 1):
 par new generation   total 109248K, used 12907K [0x00000000e0000000, 0x00000000e8000000, 0x00000000e8000000)
  eden space 87424K,   0% used [0x00000000e0000000, 0x00000000e0000000, 0x00000000e5560000)
  from space 21824K,  59% used [0x00000000e6ab0000, 0x00000000e774ae60, 0x00000000e8000000)
  to   space 21824K,   0% used [0x00000000e5560000, 0x00000000e5560000, 0x00000000e6ab0000)
 concurrent mark-sweep generation total 393216K, used 0K [0x00000000e8000000, 0x0000000100000000, 0x0000000100000000)
 Metaspace       used 24263K, capacity 24666K, committed 25032K, reserved 1071104K
  class space    used 2832K, capacity 2963K, committed 3016K, reserved 1048576K
}
2017-01-30T21:22:04.689+0100: 3,087: Total time for which application threads were stopped: 0,0123250 seconds, Stopping threads took: 0,0013718 seconds
2017-01-30T21:22:05.655+0100: 4,053: Total time for which application threads were stopped: 0,0004850 seconds, Stopping threads took: 0,0000292 seconds
2017-01-30T21:22:33.658+0100: 32,056: Total time for which application threads were stopped: 0,0000668 seconds, Stopping threads took: 0,0000178 seconds
2017-01-30T21:24:38.671+0100: 157,069: Total time for which application threads were stopped: 0,0000718 seconds, Stopping threads took: 0,0000296 seconds
2017-01-30T21:25:02.674+0100: 181,072: Total time for which application threads were stopped: 0,0000657 seconds, Stopping threads took: 0,0000177 seconds
2017-01-30T21:26:27.684+0100: 266,082: Total time for which application threads were stopped: 0,0000758 seconds, Stopping threads took: 0,0000316 seconds
2017-01-30T21:26:48.687+0100: 287,086: Total time for which application threads were stopped: 0,0000897 seconds, Stopping threads took: 0,0000359 seconds
2017-01-30T21:45:52.835+0100: 1431,233: Total time for which application threads were stopped: 0,0001316 seconds, Stopping threads took: 0,0000501 seconds
2017-01-30T21:50:57.873+0100: 1736,271: Total time for which application threads were stopped: 0,0000839 seconds, Stopping threads took: 0,0000331 seconds
2017-01-30T22:01:38.950+0100: 2377,348: Total time for which application threads were stopped: 0,0000948 seconds, Stopping threads took: 0,0000349 seconds
2017-01-30T22:01:42.950+0100: 2381,349: Total time for which application threads were stopped: 0,0000577 seconds, Stopping threads took: 0,0000143 seconds
2017-01-30T22:25:28.126+0100: 3806,524: Total time for which application threads were stopped: 0,0003112 seconds, Stopping threads took: 0,0001636 seconds
2017-01-30T22:25:49.128+0100: 3827,526: Total time for which application threads were stopped: 0,0000741 seconds, Stopping threads took: 0,0000203 seconds
2017-01-30T22:29:03.148+0100: 4021,546: Total time for which application threads were stopped: 0,0001050 seconds, Stopping threads took: 0,0000424 seconds
2017-01-30T23:02:59.357+0100: 6057,755: Total time for which application threads were stopped: 0,0000886 seconds, Stopping threads took: 0,0000374 seconds
2017-01-30T23:03:19.359+0100: 6077,757: Total time for which application threads were stopped: 0,0003820 seconds, Stopping threads took: 0,0001063 seconds
2017-01-30T23:09:03.389+0100: 6421,787: Total time for which application threads were stopped: 0,0000715 seconds, Stopping threads took: 0,0000261 seconds
2017-01-30T23:20:03.458+0100: 7081,856: Total time for which application threads were stopped: 0,0006192 seconds, Stopping threads took: 0,0002218 seconds
2017-01-30T23:21:03.464+0100: 7141,862: Total time for which application threads were stopped: 0,0000749 seconds, Stopping threads took: 0,0000304 seconds
2017-01-30T23:21:49.470+0100: 7187,868: Total time for which application threads were stopped: 0,0000820 seconds, Stopping threads took: 0,0000344 seconds
2017-01-30T23:23:49.484+0100: 7307,883: Total time for which application threads were stopped: 0,0001036 seconds, Stopping threads took: 0,0000402 seconds
2017-01-30T23:24:33.490+0100: 7351,888: Total time for which application threads were stopped: 0,0001805 seconds, Stopping threads took: 0,0000521 seconds
2017-01-30T23:25:33.497+0100: 7411,895: Total time for which application threads were stopped: 0,0005023 seconds, Stopping threads took: 0,0001396 seconds
2017-01-30T23:26:03.500+0100: 7441,898: Total time for which application threads were stopped: 0,0000736 seconds, Stopping threads took: 0,0000306 seconds
2017-01-30T23:27:03.506+0100: 7501,904: Total time for which application threads were stopped: 0,0000802 seconds, Stopping threads took: 0,0000315 seconds
2017-01-30T23:30:03.525+0100: 7681,923: Total time for which application threads were stopped: 0,0006123 seconds, Stopping threads took: 0,0002743 seconds
2017-01-30T23:30:33.528+0100: 7711,926: Total time for which application threads were stopped: 0,0000821 seconds, Stopping threads took: 0,0000322 seconds
2017-01-30T23:44:37.341+0100: 8555,739: Total time for which application threads were stopped: 0,0005836 seconds, Stopping threads took: 0,0002986 seconds
Heap
 par new generation   total 109248K, used 98645K [0x00000000e0000000, 0x00000000e8000000, 0x00000000e8000000)
  eden space 87424K,  98% used [0x00000000e0000000, 0x00000000e53ba618, 0x00000000e5560000)
  from space 21824K,  59% used [0x00000000e6ab0000, 0x00000000e774ae60, 0x00000000e8000000)
  to   space 21824K,   0% used [0x00000000e5560000, 0x00000000e5560000, 0x00000000e6ab0000)
 concurrent mark-sweep generation total 393216K, used 0K [0x00000000e8000000, 0x0000000100000000, 0x0000000100000000)
 Metaspace       used 28811K, capacity 29270K, committed 29640K, reserved 1075200K
  class space    used 3339K, capacity 3489K, committed 3528K, reserved 1048576K
