OpenJDK 64-Bit Server VM (25.131-b11) for linux-amd64 JRE (1.8.0_131-8u131-b11-0ubuntu1.16.04.2-b11), built on May  6 2017 02:45:27 by "buildd" with gcc 5.4.0 20160609
Memory: 4k page, physical 7867740k(7422088k free), swap 8076284k(8076284k free)
CommandLine flags: -XX:CMSInitiatingOccupancyFraction=50 -XX:CMSMaxAbortablePrecleanTime=6000 -XX:+CMSParallelRemarkEnabled -XX:+CMSScavengeBeforeRemark -XX:ConcGCThreads=4 -XX:InitialHeapSize=536870912 -XX:MaxHeapSize=536870912 -XX:MaxTenuringThreshold=8 -XX:NewRatio=3 -XX:OldPLABSize=16 -XX:OnOutOfMemoryError=/opt/solr/bin/oom_solr.sh 8983 /var/solr/logs -XX:ParallelGCThreads=4 -XX:+ParallelRefProcEnabled -XX:PretenureSizeThreshold=67108864 -XX:+PrintGC -XX:+PrintGCApplicationStoppedTime -XX:+PrintGCDateStamps -XX:+PrintGCDetails -XX:+PrintGCTimeStamps -XX:+PrintHeapAtGC -XX:+PrintTenuringDistribution -XX:SurvivorRatio=4 -XX:TargetSurvivorRatio=90 -XX:ThreadStackSize=256 -XX:+UseCMSInitiatingOccupancyOnly -XX:+UseCompressedClassPointers -XX:+UseCompressedOops -XX:+UseConcMarkSweepGC -XX:+UseParNewGC 
2017-07-24T14:31:34.180+0200: 0,148: Total time for which application threads were stopped: 0,0000716 seconds, Stopping threads took: 0,0000132 seconds
2017-07-24T14:31:34.284+0200: 0,252: Total time for which application threads were stopped: 0,0001256 seconds, Stopping threads took: 0,0000249 seconds
2017-07-24T14:31:34.300+0200: 0,267: Total time for which application threads were stopped: 0,0000884 seconds, Stopping threads took: 0,0000189 seconds
2017-07-24T14:31:34.516+0200: 0,484: Total time for which application threads were stopped: 0,0001298 seconds, Stopping threads took: 0,0000114 seconds
2017-07-24T14:31:34.949+0200: 0,917: Total time for which application threads were stopped: 0,0001545 seconds, Stopping threads took: 0,0000209 seconds
2017-07-24T14:31:35.032+0200: 1,000: Total time for which application threads were stopped: 0,0002466 seconds, Stopping threads took: 0,0000449 seconds
2017-07-24T14:31:35.049+0200: 1,017: Total time for which application threads were stopped: 0,0002102 seconds, Stopping threads took: 0,0000425 seconds
2017-07-24T14:31:35.453+0200: 1,421: Total time for which application threads were stopped: 0,0001564 seconds, Stopping threads took: 0,0000144 seconds
2017-07-24T14:31:35.662+0200: 1,630: Total time for which application threads were stopped: 0,0001979 seconds, Stopping threads took: 0,0000103 seconds
2017-07-24T14:31:35.691+0200: 1,659: Total time for which application threads were stopped: 0,0002204 seconds, Stopping threads took: 0,0000232 seconds
2017-07-24T14:31:35.727+0200: 1,694: Total time for which application threads were stopped: 0,0013081 seconds, Stopping threads took: 0,0000248 seconds
2017-07-24T14:31:35.730+0200: 1,698: Total time for which application threads were stopped: 0,0002214 seconds, Stopping threads took: 0,0000233 seconds
2017-07-24T14:31:35.750+0200: 1,718: Total time for which application threads were stopped: 0,0001899 seconds, Stopping threads took: 0,0000206 seconds
2017-07-24T14:31:35.847+0200: 1,815: Total time for which application threads were stopped: 0,0007839 seconds, Stopping threads took: 0,0000920 seconds
2017-07-24T14:31:36.041+0200: 2,008: Total time for which application threads were stopped: 0,0003617 seconds, Stopping threads took: 0,0000475 seconds
{Heap before GC invocations=0 (full 0):
 par new generation   total 109248K, used 87424K [0x00000000e0000000, 0x00000000e8000000, 0x00000000e8000000)
  eden space 87424K, 100% used [0x00000000e0000000, 0x00000000e5560000, 0x00000000e5560000)
  from space 21824K,   0% used [0x00000000e5560000, 0x00000000e5560000, 0x00000000e6ab0000)
  to   space 21824K,   0% used [0x00000000e6ab0000, 0x00000000e6ab0000, 0x00000000e8000000)
 concurrent mark-sweep generation total 393216K, used 0K [0x00000000e8000000, 0x0000000100000000, 0x0000000100000000)
 Metaspace       used 17992K, capacity 18336K, committed 18688K, reserved 1064960K
  class space    used 2035K, capacity 2196K, committed 2304K, reserved 1048576K
2017-07-24T14:31:36.116+0200: 2,084: [GC (Allocation Failure) 2017-07-24T14:31:36.116+0200: 2,084: [ParNew
Desired survivor size 20112992 bytes, new threshold 8 (max 8)
- age   1:   12380648 bytes,   12380648 total
: 87424K->12208K(109248K), 0,0183062 secs] 87424K->12208K(502464K), 0,0183843 secs] [Times: user=0,04 sys=0,01, real=0,02 secs] 
Heap after GC invocations=1 (full 0):
 par new generation   total 109248K, used 12208K [0x00000000e0000000, 0x00000000e8000000, 0x00000000e8000000)
  eden space 87424K,   0% used [0x00000000e0000000, 0x00000000e0000000, 0x00000000e5560000)
  from space 21824K,  55% used [0x00000000e6ab0000, 0x00000000e769c380, 0x00000000e8000000)
  to   space 21824K,   0% used [0x00000000e5560000, 0x00000000e5560000, 0x00000000e6ab0000)
 concurrent mark-sweep generation total 393216K, used 0K [0x00000000e8000000, 0x0000000100000000, 0x0000000100000000)
 Metaspace       used 17992K, capacity 18336K, committed 18688K, reserved 1064960K
  class space    used 2035K, capacity 2196K, committed 2304K, reserved 1048576K
}
2017-07-24T14:31:36.135+0200: 2,102: Total time for which application threads were stopped: 0,0197866 seconds, Stopping threads took: 0,0012029 seconds
2017-07-24T14:31:36.444+0200: 2,411: Total time for which application threads were stopped: 0,0003936 seconds, Stopping threads took: 0,0000366 seconds
{Heap before GC invocations=1 (full 0):
 par new generation   total 109248K, used 99632K [0x00000000e0000000, 0x00000000e8000000, 0x00000000e8000000)
  eden space 87424K, 100% used [0x00000000e0000000, 0x00000000e5560000, 0x00000000e5560000)
  from space 21824K,  55% used [0x00000000e6ab0000, 0x00000000e769c380, 0x00000000e8000000)
  to   space 21824K,   0% used [0x00000000e5560000, 0x00000000e5560000, 0x00000000e6ab0000)
 concurrent mark-sweep generation total 393216K, used 0K [0x00000000e8000000, 0x0000000100000000, 0x0000000100000000)
 Metaspace       used 20014K, capacity 20352K, committed 20736K, reserved 1067008K
  class space    used 2292K, capacity 2466K, committed 2560K, reserved 1048576K
2017-07-24T14:31:36.502+0200: 2,470: [GC (Allocation Failure) 2017-07-24T14:31:36.502+0200: 2,470: [ParNew
Desired survivor size 20112992 bytes, new threshold 8 (max 8)
- age   1:    3828584 bytes,    3828584 total
- age   2:    6647600 bytes,   10476184 total
: 99632K->11738K(109248K), 0,0120798 secs] 99632K->11738K(502464K), 0,0121519 secs] [Times: user=0,04 sys=0,01, real=0,01 secs] 
Heap after GC invocations=2 (full 0):
 par new generation   total 109248K, used 11738K [0x00000000e0000000, 0x00000000e8000000, 0x00000000e8000000)
  eden space 87424K,   0% used [0x00000000e0000000, 0x00000000e0000000, 0x00000000e5560000)
  from space 21824K,  53% used [0x00000000e5560000, 0x00000000e60d6960, 0x00000000e6ab0000)
  to   space 21824K,   0% used [0x00000000e6ab0000, 0x00000000e6ab0000, 0x00000000e8000000)
 concurrent mark-sweep generation total 393216K, used 0K [0x00000000e8000000, 0x0000000100000000, 0x0000000100000000)
 Metaspace       used 20014K, capacity 20352K, committed 20736K, reserved 1067008K
  class space    used 2292K, capacity 2466K, committed 2560K, reserved 1048576K
}
2017-07-24T14:31:36.514+0200: 2,482: Total time for which application threads were stopped: 0,0152489 seconds, Stopping threads took: 0,0029134 seconds
2017-07-24T14:31:36.522+0200: 2,490: Total time for which application threads were stopped: 0,0003566 seconds, Stopping threads took: 0,0000687 seconds
2017-07-24T14:31:36.557+0200: 2,525: Total time for which application threads were stopped: 0,0006956 seconds, Stopping threads took: 0,0003602 seconds
2017-07-24T14:31:36.699+0200: 2,667: Total time for which application threads were stopped: 0,0003333 seconds, Stopping threads took: 0,0001783 seconds
{Heap before GC invocations=2 (full 0):
 par new generation   total 109248K, used 99162K [0x00000000e0000000, 0x00000000e8000000, 0x00000000e8000000)
  eden space 87424K, 100% used [0x00000000e0000000, 0x00000000e5560000, 0x00000000e5560000)
  from space 21824K,  53% used [0x00000000e5560000, 0x00000000e60d6960, 0x00000000e6ab0000)
  to   space 21824K,   0% used [0x00000000e6ab0000, 0x00000000e6ab0000, 0x00000000e8000000)
 concurrent mark-sweep generation total 393216K, used 0K [0x00000000e8000000, 0x0000000100000000, 0x0000000100000000)
 Metaspace       used 20951K, capacity 21273K, committed 21552K, reserved 1069056K
  class space    used 2418K, capacity 2585K, committed 2608K, reserved 1048576K
2017-07-24T14:31:36.723+0200: 2,691: [GC (Allocation Failure) 2017-07-24T14:31:36.723+0200: 2,691: [ParNew
Desired survivor size 20112992 bytes, new threshold 8 (max 8)
- age   1:    2078360 bytes,    2078360 total
- age   2:     869744 bytes,    2948104 total
- age   3:    6645328 bytes,    9593432 total
: 99162K->16851K(109248K), 0,0199662 secs] 99162K->16851K(502464K), 0,0200656 secs] [Times: user=0,07 sys=0,00, real=0,02 secs] 
Heap after GC invocations=3 (full 0):
 par new generation   total 109248K, used 16851K [0x00000000e0000000, 0x00000000e8000000, 0x00000000e8000000)
  eden space 87424K,   0% used [0x00000000e0000000, 0x00000000e0000000, 0x00000000e5560000)
  from space 21824K,  77% used [0x00000000e6ab0000, 0x00000000e7b24da0, 0x00000000e8000000)
  to   space 21824K,   0% used [0x00000000e5560000, 0x00000000e5560000, 0x00000000e6ab0000)
 concurrent mark-sweep generation total 393216K, used 0K [0x00000000e8000000, 0x0000000100000000, 0x0000000100000000)
 Metaspace       used 20951K, capacity 21273K, committed 21552K, reserved 1069056K
  class space    used 2418K, capacity 2585K, committed 2608K, reserved 1048576K
}
2017-07-24T14:31:36.743+0200: 2,711: Total time for which application threads were stopped: 0,0202591 seconds, Stopping threads took: 0,0000340 seconds
2017-07-24T14:31:36.748+0200: 2,716: [GC (CMS Initial Mark) [1 CMS-initial-mark: 0K(393216K)] 21790K(502464K), 0,0049826 secs] [Times: user=0,02 sys=0,00, real=0,01 secs] 
2017-07-24T14:31:36.753+0200: 2,721: Total time for which application threads were stopped: 0,0051394 seconds, Stopping threads took: 0,0000608 seconds
2017-07-24T14:31:36.753+0200: 2,721: [CMS-concurrent-mark-start]
2017-07-24T14:31:36.757+0200: 2,725: [CMS-concurrent-mark: 0,004/0,004 secs] [Times: user=0,01 sys=0,00, real=0,00 secs] 
2017-07-24T14:31:36.757+0200: 2,725: [CMS-concurrent-preclean-start]
2017-07-24T14:31:36.758+0200: 2,726: [CMS-concurrent-preclean: 0,001/0,001 secs] [Times: user=0,00 sys=0,00, real=0,01 secs] 
2017-07-24T14:31:36.758+0200: 2,726: [CMS-concurrent-abortable-preclean-start]
{Heap before GC invocations=3 (full 1):
 par new generation   total 109248K, used 104275K [0x00000000e0000000, 0x00000000e8000000, 0x00000000e8000000)
  eden space 87424K, 100% used [0x00000000e0000000, 0x00000000e5560000, 0x00000000e5560000)
  from space 21824K,  77% used [0x00000000e6ab0000, 0x00000000e7b24da0, 0x00000000e8000000)
  to   space 21824K,   0% used [0x00000000e5560000, 0x00000000e5560000, 0x00000000e6ab0000)
 concurrent mark-sweep generation total 393216K, used 0K [0x00000000e8000000, 0x0000000100000000, 0x0000000100000000)
 Metaspace       used 21226K, capacity 21543K, committed 21628K, reserved 1069056K
  class space    used 2444K, capacity 2599K, committed 2608K, reserved 1048576K
2017-07-24T14:31:36.882+0200: 2,850: [GC (Allocation Failure) 2017-07-24T14:31:36.882+0200: 2,850: [ParNew
Desired survivor size 20112992 bytes, new threshold 8 (max 8)
- age   1:     781864 bytes,     781864 total
- age   2:    1450112 bytes,    2231976 total
- age   3:     840224 bytes,    3072200 total
- age   4:    6643944 bytes,    9716144 total
: 104275K->11872K(109248K), 0,0131001 secs] 104275K->11872K(502464K), 0,0131670 secs] [Times: user=0,05 sys=0,00, real=0,01 secs] 
Heap after GC invocations=4 (full 1):
 par new generation   total 109248K, used 11872K [0x00000000e0000000, 0x00000000e8000000, 0x00000000e8000000)
  eden space 87424K,   0% used [0x00000000e0000000, 0x00000000e0000000, 0x00000000e5560000)
  from space 21824K,  54% used [0x00000000e5560000, 0x00000000e60f8250, 0x00000000e6ab0000)
  to   space 21824K,   0% used [0x00000000e6ab0000, 0x00000000e6ab0000, 0x00000000e8000000)
 concurrent mark-sweep generation total 393216K, used 0K [0x00000000e8000000, 0x0000000100000000, 0x0000000100000000)
 Metaspace       used 21226K, capacity 21543K, committed 21628K, reserved 1069056K
  class space    used 2444K, capacity 2599K, committed 2608K, reserved 1048576K
}
2017-07-24T14:31:36.895+0200: 2,863: Total time for which application threads were stopped: 0,0175505 seconds, Stopping threads took: 0,0042211 seconds
2017-07-24T14:31:36.895+0200: 2,863: [CMS-concurrent-abortable-preclean: 0,083/0,137 secs] [Times: user=0,51 sys=0,00, real=0,13 secs] 
2017-07-24T14:31:36.902+0200: 2,870: [GC (CMS Final Remark) [YG occupancy: 15198 K (109248 K)]{Heap before GC invocations=4 (full 1):
 par new generation   total 109248K, used 15198K [0x00000000e0000000, 0x00000000e8000000, 0x00000000e8000000)
  eden space 87424K,   3% used [0x00000000e0000000, 0x00000000e033f818, 0x00000000e5560000)
  from space 21824K,  54% used [0x00000000e5560000, 0x00000000e60f8250, 0x00000000e6ab0000)
  to   space 21824K,   0% used [0x00000000e6ab0000, 0x00000000e6ab0000, 0x00000000e8000000)
 concurrent mark-sweep generation total 393216K, used 0K [0x00000000e8000000, 0x0000000100000000, 0x0000000100000000)
 Metaspace       used 21226K, capacity 21543K, committed 21628K, reserved 1069056K
  class space    used 2444K, capacity 2599K, committed 2608K, reserved 1048576K
2017-07-24T14:31:36.902+0200: 2,870: [GC (CMS Final Remark) 2017-07-24T14:31:36.902+0200: 2,870: [ParNew
Desired survivor size 20112992 bytes, new threshold 8 (max 8)
- age   1:     368776 bytes,     368776 total
- age   2:     270472 bytes,     639248 total
- age   3:    1450040 bytes,    2089288 total
- age   4:     840224 bytes,    2929512 total
- age   5:    6644104 bytes,    9573616 total
: 15198K->14531K(109248K), 0,0105711 secs] 15198K->14531K(502464K), 0,0106198 secs] [Times: user=0,03 sys=0,00, real=0,01 secs] 
Heap after GC invocations=5 (full 1):
 par new generation   total 109248K, used 14531K [0x00000000e0000000, 0x00000000e8000000, 0x00000000e8000000)
  eden space 87424K,   0% used [0x00000000e0000000, 0x00000000e0000000, 0x00000000e5560000)
  from space 21824K,  66% used [0x00000000e6ab0000, 0x00000000e78e0c48, 0x00000000e8000000)
  to   space 21824K,   0% used [0x00000000e5560000, 0x00000000e5560000, 0x00000000e6ab0000)
 concurrent mark-sweep generation total 393216K, used 0K [0x00000000e8000000, 0x0000000100000000, 0x0000000100000000)
 Metaspace       used 21226K, capacity 21543K, committed 21628K, reserved 1069056K
  class space    used 2444K, capacity 2599K, committed 2608K, reserved 1048576K
}
2017-07-24T14:31:36.913+0200: 2,880: [Rescan (parallel) , 0,0032960 secs]2017-07-24T14:31:36.916+0200: 2,884: [weak refs processing, 0,0014663 secs]2017-07-24T14:31:36.917+0200: 2,885: [class unloading, 0,0028989 secs]2017-07-24T14:31:36.920+0200: 2,888: [scrub symbol table, 0,0037024 secs]2017-07-24T14:31:36.924+0200: 2,892: [scrub string table, 0,0004115 secs][1 CMS-remark: 0K(393216K)] 14531K(502464K), 0,0230721 secs] [Times: user=0,06 sys=0,00, real=0,02 secs] 
2017-07-24T14:31:36.925+0200: 2,893: Total time for which application threads were stopped: 0,0259854 seconds, Stopping threads took: 0,0028379 seconds
2017-07-24T14:31:36.927+0200: 2,895: [CMS-concurrent-sweep-start]
2017-07-24T14:31:36.928+0200: 2,895: [CMS-concurrent-sweep: 0,000/0,000 secs] [Times: user=0,00 sys=0,00, real=0,00 secs] 
2017-07-24T14:31:36.928+0200: 2,895: [CMS-concurrent-reset-start]
2017-07-24T14:31:36.930+0200: 2,898: [CMS-concurrent-reset: 0,003/0,003 secs] [Times: user=0,01 sys=0,01, real=0,01 secs] 
{Heap before GC invocations=5 (full 1):
 par new generation   total 109248K, used 101955K [0x00000000e0000000, 0x00000000e8000000, 0x00000000e8000000)
  eden space 87424K, 100% used [0x00000000e0000000, 0x00000000e5560000, 0x00000000e5560000)
  from space 21824K,  66% used [0x00000000e6ab0000, 0x00000000e78e0c48, 0x00000000e8000000)
  to   space 21824K,   0% used [0x00000000e5560000, 0x00000000e5560000, 0x00000000e6ab0000)
 concurrent mark-sweep generation total 393216K, used 0K [0x00000000e8000000, 0x0000000100000000, 0x0000000100000000)
 Metaspace       used 21383K, capacity 21785K, committed 22012K, reserved 1069056K
  class space    used 2465K, capacity 2634K, committed 2736K, reserved 1048576K
2017-07-24T14:31:37.032+0200: 3,000: [GC (Allocation Failure) 2017-07-24T14:31:37.032+0200: 3,000: [ParNew
Desired survivor size 20112992 bytes, new threshold 8 (max 8)
- age   1:     517064 bytes,     517064 total
- age   2:       1768 bytes,     518832 total
- age   3:     180592 bytes,     699424 total
- age   4:    1449248 bytes,    2148672 total
- age   5:     834432 bytes,    2983104 total
- age   6:    6644120 bytes,    9627224 total
: 101955K->11032K(109248K), 0,0106328 secs] 101955K->11032K(502464K), 0,0107124 secs] [Times: user=0,03 sys=0,00, real=0,01 secs] 
Heap after GC invocations=6 (full 1):
 par new generation   total 109248K, used 11032K [0x00000000e0000000, 0x00000000e8000000, 0x00000000e8000000)
  eden space 87424K,   0% used [0x00000000e0000000, 0x00000000e0000000, 0x00000000e5560000)
  from space 21824K,  50% used [0x00000000e5560000, 0x00000000e6026340, 0x00000000e6ab0000)
  to   space 21824K,   0% used [0x00000000e6ab0000, 0x00000000e6ab0000, 0x00000000e8000000)
 concurrent mark-sweep generation total 393216K, used 0K [0x00000000e8000000, 0x0000000100000000, 0x0000000100000000)
 Metaspace       used 21383K, capacity 21785K, committed 22012K, reserved 1069056K
  class space    used 2465K, capacity 2634K, committed 2736K, reserved 1048576K
}
2017-07-24T14:31:37.043+0200: 3,011: Total time for which application threads were stopped: 0,0109700 seconds, Stopping threads took: 0,0000893 seconds
2017-07-24T14:31:37.072+0200: 3,039: Total time for which application threads were stopped: 0,0004323 seconds, Stopping threads took: 0,0000532 seconds
2017-07-24T14:31:37.352+0200: 3,319: Total time for which application threads were stopped: 0,0004432 seconds, Stopping threads took: 0,0000202 seconds
2017-07-24T14:31:37.367+0200: 3,335: Total time for which application threads were stopped: 0,0003851 seconds, Stopping threads took: 0,0000195 seconds
2017-07-24T14:31:37.402+0200: 3,370: Total time for which application threads were stopped: 0,0003779 seconds, Stopping threads took: 0,0000196 seconds
2017-07-24T14:31:37.529+0200: 3,497: Total time for which application threads were stopped: 0,0002197 seconds, Stopping threads took: 0,0001038 seconds
{Heap before GC invocations=6 (full 1):
 par new generation   total 109248K, used 104464K [0x00000000e0000000, 0x00000000e8000000, 0x00000000e8000000)
  eden space 87424K, 100% used [0x00000000e0000000, 0x00000000e5560000, 0x00000000e5560000)
  from space 21824K,  78% used [0x00000000e5560000, 0x00000000e66041f8, 0x00000000e6ab0000)
  to   space 21824K,   0% used [0x00000000e6ab0000, 0x00000000e6ab0000, 0x00000000e8000000)
 concurrent mark-sweep generation total 393216K, used 0K [0x00000000e8000000, 0x0000000100000000, 0x0000000100000000)
 Metaspace       used 24022K, capacity 24439K, committed 24624K, reserved 1071104K
  class space    used 2831K, capacity 3007K, committed 3120K, reserved 1048576K
2017-07-24T14:31:37.538+0200: 3,506: [GC (GCLocker Initiated GC) 2017-07-24T14:31:37.538+0200: 3,506: [ParNew
Desired survivor size 20112992 bytes, new threshold 8 (max 8)
- age   1:    5583776 bytes,    5583776 total
- age   2:     135872 bytes,    5719648 total
- age   3:       1768 bytes,    5721416 total
- age   4:     179456 bytes,    5900872 total
- age   5:     279728 bytes,    6180600 total
- age   6:     810168 bytes,    6990768 total
- age   7:    6635616 bytes,   13626384 total
: 104464K->16308K(109248K), 0,0162072 secs] 104464K->16308K(502464K), 0,0163073 secs] [Times: user=0,06 sys=0,00, real=0,01 secs] 
Heap after GC invocations=7 (full 1):
 par new generation   total 109248K, used 16308K [0x00000000e0000000, 0x00000000e8000000, 0x00000000e8000000)
  eden space 87424K,   0% used [0x00000000e0000000, 0x00000000e0000000, 0x00000000e5560000)
  from space 21824K,  74% used [0x00000000e6ab0000, 0x00000000e7a9d280, 0x00000000e8000000)
  to   space 21824K,   0% used [0x00000000e5560000, 0x00000000e5560000, 0x00000000e6ab0000)
 concurrent mark-sweep generation total 393216K, used 0K [0x00000000e8000000, 0x0000000100000000, 0x0000000100000000)
 Metaspace       used 24022K, capacity 24439K, committed 24624K, reserved 1071104K
  class space    used 2831K, capacity 3007K, committed 3120K, reserved 1048576K
}
2017-07-24T14:31:37.555+0200: 3,522: Total time for which application threads were stopped: 0,0166390 seconds, Stopping threads took: 0,0001292 seconds
{Heap before GC invocations=7 (full 1):
 par new generation   total 109248K, used 103732K [0x00000000e0000000, 0x00000000e8000000, 0x00000000e8000000)
  eden space 87424K, 100% used [0x00000000e0000000, 0x00000000e5560000, 0x00000000e5560000)
  from space 21824K,  74% used [0x00000000e6ab0000, 0x00000000e7a9d280, 0x00000000e8000000)
  to   space 21824K,   0% used [0x00000000e5560000, 0x00000000e5560000, 0x00000000e6ab0000)
 concurrent mark-sweep generation total 393216K, used 0K [0x00000000e8000000, 0x0000000100000000, 0x0000000100000000)
 Metaspace       used 24421K, capacity 24861K, committed 25136K, reserved 1071104K
  class space    used 2857K, capacity 3040K, committed 3120K, reserved 1048576K
2017-07-24T14:31:37.634+0200: 3,602: [GC (Allocation Failure) 2017-07-24T14:31:37.634+0200: 3,602: [ParNew
Desired survivor size 20112992 bytes, new threshold 8 (max 8)
- age   1:    1772056 bytes,    1772056 total
- age   2:    1853088 bytes,    3625144 total
- age   3:      67344 bytes,    3692488 total
- age   5:      98208 bytes,    3790696 total
- age   6:     183120 bytes,    3973816 total
- age   7:     767888 bytes,    4741704 total
- age   8:    6102720 bytes,   10844424 total
: 103732K->15023K(109248K), 0,0158175 secs] 103732K->15023K(502464K), 0,0159178 secs] [Times: user=0,05 sys=0,00, real=0,02 secs] 
Heap after GC invocations=8 (full 1):
 par new generation   total 109248K, used 15023K [0x00000000e0000000, 0x00000000e8000000, 0x00000000e8000000)
  eden space 87424K,   0% used [0x00000000e0000000, 0x00000000e0000000, 0x00000000e5560000)
  from space 21824K,  68% used [0x00000000e5560000, 0x00000000e640be60, 0x00000000e6ab0000)
  to   space 21824K,   0% used [0x00000000e6ab0000, 0x00000000e6ab0000, 0x00000000e8000000)
 concurrent mark-sweep generation total 393216K, used 0K [0x00000000e8000000, 0x0000000100000000, 0x0000000100000000)
 Metaspace       used 24421K, capacity 24861K, committed 25136K, reserved 1071104K
  class space    used 2857K, capacity 3040K, committed 3120K, reserved 1048576K
}
2017-07-24T14:31:37.650+0200: 3,618: Total time for which application threads were stopped: 0,0168852 seconds, Stopping threads took: 0,0007291 seconds
{Heap before GC invocations=8 (full 1):
 par new generation   total 109248K, used 102447K [0x00000000e0000000, 0x00000000e8000000, 0x00000000e8000000)
  eden space 87424K, 100% used [0x00000000e0000000, 0x00000000e5560000, 0x00000000e5560000)
  from space 21824K,  68% used [0x00000000e5560000, 0x00000000e640be60, 0x00000000e6ab0000)
  to   space 21824K,   0% used [0x00000000e6ab0000, 0x00000000e6ab0000, 0x00000000e8000000)
 concurrent mark-sweep generation total 393216K, used 0K [0x00000000e8000000, 0x0000000100000000, 0x0000000100000000)
 Metaspace       used 24800K, capacity 25239K, committed 25392K, reserved 1071104K
  class space    used 2893K, capacity 3077K, committed 3120K, reserved 1048576K
2017-07-24T14:31:37.746+0200: 3,713: [GC (Allocation Failure) 2017-07-24T14:31:37.746+0200: 3,713: [ParNew
Desired survivor size 20112992 bytes, new threshold 8 (max 8)
- age   1:     605560 bytes,     605560 total
- age   2:     963680 bytes,    1569240 total
- age   3:    1795056 bytes,    3364296 total
- age   4:      67312 bytes,    3431608 total
- age   6:      98072 bytes,    3529680 total
- age   7:     180288 bytes,    3709968 total
- age   8:     767120 bytes,    4477088 total
: 102447K->8720K(109248K), 0,0340130 secs] 102447K->14762K(502464K), 0,0340929 secs] [Times: user=0,09 sys=0,00, real=0,04 secs] 
Heap after GC invocations=9 (full 1):
 par new generation   total 109248K, used 8720K [0x00000000e0000000, 0x00000000e8000000, 0x00000000e8000000)
  eden space 87424K,   0% used [0x00000000e0000000, 0x00000000e0000000, 0x00000000e5560000)
  from space 21824K,  39% used [0x00000000e6ab0000, 0x00000000e7334050, 0x00000000e8000000)
  to   space 21824K,   0% used [0x00000000e5560000, 0x00000000e5560000, 0x00000000e6ab0000)
 concurrent mark-sweep generation total 393216K, used 6042K [0x00000000e8000000, 0x0000000100000000, 0x0000000100000000)
 Metaspace       used 24800K, capacity 25239K, committed 25392K, reserved 1071104K
  class space    used 2893K, capacity 3077K, committed 3120K, reserved 1048576K
}
2017-07-24T14:31:37.780+0200: 3,747: Total time for which application threads were stopped: 0,0343538 seconds, Stopping threads took: 0,0000824 seconds
2017-07-24T14:31:38.045+0200: 4,013: Total time for which application threads were stopped: 0,0006002 seconds, Stopping threads took: 0,0000840 seconds
2017-07-24T14:31:38.061+0200: 4,029: Total time for which application threads were stopped: 0,0005482 seconds, Stopping threads took: 0,0000322 seconds
2017-07-24T14:31:38.094+0200: 4,062: Total time for which application threads were stopped: 0,0034076 seconds, Stopping threads took: 0,0029530 seconds
2017-07-24T14:31:38.123+0200: 4,090: Total time for which application threads were stopped: 0,0002065 seconds, Stopping threads took: 0,0001131 seconds
2017-07-24T14:31:38.125+0200: 4,093: Total time for which application threads were stopped: 0,0001229 seconds, Stopping threads took: 0,0000351 seconds
2017-07-24T14:31:38.127+0200: 4,094: Total time for which application threads were stopped: 0,0001175 seconds, Stopping threads took: 0,0000312 seconds
2017-07-24T14:31:38.129+0200: 4,096: Total time for which application threads were stopped: 0,0001264 seconds, Stopping threads took: 0,0000378 seconds
2017-07-24T14:31:38.130+0200: 4,098: Total time for which application threads were stopped: 0,0002445 seconds, Stopping threads took: 0,0001371 seconds
2017-07-24T14:31:38.134+0200: 4,101: Total time for which application threads were stopped: 0,0001256 seconds, Stopping threads took: 0,0000435 seconds
2017-07-24T14:31:38.135+0200: 4,102: Total time for which application threads were stopped: 0,0003754 seconds, Stopping threads took: 0,0000214 seconds
2017-07-24T14:31:38.135+0200: 4,103: Total time for which application threads were stopped: 0,0001029 seconds, Stopping threads took: 0,0000322 seconds
2017-07-24T14:31:38.138+0200: 4,106: Total time for which application threads were stopped: 0,0020834 seconds, Stopping threads took: 0,0019996 seconds
2017-07-24T14:31:38.138+0200: 4,106: Total time for which application threads were stopped: 0,0000885 seconds, Stopping threads took: 0,0000282 seconds
2017-07-24T14:31:38.142+0200: 4,110: Total time for which application threads were stopped: 0,0001376 seconds, Stopping threads took: 0,0000402 seconds
2017-07-24T14:31:38.144+0200: 4,112: Total time for which application threads were stopped: 0,0001425 seconds, Stopping threads took: 0,0000479 seconds
2017-07-24T14:31:38.153+0200: 4,121: Total time for which application threads were stopped: 0,0000867 seconds, Stopping threads took: 0,0000250 seconds
2017-07-24T14:31:38.158+0200: 4,126: Total time for which application threads were stopped: 0,0044917 seconds, Stopping threads took: 0,0044098 seconds
2017-07-24T14:31:38.167+0200: 4,134: Total time for which application threads were stopped: 0,0001712 seconds, Stopping threads took: 0,0000566 seconds
2017-07-24T14:31:38.168+0200: 4,135: Total time for which application threads were stopped: 0,0001350 seconds, Stopping threads took: 0,0000483 seconds
2017-07-24T14:31:38.168+0200: 4,136: Total time for which application threads were stopped: 0,0001269 seconds, Stopping threads took: 0,0000395 seconds
2017-07-24T14:31:38.169+0200: 4,136: Total time for which application threads were stopped: 0,0001245 seconds, Stopping threads took: 0,0000380 seconds
2017-07-24T14:31:38.170+0200: 4,138: Total time for which application threads were stopped: 0,0001801 seconds, Stopping threads took: 0,0000366 seconds
2017-07-24T14:31:38.173+0200: 4,141: Total time for which application threads were stopped: 0,0028305 seconds, Stopping threads took: 0,0027089 seconds
2017-07-24T14:31:38.173+0200: 4,141: Total time for which application threads were stopped: 0,0001184 seconds, Stopping threads took: 0,0000378 seconds
2017-07-24T14:31:38.174+0200: 4,142: Total time for which application threads were stopped: 0,0001257 seconds, Stopping threads took: 0,0000194 seconds
2017-07-24T14:31:38.174+0200: 4,142: Total time for which application threads were stopped: 0,0001104 seconds, Stopping threads took: 0,0000312 seconds
2017-07-24T14:31:38.175+0200: 4,142: Total time for which application threads were stopped: 0,0002238 seconds, Stopping threads took: 0,0000245 seconds
2017-07-24T14:31:38.175+0200: 4,143: Total time for which application threads were stopped: 0,0001312 seconds, Stopping threads took: 0,0000324 seconds
2017-07-24T14:31:38.175+0200: 4,143: Total time for which application threads were stopped: 0,0000898 seconds, Stopping threads took: 0,0000188 seconds
2017-07-24T14:31:38.176+0200: 4,143: Total time for which application threads were stopped: 0,0000964 seconds, Stopping threads took: 0,0000276 seconds
2017-07-24T14:31:38.176+0200: 4,143: Total time for which application threads were stopped: 0,0000878 seconds, Stopping threads took: 0,0000209 seconds
2017-07-24T14:31:38.176+0200: 4,144: Total time for which application threads were stopped: 0,0000813 seconds, Stopping threads took: 0,0000167 seconds
2017-07-24T14:31:38.176+0200: 4,144: Total time for which application threads were stopped: 0,0001019 seconds, Stopping threads took: 0,0000230 seconds
2017-07-24T14:31:38.176+0200: 4,144: Total time for which application threads were stopped: 0,0000850 seconds, Stopping threads took: 0,0000207 seconds
2017-07-24T14:31:38.177+0200: 4,144: Total time for which application threads were stopped: 0,0000941 seconds, Stopping threads took: 0,0000182 seconds
2017-07-24T14:31:38.177+0200: 4,144: Total time for which application threads were stopped: 0,0000902 seconds, Stopping threads took: 0,0000178 seconds
2017-07-24T14:31:38.177+0200: 4,144: Total time for which application threads were stopped: 0,0000872 seconds, Stopping threads took: 0,0000214 seconds
2017-07-24T14:31:38.177+0200: 4,145: Total time for which application threads were stopped: 0,0000940 seconds, Stopping threads took: 0,0000204 seconds
2017-07-24T14:31:38.177+0200: 4,145: Total time for which application threads were stopped: 0,0000883 seconds, Stopping threads took: 0,0000210 seconds
2017-07-24T14:31:38.177+0200: 4,145: Total time for which application threads were stopped: 0,0000916 seconds, Stopping threads took: 0,0000203 seconds
2017-07-24T14:31:38.178+0200: 4,145: Total time for which application threads were stopped: 0,0000971 seconds, Stopping threads took: 0,0000193 seconds
2017-07-24T14:31:38.178+0200: 4,145: Total time for which application threads were stopped: 0,0001625 seconds, Stopping threads took: 0,0000871 seconds
2017-07-24T14:31:38.178+0200: 4,146: Total time for which application threads were stopped: 0,0001369 seconds, Stopping threads took: 0,0000563 seconds
2017-07-24T14:31:38.182+0200: 4,150: Total time for which application threads were stopped: 0,0004700 seconds, Stopping threads took: 0,0003427 seconds
2017-07-24T14:31:38.189+0200: 4,157: Total time for which application threads were stopped: 0,0033282 seconds, Stopping threads took: 0,0031821 seconds
2017-07-24T14:31:38.190+0200: 4,157: Total time for which application threads were stopped: 0,0001320 seconds, Stopping threads took: 0,0000367 seconds
2017-07-24T14:31:38.190+0200: 4,158: Total time for which application threads were stopped: 0,0003062 seconds, Stopping threads took: 0,0000512 seconds
2017-07-24T14:31:38.195+0200: 4,163: Total time for which application threads were stopped: 0,0001467 seconds, Stopping threads took: 0,0000287 seconds
2017-07-24T14:31:38.196+0200: 4,164: Total time for which application threads were stopped: 0,0002419 seconds, Stopping threads took: 0,0001098 seconds
2017-07-24T14:31:38.206+0200: 4,174: Total time for which application threads were stopped: 0,0038781 seconds, Stopping threads took: 0,0037434 seconds
2017-07-24T14:31:38.260+0200: 4,228: Total time for which application threads were stopped: 0,0002418 seconds, Stopping threads took: 0,0000752 seconds
2017-07-24T14:31:38.280+0200: 4,248: Total time for which application threads were stopped: 0,0006276 seconds, Stopping threads took: 0,0000440 seconds
2017-07-24T14:31:39.281+0200: 5,248: Total time for which application threads were stopped: 0,0000890 seconds, Stopping threads took: 0,0000189 seconds
2017-07-24T14:31:40.281+0200: 6,248: Total time for which application threads were stopped: 0,0000711 seconds, Stopping threads took: 0,0000176 seconds
2017-07-24T14:31:56.283+0200: 22,251: Total time for which application threads were stopped: 0,0000701 seconds, Stopping threads took: 0,0000161 seconds
2017-07-24T14:32:06.284+0200: 32,252: Total time for which application threads were stopped: 0,0000887 seconds, Stopping threads took: 0,0000360 seconds
2017-07-24T14:33:35.299+0200: 121,267: Total time for which application threads were stopped: 0,0001223 seconds, Stopping threads took: 0,0000455 seconds
2017-07-24T14:33:36.299+0200: 122,267: Total time for which application threads were stopped: 0,0001377 seconds, Stopping threads took: 0,0000337 seconds
2017-07-24T14:55:05.448+0200: 1411,415: Total time for which application threads were stopped: 0,0002725 seconds, Stopping threads took: 0,0001889 seconds
2017-07-24T14:59:20.477+0200: 1666,445: Total time for which application threads were stopped: 0,0001291 seconds, Stopping threads took: 0,0000461 seconds
2017-07-24T14:59:25.478+0200: 1671,445: Total time for which application threads were stopped: 0,0001108 seconds, Stopping threads took: 0,0000255 seconds
2017-07-24T15:10:00.552+0200: 2306,520: Total time for which application threads were stopped: 0,0000867 seconds, Stopping threads took: 0,0000309 seconds
2017-07-24T15:10:01.552+0200: 2307,520: Total time for which application threads were stopped: 0,0000982 seconds, Stopping threads took: 0,0000155 seconds
2017-07-24T15:27:26.678+0200: 3352,645: Total time for which application threads were stopped: 0,0001038 seconds, Stopping threads took: 0,0000345 seconds
2017-07-24T15:36:05.724+0200: 3871,692: Total time for which application threads were stopped: 0,0000783 seconds, Stopping threads took: 0,0000272 seconds
2017-07-24T15:36:10.725+0200: 3876,693: Total time for which application threads were stopped: 0,0000717 seconds, Stopping threads took: 0,0000151 seconds
2017-07-24T15:38:05.736+0200: 3991,704: Total time for which application threads were stopped: 0,0000903 seconds, Stopping threads took: 0,0000330 seconds
2017-07-24T15:52:16.821+0200: 4842,789: Total time for which application threads were stopped: 0,0000915 seconds, Stopping threads took: 0,0000321 seconds
2017-07-24T15:52:41.824+0200: 4867,792: Total time for which application threads were stopped: 0,0000836 seconds, Stopping threads took: 0,0000302 seconds
2017-07-24T16:24:52.010+0200: 6797,978: Total time for which application threads were stopped: 0,0000977 seconds, Stopping threads took: 0,0000400 seconds
{Heap before GC invocations=9 (full 1):
 par new generation   total 109248K, used 96144K [0x00000000e0000000, 0x00000000e8000000, 0x00000000e8000000)
  eden space 87424K, 100% used [0x00000000e0000000, 0x00000000e5560000, 0x00000000e5560000)
  from space 21824K,  39% used [0x00000000e6ab0000, 0x00000000e7334050, 0x00000000e8000000)
  to   space 21824K,   0% used [0x00000000e5560000, 0x00000000e5560000, 0x00000000e6ab0000)
 concurrent mark-sweep generation total 393216K, used 6042K [0x00000000e8000000, 0x0000000100000000, 0x0000000100000000)
 Metaspace       used 28055K, capacity 28535K, committed 28848K, reserved 1075200K
  class space    used 3210K, capacity 3383K, committed 3504K, reserved 1048576K
2017-07-24T16:29:24.887+0200: 7070,855: [GC (Allocation Failure) 2017-07-24T16:29:24.887+0200: 7070,855: [ParNew
Desired survivor size 20112992 bytes, new threshold 8 (max 8)
- age   1:   10954288 bytes,   10954288 total
- age   2:     220256 bytes,   11174544 total
- age   3:     183888 bytes,   11358432 total
- age   4:    1789472 bytes,   13147904 total
- age   5:      64864 bytes,   13212768 total
- age   7:      97912 bytes,   13310680 total
- age   8:     179632 bytes,   13490312 total
: 96144K->14866K(109248K), 0,1405708 secs] 102186K->21744K(502464K), 0,1406776 secs] [Times: user=0,05 sys=0,01, real=0,14 secs] 
Heap after GC invocations=10 (full 1):
 par new generation   total 109248K, used 14866K [0x00000000e0000000, 0x00000000e8000000, 0x00000000e8000000)
  eden space 87424K,   0% used [0x00000000e0000000, 0x00000000e0000000, 0x00000000e5560000)
  from space 21824K,  68% used [0x00000000e5560000, 0x00000000e63e4808, 0x00000000e6ab0000)
  to   space 21824K,   0% used [0x00000000e6ab0000, 0x00000000e6ab0000, 0x00000000e8000000)
 concurrent mark-sweep generation total 393216K, used 6878K [0x00000000e8000000, 0x0000000100000000, 0x0000000100000000)
 Metaspace       used 28055K, capacity 28535K, committed 28848K, reserved 1075200K
  class space    used 3210K, capacity 3383K, committed 3504K, reserved 1048576K
}
2017-07-24T16:29:25.028+0200: 7070,996: Total time for which application threads were stopped: 0,1408855 seconds, Stopping threads took: 0,0000267 seconds
2017-07-24T16:29:25.033+0200: 7071,001: Total time for which application threads were stopped: 0,0001130 seconds, Stopping threads took: 0,0000410 seconds
2017-07-24T16:29:25.034+0200: 7071,001: Total time for which application threads were stopped: 0,0000421 seconds, Stopping threads took: 0,0000063 seconds
2017-07-24T16:29:25.105+0200: 7071,073: Total time for which application threads were stopped: 0,0003221 seconds, Stopping threads took: 0,0002367 seconds
2017-07-24T16:29:25.118+0200: 7071,086: Total time for which application threads were stopped: 0,0001209 seconds, Stopping threads took: 0,0000255 seconds
2017-07-24T16:29:25.128+0200: 7071,096: Total time for which application threads were stopped: 0,0001312 seconds, Stopping threads took: 0,0000430 seconds
2017-07-24T16:29:25.130+0200: 7071,098: Total time for which application threads were stopped: 0,0009984 seconds, Stopping threads took: 0,0008904 seconds
2017-07-24T16:29:25.131+0200: 7071,099: Total time for which application threads were stopped: 0,0001945 seconds, Stopping threads took: 0,0001125 seconds
2017-07-24T16:29:25.135+0200: 7071,103: Total time for which application threads were stopped: 0,0002891 seconds, Stopping threads took: 0,0002127 seconds
2017-07-24T16:29:25.136+0200: 7071,103: Total time for which application threads were stopped: 0,0000787 seconds, Stopping threads took: 0,0000293 seconds
2017-07-24T16:29:25.142+0200: 7071,110: Total time for which application threads were stopped: 0,0001057 seconds, Stopping threads took: 0,0000234 seconds
2017-07-24T16:29:25.144+0200: 7071,112: Total time for which application threads were stopped: 0,0000831 seconds, Stopping threads took: 0,0000160 seconds
2017-07-24T16:29:25.145+0200: 7071,113: Total time for which application threads were stopped: 0,0000878 seconds, Stopping threads took: 0,0000234 seconds
2017-07-24T16:29:25.145+0200: 7071,113: Total time for which application threads were stopped: 0,0000478 seconds, Stopping threads took: 0,0000144 seconds
2017-07-24T16:29:25.145+0200: 7071,113: Total time for which application threads were stopped: 0,0000481 seconds, Stopping threads took: 0,0000148 seconds
2017-07-24T16:29:25.146+0200: 7071,113: Total time for which application threads were stopped: 0,0000508 seconds, Stopping threads took: 0,0000151 seconds
2017-07-24T16:29:25.146+0200: 7071,114: Total time for which application threads were stopped: 0,0000449 seconds, Stopping threads took: 0,0000124 seconds
2017-07-24T16:29:25.147+0200: 7071,115: Total time for which application threads were stopped: 0,0001048 seconds, Stopping threads took: 0,0000443 seconds
2017-07-24T16:29:25.154+0200: 7071,122: Total time for which application threads were stopped: 0,0068873 seconds, Stopping threads took: 0,0068117 seconds
2017-07-24T16:29:25.156+0200: 7071,124: Total time for which application threads were stopped: 0,0003058 seconds, Stopping threads took: 0,0002177 seconds
2017-07-24T16:29:25.156+0200: 7071,124: Total time for which application threads were stopped: 0,0000782 seconds, Stopping threads took: 0,0000257 seconds
2017-07-24T16:29:25.158+0200: 7071,126: Total time for which application threads were stopped: 0,0002138 seconds, Stopping threads took: 0,0001514 seconds
2017-07-24T16:29:25.158+0200: 7071,126: Total time for which application threads were stopped: 0,0000598 seconds, Stopping threads took: 0,0000247 seconds
2017-07-24T16:29:25.159+0200: 7071,126: Total time for which application threads were stopped: 0,0000438 seconds, Stopping threads took: 0,0000151 seconds
2017-07-24T16:29:25.159+0200: 7071,127: Total time for which application threads were stopped: 0,0000719 seconds, Stopping threads took: 0,0000306 seconds
2017-07-24T16:29:25.159+0200: 7071,127: Total time for which application threads were stopped: 0,0000505 seconds, Stopping threads took: 0,0000167 seconds
2017-07-24T16:29:25.159+0200: 7071,127: Total time for which application threads were stopped: 0,0000476 seconds, Stopping threads took: 0,0000099 seconds
2017-07-24T16:29:25.159+0200: 7071,127: Total time for which application threads were stopped: 0,0000505 seconds, Stopping threads took: 0,0000165 seconds
2017-07-24T16:29:25.161+0200: 7071,129: Total time for which application threads were stopped: 0,0002435 seconds, Stopping threads took: 0,0001611 seconds
2017-07-24T16:29:25.163+0200: 7071,130: Total time for which application threads were stopped: 0,0001651 seconds, Stopping threads took: 0,0000277 seconds
2017-07-24T16:29:25.170+0200: 7071,138: Total time for which application threads were stopped: 0,0000665 seconds, Stopping threads took: 0,0000127 seconds
2017-07-24T16:29:25.172+0200: 7071,140: Total time for which application threads were stopped: 0,0001226 seconds, Stopping threads took: 0,0000214 seconds
Heap
 par new generation   total 109248K, used 30644K [0x00000000e0000000, 0x00000000e8000000, 0x00000000e8000000)
  eden space 87424K,  18% used [0x00000000e0000000, 0x00000000e0f68a68, 0x00000000e5560000)
  from space 21824K,  68% used [0x00000000e5560000, 0x00000000e63e4808, 0x00000000e6ab0000)
  to   space 21824K,   0% used [0x00000000e6ab0000, 0x00000000e6ab0000, 0x00000000e8000000)
 concurrent mark-sweep generation total 393216K, used 6878K [0x00000000e8000000, 0x0000000100000000, 0x0000000100000000)
 Metaspace       used 28148K, capacity 28703K, committed 29104K, reserved 1075200K
  class space    used 3223K, capacity 3417K, committed 3504K, reserved 1048576K
