OpenJDK 64-Bit Server VM (25.121-b13) for linux-amd64 JRE (1.8.0_121-8u121-b13-0ubuntu1.16.04.2-b13), built on Jan 23 2017 15:51:29 by "buildd" with gcc 5.4.0 20160609
Memory: 4k page, physical 7867764k(7425676k free), swap 8076284k(8076284k free)
CommandLine flags: -XX:CMSInitiatingOccupancyFraction=50 -XX:CMSMaxAbortablePrecleanTime=6000 -XX:+CMSParallelRemarkEnabled -XX:+CMSScavengeBeforeRemark -XX:ConcGCThreads=4 -XX:InitialHeapSize=536870912 -XX:MaxHeapSize=536870912 -XX:MaxTenuringThreshold=8 -XX:NewRatio=3 -XX:OldPLABSize=16 -XX:OnOutOfMemoryError=/opt/solr/bin/oom_solr.sh 8983 /var/solr/logs -XX:ParallelGCThreads=4 -XX:+ParallelRefProcEnabled -XX:PretenureSizeThreshold=67108864 -XX:+PrintGC -XX:+PrintGCApplicationStoppedTime -XX:+PrintGCDateStamps -XX:+PrintGCDetails -XX:+PrintGCTimeStamps -XX:+PrintHeapAtGC -XX:+PrintTenuringDistribution -XX:SurvivorRatio=4 -XX:TargetSurvivorRatio=90 -XX:ThreadStackSize=256 -XX:+UseCMSInitiatingOccupancyOnly -XX:+UseCompressedClassPointers -XX:+UseCompressedOops -XX:+UseConcMarkSweepGC -XX:+UseParNewGC 
2017-04-25T11:32:11.822+0200: 0,162: Total time for which application threads were stopped: 0,0000796 seconds, Stopping threads took: 0,0000112 seconds
2017-04-25T11:32:11.910+0200: 0,250: Total time for which application threads were stopped: 0,0001143 seconds, Stopping threads took: 0,0000167 seconds
2017-04-25T11:32:11.930+0200: 0,270: Total time for which application threads were stopped: 0,0001297 seconds, Stopping threads took: 0,0000485 seconds
2017-04-25T11:32:12.375+0200: 0,715: Total time for which application threads were stopped: 0,0001351 seconds, Stopping threads took: 0,0000146 seconds
2017-04-25T11:32:12.774+0200: 1,114: Total time for which application threads were stopped: 0,0002073 seconds, Stopping threads took: 0,0000279 seconds
2017-04-25T11:32:12.878+0200: 1,218: Total time for which application threads were stopped: 0,0005591 seconds, Stopping threads took: 0,0000300 seconds
2017-04-25T11:32:12.917+0200: 1,257: Total time for which application threads were stopped: 0,0002545 seconds, Stopping threads took: 0,0000301 seconds
2017-04-25T11:32:13.208+0200: 1,548: Total time for which application threads were stopped: 0,0002075 seconds, Stopping threads took: 0,0000318 seconds
2017-04-25T11:32:13.449+0200: 1,789: Total time for which application threads were stopped: 0,0002088 seconds, Stopping threads took: 0,0000235 seconds
2017-04-25T11:32:13.471+0200: 1,811: Total time for which application threads were stopped: 0,0001773 seconds, Stopping threads took: 0,0000137 seconds
2017-04-25T11:32:13.498+0200: 1,838: Total time for which application threads were stopped: 0,0002083 seconds, Stopping threads took: 0,0000230 seconds
2017-04-25T11:32:13.499+0200: 1,839: Total time for which application threads were stopped: 0,0001734 seconds, Stopping threads took: 0,0000186 seconds
2017-04-25T11:32:13.512+0200: 1,852: Total time for which application threads were stopped: 0,0001751 seconds, Stopping threads took: 0,0000218 seconds
2017-04-25T11:32:13.577+0200: 1,917: Total time for which application threads were stopped: 0,0002499 seconds, Stopping threads took: 0,0000292 seconds
2017-04-25T11:32:13.756+0200: 2,096: Total time for which application threads were stopped: 0,0002326 seconds, Stopping threads took: 0,0000286 seconds
{Heap before GC invocations=0 (full 0):
 par new generation   total 109248K, used 87424K [0x00000000e0000000, 0x00000000e8000000, 0x00000000e8000000)
  eden space 87424K, 100% used [0x00000000e0000000, 0x00000000e5560000, 0x00000000e5560000)
  from space 21824K,   0% used [0x00000000e5560000, 0x00000000e5560000, 0x00000000e6ab0000)
  to   space 21824K,   0% used [0x00000000e6ab0000, 0x00000000e6ab0000, 0x00000000e8000000)
 concurrent mark-sweep generation total 393216K, used 0K [0x00000000e8000000, 0x0000000100000000, 0x0000000100000000)
 Metaspace       used 17855K, capacity 18176K, committed 18304K, reserved 1064960K
  class space    used 2024K, capacity 2164K, committed 2176K, reserved 1048576K
2017-04-25T11:32:13.807+0200: 2,147: [GC (Allocation Failure) 2017-04-25T11:32:13.807+0200: 2,147: [ParNew
Desired survivor size 20112992 bytes, new threshold 8 (max 8)
- age   1:   11759760 bytes,   11759760 total
: 87424K->11597K(109248K), 0,0146222 secs] 87424K->11597K(502464K), 0,0147030 secs] [Times: user=0,04 sys=0,01, real=0,01 secs] 
Heap after GC invocations=1 (full 0):
 par new generation   total 109248K, used 11597K [0x00000000e0000000, 0x00000000e8000000, 0x00000000e8000000)
  eden space 87424K,   0% used [0x00000000e0000000, 0x00000000e0000000, 0x00000000e5560000)
  from space 21824K,  53% used [0x00000000e6ab0000, 0x00000000e7603450, 0x00000000e8000000)
  to   space 21824K,   0% used [0x00000000e5560000, 0x00000000e5560000, 0x00000000e6ab0000)
 concurrent mark-sweep generation total 393216K, used 0K [0x00000000e8000000, 0x0000000100000000, 0x0000000100000000)
 Metaspace       used 17855K, capacity 18176K, committed 18304K, reserved 1064960K
  class space    used 2024K, capacity 2164K, committed 2176K, reserved 1048576K
}
2017-04-25T11:32:13.822+0200: 2,162: Total time for which application threads were stopped: 0,0155311 seconds, Stopping threads took: 0,0006742 seconds
2017-04-25T11:32:14.160+0200: 2,500: Total time for which application threads were stopped: 0,0003961 seconds, Stopping threads took: 0,0000682 seconds
{Heap before GC invocations=1 (full 0):
 par new generation   total 109248K, used 99021K [0x00000000e0000000, 0x00000000e8000000, 0x00000000e8000000)
  eden space 87424K, 100% used [0x00000000e0000000, 0x00000000e5560000, 0x00000000e5560000)
  from space 21824K,  53% used [0x00000000e6ab0000, 0x00000000e7603450, 0x00000000e8000000)
  to   space 21824K,   0% used [0x00000000e5560000, 0x00000000e5560000, 0x00000000e6ab0000)
 concurrent mark-sweep generation total 393216K, used 0K [0x00000000e8000000, 0x0000000100000000, 0x0000000100000000)
 Metaspace       used 20042K, capacity 20372K, committed 20736K, reserved 1067008K
  class space    used 2296K, capacity 2472K, committed 2560K, reserved 1048576K
2017-04-25T11:32:14.198+0200: 2,538: [GC (Allocation Failure) 2017-04-25T11:32:14.198+0200: 2,538: [ParNew
Desired survivor size 20112992 bytes, new threshold 8 (max 8)
- age   1:    4190776 bytes,    4190776 total
- age   2:    6331664 bytes,   10522440 total
: 99021K->14862K(109248K), 0,0098065 secs] 99021K->14862K(502464K), 0,0098763 secs] [Times: user=0,04 sys=0,00, real=0,01 secs] 
Heap after GC invocations=2 (full 0):
 par new generation   total 109248K, used 14862K [0x00000000e0000000, 0x00000000e8000000, 0x00000000e8000000)
  eden space 87424K,   0% used [0x00000000e0000000, 0x00000000e0000000, 0x00000000e5560000)
  from space 21824K,  68% used [0x00000000e5560000, 0x00000000e63e38c0, 0x00000000e6ab0000)
  to   space 21824K,   0% used [0x00000000e6ab0000, 0x00000000e6ab0000, 0x00000000e8000000)
 concurrent mark-sweep generation total 393216K, used 0K [0x00000000e8000000, 0x0000000100000000, 0x0000000100000000)
 Metaspace       used 20042K, capacity 20372K, committed 20736K, reserved 1067008K
  class space    used 2296K, capacity 2472K, committed 2560K, reserved 1048576K
}
2017-04-25T11:32:14.208+0200: 2,548: Total time for which application threads were stopped: 0,0124678 seconds, Stopping threads took: 0,0024542 seconds
2017-04-25T11:32:14.222+0200: 2,562: Total time for which application threads were stopped: 0,0004371 seconds, Stopping threads took: 0,0000721 seconds
2017-04-25T11:32:14.281+0200: 2,621: Total time for which application threads were stopped: 0,0003662 seconds, Stopping threads took: 0,0000677 seconds
2017-04-25T11:32:14.422+0200: 2,762: Total time for which application threads were stopped: 0,0002000 seconds, Stopping threads took: 0,0000601 seconds
{Heap before GC invocations=2 (full 0):
 par new generation   total 109248K, used 102286K [0x00000000e0000000, 0x00000000e8000000, 0x00000000e8000000)
  eden space 87424K, 100% used [0x00000000e0000000, 0x00000000e5560000, 0x00000000e5560000)
  from space 21824K,  68% used [0x00000000e5560000, 0x00000000e63e38c0, 0x00000000e6ab0000)
  to   space 21824K,   0% used [0x00000000e6ab0000, 0x00000000e6ab0000, 0x00000000e8000000)
 concurrent mark-sweep generation total 393216K, used 0K [0x00000000e8000000, 0x0000000100000000, 0x0000000100000000)
 Metaspace       used 20980K, capacity 21294K, committed 21628K, reserved 1069056K
  class space    used 2419K, capacity 2591K, committed 2684K, reserved 1048576K
2017-04-25T11:32:14.461+0200: 2,801: [GC (Allocation Failure) 2017-04-25T11:32:14.461+0200: 2,801: [ParNew
Desired survivor size 20112992 bytes, new threshold 8 (max 8)
- age   1:    2052104 bytes,    2052104 total
- age   2:    1164336 bytes,    3216440 total
- age   3:    6329728 bytes,    9546168 total
: 102286K->11422K(109248K), 0,0091611 secs] 102286K->11422K(502464K), 0,0092373 secs] [Times: user=0,03 sys=0,00, real=0,01 secs] 
Heap after GC invocations=3 (full 0):
 par new generation   total 109248K, used 11422K [0x00000000e0000000, 0x00000000e8000000, 0x00000000e8000000)
  eden space 87424K,   0% used [0x00000000e0000000, 0x00000000e0000000, 0x00000000e5560000)
  from space 21824K,  52% used [0x00000000e6ab0000, 0x00000000e75d7940, 0x00000000e8000000)
  to   space 21824K,   0% used [0x00000000e5560000, 0x00000000e5560000, 0x00000000e6ab0000)
 concurrent mark-sweep generation total 393216K, used 0K [0x00000000e8000000, 0x0000000100000000, 0x0000000100000000)
 Metaspace       used 20980K, capacity 21294K, committed 21628K, reserved 1069056K
  class space    used 2419K, capacity 2591K, committed 2684K, reserved 1048576K
}
2017-04-25T11:32:14.471+0200: 2,811: Total time for which application threads were stopped: 0,0117104 seconds, Stopping threads took: 0,0023263 seconds
2017-04-25T11:32:14.471+0200: 2,811: [GC (CMS Initial Mark) [1 CMS-initial-mark: 0K(393216K)] 12156K(502464K), 0,0030215 secs] [Times: user=0,01 sys=0,00, real=0,00 secs] 
2017-04-25T11:32:14.474+0200: 2,814: Total time for which application threads were stopped: 0,0031654 seconds, Stopping threads took: 0,0000350 seconds
2017-04-25T11:32:14.474+0200: 2,814: [CMS-concurrent-mark-start]
2017-04-25T11:32:14.474+0200: 2,814: [CMS-concurrent-mark: 0,000/0,000 secs] [Times: user=0,00 sys=0,00, real=0,00 secs] 
2017-04-25T11:32:14.474+0200: 2,814: [CMS-concurrent-preclean-start]
2017-04-25T11:32:14.475+0200: 2,815: [CMS-concurrent-preclean: 0,001/0,001 secs] [Times: user=0,00 sys=0,00, real=0,00 secs] 
2017-04-25T11:32:14.476+0200: 2,816: [GC (CMS Final Remark) [YG occupancy: 12868 K (109248 K)]{Heap before GC invocations=3 (full 1):
 par new generation   total 109248K, used 12868K [0x00000000e0000000, 0x00000000e8000000, 0x00000000e8000000)
  eden space 87424K,   1% used [0x00000000e0000000, 0x00000000e0169868, 0x00000000e5560000)
  from space 21824K,  52% used [0x00000000e6ab0000, 0x00000000e75d7940, 0x00000000e8000000)
  to   space 21824K,   0% used [0x00000000e5560000, 0x00000000e5560000, 0x00000000e6ab0000)
 concurrent mark-sweep generation total 393216K, used 0K [0x00000000e8000000, 0x0000000100000000, 0x0000000100000000)
 Metaspace       used 20980K, capacity 21294K, committed 21628K, reserved 1069056K
  class space    used 2419K, capacity 2591K, committed 2684K, reserved 1048576K
2017-04-25T11:32:14.476+0200: 2,816: [GC (CMS Final Remark) 2017-04-25T11:32:14.476+0200: 2,816: [ParNew
Desired survivor size 20112992 bytes, new threshold 8 (max 8)
- age   1:      65984 bytes,      65984 total
- age   2:    2006776 bytes,    2072760 total
- age   3:    1164336 bytes,    3237096 total
- age   4:    6329760 bytes,    9566856 total
: 12868K->12629K(109248K), 0,0115807 secs] 12868K->12629K(502464K), 0,0116339 secs] [Times: user=0,03 sys=0,00, real=0,02 secs] 
Heap after GC invocations=4 (full 1):
 par new generation   total 109248K, used 12629K [0x00000000e0000000, 0x00000000e8000000, 0x00000000e8000000)
  eden space 87424K,   0% used [0x00000000e0000000, 0x00000000e0000000, 0x00000000e5560000)
  from space 21824K,  57% used [0x00000000e5560000, 0x00000000e61b5560, 0x00000000e6ab0000)
  to   space 21824K,   0% used [0x00000000e6ab0000, 0x00000000e6ab0000, 0x00000000e8000000)
 concurrent mark-sweep generation total 393216K, used 0K [0x00000000e8000000, 0x0000000100000000, 0x0000000100000000)
 Metaspace       used 20980K, capacity 21294K, committed 21628K, reserved 1069056K
  class space    used 2419K, capacity 2591K, committed 2684K, reserved 1048576K
}
2017-04-25T11:32:14.487+0200: 2,827: [Rescan (parallel) , 0,0034405 secs]2017-04-25T11:32:14.491+0200: 2,831: [weak refs processing, 0,0012123 secs]2017-04-25T11:32:14.492+0200: 2,832: [class unloading, 0,0027490 secs]2017-04-25T11:32:14.495+0200: 2,835: [scrub symbol table, 0,0031236 secs]2017-04-25T11:32:14.498+0200: 2,838: [scrub string table, 0,0003624 secs][1 CMS-remark: 0K(393216K)] 12629K(502464K), 0,0231573 secs] [Times: user=0,05 sys=0,00, real=0,03 secs] 
2017-04-25T11:32:14.499+0200: 2,839: Total time for which application threads were stopped: 0,0232802 seconds, Stopping threads took: 0,0000409 seconds
2017-04-25T11:32:14.499+0200: 2,839: [CMS-concurrent-sweep-start]
2017-04-25T11:32:14.499+0200: 2,839: [CMS-concurrent-sweep: 0,000/0,000 secs] [Times: user=0,00 sys=0,00, real=0,00 secs] 
2017-04-25T11:32:14.499+0200: 2,839: [CMS-concurrent-reset-start]
2017-04-25T11:32:14.501+0200: 2,841: [CMS-concurrent-reset: 0,002/0,002 secs] [Times: user=0,01 sys=0,00, real=0,00 secs] 
{Heap before GC invocations=4 (full 1):
 par new generation   total 109248K, used 100053K [0x00000000e0000000, 0x00000000e8000000, 0x00000000e8000000)
  eden space 87424K, 100% used [0x00000000e0000000, 0x00000000e5560000, 0x00000000e5560000)
  from space 21824K,  57% used [0x00000000e5560000, 0x00000000e61b5560, 0x00000000e6ab0000)
  to   space 21824K,   0% used [0x00000000e6ab0000, 0x00000000e6ab0000, 0x00000000e8000000)
 concurrent mark-sweep generation total 393216K, used 0K [0x00000000e8000000, 0x0000000100000000, 0x0000000100000000)
 Metaspace       used 21211K, capacity 21576K, committed 21884K, reserved 1069056K
  class space    used 2447K, capacity 2607K, committed 2684K, reserved 1048576K
2017-04-25T11:32:14.607+0200: 2,947: [GC (Allocation Failure) 2017-04-25T11:32:14.607+0200: 2,947: [ParNew
Desired survivor size 20112992 bytes, new threshold 8 (max 8)
- age   1:    1140640 bytes,    1140640 total
- age   3:    1469816 bytes,    2610456 total
- age   4:    1131480 bytes,    3741936 total
- age   5:    6329760 bytes,   10071696 total
: 100053K->12618K(109248K), 0,0117864 secs] 100053K->12618K(502464K), 0,0118672 secs] [Times: user=0,04 sys=0,00, real=0,01 secs] 
Heap after GC invocations=5 (full 1):
 par new generation   total 109248K, used 12618K [0x00000000e0000000, 0x00000000e8000000, 0x00000000e8000000)
  eden space 87424K,   0% used [0x00000000e0000000, 0x00000000e0000000, 0x00000000e5560000)
  from space 21824K,  57% used [0x00000000e6ab0000, 0x00000000e7702b18, 0x00000000e8000000)
  to   space 21824K,   0% used [0x00000000e5560000, 0x00000000e5560000, 0x00000000e6ab0000)
 concurrent mark-sweep generation total 393216K, used 0K [0x00000000e8000000, 0x0000000100000000, 0x0000000100000000)
 Metaspace       used 21211K, capacity 21576K, committed 21884K, reserved 1069056K
  class space    used 2447K, capacity 2607K, committed 2684K, reserved 1048576K
}
2017-04-25T11:32:14.619+0200: 2,959: Total time for which application threads were stopped: 0,0120956 seconds, Stopping threads took: 0,0000427 seconds
{Heap before GC invocations=5 (full 1):
 par new generation   total 109248K, used 100042K [0x00000000e0000000, 0x00000000e8000000, 0x00000000e8000000)
  eden space 87424K, 100% used [0x00000000e0000000, 0x00000000e5560000, 0x00000000e5560000)
  from space 21824K,  57% used [0x00000000e6ab0000, 0x00000000e7702b18, 0x00000000e8000000)
  to   space 21824K,   0% used [0x00000000e5560000, 0x00000000e5560000, 0x00000000e6ab0000)
 concurrent mark-sweep generation total 393216K, used 0K [0x00000000e8000000, 0x0000000100000000, 0x0000000100000000)
 Metaspace       used 21387K, capacity 21806K, committed 21884K, reserved 1069056K
  class space    used 2467K, capacity 2640K, committed 2684K, reserved 1048576K
2017-04-25T11:32:14.694+0200: 3,034: [GC (Allocation Failure) 2017-04-25T11:32:14.694+0200: 3,034: [ParNew
Desired survivor size 20112992 bytes, new threshold 8 (max 8)
- age   1:    1253624 bytes,    1253624 total
- age   2:     177360 bytes,    1430984 total
- age   4:    1469608 bytes,    2900592 total
- age   5:    1129400 bytes,    4029992 total
- age   6:    6329936 bytes,   10359928 total
: 100042K->15362K(109248K), 0,0111718 secs] 100042K->15362K(502464K), 0,0112416 secs] [Times: user=0,03 sys=0,00, real=0,01 secs] 
Heap after GC invocations=6 (full 1):
 par new generation   total 109248K, used 15362K [0x00000000e0000000, 0x00000000e8000000, 0x00000000e8000000)
  eden space 87424K,   0% used [0x00000000e0000000, 0x00000000e0000000, 0x00000000e5560000)
  from space 21824K,  70% used [0x00000000e5560000, 0x00000000e6460b78, 0x00000000e6ab0000)
  to   space 21824K,   0% used [0x00000000e6ab0000, 0x00000000e6ab0000, 0x00000000e8000000)
 concurrent mark-sweep generation total 393216K, used 0K [0x00000000e8000000, 0x0000000100000000, 0x0000000100000000)
 Metaspace       used 21387K, capacity 21806K, committed 21884K, reserved 1069056K
  class space    used 2467K, capacity 2640K, committed 2684K, reserved 1048576K
}
2017-04-25T11:32:14.705+0200: 3,045: Total time for which application threads were stopped: 0,0114688 seconds, Stopping threads took: 0,0000933 seconds
2017-04-25T11:32:14.742+0200: 3,082: Total time for which application threads were stopped: 0,0003357 seconds, Stopping threads took: 0,0000182 seconds
2017-04-25T11:32:14.937+0200: 3,277: Total time for which application threads were stopped: 0,0005142 seconds, Stopping threads took: 0,0000499 seconds
2017-04-25T11:32:14.981+0200: 3,321: Total time for which application threads were stopped: 0,0004270 seconds, Stopping threads took: 0,0000289 seconds
2017-04-25T11:32:14.997+0200: 3,337: Total time for which application threads were stopped: 0,0004380 seconds, Stopping threads took: 0,0000607 seconds
{Heap before GC invocations=6 (full 1):
 par new generation   total 109248K, used 102786K [0x00000000e0000000, 0x00000000e8000000, 0x00000000e8000000)
  eden space 87424K, 100% used [0x00000000e0000000, 0x00000000e5560000, 0x00000000e5560000)
  from space 21824K,  70% used [0x00000000e5560000, 0x00000000e6460b78, 0x00000000e6ab0000)
  to   space 21824K,   0% used [0x00000000e6ab0000, 0x00000000e6ab0000, 0x00000000e8000000)
 concurrent mark-sweep generation total 393216K, used 0K [0x00000000e8000000, 0x0000000100000000, 0x0000000100000000)
 Metaspace       used 23755K, capacity 24246K, committed 24572K, reserved 1071104K
  class space    used 2793K, capacity 2984K, committed 3068K, reserved 1048576K
2017-04-25T11:32:15.140+0200: 3,480: [GC (Allocation Failure) 2017-04-25T11:32:15.140+0200: 3,481: [ParNew
Desired survivor size 20112992 bytes, new threshold 8 (max 8)
- age   1:    5186976 bytes,    5186976 total
- age   2:     110176 bytes,    5297152 total
- age   3:     175888 bytes,    5473040 total
- age   5:     299664 bytes,    5772704 total
- age   6:    1103088 bytes,    6875792 total
- age   7:    6321584 bytes,   13197376 total
: 102786K->16533K(109248K), 0,0212450 secs] 102786K->16533K(502464K), 0,0213182 secs] [Times: user=0,07 sys=0,00, real=0,02 secs] 
Heap after GC invocations=7 (full 1):
 par new generation   total 109248K, used 16533K [0x00000000e0000000, 0x00000000e8000000, 0x00000000e8000000)
  eden space 87424K,   0% used [0x00000000e0000000, 0x00000000e0000000, 0x00000000e5560000)
  from space 21824K,  75% used [0x00000000e6ab0000, 0x00000000e7ad56b0, 0x00000000e8000000)
  to   space 21824K,   0% used [0x00000000e5560000, 0x00000000e5560000, 0x00000000e6ab0000)
 concurrent mark-sweep generation total 393216K, used 0K [0x00000000e8000000, 0x0000000100000000, 0x0000000100000000)
 Metaspace       used 23755K, capacity 24246K, committed 24572K, reserved 1071104K
  class space    used 2793K, capacity 2984K, committed 3068K, reserved 1048576K
}
2017-04-25T11:32:15.162+0200: 3,502: Total time for which application threads were stopped: 0,0216315 seconds, Stopping threads took: 0,0000619 seconds
{Heap before GC invocations=7 (full 1):
 par new generation   total 109248K, used 103957K [0x00000000e0000000, 0x00000000e8000000, 0x00000000e8000000)
  eden space 87424K, 100% used [0x00000000e0000000, 0x00000000e5560000, 0x00000000e5560000)
  from space 21824K,  75% used [0x00000000e6ab0000, 0x00000000e7ad56b0, 0x00000000e8000000)
  to   space 21824K,   0% used [0x00000000e5560000, 0x00000000e5560000, 0x00000000e6ab0000)
 concurrent mark-sweep generation total 393216K, used 0K [0x00000000e8000000, 0x0000000100000000, 0x0000000100000000)
 Metaspace       used 24174K, capacity 24630K, committed 24828K, reserved 1071104K
  class space    used 2842K, capacity 3048K, committed 3068K, reserved 1048576K
2017-04-25T11:32:15.250+0200: 3,590: [GC (Allocation Failure) 2017-04-25T11:32:15.250+0200: 3,590: [ParNew
Desired survivor size 20112992 bytes, new threshold 8 (max 8)
- age   1:    1728832 bytes,    1728832 total
- age   2:    1764288 bytes,    3493120 total
- age   3:      56968 bytes,    3550088 total
- age   4:      97008 bytes,    3647096 total
- age   6:     191144 bytes,    3838240 total
- age   7:     920792 bytes,    4759032 total
- age   8:    5942864 bytes,   10701896 total
: 103957K->16270K(109248K), 0,0157942 secs] 103957K->16270K(502464K), 0,0158845 secs] [Times: user=0,04 sys=0,01, real=0,02 secs] 
Heap after GC invocations=8 (full 1):
 par new generation   total 109248K, used 16270K [0x00000000e0000000, 0x00000000e8000000, 0x00000000e8000000)
  eden space 87424K,   0% used [0x00000000e0000000, 0x00000000e0000000, 0x00000000e5560000)
  from space 21824K,  74% used [0x00000000e5560000, 0x00000000e6543a00, 0x00000000e6ab0000)
  to   space 21824K,   0% used [0x00000000e6ab0000, 0x00000000e6ab0000, 0x00000000e8000000)
 concurrent mark-sweep generation total 393216K, used 0K [0x00000000e8000000, 0x0000000100000000, 0x0000000100000000)
 Metaspace       used 24174K, capacity 24630K, committed 24828K, reserved 1071104K
  class space    used 2842K, capacity 3048K, committed 3068K, reserved 1048576K
}
2017-04-25T11:32:15.266+0200: 3,606: Total time for which application threads were stopped: 0,0202260 seconds, Stopping threads took: 0,0041480 seconds
{Heap before GC invocations=8 (full 1):
 par new generation   total 109248K, used 103694K [0x00000000e0000000, 0x00000000e8000000, 0x00000000e8000000)
  eden space 87424K, 100% used [0x00000000e0000000, 0x00000000e5560000, 0x00000000e5560000)
  from space 21824K,  74% used [0x00000000e5560000, 0x00000000e6543a00, 0x00000000e6ab0000)
  to   space 21824K,   0% used [0x00000000e6ab0000, 0x00000000e6ab0000, 0x00000000e8000000)
 concurrent mark-sweep generation total 393216K, used 0K [0x00000000e8000000, 0x0000000100000000, 0x0000000100000000)
 Metaspace       used 24492K, capacity 24982K, committed 25084K, reserved 1071104K
  class space    used 2866K, capacity 3054K, committed 3068K, reserved 1048576K
2017-04-25T11:32:15.364+0200: 3,704: [GC (Allocation Failure) 2017-04-25T11:32:15.364+0200: 3,704: [ParNew
Desired survivor size 20112992 bytes, new threshold 8 (max 8)
- age   1:    1149360 bytes,    1149360 total
- age   2:     981792 bytes,    2131152 total
- age   3:    1737592 bytes,    3868744 total
- age   4:      56968 bytes,    3925712 total
- age   5:      96736 bytes,    4022448 total
- age   7:     188344 bytes,    4210792 total
- age   8:     920024 bytes,    5130816 total
: 103694K->6655K(109248K), 0,0632340 secs] 103694K->12541K(502464K), 0,0633042 secs] [Times: user=0,18 sys=0,00, real=0,07 secs] 
Heap after GC invocations=9 (full 1):
 par new generation   total 109248K, used 6655K [0x00000000e0000000, 0x00000000e8000000, 0x00000000e8000000)
  eden space 87424K,   0% used [0x00000000e0000000, 0x00000000e0000000, 0x00000000e5560000)
  from space 21824K,  30% used [0x00000000e6ab0000, 0x00000000e712fe80, 0x00000000e8000000)
  to   space 21824K,   0% used [0x00000000e5560000, 0x00000000e5560000, 0x00000000e6ab0000)
 concurrent mark-sweep generation total 393216K, used 5885K [0x00000000e8000000, 0x0000000100000000, 0x0000000100000000)
 Metaspace       used 24492K, capacity 24982K, committed 25084K, reserved 1071104K
  class space    used 2866K, capacity 3054K, committed 3068K, reserved 1048576K
}
2017-04-25T11:32:15.427+0200: 3,767: Total time for which application threads were stopped: 0,0635803 seconds, Stopping threads took: 0,0001024 seconds
2017-04-25T11:32:15.714+0200: 4,054: Total time for which application threads were stopped: 0,0005678 seconds, Stopping threads took: 0,0000393 seconds
2017-04-25T11:32:15.758+0200: 4,098: Total time for which application threads were stopped: 0,0005689 seconds, Stopping threads took: 0,0000446 seconds
2017-04-25T11:32:15.762+0200: 4,102: Total time for which application threads were stopped: 0,0001547 seconds, Stopping threads took: 0,0000563 seconds
2017-04-25T11:32:15.765+0200: 4,105: Total time for which application threads were stopped: 0,0001331 seconds, Stopping threads took: 0,0000322 seconds
2017-04-25T11:32:15.771+0200: 4,111: Total time for which application threads were stopped: 0,0001696 seconds, Stopping threads took: 0,0000429 seconds
2017-04-25T11:32:15.776+0200: 4,116: Total time for which application threads were stopped: 0,0001821 seconds, Stopping threads took: 0,0000649 seconds
2017-04-25T11:32:15.777+0200: 4,117: Total time for which application threads were stopped: 0,0005309 seconds, Stopping threads took: 0,0000200 seconds
2017-04-25T11:32:15.782+0200: 4,122: Total time for which application threads were stopped: 0,0030881 seconds, Stopping threads took: 0,0029495 seconds
2017-04-25T11:32:15.786+0200: 4,126: Total time for which application threads were stopped: 0,0001666 seconds, Stopping threads took: 0,0000527 seconds
2017-04-25T11:32:15.786+0200: 4,126: Total time for which application threads were stopped: 0,0001444 seconds, Stopping threads took: 0,0000367 seconds
2017-04-25T11:32:15.790+0200: 4,130: Total time for which application threads were stopped: 0,0001819 seconds, Stopping threads took: 0,0000393 seconds
2017-04-25T11:32:15.791+0200: 4,131: Total time for which application threads were stopped: 0,0001362 seconds, Stopping threads took: 0,0000307 seconds
2017-04-25T11:32:15.795+0200: 4,135: Total time for which application threads were stopped: 0,0001886 seconds, Stopping threads took: 0,0000381 seconds
2017-04-25T11:32:15.796+0200: 4,136: Total time for which application threads were stopped: 0,0001907 seconds, Stopping threads took: 0,0000456 seconds
2017-04-25T11:32:15.797+0200: 4,137: Total time for which application threads were stopped: 0,0001272 seconds, Stopping threads took: 0,0000310 seconds
2017-04-25T11:32:15.830+0200: 4,170: Total time for which application threads were stopped: 0,0002274 seconds, Stopping threads took: 0,0000436 seconds
2017-04-25T11:32:15.855+0200: 4,195: Total time for which application threads were stopped: 0,0001377 seconds, Stopping threads took: 0,0000422 seconds
2017-04-25T11:32:15.857+0200: 4,197: Total time for which application threads were stopped: 0,0004491 seconds, Stopping threads took: 0,0000341 seconds
2017-04-25T11:32:15.865+0200: 4,206: Total time for which application threads were stopped: 0,0005663 seconds, Stopping threads took: 0,0001590 seconds
2017-04-25T11:32:15.866+0200: 4,206: Total time for which application threads were stopped: 0,0001814 seconds, Stopping threads took: 0,0000443 seconds
2017-04-25T11:32:15.874+0200: 4,214: Total time for which application threads were stopped: 0,0001232 seconds, Stopping threads took: 0,0000429 seconds
2017-04-25T11:32:15.890+0200: 4,230: Total time for which application threads were stopped: 0,0001812 seconds, Stopping threads took: 0,0000417 seconds
2017-04-25T11:32:15.890+0200: 4,230: Total time for which application threads were stopped: 0,0001170 seconds, Stopping threads took: 0,0000230 seconds
2017-04-25T11:32:15.891+0200: 4,231: Total time for which application threads were stopped: 0,0001110 seconds, Stopping threads took: 0,0000243 seconds
2017-04-25T11:32:15.903+0200: 4,243: Total time for which application threads were stopped: 0,0061741 seconds, Stopping threads took: 0,0060443 seconds
2017-04-25T11:32:15.906+0200: 4,246: Total time for which application threads were stopped: 0,0001586 seconds, Stopping threads took: 0,0000510 seconds
2017-04-25T11:32:15.907+0200: 4,247: Total time for which application threads were stopped: 0,0002817 seconds, Stopping threads took: 0,0000295 seconds
2017-04-25T11:32:15.908+0200: 4,248: Total time for which application threads were stopped: 0,0001118 seconds, Stopping threads took: 0,0000220 seconds
2017-04-25T11:32:15.913+0200: 4,253: Total time for which application threads were stopped: 0,0001801 seconds, Stopping threads took: 0,0000476 seconds
2017-04-25T11:32:15.913+0200: 4,253: Total time for which application threads were stopped: 0,0004187 seconds, Stopping threads took: 0,0002989 seconds
2017-04-25T11:32:15.913+0200: 4,254: Total time for which application threads were stopped: 0,0001106 seconds, Stopping threads took: 0,0000244 seconds
2017-04-25T11:32:15.914+0200: 4,254: Total time for which application threads were stopped: 0,0001363 seconds, Stopping threads took: 0,0000294 seconds
2017-04-25T11:32:15.917+0200: 4,257: Total time for which application threads were stopped: 0,0031650 seconds, Stopping threads took: 0,0030196 seconds
2017-04-25T11:32:15.918+0200: 4,258: Total time for which application threads were stopped: 0,0001462 seconds, Stopping threads took: 0,0000281 seconds
2017-04-25T11:32:15.918+0200: 4,258: Total time for which application threads were stopped: 0,0001117 seconds, Stopping threads took: 0,0000187 seconds
2017-04-25T11:32:15.919+0200: 4,259: Total time for which application threads were stopped: 0,0001402 seconds, Stopping threads took: 0,0000165 seconds
2017-04-25T11:32:15.919+0200: 4,259: Total time for which application threads were stopped: 0,0001733 seconds, Stopping threads took: 0,0000172 seconds
2017-04-25T11:32:15.919+0200: 4,259: Total time for which application threads were stopped: 0,0001543 seconds, Stopping threads took: 0,0000223 seconds
2017-04-25T11:32:15.919+0200: 4,259: Total time for which application threads were stopped: 0,0001424 seconds, Stopping threads took: 0,0000216 seconds
2017-04-25T11:32:15.923+0200: 4,263: Total time for which application threads were stopped: 0,0001818 seconds, Stopping threads took: 0,0000338 seconds
2017-04-25T11:32:15.925+0200: 4,265: Total time for which application threads were stopped: 0,0001756 seconds, Stopping threads took: 0,0000278 seconds
2017-04-25T11:32:15.930+0200: 4,270: Total time for which application threads were stopped: 0,0023218 seconds, Stopping threads took: 0,0021972 seconds
2017-04-25T11:32:15.930+0200: 4,270: Total time for which application threads were stopped: 0,0001495 seconds, Stopping threads took: 0,0000193 seconds
2017-04-25T11:32:15.932+0200: 4,272: Total time for which application threads were stopped: 0,0002104 seconds, Stopping threads took: 0,0000404 seconds
2017-04-25T11:32:15.932+0200: 4,272: Total time for which application threads were stopped: 0,0001495 seconds, Stopping threads took: 0,0000255 seconds
2017-04-25T11:32:15.932+0200: 4,272: Total time for which application threads were stopped: 0,0001405 seconds, Stopping threads took: 0,0000271 seconds
2017-04-25T11:32:15.933+0200: 4,273: Total time for which application threads were stopped: 0,0001155 seconds, Stopping threads took: 0,0000213 seconds
2017-04-25T11:32:15.935+0200: 4,275: Total time for which application threads were stopped: 0,0001568 seconds, Stopping threads took: 0,0000591 seconds
2017-04-25T11:32:15.937+0200: 4,277: Total time for which application threads were stopped: 0,0004397 seconds, Stopping threads took: 0,0001893 seconds
2017-04-25T11:32:15.940+0200: 4,280: Total time for which application threads were stopped: 0,0008823 seconds, Stopping threads took: 0,0006136 seconds
2017-04-25T11:32:16.041+0200: 4,381: Total time for which application threads were stopped: 0,0022055 seconds, Stopping threads took: 0,0020579 seconds
2017-04-25T11:32:16.082+0200: 4,422: Total time for which application threads were stopped: 0,0004731 seconds, Stopping threads took: 0,0000406 seconds
2017-04-25T11:32:16.084+0200: 4,424: Total time for which application threads were stopped: 0,0001077 seconds, Stopping threads took: 0,0000351 seconds
2017-04-25T11:32:17.084+0200: 5,424: Total time for which application threads were stopped: 0,0000842 seconds, Stopping threads took: 0,0000173 seconds
2017-04-25T11:32:19.084+0200: 7,424: Total time for which application threads were stopped: 0,0001808 seconds, Stopping threads took: 0,0000421 seconds
{Heap before GC invocations=9 (full 1):
 par new generation   total 109248K, used 94079K [0x00000000e0000000, 0x00000000e8000000, 0x00000000e8000000)
  eden space 87424K, 100% used [0x00000000e0000000, 0x00000000e5560000, 0x00000000e5560000)
  from space 21824K,  30% used [0x00000000e6ab0000, 0x00000000e712fe80, 0x00000000e8000000)
  to   space 21824K,   0% used [0x00000000e5560000, 0x00000000e5560000, 0x00000000e6ab0000)
 concurrent mark-sweep generation total 393216K, used 5885K [0x00000000e8000000, 0x0000000100000000, 0x0000000100000000)
 Metaspace       used 27999K, capacity 28492K, committed 28796K, reserved 1075200K
  class space    used 3213K, capacity 3391K, committed 3452K, reserved 1048576K
2017-04-25T11:32:22.786+0200: 11,126: [GC (Allocation Failure) 2017-04-25T11:32:22.786+0200: 11,126: [ParNew
Desired survivor size 20112992 bytes, new threshold 8 (max 8)
- age   1:   11318096 bytes,   11318096 total
- age   2:     182216 bytes,   11500312 total
- age   3:     202560 bytes,   11702872 total
- age   4:    1731984 bytes,   13434856 total
- age   5:      54520 bytes,   13489376 total
- age   6:      96544 bytes,   13585920 total
- age   8:     187656 bytes,   13773576 total
: 94079K->15016K(109248K), 0,0493865 secs] 99965K->21911K(502464K), 0,0494857 secs] [Times: user=0,05 sys=0,00, real=0,05 secs] 
Heap after GC invocations=10 (full 1):
 par new generation   total 109248K, used 15016K [0x00000000e0000000, 0x00000000e8000000, 0x00000000e8000000)
  eden space 87424K,   0% used [0x00000000e0000000, 0x00000000e0000000, 0x00000000e5560000)
  from space 21824K,  68% used [0x00000000e5560000, 0x00000000e640a190, 0x00000000e6ab0000)
  to   space 21824K,   0% used [0x00000000e6ab0000, 0x00000000e6ab0000, 0x00000000e8000000)
 concurrent mark-sweep generation total 393216K, used 6895K [0x00000000e8000000, 0x0000000100000000, 0x0000000100000000)
 Metaspace       used 27999K, capacity 28492K, committed 28796K, reserved 1075200K
  class space    used 3213K, capacity 3391K, committed 3452K, reserved 1048576K
}
2017-04-25T11:32:22.835+0200: 11,175: Total time for which application threads were stopped: 0,0496768 seconds, Stopping threads took: 0,0000226 seconds
2017-04-25T11:32:22.842+0200: 11,182: Total time for which application threads were stopped: 0,0000946 seconds, Stopping threads took: 0,0000240 seconds
2017-04-25T11:32:22.844+0200: 11,184: Total time for which application threads were stopped: 0,0002603 seconds, Stopping threads took: 0,0001887 seconds
2017-04-25T11:34:09.622+0200: 117,195: Total time for which application threads were stopped: 0,0000789 seconds, Stopping threads took: 0,0000308 seconds
2017-04-25T11:34:14.623+0200: 122,196: Total time for which application threads were stopped: 0,0004730 seconds, Stopping threads took: 0,0001048 seconds
2017-04-25T13:49:30.957+0200: 1407,712: Total time for which application threads were stopped: 0,0001035 seconds, Stopping threads took: 0,0000350 seconds
2017-04-25T13:53:25.987+0200: 1642,742: Total time for which application threads were stopped: 0,0001066 seconds, Stopping threads took: 0,0000434 seconds
2017-04-25T14:04:46.078+0200: 2322,833: Total time for which application threads were stopped: 0,0000931 seconds, Stopping threads took: 0,0000363 seconds
2017-04-25T14:21:36.211+0200: 3332,966: Total time for which application threads were stopped: 0,0000839 seconds, Stopping threads took: 0,0000333 seconds
2017-04-25T14:29:51.278+0200: 3828,033: Total time for which application threads were stopped: 0,0000971 seconds, Stopping threads took: 0,0000413 seconds
2017-04-25T14:45:56.398+0200: 4793,153: Total time for which application threads were stopped: 0,0000839 seconds, Stopping threads took: 0,0000322 seconds
2017-04-25T14:46:06.399+0200: 4803,154: Total time for which application threads were stopped: 0,0000663 seconds, Stopping threads took: 0,0000136 seconds
2017-04-25T15:16:05.633+0200: 6602,388: Total time for which application threads were stopped: 0,0001176 seconds, Stopping threads took: 0,0000384 seconds
2017-04-25T15:16:21.636+0200: 6618,391: Total time for which application threads were stopped: 0,0000774 seconds, Stopping threads took: 0,0000187 seconds
2017-04-25T15:21:36.677+0200: 6933,432: Total time for which application threads were stopped: 0,0000852 seconds, Stopping threads took: 0,0000320 seconds
2017-04-25T15:28:05.737+0200: 7322,492: Total time for which application threads were stopped: 0,0001943 seconds, Stopping threads took: 0,0000658 seconds
2017-04-25T15:28:51.107+0200: 7367,862: Total time for which application threads were stopped: 0,0100225 seconds, Stopping threads took: 0,0098938 seconds
2017-04-25T15:28:51.108+0200: 7367,863: Total time for which application threads were stopped: 0,0000938 seconds, Stopping threads took: 0,0000251 seconds
2017-04-25T15:28:51.113+0200: 7367,868: Total time for which application threads were stopped: 0,0001181 seconds, Stopping threads took: 0,0000405 seconds
2017-04-25T15:28:51.113+0200: 7367,868: Total time for which application threads were stopped: 0,0000734 seconds, Stopping threads took: 0,0000213 seconds
2017-04-25T15:28:51.113+0200: 7367,868: Total time for which application threads were stopped: 0,0000525 seconds, Stopping threads took: 0,0000145 seconds
2017-04-25T15:28:51.113+0200: 7367,868: Total time for which application threads were stopped: 0,0000454 seconds, Stopping threads took: 0,0000119 seconds
2017-04-25T15:28:51.120+0200: 7367,875: Total time for which application threads were stopped: 0,0001164 seconds, Stopping threads took: 0,0000378 seconds
2017-04-25T15:28:51.128+0200: 7367,883: Total time for which application threads were stopped: 0,0001070 seconds, Stopping threads took: 0,0000312 seconds
2017-04-25T15:28:51.128+0200: 7367,883: Total time for which application threads were stopped: 0,0000512 seconds, Stopping threads took: 0,0000139 seconds
2017-04-25T15:28:51.130+0200: 7367,885: Total time for which application threads were stopped: 0,0001073 seconds, Stopping threads took: 0,0000344 seconds
2017-04-25T15:28:51.131+0200: 7367,886: Total time for which application threads were stopped: 0,0000471 seconds, Stopping threads took: 0,0000138 seconds
2017-04-25T15:28:51.131+0200: 7367,886: Total time for which application threads were stopped: 0,0000421 seconds, Stopping threads took: 0,0000111 seconds
2017-04-25T15:28:51.131+0200: 7367,886: Total time for which application threads were stopped: 0,0000419 seconds, Stopping threads took: 0,0000109 seconds
2017-04-25T15:28:51.139+0200: 7367,894: Total time for which application threads were stopped: 0,0012184 seconds, Stopping threads took: 0,0010683 seconds
2017-04-25T15:28:51.140+0200: 7367,895: Total time for which application threads were stopped: 0,0000980 seconds, Stopping threads took: 0,0000328 seconds
2017-04-25T15:28:51.140+0200: 7367,895: Total time for which application threads were stopped: 0,0000448 seconds, Stopping threads took: 0,0000118 seconds
2017-04-25T15:28:51.140+0200: 7367,895: Total time for which application threads were stopped: 0,0000432 seconds, Stopping threads took: 0,0000113 seconds
2017-04-25T15:28:51.140+0200: 7367,895: Total time for which application threads were stopped: 0,0000430 seconds, Stopping threads took: 0,0000110 seconds
2017-04-25T15:28:51.140+0200: 7367,895: Total time for which application threads were stopped: 0,0000408 seconds, Stopping threads took: 0,0000109 seconds
2017-04-25T15:28:51.140+0200: 7367,895: Total time for which application threads were stopped: 0,0000413 seconds, Stopping threads took: 0,0000112 seconds
2017-04-25T15:28:51.140+0200: 7367,895: Total time for which application threads were stopped: 0,0000412 seconds, Stopping threads took: 0,0000111 seconds
2017-04-25T15:28:51.140+0200: 7367,895: Total time for which application threads were stopped: 0,0000410 seconds, Stopping threads took: 0,0000109 seconds
2017-04-25T15:28:51.155+0200: 7367,910: Total time for which application threads were stopped: 0,0000999 seconds, Stopping threads took: 0,0000270 seconds
2017-04-25T15:28:51.155+0200: 7367,910: Total time for which application threads were stopped: 0,0000524 seconds, Stopping threads took: 0,0000153 seconds
2017-04-25T15:28:51.155+0200: 7367,910: Total time for which application threads were stopped: 0,0000426 seconds, Stopping threads took: 0,0000119 seconds
2017-04-25T15:28:51.155+0200: 7367,910: Total time for which application threads were stopped: 0,0000409 seconds, Stopping threads took: 0,0000113 seconds
2017-04-25T15:28:51.156+0200: 7367,911: Total time for which application threads were stopped: 0,0000510 seconds, Stopping threads took: 0,0000163 seconds
2017-04-25T15:28:51.156+0200: 7367,911: Total time for which application threads were stopped: 0,0000525 seconds, Stopping threads took: 0,0000162 seconds
2017-04-25T15:28:51.156+0200: 7367,911: Total time for which application threads were stopped: 0,0000503 seconds, Stopping threads took: 0,0000142 seconds
2017-04-25T15:28:51.156+0200: 7367,911: Total time for which application threads were stopped: 0,0000465 seconds, Stopping threads took: 0,0000144 seconds
2017-04-25T15:28:51.156+0200: 7367,911: Total time for which application threads were stopped: 0,0000518 seconds, Stopping threads took: 0,0000151 seconds
2017-04-25T15:28:51.156+0200: 7367,911: Total time for which application threads were stopped: 0,0000434 seconds, Stopping threads took: 0,0000124 seconds
2017-04-25T15:28:51.157+0200: 7367,912: Total time for which application threads were stopped: 0,0009146 seconds, Stopping threads took: 0,0000122 seconds
2017-04-25T15:28:51.161+0200: 7367,916: Total time for which application threads were stopped: 0,0004127 seconds, Stopping threads took: 0,0003492 seconds
2017-04-25T15:28:51.161+0200: 7367,916: Total time for which application threads were stopped: 0,0000453 seconds, Stopping threads took: 0,0000057 seconds
2017-04-25T15:28:51.162+0200: 7367,917: Total time for which application threads were stopped: 0,0001073 seconds, Stopping threads took: 0,0000239 seconds
2017-04-25T15:28:51.162+0200: 7367,917: Total time for which application threads were stopped: 0,0000588 seconds, Stopping threads took: 0,0000156 seconds
2017-04-25T15:28:51.162+0200: 7367,917: Total time for which application threads were stopped: 0,0000530 seconds, Stopping threads took: 0,0000172 seconds
2017-04-25T15:28:51.164+0200: 7367,919: Total time for which application threads were stopped: 0,0001457 seconds, Stopping threads took: 0,0000319 seconds
2017-04-25T15:28:51.164+0200: 7367,919: Total time for which application threads were stopped: 0,0000552 seconds, Stopping threads took: 0,0000147 seconds
2017-04-25T15:28:51.164+0200: 7367,919: Total time for which application threads were stopped: 0,0001703 seconds, Stopping threads took: 0,0000151 seconds
2017-04-25T15:28:51.165+0200: 7367,920: Total time for which application threads were stopped: 0,0000795 seconds, Stopping threads took: 0,0000199 seconds
2017-04-25T15:28:51.175+0200: 7367,930: Total time for which application threads were stopped: 0,0001565 seconds, Stopping threads took: 0,0000315 seconds
2017-04-25T15:28:51.179+0200: 7367,934: Total time for which application threads were stopped: 0,0001207 seconds, Stopping threads took: 0,0000295 seconds
2017-04-25T15:28:51.181+0200: 7367,936: Total time for which application threads were stopped: 0,0014936 seconds, Stopping threads took: 0,0013872 seconds
Heap
 par new generation   total 109248K, used 38759K [0x00000000e0000000, 0x00000000e8000000, 0x00000000e8000000)
  eden space 87424K,  27% used [0x00000000e0000000, 0x00000000e172fb88, 0x00000000e5560000)
  from space 21824K,  68% used [0x00000000e5560000, 0x00000000e640a190, 0x00000000e6ab0000)
  to   space 21824K,   0% used [0x00000000e6ab0000, 0x00000000e6ab0000, 0x00000000e8000000)
 concurrent mark-sweep generation total 393216K, used 6895K [0x00000000e8000000, 0x0000000100000000, 0x0000000100000000)
 Metaspace       used 28142K, capacity 28696K, committed 29052K, reserved 1075200K
  class space    used 3226K, capacity 3393K, committed 3452K, reserved 1048576K
