OpenJDK 64-Bit Server VM (25.131-b11) for linux-amd64 JRE (1.8.0_131-8u131-b11-2ubuntu1.16.04.3-b11), built on Jul 28 2017 01:23:32 by "buildd" with gcc 5.4.0 20160609
Memory: 4k page, physical 7867732k(7396248k free), swap 8076284k(8076284k free)
CommandLine flags: -XX:CMSInitiatingOccupancyFraction=50 -XX:CMSMaxAbortablePrecleanTime=6000 -XX:+CMSParallelRemarkEnabled -XX:+CMSScavengeBeforeRemark -XX:ConcGCThreads=4 -XX:InitialHeapSize=536870912 -XX:MaxHeapSize=536870912 -XX:MaxTenuringThreshold=8 -XX:NewRatio=3 -XX:OldPLABSize=16 -XX:OnOutOfMemoryError=/opt/solr/bin/oom_solr.sh 8983 /var/solr/logs -XX:ParallelGCThreads=4 -XX:+ParallelRefProcEnabled -XX:PretenureSizeThreshold=67108864 -XX:+PrintGC -XX:+PrintGCApplicationStoppedTime -XX:+PrintGCDateStamps -XX:+PrintGCDetails -XX:+PrintGCTimeStamps -XX:+PrintHeapAtGC -XX:+PrintTenuringDistribution -XX:SurvivorRatio=4 -XX:TargetSurvivorRatio=90 -XX:ThreadStackSize=256 -XX:+UseCMSInitiatingOccupancyOnly -XX:+UseCompressedClassPointers -XX:+UseCompressedOops -XX:+UseConcMarkSweepGC -XX:+UseParNewGC 
2017-08-29T09:47:37.102+0200: 0,157: Total time for which application threads were stopped: 0,0000661 seconds, Stopping threads took: 0,0000096 seconds
2017-08-29T09:47:37.184+0200: 0,240: Total time for which application threads were stopped: 0,0001399 seconds, Stopping threads took: 0,0000282 seconds
2017-08-29T09:47:37.199+0200: 0,254: Total time for which application threads were stopped: 0,0000797 seconds, Stopping threads took: 0,0000156 seconds
2017-08-29T09:47:37.406+0200: 0,462: Total time for which application threads were stopped: 0,0001076 seconds, Stopping threads took: 0,0000105 seconds
2017-08-29T09:47:37.862+0200: 0,918: Total time for which application threads were stopped: 0,0001475 seconds, Stopping threads took: 0,0000162 seconds
2017-08-29T09:47:38.016+0200: 1,071: Total time for which application threads were stopped: 0,0001843 seconds, Stopping threads took: 0,0000287 seconds
2017-08-29T09:47:38.087+0200: 1,143: Total time for which application threads were stopped: 0,0002344 seconds, Stopping threads took: 0,0000484 seconds
2017-08-29T09:47:38.456+0200: 1,511: Total time for which application threads were stopped: 0,0001922 seconds, Stopping threads took: 0,0000178 seconds
2017-08-29T09:47:38.660+0200: 1,715: Total time for which application threads were stopped: 0,0001895 seconds, Stopping threads took: 0,0000122 seconds
2017-08-29T09:47:38.687+0200: 1,742: Total time for which application threads were stopped: 0,0001777 seconds, Stopping threads took: 0,0000267 seconds
2017-08-29T09:47:38.724+0200: 1,779: Total time for which application threads were stopped: 0,0003372 seconds, Stopping threads took: 0,0000279 seconds
2017-08-29T09:47:38.726+0200: 1,781: Total time for which application threads were stopped: 0,0001767 seconds, Stopping threads took: 0,0000154 seconds
2017-08-29T09:47:38.741+0200: 1,796: Total time for which application threads were stopped: 0,0001895 seconds, Stopping threads took: 0,0000214 seconds
2017-08-29T09:47:38.834+0200: 1,890: Total time for which application threads were stopped: 0,0002132 seconds, Stopping threads took: 0,0000184 seconds
2017-08-29T09:47:38.994+0200: 2,049: Total time for which application threads were stopped: 0,0003478 seconds, Stopping threads took: 0,0000640 seconds
{Heap before GC invocations=0 (full 0):
 par new generation   total 109248K, used 87424K [0x00000000e0000000, 0x00000000e8000000, 0x00000000e8000000)
  eden space 87424K, 100% used [0x00000000e0000000, 0x00000000e5560000, 0x00000000e5560000)
  from space 21824K,   0% used [0x00000000e5560000, 0x00000000e5560000, 0x00000000e6ab0000)
  to   space 21824K,   0% used [0x00000000e6ab0000, 0x00000000e6ab0000, 0x00000000e8000000)
 concurrent mark-sweep generation total 393216K, used 0K [0x00000000e8000000, 0x0000000100000000, 0x0000000100000000)
 Metaspace       used 18052K, capacity 18336K, committed 18688K, reserved 1064960K
  class space    used 2040K, capacity 2196K, committed 2304K, reserved 1048576K
2017-08-29T09:47:39.090+0200: 2,146: [GC (Allocation Failure) 2017-08-29T09:47:39.090+0200: 2,146: [ParNew
Desired survivor size 20112992 bytes, new threshold 8 (max 8)
- age   1:   12631848 bytes,   12631848 total
: 87424K->12449K(109248K), 0,0202909 secs] 87424K->12449K(502464K), 0,0203669 secs] [Times: user=0,05 sys=0,01, real=0,02 secs] 
Heap after GC invocations=1 (full 0):
 par new generation   total 109248K, used 12449K [0x00000000e0000000, 0x00000000e8000000, 0x00000000e8000000)
  eden space 87424K,   0% used [0x00000000e0000000, 0x00000000e0000000, 0x00000000e5560000)
  from space 21824K,  57% used [0x00000000e6ab0000, 0x00000000e76d8700, 0x00000000e8000000)
  to   space 21824K,   0% used [0x00000000e5560000, 0x00000000e5560000, 0x00000000e6ab0000)
 concurrent mark-sweep generation total 393216K, used 0K [0x00000000e8000000, 0x0000000100000000, 0x0000000100000000)
 Metaspace       used 18052K, capacity 18336K, committed 18688K, reserved 1064960K
  class space    used 2040K, capacity 2196K, committed 2304K, reserved 1048576K
}
2017-08-29T09:47:39.111+0200: 2,166: Total time for which application threads were stopped: 0,0205998 seconds, Stopping threads took: 0,0000348 seconds
2017-08-29T09:47:39.440+0200: 2,495: Total time for which application threads were stopped: 0,0003799 seconds, Stopping threads took: 0,0000510 seconds
{Heap before GC invocations=1 (full 0):
 par new generation   total 109248K, used 99873K [0x00000000e0000000, 0x00000000e8000000, 0x00000000e8000000)
  eden space 87424K, 100% used [0x00000000e0000000, 0x00000000e5560000, 0x00000000e5560000)
  from space 21824K,  57% used [0x00000000e6ab0000, 0x00000000e76d8700, 0x00000000e8000000)
  to   space 21824K,   0% used [0x00000000e5560000, 0x00000000e5560000, 0x00000000e6ab0000)
 concurrent mark-sweep generation total 393216K, used 0K [0x00000000e8000000, 0x0000000100000000, 0x0000000100000000)
 Metaspace       used 20069K, capacity 20430K, committed 20736K, reserved 1067008K
  class space    used 2295K, capacity 2471K, committed 2560K, reserved 1048576K
2017-08-29T09:47:39.506+0200: 2,561: [GC (Allocation Failure) 2017-08-29T09:47:39.506+0200: 2,561: [ParNew
Desired survivor size 20112992 bytes, new threshold 8 (max 8)
- age   1:    3510336 bytes,    3510336 total
- age   2:    6677312 bytes,   10187648 total
: 99873K->13775K(109248K), 0,0112280 secs] 99873K->13775K(502464K), 0,0113055 secs] [Times: user=0,04 sys=0,01, real=0,01 secs] 
Heap after GC invocations=2 (full 0):
 par new generation   total 109248K, used 13775K [0x00000000e0000000, 0x00000000e8000000, 0x00000000e8000000)
  eden space 87424K,   0% used [0x00000000e0000000, 0x00000000e0000000, 0x00000000e5560000)
  from space 21824K,  63% used [0x00000000e5560000, 0x00000000e62d3f20, 0x00000000e6ab0000)
  to   space 21824K,   0% used [0x00000000e6ab0000, 0x00000000e6ab0000, 0x00000000e8000000)
 concurrent mark-sweep generation total 393216K, used 0K [0x00000000e8000000, 0x0000000100000000, 0x0000000100000000)
 Metaspace       used 20069K, capacity 20430K, committed 20736K, reserved 1067008K
  class space    used 2295K, capacity 2471K, committed 2560K, reserved 1048576K
}
2017-08-29T09:47:39.517+0200: 2,573: Total time for which application threads were stopped: 0,0115449 seconds, Stopping threads took: 0,0000638 seconds
2017-08-29T09:47:39.523+0200: 2,578: Total time for which application threads were stopped: 0,0003079 seconds, Stopping threads took: 0,0000387 seconds
2017-08-29T09:47:39.557+0200: 2,612: Total time for which application threads were stopped: 0,0005601 seconds, Stopping threads took: 0,0000783 seconds
2017-08-29T09:47:39.731+0200: 2,787: Total time for which application threads were stopped: 0,0001716 seconds, Stopping threads took: 0,0000325 seconds
{Heap before GC invocations=2 (full 0):
 par new generation   total 109248K, used 101199K [0x00000000e0000000, 0x00000000e8000000, 0x00000000e8000000)
  eden space 87424K, 100% used [0x00000000e0000000, 0x00000000e5560000, 0x00000000e5560000)
  from space 21824K,  63% used [0x00000000e5560000, 0x00000000e62d3f20, 0x00000000e6ab0000)
  to   space 21824K,   0% used [0x00000000e6ab0000, 0x00000000e6ab0000, 0x00000000e8000000)
 concurrent mark-sweep generation total 393216K, used 0K [0x00000000e8000000, 0x0000000100000000, 0x0000000100000000)
 Metaspace       used 20996K, capacity 21352K, committed 21628K, reserved 1069056K
  class space    used 2418K, capacity 2590K, committed 2684K, reserved 1048576K
2017-08-29T09:47:39.772+0200: 2,827: [GC (Allocation Failure) 2017-08-29T09:47:39.772+0200: 2,827: [ParNew
Desired survivor size 20112992 bytes, new threshold 8 (max 8)
- age   1:    2036152 bytes,    2036152 total
- age   2:     879064 bytes,    2915216 total
- age   3:    6675976 bytes,    9591192 total
: 101199K->11397K(109248K), 0,0092276 secs] 101199K->11397K(502464K), 0,0093226 secs] [Times: user=0,03 sys=0,00, real=0,01 secs] 
Heap after GC invocations=3 (full 0):
 par new generation   total 109248K, used 11397K [0x00000000e0000000, 0x00000000e8000000, 0x00000000e8000000)
  eden space 87424K,   0% used [0x00000000e0000000, 0x00000000e0000000, 0x00000000e5560000)
  from space 21824K,  52% used [0x00000000e6ab0000, 0x00000000e75d1540, 0x00000000e8000000)
  to   space 21824K,   0% used [0x00000000e5560000, 0x00000000e5560000, 0x00000000e6ab0000)
 concurrent mark-sweep generation total 393216K, used 0K [0x00000000e8000000, 0x0000000100000000, 0x0000000100000000)
 Metaspace       used 20996K, capacity 21352K, committed 21628K, reserved 1069056K
  class space    used 2418K, capacity 2590K, committed 2684K, reserved 1048576K
}
2017-08-29T09:47:39.781+0200: 2,836: Total time for which application threads were stopped: 0,0095579 seconds, Stopping threads took: 0,0000808 seconds
2017-08-29T09:47:39.781+0200: 2,836: [GC (CMS Initial Mark) [1 CMS-initial-mark: 0K(393216K)] 12141K(502464K), 0,0030775 secs] [Times: user=0,01 sys=0,00, real=0,00 secs] 
2017-08-29T09:47:39.784+0200: 2,840: Total time for which application threads were stopped: 0,0032077 seconds, Stopping threads took: 0,0000245 seconds
2017-08-29T09:47:39.784+0200: 2,840: [CMS-concurrent-mark-start]
2017-08-29T09:47:39.785+0200: 2,840: [CMS-concurrent-mark: 0,001/0,001 secs] [Times: user=0,00 sys=0,00, real=0,00 secs] 
2017-08-29T09:47:39.785+0200: 2,840: [CMS-concurrent-preclean-start]
2017-08-29T09:47:39.786+0200: 2,841: [CMS-concurrent-preclean: 0,001/0,001 secs] [Times: user=0,00 sys=0,01, real=0,00 secs] 
2017-08-29T09:47:39.789+0200: 2,844: [GC (CMS Final Remark) [YG occupancy: 13532 K (109248 K)]{Heap before GC invocations=3 (full 1):
 par new generation   total 109248K, used 13532K [0x00000000e0000000, 0x00000000e8000000, 0x00000000e8000000)
  eden space 87424K,   2% used [0x00000000e0000000, 0x00000000e0215b08, 0x00000000e5560000)
  from space 21824K,  52% used [0x00000000e6ab0000, 0x00000000e75d1540, 0x00000000e8000000)
  to   space 21824K,   0% used [0x00000000e5560000, 0x00000000e5560000, 0x00000000e6ab0000)
 concurrent mark-sweep generation total 393216K, used 0K [0x00000000e8000000, 0x0000000100000000, 0x0000000100000000)
 Metaspace       used 20996K, capacity 21352K, committed 21628K, reserved 1069056K
  class space    used 2418K, capacity 2590K, committed 2684K, reserved 1048576K
2017-08-29T09:47:39.789+0200: 2,844: [GC (CMS Final Remark) 2017-08-29T09:47:39.789+0200: 2,844: [ParNew
Desired survivor size 20112992 bytes, new threshold 8 (max 8)
- age   1:      56872 bytes,      56872 total
- age   2:    1568480 bytes,    1625352 total
- age   3:     879088 bytes,    2504440 total
- age   4:    6677312 bytes,    9181752 total
: 13532K->14786K(109248K), 0,0094993 secs] 13532K->14786K(502464K), 0,0095408 secs] [Times: user=0,03 sys=0,00, real=0,02 secs] 
Heap after GC invocations=4 (full 1):
 par new generation   total 109248K, used 14786K [0x00000000e0000000, 0x00000000e8000000, 0x00000000e8000000)
  eden space 87424K,   0% used [0x00000000e0000000, 0x00000000e0000000, 0x00000000e5560000)
  from space 21824K,  67% used [0x00000000e5560000, 0x00000000e63d09d8, 0x00000000e6ab0000)
  to   space 21824K,   0% used [0x00000000e6ab0000, 0x00000000e6ab0000, 0x00000000e8000000)
 concurrent mark-sweep generation total 393216K, used 0K [0x00000000e8000000, 0x0000000100000000, 0x0000000100000000)
 Metaspace       used 20996K, capacity 21352K, committed 21628K, reserved 1069056K
  class space    used 2418K, capacity 2590K, committed 2684K, reserved 1048576K
}
2017-08-29T09:47:39.798+0200: 2,854: [Rescan (parallel) , 0,0032874 secs]2017-08-29T09:47:39.802+0200: 2,857: [weak refs processing, 0,0010716 secs]2017-08-29T09:47:39.803+0200: 2,858: [class unloading, 0,0027302 secs]2017-08-29T09:47:39.805+0200: 2,861: [scrub symbol table, 0,0026009 secs]2017-08-29T09:47:39.808+0200: 2,863: [scrub string table, 0,0004023 secs][1 CMS-remark: 0K(393216K)] 14786K(502464K), 0,0203100 secs] [Times: user=0,05 sys=0,00, real=0,02 secs] 
2017-08-29T09:47:39.809+0200: 2,864: Total time for which application threads were stopped: 0,0228438 seconds, Stopping threads took: 0,0024425 seconds
2017-08-29T09:47:39.809+0200: 2,864: [CMS-concurrent-sweep-start]
2017-08-29T09:47:39.809+0200: 2,864: [CMS-concurrent-sweep: 0,000/0,000 secs] [Times: user=0,00 sys=0,00, real=0,00 secs] 
2017-08-29T09:47:39.809+0200: 2,864: [CMS-concurrent-reset-start]
2017-08-29T09:47:39.811+0200: 2,866: [CMS-concurrent-reset: 0,002/0,002 secs] [Times: user=0,01 sys=0,00, real=0,01 secs] 
{Heap before GC invocations=4 (full 1):
 par new generation   total 109248K, used 102210K [0x00000000e0000000, 0x00000000e8000000, 0x00000000e8000000)
  eden space 87424K, 100% used [0x00000000e0000000, 0x00000000e5560000, 0x00000000e5560000)
  from space 21824K,  67% used [0x00000000e5560000, 0x00000000e63d09d8, 0x00000000e6ab0000)
  to   space 21824K,   0% used [0x00000000e6ab0000, 0x00000000e6ab0000, 0x00000000e8000000)
 concurrent mark-sweep generation total 393216K, used 0K [0x00000000e8000000, 0x0000000100000000, 0x0000000100000000)
 Metaspace       used 21255K, capacity 21652K, committed 21884K, reserved 1069056K
  class space    used 2451K, capacity 2609K, committed 2684K, reserved 1048576K
2017-08-29T09:47:39.906+0200: 2,961: [GC (Allocation Failure) 2017-08-29T09:47:39.906+0200: 2,961: [ParNew
Desired survivor size 20112992 bytes, new threshold 8 (max 8)
- age   1:    1344648 bytes,    1344648 total
- age   2:       5648 bytes,    1350296 total
- age   3:    1443296 bytes,    2793592 total
- age   4:     872984 bytes,    3666576 total
- age   5:    6676048 bytes,   10342624 total
: 102210K->11972K(109248K), 0,0105338 secs] 102210K->11972K(502464K), 0,0106069 secs] [Times: user=0,04 sys=0,01, real=0,01 secs] 
Heap after GC invocations=5 (full 1):
 par new generation   total 109248K, used 11972K [0x00000000e0000000, 0x00000000e8000000, 0x00000000e8000000)
  eden space 87424K,   0% used [0x00000000e0000000, 0x00000000e0000000, 0x00000000e5560000)
  from space 21824K,  54% used [0x00000000e6ab0000, 0x00000000e7661130, 0x00000000e8000000)
  to   space 21824K,   0% used [0x00000000e5560000, 0x00000000e5560000, 0x00000000e6ab0000)
 concurrent mark-sweep generation total 393216K, used 0K [0x00000000e8000000, 0x0000000100000000, 0x0000000100000000)
 Metaspace       used 21255K, capacity 21652K, committed 21884K, reserved 1069056K
  class space    used 2451K, capacity 2609K, committed 2684K, reserved 1048576K
}
2017-08-29T09:47:39.916+0200: 2,972: Total time for which application threads were stopped: 0,0136420 seconds, Stopping threads took: 0,0028923 seconds
{Heap before GC invocations=5 (full 1):
 par new generation   total 109248K, used 99396K [0x00000000e0000000, 0x00000000e8000000, 0x00000000e8000000)
  eden space 87424K, 100% used [0x00000000e0000000, 0x00000000e5560000, 0x00000000e5560000)
  from space 21824K,  54% used [0x00000000e6ab0000, 0x00000000e7661130, 0x00000000e8000000)
  to   space 21824K,   0% used [0x00000000e5560000, 0x00000000e5560000, 0x00000000e6ab0000)
 concurrent mark-sweep generation total 393216K, used 0K [0x00000000e8000000, 0x0000000100000000, 0x0000000100000000)
 Metaspace       used 21410K, capacity 21824K, committed 21884K, reserved 1069056K
  class space    used 2470K, capacity 2643K, committed 2684K, reserved 1048576K
2017-08-29T09:47:40.004+0200: 3,059: [GC (Allocation Failure) 2017-08-29T09:47:40.004+0200: 3,059: [ParNew
Desired survivor size 20112992 bytes, new threshold 8 (max 8)
- age   1:     890520 bytes,     890520 total
- age   2:     191984 bytes,    1082504 total
- age   3:        400 bytes,    1082904 total
- age   4:    1443000 bytes,    2525904 total
- age   5:     872904 bytes,    3398808 total
- age   6:    6676224 bytes,   10075032 total
: 99396K->15160K(109248K), 0,0130352 secs] 99396K->15160K(502464K), 0,0131054 secs] [Times: user=0,05 sys=0,00, real=0,01 secs] 
Heap after GC invocations=6 (full 1):
 par new generation   total 109248K, used 15160K [0x00000000e0000000, 0x00000000e8000000, 0x00000000e8000000)
  eden space 87424K,   0% used [0x00000000e0000000, 0x00000000e0000000, 0x00000000e5560000)
  from space 21824K,  69% used [0x00000000e5560000, 0x00000000e642e3d8, 0x00000000e6ab0000)
  to   space 21824K,   0% used [0x00000000e6ab0000, 0x00000000e6ab0000, 0x00000000e8000000)
 concurrent mark-sweep generation total 393216K, used 0K [0x00000000e8000000, 0x0000000100000000, 0x0000000100000000)
 Metaspace       used 21410K, capacity 21824K, committed 21884K, reserved 1069056K
  class space    used 2470K, capacity 2643K, committed 2684K, reserved 1048576K
}
2017-08-29T09:47:40.017+0200: 3,072: Total time for which application threads were stopped: 0,0133518 seconds, Stopping threads took: 0,0000788 seconds
2017-08-29T09:47:40.054+0200: 3,109: Total time for which application threads were stopped: 0,0003796 seconds, Stopping threads took: 0,0000194 seconds
2017-08-29T09:47:40.310+0200: 3,365: Total time for which application threads were stopped: 0,0013001 seconds, Stopping threads took: 0,0011059 seconds
2017-08-29T09:47:40.356+0200: 3,411: Total time for which application threads were stopped: 0,0005083 seconds, Stopping threads took: 0,0000844 seconds
2017-08-29T09:47:40.382+0200: 3,437: Total time for which application threads were stopped: 0,0004368 seconds, Stopping threads took: 0,0000591 seconds
{Heap before GC invocations=6 (full 1):
 par new generation   total 109248K, used 102584K [0x00000000e0000000, 0x00000000e8000000, 0x00000000e8000000)
  eden space 87424K, 100% used [0x00000000e0000000, 0x00000000e5560000, 0x00000000e5560000)
  from space 21824K,  69% used [0x00000000e5560000, 0x00000000e642e3d8, 0x00000000e6ab0000)
  to   space 21824K,   0% used [0x00000000e6ab0000, 0x00000000e6ab0000, 0x00000000e8000000)
 concurrent mark-sweep generation total 393216K, used 0K [0x00000000e8000000, 0x0000000100000000, 0x0000000100000000)
 Metaspace       used 23703K, capacity 24192K, committed 24316K, reserved 1071104K
  class space    used 2780K, capacity 2985K, committed 3068K, reserved 1048576K
2017-08-29T09:47:40.604+0200: 3,659: [GC (Allocation Failure) 2017-08-29T09:47:40.604+0200: 3,659: [ParNew
Desired survivor size 20112992 bytes, new threshold 8 (max 8)
- age   1:    4888584 bytes,    4888584 total
- age   2:     124832 bytes,    5013416 total
- age   3:     190584 bytes,    5204000 total
- age   4:        400 bytes,    5204400 total
- age   5:     273192 bytes,    5477592 total
- age   6:     848544 bytes,    6326136 total
- age   7:    6668912 bytes,   12995048 total
: 102584K->15032K(109248K), 0,0189971 secs] 102584K->15032K(502464K), 0,0191238 secs] [Times: user=0,07 sys=0,00, real=0,02 secs] 
Heap after GC invocations=7 (full 1):
 par new generation   total 109248K, used 15032K [0x00000000e0000000, 0x00000000e8000000, 0x00000000e8000000)
  eden space 87424K,   0% used [0x00000000e0000000, 0x00000000e0000000, 0x00000000e5560000)
  from space 21824K,  68% used [0x00000000e6ab0000, 0x00000000e795e318, 0x00000000e8000000)
  to   space 21824K,   0% used [0x00000000e5560000, 0x00000000e5560000, 0x00000000e6ab0000)
 concurrent mark-sweep generation total 393216K, used 0K [0x00000000e8000000, 0x0000000100000000, 0x0000000100000000)
 Metaspace       used 23703K, capacity 24192K, committed 24316K, reserved 1071104K
  class space    used 2780K, capacity 2985K, committed 3068K, reserved 1048576K
}
2017-08-29T09:47:40.623+0200: 3,679: Total time for which application threads were stopped: 0,0194764 seconds, Stopping threads took: 0,0000643 seconds
{Heap before GC invocations=7 (full 1):
 par new generation   total 109248K, used 102456K [0x00000000e0000000, 0x00000000e8000000, 0x00000000e8000000)
  eden space 87424K, 100% used [0x00000000e0000000, 0x00000000e5560000, 0x00000000e5560000)
  from space 21824K,  68% used [0x00000000e6ab0000, 0x00000000e795e318, 0x00000000e8000000)
  to   space 21824K,   0% used [0x00000000e5560000, 0x00000000e5560000, 0x00000000e6ab0000)
 concurrent mark-sweep generation total 393216K, used 0K [0x00000000e8000000, 0x0000000100000000, 0x0000000100000000)
 Metaspace       used 24318K, capacity 24838K, committed 25084K, reserved 1071104K
  class space    used 2853K, capacity 3050K, committed 3068K, reserved 1048576K
2017-08-29T09:47:40.742+0200: 3,797: [GC (Allocation Failure) 2017-08-29T09:47:40.742+0200: 3,797: [ParNew
Desired survivor size 20112992 bytes, new threshold 8 (max 8)
- age   1:    2045704 bytes,    2045704 total
- age   2:    1756304 bytes,    3802008 total
- age   3:      46912 bytes,    3848920 total
- age   4:     118048 bytes,    3966968 total
- age   5:        400 bytes,    3967368 total
- age   6:     183640 bytes,    4151008 total
- age   7:     798208 bytes,    4949216 total
- age   8:    6133264 bytes,   11082480 total
: 102456K->18677K(109248K), 0,0234004 secs] 102456K->18677K(502464K), 0,0235000 secs] [Times: user=0,07 sys=0,00, real=0,02 secs] 
Heap after GC invocations=8 (full 1):
 par new generation   total 109248K, used 18677K [0x00000000e0000000, 0x00000000e8000000, 0x00000000e8000000)
  eden space 87424K,   0% used [0x00000000e0000000, 0x00000000e0000000, 0x00000000e5560000)
  from space 21824K,  85% used [0x00000000e5560000, 0x00000000e679d7a8, 0x00000000e6ab0000)
  to   space 21824K,   0% used [0x00000000e6ab0000, 0x00000000e6ab0000, 0x00000000e8000000)
 concurrent mark-sweep generation total 393216K, used 0K [0x00000000e8000000, 0x0000000100000000, 0x0000000100000000)
 Metaspace       used 24318K, capacity 24838K, committed 25084K, reserved 1071104K
  class space    used 2853K, capacity 3050K, committed 3068K, reserved 1048576K
}
2017-08-29T09:47:40.765+0200: 3,820: Total time for which application threads were stopped: 0,0238225 seconds, Stopping threads took: 0,0000667 seconds
{Heap before GC invocations=8 (full 1):
 par new generation   total 109248K, used 106101K [0x00000000e0000000, 0x00000000e8000000, 0x00000000e8000000)
  eden space 87424K, 100% used [0x00000000e0000000, 0x00000000e5560000, 0x00000000e5560000)
  from space 21824K,  85% used [0x00000000e5560000, 0x00000000e679d7a8, 0x00000000e6ab0000)
  to   space 21824K,   0% used [0x00000000e6ab0000, 0x00000000e6ab0000, 0x00000000e8000000)
 concurrent mark-sweep generation total 393216K, used 0K [0x00000000e8000000, 0x0000000100000000, 0x0000000100000000)
 Metaspace       used 24658K, capacity 25152K, committed 25468K, reserved 1071104K
  class space    used 2883K, capacity 3087K, committed 3196K, reserved 1048576K
2017-08-29T09:47:40.886+0200: 3,941: [GC (Allocation Failure) 2017-08-29T09:47:40.886+0200: 3,941: [ParNew
Desired survivor size 20112992 bytes, new threshold 8 (max 8)
- age   1:     735816 bytes,     735816 total
- age   2:    1019056 bytes,    1754872 total
- age   3:    1733888 bytes,    3488760 total
- age   4:      46912 bytes,    3535672 total
- age   5:     117880 bytes,    3653552 total
- age   6:        400 bytes,    3653952 total
- age   7:     180840 bytes,    3834792 total
- age   8:     797440 bytes,    4632232 total
: 106101K->6717K(109248K), 0,0476910 secs] 106101K->12789K(502464K), 0,0477620 secs] [Times: user=0,10 sys=0,00, real=0,05 secs] 
Heap after GC invocations=9 (full 1):
 par new generation   total 109248K, used 6717K [0x00000000e0000000, 0x00000000e8000000, 0x00000000e8000000)
  eden space 87424K,   0% used [0x00000000e0000000, 0x00000000e0000000, 0x00000000e5560000)
  from space 21824K,  30% used [0x00000000e6ab0000, 0x00000000e713f5d8, 0x00000000e8000000)
  to   space 21824K,   0% used [0x00000000e5560000, 0x00000000e5560000, 0x00000000e6ab0000)
 concurrent mark-sweep generation total 393216K, used 6071K [0x00000000e8000000, 0x0000000100000000, 0x0000000100000000)
 Metaspace       used 24658K, capacity 25152K, committed 25468K, reserved 1071104K
  class space    used 2883K, capacity 3087K, committed 3196K, reserved 1048576K
}
2017-08-29T09:47:40.934+0200: 3,989: Total time for which application threads were stopped: 0,0480450 seconds, Stopping threads took: 0,0000832 seconds
2017-08-29T09:47:41.005+0200: 4,060: Total time for which application threads were stopped: 0,0009958 seconds, Stopping threads took: 0,0006357 seconds
2017-08-29T09:47:41.088+0200: 4,143: Total time for which application threads were stopped: 0,0002140 seconds, Stopping threads took: 0,0000584 seconds
2017-08-29T09:47:41.094+0200: 4,149: Total time for which application threads were stopped: 0,0024074 seconds, Stopping threads took: 0,0023127 seconds
2017-08-29T09:47:41.106+0200: 4,161: Total time for which application threads were stopped: 0,0038691 seconds, Stopping threads took: 0,0037634 seconds
2017-08-29T09:47:41.106+0200: 4,161: Total time for which application threads were stopped: 0,0000805 seconds, Stopping threads took: 0,0000273 seconds
2017-08-29T09:47:41.107+0200: 4,163: Total time for which application threads were stopped: 0,0001278 seconds, Stopping threads took: 0,0000397 seconds
2017-08-29T09:47:41.107+0200: 4,163: Total time for which application threads were stopped: 0,0000671 seconds, Stopping threads took: 0,0000167 seconds
2017-08-29T09:47:41.108+0200: 4,163: Total time for which application threads were stopped: 0,0000792 seconds, Stopping threads took: 0,0000199 seconds
2017-08-29T09:47:41.108+0200: 4,163: Total time for which application threads were stopped: 0,0000637 seconds, Stopping threads took: 0,0000159 seconds
2017-08-29T09:47:41.108+0200: 4,164: Total time for which application threads were stopped: 0,0001857 seconds, Stopping threads took: 0,0001241 seconds
2017-08-29T09:47:41.118+0200: 4,173: Total time for which application threads were stopped: 0,0001518 seconds, Stopping threads took: 0,0000451 seconds
2017-08-29T09:47:41.118+0200: 4,173: Total time for which application threads were stopped: 0,0001173 seconds, Stopping threads took: 0,0000288 seconds
2017-08-29T09:47:41.118+0200: 4,174: Total time for which application threads were stopped: 0,0001273 seconds, Stopping threads took: 0,0000429 seconds
2017-08-29T09:47:41.121+0200: 4,176: Total time for which application threads were stopped: 0,0022930 seconds, Stopping threads took: 0,0021746 seconds
2017-08-29T09:47:41.133+0200: 4,188: Total time for which application threads were stopped: 0,0001686 seconds, Stopping threads took: 0,0000534 seconds
2017-08-29T09:47:41.133+0200: 4,188: Total time for which application threads were stopped: 0,0001167 seconds, Stopping threads took: 0,0000342 seconds
2017-08-29T09:47:41.133+0200: 4,189: Total time for which application threads were stopped: 0,0001157 seconds, Stopping threads took: 0,0000210 seconds
2017-08-29T09:47:41.134+0200: 4,189: Total time for which application threads were stopped: 0,0000796 seconds, Stopping threads took: 0,0000196 seconds
2017-08-29T09:47:41.134+0200: 4,189: Total time for which application threads were stopped: 0,0000651 seconds, Stopping threads took: 0,0000143 seconds
2017-08-29T09:47:41.134+0200: 4,189: Total time for which application threads were stopped: 0,0000680 seconds, Stopping threads took: 0,0000176 seconds
2017-08-29T09:47:41.134+0200: 4,190: Total time for which application threads were stopped: 0,0001353 seconds, Stopping threads took: 0,0000371 seconds
2017-08-29T09:47:41.135+0200: 4,190: Total time for which application threads were stopped: 0,0001345 seconds, Stopping threads took: 0,0000334 seconds
2017-08-29T09:47:41.135+0200: 4,191: Total time for which application threads were stopped: 0,0002631 seconds, Stopping threads took: 0,0000997 seconds
2017-08-29T09:47:41.138+0200: 4,193: Total time for which application threads were stopped: 0,0001621 seconds, Stopping threads took: 0,0000714 seconds
2017-08-29T09:47:41.142+0200: 4,197: Total time for which application threads were stopped: 0,0001750 seconds, Stopping threads took: 0,0000417 seconds
2017-08-29T09:47:41.144+0200: 4,199: Total time for which application threads were stopped: 0,0001561 seconds, Stopping threads took: 0,0000674 seconds
2017-08-29T09:47:41.144+0200: 4,199: Total time for which application threads were stopped: 0,0000622 seconds, Stopping threads took: 0,0000188 seconds
2017-08-29T09:47:41.146+0200: 4,201: Total time for which application threads were stopped: 0,0001461 seconds, Stopping threads took: 0,0000382 seconds
2017-08-29T09:47:41.146+0200: 4,201: Total time for which application threads were stopped: 0,0000834 seconds, Stopping threads took: 0,0000211 seconds
2017-08-29T09:47:41.146+0200: 4,201: Total time for which application threads were stopped: 0,0000922 seconds, Stopping threads took: 0,0000255 seconds
2017-08-29T09:47:41.146+0200: 4,202: Total time for which application threads were stopped: 0,0000818 seconds, Stopping threads took: 0,0000189 seconds
2017-08-29T09:47:41.146+0200: 4,202: Total time for which application threads were stopped: 0,0000785 seconds, Stopping threads took: 0,0000196 seconds
2017-08-29T09:47:41.147+0200: 4,202: Total time for which application threads were stopped: 0,0000988 seconds, Stopping threads took: 0,0000242 seconds
2017-08-29T09:47:41.147+0200: 4,202: Total time for which application threads were stopped: 0,0000789 seconds, Stopping threads took: 0,0000196 seconds
2017-08-29T09:47:41.147+0200: 4,202: Total time for which application threads were stopped: 0,0000759 seconds, Stopping threads took: 0,0000208 seconds
2017-08-29T09:47:41.147+0200: 4,202: Total time for which application threads were stopped: 0,0001376 seconds, Stopping threads took: 0,0000476 seconds
2017-08-29T09:47:41.150+0200: 4,205: Total time for which application threads were stopped: 0,0023949 seconds, Stopping threads took: 0,0022834 seconds
2017-08-29T09:47:41.150+0200: 4,205: Total time for which application threads were stopped: 0,0001245 seconds, Stopping threads took: 0,0000321 seconds
2017-08-29T09:47:41.150+0200: 4,206: Total time for which application threads were stopped: 0,0001005 seconds, Stopping threads took: 0,0000306 seconds
2017-08-29T09:47:41.150+0200: 4,206: Total time for which application threads were stopped: 0,0000982 seconds, Stopping threads took: 0,0000260 seconds
2017-08-29T09:47:41.151+0200: 4,206: Total time for which application threads were stopped: 0,0000776 seconds, Stopping threads took: 0,0000195 seconds
2017-08-29T09:47:41.151+0200: 4,206: Total time for which application threads were stopped: 0,0000922 seconds, Stopping threads took: 0,0000233 seconds
2017-08-29T09:47:41.151+0200: 4,207: Total time for which application threads were stopped: 0,0004442 seconds, Stopping threads took: 0,0003682 seconds
2017-08-29T09:47:41.152+0200: 4,207: Total time for which application threads were stopped: 0,0002951 seconds, Stopping threads took: 0,0002512 seconds
2017-08-29T09:47:41.152+0200: 4,207: Total time for which application threads were stopped: 0,0001188 seconds, Stopping threads took: 0,0000117 seconds
2017-08-29T09:47:41.152+0200: 4,208: Total time for which application threads were stopped: 0,0001836 seconds, Stopping threads took: 0,0001463 seconds
2017-08-29T09:47:41.154+0200: 4,209: Total time for which application threads were stopped: 0,0001322 seconds, Stopping threads took: 0,0000577 seconds
2017-08-29T09:47:41.154+0200: 4,209: Total time for which application threads were stopped: 0,0000893 seconds, Stopping threads took: 0,0000232 seconds
2017-08-29T09:47:41.154+0200: 4,209: Total time for which application threads were stopped: 0,0001053 seconds, Stopping threads took: 0,0000187 seconds
2017-08-29T09:47:41.162+0200: 4,217: Total time for which application threads were stopped: 0,0001286 seconds, Stopping threads took: 0,0000465 seconds
2017-08-29T09:47:41.174+0200: 4,229: Total time for which application threads were stopped: 0,0003858 seconds, Stopping threads took: 0,0003073 seconds
2017-08-29T09:47:41.176+0200: 4,232: Total time for which application threads were stopped: 0,0001406 seconds, Stopping threads took: 0,0000686 seconds
2017-08-29T09:47:41.178+0200: 4,234: Total time for which application threads were stopped: 0,0003940 seconds, Stopping threads took: 0,0003356 seconds
2017-08-29T09:47:41.185+0200: 4,240: Total time for which application threads were stopped: 0,0001253 seconds, Stopping threads took: 0,0000456 seconds
2017-08-29T09:47:41.194+0200: 4,249: Total time for which application threads were stopped: 0,0001360 seconds, Stopping threads took: 0,0000343 seconds
2017-08-29T09:47:41.198+0200: 4,253: Total time for which application threads were stopped: 0,0031642 seconds, Stopping threads took: 0,0030837 seconds
2017-08-29T09:47:41.198+0200: 4,253: Total time for which application threads were stopped: 0,0000927 seconds, Stopping threads took: 0,0000293 seconds
2017-08-29T09:47:41.233+0200: 4,288: Total time for which application threads were stopped: 0,0001514 seconds, Stopping threads took: 0,0000707 seconds
2017-08-29T09:47:41.241+0200: 4,296: Total time for which application threads were stopped: 0,0000956 seconds, Stopping threads took: 0,0000328 seconds
2017-08-29T09:47:41.252+0200: 4,308: Total time for which application threads were stopped: 0,0001729 seconds, Stopping threads took: 0,0001013 seconds
2017-08-29T09:47:41.314+0200: 4,369: Total time for which application threads were stopped: 0,0004980 seconds, Stopping threads took: 0,0000587 seconds
2017-08-29T09:47:41.332+0200: 4,387: Total time for which application threads were stopped: 0,0004754 seconds, Stopping threads took: 0,0000394 seconds
2017-08-29T09:47:41.374+0200: 4,430: Total time for which application threads were stopped: 0,0009330 seconds, Stopping threads took: 0,0008195 seconds
2017-08-29T09:47:41.386+0200: 4,442: Total time for which application threads were stopped: 0,0004521 seconds, Stopping threads took: 0,0000455 seconds
2017-08-29T09:47:41.393+0200: 4,448: Total time for which application threads were stopped: 0,0001592 seconds, Stopping threads took: 0,0000643 seconds
2017-08-29T09:47:41.403+0200: 4,458: Total time for which application threads were stopped: 0,0001360 seconds, Stopping threads took: 0,0000493 seconds
2017-08-29T09:47:41.403+0200: 4,458: Total time for which application threads were stopped: 0,0001026 seconds, Stopping threads took: 0,0000361 seconds
2017-08-29T09:47:41.408+0200: 4,464: Total time for which application threads were stopped: 0,0000961 seconds, Stopping threads took: 0,0000362 seconds
2017-08-29T09:47:41.418+0200: 4,473: Total time for which application threads were stopped: 0,0002095 seconds, Stopping threads took: 0,0000999 seconds
2017-08-29T09:47:41.419+0200: 4,475: Total time for which application threads were stopped: 0,0001183 seconds, Stopping threads took: 0,0000439 seconds
2017-08-29T09:47:41.420+0200: 4,475: Total time for which application threads were stopped: 0,0001138 seconds, Stopping threads took: 0,0000403 seconds
2017-08-29T09:47:41.423+0200: 4,479: Total time for which application threads were stopped: 0,0004797 seconds, Stopping threads took: 0,0003808 seconds
2017-08-29T09:47:41.424+0200: 4,479: Total time for which application threads were stopped: 0,0002247 seconds, Stopping threads took: 0,0000412 seconds
2017-08-29T09:47:41.429+0200: 4,485: Total time for which application threads were stopped: 0,0001329 seconds, Stopping threads took: 0,0000390 seconds
2017-08-29T09:47:41.433+0200: 4,488: Total time for which application threads were stopped: 0,0001365 seconds, Stopping threads took: 0,0000441 seconds
2017-08-29T09:47:41.442+0200: 4,497: Total time for which application threads were stopped: 0,0001719 seconds, Stopping threads took: 0,0000400 seconds
2017-08-29T09:47:41.450+0200: 4,505: Total time for which application threads were stopped: 0,0035486 seconds, Stopping threads took: 0,0034395 seconds
2017-08-29T09:47:41.452+0200: 4,507: Total time for which application threads were stopped: 0,0003336 seconds, Stopping threads took: 0,0002431 seconds
2017-08-29T09:47:41.454+0200: 4,509: Total time for which application threads were stopped: 0,0012787 seconds, Stopping threads took: 0,0011819 seconds
2017-08-29T09:47:41.467+0200: 4,522: Total time for which application threads were stopped: 0,0001630 seconds, Stopping threads took: 0,0000563 seconds
2017-08-29T09:47:41.506+0200: 4,561: Total time for which application threads were stopped: 0,0021617 seconds, Stopping threads took: 0,0020722 seconds
2017-08-29T09:47:41.512+0200: 4,567: Total time for which application threads were stopped: 0,0001065 seconds, Stopping threads took: 0,0000445 seconds
2017-08-29T09:47:41.515+0200: 4,570: Total time for which application threads were stopped: 0,0003788 seconds, Stopping threads took: 0,0002915 seconds
2017-08-29T09:47:41.527+0200: 4,582: Total time for which application threads were stopped: 0,0001085 seconds, Stopping threads took: 0,0000390 seconds
2017-08-29T09:47:41.528+0200: 4,583: Total time for which application threads were stopped: 0,0003710 seconds, Stopping threads took: 0,0000139 seconds
2017-08-29T09:47:41.533+0200: 4,589: Total time for which application threads were stopped: 0,0001481 seconds, Stopping threads took: 0,0000548 seconds
2017-08-29T09:47:42.533+0200: 5,589: Total time for which application threads were stopped: 0,0000629 seconds, Stopping threads took: 0,0000169 seconds
2017-08-29T09:48:59.543+0200: 82,598: Total time for which application threads were stopped: 0,0000801 seconds, Stopping threads took: 0,0000220 seconds
2017-08-29T09:49:34.549+0200: 117,604: Total time for which application threads were stopped: 0,0000880 seconds, Stopping threads took: 0,0000369 seconds
2017-08-29T09:49:39.549+0200: 122,605: Total time for which application threads were stopped: 0,0000888 seconds, Stopping threads took: 0,0000348 seconds
{Heap before GC invocations=9 (full 1):
 par new generation   total 109248K, used 94141K [0x00000000e0000000, 0x00000000e8000000, 0x00000000e8000000)
  eden space 87424K, 100% used [0x00000000e0000000, 0x00000000e5560000, 0x00000000e5560000)
  from space 21824K,  30% used [0x00000000e6ab0000, 0x00000000e713f5d8, 0x00000000e8000000)
  to   space 21824K,   0% used [0x00000000e5560000, 0x00000000e5560000, 0x00000000e6ab0000)
 concurrent mark-sweep generation total 393216K, used 6071K [0x00000000e8000000, 0x0000000100000000, 0x0000000100000000)
 Metaspace       used 28050K, capacity 28574K, committed 28796K, reserved 1075200K
  class space    used 3214K, capacity 3392K, committed 3452K, reserved 1048576K
2017-08-29T09:50:32.893+0200: 175,948: [GC (Allocation Failure) 2017-08-29T09:50:32.893+0200: 175,948: [ParNew
Desired survivor size 20112992 bytes, new threshold 8 (max 8)
- age   1:   11111384 bytes,   11111384 total
- age   2:     223968 bytes,   11335352 total
- age   3:     236352 bytes,   11571704 total
- age   4:    1728336 bytes,   13300040 total
- age   5:      46912 bytes,   13346952 total
- age   6:     115144 bytes,   13462096 total
- age   7:        400 bytes,   13462496 total
- age   8:     180184 bytes,   13642680 total
: 94141K->14591K(109248K), 0,0167812 secs] 100213K->21529K(502464K), 0,0168979 secs] [Times: user=0,05 sys=0,01, real=0,02 secs] 
Heap after GC invocations=10 (full 1):
 par new generation   total 109248K, used 14591K [0x00000000e0000000, 0x00000000e8000000, 0x00000000e8000000)
  eden space 87424K,   0% used [0x00000000e0000000, 0x00000000e0000000, 0x00000000e5560000)
  from space 21824K,  66% used [0x00000000e5560000, 0x00000000e639fe20, 0x00000000e6ab0000)
  to   space 21824K,   0% used [0x00000000e6ab0000, 0x00000000e6ab0000, 0x00000000e8000000)
 concurrent mark-sweep generation total 393216K, used 6937K [0x00000000e8000000, 0x0000000100000000, 0x0000000100000000)
 Metaspace       used 28050K, capacity 28574K, committed 28796K, reserved 1075200K
  class space    used 3214K, capacity 3392K, committed 3452K, reserved 1048576K
}
2017-08-29T09:50:32.910+0200: 175,965: Total time for which application threads were stopped: 0,0171866 seconds, Stopping threads took: 0,0000951 seconds
2017-08-29T09:50:32.914+0200: 175,969: Total time for which application threads were stopped: 0,0000752 seconds, Stopping threads took: 0,0000259 seconds
2017-08-29T09:50:32.914+0200: 175,969: Total time for which application threads were stopped: 0,0000323 seconds, Stopping threads took: 0,0000112 seconds
2017-08-29T09:52:13.927+0200: 276,983: Total time for which application threads were stopped: 0,0000942 seconds, Stopping threads took: 0,0000395 seconds
2017-08-29T09:52:22.928+0200: 285,984: Total time for which application threads were stopped: 0,0000894 seconds, Stopping threads took: 0,0000270 seconds
2017-08-29T09:52:23.929+0200: 286,984: Total time for which application threads were stopped: 0,0000646 seconds, Stopping threads took: 0,0000157 seconds
2017-08-29T09:52:57.934+0200: 320,989: Total time for which application threads were stopped: 0,0001163 seconds, Stopping threads took: 0,0000390 seconds
2017-08-29T09:53:52.942+0200: 375,997: Total time for which application threads were stopped: 0,0000925 seconds, Stopping threads took: 0,0000320 seconds
2017-08-29T09:56:18.967+0200: 522,022: Total time for which application threads were stopped: 0,0000756 seconds, Stopping threads took: 0,0000273 seconds
2017-08-29T10:26:19.131+0200: 1406,132: Total time for which application threads were stopped: 0,0001219 seconds, Stopping threads took: 0,0000379 seconds
2017-08-29T10:29:34.155+0200: 1601,156: Total time for which application threads were stopped: 0,0000885 seconds, Stopping threads took: 0,0000326 seconds
2017-08-29T10:41:34.162+0200: 2316,972: Total time for which application threads were stopped: 0,0001559 seconds, Stopping threads took: 0,0000629 seconds
2017-08-29T10:41:36.163+0200: 2318,972: Total time for which application threads were stopped: 0,0000700 seconds, Stopping threads took: 0,0000175 seconds
2017-08-29T11:03:25.176+0200: 3303,598: Total time for which application threads were stopped: 0,0000800 seconds, Stopping threads took: 0,0000325 seconds
2017-08-29T11:12:54.144+0200: 3871,672: Total time for which application threads were stopped: 0,0000801 seconds, Stopping threads took: 0,0000326 seconds
2017-08-29T11:12:59.145+0200: 3876,673: Total time for which application threads were stopped: 0,0001277 seconds, Stopping threads took: 0,0000328 seconds
2017-08-29T11:33:11.325+0200: 5088,853: Total time for which application threads were stopped: 0,0000765 seconds, Stopping threads took: 0,0000301 seconds
2017-08-29T11:35:56.349+0200: 5253,877: Total time for which application threads were stopped: 0,0001107 seconds, Stopping threads took: 0,0000474 seconds
2017-08-29T12:10:25.656+0200: 7323,183: Total time for which application threads were stopped: 0,0001585 seconds, Stopping threads took: 0,0000577 seconds
2017-08-29T12:13:46.686+0200: 7524,214: Total time for which application threads were stopped: 0,0001613 seconds, Stopping threads took: 0,0000622 seconds
2017-08-29T12:16:25.708+0200: 7683,236: Total time for which application threads were stopped: 0,0001584 seconds, Stopping threads took: 0,0000567 seconds
2017-08-29T15:29:56.611+0200: 11554,600: Total time for which application threads were stopped: 0,0000895 seconds, Stopping threads took: 0,0000347 seconds
2017-08-29T19:11:51.604+0200: 15364,338: Total time for which application threads were stopped: 0,0001655 seconds, Stopping threads took: 0,0000608 seconds
2017-08-29T19:13:28.616+0200: 15461,350: Total time for which application threads were stopped: 0,0000788 seconds, Stopping threads took: 0,0000314 seconds
2017-08-29T19:38:51.824+0200: 16984,558: Total time for which application threads were stopped: 0,0000805 seconds, Stopping threads took: 0,0000326 seconds
2017-08-29T22:06:51.735+0200: 25864,469: Total time for which application threads were stopped: 0,0000928 seconds, Stopping threads took: 0,0000361 seconds
2017-08-29T23:24:35.904+0200: 30528,638: Total time for which application threads were stopped: 0,0998881 seconds, Stopping threads took: 0,0997838 seconds
2017-08-29T23:24:35.905+0200: 30528,639: Total time for which application threads were stopped: 0,0000950 seconds, Stopping threads took: 0,0000197 seconds
2017-08-29T23:24:35.906+0200: 30528,640: Total time for which application threads were stopped: 0,0000893 seconds, Stopping threads took: 0,0000139 seconds
2017-08-29T23:24:35.919+0200: 30528,653: Total time for which application threads were stopped: 0,0033539 seconds, Stopping threads took: 0,0032673 seconds
2017-08-29T23:24:35.920+0200: 30528,654: Total time for which application threads were stopped: 0,0000864 seconds, Stopping threads took: 0,0000156 seconds
2017-08-29T23:24:35.920+0200: 30528,654: Total time for which application threads were stopped: 0,0000443 seconds, Stopping threads took: 0,0000064 seconds
2017-08-29T23:24:35.920+0200: 30528,654: Total time for which application threads were stopped: 0,0000542 seconds, Stopping threads took: 0,0000068 seconds
2017-08-29T23:24:35.920+0200: 30528,654: Total time for which application threads were stopped: 0,0000421 seconds, Stopping threads took: 0,0000059 seconds
2017-08-29T23:24:35.920+0200: 30528,654: Total time for which application threads were stopped: 0,0000378 seconds, Stopping threads took: 0,0000051 seconds
2017-08-29T23:24:35.920+0200: 30528,654: Total time for which application threads were stopped: 0,0000378 seconds, Stopping threads took: 0,0000052 seconds
2017-08-29T23:24:35.920+0200: 30528,654: Total time for which application threads were stopped: 0,0000430 seconds, Stopping threads took: 0,0000058 seconds
2017-08-29T23:24:35.921+0200: 30528,655: Total time for which application threads were stopped: 0,0000397 seconds, Stopping threads took: 0,0000064 seconds
2017-08-29T23:24:35.921+0200: 30528,655: Total time for which application threads were stopped: 0,0000332 seconds, Stopping threads took: 0,0000045 seconds
2017-08-29T23:24:35.921+0200: 30528,655: Total time for which application threads were stopped: 0,0000336 seconds, Stopping threads took: 0,0000047 seconds
2017-08-29T23:24:35.922+0200: 30528,656: Total time for which application threads were stopped: 0,0001017 seconds, Stopping threads took: 0,0000186 seconds
2017-08-29T23:24:35.922+0200: 30528,656: Total time for which application threads were stopped: 0,0000725 seconds, Stopping threads took: 0,0000133 seconds
2017-08-29T23:24:35.922+0200: 30528,656: Total time for which application threads were stopped: 0,0000617 seconds, Stopping threads took: 0,0000092 seconds
2017-08-29T23:24:35.935+0200: 30528,669: Total time for which application threads were stopped: 0,0028286 seconds, Stopping threads took: 0,0027266 seconds
2017-08-29T23:24:35.936+0200: 30528,670: Total time for which application threads were stopped: 0,0001073 seconds, Stopping threads took: 0,0000167 seconds
2017-08-29T23:24:35.937+0200: 30528,671: Total time for which application threads were stopped: 0,0000596 seconds, Stopping threads took: 0,0000096 seconds
2017-08-29T23:24:35.937+0200: 30528,671: Total time for which application threads were stopped: 0,0000414 seconds, Stopping threads took: 0,0000081 seconds
2017-08-29T23:24:35.937+0200: 30528,671: Total time for which application threads were stopped: 0,0000390 seconds, Stopping threads took: 0,0000068 seconds
2017-08-29T23:24:35.937+0200: 30528,671: Total time for which application threads were stopped: 0,0000582 seconds, Stopping threads took: 0,0000051 seconds
2017-08-29T23:24:35.937+0200: 30528,671: Total time for which application threads were stopped: 0,0000368 seconds, Stopping threads took: 0,0000052 seconds
2017-08-29T23:24:35.937+0200: 30528,671: Total time for which application threads were stopped: 0,0000357 seconds, Stopping threads took: 0,0000046 seconds
2017-08-29T23:24:35.937+0200: 30528,671: Total time for which application threads were stopped: 0,0000370 seconds, Stopping threads took: 0,0000049 seconds
2017-08-29T23:24:35.937+0200: 30528,671: Total time for which application threads were stopped: 0,0002969 seconds, Stopping threads took: 0,0000051 seconds
2017-08-29T23:24:35.938+0200: 30528,672: Total time for which application threads were stopped: 0,0002474 seconds, Stopping threads took: 0,0000071 seconds
2017-08-29T23:24:35.938+0200: 30528,672: Total time for which application threads were stopped: 0,0000582 seconds, Stopping threads took: 0,0000082 seconds
2017-08-29T23:24:35.938+0200: 30528,672: Total time for which application threads were stopped: 0,0000494 seconds, Stopping threads took: 0,0000076 seconds
2017-08-29T23:24:35.939+0200: 30528,672: Total time for which application threads were stopped: 0,0002172 seconds, Stopping threads took: 0,0000055 seconds
2017-08-29T23:24:35.939+0200: 30528,673: Total time for which application threads were stopped: 0,0000360 seconds, Stopping threads took: 0,0000053 seconds
2017-08-29T23:24:35.939+0200: 30528,673: Total time for which application threads were stopped: 0,0000571 seconds, Stopping threads took: 0,0000127 seconds
2017-08-29T23:24:35.944+0200: 30528,678: Total time for which application threads were stopped: 0,0049968 seconds, Stopping threads took: 0,0049054 seconds
2017-08-29T23:24:35.946+0200: 30528,680: Total time for which application threads were stopped: 0,0000957 seconds, Stopping threads took: 0,0000232 seconds
2017-08-29T23:24:35.946+0200: 30528,680: Total time for which application threads were stopped: 0,0000654 seconds, Stopping threads took: 0,0000382 seconds
2017-08-29T23:24:35.946+0200: 30528,680: Total time for which application threads were stopped: 0,0000405 seconds, Stopping threads took: 0,0000175 seconds
2017-08-29T23:24:35.951+0200: 30528,685: Total time for which application threads were stopped: 0,0031494 seconds, Stopping threads took: 0,0030592 seconds
2017-08-29T23:24:35.952+0200: 30528,686: Total time for which application threads were stopped: 0,0001129 seconds, Stopping threads took: 0,0000265 seconds
2017-08-29T23:24:35.953+0200: 30528,687: Total time for which application threads were stopped: 0,0000404 seconds, Stopping threads took: 0,0000056 seconds
2017-08-29T23:24:35.953+0200: 30528,687: Total time for which application threads were stopped: 0,0000350 seconds, Stopping threads took: 0,0000047 seconds
2017-08-29T23:24:35.953+0200: 30528,687: Total time for which application threads were stopped: 0,0000328 seconds, Stopping threads took: 0,0000046 seconds
2017-08-29T23:24:35.955+0200: 30528,689: Total time for which application threads were stopped: 0,0013810 seconds, Stopping threads took: 0,0012824 seconds
2017-08-29T23:24:35.956+0200: 30528,690: Total time for which application threads were stopped: 0,0001067 seconds, Stopping threads took: 0,0000246 seconds
2017-08-29T23:24:35.956+0200: 30528,690: Total time for which application threads were stopped: 0,0000677 seconds, Stopping threads took: 0,0000122 seconds
2017-08-29T23:24:35.956+0200: 30528,690: Total time for which application threads were stopped: 0,0000612 seconds, Stopping threads took: 0,0000113 seconds
2017-08-29T23:24:35.959+0200: 30528,693: Total time for which application threads were stopped: 0,0029382 seconds, Stopping threads took: 0,0028627 seconds
2017-08-29T23:24:35.961+0200: 30528,695: Total time for which application threads were stopped: 0,0000991 seconds, Stopping threads took: 0,0000226 seconds
2017-08-29T23:24:35.961+0200: 30528,695: Total time for which application threads were stopped: 0,0000821 seconds, Stopping threads took: 0,0000278 seconds
2017-08-29T23:24:35.961+0200: 30528,695: Total time for which application threads were stopped: 0,0000486 seconds, Stopping threads took: 0,0000115 seconds
2017-08-29T23:24:35.964+0200: 30528,698: Total time for which application threads were stopped: 0,0013843 seconds, Stopping threads took: 0,0012750 seconds
2017-08-29T23:24:35.964+0200: 30528,698: Total time for which application threads were stopped: 0,0001126 seconds, Stopping threads took: 0,0000483 seconds
2017-08-29T23:24:35.967+0200: 30528,701: Total time for which application threads were stopped: 0,0004250 seconds, Stopping threads took: 0,0003627 seconds
2017-08-29T23:24:35.971+0200: 30528,705: Total time for which application threads were stopped: 0,0001024 seconds, Stopping threads took: 0,0000284 seconds
2017-08-29T23:24:35.971+0200: 30528,705: Total time for which application threads were stopped: 0,0000793 seconds, Stopping threads took: 0,0000111 seconds
2017-08-29T23:24:35.971+0200: 30528,705: Total time for which application threads were stopped: 0,0000589 seconds, Stopping threads took: 0,0000089 seconds
2017-08-29T23:24:35.971+0200: 30528,705: Total time for which application threads were stopped: 0,0000479 seconds, Stopping threads took: 0,0000063 seconds
2017-08-29T23:24:35.971+0200: 30528,705: Total time for which application threads were stopped: 0,0000411 seconds, Stopping threads took: 0,0000072 seconds
2017-08-29T23:24:35.971+0200: 30528,705: Total time for which application threads were stopped: 0,0000406 seconds, Stopping threads took: 0,0000057 seconds
2017-08-29T23:24:35.971+0200: 30528,705: Total time for which application threads were stopped: 0,0000392 seconds, Stopping threads took: 0,0000060 seconds
2017-08-29T23:24:35.971+0200: 30528,705: Total time for which application threads were stopped: 0,0000386 seconds, Stopping threads took: 0,0000059 seconds
2017-08-29T23:24:35.973+0200: 30528,707: Total time for which application threads were stopped: 0,0001041 seconds, Stopping threads took: 0,0000323 seconds
2017-08-29T23:24:35.973+0200: 30528,707: Total time for which application threads were stopped: 0,0000543 seconds, Stopping threads took: 0,0000085 seconds
2017-08-29T23:24:35.973+0200: 30528,707: Total time for which application threads were stopped: 0,0000488 seconds, Stopping threads took: 0,0000099 seconds
2017-08-29T23:24:35.973+0200: 30528,707: Total time for which application threads were stopped: 0,0000424 seconds, Stopping threads took: 0,0000067 seconds
2017-08-29T23:24:35.973+0200: 30528,707: Total time for which application threads were stopped: 0,0000420 seconds, Stopping threads took: 0,0000085 seconds
2017-08-29T23:24:35.974+0200: 30528,708: Total time for which application threads were stopped: 0,0000774 seconds, Stopping threads took: 0,0000249 seconds
2017-08-29T23:24:35.975+0200: 30528,709: Total time for which application threads were stopped: 0,0000705 seconds, Stopping threads took: 0,0000212 seconds
2017-08-29T23:24:35.975+0200: 30528,709: Total time for which application threads were stopped: 0,0000434 seconds, Stopping threads took: 0,0000085 seconds
2017-08-29T23:24:35.975+0200: 30528,709: Total time for which application threads were stopped: 0,0000440 seconds, Stopping threads took: 0,0000059 seconds
2017-08-29T23:24:35.978+0200: 30528,712: Total time for which application threads were stopped: 0,0001069 seconds, Stopping threads took: 0,0000276 seconds
2017-08-29T23:24:35.978+0200: 30528,712: Total time for which application threads were stopped: 0,0000745 seconds, Stopping threads took: 0,0000197 seconds
2017-08-29T23:24:35.978+0200: 30528,712: Total time for which application threads were stopped: 0,0001896 seconds, Stopping threads took: 0,0000189 seconds
2017-08-29T23:24:35.979+0200: 30528,713: Total time for which application threads were stopped: 0,0000934 seconds, Stopping threads took: 0,0000261 seconds
2017-08-29T23:24:35.979+0200: 30528,713: Total time for which application threads were stopped: 0,0000566 seconds, Stopping threads took: 0,0000152 seconds
2017-08-29T23:24:35.979+0200: 30528,713: Total time for which application threads were stopped: 0,0000575 seconds, Stopping threads took: 0,0000172 seconds
2017-08-29T23:24:35.979+0200: 30528,713: Total time for which application threads were stopped: 0,0000477 seconds, Stopping threads took: 0,0000128 seconds
2017-08-29T23:24:35.980+0200: 30528,713: Total time for which application threads were stopped: 0,0000400 seconds, Stopping threads took: 0,0000105 seconds
2017-08-29T23:24:35.980+0200: 30528,714: Total time for which application threads were stopped: 0,0000459 seconds, Stopping threads took: 0,0000119 seconds
2017-08-29T23:24:35.980+0200: 30528,714: Total time for which application threads were stopped: 0,0000467 seconds, Stopping threads took: 0,0000122 seconds
2017-08-29T23:24:35.980+0200: 30528,714: Total time for which application threads were stopped: 0,0000460 seconds, Stopping threads took: 0,0000122 seconds
2017-08-29T23:24:35.980+0200: 30528,714: Total time for which application threads were stopped: 0,0000549 seconds, Stopping threads took: 0,0000135 seconds
2017-08-29T23:24:35.980+0200: 30528,714: Total time for which application threads were stopped: 0,0000654 seconds, Stopping threads took: 0,0000179 seconds
2017-08-29T23:24:35.980+0200: 30528,714: Total time for which application threads were stopped: 0,0000554 seconds, Stopping threads took: 0,0000155 seconds
2017-08-29T23:24:35.991+0200: 30528,725: Total time for which application threads were stopped: 0,0001431 seconds, Stopping threads took: 0,0000356 seconds
2017-08-29T23:24:35.996+0200: 30528,730: Total time for which application threads were stopped: 0,0000734 seconds, Stopping threads took: 0,0000200 seconds
2017-08-29T23:24:35.997+0200: 30528,731: Total time for which application threads were stopped: 0,0008700 seconds, Stopping threads took: 0,0008240 seconds
2017-08-29T23:24:35.997+0200: 30528,731: Total time for which application threads were stopped: 0,0000606 seconds, Stopping threads took: 0,0000317 seconds
2017-08-29T23:24:35.997+0200: 30528,731: Total time for which application threads were stopped: 0,0000370 seconds, Stopping threads took: 0,0000136 seconds
2017-08-29T23:24:35.998+0200: 30528,732: Total time for which application threads were stopped: 0,0000826 seconds, Stopping threads took: 0,0000244 seconds
2017-08-29T23:24:35.998+0200: 30528,732: Total time for which application threads were stopped: 0,0000599 seconds, Stopping threads took: 0,0000162 seconds
Heap
 par new generation   total 109248K, used 34916K [0x00000000e0000000, 0x00000000e8000000, 0x00000000e8000000)
  eden space 87424K,  23% used [0x00000000e0000000, 0x00000000e13d9228, 0x00000000e5560000)
  from space 21824K,  66% used [0x00000000e5560000, 0x00000000e639fe20, 0x00000000e6ab0000)
  to   space 21824K,   0% used [0x00000000e6ab0000, 0x00000000e6ab0000, 0x00000000e8000000)
 concurrent mark-sweep generation total 393216K, used 6937K [0x00000000e8000000, 0x0000000100000000, 0x0000000100000000)
 Metaspace       used 28212K, capacity 28806K, committed 29052K, reserved 1075200K
  class space    used 3228K, capacity 3426K, committed 3452K, reserved 1048576K
