OpenJDK 64-Bit Server VM (25.121-b13) for linux-amd64 JRE (1.8.0_121-8u121-b13-0ubuntu1.16.04.2-b13), built on Jan 23 2017 15:51:29 by "buildd" with gcc 5.4.0 20160609
Memory: 4k page, physical 7867764k(7424124k free), swap 8076284k(8076284k free)
CommandLine flags: -XX:CMSInitiatingOccupancyFraction=50 -XX:CMSMaxAbortablePrecleanTime=6000 -XX:+CMSParallelRemarkEnabled -XX:+CMSScavengeBeforeRemark -XX:ConcGCThreads=4 -XX:InitialHeapSize=536870912 -XX:MaxHeapSize=536870912 -XX:MaxTenuringThreshold=8 -XX:NewRatio=3 -XX:OldPLABSize=16 -XX:OnOutOfMemoryError=/opt/solr/bin/oom_solr.sh 8983 /var/solr/logs -XX:ParallelGCThreads=4 -XX:+ParallelRefProcEnabled -XX:PretenureSizeThreshold=67108864 -XX:+PrintGC -XX:+PrintGCApplicationStoppedTime -XX:+PrintGCDateStamps -XX:+PrintGCDetails -XX:+PrintGCTimeStamps -XX:+PrintHeapAtGC -XX:+PrintTenuringDistribution -XX:SurvivorRatio=4 -XX:TargetSurvivorRatio=90 -XX:ThreadStackSize=256 -XX:+UseCMSInitiatingOccupancyOnly -XX:+UseCompressedClassPointers -XX:+UseCompressedOops -XX:+UseConcMarkSweepGC -XX:+UseParNewGC 
2017-04-16T18:17:07.819+0200: 0,145: Total time for which application threads were stopped: 0,0000782 seconds, Stopping threads took: 0,0000126 seconds
2017-04-16T18:17:07.903+0200: 0,229: Total time for which application threads were stopped: 0,0001124 seconds, Stopping threads took: 0,0000173 seconds
2017-04-16T18:17:07.920+0200: 0,245: Total time for which application threads were stopped: 0,0000968 seconds, Stopping threads took: 0,0000186 seconds
2017-04-16T18:17:08.283+0200: 0,608: Total time for which application threads were stopped: 0,0001676 seconds, Stopping threads took: 0,0000186 seconds
2017-04-16T18:17:08.397+0200: 0,723: Total time for which application threads were stopped: 0,0001201 seconds, Stopping threads took: 0,0000212 seconds
2017-04-16T18:17:08.743+0200: 1,069: Total time for which application threads were stopped: 0,0001551 seconds, Stopping threads took: 0,0000244 seconds
2017-04-16T18:17:08.824+0200: 1,150: Total time for which application threads were stopped: 0,0001630 seconds, Stopping threads took: 0,0000197 seconds
2017-04-16T18:17:08.855+0200: 1,180: Total time for which application threads were stopped: 0,0002988 seconds, Stopping threads took: 0,0000264 seconds
2017-04-16T18:17:09.149+0200: 1,475: Total time for which application threads were stopped: 0,0002236 seconds, Stopping threads took: 0,0000322 seconds
2017-04-16T18:17:09.397+0200: 1,723: Total time for which application threads were stopped: 0,0002673 seconds, Stopping threads took: 0,0000229 seconds
2017-04-16T18:17:09.421+0200: 1,747: Total time for which application threads were stopped: 0,0003295 seconds, Stopping threads took: 0,0001501 seconds
2017-04-16T18:17:09.458+0200: 1,783: Total time for which application threads were stopped: 0,0004380 seconds, Stopping threads took: 0,0000596 seconds
2017-04-16T18:17:09.460+0200: 1,785: Total time for which application threads were stopped: 0,0001605 seconds, Stopping threads took: 0,0000176 seconds
2017-04-16T18:17:09.477+0200: 1,803: Total time for which application threads were stopped: 0,0001633 seconds, Stopping threads took: 0,0000143 seconds
2017-04-16T18:17:09.570+0200: 1,895: Total time for which application threads were stopped: 0,0002468 seconds, Stopping threads took: 0,0000229 seconds
2017-04-16T18:17:09.733+0200: 2,058: Total time for which application threads were stopped: 0,0002976 seconds, Stopping threads took: 0,0000708 seconds
{Heap before GC invocations=0 (full 0):
 par new generation   total 109248K, used 87424K [0x00000000e0000000, 0x00000000e8000000, 0x00000000e8000000)
  eden space 87424K, 100% used [0x00000000e0000000, 0x00000000e5560000, 0x00000000e5560000)
  from space 21824K,   0% used [0x00000000e5560000, 0x00000000e5560000, 0x00000000e6ab0000)
  to   space 21824K,   0% used [0x00000000e6ab0000, 0x00000000e6ab0000, 0x00000000e8000000)
 concurrent mark-sweep generation total 393216K, used 0K [0x00000000e8000000, 0x0000000100000000, 0x0000000100000000)
 Metaspace       used 17849K, capacity 18176K, committed 18304K, reserved 1064960K
  class space    used 2023K, capacity 2164K, committed 2176K, reserved 1048576K
2017-04-16T18:17:09.778+0200: 2,104: [GC (Allocation Failure) 2017-04-16T18:17:09.778+0200: 2,104: [ParNew
Desired survivor size 20112992 bytes, new threshold 8 (max 8)
- age   1:   11748800 bytes,   11748800 total
: 87424K->11580K(109248K), 0,0148634 secs] 87424K->11580K(502464K), 0,0149229 secs] [Times: user=0,05 sys=0,00, real=0,01 secs] 
Heap after GC invocations=1 (full 0):
 par new generation   total 109248K, used 11580K [0x00000000e0000000, 0x00000000e8000000, 0x00000000e8000000)
  eden space 87424K,   0% used [0x00000000e0000000, 0x00000000e0000000, 0x00000000e5560000)
  from space 21824K,  53% used [0x00000000e6ab0000, 0x00000000e75ff1a8, 0x00000000e8000000)
  to   space 21824K,   0% used [0x00000000e5560000, 0x00000000e5560000, 0x00000000e6ab0000)
 concurrent mark-sweep generation total 393216K, used 0K [0x00000000e8000000, 0x0000000100000000, 0x0000000100000000)
 Metaspace       used 17849K, capacity 18176K, committed 18304K, reserved 1064960K
  class space    used 2023K, capacity 2164K, committed 2176K, reserved 1048576K
}
2017-04-16T18:17:09.793+0200: 2,119: Total time for which application threads were stopped: 0,0153498 seconds, Stopping threads took: 0,0002693 seconds
2017-04-16T18:17:10.117+0200: 2,443: Total time for which application threads were stopped: 0,0003918 seconds, Stopping threads took: 0,0000932 seconds
{Heap before GC invocations=1 (full 0):
 par new generation   total 109248K, used 99004K [0x00000000e0000000, 0x00000000e8000000, 0x00000000e8000000)
  eden space 87424K, 100% used [0x00000000e0000000, 0x00000000e5560000, 0x00000000e5560000)
  from space 21824K,  53% used [0x00000000e6ab0000, 0x00000000e75ff1a8, 0x00000000e8000000)
  to   space 21824K,   0% used [0x00000000e5560000, 0x00000000e5560000, 0x00000000e6ab0000)
 concurrent mark-sweep generation total 393216K, used 0K [0x00000000e8000000, 0x0000000100000000, 0x0000000100000000)
 Metaspace       used 20015K, capacity 20380K, committed 20736K, reserved 1067008K
  class space    used 2298K, capacity 2476K, committed 2560K, reserved 1048576K
2017-04-16T18:17:10.153+0200: 2,478: [GC (Allocation Failure) 2017-04-16T18:17:10.153+0200: 2,478: [ParNew
Desired survivor size 20112992 bytes, new threshold 8 (max 8)
- age   1:    4162240 bytes,    4162240 total
- age   2:    6271600 bytes,   10433840 total
: 99004K->12986K(109248K), 0,0194912 secs] 99004K->12986K(502464K), 0,0195855 secs] [Times: user=0,07 sys=0,00, real=0,02 secs] 
Heap after GC invocations=2 (full 0):
 par new generation   total 109248K, used 12986K [0x00000000e0000000, 0x00000000e8000000, 0x00000000e8000000)
  eden space 87424K,   0% used [0x00000000e0000000, 0x00000000e0000000, 0x00000000e5560000)
  from space 21824K,  59% used [0x00000000e5560000, 0x00000000e620eb70, 0x00000000e6ab0000)
  to   space 21824K,   0% used [0x00000000e6ab0000, 0x00000000e6ab0000, 0x00000000e8000000)
 concurrent mark-sweep generation total 393216K, used 0K [0x00000000e8000000, 0x0000000100000000, 0x0000000100000000)
 Metaspace       used 20015K, capacity 20380K, committed 20736K, reserved 1067008K
  class space    used 2298K, capacity 2476K, committed 2560K, reserved 1048576K
}
2017-04-16T18:17:10.172+0200: 2,498: Total time for which application threads were stopped: 0,0198511 seconds, Stopping threads took: 0,0000847 seconds
2017-04-16T18:17:10.188+0200: 2,513: Total time for which application threads were stopped: 0,0003745 seconds, Stopping threads took: 0,0000515 seconds
2017-04-16T18:17:10.235+0200: 2,561: Total time for which application threads were stopped: 0,0004262 seconds, Stopping threads took: 0,0000738 seconds
2017-04-16T18:17:10.398+0200: 2,724: Total time for which application threads were stopped: 0,0060664 seconds, Stopping threads took: 0,0059294 seconds
{Heap before GC invocations=2 (full 0):
 par new generation   total 109248K, used 100410K [0x00000000e0000000, 0x00000000e8000000, 0x00000000e8000000)
  eden space 87424K, 100% used [0x00000000e0000000, 0x00000000e5560000, 0x00000000e5560000)
  from space 21824K,  59% used [0x00000000e5560000, 0x00000000e620eb70, 0x00000000e6ab0000)
  to   space 21824K,   0% used [0x00000000e6ab0000, 0x00000000e6ab0000, 0x00000000e8000000)
 concurrent mark-sweep generation total 393216K, used 0K [0x00000000e8000000, 0x0000000100000000, 0x0000000100000000)
 Metaspace       used 20989K, capacity 21308K, committed 21552K, reserved 1069056K
  class space    used 2420K, capacity 2596K, committed 2608K, reserved 1048576K
2017-04-16T18:17:10.433+0200: 2,758: [GC (Allocation Failure) 2017-04-16T18:17:10.433+0200: 2,758: [ParNew
Desired survivor size 20112992 bytes, new threshold 8 (max 8)
- age   1:    2194904 bytes,    2194904 total
- age   2:    1200128 bytes,    3395032 total
- age   3:    6269296 bytes,    9664328 total
: 100410K->14245K(109248K), 0,0169224 secs] 100410K->14245K(502464K), 0,0170036 secs] [Times: user=0,06 sys=0,00, real=0,02 secs] 
Heap after GC invocations=3 (full 0):
 par new generation   total 109248K, used 14245K [0x00000000e0000000, 0x00000000e8000000, 0x00000000e8000000)
  eden space 87424K,   0% used [0x00000000e0000000, 0x00000000e0000000, 0x00000000e5560000)
  from space 21824K,  65% used [0x00000000e6ab0000, 0x00000000e7899660, 0x00000000e8000000)
  to   space 21824K,   0% used [0x00000000e5560000, 0x00000000e5560000, 0x00000000e6ab0000)
 concurrent mark-sweep generation total 393216K, used 0K [0x00000000e8000000, 0x0000000100000000, 0x0000000100000000)
 Metaspace       used 20989K, capacity 21308K, committed 21552K, reserved 1069056K
  class space    used 2420K, capacity 2596K, committed 2608K, reserved 1048576K
}
2017-04-16T18:17:10.450+0200: 2,775: Total time for which application threads were stopped: 0,0178158 seconds, Stopping threads took: 0,0006732 seconds
2017-04-16T18:17:10.458+0200: 2,783: [GC (CMS Initial Mark) [1 CMS-initial-mark: 0K(393216K)] 25350K(502464K), 0,0056616 secs] [Times: user=0,02 sys=0,00, real=0,00 secs] 
2017-04-16T18:17:10.463+0200: 2,789: Total time for which application threads were stopped: 0,0066520 seconds, Stopping threads took: 0,0008621 seconds
2017-04-16T18:17:10.464+0200: 2,789: [CMS-concurrent-mark-start]
2017-04-16T18:17:10.466+0200: 2,791: [CMS-concurrent-mark: 0,002/0,002 secs] [Times: user=0,01 sys=0,00, real=0,01 secs] 
2017-04-16T18:17:10.466+0200: 2,791: [CMS-concurrent-preclean-start]
2017-04-16T18:17:10.467+0200: 2,793: [CMS-concurrent-preclean: 0,001/0,001 secs] [Times: user=0,00 sys=0,00, real=0,00 secs] 
2017-04-16T18:17:10.467+0200: 2,793: [CMS-concurrent-abortable-preclean-start]
2017-04-16T18:17:10.558+0200: 2,884: Total time for which application threads were stopped: 0,0019611 seconds, Stopping threads took: 0,0018409 seconds
{Heap before GC invocations=3 (full 1):
 par new generation   total 109248K, used 101669K [0x00000000e0000000, 0x00000000e8000000, 0x00000000e8000000)
  eden space 87424K, 100% used [0x00000000e0000000, 0x00000000e5560000, 0x00000000e5560000)
  from space 21824K,  65% used [0x00000000e6ab0000, 0x00000000e7899660, 0x00000000e8000000)
  to   space 21824K,   0% used [0x00000000e5560000, 0x00000000e5560000, 0x00000000e6ab0000)
 concurrent mark-sweep generation total 393216K, used 0K [0x00000000e8000000, 0x0000000100000000, 0x0000000100000000)
 Metaspace       used 21266K, capacity 21642K, committed 21960K, reserved 1069056K
  class space    used 2450K, capacity 2610K, committed 2684K, reserved 1048576K
2017-04-16T18:17:10.574+0200: 2,900: [GC (Allocation Failure) 2017-04-16T18:17:10.574+0200: 2,900: [ParNew
Desired survivor size 20112992 bytes, new threshold 8 (max 8)
- age   1:     788216 bytes,     788216 total
- age   2:    1503400 bytes,    2291616 total
- age   3:    1169176 bytes,    3460792 total
- age   4:    6269584 bytes,    9730376 total
: 101669K->11834K(109248K), 0,0090879 secs] 101669K->11834K(502464K), 0,0091558 secs] [Times: user=0,03 sys=0,00, real=0,01 secs] 
Heap after GC invocations=4 (full 1):
 par new generation   total 109248K, used 11834K [0x00000000e0000000, 0x00000000e8000000, 0x00000000e8000000)
  eden space 87424K,   0% used [0x00000000e0000000, 0x00000000e0000000, 0x00000000e5560000)
  from space 21824K,  54% used [0x00000000e5560000, 0x00000000e60ee930, 0x00000000e6ab0000)
  to   space 21824K,   0% used [0x00000000e6ab0000, 0x00000000e6ab0000, 0x00000000e8000000)
 concurrent mark-sweep generation total 393216K, used 0K [0x00000000e8000000, 0x0000000100000000, 0x0000000100000000)
 Metaspace       used 21266K, capacity 21642K, committed 21960K, reserved 1069056K
  class space    used 2450K, capacity 2610K, committed 2684K, reserved 1048576K
}
2017-04-16T18:17:10.583+0200: 2,909: Total time for which application threads were stopped: 0,0093628 seconds, Stopping threads took: 0,0000633 seconds
{Heap before GC invocations=4 (full 1):
 par new generation   total 109248K, used 99258K [0x00000000e0000000, 0x00000000e8000000, 0x00000000e8000000)
  eden space 87424K, 100% used [0x00000000e0000000, 0x00000000e5560000, 0x00000000e5560000)
  from space 21824K,  54% used [0x00000000e5560000, 0x00000000e60ee930, 0x00000000e6ab0000)
  to   space 21824K,   0% used [0x00000000e6ab0000, 0x00000000e6ab0000, 0x00000000e8000000)
 concurrent mark-sweep generation total 393216K, used 0K [0x00000000e8000000, 0x0000000100000000, 0x0000000100000000)
 Metaspace       used 21428K, capacity 21808K, committed 21960K, reserved 1069056K
  class space    used 2470K, capacity 2643K, committed 2684K, reserved 1048576K
2017-04-16T18:17:10.665+0200: 2,991: [GC (Allocation Failure) 2017-04-16T18:17:10.665+0200: 2,991: [ParNew
Desired survivor size 20112992 bytes, new threshold 8 (max 8)
- age   1:     570760 bytes,     570760 total
- age   2:     174000 bytes,     744760 total
- age   3:    1503128 bytes,    2247888 total
- age   4:    1163288 bytes,    3411176 total
- age   5:    6269496 bytes,    9680672 total
: 99258K->12465K(109248K), 0,0125157 secs] 99258K->12465K(502464K), 0,0125931 secs] [Times: user=0,04 sys=0,00, real=0,01 secs] 
Heap after GC invocations=5 (full 1):
 par new generation   total 109248K, used 12465K [0x00000000e0000000, 0x00000000e8000000, 0x00000000e8000000)
  eden space 87424K,   0% used [0x00000000e0000000, 0x00000000e0000000, 0x00000000e5560000)
  from space 21824K,  57% used [0x00000000e6ab0000, 0x00000000e76dc400, 0x00000000e8000000)
  to   space 21824K,   0% used [0x00000000e5560000, 0x00000000e5560000, 0x00000000e6ab0000)
 concurrent mark-sweep generation total 393216K, used 0K [0x00000000e8000000, 0x0000000100000000, 0x0000000100000000)
 Metaspace       used 21428K, capacity 21808K, committed 21960K, reserved 1069056K
  class space    used 2470K, capacity 2643K, committed 2684K, reserved 1048576K
}
2017-04-16T18:17:10.678+0200: 3,003: Total time for which application threads were stopped: 0,0135763 seconds, Stopping threads took: 0,0008383 seconds
2017-04-16T18:17:10.709+0200: 3,034: Total time for which application threads were stopped: 0,0001567 seconds, Stopping threads took: 0,0000653 seconds
2017-04-16T18:17:10.722+0200: 3,048: Total time for which application threads were stopped: 0,0004132 seconds, Stopping threads took: 0,0000298 seconds
2017-04-16T18:17:10.752+0200: 3,078: Total time for which application threads were stopped: 0,0001151 seconds, Stopping threads took: 0,0000243 seconds
2017-04-16T18:17:10.773+0200: 3,098: Total time for which application threads were stopped: 0,0000905 seconds, Stopping threads took: 0,0000268 seconds
2017-04-16T18:17:10.950+0200: 3,276: Total time for which application threads were stopped: 0,0012771 seconds, Stopping threads took: 0,0011535 seconds
2017-04-16T18:17:10.988+0200: 3,314: Total time for which application threads were stopped: 0,0001545 seconds, Stopping threads took: 0,0000270 seconds
2017-04-16T18:17:10.996+0200: 3,321: Total time for which application threads were stopped: 0,0003858 seconds, Stopping threads took: 0,0000408 seconds
2017-04-16T18:17:10.996+0200: 3,321: [CMS-concurrent-abortable-preclean: 0,319/0,529 secs] [Times: user=1,93 sys=0,02, real=0,52 secs] 
2017-04-16T18:17:10.996+0200: 3,321: [GC (CMS Final Remark) [YG occupancy: 57373 K (109248 K)]{Heap before GC invocations=5 (full 1):
 par new generation   total 109248K, used 57373K [0x00000000e0000000, 0x00000000e8000000, 0x00000000e8000000)
  eden space 87424K,  51% used [0x00000000e0000000, 0x00000000e2bdb108, 0x00000000e5560000)
  from space 21824K,  57% used [0x00000000e6ab0000, 0x00000000e76dc400, 0x00000000e8000000)
  to   space 21824K,   0% used [0x00000000e5560000, 0x00000000e5560000, 0x00000000e6ab0000)
 concurrent mark-sweep generation total 393216K, used 0K [0x00000000e8000000, 0x0000000100000000, 0x0000000100000000)
 Metaspace       used 22943K, capacity 23340K, committed 23544K, reserved 1071104K
  class space    used 2639K, capacity 2809K, committed 2836K, reserved 1048576K
2017-04-16T18:17:10.996+0200: 3,322: [GC (CMS Final Remark) 2017-04-16T18:17:10.996+0200: 3,322: [ParNew
Desired survivor size 20112992 bytes, new threshold 8 (max 8)
- age   1:    2818192 bytes,    2818192 total
- age   2:     119168 bytes,    2937360 total
- age   3:     172888 bytes,    3110248 total
- age   4:     326008 bytes,    3436256 total
- age   5:    1151560 bytes,    4587816 total
- age   6:    6265704 bytes,   10853520 total
: 57373K->12650K(109248K), 0,0123416 secs] 57373K->12650K(502464K), 0,0124035 secs] [Times: user=0,04 sys=0,00, real=0,02 secs] 
Heap after GC invocations=6 (full 1):
 par new generation   total 109248K, used 12650K [0x00000000e0000000, 0x00000000e8000000, 0x00000000e8000000)
  eden space 87424K,   0% used [0x00000000e0000000, 0x00000000e0000000, 0x00000000e5560000)
  from space 21824K,  57% used [0x00000000e5560000, 0x00000000e61bab10, 0x00000000e6ab0000)
  to   space 21824K,   0% used [0x00000000e6ab0000, 0x00000000e6ab0000, 0x00000000e8000000)
 concurrent mark-sweep generation total 393216K, used 0K [0x00000000e8000000, 0x0000000100000000, 0x0000000100000000)
 Metaspace       used 22943K, capacity 23340K, committed 23544K, reserved 1071104K
  class space    used 2639K, capacity 2809K, committed 2836K, reserved 1048576K
}
2017-04-16T18:17:11.008+0200: 3,334: [Rescan (parallel) , 0,0035256 secs]2017-04-16T18:17:11.012+0200: 3,338: [weak refs processing, 0,0009593 secs]2017-04-16T18:17:11.013+0200: 3,338: [class unloading, 0,0032269 secs]2017-04-16T18:17:11.016+0200: 3,342: [scrub symbol table, 0,0027392 secs]2017-04-16T18:17:11.019+0200: 3,344: [scrub string table, 0,0004128 secs][1 CMS-remark: 0K(393216K)] 12650K(502464K), 0,0240665 secs] [Times: user=0,06 sys=0,00, real=0,03 secs] 
2017-04-16T18:17:11.020+0200: 3,346: Total time for which application threads were stopped: 0,0241646 seconds, Stopping threads took: 0,0000179 seconds
2017-04-16T18:17:11.020+0200: 3,346: [CMS-concurrent-sweep-start]
2017-04-16T18:17:11.020+0200: 3,346: [CMS-concurrent-sweep: 0,000/0,000 secs] [Times: user=0,00 sys=0,00, real=0,00 secs] 
2017-04-16T18:17:11.020+0200: 3,346: [CMS-concurrent-reset-start]
2017-04-16T18:17:11.022+0200: 3,348: [CMS-concurrent-reset: 0,002/0,002 secs] [Times: user=0,01 sys=0,00, real=0,00 secs] 
2017-04-16T18:17:11.035+0200: 3,361: Total time for which application threads were stopped: 0,0003637 seconds, Stopping threads took: 0,0000497 seconds
{Heap before GC invocations=6 (full 1):
 par new generation   total 109248K, used 100074K [0x00000000e0000000, 0x00000000e8000000, 0x00000000e8000000)
  eden space 87424K, 100% used [0x00000000e0000000, 0x00000000e5560000, 0x00000000e5560000)
  from space 21824K,  57% used [0x00000000e5560000, 0x00000000e61bab10, 0x00000000e6ab0000)
  to   space 21824K,   0% used [0x00000000e6ab0000, 0x00000000e6ab0000, 0x00000000e8000000)
 concurrent mark-sweep generation total 393216K, used 0K [0x00000000e8000000, 0x0000000100000000, 0x0000000100000000)
 Metaspace       used 24382K, capacity 24828K, committed 25080K, reserved 1071104K
  class space    used 2860K, capacity 3051K, committed 3092K, reserved 1048576K
2017-04-16T18:17:11.308+0200: 3,633: [GC (Allocation Failure) 2017-04-16T18:17:11.308+0200: 3,633: [ParNew
Desired survivor size 20112992 bytes, new threshold 8 (max 8)
- age   1:    3617544 bytes,    3617544 total
- age   2:    1747128 bytes,    5364672 total
- age   3:     119136 bytes,    5483808 total
- age   4:     172520 bytes,    5656328 total
- age   5:     325648 bytes,    5981976 total
- age   6:    1138840 bytes,    7120816 total
- age   7:    6260864 bytes,   13381680 total
: 100074K->18710K(109248K), 0,0138607 secs] 100074K->18710K(502464K), 0,0139504 secs] [Times: user=0,06 sys=0,00, real=0,01 secs] 
Heap after GC invocations=7 (full 1):
 par new generation   total 109248K, used 18710K [0x00000000e0000000, 0x00000000e8000000, 0x00000000e8000000)
  eden space 87424K,   0% used [0x00000000e0000000, 0x00000000e0000000, 0x00000000e5560000)
  from space 21824K,  85% used [0x00000000e6ab0000, 0x00000000e7cf5840, 0x00000000e8000000)
  to   space 21824K,   0% used [0x00000000e5560000, 0x00000000e5560000, 0x00000000e6ab0000)
 concurrent mark-sweep generation total 393216K, used 0K [0x00000000e8000000, 0x0000000100000000, 0x0000000100000000)
 Metaspace       used 24382K, capacity 24828K, committed 25080K, reserved 1071104K
  class space    used 2860K, capacity 3051K, committed 3092K, reserved 1048576K
}
2017-04-16T18:17:11.322+0200: 3,647: Total time for which application threads were stopped: 0,0144132 seconds, Stopping threads took: 0,0002603 seconds
{Heap before GC invocations=7 (full 1):
 par new generation   total 109248K, used 106134K [0x00000000e0000000, 0x00000000e8000000, 0x00000000e8000000)
  eden space 87424K, 100% used [0x00000000e0000000, 0x00000000e5560000, 0x00000000e5560000)
  from space 21824K,  85% used [0x00000000e6ab0000, 0x00000000e7cf5840, 0x00000000e8000000)
  to   space 21824K,   0% used [0x00000000e5560000, 0x00000000e5560000, 0x00000000e6ab0000)
 concurrent mark-sweep generation total 393216K, used 0K [0x00000000e8000000, 0x0000000100000000, 0x0000000100000000)
 Metaspace       used 24807K, capacity 25330K, committed 25592K, reserved 1071104K
  class space    used 2898K, capacity 3087K, committed 3092K, reserved 1048576K
2017-04-16T18:17:11.449+0200: 3,775: [GC (Allocation Failure) 2017-04-16T18:17:11.450+0200: 3,775: [ParNew
Desired survivor size 20112992 bytes, new threshold 8 (max 8)
- age   1:    1122904 bytes,    1122904 total
- age   2:    1641624 bytes,    2764528 total
- age   3:     718808 bytes,    3483336 total
- age   4:      62880 bytes,    3546216 total
- age   5:      99664 bytes,    3645880 total
- age   6:     202120 bytes,    3848000 total
- age   7:     862816 bytes,    4710816 total
- age   8:    5984520 bytes,   10695336 total
: 106134K->14478K(109248K), 0,0235993 secs] 106134K->14478K(502464K), 0,0236759 secs] [Times: user=0,08 sys=0,00, real=0,02 secs] 
Heap after GC invocations=8 (full 1):
 par new generation   total 109248K, used 14478K [0x00000000e0000000, 0x00000000e8000000, 0x00000000e8000000)
  eden space 87424K,   0% used [0x00000000e0000000, 0x00000000e0000000, 0x00000000e5560000)
  from space 21824K,  66% used [0x00000000e5560000, 0x00000000e63839c0, 0x00000000e6ab0000)
  to   space 21824K,   0% used [0x00000000e6ab0000, 0x00000000e6ab0000, 0x00000000e8000000)
 concurrent mark-sweep generation total 393216K, used 0K [0x00000000e8000000, 0x0000000100000000, 0x0000000100000000)
 Metaspace       used 24807K, capacity 25330K, committed 25592K, reserved 1071104K
  class space    used 2898K, capacity 3087K, committed 3092K, reserved 1048576K
}
2017-04-16T18:17:11.473+0200: 3,799: Total time for which application threads were stopped: 0,0239832 seconds, Stopping threads took: 0,0001065 seconds
{Heap before GC invocations=8 (full 1):
 par new generation   total 109248K, used 101902K [0x00000000e0000000, 0x00000000e8000000, 0x00000000e8000000)
  eden space 87424K, 100% used [0x00000000e0000000, 0x00000000e5560000, 0x00000000e5560000)
  from space 21824K,  66% used [0x00000000e5560000, 0x00000000e63839c0, 0x00000000e6ab0000)
  to   space 21824K,   0% used [0x00000000e6ab0000, 0x00000000e6ab0000, 0x00000000e8000000)
 concurrent mark-sweep generation total 393216K, used 0K [0x00000000e8000000, 0x0000000100000000, 0x0000000100000000)
 Metaspace       used 25341K, capacity 25824K, committed 25976K, reserved 1073152K
  class space    used 2936K, capacity 3125K, committed 3220K, reserved 1048576K
2017-04-16T18:17:11.646+0200: 3,972: [GC (Allocation Failure) 2017-04-16T18:17:11.646+0200: 3,972: [ParNew
Desired survivor size 20112992 bytes, new threshold 8 (max 8)
- age   1:    1226112 bytes,    1226112 total
- age   2:     633984 bytes,    1860096 total
- age   3:    1233248 bytes,    3093344 total
- age   4:     718688 bytes,    3812032 total
- age   5:      60464 bytes,    3872496 total
- age   6:      99568 bytes,    3972064 total
- age   7:     201624 bytes,    4173688 total
- age   8:     862048 bytes,    5035736 total
: 101902K->7158K(109248K), 0,0627875 secs] 101902K->13084K(502464K), 0,0628639 secs] [Times: user=0,12 sys=0,01, real=0,06 secs] 
Heap after GC invocations=9 (full 1):
 par new generation   total 109248K, used 7158K [0x00000000e0000000, 0x00000000e8000000, 0x00000000e8000000)
  eden space 87424K,   0% used [0x00000000e0000000, 0x00000000e0000000, 0x00000000e5560000)
  from space 21824K,  32% used [0x00000000e6ab0000, 0x00000000e71ad8d0, 0x00000000e8000000)
  to   space 21824K,   0% used [0x00000000e5560000, 0x00000000e5560000, 0x00000000e6ab0000)
 concurrent mark-sweep generation total 393216K, used 5925K [0x00000000e8000000, 0x0000000100000000, 0x0000000100000000)
 Metaspace       used 25341K, capacity 25824K, committed 25976K, reserved 1073152K
  class space    used 2936K, capacity 3125K, committed 3220K, reserved 1048576K
}
2017-04-16T18:17:11.709+0200: 4,034: Total time for which application threads were stopped: 0,0713985 seconds, Stopping threads took: 0,0083674 seconds
2017-04-16T18:17:11.724+0200: 4,049: Total time for which application threads were stopped: 0,0012156 seconds, Stopping threads took: 0,0004172 seconds
2017-04-16T18:17:11.752+0200: 4,078: Total time for which application threads were stopped: 0,0018561 seconds, Stopping threads took: 0,0017528 seconds
2017-04-16T18:17:11.762+0200: 4,087: Total time for which application threads were stopped: 0,0003424 seconds, Stopping threads took: 0,0002432 seconds
2017-04-16T18:17:11.762+0200: 4,088: Total time for which application threads were stopped: 0,0001132 seconds, Stopping threads took: 0,0000531 seconds
2017-04-16T18:17:11.766+0200: 4,092: Total time for which application threads were stopped: 0,0001273 seconds, Stopping threads took: 0,0000494 seconds
2017-04-16T18:17:11.767+0200: 4,092: Total time for which application threads were stopped: 0,0001677 seconds, Stopping threads took: 0,0000536 seconds
2017-04-16T18:17:11.774+0200: 4,100: Total time for which application threads were stopped: 0,0038700 seconds, Stopping threads took: 0,0037517 seconds
2017-04-16T18:17:11.774+0200: 4,100: Total time for which application threads were stopped: 0,0001644 seconds, Stopping threads took: 0,0001087 seconds
2017-04-16T18:17:11.789+0200: 4,115: Total time for which application threads were stopped: 0,0009366 seconds, Stopping threads took: 0,0000706 seconds
2017-04-16T18:17:11.794+0200: 4,120: Total time for which application threads were stopped: 0,0009064 seconds, Stopping threads took: 0,0007917 seconds
2017-04-16T18:17:11.810+0200: 4,136: Total time for which application threads were stopped: 0,0027213 seconds, Stopping threads took: 0,0025690 seconds
2017-04-16T18:17:11.818+0200: 4,144: Total time for which application threads were stopped: 0,0001612 seconds, Stopping threads took: 0,0000477 seconds
2017-04-16T18:17:11.825+0200: 4,150: Total time for which application threads were stopped: 0,0001596 seconds, Stopping threads took: 0,0000438 seconds
2017-04-16T18:17:11.826+0200: 4,151: Total time for which application threads were stopped: 0,0001596 seconds, Stopping threads took: 0,0000311 seconds
2017-04-16T18:17:11.827+0200: 4,153: Total time for which application threads were stopped: 0,0001375 seconds, Stopping threads took: 0,0000350 seconds
2017-04-16T18:17:11.828+0200: 4,153: Total time for which application threads were stopped: 0,0001421 seconds, Stopping threads took: 0,0000751 seconds
2017-04-16T18:17:11.828+0200: 4,154: Total time for which application threads were stopped: 0,0000886 seconds, Stopping threads took: 0,0000245 seconds
2017-04-16T18:17:11.828+0200: 4,154: Total time for which application threads were stopped: 0,0000851 seconds, Stopping threads took: 0,0000198 seconds
2017-04-16T18:17:11.829+0200: 4,155: Total time for which application threads were stopped: 0,0001178 seconds, Stopping threads took: 0,0000355 seconds
2017-04-16T18:17:11.842+0200: 4,167: Total time for which application threads were stopped: 0,0028566 seconds, Stopping threads took: 0,0027869 seconds
2017-04-16T18:17:11.897+0200: 4,222: Total time for which application threads were stopped: 0,0001262 seconds, Stopping threads took: 0,0000383 seconds
2017-04-16T18:17:11.898+0200: 4,224: Total time for which application threads were stopped: 0,0004084 seconds, Stopping threads took: 0,0003357 seconds
2017-04-16T18:17:11.900+0200: 4,225: Total time for which application threads were stopped: 0,0000833 seconds, Stopping threads took: 0,0000213 seconds
2017-04-16T18:17:11.900+0200: 4,226: Total time for which application threads were stopped: 0,0000977 seconds, Stopping threads took: 0,0000214 seconds
2017-04-16T18:17:11.902+0200: 4,227: Total time for which application threads were stopped: 0,0001087 seconds, Stopping threads took: 0,0000217 seconds
2017-04-16T18:17:11.906+0200: 4,232: Total time for which application threads were stopped: 0,0002055 seconds, Stopping threads took: 0,0001067 seconds
2017-04-16T18:17:11.907+0200: 4,233: Total time for which application threads were stopped: 0,0003133 seconds, Stopping threads took: 0,0000909 seconds
2017-04-16T18:17:11.908+0200: 4,233: Total time for which application threads were stopped: 0,0000953 seconds, Stopping threads took: 0,0000316 seconds
2017-04-16T18:17:11.909+0200: 4,234: Total time for which application threads were stopped: 0,0001196 seconds, Stopping threads took: 0,0000245 seconds
2017-04-16T18:17:11.912+0200: 4,237: Total time for which application threads were stopped: 0,0002316 seconds, Stopping threads took: 0,0000837 seconds
2017-04-16T18:17:11.916+0200: 4,242: Total time for which application threads were stopped: 0,0002863 seconds, Stopping threads took: 0,0001815 seconds
2017-04-16T18:17:11.919+0200: 4,244: Total time for which application threads were stopped: 0,0004221 seconds, Stopping threads took: 0,0000229 seconds
2017-04-16T18:17:11.921+0200: 4,247: Total time for which application threads were stopped: 0,0001780 seconds, Stopping threads took: 0,0000559 seconds
2017-04-16T18:17:11.924+0200: 4,250: Total time for which application threads were stopped: 0,0001535 seconds, Stopping threads took: 0,0000392 seconds
2017-04-16T18:17:11.935+0200: 4,261: Total time for which application threads were stopped: 0,0012008 seconds, Stopping threads took: 0,0010569 seconds
2017-04-16T18:17:11.941+0200: 4,267: Total time for which application threads were stopped: 0,0004716 seconds, Stopping threads took: 0,0000243 seconds
2017-04-16T18:17:11.966+0200: 4,291: Total time for which application threads were stopped: 0,0002471 seconds, Stopping threads took: 0,0001193 seconds
2017-04-16T18:17:11.967+0200: 4,293: Total time for which application threads were stopped: 0,0003754 seconds, Stopping threads took: 0,0002639 seconds
2017-04-16T18:17:11.968+0200: 4,294: Total time for which application threads were stopped: 0,0001392 seconds, Stopping threads took: 0,0000435 seconds
2017-04-16T18:17:12.060+0200: 4,386: Total time for which application threads were stopped: 0,0001672 seconds, Stopping threads took: 0,0000545 seconds
2017-04-16T18:17:12.064+0200: 4,390: Total time for which application threads were stopped: 0,0001501 seconds, Stopping threads took: 0,0000306 seconds
2017-04-16T18:17:12.078+0200: 4,403: Total time for which application threads were stopped: 0,0051247 seconds, Stopping threads took: 0,0046738 seconds
2017-04-16T18:17:12.086+0200: 4,411: Total time for which application threads were stopped: 0,0001339 seconds, Stopping threads took: 0,0000496 seconds
2017-04-16T18:17:12.095+0200: 4,421: Total time for which application threads were stopped: 0,0001407 seconds, Stopping threads took: 0,0000497 seconds
2017-04-16T18:17:12.095+0200: 4,421: Total time for which application threads were stopped: 0,0000818 seconds, Stopping threads took: 0,0000197 seconds
2017-04-16T18:17:12.102+0200: 4,428: Total time for which application threads were stopped: 0,0016484 seconds, Stopping threads took: 0,0015372 seconds
2017-04-16T18:17:12.102+0200: 4,428: Total time for which application threads were stopped: 0,0000882 seconds, Stopping threads took: 0,0000226 seconds
2017-04-16T18:17:12.118+0200: 4,443: Total time for which application threads were stopped: 0,0119454 seconds, Stopping threads took: 0,0118234 seconds
2017-04-16T18:17:12.170+0200: 4,496: Total time for which application threads were stopped: 0,0001766 seconds, Stopping threads took: 0,0000469 seconds
2017-04-16T18:17:12.183+0200: 4,508: Total time for which application threads were stopped: 0,0080675 seconds, Stopping threads took: 0,0079406 seconds
2017-04-16T18:17:12.187+0200: 4,512: Total time for which application threads were stopped: 0,0038497 seconds, Stopping threads took: 0,0037116 seconds
2017-04-16T18:17:12.188+0200: 4,514: Total time for which application threads were stopped: 0,0001597 seconds, Stopping threads took: 0,0000278 seconds
2017-04-16T18:17:12.188+0200: 4,514: Total time for which application threads were stopped: 0,0000707 seconds, Stopping threads took: 0,0000102 seconds
2017-04-16T18:17:12.188+0200: 4,514: Total time for which application threads were stopped: 0,0002675 seconds, Stopping threads took: 0,0000051 seconds
2017-04-16T18:17:12.203+0200: 4,529: Total time for which application threads were stopped: 0,0001469 seconds, Stopping threads took: 0,0000630 seconds
2017-04-16T18:17:12.211+0200: 4,537: Total time for which application threads were stopped: 0,0001784 seconds, Stopping threads took: 0,0000346 seconds
2017-04-16T18:17:12.217+0200: 4,543: Total time for which application threads were stopped: 0,0001449 seconds, Stopping threads took: 0,0000463 seconds
2017-04-16T18:17:12.246+0200: 4,572: Total time for which application threads were stopped: 0,0024563 seconds, Stopping threads took: 0,0023103 seconds
2017-04-16T18:17:12.273+0200: 4,598: Total time for which application threads were stopped: 0,0001704 seconds, Stopping threads took: 0,0000669 seconds
2017-04-16T18:17:12.301+0200: 4,627: Total time for which application threads were stopped: 0,0001400 seconds, Stopping threads took: 0,0000524 seconds
2017-04-16T18:17:12.311+0200: 4,636: Total time for which application threads were stopped: 0,0005799 seconds, Stopping threads took: 0,0000268 seconds
2017-04-16T18:17:12.343+0200: 4,668: Total time for which application threads were stopped: 0,0001207 seconds, Stopping threads took: 0,0000374 seconds
2017-04-16T18:17:12.343+0200: 4,668: Total time for which application threads were stopped: 0,0000549 seconds, Stopping threads took: 0,0000248 seconds
2017-04-16T18:17:14.343+0200: 6,669: Total time for which application threads were stopped: 0,0000927 seconds, Stopping threads took: 0,0000256 seconds
2017-04-16T18:17:29.345+0200: 21,671: Total time for which application threads were stopped: 0,0004348 seconds, Stopping threads took: 0,0001059 seconds
2017-04-16T18:17:39.346+0200: 31,672: Total time for which application threads were stopped: 0,0000636 seconds, Stopping threads took: 0,0000171 seconds
2017-04-16T18:18:30.351+0200: 82,676: Total time for which application threads were stopped: 0,0004740 seconds, Stopping threads took: 0,0001341 seconds
2017-04-16T18:19:05.355+0200: 117,680: Total time for which application threads were stopped: 0,0000765 seconds, Stopping threads took: 0,0000310 seconds
2017-04-16T18:19:10.355+0200: 122,681: Total time for which application threads were stopped: 0,0000737 seconds, Stopping threads took: 0,0000190 seconds
2017-04-16T18:21:45.370+0200: 277,696: Total time for which application threads were stopped: 0,0000913 seconds, Stopping threads took: 0,0000346 seconds
2017-04-16T18:40:39.485+0200: 1411,811: Total time for which application threads were stopped: 0,0000803 seconds, Stopping threads took: 0,0000310 seconds
2017-04-16T18:45:09.514+0200: 1681,839: Total time for which application threads were stopped: 0,0000965 seconds, Stopping threads took: 0,0000457 seconds
2017-04-16T18:56:24.576+0200: 2356,902: Total time for which application threads were stopped: 0,0000781 seconds, Stopping threads took: 0,0000292 seconds
2017-04-16T18:56:25.576+0200: 2357,902: Total time for which application threads were stopped: 0,0000721 seconds, Stopping threads took: 0,0000176 seconds
2017-04-16T18:56:29.577+0200: 2361,902: Total time for which application threads were stopped: 0,0000722 seconds, Stopping threads took: 0,0000166 seconds
2017-04-16T18:58:05.132+0200: 2457,458: Total time for which application threads were stopped: 0,0017329 seconds, Stopping threads took: 0,0015460 seconds
2017-04-16T18:58:05.154+0200: 2457,480: Total time for which application threads were stopped: 0,0001445 seconds, Stopping threads took: 0,0000447 seconds
2017-04-16T18:58:05.155+0200: 2457,481: Total time for which application threads were stopped: 0,0001186 seconds, Stopping threads took: 0,0000388 seconds
2017-04-16T18:58:05.157+0200: 2457,483: Total time for which application threads were stopped: 0,0000998 seconds, Stopping threads took: 0,0000207 seconds
2017-04-16T18:58:05.184+0200: 2457,509: Total time for which application threads were stopped: 0,0064156 seconds, Stopping threads took: 0,0063247 seconds
2017-04-16T18:58:05.186+0200: 2457,511: Total time for which application threads were stopped: 0,0001456 seconds, Stopping threads took: 0,0000449 seconds
2017-04-16T18:58:05.193+0200: 2457,518: Total time for which application threads were stopped: 0,0000895 seconds, Stopping threads took: 0,0000207 seconds
2017-04-16T18:58:05.194+0200: 2457,519: Total time for which application threads were stopped: 0,0002003 seconds, Stopping threads took: 0,0000202 seconds
2017-04-16T18:58:05.197+0200: 2457,523: Total time for which application threads were stopped: 0,0000940 seconds, Stopping threads took: 0,0000200 seconds
2017-04-16T18:58:05.198+0200: 2457,523: Total time for which application threads were stopped: 0,0000755 seconds, Stopping threads took: 0,0000137 seconds
2017-04-16T18:58:05.198+0200: 2457,524: Total time for which application threads were stopped: 0,0000614 seconds, Stopping threads took: 0,0000099 seconds
2017-04-16T18:58:05.199+0200: 2457,524: Total time for which application threads were stopped: 0,0000567 seconds, Stopping threads took: 0,0000073 seconds
2017-04-16T18:58:05.200+0200: 2457,525: Total time for which application threads were stopped: 0,0000862 seconds, Stopping threads took: 0,0000188 seconds
2017-04-16T18:58:05.200+0200: 2457,526: Total time for which application threads were stopped: 0,0000685 seconds, Stopping threads took: 0,0000134 seconds
2017-04-16T18:58:05.201+0200: 2457,527: Total time for which application threads were stopped: 0,0000620 seconds, Stopping threads took: 0,0000122 seconds
2017-04-16T18:58:05.202+0200: 2457,528: Total time for which application threads were stopped: 0,0000657 seconds, Stopping threads took: 0,0000165 seconds
2017-04-16T18:58:05.202+0200: 2457,528: Total time for which application threads were stopped: 0,0000449 seconds, Stopping threads took: 0,0000122 seconds
2017-04-16T18:58:05.203+0200: 2457,528: Total time for which application threads were stopped: 0,0000620 seconds, Stopping threads took: 0,0000202 seconds
2017-04-16T18:58:05.203+0200: 2457,528: Total time for which application threads were stopped: 0,0000436 seconds, Stopping threads took: 0,0000178 seconds
2017-04-16T18:58:05.203+0200: 2457,528: Total time for which application threads were stopped: 0,0000271 seconds, Stopping threads took: 0,0000063 seconds
2017-04-16T18:58:05.203+0200: 2457,528: Total time for which application threads were stopped: 0,0000388 seconds, Stopping threads took: 0,0000169 seconds
2017-04-16T18:58:05.203+0200: 2457,528: Total time for which application threads were stopped: 0,0000318 seconds, Stopping threads took: 0,0000106 seconds
2017-04-16T18:58:05.206+0200: 2457,532: Total time for which application threads were stopped: 0,0000736 seconds, Stopping threads took: 0,0000197 seconds
2017-04-16T18:58:05.208+0200: 2457,533: Total time for which application threads were stopped: 0,0000941 seconds, Stopping threads took: 0,0000405 seconds
2017-04-16T18:58:05.208+0200: 2457,533: Total time for which application threads were stopped: 0,0000617 seconds, Stopping threads took: 0,0000225 seconds
2017-04-16T18:58:05.208+0200: 2457,534: Total time for which application threads were stopped: 0,0000593 seconds, Stopping threads took: 0,0000221 seconds
2017-04-16T18:58:05.208+0200: 2457,534: Total time for which application threads were stopped: 0,0000553 seconds, Stopping threads took: 0,0000248 seconds
2017-04-16T18:58:05.208+0200: 2457,534: Total time for which application threads were stopped: 0,0000467 seconds, Stopping threads took: 0,0000158 seconds
2017-04-16T18:58:05.209+0200: 2457,535: Total time for which application threads were stopped: 0,0000738 seconds, Stopping threads took: 0,0000269 seconds
2017-04-16T18:58:05.210+0200: 2457,536: Total time for which application threads were stopped: 0,0001507 seconds, Stopping threads took: 0,0000346 seconds
2017-04-16T18:58:05.210+0200: 2457,536: Total time for which application threads were stopped: 0,0001440 seconds, Stopping threads took: 0,0000221 seconds
2017-04-16T18:58:05.211+0200: 2457,536: Total time for which application threads were stopped: 0,0000874 seconds, Stopping threads took: 0,0000252 seconds
2017-04-16T18:58:05.211+0200: 2457,536: Total time for which application threads were stopped: 0,0000609 seconds, Stopping threads took: 0,0000151 seconds
2017-04-16T18:58:05.211+0200: 2457,537: Total time for which application threads were stopped: 0,0000574 seconds, Stopping threads took: 0,0000145 seconds
2017-04-16T18:58:05.211+0200: 2457,537: Total time for which application threads were stopped: 0,0000588 seconds, Stopping threads took: 0,0000154 seconds
2017-04-16T18:58:05.213+0200: 2457,539: Total time for which application threads were stopped: 0,0001536 seconds, Stopping threads took: 0,0000445 seconds
2017-04-16T18:58:05.236+0200: 2457,562: Total time for which application threads were stopped: 0,0001155 seconds, Stopping threads took: 0,0000361 seconds
2017-04-16T18:58:05.237+0200: 2457,562: Total time for which application threads were stopped: 0,0000728 seconds, Stopping threads took: 0,0000193 seconds
2017-04-16T18:58:05.240+0200: 2457,565: Total time for which application threads were stopped: 0,0000935 seconds, Stopping threads took: 0,0000208 seconds
2017-04-16T18:58:05.245+0200: 2457,571: Total time for which application threads were stopped: 0,0044033 seconds, Stopping threads took: 0,0043361 seconds
2017-04-16T18:58:05.246+0200: 2457,572: Total time for which application threads were stopped: 0,0001001 seconds, Stopping threads took: 0,0000321 seconds
2017-04-16T18:58:05.246+0200: 2457,572: Total time for which application threads were stopped: 0,0000613 seconds, Stopping threads took: 0,0000182 seconds
2017-04-16T18:58:05.246+0200: 2457,572: Total time for which application threads were stopped: 0,0000537 seconds, Stopping threads took: 0,0000198 seconds
2017-04-16T18:58:05.247+0200: 2457,572: Total time for which application threads were stopped: 0,0003245 seconds, Stopping threads took: 0,0002675 seconds
2017-04-16T18:58:05.251+0200: 2457,577: Total time for which application threads were stopped: 0,0007588 seconds, Stopping threads took: 0,0006856 seconds
2017-04-16T18:58:05.251+0200: 2457,577: Total time for which application threads were stopped: 0,0000621 seconds, Stopping threads took: 0,0000230 seconds
2017-04-16T18:58:05.251+0200: 2457,577: Total time for which application threads were stopped: 0,0000538 seconds, Stopping threads took: 0,0000216 seconds
2017-04-16T18:58:05.251+0200: 2457,577: Total time for which application threads were stopped: 0,0000490 seconds, Stopping threads took: 0,0000173 seconds
2017-04-16T18:58:05.252+0200: 2457,577: Total time for which application threads were stopped: 0,0000794 seconds, Stopping threads took: 0,0000332 seconds
2017-04-16T18:58:05.252+0200: 2457,577: Total time for which application threads were stopped: 0,0000475 seconds, Stopping threads took: 0,0000159 seconds
2017-04-16T18:58:05.252+0200: 2457,577: Total time for which application threads were stopped: 0,0000532 seconds, Stopping threads took: 0,0000182 seconds
2017-04-16T18:58:05.252+0200: 2457,577: Total time for which application threads were stopped: 0,0000433 seconds, Stopping threads took: 0,0000108 seconds
2017-04-16T18:58:05.252+0200: 2457,578: Total time for which application threads were stopped: 0,0000429 seconds, Stopping threads took: 0,0000105 seconds
2017-04-16T18:58:05.252+0200: 2457,578: Total time for which application threads were stopped: 0,0000479 seconds, Stopping threads took: 0,0000175 seconds
2017-04-16T18:58:05.252+0200: 2457,578: Total time for which application threads were stopped: 0,0000467 seconds, Stopping threads took: 0,0000154 seconds
2017-04-16T18:58:05.252+0200: 2457,578: Total time for which application threads were stopped: 0,0000579 seconds, Stopping threads took: 0,0000254 seconds
2017-04-16T18:58:05.252+0200: 2457,578: Total time for which application threads were stopped: 0,0000516 seconds, Stopping threads took: 0,0000187 seconds
2017-04-16T18:58:05.253+0200: 2457,578: Total time for which application threads were stopped: 0,0001497 seconds, Stopping threads took: 0,0001013 seconds
2017-04-16T18:58:05.253+0200: 2457,578: Total time for which application threads were stopped: 0,0000659 seconds, Stopping threads took: 0,0000255 seconds
2017-04-16T18:58:05.254+0200: 2457,579: Total time for which application threads were stopped: 0,0002116 seconds, Stopping threads took: 0,0000268 seconds
2017-04-16T18:58:05.254+0200: 2457,580: Total time for which application threads were stopped: 0,0000932 seconds, Stopping threads took: 0,0000354 seconds
2017-04-16T18:58:05.255+0200: 2457,580: Total time for which application threads were stopped: 0,0000684 seconds, Stopping threads took: 0,0000257 seconds
2017-04-16T18:58:05.255+0200: 2457,580: Total time for which application threads were stopped: 0,0000636 seconds, Stopping threads took: 0,0000227 seconds
2017-04-16T18:58:05.255+0200: 2457,581: Total time for which application threads were stopped: 0,0000611 seconds, Stopping threads took: 0,0000215 seconds
2017-04-16T18:58:05.255+0200: 2457,581: Total time for which application threads were stopped: 0,0000570 seconds, Stopping threads took: 0,0000199 seconds
2017-04-16T18:58:05.255+0200: 2457,581: Total time for which application threads were stopped: 0,0000562 seconds, Stopping threads took: 0,0000179 seconds
2017-04-16T18:58:05.255+0200: 2457,581: Total time for which application threads were stopped: 0,0000550 seconds, Stopping threads took: 0,0000172 seconds
2017-04-16T18:58:05.256+0200: 2457,581: Total time for which application threads were stopped: 0,0002984 seconds, Stopping threads took: 0,0002446 seconds
2017-04-16T18:58:05.256+0200: 2457,582: Total time for which application threads were stopped: 0,0001022 seconds, Stopping threads took: 0,0000317 seconds
2017-04-16T18:58:05.257+0200: 2457,582: Total time for which application threads were stopped: 0,0000755 seconds, Stopping threads took: 0,0000307 seconds
2017-04-16T18:58:05.257+0200: 2457,582: Total time for which application threads were stopped: 0,0000747 seconds, Stopping threads took: 0,0000294 seconds
2017-04-16T18:58:05.257+0200: 2457,582: Total time for which application threads were stopped: 0,0000569 seconds, Stopping threads took: 0,0000204 seconds
2017-04-16T18:58:05.257+0200: 2457,583: Total time for which application threads were stopped: 0,0001630 seconds, Stopping threads took: 0,0000131 seconds
2017-04-16T18:58:05.258+0200: 2457,584: Total time for which application threads were stopped: 0,0001467 seconds, Stopping threads took: 0,0000489 seconds
2017-04-16T18:58:05.270+0200: 2457,596: Total time for which application threads were stopped: 0,0001441 seconds, Stopping threads took: 0,0000204 seconds
Heap
 par new generation   total 109248K, used 71684K [0x00000000e0000000, 0x00000000e8000000, 0x00000000e8000000)
  eden space 87424K,  73% used [0x00000000e0000000, 0x00000000e3f03a58, 0x00000000e5560000)
  from space 21824K,  32% used [0x00000000e6ab0000, 0x00000000e71ad8d0, 0x00000000e8000000)
  to   space 21824K,   0% used [0x00000000e5560000, 0x00000000e5560000, 0x00000000e6ab0000)
 concurrent mark-sweep generation total 393216K, used 5925K [0x00000000e8000000, 0x0000000100000000, 0x0000000100000000)
 Metaspace       used 28122K, capacity 28676K, committed 29048K, reserved 1075200K
  class space    used 3230K, capacity 3429K, committed 3476K, reserved 1048576K
