OpenJDK 64-Bit Server VM (25.121-b13) for linux-amd64 JRE (1.8.0_121-8u121-b13-0ubuntu1.16.04.2-b13), built on Jan 23 2017 15:51:29 by "buildd" with gcc 5.4.0 20160609
Memory: 4k page, physical 7867764k(7421300k free), swap 8076284k(8076284k free)
CommandLine flags: -XX:CMSInitiatingOccupancyFraction=50 -XX:CMSMaxAbortablePrecleanTime=6000 -XX:+CMSParallelRemarkEnabled -XX:+CMSScavengeBeforeRemark -XX:ConcGCThreads=4 -XX:InitialHeapSize=536870912 -XX:MaxHeapSize=536870912 -XX:MaxTenuringThreshold=8 -XX:NewRatio=3 -XX:OldPLABSize=16 -XX:OnOutOfMemoryError=/opt/solr/bin/oom_solr.sh 8983 /var/solr/logs -XX:ParallelGCThreads=4 -XX:+ParallelRefProcEnabled -XX:PretenureSizeThreshold=67108864 -XX:+PrintGC -XX:+PrintGCApplicationStoppedTime -XX:+PrintGCDateStamps -XX:+PrintGCDetails -XX:+PrintGCTimeStamps -XX:+PrintHeapAtGC -XX:+PrintTenuringDistribution -XX:SurvivorRatio=4 -XX:TargetSurvivorRatio=90 -XX:ThreadStackSize=256 -XX:+UseCMSInitiatingOccupancyOnly -XX:+UseCompressedClassPointers -XX:+UseCompressedOops -XX:+UseConcMarkSweepGC -XX:+UseParNewGC 
2017-04-21T08:08:30.693+0200: 0,159: Total time for which application threads were stopped: 0,0000732 seconds, Stopping threads took: 0,0000105 seconds
2017-04-21T08:08:30.792+0200: 0,259: Total time for which application threads were stopped: 0,0001279 seconds, Stopping threads took: 0,0000228 seconds
2017-04-21T08:08:30.818+0200: 0,285: Total time for which application threads were stopped: 0,0001068 seconds, Stopping threads took: 0,0000106 seconds
2017-04-21T08:08:31.191+0200: 0,658: Total time for which application threads were stopped: 0,0001735 seconds, Stopping threads took: 0,0000403 seconds
2017-04-21T08:08:31.641+0200: 1,108: Total time for which application threads were stopped: 0,0001091 seconds, Stopping threads took: 0,0000086 seconds
2017-04-21T08:08:31.703+0200: 1,169: Total time for which application threads were stopped: 0,0001680 seconds, Stopping threads took: 0,0000250 seconds
2017-04-21T08:08:31.725+0200: 1,191: Total time for which application threads were stopped: 0,0002889 seconds, Stopping threads took: 0,0001360 seconds
2017-04-21T08:08:32.010+0200: 1,477: Total time for which application threads were stopped: 0,0001669 seconds, Stopping threads took: 0,0000232 seconds
2017-04-21T08:08:32.260+0200: 1,727: Total time for which application threads were stopped: 0,0002014 seconds, Stopping threads took: 0,0000158 seconds
2017-04-21T08:08:32.284+0200: 1,751: Total time for which application threads were stopped: 0,0002897 seconds, Stopping threads took: 0,0000225 seconds
2017-04-21T08:08:32.318+0200: 1,785: Total time for which application threads were stopped: 0,0002216 seconds, Stopping threads took: 0,0000214 seconds
2017-04-21T08:08:32.319+0200: 1,786: Total time for which application threads were stopped: 0,0002798 seconds, Stopping threads took: 0,0000112 seconds
2017-04-21T08:08:32.333+0200: 1,800: Total time for which application threads were stopped: 0,0001847 seconds, Stopping threads took: 0,0000213 seconds
2017-04-21T08:08:32.401+0200: 1,868: Total time for which application threads were stopped: 0,0002411 seconds, Stopping threads took: 0,0000221 seconds
2017-04-21T08:08:32.561+0200: 2,027: Total time for which application threads were stopped: 0,0002674 seconds, Stopping threads took: 0,0000414 seconds
{Heap before GC invocations=0 (full 0):
 par new generation   total 109248K, used 87424K [0x00000000e0000000, 0x00000000e8000000, 0x00000000e8000000)
  eden space 87424K, 100% used [0x00000000e0000000, 0x00000000e5560000, 0x00000000e5560000)
  from space 21824K,   0% used [0x00000000e5560000, 0x00000000e5560000, 0x00000000e6ab0000)
  to   space 21824K,   0% used [0x00000000e6ab0000, 0x00000000e6ab0000, 0x00000000e8000000)
 concurrent mark-sweep generation total 393216K, used 0K [0x00000000e8000000, 0x0000000100000000, 0x0000000100000000)
 Metaspace       used 17784K, capacity 18112K, committed 18304K, reserved 1064960K
  class space    used 2022K, capacity 2164K, committed 2176K, reserved 1048576K
2017-04-21T08:08:32.589+0200: 2,056: [GC (Allocation Failure) 2017-04-21T08:08:32.589+0200: 2,056: [ParNew
Desired survivor size 20112992 bytes, new threshold 8 (max 8)
- age   1:   11552840 bytes,   11552840 total
: 87424K->11389K(109248K), 0,0154568 secs] 87424K->11389K(502464K), 0,0155435 secs] [Times: user=0,03 sys=0,03, real=0,02 secs] 
Heap after GC invocations=1 (full 0):
 par new generation   total 109248K, used 11389K [0x00000000e0000000, 0x00000000e8000000, 0x00000000e8000000)
  eden space 87424K,   0% used [0x00000000e0000000, 0x00000000e0000000, 0x00000000e5560000)
  from space 21824K,  52% used [0x00000000e6ab0000, 0x00000000e75cf520, 0x00000000e8000000)
  to   space 21824K,   0% used [0x00000000e5560000, 0x00000000e5560000, 0x00000000e6ab0000)
 concurrent mark-sweep generation total 393216K, used 0K [0x00000000e8000000, 0x0000000100000000, 0x0000000100000000)
 Metaspace       used 17784K, capacity 18112K, committed 18304K, reserved 1064960K
  class space    used 2022K, capacity 2164K, committed 2176K, reserved 1048576K
}
2017-04-21T08:08:32.604+0200: 2,071: Total time for which application threads were stopped: 0,0157707 seconds, Stopping threads took: 0,0000791 seconds
2017-04-21T08:08:32.978+0200: 2,444: Total time for which application threads were stopped: 0,0003328 seconds, Stopping threads took: 0,0000415 seconds
{Heap before GC invocations=1 (full 0):
 par new generation   total 109248K, used 98813K [0x00000000e0000000, 0x00000000e8000000, 0x00000000e8000000)
  eden space 87424K, 100% used [0x00000000e0000000, 0x00000000e5560000, 0x00000000e5560000)
  from space 21824K,  52% used [0x00000000e6ab0000, 0x00000000e75cf520, 0x00000000e8000000)
  to   space 21824K,   0% used [0x00000000e5560000, 0x00000000e5560000, 0x00000000e6ab0000)
 concurrent mark-sweep generation total 393216K, used 0K [0x00000000e8000000, 0x0000000100000000, 0x0000000100000000)
 Metaspace       used 20012K, capacity 20356K, committed 20736K, reserved 1067008K
  class space    used 2293K, capacity 2468K, committed 2560K, reserved 1048576K
2017-04-21T08:08:33.013+0200: 2,480: [GC (Allocation Failure) 2017-04-21T08:08:33.013+0200: 2,480: [ParNew
Desired survivor size 20112992 bytes, new threshold 8 (max 8)
- age   1:    4428528 bytes,    4428528 total
- age   2:    6088320 bytes,   10516848 total
: 98813K->12902K(109248K), 0,0120507 secs] 98813K->12902K(502464K), 0,0121193 secs] [Times: user=0,03 sys=0,00, real=0,02 secs] 
Heap after GC invocations=2 (full 0):
 par new generation   total 109248K, used 12902K [0x00000000e0000000, 0x00000000e8000000, 0x00000000e8000000)
  eden space 87424K,   0% used [0x00000000e0000000, 0x00000000e0000000, 0x00000000e5560000)
  from space 21824K,  59% used [0x00000000e5560000, 0x00000000e61f99e8, 0x00000000e6ab0000)
  to   space 21824K,   0% used [0x00000000e6ab0000, 0x00000000e6ab0000, 0x00000000e8000000)
 concurrent mark-sweep generation total 393216K, used 0K [0x00000000e8000000, 0x0000000100000000, 0x0000000100000000)
 Metaspace       used 20012K, capacity 20356K, committed 20736K, reserved 1067008K
  class space    used 2293K, capacity 2468K, committed 2560K, reserved 1048576K
}
2017-04-21T08:08:33.025+0200: 2,492: Total time for which application threads were stopped: 0,0150823 seconds, Stopping threads took: 0,0028182 seconds
2017-04-21T08:08:33.030+0200: 2,497: Total time for which application threads were stopped: 0,0008004 seconds, Stopping threads took: 0,0005541 seconds
2017-04-21T08:08:33.061+0200: 2,528: Total time for which application threads were stopped: 0,0004334 seconds, Stopping threads took: 0,0000612 seconds
2017-04-21T08:08:33.203+0200: 2,669: Total time for which application threads were stopped: 0,0001832 seconds, Stopping threads took: 0,0000538 seconds
{Heap before GC invocations=2 (full 0):
 par new generation   total 109248K, used 100326K [0x00000000e0000000, 0x00000000e8000000, 0x00000000e8000000)
  eden space 87424K, 100% used [0x00000000e0000000, 0x00000000e5560000, 0x00000000e5560000)
  from space 21824K,  59% used [0x00000000e5560000, 0x00000000e61f99e8, 0x00000000e6ab0000)
  to   space 21824K,   0% used [0x00000000e6ab0000, 0x00000000e6ab0000, 0x00000000e8000000)
 concurrent mark-sweep generation total 393216K, used 0K [0x00000000e8000000, 0x0000000100000000, 0x0000000100000000)
 Metaspace       used 20945K, capacity 21278K, committed 21628K, reserved 1069056K
  class space    used 2415K, capacity 2587K, committed 2684K, reserved 1048576K
2017-04-21T08:08:33.224+0200: 2,691: [GC (Allocation Failure) 2017-04-21T08:08:33.224+0200: 2,691: [ParNew
Desired survivor size 20112992 bytes, new threshold 8 (max 8)
- age   1:    2041328 bytes,    2041328 total
- age   2:    1389152 bytes,    3430480 total
- age   3:    6086392 bytes,    9516872 total
: 100326K->11932K(109248K), 0,0097299 secs] 100326K->11932K(502464K), 0,0098290 secs] [Times: user=0,04 sys=0,00, real=0,00 secs] 
Heap after GC invocations=3 (full 0):
 par new generation   total 109248K, used 11932K [0x00000000e0000000, 0x00000000e8000000, 0x00000000e8000000)
  eden space 87424K,   0% used [0x00000000e0000000, 0x00000000e0000000, 0x00000000e5560000)
  from space 21824K,  54% used [0x00000000e6ab0000, 0x00000000e76571b0, 0x00000000e8000000)
  to   space 21824K,   0% used [0x00000000e5560000, 0x00000000e5560000, 0x00000000e6ab0000)
 concurrent mark-sweep generation total 393216K, used 0K [0x00000000e8000000, 0x0000000100000000, 0x0000000100000000)
 Metaspace       used 20945K, capacity 21278K, committed 21628K, reserved 1069056K
  class space    used 2415K, capacity 2587K, committed 2684K, reserved 1048576K
}
2017-04-21T08:08:33.234+0200: 2,701: Total time for which application threads were stopped: 0,0100707 seconds, Stopping threads took: 0,0000647 seconds
2017-04-21T08:08:33.237+0200: 2,704: [GC (CMS Initial Mark) [1 CMS-initial-mark: 0K(393216K)] 17034K(502464K), 0,0040386 secs] [Times: user=0,02 sys=0,00, real=0,00 secs] 
2017-04-21T08:08:33.241+0200: 2,708: Total time for which application threads were stopped: 0,0042013 seconds, Stopping threads took: 0,0000470 seconds
2017-04-21T08:08:33.241+0200: 2,708: [CMS-concurrent-mark-start]
2017-04-21T08:08:33.242+0200: 2,708: [CMS-concurrent-mark: 0,000/0,000 secs] [Times: user=0,00 sys=0,00, real=0,00 secs] 
2017-04-21T08:08:33.242+0200: 2,709: [CMS-concurrent-preclean-start]
2017-04-21T08:08:33.243+0200: 2,710: [CMS-concurrent-preclean: 0,001/0,001 secs] [Times: user=0,00 sys=0,00, real=0,01 secs] 
2017-04-21T08:08:33.243+0200: 2,710: [CMS-concurrent-abortable-preclean-start]
2017-04-21T08:08:33.312+0200: 2,779: Total time for which application threads were stopped: 0,0008028 seconds, Stopping threads took: 0,0007144 seconds
{Heap before GC invocations=3 (full 1):
 par new generation   total 109248K, used 99356K [0x00000000e0000000, 0x00000000e8000000, 0x00000000e8000000)
  eden space 87424K, 100% used [0x00000000e0000000, 0x00000000e5560000, 0x00000000e5560000)
  from space 21824K,  54% used [0x00000000e6ab0000, 0x00000000e76571b0, 0x00000000e8000000)
  to   space 21824K,   0% used [0x00000000e5560000, 0x00000000e5560000, 0x00000000e6ab0000)
 concurrent mark-sweep generation total 393216K, used 0K [0x00000000e8000000, 0x0000000100000000, 0x0000000100000000)
 Metaspace       used 21229K, capacity 21554K, committed 21884K, reserved 1069056K
  class space    used 2445K, capacity 2602K, committed 2684K, reserved 1048576K
2017-04-21T08:08:33.357+0200: 2,824: [GC (Allocation Failure) 2017-04-21T08:08:33.357+0200: 2,824: [ParNew
Desired survivor size 20112992 bytes, new threshold 8 (max 8)
- age   1:     724856 bytes,     724856 total
- age   2:    1487408 bytes,    2212264 total
- age   3:    1366008 bytes,    3578272 total
- age   4:    6086568 bytes,    9664840 total
: 99356K->14035K(109248K), 0,0088088 secs] 99356K->14035K(502464K), 0,0088715 secs] [Times: user=0,03 sys=0,00, real=0,01 secs] 
Heap after GC invocations=4 (full 1):
 par new generation   total 109248K, used 14035K [0x00000000e0000000, 0x00000000e8000000, 0x00000000e8000000)
  eden space 87424K,   0% used [0x00000000e0000000, 0x00000000e0000000, 0x00000000e5560000)
  from space 21824K,  64% used [0x00000000e5560000, 0x00000000e6314d10, 0x00000000e6ab0000)
  to   space 21824K,   0% used [0x00000000e6ab0000, 0x00000000e6ab0000, 0x00000000e8000000)
 concurrent mark-sweep generation total 393216K, used 0K [0x00000000e8000000, 0x0000000100000000, 0x0000000100000000)
 Metaspace       used 21229K, capacity 21554K, committed 21884K, reserved 1069056K
  class space    used 2445K, capacity 2602K, committed 2684K, reserved 1048576K
}
2017-04-21T08:08:33.366+0200: 2,833: Total time for which application threads were stopped: 0,0090815 seconds, Stopping threads took: 0,0000811 seconds
2017-04-21T08:08:33.366+0200: 2,833: [CMS-concurrent-abortable-preclean: 0,070/0,123 secs] [Times: user=0,47 sys=0,01, real=0,12 secs] 
2017-04-21T08:08:33.368+0200: 2,834: [GC (CMS Final Remark) [YG occupancy: 16022 K (109248 K)]{Heap before GC invocations=4 (full 1):
 par new generation   total 109248K, used 16022K [0x00000000e0000000, 0x00000000e8000000, 0x00000000e8000000)
  eden space 87424K,   2% used [0x00000000e0000000, 0x00000000e01f0b80, 0x00000000e5560000)
  from space 21824K,  64% used [0x00000000e5560000, 0x00000000e6314d10, 0x00000000e6ab0000)
  to   space 21824K,   0% used [0x00000000e6ab0000, 0x00000000e6ab0000, 0x00000000e8000000)
 concurrent mark-sweep generation total 393216K, used 0K [0x00000000e8000000, 0x0000000100000000, 0x0000000100000000)
 Metaspace       used 21229K, capacity 21554K, committed 21884K, reserved 1069056K
  class space    used 2445K, capacity 2602K, committed 2684K, reserved 1048576K
2017-04-21T08:08:33.368+0200: 2,834: [GC (CMS Final Remark) 2017-04-21T08:08:33.368+0200: 2,834: [ParNew
Desired survivor size 20112992 bytes, new threshold 8 (max 8)
- age   1:     602568 bytes,     602568 total
- age   2:     681600 bytes,    1284168 total
- age   3:    1487536 bytes,    2771704 total
- age   4:    1366008 bytes,    4137712 total
- age   5:    6086656 bytes,   10224368 total
: 16022K->13226K(109248K), 0,0093885 secs] 16022K->13226K(502464K), 0,0094256 secs] [Times: user=0,04 sys=0,00, real=0,01 secs] 
Heap after GC invocations=5 (full 1):
 par new generation   total 109248K, used 13226K [0x00000000e0000000, 0x00000000e8000000, 0x00000000e8000000)
  eden space 87424K,   0% used [0x00000000e0000000, 0x00000000e0000000, 0x00000000e5560000)
  from space 21824K,  60% used [0x00000000e6ab0000, 0x00000000e779aa80, 0x00000000e8000000)
  to   space 21824K,   0% used [0x00000000e5560000, 0x00000000e5560000, 0x00000000e6ab0000)
 concurrent mark-sweep generation total 393216K, used 0K [0x00000000e8000000, 0x0000000100000000, 0x0000000100000000)
 Metaspace       used 21229K, capacity 21554K, committed 21884K, reserved 1069056K
  class space    used 2445K, capacity 2602K, committed 2684K, reserved 1048576K
}
2017-04-21T08:08:33.377+0200: 2,844: [Rescan (parallel) , 0,0032242 secs]2017-04-21T08:08:33.380+0200: 2,847: [weak refs processing, 0,0006136 secs]2017-04-21T08:08:33.381+0200: 2,848: [class unloading, 0,0028006 secs]2017-04-21T08:08:33.384+0200: 2,851: [scrub symbol table, 0,0024789 secs]2017-04-21T08:08:33.386+0200: 2,853: [scrub string table, 0,0003698 secs][1 CMS-remark: 0K(393216K)] 13226K(502464K), 0,0195515 secs] [Times: user=0,06 sys=0,00, real=0,02 secs] 
2017-04-21T08:08:33.387+0200: 2,854: Total time for which application threads were stopped: 0,0196935 seconds, Stopping threads took: 0,0000603 seconds
2017-04-21T08:08:33.387+0200: 2,854: [CMS-concurrent-sweep-start]
2017-04-21T08:08:33.387+0200: 2,854: [CMS-concurrent-sweep: 0,000/0,000 secs] [Times: user=0,00 sys=0,00, real=0,00 secs] 
2017-04-21T08:08:33.387+0200: 2,854: [CMS-concurrent-reset-start]
2017-04-21T08:08:33.389+0200: 2,856: [CMS-concurrent-reset: 0,002/0,002 secs] [Times: user=0,01 sys=0,00, real=0,00 secs] 
{Heap before GC invocations=5 (full 1):
 par new generation   total 109248K, used 100650K [0x00000000e0000000, 0x00000000e8000000, 0x00000000e8000000)
  eden space 87424K, 100% used [0x00000000e0000000, 0x00000000e5560000, 0x00000000e5560000)
  from space 21824K,  60% used [0x00000000e6ab0000, 0x00000000e779aa80, 0x00000000e8000000)
  to   space 21824K,   0% used [0x00000000e5560000, 0x00000000e5560000, 0x00000000e6ab0000)
 concurrent mark-sweep generation total 393216K, used 0K [0x00000000e8000000, 0x0000000100000000, 0x0000000100000000)
 Metaspace       used 21364K, capacity 21726K, committed 21884K, reserved 1069056K
  class space    used 2465K, capacity 2636K, committed 2684K, reserved 1048576K
2017-04-21T08:08:33.474+0200: 2,941: [GC (Allocation Failure) 2017-04-21T08:08:33.474+0200: 2,941: [ParNew
Desired survivor size 20112992 bytes, new threshold 8 (max 8)
- age   1:     900392 bytes,     900392 total
- age   2:        264 bytes,     900656 total
- age   3:     177688 bytes,    1078344 total
- age   4:    1487000 bytes,    2565344 total
- age   5:    1362152 bytes,    3927496 total
- age   6:    6086584 bytes,   10014080 total
: 100650K->13034K(109248K), 0,0100088 secs] 100650K->13034K(502464K), 0,0100762 secs] [Times: user=0,04 sys=0,00, real=0,01 secs] 
Heap after GC invocations=6 (full 1):
 par new generation   total 109248K, used 13034K [0x00000000e0000000, 0x00000000e8000000, 0x00000000e8000000)
  eden space 87424K,   0% used [0x00000000e0000000, 0x00000000e0000000, 0x00000000e5560000)
  from space 21824K,  59% used [0x00000000e5560000, 0x00000000e621a980, 0x00000000e6ab0000)
  to   space 21824K,   0% used [0x00000000e6ab0000, 0x00000000e6ab0000, 0x00000000e8000000)
 concurrent mark-sweep generation total 393216K, used 0K [0x00000000e8000000, 0x0000000100000000, 0x0000000100000000)
 Metaspace       used 21364K, capacity 21726K, committed 21884K, reserved 1069056K
  class space    used 2465K, capacity 2636K, committed 2684K, reserved 1048576K
}
2017-04-21T08:08:33.484+0200: 2,951: Total time for which application threads were stopped: 0,0102511 seconds, Stopping threads took: 0,0000454 seconds
2017-04-21T08:08:33.514+0200: 2,981: Total time for which application threads were stopped: 0,0002988 seconds, Stopping threads took: 0,0000155 seconds
2017-04-21T08:08:33.722+0200: 3,189: Total time for which application threads were stopped: 0,0006664 seconds, Stopping threads took: 0,0002515 seconds
2017-04-21T08:08:33.736+0200: 3,203: Total time for which application threads were stopped: 0,0004367 seconds, Stopping threads took: 0,0000355 seconds
{Heap before GC invocations=6 (full 1):
 par new generation   total 109248K, used 100458K [0x00000000e0000000, 0x00000000e8000000, 0x00000000e8000000)
  eden space 87424K, 100% used [0x00000000e0000000, 0x00000000e5560000, 0x00000000e5560000)
  from space 21824K,  59% used [0x00000000e5560000, 0x00000000e621a980, 0x00000000e6ab0000)
  to   space 21824K,   0% used [0x00000000e6ab0000, 0x00000000e6ab0000, 0x00000000e8000000)
 concurrent mark-sweep generation total 393216K, used 0K [0x00000000e8000000, 0x0000000100000000, 0x0000000100000000)
 Metaspace       used 23802K, capacity 24224K, committed 24572K, reserved 1071104K
  class space    used 2795K, capacity 2979K, committed 3068K, reserved 1048576K
2017-04-21T08:08:33.896+0200: 3,363: [GC (Allocation Failure) 2017-04-21T08:08:33.896+0200: 3,363: [ParNew
Desired survivor size 20112992 bytes, new threshold 8 (max 8)
- age   1:    5198448 bytes,    5198448 total
- age   2:     122536 bytes,    5320984 total
- age   3:        264 bytes,    5321248 total
- age   4:     176184 bytes,    5497432 total
- age   5:     317320 bytes,    5814752 total
- age   6:    1337792 bytes,    7152544 total
- age   7:    6078240 bytes,   13230784 total
: 100458K->14911K(109248K), 0,0117151 secs] 100458K->14911K(502464K), 0,0117771 secs] [Times: user=0,04 sys=0,00, real=0,01 secs] 
Heap after GC invocations=7 (full 1):
 par new generation   total 109248K, used 14911K [0x00000000e0000000, 0x00000000e8000000, 0x00000000e8000000)
  eden space 87424K,   0% used [0x00000000e0000000, 0x00000000e0000000, 0x00000000e5560000)
  from space 21824K,  68% used [0x00000000e6ab0000, 0x00000000e793ff80, 0x00000000e8000000)
  to   space 21824K,   0% used [0x00000000e5560000, 0x00000000e5560000, 0x00000000e6ab0000)
 concurrent mark-sweep generation total 393216K, used 0K [0x00000000e8000000, 0x0000000100000000, 0x0000000100000000)
 Metaspace       used 23802K, capacity 24224K, committed 24572K, reserved 1071104K
  class space    used 2795K, capacity 2979K, committed 3068K, reserved 1048576K
}
2017-04-21T08:08:33.908+0200: 3,375: Total time for which application threads were stopped: 0,0120784 seconds, Stopping threads took: 0,0001027 seconds
{Heap before GC invocations=7 (full 1):
 par new generation   total 109248K, used 102335K [0x00000000e0000000, 0x00000000e8000000, 0x00000000e8000000)
  eden space 87424K, 100% used [0x00000000e0000000, 0x00000000e5560000, 0x00000000e5560000)
  from space 21824K,  68% used [0x00000000e6ab0000, 0x00000000e793ff80, 0x00000000e8000000)
  to   space 21824K,   0% used [0x00000000e5560000, 0x00000000e5560000, 0x00000000e6ab0000)
 concurrent mark-sweep generation total 393216K, used 0K [0x00000000e8000000, 0x0000000100000000, 0x0000000100000000)
 Metaspace       used 24454K, capacity 24934K, committed 25084K, reserved 1071104K
  class space    used 2860K, capacity 3044K, committed 3068K, reserved 1048576K
2017-04-21T08:08:34.024+0200: 3,491: [GC (Allocation Failure) 2017-04-21T08:08:34.024+0200: 3,491: [ParNew
Desired survivor size 20112992 bytes, new threshold 8 (max 8)
- age   1:    1750528 bytes,    1750528 total
- age   2:    1776608 bytes,    3527136 total
- age   3:      51704 bytes,    3578840 total
- age   4:        264 bytes,    3579104 total
- age   5:     101456 bytes,    3680560 total
- age   6:     203456 bytes,    3884016 total
- age   7:     965000 bytes,    4849016 total
- age   8:    5890352 bytes,   10739368 total
: 102335K->13666K(109248K), 0,0119379 secs] 102335K->13666K(502464K), 0,0120220 secs] [Times: user=0,05 sys=0,00, real=0,01 secs] 
Heap after GC invocations=8 (full 1):
 par new generation   total 109248K, used 13666K [0x00000000e0000000, 0x00000000e8000000, 0x00000000e8000000)
  eden space 87424K,   0% used [0x00000000e0000000, 0x00000000e0000000, 0x00000000e5560000)
  from space 21824K,  62% used [0x00000000e5560000, 0x00000000e62b89c8, 0x00000000e6ab0000)
  to   space 21824K,   0% used [0x00000000e6ab0000, 0x00000000e6ab0000, 0x00000000e8000000)
 concurrent mark-sweep generation total 393216K, used 0K [0x00000000e8000000, 0x0000000100000000, 0x0000000100000000)
 Metaspace       used 24454K, capacity 24934K, committed 25084K, reserved 1071104K
  class space    used 2860K, capacity 3044K, committed 3068K, reserved 1048576K
}
2017-04-21T08:08:34.036+0200: 3,503: Total time for which application threads were stopped: 0,0122690 seconds, Stopping threads took: 0,0000627 seconds
{Heap before GC invocations=8 (full 1):
 par new generation   total 109248K, used 101090K [0x00000000e0000000, 0x00000000e8000000, 0x00000000e8000000)
  eden space 87424K, 100% used [0x00000000e0000000, 0x00000000e5560000, 0x00000000e5560000)
  from space 21824K,  62% used [0x00000000e5560000, 0x00000000e62b89c8, 0x00000000e6ab0000)
  to   space 21824K,   0% used [0x00000000e6ab0000, 0x00000000e6ab0000, 0x00000000e8000000)
 concurrent mark-sweep generation total 393216K, used 0K [0x00000000e8000000, 0x0000000100000000, 0x0000000100000000)
 Metaspace       used 24799K, capacity 25248K, committed 25468K, reserved 1071104K
  class space    used 2894K, capacity 3081K, committed 3196K, reserved 1048576K
2017-04-21T08:08:34.126+0200: 3,593: [GC (Allocation Failure) 2017-04-21T08:08:34.126+0200: 3,593: [ParNew
Desired survivor size 20112992 bytes, new threshold 8 (max 8)
- age   1:    1145304 bytes,    1145304 total
- age   2:    1019816 bytes,    2165120 total
- age   3:    1754480 bytes,    3919600 total
- age   4:      51704 bytes,    3971304 total
- age   5:        264 bytes,    3971568 total
- age   6:     101352 bytes,    4072920 total
- age   7:     203456 bytes,    4276376 total
- age   8:     965000 bytes,    5241376 total
: 101090K->6666K(109248K), 0,0438198 secs] 101090K->12500K(502464K), 0,0438838 secs] [Times: user=0,11 sys=0,01, real=0,04 secs] 
Heap after GC invocations=9 (full 1):
 par new generation   total 109248K, used 6666K [0x00000000e0000000, 0x00000000e8000000, 0x00000000e8000000)
  eden space 87424K,   0% used [0x00000000e0000000, 0x00000000e0000000, 0x00000000e5560000)
  from space 21824K,  30% used [0x00000000e6ab0000, 0x00000000e71328a0, 0x00000000e8000000)
  to   space 21824K,   0% used [0x00000000e5560000, 0x00000000e5560000, 0x00000000e6ab0000)
 concurrent mark-sweep generation total 393216K, used 5834K [0x00000000e8000000, 0x0000000100000000, 0x0000000100000000)
 Metaspace       used 24799K, capacity 25248K, committed 25468K, reserved 1071104K
  class space    used 2894K, capacity 3081K, committed 3196K, reserved 1048576K
}
2017-04-21T08:08:34.170+0200: 3,637: Total time for which application threads were stopped: 0,0471718 seconds, Stopping threads took: 0,0031462 seconds
2017-04-21T08:08:34.478+0200: 3,945: Total time for which application threads were stopped: 0,0005540 seconds, Stopping threads took: 0,0000418 seconds
2017-04-21T08:08:34.494+0200: 3,961: Total time for which application threads were stopped: 0,0005362 seconds, Stopping threads took: 0,0000392 seconds
2017-04-21T08:08:34.554+0200: 4,021: Total time for which application threads were stopped: 0,0004158 seconds, Stopping threads took: 0,0000191 seconds
2017-04-21T08:08:34.581+0200: 4,048: Total time for which application threads were stopped: 0,0004228 seconds, Stopping threads took: 0,0000637 seconds
2017-04-21T08:08:34.583+0200: 4,050: Total time for which application threads were stopped: 0,0002623 seconds, Stopping threads took: 0,0001558 seconds
2017-04-21T08:08:34.583+0200: 4,050: Total time for which application threads were stopped: 0,0000865 seconds, Stopping threads took: 0,0000197 seconds
2017-04-21T08:08:34.599+0200: 4,066: Total time for which application threads were stopped: 0,0013813 seconds, Stopping threads took: 0,0012627 seconds
2017-04-21T08:08:34.599+0200: 4,066: Total time for which application threads were stopped: 0,0001059 seconds, Stopping threads took: 0,0000222 seconds
2017-04-21T08:08:34.599+0200: 4,066: Total time for which application threads were stopped: 0,0000843 seconds, Stopping threads took: 0,0000094 seconds
2017-04-21T08:08:34.600+0200: 4,066: Total time for which application threads were stopped: 0,0000887 seconds, Stopping threads took: 0,0000110 seconds
2017-04-21T08:08:34.600+0200: 4,066: Total time for which application threads were stopped: 0,0000777 seconds, Stopping threads took: 0,0000090 seconds
2017-04-21T08:08:34.600+0200: 4,067: Total time for which application threads were stopped: 0,0000763 seconds, Stopping threads took: 0,0000090 seconds
2017-04-21T08:08:34.600+0200: 4,067: Total time for which application threads were stopped: 0,0000761 seconds, Stopping threads took: 0,0000087 seconds
2017-04-21T08:08:34.600+0200: 4,067: Total time for which application threads were stopped: 0,0000735 seconds, Stopping threads took: 0,0000078 seconds
2017-04-21T08:08:34.600+0200: 4,067: Total time for which application threads were stopped: 0,0000805 seconds, Stopping threads took: 0,0000103 seconds
2017-04-21T08:08:34.600+0200: 4,067: Total time for which application threads were stopped: 0,0000746 seconds, Stopping threads took: 0,0000081 seconds
2017-04-21T08:08:34.601+0200: 4,067: Total time for which application threads were stopped: 0,0000783 seconds, Stopping threads took: 0,0000107 seconds
2017-04-21T08:08:34.601+0200: 4,068: Total time for which application threads were stopped: 0,0000702 seconds, Stopping threads took: 0,0000079 seconds
2017-04-21T08:08:34.601+0200: 4,068: Total time for which application threads were stopped: 0,0000708 seconds, Stopping threads took: 0,0000083 seconds
2017-04-21T08:08:34.601+0200: 4,068: Total time for which application threads were stopped: 0,0000805 seconds, Stopping threads took: 0,0000099 seconds
2017-04-21T08:08:34.601+0200: 4,068: Total time for which application threads were stopped: 0,0000773 seconds, Stopping threads took: 0,0000087 seconds
2017-04-21T08:08:34.601+0200: 4,068: Total time for which application threads were stopped: 0,0000757 seconds, Stopping threads took: 0,0000085 seconds
2017-04-21T08:08:34.602+0200: 4,068: Total time for which application threads were stopped: 0,0000743 seconds, Stopping threads took: 0,0000081 seconds
2017-04-21T08:08:34.602+0200: 4,069: Total time for which application threads were stopped: 0,0001718 seconds, Stopping threads took: 0,0000079 seconds
2017-04-21T08:08:34.603+0200: 4,070: Total time for which application threads were stopped: 0,0001296 seconds, Stopping threads took: 0,0000239 seconds
2017-04-21T08:08:34.604+0200: 4,071: Total time for which application threads were stopped: 0,0001196 seconds, Stopping threads took: 0,0000288 seconds
2017-04-21T08:08:34.607+0200: 4,074: Total time for which application threads were stopped: 0,0001336 seconds, Stopping threads took: 0,0000523 seconds
2017-04-21T08:08:34.610+0200: 4,076: Total time for which application threads were stopped: 0,0007661 seconds, Stopping threads took: 0,0006880 seconds
2017-04-21T08:08:34.610+0200: 4,077: Total time for which application threads were stopped: 0,0000860 seconds, Stopping threads took: 0,0000245 seconds
2017-04-21T08:08:34.610+0200: 4,077: Total time for which application threads were stopped: 0,0001455 seconds, Stopping threads took: 0,0000310 seconds
2017-04-21T08:08:34.610+0200: 4,077: Total time for which application threads were stopped: 0,0001074 seconds, Stopping threads took: 0,0000297 seconds
2017-04-21T08:08:34.616+0200: 4,083: Total time for which application threads were stopped: 0,0017326 seconds, Stopping threads took: 0,0016383 seconds
2017-04-21T08:08:34.619+0200: 4,086: Total time for which application threads were stopped: 0,0001945 seconds, Stopping threads took: 0,0001113 seconds
2017-04-21T08:08:34.622+0200: 4,089: Total time for which application threads were stopped: 0,0001353 seconds, Stopping threads took: 0,0000358 seconds
2017-04-21T08:08:34.622+0200: 4,089: Total time for which application threads were stopped: 0,0000807 seconds, Stopping threads took: 0,0000201 seconds
2017-04-21T08:08:34.622+0200: 4,089: Total time for which application threads were stopped: 0,0000771 seconds, Stopping threads took: 0,0000190 seconds
2017-04-21T08:08:34.623+0200: 4,089: Total time for which application threads were stopped: 0,0000901 seconds, Stopping threads took: 0,0000341 seconds
2017-04-21T08:08:34.623+0200: 4,090: Total time for which application threads were stopped: 0,0000875 seconds, Stopping threads took: 0,0000277 seconds
2017-04-21T08:08:34.625+0200: 4,092: Total time for which application threads were stopped: 0,0001534 seconds, Stopping threads took: 0,0000324 seconds
2017-04-21T08:08:34.625+0200: 4,092: Total time for which application threads were stopped: 0,0001390 seconds, Stopping threads took: 0,0000337 seconds
2017-04-21T08:08:34.625+0200: 4,092: Total time for which application threads were stopped: 0,0001030 seconds, Stopping threads took: 0,0000272 seconds
2017-04-21T08:08:34.627+0200: 4,094: Total time for which application threads were stopped: 0,0002254 seconds, Stopping threads took: 0,0001291 seconds
2017-04-21T08:08:34.628+0200: 4,095: Total time for which application threads were stopped: 0,0001421 seconds, Stopping threads took: 0,0000313 seconds
2017-04-21T08:08:34.634+0200: 4,101: Total time for which application threads were stopped: 0,0004004 seconds, Stopping threads took: 0,0003014 seconds
2017-04-21T08:08:34.638+0200: 4,105: Total time for which application threads were stopped: 0,0002536 seconds, Stopping threads took: 0,0000485 seconds
2017-04-21T08:08:34.679+0200: 4,146: Total time for which application threads were stopped: 0,0001736 seconds, Stopping threads took: 0,0000564 seconds
2017-04-21T08:08:34.701+0200: 4,167: Total time for which application threads were stopped: 0,0005562 seconds, Stopping threads took: 0,0000434 seconds
2017-04-21T08:08:35.701+0200: 5,168: Total time for which application threads were stopped: 0,0000868 seconds, Stopping threads took: 0,0000171 seconds
{Heap before GC invocations=9 (full 1):
 par new generation   total 109248K, used 94090K [0x00000000e0000000, 0x00000000e8000000, 0x00000000e8000000)
  eden space 87424K, 100% used [0x00000000e0000000, 0x00000000e5560000, 0x00000000e5560000)
  from space 21824K,  30% used [0x00000000e6ab0000, 0x00000000e71328a0, 0x00000000e8000000)
  to   space 21824K,   0% used [0x00000000e5560000, 0x00000000e5560000, 0x00000000e6ab0000)
 concurrent mark-sweep generation total 393216K, used 5834K [0x00000000e8000000, 0x0000000100000000, 0x0000000100000000)
 Metaspace       used 27987K, capacity 28480K, committed 28796K, reserved 1075200K
  class space    used 3210K, capacity 3387K, committed 3452K, reserved 1048576K
2017-04-21T08:08:41.654+0200: 11,121: [GC (Allocation Failure) 2017-04-21T08:08:41.654+0200: 11,121: [ParNew
Desired survivor size 20112992 bytes, new threshold 8 (max 8)
- age   1:   10948320 bytes,   10948320 total
- age   2:     214600 bytes,   11162920 total
- age   3:     240528 bytes,   11403448 total
- age   4:    1748344 bytes,   13151792 total
- age   5:      49288 bytes,   13201080 total
- age   6:        264 bytes,   13201344 total
- age   7:     101128 bytes,   13302472 total
- age   8:     202832 bytes,   13505304 total
: 94090K->14727K(109248K), 0,0127183 secs] 99924K->21619K(502464K), 0,0127678 secs] [Times: user=0,04 sys=0,00, real=0,01 secs] 
Heap after GC invocations=10 (full 1):
 par new generation   total 109248K, used 14727K [0x00000000e0000000, 0x00000000e8000000, 0x00000000e8000000)
  eden space 87424K,   0% used [0x00000000e0000000, 0x00000000e0000000, 0x00000000e5560000)
  from space 21824K,  67% used [0x00000000e5560000, 0x00000000e63c1c10, 0x00000000e6ab0000)
  to   space 21824K,   0% used [0x00000000e6ab0000, 0x00000000e6ab0000, 0x00000000e8000000)
 concurrent mark-sweep generation total 393216K, used 6892K [0x00000000e8000000, 0x0000000100000000, 0x0000000100000000)
 Metaspace       used 27987K, capacity 28480K, committed 28796K, reserved 1075200K
  class space    used 3210K, capacity 3387K, committed 3452K, reserved 1048576K
}
2017-04-21T08:08:41.667+0200: 11,133: Total time for which application threads were stopped: 0,0129396 seconds, Stopping threads took: 0,0000154 seconds
2017-04-21T08:09:52.152+0200: 82,141: Total time for which application threads were stopped: 0,0000832 seconds, Stopping threads took: 0,0000233 seconds
2017-04-21T08:10:27.156+0200: 117,145: Total time for which application threads were stopped: 0,0002623 seconds, Stopping threads took: 0,0000433 seconds
2017-04-21T08:10:32.156+0200: 122,145: Total time for which application threads were stopped: 0,0000654 seconds, Stopping threads took: 0,0000156 seconds
2017-04-21T08:11:31.162+0200: 181,151: Total time for which application threads were stopped: 0,0003854 seconds, Stopping threads took: 0,0003081 seconds
2017-04-21T08:13:01.172+0200: 271,161: Total time for which application threads were stopped: 0,0000957 seconds, Stopping threads took: 0,0000375 seconds
2017-04-21T08:13:07.173+0200: 277,162: Total time for which application threads were stopped: 0,0001195 seconds, Stopping threads took: 0,0000288 seconds
2017-04-21T08:32:02.332+0200: 1412,320: Total time for which application threads were stopped: 0,0000821 seconds, Stopping threads took: 0,0000310 seconds
2017-04-21T08:36:41.362+0200: 1691,350: Total time for which application threads were stopped: 0,0000910 seconds, Stopping threads took: 0,0000347 seconds
2017-04-21T08:47:32.440+0200: 2342,429: Total time for which application threads were stopped: 0,0000819 seconds, Stopping threads took: 0,0000302 seconds
2017-04-21T08:47:36.441+0200: 2346,430: Total time for which application threads were stopped: 0,0000712 seconds, Stopping threads took: 0,0000138 seconds
2017-04-21T09:07:22.583+0200: 3532,572: Total time for which application threads were stopped: 0,0003615 seconds, Stopping threads took: 0,0001318 seconds
2017-04-21T09:12:56.624+0200: 3866,613: Total time for which application threads were stopped: 0,0000845 seconds, Stopping threads took: 0,0000334 seconds
2017-04-21T09:31:07.737+0200: 4957,726: Total time for which application threads were stopped: 0,0001058 seconds, Stopping threads took: 0,0000416 seconds
2017-04-21T09:31:42.743+0200: 4992,731: Total time for which application threads were stopped: 0,0000882 seconds, Stopping threads took: 0,0000341 seconds
2017-04-21T10:04:01.992+0200: 6931,981: Total time for which application threads were stopped: 0,0001517 seconds, Stopping threads took: 0,0000656 seconds
2017-04-21T10:06:13.010+0200: 7062,998: Total time for which application threads were stopped: 0,0001510 seconds, Stopping threads took: 0,0000572 seconds
2017-04-21T10:10:03.037+0200: 7293,026: Total time for which application threads were stopped: 0,0003711 seconds, Stopping threads took: 0,0000924 seconds
2017-04-21T10:10:32.040+0200: 7322,029: Total time for which application threads were stopped: 0,0001205 seconds, Stopping threads took: 0,0000337 seconds
2017-04-21T10:16:32.080+0200: 7682,069: Total time for which application threads were stopped: 0,0001022 seconds, Stopping threads took: 0,0000510 seconds
2017-04-21T11:21:02.533+0200: 11552,522: Total time for which application threads were stopped: 0,0000955 seconds, Stopping threads took: 0,0000306 seconds
2017-04-21T12:23:21.526+0200: 15291,515: Total time for which application threads were stopped: 0,0076380 seconds, Stopping threads took: 0,0075524 seconds
2017-04-21T12:23:21.541+0200: 15291,530: Total time for which application threads were stopped: 0,0001292 seconds, Stopping threads took: 0,0000328 seconds
2017-04-21T12:23:21.555+0200: 15291,543: Total time for which application threads were stopped: 0,0000928 seconds, Stopping threads took: 0,0000251 seconds
2017-04-21T12:23:21.556+0200: 15291,544: Total time for which application threads were stopped: 0,0001255 seconds, Stopping threads took: 0,0000243 seconds
2017-04-21T12:23:21.581+0200: 15291,570: Total time for which application threads were stopped: 0,0001201 seconds, Stopping threads took: 0,0000397 seconds
2017-04-21T12:23:21.582+0200: 15291,571: Total time for which application threads were stopped: 0,0001229 seconds, Stopping threads took: 0,0000321 seconds
Heap
 par new generation   total 109248K, used 37245K [0x00000000e0000000, 0x00000000e8000000, 0x00000000e8000000)
  eden space 87424K,  25% used [0x00000000e0000000, 0x00000000e15fd910, 0x00000000e5560000)
  from space 21824K,  67% used [0x00000000e5560000, 0x00000000e63c1c10, 0x00000000e6ab0000)
  to   space 21824K,   0% used [0x00000000e6ab0000, 0x00000000e6ab0000, 0x00000000e8000000)
 concurrent mark-sweep generation total 393216K, used 6892K [0x00000000e8000000, 0x0000000100000000, 0x0000000100000000)
 Metaspace       used 28148K, capacity 28712K, committed 29052K, reserved 1075200K
  class space    used 3225K, capacity 3421K, committed 3452K, reserved 1048576K
