OpenJDK 64-Bit Server VM (25.131-b11) for linux-amd64 JRE (1.8.0_131-8u131-b11-2ubuntu1.16.04.3-b11), built on Jul 28 2017 01:23:32 by "buildd" with gcc 5.4.0 20160609
Memory: 4k page, physical 7867732k(7386476k free), swap 8076284k(8076284k free)
CommandLine flags: -XX:CMSInitiatingOccupancyFraction=50 -XX:CMSMaxAbortablePrecleanTime=6000 -XX:+CMSParallelRemarkEnabled -XX:+CMSScavengeBeforeRemark -XX:ConcGCThreads=4 -XX:InitialHeapSize=536870912 -XX:MaxHeapSize=536870912 -XX:MaxTenuringThreshold=8 -XX:NewRatio=3 -XX:OldPLABSize=16 -XX:OnOutOfMemoryError=/opt/solr/bin/oom_solr.sh 8983 /var/solr/logs -XX:ParallelGCThreads=4 -XX:+ParallelRefProcEnabled -XX:PretenureSizeThreshold=67108864 -XX:+PrintGC -XX:+PrintGCApplicationStoppedTime -XX:+PrintGCDateStamps -XX:+PrintGCDetails -XX:+PrintGCTimeStamps -XX:+PrintHeapAtGC -XX:+PrintTenuringDistribution -XX:SurvivorRatio=4 -XX:TargetSurvivorRatio=90 -XX:ThreadStackSize=256 -XX:+UseCMSInitiatingOccupancyOnly -XX:+UseCompressedClassPointers -XX:+UseCompressedOops -XX:+UseConcMarkSweepGC -XX:+UseParNewGC 
2017-08-30T09:50:19.453+0200: 0,162: Total time for which application threads were stopped: 0,0000910 seconds, Stopping threads took: 0,0000182 seconds
2017-08-30T09:50:19.543+0200: 0,252: Total time for which application threads were stopped: 0,0000932 seconds, Stopping threads took: 0,0000159 seconds
2017-08-30T09:50:19.561+0200: 0,270: Total time for which application threads were stopped: 0,0001138 seconds, Stopping threads took: 0,0000220 seconds
2017-08-30T09:50:19.787+0200: 0,497: Total time for which application threads were stopped: 0,0001357 seconds, Stopping threads took: 0,0000142 seconds
2017-08-30T09:50:20.198+0200: 0,907: Total time for which application threads were stopped: 0,0001844 seconds, Stopping threads took: 0,0000213 seconds
2017-08-30T09:50:20.335+0200: 1,044: Total time for which application threads were stopped: 0,0001942 seconds, Stopping threads took: 0,0000319 seconds
2017-08-30T09:50:20.440+0200: 1,149: Total time for which application threads were stopped: 0,0002247 seconds, Stopping threads took: 0,0000349 seconds
2017-08-30T09:50:20.737+0200: 1,447: Total time for which application threads were stopped: 0,0002013 seconds, Stopping threads took: 0,0000409 seconds
2017-08-30T09:50:20.990+0200: 1,700: Total time for which application threads were stopped: 0,0001959 seconds, Stopping threads took: 0,0000122 seconds
2017-08-30T09:50:21.012+0200: 1,722: Total time for which application threads were stopped: 0,0002019 seconds, Stopping threads took: 0,0000239 seconds
2017-08-30T09:50:21.047+0200: 1,757: Total time for which application threads were stopped: 0,0002664 seconds, Stopping threads took: 0,0000264 seconds
2017-08-30T09:50:21.051+0200: 1,760: Total time for which application threads were stopped: 0,0012616 seconds, Stopping threads took: 0,0000288 seconds
2017-08-30T09:50:21.073+0200: 1,783: Total time for which application threads were stopped: 0,0001668 seconds, Stopping threads took: 0,0000146 seconds
2017-08-30T09:50:21.170+0200: 1,880: Total time for which application threads were stopped: 0,0005615 seconds, Stopping threads took: 0,0001010 seconds
2017-08-30T09:50:21.345+0200: 2,055: Total time for which application threads were stopped: 0,0003228 seconds, Stopping threads took: 0,0000752 seconds
{Heap before GC invocations=0 (full 0):
 par new generation   total 109248K, used 87424K [0x00000000e0000000, 0x00000000e8000000, 0x00000000e8000000)
  eden space 87424K, 100% used [0x00000000e0000000, 0x00000000e5560000, 0x00000000e5560000)
  from space 21824K,   0% used [0x00000000e5560000, 0x00000000e5560000, 0x00000000e6ab0000)
  to   space 21824K,   0% used [0x00000000e6ab0000, 0x00000000e6ab0000, 0x00000000e8000000)
 concurrent mark-sweep generation total 393216K, used 0K [0x00000000e8000000, 0x0000000100000000, 0x0000000100000000)
 Metaspace       used 17996K, capacity 18336K, committed 18688K, reserved 1064960K
  class space    used 2035K, capacity 2196K, committed 2304K, reserved 1048576K
2017-08-30T09:50:21.428+0200: 2,138: [GC (Allocation Failure) 2017-08-30T09:50:21.428+0200: 2,138: [ParNew
Desired survivor size 20112992 bytes, new threshold 8 (max 8)
- age   1:   12395320 bytes,   12395320 total
: 87424K->12219K(109248K), 0,0166278 secs] 87424K->12219K(502464K), 0,0166977 secs] [Times: user=0,03 sys=0,03, real=0,01 secs] 
Heap after GC invocations=1 (full 0):
 par new generation   total 109248K, used 12219K [0x00000000e0000000, 0x00000000e8000000, 0x00000000e8000000)
  eden space 87424K,   0% used [0x00000000e0000000, 0x00000000e0000000, 0x00000000e5560000)
  from space 21824K,  55% used [0x00000000e6ab0000, 0x00000000e769ec00, 0x00000000e8000000)
  to   space 21824K,   0% used [0x00000000e5560000, 0x00000000e5560000, 0x00000000e6ab0000)
 concurrent mark-sweep generation total 393216K, used 0K [0x00000000e8000000, 0x0000000100000000, 0x0000000100000000)
 Metaspace       used 17996K, capacity 18336K, committed 18688K, reserved 1064960K
  class space    used 2035K, capacity 2196K, committed 2304K, reserved 1048576K
}
2017-08-30T09:50:21.445+0200: 2,154: Total time for which application threads were stopped: 0,0170400 seconds, Stopping threads took: 0,0001464 seconds
2017-08-30T09:50:21.761+0200: 2,471: Total time for which application threads were stopped: 0,0003573 seconds, Stopping threads took: 0,0000600 seconds
{Heap before GC invocations=1 (full 0):
 par new generation   total 109248K, used 99643K [0x00000000e0000000, 0x00000000e8000000, 0x00000000e8000000)
  eden space 87424K, 100% used [0x00000000e0000000, 0x00000000e5560000, 0x00000000e5560000)
  from space 21824K,  55% used [0x00000000e6ab0000, 0x00000000e769ec00, 0x00000000e8000000)
  to   space 21824K,   0% used [0x00000000e5560000, 0x00000000e5560000, 0x00000000e6ab0000)
 concurrent mark-sweep generation total 393216K, used 0K [0x00000000e8000000, 0x0000000100000000, 0x0000000100000000)
 Metaspace       used 20023K, capacity 20366K, committed 20736K, reserved 1067008K
  class space    used 2295K, capacity 2471K, committed 2560K, reserved 1048576K
2017-08-30T09:50:21.804+0200: 2,513: [GC (Allocation Failure) 2017-08-30T09:50:21.804+0200: 2,513: [ParNew
Desired survivor size 20112992 bytes, new threshold 8 (max 8)
- age   1:    3704984 bytes,    3704984 total
- age   2:    6617704 bytes,   10322688 total
: 99643K->13603K(109248K), 0,0118990 secs] 99643K->13603K(502464K), 0,0119769 secs] [Times: user=0,04 sys=0,00, real=0,01 secs] 
Heap after GC invocations=2 (full 0):
 par new generation   total 109248K, used 13603K [0x00000000e0000000, 0x00000000e8000000, 0x00000000e8000000)
  eden space 87424K,   0% used [0x00000000e0000000, 0x00000000e0000000, 0x00000000e5560000)
  from space 21824K,  62% used [0x00000000e5560000, 0x00000000e62a8fd0, 0x00000000e6ab0000)
  to   space 21824K,   0% used [0x00000000e6ab0000, 0x00000000e6ab0000, 0x00000000e8000000)
 concurrent mark-sweep generation total 393216K, used 0K [0x00000000e8000000, 0x0000000100000000, 0x0000000100000000)
 Metaspace       used 20023K, capacity 20366K, committed 20736K, reserved 1067008K
  class space    used 2295K, capacity 2471K, committed 2560K, reserved 1048576K
}
2017-08-30T09:50:21.816+0200: 2,525: Total time for which application threads were stopped: 0,0125225 seconds, Stopping threads took: 0,0003873 seconds
2017-08-30T09:50:21.822+0200: 2,531: Total time for which application threads were stopped: 0,0002855 seconds, Stopping threads took: 0,0000484 seconds
2017-08-30T09:50:21.850+0200: 2,560: Total time for which application threads were stopped: 0,0003516 seconds, Stopping threads took: 0,0000517 seconds
2017-08-30T09:50:21.992+0200: 2,701: Total time for which application threads were stopped: 0,0002207 seconds, Stopping threads took: 0,0000955 seconds
{Heap before GC invocations=2 (full 0):
 par new generation   total 109248K, used 101027K [0x00000000e0000000, 0x00000000e8000000, 0x00000000e8000000)
  eden space 87424K, 100% used [0x00000000e0000000, 0x00000000e5560000, 0x00000000e5560000)
  from space 21824K,  62% used [0x00000000e5560000, 0x00000000e62a8fd0, 0x00000000e6ab0000)
  to   space 21824K,   0% used [0x00000000e6ab0000, 0x00000000e6ab0000, 0x00000000e8000000)
 concurrent mark-sweep generation total 393216K, used 0K [0x00000000e8000000, 0x0000000100000000, 0x0000000100000000)
 Metaspace       used 20956K, capacity 21288K, committed 21552K, reserved 1069056K
  class space    used 2417K, capacity 2590K, committed 2608K, reserved 1048576K
2017-08-30T09:50:22.017+0200: 2,726: [GC (Allocation Failure) 2017-08-30T09:50:22.017+0200: 2,726: [ParNew
Desired survivor size 20112992 bytes, new threshold 8 (max 8)
- age   1:    2310944 bytes,    2310944 total
- age   2:     922360 bytes,    3233304 total
- age   3:    6614064 bytes,    9847368 total
: 101027K->12878K(109248K), 0,0124735 secs] 101027K->12878K(502464K), 0,0125516 secs] [Times: user=0,04 sys=0,00, real=0,02 secs] 
Heap after GC invocations=3 (full 0):
 par new generation   total 109248K, used 12878K [0x00000000e0000000, 0x00000000e8000000, 0x00000000e8000000)
  eden space 87424K,   0% used [0x00000000e0000000, 0x00000000e0000000, 0x00000000e5560000)
  from space 21824K,  59% used [0x00000000e6ab0000, 0x00000000e77438e8, 0x00000000e8000000)
  to   space 21824K,   0% used [0x00000000e5560000, 0x00000000e5560000, 0x00000000e6ab0000)
 concurrent mark-sweep generation total 393216K, used 0K [0x00000000e8000000, 0x0000000100000000, 0x0000000100000000)
 Metaspace       used 20956K, capacity 21288K, committed 21552K, reserved 1069056K
  class space    used 2417K, capacity 2590K, committed 2608K, reserved 1048576K
}
2017-08-30T09:50:22.029+0200: 2,739: Total time for which application threads were stopped: 0,0127903 seconds, Stopping threads took: 0,0001049 seconds
2017-08-30T09:50:22.030+0200: 2,739: [GC (CMS Initial Mark) [1 CMS-initial-mark: 0K(393216K)] 12910K(502464K), 0,0035537 secs] [Times: user=0,02 sys=0,00, real=0,00 secs] 
2017-08-30T09:50:22.033+0200: 2,743: Total time for which application threads were stopped: 0,0037017 seconds, Stopping threads took: 0,0000420 seconds
2017-08-30T09:50:22.033+0200: 2,743: [CMS-concurrent-mark-start]
2017-08-30T09:50:22.034+0200: 2,743: [CMS-concurrent-mark: 0,001/0,001 secs] [Times: user=0,00 sys=0,00, real=0,00 secs] 
2017-08-30T09:50:22.034+0200: 2,743: [CMS-concurrent-preclean-start]
2017-08-30T09:50:22.035+0200: 2,745: [CMS-concurrent-preclean: 0,001/0,001 secs] [Times: user=0,00 sys=0,00, real=0,00 secs] 
2017-08-30T09:50:22.035+0200: 2,745: [GC (CMS Final Remark) [YG occupancy: 15412 K (109248 K)]{Heap before GC invocations=3 (full 1):
 par new generation   total 109248K, used 15412K [0x00000000e0000000, 0x00000000e8000000, 0x00000000e8000000)
  eden space 87424K,   2% used [0x00000000e0000000, 0x00000000e02798f8, 0x00000000e5560000)
  from space 21824K,  59% used [0x00000000e6ab0000, 0x00000000e77438e8, 0x00000000e8000000)
  to   space 21824K,   0% used [0x00000000e5560000, 0x00000000e5560000, 0x00000000e6ab0000)
 concurrent mark-sweep generation total 393216K, used 0K [0x00000000e8000000, 0x0000000100000000, 0x0000000100000000)
 Metaspace       used 20956K, capacity 21288K, committed 21552K, reserved 1069056K
  class space    used 2417K, capacity 2590K, committed 2608K, reserved 1048576K
2017-08-30T09:50:22.036+0200: 2,745: [GC (CMS Final Remark) 2017-08-30T09:50:22.036+0200: 2,745: [ParNew
Desired survivor size 20112992 bytes, new threshold 8 (max 8)
- age   1:      51992 bytes,      51992 total
- age   2:    2115464 bytes,    2167456 total
- age   3:     922360 bytes,    3089816 total
- age   4:    6614024 bytes,    9703840 total
: 15412K->11333K(109248K), 0,0105821 secs] 15412K->11333K(502464K), 0,0106317 secs] [Times: user=0,04 sys=0,00, real=0,02 secs] 
Heap after GC invocations=4 (full 1):
 par new generation   total 109248K, used 11333K [0x00000000e0000000, 0x00000000e8000000, 0x00000000e8000000)
  eden space 87424K,   0% used [0x00000000e0000000, 0x00000000e0000000, 0x00000000e5560000)
  from space 21824K,  51% used [0x00000000e5560000, 0x00000000e6071620, 0x00000000e6ab0000)
  to   space 21824K,   0% used [0x00000000e6ab0000, 0x00000000e6ab0000, 0x00000000e8000000)
 concurrent mark-sweep generation total 393216K, used 0K [0x00000000e8000000, 0x0000000100000000, 0x0000000100000000)
 Metaspace       used 20956K, capacity 21288K, committed 21552K, reserved 1069056K
  class space    used 2417K, capacity 2590K, committed 2608K, reserved 1048576K
}
2017-08-30T09:50:22.046+0200: 2,756: [Rescan (parallel) , 0,0034810 secs]2017-08-30T09:50:22.050+0200: 2,759: [weak refs processing, 0,0004764 secs]2017-08-30T09:50:22.050+0200: 2,760: [class unloading, 0,0028016 secs]2017-08-30T09:50:22.053+0200: 2,762: [scrub symbol table, 0,0026624 secs]2017-08-30T09:50:22.056+0200: 2,765: [scrub string table, 0,0003550 secs][1 CMS-remark: 0K(393216K)] 11333K(502464K), 0,0210630 secs] [Times: user=0,06 sys=0,00, real=0,02 secs] 
2017-08-30T09:50:22.057+0200: 2,766: Total time for which application threads were stopped: 0,0212132 seconds, Stopping threads took: 0,0000657 seconds
2017-08-30T09:50:22.057+0200: 2,766: [CMS-concurrent-sweep-start]
2017-08-30T09:50:22.057+0200: 2,766: [CMS-concurrent-sweep: 0,000/0,000 secs] [Times: user=0,00 sys=0,00, real=0,00 secs] 
2017-08-30T09:50:22.057+0200: 2,766: [CMS-concurrent-reset-start]
2017-08-30T09:50:22.059+0200: 2,768: [CMS-concurrent-reset: 0,002/0,002 secs] [Times: user=0,01 sys=0,00, real=0,01 secs] 
{Heap before GC invocations=4 (full 1):
 par new generation   total 109248K, used 98757K [0x00000000e0000000, 0x00000000e8000000, 0x00000000e8000000)
  eden space 87424K, 100% used [0x00000000e0000000, 0x00000000e5560000, 0x00000000e5560000)
  from space 21824K,  51% used [0x00000000e5560000, 0x00000000e6071620, 0x00000000e6ab0000)
  to   space 21824K,   0% used [0x00000000e6ab0000, 0x00000000e6ab0000, 0x00000000e8000000)
 concurrent mark-sweep generation total 393216K, used 0K [0x00000000e8000000, 0x0000000100000000, 0x0000000100000000)
 Metaspace       used 21190K, capacity 21564K, committed 21808K, reserved 1069056K
  class space    used 2446K, capacity 2605K, committed 2608K, reserved 1048576K
2017-08-30T09:50:22.170+0200: 2,880: [GC (Allocation Failure) 2017-08-30T09:50:22.170+0200: 2,880: [ParNew
Desired survivor size 20112992 bytes, new threshold 8 (max 8)
- age   1:    1077024 bytes,    1077024 total
- age   2:       1080 bytes,    1078104 total
- age   3:    1454808 bytes,    2532912 total
- age   4:     890888 bytes,    3423800 total
- age   5:    6614024 bytes,   10037824 total
: 98757K->12549K(109248K), 0,0130079 secs] 98757K->12549K(502464K), 0,0130781 secs] [Times: user=0,05 sys=0,00, real=0,01 secs] 
Heap after GC invocations=5 (full 1):
 par new generation   total 109248K, used 12549K [0x00000000e0000000, 0x00000000e8000000, 0x00000000e8000000)
  eden space 87424K,   0% used [0x00000000e0000000, 0x00000000e0000000, 0x00000000e5560000)
  from space 21824K,  57% used [0x00000000e6ab0000, 0x00000000e76f17c0, 0x00000000e8000000)
  to   space 21824K,   0% used [0x00000000e5560000, 0x00000000e5560000, 0x00000000e6ab0000)
 concurrent mark-sweep generation total 393216K, used 0K [0x00000000e8000000, 0x0000000100000000, 0x0000000100000000)
 Metaspace       used 21190K, capacity 21564K, committed 21808K, reserved 1069056K
  class space    used 2446K, capacity 2605K, committed 2608K, reserved 1048576K
}
2017-08-30T09:50:22.183+0200: 2,893: Total time for which application threads were stopped: 0,0132940 seconds, Stopping threads took: 0,0000659 seconds
{Heap before GC invocations=5 (full 1):
 par new generation   total 109248K, used 99973K [0x00000000e0000000, 0x00000000e8000000, 0x00000000e8000000)
  eden space 87424K, 100% used [0x00000000e0000000, 0x00000000e5560000, 0x00000000e5560000)
  from space 21824K,  57% used [0x00000000e6ab0000, 0x00000000e76f17c0, 0x00000000e8000000)
  to   space 21824K,   0% used [0x00000000e5560000, 0x00000000e5560000, 0x00000000e6ab0000)
 concurrent mark-sweep generation total 393216K, used 0K [0x00000000e8000000, 0x0000000100000000, 0x0000000100000000)
 Metaspace       used 21359K, capacity 21800K, committed 21936K, reserved 1069056K
  class space    used 2466K, capacity 2639K, committed 2736K, reserved 1048576K
2017-08-30T09:50:22.290+0200: 2,999: [GC (Allocation Failure) 2017-08-30T09:50:22.290+0200: 2,999: [ParNew
Desired survivor size 20112992 bytes, new threshold 8 (max 8)
- age   1:    1111504 bytes,    1111504 total
- age   2:     181296 bytes,    1292800 total
- age   3:        936 bytes,    1293736 total
- age   4:    1454680 bytes,    2748416 total
- age   5:     887000 bytes,    3635416 total
- age   6:    6614248 bytes,   10249664 total
: 99973K->16526K(109248K), 0,0100443 secs] 99973K->16526K(502464K), 0,0101062 secs] [Times: user=0,03 sys=0,00, real=0,01 secs] 
Heap after GC invocations=6 (full 1):
 par new generation   total 109248K, used 16526K [0x00000000e0000000, 0x00000000e8000000, 0x00000000e8000000)
  eden space 87424K,   0% used [0x00000000e0000000, 0x00000000e0000000, 0x00000000e5560000)
  from space 21824K,  75% used [0x00000000e5560000, 0x00000000e6583960, 0x00000000e6ab0000)
  to   space 21824K,   0% used [0x00000000e6ab0000, 0x00000000e6ab0000, 0x00000000e8000000)
 concurrent mark-sweep generation total 393216K, used 0K [0x00000000e8000000, 0x0000000100000000, 0x0000000100000000)
 Metaspace       used 21359K, capacity 21800K, committed 21936K, reserved 1069056K
  class space    used 2466K, capacity 2639K, committed 2736K, reserved 1048576K
}
2017-08-30T09:50:22.300+0200: 3,009: Total time for which application threads were stopped: 0,0147698 seconds, Stopping threads took: 0,0045182 seconds
2017-08-30T09:50:22.344+0200: 3,054: Total time for which application threads were stopped: 0,0003125 seconds, Stopping threads took: 0,0000259 seconds
2017-08-30T09:50:22.603+0200: 3,312: Total time for which application threads were stopped: 0,0004218 seconds, Stopping threads took: 0,0000206 seconds
2017-08-30T09:50:22.617+0200: 3,326: Total time for which application threads were stopped: 0,0004131 seconds, Stopping threads took: 0,0000289 seconds
{Heap before GC invocations=6 (full 1):
 par new generation   total 109248K, used 103950K [0x00000000e0000000, 0x00000000e8000000, 0x00000000e8000000)
  eden space 87424K, 100% used [0x00000000e0000000, 0x00000000e5560000, 0x00000000e5560000)
  from space 21824K,  75% used [0x00000000e5560000, 0x00000000e6583960, 0x00000000e6ab0000)
  to   space 21824K,   0% used [0x00000000e6ab0000, 0x00000000e6ab0000, 0x00000000e8000000)
 concurrent mark-sweep generation total 393216K, used 0K [0x00000000e8000000, 0x0000000100000000, 0x0000000100000000)
 Metaspace       used 23704K, capacity 24176K, committed 24240K, reserved 1071104K
  class space    used 2781K, capacity 2983K, committed 2992K, reserved 1048576K
2017-08-30T09:50:22.754+0200: 3,463: [GC (Allocation Failure) 2017-08-30T09:50:22.754+0200: 3,463: [ParNew
Desired survivor size 20112992 bytes, new threshold 8 (max 8)
- age   1:    5114432 bytes,    5114432 total
- age   2:     115544 bytes,    5229976 total
- age   3:     179864 bytes,    5409840 total
- age   4:        912 bytes,    5410752 total
- age   5:     284848 bytes,    5695600 total
- age   6:     862672 bytes,    6558272 total
- age   7:    6605840 bytes,   13164112 total
: 103950K->15805K(109248K), 0,0137128 secs] 103950K->15805K(502464K), 0,0137894 secs] [Times: user=0,05 sys=0,00, real=0,02 secs] 
Heap after GC invocations=7 (full 1):
 par new generation   total 109248K, used 15805K [0x00000000e0000000, 0x00000000e8000000, 0x00000000e8000000)
  eden space 87424K,   0% used [0x00000000e0000000, 0x00000000e0000000, 0x00000000e5560000)
  from space 21824K,  72% used [0x00000000e6ab0000, 0x00000000e7a1f570, 0x00000000e8000000)
  to   space 21824K,   0% used [0x00000000e5560000, 0x00000000e5560000, 0x00000000e6ab0000)
 concurrent mark-sweep generation total 393216K, used 0K [0x00000000e8000000, 0x0000000100000000, 0x0000000100000000)
 Metaspace       used 23704K, capacity 24176K, committed 24240K, reserved 1071104K
  class space    used 2781K, capacity 2983K, committed 2992K, reserved 1048576K
}
2017-08-30T09:50:22.768+0200: 3,477: Total time for which application threads were stopped: 0,0141666 seconds, Stopping threads took: 0,0001218 seconds
{Heap before GC invocations=7 (full 1):
 par new generation   total 109248K, used 103229K [0x00000000e0000000, 0x00000000e8000000, 0x00000000e8000000)
  eden space 87424K, 100% used [0x00000000e0000000, 0x00000000e5560000, 0x00000000e5560000)
  from space 21824K,  72% used [0x00000000e6ab0000, 0x00000000e7a1f570, 0x00000000e8000000)
  to   space 21824K,   0% used [0x00000000e5560000, 0x00000000e5560000, 0x00000000e6ab0000)
 concurrent mark-sweep generation total 393216K, used 0K [0x00000000e8000000, 0x0000000100000000, 0x0000000100000000)
 Metaspace       used 24218K, capacity 24694K, committed 24880K, reserved 1071104K
  class space    used 2843K, capacity 3048K, committed 3120K, reserved 1048576K
2017-08-30T09:50:22.858+0200: 3,567: [GC (Allocation Failure) 2017-08-30T09:50:22.858+0200: 3,567: [ParNew
Desired survivor size 20112992 bytes, new threshold 8 (max 8)
- age   1:    1981464 bytes,    1981464 total
- age   2:    1782776 bytes,    3764240 total
- age   3:      66872 bytes,    3831112 total
- age   4:      94808 bytes,    3925920 total
- age   5:        880 bytes,    3926800 total
- age   6:     189184 bytes,    4115984 total
- age   7:     795048 bytes,    4911032 total
- age   8:    6098456 bytes,   11009488 total
: 103229K->16286K(109248K), 0,0153900 secs] 103229K->16286K(502464K), 0,0154798 secs] [Times: user=0,06 sys=0,00, real=0,01 secs] 
Heap after GC invocations=8 (full 1):
 par new generation   total 109248K, used 16286K [0x00000000e0000000, 0x00000000e8000000, 0x00000000e8000000)
  eden space 87424K,   0% used [0x00000000e0000000, 0x00000000e0000000, 0x00000000e5560000)
  from space 21824K,  74% used [0x00000000e5560000, 0x00000000e6547840, 0x00000000e6ab0000)
  to   space 21824K,   0% used [0x00000000e6ab0000, 0x00000000e6ab0000, 0x00000000e8000000)
 concurrent mark-sweep generation total 393216K, used 0K [0x00000000e8000000, 0x0000000100000000, 0x0000000100000000)
 Metaspace       used 24218K, capacity 24694K, committed 24880K, reserved 1071104K
  class space    used 2843K, capacity 3048K, committed 3120K, reserved 1048576K
}
2017-08-30T09:50:22.873+0200: 3,583: Total time for which application threads were stopped: 0,0186494 seconds, Stopping threads took: 0,0029839 seconds
{Heap before GC invocations=8 (full 1):
 par new generation   total 109248K, used 103710K [0x00000000e0000000, 0x00000000e8000000, 0x00000000e8000000)
  eden space 87424K, 100% used [0x00000000e0000000, 0x00000000e5560000, 0x00000000e5560000)
  from space 21824K,  74% used [0x00000000e5560000, 0x00000000e6547840, 0x00000000e6ab0000)
  to   space 21824K,   0% used [0x00000000e6ab0000, 0x00000000e6ab0000, 0x00000000e8000000)
 concurrent mark-sweep generation total 393216K, used 0K [0x00000000e8000000, 0x0000000100000000, 0x0000000100000000)
 Metaspace       used 24511K, capacity 24976K, committed 25136K, reserved 1071104K
  class space    used 2867K, capacity 3053K, committed 3120K, reserved 1048576K
2017-08-30T09:50:22.973+0200: 3,682: [GC (Allocation Failure) 2017-08-30T09:50:22.973+0200: 3,682: [ParNew
Desired survivor size 20112992 bytes, new threshold 8 (max 8)
- age   1:     543936 bytes,     543936 total
- age   2:     978680 bytes,    1522616 total
- age   3:    1760328 bytes,    3282944 total
- age   4:      66872 bytes,    3349816 total
- age   5:      94640 bytes,    3444456 total
- age   6:        848 bytes,    3445304 total
- age   7:     186416 bytes,    3631720 total
- age   8:     794280 bytes,    4426000 total
: 103710K->6752K(109248K), 0,0568699 secs] 103710K->12790K(502464K), 0,0569643 secs] [Times: user=0,10 sys=0,01, real=0,06 secs] 
Heap after GC invocations=9 (full 1):
 par new generation   total 109248K, used 6752K [0x00000000e0000000, 0x00000000e8000000, 0x00000000e8000000)
  eden space 87424K,   0% used [0x00000000e0000000, 0x00000000e0000000, 0x00000000e5560000)
  from space 21824K,  30% used [0x00000000e6ab0000, 0x00000000e71482f0, 0x00000000e8000000)
  to   space 21824K,   0% used [0x00000000e5560000, 0x00000000e5560000, 0x00000000e6ab0000)
 concurrent mark-sweep generation total 393216K, used 6037K [0x00000000e8000000, 0x0000000100000000, 0x0000000100000000)
 Metaspace       used 24511K, capacity 24976K, committed 25136K, reserved 1071104K
  class space    used 2867K, capacity 3053K, committed 3120K, reserved 1048576K
}
2017-08-30T09:50:23.030+0200: 3,739: Total time for which application threads were stopped: 0,0573235 seconds, Stopping threads took: 0,0001924 seconds
2017-08-30T09:50:23.356+0200: 4,066: Total time for which application threads were stopped: 0,0004552 seconds, Stopping threads took: 0,0000470 seconds
2017-08-30T09:50:23.389+0200: 4,098: Total time for which application threads were stopped: 0,0005238 seconds, Stopping threads took: 0,0000471 seconds
2017-08-30T09:50:23.407+0200: 4,116: Total time for which application threads were stopped: 0,0003391 seconds, Stopping threads took: 0,0001642 seconds
2017-08-30T09:50:23.412+0200: 4,122: Total time for which application threads were stopped: 0,0005628 seconds, Stopping threads took: 0,0000325 seconds
2017-08-30T09:50:23.424+0200: 4,134: Total time for which application threads were stopped: 0,0001440 seconds, Stopping threads took: 0,0000385 seconds
2017-08-30T09:50:23.428+0200: 4,137: Total time for which application threads were stopped: 0,0001307 seconds, Stopping threads took: 0,0000480 seconds
2017-08-30T09:50:23.432+0200: 4,141: Total time for which application threads were stopped: 0,0002235 seconds, Stopping threads took: 0,0001123 seconds
2017-08-30T09:50:23.432+0200: 4,141: Total time for which application threads were stopped: 0,0001067 seconds, Stopping threads took: 0,0000378 seconds
2017-08-30T09:50:23.476+0200: 4,185: Total time for which application threads were stopped: 0,0001849 seconds, Stopping threads took: 0,0000478 seconds
2017-08-30T09:50:23.478+0200: 4,188: Total time for which application threads were stopped: 0,0004082 seconds, Stopping threads took: 0,0000247 seconds
2017-08-30T09:50:23.479+0200: 4,189: Total time for which application threads were stopped: 0,0001381 seconds, Stopping threads took: 0,0000410 seconds
2017-08-30T09:50:23.480+0200: 4,189: Total time for which application threads were stopped: 0,0001383 seconds, Stopping threads took: 0,0000485 seconds
2017-08-30T09:50:23.480+0200: 4,190: Total time for which application threads were stopped: 0,0000885 seconds, Stopping threads took: 0,0000273 seconds
2017-08-30T09:50:23.480+0200: 4,190: Total time for which application threads were stopped: 0,0000993 seconds, Stopping threads took: 0,0000222 seconds
2017-08-30T09:50:23.481+0200: 4,191: Total time for which application threads were stopped: 0,0001230 seconds, Stopping threads took: 0,0000305 seconds
2017-08-30T09:50:23.486+0200: 4,195: Total time for which application threads were stopped: 0,0001441 seconds, Stopping threads took: 0,0000469 seconds
2017-08-30T09:50:23.491+0200: 4,201: Total time for which application threads were stopped: 0,0001291 seconds, Stopping threads took: 0,0000470 seconds
2017-08-30T09:50:23.502+0200: 4,211: Total time for which application threads were stopped: 0,0015046 seconds, Stopping threads took: 0,0014171 seconds
2017-08-30T09:50:23.510+0200: 4,219: Total time for which application threads were stopped: 0,0038335 seconds, Stopping threads took: 0,0037095 seconds
2017-08-30T09:50:23.510+0200: 4,219: Total time for which application threads were stopped: 0,0001414 seconds, Stopping threads took: 0,0000923 seconds
2017-08-30T09:50:23.511+0200: 4,221: Total time for which application threads were stopped: 0,0010089 seconds, Stopping threads took: 0,0008802 seconds
2017-08-30T09:50:23.514+0200: 4,223: Total time for which application threads were stopped: 0,0001834 seconds, Stopping threads took: 0,0000949 seconds
2017-08-30T09:50:23.514+0200: 4,224: Total time for which application threads were stopped: 0,0004612 seconds, Stopping threads took: 0,0004174 seconds
2017-08-30T09:50:23.515+0200: 4,224: Total time for which application threads were stopped: 0,0000529 seconds, Stopping threads took: 0,0000117 seconds
2017-08-30T09:50:23.515+0200: 4,224: Total time for which application threads were stopped: 0,0000471 seconds, Stopping threads took: 0,0000148 seconds
2017-08-30T09:50:23.515+0200: 4,224: Total time for which application threads were stopped: 0,0000439 seconds, Stopping threads took: 0,0000085 seconds
2017-08-30T09:50:23.515+0200: 4,224: Total time for which application threads were stopped: 0,0001514 seconds, Stopping threads took: 0,0000159 seconds
2017-08-30T09:50:23.518+0200: 4,227: Total time for which application threads were stopped: 0,0001081 seconds, Stopping threads took: 0,0000297 seconds
2017-08-30T09:50:23.519+0200: 4,229: Total time for which application threads were stopped: 0,0001094 seconds, Stopping threads took: 0,0000227 seconds
2017-08-30T09:50:23.520+0200: 4,230: Total time for which application threads were stopped: 0,0001346 seconds, Stopping threads took: 0,0000479 seconds
2017-08-30T09:50:23.521+0200: 4,230: Total time for which application threads were stopped: 0,0000756 seconds, Stopping threads took: 0,0000237 seconds
2017-08-30T09:50:23.521+0200: 4,231: Total time for which application threads were stopped: 0,0001155 seconds, Stopping threads took: 0,0000390 seconds
2017-08-30T09:50:23.528+0200: 4,237: Total time for which application threads were stopped: 0,0001642 seconds, Stopping threads took: 0,0000376 seconds
2017-08-30T09:50:23.529+0200: 4,238: Total time for which application threads were stopped: 0,0010048 seconds, Stopping threads took: 0,0009423 seconds
2017-08-30T09:50:23.529+0200: 4,239: Total time for which application threads were stopped: 0,0000768 seconds, Stopping threads took: 0,0000243 seconds
2017-08-30T09:50:23.529+0200: 4,239: Total time for which application threads were stopped: 0,0000885 seconds, Stopping threads took: 0,0000294 seconds
2017-08-30T09:50:23.529+0200: 4,239: Total time for which application threads were stopped: 0,0000846 seconds, Stopping threads took: 0,0000226 seconds
2017-08-30T09:50:23.530+0200: 4,239: Total time for which application threads were stopped: 0,0001047 seconds, Stopping threads took: 0,0000283 seconds
2017-08-30T09:50:23.531+0200: 4,241: Total time for which application threads were stopped: 0,0001514 seconds, Stopping threads took: 0,0000453 seconds
2017-08-30T09:50:23.532+0200: 4,241: Total time for which application threads were stopped: 0,0001138 seconds, Stopping threads took: 0,0000208 seconds
2017-08-30T09:50:23.532+0200: 4,242: Total time for which application threads were stopped: 0,0002965 seconds, Stopping threads took: 0,0002368 seconds
2017-08-30T09:50:23.533+0200: 4,243: Total time for which application threads were stopped: 0,0007785 seconds, Stopping threads took: 0,0006913 seconds
2017-08-30T09:50:23.533+0200: 4,243: Total time for which application threads were stopped: 0,0000661 seconds, Stopping threads took: 0,0000115 seconds
2017-08-30T09:50:23.534+0200: 4,243: Total time for which application threads were stopped: 0,0000629 seconds, Stopping threads took: 0,0000108 seconds
2017-08-30T09:50:23.534+0200: 4,243: Total time for which application threads were stopped: 0,0000802 seconds, Stopping threads took: 0,0000095 seconds
2017-08-30T09:50:23.538+0200: 4,247: Total time for which application threads were stopped: 0,0001383 seconds, Stopping threads took: 0,0000236 seconds
2017-08-30T09:50:23.538+0200: 4,247: Total time for which application threads were stopped: 0,0000741 seconds, Stopping threads took: 0,0000137 seconds
2017-08-30T09:50:23.538+0200: 4,248: Total time for which application threads were stopped: 0,0002889 seconds, Stopping threads took: 0,0002183 seconds
2017-08-30T09:50:23.539+0200: 4,248: Total time for which application threads were stopped: 0,0002185 seconds, Stopping threads took: 0,0000310 seconds
2017-08-30T09:50:23.539+0200: 4,249: Total time for which application threads were stopped: 0,0001377 seconds, Stopping threads took: 0,0000503 seconds
2017-08-30T09:50:23.586+0200: 4,296: Total time for which application threads were stopped: 0,0001614 seconds, Stopping threads took: 0,0000524 seconds
2017-08-30T09:50:23.591+0200: 4,301: Total time for which application threads were stopped: 0,0001299 seconds, Stopping threads took: 0,0000576 seconds
2017-08-30T09:50:23.618+0200: 4,327: Total time for which application threads were stopped: 0,0019689 seconds, Stopping threads took: 0,0018570 seconds
2017-08-30T09:50:23.619+0200: 4,328: Total time for which application threads were stopped: 0,0004865 seconds, Stopping threads took: 0,0000152 seconds
2017-08-30T09:50:23.626+0200: 4,335: Total time for which application threads were stopped: 0,0014786 seconds, Stopping threads took: 0,0013716 seconds
{Heap before GC invocations=9 (full 1):
 par new generation   total 109248K, used 94176K [0x00000000e0000000, 0x00000000e8000000, 0x00000000e8000000)
  eden space 87424K, 100% used [0x00000000e0000000, 0x00000000e5560000, 0x00000000e5560000)
  from space 21824K,  30% used [0x00000000e6ab0000, 0x00000000e71482f0, 0x00000000e8000000)
  to   space 21824K,   0% used [0x00000000e5560000, 0x00000000e5560000, 0x00000000e6ab0000)
 concurrent mark-sweep generation total 393216K, used 6037K [0x00000000e8000000, 0x0000000100000000, 0x0000000100000000)
 Metaspace       used 27792K, capacity 28272K, committed 28464K, reserved 1075200K
  class space    used 3180K, capacity 3359K, committed 3376K, reserved 1048576K
2017-08-30T09:50:23.628+0200: 4,338: [GC (Allocation Failure) 2017-08-30T09:50:23.628+0200: 4,338: [ParNew
Desired survivor size 20112992 bytes, new threshold 8 (max 8)
- age   1:   11140784 bytes,   11140784 total
- age   2:     201296 bytes,   11342080 total
- age   3:     200048 bytes,   11542128 total
- age   4:    1754080 bytes,   13296208 total
- age   5:      64424 bytes,   13360632 total
- age   6:      94384 bytes,   13455016 total
- age   7:        848 bytes,   13455864 total
- age   8:     185824 bytes,   13641688 total
: 94176K->14939K(109248K), 0,0198494 secs] 100214K->21843K(502464K), 0,0199460 secs] [Times: user=0,07 sys=0,01, real=0,02 secs] 
Heap after GC invocations=10 (full 1):
 par new generation   total 109248K, used 14939K [0x00000000e0000000, 0x00000000e8000000, 0x00000000e8000000)
  eden space 87424K,   0% used [0x00000000e0000000, 0x00000000e0000000, 0x00000000e5560000)
  from space 21824K,  68% used [0x00000000e5560000, 0x00000000e63f6d08, 0x00000000e6ab0000)
  to   space 21824K,   0% used [0x00000000e6ab0000, 0x00000000e6ab0000, 0x00000000e8000000)
 concurrent mark-sweep generation total 393216K, used 6904K [0x00000000e8000000, 0x0000000100000000, 0x0000000100000000)
 Metaspace       used 27792K, capacity 28272K, committed 28464K, reserved 1075200K
  class space    used 3180K, capacity 3359K, committed 3376K, reserved 1048576K
}
2017-08-30T09:50:23.648+0200: 4,358: Total time for which application threads were stopped: 0,0201159 seconds, Stopping threads took: 0,0000231 seconds
2017-08-30T09:50:23.649+0200: 4,359: Total time for which application threads were stopped: 0,0001457 seconds, Stopping threads took: 0,0000890 seconds
2017-08-30T09:50:23.650+0200: 4,359: Total time for which application threads were stopped: 0,0000869 seconds, Stopping threads took: 0,0000340 seconds
2017-08-30T09:50:24.650+0200: 5,359: Total time for which application threads were stopped: 0,0000649 seconds, Stopping threads took: 0,0000181 seconds
2017-08-30T09:51:41.658+0200: 82,368: Total time for which application threads were stopped: 0,0007880 seconds, Stopping threads took: 0,0001275 seconds
2017-08-30T09:52:16.663+0200: 117,373: Total time for which application threads were stopped: 0,0000887 seconds, Stopping threads took: 0,0000402 seconds
2017-08-30T09:52:21.664+0200: 122,373: Total time for which application threads were stopped: 0,0000952 seconds, Stopping threads took: 0,0000250 seconds
2017-08-30T09:53:20.672+0200: 181,381: Total time for which application threads were stopped: 0,0001275 seconds, Stopping threads took: 0,0000502 seconds
2017-08-30T09:54:56.685+0200: 277,395: Total time for which application threads were stopped: 0,0000887 seconds, Stopping threads took: 0,0000374 seconds
2017-08-30T10:13:45.846+0200: 1406,555: Total time for which application threads were stopped: 0,0000867 seconds, Stopping threads took: 0,0000341 seconds
2017-08-30T10:19:20.879+0200: 1741,588: Total time for which application threads were stopped: 0,0000928 seconds, Stopping threads took: 0,0000306 seconds
2017-08-30T10:28:40.948+0200: 2301,657: Total time for which application threads were stopped: 0,0000908 seconds, Stopping threads took: 0,0000308 seconds
2017-08-30T10:28:41.948+0200: 2302,658: Total time for which application threads were stopped: 0,0001367 seconds, Stopping threads took: 0,0000296 seconds
2017-08-30T10:43:37.079+0200: 3197,789: Total time for which application threads were stopped: 0,0000835 seconds, Stopping threads took: 0,0000319 seconds
2017-08-30T10:44:21.086+0200: 3241,796: Total time for which application threads were stopped: 0,0001629 seconds, Stopping threads took: 0,0000555 seconds
2017-08-30T10:52:51.162+0200: 3751,871: Total time for which application threads were stopped: 0,0002222 seconds, Stopping threads took: 0,0000662 seconds
2017-08-30T10:54:06.173+0200: 3826,883: Total time for which application threads were stopped: 0,0000964 seconds, Stopping threads took: 0,0000327 seconds
2017-08-30T10:54:16.175+0200: 3836,884: Total time for which application threads were stopped: 0,0001621 seconds, Stopping threads took: 0,0000580 seconds
2017-08-30T11:10:07.284+0200: 4787,993: Total time for which application threads were stopped: 0,0000845 seconds, Stopping threads took: 0,0000337 seconds
2017-08-30T11:10:37.287+0200: 4817,996: Total time for which application threads were stopped: 0,0001189 seconds, Stopping threads took: 0,0000459 seconds
2017-08-30T11:40:31.468+0200: 6612,177: Total time for which application threads were stopped: 0,0000893 seconds, Stopping threads took: 0,0000353 seconds
2017-08-30T11:45:51.503+0200: 6932,213: Total time for which application threads were stopped: 0,0000876 seconds, Stopping threads took: 0,0000303 seconds
2017-08-30T11:52:21.543+0200: 7322,252: Total time for which application threads were stopped: 0,0001018 seconds, Stopping threads took: 0,0000390 seconds
2017-08-30T11:58:21.579+0200: 7682,289: Total time for which application threads were stopped: 0,0000970 seconds, Stopping threads took: 0,0000390 seconds
2017-08-30T13:02:20.980+0200: 11521,690: Total time for which application threads were stopped: 0,0000734 seconds, Stopping threads took: 0,0000259 seconds
2017-08-30T13:02:50.984+0200: 11551,694: Total time for which application threads were stopped: 0,0001651 seconds, Stopping threads took: 0,0000623 seconds
2017-08-30T13:32:53.547+0200: 13354,256: Total time for which application threads were stopped: 0,0001200 seconds, Stopping threads took: 0,0000335 seconds
2017-08-30T13:32:53.550+0200: 13354,259: Total time for which application threads were stopped: 0,0001169 seconds, Stopping threads took: 0,0000212 seconds
2017-08-30T13:32:53.576+0200: 13354,286: Total time for which application threads were stopped: 0,0184411 seconds, Stopping threads took: 0,0183491 seconds
2017-08-30T13:32:53.576+0200: 13354,286: Total time for which application threads were stopped: 0,0000614 seconds, Stopping threads took: 0,0000102 seconds
2017-08-30T13:32:53.576+0200: 13354,286: Total time for which application threads were stopped: 0,0000560 seconds, Stopping threads took: 0,0000112 seconds
2017-08-30T13:32:53.580+0200: 13354,290: Total time for which application threads were stopped: 0,0000820 seconds, Stopping threads took: 0,0000143 seconds
2017-08-30T13:32:53.580+0200: 13354,290: Total time for which application threads were stopped: 0,0000417 seconds, Stopping threads took: 0,0000058 seconds
2017-08-30T13:32:53.580+0200: 13354,290: Total time for which application threads were stopped: 0,0000368 seconds, Stopping threads took: 0,0000048 seconds
2017-08-30T13:32:53.588+0200: 13354,297: Total time for which application threads were stopped: 0,0001046 seconds, Stopping threads took: 0,0000323 seconds
2017-08-30T13:32:53.588+0200: 13354,297: Total time for which application threads were stopped: 0,0000653 seconds, Stopping threads took: 0,0000171 seconds
2017-08-30T13:32:53.588+0200: 13354,297: Total time for which application threads were stopped: 0,0000568 seconds, Stopping threads took: 0,0000179 seconds
2017-08-30T13:32:53.588+0200: 13354,297: Total time for which application threads were stopped: 0,0000562 seconds, Stopping threads took: 0,0000147 seconds
2017-08-30T13:32:53.591+0200: 13354,300: Total time for which application threads were stopped: 0,0001069 seconds, Stopping threads took: 0,0000349 seconds
2017-08-30T13:32:53.591+0200: 13354,300: Total time for which application threads were stopped: 0,0000597 seconds, Stopping threads took: 0,0000155 seconds
2017-08-30T13:32:53.591+0200: 13354,301: Total time for which application threads were stopped: 0,0000513 seconds, Stopping threads took: 0,0000156 seconds
2017-08-30T13:32:53.591+0200: 13354,301: Total time for which application threads were stopped: 0,0000526 seconds, Stopping threads took: 0,0000163 seconds
2017-08-30T13:32:53.592+0200: 13354,301: Total time for which application threads were stopped: 0,0000775 seconds, Stopping threads took: 0,0000244 seconds
2017-08-30T13:32:53.592+0200: 13354,301: Total time for which application threads were stopped: 0,0000547 seconds, Stopping threads took: 0,0000146 seconds
2017-08-30T13:32:53.592+0200: 13354,301: Total time for which application threads were stopped: 0,0000544 seconds, Stopping threads took: 0,0000144 seconds
2017-08-30T13:32:53.592+0200: 13354,302: Total time for which application threads were stopped: 0,0000472 seconds, Stopping threads took: 0,0000152 seconds
2017-08-30T13:32:53.592+0200: 13354,302: Total time for which application threads were stopped: 0,0000452 seconds, Stopping threads took: 0,0000119 seconds
2017-08-30T13:32:53.599+0200: 13354,309: Total time for which application threads were stopped: 0,0010143 seconds, Stopping threads took: 0,0009291 seconds
2017-08-30T13:32:53.599+0200: 13354,309: Total time for which application threads were stopped: 0,0001116 seconds, Stopping threads took: 0,0000224 seconds
2017-08-30T13:32:53.599+0200: 13354,309: Total time for which application threads were stopped: 0,0000664 seconds, Stopping threads took: 0,0000183 seconds
2017-08-30T13:32:53.600+0200: 13354,309: Total time for which application threads were stopped: 0,0000570 seconds, Stopping threads took: 0,0000172 seconds
2017-08-30T13:32:53.606+0200: 13354,315: Total time for which application threads were stopped: 0,0050961 seconds, Stopping threads took: 0,0050073 seconds
2017-08-30T13:32:53.621+0200: 13354,331: Total time for which application threads were stopped: 0,0005508 seconds, Stopping threads took: 0,0004553 seconds
2017-08-30T13:32:53.624+0200: 13354,334: Total time for which application threads were stopped: 0,0006642 seconds, Stopping threads took: 0,0005981 seconds
2017-08-30T13:32:53.626+0200: 13354,335: Total time for which application threads were stopped: 0,0000711 seconds, Stopping threads took: 0,0000162 seconds
2017-08-30T13:32:53.631+0200: 13354,340: Total time for which application threads were stopped: 0,0001005 seconds, Stopping threads took: 0,0000269 seconds
2017-08-30T13:32:53.631+0200: 13354,340: Total time for which application threads were stopped: 0,0000605 seconds, Stopping threads took: 0,0000181 seconds
2017-08-30T13:32:53.633+0200: 13354,342: Total time for which application threads were stopped: 0,0000886 seconds, Stopping threads took: 0,0000299 seconds
2017-08-30T13:32:53.633+0200: 13354,342: Total time for which application threads were stopped: 0,0000459 seconds, Stopping threads took: 0,0000099 seconds
2017-08-30T13:32:53.633+0200: 13354,342: Total time for which application threads were stopped: 0,0000472 seconds, Stopping threads took: 0,0000124 seconds
2017-08-30T13:32:53.633+0200: 13354,343: Total time for which application threads were stopped: 0,0000440 seconds, Stopping threads took: 0,0000116 seconds
2017-08-30T13:32:53.635+0200: 13354,345: Total time for which application threads were stopped: 0,0001109 seconds, Stopping threads took: 0,0000357 seconds
2017-08-30T13:32:53.636+0200: 13354,345: Total time for which application threads were stopped: 0,0000651 seconds, Stopping threads took: 0,0000215 seconds
2017-08-30T13:32:53.636+0200: 13354,345: Total time for which application threads were stopped: 0,0000525 seconds, Stopping threads took: 0,0000178 seconds
2017-08-30T13:32:53.636+0200: 13354,345: Total time for which application threads were stopped: 0,0001388 seconds, Stopping threads took: 0,0000056 seconds
2017-08-30T13:32:53.636+0200: 13354,346: Total time for which application threads were stopped: 0,0000538 seconds, Stopping threads took: 0,0000156 seconds
2017-08-30T13:32:53.638+0200: 13354,348: Total time for which application threads were stopped: 0,0001191 seconds, Stopping threads took: 0,0000268 seconds
2017-08-30T13:32:53.640+0200: 13354,349: Total time for which application threads were stopped: 0,0000836 seconds, Stopping threads took: 0,0000229 seconds
2017-08-30T13:32:53.641+0200: 13354,351: Total time for which application threads were stopped: 0,0001006 seconds, Stopping threads took: 0,0000214 seconds
Heap
 par new generation   total 109248K, used 42572K [0x00000000e0000000, 0x00000000e8000000, 0x00000000e8000000)
  eden space 87424K,  31% used [0x00000000e0000000, 0x00000000e1afc338, 0x00000000e5560000)
  from space 21824K,  68% used [0x00000000e5560000, 0x00000000e63f6d08, 0x00000000e6ab0000)
  to   space 21824K,   0% used [0x00000000e6ab0000, 0x00000000e6ab0000, 0x00000000e8000000)
 concurrent mark-sweep generation total 393216K, used 6904K [0x00000000e8000000, 0x0000000100000000, 0x0000000100000000)
 Metaspace       used 28183K, capacity 28664K, committed 28848K, reserved 1075200K
  class space    used 3227K, capacity 3425K, committed 3504K, reserved 1048576K
