OpenJDK 64-Bit Server VM (25.131-b11) for linux-amd64 JRE (1.8.0_131-8u131-b11-2ubuntu1.16.04.3-b11), built on Jul 28 2017 01:23:32 by "buildd" with gcc 5.4.0 20160609
Memory: 4k page, physical 7867732k(7393100k free), swap 8076284k(8076284k free)
CommandLine flags: -XX:CMSInitiatingOccupancyFraction=50 -XX:CMSMaxAbortablePrecleanTime=6000 -XX:+CMSParallelRemarkEnabled -XX:+CMSScavengeBeforeRemark -XX:ConcGCThreads=4 -XX:InitialHeapSize=536870912 -XX:MaxHeapSize=536870912 -XX:MaxTenuringThreshold=8 -XX:NewRatio=3 -XX:OldPLABSize=16 -XX:OnOutOfMemoryError=/opt/solr/bin/oom_solr.sh 8983 /var/solr/logs -XX:ParallelGCThreads=4 -XX:+ParallelRefProcEnabled -XX:PretenureSizeThreshold=67108864 -XX:+PrintGC -XX:+PrintGCApplicationStoppedTime -XX:+PrintGCDateStamps -XX:+PrintGCDetails -XX:+PrintGCTimeStamps -XX:+PrintHeapAtGC -XX:+PrintTenuringDistribution -XX:SurvivorRatio=4 -XX:TargetSurvivorRatio=90 -XX:ThreadStackSize=256 -XX:+UseCMSInitiatingOccupancyOnly -XX:+UseCompressedClassPointers -XX:+UseCompressedOops -XX:+UseConcMarkSweepGC -XX:+UseParNewGC 
2017-09-04T10:30:52.895+0200: 0,168: Total time for which application threads were stopped: 0,0000679 seconds, Stopping threads took: 0,0000123 seconds
2017-09-04T10:30:52.985+0200: 0,258: Total time for which application threads were stopped: 0,0002281 seconds, Stopping threads took: 0,0001203 seconds
2017-09-04T10:30:52.999+0200: 0,272: Total time for which application threads were stopped: 0,0000767 seconds, Stopping threads took: 0,0000187 seconds
2017-09-04T10:30:53.195+0200: 0,468: Total time for which application threads were stopped: 0,0002691 seconds, Stopping threads took: 0,0000278 seconds
2017-09-04T10:30:53.693+0200: 0,967: Total time for which application threads were stopped: 0,0001948 seconds, Stopping threads took: 0,0000158 seconds
2017-09-04T10:30:53.799+0200: 1,072: Total time for which application threads were stopped: 0,0001478 seconds, Stopping threads took: 0,0000186 seconds
2017-09-04T10:30:53.856+0200: 1,130: Total time for which application threads were stopped: 0,0015767 seconds, Stopping threads took: 0,0000999 seconds
2017-09-04T10:30:54.138+0200: 1,411: Total time for which application threads were stopped: 0,0001779 seconds, Stopping threads took: 0,0000185 seconds
2017-09-04T10:30:54.370+0200: 1,643: Total time for which application threads were stopped: 0,0002563 seconds, Stopping threads took: 0,0000203 seconds
2017-09-04T10:30:54.394+0200: 1,667: Total time for which application threads were stopped: 0,0002036 seconds, Stopping threads took: 0,0000224 seconds
2017-09-04T10:30:54.428+0200: 1,701: Total time for which application threads were stopped: 0,0003542 seconds, Stopping threads took: 0,0000190 seconds
2017-09-04T10:30:54.428+0200: 1,702: Total time for which application threads were stopped: 0,0001878 seconds, Stopping threads took: 0,0000185 seconds
2017-09-04T10:30:54.453+0200: 1,726: Total time for which application threads were stopped: 0,0001842 seconds, Stopping threads took: 0,0000200 seconds
2017-09-04T10:30:54.542+0200: 1,816: Total time for which application threads were stopped: 0,0002123 seconds, Stopping threads took: 0,0000213 seconds
2017-09-04T10:30:54.698+0200: 1,971: Total time for which application threads were stopped: 0,0002721 seconds, Stopping threads took: 0,0000582 seconds
2017-09-04T10:30:54.783+0200: 2,056: Total time for which application threads were stopped: 0,0002141 seconds, Stopping threads took: 0,0000518 seconds
{Heap before GC invocations=0 (full 0):
 par new generation   total 109248K, used 87424K [0x00000000e0000000, 0x00000000e8000000, 0x00000000e8000000)
  eden space 87424K, 100% used [0x00000000e0000000, 0x00000000e5560000, 0x00000000e5560000)
  from space 21824K,   0% used [0x00000000e5560000, 0x00000000e5560170, 0x00000000e6ab0000)
  to   space 21824K,   0% used [0x00000000e6ab0000, 0x00000000e6ab0000, 0x00000000e8000000)
 concurrent mark-sweep generation total 393216K, used 0K [0x00000000e8000000, 0x0000000100000000, 0x0000000100000000)
 Metaspace       used 18048K, capacity 18400K, committed 18688K, reserved 1064960K
  class space    used 2036K, capacity 2196K, committed 2304K, reserved 1048576K
2017-09-04T10:30:54.790+0200: 2,063: [GC (GCLocker Initiated GC) 2017-09-04T10:30:54.790+0200: 2,063: [ParNew
Desired survivor size 20112992 bytes, new threshold 8 (max 8)
- age   1:   12423832 bytes,   12423832 total
: 87424K->12248K(109248K), 0,0157914 secs] 87424K->12248K(502464K), 0,0158491 secs] [Times: user=0,04 sys=0,02, real=0,02 secs] 
Heap after GC invocations=1 (full 0):
 par new generation   total 109248K, used 12248K [0x00000000e0000000, 0x00000000e8000000, 0x00000000e8000000)
  eden space 87424K,   0% used [0x00000000e0000000, 0x00000000e0000000, 0x00000000e5560000)
  from space 21824K,  56% used [0x00000000e6ab0000, 0x00000000e76a62c8, 0x00000000e8000000)
  to   space 21824K,   0% used [0x00000000e5560000, 0x00000000e5560000, 0x00000000e6ab0000)
 concurrent mark-sweep generation total 393216K, used 0K [0x00000000e8000000, 0x0000000100000000, 0x0000000100000000)
 Metaspace       used 18048K, capacity 18400K, committed 18688K, reserved 1064960K
  class space    used 2036K, capacity 2196K, committed 2304K, reserved 1048576K
}
2017-09-04T10:30:54.806+0200: 2,079: Total time for which application threads were stopped: 0,0162473 seconds, Stopping threads took: 0,0002229 seconds
2017-09-04T10:30:55.100+0200: 2,373: Total time for which application threads were stopped: 0,0003012 seconds, Stopping threads took: 0,0000336 seconds
{Heap before GC invocations=1 (full 0):
 par new generation   total 109248K, used 99672K [0x00000000e0000000, 0x00000000e8000000, 0x00000000e8000000)
  eden space 87424K, 100% used [0x00000000e0000000, 0x00000000e5560000, 0x00000000e5560000)
  from space 21824K,  56% used [0x00000000e6ab0000, 0x00000000e76a62c8, 0x00000000e8000000)
  to   space 21824K,   0% used [0x00000000e5560000, 0x00000000e5560000, 0x00000000e6ab0000)
 concurrent mark-sweep generation total 393216K, used 0K [0x00000000e8000000, 0x0000000100000000, 0x0000000100000000)
 Metaspace       used 20071K, capacity 20414K, committed 20736K, reserved 1067008K
  class space    used 2292K, capacity 2465K, committed 2560K, reserved 1048576K
2017-09-04T10:30:55.143+0200: 2,416: [GC (Allocation Failure) 2017-09-04T10:30:55.143+0200: 2,416: [ParNew
Desired survivor size 20112992 bytes, new threshold 8 (max 8)
- age   1:    3846520 bytes,    3846520 total
- age   2:    6675568 bytes,   10522088 total
: 99672K->15639K(109248K), 0,0191487 secs] 99672K->15639K(502464K), 0,0192234 secs] [Times: user=0,07 sys=0,01, real=0,02 secs] 
Heap after GC invocations=2 (full 0):
 par new generation   total 109248K, used 15639K [0x00000000e0000000, 0x00000000e8000000, 0x00000000e8000000)
  eden space 87424K,   0% used [0x00000000e0000000, 0x00000000e0000000, 0x00000000e5560000)
  from space 21824K,  71% used [0x00000000e5560000, 0x00000000e64a5fc0, 0x00000000e6ab0000)
  to   space 21824K,   0% used [0x00000000e6ab0000, 0x00000000e6ab0000, 0x00000000e8000000)
 concurrent mark-sweep generation total 393216K, used 0K [0x00000000e8000000, 0x0000000100000000, 0x0000000100000000)
 Metaspace       used 20071K, capacity 20414K, committed 20736K, reserved 1067008K
  class space    used 2292K, capacity 2465K, committed 2560K, reserved 1048576K
}
2017-09-04T10:30:55.162+0200: 2,435: Total time for which application threads were stopped: 0,0194632 seconds, Stopping threads took: 0,0000802 seconds
2017-09-04T10:30:55.165+0200: 2,439: Total time for which application threads were stopped: 0,0003440 seconds, Stopping threads took: 0,0000496 seconds
2017-09-04T10:30:55.207+0200: 2,480: Total time for which application threads were stopped: 0,0004780 seconds, Stopping threads took: 0,0000548 seconds
2017-09-04T10:30:55.329+0200: 2,602: Total time for which application threads were stopped: 0,0001582 seconds, Stopping threads took: 0,0000489 seconds
{Heap before GC invocations=2 (full 0):
 par new generation   total 109248K, used 103063K [0x00000000e0000000, 0x00000000e8000000, 0x00000000e8000000)
  eden space 87424K, 100% used [0x00000000e0000000, 0x00000000e5560000, 0x00000000e5560000)
  from space 21824K,  71% used [0x00000000e5560000, 0x00000000e64a5fc0, 0x00000000e6ab0000)
  to   space 21824K,   0% used [0x00000000e6ab0000, 0x00000000e6ab0000, 0x00000000e8000000)
 concurrent mark-sweep generation total 393216K, used 0K [0x00000000e8000000, 0x0000000100000000, 0x0000000100000000)
 Metaspace       used 20987K, capacity 21336K, committed 21628K, reserved 1069056K
  class space    used 2415K, capacity 2584K, committed 2684K, reserved 1048576K
2017-09-04T10:30:55.372+0200: 2,645: [GC (Allocation Failure) 2017-09-04T10:30:55.372+0200: 2,645: [ParNew
Desired survivor size 20112992 bytes, new threshold 8 (max 8)
- age   1:    2194504 bytes,    2194504 total
- age   2:     881040 bytes,    3075544 total
- age   3:    6657616 bytes,    9733160 total
: 103063K->12440K(109248K), 0,0133306 secs] 103063K->12440K(502464K), 0,0134043 secs] [Times: user=0,04 sys=0,00, real=0,02 secs] 
Heap after GC invocations=3 (full 0):
 par new generation   total 109248K, used 12440K [0x00000000e0000000, 0x00000000e8000000, 0x00000000e8000000)
  eden space 87424K,   0% used [0x00000000e0000000, 0x00000000e0000000, 0x00000000e5560000)
  from space 21824K,  57% used [0x00000000e6ab0000, 0x00000000e76d6248, 0x00000000e8000000)
  to   space 21824K,   0% used [0x00000000e5560000, 0x00000000e5560000, 0x00000000e6ab0000)
 concurrent mark-sweep generation total 393216K, used 0K [0x00000000e8000000, 0x0000000100000000, 0x0000000100000000)
 Metaspace       used 20987K, capacity 21336K, committed 21628K, reserved 1069056K
  class space    used 2415K, capacity 2584K, committed 2684K, reserved 1048576K
}
2017-09-04T10:30:55.386+0200: 2,659: Total time for which application threads were stopped: 0,0146268 seconds, Stopping threads took: 0,0010683 seconds
2017-09-04T10:30:55.389+0200: 2,663: [GC (CMS Initial Mark) [1 CMS-initial-mark: 0K(393216K)] 16756K(502464K), 0,0079554 secs] [Times: user=0,03 sys=0,00, real=0,01 secs] 
2017-09-04T10:30:55.397+0200: 2,671: Total time for which application threads were stopped: 0,0080999 seconds, Stopping threads took: 0,0000285 seconds
2017-09-04T10:30:55.397+0200: 2,671: [CMS-concurrent-mark-start]
2017-09-04T10:30:55.401+0200: 2,674: [CMS-concurrent-mark: 0,004/0,004 secs] [Times: user=0,01 sys=0,00, real=0,00 secs] 
2017-09-04T10:30:55.401+0200: 2,674: [CMS-concurrent-preclean-start]
2017-09-04T10:30:55.403+0200: 2,676: [CMS-concurrent-preclean: 0,001/0,001 secs] [Times: user=0,00 sys=0,00, real=0,00 secs] 
2017-09-04T10:30:55.403+0200: 2,676: [CMS-concurrent-abortable-preclean-start]
2017-09-04T10:30:55.465+0200: 2,738: Total time for which application threads were stopped: 0,0014475 seconds, Stopping threads took: 0,0013610 seconds
{Heap before GC invocations=3 (full 1):
 par new generation   total 109248K, used 99864K [0x00000000e0000000, 0x00000000e8000000, 0x00000000e8000000)
  eden space 87424K, 100% used [0x00000000e0000000, 0x00000000e5560000, 0x00000000e5560000)
  from space 21824K,  57% used [0x00000000e6ab0000, 0x00000000e76d6248, 0x00000000e8000000)
  to   space 21824K,   0% used [0x00000000e5560000, 0x00000000e5560000, 0x00000000e6ab0000)
 concurrent mark-sweep generation total 393216K, used 0K [0x00000000e8000000, 0x0000000100000000, 0x0000000100000000)
 Metaspace       used 21274K, capacity 21615K, committed 21884K, reserved 1069056K
  class space    used 2445K, capacity 2600K, committed 2684K, reserved 1048576K
2017-09-04T10:30:55.506+0200: 2,779: [GC (Allocation Failure) 2017-09-04T10:30:55.506+0200: 2,779: [ParNew
Desired survivor size 20112992 bytes, new threshold 8 (max 8)
- age   1:     910632 bytes,     910632 total
- age   2:    1455288 bytes,    2365920 total
- age   3:     845728 bytes,    3211648 total
- age   4:    6657616 bytes,    9869264 total
: 99864K->11738K(109248K), 0,0097831 secs] 99864K->11738K(502464K), 0,0098506 secs] [Times: user=0,02 sys=0,00, real=0,00 secs] 
Heap after GC invocations=4 (full 1):
 par new generation   total 109248K, used 11738K [0x00000000e0000000, 0x00000000e8000000, 0x00000000e8000000)
  eden space 87424K,   0% used [0x00000000e0000000, 0x00000000e0000000, 0x00000000e5560000)
  from space 21824K,  53% used [0x00000000e5560000, 0x00000000e60d6970, 0x00000000e6ab0000)
  to   space 21824K,   0% used [0x00000000e6ab0000, 0x00000000e6ab0000, 0x00000000e8000000)
 concurrent mark-sweep generation total 393216K, used 0K [0x00000000e8000000, 0x0000000100000000, 0x0000000100000000)
 Metaspace       used 21274K, capacity 21615K, committed 21884K, reserved 1069056K
  class space    used 2445K, capacity 2600K, committed 2684K, reserved 1048576K
}
2017-09-04T10:30:55.515+0200: 2,789: Total time for which application threads were stopped: 0,0100926 seconds, Stopping threads took: 0,0000949 seconds
2017-09-04T10:30:55.515+0200: 2,789: [CMS-concurrent-abortable-preclean: 0,062/0,113 secs] [Times: user=0,43 sys=0,00, real=0,11 secs] 
2017-09-04T10:30:55.521+0200: 2,794: [GC (CMS Final Remark) [YG occupancy: 17957 K (109248 K)]{Heap before GC invocations=4 (full 1):
 par new generation   total 109248K, used 17957K [0x00000000e0000000, 0x00000000e8000000, 0x00000000e8000000)
  eden space 87424K,   7% used [0x00000000e0000000, 0x00000000e0612bf0, 0x00000000e5560000)
  from space 21824K,  53% used [0x00000000e5560000, 0x00000000e60d6970, 0x00000000e6ab0000)
  to   space 21824K,   0% used [0x00000000e6ab0000, 0x00000000e6ab0000, 0x00000000e8000000)
 concurrent mark-sweep generation total 393216K, used 0K [0x00000000e8000000, 0x0000000100000000, 0x0000000100000000)
 Metaspace       used 21280K, capacity 21615K, committed 21884K, reserved 1069056K
  class space    used 2446K, capacity 2600K, committed 2684K, reserved 1048576K
2017-09-04T10:30:55.521+0200: 2,794: [GC (CMS Final Remark) 2017-09-04T10:30:55.521+0200: 2,795: [ParNew
Desired survivor size 20112992 bytes, new threshold 8 (max 8)
- age   1:     643464 bytes,     643464 total
- age   2:     197224 bytes,     840688 total
- age   3:    1455224 bytes,    2295912 total
- age   4:     845696 bytes,    3141608 total
- age   5:    6657656 bytes,    9799264 total
: 17957K->14703K(109248K), 0,0099946 secs] 17957K->14703K(502464K), 0,0100341 secs] [Times: user=0,04 sys=0,00, real=0,01 secs] 
Heap after GC invocations=5 (full 1):
 par new generation   total 109248K, used 14703K [0x00000000e0000000, 0x00000000e8000000, 0x00000000e8000000)
  eden space 87424K,   0% used [0x00000000e0000000, 0x00000000e0000000, 0x00000000e5560000)
  from space 21824K,  67% used [0x00000000e6ab0000, 0x00000000e790bfc0, 0x00000000e8000000)
  to   space 21824K,   0% used [0x00000000e5560000, 0x00000000e5560000, 0x00000000e6ab0000)
 concurrent mark-sweep generation total 393216K, used 0K [0x00000000e8000000, 0x0000000100000000, 0x0000000100000000)
 Metaspace       used 21280K, capacity 21615K, committed 21884K, reserved 1069056K
  class space    used 2446K, capacity 2600K, committed 2684K, reserved 1048576K
}
2017-09-04T10:30:55.531+0200: 2,805: [Rescan (parallel) , 0,0034428 secs]2017-09-04T10:30:55.535+0200: 2,808: [weak refs processing, 0,0009277 secs]2017-09-04T10:30:55.536+0200: 2,809: [class unloading, 0,0029118 secs]2017-09-04T10:30:55.539+0200: 2,812: [scrub symbol table, 0,0026336 secs]2017-09-04T10:30:55.541+0200: 2,815: [scrub string table, 0,0003668 secs][1 CMS-remark: 0K(393216K)] 14703K(502464K), 0,0209948 secs] [Times: user=0,06 sys=0,00, real=0,02 secs] 
2017-09-04T10:30:55.542+0200: 2,815: Total time for which application threads were stopped: 0,0225829 seconds, Stopping threads took: 0,0015097 seconds
2017-09-04T10:30:55.542+0200: 2,816: [CMS-concurrent-sweep-start]
2017-09-04T10:30:55.542+0200: 2,816: [CMS-concurrent-sweep: 0,000/0,000 secs] [Times: user=0,00 sys=0,00, real=0,00 secs] 
2017-09-04T10:30:55.543+0200: 2,816: [CMS-concurrent-reset-start]
2017-09-04T10:30:55.544+0200: 2,817: [CMS-concurrent-reset: 0,002/0,002 secs] [Times: user=0,00 sys=0,00, real=0,00 secs] 
{Heap before GC invocations=5 (full 1):
 par new generation   total 109248K, used 102127K [0x00000000e0000000, 0x00000000e8000000, 0x00000000e8000000)
  eden space 87424K, 100% used [0x00000000e0000000, 0x00000000e5560000, 0x00000000e5560000)
  from space 21824K,  67% used [0x00000000e6ab0000, 0x00000000e790bfc0, 0x00000000e8000000)
  to   space 21824K,   0% used [0x00000000e5560000, 0x00000000e5560000, 0x00000000e6ab0000)
 concurrent mark-sweep generation total 393216K, used 0K [0x00000000e8000000, 0x0000000100000000, 0x0000000100000000)
 Metaspace       used 21438K, capacity 21787K, committed 21884K, reserved 1069056K
  class space    used 2467K, capacity 2634K, committed 2684K, reserved 1048576K
2017-09-04T10:30:55.623+0200: 2,897: [GC (Allocation Failure) 2017-09-04T10:30:55.623+0200: 2,897: [ParNew
Desired survivor size 20112992 bytes, new threshold 8 (max 8)
- age   1:     696544 bytes,     696544 total
- age   2:       6776 bytes,     703320 total
- age   3:     195784 bytes,     899104 total
- age   4:    1454520 bytes,    2353624 total
- age   5:     845616 bytes,    3199240 total
- age   6:    6657624 bytes,    9856864 total
: 102127K->12355K(109248K), 0,0097954 secs] 102127K->12355K(502464K), 0,0098713 secs] [Times: user=0,03 sys=0,00, real=0,01 secs] 
Heap after GC invocations=6 (full 1):
 par new generation   total 109248K, used 12355K [0x00000000e0000000, 0x00000000e8000000, 0x00000000e8000000)
  eden space 87424K,   0% used [0x00000000e0000000, 0x00000000e0000000, 0x00000000e5560000)
  from space 21824K,  56% used [0x00000000e5560000, 0x00000000e6170e50, 0x00000000e6ab0000)
  to   space 21824K,   0% used [0x00000000e6ab0000, 0x00000000e6ab0000, 0x00000000e8000000)
 concurrent mark-sweep generation total 393216K, used 0K [0x00000000e8000000, 0x0000000100000000, 0x0000000100000000)
 Metaspace       used 21438K, capacity 21787K, committed 21884K, reserved 1069056K
  class space    used 2467K, capacity 2634K, committed 2684K, reserved 1048576K
}
2017-09-04T10:30:55.633+0200: 2,906: Total time for which application threads were stopped: 0,0100836 seconds, Stopping threads took: 0,0000742 seconds
2017-09-04T10:30:55.661+0200: 2,934: Total time for which application threads were stopped: 0,0003515 seconds, Stopping threads took: 0,0000381 seconds
2017-09-04T10:30:55.916+0200: 3,189: Total time for which application threads were stopped: 0,0004337 seconds, Stopping threads took: 0,0000447 seconds
2017-09-04T10:30:55.932+0200: 3,206: Total time for which application threads were stopped: 0,0003912 seconds, Stopping threads took: 0,0000355 seconds
{Heap before GC invocations=6 (full 1):
 par new generation   total 109248K, used 99779K [0x00000000e0000000, 0x00000000e8000000, 0x00000000e8000000)
  eden space 87424K, 100% used [0x00000000e0000000, 0x00000000e5560000, 0x00000000e5560000)
  from space 21824K,  56% used [0x00000000e5560000, 0x00000000e6170e50, 0x00000000e6ab0000)
  to   space 21824K,   0% used [0x00000000e6ab0000, 0x00000000e6ab0000, 0x00000000e8000000)
 concurrent mark-sweep generation total 393216K, used 0K [0x00000000e8000000, 0x0000000100000000, 0x0000000100000000)
 Metaspace       used 24318K, capacity 24797K, committed 25084K, reserved 1071104K
  class space    used 2852K, capacity 3041K, committed 3068K, reserved 1048576K
2017-09-04T10:30:56.111+0200: 3,384: [GC (Allocation Failure) 2017-09-04T10:30:56.111+0200: 3,384: [ParNew
Desired survivor size 20112992 bytes, new threshold 8 (max 8)
- age   1:    5826936 bytes,    5826936 total
- age   2:     137968 bytes,    5964904 total
- age   3:       6752 bytes,    5971656 total
- age   4:     194880 bytes,    6166536 total
- age   5:     285392 bytes,    6451928 total
- age   6:     821200 bytes,    7273128 total
- age   7:    6649248 bytes,   13922376 total
: 99779K->20856K(109248K), 0,0187216 secs] 99779K->20856K(502464K), 0,0187965 secs] [Times: user=0,07 sys=0,00, real=0,02 secs] 
Heap after GC invocations=7 (full 1):
 par new generation   total 109248K, used 20856K [0x00000000e0000000, 0x00000000e8000000, 0x00000000e8000000)
  eden space 87424K,   0% used [0x00000000e0000000, 0x00000000e0000000, 0x00000000e5560000)
  from space 21824K,  95% used [0x00000000e6ab0000, 0x00000000e7f0e240, 0x00000000e8000000)
  to   space 21824K,   0% used [0x00000000e5560000, 0x00000000e5560000, 0x00000000e6ab0000)
 concurrent mark-sweep generation total 393216K, used 0K [0x00000000e8000000, 0x0000000100000000, 0x0000000100000000)
 Metaspace       used 24318K, capacity 24797K, committed 25084K, reserved 1071104K
  class space    used 2852K, capacity 3041K, committed 3068K, reserved 1048576K
}
2017-09-04T10:30:56.129+0200: 3,403: Total time for which application threads were stopped: 0,0190891 seconds, Stopping threads took: 0,0000749 seconds
{Heap before GC invocations=7 (full 1):
 par new generation   total 109248K, used 108280K [0x00000000e0000000, 0x00000000e8000000, 0x00000000e8000000)
  eden space 87424K, 100% used [0x00000000e0000000, 0x00000000e5560000, 0x00000000e5560000)
  from space 21824K,  95% used [0x00000000e6ab0000, 0x00000000e7f0e240, 0x00000000e8000000)
  to   space 21824K,   0% used [0x00000000e5560000, 0x00000000e5560000, 0x00000000e6ab0000)
 concurrent mark-sweep generation total 393216K, used 0K [0x00000000e8000000, 0x0000000100000000, 0x0000000100000000)
 Metaspace       used 24857K, capacity 25283K, committed 25468K, reserved 1071104K
  class space    used 2897K, capacity 3074K, committed 3196K, reserved 1048576K
2017-09-04T10:30:56.241+0200: 3,514: [GC (Allocation Failure) 2017-09-04T10:30:56.241+0200: 3,515: [ParNew
Desired survivor size 20112992 bytes, new threshold 8 (max 8)
- age   1:    1986248 bytes,    1986248 total
- age   2:    1838856 bytes,    3825104 total
- age   3:      73584 bytes,    3898688 total
- age   4:       1752 bytes,    3900440 total
- age   5:     108096 bytes,    4008536 total
- age   6:     178136 bytes,    4186672 total
- age   7:     785584 bytes,    4972256 total
- age   8:    6116152 bytes,   11088408 total
: 108280K->13711K(109248K), 0,0114132 secs] 108280K->13711K(502464K), 0,0114897 secs] [Times: user=0,03 sys=0,00, real=0,01 secs] 
Heap after GC invocations=8 (full 1):
 par new generation   total 109248K, used 13711K [0x00000000e0000000, 0x00000000e8000000, 0x00000000e8000000)
  eden space 87424K,   0% used [0x00000000e0000000, 0x00000000e0000000, 0x00000000e5560000)
  from space 21824K,  62% used [0x00000000e5560000, 0x00000000e62c3e90, 0x00000000e6ab0000)
  to   space 21824K,   0% used [0x00000000e6ab0000, 0x00000000e6ab0000, 0x00000000e8000000)
 concurrent mark-sweep generation total 393216K, used 0K [0x00000000e8000000, 0x0000000100000000, 0x0000000100000000)
 Metaspace       used 24857K, capacity 25283K, committed 25468K, reserved 1071104K
  class space    used 2897K, capacity 3074K, committed 3196K, reserved 1048576K
}
2017-09-04T10:30:56.253+0200: 3,526: Total time for which application threads were stopped: 0,0123745 seconds, Stopping threads took: 0,0007228 seconds
{Heap before GC invocations=8 (full 1):
 par new generation   total 109248K, used 101135K [0x00000000e0000000, 0x00000000e8000000, 0x00000000e8000000)
  eden space 87424K, 100% used [0x00000000e0000000, 0x00000000e5560000, 0x00000000e5560000)
  from space 21824K,  62% used [0x00000000e5560000, 0x00000000e62c3e90, 0x00000000e6ab0000)
  to   space 21824K,   0% used [0x00000000e6ab0000, 0x00000000e6ab0000, 0x00000000e8000000)
 concurrent mark-sweep generation total 393216K, used 0K [0x00000000e8000000, 0x0000000100000000, 0x0000000100000000)
 Metaspace       used 25044K, capacity 25501K, committed 25724K, reserved 1071104K
  class space    used 2910K, capacity 3079K, committed 3196K, reserved 1048576K
2017-09-04T10:30:56.337+0200: 3,610: [GC (Allocation Failure) 2017-09-04T10:30:56.337+0200: 3,610: [ParNew
Desired survivor size 20112992 bytes, new threshold 8 (max 8)
- age   1:     430152 bytes,     430152 total
- age   2:    1079656 bytes,    1509808 total
- age   3:    1808456 bytes,    3318264 total
- age   4:      73584 bytes,    3391848 total
- age   5:       1752 bytes,    3393600 total
- age   6:     108040 bytes,    3501640 total
- age   7:     178136 bytes,    3679776 total
- age   8:     785632 bytes,    4465408 total
: 101135K->9492K(109248K), 0,0268812 secs] 101135K->15547K(502464K), 0,0269476 secs] [Times: user=0,10 sys=0,00, real=0,03 secs] 
Heap after GC invocations=9 (full 1):
 par new generation   total 109248K, used 9492K [0x00000000e0000000, 0x00000000e8000000, 0x00000000e8000000)
  eden space 87424K,   0% used [0x00000000e0000000, 0x00000000e0000000, 0x00000000e5560000)
  from space 21824K,  43% used [0x00000000e6ab0000, 0x00000000e73f5240, 0x00000000e8000000)
  to   space 21824K,   0% used [0x00000000e5560000, 0x00000000e5560000, 0x00000000e6ab0000)
 concurrent mark-sweep generation total 393216K, used 6055K [0x00000000e8000000, 0x0000000100000000, 0x0000000100000000)
 Metaspace       used 25044K, capacity 25501K, committed 25724K, reserved 1071104K
  class space    used 2910K, capacity 3079K, committed 3196K, reserved 1048576K
}
2017-09-04T10:30:56.364+0200: 3,637: Total time for which application threads were stopped: 0,0271755 seconds, Stopping threads took: 0,0000885 seconds
2017-09-04T10:30:56.460+0200: 3,733: Total time for which application threads were stopped: 0,0004982 seconds, Stopping threads took: 0,0000422 seconds
2017-09-04T10:30:56.537+0200: 3,810: Total time for which application threads were stopped: 0,0004887 seconds, Stopping threads took: 0,0000378 seconds
2017-09-04T10:30:56.577+0200: 3,851: Total time for which application threads were stopped: 0,0004236 seconds, Stopping threads took: 0,0000245 seconds
2017-09-04T10:30:56.590+0200: 3,863: Total time for which application threads were stopped: 0,0003949 seconds, Stopping threads took: 0,0000204 seconds
2017-09-04T10:30:56.639+0200: 3,912: Total time for which application threads were stopped: 0,0003945 seconds, Stopping threads took: 0,0000204 seconds
2017-09-04T10:30:56.756+0200: 4,029: Total time for which application threads were stopped: 0,0005159 seconds, Stopping threads took: 0,0000544 seconds
2017-09-04T10:30:56.780+0200: 4,054: Total time for which application threads were stopped: 0,0003062 seconds, Stopping threads took: 0,0000450 seconds
2017-09-04T10:30:56.781+0200: 4,054: Total time for which application threads were stopped: 0,0000739 seconds, Stopping threads took: 0,0000205 seconds
2017-09-04T10:30:56.781+0200: 4,054: Total time for which application threads were stopped: 0,0000645 seconds, Stopping threads took: 0,0000149 seconds
2017-09-04T10:30:56.782+0200: 4,055: Total time for which application threads were stopped: 0,0000463 seconds, Stopping threads took: 0,0000103 seconds
2017-09-04T10:30:56.783+0200: 4,056: Total time for which application threads were stopped: 0,0001158 seconds, Stopping threads took: 0,0000561 seconds
2017-09-04T10:30:56.784+0200: 4,057: Total time for which application threads were stopped: 0,0000587 seconds, Stopping threads took: 0,0000145 seconds
2017-09-04T10:30:56.786+0200: 4,059: Total time for which application threads were stopped: 0,0000723 seconds, Stopping threads took: 0,0000157 seconds
2017-09-04T10:30:58.787+0200: 6,060: Total time for which application threads were stopped: 0,0000776 seconds, Stopping threads took: 0,0000209 seconds
2017-09-04T10:31:08.788+0200: 16,061: Total time for which application threads were stopped: 0,0000720 seconds, Stopping threads took: 0,0000184 seconds
2017-09-04T10:31:14.788+0200: 22,061: Total time for which application threads were stopped: 0,0000612 seconds, Stopping threads took: 0,0000167 seconds
2017-09-04T10:31:24.789+0200: 32,062: Total time for which application threads were stopped: 0,0000817 seconds, Stopping threads took: 0,0000202 seconds
2017-09-04T10:31:33.790+0200: 41,063: Total time for which application threads were stopped: 0,0000823 seconds, Stopping threads took: 0,0000358 seconds
2017-09-04T10:31:58.793+0200: 66,066: Total time for which application threads were stopped: 0,0003092 seconds, Stopping threads took: 0,0000874 seconds
2017-09-04T10:32:03.794+0200: 71,067: Total time for which application threads were stopped: 0,0003135 seconds, Stopping threads took: 0,0000898 seconds
2017-09-04T10:32:18.796+0200: 86,069: Total time for which application threads were stopped: 0,0003496 seconds, Stopping threads took: 0,0000813 seconds
2017-09-04T10:32:33.799+0200: 101,072: Total time for which application threads were stopped: 0,0006880 seconds, Stopping threads took: 0,0002063 seconds
2017-09-04T10:32:43.801+0200: 111,074: Total time for which application threads were stopped: 0,0002898 seconds, Stopping threads took: 0,0000809 seconds
2017-09-04T10:32:49.802+0200: 117,075: Total time for which application threads were stopped: 0,0004343 seconds, Stopping threads took: 0,0000906 seconds
2017-09-04T10:32:54.803+0200: 122,076: Total time for which application threads were stopped: 0,0000796 seconds, Stopping threads took: 0,0000244 seconds
{Heap before GC invocations=9 (full 1):
 par new generation   total 109248K, used 96916K [0x00000000e0000000, 0x00000000e8000000, 0x00000000e8000000)
  eden space 87424K, 100% used [0x00000000e0000000, 0x00000000e5560000, 0x00000000e5560000)
  from space 21824K,  43% used [0x00000000e6ab0000, 0x00000000e73f5240, 0x00000000e8000000)
  to   space 21824K,   0% used [0x00000000e5560000, 0x00000000e5560000, 0x00000000e6ab0000)
 concurrent mark-sweep generation total 393216K, used 6055K [0x00000000e8000000, 0x0000000100000000, 0x0000000100000000)
 Metaspace       used 28030K, capacity 28553K, committed 28796K, reserved 1075200K
  class space    used 3211K, capacity 3387K, committed 3452K, reserved 1048576K
2017-09-04T10:33:48.719+0200: 175,992: [GC (Allocation Failure) 2017-09-04T10:33:48.719+0200: 175,992: [ParNew
Desired survivor size 20112992 bytes, new threshold 8 (max 8)
- age   1:   10561528 bytes,   10561528 total
- age   2:     254088 bytes,   10815616 total
- age   3:     295672 bytes,   11111288 total
- age   4:    1803400 bytes,   12914688 total
- age   5:      73584 bytes,   12988272 total
- age   6:       1752 bytes,   12990024 total
- age   7:     107864 bytes,   13097888 total
- age   8:     178040 bytes,   13275928 total
: 96916K->15450K(109248K), 0,0256295 secs] 102971K->22370K(502464K), 0,0256961 secs] [Times: user=0,06 sys=0,00, real=0,02 secs] 
Heap after GC invocations=10 (full 1):
 par new generation   total 109248K, used 15450K [0x00000000e0000000, 0x00000000e8000000, 0x00000000e8000000)
  eden space 87424K,   0% used [0x00000000e0000000, 0x00000000e0000000, 0x00000000e5560000)
  from space 21824K,  70% used [0x00000000e5560000, 0x00000000e6476830, 0x00000000e6ab0000)
  to   space 21824K,   0% used [0x00000000e6ab0000, 0x00000000e6ab0000, 0x00000000e8000000)
 concurrent mark-sweep generation total 393216K, used 6920K [0x00000000e8000000, 0x0000000100000000, 0x0000000100000000)
 Metaspace       used 28030K, capacity 28553K, committed 28796K, reserved 1075200K
  class space    used 3211K, capacity 3387K, committed 3452K, reserved 1048576K
}
2017-09-04T10:33:48.745+0200: 176,018: Total time for which application threads were stopped: 0,0258623 seconds, Stopping threads took: 0,0000523 seconds
2017-09-04T10:54:18.874+0200: 1406,147: Total time for which application threads were stopped: 0,0004667 seconds, Stopping threads took: 0,0001602 seconds
2017-09-04T10:58:24.900+0200: 1652,173: Total time for which application threads were stopped: 0,0000751 seconds, Stopping threads took: 0,0000292 seconds
2017-09-04T10:58:28.900+0200: 1656,173: Total time for which application threads were stopped: 0,0000649 seconds, Stopping threads took: 0,0000145 seconds
2017-09-04T11:09:13.968+0200: 2301,241: Total time for which application threads were stopped: 0,0000842 seconds, Stopping threads took: 0,0000288 seconds
2017-09-04T11:09:14.968+0200: 2302,242: Total time for which application threads were stopped: 0,0000623 seconds, Stopping threads took: 0,0000147 seconds
2017-09-04T11:24:10.060+0200: 3197,333: Total time for which application threads were stopped: 0,0000792 seconds, Stopping threads took: 0,0000333 seconds
2017-09-04T11:36:55.143+0200: 3962,416: Total time for which application threads were stopped: 0,0000958 seconds, Stopping threads took: 0,0000391 seconds
2017-09-04T11:37:19.147+0200: 3986,420: Total time for which application threads were stopped: 0,0009937 seconds, Stopping threads took: 0,0004103 seconds
2017-09-04T11:37:24.148+0200: 3991,421: Total time for which application threads were stopped: 0,0003132 seconds, Stopping threads took: 0,0001027 seconds
2017-09-04T11:49:15.224+0200: 4702,497: Total time for which application threads were stopped: 0,0000897 seconds, Stopping threads took: 0,0000334 seconds
2017-09-04T11:49:20.224+0200: 4707,497: Total time for which application threads were stopped: 0,0000915 seconds, Stopping threads took: 0,0000252 seconds
2017-09-04T12:15:15.387+0200: 6262,660: Total time for which application threads were stopped: 0,0001844 seconds, Stopping threads took: 0,0000949 seconds
2017-09-04T12:31:54.487+0200: 7261,761: Total time for which application threads were stopped: 0,0000878 seconds, Stopping threads took: 0,0000377 seconds
2017-09-04T12:32:54.493+0200: 7321,767: Total time for which application threads were stopped: 0,0001404 seconds, Stopping threads took: 0,0000728 seconds
2017-09-04T12:38:54.530+0200: 7681,803: Total time for which application threads were stopped: 0,0000766 seconds, Stopping threads took: 0,0000317 seconds
2017-09-04T12:39:24.534+0200: 7711,807: Total time for which application threads were stopped: 0,0005724 seconds, Stopping threads took: 0,0002255 seconds
2017-09-04T12:41:24.547+0200: 7831,820: Total time for which application threads were stopped: 0,0000787 seconds, Stopping threads took: 0,0000295 seconds
2017-09-04T12:44:43.246+0200: 8030,519: Total time for which application threads were stopped: 0,0003474 seconds, Stopping threads took: 0,0002291 seconds
2017-09-04T12:44:43.280+0200: 8030,553: Total time for which application threads were stopped: 0,0001521 seconds, Stopping threads took: 0,0000473 seconds
2017-09-04T12:44:43.356+0200: 8030,629: Total time for which application threads were stopped: 0,0001455 seconds, Stopping threads took: 0,0000460 seconds
2017-09-04T12:44:43.357+0200: 8030,630: Total time for which application threads were stopped: 0,0001451 seconds, Stopping threads took: 0,0000486 seconds
Heap
 par new generation   total 109248K, used 33688K [0x00000000e0000000, 0x00000000e8000000, 0x00000000e8000000)
  eden space 87424K,  20% used [0x00000000e0000000, 0x00000000e11cfa58, 0x00000000e5560000)
  from space 21824K,  70% used [0x00000000e5560000, 0x00000000e6476830, 0x00000000e6ab0000)
  to   space 21824K,   0% used [0x00000000e6ab0000, 0x00000000e6ab0000, 0x00000000e8000000)
 concurrent mark-sweep generation total 393216K, used 6920K [0x00000000e8000000, 0x0000000100000000, 0x0000000100000000)
 Metaspace       used 28167K, capacity 28723K, committed 29052K, reserved 1075200K
  class space    used 3225K, capacity 3422K, committed 3452K, reserved 1048576K
