OpenJDK 64-Bit Server VM (25.131-b11) for linux-amd64 JRE (1.8.0_131-8u131-b11-0ubuntu1.16.04.2-b11), built on May  6 2017 02:45:27 by "buildd" with gcc 5.4.0 20160609
Memory: 4k page, physical 7867740k(7389184k free), swap 8076284k(8076284k free)
CommandLine flags: -XX:CMSInitiatingOccupancyFraction=50 -XX:CMSMaxAbortablePrecleanTime=6000 -XX:+CMSParallelRemarkEnabled -XX:+CMSScavengeBeforeRemark -XX:ConcGCThreads=4 -XX:InitialHeapSize=536870912 -XX:MaxHeapSize=536870912 -XX:MaxTenuringThreshold=8 -XX:NewRatio=3 -XX:OldPLABSize=16 -XX:OnOutOfMemoryError=/opt/solr/bin/oom_solr.sh 8983 /var/solr/logs -XX:ParallelGCThreads=4 -XX:+ParallelRefProcEnabled -XX:PretenureSizeThreshold=67108864 -XX:+PrintGC -XX:+PrintGCApplicationStoppedTime -XX:+PrintGCDateStamps -XX:+PrintGCDetails -XX:+PrintGCTimeStamps -XX:+PrintHeapAtGC -XX:+PrintTenuringDistribution -XX:SurvivorRatio=4 -XX:TargetSurvivorRatio=90 -XX:ThreadStackSize=256 -XX:+UseCMSInitiatingOccupancyOnly -XX:+UseCompressedClassPointers -XX:+UseCompressedOops -XX:+UseConcMarkSweepGC -XX:+UseParNewGC 
2017-05-31T16:53:01.245+0200: 0,241: Total time for which application threads were stopped: 0,0000748 seconds, Stopping threads took: 0,0000183 seconds
2017-05-31T16:53:01.362+0200: 0,358: Total time for which application threads were stopped: 0,0001399 seconds, Stopping threads took: 0,0000205 seconds
2017-05-31T16:53:01.375+0200: 0,371: Total time for which application threads were stopped: 0,0000812 seconds, Stopping threads took: 0,0000137 seconds
2017-05-31T16:53:01.590+0200: 0,586: Total time for which application threads were stopped: 0,0001603 seconds, Stopping threads took: 0,0000196 seconds
2017-05-31T16:53:02.001+0200: 0,997: Total time for which application threads were stopped: 0,0001490 seconds, Stopping threads took: 0,0000120 seconds
2017-05-31T16:53:02.136+0200: 1,132: Total time for which application threads were stopped: 0,0002267 seconds, Stopping threads took: 0,0000331 seconds
2017-05-31T16:53:02.188+0200: 1,184: Total time for which application threads were stopped: 0,0003446 seconds, Stopping threads took: 0,0000786 seconds
2017-05-31T16:53:02.506+0200: 1,502: Total time for which application threads were stopped: 0,0001881 seconds, Stopping threads took: 0,0000186 seconds
2017-05-31T16:53:02.753+0200: 1,749: Total time for which application threads were stopped: 0,0002412 seconds, Stopping threads took: 0,0000178 seconds
2017-05-31T16:53:02.775+0200: 1,771: Total time for which application threads were stopped: 0,0001690 seconds, Stopping threads took: 0,0000220 seconds
2017-05-31T16:53:02.809+0200: 1,805: Total time for which application threads were stopped: 0,0002150 seconds, Stopping threads took: 0,0000219 seconds
2017-05-31T16:53:02.810+0200: 1,807: Total time for which application threads were stopped: 0,0002170 seconds, Stopping threads took: 0,0000430 seconds
2017-05-31T16:53:02.828+0200: 1,824: Total time for which application threads were stopped: 0,0002074 seconds, Stopping threads took: 0,0000175 seconds
2017-05-31T16:53:02.933+0200: 1,929: Total time for which application threads were stopped: 0,0002142 seconds, Stopping threads took: 0,0000213 seconds
2017-05-31T16:53:03.106+0200: 2,102: Total time for which application threads were stopped: 0,0004052 seconds, Stopping threads took: 0,0001394 seconds
{Heap before GC invocations=0 (full 0):
 par new generation   total 109248K, used 87424K [0x00000000e0000000, 0x00000000e8000000, 0x00000000e8000000)
  eden space 87424K, 100% used [0x00000000e0000000, 0x00000000e5560000, 0x00000000e5560000)
  from space 21824K,   0% used [0x00000000e5560000, 0x00000000e5560000, 0x00000000e6ab0000)
  to   space 21824K,   0% used [0x00000000e6ab0000, 0x00000000e6ab0000, 0x00000000e8000000)
 concurrent mark-sweep generation total 393216K, used 0K [0x00000000e8000000, 0x0000000100000000, 0x0000000100000000)
 Metaspace       used 18031K, capacity 18336K, committed 18688K, reserved 1064960K
  class space    used 2037K, capacity 2196K, committed 2304K, reserved 1048576K
2017-05-31T16:53:03.206+0200: 2,202: [GC (Allocation Failure) 2017-05-31T16:53:03.206+0200: 2,203: [ParNew
Desired survivor size 20112992 bytes, new threshold 8 (max 8)
- age   1:   12613264 bytes,   12613264 total
: 87424K->12436K(109248K), 0,0158177 secs] 87424K->12436K(502464K), 0,0159067 secs] [Times: user=0,04 sys=0,02, real=0,02 secs] 
Heap after GC invocations=1 (full 0):
 par new generation   total 109248K, used 12436K [0x00000000e0000000, 0x00000000e8000000, 0x00000000e8000000)
  eden space 87424K,   0% used [0x00000000e0000000, 0x00000000e0000000, 0x00000000e5560000)
  from space 21824K,  56% used [0x00000000e6ab0000, 0x00000000e76d53f0, 0x00000000e8000000)
  to   space 21824K,   0% used [0x00000000e5560000, 0x00000000e5560000, 0x00000000e6ab0000)
 concurrent mark-sweep generation total 393216K, used 0K [0x00000000e8000000, 0x0000000100000000, 0x0000000100000000)
 Metaspace       used 18031K, capacity 18336K, committed 18688K, reserved 1064960K
  class space    used 2037K, capacity 2196K, committed 2304K, reserved 1048576K
}
2017-05-31T16:53:03.222+0200: 2,218: Total time for which application threads were stopped: 0,0168766 seconds, Stopping threads took: 0,0007858 seconds
2017-05-31T16:53:03.515+0200: 2,511: Total time for which application threads were stopped: 0,0041574 seconds, Stopping threads took: 0,0038510 seconds
{Heap before GC invocations=1 (full 0):
 par new generation   total 109248K, used 99860K [0x00000000e0000000, 0x00000000e8000000, 0x00000000e8000000)
  eden space 87424K, 100% used [0x00000000e0000000, 0x00000000e5560000, 0x00000000e5560000)
  from space 21824K,  56% used [0x00000000e6ab0000, 0x00000000e76d53f0, 0x00000000e8000000)
  to   space 21824K,   0% used [0x00000000e5560000, 0x00000000e5560000, 0x00000000e6ab0000)
 concurrent mark-sweep generation total 393216K, used 0K [0x00000000e8000000, 0x0000000100000000, 0x0000000100000000)
 Metaspace       used 20074K, capacity 20426K, committed 20736K, reserved 1067008K
  class space    used 2294K, capacity 2469K, committed 2560K, reserved 1048576K
2017-05-31T16:53:03.571+0200: 2,567: [GC (Allocation Failure) 2017-05-31T16:53:03.571+0200: 2,567: [ParNew
Desired survivor size 20112992 bytes, new threshold 8 (max 8)
- age   1:    3505576 bytes,    3505576 total
- age   2:    6681656 bytes,   10187232 total
: 99860K->15728K(109248K), 0,0102475 secs] 99860K->15728K(502464K), 0,0103294 secs] [Times: user=0,03 sys=0,00, real=0,00 secs] 
Heap after GC invocations=2 (full 0):
 par new generation   total 109248K, used 15728K [0x00000000e0000000, 0x00000000e8000000, 0x00000000e8000000)
  eden space 87424K,   0% used [0x00000000e0000000, 0x00000000e0000000, 0x00000000e5560000)
  from space 21824K,  72% used [0x00000000e5560000, 0x00000000e64bc3c0, 0x00000000e6ab0000)
  to   space 21824K,   0% used [0x00000000e6ab0000, 0x00000000e6ab0000, 0x00000000e8000000)
 concurrent mark-sweep generation total 393216K, used 0K [0x00000000e8000000, 0x0000000100000000, 0x0000000100000000)
 Metaspace       used 20074K, capacity 20426K, committed 20736K, reserved 1067008K
  class space    used 2294K, capacity 2469K, committed 2560K, reserved 1048576K
}
2017-05-31T16:53:03.581+0200: 2,577: Total time for which application threads were stopped: 0,0106426 seconds, Stopping threads took: 0,0001448 seconds
2017-05-31T16:53:03.602+0200: 2,598: Total time for which application threads were stopped: 0,0003700 seconds, Stopping threads took: 0,0000512 seconds
2017-05-31T16:53:03.661+0200: 2,657: Total time for which application threads were stopped: 0,0002804 seconds, Stopping threads took: 0,0000251 seconds
2017-05-31T16:53:03.772+0200: 2,768: Total time for which application threads were stopped: 0,0001982 seconds, Stopping threads took: 0,0000425 seconds
{Heap before GC invocations=2 (full 0):
 par new generation   total 109248K, used 103152K [0x00000000e0000000, 0x00000000e8000000, 0x00000000e8000000)
  eden space 87424K, 100% used [0x00000000e0000000, 0x00000000e5560000, 0x00000000e5560000)
  from space 21824K,  72% used [0x00000000e5560000, 0x00000000e64bc3c0, 0x00000000e6ab0000)
  to   space 21824K,   0% used [0x00000000e6ab0000, 0x00000000e6ab0000, 0x00000000e8000000)
 concurrent mark-sweep generation total 393216K, used 0K [0x00000000e8000000, 0x0000000100000000, 0x0000000100000000)
 Metaspace       used 21000K, capacity 21348K, committed 21628K, reserved 1069056K
  class space    used 2418K, capacity 2588K, committed 2684K, reserved 1048576K
2017-05-31T16:53:03.810+0200: 2,806: [GC (Allocation Failure) 2017-05-31T16:53:03.810+0200: 2,806: [ParNew
Desired survivor size 20112992 bytes, new threshold 8 (max 8)
- age   1:    2065080 bytes,    2065080 total
- age   2:     854704 bytes,    2919784 total
- age   3:    6664568 bytes,    9584352 total
: 103152K->11132K(109248K), 0,0096314 secs] 103152K->11132K(502464K), 0,0097062 secs] [Times: user=0,03 sys=0,00, real=0,01 secs] 
Heap after GC invocations=3 (full 0):
 par new generation   total 109248K, used 11132K [0x00000000e0000000, 0x00000000e8000000, 0x00000000e8000000)
  eden space 87424K,   0% used [0x00000000e0000000, 0x00000000e0000000, 0x00000000e5560000)
  from space 21824K,  51% used [0x00000000e6ab0000, 0x00000000e758f2f0, 0x00000000e8000000)
  to   space 21824K,   0% used [0x00000000e5560000, 0x00000000e5560000, 0x00000000e6ab0000)
 concurrent mark-sweep generation total 393216K, used 0K [0x00000000e8000000, 0x0000000100000000, 0x0000000100000000)
 Metaspace       used 21000K, capacity 21348K, committed 21628K, reserved 1069056K
  class space    used 2418K, capacity 2588K, committed 2684K, reserved 1048576K
}
2017-05-31T16:53:03.819+0200: 2,816: Total time for which application threads were stopped: 0,0099065 seconds, Stopping threads took: 0,0000651 seconds
2017-05-31T16:53:03.820+0200: 2,816: [GC (CMS Initial Mark) [1 CMS-initial-mark: 0K(393216K)] 11148K(502464K), 0,0029706 secs] [Times: user=0,01 sys=0,00, real=0,01 secs] 
2017-05-31T16:53:03.823+0200: 2,819: Total time for which application threads were stopped: 0,0031673 seconds, Stopping threads took: 0,0000994 seconds
2017-05-31T16:53:03.823+0200: 2,819: [CMS-concurrent-mark-start]
2017-05-31T16:53:03.823+0200: 2,819: [CMS-concurrent-mark: 0,000/0,000 secs] [Times: user=0,00 sys=0,00, real=0,00 secs] 
2017-05-31T16:53:03.823+0200: 2,819: [CMS-concurrent-preclean-start]
2017-05-31T16:53:03.824+0200: 2,821: [CMS-concurrent-preclean: 0,001/0,001 secs] [Times: user=0,01 sys=0,00, real=0,00 secs] 
2017-05-31T16:53:03.825+0200: 2,821: [CMS-concurrent-abortable-preclean-start]
2017-05-31T16:53:03.908+0200: 2,904: Total time for which application threads were stopped: 0,0001783 seconds, Stopping threads took: 0,0000887 seconds
2017-05-31T16:53:03.908+0200: 2,905: [CMS-concurrent-abortable-preclean: 0,078/0,084 secs] [Times: user=0,32 sys=0,00, real=0,08 secs] 
2017-05-31T16:53:03.909+0200: 2,905: [GC (CMS Final Remark) [YG occupancy: 61202 K (109248 K)]{Heap before GC invocations=3 (full 1):
 par new generation   total 109248K, used 61202K [0x00000000e0000000, 0x00000000e8000000, 0x00000000e8000000)
  eden space 87424K,  57% used [0x00000000e0000000, 0x00000000e30e5618, 0x00000000e5560000)
  from space 21824K,  51% used [0x00000000e6ab0000, 0x00000000e758f2f0, 0x00000000e8000000)
  to   space 21824K,   0% used [0x00000000e5560000, 0x00000000e5560000, 0x00000000e6ab0000)
 concurrent mark-sweep generation total 393216K, used 0K [0x00000000e8000000, 0x0000000100000000, 0x0000000100000000)
 Metaspace       used 21204K, capacity 21585K, committed 21884K, reserved 1069056K
  class space    used 2439K, capacity 2597K, committed 2684K, reserved 1048576K
2017-05-31T16:53:03.909+0200: 2,905: [GC (CMS Final Remark) 2017-05-31T16:53:03.909+0200: 2,905: [ParNew
Desired survivor size 20112992 bytes, new threshold 8 (max 8)
- age   1:    1268112 bytes,    1268112 total
- age   2:    1452040 bytes,    2720152 total
- age   3:     825328 bytes,    3545480 total
- age   4:    6664760 bytes,   10210240 total
: 61202K->14232K(109248K), 0,0106474 secs] 61202K->14232K(502464K), 0,0106878 secs] [Times: user=0,04 sys=0,00, real=0,01 secs] 
Heap after GC invocations=4 (full 1):
 par new generation   total 109248K, used 14232K [0x00000000e0000000, 0x00000000e8000000, 0x00000000e8000000)
  eden space 87424K,   0% used [0x00000000e0000000, 0x00000000e0000000, 0x00000000e5560000)
  from space 21824K,  65% used [0x00000000e5560000, 0x00000000e6346370, 0x00000000e6ab0000)
  to   space 21824K,   0% used [0x00000000e6ab0000, 0x00000000e6ab0000, 0x00000000e8000000)
 concurrent mark-sweep generation total 393216K, used 0K [0x00000000e8000000, 0x0000000100000000, 0x0000000100000000)
 Metaspace       used 21204K, capacity 21585K, committed 21884K, reserved 1069056K
  class space    used 2439K, capacity 2597K, committed 2684K, reserved 1048576K
}
2017-05-31T16:53:03.919+0200: 2,916: [Rescan (parallel) , 0,0086094 secs]2017-05-31T16:53:03.928+0200: 2,924: [weak refs processing, 0,0003992 secs]2017-05-31T16:53:03.929+0200: 2,925: [class unloading, 0,0029155 secs]2017-05-31T16:53:03.931+0200: 2,928: [scrub symbol table, 0,0027427 secs]2017-05-31T16:53:03.934+0200: 2,930: [scrub string table, 0,0003839 secs][1 CMS-remark: 0K(393216K)] 14232K(502464K), 0,0264163 secs] [Times: user=0,07 sys=0,00, real=0,03 secs] 
2017-05-31T16:53:03.935+0200: 2,931: Total time for which application threads were stopped: 0,0265999 seconds, Stopping threads took: 0,0001120 seconds
2017-05-31T16:53:03.935+0200: 2,931: [CMS-concurrent-sweep-start]
2017-05-31T16:53:03.935+0200: 2,931: [CMS-concurrent-sweep: 0,000/0,000 secs] [Times: user=0,00 sys=0,00, real=0,00 secs] 
2017-05-31T16:53:03.935+0200: 2,931: [CMS-concurrent-reset-start]
2017-05-31T16:53:03.938+0200: 2,934: [CMS-concurrent-reset: 0,002/0,002 secs] [Times: user=0,01 sys=0,00, real=0,00 secs] 
{Heap before GC invocations=4 (full 1):
 par new generation   total 109248K, used 101656K [0x00000000e0000000, 0x00000000e8000000, 0x00000000e8000000)
  eden space 87424K, 100% used [0x00000000e0000000, 0x00000000e5560000, 0x00000000e5560000)
  from space 21824K,  65% used [0x00000000e5560000, 0x00000000e6346370, 0x00000000e6ab0000)
  to   space 21824K,   0% used [0x00000000e6ab0000, 0x00000000e6ab0000, 0x00000000e8000000)
 concurrent mark-sweep generation total 393216K, used 0K [0x00000000e8000000, 0x0000000100000000, 0x0000000100000000)
 Metaspace       used 21334K, capacity 21753K, committed 21884K, reserved 1069056K
  class space    used 2462K, capacity 2642K, committed 2684K, reserved 1048576K
2017-05-31T16:53:04.016+0200: 3,013: [GC (Allocation Failure) 2017-05-31T16:53:04.016+0200: 3,013: [ParNew
Desired survivor size 20112992 bytes, new threshold 8 (max 8)
- age   1:     566648 bytes,     566648 total
- age   2:      80864 bytes,     647512 total
- age   3:    1451504 bytes,    2099016 total
- age   4:     819376 bytes,    2918392 total
- age   5:    6664608 bytes,    9583000 total
: 101656K->11544K(109248K), 0,0094984 secs] 101656K->11544K(502464K), 0,0095610 secs] [Times: user=0,03 sys=0,00, real=0,01 secs] 
Heap after GC invocations=5 (full 1):
 par new generation   total 109248K, used 11544K [0x00000000e0000000, 0x00000000e8000000, 0x00000000e8000000)
  eden space 87424K,   0% used [0x00000000e0000000, 0x00000000e0000000, 0x00000000e5560000)
  from space 21824K,  52% used [0x00000000e6ab0000, 0x00000000e75f6200, 0x00000000e8000000)
  to   space 21824K,   0% used [0x00000000e5560000, 0x00000000e5560000, 0x00000000e6ab0000)
 concurrent mark-sweep generation total 393216K, used 0K [0x00000000e8000000, 0x0000000100000000, 0x0000000100000000)
 Metaspace       used 21334K, capacity 21753K, committed 21884K, reserved 1069056K
  class space    used 2462K, capacity 2642K, committed 2684K, reserved 1048576K
}
2017-05-31T16:53:04.026+0200: 3,022: Total time for which application threads were stopped: 0,0097822 seconds, Stopping threads took: 0,0000926 seconds
2017-05-31T16:53:04.099+0200: 3,095: Total time for which application threads were stopped: 0,0003595 seconds, Stopping threads took: 0,0000229 seconds
2017-05-31T16:53:04.320+0200: 3,316: Total time for which application threads were stopped: 0,0004416 seconds, Stopping threads took: 0,0000227 seconds
2017-05-31T16:53:04.348+0200: 3,344: Total time for which application threads were stopped: 0,0004150 seconds, Stopping threads took: 0,0000283 seconds
2017-05-31T16:53:04.367+0200: 3,363: Total time for which application threads were stopped: 0,0018898 seconds, Stopping threads took: 0,0015422 seconds
2017-05-31T16:53:04.510+0200: 3,506: Total time for which application threads were stopped: 0,0003012 seconds, Stopping threads took: 0,0001146 seconds
{Heap before GC invocations=5 (full 1):
 par new generation   total 109248K, used 98984K [0x00000000e0000000, 0x00000000e8000000, 0x00000000e8000000)
  eden space 87424K, 100% used [0x00000000e0000000, 0x00000000e5560000, 0x00000000e5560000)
  from space 21824K,  52% used [0x00000000e6ab0000, 0x00000000e75fa240, 0x00000000e8000000)
  to   space 21824K,   0% used [0x00000000e5560000, 0x00000000e5560000, 0x00000000e6ab0000)
 concurrent mark-sweep generation total 393216K, used 0K [0x00000000e8000000, 0x0000000100000000, 0x0000000100000000)
 Metaspace       used 23503K, capacity 24003K, committed 24188K, reserved 1071104K
  class space    used 2727K, capacity 2921K, committed 2940K, reserved 1048576K
2017-05-31T16:53:04.516+0200: 3,512: [GC (GCLocker Initiated GC) 2017-05-31T16:53:04.516+0200: 3,512: [ParNew
Desired survivor size 20112992 bytes, new threshold 8 (max 8)
- age   1:    4413840 bytes,    4413840 total
- age   2:     163760 bytes,    4577600 total
- age   3:      79760 bytes,    4657360 total
- age   4:     281640 bytes,    4939000 total
- age   5:     807664 bytes,    5746664 total
- age   6:    6656328 bytes,   12402992 total
: 98984K->16923K(109248K), 0,0441552 secs] 98984K->16923K(502464K), 0,0442482 secs] [Times: user=0,05 sys=0,00, real=0,04 secs] 
Heap after GC invocations=6 (full 1):
 par new generation   total 109248K, used 16923K [0x00000000e0000000, 0x00000000e8000000, 0x00000000e8000000)
  eden space 87424K,   0% used [0x00000000e0000000, 0x00000000e0000000, 0x00000000e5560000)
  from space 21824K,  77% used [0x00000000e5560000, 0x00000000e65e6ec0, 0x00000000e6ab0000)
  to   space 21824K,   0% used [0x00000000e6ab0000, 0x00000000e6ab0000, 0x00000000e8000000)
 concurrent mark-sweep generation total 393216K, used 0K [0x00000000e8000000, 0x0000000100000000, 0x0000000100000000)
 Metaspace       used 23503K, capacity 24003K, committed 24188K, reserved 1071104K
  class space    used 2727K, capacity 2921K, committed 2940K, reserved 1048576K
}
2017-05-31T16:53:04.560+0200: 3,557: Total time for which application threads were stopped: 0,0445252 seconds, Stopping threads took: 0,0000843 seconds
{Heap before GC invocations=6 (full 1):
 par new generation   total 109248K, used 104347K [0x00000000e0000000, 0x00000000e8000000, 0x00000000e8000000)
  eden space 87424K, 100% used [0x00000000e0000000, 0x00000000e5560000, 0x00000000e5560000)
  from space 21824K,  77% used [0x00000000e5560000, 0x00000000e65e6ec0, 0x00000000e6ab0000)
  to   space 21824K,   0% used [0x00000000e6ab0000, 0x00000000e6ab0000, 0x00000000e8000000)
 concurrent mark-sweep generation total 393216K, used 0K [0x00000000e8000000, 0x0000000100000000, 0x0000000100000000)
 Metaspace       used 24028K, capacity 24489K, committed 24572K, reserved 1071104K
  class space    used 2836K, capacity 3018K, committed 3068K, reserved 1048576K
2017-05-31T16:53:04.707+0200: 3,703: [GC (Allocation Failure) 2017-05-31T16:53:04.707+0200: 3,703: [ParNew
Desired survivor size 20112992 bytes, new threshold 8 (max 8)
- age   1:    2137728 bytes,    2137728 total
- age   2:    1451192 bytes,    3588920 total
- age   3:      93000 bytes,    3681920 total
- age   4:      46408 bytes,    3728328 total
- age   5:     183888 bytes,    3912216 total
- age   6:     752856 bytes,    4665072 total
- age   7:    6122224 bytes,   10787296 total
: 104347K->14979K(109248K), 0,0208430 secs] 104347K->14979K(502464K), 0,0209093 secs] [Times: user=0,05 sys=0,00, real=0,02 secs] 
Heap after GC invocations=7 (full 1):
 par new generation   total 109248K, used 14979K [0x00000000e0000000, 0x00000000e8000000, 0x00000000e8000000)
  eden space 87424K,   0% used [0x00000000e0000000, 0x00000000e0000000, 0x00000000e5560000)
  from space 21824K,  68% used [0x00000000e6ab0000, 0x00000000e7950e10, 0x00000000e8000000)
  to   space 21824K,   0% used [0x00000000e5560000, 0x00000000e5560000, 0x00000000e6ab0000)
 concurrent mark-sweep generation total 393216K, used 0K [0x00000000e8000000, 0x0000000100000000, 0x0000000100000000)
 Metaspace       used 24028K, capacity 24489K, committed 24572K, reserved 1071104K
  class space    used 2836K, capacity 3018K, committed 3068K, reserved 1048576K
}
2017-05-31T16:53:04.727+0200: 3,724: Total time for which application threads were stopped: 0,0227825 seconds, Stopping threads took: 0,0016925 seconds
{Heap before GC invocations=7 (full 1):
 par new generation   total 109248K, used 102403K [0x00000000e0000000, 0x00000000e8000000, 0x00000000e8000000)
  eden space 87424K, 100% used [0x00000000e0000000, 0x00000000e5560000, 0x00000000e5560000)
  from space 21824K,  68% used [0x00000000e6ab0000, 0x00000000e7950e10, 0x00000000e8000000)
  to   space 21824K,   0% used [0x00000000e5560000, 0x00000000e5560000, 0x00000000e6ab0000)
 concurrent mark-sweep generation total 393216K, used 0K [0x00000000e8000000, 0x0000000100000000, 0x0000000100000000)
 Metaspace       used 24379K, capacity 24857K, committed 25084K, reserved 1071104K
  class space    used 2860K, capacity 3053K, committed 3068K, reserved 1048576K
2017-05-31T16:53:04.806+0200: 3,802: [GC (Allocation Failure) 2017-05-31T16:53:04.806+0200: 3,802: [ParNew
Desired survivor size 20112992 bytes, new threshold 8 (max 8)
- age   1:    1303872 bytes,    1303872 total
- age   2:     930808 bytes,    2234680 total
- age   3:    1432816 bytes,    3667496 total
- age   4:      92896 bytes,    3760392 total
- age   5:      46408 bytes,    3806800 total
- age   6:     183888 bytes,    3990688 total
- age   7:     752856 bytes,    4743544 total
- age   8:    6122176 bytes,   10865720 total
: 102403K->12633K(109248K), 0,0195744 secs] 102403K->12633K(502464K), 0,0196378 secs] [Times: user=0,06 sys=0,00, real=0,02 secs] 
Heap after GC invocations=8 (full 1):
 par new generation   total 109248K, used 12633K [0x00000000e0000000, 0x00000000e8000000, 0x00000000e8000000)
  eden space 87424K,   0% used [0x00000000e0000000, 0x00000000e0000000, 0x00000000e5560000)
  from space 21824K,  57% used [0x00000000e5560000, 0x00000000e61b6550, 0x00000000e6ab0000)
  to   space 21824K,   0% used [0x00000000e6ab0000, 0x00000000e6ab0000, 0x00000000e8000000)
 concurrent mark-sweep generation total 393216K, used 0K [0x00000000e8000000, 0x0000000100000000, 0x0000000100000000)
 Metaspace       used 24379K, capacity 24857K, committed 25084K, reserved 1071104K
  class space    used 2860K, capacity 3053K, committed 3068K, reserved 1048576K
}
2017-05-31T16:53:04.826+0200: 3,822: Total time for which application threads were stopped: 0,0200959 seconds, Stopping threads took: 0,0002821 seconds
2017-05-31T16:53:05.069+0200: 4,065: Total time for which application threads were stopped: 0,0108172 seconds, Stopping threads took: 0,0103158 seconds
2017-05-31T16:53:05.362+0200: 4,359: Total time for which application threads were stopped: 0,0001582 seconds, Stopping threads took: 0,0000403 seconds
2017-05-31T16:53:05.386+0200: 4,383: Total time for which application threads were stopped: 0,0001724 seconds, Stopping threads took: 0,0000480 seconds
2017-05-31T16:53:05.387+0200: 4,383: Total time for which application threads were stopped: 0,0001093 seconds, Stopping threads took: 0,0000207 seconds
2017-05-31T16:53:05.387+0200: 4,383: Total time for which application threads were stopped: 0,0001216 seconds, Stopping threads took: 0,0000244 seconds
2017-05-31T16:53:05.387+0200: 4,383: Total time for which application threads were stopped: 0,0000964 seconds, Stopping threads took: 0,0000196 seconds
2017-05-31T16:53:05.387+0200: 4,384: Total time for which application threads were stopped: 0,0000964 seconds, Stopping threads took: 0,0000187 seconds
2017-05-31T16:53:05.388+0200: 4,384: Total time for which application threads were stopped: 0,0000877 seconds, Stopping threads took: 0,0000175 seconds
2017-05-31T16:53:05.399+0200: 4,395: Total time for which application threads were stopped: 0,0090446 seconds, Stopping threads took: 0,0088968 seconds
2017-05-31T16:53:05.399+0200: 4,396: Total time for which application threads were stopped: 0,0001133 seconds, Stopping threads took: 0,0000121 seconds
2017-05-31T16:53:05.400+0200: 4,396: Total time for which application threads were stopped: 0,0001203 seconds, Stopping threads took: 0,0000119 seconds
2017-05-31T16:53:05.400+0200: 4,396: Total time for which application threads were stopped: 0,0000928 seconds, Stopping threads took: 0,0000079 seconds
2017-05-31T16:53:05.400+0200: 4,397: Total time for which application threads were stopped: 0,0001049 seconds, Stopping threads took: 0,0000104 seconds
2017-05-31T16:53:05.401+0200: 4,397: Total time for which application threads were stopped: 0,0000872 seconds, Stopping threads took: 0,0000074 seconds
2017-05-31T16:53:05.401+0200: 4,397: Total time for which application threads were stopped: 0,0000849 seconds, Stopping threads took: 0,0000071 seconds
2017-05-31T16:53:05.401+0200: 4,397: Total time for which application threads were stopped: 0,0000753 seconds, Stopping threads took: 0,0000060 seconds
2017-05-31T16:53:05.401+0200: 4,397: Total time for which application threads were stopped: 0,0000766 seconds, Stopping threads took: 0,0000086 seconds
2017-05-31T16:53:05.411+0200: 4,407: Total time for which application threads were stopped: 0,0003275 seconds, Stopping threads took: 0,0001951 seconds
2017-05-31T16:53:05.411+0200: 4,407: Total time for which application threads were stopped: 0,0001180 seconds, Stopping threads took: 0,0000313 seconds
2017-05-31T16:53:05.411+0200: 4,407: Total time for which application threads were stopped: 0,0001173 seconds, Stopping threads took: 0,0000326 seconds
2017-05-31T16:53:05.414+0200: 4,411: Total time for which application threads were stopped: 0,0032496 seconds, Stopping threads took: 0,0031192 seconds
2017-05-31T16:53:05.431+0200: 4,427: Total time for which application threads were stopped: 0,0133958 seconds, Stopping threads took: 0,0131294 seconds
2017-05-31T16:53:05.448+0200: 4,444: Total time for which application threads were stopped: 0,0006348 seconds, Stopping threads took: 0,0005208 seconds
2017-05-31T16:53:05.453+0200: 4,449: Total time for which application threads were stopped: 0,0006161 seconds, Stopping threads took: 0,0005067 seconds
2017-05-31T16:53:05.454+0200: 4,450: Total time for which application threads were stopped: 0,0001129 seconds, Stopping threads took: 0,0000151 seconds
2017-05-31T16:53:05.454+0200: 4,450: Total time for which application threads were stopped: 0,0000794 seconds, Stopping threads took: 0,0000081 seconds
2017-05-31T16:53:05.464+0200: 4,460: Total time for which application threads were stopped: 0,0001674 seconds, Stopping threads took: 0,0000423 seconds
2017-05-31T16:53:05.467+0200: 4,463: Total time for which application threads were stopped: 0,0001632 seconds, Stopping threads took: 0,0000533 seconds
2017-05-31T16:53:05.467+0200: 4,463: Total time for which application threads were stopped: 0,0001006 seconds, Stopping threads took: 0,0000350 seconds
2017-05-31T16:53:05.467+0200: 4,463: Total time for which application threads were stopped: 0,0000706 seconds, Stopping threads took: 0,0000111 seconds
2017-05-31T16:53:05.467+0200: 4,463: Total time for which application threads were stopped: 0,0000810 seconds, Stopping threads took: 0,0000248 seconds
2017-05-31T16:53:05.467+0200: 4,463: Total time for which application threads were stopped: 0,0000908 seconds, Stopping threads took: 0,0000307 seconds
2017-05-31T16:53:05.468+0200: 4,464: Total time for which application threads were stopped: 0,0000744 seconds, Stopping threads took: 0,0000091 seconds
2017-05-31T16:53:05.468+0200: 4,464: Total time for which application threads were stopped: 0,0000624 seconds, Stopping threads took: 0,0000070 seconds
2017-05-31T16:53:05.468+0200: 4,464: Total time for which application threads were stopped: 0,0000653 seconds, Stopping threads took: 0,0000071 seconds
2017-05-31T16:53:05.468+0200: 4,464: Total time for which application threads were stopped: 0,0000568 seconds, Stopping threads took: 0,0000062 seconds
2017-05-31T16:53:05.468+0200: 4,464: Total time for which application threads were stopped: 0,0000595 seconds, Stopping threads took: 0,0000089 seconds
2017-05-31T16:53:05.469+0200: 4,465: Total time for which application threads were stopped: 0,0000727 seconds, Stopping threads took: 0,0000081 seconds
2017-05-31T16:53:05.469+0200: 4,465: Total time for which application threads were stopped: 0,0000604 seconds, Stopping threads took: 0,0000067 seconds
2017-05-31T16:53:05.469+0200: 4,465: Total time for which application threads were stopped: 0,0000659 seconds, Stopping threads took: 0,0000103 seconds
2017-05-31T16:53:05.469+0200: 4,465: Total time for which application threads were stopped: 0,0000607 seconds, Stopping threads took: 0,0000063 seconds
2017-05-31T16:53:05.469+0200: 4,465: Total time for which application threads were stopped: 0,0000624 seconds, Stopping threads took: 0,0000061 seconds
2017-05-31T16:53:05.469+0200: 4,465: Total time for which application threads were stopped: 0,0000665 seconds, Stopping threads took: 0,0000071 seconds
2017-05-31T16:53:05.470+0200: 4,466: Total time for which application threads were stopped: 0,0001551 seconds, Stopping threads took: 0,0000098 seconds
2017-05-31T16:53:05.481+0200: 4,477: Total time for which application threads were stopped: 0,0001587 seconds, Stopping threads took: 0,0000490 seconds
2017-05-31T16:53:05.491+0200: 4,487: Total time for which application threads were stopped: 0,0001208 seconds, Stopping threads took: 0,0000317 seconds
2017-05-31T16:53:05.491+0200: 4,487: Total time for which application threads were stopped: 0,0000737 seconds, Stopping threads took: 0,0000149 seconds
2017-05-31T16:53:05.491+0200: 4,487: Total time for which application threads were stopped: 0,0000694 seconds, Stopping threads took: 0,0000163 seconds
2017-05-31T16:53:05.496+0200: 4,492: Total time for which application threads were stopped: 0,0001449 seconds, Stopping threads took: 0,0000433 seconds
2017-05-31T16:53:05.498+0200: 4,494: Total time for which application threads were stopped: 0,0001404 seconds, Stopping threads took: 0,0000333 seconds
2017-05-31T16:53:05.502+0200: 4,499: Total time for which application threads were stopped: 0,0001622 seconds, Stopping threads took: 0,0000492 seconds
2017-05-31T16:53:05.514+0200: 4,510: Total time for which application threads were stopped: 0,0001567 seconds, Stopping threads took: 0,0000381 seconds
2017-05-31T16:53:05.514+0200: 4,511: Total time for which application threads were stopped: 0,0000761 seconds, Stopping threads took: 0,0000159 seconds
2017-05-31T16:53:05.516+0200: 4,513: Total time for which application threads were stopped: 0,0001335 seconds, Stopping threads took: 0,0000257 seconds
2017-05-31T16:53:05.523+0200: 4,519: Total time for which application threads were stopped: 0,0001514 seconds, Stopping threads took: 0,0000582 seconds
2017-05-31T16:53:05.523+0200: 4,519: Total time for which application threads were stopped: 0,0000800 seconds, Stopping threads took: 0,0000192 seconds
2017-05-31T16:53:05.525+0200: 4,521: Total time for which application threads were stopped: 0,0001289 seconds, Stopping threads took: 0,0000327 seconds
{Heap before GC invocations=8 (full 1):
 par new generation   total 109248K, used 100057K [0x00000000e0000000, 0x00000000e8000000, 0x00000000e8000000)
  eden space 87424K, 100% used [0x00000000e0000000, 0x00000000e5560000, 0x00000000e5560000)
  from space 21824K,  57% used [0x00000000e5560000, 0x00000000e61b6550, 0x00000000e6ab0000)
  to   space 21824K,   0% used [0x00000000e6ab0000, 0x00000000e6ab0000, 0x00000000e8000000)
 concurrent mark-sweep generation total 393216K, used 0K [0x00000000e8000000, 0x0000000100000000, 0x0000000100000000)
 Metaspace       used 25102K, capacity 25545K, committed 25724K, reserved 1071104K
  class space    used 2913K, capacity 3088K, committed 3196K, reserved 1048576K
2017-05-31T16:53:05.538+0200: 4,534: [GC (Allocation Failure) 2017-05-31T16:53:05.538+0200: 4,534: [ParNew
Desired survivor size 20112992 bytes, new threshold 8 (max 8)
- age   1:    1984248 bytes,    1984248 total
- age   2:     149552 bytes,    2133800 total
- age   3:     468016 bytes,    2601816 total
- age   4:    1432240 bytes,    4034056 total
- age   5:      90384 bytes,    4124440 total
- age   6:      46376 bytes,    4170816 total
- age   7:     180528 bytes,    4351344 total
- age   8:     751288 bytes,    5102632 total
: 100057K->11702K(109248K), 0,0979697 secs] 100057K->18310K(502464K), 0,0980438 secs] [Times: user=0,14 sys=0,00, real=0,10 secs] 
Heap after GC invocations=9 (full 1):
 par new generation   total 109248K, used 11702K [0x00000000e0000000, 0x00000000e8000000, 0x00000000e8000000)
  eden space 87424K,   0% used [0x00000000e0000000, 0x00000000e0000000, 0x00000000e5560000)
  from space 21824K,  53% used [0x00000000e6ab0000, 0x00000000e761da00, 0x00000000e8000000)
  to   space 21824K,   0% used [0x00000000e5560000, 0x00000000e5560000, 0x00000000e6ab0000)
 concurrent mark-sweep generation total 393216K, used 6608K [0x00000000e8000000, 0x0000000100000000, 0x0000000100000000)
 Metaspace       used 25102K, capacity 25545K, committed 25724K, reserved 1071104K
  class space    used 2913K, capacity 3088K, committed 3196K, reserved 1048576K
}
2017-05-31T16:53:05.636+0200: 4,632: Total time for which application threads were stopped: 0,0982696 seconds, Stopping threads took: 0,0000312 seconds
2017-05-31T16:53:05.639+0200: 4,635: Total time for which application threads were stopped: 0,0001160 seconds, Stopping threads took: 0,0000513 seconds
2017-05-31T16:53:05.640+0200: 4,636: Total time for which application threads were stopped: 0,0000913 seconds, Stopping threads took: 0,0000449 seconds
2017-05-31T16:53:05.640+0200: 4,636: Total time for which application threads were stopped: 0,0001050 seconds, Stopping threads took: 0,0000134 seconds
2017-05-31T16:53:05.641+0200: 4,637: Total time for which application threads were stopped: 0,0001128 seconds, Stopping threads took: 0,0000348 seconds
2017-05-31T16:53:05.641+0200: 4,637: Total time for which application threads were stopped: 0,0000585 seconds, Stopping threads took: 0,0000103 seconds
2017-05-31T16:53:05.641+0200: 4,638: Total time for which application threads were stopped: 0,0000477 seconds, Stopping threads took: 0,0000124 seconds
2017-05-31T16:53:05.642+0200: 4,638: Total time for which application threads were stopped: 0,0001045 seconds, Stopping threads took: 0,0000138 seconds
2017-05-31T16:53:05.646+0200: 4,642: Total time for which application threads were stopped: 0,0001813 seconds, Stopping threads took: 0,0000927 seconds
2017-05-31T16:53:05.652+0200: 4,648: Total time for which application threads were stopped: 0,0004103 seconds, Stopping threads took: 0,0003296 seconds
2017-05-31T16:53:05.654+0200: 4,650: Total time for which application threads were stopped: 0,0001046 seconds, Stopping threads took: 0,0000450 seconds
2017-05-31T16:53:05.654+0200: 4,650: Total time for which application threads were stopped: 0,0000712 seconds, Stopping threads took: 0,0000346 seconds
2017-05-31T16:53:05.654+0200: 4,650: Total time for which application threads were stopped: 0,0000465 seconds, Stopping threads took: 0,0000168 seconds
2017-05-31T16:53:05.660+0200: 4,656: Total time for which application threads were stopped: 0,0000923 seconds, Stopping threads took: 0,0000250 seconds
2017-05-31T16:53:05.670+0200: 4,666: Total time for which application threads were stopped: 0,0001521 seconds, Stopping threads took: 0,0000806 seconds
2017-05-31T16:53:05.670+0200: 4,666: Total time for which application threads were stopped: 0,0000873 seconds, Stopping threads took: 0,0000248 seconds
2017-05-31T16:53:05.672+0200: 4,668: Total time for which application threads were stopped: 0,0001277 seconds, Stopping threads took: 0,0000620 seconds
2017-05-31T16:53:05.680+0200: 4,676: Total time for which application threads were stopped: 0,0001540 seconds, Stopping threads took: 0,0000607 seconds
2017-05-31T16:53:05.691+0200: 4,687: Total time for which application threads were stopped: 0,0001462 seconds, Stopping threads took: 0,0000390 seconds
2017-05-31T16:53:05.691+0200: 4,687: Total time for which application threads were stopped: 0,0000952 seconds, Stopping threads took: 0,0000175 seconds
2017-05-31T16:53:05.691+0200: 4,687: Total time for which application threads were stopped: 0,0001119 seconds, Stopping threads took: 0,0000327 seconds
2017-05-31T16:53:05.713+0200: 4,709: Total time for which application threads were stopped: 0,0001584 seconds, Stopping threads took: 0,0000692 seconds
2017-05-31T16:53:05.723+0200: 4,719: Total time for which application threads were stopped: 0,0001102 seconds, Stopping threads took: 0,0000380 seconds
2017-05-31T16:53:05.731+0200: 4,727: Total time for which application threads were stopped: 0,0000978 seconds, Stopping threads took: 0,0000338 seconds
2017-05-31T16:53:05.791+0200: 4,787: Total time for which application threads were stopped: 0,0004604 seconds, Stopping threads took: 0,0000334 seconds
2017-05-31T16:53:05.806+0200: 4,802: Total time for which application threads were stopped: 0,0003811 seconds, Stopping threads took: 0,0000238 seconds
2017-05-31T16:53:05.867+0200: 4,863: Total time for which application threads were stopped: 0,0008980 seconds, Stopping threads took: 0,0000679 seconds
2017-05-31T16:53:05.872+0200: 4,868: Total time for which application threads were stopped: 0,0001305 seconds, Stopping threads took: 0,0000281 seconds
2017-05-31T16:53:05.873+0200: 4,869: Total time for which application threads were stopped: 0,0002052 seconds, Stopping threads took: 0,0001252 seconds
2017-05-31T16:53:05.887+0200: 4,883: Total time for which application threads were stopped: 0,0001276 seconds, Stopping threads took: 0,0000537 seconds
2017-05-31T16:53:05.896+0200: 4,892: Total time for which application threads were stopped: 0,0001302 seconds, Stopping threads took: 0,0000413 seconds
2017-05-31T16:53:05.898+0200: 4,894: Total time for which application threads were stopped: 0,0009423 seconds, Stopping threads took: 0,0008699 seconds
2017-05-31T16:53:05.899+0200: 4,895: Total time for which application threads were stopped: 0,0000724 seconds, Stopping threads took: 0,0000280 seconds
2017-05-31T16:53:05.907+0200: 4,903: Total time for which application threads were stopped: 0,0001616 seconds, Stopping threads took: 0,0000571 seconds
2017-05-31T16:53:05.908+0200: 4,904: Total time for which application threads were stopped: 0,0007676 seconds, Stopping threads took: 0,0006625 seconds
2017-05-31T16:53:05.909+0200: 4,905: Total time for which application threads were stopped: 0,0002130 seconds, Stopping threads took: 0,0000392 seconds
2017-05-31T16:53:05.911+0200: 4,907: Total time for which application threads were stopped: 0,0001547 seconds, Stopping threads took: 0,0000604 seconds
2017-05-31T16:53:05.934+0200: 4,930: Total time for which application threads were stopped: 0,0032775 seconds, Stopping threads took: 0,0031624 seconds
2017-05-31T16:53:05.949+0200: 4,945: Total time for which application threads were stopped: 0,0001483 seconds, Stopping threads took: 0,0000632 seconds
2017-05-31T16:53:05.999+0200: 4,995: Total time for which application threads were stopped: 0,0028824 seconds, Stopping threads took: 0,0024439 seconds
2017-05-31T16:53:06.002+0200: 4,999: Total time for which application threads were stopped: 0,0002975 seconds, Stopping threads took: 0,0001322 seconds
2017-05-31T16:53:07.006+0200: 6,002: Total time for which application threads were stopped: 0,0001006 seconds, Stopping threads took: 0,0000285 seconds
2017-05-31T16:53:35.234+0200: 34,230: Total time for which application threads were stopped: 0,0286649 seconds, Stopping threads took: 0,0285756 seconds
2017-05-31T16:53:35.236+0200: 34,232: Total time for which application threads were stopped: 0,0000737 seconds, Stopping threads took: 0,0000158 seconds
2017-05-31T16:53:35.236+0200: 34,232: Total time for which application threads were stopped: 0,0000745 seconds, Stopping threads took: 0,0000125 seconds
2017-05-31T16:53:35.236+0200: 34,232: Total time for which application threads were stopped: 0,0000536 seconds, Stopping threads took: 0,0000053 seconds
2017-05-31T16:53:35.237+0200: 34,233: Total time for which application threads were stopped: 0,0000416 seconds, Stopping threads took: 0,0000076 seconds
2017-05-31T16:53:35.237+0200: 34,233: Total time for which application threads were stopped: 0,0000578 seconds, Stopping threads took: 0,0000072 seconds
2017-05-31T16:53:35.238+0200: 34,234: Total time for which application threads were stopped: 0,0006297 seconds, Stopping threads took: 0,0005535 seconds
2017-05-31T16:53:35.238+0200: 34,234: Total time for which application threads were stopped: 0,0001298 seconds, Stopping threads took: 0,0000417 seconds
2017-05-31T16:53:35.238+0200: 34,234: Total time for which application threads were stopped: 0,0000681 seconds, Stopping threads took: 0,0000116 seconds
2017-05-31T16:53:35.238+0200: 34,234: Total time for which application threads were stopped: 0,0000412 seconds, Stopping threads took: 0,0000089 seconds
2017-05-31T16:53:35.238+0200: 34,234: Total time for which application threads were stopped: 0,0000370 seconds, Stopping threads took: 0,0000065 seconds
2017-05-31T16:53:35.238+0200: 34,234: Total time for which application threads were stopped: 0,0000332 seconds, Stopping threads took: 0,0000047 seconds
2017-05-31T16:53:35.239+0200: 34,235: Total time for which application threads were stopped: 0,0000379 seconds, Stopping threads took: 0,0000058 seconds
2017-05-31T16:53:35.239+0200: 34,236: Total time for which application threads were stopped: 0,0001124 seconds, Stopping threads took: 0,0000494 seconds
2017-05-31T16:53:35.240+0200: 34,236: Total time for which application threads were stopped: 0,0006130 seconds, Stopping threads took: 0,0005479 seconds
2017-05-31T16:53:35.242+0200: 34,238: Total time for which application threads were stopped: 0,0013800 seconds, Stopping threads took: 0,0012933 seconds
2017-05-31T16:53:35.242+0200: 34,238: Total time for which application threads were stopped: 0,0000502 seconds, Stopping threads took: 0,0000093 seconds
2017-05-31T16:53:35.243+0200: 34,239: Total time for which application threads were stopped: 0,0000350 seconds, Stopping threads took: 0,0000055 seconds
2017-05-31T16:53:35.243+0200: 34,239: Total time for which application threads were stopped: 0,0000396 seconds, Stopping threads took: 0,0000056 seconds
2017-05-31T16:53:35.243+0200: 34,239: Total time for which application threads were stopped: 0,0000344 seconds, Stopping threads took: 0,0000049 seconds
2017-05-31T16:53:35.243+0200: 34,239: Total time for which application threads were stopped: 0,0000597 seconds, Stopping threads took: 0,0000073 seconds
2017-05-31T16:53:35.244+0200: 34,240: Total time for which application threads were stopped: 0,0005311 seconds, Stopping threads took: 0,0004757 seconds
2017-05-31T16:53:35.245+0200: 34,241: Total time for which application threads were stopped: 0,0000725 seconds, Stopping threads took: 0,0000150 seconds
2017-05-31T16:53:35.248+0200: 34,244: Total time for which application threads were stopped: 0,0002943 seconds, Stopping threads took: 0,0002049 seconds
2017-05-31T16:53:35.248+0200: 34,244: Total time for which application threads were stopped: 0,0000631 seconds, Stopping threads took: 0,0000083 seconds
2017-05-31T16:53:35.248+0200: 34,244: Total time for which application threads were stopped: 0,0000426 seconds, Stopping threads took: 0,0000094 seconds
2017-05-31T16:53:35.248+0200: 34,244: Total time for which application threads were stopped: 0,0000623 seconds, Stopping threads took: 0,0000051 seconds
2017-05-31T16:53:35.248+0200: 34,244: Total time for which application threads were stopped: 0,0000343 seconds, Stopping threads took: 0,0000050 seconds
2017-05-31T16:53:35.248+0200: 34,245: Total time for which application threads were stopped: 0,0000914 seconds, Stopping threads took: 0,0000078 seconds
2017-05-31T16:53:35.249+0200: 34,245: Total time for which application threads were stopped: 0,0000393 seconds, Stopping threads took: 0,0000065 seconds
2017-05-31T16:53:35.249+0200: 34,245: Total time for which application threads were stopped: 0,0000393 seconds, Stopping threads took: 0,0000063 seconds
2017-05-31T16:53:35.249+0200: 34,245: Total time for which application threads were stopped: 0,0000611 seconds, Stopping threads took: 0,0000065 seconds
2017-05-31T16:53:35.249+0200: 34,245: Total time for which application threads were stopped: 0,0000657 seconds, Stopping threads took: 0,0000068 seconds
2017-05-31T16:53:35.249+0200: 34,245: Total time for which application threads were stopped: 0,0000392 seconds, Stopping threads took: 0,0000063 seconds
2017-05-31T16:53:35.249+0200: 34,245: Total time for which application threads were stopped: 0,0000670 seconds, Stopping threads took: 0,0000077 seconds
2017-05-31T16:53:35.270+0200: 34,266: Total time for which application threads were stopped: 0,0002716 seconds, Stopping threads took: 0,0001988 seconds
2017-05-31T16:53:35.271+0200: 34,267: Total time for which application threads were stopped: 0,0000486 seconds, Stopping threads took: 0,0000091 seconds
2017-05-31T16:53:35.271+0200: 34,267: Total time for which application threads were stopped: 0,0000371 seconds, Stopping threads took: 0,0000055 seconds
2017-05-31T16:53:35.271+0200: 34,267: Total time for which application threads were stopped: 0,0000331 seconds, Stopping threads took: 0,0000047 seconds
2017-05-31T16:53:35.273+0200: 34,269: Total time for which application threads were stopped: 0,0018876 seconds, Stopping threads took: 0,0018182 seconds
2017-05-31T16:53:35.274+0200: 34,270: Total time for which application threads were stopped: 0,0004478 seconds, Stopping threads took: 0,0003641 seconds
2017-05-31T16:53:35.277+0200: 34,273: Total time for which application threads were stopped: 0,0002100 seconds, Stopping threads took: 0,0000992 seconds
2017-05-31T16:53:35.277+0200: 34,274: Total time for which application threads were stopped: 0,0001399 seconds, Stopping threads took: 0,0000928 seconds
2017-05-31T16:53:35.279+0200: 34,275: Total time for which application threads were stopped: 0,0000716 seconds, Stopping threads took: 0,0000150 seconds
2017-05-31T16:53:35.285+0200: 34,281: Total time for which application threads were stopped: 0,0052338 seconds, Stopping threads took: 0,0049728 seconds
2017-05-31T16:53:35.286+0200: 34,282: Total time for which application threads were stopped: 0,0000895 seconds, Stopping threads took: 0,0000361 seconds
2017-05-31T16:53:35.290+0200: 34,287: Total time for which application threads were stopped: 0,0044820 seconds, Stopping threads took: 0,0044140 seconds
2017-05-31T16:53:35.291+0200: 34,287: Total time for which application threads were stopped: 0,0000390 seconds, Stopping threads took: 0,0000072 seconds
2017-05-31T16:53:35.291+0200: 34,287: Total time for which application threads were stopped: 0,0000324 seconds, Stopping threads took: 0,0000045 seconds
2017-05-31T16:53:35.291+0200: 34,287: Total time for which application threads were stopped: 0,0000310 seconds, Stopping threads took: 0,0000043 seconds
2017-05-31T16:53:35.291+0200: 34,287: Total time for which application threads were stopped: 0,0000310 seconds, Stopping threads took: 0,0000045 seconds
2017-05-31T16:53:35.291+0200: 34,287: Total time for which application threads were stopped: 0,0000345 seconds, Stopping threads took: 0,0000067 seconds
2017-05-31T16:53:35.292+0200: 34,288: Total time for which application threads were stopped: 0,0000709 seconds, Stopping threads took: 0,0000142 seconds
2017-05-31T16:53:35.299+0200: 34,295: Total time for which application threads were stopped: 0,0001063 seconds, Stopping threads took: 0,0000293 seconds
2017-05-31T16:53:35.300+0200: 34,296: Total time for which application threads were stopped: 0,0000766 seconds, Stopping threads took: 0,0000162 seconds
2017-05-31T16:53:35.301+0200: 34,297: Total time for which application threads were stopped: 0,0000593 seconds, Stopping threads took: 0,0000113 seconds
2017-05-31T16:53:35.301+0200: 34,297: Total time for which application threads were stopped: 0,0000361 seconds, Stopping threads took: 0,0000057 seconds
2017-05-31T16:53:35.301+0200: 34,297: Total time for which application threads were stopped: 0,0000315 seconds, Stopping threads took: 0,0000048 seconds
2017-05-31T16:53:35.303+0200: 34,299: Total time for which application threads were stopped: 0,0000699 seconds, Stopping threads took: 0,0000219 seconds
2017-05-31T16:53:35.303+0200: 34,299: Total time for which application threads were stopped: 0,0000331 seconds, Stopping threads took: 0,0000048 seconds
2017-05-31T16:53:35.303+0200: 34,299: Total time for which application threads were stopped: 0,0000314 seconds, Stopping threads took: 0,0000044 seconds
2017-05-31T16:53:35.304+0200: 34,300: Total time for which application threads were stopped: 0,0000646 seconds, Stopping threads took: 0,0000186 seconds
2017-05-31T16:53:35.304+0200: 34,300: Total time for which application threads were stopped: 0,0000656 seconds, Stopping threads took: 0,0000207 seconds
2017-05-31T16:53:35.305+0200: 34,301: Total time for which application threads were stopped: 0,0000790 seconds, Stopping threads took: 0,0000287 seconds
2017-05-31T16:53:35.306+0200: 34,302: Total time for which application threads were stopped: 0,0000627 seconds, Stopping threads took: 0,0000189 seconds
2017-05-31T16:53:35.306+0200: 34,302: Total time for which application threads were stopped: 0,0000497 seconds, Stopping threads took: 0,0000125 seconds
2017-05-31T16:53:35.306+0200: 34,302: Total time for which application threads were stopped: 0,0000334 seconds, Stopping threads took: 0,0000060 seconds
2017-05-31T16:53:35.306+0200: 34,302: Total time for which application threads were stopped: 0,0000307 seconds, Stopping threads took: 0,0000044 seconds
2017-05-31T16:53:35.309+0200: 34,305: Total time for which application threads were stopped: 0,0000798 seconds, Stopping threads took: 0,0000264 seconds
2017-05-31T16:53:35.309+0200: 34,305: Total time for which application threads were stopped: 0,0000432 seconds, Stopping threads took: 0,0000122 seconds
2017-05-31T16:53:35.309+0200: 34,305: Total time for which application threads were stopped: 0,0000334 seconds, Stopping threads took: 0,0000052 seconds
2017-05-31T16:53:35.309+0200: 34,305: Total time for which application threads were stopped: 0,0000319 seconds, Stopping threads took: 0,0000047 seconds
2017-05-31T16:53:35.309+0200: 34,305: Total time for which application threads were stopped: 0,0000295 seconds, Stopping threads took: 0,0000046 seconds
2017-05-31T16:53:35.310+0200: 34,306: Total time for which application threads were stopped: 0,0001580 seconds, Stopping threads took: 0,0000104 seconds
2017-05-31T16:53:35.311+0200: 34,307: Total time for which application threads were stopped: 0,0001123 seconds, Stopping threads took: 0,0000200 seconds
2017-05-31T16:53:35.313+0200: 34,309: Total time for which application threads were stopped: 0,0001105 seconds, Stopping threads took: 0,0000539 seconds
2017-05-31T16:53:35.313+0200: 34,309: Total time for which application threads were stopped: 0,0000757 seconds, Stopping threads took: 0,0000189 seconds
Heap
 par new generation   total 109248K, used 59554K [0x00000000e0000000, 0x00000000e8000000, 0x00000000e8000000)
  eden space 87424K,  54% used [0x00000000e0000000, 0x00000000e2ebae58, 0x00000000e5560000)
  from space 21824K,  53% used [0x00000000e6ab0000, 0x00000000e761da00, 0x00000000e8000000)
  to   space 21824K,   0% used [0x00000000e5560000, 0x00000000e5560000, 0x00000000e6ab0000)
 concurrent mark-sweep generation total 393216K, used 6608K [0x00000000e8000000, 0x0000000100000000, 0x0000000100000000)
 Metaspace       used 28103K, capacity 28613K, committed 28796K, reserved 1075200K
  class space    used 3228K, capacity 3426K, committed 3452K, reserved 1048576K
