OpenJDK 64-Bit Server VM (25.121-b13) for linux-amd64 JRE (1.8.0_121-8u121-b13-0ubuntu1.16.04.2-b13), built on Jan 23 2017 15:51:29 by "buildd" with gcc 5.4.0 20160609
Memory: 4k page, physical 7867760k(7388972k free), swap 8076284k(8076284k free)
CommandLine flags: -XX:CMSInitiatingOccupancyFraction=50 -XX:CMSMaxAbortablePrecleanTime=6000 -XX:+CMSParallelRemarkEnabled -XX:+CMSScavengeBeforeRemark -XX:ConcGCThreads=4 -XX:InitialHeapSize=536870912 -XX:MaxHeapSize=536870912 -XX:MaxTenuringThreshold=8 -XX:NewRatio=3 -XX:OldPLABSize=16 -XX:OnOutOfMemoryError=/opt/solr/bin/oom_solr.sh 8983 /var/solr/logs -XX:ParallelGCThreads=4 -XX:+ParallelRefProcEnabled -XX:PretenureSizeThreshold=67108864 -XX:+PrintGC -XX:+PrintGCApplicationStoppedTime -XX:+PrintGCDateStamps -XX:+PrintGCDetails -XX:+PrintGCTimeStamps -XX:+PrintHeapAtGC -XX:+PrintTenuringDistribution -XX:SurvivorRatio=4 -XX:TargetSurvivorRatio=90 -XX:ThreadStackSize=256 -XX:+UseCMSInitiatingOccupancyOnly -XX:+UseCompressedClassPointers -XX:+UseCompressedOops -XX:+UseConcMarkSweepGC -XX:+UseParNewGC 
2017-03-18T22:51:32.598+0100: 0,208: Total time for which application threads were stopped: 0,0000869 seconds, Stopping threads took: 0,0000308 seconds
2017-03-18T22:51:32.722+0100: 0,332: Total time for which application threads were stopped: 0,0000988 seconds, Stopping threads took: 0,0000094 seconds
2017-03-18T22:51:32.801+0100: 0,411: Total time for which application threads were stopped: 0,0000892 seconds, Stopping threads took: 0,0000106 seconds
2017-03-18T22:51:33.230+0100: 0,840: Total time for which application threads were stopped: 0,0002010 seconds, Stopping threads took: 0,0000263 seconds
2017-03-18T22:51:33.893+0100: 1,503: Total time for which application threads were stopped: 0,0001348 seconds, Stopping threads took: 0,0000163 seconds
2017-03-18T22:51:34.023+0100: 1,633: Total time for which application threads were stopped: 0,0009126 seconds, Stopping threads took: 0,0001024 seconds
2017-03-18T22:51:34.078+0100: 1,688: Total time for which application threads were stopped: 0,0002143 seconds, Stopping threads took: 0,0000326 seconds
2017-03-18T22:51:34.378+0100: 1,988: Total time for which application threads were stopped: 0,0001679 seconds, Stopping threads took: 0,0000120 seconds
2017-03-18T22:51:34.599+0100: 2,209: Total time for which application threads were stopped: 0,0002016 seconds, Stopping threads took: 0,0000154 seconds
2017-03-18T22:51:34.624+0100: 2,234: Total time for which application threads were stopped: 0,0001729 seconds, Stopping threads took: 0,0000130 seconds
2017-03-18T22:51:34.667+0100: 2,277: Total time for which application threads were stopped: 0,0001878 seconds, Stopping threads took: 0,0000121 seconds
2017-03-18T22:51:34.668+0100: 2,278: Total time for which application threads were stopped: 0,0001187 seconds, Stopping threads took: 0,0000077 seconds
2017-03-18T22:51:34.690+0100: 2,300: Total time for which application threads were stopped: 0,0001879 seconds, Stopping threads took: 0,0000117 seconds
2017-03-18T22:51:34.774+0100: 2,384: Total time for which application threads were stopped: 0,0003023 seconds, Stopping threads took: 0,0000314 seconds
2017-03-18T22:51:34.992+0100: 2,602: Total time for which application threads were stopped: 0,0003870 seconds, Stopping threads took: 0,0001048 seconds
{Heap before GC invocations=0 (full 0):
 par new generation   total 109248K, used 87424K [0x00000000e0000000, 0x00000000e8000000, 0x00000000e8000000)
  eden space 87424K, 100% used [0x00000000e0000000, 0x00000000e5560000, 0x00000000e5560000)
  from space 21824K,   0% used [0x00000000e5560000, 0x00000000e5560000, 0x00000000e6ab0000)
  to   space 21824K,   0% used [0x00000000e6ab0000, 0x00000000e6ab0000, 0x00000000e8000000)
 concurrent mark-sweep generation total 393216K, used 0K [0x00000000e8000000, 0x0000000100000000, 0x0000000100000000)
 Metaspace       used 18030K, capacity 18336K, committed 18688K, reserved 1064960K
  class space    used 2037K, capacity 2196K, committed 2304K, reserved 1048576K
2017-03-18T22:51:35.101+0100: 2,711: [GC (Allocation Failure) 2017-03-18T22:51:35.101+0100: 2,711: [ParNew
Desired survivor size 20112992 bytes, new threshold 8 (max 8)
- age   1:   12544648 bytes,   12544648 total
: 87424K->12360K(109248K), 0,0205263 secs] 87424K->12360K(502464K), 0,0206122 secs] [Times: user=0,04 sys=0,01, real=0,02 secs] 
Heap after GC invocations=1 (full 0):
 par new generation   total 109248K, used 12360K [0x00000000e0000000, 0x00000000e8000000, 0x00000000e8000000)
  eden space 87424K,   0% used [0x00000000e0000000, 0x00000000e0000000, 0x00000000e5560000)
  from space 21824K,  56% used [0x00000000e6ab0000, 0x00000000e76c2290, 0x00000000e8000000)
  to   space 21824K,   0% used [0x00000000e5560000, 0x00000000e5560000, 0x00000000e6ab0000)
 concurrent mark-sweep generation total 393216K, used 0K [0x00000000e8000000, 0x0000000100000000, 0x0000000100000000)
 Metaspace       used 18030K, capacity 18336K, committed 18688K, reserved 1064960K
  class space    used 2037K, capacity 2196K, committed 2304K, reserved 1048576K
}
2017-03-18T22:51:35.122+0100: 2,732: Total time for which application threads were stopped: 0,0251363 seconds, Stopping threads took: 0,0042623 seconds
2017-03-18T22:51:35.477+0100: 3,087: Total time for which application threads were stopped: 0,0004302 seconds, Stopping threads took: 0,0000658 seconds
2017-03-18T22:51:35.550+0100: 3,160: Total time for which application threads were stopped: 0,0035533 seconds, Stopping threads took: 0,0031991 seconds
{Heap before GC invocations=1 (full 0):
 par new generation   total 109248K, used 99784K [0x00000000e0000000, 0x00000000e8000000, 0x00000000e8000000)
  eden space 87424K, 100% used [0x00000000e0000000, 0x00000000e5560000, 0x00000000e5560000)
  from space 21824K,  56% used [0x00000000e6ab0000, 0x00000000e76c2290, 0x00000000e8000000)
  to   space 21824K,   0% used [0x00000000e5560000, 0x00000000e5560000, 0x00000000e6ab0000)
 concurrent mark-sweep generation total 393216K, used 0K [0x00000000e8000000, 0x0000000100000000, 0x0000000100000000)
 Metaspace       used 20032K, capacity 20346K, committed 20736K, reserved 1067008K
  class space    used 2294K, capacity 2463K, committed 2560K, reserved 1048576K
2017-03-18T22:51:35.554+0100: 3,164: [GC (Allocation Failure) 2017-03-18T22:51:35.554+0100: 3,164: [ParNew
Desired survivor size 20112992 bytes, new threshold 8 (max 8)
- age   1:    3749184 bytes,    3749184 total
- age   2:    6648840 bytes,   10398024 total
: 99784K->13751K(109248K), 0,0281999 secs] 99784K->13751K(502464K), 0,0282859 secs] [Times: user=0,08 sys=0,00, real=0,03 secs] 
Heap after GC invocations=2 (full 0):
 par new generation   total 109248K, used 13751K [0x00000000e0000000, 0x00000000e8000000, 0x00000000e8000000)
  eden space 87424K,   0% used [0x00000000e0000000, 0x00000000e0000000, 0x00000000e5560000)
  from space 21824K,  63% used [0x00000000e5560000, 0x00000000e62cde38, 0x00000000e6ab0000)
  to   space 21824K,   0% used [0x00000000e6ab0000, 0x00000000e6ab0000, 0x00000000e8000000)
 concurrent mark-sweep generation total 393216K, used 0K [0x00000000e8000000, 0x0000000100000000, 0x0000000100000000)
 Metaspace       used 20032K, capacity 20346K, committed 20736K, reserved 1067008K
  class space    used 2294K, capacity 2463K, committed 2560K, reserved 1048576K
}
2017-03-18T22:51:35.583+0100: 3,193: Total time for which application threads were stopped: 0,0284646 seconds, Stopping threads took: 0,0000388 seconds
2017-03-18T22:51:35.640+0100: 3,250: Total time for which application threads were stopped: 0,0064684 seconds, Stopping threads took: 0,0060420 seconds
2017-03-18T22:51:35.810+0100: 3,420: Total time for which application threads were stopped: 0,0001915 seconds, Stopping threads took: 0,0000328 seconds
{Heap before GC invocations=2 (full 0):
 par new generation   total 109248K, used 101175K [0x00000000e0000000, 0x00000000e8000000, 0x00000000e8000000)
  eden space 87424K, 100% used [0x00000000e0000000, 0x00000000e5560000, 0x00000000e5560000)
  from space 21824K,  63% used [0x00000000e5560000, 0x00000000e62cde38, 0x00000000e6ab0000)
  to   space 21824K,   0% used [0x00000000e6ab0000, 0x00000000e6ab0000, 0x00000000e8000000)
 concurrent mark-sweep generation total 393216K, used 0K [0x00000000e8000000, 0x0000000100000000, 0x0000000100000000)
 Metaspace       used 20973K, capacity 21268K, committed 21628K, reserved 1069056K
  class space    used 2416K, capacity 2582K, committed 2684K, reserved 1048576K
2017-03-18T22:51:35.863+0100: 3,473: [GC (Allocation Failure) 2017-03-18T22:51:35.863+0100: 3,473: [ParNew
Desired survivor size 20112992 bytes, new threshold 8 (max 8)
- age   1:    2236376 bytes,    2236376 total
- age   2:     851176 bytes,    3087552 total
- age   3:    6644400 bytes,    9731952 total
: 101175K->11544K(109248K), 0,0232371 secs] 101175K->11544K(502464K), 0,0233285 secs] [Times: user=0,07 sys=0,00, real=0,03 secs] 
Heap after GC invocations=3 (full 0):
 par new generation   total 109248K, used 11544K [0x00000000e0000000, 0x00000000e8000000, 0x00000000e8000000)
  eden space 87424K,   0% used [0x00000000e0000000, 0x00000000e0000000, 0x00000000e5560000)
  from space 21824K,  52% used [0x00000000e6ab0000, 0x00000000e75f6300, 0x00000000e8000000)
  to   space 21824K,   0% used [0x00000000e5560000, 0x00000000e5560000, 0x00000000e6ab0000)
 concurrent mark-sweep generation total 393216K, used 0K [0x00000000e8000000, 0x0000000100000000, 0x0000000100000000)
 Metaspace       used 20973K, capacity 21268K, committed 21628K, reserved 1069056K
  class space    used 2416K, capacity 2582K, committed 2684K, reserved 1048576K
}
2017-03-18T22:51:35.886+0100: 3,496: Total time for which application threads were stopped: 0,0295488 seconds, Stopping threads took: 0,0060519 seconds
2017-03-18T22:51:35.887+0100: 3,497: [GC (CMS Initial Mark) [1 CMS-initial-mark: 0K(393216K)] 12985K(502464K), 0,0064895 secs] [Times: user=0,01 sys=0,00, real=0,00 secs] 
2017-03-18T22:51:35.893+0100: 3,503: Total time for which application threads were stopped: 0,0066328 seconds, Stopping threads took: 0,0000398 seconds
2017-03-18T22:51:35.893+0100: 3,503: [CMS-concurrent-mark-start]
2017-03-18T22:51:35.894+0100: 3,504: [CMS-concurrent-mark: 0,000/0,000 secs] [Times: user=0,00 sys=0,00, real=0,00 secs] 
2017-03-18T22:51:35.894+0100: 3,504: [CMS-concurrent-preclean-start]
2017-03-18T22:51:35.895+0100: 3,505: [CMS-concurrent-preclean: 0,001/0,001 secs] [Times: user=0,01 sys=0,00, real=0,00 secs] 
2017-03-18T22:51:35.895+0100: 3,505: [GC (CMS Final Remark) [YG occupancy: 12985 K (109248 K)]{Heap before GC invocations=3 (full 1):
 par new generation   total 109248K, used 12985K [0x00000000e0000000, 0x00000000e8000000, 0x00000000e8000000)
  eden space 87424K,   1% used [0x00000000e0000000, 0x00000000e01684f0, 0x00000000e5560000)
  from space 21824K,  52% used [0x00000000e6ab0000, 0x00000000e75f6300, 0x00000000e8000000)
  to   space 21824K,   0% used [0x00000000e5560000, 0x00000000e5560000, 0x00000000e6ab0000)
 concurrent mark-sweep generation total 393216K, used 0K [0x00000000e8000000, 0x0000000100000000, 0x0000000100000000)
 Metaspace       used 20973K, capacity 21268K, committed 21628K, reserved 1069056K
  class space    used 2416K, capacity 2582K, committed 2684K, reserved 1048576K
2017-03-18T22:51:35.895+0100: 3,505: [GC (CMS Final Remark) 2017-03-18T22:51:35.895+0100: 3,505: [ParNew
Desired survivor size 20112992 bytes, new threshold 8 (max 8)
- age   1:      25928 bytes,      25928 total
- age   2:    1611408 bytes,    1637336 total
- age   3:     821944 bytes,    2459280 total
- age   4:    6644472 bytes,    9103752 total
: 12985K->12856K(109248K), 0,0189192 secs] 12985K->12856K(502464K), 0,0189690 secs] [Times: user=0,05 sys=0,00, real=0,02 secs] 
Heap after GC invocations=4 (full 1):
 par new generation   total 109248K, used 12856K [0x00000000e0000000, 0x00000000e8000000, 0x00000000e8000000)
  eden space 87424K,   0% used [0x00000000e0000000, 0x00000000e0000000, 0x00000000e5560000)
  from space 21824K,  58% used [0x00000000e5560000, 0x00000000e61ee200, 0x00000000e6ab0000)
  to   space 21824K,   0% used [0x00000000e6ab0000, 0x00000000e6ab0000, 0x00000000e8000000)
 concurrent mark-sweep generation total 393216K, used 0K [0x00000000e8000000, 0x0000000100000000, 0x0000000100000000)
 Metaspace       used 20973K, capacity 21268K, committed 21628K, reserved 1069056K
  class space    used 2416K, capacity 2582K, committed 2684K, reserved 1048576K
}
2017-03-18T22:51:35.914+0100: 3,524: [Rescan (parallel) , 0,0040295 secs]2017-03-18T22:51:35.918+0100: 3,528: [weak refs processing, 0,0025590 secs]2017-03-18T22:51:35.921+0100: 3,531: [class unloading, 0,0029268 secs]2017-03-18T22:51:35.924+0100: 3,534: [scrub symbol table, 0,0029035 secs]2017-03-18T22:51:35.927+0100: 3,537: [scrub string table, 0,0003723 secs][1 CMS-remark: 0K(393216K)] 12856K(502464K), 0,0324273 secs] [Times: user=0,07 sys=0,00, real=0,04 secs] 
2017-03-18T22:51:35.928+0100: 3,538: Total time for which application threads were stopped: 0,0326641 seconds, Stopping threads took: 0,0001499 seconds
2017-03-18T22:51:35.935+0100: 3,545: [CMS-concurrent-sweep-start]
2017-03-18T22:51:35.935+0100: 3,545: [CMS-concurrent-sweep: 0,000/0,000 secs] [Times: user=0,00 sys=0,00, real=0,00 secs] 
2017-03-18T22:51:35.935+0100: 3,545: [CMS-concurrent-reset-start]
2017-03-18T22:51:35.937+0100: 3,547: [CMS-concurrent-reset: 0,002/0,002 secs] [Times: user=0,01 sys=0,00, real=0,00 secs] 
{Heap before GC invocations=4 (full 1):
 par new generation   total 109248K, used 100280K [0x00000000e0000000, 0x00000000e8000000, 0x00000000e8000000)
  eden space 87424K, 100% used [0x00000000e0000000, 0x00000000e5560000, 0x00000000e5560000)
  from space 21824K,  58% used [0x00000000e5560000, 0x00000000e61ee200, 0x00000000e6ab0000)
  to   space 21824K,   0% used [0x00000000e6ab0000, 0x00000000e6ab0000, 0x00000000e8000000)
 concurrent mark-sweep generation total 393216K, used 0K [0x00000000e8000000, 0x0000000100000000, 0x0000000100000000)
 Metaspace       used 21213K, capacity 21602K, committed 21884K, reserved 1069056K
  class space    used 2444K, capacity 2596K, committed 2684K, reserved 1048576K
2017-03-18T22:51:36.079+0100: 3,689: [GC (Allocation Failure) 2017-03-18T22:51:36.079+0100: 3,689: [ParNew
Desired survivor size 20112992 bytes, new threshold 8 (max 8)
- age   1:    1637456 bytes,    1637456 total
- age   2:        600 bytes,    1638056 total
- age   3:    1464088 bytes,    3102144 total
- age   4:     817848 bytes,    3919992 total
- age   5:    6644400 bytes,   10564392 total
: 100280K->12322K(109248K), 0,0276571 secs] 100280K->12322K(502464K), 0,0277299 secs] [Times: user=0,05 sys=0,00, real=0,03 secs] 
Heap after GC invocations=5 (full 1):
 par new generation   total 109248K, used 12322K [0x00000000e0000000, 0x00000000e8000000, 0x00000000e8000000)
  eden space 87424K,   0% used [0x00000000e0000000, 0x00000000e0000000, 0x00000000e5560000)
  from space 21824K,  56% used [0x00000000e6ab0000, 0x00000000e76b89a0, 0x00000000e8000000)
  to   space 21824K,   0% used [0x00000000e5560000, 0x00000000e5560000, 0x00000000e6ab0000)
 concurrent mark-sweep generation total 393216K, used 0K [0x00000000e8000000, 0x0000000100000000, 0x0000000100000000)
 Metaspace       used 21213K, capacity 21602K, committed 21884K, reserved 1069056K
  class space    used 2444K, capacity 2596K, committed 2684K, reserved 1048576K
}
2017-03-18T22:51:36.106+0100: 3,716: Total time for which application threads were stopped: 0,0280570 seconds, Stopping threads took: 0,0001382 seconds
2017-03-18T22:51:36.215+0100: 3,825: Total time for which application threads were stopped: 0,0006683 seconds, Stopping threads took: 0,0003519 seconds
{Heap before GC invocations=5 (full 1):
 par new generation   total 109248K, used 99746K [0x00000000e0000000, 0x00000000e8000000, 0x00000000e8000000)
  eden space 87424K, 100% used [0x00000000e0000000, 0x00000000e5560000, 0x00000000e5560000)
  from space 21824K,  56% used [0x00000000e6ab0000, 0x00000000e76b89a0, 0x00000000e8000000)
  to   space 21824K,   0% used [0x00000000e5560000, 0x00000000e5560000, 0x00000000e6ab0000)
 concurrent mark-sweep generation total 393216K, used 0K [0x00000000e8000000, 0x0000000100000000, 0x0000000100000000)
 Metaspace       used 21597K, capacity 21928K, committed 22140K, reserved 1069056K
  class space    used 2499K, capacity 2661K, committed 2684K, reserved 1048576K
2017-03-18T22:51:36.219+0100: 3,829: [GC (Allocation Failure) 2017-03-18T22:51:36.219+0100: 3,829: [ParNew
Desired survivor size 20112992 bytes, new threshold 8 (max 8)
- age   1:    1102192 bytes,    1102192 total
- age   2:     183432 bytes,    1285624 total
- age   3:        432 bytes,    1286056 total
- age   4:    1074392 bytes,    2360448 total
- age   5:     815752 bytes,    3176200 total
- age   6:    6644312 bytes,    9820512 total
: 99746K->13660K(109248K), 0,0152427 secs] 99746K->13660K(502464K), 0,0153240 secs] [Times: user=0,04 sys=0,01, real=0,01 secs] 
Heap after GC invocations=6 (full 1):
 par new generation   total 109248K, used 13660K [0x00000000e0000000, 0x00000000e8000000, 0x00000000e8000000)
  eden space 87424K,   0% used [0x00000000e0000000, 0x00000000e0000000, 0x00000000e5560000)
  from space 21824K,  62% used [0x00000000e5560000, 0x00000000e62b70b0, 0x00000000e6ab0000)
  to   space 21824K,   0% used [0x00000000e6ab0000, 0x00000000e6ab0000, 0x00000000e8000000)
 concurrent mark-sweep generation total 393216K, used 0K [0x00000000e8000000, 0x0000000100000000, 0x0000000100000000)
 Metaspace       used 21597K, capacity 21928K, committed 22140K, reserved 1069056K
  class space    used 2499K, capacity 2661K, committed 2684K, reserved 1048576K
}
2017-03-18T22:51:36.235+0100: 3,845: Total time for which application threads were stopped: 0,0156162 seconds, Stopping threads took: 0,0001472 seconds
2017-03-18T22:51:36.458+0100: 4,068: Total time for which application threads were stopped: 0,0004091 seconds, Stopping threads took: 0,0000411 seconds
2017-03-18T22:51:36.467+0100: 4,077: Total time for which application threads were stopped: 0,0001261 seconds, Stopping threads took: 0,0000537 seconds
2017-03-18T22:51:36.470+0100: 4,080: Total time for which application threads were stopped: 0,0001597 seconds, Stopping threads took: 0,0000497 seconds
2017-03-18T22:51:36.471+0100: 4,081: Total time for which application threads were stopped: 0,0004400 seconds, Stopping threads took: 0,0002896 seconds
2017-03-18T22:51:36.472+0100: 4,082: Total time for which application threads were stopped: 0,0005313 seconds, Stopping threads took: 0,0004356 seconds
2017-03-18T22:51:36.476+0100: 4,086: Total time for which application threads were stopped: 0,0002179 seconds, Stopping threads took: 0,0000316 seconds
2017-03-18T22:51:36.476+0100: 4,086: Total time for which application threads were stopped: 0,0001925 seconds, Stopping threads took: 0,0001073 seconds
2017-03-18T22:51:36.480+0100: 4,093: Total time for which application threads were stopped: 0,0033748 seconds, Stopping threads took: 0,0000351 seconds
2017-03-18T22:51:36.484+0100: 4,094: Total time for which application threads were stopped: 0,0007596 seconds, Stopping threads took: 0,0006538 seconds
2017-03-18T22:51:36.490+0100: 4,100: Total time for which application threads were stopped: 0,0043228 seconds, Stopping threads took: 0,0041615 seconds
2017-03-18T22:51:36.490+0100: 4,100: Total time for which application threads were stopped: 0,0000909 seconds, Stopping threads took: 0,0000150 seconds
2017-03-18T22:51:36.496+0100: 4,106: Total time for which application threads were stopped: 0,0004024 seconds, Stopping threads took: 0,0002920 seconds
2017-03-18T22:51:36.496+0100: 4,106: Total time for which application threads were stopped: 0,0001433 seconds, Stopping threads took: 0,0000549 seconds
2017-03-18T22:51:36.496+0100: 4,106: Total time for which application threads were stopped: 0,0001259 seconds, Stopping threads took: 0,0000521 seconds
2017-03-18T22:51:36.497+0100: 4,107: Total time for which application threads were stopped: 0,0004421 seconds, Stopping threads took: 0,0003520 seconds
2017-03-18T22:51:36.497+0100: 4,107: Total time for which application threads were stopped: 0,0000571 seconds, Stopping threads took: 0,0000088 seconds
2017-03-18T22:51:36.497+0100: 4,107: Total time for which application threads were stopped: 0,0000588 seconds, Stopping threads took: 0,0000096 seconds
2017-03-18T22:51:36.498+0100: 4,108: Total time for which application threads were stopped: 0,0006438 seconds, Stopping threads took: 0,0005673 seconds
2017-03-18T22:51:36.498+0100: 4,108: Total time for which application threads were stopped: 0,0000561 seconds, Stopping threads took: 0,0000077 seconds
2017-03-18T22:51:36.498+0100: 4,108: Total time for which application threads were stopped: 0,0000813 seconds, Stopping threads took: 0,0000133 seconds
2017-03-18T22:51:36.498+0100: 4,108: Total time for which application threads were stopped: 0,0000607 seconds, Stopping threads took: 0,0000087 seconds
2017-03-18T22:51:36.502+0100: 4,112: Total time for which application threads were stopped: 0,0024373 seconds, Stopping threads took: 0,0023190 seconds
2017-03-18T22:51:36.508+0100: 4,118: Total time for which application threads were stopped: 0,0008088 seconds, Stopping threads took: 0,0005689 seconds
2017-03-18T22:51:36.509+0100: 4,119: Total time for which application threads were stopped: 0,0001182 seconds, Stopping threads took: 0,0000233 seconds
2017-03-18T22:51:36.510+0100: 4,120: Total time for which application threads were stopped: 0,0000662 seconds, Stopping threads took: 0,0000107 seconds
2017-03-18T22:51:36.510+0100: 4,120: Total time for which application threads were stopped: 0,0000541 seconds, Stopping threads took: 0,0000105 seconds
2017-03-18T22:51:36.510+0100: 4,120: Total time for which application threads were stopped: 0,0000510 seconds, Stopping threads took: 0,0000085 seconds
2017-03-18T22:51:36.510+0100: 4,120: Total time for which application threads were stopped: 0,0000503 seconds, Stopping threads took: 0,0000086 seconds
2017-03-18T22:51:36.510+0100: 4,120: Total time for which application threads were stopped: 0,0000534 seconds, Stopping threads took: 0,0000086 seconds
2017-03-18T22:51:36.510+0100: 4,120: Total time for which application threads were stopped: 0,0000503 seconds, Stopping threads took: 0,0000085 seconds
2017-03-18T22:51:36.510+0100: 4,120: Total time for which application threads were stopped: 0,0000596 seconds, Stopping threads took: 0,0000105 seconds
2017-03-18T22:51:36.510+0100: 4,121: Total time for which application threads were stopped: 0,0000500 seconds, Stopping threads took: 0,0000090 seconds
2017-03-18T22:51:36.511+0100: 4,121: Total time for which application threads were stopped: 0,0000491 seconds, Stopping threads took: 0,0000084 seconds
2017-03-18T22:51:36.511+0100: 4,121: Total time for which application threads were stopped: 0,0000542 seconds, Stopping threads took: 0,0000091 seconds
2017-03-18T22:51:36.511+0100: 4,121: Total time for which application threads were stopped: 0,0000525 seconds, Stopping threads took: 0,0000088 seconds
2017-03-18T22:51:36.511+0100: 4,121: Total time for which application threads were stopped: 0,0000511 seconds, Stopping threads took: 0,0000085 seconds
2017-03-18T22:51:36.511+0100: 4,121: Total time for which application threads were stopped: 0,0000661 seconds, Stopping threads took: 0,0000113 seconds
2017-03-18T22:51:36.511+0100: 4,121: Total time for which application threads were stopped: 0,0000511 seconds, Stopping threads took: 0,0000083 seconds
2017-03-18T22:51:36.511+0100: 4,121: Total time for which application threads were stopped: 0,0000492 seconds, Stopping threads took: 0,0000081 seconds
2017-03-18T22:51:36.512+0100: 4,122: Total time for which application threads were stopped: 0,0000523 seconds, Stopping threads took: 0,0000088 seconds
2017-03-18T22:51:36.512+0100: 4,122: Total time for which application threads were stopped: 0,0000614 seconds, Stopping threads took: 0,0000084 seconds
2017-03-18T22:51:36.512+0100: 4,122: Total time for which application threads were stopped: 0,0000517 seconds, Stopping threads took: 0,0000085 seconds
2017-03-18T22:51:36.512+0100: 4,122: Total time for which application threads were stopped: 0,0000505 seconds, Stopping threads took: 0,0000086 seconds
2017-03-18T22:51:36.512+0100: 4,122: Total time for which application threads were stopped: 0,0000507 seconds, Stopping threads took: 0,0000083 seconds
2017-03-18T22:51:36.512+0100: 4,122: Total time for which application threads were stopped: 0,0000508 seconds, Stopping threads took: 0,0000079 seconds
2017-03-18T22:51:36.512+0100: 4,122: Total time for which application threads were stopped: 0,0000554 seconds, Stopping threads took: 0,0000098 seconds
2017-03-18T22:51:36.512+0100: 4,122: Total time for which application threads were stopped: 0,0000495 seconds, Stopping threads took: 0,0000084 seconds
2017-03-18T22:51:36.512+0100: 4,122: Total time for which application threads were stopped: 0,0000569 seconds, Stopping threads took: 0,0000089 seconds
2017-03-18T22:51:36.513+0100: 4,123: Total time for which application threads were stopped: 0,0000528 seconds, Stopping threads took: 0,0000086 seconds
2017-03-18T22:51:36.513+0100: 4,123: Total time for which application threads were stopped: 0,0000522 seconds, Stopping threads took: 0,0000090 seconds
2017-03-18T22:51:36.513+0100: 4,123: Total time for which application threads were stopped: 0,0000493 seconds, Stopping threads took: 0,0000079 seconds
2017-03-18T22:51:36.513+0100: 4,123: Total time for which application threads were stopped: 0,0000500 seconds, Stopping threads took: 0,0000084 seconds
2017-03-18T22:51:36.513+0100: 4,123: Total time for which application threads were stopped: 0,0000502 seconds, Stopping threads took: 0,0000082 seconds
2017-03-18T22:51:36.514+0100: 4,124: Total time for which application threads were stopped: 0,0005698 seconds, Stopping threads took: 0,0000148 seconds
2017-03-18T22:51:36.519+0100: 4,129: Total time for which application threads were stopped: 0,0001260 seconds, Stopping threads took: 0,0000214 seconds
2017-03-18T22:51:36.519+0100: 4,129: Total time for which application threads were stopped: 0,0000747 seconds, Stopping threads took: 0,0000098 seconds
2017-03-18T22:51:36.520+0100: 4,130: Total time for which application threads were stopped: 0,0000919 seconds, Stopping threads took: 0,0000143 seconds
2017-03-18T22:51:36.523+0100: 4,133: Total time for which application threads were stopped: 0,0006041 seconds, Stopping threads took: 0,0005109 seconds
2017-03-18T22:51:36.528+0100: 4,138: Total time for which application threads were stopped: 0,0001020 seconds, Stopping threads took: 0,0000216 seconds
2017-03-18T22:51:36.541+0100: 4,151: Total time for which application threads were stopped: 0,0001531 seconds, Stopping threads took: 0,0000277 seconds
2017-03-18T22:51:36.541+0100: 4,151: Total time for which application threads were stopped: 0,0001634 seconds, Stopping threads took: 0,0000119 seconds
2017-03-18T22:51:36.545+0100: 4,155: Total time for which application threads were stopped: 0,0004282 seconds, Stopping threads took: 0,0000356 seconds
2017-03-18T22:51:36.559+0100: 4,169: Total time for which application threads were stopped: 0,0001214 seconds, Stopping threads took: 0,0000443 seconds
2017-03-18T22:51:36.560+0100: 4,170: Total time for which application threads were stopped: 0,0000572 seconds, Stopping threads took: 0,0000146 seconds
2017-03-18T22:51:36.562+0100: 4,172: Total time for which application threads were stopped: 0,0001285 seconds, Stopping threads took: 0,0000582 seconds
2017-03-18T22:51:36.563+0100: 4,173: Total time for which application threads were stopped: 0,0001072 seconds, Stopping threads took: 0,0000432 seconds
2017-03-18T22:51:36.566+0100: 4,176: Total time for which application threads were stopped: 0,0000768 seconds, Stopping threads took: 0,0000229 seconds
2017-03-18T22:51:36.566+0100: 4,176: Total time for which application threads were stopped: 0,0002850 seconds, Stopping threads took: 0,0002275 seconds
2017-03-18T22:51:36.571+0100: 4,181: Total time for which application threads were stopped: 0,0016002 seconds, Stopping threads took: 0,0015229 seconds
2017-03-18T22:51:36.573+0100: 4,183: Total time for which application threads were stopped: 0,0001003 seconds, Stopping threads took: 0,0000172 seconds
2017-03-18T22:51:36.573+0100: 4,183: Total time for which application threads were stopped: 0,0000663 seconds, Stopping threads took: 0,0000119 seconds
2017-03-18T22:51:36.573+0100: 4,183: Total time for which application threads were stopped: 0,0001734 seconds, Stopping threads took: 0,0001203 seconds
2017-03-18T22:51:36.574+0100: 4,184: Total time for which application threads were stopped: 0,0001330 seconds, Stopping threads took: 0,0000734 seconds
2017-03-18T22:51:36.576+0100: 4,186: Total time for which application threads were stopped: 0,0022616 seconds, Stopping threads took: 0,0022036 seconds
2017-03-18T22:51:36.577+0100: 4,187: Total time for which application threads were stopped: 0,0002586 seconds, Stopping threads took: 0,0001978 seconds
2017-03-18T22:51:36.579+0100: 4,189: Total time for which application threads were stopped: 0,0014831 seconds, Stopping threads took: 0,0014035 seconds
2017-03-18T22:51:36.579+0100: 4,189: Total time for which application threads were stopped: 0,0000668 seconds, Stopping threads took: 0,0000203 seconds
2017-03-18T22:51:36.580+0100: 4,190: Total time for which application threads were stopped: 0,0009086 seconds, Stopping threads took: 0,0008514 seconds
2017-03-18T22:51:36.581+0100: 4,191: Total time for which application threads were stopped: 0,0002262 seconds, Stopping threads took: 0,0001593 seconds
2017-03-18T22:51:36.586+0100: 4,196: Total time for which application threads were stopped: 0,0024327 seconds, Stopping threads took: 0,0023496 seconds
2017-03-18T22:51:36.586+0100: 4,196: Total time for which application threads were stopped: 0,0000867 seconds, Stopping threads took: 0,0000224 seconds
2017-03-18T22:51:36.592+0100: 4,202: Total time for which application threads were stopped: 0,0001017 seconds, Stopping threads took: 0,0000234 seconds
2017-03-18T22:51:36.598+0100: 4,208: Total time for which application threads were stopped: 0,0028098 seconds, Stopping threads took: 0,0027337 seconds
2017-03-18T22:51:36.603+0100: 4,213: Total time for which application threads were stopped: 0,0001298 seconds, Stopping threads took: 0,0000530 seconds
2017-03-18T22:51:36.616+0100: 4,226: Total time for which application threads were stopped: 0,0001535 seconds, Stopping threads took: 0,0000409 seconds
2017-03-18T22:51:36.658+0100: 4,268: Total time for which application threads were stopped: 0,0001769 seconds, Stopping threads took: 0,0000423 seconds
2017-03-18T22:51:36.661+0100: 4,271: Total time for which application threads were stopped: 0,0001232 seconds, Stopping threads took: 0,0000504 seconds
2017-03-18T22:51:36.682+0100: 4,292: Total time for which application threads were stopped: 0,0017518 seconds, Stopping threads took: 0,0015604 seconds
{Heap before GC invocations=6 (full 1):
 par new generation   total 109248K, used 101084K [0x00000000e0000000, 0x00000000e8000000, 0x00000000e8000000)
  eden space 87424K, 100% used [0x00000000e0000000, 0x00000000e5560000, 0x00000000e5560000)
  from space 21824K,  62% used [0x00000000e5560000, 0x00000000e62b70b0, 0x00000000e6ab0000)
  to   space 21824K,   0% used [0x00000000e6ab0000, 0x00000000e6ab0000, 0x00000000e8000000)
 concurrent mark-sweep generation total 393216K, used 0K [0x00000000e8000000, 0x0000000100000000, 0x0000000100000000)
 Metaspace       used 23845K, capacity 24300K, committed 24572K, reserved 1071104K
  class space    used 2809K, capacity 3003K, committed 3068K, reserved 1048576K
2017-03-18T22:51:36.756+0100: 4,366: [GC (Allocation Failure) 2017-03-18T22:51:36.756+0100: 4,366: [ParNew
Desired survivor size 20112992 bytes, new threshold 8 (max 8)
- age   1:    4799304 bytes,    4799304 total
- age   2:     152272 bytes,    4951576 total
- age   3:     182424 bytes,    5134000 total
- age   4:        408 bytes,    5134408 total
- age   5:     294312 bytes,    5428720 total
- age   6:     791456 bytes,    6220176 total
- age   7:    6636184 bytes,   12856360 total
: 101084K->16150K(109248K), 0,0374516 secs] 101084K->16150K(502464K), 0,0375426 secs] [Times: user=0,09 sys=0,00, real=0,04 secs] 
Heap after GC invocations=7 (full 1):
 par new generation   total 109248K, used 16150K [0x00000000e0000000, 0x00000000e8000000, 0x00000000e8000000)
  eden space 87424K,   0% used [0x00000000e0000000, 0x00000000e0000000, 0x00000000e5560000)
  from space 21824K,  74% used [0x00000000e6ab0000, 0x00000000e7a75bb0, 0x00000000e8000000)
  to   space 21824K,   0% used [0x00000000e5560000, 0x00000000e5560000, 0x00000000e6ab0000)
 concurrent mark-sweep generation total 393216K, used 0K [0x00000000e8000000, 0x0000000100000000, 0x0000000100000000)
 Metaspace       used 23845K, capacity 24300K, committed 24572K, reserved 1071104K
  class space    used 2809K, capacity 3003K, committed 3068K, reserved 1048576K
}
2017-03-18T22:51:36.793+0100: 4,403: Total time for which application threads were stopped: 0,0417726 seconds, Stopping threads took: 0,0040458 seconds
2017-03-18T22:51:36.817+0100: 4,427: Total time for which application threads were stopped: 0,0058291 seconds, Stopping threads took: 0,0057216 seconds
2017-03-18T22:51:36.820+0100: 4,430: Total time for which application threads were stopped: 0,0001752 seconds, Stopping threads took: 0,0000518 seconds
{Heap before GC invocations=7 (full 1):
 par new generation   total 109248K, used 103574K [0x00000000e0000000, 0x00000000e8000000, 0x00000000e8000000)
  eden space 87424K, 100% used [0x00000000e0000000, 0x00000000e5560000, 0x00000000e5560000)
  from space 21824K,  74% used [0x00000000e6ab0000, 0x00000000e7a75bb0, 0x00000000e8000000)
  to   space 21824K,   0% used [0x00000000e5560000, 0x00000000e5560000, 0x00000000e6ab0000)
 concurrent mark-sweep generation total 393216K, used 0K [0x00000000e8000000, 0x0000000100000000, 0x0000000100000000)
 Metaspace       used 24419K, capacity 24930K, committed 25084K, reserved 1071104K
  class space    used 2861K, capacity 3039K, committed 3068K, reserved 1048576K
2017-03-18T22:51:36.967+0100: 4,577: [GC (Allocation Failure) 2017-03-18T22:51:36.967+0100: 4,577: [ParNew
Desired survivor size 20112992 bytes, new threshold 8 (max 8)
- age   1:    1724768 bytes,    1724768 total
- age   2:    1695808 bytes,    3420576 total
- age   3:     113048 bytes,    3533624 total
- age   4:     101912 bytes,    3635536 total
- age   5:        376 bytes,    3635912 total
- age   6:     206168 bytes,    3842080 total
- age   7:     741072 bytes,    4583152 total
- age   8:    6103160 bytes,   10686312 total
: 103574K->16326K(109248K), 0,0363880 secs] 103574K->16326K(502464K), 0,0364805 secs] [Times: user=0,09 sys=0,00, real=0,03 secs] 
Heap after GC invocations=8 (full 1):
 par new generation   total 109248K, used 16326K [0x00000000e0000000, 0x00000000e8000000, 0x00000000e8000000)
  eden space 87424K,   0% used [0x00000000e0000000, 0x00000000e0000000, 0x00000000e5560000)
  from space 21824K,  74% used [0x00000000e5560000, 0x00000000e6551b60, 0x00000000e6ab0000)
  to   space 21824K,   0% used [0x00000000e6ab0000, 0x00000000e6ab0000, 0x00000000e8000000)
 concurrent mark-sweep generation total 393216K, used 0K [0x00000000e8000000, 0x0000000100000000, 0x0000000100000000)
 Metaspace       used 24419K, capacity 24930K, committed 25084K, reserved 1071104K
  class space    used 2861K, capacity 3039K, committed 3068K, reserved 1048576K
}
2017-03-18T22:51:37.003+0100: 4,613: Total time for which application threads were stopped: 0,0367165 seconds, Stopping threads took: 0,0000443 seconds
2017-03-18T22:51:37.018+0100: 4,628: Total time for which application threads were stopped: 0,0041041 seconds, Stopping threads took: 0,0040008 seconds
2017-03-18T22:51:37.035+0100: 4,645: Total time for which application threads were stopped: 0,0013943 seconds, Stopping threads took: 0,0012604 seconds
{Heap before GC invocations=8 (full 1):
 par new generation   total 109248K, used 103750K [0x00000000e0000000, 0x00000000e8000000, 0x00000000e8000000)
  eden space 87424K, 100% used [0x00000000e0000000, 0x00000000e5560000, 0x00000000e5560000)
  from space 21824K,  74% used [0x00000000e5560000, 0x00000000e6551b60, 0x00000000e6ab0000)
  to   space 21824K,   0% used [0x00000000e6ab0000, 0x00000000e6ab0000, 0x00000000e8000000)
 concurrent mark-sweep generation total 393216K, used 0K [0x00000000e8000000, 0x0000000100000000, 0x0000000100000000)
 Metaspace       used 24741K, capacity 25164K, committed 25468K, reserved 1071104K
  class space    used 2891K, capacity 3073K, committed 3196K, reserved 1048576K
2017-03-18T22:51:37.107+0100: 4,717: [GC (Allocation Failure) 2017-03-18T22:51:37.107+0100: 4,717: [ParNew
Desired survivor size 20112992 bytes, new threshold 8 (max 8)
- age   1:     931192 bytes,     931192 total
- age   2:     612048 bytes,    1543240 total
- age   3:    1669544 bytes,    3212784 total
- age   4:     112960 bytes,    3325744 total
- age   5:     101816 bytes,    3427560 total
- age   6:        376 bytes,    3427936 total
- age   7:     203400 bytes,    3631336 total
- age   8:     740272 bytes,    4371608 total
: 103750K->6662K(109248K), 0,0561080 secs] 103750K->13223K(502464K), 0,0562057 secs] [Times: user=0,09 sys=0,00, real=0,05 secs] 
Heap after GC invocations=9 (full 1):
 par new generation   total 109248K, used 6662K [0x00000000e0000000, 0x00000000e8000000, 0x00000000e8000000)
  eden space 87424K,   0% used [0x00000000e0000000, 0x00000000e0000000, 0x00000000e5560000)
  from space 21824K,  30% used [0x00000000e6ab0000, 0x00000000e7131a50, 0x00000000e8000000)
  to   space 21824K,   0% used [0x00000000e5560000, 0x00000000e5560000, 0x00000000e6ab0000)
 concurrent mark-sweep generation total 393216K, used 6560K [0x00000000e8000000, 0x0000000100000000, 0x0000000100000000)
 Metaspace       used 24741K, capacity 25164K, committed 25468K, reserved 1071104K
  class space    used 2891K, capacity 3073K, committed 3196K, reserved 1048576K
}
2017-03-18T22:51:37.164+0100: 4,774: Total time for which application threads were stopped: 0,0588622 seconds, Stopping threads took: 0,0024604 seconds
2017-03-18T22:51:37.201+0100: 4,811: Total time for which application threads were stopped: 0,0007008 seconds, Stopping threads took: 0,0005885 seconds
2017-03-18T22:51:37.286+0100: 4,896: Total time for which application threads were stopped: 0,0003537 seconds, Stopping threads took: 0,0002395 seconds
2017-03-18T22:51:37.289+0100: 4,899: Total time for which application threads were stopped: 0,0001530 seconds, Stopping threads took: 0,0000286 seconds
2017-03-18T22:51:37.304+0100: 4,914: Total time for which application threads were stopped: 0,0061330 seconds, Stopping threads took: 0,0060196 seconds
2017-03-18T22:51:37.305+0100: 4,915: Total time for which application threads were stopped: 0,0000938 seconds, Stopping threads took: 0,0000198 seconds
2017-03-18T22:51:37.356+0100: 4,966: Total time for which application threads were stopped: 0,0062078 seconds, Stopping threads took: 0,0060868 seconds
2017-03-18T22:51:37.361+0100: 4,971: Total time for which application threads were stopped: 0,0018943 seconds, Stopping threads took: 0,0018034 seconds
2017-03-18T22:51:37.362+0100: 4,972: Total time for which application threads were stopped: 0,0001262 seconds, Stopping threads took: 0,0000300 seconds
2017-03-18T22:51:37.378+0100: 4,988: Total time for which application threads were stopped: 0,0001197 seconds, Stopping threads took: 0,0000424 seconds
2017-03-18T22:51:37.378+0100: 4,989: Total time for which application threads were stopped: 0,0003474 seconds, Stopping threads took: 0,0002587 seconds
2017-03-18T22:51:37.410+0100: 5,020: Total time for which application threads were stopped: 0,0006242 seconds, Stopping threads took: 0,0005257 seconds
2017-03-18T22:51:37.432+0100: 5,042: Total time for which application threads were stopped: 0,0001194 seconds, Stopping threads took: 0,0000365 seconds
2017-03-18T22:51:37.492+0100: 5,102: Total time for which application threads were stopped: 0,0001434 seconds, Stopping threads took: 0,0000379 seconds
2017-03-18T22:51:37.500+0100: 5,110: Total time for which application threads were stopped: 0,0004703 seconds, Stopping threads took: 0,0000285 seconds
2017-03-18T22:51:37.523+0100: 5,133: Total time for which application threads were stopped: 0,0008915 seconds, Stopping threads took: 0,0000446 seconds
2017-03-18T22:51:37.628+0100: 5,238: Total time for which application threads were stopped: 0,0020679 seconds, Stopping threads took: 0,0015562 seconds
2017-03-18T22:51:37.669+0100: 5,279: Total time for which application threads were stopped: 0,0107642 seconds, Stopping threads took: 0,0106589 seconds
2017-03-18T22:51:37.669+0100: 5,279: Total time for which application threads were stopped: 0,0000866 seconds, Stopping threads took: 0,0000185 seconds
2017-03-18T22:51:37.690+0100: 5,300: Total time for which application threads were stopped: 0,0001681 seconds, Stopping threads took: 0,0000442 seconds
2017-03-18T22:51:37.702+0100: 5,312: Total time for which application threads were stopped: 0,0001098 seconds, Stopping threads took: 0,0000389 seconds
2017-03-18T22:51:37.726+0100: 5,336: Total time for which application threads were stopped: 0,0001259 seconds, Stopping threads took: 0,0000295 seconds
2017-03-18T22:51:37.767+0100: 5,377: Total time for which application threads were stopped: 0,0007046 seconds, Stopping threads took: 0,0005443 seconds
2017-03-18T22:51:37.782+0100: 5,392: Total time for which application threads were stopped: 0,0003469 seconds, Stopping threads took: 0,0002590 seconds
2017-03-18T22:51:37.798+0100: 5,408: Total time for which application threads were stopped: 0,0006398 seconds, Stopping threads took: 0,0005667 seconds
2017-03-18T22:51:37.822+0100: 5,432: Total time for which application threads were stopped: 0,0020471 seconds, Stopping threads took: 0,0019713 seconds
2017-03-18T22:51:37.824+0100: 5,434: Total time for which application threads were stopped: 0,0015534 seconds, Stopping threads took: 0,0015014 seconds
2017-03-18T22:51:37.846+0100: 5,456: Total time for which application threads were stopped: 0,0001210 seconds, Stopping threads took: 0,0000417 seconds
2017-03-18T22:51:37.871+0100: 5,481: Total time for which application threads were stopped: 0,0000959 seconds, Stopping threads took: 0,0000292 seconds
2017-03-18T22:51:39.871+0100: 7,481: Total time for which application threads were stopped: 0,0000642 seconds, Stopping threads took: 0,0000164 seconds
2017-03-18T22:51:54.873+0100: 22,483: Total time for which application threads were stopped: 0,0000570 seconds, Stopping threads took: 0,0000137 seconds
2017-03-18T22:52:04.874+0100: 32,484: Total time for which application threads were stopped: 0,0000580 seconds, Stopping threads took: 0,0000148 seconds
2017-03-18T22:53:29.885+0100: 117,495: Total time for which application threads were stopped: 0,0001791 seconds, Stopping threads took: 0,0000731 seconds
2017-03-18T22:53:34.886+0100: 122,496: Total time for which application threads were stopped: 0,0000610 seconds, Stopping threads took: 0,0000162 seconds
{Heap before GC invocations=9 (full 1):
 par new generation   total 109248K, used 94086K [0x00000000e0000000, 0x00000000e8000000, 0x00000000e8000000)
  eden space 87424K, 100% used [0x00000000e0000000, 0x00000000e5560000, 0x00000000e5560000)
  from space 21824K,  30% used [0x00000000e6ab0000, 0x00000000e7131a50, 0x00000000e8000000)
  to   space 21824K,   0% used [0x00000000e5560000, 0x00000000e5560000, 0x00000000e6ab0000)
 concurrent mark-sweep generation total 393216K, used 6560K [0x00000000e8000000, 0x0000000100000000, 0x0000000100000000)
 Metaspace       used 27970K, capacity 28528K, committed 28796K, reserved 1075200K
  class space    used 3209K, capacity 3379K, committed 3452K, reserved 1048576K
2017-03-18T22:54:28.922+0100: 176,532: [GC (Allocation Failure) 2017-03-18T22:54:28.922+0100: 176,532: [ParNew
Desired survivor size 20112992 bytes, new threshold 8 (max 8)
- age   1:   10834480 bytes,   10834480 total
- age   2:     210904 bytes,   11045384 total
- age   3:     222096 bytes,   11267480 total
- age   4:    1659480 bytes,   12926960 total
- age   5:     110392 bytes,   13037352 total
- age   6:     101560 bytes,   13138912 total
- age   7:        376 bytes,   13139288 total
- age   8:     202776 bytes,   13342064 total
: 94086K->13959K(109248K), 0,0200671 secs] 100647K->21253K(502464K), 0,0201342 secs] [Times: user=0,07 sys=0,00, real=0,02 secs] 
Heap after GC invocations=10 (full 1):
 par new generation   total 109248K, used 13959K [0x00000000e0000000, 0x00000000e8000000, 0x00000000e8000000)
  eden space 87424K,   0% used [0x00000000e0000000, 0x00000000e0000000, 0x00000000e5560000)
  from space 21824K,  63% used [0x00000000e5560000, 0x00000000e6301cb0, 0x00000000e6ab0000)
  to   space 21824K,   0% used [0x00000000e6ab0000, 0x00000000e6ab0000, 0x00000000e8000000)
 concurrent mark-sweep generation total 393216K, used 7294K [0x00000000e8000000, 0x0000000100000000, 0x0000000100000000)
 Metaspace       used 27970K, capacity 28528K, committed 28796K, reserved 1075200K
  class space    used 3209K, capacity 3379K, committed 3452K, reserved 1048576K
}
2017-03-18T22:54:28.942+0100: 176,552: Total time for which application threads were stopped: 0,0202976 seconds, Stopping threads took: 0,0000404 seconds
2017-03-18T22:54:28.944+0100: 176,554: Total time for which application threads were stopped: 0,0000995 seconds, Stopping threads took: 0,0000421 seconds
2017-03-18T22:54:28.944+0100: 176,554: Total time for which application threads were stopped: 0,0000443 seconds, Stopping threads took: 0,0000116 seconds
2017-03-18T23:14:59.143+0100: 1406,753: Total time for which application threads were stopped: 0,0000739 seconds, Stopping threads took: 0,0000286 seconds
2017-03-18T23:17:09.164+0100: 1536,774: Total time for which application threads were stopped: 0,0000855 seconds, Stopping threads took: 0,0000328 seconds
2017-03-18T23:17:14.165+0100: 1541,775: Total time for which application threads were stopped: 0,0000685 seconds, Stopping threads took: 0,0000165 seconds
2017-03-18T23:29:54.279+0100: 2301,889: Total time for which application threads were stopped: 0,0000781 seconds, Stopping threads took: 0,0000308 seconds
2017-03-18T23:29:55.279+0100: 2302,889: Total time for which application threads were stopped: 0,0000596 seconds, Stopping threads took: 0,0000141 seconds
2017-03-18T23:42:39.751+0100: 3067,361: Total time for which application threads were stopped: 0,0000933 seconds, Stopping threads took: 0,0000170 seconds
2017-03-18T23:42:39.752+0100: 3067,362: Total time for which application threads were stopped: 0,0001106 seconds, Stopping threads took: 0,0000357 seconds
2017-03-18T23:42:39.753+0100: 3067,363: Total time for which application threads were stopped: 0,0001026 seconds, Stopping threads took: 0,0000368 seconds
2017-03-18T23:42:39.755+0100: 3067,365: Total time for which application threads were stopped: 0,0001018 seconds, Stopping threads took: 0,0000222 seconds
2017-03-18T23:42:39.759+0100: 3067,369: Total time for which application threads were stopped: 0,0001108 seconds, Stopping threads took: 0,0000252 seconds
2017-03-18T23:42:39.760+0100: 3067,370: Total time for which application threads were stopped: 0,0000785 seconds, Stopping threads took: 0,0000189 seconds
2017-03-18T23:42:39.760+0100: 3067,370: Total time for which application threads were stopped: 0,0000593 seconds, Stopping threads took: 0,0000178 seconds
2017-03-18T23:42:39.760+0100: 3067,370: Total time for which application threads were stopped: 0,0000626 seconds, Stopping threads took: 0,0000152 seconds
2017-03-18T23:42:39.760+0100: 3067,370: Total time for which application threads were stopped: 0,0000425 seconds, Stopping threads took: 0,0000118 seconds
2017-03-18T23:42:39.760+0100: 3067,370: Total time for which application threads were stopped: 0,0000519 seconds, Stopping threads took: 0,0000172 seconds
2017-03-18T23:42:39.760+0100: 3067,370: Total time for which application threads were stopped: 0,0000443 seconds, Stopping threads took: 0,0000121 seconds
2017-03-18T23:42:39.760+0100: 3067,370: Total time for which application threads were stopped: 0,0000467 seconds, Stopping threads took: 0,0000147 seconds
2017-03-18T23:42:39.760+0100: 3067,370: Total time for which application threads were stopped: 0,0000405 seconds, Stopping threads took: 0,0000118 seconds
2017-03-18T23:42:39.761+0100: 3067,371: Total time for which application threads were stopped: 0,0000481 seconds, Stopping threads took: 0,0000122 seconds
2017-03-18T23:42:39.761+0100: 3067,371: Total time for which application threads were stopped: 0,0000483 seconds, Stopping threads took: 0,0000136 seconds
2017-03-18T23:42:39.761+0100: 3067,371: Total time for which application threads were stopped: 0,0000496 seconds, Stopping threads took: 0,0000136 seconds
2017-03-18T23:42:39.761+0100: 3067,371: Total time for which application threads were stopped: 0,0000500 seconds, Stopping threads took: 0,0000141 seconds
2017-03-18T23:42:39.761+0100: 3067,371: Total time for which application threads were stopped: 0,0000431 seconds, Stopping threads took: 0,0000118 seconds
2017-03-18T23:42:39.761+0100: 3067,371: Total time for which application threads were stopped: 0,0000408 seconds, Stopping threads took: 0,0000126 seconds
2017-03-18T23:42:39.761+0100: 3067,371: Total time for which application threads were stopped: 0,0000431 seconds, Stopping threads took: 0,0000119 seconds
2017-03-18T23:42:39.763+0100: 3067,373: Total time for which application threads were stopped: 0,0000878 seconds, Stopping threads took: 0,0000254 seconds
2017-03-18T23:42:39.763+0100: 3067,373: Total time for which application threads were stopped: 0,0000481 seconds, Stopping threads took: 0,0000157 seconds
2017-03-18T23:42:39.763+0100: 3067,373: Total time for which application threads were stopped: 0,0000441 seconds, Stopping threads took: 0,0000122 seconds
2017-03-18T23:42:39.763+0100: 3067,373: Total time for which application threads were stopped: 0,0000457 seconds, Stopping threads took: 0,0000130 seconds
2017-03-18T23:42:39.763+0100: 3067,373: Total time for which application threads were stopped: 0,0000419 seconds, Stopping threads took: 0,0000125 seconds
2017-03-18T23:42:39.769+0100: 3067,379: Total time for which application threads were stopped: 0,0000971 seconds, Stopping threads took: 0,0000354 seconds
2017-03-18T23:42:39.782+0100: 3067,392: Total time for which application threads were stopped: 0,0058095 seconds, Stopping threads took: 0,0057269 seconds
2017-03-18T23:42:39.798+0100: 3067,408: Total time for which application threads were stopped: 0,0151288 seconds, Stopping threads took: 0,0150400 seconds
2017-03-18T23:42:39.800+0100: 3067,411: Total time for which application threads were stopped: 0,0000813 seconds, Stopping threads took: 0,0000179 seconds
2017-03-18T23:42:39.801+0100: 3067,411: Total time for which application threads were stopped: 0,0000394 seconds, Stopping threads took: 0,0000055 seconds
2017-03-18T23:42:39.801+0100: 3067,411: Total time for which application threads were stopped: 0,0000336 seconds, Stopping threads took: 0,0000045 seconds
2017-03-18T23:42:39.801+0100: 3067,411: Total time for which application threads were stopped: 0,0000344 seconds, Stopping threads took: 0,0000044 seconds
2017-03-18T23:42:39.801+0100: 3067,411: Total time for which application threads were stopped: 0,0000901 seconds, Stopping threads took: 0,0000406 seconds
2017-03-18T23:42:39.806+0100: 3067,416: Total time for which application threads were stopped: 0,0000885 seconds, Stopping threads took: 0,0000164 seconds
2017-03-18T23:42:39.806+0100: 3067,416: Total time for which application threads were stopped: 0,0000411 seconds, Stopping threads took: 0,0000083 seconds
2017-03-18T23:42:39.807+0100: 3067,417: Total time for which application threads were stopped: 0,0001057 seconds, Stopping threads took: 0,0000299 seconds
2017-03-18T23:42:39.808+0100: 3067,418: Total time for which application threads were stopped: 0,0000412 seconds, Stopping threads took: 0,0000062 seconds
2017-03-18T23:42:39.808+0100: 3067,418: Total time for which application threads were stopped: 0,0000754 seconds, Stopping threads took: 0,0000304 seconds
2017-03-18T23:42:39.809+0100: 3067,419: Total time for which application threads were stopped: 0,0000835 seconds, Stopping threads took: 0,0000218 seconds
2017-03-18T23:42:39.809+0100: 3067,419: Total time for which application threads were stopped: 0,0000415 seconds, Stopping threads took: 0,0000059 seconds
2017-03-18T23:42:39.811+0100: 3067,421: Total time for which application threads were stopped: 0,0003975 seconds, Stopping threads took: 0,0003276 seconds
2017-03-18T23:42:39.811+0100: 3067,421: Total time for which application threads were stopped: 0,0000580 seconds, Stopping threads took: 0,0000169 seconds
2017-03-18T23:42:39.811+0100: 3067,421: Total time for which application threads were stopped: 0,0000356 seconds, Stopping threads took: 0,0000050 seconds
2017-03-18T23:42:39.811+0100: 3067,421: Total time for which application threads were stopped: 0,0000320 seconds, Stopping threads took: 0,0000045 seconds
2017-03-18T23:42:39.812+0100: 3067,422: Total time for which application threads were stopped: 0,0000445 seconds, Stopping threads took: 0,0000072 seconds
2017-03-18T23:42:39.812+0100: 3067,422: Total time for which application threads were stopped: 0,0000368 seconds, Stopping threads took: 0,0000048 seconds
2017-03-18T23:42:39.812+0100: 3067,422: Total time for which application threads were stopped: 0,0000343 seconds, Stopping threads took: 0,0000049 seconds
2017-03-18T23:42:39.813+0100: 3067,423: Total time for which application threads were stopped: 0,0000981 seconds, Stopping threads took: 0,0000349 seconds
2017-03-18T23:42:39.814+0100: 3067,424: Total time for which application threads were stopped: 0,0000711 seconds, Stopping threads took: 0,0000279 seconds
2017-03-18T23:42:39.816+0100: 3067,426: Total time for which application threads were stopped: 0,0000573 seconds, Stopping threads took: 0,0000129 seconds
2017-03-18T23:42:39.816+0100: 3067,426: Total time for which application threads were stopped: 0,0000273 seconds, Stopping threads took: 0,0000080 seconds
2017-03-18T23:42:39.816+0100: 3067,426: Total time for which application threads were stopped: 0,0000346 seconds, Stopping threads took: 0,0000140 seconds
2017-03-18T23:42:39.816+0100: 3067,426: Total time for which application threads were stopped: 0,0000488 seconds, Stopping threads took: 0,0000241 seconds
2017-03-18T23:42:39.816+0100: 3067,426: Total time for which application threads were stopped: 0,0000354 seconds, Stopping threads took: 0,0000155 seconds
2017-03-18T23:42:39.816+0100: 3067,426: Total time for which application threads were stopped: 0,0000395 seconds, Stopping threads took: 0,0000158 seconds
2017-03-18T23:42:39.816+0100: 3067,426: Total time for which application threads were stopped: 0,0001675 seconds, Stopping threads took: 0,0000545 seconds
2017-03-18T23:42:39.819+0100: 3067,429: Total time for which application threads were stopped: 0,0001067 seconds, Stopping threads took: 0,0000403 seconds
2017-03-18T23:42:39.819+0100: 3067,429: Total time for which application threads were stopped: 0,0000630 seconds, Stopping threads took: 0,0000134 seconds
2017-03-18T23:42:39.819+0100: 3067,429: Total time for which application threads were stopped: 0,0000463 seconds, Stopping threads took: 0,0000070 seconds
Heap
 par new generation   total 109248K, used 33072K [0x00000000e0000000, 0x00000000e8000000, 0x00000000e8000000)
  eden space 87424K,  21% used [0x00000000e0000000, 0x00000000e12aa610, 0x00000000e5560000)
  from space 21824K,  63% used [0x00000000e5560000, 0x00000000e6301cb0, 0x00000000e6ab0000)
  to   space 21824K,   0% used [0x00000000e6ab0000, 0x00000000e6ab0000, 0x00000000e8000000)
 concurrent mark-sweep generation total 393216K, used 7294K [0x00000000e8000000, 0x0000000100000000, 0x0000000100000000)
 Metaspace       used 28084K, capacity 28632K, committed 28796K, reserved 1075200K
  class space    used 3222K, capacity 3413K, committed 3452K, reserved 1048576K
