OpenJDK 64-Bit Server VM (25.131-b11) for linux-amd64 JRE (1.8.0_131-8u131-b11-2ubuntu1.16.04.3-b11), built on Jul 28 2017 01:23:32 by "buildd" with gcc 5.4.0 20160609
Memory: 4k page, physical 7867732k(7387184k free), swap 8076284k(8076284k free)
CommandLine flags: -XX:CMSInitiatingOccupancyFraction=50 -XX:CMSMaxAbortablePrecleanTime=6000 -XX:+CMSParallelRemarkEnabled -XX:+CMSScavengeBeforeRemark -XX:ConcGCThreads=4 -XX:InitialHeapSize=536870912 -XX:MaxHeapSize=536870912 -XX:MaxTenuringThreshold=8 -XX:NewRatio=3 -XX:OldPLABSize=16 -XX:OnOutOfMemoryError=/opt/solr/bin/oom_solr.sh 8983 /var/solr/logs -XX:ParallelGCThreads=4 -XX:+ParallelRefProcEnabled -XX:PretenureSizeThreshold=67108864 -XX:+PrintGC -XX:+PrintGCApplicationStoppedTime -XX:+PrintGCDateStamps -XX:+PrintGCDetails -XX:+PrintGCTimeStamps -XX:+PrintHeapAtGC -XX:+PrintTenuringDistribution -XX:SurvivorRatio=4 -XX:TargetSurvivorRatio=90 -XX:ThreadStackSize=256 -XX:+UseCMSInitiatingOccupancyOnly -XX:+UseCompressedClassPointers -XX:+UseCompressedOops -XX:+UseConcMarkSweepGC -XX:+UseParNewGC 
2017-08-25T14:05:53.619+0200: 0,169: Total time for which application threads were stopped: 0,0000823 seconds, Stopping threads took: 0,0000087 seconds
2017-08-25T14:05:53.706+0200: 0,255: Total time for which application threads were stopped: 0,0001245 seconds, Stopping threads took: 0,0000149 seconds
2017-08-25T14:05:53.719+0200: 0,269: Total time for which application threads were stopped: 0,0001025 seconds, Stopping threads took: 0,0000108 seconds
2017-08-25T14:05:53.948+0200: 0,498: Total time for which application threads were stopped: 0,0001702 seconds, Stopping threads took: 0,0000453 seconds
2017-08-25T14:05:54.367+0200: 0,917: Total time for which application threads were stopped: 0,0001979 seconds, Stopping threads took: 0,0000534 seconds
2017-08-25T14:05:54.516+0200: 1,065: Total time for which application threads were stopped: 0,0002748 seconds, Stopping threads took: 0,0000368 seconds
2017-08-25T14:05:54.596+0200: 1,145: Total time for which application threads were stopped: 0,0001957 seconds, Stopping threads took: 0,0000319 seconds
2017-08-25T14:05:54.977+0200: 1,526: Total time for which application threads were stopped: 0,0002308 seconds, Stopping threads took: 0,0000166 seconds
2017-08-25T14:05:55.220+0200: 1,769: Total time for which application threads were stopped: 0,0002261 seconds, Stopping threads took: 0,0000242 seconds
2017-08-25T14:05:55.248+0200: 1,797: Total time for which application threads were stopped: 0,0001690 seconds, Stopping threads took: 0,0000231 seconds
2017-08-25T14:05:55.283+0200: 1,832: Total time for which application threads were stopped: 0,0002220 seconds, Stopping threads took: 0,0000223 seconds
2017-08-25T14:05:55.284+0200: 1,834: Total time for which application threads were stopped: 0,0002120 seconds, Stopping threads took: 0,0000217 seconds
2017-08-25T14:05:55.300+0200: 1,849: Total time for which application threads were stopped: 0,0001709 seconds, Stopping threads took: 0,0000141 seconds
2017-08-25T14:05:55.367+0200: 1,917: Total time for which application threads were stopped: 0,0002400 seconds, Stopping threads took: 0,0000269 seconds
2017-08-25T14:05:55.532+0200: 2,081: Total time for which application threads were stopped: 0,0002797 seconds, Stopping threads took: 0,0000484 seconds
{Heap before GC invocations=0 (full 0):
 par new generation   total 109248K, used 87424K [0x00000000e0000000, 0x00000000e8000000, 0x00000000e8000000)
  eden space 87424K, 100% used [0x00000000e0000000, 0x00000000e5560000, 0x00000000e5560000)
  from space 21824K,   0% used [0x00000000e5560000, 0x00000000e5560000, 0x00000000e6ab0000)
  to   space 21824K,   0% used [0x00000000e6ab0000, 0x00000000e6ab0000, 0x00000000e8000000)
 concurrent mark-sweep generation total 393216K, used 0K [0x00000000e8000000, 0x0000000100000000, 0x0000000100000000)
 Metaspace       used 18023K, capacity 18336K, committed 18688K, reserved 1064960K
  class space    used 2036K, capacity 2196K, committed 2304K, reserved 1048576K
2017-08-25T14:05:55.625+0200: 2,174: [GC (Allocation Failure) 2017-08-25T14:05:55.625+0200: 2,174: [ParNew
Desired survivor size 20112992 bytes, new threshold 8 (max 8)
- age   1:   12598688 bytes,   12598688 total
: 87424K->12422K(109248K), 0,0154954 secs] 87424K->12422K(502464K), 0,0155717 secs] [Times: user=0,03 sys=0,03, real=0,02 secs] 
Heap after GC invocations=1 (full 0):
 par new generation   total 109248K, used 12422K [0x00000000e0000000, 0x00000000e8000000, 0x00000000e8000000)
  eden space 87424K,   0% used [0x00000000e0000000, 0x00000000e0000000, 0x00000000e5560000)
  from space 21824K,  56% used [0x00000000e6ab0000, 0x00000000e76d19e8, 0x00000000e8000000)
  to   space 21824K,   0% used [0x00000000e5560000, 0x00000000e5560000, 0x00000000e6ab0000)
 concurrent mark-sweep generation total 393216K, used 0K [0x00000000e8000000, 0x0000000100000000, 0x0000000100000000)
 Metaspace       used 18023K, capacity 18336K, committed 18688K, reserved 1064960K
  class space    used 2036K, capacity 2196K, committed 2304K, reserved 1048576K
}
2017-08-25T14:05:55.640+0200: 2,190: Total time for which application threads were stopped: 0,0161436 seconds, Stopping threads took: 0,0003842 seconds
2017-08-25T14:05:55.972+0200: 2,521: Total time for which application threads were stopped: 0,0003904 seconds, Stopping threads took: 0,0000643 seconds
2017-08-25T14:05:56.017+0200: 2,567: Total time for which application threads were stopped: 0,0004969 seconds, Stopping threads took: 0,0001193 seconds
{Heap before GC invocations=1 (full 0):
 par new generation   total 109248K, used 99846K [0x00000000e0000000, 0x00000000e8000000, 0x00000000e8000000)
  eden space 87424K, 100% used [0x00000000e0000000, 0x00000000e5560000, 0x00000000e5560000)
  from space 21824K,  56% used [0x00000000e6ab0000, 0x00000000e76d19e8, 0x00000000e8000000)
  to   space 21824K,   0% used [0x00000000e5560000, 0x00000000e5560000, 0x00000000e6ab0000)
 concurrent mark-sweep generation total 393216K, used 0K [0x00000000e8000000, 0x0000000100000000, 0x0000000100000000)
 Metaspace       used 20085K, capacity 20424K, committed 20736K, reserved 1067008K
  class space    used 2296K, capacity 2468K, committed 2560K, reserved 1048576K
2017-08-25T14:05:56.022+0200: 2,572: [GC (Allocation Failure) 2017-08-25T14:05:56.022+0200: 2,572: [ParNew
Desired survivor size 20112992 bytes, new threshold 8 (max 8)
- age   1:    3766728 bytes,    3766728 total
- age   2:    6668312 bytes,   10435040 total
: 99846K->13777K(109248K), 0,0104575 secs] 99846K->13777K(502464K), 0,0105286 secs] [Times: user=0,04 sys=0,00, real=0,01 secs] 
Heap after GC invocations=2 (full 0):
 par new generation   total 109248K, used 13777K [0x00000000e0000000, 0x00000000e8000000, 0x00000000e8000000)
  eden space 87424K,   0% used [0x00000000e0000000, 0x00000000e0000000, 0x00000000e5560000)
  from space 21824K,  63% used [0x00000000e5560000, 0x00000000e62d4620, 0x00000000e6ab0000)
  to   space 21824K,   0% used [0x00000000e6ab0000, 0x00000000e6ab0000, 0x00000000e8000000)
 concurrent mark-sweep generation total 393216K, used 0K [0x00000000e8000000, 0x0000000100000000, 0x0000000100000000)
 Metaspace       used 20085K, capacity 20424K, committed 20736K, reserved 1067008K
  class space    used 2296K, capacity 2468K, committed 2560K, reserved 1048576K
}
2017-08-25T14:05:56.033+0200: 2,582: Total time for which application threads were stopped: 0,0107120 seconds, Stopping threads took: 0,0000276 seconds
2017-08-25T14:05:56.062+0200: 2,612: Total time for which application threads were stopped: 0,0003754 seconds, Stopping threads took: 0,0000596 seconds
2017-08-25T14:05:56.195+0200: 2,745: Total time for which application threads were stopped: 0,0002212 seconds, Stopping threads took: 0,0000457 seconds
{Heap before GC invocations=2 (full 0):
 par new generation   total 109248K, used 101201K [0x00000000e0000000, 0x00000000e8000000, 0x00000000e8000000)
  eden space 87424K, 100% used [0x00000000e0000000, 0x00000000e5560000, 0x00000000e5560000)
  from space 21824K,  63% used [0x00000000e5560000, 0x00000000e62d4620, 0x00000000e6ab0000)
  to   space 21824K,   0% used [0x00000000e6ab0000, 0x00000000e6ab0000, 0x00000000e8000000)
 concurrent mark-sweep generation total 393216K, used 0K [0x00000000e8000000, 0x0000000100000000, 0x0000000100000000)
 Metaspace       used 21004K, capacity 21346K, committed 21628K, reserved 1069056K
  class space    used 2418K, capacity 2587K, committed 2684K, reserved 1048576K
2017-08-25T14:05:56.238+0200: 2,788: [GC (Allocation Failure) 2017-08-25T14:05:56.238+0200: 2,788: [ParNew
Desired survivor size 20112992 bytes, new threshold 8 (max 8)
- age   1:    2124240 bytes,    2124240 total
- age   2:     878216 bytes,    3002456 total
- age   3:    6664328 bytes,    9666784 total
: 101201K->11579K(109248K), 0,0151736 secs] 101201K->11579K(502464K), 0,0152760 secs] [Times: user=0,05 sys=0,00, real=0,01 secs] 
Heap after GC invocations=3 (full 0):
 par new generation   total 109248K, used 11579K [0x00000000e0000000, 0x00000000e8000000, 0x00000000e8000000)
  eden space 87424K,   0% used [0x00000000e0000000, 0x00000000e0000000, 0x00000000e5560000)
  from space 21824K,  53% used [0x00000000e6ab0000, 0x00000000e75fec00, 0x00000000e8000000)
  to   space 21824K,   0% used [0x00000000e5560000, 0x00000000e5560000, 0x00000000e6ab0000)
 concurrent mark-sweep generation total 393216K, used 0K [0x00000000e8000000, 0x0000000100000000, 0x0000000100000000)
 Metaspace       used 21004K, capacity 21346K, committed 21628K, reserved 1069056K
  class space    used 2418K, capacity 2587K, committed 2684K, reserved 1048576K
}
2017-08-25T14:05:56.254+0200: 2,803: Total time for which application threads were stopped: 0,0155010 seconds, Stopping threads took: 0,0000642 seconds
2017-08-25T14:05:56.254+0200: 2,803: [GC (CMS Initial Mark) [1 CMS-initial-mark: 0K(393216K)] 13050K(502464K), 0,0035792 secs] [Times: user=0,02 sys=0,00, real=0,01 secs] 
2017-08-25T14:05:56.257+0200: 2,807: Total time for which application threads were stopped: 0,0037092 seconds, Stopping threads took: 0,0000532 seconds
2017-08-25T14:05:56.257+0200: 2,807: [CMS-concurrent-mark-start]
2017-08-25T14:05:56.258+0200: 2,807: [CMS-concurrent-mark: 0,000/0,000 secs] [Times: user=0,00 sys=0,00, real=0,00 secs] 
2017-08-25T14:05:56.258+0200: 2,807: [CMS-concurrent-preclean-start]
2017-08-25T14:05:56.259+0200: 2,808: [CMS-concurrent-preclean: 0,001/0,001 secs] [Times: user=0,00 sys=0,00, real=0,00 secs] 
2017-08-25T14:05:56.259+0200: 2,808: [CMS-concurrent-abortable-preclean-start]
2017-08-25T14:05:56.325+0200: 2,874: Total time for which application threads were stopped: 0,0037273 seconds, Stopping threads took: 0,0036365 seconds
{Heap before GC invocations=3 (full 1):
 par new generation   total 109248K, used 99003K [0x00000000e0000000, 0x00000000e8000000, 0x00000000e8000000)
  eden space 87424K, 100% used [0x00000000e0000000, 0x00000000e5560000, 0x00000000e5560000)
  from space 21824K,  53% used [0x00000000e6ab0000, 0x00000000e75fec00, 0x00000000e8000000)
  to   space 21824K,   0% used [0x00000000e5560000, 0x00000000e5560000, 0x00000000e6ab0000)
 concurrent mark-sweep generation total 393216K, used 0K [0x00000000e8000000, 0x0000000100000000, 0x0000000100000000)
 Metaspace       used 21278K, capacity 21637K, committed 21884K, reserved 1069056K
  class space    used 2448K, capacity 2605K, committed 2684K, reserved 1048576K
2017-08-25T14:05:56.372+0200: 2,922: [GC (Allocation Failure) 2017-08-25T14:05:56.372+0200: 2,922: [ParNew
Desired survivor size 20112992 bytes, new threshold 8 (max 8)
- age   1:    1095152 bytes,    1095152 total
- age   2:    1456256 bytes,    2551408 total
- age   3:     846808 bytes,    3398216 total
- age   4:    6664616 bytes,   10062832 total
: 99003K->14920K(109248K), 0,0105435 secs] 99003K->14920K(502464K), 0,0106107 secs] [Times: user=0,03 sys=0,01, real=0,01 secs] 
Heap after GC invocations=4 (full 1):
 par new generation   total 109248K, used 14920K [0x00000000e0000000, 0x00000000e8000000, 0x00000000e8000000)
  eden space 87424K,   0% used [0x00000000e0000000, 0x00000000e0000000, 0x00000000e5560000)
  from space 21824K,  68% used [0x00000000e5560000, 0x00000000e63f2270, 0x00000000e6ab0000)
  to   space 21824K,   0% used [0x00000000e6ab0000, 0x00000000e6ab0000, 0x00000000e8000000)
 concurrent mark-sweep generation total 393216K, used 0K [0x00000000e8000000, 0x0000000100000000, 0x0000000100000000)
 Metaspace       used 21278K, capacity 21637K, committed 21884K, reserved 1069056K
  class space    used 2448K, capacity 2605K, committed 2684K, reserved 1048576K
}
2017-08-25T14:05:56.383+0200: 2,932: Total time for which application threads were stopped: 0,0122456 seconds, Stopping threads took: 0,0014984 seconds
2017-08-25T14:05:56.383+0200: 2,932: [CMS-concurrent-abortable-preclean: 0,064/0,124 secs] [Times: user=0,46 sys=0,01, real=0,12 secs] 
2017-08-25T14:05:56.383+0200: 2,933: [GC (CMS Final Remark) [YG occupancy: 16237 K (109248 K)]{Heap before GC invocations=4 (full 1):
 par new generation   total 109248K, used 16237K [0x00000000e0000000, 0x00000000e8000000, 0x00000000e8000000)
  eden space 87424K,   1% used [0x00000000e0000000, 0x00000000e01494a8, 0x00000000e5560000)
  from space 21824K,  68% used [0x00000000e5560000, 0x00000000e63f2270, 0x00000000e6ab0000)
  to   space 21824K,   0% used [0x00000000e6ab0000, 0x00000000e6ab0000, 0x00000000e8000000)
 concurrent mark-sweep generation total 393216K, used 0K [0x00000000e8000000, 0x0000000100000000, 0x0000000100000000)
 Metaspace       used 21278K, capacity 21637K, committed 21884K, reserved 1069056K
  class space    used 2448K, capacity 2605K, committed 2684K, reserved 1048576K
2017-08-25T14:05:56.383+0200: 2,933: [GC (CMS Final Remark) 2017-08-25T14:05:56.383+0200: 2,933: [ParNew
Desired survivor size 20112992 bytes, new threshold 8 (max 8)
- age   1:      35320 bytes,      35320 total
- age   2:     944856 bytes,     980176 total
- age   3:    1456256 bytes,    2436432 total
- age   4:     846808 bytes,    3283240 total
- age   5:    6664328 bytes,    9947568 total
: 16237K->11470K(109248K), 0,0093054 secs] 16237K->11470K(502464K), 0,0093506 secs] [Times: user=0,02 sys=0,00, real=0,01 secs] 
Heap after GC invocations=5 (full 1):
 par new generation   total 109248K, used 11470K [0x00000000e0000000, 0x00000000e8000000, 0x00000000e8000000)
  eden space 87424K,   0% used [0x00000000e0000000, 0x00000000e0000000, 0x00000000e5560000)
  from space 21824K,  52% used [0x00000000e6ab0000, 0x00000000e75e39e0, 0x00000000e8000000)
  to   space 21824K,   0% used [0x00000000e5560000, 0x00000000e5560000, 0x00000000e6ab0000)
 concurrent mark-sweep generation total 393216K, used 0K [0x00000000e8000000, 0x0000000100000000, 0x0000000100000000)
 Metaspace       used 21278K, capacity 21637K, committed 21884K, reserved 1069056K
  class space    used 2448K, capacity 2605K, committed 2684K, reserved 1048576K
}
2017-08-25T14:05:56.393+0200: 2,942: [Rescan (parallel) , 0,0033043 secs]2017-08-25T14:05:56.396+0200: 2,945: [weak refs processing, 0,0009384 secs]2017-08-25T14:05:56.397+0200: 2,946: [class unloading, 0,0028493 secs]2017-08-25T14:05:56.400+0200: 2,949: [scrub symbol table, 0,0026070 secs]2017-08-25T14:05:56.402+0200: 2,952: [scrub string table, 0,0003999 secs][1 CMS-remark: 0K(393216K)] 11470K(502464K), 0,0201212 secs] [Times: user=0,05 sys=0,00, real=0,02 secs] 
2017-08-25T14:05:56.403+0200: 2,953: Total time for which application threads were stopped: 0,0202548 seconds, Stopping threads took: 0,0000432 seconds
2017-08-25T14:05:56.403+0200: 2,953: [CMS-concurrent-sweep-start]
2017-08-25T14:05:56.403+0200: 2,953: [CMS-concurrent-sweep: 0,000/0,000 secs] [Times: user=0,00 sys=0,00, real=0,00 secs] 
2017-08-25T14:05:56.404+0200: 2,953: [CMS-concurrent-reset-start]
2017-08-25T14:05:56.405+0200: 2,954: [CMS-concurrent-reset: 0,002/0,002 secs] [Times: user=0,00 sys=0,00, real=0,00 secs] 
{Heap before GC invocations=5 (full 1):
 par new generation   total 109248K, used 98894K [0x00000000e0000000, 0x00000000e8000000, 0x00000000e8000000)
  eden space 87424K, 100% used [0x00000000e0000000, 0x00000000e5560000, 0x00000000e5560000)
  from space 21824K,  52% used [0x00000000e6ab0000, 0x00000000e75e39e0, 0x00000000e8000000)
  to   space 21824K,   0% used [0x00000000e5560000, 0x00000000e5560000, 0x00000000e6ab0000)
 concurrent mark-sweep generation total 393216K, used 0K [0x00000000e8000000, 0x0000000100000000, 0x0000000100000000)
 Metaspace       used 21433K, capacity 21809K, committed 21884K, reserved 1069056K
  class space    used 2469K, capacity 2639K, committed 2684K, reserved 1048576K
2017-08-25T14:05:56.481+0200: 3,030: [GC (Allocation Failure) 2017-08-25T14:05:56.481+0200: 3,030: [ParNew
Desired survivor size 20112992 bytes, new threshold 8 (max 8)
- age   1:    1214336 bytes,    1214336 total
- age   3:     186368 bytes,    1400704 total
- age   4:    1455624 bytes,    2856328 total
- age   5:     844760 bytes,    3701088 total
- age   6:    6664312 bytes,   10365400 total
: 98894K->14757K(109248K), 0,0118664 secs] 98894K->14757K(502464K), 0,0119418 secs] [Times: user=0,04 sys=0,00, real=0,01 secs] 
Heap after GC invocations=6 (full 1):
 par new generation   total 109248K, used 14757K [0x00000000e0000000, 0x00000000e8000000, 0x00000000e8000000)
  eden space 87424K,   0% used [0x00000000e0000000, 0x00000000e0000000, 0x00000000e5560000)
  from space 21824K,  67% used [0x00000000e5560000, 0x00000000e63c9620, 0x00000000e6ab0000)
  to   space 21824K,   0% used [0x00000000e6ab0000, 0x00000000e6ab0000, 0x00000000e8000000)
 concurrent mark-sweep generation total 393216K, used 0K [0x00000000e8000000, 0x0000000100000000, 0x0000000100000000)
 Metaspace       used 21433K, capacity 21809K, committed 21884K, reserved 1069056K
  class space    used 2469K, capacity 2639K, committed 2684K, reserved 1048576K
}
2017-08-25T14:05:56.493+0200: 3,042: Total time for which application threads were stopped: 0,0121832 seconds, Stopping threads took: 0,0000864 seconds
2017-08-25T14:05:56.521+0200: 3,070: Total time for which application threads were stopped: 0,0003520 seconds, Stopping threads took: 0,0000520 seconds
2017-08-25T14:05:56.787+0200: 3,337: Total time for which application threads were stopped: 0,0004077 seconds, Stopping threads took: 0,0000191 seconds
2017-08-25T14:05:56.800+0200: 3,350: Total time for which application threads were stopped: 0,0004248 seconds, Stopping threads took: 0,0000819 seconds
{Heap before GC invocations=6 (full 1):
 par new generation   total 109248K, used 102181K [0x00000000e0000000, 0x00000000e8000000, 0x00000000e8000000)
  eden space 87424K, 100% used [0x00000000e0000000, 0x00000000e5560000, 0x00000000e5560000)
  from space 21824K,  67% used [0x00000000e5560000, 0x00000000e63c9620, 0x00000000e6ab0000)
  to   space 21824K,   0% used [0x00000000e6ab0000, 0x00000000e6ab0000, 0x00000000e8000000)
 concurrent mark-sweep generation total 393216K, used 0K [0x00000000e8000000, 0x0000000100000000, 0x0000000100000000)
 Metaspace       used 23867K, capacity 24337K, committed 24572K, reserved 1071104K
  class space    used 2813K, capacity 3013K, committed 3068K, reserved 1048576K
2017-08-25T14:05:56.948+0200: 3,498: [GC (Allocation Failure) 2017-08-25T14:05:56.948+0200: 3,498: [ParNew
Desired survivor size 20112992 bytes, new threshold 8 (max 8)
- age   1:    5252848 bytes,    5252848 total
- age   2:     125808 bytes,    5378656 total
- age   4:     185256 bytes,    5563912 total
- age   5:     286040 bytes,    5849952 total
- age   6:     820400 bytes,    6670352 total
- age   7:    6656040 bytes,   13326392 total
: 102181K->17712K(109248K), 0,0147716 secs] 102181K->17712K(502464K), 0,0148452 secs] [Times: user=0,05 sys=0,00, real=0,01 secs] 
Heap after GC invocations=7 (full 1):
 par new generation   total 109248K, used 17712K [0x00000000e0000000, 0x00000000e8000000, 0x00000000e8000000)
  eden space 87424K,   0% used [0x00000000e0000000, 0x00000000e0000000, 0x00000000e5560000)
  from space 21824K,  81% used [0x00000000e6ab0000, 0x00000000e7bfc1e0, 0x00000000e8000000)
  to   space 21824K,   0% used [0x00000000e5560000, 0x00000000e5560000, 0x00000000e6ab0000)
 concurrent mark-sweep generation total 393216K, used 0K [0x00000000e8000000, 0x0000000100000000, 0x0000000100000000)
 Metaspace       used 23867K, capacity 24337K, committed 24572K, reserved 1071104K
  class space    used 2813K, capacity 3013K, committed 3068K, reserved 1048576K
}
2017-08-25T14:05:56.963+0200: 3,512: Total time for which application threads were stopped: 0,0151372 seconds, Stopping threads took: 0,0000661 seconds
{Heap before GC invocations=7 (full 1):
 par new generation   total 109248K, used 105136K [0x00000000e0000000, 0x00000000e8000000, 0x00000000e8000000)
  eden space 87424K, 100% used [0x00000000e0000000, 0x00000000e5560000, 0x00000000e5560000)
  from space 21824K,  81% used [0x00000000e6ab0000, 0x00000000e7bfc1e0, 0x00000000e8000000)
  to   space 21824K,   0% used [0x00000000e5560000, 0x00000000e5560000, 0x00000000e6ab0000)
 concurrent mark-sweep generation total 393216K, used 0K [0x00000000e8000000, 0x0000000100000000, 0x0000000100000000)
 Metaspace       used 24372K, capacity 24893K, committed 25084K, reserved 1071104K
  class space    used 2858K, capacity 3048K, committed 3068K, reserved 1048576K
2017-08-25T14:05:57.076+0200: 3,625: [GC (Allocation Failure) 2017-08-25T14:05:57.076+0200: 3,625: [ParNew
Desired survivor size 20112992 bytes, new threshold 8 (max 8)
- age   1:    2055176 bytes,    2055176 total
- age   2:    1781520 bytes,    3836696 total
- age   3:      61736 bytes,    3898432 total
- age   5:     100408 bytes,    3998840 total
- age   6:     187968 bytes,    4186808 total
- age   7:     778984 bytes,    4965792 total
- age   8:    6123024 bytes,   11088816 total
: 105136K->14301K(109248K), 0,0123226 secs] 105136K->14301K(502464K), 0,0124136 secs] [Times: user=0,04 sys=0,00, real=0,02 secs] 
Heap after GC invocations=8 (full 1):
 par new generation   total 109248K, used 14301K [0x00000000e0000000, 0x00000000e8000000, 0x00000000e8000000)
  eden space 87424K,   0% used [0x00000000e0000000, 0x00000000e0000000, 0x00000000e5560000)
  from space 21824K,  65% used [0x00000000e5560000, 0x00000000e63576d0, 0x00000000e6ab0000)
  to   space 21824K,   0% used [0x00000000e6ab0000, 0x00000000e6ab0000, 0x00000000e8000000)
 concurrent mark-sweep generation total 393216K, used 0K [0x00000000e8000000, 0x0000000100000000, 0x0000000100000000)
 Metaspace       used 24372K, capacity 24893K, committed 25084K, reserved 1071104K
  class space    used 2858K, capacity 3048K, committed 3068K, reserved 1048576K
}
2017-08-25T14:05:57.088+0200: 3,638: Total time for which application threads were stopped: 0,0149923 seconds, Stopping threads took: 0,0023821 seconds
{Heap before GC invocations=8 (full 1):
 par new generation   total 109248K, used 101725K [0x00000000e0000000, 0x00000000e8000000, 0x00000000e8000000)
  eden space 87424K, 100% used [0x00000000e0000000, 0x00000000e5560000, 0x00000000e5560000)
  from space 21824K,  65% used [0x00000000e5560000, 0x00000000e63576d0, 0x00000000e6ab0000)
  to   space 21824K,   0% used [0x00000000e6ab0000, 0x00000000e6ab0000, 0x00000000e8000000)
 concurrent mark-sweep generation total 393216K, used 0K [0x00000000e8000000, 0x0000000100000000, 0x0000000100000000)
 Metaspace       used 24914K, capacity 25329K, committed 25468K, reserved 1071104K
  class space    used 2905K, capacity 3083K, committed 3196K, reserved 1048576K
2017-08-25T14:05:57.212+0200: 3,762: [GC (Allocation Failure) 2017-08-25T14:05:57.212+0200: 3,762: [ParNew
Desired survivor size 20112992 bytes, new threshold 8 (max 8)
- age   1:    1344232 bytes,    1344232 total
- age   2:     619136 bytes,    1963368 total
- age   3:    1758544 bytes,    3721912 total
- age   4:      61704 bytes,    3783616 total
- age   6:     100144 bytes,    3883760 total
- age   7:     182064 bytes,    4065824 total
- age   8:     777480 bytes,    4843304 total
: 101725K->7062K(109248K), 0,0282694 secs] 101725K->13122K(502464K), 0,0283361 secs] [Times: user=0,09 sys=0,00, real=0,03 secs] 
Heap after GC invocations=9 (full 1):
 par new generation   total 109248K, used 7062K [0x00000000e0000000, 0x00000000e8000000, 0x00000000e8000000)
  eden space 87424K,   0% used [0x00000000e0000000, 0x00000000e0000000, 0x00000000e5560000)
  from space 21824K,  32% used [0x00000000e6ab0000, 0x00000000e7195988, 0x00000000e8000000)
  to   space 21824K,   0% used [0x00000000e5560000, 0x00000000e5560000, 0x00000000e6ab0000)
 concurrent mark-sweep generation total 393216K, used 6059K [0x00000000e8000000, 0x0000000100000000, 0x0000000100000000)
 Metaspace       used 24914K, capacity 25329K, committed 25468K, reserved 1071104K
  class space    used 2905K, capacity 3083K, committed 3196K, reserved 1048576K
}
2017-08-25T14:05:57.241+0200: 3,790: Total time for which application threads were stopped: 0,0301734 seconds, Stopping threads took: 0,0016718 seconds
2017-08-25T14:05:57.505+0200: 4,054: Total time for which application threads were stopped: 0,0005979 seconds, Stopping threads took: 0,0000477 seconds
2017-08-25T14:05:57.507+0200: 4,057: Total time for which application threads were stopped: 0,0003887 seconds, Stopping threads took: 0,0000393 seconds
2017-08-25T14:05:57.521+0200: 4,071: Total time for which application threads were stopped: 0,0010483 seconds, Stopping threads took: 0,0009302 seconds
2017-08-25T14:05:57.522+0200: 4,072: Total time for which application threads were stopped: 0,0004545 seconds, Stopping threads took: 0,0000163 seconds
2017-08-25T14:05:57.527+0200: 4,076: Total time for which application threads were stopped: 0,0001680 seconds, Stopping threads took: 0,0000526 seconds
2017-08-25T14:05:57.528+0200: 4,078: Total time for which application threads were stopped: 0,0001185 seconds, Stopping threads took: 0,0000399 seconds
2017-08-25T14:05:57.531+0200: 4,081: Total time for which application threads were stopped: 0,0001742 seconds, Stopping threads took: 0,0000438 seconds
2017-08-25T14:05:57.537+0200: 4,086: Total time for which application threads were stopped: 0,0001647 seconds, Stopping threads took: 0,0000409 seconds
2017-08-25T14:05:57.538+0200: 4,087: Total time for which application threads were stopped: 0,0001255 seconds, Stopping threads took: 0,0000332 seconds
2017-08-25T14:05:57.538+0200: 4,088: Total time for which application threads were stopped: 0,0001299 seconds, Stopping threads took: 0,0000308 seconds
2017-08-25T14:05:57.569+0200: 4,118: Total time for which application threads were stopped: 0,0001686 seconds, Stopping threads took: 0,0000763 seconds
2017-08-25T14:05:57.569+0200: 4,119: Total time for which application threads were stopped: 0,0000722 seconds, Stopping threads took: 0,0000197 seconds
2017-08-25T14:05:57.570+0200: 4,119: Total time for which application threads were stopped: 0,0000735 seconds, Stopping threads took: 0,0000205 seconds
2017-08-25T14:05:57.571+0200: 4,121: Total time for which application threads were stopped: 0,0001652 seconds, Stopping threads took: 0,0000440 seconds
2017-08-25T14:05:57.572+0200: 4,122: Total time for which application threads were stopped: 0,0001081 seconds, Stopping threads took: 0,0000353 seconds
2017-08-25T14:05:57.574+0200: 4,123: Total time for which application threads were stopped: 0,0001060 seconds, Stopping threads took: 0,0000365 seconds
2017-08-25T14:05:57.577+0200: 4,126: Total time for which application threads were stopped: 0,0001173 seconds, Stopping threads took: 0,0000414 seconds
2017-08-25T14:05:57.578+0200: 4,128: Total time for which application threads were stopped: 0,0001044 seconds, Stopping threads took: 0,0000391 seconds
2017-08-25T14:05:57.579+0200: 4,129: Total time for which application threads were stopped: 0,0001139 seconds, Stopping threads took: 0,0000347 seconds
2017-08-25T14:05:57.580+0200: 4,129: Total time for which application threads were stopped: 0,0000827 seconds, Stopping threads took: 0,0000197 seconds
2017-08-25T14:05:57.584+0200: 4,133: Total time for which application threads were stopped: 0,0001129 seconds, Stopping threads took: 0,0000372 seconds
2017-08-25T14:05:57.585+0200: 4,135: Total time for which application threads were stopped: 0,0003905 seconds, Stopping threads took: 0,0000276 seconds
2017-08-25T14:05:57.586+0200: 4,135: Total time for which application threads were stopped: 0,0000888 seconds, Stopping threads took: 0,0000320 seconds
2017-08-25T14:05:57.587+0200: 4,136: Total time for which application threads were stopped: 0,0001368 seconds, Stopping threads took: 0,0000546 seconds
2017-08-25T14:05:57.587+0200: 4,136: Total time for which application threads were stopped: 0,0000762 seconds, Stopping threads took: 0,0000351 seconds
2017-08-25T14:05:57.590+0200: 4,139: Total time for which application threads were stopped: 0,0001829 seconds, Stopping threads took: 0,0000361 seconds
2017-08-25T14:05:57.590+0200: 4,140: Total time for which application threads were stopped: 0,0000880 seconds, Stopping threads took: 0,0000206 seconds
2017-08-25T14:05:57.594+0200: 4,143: Total time for which application threads were stopped: 0,0000726 seconds, Stopping threads took: 0,0000188 seconds
2017-08-25T14:05:57.598+0200: 4,147: Total time for which application threads were stopped: 0,0001398 seconds, Stopping threads took: 0,0000438 seconds
2017-08-25T14:05:57.603+0200: 4,153: Total time for which application threads were stopped: 0,0001325 seconds, Stopping threads took: 0,0000430 seconds
2017-08-25T14:05:57.605+0200: 4,154: Total time for which application threads were stopped: 0,0005645 seconds, Stopping threads took: 0,0004551 seconds
2017-08-25T14:05:57.606+0200: 4,155: Total time for which application threads were stopped: 0,0001092 seconds, Stopping threads took: 0,0000338 seconds
2017-08-25T14:05:57.608+0200: 4,157: Total time for which application threads were stopped: 0,0001819 seconds, Stopping threads took: 0,0000895 seconds
2017-08-25T14:05:57.609+0200: 4,158: Total time for which application threads were stopped: 0,0001454 seconds, Stopping threads took: 0,0000385 seconds
2017-08-25T14:05:57.609+0200: 4,158: Total time for which application threads were stopped: 0,0001272 seconds, Stopping threads took: 0,0000281 seconds
2017-08-25T14:05:57.610+0200: 4,160: Total time for which application threads were stopped: 0,0001141 seconds, Stopping threads took: 0,0000345 seconds
2017-08-25T14:05:57.610+0200: 4,160: Total time for which application threads were stopped: 0,0000991 seconds, Stopping threads took: 0,0000240 seconds
2017-08-25T14:05:57.611+0200: 4,160: Total time for which application threads were stopped: 0,0001149 seconds, Stopping threads took: 0,0000340 seconds
2017-08-25T14:05:57.611+0200: 4,160: Total time for which application threads were stopped: 0,0000936 seconds, Stopping threads took: 0,0000218 seconds
2017-08-25T14:05:57.613+0200: 4,162: Total time for which application threads were stopped: 0,0001121 seconds, Stopping threads took: 0,0000398 seconds
2017-08-25T14:05:57.613+0200: 4,162: Total time for which application threads were stopped: 0,0000565 seconds, Stopping threads took: 0,0000129 seconds
2017-08-25T14:05:57.613+0200: 4,162: Total time for which application threads were stopped: 0,0000479 seconds, Stopping threads took: 0,0000161 seconds
2017-08-25T14:05:57.613+0200: 4,162: Total time for which application threads were stopped: 0,0000505 seconds, Stopping threads took: 0,0000093 seconds
2017-08-25T14:05:57.613+0200: 4,162: Total time for which application threads were stopped: 0,0000485 seconds, Stopping threads took: 0,0000178 seconds
2017-08-25T14:05:57.613+0200: 4,163: Total time for which application threads were stopped: 0,0000423 seconds, Stopping threads took: 0,0000075 seconds
2017-08-25T14:05:57.613+0200: 4,163: Total time for which application threads were stopped: 0,0000381 seconds, Stopping threads took: 0,0000069 seconds
2017-08-25T14:05:57.613+0200: 4,163: Total time for which application threads were stopped: 0,0001129 seconds, Stopping threads took: 0,0000102 seconds
2017-08-25T14:05:57.618+0200: 4,167: Total time for which application threads were stopped: 0,0001050 seconds, Stopping threads took: 0,0000292 seconds
2017-08-25T14:05:57.622+0200: 4,171: Total time for which application threads were stopped: 0,0001601 seconds, Stopping threads took: 0,0000698 seconds
2017-08-25T14:05:57.625+0200: 4,175: Total time for which application threads were stopped: 0,0002719 seconds, Stopping threads took: 0,0001878 seconds
2017-08-25T14:05:57.637+0200: 4,187: Total time for which application threads were stopped: 0,0001088 seconds, Stopping threads took: 0,0000212 seconds
2017-08-25T14:05:57.658+0200: 4,208: Total time for which application threads were stopped: 0,0003234 seconds, Stopping threads took: 0,0002263 seconds
2017-08-25T14:05:57.677+0200: 4,227: Total time for which application threads were stopped: 0,0037797 seconds, Stopping threads took: 0,0036746 seconds
2017-08-25T14:05:57.688+0200: 4,237: Total time for which application threads were stopped: 0,0001320 seconds, Stopping threads took: 0,0000426 seconds
2017-08-25T14:05:57.700+0200: 4,249: Total time for which application threads were stopped: 0,0001130 seconds, Stopping threads took: 0,0000375 seconds
2017-08-25T14:05:57.700+0200: 4,250: Total time for which application threads were stopped: 0,0004031 seconds, Stopping threads took: 0,0000162 seconds
2017-08-25T14:05:57.705+0200: 4,255: Total time for which application threads were stopped: 0,0044065 seconds, Stopping threads took: 0,0043343 seconds
2017-08-25T14:05:57.713+0200: 4,262: Total time for which application threads were stopped: 0,0022458 seconds, Stopping threads took: 0,0021487 seconds
2017-08-25T14:05:58.713+0200: 5,262: Total time for which application threads were stopped: 0,0000777 seconds, Stopping threads took: 0,0000166 seconds
2017-08-25T14:07:15.722+0200: 82,271: Total time for which application threads were stopped: 0,0000618 seconds, Stopping threads took: 0,0000163 seconds
2017-08-25T14:07:50.727+0200: 117,276: Total time for which application threads were stopped: 0,0000924 seconds, Stopping threads took: 0,0000398 seconds
2017-08-25T14:07:55.728+0200: 122,278: Total time for which application threads were stopped: 0,0007152 seconds, Stopping threads took: 0,0001949 seconds
2017-08-25T14:08:54.736+0200: 181,285: Total time for which application threads were stopped: 0,0000809 seconds, Stopping threads took: 0,0000323 seconds
{Heap before GC invocations=9 (full 1):
 par new generation   total 109248K, used 94486K [0x00000000e0000000, 0x00000000e8000000, 0x00000000e8000000)
  eden space 87424K, 100% used [0x00000000e0000000, 0x00000000e5560000, 0x00000000e5560000)
  from space 21824K,  32% used [0x00000000e6ab0000, 0x00000000e7195988, 0x00000000e8000000)
  to   space 21824K,   0% used [0x00000000e5560000, 0x00000000e5560000, 0x00000000e6ab0000)
 concurrent mark-sweep generation total 393216K, used 6059K [0x00000000e8000000, 0x0000000100000000, 0x0000000100000000)
 Metaspace       used 28023K, capacity 28569K, committed 28796K, reserved 1075200K
  class space    used 3213K, capacity 3391K, committed 3452K, reserved 1048576K
2017-08-25T14:10:24.388+0200: 270,938: [GC (Allocation Failure) 2017-08-25T14:10:24.388+0200: 270,938: [ParNew
Desired survivor size 20112992 bytes, new threshold 8 (max 8)
- age   1:   10339416 bytes,   10339416 total
- age   2:     707992 bytes,   11047408 total
- age   3:     229432 bytes,   11276840 total
- age   4:    1753952 bytes,   13030792 total
- age   5:      61704 bytes,   13092496 total
- age   7:     100016 bytes,   13192512 total
- age   8:     181968 bytes,   13374480 total
: 94486K->14380K(109248K), 0,0235243 secs] 100546K->21289K(502464K), 0,0236084 secs] [Times: user=0,08 sys=0,01, real=0,02 secs] 
Heap after GC invocations=10 (full 1):
 par new generation   total 109248K, used 14380K [0x00000000e0000000, 0x00000000e8000000, 0x00000000e8000000)
  eden space 87424K,   0% used [0x00000000e0000000, 0x00000000e0000000, 0x00000000e5560000)
  from space 21824K,  65% used [0x00000000e5560000, 0x00000000e636b078, 0x00000000e6ab0000)
  to   space 21824K,   0% used [0x00000000e6ab0000, 0x00000000e6ab0000, 0x00000000e8000000)
 concurrent mark-sweep generation total 393216K, used 6909K [0x00000000e8000000, 0x0000000100000000, 0x0000000100000000)
 Metaspace       used 28023K, capacity 28569K, committed 28796K, reserved 1075200K
  class space    used 3213K, capacity 3391K, committed 3452K, reserved 1048576K
}
2017-08-25T14:10:24.412+0200: 270,961: Total time for which application threads were stopped: 0,0238223 seconds, Stopping threads took: 0,0000769 seconds
2017-08-25T14:10:24.413+0200: 270,962: Total time for which application threads were stopped: 0,0000698 seconds, Stopping threads took: 0,0000238 seconds
2017-08-25T14:10:24.413+0200: 270,962: Total time for which application threads were stopped: 0,0000520 seconds, Stopping threads took: 0,0000246 seconds
2017-08-25T14:10:30.414+0200: 276,963: Total time for which application threads were stopped: 0,0000707 seconds, Stopping threads took: 0,0000210 seconds
2017-08-27T02:38:05.147+0200: 556,242: Total time for which application threads were stopped: 0,0000805 seconds, Stopping threads took: 0,0000319 seconds
2017-08-27T02:39:35.162+0200: 647,254: Total time for which application threads were stopped: 0,0000798 seconds, Stopping threads took: 0,0000305 seconds
2017-08-27T02:39:49.164+0200: 661,256: Total time for which application threads were stopped: 0,0000771 seconds, Stopping threads took: 0,0000145 seconds
2017-08-27T02:44:55.208+0200: 967,299: Total time for which application threads were stopped: 0,0001755 seconds, Stopping threads took: 0,0000657 seconds
2017-08-27T02:52:14.265+0200: 1406,357: Total time for which application threads were stopped: 0,0000900 seconds, Stopping threads took: 0,0000367 seconds
2017-08-27T02:55:49.289+0200: 1621,380: Total time for which application threads were stopped: 0,0001814 seconds, Stopping threads took: 0,0000650 seconds
2017-08-27T03:01:53.429+0200: 1985,521: Total time for which application threads were stopped: 0,0001011 seconds, Stopping threads took: 0,0000187 seconds
2017-08-27T03:01:53.459+0200: 1985,551: Total time for which application threads were stopped: 0,0278025 seconds, Stopping threads took: 0,0277349 seconds
2017-08-27T03:01:53.462+0200: 1985,553: Total time for which application threads were stopped: 0,0000861 seconds, Stopping threads took: 0,0000171 seconds
2017-08-27T03:01:53.481+0200: 1985,572: Total time for which application threads were stopped: 0,0001184 seconds, Stopping threads took: 0,0000393 seconds
2017-08-27T03:01:53.489+0200: 1985,580: Total time for which application threads were stopped: 0,0000889 seconds, Stopping threads took: 0,0000239 seconds
2017-08-27T03:01:53.489+0200: 1985,580: Total time for which application threads were stopped: 0,0000461 seconds, Stopping threads took: 0,0000130 seconds
2017-08-27T03:01:53.492+0200: 1985,584: Total time for which application threads were stopped: 0,0000888 seconds, Stopping threads took: 0,0000282 seconds
2017-08-27T03:01:53.492+0200: 1985,584: Total time for which application threads were stopped: 0,0000484 seconds, Stopping threads took: 0,0000129 seconds
2017-08-27T03:01:53.492+0200: 1985,584: Total time for which application threads were stopped: 0,0000480 seconds, Stopping threads took: 0,0000126 seconds
2017-08-27T03:01:53.493+0200: 1985,584: Total time for which application threads were stopped: 0,0000427 seconds, Stopping threads took: 0,0000118 seconds
2017-08-27T03:01:53.493+0200: 1985,584: Total time for which application threads were stopped: 0,0000422 seconds, Stopping threads took: 0,0000113 seconds
2017-08-27T03:01:53.493+0200: 1985,584: Total time for which application threads were stopped: 0,0000445 seconds, Stopping threads took: 0,0000114 seconds
2017-08-27T03:01:53.493+0200: 1985,584: Total time for which application threads were stopped: 0,0000453 seconds, Stopping threads took: 0,0000135 seconds
2017-08-27T03:01:53.493+0200: 1985,584: Total time for which application threads were stopped: 0,0000423 seconds, Stopping threads took: 0,0000118 seconds
2017-08-27T03:01:53.501+0200: 1985,593: Total time for which application threads were stopped: 0,0008788 seconds, Stopping threads took: 0,0008033 seconds
2017-08-27T03:01:53.503+0200: 1985,595: Total time for which application threads were stopped: 0,0017242 seconds, Stopping threads took: 0,0016477 seconds
2017-08-27T03:01:53.504+0200: 1985,596: Total time for which application threads were stopped: 0,0000994 seconds, Stopping threads took: 0,0000340 seconds
2017-08-27T03:01:53.506+0200: 1985,597: Total time for which application threads were stopped: 0,0000771 seconds, Stopping threads took: 0,0000175 seconds
2017-08-27T03:01:53.506+0200: 1985,597: Total time for which application threads were stopped: 0,0000462 seconds, Stopping threads took: 0,0000108 seconds
2017-08-27T03:01:53.508+0200: 1985,600: Total time for which application threads were stopped: 0,0000946 seconds, Stopping threads took: 0,0000276 seconds
2017-08-27T03:01:53.511+0200: 1985,603: Total time for which application threads were stopped: 0,0000952 seconds, Stopping threads took: 0,0000190 seconds
2017-08-27T03:01:53.520+0200: 1985,612: Total time for which application threads were stopped: 0,0049389 seconds, Stopping threads took: 0,0000564 seconds
2017-08-27T03:01:53.521+0200: 1985,613: Total time for which application threads were stopped: 0,0001208 seconds, Stopping threads took: 0,0000379 seconds
2017-08-27T03:01:53.522+0200: 1985,613: Total time for which application threads were stopped: 0,0000559 seconds, Stopping threads took: 0,0000163 seconds
2017-08-27T03:01:53.524+0200: 1985,616: Total time for which application threads were stopped: 0,0000946 seconds, Stopping threads took: 0,0000312 seconds
2017-08-27T03:01:53.525+0200: 1985,616: Total time for which application threads were stopped: 0,0000546 seconds, Stopping threads took: 0,0000164 seconds
2017-08-27T03:01:53.525+0200: 1985,616: Total time for which application threads were stopped: 0,0000465 seconds, Stopping threads took: 0,0000143 seconds
2017-08-27T03:01:53.525+0200: 1985,616: Total time for which application threads were stopped: 0,0000497 seconds, Stopping threads took: 0,0000147 seconds
2017-08-27T03:01:53.525+0200: 1985,616: Total time for which application threads were stopped: 0,0000573 seconds, Stopping threads took: 0,0000188 seconds
2017-08-27T03:01:53.525+0200: 1985,617: Total time for which application threads were stopped: 0,0000649 seconds, Stopping threads took: 0,0000302 seconds
2017-08-27T03:01:53.531+0200: 1985,622: Total time for which application threads were stopped: 0,0054700 seconds, Stopping threads took: 0,0054049 seconds
2017-08-27T03:01:53.531+0200: 1985,622: Total time for which application threads were stopped: 0,0000488 seconds, Stopping threads took: 0,0000147 seconds
2017-08-27T03:01:53.531+0200: 1985,622: Total time for which application threads were stopped: 0,0000351 seconds, Stopping threads took: 0,0000047 seconds
2017-08-27T03:01:53.533+0200: 1985,624: Total time for which application threads were stopped: 0,0003716 seconds, Stopping threads took: 0,0000183 seconds
2017-08-27T03:01:53.534+0200: 1985,625: Total time for which application threads were stopped: 0,0000613 seconds, Stopping threads took: 0,0000165 seconds
2017-08-27T03:01:53.535+0200: 1985,627: Total time for which application threads were stopped: 0,0001065 seconds, Stopping threads took: 0,0000228 seconds
2017-08-27T03:01:53.538+0200: 1985,630: Total time for which application threads were stopped: 0,0000683 seconds, Stopping threads took: 0,0000118 seconds
2017-08-27T03:01:53.539+0200: 1985,630: Total time for which application threads were stopped: 0,0000836 seconds, Stopping threads took: 0,0000149 seconds
Heap
 par new generation   total 109248K, used 33580K [0x00000000e0000000, 0x00000000e8000000, 0x00000000e8000000)
  eden space 87424K,  21% used [0x00000000e0000000, 0x00000000e12c0248, 0x00000000e5560000)
  from space 21824K,  65% used [0x00000000e5560000, 0x00000000e636b078, 0x00000000e6ab0000)
  to   space 21824K,   0% used [0x00000000e6ab0000, 0x00000000e6ab0000, 0x00000000e8000000)
 concurrent mark-sweep generation total 393216K, used 6909K [0x00000000e8000000, 0x0000000100000000, 0x0000000100000000)
 Metaspace       used 28131K, capacity 28677K, committed 28796K, reserved 1075200K
  class space    used 3227K, capacity 3425K, committed 3452K, reserved 1048576K
