OpenJDK 64-Bit Server VM (25.121-b13) for linux-amd64 JRE (1.8.0_121-8u121-b13-0ubuntu1.16.04.2-b13), built on Jan 23 2017 15:51:29 by "buildd" with gcc 5.4.0 20160609
Memory: 4k page, physical 7867764k(7414784k free), swap 8076284k(8076284k free)
CommandLine flags: -XX:CMSInitiatingOccupancyFraction=50 -XX:CMSMaxAbortablePrecleanTime=6000 -XX:+CMSParallelRemarkEnabled -XX:+CMSScavengeBeforeRemark -XX:ConcGCThreads=4 -XX:InitialHeapSize=536870912 -XX:MaxHeapSize=536870912 -XX:MaxTenuringThreshold=8 -XX:NewRatio=3 -XX:OldPLABSize=16 -XX:OnOutOfMemoryError=/opt/solr/bin/oom_solr.sh 8983 /var/solr/logs -XX:ParallelGCThreads=4 -XX:+ParallelRefProcEnabled -XX:PretenureSizeThreshold=67108864 -XX:+PrintGC -XX:+PrintGCApplicationStoppedTime -XX:+PrintGCDateStamps -XX:+PrintGCDetails -XX:+PrintGCTimeStamps -XX:+PrintHeapAtGC -XX:+PrintTenuringDistribution -XX:SurvivorRatio=4 -XX:TargetSurvivorRatio=90 -XX:ThreadStackSize=256 -XX:+UseCMSInitiatingOccupancyOnly -XX:+UseCompressedClassPointers -XX:+UseCompressedOops -XX:+UseConcMarkSweepGC -XX:+UseParNewGC 
2017-04-15T23:36:44.611+0200: 0,159: Total time for which application threads were stopped: 0,0000687 seconds, Stopping threads took: 0,0000090 seconds
2017-04-15T23:36:44.702+0200: 0,250: Total time for which application threads were stopped: 0,0001306 seconds, Stopping threads took: 0,0000263 seconds
2017-04-15T23:36:44.722+0200: 0,270: Total time for which application threads were stopped: 0,0000875 seconds, Stopping threads took: 0,0000147 seconds
2017-04-15T23:36:45.172+0200: 0,719: Total time for which application threads were stopped: 0,0001591 seconds, Stopping threads took: 0,0000265 seconds
2017-04-15T23:36:45.592+0200: 1,140: Total time for which application threads were stopped: 0,0001189 seconds, Stopping threads took: 0,0000093 seconds
2017-04-15T23:36:45.653+0200: 1,201: Total time for which application threads were stopped: 0,0010077 seconds, Stopping threads took: 0,0002526 seconds
2017-04-15T23:36:45.676+0200: 1,224: Total time for which application threads were stopped: 0,0001556 seconds, Stopping threads took: 0,0000191 seconds
2017-04-15T23:36:45.955+0200: 1,503: Total time for which application threads were stopped: 0,0007615 seconds, Stopping threads took: 0,0000810 seconds
2017-04-15T23:36:46.209+0200: 1,757: Total time for which application threads were stopped: 0,0008396 seconds, Stopping threads took: 0,0000750 seconds
2017-04-15T23:36:46.229+0200: 1,777: Total time for which application threads were stopped: 0,0001738 seconds, Stopping threads took: 0,0000153 seconds
2017-04-15T23:36:46.256+0200: 1,804: Total time for which application threads were stopped: 0,0001975 seconds, Stopping threads took: 0,0000177 seconds
2017-04-15T23:36:46.257+0200: 1,805: Total time for which application threads were stopped: 0,0001885 seconds, Stopping threads took: 0,0000186 seconds
2017-04-15T23:36:46.271+0200: 1,819: Total time for which application threads were stopped: 0,0001701 seconds, Stopping threads took: 0,0000119 seconds
2017-04-15T23:36:46.335+0200: 1,883: Total time for which application threads were stopped: 0,0003706 seconds, Stopping threads took: 0,0000223 seconds
2017-04-15T23:36:46.499+0200: 2,047: Total time for which application threads were stopped: 0,0002492 seconds, Stopping threads took: 0,0000339 seconds
{Heap before GC invocations=0 (full 0):
 par new generation   total 109248K, used 87424K [0x00000000e0000000, 0x00000000e8000000, 0x00000000e8000000)
  eden space 87424K, 100% used [0x00000000e0000000, 0x00000000e5560000, 0x00000000e5560000)
  from space 21824K,   0% used [0x00000000e5560000, 0x00000000e5560000, 0x00000000e6ab0000)
  to   space 21824K,   0% used [0x00000000e6ab0000, 0x00000000e6ab0000, 0x00000000e8000000)
 concurrent mark-sweep generation total 393216K, used 0K [0x00000000e8000000, 0x0000000100000000, 0x0000000100000000)
 Metaspace       used 17463K, capacity 17824K, committed 18048K, reserved 1064960K
  class space    used 1985K, capacity 2132K, committed 2176K, reserved 1048576K
2017-04-15T23:36:46.511+0200: 2,059: [GC (Allocation Failure) 2017-04-15T23:36:46.511+0200: 2,059: [ParNew
Desired survivor size 20112992 bytes, new threshold 8 (max 8)
- age   1:   11056400 bytes,   11056400 total
: 87424K->10897K(109248K), 0,0144372 secs] 87424K->10897K(502464K), 0,0145324 secs] [Times: user=0,04 sys=0,01, real=0,01 secs] 
Heap after GC invocations=1 (full 0):
 par new generation   total 109248K, used 10897K [0x00000000e0000000, 0x00000000e8000000, 0x00000000e8000000)
  eden space 87424K,   0% used [0x00000000e0000000, 0x00000000e0000000, 0x00000000e5560000)
  from space 21824K,  49% used [0x00000000e6ab0000, 0x00000000e75544e8, 0x00000000e8000000)
  to   space 21824K,   0% used [0x00000000e5560000, 0x00000000e5560000, 0x00000000e6ab0000)
 concurrent mark-sweep generation total 393216K, used 0K [0x00000000e8000000, 0x0000000100000000, 0x0000000100000000)
 Metaspace       used 17463K, capacity 17824K, committed 18048K, reserved 1064960K
  class space    used 1985K, capacity 2132K, committed 2176K, reserved 1048576K
}
2017-04-15T23:36:46.525+0200: 2,073: Total time for which application threads were stopped: 0,0191900 seconds, Stopping threads took: 0,0045228 seconds
2017-04-15T23:36:46.899+0200: 2,447: Total time for which application threads were stopped: 0,0004526 seconds, Stopping threads took: 0,0000546 seconds
{Heap before GC invocations=1 (full 0):
 par new generation   total 109248K, used 98321K [0x00000000e0000000, 0x00000000e8000000, 0x00000000e8000000)
  eden space 87424K, 100% used [0x00000000e0000000, 0x00000000e5560000, 0x00000000e5560000)
  from space 21824K,  49% used [0x00000000e6ab0000, 0x00000000e75544e8, 0x00000000e8000000)
  to   space 21824K,   0% used [0x00000000e5560000, 0x00000000e5560000, 0x00000000e6ab0000)
 concurrent mark-sweep generation total 393216K, used 0K [0x00000000e8000000, 0x0000000100000000, 0x0000000100000000)
 Metaspace       used 20000K, capacity 20352K, committed 20736K, reserved 1067008K
  class space    used 2293K, capacity 2466K, committed 2560K, reserved 1048576K
2017-04-15T23:36:46.940+0200: 2,488: [GC (Allocation Failure) 2017-04-15T23:36:46.940+0200: 2,488: [ParNew
Desired survivor size 20112992 bytes, new threshold 8 (max 8)
- age   1:    4786712 bytes,    4786712 total
- age   2:    5688536 bytes,   10475248 total
: 98321K->12247K(109248K), 0,0104108 secs] 98321K->12247K(502464K), 0,0104850 secs] [Times: user=0,04 sys=0,00, real=0,01 secs] 
Heap after GC invocations=2 (full 0):
 par new generation   total 109248K, used 12247K [0x00000000e0000000, 0x00000000e8000000, 0x00000000e8000000)
  eden space 87424K,   0% used [0x00000000e0000000, 0x00000000e0000000, 0x00000000e5560000)
  from space 21824K,  56% used [0x00000000e5560000, 0x00000000e6155e28, 0x00000000e6ab0000)
  to   space 21824K,   0% used [0x00000000e6ab0000, 0x00000000e6ab0000, 0x00000000e8000000)
 concurrent mark-sweep generation total 393216K, used 0K [0x00000000e8000000, 0x0000000100000000, 0x0000000100000000)
 Metaspace       used 20000K, capacity 20352K, committed 20736K, reserved 1067008K
  class space    used 2293K, capacity 2466K, committed 2560K, reserved 1048576K
}
2017-04-15T23:36:46.950+0200: 2,498: Total time for which application threads were stopped: 0,0107229 seconds, Stopping threads took: 0,0000779 seconds
2017-04-15T23:36:46.968+0200: 2,516: Total time for which application threads were stopped: 0,0003980 seconds, Stopping threads took: 0,0001317 seconds
2017-04-15T23:36:47.011+0200: 2,559: Total time for which application threads were stopped: 0,0005866 seconds, Stopping threads took: 0,0002150 seconds
2017-04-15T23:36:47.163+0200: 2,711: Total time for which application threads were stopped: 0,0001462 seconds, Stopping threads took: 0,0000269 seconds
{Heap before GC invocations=2 (full 0):
 par new generation   total 109248K, used 99671K [0x00000000e0000000, 0x00000000e8000000, 0x00000000e8000000)
  eden space 87424K, 100% used [0x00000000e0000000, 0x00000000e5560000, 0x00000000e5560000)
  from space 21824K,  56% used [0x00000000e5560000, 0x00000000e6155e28, 0x00000000e6ab0000)
  to   space 21824K,   0% used [0x00000000e6ab0000, 0x00000000e6ab0000, 0x00000000e8000000)
 concurrent mark-sweep generation total 393216K, used 0K [0x00000000e8000000, 0x0000000100000000, 0x0000000100000000)
 Metaspace       used 20921K, capacity 21273K, committed 21552K, reserved 1069056K
  class space    used 2415K, capacity 2585K, committed 2608K, reserved 1048576K
2017-04-15T23:36:47.170+0200: 2,718: [GC (Allocation Failure) 2017-04-15T23:36:47.170+0200: 2,718: [ParNew
Desired survivor size 20112992 bytes, new threshold 8 (max 8)
- age   1:    2200504 bytes,    2200504 total
- age   2:    1781128 bytes,    3981632 total
- age   3:    5687808 bytes,    9669440 total
: 99671K->14132K(109248K), 0,0143052 secs] 99671K->14132K(502464K), 0,0143997 secs] [Times: user=0,05 sys=0,00, real=0,01 secs] 
Heap after GC invocations=3 (full 0):
 par new generation   total 109248K, used 14132K [0x00000000e0000000, 0x00000000e8000000, 0x00000000e8000000)
  eden space 87424K,   0% used [0x00000000e0000000, 0x00000000e0000000, 0x00000000e5560000)
  from space 21824K,  64% used [0x00000000e6ab0000, 0x00000000e787d370, 0x00000000e8000000)
  to   space 21824K,   0% used [0x00000000e5560000, 0x00000000e5560000, 0x00000000e6ab0000)
 concurrent mark-sweep generation total 393216K, used 0K [0x00000000e8000000, 0x0000000100000000, 0x0000000100000000)
 Metaspace       used 20921K, capacity 21273K, committed 21552K, reserved 1069056K
  class space    used 2415K, capacity 2585K, committed 2608K, reserved 1048576K
}
2017-04-15T23:36:47.184+0200: 2,732: Total time for which application threads were stopped: 0,0146538 seconds, Stopping threads took: 0,0000936 seconds
2017-04-15T23:36:47.185+0200: 2,733: [GC (CMS Initial Mark) [1 CMS-initial-mark: 0K(393216K)] 14818K(502464K), 0,0035889 secs] [Times: user=0,02 sys=0,00, real=0,01 secs] 
2017-04-15T23:36:47.188+0200: 2,736: Total time for which application threads were stopped: 0,0037602 seconds, Stopping threads took: 0,0000834 seconds
2017-04-15T23:36:47.188+0200: 2,736: [CMS-concurrent-mark-start]
2017-04-15T23:36:47.189+0200: 2,737: [CMS-concurrent-mark: 0,001/0,001 secs] [Times: user=0,00 sys=0,00, real=0,00 secs] 
2017-04-15T23:36:47.189+0200: 2,737: [CMS-concurrent-preclean-start]
2017-04-15T23:36:47.190+0200: 2,738: [CMS-concurrent-preclean: 0,001/0,001 secs] [Times: user=0,00 sys=0,00, real=0,00 secs] 
2017-04-15T23:36:47.190+0200: 2,738: [CMS-concurrent-abortable-preclean-start]
{Heap before GC invocations=3 (full 1):
 par new generation   total 109248K, used 101556K [0x00000000e0000000, 0x00000000e8000000, 0x00000000e8000000)
  eden space 87424K, 100% used [0x00000000e0000000, 0x00000000e5560000, 0x00000000e5560000)
  from space 21824K,  64% used [0x00000000e6ab0000, 0x00000000e787d370, 0x00000000e8000000)
  to   space 21824K,   0% used [0x00000000e5560000, 0x00000000e5560000, 0x00000000e6ab0000)
 concurrent mark-sweep generation total 393216K, used 0K [0x00000000e8000000, 0x0000000100000000, 0x0000000100000000)
 Metaspace       used 21205K, capacity 21549K, committed 21628K, reserved 1069056K
  class space    used 2444K, capacity 2600K, committed 2608K, reserved 1048576K
2017-04-15T23:36:47.305+0200: 2,853: [GC (Allocation Failure) 2017-04-15T23:36:47.305+0200: 2,853: [ParNew
Desired survivor size 20112992 bytes, new threshold 8 (max 8)
- age   1:     917872 bytes,     917872 total
- age   2:    1501056 bytes,    2418928 total
- age   3:    1748240 bytes,    4167168 total
- age   4:    5687808 bytes,    9854976 total
: 101556K->13267K(109248K), 0,0170096 secs] 101556K->13267K(502464K), 0,0170797 secs] [Times: user=0,07 sys=0,00, real=0,02 secs] 
Heap after GC invocations=4 (full 1):
 par new generation   total 109248K, used 13267K [0x00000000e0000000, 0x00000000e8000000, 0x00000000e8000000)
  eden space 87424K,   0% used [0x00000000e0000000, 0x00000000e0000000, 0x00000000e5560000)
  from space 21824K,  60% used [0x00000000e5560000, 0x00000000e6254cc8, 0x00000000e6ab0000)
  to   space 21824K,   0% used [0x00000000e6ab0000, 0x00000000e6ab0000, 0x00000000e8000000)
 concurrent mark-sweep generation total 393216K, used 0K [0x00000000e8000000, 0x0000000100000000, 0x0000000100000000)
 Metaspace       used 21205K, capacity 21549K, committed 21628K, reserved 1069056K
  class space    used 2444K, capacity 2600K, committed 2608K, reserved 1048576K
}
2017-04-15T23:36:47.323+0200: 2,871: Total time for which application threads were stopped: 0,0172717 seconds, Stopping threads took: 0,0000573 seconds
2017-04-15T23:36:47.323+0200: 2,871: [CMS-concurrent-abortable-preclean: 0,103/0,132 secs] [Times: user=0,53 sys=0,00, real=0,13 secs] 
2017-04-15T23:36:47.335+0200: 2,883: [GC (CMS Final Remark) [YG occupancy: 24679 K (109248 K)]{Heap before GC invocations=4 (full 1):
 par new generation   total 109248K, used 24679K [0x00000000e0000000, 0x00000000e8000000, 0x00000000e8000000)
  eden space 87424K,  13% used [0x00000000e0000000, 0x00000000e0b25020, 0x00000000e5560000)
  from space 21824K,  60% used [0x00000000e5560000, 0x00000000e6254cc8, 0x00000000e6ab0000)
  to   space 21824K,   0% used [0x00000000e6ab0000, 0x00000000e6ab0000, 0x00000000e8000000)
 concurrent mark-sweep generation total 393216K, used 0K [0x00000000e8000000, 0x0000000100000000, 0x0000000100000000)
 Metaspace       used 21212K, capacity 21549K, committed 21628K, reserved 1069056K
  class space    used 2445K, capacity 2600K, committed 2608K, reserved 1048576K
2017-04-15T23:36:47.335+0200: 2,883: [GC (CMS Final Remark) 2017-04-15T23:36:47.335+0200: 2,883: [ParNew
Desired survivor size 20112992 bytes, new threshold 8 (max 8)
- age   1:     946056 bytes,     946056 total
- age   2:     169456 bytes,    1115512 total
- age   3:    1501056 bytes,    2616568 total
- age   4:    1748208 bytes,    4364776 total
- age   5:    5687912 bytes,   10052688 total
: 24679K->12707K(109248K), 0,0107225 secs] 24679K->12707K(502464K), 0,0107621 secs] [Times: user=0,03 sys=0,00, real=0,01 secs] 
Heap after GC invocations=5 (full 1):
 par new generation   total 109248K, used 12707K [0x00000000e0000000, 0x00000000e8000000, 0x00000000e8000000)
  eden space 87424K,   0% used [0x00000000e0000000, 0x00000000e0000000, 0x00000000e5560000)
  from space 21824K,  58% used [0x00000000e6ab0000, 0x00000000e7718f90, 0x00000000e8000000)
  to   space 21824K,   0% used [0x00000000e5560000, 0x00000000e5560000, 0x00000000e6ab0000)
 concurrent mark-sweep generation total 393216K, used 0K [0x00000000e8000000, 0x0000000100000000, 0x0000000100000000)
 Metaspace       used 21212K, capacity 21549K, committed 21628K, reserved 1069056K
  class space    used 2445K, capacity 2600K, committed 2608K, reserved 1048576K
}
2017-04-15T23:36:47.346+0200: 2,894: [Rescan (parallel) , 0,0033814 secs]2017-04-15T23:36:47.349+0200: 2,897: [weak refs processing, 0,0004314 secs]2017-04-15T23:36:47.349+0200: 2,897: [class unloading, 0,0029187 secs]2017-04-15T23:36:47.352+0200: 2,900: [scrub symbol table, 0,0025368 secs]2017-04-15T23:36:47.355+0200: 2,903: [scrub string table, 0,0003965 secs][1 CMS-remark: 0K(393216K)] 12707K(502464K), 0,0211073 secs] [Times: user=0,05 sys=0,00, real=0,02 secs] 
2017-04-15T23:36:47.356+0200: 2,904: Total time for which application threads were stopped: 0,0252027 seconds, Stopping threads took: 0,0040134 seconds
2017-04-15T23:36:47.362+0200: 2,910: [CMS-concurrent-sweep-start]
2017-04-15T23:36:47.362+0200: 2,910: [CMS-concurrent-sweep: 0,000/0,000 secs] [Times: user=0,00 sys=0,00, real=0,00 secs] 
2017-04-15T23:36:47.362+0200: 2,910: [CMS-concurrent-reset-start]
2017-04-15T23:36:47.364+0200: 2,912: [CMS-concurrent-reset: 0,002/0,002 secs] [Times: user=0,00 sys=0,00, real=0,00 secs] 
{Heap before GC invocations=5 (full 1):
 par new generation   total 109248K, used 100131K [0x00000000e0000000, 0x00000000e8000000, 0x00000000e8000000)
  eden space 87424K, 100% used [0x00000000e0000000, 0x00000000e5560000, 0x00000000e5560000)
  from space 21824K,  58% used [0x00000000e6ab0000, 0x00000000e7718f90, 0x00000000e8000000)
  to   space 21824K,   0% used [0x00000000e5560000, 0x00000000e5560000, 0x00000000e6ab0000)
 concurrent mark-sweep generation total 393216K, used 0K [0x00000000e8000000, 0x0000000100000000, 0x0000000100000000)
 Metaspace       used 21381K, capacity 21721K, committed 22012K, reserved 1069056K
  class space    used 2468K, capacity 2634K, committed 2736K, reserved 1048576K
2017-04-15T23:36:47.453+0200: 3,001: [GC (Allocation Failure) 2017-04-15T23:36:47.453+0200: 3,001: [ParNew
Desired survivor size 20112992 bytes, new threshold 8 (max 8)
- age   1:     652552 bytes,     652552 total
- age   2:      20200 bytes,     672752 total
- age   3:     168504 bytes,     841256 total
- age   4:    1500664 bytes,    2341920 total
- age   5:    1746256 bytes,    4088176 total
- age   6:    5687824 bytes,    9776000 total
: 100131K->11142K(109248K), 0,0104866 secs] 100131K->11142K(502464K), 0,0105685 secs] [Times: user=0,04 sys=0,00, real=0,01 secs] 
Heap after GC invocations=6 (full 1):
 par new generation   total 109248K, used 11142K [0x00000000e0000000, 0x00000000e8000000, 0x00000000e8000000)
  eden space 87424K,   0% used [0x00000000e0000000, 0x00000000e0000000, 0x00000000e5560000)
  from space 21824K,  51% used [0x00000000e5560000, 0x00000000e6041968, 0x00000000e6ab0000)
  to   space 21824K,   0% used [0x00000000e6ab0000, 0x00000000e6ab0000, 0x00000000e8000000)
 concurrent mark-sweep generation total 393216K, used 0K [0x00000000e8000000, 0x0000000100000000, 0x0000000100000000)
 Metaspace       used 21381K, capacity 21721K, committed 22012K, reserved 1069056K
  class space    used 2468K, capacity 2634K, committed 2736K, reserved 1048576K
}
2017-04-15T23:36:47.464+0200: 3,012: Total time for which application threads were stopped: 0,0108874 seconds, Stopping threads took: 0,0001322 seconds
2017-04-15T23:36:47.493+0200: 3,041: Total time for which application threads were stopped: 0,0003115 seconds, Stopping threads took: 0,0000239 seconds
2017-04-15T23:36:47.731+0200: 3,279: Total time for which application threads were stopped: 0,0004446 seconds, Stopping threads took: 0,0000392 seconds
2017-04-15T23:36:47.748+0200: 3,296: Total time for which application threads were stopped: 0,0004334 seconds, Stopping threads took: 0,0000400 seconds
{Heap before GC invocations=6 (full 1):
 par new generation   total 109248K, used 98566K [0x00000000e0000000, 0x00000000e8000000, 0x00000000e8000000)
  eden space 87424K, 100% used [0x00000000e0000000, 0x00000000e5560000, 0x00000000e5560000)
  from space 21824K,  51% used [0x00000000e5560000, 0x00000000e6041968, 0x00000000e6ab0000)
  to   space 21824K,   0% used [0x00000000e6ab0000, 0x00000000e6ab0000, 0x00000000e8000000)
 concurrent mark-sweep generation total 393216K, used 0K [0x00000000e8000000, 0x0000000100000000, 0x0000000100000000)
 Metaspace       used 24155K, capacity 24605K, committed 24880K, reserved 1071104K
  class space    used 2841K, capacity 3040K, committed 3120K, reserved 1048576K
2017-04-15T23:36:47.919+0200: 3,467: [GC (Allocation Failure) 2017-04-15T23:36:47.919+0200: 3,467: [ParNew
Desired survivor size 20112992 bytes, new threshold 8 (max 8)
- age   1:    5662936 bytes,    5662936 total
- age   2:     141504 bytes,    5804440 total
- age   3:      20128 bytes,    5824568 total
- age   4:     167384 bytes,    5991952 total
- age   5:     323488 bytes,    6315440 total
- age   6:    1719992 bytes,    8035432 total
- age   7:    5679760 bytes,   13715192 total
: 98566K->18895K(109248K), 0,0158137 secs] 98566K->18895K(502464K), 0,0159054 secs] [Times: user=0,06 sys=0,00, real=0,01 secs] 
Heap after GC invocations=7 (full 1):
 par new generation   total 109248K, used 18895K [0x00000000e0000000, 0x00000000e8000000, 0x00000000e8000000)
  eden space 87424K,   0% used [0x00000000e0000000, 0x00000000e0000000, 0x00000000e5560000)
  from space 21824K,  86% used [0x00000000e6ab0000, 0x00000000e7d23fb0, 0x00000000e8000000)
  to   space 21824K,   0% used [0x00000000e5560000, 0x00000000e5560000, 0x00000000e6ab0000)
 concurrent mark-sweep generation total 393216K, used 0K [0x00000000e8000000, 0x0000000100000000, 0x0000000100000000)
 Metaspace       used 24155K, capacity 24605K, committed 24880K, reserved 1071104K
  class space    used 2841K, capacity 3040K, committed 3120K, reserved 1048576K
}
2017-04-15T23:36:47.935+0200: 3,483: Total time for which application threads were stopped: 0,0164509 seconds, Stopping threads took: 0,0002878 seconds
{Heap before GC invocations=7 (full 1):
 par new generation   total 109248K, used 106319K [0x00000000e0000000, 0x00000000e8000000, 0x00000000e8000000)
  eden space 87424K, 100% used [0x00000000e0000000, 0x00000000e5560000, 0x00000000e5560000)
  from space 21824K,  86% used [0x00000000e6ab0000, 0x00000000e7d23fb0, 0x00000000e8000000)
  to   space 21824K,   0% used [0x00000000e5560000, 0x00000000e5560000, 0x00000000e6ab0000)
 concurrent mark-sweep generation total 393216K, used 0K [0x00000000e8000000, 0x0000000100000000, 0x0000000100000000)
 Metaspace       used 24421K, capacity 24867K, committed 25136K, reserved 1071104K
  class space    used 2861K, capacity 3041K, committed 3120K, reserved 1048576K
2017-04-15T23:36:48.032+0200: 3,580: [GC (Allocation Failure) 2017-04-15T23:36:48.032+0200: 3,580: [ParNew
Desired survivor size 20112992 bytes, new threshold 8 (max 8)
- age   1:    1452728 bytes,    1452728 total
- age   2:    1865736 bytes,    3318464 total
- age   3:      80936 bytes,    3399400 total
- age   4:       6384 bytes,    3405784 total
- age   5:      93792 bytes,    3499576 total
- age   6:     199480 bytes,    3699056 total
- age   7:    1215672 bytes,    4914728 total
- age   8:    5632168 bytes,   10546896 total
: 106319K->14244K(109248K), 0,0202288 secs] 106319K->14244K(502464K), 0,0203106 secs] [Times: user=0,07 sys=0,00, real=0,02 secs] 
Heap after GC invocations=8 (full 1):
 par new generation   total 109248K, used 14244K [0x00000000e0000000, 0x00000000e8000000, 0x00000000e8000000)
  eden space 87424K,   0% used [0x00000000e0000000, 0x00000000e0000000, 0x00000000e5560000)
  from space 21824K,  65% used [0x00000000e5560000, 0x00000000e6349140, 0x00000000e6ab0000)
  to   space 21824K,   0% used [0x00000000e6ab0000, 0x00000000e6ab0000, 0x00000000e8000000)
 concurrent mark-sweep generation total 393216K, used 0K [0x00000000e8000000, 0x0000000100000000, 0x0000000100000000)
 Metaspace       used 24421K, capacity 24867K, committed 25136K, reserved 1071104K
  class space    used 2861K, capacity 3041K, committed 3120K, reserved 1048576K
}
2017-04-15T23:36:48.052+0200: 3,600: Total time for which application threads were stopped: 0,0206350 seconds, Stopping threads took: 0,0001101 seconds
{Heap before GC invocations=8 (full 1):
 par new generation   total 109248K, used 101668K [0x00000000e0000000, 0x00000000e8000000, 0x00000000e8000000)
  eden space 87424K, 100% used [0x00000000e0000000, 0x00000000e5560000, 0x00000000e5560000)
  from space 21824K,  65% used [0x00000000e5560000, 0x00000000e6349140, 0x00000000e6ab0000)
  to   space 21824K,   0% used [0x00000000e6ab0000, 0x00000000e6ab0000, 0x00000000e8000000)
 concurrent mark-sweep generation total 393216K, used 0K [0x00000000e8000000, 0x0000000100000000, 0x0000000100000000)
 Metaspace       used 24792K, capacity 25245K, committed 25392K, reserved 1071104K
  class space    used 2898K, capacity 3078K, committed 3120K, reserved 1048576K
2017-04-15T23:36:48.147+0200: 3,695: [GC (Allocation Failure) 2017-04-15T23:36:48.147+0200: 3,695: [ParNew
Desired survivor size 20112992 bytes, new threshold 8 (max 8)
- age   1:    1109712 bytes,    1109712 total
- age   2:     999120 bytes,    2108832 total
- age   3:    1834704 bytes,    3943536 total
- age   4:      80904 bytes,    4024440 total
- age   5:       6384 bytes,    4030824 total
- age   6:      91112 bytes,    4121936 total
- age   7:     199288 bytes,    4321224 total
- age   8:    1214904 bytes,    5536128 total
: 101668K->7053K(109248K), 0,0440011 secs] 101668K->12634K(502464K), 0,0441182 secs] [Times: user=0,09 sys=0,00, real=0,05 secs] 
Heap after GC invocations=9 (full 1):
 par new generation   total 109248K, used 7053K [0x00000000e0000000, 0x00000000e8000000, 0x00000000e8000000)
  eden space 87424K,   0% used [0x00000000e0000000, 0x00000000e0000000, 0x00000000e5560000)
  from space 21824K,  32% used [0x00000000e6ab0000, 0x00000000e71936b0, 0x00000000e8000000)
  to   space 21824K,   0% used [0x00000000e5560000, 0x00000000e5560000, 0x00000000e6ab0000)
 concurrent mark-sweep generation total 393216K, used 5581K [0x00000000e8000000, 0x0000000100000000, 0x0000000100000000)
 Metaspace       used 24792K, capacity 25245K, committed 25392K, reserved 1071104K
  class space    used 2898K, capacity 3078K, committed 3120K, reserved 1048576K
}
2017-04-15T23:36:48.191+0200: 3,739: Total time for which application threads were stopped: 0,0444033 seconds, Stopping threads took: 0,0001037 seconds
2017-04-15T23:36:48.488+0200: 4,036: Total time for which application threads were stopped: 0,0004004 seconds, Stopping threads took: 0,0000176 seconds
2017-04-15T23:36:48.498+0200: 4,046: Total time for which application threads were stopped: 0,0003723 seconds, Stopping threads took: 0,0000224 seconds
2017-04-15T23:36:48.499+0200: 4,047: Total time for which application threads were stopped: 0,0003722 seconds, Stopping threads took: 0,0001110 seconds
2017-04-15T23:36:48.500+0200: 4,048: Total time for which application threads were stopped: 0,0001602 seconds, Stopping threads took: 0,0000606 seconds
2017-04-15T23:36:48.503+0200: 4,051: Total time for which application threads were stopped: 0,0002134 seconds, Stopping threads took: 0,0001149 seconds
2017-04-15T23:36:48.504+0200: 4,052: Total time for which application threads were stopped: 0,0000954 seconds, Stopping threads took: 0,0000208 seconds
2017-04-15T23:36:48.506+0200: 4,054: Total time for which application threads were stopped: 0,0001232 seconds, Stopping threads took: 0,0000451 seconds
2017-04-15T23:36:48.507+0200: 4,055: Total time for which application threads were stopped: 0,0001317 seconds, Stopping threads took: 0,0000321 seconds
2017-04-15T23:36:48.510+0200: 4,058: Total time for which application threads were stopped: 0,0001001 seconds, Stopping threads took: 0,0000259 seconds
2017-04-15T23:36:48.511+0200: 4,059: Total time for which application threads were stopped: 0,0000672 seconds, Stopping threads took: 0,0000138 seconds
2017-04-15T23:36:48.512+0200: 4,060: Total time for which application threads were stopped: 0,0000651 seconds, Stopping threads took: 0,0000129 seconds
2017-04-15T23:36:48.533+0200: 4,081: Total time for which application threads were stopped: 0,0001286 seconds, Stopping threads took: 0,0000381 seconds
2017-04-15T23:36:48.535+0200: 4,083: Total time for which application threads were stopped: 0,0001277 seconds, Stopping threads took: 0,0000549 seconds
2017-04-15T23:36:48.537+0200: 4,085: Total time for which application threads were stopped: 0,0001170 seconds, Stopping threads took: 0,0000377 seconds
2017-04-15T23:36:48.538+0200: 4,086: Total time for which application threads were stopped: 0,0001762 seconds, Stopping threads took: 0,0000779 seconds
2017-04-15T23:36:48.539+0200: 4,087: Total time for which application threads were stopped: 0,0000931 seconds, Stopping threads took: 0,0000171 seconds
2017-04-15T23:36:48.542+0200: 4,090: Total time for which application threads were stopped: 0,0003875 seconds, Stopping threads took: 0,0000202 seconds
2017-04-15T23:36:48.547+0200: 4,095: Total time for which application threads were stopped: 0,0036840 seconds, Stopping threads took: 0,0036186 seconds
2017-04-15T23:36:48.547+0200: 4,095: Total time for which application threads were stopped: 0,0001285 seconds, Stopping threads took: 0,0000625 seconds
2017-04-15T23:36:48.548+0200: 4,096: Total time for which application threads were stopped: 0,0000455 seconds, Stopping threads took: 0,0000123 seconds
2017-04-15T23:36:48.548+0200: 4,096: Total time for which application threads were stopped: 0,0000455 seconds, Stopping threads took: 0,0000103 seconds
2017-04-15T23:36:48.549+0200: 4,097: Total time for which application threads were stopped: 0,0001282 seconds, Stopping threads took: 0,0000712 seconds
2017-04-15T23:36:48.553+0200: 4,101: Total time for which application threads were stopped: 0,0000758 seconds, Stopping threads took: 0,0000198 seconds
2017-04-15T23:36:48.558+0200: 4,106: Total time for which application threads were stopped: 0,0000769 seconds, Stopping threads took: 0,0000229 seconds
2017-04-15T23:36:48.559+0200: 4,107: Total time for which application threads were stopped: 0,0000824 seconds, Stopping threads took: 0,0000211 seconds
2017-04-15T23:36:48.568+0200: 4,116: Total time for which application threads were stopped: 0,0000925 seconds, Stopping threads took: 0,0000228 seconds
2017-04-15T23:36:48.568+0200: 4,116: Total time for which application threads were stopped: 0,0000733 seconds, Stopping threads took: 0,0000171 seconds
2017-04-15T23:36:48.570+0200: 4,118: Total time for which application threads were stopped: 0,0002393 seconds, Stopping threads took: 0,0000337 seconds
2017-04-15T23:36:48.570+0200: 4,118: Total time for which application threads were stopped: 0,0001265 seconds, Stopping threads took: 0,0000306 seconds
2017-04-15T23:36:48.571+0200: 4,119: Total time for which application threads were stopped: 0,0001111 seconds, Stopping threads took: 0,0000207 seconds
2017-04-15T23:36:48.571+0200: 4,119: Total time for which application threads were stopped: 0,0000722 seconds, Stopping threads took: 0,0000171 seconds
2017-04-15T23:36:48.571+0200: 4,119: Total time for which application threads were stopped: 0,0000697 seconds, Stopping threads took: 0,0000163 seconds
2017-04-15T23:36:48.571+0200: 4,119: Total time for which application threads were stopped: 0,0001118 seconds, Stopping threads took: 0,0000274 seconds
2017-04-15T23:36:48.571+0200: 4,119: Total time for which application threads were stopped: 0,0000757 seconds, Stopping threads took: 0,0000162 seconds
2017-04-15T23:36:48.575+0200: 4,123: Total time for which application threads were stopped: 0,0031571 seconds, Stopping threads took: 0,0030532 seconds
2017-04-15T23:36:48.579+0200: 4,127: Total time for which application threads were stopped: 0,0003284 seconds, Stopping threads took: 0,0002105 seconds
2017-04-15T23:36:48.579+0200: 4,127: Total time for which application threads were stopped: 0,0000920 seconds, Stopping threads took: 0,0000330 seconds
2017-04-15T23:36:48.580+0200: 4,128: Total time for which application threads were stopped: 0,0001032 seconds, Stopping threads took: 0,0000352 seconds
2017-04-15T23:36:48.580+0200: 4,128: Total time for which application threads were stopped: 0,0001054 seconds, Stopping threads took: 0,0000475 seconds
2017-04-15T23:36:48.580+0200: 4,128: Total time for which application threads were stopped: 0,0001181 seconds, Stopping threads took: 0,0000706 seconds
2017-04-15T23:36:48.580+0200: 4,128: Total time for which application threads were stopped: 0,0000993 seconds, Stopping threads took: 0,0000686 seconds
2017-04-15T23:36:48.580+0200: 4,128: Total time for which application threads were stopped: 0,0000437 seconds, Stopping threads took: 0,0000169 seconds
2017-04-15T23:36:48.580+0200: 4,128: Total time for which application threads were stopped: 0,0000796 seconds, Stopping threads took: 0,0000271 seconds
2017-04-15T23:36:48.581+0200: 4,128: Total time for which application threads were stopped: 0,0000495 seconds, Stopping threads took: 0,0000080 seconds
2017-04-15T23:36:48.581+0200: 4,129: Total time for which application threads were stopped: 0,0000613 seconds, Stopping threads took: 0,0000078 seconds
2017-04-15T23:36:48.581+0200: 4,129: Total time for which application threads were stopped: 0,0000446 seconds, Stopping threads took: 0,0000085 seconds
2017-04-15T23:36:48.581+0200: 4,129: Total time for which application threads were stopped: 0,0000469 seconds, Stopping threads took: 0,0000077 seconds
2017-04-15T23:36:48.581+0200: 4,129: Total time for which application threads were stopped: 0,0001511 seconds, Stopping threads took: 0,0000396 seconds
2017-04-15T23:36:48.582+0200: 4,130: Total time for which application threads were stopped: 0,0001085 seconds, Stopping threads took: 0,0000224 seconds
2017-04-15T23:36:48.584+0200: 4,132: Total time for which application threads were stopped: 0,0001015 seconds, Stopping threads took: 0,0000410 seconds
2017-04-15T23:36:48.589+0200: 4,137: Total time for which application threads were stopped: 0,0001152 seconds, Stopping threads took: 0,0000340 seconds
2017-04-15T23:36:48.639+0200: 4,187: Total time for which application threads were stopped: 0,0001903 seconds, Stopping threads took: 0,0000625 seconds
2017-04-15T23:36:48.663+0200: 4,211: Total time for which application threads were stopped: 0,0005387 seconds, Stopping threads took: 0,0000502 seconds
2017-04-15T23:36:48.675+0200: 4,223: Total time for which application threads were stopped: 0,0035985 seconds, Stopping threads took: 0,0034270 seconds
2017-04-15T23:36:49.675+0200: 5,223: Total time for which application threads were stopped: 0,0000667 seconds, Stopping threads took: 0,0000166 seconds
{Heap before GC invocations=9 (full 1):
 par new generation   total 109248K, used 94477K [0x00000000e0000000, 0x00000000e8000000, 0x00000000e8000000)
  eden space 87424K, 100% used [0x00000000e0000000, 0x00000000e5560000, 0x00000000e5560000)
  from space 21824K,  32% used [0x00000000e6ab0000, 0x00000000e71936b0, 0x00000000e8000000)
  to   space 21824K,   0% used [0x00000000e5560000, 0x00000000e5560000, 0x00000000e6ab0000)
 concurrent mark-sweep generation total 393216K, used 5581K [0x00000000e8000000, 0x0000000100000000, 0x0000000100000000)
 Metaspace       used 27973K, capacity 28491K, committed 28848K, reserved 1075200K
  class space    used 3212K, capacity 3387K, committed 3504K, reserved 1048576K
2017-04-15T23:36:55.601+0200: 11,149: [GC (Allocation Failure) 2017-04-15T23:36:55.601+0200: 11,149: [ParNew
Desired survivor size 20112992 bytes, new threshold 8 (max 8)
- age   1:   11179592 bytes,   11179592 total
- age   2:     202848 bytes,   11382440 total
- age   3:     209272 bytes,   11591712 total
- age   4:    1828488 bytes,   13420200 total
- age   5:      80904 bytes,   13501104 total
- age   6:       6384 bytes,   13507488 total
- age   7:      90984 bytes,   13598472 total
- age   8:     198856 bytes,   13797328 total
: 94477K->15068K(109248K), 0,0125278 secs] 100058K->21970K(502464K), 0,0126066 secs] [Times: user=0,05 sys=0,00, real=0,01 secs] 
Heap after GC invocations=10 (full 1):
 par new generation   total 109248K, used 15068K [0x00000000e0000000, 0x00000000e8000000, 0x00000000e8000000)
  eden space 87424K,   0% used [0x00000000e0000000, 0x00000000e0000000, 0x00000000e5560000)
  from space 21824K,  69% used [0x00000000e5560000, 0x00000000e64173f0, 0x00000000e6ab0000)
  to   space 21824K,   0% used [0x00000000e6ab0000, 0x00000000e6ab0000, 0x00000000e8000000)
 concurrent mark-sweep generation total 393216K, used 6901K [0x00000000e8000000, 0x0000000100000000, 0x0000000100000000)
 Metaspace       used 27973K, capacity 28491K, committed 28848K, reserved 1075200K
  class space    used 3212K, capacity 3387K, committed 3504K, reserved 1048576K
}
2017-04-15T23:36:55.613+0200: 11,161: Total time for which application threads were stopped: 0,0127558 seconds, Stopping threads took: 0,0000280 seconds
2017-04-15T23:36:55.614+0200: 11,162: Total time for which application threads were stopped: 0,0000583 seconds, Stopping threads took: 0,0000197 seconds
2017-04-15T23:36:55.614+0200: 11,162: Total time for which application threads were stopped: 0,0000430 seconds, Stopping threads took: 0,0000215 seconds
2017-04-15T23:38:11.623+0200: 87,171: Total time for which application threads were stopped: 0,0001083 seconds, Stopping threads took: 0,0000587 seconds
2017-04-15T23:38:46.627+0200: 122,175: Total time for which application threads were stopped: 0,0000805 seconds, Stopping threads took: 0,0000324 seconds
2017-04-15T23:39:50.635+0200: 186,183: Total time for which application threads were stopped: 0,0000823 seconds, Stopping threads took: 0,0000332 seconds
2017-04-15T23:41:20.646+0200: 276,194: Total time for which application threads were stopped: 0,0000857 seconds, Stopping threads took: 0,0000325 seconds
2017-04-15T23:41:21.646+0200: 277,194: Total time for which application threads were stopped: 0,0000849 seconds, Stopping threads took: 0,0000210 seconds
2017-04-16T00:00:15.758+0200: 1411,306: Total time for which application threads were stopped: 0,0000847 seconds, Stopping threads took: 0,0000315 seconds
2017-04-16T00:04:45.786+0200: 1681,334: Total time for which application threads were stopped: 0,0001041 seconds, Stopping threads took: 0,0000393 seconds
2017-04-16T00:10:16.821+0200: 2012,369: Total time for which application threads were stopped: 0,0000853 seconds, Stopping threads took: 0,0000315 seconds
2017-04-16T00:15:21.851+0200: 2317,399: Total time for which application threads were stopped: 0,0002275 seconds, Stopping threads took: 0,0000681 seconds
2017-04-16T00:15:25.851+0200: 2321,399: Total time for which application threads were stopped: 0,0000885 seconds, Stopping threads took: 0,0000192 seconds
2017-04-16T00:21:16.885+0200: 2672,433: Total time for which application threads were stopped: 0,0000782 seconds, Stopping threads took: 0,0000298 seconds
2017-04-16T00:32:28.930+0200: 3344,478: Total time for which application threads were stopped: 0,0269875 seconds, Stopping threads took: 0,0269023 seconds
2017-04-16T00:32:28.937+0200: 3344,485: Total time for which application threads were stopped: 0,0052888 seconds, Stopping threads took: 0,0052136 seconds
2017-04-16T00:32:28.952+0200: 3344,500: Total time for which application threads were stopped: 0,0001437 seconds, Stopping threads took: 0,0000376 seconds
2017-04-16T00:32:28.952+0200: 3344,500: Total time for which application threads were stopped: 0,0000753 seconds, Stopping threads took: 0,0000197 seconds
2017-04-16T00:32:28.952+0200: 3344,500: Total time for which application threads were stopped: 0,0000617 seconds, Stopping threads took: 0,0000145 seconds
2017-04-16T00:32:28.952+0200: 3344,500: Total time for which application threads were stopped: 0,0000589 seconds, Stopping threads took: 0,0000175 seconds
2017-04-16T00:32:28.952+0200: 3344,500: Total time for which application threads were stopped: 0,0000572 seconds, Stopping threads took: 0,0000138 seconds
2017-04-16T00:32:28.952+0200: 3344,500: Total time for which application threads were stopped: 0,0000562 seconds, Stopping threads took: 0,0000132 seconds
2017-04-16T00:32:28.953+0200: 3344,501: Total time for which application threads were stopped: 0,0000779 seconds, Stopping threads took: 0,0000227 seconds
2017-04-16T00:32:28.953+0200: 3344,501: Total time for which application threads were stopped: 0,0000523 seconds, Stopping threads took: 0,0000129 seconds
2017-04-16T00:32:28.972+0200: 3344,520: Total time for which application threads were stopped: 0,0009473 seconds, Stopping threads took: 0,0008626 seconds
2017-04-16T00:32:28.972+0200: 3344,520: Total time for which application threads were stopped: 0,0000742 seconds, Stopping threads took: 0,0000258 seconds
2017-04-16T00:32:28.972+0200: 3344,520: Total time for which application threads were stopped: 0,0000720 seconds, Stopping threads took: 0,0000214 seconds
2017-04-16T00:32:28.979+0200: 3344,527: Total time for which application threads were stopped: 0,0013987 seconds, Stopping threads took: 0,0013161 seconds
2017-04-16T00:32:28.979+0200: 3344,527: Total time for which application threads were stopped: 0,0000864 seconds, Stopping threads took: 0,0000375 seconds
2017-04-16T00:32:28.979+0200: 3344,527: Total time for which application threads were stopped: 0,0000597 seconds, Stopping threads took: 0,0000208 seconds
2017-04-16T00:32:28.980+0200: 3344,527: Total time for which application threads were stopped: 0,0002088 seconds, Stopping threads took: 0,0001540 seconds
2017-04-16T00:32:28.980+0200: 3344,528: Total time for which application threads were stopped: 0,0001061 seconds, Stopping threads took: 0,0000606 seconds
2017-04-16T00:32:28.980+0200: 3344,528: Total time for which application threads were stopped: 0,0000677 seconds, Stopping threads took: 0,0000302 seconds
2017-04-16T00:32:28.981+0200: 3344,529: Total time for which application threads were stopped: 0,0003316 seconds, Stopping threads took: 0,0002447 seconds
2017-04-16T00:32:28.981+0200: 3344,529: Total time for which application threads were stopped: 0,0000674 seconds, Stopping threads took: 0,0000215 seconds
2017-04-16T00:32:28.982+0200: 3344,530: Total time for which application threads were stopped: 0,0001021 seconds, Stopping threads took: 0,0000577 seconds
2017-04-16T00:32:28.982+0200: 3344,530: Total time for which application threads were stopped: 0,0000717 seconds, Stopping threads took: 0,0000282 seconds
2017-04-16T00:32:28.982+0200: 3344,530: Total time for which application threads were stopped: 0,0000809 seconds, Stopping threads took: 0,0000393 seconds
2017-04-16T00:32:28.982+0200: 3344,530: Total time for which application threads were stopped: 0,0000603 seconds, Stopping threads took: 0,0000210 seconds
2017-04-16T00:32:28.988+0200: 3344,536: Total time for which application threads were stopped: 0,0051018 seconds, Stopping threads took: 0,0050166 seconds
2017-04-16T00:32:28.990+0200: 3344,538: Total time for which application threads were stopped: 0,0001121 seconds, Stopping threads took: 0,0000331 seconds
2017-04-16T00:32:28.990+0200: 3344,538: Total time for which application threads were stopped: 0,0000800 seconds, Stopping threads took: 0,0000295 seconds
2017-04-16T00:32:28.991+0200: 3344,539: Total time for which application threads were stopped: 0,0000520 seconds, Stopping threads took: 0,0000090 seconds
2017-04-16T00:32:28.991+0200: 3344,539: Total time for which application threads were stopped: 0,0001912 seconds, Stopping threads took: 0,0001425 seconds
2017-04-16T00:32:28.991+0200: 3344,539: Total time for which application threads were stopped: 0,0005123 seconds, Stopping threads took: 0,0004506 seconds
2017-04-16T00:32:28.992+0200: 3344,540: Total time for which application threads were stopped: 0,0000991 seconds, Stopping threads took: 0,0000326 seconds
2017-04-16T00:32:28.992+0200: 3344,540: Total time for which application threads were stopped: 0,0002042 seconds, Stopping threads took: 0,0000182 seconds
2017-04-16T00:32:28.995+0200: 3344,543: Total time for which application threads were stopped: 0,0001122 seconds, Stopping threads took: 0,0000346 seconds
2017-04-16T00:32:28.996+0200: 3344,544: Total time for which application threads were stopped: 0,0001474 seconds, Stopping threads took: 0,0000325 seconds
2017-04-16T00:32:28.999+0200: 3344,547: Total time for which application threads were stopped: 0,0021471 seconds, Stopping threads took: 0,0020676 seconds
2017-04-16T00:32:29.000+0200: 3344,548: Total time for which application threads were stopped: 0,0001133 seconds, Stopping threads took: 0,0000273 seconds
Heap
 par new generation   total 109248K, used 37018K [0x00000000e0000000, 0x00000000e8000000, 0x00000000e8000000)
  eden space 87424K,  25% used [0x00000000e0000000, 0x00000000e156f680, 0x00000000e5560000)
  from space 21824K,  69% used [0x00000000e5560000, 0x00000000e64173f0, 0x00000000e6ab0000)
  to   space 21824K,   0% used [0x00000000e6ab0000, 0x00000000e6ab0000, 0x00000000e8000000)
 concurrent mark-sweep generation total 393216K, used 6901K [0x00000000e8000000, 0x0000000100000000, 0x0000000100000000)
 Metaspace       used 28105K, capacity 28659K, committed 28848K, reserved 1075200K
  class space    used 3227K, capacity 3421K, committed 3504K, reserved 1048576K
