OpenJDK 64-Bit Server VM (25.111-b14) for linux-amd64 JRE (1.8.0_111-8u111-b14-2ubuntu0.16.04.2-b14), built on Oct 27 2016 18:10:19 by "buildd" with gcc 5.4.0 20160609
Memory: 4k page, physical 7867804k(7517912k free), swap 8076284k(8076284k free)
CommandLine flags: -XX:CMSInitiatingOccupancyFraction=50 -XX:CMSMaxAbortablePrecleanTime=6000 -XX:+CMSParallelRemarkEnabled -XX:+CMSScavengeBeforeRemark -XX:ConcGCThreads=4 -XX:InitialHeapSize=536870912 -XX:MaxHeapSize=536870912 -XX:MaxTenuringThreshold=8 -XX:NewRatio=3 -XX:OldPLABSize=16 -XX:OnOutOfMemoryError=/opt/solr/bin/oom_solr.sh 8983 /var/solr/logs -XX:ParallelGCThreads=4 -XX:+ParallelRefProcEnabled -XX:PretenureSizeThreshold=67108864 -XX:+PrintGC -XX:+PrintGCApplicationStoppedTime -XX:+PrintGCDateStamps -XX:+PrintGCDetails -XX:+PrintGCTimeStamps -XX:+PrintHeapAtGC -XX:+PrintTenuringDistribution -XX:SurvivorRatio=4 -XX:TargetSurvivorRatio=90 -XX:ThreadStackSize=256 -XX:+UseCMSInitiatingOccupancyOnly -XX:+UseCompressedClassPointers -XX:+UseCompressedOops -XX:+UseConcMarkSweepGC -XX:+UseParNewGC 
2017-01-11T12:29:52.410+0100: 0,129: Total time for which application threads were stopped: 0,0000963 seconds, Stopping threads took: 0,0000234 seconds
2017-01-11T12:29:52.487+0100: 0,205: Total time for which application threads were stopped: 0,0001540 seconds, Stopping threads took: 0,0000125 seconds
2017-01-11T12:29:52.505+0100: 0,224: Total time for which application threads were stopped: 0,0000983 seconds, Stopping threads took: 0,0000152 seconds
2017-01-11T12:29:53.148+0100: 0,867: Total time for which application threads were stopped: 0,0001703 seconds, Stopping threads took: 0,0000123 seconds
2017-01-11T12:29:53.281+0100: 0,999: Total time for which application threads were stopped: 0,0001773 seconds, Stopping threads took: 0,0000163 seconds
2017-01-11T12:29:53.364+0100: 1,082: Total time for which application threads were stopped: 0,0031577 seconds, Stopping threads took: 0,0000236 seconds
2017-01-11T12:29:53.652+0100: 1,371: Total time for which application threads were stopped: 0,0002177 seconds, Stopping threads took: 0,0000201 seconds
2017-01-11T12:29:53.863+0100: 1,582: Total time for which application threads were stopped: 0,0002236 seconds, Stopping threads took: 0,0000239 seconds
2017-01-11T12:29:53.894+0100: 1,613: Total time for which application threads were stopped: 0,0002292 seconds, Stopping threads took: 0,0000199 seconds
2017-01-11T12:29:53.895+0100: 1,613: Total time for which application threads were stopped: 0,0001786 seconds, Stopping threads took: 0,0000203 seconds
2017-01-11T12:29:53.910+0100: 1,629: Total time for which application threads were stopped: 0,0001678 seconds, Stopping threads took: 0,0000159 seconds
2017-01-11T12:29:54.008+0100: 1,726: Total time for which application threads were stopped: 0,0002454 seconds, Stopping threads took: 0,0000242 seconds
2017-01-11T12:29:54.168+0100: 1,887: Total time for which application threads were stopped: 0,0007980 seconds, Stopping threads took: 0,0005796 seconds
{Heap before GC invocations=0 (full 0):
 par new generation   total 109248K, used 87424K [0x00000000e0000000, 0x00000000e8000000, 0x00000000e8000000)
  eden space 87424K, 100% used [0x00000000e0000000, 0x00000000e5560000, 0x00000000e5560000)
  from space 21824K,   0% used [0x00000000e5560000, 0x00000000e5560000, 0x00000000e6ab0000)
  to   space 21824K,   0% used [0x00000000e6ab0000, 0x00000000e6ab0000, 0x00000000e8000000)
 concurrent mark-sweep generation total 393216K, used 0K [0x00000000e8000000, 0x0000000100000000, 0x0000000100000000)
 Metaspace       used 18087K, capacity 18366K, committed 18560K, reserved 1064960K
  class space    used 2053K, capacity 2162K, committed 2176K, reserved 1048576K
2017-01-11T12:29:54.281+0100: 1,999: [GC (Allocation Failure) 2017-01-11T12:29:54.281+0100: 1,999: [ParNew
Desired survivor size 20112992 bytes, new threshold 8 (max 8)
- age   1:   12328520 bytes,   12328520 total
: 87424K->12147K(109248K), 0,0156420 secs] 87424K->12147K(502464K), 0,0157185 secs] [Times: user=0,06 sys=0,00, real=0,01 secs] 
Heap after GC invocations=1 (full 0):
 par new generation   total 109248K, used 12147K [0x00000000e0000000, 0x00000000e8000000, 0x00000000e8000000)
  eden space 87424K,   0% used [0x00000000e0000000, 0x00000000e0000000, 0x00000000e5560000)
  from space 21824K,  55% used [0x00000000e6ab0000, 0x00000000e768cc88, 0x00000000e8000000)
  to   space 21824K,   0% used [0x00000000e5560000, 0x00000000e5560000, 0x00000000e6ab0000)
 concurrent mark-sweep generation total 393216K, used 0K [0x00000000e8000000, 0x0000000100000000, 0x0000000100000000)
 Metaspace       used 18087K, capacity 18366K, committed 18560K, reserved 1064960K
  class space    used 2053K, capacity 2162K, committed 2176K, reserved 1048576K
}
2017-01-11T12:29:54.296+0100: 2,015: Total time for which application threads were stopped: 0,0158924 seconds, Stopping threads took: 0,0000140 seconds
2017-01-11T12:29:54.474+0100: 2,193: Total time for which application threads were stopped: 0,0002741 seconds, Stopping threads took: 0,0000270 seconds
2017-01-11T12:29:54.506+0100: 2,225: Total time for which application threads were stopped: 0,0003741 seconds, Stopping threads took: 0,0000370 seconds
2017-01-11T12:29:54.535+0100: 2,254: Total time for which application threads were stopped: 0,0003318 seconds, Stopping threads took: 0,0000311 seconds
{Heap before GC invocations=1 (full 0):
 par new generation   total 109248K, used 99571K [0x00000000e0000000, 0x00000000e8000000, 0x00000000e8000000)
  eden space 87424K, 100% used [0x00000000e0000000, 0x00000000e5560000, 0x00000000e5560000)
  from space 21824K,  55% used [0x00000000e6ab0000, 0x00000000e768cc88, 0x00000000e8000000)
  to   space 21824K,   0% used [0x00000000e5560000, 0x00000000e5560000, 0x00000000e6ab0000)
 concurrent mark-sweep generation total 393216K, used 0K [0x00000000e8000000, 0x0000000100000000, 0x0000000100000000)
 Metaspace       used 20729K, capacity 21020K, committed 21248K, reserved 1069056K
  class space    used 2403K, capacity 2518K, committed 2560K, reserved 1048576K
2017-01-11T12:29:54.702+0100: 2,421: [GC (Allocation Failure) 2017-01-11T12:29:54.702+0100: 2,421: [ParNew
Desired survivor size 20112992 bytes, new threshold 8 (max 8)
- age   1:    2905672 bytes,    2905672 total
- age   2:    6102656 bytes,    9008328 total
: 99571K->13158K(109248K), 0,0145719 secs] 99571K->13158K(502464K), 0,0146514 secs] [Times: user=0,04 sys=0,01, real=0,01 secs] 
Heap after GC invocations=2 (full 0):
 par new generation   total 109248K, used 13158K [0x00000000e0000000, 0x00000000e8000000, 0x00000000e8000000)
  eden space 87424K,   0% used [0x00000000e0000000, 0x00000000e0000000, 0x00000000e5560000)
  from space 21824K,  60% used [0x00000000e5560000, 0x00000000e6239900, 0x00000000e6ab0000)
  to   space 21824K,   0% used [0x00000000e6ab0000, 0x00000000e6ab0000, 0x00000000e8000000)
 concurrent mark-sweep generation total 393216K, used 0K [0x00000000e8000000, 0x0000000100000000, 0x0000000100000000)
 Metaspace       used 20729K, capacity 21020K, committed 21248K, reserved 1069056K
  class space    used 2403K, capacity 2518K, committed 2560K, reserved 1048576K
}
2017-01-11T12:29:54.717+0100: 2,436: Total time for which application threads were stopped: 0,0148413 seconds, Stopping threads took: 0,0000380 seconds
2017-01-11T12:29:54.776+0100: 2,495: Total time for which application threads were stopped: 0,0000758 seconds, Stopping threads took: 0,0000161 seconds
2017-01-11T12:29:54.807+0100: 2,525: Total time for which application threads were stopped: 0,0001063 seconds, Stopping threads took: 0,0000200 seconds
2017-01-11T12:29:54.808+0100: 2,526: Total time for which application threads were stopped: 0,0002984 seconds, Stopping threads took: 0,0000149 seconds
2017-01-11T12:29:54.836+0100: 2,554: Total time for which application threads were stopped: 0,0000682 seconds, Stopping threads took: 0,0000149 seconds
2017-01-11T12:29:54.895+0100: 2,614: Total time for which application threads were stopped: 0,0001620 seconds, Stopping threads took: 0,0000490 seconds
2017-01-11T12:29:54.936+0100: 2,655: Total time for which application threads were stopped: 0,0001185 seconds, Stopping threads took: 0,0000348 seconds
2017-01-11T12:29:54.945+0100: 2,664: Total time for which application threads were stopped: 0,0002941 seconds, Stopping threads took: 0,0000219 seconds
2017-01-11T12:29:54.952+0100: 2,670: Total time for which application threads were stopped: 0,0000640 seconds, Stopping threads took: 0,0000127 seconds
2017-01-11T12:29:54.953+0100: 2,671: Total time for which application threads were stopped: 0,0002481 seconds, Stopping threads took: 0,0000108 seconds
2017-01-11T12:29:54.989+0100: 2,708: Total time for which application threads were stopped: 0,0001159 seconds, Stopping threads took: 0,0000412 seconds
2017-01-11T12:29:55.007+0100: 2,725: Total time for which application threads were stopped: 0,0000784 seconds, Stopping threads took: 0,0000225 seconds
2017-01-11T12:29:55.026+0100: 2,744: Total time for which application threads were stopped: 0,0000852 seconds, Stopping threads took: 0,0000187 seconds
2017-01-11T12:29:55.042+0100: 2,761: Total time for which application threads were stopped: 0,0000730 seconds, Stopping threads took: 0,0000131 seconds
2017-01-11T12:29:55.066+0100: 2,785: Total time for which application threads were stopped: 0,0000880 seconds, Stopping threads took: 0,0000160 seconds
2017-01-11T12:29:55.135+0100: 2,854: Total time for which application threads were stopped: 0,0001225 seconds, Stopping threads took: 0,0000233 seconds
2017-01-11T12:29:55.169+0100: 2,887: Total time for which application threads were stopped: 0,0001471 seconds, Stopping threads took: 0,0000298 seconds
{Heap before GC invocations=2 (full 0):
 par new generation   total 109248K, used 100582K [0x00000000e0000000, 0x00000000e8000000, 0x00000000e8000000)
  eden space 87424K, 100% used [0x00000000e0000000, 0x00000000e5560000, 0x00000000e5560000)
  from space 21824K,  60% used [0x00000000e5560000, 0x00000000e6239900, 0x00000000e6ab0000)
  to   space 21824K,   0% used [0x00000000e6ab0000, 0x00000000e6ab0000, 0x00000000e8000000)
 concurrent mark-sweep generation total 393216K, used 0K [0x00000000e8000000, 0x0000000100000000, 0x0000000100000000)
 Metaspace       used 24896K, capacity 25220K, committed 25536K, reserved 1071104K
  class space    used 2896K, capacity 3024K, committed 3144K, reserved 1048576K
2017-01-11T12:29:55.202+0100: 2,920: [GC (Allocation Failure) 2017-01-11T12:29:55.202+0100: 2,920: [ParNew
Desired survivor size 20112992 bytes, new threshold 8 (max 8)
- age   1:    6700520 bytes,    6700520 total
- age   2:     547072 bytes,    7247592 total
- age   3:    6085088 bytes,   13332680 total
: 100582K->14240K(109248K), 0,0132917 secs] 100582K->14240K(502464K), 0,0133908 secs] [Times: user=0,04 sys=0,00, real=0,01 secs] 
Heap after GC invocations=3 (full 0):
 par new generation   total 109248K, used 14240K [0x00000000e0000000, 0x00000000e8000000, 0x00000000e8000000)
  eden space 87424K,   0% used [0x00000000e0000000, 0x00000000e0000000, 0x00000000e5560000)
  from space 21824K,  65% used [0x00000000e6ab0000, 0x00000000e7898278, 0x00000000e8000000)
  to   space 21824K,   0% used [0x00000000e5560000, 0x00000000e5560000, 0x00000000e6ab0000)
 concurrent mark-sweep generation total 393216K, used 0K [0x00000000e8000000, 0x0000000100000000, 0x0000000100000000)
 Metaspace       used 24896K, capacity 25220K, committed 25536K, reserved 1071104K
  class space    used 2896K, capacity 3024K, committed 3144K, reserved 1048576K
}
2017-01-11T12:29:55.215+0100: 2,934: Total time for which application threads were stopped: 0,0135874 seconds, Stopping threads took: 0,0000280 seconds
2017-01-11T12:29:55.217+0100: 2,936: [GC (CMS Initial Mark) [1 CMS-initial-mark: 0K(393216K)] 15655K(502464K), 0,0039669 secs] [Times: user=0,02 sys=0,00, real=0,01 secs] 
2017-01-11T12:29:55.221+0100: 2,940: Total time for which application threads were stopped: 0,0042113 seconds, Stopping threads took: 0,0001681 seconds
2017-01-11T12:29:55.221+0100: 2,940: [CMS-concurrent-mark-start]
2017-01-11T12:29:55.221+0100: 2,940: [CMS-concurrent-mark: 0,000/0,000 secs] [Times: user=0,00 sys=0,00, real=0,00 secs] 
2017-01-11T12:29:55.221+0100: 2,940: [CMS-concurrent-preclean-start]
2017-01-11T12:29:55.222+0100: 2,941: [CMS-concurrent-preclean: 0,001/0,001 secs] [Times: user=0,00 sys=0,00, real=0,00 secs] 
2017-01-11T12:29:55.222+0100: 2,941: [GC (CMS Final Remark) [YG occupancy: 15655 K (109248 K)]{Heap before GC invocations=3 (full 1):
 par new generation   total 109248K, used 15655K [0x00000000e0000000, 0x00000000e8000000, 0x00000000e8000000)
  eden space 87424K,   1% used [0x00000000e0000000, 0x00000000e0161c38, 0x00000000e5560000)
  from space 21824K,  65% used [0x00000000e6ab0000, 0x00000000e7898278, 0x00000000e8000000)
  to   space 21824K,   0% used [0x00000000e5560000, 0x00000000e5560000, 0x00000000e6ab0000)
 concurrent mark-sweep generation total 393216K, used 0K [0x00000000e8000000, 0x0000000100000000, 0x0000000100000000)
 Metaspace       used 24921K, capacity 25316K, committed 25536K, reserved 1071104K
  class space    used 2898K, capacity 3056K, committed 3144K, reserved 1048576K
2017-01-11T12:29:55.222+0100: 2,941: [GC (CMS Final Remark) 2017-01-11T12:29:55.222+0100: 2,941: [ParNew
Desired survivor size 20112992 bytes, new threshold 8 (max 8)
- age   1:      25856 bytes,      25856 total
- age   2:    3153328 bytes,    3179184 total
- age   3:     547112 bytes,    3726296 total
- age   4:    6083776 bytes,    9810072 total
: 15655K->13824K(109248K), 0,0131463 secs] 15655K->13824K(502464K), 0,0131896 secs] [Times: user=0,04 sys=0,00, real=0,01 secs] 
Heap after GC invocations=4 (full 1):
 par new generation   total 109248K, used 13824K [0x00000000e0000000, 0x00000000e8000000, 0x00000000e8000000)
  eden space 87424K,   0% used [0x00000000e0000000, 0x00000000e0000000, 0x00000000e5560000)
  from space 21824K,  63% used [0x00000000e5560000, 0x00000000e62e02c0, 0x00000000e6ab0000)
  to   space 21824K,   0% used [0x00000000e6ab0000, 0x00000000e6ab0000, 0x00000000e8000000)
 concurrent mark-sweep generation total 393216K, used 0K [0x00000000e8000000, 0x0000000100000000, 0x0000000100000000)
 Metaspace       used 24921K, capacity 25316K, committed 25536K, reserved 1071104K
  class space    used 2898K, capacity 3056K, committed 3144K, reserved 1048576K
}
2017-01-11T12:29:55.236+0100: 2,954: [Rescan (parallel) , 0,0033676 secs]2017-01-11T12:29:55.239+0100: 2,958: [weak refs processing, 0,0012457 secs]2017-01-11T12:29:55.240+0100: 2,959: [class unloading, 0,0031870 secs]2017-01-11T12:29:55.244+0100: 2,962: [scrub symbol table, 0,0032114 secs]2017-01-11T12:29:55.247+0100: 2,965: [scrub string table, 0,0003716 secs][1 CMS-remark: 0K(393216K)] 13824K(502464K), 0,0252928 secs] [Times: user=0,06 sys=0,00, real=0,02 secs] 
2017-01-11T12:29:55.248+0100: 2,966: Total time for which application threads were stopped: 0,0254040 seconds, Stopping threads took: 0,0000390 seconds
2017-01-11T12:29:55.248+0100: 2,966: [CMS-concurrent-sweep-start]
2017-01-11T12:29:55.248+0100: 2,966: [CMS-concurrent-sweep: 0,000/0,000 secs] [Times: user=0,00 sys=0,00, real=0,00 secs] 
2017-01-11T12:29:55.248+0100: 2,966: [CMS-concurrent-reset-start]
2017-01-11T12:29:55.249+0100: 2,968: [CMS-concurrent-reset: 0,001/0,001 secs] [Times: user=0,01 sys=0,00, real=0,00 secs] 
2017-01-11T12:29:55.307+0100: 3,025: Total time for which application threads were stopped: 0,0004233 seconds, Stopping threads took: 0,0000262 seconds
2017-01-11T12:29:56.307+0100: 4,025: Total time for which application threads were stopped: 0,0001081 seconds, Stopping threads took: 0,0000184 seconds
2017-01-11T12:29:56.331+0100: 4,049: Total time for which application threads were stopped: 0,0003286 seconds, Stopping threads took: 0,0000193 seconds
2017-01-11T12:32:34.353+0100: 162,072: Total time for which application threads were stopped: 0,0000821 seconds, Stopping threads took: 0,0000405 seconds
2017-01-11T12:32:39.354+0100: 167,073: Total time for which application threads were stopped: 0,0000958 seconds, Stopping threads took: 0,0000274 seconds
2017-01-11T12:32:53.356+0100: 181,074: Total time for which application threads were stopped: 0,0000544 seconds, Stopping threads took: 0,0000150 seconds
2017-01-11T12:33:34.360+0100: 222,079: Total time for which application threads were stopped: 0,0004033 seconds, Stopping threads took: 0,0001571 seconds
2017-01-11T12:34:23.366+0100: 271,084: Total time for which application threads were stopped: 0,0001798 seconds, Stopping threads took: 0,0000768 seconds
2017-01-11T12:34:34.367+0100: 282,086: Total time for which application threads were stopped: 0,0001209 seconds, Stopping threads took: 0,0000528 seconds
2017-01-11T12:34:39.368+0100: 287,087: Total time for which application threads were stopped: 0,0003611 seconds, Stopping threads took: 0,0001014 seconds
2017-01-11T12:34:49.370+0100: 297,088: Total time for which application threads were stopped: 0,0001415 seconds, Stopping threads took: 0,0000371 seconds
2017-01-11T12:35:14.373+0100: 322,092: Total time for which application threads were stopped: 0,0004735 seconds, Stopping threads took: 0,0001905 seconds
2017-01-11T12:40:24.407+0100: 632,125: Total time for which application threads were stopped: 0,0000867 seconds, Stopping threads took: 0,0000383 seconds
2017-01-11T12:40:34.408+0100: 642,126: Total time for which application threads were stopped: 0,0000597 seconds, Stopping threads took: 0,0000155 seconds
2017-01-11T12:53:33.502+0100: 1421,221: Total time for which application threads were stopped: 0,0000853 seconds, Stopping threads took: 0,0000324 seconds
2017-01-11T12:56:54.526+0100: 1622,245: Total time for which application threads were stopped: 0,0001292 seconds, Stopping threads took: 0,0000487 seconds
2017-01-11T12:57:08.527+0100: 1636,246: Total time for which application threads were stopped: 0,0000747 seconds, Stopping threads took: 0,0000290 seconds
2017-01-11T12:57:19.529+0100: 1647,247: Total time for which application threads were stopped: 0,0000824 seconds, Stopping threads took: 0,0000167 seconds
2017-01-11T13:08:33.609+0100: 2321,328: Total time for which application threads were stopped: 0,0000759 seconds, Stopping threads took: 0,0000295 seconds
2017-01-11T13:08:34.610+0100: 2322,328: Total time for which application threads were stopped: 0,0000977 seconds, Stopping threads took: 0,0000417 seconds
2017-01-11T13:23:09.710+0100: 3197,429: Total time for which application threads were stopped: 0,0000744 seconds, Stopping threads took: 0,0000339 seconds
2017-01-11T13:36:43.813+0100: 4011,531: Total time for which application threads were stopped: 0,0000832 seconds, Stopping threads took: 0,0000396 seconds
2017-01-11T13:36:48.813+0100: 4016,532: Total time for which application threads were stopped: 0,0000826 seconds, Stopping threads took: 0,0000313 seconds
2017-01-11T13:36:53.814+0100: 4021,533: Total time for which application threads were stopped: 0,0000577 seconds, Stopping threads took: 0,0000168 seconds
2017-01-11T13:52:55.166+0100: 4982,884: Total time for which application threads were stopped: 0,0001213 seconds, Stopping threads took: 0,0000404 seconds
2017-01-11T13:52:55.171+0100: 4982,889: Total time for which application threads were stopped: 0,0001812 seconds, Stopping threads took: 0,0000576 seconds
2017-01-11T13:52:55.282+0100: 4983,000: Total time for which application threads were stopped: 0,0000791 seconds, Stopping threads took: 0,0000173 seconds
2017-01-11T13:52:55.282+0100: 4983,001: Total time for which application threads were stopped: 0,0000534 seconds, Stopping threads took: 0,0000110 seconds
2017-01-11T13:52:55.397+0100: 4983,115: Total time for which application threads were stopped: 0,0000967 seconds, Stopping threads took: 0,0000209 seconds
2017-01-11T13:52:55.401+0100: 4983,120: Total time for which application threads were stopped: 0,0000921 seconds, Stopping threads took: 0,0000254 seconds
2017-01-11T13:52:56.209+0100: 4983,928: Total time for which application threads were stopped: 0,0001296 seconds, Stopping threads took: 0,0000184 seconds
2017-01-11T14:01:24.280+0100: 5491,999: Total time for which application threads were stopped: 0,0000975 seconds, Stopping threads took: 0,0000394 seconds
2017-01-11T14:14:34.371+0100: 6282,090: Total time for which application threads were stopped: 0,0001087 seconds, Stopping threads took: 0,0000428 seconds
2017-01-11T14:14:54.373+0100: 6302,092: Total time for which application threads were stopped: 0,0000581 seconds, Stopping threads took: 0,0000144 seconds
2017-01-11T14:18:06.396+0100: 6494,114: Total time for which application threads were stopped: 0,0000877 seconds, Stopping threads took: 0,0000304 seconds
2017-01-11T14:37:54.538+0100: 7682,257: Total time for which application threads were stopped: 0,0000758 seconds, Stopping threads took: 0,0000345 seconds
2017-01-11T14:38:24.541+0100: 7712,260: Total time for which application threads were stopped: 0,0001003 seconds, Stopping threads took: 0,0000403 seconds
2017-01-11T14:54:05.106+0100: 8652,825: Total time for which application threads were stopped: 0,0000904 seconds, Stopping threads took: 0,0000419 seconds
2017-01-11T14:54:05.106+0100: 8652,825: Total time for which application threads were stopped: 0,0000477 seconds, Stopping threads took: 0,0000191 seconds
2017-01-11T14:54:05.106+0100: 8652,825: Total time for which application threads were stopped: 0,0000424 seconds, Stopping threads took: 0,0000185 seconds
2017-01-11T14:54:05.488+0100: 8653,206: Total time for which application threads were stopped: 0,0001635 seconds, Stopping threads took: 0,0000943 seconds
2017-01-11T14:54:05.488+0100: 8653,207: Total time for which application threads were stopped: 0,0000719 seconds, Stopping threads took: 0,0000215 seconds
2017-01-11T14:54:55.495+0100: 8703,214: Total time for which application threads were stopped: 0,0001232 seconds, Stopping threads took: 0,0000319 seconds
2017-01-11T14:55:32.538+0100: 8740,256: Total time for which application threads were stopped: 0,0006158 seconds, Stopping threads took: 0,0002189 seconds
2017-01-11T14:55:33.538+0100: 8741,257: Total time for which application threads were stopped: 0,0000985 seconds, Stopping threads took: 0,0000230 seconds
2017-01-11T15:37:23.888+0100: 11251,607: Total time for which application threads were stopped: 0,0001681 seconds, Stopping threads took: 0,0000670 seconds
2017-01-11T15:39:53.906+0100: 11401,625: Total time for which application threads were stopped: 0,0000776 seconds, Stopping threads took: 0,0000301 seconds
2017-01-11T19:08:23.540+0100: 22344,120: Total time for which application threads were stopped: 0,0001250 seconds, Stopping threads took: 0,0000298 seconds
2017-01-11T19:08:23.683+0100: 22344,263: Total time for which application threads were stopped: 0,0001474 seconds, Stopping threads took: 0,0000169 seconds
Heap
 par new generation   total 109248K, used 63914K [0x00000000e0000000, 0x00000000e8000000, 0x00000000e8000000)
  eden space 87424K,  57% used [0x00000000e0000000, 0x00000000e30ea828, 0x00000000e5560000)
  from space 21824K,  63% used [0x00000000e5560000, 0x00000000e62e02c0, 0x00000000e6ab0000)
  to   space 21824K,   0% used [0x00000000e6ab0000, 0x00000000e6ab0000, 0x00000000e8000000)
 concurrent mark-sweep generation total 393216K, used 0K [0x00000000e8000000, 0x0000000100000000, 0x0000000100000000)
 Metaspace       used 28473K, capacity 28922K, committed 29124K, reserved 1075200K
  class space    used 3319K, capacity 3484K, committed 3528K, reserved 1048576K
