OpenJDK 64-Bit Server VM (25.121-b13) for linux-amd64 JRE (1.8.0_121-8u121-b13-0ubuntu1.16.04.2-b13), built on Jan 23 2017 15:51:29 by "buildd" with gcc 5.4.0 20160609
Memory: 4k page, physical 7867800k(7516508k free), swap 8076284k(8076284k free)
CommandLine flags: -XX:CMSInitiatingOccupancyFraction=50 -XX:CMSMaxAbortablePrecleanTime=6000 -XX:+CMSParallelRemarkEnabled -XX:+CMSScavengeBeforeRemark -XX:ConcGCThreads=4 -XX:InitialHeapSize=536870912 -XX:MaxHeapSize=536870912 -XX:MaxTenuringThreshold=8 -XX:NewRatio=3 -XX:OldPLABSize=16 -XX:OnOutOfMemoryError=/opt/solr/bin/oom_solr.sh 8983 /var/solr/logs -XX:ParallelGCThreads=4 -XX:+ParallelRefProcEnabled -XX:PretenureSizeThreshold=67108864 -XX:+PrintGC -XX:+PrintGCApplicationStoppedTime -XX:+PrintGCDateStamps -XX:+PrintGCDetails -XX:+PrintGCTimeStamps -XX:+PrintHeapAtGC -XX:+PrintTenuringDistribution -XX:SurvivorRatio=4 -XX:TargetSurvivorRatio=90 -XX:ThreadStackSize=256 -XX:+UseCMSInitiatingOccupancyOnly -XX:+UseCompressedClassPointers -XX:+UseCompressedOops -XX:+UseConcMarkSweepGC -XX:+UseParNewGC 
2017-02-15T08:04:13.604+0100: 0,121: Total time for which application threads were stopped: 0,0000622 seconds, Stopping threads took: 0,0000089 seconds
2017-02-15T08:04:13.673+0100: 0,190: Total time for which application threads were stopped: 0,0001159 seconds, Stopping threads took: 0,0000175 seconds
2017-02-15T08:04:13.687+0100: 0,204: Total time for which application threads were stopped: 0,0000772 seconds, Stopping threads took: 0,0000175 seconds
2017-02-15T08:04:13.820+0100: 0,337: Total time for which application threads were stopped: 0,0001273 seconds, Stopping threads took: 0,0000143 seconds
2017-02-15T08:04:13.972+0100: 0,489: Total time for which application threads were stopped: 0,0001077 seconds, Stopping threads took: 0,0000098 seconds
2017-02-15T08:04:14.013+0100: 0,530: Total time for which application threads were stopped: 0,0001445 seconds, Stopping threads took: 0,0000184 seconds
2017-02-15T08:04:14.025+0100: 0,542: Total time for which application threads were stopped: 0,0001348 seconds, Stopping threads took: 0,0000185 seconds
2017-02-15T08:04:14.182+0100: 0,699: Total time for which application threads were stopped: 0,0001742 seconds, Stopping threads took: 0,0000165 seconds
2017-02-15T08:04:14.326+0100: 0,843: Total time for which application threads were stopped: 0,0001844 seconds, Stopping threads took: 0,0000160 seconds
2017-02-15T08:04:14.345+0100: 0,862: Total time for which application threads were stopped: 0,0001663 seconds, Stopping threads took: 0,0000243 seconds
2017-02-15T08:04:14.370+0100: 0,887: Total time for which application threads were stopped: 0,0002004 seconds, Stopping threads took: 0,0000164 seconds
2017-02-15T08:04:14.371+0100: 0,888: Total time for which application threads were stopped: 0,0001748 seconds, Stopping threads took: 0,0000140 seconds
2017-02-15T08:04:14.383+0100: 0,900: Total time for which application threads were stopped: 0,0001607 seconds, Stopping threads took: 0,0000121 seconds
2017-02-15T08:04:14.460+0100: 0,977: Total time for which application threads were stopped: 0,0002537 seconds, Stopping threads took: 0,0000346 seconds
2017-02-15T08:04:14.632+0100: 1,149: Total time for which application threads were stopped: 0,0002321 seconds, Stopping threads took: 0,0000125 seconds
{Heap before GC invocations=0 (full 0):
 par new generation   total 109248K, used 87424K [0x00000000e0000000, 0x00000000e8000000, 0x00000000e8000000)
  eden space 87424K, 100% used [0x00000000e0000000, 0x00000000e5560000, 0x00000000e5560000)
  from space 21824K,   0% used [0x00000000e5560000, 0x00000000e5560000, 0x00000000e6ab0000)
  to   space 21824K,   0% used [0x00000000e6ab0000, 0x00000000e6ab0000, 0x00000000e8000000)
 concurrent mark-sweep generation total 393216K, used 0K [0x00000000e8000000, 0x0000000100000000, 0x0000000100000000)
 Metaspace       used 18014K, capacity 18336K, committed 18688K, reserved 1064960K
  class space    used 2036K, capacity 2196K, committed 2304K, reserved 1048576K
2017-02-15T08:04:14.738+0100: 1,255: [GC (Allocation Failure) 2017-02-15T08:04:14.738+0100: 1,255: [ParNew
Desired survivor size 20112992 bytes, new threshold 8 (max 8)
- age   1:   12558616 bytes,   12558616 total
: 87424K->12378K(109248K), 0,0243100 secs] 87424K->12378K(502464K), 0,0243818 secs] [Times: user=0,06 sys=0,01, real=0,02 secs] 
Heap after GC invocations=1 (full 0):
 par new generation   total 109248K, used 12378K [0x00000000e0000000, 0x00000000e8000000, 0x00000000e8000000)
  eden space 87424K,   0% used [0x00000000e0000000, 0x00000000e0000000, 0x00000000e5560000)
  from space 21824K,  56% used [0x00000000e6ab0000, 0x00000000e76c6a68, 0x00000000e8000000)
  to   space 21824K,   0% used [0x00000000e5560000, 0x00000000e5560000, 0x00000000e6ab0000)
 concurrent mark-sweep generation total 393216K, used 0K [0x00000000e8000000, 0x0000000100000000, 0x0000000100000000)
 Metaspace       used 18014K, capacity 18336K, committed 18688K, reserved 1064960K
  class space    used 2036K, capacity 2196K, committed 2304K, reserved 1048576K
}
2017-02-15T08:04:14.762+0100: 1,279: Total time for which application threads were stopped: 0,0268023 seconds, Stopping threads took: 0,0022303 seconds
2017-02-15T08:04:15.177+0100: 1,694: Total time for which application threads were stopped: 0,0014926 seconds, Stopping threads took: 0,0008725 seconds
2017-02-15T08:04:15.310+0100: 1,827: Total time for which application threads were stopped: 0,0004442 seconds, Stopping threads took: 0,0001037 seconds
{Heap before GC invocations=1 (full 0):
 par new generation   total 109248K, used 99802K [0x00000000e0000000, 0x00000000e8000000, 0x00000000e8000000)
  eden space 87424K, 100% used [0x00000000e0000000, 0x00000000e5560000, 0x00000000e5560000)
  from space 21824K,  56% used [0x00000000e6ab0000, 0x00000000e76c6a68, 0x00000000e8000000)
  to   space 21824K,   0% used [0x00000000e5560000, 0x00000000e5560000, 0x00000000e6ab0000)
 concurrent mark-sweep generation total 393216K, used 0K [0x00000000e8000000, 0x0000000100000000, 0x0000000100000000)
 Metaspace       used 20076K, capacity 20434K, committed 20736K, reserved 1067008K
  class space    used 2297K, capacity 2471K, committed 2560K, reserved 1048576K
2017-02-15T08:04:15.321+0100: 1,838: [GC (Allocation Failure) 2017-02-15T08:04:15.321+0100: 1,838: [ParNew
Desired survivor size 20112992 bytes, new threshold 8 (max 8)
- age   1:    3755888 bytes,    3755888 total
- age   2:    6652376 bytes,   10408264 total
: 99802K->15595K(109248K), 0,0875312 secs] 99802K->15595K(502464K), 0,0876175 secs] [Times: user=0,09 sys=0,00, real=0,09 secs] 
Heap after GC invocations=2 (full 0):
 par new generation   total 109248K, used 15595K [0x00000000e0000000, 0x00000000e8000000, 0x00000000e8000000)
  eden space 87424K,   0% used [0x00000000e0000000, 0x00000000e0000000, 0x00000000e5560000)
  from space 21824K,  71% used [0x00000000e5560000, 0x00000000e649ad40, 0x00000000e6ab0000)
  to   space 21824K,   0% used [0x00000000e6ab0000, 0x00000000e6ab0000, 0x00000000e8000000)
 concurrent mark-sweep generation total 393216K, used 0K [0x00000000e8000000, 0x0000000100000000, 0x0000000100000000)
 Metaspace       used 20076K, capacity 20434K, committed 20736K, reserved 1067008K
  class space    used 2297K, capacity 2471K, committed 2560K, reserved 1048576K
}
2017-02-15T08:04:15.408+0100: 1,925: Total time for which application threads were stopped: 0,0880212 seconds, Stopping threads took: 0,0002357 seconds
2017-02-15T08:04:15.481+0100: 1,998: Total time for which application threads were stopped: 0,0037122 seconds, Stopping threads took: 0,0032969 seconds
2017-02-15T08:04:15.765+0100: 2,282: Total time for which application threads were stopped: 0,0055521 seconds, Stopping threads took: 0,0053983 seconds
{Heap before GC invocations=2 (full 0):
 par new generation   total 109248K, used 103019K [0x00000000e0000000, 0x00000000e8000000, 0x00000000e8000000)
  eden space 87424K, 100% used [0x00000000e0000000, 0x00000000e5560000, 0x00000000e5560000)
  from space 21824K,  71% used [0x00000000e5560000, 0x00000000e649ad40, 0x00000000e6ab0000)
  to   space 21824K,   0% used [0x00000000e6ab0000, 0x00000000e6ab0000, 0x00000000e8000000)
 concurrent mark-sweep generation total 393216K, used 0K [0x00000000e8000000, 0x0000000100000000, 0x0000000100000000)
 Metaspace       used 20964K, capacity 21292K, committed 21628K, reserved 1069056K
  class space    used 2418K, capacity 2590K, committed 2684K, reserved 1048576K
2017-02-15T08:04:15.836+0100: 2,353: [GC (Allocation Failure) 2017-02-15T08:04:15.836+0100: 2,353: [ParNew
Desired survivor size 20112992 bytes, new threshold 8 (max 8)
- age   1:    2164144 bytes,    2164144 total
- age   2:     871248 bytes,    3035392 total
- age   3:    6634448 bytes,    9669840 total
: 103019K->12348K(109248K), 0,0222227 secs] 103019K->12348K(502464K), 0,0222953 secs] [Times: user=0,05 sys=0,00, real=0,03 secs] 
Heap after GC invocations=3 (full 0):
 par new generation   total 109248K, used 12348K [0x00000000e0000000, 0x00000000e8000000, 0x00000000e8000000)
  eden space 87424K,   0% used [0x00000000e0000000, 0x00000000e0000000, 0x00000000e5560000)
  from space 21824K,  56% used [0x00000000e6ab0000, 0x00000000e76bf380, 0x00000000e8000000)
  to   space 21824K,   0% used [0x00000000e5560000, 0x00000000e5560000, 0x00000000e6ab0000)
 concurrent mark-sweep generation total 393216K, used 0K [0x00000000e8000000, 0x0000000100000000, 0x0000000100000000)
 Metaspace       used 20964K, capacity 21292K, committed 21628K, reserved 1069056K
  class space    used 2418K, capacity 2590K, committed 2684K, reserved 1048576K
}
2017-02-15T08:04:15.858+0100: 2,375: Total time for which application threads were stopped: 0,0260085 seconds, Stopping threads took: 0,0035616 seconds
2017-02-15T08:04:15.865+0100: 2,382: [GC (CMS Initial Mark) [1 CMS-initial-mark: 0K(393216K)] 13740K(502464K), 0,0129618 secs] [Times: user=0,02 sys=0,00, real=0,02 secs] 
2017-02-15T08:04:15.878+0100: 2,395: Total time for which application threads were stopped: 0,0153668 seconds, Stopping threads took: 0,0022809 seconds
2017-02-15T08:04:15.878+0100: 2,395: [CMS-concurrent-mark-start]
2017-02-15T08:04:15.879+0100: 2,396: [CMS-concurrent-mark: 0,001/0,001 secs] [Times: user=0,00 sys=0,00, real=0,00 secs] 
2017-02-15T08:04:15.879+0100: 2,396: [CMS-concurrent-preclean-start]
2017-02-15T08:04:15.883+0100: 2,408: [CMS-concurrent-preclean: 0,004/0,004 secs] [Times: user=0,02 sys=0,00, real=0,01 secs] 
2017-02-15T08:04:15.891+0100: 2,408: [CMS-concurrent-abortable-preclean-start]
2017-02-15T08:04:16.126+0100: 2,643: Total time for which application threads were stopped: 0,0001286 seconds, Stopping threads took: 0,0000243 seconds
{Heap before GC invocations=3 (full 1):
 par new generation   total 109248K, used 99772K [0x00000000e0000000, 0x00000000e8000000, 0x00000000e8000000)
  eden space 87424K, 100% used [0x00000000e0000000, 0x00000000e5560000, 0x00000000e5560000)
  from space 21824K,  56% used [0x00000000e6ab0000, 0x00000000e76bf380, 0x00000000e8000000)
  to   space 21824K,   0% used [0x00000000e5560000, 0x00000000e5560000, 0x00000000e6ab0000)
 concurrent mark-sweep generation total 393216K, used 0K [0x00000000e8000000, 0x0000000100000000, 0x0000000100000000)
 Metaspace       used 21238K, capacity 21556K, committed 21884K, reserved 1069056K
  class space    used 2449K, capacity 2604K, committed 2684K, reserved 1048576K
2017-02-15T08:04:16.132+0100: 2,649: [GC (Allocation Failure) 2017-02-15T08:04:16.132+0100: 2,649: [ParNew
Desired survivor size 20112992 bytes, new threshold 8 (max 8)
- age   1:    1334296 bytes,    1334296 total
- age   2:    1445120 bytes,    2779416 total
- age   3:     835984 bytes,    3615400 total
- age   4:    6634424 bytes,   10249824 total
: 99772K->12825K(109248K), 0,0340593 secs] 99772K->12825K(502464K), 0,0341309 secs] [Times: user=0,07 sys=0,00, real=0,03 secs] 
Heap after GC invocations=4 (full 1):
 par new generation   total 109248K, used 12825K [0x00000000e0000000, 0x00000000e8000000, 0x00000000e8000000)
  eden space 87424K,   0% used [0x00000000e0000000, 0x00000000e0000000, 0x00000000e5560000)
  from space 21824K,  58% used [0x00000000e5560000, 0x00000000e61e65f0, 0x00000000e6ab0000)
  to   space 21824K,   0% used [0x00000000e6ab0000, 0x00000000e6ab0000, 0x00000000e8000000)
 concurrent mark-sweep generation total 393216K, used 0K [0x00000000e8000000, 0x0000000100000000, 0x0000000100000000)
 Metaspace       used 21238K, capacity 21556K, committed 21884K, reserved 1069056K
  class space    used 2449K, capacity 2604K, committed 2684K, reserved 1048576K
}
2017-02-15T08:04:16.166+0100: 2,683: Total time for which application threads were stopped: 0,0345015 seconds, Stopping threads took: 0,0001147 seconds
2017-02-15T08:04:16.166+0100: 2,683: [CMS-concurrent-abortable-preclean: 0,236/0,274 secs] [Times: user=0,60 sys=0,00, real=0,27 secs] 
2017-02-15T08:04:16.170+0100: 2,687: [GC (CMS Final Remark) [YG occupancy: 13511 K (109248 K)]{Heap before GC invocations=4 (full 1):
 par new generation   total 109248K, used 13511K [0x00000000e0000000, 0x00000000e8000000, 0x00000000e8000000)
  eden space 87424K,   0% used [0x00000000e0000000, 0x00000000e00ab628, 0x00000000e5560000)
  from space 21824K,  58% used [0x00000000e5560000, 0x00000000e61e65f0, 0x00000000e6ab0000)
  to   space 21824K,   0% used [0x00000000e6ab0000, 0x00000000e6ab0000, 0x00000000e8000000)
 concurrent mark-sweep generation total 393216K, used 0K [0x00000000e8000000, 0x0000000100000000, 0x0000000100000000)
 Metaspace       used 21238K, capacity 21556K, committed 21884K, reserved 1069056K
  class space    used 2449K, capacity 2604K, committed 2684K, reserved 1048576K
2017-02-15T08:04:16.170+0100: 2,687: [GC (CMS Final Remark) 2017-02-15T08:04:16.170+0100: 2,687: [ParNew
Desired survivor size 20112992 bytes, new threshold 8 (max 8)
- age   1:      16856 bytes,      16856 total
- age   2:    1166344 bytes,    1183200 total
- age   3:    1445120 bytes,    2628320 total
- age   4:     835984 bytes,    3464304 total
- age   5:    6634472 bytes,   10098776 total
: 13511K->15178K(109248K), 0,0370806 secs] 13511K->15178K(502464K), 0,0371142 secs] [Times: user=0,06 sys=0,01, real=0,04 secs] 
Heap after GC invocations=5 (full 1):
 par new generation   total 109248K, used 15178K [0x00000000e0000000, 0x00000000e8000000, 0x00000000e8000000)
  eden space 87424K,   0% used [0x00000000e0000000, 0x00000000e0000000, 0x00000000e5560000)
  from space 21824K,  69% used [0x00000000e6ab0000, 0x00000000e7982850, 0x00000000e8000000)
  to   space 21824K,   0% used [0x00000000e5560000, 0x00000000e5560000, 0x00000000e6ab0000)
 concurrent mark-sweep generation total 393216K, used 0K [0x00000000e8000000, 0x0000000100000000, 0x0000000100000000)
 Metaspace       used 21238K, capacity 21556K, committed 21884K, reserved 1069056K
  class space    used 2449K, capacity 2604K, committed 2684K, reserved 1048576K
}
2017-02-15T08:04:16.207+0100: 2,724: [Rescan (parallel) , 0,0114235 secs]2017-02-15T08:04:16.219+0100: 2,736: [weak refs processing, 0,0084713 secs]2017-02-15T08:04:16.227+0100: 2,744: [class unloading, 0,0042584 secs]2017-02-15T08:04:16.232+0100: 2,749: [scrub symbol table, 0,0026682 secs]2017-02-15T08:04:16.234+0100: 2,751: [scrub string table, 0,0003796 secs][1 CMS-remark: 0K(393216K)] 15178K(502464K), 0,0650325 secs] [Times: user=0,10 sys=0,01, real=0,06 secs] 
2017-02-15T08:04:16.235+0100: 2,752: Total time for which application threads were stopped: 0,0651558 seconds, Stopping threads took: 0,0000392 seconds
2017-02-15T08:04:16.235+0100: 2,752: [CMS-concurrent-sweep-start]
2017-02-15T08:04:16.235+0100: 2,752: [CMS-concurrent-sweep: 0,000/0,000 secs] [Times: user=0,00 sys=0,00, real=0,00 secs] 
2017-02-15T08:04:16.235+0100: 2,752: [CMS-concurrent-reset-start]
2017-02-15T08:04:16.247+0100: 2,764: [CMS-concurrent-reset: 0,012/0,012 secs] [Times: user=0,04 sys=0,00, real=0,02 secs] 
{Heap before GC invocations=5 (full 1):
 par new generation   total 109248K, used 102602K [0x00000000e0000000, 0x00000000e8000000, 0x00000000e8000000)
  eden space 87424K, 100% used [0x00000000e0000000, 0x00000000e5560000, 0x00000000e5560000)
  from space 21824K,  69% used [0x00000000e6ab0000, 0x00000000e7982850, 0x00000000e8000000)
  to   space 21824K,   0% used [0x00000000e5560000, 0x00000000e5560000, 0x00000000e6ab0000)
 concurrent mark-sweep generation total 393216K, used 0K [0x00000000e8000000, 0x0000000100000000, 0x0000000100000000)
 Metaspace       used 21435K, capacity 21850K, committed 22140K, reserved 1069056K
  class space    used 2478K, capacity 2637K, committed 2684K, reserved 1048576K
2017-02-15T08:04:16.385+0100: 2,902: [GC (Allocation Failure) 2017-02-15T08:04:16.385+0100: 2,902: [ParNew
Desired survivor size 20112992 bytes, new threshold 8 (max 8)
- age   1:     407712 bytes,     407712 total
- age   3:     185752 bytes,     593464 total
- age   4:    1443656 bytes,    2037120 total
- age   5:     835864 bytes,    2872984 total
- age   6:    6634552 bytes,    9507536 total
: 102602K->11584K(109248K), 0,0144769 secs] 102602K->11584K(502464K), 0,0148559 secs] [Times: user=0,04 sys=0,00, real=0,02 secs] 
Heap after GC invocations=6 (full 1):
 par new generation   total 109248K, used 11584K [0x00000000e0000000, 0x00000000e8000000, 0x00000000e8000000)
  eden space 87424K,   0% used [0x00000000e0000000, 0x00000000e0000000, 0x00000000e5560000)
  from space 21824K,  53% used [0x00000000e5560000, 0x00000000e60b01d0, 0x00000000e6ab0000)
  to   space 21824K,   0% used [0x00000000e6ab0000, 0x00000000e6ab0000, 0x00000000e8000000)
 concurrent mark-sweep generation total 393216K, used 0K [0x00000000e8000000, 0x0000000100000000, 0x0000000100000000)
 Metaspace       used 21435K, capacity 21850K, committed 22140K, reserved 1069056K
  class space    used 2478K, capacity 2637K, committed 2684K, reserved 1048576K
}
2017-02-15T08:04:16.400+0100: 2,917: Total time for which application threads were stopped: 0,0160802 seconds, Stopping threads took: 0,0008373 seconds
2017-02-15T08:04:16.427+0100: 2,944: Total time for which application threads were stopped: 0,0016525 seconds, Stopping threads took: 0,0011091 seconds
2017-02-15T08:04:16.652+0100: 3,169: Total time for which application threads were stopped: 0,0004050 seconds, Stopping threads took: 0,0000237 seconds
2017-02-15T08:04:16.667+0100: 3,184: Total time for which application threads were stopped: 0,0004876 seconds, Stopping threads took: 0,0000417 seconds
{Heap before GC invocations=6 (full 1):
 par new generation   total 109248K, used 99008K [0x00000000e0000000, 0x00000000e8000000, 0x00000000e8000000)
  eden space 87424K, 100% used [0x00000000e0000000, 0x00000000e5560000, 0x00000000e5560000)
  from space 21824K,  53% used [0x00000000e5560000, 0x00000000e60b01d0, 0x00000000e6ab0000)
  to   space 21824K,   0% used [0x00000000e6ab0000, 0x00000000e6ab0000, 0x00000000e8000000)
 concurrent mark-sweep generation total 393216K, used 0K [0x00000000e8000000, 0x0000000100000000, 0x0000000100000000)
 Metaspace       used 24897K, capacity 25346K, committed 25724K, reserved 1071104K
  class space    used 2904K, capacity 3077K, committed 3196K, reserved 1048576K
2017-02-15T08:04:16.951+0100: 3,468: [GC (Allocation Failure) 2017-02-15T08:04:16.951+0100: 3,468: [ParNew
Desired survivor size 20112992 bytes, new threshold 8 (max 8)
- age   1:    5028720 bytes,    5028720 total
- age   2:     159336 bytes,    5188056 total
- age   4:     177560 bytes,    5365616 total
- age   5:     272248 bytes,    5637864 total
- age   6:     815976 bytes,    6453840 total
- age   7:    6628216 bytes,   13082056 total
: 99008K->18274K(109248K), 0,0125563 secs] 99008K->18274K(502464K), 0,0126220 secs] [Times: user=0,05 sys=0,00, real=0,01 secs] 
Heap after GC invocations=7 (full 1):
 par new generation   total 109248K, used 18274K [0x00000000e0000000, 0x00000000e8000000, 0x00000000e8000000)
  eden space 87424K,   0% used [0x00000000e0000000, 0x00000000e0000000, 0x00000000e5560000)
  from space 21824K,  83% used [0x00000000e6ab0000, 0x00000000e7c888e0, 0x00000000e8000000)
  to   space 21824K,   0% used [0x00000000e5560000, 0x00000000e5560000, 0x00000000e6ab0000)
 concurrent mark-sweep generation total 393216K, used 0K [0x00000000e8000000, 0x0000000100000000, 0x0000000100000000)
 Metaspace       used 24897K, capacity 25346K, committed 25724K, reserved 1071104K
  class space    used 2904K, capacity 3077K, committed 3196K, reserved 1048576K
}
2017-02-15T08:04:16.963+0100: 3,480: Total time for which application threads were stopped: 0,0128806 seconds, Stopping threads took: 0,0000871 seconds
2017-02-15T08:04:17.132+0100: 3,649: Total time for which application threads were stopped: 0,0004083 seconds, Stopping threads took: 0,0000400 seconds
2017-02-15T08:04:17.156+0100: 3,673: Total time for which application threads were stopped: 0,0003707 seconds, Stopping threads took: 0,0000401 seconds
2017-02-15T08:04:17.230+0100: 3,747: Total time for which application threads were stopped: 0,0005253 seconds, Stopping threads took: 0,0000731 seconds
2017-02-15T08:04:17.532+0100: 4,049: Total time for which application threads were stopped: 0,0003537 seconds, Stopping threads took: 0,0000227 seconds
2017-02-15T08:04:44.021+0100: 31,052: Total time for which application threads were stopped: 0,0000667 seconds, Stopping threads took: 0,0000165 seconds
2017-02-15T08:06:19.031+0100: 126,063: Total time for which application threads were stopped: 0,0001121 seconds, Stopping threads took: 0,0000408 seconds
2017-02-15T08:06:24.032+0100: 131,063: Total time for which application threads were stopped: 0,0001295 seconds, Stopping threads took: 0,0000243 seconds
2017-02-15T08:07:14.037+0100: 181,068: Total time for which application threads were stopped: 0,0001219 seconds, Stopping threads took: 0,0000389 seconds
2017-02-15T08:07:19.038+0100: 186,069: Total time for which application threads were stopped: 0,0002025 seconds, Stopping threads took: 0,0000617 seconds
2017-02-15T08:27:44.202+0100: 1411,234: Total time for which application threads were stopped: 0,0000901 seconds, Stopping threads took: 0,0000339 seconds
2017-02-15T08:32:44.247+0100: 1711,278: Total time for which application threads were stopped: 0,0001306 seconds, Stopping threads took: 0,0000454 seconds
2017-02-15T08:42:34.334+0100: 2301,365: Total time for which application threads were stopped: 0,0000895 seconds, Stopping threads took: 0,0000325 seconds
2017-02-15T08:42:39.335+0100: 2306,366: Total time for which application threads were stopped: 0,0001557 seconds, Stopping threads took: 0,0000351 seconds
2017-02-15T08:50:24.404+0100: 2771,435: Total time for which application threads were stopped: 0,0001955 seconds, Stopping threads took: 0,0000651 seconds
2017-02-15T08:50:29.405+0100: 2776,436: Total time for which application threads were stopped: 0,0001425 seconds, Stopping threads took: 0,0000301 seconds
2017-02-15T08:55:14.447+0100: 3061,479: Total time for which application threads were stopped: 0,0001762 seconds, Stopping threads took: 0,0000572 seconds
2017-02-15T08:55:24.449+0100: 3071,480: Total time for which application threads were stopped: 0,0000786 seconds, Stopping threads took: 0,0000172 seconds
2017-02-15T08:57:29.468+0100: 3196,500: Total time for which application threads were stopped: 0,0001768 seconds, Stopping threads took: 0,0000629 seconds
2017-02-15T09:06:34.548+0100: 3741,579: Total time for which application threads were stopped: 0,0002041 seconds, Stopping threads took: 0,0000727 seconds
2017-02-15T09:07:34.557+0100: 3801,588: Total time for which application threads were stopped: 0,0001114 seconds, Stopping threads took: 0,0000356 seconds
2017-02-15T09:07:39.558+0100: 3806,589: Total time for which application threads were stopped: 0,0002095 seconds, Stopping threads took: 0,0001031 seconds
2017-02-15T09:37:04.771+0100: 5571,802: Total time for which application threads were stopped: 0,0001046 seconds, Stopping threads took: 0,0000306 seconds
2017-02-15T09:37:09.772+0100: 5576,803: Total time for which application threads were stopped: 0,0001186 seconds, Stopping threads took: 0,0000248 seconds
2017-02-15T09:48:44.861+0100: 6271,892: Total time for which application threads were stopped: 0,0000843 seconds, Stopping threads took: 0,0000320 seconds
2017-02-15T10:05:43.995+0100: 7291,026: Total time for which application threads were stopped: 0,0000853 seconds, Stopping threads took: 0,0000319 seconds
2017-02-15T10:10:47.420+0100: 7594,451: Total time for which application threads were stopped: 0,0008224 seconds, Stopping threads took: 0,0006371 seconds
2017-02-15T10:10:47.424+0100: 7594,456: Total time for which application threads were stopped: 0,0001217 seconds, Stopping threads took: 0,0000311 seconds
2017-02-15T10:10:47.428+0100: 7594,459: Total time for which application threads were stopped: 0,0000981 seconds, Stopping threads took: 0,0000181 seconds
Heap
 par new generation   total 109248K, used 83578K [0x00000000e0000000, 0x00000000e8000000, 0x00000000e8000000)
  eden space 87424K,  74% used [0x00000000e0000000, 0x00000000e3fc6100, 0x00000000e5560000)
  from space 21824K,  83% used [0x00000000e6ab0000, 0x00000000e7c888e0, 0x00000000e8000000)
  to   space 21824K,   0% used [0x00000000e5560000, 0x00000000e5560000, 0x00000000e6ab0000)
 concurrent mark-sweep generation total 393216K, used 0K [0x00000000e8000000, 0x0000000100000000, 0x0000000100000000)
 Metaspace       used 28023K, capacity 28542K, committed 28796K, reserved 1075200K
  class space    used 3226K, capacity 3391K, committed 3452K, reserved 1048576K
