OpenJDK 64-Bit Server VM (25.121-b13) for linux-amd64 JRE (1.8.0_121-8u121-b13-0ubuntu1.16.04.2-b13), built on Jan 23 2017 15:51:29 by "buildd" with gcc 5.4.0 20160609
Memory: 4k page, physical 7867764k(7425164k free), swap 8076284k(8076284k free)
CommandLine flags: -XX:CMSInitiatingOccupancyFraction=50 -XX:CMSMaxAbortablePrecleanTime=6000 -XX:+CMSParallelRemarkEnabled -XX:+CMSScavengeBeforeRemark -XX:ConcGCThreads=4 -XX:InitialHeapSize=536870912 -XX:MaxHeapSize=536870912 -XX:MaxTenuringThreshold=8 -XX:NewRatio=3 -XX:OldPLABSize=16 -XX:OnOutOfMemoryError=/opt/solr/bin/oom_solr.sh 8983 /var/solr/logs -XX:ParallelGCThreads=4 -XX:+ParallelRefProcEnabled -XX:PretenureSizeThreshold=67108864 -XX:+PrintGC -XX:+PrintGCApplicationStoppedTime -XX:+PrintGCDateStamps -XX:+PrintGCDetails -XX:+PrintGCTimeStamps -XX:+PrintHeapAtGC -XX:+PrintTenuringDistribution -XX:SurvivorRatio=4 -XX:TargetSurvivorRatio=90 -XX:ThreadStackSize=256 -XX:+UseCMSInitiatingOccupancyOnly -XX:+UseCompressedClassPointers -XX:+UseCompressedOops -XX:+UseConcMarkSweepGC -XX:+UseParNewGC 
2017-04-01T08:17:49.797+0200: 0,180: Total time for which application threads were stopped: 0,0000792 seconds, Stopping threads took: 0,0000102 seconds
2017-04-01T08:17:49.912+0200: 0,294: Total time for which application threads were stopped: 0,0003528 seconds, Stopping threads took: 0,0002489 seconds
2017-04-01T08:17:49.938+0200: 0,321: Total time for which application threads were stopped: 0,0001235 seconds, Stopping threads took: 0,0000461 seconds
2017-04-01T08:17:50.209+0200: 0,592: Total time for which application threads were stopped: 0,0001473 seconds, Stopping threads took: 0,0000246 seconds
2017-04-01T08:17:50.642+0200: 1,025: Total time for which application threads were stopped: 0,0001760 seconds, Stopping threads took: 0,0000276 seconds
2017-04-01T08:17:50.859+0200: 1,241: Total time for which application threads were stopped: 0,0001979 seconds, Stopping threads took: 0,0000170 seconds
2017-04-01T08:17:50.890+0200: 1,272: Total time for which application threads were stopped: 0,0007488 seconds, Stopping threads took: 0,0003470 seconds
2017-04-01T08:17:51.418+0200: 1,801: Total time for which application threads were stopped: 0,0006361 seconds, Stopping threads took: 0,0000739 seconds
2017-04-01T08:17:51.702+0200: 2,085: Total time for which application threads were stopped: 0,0009656 seconds, Stopping threads took: 0,0002729 seconds
2017-04-01T08:17:51.729+0200: 2,112: Total time for which application threads were stopped: 0,0002290 seconds, Stopping threads took: 0,0000333 seconds
2017-04-01T08:17:51.760+0200: 2,143: Total time for which application threads were stopped: 0,0002571 seconds, Stopping threads took: 0,0000329 seconds
2017-04-01T08:17:51.762+0200: 2,144: Total time for which application threads were stopped: 0,0002331 seconds, Stopping threads took: 0,0000389 seconds
2017-04-01T08:17:51.773+0200: 2,156: Total time for which application threads were stopped: 0,0001745 seconds, Stopping threads took: 0,0000124 seconds
2017-04-01T08:17:51.869+0200: 2,251: Total time for which application threads were stopped: 0,0002994 seconds, Stopping threads took: 0,0000182 seconds
2017-04-01T08:17:52.082+0200: 2,464: Total time for which application threads were stopped: 0,0004358 seconds, Stopping threads took: 0,0002218 seconds
{Heap before GC invocations=0 (full 0):
 par new generation   total 109248K, used 87424K [0x00000000e0000000, 0x00000000e8000000, 0x00000000e8000000)
  eden space 87424K, 100% used [0x00000000e0000000, 0x00000000e5560000, 0x00000000e5560000)
  from space 21824K,   0% used [0x00000000e5560000, 0x00000000e5560000, 0x00000000e6ab0000)
  to   space 21824K,   0% used [0x00000000e6ab0000, 0x00000000e6ab0000, 0x00000000e8000000)
 concurrent mark-sweep generation total 393216K, used 0K [0x00000000e8000000, 0x0000000100000000, 0x0000000100000000)
 Metaspace       used 18212K, capacity 18528K, committed 18688K, reserved 1064960K
  class space    used 2058K, capacity 2196K, committed 2304K, reserved 1048576K
2017-04-01T08:17:52.229+0200: 2,611: [GC (Allocation Failure) 2017-04-01T08:17:52.229+0200: 2,611: [ParNew
Desired survivor size 20112992 bytes, new threshold 8 (max 8)
- age   1:   12812272 bytes,   12812272 total
: 87424K->12634K(109248K), 0,0185358 secs] 87424K->12634K(502464K), 0,0186182 secs] [Times: user=0,05 sys=0,00, real=0,02 secs] 
Heap after GC invocations=1 (full 0):
 par new generation   total 109248K, used 12634K [0x00000000e0000000, 0x00000000e8000000, 0x00000000e8000000)
  eden space 87424K,   0% used [0x00000000e0000000, 0x00000000e0000000, 0x00000000e5560000)
  from space 21824K,  57% used [0x00000000e6ab0000, 0x00000000e7706b08, 0x00000000e8000000)
  to   space 21824K,   0% used [0x00000000e5560000, 0x00000000e5560000, 0x00000000e6ab0000)
 concurrent mark-sweep generation total 393216K, used 0K [0x00000000e8000000, 0x0000000100000000, 0x0000000100000000)
 Metaspace       used 18212K, capacity 18528K, committed 18688K, reserved 1064960K
  class space    used 2058K, capacity 2196K, committed 2304K, reserved 1048576K
}
2017-04-01T08:17:52.247+0200: 2,630: Total time for which application threads were stopped: 0,0188126 seconds, Stopping threads took: 0,0000182 seconds
2017-04-01T08:17:52.598+0200: 2,981: Total time for which application threads were stopped: 0,0066818 seconds, Stopping threads took: 0,0063147 seconds
2017-04-01T08:17:52.671+0200: 3,053: Total time for which application threads were stopped: 0,0016916 seconds, Stopping threads took: 0,0013592 seconds
{Heap before GC invocations=1 (full 0):
 par new generation   total 109248K, used 100058K [0x00000000e0000000, 0x00000000e8000000, 0x00000000e8000000)
  eden space 87424K, 100% used [0x00000000e0000000, 0x00000000e5560000, 0x00000000e5560000)
  from space 21824K,  57% used [0x00000000e6ab0000, 0x00000000e7706b08, 0x00000000e8000000)
  to   space 21824K,   0% used [0x00000000e5560000, 0x00000000e5560000, 0x00000000e6ab0000)
 concurrent mark-sweep generation total 393216K, used 0K [0x00000000e8000000, 0x0000000100000000, 0x0000000100000000)
 Metaspace       used 20053K, capacity 20414K, committed 20736K, reserved 1067008K
  class space    used 2294K, capacity 2465K, committed 2560K, reserved 1048576K
2017-04-01T08:17:52.676+0200: 3,058: [GC (Allocation Failure) 2017-04-01T08:17:52.676+0200: 3,058: [ParNew
Desired survivor size 20112992 bytes, new threshold 8 (max 8)
- age   1:    3459328 bytes,    3459328 total
- age   2:    6693056 bytes,   10152384 total
: 100058K->13853K(109248K), 0,0210515 secs] 100058K->13853K(502464K), 0,0211313 secs] [Times: user=0,05 sys=0,00, real=0,02 secs] 
Heap after GC invocations=2 (full 0):
 par new generation   total 109248K, used 13853K [0x00000000e0000000, 0x00000000e8000000, 0x00000000e8000000)
  eden space 87424K,   0% used [0x00000000e0000000, 0x00000000e0000000, 0x00000000e5560000)
  from space 21824K,  63% used [0x00000000e5560000, 0x00000000e62e75f8, 0x00000000e6ab0000)
  to   space 21824K,   0% used [0x00000000e6ab0000, 0x00000000e6ab0000, 0x00000000e8000000)
 concurrent mark-sweep generation total 393216K, used 0K [0x00000000e8000000, 0x0000000100000000, 0x0000000100000000)
 Metaspace       used 20053K, capacity 20414K, committed 20736K, reserved 1067008K
  class space    used 2294K, capacity 2465K, committed 2560K, reserved 1048576K
}
2017-04-01T08:17:52.697+0200: 3,079: Total time for which application threads were stopped: 0,0213603 seconds, Stopping threads took: 0,0000677 seconds
2017-04-01T08:17:52.769+0200: 3,151: Total time for which application threads were stopped: 0,0004401 seconds, Stopping threads took: 0,0000446 seconds
2017-04-01T08:17:52.887+0200: 3,269: Total time for which application threads were stopped: 0,0003766 seconds, Stopping threads took: 0,0001388 seconds
{Heap before GC invocations=2 (full 0):
 par new generation   total 109248K, used 101277K [0x00000000e0000000, 0x00000000e8000000, 0x00000000e8000000)
  eden space 87424K, 100% used [0x00000000e0000000, 0x00000000e5560000, 0x00000000e5560000)
  from space 21824K,  63% used [0x00000000e5560000, 0x00000000e62e75f8, 0x00000000e6ab0000)
  to   space 21824K,   0% used [0x00000000e6ab0000, 0x00000000e6ab0000, 0x00000000e8000000)
 concurrent mark-sweep generation total 393216K, used 0K [0x00000000e8000000, 0x0000000100000000, 0x0000000100000000)
 Metaspace       used 20978K, capacity 21272K, committed 21628K, reserved 1069056K
  class space    used 2417K, capacity 2584K, committed 2684K, reserved 1048576K
2017-04-01T08:17:52.960+0200: 3,342: [GC (Allocation Failure) 2017-04-01T08:17:52.960+0200: 3,342: [ParNew
Desired survivor size 20112992 bytes, new threshold 8 (max 8)
- age   1:    2177152 bytes,    2177152 total
- age   2:     835912 bytes,    3013064 total
- age   3:    6687360 bytes,    9700424 total
: 101277K->11394K(109248K), 0,0163043 secs] 101277K->11394K(502464K), 0,0163706 secs] [Times: user=0,05 sys=0,00, real=0,02 secs] 
Heap after GC invocations=3 (full 0):
 par new generation   total 109248K, used 11394K [0x00000000e0000000, 0x00000000e8000000, 0x00000000e8000000)
  eden space 87424K,   0% used [0x00000000e0000000, 0x00000000e0000000, 0x00000000e5560000)
  from space 21824K,  52% used [0x00000000e6ab0000, 0x00000000e75d0800, 0x00000000e8000000)
  to   space 21824K,   0% used [0x00000000e5560000, 0x00000000e5560000, 0x00000000e6ab0000)
 concurrent mark-sweep generation total 393216K, used 0K [0x00000000e8000000, 0x0000000100000000, 0x0000000100000000)
 Metaspace       used 20978K, capacity 21272K, committed 21628K, reserved 1069056K
  class space    used 2417K, capacity 2584K, committed 2684K, reserved 1048576K
}
2017-04-01T08:17:52.976+0200: 3,358: Total time for which application threads were stopped: 0,0172617 seconds, Stopping threads took: 0,0007479 seconds
2017-04-01T08:17:52.978+0200: 3,361: [GC (CMS Initial Mark) [1 CMS-initial-mark: 0K(393216K)] 11763K(502464K), 0,0040795 secs] [Times: user=0,01 sys=0,00, real=0,00 secs] 
2017-04-01T08:17:52.982+0200: 3,365: Total time for which application threads were stopped: 0,0051752 seconds, Stopping threads took: 0,0009870 seconds
2017-04-01T08:17:52.983+0200: 3,365: [CMS-concurrent-mark-start]
2017-04-01T08:17:52.987+0200: 3,369: [CMS-concurrent-mark: 0,004/0,004 secs] [Times: user=0,01 sys=0,00, real=0,00 secs] 
2017-04-01T08:17:52.987+0200: 3,370: [CMS-concurrent-preclean-start]
2017-04-01T08:17:52.988+0200: 3,371: [CMS-concurrent-preclean: 0,001/0,001 secs] [Times: user=0,00 sys=0,00, real=0,00 secs] 
2017-04-01T08:17:52.988+0200: 3,371: [CMS-concurrent-abortable-preclean-start]
2017-04-01T08:17:53.099+0200: 3,482: Total time for which application threads were stopped: 0,0001504 seconds, Stopping threads took: 0,0000474 seconds
2017-04-01T08:17:53.099+0200: 3,482: [CMS-concurrent-abortable-preclean: 0,107/0,111 secs] [Times: user=0,36 sys=0,00, real=0,11 secs] 
2017-04-01T08:17:53.099+0200: 3,482: [GC (CMS Final Remark) [YG occupancy: 60728 K (109248 K)]{Heap before GC invocations=3 (full 1):
 par new generation   total 109248K, used 60728K [0x00000000e0000000, 0x00000000e8000000, 0x00000000e8000000)
  eden space 87424K,  56% used [0x00000000e0000000, 0x00000000e302dad8, 0x00000000e5560000)
  from space 21824K,  52% used [0x00000000e6ab0000, 0x00000000e75d0800, 0x00000000e8000000)
  to   space 21824K,   0% used [0x00000000e5560000, 0x00000000e5560000, 0x00000000e6ab0000)
 concurrent mark-sweep generation total 393216K, used 0K [0x00000000e8000000, 0x0000000100000000, 0x0000000100000000)
 Metaspace       used 21168K, capacity 21494K, committed 21884K, reserved 1069056K
  class space    used 2436K, capacity 2589K, committed 2684K, reserved 1048576K
2017-04-01T08:17:53.100+0200: 3,482: [GC (CMS Final Remark) 2017-04-01T08:17:53.100+0200: 3,482: [ParNew
Desired survivor size 20112992 bytes, new threshold 8 (max 8)
- age   1:    1587736 bytes,    1587736 total
- age   2:    1447800 bytes,    3035536 total
- age   3:     816280 bytes,    3851816 total
- age   4:    6687696 bytes,   10539512 total
: 60728K->14925K(109248K), 0,0151541 secs] 60728K->14925K(502464K), 0,0152079 secs] [Times: user=0,05 sys=0,00, real=0,02 secs] 
Heap after GC invocations=4 (full 1):
 par new generation   total 109248K, used 14925K [0x00000000e0000000, 0x00000000e8000000, 0x00000000e8000000)
  eden space 87424K,   0% used [0x00000000e0000000, 0x00000000e0000000, 0x00000000e5560000)
  from space 21824K,  68% used [0x00000000e5560000, 0x00000000e63f3770, 0x00000000e6ab0000)
  to   space 21824K,   0% used [0x00000000e6ab0000, 0x00000000e6ab0000, 0x00000000e8000000)
 concurrent mark-sweep generation total 393216K, used 0K [0x00000000e8000000, 0x0000000100000000, 0x0000000100000000)
 Metaspace       used 21168K, capacity 21494K, committed 21884K, reserved 1069056K
  class space    used 2436K, capacity 2589K, committed 2684K, reserved 1048576K
}
2017-04-01T08:17:53.115+0200: 3,497: [Rescan (parallel) , 0,0106136 secs]2017-04-01T08:17:53.125+0200: 3,508: [weak refs processing, 0,0015637 secs]2017-04-01T08:17:53.127+0200: 3,509: [class unloading, 0,0031317 secs]2017-04-01T08:17:53.130+0200: 3,512: [scrub symbol table, 0,0033806 secs]2017-04-01T08:17:53.134+0200: 3,516: [scrub string table, 0,0003745 secs][1 CMS-remark: 0K(393216K)] 14925K(502464K), 0,0349749 secs] [Times: user=0,08 sys=0,01, real=0,03 secs] 
2017-04-01T08:17:53.134+0200: 3,517: Total time for which application threads were stopped: 0,0351417 seconds, Stopping threads took: 0,0000838 seconds
2017-04-01T08:17:53.135+0200: 3,517: [CMS-concurrent-sweep-start]
2017-04-01T08:17:53.135+0200: 3,517: [CMS-concurrent-sweep: 0,000/0,000 secs] [Times: user=0,00 sys=0,00, real=0,01 secs] 
2017-04-01T08:17:53.135+0200: 3,517: [CMS-concurrent-reset-start]
2017-04-01T08:17:53.137+0200: 3,519: [CMS-concurrent-reset: 0,002/0,002 secs] [Times: user=0,01 sys=0,00, real=0,00 secs] 
{Heap before GC invocations=4 (full 1):
 par new generation   total 109248K, used 102349K [0x00000000e0000000, 0x00000000e8000000, 0x00000000e8000000)
  eden space 87424K, 100% used [0x00000000e0000000, 0x00000000e5560000, 0x00000000e5560000)
  from space 21824K,  68% used [0x00000000e5560000, 0x00000000e63f3770, 0x00000000e6ab0000)
  to   space 21824K,   0% used [0x00000000e6ab0000, 0x00000000e6ab0000, 0x00000000e8000000)
 concurrent mark-sweep generation total 393216K, used 0K [0x00000000e8000000, 0x0000000100000000, 0x0000000100000000)
 Metaspace       used 21264K, capacity 21644K, committed 21884K, reserved 1069056K
  class space    used 2450K, capacity 2631K, committed 2684K, reserved 1048576K
2017-04-01T08:17:53.257+0200: 3,639: [GC (Allocation Failure) 2017-04-01T08:17:53.257+0200: 3,639: [ParNew
Desired survivor size 20112992 bytes, new threshold 8 (max 8)
- age   1:     967768 bytes,     967768 total
- age   2:      78896 bytes,    1046664 total
- age   3:    1447544 bytes,    2494208 total
- age   4:     814168 bytes,    3308376 total
- age   5:    6687472 bytes,    9995848 total
: 102349K->11983K(109248K), 0,0188772 secs] 102349K->11983K(502464K), 0,0189524 secs] [Times: user=0,04 sys=0,00, real=0,02 secs] 
Heap after GC invocations=5 (full 1):
 par new generation   total 109248K, used 11983K [0x00000000e0000000, 0x00000000e8000000, 0x00000000e8000000)
  eden space 87424K,   0% used [0x00000000e0000000, 0x00000000e0000000, 0x00000000e5560000)
  from space 21824K,  54% used [0x00000000e6ab0000, 0x00000000e7663e80, 0x00000000e8000000)
  to   space 21824K,   0% used [0x00000000e5560000, 0x00000000e5560000, 0x00000000e6ab0000)
 concurrent mark-sweep generation total 393216K, used 0K [0x00000000e8000000, 0x0000000100000000, 0x0000000100000000)
 Metaspace       used 21264K, capacity 21644K, committed 21884K, reserved 1069056K
  class space    used 2450K, capacity 2631K, committed 2684K, reserved 1048576K
}
2017-04-01T08:17:53.276+0200: 3,658: Total time for which application threads were stopped: 0,0196957 seconds, Stopping threads took: 0,0005767 seconds
2017-04-01T08:17:53.393+0200: 3,775: Total time for which application threads were stopped: 0,0007710 seconds, Stopping threads took: 0,0000454 seconds
2017-04-01T08:17:53.661+0200: 4,044: Total time for which application threads were stopped: 0,0005323 seconds, Stopping threads took: 0,0000605 seconds
2017-04-01T08:17:53.674+0200: 4,056: Total time for which application threads were stopped: 0,0006918 seconds, Stopping threads took: 0,0002726 seconds
2017-04-01T08:17:53.683+0200: 4,065: Total time for which application threads were stopped: 0,0004115 seconds, Stopping threads took: 0,0000500 seconds
2017-04-01T08:17:53.695+0200: 4,078: Total time for which application threads were stopped: 0,0001293 seconds, Stopping threads took: 0,0000235 seconds
2017-04-01T08:17:53.698+0200: 4,080: Total time for which application threads were stopped: 0,0001416 seconds, Stopping threads took: 0,0000416 seconds
2017-04-01T08:17:53.699+0200: 4,081: Total time for which application threads were stopped: 0,0001346 seconds, Stopping threads took: 0,0000321 seconds
2017-04-01T08:17:53.699+0200: 4,082: Total time for which application threads were stopped: 0,0001020 seconds, Stopping threads took: 0,0000246 seconds
2017-04-01T08:17:53.699+0200: 4,082: Total time for which application threads were stopped: 0,0000830 seconds, Stopping threads took: 0,0000202 seconds
2017-04-01T08:17:53.700+0200: 4,082: Total time for which application threads were stopped: 0,0000755 seconds, Stopping threads took: 0,0000195 seconds
2017-04-01T08:17:53.700+0200: 4,082: Total time for which application threads were stopped: 0,0000766 seconds, Stopping threads took: 0,0000231 seconds
2017-04-01T08:17:53.702+0200: 4,084: Total time for which application threads were stopped: 0,0016841 seconds, Stopping threads took: 0,0016118 seconds
2017-04-01T08:17:53.707+0200: 4,089: Total time for which application threads were stopped: 0,0001280 seconds, Stopping threads took: 0,0000540 seconds
2017-04-01T08:17:53.707+0200: 4,090: Total time for which application threads were stopped: 0,0005313 seconds, Stopping threads took: 0,0004666 seconds
2017-04-01T08:17:53.707+0200: 4,090: Total time for which application threads were stopped: 0,0000676 seconds, Stopping threads took: 0,0000119 seconds
2017-04-01T08:17:53.708+0200: 4,090: Total time for which application threads were stopped: 0,0000660 seconds, Stopping threads took: 0,0000108 seconds
2017-04-01T08:17:53.708+0200: 4,091: Total time for which application threads were stopped: 0,0000860 seconds, Stopping threads took: 0,0000164 seconds
2017-04-01T08:17:53.708+0200: 4,091: Total time for which application threads were stopped: 0,0000706 seconds, Stopping threads took: 0,0000240 seconds
2017-04-01T08:17:53.708+0200: 4,091: Total time for which application threads were stopped: 0,0000620 seconds, Stopping threads took: 0,0000184 seconds
2017-04-01T08:17:53.709+0200: 4,091: Total time for which application threads were stopped: 0,0000964 seconds, Stopping threads took: 0,0000435 seconds
2017-04-01T08:17:53.714+0200: 4,097: Total time for which application threads were stopped: 0,0001271 seconds, Stopping threads took: 0,0000516 seconds
2017-04-01T08:17:53.714+0200: 4,097: Total time for which application threads were stopped: 0,0000873 seconds, Stopping threads took: 0,0000197 seconds
2017-04-01T08:17:53.715+0200: 4,097: Total time for which application threads were stopped: 0,0001251 seconds, Stopping threads took: 0,0000607 seconds
2017-04-01T08:17:53.716+0200: 4,098: Total time for which application threads were stopped: 0,0013078 seconds, Stopping threads took: 0,0012693 seconds
2017-04-01T08:17:53.716+0200: 4,099: Total time for which application threads were stopped: 0,0000873 seconds, Stopping threads took: 0,0000471 seconds
2017-04-01T08:17:53.717+0200: 4,099: Total time for which application threads were stopped: 0,0002879 seconds, Stopping threads took: 0,0002321 seconds
2017-04-01T08:17:53.717+0200: 4,100: Total time for which application threads were stopped: 0,0001786 seconds, Stopping threads took: 0,0001163 seconds
2017-04-01T08:17:53.717+0200: 4,100: Total time for which application threads were stopped: 0,0000493 seconds, Stopping threads took: 0,0000094 seconds
2017-04-01T08:17:53.717+0200: 4,100: Total time for which application threads were stopped: 0,0001125 seconds, Stopping threads took: 0,0000076 seconds
2017-04-01T08:17:53.718+0200: 4,100: Total time for which application threads were stopped: 0,0000634 seconds, Stopping threads took: 0,0000154 seconds
2017-04-01T08:17:53.718+0200: 4,100: Total time for which application threads were stopped: 0,0000652 seconds, Stopping threads took: 0,0000139 seconds
2017-04-01T08:17:53.718+0200: 4,100: Total time for which application threads were stopped: 0,0000497 seconds, Stopping threads took: 0,0000101 seconds
2017-04-01T08:17:53.720+0200: 4,102: Total time for which application threads were stopped: 0,0008769 seconds, Stopping threads took: 0,0008202 seconds
2017-04-01T08:17:53.720+0200: 4,103: Total time for which application threads were stopped: 0,0000929 seconds, Stopping threads took: 0,0000281 seconds
2017-04-01T08:17:53.720+0200: 4,103: Total time for which application threads were stopped: 0,0000604 seconds, Stopping threads took: 0,0000209 seconds
2017-04-01T08:17:53.721+0200: 4,103: Total time for which application threads were stopped: 0,0000799 seconds, Stopping threads took: 0,0000331 seconds
2017-04-01T08:17:53.721+0200: 4,104: Total time for which application threads were stopped: 0,0006847 seconds, Stopping threads took: 0,0006500 seconds
2017-04-01T08:17:53.722+0200: 4,104: Total time for which application threads were stopped: 0,0001095 seconds, Stopping threads took: 0,0000783 seconds
2017-04-01T08:17:53.722+0200: 4,104: Total time for which application threads were stopped: 0,0002566 seconds, Stopping threads took: 0,0002100 seconds
2017-04-01T08:17:53.722+0200: 4,104: Total time for which application threads were stopped: 0,0000623 seconds, Stopping threads took: 0,0000230 seconds
2017-04-01T08:17:53.723+0200: 4,105: Total time for which application threads were stopped: 0,0003310 seconds, Stopping threads took: 0,0002851 seconds
2017-04-01T08:17:53.724+0200: 4,106: Total time for which application threads were stopped: 0,0001025 seconds, Stopping threads took: 0,0000445 seconds
2017-04-01T08:17:53.724+0200: 4,107: Total time for which application threads were stopped: 0,0008894 seconds, Stopping threads took: 0,0008491 seconds
2017-04-01T08:17:53.725+0200: 4,107: Total time for which application threads were stopped: 0,0000540 seconds, Stopping threads took: 0,0000233 seconds
2017-04-01T08:17:53.729+0200: 4,111: Total time for which application threads were stopped: 0,0001225 seconds, Stopping threads took: 0,0000418 seconds
2017-04-01T08:17:53.730+0200: 4,112: Total time for which application threads were stopped: 0,0005125 seconds, Stopping threads took: 0,0004636 seconds
2017-04-01T08:17:53.732+0200: 4,115: Total time for which application threads were stopped: 0,0001125 seconds, Stopping threads took: 0,0000382 seconds
2017-04-01T08:17:53.732+0200: 4,115: Total time for which application threads were stopped: 0,0000821 seconds, Stopping threads took: 0,0000255 seconds
2017-04-01T08:17:53.733+0200: 4,115: Total time for which application threads were stopped: 0,0000704 seconds, Stopping threads took: 0,0000195 seconds
2017-04-01T08:17:53.733+0200: 4,115: Total time for which application threads were stopped: 0,0000649 seconds, Stopping threads took: 0,0000166 seconds
2017-04-01T08:17:53.733+0200: 4,115: Total time for which application threads were stopped: 0,0000565 seconds, Stopping threads took: 0,0000137 seconds
2017-04-01T08:17:53.733+0200: 4,115: Total time for which application threads were stopped: 0,0000655 seconds, Stopping threads took: 0,0000228 seconds
2017-04-01T08:17:53.733+0200: 4,116: Total time for which application threads were stopped: 0,0000704 seconds, Stopping threads took: 0,0000222 seconds
2017-04-01T08:17:53.733+0200: 4,116: Total time for which application threads were stopped: 0,0000559 seconds, Stopping threads took: 0,0000163 seconds
2017-04-01T08:17:53.734+0200: 4,116: Total time for which application threads were stopped: 0,0001358 seconds, Stopping threads took: 0,0000135 seconds
2017-04-01T08:17:53.734+0200: 4,116: Total time for which application threads were stopped: 0,0000520 seconds, Stopping threads took: 0,0000137 seconds
2017-04-01T08:17:53.736+0200: 4,118: Total time for which application threads were stopped: 0,0001267 seconds, Stopping threads took: 0,0000429 seconds
2017-04-01T08:17:53.770+0200: 4,152: Total time for which application threads were stopped: 0,0061851 seconds, Stopping threads took: 0,0060479 seconds
2017-04-01T08:17:53.770+0200: 4,153: Total time for which application threads were stopped: 0,0001155 seconds, Stopping threads took: 0,0000499 seconds
{Heap before GC invocations=5 (full 1):
 par new generation   total 109248K, used 99407K [0x00000000e0000000, 0x00000000e8000000, 0x00000000e8000000)
  eden space 87424K, 100% used [0x00000000e0000000, 0x00000000e5560000, 0x00000000e5560000)
  from space 21824K,  54% used [0x00000000e6ab0000, 0x00000000e7663e80, 0x00000000e8000000)
  to   space 21824K,   0% used [0x00000000e5560000, 0x00000000e5560000, 0x00000000e6ab0000)
 concurrent mark-sweep generation total 393216K, used 0K [0x00000000e8000000, 0x0000000100000000, 0x0000000100000000)
 Metaspace       used 23450K, capacity 23894K, committed 24188K, reserved 1071104K
  class space    used 2718K, capacity 2910K, committed 2940K, reserved 1048576K
2017-04-01T08:17:53.797+0200: 4,179: [GC (Allocation Failure) 2017-04-01T08:17:53.797+0200: 4,179: [ParNew
Desired survivor size 20112992 bytes, new threshold 8 (max 8)
- age   1:    4638320 bytes,    4638320 total
- age   2:     150056 bytes,    4788376 total
- age   3:      77880 bytes,    4866256 total
- age   4:     269568 bytes,    5135824 total
- age   5:     791504 bytes,    5927328 total
- age   6:    6679048 bytes,   12606376 total
: 99407K->19842K(109248K), 0,0181125 secs] 99407K->19842K(502464K), 0,0181940 secs] [Times: user=0,05 sys=0,00, real=0,02 secs] 
Heap after GC invocations=6 (full 1):
 par new generation   total 109248K, used 19842K [0x00000000e0000000, 0x00000000e8000000, 0x00000000e8000000)
  eden space 87424K,   0% used [0x00000000e0000000, 0x00000000e0000000, 0x00000000e5560000)
  from space 21824K,  90% used [0x00000000e5560000, 0x00000000e68c0a70, 0x00000000e6ab0000)
  to   space 21824K,   0% used [0x00000000e6ab0000, 0x00000000e6ab0000, 0x00000000e8000000)
 concurrent mark-sweep generation total 393216K, used 0K [0x00000000e8000000, 0x0000000100000000, 0x0000000100000000)
 Metaspace       used 23450K, capacity 23894K, committed 24188K, reserved 1071104K
  class space    used 2718K, capacity 2910K, committed 2940K, reserved 1048576K
}
2017-04-01T08:17:53.815+0200: 4,197: Total time for which application threads were stopped: 0,0184057 seconds, Stopping threads took: 0,0000760 seconds
2017-04-01T08:17:53.819+0200: 4,201: Total time for which application threads were stopped: 0,0015681 seconds, Stopping threads took: 0,0014916 seconds
{Heap before GC invocations=6 (full 1):
 par new generation   total 109248K, used 107266K [0x00000000e0000000, 0x00000000e8000000, 0x00000000e8000000)
  eden space 87424K, 100% used [0x00000000e0000000, 0x00000000e5560000, 0x00000000e5560000)
  from space 21824K,  90% used [0x00000000e5560000, 0x00000000e68c0a70, 0x00000000e6ab0000)
  to   space 21824K,   0% used [0x00000000e6ab0000, 0x00000000e6ab0000, 0x00000000e8000000)
 concurrent mark-sweep generation total 393216K, used 0K [0x00000000e8000000, 0x0000000100000000, 0x0000000100000000)
 Metaspace       used 24319K, capacity 24790K, committed 25084K, reserved 1071104K
  class space    used 2850K, capacity 3038K, committed 3068K, reserved 1048576K
2017-04-01T08:17:53.995+0200: 4,377: [GC (Allocation Failure) 2017-04-01T08:17:53.995+0200: 4,377: [ParNew
Desired survivor size 20112992 bytes, new threshold 8 (max 8)
- age   1:    2489488 bytes,    2489488 total
- age   2:    1605824 bytes,    4095312 total
- age   3:      78816 bytes,    4174128 total
- age   4:      40808 bytes,    4214936 total
- age   5:     180712 bytes,    4395648 total
- age   6:     734432 bytes,    5130080 total
- age   7:    6146288 bytes,   11276368 total
: 107266K->14526K(109248K), 0,0199557 secs] 107266K->14526K(502464K), 0,0200328 secs] [Times: user=0,05 sys=0,00, real=0,02 secs] 
Heap after GC invocations=7 (full 1):
 par new generation   total 109248K, used 14526K [0x00000000e0000000, 0x00000000e8000000, 0x00000000e8000000)
  eden space 87424K,   0% used [0x00000000e0000000, 0x00000000e0000000, 0x00000000e5560000)
  from space 21824K,  66% used [0x00000000e6ab0000, 0x00000000e78dfad0, 0x00000000e8000000)
  to   space 21824K,   0% used [0x00000000e5560000, 0x00000000e5560000, 0x00000000e6ab0000)
 concurrent mark-sweep generation total 393216K, used 0K [0x00000000e8000000, 0x0000000100000000, 0x0000000100000000)
 Metaspace       used 24319K, capacity 24790K, committed 25084K, reserved 1071104K
  class space    used 2850K, capacity 3038K, committed 3068K, reserved 1048576K
}
2017-04-01T08:17:54.015+0200: 4,397: Total time for which application threads were stopped: 0,0227587 seconds, Stopping threads took: 0,0025104 seconds
2017-04-01T08:17:54.016+0200: 4,398: Total time for which application threads were stopped: 0,0001647 seconds, Stopping threads took: 0,0000752 seconds
2017-04-01T08:17:54.019+0200: 4,402: Total time for which application threads were stopped: 0,0006383 seconds, Stopping threads took: 0,0005141 seconds
{Heap before GC invocations=7 (full 1):
 par new generation   total 109248K, used 101950K [0x00000000e0000000, 0x00000000e8000000, 0x00000000e8000000)
  eden space 87424K, 100% used [0x00000000e0000000, 0x00000000e5560000, 0x00000000e5560000)
  from space 21824K,  66% used [0x00000000e6ab0000, 0x00000000e78dfad0, 0x00000000e8000000)
  to   space 21824K,   0% used [0x00000000e5560000, 0x00000000e5560000, 0x00000000e6ab0000)
 concurrent mark-sweep generation total 393216K, used 0K [0x00000000e8000000, 0x0000000100000000, 0x0000000100000000)
 Metaspace       used 24471K, capacity 24950K, committed 25084K, reserved 1071104K
  class space    used 2863K, capacity 3044K, committed 3068K, reserved 1048576K
2017-04-01T08:17:54.094+0200: 4,477: [GC (Allocation Failure) 2017-04-01T08:17:54.095+0200: 4,477: [ParNew
Desired survivor size 20112992 bytes, new threshold 8 (max 8)
- age   1:     757952 bytes,     757952 total
- age   2:    1222488 bytes,    1980440 total
- age   3:    1593304 bytes,    3573744 total
- age   4:      78680 bytes,    3652424 total
- age   5:      40672 bytes,    3693096 total
- age   6:     177872 bytes,    3870968 total
- age   7:     733632 bytes,    4604600 total
- age   8:    6145736 bytes,   10750336 total
: 101950K->13625K(109248K), 0,0347990 secs] 101950K->13625K(502464K), 0,0348798 secs] [Times: user=0,10 sys=0,01, real=0,04 secs] 
Heap after GC invocations=8 (full 1):
 par new generation   total 109248K, used 13625K [0x00000000e0000000, 0x00000000e8000000, 0x00000000e8000000)
  eden space 87424K,   0% used [0x00000000e0000000, 0x00000000e0000000, 0x00000000e5560000)
  from space 21824K,  62% used [0x00000000e5560000, 0x00000000e62ae4a0, 0x00000000e6ab0000)
  to   space 21824K,   0% used [0x00000000e6ab0000, 0x00000000e6ab0000, 0x00000000e8000000)
 concurrent mark-sweep generation total 393216K, used 0K [0x00000000e8000000, 0x0000000100000000, 0x0000000100000000)
 Metaspace       used 24471K, capacity 24950K, committed 25084K, reserved 1071104K
  class space    used 2863K, capacity 3044K, committed 3068K, reserved 1048576K
}
2017-04-01T08:17:54.129+0200: 4,512: Total time for which application threads were stopped: 0,0350838 seconds, Stopping threads took: 0,0000247 seconds
2017-04-01T08:17:54.141+0200: 4,523: Total time for which application threads were stopped: 0,0017224 seconds, Stopping threads took: 0,0016289 seconds
2017-04-01T08:17:54.211+0200: 4,593: Total time for which application threads were stopped: 0,0001754 seconds, Stopping threads took: 0,0000618 seconds
2017-04-01T08:17:54.299+0200: 4,681: Total time for which application threads were stopped: 0,0040713 seconds, Stopping threads took: 0,0039244 seconds
2017-04-01T08:17:54.315+0200: 4,697: Total time for which application threads were stopped: 0,0078720 seconds, Stopping threads took: 0,0077980 seconds
2017-04-01T08:17:54.316+0200: 4,698: Total time for which application threads were stopped: 0,0007040 seconds, Stopping threads took: 0,0006358 seconds
2017-04-01T08:17:54.323+0200: 4,705: Total time for which application threads were stopped: 0,0002534 seconds, Stopping threads took: 0,0000503 seconds
2017-04-01T08:17:54.327+0200: 4,710: Total time for which application threads were stopped: 0,0005839 seconds, Stopping threads took: 0,0004897 seconds
2017-04-01T08:17:54.331+0200: 4,713: Total time for which application threads were stopped: 0,0001303 seconds, Stopping threads took: 0,0000383 seconds
2017-04-01T08:17:54.347+0200: 4,729: Total time for which application threads were stopped: 0,0007829 seconds, Stopping threads took: 0,0007078 seconds
2017-04-01T08:17:54.347+0200: 4,729: Total time for which application threads were stopped: 0,0001457 seconds, Stopping threads took: 0,0000210 seconds
2017-04-01T08:17:54.359+0200: 4,741: Total time for which application threads were stopped: 0,0033309 seconds, Stopping threads took: 0,0032431 seconds
2017-04-01T08:17:54.360+0200: 4,742: Total time for which application threads were stopped: 0,0001201 seconds, Stopping threads took: 0,0000429 seconds
2017-04-01T08:17:54.360+0200: 4,742: Total time for which application threads were stopped: 0,0000790 seconds, Stopping threads took: 0,0000132 seconds
2017-04-01T08:17:54.361+0200: 4,743: Total time for which application threads were stopped: 0,0000769 seconds, Stopping threads took: 0,0000222 seconds
2017-04-01T08:17:54.365+0200: 4,747: Total time for which application threads were stopped: 0,0001349 seconds, Stopping threads took: 0,0000231 seconds
2017-04-01T08:17:54.383+0200: 4,765: Total time for which application threads were stopped: 0,0034980 seconds, Stopping threads took: 0,0033535 seconds
2017-04-01T08:17:54.384+0200: 4,766: Total time for which application threads were stopped: 0,0000914 seconds, Stopping threads took: 0,0000124 seconds
2017-04-01T08:17:54.384+0200: 4,767: Total time for which application threads were stopped: 0,0000805 seconds, Stopping threads took: 0,0000107 seconds
2017-04-01T08:17:54.387+0200: 4,769: Total time for which application threads were stopped: 0,0001330 seconds, Stopping threads took: 0,0000221 seconds
2017-04-01T08:17:54.391+0200: 4,773: Total time for which application threads were stopped: 0,0001520 seconds, Stopping threads took: 0,0000670 seconds
2017-04-01T08:17:54.391+0200: 4,773: Total time for which application threads were stopped: 0,0000935 seconds, Stopping threads took: 0,0000246 seconds
2017-04-01T08:17:54.398+0200: 4,780: Total time for which application threads were stopped: 0,0001420 seconds, Stopping threads took: 0,0000423 seconds
2017-04-01T08:17:54.398+0200: 4,780: Total time for which application threads were stopped: 0,0000853 seconds, Stopping threads took: 0,0000111 seconds
2017-04-01T08:17:54.398+0200: 4,781: Total time for which application threads were stopped: 0,0000619 seconds, Stopping threads took: 0,0000081 seconds
2017-04-01T08:17:54.398+0200: 4,781: Total time for which application threads were stopped: 0,0000595 seconds, Stopping threads took: 0,0000069 seconds
2017-04-01T08:17:54.401+0200: 4,784: Total time for which application threads were stopped: 0,0009118 seconds, Stopping threads took: 0,0008177 seconds
2017-04-01T08:17:54.412+0200: 4,795: Total time for which application threads were stopped: 0,0061888 seconds, Stopping threads took: 0,0060945 seconds
2017-04-01T08:17:54.431+0200: 4,814: Total time for which application threads were stopped: 0,0040581 seconds, Stopping threads took: 0,0039475 seconds
2017-04-01T08:17:54.432+0200: 4,814: Total time for which application threads were stopped: 0,0005115 seconds, Stopping threads took: 0,0004399 seconds
2017-04-01T08:17:54.432+0200: 4,814: Total time for which application threads were stopped: 0,0000787 seconds, Stopping threads took: 0,0000104 seconds
2017-04-01T08:17:54.432+0200: 4,814: Total time for which application threads were stopped: 0,0000604 seconds, Stopping threads took: 0,0000079 seconds
2017-04-01T08:17:54.432+0200: 4,815: Total time for which application threads were stopped: 0,0000557 seconds, Stopping threads took: 0,0000077 seconds
2017-04-01T08:17:54.434+0200: 4,816: Total time for which application threads were stopped: 0,0002229 seconds, Stopping threads took: 0,0000208 seconds
{Heap before GC invocations=8 (full 1):
 par new generation   total 109248K, used 101049K [0x00000000e0000000, 0x00000000e8000000, 0x00000000e8000000)
  eden space 87424K, 100% used [0x00000000e0000000, 0x00000000e5560000, 0x00000000e5560000)
  from space 21824K,  62% used [0x00000000e5560000, 0x00000000e62ae4a0, 0x00000000e6ab0000)
  to   space 21824K,   0% used [0x00000000e6ab0000, 0x00000000e6ab0000, 0x00000000e8000000)
 concurrent mark-sweep generation total 393216K, used 0K [0x00000000e8000000, 0x0000000100000000, 0x0000000100000000)
 Metaspace       used 25084K, capacity 25500K, committed 25724K, reserved 1071104K
  class space    used 2909K, capacity 3077K, committed 3196K, reserved 1048576K
2017-04-01T08:17:54.468+0200: 4,850: [GC (Allocation Failure) 2017-04-01T08:17:54.468+0200: 4,850: [ParNew
Desired survivor size 20112992 bytes, new threshold 8 (max 8)
- age   1:    1994488 bytes,    1994488 total
- age   2:     147832 bytes,    2142320 total
- age   3:     424096 bytes,    2566416 total
- age   4:    1584296 bytes,    4150712 total
- age   5:      78648 bytes,    4229360 total
- age   6:      40640 bytes,    4270000 total
- age   7:     177408 bytes,    4447408 total
- age   8:     732864 bytes,    5180272 total
: 101049K->9273K(109248K), 0,0707963 secs] 101049K->15879K(502464K), 0,0708908 secs] [Times: user=0,12 sys=0,00, real=0,07 secs] 
Heap after GC invocations=9 (full 1):
 par new generation   total 109248K, used 9273K [0x00000000e0000000, 0x00000000e8000000, 0x00000000e8000000)
  eden space 87424K,   0% used [0x00000000e0000000, 0x00000000e0000000, 0x00000000e5560000)
  from space 21824K,  42% used [0x00000000e6ab0000, 0x00000000e73be7d8, 0x00000000e8000000)
  to   space 21824K,   0% used [0x00000000e5560000, 0x00000000e5560000, 0x00000000e6ab0000)
 concurrent mark-sweep generation total 393216K, used 6605K [0x00000000e8000000, 0x0000000100000000, 0x0000000100000000)
 Metaspace       used 25084K, capacity 25500K, committed 25724K, reserved 1071104K
  class space    used 2909K, capacity 3077K, committed 3196K, reserved 1048576K
}
2017-04-01T08:17:54.539+0200: 4,921: Total time for which application threads were stopped: 0,0721621 seconds, Stopping threads took: 0,0010218 seconds
2017-04-01T08:17:54.608+0200: 4,990: Total time for which application threads were stopped: 0,0006745 seconds, Stopping threads took: 0,0006023 seconds
2017-04-01T08:17:54.608+0200: 4,990: Total time for which application threads were stopped: 0,0000816 seconds, Stopping threads took: 0,0000390 seconds
2017-04-01T08:17:54.612+0200: 4,995: Total time for which application threads were stopped: 0,0001072 seconds, Stopping threads took: 0,0000448 seconds
2017-04-01T08:17:54.615+0200: 4,997: Total time for which application threads were stopped: 0,0001155 seconds, Stopping threads took: 0,0000371 seconds
2017-04-01T08:17:54.615+0200: 4,998: Total time for which application threads were stopped: 0,0000986 seconds, Stopping threads took: 0,0000313 seconds
2017-04-01T08:17:54.638+0200: 5,021: Total time for which application threads were stopped: 0,0016749 seconds, Stopping threads took: 0,0015582 seconds
2017-04-01T08:17:54.662+0200: 5,044: Total time for which application threads were stopped: 0,0001114 seconds, Stopping threads took: 0,0000267 seconds
2017-04-01T08:17:54.726+0200: 5,108: Total time for which application threads were stopped: 0,0001271 seconds, Stopping threads took: 0,0000273 seconds
2017-04-01T08:17:54.736+0200: 5,119: Total time for which application threads were stopped: 0,0007692 seconds, Stopping threads took: 0,0003061 seconds
2017-04-01T08:17:54.757+0200: 5,139: Total time for which application threads were stopped: 0,0005009 seconds, Stopping threads took: 0,0000429 seconds
2017-04-01T08:17:54.823+0200: 5,205: Total time for which application threads were stopped: 0,0004700 seconds, Stopping threads took: 0,0000263 seconds
2017-04-01T08:17:54.827+0200: 5,209: Total time for which application threads were stopped: 0,0001485 seconds, Stopping threads took: 0,0000698 seconds
2017-04-01T08:17:54.843+0200: 5,225: Total time for which application threads were stopped: 0,0040111 seconds, Stopping threads took: 0,0039152 seconds
2017-04-01T08:17:54.843+0200: 5,225: Total time for which application threads were stopped: 0,0000822 seconds, Stopping threads took: 0,0000238 seconds
2017-04-01T08:17:54.869+0200: 5,251: Total time for which application threads were stopped: 0,0040269 seconds, Stopping threads took: 0,0039247 seconds
2017-04-01T08:17:54.876+0200: 5,259: Total time for which application threads were stopped: 0,0001305 seconds, Stopping threads took: 0,0000453 seconds
2017-04-01T08:17:54.891+0200: 5,273: Total time for which application threads were stopped: 0,0040226 seconds, Stopping threads took: 0,0039452 seconds
2017-04-01T08:17:54.927+0200: 5,309: Total time for which application threads were stopped: 0,0025356 seconds, Stopping threads took: 0,0024459 seconds
2017-04-01T08:17:54.956+0200: 5,338: Total time for which application threads were stopped: 0,0002000 seconds, Stopping threads took: 0,0001231 seconds
2017-04-01T08:17:54.957+0200: 5,339: Total time for which application threads were stopped: 0,0000763 seconds, Stopping threads took: 0,0000142 seconds
2017-04-01T08:17:54.972+0200: 5,354: Total time for which application threads were stopped: 0,0004254 seconds, Stopping threads took: 0,0000523 seconds
2017-04-01T08:17:54.972+0200: 5,354: Total time for which application threads were stopped: 0,0001344 seconds, Stopping threads took: 0,0000419 seconds
2017-04-01T08:17:55.972+0200: 6,354: Total time for which application threads were stopped: 0,0000862 seconds, Stopping threads took: 0,0000229 seconds
2017-04-01T08:19:11.984+0200: 82,366: Total time for which application threads were stopped: 0,0001281 seconds, Stopping threads took: 0,0000347 seconds
2017-04-01T08:19:46.990+0200: 117,373: Total time for which application threads were stopped: 0,0001794 seconds, Stopping threads took: 0,0000729 seconds
2017-04-01T08:19:51.991+0200: 122,374: Total time for which application threads were stopped: 0,0000844 seconds, Stopping threads took: 0,0000228 seconds
2017-04-01T08:22:27.019+0200: 277,401: Total time for which application threads were stopped: 0,0001626 seconds, Stopping threads took: 0,0000609 seconds
2017-04-01T08:41:15.652+0200: 1406,524: Total time for which application threads were stopped: 0,0000759 seconds, Stopping threads took: 0,0000303 seconds
2017-04-01T08:45:45.680+0200: 1676,553: Total time for which application threads were stopped: 0,0001065 seconds, Stopping threads took: 0,0000453 seconds
2017-04-01T08:56:10.747+0200: 2301,619: Total time for which application threads were stopped: 0,0000762 seconds, Stopping threads took: 0,0000309 seconds
2017-04-01T08:56:11.747+0200: 2302,620: Total time for which application threads were stopped: 0,0000587 seconds, Stopping threads took: 0,0000139 seconds
2017-04-01T09:08:21.825+0200: 3032,698: Total time for which application threads were stopped: 0,0000740 seconds, Stopping threads took: 0,0000281 seconds
2017-04-01T09:11:06.850+0200: 3197,723: Total time for which application threads were stopped: 0,0001728 seconds, Stopping threads took: 0,0000613 seconds
2017-04-01T09:11:51.857+0200: 3242,730: Total time for which application threads were stopped: 0,0000824 seconds, Stopping threads took: 0,0000318 seconds
2017-04-01T09:21:45.947+0200: 3836,820: Total time for which application threads were stopped: 0,0002010 seconds, Stopping threads took: 0,0000679 seconds
2017-04-01T09:35:57.070+0200: 4687,942: Total time for which application threads were stopped: 0,0000943 seconds, Stopping threads took: 0,0000324 seconds
2017-04-01T09:57:22.210+0200: 5973,082: Total time for which application threads were stopped: 0,0000808 seconds, Stopping threads took: 0,0000309 seconds
2017-04-01T10:02:12.239+0200: 6263,111: Total time for which application threads were stopped: 0,0000829 seconds, Stopping threads took: 0,0000314 seconds
2017-04-01T10:19:51.351+0200: 7322,224: Total time for which application threads were stopped: 0,0003836 seconds, Stopping threads took: 0,0000915 seconds
2017-04-01T10:25:51.385+0200: 7682,257: Total time for which application threads were stopped: 0,0000793 seconds, Stopping threads took: 0,0000320 seconds
2017-04-01T10:26:21.388+0200: 7712,260: Total time for which application threads were stopped: 0,0000842 seconds, Stopping threads took: 0,0000332 seconds
2017-04-01T11:11:58.020+0200: 10448,893: Total time for which application threads were stopped: 0,0000911 seconds, Stopping threads took: 0,0000162 seconds
2017-04-01T11:11:58.023+0200: 10448,895: Total time for which application threads were stopped: 0,0000930 seconds, Stopping threads took: 0,0000294 seconds
2017-04-01T11:11:58.031+0200: 10448,903: Total time for which application threads were stopped: 0,0076184 seconds, Stopping threads took: 0,0000289 seconds
2017-04-01T11:11:58.031+0200: 10448,904: Total time for which application threads were stopped: 0,0000603 seconds, Stopping threads took: 0,0000143 seconds
2017-04-01T11:11:58.031+0200: 10448,904: Total time for which application threads were stopped: 0,0000271 seconds, Stopping threads took: 0,0000064 seconds
2017-04-01T11:11:58.032+0200: 10448,904: Total time for which application threads were stopped: 0,0000339 seconds, Stopping threads took: 0,0000078 seconds
2017-04-01T11:11:58.032+0200: 10448,904: Total time for which application threads were stopped: 0,0000268 seconds, Stopping threads took: 0,0000061 seconds
2017-04-01T11:11:58.032+0200: 10448,904: Total time for which application threads were stopped: 0,0000236 seconds, Stopping threads took: 0,0000055 seconds
2017-04-01T11:11:58.032+0200: 10448,904: Total time for which application threads were stopped: 0,0000297 seconds, Stopping threads took: 0,0000079 seconds
2017-04-01T11:11:58.032+0200: 10448,904: Total time for which application threads were stopped: 0,0000344 seconds, Stopping threads took: 0,0000129 seconds
2017-04-01T11:11:58.032+0200: 10448,904: Total time for which application threads were stopped: 0,0000384 seconds, Stopping threads took: 0,0000186 seconds
2017-04-01T11:11:58.032+0200: 10448,904: Total time for which application threads were stopped: 0,0000366 seconds, Stopping threads took: 0,0000149 seconds
2017-04-01T11:11:58.032+0200: 10448,905: Total time for which application threads were stopped: 0,0000408 seconds, Stopping threads took: 0,0000195 seconds
2017-04-01T11:11:58.032+0200: 10448,905: Total time for which application threads were stopped: 0,0000434 seconds, Stopping threads took: 0,0000167 seconds
2017-04-01T11:11:58.038+0200: 10448,910: Total time for which application threads were stopped: 0,0058274 seconds, Stopping threads took: 0,0057486 seconds
2017-04-01T11:11:58.038+0200: 10448,911: Total time for which application threads were stopped: 0,0000558 seconds, Stopping threads took: 0,0000099 seconds
2017-04-01T11:11:58.039+0200: 10448,911: Total time for which application threads were stopped: 0,0000766 seconds, Stopping threads took: 0,0000144 seconds
2017-04-01T11:11:58.039+0200: 10448,911: Total time for which application threads were stopped: 0,0000561 seconds, Stopping threads took: 0,0000081 seconds
2017-04-01T11:11:58.040+0200: 10448,912: Total time for which application threads were stopped: 0,0000905 seconds, Stopping threads took: 0,0000171 seconds
2017-04-01T11:11:58.040+0200: 10448,912: Total time for which application threads were stopped: 0,0000633 seconds, Stopping threads took: 0,0000090 seconds
2017-04-01T11:11:58.040+0200: 10448,913: Total time for which application threads were stopped: 0,0000768 seconds, Stopping threads took: 0,0000141 seconds
2017-04-01T11:11:58.041+0200: 10448,913: Total time for which application threads were stopped: 0,0000749 seconds, Stopping threads took: 0,0000135 seconds
2017-04-01T11:11:58.042+0200: 10448,915: Total time for which application threads were stopped: 0,0001250 seconds, Stopping threads took: 0,0000185 seconds
2017-04-01T11:11:58.059+0200: 10448,932: Total time for which application threads were stopped: 0,0014423 seconds, Stopping threads took: 0,0013431 seconds
2017-04-01T11:11:58.070+0200: 10448,943: Total time for which application threads were stopped: 0,0001037 seconds, Stopping threads took: 0,0000374 seconds
2017-04-01T11:11:58.070+0200: 10448,943: Total time for which application threads were stopped: 0,0000562 seconds, Stopping threads took: 0,0000186 seconds
2017-04-01T11:11:58.071+0200: 10448,943: Total time for which application threads were stopped: 0,0000602 seconds, Stopping threads took: 0,0000258 seconds
2017-04-01T11:11:58.071+0200: 10448,943: Total time for which application threads were stopped: 0,0000509 seconds, Stopping threads took: 0,0000190 seconds
2017-04-01T11:11:58.071+0200: 10448,943: Total time for which application threads were stopped: 0,0000485 seconds, Stopping threads took: 0,0000171 seconds
2017-04-01T11:11:58.071+0200: 10448,943: Total time for which application threads were stopped: 0,0000488 seconds, Stopping threads took: 0,0000167 seconds
2017-04-01T11:11:58.071+0200: 10448,943: Total time for which application threads were stopped: 0,0000528 seconds, Stopping threads took: 0,0000207 seconds
2017-04-01T11:11:58.071+0200: 10448,943: Total time for which application threads were stopped: 0,0000505 seconds, Stopping threads took: 0,0000177 seconds
2017-04-01T11:11:58.071+0200: 10448,943: Total time for which application threads were stopped: 0,0000635 seconds, Stopping threads took: 0,0000168 seconds
2017-04-01T11:11:58.071+0200: 10448,944: Total time for which application threads were stopped: 0,0000460 seconds, Stopping threads took: 0,0000086 seconds
2017-04-01T11:11:58.071+0200: 10448,944: Total time for which application threads were stopped: 0,0000562 seconds, Stopping threads took: 0,0000200 seconds
2017-04-01T11:11:58.071+0200: 10448,944: Total time for which application threads were stopped: 0,0000528 seconds, Stopping threads took: 0,0000225 seconds
2017-04-01T11:11:58.071+0200: 10448,944: Total time for which application threads were stopped: 0,0000473 seconds, Stopping threads took: 0,0000168 seconds
2017-04-01T11:11:58.075+0200: 10448,947: Total time for which application threads were stopped: 0,0002141 seconds, Stopping threads took: 0,0001413 seconds
2017-04-01T11:11:58.075+0200: 10448,947: Total time for which application threads were stopped: 0,0000559 seconds, Stopping threads took: 0,0000156 seconds
2017-04-01T11:11:58.075+0200: 10448,948: Total time for which application threads were stopped: 0,0000695 seconds, Stopping threads took: 0,0000175 seconds
2017-04-01T11:11:58.078+0200: 10448,950: Total time for which application threads were stopped: 0,0001093 seconds, Stopping threads took: 0,0000451 seconds
2017-04-01T11:11:58.079+0200: 10448,951: Total time for which application threads were stopped: 0,0009378 seconds, Stopping threads took: 0,0008609 seconds
2017-04-01T11:11:58.080+0200: 10448,953: Total time for which application threads were stopped: 0,0008659 seconds, Stopping threads took: 0,0007790 seconds
2017-04-01T11:11:58.081+0200: 10448,953: Total time for which application threads were stopped: 0,0001044 seconds, Stopping threads took: 0,0000391 seconds
2017-04-01T11:11:58.085+0200: 10448,957: Total time for which application threads were stopped: 0,0030432 seconds, Stopping threads took: 0,0029640 seconds
2017-04-01T11:11:58.085+0200: 10448,957: Total time for which application threads were stopped: 0,0000706 seconds, Stopping threads took: 0,0000323 seconds
2017-04-01T11:11:58.085+0200: 10448,957: Total time for which application threads were stopped: 0,0000548 seconds, Stopping threads took: 0,0000237 seconds
2017-04-01T11:11:58.085+0200: 10448,957: Total time for which application threads were stopped: 0,0000636 seconds, Stopping threads took: 0,0000234 seconds
2017-04-01T11:11:58.085+0200: 10448,957: Total time for which application threads were stopped: 0,0000486 seconds, Stopping threads took: 0,0000170 seconds
2017-04-01T11:11:58.085+0200: 10448,958: Total time for which application threads were stopped: 0,0000593 seconds, Stopping threads took: 0,0000271 seconds
2017-04-01T11:11:58.085+0200: 10448,958: Total time for which application threads were stopped: 0,0000507 seconds, Stopping threads took: 0,0000192 seconds
2017-04-01T11:11:58.085+0200: 10448,958: Total time for which application threads were stopped: 0,0000558 seconds, Stopping threads took: 0,0000192 seconds
2017-04-01T11:11:58.085+0200: 10448,958: Total time for which application threads were stopped: 0,0000521 seconds, Stopping threads took: 0,0000196 seconds
2017-04-01T11:11:58.086+0200: 10448,958: Total time for which application threads were stopped: 0,0000512 seconds, Stopping threads took: 0,0000183 seconds
2017-04-01T11:11:58.087+0200: 10448,960: Total time for which application threads were stopped: 0,0015969 seconds, Stopping threads took: 0,0015356 seconds
2017-04-01T11:11:58.087+0200: 10448,960: Total time for which application threads were stopped: 0,0000732 seconds, Stopping threads took: 0,0000286 seconds
2017-04-01T11:11:58.088+0200: 10448,960: Total time for which application threads were stopped: 0,0000544 seconds, Stopping threads took: 0,0000192 seconds
2017-04-01T11:11:58.088+0200: 10448,960: Total time for which application threads were stopped: 0,0001584 seconds, Stopping threads took: 0,0000137 seconds
2017-04-01T11:11:58.090+0200: 10448,962: Total time for which application threads were stopped: 0,0001367 seconds, Stopping threads took: 0,0000445 seconds
2017-04-01T11:11:58.096+0200: 10448,968: Total time for which application threads were stopped: 0,0001374 seconds, Stopping threads took: 0,0000258 seconds
2017-04-01T11:11:58.099+0200: 10448,972: Total time for which application threads were stopped: 0,0001168 seconds, Stopping threads took: 0,0000208 seconds
Heap
 par new generation   total 109248K, used 70179K [0x00000000e0000000, 0x00000000e8000000, 0x00000000e8000000)
  eden space 87424K,  69% used [0x00000000e0000000, 0x00000000e3b7a520, 0x00000000e5560000)
  from space 21824K,  42% used [0x00000000e6ab0000, 0x00000000e73be7d8, 0x00000000e8000000)
  to   space 21824K,   0% used [0x00000000e5560000, 0x00000000e5560000, 0x00000000e6ab0000)
 concurrent mark-sweep generation total 393216K, used 6605K [0x00000000e8000000, 0x0000000100000000, 0x0000000100000000)
 Metaspace       used 28153K, capacity 28706K, committed 29052K, reserved 1075200K
  class space    used 3224K, capacity 3416K, committed 3452K, reserved 1048576K
