OpenJDK 64-Bit Server VM (25.111-b14) for linux-amd64 JRE (1.8.0_111-8u111-b14-2ubuntu0.16.04.2-b14), built on Oct 27 2016 18:10:19 by "buildd" with gcc 5.4.0 20160609
Memory: 4k page, physical 7867800k(7505544k free), swap 8076284k(8076284k free)
CommandLine flags: -XX:CMSInitiatingOccupancyFraction=50 -XX:CMSMaxAbortablePrecleanTime=6000 -XX:+CMSParallelRemarkEnabled -XX:+CMSScavengeBeforeRemark -XX:ConcGCThreads=4 -XX:InitialHeapSize=536870912 -XX:MaxHeapSize=536870912 -XX:MaxTenuringThreshold=8 -XX:NewRatio=3 -XX:OldPLABSize=16 -XX:OnOutOfMemoryError=/opt/solr/bin/oom_solr.sh 8983 /var/solr/logs -XX:ParallelGCThreads=4 -XX:+ParallelRefProcEnabled -XX:PretenureSizeThreshold=67108864 -XX:+PrintGC -XX:+PrintGCApplicationStoppedTime -XX:+PrintGCDateStamps -XX:+PrintGCDetails -XX:+PrintGCTimeStamps -XX:+PrintHeapAtGC -XX:+PrintTenuringDistribution -XX:SurvivorRatio=4 -XX:TargetSurvivorRatio=90 -XX:ThreadStackSize=256 -XX:+UseCMSInitiatingOccupancyOnly -XX:+UseCompressedClassPointers -XX:+UseCompressedOops -XX:+UseConcMarkSweepGC -XX:+UseParNewGC 
2017-01-19T07:15:54.567+0100: 0,123: Total time for which application threads were stopped: 0,0000686 seconds, Stopping threads took: 0,0000135 seconds
2017-01-19T07:15:54.648+0100: 0,205: Total time for which application threads were stopped: 0,0001504 seconds, Stopping threads took: 0,0000300 seconds
2017-01-19T07:15:54.671+0100: 0,227: Total time for which application threads were stopped: 0,0000947 seconds, Stopping threads took: 0,0000145 seconds
2017-01-19T07:15:54.879+0100: 0,436: Total time for which application threads were stopped: 0,0001135 seconds, Stopping threads took: 0,0000097 seconds
2017-01-19T07:15:55.269+0100: 0,826: Total time for which application threads were stopped: 0,0001333 seconds, Stopping threads took: 0,0000151 seconds
2017-01-19T07:15:55.418+0100: 0,975: Total time for which application threads were stopped: 0,0001496 seconds, Stopping threads took: 0,0000191 seconds
2017-01-19T07:15:55.454+0100: 1,011: Total time for which application threads were stopped: 0,0002147 seconds, Stopping threads took: 0,0000333 seconds
2017-01-19T07:15:55.738+0100: 1,294: Total time for which application threads were stopped: 0,0001812 seconds, Stopping threads took: 0,0000169 seconds
2017-01-19T07:15:55.954+0100: 1,511: Total time for which application threads were stopped: 0,0002075 seconds, Stopping threads took: 0,0000266 seconds
2017-01-19T07:15:55.983+0100: 1,540: Total time for which application threads were stopped: 0,0001891 seconds, Stopping threads took: 0,0000242 seconds
2017-01-19T07:15:55.984+0100: 1,541: Total time for which application threads were stopped: 0,0001169 seconds, Stopping threads took: 0,0000186 seconds
2017-01-19T07:15:55.999+0100: 1,555: Total time for which application threads were stopped: 0,0001799 seconds, Stopping threads took: 0,0000219 seconds
2017-01-19T07:15:56.104+0100: 1,661: Total time for which application threads were stopped: 0,0002543 seconds, Stopping threads took: 0,0000273 seconds
2017-01-19T07:15:56.292+0100: 1,848: Total time for which application threads were stopped: 0,0002793 seconds, Stopping threads took: 0,0000486 seconds
{Heap before GC invocations=0 (full 0):
 par new generation   total 109248K, used 87424K [0x00000000e0000000, 0x00000000e8000000, 0x00000000e8000000)
  eden space 87424K, 100% used [0x00000000e0000000, 0x00000000e5560000, 0x00000000e5560000)
  from space 21824K,   0% used [0x00000000e5560000, 0x00000000e5560000, 0x00000000e6ab0000)
  to   space 21824K,   0% used [0x00000000e6ab0000, 0x00000000e6ab0000, 0x00000000e8000000)
 concurrent mark-sweep generation total 393216K, used 0K [0x00000000e8000000, 0x0000000100000000, 0x0000000100000000)
 Metaspace       used 18090K, capacity 18366K, committed 18560K, reserved 1064960K
  class space    used 2054K, capacity 2162K, committed 2176K, reserved 1048576K
2017-01-19T07:15:56.403+0100: 1,960: [GC (Allocation Failure) 2017-01-19T07:15:56.403+0100: 1,960: [ParNew
Desired survivor size 20112992 bytes, new threshold 8 (max 8)
- age   1:   12322704 bytes,   12322704 total
: 87424K->12142K(109248K), 0,0162628 secs] 87424K->12142K(502464K), 0,0163536 secs] [Times: user=0,03 sys=0,02, real=0,02 secs] 
Heap after GC invocations=1 (full 0):
 par new generation   total 109248K, used 12142K [0x00000000e0000000, 0x00000000e8000000, 0x00000000e8000000)
  eden space 87424K,   0% used [0x00000000e0000000, 0x00000000e0000000, 0x00000000e5560000)
  from space 21824K,  55% used [0x00000000e6ab0000, 0x00000000e768bbd0, 0x00000000e8000000)
  to   space 21824K,   0% used [0x00000000e5560000, 0x00000000e5560000, 0x00000000e6ab0000)
 concurrent mark-sweep generation total 393216K, used 0K [0x00000000e8000000, 0x0000000100000000, 0x0000000100000000)
 Metaspace       used 18090K, capacity 18366K, committed 18560K, reserved 1064960K
  class space    used 2054K, capacity 2162K, committed 2176K, reserved 1048576K
}
2017-01-19T07:15:56.420+0100: 1,976: Total time for which application threads were stopped: 0,0165369 seconds, Stopping threads took: 0,0000169 seconds
2017-01-19T07:15:56.598+0100: 2,154: Total time for which application threads were stopped: 0,0002842 seconds, Stopping threads took: 0,0000614 seconds
2017-01-19T07:15:56.627+0100: 2,184: Total time for which application threads were stopped: 0,0003679 seconds, Stopping threads took: 0,0000468 seconds
2017-01-19T07:15:56.652+0100: 2,208: Total time for which application threads were stopped: 0,0002976 seconds, Stopping threads took: 0,0000273 seconds
{Heap before GC invocations=1 (full 0):
 par new generation   total 109248K, used 99566K [0x00000000e0000000, 0x00000000e8000000, 0x00000000e8000000)
  eden space 87424K, 100% used [0x00000000e0000000, 0x00000000e5560000, 0x00000000e5560000)
  from space 21824K,  55% used [0x00000000e6ab0000, 0x00000000e768bbd0, 0x00000000e8000000)
  to   space 21824K,   0% used [0x00000000e5560000, 0x00000000e5560000, 0x00000000e6ab0000)
 concurrent mark-sweep generation total 393216K, used 0K [0x00000000e8000000, 0x0000000100000000, 0x0000000100000000)
 Metaspace       used 20707K, capacity 21020K, committed 21248K, reserved 1069056K
  class space    used 2404K, capacity 2518K, committed 2560K, reserved 1048576K
2017-01-19T07:15:56.826+0100: 2,383: [GC (Allocation Failure) 2017-01-19T07:15:56.826+0100: 2,383: [ParNew
Desired survivor size 20112992 bytes, new threshold 8 (max 8)
- age   1:    2917144 bytes,    2917144 total
- age   2:    6101672 bytes,    9018816 total
: 99566K->13067K(109248K), 0,0166887 secs] 99566K->13067K(502464K), 0,0167587 secs] [Times: user=0,06 sys=0,00, real=0,02 secs] 
Heap after GC invocations=2 (full 0):
 par new generation   total 109248K, used 13067K [0x00000000e0000000, 0x00000000e8000000, 0x00000000e8000000)
  eden space 87424K,   0% used [0x00000000e0000000, 0x00000000e0000000, 0x00000000e5560000)
  from space 21824K,  59% used [0x00000000e5560000, 0x00000000e6222cc8, 0x00000000e6ab0000)
  to   space 21824K,   0% used [0x00000000e6ab0000, 0x00000000e6ab0000, 0x00000000e8000000)
 concurrent mark-sweep generation total 393216K, used 0K [0x00000000e8000000, 0x0000000100000000, 0x0000000100000000)
 Metaspace       used 20707K, capacity 21020K, committed 21248K, reserved 1069056K
  class space    used 2404K, capacity 2518K, committed 2560K, reserved 1048576K
}
2017-01-19T07:15:56.843+0100: 2,400: Total time for which application threads were stopped: 0,0169469 seconds, Stopping threads took: 0,0000217 seconds
2017-01-19T07:15:56.895+0100: 2,452: Total time for which application threads were stopped: 0,0000925 seconds, Stopping threads took: 0,0000227 seconds
2017-01-19T07:15:56.929+0100: 2,485: Total time for which application threads were stopped: 0,0002906 seconds, Stopping threads took: 0,0000130 seconds
2017-01-19T07:15:56.934+0100: 2,491: Total time for which application threads were stopped: 0,0001024 seconds, Stopping threads took: 0,0000271 seconds
2017-01-19T07:15:56.955+0100: 2,512: Total time for which application threads were stopped: 0,0000817 seconds, Stopping threads took: 0,0000175 seconds
2017-01-19T07:15:57.033+0100: 2,590: Total time for which application threads were stopped: 0,0001629 seconds, Stopping threads took: 0,0000306 seconds
2017-01-19T07:15:57.051+0100: 2,608: Total time for which application threads were stopped: 0,0000852 seconds, Stopping threads took: 0,0000196 seconds
2017-01-19T07:15:57.059+0100: 2,616: Total time for which application threads were stopped: 0,0002796 seconds, Stopping threads took: 0,0000164 seconds
2017-01-19T07:15:57.067+0100: 2,624: Total time for which application threads were stopped: 0,0003039 seconds, Stopping threads took: 0,0000177 seconds
2017-01-19T07:15:57.076+0100: 2,633: Total time for which application threads were stopped: 0,0000904 seconds, Stopping threads took: 0,0000259 seconds
2017-01-19T07:15:57.109+0100: 2,666: Total time for which application threads were stopped: 0,0000992 seconds, Stopping threads took: 0,0000273 seconds
2017-01-19T07:15:57.124+0100: 2,680: Total time for which application threads were stopped: 0,0000860 seconds, Stopping threads took: 0,0000209 seconds
2017-01-19T07:15:57.146+0100: 2,703: Total time for which application threads were stopped: 0,0001156 seconds, Stopping threads took: 0,0000379 seconds
2017-01-19T07:15:57.163+0100: 2,720: Total time for which application threads were stopped: 0,0000855 seconds, Stopping threads took: 0,0000193 seconds
2017-01-19T07:15:57.201+0100: 2,757: Total time for which application threads were stopped: 0,0001541 seconds, Stopping threads took: 0,0000271 seconds
2017-01-19T07:15:57.259+0100: 2,816: Total time for which application threads were stopped: 0,0001117 seconds, Stopping threads took: 0,0000314 seconds
2017-01-19T07:15:57.289+0100: 2,846: Total time for which application threads were stopped: 0,0001264 seconds, Stopping threads took: 0,0000280 seconds
{Heap before GC invocations=2 (full 0):
 par new generation   total 109248K, used 100491K [0x00000000e0000000, 0x00000000e8000000, 0x00000000e8000000)
  eden space 87424K, 100% used [0x00000000e0000000, 0x00000000e5560000, 0x00000000e5560000)
  from space 21824K,  59% used [0x00000000e5560000, 0x00000000e6222cc8, 0x00000000e6ab0000)
  to   space 21824K,   0% used [0x00000000e6ab0000, 0x00000000e6ab0000, 0x00000000e8000000)
 concurrent mark-sweep generation total 393216K, used 0K [0x00000000e8000000, 0x0000000100000000, 0x0000000100000000)
 Metaspace       used 24845K, capacity 25224K, committed 25536K, reserved 1071104K
  class space    used 2896K, capacity 3025K, committed 3092K, reserved 1048576K
2017-01-19T07:15:57.302+0100: 2,858: [GC (Allocation Failure) 2017-01-19T07:15:57.302+0100: 2,858: [ParNew
Desired survivor size 20112992 bytes, new threshold 8 (max 8)
- age   1:    6688472 bytes,    6688472 total
- age   2:     549600 bytes,    7238072 total
- age   3:    6094568 bytes,   13332640 total
: 100491K->16800K(109248K), 0,0123223 secs] 100491K->16800K(502464K), 0,0124190 secs] [Times: user=0,04 sys=0,00, real=0,01 secs] 
Heap after GC invocations=3 (full 0):
 par new generation   total 109248K, used 16800K [0x00000000e0000000, 0x00000000e8000000, 0x00000000e8000000)
  eden space 87424K,   0% used [0x00000000e0000000, 0x00000000e0000000, 0x00000000e5560000)
  from space 21824K,  76% used [0x00000000e6ab0000, 0x00000000e7b183e8, 0x00000000e8000000)
  to   space 21824K,   0% used [0x00000000e5560000, 0x00000000e5560000, 0x00000000e6ab0000)
 concurrent mark-sweep generation total 393216K, used 0K [0x00000000e8000000, 0x0000000100000000, 0x0000000100000000)
 Metaspace       used 24845K, capacity 25224K, committed 25536K, reserved 1071104K
  class space    used 2896K, capacity 3025K, committed 3092K, reserved 1048576K
}
2017-01-19T07:15:57.314+0100: 2,871: Total time for which application threads were stopped: 0,0126039 seconds, Stopping threads took: 0,0000296 seconds
2017-01-19T07:15:57.314+0100: 2,871: [GC (CMS Initial Mark) [1 CMS-initial-mark: 0K(393216K)] 16801K(502464K), 0,0032411 secs] [Times: user=0,01 sys=0,00, real=0,00 secs] 
2017-01-19T07:15:57.318+0100: 2,874: Total time for which application threads were stopped: 0,0035253 seconds, Stopping threads took: 0,0001874 seconds
2017-01-19T07:15:57.318+0100: 2,874: [CMS-concurrent-mark-start]
2017-01-19T07:15:57.319+0100: 2,875: [CMS-concurrent-mark: 0,001/0,001 secs] [Times: user=0,00 sys=0,00, real=0,01 secs] 
2017-01-19T07:15:57.319+0100: 2,875: [CMS-concurrent-preclean-start]
2017-01-19T07:15:57.320+0100: 2,876: [CMS-concurrent-preclean: 0,001/0,001 secs] [Times: user=0,00 sys=0,00, real=0,00 secs] 
2017-01-19T07:15:57.320+0100: 2,876: [GC (CMS Final Remark) [YG occupancy: 18202 K (109248 K)]2017-01-19T07:15:57.320+0100: 2,876: [Rescan (parallel) , 0,0039900 secs]2017-01-19T07:15:57.324+0100: 2,880: [weak refs processing, 0,0006810 secs]2017-01-19T07:15:57.324+0100: 2,881: [class unloading, 0,0032865 secs]2017-01-19T07:15:57.328+0100: 2,884: [scrub symbol table, 0,0033638 secs]2017-01-19T07:15:57.331+0100: 2,888: [scrub string table, 0,0003936 secs][1 CMS-remark: 0K(393216K)] 18202K(502464K), 0,0123968 secs] [Times: user=0,03 sys=0,00, real=0,01 secs] 
2017-01-19T07:15:57.332+0100: 2,889: Total time for which application threads were stopped: 0,0124921 seconds, Stopping threads took: 0,0000198 seconds
2017-01-19T07:15:57.332+0100: 2,889: [CMS-concurrent-sweep-start]
2017-01-19T07:15:57.332+0100: 2,889: [CMS-concurrent-sweep: 0,000/0,000 secs] [Times: user=0,00 sys=0,00, real=0,00 secs] 
{Heap before GC invocations=3 (full 1):
 par new generation   total 109248K, used 18202K [0x00000000e0000000, 0x00000000e8000000, 0x00000000e8000000)
  eden space 87424K,   1% used [0x00000000e0000000, 0x00000000e015e7a8, 0x00000000e5560000)
  from space 21824K,  76% used [0x00000000e6ab0000, 0x00000000e7b183e8, 0x00000000e8000000)
  to   space 21824K,   0% used [0x00000000e5560000, 0x00000000e5560000, 0x00000000e6ab0000)
 concurrent mark-sweep generation total 393216K, used 0K [0x00000000e8000000, 0x0000000100000000, 0x0000000100000000)
 Metaspace       used 24852K, capacity 25224K, committed 25536K, reserved 1071104K
  class space    used 2897K, capacity 3025K, committed 3092K, reserved 1048576K
2017-01-19T07:15:57.332+0100: 2,889: [GC (GCLocker Initiated GC) 2017-01-19T07:15:57.332+0100: 2,889: [ParNew
Desired survivor size 20112992 bytes, new threshold 8 (max 8)
- age   1:      41120 bytes,      41120 total
- age   2:    3149568 bytes,    3190688 total
- age   3:     549600 bytes,    3740288 total
- age   4:    6093400 bytes,    9833688 total
: 18202K->13821K(109248K), 0,0097229 secs] 18202K->13821K(502464K), 0,0097642 secs] [Times: user=0,03 sys=0,00, real=0,01 secs] 
Heap after GC invocations=4 (full 1):
 par new generation   total 109248K, used 13821K [0x00000000e0000000, 0x00000000e8000000, 0x00000000e8000000)
  eden space 87424K,   0% used [0x00000000e0000000, 0x00000000e0000000, 0x00000000e5560000)
  from space 21824K,  63% used [0x00000000e5560000, 0x00000000e62df7a8, 0x00000000e6ab0000)
  to   space 21824K,   0% used [0x00000000e6ab0000, 0x00000000e6ab0000, 0x00000000e8000000)
 concurrent mark-sweep generation total 393216K, used 0K [0x00000000e8000000, 0x0000000100000000, 0x0000000100000000)
 Metaspace       used 24852K, capacity 25224K, committed 25536K, reserved 1071104K
  class space    used 2897K, capacity 3025K, committed 3092K, reserved 1048576K
}
2017-01-19T07:15:57.342+0100: 2,899: Total time for which application threads were stopped: 0,0098924 seconds, Stopping threads took: 0,0000298 seconds
2017-01-19T07:15:57.342+0100: 2,899: [CMS-concurrent-reset-start]
2017-01-19T07:15:57.344+0100: 2,900: [CMS-concurrent-reset: 0,001/0,001 secs] [Times: user=0,01 sys=0,00, real=0,00 secs] 
2017-01-19T07:15:57.402+0100: 2,958: Total time for which application threads were stopped: 0,0003629 seconds, Stopping threads took: 0,0000220 seconds
2017-01-19T07:15:57.416+0100: 2,973: Total time for which application threads were stopped: 0,0003298 seconds, Stopping threads took: 0,0000195 seconds
2017-01-19T07:15:58.416+0100: 3,973: Total time for which application threads were stopped: 0,0000978 seconds, Stopping threads took: 0,0000173 seconds
2017-01-19T07:15:58.495+0100: 4,052: Total time for which application threads were stopped: 0,0002444 seconds, Stopping threads took: 0,0000158 seconds
2017-01-19T07:16:26.499+0100: 32,056: Total time for which application threads were stopped: 0,0000856 seconds, Stopping threads took: 0,0000386 seconds
2017-01-19T07:18:36.519+0100: 162,076: Total time for which application threads were stopped: 0,0000772 seconds, Stopping threads took: 0,0000363 seconds
2017-01-19T07:18:41.520+0100: 167,077: Total time for which application threads were stopped: 0,0000920 seconds, Stopping threads took: 0,0000397 seconds
2017-01-19T07:18:45.521+0100: 171,078: Total time for which application threads were stopped: 0,0000615 seconds, Stopping threads took: 0,0000151 seconds
2017-01-19T07:18:50.522+0100: 176,078: Total time for which application threads were stopped: 0,0001119 seconds, Stopping threads took: 0,0000300 seconds
2017-01-19T07:18:55.523+0100: 181,079: Total time for which application threads were stopped: 0,0001391 seconds, Stopping threads took: 0,0000404 seconds
2017-01-19T07:19:36.528+0100: 222,085: Total time for which application threads were stopped: 0,0001699 seconds, Stopping threads took: 0,0000665 seconds
2017-01-19T07:20:25.534+0100: 271,091: Total time for which application threads were stopped: 0,0000803 seconds, Stopping threads took: 0,0000325 seconds
2017-01-19T07:20:41.536+0100: 287,092: Total time for which application threads were stopped: 0,0000990 seconds, Stopping threads took: 0,0000350 seconds
2017-01-19T07:39:35.670+0100: 1421,227: Total time for which application threads were stopped: 0,0000768 seconds, Stopping threads took: 0,0000360 seconds
2017-01-19T07:42:15.693+0100: 1581,250: Total time for which application threads were stopped: 0,0004808 seconds, Stopping threads took: 0,0002218 seconds
2017-01-19T07:42:20.694+0100: 1586,250: Total time for which application threads were stopped: 0,0000763 seconds, Stopping threads took: 0,0000307 seconds
2017-01-19T07:43:21.700+0100: 1647,257: Total time for which application threads were stopped: 0,0001214 seconds, Stopping threads took: 0,0000441 seconds
2017-01-19T07:54:31.779+0100: 2317,335: Total time for which application threads were stopped: 0,0001598 seconds, Stopping threads took: 0,0000595 seconds
2017-01-19T07:54:35.779+0100: 2321,336: Total time for which application threads were stopped: 0,0000792 seconds, Stopping threads took: 0,0000217 seconds
2017-01-19T08:09:11.916+0100: 3197,473: Total time for which application threads were stopped: 0,0001600 seconds, Stopping threads took: 0,0000617 seconds
2017-01-19T08:22:26.011+0100: 3991,568: Total time for which application threads were stopped: 0,0000827 seconds, Stopping threads took: 0,0000322 seconds
2017-01-19T08:22:46.013+0100: 4011,570: Total time for which application threads were stopped: 0,0000832 seconds, Stopping threads took: 0,0000364 seconds
2017-01-19T08:22:56.014+0100: 4021,571: Total time for which application threads were stopped: 0,0002681 seconds, Stopping threads took: 0,0000718 seconds
2017-01-19T08:59:52.301+0100: 6237,858: Total time for which application threads were stopped: 0,0001077 seconds, Stopping threads took: 0,0000447 seconds
2017-01-19T09:01:02.308+0100: 6307,865: Total time for which application threads were stopped: 0,0001011 seconds, Stopping threads took: 0,0000467 seconds
2017-01-19T09:20:56.461+0100: 7502,018: Total time for which application threads were stopped: 0,0001193 seconds, Stopping threads took: 0,0000485 seconds
2017-01-19T09:21:26.465+0100: 7532,022: Total time for which application threads were stopped: 0,0000736 seconds, Stopping threads took: 0,0000291 seconds
2017-01-19T09:23:56.484+0100: 7682,041: Total time for which application threads were stopped: 0,0000800 seconds, Stopping threads took: 0,0000335 seconds
2017-01-19T09:24:26.487+0100: 7712,044: Total time for which application threads were stopped: 0,0001031 seconds, Stopping threads took: 0,0000421 seconds
2017-01-19T09:27:56.509+0100: 7922,066: Total time for which application threads were stopped: 0,0000727 seconds, Stopping threads took: 0,0000299 seconds
2017-01-19T10:27:55.870+0100: 11521,426: Total time for which application threads were stopped: 0,0001594 seconds, Stopping threads took: 0,0000512 seconds
2017-01-19T11:31:56.257+0100: 15361,814: Total time for which application threads were stopped: 0,0001103 seconds, Stopping threads took: 0,0000532 seconds
2017-01-19T11:32:26.260+0100: 15391,817: Total time for which application threads were stopped: 0,0000966 seconds, Stopping threads took: 0,0000404 seconds
2017-01-19T13:10:21.126+0100: 21266,683: Total time for which application threads were stopped: 0,0001848 seconds, Stopping threads took: 0,0000569 seconds
2017-01-19T20:02:37.460+0100: 46003,017: Total time for which application threads were stopped: 0,0001083 seconds, Stopping threads took: 0,0000411 seconds
2017-01-20T00:16:51.615+0100: 61257,171: Total time for which application threads were stopped: 0,0001352 seconds, Stopping threads took: 0,0000179 seconds
Heap
 par new generation   total 109248K, used 58806K [0x00000000e0000000, 0x00000000e8000000, 0x00000000e8000000)
  eden space 87424K,  51% used [0x00000000e0000000, 0x00000000e2bee350, 0x00000000e5560000)
  from space 21824K,  63% used [0x00000000e5560000, 0x00000000e62df7a8, 0x00000000e6ab0000)
  to   space 21824K,   0% used [0x00000000e6ab0000, 0x00000000e6ab0000, 0x00000000e8000000)
 concurrent mark-sweep generation total 393216K, used 0K [0x00000000e8000000, 0x0000000100000000, 0x0000000100000000)
 Metaspace       used 27279K, capacity 27732K, committed 27924K, reserved 1073152K
  class space    used 3168K, capacity 3321K, committed 3348K, reserved 1048576K
