OpenJDK 64-Bit Server VM (25.131-b11) for linux-amd64 JRE (1.8.0_131-8u131-b11-0ubuntu1.16.04.2-b11), built on May  6 2017 02:45:27 by "buildd" with gcc 5.4.0 20160609
Memory: 4k page, physical 7867740k(7398980k free), swap 8076284k(8076284k free)
CommandLine flags: -XX:CMSInitiatingOccupancyFraction=50 -XX:CMSMaxAbortablePrecleanTime=6000 -XX:+CMSParallelRemarkEnabled -XX:+CMSScavengeBeforeRemark -XX:ConcGCThreads=4 -XX:InitialHeapSize=536870912 -XX:MaxHeapSize=536870912 -XX:MaxTenuringThreshold=8 -XX:NewRatio=3 -XX:OldPLABSize=16 -XX:OnOutOfMemoryError=/opt/solr/bin/oom_solr.sh 8983 /var/solr/logs -XX:ParallelGCThreads=4 -XX:+ParallelRefProcEnabled -XX:PretenureSizeThreshold=67108864 -XX:+PrintGC -XX:+PrintGCApplicationStoppedTime -XX:+PrintGCDateStamps -XX:+PrintGCDetails -XX:+PrintGCTimeStamps -XX:+PrintHeapAtGC -XX:+PrintTenuringDistribution -XX:SurvivorRatio=4 -XX:TargetSurvivorRatio=90 -XX:ThreadStackSize=256 -XX:+UseCMSInitiatingOccupancyOnly -XX:+UseCompressedClassPointers -XX:+UseCompressedOops -XX:+UseConcMarkSweepGC -XX:+UseParNewGC 
2017-05-26T23:26:58.519+0200: 0,118: Total time for which application threads were stopped: 0,0000703 seconds, Stopping threads took: 0,0000135 seconds
2017-05-26T23:26:58.606+0200: 0,205: Total time for which application threads were stopped: 0,0001029 seconds, Stopping threads took: 0,0000164 seconds
2017-05-26T23:26:58.619+0200: 0,218: Total time for which application threads were stopped: 0,0000794 seconds, Stopping threads took: 0,0000143 seconds
2017-05-26T23:26:58.863+0200: 0,462: Total time for which application threads were stopped: 0,0001187 seconds, Stopping threads took: 0,0000204 seconds
2017-05-26T23:26:59.283+0200: 0,881: Total time for which application threads were stopped: 0,0001652 seconds, Stopping threads took: 0,0000137 seconds
2017-05-26T23:26:59.452+0200: 1,051: Total time for which application threads were stopped: 0,0002034 seconds, Stopping threads took: 0,0000248 seconds
2017-05-26T23:26:59.480+0200: 1,079: Total time for which application threads were stopped: 0,0001772 seconds, Stopping threads took: 0,0000296 seconds
2017-05-26T23:26:59.802+0200: 1,401: Total time for which application threads were stopped: 0,0001974 seconds, Stopping threads took: 0,0000175 seconds
2017-05-26T23:27:00.019+0200: 1,618: Total time for which application threads were stopped: 0,0001942 seconds, Stopping threads took: 0,0000142 seconds
2017-05-26T23:27:00.048+0200: 1,647: Total time for which application threads were stopped: 0,0001868 seconds, Stopping threads took: 0,0000187 seconds
2017-05-26T23:27:00.081+0200: 1,680: Total time for which application threads were stopped: 0,0009546 seconds, Stopping threads took: 0,0000843 seconds
2017-05-26T23:27:00.083+0200: 1,682: Total time for which application threads were stopped: 0,0001848 seconds, Stopping threads took: 0,0000161 seconds
2017-05-26T23:27:00.099+0200: 1,698: Total time for which application threads were stopped: 0,0001711 seconds, Stopping threads took: 0,0000118 seconds
2017-05-26T23:27:00.179+0200: 1,778: Total time for which application threads were stopped: 0,0001958 seconds, Stopping threads took: 0,0000158 seconds
2017-05-26T23:27:00.334+0200: 1,933: Total time for which application threads were stopped: 0,0002463 seconds, Stopping threads took: 0,0000192 seconds
{Heap before GC invocations=0 (full 0):
 par new generation   total 109248K, used 87424K [0x00000000e0000000, 0x00000000e8000000, 0x00000000e8000000)
  eden space 87424K, 100% used [0x00000000e0000000, 0x00000000e5560000, 0x00000000e5560000)
  from space 21824K,   0% used [0x00000000e5560000, 0x00000000e5560000, 0x00000000e6ab0000)
  to   space 21824K,   0% used [0x00000000e6ab0000, 0x00000000e6ab0000, 0x00000000e8000000)
 concurrent mark-sweep generation total 393216K, used 0K [0x00000000e8000000, 0x0000000100000000, 0x0000000100000000)
 Metaspace       used 18078K, capacity 18400K, committed 18688K, reserved 1064960K
  class space    used 2043K, capacity 2196K, committed 2304K, reserved 1048576K
2017-05-26T23:27:00.428+0200: 2,027: [GC (Allocation Failure) 2017-05-26T23:27:00.428+0200: 2,027: [ParNew
Desired survivor size 20112992 bytes, new threshold 8 (max 8)
- age   1:   12625200 bytes,   12625200 total
: 87424K->12436K(109248K), 0,0171263 secs] 87424K->12436K(502464K), 0,0172208 secs] [Times: user=0,04 sys=0,01, real=0,02 secs] 
Heap after GC invocations=1 (full 0):
 par new generation   total 109248K, used 12436K [0x00000000e0000000, 0x00000000e8000000, 0x00000000e8000000)
  eden space 87424K,   0% used [0x00000000e0000000, 0x00000000e0000000, 0x00000000e5560000)
  from space 21824K,  56% used [0x00000000e6ab0000, 0x00000000e76d5380, 0x00000000e8000000)
  to   space 21824K,   0% used [0x00000000e5560000, 0x00000000e5560000, 0x00000000e6ab0000)
 concurrent mark-sweep generation total 393216K, used 0K [0x00000000e8000000, 0x0000000100000000, 0x0000000100000000)
 Metaspace       used 18078K, capacity 18400K, committed 18688K, reserved 1064960K
  class space    used 2043K, capacity 2196K, committed 2304K, reserved 1048576K
}
2017-05-26T23:27:00.445+0200: 2,044: Total time for which application threads were stopped: 0,0174803 seconds, Stopping threads took: 0,0000396 seconds
2017-05-26T23:27:00.724+0200: 2,323: Total time for which application threads were stopped: 0,0004355 seconds, Stopping threads took: 0,0001276 seconds
2017-05-26T23:27:00.763+0200: 2,362: Total time for which application threads were stopped: 0,0007866 seconds, Stopping threads took: 0,0004953 seconds
{Heap before GC invocations=1 (full 0):
 par new generation   total 109248K, used 99860K [0x00000000e0000000, 0x00000000e8000000, 0x00000000e8000000)
  eden space 87424K, 100% used [0x00000000e0000000, 0x00000000e5560000, 0x00000000e5560000)
  from space 21824K,  56% used [0x00000000e6ab0000, 0x00000000e76d5380, 0x00000000e8000000)
  to   space 21824K,   0% used [0x00000000e5560000, 0x00000000e5560000, 0x00000000e6ab0000)
 concurrent mark-sweep generation total 393216K, used 0K [0x00000000e8000000, 0x0000000100000000, 0x0000000100000000)
 Metaspace       used 20059K, capacity 20370K, committed 20736K, reserved 1067008K
  class space    used 2298K, capacity 2471K, committed 2560K, reserved 1048576K
2017-05-26T23:27:00.769+0200: 2,368: [GC (Allocation Failure) 2017-05-26T23:27:00.769+0200: 2,368: [ParNew
Desired survivor size 20112992 bytes, new threshold 8 (max 8)
- age   1:    3683336 bytes,    3683336 total
- age   2:    6670616 bytes,   10353952 total
: 99860K->15783K(109248K), 0,0186763 secs] 99860K->15783K(502464K), 0,0187490 secs] [Times: user=0,07 sys=0,01, real=0,02 secs] 
Heap after GC invocations=2 (full 0):
 par new generation   total 109248K, used 15783K [0x00000000e0000000, 0x00000000e8000000, 0x00000000e8000000)
  eden space 87424K,   0% used [0x00000000e0000000, 0x00000000e0000000, 0x00000000e5560000)
  from space 21824K,  72% used [0x00000000e5560000, 0x00000000e64c9e80, 0x00000000e6ab0000)
  to   space 21824K,   0% used [0x00000000e6ab0000, 0x00000000e6ab0000, 0x00000000e8000000)
 concurrent mark-sweep generation total 393216K, used 0K [0x00000000e8000000, 0x0000000100000000, 0x0000000100000000)
 Metaspace       used 20059K, capacity 20370K, committed 20736K, reserved 1067008K
  class space    used 2298K, capacity 2471K, committed 2560K, reserved 1048576K
}
2017-05-26T23:27:00.788+0200: 2,387: Total time for which application threads were stopped: 0,0189728 seconds, Stopping threads took: 0,0000949 seconds
2017-05-26T23:27:00.840+0200: 2,439: Total time for which application threads were stopped: 0,0004209 seconds, Stopping threads took: 0,0000599 seconds
2017-05-26T23:27:00.952+0200: 2,551: Total time for which application threads were stopped: 0,0001681 seconds, Stopping threads took: 0,0000275 seconds
{Heap before GC invocations=2 (full 0):
 par new generation   total 109248K, used 103207K [0x00000000e0000000, 0x00000000e8000000, 0x00000000e8000000)
  eden space 87424K, 100% used [0x00000000e0000000, 0x00000000e5560000, 0x00000000e5560000)
  from space 21824K,  72% used [0x00000000e5560000, 0x00000000e64c9e80, 0x00000000e6ab0000)
  to   space 21824K,   0% used [0x00000000e6ab0000, 0x00000000e6ab0000, 0x00000000e8000000)
 concurrent mark-sweep generation total 393216K, used 0K [0x00000000e8000000, 0x0000000100000000, 0x0000000100000000)
 Metaspace       used 20985K, capacity 21292K, committed 21628K, reserved 1069056K
  class space    used 2419K, capacity 2590K, committed 2684K, reserved 1048576K
2017-05-26T23:27:00.992+0200: 2,591: [GC (Allocation Failure) 2017-05-26T23:27:00.992+0200: 2,591: [ParNew
Desired survivor size 20112992 bytes, new threshold 8 (max 8)
- age   1:    2164992 bytes,    2164992 total
- age   2:     849584 bytes,    3014576 total
- age   3:    6667288 bytes,    9681864 total
: 103207K->12377K(109248K), 0,0137824 secs] 103207K->12377K(502464K), 0,0138599 secs] [Times: user=0,03 sys=0,00, real=0,02 secs] 
Heap after GC invocations=3 (full 0):
 par new generation   total 109248K, used 12377K [0x00000000e0000000, 0x00000000e8000000, 0x00000000e8000000)
  eden space 87424K,   0% used [0x00000000e0000000, 0x00000000e0000000, 0x00000000e5560000)
  from space 21824K,  56% used [0x00000000e6ab0000, 0x00000000e76c6498, 0x00000000e8000000)
  to   space 21824K,   0% used [0x00000000e5560000, 0x00000000e5560000, 0x00000000e6ab0000)
 concurrent mark-sweep generation total 393216K, used 0K [0x00000000e8000000, 0x0000000100000000, 0x0000000100000000)
 Metaspace       used 20985K, capacity 21292K, committed 21628K, reserved 1069056K
  class space    used 2419K, capacity 2590K, committed 2684K, reserved 1048576K
}
2017-05-26T23:27:01.006+0200: 2,605: Total time for which application threads were stopped: 0,0164914 seconds, Stopping threads took: 0,0024657 seconds
2017-05-26T23:27:01.010+0200: 2,608: [GC (CMS Initial Mark) [1 CMS-initial-mark: 0K(393216K)] 13144K(502464K), 0,0033434 secs] [Times: user=0,02 sys=0,00, real=0,00 secs] 
2017-05-26T23:27:01.013+0200: 2,612: Total time for which application threads were stopped: 0,0065138 seconds, Stopping threads took: 0,0030684 seconds
2017-05-26T23:27:01.013+0200: 2,612: [CMS-concurrent-mark-start]
2017-05-26T23:27:01.014+0200: 2,613: [CMS-concurrent-mark: 0,001/0,001 secs] [Times: user=0,00 sys=0,00, real=0,00 secs] 
2017-05-26T23:27:01.014+0200: 2,613: [CMS-concurrent-preclean-start]
2017-05-26T23:27:01.015+0200: 2,614: [CMS-concurrent-preclean: 0,001/0,001 secs] [Times: user=0,00 sys=0,00, real=0,01 secs] 
2017-05-26T23:27:01.015+0200: 2,614: [GC (CMS Final Remark) [YG occupancy: 13144 K (109248 K)]{Heap before GC invocations=3 (full 1):
 par new generation   total 109248K, used 13144K [0x00000000e0000000, 0x00000000e8000000, 0x00000000e8000000)
  eden space 87424K,   0% used [0x00000000e0000000, 0x00000000e00bfd38, 0x00000000e5560000)
  from space 21824K,  56% used [0x00000000e6ab0000, 0x00000000e76c6498, 0x00000000e8000000)
  to   space 21824K,   0% used [0x00000000e5560000, 0x00000000e5560000, 0x00000000e6ab0000)
 concurrent mark-sweep generation total 393216K, used 0K [0x00000000e8000000, 0x0000000100000000, 0x0000000100000000)
 Metaspace       used 20985K, capacity 21292K, committed 21628K, reserved 1069056K
  class space    used 2419K, capacity 2590K, committed 2684K, reserved 1048576K
2017-05-26T23:27:01.015+0200: 2,614: [GC (CMS Final Remark) 2017-05-26T23:27:01.015+0200: 2,614: [ParNew
Desired survivor size 20112992 bytes, new threshold 8 (max 8)
- age   1:      82608 bytes,      82608 total
- age   2:    1986704 bytes,    2069312 total
- age   3:     849584 bytes,    2918896 total
- age   4:    6667144 bytes,    9586040 total
: 13144K->11676K(109248K), 0,0124521 secs] 13144K->11676K(502464K), 0,0125018 secs] [Times: user=0,05 sys=0,00, real=0,01 secs] 
Heap after GC invocations=4 (full 1):
 par new generation   total 109248K, used 11676K [0x00000000e0000000, 0x00000000e8000000, 0x00000000e8000000)
  eden space 87424K,   0% used [0x00000000e0000000, 0x00000000e0000000, 0x00000000e5560000)
  from space 21824K,  53% used [0x00000000e5560000, 0x00000000e60c7290, 0x00000000e6ab0000)
  to   space 21824K,   0% used [0x00000000e6ab0000, 0x00000000e6ab0000, 0x00000000e8000000)
 concurrent mark-sweep generation total 393216K, used 0K [0x00000000e8000000, 0x0000000100000000, 0x0000000100000000)
 Metaspace       used 20985K, capacity 21292K, committed 21628K, reserved 1069056K
  class space    used 2419K, capacity 2590K, committed 2684K, reserved 1048576K
}
2017-05-26T23:27:01.028+0200: 2,627: [Rescan (parallel) , 0,0051821 secs]2017-05-26T23:27:01.033+0200: 2,632: [weak refs processing, 0,0034938 secs]2017-05-26T23:27:01.037+0200: 2,635: [class unloading, 0,0037806 secs]2017-05-26T23:27:01.040+0200: 2,639: [scrub symbol table, 0,0039325 secs]2017-05-26T23:27:01.044+0200: 2,643: [scrub string table, 0,0004211 secs][1 CMS-remark: 0K(393216K)] 11676K(502464K), 0,0301987 secs] [Times: user=0,10 sys=0,00, real=0,03 secs] 
2017-05-26T23:27:01.045+0200: 2,644: Total time for which application threads were stopped: 0,0303261 seconds, Stopping threads took: 0,0000421 seconds
2017-05-26T23:27:01.045+0200: 2,644: [CMS-concurrent-sweep-start]
2017-05-26T23:27:01.046+0200: 2,644: [CMS-concurrent-sweep: 0,000/0,000 secs] [Times: user=0,00 sys=0,00, real=0,00 secs] 
2017-05-26T23:27:01.046+0200: 2,645: [CMS-concurrent-reset-start]
2017-05-26T23:27:01.048+0200: 2,647: [CMS-concurrent-reset: 0,002/0,002 secs] [Times: user=0,01 sys=0,00, real=0,00 secs] 
{Heap before GC invocations=4 (full 1):
 par new generation   total 109248K, used 99100K [0x00000000e0000000, 0x00000000e8000000, 0x00000000e8000000)
  eden space 87424K, 100% used [0x00000000e0000000, 0x00000000e5560000, 0x00000000e5560000)
  from space 21824K,  53% used [0x00000000e5560000, 0x00000000e60c7290, 0x00000000e6ab0000)
  to   space 21824K,   0% used [0x00000000e6ab0000, 0x00000000e6ab0000, 0x00000000e8000000)
 concurrent mark-sweep generation total 393216K, used 0K [0x00000000e8000000, 0x0000000100000000, 0x0000000100000000)
 Metaspace       used 21220K, capacity 21568K, committed 21884K, reserved 1069056K
  class space    used 2448K, capacity 2605K, committed 2684K, reserved 1048576K
2017-05-26T23:27:01.151+0200: 2,749: [GC (Allocation Failure) 2017-05-26T23:27:01.151+0200: 2,750: [ParNew
Desired survivor size 20112992 bytes, new threshold 8 (max 8)
- age   1:    1072584 bytes,    1072584 total
- age   3:    1449520 bytes,    2522104 total
- age   4:     826080 bytes,    3348184 total
- age   5:    6667000 bytes,   10015184 total
: 99100K->12282K(109248K), 0,0135860 secs] 99100K->12282K(502464K), 0,0136670 secs] [Times: user=0,05 sys=0,00, real=0,02 secs] 
Heap after GC invocations=5 (full 1):
 par new generation   total 109248K, used 12282K [0x00000000e0000000, 0x00000000e8000000, 0x00000000e8000000)
  eden space 87424K,   0% used [0x00000000e0000000, 0x00000000e0000000, 0x00000000e5560000)
  from space 21824K,  56% used [0x00000000e6ab0000, 0x00000000e76aeb60, 0x00000000e8000000)
  to   space 21824K,   0% used [0x00000000e5560000, 0x00000000e5560000, 0x00000000e6ab0000)
 concurrent mark-sweep generation total 393216K, used 0K [0x00000000e8000000, 0x0000000100000000, 0x0000000100000000)
 Metaspace       used 21220K, capacity 21568K, committed 21884K, reserved 1069056K
  class space    used 2448K, capacity 2605K, committed 2684K, reserved 1048576K
}
2017-05-26T23:27:01.164+0200: 2,763: Total time for which application threads were stopped: 0,0149234 seconds, Stopping threads took: 0,0010893 seconds
{Heap before GC invocations=5 (full 1):
 par new generation   total 109248K, used 99706K [0x00000000e0000000, 0x00000000e8000000, 0x00000000e8000000)
  eden space 87424K, 100% used [0x00000000e0000000, 0x00000000e5560000, 0x00000000e5560000)
  from space 21824K,  56% used [0x00000000e6ab0000, 0x00000000e76aeb60, 0x00000000e8000000)
  to   space 21824K,   0% used [0x00000000e5560000, 0x00000000e5560000, 0x00000000e6ab0000)
 concurrent mark-sweep generation total 393216K, used 0K [0x00000000e8000000, 0x0000000100000000, 0x0000000100000000)
 Metaspace       used 21398K, capacity 21810K, committed 21884K, reserved 1069056K
  class space    used 2469K, capacity 2640K, committed 2684K, reserved 1048576K
2017-05-26T23:27:01.256+0200: 2,855: [GC (Allocation Failure) 2017-05-26T23:27:01.256+0200: 2,855: [ParNew
Desired survivor size 20112992 bytes, new threshold 8 (max 8)
- age   1:     557032 bytes,     557032 total
- age   2:     188592 bytes,     745624 total
- age   4:    1448512 bytes,    2194136 total
- age   5:     824032 bytes,    3018168 total
- age   6:    6667144 bytes,    9685312 total
: 99706K->11728K(109248K), 0,0099973 secs] 99706K->11728K(502464K), 0,0100690 secs] [Times: user=0,04 sys=0,00, real=0,01 secs] 
Heap after GC invocations=6 (full 1):
 par new generation   total 109248K, used 11728K [0x00000000e0000000, 0x00000000e8000000, 0x00000000e8000000)
  eden space 87424K,   0% used [0x00000000e0000000, 0x00000000e0000000, 0x00000000e5560000)
  from space 21824K,  53% used [0x00000000e5560000, 0x00000000e60d4030, 0x00000000e6ab0000)
  to   space 21824K,   0% used [0x00000000e6ab0000, 0x00000000e6ab0000, 0x00000000e8000000)
 concurrent mark-sweep generation total 393216K, used 0K [0x00000000e8000000, 0x0000000100000000, 0x0000000100000000)
 Metaspace       used 21398K, capacity 21810K, committed 21884K, reserved 1069056K
  class space    used 2469K, capacity 2640K, committed 2684K, reserved 1048576K
}
2017-05-26T23:27:01.266+0200: 2,865: Total time for which application threads were stopped: 0,0103084 seconds, Stopping threads took: 0,0001069 seconds
2017-05-26T23:27:01.295+0200: 2,894: Total time for which application threads were stopped: 0,0003124 seconds, Stopping threads took: 0,0000382 seconds
2017-05-26T23:27:01.557+0200: 3,156: Total time for which application threads were stopped: 0,0004311 seconds, Stopping threads took: 0,0000217 seconds
2017-05-26T23:27:01.570+0200: 3,169: Total time for which application threads were stopped: 0,0004683 seconds, Stopping threads took: 0,0000547 seconds
{Heap before GC invocations=6 (full 1):
 par new generation   total 109248K, used 99148K [0x00000000e0000000, 0x00000000e8000000, 0x00000000e8000000)
  eden space 87424K,  99% used [0x00000000e0000000, 0x00000000e555efd8, 0x00000000e5560000)
  from space 21824K,  53% used [0x00000000e5560000, 0x00000000e60d4030, 0x00000000e6ab0000)
  to   space 21824K,   0% used [0x00000000e6ab0000, 0x00000000e6ab0000, 0x00000000e8000000)
 concurrent mark-sweep generation total 393216K, used 0K [0x00000000e8000000, 0x0000000100000000, 0x0000000100000000)
 Metaspace       used 24185K, capacity 24628K, committed 24828K, reserved 1071104K
  class space    used 2843K, capacity 3047K, committed 3068K, reserved 1048576K
2017-05-26T23:27:01.715+0200: 3,314: [GC (Allocation Failure) 2017-05-26T23:27:01.715+0200: 3,314: [ParNew
Desired survivor size 20112992 bytes, new threshold 8 (max 8)
- age   1:    5721896 bytes,    5721896 total
- age   2:     136904 bytes,    5858800 total
- age   3:     187744 bytes,    6046544 total
- age   5:     279176 bytes,    6325720 total
- age   6:     799736 bytes,    7125456 total
- age   7:    6658744 bytes,   13784200 total
: 99148K->18878K(109248K), 0,0126009 secs] 99148K->18878K(502464K), 0,0126764 secs] [Times: user=0,04 sys=0,00, real=0,01 secs] 
Heap after GC invocations=7 (full 1):
 par new generation   total 109248K, used 18878K [0x00000000e0000000, 0x00000000e8000000, 0x00000000e8000000)
  eden space 87424K,   0% used [0x00000000e0000000, 0x00000000e0000000, 0x00000000e5560000)
  from space 21824K,  86% used [0x00000000e6ab0000, 0x00000000e7d1f900, 0x00000000e8000000)
  to   space 21824K,   0% used [0x00000000e5560000, 0x00000000e5560000, 0x00000000e6ab0000)
 concurrent mark-sweep generation total 393216K, used 0K [0x00000000e8000000, 0x0000000100000000, 0x0000000100000000)
 Metaspace       used 24185K, capacity 24628K, committed 24828K, reserved 1071104K
  class space    used 2843K, capacity 3047K, committed 3068K, reserved 1048576K
}
2017-05-26T23:27:01.727+0200: 3,326: Total time for which application threads were stopped: 0,0129391 seconds, Stopping threads took: 0,0000541 seconds
{Heap before GC invocations=7 (full 1):
 par new generation   total 109248K, used 106302K [0x00000000e0000000, 0x00000000e8000000, 0x00000000e8000000)
  eden space 87424K, 100% used [0x00000000e0000000, 0x00000000e5560000, 0x00000000e5560000)
  from space 21824K,  86% used [0x00000000e6ab0000, 0x00000000e7d1f900, 0x00000000e8000000)
  to   space 21824K,   0% used [0x00000000e5560000, 0x00000000e5560000, 0x00000000e6ab0000)
 concurrent mark-sweep generation total 393216K, used 0K [0x00000000e8000000, 0x0000000100000000, 0x0000000100000000)
 Metaspace       used 24620K, capacity 25114K, committed 25468K, reserved 1071104K
  class space    used 2879K, capacity 3080K, committed 3196K, reserved 1048576K
2017-05-26T23:27:01.851+0200: 3,450: [GC (Allocation Failure) 2017-05-26T23:27:01.851+0200: 3,450: [ParNew
Desired survivor size 20112992 bytes, new threshold 8 (max 8)
- age   1:    2006768 bytes,    2006768 total
- age   2:    1811480 bytes,    3818248 total
- age   3:      71152 bytes,    3889400 total
- age   4:     105984 bytes,    3995384 total
- age   6:     178224 bytes,    4173608 total
- age   7:     757528 bytes,    4931136 total
- age   8:    6125616 bytes,   11056752 total
: 106302K->14815K(109248K), 0,0116072 secs] 106302K->14815K(502464K), 0,0116758 secs] [Times: user=0,03 sys=0,00, real=0,02 secs] 
Heap after GC invocations=8 (full 1):
 par new generation   total 109248K, used 14815K [0x00000000e0000000, 0x00000000e8000000, 0x00000000e8000000)
  eden space 87424K,   0% used [0x00000000e0000000, 0x00000000e0000000, 0x00000000e5560000)
  from space 21824K,  67% used [0x00000000e5560000, 0x00000000e63d7dc0, 0x00000000e6ab0000)
  to   space 21824K,   0% used [0x00000000e6ab0000, 0x00000000e6ab0000, 0x00000000e8000000)
 concurrent mark-sweep generation total 393216K, used 0K [0x00000000e8000000, 0x0000000100000000, 0x0000000100000000)
 Metaspace       used 24620K, capacity 25114K, committed 25468K, reserved 1071104K
  class space    used 2879K, capacity 3080K, committed 3196K, reserved 1048576K
}
2017-05-26T23:27:01.863+0200: 3,462: Total time for which application threads were stopped: 0,0119293 seconds, Stopping threads took: 0,0000553 seconds
{Heap before GC invocations=8 (full 1):
 par new generation   total 109248K, used 102239K [0x00000000e0000000, 0x00000000e8000000, 0x00000000e8000000)
  eden space 87424K, 100% used [0x00000000e0000000, 0x00000000e5560000, 0x00000000e5560000)
  from space 21824K,  67% used [0x00000000e5560000, 0x00000000e63d7dc0, 0x00000000e6ab0000)
  to   space 21824K,   0% used [0x00000000e6ab0000, 0x00000000e6ab0000, 0x00000000e8000000)
 concurrent mark-sweep generation total 393216K, used 0K [0x00000000e8000000, 0x0000000100000000, 0x0000000100000000)
 Metaspace       used 24987K, capacity 25460K, committed 25724K, reserved 1071104K
  class space    used 2908K, capacity 3085K, committed 3196K, reserved 1048576K
2017-05-26T23:27:01.999+0200: 3,598: [GC (Allocation Failure) 2017-05-26T23:27:01.999+0200: 3,598: [ParNew
Desired survivor size 20112992 bytes, new threshold 8 (max 8)
- age   1:    1039520 bytes,    1039520 total
- age   2:     643496 bytes,    1683016 total
- age   3:    1807840 bytes,    3490856 total
- age   4:      71152 bytes,    3562008 total
- age   5:     103304 bytes,    3665312 total
- age   7:     177728 bytes,    3843040 total
- age   8:     756792 bytes,    4599832 total
: 102239K->5901K(109248K), 0,0431927 secs] 102239K->11965K(502464K), 0,0432774 secs] [Times: user=0,10 sys=0,00, real=0,04 secs] 
Heap after GC invocations=9 (full 1):
 par new generation   total 109248K, used 5901K [0x00000000e0000000, 0x00000000e8000000, 0x00000000e8000000)
  eden space 87424K,   0% used [0x00000000e0000000, 0x00000000e0000000, 0x00000000e5560000)
  from space 21824K,  27% used [0x00000000e6ab0000, 0x00000000e7073420, 0x00000000e8000000)
  to   space 21824K,   0% used [0x00000000e5560000, 0x00000000e5560000, 0x00000000e6ab0000)
 concurrent mark-sweep generation total 393216K, used 6064K [0x00000000e8000000, 0x0000000100000000, 0x0000000100000000)
 Metaspace       used 24987K, capacity 25460K, committed 25724K, reserved 1071104K
  class space    used 2908K, capacity 3085K, committed 3196K, reserved 1048576K
}
2017-05-26T23:27:02.042+0200: 3,641: Total time for which application threads were stopped: 0,0479323 seconds, Stopping threads took: 0,0044318 seconds
2017-05-26T23:27:02.297+0200: 3,896: Total time for which application threads were stopped: 0,0004166 seconds, Stopping threads took: 0,0000213 seconds
2017-05-26T23:27:02.309+0200: 3,908: Total time for which application threads were stopped: 0,0003823 seconds, Stopping threads took: 0,0000250 seconds
2017-05-26T23:27:02.365+0200: 3,964: Total time for which application threads were stopped: 0,0004037 seconds, Stopping threads took: 0,0000434 seconds
2017-05-26T23:27:02.450+0200: 4,049: Total time for which application threads were stopped: 0,0007333 seconds, Stopping threads took: 0,0003741 seconds
2017-05-26T23:27:02.459+0200: 4,058: Total time for which application threads were stopped: 0,0001365 seconds, Stopping threads took: 0,0000392 seconds
2017-05-26T23:27:02.459+0200: 4,058: Total time for which application threads were stopped: 0,0000860 seconds, Stopping threads took: 0,0000257 seconds
2017-05-26T23:27:02.460+0200: 4,059: Total time for which application threads were stopped: 0,0001057 seconds, Stopping threads took: 0,0000278 seconds
2017-05-26T23:27:02.461+0200: 4,060: Total time for which application threads were stopped: 0,0004134 seconds, Stopping threads took: 0,0000127 seconds
2017-05-26T23:27:02.461+0200: 4,060: Total time for which application threads were stopped: 0,0000672 seconds, Stopping threads took: 0,0000098 seconds
2017-05-26T23:27:02.463+0200: 4,062: Total time for which application threads were stopped: 0,0001061 seconds, Stopping threads took: 0,0000310 seconds
2017-05-26T23:27:02.464+0200: 4,063: Total time for which application threads were stopped: 0,0001194 seconds, Stopping threads took: 0,0000509 seconds
2017-05-26T23:27:02.467+0200: 4,066: Total time for which application threads were stopped: 0,0001126 seconds, Stopping threads took: 0,0000421 seconds
2017-05-26T23:27:02.468+0200: 4,066: Total time for which application threads were stopped: 0,0000940 seconds, Stopping threads took: 0,0000291 seconds
2017-05-26T23:27:02.468+0200: 4,067: Total time for which application threads were stopped: 0,0001043 seconds, Stopping threads took: 0,0000332 seconds
2017-05-26T23:27:02.472+0200: 4,071: Total time for which application threads were stopped: 0,0000926 seconds, Stopping threads took: 0,0000222 seconds
2017-05-26T23:27:02.477+0200: 4,076: Total time for which application threads were stopped: 0,0001096 seconds, Stopping threads took: 0,0000335 seconds
2017-05-26T23:27:03.477+0200: 5,076: Total time for which application threads were stopped: 0,0000962 seconds, Stopping threads took: 0,0000173 seconds
2017-05-26T23:27:04.478+0200: 6,077: Total time for which application threads were stopped: 0,0000672 seconds, Stopping threads took: 0,0000160 seconds
2017-05-26T23:27:20.483+0200: 22,082: Total time for which application threads were stopped: 0,0000906 seconds, Stopping threads took: 0,0000222 seconds
2017-05-26T23:27:29.843+0200: 32,083: Total time for which application threads were stopped: 0,0000638 seconds, Stopping threads took: 0,0000172 seconds
2017-05-26T23:28:54.855+0200: 117,094: Total time for which application threads were stopped: 0,0000882 seconds, Stopping threads took: 0,0000378 seconds
2017-05-26T23:28:59.855+0200: 122,095: Total time for which application threads were stopped: 0,0001689 seconds, Stopping threads took: 0,0000170 seconds
{Heap before GC invocations=9 (full 1):
 par new generation   total 109248K, used 93325K [0x00000000e0000000, 0x00000000e8000000, 0x00000000e8000000)
  eden space 87424K, 100% used [0x00000000e0000000, 0x00000000e5560000, 0x00000000e5560000)
  from space 21824K,  27% used [0x00000000e6ab0000, 0x00000000e7073420, 0x00000000e8000000)
  to   space 21824K,   0% used [0x00000000e5560000, 0x00000000e5560000, 0x00000000e6ab0000)
 concurrent mark-sweep generation total 393216K, used 6064K [0x00000000e8000000, 0x0000000100000000, 0x0000000100000000)
 Metaspace       used 28016K, capacity 28564K, committed 28796K, reserved 1075200K
  class space    used 3213K, capacity 3391K, committed 3452K, reserved 1048576K
2017-05-26T23:29:48.682+0200: 170,922: [GC (Allocation Failure) 2017-05-26T23:29:48.682+0200: 170,922: [ParNew
Desired survivor size 20112992 bytes, new threshold 8 (max 8)
- age   1:   10429384 bytes,   10429384 total
- age   2:     533776 bytes,   10963160 total
- age   3:     248544 bytes,   11211704 total
- age   4:    1803000 bytes,   13014704 total
- age   5:      71152 bytes,   13085856 total
- age   6:     103176 bytes,   13189032 total
- age   8:     177632 bytes,   13366664 total
: 93325K->14025K(109248K), 0,0150116 secs] 99389K->20924K(502464K), 0,0150910 secs] [Times: user=0,04 sys=0,00, real=0,01 secs] 
Heap after GC invocations=10 (full 1):
 par new generation   total 109248K, used 14025K [0x00000000e0000000, 0x00000000e8000000, 0x00000000e8000000)
  eden space 87424K,   0% used [0x00000000e0000000, 0x00000000e0000000, 0x00000000e5560000)
  from space 21824K,  64% used [0x00000000e5560000, 0x00000000e63124c8, 0x00000000e6ab0000)
  to   space 21824K,   0% used [0x00000000e6ab0000, 0x00000000e6ab0000, 0x00000000e8000000)
 concurrent mark-sweep generation total 393216K, used 6899K [0x00000000e8000000, 0x0000000100000000, 0x0000000100000000)
 Metaspace       used 28016K, capacity 28564K, committed 28796K, reserved 1075200K
  class space    used 3213K, capacity 3391K, committed 3452K, reserved 1048576K
}
2017-05-26T23:29:48.697+0200: 170,937: Total time for which application threads were stopped: 0,0152655 seconds, Stopping threads took: 0,0000382 seconds
2017-05-26T23:29:58.698+0200: 180,938: Total time for which application threads were stopped: 0,0000771 seconds, Stopping threads took: 0,0000208 seconds
2017-05-26T23:31:28.710+0200: 270,950: Total time for which application threads were stopped: 0,0000827 seconds, Stopping threads took: 0,0000300 seconds
2017-05-26T23:50:23.841+0200: 1406,081: Total time for which application threads were stopped: 0,0000893 seconds, Stopping threads took: 0,0000328 seconds
2017-05-26T23:55:13.875+0200: 1696,115: Total time for which application threads were stopped: 0,0001127 seconds, Stopping threads took: 0,0000429 seconds
2017-05-27T00:05:18.945+0200: 2301,185: Total time for which application threads were stopped: 0,0000859 seconds, Stopping threads took: 0,0000318 seconds
2017-05-27T00:05:19.945+0200: 2302,185: Total time for which application threads were stopped: 0,0000638 seconds, Stopping threads took: 0,0000155 seconds
2017-05-27T00:22:15.064+0200: 3317,304: Total time for which application threads were stopped: 0,0011928 seconds, Stopping threads took: 0,0006234 seconds
2017-05-27T00:32:09.132+0200: 3911,372: Total time for which application threads were stopped: 0,0001312 seconds, Stopping threads took: 0,0000483 seconds
2017-05-27T00:32:14.133+0200: 3916,373: Total time for which application threads were stopped: 0,0001189 seconds, Stopping threads took: 0,0000276 seconds
2017-05-27T00:33:00.139+0200: 3962,379: Total time for which application threads were stopped: 0,0000795 seconds, Stopping threads took: 0,0000321 seconds
2017-05-27T00:48:55.247+0200: 4917,487: Total time for which application threads were stopped: 0,0000780 seconds, Stopping threads took: 0,0000313 seconds
2017-05-27T00:49:10.249+0200: 4932,489: Total time for which application threads were stopped: 0,0000623 seconds, Stopping threads took: 0,0000156 seconds
2017-05-27T01:18:50.459+0200: 6712,699: Total time for which application threads were stopped: 0,0000936 seconds, Stopping threads took: 0,0000388 seconds
2017-05-27T01:26:00.508+0200: 7142,748: Total time for which application threads were stopped: 0,0000802 seconds, Stopping threads took: 0,0000318 seconds
2017-05-27T01:27:59.521+0200: 7261,761: Total time for which application threads were stopped: 0,0000993 seconds, Stopping threads took: 0,0000327 seconds
2017-05-27T01:28:59.528+0200: 7321,768: Total time for which application threads were stopped: 0,0000810 seconds, Stopping threads took: 0,0000321 seconds
2017-05-27T01:31:00.737+0200: 7442,977: Total time for which application threads were stopped: 0,0004923 seconds, Stopping threads took: 0,0000213 seconds
2017-05-27T01:31:00.748+0200: 7442,988: Total time for which application threads were stopped: 0,0050538 seconds, Stopping threads took: 0,0000331 seconds
2017-05-27T01:31:00.778+0200: 7443,018: Total time for which application threads were stopped: 0,0003828 seconds, Stopping threads took: 0,0000236 seconds
2017-05-27T01:31:00.782+0200: 7443,022: Total time for which application threads were stopped: 0,0001364 seconds, Stopping threads took: 0,0000228 seconds
Heap
 par new generation   total 109248K, used 35719K [0x00000000e0000000, 0x00000000e8000000, 0x00000000e8000000)
  eden space 87424K,  24% used [0x00000000e0000000, 0x00000000e152f748, 0x00000000e5560000)
  from space 21824K,  64% used [0x00000000e5560000, 0x00000000e63124c8, 0x00000000e6ab0000)
  to   space 21824K,   0% used [0x00000000e6ab0000, 0x00000000e6ab0000, 0x00000000e8000000)
 concurrent mark-sweep generation total 393216K, used 6899K [0x00000000e8000000, 0x0000000100000000, 0x0000000100000000)
 Metaspace       used 28139K, capacity 28732K, committed 29052K, reserved 1075200K
  class space    used 3227K, capacity 3425K, committed 3452K, reserved 1048576K
