OpenJDK 64-Bit Server VM (25.111-b14) for linux-amd64 JRE (1.8.0_111-8u111-b14-2ubuntu0.16.04.2-b14), built on Oct 27 2016 18:10:19 by "buildd" with gcc 5.4.0 20160609
Memory: 4k page, physical 7867840k(7445124k free), swap 8076284k(8076284k free)
CommandLine flags: -XX:CMSInitiatingOccupancyFraction=50 -XX:CMSMaxAbortablePrecleanTime=6000 -XX:+CMSParallelRemarkEnabled -XX:+CMSScavengeBeforeRemark -XX:ConcGCThreads=4 -XX:InitialHeapSize=536870912 -XX:MaxHeapSize=536870912 -XX:MaxTenuringThreshold=8 -XX:NewRatio=3 -XX:OldPLABSize=16 -XX:OnOutOfMemoryError=/opt/solr/bin/oom_solr.sh 8983 /var/solr/logs -XX:ParallelGCThreads=4 -XX:+ParallelRefProcEnabled -XX:PretenureSizeThreshold=67108864 -XX:+PrintGC -XX:+PrintGCApplicationStoppedTime -XX:+PrintGCDateStamps -XX:+PrintGCDetails -XX:+PrintGCTimeStamps -XX:+PrintHeapAtGC -XX:+PrintTenuringDistribution -XX:SurvivorRatio=4 -XX:TargetSurvivorRatio=90 -XX:ThreadStackSize=256 -XX:+UseCMSInitiatingOccupancyOnly -XX:+UseCompressedClassPointers -XX:+UseCompressedOops -XX:+UseConcMarkSweepGC -XX:+UseParNewGC 
2016-12-13T00:49:50.652+0100: 0,125: Total time for which application threads were stopped: 0,0000705 seconds, Stopping threads took: 0,0000127 seconds
2016-12-13T00:49:50.754+0100: 0,227: Total time for which application threads were stopped: 0,0001068 seconds, Stopping threads took: 0,0000148 seconds
2016-12-13T00:49:50.764+0100: 0,237: Total time for which application threads were stopped: 0,0000709 seconds, Stopping threads took: 0,0000110 seconds
2016-12-13T00:49:50.927+0100: 0,400: Total time for which application threads were stopped: 0,0001267 seconds, Stopping threads took: 0,0000160 seconds
2016-12-13T00:49:51.498+0100: 0,971: Total time for which application threads were stopped: 0,0001802 seconds, Stopping threads took: 0,0000135 seconds
2016-12-13T00:49:51.581+0100: 1,054: Total time for which application threads were stopped: 0,0001854 seconds, Stopping threads took: 0,0000234 seconds
2016-12-13T00:49:51.659+0100: 1,132: Total time for which application threads were stopped: 0,0001962 seconds, Stopping threads took: 0,0000213 seconds
2016-12-13T00:49:51.915+0100: 1,388: Total time for which application threads were stopped: 0,0001784 seconds, Stopping threads took: 0,0000158 seconds
2016-12-13T00:49:52.111+0100: 1,584: Total time for which application threads were stopped: 0,0001932 seconds, Stopping threads took: 0,0000120 seconds
2016-12-13T00:49:52.138+0100: 1,611: Total time for which application threads were stopped: 0,0002369 seconds, Stopping threads took: 0,0000209 seconds
2016-12-13T00:49:52.139+0100: 1,612: Total time for which application threads were stopped: 0,0002488 seconds, Stopping threads took: 0,0000324 seconds
2016-12-13T00:49:52.154+0100: 1,626: Total time for which application threads were stopped: 0,0002179 seconds, Stopping threads took: 0,0000187 seconds
2016-12-13T00:49:52.259+0100: 1,732: Total time for which application threads were stopped: 0,0004876 seconds, Stopping threads took: 0,0000230 seconds
2016-12-13T00:49:52.432+0100: 1,905: Total time for which application threads were stopped: 0,0002246 seconds, Stopping threads took: 0,0000271 seconds
{Heap before GC invocations=0 (full 0):
 par new generation   total 109248K, used 87424K [0x00000000e0000000, 0x00000000e8000000, 0x00000000e8000000)
  eden space 87424K, 100% used [0x00000000e0000000, 0x00000000e5560000, 0x00000000e5560000)
  from space 21824K,   0% used [0x00000000e5560000, 0x00000000e5560000, 0x00000000e6ab0000)
  to   space 21824K,   0% used [0x00000000e6ab0000, 0x00000000e6ab0000, 0x00000000e8000000)
 concurrent mark-sweep generation total 393216K, used 0K [0x00000000e8000000, 0x0000000100000000, 0x0000000100000000)
 Metaspace       used 18100K, capacity 18366K, committed 18560K, reserved 1064960K
  class space    used 2054K, capacity 2162K, committed 2176K, reserved 1048576K
2016-12-13T00:49:52.574+0100: 2,047: [GC (Allocation Failure) 2016-12-13T00:49:52.574+0100: 2,047: [ParNew
Desired survivor size 20112992 bytes, new threshold 8 (max 8)
- age   1:   12328288 bytes,   12328288 total
: 87424K->12142K(109248K), 0,0162802 secs] 87424K->12142K(502464K), 0,0163672 secs] [Times: user=0,03 sys=0,03, real=0,01 secs] 
Heap after GC invocations=1 (full 0):
 par new generation   total 109248K, used 12142K [0x00000000e0000000, 0x00000000e8000000, 0x00000000e8000000)
  eden space 87424K,   0% used [0x00000000e0000000, 0x00000000e0000000, 0x00000000e5560000)
  from space 21824K,  55% used [0x00000000e6ab0000, 0x00000000e768ba18, 0x00000000e8000000)
  to   space 21824K,   0% used [0x00000000e5560000, 0x00000000e5560000, 0x00000000e6ab0000)
 concurrent mark-sweep generation total 393216K, used 0K [0x00000000e8000000, 0x0000000100000000, 0x0000000100000000)
 Metaspace       used 18100K, capacity 18366K, committed 18560K, reserved 1064960K
  class space    used 2054K, capacity 2162K, committed 2176K, reserved 1048576K
}
2016-12-13T00:49:52.590+0100: 2,063: Total time for which application threads were stopped: 0,0165476 seconds, Stopping threads took: 0,0000171 seconds
2016-12-13T00:49:52.765+0100: 2,238: Total time for which application threads were stopped: 0,0002686 seconds, Stopping threads took: 0,0000224 seconds
2016-12-13T00:49:52.799+0100: 2,272: Total time for which application threads were stopped: 0,0026600 seconds, Stopping threads took: 0,0024178 seconds
2016-12-13T00:49:52.827+0100: 2,300: Total time for which application threads were stopped: 0,0003716 seconds, Stopping threads took: 0,0000283 seconds
{Heap before GC invocations=1 (full 0):
 par new generation   total 109248K, used 99566K [0x00000000e0000000, 0x00000000e8000000, 0x00000000e8000000)
  eden space 87424K, 100% used [0x00000000e0000000, 0x00000000e5560000, 0x00000000e5560000)
  from space 21824K,  55% used [0x00000000e6ab0000, 0x00000000e768ba18, 0x00000000e8000000)
  to   space 21824K,   0% used [0x00000000e5560000, 0x00000000e5560000, 0x00000000e6ab0000)
 concurrent mark-sweep generation total 393216K, used 0K [0x00000000e8000000, 0x0000000100000000, 0x0000000100000000)
 Metaspace       used 20739K, capacity 21084K, committed 21248K, reserved 1069056K
  class space    used 2404K, capacity 2518K, committed 2560K, reserved 1048576K
2016-12-13T00:49:52.994+0100: 2,467: [GC (Allocation Failure) 2016-12-13T00:49:52.994+0100: 2,467: [ParNew
Desired survivor size 20112992 bytes, new threshold 8 (max 8)
- age   1:    3385160 bytes,    3385160 total
- age   2:    6100952 bytes,    9486112 total
: 99566K->13066K(109248K), 0,0187791 secs] 99566K->13066K(502464K), 0,0188569 secs] [Times: user=0,07 sys=0,00, real=0,02 secs] 
Heap after GC invocations=2 (full 0):
 par new generation   total 109248K, used 13066K [0x00000000e0000000, 0x00000000e8000000, 0x00000000e8000000)
  eden space 87424K,   0% used [0x00000000e0000000, 0x00000000e0000000, 0x00000000e5560000)
  from space 21824K,  59% used [0x00000000e5560000, 0x00000000e62228d8, 0x00000000e6ab0000)
  to   space 21824K,   0% used [0x00000000e6ab0000, 0x00000000e6ab0000, 0x00000000e8000000)
 concurrent mark-sweep generation total 393216K, used 0K [0x00000000e8000000, 0x0000000100000000, 0x0000000100000000)
 Metaspace       used 20739K, capacity 21084K, committed 21248K, reserved 1069056K
  class space    used 2404K, capacity 2518K, committed 2560K, reserved 1048576K
}
2016-12-13T00:49:53.013+0100: 2,486: Total time for which application threads were stopped: 0,0190648 seconds, Stopping threads took: 0,0000514 seconds
2016-12-13T00:49:53.060+0100: 2,533: Total time for which application threads were stopped: 0,0000730 seconds, Stopping threads took: 0,0000128 seconds
2016-12-13T00:49:53.097+0100: 2,569: Total time for which application threads were stopped: 0,0000727 seconds, Stopping threads took: 0,0000127 seconds
2016-12-13T00:49:53.097+0100: 2,570: Total time for which application threads were stopped: 0,0002523 seconds, Stopping threads took: 0,0000181 seconds
2016-12-13T00:49:53.123+0100: 2,596: Total time for which application threads were stopped: 0,0000730 seconds, Stopping threads took: 0,0000130 seconds
2016-12-13T00:49:53.195+0100: 2,668: Total time for which application threads were stopped: 0,0001197 seconds, Stopping threads took: 0,0000261 seconds
2016-12-13T00:49:53.219+0100: 2,692: Total time for which application threads were stopped: 0,0000940 seconds, Stopping threads took: 0,0000231 seconds
2016-12-13T00:49:53.228+0100: 2,701: Total time for which application threads were stopped: 0,0003109 seconds, Stopping threads took: 0,0000273 seconds
2016-12-13T00:49:53.234+0100: 2,707: Total time for which application threads were stopped: 0,0000757 seconds, Stopping threads took: 0,0000222 seconds
2016-12-13T00:49:53.235+0100: 2,708: Total time for which application threads were stopped: 0,0002588 seconds, Stopping threads took: 0,0000184 seconds
2016-12-13T00:49:53.272+0100: 2,745: Total time for which application threads were stopped: 0,0001127 seconds, Stopping threads took: 0,0000285 seconds
2016-12-13T00:49:53.289+0100: 2,762: Total time for which application threads were stopped: 0,0000891 seconds, Stopping threads took: 0,0000205 seconds
2016-12-13T00:49:53.309+0100: 2,782: Total time for which application threads were stopped: 0,0000973 seconds, Stopping threads took: 0,0000284 seconds
2016-12-13T00:49:53.325+0100: 2,798: Total time for which application threads were stopped: 0,0000873 seconds, Stopping threads took: 0,0000241 seconds
2016-12-13T00:49:53.347+0100: 2,820: Total time for which application threads were stopped: 0,0000852 seconds, Stopping threads took: 0,0000122 seconds
2016-12-13T00:49:53.408+0100: 2,881: Total time for which application threads were stopped: 0,0001099 seconds, Stopping threads took: 0,0000336 seconds
2016-12-13T00:49:53.439+0100: 2,912: Total time for which application threads were stopped: 0,0001326 seconds, Stopping threads took: 0,0000536 seconds
{Heap before GC invocations=2 (full 0):
 par new generation   total 109248K, used 100490K [0x00000000e0000000, 0x00000000e8000000, 0x00000000e8000000)
  eden space 87424K, 100% used [0x00000000e0000000, 0x00000000e5560000, 0x00000000e5560000)
  from space 21824K,  59% used [0x00000000e5560000, 0x00000000e62228d8, 0x00000000e6ab0000)
  to   space 21824K,   0% used [0x00000000e6ab0000, 0x00000000e6ab0000, 0x00000000e8000000)
 concurrent mark-sweep generation total 393216K, used 0K [0x00000000e8000000, 0x0000000100000000, 0x0000000100000000)
 Metaspace       used 24870K, capacity 25220K, committed 25536K, reserved 1071104K
  class space    used 2896K, capacity 3024K, committed 3144K, reserved 1048576K
2016-12-13T00:49:53.467+0100: 2,940: [GC (Allocation Failure) 2016-12-13T00:49:53.467+0100: 2,940: [ParNew
Desired survivor size 20112992 bytes, new threshold 8 (max 8)
- age   1:    6686040 bytes,    6686040 total
- age   2:     550552 bytes,    7236592 total
- age   3:    6093880 bytes,   13330472 total
: 100490K->16021K(109248K), 0,0161128 secs] 100490K->16021K(502464K), 0,0162042 secs] [Times: user=0,05 sys=0,00, real=0,02 secs] 
Heap after GC invocations=3 (full 0):
 par new generation   total 109248K, used 16021K [0x00000000e0000000, 0x00000000e8000000, 0x00000000e8000000)
  eden space 87424K,   0% used [0x00000000e0000000, 0x00000000e0000000, 0x00000000e5560000)
  from space 21824K,  73% used [0x00000000e6ab0000, 0x00000000e7a55660, 0x00000000e8000000)
  to   space 21824K,   0% used [0x00000000e5560000, 0x00000000e5560000, 0x00000000e6ab0000)
 concurrent mark-sweep generation total 393216K, used 0K [0x00000000e8000000, 0x0000000100000000, 0x0000000100000000)
 Metaspace       used 24870K, capacity 25220K, committed 25536K, reserved 1071104K
  class space    used 2896K, capacity 3024K, committed 3144K, reserved 1048576K
}
2016-12-13T00:49:53.483+0100: 2,956: Total time for which application threads were stopped: 0,0164041 seconds, Stopping threads took: 0,0000692 seconds
2016-12-13T00:49:53.483+0100: 2,956: [GC (CMS Initial Mark) [1 CMS-initial-mark: 0K(393216K)] 17428K(502464K), 0,0033353 secs] [Times: user=0,01 sys=0,00, real=0,00 secs] 
2016-12-13T00:49:53.486+0100: 2,959: Total time for which application threads were stopped: 0,0034684 seconds, Stopping threads took: 0,0000477 seconds
2016-12-13T00:49:53.486+0100: 2,959: [CMS-concurrent-mark-start]
2016-12-13T00:49:53.487+0100: 2,960: [CMS-concurrent-mark: 0,001/0,001 secs] [Times: user=0,00 sys=0,00, real=0,00 secs] 
2016-12-13T00:49:53.488+0100: 2,960: [CMS-concurrent-preclean-start]
2016-12-13T00:49:53.489+0100: 2,962: [CMS-concurrent-preclean: 0,001/0,001 secs] [Times: user=0,01 sys=0,00, real=0,00 secs] 
2016-12-13T00:49:53.489+0100: 2,962: [GC (CMS Final Remark) [YG occupancy: 17798 K (109248 K)]{Heap before GC invocations=3 (full 1):
 par new generation   total 109248K, used 17798K [0x00000000e0000000, 0x00000000e8000000, 0x00000000e8000000)
  eden space 87424K,   2% used [0x00000000e0000000, 0x00000000e01bc330, 0x00000000e5560000)
  from space 21824K,  73% used [0x00000000e6ab0000, 0x00000000e7a55660, 0x00000000e8000000)
  to   space 21824K,   0% used [0x00000000e5560000, 0x00000000e5560000, 0x00000000e6ab0000)
 concurrent mark-sweep generation total 393216K, used 0K [0x00000000e8000000, 0x0000000100000000, 0x0000000100000000)
 Metaspace       used 24878K, capacity 25220K, committed 25536K, reserved 1071104K
  class space    used 2897K, capacity 3024K, committed 3144K, reserved 1048576K
2016-12-13T00:49:53.489+0100: 2,962: [GC (CMS Final Remark) 2016-12-13T00:49:53.489+0100: 2,962: [ParNew
Desired survivor size 20112992 bytes, new threshold 8 (max 8)
- age   1:       5736 bytes,       5736 total
- age   2:    3147128 bytes,    3152864 total
- age   3:     550576 bytes,    3703440 total
- age   4:    6093480 bytes,    9796920 total
: 17798K->13873K(109248K), 0,0127706 secs] 17798K->13873K(502464K), 0,0128130 secs] [Times: user=0,05 sys=0,00, real=0,01 secs] 
Heap after GC invocations=4 (full 1):
 par new generation   total 109248K, used 13873K [0x00000000e0000000, 0x00000000e8000000, 0x00000000e8000000)
  eden space 87424K,   0% used [0x00000000e0000000, 0x00000000e0000000, 0x00000000e5560000)
  from space 21824K,  63% used [0x00000000e5560000, 0x00000000e62ec570, 0x00000000e6ab0000)
  to   space 21824K,   0% used [0x00000000e6ab0000, 0x00000000e6ab0000, 0x00000000e8000000)
 concurrent mark-sweep generation total 393216K, used 0K [0x00000000e8000000, 0x0000000100000000, 0x0000000100000000)
 Metaspace       used 24878K, capacity 25220K, committed 25536K, reserved 1071104K
  class space    used 2897K, capacity 3024K, committed 3144K, reserved 1048576K
}
2016-12-13T00:49:53.502+0100: 2,975: [Rescan (parallel) , 0,0040079 secs]2016-12-13T00:49:53.506+0100: 2,979: [weak refs processing, 0,0007062 secs]2016-12-13T00:49:53.507+0100: 2,980: [class unloading, 0,0031467 secs]2016-12-13T00:49:53.510+0100: 2,983: [scrub symbol table, 0,0033612 secs]2016-12-13T00:49:53.513+0100: 2,986: [scrub string table, 0,0004109 secs][1 CMS-remark: 0K(393216K)] 13873K(502464K), 0,0251859 secs] [Times: user=0,07 sys=0,00, real=0,03 secs] 
2016-12-13T00:49:53.514+0100: 2,987: Total time for which application threads were stopped: 0,0253258 seconds, Stopping threads took: 0,0000538 seconds
2016-12-13T00:49:53.514+0100: 2,987: [CMS-concurrent-sweep-start]
2016-12-13T00:49:53.514+0100: 2,987: [CMS-concurrent-sweep: 0,000/0,000 secs] [Times: user=0,00 sys=0,00, real=0,00 secs] 
2016-12-13T00:49:53.514+0100: 2,987: [CMS-concurrent-reset-start]
2016-12-13T00:49:53.516+0100: 2,989: [CMS-concurrent-reset: 0,002/0,002 secs] [Times: user=0,00 sys=0,00, real=0,00 secs] 
2016-12-13T00:49:54.515+0100: 3,988: Total time for which application threads were stopped: 0,0000930 seconds, Stopping threads took: 0,0000165 seconds
2016-12-13T00:49:54.576+0100: 4,049: Total time for which application threads were stopped: 0,0002724 seconds, Stopping threads took: 0,0000153 seconds
2016-12-13T00:50:22.579+0100: 32,052: Total time for which application threads were stopped: 0,0000720 seconds, Stopping threads took: 0,0000327 seconds
2016-12-13T00:50:51.343+0100: 60,816: Total time for which application threads were stopped: 0,0001274 seconds, Stopping threads took: 0,0000345 seconds
Heap
 par new generation   total 109248K, used 44948K [0x00000000e0000000, 0x00000000e8000000, 0x00000000e8000000)
  eden space 87424K,  35% used [0x00000000e0000000, 0x00000000e1e58ab8, 0x00000000e5560000)
  from space 21824K,  63% used [0x00000000e5560000, 0x00000000e62ec570, 0x00000000e6ab0000)
  to   space 21824K,   0% used [0x00000000e6ab0000, 0x00000000e6ab0000, 0x00000000e8000000)
 concurrent mark-sweep generation total 393216K, used 0K [0x00000000e8000000, 0x0000000100000000, 0x0000000100000000)
 Metaspace       used 27152K, capacity 27594K, committed 27972K, reserved 1073152K
  class space    used 3160K, capacity 3319K, committed 3400K, reserved 1048576K
