OpenJDK 64-Bit Server VM (25.131-b11) for linux-amd64 JRE (1.8.0_131-8u131-b11-0ubuntu1.16.04.2-b11), built on May  6 2017 02:45:27 by "buildd" with gcc 5.4.0 20160609
Memory: 4k page, physical 7867740k(7427548k free), swap 8076284k(8076284k free)
CommandLine flags: -XX:CMSInitiatingOccupancyFraction=50 -XX:CMSMaxAbortablePrecleanTime=6000 -XX:+CMSParallelRemarkEnabled -XX:+CMSScavengeBeforeRemark -XX:ConcGCThreads=4 -XX:InitialHeapSize=536870912 -XX:MaxHeapSize=536870912 -XX:MaxTenuringThreshold=8 -XX:NewRatio=3 -XX:OldPLABSize=16 -XX:OnOutOfMemoryError=/opt/solr/bin/oom_solr.sh 8983 /var/solr/logs -XX:ParallelGCThreads=4 -XX:+ParallelRefProcEnabled -XX:PretenureSizeThreshold=67108864 -XX:+PrintGC -XX:+PrintGCApplicationStoppedTime -XX:+PrintGCDateStamps -XX:+PrintGCDetails -XX:+PrintGCTimeStamps -XX:+PrintHeapAtGC -XX:+PrintTenuringDistribution -XX:SurvivorRatio=4 -XX:TargetSurvivorRatio=90 -XX:ThreadStackSize=256 -XX:+UseCMSInitiatingOccupancyOnly -XX:+UseCompressedClassPointers -XX:+UseCompressedOops -XX:+UseConcMarkSweepGC -XX:+UseParNewGC 
2017-07-25T17:33:38.355+0200: 0,149: Total time for which application threads were stopped: 0,0000671 seconds, Stopping threads took: 0,0000129 seconds
2017-07-25T17:33:38.456+0200: 0,251: Total time for which application threads were stopped: 0,0001080 seconds, Stopping threads took: 0,0000135 seconds
2017-07-25T17:33:38.469+0200: 0,264: Total time for which application threads were stopped: 0,0000857 seconds, Stopping threads took: 0,0000135 seconds
2017-07-25T17:33:38.703+0200: 0,497: Total time for which application threads were stopped: 0,0001175 seconds, Stopping threads took: 0,0000108 seconds
2017-07-25T17:33:39.151+0200: 0,945: Total time for which application threads were stopped: 0,0002004 seconds, Stopping threads took: 0,0000188 seconds
2017-07-25T17:33:39.292+0200: 1,087: Total time for which application threads were stopped: 0,0001883 seconds, Stopping threads took: 0,0000281 seconds
2017-07-25T17:33:39.377+0200: 1,172: Total time for which application threads were stopped: 0,0003887 seconds, Stopping threads took: 0,0000486 seconds
2017-07-25T17:33:39.710+0200: 1,505: Total time for which application threads were stopped: 0,0001824 seconds, Stopping threads took: 0,0000135 seconds
2017-07-25T17:33:39.958+0200: 1,753: Total time for which application threads were stopped: 0,0001950 seconds, Stopping threads took: 0,0000145 seconds
2017-07-25T17:33:39.986+0200: 1,781: Total time for which application threads were stopped: 0,0002498 seconds, Stopping threads took: 0,0000604 seconds
2017-07-25T17:33:40.020+0200: 1,815: Total time for which application threads were stopped: 0,0002626 seconds, Stopping threads took: 0,0000662 seconds
2017-07-25T17:33:40.021+0200: 1,816: Total time for which application threads were stopped: 0,0002112 seconds, Stopping threads took: 0,0000607 seconds
2017-07-25T17:33:40.038+0200: 1,833: Total time for which application threads were stopped: 0,0001718 seconds, Stopping threads took: 0,0000190 seconds
2017-07-25T17:33:40.141+0200: 1,936: Total time for which application threads were stopped: 0,0002848 seconds, Stopping threads took: 0,0000336 seconds
2017-07-25T17:33:40.320+0200: 2,115: Total time for which application threads were stopped: 0,0007857 seconds, Stopping threads took: 0,0003674 seconds
{Heap before GC invocations=0 (full 0):
 par new generation   total 109248K, used 87424K [0x00000000e0000000, 0x00000000e8000000, 0x00000000e8000000)
  eden space 87424K, 100% used [0x00000000e0000000, 0x00000000e5560000, 0x00000000e5560000)
  from space 21824K,   0% used [0x00000000e5560000, 0x00000000e5560000, 0x00000000e6ab0000)
  to   space 21824K,   0% used [0x00000000e6ab0000, 0x00000000e6ab0000, 0x00000000e8000000)
 concurrent mark-sweep generation total 393216K, used 0K [0x00000000e8000000, 0x0000000100000000, 0x0000000100000000)
 Metaspace       used 17997K, capacity 18336K, committed 18688K, reserved 1064960K
  class space    used 2036K, capacity 2196K, committed 2304K, reserved 1048576K
2017-07-25T17:33:40.406+0200: 2,200: [GC (Allocation Failure) 2017-07-25T17:33:40.406+0200: 2,201: [ParNew
Desired survivor size 20112992 bytes, new threshold 8 (max 8)
- age   1:   12389056 bytes,   12389056 total
: 87424K->12202K(109248K), 0,0157076 secs] 87424K->12202K(502464K), 0,0157874 secs] [Times: user=0,04 sys=0,02, real=0,01 secs] 
Heap after GC invocations=1 (full 0):
 par new generation   total 109248K, used 12202K [0x00000000e0000000, 0x00000000e8000000, 0x00000000e8000000)
  eden space 87424K,   0% used [0x00000000e0000000, 0x00000000e0000000, 0x00000000e5560000)
  from space 21824K,  55% used [0x00000000e6ab0000, 0x00000000e769a9e0, 0x00000000e8000000)
  to   space 21824K,   0% used [0x00000000e5560000, 0x00000000e5560000, 0x00000000e6ab0000)
 concurrent mark-sweep generation total 393216K, used 0K [0x00000000e8000000, 0x0000000100000000, 0x0000000100000000)
 Metaspace       used 17997K, capacity 18336K, committed 18688K, reserved 1064960K
  class space    used 2036K, capacity 2196K, committed 2304K, reserved 1048576K
}
2017-07-25T17:33:40.422+0200: 2,216: Total time for which application threads were stopped: 0,0159907 seconds, Stopping threads took: 0,0000265 seconds
2017-07-25T17:33:40.708+0200: 2,502: Total time for which application threads were stopped: 0,0003823 seconds, Stopping threads took: 0,0001061 seconds
{Heap before GC invocations=1 (full 0):
 par new generation   total 109248K, used 99626K [0x00000000e0000000, 0x00000000e8000000, 0x00000000e8000000)
  eden space 87424K, 100% used [0x00000000e0000000, 0x00000000e5560000, 0x00000000e5560000)
  from space 21824K,  55% used [0x00000000e6ab0000, 0x00000000e769a9e0, 0x00000000e8000000)
  to   space 21824K,   0% used [0x00000000e5560000, 0x00000000e5560000, 0x00000000e6ab0000)
 concurrent mark-sweep generation total 393216K, used 0K [0x00000000e8000000, 0x0000000100000000, 0x0000000100000000)
 Metaspace       used 20049K, capacity 20376K, committed 20736K, reserved 1067008K
  class space    used 2297K, capacity 2474K, committed 2560K, reserved 1048576K
2017-07-25T17:33:40.760+0200: 2,554: [GC (Allocation Failure) 2017-07-25T17:33:40.760+0200: 2,554: [ParNew
Desired survivor size 20112992 bytes, new threshold 8 (max 8)
- age   1:    3742744 bytes,    3742744 total
- age   2:    6649408 bytes,   10392152 total
: 99626K->13639K(109248K), 0,0182670 secs] 99626K->13639K(502464K), 0,0183498 secs] [Times: user=0,07 sys=0,00, real=0,02 secs] 
Heap after GC invocations=2 (full 0):
 par new generation   total 109248K, used 13639K [0x00000000e0000000, 0x00000000e8000000, 0x00000000e8000000)
  eden space 87424K,   0% used [0x00000000e0000000, 0x00000000e0000000, 0x00000000e5560000)
  from space 21824K,  62% used [0x00000000e5560000, 0x00000000e62b1ea8, 0x00000000e6ab0000)
  to   space 21824K,   0% used [0x00000000e6ab0000, 0x00000000e6ab0000, 0x00000000e8000000)
 concurrent mark-sweep generation total 393216K, used 0K [0x00000000e8000000, 0x0000000100000000, 0x0000000100000000)
 Metaspace       used 20049K, capacity 20376K, committed 20736K, reserved 1067008K
  class space    used 2297K, capacity 2474K, committed 2560K, reserved 1048576K
}
2017-07-25T17:33:40.778+0200: 2,573: Total time for which application threads were stopped: 0,0186389 seconds, Stopping threads took: 0,0001196 seconds
2017-07-25T17:33:40.782+0200: 2,577: Total time for which application threads were stopped: 0,0003426 seconds, Stopping threads took: 0,0000444 seconds
2017-07-25T17:33:40.816+0200: 2,610: Total time for which application threads were stopped: 0,0004347 seconds, Stopping threads took: 0,0000688 seconds
2017-07-25T17:33:40.953+0200: 2,748: Total time for which application threads were stopped: 0,0002090 seconds, Stopping threads took: 0,0000551 seconds
{Heap before GC invocations=2 (full 0):
 par new generation   total 109248K, used 101063K [0x00000000e0000000, 0x00000000e8000000, 0x00000000e8000000)
  eden space 87424K, 100% used [0x00000000e0000000, 0x00000000e5560000, 0x00000000e5560000)
  from space 21824K,  62% used [0x00000000e5560000, 0x00000000e62b1ea8, 0x00000000e6ab0000)
  to   space 21824K,   0% used [0x00000000e6ab0000, 0x00000000e6ab0000, 0x00000000e8000000)
 concurrent mark-sweep generation total 393216K, used 0K [0x00000000e8000000, 0x0000000100000000, 0x0000000100000000)
 Metaspace       used 20943K, capacity 21297K, committed 21552K, reserved 1069056K
  class space    used 2420K, capacity 2593K, committed 2608K, reserved 1048576K
2017-07-25T17:33:40.970+0200: 2,765: [GC (Allocation Failure) 2017-07-25T17:33:40.970+0200: 2,765: [ParNew
Desired survivor size 20112992 bytes, new threshold 8 (max 8)
- age   1:    2029080 bytes,    2029080 total
- age   2:     862440 bytes,    2891520 total
- age   3:    6645576 bytes,    9537096 total
: 101063K->11508K(109248K), 0,0091324 secs] 101063K->11508K(502464K), 0,0092570 secs] [Times: user=0,03 sys=0,00, real=0,01 secs] 
Heap after GC invocations=3 (full 0):
 par new generation   total 109248K, used 11508K [0x00000000e0000000, 0x00000000e8000000, 0x00000000e8000000)
  eden space 87424K,   0% used [0x00000000e0000000, 0x00000000e0000000, 0x00000000e5560000)
  from space 21824K,  52% used [0x00000000e6ab0000, 0x00000000e75ed180, 0x00000000e8000000)
  to   space 21824K,   0% used [0x00000000e5560000, 0x00000000e5560000, 0x00000000e6ab0000)
 concurrent mark-sweep generation total 393216K, used 0K [0x00000000e8000000, 0x0000000100000000, 0x0000000100000000)
 Metaspace       used 20943K, capacity 21297K, committed 21552K, reserved 1069056K
  class space    used 2420K, capacity 2593K, committed 2608K, reserved 1048576K
}
2017-07-25T17:33:40.979+0200: 2,774: Total time for which application threads were stopped: 0,0110799 seconds, Stopping threads took: 0,0016915 seconds
2017-07-25T17:33:40.987+0200: 2,782: [GC (CMS Initial Mark) [1 CMS-initial-mark: 0K(393216K)] 14488K(502464K), 0,0039743 secs] [Times: user=0,01 sys=0,00, real=0,00 secs] 
2017-07-25T17:33:40.991+0200: 2,786: Total time for which application threads were stopped: 0,0041577 seconds, Stopping threads took: 0,0000704 seconds
2017-07-25T17:33:40.991+0200: 2,786: [CMS-concurrent-mark-start]
2017-07-25T17:33:40.992+0200: 2,787: [CMS-concurrent-mark: 0,001/0,001 secs] [Times: user=0,00 sys=0,00, real=0,00 secs] 
2017-07-25T17:33:40.992+0200: 2,787: [CMS-concurrent-preclean-start]
2017-07-25T17:33:40.993+0200: 2,788: [CMS-concurrent-preclean: 0,001/0,001 secs] [Times: user=0,01 sys=0,00, real=0,00 secs] 
2017-07-25T17:33:40.993+0200: 2,788: [CMS-concurrent-abortable-preclean-start]
2017-07-25T17:33:41.112+0200: 2,906: Total time for which application threads were stopped: 0,0001945 seconds, Stopping threads took: 0,0000742 seconds
{Heap before GC invocations=3 (full 1):
 par new generation   total 109248K, used 98932K [0x00000000e0000000, 0x00000000e8000000, 0x00000000e8000000)
  eden space 87424K, 100% used [0x00000000e0000000, 0x00000000e5560000, 0x00000000e5560000)
  from space 21824K,  52% used [0x00000000e6ab0000, 0x00000000e75ed180, 0x00000000e8000000)
  to   space 21824K,   0% used [0x00000000e5560000, 0x00000000e5560000, 0x00000000e6ab0000)
 concurrent mark-sweep generation total 393216K, used 0K [0x00000000e8000000, 0x0000000100000000, 0x0000000100000000)
 Metaspace       used 21237K, capacity 21579K, committed 21756K, reserved 1069056K
  class space    used 2449K, capacity 2609K, committed 2736K, reserved 1048576K
2017-07-25T17:33:41.129+0200: 2,924: [GC (Allocation Failure) 2017-07-25T17:33:41.129+0200: 2,924: [ParNew
Desired survivor size 20112992 bytes, new threshold 8 (max 8)
- age   1:     882624 bytes,     882624 total
- age   2:    1453280 bytes,    2335904 total
- age   3:     831064 bytes,    3166968 total
- age   4:    6645600 bytes,    9812568 total
: 98932K->14741K(109248K), 0,0111724 secs] 98932K->14741K(502464K), 0,0112417 secs] [Times: user=0,04 sys=0,00, real=0,01 secs] 
Heap after GC invocations=4 (full 1):
 par new generation   total 109248K, used 14741K [0x00000000e0000000, 0x00000000e8000000, 0x00000000e8000000)
  eden space 87424K,   0% used [0x00000000e0000000, 0x00000000e0000000, 0x00000000e5560000)
  from space 21824K,  67% used [0x00000000e5560000, 0x00000000e63c5640, 0x00000000e6ab0000)
  to   space 21824K,   0% used [0x00000000e6ab0000, 0x00000000e6ab0000, 0x00000000e8000000)
 concurrent mark-sweep generation total 393216K, used 0K [0x00000000e8000000, 0x0000000100000000, 0x0000000100000000)
 Metaspace       used 21237K, capacity 21579K, committed 21756K, reserved 1069056K
  class space    used 2449K, capacity 2609K, committed 2736K, reserved 1048576K
}
2017-07-25T17:33:41.140+0200: 2,935: Total time for which application threads were stopped: 0,0115644 seconds, Stopping threads took: 0,0001929 seconds
{Heap before GC invocations=4 (full 1):
 par new generation   total 109248K, used 102165K [0x00000000e0000000, 0x00000000e8000000, 0x00000000e8000000)
  eden space 87424K, 100% used [0x00000000e0000000, 0x00000000e5560000, 0x00000000e5560000)
  from space 21824K,  67% used [0x00000000e5560000, 0x00000000e63c5640, 0x00000000e6ab0000)
  to   space 21824K,   0% used [0x00000000e6ab0000, 0x00000000e6ab0000, 0x00000000e8000000)
 concurrent mark-sweep generation total 393216K, used 0K [0x00000000e8000000, 0x0000000100000000, 0x0000000100000000)
 Metaspace       used 21395K, capacity 21815K, committed 21960K, reserved 1069056K
  class space    used 2469K, capacity 2643K, committed 2736K, reserved 1048576K
2017-07-25T17:33:41.226+0200: 3,021: [GC (Allocation Failure) 2017-07-25T17:33:41.226+0200: 3,021: [ParNew
Desired survivor size 20112992 bytes, new threshold 8 (max 8)
- age   1:     644256 bytes,     644256 total
- age   2:     186808 bytes,     831064 total
- age   3:    1452664 bytes,    2283728 total
- age   4:     827112 bytes,    3110840 total
- age   5:    6645776 bytes,    9756616 total
: 102165K->11253K(109248K), 0,0109166 secs] 102165K->11253K(502464K), 0,0109928 secs] [Times: user=0,04 sys=0,00, real=0,01 secs] 
Heap after GC invocations=5 (full 1):
 par new generation   total 109248K, used 11253K [0x00000000e0000000, 0x00000000e8000000, 0x00000000e8000000)
  eden space 87424K,   0% used [0x00000000e0000000, 0x00000000e0000000, 0x00000000e5560000)
  from space 21824K,  51% used [0x00000000e6ab0000, 0x00000000e75ad7a0, 0x00000000e8000000)
  to   space 21824K,   0% used [0x00000000e5560000, 0x00000000e5560000, 0x00000000e6ab0000)
 concurrent mark-sweep generation total 393216K, used 0K [0x00000000e8000000, 0x0000000100000000, 0x0000000100000000)
 Metaspace       used 21395K, capacity 21815K, committed 21960K, reserved 1069056K
  class space    used 2469K, capacity 2643K, committed 2736K, reserved 1048576K
}
2017-07-25T17:33:41.237+0200: 3,032: Total time for which application threads were stopped: 0,0126938 seconds, Stopping threads took: 0,0015701 seconds
2017-07-25T17:33:41.237+0200: 3,032: [CMS-concurrent-abortable-preclean: 0,095/0,244 secs] [Times: user=0,89 sys=0,01, real=0,25 secs] 
2017-07-25T17:33:41.237+0200: 3,032: [GC (CMS Final Remark) [YG occupancy: 12551 K (109248 K)]{Heap before GC invocations=5 (full 1):
 par new generation   total 109248K, used 12551K [0x00000000e0000000, 0x00000000e8000000, 0x00000000e8000000)
  eden space 87424K,   1% used [0x00000000e0000000, 0x00000000e0144650, 0x00000000e5560000)
  from space 21824K,  51% used [0x00000000e6ab0000, 0x00000000e75ad7a0, 0x00000000e8000000)
  to   space 21824K,   0% used [0x00000000e5560000, 0x00000000e5560000, 0x00000000e6ab0000)
 concurrent mark-sweep generation total 393216K, used 0K [0x00000000e8000000, 0x0000000100000000, 0x0000000100000000)
 Metaspace       used 21395K, capacity 21815K, committed 21960K, reserved 1069056K
  class space    used 2469K, capacity 2643K, committed 2736K, reserved 1048576K
2017-07-25T17:33:41.237+0200: 3,032: [GC (CMS Final Remark) 2017-07-25T17:33:41.237+0200: 3,032: [ParNew
Desired survivor size 20112992 bytes, new threshold 8 (max 8)
- age   1:      81128 bytes,      81128 total
- age   2:     595040 bytes,     676168 total
- age   3:     186808 bytes,     862976 total
- age   4:    1452664 bytes,    2315640 total
- age   5:     827112 bytes,    3142752 total
- age   6:    6645728 bytes,    9788480 total
: 12551K->16542K(109248K), 0,0095640 secs] 12551K->16542K(502464K), 0,0096004 secs] [Times: user=0,03 sys=0,00, real=0,01 secs] 
Heap after GC invocations=6 (full 1):
 par new generation   total 109248K, used 16542K [0x00000000e0000000, 0x00000000e8000000, 0x00000000e8000000)
  eden space 87424K,   0% used [0x00000000e0000000, 0x00000000e0000000, 0x00000000e5560000)
  from space 21824K,  75% used [0x00000000e5560000, 0x00000000e6587a00, 0x00000000e6ab0000)
  to   space 21824K,   0% used [0x00000000e6ab0000, 0x00000000e6ab0000, 0x00000000e8000000)
 concurrent mark-sweep generation total 393216K, used 0K [0x00000000e8000000, 0x0000000100000000, 0x0000000100000000)
 Metaspace       used 21395K, capacity 21815K, committed 21960K, reserved 1069056K
  class space    used 2469K, capacity 2643K, committed 2736K, reserved 1048576K
}
2017-07-25T17:33:41.247+0200: 3,042: [Rescan (parallel) , 0,0032678 secs]2017-07-25T17:33:41.250+0200: 3,045: [weak refs processing, 0,0008429 secs]2017-07-25T17:33:41.251+0200: 3,046: [class unloading, 0,0028013 secs]2017-07-25T17:33:41.254+0200: 3,049: [scrub symbol table, 0,0032145 secs]2017-07-25T17:33:41.257+0200: 3,052: [scrub string table, 0,0003943 secs][1 CMS-remark: 0K(393216K)] 16542K(502464K), 0,0207796 secs] [Times: user=0,05 sys=0,00, real=0,02 secs] 
2017-07-25T17:33:41.258+0200: 3,053: Total time for which application threads were stopped: 0,0208859 seconds, Stopping threads took: 0,0000342 seconds
2017-07-25T17:33:41.262+0200: 3,057: [CMS-concurrent-sweep-start]
2017-07-25T17:33:41.262+0200: 3,057: [CMS-concurrent-sweep: 0,000/0,000 secs] [Times: user=0,00 sys=0,00, real=0,00 secs] 
2017-07-25T17:33:41.262+0200: 3,057: [CMS-concurrent-reset-start]
2017-07-25T17:33:41.265+0200: 3,059: [CMS-concurrent-reset: 0,002/0,002 secs] [Times: user=0,01 sys=0,00, real=0,00 secs] 
2017-07-25T17:33:41.299+0200: 3,094: Total time for which application threads were stopped: 0,0003088 seconds, Stopping threads took: 0,0000214 seconds
2017-07-25T17:33:41.529+0200: 3,323: Total time for which application threads were stopped: 0,0004496 seconds, Stopping threads took: 0,0000371 seconds
2017-07-25T17:33:41.550+0200: 3,344: Total time for which application threads were stopped: 0,0003899 seconds, Stopping threads took: 0,0000246 seconds
{Heap before GC invocations=6 (full 1):
 par new generation   total 109248K, used 103966K [0x00000000e0000000, 0x00000000e8000000, 0x00000000e8000000)
  eden space 87424K, 100% used [0x00000000e0000000, 0x00000000e5560000, 0x00000000e5560000)
  from space 21824K,  75% used [0x00000000e5560000, 0x00000000e6587a00, 0x00000000e6ab0000)
  to   space 21824K,   0% used [0x00000000e6ab0000, 0x00000000e6ab0000, 0x00000000e8000000)
 concurrent mark-sweep generation total 393216K, used 0K [0x00000000e8000000, 0x0000000100000000, 0x0000000100000000)
 Metaspace       used 23913K, capacity 24407K, committed 24624K, reserved 1071104K
  class space    used 2827K, capacity 3017K, committed 3120K, reserved 1048576K
2017-07-25T17:33:41.704+0200: 3,499: [GC (Allocation Failure) 2017-07-25T17:33:41.704+0200: 3,499: [ParNew
Desired survivor size 20112992 bytes, new threshold 8 (max 8)
- age   1:    5323184 bytes,    5323184 total
- age   3:     115480 bytes,    5438664 total
- age   4:     185408 bytes,    5624072 total
- age   5:     282800 bytes,    5906872 total
- age   6:     802784 bytes,    6709656 total
- age   7:    6637504 bytes,   13347160 total
: 103966K->15601K(109248K), 0,0129785 secs] 103966K->15601K(502464K), 0,0130609 secs] [Times: user=0,05 sys=0,00, real=0,01 secs] 
Heap after GC invocations=7 (full 1):
 par new generation   total 109248K, used 15601K [0x00000000e0000000, 0x00000000e8000000, 0x00000000e8000000)
  eden space 87424K,   0% used [0x00000000e0000000, 0x00000000e0000000, 0x00000000e5560000)
  from space 21824K,  71% used [0x00000000e6ab0000, 0x00000000e79ec570, 0x00000000e8000000)
  to   space 21824K,   0% used [0x00000000e5560000, 0x00000000e5560000, 0x00000000e6ab0000)
 concurrent mark-sweep generation total 393216K, used 0K [0x00000000e8000000, 0x0000000100000000, 0x0000000100000000)
 Metaspace       used 23913K, capacity 24407K, committed 24624K, reserved 1071104K
  class space    used 2827K, capacity 3017K, committed 3120K, reserved 1048576K
}
2017-07-25T17:33:41.718+0200: 3,512: Total time for which application threads were stopped: 0,0133369 seconds, Stopping threads took: 0,0000645 seconds
{Heap before GC invocations=7 (full 1):
 par new generation   total 109248K, used 103025K [0x00000000e0000000, 0x00000000e8000000, 0x00000000e8000000)
  eden space 87424K, 100% used [0x00000000e0000000, 0x00000000e5560000, 0x00000000e5560000)
  from space 21824K,  71% used [0x00000000e6ab0000, 0x00000000e79ec570, 0x00000000e8000000)
  to   space 21824K,   0% used [0x00000000e5560000, 0x00000000e5560000, 0x00000000e6ab0000)
 concurrent mark-sweep generation total 393216K, used 0K [0x00000000e8000000, 0x0000000100000000, 0x0000000100000000)
 Metaspace       used 24433K, capacity 24893K, committed 25136K, reserved 1071104K
  class space    used 2864K, capacity 3050K, committed 3120K, reserved 1048576K
2017-07-25T17:33:41.826+0200: 3,621: [GC (Allocation Failure) 2017-07-25T17:33:41.826+0200: 3,621: [ParNew
Desired survivor size 20112992 bytes, new threshold 8 (max 8)
- age   1:    1860184 bytes,    1860184 total
- age   2:    1784208 bytes,    3644392 total
- age   4:      70192 bytes,    3714584 total
- age   5:      96584 bytes,    3811168 total
- age   6:     183664 bytes,    3994832 total
- age   7:     759792 bytes,    4754624 total
- age   8:    6104672 bytes,   10859296 total
: 103025K->13612K(109248K), 0,0253784 secs] 103025K->13612K(502464K), 0,0254629 secs] [Times: user=0,08 sys=0,00, real=0,02 secs] 
Heap after GC invocations=8 (full 1):
 par new generation   total 109248K, used 13612K [0x00000000e0000000, 0x00000000e8000000, 0x00000000e8000000)
  eden space 87424K,   0% used [0x00000000e0000000, 0x00000000e0000000, 0x00000000e5560000)
  from space 21824K,  62% used [0x00000000e5560000, 0x00000000e62ab2a0, 0x00000000e6ab0000)
  to   space 21824K,   0% used [0x00000000e6ab0000, 0x00000000e6ab0000, 0x00000000e8000000)
 concurrent mark-sweep generation total 393216K, used 0K [0x00000000e8000000, 0x0000000100000000, 0x0000000100000000)
 Metaspace       used 24433K, capacity 24893K, committed 25136K, reserved 1071104K
  class space    used 2864K, capacity 3050K, committed 3120K, reserved 1048576K
}
2017-07-25T17:33:41.852+0200: 3,647: Total time for which application threads were stopped: 0,0288481 seconds, Stopping threads took: 0,0031898 seconds
{Heap before GC invocations=8 (full 1):
 par new generation   total 109248K, used 101036K [0x00000000e0000000, 0x00000000e8000000, 0x00000000e8000000)
  eden space 87424K, 100% used [0x00000000e0000000, 0x00000000e5560000, 0x00000000e5560000)
  from space 21824K,  62% used [0x00000000e5560000, 0x00000000e62ab2a0, 0x00000000e6ab0000)
  to   space 21824K,   0% used [0x00000000e6ab0000, 0x00000000e6ab0000, 0x00000000e8000000)
 concurrent mark-sweep generation total 393216K, used 0K [0x00000000e8000000, 0x0000000100000000, 0x0000000100000000)
 Metaspace       used 24806K, capacity 25271K, committed 25392K, reserved 1071104K
  class space    used 2900K, capacity 3087K, committed 3120K, reserved 1048576K
2017-07-25T17:33:41.942+0200: 3,737: [GC (Allocation Failure) 2017-07-25T17:33:41.942+0200: 3,737: [ParNew
Desired survivor size 20112992 bytes, new threshold 8 (max 8)
- age   1:     729512 bytes,     729512 total
- age   2:    1007056 bytes,    1736568 total
- age   3:    1761552 bytes,    3498120 total
- age   5:      70192 bytes,    3568312 total
- age   6:      96480 bytes,    3664792 total
- age   7:     183664 bytes,    3848456 total
- age   8:     759792 bytes,    4608248 total
: 101036K->10675K(109248K), 0,0267754 secs] 101036K->16719K(502464K), 0,0268427 secs] [Times: user=0,10 sys=0,00, real=0,03 secs] 
Heap after GC invocations=9 (full 1):
 par new generation   total 109248K, used 10675K [0x00000000e0000000, 0x00000000e8000000, 0x00000000e8000000)
  eden space 87424K,   0% used [0x00000000e0000000, 0x00000000e0000000, 0x00000000e5560000)
  from space 21824K,  48% used [0x00000000e6ab0000, 0x00000000e751cfe0, 0x00000000e8000000)
  to   space 21824K,   0% used [0x00000000e5560000, 0x00000000e5560000, 0x00000000e6ab0000)
 concurrent mark-sweep generation total 393216K, used 6043K [0x00000000e8000000, 0x0000000100000000, 0x0000000100000000)
 Metaspace       used 24806K, capacity 25271K, committed 25392K, reserved 1071104K
  class space    used 2900K, capacity 3087K, committed 3120K, reserved 1048576K
}
2017-07-25T17:33:41.969+0200: 3,763: Total time for which application threads were stopped: 0,0291395 seconds, Stopping threads took: 0,0021182 seconds
2017-07-25T17:33:42.261+0200: 4,056: Total time for which application threads were stopped: 0,0005876 seconds, Stopping threads took: 0,0001247 seconds
2017-07-25T17:33:42.262+0200: 4,057: Total time for which application threads were stopped: 0,0002394 seconds, Stopping threads took: 0,0001243 seconds
2017-07-25T17:33:42.275+0200: 4,070: Total time for which application threads were stopped: 0,0001534 seconds, Stopping threads took: 0,0000437 seconds
2017-07-25T17:33:42.276+0200: 4,071: Total time for which application threads were stopped: 0,0001172 seconds, Stopping threads took: 0,0000452 seconds
2017-07-25T17:33:42.276+0200: 4,071: Total time for which application threads were stopped: 0,0000812 seconds, Stopping threads took: 0,0000243 seconds
2017-07-25T17:33:42.279+0200: 4,074: Total time for which application threads were stopped: 0,0001222 seconds, Stopping threads took: 0,0000426 seconds
2017-07-25T17:33:42.280+0200: 4,074: Total time for which application threads were stopped: 0,0001240 seconds, Stopping threads took: 0,0000302 seconds
2017-07-25T17:33:42.282+0200: 4,076: Total time for which application threads were stopped: 0,0001622 seconds, Stopping threads took: 0,0000483 seconds
2017-07-25T17:33:42.286+0200: 4,081: Total time for which application threads were stopped: 0,0002111 seconds, Stopping threads took: 0,0000927 seconds
2017-07-25T17:33:42.287+0200: 4,082: Total time for which application threads were stopped: 0,0001896 seconds, Stopping threads took: 0,0000839 seconds
2017-07-25T17:33:42.287+0200: 4,082: Total time for which application threads were stopped: 0,0001101 seconds, Stopping threads took: 0,0000302 seconds
2017-07-25T17:33:42.288+0200: 4,083: Total time for which application threads were stopped: 0,0001442 seconds, Stopping threads took: 0,0000421 seconds
2017-07-25T17:33:42.291+0200: 4,086: Total time for which application threads were stopped: 0,0001555 seconds, Stopping threads took: 0,0000461 seconds
2017-07-25T17:33:42.291+0200: 4,086: Total time for which application threads were stopped: 0,0001213 seconds, Stopping threads took: 0,0000302 seconds
2017-07-25T17:33:42.298+0200: 4,093: Total time for which application threads were stopped: 0,0047588 seconds, Stopping threads took: 0,0046569 seconds
2017-07-25T17:33:42.306+0200: 4,100: Total time for which application threads were stopped: 0,0005233 seconds, Stopping threads took: 0,0000396 seconds
2017-07-25T17:33:42.323+0200: 4,117: Total time for which application threads were stopped: 0,0005598 seconds, Stopping threads took: 0,0000636 seconds
2017-07-25T17:33:42.328+0200: 4,123: Total time for which application threads were stopped: 0,0001342 seconds, Stopping threads took: 0,0000324 seconds
2017-07-25T17:33:42.329+0200: 4,124: Total time for which application threads were stopped: 0,0001405 seconds, Stopping threads took: 0,0000373 seconds
2017-07-25T17:33:42.333+0200: 4,127: Total time for which application threads were stopped: 0,0001416 seconds, Stopping threads took: 0,0000388 seconds
2017-07-25T17:33:42.334+0200: 4,129: Total time for which application threads were stopped: 0,0001247 seconds, Stopping threads took: 0,0000341 seconds
2017-07-25T17:33:42.338+0200: 4,133: Total time for which application threads were stopped: 0,0001507 seconds, Stopping threads took: 0,0000244 seconds
2017-07-25T17:33:42.339+0200: 4,134: Total time for which application threads were stopped: 0,0002196 seconds, Stopping threads took: 0,0000354 seconds
2017-07-25T17:33:42.340+0200: 4,135: Total time for which application threads were stopped: 0,0001122 seconds, Stopping threads took: 0,0000367 seconds
2017-07-25T17:33:42.387+0200: 4,182: Total time for which application threads were stopped: 0,0004272 seconds, Stopping threads took: 0,0000669 seconds
2017-07-25T17:33:42.393+0200: 4,188: Total time for which application threads were stopped: 0,0001052 seconds, Stopping threads took: 0,0000445 seconds
2017-07-25T17:33:42.395+0200: 4,190: Total time for which application threads were stopped: 0,0000988 seconds, Stopping threads took: 0,0000298 seconds
2017-07-25T17:33:42.396+0200: 4,190: Total time for which application threads were stopped: 0,0000721 seconds, Stopping threads took: 0,0000226 seconds
2017-07-25T17:33:42.401+0200: 4,196: Total time for which application threads were stopped: 0,0001468 seconds, Stopping threads took: 0,0000657 seconds
2017-07-25T17:33:42.407+0200: 4,202: Total time for which application threads were stopped: 0,0001229 seconds, Stopping threads took: 0,0000387 seconds
2017-07-25T17:33:42.408+0200: 4,202: Total time for which application threads were stopped: 0,0000988 seconds, Stopping threads took: 0,0000278 seconds
2017-07-25T17:33:42.408+0200: 4,203: Total time for which application threads were stopped: 0,0001008 seconds, Stopping threads took: 0,0000344 seconds
2017-07-25T17:33:42.409+0200: 4,204: Total time for which application threads were stopped: 0,0000957 seconds, Stopping threads took: 0,0000294 seconds
2017-07-25T17:33:42.410+0200: 4,205: Total time for which application threads were stopped: 0,0001191 seconds, Stopping threads took: 0,0000349 seconds
2017-07-25T17:33:42.411+0200: 4,205: Total time for which application threads were stopped: 0,0000774 seconds, Stopping threads took: 0,0000202 seconds
2017-07-25T17:33:42.411+0200: 4,206: Total time for which application threads were stopped: 0,0000621 seconds, Stopping threads took: 0,0000169 seconds
2017-07-25T17:33:42.411+0200: 4,206: Total time for which application threads were stopped: 0,0000567 seconds, Stopping threads took: 0,0000162 seconds
2017-07-25T17:33:42.411+0200: 4,206: Total time for which application threads were stopped: 0,0000537 seconds, Stopping threads took: 0,0000141 seconds
2017-07-25T17:33:42.411+0200: 4,206: Total time for which application threads were stopped: 0,0000693 seconds, Stopping threads took: 0,0000192 seconds
2017-07-25T17:33:42.411+0200: 4,206: Total time for which application threads were stopped: 0,0000548 seconds, Stopping threads took: 0,0000169 seconds
2017-07-25T17:33:42.412+0200: 4,206: Total time for which application threads were stopped: 0,0000710 seconds, Stopping threads took: 0,0000190 seconds
2017-07-25T17:33:42.412+0200: 4,206: Total time for which application threads were stopped: 0,0000607 seconds, Stopping threads took: 0,0000168 seconds
2017-07-25T17:33:42.412+0200: 4,207: Total time for which application threads were stopped: 0,0000532 seconds, Stopping threads took: 0,0000180 seconds
2017-07-25T17:33:42.412+0200: 4,207: Total time for which application threads were stopped: 0,0000669 seconds, Stopping threads took: 0,0000179 seconds
2017-07-25T17:33:42.412+0200: 4,207: Total time for which application threads were stopped: 0,0000553 seconds, Stopping threads took: 0,0000170 seconds
2017-07-25T17:33:42.412+0200: 4,207: Total time for which application threads were stopped: 0,0000615 seconds, Stopping threads took: 0,0000175 seconds
2017-07-25T17:33:42.413+0200: 4,207: Total time for which application threads were stopped: 0,0001362 seconds, Stopping threads took: 0,0000145 seconds
2017-07-25T17:33:42.419+0200: 4,213: Total time for which application threads were stopped: 0,0001132 seconds, Stopping threads took: 0,0000333 seconds
2017-07-25T17:33:42.425+0200: 4,220: Total time for which application threads were stopped: 0,0001628 seconds, Stopping threads took: 0,0000629 seconds
2017-07-25T17:33:42.428+0200: 4,223: Total time for which application threads were stopped: 0,0001360 seconds, Stopping threads took: 0,0000657 seconds
2017-07-25T17:33:42.441+0200: 4,236: Total time for which application threads were stopped: 0,0001411 seconds, Stopping threads took: 0,0000417 seconds
2017-07-25T17:33:42.466+0200: 4,261: Total time for which application threads were stopped: 0,0044891 seconds, Stopping threads took: 0,0043941 seconds
2017-07-25T17:33:42.490+0200: 4,285: Total time for which application threads were stopped: 0,0001271 seconds, Stopping threads took: 0,0000383 seconds
2017-07-25T17:33:42.491+0200: 4,286: Total time for which application threads were stopped: 0,0003727 seconds, Stopping threads took: 0,0000172 seconds
2017-07-25T17:33:42.491+0200: 4,286: Total time for which application threads were stopped: 0,0000948 seconds, Stopping threads took: 0,0000277 seconds
2017-07-25T17:33:42.497+0200: 4,291: Total time for which application threads were stopped: 0,0001332 seconds, Stopping threads took: 0,0000478 seconds
2017-07-25T17:33:43.497+0200: 5,291: Total time for which application threads were stopped: 0,0000661 seconds, Stopping threads took: 0,0000187 seconds
2017-07-25T17:33:44.497+0200: 6,292: Total time for which application threads were stopped: 0,0000710 seconds, Stopping threads took: 0,0000183 seconds
2017-07-25T17:34:00.498+0200: 22,293: Total time for which application threads were stopped: 0,0000719 seconds, Stopping threads took: 0,0000207 seconds
2017-07-25T17:34:10.504+0200: 32,299: Total time for which application threads were stopped: 0,0000740 seconds, Stopping threads took: 0,0000194 seconds
2017-07-25T17:35:20.512+0200: 102,307: Total time for which application threads were stopped: 0,0000856 seconds, Stopping threads took: 0,0000326 seconds
{Heap before GC invocations=9 (full 1):
 par new generation   total 109248K, used 98099K [0x00000000e0000000, 0x00000000e8000000, 0x00000000e8000000)
  eden space 87424K, 100% used [0x00000000e0000000, 0x00000000e5560000, 0x00000000e5560000)
  from space 21824K,  48% used [0x00000000e6ab0000, 0x00000000e751cfe0, 0x00000000e8000000)
  to   space 21824K,   0% used [0x00000000e5560000, 0x00000000e5560000, 0x00000000e6ab0000)
 concurrent mark-sweep generation total 393216K, used 6043K [0x00000000e8000000, 0x0000000100000000, 0x0000000100000000)
 Metaspace       used 28001K, capacity 28497K, committed 28848K, reserved 1075200K
  class space    used 3213K, capacity 3392K, committed 3504K, reserved 1048576K
2017-07-25T17:36:29.189+0200: 170,984: [GC (Allocation Failure) 2017-07-25T17:36:29.189+0200: 170,984: [ParNew
Desired survivor size 20112992 bytes, new threshold 8 (max 8)
- age   1:   10936944 bytes,   10936944 total
- age   2:     223656 bytes,   11160600 total
- age   3:     227848 bytes,   11388448 total
- age   4:    1755976 bytes,   13144424 total
- age   6:      70192 bytes,   13214616 total
- age   7:      93840 bytes,   13308456 total
- age   8:     183080 bytes,   13491536 total
: 98099K->14716K(109248K), 0,0170452 secs] 104143K->21588K(502464K), 0,0171121 secs] [Times: user=0,06 sys=0,00, real=0,02 secs] 
Heap after GC invocations=10 (full 1):
 par new generation   total 109248K, used 14716K [0x00000000e0000000, 0x00000000e8000000, 0x00000000e8000000)
  eden space 87424K,   0% used [0x00000000e0000000, 0x00000000e0000000, 0x00000000e5560000)
  from space 21824K,  67% used [0x00000000e5560000, 0x00000000e63bf010, 0x00000000e6ab0000)
  to   space 21824K,   0% used [0x00000000e6ab0000, 0x00000000e6ab0000, 0x00000000e8000000)
 concurrent mark-sweep generation total 393216K, used 6872K [0x00000000e8000000, 0x0000000100000000, 0x0000000100000000)
 Metaspace       used 28001K, capacity 28497K, committed 28848K, reserved 1075200K
  class space    used 3213K, capacity 3392K, committed 3504K, reserved 1048576K
}
2017-07-25T17:36:29.206+0200: 171,001: Total time for which application threads were stopped: 0,0172693 seconds, Stopping threads took: 0,0000323 seconds
2017-07-25T17:36:29.206+0200: 171,001: Total time for which application threads were stopped: 0,0000601 seconds, Stopping threads took: 0,0000177 seconds
2017-07-25T17:36:29.208+0200: 171,003: Total time for which application threads were stopped: 0,0001776 seconds, Stopping threads took: 0,0000836 seconds
2017-07-25T17:36:39.209+0200: 181,004: Total time for which application threads were stopped: 0,0000688 seconds, Stopping threads took: 0,0000173 seconds
2017-07-25T17:38:09.218+0200: 271,013: Total time for which application threads were stopped: 0,0000837 seconds, Stopping threads took: 0,0000321 seconds
2017-07-25T17:38:55.223+0200: 317,018: Total time for which application threads were stopped: 0,0000946 seconds, Stopping threads took: 0,0000380 seconds
2017-07-25T17:39:34.228+0200: 356,023: Total time for which application threads were stopped: 0,0000829 seconds, Stopping threads took: 0,0000312 seconds
2017-07-25T17:46:15.270+0200: 757,065: Total time for which application threads were stopped: 0,0000987 seconds, Stopping threads took: 0,0000310 seconds
2017-07-25T17:46:30.272+0200: 772,066: Total time for which application threads were stopped: 0,0000647 seconds, Stopping threads took: 0,0000147 seconds
2017-07-25T17:57:29.345+0200: 1431,140: Total time for which application threads were stopped: 0,0001561 seconds, Stopping threads took: 0,0000538 seconds
2017-07-25T18:02:09.377+0200: 1711,172: Total time for which application threads were stopped: 0,0000819 seconds, Stopping threads took: 0,0000294 seconds
2017-07-25T18:13:20.448+0200: 2382,242: Total time for which application threads were stopped: 0,0004403 seconds, Stopping threads took: 0,0001948 seconds
2017-07-25T18:13:24.448+0200: 2386,243: Total time for which application threads were stopped: 0,0000856 seconds, Stopping threads took: 0,0000188 seconds
2017-07-25T18:14:40.456+0200: 2462,251: Total time for which application threads were stopped: 0,0000802 seconds, Stopping threads took: 0,0000313 seconds
2017-07-25T18:36:55.610+0200: 3797,405: Total time for which application threads were stopped: 0,0000908 seconds, Stopping threads took: 0,0000354 seconds
2017-07-25T18:37:49.617+0200: 3851,412: Total time for which application threads were stopped: 0,0000882 seconds, Stopping threads took: 0,0000331 seconds
2017-07-25T18:59:15.759+0200: 5137,554: Total time for which application threads were stopped: 0,0000802 seconds, Stopping threads took: 0,0000317 seconds
2017-07-25T18:59:35.761+0200: 5157,556: Total time for which application threads were stopped: 0,0001905 seconds, Stopping threads took: 0,0000745 seconds
2017-07-25T19:07:01.341+0200: 5603,136: Total time for which application threads were stopped: 0,0445899 seconds, Stopping threads took: 0,0444987 seconds
2017-07-25T19:07:01.343+0200: 5603,138: Total time for which application threads were stopped: 0,0000993 seconds, Stopping threads took: 0,0000298 seconds
2017-07-25T19:07:01.344+0200: 5603,139: Total time for which application threads were stopped: 0,0001190 seconds, Stopping threads took: 0,0000423 seconds
2017-07-25T19:07:01.345+0200: 5603,140: Total time for which application threads were stopped: 0,0000952 seconds, Stopping threads took: 0,0000304 seconds
2017-07-25T19:07:01.346+0200: 5603,140: Total time for which application threads were stopped: 0,0000700 seconds, Stopping threads took: 0,0000125 seconds
2017-07-25T19:07:01.359+0200: 5603,153: Total time for which application threads were stopped: 0,0002686 seconds, Stopping threads took: 0,0001909 seconds
2017-07-25T19:07:01.362+0200: 5603,157: Total time for which application threads were stopped: 0,0000931 seconds, Stopping threads took: 0,0000181 seconds
2017-07-25T19:07:01.365+0200: 5603,160: Total time for which application threads were stopped: 0,0001178 seconds, Stopping threads took: 0,0000540 seconds
2017-07-25T19:07:01.368+0200: 5603,163: Total time for which application threads were stopped: 0,0014378 seconds, Stopping threads took: 0,0013487 seconds
2017-07-25T19:07:01.371+0200: 5603,166: Total time for which application threads were stopped: 0,0001143 seconds, Stopping threads took: 0,0000429 seconds
2017-07-25T19:07:01.372+0200: 5603,166: Total time for which application threads were stopped: 0,0000837 seconds, Stopping threads took: 0,0000213 seconds
2017-07-25T19:07:01.377+0200: 5603,171: Total time for which application threads were stopped: 0,0000960 seconds, Stopping threads took: 0,0000178 seconds
2017-07-25T19:07:01.379+0200: 5603,173: Total time for which application threads were stopped: 0,0000964 seconds, Stopping threads took: 0,0000168 seconds
2017-07-25T19:07:01.379+0200: 5603,173: Total time for which application threads were stopped: 0,0000558 seconds, Stopping threads took: 0,0000144 seconds
2017-07-25T19:07:01.379+0200: 5603,173: Total time for which application threads were stopped: 0,0000483 seconds, Stopping threads took: 0,0000127 seconds
2017-07-25T19:07:01.379+0200: 5603,174: Total time for which application threads were stopped: 0,0000453 seconds, Stopping threads took: 0,0000143 seconds
2017-07-25T19:07:01.379+0200: 5603,174: Total time for which application threads were stopped: 0,0000442 seconds, Stopping threads took: 0,0000138 seconds
2017-07-25T19:07:01.379+0200: 5603,174: Total time for which application threads were stopped: 0,0000358 seconds, Stopping threads took: 0,0000051 seconds
2017-07-25T19:07:01.379+0200: 5603,174: Total time for which application threads were stopped: 0,0000744 seconds, Stopping threads took: 0,0000269 seconds
2017-07-25T19:07:01.384+0200: 5603,179: Total time for which application threads were stopped: 0,0000860 seconds, Stopping threads took: 0,0000160 seconds
2017-07-25T19:07:01.384+0200: 5603,179: Total time for which application threads were stopped: 0,0000519 seconds, Stopping threads took: 0,0000137 seconds
2017-07-25T19:07:01.400+0200: 5603,195: Total time for which application threads were stopped: 0,0089074 seconds, Stopping threads took: 0,0088112 seconds
2017-07-25T19:07:01.410+0200: 5603,204: Total time for which application threads were stopped: 0,0001178 seconds, Stopping threads took: 0,0000324 seconds
2017-07-25T19:07:01.410+0200: 5603,205: Total time for which application threads were stopped: 0,0000971 seconds, Stopping threads took: 0,0000281 seconds
2017-07-25T19:07:01.410+0200: 5603,205: Total time for which application threads were stopped: 0,0000537 seconds, Stopping threads took: 0,0000168 seconds
2017-07-25T19:07:01.411+0200: 5603,205: Total time for which application threads were stopped: 0,0000446 seconds, Stopping threads took: 0,0000148 seconds
2017-07-25T19:07:01.411+0200: 5603,205: Total time for which application threads were stopped: 0,0000358 seconds, Stopping threads took: 0,0000053 seconds
2017-07-25T19:07:01.411+0200: 5603,205: Total time for which application threads were stopped: 0,0000400 seconds, Stopping threads took: 0,0000112 seconds
2017-07-25T19:07:01.411+0200: 5603,206: Total time for which application threads were stopped: 0,0000387 seconds, Stopping threads took: 0,0000109 seconds
2017-07-25T19:07:01.411+0200: 5603,206: Total time for which application threads were stopped: 0,0000778 seconds, Stopping threads took: 0,0000242 seconds
2017-07-25T19:07:01.411+0200: 5603,206: Total time for which application threads were stopped: 0,0000541 seconds, Stopping threads took: 0,0000192 seconds
2017-07-25T19:07:01.412+0200: 5603,206: Total time for which application threads were stopped: 0,0000761 seconds, Stopping threads took: 0,0000163 seconds
2017-07-25T19:07:01.412+0200: 5603,207: Total time for which application threads were stopped: 0,0000486 seconds, Stopping threads took: 0,0000129 seconds
2017-07-25T19:07:01.412+0200: 5603,207: Total time for which application threads were stopped: 0,0000529 seconds, Stopping threads took: 0,0000158 seconds
2017-07-25T19:07:01.412+0200: 5603,207: Total time for which application threads were stopped: 0,0001898 seconds, Stopping threads took: 0,0001331 seconds
2017-07-25T19:07:01.413+0200: 5603,208: Total time for which application threads were stopped: 0,0001029 seconds, Stopping threads took: 0,0000342 seconds
2017-07-25T19:07:01.413+0200: 5603,208: Total time for which application threads were stopped: 0,0000468 seconds, Stopping threads took: 0,0000154 seconds
2017-07-25T19:07:01.414+0200: 5603,208: Total time for which application threads were stopped: 0,0001616 seconds, Stopping threads took: 0,0000136 seconds
2017-07-25T19:07:01.414+0200: 5603,209: Total time for which application threads were stopped: 0,0001328 seconds, Stopping threads took: 0,0000617 seconds
2017-07-25T19:07:01.415+0200: 5603,210: Total time for which application threads were stopped: 0,0001145 seconds, Stopping threads took: 0,0000285 seconds
2017-07-25T19:07:01.417+0200: 5603,211: Total time for which application threads were stopped: 0,0001040 seconds, Stopping threads took: 0,0000294 seconds
2017-07-25T19:07:01.417+0200: 5603,212: Total time for which application threads were stopped: 0,0001480 seconds, Stopping threads took: 0,0000385 seconds
Heap
 par new generation   total 109248K, used 37658K [0x00000000e0000000, 0x00000000e8000000, 0x00000000e8000000)
  eden space 87424K,  26% used [0x00000000e0000000, 0x00000000e1667b30, 0x00000000e5560000)
  from space 21824K,  67% used [0x00000000e5560000, 0x00000000e63bf010, 0x00000000e6ab0000)
  to   space 21824K,   0% used [0x00000000e6ab0000, 0x00000000e6ab0000, 0x00000000e8000000)
 concurrent mark-sweep generation total 393216K, used 6872K [0x00000000e8000000, 0x0000000100000000, 0x0000000100000000)
 Metaspace       used 28123K, capacity 28633K, committed 28848K, reserved 1075200K
  class space    used 3227K, capacity 3394K, committed 3504K, reserved 1048576K
