OpenJDK 64-Bit Server VM (25.121-b13) for linux-amd64 JRE (1.8.0_121-8u121-b13-0ubuntu1.16.04.2-b13), built on Jan 23 2017 15:51:29 by "buildd" with gcc 5.4.0 20160609
Memory: 4k page, physical 7867764k(7435144k free), swap 8076284k(8076284k free)
CommandLine flags: -XX:CMSInitiatingOccupancyFraction=50 -XX:CMSMaxAbortablePrecleanTime=6000 -XX:+CMSParallelRemarkEnabled -XX:+CMSScavengeBeforeRemark -XX:ConcGCThreads=4 -XX:InitialHeapSize=536870912 -XX:MaxHeapSize=536870912 -XX:MaxTenuringThreshold=8 -XX:NewRatio=3 -XX:OldPLABSize=16 -XX:OnOutOfMemoryError=/opt/solr/bin/oom_solr.sh 8983 /var/solr/logs -XX:ParallelGCThreads=4 -XX:+ParallelRefProcEnabled -XX:PretenureSizeThreshold=67108864 -XX:+PrintGC -XX:+PrintGCApplicationStoppedTime -XX:+PrintGCDateStamps -XX:+PrintGCDetails -XX:+PrintGCTimeStamps -XX:+PrintHeapAtGC -XX:+PrintTenuringDistribution -XX:SurvivorRatio=4 -XX:TargetSurvivorRatio=90 -XX:ThreadStackSize=256 -XX:+UseCMSInitiatingOccupancyOnly -XX:+UseCompressedClassPointers -XX:+UseCompressedOops -XX:+UseConcMarkSweepGC -XX:+UseParNewGC 
2017-05-11T04:56:57.945+0200: 0,176: Total time for which application threads were stopped: 0,0000683 seconds, Stopping threads took: 0,0000130 seconds
2017-05-11T04:56:58.056+0200: 0,287: Total time for which application threads were stopped: 0,0001165 seconds, Stopping threads took: 0,0000182 seconds
2017-05-11T04:56:58.079+0200: 0,311: Total time for which application threads were stopped: 0,0001105 seconds, Stopping threads took: 0,0000237 seconds
2017-05-11T04:56:58.445+0200: 0,677: Total time for which application threads were stopped: 0,0001583 seconds, Stopping threads took: 0,0000264 seconds
2017-05-11T04:56:58.806+0200: 1,037: Total time for which application threads were stopped: 0,0001389 seconds, Stopping threads took: 0,0000122 seconds
2017-05-11T04:56:58.883+0200: 1,114: Total time for which application threads were stopped: 0,0002046 seconds, Stopping threads took: 0,0000192 seconds
2017-05-11T04:56:58.926+0200: 1,157: Total time for which application threads were stopped: 0,0001993 seconds, Stopping threads took: 0,0000214 seconds
2017-05-11T04:56:59.201+0200: 1,433: Total time for which application threads were stopped: 0,0001984 seconds, Stopping threads took: 0,0000165 seconds
2017-05-11T04:56:59.450+0200: 1,681: Total time for which application threads were stopped: 0,0002251 seconds, Stopping threads took: 0,0000184 seconds
2017-05-11T04:56:59.481+0200: 1,712: Total time for which application threads were stopped: 0,0001706 seconds, Stopping threads took: 0,0000251 seconds
2017-05-11T04:56:59.520+0200: 1,752: Total time for which application threads were stopped: 0,0002603 seconds, Stopping threads took: 0,0000204 seconds
2017-05-11T04:56:59.522+0200: 1,753: Total time for which application threads were stopped: 0,0003563 seconds, Stopping threads took: 0,0000536 seconds
2017-05-11T04:56:59.537+0200: 1,768: Total time for which application threads were stopped: 0,0003273 seconds, Stopping threads took: 0,0000210 seconds
2017-05-11T04:56:59.604+0200: 1,836: Total time for which application threads were stopped: 0,0002401 seconds, Stopping threads took: 0,0000235 seconds
2017-05-11T04:56:59.762+0200: 1,994: Total time for which application threads were stopped: 0,0002619 seconds, Stopping threads took: 0,0000364 seconds
{Heap before GC invocations=0 (full 0):
 par new generation   total 109248K, used 87424K [0x00000000e0000000, 0x00000000e8000000, 0x00000000e8000000)
  eden space 87424K, 100% used [0x00000000e0000000, 0x00000000e5560000, 0x00000000e5560000)
  from space 21824K,   0% used [0x00000000e5560000, 0x00000000e5560000, 0x00000000e6ab0000)
  to   space 21824K,   0% used [0x00000000e6ab0000, 0x00000000e6ab0000, 0x00000000e8000000)
 concurrent mark-sweep generation total 393216K, used 0K [0x00000000e8000000, 0x0000000100000000, 0x0000000100000000)
 Metaspace       used 17824K, capacity 18176K, committed 18304K, reserved 1064960K
  class space    used 2023K, capacity 2164K, committed 2176K, reserved 1048576K
2017-05-11T04:56:59.812+0200: 2,044: [GC (Allocation Failure) 2017-05-11T04:56:59.812+0200: 2,044: [ParNew
Desired survivor size 20112992 bytes, new threshold 8 (max 8)
- age   1:   11731696 bytes,   11731696 total
: 87424K->11570K(109248K), 0,0147851 secs] 87424K->11570K(502464K), 0,0148936 secs] [Times: user=0,02 sys=0,03, real=0,01 secs] 
Heap after GC invocations=1 (full 0):
 par new generation   total 109248K, used 11570K [0x00000000e0000000, 0x00000000e8000000, 0x00000000e8000000)
  eden space 87424K,   0% used [0x00000000e0000000, 0x00000000e0000000, 0x00000000e5560000)
  from space 21824K,  53% used [0x00000000e6ab0000, 0x00000000e75fc8f0, 0x00000000e8000000)
  to   space 21824K,   0% used [0x00000000e5560000, 0x00000000e5560000, 0x00000000e6ab0000)
 concurrent mark-sweep generation total 393216K, used 0K [0x00000000e8000000, 0x0000000100000000, 0x0000000100000000)
 Metaspace       used 17824K, capacity 18176K, committed 18304K, reserved 1064960K
  class space    used 2023K, capacity 2164K, committed 2176K, reserved 1048576K
}
2017-05-11T04:56:59.827+0200: 2,059: Total time for which application threads were stopped: 0,0151129 seconds, Stopping threads took: 0,0000556 seconds
2017-05-11T04:57:00.187+0200: 2,418: Total time for which application threads were stopped: 0,0003338 seconds, Stopping threads took: 0,0000579 seconds
{Heap before GC invocations=1 (full 0):
 par new generation   total 109248K, used 98994K [0x00000000e0000000, 0x00000000e8000000, 0x00000000e8000000)
  eden space 87424K, 100% used [0x00000000e0000000, 0x00000000e5560000, 0x00000000e5560000)
  from space 21824K,  53% used [0x00000000e6ab0000, 0x00000000e75fc8f0, 0x00000000e8000000)
  to   space 21824K,   0% used [0x00000000e5560000, 0x00000000e5560000, 0x00000000e6ab0000)
 concurrent mark-sweep generation total 393216K, used 0K [0x00000000e8000000, 0x0000000100000000, 0x0000000100000000)
 Metaspace       used 19993K, capacity 20346K, committed 20736K, reserved 1067008K
  class space    used 2291K, capacity 2463K, committed 2560K, reserved 1048576K
2017-05-11T04:57:00.218+0200: 2,449: [GC (Allocation Failure) 2017-05-11T04:57:00.218+0200: 2,449: [ParNew
Desired survivor size 20112992 bytes, new threshold 8 (max 8)
- age   1:    4174664 bytes,    4174664 total
- age   2:    6258584 bytes,   10433248 total
: 98994K->12975K(109248K), 0,0101885 secs] 98994K->12975K(502464K), 0,0102540 secs] [Times: user=0,03 sys=0,00, real=0,00 secs] 
Heap after GC invocations=2 (full 0):
 par new generation   total 109248K, used 12975K [0x00000000e0000000, 0x00000000e8000000, 0x00000000e8000000)
  eden space 87424K,   0% used [0x00000000e0000000, 0x00000000e0000000, 0x00000000e5560000)
  from space 21824K,  59% used [0x00000000e5560000, 0x00000000e620bdb8, 0x00000000e6ab0000)
  to   space 21824K,   0% used [0x00000000e6ab0000, 0x00000000e6ab0000, 0x00000000e8000000)
 concurrent mark-sweep generation total 393216K, used 0K [0x00000000e8000000, 0x0000000100000000, 0x0000000100000000)
 Metaspace       used 19993K, capacity 20346K, committed 20736K, reserved 1067008K
  class space    used 2291K, capacity 2463K, committed 2560K, reserved 1048576K
}
2017-05-11T04:57:00.228+0200: 2,460: Total time for which application threads were stopped: 0,0148946 seconds, Stopping threads took: 0,0044973 seconds
2017-05-11T04:57:00.240+0200: 2,471: Total time for which application threads were stopped: 0,0003185 seconds, Stopping threads took: 0,0000599 seconds
2017-05-11T04:57:00.285+0200: 2,517: Total time for which application threads were stopped: 0,0030813 seconds, Stopping threads took: 0,0028365 seconds
2017-05-11T04:57:00.433+0200: 2,664: Total time for which application threads were stopped: 0,0002183 seconds, Stopping threads took: 0,0000449 seconds
{Heap before GC invocations=2 (full 0):
 par new generation   total 109248K, used 100399K [0x00000000e0000000, 0x00000000e8000000, 0x00000000e8000000)
  eden space 87424K, 100% used [0x00000000e0000000, 0x00000000e5560000, 0x00000000e5560000)
  from space 21824K,  59% used [0x00000000e5560000, 0x00000000e620bdb8, 0x00000000e6ab0000)
  to   space 21824K,   0% used [0x00000000e6ab0000, 0x00000000e6ab0000, 0x00000000e8000000)
 concurrent mark-sweep generation total 393216K, used 0K [0x00000000e8000000, 0x0000000100000000, 0x0000000100000000)
 Metaspace       used 20930K, capacity 21268K, committed 21552K, reserved 1069056K
  class space    used 2412K, capacity 2582K, committed 2608K, reserved 1048576K
2017-05-11T04:57:00.457+0200: 2,688: [GC (Allocation Failure) 2017-05-11T04:57:00.457+0200: 2,688: [ParNew
Desired survivor size 20112992 bytes, new threshold 8 (max 8)
- age   1:    2376608 bytes,    2376608 total
- age   2:    1196472 bytes,    3573080 total
- age   3:    6256496 bytes,    9829576 total
: 100399K->16616K(109248K), 0,0199317 secs] 100399K->16616K(502464K), 0,0200339 secs] [Times: user=0,06 sys=0,00, real=0,02 secs] 
Heap after GC invocations=3 (full 0):
 par new generation   total 109248K, used 16616K [0x00000000e0000000, 0x00000000e8000000, 0x00000000e8000000)
  eden space 87424K,   0% used [0x00000000e0000000, 0x00000000e0000000, 0x00000000e5560000)
  from space 21824K,  76% used [0x00000000e6ab0000, 0x00000000e7aea218, 0x00000000e8000000)
  to   space 21824K,   0% used [0x00000000e5560000, 0x00000000e5560000, 0x00000000e6ab0000)
 concurrent mark-sweep generation total 393216K, used 0K [0x00000000e8000000, 0x0000000100000000, 0x0000000100000000)
 Metaspace       used 20930K, capacity 21268K, committed 21552K, reserved 1069056K
  class space    used 2412K, capacity 2582K, committed 2608K, reserved 1048576K
}
2017-05-11T04:57:00.477+0200: 2,708: Total time for which application threads were stopped: 0,0202674 seconds, Stopping threads took: 0,0000673 seconds
2017-05-11T04:57:00.482+0200: 2,713: [GC (CMS Initial Mark) [1 CMS-initial-mark: 0K(393216K)] 20511K(502464K), 0,0052294 secs] [Times: user=0,02 sys=0,00, real=0,00 secs] 
2017-05-11T04:57:00.487+0200: 2,719: Total time for which application threads were stopped: 0,0054176 seconds, Stopping threads took: 0,0000634 seconds
2017-05-11T04:57:00.487+0200: 2,719: [CMS-concurrent-mark-start]
2017-05-11T04:57:00.491+0200: 2,722: [CMS-concurrent-mark: 0,003/0,003 secs] [Times: user=0,01 sys=0,00, real=0,01 secs] 
2017-05-11T04:57:00.491+0200: 2,722: [CMS-concurrent-preclean-start]
2017-05-11T04:57:00.492+0200: 2,723: [CMS-concurrent-preclean: 0,001/0,001 secs] [Times: user=0,01 sys=0,00, real=0,00 secs] 
2017-05-11T04:57:00.492+0200: 2,723: [CMS-concurrent-abortable-preclean-start]
{Heap before GC invocations=3 (full 1):
 par new generation   total 109248K, used 104040K [0x00000000e0000000, 0x00000000e8000000, 0x00000000e8000000)
  eden space 87424K, 100% used [0x00000000e0000000, 0x00000000e5560000, 0x00000000e5560000)
  from space 21824K,  76% used [0x00000000e6ab0000, 0x00000000e7aea218, 0x00000000e8000000)
  to   space 21824K,   0% used [0x00000000e5560000, 0x00000000e5560000, 0x00000000e6ab0000)
 concurrent mark-sweep generation total 393216K, used 0K [0x00000000e8000000, 0x0000000100000000, 0x0000000100000000)
 Metaspace       used 21208K, capacity 21562K, committed 21628K, reserved 1069056K
  class space    used 2444K, capacity 2600K, committed 2608K, reserved 1048576K
2017-05-11T04:57:00.590+0200: 2,821: [GC (Allocation Failure) 2017-05-11T04:57:00.590+0200: 2,821: [ParNew
Desired survivor size 20112992 bytes, new threshold 8 (max 8)
- age   1:     574072 bytes,     574072 total
- age   2:    1501848 bytes,    2075920 total
- age   3:    1171392 bytes,    3247312 total
- age   4:    6256592 bytes,    9503904 total
: 104040K->10740K(109248K), 0,0096180 secs] 104040K->10740K(502464K), 0,0097000 secs] [Times: user=0,03 sys=0,00, real=0,01 secs] 
Heap after GC invocations=4 (full 1):
 par new generation   total 109248K, used 10740K [0x00000000e0000000, 0x00000000e8000000, 0x00000000e8000000)
  eden space 87424K,   0% used [0x00000000e0000000, 0x00000000e0000000, 0x00000000e5560000)
  from space 21824K,  49% used [0x00000000e5560000, 0x00000000e5fdd258, 0x00000000e6ab0000)
  to   space 21824K,   0% used [0x00000000e6ab0000, 0x00000000e6ab0000, 0x00000000e8000000)
 concurrent mark-sweep generation total 393216K, used 0K [0x00000000e8000000, 0x0000000100000000, 0x0000000100000000)
 Metaspace       used 21208K, capacity 21562K, committed 21628K, reserved 1069056K
  class space    used 2444K, capacity 2600K, committed 2608K, reserved 1048576K
}
2017-05-11T04:57:00.600+0200: 2,831: Total time for which application threads were stopped: 0,0099590 seconds, Stopping threads took: 0,0000781 seconds
2017-05-11T04:57:00.643+0200: 2,875: Total time for which application threads were stopped: 0,0001944 seconds, Stopping threads took: 0,0000970 seconds
{Heap before GC invocations=4 (full 1):
 par new generation   total 109248K, used 98164K [0x00000000e0000000, 0x00000000e8000000, 0x00000000e8000000)
  eden space 87424K, 100% used [0x00000000e0000000, 0x00000000e5560000, 0x00000000e5560000)
  from space 21824K,  49% used [0x00000000e5560000, 0x00000000e5fdd258, 0x00000000e6ab0000)
  to   space 21824K,   0% used [0x00000000e6ab0000, 0x00000000e6ab0000, 0x00000000e8000000)
 concurrent mark-sweep generation total 393216K, used 0K [0x00000000e8000000, 0x0000000100000000, 0x0000000100000000)
 Metaspace       used 21359K, capacity 21722K, committed 21960K, reserved 1069056K
  class space    used 2463K, capacity 2632K, committed 2684K, reserved 1048576K
2017-05-11T04:57:00.680+0200: 2,912: [GC (Allocation Failure) 2017-05-11T04:57:00.680+0200: 2,912: [ParNew
Desired survivor size 20112992 bytes, new threshold 8 (max 8)
- age   1:    1666768 bytes,    1666768 total
- age   2:     186432 bytes,    1853200 total
- age   3:    1501848 bytes,    3355048 total
- age   4:    1171280 bytes,    4526328 total
- age   5:    6256992 bytes,   10783320 total
: 98164K->14269K(109248K), 0,0112768 secs] 98164K->14269K(502464K), 0,0113659 secs] [Times: user=0,03 sys=0,00, real=0,01 secs] 
Heap after GC invocations=5 (full 1):
 par new generation   total 109248K, used 14269K [0x00000000e0000000, 0x00000000e8000000, 0x00000000e8000000)
  eden space 87424K,   0% used [0x00000000e0000000, 0x00000000e0000000, 0x00000000e5560000)
  from space 21824K,  65% used [0x00000000e6ab0000, 0x00000000e789f788, 0x00000000e8000000)
  to   space 21824K,   0% used [0x00000000e5560000, 0x00000000e5560000, 0x00000000e6ab0000)
 concurrent mark-sweep generation total 393216K, used 0K [0x00000000e8000000, 0x0000000100000000, 0x0000000100000000)
 Metaspace       used 21359K, capacity 21722K, committed 21960K, reserved 1069056K
  class space    used 2463K, capacity 2632K, committed 2684K, reserved 1048576K
}
2017-05-11T04:57:00.692+0200: 2,923: Total time for which application threads were stopped: 0,0115750 seconds, Stopping threads took: 0,0000702 seconds
2017-05-11T04:57:00.692+0200: 2,923: [CMS-concurrent-abortable-preclean: 0,115/0,200 secs] [Times: user=0,75 sys=0,01, real=0,20 secs] 
2017-05-11T04:57:00.692+0200: 2,923: [GC (CMS Final Remark) [YG occupancy: 14935 K (109248 K)]{Heap before GC invocations=5 (full 1):
 par new generation   total 109248K, used 14935K [0x00000000e0000000, 0x00000000e8000000, 0x00000000e8000000)
  eden space 87424K,   0% used [0x00000000e0000000, 0x00000000e00a6608, 0x00000000e5560000)
  from space 21824K,  65% used [0x00000000e6ab0000, 0x00000000e789f788, 0x00000000e8000000)
  to   space 21824K,   0% used [0x00000000e5560000, 0x00000000e5560000, 0x00000000e6ab0000)
 concurrent mark-sweep generation total 393216K, used 0K [0x00000000e8000000, 0x0000000100000000, 0x0000000100000000)
 Metaspace       used 21359K, capacity 21722K, committed 21960K, reserved 1069056K
  class space    used 2463K, capacity 2632K, committed 2684K, reserved 1048576K
2017-05-11T04:57:00.692+0200: 2,923: [GC (CMS Final Remark) 2017-05-11T04:57:00.692+0200: 2,923: [ParNew
Desired survivor size 20112992 bytes, new threshold 8 (max 8)
- age   1:      49448 bytes,      49448 total
- age   2:    1633984 bytes,    1683432 total
- age   3:     186432 bytes,    1869864 total
- age   4:    1501848 bytes,    3371712 total
- age   5:    1171280 bytes,    4542992 total
- age   6:    6256544 bytes,   10799536 total
: 14935K->11974K(109248K), 0,0099884 secs] 14935K->11974K(502464K), 0,0100296 secs] [Times: user=0,03 sys=0,01, real=0,01 secs] 
Heap after GC invocations=6 (full 1):
 par new generation   total 109248K, used 11974K [0x00000000e0000000, 0x00000000e8000000, 0x00000000e8000000)
  eden space 87424K,   0% used [0x00000000e0000000, 0x00000000e0000000, 0x00000000e5560000)
  from space 21824K,  54% used [0x00000000e5560000, 0x00000000e6111ac0, 0x00000000e6ab0000)
  to   space 21824K,   0% used [0x00000000e6ab0000, 0x00000000e6ab0000, 0x00000000e8000000)
 concurrent mark-sweep generation total 393216K, used 0K [0x00000000e8000000, 0x0000000100000000, 0x0000000100000000)
 Metaspace       used 21359K, capacity 21722K, committed 21960K, reserved 1069056K
  class space    used 2463K, capacity 2632K, committed 2684K, reserved 1048576K
}
2017-05-11T04:57:00.702+0200: 2,933: [Rescan (parallel) , 0,0040355 secs]2017-05-11T04:57:00.706+0200: 2,937: [weak refs processing, 0,0013599 secs]2017-05-11T04:57:00.707+0200: 2,939: [class unloading, 0,0028613 secs]2017-05-11T04:57:00.710+0200: 2,942: [scrub symbol table, 0,0030243 secs]2017-05-11T04:57:00.713+0200: 2,945: [scrub string table, 0,0003629 secs][1 CMS-remark: 0K(393216K)] 11974K(502464K), 0,0223130 secs] [Times: user=0,05 sys=0,01, real=0,02 secs] 
2017-05-11T04:57:00.714+0200: 2,946: Total time for which application threads were stopped: 0,0224555 seconds, Stopping threads took: 0,0000690 seconds
2017-05-11T04:57:00.714+0200: 2,946: [CMS-concurrent-sweep-start]
2017-05-11T04:57:00.714+0200: 2,946: [CMS-concurrent-sweep: 0,000/0,000 secs] [Times: user=0,00 sys=0,00, real=0,00 secs] 
2017-05-11T04:57:00.714+0200: 2,946: [CMS-concurrent-reset-start]
2017-05-11T04:57:00.717+0200: 2,948: [CMS-concurrent-reset: 0,002/0,002 secs] [Times: user=0,02 sys=0,00, real=0,00 secs] 
2017-05-11T04:57:00.750+0200: 2,982: Total time for which application threads were stopped: 0,0003054 seconds, Stopping threads took: 0,0000365 seconds
2017-05-11T04:57:01.014+0200: 3,245: Total time for which application threads were stopped: 0,0003863 seconds, Stopping threads took: 0,0000192 seconds
2017-05-11T04:57:01.030+0200: 3,261: Total time for which application threads were stopped: 0,0003827 seconds, Stopping threads took: 0,0000236 seconds
{Heap before GC invocations=6 (full 1):
 par new generation   total 109248K, used 99398K [0x00000000e0000000, 0x00000000e8000000, 0x00000000e8000000)
  eden space 87424K, 100% used [0x00000000e0000000, 0x00000000e5560000, 0x00000000e5560000)
  from space 21824K,  54% used [0x00000000e5560000, 0x00000000e6111ac0, 0x00000000e6ab0000)
  to   space 21824K,   0% used [0x00000000e6ab0000, 0x00000000e6ab0000, 0x00000000e8000000)
 concurrent mark-sweep generation total 393216K, used 0K [0x00000000e8000000, 0x0000000100000000, 0x0000000100000000)
 Metaspace       used 23902K, capacity 24390K, committed 24572K, reserved 1071104K
  class space    used 2824K, capacity 3008K, committed 3068K, reserved 1048576K
2017-05-11T04:57:01.180+0200: 3,411: [GC (Allocation Failure) 2017-05-11T04:57:01.180+0200: 3,411: [ParNew
Desired survivor size 20112992 bytes, new threshold 8 (max 8)
- age   1:    5457784 bytes,    5457784 total
- age   3:     105792 bytes,    5563576 total
- age   4:     184912 bytes,    5748488 total
- age   5:     332072 bytes,    6080560 total
- age   6:    1144960 bytes,    7225520 total
- age   7:    6248408 bytes,   13473928 total
: 99398K->16461K(109248K), 0,0129740 secs] 99398K->16461K(502464K), 0,0130400 secs] [Times: user=0,05 sys=0,00, real=0,01 secs] 
Heap after GC invocations=7 (full 1):
 par new generation   total 109248K, used 16461K [0x00000000e0000000, 0x00000000e8000000, 0x00000000e8000000)
  eden space 87424K,   0% used [0x00000000e0000000, 0x00000000e0000000, 0x00000000e5560000)
  from space 21824K,  75% used [0x00000000e6ab0000, 0x00000000e7ac3698, 0x00000000e8000000)
  to   space 21824K,   0% used [0x00000000e5560000, 0x00000000e5560000, 0x00000000e6ab0000)
 concurrent mark-sweep generation total 393216K, used 0K [0x00000000e8000000, 0x0000000100000000, 0x0000000100000000)
 Metaspace       used 23902K, capacity 24390K, committed 24572K, reserved 1071104K
  class space    used 2824K, capacity 3008K, committed 3068K, reserved 1048576K
}
2017-05-11T04:57:01.193+0200: 3,424: Total time for which application threads were stopped: 0,0133655 seconds, Stopping threads took: 0,0001357 seconds
{Heap before GC invocations=7 (full 1):
 par new generation   total 109248K, used 103885K [0x00000000e0000000, 0x00000000e8000000, 0x00000000e8000000)
  eden space 87424K, 100% used [0x00000000e0000000, 0x00000000e5560000, 0x00000000e5560000)
  from space 21824K,  75% used [0x00000000e6ab0000, 0x00000000e7ac3698, 0x00000000e8000000)
  to   space 21824K,   0% used [0x00000000e5560000, 0x00000000e5560000, 0x00000000e6ab0000)
 concurrent mark-sweep generation total 393216K, used 0K [0x00000000e8000000, 0x0000000100000000, 0x0000000100000000)
 Metaspace       used 24503K, capacity 24956K, committed 25084K, reserved 1071104K
  class space    used 2871K, capacity 3044K, committed 3068K, reserved 1048576K
2017-05-11T04:57:01.291+0200: 3,522: [GC (Allocation Failure) 2017-05-11T04:57:01.291+0200: 3,522: [ParNew
Desired survivor size 20112992 bytes, new threshold 8 (max 8)
- age   1:    1805720 bytes,    1805720 total
- age   2:    1802496 bytes,    3608216 total
- age   4:      53576 bytes,    3661792 total
- age   5:     105424 bytes,    3767216 total
- age   6:     195704 bytes,    3962920 total
- age   7:     922256 bytes,    4885176 total
- age   8:    5932896 bytes,   10818072 total
: 103885K->15275K(109248K), 0,0112775 secs] 103885K->15275K(502464K), 0,0113539 secs] [Times: user=0,04 sys=0,00, real=0,01 secs] 
Heap after GC invocations=8 (full 1):
 par new generation   total 109248K, used 15275K [0x00000000e0000000, 0x00000000e8000000, 0x00000000e8000000)
  eden space 87424K,   0% used [0x00000000e0000000, 0x00000000e0000000, 0x00000000e5560000)
  from space 21824K,  69% used [0x00000000e5560000, 0x00000000e644ad68, 0x00000000e6ab0000)
  to   space 21824K,   0% used [0x00000000e6ab0000, 0x00000000e6ab0000, 0x00000000e8000000)
 concurrent mark-sweep generation total 393216K, used 0K [0x00000000e8000000, 0x0000000100000000, 0x0000000100000000)
 Metaspace       used 24503K, capacity 24956K, committed 25084K, reserved 1071104K
  class space    used 2871K, capacity 3044K, committed 3068K, reserved 1048576K
}
2017-05-11T04:57:01.302+0200: 3,534: Total time for which application threads were stopped: 0,0116095 seconds, Stopping threads took: 0,0000621 seconds
{Heap before GC invocations=8 (full 1):
 par new generation   total 109248K, used 102699K [0x00000000e0000000, 0x00000000e8000000, 0x00000000e8000000)
  eden space 87424K, 100% used [0x00000000e0000000, 0x00000000e5560000, 0x00000000e5560000)
  from space 21824K,  69% used [0x00000000e5560000, 0x00000000e644ad68, 0x00000000e6ab0000)
  to   space 21824K,   0% used [0x00000000e6ab0000, 0x00000000e6ab0000, 0x00000000e8000000)
 concurrent mark-sweep generation total 393216K, used 0K [0x00000000e8000000, 0x0000000100000000, 0x0000000100000000)
 Metaspace       used 24889K, capacity 25382K, committed 25724K, reserved 1071104K
  class space    used 2903K, capacity 3078K, committed 3196K, reserved 1048576K
2017-05-11T04:57:01.407+0200: 3,638: [GC (Allocation Failure) 2017-05-11T04:57:01.407+0200: 3,638: [ParNew
Desired survivor size 20112992 bytes, new threshold 8 (max 8)
- age   1:     852800 bytes,     852800 total
- age   2:     493000 bytes,    1345800 total
- age   3:    1779648 bytes,    3125448 total
- age   5:      53576 bytes,    3179024 total
- age   6:     102784 bytes,    3281808 total
- age   7:     195176 bytes,    3476984 total
- age   8:     921584 bytes,    4398568 total
: 102699K->8770K(109248K), 0,0517847 secs] 102699K->14646K(502464K), 0,0518565 secs] [Times: user=0,12 sys=0,00, real=0,06 secs] 
Heap after GC invocations=9 (full 1):
 par new generation   total 109248K, used 8770K [0x00000000e0000000, 0x00000000e8000000, 0x00000000e8000000)
  eden space 87424K,   0% used [0x00000000e0000000, 0x00000000e0000000, 0x00000000e5560000)
  from space 21824K,  40% used [0x00000000e6ab0000, 0x00000000e7340b98, 0x00000000e8000000)
  to   space 21824K,   0% used [0x00000000e5560000, 0x00000000e5560000, 0x00000000e6ab0000)
 concurrent mark-sweep generation total 393216K, used 5876K [0x00000000e8000000, 0x0000000100000000, 0x0000000100000000)
 Metaspace       used 24889K, capacity 25382K, committed 25724K, reserved 1071104K
  class space    used 2903K, capacity 3078K, committed 3196K, reserved 1048576K
}
2017-05-11T04:57:01.459+0200: 3,690: Total time for which application threads were stopped: 0,0531061 seconds, Stopping threads took: 0,0011044 seconds
2017-05-11T04:57:01.762+0200: 3,993: Total time for which application threads were stopped: 0,0005703 seconds, Stopping threads took: 0,0000315 seconds
2017-05-11T04:57:01.779+0200: 4,010: Total time for which application threads were stopped: 0,0005182 seconds, Stopping threads took: 0,0000313 seconds
2017-05-11T04:57:01.830+0200: 4,062: Total time for which application threads were stopped: 0,0025678 seconds, Stopping threads took: 0,0020946 seconds
2017-05-11T04:57:01.848+0200: 4,079: Total time for which application threads were stopped: 0,0009241 seconds, Stopping threads took: 0,0005322 seconds
2017-05-11T04:57:01.866+0200: 4,097: Total time for which application threads were stopped: 0,0013285 seconds, Stopping threads took: 0,0012492 seconds
2017-05-11T04:57:01.866+0200: 4,098: Total time for which application threads were stopped: 0,0000995 seconds, Stopping threads took: 0,0000544 seconds
2017-05-11T04:57:01.872+0200: 4,103: Total time for which application threads were stopped: 0,0001713 seconds, Stopping threads took: 0,0000725 seconds
2017-05-11T04:57:01.879+0200: 4,110: Total time for which application threads were stopped: 0,0001305 seconds, Stopping threads took: 0,0000388 seconds
2017-05-11T04:57:01.882+0200: 4,113: Total time for which application threads were stopped: 0,0026003 seconds, Stopping threads took: 0,0025102 seconds
2017-05-11T04:57:01.886+0200: 4,118: Total time for which application threads were stopped: 0,0001491 seconds, Stopping threads took: 0,0000387 seconds
2017-05-11T04:57:01.886+0200: 4,118: Total time for which application threads were stopped: 0,0000973 seconds, Stopping threads took: 0,0000297 seconds
2017-05-11T04:57:01.887+0200: 4,118: Total time for which application threads were stopped: 0,0000826 seconds, Stopping threads took: 0,0000350 seconds
2017-05-11T04:57:01.887+0200: 4,118: Total time for which application threads were stopped: 0,0000680 seconds, Stopping threads took: 0,0000182 seconds
2017-05-11T04:57:01.887+0200: 4,118: Total time for which application threads were stopped: 0,0000879 seconds, Stopping threads took: 0,0000234 seconds
2017-05-11T04:57:01.887+0200: 4,119: Total time for which application threads were stopped: 0,0000741 seconds, Stopping threads took: 0,0000234 seconds
2017-05-11T04:57:01.887+0200: 4,119: Total time for which application threads were stopped: 0,0000836 seconds, Stopping threads took: 0,0000161 seconds
2017-05-11T04:57:01.888+0200: 4,119: Total time for which application threads were stopped: 0,0002311 seconds, Stopping threads took: 0,0001683 seconds
2017-05-11T04:57:01.890+0200: 4,121: Total time for which application threads were stopped: 0,0001266 seconds, Stopping threads took: 0,0000349 seconds
2017-05-11T04:57:01.890+0200: 4,121: Total time for which application threads were stopped: 0,0000749 seconds, Stopping threads took: 0,0000226 seconds
2017-05-11T04:57:01.894+0200: 4,125: Total time for which application threads were stopped: 0,0033714 seconds, Stopping threads took: 0,0032994 seconds
2017-05-11T04:57:01.894+0200: 4,125: Total time for which application threads were stopped: 0,0000561 seconds, Stopping threads took: 0,0000117 seconds
2017-05-11T04:57:01.894+0200: 4,125: Total time for which application threads were stopped: 0,0000654 seconds, Stopping threads took: 0,0000277 seconds
2017-05-11T04:57:01.894+0200: 4,126: Total time for which application threads were stopped: 0,0000624 seconds, Stopping threads took: 0,0000274 seconds
2017-05-11T04:57:01.894+0200: 4,126: Total time for which application threads were stopped: 0,0000537 seconds, Stopping threads took: 0,0000212 seconds
2017-05-11T04:57:01.894+0200: 4,126: Total time for which application threads were stopped: 0,0000571 seconds, Stopping threads took: 0,0000130 seconds
2017-05-11T04:57:01.895+0200: 4,126: Total time for which application threads were stopped: 0,0001188 seconds, Stopping threads took: 0,0000104 seconds
2017-05-11T04:57:01.897+0200: 4,128: Total time for which application threads were stopped: 0,0001845 seconds, Stopping threads took: 0,0001203 seconds
2017-05-11T04:57:01.897+0200: 4,128: Total time for which application threads were stopped: 0,0000646 seconds, Stopping threads took: 0,0000211 seconds
2017-05-11T04:57:01.897+0200: 4,128: Total time for which application threads were stopped: 0,0000663 seconds, Stopping threads took: 0,0000238 seconds
2017-05-11T04:57:01.897+0200: 4,128: Total time for which application threads were stopped: 0,0000546 seconds, Stopping threads took: 0,0000245 seconds
2017-05-11T04:57:01.897+0200: 4,129: Total time for which application threads were stopped: 0,0000529 seconds, Stopping threads took: 0,0000189 seconds
2017-05-11T04:57:01.899+0200: 4,130: Total time for which application threads were stopped: 0,0001211 seconds, Stopping threads took: 0,0000430 seconds
2017-05-11T04:57:01.899+0200: 4,131: Total time for which application threads were stopped: 0,0002082 seconds, Stopping threads took: 0,0001565 seconds
2017-05-11T04:57:01.899+0200: 4,131: Total time for which application threads were stopped: 0,0000874 seconds, Stopping threads took: 0,0000246 seconds
2017-05-11T04:57:01.900+0200: 4,131: Total time for which application threads were stopped: 0,0001349 seconds, Stopping threads took: 0,0000889 seconds
2017-05-11T04:57:01.900+0200: 4,131: Total time for which application threads were stopped: 0,0000738 seconds, Stopping threads took: 0,0000371 seconds
2017-05-11T04:57:01.900+0200: 4,132: Total time for which application threads were stopped: 0,0000753 seconds, Stopping threads took: 0,0000267 seconds
2017-05-11T04:57:01.900+0200: 4,132: Total time for which application threads were stopped: 0,0000485 seconds, Stopping threads took: 0,0000159 seconds
2017-05-11T04:57:01.900+0200: 4,132: Total time for which application threads were stopped: 0,0000516 seconds, Stopping threads took: 0,0000185 seconds
2017-05-11T04:57:01.900+0200: 4,132: Total time for which application threads were stopped: 0,0000440 seconds, Stopping threads took: 0,0000141 seconds
2017-05-11T04:57:01.901+0200: 4,132: Total time for which application threads were stopped: 0,0000444 seconds, Stopping threads took: 0,0000157 seconds
2017-05-11T04:57:01.901+0200: 4,132: Total time for which application threads were stopped: 0,0001609 seconds, Stopping threads took: 0,0001002 seconds
2017-05-11T04:57:01.901+0200: 4,133: Total time for which application threads were stopped: 0,0001270 seconds, Stopping threads took: 0,0000946 seconds
2017-05-11T04:57:01.901+0200: 4,133: Total time for which application threads were stopped: 0,0000916 seconds, Stopping threads took: 0,0000388 seconds
2017-05-11T04:57:01.902+0200: 4,133: Total time for which application threads were stopped: 0,0000698 seconds, Stopping threads took: 0,0000146 seconds
2017-05-11T04:57:01.908+0200: 4,140: Total time for which application threads were stopped: 0,0001203 seconds, Stopping threads took: 0,0000393 seconds
2017-05-11T04:57:01.909+0200: 4,140: Total time for which application threads were stopped: 0,0001585 seconds, Stopping threads took: 0,0000206 seconds
2017-05-11T04:57:01.909+0200: 4,140: Total time for which application threads were stopped: 0,0000529 seconds, Stopping threads took: 0,0000111 seconds
2017-05-11T04:57:01.909+0200: 4,141: Total time for which application threads were stopped: 0,0001304 seconds, Stopping threads took: 0,0000343 seconds
2017-05-11T04:57:01.948+0200: 4,179: Total time for which application threads were stopped: 0,0046361 seconds, Stopping threads took: 0,0045082 seconds
2017-05-11T04:57:01.963+0200: 4,195: Total time for which application threads were stopped: 0,0001096 seconds, Stopping threads took: 0,0000277 seconds
2017-05-11T04:57:01.998+0200: 4,229: Total time for which application threads were stopped: 0,0001388 seconds, Stopping threads took: 0,0000496 seconds
2017-05-11T04:57:01.998+0200: 4,230: Total time for which application threads were stopped: 0,0003816 seconds, Stopping threads took: 0,0000166 seconds
2017-05-11T04:57:02.002+0200: 4,233: Total time for which application threads were stopped: 0,0032126 seconds, Stopping threads took: 0,0031307 seconds
2017-05-11T04:57:03.002+0200: 5,233: Total time for which application threads were stopped: 0,0000832 seconds, Stopping threads took: 0,0000214 seconds
{Heap before GC invocations=9 (full 1):
 par new generation   total 109248K, used 96194K [0x00000000e0000000, 0x00000000e8000000, 0x00000000e8000000)
  eden space 87424K, 100% used [0x00000000e0000000, 0x00000000e5560000, 0x00000000e5560000)
  from space 21824K,  40% used [0x00000000e6ab0000, 0x00000000e7340b98, 0x00000000e8000000)
  to   space 21824K,   0% used [0x00000000e5560000, 0x00000000e5560000, 0x00000000e6ab0000)
 concurrent mark-sweep generation total 393216K, used 5876K [0x00000000e8000000, 0x0000000100000000, 0x0000000100000000)
 Metaspace       used 27948K, capacity 28482K, committed 28796K, reserved 1075200K
  class space    used 3209K, capacity 3384K, committed 3452K, reserved 1048576K
2017-05-11T04:57:33.820+0200: 36,052: [GC (Allocation Failure) 2017-05-11T04:57:33.820+0200: 36,052: [ParNew
Desired survivor size 20112992 bytes, new threshold 8 (max 8)
- age   1:   10765200 bytes,   10765200 total
- age   2:     214288 bytes,   10979488 total
- age   3:     276192 bytes,   11255680 total
- age   4:    1774952 bytes,   13030632 total
- age   6:      53576 bytes,   13084208 total
- age   7:     102656 bytes,   13186864 total
- age   8:     195080 bytes,   13381944 total
: 96194K->13758K(109248K), 0,0137327 secs] 102070K->20644K(502464K), 0,0138042 secs] [Times: user=0,04 sys=0,00, real=0,01 secs] 
Heap after GC invocations=10 (full 1):
 par new generation   total 109248K, used 13758K [0x00000000e0000000, 0x00000000e8000000, 0x00000000e8000000)
  eden space 87424K,   0% used [0x00000000e0000000, 0x00000000e0000000, 0x00000000e5560000)
  from space 21824K,  63% used [0x00000000e5560000, 0x00000000e62cf8f0, 0x00000000e6ab0000)
  to   space 21824K,   0% used [0x00000000e6ab0000, 0x00000000e6ab0000, 0x00000000e8000000)
 concurrent mark-sweep generation total 393216K, used 6886K [0x00000000e8000000, 0x0000000100000000, 0x0000000100000000)
 Metaspace       used 27948K, capacity 28482K, committed 28796K, reserved 1075200K
  class space    used 3209K, capacity 3384K, committed 3452K, reserved 1048576K
}
2017-05-11T04:57:33.834+0200: 36,065: Total time for which application threads were stopped: 0,0139538 seconds, Stopping threads took: 0,0000347 seconds
2017-05-11T04:57:33.834+0200: 36,066: Total time for which application threads were stopped: 0,0000649 seconds, Stopping threads took: 0,0000272 seconds
2017-05-11T04:57:33.834+0200: 36,066: Total time for which application threads were stopped: 0,0000397 seconds, Stopping threads took: 0,0000208 seconds
2017-05-11T04:58:24.840+0200: 87,071: Total time for which application threads were stopped: 0,0000708 seconds, Stopping threads took: 0,0000193 seconds
2017-05-11T04:58:54.844+0200: 117,075: Total time for which application threads were stopped: 0,0000769 seconds, Stopping threads took: 0,0000317 seconds
2017-05-11T04:58:59.844+0200: 122,076: Total time for which application threads were stopped: 0,0001090 seconds, Stopping threads took: 0,0000218 seconds
2017-05-11T05:01:34.865+0200: 277,097: Total time for which application threads were stopped: 0,0001677 seconds, Stopping threads took: 0,0000641 seconds
2017-05-11T05:08:29.928+0200: 692,160: Total time for which application threads were stopped: 0,0000853 seconds, Stopping threads took: 0,0000337 seconds
2017-05-11T05:08:54.932+0200: 717,164: Total time for which application threads were stopped: 0,0003810 seconds, Stopping threads took: 0,0001520 seconds
2017-05-11T05:16:23.992+0200: 1166,223: Total time for which application threads were stopped: 0,0000770 seconds, Stopping threads took: 0,0000303 seconds
2017-05-11T05:20:49.028+0200: 1431,259: Total time for which application threads were stopped: 0,0000761 seconds, Stopping threads took: 0,0000300 seconds
2017-05-11T05:21:15.730+0200: 1457,962: Total time for which application threads were stopped: 0,0306042 seconds, Stopping threads took: 0,0305050 seconds
2017-05-11T05:21:15.731+0200: 1457,962: Total time for which application threads were stopped: 0,0001011 seconds, Stopping threads took: 0,0000337 seconds
2017-05-11T05:21:15.746+0200: 1457,977: Total time for which application threads were stopped: 0,0001586 seconds, Stopping threads took: 0,0000421 seconds
2017-05-11T05:21:15.746+0200: 1457,977: Total time for which application threads were stopped: 0,0000513 seconds, Stopping threads took: 0,0000140 seconds
2017-05-11T05:21:15.760+0200: 1457,991: Total time for which application threads were stopped: 0,0003578 seconds, Stopping threads took: 0,0002838 seconds
2017-05-11T05:21:15.761+0200: 1457,992: Total time for which application threads were stopped: 0,0002185 seconds, Stopping threads took: 0,0001506 seconds
2017-05-11T05:21:15.761+0200: 1457,993: Total time for which application threads were stopped: 0,0000527 seconds, Stopping threads took: 0,0000143 seconds
2017-05-11T05:21:15.763+0200: 1457,995: Total time for which application threads were stopped: 0,0002219 seconds, Stopping threads took: 0,0001463 seconds
2017-05-11T05:21:15.763+0200: 1457,995: Total time for which application threads were stopped: 0,0000919 seconds, Stopping threads took: 0,0000508 seconds
2017-05-11T05:21:15.764+0200: 1457,995: Total time for which application threads were stopped: 0,0000937 seconds, Stopping threads took: 0,0000460 seconds
2017-05-11T05:21:15.764+0200: 1457,995: Total time for which application threads were stopped: 0,0000533 seconds, Stopping threads took: 0,0000167 seconds
2017-05-11T05:21:15.764+0200: 1457,996: Total time for which application threads were stopped: 0,0000932 seconds, Stopping threads took: 0,0000394 seconds
2017-05-11T05:21:15.766+0200: 1457,997: Total time for which application threads were stopped: 0,0000926 seconds, Stopping threads took: 0,0000330 seconds
2017-05-11T05:21:15.766+0200: 1457,998: Total time for which application threads were stopped: 0,0001074 seconds, Stopping threads took: 0,0000430 seconds
2017-05-11T05:21:15.766+0200: 1457,998: Total time for which application threads were stopped: 0,0000627 seconds, Stopping threads took: 0,0000218 seconds
2017-05-11T05:21:15.766+0200: 1457,998: Total time for which application threads were stopped: 0,0000697 seconds, Stopping threads took: 0,0000248 seconds
2017-05-11T05:21:15.767+0200: 1457,998: Total time for which application threads were stopped: 0,0000624 seconds, Stopping threads took: 0,0000263 seconds
2017-05-11T05:21:15.767+0200: 1457,998: Total time for which application threads were stopped: 0,0000495 seconds, Stopping threads took: 0,0000084 seconds
2017-05-11T05:21:15.767+0200: 1457,998: Total time for which application threads were stopped: 0,0000576 seconds, Stopping threads took: 0,0000190 seconds
2017-05-11T05:21:15.767+0200: 1457,999: Total time for which application threads were stopped: 0,0000762 seconds, Stopping threads took: 0,0000161 seconds
2017-05-11T05:21:15.769+0200: 1458,000: Total time for which application threads were stopped: 0,0013474 seconds, Stopping threads took: 0,0000432 seconds
2017-05-11T05:21:15.770+0200: 1458,001: Total time for which application threads were stopped: 0,0001309 seconds, Stopping threads took: 0,0000355 seconds
2017-05-11T05:21:15.778+0200: 1458,009: Total time for which application threads were stopped: 0,0068855 seconds, Stopping threads took: 0,0067991 seconds
2017-05-11T05:21:15.779+0200: 1458,010: Total time for which application threads were stopped: 0,0003174 seconds, Stopping threads took: 0,0001040 seconds
2017-05-11T05:21:15.781+0200: 1458,012: Total time for which application threads were stopped: 0,0000837 seconds, Stopping threads took: 0,0000171 seconds
2017-05-11T05:21:15.783+0200: 1458,015: Total time for which application threads were stopped: 0,0001444 seconds, Stopping threads took: 0,0000415 seconds
2017-05-11T05:21:15.786+0200: 1458,017: Total time for which application threads were stopped: 0,0001054 seconds, Stopping threads took: 0,0000385 seconds
2017-05-11T05:21:15.789+0200: 1458,021: Total time for which application threads were stopped: 0,0001214 seconds, Stopping threads took: 0,0000142 seconds
Heap
 par new generation   total 109248K, used 35838K [0x00000000e0000000, 0x00000000e8000000, 0x00000000e8000000)
  eden space 87424K,  25% used [0x00000000e0000000, 0x00000000e15901a8, 0x00000000e5560000)
  from space 21824K,  63% used [0x00000000e5560000, 0x00000000e62cf8f0, 0x00000000e6ab0000)
  to   space 21824K,   0% used [0x00000000e6ab0000, 0x00000000e6ab0000, 0x00000000e8000000)
 concurrent mark-sweep generation total 393216K, used 6886K [0x00000000e8000000, 0x0000000100000000, 0x0000000100000000)
 Metaspace       used 28075K, capacity 28650K, committed 28796K, reserved 1075200K
  class space    used 3223K, capacity 3418K, committed 3452K, reserved 1048576K
