OpenJDK 64-Bit Server VM (25.121-b13) for linux-amd64 JRE (1.8.0_121-8u121-b13-0ubuntu1.16.04.2-b13), built on Jan 23 2017 15:51:29 by "buildd" with gcc 5.4.0 20160609
Memory: 4k page, physical 7867760k(7436956k free), swap 8076284k(8076284k free)
CommandLine flags: -XX:CMSInitiatingOccupancyFraction=50 -XX:CMSMaxAbortablePrecleanTime=6000 -XX:+CMSParallelRemarkEnabled -XX:+CMSScavengeBeforeRemark -XX:ConcGCThreads=4 -XX:InitialHeapSize=536870912 -XX:MaxHeapSize=536870912 -XX:MaxTenuringThreshold=8 -XX:NewRatio=3 -XX:OldPLABSize=16 -XX:OnOutOfMemoryError=/opt/solr/bin/oom_solr.sh 8983 /var/solr/logs -XX:ParallelGCThreads=4 -XX:+ParallelRefProcEnabled -XX:PretenureSizeThreshold=67108864 -XX:+PrintGC -XX:+PrintGCApplicationStoppedTime -XX:+PrintGCDateStamps -XX:+PrintGCDetails -XX:+PrintGCTimeStamps -XX:+PrintHeapAtGC -XX:+PrintTenuringDistribution -XX:SurvivorRatio=4 -XX:TargetSurvivorRatio=90 -XX:ThreadStackSize=256 -XX:+UseCMSInitiatingOccupancyOnly -XX:+UseCompressedClassPointers -XX:+UseCompressedOops -XX:+UseConcMarkSweepGC -XX:+UseParNewGC 
2017-03-18T23:59:20.629+0100: 0,175: Total time for which application threads were stopped: 0,0000657 seconds, Stopping threads took: 0,0000116 seconds
2017-03-18T23:59:20.733+0100: 0,279: Total time for which application threads were stopped: 0,0001302 seconds, Stopping threads took: 0,0000131 seconds
2017-03-18T23:59:20.754+0100: 0,300: Total time for which application threads were stopped: 0,0001204 seconds, Stopping threads took: 0,0000388 seconds
2017-03-18T23:59:21.176+0100: 0,722: Total time for which application threads were stopped: 0,0001362 seconds, Stopping threads took: 0,0000121 seconds
2017-03-18T23:59:21.566+0100: 1,112: Total time for which application threads were stopped: 0,0001570 seconds, Stopping threads took: 0,0000137 seconds
2017-03-18T23:59:21.662+0100: 1,208: Total time for which application threads were stopped: 0,0001675 seconds, Stopping threads took: 0,0000325 seconds
2017-03-18T23:59:21.681+0100: 1,227: Total time for which application threads were stopped: 0,0001672 seconds, Stopping threads took: 0,0000277 seconds
2017-03-18T23:59:21.954+0100: 1,500: Total time for which application threads were stopped: 0,0001707 seconds, Stopping threads took: 0,0000210 seconds
2017-03-18T23:59:22.212+0100: 1,757: Total time for which application threads were stopped: 0,0001926 seconds, Stopping threads took: 0,0000147 seconds
2017-03-18T23:59:22.230+0100: 1,776: Total time for which application threads were stopped: 0,0002211 seconds, Stopping threads took: 0,0000567 seconds
2017-03-18T23:59:22.259+0100: 1,805: Total time for which application threads were stopped: 0,0001825 seconds, Stopping threads took: 0,0000246 seconds
2017-03-18T23:59:22.260+0100: 1,806: Total time for which application threads were stopped: 0,0001926 seconds, Stopping threads took: 0,0000239 seconds
2017-03-18T23:59:22.273+0100: 1,819: Total time for which application threads were stopped: 0,0002096 seconds, Stopping threads took: 0,0000266 seconds
2017-03-18T23:59:22.353+0100: 1,899: Total time for which application threads were stopped: 0,0002458 seconds, Stopping threads took: 0,0000353 seconds
2017-03-18T23:59:22.525+0100: 2,071: Total time for which application threads were stopped: 0,0003640 seconds, Stopping threads took: 0,0000556 seconds
{Heap before GC invocations=0 (full 0):
 par new generation   total 109248K, used 87424K [0x00000000e0000000, 0x00000000e8000000, 0x00000000e8000000)
  eden space 87424K, 100% used [0x00000000e0000000, 0x00000000e5560000, 0x00000000e5560000)
  from space 21824K,   0% used [0x00000000e5560000, 0x00000000e5560000, 0x00000000e6ab0000)
  to   space 21824K,   0% used [0x00000000e6ab0000, 0x00000000e6ab0000, 0x00000000e8000000)
 concurrent mark-sweep generation total 393216K, used 0K [0x00000000e8000000, 0x0000000100000000, 0x0000000100000000)
 Metaspace       used 17783K, capacity 18112K, committed 18304K, reserved 1064960K
  class space    used 2025K, capacity 2164K, committed 2176K, reserved 1048576K
2017-03-18T23:59:22.571+0100: 2,117: [GC (Allocation Failure) 2017-03-18T23:59:22.571+0100: 2,117: [ParNew
Desired survivor size 20112992 bytes, new threshold 8 (max 8)
- age   1:   11566496 bytes,   11566496 total
: 87424K->11404K(109248K), 0,0155144 secs] 87424K->11404K(502464K), 0,0155898 secs] [Times: user=0,05 sys=0,00, real=0,01 secs] 
Heap after GC invocations=1 (full 0):
 par new generation   total 109248K, used 11404K [0x00000000e0000000, 0x00000000e8000000, 0x00000000e8000000)
  eden space 87424K,   0% used [0x00000000e0000000, 0x00000000e0000000, 0x00000000e5560000)
  from space 21824K,  52% used [0x00000000e6ab0000, 0x00000000e75d32b8, 0x00000000e8000000)
  to   space 21824K,   0% used [0x00000000e5560000, 0x00000000e5560000, 0x00000000e6ab0000)
 concurrent mark-sweep generation total 393216K, used 0K [0x00000000e8000000, 0x0000000100000000, 0x0000000100000000)
 Metaspace       used 17783K, capacity 18112K, committed 18304K, reserved 1064960K
  class space    used 2025K, capacity 2164K, committed 2176K, reserved 1048576K
}
2017-03-18T23:59:22.586+0100: 2,132: Total time for which application threads were stopped: 0,0194382 seconds, Stopping threads took: 0,0037025 seconds
2017-03-18T23:59:22.951+0100: 2,496: Total time for which application threads were stopped: 0,0003175 seconds, Stopping threads took: 0,0000356 seconds
{Heap before GC invocations=1 (full 0):
 par new generation   total 109248K, used 98828K [0x00000000e0000000, 0x00000000e8000000, 0x00000000e8000000)
  eden space 87424K, 100% used [0x00000000e0000000, 0x00000000e5560000, 0x00000000e5560000)
  from space 21824K,  52% used [0x00000000e6ab0000, 0x00000000e75d32b8, 0x00000000e8000000)
  to   space 21824K,   0% used [0x00000000e5560000, 0x00000000e5560000, 0x00000000e6ab0000)
 concurrent mark-sweep generation total 393216K, used 0K [0x00000000e8000000, 0x0000000100000000, 0x0000000100000000)
 Metaspace       used 20001K, capacity 20366K, committed 20736K, reserved 1067008K
  class space    used 2296K, capacity 2471K, committed 2560K, reserved 1048576K
2017-03-18T23:59:22.986+0100: 2,532: [GC (Allocation Failure) 2017-03-18T23:59:22.986+0100: 2,532: [ParNew
Desired survivor size 20112992 bytes, new threshold 8 (max 8)
- age   1:    4242368 bytes,    4242368 total
- age   2:    6130664 bytes,   10373032 total
: 98828K->12660K(109248K), 0,0109317 secs] 98828K->12660K(502464K), 0,0110030 secs] [Times: user=0,03 sys=0,00, real=0,01 secs] 
Heap after GC invocations=2 (full 0):
 par new generation   total 109248K, used 12660K [0x00000000e0000000, 0x00000000e8000000, 0x00000000e8000000)
  eden space 87424K,   0% used [0x00000000e0000000, 0x00000000e0000000, 0x00000000e5560000)
  from space 21824K,  58% used [0x00000000e5560000, 0x00000000e61bd378, 0x00000000e6ab0000)
  to   space 21824K,   0% used [0x00000000e6ab0000, 0x00000000e6ab0000, 0x00000000e8000000)
 concurrent mark-sweep generation total 393216K, used 0K [0x00000000e8000000, 0x0000000100000000, 0x0000000100000000)
 Metaspace       used 20001K, capacity 20366K, committed 20736K, reserved 1067008K
  class space    used 2296K, capacity 2471K, committed 2560K, reserved 1048576K
}
2017-03-18T23:59:22.997+0100: 2,543: Total time for which application threads were stopped: 0,0122176 seconds, Stopping threads took: 0,0010684 seconds
2017-03-18T23:59:23.011+0100: 2,557: Total time for which application threads were stopped: 0,0042603 seconds, Stopping threads took: 0,0039884 seconds
2017-03-18T23:59:23.051+0100: 2,597: Total time for which application threads were stopped: 0,0003887 seconds, Stopping threads took: 0,0000333 seconds
2017-03-18T23:59:23.197+0100: 2,743: Total time for which application threads were stopped: 0,0002277 seconds, Stopping threads took: 0,0000707 seconds
{Heap before GC invocations=2 (full 0):
 par new generation   total 109248K, used 100084K [0x00000000e0000000, 0x00000000e8000000, 0x00000000e8000000)
  eden space 87424K, 100% used [0x00000000e0000000, 0x00000000e5560000, 0x00000000e5560000)
  from space 21824K,  58% used [0x00000000e5560000, 0x00000000e61bd378, 0x00000000e6ab0000)
  to   space 21824K,   0% used [0x00000000e6ab0000, 0x00000000e6ab0000, 0x00000000e8000000)
 concurrent mark-sweep generation total 393216K, used 0K [0x00000000e8000000, 0x0000000100000000, 0x0000000100000000)
 Metaspace       used 20944K, capacity 21288K, committed 21552K, reserved 1069056K
  class space    used 2420K, capacity 2590K, committed 2608K, reserved 1048576K
2017-03-18T23:59:23.218+0100: 2,764: [GC (Allocation Failure) 2017-03-18T23:59:23.218+0100: 2,764: [ParNew
Desired survivor size 20112992 bytes, new threshold 8 (max 8)
- age   1:    2184056 bytes,    2184056 total
- age   2:    1354896 bytes,    3538952 total
- age   3:    6129016 bytes,    9667968 total
: 100084K->16460K(109248K), 0,0193754 secs] 100084K->16460K(502464K), 0,0194615 secs] [Times: user=0,07 sys=0,00, real=0,02 secs] 
Heap after GC invocations=3 (full 0):
 par new generation   total 109248K, used 16460K [0x00000000e0000000, 0x00000000e8000000, 0x00000000e8000000)
  eden space 87424K,   0% used [0x00000000e0000000, 0x00000000e0000000, 0x00000000e5560000)
  from space 21824K,  75% used [0x00000000e6ab0000, 0x00000000e7ac3318, 0x00000000e8000000)
  to   space 21824K,   0% used [0x00000000e5560000, 0x00000000e5560000, 0x00000000e6ab0000)
 concurrent mark-sweep generation total 393216K, used 0K [0x00000000e8000000, 0x0000000100000000, 0x0000000100000000)
 Metaspace       used 20944K, capacity 21288K, committed 21552K, reserved 1069056K
  class space    used 2420K, capacity 2590K, committed 2608K, reserved 1048576K
}
2017-03-18T23:59:23.238+0100: 2,784: Total time for which application threads were stopped: 0,0231627 seconds, Stopping threads took: 0,0035662 seconds
2017-03-18T23:59:23.251+0100: 2,796: [GC (CMS Initial Mark) [1 CMS-initial-mark: 0K(393216K)] 34473K(502464K), 0,0059832 secs] [Times: user=0,02 sys=0,00, real=0,00 secs] 
2017-03-18T23:59:23.257+0100: 2,803: Total time for which application threads were stopped: 0,0097927 seconds, Stopping threads took: 0,0037138 seconds
2017-03-18T23:59:23.257+0100: 2,803: [CMS-concurrent-mark-start]
2017-03-18T23:59:23.257+0100: 2,803: [CMS-concurrent-mark: 0,001/0,001 secs] [Times: user=0,00 sys=0,00, real=0,00 secs] 
2017-03-18T23:59:23.257+0100: 2,803: [CMS-concurrent-preclean-start]
2017-03-18T23:59:23.259+0100: 2,805: [CMS-concurrent-preclean: 0,002/0,002 secs] [Times: user=0,01 sys=0,00, real=0,01 secs] 
2017-03-18T23:59:23.259+0100: 2,805: [CMS-concurrent-abortable-preclean-start]
{Heap before GC invocations=3 (full 1):
 par new generation   total 109248K, used 103884K [0x00000000e0000000, 0x00000000e8000000, 0x00000000e8000000)
  eden space 87424K, 100% used [0x00000000e0000000, 0x00000000e5560000, 0x00000000e5560000)
  from space 21824K,  75% used [0x00000000e6ab0000, 0x00000000e7ac3318, 0x00000000e8000000)
  to   space 21824K,   0% used [0x00000000e5560000, 0x00000000e5560000, 0x00000000e6ab0000)
 concurrent mark-sweep generation total 393216K, used 0K [0x00000000e8000000, 0x0000000100000000, 0x0000000100000000)
 Metaspace       used 21229K, capacity 21564K, committed 21628K, reserved 1069056K
  class space    used 2450K, capacity 2605K, committed 2608K, reserved 1048576K
2017-03-18T23:59:23.346+0100: 2,892: [GC (Allocation Failure) 2017-03-18T23:59:23.346+0100: 2,892: [ParNew
Desired survivor size 20112992 bytes, new threshold 8 (max 8)
- age   1:     946272 bytes,     946272 total
- age   2:    1479184 bytes,    2425456 total
- age   3:    1318200 bytes,    3743656 total
- age   4:    6128864 bytes,    9872520 total
: 103884K->11779K(109248K), 0,0091665 secs] 103884K->11779K(502464K), 0,0092369 secs] [Times: user=0,04 sys=0,00, real=0,01 secs] 
Heap after GC invocations=4 (full 1):
 par new generation   total 109248K, used 11779K [0x00000000e0000000, 0x00000000e8000000, 0x00000000e8000000)
  eden space 87424K,   0% used [0x00000000e0000000, 0x00000000e0000000, 0x00000000e5560000)
  from space 21824K,  53% used [0x00000000e5560000, 0x00000000e60e0dd0, 0x00000000e6ab0000)
  to   space 21824K,   0% used [0x00000000e6ab0000, 0x00000000e6ab0000, 0x00000000e8000000)
 concurrent mark-sweep generation total 393216K, used 0K [0x00000000e8000000, 0x0000000100000000, 0x0000000100000000)
 Metaspace       used 21229K, capacity 21564K, committed 21628K, reserved 1069056K
  class space    used 2450K, capacity 2605K, committed 2608K, reserved 1048576K
}
2017-03-18T23:59:23.356+0100: 2,901: Total time for which application threads were stopped: 0,0094594 seconds, Stopping threads took: 0,0000744 seconds
2017-03-18T23:59:23.403+0100: 2,949: Total time for which application threads were stopped: 0,0001480 seconds, Stopping threads took: 0,0000450 seconds
{Heap before GC invocations=4 (full 1):
 par new generation   total 109248K, used 99203K [0x00000000e0000000, 0x00000000e8000000, 0x00000000e8000000)
  eden space 87424K, 100% used [0x00000000e0000000, 0x00000000e5560000, 0x00000000e5560000)
  from space 21824K,  53% used [0x00000000e5560000, 0x00000000e60e0dd0, 0x00000000e6ab0000)
  to   space 21824K,   0% used [0x00000000e6ab0000, 0x00000000e6ab0000, 0x00000000e8000000)
 concurrent mark-sweep generation total 393216K, used 0K [0x00000000e8000000, 0x0000000100000000, 0x0000000100000000)
 Metaspace       used 21366K, capacity 21730K, committed 21960K, reserved 1069056K
  class space    used 2469K, capacity 2638K, committed 2684K, reserved 1048576K
2017-03-18T23:59:23.439+0100: 2,985: [GC (Allocation Failure) 2017-03-18T23:59:23.439+0100: 2,985: [ParNew
Desired survivor size 20112992 bytes, new threshold 8 (max 8)
- age   1:    1666968 bytes,    1666968 total
- age   2:     179288 bytes,    1846256 total
- age   3:    1479040 bytes,    3325296 total
- age   4:    1318088 bytes,    4643384 total
- age   5:    6129000 bytes,   10772384 total
: 99203K->14715K(109248K), 0,0101397 secs] 99203K->14715K(502464K), 0,0102108 secs] [Times: user=0,04 sys=0,00, real=0,01 secs] 
Heap after GC invocations=5 (full 1):
 par new generation   total 109248K, used 14715K [0x00000000e0000000, 0x00000000e8000000, 0x00000000e8000000)
  eden space 87424K,   0% used [0x00000000e0000000, 0x00000000e0000000, 0x00000000e5560000)
  from space 21824K,  67% used [0x00000000e6ab0000, 0x00000000e790ed08, 0x00000000e8000000)
  to   space 21824K,   0% used [0x00000000e5560000, 0x00000000e5560000, 0x00000000e6ab0000)
 concurrent mark-sweep generation total 393216K, used 0K [0x00000000e8000000, 0x0000000100000000, 0x0000000100000000)
 Metaspace       used 21366K, capacity 21730K, committed 21960K, reserved 1069056K
  class space    used 2469K, capacity 2638K, committed 2684K, reserved 1048576K
}
2017-03-18T23:59:23.450+0100: 2,995: Total time for which application threads were stopped: 0,0104610 seconds, Stopping threads took: 0,0001170 seconds
2017-03-18T23:59:23.488+0100: 3,034: Total time for which application threads were stopped: 0,0001585 seconds, Stopping threads took: 0,0000467 seconds
2017-03-18T23:59:23.488+0100: 3,034: [CMS-concurrent-abortable-preclean: 0,170/0,229 secs] [Times: user=0,87 sys=0,01, real=0,23 secs] 
2017-03-18T23:59:23.488+0100: 3,034: [GC (CMS Final Remark) [YG occupancy: 35059 K (109248 K)]{Heap before GC invocations=5 (full 1):
 par new generation   total 109248K, used 35059K [0x00000000e0000000, 0x00000000e8000000, 0x00000000e8000000)
  eden space 87424K,  23% used [0x00000000e0000000, 0x00000000e13de0b0, 0x00000000e5560000)
  from space 21824K,  67% used [0x00000000e6ab0000, 0x00000000e790ed08, 0x00000000e8000000)
  to   space 21824K,   0% used [0x00000000e5560000, 0x00000000e5560000, 0x00000000e6ab0000)
 concurrent mark-sweep generation total 393216K, used 0K [0x00000000e8000000, 0x0000000100000000, 0x0000000100000000)
 Metaspace       used 21523K, capacity 21934K, committed 22216K, reserved 1069056K
  class space    used 2488K, capacity 2640K, committed 2684K, reserved 1048576K
2017-03-18T23:59:23.488+0100: 3,034: [GC (CMS Final Remark) 2017-03-18T23:59:23.488+0100: 3,034: [ParNew
Desired survivor size 20112992 bytes, new threshold 8 (max 8)
- age   1:     315928 bytes,     315928 total
- age   2:     103568 bytes,     419496 total
- age   3:     178376 bytes,     597872 total
- age   4:    1089080 bytes,    1686952 total
- age   5:    1318056 bytes,    3005008 total
- age   6:    6128672 bytes,    9133680 total
: 35059K->12094K(109248K), 0,0129124 secs] 35059K->12094K(502464K), 0,0129820 secs] [Times: user=0,04 sys=0,00, real=0,01 secs] 
Heap after GC invocations=6 (full 1):
 par new generation   total 109248K, used 12094K [0x00000000e0000000, 0x00000000e8000000, 0x00000000e8000000)
  eden space 87424K,   0% used [0x00000000e0000000, 0x00000000e0000000, 0x00000000e5560000)
  from space 21824K,  55% used [0x00000000e5560000, 0x00000000e612f840, 0x00000000e6ab0000)
  to   space 21824K,   0% used [0x00000000e6ab0000, 0x00000000e6ab0000, 0x00000000e8000000)
 concurrent mark-sweep generation total 393216K, used 0K [0x00000000e8000000, 0x0000000100000000, 0x0000000100000000)
 Metaspace       used 21523K, capacity 21934K, committed 22216K, reserved 1069056K
  class space    used 2488K, capacity 2640K, committed 2684K, reserved 1048576K
}
2017-03-18T23:59:23.501+0100: 3,047: [Rescan (parallel) , 0,0032910 secs]2017-03-18T23:59:23.505+0100: 3,050: [weak refs processing, 0,0021137 secs]2017-03-18T23:59:23.507+0100: 3,053: [class unloading, 0,0029217 secs]2017-03-18T23:59:23.510+0100: 3,055: [scrub symbol table, 0,0035106 secs]2017-03-18T23:59:23.513+0100: 3,059: [scrub string table, 0,0004001 secs][1 CMS-remark: 0K(393216K)] 12094K(502464K), 0,0259074 secs] [Times: user=0,07 sys=0,00, real=0,02 secs] 
2017-03-18T23:59:23.514+0100: 3,060: Total time for which application threads were stopped: 0,0260348 seconds, Stopping threads took: 0,0000563 seconds
2017-03-18T23:59:23.514+0100: 3,060: [CMS-concurrent-sweep-start]
2017-03-18T23:59:23.514+0100: 3,060: [CMS-concurrent-sweep: 0,000/0,000 secs] [Times: user=0,00 sys=0,00, real=0,00 secs] 
2017-03-18T23:59:23.514+0100: 3,060: [CMS-concurrent-reset-start]
2017-03-18T23:59:23.517+0100: 3,062: [CMS-concurrent-reset: 0,002/0,002 secs] [Times: user=0,00 sys=0,00, real=0,00 secs] 
2017-03-18T23:59:23.525+0100: 3,071: Total time for which application threads were stopped: 0,0003465 seconds, Stopping threads took: 0,0000205 seconds
2017-03-18T23:59:23.773+0100: 3,319: Total time for which application threads were stopped: 0,0004673 seconds, Stopping threads took: 0,0000270 seconds
2017-03-18T23:59:23.787+0100: 3,332: Total time for which application threads were stopped: 0,0006007 seconds, Stopping threads took: 0,0001644 seconds
{Heap before GC invocations=6 (full 1):
 par new generation   total 109248K, used 99518K [0x00000000e0000000, 0x00000000e8000000, 0x00000000e8000000)
  eden space 87424K, 100% used [0x00000000e0000000, 0x00000000e5560000, 0x00000000e5560000)
  from space 21824K,  55% used [0x00000000e5560000, 0x00000000e612f840, 0x00000000e6ab0000)
  to   space 21824K,   0% used [0x00000000e6ab0000, 0x00000000e6ab0000, 0x00000000e8000000)
 concurrent mark-sweep generation total 393216K, used 0K [0x00000000e8000000, 0x0000000100000000, 0x0000000100000000)
 Metaspace       used 23768K, capacity 24240K, committed 24572K, reserved 1071104K
  class space    used 2800K, capacity 2983K, committed 3068K, reserved 1048576K
2017-03-18T23:59:23.974+0100: 3,520: [GC (Allocation Failure) 2017-03-18T23:59:23.974+0100: 3,520: [ParNew
Desired survivor size 20112992 bytes, new threshold 8 (max 8)
- age   1:    4843144 bytes,    4843144 total
- age   2:     111392 bytes,    4954536 total
- age   3:     103440 bytes,    5057976 total
- age   4:     177800 bytes,    5235776 total
- age   5:     309464 bytes,    5545240 total
- age   6:    1293760 bytes,    6839000 total
- age   7:    6120512 bytes,   12959512 total
: 99518K->15783K(109248K), 0,0268215 secs] 99518K->15783K(502464K), 0,0268947 secs] [Times: user=0,07 sys=0,00, real=0,03 secs] 
Heap after GC invocations=7 (full 1):
 par new generation   total 109248K, used 15783K [0x00000000e0000000, 0x00000000e8000000, 0x00000000e8000000)
  eden space 87424K,   0% used [0x00000000e0000000, 0x00000000e0000000, 0x00000000e5560000)
  from space 21824K,  72% used [0x00000000e6ab0000, 0x00000000e7a19fb8, 0x00000000e8000000)
  to   space 21824K,   0% used [0x00000000e5560000, 0x00000000e5560000, 0x00000000e6ab0000)
 concurrent mark-sweep generation total 393216K, used 0K [0x00000000e8000000, 0x0000000100000000, 0x0000000100000000)
 Metaspace       used 23768K, capacity 24240K, committed 24572K, reserved 1071104K
  class space    used 2800K, capacity 2983K, committed 3068K, reserved 1048576K
}
2017-03-18T23:59:24.001+0100: 3,547: Total time for which application threads were stopped: 0,0274080 seconds, Stopping threads took: 0,0002740 seconds
{Heap before GC invocations=7 (full 1):
 par new generation   total 109248K, used 103207K [0x00000000e0000000, 0x00000000e8000000, 0x00000000e8000000)
  eden space 87424K, 100% used [0x00000000e0000000, 0x00000000e5560000, 0x00000000e5560000)
  from space 21824K,  72% used [0x00000000e6ab0000, 0x00000000e7a19fb8, 0x00000000e8000000)
  to   space 21824K,   0% used [0x00000000e5560000, 0x00000000e5560000, 0x00000000e6ab0000)
 concurrent mark-sweep generation total 393216K, used 0K [0x00000000e8000000, 0x0000000100000000, 0x0000000100000000)
 Metaspace       used 24424K, capacity 24838K, committed 25084K, reserved 1071104K
  class space    used 2867K, capacity 3051K, committed 3068K, reserved 1048576K
2017-03-18T23:59:24.228+0100: 3,774: [GC (Allocation Failure) 2017-03-18T23:59:24.228+0100: 3,774: [ParNew
Desired survivor size 20112992 bytes, new threshold 8 (max 8)
- age   1:    1861432 bytes,    1861432 total
- age   2:    1711528 bytes,    3572960 total
- age   3:      48720 bytes,    3621680 total
- age   4:      44760 bytes,    3666440 total
- age   5:     112616 bytes,    3779056 total
- age   6:     204344 bytes,    3983400 total
- age   7:     929072 bytes,    4912472 total
- age   8:    5918784 bytes,   10831256 total
: 103207K->18735K(109248K), 0,0891973 secs] 103207K->18735K(502464K), 0,0893022 secs] [Times: user=0,08 sys=0,00, real=0,08 secs] 
Heap after GC invocations=8 (full 1):
 par new generation   total 109248K, used 18735K [0x00000000e0000000, 0x00000000e8000000, 0x00000000e8000000)
  eden space 87424K,   0% used [0x00000000e0000000, 0x00000000e0000000, 0x00000000e5560000)
  from space 21824K,  85% used [0x00000000e5560000, 0x00000000e67abe00, 0x00000000e6ab0000)
  to   space 21824K,   0% used [0x00000000e6ab0000, 0x00000000e6ab0000, 0x00000000e8000000)
 concurrent mark-sweep generation total 393216K, used 0K [0x00000000e8000000, 0x0000000100000000, 0x0000000100000000)
 Metaspace       used 24424K, capacity 24838K, committed 25084K, reserved 1071104K
  class space    used 2867K, capacity 3051K, committed 3068K, reserved 1048576K
}
2017-03-18T23:59:24.317+0100: 3,863: Total time for which application threads were stopped: 0,0952781 seconds, Stopping threads took: 0,0056743 seconds
{Heap before GC invocations=8 (full 1):
 par new generation   total 109248K, used 106159K [0x00000000e0000000, 0x00000000e8000000, 0x00000000e8000000)
  eden space 87424K, 100% used [0x00000000e0000000, 0x00000000e5560000, 0x00000000e5560000)
  from space 21824K,  85% used [0x00000000e5560000, 0x00000000e67abe00, 0x00000000e6ab0000)
  to   space 21824K,   0% used [0x00000000e6ab0000, 0x00000000e6ab0000, 0x00000000e8000000)
 concurrent mark-sweep generation total 393216K, used 0K [0x00000000e8000000, 0x0000000100000000, 0x0000000100000000)
 Metaspace       used 24813K, capacity 25264K, committed 25468K, reserved 1071104K
  class space    used 2903K, capacity 3085K, committed 3196K, reserved 1048576K
2017-03-18T23:59:24.477+0100: 4,023: [GC (Allocation Failure) 2017-03-18T23:59:24.477+0100: 4,023: [ParNew
Desired survivor size 20112992 bytes, new threshold 8 (max 8)
- age   1:    1596744 bytes,    1596744 total
- age   2:     629144 bytes,    2225888 total
- age   3:    1688552 bytes,    3914440 total
- age   4:      48656 bytes,    3963096 total
- age   5:      44760 bytes,    4007856 total
- age   6:     109944 bytes,    4117800 total
- age   7:     201480 bytes,    4319280 total
- age   8:     927504 bytes,    5246784 total
: 106159K->6651K(109248K), 0,0606071 secs] 106159K->12513K(502464K), 0,0606848 secs] [Times: user=0,12 sys=0,01, real=0,06 secs] 
Heap after GC invocations=9 (full 1):
 par new generation   total 109248K, used 6651K [0x00000000e0000000, 0x00000000e8000000, 0x00000000e8000000)
  eden space 87424K,   0% used [0x00000000e0000000, 0x00000000e0000000, 0x00000000e5560000)
  from space 21824K,  30% used [0x00000000e6ab0000, 0x00000000e712ec10, 0x00000000e8000000)
  to   space 21824K,   0% used [0x00000000e5560000, 0x00000000e5560000, 0x00000000e6ab0000)
 concurrent mark-sweep generation total 393216K, used 5862K [0x00000000e8000000, 0x0000000100000000, 0x0000000100000000)
 Metaspace       used 24813K, capacity 25264K, committed 25468K, reserved 1071104K
  class space    used 2903K, capacity 3085K, committed 3196K, reserved 1048576K
}
2017-03-18T23:59:24.538+0100: 4,084: Total time for which application threads were stopped: 0,0679607 seconds, Stopping threads took: 0,0066806 seconds
2017-03-18T23:59:24.688+0100: 4,234: Total time for which application threads were stopped: 0,0001716 seconds, Stopping threads took: 0,0000600 seconds
2017-03-18T23:59:24.699+0100: 4,245: Total time for which application threads were stopped: 0,0016029 seconds, Stopping threads took: 0,0014660 seconds
2017-03-18T23:59:24.699+0100: 4,245: Total time for which application threads were stopped: 0,0000980 seconds, Stopping threads took: 0,0000224 seconds
2017-03-18T23:59:24.703+0100: 4,249: Total time for which application threads were stopped: 0,0001635 seconds, Stopping threads took: 0,0000502 seconds
2017-03-18T23:59:24.703+0100: 4,249: Total time for which application threads were stopped: 0,0000662 seconds, Stopping threads took: 0,0000087 seconds
2017-03-18T23:59:24.704+0100: 4,250: Total time for which application threads were stopped: 0,0001266 seconds, Stopping threads took: 0,0000324 seconds
2017-03-18T23:59:24.704+0100: 4,250: Total time for which application threads were stopped: 0,0000604 seconds, Stopping threads took: 0,0000086 seconds
2017-03-18T23:59:24.705+0100: 4,251: Total time for which application threads were stopped: 0,0000714 seconds, Stopping threads took: 0,0000102 seconds
2017-03-18T23:59:24.705+0100: 4,251: Total time for which application threads were stopped: 0,0000609 seconds, Stopping threads took: 0,0000075 seconds
2017-03-18T23:59:24.705+0100: 4,251: Total time for which application threads were stopped: 0,0000733 seconds, Stopping threads took: 0,0000108 seconds
2017-03-18T23:59:24.705+0100: 4,251: Total time for which application threads were stopped: 0,0000603 seconds, Stopping threads took: 0,0000104 seconds
2017-03-18T23:59:24.705+0100: 4,251: Total time for which application threads were stopped: 0,0000731 seconds, Stopping threads took: 0,0000105 seconds
2017-03-18T23:59:24.705+0100: 4,251: Total time for which application threads were stopped: 0,0000602 seconds, Stopping threads took: 0,0000099 seconds
2017-03-18T23:59:24.706+0100: 4,252: Total time for which application threads were stopped: 0,0000693 seconds, Stopping threads took: 0,0000093 seconds
2017-03-18T23:59:24.706+0100: 4,252: Total time for which application threads were stopped: 0,0000688 seconds, Stopping threads took: 0,0000092 seconds
2017-03-18T23:59:24.706+0100: 4,252: Total time for which application threads were stopped: 0,0000576 seconds, Stopping threads took: 0,0000099 seconds
2017-03-18T23:59:24.706+0100: 4,252: Total time for which application threads were stopped: 0,0000558 seconds, Stopping threads took: 0,0000076 seconds
2017-03-18T23:59:24.706+0100: 4,252: Total time for which application threads were stopped: 0,0000553 seconds, Stopping threads took: 0,0000069 seconds
2017-03-18T23:59:24.706+0100: 4,252: Total time for which application threads were stopped: 0,0000701 seconds, Stopping threads took: 0,0000123 seconds
2017-03-18T23:59:24.706+0100: 4,252: Total time for which application threads were stopped: 0,0000552 seconds, Stopping threads took: 0,0000075 seconds
2017-03-18T23:59:24.707+0100: 4,253: Total time for which application threads were stopped: 0,0000706 seconds, Stopping threads took: 0,0000096 seconds
2017-03-18T23:59:24.707+0100: 4,253: Total time for which application threads were stopped: 0,0000544 seconds, Stopping threads took: 0,0000071 seconds
2017-03-18T23:59:24.707+0100: 4,253: Total time for which application threads were stopped: 0,0000736 seconds, Stopping threads took: 0,0000126 seconds
2017-03-18T23:59:24.707+0100: 4,253: Total time for which application threads were stopped: 0,0001572 seconds, Stopping threads took: 0,0000109 seconds
2017-03-18T23:59:24.707+0100: 4,253: Total time for which application threads were stopped: 0,0000705 seconds, Stopping threads took: 0,0000090 seconds
2017-03-18T23:59:24.708+0100: 4,253: Total time for which application threads were stopped: 0,0000641 seconds, Stopping threads took: 0,0000086 seconds
2017-03-18T23:59:24.708+0100: 4,254: Total time for which application threads were stopped: 0,0000758 seconds, Stopping threads took: 0,0000125 seconds
2017-03-18T23:59:24.722+0100: 4,267: Total time for which application threads were stopped: 0,0026313 seconds, Stopping threads took: 0,0025102 seconds
2017-03-18T23:59:24.722+0100: 4,268: Total time for which application threads were stopped: 0,0001473 seconds, Stopping threads took: 0,0000537 seconds
2017-03-18T23:59:24.722+0100: 4,268: Total time for which application threads were stopped: 0,0001034 seconds, Stopping threads took: 0,0000196 seconds
2017-03-18T23:59:24.723+0100: 4,269: Total time for which application threads were stopped: 0,0001648 seconds, Stopping threads took: 0,0000377 seconds
2017-03-18T23:59:24.723+0100: 4,269: Total time for which application threads were stopped: 0,0000806 seconds, Stopping threads took: 0,0000185 seconds
2017-03-18T23:59:24.723+0100: 4,269: Total time for which application threads were stopped: 0,0000799 seconds, Stopping threads took: 0,0000228 seconds
2017-03-18T23:59:24.732+0100: 4,277: Total time for which application threads were stopped: 0,0061043 seconds, Stopping threads took: 0,0059953 seconds
2017-03-18T23:59:24.746+0100: 4,292: Total time for which application threads were stopped: 0,0007016 seconds, Stopping threads took: 0,0005957 seconds
2017-03-18T23:59:24.746+0100: 4,292: Total time for which application threads were stopped: 0,0000861 seconds, Stopping threads took: 0,0000118 seconds
2017-03-18T23:59:24.747+0100: 4,292: Total time for which application threads were stopped: 0,0002001 seconds, Stopping threads took: 0,0001018 seconds
2017-03-18T23:59:24.747+0100: 4,293: Total time for which application threads were stopped: 0,0000668 seconds, Stopping threads took: 0,0000080 seconds
2017-03-18T23:59:24.747+0100: 4,293: Total time for which application threads were stopped: 0,0000630 seconds, Stopping threads took: 0,0000102 seconds
2017-03-18T23:59:24.747+0100: 4,293: Total time for which application threads were stopped: 0,0000607 seconds, Stopping threads took: 0,0000073 seconds
2017-03-18T23:59:24.747+0100: 4,293: Total time for which application threads were stopped: 0,0000545 seconds, Stopping threads took: 0,0000070 seconds
2017-03-18T23:59:24.747+0100: 4,293: Total time for which application threads were stopped: 0,0000361 seconds, Stopping threads took: 0,0000047 seconds
2017-03-18T23:59:24.747+0100: 4,293: Total time for which application threads were stopped: 0,0000381 seconds, Stopping threads took: 0,0000047 seconds
2017-03-18T23:59:24.747+0100: 4,293: Total time for which application threads were stopped: 0,0000663 seconds, Stopping threads took: 0,0000127 seconds
2017-03-18T23:59:24.747+0100: 4,293: Total time for which application threads were stopped: 0,0000557 seconds, Stopping threads took: 0,0000086 seconds
2017-03-18T23:59:24.748+0100: 4,293: Total time for which application threads were stopped: 0,0000555 seconds, Stopping threads took: 0,0000120 seconds
2017-03-18T23:59:24.748+0100: 4,294: Total time for which application threads were stopped: 0,0001718 seconds, Stopping threads took: 0,0000092 seconds
2017-03-18T23:59:24.748+0100: 4,294: Total time for which application threads were stopped: 0,0000605 seconds, Stopping threads took: 0,0000104 seconds
2017-03-18T23:59:24.748+0100: 4,294: Total time for which application threads were stopped: 0,0000943 seconds, Stopping threads took: 0,0000108 seconds
2017-03-18T23:59:24.751+0100: 4,296: Total time for which application threads were stopped: 0,0001510 seconds, Stopping threads took: 0,0000310 seconds
2017-03-18T23:59:24.756+0100: 4,302: Total time for which application threads were stopped: 0,0030086 seconds, Stopping threads took: 0,0028788 seconds
2017-03-18T23:59:24.766+0100: 4,312: Total time for which application threads were stopped: 0,0001899 seconds, Stopping threads took: 0,0000603 seconds
2017-03-18T23:59:24.771+0100: 4,317: Total time for which application threads were stopped: 0,0011242 seconds, Stopping threads took: 0,0010238 seconds
2017-03-18T23:59:24.774+0100: 4,320: Total time for which application threads were stopped: 0,0001459 seconds, Stopping threads took: 0,0000243 seconds
2017-03-18T23:59:24.814+0100: 4,360: Total time for which application threads were stopped: 0,0072878 seconds, Stopping threads took: 0,0071572 seconds
2017-03-18T23:59:24.826+0100: 4,372: Total time for which application threads were stopped: 0,0001461 seconds, Stopping threads took: 0,0000462 seconds
2017-03-18T23:59:24.835+0100: 4,380: Total time for which application threads were stopped: 0,0001329 seconds, Stopping threads took: 0,0000356 seconds
2017-03-18T23:59:24.886+0100: 4,431: Total time for which application threads were stopped: 0,0004675 seconds, Stopping threads took: 0,0000259 seconds
2017-03-18T23:59:24.903+0100: 4,449: Total time for which application threads were stopped: 0,0012060 seconds, Stopping threads took: 0,0007808 seconds
2017-03-18T23:59:24.946+0100: 4,492: Total time for which application threads were stopped: 0,0001274 seconds, Stopping threads took: 0,0000403 seconds
2017-03-18T23:59:24.957+0100: 4,503: Total time for which application threads were stopped: 0,0004182 seconds, Stopping threads took: 0,0000198 seconds
2017-03-18T23:59:24.959+0100: 4,504: Total time for which application threads were stopped: 0,0001633 seconds, Stopping threads took: 0,0000511 seconds
2017-03-18T23:59:24.959+0100: 4,505: Total time for which application threads were stopped: 0,0000795 seconds, Stopping threads took: 0,0000206 seconds
2017-03-18T23:59:24.959+0100: 4,505: Total time for which application threads were stopped: 0,0000801 seconds, Stopping threads took: 0,0000218 seconds
2017-03-18T23:59:24.962+0100: 4,508: Total time for which application threads were stopped: 0,0000931 seconds, Stopping threads took: 0,0000253 seconds
2017-03-18T23:59:24.972+0100: 4,518: Total time for which application threads were stopped: 0,0000985 seconds, Stopping threads took: 0,0000378 seconds
2017-03-18T23:59:24.980+0100: 4,525: Total time for which application threads were stopped: 0,0001317 seconds, Stopping threads took: 0,0000438 seconds
2017-03-18T23:59:24.983+0100: 4,528: Total time for which application threads were stopped: 0,0012475 seconds, Stopping threads took: 0,0011652 seconds
2017-03-18T23:59:24.987+0100: 4,533: Total time for which application threads were stopped: 0,0001244 seconds, Stopping threads took: 0,0000344 seconds
2017-03-18T23:59:24.988+0100: 4,533: Total time for which application threads were stopped: 0,0001398 seconds, Stopping threads took: 0,0000428 seconds
2017-03-18T23:59:24.988+0100: 4,534: Total time for which application threads were stopped: 0,0001268 seconds, Stopping threads took: 0,0000460 seconds
2017-03-18T23:59:24.994+0100: 4,540: Total time for which application threads were stopped: 0,0002313 seconds, Stopping threads took: 0,0000801 seconds
2017-03-18T23:59:24.999+0100: 4,545: Total time for which application threads were stopped: 0,0001623 seconds, Stopping threads took: 0,0000532 seconds
2017-03-18T23:59:25.000+0100: 4,546: Total time for which application threads were stopped: 0,0001171 seconds, Stopping threads took: 0,0000393 seconds
2017-03-18T23:59:25.003+0100: 4,549: Total time for which application threads were stopped: 0,0001101 seconds, Stopping threads took: 0,0000279 seconds
2017-03-18T23:59:25.006+0100: 4,552: Total time for which application threads were stopped: 0,0001541 seconds, Stopping threads took: 0,0000426 seconds
2017-03-18T23:59:25.008+0100: 4,553: Total time for which application threads were stopped: 0,0001003 seconds, Stopping threads took: 0,0000261 seconds
2017-03-18T23:59:25.015+0100: 4,560: Total time for which application threads were stopped: 0,0008323 seconds, Stopping threads took: 0,0007488 seconds
2017-03-18T23:59:25.031+0100: 4,577: Total time for which application threads were stopped: 0,0007830 seconds, Stopping threads took: 0,0006774 seconds
2017-03-18T23:59:25.051+0100: 4,597: Total time for which application threads were stopped: 0,0001329 seconds, Stopping threads took: 0,0000528 seconds
2017-03-18T23:59:25.052+0100: 4,597: Total time for which application threads were stopped: 0,0000689 seconds, Stopping threads took: 0,0000188 seconds
2017-03-18T23:59:25.075+0100: 4,621: Total time for which application threads were stopped: 0,0001479 seconds, Stopping threads took: 0,0000428 seconds
2017-03-18T23:59:25.076+0100: 4,622: Total time for which application threads were stopped: 0,0001301 seconds, Stopping threads took: 0,0000268 seconds
2017-03-18T23:59:25.081+0100: 4,627: Total time for which application threads were stopped: 0,0001198 seconds, Stopping threads took: 0,0000394 seconds
2017-03-18T23:59:26.082+0100: 5,627: Total time for which application threads were stopped: 0,0000900 seconds, Stopping threads took: 0,0000209 seconds
2017-03-19T00:00:53.091+0100: 92,637: Total time for which application threads were stopped: 0,0000625 seconds, Stopping threads took: 0,0000163 seconds
2017-03-19T00:01:22.095+0100: 121,641: Total time for which application threads were stopped: 0,0000811 seconds, Stopping threads took: 0,0000332 seconds
2017-03-19T00:01:28.096+0100: 127,642: Total time for which application threads were stopped: 0,0001532 seconds, Stopping threads took: 0,0000591 seconds
2017-03-19T00:02:27.103+0100: 186,649: Total time for which application threads were stopped: 0,0000829 seconds, Stopping threads took: 0,0000329 seconds
2017-03-19T00:03:57.113+0100: 276,659: Total time for which application threads were stopped: 0,0000828 seconds, Stopping threads took: 0,0000329 seconds
2017-03-19T00:03:58.113+0100: 277,659: Total time for which application threads were stopped: 0,0000712 seconds, Stopping threads took: 0,0000156 seconds
2017-03-19T00:11:22.003+0100: 721,549: Total time for which application threads were stopped: 0,0303978 seconds, Stopping threads took: 0,0303197 seconds
2017-03-19T00:11:22.005+0100: 721,550: Total time for which application threads were stopped: 0,0001024 seconds, Stopping threads took: 0,0000349 seconds
2017-03-19T00:11:22.006+0100: 721,552: Total time for which application threads were stopped: 0,0000941 seconds, Stopping threads took: 0,0000264 seconds
2017-03-19T00:11:22.007+0100: 721,553: Total time for which application threads were stopped: 0,0000964 seconds, Stopping threads took: 0,0000257 seconds
2017-03-19T00:11:22.016+0100: 721,561: Total time for which application threads were stopped: 0,0000996 seconds, Stopping threads took: 0,0000360 seconds
2017-03-19T00:11:22.016+0100: 721,562: Total time for which application threads were stopped: 0,0000507 seconds, Stopping threads took: 0,0000146 seconds
2017-03-19T00:11:22.016+0100: 721,562: Total time for which application threads were stopped: 0,0000557 seconds, Stopping threads took: 0,0000161 seconds
2017-03-19T00:11:22.016+0100: 721,562: Total time for which application threads were stopped: 0,0000371 seconds, Stopping threads took: 0,0000046 seconds
2017-03-19T00:11:22.016+0100: 721,562: Total time for which application threads were stopped: 0,0000470 seconds, Stopping threads took: 0,0000124 seconds
2017-03-19T00:11:22.016+0100: 721,562: Total time for which application threads were stopped: 0,0000422 seconds, Stopping threads took: 0,0000114 seconds
2017-03-19T00:11:22.016+0100: 721,562: Total time for which application threads were stopped: 0,0000427 seconds, Stopping threads took: 0,0000137 seconds
2017-03-19T00:11:22.016+0100: 721,562: Total time for which application threads were stopped: 0,0000454 seconds, Stopping threads took: 0,0000124 seconds
2017-03-19T00:11:22.016+0100: 721,562: Total time for which application threads were stopped: 0,0000458 seconds, Stopping threads took: 0,0000135 seconds
2017-03-19T00:11:22.016+0100: 721,562: Total time for which application threads were stopped: 0,0000364 seconds, Stopping threads took: 0,0000045 seconds
2017-03-19T00:11:22.017+0100: 721,562: Total time for which application threads were stopped: 0,0000436 seconds, Stopping threads took: 0,0000118 seconds
2017-03-19T00:11:22.017+0100: 721,563: Total time for which application threads were stopped: 0,0000502 seconds, Stopping threads took: 0,0000128 seconds
2017-03-19T00:11:22.017+0100: 721,563: Total time for which application threads were stopped: 0,0000425 seconds, Stopping threads took: 0,0000120 seconds
2017-03-19T00:11:22.017+0100: 721,563: Total time for which application threads were stopped: 0,0000440 seconds, Stopping threads took: 0,0000135 seconds
2017-03-19T00:11:22.017+0100: 721,563: Total time for which application threads were stopped: 0,0000421 seconds, Stopping threads took: 0,0000117 seconds
2017-03-19T00:11:22.017+0100: 721,563: Total time for which application threads were stopped: 0,0000416 seconds, Stopping threads took: 0,0000114 seconds
2017-03-19T00:11:22.017+0100: 721,563: Total time for which application threads were stopped: 0,0000412 seconds, Stopping threads took: 0,0000114 seconds
2017-03-19T00:11:22.017+0100: 721,563: Total time for which application threads were stopped: 0,0000420 seconds, Stopping threads took: 0,0000114 seconds
2017-03-19T00:11:22.017+0100: 721,563: Total time for which application threads were stopped: 0,0000500 seconds, Stopping threads took: 0,0000192 seconds
2017-03-19T00:11:22.018+0100: 721,564: Total time for which application threads were stopped: 0,0000883 seconds, Stopping threads took: 0,0000157 seconds
2017-03-19T00:11:22.022+0100: 721,568: Total time for which application threads were stopped: 0,0001076 seconds, Stopping threads took: 0,0000315 seconds
2017-03-19T00:11:22.022+0100: 721,568: Total time for which application threads were stopped: 0,0000552 seconds, Stopping threads took: 0,0000137 seconds
2017-03-19T00:11:22.053+0100: 721,599: Total time for which application threads were stopped: 0,0044060 seconds, Stopping threads took: 0,0042891 seconds
2017-03-19T00:11:22.053+0100: 721,599: Total time for which application threads were stopped: 0,0000617 seconds, Stopping threads took: 0,0000122 seconds
2017-03-19T00:11:22.053+0100: 721,599: Total time for which application threads were stopped: 0,0000396 seconds, Stopping threads took: 0,0000047 seconds
2017-03-19T00:11:22.053+0100: 721,599: Total time for which application threads were stopped: 0,0000380 seconds, Stopping threads took: 0,0000047 seconds
2017-03-19T00:11:22.053+0100: 721,599: Total time for which application threads were stopped: 0,0000340 seconds, Stopping threads took: 0,0000044 seconds
2017-03-19T00:11:22.059+0100: 721,605: Total time for which application threads were stopped: 0,0001416 seconds, Stopping threads took: 0,0000690 seconds
2017-03-19T00:11:22.060+0100: 721,605: Total time for which application threads were stopped: 0,0000832 seconds, Stopping threads took: 0,0000374 seconds
2017-03-19T00:11:22.060+0100: 721,606: Total time for which application threads were stopped: 0,0005875 seconds, Stopping threads took: 0,0005546 seconds
2017-03-19T00:11:22.060+0100: 721,606: Total time for which application threads were stopped: 0,0000449 seconds, Stopping threads took: 0,0000230 seconds
2017-03-19T00:11:22.060+0100: 721,606: Total time for which application threads were stopped: 0,0000455 seconds, Stopping threads took: 0,0000232 seconds
2017-03-19T00:11:22.060+0100: 721,606: Total time for which application threads were stopped: 0,0000484 seconds, Stopping threads took: 0,0000171 seconds
2017-03-19T00:11:22.060+0100: 721,606: Total time for which application threads were stopped: 0,0000582 seconds, Stopping threads took: 0,0000242 seconds
2017-03-19T00:11:22.061+0100: 721,606: Total time for which application threads were stopped: 0,0000472 seconds, Stopping threads took: 0,0000235 seconds
2017-03-19T00:11:22.061+0100: 721,607: Total time for which application threads were stopped: 0,0000371 seconds, Stopping threads took: 0,0000159 seconds
2017-03-19T00:11:22.062+0100: 721,608: Total time for which application threads were stopped: 0,0004126 seconds, Stopping threads took: 0,0003612 seconds
2017-03-19T00:11:22.062+0100: 721,608: Total time for which application threads were stopped: 0,0000452 seconds, Stopping threads took: 0,0000173 seconds
2017-03-19T00:11:22.065+0100: 721,611: Total time for which application threads were stopped: 0,0000656 seconds, Stopping threads took: 0,0000152 seconds
2017-03-19T00:11:22.065+0100: 721,611: Total time for which application threads were stopped: 0,0000544 seconds, Stopping threads took: 0,0000236 seconds
2017-03-19T00:11:22.066+0100: 721,612: Total time for which application threads were stopped: 0,0000729 seconds, Stopping threads took: 0,0000152 seconds
2017-03-19T00:11:22.067+0100: 721,612: Total time for which application threads were stopped: 0,0000615 seconds, Stopping threads took: 0,0000259 seconds
2017-03-19T00:11:22.067+0100: 721,612: Total time for which application threads were stopped: 0,0000336 seconds, Stopping threads took: 0,0000075 seconds
2017-03-19T00:11:22.067+0100: 721,613: Total time for which application threads were stopped: 0,0000285 seconds, Stopping threads took: 0,0000075 seconds
2017-03-19T00:11:22.067+0100: 721,613: Total time for which application threads were stopped: 0,0000352 seconds, Stopping threads took: 0,0000143 seconds
2017-03-19T00:11:22.068+0100: 721,614: Total time for which application threads were stopped: 0,0000726 seconds, Stopping threads took: 0,0000256 seconds
2017-03-19T00:11:22.068+0100: 721,614: Total time for which application threads were stopped: 0,0000355 seconds, Stopping threads took: 0,0000145 seconds
2017-03-19T00:11:22.068+0100: 721,614: Total time for which application threads were stopped: 0,0000398 seconds, Stopping threads took: 0,0000197 seconds
2017-03-19T00:11:22.068+0100: 721,614: Total time for which application threads were stopped: 0,0000360 seconds, Stopping threads took: 0,0000162 seconds
2017-03-19T00:11:22.068+0100: 721,614: Total time for which application threads were stopped: 0,0000325 seconds, Stopping threads took: 0,0000114 seconds
2017-03-19T00:11:22.068+0100: 721,614: Total time for which application threads were stopped: 0,0000448 seconds, Stopping threads took: 0,0000186 seconds
2017-03-19T00:11:22.068+0100: 721,614: Total time for which application threads were stopped: 0,0000437 seconds, Stopping threads took: 0,0000223 seconds
2017-03-19T00:11:22.068+0100: 721,614: Total time for which application threads were stopped: 0,0000432 seconds, Stopping threads took: 0,0000086 seconds
2017-03-19T00:11:22.069+0100: 721,614: Total time for which application threads were stopped: 0,0000473 seconds, Stopping threads took: 0,0000175 seconds
2017-03-19T00:11:22.069+0100: 721,614: Total time for which application threads were stopped: 0,0001415 seconds, Stopping threads took: 0,0000332 seconds
2017-03-19T00:11:22.069+0100: 721,615: Total time for which application threads were stopped: 0,0000881 seconds, Stopping threads took: 0,0000261 seconds
2017-03-19T00:11:22.069+0100: 721,615: Total time for which application threads were stopped: 0,0000474 seconds, Stopping threads took: 0,0000097 seconds
2017-03-19T00:11:22.069+0100: 721,615: Total time for which application threads were stopped: 0,0000392 seconds, Stopping threads took: 0,0000075 seconds
2017-03-19T00:11:22.070+0100: 721,615: Total time for which application threads were stopped: 0,0000397 seconds, Stopping threads took: 0,0000088 seconds
2017-03-19T00:11:22.070+0100: 721,615: Total time for which application threads were stopped: 0,0000440 seconds, Stopping threads took: 0,0000125 seconds
2017-03-19T00:11:22.070+0100: 721,616: Total time for which application threads were stopped: 0,0001019 seconds, Stopping threads took: 0,0000456 seconds
2017-03-19T00:11:22.070+0100: 721,616: Total time for which application threads were stopped: 0,0000532 seconds, Stopping threads took: 0,0000225 seconds
2017-03-19T00:11:22.070+0100: 721,616: Total time for which application threads were stopped: 0,0000442 seconds, Stopping threads took: 0,0000139 seconds
2017-03-19T00:11:22.070+0100: 721,616: Total time for which application threads were stopped: 0,0000455 seconds, Stopping threads took: 0,0000154 seconds
2017-03-19T00:11:22.070+0100: 721,616: Total time for which application threads were stopped: 0,0000512 seconds, Stopping threads took: 0,0000196 seconds
2017-03-19T00:11:22.070+0100: 721,616: Total time for which application threads were stopped: 0,0000947 seconds, Stopping threads took: 0,0000640 seconds
2017-03-19T00:11:22.070+0100: 721,616: Total time for which application threads were stopped: 0,0000692 seconds, Stopping threads took: 0,0000319 seconds
2017-03-19T00:11:22.070+0100: 721,616: Total time for which application threads were stopped: 0,0000423 seconds, Stopping threads took: 0,0000077 seconds
2017-03-19T00:11:22.070+0100: 721,616: Total time for which application threads were stopped: 0,0000396 seconds, Stopping threads took: 0,0000069 seconds
2017-03-19T00:11:22.072+0100: 721,618: Total time for which application threads were stopped: 0,0002540 seconds, Stopping threads took: 0,0001762 seconds
2017-03-19T00:11:22.072+0100: 721,618: Total time for which application threads were stopped: 0,0000837 seconds, Stopping threads took: 0,0000302 seconds
Heap
 par new generation   total 109248K, used 90674K [0x00000000e0000000, 0x00000000e8000000, 0x00000000e8000000)
  eden space 87424K,  96% used [0x00000000e0000000, 0x00000000e520deb0, 0x00000000e5560000)
  from space 21824K,  30% used [0x00000000e6ab0000, 0x00000000e712ec10, 0x00000000e8000000)
  to   space 21824K,   0% used [0x00000000e5560000, 0x00000000e5560000, 0x00000000e6ab0000)
 concurrent mark-sweep generation total 393216K, used 5862K [0x00000000e8000000, 0x0000000100000000, 0x0000000100000000)
 Metaspace       used 28085K, capacity 28602K, committed 28796K, reserved 1075200K
  class space    used 3231K, capacity 3426K, committed 3452K, reserved 1048576K
