OpenJDK 64-Bit Server VM (25.131-b11) for linux-amd64 JRE (1.8.0_131-8u131-b11-2ubuntu1.16.04.3-b11), built on Jul 28 2017 01:23:32 by "buildd" with gcc 5.4.0 20160609
Memory: 4k page, physical 7867732k(7476116k free), swap 8076284k(8076284k free)
CommandLine flags: -XX:CMSInitiatingOccupancyFraction=50 -XX:CMSMaxAbortablePrecleanTime=6000 -XX:+CMSParallelRemarkEnabled -XX:+CMSScavengeBeforeRemark -XX:ConcGCThreads=4 -XX:InitialHeapSize=536870912 -XX:MaxHeapSize=536870912 -XX:MaxTenuringThreshold=8 -XX:NewRatio=3 -XX:OldPLABSize=16 -XX:OnOutOfMemoryError=/opt/solr/bin/oom_solr.sh 8983 /var/solr/logs -XX:ParallelGCThreads=4 -XX:+ParallelRefProcEnabled -XX:PretenureSizeThreshold=67108864 -XX:+PrintGC -XX:+PrintGCApplicationStoppedTime -XX:+PrintGCDateStamps -XX:+PrintGCDetails -XX:+PrintGCTimeStamps -XX:+PrintHeapAtGC -XX:+PrintTenuringDistribution -XX:SurvivorRatio=4 -XX:TargetSurvivorRatio=90 -XX:ThreadStackSize=256 -XX:+UseCMSInitiatingOccupancyOnly -XX:+UseCompressedClassPointers -XX:+UseCompressedOops -XX:+UseConcMarkSweepGC -XX:+UseParNewGC 
2017-08-05T08:45:08.822+0200: 0,185: Total time for which application threads were stopped: 0,0000709 seconds, Stopping threads took: 0,0000098 seconds
2017-08-05T08:45:08.921+0200: 0,284: Total time for which application threads were stopped: 0,0001384 seconds, Stopping threads took: 0,0000240 seconds
2017-08-05T08:45:08.948+0200: 0,311: Total time for which application threads were stopped: 0,0000926 seconds, Stopping threads took: 0,0000110 seconds
2017-08-05T08:45:09.244+0200: 0,607: Total time for which application threads were stopped: 0,0001487 seconds, Stopping threads took: 0,0000176 seconds
2017-08-05T08:45:09.670+0200: 1,033: Total time for which application threads were stopped: 0,0001287 seconds, Stopping threads took: 0,0000210 seconds
2017-08-05T08:45:09.740+0200: 1,103: Total time for which application threads were stopped: 0,0001882 seconds, Stopping threads took: 0,0000173 seconds
2017-08-05T08:45:09.761+0200: 1,124: Total time for which application threads were stopped: 0,0002074 seconds, Stopping threads took: 0,0000255 seconds
2017-08-05T08:45:10.109+0200: 1,472: Total time for which application threads were stopped: 0,0001839 seconds, Stopping threads took: 0,0000194 seconds
2017-08-05T08:45:10.358+0200: 1,721: Total time for which application threads were stopped: 0,0004894 seconds, Stopping threads took: 0,0000176 seconds
2017-08-05T08:45:10.383+0200: 1,746: Total time for which application threads were stopped: 0,0001916 seconds, Stopping threads took: 0,0000208 seconds
2017-08-05T08:45:10.421+0200: 1,784: Total time for which application threads were stopped: 0,0017626 seconds, Stopping threads took: 0,0006572 seconds
2017-08-05T08:45:10.423+0200: 1,786: Total time for which application threads were stopped: 0,0004715 seconds, Stopping threads took: 0,0000311 seconds
2017-08-05T08:45:10.443+0200: 1,806: Total time for which application threads were stopped: 0,0009999 seconds, Stopping threads took: 0,0000239 seconds
2017-08-05T08:45:10.547+0200: 1,910: Total time for which application threads were stopped: 0,0002699 seconds, Stopping threads took: 0,0000166 seconds
2017-08-05T08:45:10.751+0200: 2,114: Total time for which application threads were stopped: 0,0002485 seconds, Stopping threads took: 0,0000247 seconds
{Heap before GC invocations=0 (full 0):
 par new generation   total 109248K, used 87424K [0x00000000e0000000, 0x00000000e8000000, 0x00000000e8000000)
  eden space 87424K, 100% used [0x00000000e0000000, 0x00000000e5560000, 0x00000000e5560000)
  from space 21824K,   0% used [0x00000000e5560000, 0x00000000e5560000, 0x00000000e6ab0000)
  to   space 21824K,   0% used [0x00000000e6ab0000, 0x00000000e6ab0000, 0x00000000e8000000)
 concurrent mark-sweep generation total 393216K, used 0K [0x00000000e8000000, 0x0000000100000000, 0x0000000100000000)
 Metaspace       used 18022K, capacity 18336K, committed 18688K, reserved 1064960K
  class space    used 2036K, capacity 2196K, committed 2304K, reserved 1048576K
2017-08-05T08:45:10.841+0200: 2,204: [GC (Allocation Failure) 2017-08-05T08:45:10.841+0200: 2,204: [ParNew
Desired survivor size 20112992 bytes, new threshold 8 (max 8)
- age   1:   12611088 bytes,   12611088 total
: 87424K->12430K(109248K), 0,0154338 secs] 87424K->12430K(502464K), 0,0155141 secs] [Times: user=0,03 sys=0,03, real=0,01 secs] 
Heap after GC invocations=1 (full 0):
 par new generation   total 109248K, used 12430K [0x00000000e0000000, 0x00000000e8000000, 0x00000000e8000000)
  eden space 87424K,   0% used [0x00000000e0000000, 0x00000000e0000000, 0x00000000e5560000)
  from space 21824K,  56% used [0x00000000e6ab0000, 0x00000000e76d3b70, 0x00000000e8000000)
  to   space 21824K,   0% used [0x00000000e5560000, 0x00000000e5560000, 0x00000000e6ab0000)
 concurrent mark-sweep generation total 393216K, used 0K [0x00000000e8000000, 0x0000000100000000, 0x0000000100000000)
 Metaspace       used 18022K, capacity 18336K, committed 18688K, reserved 1064960K
  class space    used 2036K, capacity 2196K, committed 2304K, reserved 1048576K
}
2017-08-05T08:45:10.857+0200: 2,220: Total time for which application threads were stopped: 0,0157491 seconds, Stopping threads took: 0,0000269 seconds
2017-08-05T08:45:11.191+0200: 2,554: Total time for which application threads were stopped: 0,0003506 seconds, Stopping threads took: 0,0000486 seconds
2017-08-05T08:45:11.232+0200: 2,595: Total time for which application threads were stopped: 0,0004416 seconds, Stopping threads took: 0,0001386 seconds
{Heap before GC invocations=1 (full 0):
 par new generation   total 109248K, used 99854K [0x00000000e0000000, 0x00000000e8000000, 0x00000000e8000000)
  eden space 87424K, 100% used [0x00000000e0000000, 0x00000000e5560000, 0x00000000e5560000)
  from space 21824K,  56% used [0x00000000e6ab0000, 0x00000000e76d3b70, 0x00000000e8000000)
  to   space 21824K,   0% used [0x00000000e5560000, 0x00000000e5560000, 0x00000000e6ab0000)
 concurrent mark-sweep generation total 393216K, used 0K [0x00000000e8000000, 0x0000000100000000, 0x0000000100000000)
 Metaspace       used 20056K, capacity 20410K, committed 20736K, reserved 1067008K
  class space    used 2293K, capacity 2463K, committed 2560K, reserved 1048576K
2017-08-05T08:45:11.241+0200: 2,604: [GC (Allocation Failure) 2017-08-05T08:45:11.241+0200: 2,604: [ParNew
Desired survivor size 20112992 bytes, new threshold 8 (max 8)
- age   1:    3873584 bytes,    3873584 total
- age   2:    6693136 bytes,   10566720 total
: 99854K->15889K(109248K), 0,0101369 secs] 99854K->15889K(502464K), 0,0102031 secs] [Times: user=0,03 sys=0,00, real=0,01 secs] 
Heap after GC invocations=2 (full 0):
 par new generation   total 109248K, used 15889K [0x00000000e0000000, 0x00000000e8000000, 0x00000000e8000000)
  eden space 87424K,   0% used [0x00000000e0000000, 0x00000000e0000000, 0x00000000e5560000)
  from space 21824K,  72% used [0x00000000e5560000, 0x00000000e64e46c0, 0x00000000e6ab0000)
  to   space 21824K,   0% used [0x00000000e6ab0000, 0x00000000e6ab0000, 0x00000000e8000000)
 concurrent mark-sweep generation total 393216K, used 0K [0x00000000e8000000, 0x0000000100000000, 0x0000000100000000)
 Metaspace       used 20056K, capacity 20410K, committed 20736K, reserved 1067008K
  class space    used 2293K, capacity 2463K, committed 2560K, reserved 1048576K
}
2017-08-05T08:45:11.252+0200: 2,615: Total time for which application threads were stopped: 0,0139799 seconds, Stopping threads took: 0,0036368 seconds
2017-08-05T08:45:11.294+0200: 2,657: Total time for which application threads were stopped: 0,0029667 seconds, Stopping threads took: 0,0026485 seconds
2017-08-05T08:45:11.413+0200: 2,776: Total time for which application threads were stopped: 0,0002171 seconds, Stopping threads took: 0,0000511 seconds
{Heap before GC invocations=2 (full 0):
 par new generation   total 109248K, used 103313K [0x00000000e0000000, 0x00000000e8000000, 0x00000000e8000000)
  eden space 87424K, 100% used [0x00000000e0000000, 0x00000000e5560000, 0x00000000e5560000)
  from space 21824K,  72% used [0x00000000e5560000, 0x00000000e64e46c0, 0x00000000e6ab0000)
  to   space 21824K,   0% used [0x00000000e6ab0000, 0x00000000e6ab0000, 0x00000000e8000000)
 concurrent mark-sweep generation total 393216K, used 0K [0x00000000e8000000, 0x0000000100000000, 0x0000000100000000)
 Metaspace       used 20955K, capacity 21268K, committed 21628K, reserved 1069056K
  class space    used 2413K, capacity 2582K, committed 2684K, reserved 1048576K
2017-08-05T08:45:11.462+0200: 2,825: [GC (Allocation Failure) 2017-08-05T08:45:11.462+0200: 2,825: [ParNew
Desired survivor size 20112992 bytes, new threshold 8 (max 8)
- age   1:    2060944 bytes,    2060944 total
- age   2:     873320 bytes,    2934264 total
- age   3:    6671616 bytes,    9605880 total
: 103313K->11404K(109248K), 0,0099158 secs] 103313K->11404K(502464K), 0,0099882 secs] [Times: user=0,03 sys=0,00, real=0,01 secs] 
Heap after GC invocations=3 (full 0):
 par new generation   total 109248K, used 11404K [0x00000000e0000000, 0x00000000e8000000, 0x00000000e8000000)
  eden space 87424K,   0% used [0x00000000e0000000, 0x00000000e0000000, 0x00000000e5560000)
  from space 21824K,  52% used [0x00000000e6ab0000, 0x00000000e75d3220, 0x00000000e8000000)
  to   space 21824K,   0% used [0x00000000e5560000, 0x00000000e5560000, 0x00000000e6ab0000)
 concurrent mark-sweep generation total 393216K, used 0K [0x00000000e8000000, 0x0000000100000000, 0x0000000100000000)
 Metaspace       used 20955K, capacity 21268K, committed 21628K, reserved 1069056K
  class space    used 2413K, capacity 2582K, committed 2684K, reserved 1048576K
}
2017-08-05T08:45:11.472+0200: 2,835: Total time for which application threads were stopped: 0,0125301 seconds, Stopping threads took: 0,0023879 seconds
2017-08-05T08:45:11.472+0200: 2,835: [GC (CMS Initial Mark) [1 CMS-initial-mark: 0K(393216K)] 12839K(502464K), 0,0030490 secs] [Times: user=0,01 sys=0,00, real=0,00 secs] 
2017-08-05T08:45:11.475+0200: 2,838: Total time for which application threads were stopped: 0,0032118 seconds, Stopping threads took: 0,0000633 seconds
2017-08-05T08:45:11.475+0200: 2,838: [CMS-concurrent-mark-start]
2017-08-05T08:45:11.476+0200: 2,839: [CMS-concurrent-mark: 0,000/0,000 secs] [Times: user=0,00 sys=0,00, real=0,00 secs] 
2017-08-05T08:45:11.476+0200: 2,839: [CMS-concurrent-preclean-start]
2017-08-05T08:45:11.477+0200: 2,840: [CMS-concurrent-preclean: 0,001/0,001 secs] [Times: user=0,01 sys=0,00, real=0,00 secs] 
2017-08-05T08:45:11.477+0200: 2,840: [GC (CMS Final Remark) [YG occupancy: 12839 K (109248 K)]{Heap before GC invocations=3 (full 1):
 par new generation   total 109248K, used 12839K [0x00000000e0000000, 0x00000000e8000000, 0x00000000e8000000)
  eden space 87424K,   1% used [0x00000000e0000000, 0x00000000e0166af8, 0x00000000e5560000)
  from space 21824K,  52% used [0x00000000e6ab0000, 0x00000000e75d3220, 0x00000000e8000000)
  to   space 21824K,   0% used [0x00000000e5560000, 0x00000000e5560000, 0x00000000e6ab0000)
 concurrent mark-sweep generation total 393216K, used 0K [0x00000000e8000000, 0x0000000100000000, 0x0000000100000000)
 Metaspace       used 20962K, capacity 21268K, committed 21628K, reserved 1069056K
  class space    used 2414K, capacity 2582K, committed 2684K, reserved 1048576K
2017-08-05T08:45:11.477+0200: 2,840: [GC (CMS Final Remark) 2017-08-05T08:45:11.477+0200: 2,840: [ParNew
Desired survivor size 20112992 bytes, new threshold 8 (max 8)
- age   1:      42808 bytes,      42808 total
- age   2:    1451504 bytes,    1494312 total
- age   3:     844088 bytes,    2338400 total
- age   4:    6671648 bytes,    9010048 total
: 12839K->14307K(109248K), 0,0169098 secs] 12839K->14307K(502464K), 0,0169572 secs] [Times: user=0,03 sys=0,00, real=0,02 secs] 
Heap after GC invocations=4 (full 1):
 par new generation   total 109248K, used 14307K [0x00000000e0000000, 0x00000000e8000000, 0x00000000e8000000)
  eden space 87424K,   0% used [0x00000000e0000000, 0x00000000e0000000, 0x00000000e5560000)
  from space 21824K,  65% used [0x00000000e5560000, 0x00000000e6358fc8, 0x00000000e6ab0000)
  to   space 21824K,   0% used [0x00000000e6ab0000, 0x00000000e6ab0000, 0x00000000e8000000)
 concurrent mark-sweep generation total 393216K, used 0K [0x00000000e8000000, 0x0000000100000000, 0x0000000100000000)
 Metaspace       used 20962K, capacity 21268K, committed 21628K, reserved 1069056K
  class space    used 2414K, capacity 2582K, committed 2684K, reserved 1048576K
}
2017-08-05T08:45:11.494+0200: 2,857: [Rescan (parallel) , 0,0031369 secs]2017-08-05T08:45:11.497+0200: 2,860: [weak refs processing, 0,0005044 secs]2017-08-05T08:45:11.498+0200: 2,861: [class unloading, 0,0026734 secs]2017-08-05T08:45:11.501+0200: 2,864: [scrub symbol table, 0,0025016 secs]2017-08-05T08:45:11.503+0200: 2,866: [scrub string table, 0,0003593 secs][1 CMS-remark: 0K(393216K)] 14307K(502464K), 0,0267488 secs] [Times: user=0,04 sys=0,00, real=0,03 secs] 
2017-08-05T08:45:11.504+0200: 2,867: Total time for which application threads were stopped: 0,0268629 seconds, Stopping threads took: 0,0000238 seconds
2017-08-05T08:45:11.504+0200: 2,867: [CMS-concurrent-sweep-start]
2017-08-05T08:45:11.504+0200: 2,867: [CMS-concurrent-sweep: 0,000/0,000 secs] [Times: user=0,00 sys=0,00, real=0,00 secs] 
2017-08-05T08:45:11.504+0200: 2,867: [CMS-concurrent-reset-start]
2017-08-05T08:45:11.506+0200: 2,869: [CMS-concurrent-reset: 0,002/0,002 secs] [Times: user=0,01 sys=0,00, real=0,00 secs] 
{Heap before GC invocations=4 (full 1):
 par new generation   total 109248K, used 101731K [0x00000000e0000000, 0x00000000e8000000, 0x00000000e8000000)
  eden space 87424K, 100% used [0x00000000e0000000, 0x00000000e5560000, 0x00000000e5560000)
  from space 21824K,  65% used [0x00000000e5560000, 0x00000000e6358fc8, 0x00000000e6ab0000)
  to   space 21824K,   0% used [0x00000000e6ab0000, 0x00000000e6ab0000, 0x00000000e8000000)
 concurrent mark-sweep generation total 393216K, used 0K [0x00000000e8000000, 0x0000000100000000, 0x0000000100000000)
 Metaspace       used 21219K, capacity 21614K, committed 21884K, reserved 1069056K
  class space    used 2445K, capacity 2598K, committed 2684K, reserved 1048576K
2017-08-05T08:45:11.612+0200: 2,975: [GC (Allocation Failure) 2017-08-05T08:45:11.612+0200: 2,975: [ParNew
Desired survivor size 20112992 bytes, new threshold 8 (max 8)
- age   1:     768728 bytes,     768728 total
- age   2:        112 bytes,     768840 total
- age   3:    1443568 bytes,    2212408 total
- age   4:     843816 bytes,    3056224 total
- age   5:    6671608 bytes,    9727832 total
: 101731K->11670K(109248K), 0,0088212 secs] 101731K->11670K(502464K), 0,0088896 secs] [Times: user=0,03 sys=0,00, real=0,01 secs] 
Heap after GC invocations=5 (full 1):
 par new generation   total 109248K, used 11670K [0x00000000e0000000, 0x00000000e8000000, 0x00000000e8000000)
  eden space 87424K,   0% used [0x00000000e0000000, 0x00000000e0000000, 0x00000000e5560000)
  from space 21824K,  53% used [0x00000000e6ab0000, 0x00000000e7615890, 0x00000000e8000000)
  to   space 21824K,   0% used [0x00000000e5560000, 0x00000000e5560000, 0x00000000e6ab0000)
 concurrent mark-sweep generation total 393216K, used 0K [0x00000000e8000000, 0x0000000100000000, 0x0000000100000000)
 Metaspace       used 21219K, capacity 21614K, committed 21884K, reserved 1069056K
  class space    used 2445K, capacity 2598K, committed 2684K, reserved 1048576K
}
2017-08-05T08:45:11.621+0200: 2,984: Total time for which application threads were stopped: 0,0091541 seconds, Stopping threads took: 0,0001218 seconds
{Heap before GC invocations=5 (full 1):
 par new generation   total 109248K, used 99094K [0x00000000e0000000, 0x00000000e8000000, 0x00000000e8000000)
  eden space 87424K, 100% used [0x00000000e0000000, 0x00000000e5560000, 0x00000000e5560000)
  from space 21824K,  53% used [0x00000000e6ab0000, 0x00000000e7615890, 0x00000000e8000000)
  to   space 21824K,   0% used [0x00000000e5560000, 0x00000000e5560000, 0x00000000e6ab0000)
 concurrent mark-sweep generation total 393216K, used 0K [0x00000000e8000000, 0x0000000100000000, 0x0000000100000000)
 Metaspace       used 21409K, capacity 21786K, committed 21884K, reserved 1069056K
  class space    used 2465K, capacity 2632K, committed 2684K, reserved 1048576K
2017-08-05T08:45:11.718+0200: 3,081: [GC (Allocation Failure) 2017-08-05T08:45:11.718+0200: 3,081: [ParNew
Desired survivor size 20112992 bytes, new threshold 8 (max 8)
- age   1:     992504 bytes,     992504 total
- age   2:     189576 bytes,    1182080 total
- age   3:        112 bytes,    1182192 total
- age   4:    1442552 bytes,    2624744 total
- age   5:     837992 bytes,    3462736 total
- age   6:    6671632 bytes,   10134368 total
: 99094K->14325K(109248K), 0,0095790 secs] 99094K->14325K(502464K), 0,0096446 secs] [Times: user=0,03 sys=0,00, real=0,00 secs] 
Heap after GC invocations=6 (full 1):
 par new generation   total 109248K, used 14325K [0x00000000e0000000, 0x00000000e8000000, 0x00000000e8000000)
  eden space 87424K,   0% used [0x00000000e0000000, 0x00000000e0000000, 0x00000000e5560000)
  from space 21824K,  65% used [0x00000000e5560000, 0x00000000e635d478, 0x00000000e6ab0000)
  to   space 21824K,   0% used [0x00000000e6ab0000, 0x00000000e6ab0000, 0x00000000e8000000)
 concurrent mark-sweep generation total 393216K, used 0K [0x00000000e8000000, 0x0000000100000000, 0x0000000100000000)
 Metaspace       used 21409K, capacity 21786K, committed 21884K, reserved 1069056K
  class space    used 2465K, capacity 2632K, committed 2684K, reserved 1048576K
}
2017-08-05T08:45:11.727+0200: 3,090: Total time for which application threads were stopped: 0,0165974 seconds, Stopping threads took: 0,0068135 seconds
2017-08-05T08:45:11.756+0200: 3,119: Total time for which application threads were stopped: 0,0003136 seconds, Stopping threads took: 0,0000213 seconds
2017-08-05T08:45:11.978+0200: 3,341: Total time for which application threads were stopped: 0,0005095 seconds, Stopping threads took: 0,0000253 seconds
2017-08-05T08:45:12.009+0200: 3,372: Total time for which application threads were stopped: 0,0004154 seconds, Stopping threads took: 0,0000424 seconds
2017-08-05T08:45:12.025+0200: 3,388: Total time for which application threads were stopped: 0,0004142 seconds, Stopping threads took: 0,0000386 seconds
2017-08-05T08:45:12.060+0200: 3,423: Total time for which application threads were stopped: 0,0003580 seconds, Stopping threads took: 0,0000201 seconds
{Heap before GC invocations=6 (full 1):
 par new generation   total 109248K, used 101749K [0x00000000e0000000, 0x00000000e8000000, 0x00000000e8000000)
  eden space 87424K, 100% used [0x00000000e0000000, 0x00000000e5560000, 0x00000000e5560000)
  from space 21824K,  65% used [0x00000000e5560000, 0x00000000e635d478, 0x00000000e6ab0000)
  to   space 21824K,   0% used [0x00000000e6ab0000, 0x00000000e6ab0000, 0x00000000e8000000)
 concurrent mark-sweep generation total 393216K, used 0K [0x00000000e8000000, 0x0000000100000000, 0x0000000100000000)
 Metaspace       used 23833K, capacity 24282K, committed 24572K, reserved 1071104K
  class space    used 2798K, capacity 2974K, committed 3068K, reserved 1048576K
2017-08-05T08:45:12.181+0200: 3,544: [GC (Allocation Failure) 2017-08-05T08:45:12.181+0200: 3,544: [ParNew
Desired survivor size 20112992 bytes, new threshold 8 (max 8)
- age   1:    5210648 bytes,    5210648 total
- age   2:     130592 bytes,    5341240 total
- age   3:     188400 bytes,    5529640 total
- age   4:        112 bytes,    5529752 total
- age   5:     273032 bytes,    5802784 total
- age   6:     813576 bytes,    6616360 total
- age   7:    6663272 bytes,   13279632 total
: 101749K->15833K(109248K), 0,0127716 secs] 101749K->15833K(502464K), 0,0128409 secs] [Times: user=0,05 sys=0,00, real=0,01 secs] 
Heap after GC invocations=7 (full 1):
 par new generation   total 109248K, used 15833K [0x00000000e0000000, 0x00000000e8000000, 0x00000000e8000000)
  eden space 87424K,   0% used [0x00000000e0000000, 0x00000000e0000000, 0x00000000e5560000)
  from space 21824K,  72% used [0x00000000e6ab0000, 0x00000000e7a266e8, 0x00000000e8000000)
  to   space 21824K,   0% used [0x00000000e5560000, 0x00000000e5560000, 0x00000000e6ab0000)
 concurrent mark-sweep generation total 393216K, used 0K [0x00000000e8000000, 0x0000000100000000, 0x0000000100000000)
 Metaspace       used 23833K, capacity 24282K, committed 24572K, reserved 1071104K
  class space    used 2798K, capacity 2974K, committed 3068K, reserved 1048576K
}
2017-08-05T08:45:12.194+0200: 3,557: Total time for which application threads were stopped: 0,0141689 seconds, Stopping threads took: 0,0011641 seconds
{Heap before GC invocations=7 (full 1):
 par new generation   total 109248K, used 103257K [0x00000000e0000000, 0x00000000e8000000, 0x00000000e8000000)
  eden space 87424K, 100% used [0x00000000e0000000, 0x00000000e5560000, 0x00000000e5560000)
  from space 21824K,  72% used [0x00000000e6ab0000, 0x00000000e7a266e8, 0x00000000e8000000)
  to   space 21824K,   0% used [0x00000000e5560000, 0x00000000e5560000, 0x00000000e6ab0000)
 concurrent mark-sweep generation total 393216K, used 0K [0x00000000e8000000, 0x0000000100000000, 0x0000000100000000)
 Metaspace       used 24175K, capacity 24646K, committed 24828K, reserved 1071104K
  class space    used 2837K, capacity 3008K, committed 3068K, reserved 1048576K
2017-08-05T08:45:12.257+0200: 3,620: [GC (Allocation Failure) 2017-08-05T08:45:12.257+0200: 3,620: [ParNew
Desired survivor size 20112992 bytes, new threshold 8 (max 8)
- age   1:    1878232 bytes,    1878232 total
- age   2:    1774552 bytes,    3652784 total
- age   3:      70648 bytes,    3723432 total
- age   4:      97928 bytes,    3821360 total
- age   5:        112 bytes,    3821472 total
- age   6:     186192 bytes,    4007664 total
- age   7:     761640 bytes,    4769304 total
- age   8:    6130672 bytes,   10899976 total
: 103257K->13957K(109248K), 0,0187471 secs] 103257K->13957K(502464K), 0,0188287 secs] [Times: user=0,05 sys=0,00, real=0,02 secs] 
Heap after GC invocations=8 (full 1):
 par new generation   total 109248K, used 13957K [0x00000000e0000000, 0x00000000e8000000, 0x00000000e8000000)
  eden space 87424K,   0% used [0x00000000e0000000, 0x00000000e0000000, 0x00000000e5560000)
  from space 21824K,  63% used [0x00000000e5560000, 0x00000000e6301470, 0x00000000e6ab0000)
  to   space 21824K,   0% used [0x00000000e6ab0000, 0x00000000e6ab0000, 0x00000000e8000000)
 concurrent mark-sweep generation total 393216K, used 0K [0x00000000e8000000, 0x0000000100000000, 0x0000000100000000)
 Metaspace       used 24175K, capacity 24646K, committed 24828K, reserved 1071104K
  class space    used 2837K, capacity 3008K, committed 3068K, reserved 1048576K
}
2017-08-05T08:45:12.276+0200: 3,639: Total time for which application threads were stopped: 0,0191066 seconds, Stopping threads took: 0,0000720 seconds
{Heap before GC invocations=8 (full 1):
 par new generation   total 109248K, used 101349K [0x00000000e0000000, 0x00000000e8000000, 0x00000000e8000000)
  eden space 87424K,  99% used [0x00000000e0000000, 0x00000000e5558238, 0x00000000e5560000)
  from space 21824K,  63% used [0x00000000e5560000, 0x00000000e6301470, 0x00000000e6ab0000)
  to   space 21824K,   0% used [0x00000000e6ab0000, 0x00000000e6ab0000, 0x00000000e8000000)
 concurrent mark-sweep generation total 393216K, used 0K [0x00000000e8000000, 0x0000000100000000, 0x0000000100000000)
 Metaspace       used 24448K, capacity 24960K, committed 25084K, reserved 1071104K
  class space    used 2859K, capacity 3045K, committed 3068K, reserved 1048576K
2017-08-05T08:45:12.344+0200: 3,707: [GC (Allocation Failure) 2017-08-05T08:45:12.344+0200: 3,707: [ParNew
Desired survivor size 20112992 bytes, new threshold 8 (max 8)
- age   1:     672456 bytes,     672456 total
- age   2:     999112 bytes,    1671568 total
- age   3:    1752296 bytes,    3423864 total
- age   4:      70648 bytes,    3494512 total
- age   5:      97824 bytes,    3592336 total
- age   6:        112 bytes,    3592448 total
- age   7:     186192 bytes,    3778640 total
- age   8:     761640 bytes,    4540280 total
: 101349K->6783K(109248K), 0,0292165 secs] 101349K->12852K(502464K), 0,0292920 secs] [Times: user=0,10 sys=0,00, real=0,03 secs] 
Heap after GC invocations=9 (full 1):
 par new generation   total 109248K, used 6783K [0x00000000e0000000, 0x00000000e8000000, 0x00000000e8000000)
  eden space 87424K,   0% used [0x00000000e0000000, 0x00000000e0000000, 0x00000000e5560000)
  from space 21824K,  31% used [0x00000000e6ab0000, 0x00000000e714fc40, 0x00000000e8000000)
  to   space 21824K,   0% used [0x00000000e5560000, 0x00000000e5560000, 0x00000000e6ab0000)
 concurrent mark-sweep generation total 393216K, used 6068K [0x00000000e8000000, 0x0000000100000000, 0x0000000100000000)
 Metaspace       used 24448K, capacity 24960K, committed 25084K, reserved 1071104K
  class space    used 2859K, capacity 3045K, committed 3068K, reserved 1048576K
}
2017-08-05T08:45:12.373+0200: 3,736: Total time for which application threads were stopped: 0,0298938 seconds, Stopping threads took: 0,0004517 seconds
2017-08-05T08:45:12.667+0200: 4,030: Total time for which application threads were stopped: 0,0004621 seconds, Stopping threads took: 0,0000206 seconds
2017-08-05T08:45:12.688+0200: 4,051: Total time for which application threads were stopped: 0,0011034 seconds, Stopping threads took: 0,0006687 seconds
2017-08-05T08:45:12.695+0200: 4,058: Total time for which application threads were stopped: 0,0001235 seconds, Stopping threads took: 0,0000401 seconds
2017-08-05T08:45:12.695+0200: 4,058: Total time for which application threads were stopped: 0,0001035 seconds, Stopping threads took: 0,0000310 seconds
2017-08-05T08:45:12.698+0200: 4,061: Total time for which application threads were stopped: 0,0001192 seconds, Stopping threads took: 0,0000215 seconds
2017-08-05T08:45:12.714+0200: 4,077: Total time for which application threads were stopped: 0,0004597 seconds, Stopping threads took: 0,0000569 seconds
2017-08-05T08:45:12.724+0200: 4,087: Total time for which application threads were stopped: 0,0001510 seconds, Stopping threads took: 0,0000574 seconds
2017-08-05T08:45:12.728+0200: 4,091: Total time for which application threads were stopped: 0,0001366 seconds, Stopping threads took: 0,0000340 seconds
2017-08-05T08:45:12.728+0200: 4,092: Total time for which application threads were stopped: 0,0003809 seconds, Stopping threads took: 0,0000312 seconds
2017-08-05T08:45:12.730+0200: 4,093: Total time for which application threads were stopped: 0,0001937 seconds, Stopping threads took: 0,0001045 seconds
2017-08-05T08:45:12.733+0200: 4,097: Total time for which application threads were stopped: 0,0001650 seconds, Stopping threads took: 0,0000239 seconds
2017-08-05T08:45:12.735+0200: 4,098: Total time for which application threads were stopped: 0,0001612 seconds, Stopping threads took: 0,0000385 seconds
2017-08-05T08:45:12.738+0200: 4,101: Total time for which application threads were stopped: 0,0001626 seconds, Stopping threads took: 0,0000378 seconds
2017-08-05T08:45:12.740+0200: 4,103: Total time for which application threads were stopped: 0,0002228 seconds, Stopping threads took: 0,0000456 seconds
2017-08-05T08:45:12.750+0200: 4,113: Total time for which application threads were stopped: 0,0050208 seconds, Stopping threads took: 0,0049135 seconds
2017-08-05T08:45:12.750+0200: 4,113: Total time for which application threads were stopped: 0,0001354 seconds, Stopping threads took: 0,0000306 seconds
2017-08-05T08:45:12.751+0200: 4,114: Total time for which application threads were stopped: 0,0001438 seconds, Stopping threads took: 0,0000357 seconds
2017-08-05T08:45:12.813+0200: 4,176: Total time for which application threads were stopped: 0,0007087 seconds, Stopping threads took: 0,0001149 seconds
2017-08-05T08:45:12.826+0200: 4,189: Total time for which application threads were stopped: 0,0071055 seconds, Stopping threads took: 0,0070405 seconds
2017-08-05T08:45:12.826+0200: 4,189: Total time for which application threads were stopped: 0,0001038 seconds, Stopping threads took: 0,0000384 seconds
2017-08-05T08:45:12.835+0200: 4,198: Total time for which application threads were stopped: 0,0001139 seconds, Stopping threads took: 0,0000339 seconds
2017-08-05T08:45:12.840+0200: 4,203: Total time for which application threads were stopped: 0,0001025 seconds, Stopping threads took: 0,0000360 seconds
2017-08-05T08:45:12.848+0200: 4,211: Total time for which application threads were stopped: 0,0001415 seconds, Stopping threads took: 0,0000475 seconds
2017-08-05T08:45:12.849+0200: 4,212: Total time for which application threads were stopped: 0,0001276 seconds, Stopping threads took: 0,0000342 seconds
2017-08-05T08:45:12.854+0200: 4,217: Total time for which application threads were stopped: 0,0012532 seconds, Stopping threads took: 0,0011147 seconds
2017-08-05T08:45:12.854+0200: 4,217: Total time for which application threads were stopped: 0,0001221 seconds, Stopping threads took: 0,0000315 seconds
2017-08-05T08:45:12.854+0200: 4,217: Total time for which application threads were stopped: 0,0000851 seconds, Stopping threads took: 0,0000191 seconds
2017-08-05T08:45:12.854+0200: 4,218: Total time for which application threads were stopped: 0,0000720 seconds, Stopping threads took: 0,0000190 seconds
2017-08-05T08:45:12.855+0200: 4,218: Total time for which application threads were stopped: 0,0001918 seconds, Stopping threads took: 0,0000159 seconds
2017-08-05T08:45:12.855+0200: 4,218: Total time for which application threads were stopped: 0,0000939 seconds, Stopping threads took: 0,0000206 seconds
2017-08-05T08:45:12.855+0200: 4,218: Total time for which application threads were stopped: 0,0000734 seconds, Stopping threads took: 0,0000172 seconds
2017-08-05T08:45:12.855+0200: 4,218: Total time for which application threads were stopped: 0,0000717 seconds, Stopping threads took: 0,0000172 seconds
2017-08-05T08:45:12.855+0200: 4,218: Total time for which application threads were stopped: 0,0000790 seconds, Stopping threads took: 0,0000223 seconds
2017-08-05T08:45:12.856+0200: 4,219: Total time for which application threads were stopped: 0,0000791 seconds, Stopping threads took: 0,0000216 seconds
2017-08-05T08:45:12.856+0200: 4,219: Total time for which application threads were stopped: 0,0000768 seconds, Stopping threads took: 0,0000195 seconds
2017-08-05T08:45:12.856+0200: 4,219: Total time for which application threads were stopped: 0,0000822 seconds, Stopping threads took: 0,0000187 seconds
2017-08-05T08:45:12.856+0200: 4,219: Total time for which application threads were stopped: 0,0000681 seconds, Stopping threads took: 0,0000198 seconds
2017-08-05T08:45:12.856+0200: 4,219: Total time for which application threads were stopped: 0,0000792 seconds, Stopping threads took: 0,0000168 seconds
2017-08-05T08:45:12.856+0200: 4,219: Total time for which application threads were stopped: 0,0000748 seconds, Stopping threads took: 0,0000167 seconds
2017-08-05T08:45:12.857+0200: 4,220: Total time for which application threads were stopped: 0,0000821 seconds, Stopping threads took: 0,0000218 seconds
2017-08-05T08:45:12.857+0200: 4,220: Total time for which application threads were stopped: 0,0000780 seconds, Stopping threads took: 0,0000188 seconds
2017-08-05T08:45:12.857+0200: 4,220: Total time for which application threads were stopped: 0,0000808 seconds, Stopping threads took: 0,0000189 seconds
2017-08-05T08:45:12.857+0200: 4,220: Total time for which application threads were stopped: 0,0000742 seconds, Stopping threads took: 0,0000170 seconds
2017-08-05T08:45:12.857+0200: 4,220: Total time for which application threads were stopped: 0,0000716 seconds, Stopping threads took: 0,0000178 seconds
2017-08-05T08:45:12.857+0200: 4,220: Total time for which application threads were stopped: 0,0000815 seconds, Stopping threads took: 0,0000196 seconds
2017-08-05T08:45:12.858+0200: 4,221: Total time for which application threads were stopped: 0,0000981 seconds, Stopping threads took: 0,0000182 seconds
2017-08-05T08:45:12.858+0200: 4,221: Total time for which application threads were stopped: 0,0000677 seconds, Stopping threads took: 0,0000191 seconds
2017-08-05T08:45:12.858+0200: 4,221: Total time for which application threads were stopped: 0,0000762 seconds, Stopping threads took: 0,0000167 seconds
2017-08-05T08:45:12.858+0200: 4,221: Total time for which application threads were stopped: 0,0002248 seconds, Stopping threads took: 0,0000195 seconds
2017-08-05T08:45:12.863+0200: 4,226: Total time for which application threads were stopped: 0,0001321 seconds, Stopping threads took: 0,0000440 seconds
2017-08-05T08:45:12.870+0200: 4,233: Total time for which application threads were stopped: 0,0001491 seconds, Stopping threads took: 0,0000457 seconds
2017-08-05T08:45:12.877+0200: 4,240: Total time for which application threads were stopped: 0,0001435 seconds, Stopping threads took: 0,0000422 seconds
2017-08-05T08:45:12.911+0200: 4,274: Total time for which application threads were stopped: 0,0009769 seconds, Stopping threads took: 0,0008669 seconds
2017-08-05T08:45:12.914+0200: 4,277: Total time for which application threads were stopped: 0,0001370 seconds, Stopping threads took: 0,0000551 seconds
2017-08-05T08:45:12.939+0200: 4,302: Total time for which application threads were stopped: 0,0011024 seconds, Stopping threads took: 0,0005604 seconds
{Heap before GC invocations=9 (full 1):
 par new generation   total 109248K, used 94207K [0x00000000e0000000, 0x00000000e8000000, 0x00000000e8000000)
  eden space 87424K, 100% used [0x00000000e0000000, 0x00000000e5560000, 0x00000000e5560000)
  from space 21824K,  31% used [0x00000000e6ab0000, 0x00000000e714fc40, 0x00000000e8000000)
  to   space 21824K,   0% used [0x00000000e5560000, 0x00000000e5560000, 0x00000000e6ab0000)
 concurrent mark-sweep generation total 393216K, used 6068K [0x00000000e8000000, 0x0000000100000000, 0x0000000100000000)
 Metaspace       used 27934K, capacity 28418K, committed 28540K, reserved 1075200K
  class space    used 3196K, capacity 3384K, committed 3452K, reserved 1048576K
2017-08-05T08:45:12.964+0200: 4,327: [GC (Allocation Failure) 2017-08-05T08:45:12.964+0200: 4,327: [ParNew
Desired survivor size 20112992 bytes, new threshold 8 (max 8)
- age   1:   11365672 bytes,   11365672 total
- age   2:     155184 bytes,   11520856 total
- age   3:     201576 bytes,   11722432 total
- age   4:    1746232 bytes,   13468664 total
- age   5:      68168 bytes,   13536832 total
- age   6:      97536 bytes,   13634368 total
- age   7:        112 bytes,   13634480 total
- age   8:     182768 bytes,   13817248 total
: 94207K->14605K(109248K), 0,0291019 secs] 100276K->21504K(502464K), 0,0291923 secs] [Times: user=0,11 sys=0,00, real=0,03 secs] 
Heap after GC invocations=10 (full 1):
 par new generation   total 109248K, used 14605K [0x00000000e0000000, 0x00000000e8000000, 0x00000000e8000000)
  eden space 87424K,   0% used [0x00000000e0000000, 0x00000000e0000000, 0x00000000e5560000)
  from space 21824K,  66% used [0x00000000e5560000, 0x00000000e63a37e8, 0x00000000e6ab0000)
  to   space 21824K,   0% used [0x00000000e6ab0000, 0x00000000e6ab0000, 0x00000000e8000000)
 concurrent mark-sweep generation total 393216K, used 6898K [0x00000000e8000000, 0x0000000100000000, 0x0000000100000000)
 Metaspace       used 27934K, capacity 28418K, committed 28540K, reserved 1075200K
  class space    used 3196K, capacity 3384K, committed 3452K, reserved 1048576K
}
2017-08-05T08:45:12.993+0200: 4,356: Total time for which application threads were stopped: 0,0293683 seconds, Stopping threads took: 0,0000239 seconds
2017-08-05T08:45:12.994+0200: 4,357: Total time for which application threads were stopped: 0,0001401 seconds, Stopping threads took: 0,0000942 seconds
2017-08-05T08:45:12.994+0200: 4,357: Total time for which application threads were stopped: 0,0000519 seconds, Stopping threads took: 0,0000249 seconds
2017-08-05T08:45:13.994+0200: 5,358: Total time for which application threads were stopped: 0,0000908 seconds, Stopping threads took: 0,0000235 seconds
2017-08-05T08:46:31.003+0200: 82,367: Total time for which application threads were stopped: 0,0000661 seconds, Stopping threads took: 0,0000187 seconds
2017-08-05T08:47:06.007+0200: 117,370: Total time for which application threads were stopped: 0,0000866 seconds, Stopping threads took: 0,0000354 seconds
2017-08-05T08:47:11.008+0200: 122,371: Total time for which application threads were stopped: 0,0002837 seconds, Stopping threads took: 0,0000637 seconds
2017-08-05T08:49:46.025+0200: 277,388: Total time for which application threads were stopped: 0,0000828 seconds, Stopping threads took: 0,0000338 seconds
2017-08-05T09:08:40.150+0200: 1411,513: Total time for which application threads were stopped: 0,0005885 seconds, Stopping threads took: 0,0003161 seconds
2017-08-05T09:13:25.180+0200: 1696,543: Total time for which application threads were stopped: 0,0000865 seconds, Stopping threads took: 0,0000330 seconds
2017-08-05T09:24:16.250+0200: 2347,613: Total time for which application threads were stopped: 0,0001185 seconds, Stopping threads took: 0,0000471 seconds
2017-08-05T09:24:20.251+0200: 2351,614: Total time for which application threads were stopped: 0,0003398 seconds, Stopping threads took: 0,0000856 seconds
2017-08-05T09:27:11.269+0200: 2522,632: Total time for which application threads were stopped: 0,0002725 seconds, Stopping threads took: 0,0001314 seconds
2017-08-05T09:46:31.394+0200: 3682,757: Total time for which application threads were stopped: 0,0001406 seconds, Stopping threads took: 0,0000541 seconds
2017-08-05T09:49:35.417+0200: 3866,780: Total time for which application threads were stopped: 0,0001848 seconds, Stopping threads took: 0,0000680 seconds
2017-08-05T10:08:56.562+0200: 5027,925: Total time for which application threads were stopped: 0,0000887 seconds, Stopping threads took: 0,0000328 seconds
2017-08-05T10:10:41.575+0200: 5132,938: Total time for which application threads were stopped: 0,0001568 seconds, Stopping threads took: 0,0000833 seconds
2017-08-05T10:10:46.576+0200: 5137,939: Total time for which application threads were stopped: 0,0000653 seconds, Stopping threads took: 0,0000160 seconds
2017-08-05T10:23:40.658+0200: 5912,021: Total time for which application threads were stopped: 0,0000905 seconds, Stopping threads took: 0,0000305 seconds
2017-08-05T10:47:10.806+0200: 7322,169: Total time for which application threads were stopped: 0,0004125 seconds, Stopping threads took: 0,0002160 seconds
2017-08-05T10:49:35.821+0200: 7467,184: Total time for which application threads were stopped: 0,0001386 seconds, Stopping threads took: 0,0000532 seconds
2017-08-05T10:53:10.843+0200: 7682,206: Total time for which application threads were stopped: 0,0000861 seconds, Stopping threads took: 0,0000332 seconds
2017-08-05T11:22:03.036+0200: 9414,399: Total time for which application threads were stopped: 0,0175819 seconds, Stopping threads took: 0,0175036 seconds
2017-08-05T11:22:03.037+0200: 9414,400: Total time for which application threads were stopped: 0,0001006 seconds, Stopping threads took: 0,0000290 seconds
2017-08-05T11:22:03.037+0200: 9414,400: Total time for which application threads were stopped: 0,0000637 seconds, Stopping threads took: 0,0000137 seconds
2017-08-05T11:22:03.038+0200: 9414,401: Total time for which application threads were stopped: 0,0000909 seconds, Stopping threads took: 0,0000302 seconds
2017-08-05T11:22:03.038+0200: 9414,401: Total time for which application threads were stopped: 0,0000552 seconds, Stopping threads took: 0,0000197 seconds
2017-08-05T11:22:03.038+0200: 9414,401: Total time for which application threads were stopped: 0,0000523 seconds, Stopping threads took: 0,0000185 seconds
2017-08-05T11:22:03.039+0200: 9414,402: Total time for which application threads were stopped: 0,0000443 seconds, Stopping threads took: 0,0000144 seconds
2017-08-05T11:22:03.058+0200: 9414,421: Total time for which application threads were stopped: 0,0085514 seconds, Stopping threads took: 0,0084718 seconds
2017-08-05T11:22:03.077+0200: 9414,440: Total time for which application threads were stopped: 0,0068370 seconds, Stopping threads took: 0,0067344 seconds
2017-08-05T11:22:03.081+0200: 9414,444: Total time for which application threads were stopped: 0,0001067 seconds, Stopping threads took: 0,0000201 seconds
2017-08-05T11:22:03.083+0200: 9414,446: Total time for which application threads were stopped: 0,0001137 seconds, Stopping threads took: 0,0000387 seconds
2017-08-05T11:22:03.085+0200: 9414,448: Total time for which application threads were stopped: 0,0000962 seconds, Stopping threads took: 0,0000150 seconds
2017-08-05T11:22:03.085+0200: 9414,448: Total time for which application threads were stopped: 0,0000453 seconds, Stopping threads took: 0,0000061 seconds
2017-08-05T11:22:03.085+0200: 9414,448: Total time for which application threads were stopped: 0,0000377 seconds, Stopping threads took: 0,0000048 seconds
2017-08-05T11:22:03.085+0200: 9414,448: Total time for which application threads were stopped: 0,0000429 seconds, Stopping threads took: 0,0000111 seconds
2017-08-05T11:22:03.085+0200: 9414,448: Total time for which application threads were stopped: 0,0000338 seconds, Stopping threads took: 0,0000044 seconds
2017-08-05T11:22:03.085+0200: 9414,448: Total time for which application threads were stopped: 0,0000343 seconds, Stopping threads took: 0,0000046 seconds
2017-08-05T11:22:03.085+0200: 9414,448: Total time for which application threads were stopped: 0,0000364 seconds, Stopping threads took: 0,0000044 seconds
2017-08-05T11:22:03.085+0200: 9414,448: Total time for which application threads were stopped: 0,0000333 seconds, Stopping threads took: 0,0000050 seconds
2017-08-05T11:22:03.094+0200: 9414,457: Total time for which application threads were stopped: 0,0001021 seconds, Stopping threads took: 0,0000258 seconds
2017-08-05T11:22:03.102+0200: 9414,465: Total time for which application threads were stopped: 0,0010396 seconds, Stopping threads took: 0,0009636 seconds
2017-08-05T11:22:03.103+0200: 9414,466: Total time for which application threads were stopped: 0,0000791 seconds, Stopping threads took: 0,0000125 seconds
2017-08-05T11:22:03.104+0200: 9414,467: Total time for which application threads were stopped: 0,0001811 seconds, Stopping threads took: 0,0001145 seconds
2017-08-05T11:22:03.111+0200: 9414,474: Total time for which application threads were stopped: 0,0001531 seconds, Stopping threads took: 0,0000410 seconds
2017-08-05T11:22:03.119+0200: 9414,482: Total time for which application threads were stopped: 0,0018947 seconds, Stopping threads took: 0,0000480 seconds
2017-08-05T11:22:03.119+0200: 9414,482: Total time for which application threads were stopped: 0,0000926 seconds, Stopping threads took: 0,0000245 seconds
2017-08-05T11:22:03.119+0200: 9414,482: Total time for which application threads were stopped: 0,0000601 seconds, Stopping threads took: 0,0000151 seconds
2017-08-05T11:22:03.121+0200: 9414,484: Total time for which application threads were stopped: 0,0000965 seconds, Stopping threads took: 0,0000286 seconds
2017-08-05T11:22:03.121+0200: 9414,484: Total time for which application threads were stopped: 0,0000614 seconds, Stopping threads took: 0,0000155 seconds
2017-08-05T11:22:03.121+0200: 9414,484: Total time for which application threads were stopped: 0,0000546 seconds, Stopping threads took: 0,0000167 seconds
2017-08-05T11:22:03.122+0200: 9414,485: Total time for which application threads were stopped: 0,0000891 seconds, Stopping threads took: 0,0000257 seconds
2017-08-05T11:22:03.122+0200: 9414,485: Total time for which application threads were stopped: 0,0000495 seconds, Stopping threads took: 0,0000151 seconds
2017-08-05T11:22:03.122+0200: 9414,485: Total time for which application threads were stopped: 0,0000423 seconds, Stopping threads took: 0,0000114 seconds
2017-08-05T11:22:03.125+0200: 9414,488: Total time for which application threads were stopped: 0,0003455 seconds, Stopping threads took: 0,0000245 seconds
2017-08-05T11:22:03.125+0200: 9414,488: Total time for which application threads were stopped: 0,0000839 seconds, Stopping threads took: 0,0000221 seconds
2017-08-05T11:22:03.127+0200: 9414,490: Total time for which application threads were stopped: 0,0000755 seconds, Stopping threads took: 0,0000140 seconds
2017-08-05T11:22:03.127+0200: 9414,490: Total time for which application threads were stopped: 0,0000484 seconds, Stopping threads took: 0,0000140 seconds
2017-08-05T11:22:03.129+0200: 9414,492: Total time for which application threads were stopped: 0,0000706 seconds, Stopping threads took: 0,0000119 seconds
2017-08-05T11:22:03.129+0200: 9414,492: Total time for which application threads were stopped: 0,0001732 seconds, Stopping threads took: 0,0000086 seconds
2017-08-05T11:22:03.131+0200: 9414,494: Total time for which application threads were stopped: 0,0002485 seconds, Stopping threads took: 0,0001922 seconds
2017-08-05T11:22:03.131+0200: 9414,494: Total time for which application threads were stopped: 0,0000836 seconds, Stopping threads took: 0,0000163 seconds
2017-08-05T11:22:03.148+0200: 9414,511: Total time for which application threads were stopped: 0,0047272 seconds, Stopping threads took: 0,0046159 seconds
2017-08-05T11:22:03.149+0200: 9414,512: Total time for which application threads were stopped: 0,0000734 seconds, Stopping threads took: 0,0000093 seconds
Heap
 par new generation   total 109248K, used 42448K [0x00000000e0000000, 0x00000000e8000000, 0x00000000e8000000)
  eden space 87424K,  31% used [0x00000000e0000000, 0x00000000e1b30940, 0x00000000e5560000)
  from space 21824K,  66% used [0x00000000e5560000, 0x00000000e63a37e8, 0x00000000e6ab0000)
  to   space 21824K,   0% used [0x00000000e6ab0000, 0x00000000e6ab0000, 0x00000000e8000000)
 concurrent mark-sweep generation total 393216K, used 6898K [0x00000000e8000000, 0x0000000100000000, 0x0000000100000000)
 Metaspace       used 28190K, capacity 28716K, committed 29052K, reserved 1075200K
  class space    used 3224K, capacity 3419K, committed 3452K, reserved 1048576K
