OpenJDK 64-Bit Server VM (25.131-b11) for linux-amd64 JRE (1.8.0_131-8u131-b11-2ubuntu1.16.04.3-b11), built on Jul 28 2017 01:23:32 by "buildd" with gcc 5.4.0 20160609
Memory: 4k page, physical 7867732k(7488720k free), swap 8076284k(8076284k free)
CommandLine flags: -XX:CMSInitiatingOccupancyFraction=50 -XX:CMSMaxAbortablePrecleanTime=6000 -XX:+CMSParallelRemarkEnabled -XX:+CMSScavengeBeforeRemark -XX:ConcGCThreads=4 -XX:InitialHeapSize=536870912 -XX:MaxHeapSize=536870912 -XX:MaxTenuringThreshold=8 -XX:NewRatio=3 -XX:OldPLABSize=16 -XX:OnOutOfMemoryError=/opt/solr/bin/oom_solr.sh 8983 /var/solr/logs -XX:ParallelGCThreads=4 -XX:+ParallelRefProcEnabled -XX:PretenureSizeThreshold=67108864 -XX:+PrintGC -XX:+PrintGCApplicationStoppedTime -XX:+PrintGCDateStamps -XX:+PrintGCDetails -XX:+PrintGCTimeStamps -XX:+PrintHeapAtGC -XX:+PrintTenuringDistribution -XX:SurvivorRatio=4 -XX:TargetSurvivorRatio=90 -XX:ThreadStackSize=256 -XX:+UseCMSInitiatingOccupancyOnly -XX:+UseCompressedClassPointers -XX:+UseCompressedOops -XX:+UseConcMarkSweepGC -XX:+UseParNewGC 
2017-08-07T09:13:13.290+0200: 0,175: Total time for which application threads were stopped: 0,0000722 seconds, Stopping threads took: 0,0000097 seconds
2017-08-07T09:13:13.406+0200: 0,291: Total time for which application threads were stopped: 0,0000993 seconds, Stopping threads took: 0,0000151 seconds
2017-08-07T09:13:13.427+0200: 0,312: Total time for which application threads were stopped: 0,0001049 seconds, Stopping threads took: 0,0000291 seconds
2017-08-07T09:13:13.621+0200: 0,506: Total time for which application threads were stopped: 0,0001583 seconds, Stopping threads took: 0,0000533 seconds
2017-08-07T09:13:14.114+0200: 1,000: Total time for which application threads were stopped: 0,0001572 seconds, Stopping threads took: 0,0000141 seconds
2017-08-07T09:13:14.262+0200: 1,147: Total time for which application threads were stopped: 0,0001882 seconds, Stopping threads took: 0,0000181 seconds
2017-08-07T09:13:14.296+0200: 1,182: Total time for which application threads were stopped: 0,0002116 seconds, Stopping threads took: 0,0000366 seconds
2017-08-07T09:13:14.672+0200: 1,558: Total time for which application threads were stopped: 0,0001839 seconds, Stopping threads took: 0,0000175 seconds
2017-08-07T09:13:14.951+0200: 1,837: Total time for which application threads were stopped: 0,0002053 seconds, Stopping threads took: 0,0000162 seconds
2017-08-07T09:13:14.983+0200: 1,868: Total time for which application threads were stopped: 0,0001673 seconds, Stopping threads took: 0,0000114 seconds
2017-08-07T09:13:15.026+0200: 1,911: Total time for which application threads were stopped: 0,0005117 seconds, Stopping threads took: 0,0002694 seconds
2017-08-07T09:13:15.028+0200: 1,913: Total time for which application threads were stopped: 0,0004122 seconds, Stopping threads took: 0,0000295 seconds
2017-08-07T09:13:15.049+0200: 1,935: Total time for which application threads were stopped: 0,0001890 seconds, Stopping threads took: 0,0000204 seconds
2017-08-07T09:13:15.150+0200: 2,036: Total time for which application threads were stopped: 0,0001985 seconds, Stopping threads took: 0,0000158 seconds
2017-08-07T09:13:15.354+0200: 2,239: Total time for which application threads were stopped: 0,0002626 seconds, Stopping threads took: 0,0000489 seconds
{Heap before GC invocations=0 (full 0):
 par new generation   total 109248K, used 87424K [0x00000000e0000000, 0x00000000e8000000, 0x00000000e8000000)
  eden space 87424K, 100% used [0x00000000e0000000, 0x00000000e5560000, 0x00000000e5560000)
  from space 21824K,   0% used [0x00000000e5560000, 0x00000000e5560000, 0x00000000e6ab0000)
  to   space 21824K,   0% used [0x00000000e6ab0000, 0x00000000e6ab0000, 0x00000000e8000000)
 concurrent mark-sweep generation total 393216K, used 0K [0x00000000e8000000, 0x0000000100000000, 0x0000000100000000)
 Metaspace       used 18023K, capacity 18336K, committed 18688K, reserved 1064960K
  class space    used 2035K, capacity 2196K, committed 2304K, reserved 1048576K
2017-08-07T09:13:15.450+0200: 2,335: [GC (Allocation Failure) 2017-08-07T09:13:15.450+0200: 2,335: [ParNew
Desired survivor size 20112992 bytes, new threshold 8 (max 8)
- age   1:   12592512 bytes,   12592512 total
: 87424K->12409K(109248K), 0,0169659 secs] 87424K->12409K(502464K), 0,0170499 secs] [Times: user=0,04 sys=0,02, real=0,01 secs] 
Heap after GC invocations=1 (full 0):
 par new generation   total 109248K, used 12409K [0x00000000e0000000, 0x00000000e8000000, 0x00000000e8000000)
  eden space 87424K,   0% used [0x00000000e0000000, 0x00000000e0000000, 0x00000000e5560000)
  from space 21824K,  56% used [0x00000000e6ab0000, 0x00000000e76ce558, 0x00000000e8000000)
  to   space 21824K,   0% used [0x00000000e5560000, 0x00000000e5560000, 0x00000000e6ab0000)
 concurrent mark-sweep generation total 393216K, used 0K [0x00000000e8000000, 0x0000000100000000, 0x0000000100000000)
 Metaspace       used 18023K, capacity 18336K, committed 18688K, reserved 1064960K
  class space    used 2035K, capacity 2196K, committed 2304K, reserved 1048576K
}
2017-08-07T09:13:15.467+0200: 2,352: Total time for which application threads were stopped: 0,0175885 seconds, Stopping threads took: 0,0002981 seconds
2017-08-07T09:13:15.847+0200: 2,732: Total time for which application threads were stopped: 0,0005026 seconds, Stopping threads took: 0,0001004 seconds
{Heap before GC invocations=1 (full 0):
 par new generation   total 109248K, used 99187K [0x00000000e0000000, 0x00000000e8000000, 0x00000000e8000000)
  eden space 87424K,  99% used [0x00000000e0000000, 0x00000000e54be6a8, 0x00000000e5560000)
  from space 21824K,  56% used [0x00000000e6ab0000, 0x00000000e76ce558, 0x00000000e8000000)
  to   space 21824K,   0% used [0x00000000e5560000, 0x00000000e5560000, 0x00000000e6ab0000)
 concurrent mark-sweep generation total 393216K, used 0K [0x00000000e8000000, 0x0000000100000000, 0x0000000100000000)
 Metaspace       used 20042K, capacity 20364K, committed 20736K, reserved 1067008K
  class space    used 2295K, capacity 2470K, committed 2560K, reserved 1048576K
2017-08-07T09:13:15.898+0200: 2,783: [GC (Allocation Failure) 2017-08-07T09:13:15.898+0200: 2,784: [ParNew
Desired survivor size 20112992 bytes, new threshold 8 (max 8)
- age   1:    3715072 bytes,    3715072 total
- age   2:    6661496 bytes,   10376568 total
: 99187K->15663K(109248K), 0,0149478 secs] 99187K->15663K(502464K), 0,0150482 secs] [Times: user=0,04 sys=0,01, real=0,01 secs] 
Heap after GC invocations=2 (full 0):
 par new generation   total 109248K, used 15663K [0x00000000e0000000, 0x00000000e8000000, 0x00000000e8000000)
  eden space 87424K,   0% used [0x00000000e0000000, 0x00000000e0000000, 0x00000000e5560000)
  from space 21824K,  71% used [0x00000000e5560000, 0x00000000e64abf40, 0x00000000e6ab0000)
  to   space 21824K,   0% used [0x00000000e6ab0000, 0x00000000e6ab0000, 0x00000000e8000000)
 concurrent mark-sweep generation total 393216K, used 0K [0x00000000e8000000, 0x0000000100000000, 0x0000000100000000)
 Metaspace       used 20042K, capacity 20364K, committed 20736K, reserved 1067008K
  class space    used 2295K, capacity 2470K, committed 2560K, reserved 1048576K
}
2017-08-07T09:13:15.913+0200: 2,799: Total time for which application threads were stopped: 0,0153159 seconds, Stopping threads took: 0,0000752 seconds
2017-08-07T09:13:15.924+0200: 2,810: Total time for which application threads were stopped: 0,0003602 seconds, Stopping threads took: 0,0000554 seconds
2017-08-07T09:13:15.956+0200: 2,842: Total time for which application threads were stopped: 0,0006907 seconds, Stopping threads took: 0,0004117 seconds
2017-08-07T09:13:16.064+0200: 2,949: Total time for which application threads were stopped: 0,0001559 seconds, Stopping threads took: 0,0000230 seconds
{Heap before GC invocations=2 (full 0):
 par new generation   total 109248K, used 103087K [0x00000000e0000000, 0x00000000e8000000, 0x00000000e8000000)
  eden space 87424K, 100% used [0x00000000e0000000, 0x00000000e5560000, 0x00000000e5560000)
  from space 21824K,  71% used [0x00000000e5560000, 0x00000000e64abf40, 0x00000000e6ab0000)
  to   space 21824K,   0% used [0x00000000e6ab0000, 0x00000000e6ab0000, 0x00000000e8000000)
 concurrent mark-sweep generation total 393216K, used 0K [0x00000000e8000000, 0x0000000100000000, 0x0000000100000000)
 Metaspace       used 20957K, capacity 21286K, committed 21628K, reserved 1069056K
  class space    used 2417K, capacity 2589K, committed 2684K, reserved 1048576K
2017-08-07T09:13:16.096+0200: 2,982: [GC (Allocation Failure) 2017-08-07T09:13:16.096+0200: 2,982: [ParNew
Desired survivor size 20112992 bytes, new threshold 8 (max 8)
- age   1:    2071752 bytes,    2071752 total
- age   2:     879232 bytes,    2950984 total
- age   3:    6657576 bytes,    9608560 total
: 103087K->11228K(109248K), 0,0125282 secs] 103087K->11228K(502464K), 0,0126109 secs] [Times: user=0,04 sys=0,01, real=0,01 secs] 
Heap after GC invocations=3 (full 0):
 par new generation   total 109248K, used 11228K [0x00000000e0000000, 0x00000000e8000000, 0x00000000e8000000)
  eden space 87424K,   0% used [0x00000000e0000000, 0x00000000e0000000, 0x00000000e5560000)
  from space 21824K,  51% used [0x00000000e6ab0000, 0x00000000e75a7030, 0x00000000e8000000)
  to   space 21824K,   0% used [0x00000000e5560000, 0x00000000e5560000, 0x00000000e6ab0000)
 concurrent mark-sweep generation total 393216K, used 0K [0x00000000e8000000, 0x0000000100000000, 0x0000000100000000)
 Metaspace       used 20957K, capacity 21286K, committed 21628K, reserved 1069056K
  class space    used 2417K, capacity 2589K, committed 2684K, reserved 1048576K
}
2017-08-07T09:13:16.109+0200: 2,994: Total time for which application threads were stopped: 0,0128468 seconds, Stopping threads took: 0,0000845 seconds
2017-08-07T09:13:16.122+0200: 3,007: [GC (CMS Initial Mark) [1 CMS-initial-mark: 0K(393216K)] 24868K(502464K), 0,0076955 secs] [Times: user=0,03 sys=0,00, real=0,00 secs] 
2017-08-07T09:13:16.129+0200: 3,015: Total time for which application threads were stopped: 0,0078576 seconds, Stopping threads took: 0,0000621 seconds
2017-08-07T09:13:16.129+0200: 3,015: [CMS-concurrent-mark-start]
2017-08-07T09:13:16.137+0200: 3,023: [CMS-concurrent-mark: 0,008/0,008 secs] [Times: user=0,02 sys=0,00, real=0,02 secs] 
2017-08-07T09:13:16.138+0200: 3,023: [CMS-concurrent-preclean-start]
2017-08-07T09:13:16.139+0200: 3,024: [CMS-concurrent-preclean: 0,001/0,001 secs] [Times: user=0,00 sys=0,00, real=0,00 secs] 
2017-08-07T09:13:16.139+0200: 3,024: [CMS-concurrent-abortable-preclean-start]
2017-08-07T09:13:16.157+0200: 3,043: Total time for which application threads were stopped: 0,0001914 seconds, Stopping threads took: 0,0001026 seconds
{Heap before GC invocations=3 (full 1):
 par new generation   total 109248K, used 98652K [0x00000000e0000000, 0x00000000e8000000, 0x00000000e8000000)
  eden space 87424K, 100% used [0x00000000e0000000, 0x00000000e5560000, 0x00000000e5560000)
  from space 21824K,  51% used [0x00000000e6ab0000, 0x00000000e75a7030, 0x00000000e8000000)
  to   space 21824K,   0% used [0x00000000e5560000, 0x00000000e5560000, 0x00000000e6ab0000)
 concurrent mark-sweep generation total 393216K, used 0K [0x00000000e8000000, 0x0000000100000000, 0x0000000100000000)
 Metaspace       used 21244K, capacity 21552K, committed 21884K, reserved 1069056K
  class space    used 2449K, capacity 2602K, committed 2684K, reserved 1048576K
2017-08-07T09:13:16.230+0200: 3,115: [GC (Allocation Failure) 2017-08-07T09:13:16.230+0200: 3,115: [ParNew
Desired survivor size 20112992 bytes, new threshold 8 (max 8)
- age   1:     570048 bytes,     570048 total
- age   2:    1455808 bytes,    2025856 total
- age   3:     847760 bytes,    2873616 total
- age   4:    6657736 bytes,    9531352 total
: 98652K->14280K(109248K), 0,0105007 secs] 98652K->14280K(502464K), 0,0105613 secs] [Times: user=0,03 sys=0,00, real=0,01 secs] 
Heap after GC invocations=4 (full 1):
 par new generation   total 109248K, used 14280K [0x00000000e0000000, 0x00000000e8000000, 0x00000000e8000000)
  eden space 87424K,   0% used [0x00000000e0000000, 0x00000000e0000000, 0x00000000e5560000)
  from space 21824K,  65% used [0x00000000e5560000, 0x00000000e63521c0, 0x00000000e6ab0000)
  to   space 21824K,   0% used [0x00000000e6ab0000, 0x00000000e6ab0000, 0x00000000e8000000)
 concurrent mark-sweep generation total 393216K, used 0K [0x00000000e8000000, 0x0000000100000000, 0x0000000100000000)
 Metaspace       used 21244K, capacity 21552K, committed 21884K, reserved 1069056K
  class space    used 2449K, capacity 2602K, committed 2684K, reserved 1048576K
}
2017-08-07T09:13:16.240+0200: 3,126: Total time for which application threads were stopped: 0,0132696 seconds, Stopping threads took: 0,0025747 seconds
2017-08-07T09:13:16.339+0200: 3,224: Total time for which application threads were stopped: 0,0001679 seconds, Stopping threads took: 0,0000458 seconds
{Heap before GC invocations=4 (full 1):
 par new generation   total 109248K, used 101704K [0x00000000e0000000, 0x00000000e8000000, 0x00000000e8000000)
  eden space 87424K, 100% used [0x00000000e0000000, 0x00000000e5560000, 0x00000000e5560000)
  from space 21824K,  65% used [0x00000000e5560000, 0x00000000e63521c0, 0x00000000e6ab0000)
  to   space 21824K,   0% used [0x00000000e6ab0000, 0x00000000e6ab0000, 0x00000000e8000000)
 concurrent mark-sweep generation total 393216K, used 0K [0x00000000e8000000, 0x0000000100000000, 0x0000000100000000)
 Metaspace       used 21583K, capacity 21952K, committed 22216K, reserved 1069056K
  class space    used 2497K, capacity 2669K, committed 2684K, reserved 1048576K
2017-08-07T09:13:16.352+0200: 3,237: [GC (Allocation Failure) 2017-08-07T09:13:16.352+0200: 3,237: [ParNew
Desired survivor size 20112992 bytes, new threshold 8 (max 8)
- age   1:     558744 bytes,     558744 total
- age   2:     170296 bytes,     729040 total
- age   3:    1065816 bytes,    1794856 total
- age   4:     847680 bytes,    2642536 total
- age   5:    6657464 bytes,    9300000 total
: 101704K->12009K(109248K), 0,0097995 secs] 101704K->12009K(502464K), 0,0098787 secs] [Times: user=0,03 sys=0,01, real=0,01 secs] 
Heap after GC invocations=5 (full 1):
 par new generation   total 109248K, used 12009K [0x00000000e0000000, 0x00000000e8000000, 0x00000000e8000000)
  eden space 87424K,   0% used [0x00000000e0000000, 0x00000000e0000000, 0x00000000e5560000)
  from space 21824K,  55% used [0x00000000e6ab0000, 0x00000000e766a4a8, 0x00000000e8000000)
  to   space 21824K,   0% used [0x00000000e5560000, 0x00000000e5560000, 0x00000000e6ab0000)
 concurrent mark-sweep generation total 393216K, used 0K [0x00000000e8000000, 0x0000000100000000, 0x0000000100000000)
 Metaspace       used 21583K, capacity 21952K, committed 22216K, reserved 1069056K
  class space    used 2497K, capacity 2669K, committed 2684K, reserved 1048576K
}
2017-08-07T09:13:16.362+0200: 3,247: Total time for which application threads were stopped: 0,0100995 seconds, Stopping threads took: 0,0000840 seconds
2017-08-07T09:13:16.369+0200: 3,255: Total time for which application threads were stopped: 0,0004275 seconds, Stopping threads took: 0,0000515 seconds
2017-08-07T09:13:16.369+0200: 3,255: [CMS-concurrent-abortable-preclean: 0,104/0,230 secs] [Times: user=0,86 sys=0,01, real=0,22 secs] 
2017-08-07T09:13:16.369+0200: 3,255: [GC (CMS Final Remark) [YG occupancy: 16963 K (109248 K)]{Heap before GC invocations=5 (full 1):
 par new generation   total 109248K, used 16963K [0x00000000e0000000, 0x00000000e8000000, 0x00000000e8000000)
  eden space 87424K,   5% used [0x00000000e0000000, 0x00000000e04d6a10, 0x00000000e5560000)
  from space 21824K,  55% used [0x00000000e6ab0000, 0x00000000e766a4a8, 0x00000000e8000000)
  to   space 21824K,   0% used [0x00000000e5560000, 0x00000000e5560000, 0x00000000e6ab0000)
 concurrent mark-sweep generation total 393216K, used 0K [0x00000000e8000000, 0x0000000100000000, 0x0000000100000000)
 Metaspace       used 21619K, capacity 22016K, committed 22216K, reserved 1069056K
  class space    used 2500K, capacity 2669K, committed 2684K, reserved 1048576K
2017-08-07T09:13:16.370+0200: 3,255: [GC (CMS Final Remark) 2017-08-07T09:13:16.370+0200: 3,255: [ParNew
Desired survivor size 20112992 bytes, new threshold 8 (max 8)
- age   1:     210224 bytes,     210224 total
- age   2:     182400 bytes,     392624 total
- age   3:     170280 bytes,     562904 total
- age   4:     677264 bytes,    1240168 total
- age   5:     845744 bytes,    2085912 total
- age   6:    6657416 bytes,    8743328 total
: 16963K->10119K(109248K), 0,0094599 secs] 16963K->10119K(502464K), 0,0095172 secs] [Times: user=0,03 sys=0,00, real=0,01 secs] 
Heap after GC invocations=6 (full 1):
 par new generation   total 109248K, used 10119K [0x00000000e0000000, 0x00000000e8000000, 0x00000000e8000000)
  eden space 87424K,   0% used [0x00000000e0000000, 0x00000000e0000000, 0x00000000e5560000)
  from space 21824K,  46% used [0x00000000e5560000, 0x00000000e5f41d38, 0x00000000e6ab0000)
  to   space 21824K,   0% used [0x00000000e6ab0000, 0x00000000e6ab0000, 0x00000000e8000000)
 concurrent mark-sweep generation total 393216K, used 0K [0x00000000e8000000, 0x0000000100000000, 0x0000000100000000)
 Metaspace       used 21619K, capacity 22016K, committed 22216K, reserved 1069056K
  class space    used 2500K, capacity 2669K, committed 2684K, reserved 1048576K
}
2017-08-07T09:13:16.379+0200: 3,265: [Rescan (parallel) , 0,0043225 secs]2017-08-07T09:13:16.383+0200: 3,269: [weak refs processing, 0,0007462 secs]2017-08-07T09:13:16.384+0200: 3,270: [class unloading, 0,0029929 secs]2017-08-07T09:13:16.387+0200: 3,273: [scrub symbol table, 0,0027919 secs]2017-08-07T09:13:16.390+0200: 3,276: [scrub string table, 0,0004166 secs][1 CMS-remark: 0K(393216K)] 10119K(502464K), 0,0214837 secs] [Times: user=0,05 sys=0,00, real=0,02 secs] 
2017-08-07T09:13:16.391+0200: 3,277: Total time for which application threads were stopped: 0,0216405 seconds, Stopping threads took: 0,0000721 seconds
2017-08-07T09:13:16.391+0200: 3,277: [CMS-concurrent-sweep-start]
2017-08-07T09:13:16.391+0200: 3,277: [CMS-concurrent-sweep: 0,000/0,000 secs] [Times: user=0,00 sys=0,00, real=0,00 secs] 
2017-08-07T09:13:16.391+0200: 3,277: [CMS-concurrent-reset-start]
2017-08-07T09:13:16.393+0200: 3,278: [CMS-concurrent-reset: 0,002/0,002 secs] [Times: user=0,01 sys=0,00, real=0,00 secs] 
2017-08-07T09:13:16.649+0200: 3,535: Total time for which application threads were stopped: 0,0005480 seconds, Stopping threads took: 0,0000367 seconds
2017-08-07T09:13:16.665+0200: 3,551: Total time for which application threads were stopped: 0,0005138 seconds, Stopping threads took: 0,0000935 seconds
{Heap before GC invocations=6 (full 1):
 par new generation   total 109248K, used 97543K [0x00000000e0000000, 0x00000000e8000000, 0x00000000e8000000)
  eden space 87424K, 100% used [0x00000000e0000000, 0x00000000e5560000, 0x00000000e5560000)
  from space 21824K,  46% used [0x00000000e5560000, 0x00000000e5f41d38, 0x00000000e6ab0000)
  to   space 21824K,   0% used [0x00000000e6ab0000, 0x00000000e6ab0000, 0x00000000e8000000)
 concurrent mark-sweep generation total 393216K, used 0K [0x00000000e8000000, 0x0000000100000000, 0x0000000100000000)
 Metaspace       used 24254K, capacity 24676K, committed 24828K, reserved 1071104K
  class space    used 2848K, capacity 3043K, committed 3068K, reserved 1048576K
2017-08-07T09:13:16.858+0200: 3,743: [GC (Allocation Failure) 2017-08-07T09:13:16.858+0200: 3,743: [ParNew
Desired survivor size 20112992 bytes, new threshold 8 (max 8)
- age   1:    5549864 bytes,    5549864 total
- age   2:       9696 bytes,    5559560 total
- age   3:     181176 bytes,    5740736 total
- age   4:     169352 bytes,    5910088 total
- age   5:     285776 bytes,    6195864 total
- age   6:     819384 bytes,    7015248 total
- age   7:    6649208 bytes,   13664456 total
: 97543K->16938K(109248K), 0,0215233 secs] 97543K->16938K(502464K), 0,0215937 secs] [Times: user=0,08 sys=0,01, real=0,02 secs] 
Heap after GC invocations=7 (full 1):
 par new generation   total 109248K, used 16938K [0x00000000e0000000, 0x00000000e8000000, 0x00000000e8000000)
  eden space 87424K,   0% used [0x00000000e0000000, 0x00000000e0000000, 0x00000000e5560000)
  from space 21824K,  77% used [0x00000000e6ab0000, 0x00000000e7b3a9f8, 0x00000000e8000000)
  to   space 21824K,   0% used [0x00000000e5560000, 0x00000000e5560000, 0x00000000e6ab0000)
 concurrent mark-sweep generation total 393216K, used 0K [0x00000000e8000000, 0x0000000100000000, 0x0000000100000000)
 Metaspace       used 24254K, capacity 24676K, committed 24828K, reserved 1071104K
  class space    used 2848K, capacity 3043K, committed 3068K, reserved 1048576K
}
2017-08-07T09:13:16.879+0200: 3,765: Total time for which application threads were stopped: 0,0247927 seconds, Stopping threads took: 0,0030216 seconds
{Heap before GC invocations=7 (full 1):
 par new generation   total 109248K, used 104362K [0x00000000e0000000, 0x00000000e8000000, 0x00000000e8000000)
  eden space 87424K, 100% used [0x00000000e0000000, 0x00000000e5560000, 0x00000000e5560000)
  from space 21824K,  77% used [0x00000000e6ab0000, 0x00000000e7b3a9f8, 0x00000000e8000000)
  to   space 21824K,   0% used [0x00000000e5560000, 0x00000000e5560000, 0x00000000e6ab0000)
 concurrent mark-sweep generation total 393216K, used 0K [0x00000000e8000000, 0x0000000100000000, 0x0000000100000000)
 Metaspace       used 24895K, capacity 25348K, committed 25724K, reserved 1071104K
  class space    used 2902K, capacity 3075K, committed 3196K, reserved 1048576K
2017-08-07T09:13:17.023+0200: 3,909: [GC (Allocation Failure) 2017-08-07T09:13:17.023+0200: 3,909: [ParNew
Desired survivor size 20112992 bytes, new threshold 8 (max 8)
- age   1:    1654896 bytes,    1654896 total
- age   2:    1817976 bytes,    3472872 total
- age   3:       4688 bytes,    3477560 total
- age   4:      76896 bytes,    3554456 total
- age   5:      84904 bytes,    3639360 total
- age   6:     187520 bytes,    3826880 total
- age   7:     775648 bytes,    4602528 total
- age   8:    6116080 bytes,   10718608 total
: 104362K->14862K(109248K), 0,0208336 secs] 104362K->14862K(502464K), 0,0209182 secs] [Times: user=0,04 sys=0,00, real=0,02 secs] 
Heap after GC invocations=8 (full 1):
 par new generation   total 109248K, used 14862K [0x00000000e0000000, 0x00000000e8000000, 0x00000000e8000000)
  eden space 87424K,   0% used [0x00000000e0000000, 0x00000000e0000000, 0x00000000e5560000)
  from space 21824K,  68% used [0x00000000e5560000, 0x00000000e63e3b18, 0x00000000e6ab0000)
  to   space 21824K,   0% used [0x00000000e6ab0000, 0x00000000e6ab0000, 0x00000000e8000000)
 concurrent mark-sweep generation total 393216K, used 0K [0x00000000e8000000, 0x0000000100000000, 0x0000000100000000)
 Metaspace       used 24895K, capacity 25348K, committed 25724K, reserved 1071104K
  class space    used 2902K, capacity 3075K, committed 3196K, reserved 1048576K
}
2017-08-07T09:13:17.044+0200: 3,930: Total time for which application threads were stopped: 0,0251696 seconds, Stopping threads took: 0,0040251 seconds
{Heap before GC invocations=8 (full 1):
 par new generation   total 109248K, used 102286K [0x00000000e0000000, 0x00000000e8000000, 0x00000000e8000000)
  eden space 87424K, 100% used [0x00000000e0000000, 0x00000000e5560000, 0x00000000e5560000)
  from space 21824K,  68% used [0x00000000e5560000, 0x00000000e63e3b18, 0x00000000e6ab0000)
  to   space 21824K,   0% used [0x00000000e6ab0000, 0x00000000e6ab0000, 0x00000000e8000000)
 concurrent mark-sweep generation total 393216K, used 0K [0x00000000e8000000, 0x0000000100000000, 0x0000000100000000)
 Metaspace       used 25021K, capacity 25444K, committed 25724K, reserved 1071104K
  class space    used 2911K, capacity 3081K, committed 3196K, reserved 1048576K
2017-08-07T09:13:17.158+0200: 4,043: [GC (Allocation Failure) 2017-08-07T09:13:17.158+0200: 4,043: [ParNew
Desired survivor size 20112992 bytes, new threshold 8 (max 8)
- age   1:     390536 bytes,     390536 total
- age   2:    1103696 bytes,    1494232 total
- age   3:    1795816 bytes,    3290048 total
- age   4:       4688 bytes,    3294736 total
- age   5:      76896 bytes,    3371632 total
- age   6:      84696 bytes,    3456328 total
- age   7:     187520 bytes,    3643848 total
- age   8:     775648 bytes,    4419496 total
: 102286K->8622K(109248K), 0,0272589 secs] 102286K->14677K(502464K), 0,0273321 secs] [Times: user=0,10 sys=0,00, real=0,02 secs] 
Heap after GC invocations=9 (full 1):
 par new generation   total 109248K, used 8622K [0x00000000e0000000, 0x00000000e8000000, 0x00000000e8000000)
  eden space 87424K,   0% used [0x00000000e0000000, 0x00000000e0000000, 0x00000000e5560000)
  from space 21824K,  39% used [0x00000000e6ab0000, 0x00000000e731b910, 0x00000000e8000000)
  to   space 21824K,   0% used [0x00000000e5560000, 0x00000000e5560000, 0x00000000e6ab0000)
 concurrent mark-sweep generation total 393216K, used 6055K [0x00000000e8000000, 0x0000000100000000, 0x0000000100000000)
 Metaspace       used 25021K, capacity 25444K, committed 25724K, reserved 1071104K
  class space    used 2911K, capacity 3081K, committed 3196K, reserved 1048576K
}
2017-08-07T09:13:17.185+0200: 4,071: Total time for which application threads were stopped: 0,0319085 seconds, Stopping threads took: 0,0042465 seconds
2017-08-07T09:13:17.218+0200: 4,104: Total time for which application threads were stopped: 0,0020335 seconds, Stopping threads took: 0,0019483 seconds
2017-08-07T09:13:17.282+0200: 4,167: Total time for which application threads were stopped: 0,0038795 seconds, Stopping threads took: 0,0037694 seconds
2017-08-07T09:13:17.337+0200: 4,223: Total time for which application threads were stopped: 0,0021121 seconds, Stopping threads took: 0,0019717 seconds
2017-08-07T09:13:17.338+0200: 4,224: Total time for which application threads were stopped: 0,0001389 seconds, Stopping threads took: 0,0000489 seconds
2017-08-07T09:13:17.346+0200: 4,231: Total time for which application threads were stopped: 0,0029817 seconds, Stopping threads took: 0,0028801 seconds
2017-08-07T09:13:17.348+0200: 4,233: Total time for which application threads were stopped: 0,0001555 seconds, Stopping threads took: 0,0000526 seconds
2017-08-07T09:13:17.353+0200: 4,238: Total time for which application threads were stopped: 0,0034066 seconds, Stopping threads took: 0,0033251 seconds
2017-08-07T09:13:17.354+0200: 4,239: Total time for which application threads were stopped: 0,0002812 seconds, Stopping threads took: 0,0002142 seconds
2017-08-07T09:13:17.354+0200: 4,240: Total time for which application threads were stopped: 0,0001173 seconds, Stopping threads took: 0,0000408 seconds
2017-08-07T09:13:17.354+0200: 4,240: Total time for which application threads were stopped: 0,0000701 seconds, Stopping threads took: 0,0000111 seconds
2017-08-07T09:13:17.355+0200: 4,240: Total time for which application threads were stopped: 0,0001402 seconds, Stopping threads took: 0,0000752 seconds
2017-08-07T09:13:17.355+0200: 4,241: Total time for which application threads were stopped: 0,0000719 seconds, Stopping threads took: 0,0000197 seconds
2017-08-07T09:13:17.355+0200: 4,241: Total time for which application threads were stopped: 0,0000924 seconds, Stopping threads took: 0,0000290 seconds
2017-08-07T09:13:17.355+0200: 4,241: Total time for which application threads were stopped: 0,0000692 seconds, Stopping threads took: 0,0000103 seconds
2017-08-07T09:13:17.355+0200: 4,241: Total time for which application threads were stopped: 0,0000736 seconds, Stopping threads took: 0,0000209 seconds
2017-08-07T09:13:17.356+0200: 4,242: Total time for which application threads were stopped: 0,0001427 seconds, Stopping threads took: 0,0000417 seconds
2017-08-07T09:13:17.357+0200: 4,242: Total time for which application threads were stopped: 0,0001234 seconds, Stopping threads took: 0,0000439 seconds
2017-08-07T09:13:17.357+0200: 4,242: Total time for which application threads were stopped: 0,0000895 seconds, Stopping threads took: 0,0000227 seconds
2017-08-07T09:13:17.357+0200: 4,243: Total time for which application threads were stopped: 0,0001103 seconds, Stopping threads took: 0,0000383 seconds
2017-08-07T09:13:17.357+0200: 4,243: Total time for which application threads were stopped: 0,0002042 seconds, Stopping threads took: 0,0001408 seconds
2017-08-07T09:13:17.357+0200: 4,243: Total time for which application threads were stopped: 0,0000743 seconds, Stopping threads took: 0,0000119 seconds
2017-08-07T09:13:17.358+0200: 4,243: Total time for which application threads were stopped: 0,0000984 seconds, Stopping threads took: 0,0000338 seconds
2017-08-07T09:13:17.358+0200: 4,243: Total time for which application threads were stopped: 0,0001871 seconds, Stopping threads took: 0,0000356 seconds
2017-08-07T09:13:17.365+0200: 4,251: Total time for which application threads were stopped: 0,0001437 seconds, Stopping threads took: 0,0000519 seconds
2017-08-07T09:13:17.370+0200: 4,255: Total time for which application threads were stopped: 0,0018341 seconds, Stopping threads took: 0,0017559 seconds
2017-08-07T09:13:17.370+0200: 4,256: Total time for which application threads were stopped: 0,0001321 seconds, Stopping threads took: 0,0000364 seconds
2017-08-07T09:13:17.370+0200: 4,256: Total time for which application threads were stopped: 0,0000992 seconds, Stopping threads took: 0,0000188 seconds
2017-08-07T09:13:17.376+0200: 4,261: Total time for which application threads were stopped: 0,0001527 seconds, Stopping threads took: 0,0000472 seconds
2017-08-07T09:13:17.377+0200: 4,262: Total time for which application threads were stopped: 0,0001622 seconds, Stopping threads took: 0,0000398 seconds
2017-08-07T09:13:17.377+0200: 4,263: Total time for which application threads were stopped: 0,0001044 seconds, Stopping threads took: 0,0000140 seconds
2017-08-07T09:13:17.378+0200: 4,263: Total time for which application threads were stopped: 0,0001394 seconds, Stopping threads took: 0,0000426 seconds
2017-08-07T09:13:17.382+0200: 4,268: Total time for which application threads were stopped: 0,0006988 seconds, Stopping threads took: 0,0005885 seconds
2017-08-07T09:13:17.384+0200: 4,270: Total time for which application threads were stopped: 0,0001521 seconds, Stopping threads took: 0,0000471 seconds
2017-08-07T09:13:17.387+0200: 4,272: Total time for which application threads were stopped: 0,0001332 seconds, Stopping threads took: 0,0000383 seconds
2017-08-07T09:13:17.387+0200: 4,272: Total time for which application threads were stopped: 0,0001302 seconds, Stopping threads took: 0,0000767 seconds
2017-08-07T09:13:17.387+0200: 4,273: Total time for which application threads were stopped: 0,0000536 seconds, Stopping threads took: 0,0000191 seconds
2017-08-07T09:13:17.387+0200: 4,273: Total time for which application threads were stopped: 0,0000640 seconds, Stopping threads took: 0,0000347 seconds
2017-08-07T09:13:17.388+0200: 4,274: Total time for which application threads were stopped: 0,0000848 seconds, Stopping threads took: 0,0000224 seconds
2017-08-07T09:13:17.389+0200: 4,274: Total time for which application threads were stopped: 0,0000957 seconds, Stopping threads took: 0,0000330 seconds
2017-08-07T09:13:17.391+0200: 4,276: Total time for which application threads were stopped: 0,0000961 seconds, Stopping threads took: 0,0000240 seconds
2017-08-07T09:13:17.391+0200: 4,277: Total time for which application threads were stopped: 0,0000835 seconds, Stopping threads took: 0,0000344 seconds
2017-08-07T09:13:17.391+0200: 4,277: Total time for which application threads were stopped: 0,0000949 seconds, Stopping threads took: 0,0000232 seconds
2017-08-07T09:13:17.394+0200: 4,280: Total time for which application threads were stopped: 0,0001158 seconds, Stopping threads took: 0,0000369 seconds
2017-08-07T09:13:17.397+0200: 4,282: Total time for which application threads were stopped: 0,0001343 seconds, Stopping threads took: 0,0000576 seconds
2017-08-07T09:13:17.420+0200: 4,306: Total time for which application threads were stopped: 0,0002207 seconds, Stopping threads took: 0,0001365 seconds
2017-08-07T09:13:17.421+0200: 4,306: Total time for which application threads were stopped: 0,0000941 seconds, Stopping threads took: 0,0000410 seconds
2017-08-07T09:13:17.422+0200: 4,307: Total time for which application threads were stopped: 0,0000911 seconds, Stopping threads took: 0,0000159 seconds
2017-08-07T09:13:17.423+0200: 4,309: Total time for which application threads were stopped: 0,0001362 seconds, Stopping threads took: 0,0000272 seconds
2017-08-07T09:13:17.424+0200: 4,310: Total time for which application threads were stopped: 0,0002302 seconds, Stopping threads took: 0,0000624 seconds
2017-08-07T09:13:17.445+0200: 4,330: Total time for which application threads were stopped: 0,0004594 seconds, Stopping threads took: 0,0000447 seconds
2017-08-07T09:13:17.463+0200: 4,349: Total time for which application threads were stopped: 0,0006761 seconds, Stopping threads took: 0,0000431 seconds
2017-08-07T09:13:17.538+0200: 4,424: Total time for which application threads were stopped: 0,0006116 seconds, Stopping threads took: 0,0000425 seconds
2017-08-07T09:13:17.542+0200: 4,427: Total time for which application threads were stopped: 0,0001901 seconds, Stopping threads took: 0,0000790 seconds
2017-08-07T09:13:17.542+0200: 4,428: Total time for which application threads were stopped: 0,0001311 seconds, Stopping threads took: 0,0000325 seconds
2017-08-07T09:13:17.574+0200: 4,459: Total time for which application threads were stopped: 0,0031476 seconds, Stopping threads took: 0,0030257 seconds
2017-08-07T09:13:17.578+0200: 4,463: Total time for which application threads were stopped: 0,0008319 seconds, Stopping threads took: 0,0006903 seconds
2017-08-07T09:13:17.581+0200: 4,466: Total time for which application threads were stopped: 0,0001545 seconds, Stopping threads took: 0,0000482 seconds
2017-08-07T09:13:17.586+0200: 4,471: Total time for which application threads were stopped: 0,0001631 seconds, Stopping threads took: 0,0000483 seconds
2017-08-07T09:13:17.591+0200: 4,476: Total time for which application threads were stopped: 0,0001317 seconds, Stopping threads took: 0,0000233 seconds
2017-08-07T09:13:17.598+0200: 4,483: Total time for which application threads were stopped: 0,0024502 seconds, Stopping threads took: 0,0023459 seconds
2017-08-07T09:13:17.604+0200: 4,489: Total time for which application threads were stopped: 0,0001435 seconds, Stopping threads took: 0,0000245 seconds
2017-08-07T09:13:17.614+0200: 4,500: Total time for which application threads were stopped: 0,0004167 seconds, Stopping threads took: 0,0003111 seconds
2017-08-07T09:13:17.625+0200: 4,511: Total time for which application threads were stopped: 0,0001474 seconds, Stopping threads took: 0,0000458 seconds
2017-08-07T09:13:17.654+0200: 4,539: Total time for which application threads were stopped: 0,0002840 seconds, Stopping threads took: 0,0001879 seconds
2017-08-07T09:13:17.654+0200: 4,540: Total time for which application threads were stopped: 0,0001573 seconds, Stopping threads took: 0,0000743 seconds
2017-08-07T09:13:17.658+0200: 4,544: Total time for which application threads were stopped: 0,0004514 seconds, Stopping threads took: 0,0003671 seconds
2017-08-07T09:13:17.661+0200: 4,546: Total time for which application threads were stopped: 0,0001310 seconds, Stopping threads took: 0,0000500 seconds
2017-08-07T09:13:17.674+0200: 4,559: Total time for which application threads were stopped: 0,0005234 seconds, Stopping threads took: 0,0000498 seconds
2017-08-07T09:13:17.674+0200: 4,559: Total time for which application threads were stopped: 0,0001157 seconds, Stopping threads took: 0,0000363 seconds
2017-08-07T09:13:17.678+0200: 4,563: Total time for which application threads were stopped: 0,0034501 seconds, Stopping threads took: 0,0033389 seconds
2017-08-07T09:13:17.714+0200: 4,599: Total time for which application threads were stopped: 0,0001354 seconds, Stopping threads took: 0,0000256 seconds
2017-08-07T09:13:17.714+0200: 4,600: Total time for which application threads were stopped: 0,0000610 seconds, Stopping threads took: 0,0000148 seconds
2017-08-07T09:13:18.714+0200: 5,600: Total time for which application threads were stopped: 0,0000631 seconds, Stopping threads took: 0,0000161 seconds
2017-08-07T09:15:10.141+0200: 117,613: Total time for which application threads were stopped: 0,0000883 seconds, Stopping threads took: 0,0000378 seconds
2017-08-07T09:15:15.142+0200: 122,614: Total time for which application threads were stopped: 0,0000663 seconds, Stopping threads took: 0,0000166 seconds
{Heap before GC invocations=9 (full 1):
 par new generation   total 109248K, used 96046K [0x00000000e0000000, 0x00000000e8000000, 0x00000000e8000000)
  eden space 87424K, 100% used [0x00000000e0000000, 0x00000000e5560000, 0x00000000e5560000)
  from space 21824K,  39% used [0x00000000e6ab0000, 0x00000000e731b910, 0x00000000e8000000)
  to   space 21824K,   0% used [0x00000000e5560000, 0x00000000e5560000, 0x00000000e6ab0000)
 concurrent mark-sweep generation total 393216K, used 6055K [0x00000000e8000000, 0x0000000100000000, 0x0000000100000000)
 Metaspace       used 28030K, capacity 28550K, committed 28796K, reserved 1075200K
  class space    used 3211K, capacity 3388K, committed 3452K, reserved 1048576K
2017-08-07T09:17:43.589+0200: 271,061: [GC (Allocation Failure) 2017-08-07T09:17:43.589+0200: 271,061: [ParNew
Desired survivor size 20112992 bytes, new threshold 8 (max 8)
- age   1:   10676664 bytes,   10676664 total
- age   2:     217256 bytes,   10893920 total
- age   3:     319016 bytes,   11212936 total
- age   4:    1791016 bytes,   13003952 total
- age   5:       4688 bytes,   13008640 total
- age   6:      76864 bytes,   13085504 total
- age   7:      84568 bytes,   13170072 total
- age   8:     187424 bytes,   13357496 total
: 96046K->14089K(109248K), 0,0255184 secs] 102101K->20991K(502464K), 0,0255953 secs] [Times: user=0,05 sys=0,00, real=0,03 secs] 
Heap after GC invocations=10 (full 1):
 par new generation   total 109248K, used 14089K [0x00000000e0000000, 0x00000000e8000000, 0x00000000e8000000)
  eden space 87424K,   0% used [0x00000000e0000000, 0x00000000e0000000, 0x00000000e5560000)
  from space 21824K,  64% used [0x00000000e5560000, 0x00000000e6322600, 0x00000000e6ab0000)
  to   space 21824K,   0% used [0x00000000e6ab0000, 0x00000000e6ab0000, 0x00000000e8000000)
 concurrent mark-sweep generation total 393216K, used 6902K [0x00000000e8000000, 0x0000000100000000, 0x0000000100000000)
 Metaspace       used 28030K, capacity 28550K, committed 28796K, reserved 1075200K
  class space    used 3211K, capacity 3388K, committed 3452K, reserved 1048576K
}
2017-08-07T09:17:43.614+0200: 271,087: Total time for which application threads were stopped: 0,0260381 seconds, Stopping threads took: 0,0001488 seconds
2017-08-07T09:17:43.615+0200: 271,087: Total time for which application threads were stopped: 0,0000920 seconds, Stopping threads took: 0,0000405 seconds
2017-08-07T09:17:43.615+0200: 271,087: Total time for which application threads were stopped: 0,0000946 seconds, Stopping threads took: 0,0000320 seconds
2017-08-07T09:36:38.716+0200: 1406,188: Total time for which application threads were stopped: 0,0000969 seconds, Stopping threads took: 0,0000346 seconds
2017-08-07T09:41:38.755+0200: 1706,227: Total time for which application threads were stopped: 0,0001212 seconds, Stopping threads took: 0,0000352 seconds
2017-08-07T09:49:59.798+0200: 2207,271: Total time for which application threads were stopped: 0,0000878 seconds, Stopping threads took: 0,0000284 seconds
2017-08-07T09:51:29.806+0200: 2297,278: Total time for which application threads were stopped: 0,0000892 seconds, Stopping threads took: 0,0000314 seconds
2017-08-07T09:51:33.806+0200: 2301,279: Total time for which application threads were stopped: 0,0000837 seconds, Stopping threads took: 0,0000288 seconds
2017-08-07T10:06:29.900+0200: 3197,372: Total time for which application threads were stopped: 0,0001325 seconds, Stopping threads took: 0,0000429 seconds
2017-08-07T10:16:44.957+0200: 3812,429: Total time for which application threads were stopped: 0,0001137 seconds, Stopping threads took: 0,0000358 seconds
2017-08-07T10:17:03.958+0200: 3831,431: Total time for which application threads were stopped: 0,0000936 seconds, Stopping threads took: 0,0000325 seconds
2017-08-07T10:18:44.968+0200: 3932,440: Total time for which application threads were stopped: 0,0000934 seconds, Stopping threads took: 0,0000281 seconds
2017-08-07T10:19:14.971+0200: 3962,443: Total time for which application threads were stopped: 0,0000790 seconds, Stopping threads took: 0,0000283 seconds
2017-08-07T10:31:35.040+0200: 4702,512: Total time for which application threads were stopped: 0,0001187 seconds, Stopping threads took: 0,0000404 seconds
2017-08-07T10:59:01.173+0200: 6262,776: Total time for which application threads were stopped: 0,0000780 seconds, Stopping threads took: 0,0000316 seconds
2017-08-07T11:14:40.302+0200: 7201,906: Total time for which application threads were stopped: 0,0001803 seconds, Stopping threads took: 0,0000646 seconds
2017-08-07T11:16:40.318+0200: 7321,922: Total time for which application threads were stopped: 0,0000805 seconds, Stopping threads took: 0,0000291 seconds
2017-08-07T11:22:40.348+0200: 7681,952: Total time for which application threads were stopped: 0,0000818 seconds, Stopping threads took: 0,0000342 seconds
2017-08-07T11:23:10.350+0200: 7711,954: Total time for which application threads were stopped: 0,0000954 seconds, Stopping threads took: 0,0000334 seconds
2017-08-07T12:01:21.186+0200: 10002,790: Total time for which application threads were stopped: 0,0079088 seconds, Stopping threads took: 0,0078240 seconds
2017-08-07T12:01:21.188+0200: 10002,792: Total time for which application threads were stopped: 0,0009125 seconds, Stopping threads took: 0,0004897 seconds
2017-08-07T12:01:21.189+0200: 10002,792: Total time for which application threads were stopped: 0,0000794 seconds, Stopping threads took: 0,0000132 seconds
2017-08-07T12:01:21.189+0200: 10002,793: Total time for which application threads were stopped: 0,0000746 seconds, Stopping threads took: 0,0000179 seconds
2017-08-07T12:01:21.189+0200: 10002,793: Total time for which application threads were stopped: 0,0000526 seconds, Stopping threads took: 0,0000076 seconds
2017-08-07T12:01:21.189+0200: 10002,793: Total time for which application threads were stopped: 0,0000548 seconds, Stopping threads took: 0,0000070 seconds
2017-08-07T12:01:21.190+0200: 10002,794: Total time for which application threads were stopped: 0,0000759 seconds, Stopping threads took: 0,0000292 seconds
2017-08-07T12:01:21.190+0200: 10002,794: Total time for which application threads were stopped: 0,0000488 seconds, Stopping threads took: 0,0000092 seconds
2017-08-07T12:01:21.190+0200: 10002,794: Total time for which application threads were stopped: 0,0000439 seconds, Stopping threads took: 0,0000061 seconds
2017-08-07T12:01:21.190+0200: 10002,794: Total time for which application threads were stopped: 0,0000363 seconds, Stopping threads took: 0,0000051 seconds
2017-08-07T12:01:21.190+0200: 10002,794: Total time for which application threads were stopped: 0,0000383 seconds, Stopping threads took: 0,0000058 seconds
2017-08-07T12:01:21.190+0200: 10002,794: Total time for which application threads were stopped: 0,0000361 seconds, Stopping threads took: 0,0000051 seconds
2017-08-07T12:01:21.190+0200: 10002,794: Total time for which application threads were stopped: 0,0000344 seconds, Stopping threads took: 0,0000048 seconds
2017-08-07T12:01:21.190+0200: 10002,794: Total time for which application threads were stopped: 0,0000343 seconds, Stopping threads took: 0,0000047 seconds
2017-08-07T12:01:21.190+0200: 10002,794: Total time for which application threads were stopped: 0,0000332 seconds, Stopping threads took: 0,0000049 seconds
2017-08-07T12:01:21.190+0200: 10002,794: Total time for which application threads were stopped: 0,0000326 seconds, Stopping threads took: 0,0000048 seconds
2017-08-07T12:01:21.191+0200: 10002,794: Total time for which application threads were stopped: 0,0000360 seconds, Stopping threads took: 0,0000052 seconds
2017-08-07T12:01:21.195+0200: 10002,799: Total time for which application threads were stopped: 0,0001325 seconds, Stopping threads took: 0,0000322 seconds
2017-08-07T12:01:21.195+0200: 10002,799: Total time for which application threads were stopped: 0,0001010 seconds, Stopping threads took: 0,0000137 seconds
2017-08-07T12:01:21.196+0200: 10002,800: Total time for which application threads were stopped: 0,0000746 seconds, Stopping threads took: 0,0000104 seconds
2017-08-07T12:01:21.196+0200: 10002,800: Total time for which application threads were stopped: 0,0000623 seconds, Stopping threads took: 0,0000110 seconds
2017-08-07T12:01:21.196+0200: 10002,800: Total time for which application threads were stopped: 0,0000526 seconds, Stopping threads took: 0,0000077 seconds
2017-08-07T12:01:21.196+0200: 10002,800: Total time for which application threads were stopped: 0,0000457 seconds, Stopping threads took: 0,0000064 seconds
2017-08-07T12:01:21.196+0200: 10002,800: Total time for which application threads were stopped: 0,0000505 seconds, Stopping threads took: 0,0000058 seconds
2017-08-07T12:01:21.196+0200: 10002,800: Total time for which application threads were stopped: 0,0000411 seconds, Stopping threads took: 0,0000051 seconds
2017-08-07T12:01:21.196+0200: 10002,800: Total time for which application threads were stopped: 0,0000384 seconds, Stopping threads took: 0,0000050 seconds
2017-08-07T12:01:21.196+0200: 10002,800: Total time for which application threads were stopped: 0,0000391 seconds, Stopping threads took: 0,0000047 seconds
2017-08-07T12:01:21.196+0200: 10002,800: Total time for which application threads were stopped: 0,0000383 seconds, Stopping threads took: 0,0000046 seconds
2017-08-07T12:01:21.197+0200: 10002,800: Total time for which application threads were stopped: 0,0000399 seconds, Stopping threads took: 0,0000057 seconds
2017-08-07T12:01:21.197+0200: 10002,800: Total time for which application threads were stopped: 0,0000655 seconds, Stopping threads took: 0,0000057 seconds
2017-08-07T12:01:21.197+0200: 10002,800: Total time for which application threads were stopped: 0,0000411 seconds, Stopping threads took: 0,0000061 seconds
2017-08-07T12:01:21.197+0200: 10002,801: Total time for which application threads were stopped: 0,0000344 seconds, Stopping threads took: 0,0000049 seconds
2017-08-07T12:01:21.197+0200: 10002,801: Total time for which application threads were stopped: 0,0000482 seconds, Stopping threads took: 0,0000079 seconds
2017-08-07T12:01:21.197+0200: 10002,801: Total time for which application threads were stopped: 0,0000382 seconds, Stopping threads took: 0,0000050 seconds
2017-08-07T12:01:21.197+0200: 10002,801: Total time for which application threads were stopped: 0,0000424 seconds, Stopping threads took: 0,0000058 seconds
2017-08-07T12:01:21.216+0200: 10002,820: Total time for which application threads were stopped: 0,0001234 seconds, Stopping threads took: 0,0000318 seconds
2017-08-07T12:01:21.216+0200: 10002,820: Total time for which application threads were stopped: 0,0000701 seconds, Stopping threads took: 0,0000124 seconds
2017-08-07T12:01:21.217+0200: 10002,820: Total time for which application threads were stopped: 0,0000606 seconds, Stopping threads took: 0,0000182 seconds
2017-08-07T12:01:21.217+0200: 10002,820: Total time for which application threads were stopped: 0,0000447 seconds, Stopping threads took: 0,0000066 seconds
2017-08-07T12:01:21.217+0200: 10002,821: Total time for which application threads were stopped: 0,0000533 seconds, Stopping threads took: 0,0000139 seconds
2017-08-07T12:01:21.218+0200: 10002,822: Total time for which application threads were stopped: 0,0001046 seconds, Stopping threads took: 0,0000278 seconds
2017-08-07T12:01:21.218+0200: 10002,822: Total time for which application threads were stopped: 0,0000627 seconds, Stopping threads took: 0,0000189 seconds
2017-08-07T12:01:21.218+0200: 10002,822: Total time for which application threads were stopped: 0,0000551 seconds, Stopping threads took: 0,0000147 seconds
2017-08-07T12:01:21.218+0200: 10002,822: Total time for which application threads were stopped: 0,0000439 seconds, Stopping threads took: 0,0000056 seconds
2017-08-07T12:01:21.219+0200: 10002,822: Total time for which application threads were stopped: 0,0000443 seconds, Stopping threads took: 0,0000059 seconds
2017-08-07T12:01:21.219+0200: 10002,822: Total time for which application threads were stopped: 0,0000403 seconds, Stopping threads took: 0,0000059 seconds
2017-08-07T12:01:21.219+0200: 10002,822: Total time for which application threads were stopped: 0,0000393 seconds, Stopping threads took: 0,0000050 seconds
2017-08-07T12:01:21.222+0200: 10002,826: Total time for which application threads were stopped: 0,0001116 seconds, Stopping threads took: 0,0000355 seconds
2017-08-07T12:01:21.229+0200: 10002,833: Total time for which application threads were stopped: 0,0001321 seconds, Stopping threads took: 0,0000434 seconds
2017-08-07T12:01:21.230+0200: 10002,834: Total time for which application threads were stopped: 0,0001068 seconds, Stopping threads took: 0,0000341 seconds
2017-08-07T12:01:21.237+0200: 10002,841: Total time for which application threads were stopped: 0,0001113 seconds, Stopping threads took: 0,0000348 seconds
2017-08-07T12:01:21.237+0200: 10002,841: Total time for which application threads were stopped: 0,0000662 seconds, Stopping threads took: 0,0000190 seconds
2017-08-07T12:01:21.237+0200: 10002,841: Total time for which application threads were stopped: 0,0000548 seconds, Stopping threads took: 0,0000143 seconds
2017-08-07T12:01:21.237+0200: 10002,841: Total time for which application threads were stopped: 0,0000514 seconds, Stopping threads took: 0,0000138 seconds
2017-08-07T12:01:21.245+0200: 10002,849: Total time for which application threads were stopped: 0,0001079 seconds, Stopping threads took: 0,0000305 seconds
2017-08-07T12:01:21.245+0200: 10002,849: Total time for which application threads were stopped: 0,0000683 seconds, Stopping threads took: 0,0000189 seconds
2017-08-07T12:01:21.246+0200: 10002,849: Total time for which application threads were stopped: 0,0000616 seconds, Stopping threads took: 0,0000172 seconds
2017-08-07T12:01:21.246+0200: 10002,850: Total time for which application threads were stopped: 0,0000544 seconds, Stopping threads took: 0,0000150 seconds
2017-08-07T12:01:21.246+0200: 10002,850: Total time for which application threads were stopped: 0,0000568 seconds, Stopping threads took: 0,0000151 seconds
2017-08-07T12:01:21.246+0200: 10002,850: Total time for which application threads were stopped: 0,0000470 seconds, Stopping threads took: 0,0000133 seconds
2017-08-07T12:01:21.247+0200: 10002,851: Total time for which application threads were stopped: 0,0000950 seconds, Stopping threads took: 0,0000294 seconds
2017-08-07T12:01:21.252+0200: 10002,856: Total time for which application threads were stopped: 0,0001277 seconds, Stopping threads took: 0,0000322 seconds
2017-08-07T12:01:21.252+0200: 10002,856: Total time for which application threads were stopped: 0,0000604 seconds, Stopping threads took: 0,0000100 seconds
2017-08-07T12:01:21.252+0200: 10002,856: Total time for which application threads were stopped: 0,0000610 seconds, Stopping threads took: 0,0000166 seconds
2017-08-07T12:01:21.252+0200: 10002,856: Total time for which application threads were stopped: 0,0000508 seconds, Stopping threads took: 0,0000142 seconds
2017-08-07T12:01:21.253+0200: 10002,857: Total time for which application threads were stopped: 0,0001030 seconds, Stopping threads took: 0,0000332 seconds
2017-08-07T12:01:21.254+0200: 10002,857: Total time for which application threads were stopped: 0,0000675 seconds, Stopping threads took: 0,0000198 seconds
2017-08-07T12:01:21.254+0200: 10002,858: Total time for which application threads were stopped: 0,0000529 seconds, Stopping threads took: 0,0000132 seconds
2017-08-07T12:01:21.254+0200: 10002,858: Total time for which application threads were stopped: 0,0001724 seconds, Stopping threads took: 0,0000133 seconds
2017-08-07T12:01:21.254+0200: 10002,858: Total time for which application threads were stopped: 0,0000545 seconds, Stopping threads took: 0,0000154 seconds
2017-08-07T12:01:21.254+0200: 10002,858: Total time for which application threads were stopped: 0,0000448 seconds, Stopping threads took: 0,0000122 seconds
2017-08-07T12:01:21.254+0200: 10002,858: Total time for which application threads were stopped: 0,0000426 seconds, Stopping threads took: 0,0000115 seconds
2017-08-07T12:01:21.254+0200: 10002,858: Total time for which application threads were stopped: 0,0000414 seconds, Stopping threads took: 0,0000114 seconds
2017-08-07T12:01:21.254+0200: 10002,858: Total time for which application threads were stopped: 0,0000408 seconds, Stopping threads took: 0,0000115 seconds
2017-08-07T12:01:21.255+0200: 10002,858: Total time for which application threads were stopped: 0,0000405 seconds, Stopping threads took: 0,0000120 seconds
2017-08-07T12:01:21.255+0200: 10002,858: Total time for which application threads were stopped: 0,0000408 seconds, Stopping threads took: 0,0000113 seconds
2017-08-07T12:01:21.255+0200: 10002,859: Total time for which application threads were stopped: 0,0001447 seconds, Stopping threads took: 0,0000113 seconds
2017-08-07T12:01:21.267+0200: 10002,871: Total time for which application threads were stopped: 0,0001628 seconds, Stopping threads took: 0,0000496 seconds
2017-08-07T12:01:21.274+0200: 10002,878: Total time for which application threads were stopped: 0,0001038 seconds, Stopping threads took: 0,0000344 seconds
2017-08-07T12:01:21.274+0200: 10002,878: Total time for which application threads were stopped: 0,0000878 seconds, Stopping threads took: 0,0000191 seconds
Heap
 par new generation   total 109248K, used 33873K [0x00000000e0000000, 0x00000000e8000000, 0x00000000e8000000)
  eden space 87424K,  22% used [0x00000000e0000000, 0x00000000e1351ea0, 0x00000000e5560000)
  from space 21824K,  64% used [0x00000000e5560000, 0x00000000e6322600, 0x00000000e6ab0000)
  to   space 21824K,   0% used [0x00000000e6ab0000, 0x00000000e6ab0000, 0x00000000e8000000)
 concurrent mark-sweep generation total 393216K, used 6902K [0x00000000e8000000, 0x0000000100000000, 0x0000000100000000)
 Metaspace       used 28166K, capacity 28718K, committed 28796K, reserved 1075200K
  class space    used 3225K, capacity 3422K, committed 3452K, reserved 1048576K
