OpenJDK 64-Bit Server VM (25.131-b11) for linux-amd64 JRE (1.8.0_131-8u131-b11-0ubuntu1.16.04.2-b11), built on May  6 2017 02:45:27 by "buildd" with gcc 5.4.0 20160609
Memory: 4k page, physical 7867740k(7426788k free), swap 8076284k(8076284k free)
CommandLine flags: -XX:CMSInitiatingOccupancyFraction=50 -XX:CMSMaxAbortablePrecleanTime=6000 -XX:+CMSParallelRemarkEnabled -XX:+CMSScavengeBeforeRemark -XX:ConcGCThreads=4 -XX:InitialHeapSize=536870912 -XX:MaxHeapSize=536870912 -XX:MaxTenuringThreshold=8 -XX:NewRatio=3 -XX:OldPLABSize=16 -XX:OnOutOfMemoryError=/opt/solr/bin/oom_solr.sh 8983 /var/solr/logs -XX:ParallelGCThreads=4 -XX:+ParallelRefProcEnabled -XX:PretenureSizeThreshold=67108864 -XX:+PrintGC -XX:+PrintGCApplicationStoppedTime -XX:+PrintGCDateStamps -XX:+PrintGCDetails -XX:+PrintGCTimeStamps -XX:+PrintHeapAtGC -XX:+PrintTenuringDistribution -XX:SurvivorRatio=4 -XX:TargetSurvivorRatio=90 -XX:ThreadStackSize=256 -XX:+UseCMSInitiatingOccupancyOnly -XX:+UseCompressedClassPointers -XX:+UseCompressedOops -XX:+UseConcMarkSweepGC -XX:+UseParNewGC 
2017-07-24T07:44:26.734+0200: 0,148: Total time for which application threads were stopped: 0,0000604 seconds, Stopping threads took: 0,0000089 seconds
2017-07-24T07:44:26.825+0200: 0,240: Total time for which application threads were stopped: 0,0001008 seconds, Stopping threads took: 0,0000139 seconds
2017-07-24T07:44:26.847+0200: 0,262: Total time for which application threads were stopped: 0,0001125 seconds, Stopping threads took: 0,0000189 seconds
2017-07-24T07:44:27.062+0200: 0,476: Total time for which application threads were stopped: 0,0001666 seconds, Stopping threads took: 0,0000183 seconds
2017-07-24T07:44:27.539+0200: 0,953: Total time for which application threads were stopped: 0,0001699 seconds, Stopping threads took: 0,0000248 seconds
2017-07-24T07:44:27.694+0200: 1,108: Total time for which application threads were stopped: 0,0001771 seconds, Stopping threads took: 0,0000157 seconds
2017-07-24T07:44:27.743+0200: 1,158: Total time for which application threads were stopped: 0,0001833 seconds, Stopping threads took: 0,0000159 seconds
2017-07-24T07:44:28.027+0200: 1,442: Total time for which application threads were stopped: 0,0001788 seconds, Stopping threads took: 0,0000158 seconds
2017-07-24T07:44:28.261+0200: 1,676: Total time for which application threads were stopped: 0,0002079 seconds, Stopping threads took: 0,0000257 seconds
2017-07-24T07:44:28.288+0200: 1,703: Total time for which application threads were stopped: 0,0007560 seconds, Stopping threads took: 0,0001578 seconds
2017-07-24T07:44:28.325+0200: 1,740: Total time for which application threads were stopped: 0,0005105 seconds, Stopping threads took: 0,0001239 seconds
2017-07-24T07:44:28.328+0200: 1,743: Total time for which application threads were stopped: 0,0001790 seconds, Stopping threads took: 0,0000181 seconds
2017-07-24T07:44:28.346+0200: 1,761: Total time for which application threads were stopped: 0,0001682 seconds, Stopping threads took: 0,0000150 seconds
2017-07-24T07:44:28.439+0200: 1,854: Total time for which application threads were stopped: 0,0003304 seconds, Stopping threads took: 0,0000279 seconds
2017-07-24T07:44:28.612+0200: 2,026: Total time for which application threads were stopped: 0,0003686 seconds, Stopping threads took: 0,0001439 seconds
2017-07-24T07:44:28.636+0200: 2,051: Total time for which application threads were stopped: 0,0002560 seconds, Stopping threads took: 0,0000271 seconds
{Heap before GC invocations=0 (full 0):
 par new generation   total 109248K, used 87424K [0x00000000e0000000, 0x00000000e8000000, 0x00000000e8000000)
  eden space 87424K, 100% used [0x00000000e0000000, 0x00000000e5560000, 0x00000000e5560000)
  from space 21824K,   0% used [0x00000000e5560000, 0x00000000e5560000, 0x00000000e6ab0000)
  to   space 21824K,   0% used [0x00000000e6ab0000, 0x00000000e6ab0000, 0x00000000e8000000)
 concurrent mark-sweep generation total 393216K, used 0K [0x00000000e8000000, 0x0000000100000000, 0x0000000100000000)
 Metaspace       used 18030K, capacity 18336K, committed 18688K, reserved 1064960K
  class space    used 2035K, capacity 2196K, committed 2304K, reserved 1048576K
2017-07-24T07:44:28.701+0200: 2,116: [GC (Allocation Failure) 2017-07-24T07:44:28.701+0200: 2,116: [ParNew
Desired survivor size 20112992 bytes, new threshold 8 (max 8)
- age   1:   12606000 bytes,   12606000 total
: 87424K->12426K(109248K), 0,0173432 secs] 87424K->12426K(502464K), 0,0173961 secs] [Times: user=0,05 sys=0,02, real=0,02 secs] 
Heap after GC invocations=1 (full 0):
 par new generation   total 109248K, used 12426K [0x00000000e0000000, 0x00000000e8000000, 0x00000000e8000000)
  eden space 87424K,   0% used [0x00000000e0000000, 0x00000000e0000000, 0x00000000e5560000)
  from space 21824K,  56% used [0x00000000e6ab0000, 0x00000000e76d2870, 0x00000000e8000000)
  to   space 21824K,   0% used [0x00000000e5560000, 0x00000000e5560000, 0x00000000e6ab0000)
 concurrent mark-sweep generation total 393216K, used 0K [0x00000000e8000000, 0x0000000100000000, 0x0000000100000000)
 Metaspace       used 18030K, capacity 18336K, committed 18688K, reserved 1064960K
  class space    used 2035K, capacity 2196K, committed 2304K, reserved 1048576K
}
2017-07-24T07:44:28.719+0200: 2,134: Total time for which application threads were stopped: 0,0176348 seconds, Stopping threads took: 0,0000634 seconds
2017-07-24T07:44:29.030+0200: 2,445: Total time for which application threads were stopped: 0,0005794 seconds, Stopping threads took: 0,0002876 seconds
2017-07-24T07:44:29.070+0200: 2,485: Total time for which application threads were stopped: 0,0005751 seconds, Stopping threads took: 0,0002524 seconds
{Heap before GC invocations=1 (full 0):
 par new generation   total 109248K, used 99850K [0x00000000e0000000, 0x00000000e8000000, 0x00000000e8000000)
  eden space 87424K, 100% used [0x00000000e0000000, 0x00000000e5560000, 0x00000000e5560000)
  from space 21824K,  56% used [0x00000000e6ab0000, 0x00000000e76d2870, 0x00000000e8000000)
  to   space 21824K,   0% used [0x00000000e5560000, 0x00000000e5560000, 0x00000000e6ab0000)
 concurrent mark-sweep generation total 393216K, used 0K [0x00000000e8000000, 0x0000000100000000, 0x0000000100000000)
 Metaspace       used 20073K, capacity 20426K, committed 20736K, reserved 1067008K
  class space    used 2296K, capacity 2469K, committed 2560K, reserved 1048576K
2017-07-24T07:44:29.077+0200: 2,491: [GC (Allocation Failure) 2017-07-24T07:44:29.077+0200: 2,491: [ParNew
Desired survivor size 20112992 bytes, new threshold 8 (max 8)
- age   1:    3545784 bytes,    3545784 total
- age   2:    6658992 bytes,   10204776 total
: 99850K->13727K(109248K), 0,0114164 secs] 99850K->13727K(502464K), 0,0114837 secs] [Times: user=0,05 sys=0,00, real=0,01 secs] 
Heap after GC invocations=2 (full 0):
 par new generation   total 109248K, used 13727K [0x00000000e0000000, 0x00000000e8000000, 0x00000000e8000000)
  eden space 87424K,   0% used [0x00000000e0000000, 0x00000000e0000000, 0x00000000e5560000)
  from space 21824K,  62% used [0x00000000e5560000, 0x00000000e62c7e68, 0x00000000e6ab0000)
  to   space 21824K,   0% used [0x00000000e6ab0000, 0x00000000e6ab0000, 0x00000000e8000000)
 concurrent mark-sweep generation total 393216K, used 0K [0x00000000e8000000, 0x0000000100000000, 0x0000000100000000)
 Metaspace       used 20073K, capacity 20426K, committed 20736K, reserved 1067008K
  class space    used 2296K, capacity 2469K, committed 2560K, reserved 1048576K
}
2017-07-24T07:44:29.088+0200: 2,503: Total time for which application threads were stopped: 0,0116392 seconds, Stopping threads took: 0,0000364 seconds
2017-07-24T07:44:29.135+0200: 2,549: Total time for which application threads were stopped: 0,0003545 seconds, Stopping threads took: 0,0000613 seconds
2017-07-24T07:44:29.260+0200: 2,675: Total time for which application threads were stopped: 0,0001989 seconds, Stopping threads took: 0,0000465 seconds
{Heap before GC invocations=2 (full 0):
 par new generation   total 109248K, used 101151K [0x00000000e0000000, 0x00000000e8000000, 0x00000000e8000000)
  eden space 87424K, 100% used [0x00000000e0000000, 0x00000000e5560000, 0x00000000e5560000)
  from space 21824K,  62% used [0x00000000e5560000, 0x00000000e62c7e68, 0x00000000e6ab0000)
  to   space 21824K,   0% used [0x00000000e6ab0000, 0x00000000e6ab0000, 0x00000000e8000000)
 concurrent mark-sweep generation total 393216K, used 0K [0x00000000e8000000, 0x0000000100000000, 0x0000000100000000)
 Metaspace       used 20966K, capacity 21284K, committed 21628K, reserved 1069056K
  class space    used 2416K, capacity 2588K, committed 2684K, reserved 1048576K
2017-07-24T07:44:29.309+0200: 2,724: [GC (Allocation Failure) 2017-07-24T07:44:29.309+0200: 2,724: [ParNew
Desired survivor size 20112992 bytes, new threshold 8 (max 8)
- age   1:    2171624 bytes,    2171624 total
- age   2:     859520 bytes,    3031144 total
- age   3:    6655144 bytes,    9686288 total
: 101151K->12820K(109248K), 0,0095964 secs] 101151K->12820K(502464K), 0,0096727 secs] [Times: user=0,04 sys=0,00, real=0,01 secs] 
Heap after GC invocations=3 (full 0):
 par new generation   total 109248K, used 12820K [0x00000000e0000000, 0x00000000e8000000, 0x00000000e8000000)
  eden space 87424K,   0% used [0x00000000e0000000, 0x00000000e0000000, 0x00000000e5560000)
  from space 21824K,  58% used [0x00000000e6ab0000, 0x00000000e7735320, 0x00000000e8000000)
  to   space 21824K,   0% used [0x00000000e5560000, 0x00000000e5560000, 0x00000000e6ab0000)
 concurrent mark-sweep generation total 393216K, used 0K [0x00000000e8000000, 0x0000000100000000, 0x0000000100000000)
 Metaspace       used 20966K, capacity 21284K, committed 21628K, reserved 1069056K
  class space    used 2416K, capacity 2588K, committed 2684K, reserved 1048576K
}
2017-07-24T07:44:29.319+0200: 2,733: Total time for which application threads were stopped: 0,0098445 seconds, Stopping threads took: 0,0000339 seconds
2017-07-24T07:44:29.319+0200: 2,734: [GC (CMS Initial Mark) [1 CMS-initial-mark: 0K(393216K)] 14275K(502464K), 0,0052337 secs] [Times: user=0,01 sys=0,01, real=0,01 secs] 
2017-07-24T07:44:29.324+0200: 2,739: Total time for which application threads were stopped: 0,0053835 seconds, Stopping threads took: 0,0000476 seconds
2017-07-24T07:44:29.324+0200: 2,739: [CMS-concurrent-mark-start]
2017-07-24T07:44:29.330+0200: 2,744: [CMS-concurrent-mark: 0,005/0,005 secs] [Times: user=0,02 sys=0,00, real=0,01 secs] 
2017-07-24T07:44:29.330+0200: 2,744: [CMS-concurrent-preclean-start]
2017-07-24T07:44:29.331+0200: 2,746: [CMS-concurrent-preclean: 0,001/0,001 secs] [Times: user=0,00 sys=0,00, real=0,00 secs] 
2017-07-24T07:44:29.331+0200: 2,746: [CMS-concurrent-abortable-preclean-start]
2017-07-24T07:44:29.426+0200: 2,841: Total time for which application threads were stopped: 0,0001487 seconds, Stopping threads took: 0,0000491 seconds
2017-07-24T07:44:29.426+0200: 2,841: Total time for which application threads were stopped: 0,0001300 seconds, Stopping threads took: 0,0000541 seconds
{Heap before GC invocations=3 (full 1):
 par new generation   total 109248K, used 100244K [0x00000000e0000000, 0x00000000e8000000, 0x00000000e8000000)
  eden space 87424K, 100% used [0x00000000e0000000, 0x00000000e5560000, 0x00000000e5560000)
  from space 21824K,  58% used [0x00000000e6ab0000, 0x00000000e7735320, 0x00000000e8000000)
  to   space 21824K,   0% used [0x00000000e5560000, 0x00000000e5560000, 0x00000000e6ab0000)
 concurrent mark-sweep generation total 393216K, used 0K [0x00000000e8000000, 0x0000000100000000, 0x0000000100000000)
 Metaspace       used 21236K, capacity 21615K, committed 21884K, reserved 1069056K
  class space    used 2447K, capacity 2603K, committed 2684K, reserved 1048576K
2017-07-24T07:44:29.433+0200: 2,847: [GC (Allocation Failure) 2017-07-24T07:44:29.433+0200: 2,847: [ParNew
Desired survivor size 20112992 bytes, new threshold 8 (max 8)
- age   1:     988480 bytes,     988480 total
- age   2:    1454328 bytes,    2442808 total
- age   3:     828016 bytes,    3270824 total
- age   4:    6655128 bytes,    9925952 total
: 100244K->12429K(109248K), 0,0124795 secs] 100244K->12429K(502464K), 0,0125497 secs] [Times: user=0,04 sys=0,00, real=0,01 secs] 
Heap after GC invocations=4 (full 1):
 par new generation   total 109248K, used 12429K [0x00000000e0000000, 0x00000000e8000000, 0x00000000e8000000)
  eden space 87424K,   0% used [0x00000000e0000000, 0x00000000e0000000, 0x00000000e5560000)
  from space 21824K,  56% used [0x00000000e5560000, 0x00000000e6183580, 0x00000000e6ab0000)
  to   space 21824K,   0% used [0x00000000e6ab0000, 0x00000000e6ab0000, 0x00000000e8000000)
 concurrent mark-sweep generation total 393216K, used 0K [0x00000000e8000000, 0x0000000100000000, 0x0000000100000000)
 Metaspace       used 21236K, capacity 21615K, committed 21884K, reserved 1069056K
  class space    used 2447K, capacity 2603K, committed 2684K, reserved 1048576K
}
2017-07-24T07:44:29.445+0200: 2,860: Total time for which application threads were stopped: 0,0144852 seconds, Stopping threads took: 0,0018058 seconds
{Heap before GC invocations=4 (full 1):
 par new generation   total 109248K, used 99853K [0x00000000e0000000, 0x00000000e8000000, 0x00000000e8000000)
  eden space 87424K, 100% used [0x00000000e0000000, 0x00000000e5560000, 0x00000000e5560000)
  from space 21824K,  56% used [0x00000000e5560000, 0x00000000e6183580, 0x00000000e6ab0000)
  to   space 21824K,   0% used [0x00000000e6ab0000, 0x00000000e6ab0000, 0x00000000e8000000)
 concurrent mark-sweep generation total 393216K, used 0K [0x00000000e8000000, 0x0000000100000000, 0x0000000100000000)
 Metaspace       used 21414K, capacity 21787K, committed 21884K, reserved 1069056K
  class space    used 2466K, capacity 2637K, committed 2684K, reserved 1048576K
2017-07-24T07:44:29.538+0200: 2,953: [GC (Allocation Failure) 2017-07-24T07:44:29.538+0200: 2,953: [ParNew2017-07-24T07:44:29.547+0200: 2,961: [CMS-concurrent-abortable-preclean: 0,096/0,216 secs] [Times: user=0,81 sys=0,00, real=0,21 secs] 

Desired survivor size 20112992 bytes, new threshold 8 (max 8)
- age   1:     905896 bytes,     905896 total
- age   2:     188408 bytes,    1094304 total
- age   3:    1448648 bytes,    2542952 total
- age   4:     824096 bytes,    3367048 total
- age   5:    6655192 bytes,   10022240 total
: 99853K->14897K(109248K), 0,0103874 secs] 99853K->14897K(502464K), 0,0104462 secs] [Times: user=0,04 sys=0,00, real=0,01 secs] 
Heap after GC invocations=5 (full 1):
 par new generation   total 109248K, used 14897K [0x00000000e0000000, 0x00000000e8000000, 0x00000000e8000000)
  eden space 87424K,   0% used [0x00000000e0000000, 0x00000000e0000000, 0x00000000e5560000)
  from space 21824K,  68% used [0x00000000e6ab0000, 0x00000000e793c658, 0x00000000e8000000)
  to   space 21824K,   0% used [0x00000000e5560000, 0x00000000e5560000, 0x00000000e6ab0000)
 concurrent mark-sweep generation total 393216K, used 0K [0x00000000e8000000, 0x0000000100000000, 0x0000000100000000)
 Metaspace       used 21414K, capacity 21787K, committed 21884K, reserved 1069056K
  class space    used 2466K, capacity 2637K, committed 2684K, reserved 1048576K
}
2017-07-24T07:44:29.548+0200: 2,963: Total time for which application threads were stopped: 0,0144151 seconds, Stopping threads took: 0,0038197 seconds
2017-07-24T07:44:29.549+0200: 2,963: [GC (CMS Final Remark) [YG occupancy: 14913 K (109248 K)]{Heap before GC invocations=5 (full 1):
 par new generation   total 109248K, used 14913K [0x00000000e0000000, 0x00000000e8000000, 0x00000000e8000000)
  eden space 87424K,   0% used [0x00000000e0000000, 0x00000000e0004010, 0x00000000e5560000)
  from space 21824K,  68% used [0x00000000e6ab0000, 0x00000000e793c658, 0x00000000e8000000)
  to   space 21824K,   0% used [0x00000000e5560000, 0x00000000e5560000, 0x00000000e6ab0000)
 concurrent mark-sweep generation total 393216K, used 0K [0x00000000e8000000, 0x0000000100000000, 0x0000000100000000)
 Metaspace       used 21414K, capacity 21787K, committed 21884K, reserved 1069056K
  class space    used 2466K, capacity 2637K, committed 2684K, reserved 1048576K
2017-07-24T07:44:29.549+0200: 2,963: [GC (CMS Final Remark) 2017-07-24T07:44:29.549+0200: 2,963: [ParNew
Desired survivor size 20112992 bytes, new threshold 8 (max 8)
- age   1:      16400 bytes,      16400 total
- age   2:     775088 bytes,     791488 total
- age   3:     188408 bytes,     979896 total
- age   4:    1448440 bytes,    2428336 total
- age   5:     824096 bytes,    3252432 total
- age   6:    6655232 bytes,    9907664 total
: 14913K->12581K(109248K), 0,0091212 secs] 14913K->12581K(502464K), 0,0091694 secs] [Times: user=0,03 sys=0,00, real=0,01 secs] 
Heap after GC invocations=6 (full 1):
 par new generation   total 109248K, used 12581K [0x00000000e0000000, 0x00000000e8000000, 0x00000000e8000000)
  eden space 87424K,   0% used [0x00000000e0000000, 0x00000000e0000000, 0x00000000e5560000)
  from space 21824K,  57% used [0x00000000e5560000, 0x00000000e61a94a8, 0x00000000e6ab0000)
  to   space 21824K,   0% used [0x00000000e6ab0000, 0x00000000e6ab0000, 0x00000000e8000000)
 concurrent mark-sweep generation total 393216K, used 0K [0x00000000e8000000, 0x0000000100000000, 0x0000000100000000)
 Metaspace       used 21414K, capacity 21787K, committed 21884K, reserved 1069056K
  class space    used 2466K, capacity 2637K, committed 2684K, reserved 1048576K
}
2017-07-24T07:44:29.558+0200: 2,973: [Rescan (parallel) , 0,0033098 secs]2017-07-24T07:44:29.561+0200: 2,976: [weak refs processing, 0,0016965 secs]2017-07-24T07:44:29.563+0200: 2,978: [class unloading, 0,0027951 secs]2017-07-24T07:44:29.566+0200: 2,980: [scrub symbol table, 0,0025712 secs]2017-07-24T07:44:29.568+0200: 2,983: [scrub string table, 0,0003997 secs][1 CMS-remark: 0K(393216K)] 12581K(502464K), 0,0206146 secs] [Times: user=0,05 sys=0,00, real=0,02 secs] 
2017-07-24T07:44:29.569+0200: 2,984: Total time for which application threads were stopped: 0,0207353 seconds, Stopping threads took: 0,0000309 seconds
2017-07-24T07:44:29.575+0200: 2,990: [CMS-concurrent-sweep-start]
2017-07-24T07:44:29.575+0200: 2,990: [CMS-concurrent-sweep: 0,000/0,000 secs] [Times: user=0,01 sys=0,00, real=0,00 secs] 
2017-07-24T07:44:29.575+0200: 2,990: [CMS-concurrent-reset-start]
2017-07-24T07:44:29.577+0200: 2,991: [CMS-concurrent-reset: 0,002/0,002 secs] [Times: user=0,00 sys=0,00, real=0,00 secs] 
2017-07-24T07:44:29.602+0200: 3,017: Total time for which application threads were stopped: 0,0003712 seconds, Stopping threads took: 0,0000310 seconds
2017-07-24T07:44:29.858+0200: 3,273: Total time for which application threads were stopped: 0,0004389 seconds, Stopping threads took: 0,0000234 seconds
2017-07-24T07:44:29.882+0200: 3,297: Total time for which application threads were stopped: 0,0029598 seconds, Stopping threads took: 0,0026112 seconds
{Heap before GC invocations=6 (full 1):
 par new generation   total 109248K, used 100005K [0x00000000e0000000, 0x00000000e8000000, 0x00000000e8000000)
  eden space 87424K, 100% used [0x00000000e0000000, 0x00000000e5560000, 0x00000000e5560000)
  from space 21824K,  57% used [0x00000000e5560000, 0x00000000e61a94a8, 0x00000000e6ab0000)
  to   space 21824K,   0% used [0x00000000e6ab0000, 0x00000000e6ab0000, 0x00000000e8000000)
 concurrent mark-sweep generation total 393216K, used 0K [0x00000000e8000000, 0x0000000100000000, 0x0000000100000000)
 Metaspace       used 23900K, capacity 24381K, committed 24572K, reserved 1071104K
  class space    used 2820K, capacity 3012K, committed 3068K, reserved 1048576K
2017-07-24T07:44:30.041+0200: 3,456: [GC (Allocation Failure) 2017-07-24T07:44:30.041+0200: 3,456: [ParNew
Desired survivor size 20112992 bytes, new threshold 8 (max 8)
- age   1:    5271968 bytes,    5271968 total
- age   3:     128104 bytes,    5400072 total
- age   4:     187272 bytes,    5587344 total
- age   5:     278856 bytes,    5866200 total
- age   6:     799736 bytes,    6665936 total
- age   7:    6646912 bytes,   13312848 total
: 100005K->14315K(109248K), 0,0123253 secs] 100005K->14315K(502464K), 0,0124016 secs] [Times: user=0,04 sys=0,00, real=0,02 secs] 
Heap after GC invocations=7 (full 1):
 par new generation   total 109248K, used 14315K [0x00000000e0000000, 0x00000000e8000000, 0x00000000e8000000)
  eden space 87424K,   0% used [0x00000000e0000000, 0x00000000e0000000, 0x00000000e5560000)
  from space 21824K,  65% used [0x00000000e6ab0000, 0x00000000e78aafa0, 0x00000000e8000000)
  to   space 21824K,   0% used [0x00000000e5560000, 0x00000000e5560000, 0x00000000e6ab0000)
 concurrent mark-sweep generation total 393216K, used 0K [0x00000000e8000000, 0x0000000100000000, 0x0000000100000000)
 Metaspace       used 23900K, capacity 24381K, committed 24572K, reserved 1071104K
  class space    used 2820K, capacity 3012K, committed 3068K, reserved 1048576K
}
2017-07-24T07:44:30.053+0200: 3,468: Total time for which application threads were stopped: 0,0126892 seconds, Stopping threads took: 0,0001027 seconds
{Heap before GC invocations=7 (full 1):
 par new generation   total 109248K, used 101739K [0x00000000e0000000, 0x00000000e8000000, 0x00000000e8000000)
  eden space 87424K, 100% used [0x00000000e0000000, 0x00000000e5560000, 0x00000000e5560000)
  from space 21824K,  65% used [0x00000000e6ab0000, 0x00000000e78aafa0, 0x00000000e8000000)
  to   space 21824K,   0% used [0x00000000e5560000, 0x00000000e5560000, 0x00000000e6ab0000)
 concurrent mark-sweep generation total 393216K, used 0K [0x00000000e8000000, 0x0000000100000000, 0x0000000100000000)
 Metaspace       used 24444K, capacity 24947K, committed 25084K, reserved 1071104K
  class space    used 2863K, capacity 3048K, committed 3068K, reserved 1048576K
2017-07-24T07:44:30.167+0200: 3,582: [GC (Allocation Failure) 2017-07-24T07:44:30.167+0200: 3,582: [ParNew
Desired survivor size 20112992 bytes, new threshold 8 (max 8)
- age   1:    2103424 bytes,    2103424 total
- age   2:    1788376 bytes,    3891800 total
- age   4:      68256 bytes,    3960056 total
- age   5:     109928 bytes,    4069984 total
- age   6:     181864 bytes,    4251848 total
- age   7:     757512 bytes,    5009360 total
- age   8:    6113464 bytes,   11122824 total
: 101739K->19151K(109248K), 0,0110473 secs] 101739K->19151K(502464K), 0,0111307 secs] [Times: user=0,04 sys=0,01, real=0,01 secs] 
Heap after GC invocations=8 (full 1):
 par new generation   total 109248K, used 19151K [0x00000000e0000000, 0x00000000e8000000, 0x00000000e8000000)
  eden space 87424K,   0% used [0x00000000e0000000, 0x00000000e0000000, 0x00000000e5560000)
  from space 21824K,  87% used [0x00000000e5560000, 0x00000000e6813cb8, 0x00000000e6ab0000)
  to   space 21824K,   0% used [0x00000000e6ab0000, 0x00000000e6ab0000, 0x00000000e8000000)
 concurrent mark-sweep generation total 393216K, used 0K [0x00000000e8000000, 0x0000000100000000, 0x0000000100000000)
 Metaspace       used 24444K, capacity 24947K, committed 25084K, reserved 1071104K
  class space    used 2863K, capacity 3048K, committed 3068K, reserved 1048576K
}
2017-07-24T07:44:30.178+0200: 3,593: Total time for which application threads were stopped: 0,0114025 seconds, Stopping threads took: 0,0001001 seconds
{Heap before GC invocations=8 (full 1):
 par new generation   total 109248K, used 106575K [0x00000000e0000000, 0x00000000e8000000, 0x00000000e8000000)
  eden space 87424K, 100% used [0x00000000e0000000, 0x00000000e5560000, 0x00000000e5560000)
  from space 21824K,  87% used [0x00000000e5560000, 0x00000000e6813cb8, 0x00000000e6ab0000)
  to   space 21824K,   0% used [0x00000000e6ab0000, 0x00000000e6ab0000, 0x00000000e8000000)
 concurrent mark-sweep generation total 393216K, used 0K [0x00000000e8000000, 0x0000000100000000, 0x0000000100000000)
 Metaspace       used 24958K, capacity 25373K, committed 25724K, reserved 1071104K
  class space    used 2907K, capacity 3082K, committed 3196K, reserved 1048576K
2017-07-24T07:44:30.287+0200: 3,702: [GC (Allocation Failure) 2017-07-24T07:44:30.287+0200: 3,702: [ParNew
Desired survivor size 20112992 bytes, new threshold 8 (max 8)
- age   1:    1010688 bytes,    1010688 total
- age   2:     620112 bytes,    1630800 total
- age   3:    1765344 bytes,    3396144 total
- age   5:      68192 bytes,    3464336 total
- age   6:     107256 bytes,    3571592 total
- age   7:     178504 bytes,    3750096 total
- age   8:     756040 bytes,    4506136 total
: 106575K->8177K(109248K), 0,0332439 secs] 106575K->14229K(502464K), 0,0333176 secs] [Times: user=0,10 sys=0,00, real=0,03 secs] 
Heap after GC invocations=9 (full 1):
 par new generation   total 109248K, used 8177K [0x00000000e0000000, 0x00000000e8000000, 0x00000000e8000000)
  eden space 87424K,   0% used [0x00000000e0000000, 0x00000000e0000000, 0x00000000e5560000)
  from space 21824K,  37% used [0x00000000e6ab0000, 0x00000000e72ac470, 0x00000000e8000000)
  to   space 21824K,   0% used [0x00000000e5560000, 0x00000000e5560000, 0x00000000e6ab0000)
 concurrent mark-sweep generation total 393216K, used 6052K [0x00000000e8000000, 0x0000000100000000, 0x0000000100000000)
 Metaspace       used 24958K, capacity 25373K, committed 25724K, reserved 1071104K
  class space    used 2907K, capacity 3082K, committed 3196K, reserved 1048576K
}
2017-07-24T07:44:30.321+0200: 3,735: Total time for which application threads were stopped: 0,0389506 seconds, Stopping threads took: 0,0054561 seconds
2017-07-24T07:44:30.634+0200: 4,048: Total time for which application threads were stopped: 0,0004433 seconds, Stopping threads took: 0,0000464 seconds
2017-07-24T07:44:30.635+0200: 4,050: Total time for which application threads were stopped: 0,0004441 seconds, Stopping threads took: 0,0000321 seconds
2017-07-24T07:44:30.636+0200: 4,050: Total time for which application threads were stopped: 0,0001040 seconds, Stopping threads took: 0,0000194 seconds
2017-07-24T07:44:30.637+0200: 4,052: Total time for which application threads were stopped: 0,0001213 seconds, Stopping threads took: 0,0000317 seconds
2017-07-24T07:44:30.643+0200: 4,058: Total time for which application threads were stopped: 0,0001592 seconds, Stopping threads took: 0,0000629 seconds
2017-07-24T07:44:30.648+0200: 4,063: Total time for which application threads were stopped: 0,0001032 seconds, Stopping threads took: 0,0000276 seconds
2017-07-24T07:44:30.649+0200: 4,063: Total time for which application threads were stopped: 0,0003522 seconds, Stopping threads took: 0,0000200 seconds
2017-07-24T07:44:30.650+0200: 4,065: Total time for which application threads were stopped: 0,0000955 seconds, Stopping threads took: 0,0000304 seconds
2017-07-24T07:44:30.652+0200: 4,067: Total time for which application threads were stopped: 0,0000807 seconds, Stopping threads took: 0,0000165 seconds
2017-07-24T07:44:30.653+0200: 4,068: Total time for which application threads were stopped: 0,0000580 seconds, Stopping threads took: 0,0000101 seconds
2017-07-24T07:44:30.655+0200: 4,070: Total time for which application threads were stopped: 0,0000839 seconds, Stopping threads took: 0,0000152 seconds
2017-07-24T07:44:30.656+0200: 4,071: Total time for which application threads were stopped: 0,0001191 seconds, Stopping threads took: 0,0000280 seconds
2017-07-24T07:44:30.659+0200: 4,074: Total time for which application threads were stopped: 0,0001037 seconds, Stopping threads took: 0,0000373 seconds
2017-07-24T07:44:30.695+0200: 4,110: Total time for which application threads were stopped: 0,0004895 seconds, Stopping threads took: 0,0001267 seconds
2017-07-24T07:44:30.700+0200: 4,114: Total time for which application threads were stopped: 0,0001298 seconds, Stopping threads took: 0,0000539 seconds
2017-07-24T07:44:30.702+0200: 4,117: Total time for which application threads were stopped: 0,0000999 seconds, Stopping threads took: 0,0000276 seconds
2017-07-24T07:44:30.706+0200: 4,121: Total time for which application threads were stopped: 0,0001287 seconds, Stopping threads took: 0,0000405 seconds
2017-07-24T07:44:30.714+0200: 4,129: Total time for which application threads were stopped: 0,0001270 seconds, Stopping threads took: 0,0000388 seconds
2017-07-24T07:44:30.715+0200: 4,129: Total time for which application threads were stopped: 0,0001209 seconds, Stopping threads took: 0,0000400 seconds
2017-07-24T07:44:30.718+0200: 4,132: Total time for which application threads were stopped: 0,0026402 seconds, Stopping threads took: 0,0025538 seconds
2017-07-24T07:44:30.718+0200: 4,133: Total time for which application threads were stopped: 0,0001264 seconds, Stopping threads took: 0,0000594 seconds
2017-07-24T07:44:30.720+0200: 4,135: Total time for which application threads were stopped: 0,0001517 seconds, Stopping threads took: 0,0000606 seconds
2017-07-24T07:44:30.720+0200: 4,135: Total time for which application threads were stopped: 0,0000928 seconds, Stopping threads took: 0,0000136 seconds
2017-07-24T07:44:30.721+0200: 4,135: Total time for which application threads were stopped: 0,0000788 seconds, Stopping threads took: 0,0000118 seconds
2017-07-24T07:44:30.721+0200: 4,135: Total time for which application threads were stopped: 0,0000631 seconds, Stopping threads took: 0,0000090 seconds
2017-07-24T07:44:30.721+0200: 4,135: Total time for which application threads were stopped: 0,0001518 seconds, Stopping threads took: 0,0000094 seconds
2017-07-24T07:44:30.722+0200: 4,136: Total time for which application threads were stopped: 0,0007018 seconds, Stopping threads took: 0,0006438 seconds
2017-07-24T07:44:30.722+0200: 4,137: Total time for which application threads were stopped: 0,0000598 seconds, Stopping threads took: 0,0000210 seconds
2017-07-24T07:44:30.726+0200: 4,141: Total time for which application threads were stopped: 0,0000814 seconds, Stopping threads took: 0,0000205 seconds
2017-07-24T07:44:30.726+0200: 4,141: Total time for which application threads were stopped: 0,0000579 seconds, Stopping threads took: 0,0000104 seconds
2017-07-24T07:44:30.726+0200: 4,141: Total time for which application threads were stopped: 0,0000579 seconds, Stopping threads took: 0,0000201 seconds
2017-07-24T07:44:30.726+0200: 4,141: Total time for which application threads were stopped: 0,0000621 seconds, Stopping threads took: 0,0000235 seconds
2017-07-24T07:44:30.726+0200: 4,141: Total time for which application threads were stopped: 0,0000700 seconds, Stopping threads took: 0,0000305 seconds
2017-07-24T07:44:30.727+0200: 4,141: Total time for which application threads were stopped: 0,0000623 seconds, Stopping threads took: 0,0000179 seconds
2017-07-24T07:44:30.727+0200: 4,141: Total time for which application threads were stopped: 0,0000597 seconds, Stopping threads took: 0,0000144 seconds
2017-07-24T07:44:30.727+0200: 4,141: Total time for which application threads were stopped: 0,0000515 seconds, Stopping threads took: 0,0000163 seconds
2017-07-24T07:44:30.727+0200: 4,142: Total time for which application threads were stopped: 0,0000578 seconds, Stopping threads took: 0,0000116 seconds
2017-07-24T07:44:30.727+0200: 4,142: Total time for which application threads were stopped: 0,0000455 seconds, Stopping threads took: 0,0000083 seconds
2017-07-24T07:44:30.727+0200: 4,142: Total time for which application threads were stopped: 0,0000663 seconds, Stopping threads took: 0,0000180 seconds
2017-07-24T07:44:30.727+0200: 4,142: Total time for which application threads were stopped: 0,0000564 seconds, Stopping threads took: 0,0000158 seconds
2017-07-24T07:44:30.727+0200: 4,142: Total time for which application threads were stopped: 0,0000509 seconds, Stopping threads took: 0,0000167 seconds
2017-07-24T07:44:30.728+0200: 4,142: Total time for which application threads were stopped: 0,0000739 seconds, Stopping threads took: 0,0000260 seconds
2017-07-24T07:44:30.728+0200: 4,142: Total time for which application threads were stopped: 0,0000713 seconds, Stopping threads took: 0,0000300 seconds
2017-07-24T07:44:30.728+0200: 4,143: Total time for which application threads were stopped: 0,0000711 seconds, Stopping threads took: 0,0000212 seconds
2017-07-24T07:44:30.728+0200: 4,143: Total time for which application threads were stopped: 0,0000593 seconds, Stopping threads took: 0,0000246 seconds
2017-07-24T07:44:30.728+0200: 4,143: Total time for which application threads were stopped: 0,0001552 seconds, Stopping threads took: 0,0000186 seconds
2017-07-24T07:44:30.733+0200: 4,148: Total time for which application threads were stopped: 0,0001313 seconds, Stopping threads took: 0,0000641 seconds
2017-07-24T07:44:30.736+0200: 4,151: Total time for which application threads were stopped: 0,0001424 seconds, Stopping threads took: 0,0000447 seconds
2017-07-24T07:44:30.740+0200: 4,155: Total time for which application threads were stopped: 0,0001934 seconds, Stopping threads took: 0,0000465 seconds
2017-07-24T07:44:30.752+0200: 4,167: Total time for which application threads were stopped: 0,0000959 seconds, Stopping threads took: 0,0000238 seconds
2017-07-24T07:44:30.774+0200: 4,189: Total time for which application threads were stopped: 0,0001181 seconds, Stopping threads took: 0,0000312 seconds
2017-07-24T07:44:30.777+0200: 4,191: Total time for which application threads were stopped: 0,0001106 seconds, Stopping threads took: 0,0000425 seconds
2017-07-24T07:44:30.808+0200: 4,223: Total time for which application threads were stopped: 0,0006100 seconds, Stopping threads took: 0,0000488 seconds
2017-07-24T07:44:31.808+0200: 5,223: Total time for which application threads were stopped: 0,0000770 seconds, Stopping threads took: 0,0000164 seconds
2017-07-24T07:44:32.808+0200: 6,223: Total time for which application threads were stopped: 0,0000744 seconds, Stopping threads took: 0,0000175 seconds
2017-07-24T07:44:47.811+0200: 21,225: Total time for which application threads were stopped: 0,0000806 seconds, Stopping threads took: 0,0000177 seconds
2017-07-24T07:44:58.004+0200: 32,226: Total time for which application threads were stopped: 0,0000631 seconds, Stopping threads took: 0,0000160 seconds
2017-07-24T07:45:48.010+0200: 82,233: Total time for which application threads were stopped: 0,0000637 seconds, Stopping threads took: 0,0000177 seconds
2017-07-24T07:46:23.014+0200: 117,237: Total time for which application threads were stopped: 0,0001368 seconds, Stopping threads took: 0,0000520 seconds
2017-07-24T07:46:28.015+0200: 122,237: Total time for which application threads were stopped: 0,0000733 seconds, Stopping threads took: 0,0000194 seconds
{Heap before GC invocations=9 (full 1):
 par new generation   total 109248K, used 95601K [0x00000000e0000000, 0x00000000e8000000, 0x00000000e8000000)
  eden space 87424K, 100% used [0x00000000e0000000, 0x00000000e5560000, 0x00000000e5560000)
  from space 21824K,  37% used [0x00000000e6ab0000, 0x00000000e72ac470, 0x00000000e8000000)
  to   space 21824K,   0% used [0x00000000e5560000, 0x00000000e5560000, 0x00000000e6ab0000)
 concurrent mark-sweep generation total 393216K, used 6052K [0x00000000e8000000, 0x0000000100000000, 0x0000000100000000)
 Metaspace       used 28010K, capacity 28541K, committed 28796K, reserved 1075200K
  class space    used 3211K, capacity 3388K, committed 3452K, reserved 1048576K
2017-07-24T07:47:21.767+0200: 175,989: [GC (Allocation Failure) 2017-07-24T07:47:21.767+0200: 175,989: [ParNew
Desired survivor size 20112992 bytes, new threshold 8 (max 8)
- age   1:   10650336 bytes,   10650336 total
- age   2:     345144 bytes,   10995480 total
- age   3:     230024 bytes,   11225504 total
- age   4:    1760592 bytes,   12986096 total
- age   6:      68192 bytes,   13054288 total
- age   7:     107128 bytes,   13161416 total
- age   8:     178408 bytes,   13339824 total
: 95601K->14430K(109248K), 0,0164252 secs] 101653K->21307K(502464K), 0,0165001 secs] [Times: user=0,04 sys=0,00, real=0,02 secs] 
Heap after GC invocations=10 (full 1):
 par new generation   total 109248K, used 14430K [0x00000000e0000000, 0x00000000e8000000, 0x00000000e8000000)
  eden space 87424K,   0% used [0x00000000e0000000, 0x00000000e0000000, 0x00000000e5560000)
  from space 21824K,  66% used [0x00000000e5560000, 0x00000000e6377b20, 0x00000000e6ab0000)
  to   space 21824K,   0% used [0x00000000e6ab0000, 0x00000000e6ab0000, 0x00000000e8000000)
 concurrent mark-sweep generation total 393216K, used 6876K [0x00000000e8000000, 0x0000000100000000, 0x0000000100000000)
 Metaspace       used 28010K, capacity 28541K, committed 28796K, reserved 1075200K
  class space    used 3211K, capacity 3388K, committed 3452K, reserved 1048576K
}
2017-07-24T07:47:21.783+0200: 176,006: Total time for which application threads were stopped: 0,0166647 seconds, Stopping threads took: 0,0000385 seconds
2017-07-24T07:47:21.785+0200: 176,007: Total time for which application threads were stopped: 0,0003668 seconds, Stopping threads took: 0,0001613 seconds
2017-07-24T07:47:21.785+0200: 176,007: Total time for which application threads were stopped: 0,0001792 seconds, Stopping threads took: 0,0000763 seconds
2017-07-24T07:49:02.798+0200: 277,021: Total time for which application threads were stopped: 0,0000821 seconds, Stopping threads took: 0,0000323 seconds
2017-07-24T08:07:51.924+0200: 1406,146: Total time for which application threads were stopped: 0,0001055 seconds, Stopping threads took: 0,0000345 seconds
2017-07-24T08:11:11.945+0200: 1606,167: Total time for which application threads were stopped: 0,0003244 seconds, Stopping threads took: 0,0001386 seconds
2017-07-24T08:11:16.945+0200: 1611,168: Total time for which application threads were stopped: 0,0000715 seconds, Stopping threads took: 0,0000168 seconds
2017-07-24T08:22:43.018+0200: 2297,240: Total time for which application threads were stopped: 0,0000927 seconds, Stopping threads took: 0,0000354 seconds
2017-07-24T08:22:47.018+0200: 2301,240: Total time for which application threads were stopped: 0,0000638 seconds, Stopping threads took: 0,0000152 seconds
2017-07-24T08:37:43.107+0200: 3197,329: Total time for which application threads were stopped: 0,0001120 seconds, Stopping threads took: 0,0000435 seconds
2017-07-24T08:41:38.504+0200: 3432,727: Total time for which application threads were stopped: 0,0193685 seconds, Stopping threads took: 0,0192904 seconds
2017-07-24T08:41:38.505+0200: 3432,727: Total time for which application threads were stopped: 0,0000827 seconds, Stopping threads took: 0,0000264 seconds
2017-07-24T08:41:38.537+0200: 3432,759: Total time for which application threads were stopped: 0,0013615 seconds, Stopping threads took: 0,0012527 seconds
2017-07-24T08:41:38.548+0200: 3432,770: Total time for which application threads were stopped: 0,0000849 seconds, Stopping threads took: 0,0000216 seconds
2017-07-24T08:41:38.548+0200: 3432,771: Total time for which application threads were stopped: 0,0000467 seconds, Stopping threads took: 0,0000138 seconds
2017-07-24T08:41:38.551+0200: 3432,773: Total time for which application threads were stopped: 0,0015486 seconds, Stopping threads took: 0,0014488 seconds
2017-07-24T08:41:38.551+0200: 3432,774: Total time for which application threads were stopped: 0,0000731 seconds, Stopping threads took: 0,0000251 seconds
2017-07-24T08:41:38.552+0200: 3432,774: Total time for which application threads were stopped: 0,0000745 seconds, Stopping threads took: 0,0000349 seconds
2017-07-24T08:41:38.552+0200: 3432,774: Total time for which application threads were stopped: 0,0000539 seconds, Stopping threads took: 0,0000143 seconds
2017-07-24T08:41:38.552+0200: 3432,774: Total time for which application threads were stopped: 0,0000559 seconds, Stopping threads took: 0,0000192 seconds
2017-07-24T08:41:38.552+0200: 3432,774: Total time for which application threads were stopped: 0,0000626 seconds, Stopping threads took: 0,0000279 seconds
2017-07-24T08:41:38.552+0200: 3432,774: Total time for which application threads were stopped: 0,0000554 seconds, Stopping threads took: 0,0000200 seconds
2017-07-24T08:41:38.555+0200: 3432,777: Total time for which application threads were stopped: 0,0000900 seconds, Stopping threads took: 0,0000221 seconds
2017-07-24T08:41:38.555+0200: 3432,777: Total time for which application threads were stopped: 0,0000569 seconds, Stopping threads took: 0,0000146 seconds
2017-07-24T08:41:38.555+0200: 3432,777: Total time for which application threads were stopped: 0,0000510 seconds, Stopping threads took: 0,0000153 seconds
2017-07-24T08:41:38.555+0200: 3432,777: Total time for which application threads were stopped: 0,0000457 seconds, Stopping threads took: 0,0000125 seconds
2017-07-24T08:41:38.556+0200: 3432,778: Total time for which application threads were stopped: 0,0001085 seconds, Stopping threads took: 0,0000406 seconds
2017-07-24T08:41:38.556+0200: 3432,778: Total time for which application threads were stopped: 0,0000496 seconds, Stopping threads took: 0,0000134 seconds
2017-07-24T08:41:38.556+0200: 3432,778: Total time for which application threads were stopped: 0,0000432 seconds, Stopping threads took: 0,0000116 seconds
2017-07-24T08:41:38.557+0200: 3432,779: Total time for which application threads were stopped: 0,0000461 seconds, Stopping threads took: 0,0000132 seconds
2017-07-24T08:41:38.557+0200: 3432,779: Total time for which application threads were stopped: 0,0000446 seconds, Stopping threads took: 0,0000121 seconds
2017-07-24T08:41:38.557+0200: 3432,779: Total time for which application threads were stopped: 0,0000437 seconds, Stopping threads took: 0,0000119 seconds
2017-07-24T08:41:38.558+0200: 3432,780: Total time for which application threads were stopped: 0,0000761 seconds, Stopping threads took: 0,0000154 seconds
2017-07-24T08:41:38.559+0200: 3432,781: Total time for which application threads were stopped: 0,0000701 seconds, Stopping threads took: 0,0000129 seconds
2017-07-24T08:41:38.565+0200: 3432,788: Total time for which application threads were stopped: 0,0059592 seconds, Stopping threads took: 0,0058733 seconds
2017-07-24T08:41:38.569+0200: 3432,791: Total time for which application threads were stopped: 0,0001041 seconds, Stopping threads took: 0,0000268 seconds
2017-07-24T08:41:38.571+0200: 3432,793: Total time for which application threads were stopped: 0,0000992 seconds, Stopping threads took: 0,0000309 seconds
2017-07-24T08:41:38.571+0200: 3432,794: Total time for which application threads were stopped: 0,0000446 seconds, Stopping threads took: 0,0000066 seconds
2017-07-24T08:41:38.572+0200: 3432,794: Total time for which application threads were stopped: 0,0000469 seconds, Stopping threads took: 0,0000148 seconds
2017-07-24T08:41:38.572+0200: 3432,794: Total time for which application threads were stopped: 0,0000342 seconds, Stopping threads took: 0,0000044 seconds
2017-07-24T08:41:38.574+0200: 3432,796: Total time for which application threads were stopped: 0,0000882 seconds, Stopping threads took: 0,0000243 seconds
2017-07-24T08:41:38.574+0200: 3432,796: Total time for which application threads were stopped: 0,0001731 seconds, Stopping threads took: 0,0000138 seconds
2017-07-24T08:41:38.575+0200: 3432,797: Total time for which application threads were stopped: 0,0000689 seconds, Stopping threads took: 0,0000183 seconds
2017-07-24T08:41:38.576+0200: 3432,798: Total time for which application threads were stopped: 0,0001286 seconds, Stopping threads took: 0,0000326 seconds
2017-07-24T08:41:38.576+0200: 3432,799: Total time for which application threads were stopped: 0,0000803 seconds, Stopping threads took: 0,0000230 seconds
2017-07-24T08:41:38.577+0200: 3432,799: Total time for which application threads were stopped: 0,0001064 seconds, Stopping threads took: 0,0000170 seconds
Heap
 par new generation   total 109248K, used 33541K [0x00000000e0000000, 0x00000000e8000000, 0x00000000e8000000)
  eden space 87424K,  21% used [0x00000000e0000000, 0x00000000e12a9958, 0x00000000e5560000)
  from space 21824K,  66% used [0x00000000e5560000, 0x00000000e6377b20, 0x00000000e6ab0000)
  to   space 21824K,   0% used [0x00000000e6ab0000, 0x00000000e6ab0000, 0x00000000e8000000)
 concurrent mark-sweep generation total 393216K, used 6876K [0x00000000e8000000, 0x0000000100000000, 0x0000000100000000)
 Metaspace       used 28128K, capacity 28709K, committed 29052K, reserved 1075200K
  class space    used 3225K, capacity 3422K, committed 3452K, reserved 1048576K
