OpenJDK 64-Bit Server VM (25.131-b11) for linux-amd64 JRE (1.8.0_131-8u131-b11-0ubuntu1.16.04.2-b11), built on May  6 2017 02:45:27 by "buildd" with gcc 5.4.0 20160609
Memory: 4k page, physical 7867740k(7468372k free), swap 8076284k(8076284k free)
CommandLine flags: -XX:CMSInitiatingOccupancyFraction=50 -XX:CMSMaxAbortablePrecleanTime=6000 -XX:+CMSParallelRemarkEnabled -XX:+CMSScavengeBeforeRemark -XX:ConcGCThreads=4 -XX:InitialHeapSize=536870912 -XX:MaxHeapSize=536870912 -XX:MaxTenuringThreshold=8 -XX:NewRatio=3 -XX:OldPLABSize=16 -XX:OnOutOfMemoryError=/opt/solr/bin/oom_solr.sh 8983 /var/solr/logs -XX:ParallelGCThreads=4 -XX:+ParallelRefProcEnabled -XX:PretenureSizeThreshold=67108864 -XX:+PrintGC -XX:+PrintGCApplicationStoppedTime -XX:+PrintGCDateStamps -XX:+PrintGCDetails -XX:+PrintGCTimeStamps -XX:+PrintHeapAtGC -XX:+PrintTenuringDistribution -XX:SurvivorRatio=4 -XX:TargetSurvivorRatio=90 -XX:ThreadStackSize=256 -XX:+UseCMSInitiatingOccupancyOnly -XX:+UseCompressedClassPointers -XX:+UseCompressedOops -XX:+UseConcMarkSweepGC -XX:+UseParNewGC 
2017-07-12T07:34:02.097+0200: 0,193: Total time for which application threads were stopped: 0,0000665 seconds, Stopping threads took: 0,0000088 seconds
2017-07-12T07:34:02.199+0200: 0,296: Total time for which application threads were stopped: 0,0001253 seconds, Stopping threads took: 0,0000164 seconds
2017-07-12T07:34:02.224+0200: 0,321: Total time for which application threads were stopped: 0,0000802 seconds, Stopping threads took: 0,0000138 seconds
2017-07-12T07:34:02.532+0200: 0,628: Total time for which application threads were stopped: 0,0001482 seconds, Stopping threads took: 0,0000140 seconds
2017-07-12T07:34:02.922+0200: 1,018: Total time for which application threads were stopped: 0,0001460 seconds, Stopping threads took: 0,0000119 seconds
2017-07-12T07:34:03.006+0200: 1,102: Total time for which application threads were stopped: 0,0001789 seconds, Stopping threads took: 0,0000157 seconds
2017-07-12T07:34:03.050+0200: 1,146: Total time for which application threads were stopped: 0,0001421 seconds, Stopping threads took: 0,0000139 seconds
2017-07-12T07:34:03.409+0200: 1,505: Total time for which application threads were stopped: 0,0001892 seconds, Stopping threads took: 0,0000207 seconds
2017-07-12T07:34:03.664+0200: 1,760: Total time for which application threads were stopped: 0,0001910 seconds, Stopping threads took: 0,0000154 seconds
2017-07-12T07:34:03.693+0200: 1,789: Total time for which application threads were stopped: 0,0001717 seconds, Stopping threads took: 0,0000148 seconds
2017-07-12T07:34:03.734+0200: 1,830: Total time for which application threads were stopped: 0,0002080 seconds, Stopping threads took: 0,0000257 seconds
2017-07-12T07:34:03.735+0200: 1,831: Total time for which application threads were stopped: 0,0001828 seconds, Stopping threads took: 0,0000241 seconds
2017-07-12T07:34:03.752+0200: 1,849: Total time for which application threads were stopped: 0,0002024 seconds, Stopping threads took: 0,0000205 seconds
2017-07-12T07:34:03.842+0200: 1,939: Total time for which application threads were stopped: 0,0002499 seconds, Stopping threads took: 0,0000196 seconds
2017-07-12T07:34:04.014+0200: 2,110: Total time for which application threads were stopped: 0,0002493 seconds, Stopping threads took: 0,0000389 seconds
{Heap before GC invocations=0 (full 0):
 par new generation   total 109248K, used 87424K [0x00000000e0000000, 0x00000000e8000000, 0x00000000e8000000)
  eden space 87424K, 100% used [0x00000000e0000000, 0x00000000e5560000, 0x00000000e5560000)
  from space 21824K,   0% used [0x00000000e5560000, 0x00000000e5560000, 0x00000000e6ab0000)
  to   space 21824K,   0% used [0x00000000e6ab0000, 0x00000000e6ab0000, 0x00000000e8000000)
 concurrent mark-sweep generation total 393216K, used 0K [0x00000000e8000000, 0x0000000100000000, 0x0000000100000000)
 Metaspace       used 17839K, capacity 18176K, committed 18304K, reserved 1064960K
  class space    used 2024K, capacity 2164K, committed 2176K, reserved 1048576K
2017-07-12T07:34:04.059+0200: 2,155: [GC (Allocation Failure) 2017-07-12T07:34:04.059+0200: 2,155: [ParNew
Desired survivor size 20112992 bytes, new threshold 8 (max 8)
- age   1:   11749928 bytes,   11749928 total
: 87424K->11584K(109248K), 0,0151785 secs] 87424K->11584K(502464K), 0,0152588 secs] [Times: user=0,04 sys=0,01, real=0,02 secs] 
Heap after GC invocations=1 (full 0):
 par new generation   total 109248K, used 11584K [0x00000000e0000000, 0x00000000e8000000, 0x00000000e8000000)
  eden space 87424K,   0% used [0x00000000e0000000, 0x00000000e0000000, 0x00000000e5560000)
  from space 21824K,  53% used [0x00000000e6ab0000, 0x00000000e7600148, 0x00000000e8000000)
  to   space 21824K,   0% used [0x00000000e5560000, 0x00000000e5560000, 0x00000000e6ab0000)
 concurrent mark-sweep generation total 393216K, used 0K [0x00000000e8000000, 0x0000000100000000, 0x0000000100000000)
 Metaspace       used 17839K, capacity 18176K, committed 18304K, reserved 1064960K
  class space    used 2024K, capacity 2164K, committed 2176K, reserved 1048576K
}
2017-07-12T07:34:04.074+0200: 2,171: Total time for which application threads were stopped: 0,0155261 seconds, Stopping threads took: 0,0001268 seconds
2017-07-12T07:34:04.431+0200: 2,528: Total time for which application threads were stopped: 0,0003278 seconds, Stopping threads took: 0,0000249 seconds
{Heap before GC invocations=1 (full 0):
 par new generation   total 109248K, used 99008K [0x00000000e0000000, 0x00000000e8000000, 0x00000000e8000000)
  eden space 87424K, 100% used [0x00000000e0000000, 0x00000000e5560000, 0x00000000e5560000)
  from space 21824K,  53% used [0x00000000e6ab0000, 0x00000000e7600148, 0x00000000e8000000)
  to   space 21824K,   0% used [0x00000000e5560000, 0x00000000e5560000, 0x00000000e6ab0000)
 concurrent mark-sweep generation total 393216K, used 0K [0x00000000e8000000, 0x0000000100000000, 0x0000000100000000)
 Metaspace       used 20037K, capacity 20356K, committed 20736K, reserved 1067008K
  class space    used 2293K, capacity 2466K, committed 2560K, reserved 1048576K
2017-07-12T07:34:04.470+0200: 2,567: [GC (Allocation Failure) 2017-07-12T07:34:04.470+0200: 2,567: [ParNew
Desired survivor size 20112992 bytes, new threshold 8 (max 8)
- age   1:    3946736 bytes,    3946736 total
- age   2:    6318512 bytes,   10265248 total
: 99008K->13079K(109248K), 0,0160711 secs] 99008K->13079K(502464K), 0,0161436 secs] [Times: user=0,04 sys=0,00, real=0,01 secs] 
Heap after GC invocations=2 (full 0):
 par new generation   total 109248K, used 13079K [0x00000000e0000000, 0x00000000e8000000, 0x00000000e8000000)
  eden space 87424K,   0% used [0x00000000e0000000, 0x00000000e0000000, 0x00000000e5560000)
  from space 21824K,  59% used [0x00000000e5560000, 0x00000000e6225f50, 0x00000000e6ab0000)
  to   space 21824K,   0% used [0x00000000e6ab0000, 0x00000000e6ab0000, 0x00000000e8000000)
 concurrent mark-sweep generation total 393216K, used 0K [0x00000000e8000000, 0x0000000100000000, 0x0000000100000000)
 Metaspace       used 20037K, capacity 20356K, committed 20736K, reserved 1067008K
  class space    used 2293K, capacity 2466K, committed 2560K, reserved 1048576K
}
2017-07-12T07:34:04.486+0200: 2,583: Total time for which application threads were stopped: 0,0163626 seconds, Stopping threads took: 0,0000547 seconds
2017-07-12T07:34:04.491+0200: 2,588: Total time for which application threads were stopped: 0,0003763 seconds, Stopping threads took: 0,0000579 seconds
2017-07-12T07:34:04.542+0200: 2,639: Total time for which application threads were stopped: 0,0044576 seconds, Stopping threads took: 0,0041415 seconds
2017-07-12T07:34:04.660+0200: 2,757: Total time for which application threads were stopped: 0,0001927 seconds, Stopping threads took: 0,0000412 seconds
{Heap before GC invocations=2 (full 0):
 par new generation   total 109248K, used 100503K [0x00000000e0000000, 0x00000000e8000000, 0x00000000e8000000)
  eden space 87424K, 100% used [0x00000000e0000000, 0x00000000e5560000, 0x00000000e5560000)
  from space 21824K,  59% used [0x00000000e5560000, 0x00000000e6225f50, 0x00000000e6ab0000)
  to   space 21824K,   0% used [0x00000000e6ab0000, 0x00000000e6ab0000, 0x00000000e8000000)
 concurrent mark-sweep generation total 393216K, used 0K [0x00000000e8000000, 0x0000000100000000, 0x0000000100000000)
 Metaspace       used 20967K, capacity 21278K, committed 21628K, reserved 1069056K
  class space    used 2415K, capacity 2585K, committed 2684K, reserved 1048576K
2017-07-12T07:34:04.698+0200: 2,795: [GC (Allocation Failure) 2017-07-12T07:34:04.698+0200: 2,795: [ParNew
Desired survivor size 20112992 bytes, new threshold 8 (max 8)
- age   1:    1987560 bytes,    1987560 total
- age   2:    1191088 bytes,    3178648 total
- age   3:    6316592 bytes,    9495240 total
: 100503K->12662K(109248K), 0,0197297 secs] 100503K->12662K(502464K), 0,0198317 secs] [Times: user=0,07 sys=0,00, real=0,02 secs] 
Heap after GC invocations=3 (full 0):
 par new generation   total 109248K, used 12662K [0x00000000e0000000, 0x00000000e8000000, 0x00000000e8000000)
  eden space 87424K,   0% used [0x00000000e0000000, 0x00000000e0000000, 0x00000000e5560000)
  from space 21824K,  58% used [0x00000000e6ab0000, 0x00000000e770da08, 0x00000000e8000000)
  to   space 21824K,   0% used [0x00000000e5560000, 0x00000000e5560000, 0x00000000e6ab0000)
 concurrent mark-sweep generation total 393216K, used 0K [0x00000000e8000000, 0x0000000100000000, 0x0000000100000000)
 Metaspace       used 20967K, capacity 21278K, committed 21628K, reserved 1069056K
  class space    used 2415K, capacity 2585K, committed 2684K, reserved 1048576K
}
2017-07-12T07:34:04.718+0200: 2,815: Total time for which application threads were stopped: 0,0200636 seconds, Stopping threads took: 0,0000812 seconds
2017-07-12T07:34:04.727+0200: 2,823: [GC (CMS Initial Mark) [1 CMS-initial-mark: 0K(393216K)] 22440K(502464K), 0,0065344 secs] [Times: user=0,02 sys=0,00, real=0,01 secs] 
2017-07-12T07:34:04.733+0200: 2,830: Total time for which application threads were stopped: 0,0072532 seconds, Stopping threads took: 0,0006109 seconds
2017-07-12T07:34:04.733+0200: 2,830: [CMS-concurrent-mark-start]
2017-07-12T07:34:04.734+0200: 2,831: [CMS-concurrent-mark: 0,001/0,001 secs] [Times: user=0,00 sys=0,00, real=0,00 secs] 
2017-07-12T07:34:04.734+0200: 2,831: [CMS-concurrent-preclean-start]
2017-07-12T07:34:04.735+0200: 2,832: [CMS-concurrent-preclean: 0,001/0,001 secs] [Times: user=0,00 sys=0,00, real=0,00 secs] 
2017-07-12T07:34:04.736+0200: 2,832: [CMS-concurrent-abortable-preclean-start]
2017-07-12T07:34:04.795+0200: 2,892: Total time for which application threads were stopped: 0,0001431 seconds, Stopping threads took: 0,0000560 seconds
2017-07-12T07:34:04.838+0200: 2,934: Total time for which application threads were stopped: 0,0006227 seconds, Stopping threads took: 0,0005537 seconds
{Heap before GC invocations=3 (full 1):
 par new generation   total 109248K, used 104615K [0x00000000e0000000, 0x00000000e8000000, 0x00000000e8000000)
  eden space 87424K, 100% used [0x00000000e0000000, 0x00000000e5560000, 0x00000000e5560000)
  from space 21824K,  78% used [0x00000000e6ab0000, 0x00000000e7b79c68, 0x00000000e8000000)
  to   space 21824K,   0% used [0x00000000e5560000, 0x00000000e5560000, 0x00000000e6ab0000)
 concurrent mark-sweep generation total 393216K, used 0K [0x00000000e8000000, 0x0000000100000000, 0x0000000100000000)
 Metaspace       used 21257K, capacity 21614K, committed 21884K, reserved 1069056K
  class space    used 2445K, capacity 2599K, committed 2684K, reserved 1048576K
2017-07-12T07:34:04.847+0200: 2,944: [GC (GCLocker Initiated GC) 2017-07-12T07:34:04.847+0200: 2,944: [ParNew
Desired survivor size 20112992 bytes, new threshold 8 (max 8)
- age   1:    1451064 bytes,    1451064 total
- age   2:    1454528 bytes,    2905592 total
- age   3:    1158200 bytes,    4063792 total
- age   4:    6316960 bytes,   10380752 total
: 104615K->13431K(109248K), 0,0096091 secs] 104615K->13431K(502464K), 0,0096615 secs] [Times: user=0,04 sys=0,00, real=0,01 secs] 
Heap after GC invocations=4 (full 1):
 par new generation   total 109248K, used 13431K [0x00000000e0000000, 0x00000000e8000000, 0x00000000e8000000)
  eden space 87424K,   0% used [0x00000000e0000000, 0x00000000e0000000, 0x00000000e5560000)
  from space 21824K,  61% used [0x00000000e5560000, 0x00000000e627de10, 0x00000000e6ab0000)
  to   space 21824K,   0% used [0x00000000e6ab0000, 0x00000000e6ab0000, 0x00000000e8000000)
 concurrent mark-sweep generation total 393216K, used 0K [0x00000000e8000000, 0x0000000100000000, 0x0000000100000000)
 Metaspace       used 21257K, capacity 21614K, committed 21884K, reserved 1069056K
  class space    used 2445K, capacity 2599K, committed 2684K, reserved 1048576K
}
2017-07-12T07:34:04.857+0200: 2,953: Total time for which application threads were stopped: 0,0098457 seconds, Stopping threads took: 0,0000424 seconds
{Heap before GC invocations=4 (full 1):
 par new generation   total 109248K, used 100855K [0x00000000e0000000, 0x00000000e8000000, 0x00000000e8000000)
  eden space 87424K, 100% used [0x00000000e0000000, 0x00000000e5560000, 0x00000000e5560000)
  from space 21824K,  61% used [0x00000000e5560000, 0x00000000e627de10, 0x00000000e6ab0000)
  to   space 21824K,   0% used [0x00000000e6ab0000, 0x00000000e6ab0000, 0x00000000e8000000)
 concurrent mark-sweep generation total 393216K, used 0K [0x00000000e8000000, 0x0000000100000000, 0x0000000100000000)
 Metaspace       used 21459K, capacity 21796K, committed 21884K, reserved 1069056K
  class space    used 2471K, capacity 2635K, committed 2684K, reserved 1048576K
2017-07-12T07:34:04.932+0200: 3,028: [GC (Allocation Failure) 2017-07-12T07:34:04.932+0200: 3,028: [ParNew
Desired survivor size 20112992 bytes, new threshold 8 (max 8)
- age   1:     804344 bytes,     804344 total
- age   2:     186584 bytes,     990928 total
- age   3:    1453448 bytes,    2444376 total
- age   4:    1154280 bytes,    3598656 total
- age   5:    6316600 bytes,    9915256 total
: 100855K->12556K(109248K), 0,0097744 secs] 100855K->12556K(502464K), 0,0098476 secs] [Times: user=0,03 sys=0,00, real=0,00 secs] 
Heap after GC invocations=5 (full 1):
 par new generation   total 109248K, used 12556K [0x00000000e0000000, 0x00000000e8000000, 0x00000000e8000000)
  eden space 87424K,   0% used [0x00000000e0000000, 0x00000000e0000000, 0x00000000e5560000)
  from space 21824K,  57% used [0x00000000e6ab0000, 0x00000000e76f30b0, 0x00000000e8000000)
  to   space 21824K,   0% used [0x00000000e5560000, 0x00000000e5560000, 0x00000000e6ab0000)
 concurrent mark-sweep generation total 393216K, used 0K [0x00000000e8000000, 0x0000000100000000, 0x0000000100000000)
 Metaspace       used 21459K, capacity 21796K, committed 21884K, reserved 1069056K
  class space    used 2471K, capacity 2635K, committed 2684K, reserved 1048576K
}
2017-07-12T07:34:04.942+0200: 3,038: Total time for which application threads were stopped: 0,0107726 seconds, Stopping threads took: 0,0007804 seconds
2017-07-12T07:34:04.959+0200: 3,055: Total time for which application threads were stopped: 0,0001598 seconds, Stopping threads took: 0,0000759 seconds
2017-07-12T07:34:04.974+0200: 3,070: Total time for which application threads were stopped: 0,0003145 seconds, Stopping threads took: 0,0000263 seconds
2017-07-12T07:34:05.022+0200: 3,118: Total time for which application threads were stopped: 0,0007108 seconds, Stopping threads took: 0,0005817 seconds
2017-07-12T07:34:05.052+0200: 3,148: Total time for which application threads were stopped: 0,0001007 seconds, Stopping threads took: 0,0000381 seconds
2017-07-12T07:34:05.212+0200: 3,308: Total time for which application threads were stopped: 0,0001747 seconds, Stopping threads took: 0,0000264 seconds
2017-07-12T07:34:05.245+0200: 3,341: Total time for which application threads were stopped: 0,0001633 seconds, Stopping threads took: 0,0000571 seconds
2017-07-12T07:34:05.246+0200: 3,342: Total time for which application threads were stopped: 0,0004320 seconds, Stopping threads took: 0,0000422 seconds
2017-07-12T07:34:05.265+0200: 3,361: Total time for which application threads were stopped: 0,0003158 seconds, Stopping threads took: 0,0000143 seconds
2017-07-12T07:34:05.273+0200: 3,370: Total time for which application threads were stopped: 0,0001237 seconds, Stopping threads took: 0,0000262 seconds
2017-07-12T07:34:05.337+0200: 3,433: Total time for which application threads were stopped: 0,0022946 seconds, Stopping threads took: 0,0021604 seconds
2017-07-12T07:34:05.425+0200: 3,521: Total time for which application threads were stopped: 0,0033003 seconds, Stopping threads took: 0,0031562 seconds
2017-07-12T07:34:05.425+0200: 3,522: [CMS-concurrent-abortable-preclean: 0,410/0,690 secs] [Times: user=2,50 sys=0,04, real=0,69 secs] 
2017-07-12T07:34:05.425+0200: 3,522: [GC (CMS Final Remark) [YG occupancy: 83815 K (109248 K)]{Heap before GC invocations=5 (full 1):
 par new generation   total 109248K, used 83815K [0x00000000e0000000, 0x00000000e8000000, 0x00000000e8000000)
  eden space 87424K,  81% used [0x00000000e0000000, 0x00000000e4596b78, 0x00000000e5560000)
  from space 21824K,  57% used [0x00000000e6ab0000, 0x00000000e76f30b0, 0x00000000e8000000)
  to   space 21824K,   0% used [0x00000000e5560000, 0x00000000e5560000, 0x00000000e6ab0000)
 concurrent mark-sweep generation total 393216K, used 0K [0x00000000e8000000, 0x0000000100000000, 0x0000000100000000)
 Metaspace       used 23820K, capacity 24299K, committed 24540K, reserved 1071104K
  class space    used 2798K, capacity 2979K, committed 3016K, reserved 1048576K
2017-07-12T07:34:05.425+0200: 3,522: [GC (CMS Final Remark) 2017-07-12T07:34:05.425+0200: 3,522: [ParNew
Desired survivor size 20112992 bytes, new threshold 8 (max 8)
- age   1:    5153352 bytes,    5153352 total
- age   2:     163808 bytes,    5317160 total
- age   3:     180352 bytes,    5497512 total
- age   4:     284520 bytes,    5782032 total
- age   5:    1129920 bytes,    6911952 total
- age   6:    6308464 bytes,   13220416 total
: 83815K->15881K(109248K), 0,0155858 secs] 83815K->15881K(502464K), 0,0156386 secs] [Times: user=0,05 sys=0,00, real=0,01 secs] 
Heap after GC invocations=6 (full 1):
 par new generation   total 109248K, used 15881K [0x00000000e0000000, 0x00000000e8000000, 0x00000000e8000000)
  eden space 87424K,   0% used [0x00000000e0000000, 0x00000000e0000000, 0x00000000e5560000)
  from space 21824K,  72% used [0x00000000e5560000, 0x00000000e64e26f0, 0x00000000e6ab0000)
  to   space 21824K,   0% used [0x00000000e6ab0000, 0x00000000e6ab0000, 0x00000000e8000000)
 concurrent mark-sweep generation total 393216K, used 0K [0x00000000e8000000, 0x0000000100000000, 0x0000000100000000)
 Metaspace       used 23820K, capacity 24299K, committed 24540K, reserved 1071104K
  class space    used 2798K, capacity 2979K, committed 3016K, reserved 1048576K
}
2017-07-12T07:34:05.441+0200: 3,537: [Rescan (parallel) , 0,0040827 secs]2017-07-12T07:34:05.445+0200: 3,542: [weak refs processing, 0,0014341 secs]2017-07-12T07:34:05.447+0200: 3,543: [class unloading, 0,0034342 secs]2017-07-12T07:34:05.450+0200: 3,546: [scrub symbol table, 0,0028815 secs]2017-07-12T07:34:05.453+0200: 3,549: [scrub string table, 0,0004164 secs][1 CMS-remark: 0K(393216K)] 15881K(502464K), 0,0287824 secs] [Times: user=0,08 sys=0,00, real=0,03 secs] 
2017-07-12T07:34:05.454+0200: 3,551: Total time for which application threads were stopped: 0,0289087 seconds, Stopping threads took: 0,0000379 seconds
2017-07-12T07:34:05.456+0200: 3,552: [CMS-concurrent-sweep-start]
2017-07-12T07:34:05.456+0200: 3,552: [CMS-concurrent-sweep: 0,000/0,000 secs] [Times: user=0,00 sys=0,00, real=0,00 secs] 
2017-07-12T07:34:05.456+0200: 3,552: [CMS-concurrent-reset-start]
2017-07-12T07:34:05.457+0200: 3,553: [CMS-concurrent-reset: 0,001/0,001 secs] [Times: user=0,00 sys=0,00, real=0,00 secs] 
{Heap before GC invocations=6 (full 1):
 par new generation   total 109248K, used 103305K [0x00000000e0000000, 0x00000000e8000000, 0x00000000e8000000)
  eden space 87424K, 100% used [0x00000000e0000000, 0x00000000e5560000, 0x00000000e5560000)
  from space 21824K,  72% used [0x00000000e5560000, 0x00000000e64e26f0, 0x00000000e6ab0000)
  to   space 21824K,   0% used [0x00000000e6ab0000, 0x00000000e6ab0000, 0x00000000e8000000)
 concurrent mark-sweep generation total 393216K, used 0K [0x00000000e8000000, 0x0000000100000000, 0x0000000100000000)
 Metaspace       used 24518K, capacity 24977K, committed 25180K, reserved 1071104K
  class space    used 2871K, capacity 3076K, committed 3144K, reserved 1048576K
2017-07-12T07:34:05.629+0200: 3,726: [GC (Allocation Failure) 2017-07-12T07:34:05.629+0200: 3,726: [ParNew
Desired survivor size 20112992 bytes, new threshold 8 (max 8)
- age   1:    2389728 bytes,    2389728 total
- age   2:    1730632 bytes,    4120360 total
- age   3:      83136 bytes,    4203496 total
- age   4:     108440 bytes,    4311936 total
- age   5:     176200 bytes,    4488136 total
- age   6:     910664 bytes,    5398800 total
- age   7:    5959744 bytes,   11358544 total
: 103305K->16356K(109248K), 0,0160585 secs] 103305K->16356K(502464K), 0,0161462 secs] [Times: user=0,05 sys=0,00, real=0,02 secs] 
Heap after GC invocations=7 (full 1):
 par new generation   total 109248K, used 16356K [0x00000000e0000000, 0x00000000e8000000, 0x00000000e8000000)
  eden space 87424K,   0% used [0x00000000e0000000, 0x00000000e0000000, 0x00000000e5560000)
  from space 21824K,  74% used [0x00000000e6ab0000, 0x00000000e7aa9390, 0x00000000e8000000)
  to   space 21824K,   0% used [0x00000000e5560000, 0x00000000e5560000, 0x00000000e6ab0000)
 concurrent mark-sweep generation total 393216K, used 0K [0x00000000e8000000, 0x0000000100000000, 0x0000000100000000)
 Metaspace       used 24518K, capacity 24977K, committed 25180K, reserved 1071104K
  class space    used 2871K, capacity 3076K, committed 3144K, reserved 1048576K
}
2017-07-12T07:34:05.645+0200: 3,742: Total time for which application threads were stopped: 0,0178175 seconds, Stopping threads took: 0,0014561 seconds
{Heap before GC invocations=7 (full 1):
 par new generation   total 109248K, used 103780K [0x00000000e0000000, 0x00000000e8000000, 0x00000000e8000000)
  eden space 87424K, 100% used [0x00000000e0000000, 0x00000000e5560000, 0x00000000e5560000)
  from space 21824K,  74% used [0x00000000e6ab0000, 0x00000000e7aa9390, 0x00000000e8000000)
  to   space 21824K,   0% used [0x00000000e5560000, 0x00000000e5560000, 0x00000000e6ab0000)
 concurrent mark-sweep generation total 393216K, used 0K [0x00000000e8000000, 0x0000000100000000, 0x0000000100000000)
 Metaspace       used 24814K, capacity 25259K, committed 25436K, reserved 1071104K
  class space    used 2898K, capacity 3081K, committed 3144K, reserved 1048576K
2017-07-12T07:34:05.719+0200: 3,815: [GC (Allocation Failure) 2017-07-12T07:34:05.719+0200: 3,815: [ParNew
Desired survivor size 20112992 bytes, new threshold 8 (max 8)
- age   1:    1117496 bytes,    1117496 total
- age   2:    1059936 bytes,    2177432 total
- age   3:    1707848 bytes,    3885280 total
- age   4:      83136 bytes,    3968416 total
- age   5:     105728 bytes,    4074144 total
- age   6:     175728 bytes,    4249872 total
- age   7:     909928 bytes,    5159800 total
- age   8:    5959648 bytes,   11119448 total
: 103780K->13771K(109248K), 0,0286069 secs] 103780K->13771K(502464K), 0,0286739 secs] [Times: user=0,08 sys=0,00, real=0,03 secs] 
Heap after GC invocations=8 (full 1):
 par new generation   total 109248K, used 13771K [0x00000000e0000000, 0x00000000e8000000, 0x00000000e8000000)
  eden space 87424K,   0% used [0x00000000e0000000, 0x00000000e0000000, 0x00000000e5560000)
  from space 21824K,  63% used [0x00000000e5560000, 0x00000000e62d2dc0, 0x00000000e6ab0000)
  to   space 21824K,   0% used [0x00000000e6ab0000, 0x00000000e6ab0000, 0x00000000e8000000)
 concurrent mark-sweep generation total 393216K, used 0K [0x00000000e8000000, 0x0000000100000000, 0x0000000100000000)
 Metaspace       used 24814K, capacity 25259K, committed 25436K, reserved 1071104K
  class space    used 2898K, capacity 3081K, committed 3144K, reserved 1048576K
}
2017-07-12T07:34:05.748+0200: 3,844: Total time for which application threads were stopped: 0,0288952 seconds, Stopping threads took: 0,0000722 seconds
2017-07-12T07:34:05.961+0200: 4,057: Total time for which application threads were stopped: 0,0007225 seconds, Stopping threads took: 0,0002009 seconds
2017-07-12T07:34:05.966+0200: 4,063: Total time for which application threads were stopped: 0,0041976 seconds, Stopping threads took: 0,0041085 seconds
2017-07-12T07:34:05.967+0200: 4,064: Total time for which application threads were stopped: 0,0001223 seconds, Stopping threads took: 0,0000410 seconds
2017-07-12T07:34:05.975+0200: 4,071: Total time for which application threads were stopped: 0,0005054 seconds, Stopping threads took: 0,0003975 seconds
2017-07-12T07:34:05.976+0200: 4,072: Total time for which application threads were stopped: 0,0010525 seconds, Stopping threads took: 0,0009874 seconds
2017-07-12T07:34:05.977+0200: 4,074: Total time for which application threads were stopped: 0,0001279 seconds, Stopping threads took: 0,0000296 seconds
2017-07-12T07:34:05.980+0200: 4,076: Total time for which application threads were stopped: 0,0001447 seconds, Stopping threads took: 0,0000515 seconds
2017-07-12T07:34:05.982+0200: 4,078: Total time for which application threads were stopped: 0,0012390 seconds, Stopping threads took: 0,0011604 seconds
2017-07-12T07:34:05.982+0200: 4,079: Total time for which application threads were stopped: 0,0000838 seconds, Stopping threads took: 0,0000349 seconds
2017-07-12T07:34:05.982+0200: 4,079: Total time for which application threads were stopped: 0,0000479 seconds, Stopping threads took: 0,0000110 seconds
2017-07-12T07:34:05.983+0200: 4,079: Total time for which application threads were stopped: 0,0000507 seconds, Stopping threads took: 0,0000216 seconds
2017-07-12T07:34:05.983+0200: 4,079: Total time for which application threads were stopped: 0,0000592 seconds, Stopping threads took: 0,0000248 seconds
2017-07-12T07:34:05.984+0200: 4,080: Total time for which application threads were stopped: 0,0002944 seconds, Stopping threads took: 0,0000101 seconds
2017-07-12T07:34:05.984+0200: 4,080: Total time for which application threads were stopped: 0,0000612 seconds, Stopping threads took: 0,0000255 seconds
2017-07-12T07:34:05.986+0200: 4,082: Total time for which application threads were stopped: 0,0000713 seconds, Stopping threads took: 0,0000206 seconds
2017-07-12T07:34:05.986+0200: 4,083: Total time for which application threads were stopped: 0,0000915 seconds, Stopping threads took: 0,0000435 seconds
2017-07-12T07:34:05.987+0200: 4,083: Total time for which application threads were stopped: 0,0000559 seconds, Stopping threads took: 0,0000106 seconds
2017-07-12T07:34:05.992+0200: 4,088: Total time for which application threads were stopped: 0,0001274 seconds, Stopping threads took: 0,0000488 seconds
2017-07-12T07:34:06.014+0200: 4,110: Total time for which application threads were stopped: 0,0001468 seconds, Stopping threads took: 0,0000329 seconds
2017-07-12T07:34:06.014+0200: 4,110: Total time for which application threads were stopped: 0,0000982 seconds, Stopping threads took: 0,0000310 seconds
2017-07-12T07:34:06.034+0200: 4,131: Total time for which application threads were stopped: 0,0014736 seconds, Stopping threads took: 0,0013307 seconds
2017-07-12T07:34:06.039+0200: 4,135: Total time for which application threads were stopped: 0,0001419 seconds, Stopping threads took: 0,0000302 seconds
2017-07-12T07:34:06.046+0200: 4,143: Total time for which application threads were stopped: 0,0047031 seconds, Stopping threads took: 0,0045436 seconds
2017-07-12T07:34:06.052+0200: 4,148: Total time for which application threads were stopped: 0,0003687 seconds, Stopping threads took: 0,0000174 seconds
2017-07-12T07:34:06.053+0200: 4,150: Total time for which application threads were stopped: 0,0001042 seconds, Stopping threads took: 0,0000348 seconds
2017-07-12T07:34:06.062+0200: 4,158: Total time for which application threads were stopped: 0,0002916 seconds, Stopping threads took: 0,0001793 seconds
2017-07-12T07:34:06.066+0200: 4,163: Total time for which application threads were stopped: 0,0000943 seconds, Stopping threads took: 0,0000178 seconds
2017-07-12T07:34:06.067+0200: 4,163: Total time for which application threads were stopped: 0,0003293 seconds, Stopping threads took: 0,0000092 seconds
2017-07-12T07:34:06.094+0200: 4,191: Total time for which application threads were stopped: 0,0015851 seconds, Stopping threads took: 0,0014608 seconds
2017-07-12T07:34:06.166+0200: 4,263: Total time for which application threads were stopped: 0,0020368 seconds, Stopping threads took: 0,0016175 seconds
2017-07-12T07:34:06.219+0200: 4,315: Total time for which application threads were stopped: 0,0001897 seconds, Stopping threads took: 0,0000754 seconds
2017-07-12T07:34:06.219+0200: 4,315: Total time for which application threads were stopped: 0,0001097 seconds, Stopping threads took: 0,0000305 seconds
2017-07-12T07:34:06.222+0200: 4,318: Total time for which application threads were stopped: 0,0001480 seconds, Stopping threads took: 0,0000280 seconds
2017-07-12T07:34:06.222+0200: 4,318: Total time for which application threads were stopped: 0,0000481 seconds, Stopping threads took: 0,0000087 seconds
2017-07-12T07:34:06.222+0200: 4,319: Total time for which application threads were stopped: 0,0004268 seconds, Stopping threads took: 0,0003491 seconds
2017-07-12T07:34:06.223+0200: 4,320: Total time for which application threads were stopped: 0,0003947 seconds, Stopping threads took: 0,0003064 seconds
2017-07-12T07:34:06.227+0200: 4,323: Total time for which application threads were stopped: 0,0001212 seconds, Stopping threads took: 0,0000420 seconds
2017-07-12T07:34:06.228+0200: 4,324: Total time for which application threads were stopped: 0,0001105 seconds, Stopping threads took: 0,0000330 seconds
2017-07-12T07:34:06.228+0200: 4,324: Total time for which application threads were stopped: 0,0000975 seconds, Stopping threads took: 0,0000294 seconds
2017-07-12T07:34:06.228+0200: 4,324: Total time for which application threads were stopped: 0,0002395 seconds, Stopping threads took: 0,0001876 seconds
2017-07-12T07:34:06.228+0200: 4,325: Total time for which application threads were stopped: 0,0000532 seconds, Stopping threads took: 0,0000184 seconds
2017-07-12T07:34:06.228+0200: 4,325: Total time for which application threads were stopped: 0,0000694 seconds, Stopping threads took: 0,0000201 seconds
2017-07-12T07:34:06.229+0200: 4,325: Total time for which application threads were stopped: 0,0000581 seconds, Stopping threads took: 0,0000172 seconds
2017-07-12T07:34:06.229+0200: 4,325: Total time for which application threads were stopped: 0,0000593 seconds, Stopping threads took: 0,0000174 seconds
2017-07-12T07:34:06.229+0200: 4,325: Total time for which application threads were stopped: 0,0000577 seconds, Stopping threads took: 0,0000179 seconds
2017-07-12T07:34:06.229+0200: 4,325: Total time for which application threads were stopped: 0,0001716 seconds, Stopping threads took: 0,0001120 seconds
2017-07-12T07:34:06.230+0200: 4,326: Total time for which application threads were stopped: 0,0010397 seconds, Stopping threads took: 0,0009714 seconds
2017-07-12T07:34:06.230+0200: 4,327: Total time for which application threads were stopped: 0,0000832 seconds, Stopping threads took: 0,0000243 seconds
2017-07-12T07:34:06.230+0200: 4,327: Total time for which application threads were stopped: 0,0000641 seconds, Stopping threads took: 0,0000150 seconds
2017-07-12T07:34:06.231+0200: 4,327: Total time for which application threads were stopped: 0,0002077 seconds, Stopping threads took: 0,0000796 seconds
2017-07-12T07:34:06.231+0200: 4,327: Total time for which application threads were stopped: 0,0000971 seconds, Stopping threads took: 0,0000402 seconds
2017-07-12T07:34:06.254+0200: 4,350: Total time for which application threads were stopped: 0,0001923 seconds, Stopping threads took: 0,0000898 seconds
2017-07-12T07:34:06.255+0200: 4,352: Total time for which application threads were stopped: 0,0003012 seconds, Stopping threads took: 0,0002336 seconds
{Heap before GC invocations=8 (full 1):
 par new generation   total 109248K, used 101195K [0x00000000e0000000, 0x00000000e8000000, 0x00000000e8000000)
  eden space 87424K, 100% used [0x00000000e0000000, 0x00000000e5560000, 0x00000000e5560000)
  from space 21824K,  63% used [0x00000000e5560000, 0x00000000e62d2dc0, 0x00000000e6ab0000)
  to   space 21824K,   0% used [0x00000000e6ab0000, 0x00000000e6ab0000, 0x00000000e8000000)
 concurrent mark-sweep generation total 393216K, used 0K [0x00000000e8000000, 0x0000000100000000, 0x0000000100000000)
 Metaspace       used 27578K, capacity 28127K, committed 28228K, reserved 1075200K
  class space    used 3159K, capacity 3353K, committed 3400K, reserved 1048576K
2017-07-12T07:34:06.259+0200: 4,355: [GC (Allocation Failure) 2017-07-12T07:34:06.259+0200: 4,355: [ParNew
Desired survivor size 20112992 bytes, new threshold 8 (max 8)
- age   1:    8455352 bytes,    8455352 total
- age   2:     182464 bytes,    8637816 total
- age   3:     275960 bytes,    8913776 total
- age   4:    1704616 bytes,   10618392 total
- age   5:      83136 bytes,   10701528 total
- age   6:     105728 bytes,   10807256 total
- age   7:     175640 bytes,   10982896 total
- age   8:     909112 bytes,   11892008 total
: 101195K->14798K(109248K), 0,0395394 secs] 101195K->21221K(502464K), 0,0396198 secs] [Times: user=0,14 sys=0,01, real=0,04 secs] 
Heap after GC invocations=9 (full 1):
 par new generation   total 109248K, used 14798K [0x00000000e0000000, 0x00000000e8000000, 0x00000000e8000000)
  eden space 87424K,   0% used [0x00000000e0000000, 0x00000000e0000000, 0x00000000e5560000)
  from space 21824K,  67% used [0x00000000e6ab0000, 0x00000000e7923930, 0x00000000e8000000)
  to   space 21824K,   0% used [0x00000000e5560000, 0x00000000e5560000, 0x00000000e6ab0000)
 concurrent mark-sweep generation total 393216K, used 6423K [0x00000000e8000000, 0x0000000100000000, 0x0000000100000000)
 Metaspace       used 27578K, capacity 28127K, committed 28228K, reserved 1075200K
  class space    used 3159K, capacity 3353K, committed 3400K, reserved 1048576K
}
2017-07-12T07:34:06.299+0200: 4,395: Total time for which application threads were stopped: 0,0397998 seconds, Stopping threads took: 0,0000462 seconds
2017-07-12T07:34:06.315+0200: 4,411: Total time for which application threads were stopped: 0,0004100 seconds, Stopping threads took: 0,0003035 seconds
2017-07-12T07:34:06.315+0200: 4,412: Total time for which application threads were stopped: 0,0000797 seconds, Stopping threads took: 0,0000301 seconds
2017-07-12T07:34:06.316+0200: 4,412: Total time for which application threads were stopped: 0,0000982 seconds, Stopping threads took: 0,0000299 seconds
2017-07-12T07:34:06.338+0200: 4,435: Total time for which application threads were stopped: 0,0042703 seconds, Stopping threads took: 0,0038760 seconds
2017-07-12T07:34:06.340+0200: 4,436: Total time for which application threads were stopped: 0,0001755 seconds, Stopping threads took: 0,0000615 seconds
2017-07-12T07:34:06.346+0200: 4,443: Total time for which application threads were stopped: 0,0001928 seconds, Stopping threads took: 0,0000860 seconds
2017-07-12T07:34:07.347+0200: 5,444: Total time for which application threads were stopped: 0,0000798 seconds, Stopping threads took: 0,0000166 seconds
2017-07-12T07:34:09.348+0200: 7,444: Total time for which application threads were stopped: 0,0000601 seconds, Stopping threads took: 0,0000152 seconds
2017-07-12T07:35:59.359+0200: 117,456: Total time for which application threads were stopped: 0,0001174 seconds, Stopping threads took: 0,0000451 seconds
2017-07-12T07:36:04.360+0200: 122,456: Total time for which application threads were stopped: 0,0000649 seconds, Stopping threads took: 0,0000156 seconds
2017-07-12T07:57:33.492+0200: 1411,588: Total time for which application threads were stopped: 0,0001094 seconds, Stopping threads took: 0,0000518 seconds
2017-07-12T08:01:48.517+0200: 1666,613: Total time for which application threads were stopped: 0,0001089 seconds, Stopping threads took: 0,0000473 seconds
2017-07-12T08:12:23.582+0200: 2301,678: Total time for which application threads were stopped: 0,0001315 seconds, Stopping threads took: 0,0000550 seconds
2017-07-12T08:12:24.582+0200: 2302,678: Total time for which application threads were stopped: 0,0000965 seconds, Stopping threads took: 0,0000189 seconds
2017-07-12T08:14:24.595+0200: 2422,691: Total time for which application threads were stopped: 0,0000871 seconds, Stopping threads took: 0,0000334 seconds
2017-07-12T08:27:19.702+0200: 3197,799: Total time for which application threads were stopped: 0,0001076 seconds, Stopping threads took: 0,0000380 seconds
2017-07-12T08:38:38.787+0200: 3876,884: Total time for which application threads were stopped: 0,0000813 seconds, Stopping threads took: 0,0000332 seconds
2017-07-12T08:38:43.788+0200: 3881,884: Total time for which application threads were stopped: 0,0000699 seconds, Stopping threads took: 0,0000169 seconds
2017-07-12T08:39:43.796+0200: 3941,893: Total time for which application threads were stopped: 0,0001656 seconds, Stopping threads took: 0,0000622 seconds
2017-07-12T08:40:03.799+0200: 3961,895: Total time for which application threads were stopped: 0,0000861 seconds, Stopping threads took: 0,0000295 seconds
2017-07-12T08:52:39.904+0200: 4718,000: Total time for which application threads were stopped: 0,0000908 seconds, Stopping threads took: 0,0000332 seconds
2017-07-12T09:10:34.025+0200: 5792,122: Total time for which application threads were stopped: 0,0001074 seconds, Stopping threads took: 0,0000297 seconds
2017-07-12T09:18:24.076+0200: 6262,172: Total time for which application threads were stopped: 0,0000763 seconds, Stopping threads took: 0,0000291 seconds
2017-07-12T09:30:34.151+0200: 6992,247: Total time for which application threads were stopped: 0,0004270 seconds, Stopping threads took: 0,0001545 seconds
2017-07-12T09:33:34.170+0200: 7172,266: Total time for which application threads were stopped: 0,0000834 seconds, Stopping threads took: 0,0000328 seconds
2017-07-12T09:35:34.182+0200: 7292,278: Total time for which application threads were stopped: 0,0000890 seconds, Stopping threads took: 0,0000282 seconds
2017-07-12T09:36:04.185+0200: 7322,281: Total time for which application threads were stopped: 0,0000898 seconds, Stopping threads took: 0,0000366 seconds
2017-07-12T09:42:04.223+0200: 7682,320: Total time for which application threads were stopped: 0,0001212 seconds, Stopping threads took: 0,0000455 seconds
2017-07-12T10:44:45.167+0200: 11443,263: Total time for which application threads were stopped: 0,0212418 seconds, Stopping threads took: 0,0211600 seconds
2017-07-12T10:44:45.169+0200: 11443,265: Total time for which application threads were stopped: 0,0001189 seconds, Stopping threads took: 0,0000338 seconds
2017-07-12T10:44:45.170+0200: 11443,266: Total time for which application threads were stopped: 0,0000865 seconds, Stopping threads took: 0,0000254 seconds
2017-07-12T10:44:45.170+0200: 11443,266: Total time for which application threads were stopped: 0,0000540 seconds, Stopping threads took: 0,0000161 seconds
2017-07-12T10:44:45.170+0200: 11443,267: Total time for which application threads were stopped: 0,0000435 seconds, Stopping threads took: 0,0000117 seconds
2017-07-12T10:44:45.170+0200: 11443,267: Total time for which application threads were stopped: 0,0000419 seconds, Stopping threads took: 0,0000111 seconds
2017-07-12T10:44:45.170+0200: 11443,267: Total time for which application threads were stopped: 0,0000507 seconds, Stopping threads took: 0,0000167 seconds
2017-07-12T10:44:45.170+0200: 11443,267: Total time for which application threads were stopped: 0,0000433 seconds, Stopping threads took: 0,0000131 seconds
2017-07-12T10:44:45.171+0200: 11443,267: Total time for which application threads were stopped: 0,0000458 seconds, Stopping threads took: 0,0000132 seconds
2017-07-12T10:44:45.193+0200: 11443,289: Total time for which application threads were stopped: 0,0155387 seconds, Stopping threads took: 0,0152923 seconds
2017-07-12T10:44:45.193+0200: 11443,289: Total time for which application threads were stopped: 0,0000547 seconds, Stopping threads took: 0,0000088 seconds
2017-07-12T10:44:45.193+0200: 11443,289: Total time for which application threads were stopped: 0,0000488 seconds, Stopping threads took: 0,0000065 seconds
2017-07-12T10:44:45.193+0200: 11443,289: Total time for which application threads were stopped: 0,0000465 seconds, Stopping threads took: 0,0000082 seconds
2017-07-12T10:44:45.193+0200: 11443,290: Total time for which application threads were stopped: 0,0000434 seconds, Stopping threads took: 0,0000055 seconds
2017-07-12T10:44:45.195+0200: 11443,291: Total time for which application threads were stopped: 0,0000772 seconds, Stopping threads took: 0,0000116 seconds
2017-07-12T10:44:45.195+0200: 11443,291: Total time for which application threads were stopped: 0,0000577 seconds, Stopping threads took: 0,0000080 seconds
2017-07-12T10:44:45.195+0200: 11443,291: Total time for which application threads were stopped: 0,0000462 seconds, Stopping threads took: 0,0000063 seconds
2017-07-12T10:44:45.195+0200: 11443,291: Total time for which application threads were stopped: 0,0000450 seconds, Stopping threads took: 0,0000059 seconds
2017-07-12T10:44:45.195+0200: 11443,292: Total time for which application threads were stopped: 0,0000442 seconds, Stopping threads took: 0,0000063 seconds
2017-07-12T10:44:45.195+0200: 11443,292: Total time for which application threads were stopped: 0,0000390 seconds, Stopping threads took: 0,0000051 seconds
2017-07-12T10:44:45.195+0200: 11443,292: Total time for which application threads were stopped: 0,0000418 seconds, Stopping threads took: 0,0000059 seconds
2017-07-12T10:44:45.195+0200: 11443,292: Total time for which application threads were stopped: 0,0000403 seconds, Stopping threads took: 0,0000058 seconds
2017-07-12T10:44:45.195+0200: 11443,292: Total time for which application threads were stopped: 0,0000409 seconds, Stopping threads took: 0,0000060 seconds
2017-07-12T10:44:45.196+0200: 11443,292: Total time for which application threads were stopped: 0,0000380 seconds, Stopping threads took: 0,0000051 seconds
2017-07-12T10:44:45.201+0200: 11443,298: Total time for which application threads were stopped: 0,0000793 seconds, Stopping threads took: 0,0000136 seconds
2017-07-12T10:44:45.201+0200: 11443,298: Total time for which application threads were stopped: 0,0000396 seconds, Stopping threads took: 0,0000055 seconds
2017-07-12T10:44:45.202+0200: 11443,299: Total time for which application threads were stopped: 0,0002719 seconds, Stopping threads took: 0,0000453 seconds
2017-07-12T10:44:45.206+0200: 11443,303: Total time for which application threads were stopped: 0,0020627 seconds, Stopping threads took: 0,0019757 seconds
2017-07-12T10:44:45.208+0200: 11443,305: Total time for which application threads were stopped: 0,0000931 seconds, Stopping threads took: 0,0000209 seconds
2017-07-12T10:44:45.210+0200: 11443,307: Total time for which application threads were stopped: 0,0001161 seconds, Stopping threads took: 0,0000274 seconds
2017-07-12T10:44:45.214+0200: 11443,310: Total time for which application threads were stopped: 0,0000981 seconds, Stopping threads took: 0,0000232 seconds
2017-07-12T10:44:45.215+0200: 11443,312: Total time for which application threads were stopped: 0,0001249 seconds, Stopping threads took: 0,0000603 seconds
2017-07-12T10:44:45.216+0200: 11443,312: Total time for which application threads were stopped: 0,0000953 seconds, Stopping threads took: 0,0000361 seconds
2017-07-12T10:44:45.218+0200: 11443,314: Total time for which application threads were stopped: 0,0004826 seconds, Stopping threads took: 0,0004079 seconds
2017-07-12T10:44:45.218+0200: 11443,314: Total time for which application threads were stopped: 0,0000509 seconds, Stopping threads took: 0,0000074 seconds
2017-07-12T10:44:45.219+0200: 11443,315: Total time for which application threads were stopped: 0,0000983 seconds, Stopping threads took: 0,0000279 seconds
2017-07-12T10:44:45.219+0200: 11443,316: Total time for which application threads were stopped: 0,0001017 seconds, Stopping threads took: 0,0000161 seconds
2017-07-12T10:44:45.219+0200: 11443,316: Total time for which application threads were stopped: 0,0000769 seconds, Stopping threads took: 0,0000101 seconds
2017-07-12T10:44:45.220+0200: 11443,316: Total time for which application threads were stopped: 0,0000808 seconds, Stopping threads took: 0,0000295 seconds
2017-07-12T10:44:45.220+0200: 11443,316: Total time for which application threads were stopped: 0,0000983 seconds, Stopping threads took: 0,0000503 seconds
2017-07-12T10:44:45.220+0200: 11443,316: Total time for which application threads were stopped: 0,0000472 seconds, Stopping threads took: 0,0000063 seconds
2017-07-12T10:44:45.220+0200: 11443,316: Total time for which application threads were stopped: 0,0000426 seconds, Stopping threads took: 0,0000053 seconds
2017-07-12T10:44:45.220+0200: 11443,317: Total time for which application threads were stopped: 0,0000555 seconds, Stopping threads took: 0,0000160 seconds
2017-07-12T10:44:45.220+0200: 11443,317: Total time for which application threads were stopped: 0,0000474 seconds, Stopping threads took: 0,0000083 seconds
2017-07-12T10:44:45.220+0200: 11443,317: Total time for which application threads were stopped: 0,0000408 seconds, Stopping threads took: 0,0000058 seconds
2017-07-12T10:44:45.221+0200: 11443,317: Total time for which application threads were stopped: 0,0000550 seconds, Stopping threads took: 0,0000079 seconds
2017-07-12T10:44:45.221+0200: 11443,317: Total time for which application threads were stopped: 0,0000455 seconds, Stopping threads took: 0,0000069 seconds
2017-07-12T10:44:45.221+0200: 11443,317: Total time for which application threads were stopped: 0,0000418 seconds, Stopping threads took: 0,0000058 seconds
2017-07-12T10:44:45.222+0200: 11443,319: Total time for which application threads were stopped: 0,0001094 seconds, Stopping threads took: 0,0000384 seconds
2017-07-12T10:44:45.222+0200: 11443,319: Total time for which application threads were stopped: 0,0000544 seconds, Stopping threads took: 0,0000089 seconds
2017-07-12T10:44:45.223+0200: 11443,319: Total time for which application threads were stopped: 0,0001802 seconds, Stopping threads took: 0,0000077 seconds
2017-07-12T10:44:45.224+0200: 11443,320: Total time for which application threads were stopped: 0,0001212 seconds, Stopping threads took: 0,0000532 seconds
2017-07-12T10:44:45.227+0200: 11443,323: Total time for which application threads were stopped: 0,0001343 seconds, Stopping threads took: 0,0000403 seconds
2017-07-12T10:44:45.234+0200: 11443,330: Total time for which application threads were stopped: 0,0003136 seconds, Stopping threads took: 0,0000365 seconds
2017-07-12T10:44:45.235+0200: 11443,331: Total time for which application threads were stopped: 0,0001232 seconds, Stopping threads took: 0,0000291 seconds
Heap
 par new generation   total 109248K, used 46905K [0x00000000e0000000, 0x00000000e8000000, 0x00000000e8000000)
  eden space 87424K,  36% used [0x00000000e0000000, 0x00000000e1f5ae08, 0x00000000e5560000)
  from space 21824K,  67% used [0x00000000e6ab0000, 0x00000000e7923930, 0x00000000e8000000)
  to   space 21824K,   0% used [0x00000000e5560000, 0x00000000e5560000, 0x00000000e6ab0000)
 concurrent mark-sweep generation total 393216K, used 6423K [0x00000000e8000000, 0x0000000100000000, 0x0000000100000000)
 Metaspace       used 28144K, capacity 28685K, committed 28996K, reserved 1075200K
  class space    used 3223K, capacity 3388K, committed 3400K, reserved 1048576K
