OpenJDK 64-Bit Server VM (25.121-b13) for linux-amd64 JRE (1.8.0_121-8u121-b13-0ubuntu1.16.04.2-b13), built on Jan 23 2017 15:51:29 by "buildd" with gcc 5.4.0 20160609
Memory: 4k page, physical 7867764k(7420472k free), swap 8076284k(8076284k free)
CommandLine flags: -XX:CMSInitiatingOccupancyFraction=50 -XX:CMSMaxAbortablePrecleanTime=6000 -XX:+CMSParallelRemarkEnabled -XX:+CMSScavengeBeforeRemark -XX:ConcGCThreads=4 -XX:InitialHeapSize=536870912 -XX:MaxHeapSize=536870912 -XX:MaxTenuringThreshold=8 -XX:NewRatio=3 -XX:OldPLABSize=16 -XX:OnOutOfMemoryError=/opt/solr/bin/oom_solr.sh 8983 /var/solr/logs -XX:ParallelGCThreads=4 -XX:+ParallelRefProcEnabled -XX:PretenureSizeThreshold=67108864 -XX:+PrintGC -XX:+PrintGCApplicationStoppedTime -XX:+PrintGCDateStamps -XX:+PrintGCDetails -XX:+PrintGCTimeStamps -XX:+PrintHeapAtGC -XX:+PrintTenuringDistribution -XX:SurvivorRatio=4 -XX:TargetSurvivorRatio=90 -XX:ThreadStackSize=256 -XX:+UseCMSInitiatingOccupancyOnly -XX:+UseCompressedClassPointers -XX:+UseCompressedOops -XX:+UseConcMarkSweepGC -XX:+UseParNewGC 
2017-05-06T11:27:23.997+0200: 0,138: Total time for which application threads were stopped: 0,0000843 seconds, Stopping threads took: 0,0000357 seconds
2017-05-06T11:27:24.090+0200: 0,232: Total time for which application threads were stopped: 0,0001205 seconds, Stopping threads took: 0,0000139 seconds
2017-05-06T11:27:24.112+0200: 0,254: Total time for which application threads were stopped: 0,0000886 seconds, Stopping threads took: 0,0000178 seconds
2017-05-06T11:27:24.414+0200: 0,555: Total time for which application threads were stopped: 0,0001551 seconds, Stopping threads took: 0,0000275 seconds
2017-05-06T11:27:24.954+0200: 1,096: Total time for which application threads were stopped: 0,0002138 seconds, Stopping threads took: 0,0000406 seconds
2017-05-06T11:27:25.044+0200: 1,186: Total time for which application threads were stopped: 0,0010099 seconds, Stopping threads took: 0,0001545 seconds
2017-05-06T11:27:25.118+0200: 1,260: Total time for which application threads were stopped: 0,0002710 seconds, Stopping threads took: 0,0000258 seconds
2017-05-06T11:27:25.648+0200: 1,789: Total time for which application threads were stopped: 0,0001815 seconds, Stopping threads took: 0,0000237 seconds
2017-05-06T11:27:25.853+0200: 1,994: Total time for which application threads were stopped: 0,0001944 seconds, Stopping threads took: 0,0000146 seconds
2017-05-06T11:27:25.872+0200: 2,013: Total time for which application threads were stopped: 0,0001834 seconds, Stopping threads took: 0,0000217 seconds
2017-05-06T11:27:25.900+0200: 2,041: Total time for which application threads were stopped: 0,0001973 seconds, Stopping threads took: 0,0000209 seconds
2017-05-06T11:27:25.901+0200: 2,043: Total time for which application threads were stopped: 0,0001748 seconds, Stopping threads took: 0,0000154 seconds
2017-05-06T11:27:25.915+0200: 2,056: Total time for which application threads were stopped: 0,0001747 seconds, Stopping threads took: 0,0000149 seconds
2017-05-06T11:27:25.986+0200: 2,128: Total time for which application threads were stopped: 0,0002381 seconds, Stopping threads took: 0,0000235 seconds
2017-05-06T11:27:26.156+0200: 2,298: Total time for which application threads were stopped: 0,0005369 seconds, Stopping threads took: 0,0003242 seconds
{Heap before GC invocations=0 (full 0):
 par new generation   total 109248K, used 87424K [0x00000000e0000000, 0x00000000e8000000, 0x00000000e8000000)
  eden space 87424K, 100% used [0x00000000e0000000, 0x00000000e5560000, 0x00000000e5560000)
  from space 21824K,   0% used [0x00000000e5560000, 0x00000000e5560000, 0x00000000e6ab0000)
  to   space 21824K,   0% used [0x00000000e6ab0000, 0x00000000e6ab0000, 0x00000000e8000000)
 concurrent mark-sweep generation total 393216K, used 0K [0x00000000e8000000, 0x0000000100000000, 0x0000000100000000)
 Metaspace       used 18005K, capacity 18336K, committed 18688K, reserved 1064960K
  class space    used 2035K, capacity 2196K, committed 2304K, reserved 1048576K
2017-05-06T11:27:26.233+0200: 2,374: [GC (Allocation Failure) 2017-05-06T11:27:26.233+0200: 2,374: [ParNew
Desired survivor size 20112992 bytes, new threshold 8 (max 8)
- age   1:   12404344 bytes,   12404344 total
: 87424K->12223K(109248K), 0,0169760 secs] 87424K->12223K(502464K), 0,0170628 secs] [Times: user=0,05 sys=0,01, real=0,02 secs] 
Heap after GC invocations=1 (full 0):
 par new generation   total 109248K, used 12223K [0x00000000e0000000, 0x00000000e8000000, 0x00000000e8000000)
  eden space 87424K,   0% used [0x00000000e0000000, 0x00000000e0000000, 0x00000000e5560000)
  from space 21824K,  56% used [0x00000000e6ab0000, 0x00000000e769fd78, 0x00000000e8000000)
  to   space 21824K,   0% used [0x00000000e5560000, 0x00000000e5560000, 0x00000000e6ab0000)
 concurrent mark-sweep generation total 393216K, used 0K [0x00000000e8000000, 0x0000000100000000, 0x0000000100000000)
 Metaspace       used 18005K, capacity 18336K, committed 18688K, reserved 1064960K
  class space    used 2035K, capacity 2196K, committed 2304K, reserved 1048576K
}
2017-05-06T11:27:26.250+0200: 2,391: Total time for which application threads were stopped: 0,0184706 seconds, Stopping threads took: 0,0012175 seconds
2017-05-06T11:27:26.550+0200: 2,692: Total time for which application threads were stopped: 0,0003490 seconds, Stopping threads took: 0,0000447 seconds
{Heap before GC invocations=1 (full 0):
 par new generation   total 109248K, used 99647K [0x00000000e0000000, 0x00000000e8000000, 0x00000000e8000000)
  eden space 87424K, 100% used [0x00000000e0000000, 0x00000000e5560000, 0x00000000e5560000)
  from space 21824K,  56% used [0x00000000e6ab0000, 0x00000000e769fd78, 0x00000000e8000000)
  to   space 21824K,   0% used [0x00000000e5560000, 0x00000000e5560000, 0x00000000e6ab0000)
 concurrent mark-sweep generation total 393216K, used 0K [0x00000000e8000000, 0x0000000100000000, 0x0000000100000000)
 Metaspace       used 20025K, capacity 20366K, committed 20736K, reserved 1067008K
  class space    used 2294K, capacity 2469K, committed 2560K, reserved 1048576K
2017-05-06T11:27:26.598+0200: 2,740: [GC (Allocation Failure) 2017-05-06T11:27:26.598+0200: 2,740: [ParNew
Desired survivor size 20112992 bytes, new threshold 8 (max 8)
- age   1:    3756696 bytes,    3756696 total
- age   2:    6635296 bytes,   10391992 total
: 99647K->13626K(109248K), 0,0106495 secs] 99647K->13626K(502464K), 0,0107109 secs] [Times: user=0,04 sys=0,00, real=0,01 secs] 
Heap after GC invocations=2 (full 0):
 par new generation   total 109248K, used 13626K [0x00000000e0000000, 0x00000000e8000000, 0x00000000e8000000)
  eden space 87424K,   0% used [0x00000000e0000000, 0x00000000e0000000, 0x00000000e5560000)
  from space 21824K,  62% used [0x00000000e5560000, 0x00000000e62ae830, 0x00000000e6ab0000)
  to   space 21824K,   0% used [0x00000000e6ab0000, 0x00000000e6ab0000, 0x00000000e8000000)
 concurrent mark-sweep generation total 393216K, used 0K [0x00000000e8000000, 0x0000000100000000, 0x0000000100000000)
 Metaspace       used 20025K, capacity 20366K, committed 20736K, reserved 1067008K
  class space    used 2294K, capacity 2469K, committed 2560K, reserved 1048576K
}
2017-05-06T11:27:26.609+0200: 2,751: Total time for which application threads were stopped: 0,0147863 seconds, Stopping threads took: 0,0039339 seconds
2017-05-06T11:27:26.614+0200: 2,755: Total time for which application threads were stopped: 0,0003360 seconds, Stopping threads took: 0,0000430 seconds
2017-05-06T11:27:26.662+0200: 2,803: Total time for which application threads were stopped: 0,0013573 seconds, Stopping threads took: 0,0009594 seconds
2017-05-06T11:27:26.808+0200: 2,949: Total time for which application threads were stopped: 0,0001466 seconds, Stopping threads took: 0,0000266 seconds
{Heap before GC invocations=2 (full 0):
 par new generation   total 109248K, used 101050K [0x00000000e0000000, 0x00000000e8000000, 0x00000000e8000000)
  eden space 87424K, 100% used [0x00000000e0000000, 0x00000000e5560000, 0x00000000e5560000)
  from space 21824K,  62% used [0x00000000e5560000, 0x00000000e62ae830, 0x00000000e6ab0000)
  to   space 21824K,   0% used [0x00000000e6ab0000, 0x00000000e6ab0000, 0x00000000e8000000)
 concurrent mark-sweep generation total 393216K, used 0K [0x00000000e8000000, 0x0000000100000000, 0x0000000100000000)
 Metaspace       used 20992K, capacity 21352K, committed 21628K, reserved 1069056K
  class space    used 2418K, capacity 2588K, committed 2684K, reserved 1048576K
2017-05-06T11:27:26.857+0200: 2,999: [GC (Allocation Failure) 2017-05-06T11:27:26.857+0200: 2,999: [ParNew
Desired survivor size 20112992 bytes, new threshold 8 (max 8)
- age   1:    2122808 bytes,    2122808 total
- age   2:     875632 bytes,    2998440 total
- age   3:    6631664 bytes,    9630104 total
: 101050K->11504K(109248K), 0,0125367 secs] 101050K->11504K(502464K), 0,0126205 secs] [Times: user=0,05 sys=0,00, real=0,01 secs] 
Heap after GC invocations=3 (full 0):
 par new generation   total 109248K, used 11504K [0x00000000e0000000, 0x00000000e8000000, 0x00000000e8000000)
  eden space 87424K,   0% used [0x00000000e0000000, 0x00000000e0000000, 0x00000000e5560000)
  from space 21824K,  52% used [0x00000000e6ab0000, 0x00000000e75ec100, 0x00000000e8000000)
  to   space 21824K,   0% used [0x00000000e5560000, 0x00000000e5560000, 0x00000000e6ab0000)
 concurrent mark-sweep generation total 393216K, used 0K [0x00000000e8000000, 0x0000000100000000, 0x0000000100000000)
 Metaspace       used 20992K, capacity 21352K, committed 21628K, reserved 1069056K
  class space    used 2418K, capacity 2588K, committed 2684K, reserved 1048576K
}
2017-05-06T11:27:26.870+0200: 3,011: Total time for which application threads were stopped: 0,0128317 seconds, Stopping threads took: 0,0000702 seconds
2017-05-06T11:27:26.874+0200: 3,016: [GC (CMS Initial Mark) [1 CMS-initial-mark: 0K(393216K)] 12964K(502464K), 0,0052575 secs] [Times: user=0,02 sys=0,00, real=0,00 secs] 
2017-05-06T11:27:26.879+0200: 3,021: Total time for which application threads were stopped: 0,0083438 seconds, Stopping threads took: 0,0030043 seconds
2017-05-06T11:27:26.880+0200: 3,021: [CMS-concurrent-mark-start]
2017-05-06T11:27:26.881+0200: 3,022: [CMS-concurrent-mark: 0,001/0,001 secs] [Times: user=0,00 sys=0,00, real=0,00 secs] 
2017-05-06T11:27:26.881+0200: 3,022: [CMS-concurrent-preclean-start]
2017-05-06T11:27:26.882+0200: 3,023: [CMS-concurrent-preclean: 0,001/0,001 secs] [Times: user=0,00 sys=0,00, real=0,00 secs] 
2017-05-06T11:27:26.882+0200: 3,023: [CMS-concurrent-abortable-preclean-start]
2017-05-06T11:27:26.963+0200: 3,104: Total time for which application threads were stopped: 0,0001472 seconds, Stopping threads took: 0,0000316 seconds
{Heap before GC invocations=3 (full 1):
 par new generation   total 109248K, used 98960K [0x00000000e0000000, 0x00000000e8000000, 0x00000000e8000000)
  eden space 87424K, 100% used [0x00000000e0000000, 0x00000000e5560000, 0x00000000e5560000)
  from space 21824K,  52% used [0x00000000e6ab0000, 0x00000000e75f4110, 0x00000000e8000000)
  to   space 21824K,   0% used [0x00000000e5560000, 0x00000000e5560000, 0x00000000e6ab0000)
 concurrent mark-sweep generation total 393216K, used 0K [0x00000000e8000000, 0x0000000100000000, 0x0000000100000000)
 Metaspace       used 21228K, capacity 21545K, committed 21628K, reserved 1069056K
  class space    used 2446K, capacity 2601K, committed 2684K, reserved 1048576K
2017-05-06T11:27:26.966+0200: 3,108: [GC (GCLocker Initiated GC) 2017-05-06T11:27:26.966+0200: 3,108: [ParNew
Desired survivor size 20112992 bytes, new threshold 8 (max 8)
- age   1:    1709168 bytes,    1709168 total
- age   2:    1457120 bytes,    3166288 total
- age   3:     842320 bytes,    4008608 total
- age   4:    6631512 bytes,   10640120 total
: 98960K->16982K(109248K), 0,0226125 secs] 98960K->16982K(502464K), 0,0226715 secs] [Times: user=0,07 sys=0,00, real=0,02 secs] 
Heap after GC invocations=4 (full 1):
 par new generation   total 109248K, used 16982K [0x00000000e0000000, 0x00000000e8000000, 0x00000000e8000000)
  eden space 87424K,   0% used [0x00000000e0000000, 0x00000000e0000000, 0x00000000e5560000)
  from space 21824K,  77% used [0x00000000e5560000, 0x00000000e65f59c0, 0x00000000e6ab0000)
  to   space 21824K,   0% used [0x00000000e6ab0000, 0x00000000e6ab0000, 0x00000000e8000000)
 concurrent mark-sweep generation total 393216K, used 0K [0x00000000e8000000, 0x0000000100000000, 0x0000000100000000)
 Metaspace       used 21228K, capacity 21545K, committed 21628K, reserved 1069056K
  class space    used 2446K, capacity 2601K, committed 2684K, reserved 1048576K
}
2017-05-06T11:27:26.989+0200: 3,130: Total time for which application threads were stopped: 0,0250526 seconds, Stopping threads took: 0,0022479 seconds
2017-05-06T11:27:26.989+0200: 3,130: [CMS-concurrent-abortable-preclean: 0,082/0,107 secs] [Times: user=0,39 sys=0,01, real=0,11 secs] 
2017-05-06T11:27:26.996+0200: 3,138: [GC (CMS Final Remark) [YG occupancy: 21833 K (109248 K)]{Heap before GC invocations=4 (full 1):
 par new generation   total 109248K, used 21833K [0x00000000e0000000, 0x00000000e8000000, 0x00000000e8000000)
  eden space 87424K,   5% used [0x00000000e0000000, 0x00000000e04bcae8, 0x00000000e5560000)
  from space 21824K,  77% used [0x00000000e5560000, 0x00000000e65f59c0, 0x00000000e6ab0000)
  to   space 21824K,   0% used [0x00000000e6ab0000, 0x00000000e6ab0000, 0x00000000e8000000)
 concurrent mark-sweep generation total 393216K, used 0K [0x00000000e8000000, 0x0000000100000000, 0x0000000100000000)
 Metaspace       used 21228K, capacity 21545K, committed 21628K, reserved 1069056K
  class space    used 2446K, capacity 2601K, committed 2684K, reserved 1048576K
2017-05-06T11:27:26.997+0200: 3,138: [GC (CMS Final Remark) 2017-05-06T11:27:26.997+0200: 3,138: [ParNew
Desired survivor size 20112992 bytes, new threshold 8 (max 8)
- age   1:     490120 bytes,     490120 total
- age   2:    1302264 bytes,    1792384 total
- age   3:    1457120 bytes,    3249504 total
- age   4:     842320 bytes,    4091824 total
- age   5:    6631456 bytes,   10723280 total
: 21833K->11801K(109248K), 0,0131419 secs] 21833K->11801K(502464K), 0,0131895 secs] [Times: user=0,05 sys=0,00, real=0,01 secs] 
Heap after GC invocations=5 (full 1):
 par new generation   total 109248K, used 11801K [0x00000000e0000000, 0x00000000e8000000, 0x00000000e8000000)
  eden space 87424K,   0% used [0x00000000e0000000, 0x00000000e0000000, 0x00000000e5560000)
  from space 21824K,  54% used [0x00000000e6ab0000, 0x00000000e76364b0, 0x00000000e8000000)
  to   space 21824K,   0% used [0x00000000e5560000, 0x00000000e5560000, 0x00000000e6ab0000)
 concurrent mark-sweep generation total 393216K, used 0K [0x00000000e8000000, 0x0000000100000000, 0x0000000100000000)
 Metaspace       used 21228K, capacity 21545K, committed 21628K, reserved 1069056K
  class space    used 2446K, capacity 2601K, committed 2684K, reserved 1048576K
}
2017-05-06T11:27:27.010+0200: 3,151: [Rescan (parallel) , 0,0035988 secs]2017-05-06T11:27:27.013+0200: 3,155: [weak refs processing, 0,0005598 secs]2017-05-06T11:27:27.014+0200: 3,156: [class unloading, 0,0028433 secs]2017-05-06T11:27:27.017+0200: 3,158: [scrub symbol table, 0,0025843 secs]2017-05-06T11:27:27.019+0200: 3,161: [scrub string table, 0,0003630 secs][1 CMS-remark: 0K(393216K)] 11801K(502464K), 0,0238097 secs] [Times: user=0,07 sys=0,00, real=0,02 secs] 
2017-05-06T11:27:27.020+0200: 3,162: Total time for which application threads were stopped: 0,0247607 seconds, Stopping threads took: 0,0008476 seconds
2017-05-06T11:27:27.021+0200: 3,162: [CMS-concurrent-sweep-start]
2017-05-06T11:27:27.021+0200: 3,162: [CMS-concurrent-sweep: 0,000/0,000 secs] [Times: user=0,00 sys=0,00, real=0,00 secs] 
2017-05-06T11:27:27.021+0200: 3,163: Total time for which application threads were stopped: 0,0001680 seconds, Stopping threads took: 0,0000640 seconds
2017-05-06T11:27:27.025+0200: 3,167: [CMS-concurrent-reset-start]
2017-05-06T11:27:27.027+0200: 3,169: [CMS-concurrent-reset: 0,002/0,002 secs] [Times: user=0,01 sys=0,00, real=0,01 secs] 
{Heap before GC invocations=5 (full 1):
 par new generation   total 109248K, used 99225K [0x00000000e0000000, 0x00000000e8000000, 0x00000000e8000000)
  eden space 87424K, 100% used [0x00000000e0000000, 0x00000000e5560000, 0x00000000e5560000)
  from space 21824K,  54% used [0x00000000e6ab0000, 0x00000000e76364b0, 0x00000000e8000000)
  to   space 21824K,   0% used [0x00000000e5560000, 0x00000000e5560000, 0x00000000e6ab0000)
 concurrent mark-sweep generation total 393216K, used 0K [0x00000000e8000000, 0x0000000100000000, 0x0000000100000000)
 Metaspace       used 21402K, capacity 21797K, committed 21884K, reserved 1069056K
  class space    used 2469K, capacity 2638K, committed 2684K, reserved 1048576K
2017-05-06T11:27:27.108+0200: 3,250: [GC (Allocation Failure) 2017-05-06T11:27:27.108+0200: 3,250: [ParNew
Desired survivor size 20112992 bytes, new threshold 8 (max 8)
- age   1:     781024 bytes,     781024 total
- age   2:       4888 bytes,     785912 total
- age   3:     185824 bytes,     971736 total
- age   4:    1456328 bytes,    2428064 total
- age   5:     840400 bytes,    3268464 total
- age   6:    6631464 bytes,    9899928 total
: 99225K->13551K(109248K), 0,0101498 secs] 99225K->13551K(502464K), 0,0102371 secs] [Times: user=0,03 sys=0,00, real=0,01 secs] 
Heap after GC invocations=6 (full 1):
 par new generation   total 109248K, used 13551K [0x00000000e0000000, 0x00000000e8000000, 0x00000000e8000000)
  eden space 87424K,   0% used [0x00000000e0000000, 0x00000000e0000000, 0x00000000e5560000)
  from space 21824K,  62% used [0x00000000e5560000, 0x00000000e629bc90, 0x00000000e6ab0000)
  to   space 21824K,   0% used [0x00000000e6ab0000, 0x00000000e6ab0000, 0x00000000e8000000)
 concurrent mark-sweep generation total 393216K, used 0K [0x00000000e8000000, 0x0000000100000000, 0x0000000100000000)
 Metaspace       used 21402K, capacity 21797K, committed 21884K, reserved 1069056K
  class space    used 2469K, capacity 2638K, committed 2684K, reserved 1048576K
}
2017-05-06T11:27:27.119+0200: 3,260: Total time for which application threads were stopped: 0,0104652 seconds, Stopping threads took: 0,0000413 seconds
2017-05-06T11:27:27.145+0200: 3,287: Total time for which application threads were stopped: 0,0002930 seconds, Stopping threads took: 0,0000167 seconds
2017-05-06T11:27:27.392+0200: 3,533: Total time for which application threads were stopped: 0,0005284 seconds, Stopping threads took: 0,0000349 seconds
2017-05-06T11:27:27.413+0200: 3,554: Total time for which application threads were stopped: 0,0004167 seconds, Stopping threads took: 0,0000284 seconds
{Heap before GC invocations=6 (full 1):
 par new generation   total 109248K, used 100975K [0x00000000e0000000, 0x00000000e8000000, 0x00000000e8000000)
  eden space 87424K, 100% used [0x00000000e0000000, 0x00000000e5560000, 0x00000000e5560000)
  from space 21824K,  62% used [0x00000000e5560000, 0x00000000e629bc90, 0x00000000e6ab0000)
  to   space 21824K,   0% used [0x00000000e6ab0000, 0x00000000e6ab0000, 0x00000000e8000000)
 concurrent mark-sweep generation total 393216K, used 0K [0x00000000e8000000, 0x0000000100000000, 0x0000000100000000)
 Metaspace       used 23978K, capacity 24391K, committed 24572K, reserved 1071104K
  class space    used 2832K, capacity 3013K, committed 3068K, reserved 1048576K
2017-05-06T11:27:27.589+0200: 3,731: [GC (Allocation Failure) 2017-05-06T11:27:27.589+0200: 3,731: [ParNew
Desired survivor size 20112992 bytes, new threshold 8 (max 8)
- age   1:    5234448 bytes,    5234448 total
- age   2:     153608 bytes,    5388056 total
- age   3:       4840 bytes,    5392896 total
- age   4:     178032 bytes,    5570928 total
- age   5:     287048 bytes,    5857976 total
- age   6:     816104 bytes,    6674080 total
- age   7:    6623192 bytes,   13297272 total
: 100975K->14710K(109248K), 0,0252482 secs] 100975K->14710K(502464K), 0,0253119 secs] [Times: user=0,05 sys=0,00, real=0,03 secs] 
Heap after GC invocations=7 (full 1):
 par new generation   total 109248K, used 14710K [0x00000000e0000000, 0x00000000e8000000, 0x00000000e8000000)
  eden space 87424K,   0% used [0x00000000e0000000, 0x00000000e0000000, 0x00000000e5560000)
  from space 21824K,  67% used [0x00000000e6ab0000, 0x00000000e790d800, 0x00000000e8000000)
  to   space 21824K,   0% used [0x00000000e5560000, 0x00000000e5560000, 0x00000000e6ab0000)
 concurrent mark-sweep generation total 393216K, used 0K [0x00000000e8000000, 0x0000000100000000, 0x0000000100000000)
 Metaspace       used 23978K, capacity 24391K, committed 24572K, reserved 1071104K
  class space    used 2832K, capacity 3013K, committed 3068K, reserved 1048576K
}
2017-05-06T11:27:27.615+0200: 3,756: Total time for which application threads were stopped: 0,0255935 seconds, Stopping threads took: 0,0000790 seconds
{Heap before GC invocations=7 (full 1):
 par new generation   total 109248K, used 102134K [0x00000000e0000000, 0x00000000e8000000, 0x00000000e8000000)
  eden space 87424K, 100% used [0x00000000e0000000, 0x00000000e5560000, 0x00000000e5560000)
  from space 21824K,  67% used [0x00000000e6ab0000, 0x00000000e790d800, 0x00000000e8000000)
  to   space 21824K,   0% used [0x00000000e5560000, 0x00000000e5560000, 0x00000000e6ab0000)
 concurrent mark-sweep generation total 393216K, used 0K [0x00000000e8000000, 0x0000000100000000, 0x0000000100000000)
 Metaspace       used 24434K, capacity 24877K, committed 25084K, reserved 1071104K
  class space    used 2860K, capacity 3046K, committed 3068K, reserved 1048576K
2017-05-06T11:27:27.726+0200: 3,868: [GC (Allocation Failure) 2017-05-06T11:27:27.726+0200: 3,868: [ParNew
Desired survivor size 20112992 bytes, new threshold 8 (max 8)
- age   1:    1649440 bytes,    1649440 total
- age   2:    1812208 bytes,    3461648 total
- age   3:      72856 bytes,    3534504 total
- age   4:        200 bytes,    3534704 total
- age   5:     107296 bytes,    3642000 total
- age   6:     181584 bytes,    3823584 total
- age   7:     782016 bytes,    4605600 total
- age   8:    6090112 bytes,   10695712 total
: 102134K->19617K(109248K), 0,0166199 secs] 102134K->19617K(502464K), 0,0167462 secs] [Times: user=0,06 sys=0,01, real=0,02 secs] 
Heap after GC invocations=8 (full 1):
 par new generation   total 109248K, used 19617K [0x00000000e0000000, 0x00000000e8000000, 0x00000000e8000000)
  eden space 87424K,   0% used [0x00000000e0000000, 0x00000000e0000000, 0x00000000e5560000)
  from space 21824K,  89% used [0x00000000e5560000, 0x00000000e68886a8, 0x00000000e6ab0000)
  to   space 21824K,   0% used [0x00000000e6ab0000, 0x00000000e6ab0000, 0x00000000e8000000)
 concurrent mark-sweep generation total 393216K, used 0K [0x00000000e8000000, 0x0000000100000000, 0x0000000100000000)
 Metaspace       used 24434K, capacity 24877K, committed 25084K, reserved 1071104K
  class space    used 2860K, capacity 3046K, committed 3068K, reserved 1048576K
}
2017-05-06T11:27:27.743+0200: 3,884: Total time for which application threads were stopped: 0,0170353 seconds, Stopping threads took: 0,0000824 seconds
{Heap before GC invocations=8 (full 1):
 par new generation   total 109248K, used 107041K [0x00000000e0000000, 0x00000000e8000000, 0x00000000e8000000)
  eden space 87424K, 100% used [0x00000000e0000000, 0x00000000e5560000, 0x00000000e5560000)
  from space 21824K,  89% used [0x00000000e5560000, 0x00000000e68886a8, 0x00000000e6ab0000)
  to   space 21824K,   0% used [0x00000000e6ab0000, 0x00000000e6ab0000, 0x00000000e8000000)
 concurrent mark-sweep generation total 393216K, used 0K [0x00000000e8000000, 0x0000000100000000, 0x0000000100000000)
 Metaspace       used 24697K, capacity 25191K, committed 25468K, reserved 1071104K
  class space    used 2887K, capacity 3083K, committed 3196K, reserved 1048576K
2017-05-06T11:27:27.841+0200: 3,983: [GC (Allocation Failure) 2017-05-06T11:27:27.841+0200: 3,983: [ParNew
Desired survivor size 20112992 bytes, new threshold 8 (max 8)
- age   1:     732728 bytes,     732728 total
- age   2:     961976 bytes,    1694704 total
- age   3:    1798832 bytes,    3493536 total
- age   4:      72824 bytes,    3566360 total
- age   5:        200 bytes,    3566560 total
- age   6:     107128 bytes,    3673688 total
- age   7:     178784 bytes,    3852472 total
- age   8:     781248 bytes,    4633720 total
: 107041K->7141K(109248K), 0,0310298 secs] 107041K->13171K(502464K), 0,0311014 secs] [Times: user=0,11 sys=0,00, real=0,03 secs] 
Heap after GC invocations=9 (full 1):
 par new generation   total 109248K, used 7141K [0x00000000e0000000, 0x00000000e8000000, 0x00000000e8000000)
  eden space 87424K,   0% used [0x00000000e0000000, 0x00000000e0000000, 0x00000000e5560000)
  from space 21824K,  32% used [0x00000000e6ab0000, 0x00000000e71a95a0, 0x00000000e8000000)
  to   space 21824K,   0% used [0x00000000e5560000, 0x00000000e5560000, 0x00000000e6ab0000)
 concurrent mark-sweep generation total 393216K, used 6029K [0x00000000e8000000, 0x0000000100000000, 0x0000000100000000)
 Metaspace       used 24697K, capacity 25191K, committed 25468K, reserved 1071104K
  class space    used 2887K, capacity 3083K, committed 3196K, reserved 1048576K
}
2017-05-06T11:27:27.873+0200: 4,014: Total time for which application threads were stopped: 0,0313603 seconds, Stopping threads took: 0,0000618 seconds
2017-05-06T11:27:27.911+0200: 4,052: Total time for which application threads were stopped: 0,0004510 seconds, Stopping threads took: 0,0000707 seconds
2017-05-06T11:27:28.002+0200: 4,144: Total time for which application threads were stopped: 0,0041106 seconds, Stopping threads took: 0,0039921 seconds
2017-05-06T11:27:28.006+0200: 4,147: Total time for which application threads were stopped: 0,0001488 seconds, Stopping threads took: 0,0000467 seconds
2017-05-06T11:27:28.006+0200: 4,147: Total time for which application threads were stopped: 0,0000932 seconds, Stopping threads took: 0,0000232 seconds
2017-05-06T11:27:28.006+0200: 4,148: Total time for which application threads were stopped: 0,0001314 seconds, Stopping threads took: 0,0000504 seconds
2017-05-06T11:27:28.006+0200: 4,148: Total time for which application threads were stopped: 0,0000929 seconds, Stopping threads took: 0,0000242 seconds
2017-05-06T11:27:28.007+0200: 4,148: Total time for which application threads were stopped: 0,0000869 seconds, Stopping threads took: 0,0000238 seconds
2017-05-06T11:27:28.007+0200: 4,148: Total time for which application threads were stopped: 0,0000789 seconds, Stopping threads took: 0,0000222 seconds
2017-05-06T11:27:28.013+0200: 4,155: Total time for which application threads were stopped: 0,0002071 seconds, Stopping threads took: 0,0000914 seconds
2017-05-06T11:27:28.013+0200: 4,155: Total time for which application threads were stopped: 0,0001091 seconds, Stopping threads took: 0,0000292 seconds
2017-05-06T11:27:28.014+0200: 4,155: Total time for which application threads were stopped: 0,0001574 seconds, Stopping threads took: 0,0000332 seconds
2017-05-06T11:27:28.014+0200: 4,156: Total time for which application threads were stopped: 0,0001188 seconds, Stopping threads took: 0,0000351 seconds
2017-05-06T11:27:28.018+0200: 4,160: Total time for which application threads were stopped: 0,0039777 seconds, Stopping threads took: 0,0038637 seconds
2017-05-06T11:27:28.019+0200: 4,160: Total time for which application threads were stopped: 0,0001172 seconds, Stopping threads took: 0,0000421 seconds
2017-05-06T11:27:28.019+0200: 4,160: Total time for which application threads were stopped: 0,0001158 seconds, Stopping threads took: 0,0000215 seconds
2017-05-06T11:27:28.019+0200: 4,161: Total time for which application threads were stopped: 0,0000932 seconds, Stopping threads took: 0,0000405 seconds
2017-05-06T11:27:28.019+0200: 4,161: Total time for which application threads were stopped: 0,0001035 seconds, Stopping threads took: 0,0000374 seconds
2017-05-06T11:27:28.020+0200: 4,161: Total time for which application threads were stopped: 0,0000800 seconds, Stopping threads took: 0,0000270 seconds
2017-05-06T11:27:28.023+0200: 4,165: Total time for which application threads were stopped: 0,0004362 seconds, Stopping threads took: 0,0003261 seconds
2017-05-06T11:27:28.030+0200: 4,172: Total time for which application threads were stopped: 0,0001084 seconds, Stopping threads took: 0,0000248 seconds
2017-05-06T11:27:28.031+0200: 4,172: Total time for which application threads were stopped: 0,0000599 seconds, Stopping threads took: 0,0000098 seconds
2017-05-06T11:27:28.031+0200: 4,172: Total time for which application threads were stopped: 0,0001811 seconds, Stopping threads took: 0,0000113 seconds
2017-05-06T11:27:28.036+0200: 4,178: Total time for which application threads were stopped: 0,0001084 seconds, Stopping threads took: 0,0000216 seconds
2017-05-06T11:27:28.038+0200: 4,179: Total time for which application threads were stopped: 0,0000951 seconds, Stopping threads took: 0,0000211 seconds
2017-05-06T11:27:28.038+0200: 4,180: Total time for which application threads were stopped: 0,0000946 seconds, Stopping threads took: 0,0000216 seconds
2017-05-06T11:27:28.039+0200: 4,180: Total time for which application threads were stopped: 0,0000508 seconds, Stopping threads took: 0,0000092 seconds
2017-05-06T11:27:28.039+0200: 4,180: Total time for which application threads were stopped: 0,0001228 seconds, Stopping threads took: 0,0000084 seconds
2017-05-06T11:27:28.048+0200: 4,189: Total time for which application threads were stopped: 0,0001035 seconds, Stopping threads took: 0,0000238 seconds
2017-05-06T11:27:28.048+0200: 4,190: Total time for which application threads were stopped: 0,0000844 seconds, Stopping threads took: 0,0000174 seconds
2017-05-06T11:27:28.062+0200: 4,204: Total time for which application threads were stopped: 0,0039708 seconds, Stopping threads took: 0,0038863 seconds
2017-05-06T11:27:28.074+0200: 4,216: Total time for which application threads were stopped: 0,0001460 seconds, Stopping threads took: 0,0000455 seconds
2017-05-06T11:27:28.075+0200: 4,216: Total time for which application threads were stopped: 0,0001328 seconds, Stopping threads took: 0,0000396 seconds
2017-05-06T11:27:28.075+0200: 4,217: Total time for which application threads were stopped: 0,0001895 seconds, Stopping threads took: 0,0000873 seconds
2017-05-06T11:27:28.075+0200: 4,217: Total time for which application threads were stopped: 0,0001307 seconds, Stopping threads took: 0,0000525 seconds
2017-05-06T11:27:28.076+0200: 4,217: Total time for which application threads were stopped: 0,0001808 seconds, Stopping threads took: 0,0001034 seconds
2017-05-06T11:27:28.076+0200: 4,218: Total time for which application threads were stopped: 0,0003128 seconds, Stopping threads took: 0,0002446 seconds
2017-05-06T11:27:28.076+0200: 4,218: Total time for which application threads were stopped: 0,0001238 seconds, Stopping threads took: 0,0000580 seconds
2017-05-06T11:27:28.078+0200: 4,219: Total time for which application threads were stopped: 0,0012180 seconds, Stopping threads took: 0,0011174 seconds
2017-05-06T11:27:28.078+0200: 4,219: Total time for which application threads were stopped: 0,0001598 seconds, Stopping threads took: 0,0000976 seconds
2017-05-06T11:27:28.078+0200: 4,220: Total time for which application threads were stopped: 0,0001344 seconds, Stopping threads took: 0,0000654 seconds
2017-05-06T11:27:28.078+0200: 4,220: Total time for which application threads were stopped: 0,0000771 seconds, Stopping threads took: 0,0000238 seconds
2017-05-06T11:27:28.079+0200: 4,220: Total time for which application threads were stopped: 0,0000914 seconds, Stopping threads took: 0,0000372 seconds
2017-05-06T11:27:28.079+0200: 4,220: Total time for which application threads were stopped: 0,0000698 seconds, Stopping threads took: 0,0000182 seconds
2017-05-06T11:27:28.079+0200: 4,220: Total time for which application threads were stopped: 0,0000673 seconds, Stopping threads took: 0,0000210 seconds
2017-05-06T11:27:28.079+0200: 4,221: Total time for which application threads were stopped: 0,0000867 seconds, Stopping threads took: 0,0000230 seconds
2017-05-06T11:27:28.079+0200: 4,221: Total time for which application threads were stopped: 0,0000848 seconds, Stopping threads took: 0,0000312 seconds
2017-05-06T11:27:28.079+0200: 4,221: Total time for which application threads were stopped: 0,0000861 seconds, Stopping threads took: 0,0000265 seconds
2017-05-06T11:27:28.080+0200: 4,221: Total time for which application threads were stopped: 0,0000926 seconds, Stopping threads took: 0,0000315 seconds
2017-05-06T11:27:28.080+0200: 4,222: Total time for which application threads were stopped: 0,0004624 seconds, Stopping threads took: 0,0002754 seconds
2017-05-06T11:27:28.081+0200: 4,222: Total time for which application threads were stopped: 0,0001024 seconds, Stopping threads took: 0,0000357 seconds
2017-05-06T11:27:28.081+0200: 4,223: Total time for which application threads were stopped: 0,0001327 seconds, Stopping threads took: 0,0000567 seconds
2017-05-06T11:27:28.087+0200: 4,228: Total time for which application threads were stopped: 0,0001565 seconds, Stopping threads took: 0,0000380 seconds
2017-05-06T11:27:28.087+0200: 4,228: Total time for which application threads were stopped: 0,0000663 seconds, Stopping threads took: 0,0000104 seconds
2017-05-06T11:27:28.088+0200: 4,230: Total time for which application threads were stopped: 0,0001102 seconds, Stopping threads took: 0,0000455 seconds
2017-05-06T11:27:28.088+0200: 4,230: Total time for which application threads were stopped: 0,0000951 seconds, Stopping threads took: 0,0000154 seconds
2017-05-06T11:27:28.090+0200: 4,232: Total time for which application threads were stopped: 0,0001151 seconds, Stopping threads took: 0,0000255 seconds
2017-05-06T11:27:28.091+0200: 4,233: Total time for which application threads were stopped: 0,0001996 seconds, Stopping threads took: 0,0001120 seconds
2017-05-06T11:27:28.093+0200: 4,234: Total time for which application threads were stopped: 0,0001184 seconds, Stopping threads took: 0,0000409 seconds
2017-05-06T11:27:28.093+0200: 4,234: Total time for which application threads were stopped: 0,0000863 seconds, Stopping threads took: 0,0000238 seconds
2017-05-06T11:27:28.093+0200: 4,235: Total time for which application threads were stopped: 0,0000872 seconds, Stopping threads took: 0,0000297 seconds
2017-05-06T11:27:28.093+0200: 4,235: Total time for which application threads were stopped: 0,0001733 seconds, Stopping threads took: 0,0000244 seconds
2017-05-06T11:27:28.098+0200: 4,240: Total time for which application threads were stopped: 0,0002571 seconds, Stopping threads took: 0,0001526 seconds
2017-05-06T11:27:28.100+0200: 4,242: Total time for which application threads were stopped: 0,0001246 seconds, Stopping threads took: 0,0000447 seconds
2017-05-06T11:27:28.103+0200: 4,244: Total time for which application threads were stopped: 0,0022301 seconds, Stopping threads took: 0,0021380 seconds
2017-05-06T11:27:28.103+0200: 4,244: Total time for which application threads were stopped: 0,0000989 seconds, Stopping threads took: 0,0000187 seconds
2017-05-06T11:27:28.118+0200: 4,260: Total time for which application threads were stopped: 0,0002339 seconds, Stopping threads took: 0,0001172 seconds
2017-05-06T11:27:28.121+0200: 4,262: Total time for which application threads were stopped: 0,0004724 seconds, Stopping threads took: 0,0003838 seconds
2017-05-06T11:27:28.121+0200: 4,263: Total time for which application threads were stopped: 0,0000971 seconds, Stopping threads took: 0,0000304 seconds
2017-05-06T11:27:28.127+0200: 4,268: Total time for which application threads were stopped: 0,0002286 seconds, Stopping threads took: 0,0001354 seconds
2017-05-06T11:27:28.139+0200: 4,281: Total time for which application threads were stopped: 0,0002825 seconds, Stopping threads took: 0,0001967 seconds
2017-05-06T11:27:28.139+0200: 4,281: Total time for which application threads were stopped: 0,0001095 seconds, Stopping threads took: 0,0000448 seconds
2017-05-06T11:27:28.140+0200: 4,281: Total time for which application threads were stopped: 0,0001130 seconds, Stopping threads took: 0,0000409 seconds
2017-05-06T11:27:28.141+0200: 4,282: Total time for which application threads were stopped: 0,0003502 seconds, Stopping threads took: 0,0000149 seconds
2017-05-06T11:27:28.159+0200: 4,301: Total time for which application threads were stopped: 0,0001731 seconds, Stopping threads took: 0,0000640 seconds
2017-05-06T11:27:28.168+0200: 4,309: Total time for which application threads were stopped: 0,0000779 seconds, Stopping threads took: 0,0000237 seconds
2017-05-06T11:27:28.169+0200: 4,310: Total time for which application threads were stopped: 0,0001416 seconds, Stopping threads took: 0,0000542 seconds
2017-05-06T11:27:28.175+0200: 4,316: Total time for which application threads were stopped: 0,0000684 seconds, Stopping threads took: 0,0000171 seconds
2017-05-06T11:27:28.213+0200: 4,355: Total time for which application threads were stopped: 0,0004287 seconds, Stopping threads took: 0,0000253 seconds
2017-05-06T11:27:28.224+0200: 4,366: Total time for which application threads were stopped: 0,0003745 seconds, Stopping threads took: 0,0000225 seconds
2017-05-06T11:27:28.257+0200: 4,398: Total time for which application threads were stopped: 0,0001425 seconds, Stopping threads took: 0,0000227 seconds
2017-05-06T11:27:28.258+0200: 4,400: Total time for which application threads were stopped: 0,0001148 seconds, Stopping threads took: 0,0000375 seconds
2017-05-06T11:27:28.269+0200: 4,411: Total time for which application threads were stopped: 0,0004311 seconds, Stopping threads took: 0,0000401 seconds
2017-05-06T11:27:28.271+0200: 4,413: Total time for which application threads were stopped: 0,0001474 seconds, Stopping threads took: 0,0000784 seconds
2017-05-06T11:27:28.273+0200: 4,414: Total time for which application threads were stopped: 0,0001070 seconds, Stopping threads took: 0,0000380 seconds
2017-05-06T11:27:28.273+0200: 4,415: Total time for which application threads were stopped: 0,0002800 seconds, Stopping threads took: 0,0002142 seconds
2017-05-06T11:27:28.278+0200: 4,419: Total time for which application threads were stopped: 0,0001109 seconds, Stopping threads took: 0,0000408 seconds
2017-05-06T11:27:28.288+0200: 4,430: Total time for which application threads were stopped: 0,0000721 seconds, Stopping threads took: 0,0000206 seconds
2017-05-06T11:27:28.293+0200: 4,434: Total time for which application threads were stopped: 0,0001005 seconds, Stopping threads took: 0,0000239 seconds
2017-05-06T11:27:28.298+0200: 4,440: Total time for which application threads were stopped: 0,0002375 seconds, Stopping threads took: 0,0001804 seconds
2017-05-06T11:27:28.299+0200: 4,440: Total time for which application threads were stopped: 0,0000764 seconds, Stopping threads took: 0,0000206 seconds
2017-05-06T11:27:28.299+0200: 4,441: Total time for which application threads were stopped: 0,0000972 seconds, Stopping threads took: 0,0000387 seconds
2017-05-06T11:27:28.300+0200: 4,442: Total time for which application threads were stopped: 0,0001410 seconds, Stopping threads took: 0,0000637 seconds
2017-05-06T11:27:28.305+0200: 4,447: Total time for which application threads were stopped: 0,0001390 seconds, Stopping threads took: 0,0000383 seconds
2017-05-06T11:27:28.306+0200: 4,448: Total time for which application threads were stopped: 0,0001609 seconds, Stopping threads took: 0,0000907 seconds
2017-05-06T11:27:28.308+0200: 4,450: Total time for which application threads were stopped: 0,0002246 seconds, Stopping threads took: 0,0000280 seconds
2017-05-06T11:27:28.332+0200: 4,473: Total time for which application threads were stopped: 0,0003739 seconds, Stopping threads took: 0,0002740 seconds
2017-05-06T11:27:28.341+0200: 4,483: Total time for which application threads were stopped: 0,0001606 seconds, Stopping threads took: 0,0000469 seconds
2017-05-06T11:27:28.364+0200: 4,505: Total time for which application threads were stopped: 0,0001567 seconds, Stopping threads took: 0,0000704 seconds
2017-05-06T11:27:28.375+0200: 4,517: Total time for which application threads were stopped: 0,0001293 seconds, Stopping threads took: 0,0000588 seconds
2017-05-06T11:27:28.376+0200: 4,518: Total time for which application threads were stopped: 0,0003781 seconds, Stopping threads took: 0,0000196 seconds
2017-05-06T11:27:28.377+0200: 4,518: Total time for which application threads were stopped: 0,0000906 seconds, Stopping threads took: 0,0000376 seconds
2017-05-06T11:27:29.377+0200: 5,518: Total time for which application threads were stopped: 0,0000830 seconds, Stopping threads took: 0,0000164 seconds
2017-05-06T11:27:56.379+0200: 32,521: Total time for which application threads were stopped: 0,0000943 seconds, Stopping threads took: 0,0000177 seconds
2017-05-06T11:28:51.387+0200: 87,529: Total time for which application threads were stopped: 0,0000715 seconds, Stopping threads took: 0,0000187 seconds
2017-05-06T11:29:26.391+0200: 122,533: Total time for which application threads were stopped: 0,0000878 seconds, Stopping threads took: 0,0000350 seconds
2017-05-06T11:29:36.392+0200: 132,534: Total time for which application threads were stopped: 0,0000862 seconds, Stopping threads took: 0,0000339 seconds
{Heap before GC invocations=9 (full 1):
 par new generation   total 109248K, used 94565K [0x00000000e0000000, 0x00000000e8000000, 0x00000000e8000000)
  eden space 87424K, 100% used [0x00000000e0000000, 0x00000000e5560000, 0x00000000e5560000)
  from space 21824K,  32% used [0x00000000e6ab0000, 0x00000000e71a95a0, 0x00000000e8000000)
  to   space 21824K,   0% used [0x00000000e5560000, 0x00000000e5560000, 0x00000000e6ab0000)
 concurrent mark-sweep generation total 393216K, used 6029K [0x00000000e8000000, 0x0000000100000000, 0x0000000100000000)
 Metaspace       used 28074K, capacity 28621K, committed 28796K, reserved 1075200K
  class space    used 3214K, capacity 3390K, committed 3452K, reserved 1048576K
2017-05-06T11:30:19.978+0200: 176,119: [GC (Allocation Failure) 2017-05-06T11:30:19.978+0200: 176,120: [ParNew
Desired survivor size 20112992 bytes, new threshold 8 (max 8)
- age   1:   11060184 bytes,   11060184 total
- age   2:     230576 bytes,   11290760 total
- age   3:     182704 bytes,   11473464 total
- age   4:    1792696 bytes,   13266160 total
- age   5:      72792 bytes,   13338952 total
- age   6:        200 bytes,   13339152 total
- age   7:     104552 bytes,   13443704 total
- age   8:     178224 bytes,   13621928 total
: 94565K->14295K(109248K), 0,0289741 secs] 100595K->21167K(502464K), 0,0292107 secs] [Times: user=0,06 sys=0,00, real=0,03 secs] 
Heap after GC invocations=10 (full 1):
 par new generation   total 109248K, used 14295K [0x00000000e0000000, 0x00000000e8000000, 0x00000000e8000000)
  eden space 87424K,   0% used [0x00000000e0000000, 0x00000000e0000000, 0x00000000e5560000)
  from space 21824K,  65% used [0x00000000e5560000, 0x00000000e6355e30, 0x00000000e6ab0000)
  to   space 21824K,   0% used [0x00000000e6ab0000, 0x00000000e6ab0000, 0x00000000e8000000)
 concurrent mark-sweep generation total 393216K, used 6871K [0x00000000e8000000, 0x0000000100000000, 0x0000000100000000)
 Metaspace       used 28074K, capacity 28621K, committed 28796K, reserved 1075200K
  class space    used 3214K, capacity 3390K, committed 3452K, reserved 1048576K
}
2017-05-06T11:30:20.007+0200: 176,149: Total time for which application threads were stopped: 0,0297023 seconds, Stopping threads took: 0,0001886 seconds
2017-05-06T11:30:20.008+0200: 176,150: Total time for which application threads were stopped: 0,0000784 seconds, Stopping threads took: 0,0000241 seconds
2017-05-06T11:30:20.008+0200: 176,150: Total time for which application threads were stopped: 0,0000424 seconds, Stopping threads took: 0,0000097 seconds
2017-05-06T11:30:21.009+0200: 177,150: Total time for which application threads were stopped: 0,0004599 seconds, Stopping threads took: 0,0001215 seconds
2017-05-06T11:30:25.009+0200: 181,151: Total time for which application threads were stopped: 0,0000575 seconds, Stopping threads took: 0,0000135 seconds
2017-05-06T11:30:30.010+0200: 186,151: Total time for which application threads were stopped: 0,0000766 seconds, Stopping threads took: 0,0000302 seconds
2017-05-06T11:31:57.018+0200: 273,160: Total time for which application threads were stopped: 0,0001226 seconds, Stopping threads took: 0,0000416 seconds
2017-05-06T11:32:00.018+0200: 276,160: Total time for which application threads were stopped: 0,0000652 seconds, Stopping threads took: 0,0000161 seconds
2017-05-06T11:32:02.019+0200: 278,160: Total time for which application threads were stopped: 0,0000739 seconds, Stopping threads took: 0,0000190 seconds
2017-05-06T11:32:10.020+0200: 286,161: Total time for which application threads were stopped: 0,0000932 seconds, Stopping threads took: 0,0000201 seconds
2017-05-06T11:50:55.138+0200: 1411,280: Total time for which application threads were stopped: 0,0000791 seconds, Stopping threads took: 0,0000304 seconds
2017-05-06T11:55:56.171+0200: 1712,312: Total time for which application threads were stopped: 0,0001213 seconds, Stopping threads took: 0,0000482 seconds
2017-05-06T12:05:46.233+0200: 2302,374: Total time for which application threads were stopped: 0,0003541 seconds, Stopping threads took: 0,0001991 seconds
2017-05-06T12:05:50.233+0200: 2306,375: Total time for which application threads were stopped: 0,0001036 seconds, Stopping threads took: 0,0000240 seconds
2017-05-06T12:20:41.324+0200: 3197,465: Total time for which application threads were stopped: 0,0000772 seconds, Stopping threads took: 0,0000286 seconds
2017-05-06T12:31:50.393+0200: 3866,535: Total time for which application threads were stopped: 0,0000871 seconds, Stopping threads took: 0,0000342 seconds
2017-05-06T12:32:00.394+0200: 3876,536: Total time for which application threads were stopped: 0,0000901 seconds, Stopping threads took: 0,0000202 seconds
2017-05-06T12:45:46.480+0200: 4702,622: Total time for which application threads were stopped: 0,0001113 seconds, Stopping threads took: 0,0000434 seconds
2017-05-06T12:45:51.481+0200: 4707,623: Total time for which application threads were stopped: 0,0003410 seconds, Stopping threads took: 0,0000656 seconds
2017-05-06T13:11:51.642+0200: 6267,783: Total time for which application threads were stopped: 0,0000921 seconds, Stopping threads took: 0,0000339 seconds
2017-05-06T13:29:25.743+0200: 7321,885: Total time for which application threads were stopped: 0,0000833 seconds, Stopping threads took: 0,0000307 seconds
2017-05-06T13:35:25.782+0200: 7681,923: Total time for which application threads were stopped: 0,0001076 seconds, Stopping threads took: 0,0000453 seconds
2017-05-06T13:35:55.786+0200: 7711,927: Total time for which application threads were stopped: 0,0000829 seconds, Stopping threads took: 0,0000301 seconds
2017-05-06T14:01:58.801+0200: 9274,942: Total time for which application threads were stopped: 0,0248467 seconds, Stopping threads took: 0,0247432 seconds
2017-05-06T14:01:58.802+0200: 9274,944: Total time for which application threads were stopped: 0,0001050 seconds, Stopping threads took: 0,0000188 seconds
2017-05-06T14:01:58.806+0200: 9274,948: Total time for which application threads were stopped: 0,0003639 seconds, Stopping threads took: 0,0002826 seconds
2017-05-06T14:01:58.808+0200: 9274,950: Total time for which application threads were stopped: 0,0000840 seconds, Stopping threads took: 0,0000184 seconds
2017-05-06T14:01:58.809+0200: 9274,951: Total time for which application threads were stopped: 0,0000876 seconds, Stopping threads took: 0,0000116 seconds
2017-05-06T14:01:58.810+0200: 9274,951: Total time for which application threads were stopped: 0,0000766 seconds, Stopping threads took: 0,0000202 seconds
2017-05-06T14:01:58.810+0200: 9274,951: Total time for which application threads were stopped: 0,0000480 seconds, Stopping threads took: 0,0000154 seconds
2017-05-06T14:01:58.810+0200: 9274,952: Total time for which application threads were stopped: 0,0000857 seconds, Stopping threads took: 0,0000384 seconds
2017-05-06T14:01:58.810+0200: 9274,952: Total time for which application threads were stopped: 0,0000375 seconds, Stopping threads took: 0,0000049 seconds
2017-05-06T14:01:58.810+0200: 9274,952: Total time for which application threads were stopped: 0,0000528 seconds, Stopping threads took: 0,0000146 seconds
2017-05-06T14:01:58.810+0200: 9274,952: Total time for which application threads were stopped: 0,0000450 seconds, Stopping threads took: 0,0000138 seconds
2017-05-06T14:01:58.810+0200: 9274,952: Total time for which application threads were stopped: 0,0000474 seconds, Stopping threads took: 0,0000159 seconds
2017-05-06T14:01:58.811+0200: 9274,952: Total time for which application threads were stopped: 0,0000480 seconds, Stopping threads took: 0,0000134 seconds
2017-05-06T14:01:58.811+0200: 9274,952: Total time for which application threads were stopped: 0,0000476 seconds, Stopping threads took: 0,0000127 seconds
2017-05-06T14:01:58.811+0200: 9274,952: Total time for which application threads were stopped: 0,0000479 seconds, Stopping threads took: 0,0000169 seconds
2017-05-06T14:01:58.811+0200: 9274,952: Total time for which application threads were stopped: 0,0000420 seconds, Stopping threads took: 0,0000121 seconds
2017-05-06T14:01:58.811+0200: 9274,952: Total time for which application threads were stopped: 0,0000459 seconds, Stopping threads took: 0,0000135 seconds
2017-05-06T14:01:58.811+0200: 9274,953: Total time for which application threads were stopped: 0,0000527 seconds, Stopping threads took: 0,0000156 seconds
2017-05-06T14:01:58.811+0200: 9274,953: Total time for which application threads were stopped: 0,0000437 seconds, Stopping threads took: 0,0000129 seconds
2017-05-06T14:01:58.811+0200: 9274,953: Total time for which application threads were stopped: 0,0000453 seconds, Stopping threads took: 0,0000143 seconds
2017-05-06T14:01:58.811+0200: 9274,953: Total time for which application threads were stopped: 0,0000425 seconds, Stopping threads took: 0,0000132 seconds
2017-05-06T14:01:58.811+0200: 9274,953: Total time for which application threads were stopped: 0,0000343 seconds, Stopping threads took: 0,0000046 seconds
2017-05-06T14:01:58.811+0200: 9274,953: Total time for which application threads were stopped: 0,0000431 seconds, Stopping threads took: 0,0000115 seconds
2017-05-06T14:01:58.812+0200: 9274,954: Total time for which application threads were stopped: 0,0000960 seconds, Stopping threads took: 0,0000295 seconds
2017-05-06T14:01:58.812+0200: 9274,954: Total time for which application threads were stopped: 0,0000546 seconds, Stopping threads took: 0,0000143 seconds
2017-05-06T14:01:58.815+0200: 9274,956: Total time for which application threads were stopped: 0,0001703 seconds, Stopping threads took: 0,0000998 seconds
2017-05-06T14:01:58.832+0200: 9274,973: Total time for which application threads were stopped: 0,0000784 seconds, Stopping threads took: 0,0000153 seconds
2017-05-06T14:01:58.832+0200: 9274,973: Total time for which application threads were stopped: 0,0000498 seconds, Stopping threads took: 0,0000131 seconds
2017-05-06T14:01:58.833+0200: 9274,974: Total time for which application threads were stopped: 0,0000940 seconds, Stopping threads took: 0,0000306 seconds
2017-05-06T14:01:58.834+0200: 9274,975: Total time for which application threads were stopped: 0,0000821 seconds, Stopping threads took: 0,0000214 seconds
2017-05-06T14:01:58.834+0200: 9274,975: Total time for which application threads were stopped: 0,0000504 seconds, Stopping threads took: 0,0000163 seconds
2017-05-06T14:01:58.834+0200: 9274,975: Total time for which application threads were stopped: 0,0000444 seconds, Stopping threads took: 0,0000128 seconds
2017-05-06T14:01:58.834+0200: 9274,975: Total time for which application threads were stopped: 0,0000445 seconds, Stopping threads took: 0,0000127 seconds
2017-05-06T14:01:58.834+0200: 9274,975: Total time for which application threads were stopped: 0,0000448 seconds, Stopping threads took: 0,0000126 seconds
2017-05-06T14:01:58.834+0200: 9274,976: Total time for which application threads were stopped: 0,0000426 seconds, Stopping threads took: 0,0000115 seconds
2017-05-06T14:01:58.834+0200: 9274,976: Total time for which application threads were stopped: 0,0000580 seconds, Stopping threads took: 0,0000125 seconds
2017-05-06T14:01:58.840+0200: 9274,981: Total time for which application threads were stopped: 0,0001280 seconds, Stopping threads took: 0,0000437 seconds
2017-05-06T14:01:58.840+0200: 9274,981: Total time for which application threads were stopped: 0,0000577 seconds, Stopping threads took: 0,0000150 seconds
2017-05-06T14:01:58.840+0200: 9274,981: Total time for which application threads were stopped: 0,0000437 seconds, Stopping threads took: 0,0000118 seconds
2017-05-06T14:01:58.840+0200: 9274,982: Total time for which application threads were stopped: 0,0000447 seconds, Stopping threads took: 0,0000118 seconds
2017-05-06T14:01:58.840+0200: 9274,982: Total time for which application threads were stopped: 0,0000463 seconds, Stopping threads took: 0,0000126 seconds
2017-05-06T14:01:58.843+0200: 9274,985: Total time for which application threads were stopped: 0,0001062 seconds, Stopping threads took: 0,0000261 seconds
2017-05-06T14:01:58.843+0200: 9274,985: Total time for which application threads were stopped: 0,0000468 seconds, Stopping threads took: 0,0000121 seconds
2017-05-06T14:01:58.843+0200: 9274,985: Total time for which application threads were stopped: 0,0000451 seconds, Stopping threads took: 0,0000127 seconds
2017-05-06T14:01:58.845+0200: 9274,987: Total time for which application threads were stopped: 0,0000856 seconds, Stopping threads took: 0,0000242 seconds
2017-05-06T14:01:58.846+0200: 9274,987: Total time for which application threads were stopped: 0,0000446 seconds, Stopping threads took: 0,0000143 seconds
2017-05-06T14:01:58.846+0200: 9274,987: Total time for which application threads were stopped: 0,0000381 seconds, Stopping threads took: 0,0000106 seconds
2017-05-06T14:01:58.846+0200: 9274,987: Total time for which application threads were stopped: 0,0000405 seconds, Stopping threads took: 0,0000115 seconds
2017-05-06T14:01:58.849+0200: 9274,991: Total time for which application threads were stopped: 0,0001451 seconds, Stopping threads took: 0,0000953 seconds
2017-05-06T14:01:58.850+0200: 9274,991: Total time for which application threads were stopped: 0,0000717 seconds, Stopping threads took: 0,0000303 seconds
2017-05-06T14:01:58.850+0200: 9274,991: Total time for which application threads were stopped: 0,0000268 seconds, Stopping threads took: 0,0000067 seconds
2017-05-06T14:01:58.850+0200: 9274,991: Total time for which application threads were stopped: 0,0000334 seconds, Stopping threads took: 0,0000120 seconds
2017-05-06T14:01:58.850+0200: 9274,992: Total time for which application threads were stopped: 0,0000253 seconds, Stopping threads took: 0,0000070 seconds
2017-05-06T14:01:58.850+0200: 9274,992: Total time for which application threads were stopped: 0,0000599 seconds, Stopping threads took: 0,0000261 seconds
2017-05-06T14:01:58.851+0200: 9274,993: Total time for which application threads were stopped: 0,0001059 seconds, Stopping threads took: 0,0000283 seconds
2017-05-06T14:01:58.852+0200: 9274,993: Total time for which application threads were stopped: 0,0000728 seconds, Stopping threads took: 0,0000213 seconds
2017-05-06T14:01:58.852+0200: 9274,993: Total time for which application threads were stopped: 0,0000553 seconds, Stopping threads took: 0,0000080 seconds
2017-05-06T14:01:58.852+0200: 9274,993: Total time for which application threads were stopped: 0,0000547 seconds, Stopping threads took: 0,0000135 seconds
2017-05-06T14:01:58.852+0200: 9274,993: Total time for which application threads were stopped: 0,0000502 seconds, Stopping threads took: 0,0000128 seconds
2017-05-06T14:01:58.853+0200: 9274,994: Total time for which application threads were stopped: 0,0000795 seconds, Stopping threads took: 0,0000241 seconds
2017-05-06T14:01:58.853+0200: 9274,994: Total time for which application threads were stopped: 0,0000652 seconds, Stopping threads took: 0,0000355 seconds
2017-05-06T14:01:58.853+0200: 9274,994: Total time for which application threads were stopped: 0,0001231 seconds, Stopping threads took: 0,0000192 seconds
2017-05-06T14:01:58.854+0200: 9274,996: Total time for which application threads were stopped: 0,0001046 seconds, Stopping threads took: 0,0000285 seconds
2017-05-06T14:01:58.857+0200: 9274,998: Total time for which application threads were stopped: 0,0000693 seconds, Stopping threads took: 0,0000199 seconds
2017-05-06T14:01:58.857+0200: 9274,998: Total time for which application threads were stopped: 0,0000689 seconds, Stopping threads took: 0,0000242 seconds
Heap
 par new generation   total 109248K, used 33491K [0x00000000e0000000, 0x00000000e8000000, 0x00000000e8000000)
  eden space 87424K,  21% used [0x00000000e0000000, 0x00000000e12bf0c0, 0x00000000e5560000)
  from space 21824K,  65% used [0x00000000e5560000, 0x00000000e6355e30, 0x00000000e6ab0000)
  to   space 21824K,   0% used [0x00000000e6ab0000, 0x00000000e6ab0000, 0x00000000e8000000)
 concurrent mark-sweep generation total 393216K, used 6871K [0x00000000e8000000, 0x0000000100000000, 0x0000000100000000)
 Metaspace       used 28219K, capacity 28727K, committed 29052K, reserved 1075200K
  class space    used 3228K, capacity 3425K, committed 3452K, reserved 1048576K
