OpenJDK 64-Bit Server VM (25.111-b14) for linux-amd64 JRE (1.8.0_111-8u111-b14-2ubuntu0.16.04.2-b14), built on Oct 27 2016 18:10:19 by "buildd" with gcc 5.4.0 20160609
Memory: 4k page, physical 7867800k(7500020k free), swap 8076284k(8076284k free)
CommandLine flags: -XX:CMSInitiatingOccupancyFraction=50 -XX:CMSMaxAbortablePrecleanTime=6000 -XX:+CMSParallelRemarkEnabled -XX:+CMSScavengeBeforeRemark -XX:ConcGCThreads=4 -XX:InitialHeapSize=536870912 -XX:MaxHeapSize=536870912 -XX:MaxTenuringThreshold=8 -XX:NewRatio=3 -XX:OldPLABSize=16 -XX:OnOutOfMemoryError=/opt/solr/bin/oom_solr.sh 8983 /var/solr/logs -XX:ParallelGCThreads=4 -XX:+ParallelRefProcEnabled -XX:PretenureSizeThreshold=67108864 -XX:+PrintGC -XX:+PrintGCApplicationStoppedTime -XX:+PrintGCDateStamps -XX:+PrintGCDetails -XX:+PrintGCTimeStamps -XX:+PrintHeapAtGC -XX:+PrintTenuringDistribution -XX:SurvivorRatio=4 -XX:TargetSurvivorRatio=90 -XX:ThreadStackSize=256 -XX:+UseCMSInitiatingOccupancyOnly -XX:+UseCompressedClassPointers -XX:+UseCompressedOops -XX:+UseConcMarkSweepGC -XX:+UseParNewGC 
2017-01-21T18:26:59.723+0100: 0,146: Total time for which application threads were stopped: 0,0000688 seconds, Stopping threads took: 0,0000129 seconds
2017-01-21T18:26:59.818+0100: 0,241: Total time for which application threads were stopped: 0,0001059 seconds, Stopping threads took: 0,0000186 seconds
2017-01-21T18:26:59.832+0100: 0,254: Total time for which application threads were stopped: 0,0000738 seconds, Stopping threads took: 0,0000120 seconds
2017-01-21T18:27:00.025+0100: 0,448: Total time for which application threads were stopped: 0,0001685 seconds, Stopping threads took: 0,0000268 seconds
2017-01-21T18:27:00.506+0100: 0,929: Total time for which application threads were stopped: 0,0002287 seconds, Stopping threads took: 0,0000333 seconds
2017-01-21T18:27:00.608+0100: 1,031: Total time for which application threads were stopped: 0,0002328 seconds, Stopping threads took: 0,0000303 seconds
2017-01-21T18:27:00.650+0100: 1,072: Total time for which application threads were stopped: 0,0002405 seconds, Stopping threads took: 0,0000267 seconds
2017-01-21T18:27:01.011+0100: 1,433: Total time for which application threads were stopped: 0,0002368 seconds, Stopping threads took: 0,0000379 seconds
2017-01-21T18:27:01.227+0100: 1,650: Total time for which application threads were stopped: 0,0002229 seconds, Stopping threads took: 0,0000193 seconds
2017-01-21T18:27:01.265+0100: 1,688: Total time for which application threads were stopped: 0,0001776 seconds, Stopping threads took: 0,0000178 seconds
2017-01-21T18:27:01.266+0100: 1,689: Total time for which application threads were stopped: 0,0000959 seconds, Stopping threads took: 0,0000077 seconds
2017-01-21T18:27:01.276+0100: 1,699: Total time for which application threads were stopped: 0,0001532 seconds, Stopping threads took: 0,0000151 seconds
2017-01-21T18:27:01.343+0100: 1,766: Total time for which application threads were stopped: 0,0001956 seconds, Stopping threads took: 0,0000178 seconds
2017-01-21T18:27:01.482+0100: 1,905: Total time for which application threads were stopped: 0,0002561 seconds, Stopping threads took: 0,0000605 seconds
{Heap before GC invocations=0 (full 0):
 par new generation   total 109248K, used 87424K [0x00000000e0000000, 0x00000000e8000000, 0x00000000e8000000)
  eden space 87424K, 100% used [0x00000000e0000000, 0x00000000e5560000, 0x00000000e5560000)
  from space 21824K,   0% used [0x00000000e5560000, 0x00000000e5560000, 0x00000000e6ab0000)
  to   space 21824K,   0% used [0x00000000e6ab0000, 0x00000000e6ab0000, 0x00000000e8000000)
 concurrent mark-sweep generation total 393216K, used 0K [0x00000000e8000000, 0x0000000100000000, 0x0000000100000000)
 Metaspace       used 18067K, capacity 18366K, committed 18560K, reserved 1064960K
  class space    used 2053K, capacity 2162K, committed 2176K, reserved 1048576K
2017-01-21T18:27:01.593+0100: 2,016: [GC (Allocation Failure) 2017-01-21T18:27:01.593+0100: 2,016: [ParNew
Desired survivor size 20112992 bytes, new threshold 8 (max 8)
- age   1:   12311288 bytes,   12311288 total
: 87424K->12137K(109248K), 0,0210029 secs] 87424K->12137K(502464K), 0,0210803 secs] [Times: user=0,03 sys=0,03, real=0,02 secs] 
Heap after GC invocations=1 (full 0):
 par new generation   total 109248K, used 12137K [0x00000000e0000000, 0x00000000e8000000, 0x00000000e8000000)
  eden space 87424K,   0% used [0x00000000e0000000, 0x00000000e0000000, 0x00000000e5560000)
  from space 21824K,  55% used [0x00000000e6ab0000, 0x00000000e768a7e0, 0x00000000e8000000)
  to   space 21824K,   0% used [0x00000000e5560000, 0x00000000e5560000, 0x00000000e6ab0000)
 concurrent mark-sweep generation total 393216K, used 0K [0x00000000e8000000, 0x0000000100000000, 0x0000000100000000)
 Metaspace       used 18067K, capacity 18366K, committed 18560K, reserved 1064960K
  class space    used 2053K, capacity 2162K, committed 2176K, reserved 1048576K
}
2017-01-21T18:27:01.614+0100: 2,037: Total time for which application threads were stopped: 0,0212619 seconds, Stopping threads took: 0,0000198 seconds
2017-01-21T18:27:01.791+0100: 2,214: Total time for which application threads were stopped: 0,0003241 seconds, Stopping threads took: 0,0000367 seconds
2017-01-21T18:27:01.823+0100: 2,246: Total time for which application threads were stopped: 0,0003442 seconds, Stopping threads took: 0,0000440 seconds
2017-01-21T18:27:01.850+0100: 2,273: Total time for which application threads were stopped: 0,0003271 seconds, Stopping threads took: 0,0000348 seconds
{Heap before GC invocations=1 (full 0):
 par new generation   total 109248K, used 99561K [0x00000000e0000000, 0x00000000e8000000, 0x00000000e8000000)
  eden space 87424K, 100% used [0x00000000e0000000, 0x00000000e5560000, 0x00000000e5560000)
  from space 21824K,  55% used [0x00000000e6ab0000, 0x00000000e768a7e0, 0x00000000e8000000)
  to   space 21824K,   0% used [0x00000000e5560000, 0x00000000e5560000, 0x00000000e6ab0000)
 concurrent mark-sweep generation total 393216K, used 0K [0x00000000e8000000, 0x0000000100000000, 0x0000000100000000)
 Metaspace       used 20716K, capacity 21020K, committed 21248K, reserved 1069056K
  class space    used 2402K, capacity 2518K, committed 2560K, reserved 1048576K
2017-01-21T18:27:02.016+0100: 2,439: [GC (Allocation Failure) 2017-01-21T18:27:02.016+0100: 2,439: [ParNew
Desired survivor size 20112992 bytes, new threshold 8 (max 8)
- age   1:    2935368 bytes,    2935368 total
- age   2:    6102128 bytes,    9037496 total
: 99561K->13140K(109248K), 0,0202499 secs] 99561K->13140K(502464K), 0,0203158 secs] [Times: user=0,08 sys=0,00, real=0,02 secs] 
Heap after GC invocations=2 (full 0):
 par new generation   total 109248K, used 13140K [0x00000000e0000000, 0x00000000e8000000, 0x00000000e8000000)
  eden space 87424K,   0% used [0x00000000e0000000, 0x00000000e0000000, 0x00000000e5560000)
  from space 21824K,  60% used [0x00000000e5560000, 0x00000000e62350d0, 0x00000000e6ab0000)
  to   space 21824K,   0% used [0x00000000e6ab0000, 0x00000000e6ab0000, 0x00000000e8000000)
 concurrent mark-sweep generation total 393216K, used 0K [0x00000000e8000000, 0x0000000100000000, 0x0000000100000000)
 Metaspace       used 20716K, capacity 21020K, committed 21248K, reserved 1069056K
  class space    used 2402K, capacity 2518K, committed 2560K, reserved 1048576K
}
2017-01-21T18:27:02.037+0100: 2,460: Total time for which application threads were stopped: 0,0205360 seconds, Stopping threads took: 0,0000544 seconds
2017-01-21T18:27:02.087+0100: 2,509: Total time for which application threads were stopped: 0,0000851 seconds, Stopping threads took: 0,0000168 seconds
2017-01-21T18:27:02.118+0100: 2,541: Total time for which application threads were stopped: 0,0000867 seconds, Stopping threads took: 0,0000193 seconds
2017-01-21T18:27:02.119+0100: 2,542: Total time for which application threads were stopped: 0,0002464 seconds, Stopping threads took: 0,0000071 seconds
2017-01-21T18:27:02.143+0100: 2,566: Total time for which application threads were stopped: 0,0000767 seconds, Stopping threads took: 0,0000166 seconds
2017-01-21T18:27:02.217+0100: 2,640: Total time for which application threads were stopped: 0,0001438 seconds, Stopping threads took: 0,0000238 seconds
2017-01-21T18:27:02.234+0100: 2,657: Total time for which application threads were stopped: 0,0000833 seconds, Stopping threads took: 0,0000205 seconds
2017-01-21T18:27:02.241+0100: 2,664: Total time for which application threads were stopped: 0,0003190 seconds, Stopping threads took: 0,0000285 seconds
2017-01-21T18:27:02.248+0100: 2,671: Total time for which application threads were stopped: 0,0002921 seconds, Stopping threads took: 0,0000213 seconds
2017-01-21T18:27:02.265+0100: 2,688: Total time for which application threads were stopped: 0,0000793 seconds, Stopping threads took: 0,0000216 seconds
2017-01-21T18:27:02.286+0100: 2,709: Total time for which application threads were stopped: 0,0001142 seconds, Stopping threads took: 0,0000370 seconds
2017-01-21T18:27:02.304+0100: 2,727: Total time for which application threads were stopped: 0,0000709 seconds, Stopping threads took: 0,0000137 seconds
2017-01-21T18:27:02.322+0100: 2,745: Total time for which application threads were stopped: 0,0000783 seconds, Stopping threads took: 0,0000128 seconds
2017-01-21T18:27:02.344+0100: 2,767: Total time for which application threads were stopped: 0,0001121 seconds, Stopping threads took: 0,0000321 seconds
2017-01-21T18:27:02.374+0100: 2,797: Total time for which application threads were stopped: 0,0001226 seconds, Stopping threads took: 0,0000267 seconds
2017-01-21T18:27:02.435+0100: 2,858: Total time for which application threads were stopped: 0,0001032 seconds, Stopping threads took: 0,0000378 seconds
2017-01-21T18:27:02.463+0100: 2,886: Total time for which application threads were stopped: 0,0001322 seconds, Stopping threads took: 0,0000248 seconds
{Heap before GC invocations=2 (full 0):
 par new generation   total 109248K, used 100564K [0x00000000e0000000, 0x00000000e8000000, 0x00000000e8000000)
  eden space 87424K, 100% used [0x00000000e0000000, 0x00000000e5560000, 0x00000000e5560000)
  from space 21824K,  60% used [0x00000000e5560000, 0x00000000e62350d0, 0x00000000e6ab0000)
  to   space 21824K,   0% used [0x00000000e6ab0000, 0x00000000e6ab0000, 0x00000000e8000000)
 concurrent mark-sweep generation total 393216K, used 0K [0x00000000e8000000, 0x0000000100000000, 0x0000000100000000)
 Metaspace       used 24847K, capacity 25220K, committed 25536K, reserved 1071104K
  class space    used 2897K, capacity 3024K, committed 3092K, reserved 1048576K
2017-01-21T18:27:02.476+0100: 2,899: [GC (Allocation Failure) 2017-01-21T18:27:02.476+0100: 2,899: [ParNew
Desired survivor size 20112992 bytes, new threshold 8 (max 8)
- age   1:    6711176 bytes,    6711176 total
- age   2:     549536 bytes,    7260712 total
- age   3:    6082176 bytes,   13342888 total
: 100564K->15557K(109248K), 0,0126157 secs] 100564K->15557K(502464K), 0,0126953 secs] [Times: user=0,04 sys=0,00, real=0,01 secs] 
Heap after GC invocations=3 (full 0):
 par new generation   total 109248K, used 15557K [0x00000000e0000000, 0x00000000e8000000, 0x00000000e8000000)
  eden space 87424K,   0% used [0x00000000e0000000, 0x00000000e0000000, 0x00000000e5560000)
  from space 21824K,  71% used [0x00000000e6ab0000, 0x00000000e79e1740, 0x00000000e8000000)
  to   space 21824K,   0% used [0x00000000e5560000, 0x00000000e5560000, 0x00000000e6ab0000)
 concurrent mark-sweep generation total 393216K, used 0K [0x00000000e8000000, 0x0000000100000000, 0x0000000100000000)
 Metaspace       used 24847K, capacity 25220K, committed 25536K, reserved 1071104K
  class space    used 2897K, capacity 3024K, committed 3092K, reserved 1048576K
}
2017-01-21T18:27:02.489+0100: 2,912: Total time for which application threads were stopped: 0,0128532 seconds, Stopping threads took: 0,0000267 seconds
2017-01-21T18:27:02.489+0100: 2,912: [GC (CMS Initial Mark) [1 CMS-initial-mark: 0K(393216K)] 16955K(502464K), 0,0030568 secs] [Times: user=0,01 sys=0,00, real=0,01 secs] 
2017-01-21T18:27:02.492+0100: 2,915: Total time for which application threads were stopped: 0,0031750 seconds, Stopping threads took: 0,0000332 seconds
2017-01-21T18:27:02.492+0100: 2,915: [CMS-concurrent-mark-start]
2017-01-21T18:27:02.493+0100: 2,916: [CMS-concurrent-mark: 0,001/0,001 secs] [Times: user=0,01 sys=0,00, real=0,00 secs] 
2017-01-21T18:27:02.493+0100: 2,916: [CMS-concurrent-preclean-start]
2017-01-21T18:27:02.495+0100: 2,918: [CMS-concurrent-preclean: 0,001/0,001 secs] [Times: user=0,00 sys=0,00, real=0,00 secs] 
2017-01-21T18:27:02.495+0100: 2,918: [GC (CMS Final Remark) [YG occupancy: 16955 K (109248 K)]{Heap before GC invocations=3 (full 1):
 par new generation   total 109248K, used 16955K [0x00000000e0000000, 0x00000000e8000000, 0x00000000e8000000)
  eden space 87424K,   1% used [0x00000000e0000000, 0x00000000e015d610, 0x00000000e5560000)
  from space 21824K,  71% used [0x00000000e6ab0000, 0x00000000e79e1740, 0x00000000e8000000)
  to   space 21824K,   0% used [0x00000000e5560000, 0x00000000e5560000, 0x00000000e6ab0000)
 concurrent mark-sweep generation total 393216K, used 0K [0x00000000e8000000, 0x0000000100000000, 0x0000000100000000)
 Metaspace       used 24860K, capacity 25252K, committed 25536K, reserved 1071104K
  class space    used 2899K, capacity 3056K, committed 3092K, reserved 1048576K
2017-01-21T18:27:02.495+0100: 2,918: [GC (CMS Final Remark) 2017-01-21T18:27:02.495+0100: 2,918: [ParNew
Desired survivor size 20112992 bytes, new threshold 8 (max 8)
- age   1:      13352 bytes,      13352 total
- age   2:    3147744 bytes,    3161096 total
- age   3:     549536 bytes,    3710632 total
- age   4:    6082248 bytes,    9792880 total
: 16955K->19370K(109248K), 0,0102721 secs] 16955K->19370K(502464K), 0,0103145 secs] [Times: user=0,02 sys=0,00, real=0,01 secs] 
Heap after GC invocations=4 (full 1):
 par new generation   total 109248K, used 19370K [0x00000000e0000000, 0x00000000e8000000, 0x00000000e8000000)
  eden space 87424K,   0% used [0x00000000e0000000, 0x00000000e0000000, 0x00000000e5560000)
  from space 21824K,  88% used [0x00000000e5560000, 0x00000000e684abe0, 0x00000000e6ab0000)
  to   space 21824K,   0% used [0x00000000e6ab0000, 0x00000000e6ab0000, 0x00000000e8000000)
 concurrent mark-sweep generation total 393216K, used 0K [0x00000000e8000000, 0x0000000100000000, 0x0000000100000000)
 Metaspace       used 24860K, capacity 25252K, committed 25536K, reserved 1071104K
  class space    used 2899K, capacity 3056K, committed 3092K, reserved 1048576K
}
2017-01-21T18:27:02.505+0100: 2,928: [Rescan (parallel) , 0,0039041 secs]2017-01-21T18:27:02.509+0100: 2,932: [weak refs processing, 0,0005086 secs]2017-01-21T18:27:02.510+0100: 2,932: [class unloading, 0,0032555 secs]2017-01-21T18:27:02.513+0100: 2,936: [scrub symbol table, 0,0035320 secs]2017-01-21T18:27:02.516+0100: 2,939: [scrub string table, 0,0003763 secs][1 CMS-remark: 0K(393216K)] 19370K(502464K), 0,0225964 secs] [Times: user=0,05 sys=0,00, real=0,02 secs] 
2017-01-21T18:27:02.517+0100: 2,940: Total time for which application threads were stopped: 0,0226977 seconds, Stopping threads took: 0,0000269 seconds
2017-01-21T18:27:02.517+0100: 2,940: [CMS-concurrent-sweep-start]
2017-01-21T18:27:02.518+0100: 2,940: [CMS-concurrent-sweep: 0,000/0,000 secs] [Times: user=0,00 sys=0,00, real=0,00 secs] 
2017-01-21T18:27:02.518+0100: 2,940: [CMS-concurrent-reset-start]
2017-01-21T18:27:02.519+0100: 2,942: [CMS-concurrent-reset: 0,002/0,002 secs] [Times: user=0,00 sys=0,01, real=0,00 secs] 
2017-01-21T18:27:02.581+0100: 3,003: Total time for which application threads were stopped: 0,0003119 seconds, Stopping threads took: 0,0000204 seconds
2017-01-21T18:27:03.581+0100: 4,004: Total time for which application threads were stopped: 0,0000857 seconds, Stopping threads took: 0,0000158 seconds
2017-01-21T18:27:03.633+0100: 4,056: Total time for which application threads were stopped: 0,0002694 seconds, Stopping threads took: 0,0000151 seconds
2017-01-21T18:27:31.637+0100: 32,059: Total time for which application threads were stopped: 0,0002069 seconds, Stopping threads took: 0,0001131 seconds
2017-01-21T18:29:41.659+0100: 162,081: Total time for which application threads were stopped: 0,0001268 seconds, Stopping threads took: 0,0000542 seconds
2017-01-21T18:29:46.659+0100: 167,082: Total time for which application threads were stopped: 0,0000564 seconds, Stopping threads took: 0,0000148 seconds
2017-01-21T18:30:00.661+0100: 181,084: Total time for which application threads were stopped: 0,0000781 seconds, Stopping threads took: 0,0000171 seconds
2017-01-21T18:30:41.665+0100: 222,088: Total time for which application threads were stopped: 0,0000725 seconds, Stopping threads took: 0,0000309 seconds
2017-01-21T18:31:15.669+0100: 256,092: Total time for which application threads were stopped: 0,0000723 seconds, Stopping threads took: 0,0000292 seconds
2017-01-21T18:31:30.670+0100: 271,093: Total time for which application threads were stopped: 0,0000690 seconds, Stopping threads took: 0,0000187 seconds
2017-01-21T18:31:41.672+0100: 282,095: Total time for which application threads were stopped: 0,0000766 seconds, Stopping threads took: 0,0000310 seconds
2017-01-21T18:31:46.673+0100: 287,095: Total time for which application threads were stopped: 0,0000592 seconds, Stopping threads took: 0,0000160 seconds
2017-01-21T18:32:21.677+0100: 322,100: Total time for which application threads were stopped: 0,0000793 seconds, Stopping threads took: 0,0000309 seconds
2017-01-21T18:33:35.686+0100: 396,109: Total time for which application threads were stopped: 0,0007116 seconds, Stopping threads took: 0,0002373 seconds
2017-01-21T18:50:40.823+0100: 1421,246: Total time for which application threads were stopped: 0,0001891 seconds, Stopping threads took: 0,0000667 seconds
2017-01-21T18:55:00.861+0100: 1681,283: Total time for which application threads were stopped: 0,0001559 seconds, Stopping threads took: 0,0000624 seconds
2017-01-21T18:55:31.865+0100: 1712,288: Total time for which application threads were stopped: 0,0001542 seconds, Stopping threads took: 0,0000594 seconds
2017-01-21T19:05:40.944+0100: 2321,367: Total time for which application threads were stopped: 0,0000959 seconds, Stopping threads took: 0,0000380 seconds
2017-01-21T19:05:41.944+0100: 2322,367: Total time for which application threads were stopped: 0,0001764 seconds, Stopping threads took: 0,0000445 seconds
2017-01-21T19:21:27.081+0100: 3267,504: Total time for which application threads were stopped: 0,0002238 seconds, Stopping threads took: 0,0000844 seconds
2017-01-21T19:33:16.184+0100: 3976,606: Total time for which application threads were stopped: 0,0001571 seconds, Stopping threads took: 0,0000597 seconds
2017-01-21T19:34:01.190+0100: 4021,613: Total time for which application threads were stopped: 0,0001591 seconds, Stopping threads took: 0,0000635 seconds
2017-01-21T20:19:41.588+0100: 6762,010: Total time for which application threads were stopped: 0,0001718 seconds, Stopping threads took: 0,0000704 seconds
2017-01-21T20:20:36.595+0100: 6817,018: Total time for which application threads were stopped: 0,0000661 seconds, Stopping threads took: 0,0000278 seconds
2017-01-21T20:30:06.675+0100: 7387,098: Total time for which application threads were stopped: 0,0000915 seconds, Stopping threads took: 0,0000378 seconds
2017-01-21T20:32:01.692+0100: 7502,115: Total time for which application threads were stopped: 0,0000933 seconds, Stopping threads took: 0,0000377 seconds
2017-01-21T20:32:31.696+0100: 7532,119: Total time for which application threads were stopped: 0,0000835 seconds, Stopping threads took: 0,0000334 seconds
2017-01-21T20:35:01.718+0100: 7682,141: Total time for which application threads were stopped: 0,0000807 seconds, Stopping threads took: 0,0000322 seconds
2017-01-21T21:36:31.264+0100: 11371,686: Total time for which application threads were stopped: 0,0001084 seconds, Stopping threads took: 0,0000382 seconds
2017-01-21T21:39:31.292+0100: 11551,715: Total time for which application threads were stopped: 0,0001566 seconds, Stopping threads took: 0,0000608 seconds
2017-01-21T22:43:01.843+0100: 15362,265: Total time for which application threads were stopped: 0,0002081 seconds, Stopping threads took: 0,0000678 seconds
2017-01-21T23:38:31.345+0100: 18691,768: Total time for which application threads were stopped: 0,0001609 seconds, Stopping threads took: 0,0000643 seconds
2017-01-21T23:45:41.742+0100: 19122,165: Total time for which application threads were stopped: 0,0001873 seconds, Stopping threads took: 0,0000426 seconds
Heap
 par new generation   total 109248K, used 62918K [0x00000000e0000000, 0x00000000e8000000, 0x00000000e8000000)
  eden space 87424K,  49% used [0x00000000e0000000, 0x00000000e2a86f50, 0x00000000e5560000)
  from space 21824K,  88% used [0x00000000e5560000, 0x00000000e684abe0, 0x00000000e6ab0000)
  to   space 21824K,   0% used [0x00000000e6ab0000, 0x00000000e6ab0000, 0x00000000e8000000)
 concurrent mark-sweep generation total 393216K, used 0K [0x00000000e8000000, 0x0000000100000000, 0x0000000100000000)
 Metaspace       used 27249K, capacity 27728K, committed 27924K, reserved 1073152K
  class space    used 3167K, capacity 3320K, committed 3348K, reserved 1048576K
