OpenJDK 64-Bit Server VM (25.121-b13) for linux-amd64 JRE (1.8.0_121-8u121-b13-0ubuntu1.16.04.2-b13), built on Jan 23 2017 15:51:29 by "buildd" with gcc 5.4.0 20160609
Memory: 4k page, physical 7867800k(7515236k free), swap 8076284k(8076284k free)
CommandLine flags: -XX:CMSInitiatingOccupancyFraction=50 -XX:CMSMaxAbortablePrecleanTime=6000 -XX:+CMSParallelRemarkEnabled -XX:+CMSScavengeBeforeRemark -XX:ConcGCThreads=4 -XX:InitialHeapSize=536870912 -XX:MaxHeapSize=536870912 -XX:MaxTenuringThreshold=8 -XX:NewRatio=3 -XX:OldPLABSize=16 -XX:OnOutOfMemoryError=/opt/solr/bin/oom_solr.sh 8983 /var/solr/logs -XX:ParallelGCThreads=4 -XX:+ParallelRefProcEnabled -XX:PretenureSizeThreshold=67108864 -XX:+PrintGC -XX:+PrintGCApplicationStoppedTime -XX:+PrintGCDateStamps -XX:+PrintGCDetails -XX:+PrintGCTimeStamps -XX:+PrintHeapAtGC -XX:+PrintTenuringDistribution -XX:SurvivorRatio=4 -XX:TargetSurvivorRatio=90 -XX:ThreadStackSize=256 -XX:+UseCMSInitiatingOccupancyOnly -XX:+UseCompressedClassPointers -XX:+UseCompressedOops -XX:+UseConcMarkSweepGC -XX:+UseParNewGC 
2017-02-22T08:18:18.701+0100: 0,148: Total time for which application threads were stopped: 0,0000804 seconds, Stopping threads took: 0,0000115 seconds
2017-02-22T08:18:18.781+0100: 0,228: Total time for which application threads were stopped: 0,0001426 seconds, Stopping threads took: 0,0000125 seconds
2017-02-22T08:18:18.799+0100: 0,246: Total time for which application threads were stopped: 0,0000960 seconds, Stopping threads took: 0,0000120 seconds
2017-02-22T08:18:19.554+0100: 1,001: Total time for which application threads were stopped: 0,0002293 seconds, Stopping threads took: 0,0000486 seconds
2017-02-22T08:18:19.636+0100: 1,083: Total time for which application threads were stopped: 0,0001670 seconds, Stopping threads took: 0,0000199 seconds
2017-02-22T08:18:19.656+0100: 1,103: Total time for which application threads were stopped: 0,0002048 seconds, Stopping threads took: 0,0000327 seconds
2017-02-22T08:18:19.989+0100: 1,436: Total time for which application threads were stopped: 0,0001640 seconds, Stopping threads took: 0,0000163 seconds
2017-02-22T08:18:20.213+0100: 1,660: Total time for which application threads were stopped: 0,0004269 seconds, Stopping threads took: 0,0000786 seconds
2017-02-22T08:18:20.244+0100: 1,691: Total time for which application threads were stopped: 0,0001656 seconds, Stopping threads took: 0,0000211 seconds
2017-02-22T08:18:20.281+0100: 1,728: Total time for which application threads were stopped: 0,0001972 seconds, Stopping threads took: 0,0000215 seconds
2017-02-22T08:18:20.282+0100: 1,729: Total time for which application threads were stopped: 0,0001458 seconds, Stopping threads took: 0,0000124 seconds
2017-02-22T08:18:20.295+0100: 1,742: Total time for which application threads were stopped: 0,0001601 seconds, Stopping threads took: 0,0000140 seconds
2017-02-22T08:18:20.370+0100: 1,817: Total time for which application threads were stopped: 0,0002065 seconds, Stopping threads took: 0,0000201 seconds
2017-02-22T08:18:20.522+0100: 1,969: Total time for which application threads were stopped: 0,0002409 seconds, Stopping threads took: 0,0000194 seconds
{Heap before GC invocations=0 (full 0):
 par new generation   total 109248K, used 87424K [0x00000000e0000000, 0x00000000e8000000, 0x00000000e8000000)
  eden space 87424K, 100% used [0x00000000e0000000, 0x00000000e5560000, 0x00000000e5560000)
  from space 21824K,   0% used [0x00000000e5560000, 0x00000000e5560000, 0x00000000e6ab0000)
  to   space 21824K,   0% used [0x00000000e6ab0000, 0x00000000e6ab0000, 0x00000000e8000000)
 concurrent mark-sweep generation total 393216K, used 0K [0x00000000e8000000, 0x0000000100000000, 0x0000000100000000)
 Metaspace       used 18051K, capacity 18336K, committed 18688K, reserved 1064960K
  class space    used 2039K, capacity 2196K, committed 2304K, reserved 1048576K
2017-02-22T08:18:20.627+0100: 2,074: [GC (Allocation Failure) 2017-02-22T08:18:20.627+0100: 2,074: [ParNew
Desired survivor size 20112992 bytes, new threshold 8 (max 8)
- age   1:   12610336 bytes,   12610336 total
: 87424K->12419K(109248K), 0,0161932 secs] 87424K->12419K(502464K), 0,0162874 secs] [Times: user=0,04 sys=0,01, real=0,02 secs] 
Heap after GC invocations=1 (full 0):
 par new generation   total 109248K, used 12419K [0x00000000e0000000, 0x00000000e8000000, 0x00000000e8000000)
  eden space 87424K,   0% used [0x00000000e0000000, 0x00000000e0000000, 0x00000000e5560000)
  from space 21824K,  56% used [0x00000000e6ab0000, 0x00000000e76d0d88, 0x00000000e8000000)
  to   space 21824K,   0% used [0x00000000e5560000, 0x00000000e5560000, 0x00000000e6ab0000)
 concurrent mark-sweep generation total 393216K, used 0K [0x00000000e8000000, 0x0000000100000000, 0x0000000100000000)
 Metaspace       used 18051K, capacity 18336K, committed 18688K, reserved 1064960K
  class space    used 2039K, capacity 2196K, committed 2304K, reserved 1048576K
}
2017-02-22T08:18:20.643+0100: 2,090: Total time for which application threads were stopped: 0,0165030 seconds, Stopping threads took: 0,0000377 seconds
2017-02-22T08:18:20.908+0100: 2,355: Total time for which application threads were stopped: 0,0025288 seconds, Stopping threads took: 0,0022122 seconds
2017-02-22T08:18:20.952+0100: 2,399: Total time for which application threads were stopped: 0,0003637 seconds, Stopping threads took: 0,0000882 seconds
{Heap before GC invocations=1 (full 0):
 par new generation   total 109248K, used 99843K [0x00000000e0000000, 0x00000000e8000000, 0x00000000e8000000)
  eden space 87424K, 100% used [0x00000000e0000000, 0x00000000e5560000, 0x00000000e5560000)
  from space 21824K,  56% used [0x00000000e6ab0000, 0x00000000e76d0d88, 0x00000000e8000000)
  to   space 21824K,   0% used [0x00000000e5560000, 0x00000000e5560000, 0x00000000e6ab0000)
 concurrent mark-sweep generation total 393216K, used 0K [0x00000000e8000000, 0x0000000100000000, 0x0000000100000000)
 Metaspace       used 20044K, capacity 20350K, committed 20736K, reserved 1067008K
  class space    used 2293K, capacity 2465K, committed 2560K, reserved 1048576K
2017-02-22T08:18:20.957+0100: 2,404: [GC (Allocation Failure) 2017-02-22T08:18:20.957+0100: 2,404: [ParNew
Desired survivor size 20112992 bytes, new threshold 8 (max 8)
- age   1:    3486472 bytes,    3486472 total
- age   2:    6665544 bytes,   10152016 total
: 99843K->13704K(109248K), 0,0111759 secs] 99843K->13704K(502464K), 0,0112446 secs] [Times: user=0,03 sys=0,00, real=0,01 secs] 
Heap after GC invocations=2 (full 0):
 par new generation   total 109248K, used 13704K [0x00000000e0000000, 0x00000000e8000000, 0x00000000e8000000)
  eden space 87424K,   0% used [0x00000000e0000000, 0x00000000e0000000, 0x00000000e5560000)
  from space 21824K,  62% used [0x00000000e5560000, 0x00000000e62c2218, 0x00000000e6ab0000)
  to   space 21824K,   0% used [0x00000000e6ab0000, 0x00000000e6ab0000, 0x00000000e8000000)
 concurrent mark-sweep generation total 393216K, used 0K [0x00000000e8000000, 0x0000000100000000, 0x0000000100000000)
 Metaspace       used 20044K, capacity 20350K, committed 20736K, reserved 1067008K
  class space    used 2293K, capacity 2465K, committed 2560K, reserved 1048576K
}
2017-02-22T08:18:20.968+0100: 2,415: Total time for which application threads were stopped: 0,0117691 seconds, Stopping threads took: 0,0003994 seconds
2017-02-22T08:18:21.015+0100: 2,462: Total time for which application threads were stopped: 0,0003753 seconds, Stopping threads took: 0,0000475 seconds
2017-02-22T08:18:21.148+0100: 2,595: Total time for which application threads were stopped: 0,0002174 seconds, Stopping threads took: 0,0000557 seconds
{Heap before GC invocations=2 (full 0):
 par new generation   total 109248K, used 101128K [0x00000000e0000000, 0x00000000e8000000, 0x00000000e8000000)
  eden space 87424K, 100% used [0x00000000e0000000, 0x00000000e5560000, 0x00000000e5560000)
  from space 21824K,  62% used [0x00000000e5560000, 0x00000000e62c2218, 0x00000000e6ab0000)
  to   space 21824K,   0% used [0x00000000e6ab0000, 0x00000000e6ab0000, 0x00000000e8000000)
 concurrent mark-sweep generation total 393216K, used 0K [0x00000000e8000000, 0x0000000100000000, 0x0000000100000000)
 Metaspace       used 21000K, capacity 21336K, committed 21628K, reserved 1069056K
  class space    used 2415K, capacity 2584K, committed 2684K, reserved 1048576K
2017-02-22T08:18:21.197+0100: 2,644: [GC (Allocation Failure) 2017-02-22T08:18:21.197+0100: 2,644: [ParNew
Desired survivor size 20112992 bytes, new threshold 8 (max 8)
- age   1:    2061536 bytes,    2061536 total
- age   2:     846944 bytes,    2908480 total
- age   3:    6661800 bytes,    9570280 total
: 101128K->12769K(109248K), 0,0100440 secs] 101128K->12769K(502464K), 0,0101345 secs] [Times: user=0,04 sys=0,00, real=0,01 secs] 
Heap after GC invocations=3 (full 0):
 par new generation   total 109248K, used 12769K [0x00000000e0000000, 0x00000000e8000000, 0x00000000e8000000)
  eden space 87424K,   0% used [0x00000000e0000000, 0x00000000e0000000, 0x00000000e5560000)
  from space 21824K,  58% used [0x00000000e6ab0000, 0x00000000e7728780, 0x00000000e8000000)
  to   space 21824K,   0% used [0x00000000e5560000, 0x00000000e5560000, 0x00000000e6ab0000)
 concurrent mark-sweep generation total 393216K, used 0K [0x00000000e8000000, 0x0000000100000000, 0x0000000100000000)
 Metaspace       used 21000K, capacity 21336K, committed 21628K, reserved 1069056K
  class space    used 2415K, capacity 2584K, committed 2684K, reserved 1048576K
}
2017-02-22T08:18:21.208+0100: 2,654: Total time for which application threads were stopped: 0,0103671 seconds, Stopping threads took: 0,0000595 seconds
2017-02-22T08:18:21.208+0100: 2,655: [GC (CMS Initial Mark) [1 CMS-initial-mark: 0K(393216K)] 13498K(502464K), 0,0044994 secs] [Times: user=0,01 sys=0,00, real=0,00 secs] 
2017-02-22T08:18:21.212+0100: 2,659: Total time for which application threads were stopped: 0,0046376 seconds, Stopping threads took: 0,0000469 seconds
2017-02-22T08:18:21.212+0100: 2,659: [CMS-concurrent-mark-start]
2017-02-22T08:18:21.213+0100: 2,660: [CMS-concurrent-mark: 0,001/0,001 secs] [Times: user=0,00 sys=0,00, real=0,00 secs] 
2017-02-22T08:18:21.213+0100: 2,660: [CMS-concurrent-preclean-start]
2017-02-22T08:18:21.214+0100: 2,661: [CMS-concurrent-preclean: 0,001/0,001 secs] [Times: user=0,01 sys=0,00, real=0,00 secs] 
2017-02-22T08:18:21.214+0100: 2,661: [CMS-concurrent-abortable-preclean-start]
2017-02-22T08:18:21.285+0100: 2,732: Total time for which application threads were stopped: 0,0001518 seconds, Stopping threads took: 0,0000676 seconds
{Heap before GC invocations=3 (full 1):
 par new generation   total 109248K, used 100193K [0x00000000e0000000, 0x00000000e8000000, 0x00000000e8000000)
  eden space 87424K, 100% used [0x00000000e0000000, 0x00000000e5560000, 0x00000000e5560000)
  from space 21824K,  58% used [0x00000000e6ab0000, 0x00000000e7728780, 0x00000000e8000000)
  to   space 21824K,   0% used [0x00000000e5560000, 0x00000000e5560000, 0x00000000e6ab0000)
 concurrent mark-sweep generation total 393216K, used 0K [0x00000000e8000000, 0x0000000100000000, 0x0000000100000000)
 Metaspace       used 21249K, capacity 21608K, committed 21884K, reserved 1069056K
  class space    used 2443K, capacity 2599K, committed 2684K, reserved 1048576K
2017-02-22T08:18:21.316+0100: 2,763: [GC (Allocation Failure) 2017-02-22T08:18:21.316+0100: 2,763: [ParNew
Desired survivor size 20112992 bytes, new threshold 8 (max 8)
- age   1:    1755208 bytes,    1755208 total
- age   2:    1447568 bytes,    3202776 total
- age   3:     813600 bytes,    4016376 total
- age   4:    6661560 bytes,   10677936 total
: 100193K->13539K(109248K), 0,0097999 secs] 100193K->13539K(502464K), 0,0098643 secs] [Times: user=0,03 sys=0,00, real=0,01 secs] 
Heap after GC invocations=4 (full 1):
 par new generation   total 109248K, used 13539K [0x00000000e0000000, 0x00000000e8000000, 0x00000000e8000000)
  eden space 87424K,   0% used [0x00000000e0000000, 0x00000000e0000000, 0x00000000e5560000)
  from space 21824K,  62% used [0x00000000e5560000, 0x00000000e6298e80, 0x00000000e6ab0000)
  to   space 21824K,   0% used [0x00000000e6ab0000, 0x00000000e6ab0000, 0x00000000e8000000)
 concurrent mark-sweep generation total 393216K, used 0K [0x00000000e8000000, 0x0000000100000000, 0x0000000100000000)
 Metaspace       used 21249K, capacity 21608K, committed 21884K, reserved 1069056K
  class space    used 2443K, capacity 2599K, committed 2684K, reserved 1048576K
}
2017-02-22T08:18:21.326+0100: 2,773: Total time for which application threads were stopped: 0,0100950 seconds, Stopping threads took: 0,0000869 seconds
2017-02-22T08:18:21.326+0100: 2,773: [CMS-concurrent-abortable-preclean: 0,071/0,112 secs] [Times: user=0,37 sys=0,01, real=0,11 secs] 
2017-02-22T08:18:21.342+0100: 2,789: [GC (CMS Final Remark) [YG occupancy: 31884 K (109248 K)]{Heap before GC invocations=4 (full 1):
 par new generation   total 109248K, used 31884K [0x00000000e0000000, 0x00000000e8000000, 0x00000000e8000000)
  eden space 87424K,  20% used [0x00000000e0000000, 0x00000000e11ea228, 0x00000000e5560000)
  from space 21824K,  62% used [0x00000000e5560000, 0x00000000e6298e80, 0x00000000e6ab0000)
  to   space 21824K,   0% used [0x00000000e6ab0000, 0x00000000e6ab0000, 0x00000000e8000000)
 concurrent mark-sweep generation total 393216K, used 0K [0x00000000e8000000, 0x0000000100000000, 0x0000000100000000)
 Metaspace       used 21272K, capacity 21608K, committed 21884K, reserved 1069056K
  class space    used 2447K, capacity 2599K, committed 2684K, reserved 1048576K
2017-02-22T08:18:21.342+0100: 2,789: [GC (CMS Final Remark) 2017-02-22T08:18:21.342+0100: 2,789: [ParNew
Desired survivor size 20112992 bytes, new threshold 8 (max 8)
- age   1:     669328 bytes,     669328 total
- age   2:     770560 bytes,    1439888 total
- age   3:    1448504 bytes,    2888392 total
- age   4:     813536 bytes,    3701928 total
- age   5:    6661976 bytes,   10363904 total
: 31884K->12853K(109248K), 0,0114987 secs] 31884K->12853K(502464K), 0,0115483 secs] [Times: user=0,04 sys=0,00, real=0,00 secs] 
Heap after GC invocations=5 (full 1):
 par new generation   total 109248K, used 12853K [0x00000000e0000000, 0x00000000e8000000, 0x00000000e8000000)
  eden space 87424K,   0% used [0x00000000e0000000, 0x00000000e0000000, 0x00000000e5560000)
  from space 21824K,  58% used [0x00000000e6ab0000, 0x00000000e773d430, 0x00000000e8000000)
  to   space 21824K,   0% used [0x00000000e5560000, 0x00000000e5560000, 0x00000000e6ab0000)
 concurrent mark-sweep generation total 393216K, used 0K [0x00000000e8000000, 0x0000000100000000, 0x0000000100000000)
 Metaspace       used 21272K, capacity 21608K, committed 21884K, reserved 1069056K
  class space    used 2447K, capacity 2599K, committed 2684K, reserved 1048576K
}
2017-02-22T08:18:21.354+0100: 2,801: [Rescan (parallel) , 0,0033359 secs]2017-02-22T08:18:21.357+0100: 2,804: [weak refs processing, 0,0008047 secs]2017-02-22T08:18:21.358+0100: 2,805: [class unloading, 0,0028606 secs]2017-02-22T08:18:21.361+0100: 2,808: [scrub symbol table, 0,0025292 secs]2017-02-22T08:18:21.364+0100: 2,811: [scrub string table, 0,0003993 secs][1 CMS-remark: 0K(393216K)] 12853K(502464K), 0,0222083 secs] [Times: user=0,06 sys=0,01, real=0,02 secs] 
2017-02-22T08:18:21.365+0100: 2,812: Total time for which application threads were stopped: 0,0226928 seconds, Stopping threads took: 0,0003783 seconds
2017-02-22T08:18:21.365+0100: 2,812: [CMS-concurrent-sweep-start]
2017-02-22T08:18:21.365+0100: 2,812: [CMS-concurrent-sweep: 0,000/0,000 secs] [Times: user=0,00 sys=0,00, real=0,00 secs] 
2017-02-22T08:18:21.365+0100: 2,812: [CMS-concurrent-reset-start]
2017-02-22T08:18:21.366+0100: 2,813: [CMS-concurrent-reset: 0,002/0,002 secs] [Times: user=0,00 sys=0,00, real=0,00 secs] 
2017-02-22T08:18:21.456+0100: 2,903: Total time for which application threads were stopped: 0,0003248 seconds, Stopping threads took: 0,0000346 seconds
{Heap before GC invocations=5 (full 1):
 par new generation   total 109248K, used 100277K [0x00000000e0000000, 0x00000000e8000000, 0x00000000e8000000)
  eden space 87424K, 100% used [0x00000000e0000000, 0x00000000e5560000, 0x00000000e5560000)
  from space 21824K,  58% used [0x00000000e6ab0000, 0x00000000e773d430, 0x00000000e8000000)
  to   space 21824K,   0% used [0x00000000e5560000, 0x00000000e5560000, 0x00000000e6ab0000)
 concurrent mark-sweep generation total 393216K, used 0K [0x00000000e8000000, 0x0000000100000000, 0x0000000100000000)
 Metaspace       used 22218K, capacity 22584K, committed 22780K, reserved 1069056K
  class space    used 2577K, capacity 2731K, committed 2812K, reserved 1048576K
2017-02-22T08:18:21.507+0100: 2,954: [GC (Allocation Failure) 2017-02-22T08:18:21.507+0100: 2,954: [ParNew
Desired survivor size 20112992 bytes, new threshold 8 (max 8)
- age   1:    1314320 bytes,    1314320 total
- age   2:      21392 bytes,    1335712 total
- age   3:     186408 bytes,    1522120 total
- age   4:     279888 bytes,    1802008 total
- age   5:     813424 bytes,    2615432 total
- age   6:    6661848 bytes,    9277280 total
: 100277K->13312K(109248K), 0,0090174 secs] 100277K->13312K(502464K), 0,0090813 secs] [Times: user=0,04 sys=0,00, real=0,01 secs] 
Heap after GC invocations=6 (full 1):
 par new generation   total 109248K, used 13312K [0x00000000e0000000, 0x00000000e8000000, 0x00000000e8000000)
  eden space 87424K,   0% used [0x00000000e0000000, 0x00000000e0000000, 0x00000000e5560000)
  from space 21824K,  60% used [0x00000000e5560000, 0x00000000e6260170, 0x00000000e6ab0000)
  to   space 21824K,   0% used [0x00000000e6ab0000, 0x00000000e6ab0000, 0x00000000e8000000)
 concurrent mark-sweep generation total 393216K, used 0K [0x00000000e8000000, 0x0000000100000000, 0x0000000100000000)
 Metaspace       used 22218K, capacity 22584K, committed 22780K, reserved 1069056K
  class space    used 2577K, capacity 2731K, committed 2812K, reserved 1048576K
}
2017-02-22T08:18:21.516+0100: 2,963: Total time for which application threads were stopped: 0,0093230 seconds, Stopping threads took: 0,0000955 seconds
2017-02-22T08:18:21.667+0100: 3,114: Total time for which application threads were stopped: 0,0019118 seconds, Stopping threads took: 0,0015171 seconds
2017-02-22T08:18:21.679+0100: 3,126: Total time for which application threads were stopped: 0,0003934 seconds, Stopping threads took: 0,0000337 seconds
{Heap before GC invocations=6 (full 1):
 par new generation   total 109248K, used 100736K [0x00000000e0000000, 0x00000000e8000000, 0x00000000e8000000)
  eden space 87424K, 100% used [0x00000000e0000000, 0x00000000e5560000, 0x00000000e5560000)
  from space 21824K,  60% used [0x00000000e5560000, 0x00000000e6260170, 0x00000000e6ab0000)
  to   space 21824K,   0% used [0x00000000e6ab0000, 0x00000000e6ab0000, 0x00000000e8000000)
 concurrent mark-sweep generation total 393216K, used 0K [0x00000000e8000000, 0x0000000100000000, 0x0000000100000000)
 Metaspace       used 24618K, capacity 25088K, committed 25468K, reserved 1071104K
  class space    used 2886K, capacity 3073K, committed 3196K, reserved 1048576K
2017-02-22T08:18:21.885+0100: 3,332: [GC (Allocation Failure) 2017-02-22T08:18:21.885+0100: 3,332: [ParNew
Desired survivor size 20112992 bytes, new threshold 8 (max 8)
- age   1:    4691360 bytes,    4691360 total
- age   2:     464808 bytes,    5156168 total
- age   3:      21360 bytes,    5177528 total
- age   4:     185880 bytes,    5363408 total
- age   5:     274440 bytes,    5637848 total
- age   6:     786520 bytes,    6424368 total
- age   7:    6654064 bytes,   13078432 total
: 100736K->15444K(109248K), 0,0177182 secs] 100736K->15444K(502464K), 0,0178186 secs] [Times: user=0,07 sys=0,00, real=0,02 secs] 
Heap after GC invocations=7 (full 1):
 par new generation   total 109248K, used 15444K [0x00000000e0000000, 0x00000000e8000000, 0x00000000e8000000)
  eden space 87424K,   0% used [0x00000000e0000000, 0x00000000e0000000, 0x00000000e5560000)
  from space 21824K,  70% used [0x00000000e6ab0000, 0x00000000e79c5000, 0x00000000e8000000)
  to   space 21824K,   0% used [0x00000000e5560000, 0x00000000e5560000, 0x00000000e6ab0000)
 concurrent mark-sweep generation total 393216K, used 0K [0x00000000e8000000, 0x0000000100000000, 0x0000000100000000)
 Metaspace       used 24618K, capacity 25088K, committed 25468K, reserved 1071104K
  class space    used 2886K, capacity 3073K, committed 3196K, reserved 1048576K
}
2017-02-22T08:18:21.903+0100: 3,350: Total time for which application threads were stopped: 0,0181658 seconds, Stopping threads took: 0,0000700 seconds
{Heap before GC invocations=7 (full 1):
 par new generation   total 109248K, used 102868K [0x00000000e0000000, 0x00000000e8000000, 0x00000000e8000000)
  eden space 87424K, 100% used [0x00000000e0000000, 0x00000000e5560000, 0x00000000e5560000)
  from space 21824K,  70% used [0x00000000e6ab0000, 0x00000000e79c5000, 0x00000000e8000000)
  to   space 21824K,   0% used [0x00000000e5560000, 0x00000000e5560000, 0x00000000e6ab0000)
 concurrent mark-sweep generation total 393216K, used 0K [0x00000000e8000000, 0x0000000100000000, 0x0000000100000000)
 Metaspace       used 24957K, capacity 25430K, committed 25724K, reserved 1071104K
  class space    used 2907K, capacity 3077K, committed 3196K, reserved 1048576K
2017-02-22T08:18:22.040+0100: 3,487: [GC (Allocation Failure) 2017-02-22T08:18:22.040+0100: 3,487: [ParNew
Desired survivor size 20112992 bytes, new threshold 8 (max 8)
- age   1:     868768 bytes,     868768 total
- age   2:    1672376 bytes,    2541144 total
- age   3:     346680 bytes,    2887824 total
- age   4:      12552 bytes,    2900376 total
- age   5:     141760 bytes,    3042136 total
- age   6:     228840 bytes,    3270976 total
- age   7:     759848 bytes,    4030824 total
- age   8:    6387672 bytes,   10418496 total
: 102868K->16474K(109248K), 0,0123370 secs] 102868K->16474K(502464K), 0,0124120 secs] [Times: user=0,04 sys=0,00, real=0,01 secs] 
Heap after GC invocations=8 (full 1):
 par new generation   total 109248K, used 16474K [0x00000000e0000000, 0x00000000e8000000, 0x00000000e8000000)
  eden space 87424K,   0% used [0x00000000e0000000, 0x00000000e0000000, 0x00000000e5560000)
  from space 21824K,  75% used [0x00000000e5560000, 0x00000000e65769d0, 0x00000000e6ab0000)
  to   space 21824K,   0% used [0x00000000e6ab0000, 0x00000000e6ab0000, 0x00000000e8000000)
 concurrent mark-sweep generation total 393216K, used 0K [0x00000000e8000000, 0x0000000100000000, 0x0000000100000000)
 Metaspace       used 24957K, capacity 25430K, committed 25724K, reserved 1071104K
  class space    used 2907K, capacity 3077K, committed 3196K, reserved 1048576K
}
2017-02-22T08:18:22.053+0100: 3,500: Total time for which application threads were stopped: 0,0130112 seconds, Stopping threads took: 0,0004372 seconds
2017-02-22T08:18:22.281+0100: 3,728: Total time for which application threads were stopped: 0,0066294 seconds, Stopping threads took: 0,0060649 seconds
2017-02-22T08:18:22.300+0100: 3,747: Total time for which application threads were stopped: 0,0005200 seconds, Stopping threads took: 0,0000399 seconds
2017-02-22T08:18:22.374+0100: 3,821: Total time for which application threads were stopped: 0,0004992 seconds, Stopping threads took: 0,0000456 seconds
2017-02-22T08:18:22.607+0100: 4,054: Total time for which application threads were stopped: 0,0004260 seconds, Stopping threads took: 0,0000261 seconds
2017-02-22T08:18:50.611+0100: 32,058: Total time for which application threads were stopped: 0,0000732 seconds, Stopping threads took: 0,0000202 seconds
2017-02-22T08:20:15.622+0100: 117,069: Total time for which application threads were stopped: 0,0000811 seconds, Stopping threads took: 0,0000351 seconds
2017-02-22T08:20:20.623+0100: 122,070: Total time for which application threads were stopped: 0,0000733 seconds, Stopping threads took: 0,0000183 seconds
2017-02-22T08:21:19.630+0100: 181,077: Total time for which application threads were stopped: 0,0000964 seconds, Stopping threads took: 0,0000350 seconds
2017-02-22T08:22:40.640+0100: 262,087: Total time for which application threads were stopped: 0,0001041 seconds, Stopping threads took: 0,0000412 seconds
2017-02-22T08:22:49.641+0100: 271,088: Total time for which application threads were stopped: 0,0001178 seconds, Stopping threads took: 0,0000282 seconds
2017-02-22T08:29:05.683+0100: 647,130: Total time for which application threads were stopped: 0,0000821 seconds, Stopping threads took: 0,0000313 seconds
2017-02-22T08:34:25.721+0100: 967,168: Total time for which application threads were stopped: 0,0000833 seconds, Stopping threads took: 0,0000350 seconds
2017-02-22T08:41:44.770+0100: 1406,217: Total time for which application threads were stopped: 0,0000915 seconds, Stopping threads took: 0,0000359 seconds
2017-02-22T08:42:55.780+0100: 1477,227: Total time for which application threads were stopped: 0,0001653 seconds, Stopping threads took: 0,0000583 seconds
2017-02-22T08:43:20.784+0100: 1502,231: Total time for which application threads were stopped: 0,0000712 seconds, Stopping threads took: 0,0000169 seconds
2017-02-22T08:44:49.799+0100: 1591,246: Total time for which application threads were stopped: 0,0000786 seconds, Stopping threads took: 0,0000290 seconds
2017-02-22T08:46:39.817+0100: 1701,264: Total time for which application threads were stopped: 0,0000895 seconds, Stopping threads took: 0,0000325 seconds
2017-02-22T08:46:44.818+0100: 1706,265: Total time for which application threads were stopped: 0,0001348 seconds, Stopping threads took: 0,0000285 seconds
2017-02-22T08:56:35.908+0100: 2297,355: Total time for which application threads were stopped: 0,0001802 seconds, Stopping threads took: 0,0000644 seconds
2017-02-22T08:56:39.909+0100: 2301,356: Total time for which application threads were stopped: 0,0001332 seconds, Stopping threads took: 0,0000289 seconds
2017-02-22T08:56:40.909+0100: 2302,356: Total time for which application threads were stopped: 0,0001591 seconds, Stopping threads took: 0,0000557 seconds
2017-02-22T10:47:55.159+0100: 2551,970: Total time for which application threads were stopped: 0,0002141 seconds, Stopping threads took: 0,0000591 seconds
2017-02-22T10:51:10.189+0100: 2746,999: Total time for which application threads were stopped: 0,0001645 seconds, Stopping threads took: 0,0000589 seconds
2017-02-22T10:58:40.263+0100: 3197,073: Total time for which application threads were stopped: 0,0001939 seconds, Stopping threads took: 0,0000613 seconds
2017-02-22T11:09:09.367+0100: 3826,177: Total time for which application threads were stopped: 0,0000902 seconds, Stopping threads took: 0,0000348 seconds
2017-02-22T11:09:14.368+0100: 3831,178: Total time for which application threads were stopped: 0,0001488 seconds, Stopping threads took: 0,0000323 seconds
2017-02-22T11:30:40.582+0100: 5117,392: Total time for which application threads were stopped: 0,0001666 seconds, Stopping threads took: 0,0000617 seconds
2017-02-22T11:49:45.771+0100: 6262,581: Total time for which application threads were stopped: 0,0001622 seconds, Stopping threads took: 0,0000594 seconds
2017-02-22T12:06:24.937+0100: 7261,747: Total time for which application threads were stopped: 0,0001644 seconds, Stopping threads took: 0,0000583 seconds
2017-02-22T12:13:25.004+0100: 7681,814: Total time for which application threads were stopped: 0,0001552 seconds, Stopping threads took: 0,0000478 seconds
2017-02-22T13:54:40.040+0100: 11522,321: Total time for which application threads were stopped: 0,0003819 seconds, Stopping threads took: 0,0001390 seconds
2017-02-22T13:55:10.042+0100: 11552,324: Total time for which application threads were stopped: 0,0001111 seconds, Stopping threads took: 0,0000420 seconds
2017-02-22T14:32:05.261+0100: 13767,543: Total time for which application threads were stopped: 0,0002477 seconds, Stopping threads took: 0,0000406 seconds
2017-02-22T14:47:14.748+0100: 14677,029: Total time for which application threads were stopped: 0,0023455 seconds, Stopping threads took: 0,0021631 seconds
2017-02-22T14:47:14.756+0100: 14677,037: Total time for which application threads were stopped: 0,0001454 seconds, Stopping threads took: 0,0000335 seconds
Heap
 par new generation   total 109248K, used 90052K [0x00000000e0000000, 0x00000000e8000000, 0x00000000e8000000)
  eden space 87424K,  84% used [0x00000000e0000000, 0x00000000e47da638, 0x00000000e5560000)
  from space 21824K,  75% used [0x00000000e5560000, 0x00000000e65769d0, 0x00000000e6ab0000)
  to   space 21824K,   0% used [0x00000000e6ab0000, 0x00000000e6ab0000, 0x00000000e8000000)
 concurrent mark-sweep generation total 393216K, used 0K [0x00000000e8000000, 0x0000000100000000, 0x0000000100000000)
 Metaspace       used 28163K, capacity 28626K, committed 28796K, reserved 1075200K
  class space    used 3228K, capacity 3389K, committed 3452K, reserved 1048576K
