OpenJDK 64-Bit Server VM (25.131-b11) for linux-amd64 JRE (1.8.0_131-8u131-b11-0ubuntu1.16.04.2-b11), built on May  6 2017 02:45:27 by "buildd" with gcc 5.4.0 20160609
Memory: 4k page, physical 7867740k(7405964k free), swap 8076284k(8076284k free)
CommandLine flags: -XX:CMSInitiatingOccupancyFraction=50 -XX:CMSMaxAbortablePrecleanTime=6000 -XX:+CMSParallelRemarkEnabled -XX:+CMSScavengeBeforeRemark -XX:ConcGCThreads=4 -XX:InitialHeapSize=536870912 -XX:MaxHeapSize=536870912 -XX:MaxTenuringThreshold=8 -XX:NewRatio=3 -XX:OldPLABSize=16 -XX:OnOutOfMemoryError=/opt/solr/bin/oom_solr.sh 8983 /var/solr/logs -XX:ParallelGCThreads=4 -XX:+ParallelRefProcEnabled -XX:PretenureSizeThreshold=67108864 -XX:+PrintGC -XX:+PrintGCApplicationStoppedTime -XX:+PrintGCDateStamps -XX:+PrintGCDetails -XX:+PrintGCTimeStamps -XX:+PrintHeapAtGC -XX:+PrintTenuringDistribution -XX:SurvivorRatio=4 -XX:TargetSurvivorRatio=90 -XX:ThreadStackSize=256 -XX:+UseCMSInitiatingOccupancyOnly -XX:+UseCompressedClassPointers -XX:+UseCompressedOops -XX:+UseConcMarkSweepGC -XX:+UseParNewGC 
2017-05-19T20:06:30.591+0200: 0,153: Total time for which application threads were stopped: 0,0000716 seconds, Stopping threads took: 0,0000111 seconds
2017-05-19T20:06:30.675+0200: 0,237: Total time for which application threads were stopped: 0,0001324 seconds, Stopping threads took: 0,0000221 seconds
2017-05-19T20:06:30.694+0200: 0,256: Total time for which application threads were stopped: 0,0000939 seconds, Stopping threads took: 0,0000187 seconds
2017-05-19T20:06:30.921+0200: 0,484: Total time for which application threads were stopped: 0,0001610 seconds, Stopping threads took: 0,0000270 seconds
2017-05-19T20:06:31.440+0200: 1,002: Total time for which application threads were stopped: 0,0001484 seconds, Stopping threads took: 0,0000175 seconds
2017-05-19T20:06:31.525+0200: 1,088: Total time for which application threads were stopped: 0,0001715 seconds, Stopping threads took: 0,0000142 seconds
2017-05-19T20:06:31.559+0200: 1,122: Total time for which application threads were stopped: 0,0005308 seconds, Stopping threads took: 0,0000902 seconds
2017-05-19T20:06:31.916+0200: 1,478: Total time for which application threads were stopped: 0,0001691 seconds, Stopping threads took: 0,0000190 seconds
2017-05-19T20:06:32.224+0200: 1,787: Total time for which application threads were stopped: 0,0001998 seconds, Stopping threads took: 0,0000246 seconds
2017-05-19T20:06:32.251+0200: 1,813: Total time for which application threads were stopped: 0,0003445 seconds, Stopping threads took: 0,0000287 seconds
2017-05-19T20:06:32.280+0200: 1,842: Total time for which application threads were stopped: 0,0003219 seconds, Stopping threads took: 0,0000352 seconds
2017-05-19T20:06:32.281+0200: 1,844: Total time for which application threads were stopped: 0,0002451 seconds, Stopping threads took: 0,0000243 seconds
2017-05-19T20:06:32.295+0200: 1,857: Total time for which application threads were stopped: 0,0001892 seconds, Stopping threads took: 0,0000153 seconds
2017-05-19T20:06:32.392+0200: 1,954: Total time for which application threads were stopped: 0,0002000 seconds, Stopping threads took: 0,0000172 seconds
2017-05-19T20:06:32.565+0200: 2,127: Total time for which application threads were stopped: 0,0002887 seconds, Stopping threads took: 0,0000802 seconds
{Heap before GC invocations=0 (full 0):
 par new generation   total 109248K, used 87424K [0x00000000e0000000, 0x00000000e8000000, 0x00000000e8000000)
  eden space 87424K, 100% used [0x00000000e0000000, 0x00000000e5560000, 0x00000000e5560000)
  from space 21824K,   0% used [0x00000000e5560000, 0x00000000e5560000, 0x00000000e6ab0000)
  to   space 21824K,   0% used [0x00000000e6ab0000, 0x00000000e6ab0000, 0x00000000e8000000)
 concurrent mark-sweep generation total 393216K, used 0K [0x00000000e8000000, 0x0000000100000000, 0x0000000100000000)
 Metaspace       used 18179K, capacity 18464K, committed 18688K, reserved 1064960K
  class space    used 2058K, capacity 2196K, committed 2304K, reserved 1048576K
2017-05-19T20:06:32.680+0200: 2,242: [GC (Allocation Failure) 2017-05-19T20:06:32.680+0200: 2,242: [ParNew
Desired survivor size 20112992 bytes, new threshold 8 (max 8)
- age   1:   12784976 bytes,   12784976 total
: 87424K->12596K(109248K), 0,0159179 secs] 87424K->12596K(502464K), 0,0160003 secs] [Times: user=0,05 sys=0,00, real=0,01 secs] 
Heap after GC invocations=1 (full 0):
 par new generation   total 109248K, used 12596K [0x00000000e0000000, 0x00000000e8000000, 0x00000000e8000000)
  eden space 87424K,   0% used [0x00000000e0000000, 0x00000000e0000000, 0x00000000e5560000)
  from space 21824K,  57% used [0x00000000e6ab0000, 0x00000000e76fd028, 0x00000000e8000000)
  to   space 21824K,   0% used [0x00000000e5560000, 0x00000000e5560000, 0x00000000e6ab0000)
 concurrent mark-sweep generation total 393216K, used 0K [0x00000000e8000000, 0x0000000100000000, 0x0000000100000000)
 Metaspace       used 18179K, capacity 18464K, committed 18688K, reserved 1064960K
  class space    used 2058K, capacity 2196K, committed 2304K, reserved 1048576K
}
2017-05-19T20:06:32.696+0200: 2,258: Total time for which application threads were stopped: 0,0162099 seconds, Stopping threads took: 0,0000209 seconds
2017-05-19T20:06:32.980+0200: 2,542: Total time for which application threads were stopped: 0,0005863 seconds, Stopping threads took: 0,0002748 seconds
2017-05-19T20:06:33.018+0200: 2,580: Total time for which application threads were stopped: 0,0003893 seconds, Stopping threads took: 0,0000648 seconds
{Heap before GC invocations=1 (full 0):
 par new generation   total 109248K, used 100020K [0x00000000e0000000, 0x00000000e8000000, 0x00000000e8000000)
  eden space 87424K, 100% used [0x00000000e0000000, 0x00000000e5560000, 0x00000000e5560000)
  from space 21824K,  57% used [0x00000000e6ab0000, 0x00000000e76fd028, 0x00000000e8000000)
  to   space 21824K,   0% used [0x00000000e5560000, 0x00000000e5560000, 0x00000000e6ab0000)
 concurrent mark-sweep generation total 393216K, used 0K [0x00000000e8000000, 0x0000000100000000, 0x0000000100000000)
 Metaspace       used 20056K, capacity 20378K, committed 20736K, reserved 1067008K
  class space    used 2300K, capacity 2475K, committed 2560K, reserved 1048576K
2017-05-19T20:06:33.025+0200: 2,588: [GC (Allocation Failure) 2017-05-19T20:06:33.025+0200: 2,588: [ParNew
Desired survivor size 20112992 bytes, new threshold 8 (max 8)
- age   1:    3309848 bytes,    3309848 total
- age   2:    6689328 bytes,    9999176 total
: 100020K->11869K(109248K), 0,0116530 secs] 100020K->11869K(502464K), 0,0117236 secs] [Times: user=0,03 sys=0,01, real=0,01 secs] 
Heap after GC invocations=2 (full 0):
 par new generation   total 109248K, used 11869K [0x00000000e0000000, 0x00000000e8000000, 0x00000000e8000000)
  eden space 87424K,   0% used [0x00000000e0000000, 0x00000000e0000000, 0x00000000e5560000)
  from space 21824K,  54% used [0x00000000e5560000, 0x00000000e60f7720, 0x00000000e6ab0000)
  to   space 21824K,   0% used [0x00000000e6ab0000, 0x00000000e6ab0000, 0x00000000e8000000)
 concurrent mark-sweep generation total 393216K, used 0K [0x00000000e8000000, 0x0000000100000000, 0x0000000100000000)
 Metaspace       used 20056K, capacity 20378K, committed 20736K, reserved 1067008K
  class space    used 2300K, capacity 2475K, committed 2560K, reserved 1048576K
}
2017-05-19T20:06:33.037+0200: 2,599: Total time for which application threads were stopped: 0,0119541 seconds, Stopping threads took: 0,0000755 seconds
2017-05-19T20:06:33.061+0200: 2,623: Total time for which application threads were stopped: 0,0003515 seconds, Stopping threads took: 0,0000787 seconds
2017-05-19T20:06:33.203+0200: 2,765: Total time for which application threads were stopped: 0,0002017 seconds, Stopping threads took: 0,0000391 seconds
{Heap before GC invocations=2 (full 0):
 par new generation   total 109248K, used 99293K [0x00000000e0000000, 0x00000000e8000000, 0x00000000e8000000)
  eden space 87424K, 100% used [0x00000000e0000000, 0x00000000e5560000, 0x00000000e5560000)
  from space 21824K,  54% used [0x00000000e5560000, 0x00000000e60f7720, 0x00000000e6ab0000)
  to   space 21824K,   0% used [0x00000000e6ab0000, 0x00000000e6ab0000, 0x00000000e8000000)
 concurrent mark-sweep generation total 393216K, used 0K [0x00000000e8000000, 0x0000000100000000, 0x0000000100000000)
 Metaspace       used 20961K, capacity 21300K, committed 21552K, reserved 1069056K
  class space    used 2420K, capacity 2594K, committed 2608K, reserved 1048576K
2017-05-19T20:06:33.247+0200: 2,809: [GC (Allocation Failure) 2017-05-19T20:06:33.247+0200: 2,810: [ParNew
Desired survivor size 20112992 bytes, new threshold 8 (max 8)
- age   1:    2093840 bytes,    2093840 total
- age   2:     834272 bytes,    2928112 total
- age   3:    6685360 bytes,    9613472 total
: 99293K->13952K(109248K), 0,0141298 secs] 99293K->13952K(502464K), 0,0142263 secs] [Times: user=0,05 sys=0,01, real=0,02 secs] 
Heap after GC invocations=3 (full 0):
 par new generation   total 109248K, used 13952K [0x00000000e0000000, 0x00000000e8000000, 0x00000000e8000000)
  eden space 87424K,   0% used [0x00000000e0000000, 0x00000000e0000000, 0x00000000e5560000)
  from space 21824K,  63% used [0x00000000e6ab0000, 0x00000000e7850340, 0x00000000e8000000)
  to   space 21824K,   0% used [0x00000000e5560000, 0x00000000e5560000, 0x00000000e6ab0000)
 concurrent mark-sweep generation total 393216K, used 0K [0x00000000e8000000, 0x0000000100000000, 0x0000000100000000)
 Metaspace       used 20961K, capacity 21300K, committed 21552K, reserved 1069056K
  class space    used 2420K, capacity 2594K, committed 2608K, reserved 1048576K
}
2017-05-19T20:06:33.262+0200: 2,824: Total time for which application threads were stopped: 0,0144793 seconds, Stopping threads took: 0,0000638 seconds
2017-05-19T20:06:33.262+0200: 2,824: [GC (CMS Initial Mark) [1 CMS-initial-mark: 0K(393216K)] 13984K(502464K), 0,0062841 secs] [Times: user=0,01 sys=0,00, real=0,00 secs] 
2017-05-19T20:06:33.268+0200: 2,830: Total time for which application threads were stopped: 0,0064852 seconds, Stopping threads took: 0,0000469 seconds
2017-05-19T20:06:33.268+0200: 2,830: [CMS-concurrent-mark-start]
2017-05-19T20:06:33.268+0200: 2,831: [CMS-concurrent-mark: 0,000/0,000 secs] [Times: user=0,00 sys=0,00, real=0,00 secs] 
2017-05-19T20:06:33.269+0200: 2,831: [CMS-concurrent-preclean-start]
2017-05-19T20:06:33.270+0200: 2,832: [CMS-concurrent-preclean: 0,001/0,001 secs] [Times: user=0,01 sys=0,00, real=0,01 secs] 
2017-05-19T20:06:33.272+0200: 2,834: [GC (CMS Final Remark) [YG occupancy: 14683 K (109248 K)]{Heap before GC invocations=3 (full 1):
 par new generation   total 109248K, used 14683K [0x00000000e0000000, 0x00000000e8000000, 0x00000000e8000000)
  eden space 87424K,   0% used [0x00000000e0000000, 0x00000000e00b6a48, 0x00000000e5560000)
  from space 21824K,  63% used [0x00000000e6ab0000, 0x00000000e7850340, 0x00000000e8000000)
  to   space 21824K,   0% used [0x00000000e5560000, 0x00000000e5560000, 0x00000000e6ab0000)
 concurrent mark-sweep generation total 393216K, used 0K [0x00000000e8000000, 0x0000000100000000, 0x0000000100000000)
 Metaspace       used 20971K, capacity 21300K, committed 21552K, reserved 1069056K
  class space    used 2421K, capacity 2594K, committed 2608K, reserved 1048576K
2017-05-19T20:06:33.272+0200: 2,834: [GC (CMS Final Remark) 2017-05-19T20:06:33.272+0200: 2,834: [ParNew
Desired survivor size 20112992 bytes, new threshold 8 (max 8)
- age   1:     175984 bytes,     175984 total
- age   2:    2058344 bytes,    2234328 total
- age   3:     834272 bytes,    3068600 total
- age   4:    6685360 bytes,    9753960 total
: 14683K->13153K(109248K), 0,0182391 secs] 14683K->13153K(502464K), 0,0182917 secs] [Times: user=0,06 sys=0,00, real=0,02 secs] 
Heap after GC invocations=4 (full 1):
 par new generation   total 109248K, used 13153K [0x00000000e0000000, 0x00000000e8000000, 0x00000000e8000000)
  eden space 87424K,   0% used [0x00000000e0000000, 0x00000000e0000000, 0x00000000e5560000)
  from space 21824K,  60% used [0x00000000e5560000, 0x00000000e6238648, 0x00000000e6ab0000)
  to   space 21824K,   0% used [0x00000000e6ab0000, 0x00000000e6ab0000, 0x00000000e8000000)
 concurrent mark-sweep generation total 393216K, used 0K [0x00000000e8000000, 0x0000000100000000, 0x0000000100000000)
 Metaspace       used 20971K, capacity 21300K, committed 21552K, reserved 1069056K
  class space    used 2421K, capacity 2594K, committed 2608K, reserved 1048576K
}
2017-05-19T20:06:33.290+0200: 2,853: [Rescan (parallel) , 0,0053875 secs]2017-05-19T20:06:33.296+0200: 2,858: [weak refs processing, 0,0009620 secs]2017-05-19T20:06:33.297+0200: 2,859: [class unloading, 0,0027412 secs]2017-05-19T20:06:33.300+0200: 2,862: [scrub symbol table, 0,0033752 secs]2017-05-19T20:06:33.303+0200: 2,865: [scrub string table, 0,0003752 secs][1 CMS-remark: 0K(393216K)] 13153K(502464K), 0,0317856 secs] [Times: user=0,09 sys=0,00, real=0,03 secs] 
2017-05-19T20:06:33.304+0200: 2,866: Total time for which application threads were stopped: 0,0339184 seconds, Stopping threads took: 0,0020374 seconds
2017-05-19T20:06:33.304+0200: 2,866: [CMS-concurrent-sweep-start]
2017-05-19T20:06:33.304+0200: 2,866: [CMS-concurrent-sweep: 0,000/0,000 secs] [Times: user=0,00 sys=0,00, real=0,00 secs] 
2017-05-19T20:06:33.304+0200: 2,866: [CMS-concurrent-reset-start]
2017-05-19T20:06:33.305+0200: 2,868: [CMS-concurrent-reset: 0,002/0,002 secs] [Times: user=0,01 sys=0,00, real=0,00 secs] 
{Heap before GC invocations=4 (full 1):
 par new generation   total 109248K, used 100577K [0x00000000e0000000, 0x00000000e8000000, 0x00000000e8000000)
  eden space 87424K, 100% used [0x00000000e0000000, 0x00000000e5560000, 0x00000000e5560000)
  from space 21824K,  60% used [0x00000000e5560000, 0x00000000e6238648, 0x00000000e6ab0000)
  to   space 21824K,   0% used [0x00000000e6ab0000, 0x00000000e6ab0000, 0x00000000e8000000)
 concurrent mark-sweep generation total 393216K, used 0K [0x00000000e8000000, 0x0000000100000000, 0x0000000100000000)
 Metaspace       used 21209K, capacity 21570K, committed 21808K, reserved 1069056K
  class space    used 2449K, capacity 2608K, committed 2608K, reserved 1048576K
2017-05-19T20:06:33.397+0200: 2,959: [GC (Allocation Failure) 2017-05-19T20:06:33.397+0200: 2,959: [ParNew
Desired survivor size 20112992 bytes, new threshold 8 (max 8)
- age   1:     583776 bytes,     583776 total
- age   2:       1424 bytes,     585200 total
- age   3:    1446400 bytes,    2031600 total
- age   4:     800992 bytes,    2832592 total
- age   5:    6685360 bytes,    9517952 total
: 100577K->12583K(109248K), 0,0165412 secs] 100577K->12583K(502464K), 0,0166235 secs] [Times: user=0,05 sys=0,00, real=0,02 secs] 
Heap after GC invocations=5 (full 1):
 par new generation   total 109248K, used 12583K [0x00000000e0000000, 0x00000000e8000000, 0x00000000e8000000)
  eden space 87424K,   0% used [0x00000000e0000000, 0x00000000e0000000, 0x00000000e5560000)
  from space 21824K,  57% used [0x00000000e6ab0000, 0x00000000e76f9f00, 0x00000000e8000000)
  to   space 21824K,   0% used [0x00000000e5560000, 0x00000000e5560000, 0x00000000e6ab0000)
 concurrent mark-sweep generation total 393216K, used 0K [0x00000000e8000000, 0x0000000100000000, 0x0000000100000000)
 Metaspace       used 21209K, capacity 21570K, committed 21808K, reserved 1069056K
  class space    used 2449K, capacity 2608K, committed 2608K, reserved 1048576K
}
2017-05-19T20:06:33.413+0200: 2,976: Total time for which application threads were stopped: 0,0169055 seconds, Stopping threads took: 0,0000897 seconds
{Heap before GC invocations=5 (full 1):
 par new generation   total 109248K, used 100007K [0x00000000e0000000, 0x00000000e8000000, 0x00000000e8000000)
  eden space 87424K, 100% used [0x00000000e0000000, 0x00000000e5560000, 0x00000000e5560000)
  from space 21824K,  57% used [0x00000000e6ab0000, 0x00000000e76f9f00, 0x00000000e8000000)
  to   space 21824K,   0% used [0x00000000e5560000, 0x00000000e5560000, 0x00000000e6ab0000)
 concurrent mark-sweep generation total 393216K, used 0K [0x00000000e8000000, 0x0000000100000000, 0x0000000100000000)
 Metaspace       used 21423K, capacity 21812K, committed 21936K, reserved 1069056K
  class space    used 2473K, capacity 2643K, committed 2736K, reserved 1048576K
2017-05-19T20:06:33.510+0200: 3,072: [GC (Allocation Failure) 2017-05-19T20:06:33.510+0200: 3,072: [ParNew
Desired survivor size 20112992 bytes, new threshold 8 (max 8)
- age   1:     543400 bytes,     543400 total
- age   2:     189776 bytes,     733176 total
- age   3:       1424 bytes,     734600 total
- age   4:    1445672 bytes,    2180272 total
- age   5:     800904 bytes,    2981176 total
- age   6:    6685480 bytes,    9666656 total
: 100007K->11859K(109248K), 0,0091979 secs] 100007K->11859K(502464K), 0,0092578 secs] [Times: user=0,04 sys=0,00, real=0,01 secs] 
Heap after GC invocations=6 (full 1):
 par new generation   total 109248K, used 11859K [0x00000000e0000000, 0x00000000e8000000, 0x00000000e8000000)
  eden space 87424K,   0% used [0x00000000e0000000, 0x00000000e0000000, 0x00000000e5560000)
  from space 21824K,  54% used [0x00000000e5560000, 0x00000000e60f4f60, 0x00000000e6ab0000)
  to   space 21824K,   0% used [0x00000000e6ab0000, 0x00000000e6ab0000, 0x00000000e8000000)
 concurrent mark-sweep generation total 393216K, used 0K [0x00000000e8000000, 0x0000000100000000, 0x0000000100000000)
 Metaspace       used 21423K, capacity 21812K, committed 21936K, reserved 1069056K
  class space    used 2473K, capacity 2643K, committed 2736K, reserved 1048576K
}
2017-05-19T20:06:33.519+0200: 3,081: Total time for which application threads were stopped: 0,0132637 seconds, Stopping threads took: 0,0038653 seconds
2017-05-19T20:06:33.545+0200: 3,107: Total time for which application threads were stopped: 0,0003374 seconds, Stopping threads took: 0,0000202 seconds
2017-05-19T20:06:33.802+0200: 3,364: Total time for which application threads were stopped: 0,0005060 seconds, Stopping threads took: 0,0000371 seconds
2017-05-19T20:06:33.817+0200: 3,380: Total time for which application threads were stopped: 0,0003545 seconds, Stopping threads took: 0,0000527 seconds
{Heap before GC invocations=6 (full 1):
 par new generation   total 109248K, used 99283K [0x00000000e0000000, 0x00000000e8000000, 0x00000000e8000000)
  eden space 87424K, 100% used [0x00000000e0000000, 0x00000000e5560000, 0x00000000e5560000)
  from space 21824K,  54% used [0x00000000e5560000, 0x00000000e60f4f60, 0x00000000e6ab0000)
  to   space 21824K,   0% used [0x00000000e6ab0000, 0x00000000e6ab0000, 0x00000000e8000000)
 concurrent mark-sweep generation total 393216K, used 0K [0x00000000e8000000, 0x0000000100000000, 0x0000000100000000)
 Metaspace       used 23834K, capacity 24308K, committed 24496K, reserved 1071104K
  class space    used 2804K, capacity 2985K, committed 2992K, reserved 1048576K
2017-05-19T20:06:33.977+0200: 3,539: [GC (Allocation Failure) 2017-05-19T20:06:33.977+0200: 3,539: [ParNew
Desired survivor size 20112992 bytes, new threshold 8 (max 8)
- age   1:    5423928 bytes,    5423928 total
- age   2:     132424 bytes,    5556352 total
- age   3:     188664 bytes,    5745016 total
- age   4:       1424 bytes,    5746440 total
- age   5:     276024 bytes,    6022464 total
- age   6:     774792 bytes,    6797256 total
- age   7:    6676976 bytes,   13474232 total
: 99283K->16531K(109248K), 0,0119145 secs] 99283K->16531K(502464K), 0,0119876 secs] [Times: user=0,04 sys=0,00, real=0,01 secs] 
Heap after GC invocations=7 (full 1):
 par new generation   total 109248K, used 16531K [0x00000000e0000000, 0x00000000e8000000, 0x00000000e8000000)
  eden space 87424K,   0% used [0x00000000e0000000, 0x00000000e0000000, 0x00000000e5560000)
  from space 21824K,  75% used [0x00000000e6ab0000, 0x00000000e7ad4f80, 0x00000000e8000000)
  to   space 21824K,   0% used [0x00000000e5560000, 0x00000000e5560000, 0x00000000e6ab0000)
 concurrent mark-sweep generation total 393216K, used 0K [0x00000000e8000000, 0x0000000100000000, 0x0000000100000000)
 Metaspace       used 23834K, capacity 24308K, committed 24496K, reserved 1071104K
  class space    used 2804K, capacity 2985K, committed 2992K, reserved 1048576K
}
2017-05-19T20:06:33.989+0200: 3,551: Total time for which application threads were stopped: 0,0128375 seconds, Stopping threads took: 0,0006053 seconds
{Heap before GC invocations=7 (full 1):
 par new generation   total 109248K, used 103955K [0x00000000e0000000, 0x00000000e8000000, 0x00000000e8000000)
  eden space 87424K, 100% used [0x00000000e0000000, 0x00000000e5560000, 0x00000000e5560000)
  from space 21824K,  75% used [0x00000000e6ab0000, 0x00000000e7ad4f80, 0x00000000e8000000)
  to   space 21824K,   0% used [0x00000000e5560000, 0x00000000e5560000, 0x00000000e6ab0000)
 concurrent mark-sweep generation total 393216K, used 0K [0x00000000e8000000, 0x0000000100000000, 0x0000000100000000)
 Metaspace       used 24444K, capacity 24970K, committed 25136K, reserved 1071104K
  class space    used 2864K, capacity 3053K, committed 3120K, reserved 1048576K
2017-05-19T20:06:34.206+0200: 3,768: [GC (Allocation Failure) 2017-05-19T20:06:34.206+0200: 3,768: [ParNew
Desired survivor size 20112992 bytes, new threshold 8 (max 8)
- age   1:    1946512 bytes,    1946512 total
- age   2:    2015720 bytes,    3962232 total
- age   3:      74152 bytes,    4036384 total
- age   4:     105232 bytes,    4141616 total
- age   5:       1088 bytes,    4142704 total
- age   6:     182688 bytes,    4325392 total
- age   7:     728624 bytes,    5054016 total
- age   8:    6143752 bytes,   11197768 total
: 103955K->20886K(109248K), 0,0433565 secs] 103955K->20886K(502464K), 0,0434531 secs] [Times: user=0,08 sys=0,00, real=0,04 secs] 
Heap after GC invocations=8 (full 1):
 par new generation   total 109248K, used 20886K [0x00000000e0000000, 0x00000000e8000000, 0x00000000e8000000)
  eden space 87424K,   0% used [0x00000000e0000000, 0x00000000e0000000, 0x00000000e5560000)
  from space 21824K,  95% used [0x00000000e5560000, 0x00000000e69c5af8, 0x00000000e6ab0000)
  to   space 21824K,   0% used [0x00000000e6ab0000, 0x00000000e6ab0000, 0x00000000e8000000)
 concurrent mark-sweep generation total 393216K, used 0K [0x00000000e8000000, 0x0000000100000000, 0x0000000100000000)
 Metaspace       used 24444K, capacity 24970K, committed 25136K, reserved 1071104K
  class space    used 2864K, capacity 3053K, committed 3120K, reserved 1048576K
}
2017-05-19T20:06:34.249+0200: 3,812: Total time for which application threads were stopped: 0,0477689 seconds, Stopping threads took: 0,0040177 seconds
{Heap before GC invocations=8 (full 1):
 par new generation   total 109248K, used 108310K [0x00000000e0000000, 0x00000000e8000000, 0x00000000e8000000)
  eden space 87424K, 100% used [0x00000000e0000000, 0x00000000e5560000, 0x00000000e5560000)
  from space 21824K,  95% used [0x00000000e5560000, 0x00000000e69c5af8, 0x00000000e6ab0000)
  to   space 21824K,   0% used [0x00000000e6ab0000, 0x00000000e6ab0000, 0x00000000e8000000)
 concurrent mark-sweep generation total 393216K, used 0K [0x00000000e8000000, 0x0000000100000000, 0x0000000100000000)
 Metaspace       used 24827K, capacity 25268K, committed 25392K, reserved 1071104K
  class space    used 2901K, capacity 3087K, committed 3120K, reserved 1048576K
2017-05-19T20:06:34.386+0200: 3,948: [GC (Allocation Failure) 2017-05-19T20:06:34.386+0200: 3,948: [ParNew
Desired survivor size 20112992 bytes, new threshold 8 (max 8)
- age   1:     990224 bytes,     990224 total
- age   2:     588504 bytes,    1578728 total
- age   3:    1783064 bytes,    3361792 total
- age   4:      74120 bytes,    3435912 total
- age   5:     105168 bytes,    3541080 total
- age   6:       1088 bytes,    3542168 total
- age   7:     179888 bytes,    3722056 total
- age   8:     727856 bytes,    4449912 total
: 108310K->5034K(109248K), 0,0455745 secs] 108310K->11117K(502464K), 0,0456529 secs] [Times: user=0,08 sys=0,01, real=0,05 secs] 
Heap after GC invocations=9 (full 1):
 par new generation   total 109248K, used 5034K [0x00000000e0000000, 0x00000000e8000000, 0x00000000e8000000)
  eden space 87424K,   0% used [0x00000000e0000000, 0x00000000e0000000, 0x00000000e5560000)
  from space 21824K,  23% used [0x00000000e6ab0000, 0x00000000e6f9a8c0, 0x00000000e8000000)
  to   space 21824K,   0% used [0x00000000e5560000, 0x00000000e5560000, 0x00000000e6ab0000)
 concurrent mark-sweep generation total 393216K, used 6082K [0x00000000e8000000, 0x0000000100000000, 0x0000000100000000)
 Metaspace       used 24827K, capacity 25268K, committed 25392K, reserved 1071104K
  class space    used 2901K, capacity 3087K, committed 3120K, reserved 1048576K
}
2017-05-19T20:06:34.432+0200: 3,994: Total time for which application threads were stopped: 0,0459503 seconds, Stopping threads took: 0,0000779 seconds
2017-05-19T20:06:34.488+0200: 4,050: Total time for which application threads were stopped: 0,0010923 seconds, Stopping threads took: 0,0004601 seconds
2017-05-19T20:06:34.496+0200: 4,058: Total time for which application threads were stopped: 0,0001642 seconds, Stopping threads took: 0,0000513 seconds
2017-05-19T20:06:34.496+0200: 4,058: Total time for which application threads were stopped: 0,0000821 seconds, Stopping threads took: 0,0000228 seconds
2017-05-19T20:06:34.498+0200: 4,060: Total time for which application threads were stopped: 0,0001708 seconds, Stopping threads took: 0,0000759 seconds
2017-05-19T20:06:34.498+0200: 4,061: Total time for which application threads were stopped: 0,0001014 seconds, Stopping threads took: 0,0000244 seconds
2017-05-19T20:06:34.499+0200: 4,061: Total time for which application threads were stopped: 0,0001256 seconds, Stopping threads took: 0,0000777 seconds
2017-05-19T20:06:34.500+0200: 4,062: Total time for which application threads were stopped: 0,0010616 seconds, Stopping threads took: 0,0008981 seconds
2017-05-19T20:06:34.507+0200: 4,069: Total time for which application threads were stopped: 0,0052998 seconds, Stopping threads took: 0,0051712 seconds
2017-05-19T20:06:34.508+0200: 4,070: Total time for which application threads were stopped: 0,0006228 seconds, Stopping threads took: 0,0004908 seconds
2017-05-19T20:06:34.508+0200: 4,071: Total time for which application threads were stopped: 0,0001012 seconds, Stopping threads took: 0,0000102 seconds
2017-05-19T20:06:34.508+0200: 4,071: Total time for which application threads were stopped: 0,0000882 seconds, Stopping threads took: 0,0000078 seconds
2017-05-19T20:06:34.509+0200: 4,071: Total time for which application threads were stopped: 0,0003208 seconds, Stopping threads took: 0,0000151 seconds
2017-05-19T20:06:34.517+0200: 4,079: Total time for which application threads were stopped: 0,0033140 seconds, Stopping threads took: 0,0031945 seconds
2017-05-19T20:06:34.518+0200: 4,080: Total time for which application threads were stopped: 0,0000856 seconds, Stopping threads took: 0,0000122 seconds
2017-05-19T20:06:34.518+0200: 4,080: Total time for which application threads were stopped: 0,0000675 seconds, Stopping threads took: 0,0000083 seconds
2017-05-19T20:06:34.518+0200: 4,080: Total time for which application threads were stopped: 0,0000929 seconds, Stopping threads took: 0,0000082 seconds
2017-05-19T20:06:34.518+0200: 4,080: Total time for which application threads were stopped: 0,0000938 seconds, Stopping threads took: 0,0000130 seconds
2017-05-19T20:06:34.518+0200: 4,080: Total time for which application threads were stopped: 0,0000684 seconds, Stopping threads took: 0,0000092 seconds
2017-05-19T20:06:34.518+0200: 4,081: Total time for which application threads were stopped: 0,0000795 seconds, Stopping threads took: 0,0000099 seconds
2017-05-19T20:06:34.519+0200: 4,081: Total time for which application threads were stopped: 0,0000466 seconds, Stopping threads took: 0,0000081 seconds
2017-05-19T20:06:34.519+0200: 4,081: Total time for which application threads were stopped: 0,0001379 seconds, Stopping threads took: 0,0000093 seconds
2017-05-19T20:06:34.528+0200: 4,090: Total time for which application threads were stopped: 0,0017510 seconds, Stopping threads took: 0,0004863 seconds
2017-05-19T20:06:34.528+0200: 4,090: Total time for which application threads were stopped: 0,0001123 seconds, Stopping threads took: 0,0000267 seconds
2017-05-19T20:06:34.529+0200: 4,091: Total time for which application threads were stopped: 0,0007122 seconds, Stopping threads took: 0,0006152 seconds
2017-05-19T20:06:34.534+0200: 4,096: Total time for which application threads were stopped: 0,0002044 seconds, Stopping threads took: 0,0000787 seconds
2017-05-19T20:06:34.542+0200: 4,104: Total time for which application threads were stopped: 0,0001467 seconds, Stopping threads took: 0,0000306 seconds
2017-05-19T20:06:34.542+0200: 4,105: Total time for which application threads were stopped: 0,0001201 seconds, Stopping threads took: 0,0000285 seconds
2017-05-19T20:06:34.547+0200: 4,110: Total time for which application threads were stopped: 0,0049168 seconds, Stopping threads took: 0,0047712 seconds
2017-05-19T20:06:34.548+0200: 4,110: Total time for which application threads were stopped: 0,0006068 seconds, Stopping threads took: 0,0005000 seconds
2017-05-19T20:06:34.548+0200: 4,111: Total time for which application threads were stopped: 0,0000974 seconds, Stopping threads took: 0,0000313 seconds
2017-05-19T20:06:34.548+0200: 4,111: Total time for which application threads were stopped: 0,0000656 seconds, Stopping threads took: 0,0000095 seconds
2017-05-19T20:06:34.549+0200: 4,111: Total time for which application threads were stopped: 0,0000861 seconds, Stopping threads took: 0,0000146 seconds
2017-05-19T20:06:34.549+0200: 4,111: Total time for which application threads were stopped: 0,0000659 seconds, Stopping threads took: 0,0000092 seconds
2017-05-19T20:06:34.549+0200: 4,111: Total time for which application threads were stopped: 0,0000759 seconds, Stopping threads took: 0,0000121 seconds
2017-05-19T20:06:34.550+0200: 4,112: Total time for which application threads were stopped: 0,0000854 seconds, Stopping threads took: 0,0000136 seconds
2017-05-19T20:06:34.550+0200: 4,112: Total time for which application threads were stopped: 0,0000637 seconds, Stopping threads took: 0,0000093 seconds
2017-05-19T20:06:34.552+0200: 4,114: Total time for which application threads were stopped: 0,0002574 seconds, Stopping threads took: 0,0001364 seconds
2017-05-19T20:06:34.553+0200: 4,116: Total time for which application threads were stopped: 0,0011798 seconds, Stopping threads took: 0,0010494 seconds
2017-05-19T20:06:34.553+0200: 4,116: Total time for which application threads were stopped: 0,0000720 seconds, Stopping threads took: 0,0000082 seconds
2017-05-19T20:06:34.555+0200: 4,117: Total time for which application threads were stopped: 0,0012460 seconds, Stopping threads took: 0,0011359 seconds
2017-05-19T20:06:34.557+0200: 4,119: Total time for which application threads were stopped: 0,0002344 seconds, Stopping threads took: 0,0000173 seconds
2017-05-19T20:06:34.623+0200: 4,186: Total time for which application threads were stopped: 0,0001658 seconds, Stopping threads took: 0,0000276 seconds
2017-05-19T20:06:34.666+0200: 4,228: Total time for which application threads were stopped: 0,0290459 seconds, Stopping threads took: 0,0288863 seconds
2017-05-19T20:06:34.666+0200: 4,228: Total time for which application threads were stopped: 0,0001203 seconds, Stopping threads took: 0,0000102 seconds
2017-05-19T20:06:34.726+0200: 4,288: Total time for which application threads were stopped: 0,0321099 seconds, Stopping threads took: 0,0319666 seconds
2017-05-19T20:06:34.793+0200: 4,355: Total time for which application threads were stopped: 0,0115728 seconds, Stopping threads took: 0,0114658 seconds
2017-05-19T20:06:34.822+0200: 4,385: Total time for which application threads were stopped: 0,0076059 seconds, Stopping threads took: 0,0074917 seconds
2017-05-19T20:06:34.824+0200: 4,386: Total time for which application threads were stopped: 0,0001310 seconds, Stopping threads took: 0,0000194 seconds
2017-05-19T20:06:34.824+0200: 4,386: Total time for which application threads were stopped: 0,0001275 seconds, Stopping threads took: 0,0000121 seconds
2017-05-19T20:06:34.825+0200: 4,388: Total time for which application threads were stopped: 0,0011567 seconds, Stopping threads took: 0,0000133 seconds
2017-05-19T20:06:34.826+0200: 4,388: Total time for which application threads were stopped: 0,0000996 seconds, Stopping threads took: 0,0000139 seconds
2017-05-19T20:06:34.848+0200: 4,410: Total time for which application threads were stopped: 0,0041835 seconds, Stopping threads took: 0,0040609 seconds
2017-05-19T20:06:34.864+0200: 4,426: Total time for which application threads were stopped: 0,0050332 seconds, Stopping threads took: 0,0049066 seconds
2017-05-19T20:06:34.871+0200: 4,433: Total time for which application threads were stopped: 0,0001334 seconds, Stopping threads took: 0,0000200 seconds
2017-05-19T20:06:34.876+0200: 4,438: Total time for which application threads were stopped: 0,0001584 seconds, Stopping threads took: 0,0000364 seconds
2017-05-19T20:06:34.898+0200: 4,460: Total time for which application threads were stopped: 0,0147418 seconds, Stopping threads took: 0,0146098 seconds
2017-05-19T20:06:34.922+0200: 4,484: Total time for which application threads were stopped: 0,0058285 seconds, Stopping threads took: 0,0056848 seconds
2017-05-19T20:06:34.922+0200: 4,484: Total time for which application threads were stopped: 0,0000862 seconds, Stopping threads took: 0,0000085 seconds
2017-05-19T20:06:34.922+0200: 4,484: Total time for which application threads were stopped: 0,0000807 seconds, Stopping threads took: 0,0000059 seconds
2017-05-19T20:06:34.930+0200: 4,492: Total time for which application threads were stopped: 0,0002336 seconds, Stopping threads took: 0,0000157 seconds
2017-05-19T20:06:34.948+0200: 4,510: Total time for which application threads were stopped: 0,0001940 seconds, Stopping threads took: 0,0000670 seconds
2017-05-19T20:06:34.951+0200: 4,514: Total time for which application threads were stopped: 0,0021719 seconds, Stopping threads took: 0,0020194 seconds
2017-05-19T20:06:34.955+0200: 4,517: Total time for which application threads were stopped: 0,0002076 seconds, Stopping threads took: 0,0000765 seconds
2017-05-19T20:06:35.024+0200: 4,586: Total time for which application threads were stopped: 0,0001633 seconds, Stopping threads took: 0,0000270 seconds
2017-05-19T20:06:35.035+0200: 4,597: Total time for which application threads were stopped: 0,0003873 seconds, Stopping threads took: 0,0002865 seconds
2017-05-19T20:06:35.059+0200: 4,621: Total time for which application threads were stopped: 0,0049046 seconds, Stopping threads took: 0,0047591 seconds
2017-05-19T20:06:35.082+0200: 4,644: Total time for which application threads were stopped: 0,0071923 seconds, Stopping threads took: 0,0070679 seconds
2017-05-19T20:06:35.090+0200: 4,652: Total time for which application threads were stopped: 0,0077954 seconds, Stopping threads took: 0,0076755 seconds
2017-05-19T20:06:35.118+0200: 4,680: Total time for which application threads were stopped: 0,0198091 seconds, Stopping threads took: 0,0196619 seconds
2017-05-19T20:06:35.148+0200: 4,710: Total time for which application threads were stopped: 0,0001662 seconds, Stopping threads took: 0,0000823 seconds
2017-05-19T20:06:35.172+0200: 4,734: Total time for which application threads were stopped: 0,0001767 seconds, Stopping threads took: 0,0000734 seconds
2017-05-19T20:06:35.179+0200: 4,741: Total time for which application threads were stopped: 0,0001416 seconds, Stopping threads took: 0,0000805 seconds
2017-05-19T20:06:35.222+0200: 4,784: Total time for which application threads were stopped: 0,0004843 seconds, Stopping threads took: 0,0000574 seconds
2017-05-19T20:06:35.237+0200: 4,799: Total time for which application threads were stopped: 0,0003890 seconds, Stopping threads took: 0,0000223 seconds
2017-05-19T20:06:35.281+0200: 4,843: Total time for which application threads were stopped: 0,0001432 seconds, Stopping threads took: 0,0000476 seconds
2017-05-19T20:06:35.292+0200: 4,854: Total time for which application threads were stopped: 0,0004063 seconds, Stopping threads took: 0,0000481 seconds
2017-05-19T20:06:35.293+0200: 4,856: Total time for which application threads were stopped: 0,0001132 seconds, Stopping threads took: 0,0000382 seconds
2017-05-19T20:06:35.298+0200: 4,860: Total time for which application threads were stopped: 0,0001526 seconds, Stopping threads took: 0,0000659 seconds
2017-05-19T20:06:35.298+0200: 4,861: Total time for which application threads were stopped: 0,0001108 seconds, Stopping threads took: 0,0000396 seconds
2017-05-19T20:06:35.308+0200: 4,871: Total time for which application threads were stopped: 0,0000994 seconds, Stopping threads took: 0,0000289 seconds
2017-05-19T20:06:35.321+0200: 4,884: Total time for which application threads were stopped: 0,0001428 seconds, Stopping threads took: 0,0000513 seconds
2017-05-19T20:06:35.324+0200: 4,886: Total time for which application threads were stopped: 0,0001182 seconds, Stopping threads took: 0,0000544 seconds
2017-05-19T20:06:35.327+0200: 4,889: Total time for which application threads were stopped: 0,0001219 seconds, Stopping threads took: 0,0000539 seconds
2017-05-19T20:06:35.330+0200: 4,892: Total time for which application threads were stopped: 0,0001771 seconds, Stopping threads took: 0,0000827 seconds
2017-05-19T20:06:35.338+0200: 4,900: Total time for which application threads were stopped: 0,0039578 seconds, Stopping threads took: 0,0038837 seconds
2017-05-19T20:06:35.338+0200: 4,901: Total time for which application threads were stopped: 0,0001375 seconds, Stopping threads took: 0,0000664 seconds
2017-05-19T20:06:35.341+0200: 4,904: Total time for which application threads were stopped: 0,0001321 seconds, Stopping threads took: 0,0000530 seconds
2017-05-19T20:06:35.353+0200: 4,916: Total time for which application threads were stopped: 0,0001327 seconds, Stopping threads took: 0,0000510 seconds
2017-05-19T20:06:35.381+0200: 4,943: Total time for which application threads were stopped: 0,0039351 seconds, Stopping threads took: 0,0038394 seconds
2017-05-19T20:06:35.394+0200: 4,956: Total time for which application threads were stopped: 0,0037970 seconds, Stopping threads took: 0,0037139 seconds
2017-05-19T20:06:35.400+0200: 4,962: Total time for which application threads were stopped: 0,0024303 seconds, Stopping threads took: 0,0023198 seconds
2017-05-19T20:06:35.406+0200: 4,968: Total time for which application threads were stopped: 0,0001439 seconds, Stopping threads took: 0,0000502 seconds
2017-05-19T20:06:35.414+0200: 4,976: Total time for which application threads were stopped: 0,0001944 seconds, Stopping threads took: 0,0000939 seconds
2017-05-19T20:06:35.420+0200: 4,982: Total time for which application threads were stopped: 0,0002463 seconds, Stopping threads took: 0,0001151 seconds
2017-05-19T20:06:35.447+0200: 5,010: Total time for which application threads were stopped: 0,0006363 seconds, Stopping threads took: 0,0000572 seconds
2017-05-19T20:06:36.448+0200: 6,010: Total time for which application threads were stopped: 0,0001027 seconds, Stopping threads took: 0,0000207 seconds
{Heap before GC invocations=9 (full 1):
 par new generation   total 109248K, used 92458K [0x00000000e0000000, 0x00000000e8000000, 0x00000000e8000000)
  eden space 87424K, 100% used [0x00000000e0000000, 0x00000000e5560000, 0x00000000e5560000)
  from space 21824K,  23% used [0x00000000e6ab0000, 0x00000000e6f9a8c0, 0x00000000e8000000)
  to   space 21824K,   0% used [0x00000000e5560000, 0x00000000e5560000, 0x00000000e6ab0000)
 concurrent mark-sweep generation total 393216K, used 6082K [0x00000000e8000000, 0x0000000100000000, 0x0000000100000000)
 Metaspace       used 28017K, capacity 28518K, committed 28848K, reserved 1075200K
  class space    used 3217K, capacity 3396K, committed 3504K, reserved 1048576K
2017-05-19T20:06:41.450+0200: 11,012: [GC (Allocation Failure) 2017-05-19T20:06:41.450+0200: 11,012: [ParNew
Desired survivor size 20112992 bytes, new threshold 8 (max 8)
- age   1:   10562592 bytes,   10562592 total
- age   2:     609712 bytes,   11172304 total
- age   3:     198504 bytes,   11370808 total
- age   4:    1776336 bytes,   13147144 total
- age   5:      74088 bytes,   13221232 total
- age   6:     102464 bytes,   13323696 total
- age   7:       1088 bytes,   13324784 total
- age   8:     179328 bytes,   13504112 total
: 92458K->14855K(109248K), 0,0511263 secs] 98541K->21732K(502464K), 0,0512044 secs] [Times: user=0,07 sys=0,00, real=0,05 secs] 
Heap after GC invocations=10 (full 1):
 par new generation   total 109248K, used 14855K [0x00000000e0000000, 0x00000000e8000000, 0x00000000e8000000)
  eden space 87424K,   0% used [0x00000000e0000000, 0x00000000e0000000, 0x00000000e5560000)
  from space 21824K,  68% used [0x00000000e5560000, 0x00000000e63e1fb8, 0x00000000e6ab0000)
  to   space 21824K,   0% used [0x00000000e6ab0000, 0x00000000e6ab0000, 0x00000000e8000000)
 concurrent mark-sweep generation total 393216K, used 6876K [0x00000000e8000000, 0x0000000100000000, 0x0000000100000000)
 Metaspace       used 28017K, capacity 28518K, committed 28848K, reserved 1075200K
  class space    used 3217K, capacity 3396K, committed 3504K, reserved 1048576K
}
2017-05-19T20:06:41.501+0200: 11,063: Total time for which application threads were stopped: 0,0513501 seconds, Stopping threads took: 0,0000188 seconds
2017-05-19T20:06:41.502+0200: 11,064: Total time for which application threads were stopped: 0,0000612 seconds, Stopping threads took: 0,0000235 seconds
2017-05-19T20:06:41.502+0200: 11,064: Total time for which application threads were stopped: 0,0000371 seconds, Stopping threads took: 0,0000114 seconds
2017-05-19T20:06:47.679+0200: 17,241: Total time for which application threads were stopped: 0,0000812 seconds, Stopping threads took: 0,0000193 seconds
2017-05-19T20:06:47.679+0200: 17,241: Total time for which application threads were stopped: 0,0001678 seconds, Stopping threads took: 0,0000059 seconds
2017-05-19T20:06:47.734+0200: 17,296: Total time for which application threads were stopped: 0,0004565 seconds, Stopping threads took: 0,0000315 seconds
2017-05-19T20:06:48.734+0200: 18,296: Total time for which application threads were stopped: 0,0001399 seconds, Stopping threads took: 0,0000391 seconds
2017-05-19T20:06:49.549+0200: 19,111: Total time for which application threads were stopped: 0,0005484 seconds, Stopping threads took: 0,0000958 seconds
2017-05-19T20:06:49.555+0200: 19,117: Total time for which application threads were stopped: 0,0012899 seconds, Stopping threads took: 0,0011641 seconds
2017-05-19T20:06:49.555+0200: 19,117: Total time for which application threads were stopped: 0,0001089 seconds, Stopping threads took: 0,0000482 seconds
2017-05-19T20:06:49.561+0200: 19,123: Total time for which application threads were stopped: 0,0043683 seconds, Stopping threads took: 0,0042238 seconds
2017-05-19T20:06:49.562+0200: 19,125: Total time for which application threads were stopped: 0,0006259 seconds, Stopping threads took: 0,0005119 seconds
2017-05-19T20:06:49.576+0200: 19,138: Total time for which application threads were stopped: 0,0014600 seconds, Stopping threads took: 0,0013085 seconds
2017-05-19T20:06:49.587+0200: 19,149: Total time for which application threads were stopped: 0,0007327 seconds, Stopping threads took: 0,0006032 seconds
2017-05-19T20:06:49.590+0200: 19,152: Total time for which application threads were stopped: 0,0001406 seconds, Stopping threads took: 0,0000391 seconds
2017-05-19T20:06:50.590+0200: 20,152: Total time for which application threads were stopped: 0,0001321 seconds, Stopping threads took: 0,0000280 seconds
2017-05-19T20:06:59.592+0200: 29,154: Total time for which application threads were stopped: 0,0000822 seconds, Stopping threads took: 0,0000211 seconds
2017-05-19T20:07:47.598+0200: 77,160: Total time for which application threads were stopped: 0,0000833 seconds, Stopping threads took: 0,0000220 seconds
2017-05-19T20:07:49.570+0200: 79,132: Total time for which application threads were stopped: 0,0000772 seconds, Stopping threads took: 0,0000193 seconds
2017-05-19T20:07:49.595+0200: 79,157: Total time for which application threads were stopped: 0,0004671 seconds, Stopping threads took: 0,0001354 seconds
2017-05-19T20:09:24.607+0200: 174,169: Total time for which application threads were stopped: 0,0000824 seconds, Stopping threads took: 0,0000338 seconds
2017-05-19T20:10:58.618+0200: 268,181: Total time for which application threads were stopped: 0,0004837 seconds, Stopping threads took: 0,0001626 seconds
2017-05-19T20:11:02.619+0200: 272,181: Total time for which application threads were stopped: 0,0001113 seconds, Stopping threads took: 0,0000193 seconds
2017-05-19T20:15:19.850+0200: 529,413: Total time for which application threads were stopped: 0,0001008 seconds, Stopping threads took: 0,0000280 seconds
2017-05-19T20:15:19.858+0200: 529,420: Total time for which application threads were stopped: 0,0001413 seconds, Stopping threads took: 0,0000541 seconds
2017-05-19T20:15:19.859+0200: 529,422: Total time for which application threads were stopped: 0,0000966 seconds, Stopping threads took: 0,0000182 seconds
2017-05-19T20:15:19.871+0200: 529,433: Total time for which application threads were stopped: 0,0028446 seconds, Stopping threads took: 0,0027618 seconds
2017-05-19T20:15:19.873+0200: 529,435: Total time for which application threads were stopped: 0,0001035 seconds, Stopping threads took: 0,0000180 seconds
2017-05-19T20:15:19.873+0200: 529,436: Total time for which application threads were stopped: 0,0000832 seconds, Stopping threads took: 0,0000172 seconds
2017-05-19T20:15:19.874+0200: 529,436: Total time for which application threads were stopped: 0,0004513 seconds, Stopping threads took: 0,0003221 seconds
2017-05-19T20:15:19.874+0200: 529,437: Total time for which application threads were stopped: 0,0000629 seconds, Stopping threads took: 0,0000101 seconds
2017-05-19T20:15:19.875+0200: 529,437: Total time for which application threads were stopped: 0,0000980 seconds, Stopping threads took: 0,0000482 seconds
2017-05-19T20:15:19.875+0200: 529,437: Total time for which application threads were stopped: 0,0000516 seconds, Stopping threads took: 0,0000074 seconds
2017-05-19T20:15:19.875+0200: 529,437: Total time for which application threads were stopped: 0,0000628 seconds, Stopping threads took: 0,0000089 seconds
2017-05-19T20:15:19.875+0200: 529,437: Total time for which application threads were stopped: 0,0000739 seconds, Stopping threads took: 0,0000092 seconds
2017-05-19T20:15:19.875+0200: 529,438: Total time for which application threads were stopped: 0,0000828 seconds, Stopping threads took: 0,0000315 seconds
2017-05-19T20:15:19.875+0200: 529,438: Total time for which application threads were stopped: 0,0000546 seconds, Stopping threads took: 0,0000142 seconds
2017-05-19T20:15:19.876+0200: 529,438: Total time for which application threads were stopped: 0,0000503 seconds, Stopping threads took: 0,0000124 seconds
2017-05-19T20:15:19.876+0200: 529,438: Total time for which application threads were stopped: 0,0000474 seconds, Stopping threads took: 0,0000128 seconds
2017-05-19T20:15:19.876+0200: 529,438: Total time for which application threads were stopped: 0,0000468 seconds, Stopping threads took: 0,0000119 seconds
2017-05-19T20:15:19.876+0200: 529,438: Total time for which application threads were stopped: 0,0000466 seconds, Stopping threads took: 0,0000131 seconds
2017-05-19T20:15:19.876+0200: 529,438: Total time for which application threads were stopped: 0,0000482 seconds, Stopping threads took: 0,0000124 seconds
2017-05-19T20:15:19.876+0200: 529,438: Total time for which application threads were stopped: 0,0000450 seconds, Stopping threads took: 0,0000139 seconds
2017-05-19T20:15:19.876+0200: 529,438: Total time for which application threads were stopped: 0,0000437 seconds, Stopping threads took: 0,0000135 seconds
2017-05-19T20:15:19.876+0200: 529,438: Total time for which application threads were stopped: 0,0000461 seconds, Stopping threads took: 0,0000116 seconds
2017-05-19T20:15:19.891+0200: 529,453: Total time for which application threads were stopped: 0,0032153 seconds, Stopping threads took: 0,0031282 seconds
2017-05-19T20:15:19.900+0200: 529,462: Total time for which application threads were stopped: 0,0083439 seconds, Stopping threads took: 0,0082472 seconds
2017-05-19T20:15:19.908+0200: 529,471: Total time for which application threads were stopped: 0,0000876 seconds, Stopping threads took: 0,0000174 seconds
2017-05-19T20:15:19.909+0200: 529,471: Total time for which application threads were stopped: 0,0000553 seconds, Stopping threads took: 0,0000076 seconds
2017-05-19T20:15:19.909+0200: 529,471: Total time for which application threads were stopped: 0,0000443 seconds, Stopping threads took: 0,0000069 seconds
2017-05-19T20:15:19.909+0200: 529,471: Total time for which application threads were stopped: 0,0000447 seconds, Stopping threads took: 0,0000056 seconds
2017-05-19T20:15:19.909+0200: 529,471: Total time for which application threads were stopped: 0,0000422 seconds, Stopping threads took: 0,0000055 seconds
2017-05-19T20:15:19.909+0200: 529,471: Total time for which application threads were stopped: 0,0000429 seconds, Stopping threads took: 0,0000055 seconds
2017-05-19T20:15:19.909+0200: 529,471: Total time for which application threads were stopped: 0,0000417 seconds, Stopping threads took: 0,0000053 seconds
2017-05-19T20:15:19.909+0200: 529,471: Total time for which application threads were stopped: 0,0000357 seconds, Stopping threads took: 0,0000046 seconds
2017-05-19T20:15:19.912+0200: 529,474: Total time for which application threads were stopped: 0,0001165 seconds, Stopping threads took: 0,0000363 seconds
2017-05-19T20:15:19.925+0200: 529,487: Total time for which application threads were stopped: 0,0124117 seconds, Stopping threads took: 0,0123272 seconds
2017-05-19T20:15:19.927+0200: 529,489: Total time for which application threads were stopped: 0,0000961 seconds, Stopping threads took: 0,0000195 seconds
2017-05-19T20:15:19.927+0200: 529,490: Total time for which application threads were stopped: 0,0000698 seconds, Stopping threads took: 0,0000088 seconds
2017-05-19T20:15:19.927+0200: 529,490: Total time for which application threads were stopped: 0,0000597 seconds, Stopping threads took: 0,0000074 seconds
2017-05-19T20:15:19.936+0200: 529,498: Total time for which application threads were stopped: 0,0000930 seconds, Stopping threads took: 0,0000240 seconds
2017-05-19T20:15:19.936+0200: 529,498: Total time for which application threads were stopped: 0,0000599 seconds, Stopping threads took: 0,0000147 seconds
2017-05-19T20:15:19.953+0200: 529,515: Total time for which application threads were stopped: 0,0099648 seconds, Stopping threads took: 0,0098628 seconds
2017-05-19T20:15:19.955+0200: 529,517: Total time for which application threads were stopped: 0,0000779 seconds, Stopping threads took: 0,0000131 seconds
2017-05-19T20:15:19.956+0200: 529,518: Total time for which application threads were stopped: 0,0000779 seconds, Stopping threads took: 0,0000124 seconds
2017-05-19T20:15:19.956+0200: 529,518: Total time for which application threads were stopped: 0,0000393 seconds, Stopping threads took: 0,0000079 seconds
2017-05-19T20:15:19.956+0200: 529,518: Total time for which application threads were stopped: 0,0000361 seconds, Stopping threads took: 0,0000049 seconds
2017-05-19T20:15:19.956+0200: 529,518: Total time for which application threads were stopped: 0,0000333 seconds, Stopping threads took: 0,0000044 seconds
2017-05-19T20:15:19.956+0200: 529,519: Total time for which application threads were stopped: 0,0000604 seconds, Stopping threads took: 0,0000188 seconds
2017-05-19T20:15:19.956+0200: 529,519: Total time for which application threads were stopped: 0,0000397 seconds, Stopping threads took: 0,0000053 seconds
2017-05-19T20:15:19.956+0200: 529,519: Total time for which application threads were stopped: 0,0000349 seconds, Stopping threads took: 0,0000049 seconds
2017-05-19T20:15:19.957+0200: 529,519: Total time for which application threads were stopped: 0,0000367 seconds, Stopping threads took: 0,0000050 seconds
2017-05-19T20:15:19.957+0200: 529,519: Total time for which application threads were stopped: 0,0000349 seconds, Stopping threads took: 0,0000047 seconds
2017-05-19T20:15:19.957+0200: 529,519: Total time for which application threads were stopped: 0,0000351 seconds, Stopping threads took: 0,0000052 seconds
2017-05-19T20:15:19.957+0200: 529,519: Total time for which application threads were stopped: 0,0000537 seconds, Stopping threads took: 0,0000164 seconds
2017-05-19T20:15:19.957+0200: 529,519: Total time for which application threads were stopped: 0,0000367 seconds, Stopping threads took: 0,0000054 seconds
2017-05-19T20:15:19.957+0200: 529,519: Total time for which application threads were stopped: 0,0000351 seconds, Stopping threads took: 0,0000053 seconds
2017-05-19T20:15:19.957+0200: 529,520: Total time for which application threads were stopped: 0,0000351 seconds, Stopping threads took: 0,0000049 seconds
2017-05-19T20:15:19.957+0200: 529,520: Total time for which application threads were stopped: 0,0000351 seconds, Stopping threads took: 0,0000048 seconds
2017-05-19T20:15:19.958+0200: 529,520: Total time for which application threads were stopped: 0,0001496 seconds, Stopping threads took: 0,0000050 seconds
2017-05-19T20:15:19.961+0200: 529,524: Total time for which application threads were stopped: 0,0001443 seconds, Stopping threads took: 0,0000341 seconds
2017-05-19T20:15:19.961+0200: 529,524: Total time for which application threads were stopped: 0,0000752 seconds, Stopping threads took: 0,0000066 seconds
Heap
 par new generation   total 109248K, used 42889K [0x00000000e0000000, 0x00000000e8000000, 0x00000000e8000000)
  eden space 87424K,  32% used [0x00000000e0000000, 0x00000000e1b605f8, 0x00000000e5560000)
  from space 21824K,  68% used [0x00000000e5560000, 0x00000000e63e1fb8, 0x00000000e6ab0000)
  to   space 21824K,   0% used [0x00000000e6ab0000, 0x00000000e6ab0000, 0x00000000e8000000)
 concurrent mark-sweep generation total 393216K, used 6876K [0x00000000e8000000, 0x0000000100000000, 0x0000000100000000)
 Metaspace       used 29680K, capacity 30364K, committed 30640K, reserved 1077248K
  class space    used 3421K, capacity 3643K, committed 3760K, reserved 1048576K
