OpenJDK 64-Bit Server VM (25.131-b11) for linux-amd64 JRE (1.8.0_131-8u131-b11-0ubuntu1.16.04.2-b11), built on May  6 2017 02:45:27 by "buildd" with gcc 5.4.0 20160609
Memory: 4k page, physical 7867740k(7468860k free), swap 8076284k(8076284k free)
CommandLine flags: -XX:CMSInitiatingOccupancyFraction=50 -XX:CMSMaxAbortablePrecleanTime=6000 -XX:+CMSParallelRemarkEnabled -XX:+CMSScavengeBeforeRemark -XX:ConcGCThreads=4 -XX:InitialHeapSize=536870912 -XX:MaxHeapSize=536870912 -XX:MaxTenuringThreshold=8 -XX:NewRatio=3 -XX:OldPLABSize=16 -XX:OnOutOfMemoryError=/opt/solr/bin/oom_solr.sh 8983 /var/solr/logs -XX:ParallelGCThreads=4 -XX:+ParallelRefProcEnabled -XX:PretenureSizeThreshold=67108864 -XX:+PrintGC -XX:+PrintGCApplicationStoppedTime -XX:+PrintGCDateStamps -XX:+PrintGCDetails -XX:+PrintGCTimeStamps -XX:+PrintHeapAtGC -XX:+PrintTenuringDistribution -XX:SurvivorRatio=4 -XX:TargetSurvivorRatio=90 -XX:ThreadStackSize=256 -XX:+UseCMSInitiatingOccupancyOnly -XX:+UseCompressedClassPointers -XX:+UseCompressedOops -XX:+UseConcMarkSweepGC -XX:+UseParNewGC 
2017-07-07T08:23:38.839+0200: 0,165: Total time for which application threads were stopped: 0,0000713 seconds, Stopping threads took: 0,0000137 seconds
2017-07-07T08:23:38.917+0200: 0,243: Total time for which application threads were stopped: 0,0001096 seconds, Stopping threads took: 0,0000240 seconds
2017-07-07T08:23:38.933+0200: 0,259: Total time for which application threads were stopped: 0,0000760 seconds, Stopping threads took: 0,0000139 seconds
2017-07-07T08:23:39.073+0200: 0,399: Total time for which application threads were stopped: 0,0001326 seconds, Stopping threads took: 0,0000143 seconds
2017-07-07T08:23:39.306+0200: 0,632: Total time for which application threads were stopped: 0,0001139 seconds, Stopping threads took: 0,0000095 seconds
2017-07-07T08:23:39.370+0200: 0,696: Total time for which application threads were stopped: 0,0002028 seconds, Stopping threads took: 0,0000182 seconds
2017-07-07T08:23:39.389+0200: 0,715: Total time for which application threads were stopped: 0,0001517 seconds, Stopping threads took: 0,0000178 seconds
2017-07-07T08:23:39.610+0200: 0,936: Total time for which application threads were stopped: 0,0001830 seconds, Stopping threads took: 0,0000212 seconds
2017-07-07T08:23:39.853+0200: 1,179: Total time for which application threads were stopped: 0,0003431 seconds, Stopping threads took: 0,0000204 seconds
2017-07-07T08:23:39.882+0200: 1,208: Total time for which application threads were stopped: 0,0002675 seconds, Stopping threads took: 0,0000169 seconds
2017-07-07T08:23:39.912+0200: 1,238: Total time for which application threads were stopped: 0,0002233 seconds, Stopping threads took: 0,0000230 seconds
2017-07-07T08:23:39.914+0200: 1,240: Total time for which application threads were stopped: 0,0002188 seconds, Stopping threads took: 0,0000122 seconds
2017-07-07T08:23:39.932+0200: 1,258: Total time for which application threads were stopped: 0,0002236 seconds, Stopping threads took: 0,0000169 seconds
2017-07-07T08:23:40.041+0200: 1,367: Total time for which application threads were stopped: 0,0002265 seconds, Stopping threads took: 0,0000205 seconds
2017-07-07T08:23:40.475+0200: 1,801: Total time for which application threads were stopped: 0,0002882 seconds, Stopping threads took: 0,0000217 seconds
{Heap before GC invocations=0 (full 0):
 par new generation   total 109248K, used 87424K [0x00000000e0000000, 0x00000000e8000000, 0x00000000e8000000)
  eden space 87424K, 100% used [0x00000000e0000000, 0x00000000e5560000, 0x00000000e5560000)
  from space 21824K,   0% used [0x00000000e5560000, 0x00000000e5560000, 0x00000000e6ab0000)
  to   space 21824K,   0% used [0x00000000e6ab0000, 0x00000000e6ab0000, 0x00000000e8000000)
 concurrent mark-sweep generation total 393216K, used 0K [0x00000000e8000000, 0x0000000100000000, 0x0000000100000000)
 Metaspace       used 17504K, capacity 17824K, committed 18048K, reserved 1064960K
  class space    used 1988K, capacity 2132K, committed 2176K, reserved 1048576K
2017-07-07T08:23:40.495+0200: 1,821: [GC (Allocation Failure) 2017-07-07T08:23:40.495+0200: 1,821: [ParNew
Desired survivor size 20112992 bytes, new threshold 8 (max 8)
- age   1:   11059256 bytes,   11059256 total
: 87424K->10904K(109248K), 0,0262484 secs] 87424K->10904K(502464K), 0,0263407 secs] [Times: user=0,05 sys=0,00, real=0,03 secs] 
Heap after GC invocations=1 (full 0):
 par new generation   total 109248K, used 10904K [0x00000000e0000000, 0x00000000e8000000, 0x00000000e8000000)
  eden space 87424K,   0% used [0x00000000e0000000, 0x00000000e0000000, 0x00000000e5560000)
  from space 21824K,  49% used [0x00000000e6ab0000, 0x00000000e7556038, 0x00000000e8000000)
  to   space 21824K,   0% used [0x00000000e5560000, 0x00000000e5560000, 0x00000000e6ab0000)
 concurrent mark-sweep generation total 393216K, used 0K [0x00000000e8000000, 0x0000000100000000, 0x0000000100000000)
 Metaspace       used 17504K, capacity 17824K, committed 18048K, reserved 1064960K
  class space    used 1988K, capacity 2132K, committed 2176K, reserved 1048576K
}
2017-07-07T08:23:40.522+0200: 1,848: Total time for which application threads were stopped: 0,0269933 seconds, Stopping threads took: 0,0004969 seconds
2017-07-07T08:23:41.190+0200: 2,516: Total time for which application threads were stopped: 0,0008502 seconds, Stopping threads took: 0,0000842 seconds
{Heap before GC invocations=1 (full 0):
 par new generation   total 109248K, used 98328K [0x00000000e0000000, 0x00000000e8000000, 0x00000000e8000000)
  eden space 87424K, 100% used [0x00000000e0000000, 0x00000000e5560000, 0x00000000e5560000)
  from space 21824K,  49% used [0x00000000e6ab0000, 0x00000000e7556038, 0x00000000e8000000)
  to   space 21824K,   0% used [0x00000000e5560000, 0x00000000e5560000, 0x00000000e6ab0000)
 concurrent mark-sweep generation total 393216K, used 0K [0x00000000e8000000, 0x0000000100000000, 0x0000000100000000)
 Metaspace       used 20017K, capacity 20350K, committed 20736K, reserved 1067008K
  class space    used 2292K, capacity 2465K, committed 2560K, reserved 1048576K
2017-07-07T08:23:41.239+0200: 2,565: [GC (Allocation Failure) 2017-07-07T08:23:41.239+0200: 2,565: [ParNew
Desired survivor size 20112992 bytes, new threshold 8 (max 8)
- age   1:    4618496 bytes,    4618496 total
- age   2:    5690944 bytes,   10309440 total
: 98328K->12376K(109248K), 0,0186490 secs] 98328K->12376K(502464K), 0,0188249 secs] [Times: user=0,04 sys=0,01, real=0,02 secs] 
Heap after GC invocations=2 (full 0):
 par new generation   total 109248K, used 12376K [0x00000000e0000000, 0x00000000e8000000, 0x00000000e8000000)
  eden space 87424K,   0% used [0x00000000e0000000, 0x00000000e0000000, 0x00000000e5560000)
  from space 21824K,  56% used [0x00000000e5560000, 0x00000000e6176070, 0x00000000e6ab0000)
  to   space 21824K,   0% used [0x00000000e6ab0000, 0x00000000e6ab0000, 0x00000000e8000000)
 concurrent mark-sweep generation total 393216K, used 0K [0x00000000e8000000, 0x0000000100000000, 0x0000000100000000)
 Metaspace       used 20017K, capacity 20350K, committed 20736K, reserved 1067008K
  class space    used 2292K, capacity 2465K, committed 2560K, reserved 1048576K
}
2017-07-07T08:23:41.258+0200: 2,584: Total time for which application threads were stopped: 0,0192292 seconds, Stopping threads took: 0,0001106 seconds
2017-07-07T08:23:41.290+0200: 2,616: Total time for which application threads were stopped: 0,0070914 seconds, Stopping threads took: 0,0065796 seconds
2017-07-07T08:23:41.364+0200: 2,690: Total time for which application threads were stopped: 0,0002981 seconds, Stopping threads took: 0,0000220 seconds
2017-07-07T08:23:41.518+0200: 2,844: Total time for which application threads were stopped: 0,0015215 seconds, Stopping threads took: 0,0013846 seconds
{Heap before GC invocations=2 (full 0):
 par new generation   total 109248K, used 99800K [0x00000000e0000000, 0x00000000e8000000, 0x00000000e8000000)
  eden space 87424K, 100% used [0x00000000e0000000, 0x00000000e5560000, 0x00000000e5560000)
  from space 21824K,  56% used [0x00000000e5560000, 0x00000000e6176070, 0x00000000e6ab0000)
  to   space 21824K,   0% used [0x00000000e6ab0000, 0x00000000e6ab0000, 0x00000000e8000000)
 concurrent mark-sweep generation total 393216K, used 0K [0x00000000e8000000, 0x0000000100000000, 0x0000000100000000)
 Metaspace       used 20963K, capacity 21272K, committed 21628K, reserved 1069056K
  class space    used 2415K, capacity 2584K, committed 2684K, reserved 1048576K
2017-07-07T08:23:41.547+0200: 2,873: [GC (Allocation Failure) 2017-07-07T08:23:41.547+0200: 2,873: [ParNew
Desired survivor size 20112992 bytes, new threshold 8 (max 8)
- age   1:    2171088 bytes,    2171088 total
- age   2:    1763024 bytes,    3934112 total
- age   3:    5689832 bytes,    9623944 total
: 99800K->13977K(109248K), 0,0133242 secs] 99800K->13977K(502464K), 0,0134057 secs] [Times: user=0,05 sys=0,00, real=0,01 secs] 
Heap after GC invocations=3 (full 0):
 par new generation   total 109248K, used 13977K [0x00000000e0000000, 0x00000000e8000000, 0x00000000e8000000)
  eden space 87424K,   0% used [0x00000000e0000000, 0x00000000e0000000, 0x00000000e5560000)
  from space 21824K,  64% used [0x00000000e6ab0000, 0x00000000e7856790, 0x00000000e8000000)
  to   space 21824K,   0% used [0x00000000e5560000, 0x00000000e5560000, 0x00000000e6ab0000)
 concurrent mark-sweep generation total 393216K, used 0K [0x00000000e8000000, 0x0000000100000000, 0x0000000100000000)
 Metaspace       used 20963K, capacity 21272K, committed 21628K, reserved 1069056K
  class space    used 2415K, capacity 2584K, committed 2684K, reserved 1048576K
}
2017-07-07T08:23:41.560+0200: 2,886: Total time for which application threads were stopped: 0,0135906 seconds, Stopping threads took: 0,0000352 seconds
2017-07-07T08:23:41.561+0200: 2,887: [GC (CMS Initial Mark) [1 CMS-initial-mark: 0K(393216K)] 14677K(502464K), 0,0028018 secs] [Times: user=0,01 sys=0,00, real=0,00 secs] 
2017-07-07T08:23:41.564+0200: 2,890: Total time for which application threads were stopped: 0,0029770 seconds, Stopping threads took: 0,0000623 seconds
2017-07-07T08:23:41.564+0200: 2,890: [CMS-concurrent-mark-start]
2017-07-07T08:23:41.574+0200: 2,900: [CMS-concurrent-mark: 0,010/0,010 secs] [Times: user=0,04 sys=0,00, real=0,01 secs] 
2017-07-07T08:23:41.574+0200: 2,900: [CMS-concurrent-preclean-start]
2017-07-07T08:23:41.575+0200: 2,901: [CMS-concurrent-preclean: 0,001/0,001 secs] [Times: user=0,00 sys=0,00, real=0,00 secs] 
2017-07-07T08:23:41.575+0200: 2,901: [CMS-concurrent-abortable-preclean-start]
2017-07-07T08:23:41.648+0200: 2,974: Total time for which application threads were stopped: 0,0001271 seconds, Stopping threads took: 0,0000314 seconds
{Heap before GC invocations=3 (full 1):
 par new generation   total 109248K, used 101401K [0x00000000e0000000, 0x00000000e8000000, 0x00000000e8000000)
  eden space 87424K, 100% used [0x00000000e0000000, 0x00000000e5560000, 0x00000000e5560000)
  from space 21824K,  64% used [0x00000000e6ab0000, 0x00000000e7856790, 0x00000000e8000000)
  to   space 21824K,   0% used [0x00000000e5560000, 0x00000000e5560000, 0x00000000e6ab0000)
 concurrent mark-sweep generation total 393216K, used 0K [0x00000000e8000000, 0x0000000100000000, 0x0000000100000000)
 Metaspace       used 21245K, capacity 21621K, committed 21884K, reserved 1069056K
  class space    used 2446K, capacity 2602K, committed 2684K, reserved 1048576K
2017-07-07T08:23:41.680+0200: 3,006: [GC (Allocation Failure) 2017-07-07T08:23:41.680+0200: 3,006: [ParNew
Desired survivor size 20112992 bytes, new threshold 8 (max 8)
- age   1:     948128 bytes,     948128 total
- age   2:    1511768 bytes,    2459896 total
- age   3:    1747704 bytes,    4207600 total
- age   4:    5689216 bytes,    9896816 total
: 101401K->13170K(109248K), 0,0097262 secs] 101401K->13170K(502464K), 0,0097965 secs] [Times: user=0,03 sys=0,00, real=0,01 secs] 
Heap after GC invocations=4 (full 1):
 par new generation   total 109248K, used 13170K [0x00000000e0000000, 0x00000000e8000000, 0x00000000e8000000)
  eden space 87424K,   0% used [0x00000000e0000000, 0x00000000e0000000, 0x00000000e5560000)
  from space 21824K,  60% used [0x00000000e5560000, 0x00000000e623ca10, 0x00000000e6ab0000)
  to   space 21824K,   0% used [0x00000000e6ab0000, 0x00000000e6ab0000, 0x00000000e8000000)
 concurrent mark-sweep generation total 393216K, used 0K [0x00000000e8000000, 0x0000000100000000, 0x0000000100000000)
 Metaspace       used 21245K, capacity 21621K, committed 21884K, reserved 1069056K
  class space    used 2446K, capacity 2602K, committed 2684K, reserved 1048576K
}
2017-07-07T08:23:41.689+0200: 3,015: Total time for which application threads were stopped: 0,0099656 seconds, Stopping threads took: 0,0000366 seconds
{Heap before GC invocations=4 (full 1):
 par new generation   total 109248K, used 100594K [0x00000000e0000000, 0x00000000e8000000, 0x00000000e8000000)
  eden space 87424K, 100% used [0x00000000e0000000, 0x00000000e5560000, 0x00000000e5560000)
  from space 21824K,  60% used [0x00000000e5560000, 0x00000000e623ca10, 0x00000000e6ab0000)
  to   space 21824K,   0% used [0x00000000e6ab0000, 0x00000000e6ab0000, 0x00000000e8000000)
 concurrent mark-sweep generation total 393216K, used 0K [0x00000000e8000000, 0x0000000100000000, 0x0000000100000000)
 Metaspace       used 21392K, capacity 21787K, committed 21884K, reserved 1069056K
  class space    used 2464K, capacity 2635K, committed 2684K, reserved 1048576K
2017-07-07T08:23:41.765+0200: 3,091: [GC (Allocation Failure) 2017-07-07T08:23:41.765+0200: 3,091: [ParNew
Desired survivor size 20112992 bytes, new threshold 8 (max 8)
- age   1:     884096 bytes,     884096 total
- age   2:     179624 bytes,    1063720 total
- age   3:    1511664 bytes,    2575384 total
- age   4:    1747592 bytes,    4322976 total
- age   5:    5689064 bytes,   10012040 total
: 100594K->11447K(109248K), 0,0105691 secs] 100594K->11447K(502464K), 0,0106549 secs] [Times: user=0,04 sys=0,00, real=0,01 secs] 
Heap after GC invocations=5 (full 1):
 par new generation   total 109248K, used 11447K [0x00000000e0000000, 0x00000000e8000000, 0x00000000e8000000)
  eden space 87424K,   0% used [0x00000000e0000000, 0x00000000e0000000, 0x00000000e5560000)
  from space 21824K,  52% used [0x00000000e6ab0000, 0x00000000e75ddc10, 0x00000000e8000000)
  to   space 21824K,   0% used [0x00000000e5560000, 0x00000000e5560000, 0x00000000e6ab0000)
 concurrent mark-sweep generation total 393216K, used 0K [0x00000000e8000000, 0x0000000100000000, 0x0000000100000000)
 Metaspace       used 21392K, capacity 21787K, committed 21884K, reserved 1069056K
  class space    used 2464K, capacity 2635K, committed 2684K, reserved 1048576K
}
2017-07-07T08:23:41.776+0200: 3,102: Total time for which application threads were stopped: 0,0109694 seconds, Stopping threads took: 0,0001452 seconds
2017-07-07T08:23:41.833+0200: 3,159: Total time for which application threads were stopped: 0,0001617 seconds, Stopping threads took: 0,0000672 seconds
2017-07-07T08:23:41.845+0200: 3,171: Total time for which application threads were stopped: 0,0003364 seconds, Stopping threads took: 0,0000218 seconds
2017-07-07T08:23:41.887+0200: 3,213: Total time for which application threads were stopped: 0,0001040 seconds, Stopping threads took: 0,0000292 seconds
2017-07-07T08:23:41.911+0200: 3,237: Total time for which application threads were stopped: 0,0000969 seconds, Stopping threads took: 0,0000246 seconds
2017-07-07T08:23:42.105+0200: 3,431: Total time for which application threads were stopped: 0,0002262 seconds, Stopping threads took: 0,0000739 seconds
2017-07-07T08:23:42.161+0200: 3,487: Total time for which application threads were stopped: 0,0001670 seconds, Stopping threads took: 0,0000754 seconds
2017-07-07T08:23:42.163+0200: 3,489: Total time for which application threads were stopped: 0,0004097 seconds, Stopping threads took: 0,0000296 seconds
2017-07-07T08:23:42.178+0200: 3,504: Total time for which application threads were stopped: 0,0004116 seconds, Stopping threads took: 0,0000402 seconds
2017-07-07T08:23:42.178+0200: 3,504: [CMS-concurrent-abortable-preclean: 0,352/0,603 secs] [Times: user=2,20 sys=0,03, real=0,61 secs] 
2017-07-07T08:23:42.178+0200: 3,504: [GC (CMS Final Remark) [YG occupancy: 58849 K (109248 K)]{Heap before GC invocations=5 (full 1):
 par new generation   total 109248K, used 58849K [0x00000000e0000000, 0x00000000e8000000, 0x00000000e8000000)
  eden space 87424K,  54% used [0x00000000e0000000, 0x00000000e2e4a878, 0x00000000e5560000)
  from space 21824K,  52% used [0x00000000e6ab0000, 0x00000000e75ddc10, 0x00000000e8000000)
  to   space 21824K,   0% used [0x00000000e5560000, 0x00000000e5560000, 0x00000000e6ab0000)
 concurrent mark-sweep generation total 393216K, used 0K [0x00000000e8000000, 0x0000000100000000, 0x0000000100000000)
 Metaspace       used 23026K, capacity 23447K, committed 23544K, reserved 1071104K
  class space    used 2645K, capacity 2801K, committed 2812K, reserved 1048576K
2017-07-07T08:23:42.178+0200: 3,504: [GC (CMS Final Remark) 2017-07-07T08:23:42.178+0200: 3,504: [ParNew
Desired survivor size 20112992 bytes, new threshold 8 (max 8)
- age   1:    2737768 bytes,    2737768 total
- age   2:     111088 bytes,    2848856 total
- age   3:     178536 bytes,    3027392 total
- age   4:     342400 bytes,    3369792 total
- age   5:    1735792 bytes,    5105584 total
- age   6:    5685392 bytes,   10790976 total
: 58849K->15058K(109248K), 0,0106317 secs] 58849K->15058K(502464K), 0,0106944 secs] [Times: user=0,04 sys=0,00, real=0,01 secs] 
Heap after GC invocations=6 (full 1):
 par new generation   total 109248K, used 15058K [0x00000000e0000000, 0x00000000e8000000, 0x00000000e8000000)
  eden space 87424K,   0% used [0x00000000e0000000, 0x00000000e0000000, 0x00000000e5560000)
  from space 21824K,  68% used [0x00000000e5560000, 0x00000000e6414978, 0x00000000e6ab0000)
  to   space 21824K,   0% used [0x00000000e6ab0000, 0x00000000e6ab0000, 0x00000000e8000000)
 concurrent mark-sweep generation total 393216K, used 0K [0x00000000e8000000, 0x0000000100000000, 0x0000000100000000)
 Metaspace       used 23026K, capacity 23447K, committed 23544K, reserved 1071104K
  class space    used 2645K, capacity 2801K, committed 2812K, reserved 1048576K
}
2017-07-07T08:23:42.189+0200: 3,515: [Rescan (parallel) , 0,0042350 secs]2017-07-07T08:23:42.193+0200: 3,519: [weak refs processing, 0,0023613 secs]2017-07-07T08:23:42.196+0200: 3,522: [class unloading, 0,0035742 secs]2017-07-07T08:23:42.199+0200: 3,525: [scrub symbol table, 0,0036780 secs]2017-07-07T08:23:42.203+0200: 3,529: [scrub string table, 0,0003800 secs][1 CMS-remark: 0K(393216K)] 15058K(502464K), 0,0257556 secs] [Times: user=0,08 sys=0,00, real=0,02 secs] 
2017-07-07T08:23:42.204+0200: 3,530: Total time for which application threads were stopped: 0,0259014 seconds, Stopping threads took: 0,0000533 seconds
2017-07-07T08:23:42.204+0200: 3,530: [CMS-concurrent-sweep-start]
2017-07-07T08:23:42.204+0200: 3,530: [CMS-concurrent-sweep: 0,000/0,000 secs] [Times: user=0,00 sys=0,00, real=0,00 secs] 
2017-07-07T08:23:42.204+0200: 3,530: [CMS-concurrent-reset-start]
2017-07-07T08:23:42.206+0200: 3,532: [CMS-concurrent-reset: 0,002/0,002 secs] [Times: user=0,01 sys=0,00, real=0,01 secs] 
{Heap before GC invocations=6 (full 1):
 par new generation   total 109248K, used 102482K [0x00000000e0000000, 0x00000000e8000000, 0x00000000e8000000)
  eden space 87424K, 100% used [0x00000000e0000000, 0x00000000e5560000, 0x00000000e5560000)
  from space 21824K,  68% used [0x00000000e5560000, 0x00000000e6414978, 0x00000000e6ab0000)
  to   space 21824K,   0% used [0x00000000e6ab0000, 0x00000000e6ab0000, 0x00000000e8000000)
 concurrent mark-sweep generation total 393216K, used 0K [0x00000000e8000000, 0x0000000100000000, 0x0000000100000000)
 Metaspace       used 24323K, capacity 24807K, committed 25080K, reserved 1071104K
  class space    used 2853K, capacity 3043K, committed 3068K, reserved 1048576K
2017-07-07T08:23:42.468+0200: 3,794: [GC (Allocation Failure) 2017-07-07T08:23:42.468+0200: 3,794: [ParNew
Desired survivor size 20112992 bytes, new threshold 8 (max 8)
- age   1:    3901240 bytes,    3901240 total
- age   2:    1595440 bytes,    5496680 total
- age   3:     111088 bytes,    5607768 total
- age   4:     178072 bytes,    5785840 total
- age   5:     342040 bytes,    6127880 total
- age   6:    1723152 bytes,    7851032 total
- age   7:    5680528 bytes,   13531560 total
: 102482K->16782K(109248K), 0,0302554 secs] 102482K->16782K(502464K), 0,0303349 secs] [Times: user=0,08 sys=0,00, real=0,03 secs] 
Heap after GC invocations=7 (full 1):
 par new generation   total 109248K, used 16782K [0x00000000e0000000, 0x00000000e8000000, 0x00000000e8000000)
  eden space 87424K,   0% used [0x00000000e0000000, 0x00000000e0000000, 0x00000000e5560000)
  from space 21824K,  76% used [0x00000000e6ab0000, 0x00000000e7b13ba0, 0x00000000e8000000)
  to   space 21824K,   0% used [0x00000000e5560000, 0x00000000e5560000, 0x00000000e6ab0000)
 concurrent mark-sweep generation total 393216K, used 0K [0x00000000e8000000, 0x0000000100000000, 0x0000000100000000)
 Metaspace       used 24323K, capacity 24807K, committed 25080K, reserved 1071104K
  class space    used 2853K, capacity 3043K, committed 3068K, reserved 1048576K
}
2017-07-07T08:23:42.498+0200: 3,824: Total time for which application threads were stopped: 0,0319607 seconds, Stopping threads took: 0,0013874 seconds
{Heap before GC invocations=7 (full 1):
 par new generation   total 109248K, used 104206K [0x00000000e0000000, 0x00000000e8000000, 0x00000000e8000000)
  eden space 87424K, 100% used [0x00000000e0000000, 0x00000000e5560000, 0x00000000e5560000)
  from space 21824K,  76% used [0x00000000e6ab0000, 0x00000000e7b13ba0, 0x00000000e8000000)
  to   space 21824K,   0% used [0x00000000e5560000, 0x00000000e5560000, 0x00000000e6ab0000)
 concurrent mark-sweep generation total 393216K, used 0K [0x00000000e8000000, 0x0000000100000000, 0x0000000100000000)
 Metaspace       used 24483K, capacity 24967K, committed 25080K, reserved 1071104K
  class space    used 2864K, capacity 3049K, committed 3068K, reserved 1048576K
2017-07-07T08:23:42.558+0200: 3,884: [GC (Allocation Failure) 2017-07-07T08:23:42.558+0200: 3,884: [ParNew
Desired survivor size 20112992 bytes, new threshold 8 (max 8)
- age   1:     527336 bytes,     527336 total
- age   2:    2050136 bytes,    2577472 total
- age   3:     681720 bytes,    3259192 total
- age   4:      53808 bytes,    3313000 total
- age   5:     103728 bytes,    3416728 total
- age   6:     209616 bytes,    3626344 total
- age   7:    1243920 bytes,    4870264 total
- age   8:    5623480 bytes,   10493744 total
: 104206K->14295K(109248K), 0,0136085 secs] 104206K->14295K(502464K), 0,0136801 secs] [Times: user=0,04 sys=0,00, real=0,01 secs] 
Heap after GC invocations=8 (full 1):
 par new generation   total 109248K, used 14295K [0x00000000e0000000, 0x00000000e8000000, 0x00000000e8000000)
  eden space 87424K,   0% used [0x00000000e0000000, 0x00000000e0000000, 0x00000000e5560000)
  from space 21824K,  65% used [0x00000000e5560000, 0x00000000e6355ed0, 0x00000000e6ab0000)
  to   space 21824K,   0% used [0x00000000e6ab0000, 0x00000000e6ab0000, 0x00000000e8000000)
 concurrent mark-sweep generation total 393216K, used 0K [0x00000000e8000000, 0x0000000100000000, 0x0000000100000000)
 Metaspace       used 24483K, capacity 24967K, committed 25080K, reserved 1071104K
  class space    used 2864K, capacity 3049K, committed 3068K, reserved 1048576K
}
2017-07-07T08:23:42.572+0200: 3,898: Total time for which application threads were stopped: 0,0142590 seconds, Stopping threads took: 0,0004034 seconds
{Heap before GC invocations=8 (full 1):
 par new generation   total 109248K, used 101719K [0x00000000e0000000, 0x00000000e8000000, 0x00000000e8000000)
  eden space 87424K, 100% used [0x00000000e0000000, 0x00000000e5560000, 0x00000000e5560000)
  from space 21824K,  65% used [0x00000000e5560000, 0x00000000e6355ed0, 0x00000000e6ab0000)
  to   space 21824K,   0% used [0x00000000e6ab0000, 0x00000000e6ab0000, 0x00000000e8000000)
 concurrent mark-sweep generation total 393216K, used 0K [0x00000000e8000000, 0x0000000100000000, 0x0000000100000000)
 Metaspace       used 25054K, capacity 25511K, committed 25720K, reserved 1071104K
  class space    used 2909K, capacity 3081K, committed 3196K, reserved 1048576K
2017-07-07T08:23:42.703+0200: 4,029: [GC (Allocation Failure) 2017-07-07T08:23:42.703+0200: 4,029: [ParNew
Desired survivor size 20112992 bytes, new threshold 8 (max 8)
- age   1:    1462576 bytes,    1462576 total
- age   2:     130416 bytes,    1592992 total
- age   3:    1249344 bytes,    2842336 total
- age   4:     681504 bytes,    3523840 total
- age   5:      53808 bytes,    3577648 total
- age   6:     103504 bytes,    3681152 total
- age   7:     203808 bytes,    3884960 total
- age   8:    1242312 bytes,    5127272 total
: 101719K->8377K(109248K), 0,0283312 secs] 101719K->13949K(502464K), 0,0284126 secs] [Times: user=0,09 sys=0,00, real=0,03 secs] 
Heap after GC invocations=9 (full 1):
 par new generation   total 109248K, used 8377K [0x00000000e0000000, 0x00000000e8000000, 0x00000000e8000000)
  eden space 87424K,   0% used [0x00000000e0000000, 0x00000000e0000000, 0x00000000e5560000)
  from space 21824K,  38% used [0x00000000e6ab0000, 0x00000000e72de5d8, 0x00000000e8000000)
  to   space 21824K,   0% used [0x00000000e5560000, 0x00000000e5560000, 0x00000000e6ab0000)
 concurrent mark-sweep generation total 393216K, used 5572K [0x00000000e8000000, 0x0000000100000000, 0x0000000100000000)
 Metaspace       used 25054K, capacity 25511K, committed 25720K, reserved 1071104K
  class space    used 2909K, capacity 3081K, committed 3196K, reserved 1048576K
}
2017-07-07T08:23:42.732+0200: 4,058: Total time for which application threads were stopped: 0,0286372 seconds, Stopping threads took: 0,0000383 seconds
2017-07-07T08:23:42.738+0200: 4,064: Total time for which application threads were stopped: 0,0007672 seconds, Stopping threads took: 0,0003497 seconds
2017-07-07T08:23:42.762+0200: 4,088: Total time for which application threads were stopped: 0,0038584 seconds, Stopping threads took: 0,0037354 seconds
2017-07-07T08:23:42.766+0200: 4,092: Total time for which application threads were stopped: 0,0035438 seconds, Stopping threads took: 0,0034459 seconds
2017-07-07T08:23:42.766+0200: 4,092: Total time for which application threads were stopped: 0,0000946 seconds, Stopping threads took: 0,0000431 seconds
2017-07-07T08:23:42.773+0200: 4,099: Total time for which application threads were stopped: 0,0001229 seconds, Stopping threads took: 0,0000492 seconds
2017-07-07T08:23:42.774+0200: 4,100: Total time for which application threads were stopped: 0,0001205 seconds, Stopping threads took: 0,0000400 seconds
2017-07-07T08:23:42.774+0200: 4,100: Total time for which application threads were stopped: 0,0000624 seconds, Stopping threads took: 0,0000202 seconds
2017-07-07T08:23:42.774+0200: 4,100: Total time for which application threads were stopped: 0,0000667 seconds, Stopping threads took: 0,0000213 seconds
2017-07-07T08:23:42.774+0200: 4,100: Total time for which application threads were stopped: 0,0000513 seconds, Stopping threads took: 0,0000158 seconds
2017-07-07T08:23:42.774+0200: 4,100: Total time for which application threads were stopped: 0,0000501 seconds, Stopping threads took: 0,0000170 seconds
2017-07-07T08:23:42.775+0200: 4,101: Total time for which application threads were stopped: 0,0003020 seconds, Stopping threads took: 0,0002497 seconds
2017-07-07T08:23:42.775+0200: 4,101: Total time for which application threads were stopped: 0,0000555 seconds, Stopping threads took: 0,0000204 seconds
2017-07-07T08:23:42.775+0200: 4,101: Total time for which application threads were stopped: 0,0000899 seconds, Stopping threads took: 0,0000404 seconds
2017-07-07T08:23:42.775+0200: 4,101: Total time for which application threads were stopped: 0,0000510 seconds, Stopping threads took: 0,0000150 seconds
2017-07-07T08:23:42.775+0200: 4,101: Total time for which application threads were stopped: 0,0000489 seconds, Stopping threads took: 0,0000088 seconds
2017-07-07T08:23:42.775+0200: 4,101: Total time for which application threads were stopped: 0,0000498 seconds, Stopping threads took: 0,0000088 seconds
2017-07-07T08:23:42.775+0200: 4,101: Total time for which application threads were stopped: 0,0000396 seconds, Stopping threads took: 0,0000071 seconds
2017-07-07T08:23:42.776+0200: 4,102: Total time for which application threads were stopped: 0,0000530 seconds, Stopping threads took: 0,0000101 seconds
2017-07-07T08:23:42.776+0200: 4,102: Total time for which application threads were stopped: 0,0000657 seconds, Stopping threads took: 0,0000214 seconds
2017-07-07T08:23:42.776+0200: 4,102: Total time for which application threads were stopped: 0,0000520 seconds, Stopping threads took: 0,0000157 seconds
2017-07-07T08:23:42.777+0200: 4,103: Total time for which application threads were stopped: 0,0001402 seconds, Stopping threads took: 0,0000472 seconds
2017-07-07T08:23:42.777+0200: 4,103: Total time for which application threads were stopped: 0,0001515 seconds, Stopping threads took: 0,0000265 seconds
2017-07-07T08:23:42.802+0200: 4,128: Total time for which application threads were stopped: 0,0041186 seconds, Stopping threads took: 0,0040291 seconds
2017-07-07T08:23:42.802+0200: 4,128: Total time for which application threads were stopped: 0,0000624 seconds, Stopping threads took: 0,0000320 seconds
2017-07-07T08:23:42.802+0200: 4,128: Total time for which application threads were stopped: 0,0000720 seconds, Stopping threads took: 0,0000399 seconds
2017-07-07T08:23:42.802+0200: 4,128: Total time for which application threads were stopped: 0,0000530 seconds, Stopping threads took: 0,0000093 seconds
2017-07-07T08:23:42.802+0200: 4,128: Total time for which application threads were stopped: 0,0000467 seconds, Stopping threads took: 0,0000209 seconds
2017-07-07T08:23:42.803+0200: 4,129: Total time for which application threads were stopped: 0,0001263 seconds, Stopping threads took: 0,0000432 seconds
2017-07-07T08:23:42.803+0200: 4,129: Total time for which application threads were stopped: 0,0000711 seconds, Stopping threads took: 0,0000142 seconds
2017-07-07T08:23:42.804+0200: 4,130: Total time for which application threads were stopped: 0,0000647 seconds, Stopping threads took: 0,0000232 seconds
2017-07-07T08:23:42.804+0200: 4,130: Total time for which application threads were stopped: 0,0000671 seconds, Stopping threads took: 0,0000095 seconds
2017-07-07T08:23:42.804+0200: 4,130: Total time for which application threads were stopped: 0,0000630 seconds, Stopping threads took: 0,0000093 seconds
2017-07-07T08:23:42.804+0200: 4,130: Total time for which application threads were stopped: 0,0000723 seconds, Stopping threads took: 0,0000300 seconds
2017-07-07T08:23:42.804+0200: 4,130: Total time for which application threads were stopped: 0,0000634 seconds, Stopping threads took: 0,0000227 seconds
2017-07-07T08:23:42.804+0200: 4,130: Total time for which application threads were stopped: 0,0000542 seconds, Stopping threads took: 0,0000183 seconds
2017-07-07T08:23:42.804+0200: 4,130: Total time for which application threads were stopped: 0,0000769 seconds, Stopping threads took: 0,0000319 seconds
2017-07-07T08:23:42.804+0200: 4,130: Total time for which application threads were stopped: 0,0000645 seconds, Stopping threads took: 0,0000280 seconds
2017-07-07T08:23:42.805+0200: 4,131: Total time for which application threads were stopped: 0,0000604 seconds, Stopping threads took: 0,0000223 seconds
2017-07-07T08:23:42.805+0200: 4,131: Total time for which application threads were stopped: 0,0000594 seconds, Stopping threads took: 0,0000245 seconds
2017-07-07T08:23:42.816+0200: 4,142: Total time for which application threads were stopped: 0,0017180 seconds, Stopping threads took: 0,0016289 seconds
2017-07-07T08:23:42.816+0200: 4,142: Total time for which application threads were stopped: 0,0000532 seconds, Stopping threads took: 0,0000139 seconds
2017-07-07T08:23:42.816+0200: 4,142: Total time for which application threads were stopped: 0,0001487 seconds, Stopping threads took: 0,0000255 seconds
2017-07-07T08:23:42.822+0200: 4,148: Total time for which application threads were stopped: 0,0007895 seconds, Stopping threads took: 0,0006657 seconds
2017-07-07T08:23:42.828+0200: 4,154: Total time for which application threads were stopped: 0,0001416 seconds, Stopping threads took: 0,0000328 seconds
2017-07-07T08:23:42.829+0200: 4,155: Total time for which application threads were stopped: 0,0001395 seconds, Stopping threads took: 0,0000455 seconds
2017-07-07T08:23:42.829+0200: 4,155: Total time for which application threads were stopped: 0,0001043 seconds, Stopping threads took: 0,0000264 seconds
2017-07-07T08:23:42.834+0200: 4,160: Total time for which application threads were stopped: 0,0005172 seconds, Stopping threads took: 0,0000373 seconds
2017-07-07T08:23:42.857+0200: 4,183: Total time for which application threads were stopped: 0,0001389 seconds, Stopping threads took: 0,0000366 seconds
2017-07-07T08:23:42.866+0200: 4,192: Total time for which application threads were stopped: 0,0001012 seconds, Stopping threads took: 0,0000219 seconds
2017-07-07T08:23:42.876+0200: 4,202: Total time for which application threads were stopped: 0,0000783 seconds, Stopping threads took: 0,0000228 seconds
2017-07-07T08:23:42.920+0200: 4,246: Total time for which application threads were stopped: 0,0005250 seconds, Stopping threads took: 0,0000288 seconds
2017-07-07T08:23:42.936+0200: 4,262: Total time for which application threads were stopped: 0,0004557 seconds, Stopping threads took: 0,0000185 seconds
2017-07-07T08:23:42.987+0200: 4,313: Total time for which application threads were stopped: 0,0004464 seconds, Stopping threads took: 0,0000500 seconds
2017-07-07T08:23:42.990+0200: 4,316: Total time for which application threads were stopped: 0,0001521 seconds, Stopping threads took: 0,0000488 seconds
2017-07-07T08:23:42.990+0200: 4,316: Total time for which application threads were stopped: 0,0000699 seconds, Stopping threads took: 0,0000197 seconds
2017-07-07T08:23:42.993+0200: 4,319: Total time for which application threads were stopped: 0,0035808 seconds, Stopping threads took: 0,0035255 seconds
2017-07-07T08:23:43.021+0200: 4,347: Total time for which application threads were stopped: 0,0001627 seconds, Stopping threads took: 0,0000731 seconds
2017-07-07T08:23:43.023+0200: 4,349: Total time for which application threads were stopped: 0,0001176 seconds, Stopping threads took: 0,0000476 seconds
2017-07-07T08:23:43.030+0200: 4,356: Total time for which application threads were stopped: 0,0039966 seconds, Stopping threads took: 0,0039082 seconds
2017-07-07T08:23:43.032+0200: 4,358: Total time for which application threads were stopped: 0,0001549 seconds, Stopping threads took: 0,0000658 seconds
2017-07-07T08:23:43.039+0200: 4,365: Total time for which application threads were stopped: 0,0001184 seconds, Stopping threads took: 0,0000357 seconds
2017-07-07T08:23:43.043+0200: 4,369: Total time for which application threads were stopped: 0,0000972 seconds, Stopping threads took: 0,0000269 seconds
2017-07-07T08:23:43.050+0200: 4,376: Total time for which application threads were stopped: 0,0013295 seconds, Stopping threads took: 0,0012350 seconds
2017-07-07T08:23:43.065+0200: 4,391: Total time for which application threads were stopped: 0,0001345 seconds, Stopping threads took: 0,0000651 seconds
2017-07-07T08:23:43.070+0200: 4,396: Total time for which application threads were stopped: 0,0001711 seconds, Stopping threads took: 0,0000566 seconds
2017-07-07T08:23:43.079+0200: 4,405: Total time for which application threads were stopped: 0,0001566 seconds, Stopping threads took: 0,0000647 seconds
2017-07-07T08:23:43.085+0200: 4,411: Total time for which application threads were stopped: 0,0001484 seconds, Stopping threads took: 0,0000632 seconds
2017-07-07T08:23:43.100+0200: 4,426: Total time for which application threads were stopped: 0,0001410 seconds, Stopping threads took: 0,0000585 seconds
2017-07-07T08:23:43.101+0200: 4,427: Total time for which application threads were stopped: 0,0003830 seconds, Stopping threads took: 0,0000133 seconds
2017-07-07T08:23:43.101+0200: 4,427: Total time for which application threads were stopped: 0,0001194 seconds, Stopping threads took: 0,0000431 seconds
2017-07-07T08:23:43.105+0200: 4,431: Total time for which application threads were stopped: 0,0001021 seconds, Stopping threads took: 0,0000257 seconds
2017-07-07T08:23:44.106+0200: 5,432: Total time for which application threads were stopped: 0,0001405 seconds, Stopping threads took: 0,0000589 seconds
2017-07-07T08:23:45.106+0200: 6,432: Total time for which application threads were stopped: 0,0000828 seconds, Stopping threads took: 0,0000185 seconds
2017-07-07T08:24:00.109+0200: 21,435: Total time for which application threads were stopped: 0,0001310 seconds, Stopping threads took: 0,0000460 seconds
2017-07-07T08:24:09.524+0200: 31,436: Total time for which application threads were stopped: 0,0001901 seconds, Stopping threads took: 0,0000613 seconds
2017-07-07T08:25:34.534+0200: 116,446: Total time for which application threads were stopped: 0,0001099 seconds, Stopping threads took: 0,0000372 seconds
2017-07-07T08:25:39.535+0200: 121,447: Total time for which application threads were stopped: 0,0000621 seconds, Stopping threads took: 0,0000159 seconds
2017-07-07T08:47:09.690+0200: 1411,602: Total time for which application threads were stopped: 0,0000793 seconds, Stopping threads took: 0,0000319 seconds
2017-07-07T08:50:19.714+0200: 1601,626: Total time for which application threads were stopped: 0,0002315 seconds, Stopping threads took: 0,0001362 seconds
2017-07-07T08:52:04.727+0200: 1706,639: Total time for which application threads were stopped: 0,0003945 seconds, Stopping threads took: 0,0001630 seconds
2017-07-07T08:52:09.728+0200: 1711,640: Total time for which application threads were stopped: 0,0000636 seconds, Stopping threads took: 0,0000161 seconds
2017-07-07T09:01:59.805+0200: 2301,717: Total time for which application threads were stopped: 0,0001454 seconds, Stopping threads took: 0,0000575 seconds
2017-07-07T09:02:03.806+0200: 2305,718: Total time for which application threads were stopped: 0,0001117 seconds, Stopping threads took: 0,0000254 seconds
2017-07-07T09:02:32.761+0200: 2334,672: Total time for which application threads were stopped: 0,0000802 seconds, Stopping threads took: 0,0000127 seconds
2017-07-07T09:02:32.761+0200: 2334,673: Total time for which application threads were stopped: 0,0000880 seconds, Stopping threads took: 0,0000253 seconds
2017-07-07T09:02:32.762+0200: 2334,674: Total time for which application threads were stopped: 0,0001054 seconds, Stopping threads took: 0,0000327 seconds
2017-07-07T09:02:32.762+0200: 2334,674: Total time for which application threads were stopped: 0,0003354 seconds, Stopping threads took: 0,0002607 seconds
2017-07-07T09:02:32.797+0200: 2334,709: Total time for which application threads were stopped: 0,0001456 seconds, Stopping threads took: 0,0000369 seconds
2017-07-07T09:02:32.798+0200: 2334,709: Total time for which application threads were stopped: 0,0000905 seconds, Stopping threads took: 0,0000218 seconds
2017-07-07T09:02:32.798+0200: 2334,710: Total time for which application threads were stopped: 0,0000964 seconds, Stopping threads took: 0,0000172 seconds
2017-07-07T09:02:32.798+0200: 2334,710: Total time for which application threads were stopped: 0,0000746 seconds, Stopping threads took: 0,0000164 seconds
2017-07-07T09:02:32.798+0200: 2334,710: Total time for which application threads were stopped: 0,0000743 seconds, Stopping threads took: 0,0000206 seconds
2017-07-07T09:02:32.798+0200: 2334,710: Total time for which application threads were stopped: 0,0000660 seconds, Stopping threads took: 0,0000150 seconds
2017-07-07T09:02:32.798+0200: 2334,710: Total time for which application threads were stopped: 0,0000619 seconds, Stopping threads took: 0,0000161 seconds
2017-07-07T09:02:32.798+0200: 2334,710: Total time for which application threads were stopped: 0,0000585 seconds, Stopping threads took: 0,0000139 seconds
2017-07-07T09:02:32.798+0200: 2334,710: Total time for which application threads were stopped: 0,0000599 seconds, Stopping threads took: 0,0000124 seconds
2017-07-07T09:02:32.799+0200: 2334,710: Total time for which application threads were stopped: 0,0000637 seconds, Stopping threads took: 0,0000170 seconds
2017-07-07T09:02:32.799+0200: 2334,711: Total time for which application threads were stopped: 0,0000543 seconds, Stopping threads took: 0,0000124 seconds
2017-07-07T09:02:32.873+0200: 2334,785: Total time for which application threads were stopped: 0,0594997 seconds, Stopping threads took: 0,0593929 seconds
2017-07-07T09:02:32.875+0200: 2334,787: Total time for which application threads were stopped: 0,0005750 seconds, Stopping threads took: 0,0004822 seconds
2017-07-07T09:02:32.876+0200: 2334,788: Total time for which application threads were stopped: 0,0004772 seconds, Stopping threads took: 0,0003970 seconds
2017-07-07T09:02:32.877+0200: 2334,788: Total time for which application threads were stopped: 0,0000712 seconds, Stopping threads took: 0,0000125 seconds
2017-07-07T09:02:32.877+0200: 2334,789: Total time for which application threads were stopped: 0,0000806 seconds, Stopping threads took: 0,0000138 seconds
2017-07-07T09:02:32.877+0200: 2334,789: Total time for which application threads were stopped: 0,0000652 seconds, Stopping threads took: 0,0000136 seconds
2017-07-07T09:02:32.878+0200: 2334,789: Total time for which application threads were stopped: 0,0000608 seconds, Stopping threads took: 0,0000126 seconds
2017-07-07T09:02:32.878+0200: 2334,790: Total time for which application threads were stopped: 0,0000595 seconds, Stopping threads took: 0,0000083 seconds
2017-07-07T09:02:32.878+0200: 2334,790: Total time for which application threads were stopped: 0,0000522 seconds, Stopping threads took: 0,0000073 seconds
2017-07-07T09:02:32.878+0200: 2334,790: Total time for which application threads were stopped: 0,0000476 seconds, Stopping threads took: 0,0000066 seconds
2017-07-07T09:02:32.878+0200: 2334,790: Total time for which application threads were stopped: 0,0000430 seconds, Stopping threads took: 0,0000061 seconds
2017-07-07T09:02:32.878+0200: 2334,790: Total time for which application threads were stopped: 0,0000455 seconds, Stopping threads took: 0,0000092 seconds
2017-07-07T09:02:32.878+0200: 2334,790: Total time for which application threads were stopped: 0,0000415 seconds, Stopping threads took: 0,0000061 seconds
2017-07-07T09:02:32.878+0200: 2334,790: Total time for which application threads were stopped: 0,0000414 seconds, Stopping threads took: 0,0000057 seconds
2017-07-07T09:02:32.878+0200: 2334,790: Total time for which application threads were stopped: 0,0000385 seconds, Stopping threads took: 0,0000056 seconds
2017-07-07T09:02:32.878+0200: 2334,790: Total time for which application threads were stopped: 0,0000428 seconds, Stopping threads took: 0,0000061 seconds
2017-07-07T09:02:32.879+0200: 2334,791: Total time for which application threads were stopped: 0,0000466 seconds, Stopping threads took: 0,0000105 seconds
2017-07-07T09:02:32.879+0200: 2334,791: Total time for which application threads were stopped: 0,0000433 seconds, Stopping threads took: 0,0000063 seconds
2017-07-07T09:02:32.883+0200: 2334,795: Total time for which application threads were stopped: 0,0002616 seconds, Stopping threads took: 0,0001694 seconds
2017-07-07T09:02:32.890+0200: 2334,802: Total time for which application threads were stopped: 0,0000789 seconds, Stopping threads took: 0,0000162 seconds
2017-07-07T09:02:32.895+0200: 2334,807: Total time for which application threads were stopped: 0,0000916 seconds, Stopping threads took: 0,0000163 seconds
2017-07-07T09:02:32.898+0200: 2334,809: Total time for which application threads were stopped: 0,0000831 seconds, Stopping threads took: 0,0000147 seconds
2017-07-07T09:02:32.903+0200: 2334,815: Total time for which application threads were stopped: 0,0001024 seconds, Stopping threads took: 0,0000180 seconds
2017-07-07T09:02:32.907+0200: 2334,819: Total time for which application threads were stopped: 0,0033714 seconds, Stopping threads took: 0,0032763 seconds
2017-07-07T09:02:32.908+0200: 2334,820: Total time for which application threads were stopped: 0,0004260 seconds, Stopping threads took: 0,0003494 seconds
2017-07-07T09:02:32.912+0200: 2334,824: Total time for which application threads were stopped: 0,0025952 seconds, Stopping threads took: 0,0024762 seconds
2017-07-07T09:02:32.912+0200: 2334,824: Total time for which application threads were stopped: 0,0000558 seconds, Stopping threads took: 0,0000110 seconds
2017-07-07T09:02:32.912+0200: 2334,824: Total time for which application threads were stopped: 0,0000363 seconds, Stopping threads took: 0,0000054 seconds
2017-07-07T09:02:32.912+0200: 2334,824: Total time for which application threads were stopped: 0,0000359 seconds, Stopping threads took: 0,0000069 seconds
2017-07-07T09:02:32.913+0200: 2334,825: Total time for which application threads were stopped: 0,0000615 seconds, Stopping threads took: 0,0000086 seconds
2017-07-07T09:02:32.914+0200: 2334,826: Total time for which application threads were stopped: 0,0001159 seconds, Stopping threads took: 0,0000179 seconds
2017-07-07T09:02:32.914+0200: 2334,826: Total time for which application threads were stopped: 0,0000623 seconds, Stopping threads took: 0,0000260 seconds
2017-07-07T09:02:32.915+0200: 2334,827: Total time for which application threads were stopped: 0,0000876 seconds, Stopping threads took: 0,0000245 seconds
2017-07-07T09:02:32.919+0200: 2334,831: Total time for which application threads were stopped: 0,0000751 seconds, Stopping threads took: 0,0000121 seconds
2017-07-07T09:02:32.919+0200: 2334,831: Total time for which application threads were stopped: 0,0000363 seconds, Stopping threads took: 0,0000047 seconds
2017-07-07T09:02:32.919+0200: 2334,831: Total time for which application threads were stopped: 0,0000330 seconds, Stopping threads took: 0,0000044 seconds
2017-07-07T09:02:32.920+0200: 2334,831: Total time for which application threads were stopped: 0,0000328 seconds, Stopping threads took: 0,0000043 seconds
2017-07-07T09:02:32.920+0200: 2334,832: Total time for which application threads were stopped: 0,0000751 seconds, Stopping threads took: 0,0000229 seconds
2017-07-07T09:02:32.920+0200: 2334,832: Total time for which application threads were stopped: 0,0000450 seconds, Stopping threads took: 0,0000130 seconds
2017-07-07T09:02:32.920+0200: 2334,832: Total time for which application threads were stopped: 0,0000390 seconds, Stopping threads took: 0,0000116 seconds
2017-07-07T09:02:32.921+0200: 2334,833: Total time for which application threads were stopped: 0,0000581 seconds, Stopping threads took: 0,0000194 seconds
2017-07-07T09:02:32.921+0200: 2334,833: Total time for which application threads were stopped: 0,0000474 seconds, Stopping threads took: 0,0000137 seconds
2017-07-07T09:02:32.921+0200: 2334,833: Total time for which application threads were stopped: 0,0000465 seconds, Stopping threads took: 0,0000124 seconds
2017-07-07T09:02:32.921+0200: 2334,833: Total time for which application threads were stopped: 0,0000494 seconds, Stopping threads took: 0,0000161 seconds
2017-07-07T09:02:32.921+0200: 2334,833: Total time for which application threads were stopped: 0,0000459 seconds, Stopping threads took: 0,0000122 seconds
2017-07-07T09:02:32.921+0200: 2334,833: Total time for which application threads were stopped: 0,0000433 seconds, Stopping threads took: 0,0000119 seconds
2017-07-07T09:02:32.922+0200: 2334,833: Total time for which application threads were stopped: 0,0000457 seconds, Stopping threads took: 0,0000138 seconds
2017-07-07T09:02:32.922+0200: 2334,834: Total time for which application threads were stopped: 0,0000449 seconds, Stopping threads took: 0,0000116 seconds
2017-07-07T09:02:32.922+0200: 2334,834: Total time for which application threads were stopped: 0,0000405 seconds, Stopping threads took: 0,0000121 seconds
2017-07-07T09:02:32.922+0200: 2334,834: Total time for which application threads were stopped: 0,0000494 seconds, Stopping threads took: 0,0000151 seconds
2017-07-07T09:02:32.922+0200: 2334,834: Total time for which application threads were stopped: 0,0000416 seconds, Stopping threads took: 0,0000138 seconds
2017-07-07T09:02:32.922+0200: 2334,834: Total time for which application threads were stopped: 0,0000473 seconds, Stopping threads took: 0,0000163 seconds
2017-07-07T09:02:32.922+0200: 2334,834: Total time for which application threads were stopped: 0,0001763 seconds, Stopping threads took: 0,0000143 seconds
2017-07-07T09:02:32.923+0200: 2334,835: Total time for which application threads were stopped: 0,0000907 seconds, Stopping threads took: 0,0000235 seconds
2017-07-07T09:02:32.923+0200: 2334,835: Total time for which application threads were stopped: 0,0000454 seconds, Stopping threads took: 0,0000131 seconds
2017-07-07T09:02:32.923+0200: 2334,835: Total time for which application threads were stopped: 0,0000408 seconds, Stopping threads took: 0,0000132 seconds
2017-07-07T09:02:32.924+0200: 2334,836: Total time for which application threads were stopped: 0,0001401 seconds, Stopping threads took: 0,0000287 seconds
2017-07-07T09:02:32.934+0200: 2334,846: Total time for which application threads were stopped: 0,0000895 seconds, Stopping threads took: 0,0000277 seconds
2017-07-07T09:02:32.934+0200: 2334,846: Total time for which application threads were stopped: 0,0000473 seconds, Stopping threads took: 0,0000137 seconds
2017-07-07T09:02:32.934+0200: 2334,846: Total time for which application threads were stopped: 0,0000423 seconds, Stopping threads took: 0,0000118 seconds
2017-07-07T09:02:32.934+0200: 2334,846: Total time for which application threads were stopped: 0,0000465 seconds, Stopping threads took: 0,0000118 seconds
2017-07-07T09:02:32.934+0200: 2334,846: Total time for which application threads were stopped: 0,0001519 seconds, Stopping threads took: 0,0000139 seconds
2017-07-07T09:02:32.935+0200: 2334,847: Total time for which application threads were stopped: 0,0000852 seconds, Stopping threads took: 0,0000282 seconds
2017-07-07T09:02:32.935+0200: 2334,847: Total time for which application threads were stopped: 0,0000794 seconds, Stopping threads took: 0,0000121 seconds
Heap
 par new generation   total 109248K, used 69466K [0x00000000e0000000, 0x00000000e8000000, 0x00000000e8000000)
  eden space 87424K,  69% used [0x00000000e0000000, 0x00000000e3ba8338, 0x00000000e5560000)
  from space 21824K,  38% used [0x00000000e6ab0000, 0x00000000e72de5d8, 0x00000000e8000000)
  to   space 21824K,   0% used [0x00000000e5560000, 0x00000000e5560000, 0x00000000e6ab0000)
 concurrent mark-sweep generation total 393216K, used 5572K [0x00000000e8000000, 0x0000000100000000, 0x0000000100000000)
 Metaspace       used 28138K, capacity 28721K, committed 29048K, reserved 1075200K
  class space    used 3227K, capacity 3422K, committed 3452K, reserved 1048576K
