OpenJDK 64-Bit Server VM (25.121-b13) for linux-amd64 JRE (1.8.0_121-8u121-b13-0ubuntu1.16.04.2-b13), built on Jan 23 2017 15:51:29 by "buildd" with gcc 5.4.0 20160609
Memory: 4k page, physical 7867764k(7421384k free), swap 8076284k(8076284k free)
CommandLine flags: -XX:CMSInitiatingOccupancyFraction=50 -XX:CMSMaxAbortablePrecleanTime=6000 -XX:+CMSParallelRemarkEnabled -XX:+CMSScavengeBeforeRemark -XX:ConcGCThreads=4 -XX:InitialHeapSize=536870912 -XX:MaxHeapSize=536870912 -XX:MaxTenuringThreshold=8 -XX:NewRatio=3 -XX:OldPLABSize=16 -XX:OnOutOfMemoryError=/opt/solr/bin/oom_solr.sh 8983 /var/solr/logs -XX:ParallelGCThreads=4 -XX:+ParallelRefProcEnabled -XX:PretenureSizeThreshold=67108864 -XX:+PrintGC -XX:+PrintGCApplicationStoppedTime -XX:+PrintGCDateStamps -XX:+PrintGCDetails -XX:+PrintGCTimeStamps -XX:+PrintHeapAtGC -XX:+PrintTenuringDistribution -XX:SurvivorRatio=4 -XX:TargetSurvivorRatio=90 -XX:ThreadStackSize=256 -XX:+UseCMSInitiatingOccupancyOnly -XX:+UseCompressedClassPointers -XX:+UseCompressedOops -XX:+UseConcMarkSweepGC -XX:+UseParNewGC 
2017-05-01T10:33:58.894+0200: 0,174: Total time for which application threads were stopped: 0,0000817 seconds, Stopping threads took: 0,0000099 seconds
2017-05-01T10:33:58.995+0200: 0,275: Total time for which application threads were stopped: 0,0001532 seconds, Stopping threads took: 0,0000263 seconds
2017-05-01T10:33:59.063+0200: 0,343: Total time for which application threads were stopped: 0,0000869 seconds, Stopping threads took: 0,0000150 seconds
2017-05-01T10:33:59.523+0200: 0,803: Total time for which application threads were stopped: 0,0001619 seconds, Stopping threads took: 0,0000305 seconds
2017-05-01T10:33:59.875+0200: 1,155: Total time for which application threads were stopped: 0,0001117 seconds, Stopping threads took: 0,0000109 seconds
2017-05-01T10:33:59.940+0200: 1,220: Total time for which application threads were stopped: 0,0001495 seconds, Stopping threads took: 0,0000193 seconds
2017-05-01T10:33:59.958+0200: 1,238: Total time for which application threads were stopped: 0,0001897 seconds, Stopping threads took: 0,0000249 seconds
2017-05-01T10:34:00.235+0200: 1,515: Total time for which application threads were stopped: 0,0002036 seconds, Stopping threads took: 0,0000279 seconds
2017-05-01T10:34:00.503+0200: 1,783: Total time for which application threads were stopped: 0,0001865 seconds, Stopping threads took: 0,0000118 seconds
2017-05-01T10:34:00.524+0200: 1,804: Total time for which application threads were stopped: 0,0001803 seconds, Stopping threads took: 0,0000334 seconds
2017-05-01T10:34:00.552+0200: 1,832: Total time for which application threads were stopped: 0,0002722 seconds, Stopping threads took: 0,0000231 seconds
2017-05-01T10:34:00.553+0200: 1,833: Total time for which application threads were stopped: 0,0001785 seconds, Stopping threads took: 0,0000208 seconds
2017-05-01T10:34:00.567+0200: 1,847: Total time for which application threads were stopped: 0,0002454 seconds, Stopping threads took: 0,0000951 seconds
2017-05-01T10:34:00.633+0200: 1,913: Total time for which application threads were stopped: 0,0002410 seconds, Stopping threads took: 0,0000223 seconds
2017-05-01T10:34:00.804+0200: 2,084: Total time for which application threads were stopped: 0,0006243 seconds, Stopping threads took: 0,0004010 seconds
{Heap before GC invocations=0 (full 0):
 par new generation   total 109248K, used 87424K [0x00000000e0000000, 0x00000000e8000000, 0x00000000e8000000)
  eden space 87424K, 100% used [0x00000000e0000000, 0x00000000e5560000, 0x00000000e5560000)
  from space 21824K,   0% used [0x00000000e5560000, 0x00000000e5560000, 0x00000000e6ab0000)
  to   space 21824K,   0% used [0x00000000e6ab0000, 0x00000000e6ab0000, 0x00000000e8000000)
 concurrent mark-sweep generation total 393216K, used 0K [0x00000000e8000000, 0x0000000100000000, 0x0000000100000000)
 Metaspace       used 17816K, capacity 18176K, committed 18304K, reserved 1064960K
  class space    used 2021K, capacity 2164K, committed 2176K, reserved 1048576K
2017-05-01T10:34:00.849+0200: 2,129: [GC (Allocation Failure) 2017-05-01T10:34:00.849+0200: 2,129: [ParNew
Desired survivor size 20112992 bytes, new threshold 8 (max 8)
- age   1:   11663632 bytes,   11663632 total
: 87424K->11496K(109248K), 0,0157249 secs] 87424K->11496K(502464K), 0,0158183 secs] [Times: user=0,05 sys=0,00, real=0,02 secs] 
Heap after GC invocations=1 (full 0):
 par new generation   total 109248K, used 11496K [0x00000000e0000000, 0x00000000e8000000, 0x00000000e8000000)
  eden space 87424K,   0% used [0x00000000e0000000, 0x00000000e0000000, 0x00000000e5560000)
  from space 21824K,  52% used [0x00000000e6ab0000, 0x00000000e75ea0a0, 0x00000000e8000000)
  to   space 21824K,   0% used [0x00000000e5560000, 0x00000000e5560000, 0x00000000e6ab0000)
 concurrent mark-sweep generation total 393216K, used 0K [0x00000000e8000000, 0x0000000100000000, 0x0000000100000000)
 Metaspace       used 17816K, capacity 18176K, committed 18304K, reserved 1064960K
  class space    used 2021K, capacity 2164K, committed 2176K, reserved 1048576K
}
2017-05-01T10:34:00.864+0200: 2,144: Total time for which application threads were stopped: 0,0160654 seconds, Stopping threads took: 0,0000565 seconds
2017-05-01T10:34:01.190+0200: 2,471: Total time for which application threads were stopped: 0,0004334 seconds, Stopping threads took: 0,0000414 seconds
{Heap before GC invocations=1 (full 0):
 par new generation   total 109248K, used 98920K [0x00000000e0000000, 0x00000000e8000000, 0x00000000e8000000)
  eden space 87424K, 100% used [0x00000000e0000000, 0x00000000e5560000, 0x00000000e5560000)
  from space 21824K,  52% used [0x00000000e6ab0000, 0x00000000e75ea0a0, 0x00000000e8000000)
  to   space 21824K,   0% used [0x00000000e5560000, 0x00000000e5560000, 0x00000000e6ab0000)
 concurrent mark-sweep generation total 393216K, used 0K [0x00000000e8000000, 0x0000000100000000, 0x0000000100000000)
 Metaspace       used 20028K, capacity 20374K, committed 20736K, reserved 1067008K
  class space    used 2296K, capacity 2473K, committed 2560K, reserved 1048576K
2017-05-01T10:34:01.230+0200: 2,510: [GC (Allocation Failure) 2017-05-01T10:34:01.230+0200: 2,510: [ParNew
Desired survivor size 20112992 bytes, new threshold 8 (max 8)
- age   1:    4305040 bytes,    4305040 total
- age   2:    6186408 bytes,   10491448 total
: 98920K->14636K(109248K), 0,0100428 secs] 98920K->14636K(502464K), 0,0101112 secs] [Times: user=0,03 sys=0,00, real=0,00 secs] 
Heap after GC invocations=2 (full 0):
 par new generation   total 109248K, used 14636K [0x00000000e0000000, 0x00000000e8000000, 0x00000000e8000000)
  eden space 87424K,   0% used [0x00000000e0000000, 0x00000000e0000000, 0x00000000e5560000)
  from space 21824K,  67% used [0x00000000e5560000, 0x00000000e63ab140, 0x00000000e6ab0000)
  to   space 21824K,   0% used [0x00000000e6ab0000, 0x00000000e6ab0000, 0x00000000e8000000)
 concurrent mark-sweep generation total 393216K, used 0K [0x00000000e8000000, 0x0000000100000000, 0x0000000100000000)
 Metaspace       used 20028K, capacity 20374K, committed 20736K, reserved 1067008K
  class space    used 2296K, capacity 2473K, committed 2560K, reserved 1048576K
}
2017-05-01T10:34:01.240+0200: 2,520: Total time for which application threads were stopped: 0,0115029 seconds, Stopping threads took: 0,0012558 seconds
2017-05-01T10:34:01.259+0200: 2,539: Total time for which application threads were stopped: 0,0003350 seconds, Stopping threads took: 0,0000628 seconds
2017-05-01T10:34:01.288+0200: 2,568: Total time for which application threads were stopped: 0,0004271 seconds, Stopping threads took: 0,0000511 seconds
2017-05-01T10:34:01.421+0200: 2,701: Total time for which application threads were stopped: 0,0001799 seconds, Stopping threads took: 0,0000273 seconds
{Heap before GC invocations=2 (full 0):
 par new generation   total 109248K, used 102060K [0x00000000e0000000, 0x00000000e8000000, 0x00000000e8000000)
  eden space 87424K, 100% used [0x00000000e0000000, 0x00000000e5560000, 0x00000000e5560000)
  from space 21824K,  67% used [0x00000000e5560000, 0x00000000e63ab140, 0x00000000e6ab0000)
  to   space 21824K,   0% used [0x00000000e6ab0000, 0x00000000e6ab0000, 0x00000000e8000000)
 concurrent mark-sweep generation total 393216K, used 0K [0x00000000e8000000, 0x0000000100000000, 0x0000000100000000)
 Metaspace       used 20973K, capacity 21296K, committed 21628K, reserved 1069056K
  class space    used 2417K, capacity 2592K, committed 2684K, reserved 1048576K
2017-05-01T10:34:01.447+0200: 2,727: [GC (Allocation Failure) 2017-05-01T10:34:01.447+0200: 2,727: [ParNew
Desired survivor size 20112992 bytes, new threshold 8 (max 8)
- age   1:    1964056 bytes,    1964056 total
- age   2:    1285368 bytes,    3249424 total
- age   3:    6182672 bytes,    9432096 total
: 102060K->11341K(109248K), 0,0136621 secs] 102060K->11341K(502464K), 0,0137429 secs] [Times: user=0,05 sys=0,00, real=0,01 secs] 
Heap after GC invocations=3 (full 0):
 par new generation   total 109248K, used 11341K [0x00000000e0000000, 0x00000000e8000000, 0x00000000e8000000)
  eden space 87424K,   0% used [0x00000000e0000000, 0x00000000e0000000, 0x00000000e5560000)
  from space 21824K,  51% used [0x00000000e6ab0000, 0x00000000e75c3780, 0x00000000e8000000)
  to   space 21824K,   0% used [0x00000000e5560000, 0x00000000e5560000, 0x00000000e6ab0000)
 concurrent mark-sweep generation total 393216K, used 0K [0x00000000e8000000, 0x0000000100000000, 0x0000000100000000)
 Metaspace       used 20973K, capacity 21296K, committed 21628K, reserved 1069056K
  class space    used 2417K, capacity 2592K, committed 2684K, reserved 1048576K
}
2017-05-01T10:34:01.461+0200: 2,741: Total time for which application threads were stopped: 0,0140301 seconds, Stopping threads took: 0,0001352 seconds
2017-05-01T10:34:01.461+0200: 2,741: [GC (CMS Initial Mark) [1 CMS-initial-mark: 0K(393216K)] 12008K(502464K), 0,0027931 secs] [Times: user=0,01 sys=0,00, real=0,01 secs] 
2017-05-01T10:34:01.464+0200: 2,744: Total time for which application threads were stopped: 0,0029410 seconds, Stopping threads took: 0,0000460 seconds
2017-05-01T10:34:01.464+0200: 2,744: [CMS-concurrent-mark-start]
2017-05-01T10:34:01.464+0200: 2,744: [CMS-concurrent-mark: 0,001/0,001 secs] [Times: user=0,01 sys=0,00, real=0,00 secs] 
2017-05-01T10:34:01.464+0200: 2,744: [CMS-concurrent-preclean-start]
2017-05-01T10:34:01.466+0200: 2,746: [CMS-concurrent-preclean: 0,001/0,001 secs] [Times: user=0,00 sys=0,00, real=0,00 secs] 
2017-05-01T10:34:01.466+0200: 2,746: [GC (CMS Final Remark) [YG occupancy: 12689 K (109248 K)]{Heap before GC invocations=3 (full 1):
 par new generation   total 109248K, used 12689K [0x00000000e0000000, 0x00000000e8000000, 0x00000000e8000000)
  eden space 87424K,   1% used [0x00000000e0000000, 0x00000000e0151038, 0x00000000e5560000)
  from space 21824K,  51% used [0x00000000e6ab0000, 0x00000000e75c3780, 0x00000000e8000000)
  to   space 21824K,   0% used [0x00000000e5560000, 0x00000000e5560000, 0x00000000e6ab0000)
 concurrent mark-sweep generation total 393216K, used 0K [0x00000000e8000000, 0x0000000100000000, 0x0000000100000000)
 Metaspace       used 20981K, capacity 21296K, committed 21628K, reserved 1069056K
  class space    used 2418K, capacity 2592K, committed 2684K, reserved 1048576K
2017-05-01T10:34:01.466+0200: 2,746: [GC (CMS Final Remark) 2017-05-01T10:34:01.466+0200: 2,746: [ParNew
Desired survivor size 20112992 bytes, new threshold 8 (max 8)
- age   1:     214712 bytes,     214712 total
- age   2:    1688128 bytes,    1902840 total
- age   3:    1285368 bytes,    3188208 total
- age   4:    6182592 bytes,    9370800 total
: 12689K->12488K(109248K), 0,0152084 secs] 12689K->12488K(502464K), 0,0152650 secs] [Times: user=0,05 sys=0,00, real=0,01 secs] 
Heap after GC invocations=4 (full 1):
 par new generation   total 109248K, used 12488K [0x00000000e0000000, 0x00000000e8000000, 0x00000000e8000000)
  eden space 87424K,   0% used [0x00000000e0000000, 0x00000000e0000000, 0x00000000e5560000)
  from space 21824K,  57% used [0x00000000e5560000, 0x00000000e61923d0, 0x00000000e6ab0000)
  to   space 21824K,   0% used [0x00000000e6ab0000, 0x00000000e6ab0000, 0x00000000e8000000)
 concurrent mark-sweep generation total 393216K, used 0K [0x00000000e8000000, 0x0000000100000000, 0x0000000100000000)
 Metaspace       used 20981K, capacity 21296K, committed 21628K, reserved 1069056K
  class space    used 2418K, capacity 2592K, committed 2684K, reserved 1048576K
}
2017-05-01T10:34:01.481+0200: 2,761: [Rescan (parallel) , 0,0045695 secs]2017-05-01T10:34:01.486+0200: 2,766: [weak refs processing, 0,0077310 secs]2017-05-01T10:34:01.494+0200: 2,774: [class unloading, 0,0029807 secs]2017-05-01T10:34:01.497+0200: 2,777: [scrub symbol table, 0,0042403 secs]2017-05-01T10:34:01.501+0200: 2,781: [scrub string table, 0,0004260 secs][1 CMS-remark: 0K(393216K)] 12488K(502464K), 0,0358979 secs] [Times: user=0,11 sys=0,00, real=0,03 secs] 
2017-05-01T10:34:01.502+0200: 2,782: Total time for which application threads were stopped: 0,0360638 seconds, Stopping threads took: 0,0000678 seconds
2017-05-01T10:34:01.502+0200: 2,782: [CMS-concurrent-sweep-start]
2017-05-01T10:34:01.502+0200: 2,782: [CMS-concurrent-sweep: 0,000/0,000 secs] [Times: user=0,00 sys=0,00, real=0,00 secs] 
2017-05-01T10:34:01.502+0200: 2,782: [CMS-concurrent-reset-start]
2017-05-01T10:34:01.505+0200: 2,785: [CMS-concurrent-reset: 0,003/0,003 secs] [Times: user=0,00 sys=0,00, real=0,00 secs] 
{Heap before GC invocations=4 (full 1):
 par new generation   total 109248K, used 99912K [0x00000000e0000000, 0x00000000e8000000, 0x00000000e8000000)
  eden space 87424K, 100% used [0x00000000e0000000, 0x00000000e5560000, 0x00000000e5560000)
  from space 21824K,  57% used [0x00000000e5560000, 0x00000000e61923d0, 0x00000000e6ab0000)
  to   space 21824K,   0% used [0x00000000e6ab0000, 0x00000000e6ab0000, 0x00000000e8000000)
 concurrent mark-sweep generation total 393216K, used 0K [0x00000000e8000000, 0x0000000100000000, 0x0000000100000000)
 Metaspace       used 21217K, capacity 21572K, committed 21884K, reserved 1069056K
  class space    used 2447K, capacity 2607K, committed 2684K, reserved 1048576K
2017-05-01T10:34:01.588+0200: 2,868: [GC (Allocation Failure) 2017-05-01T10:34:01.588+0200: 2,868: [ParNew
Desired survivor size 20112992 bytes, new threshold 8 (max 8)
- age   1:    1127432 bytes,    1127432 total
- age   2:       1648 bytes,    1129080 total
- age   3:    1487504 bytes,    2616584 total
- age   4:    1250512 bytes,    3867096 total
- age   5:    6182752 bytes,   10049848 total
: 99912K->12404K(109248K), 0,0119940 secs] 99912K->12404K(502464K), 0,0120692 secs] [Times: user=0,04 sys=0,00, real=0,01 secs] 
Heap after GC invocations=5 (full 1):
 par new generation   total 109248K, used 12404K [0x00000000e0000000, 0x00000000e8000000, 0x00000000e8000000)
  eden space 87424K,   0% used [0x00000000e0000000, 0x00000000e0000000, 0x00000000e5560000)
  from space 21824K,  56% used [0x00000000e6ab0000, 0x00000000e76cd2b0, 0x00000000e8000000)
  to   space 21824K,   0% used [0x00000000e5560000, 0x00000000e5560000, 0x00000000e6ab0000)
 concurrent mark-sweep generation total 393216K, used 0K [0x00000000e8000000, 0x0000000100000000, 0x0000000100000000)
 Metaspace       used 21217K, capacity 21572K, committed 21884K, reserved 1069056K
  class space    used 2447K, capacity 2607K, committed 2684K, reserved 1048576K
}
2017-05-01T10:34:01.601+0200: 2,881: Total time for which application threads were stopped: 0,0122982 seconds, Stopping threads took: 0,0000490 seconds
{Heap before GC invocations=5 (full 1):
 par new generation   total 109248K, used 99828K [0x00000000e0000000, 0x00000000e8000000, 0x00000000e8000000)
  eden space 87424K, 100% used [0x00000000e0000000, 0x00000000e5560000, 0x00000000e5560000)
  from space 21824K,  56% used [0x00000000e6ab0000, 0x00000000e76cd2b0, 0x00000000e8000000)
  to   space 21824K,   0% used [0x00000000e5560000, 0x00000000e5560000, 0x00000000e6ab0000)
 concurrent mark-sweep generation total 393216K, used 0K [0x00000000e8000000, 0x0000000100000000, 0x0000000100000000)
 Metaspace       used 21370K, capacity 21796K, committed 21884K, reserved 1069056K
  class space    used 2466K, capacity 2639K, committed 2684K, reserved 1048576K
2017-05-01T10:34:01.680+0200: 2,960: [GC (Allocation Failure) 2017-05-01T10:34:01.680+0200: 2,960: [ParNew
Desired survivor size 20112992 bytes, new threshold 8 (max 8)
- age   1:    1019464 bytes,    1019464 total
- age   2:     177072 bytes,    1196536 total
- age   3:       1648 bytes,    1198184 total
- age   4:    1487504 bytes,    2685688 total
- age   5:    1250400 bytes,    3936088 total
- age   6:    6182952 bytes,   10119040 total
: 99828K->13108K(109248K), 0,0124941 secs] 99828K->13108K(502464K), 0,0125643 secs] [Times: user=0,04 sys=0,00, real=0,02 secs] 
Heap after GC invocations=6 (full 1):
 par new generation   total 109248K, used 13108K [0x00000000e0000000, 0x00000000e8000000, 0x00000000e8000000)
  eden space 87424K,   0% used [0x00000000e0000000, 0x00000000e0000000, 0x00000000e5560000)
  from space 21824K,  60% used [0x00000000e5560000, 0x00000000e622d1a0, 0x00000000e6ab0000)
  to   space 21824K,   0% used [0x00000000e6ab0000, 0x00000000e6ab0000, 0x00000000e8000000)
 concurrent mark-sweep generation total 393216K, used 0K [0x00000000e8000000, 0x0000000100000000, 0x0000000100000000)
 Metaspace       used 21370K, capacity 21796K, committed 21884K, reserved 1069056K
  class space    used 2466K, capacity 2639K, committed 2684K, reserved 1048576K
}
2017-05-01T10:34:01.693+0200: 2,973: Total time for which application threads were stopped: 0,0133499 seconds, Stopping threads took: 0,0006490 seconds
2017-05-01T10:34:01.738+0200: 3,018: Total time for which application threads were stopped: 0,0003024 seconds, Stopping threads took: 0,0000200 seconds
2017-05-01T10:34:01.970+0200: 3,250: Total time for which application threads were stopped: 0,0005117 seconds, Stopping threads took: 0,0000390 seconds
2017-05-01T10:34:01.985+0200: 3,265: Total time for which application threads were stopped: 0,0004218 seconds, Stopping threads took: 0,0000506 seconds
{Heap before GC invocations=6 (full 1):
 par new generation   total 109248K, used 100532K [0x00000000e0000000, 0x00000000e8000000, 0x00000000e8000000)
  eden space 87424K, 100% used [0x00000000e0000000, 0x00000000e5560000, 0x00000000e5560000)
  from space 21824K,  60% used [0x00000000e5560000, 0x00000000e622d1a0, 0x00000000e6ab0000)
  to   space 21824K,   0% used [0x00000000e6ab0000, 0x00000000e6ab0000, 0x00000000e8000000)
 concurrent mark-sweep generation total 393216K, used 0K [0x00000000e8000000, 0x0000000100000000, 0x0000000100000000)
 Metaspace       used 23798K, capacity 24304K, committed 24572K, reserved 1071104K
  class space    used 2794K, capacity 2983K, committed 3068K, reserved 1048576K
2017-05-01T10:34:02.129+0200: 3,409: [GC (Allocation Failure) 2017-05-01T10:34:02.129+0200: 3,409: [ParNew
Desired survivor size 20112992 bytes, new threshold 8 (max 8)
- age   1:    5157560 bytes,    5157560 total
- age   2:     107848 bytes,    5265408 total
- age   3:     175544 bytes,    5440952 total
- age   4:       1648 bytes,    5442600 total
- age   5:     317688 bytes,    5760288 total
- age   6:    1224184 bytes,    6984472 total
- age   7:    6174432 bytes,   13158904 total
: 100532K->14725K(109248K), 0,0123982 secs] 100532K->14725K(502464K), 0,0124673 secs] [Times: user=0,04 sys=0,00, real=0,01 secs] 
Heap after GC invocations=7 (full 1):
 par new generation   total 109248K, used 14725K [0x00000000e0000000, 0x00000000e8000000, 0x00000000e8000000)
  eden space 87424K,   0% used [0x00000000e0000000, 0x00000000e0000000, 0x00000000e5560000)
  from space 21824K,  67% used [0x00000000e6ab0000, 0x00000000e7911720, 0x00000000e8000000)
  to   space 21824K,   0% used [0x00000000e5560000, 0x00000000e5560000, 0x00000000e6ab0000)
 concurrent mark-sweep generation total 393216K, used 0K [0x00000000e8000000, 0x0000000100000000, 0x0000000100000000)
 Metaspace       used 23798K, capacity 24304K, committed 24572K, reserved 1071104K
  class space    used 2794K, capacity 2983K, committed 3068K, reserved 1048576K
}
2017-05-01T10:34:02.142+0200: 3,422: Total time for which application threads were stopped: 0,0128041 seconds, Stopping threads took: 0,0001319 seconds
{Heap before GC invocations=7 (full 1):
 par new generation   total 109248K, used 102149K [0x00000000e0000000, 0x00000000e8000000, 0x00000000e8000000)
  eden space 87424K, 100% used [0x00000000e0000000, 0x00000000e5560000, 0x00000000e5560000)
  from space 21824K,  67% used [0x00000000e6ab0000, 0x00000000e7911720, 0x00000000e8000000)
  to   space 21824K,   0% used [0x00000000e5560000, 0x00000000e5560000, 0x00000000e6ab0000)
 concurrent mark-sweep generation total 393216K, used 0K [0x00000000e8000000, 0x0000000100000000, 0x0000000100000000)
 Metaspace       used 24244K, capacity 24694K, committed 24828K, reserved 1071104K
  class space    used 2843K, capacity 3048K, committed 3068K, reserved 1048576K
2017-05-01T10:34:02.235+0200: 3,515: [GC (Allocation Failure) 2017-05-01T10:34:02.235+0200: 3,515: [ParNew
Desired survivor size 20112992 bytes, new threshold 8 (max 8)
- age   1:    2082976 bytes,    2082976 total
- age   2:    1784192 bytes,    3867168 total
- age   3:      53072 bytes,    3920240 total
- age   4:      99312 bytes,    4019552 total
- age   5:       1304 bytes,    4020856 total
- age   6:     199144 bytes,    4220000 total
- age   7:     938888 bytes,    5158888 total
- age   8:    5908296 bytes,   11067184 total
: 102149K->16665K(109248K), 0,0180153 secs] 102149K->16665K(502464K), 0,0181104 secs] [Times: user=0,05 sys=0,00, real=0,02 secs] 
Heap after GC invocations=8 (full 1):
 par new generation   total 109248K, used 16665K [0x00000000e0000000, 0x00000000e8000000, 0x00000000e8000000)
  eden space 87424K,   0% used [0x00000000e0000000, 0x00000000e0000000, 0x00000000e5560000)
  from space 21824K,  76% used [0x00000000e5560000, 0x00000000e65a6670, 0x00000000e6ab0000)
  to   space 21824K,   0% used [0x00000000e6ab0000, 0x00000000e6ab0000, 0x00000000e8000000)
 concurrent mark-sweep generation total 393216K, used 0K [0x00000000e8000000, 0x0000000100000000, 0x0000000100000000)
 Metaspace       used 24244K, capacity 24694K, committed 24828K, reserved 1071104K
  class space    used 2843K, capacity 3048K, committed 3068K, reserved 1048576K
}
2017-05-01T10:34:02.253+0200: 3,533: Total time for which application threads were stopped: 0,0183994 seconds, Stopping threads took: 0,0000617 seconds
{Heap before GC invocations=8 (full 1):
 par new generation   total 109248K, used 104089K [0x00000000e0000000, 0x00000000e8000000, 0x00000000e8000000)
  eden space 87424K, 100% used [0x00000000e0000000, 0x00000000e5560000, 0x00000000e5560000)
  from space 21824K,  76% used [0x00000000e5560000, 0x00000000e65a6670, 0x00000000e6ab0000)
  to   space 21824K,   0% used [0x00000000e6ab0000, 0x00000000e6ab0000, 0x00000000e8000000)
 concurrent mark-sweep generation total 393216K, used 0K [0x00000000e8000000, 0x0000000100000000, 0x0000000100000000)
 Metaspace       used 24579K, capacity 25052K, committed 25084K, reserved 1071104K
  class space    used 2871K, capacity 3055K, committed 3068K, reserved 1048576K
2017-05-01T10:34:02.346+0200: 3,626: [GC (Allocation Failure) 2017-05-01T10:34:02.346+0200: 3,626: [ParNew
Desired survivor size 20112992 bytes, new threshold 8 (max 8)
- age   1:     813080 bytes,     813080 total
- age   2:     970920 bytes,    1784000 total
- age   3:    1761896 bytes,    3545896 total
- age   4:      53072 bytes,    3598968 total
- age   5:      99008 bytes,    3697976 total
- age   6:       1304 bytes,    3699280 total
- age   7:     196376 bytes,    3895656 total
- age   8:     938120 bytes,    4833776 total
: 104089K->8219K(109248K), 0,0575662 secs] 104089K->14070K(502464K), 0,0576472 secs] [Times: user=0,16 sys=0,00, real=0,06 secs] 
Heap after GC invocations=9 (full 1):
 par new generation   total 109248K, used 8219K [0x00000000e0000000, 0x00000000e8000000, 0x00000000e8000000)
  eden space 87424K,   0% used [0x00000000e0000000, 0x00000000e0000000, 0x00000000e5560000)
  from space 21824K,  37% used [0x00000000e6ab0000, 0x00000000e72b6d30, 0x00000000e8000000)
  to   space 21824K,   0% used [0x00000000e5560000, 0x00000000e5560000, 0x00000000e6ab0000)
 concurrent mark-sweep generation total 393216K, used 5851K [0x00000000e8000000, 0x0000000100000000, 0x0000000100000000)
 Metaspace       used 24579K, capacity 25052K, committed 25084K, reserved 1071104K
  class space    used 2871K, capacity 3055K, committed 3068K, reserved 1048576K
}
2017-05-01T10:34:02.404+0200: 3,684: Total time for which application threads were stopped: 0,0638118 seconds, Stopping threads took: 0,0059915 seconds
2017-05-01T10:34:02.664+0200: 3,945: Total time for which application threads were stopped: 0,0003881 seconds, Stopping threads took: 0,0000209 seconds
2017-05-01T10:34:02.706+0200: 3,986: Total time for which application threads were stopped: 0,0004917 seconds, Stopping threads took: 0,0000309 seconds
2017-05-01T10:34:02.719+0200: 3,999: Total time for which application threads were stopped: 0,0004381 seconds, Stopping threads took: 0,0000281 seconds
2017-05-01T10:34:02.762+0200: 4,042: Total time for which application threads were stopped: 0,0004056 seconds, Stopping threads took: 0,0000291 seconds
2017-05-01T10:34:02.783+0200: 4,063: Total time for which application threads were stopped: 0,0003484 seconds, Stopping threads took: 0,0000456 seconds
2017-05-01T10:34:02.783+0200: 4,063: Total time for which application threads were stopped: 0,0000988 seconds, Stopping threads took: 0,0000289 seconds
2017-05-01T10:34:02.783+0200: 4,064: Total time for which application threads were stopped: 0,0000664 seconds, Stopping threads took: 0,0000178 seconds
2017-05-01T10:34:02.784+0200: 4,064: Total time for which application threads were stopped: 0,0000675 seconds, Stopping threads took: 0,0000187 seconds
2017-05-01T10:34:02.784+0200: 4,064: Total time for which application threads were stopped: 0,0000605 seconds, Stopping threads took: 0,0000148 seconds
2017-05-01T10:34:02.784+0200: 4,064: Total time for which application threads were stopped: 0,0000608 seconds, Stopping threads took: 0,0000162 seconds
2017-05-01T10:34:02.784+0200: 4,064: Total time for which application threads were stopped: 0,0000765 seconds, Stopping threads took: 0,0000203 seconds
2017-05-01T10:34:02.786+0200: 4,066: Total time for which application threads were stopped: 0,0016869 seconds, Stopping threads took: 0,0016332 seconds
2017-05-01T10:34:02.786+0200: 4,066: Total time for which application threads were stopped: 0,0000839 seconds, Stopping threads took: 0,0000207 seconds
2017-05-01T10:34:02.786+0200: 4,066: Total time for which application threads were stopped: 0,0000735 seconds, Stopping threads took: 0,0000236 seconds
2017-05-01T10:34:02.787+0200: 4,067: Total time for which application threads were stopped: 0,0003054 seconds, Stopping threads took: 0,0002496 seconds
2017-05-01T10:34:02.787+0200: 4,067: Total time for which application threads were stopped: 0,0001607 seconds, Stopping threads took: 0,0001144 seconds
2017-05-01T10:34:02.787+0200: 4,067: Total time for which application threads were stopped: 0,0000732 seconds, Stopping threads took: 0,0000278 seconds
2017-05-01T10:34:02.790+0200: 4,070: Total time for which application threads were stopped: 0,0011100 seconds, Stopping threads took: 0,0010329 seconds
2017-05-01T10:34:02.794+0200: 4,074: Total time for which application threads were stopped: 0,0029675 seconds, Stopping threads took: 0,0028900 seconds
2017-05-01T10:34:02.794+0200: 4,074: Total time for which application threads were stopped: 0,0000914 seconds, Stopping threads took: 0,0000362 seconds
2017-05-01T10:34:02.799+0200: 4,079: Total time for which application threads were stopped: 0,0001100 seconds, Stopping threads took: 0,0000343 seconds
2017-05-01T10:34:02.800+0200: 4,080: Total time for which application threads were stopped: 0,0001100 seconds, Stopping threads took: 0,0000394 seconds
2017-05-01T10:34:02.802+0200: 4,082: Total time for which application threads were stopped: 0,0001171 seconds, Stopping threads took: 0,0000398 seconds
2017-05-01T10:34:02.806+0200: 4,086: Total time for which application threads were stopped: 0,0028503 seconds, Stopping threads took: 0,0027811 seconds
2017-05-01T10:34:02.806+0200: 4,086: Total time for which application threads were stopped: 0,0000690 seconds, Stopping threads took: 0,0000279 seconds
2017-05-01T10:34:02.806+0200: 4,086: Total time for which application threads were stopped: 0,0002305 seconds, Stopping threads took: 0,0001139 seconds
2017-05-01T10:34:02.807+0200: 4,087: Total time for which application threads were stopped: 0,0000942 seconds, Stopping threads took: 0,0000376 seconds
2017-05-01T10:34:02.807+0200: 4,087: Total time for which application threads were stopped: 0,0000859 seconds, Stopping threads took: 0,0000204 seconds
2017-05-01T10:34:02.807+0200: 4,087: Total time for which application threads were stopped: 0,0001155 seconds, Stopping threads took: 0,0000601 seconds
2017-05-01T10:34:02.808+0200: 4,088: Total time for which application threads were stopped: 0,0000668 seconds, Stopping threads took: 0,0000118 seconds
2017-05-01T10:34:02.808+0200: 4,088: Total time for which application threads were stopped: 0,0000706 seconds, Stopping threads took: 0,0000231 seconds
2017-05-01T10:34:02.808+0200: 4,088: Total time for which application threads were stopped: 0,0000619 seconds, Stopping threads took: 0,0000175 seconds
2017-05-01T10:34:02.808+0200: 4,088: Total time for which application threads were stopped: 0,0000413 seconds, Stopping threads took: 0,0000153 seconds
2017-05-01T10:34:02.808+0200: 4,088: Total time for which application threads were stopped: 0,0000416 seconds, Stopping threads took: 0,0000147 seconds
2017-05-01T10:34:02.808+0200: 4,088: Total time for which application threads were stopped: 0,0000562 seconds, Stopping threads took: 0,0000152 seconds
2017-05-01T10:34:02.811+0200: 4,091: Total time for which application threads were stopped: 0,0000934 seconds, Stopping threads took: 0,0000303 seconds
2017-05-01T10:34:02.811+0200: 4,091: Total time for which application threads were stopped: 0,0000530 seconds, Stopping threads took: 0,0000202 seconds
2017-05-01T10:34:02.811+0200: 4,091: Total time for which application threads were stopped: 0,0000425 seconds, Stopping threads took: 0,0000163 seconds
2017-05-01T10:34:02.811+0200: 4,091: Total time for which application threads were stopped: 0,0000388 seconds, Stopping threads took: 0,0000124 seconds
2017-05-01T10:34:02.811+0200: 4,091: Total time for which application threads were stopped: 0,0000443 seconds, Stopping threads took: 0,0000175 seconds
2017-05-01T10:34:02.811+0200: 4,091: Total time for which application threads were stopped: 0,0000509 seconds, Stopping threads took: 0,0000081 seconds
2017-05-01T10:34:02.811+0200: 4,091: Total time for which application threads were stopped: 0,0000367 seconds, Stopping threads took: 0,0000062 seconds
2017-05-01T10:34:02.811+0200: 4,091: Total time for which application threads were stopped: 0,0000388 seconds, Stopping threads took: 0,0000074 seconds
2017-05-01T10:34:02.811+0200: 4,091: Total time for which application threads were stopped: 0,0000396 seconds, Stopping threads took: 0,0000082 seconds
2017-05-01T10:34:02.812+0200: 4,092: Total time for which application threads were stopped: 0,0001001 seconds, Stopping threads took: 0,0000698 seconds
2017-05-01T10:34:02.812+0200: 4,092: Total time for which application threads were stopped: 0,0001214 seconds, Stopping threads took: 0,0000317 seconds
2017-05-01T10:34:02.849+0200: 4,129: Total time for which application threads were stopped: 0,0002024 seconds, Stopping threads took: 0,0001181 seconds
{Heap before GC invocations=9 (full 1):
 par new generation   total 109248K, used 94523K [0x00000000e0000000, 0x00000000e8000000, 0x00000000e8000000)
  eden space 87424K,  98% used [0x00000000e0000000, 0x00000000e5448208, 0x00000000e5560000)
  from space 21824K,  37% used [0x00000000e6ab0000, 0x00000000e72b6d30, 0x00000000e8000000)
  to   space 21824K,   0% used [0x00000000e5560000, 0x00000000e5560000, 0x00000000e6ab0000)
 concurrent mark-sweep generation total 393216K, used 5851K [0x00000000e8000000, 0x0000000100000000, 0x0000000100000000)
 Metaspace       used 27751K, capacity 28358K, committed 28540K, reserved 1075200K
  class space    used 3172K, capacity 3362K, committed 3452K, reserved 1048576K
2017-05-01T10:34:02.856+0200: 4,136: [GC (Allocation Failure) 2017-05-01T10:34:02.856+0200: 4,136: [ParNew
Desired survivor size 20112992 bytes, new threshold 8 (max 8)
- age   1:    8792472 bytes,    8792472 total
- age   2:     188936 bytes,    8981408 total
- age   3:     182656 bytes,    9164064 total
- age   4:    1755200 bytes,   10919264 total
- age   5:      53072 bytes,   10972336 total
- age   6:      98896 bytes,   11071232 total
- age   7:       1304 bytes,   11072536 total
- age   8:     195864 bytes,   11268400 total
: 94523K->11475K(109248K), 0,0155871 secs] 100375K->18354K(502464K), 0,0156390 secs] [Times: user=0,05 sys=0,00, real=0,02 secs] 
Heap after GC invocations=10 (full 1):
 par new generation   total 109248K, used 11475K [0x00000000e0000000, 0x00000000e8000000, 0x00000000e8000000)
  eden space 87424K,   0% used [0x00000000e0000000, 0x00000000e0000000, 0x00000000e5560000)
  from space 21824K,  52% used [0x00000000e5560000, 0x00000000e6094c00, 0x00000000e6ab0000)
  to   space 21824K,   0% used [0x00000000e6ab0000, 0x00000000e6ab0000, 0x00000000e8000000)
 concurrent mark-sweep generation total 393216K, used 6879K [0x00000000e8000000, 0x0000000100000000, 0x0000000100000000)
 Metaspace       used 27751K, capacity 28358K, committed 28540K, reserved 1075200K
  class space    used 3172K, capacity 3362K, committed 3452K, reserved 1048576K
}
2017-05-01T10:34:02.871+0200: 4,151: Total time for which application threads were stopped: 0,0158543 seconds, Stopping threads took: 0,0000654 seconds
2017-05-01T10:34:02.899+0200: 4,179: Total time for which application threads were stopped: 0,0001281 seconds, Stopping threads took: 0,0000395 seconds
2017-05-01T10:34:02.900+0200: 4,180: Total time for which application threads were stopped: 0,0004703 seconds, Stopping threads took: 0,0000185 seconds
2017-05-01T10:34:02.902+0200: 4,182: Total time for which application threads were stopped: 0,0001197 seconds, Stopping threads took: 0,0000452 seconds
2017-05-01T10:34:03.902+0200: 5,182: Total time for which application threads were stopped: 0,0000784 seconds, Stopping threads took: 0,0000175 seconds
2017-05-01T10:35:53.583+0200: 117,194: Total time for which application threads were stopped: 0,0000921 seconds, Stopping threads took: 0,0000368 seconds
2017-05-01T10:36:03.585+0200: 127,196: Total time for which application threads were stopped: 0,0006964 seconds, Stopping threads took: 0,0002459 seconds
2017-05-01T10:36:57.591+0200: 181,202: Total time for which application threads were stopped: 0,0000934 seconds, Stopping threads took: 0,0000360 seconds
2017-05-01T10:37:02.592+0200: 186,203: Total time for which application threads were stopped: 0,0001056 seconds, Stopping threads took: 0,0000426 seconds
2017-05-01T10:57:27.731+0200: 1411,342: Total time for which application threads were stopped: 0,0001336 seconds, Stopping threads took: 0,0000510 seconds
2017-05-01T11:01:47.760+0200: 1671,372: Total time for which application threads were stopped: 0,0000835 seconds, Stopping threads took: 0,0000311 seconds
2017-05-01T11:12:13.821+0200: 2297,433: Total time for which application threads were stopped: 0,0000764 seconds, Stopping threads took: 0,0000259 seconds
2017-05-01T11:12:18.822+0200: 2302,433: Total time for which application threads were stopped: 0,0000847 seconds, Stopping threads took: 0,0000166 seconds
2017-05-01T11:12:22.822+0200: 2306,434: Total time for which application threads were stopped: 0,0000732 seconds, Stopping threads took: 0,0000162 seconds
2017-05-01T11:27:13.904+0200: 3197,515: Total time for which application threads were stopped: 0,0001014 seconds, Stopping threads took: 0,0000379 seconds
2017-05-01T11:37:27.953+0200: 3811,564: Total time for which application threads were stopped: 0,0001019 seconds, Stopping threads took: 0,0000331 seconds
2017-05-01T11:39:27.963+0200: 3931,574: Total time for which application threads were stopped: 0,0000888 seconds, Stopping threads took: 0,0000297 seconds
2017-05-01T11:39:37.963+0200: 3941,575: Total time for which application threads were stopped: 0,0000652 seconds, Stopping threads took: 0,0000169 seconds
2017-05-01T11:53:14.051+0200: 4757,662: Total time for which application threads were stopped: 0,0000859 seconds, Stopping threads took: 0,0000309 seconds
2017-05-01T11:53:24.052+0200: 4767,663: Total time for which application threads were stopped: 0,0000794 seconds, Stopping threads took: 0,0000313 seconds
2017-05-01T12:18:19.208+0200: 6262,819: Total time for which application threads were stopped: 0,0001875 seconds, Stopping threads took: 0,0000672 seconds
2017-05-01T12:29:58.281+0200: 6961,892: Total time for which application threads were stopped: 0,0000997 seconds, Stopping threads took: 0,0000320 seconds
2017-05-01T12:35:58.322+0200: 7321,933: Total time for which application threads were stopped: 0,0001108 seconds, Stopping threads took: 0,0000362 seconds
2017-05-01T12:41:58.357+0200: 7681,968: Total time for which application threads were stopped: 0,0001421 seconds, Stopping threads took: 0,0000496 seconds
2017-05-01T12:48:56.166+0200: 8099,777: Total time for which application threads were stopped: 0,0081751 seconds, Stopping threads took: 0,0080780 seconds
2017-05-01T12:48:56.170+0200: 8099,781: Total time for which application threads were stopped: 0,0000843 seconds, Stopping threads took: 0,0000179 seconds
2017-05-01T12:48:56.184+0200: 8099,795: Total time for which application threads were stopped: 0,0001129 seconds, Stopping threads took: 0,0000300 seconds
2017-05-01T12:48:56.189+0200: 8099,800: Total time for which application threads were stopped: 0,0001249 seconds, Stopping threads took: 0,0000234 seconds
2017-05-01T12:48:56.190+0200: 8099,801: Total time for which application threads were stopped: 0,0000896 seconds, Stopping threads took: 0,0000259 seconds
2017-05-01T12:48:56.191+0200: 8099,802: Total time for which application threads were stopped: 0,0002972 seconds, Stopping threads took: 0,0000214 seconds
Heap
 par new generation   total 109248K, used 41180K [0x00000000e0000000, 0x00000000e8000000, 0x00000000e8000000)
  eden space 87424K,  33% used [0x00000000e0000000, 0x00000000e1d02610, 0x00000000e5560000)
  from space 21824K,  52% used [0x00000000e5560000, 0x00000000e6094c00, 0x00000000e6ab0000)
  to   space 21824K,   0% used [0x00000000e6ab0000, 0x00000000e6ab0000, 0x00000000e8000000)
 concurrent mark-sweep generation total 393216K, used 6879K [0x00000000e8000000, 0x0000000100000000, 0x0000000100000000)
 Metaspace       used 28200K, capacity 28756K, committed 29052K, reserved 1075200K
  class space    used 3230K, capacity 3429K, committed 3452K, reserved 1048576K
