OpenJDK 64-Bit Server VM (25.121-b13) for linux-amd64 JRE (1.8.0_121-8u121-b13-0ubuntu1.16.04.2-b13), built on Jan 23 2017 15:51:29 by "buildd" with gcc 5.4.0 20160609
Memory: 4k page, physical 7867760k(7447928k free), swap 8076284k(8076284k free)
CommandLine flags: -XX:CMSInitiatingOccupancyFraction=50 -XX:CMSMaxAbortablePrecleanTime=6000 -XX:+CMSParallelRemarkEnabled -XX:+CMSScavengeBeforeRemark -XX:ConcGCThreads=4 -XX:InitialHeapSize=536870912 -XX:MaxHeapSize=536870912 -XX:MaxTenuringThreshold=8 -XX:NewRatio=3 -XX:OldPLABSize=16 -XX:OnOutOfMemoryError=/opt/solr/bin/oom_solr.sh 8983 /var/solr/logs -XX:ParallelGCThreads=4 -XX:+ParallelRefProcEnabled -XX:PretenureSizeThreshold=67108864 -XX:+PrintGC -XX:+PrintGCApplicationStoppedTime -XX:+PrintGCDateStamps -XX:+PrintGCDetails -XX:+PrintGCTimeStamps -XX:+PrintHeapAtGC -XX:+PrintTenuringDistribution -XX:SurvivorRatio=4 -XX:TargetSurvivorRatio=90 -XX:ThreadStackSize=256 -XX:+UseCMSInitiatingOccupancyOnly -XX:+UseCompressedClassPointers -XX:+UseCompressedOops -XX:+UseConcMarkSweepGC -XX:+UseParNewGC 
2017-03-23T09:11:29.804+0100: 0,152: Total time for which application threads were stopped: 0,0000720 seconds, Stopping threads took: 0,0000118 seconds
2017-03-23T09:11:29.903+0100: 0,250: Total time for which application threads were stopped: 0,0001276 seconds, Stopping threads took: 0,0000118 seconds
2017-03-23T09:11:29.925+0100: 0,273: Total time for which application threads were stopped: 0,0001045 seconds, Stopping threads took: 0,0000117 seconds
2017-03-23T09:11:30.125+0100: 0,473: Total time for which application threads were stopped: 0,0001436 seconds, Stopping threads took: 0,0000147 seconds
2017-03-23T09:11:30.529+0100: 0,876: Total time for which application threads were stopped: 0,0001121 seconds, Stopping threads took: 0,0000098 seconds
2017-03-23T09:11:30.594+0100: 0,942: Total time for which application threads were stopped: 0,0002266 seconds, Stopping threads took: 0,0000233 seconds
2017-03-23T09:11:30.613+0100: 0,961: Total time for which application threads were stopped: 0,0002051 seconds, Stopping threads took: 0,0000334 seconds
2017-03-23T09:11:30.962+0100: 1,310: Total time for which application threads were stopped: 0,0001844 seconds, Stopping threads took: 0,0000179 seconds
2017-03-23T09:11:31.221+0100: 1,568: Total time for which application threads were stopped: 0,0001877 seconds, Stopping threads took: 0,0000119 seconds
2017-03-23T09:11:31.246+0100: 1,594: Total time for which application threads were stopped: 0,0014540 seconds, Stopping threads took: 0,0001617 seconds
2017-03-23T09:11:31.286+0100: 1,633: Total time for which application threads were stopped: 0,0020262 seconds, Stopping threads took: 0,0018629 seconds
2017-03-23T09:11:31.287+0100: 1,634: Total time for which application threads were stopped: 0,0001902 seconds, Stopping threads took: 0,0000150 seconds
2017-03-23T09:11:31.305+0100: 1,652: Total time for which application threads were stopped: 0,0001819 seconds, Stopping threads took: 0,0000202 seconds
2017-03-23T09:11:31.409+0100: 1,757: Total time for which application threads were stopped: 0,0002470 seconds, Stopping threads took: 0,0000215 seconds
2017-03-23T09:11:31.591+0100: 1,939: Total time for which application threads were stopped: 0,0003204 seconds, Stopping threads took: 0,0000426 seconds
{Heap before GC invocations=0 (full 0):
 par new generation   total 109248K, used 87424K [0x00000000e0000000, 0x00000000e8000000, 0x00000000e8000000)
  eden space 87424K, 100% used [0x00000000e0000000, 0x00000000e5560000, 0x00000000e5560000)
  from space 21824K,   0% used [0x00000000e5560000, 0x00000000e5560000, 0x00000000e6ab0000)
  to   space 21824K,   0% used [0x00000000e6ab0000, 0x00000000e6ab0000, 0x00000000e8000000)
 concurrent mark-sweep generation total 393216K, used 0K [0x00000000e8000000, 0x0000000100000000, 0x0000000100000000)
 Metaspace       used 18000K, capacity 18336K, committed 18688K, reserved 1064960K
  class space    used 2036K, capacity 2196K, committed 2304K, reserved 1048576K
2017-03-23T09:11:31.669+0100: 2,017: [GC (Allocation Failure) 2017-03-23T09:11:31.669+0100: 2,017: [ParNew
Desired survivor size 20112992 bytes, new threshold 8 (max 8)
- age   1:   12380624 bytes,   12380624 total
: 87424K->12200K(109248K), 0,0150115 secs] 87424K->12200K(502464K), 0,0150979 secs] [Times: user=0,03 sys=0,02, real=0,01 secs] 
Heap after GC invocations=1 (full 0):
 par new generation   total 109248K, used 12200K [0x00000000e0000000, 0x00000000e8000000, 0x00000000e8000000)
  eden space 87424K,   0% used [0x00000000e0000000, 0x00000000e0000000, 0x00000000e5560000)
  from space 21824K,  55% used [0x00000000e6ab0000, 0x00000000e769a358, 0x00000000e8000000)
  to   space 21824K,   0% used [0x00000000e5560000, 0x00000000e5560000, 0x00000000e6ab0000)
 concurrent mark-sweep generation total 393216K, used 0K [0x00000000e8000000, 0x0000000100000000, 0x0000000100000000)
 Metaspace       used 18000K, capacity 18336K, committed 18688K, reserved 1064960K
  class space    used 2036K, capacity 2196K, committed 2304K, reserved 1048576K
}
2017-03-23T09:11:31.684+0100: 2,032: Total time for which application threads were stopped: 0,0153291 seconds, Stopping threads took: 0,0000375 seconds
2017-03-23T09:11:32.011+0100: 2,359: Total time for which application threads were stopped: 0,0003444 seconds, Stopping threads took: 0,0000746 seconds
{Heap before GC invocations=1 (full 0):
 par new generation   total 109248K, used 99624K [0x00000000e0000000, 0x00000000e8000000, 0x00000000e8000000)
  eden space 87424K, 100% used [0x00000000e0000000, 0x00000000e5560000, 0x00000000e5560000)
  from space 21824K,  55% used [0x00000000e6ab0000, 0x00000000e769a358, 0x00000000e8000000)
  to   space 21824K,   0% used [0x00000000e5560000, 0x00000000e5560000, 0x00000000e6ab0000)
 concurrent mark-sweep generation total 393216K, used 0K [0x00000000e8000000, 0x0000000100000000, 0x0000000100000000)
 Metaspace       used 20059K, capacity 20366K, committed 20736K, reserved 1067008K
  class space    used 2296K, capacity 2469K, committed 2560K, reserved 1048576K
2017-03-23T09:11:32.059+0100: 2,406: [GC (Allocation Failure) 2017-03-23T09:11:32.059+0100: 2,406: [ParNew
Desired survivor size 20112992 bytes, new threshold 8 (max 8)
- age   1:    3780544 bytes,    3780544 total
- age   2:    6647432 bytes,   10427976 total
: 99624K->13638K(109248K), 0,0112819 secs] 99624K->13638K(502464K), 0,0113637 secs] [Times: user=0,04 sys=0,00, real=0,01 secs] 
Heap after GC invocations=2 (full 0):
 par new generation   total 109248K, used 13638K [0x00000000e0000000, 0x00000000e8000000, 0x00000000e8000000)
  eden space 87424K,   0% used [0x00000000e0000000, 0x00000000e0000000, 0x00000000e5560000)
  from space 21824K,  62% used [0x00000000e5560000, 0x00000000e62b1af0, 0x00000000e6ab0000)
  to   space 21824K,   0% used [0x00000000e6ab0000, 0x00000000e6ab0000, 0x00000000e8000000)
 concurrent mark-sweep generation total 393216K, used 0K [0x00000000e8000000, 0x0000000100000000, 0x0000000100000000)
 Metaspace       used 20059K, capacity 20366K, committed 20736K, reserved 1067008K
  class space    used 2296K, capacity 2469K, committed 2560K, reserved 1048576K
}
2017-03-23T09:11:32.070+0100: 2,418: Total time for which application threads were stopped: 0,0118580 seconds, Stopping threads took: 0,0001078 seconds
2017-03-23T09:11:32.104+0100: 2,451: Total time for which application threads were stopped: 0,0003658 seconds, Stopping threads took: 0,0000550 seconds
2017-03-23T09:11:32.240+0100: 2,588: Total time for which application threads were stopped: 0,0001442 seconds, Stopping threads took: 0,0000233 seconds
{Heap before GC invocations=2 (full 0):
 par new generation   total 109248K, used 101062K [0x00000000e0000000, 0x00000000e8000000, 0x00000000e8000000)
  eden space 87424K, 100% used [0x00000000e0000000, 0x00000000e5560000, 0x00000000e5560000)
  from space 21824K,  62% used [0x00000000e5560000, 0x00000000e62b1af0, 0x00000000e6ab0000)
  to   space 21824K,   0% used [0x00000000e6ab0000, 0x00000000e6ab0000, 0x00000000e8000000)
 concurrent mark-sweep generation total 393216K, used 0K [0x00000000e8000000, 0x0000000100000000, 0x0000000100000000)
 Metaspace       used 20981K, capacity 21294K, committed 21628K, reserved 1069056K
  class space    used 2418K, capacity 2589K, committed 2684K, reserved 1048576K
2017-03-23T09:11:32.276+0100: 2,624: [GC (Allocation Failure) 2017-03-23T09:11:32.276+0100: 2,624: [ParNew
Desired survivor size 20112992 bytes, new threshold 8 (max 8)
- age   1:    2019536 bytes,    2019536 total
- age   2:     861120 bytes,    2880656 total
- age   3:    6646208 bytes,    9526864 total
: 101062K->11534K(109248K), 0,0092350 secs] 101062K->11534K(502464K), 0,0093087 secs] [Times: user=0,04 sys=0,00, real=0,00 secs] 
Heap after GC invocations=3 (full 0):
 par new generation   total 109248K, used 11534K [0x00000000e0000000, 0x00000000e8000000, 0x00000000e8000000)
  eden space 87424K,   0% used [0x00000000e0000000, 0x00000000e0000000, 0x00000000e5560000)
  from space 21824K,  52% used [0x00000000e6ab0000, 0x00000000e75f3980, 0x00000000e8000000)
  to   space 21824K,   0% used [0x00000000e5560000, 0x00000000e5560000, 0x00000000e6ab0000)
 concurrent mark-sweep generation total 393216K, used 0K [0x00000000e8000000, 0x0000000100000000, 0x0000000100000000)
 Metaspace       used 20981K, capacity 21294K, committed 21628K, reserved 1069056K
  class space    used 2418K, capacity 2589K, committed 2684K, reserved 1048576K
}
2017-03-23T09:11:32.286+0100: 2,633: Total time for which application threads were stopped: 0,0099063 seconds, Stopping threads took: 0,0004696 seconds
2017-03-23T09:11:32.290+0100: 2,638: [GC (CMS Initial Mark) [1 CMS-initial-mark: 0K(393216K)] 14418K(502464K), 0,0059280 secs] [Times: user=0,02 sys=0,00, real=0,01 secs] 
2017-03-23T09:11:32.296+0100: 2,644: Total time for which application threads were stopped: 0,0091216 seconds, Stopping threads took: 0,0030793 seconds
2017-03-23T09:11:32.296+0100: 2,644: [CMS-concurrent-mark-start]
2017-03-23T09:11:32.297+0100: 2,644: [CMS-concurrent-mark: 0,000/0,000 secs] [Times: user=0,00 sys=0,00, real=0,00 secs] 
2017-03-23T09:11:32.297+0100: 2,644: [CMS-concurrent-preclean-start]
2017-03-23T09:11:32.298+0100: 2,645: [CMS-concurrent-preclean: 0,001/0,001 secs] [Times: user=0,00 sys=0,00, real=0,00 secs] 
2017-03-23T09:11:32.298+0100: 2,645: [CMS-concurrent-abortable-preclean-start]
2017-03-23T09:11:32.351+0100: 2,698: Total time for which application threads were stopped: 0,0001819 seconds, Stopping threads took: 0,0000730 seconds
{Heap before GC invocations=3 (full 1):
 par new generation   total 109248K, used 98958K [0x00000000e0000000, 0x00000000e8000000, 0x00000000e8000000)
  eden space 87424K, 100% used [0x00000000e0000000, 0x00000000e5560000, 0x00000000e5560000)
  from space 21824K,  52% used [0x00000000e6ab0000, 0x00000000e75f3980, 0x00000000e8000000)
  to   space 21824K,   0% used [0x00000000e5560000, 0x00000000e5560000, 0x00000000e6ab0000)
 concurrent mark-sweep generation total 393216K, used 0K [0x00000000e8000000, 0x0000000100000000, 0x0000000100000000)
 Metaspace       used 21242K, capacity 21628K, committed 21884K, reserved 1069056K
  class space    used 2446K, capacity 2603K, committed 2684K, reserved 1048576K
2017-03-23T09:11:32.397+0100: 2,745: [GC (Allocation Failure) 2017-03-23T09:11:32.397+0100: 2,745: [ParNew
Desired survivor size 20112992 bytes, new threshold 8 (max 8)
- age   1:    1474792 bytes,    1474792 total
- age   2:    1473096 bytes,    2947888 total
- age   3:     829720 bytes,    3777608 total
- age   4:    6644416 bytes,   10422024 total
: 98958K->16835K(109248K), 0,0107918 secs] 98958K->16835K(502464K), 0,0108696 secs] [Times: user=0,03 sys=0,00, real=0,01 secs] 
Heap after GC invocations=4 (full 1):
 par new generation   total 109248K, used 16835K [0x00000000e0000000, 0x00000000e8000000, 0x00000000e8000000)
  eden space 87424K,   0% used [0x00000000e0000000, 0x00000000e0000000, 0x00000000e5560000)
  from space 21824K,  77% used [0x00000000e5560000, 0x00000000e65d0d80, 0x00000000e6ab0000)
  to   space 21824K,   0% used [0x00000000e6ab0000, 0x00000000e6ab0000, 0x00000000e8000000)
 concurrent mark-sweep generation total 393216K, used 0K [0x00000000e8000000, 0x0000000100000000, 0x0000000100000000)
 Metaspace       used 21242K, capacity 21628K, committed 21884K, reserved 1069056K
  class space    used 2446K, capacity 2603K, committed 2684K, reserved 1048576K
}
2017-03-23T09:11:32.408+0100: 2,756: Total time for which application threads were stopped: 0,0113262 seconds, Stopping threads took: 0,0003082 seconds
2017-03-23T09:11:32.408+0100: 2,756: [CMS-concurrent-abortable-preclean: 0,054/0,110 secs] [Times: user=0,40 sys=0,01, real=0,11 secs] 
2017-03-23T09:11:32.418+0100: 2,766: [GC (CMS Final Remark) [YG occupancy: 26629 K (109248 K)]{Heap before GC invocations=4 (full 1):
 par new generation   total 109248K, used 26629K [0x00000000e0000000, 0x00000000e8000000, 0x00000000e8000000)
  eden space 87424K,  11% used [0x00000000e0000000, 0x00000000e0990a38, 0x00000000e5560000)
  from space 21824K,  77% used [0x00000000e5560000, 0x00000000e65d0d80, 0x00000000e6ab0000)
  to   space 21824K,   0% used [0x00000000e6ab0000, 0x00000000e6ab0000, 0x00000000e8000000)
 concurrent mark-sweep generation total 393216K, used 0K [0x00000000e8000000, 0x0000000100000000, 0x0000000100000000)
 Metaspace       used 21257K, capacity 21628K, committed 21884K, reserved 1069056K
  class space    used 2447K, capacity 2603K, committed 2684K, reserved 1048576K
2017-03-23T09:11:32.418+0100: 2,766: [GC (CMS Final Remark) 2017-03-23T09:11:32.418+0100: 2,766: [ParNew
Desired survivor size 20112992 bytes, new threshold 8 (max 8)
- age   1:     697576 bytes,     697576 total
- age   2:     270064 bytes,     967640 total
- age   3:    1473096 bytes,    2440736 total
- age   4:     829720 bytes,    3270456 total
- age   5:    6644344 bytes,    9914800 total
: 26629K->10459K(109248K), 0,0105931 secs] 26629K->10459K(502464K), 0,0106565 secs] [Times: user=0,03 sys=0,00, real=0,01 secs] 
Heap after GC invocations=5 (full 1):
 par new generation   total 109248K, used 10459K [0x00000000e0000000, 0x00000000e8000000, 0x00000000e8000000)
  eden space 87424K,   0% used [0x00000000e0000000, 0x00000000e0000000, 0x00000000e5560000)
  from space 21824K,  47% used [0x00000000e6ab0000, 0x00000000e74e6f98, 0x00000000e8000000)
  to   space 21824K,   0% used [0x00000000e5560000, 0x00000000e5560000, 0x00000000e6ab0000)
 concurrent mark-sweep generation total 393216K, used 0K [0x00000000e8000000, 0x0000000100000000, 0x0000000100000000)
 Metaspace       used 21257K, capacity 21628K, committed 21884K, reserved 1069056K
  class space    used 2447K, capacity 2603K, committed 2684K, reserved 1048576K
}
2017-03-23T09:11:32.429+0100: 2,777: [Rescan (parallel) , 0,0035284 secs]2017-03-23T09:11:32.433+0100: 2,780: [weak refs processing, 0,0011145 secs]2017-03-23T09:11:32.434+0100: 2,781: [class unloading, 0,0028999 secs]2017-03-23T09:11:32.437+0100: 2,784: [scrub symbol table, 0,0025341 secs]2017-03-23T09:11:32.439+0100: 2,787: [scrub string table, 0,0003678 secs][1 CMS-remark: 0K(393216K)] 10459K(502464K), 0,0217991 secs] [Times: user=0,06 sys=0,00, real=0,02 secs] 
2017-03-23T09:11:32.440+0100: 2,788: Total time for which application threads were stopped: 0,0225608 seconds, Stopping threads took: 0,0006556 seconds
2017-03-23T09:11:32.444+0100: 2,792: [CMS-concurrent-sweep-start]
2017-03-23T09:11:32.444+0100: 2,792: [CMS-concurrent-sweep: 0,000/0,000 secs] [Times: user=0,00 sys=0,00, real=0,00 secs] 
2017-03-23T09:11:32.445+0100: 2,792: [CMS-concurrent-reset-start]
2017-03-23T09:11:32.446+0100: 2,794: [CMS-concurrent-reset: 0,002/0,002 secs] [Times: user=0,01 sys=0,01, real=0,00 secs] 
{Heap before GC invocations=5 (full 1):
 par new generation   total 109248K, used 97883K [0x00000000e0000000, 0x00000000e8000000, 0x00000000e8000000)
  eden space 87424K, 100% used [0x00000000e0000000, 0x00000000e5560000, 0x00000000e5560000)
  from space 21824K,  47% used [0x00000000e6ab0000, 0x00000000e74e6f98, 0x00000000e8000000)
  to   space 21824K,   0% used [0x00000000e5560000, 0x00000000e5560000, 0x00000000e6ab0000)
 concurrent mark-sweep generation total 393216K, used 0K [0x00000000e8000000, 0x0000000100000000, 0x0000000100000000)
 Metaspace       used 21431K, capacity 21800K, committed 21884K, reserved 1069056K
  class space    used 2469K, capacity 2637K, committed 2684K, reserved 1048576K
2017-03-23T09:11:32.551+0100: 2,898: [GC (Allocation Failure) 2017-03-23T09:11:32.551+0100: 2,898: [ParNew
Desired survivor size 20112992 bytes, new threshold 8 (max 8)
- age   1:     465024 bytes,     465024 total
- age   2:      13288 bytes,     478312 total
- age   3:     181024 bytes,     659336 total
- age   4:    1472512 bytes,    2131848 total
- age   5:     827768 bytes,    2959616 total
- age   6:    6644568 bytes,    9604184 total
: 97883K->14742K(109248K), 0,0115691 secs] 97883K->14742K(502464K), 0,0116512 secs] [Times: user=0,04 sys=0,00, real=0,01 secs] 
Heap after GC invocations=6 (full 1):
 par new generation   total 109248K, used 14742K [0x00000000e0000000, 0x00000000e8000000, 0x00000000e8000000)
  eden space 87424K,   0% used [0x00000000e0000000, 0x00000000e0000000, 0x00000000e5560000)
  from space 21824K,  67% used [0x00000000e5560000, 0x00000000e63c5838, 0x00000000e6ab0000)
  to   space 21824K,   0% used [0x00000000e6ab0000, 0x00000000e6ab0000, 0x00000000e8000000)
 concurrent mark-sweep generation total 393216K, used 0K [0x00000000e8000000, 0x0000000100000000, 0x0000000100000000)
 Metaspace       used 21431K, capacity 21800K, committed 21884K, reserved 1069056K
  class space    used 2469K, capacity 2637K, committed 2684K, reserved 1048576K
}
2017-03-23T09:11:32.563+0100: 2,910: Total time for which application threads were stopped: 0,0121334 seconds, Stopping threads took: 0,0003389 seconds
2017-03-23T09:11:32.589+0100: 2,936: Total time for which application threads were stopped: 0,0003383 seconds, Stopping threads took: 0,0000222 seconds
2017-03-23T09:11:32.806+0100: 3,153: Total time for which application threads were stopped: 0,0005141 seconds, Stopping threads took: 0,0000603 seconds
2017-03-23T09:11:32.830+0100: 3,178: Total time for which application threads were stopped: 0,0004815 seconds, Stopping threads took: 0,0000442 seconds
{Heap before GC invocations=6 (full 1):
 par new generation   total 109248K, used 102166K [0x00000000e0000000, 0x00000000e8000000, 0x00000000e8000000)
  eden space 87424K, 100% used [0x00000000e0000000, 0x00000000e5560000, 0x00000000e5560000)
  from space 21824K,  67% used [0x00000000e5560000, 0x00000000e63c5838, 0x00000000e6ab0000)
  to   space 21824K,   0% used [0x00000000e6ab0000, 0x00000000e6ab0000, 0x00000000e8000000)
 concurrent mark-sweep generation total 393216K, used 0K [0x00000000e8000000, 0x0000000100000000, 0x0000000100000000)
 Metaspace       used 23877K, capacity 24328K, committed 24572K, reserved 1071104K
  class space    used 2808K, capacity 3011K, committed 3068K, reserved 1048576K
2017-03-23T09:11:32.992+0100: 3,339: [GC (Allocation Failure) 2017-03-23T09:11:32.992+0100: 3,339: [ParNew
Desired survivor size 20112992 bytes, new threshold 8 (max 8)
- age   1:    5380840 bytes,    5380840 total
- age   2:     128416 bytes,    5509256 total
- age   3:      13232 bytes,    5522488 total
- age   4:     179928 bytes,    5702416 total
- age   5:     295360 bytes,    5997776 total
- age   6:     803504 bytes,    6801280 total
- age   7:    6636136 bytes,   13437416 total
: 102166K->15577K(109248K), 0,0146180 secs] 102166K->15577K(502464K), 0,0147088 secs] [Times: user=0,05 sys=0,00, real=0,02 secs] 
Heap after GC invocations=7 (full 1):
 par new generation   total 109248K, used 15577K [0x00000000e0000000, 0x00000000e8000000, 0x00000000e8000000)
  eden space 87424K,   0% used [0x00000000e0000000, 0x00000000e0000000, 0x00000000e5560000)
  from space 21824K,  71% used [0x00000000e6ab0000, 0x00000000e79e6610, 0x00000000e8000000)
  to   space 21824K,   0% used [0x00000000e5560000, 0x00000000e5560000, 0x00000000e6ab0000)
 concurrent mark-sweep generation total 393216K, used 0K [0x00000000e8000000, 0x0000000100000000, 0x0000000100000000)
 Metaspace       used 23877K, capacity 24328K, committed 24572K, reserved 1071104K
  class space    used 2808K, capacity 3011K, committed 3068K, reserved 1048576K
}
2017-03-23T09:11:33.007+0100: 3,354: Total time for which application threads were stopped: 0,0150762 seconds, Stopping threads took: 0,0000971 seconds
{Heap before GC invocations=7 (full 1):
 par new generation   total 109248K, used 103001K [0x00000000e0000000, 0x00000000e8000000, 0x00000000e8000000)
  eden space 87424K, 100% used [0x00000000e0000000, 0x00000000e5560000, 0x00000000e5560000)
  from space 21824K,  71% used [0x00000000e6ab0000, 0x00000000e79e6610, 0x00000000e8000000)
  to   space 21824K,   0% used [0x00000000e5560000, 0x00000000e5560000, 0x00000000e6ab0000)
 concurrent mark-sweep generation total 393216K, used 0K [0x00000000e8000000, 0x0000000100000000, 0x0000000100000000)
 Metaspace       used 24484K, capacity 24948K, committed 25084K, reserved 1071104K
  class space    used 2863K, capacity 3045K, committed 3068K, reserved 1048576K
2017-03-23T09:11:33.121+0100: 3,469: [GC (Allocation Failure) 2017-03-23T09:11:33.121+0100: 3,469: [ParNew
Desired survivor size 20112992 bytes, new threshold 8 (max 8)
- age   1:    1873712 bytes,    1873712 total
- age   2:    1843328 bytes,    3717040 total
- age   3:      59480 bytes,    3776520 total
- age   4:       2824 bytes,    3779344 total
- age   5:     100120 bytes,    3879464 total
- age   6:     197416 bytes,    4076880 total
- age   7:     762040 bytes,    4838920 total
- age   8:    6101568 bytes,   10940488 total
: 103001K->19170K(109248K), 0,0117040 secs] 103001K->19170K(502464K), 0,0117903 secs] [Times: user=0,05 sys=0,00, real=0,01 secs] 
Heap after GC invocations=8 (full 1):
 par new generation   total 109248K, used 19170K [0x00000000e0000000, 0x00000000e8000000, 0x00000000e8000000)
  eden space 87424K,   0% used [0x00000000e0000000, 0x00000000e0000000, 0x00000000e5560000)
  from space 21824K,  87% used [0x00000000e5560000, 0x00000000e68189b8, 0x00000000e6ab0000)
  to   space 21824K,   0% used [0x00000000e6ab0000, 0x00000000e6ab0000, 0x00000000e8000000)
 concurrent mark-sweep generation total 393216K, used 0K [0x00000000e8000000, 0x0000000100000000, 0x0000000100000000)
 Metaspace       used 24484K, capacity 24948K, committed 25084K, reserved 1071104K
  class space    used 2863K, capacity 3045K, committed 3068K, reserved 1048576K
}
2017-03-23T09:11:33.133+0100: 3,480: Total time for which application threads were stopped: 0,0120461 seconds, Stopping threads took: 0,0000864 seconds
{Heap before GC invocations=8 (full 1):
 par new generation   total 109248K, used 106594K [0x00000000e0000000, 0x00000000e8000000, 0x00000000e8000000)
  eden space 87424K, 100% used [0x00000000e0000000, 0x00000000e5560000, 0x00000000e5560000)
  from space 21824K,  87% used [0x00000000e5560000, 0x00000000e68189b8, 0x00000000e6ab0000)
  to   space 21824K,   0% used [0x00000000e6ab0000, 0x00000000e6ab0000, 0x00000000e8000000)
 concurrent mark-sweep generation total 393216K, used 0K [0x00000000e8000000, 0x0000000100000000, 0x0000000100000000)
 Metaspace       used 24940K, capacity 25460K, committed 25724K, reserved 1071104K
  class space    used 2903K, capacity 3083K, committed 3196K, reserved 1048576K
2017-03-23T09:11:33.220+0100: 3,568: [GC (Allocation Failure) 2017-03-23T09:11:33.220+0100: 3,568: [ParNew
Desired survivor size 20112992 bytes, new threshold 8 (max 8)
- age   1:    1196944 bytes,    1196944 total
- age   2:     994776 bytes,    2191720 total
- age   3:    1832680 bytes,    4024400 total
- age   4:      59448 bytes,    4083848 total
- age   5:       2824 bytes,    4086672 total
- age   6:      97376 bytes,    4184048 total
- age   7:     194152 bytes,    4378200 total
- age   8:     760504 bytes,    5138704 total
: 106594K->6762K(109248K), 0,0292716 secs] 106594K->12803K(502464K), 0,0293385 secs] [Times: user=0,10 sys=0,00, real=0,03 secs] 
Heap after GC invocations=9 (full 1):
 par new generation   total 109248K, used 6762K [0x00000000e0000000, 0x00000000e8000000, 0x00000000e8000000)
  eden space 87424K,   0% used [0x00000000e0000000, 0x00000000e0000000, 0x00000000e5560000)
  from space 21824K,  30% used [0x00000000e6ab0000, 0x00000000e714a848, 0x00000000e8000000)
  to   space 21824K,   0% used [0x00000000e5560000, 0x00000000e5560000, 0x00000000e6ab0000)
 concurrent mark-sweep generation total 393216K, used 6041K [0x00000000e8000000, 0x0000000100000000, 0x0000000100000000)
 Metaspace       used 24940K, capacity 25460K, committed 25724K, reserved 1071104K
  class space    used 2903K, capacity 3083K, committed 3196K, reserved 1048576K
}
2017-03-23T09:11:33.249+0100: 3,597: Total time for which application threads were stopped: 0,0297373 seconds, Stopping threads took: 0,0002421 seconds
2017-03-23T09:11:33.498+0100: 3,846: Total time for which application threads were stopped: 0,0005918 seconds, Stopping threads took: 0,0001314 seconds
2017-03-23T09:11:33.515+0100: 3,863: Total time for which application threads were stopped: 0,0004705 seconds, Stopping threads took: 0,0000359 seconds
2017-03-23T09:11:33.583+0100: 3,931: Total time for which application threads were stopped: 0,0004130 seconds, Stopping threads took: 0,0000213 seconds
2017-03-23T09:11:33.669+0100: 4,017: Total time for which application threads were stopped: 0,0004436 seconds, Stopping threads took: 0,0000250 seconds
2017-03-23T09:11:33.713+0100: 4,060: Total time for which application threads were stopped: 0,0004585 seconds, Stopping threads took: 0,0000248 seconds
2017-03-23T09:12:01.721+0100: 32,069: Total time for which application threads were stopped: 0,0000708 seconds, Stopping threads took: 0,0000177 seconds
2017-03-23T09:13:01.730+0100: 92,077: Total time for which application threads were stopped: 0,0001349 seconds, Stopping threads took: 0,0000368 seconds
2017-03-23T09:13:26.733+0100: 117,081: Total time for which application threads were stopped: 0,0001568 seconds, Stopping threads took: 0,0000636 seconds
2017-03-23T09:13:31.734+0100: 122,081: Total time for which application threads were stopped: 0,0000695 seconds, Stopping threads took: 0,0000179 seconds
2017-03-23T09:16:06.748+0100: 277,095: Total time for which application threads were stopped: 0,0000907 seconds, Stopping threads took: 0,0000375 seconds
2017-03-23T09:35:00.854+0100: 1411,201: Total time for which application threads were stopped: 0,0000855 seconds, Stopping threads took: 0,0000343 seconds
2017-03-23T09:38:11.872+0100: 1602,220: Total time for which application threads were stopped: 0,0000912 seconds, Stopping threads took: 0,0000348 seconds
2017-03-23T09:39:25.880+0100: 1676,227: Total time for which application threads were stopped: 0,0000795 seconds, Stopping threads took: 0,0000301 seconds
2017-03-23T09:39:30.880+0100: 1681,228: Total time for which application threads were stopped: 0,0000652 seconds, Stopping threads took: 0,0000142 seconds
2017-03-23T09:42:25.899+0100: 1856,246: Total time for which application threads were stopped: 0,0001779 seconds, Stopping threads took: 0,0000811 seconds
2017-03-23T09:48:25.937+0100: 2216,284: Total time for which application threads were stopped: 0,0000866 seconds, Stopping threads took: 0,0000315 seconds
2017-03-23T09:49:50.945+0100: 2301,292: Total time for which application threads were stopped: 0,0001147 seconds, Stopping threads took: 0,0000419 seconds
2017-03-23T09:49:51.945+0100: 2302,292: Total time for which application threads were stopped: 0,0001068 seconds, Stopping threads took: 0,0000250 seconds
2017-03-23T09:49:55.945+0100: 2306,293: Total time for which application threads were stopped: 0,0000819 seconds, Stopping threads took: 0,0000178 seconds
2017-03-23T09:50:11.947+0100: 2322,295: Total time for which application threads were stopped: 0,0006168 seconds, Stopping threads took: 0,0001881 seconds
2017-03-23T09:54:01.969+0100: 2552,317: Total time for which application threads were stopped: 0,0000789 seconds, Stopping threads took: 0,0000272 seconds
2017-03-23T10:01:31.017+0100: 3001,365: Total time for which application threads were stopped: 0,0000971 seconds, Stopping threads took: 0,0000282 seconds
2017-03-23T10:04:42.036+0100: 3192,384: Total time for which application threads were stopped: 0,0000797 seconds, Stopping threads took: 0,0000297 seconds
2017-03-23T10:04:47.037+0100: 3197,384: Total time for which application threads were stopped: 0,0001139 seconds, Stopping threads took: 0,0000386 seconds
2017-03-23T10:05:31.042+0100: 3241,390: Total time for which application threads were stopped: 0,0006878 seconds, Stopping threads took: 0,0002049 seconds
2017-03-23T10:16:16.108+0100: 3886,456: Total time for which application threads were stopped: 0,0001816 seconds, Stopping threads took: 0,0000557 seconds
2017-03-23T10:29:32.192+0100: 4682,539: Total time for which application threads were stopped: 0,0003284 seconds, Stopping threads took: 0,0001646 seconds
2017-03-23T10:57:37.368+0100: 6367,715: Total time for which application threads were stopped: 0,0000856 seconds, Stopping threads took: 0,0000338 seconds
2017-03-23T11:14:31.474+0100: 7381,821: Total time for which application threads were stopped: 0,0001616 seconds, Stopping threads took: 0,0000598 seconds
2017-03-23T11:19:31.510+0100: 7681,858: Total time for which application threads were stopped: 0,0001609 seconds, Stopping threads took: 0,0000564 seconds
2017-03-23T11:20:01.514+0100: 7711,862: Total time for which application threads were stopped: 0,0000894 seconds, Stopping threads took: 0,0000363 seconds
{Heap before GC invocations=9 (full 1):
 par new generation   total 109248K, used 94186K [0x00000000e0000000, 0x00000000e8000000, 0x00000000e8000000)
  eden space 87424K, 100% used [0x00000000e0000000, 0x00000000e5560000, 0x00000000e5560000)
  from space 21824K,  30% used [0x00000000e6ab0000, 0x00000000e714a848, 0x00000000e8000000)
  to   space 21824K,   0% used [0x00000000e5560000, 0x00000000e5560000, 0x00000000e6ab0000)
 concurrent mark-sweep generation total 393216K, used 6041K [0x00000000e8000000, 0x0000000100000000, 0x0000000100000000)
 Metaspace       used 28111K, capacity 28644K, committed 28796K, reserved 1075200K
  class space    used 3216K, capacity 3391K, committed 3452K, reserved 1048576K
2017-03-23T12:16:56.349+0100: 11126,696: [GC (Allocation Failure) 2017-03-23T12:16:56.349+0100: 11126,696: [ParNew
Desired survivor size 20112992 bytes, new threshold 8 (max 8)
- age   1:   10798792 bytes,   10798792 total
- age   2:     245536 bytes,   11044328 total
- age   3:     213472 bytes,   11257800 total
- age   4:    1827872 bytes,   13085672 total
- age   5:      59448 bytes,   13145120 total
- age   6:       2824 bytes,   13147944 total
- age   7:      97248 bytes,   13245192 total
- age   8:     194056 bytes,   13439248 total
: 94186K->14560K(109248K), 0,0906928 secs] 100227K->21440K(502464K), 0,0907795 secs] [Times: user=0,04 sys=0,00, real=0,09 secs] 
Heap after GC invocations=10 (full 1):
 par new generation   total 109248K, used 14560K [0x00000000e0000000, 0x00000000e8000000, 0x00000000e8000000)
  eden space 87424K,   0% used [0x00000000e0000000, 0x00000000e0000000, 0x00000000e5560000)
  from space 21824K,  66% used [0x00000000e5560000, 0x00000000e6398258, 0x00000000e6ab0000)
  to   space 21824K,   0% used [0x00000000e6ab0000, 0x00000000e6ab0000, 0x00000000e8000000)
 concurrent mark-sweep generation total 393216K, used 6879K [0x00000000e8000000, 0x0000000100000000, 0x0000000100000000)
 Metaspace       used 28111K, capacity 28644K, committed 28796K, reserved 1075200K
  class space    used 3216K, capacity 3391K, committed 3452K, reserved 1048576K
}
2017-03-23T12:16:56.440+0100: 11126,787: Total time for which application threads were stopped: 0,0909573 seconds, Stopping threads took: 0,0000215 seconds
2017-03-23T12:16:56.482+0100: 11126,830: Total time for which application threads were stopped: 0,0001458 seconds, Stopping threads took: 0,0000192 seconds
Heap
 par new generation   total 109248K, used 24830K [0x00000000e0000000, 0x00000000e8000000, 0x00000000e8000000)
  eden space 87424K,  11% used [0x00000000e0000000, 0x00000000e0a07988, 0x00000000e5560000)
  from space 21824K,  66% used [0x00000000e5560000, 0x00000000e6398258, 0x00000000e6ab0000)
  to   space 21824K,   0% used [0x00000000e6ab0000, 0x00000000e6ab0000, 0x00000000e8000000)
 concurrent mark-sweep generation total 393216K, used 6879K [0x00000000e8000000, 0x0000000100000000, 0x0000000100000000)
 Metaspace       used 28202K, capacity 28748K, committed 29052K, reserved 1075200K
  class space    used 3229K, capacity 3425K, committed 3452K, reserved 1048576K
