OpenJDK 64-Bit Server VM (25.111-b14) for linux-amd64 JRE (1.8.0_111-8u111-b14-2ubuntu0.16.04.2-b14), built on Oct 27 2016 18:10:19 by "buildd" with gcc 5.4.0 20160609
Memory: 4k page, physical 7867876k(7472656k free), swap 8076284k(8076284k free)
CommandLine flags: -XX:CMSInitiatingOccupancyFraction=50 -XX:CMSMaxAbortablePrecleanTime=6000 -XX:+CMSParallelRemarkEnabled -XX:+CMSScavengeBeforeRemark -XX:ConcGCThreads=4 -XX:InitialHeapSize=536870912 -XX:MaxHeapSize=536870912 -XX:MaxTenuringThreshold=8 -XX:NewRatio=3 -XX:OldPLABSize=16 -XX:OnOutOfMemoryError=/opt/solr/bin/oom_solr.sh 8983 /var/solr/logs -XX:ParallelGCThreads=4 -XX:+ParallelRefProcEnabled -XX:PretenureSizeThreshold=67108864 -XX:+PrintGC -XX:+PrintGCApplicationStoppedTime -XX:+PrintGCDateStamps -XX:+PrintGCDetails -XX:+PrintGCTimeStamps -XX:+PrintHeapAtGC -XX:+PrintTenuringDistribution -XX:SurvivorRatio=4 -XX:TargetSurvivorRatio=90 -XX:ThreadStackSize=256 -XX:+UseCMSInitiatingOccupancyOnly -XX:+UseCompressedClassPointers -XX:+UseCompressedOops -XX:+UseConcMarkSweepGC -XX:+UseParNewGC 
2016-11-12T00:09:03.237+0100: 0,119: Total time for which application threads were stopped: 0,0000687 seconds, Stopping threads took: 0,0000136 seconds
2016-11-12T00:09:03.312+0100: 0,193: Total time for which application threads were stopped: 0,0001232 seconds, Stopping threads took: 0,0000165 seconds
2016-11-12T00:09:03.324+0100: 0,206: Total time for which application threads were stopped: 0,0001006 seconds, Stopping threads took: 0,0000182 seconds
2016-11-12T00:09:03.511+0100: 0,393: Total time for which application threads were stopped: 0,0001580 seconds, Stopping threads took: 0,0000129 seconds
2016-11-12T00:09:03.886+0100: 0,768: Total time for which application threads were stopped: 0,0002026 seconds, Stopping threads took: 0,0000177 seconds
2016-11-12T00:09:03.967+0100: 0,848: Total time for which application threads were stopped: 0,0001995 seconds, Stopping threads took: 0,0000306 seconds
2016-11-12T00:09:04.017+0100: 0,898: Total time for which application threads were stopped: 0,0001762 seconds, Stopping threads took: 0,0000140 seconds
2016-11-12T00:09:04.306+0100: 1,188: Total time for which application threads were stopped: 0,0002395 seconds, Stopping threads took: 0,0000397 seconds
2016-11-12T00:09:04.461+0100: 1,342: Total time for which application threads were stopped: 0,0002033 seconds, Stopping threads took: 0,0000213 seconds
2016-11-12T00:09:04.485+0100: 1,367: Total time for which application threads were stopped: 0,0002825 seconds, Stopping threads took: 0,0000420 seconds
2016-11-12T00:09:04.489+0100: 1,370: Total time for which application threads were stopped: 0,0002196 seconds, Stopping threads took: 0,0000156 seconds
2016-11-12T00:09:04.507+0100: 1,388: Total time for which application threads were stopped: 0,0002151 seconds, Stopping threads took: 0,0000180 seconds
2016-11-12T00:09:04.614+0100: 1,496: Total time for which application threads were stopped: 0,0002296 seconds, Stopping threads took: 0,0000190 seconds
2016-11-12T00:09:04.820+0100: 1,702: Total time for which application threads were stopped: 0,0003093 seconds, Stopping threads took: 0,0000964 seconds
{Heap before GC invocations=0 (full 0):
 par new generation   total 109248K, used 87424K [0x00000000e0000000, 0x00000000e8000000, 0x00000000e8000000)
  eden space 87424K, 100% used [0x00000000e0000000, 0x00000000e5560000, 0x00000000e5560000)
  from space 21824K,   0% used [0x00000000e5560000, 0x00000000e5560000, 0x00000000e6ab0000)
  to   space 21824K,   0% used [0x00000000e6ab0000, 0x00000000e6ab0000, 0x00000000e8000000)
 concurrent mark-sweep generation total 393216K, used 0K [0x00000000e8000000, 0x0000000100000000, 0x0000000100000000)
 Metaspace       used 18352K, capacity 18686K, committed 18944K, reserved 1067008K
  class space    used 2091K, capacity 2226K, committed 2304K, reserved 1048576K
2016-11-12T00:09:05.020+0100: 1,901: [GC (Allocation Failure) 2016-11-12T00:09:05.020+0100: 1,902: [ParNew
Desired survivor size 20112992 bytes, new threshold 8 (max 8)
- age   1:   12579608 bytes,   12579608 total
: 87424K->12392K(109248K), 0,0226614 secs] 87424K->12392K(502464K), 0,0227708 secs] [Times: user=0,06 sys=0,02, real=0,02 secs] 
Heap after GC invocations=1 (full 0):
 par new generation   total 109248K, used 12392K [0x00000000e0000000, 0x00000000e8000000, 0x00000000e8000000)
  eden space 87424K,   0% used [0x00000000e0000000, 0x00000000e0000000, 0x00000000e5560000)
  from space 21824K,  56% used [0x00000000e6ab0000, 0x00000000e76ca2d0, 0x00000000e8000000)
  to   space 21824K,   0% used [0x00000000e5560000, 0x00000000e5560000, 0x00000000e6ab0000)
 concurrent mark-sweep generation total 393216K, used 0K [0x00000000e8000000, 0x0000000100000000, 0x0000000100000000)
 Metaspace       used 18352K, capacity 18686K, committed 18944K, reserved 1067008K
  class space    used 2091K, capacity 2226K, committed 2304K, reserved 1048576K
}
2016-11-12T00:09:05.043+0100: 1,924: Total time for which application threads were stopped: 0,0229637 seconds, Stopping threads took: 0,0000190 seconds
2016-11-12T00:09:05.257+0100: 2,139: Total time for which application threads were stopped: 0,0002565 seconds, Stopping threads took: 0,0000234 seconds
2016-11-12T00:09:05.289+0100: 2,170: Total time for which application threads were stopped: 0,0003064 seconds, Stopping threads took: 0,0000267 seconds
2016-11-12T00:09:05.316+0100: 2,198: Total time for which application threads were stopped: 0,0002986 seconds, Stopping threads took: 0,0000234 seconds
{Heap before GC invocations=1 (full 0):
 par new generation   total 109248K, used 99816K [0x00000000e0000000, 0x00000000e8000000, 0x00000000e8000000)
  eden space 87424K, 100% used [0x00000000e0000000, 0x00000000e5560000, 0x00000000e5560000)
  from space 21824K,  56% used [0x00000000e6ab0000, 0x00000000e76ca2d0, 0x00000000e8000000)
  to   space 21824K,   0% used [0x00000000e5560000, 0x00000000e5560000, 0x00000000e6ab0000)
 concurrent mark-sweep generation total 393216K, used 0K [0x00000000e8000000, 0x0000000100000000, 0x0000000100000000)
 Metaspace       used 20721K, capacity 21020K, committed 21248K, reserved 1069056K
  class space    used 2404K, capacity 2518K, committed 2560K, reserved 1048576K
2016-11-12T00:09:05.484+0100: 2,366: [GC (Allocation Failure) 2016-11-12T00:09:05.484+0100: 2,366: [ParNew
Desired survivor size 20112992 bytes, new threshold 8 (max 8)
- age   1:    2817528 bytes,    2817528 total
- age   2:    6140152 bytes,    8957680 total
: 99816K->11429K(109248K), 0,0162276 secs] 99816K->11429K(502464K), 0,0163190 secs] [Times: user=0,06 sys=0,01, real=0,01 secs] 
Heap after GC invocations=2 (full 0):
 par new generation   total 109248K, used 11429K [0x00000000e0000000, 0x00000000e8000000, 0x00000000e8000000)
  eden space 87424K,   0% used [0x00000000e0000000, 0x00000000e0000000, 0x00000000e5560000)
  from space 21824K,  52% used [0x00000000e5560000, 0x00000000e6089620, 0x00000000e6ab0000)
  to   space 21824K,   0% used [0x00000000e6ab0000, 0x00000000e6ab0000, 0x00000000e8000000)
 concurrent mark-sweep generation total 393216K, used 0K [0x00000000e8000000, 0x0000000100000000, 0x0000000100000000)
 Metaspace       used 20721K, capacity 21020K, committed 21248K, reserved 1069056K
  class space    used 2404K, capacity 2518K, committed 2560K, reserved 1048576K
}
2016-11-12T00:09:05.500+0100: 2,382: Total time for which application threads were stopped: 0,0165510 seconds, Stopping threads took: 0,0000237 seconds
2016-11-12T00:09:05.546+0100: 2,428: Total time for which application threads were stopped: 0,0000831 seconds, Stopping threads took: 0,0000178 seconds
2016-11-12T00:09:05.580+0100: 2,461: Total time for which application threads were stopped: 0,0002674 seconds, Stopping threads took: 0,0000238 seconds
2016-11-12T00:09:05.584+0100: 2,466: Total time for which application threads were stopped: 0,0000882 seconds, Stopping threads took: 0,0000387 seconds
2016-11-12T00:09:05.605+0100: 2,486: Total time for which application threads were stopped: 0,0000768 seconds, Stopping threads took: 0,0000128 seconds
2016-11-12T00:09:05.683+0100: 2,564: Total time for which application threads were stopped: 0,0001706 seconds, Stopping threads took: 0,0000258 seconds
2016-11-12T00:09:05.704+0100: 2,586: Total time for which application threads were stopped: 0,0000871 seconds, Stopping threads took: 0,0000210 seconds
2016-11-12T00:09:05.711+0100: 2,593: Total time for which application threads were stopped: 0,0002724 seconds, Stopping threads took: 0,0000131 seconds
2016-11-12T00:09:05.718+0100: 2,600: Total time for which application threads were stopped: 0,0002717 seconds, Stopping threads took: 0,0000120 seconds
2016-11-12T00:09:05.727+0100: 2,609: Total time for which application threads were stopped: 0,0000945 seconds, Stopping threads took: 0,0000277 seconds
2016-11-12T00:09:05.754+0100: 2,636: Total time for which application threads were stopped: 0,0001061 seconds, Stopping threads took: 0,0000291 seconds
2016-11-12T00:09:05.772+0100: 2,653: Total time for which application threads were stopped: 0,0000765 seconds, Stopping threads took: 0,0000140 seconds
2016-11-12T00:09:05.790+0100: 2,672: Total time for which application threads were stopped: 0,0000732 seconds, Stopping threads took: 0,0000149 seconds
2016-11-12T00:09:05.810+0100: 2,691: Total time for which application threads were stopped: 0,0000891 seconds, Stopping threads took: 0,0000167 seconds
2016-11-12T00:09:05.843+0100: 2,724: Total time for which application threads were stopped: 0,0001226 seconds, Stopping threads took: 0,0000284 seconds
2016-11-12T00:09:05.890+0100: 2,772: Total time for which application threads were stopped: 0,0001103 seconds, Stopping threads took: 0,0000321 seconds
2016-11-12T00:09:05.914+0100: 2,795: Total time for which application threads were stopped: 0,0001152 seconds, Stopping threads took: 0,0000271 seconds
{Heap before GC invocations=2 (full 0):
 par new generation   total 109248K, used 98853K [0x00000000e0000000, 0x00000000e8000000, 0x00000000e8000000)
  eden space 87424K, 100% used [0x00000000e0000000, 0x00000000e5560000, 0x00000000e5560000)
  from space 21824K,  52% used [0x00000000e5560000, 0x00000000e6089620, 0x00000000e6ab0000)
  to   space 21824K,   0% used [0x00000000e6ab0000, 0x00000000e6ab0000, 0x00000000e8000000)
 concurrent mark-sweep generation total 393216K, used 0K [0x00000000e8000000, 0x0000000100000000, 0x0000000100000000)
 Metaspace       used 25087K, capacity 25448K, committed 25612K, reserved 1071104K
  class space    used 2919K, capacity 3057K, committed 3092K, reserved 1048576K
2016-11-12T00:09:05.949+0100: 2,831: [GC (Allocation Failure) 2016-11-12T00:09:05.949+0100: 2,831: [ParNew
Desired survivor size 20112992 bytes, new threshold 8 (max 8)
- age   1:    7040280 bytes,    7040280 total
- age   2:     515456 bytes,    7555736 total
- age   3:    6132552 bytes,   13688288 total
: 98853K->16851K(109248K), 0,0123933 secs] 98853K->16851K(502464K), 0,0124646 secs] [Times: user=0,04 sys=0,00, real=0,01 secs] 
Heap after GC invocations=3 (full 0):
 par new generation   total 109248K, used 16851K [0x00000000e0000000, 0x00000000e8000000, 0x00000000e8000000)
  eden space 87424K,   0% used [0x00000000e0000000, 0x00000000e0000000, 0x00000000e5560000)
  from space 21824K,  77% used [0x00000000e6ab0000, 0x00000000e7b24fd8, 0x00000000e8000000)
  to   space 21824K,   0% used [0x00000000e5560000, 0x00000000e5560000, 0x00000000e6ab0000)
 concurrent mark-sweep generation total 393216K, used 0K [0x00000000e8000000, 0x0000000100000000, 0x0000000100000000)
 Metaspace       used 25087K, capacity 25448K, committed 25612K, reserved 1071104K
  class space    used 2919K, capacity 3057K, committed 3092K, reserved 1048576K
}
2016-11-12T00:09:05.962+0100: 2,843: Total time for which application threads were stopped: 0,0126303 seconds, Stopping threads took: 0,0000303 seconds
2016-11-12T00:09:05.963+0100: 2,845: [GC (CMS Initial Mark) [1 CMS-initial-mark: 0K(393216K)] 18261K(502464K), 0,0045816 secs] [Times: user=0,01 sys=0,00, real=0,00 secs] 
2016-11-12T00:09:05.968+0100: 2,850: Total time for which application threads were stopped: 0,0047171 seconds, Stopping threads took: 0,0000436 seconds
2016-11-12T00:09:05.968+0100: 2,850: [CMS-concurrent-mark-start]
2016-11-12T00:09:05.969+0100: 2,850: Total time for which application threads were stopped: 0,0001268 seconds, Stopping threads took: 0,0000245 seconds
2016-11-12T00:09:05.970+0100: 2,852: [CMS-concurrent-mark: 0,001/0,002 secs] [Times: user=0,01 sys=0,00, real=0,00 secs] 
2016-11-12T00:09:05.970+0100: 2,852: [CMS-concurrent-preclean-start]
2016-11-12T00:09:05.971+0100: 2,853: [CMS-concurrent-preclean: 0,001/0,001 secs] [Times: user=0,00 sys=0,00, real=0,00 secs] 
2016-11-12T00:09:05.972+0100: 2,853: [GC (CMS Final Remark) [YG occupancy: 18261 K (109248 K)]{Heap before GC invocations=3 (full 1):
 par new generation   total 109248K, used 18261K [0x00000000e0000000, 0x00000000e8000000, 0x00000000e8000000)
  eden space 87424K,   1% used [0x00000000e0000000, 0x00000000e01606d8, 0x00000000e5560000)
  from space 21824K,  77% used [0x00000000e6ab0000, 0x00000000e7b24fd8, 0x00000000e8000000)
  to   space 21824K,   0% used [0x00000000e5560000, 0x00000000e5560000, 0x00000000e6ab0000)
 concurrent mark-sweep generation total 393216K, used 0K [0x00000000e8000000, 0x0000000100000000, 0x0000000100000000)
 Metaspace       used 25108K, capacity 25512K, committed 25868K, reserved 1073152K
  class space    used 2923K, capacity 3057K, committed 3092K, reserved 1048576K
2016-11-12T00:09:05.972+0100: 2,853: [GC (CMS Final Remark) 2016-11-12T00:09:05.972+0100: 2,853: [ParNew
Desired survivor size 20112992 bytes, new threshold 8 (max 8)
- age   1:      17768 bytes,      17768 total
- age   2:    3369664 bytes,    3387432 total
- age   3:     515456 bytes,    3902888 total
- age   4:    6131072 bytes,   10033960 total
: 18261K->16982K(109248K), 0,0103300 secs] 18261K->16982K(502464K), 0,0103787 secs] [Times: user=0,04 sys=0,00, real=0,01 secs] 
Heap after GC invocations=4 (full 1):
 par new generation   total 109248K, used 16982K [0x00000000e0000000, 0x00000000e8000000, 0x00000000e8000000)
  eden space 87424K,   0% used [0x00000000e0000000, 0x00000000e0000000, 0x00000000e5560000)
  from space 21824K,  77% used [0x00000000e5560000, 0x00000000e65f5ba0, 0x00000000e6ab0000)
  to   space 21824K,   0% used [0x00000000e6ab0000, 0x00000000e6ab0000, 0x00000000e8000000)
 concurrent mark-sweep generation total 393216K, used 0K [0x00000000e8000000, 0x0000000100000000, 0x0000000100000000)
 Metaspace       used 25108K, capacity 25512K, committed 25868K, reserved 1073152K
  class space    used 2923K, capacity 3057K, committed 3092K, reserved 1048576K
}
2016-11-12T00:09:05.982+0100: 2,864: [Rescan (parallel) , 0,0039744 secs]2016-11-12T00:09:05.986+0100: 2,868: [weak refs processing, 0,0006277 secs]2016-11-12T00:09:05.987+0100: 2,868: [class unloading, 0,0032413 secs]2016-11-12T00:09:05.990+0100: 2,872: [scrub symbol table, 0,0039466 secs]2016-11-12T00:09:05.994+0100: 2,876: [scrub string table, 0,0003763 secs][1 CMS-remark: 0K(393216K)] 16982K(502464K), 0,0232411 secs] [Times: user=0,06 sys=0,00, real=0,03 secs] 
2016-11-12T00:09:05.995+0100: 2,877: Total time for which application threads were stopped: 0,0234505 seconds, Stopping threads took: 0,0001291 seconds
2016-11-12T00:09:05.995+0100: 2,877: [CMS-concurrent-sweep-start]
2016-11-12T00:09:05.995+0100: 2,877: [CMS-concurrent-sweep: 0,000/0,000 secs] [Times: user=0,00 sys=0,00, real=0,00 secs] 
2016-11-12T00:09:05.995+0100: 2,877: [CMS-concurrent-reset-start]
2016-11-12T00:09:05.997+0100: 2,879: [CMS-concurrent-reset: 0,002/0,002 secs] [Times: user=0,01 sys=0,00, real=0,00 secs] 
2016-11-12T00:09:06.046+0100: 2,928: Total time for which application threads were stopped: 0,0004086 seconds, Stopping threads took: 0,0000269 seconds
2016-11-12T00:09:06.062+0100: 2,944: Total time for which application threads were stopped: 0,0004067 seconds, Stopping threads took: 0,0000293 seconds
2016-11-12T00:09:07.062+0100: 3,944: Total time for which application threads were stopped: 0,0000879 seconds, Stopping threads took: 0,0000165 seconds
2016-11-12T00:09:07.171+0100: 4,053: Total time for which application threads were stopped: 0,0003136 seconds, Stopping threads took: 0,0000173 seconds
2016-11-12T00:11:45.205+0100: 162,086: Total time for which application threads were stopped: 0,0000769 seconds, Stopping threads took: 0,0000313 seconds
2016-11-12T00:11:50.206+0100: 167,087: Total time for which application threads were stopped: 0,0004034 seconds, Stopping threads took: 0,0001180 seconds
2016-11-12T00:12:04.207+0100: 181,089: Total time for which application threads were stopped: 0,0000727 seconds, Stopping threads took: 0,0000316 seconds
2016-11-12T00:12:35.210+0100: 212,092: Total time for which application threads were stopped: 0,0000770 seconds, Stopping threads took: 0,0000321 seconds
2016-11-12T00:12:40.211+0100: 217,092: Total time for which application threads were stopped: 0,0000588 seconds, Stopping threads took: 0,0000157 seconds
2016-11-12T00:13:05.213+0100: 242,094: Total time for which application threads were stopped: 0,0000732 seconds, Stopping threads took: 0,0000309 seconds
2016-11-12T00:13:19.214+0100: 256,095: Total time for which application threads were stopped: 0,0000608 seconds, Stopping threads took: 0,0000177 seconds
2016-11-12T00:13:24.214+0100: 261,096: Total time for which application threads were stopped: 0,0001042 seconds, Stopping threads took: 0,0000381 seconds
2016-11-12T00:13:39.215+0100: 276,097: Total time for which application threads were stopped: 0,0000803 seconds, Stopping threads took: 0,0000224 seconds
2016-11-12T00:13:50.217+0100: 287,098: Total time for which application threads were stopped: 0,0000771 seconds, Stopping threads took: 0,0000281 seconds
2016-11-12T00:14:00.218+0100: 297,099: Total time for which application threads were stopped: 0,0000629 seconds, Stopping threads took: 0,0000147 seconds
2016-11-12T00:14:25.220+0100: 322,101: Total time for which application threads were stopped: 0,0001136 seconds, Stopping threads took: 0,0000382 seconds
2016-11-12T00:30:55.306+0100: 1312,188: Total time for which application threads were stopped: 0,0000737 seconds, Stopping threads took: 0,0000305 seconds
2016-11-12T00:33:04.321+0100: 1441,203: Total time for which application threads were stopped: 0,0000758 seconds, Stopping threads took: 0,0000289 seconds
2016-11-12T00:37:14.347+0100: 1691,229: Total time for which application threads were stopped: 0,0000693 seconds, Stopping threads took: 0,0000264 seconds
2016-11-12T00:48:49.426+0100: 2386,307: Total time for which application threads were stopped: 0,0000850 seconds, Stopping threads took: 0,0000342 seconds
2016-11-12T00:48:50.426+0100: 2387,308: Total time for which application threads were stopped: 0,0000695 seconds, Stopping threads took: 0,0000207 seconds
2016-11-12T01:04:12.547+0100: 3309,429: Total time for which application threads were stopped: 0,0013100 seconds, Stopping threads took: 0,0012297 seconds
2016-11-12T01:04:12.553+0100: 3309,434: Total time for which application threads were stopped: 0,0001398 seconds, Stopping threads took: 0,0000195 seconds
Heap
 par new generation   total 109248K, used 62270K [0x00000000e0000000, 0x00000000e8000000, 0x00000000e8000000)
  eden space 87424K,  51% used [0x00000000e0000000, 0x00000000e2c39d80, 0x00000000e5560000)
  from space 21824K,  77% used [0x00000000e5560000, 0x00000000e65f5ba0, 0x00000000e6ab0000)
  to   space 21824K,   0% used [0x00000000e6ab0000, 0x00000000e6ab0000, 0x00000000e8000000)
 concurrent mark-sweep generation total 393216K, used 0K [0x00000000e8000000, 0x0000000100000000, 0x0000000100000000)
 Metaspace       used 27243K, capacity 27732K, committed 27916K, reserved 1073152K
  class space    used 3169K, capacity 3321K, committed 3348K, reserved 1048576K
