OpenJDK 64-Bit Server VM (25.131-b11) for linux-amd64 JRE (1.8.0_131-8u131-b11-0ubuntu1.16.04.2-b11), built on May  6 2017 02:45:27 by "buildd" with gcc 5.4.0 20160609
Memory: 4k page, physical 7867740k(7463096k free), swap 8076284k(8076284k free)
CommandLine flags: -XX:CMSInitiatingOccupancyFraction=50 -XX:CMSMaxAbortablePrecleanTime=6000 -XX:+CMSParallelRemarkEnabled -XX:+CMSScavengeBeforeRemark -XX:ConcGCThreads=4 -XX:InitialHeapSize=536870912 -XX:MaxHeapSize=536870912 -XX:MaxTenuringThreshold=8 -XX:NewRatio=3 -XX:OldPLABSize=16 -XX:OnOutOfMemoryError=/opt/solr/bin/oom_solr.sh 8983 /var/solr/logs -XX:ParallelGCThreads=4 -XX:+ParallelRefProcEnabled -XX:PretenureSizeThreshold=67108864 -XX:+PrintGC -XX:+PrintGCApplicationStoppedTime -XX:+PrintGCDateStamps -XX:+PrintGCDetails -XX:+PrintGCTimeStamps -XX:+PrintHeapAtGC -XX:+PrintTenuringDistribution -XX:SurvivorRatio=4 -XX:TargetSurvivorRatio=90 -XX:ThreadStackSize=256 -XX:+UseCMSInitiatingOccupancyOnly -XX:+UseCompressedClassPointers -XX:+UseCompressedOops -XX:+UseConcMarkSweepGC -XX:+UseParNewGC 
2017-07-09T11:02:59.951+0200: 0,189: Total time for which application threads were stopped: 0,0000748 seconds, Stopping threads took: 0,0000101 seconds
2017-07-09T11:03:00.049+0200: 0,288: Total time for which application threads were stopped: 0,0000916 seconds, Stopping threads took: 0,0000165 seconds
2017-07-09T11:03:00.072+0200: 0,310: Total time for which application threads were stopped: 0,0001133 seconds, Stopping threads took: 0,0000292 seconds
2017-07-09T11:03:00.371+0200: 0,609: Total time for which application threads were stopped: 0,0001483 seconds, Stopping threads took: 0,0000166 seconds
2017-07-09T11:03:00.816+0200: 1,054: Total time for which application threads were stopped: 0,0001389 seconds, Stopping threads took: 0,0000224 seconds
2017-07-09T11:03:00.914+0200: 1,152: Total time for which application threads were stopped: 0,0001332 seconds, Stopping threads took: 0,0000156 seconds
2017-07-09T11:03:00.949+0200: 1,188: Total time for which application threads were stopped: 0,0001316 seconds, Stopping threads took: 0,0000125 seconds
2017-07-09T11:03:01.288+0200: 1,526: Total time for which application threads were stopped: 0,0001606 seconds, Stopping threads took: 0,0000110 seconds
2017-07-09T11:03:01.567+0200: 1,805: Total time for which application threads were stopped: 0,0002197 seconds, Stopping threads took: 0,0000122 seconds
2017-07-09T11:03:01.590+0200: 1,828: Total time for which application threads were stopped: 0,0001960 seconds, Stopping threads took: 0,0000154 seconds
2017-07-09T11:03:01.635+0200: 1,873: Total time for which application threads were stopped: 0,0002380 seconds, Stopping threads took: 0,0000340 seconds
2017-07-09T11:03:01.636+0200: 1,874: Total time for which application threads were stopped: 0,0002293 seconds, Stopping threads took: 0,0000613 seconds
2017-07-09T11:03:01.657+0200: 1,895: Total time for which application threads were stopped: 0,0001788 seconds, Stopping threads took: 0,0000163 seconds
2017-07-09T11:03:01.737+0200: 1,976: Total time for which application threads were stopped: 0,0002364 seconds, Stopping threads took: 0,0000290 seconds
2017-07-09T11:03:01.908+0200: 2,146: Total time for which application threads were stopped: 0,0002525 seconds, Stopping threads took: 0,0000356 seconds
{Heap before GC invocations=0 (full 0):
 par new generation   total 109248K, used 87424K [0x00000000e0000000, 0x00000000e8000000, 0x00000000e8000000)
  eden space 87424K, 100% used [0x00000000e0000000, 0x00000000e5560000, 0x00000000e5560000)
  from space 21824K,   0% used [0x00000000e5560000, 0x00000000e5560000, 0x00000000e6ab0000)
  to   space 21824K,   0% used [0x00000000e6ab0000, 0x00000000e6ab0000, 0x00000000e8000000)
 concurrent mark-sweep generation total 393216K, used 0K [0x00000000e8000000, 0x0000000100000000, 0x0000000100000000)
 Metaspace       used 17808K, capacity 18112K, committed 18304K, reserved 1064960K
  class space    used 2024K, capacity 2164K, committed 2176K, reserved 1048576K
2017-07-09T11:03:01.941+0200: 2,180: [GC (Allocation Failure) 2017-07-09T11:03:01.942+0200: 2,180: [ParNew
Desired survivor size 20112992 bytes, new threshold 8 (max 8)
- age   1:   11558072 bytes,   11558072 total
: 87424K->11396K(109248K), 0,0141713 secs] 87424K->11396K(502464K), 0,0142517 secs] [Times: user=0,02 sys=0,03, real=0,01 secs] 
Heap after GC invocations=1 (full 0):
 par new generation   total 109248K, used 11396K [0x00000000e0000000, 0x00000000e8000000, 0x00000000e8000000)
  eden space 87424K,   0% used [0x00000000e0000000, 0x00000000e0000000, 0x00000000e5560000)
  from space 21824K,  52% used [0x00000000e6ab0000, 0x00000000e75d1130, 0x00000000e8000000)
  to   space 21824K,   0% used [0x00000000e5560000, 0x00000000e5560000, 0x00000000e6ab0000)
 concurrent mark-sweep generation total 393216K, used 0K [0x00000000e8000000, 0x0000000100000000, 0x0000000100000000)
 Metaspace       used 17808K, capacity 18112K, committed 18304K, reserved 1064960K
  class space    used 2024K, capacity 2164K, committed 2176K, reserved 1048576K
}
2017-07-09T11:03:01.956+0200: 2,194: Total time for which application threads were stopped: 0,0144388 seconds, Stopping threads took: 0,0000427 seconds
2017-07-09T11:03:02.334+0200: 2,573: Total time for which application threads were stopped: 0,0028111 seconds, Stopping threads took: 0,0024284 seconds
{Heap before GC invocations=1 (full 0):
 par new generation   total 109248K, used 98820K [0x00000000e0000000, 0x00000000e8000000, 0x00000000e8000000)
  eden space 87424K, 100% used [0x00000000e0000000, 0x00000000e5560000, 0x00000000e5560000)
  from space 21824K,  52% used [0x00000000e6ab0000, 0x00000000e75d1130, 0x00000000e8000000)
  to   space 21824K,   0% used [0x00000000e5560000, 0x00000000e5560000, 0x00000000e6ab0000)
 concurrent mark-sweep generation total 393216K, used 0K [0x00000000e8000000, 0x0000000100000000, 0x0000000100000000)
 Metaspace       used 20050K, capacity 20376K, committed 20736K, reserved 1067008K
  class space    used 2297K, capacity 2474K, committed 2560K, reserved 1048576K
2017-07-09T11:03:02.387+0200: 2,625: [GC (Allocation Failure) 2017-07-09T11:03:02.387+0200: 2,625: [ParNew
Desired survivor size 20112992 bytes, new threshold 8 (max 8)
- age   1:    4235336 bytes,    4235336 total
- age   2:    6115936 bytes,   10351272 total
: 98820K->12694K(109248K), 0,0126861 secs] 98820K->12694K(502464K), 0,0127606 secs] [Times: user=0,04 sys=0,00, real=0,01 secs] 
Heap after GC invocations=2 (full 0):
 par new generation   total 109248K, used 12694K [0x00000000e0000000, 0x00000000e8000000, 0x00000000e8000000)
  eden space 87424K,   0% used [0x00000000e0000000, 0x00000000e0000000, 0x00000000e5560000)
  from space 21824K,  58% used [0x00000000e5560000, 0x00000000e61c5878, 0x00000000e6ab0000)
  to   space 21824K,   0% used [0x00000000e6ab0000, 0x00000000e6ab0000, 0x00000000e8000000)
 concurrent mark-sweep generation total 393216K, used 0K [0x00000000e8000000, 0x0000000100000000, 0x0000000100000000)
 Metaspace       used 20050K, capacity 20376K, committed 20736K, reserved 1067008K
  class space    used 2297K, capacity 2474K, committed 2560K, reserved 1048576K
}
2017-07-09T11:03:02.400+0200: 2,638: Total time for which application threads were stopped: 0,0129484 seconds, Stopping threads took: 0,0000374 seconds
2017-07-09T11:03:02.406+0200: 2,644: Total time for which application threads were stopped: 0,0038209 seconds, Stopping threads took: 0,0035766 seconds
2017-07-09T11:03:02.435+0200: 2,673: Total time for which application threads were stopped: 0,0003746 seconds, Stopping threads took: 0,0000634 seconds
2017-07-09T11:03:02.572+0200: 2,811: Total time for which application threads were stopped: 0,0001463 seconds, Stopping threads took: 0,0000230 seconds
{Heap before GC invocations=2 (full 0):
 par new generation   total 109248K, used 100118K [0x00000000e0000000, 0x00000000e8000000, 0x00000000e8000000)
  eden space 87424K, 100% used [0x00000000e0000000, 0x00000000e5560000, 0x00000000e5560000)
  from space 21824K,  58% used [0x00000000e5560000, 0x00000000e61c5878, 0x00000000e6ab0000)
  to   space 21824K,   0% used [0x00000000e6ab0000, 0x00000000e6ab0000, 0x00000000e8000000)
 concurrent mark-sweep generation total 393216K, used 0K [0x00000000e8000000, 0x0000000100000000, 0x0000000100000000)
 Metaspace       used 21003K, capacity 21362K, committed 21628K, reserved 1069056K
  class space    used 2420K, capacity 2593K, committed 2684K, reserved 1048576K
2017-07-09T11:03:02.614+0200: 2,852: [GC (Allocation Failure) 2017-07-09T11:03:02.614+0200: 2,852: [ParNew
Desired survivor size 20112992 bytes, new threshold 8 (max 8)
- age   1:    2128064 bytes,    2128064 total
- age   2:    1379824 bytes,    3507888 total
- age   3:    6115064 bytes,    9622952 total
: 100118K->16439K(109248K), 0,0197349 secs] 100118K->16439K(502464K), 0,0198209 secs] [Times: user=0,07 sys=0,00, real=0,02 secs] 
Heap after GC invocations=3 (full 0):
 par new generation   total 109248K, used 16439K [0x00000000e0000000, 0x00000000e8000000, 0x00000000e8000000)
  eden space 87424K,   0% used [0x00000000e0000000, 0x00000000e0000000, 0x00000000e5560000)
  from space 21824K,  75% used [0x00000000e6ab0000, 0x00000000e7abde00, 0x00000000e8000000)
  to   space 21824K,   0% used [0x00000000e5560000, 0x00000000e5560000, 0x00000000e6ab0000)
 concurrent mark-sweep generation total 393216K, used 0K [0x00000000e8000000, 0x0000000100000000, 0x0000000100000000)
 Metaspace       used 21003K, capacity 21362K, committed 21628K, reserved 1069056K
  class space    used 2420K, capacity 2593K, committed 2684K, reserved 1048576K
}
2017-07-09T11:03:02.634+0200: 2,872: Total time for which application threads were stopped: 0,0215204 seconds, Stopping threads took: 0,0015524 seconds
2017-07-09T11:03:02.634+0200: 2,873: [GC (CMS Initial Mark) [1 CMS-initial-mark: 0K(393216K)] 18038K(502464K), 0,0047352 secs] [Times: user=0,01 sys=0,00, real=0,01 secs] 
2017-07-09T11:03:02.639+0200: 2,877: Total time for which application threads were stopped: 0,0048605 seconds, Stopping threads took: 0,0000297 seconds
2017-07-09T11:03:02.650+0200: 2,888: [CMS-concurrent-mark-start]
2017-07-09T11:03:02.658+0200: 2,896: [CMS-concurrent-mark: 0,008/0,008 secs] [Times: user=0,03 sys=0,00, real=0,01 secs] 
2017-07-09T11:03:02.658+0200: 2,896: [CMS-concurrent-preclean-start]
2017-07-09T11:03:02.659+0200: 2,897: [CMS-concurrent-preclean: 0,001/0,001 secs] [Times: user=0,01 sys=0,00, real=0,00 secs] 
2017-07-09T11:03:02.659+0200: 2,898: [CMS-concurrent-abortable-preclean-start]
2017-07-09T11:03:02.686+0200: 2,925: Total time for which application threads were stopped: 0,0001895 seconds, Stopping threads took: 0,0001083 seconds
{Heap before GC invocations=3 (full 1):
 par new generation   total 109248K, used 103863K [0x00000000e0000000, 0x00000000e8000000, 0x00000000e8000000)
  eden space 87424K, 100% used [0x00000000e0000000, 0x00000000e5560000, 0x00000000e5560000)
  from space 21824K,  75% used [0x00000000e6ab0000, 0x00000000e7abde00, 0x00000000e8000000)
  to   space 21824K,   0% used [0x00000000e5560000, 0x00000000e5560000, 0x00000000e6ab0000)
 concurrent mark-sweep generation total 393216K, used 0K [0x00000000e8000000, 0x0000000100000000, 0x0000000100000000)
 Metaspace       used 21269K, capacity 21650K, committed 21884K, reserved 1069056K
  class space    used 2449K, capacity 2610K, committed 2684K, reserved 1048576K
2017-07-09T11:03:02.735+0200: 2,974: [GC (Allocation Failure) 2017-07-09T11:03:02.735+0200: 2,974: [ParNew
Desired survivor size 20112992 bytes, new threshold 8 (max 8)
- age   1:    1267344 bytes,    1267344 total
- age   2:    1473592 bytes,    2740936 total
- age   3:    1346888 bytes,    4087824 total
- age   4:    6112920 bytes,   10200744 total
: 103863K->11743K(109248K), 0,0107258 secs] 103863K->11743K(502464K), 0,0108094 secs] [Times: user=0,03 sys=0,00, real=0,02 secs] 
Heap after GC invocations=4 (full 1):
 par new generation   total 109248K, used 11743K [0x00000000e0000000, 0x00000000e8000000, 0x00000000e8000000)
  eden space 87424K,   0% used [0x00000000e0000000, 0x00000000e0000000, 0x00000000e5560000)
  from space 21824K,  53% used [0x00000000e5560000, 0x00000000e60d7c30, 0x00000000e6ab0000)
  to   space 21824K,   0% used [0x00000000e6ab0000, 0x00000000e6ab0000, 0x00000000e8000000)
 concurrent mark-sweep generation total 393216K, used 0K [0x00000000e8000000, 0x0000000100000000, 0x0000000100000000)
 Metaspace       used 21269K, capacity 21650K, committed 21884K, reserved 1069056K
  class space    used 2449K, capacity 2610K, committed 2684K, reserved 1048576K
}
2017-07-09T11:03:02.746+0200: 2,984: Total time for which application threads were stopped: 0,0110389 seconds, Stopping threads took: 0,0000744 seconds
{Heap before GC invocations=4 (full 1):
 par new generation   total 109248K, used 99167K [0x00000000e0000000, 0x00000000e8000000, 0x00000000e8000000)
  eden space 87424K, 100% used [0x00000000e0000000, 0x00000000e5560000, 0x00000000e5560000)
  from space 21824K,  53% used [0x00000000e5560000, 0x00000000e60d7c30, 0x00000000e6ab0000)
  to   space 21824K,   0% used [0x00000000e6ab0000, 0x00000000e6ab0000, 0x00000000e8000000)
 concurrent mark-sweep generation total 393216K, used 0K [0x00000000e8000000, 0x0000000100000000, 0x0000000100000000)
 Metaspace       used 21438K, capacity 21810K, committed 21884K, reserved 1069056K
  class space    used 2469K, capacity 2642K, committed 2684K, reserved 1048576K
2017-07-09T11:03:02.822+0200: 3,060: [GC (Allocation Failure) 2017-07-09T11:03:02.822+0200: 3,060: [ParNew
Desired survivor size 20112992 bytes, new threshold 8 (max 8)
- age   1:     463248 bytes,     463248 total
- age   2:     176256 bytes,     639504 total
- age   3:    1473112 bytes,    2112616 total
- age   4:    1346776 bytes,    3459392 total
- age   5:    6112992 bytes,    9572384 total
: 99167K->12968K(109248K), 0,0099569 secs] 99167K->12968K(502464K), 0,0100240 secs] [Times: user=0,03 sys=0,00, real=0,01 secs] 
Heap after GC invocations=5 (full 1):
 par new generation   total 109248K, used 12968K [0x00000000e0000000, 0x00000000e8000000, 0x00000000e8000000)
  eden space 87424K,   0% used [0x00000000e0000000, 0x00000000e0000000, 0x00000000e5560000)
  from space 21824K,  59% used [0x00000000e6ab0000, 0x00000000e775a0d0, 0x00000000e8000000)
  to   space 21824K,   0% used [0x00000000e5560000, 0x00000000e5560000, 0x00000000e6ab0000)
 concurrent mark-sweep generation total 393216K, used 0K [0x00000000e8000000, 0x0000000100000000, 0x0000000100000000)
 Metaspace       used 21438K, capacity 21810K, committed 21884K, reserved 1069056K
  class space    used 2469K, capacity 2642K, committed 2684K, reserved 1048576K
}
2017-07-09T11:03:02.832+0200: 3,070: Total time for which application threads were stopped: 0,0125892 seconds, Stopping threads took: 0,0023183 seconds
2017-07-09T11:03:02.868+0200: 3,106: Total time for which application threads were stopped: 0,0001244 seconds, Stopping threads took: 0,0000217 seconds
2017-07-09T11:03:02.882+0200: 3,120: Total time for which application threads were stopped: 0,0003701 seconds, Stopping threads took: 0,0000200 seconds
2017-07-09T11:03:02.929+0200: 3,167: Total time for which application threads were stopped: 0,0001303 seconds, Stopping threads took: 0,0000276 seconds
2017-07-09T11:03:02.956+0200: 3,194: Total time for which application threads were stopped: 0,0001394 seconds, Stopping threads took: 0,0000217 seconds
2017-07-09T11:03:03.155+0200: 3,393: Total time for which application threads were stopped: 0,0001937 seconds, Stopping threads took: 0,0000282 seconds
2017-07-09T11:03:03.185+0200: 3,424: Total time for which application threads were stopped: 0,0008580 seconds, Stopping threads took: 0,0007431 seconds
2017-07-09T11:03:03.197+0200: 3,435: Total time for which application threads were stopped: 0,0004535 seconds, Stopping threads took: 0,0000819 seconds
2017-07-09T11:03:03.210+0200: 3,449: Total time for which application threads were stopped: 0,0003363 seconds, Stopping threads took: 0,0000211 seconds
2017-07-09T11:03:03.217+0200: 3,455: Total time for which application threads were stopped: 0,0001110 seconds, Stopping threads took: 0,0000235 seconds
2017-07-09T11:03:03.252+0200: 3,490: Total time for which application threads were stopped: 0,0003889 seconds, Stopping threads took: 0,0000235 seconds
2017-07-09T11:03:03.286+0200: 3,524: Total time for which application threads were stopped: 0,0001672 seconds, Stopping threads took: 0,0000653 seconds
2017-07-09T11:03:03.286+0200: 3,524: [CMS-concurrent-abortable-preclean: 0,375/0,626 secs] [Times: user=2,32 sys=0,04, real=0,62 secs] 
2017-07-09T11:03:03.287+0200: 3,525: [GC (CMS Final Remark) [YG occupancy: 62171 K (109248 K)]{Heap before GC invocations=5 (full 1):
 par new generation   total 109248K, used 62171K [0x00000000e0000000, 0x00000000e8000000, 0x00000000e8000000)
  eden space 87424K,  56% used [0x00000000e0000000, 0x00000000e300cc60, 0x00000000e5560000)
  from space 21824K,  59% used [0x00000000e6ab0000, 0x00000000e775a0d0, 0x00000000e8000000)
  to   space 21824K,   0% used [0x00000000e5560000, 0x00000000e5560000, 0x00000000e6ab0000)
 concurrent mark-sweep generation total 393216K, used 0K [0x00000000e8000000, 0x0000000100000000, 0x0000000100000000)
 Metaspace       used 23454K, capacity 23912K, committed 24208K, reserved 1071104K
  class space    used 2714K, capacity 2891K, committed 2912K, reserved 1048576K
2017-07-09T11:03:03.287+0200: 3,525: [GC (CMS Final Remark) 2017-07-09T11:03:03.287+0200: 3,525: [ParNew
Desired survivor size 20112992 bytes, new threshold 8 (max 8)
- age   1:    3479088 bytes,    3479088 total
- age   2:     130080 bytes,    3609168 total
- age   3:     175080 bytes,    3784248 total
- age   4:     303464 bytes,    4087712 total
- age   5:    1331144 bytes,    5418856 total
- age   6:    6104696 bytes,   11523552 total
: 62171K->14166K(109248K), 0,0114545 secs] 62171K->14166K(502464K), 0,0115122 secs] [Times: user=0,04 sys=0,00, real=0,01 secs] 
Heap after GC invocations=6 (full 1):
 par new generation   total 109248K, used 14166K [0x00000000e0000000, 0x00000000e8000000, 0x00000000e8000000)
  eden space 87424K,   0% used [0x00000000e0000000, 0x00000000e0000000, 0x00000000e5560000)
  from space 21824K,  64% used [0x00000000e5560000, 0x00000000e6335bd0, 0x00000000e6ab0000)
  to   space 21824K,   0% used [0x00000000e6ab0000, 0x00000000e6ab0000, 0x00000000e8000000)
 concurrent mark-sweep generation total 393216K, used 0K [0x00000000e8000000, 0x0000000100000000, 0x0000000100000000)
 Metaspace       used 23454K, capacity 23912K, committed 24208K, reserved 1071104K
  class space    used 2714K, capacity 2891K, committed 2912K, reserved 1048576K
}
2017-07-09T11:03:03.298+0200: 3,536: [Rescan (parallel) , 0,0039339 secs]2017-07-09T11:03:03.302+0200: 3,540: [weak refs processing, 0,0006451 secs]2017-07-09T11:03:03.303+0200: 3,541: [class unloading, 0,0032929 secs]2017-07-09T11:03:03.306+0200: 3,544: [scrub symbol table, 0,0035491 secs]2017-07-09T11:03:03.310+0200: 3,548: [scrub string table, 0,0004282 secs][1 CMS-remark: 0K(393216K)] 14166K(502464K), 0,0242111 secs] [Times: user=0,06 sys=0,00, real=0,02 secs] 
2017-07-09T11:03:03.311+0200: 3,549: Total time for which application threads were stopped: 0,0243750 seconds, Stopping threads took: 0,0000696 seconds
2017-07-09T11:03:03.313+0200: 3,551: [CMS-concurrent-sweep-start]
2017-07-09T11:03:03.313+0200: 3,551: [CMS-concurrent-sweep: 0,000/0,000 secs] [Times: user=0,00 sys=0,00, real=0,00 secs] 
2017-07-09T11:03:03.313+0200: 3,551: [CMS-concurrent-reset-start]
2017-07-09T11:03:03.314+0200: 3,553: [CMS-concurrent-reset: 0,002/0,002 secs] [Times: user=0,01 sys=0,00, real=0,00 secs] 
{Heap before GC invocations=6 (full 1):
 par new generation   total 109248K, used 101590K [0x00000000e0000000, 0x00000000e8000000, 0x00000000e8000000)
  eden space 87424K, 100% used [0x00000000e0000000, 0x00000000e5560000, 0x00000000e5560000)
  from space 21824K,  64% used [0x00000000e5560000, 0x00000000e6335bd0, 0x00000000e6ab0000)
  to   space 21824K,   0% used [0x00000000e6ab0000, 0x00000000e6ab0000, 0x00000000e8000000)
 concurrent mark-sweep generation total 393216K, used 0K [0x00000000e8000000, 0x0000000100000000, 0x0000000100000000)
 Metaspace       used 24288K, capacity 24776K, committed 24924K, reserved 1071104K
  class space    used 2850K, capacity 3051K, committed 3116K, reserved 1048576K
2017-07-09T11:03:03.460+0200: 3,698: [GC (Allocation Failure) 2017-07-09T11:03:03.460+0200: 3,698: [ParNew
Desired survivor size 20112992 bytes, new threshold 8 (max 8)
- age   1:    2995344 bytes,    2995344 total
- age   2:    1139528 bytes,    4134872 total
- age   3:      69040 bytes,    4203912 total
- age   4:      98928 bytes,    4302840 total
- age   5:     183832 bytes,    4486672 total
- age   6:     984072 bytes,    5470744 total
- age   7:    5887808 bytes,   11358552 total
: 101590K->14785K(109248K), 0,0126472 secs] 101590K->14785K(502464K), 0,0127260 secs] [Times: user=0,04 sys=0,00, real=0,01 secs] 
Heap after GC invocations=7 (full 1):
 par new generation   total 109248K, used 14785K [0x00000000e0000000, 0x00000000e8000000, 0x00000000e8000000)
  eden space 87424K,   0% used [0x00000000e0000000, 0x00000000e0000000, 0x00000000e5560000)
  from space 21824K,  67% used [0x00000000e6ab0000, 0x00000000e7920480, 0x00000000e8000000)
  to   space 21824K,   0% used [0x00000000e5560000, 0x00000000e5560000, 0x00000000e6ab0000)
 concurrent mark-sweep generation total 393216K, used 0K [0x00000000e8000000, 0x0000000100000000, 0x0000000100000000)
 Metaspace       used 24288K, capacity 24776K, committed 24924K, reserved 1071104K
  class space    used 2850K, capacity 3051K, committed 3116K, reserved 1048576K
}
2017-07-09T11:03:03.472+0200: 3,711: Total time for which application threads were stopped: 0,0130612 seconds, Stopping threads took: 0,0001152 seconds
{Heap before GC invocations=7 (full 1):
 par new generation   total 109248K, used 102209K [0x00000000e0000000, 0x00000000e8000000, 0x00000000e8000000)
  eden space 87424K, 100% used [0x00000000e0000000, 0x00000000e5560000, 0x00000000e5560000)
  from space 21824K,  67% used [0x00000000e6ab0000, 0x00000000e7920480, 0x00000000e8000000)
  to   space 21824K,   0% used [0x00000000e5560000, 0x00000000e5560000, 0x00000000e6ab0000)
 concurrent mark-sweep generation total 393216K, used 0K [0x00000000e8000000, 0x0000000100000000, 0x0000000100000000)
 Metaspace       used 24518K, capacity 25000K, committed 25180K, reserved 1071104K
  class space    used 2872K, capacity 3057K, committed 3116K, reserved 1048576K
2017-07-09T11:03:03.550+0200: 3,788: [GC (Allocation Failure) 2017-07-09T11:03:03.550+0200: 3,788: [ParNew
Desired survivor size 20112992 bytes, new threshold 8 (max 8)
- age   1:     887800 bytes,     887800 total
- age   2:    1397800 bytes,    2285600 total
- age   3:    1136784 bytes,    3422384 total
- age   4:      69008 bytes,    3491392 total
- age   5:      98656 bytes,    3590048 total
- age   6:     181032 bytes,    3771080 total
- age   7:     983040 bytes,    4754120 total
- age   8:    5887352 bytes,   10641472 total
: 102209K->14903K(109248K), 0,0195218 secs] 102209K->14903K(502464K), 0,0195924 secs] [Times: user=0,07 sys=0,00, real=0,02 secs] 
Heap after GC invocations=8 (full 1):
 par new generation   total 109248K, used 14903K [0x00000000e0000000, 0x00000000e8000000, 0x00000000e8000000)
  eden space 87424K,   0% used [0x00000000e0000000, 0x00000000e0000000, 0x00000000e5560000)
  from space 21824K,  68% used [0x00000000e5560000, 0x00000000e63edd78, 0x00000000e6ab0000)
  to   space 21824K,   0% used [0x00000000e6ab0000, 0x00000000e6ab0000, 0x00000000e8000000)
 concurrent mark-sweep generation total 393216K, used 0K [0x00000000e8000000, 0x0000000100000000, 0x0000000100000000)
 Metaspace       used 24518K, capacity 25000K, committed 25180K, reserved 1071104K
  class space    used 2872K, capacity 3057K, committed 3116K, reserved 1048576K
}
2017-07-09T11:03:03.570+0200: 3,808: Total time for which application threads were stopped: 0,0247312 seconds, Stopping threads took: 0,0049967 seconds
{Heap before GC invocations=8 (full 1):
 par new generation   total 109248K, used 102327K [0x00000000e0000000, 0x00000000e8000000, 0x00000000e8000000)
  eden space 87424K, 100% used [0x00000000e0000000, 0x00000000e5560000, 0x00000000e5560000)
  from space 21824K,  68% used [0x00000000e5560000, 0x00000000e63edd78, 0x00000000e6ab0000)
  to   space 21824K,   0% used [0x00000000e6ab0000, 0x00000000e6ab0000, 0x00000000e8000000)
 concurrent mark-sweep generation total 393216K, used 0K [0x00000000e8000000, 0x0000000100000000, 0x0000000100000000)
 Metaspace       used 25102K, capacity 25550K, committed 25616K, reserved 1071104K
  class space    used 2914K, capacity 3090K, committed 3116K, reserved 1048576K
2017-07-09T11:03:03.772+0200: 4,010: [GC (Allocation Failure) 2017-07-09T11:03:03.772+0200: 4,010: [ParNew
Desired survivor size 20112992 bytes, new threshold 8 (max 8)
- age   1:    1669848 bytes,    1669848 total
- age   2:     221360 bytes,    1891208 total
- age   3:     775080 bytes,    2666288 total
- age   4:    1136520 bytes,    3802808 total
- age   5:      68976 bytes,    3871784 total
- age   6:      96112 bytes,    3967896 total
- age   7:     180472 bytes,    4148368 total
- age   8:     982240 bytes,    5130608 total
: 102327K->8329K(109248K), 0,0443885 secs] 102327K->14159K(502464K), 0,0444842 secs] [Times: user=0,14 sys=0,00, real=0,04 secs] 
Heap after GC invocations=9 (full 1):
 par new generation   total 109248K, used 8329K [0x00000000e0000000, 0x00000000e8000000, 0x00000000e8000000)
  eden space 87424K,   0% used [0x00000000e0000000, 0x00000000e0000000, 0x00000000e5560000)
  from space 21824K,  38% used [0x00000000e6ab0000, 0x00000000e72d25d0, 0x00000000e8000000)
  to   space 21824K,   0% used [0x00000000e5560000, 0x00000000e5560000, 0x00000000e6ab0000)
 concurrent mark-sweep generation total 393216K, used 5830K [0x00000000e8000000, 0x0000000100000000, 0x0000000100000000)
 Metaspace       used 25102K, capacity 25550K, committed 25616K, reserved 1071104K
  class space    used 2914K, capacity 3090K, committed 3116K, reserved 1048576K
}
2017-07-09T11:03:03.817+0200: 4,055: Total time for which application threads were stopped: 0,0451814 seconds, Stopping threads took: 0,0000425 seconds
2017-07-09T11:03:03.817+0200: 4,056: Total time for which application threads were stopped: 0,0001307 seconds, Stopping threads took: 0,0000447 seconds
2017-07-09T11:03:03.818+0200: 4,056: Total time for which application threads were stopped: 0,0000752 seconds, Stopping threads took: 0,0000239 seconds
2017-07-09T11:03:03.818+0200: 4,056: Total time for which application threads were stopped: 0,0000756 seconds, Stopping threads took: 0,0000257 seconds
2017-07-09T11:03:03.818+0200: 4,056: Total time for which application threads were stopped: 0,0000555 seconds, Stopping threads took: 0,0000110 seconds
2017-07-09T11:03:03.818+0200: 4,056: Total time for which application threads were stopped: 0,0000521 seconds, Stopping threads took: 0,0000108 seconds
2017-07-09T11:03:03.818+0200: 4,056: Total time for which application threads were stopped: 0,0000524 seconds, Stopping threads took: 0,0000097 seconds
2017-07-09T11:03:03.818+0200: 4,056: Total time for which application threads were stopped: 0,0000477 seconds, Stopping threads took: 0,0000101 seconds
2017-07-09T11:03:03.818+0200: 4,057: Total time for which application threads were stopped: 0,0000450 seconds, Stopping threads took: 0,0000084 seconds
2017-07-09T11:03:03.819+0200: 4,057: Total time for which application threads were stopped: 0,0000498 seconds, Stopping threads took: 0,0000107 seconds
2017-07-09T11:03:03.822+0200: 4,061: Total time for which application threads were stopped: 0,0000981 seconds, Stopping threads took: 0,0000223 seconds
2017-07-09T11:03:03.822+0200: 4,061: Total time for which application threads were stopped: 0,0000681 seconds, Stopping threads took: 0,0000176 seconds
2017-07-09T11:03:03.823+0200: 4,061: Total time for which application threads were stopped: 0,0000572 seconds, Stopping threads took: 0,0000107 seconds
2017-07-09T11:03:03.823+0200: 4,061: Total time for which application threads were stopped: 0,0000506 seconds, Stopping threads took: 0,0000095 seconds
2017-07-09T11:03:03.823+0200: 4,061: Total time for which application threads were stopped: 0,0000546 seconds, Stopping threads took: 0,0000114 seconds
2017-07-09T11:03:03.823+0200: 4,061: Total time for which application threads were stopped: 0,0000417 seconds, Stopping threads took: 0,0000086 seconds
2017-07-09T11:03:03.823+0200: 4,061: Total time for which application threads were stopped: 0,0000625 seconds, Stopping threads took: 0,0000272 seconds
2017-07-09T11:03:03.823+0200: 4,061: Total time for which application threads were stopped: 0,0000541 seconds, Stopping threads took: 0,0000200 seconds
2017-07-09T11:03:03.823+0200: 4,061: Total time for which application threads were stopped: 0,0000426 seconds, Stopping threads took: 0,0000084 seconds
2017-07-09T11:03:03.823+0200: 4,062: Total time for which application threads were stopped: 0,0000486 seconds, Stopping threads took: 0,0000097 seconds
2017-07-09T11:03:03.824+0200: 4,062: Total time for which application threads were stopped: 0,0000954 seconds, Stopping threads took: 0,0000084 seconds
2017-07-09T11:03:03.824+0200: 4,062: Total time for which application threads were stopped: 0,0000524 seconds, Stopping threads took: 0,0000134 seconds
2017-07-09T11:03:03.824+0200: 4,062: Total time for which application threads were stopped: 0,0000432 seconds, Stopping threads took: 0,0000116 seconds
2017-07-09T11:03:03.824+0200: 4,062: Total time for which application threads were stopped: 0,0000536 seconds, Stopping threads took: 0,0000151 seconds
2017-07-09T11:03:03.824+0200: 4,062: Total time for which application threads were stopped: 0,0000446 seconds, Stopping threads took: 0,0000085 seconds
2017-07-09T11:03:03.824+0200: 4,062: Total time for which application threads were stopped: 0,0000537 seconds, Stopping threads took: 0,0000174 seconds
2017-07-09T11:03:03.824+0200: 4,063: Total time for which application threads were stopped: 0,0000474 seconds, Stopping threads took: 0,0000119 seconds
2017-07-09T11:03:03.824+0200: 4,063: Total time for which application threads were stopped: 0,0000431 seconds, Stopping threads took: 0,0000087 seconds
2017-07-09T11:03:03.825+0200: 4,063: Total time for which application threads were stopped: 0,0000532 seconds, Stopping threads took: 0,0000185 seconds
2017-07-09T11:03:03.825+0200: 4,063: Total time for which application threads were stopped: 0,0000550 seconds, Stopping threads took: 0,0000166 seconds
2017-07-09T11:03:03.825+0200: 4,063: Total time for which application threads were stopped: 0,0000473 seconds, Stopping threads took: 0,0000145 seconds
2017-07-09T11:03:03.825+0200: 4,063: Total time for which application threads were stopped: 0,0000535 seconds, Stopping threads took: 0,0000114 seconds
2017-07-09T11:03:03.825+0200: 4,063: Total time for which application threads were stopped: 0,0000544 seconds, Stopping threads took: 0,0000188 seconds
2017-07-09T11:03:03.825+0200: 4,063: Total time for which application threads were stopped: 0,0000557 seconds, Stopping threads took: 0,0000228 seconds
2017-07-09T11:03:03.825+0200: 4,063: Total time for which application threads were stopped: 0,0000425 seconds, Stopping threads took: 0,0000082 seconds
2017-07-09T11:03:03.825+0200: 4,064: Total time for which application threads were stopped: 0,0000478 seconds, Stopping threads took: 0,0000147 seconds
2017-07-09T11:03:03.826+0200: 4,064: Total time for which application threads were stopped: 0,0000981 seconds, Stopping threads took: 0,0000611 seconds
2017-07-09T11:03:03.826+0200: 4,064: Total time for which application threads were stopped: 0,0000466 seconds, Stopping threads took: 0,0000100 seconds
2017-07-09T11:03:03.826+0200: 4,064: Total time for which application threads were stopped: 0,0000567 seconds, Stopping threads took: 0,0000224 seconds
2017-07-09T11:03:03.826+0200: 4,064: Total time for which application threads were stopped: 0,0000490 seconds, Stopping threads took: 0,0000169 seconds
2017-07-09T11:03:03.826+0200: 4,064: Total time for which application threads were stopped: 0,0001138 seconds, Stopping threads took: 0,0000161 seconds
2017-07-09T11:03:03.830+0200: 4,068: Total time for which application threads were stopped: 0,0001232 seconds, Stopping threads took: 0,0000299 seconds
2017-07-09T11:03:03.835+0200: 4,073: Total time for which application threads were stopped: 0,0001294 seconds, Stopping threads took: 0,0000448 seconds
2017-07-09T11:03:03.836+0200: 4,074: Total time for which application threads were stopped: 0,0000976 seconds, Stopping threads took: 0,0000349 seconds
2017-07-09T11:03:03.836+0200: 4,074: Total time for which application threads were stopped: 0,0000581 seconds, Stopping threads took: 0,0000159 seconds
2017-07-09T11:03:03.836+0200: 4,074: Total time for which application threads were stopped: 0,0000523 seconds, Stopping threads took: 0,0000165 seconds
2017-07-09T11:03:03.847+0200: 4,085: Total time for which application threads were stopped: 0,0001024 seconds, Stopping threads took: 0,0000201 seconds
2017-07-09T11:03:03.847+0200: 4,085: Total time for which application threads were stopped: 0,0000710 seconds, Stopping threads took: 0,0000158 seconds
2017-07-09T11:03:03.862+0200: 4,100: Total time for which application threads were stopped: 0,0007986 seconds, Stopping threads took: 0,0007086 seconds
2017-07-09T11:03:03.869+0200: 4,107: Total time for which application threads were stopped: 0,0001375 seconds, Stopping threads took: 0,0000379 seconds
2017-07-09T11:03:03.869+0200: 4,107: Total time for which application threads were stopped: 0,0000823 seconds, Stopping threads took: 0,0000352 seconds
2017-07-09T11:03:03.877+0200: 4,115: Total time for which application threads were stopped: 0,0001159 seconds, Stopping threads took: 0,0000353 seconds
2017-07-09T11:03:03.877+0200: 4,115: Total time for which application threads were stopped: 0,0000906 seconds, Stopping threads took: 0,0000285 seconds
2017-07-09T11:03:03.880+0200: 4,118: Total time for which application threads were stopped: 0,0000764 seconds, Stopping threads took: 0,0000157 seconds
2017-07-09T11:03:03.893+0200: 4,131: Total time for which application threads were stopped: 0,0001654 seconds, Stopping threads took: 0,0001082 seconds
2017-07-09T11:03:03.901+0200: 4,139: Total time for which application threads were stopped: 0,0000739 seconds, Stopping threads took: 0,0000169 seconds
2017-07-09T11:03:03.908+0200: 4,147: Total time for which application threads were stopped: 0,0000910 seconds, Stopping threads took: 0,0000310 seconds
2017-07-09T11:03:03.949+0200: 4,187: Total time for which application threads were stopped: 0,0004233 seconds, Stopping threads took: 0,0000237 seconds
2017-07-09T11:03:03.961+0200: 4,199: Total time for which application threads were stopped: 0,0004488 seconds, Stopping threads took: 0,0000239 seconds
2017-07-09T11:03:04.018+0200: 4,257: Total time for which application threads were stopped: 0,0003757 seconds, Stopping threads took: 0,0000152 seconds
2017-07-09T11:03:04.024+0200: 4,262: Total time for which application threads were stopped: 0,0001248 seconds, Stopping threads took: 0,0000481 seconds
2017-07-09T11:03:04.026+0200: 4,265: Total time for which application threads were stopped: 0,0002392 seconds, Stopping threads took: 0,0001305 seconds
2017-07-09T11:03:04.050+0200: 4,288: Total time for which application threads were stopped: 0,0001731 seconds, Stopping threads took: 0,0000596 seconds
2017-07-09T11:03:04.052+0200: 4,291: Total time for which application threads were stopped: 0,0001274 seconds, Stopping threads took: 0,0000447 seconds
2017-07-09T11:03:04.053+0200: 4,291: Total time for which application threads were stopped: 0,0001263 seconds, Stopping threads took: 0,0000456 seconds
2017-07-09T11:03:04.059+0200: 4,298: Total time for which application threads were stopped: 0,0001388 seconds, Stopping threads took: 0,0000523 seconds
2017-07-09T11:03:04.067+0200: 4,305: Total time for which application threads were stopped: 0,0001502 seconds, Stopping threads took: 0,0000682 seconds
2017-07-09T11:03:04.071+0200: 4,310: Total time for which application threads were stopped: 0,0001201 seconds, Stopping threads took: 0,0000356 seconds
2017-07-09T11:03:04.072+0200: 4,310: Total time for which application threads were stopped: 0,0000985 seconds, Stopping threads took: 0,0000255 seconds
2017-07-09T11:03:04.076+0200: 4,315: Total time for which application threads were stopped: 0,0001786 seconds, Stopping threads took: 0,0000755 seconds
2017-07-09T11:03:04.082+0200: 4,320: Total time for which application threads were stopped: 0,0030715 seconds, Stopping threads took: 0,0029949 seconds
2017-07-09T11:03:04.092+0200: 4,330: Total time for which application threads were stopped: 0,0001113 seconds, Stopping threads took: 0,0000494 seconds
2017-07-09T11:03:04.105+0200: 4,343: Total time for which application threads were stopped: 0,0001625 seconds, Stopping threads took: 0,0000712 seconds
2017-07-09T11:03:04.114+0200: 4,352: Total time for which application threads were stopped: 0,0001856 seconds, Stopping threads took: 0,0000655 seconds
2017-07-09T11:03:04.124+0200: 4,363: Total time for which application threads were stopped: 0,0001593 seconds, Stopping threads took: 0,0000730 seconds
2017-07-09T11:03:04.125+0200: 4,363: Total time for which application threads were stopped: 0,0003958 seconds, Stopping threads took: 0,0000107 seconds
2017-07-09T11:03:04.126+020