OpenJDK 64-Bit Server VM (25.131-b11) for linux-amd64 JRE (1.8.0_131-8u131-b11-0ubuntu1.16.04.2-b11), built on May  6 2017 02:45:27 by "buildd" with gcc 5.4.0 20160609
Memory: 4k page, physical 7867740k(7384164k free), swap 8076284k(8076284k free)
CommandLine flags: -XX:CMSInitiatingOccupancyFraction=50 -XX:CMSMaxAbortablePrecleanTime=6000 -XX:+CMSParallelRemarkEnabled -XX:+CMSScavengeBeforeRemark -XX:ConcGCThreads=4 -XX:InitialHeapSize=536870912 -XX:MaxHeapSize=536870912 -XX:MaxTenuringThreshold=8 -XX:NewRatio=3 -XX:OldPLABSize=16 -XX:OnOutOfMemoryError=/opt/solr/bin/oom_solr.sh 8983 /var/solr/logs -XX:ParallelGCThreads=4 -XX:+ParallelRefProcEnabled -XX:PretenureSizeThreshold=67108864 -XX:+PrintGC -XX:+PrintGCApplicationStoppedTime -XX:+PrintGCDateStamps -XX:+PrintGCDetails -XX:+PrintGCTimeStamps -XX:+PrintHeapAtGC -XX:+PrintTenuringDistribution -XX:SurvivorRatio=4 -XX:TargetSurvivorRatio=90 -XX:ThreadStackSize=256 -XX:+UseCMSInitiatingOccupancyOnly -XX:+UseCompressedClassPointers -XX:+UseCompressedOops -XX:+UseConcMarkSweepGC -XX:+UseParNewGC 
2017-05-23T14:28:11.355+0200: 0,132: Total time for which application threads were stopped: 0,0000717 seconds, Stopping threads took: 0,0000096 seconds
2017-05-23T14:28:11.441+0200: 0,218: Total time for which application threads were stopped: 0,0001403 seconds, Stopping threads took: 0,0000358 seconds
2017-05-23T14:28:11.459+0200: 0,237: Total time for which application threads were stopped: 0,0001219 seconds, Stopping threads took: 0,0000240 seconds
2017-05-23T14:28:11.688+0200: 0,466: Total time for which application threads were stopped: 0,0001614 seconds, Stopping threads took: 0,0000207 seconds
2017-05-23T14:28:12.078+0200: 0,855: Total time for which application threads were stopped: 0,0012165 seconds, Stopping threads took: 0,0001054 seconds
2017-05-23T14:28:12.251+0200: 1,028: Total time for which application threads were stopped: 0,0002224 seconds, Stopping threads took: 0,0000297 seconds
2017-05-23T14:28:12.295+0200: 1,072: Total time for which application threads were stopped: 0,0002130 seconds, Stopping threads took: 0,0000243 seconds
2017-05-23T14:28:12.599+0200: 1,376: Total time for which application threads were stopped: 0,0001840 seconds, Stopping threads took: 0,0000228 seconds
2017-05-23T14:28:12.847+0200: 1,624: Total time for which application threads were stopped: 0,0002197 seconds, Stopping threads took: 0,0000241 seconds
2017-05-23T14:28:12.870+0200: 1,648: Total time for which application threads were stopped: 0,0006949 seconds, Stopping threads took: 0,0000417 seconds
2017-05-23T14:28:12.913+0200: 1,690: Total time for which application threads were stopped: 0,0002516 seconds, Stopping threads took: 0,0000218 seconds
2017-05-23T14:28:12.914+0200: 1,692: Total time for which application threads were stopped: 0,0002170 seconds, Stopping threads took: 0,0000166 seconds
2017-05-23T14:28:12.932+0200: 1,710: Total time for which application threads were stopped: 0,0001814 seconds, Stopping threads took: 0,0000188 seconds
2017-05-23T14:28:13.031+0200: 1,808: Total time for which application threads were stopped: 0,0002454 seconds, Stopping threads took: 0,0000230 seconds
2017-05-23T14:28:13.203+0200: 1,980: Total time for which application threads were stopped: 0,0002713 seconds, Stopping threads took: 0,0000531 seconds
{Heap before GC invocations=0 (full 0):
 par new generation   total 109248K, used 87424K [0x00000000e0000000, 0x00000000e8000000, 0x00000000e8000000)
  eden space 87424K, 100% used [0x00000000e0000000, 0x00000000e5560000, 0x00000000e5560000)
  from space 21824K,   0% used [0x00000000e5560000, 0x00000000e5560000, 0x00000000e6ab0000)
  to   space 21824K,   0% used [0x00000000e6ab0000, 0x00000000e6ab0000, 0x00000000e8000000)
 concurrent mark-sweep generation total 393216K, used 0K [0x00000000e8000000, 0x0000000100000000, 0x0000000100000000)
 Metaspace       used 18232K, capacity 18528K, committed 18688K, reserved 1064960K
  class space    used 2059K, capacity 2196K, committed 2304K, reserved 1048576K
2017-05-23T14:28:13.321+0200: 2,099: [GC (Allocation Failure) 2017-05-23T14:28:13.321+0200: 2,099: [ParNew
Desired survivor size 20112992 bytes, new threshold 8 (max 8)
- age   1:   12821408 bytes,   12821408 total
: 87424K->12641K(109248K), 0,0218956 secs] 87424K->12641K(502464K), 0,0219879 secs] [Times: user=0,04 sys=0,02, real=0,02 secs] 
Heap after GC invocations=1 (full 0):
 par new generation   total 109248K, used 12641K [0x00000000e0000000, 0x00000000e8000000, 0x00000000e8000000)
  eden space 87424K,   0% used [0x00000000e0000000, 0x00000000e0000000, 0x00000000e5560000)
  from space 21824K,  57% used [0x00000000e6ab0000, 0x00000000e7708778, 0x00000000e8000000)
  to   space 21824K,   0% used [0x00000000e5560000, 0x00000000e5560000, 0x00000000e6ab0000)
 concurrent mark-sweep generation total 393216K, used 0K [0x00000000e8000000, 0x0000000100000000, 0x0000000100000000)
 Metaspace       used 18232K, capacity 18528K, committed 18688K, reserved 1064960K
  class space    used 2059K, capacity 2196K, committed 2304K, reserved 1048576K
}
2017-05-23T14:28:13.343+0200: 2,121: Total time for which application threads were stopped: 0,0221970 seconds, Stopping threads took: 0,0000184 seconds
2017-05-23T14:28:13.598+0200: 2,375: Total time for which application threads were stopped: 0,0004045 seconds, Stopping threads took: 0,0000327 seconds
2017-05-23T14:28:13.647+0200: 2,424: Total time for which application threads were stopped: 0,0003788 seconds, Stopping threads took: 0,0000777 seconds
{Heap before GC invocations=1 (full 0):
 par new generation   total 109248K, used 100065K [0x00000000e0000000, 0x00000000e8000000, 0x00000000e8000000)
  eden space 87424K, 100% used [0x00000000e0000000, 0x00000000e5560000, 0x00000000e5560000)
  from space 21824K,  57% used [0x00000000e6ab0000, 0x00000000e7708778, 0x00000000e8000000)
  to   space 21824K,   0% used [0x00000000e5560000, 0x00000000e5560000, 0x00000000e6ab0000)
 concurrent mark-sweep generation total 393216K, used 0K [0x00000000e8000000, 0x0000000100000000, 0x0000000100000000)
 Metaspace       used 20074K, capacity 20428K, committed 20736K, reserved 1067008K
  class space    used 2297K, capacity 2470K, committed 2560K, reserved 1048576K
2017-05-23T14:28:13.657+0200: 2,434: [GC (Allocation Failure) 2017-05-23T14:28:13.657+0200: 2,434: [ParNew
Desired survivor size 20112992 bytes, new threshold 8 (max 8)
- age   1:    3454592 bytes,    3454592 total
- age   2:    6695368 bytes,   10149960 total
: 100065K->13955K(109248K), 0,0102797 secs] 100065K->13955K(502464K), 0,0103505 secs] [Times: user=0,03 sys=0,01, real=0,01 secs] 
Heap after GC invocations=2 (full 0):
 par new generation   total 109248K, used 13955K [0x00000000e0000000, 0x00000000e8000000, 0x00000000e8000000)
  eden space 87424K,   0% used [0x00000000e0000000, 0x00000000e0000000, 0x00000000e5560000)
  from space 21824K,  63% used [0x00000000e5560000, 0x00000000e6300fe8, 0x00000000e6ab0000)
  to   space 21824K,   0% used [0x00000000e6ab0000, 0x00000000e6ab0000, 0x00000000e8000000)
 concurrent mark-sweep generation total 393216K, used 0K [0x00000000e8000000, 0x0000000100000000, 0x0000000100000000)
 Metaspace       used 20074K, capacity 20428K, committed 20736K, reserved 1067008K
  class space    used 2297K, capacity 2470K, committed 2560K, reserved 1048576K
}
2017-05-23T14:28:13.667+0200: 2,445: Total time for which application threads were stopped: 0,0105871 seconds, Stopping threads took: 0,0000838 seconds
2017-05-23T14:28:13.716+0200: 2,494: Total time for which application threads were stopped: 0,0003926 seconds, Stopping threads took: 0,0000480 seconds
2017-05-23T14:28:13.852+0200: 2,629: Total time for which application threads were stopped: 0,0001594 seconds, Stopping threads took: 0,0000231 seconds
{Heap before GC invocations=2 (full 0):
 par new generation   total 109248K, used 101379K [0x00000000e0000000, 0x00000000e8000000, 0x00000000e8000000)
  eden space 87424K, 100% used [0x00000000e0000000, 0x00000000e5560000, 0x00000000e5560000)
  from space 21824K,  63% used [0x00000000e5560000, 0x00000000e6300fe8, 0x00000000e6ab0000)
  to   space 21824K,   0% used [0x00000000e6ab0000, 0x00000000e6ab0000, 0x00000000e8000000)
 concurrent mark-sweep generation total 393216K, used 0K [0x00000000e8000000, 0x0000000100000000, 0x0000000100000000)
 Metaspace       used 21002K, capacity 21350K, committed 21628K, reserved 1069056K
  class space    used 2419K, capacity 2589K, committed 2684K, reserved 1048576K
2017-05-23T14:28:13.902+0200: 2,679: [GC (Allocation Failure) 2017-05-23T14:28:13.902+0200: 2,679: [ParNew
Desired survivor size 20112992 bytes, new threshold 8 (max 8)
- age   1:    2238520 bytes,    2238520 total
- age   2:     827784 bytes,    3066304 total
- age   3:    6689448 bytes,    9755752 total
: 101379K->11421K(109248K), 0,0145476 secs] 101379K->11421K(502464K), 0,0146250 secs] [Times: user=0,05 sys=0,00, real=0,02 secs] 
Heap after GC invocations=3 (full 0):
 par new generation   total 109248K, used 11421K [0x00000000e0000000, 0x00000000e8000000, 0x00000000e8000000)
  eden space 87424K,   0% used [0x00000000e0000000, 0x00000000e0000000, 0x00000000e5560000)
  from space 21824K,  52% used [0x00000000e6ab0000, 0x00000000e75d74c0, 0x00000000e8000000)
  to   space 21824K,   0% used [0x00000000e5560000, 0x00000000e5560000, 0x00000000e6ab0000)
 concurrent mark-sweep generation total 393216K, used 0K [0x00000000e8000000, 0x0000000100000000, 0x0000000100000000)
 Metaspace       used 21002K, capacity 21350K, committed 21628K, reserved 1069056K
  class space    used 2419K, capacity 2589K, committed 2684K, reserved 1048576K
}
2017-05-23T14:28:13.917+0200: 2,694: Total time for which application threads were stopped: 0,0169354 seconds, Stopping threads took: 0,0021653 seconds
2017-05-23T14:28:13.917+0200: 2,694: [GC (CMS Initial Mark) [1 CMS-initial-mark: 0K(393216K)] 12887K(502464K), 0,0042243 secs] [Times: user=0,01 sys=0,00, real=0,00 secs] 
2017-05-23T14:28:13.921+0200: 2,698: Total time for which application threads were stopped: 0,0043777 seconds, Stopping threads took: 0,0000440 seconds
2017-05-23T14:28:13.921+0200: 2,699: [CMS-concurrent-mark-start]
2017-05-23T14:28:13.925+0200: 2,702: [CMS-concurrent-mark: 0,004/0,004 secs] [Times: user=0,02 sys=0,00, real=0,00 secs] 
2017-05-23T14:28:13.925+0200: 2,702: [CMS-concurrent-preclean-start]
2017-05-23T14:28:13.926+0200: 2,703: [CMS-concurrent-preclean: 0,001/0,001 secs] [Times: user=0,00 sys=0,00, real=0,01 secs] 
2017-05-23T14:28:13.926+0200: 2,703: [CMS-concurrent-abortable-preclean-start]
2017-05-23T14:28:13.967+0200: 2,744: Total time for which application threads were stopped: 0,0005495 seconds, Stopping threads took: 0,0004584 seconds
{Heap before GC invocations=3 (full 1):
 par new generation   total 109248K, used 98845K [0x00000000e0000000, 0x00000000e8000000, 0x00000000e8000000)
  eden space 87424K, 100% used [0x00000000e0000000, 0x00000000e5560000, 0x00000000e5560000)
  from space 21824K,  52% used [0x00000000e6ab0000, 0x00000000e75d74c0, 0x00000000e8000000)
  to   space 21824K,   0% used [0x00000000e5560000, 0x00000000e5560000, 0x00000000e6ab0000)
 concurrent mark-sweep generation total 393216K, used 0K [0x00000000e8000000, 0x0000000100000000, 0x0000000100000000)
 Metaspace       used 21275K, capacity 21620K, committed 21884K, reserved 1069056K
  class space    used 2449K, capacity 2603K, committed 2684K, reserved 1048576K
2017-05-23T14:28:14.026+0200: 2,803: [GC (Allocation Failure) 2017-05-23T14:28:14.026+0200: 2,803: [ParNew
Desired survivor size 20112992 bytes, new threshold 8 (max 8)
- age   1:     796928 bytes,     796928 total
- age   2:    1449392 bytes,    2246320 total
- age   3:     796344 bytes,    3042664 total
- age   4:    6689360 bytes,    9732024 total
: 98845K->15002K(109248K), 0,0097997 secs] 98845K->15002K(502464K), 0,0098639 secs] [Times: user=0,04 sys=0,01, real=0,01 secs] 
Heap after GC invocations=4 (full 1):
 par new generation   total 109248K, used 15002K [0x00000000e0000000, 0x00000000e8000000, 0x00000000e8000000)
  eden space 87424K,   0% used [0x00000000e0000000, 0x00000000e0000000, 0x00000000e5560000)
  from space 21824K,  68% used [0x00000000e5560000, 0x00000000e6406a20, 0x00000000e6ab0000)
  to   space 21824K,   0% used [0x00000000e6ab0000, 0x00000000e6ab0000, 0x00000000e8000000)
 concurrent mark-sweep generation total 393216K, used 0K [0x00000000e8000000, 0x0000000100000000, 0x0000000100000000)
 Metaspace       used 21275K, capacity 21620K, committed 21884K, reserved 1069056K
  class space    used 2449K, capacity 2603K, committed 2684K, reserved 1048576K
}
2017-05-23T14:28:14.036+0200: 2,813: Total time for which application threads were stopped: 0,0128316 seconds, Stopping threads took: 0,0028253 seconds
{Heap before GC invocations=4 (full 1):
 par new generation   total 109248K, used 102426K [0x00000000e0000000, 0x00000000e8000000, 0x00000000e8000000)
  eden space 87424K, 100% used [0x00000000e0000000, 0x00000000e5560000, 0x00000000e5560000)
  from space 21824K,  68% used [0x00000000e5560000, 0x00000000e6406a20, 0x00000000e6ab0000)
  to   space 21824K,   0% used [0x00000000e6ab0000, 0x00000000e6ab0000, 0x00000000e8000000)
 concurrent mark-sweep generation total 393216K, used 0K [0x00000000e8000000, 0x0000000100000000, 0x0000000100000000)
 Metaspace       used 21480K, capacity 21856K, committed 21960K, reserved 1069056K
  class space    used 2472K, capacity 2637K, committed 2684K, reserved 1048576K
2017-05-23T14:28:14.132+0200: 2,909: [GC (Allocation Failure) 2017-05-23T14:28:14.132+0200: 2,909: [ParNew2017-05-23T14:28:14.137+0200: 2,915: [CMS-concurrent-abortable-preclean: 0,098/0,211 secs] [Times: user=0,79 sys=0,01, real=0,21 secs] 

Desired survivor size 20112992 bytes, new threshold 8 (max 8)
- age   1:     938040 bytes,     938040 total
- age   2:     181080 bytes,    1119120 total
- age   3:    1448624 bytes,    2567744 total
- age   4:     794360 bytes,    3362104 total
- age   5:    6689600 bytes,   10051704 total
: 102426K->11297K(109248K), 0,0119486 secs] 102426K->11297K(502464K), 0,0120372 secs] [Times: user=0,04 sys=0,00, real=0,01 secs] 
Heap after GC invocations=5 (full 1):
 par new generation   total 109248K, used 11297K [0x00000000e0000000, 0x00000000e8000000, 0x00000000e8000000)
  eden space 87424K,   0% used [0x00000000e0000000, 0x00000000e0000000, 0x00000000e5560000)
  from space 21824K,  51% used [0x00000000e6ab0000, 0x00000000e75b8790, 0x00000000e8000000)
  to   space 21824K,   0% used [0x00000000e5560000, 0x00000000e5560000, 0x00000000e6ab0000)
 concurrent mark-sweep generation total 393216K, used 0K [0x00000000e8000000, 0x0000000100000000, 0x0000000100000000)
 Metaspace       used 21480K, capacity 21856K, committed 21960K, reserved 1069056K
  class space    used 2472K, capacity 2637K, committed 2684K, reserved 1048576K
}
2017-05-23T14:28:14.144+0200: 2,921: Total time for which application threads were stopped: 0,0122889 seconds, Stopping threads took: 0,0000637 seconds
2017-05-23T14:28:14.149+0200: 2,927: [GC (CMS Final Remark) [YG occupancy: 14506 K (109248 K)]{Heap before GC invocations=5 (full 1):
 par new generation   total 109248K, used 14506K [0x00000000e0000000, 0x00000000e8000000, 0x00000000e8000000)
  eden space 87424K,   3% used [0x00000000e0000000, 0x00000000e03223b8, 0x00000000e5560000)
  from space 21824K,  51% used [0x00000000e6ab0000, 0x00000000e75b8790, 0x00000000e8000000)
  to   space 21824K,   0% used [0x00000000e5560000, 0x00000000e5560000, 0x00000000e6ab0000)
 concurrent mark-sweep generation total 393216K, used 0K [0x00000000e8000000, 0x0000000100000000, 0x0000000100000000)
 Metaspace       used 21505K, capacity 21856K, committed 21960K, reserved 1069056K
  class space    used 2475K, capacity 2637K, committed 2684K, reserved 1048576K
2017-05-23T14:28:14.149+0200: 2,927: [GC (CMS Final Remark) 2017-05-23T14:28:14.149+0200: 2,927: [ParNew
Desired survivor size 20112992 bytes, new threshold 8 (max 8)
- age   1:      61488 bytes,      61488 total
- age   2:     604728 bytes,     666216 total
- age   3:     181080 bytes,     847296 total
- age   4:    1448208 bytes,    2295504 total
- age   5:     794360 bytes,    3089864 total
- age   6:    6689416 bytes,    9779280 total
: 14506K->14860K(109248K), 0,0106741 secs] 14506K->14860K(502464K), 0,0107138 secs] [Times: user=0,03 sys=0,00, real=0,01 secs] 
Heap after GC invocations=6 (full 1):
 par new generation   total 109248K, used 14860K [0x00000000e0000000, 0x00000000e8000000, 0x00000000e8000000)
  eden space 87424K,   0% used [0x00000000e0000000, 0x00000000e0000000, 0x00000000e5560000)
  from space 21824K,  68% used [0x00000000e5560000, 0x00000000e63e30f0, 0x00000000e6ab0000)
  to   space 21824K,   0% used [0x00000000e6ab0000, 0x00000000e6ab0000, 0x00000000e8000000)
 concurrent mark-sweep generation total 393216K, used 0K [0x00000000e8000000, 0x0000000100000000, 0x0000000100000000)
 Metaspace       used 21505K, capacity 21856K, committed 21960K, reserved 1069056K
  class space    used 2475K, capacity 2637K, committed 2684K, reserved 1048576K
}
2017-05-23T14:28:14.160+0200: 2,937: [Rescan (parallel) , 0,0039550 secs]2017-05-23T14:28:14.164+0200: 2,941: [weak refs processing, 0,0016506 secs]2017-05-23T14:28:14.166+0200: 2,943: [class unloading, 0,0030151 secs]2017-05-23T14:28:14.169+0200: 2,946: [scrub symbol table, 0,0027263 secs]2017-05-23T14:28:14.171+0200: 2,949: [scrub string table, 0,0004276 secs][1 CMS-remark: 0K(393216K)] 14860K(502464K), 0,0232445 secs] [Times: user=0,05 sys=0,00, real=0,02 secs] 
2017-05-23T14:28:14.172+0200: 2,950: Total time for which application threads were stopped: 0,0234665 seconds, Stopping threads took: 0,0001404 seconds
2017-05-23T14:28:14.173+0200: 2,950: [CMS-concurrent-sweep-start]
2017-05-23T14:28:14.173+0200: 2,950: [CMS-concurrent-sweep: 0,000/0,000 secs] [Times: user=0,00 sys=0,00, real=0,00 secs] 
2017-05-23T14:28:14.173+0200: 2,950: [CMS-concurrent-reset-start]
2017-05-23T14:28:14.175+0200: 2,952: [CMS-concurrent-reset: 0,002/0,002 secs] [Times: user=0,00 sys=0,00, real=0,01 secs] 
2017-05-23T14:28:14.195+0200: 2,972: Total time for which application threads were stopped: 0,0003976 seconds, Stopping threads took: 0,0000290 seconds
2017-05-23T14:28:14.401+0200: 3,178: Total time for which application threads were stopped: 0,0004911 seconds, Stopping threads took: 0,0000648 seconds
2017-05-23T14:28:14.449+0200: 3,227: Total time for which application threads were stopped: 0,0004016 seconds, Stopping threads took: 0,0000471 seconds
2017-05-23T14:28:14.468+0200: 3,246: Total time for which application threads were stopped: 0,0004527 seconds, Stopping threads took: 0,0000371 seconds
{Heap before GC invocations=6 (full 1):
 par new generation   total 109248K, used 102284K [0x00000000e0000000, 0x00000000e8000000, 0x00000000e8000000)
  eden space 87424K, 100% used [0x00000000e0000000, 0x00000000e5560000, 0x00000000e5560000)
  from space 21824K,  68% used [0x00000000e5560000, 0x00000000e63e30f0, 0x00000000e6ab0000)
  to   space 21824K,   0% used [0x00000000e6ab0000, 0x00000000e6ab0000, 0x00000000e8000000)
 concurrent mark-sweep generation total 393216K, used 0K [0x00000000e8000000, 0x0000000100000000, 0x0000000100000000)
 Metaspace       used 23863K, capacity 24358K, committed 24572K, reserved 1071104K
  class space    used 2801K, capacity 2980K, committed 3068K, reserved 1048576K
2017-05-23T14:28:14.638+0200: 3,415: [GC (Allocation Failure) 2017-05-23T14:28:14.638+0200: 3,415: [ParNew
Desired survivor size 20112992 bytes, new threshold 8 (max 8)
- age   1:    5185176 bytes,    5185176 total
- age   2:       3784 bytes,    5188960 total
- age   3:     151720 bytes,    5340680 total
- age   4:     180200 bytes,    5520880 total
- age   5:     279240 bytes,    5800120 total
- age   6:     768304 bytes,    6568424 total
- age   7:    6680976 bytes,   13249400 total
: 102284K->15786K(109248K), 0,0164521 secs] 102284K->15786K(502464K), 0,0165217 secs] [Times: user=0,05 sys=0,01, real=0,02 secs] 
Heap after GC invocations=7 (full 1):
 par new generation   total 109248K, used 15786K [0x00000000e0000000, 0x00000000e8000000, 0x00000000e8000000)
  eden space 87424K,   0% used [0x00000000e0000000, 0x00000000e0000000, 0x00000000e5560000)
  from space 21824K,  72% used [0x00000000e6ab0000, 0x00000000e7a1a8d0, 0x00000000e8000000)
  to   space 21824K,   0% used [0x00000000e5560000, 0x00000000e5560000, 0x00000000e6ab0000)
 concurrent mark-sweep generation total 393216K, used 0K [0x00000000e8000000, 0x0000000100000000, 0x0000000100000000)
 Metaspace       used 23863K, capacity 24358K, committed 24572K, reserved 1071104K
  class space    used 2801K, capacity 2980K, committed 3068K, reserved 1048576K
}
2017-05-23T14:28:14.654+0200: 3,432: Total time for which application threads were stopped: 0,0168579 seconds, Stopping threads took: 0,0001279 seconds
{Heap before GC invocations=7 (full 1):
 par new generation   total 109248K, used 103210K [0x00000000e0000000, 0x00000000e8000000, 0x00000000e8000000)
  eden space 87424K, 100% used [0x00000000e0000000, 0x00000000e5560000, 0x00000000e5560000)
  from space 21824K,  72% used [0x00000000e6ab0000, 0x00000000e7a1a8d0, 0x00000000e8000000)
  to   space 21824K,   0% used [0x00000000e5560000, 0x00000000e5560000, 0x00000000e6ab0000)
 concurrent mark-sweep generation total 393216K, used 0K [0x00000000e8000000, 0x0000000100000000, 0x0000000100000000)
 Metaspace       used 24261K, capacity 24754K, committed 24828K, reserved 1071104K
  class space    used 2843K, capacity 3046K, committed 3068K, reserved 1048576K
2017-05-23T14:28:14.739+0200: 3,517: [GC (Allocation Failure) 2017-05-23T14:28:14.740+0200: 3,517: [ParNew
Desired survivor size 20112992 bytes, new threshold 8 (max 8)
- age   1:    1716008 bytes,    1716008 total
- age   2:    1771032 bytes,    3487040 total
- age   3:       3624 bytes,    3490664 total
- age   4:      72392 bytes,    3563056 total
- age   5:     102280 bytes,    3665336 total
- age   6:     183832 bytes,    3849168 total
- age   7:     724504 bytes,    4573672 total
- age   8:    6147968 bytes,   10721640 total
: 103210K->18955K(109248K), 0,0186064 secs] 103210K->18955K(502464K), 0,0186884 secs] [Times: user=0,06 sys=0,00, real=0,02 secs] 
Heap after GC invocations=8 (full 1):
 par new generation   total 109248K, used 18955K [0x00000000e0000000, 0x00000000e8000000, 0x00000000e8000000)
  eden space 87424K,   0% used [0x00000000e0000000, 0x00000000e0000000, 0x00000000e5560000)
  from space 21824K,  86% used [0x00000000e5560000, 0x00000000e67e2e40, 0x00000000e6ab0000)
  to   space 21824K,   0% used [0x00000000e6ab0000, 0x00000000e6ab0000, 0x00000000e8000000)
 concurrent mark-sweep generation total 393216K, used 0K [0x00000000e8000000, 0x0000000100000000, 0x0000000100000000)
 Metaspace       used 24261K, capacity 24754K, committed 24828K, reserved 1071104K
  class space    used 2843K, capacity 3046K, committed 3068K, reserved 1048576K
}
2017-05-23T14:28:14.758+0200: 3,535: Total time for which application threads were stopped: 0,0190016 seconds, Stopping threads took: 0,0001092 seconds
{Heap before GC invocations=8 (full 1):
 par new generation   total 109248K, used 106379K [0x00000000e0000000, 0x00000000e8000000, 0x00000000e8000000)
  eden space 87424K, 100% used [0x00000000e0000000, 0x00000000e5560000, 0x00000000e5560000)
  from space 21824K,  86% used [0x00000000e5560000, 0x00000000e67e2e40, 0x00000000e6ab0000)
  to   space 21824K,   0% used [0x00000000e6ab0000, 0x00000000e6ab0000, 0x00000000e8000000)
 concurrent mark-sweep generation total 393216K, used 0K [0x00000000e8000000, 0x0000000100000000, 0x0000000100000000)
 Metaspace       used 24641K, capacity 25132K, committed 25468K, reserved 1071104K
  class space    used 2876K, capacity 3083K, committed 3196K, reserved 1048576K
2017-05-23T14:28:14.861+0200: 3,639: [GC (Allocation Failure) 2017-05-23T14:28:14.862+0200: 3,639: [ParNew
Desired survivor size 20112992 bytes, new threshold 8 (max 8)
- age   1:     666784 bytes,     666784 total
- age   2:     961904 bytes,    1628688 total
- age   3:    1748608 bytes,    3377296 total
- age   4:       3624 bytes,    3380920 total
- age   5:      72328 bytes,    3453248 total
- age   6:      99504 bytes,    3552752 total
- age   7:     180936 bytes,    3733688 total
- age   8:     723000 bytes,    4456688 total
: 106379K->5838K(109248K), 0,0278470 secs] 106379K->11925K(502464K), 0,0279216 secs] [Times: user=0,09 sys=0,00, real=0,03 secs] 
Heap after GC invocations=9 (full 1):
 par new generation   total 109248K, used 5838K [0x00000000e0000000, 0x00000000e8000000, 0x00000000e8000000)
  eden space 87424K,   0% used [0x00000000e0000000, 0x00000000e0000000, 0x00000000e5560000)
  from space 21824K,  26% used [0x00000000e6ab0000, 0x00000000e7063ba0, 0x00000000e8000000)
  to   space 21824K,   0% used [0x00000000e5560000, 0x00000000e5560000, 0x00000000e6ab0000)
 concurrent mark-sweep generation total 393216K, used 6086K [0x00000000e8000000, 0x0000000100000000, 0x0000000100000000)
 Metaspace       used 24641K, capacity 25132K, committed 25468K, reserved 1071104K
  class space    used 2876K, capacity 3083K, committed 3196K, reserved 1048576K
}
2017-05-23T14:28:14.889+0200: 3,667: Total time for which application threads were stopped: 0,0307773 seconds, Stopping threads took: 0,0027010 seconds
2017-05-23T14:28:15.272+0200: 4,050: Total time for which application threads were stopped: 0,0008034 seconds, Stopping threads took: 0,0001240 seconds
2017-05-23T14:28:15.293+0200: 4,070: Total time for which application threads were stopped: 0,0005327 seconds, Stopping threads took: 0,0000399 seconds
2017-05-23T14:28:15.318+0200: 4,095: Total time for which application threads were stopped: 0,0026080 seconds, Stopping threads took: 0,0024647 seconds
2017-05-23T14:28:15.319+0200: 4,096: Total time for which application threads were stopped: 0,0005012 seconds, Stopping threads took: 0,0000195 seconds
2017-05-23T14:28:15.321+0200: 4,098: Total time for which application threads were stopped: 0,0001514 seconds, Stopping threads took: 0,0000365 seconds
2017-05-23T14:28:15.324+0200: 4,102: Total time for which application threads were stopped: 0,0002001 seconds, Stopping threads took: 0,0000398 seconds
2017-05-23T14:28:15.325+0200: 4,103: Total time for which application threads were stopped: 0,0001882 seconds, Stopping threads took: 0,0000462 seconds
2017-05-23T14:28:15.329+0200: 4,106: Total time for which application threads were stopped: 0,0001512 seconds, Stopping threads took: 0,0000329 seconds
2017-05-23T14:28:15.334+0200: 4,111: Total time for which application threads were stopped: 0,0037005 seconds, Stopping threads took: 0,0035674 seconds
2017-05-23T14:28:15.416+0200: 4,194: Total time for which application threads were stopped: 0,0008066 seconds, Stopping threads took: 0,0002502 seconds
2017-05-23T14:28:15.421+0200: 4,198: Total time for which application threads were stopped: 0,0002541 seconds, Stopping threads took: 0,0001086 seconds
2017-05-23T14:28:15.424+0200: 4,201: Total time for which application threads were stopped: 0,0002226 seconds, Stopping threads took: 0,0000521 seconds
2017-05-23T14:28:15.424+0200: 4,202: Total time for which application threads were stopped: 0,0002944 seconds, Stopping threads took: 0,0001800 seconds
2017-05-23T14:28:15.435+0200: 4,212: Total time for which application threads were stopped: 0,0013565 seconds, Stopping threads took: 0,0012328 seconds
2017-05-23T14:28:15.443+0200: 4,220: Total time for which application threads were stopped: 0,0001726 seconds, Stopping threads took: 0,0000420 seconds
2017-05-23T14:28:15.454+0200: 4,231: Total time for which application threads were stopped: 0,0002282 seconds, Stopping threads took: 0,0000440 seconds
2017-05-23T14:28:15.456+0200: 4,233: Total time for which application threads were stopped: 0,0001738 seconds, Stopping threads took: 0,0000438 seconds
2017-05-23T14:28:15.459+0200: 4,236: Total time for which application threads were stopped: 0,0001567 seconds, Stopping threads took: 0,0000433 seconds
2017-05-23T14:28:15.460+0200: 4,237: Total time for which application threads were stopped: 0,0001354 seconds, Stopping threads took: 0,0000332 seconds
2017-05-23T14:28:15.460+0200: 4,238: Total time for which application threads were stopped: 0,0001107 seconds, Stopping threads took: 0,0000221 seconds
2017-05-23T14:28:15.460+0200: 4,238: Total time for which application threads were stopped: 0,0001023 seconds, Stopping threads took: 0,0000252 seconds
2017-05-23T14:28:15.461+0200: 4,238: Total time for which application threads were stopped: 0,0000974 seconds, Stopping threads took: 0,0000238 seconds
2017-05-23T14:28:15.462+0200: 4,240: Total time for which application threads were stopped: 0,0001620 seconds, Stopping threads took: 0,0000423 seconds
2017-05-23T14:28:15.463+0200: 4,240: Total time for which application threads were stopped: 0,0001041 seconds, Stopping threads took: 0,0000229 seconds
2017-05-23T14:28:15.463+0200: 4,240: Total time for which application threads were stopped: 0,0001043 seconds, Stopping threads took: 0,0000257 seconds
2017-05-23T14:28:15.463+0200: 4,240: Total time for which application threads were stopped: 0,0000983 seconds, Stopping threads took: 0,0000254 seconds
2017-05-23T14:28:15.463+0200: 4,240: Total time for which application threads were stopped: 0,0002440 seconds, Stopping threads took: 0,0000660 seconds
2017-05-23T14:28:15.476+0200: 4,253: Total time for which application threads were stopped: 0,0063867 seconds, Stopping threads took: 0,0062720 seconds
2017-05-23T14:28:15.476+0200: 4,253: Total time for which application threads were stopped: 0,0001056 seconds, Stopping threads took: 0,0000209 seconds
2017-05-23T14:28:15.476+0200: 4,253: Total time for which application threads were stopped: 0,0001030 seconds, Stopping threads took: 0,0000145 seconds
2017-05-23T14:28:15.477+0200: 4,254: Total time for which application threads were stopped: 0,0005587 seconds, Stopping threads took: 0,0004363 seconds
2017-05-23T14:28:15.477+0200: 4,255: Total time for which application threads were stopped: 0,0001673 seconds, Stopping threads took: 0,0000162 seconds
2017-05-23T14:28:15.478+0200: 4,255: Total time for which application threads were stopped: 0,0000964 seconds, Stopping threads took: 0,0000128 seconds
2017-05-23T14:28:15.478+0200: 4,255: Total time for which application threads were stopped: 0,0000913 seconds, Stopping threads took: 0,0000166 seconds
2017-05-23T14:28:15.478+0200: 4,255: Total time for which application threads were stopped: 0,0000971 seconds, Stopping threads took: 0,0000248 seconds
2017-05-23T14:28:15.478+0200: 4,256: Total time for which application threads were stopped: 0,0001496 seconds, Stopping threads took: 0,0000603 seconds
2017-05-23T14:28:15.478+0200: 4,256: Total time for which application threads were stopped: 0,0000814 seconds, Stopping threads took: 0,0000103 seconds
2017-05-23T14:28:15.479+0200: 4,256: Total time for which application threads were stopped: 0,0000731 seconds, Stopping threads took: 0,0000114 seconds
2017-05-23T14:28:15.479+0200: 4,256: Total time for which application threads were stopped: 0,0000740 seconds, Stopping threads took: 0,0000105 seconds
2017-05-23T14:28:15.479+0200: 4,256: Total time for which application threads were stopped: 0,0000756 seconds, Stopping threads took: 0,0000154 seconds
2017-05-23T14:28:15.479+0200: 4,256: Total time for which application threads were stopped: 0,0000761 seconds, Stopping threads took: 0,0000124 seconds
2017-05-23T14:28:15.479+0200: 4,257: Total time for which application threads were stopped: 0,0000709 seconds, Stopping threads took: 0,0000101 seconds
2017-05-23T14:28:15.479+0200: 4,257: Total time for which application threads were stopped: 0,0000727 seconds, Stopping threads took: 0,0000093 seconds
2017-05-23T14:28:15.480+0200: 4,257: Total time for which application threads were stopped: 0,0000694 seconds, Stopping threads took: 0,0000098 seconds
2017-05-23T14:28:15.480+0200: 4,257: Total time for which application threads were stopped: 0,0000724 seconds, Stopping threads took: 0,0000179 seconds
2017-05-23T14:28:15.480+0200: 4,257: Total time for which application threads were stopped: 0,0000785 seconds, Stopping threads took: 0,0000110 seconds
2017-05-23T14:28:15.480+0200: 4,258: Total time for which application threads were stopped: 0,0001942 seconds, Stopping threads took: 0,0000200 seconds
2017-05-23T14:28:15.493+0200: 4,270: Total time for which application threads were stopped: 0,0001341 seconds, Stopping threads took: 0,0000518 seconds
2017-05-23T14:28:15.493+0200: 4,271: Total time for which application threads were stopped: 0,0001625 seconds, Stopping threads took: 0,0000609 seconds
2017-05-23T14:28:15.507+0200: 4,284: Total time for which application threads were stopped: 0,0001595 seconds, Stopping threads took: 0,0000305 seconds
2017-05-23T14:28:15.573+0200: 4,350: Total time for which application threads were stopped: 0,0002780 seconds, Stopping threads took: 0,0001566 seconds
2017-05-23T14:28:15.656+0200: 4,433: Total time for which application threads were stopped: 0,0006474 seconds, Stopping threads took: 0,0000552 seconds
2017-05-23T14:28:15.656+0200: 4,434: Total time for which application threads were stopped: 0,0001872 seconds, Stopping threads took: 0,0000285 seconds
2017-05-23T14:28:16.658+0200: 5,436: Total time for which application threads were stopped: 0,0000780 seconds, Stopping threads took: 0,0000190 seconds
2017-05-23T14:28:17.659+0200: 6,436: Total time for which application threads were stopped: 0,0000773 seconds, Stopping threads took: 0,0000180 seconds
2017-05-23T14:28:33.661+0200: 22,438: Total time for which application threads were stopped: 0,0000758 seconds, Stopping threads took: 0,0000219 seconds
2017-05-23T14:28:42.662+0200: 31,439: Total time for which application threads were stopped: 0,0000886 seconds, Stopping threads took: 0,0000367 seconds
2017-05-23T14:30:08.672+0200: 117,450: Total time for which application threads were stopped: 0,0000838 seconds, Stopping threads took: 0,0000322 seconds
2017-05-23T14:30:13.674+0200: 122,451: Total time for which application threads were stopped: 0,0000630 seconds, Stopping threads took: 0,0000158 seconds
{Heap before GC invocations=9 (full 1):
 par new generation   total 109248K, used 93262K [0x00000000e0000000, 0x00000000e8000000, 0x00000000e8000000)
  eden space 87424K, 100% used [0x00000000e0000000, 0x00000000e5560000, 0x00000000e5560000)
  from space 21824K,  26% used [0x00000000e6ab0000, 0x00000000e7063ba0, 0x00000000e8000000)
  to   space 21824K,   0% used [0x00000000e5560000, 0x00000000e5560000, 0x00000000e6ab0000)
 concurrent mark-sweep generation total 393216K, used 6086K [0x00000000e8000000, 0x0000000100000000, 0x0000000100000000)
 Metaspace       used 28073K, capacity 28554K, committed 28796K, reserved 1075200K
  class space    used 3212K, capacity 3388K, committed 3452K, reserved 1048576K
2017-05-23T14:31:07.105+0200: 175,883: [GC (Allocation Failure) 2017-05-23T14:31:07.105+0200: 175,883: [ParNew
Desired survivor size 20112992 bytes, new threshold 8 (max 8)
- age   1:   11158960 bytes,   11158960 total
- age   2:     211216 bytes,   11370176 total
- age   3:     182408 bytes,   11552584 total
- age   4:    1743280 bytes,   13295864 total
- age   5:       3592 bytes,   13299456 total
- age   6:      72328 bytes,   13371784 total
- age   7:      99376 bytes,   13471160 total
- age   8:     180504 bytes,   13651664 total
: 93262K->14587K(109248K), 0,0213093 secs] 99349K->21461K(502464K), 0,0213891 secs] [Times: user=0,07 sys=0,01, real=0,03 secs] 
Heap after GC invocations=10 (full 1):
 par new generation   total 109248K, used 14587K [0x00000000e0000000, 0x00000000e8000000, 0x00000000e8000000)
  eden space 87424K,   0% used [0x00000000e0000000, 0x00000000e0000000, 0x00000000e5560000)
  from space 21824K,  66% used [0x00000000e5560000, 0x00000000e639ee10, 0x00000000e6ab0000)
  to   space 21824K,   0% used [0x00000000e6ab0000, 0x00000000e6ab0000, 0x00000000e8000000)
 concurrent mark-sweep generation total 393216K, used 6874K [0x00000000e8000000, 0x0000000100000000, 0x0000000100000000)
 Metaspace       used 28073K, capacity 28554K, committed 28796K, reserved 1075200K
  class space    used 3212K, capacity 3388K, committed 3452K, reserved 1048576K
}
2017-05-23T14:31:07.127+0200: 175,904: Total time for which application threads were stopped: 0,0215671 seconds, Stopping threads took: 0,0000541 seconds
2017-05-23T14:31:07.127+0200: 175,904: Total time for which application threads were stopped: 0,0000757 seconds, Stopping threads took: 0,0000362 seconds
2017-05-23T14:31:07.128+0200: 175,905: Total time for which application threads were stopped: 0,0000515 seconds, Stopping threads took: 0,0000201 seconds
2017-05-23T14:31:12.129+0200: 180,906: Total time for which application threads were stopped: 0,0001527 seconds, Stopping threads took: 0,0000360 seconds
2017-05-23T14:32:42.140+0200: 270,917: Total time for which application threads were stopped: 0,0001444 seconds, Stopping threads took: 0,0000625 seconds
2017-05-23T14:51:37.297+0200: 1406,074: Total time for which application threads were stopped: 0,0000864 seconds, Stopping threads took: 0,0000321 seconds
2017-05-23T14:55:07.331+0200: 1616,109: Total time for which application threads were stopped: 0,0001845 seconds, Stopping threads took: 0,0000640 seconds
2017-05-23T14:55:32.335+0200: 1641,113: Total time for which application threads were stopped: 0,0001618 seconds, Stopping threads took: 0,0000596 seconds
2017-05-23T15:02:27.415+0200: 2056,193: Total time for which application threads were stopped: 0,0004839 seconds, Stopping threads took: 0,0000146 seconds
2017-05-23T15:02:27.416+0200: 2056,194: Total time for which application threads were stopped: 0,0004964 seconds, Stopping threads took: 0,0000096 seconds
2017-05-23T15:02:27.437+0200: 2056,214: Total time for which application threads were stopped: 0,0001090 seconds, Stopping threads took: 0,0000301 seconds
2017-05-23T15:02:27.445+0200: 2056,223: Total time for which application threads were stopped: 0,0001360 seconds, Stopping threads took: 0,0000198 seconds
2017-05-23T15:02:27.458+0200: 2056,235: Total time for which application threads were stopped: 0,0127601 seconds, Stopping threads took: 0,0126773 seconds
2017-05-23T15:02:27.458+0200: 2056,236: Total time for which application threads were stopped: 0,0000578 seconds, Stopping threads took: 0,0000089 seconds
2017-05-23T15:02:27.459+0200: 2056,236: Total time for which application threads were stopped: 0,0000551 seconds, Stopping threads took: 0,0000070 seconds
2017-05-23T15:02:27.459+0200: 2056,236: Total time for which application threads were stopped: 0,0000340 seconds, Stopping threads took: 0,0000046 seconds
2017-05-23T15:02:27.459+0200: 2056,236: Total time for which application threads were stopped: 0,0000329 seconds, Stopping threads took: 0,0000046 seconds
2017-05-23T15:02:27.459+0200: 2056,236: Total time for which application threads were stopped: 0,0000372 seconds, Stopping threads took: 0,0000094 seconds
2017-05-23T15:02:27.459+0200: 2056,236: Total time for which application threads were stopped: 0,0000306 seconds, Stopping threads took: 0,0000042 seconds
2017-05-23T15:02:27.459+0200: 2056,236: Total time for which application threads were stopped: 0,0000347 seconds, Stopping threads took: 0,0000040 seconds
2017-05-23T15:02:27.473+0200: 2056,250: Total time for which application threads were stopped: 0,0008854 seconds, Stopping threads took: 0,0008066 seconds
2017-05-23T15:02:27.473+0200: 2056,250: Total time for which application threads were stopped: 0,0000597 seconds, Stopping threads took: 0,0000247 seconds
2017-05-23T15:02:27.473+0200: 2056,250: Total time for which application threads were stopped: 0,0000451 seconds, Stopping threads took: 0,0000153 seconds
2017-05-23T15:02:27.473+0200: 2056,250: Total time for which application threads were stopped: 0,0000408 seconds, Stopping threads took: 0,0000104 seconds
2017-05-23T15:02:27.482+0200: 2056,259: Total time for which application threads were stopped: 0,0038246 seconds, Stopping threads took: 0,0037305 seconds
2017-05-23T15:02:27.489+0200: 2056,266: Total time for which application threads were stopped: 0,0001134 seconds, Stopping threads took: 0,0000393 seconds
2017-05-23T15:02:27.489+0200: 2056,266: Total time for which application threads were stopped: 0,0000442 seconds, Stopping threads took: 0,0000135 seconds
2017-05-23T15:02:27.489+0200: 2056,266: Total time for which application threads were stopped: 0,0000452 seconds, Stopping threads took: 0,0000109 seconds
2017-05-23T15:02:27.489+0200: 2056,266: Total time for which application threads were stopped: 0,0000676 seconds, Stopping threads took: 0,0000207 seconds
2017-05-23T15:02:27.489+0200: 2056,266: Total time for which application threads were stopped: 0,0000594 seconds, Stopping threads took: 0,0000232 seconds
2017-05-23T15:02:27.489+0200: 2056,267: Total time for which application threads were stopped: 0,0000530 seconds, Stopping threads took: 0,0000163 seconds
2017-05-23T15:02:27.489+0200: 2056,267: Total time for which application threads were stopped: 0,0000471 seconds, Stopping threads took: 0,0000171 seconds
2017-05-23T15:02:27.490+0200: 2056,267: Total time for which application threads were stopped: 0,0000576 seconds, Stopping threads took: 0,0000236 seconds
2017-05-23T15:02:27.490+0200: 2056,267: Total time for which application threads were stopped: 0,0000526 seconds, Stopping threads took: 0,0000211 seconds
2017-05-23T15:02:27.494+0200: 2056,271: Total time for which application threads were stopped: 0,0036931 seconds, Stopping threads took: 0,0035748 seconds
2017-05-23T15:02:27.495+0200: 2056,272: Total time for which application threads were stopped: 0,0001502 seconds, Stopping threads took: 0,0000696 seconds
2017-05-23T15:02:27.495+0200: 2056,273: Total time for which application threads were stopped: 0,0001282 seconds, Stopping threads took: 0,0000589 seconds
2017-05-23T15:02:27.503+0200: 2056,280: Total time for which application threads were stopped: 0,0001148 seconds, Stopping threads took: 0,0000451 seconds
2017-05-23T15:02:27.503+0200: 2056,281: Total time for which application threads were stopped: 0,0000565 seconds, Stopping threads took: 0,0000162 seconds
2017-05-23T15:02:27.503+0200: 2056,281: Total time for which application threads were stopped: 0,0000433 seconds, Stopping threads took: 0,0000114 seconds
2017-05-23T15:02:27.506+0200: 2056,283: Total time for which application threads were stopped: 0,0026510 seconds, Stopping threads took: 0,0025173 seconds
2017-05-23T15:02:27.506+0200: 2056,284: Total time for which application threads were stopped: 0,0000563 seconds, Stopping threads took: 0,0000220 seconds
2017-05-23T15:02:27.506+0200: 2056,284: Total time for which application threads were stopped: 0,0001863 seconds, Stopping threads took: 0,0000044 seconds
2017-05-23T15:02:27.510+0200: 2056,287: Total time for which application threads were stopped: 0,0028950 seconds, Stopping threads took: 0,0027947 seconds
2017-05-23T15:02:27.511+0200: 2056,289: Total time for which application threads were stopped: 0,0001015 seconds, Stopping threads took: 0,0000127 seconds
2017-05-23T15:02:27.519+0200: 2056,296: Total time for which application threads were stopped: 0,0001019 seconds, Stopping threads took: 0,0000295 seconds
2017-05-23T15:02:27.519+0200: 2056,297: Total time for which application threads were stopped: 0,0001165 seconds, Stopping threads took: 0,0000264 seconds
Heap
 par new generation   total 109248K, used 32409K [0x00000000e0000000, 0x00000000e8000000, 0x00000000e8000000)
  eden space 87424K,  20% used [0x00000000e0000000, 0x00000000e1167888, 0x00000000e5560000)
  from space 21824K,  66% used [0x00000000e5560000, 0x00000000e639ee10, 0x00000000e6ab0000)
  to   space 21824K,   0% used [0x00000000e6ab0000, 0x00000000e6ab0000, 0x00000000e8000000)
 concurrent mark-sweep generation total 393216K, used 6874K [0x00000000e8000000, 0x0000000100000000, 0x0000000100000000)
 Metaspace       used 28203K, capacity 28724K, committed 29052K, reserved 1075200K
  class space    used 3229K, capacity 3423K, committed 3452K, reserved 1048576K
