OpenJDK 64-Bit Server VM (25.121-b13) for linux-amd64 JRE (1.8.0_121-8u121-b13-0ubuntu1.16.04.2-b13), built on Jan 23 2017 15:51:29 by "buildd" with gcc 5.4.0 20160609
Memory: 4k page, physical 7867764k(7415456k free), swap 8076284k(8076284k free)
CommandLine flags: -XX:CMSInitiatingOccupancyFraction=50 -XX:CMSMaxAbortablePrecleanTime=6000 -XX:+CMSParallelRemarkEnabled -XX:+CMSScavengeBeforeRemark -XX:ConcGCThreads=4 -XX:InitialHeapSize=536870912 -XX:MaxHeapSize=536870912 -XX:MaxTenuringThreshold=8 -XX:NewRatio=3 -XX:OldPLABSize=16 -XX:OnOutOfMemoryError=/opt/solr/bin/oom_solr.sh 8983 /var/solr/logs -XX:ParallelGCThreads=4 -XX:+ParallelRefProcEnabled -XX:PretenureSizeThreshold=67108864 -XX:+PrintGC -XX:+PrintGCApplicationStoppedTime -XX:+PrintGCDateStamps -XX:+PrintGCDetails -XX:+PrintGCTimeStamps -XX:+PrintHeapAtGC -XX:+PrintTenuringDistribution -XX:SurvivorRatio=4 -XX:TargetSurvivorRatio=90 -XX:ThreadStackSize=256 -XX:+UseCMSInitiatingOccupancyOnly -XX:+UseCompressedClassPointers -XX:+UseCompressedOops -XX:+UseConcMarkSweepGC -XX:+UseParNewGC 
2017-04-10T12:47:21.630+0200: 0,180: Total time for which application threads were stopped: 0,0000667 seconds, Stopping threads took: 0,0000097 seconds
2017-04-10T12:47:21.974+0200: 0,524: Total time for which application threads were stopped: 0,0001412 seconds, Stopping threads took: 0,0000276 seconds
2017-04-10T12:47:22.002+0200: 0,551: Total time for which application threads were stopped: 0,0001605 seconds, Stopping threads took: 0,0000684 seconds
2017-04-10T12:47:22.295+0200: 0,845: Total time for which application threads were stopped: 0,0003122 seconds, Stopping threads took: 0,0000264 seconds
2017-04-10T12:47:22.801+0200: 1,350: Total time for which application threads were stopped: 0,0001490 seconds, Stopping threads took: 0,0000220 seconds
2017-04-10T12:47:22.859+0200: 1,409: Total time for which application threads were stopped: 0,0001453 seconds, Stopping threads took: 0,0000245 seconds
2017-04-10T12:47:22.888+0200: 1,437: Total time for which application threads were stopped: 0,0002285 seconds, Stopping threads took: 0,0000598 seconds
2017-04-10T12:47:23.168+0200: 1,717: Total time for which application threads were stopped: 0,0001719 seconds, Stopping threads took: 0,0000201 seconds
2017-04-10T12:47:23.415+0200: 1,964: Total time for which application threads were stopped: 0,0001965 seconds, Stopping threads took: 0,0000133 seconds
2017-04-10T12:47:23.444+0200: 1,993: Total time for which application threads were stopped: 0,0005066 seconds, Stopping threads took: 0,0000118 seconds
2017-04-10T12:47:23.483+0200: 2,032: Total time for which application threads were stopped: 0,0001947 seconds, Stopping threads took: 0,0000183 seconds
2017-04-10T12:47:23.484+0200: 2,033: Total time for which application threads were stopped: 0,0001408 seconds, Stopping threads took: 0,0000116 seconds
2017-04-10T12:47:23.505+0200: 2,054: Total time for which application threads were stopped: 0,0001824 seconds, Stopping threads took: 0,0000233 seconds
2017-04-10T12:47:23.578+0200: 2,127: Total time for which application threads were stopped: 0,0002069 seconds, Stopping threads took: 0,0000186 seconds
2017-04-10T12:47:23.739+0200: 2,288: Total time for which application threads were stopped: 0,0002600 seconds, Stopping threads took: 0,0000470 seconds
{Heap before GC invocations=0 (full 0):
 par new generation   total 109248K, used 87424K [0x00000000e0000000, 0x00000000e8000000, 0x00000000e8000000)
  eden space 87424K, 100% used [0x00000000e0000000, 0x00000000e5560000, 0x00000000e5560000)
  from space 21824K,   0% used [0x00000000e5560000, 0x00000000e5560000, 0x00000000e6ab0000)
  to   space 21824K,   0% used [0x00000000e6ab0000, 0x00000000e6ab0000, 0x00000000e8000000)
 concurrent mark-sweep generation total 393216K, used 0K [0x00000000e8000000, 0x0000000100000000, 0x0000000100000000)
 Metaspace       used 17880K, capacity 18176K, committed 18304K, reserved 1064960K
  class space    used 2024K, capacity 2164K, committed 2176K, reserved 1048576K
2017-04-10T12:47:23.794+0200: 2,344: [GC (Allocation Failure) 2017-04-10T12:47:23.794+0200: 2,344: [ParNew
Desired survivor size 20112992 bytes, new threshold 8 (max 8)
- age   1:   11812824 bytes,   11812824 total
: 87424K->11636K(109248K), 0,0158065 secs] 87424K->11636K(502464K), 0,0158991 secs] [Times: user=0,04 sys=0,02, real=0,01 secs] 
Heap after GC invocations=1 (full 0):
 par new generation   total 109248K, used 11636K [0x00000000e0000000, 0x00000000e8000000, 0x00000000e8000000)
  eden space 87424K,   0% used [0x00000000e0000000, 0x00000000e0000000, 0x00000000e5560000)
  from space 21824K,  53% used [0x00000000e6ab0000, 0x00000000e760d3b8, 0x00000000e8000000)
  to   space 21824K,   0% used [0x00000000e5560000, 0x00000000e5560000, 0x00000000e6ab0000)
 concurrent mark-sweep generation total 393216K, used 0K [0x00000000e8000000, 0x0000000100000000, 0x0000000100000000)
 Metaspace       used 17880K, capacity 18176K, committed 18304K, reserved 1064960K
  class space    used 2024K, capacity 2164K, committed 2176K, reserved 1048576K
}
2017-04-10T12:47:23.810+0200: 2,360: Total time for which application threads were stopped: 0,0161284 seconds, Stopping threads took: 0,0000485 seconds
2017-04-10T12:47:24.147+0200: 2,697: Total time for which application threads were stopped: 0,0003396 seconds, Stopping threads took: 0,0000464 seconds
{Heap before GC invocations=1 (full 0):
 par new generation   total 109248K, used 99060K [0x00000000e0000000, 0x00000000e8000000, 0x00000000e8000000)
  eden space 87424K, 100% used [0x00000000e0000000, 0x00000000e5560000, 0x00000000e5560000)
  from space 21824K,  53% used [0x00000000e6ab0000, 0x00000000e760d3b8, 0x00000000e8000000)
  to   space 21824K,   0% used [0x00000000e5560000, 0x00000000e5560000, 0x00000000e6ab0000)
 concurrent mark-sweep generation total 393216K, used 0K [0x00000000e8000000, 0x0000000100000000, 0x0000000100000000)
 Metaspace       used 20036K, capacity 20376K, committed 20736K, reserved 1067008K
  class space    used 2296K, capacity 2474K, committed 2560K, reserved 1048576K
2017-04-10T12:47:24.188+0200: 2,737: [GC (Allocation Failure) 2017-04-10T12:47:24.188+0200: 2,737: [ParNew
Desired survivor size 20112992 bytes, new threshold 8 (max 8)
- age   1:    4118776 bytes,    4118776 total
- age   2:    6388752 bytes,   10507528 total
: 99060K->13179K(109248K), 0,0124184 secs] 99060K->13179K(502464K), 0,0125185 secs] [Times: user=0,04 sys=0,00, real=0,01 secs] 
Heap after GC invocations=2 (full 0):
 par new generation   total 109248K, used 13179K [0x00000000e0000000, 0x00000000e8000000, 0x00000000e8000000)
  eden space 87424K,   0% used [0x00000000e0000000, 0x00000000e0000000, 0x00000000e5560000)
  from space 21824K,  60% used [0x00000000e5560000, 0x00000000e623ec90, 0x00000000e6ab0000)
  to   space 21824K,   0% used [0x00000000e6ab0000, 0x00000000e6ab0000, 0x00000000e8000000)
 concurrent mark-sweep generation total 393216K, used 0K [0x00000000e8000000, 0x0000000100000000, 0x0000000100000000)
 Metaspace       used 20036K, capacity 20376K, committed 20736K, reserved 1067008K
  class space    used 2296K, capacity 2474K, committed 2560K, reserved 1048576K
}
2017-04-10T12:47:24.200+0200: 2,750: Total time for which application threads were stopped: 0,0127826 seconds, Stopping threads took: 0,0000651 seconds
2017-04-10T12:47:24.202+0200: 2,752: Total time for which application threads were stopped: 0,0003525 seconds, Stopping threads took: 0,0000253 seconds
2017-04-10T12:47:24.238+0200: 2,787: Total time for which application threads were stopped: 0,0004754 seconds, Stopping threads took: 0,0001277 seconds
2017-04-10T12:47:24.398+0200: 2,948: Total time for which application threads were stopped: 0,0024393 seconds, Stopping threads took: 0,0022960 seconds
{Heap before GC invocations=2 (full 0):
 par new generation   total 109248K, used 100603K [0x00000000e0000000, 0x00000000e8000000, 0x00000000e8000000)
  eden space 87424K, 100% used [0x00000000e0000000, 0x00000000e5560000, 0x00000000e5560000)
  from space 21824K,  60% used [0x00000000e5560000, 0x00000000e623ec90, 0x00000000e6ab0000)
  to   space 21824K,   0% used [0x00000000e6ab0000, 0x00000000e6ab0000, 0x00000000e8000000)
 concurrent mark-sweep generation total 393216K, used 0K [0x00000000e8000000, 0x0000000100000000, 0x0000000100000000)
 Metaspace       used 20947K, capacity 21297K, committed 21552K, reserved 1069056K
  class space    used 2421K, capacity 2593K, committed 2608K, reserved 1048576K
2017-04-10T12:47:24.407+0200: 2,957: [GC (Allocation Failure) 2017-04-10T12:47:24.407+0200: 2,957: [ParNew
Desired survivor size 20112992 bytes, new threshold 8 (max 8)
- age   1:    2173160 bytes,    2173160 total
- age   2:    1102584 bytes,    3275744 total
- age   3:    6386848 bytes,    9662592 total
: 100603K->16762K(109248K), 0,0180312 secs] 100603K->16762K(502464K), 0,0181204 secs] [Times: user=0,06 sys=0,00, real=0,02 secs] 
Heap after GC invocations=3 (full 0):
 par new generation   total 109248K, used 16762K [0x00000000e0000000, 0x00000000e8000000, 0x00000000e8000000)
  eden space 87424K,   0% used [0x00000000e0000000, 0x00000000e0000000, 0x00000000e5560000)
  from space 21824K,  76% used [0x00000000e6ab0000, 0x00000000e7b0eb08, 0x00000000e8000000)
  to   space 21824K,   0% used [0x00000000e5560000, 0x00000000e5560000, 0x00000000e6ab0000)
 concurrent mark-sweep generation total 393216K, used 0K [0x00000000e8000000, 0x0000000100000000, 0x0000000100000000)
 Metaspace       used 20947K, capacity 21297K, committed 21552K, reserved 1069056K
  class space    used 2421K, capacity 2593K, committed 2608K, reserved 1048576K
}
2017-04-10T12:47:24.426+0200: 2,975: Total time for which application threads were stopped: 0,0183945 seconds, Stopping threads took: 0,0001096 seconds
2017-04-10T12:47:24.428+0200: 2,977: [GC (CMS Initial Mark) [1 CMS-initial-mark: 0K(393216K)] 18864K(502464K), 0,0057882 secs] [Times: user=0,01 sys=0,00, real=0,00 secs] 
2017-04-10T12:47:24.434+0200: 2,983: Total time for which application threads were stopped: 0,0059934 seconds, Stopping threads took: 0,0000709 seconds
2017-04-10T12:47:24.434+0200: 2,983: [CMS-concurrent-mark-start]
2017-04-10T12:47:24.434+0200: 2,984: [CMS-concurrent-mark: 0,001/0,001 secs] [Times: user=0,01 sys=0,00, real=0,01 secs] 
2017-04-10T12:47:24.435+0200: 2,984: [CMS-concurrent-preclean-start]
2017-04-10T12:47:24.436+0200: 2,985: [CMS-concurrent-preclean: 0,001/0,001 secs] [Times: user=0,00 sys=0,00, real=0,00 secs] 
2017-04-10T12:47:24.436+0200: 2,985: [CMS-concurrent-abortable-preclean-start]
{Heap before GC invocations=3 (full 1):
 par new generation   total 109248K, used 104186K [0x00000000e0000000, 0x00000000e8000000, 0x00000000e8000000)
  eden space 87424K, 100% used [0x00000000e0000000, 0x00000000e5560000, 0x00000000e5560000)
  from space 21824K,  76% used [0x00000000e6ab0000, 0x00000000e7b0eb08, 0x00000000e8000000)
  to   space 21824K,   0% used [0x00000000e5560000, 0x00000000e5560000, 0x00000000e6ab0000)
 concurrent mark-sweep generation total 393216K, used 0K [0x00000000e8000000, 0x0000000100000000, 0x0000000100000000)
 Metaspace       used 21215K, capacity 21573K, committed 21628K, reserved 1069056K
  class space    used 2449K, capacity 2608K, committed 2608K, reserved 1048576K
2017-04-10T12:47:24.536+0200: 3,085: [GC (Allocation Failure) 2017-04-10T12:47:24.536+0200: 3,085: [ParNew
Desired survivor size 20112992 bytes, new threshold 8 (max 8)
- age   1:    1280272 bytes,    1280272 total
- age   2:    1486568 bytes,    2766840 total
- age   3:    1069664 bytes,    3836504 total
- age   4:    6386984 bytes,   10223488 total
: 104186K->13072K(109248K), 0,0102868 secs] 104186K->13072K(502464K), 0,0103594 secs] [Times: user=0,03 sys=0,00, real=0,01 secs] 
Heap after GC invocations=4 (full 1):
 par new generation   total 109248K, used 13072K [0x00000000e0000000, 0x00000000e8000000, 0x00000000e8000000)
  eden space 87424K,   0% used [0x00000000e0000000, 0x00000000e0000000, 0x00000000e5560000)
  from space 21824K,  59% used [0x00000000e5560000, 0x00000000e6224290, 0x00000000e6ab0000)
  to   space 21824K,   0% used [0x00000000e6ab0000, 0x00000000e6ab0000, 0x00000000e8000000)
 concurrent mark-sweep generation total 393216K, used 0K [0x00000000e8000000, 0x0000000100000000, 0x0000000100000000)
 Metaspace       used 21215K, capacity 21573K, committed 21628K, reserved 1069056K
  class space    used 2449K, capacity 2608K, committed 2608K, reserved 1048576K
}
2017-04-10T12:47:24.546+0200: 3,095: Total time for which application threads were stopped: 0,0106010 seconds, Stopping threads took: 0,0000907 seconds
2017-04-10T12:47:24.546+0200: 3,095: [CMS-concurrent-abortable-preclean: 0,072/0,110 secs] [Times: user=0,42 sys=0,01, real=0,11 secs] 
2017-04-10T12:47:24.546+0200: 3,096: [GC (CMS Final Remark) [YG occupancy: 14383 K (109248 K)]{Heap before GC invocations=4 (full 1):
 par new generation   total 109248K, used 14383K [0x00000000e0000000, 0x00000000e8000000, 0x00000000e8000000)
  eden space 87424K,   1% used [0x00000000e0000000, 0x00000000e0147d58, 0x00000000e5560000)
  from space 21824K,  59% used [0x00000000e5560000, 0x00000000e6224290, 0x00000000e6ab0000)
  to   space 21824K,   0% used [0x00000000e6ab0000, 0x00000000e6ab0000, 0x00000000e8000000)
 concurrent mark-sweep generation total 393216K, used 0K [0x00000000e8000000, 0x0000000100000000, 0x0000000100000000)
 Metaspace       used 21215K, capacity 21573K, committed 21628K, reserved 1069056K
  class space    used 2449K, capacity 2608K, committed 2608K, reserved 1048576K
2017-04-10T12:47:24.546+0200: 3,096: [GC (CMS Final Remark) 2017-04-10T12:47:24.546+0200: 3,096: [ParNew
Desired survivor size 20112992 bytes, new threshold 8 (max 8)
- age   1:       8544 bytes,       8544 total
- age   2:    1280272 bytes,    1288816 total
- age   3:    1486568 bytes,    2775384 total
- age   4:    1069664 bytes,    3845048 total
- age   5:    6386848 bytes,   10231896 total
: 14383K->11097K(109248K), 0,0170302 secs] 14383K->11097K(502464K), 0,0170760 secs] [Times: user=0,05 sys=0,00, real=0,02 secs] 
Heap after GC invocations=5 (full 1):
 par new generation   total 109248K, used 11097K [0x00000000e0000000, 0x00000000e8000000, 0x00000000e8000000)
  eden space 87424K,   0% used [0x00000000e0000000, 0x00000000e0000000, 0x00000000e5560000)
  from space 21824K,  50% used [0x00000000e6ab0000, 0x00000000e75866d0, 0x00000000e8000000)
  to   space 21824K,   0% used [0x00000000e5560000, 0x00000000e5560000, 0x00000000e6ab0000)
 concurrent mark-sweep generation total 393216K, used 0K [0x00000000e8000000, 0x0000000100000000, 0x0000000100000000)
 Metaspace       used 21215K, capacity 21573K, committed 21628K, reserved 1069056K
  class space    used 2449K, capacity 2608K, committed 2608K, reserved 1048576K
}
2017-04-10T12:47:24.564+0200: 3,113: [Rescan (parallel) , 0,0032328 secs]2017-04-10T12:47:24.567+0200: 3,116: [weak refs processing, 0,0008906 secs]2017-04-10T12:47:24.568+0200: 3,117: [class unloading, 0,0027759 secs]2017-04-10T12:47:24.571+0200: 3,120: [scrub symbol table, 0,0025999 secs]2017-04-10T12:47:24.573+0200: 3,122: [scrub string table, 0,0004003 secs][1 CMS-remark: 0K(393216K)] 11097K(502464K), 0,0276819 secs] [Times: user=0,07 sys=0,00, real=0,03 secs] 
2017-04-10T12:47:24.574+0200: 3,123: Total time for which application threads were stopped: 0,0280577 seconds, Stopping threads took: 0,0002834 seconds
2017-04-10T12:47:24.574+0200: 3,124: [CMS-concurrent-sweep-start]
2017-04-10T12:47:24.574+0200: 3,124: [CMS-concurrent-sweep: 0,000/0,000 secs] [Times: user=0,00 sys=0,00, real=0,00 secs] 
2017-04-10T12:47:24.574+0200: 3,124: [CMS-concurrent-reset-start]
2017-04-10T12:47:24.575+0200: 3,125: [CMS-concurrent-reset: 0,001/0,001 secs] [Times: user=0,01 sys=0,00, real=0,00 secs] 
{Heap before GC invocations=5 (full 1):
 par new generation   total 109248K, used 98521K [0x00000000e0000000, 0x00000000e8000000, 0x00000000e8000000)
  eden space 87424K, 100% used [0x00000000e0000000, 0x00000000e5560000, 0x00000000e5560000)
  from space 21824K,  50% used [0x00000000e6ab0000, 0x00000000e75866d0, 0x00000000e8000000)
  to   space 21824K,   0% used [0x00000000e5560000, 0x00000000e5560000, 0x00000000e6ab0000)
 concurrent mark-sweep generation total 393216K, used 0K [0x00000000e8000000, 0x0000000100000000, 0x0000000100000000)
 Metaspace       used 21373K, capacity 21739K, committed 22012K, reserved 1069056K
  class space    used 2471K, capacity 2641K, committed 2736K, reserved 1048576K
2017-04-10T12:47:24.724+0200: 3,273: [GC (Allocation Failure) 2017-04-10T12:47:24.724+0200: 3,274: [ParNew
Desired survivor size 20112992 bytes, new threshold 8 (max 8)
- age   1:     484696 bytes,     484696 total
- age   2:         88 bytes,     484784 total
- age   3:     175504 bytes,     660288 total
- age   4:    1485864 bytes,    2146152 total
- age   5:    1065744 bytes,    3211896 total
- age   6:    6386832 bytes,    9598728 total
: 98521K->15272K(109248K), 0,0229899 secs] 98521K->15272K(502464K), 0,0230618 secs] [Times: user=0,06 sys=0,01, real=0,02 secs] 
Heap after GC invocations=6 (full 1):
 par new generation   total 109248K, used 15272K [0x00000000e0000000, 0x00000000e8000000, 0x00000000e8000000)
  eden space 87424K,   0% used [0x00000000e0000000, 0x00000000e0000000, 0x00000000e5560000)
  from space 21824K,  69% used [0x00000000e5560000, 0x00000000e644a218, 0x00000000e6ab0000)
  to   space 21824K,   0% used [0x00000000e6ab0000, 0x00000000e6ab0000, 0x00000000e8000000)
 concurrent mark-sweep generation total 393216K, used 0K [0x00000000e8000000, 0x0000000100000000, 0x0000000100000000)
 Metaspace       used 21373K, capacity 21739K, committed 22012K, reserved 1069056K
  class space    used 2471K, capacity 2641K, committed 2736K, reserved 1048576K
}
2017-04-10T12:47:24.747+0200: 3,297: Total time for which application threads were stopped: 0,0232777 seconds, Stopping threads took: 0,0000403 seconds
2017-04-10T12:47:24.781+0200: 3,331: Total time for which application threads were stopped: 0,0004137 seconds, Stopping threads took: 0,0000388 seconds
2017-04-10T12:47:25.042+0200: 3,591: Total time for which application threads were stopped: 0,0014481 seconds, Stopping threads took: 0,0008630 seconds
2017-04-10T12:47:25.061+0200: 3,611: Total time for which application threads were stopped: 0,0004298 seconds, Stopping threads took: 0,0000250 seconds
2017-04-10T12:47:25.517+0200: 4,067: Total time for which application threads were stopped: 0,0005246 seconds, Stopping threads took: 0,0000551 seconds
{Heap before GC invocations=6 (full 1):
 par new generation   total 109248K, used 102696K [0x00000000e0000000, 0x00000000e8000000, 0x00000000e8000000)
  eden space 87424K, 100% used [0x00000000e0000000, 0x00000000e5560000, 0x00000000e5560000)
  from space 21824K,  69% used [0x00000000e5560000, 0x00000000e644a218, 0x00000000e6ab0000)
  to   space 21824K,   0% used [0x00000000e6ab0000, 0x00000000e6ab0000, 0x00000000e8000000)
 concurrent mark-sweep generation total 393216K, used 0K [0x00000000e8000000, 0x0000000100000000, 0x0000000100000000)
 Metaspace       used 23975K, capacity 24405K, committed 24624K, reserved 1071104K
  class space    used 2835K, capacity 3016K, committed 3120K, reserved 1048576K
2017-04-10T12:47:25.673+0200: 4,222: [GC (Allocation Failure) 2017-04-10T12:47:25.673+0200: 4,223: [ParNew
Desired survivor size 20112992 bytes, new threshold 8 (max 8)
- age   1:    5633064 bytes,    5633064 total
- age   2:     131008 bytes,    5764072 total
- age   3:         88 bytes,    5764160 total
- age   4:     174344 bytes,    5938504 total
- age   5:     308760 bytes,    6247264 total
- age   6:    1041296 bytes,    7288560 total
- age   7:    6378672 bytes,   13667232 total
: 102696K->15838K(109248K), 0,0599544 secs] 102696K->15838K(502464K), 0,0600409 secs] [Times: user=0,06 sys=0,00, real=0,06 secs] 
Heap after GC invocations=7 (full 1):
 par new generation   total 109248K, used 15838K [0x00000000e0000000, 0x00000000e8000000, 0x00000000e8000000)
  eden space 87424K,   0% used [0x00000000e0000000, 0x00000000e0000000, 0x00000000e5560000)
  from space 21824K,  72% used [0x00000000e6ab0000, 0x00000000e7a27910, 0x00000000e8000000)
  to   space 21824K,   0% used [0x00000000e5560000, 0x00000000e5560000, 0x00000000e6ab0000)
 concurrent mark-sweep generation total 393216K, used 0K [0x00000000e8000000, 0x0000000100000000, 0x0000000100000000)
 Metaspace       used 23975K, capacity 24405K, committed 24624K, reserved 1071104K
  class space    used 2835K, capacity 3016K, committed 3120K, reserved 1048576K
}
2017-04-10T12:47:25.733+0200: 4,283: Total time for which application threads were stopped: 0,0712358 seconds, Stopping threads took: 0,0109755 seconds
{Heap before GC invocations=7 (full 1):
 par new generation   total 109248K, used 103262K [0x00000000e0000000, 0x00000000e8000000, 0x00000000e8000000)
  eden space 87424K, 100% used [0x00000000e0000000, 0x00000000e5560000, 0x00000000e5560000)
  from space 21824K,  72% used [0x00000000e6ab0000, 0x00000000e7a27910, 0x00000000e8000000)
  to   space 21824K,   0% used [0x00000000e5560000, 0x00000000e5560000, 0x00000000e6ab0000)
 concurrent mark-sweep generation total 393216K, used 0K [0x00000000e8000000, 0x0000000100000000, 0x0000000100000000)
 Metaspace       used 24441K, capacity 24891K, committed 25136K, reserved 1071104K
  class space    used 2865K, capacity 3049K, committed 3120K, reserved 1048576K
2017-04-10T12:47:25.910+0200: 4,460: [GC (Allocation Failure) 2017-04-10T12:47:25.911+0200: 4,460: [ParNew
Desired survivor size 20112992 bytes, new threshold 8 (max 8)
- age   1:    1578432 bytes,    1578432 total
- age   2:    1827944 bytes,    3406376 total
- age   3:      80120 bytes,    3486496 total
- age   5:      97128 bytes,    3583624 total
- age   6:     186640 bytes,    3770264 total
- age   7:     874720 bytes,    4644984 total
- age   8:    5994088 bytes,   10639072 total
: 103262K->16712K(109248K), 0,0275743 secs] 103262K->16712K(502464K), 0,0276569 secs] [Times: user=0,05 sys=0,01, real=0,03 secs] 
Heap after GC invocations=8 (full 1):
 par new generation   total 109248K, used 16712K [0x00000000e0000000, 0x00000000e8000000, 0x00000000e8000000)
  eden space 87424K,   0% used [0x00000000e0000000, 0x00000000e0000000, 0x00000000e5560000)
  from space 21824K,  76% used [0x00000000e5560000, 0x00000000e65b2130, 0x00000000e6ab0000)
  to   space 21824K,   0% used [0x00000000e6ab0000, 0x00000000e6ab0000, 0x00000000e8000000)
 concurrent mark-sweep generation total 393216K, used 0K [0x00000000e8000000, 0x0000000100000000, 0x0000000100000000)
 Metaspace       used 24441K, capacity 24891K, committed 25136K, reserved 1071104K
  class space    used 2865K, capacity 3049K, committed 3120K, reserved 1048576K
}
2017-04-10T12:47:25.938+0200: 4,487: Total time for which application threads were stopped: 0,0353480 seconds, Stopping threads took: 0,0074976 seconds
2017-04-10T12:47:25.993+0200: 4,543: Total time for which application threads were stopped: 0,0012218 seconds, Stopping threads took: 0,0009298 seconds
{Heap before GC invocations=8 (full 1):
 par new generation   total 109248K, used 104136K [0x00000000e0000000, 0x00000000e8000000, 0x00000000e8000000)
  eden space 87424K, 100% used [0x00000000e0000000, 0x00000000e5560000, 0x00000000e5560000)
  from space 21824K,  76% used [0x00000000e5560000, 0x00000000e65b2130, 0x00000000e6ab0000)
  to   space 21824K,   0% used [0x00000000e6ab0000, 0x00000000e6ab0000, 0x00000000e8000000)
 concurrent mark-sweep generation total 393216K, used 0K [0x00000000e8000000, 0x0000000100000000, 0x0000000100000000)
 Metaspace       used 24588K, capacity 25077K, committed 25136K, reserved 1071104K
  class space    used 2879K, capacity 3086K, committed 3120K, reserved 1048576K
2017-04-10T12:47:26.019+0200: 4,568: [GC (Allocation Failure) 2017-04-10T12:47:26.019+0200: 4,568: [ParNew
Desired survivor size 20112992 bytes, new threshold 8 (max 8)
- age   1:     517688 bytes,     517688 total
- age   2:    1000224 bytes,    1517912 total
- age   3:    1827784 bytes,    3345696 total
- age   4:      80088 bytes,    3425784 total
- age   6:      96960 bytes,    3522744 total
- age   7:     183816 bytes,    3706560 total
- age   8:     873920 bytes,    4580480 total
: 104136K->6728K(109248K), 0,0354689 secs] 104136K->13223K(502464K), 0,0355466 secs] [Times: user=0,09 sys=0,00, real=0,04 secs] 
Heap after GC invocations=9 (full 1):
 par new generation   total 109248K, used 6728K [0x00000000e0000000, 0x00000000e8000000, 0x00000000e8000000)
  eden space 87424K,   0% used [0x00000000e0000000, 0x00000000e0000000, 0x00000000e5560000)
  from space 21824K,  30% used [0x00000000e6ab0000, 0x00000000e7142210, 0x00000000e8000000)
  to   space 21824K,   0% used [0x00000000e5560000, 0x00000000e5560000, 0x00000000e6ab0000)
 concurrent mark-sweep generation total 393216K, used 6494K [0x00000000e8000000, 0x0000000100000000, 0x0000000100000000)
 Metaspace       used 24588K, capacity 25077K, committed 25136K, reserved 1071104K
  class space    used 2879K, capacity 3086K, committed 3120K, reserved 1048576K
}
2017-04-10T12:47:26.055+0200: 4,604: Total time for which application threads were stopped: 0,0359690 seconds, Stopping threads took: 0,0002543 seconds
2017-04-10T12:47:26.096+0200: 4,645: Total time for which application threads were stopped: 0,0001716 seconds, Stopping threads took: 0,0000527 seconds
2017-04-10T12:47:26.114+0200: 4,663: Total time for which application threads were stopped: 0,0002708 seconds, Stopping threads took: 0,0001632 seconds
2017-04-10T12:47:26.177+0200: 4,726: Total time for which application threads were stopped: 0,0004959 seconds, Stopping threads took: 0,0003420 seconds
2017-04-10T12:47:26.195+0200: 4,744: Total time for which application threads were stopped: 0,0174202 seconds, Stopping threads took: 0,0173037 seconds
2017-04-10T12:47:26.208+0200: 4,757: Total time for which application threads were stopped: 0,0002411 seconds, Stopping threads took: 0,0001218 seconds
2017-04-10T12:47:26.208+0200: 4,757: Total time for which application threads were stopped: 0,0000880 seconds, Stopping threads took: 0,0000200 seconds
2017-04-10T12:47:26.208+0200: 4,757: Total time for which application threads were stopped: 0,0000814 seconds, Stopping threads took: 0,0000175 seconds
2017-04-10T12:47:26.208+0200: 4,758: Total time for which application threads were stopped: 0,0000879 seconds, Stopping threads took: 0,0000200 seconds
2017-04-10T12:47:26.208+0200: 4,758: Total time for which application threads were stopped: 0,0000749 seconds, Stopping threads took: 0,0000164 seconds
2017-04-10T12:47:26.209+0200: 4,758: Total time for which application threads were stopped: 0,0000784 seconds, Stopping threads took: 0,0000176 seconds
2017-04-10T12:47:26.209+0200: 4,758: Total time for which application threads were stopped: 0,0000782 seconds, Stopping threads took: 0,0000169 seconds
2017-04-10T12:47:26.209+0200: 4,758: Total time for which application threads were stopped: 0,0000985 seconds, Stopping threads took: 0,0000200 seconds
2017-04-10T12:47:26.209+0200: 4,758: Total time for which application threads were stopped: 0,0000832 seconds, Stopping threads took: 0,0000186 seconds
2017-04-10T12:47:26.209+0200: 4,758: Total time for which application threads were stopped: 0,0001909 seconds, Stopping threads took: 0,0001129 seconds
2017-04-10T12:47:26.218+0200: 4,768: Total time for which application threads were stopped: 0,0074606 seconds, Stopping threads took: 0,0071413 seconds
2017-04-10T12:47:26.229+0200: 4,779: Total time for which application threads were stopped: 0,0001437 seconds, Stopping threads took: 0,0000298 seconds
2017-04-10T12:47:26.229+0200: 4,779: Total time for which application threads were stopped: 0,0000966 seconds, Stopping threads took: 0,0000218 seconds
2017-04-10T12:47:26.233+0200: 4,782: Total time for which application threads were stopped: 0,0012196 seconds, Stopping threads took: 0,0010847 seconds
2017-04-10T12:47:26.233+0200: 4,782: Total time for which application threads were stopped: 0,0000925 seconds, Stopping threads took: 0,0000122 seconds
2017-04-10T12:47:26.233+0200: 4,782: Total time for which application threads were stopped: 0,0000721 seconds, Stopping threads took: 0,0000107 seconds
2017-04-10T12:47:26.233+0200: 4,782: Total time for which application threads were stopped: 0,0000821 seconds, Stopping threads took: 0,0000078 seconds
2017-04-10T12:47:26.233+0200: 4,783: Total time for which application threads were stopped: 0,0000704 seconds, Stopping threads took: 0,0000092 seconds
2017-04-10T12:47:26.233+0200: 4,783: Total time for which application threads were stopped: 0,0000663 seconds, Stopping threads took: 0,0000086 seconds
2017-04-10T12:47:26.233+0200: 4,783: Total time for which application threads were stopped: 0,0000658 seconds, Stopping threads took: 0,0000081 seconds
2017-04-10T12:47:26.234+0200: 4,783: Total time for which application threads were stopped: 0,0000629 seconds, Stopping threads took: 0,0000075 seconds
2017-04-10T12:47:26.234+0200: 4,783: Total time for which application threads were stopped: 0,0000709 seconds, Stopping threads took: 0,0000093 seconds
2017-04-10T12:47:26.234+0200: 4,783: Total time for which application threads were stopped: 0,0000638 seconds, Stopping threads took: 0,0000062 seconds
2017-04-10T12:47:26.234+0200: 4,783: Total time for which application threads were stopped: 0,0000706 seconds, Stopping threads took: 0,0000078 seconds
2017-04-10T12:47:26.234+0200: 4,783: Total time for which application threads were stopped: 0,0000700 seconds, Stopping threads took: 0,0000065 seconds
2017-04-10T12:47:26.234+0200: 4,784: Total time for which application threads were stopped: 0,0001755 seconds, Stopping threads took: 0,0000055 seconds
2017-04-10T12:47:26.235+0200: 4,784: Total time for which application threads were stopped: 0,0000883 seconds, Stopping threads took: 0,0000119 seconds
2017-04-10T12:47:26.235+0200: 4,784: Total time for which application threads were stopped: 0,0000645 seconds, Stopping threads took: 0,0000059 seconds
2017-04-10T12:47:26.235+0200: 4,784: Total time for which application threads were stopped: 0,0000631 seconds, Stopping threads took: 0,0000055 seconds
2017-04-10T12:47:26.235+0200: 4,784: Total time for which application threads were stopped: 0,0000743 seconds, Stopping threads took: 0,0000071 seconds
2017-04-10T12:47:26.239+0200: 4,789: Total time for which application threads were stopped: 0,0006687 seconds, Stopping threads took: 0,0003250 seconds
2017-04-10T12:47:26.243+0200: 4,792: Total time for which application threads were stopped: 0,0001895 seconds, Stopping threads took: 0,0000362 seconds
2017-04-10T12:47:26.252+0200: 4,801: Total time for which application threads were stopped: 0,0004228 seconds, Stopping threads took: 0,0000219 seconds
2017-04-10T12:47:26.261+0200: 4,810: Total time for which application threads were stopped: 0,0001914 seconds, Stopping threads took: 0,0000953 seconds
2017-04-10T12:47:26.283+0200: 4,832: Total time for which application threads were stopped: 0,0008217 seconds, Stopping threads took: 0,0007081 seconds
2017-04-10T12:47:26.315+0200: 4,864: Total time for which application threads were stopped: 0,0087244 seconds, Stopping threads took: 0,0086155 seconds
2017-04-10T12:47:26.315+0200: 4,864: Total time for which application threads were stopped: 0,0000535 seconds, Stopping threads took: 0,0000122 seconds
2017-04-10T12:47:26.315+0200: 4,864: Total time for which application threads were stopped: 0,0000519 seconds, Stopping threads took: 0,0000095 seconds
2017-04-10T12:47:26.315+0200: 4,865: Total time for which application threads were stopped: 0,0000400 seconds, Stopping threads took: 0,0000068 seconds
2017-04-10T12:47:26.315+0200: 4,865: Total time for which application threads were stopped: 0,0000447 seconds, Stopping threads took: 0,0000077 seconds
2017-04-10T12:47:26.315+0200: 4,865: Total time for which application threads were stopped: 0,0000444 seconds, Stopping threads took: 0,0000075 seconds
2017-04-10T12:47:26.316+0200: 4,865: Total time for which application threads were stopped: 0,0000376 seconds, Stopping threads took: 0,0000067 seconds
2017-04-10T12:47:26.316+0200: 4,865: Total time for which application threads were stopped: 0,0000468 seconds, Stopping threads took: 0,0000096 seconds
2017-04-10T12:47:26.316+0200: 4,865: Total time for which application threads were stopped: 0,0000378 seconds, Stopping threads took: 0,0000065 seconds
2017-04-10T12:47:26.318+0200: 4,868: Total time for which application threads were stopped: 0,0001792 seconds, Stopping threads took: 0,0000655 seconds
2017-04-10T12:47:26.318+0200: 4,868: Total time for which application threads were stopped: 0,0000595 seconds, Stopping threads took: 0,0000127 seconds
2017-04-10T12:47:26.319+0200: 4,868: Total time for which application threads were stopped: 0,0000429 seconds, Stopping threads took: 0,0000062 seconds
2017-04-10T12:47:26.324+0200: 4,873: Total time for which application threads were stopped: 0,0001974 seconds, Stopping threads took: 0,0001076 seconds
2017-04-10T12:47:26.324+0200: 4,873: Total time for which application threads were stopped: 0,0000611 seconds, Stopping threads took: 0,0000203 seconds
2017-04-10T12:47:26.324+0200: 4,874: Total time for which application threads were stopped: 0,0000596 seconds, Stopping threads took: 0,0000197 seconds
2017-04-10T12:47:26.324+0200: 4,874: Total time for which application threads were stopped: 0,0000513 seconds, Stopping threads took: 0,0000098 seconds
2017-04-10T12:47:26.324+0200: 4,874: Total time for which application threads were stopped: 0,0000481 seconds, Stopping threads took: 0,0000102 seconds
2017-04-10T12:47:26.333+0200: 4,882: Total time for which application threads were stopped: 0,0002002 seconds, Stopping threads took: 0,0000696 seconds
2017-04-10T12:47:26.333+0200: 4,882: Total time for which application threads were stopped: 0,0001176 seconds, Stopping threads took: 0,0000070 seconds
2017-04-10T12:47:26.333+0200: 4,883: Total time for which application threads were stopped: 0,0002435 seconds, Stopping threads took: 0,0000081 seconds
2017-04-10T12:47:26.335+0200: 4,885: Total time for which application threads were stopped: 0,0001554 seconds, Stopping threads took: 0,0000148 seconds
2017-04-10T12:47:26.337+0200: 4,886: Total time for which application threads were stopped: 0,0001180 seconds, Stopping threads took: 0,0000182 seconds
2017-04-10T12:47:26.337+0200: 4,886: Total time for which application threads were stopped: 0,0000759 seconds, Stopping threads took: 0,0000101 seconds
2017-04-10T12:47:26.337+0200: 4,886: Total time for which application threads were stopped: 0,0002544 seconds, Stopping threads took: 0,0000061 seconds
2017-04-10T12:47:26.346+0200: 4,895: Total time for which application threads were stopped: 0,0002054 seconds, Stopping threads took: 0,0000400 seconds
2017-04-10T12:47:26.346+0200: 4,896: Total time for which application threads were stopped: 0,0000928 seconds, Stopping threads took: 0,0000203 seconds
2017-04-10T12:47:26.346+0200: 4,896: Total time for which application threads were stopped: 0,0000684 seconds, Stopping threads took: 0,0000142 seconds
2017-04-10T12:47:26.347+0200: 4,896: Total time for which application threads were stopped: 0,0001140 seconds, Stopping threads took: 0,0000247 seconds
2017-04-10T12:47:26.348+0200: 4,897: Total time for which application threads were stopped: 0,0001272 seconds, Stopping threads took: 0,0000304 seconds
2017-04-10T12:47:26.349+0200: 4,899: Total time for which application threads were stopped: 0,0001284 seconds, Stopping threads took: 0,0000378 seconds
2017-04-10T12:47:26.351+0200: 4,900: Total time for which application threads were stopped: 0,0001677 seconds, Stopping threads took: 0,0000506 seconds
2017-04-10T12:47:26.361+0200: 4,911: Total time for which application threads were stopped: 0,0001721 seconds, Stopping threads took: 0,0000611 seconds
2017-04-10T12:47:26.361+0200: 4,911: Total time for which application threads were stopped: 0,0000732 seconds, Stopping threads took: 0,0000165 seconds
2017-04-10T12:47:26.362+0200: 4,911: Total time for which application threads were stopped: 0,0000700 seconds, Stopping threads took: 0,0000135 seconds
2017-04-10T12:47:26.362+0200: 4,911: Total time for which application threads were stopped: 0,0000665 seconds, Stopping threads took: 0,0000131 seconds
2017-04-10T12:47:26.362+0200: 4,911: Total time for which application threads were stopped: 0,0000674 seconds, Stopping threads took: 0,0000133 seconds
2017-04-10T12:47:26.363+0200: 4,912: Total time for which application threads were stopped: 0,0001754 seconds, Stopping threads took: 0,0000399 seconds
2017-04-10T12:47:26.363+0200: 4,913: Total time for which application threads were stopped: 0,0001006 seconds, Stopping threads took: 0,0000199 seconds
2017-04-10T12:47:26.398+0200: 4,948: Total time for which application threads were stopped: 0,0272277 seconds, Stopping threads took: 0,0271189 seconds
2017-04-10T12:47:26.400+0200: 4,950: Total time for which application threads were stopped: 0,0001106 seconds, Stopping threads took: 0,0000142 seconds
2017-04-10T12:47:26.401+0200: 4,950: Total time for which application threads were stopped: 0,0000623 seconds, Stopping threads took: 0,0000059 seconds
2017-04-10T12:47:26.401+0200: 4,950: Total time for which application threads were stopped: 0,0000586 seconds, Stopping threads took: 0,0000051 seconds
2017-04-10T12:47:26.401+0200: 4,950: Total time for which application threads were stopped: 0,0000568 seconds, Stopping threads took: 0,0000053 seconds
2017-04-10T12:47:26.401+0200: 4,951: Total time for which application threads were stopped: 0,0002034 seconds, Stopping threads took: 0,0000160 seconds
2017-04-10T12:47:26.638+0200: 5,187: Total time for which application threads were stopped: 0,0001462 seconds, Stopping threads took: 0,0000365 seconds
2017-04-10T12:47:26.640+0200: 5,189: Total time for which application threads were stopped: 0,0001580 seconds, Stopping threads took: 0,0000515 seconds
2017-04-10T12:47:26.688+0200: 5,238: Total time for which application threads were stopped: 0,0018766 seconds, Stopping threads took: 0,0017607 seconds
2017-04-10T12:47:26.689+0200: 5,238: Total time for which application threads were stopped: 0,0000864 seconds, Stopping threads took: 0,0000144 seconds
2017-04-10T12:47:26.698+0200: 5,248: Total time for which application threads were stopped: 0,0001708 seconds, Stopping threads took: 0,0000419 seconds
2017-04-10T12:47:26.718+0200: 5,267: Total time for which application threads were stopped: 0,0001285 seconds, Stopping threads took: 0,0000367 seconds
2017-04-10T12:47:26.817+0200: 5,366: Total time for which application threads were stopped: 0,0119343 seconds, Stopping threads took: 0,0118318 seconds
2017-04-10T12:47:27.006+0200: 5,555: Total time for which application threads were stopped: 0,0004441 seconds, Stopping threads took: 0,0000360 seconds
2017-04-10T12:47:27.065+0200: 5,615: Total time for which application threads were stopped: 0,0004845 seconds, Stopping threads took: 0,0000251 seconds
2017-04-10T12:47:27.212+0200: 5,762: Total time for which application threads were stopped: 0,0008814 seconds, Stopping threads took: 0,0003662 seconds
2017-04-10T12:47:27.254+0200: 5,803: Total time for which application threads were stopped: 0,0045978 seconds, Stopping threads took: 0,0044586 seconds
2017-04-10T12:47:27.260+0200: 5,810: Total time for which application threads were stopped: 0,0016297 seconds, Stopping threads took: 0,0014989 seconds
2017-04-10T12:47:27.290+0200: 5,839: Total time for which application threads were stopped: 0,0001323 seconds, Stopping threads took: 0,0000339 seconds
2017-04-10T12:47:27.319+0200: 5,868: Total time for which application threads were stopped: 0,0009872 seconds, Stopping threads took: 0,0008711 seconds
2017-04-10T12:47:27.350+0200: 5,900: Total time for which application threads were stopped: 0,0001850 seconds, Stopping threads took: 0,0000419 seconds
2017-04-10T12:47:27.378+0200: 5,927: Total time for which application threads were stopped: 0,0025733 seconds, Stopping threads took: 0,0024806 seconds
2017-04-10T12:47:27.427+0200: 5,976: Total time for which application threads were stopped: 0,0041205 seconds, Stopping threads took: 0,0039952 seconds
2017-04-10T12:47:27.579+0200: 6,128: Total time for which application threads were stopped: 0,0210474 seconds, Stopping threads took: 0,0209308 seconds
2017-04-10T12:47:27.613+0200: 6,163: Total time for which application threads were stopped: 0,0004808 seconds, Stopping threads took: 0,0000358 seconds
{Heap before GC invocations=9 (full 1):
 par new generation   total 109248K, used 94152K [0x00000000e0000000, 0x00000000e8000000, 0x00000000e8000000)
  eden space 87424K, 100% used [0x00000000e0000000, 0x00000000e5560000, 0x00000000e5560000)
  from space 21824K,  30% used [0x00000000e6ab0000, 0x00000000e7142210, 0x00000000e8000000)
  to   space 21824K,   0% used [0x00000000e5560000, 0x00000000e5560000, 0x00000000e6ab0000)
 concurrent mark-sweep generation total 393216K, used 6494K [0x00000000e8000000, 0x0000000100000000, 0x0000000100000000)
 Metaspace       used 27962K, capacity 28499K, committed 28848K, reserved 1075200K
  class space    used 3214K, capacity 3391K, committed 3504K, reserved 1048576K
2017-04-10T12:47:28.613+0200: 7,162: [GC (Allocation Failure) 2017-04-10T12:47:28.613+0200: 7,162: [ParNew
Desired survivor size 20112992 bytes, new threshold 8 (max 8)
- age   1:   11373064 bytes,   11373064 total
- age   2:     173976 bytes,   11547040 total
- age   3:     212264 bytes,   11759304 total
- age   4:    1818944 bytes,   13578248 total
- age   5:      80056 bytes,   13658304 total
- age   7:      94256 bytes,   13752560 total
- age   8:     183128 bytes,   13935688 total
: 94152K->15280K(109248K), 0,2223732 secs] 100647K->22640K(502464K), 0,2224397 secs] [Times: user=0,27 sys=0,00, real=0,23 secs] 
Heap after GC invocations=10 (full 1):
 par new generation   total 109248K, used 15280K [0x00000000e0000000, 0x00000000e8000000, 0x00000000e8000000)
  eden space 87424K,   0% used [0x00000000e0000000, 0x00000000e0000000, 0x00000000e5560000)
  from space 21824K,  70% used [0x00000000e5560000, 0x00000000e644c140, 0x00000000e6ab0000)
  to   space 21824K,   0% used [0x00000000e6ab0000, 0x00000000e6ab0000, 0x00000000e8000000)
 concurrent mark-sweep generation total 393216K, used 7359K [0x00000000e8000000, 0x0000000100000000, 0x0000000100000000)
 Metaspace       used 27962K, capacity 28499K, committed 28848K, reserved 1075200K
  class space    used 3214K, capacity 3391K, committed 3504K, reserved 1048576K
}
2017-04-10T12:47:28.835+0200: 7,384: Total time for which application threads were stopped: 0,2226573 seconds, Stopping threads took: 0,0000212 seconds
2017-04-10T12:47:28.836+0200: 7,385: Total time for which application threads were stopped: 0,0000581 seconds, Stopping threads took: 0,0000127 seconds
2017-04-10T12:47:28.836+0200: 7,385: Total time for which application threads were stopped: 0,0000375 seconds, Stopping threads took: 0,0000107 seconds
2017-04-10T12:48:43.843+0200: 82,393: Total time for which application threads were stopped: 0,0002992 seconds, Stopping threads took: 0,0000834 seconds
2017-04-10T13:24:57.146+0200: 118,094: Total time for which application threads were stopped: 0,0005428 seconds, Stopping threads took: 0,0002344 seconds
2017-04-10T13:25:01.147+0200: 122,095: Total time for which application threads were stopped: 0,0000675 seconds, Stopping threads took: 0,0000179 seconds
2017-04-10T13:27:37.641+0200: 278,112: Total time for which application threads were stopped: 0,0001419 seconds, Stopping threads took: 0,0000557 seconds
2017-04-10T14:06:11.037+0200: 1412,707: Total time for which application threads were stopped: 0,0001091 seconds, Stopping threads took: 0,0000356 seconds
2017-04-10T14:10:26.067+0200: 1667,737: Total time for which application threads were stopped: 0,0000892 seconds, Stopping threads took: 0,0000349 seconds
2017-04-10T14:21:01.138+0200: 2302,808: Total time for which application threads were stopped: 0,0001675 seconds, Stopping threads took: 0,0000609 seconds
2017-04-10T14:35:56.248+0200: 3197,918: Total time for which application threads were stopped: 0,0000869 seconds, Stopping threads took: 0,0000324 seconds
2017-04-10T14:47:46.334+0200: 3908,005: Total time for which application threads were stopped: 0,0000782 seconds, Stopping threads took: 0,0000275 seconds
2017-04-10T14:47:51.335+0200: 3913,005: Total time for which application threads were stopped: 0,0000703 seconds, Stopping threads took: 0,0000179 seconds
2017-04-10T15:01:06.431+0200: 4708,101: Total time for which application threads were stopped: 0,0000853 seconds, Stopping threads took: 0,0000301 seconds
2017-04-10T15:01:21.433+0200: 4723,103: Total time for which application threads were stopped: 0,0001395 seconds, Stopping threads took: 0,0000558 seconds
2017-04-10T15:04:08.788+0200: 4890,459: Total time for which application threads were stopped: 0,0265140 seconds, Stopping threads took: 0,0264196 seconds
2017-04-10T15:04:08.790+0200: 4890,460: Total time for which application threads were stopped: 0,0000843 seconds, Stopping threads took: 0,0000168 seconds
2017-04-10T15:04:08.791+0200: 4890,461: Total time for which application threads were stopped: 0,0000696 seconds, Stopping threads took: 0,0000113 seconds
2017-04-10T15:04:08.792+0200: 4890,463: Total time for which application threads were stopped: 0,0000904 seconds, Stopping threads took: 0,0000209 seconds
2017-04-10T15:04:08.797+0200: 4890,467: Total time for which application threads were stopped: 0,0001105 seconds, Stopping threads took: 0,0000352 seconds
2017-04-10T15:04:08.797+0200: 4890,467: Total time for which application threads were stopped: 0,0000869 seconds, Stopping threads took: 0,0000159 seconds
2017-04-10T15:04:08.798+0200: 4890,468: Total time for which application threads were stopped: 0,0000998 seconds, Stopping threads took: 0,0000268 seconds
2017-04-10T15:04:08.798+0200: 4890,468: Total time for which application threads were stopped: 0,0000564 seconds, Stopping threads took: 0,0000152 seconds
2017-04-10T15:04:08.798+0200: 4890,469: Total time for which application threads were stopped: 0,0000475 seconds, Stopping threads took: 0,0000140 seconds
2017-04-10T15:04:08.798+0200: 4890,469: Total time for which application threads were stopped: 0,0000351 seconds, Stopping threads took: 0,0000047 seconds
2017-04-10T15:04:08.798+0200: 4890,469: Total time for which application threads were stopped: 0,0000476 seconds, Stopping threads took: 0,0000154 seconds
2017-04-10T15:04:08.799+0200: 4890,469: Total time for which application threads were stopped: 0,0000366 seconds, Stopping threads took: 0,0000045 seconds
2017-04-10T15:04:08.799+0200: 4890,469: Total time for which application threads were stopped: 0,0000437 seconds, Stopping threads took: 0,0000049 seconds
2017-04-10T15:04:08.799+0200: 4890,469: Total time for which application threads were stopped: 0,0000344 seconds, Stopping threads took: 0,0000044 seconds
2017-04-10T15:04:08.799+0200: 4890,469: Total time for which application threads were stopped: 0,0000350 seconds, Stopping threads took: 0,0000045 seconds
2017-04-10T15:04:08.799+0200: 4890,469: Total time for which application threads were stopped: 0,0000345 seconds, Stopping threads took: 0,0000049 seconds
2017-04-10T15:04:08.799+0200: 4890,469: Total time for which application threads were stopped: 0,0000340 seconds, Stopping threads took: 0,0000045 seconds
2017-04-10T15:04:08.799+0200: 4890,469: Total time for which application threads were stopped: 0,0000362 seconds, Stopping threads took: 0,0000047 seconds
2017-04-10T15:04:08.799+0200: 4890,469: Total time for which application threads were stopped: 0,0000361 seconds, Stopping threads took: 0,0000047 seconds
2017-04-10T15:04:08.799+0200: 4890,469: Total time for which application threads were stopped: 0,0000344 seconds, Stopping threads took: 0,0000047 seconds
2017-04-10T15:04:08.799+0200: 4890,469: Total time for which application threads were stopped: 0,0000347 seconds, Stopping threads took: 0,0000045 seconds
2017-04-10T15:04:08.799+0200: 4890,470: Total time for which application threads were stopped: 0,0000342 seconds, Stopping threads took: 0,0000047 seconds
2017-04-10T15:04:08.799+0200: 4890,470: Total time for which application threads were stopped: 0,0000332 seconds, Stopping threads took: 0,0000045 seconds
2017-04-10T15:04:08.799+0200: 4890,470: Total time for which application threads were stopped: 0,0000402 seconds, Stopping threads took: 0,0000044 seconds
2017-04-10T15:04:08.801+0200: 4890,472: Total time for which application threads were stopped: 0,0001104 seconds, Stopping threads took: 0,0000344 seconds
2017-04-10T15:04:08.802+0200: 4890,472: Total time for which application threads were stopped: 0,0000465 seconds, Stopping threads took: 0,0000064 seconds
2017-04-10T15:04:08.802+0200: 4890,472: Total time for which application threads were stopped: 0,0000394 seconds, Stopping threads took: 0,0000049 seconds
2017-04-10T15:04:08.802+0200: 4890,472: Total time for which application threads were stopped: 0,0000370 seconds, Stopping threads took: 0,0000050 seconds
2017-04-10T15:04:08.802+0200: 4890,472: Total time for which application threads were stopped: 0,0000352 seconds, Stopping threads took: 0,0000044 seconds
2017-04-10T15:04:08.802+0200: 4890,472: Total time for which application threads were stopped: 0,0000367 seconds, Stopping threads took: 0,0000054 seconds
2017-04-10T15:04:08.802+0200: 4890,472: Total time for which application threads were stopped: 0,0000370 seconds, Stopping threads took: 0,0000051 seconds
2017-04-10T15:04:08.802+0200: 4890,472: Total time for which application threads were stopped: 0,0000326 seconds, Stopping threads took: 0,0000051 seconds
2017-04-10T15:04:08.841+0200: 4890,512: Total time for which application threads were stopped: 0,0001248 seconds, Stopping threads took: 0,0000313 seconds
2017-04-10T15:04:08.841+0200: 4890,512: Total time for which application threads were stopped: 0,0000583 seconds, Stopping threads took: 0,0000182 seconds
2017-04-10T15:04:08.842+0200: 4890,512: Total time for which application threads were stopped: 0,0000509 seconds, Stopping threads took: 0,0000175 seconds
2017-04-10T15:04:08.842+0200: 4890,512: Total time for which application threads were stopped: 0,0000423 seconds, Stopping threads took: 0,0000121 seconds
2017-04-10T15:04:08.842+0200: 4890,512: Total time for which application threads were stopped: 0,0000439 seconds, Stopping threads took: 0,0000125 seconds
2017-04-10T15:04:08.843+0200: 4890,513: Total time for which application threads were stopped: 0,0000845 seconds, Stopping threads took: 0,0000215 seconds
2017-04-10T15:04:08.843+0200: 4890,513: Total time for which application threads were stopped: 0,0000505 seconds, Stopping threads took: 0,0000129 seconds
2017-04-10T15:04:08.843+0200: 4890,513: Total time for which application threads were stopped: 0,0000466 seconds, Stopping threads took: 0,0000159 seconds
2017-04-10T15:04:08.843+0200: 4890,514: Total time for which application threads were stopped: 0,0000435 seconds, Stopping threads took: 0,0000123 seconds
2017-04-10T15:04:08.843+0200: 4890,514: Total time for which application threads were stopped: 0,0000423 seconds, Stopping threads took: 0,0000114 seconds
2017-04-10T15:04:08.843+0200: 4890,514: Total time for which application threads were stopped: 0,0000416 seconds, Stopping threads took: 0,0000117 seconds
2017-04-10T15:04:08.843+0200: 4890,514: Total time for which application threads were stopped: 0,0000445 seconds, Stopping threads took: 0,0000122 seconds
2017-04-10T15:04:08.843+0200: 4890,514: Total time for which application threads were stopped: 0,0000467 seconds, Stopping threads took: 0,0000123 seconds
2017-04-10T15:04:08.844+0200: 4890,514: Total time for which application threads were stopped: 0,0000459 seconds, Stopping threads took: 0,0000118 seconds
2017-04-10T15:04:08.847+0200: 4890,517: Total time for which application threads were stopped: 0,0000974 seconds, Stopping threads took: 0,0000281 seconds
2017-04-10T15:04:08.847+0200: 4890,517: Total time for which application threads were stopped: 0,0000567 seconds, Stopping threads took: 0,0000145 seconds
2017-04-10T15:04:08.847+0200: 4890,517: Total time for which application threads were stopped: 0,0000541 seconds, Stopping threads took: 0,0000154 seconds
2017-04-10T15:04:08.854+0200: 4890,525: Total time for which application threads were stopped: 0,0012199 seconds, Stopping threads took: 0,0011284 seconds
2017-04-10T15:04:08.857+0200: 4890,527: Total time for which application threads were stopped: 0,0022587 seconds, Stopping threads took: 0,0021799 seconds
2017-04-10T15:04:08.857+0200: 4890,528: Total time for which application threads were stopped: 0,0000638 seconds, Stopping threads took: 0,0000195 seconds
2017-04-10T15:04:08.857+0200: 4890,528: Total time for which application threads were stopped: 0,0000565 seconds, Stopping threads took: 0,0000172 seconds
2017-04-10T15:04:08.861+0200: 4890,532: Total time for which application threads were stopped: 0,0001046 seconds, Stopping threads took: 0,0000305 seconds
2017-04-10T15:04:08.861+0200: 4890,532: Total time for which application threads were stopped: 0,0000564 seconds, Stopping threads took: 0,0000201 seconds
2017-04-10T15:04:08.863+0200: 4890,533: Total time for which application threads were stopped: 0,0006295 seconds, Stopping threads took: 0,0005480 seconds
2017-04-10T15:04:08.863+0200: 4890,534: Total time for which application threads were stopped: 0,0000736 seconds, Stopping threads took: 0,0000254 seconds
2017-04-10T15:04:08.870+0200: 4890,541: Total time for which application threads were stopped: 0,0068798 seconds, Stopping threads took: 0,0068109 seconds
2017-04-10T15:04:08.873+0200: 4890,543: Total time for which application threads were stopped: 0,0024490 seconds, Stopping threads took: 0,0023635 seconds
2017-04-10T15:04:08.873+0200: 4890,544: Total time for which application threads were stopped: 0,0000753 seconds, Stopping threads took: 0,0000278 seconds
2017-04-10T15:04:08.873+0200: 4890,544: Total time for which application threads were stopped: 0,0000549 seconds, Stopping threads took: 0,0000183 seconds
2017-04-10T15:04:08.873+0200: 4890,544: Total time for which application threads were stopped: 0,0000390 seconds, Stopping threads took: 0,0000080 seconds
2017-04-10T15:04:08.873+0200: 4890,544: Total time for which application threads were stopped: 0,0000396 seconds, Stopping threads took: 0,0000112 seconds
2017-04-10T15:04:08.874+0200: 4890,544: Total time for which application threads were stopped: 0,0000410 seconds, Stopping threads took: 0,0000107 seconds
2017-04-10T15:04:08.874+0200: 4890,544: Total time for which application threads were stopped: 0,0000376 seconds, Stopping threads took: 0,0000103 seconds
2017-04-10T15:04:08.874+0200: 4890,544: Total time for which application threads were stopped: 0,0000504 seconds, Stopping threads took: 0,0000197 seconds
2017-04-10T15:04:08.874+0200: 4890,544: Total time for which application threads were stopped: 0,0000510 seconds, Stopping threads took: 0,0000209 seconds
2017-04-10T15:04:08.874+0200: 4890,544: Total time for which application threads were stopped: 0,0001551 seconds, Stopping threads took: 0,0000098 seconds
2017-04-10T15:04:08.876+0200: 4890,547: Total time for which application threads were stopped: 0,0013637 seconds, Stopping threads took: 0,0012543 seconds
2017-04-10T15:04:08.880+0200: 4890,550: Total time for which application threads were stopped: 0,0001034 seconds, Stopping threads took: 0,0000346 seconds
2017-04-10T15:04:08.880+0200: 4890,550: Total time for which application threads were stopped: 0,0000852 seconds, Stopping threads took: 0,0000242 seconds
Heap
 par new generation   total 109248K, used 40017K [0x00000000e0000000, 0x00000000e8000000, 0x00000000e8000000)
  eden space 87424K,  28% used [0x00000000e0000000, 0x00000000e1828590, 0x00000000e5560000)
  from space 21824K,  70% used [0x00000000e5560000, 0x00000000e644c140, 0x00000000e6ab0000)
  to   space 21824K,   0% used [0x00000000e6ab0000, 0x00000000e6ab0000, 0x00000000e8000000)
 concurrent mark-sweep generation total 393216K, used 7359K [0x00000000e8000000, 0x0000000100000000, 0x0000000100000000)
 Metaspace       used 28095K, capacity 28571K, committed 28848K, reserved 1075200K
  class space    used 3228K, capacity 3393K, committed 3504K, reserved 1048576K
