OpenJDK 64-Bit Server VM (25.111-b14) for linux-amd64 JRE (1.8.0_111-8u111-b14-2ubuntu0.16.04.2-b14), built on Oct 27 2016 18:10:19 by "buildd" with gcc 5.4.0 20160609
Memory: 4k page, physical 7867840k(7439728k free), swap 8076284k(8076284k free)
CommandLine flags: -XX:CMSInitiatingOccupancyFraction=50 -XX:CMSMaxAbortablePrecleanTime=6000 -XX:+CMSParallelRemarkEnabled -XX:+CMSScavengeBeforeRemark -XX:ConcGCThreads=4 -XX:InitialHeapSize=536870912 -XX:MaxHeapSize=536870912 -XX:MaxTenuringThreshold=8 -XX:NewRatio=3 -XX:OldPLABSize=16 -XX:OnOutOfMemoryError=/opt/solr/bin/oom_solr.sh 8983 /var/solr/logs -XX:ParallelGCThreads=4 -XX:+ParallelRefProcEnabled -XX:PretenureSizeThreshold=67108864 -XX:+PrintGC -XX:+PrintGCApplicationStoppedTime -XX:+PrintGCDateStamps -XX:+PrintGCDetails -XX:+PrintGCTimeStamps -XX:+PrintHeapAtGC -XX:+PrintTenuringDistribution -XX:SurvivorRatio=4 -XX:TargetSurvivorRatio=90 -XX:ThreadStackSize=256 -XX:+UseCMSInitiatingOccupancyOnly -XX:+UseCompressedClassPointers -XX:+UseCompressedOops -XX:+UseConcMarkSweepGC -XX:+UseParNewGC 
2016-12-12T13:30:27.799+0100: 0,117: Total time for which application threads were stopped: 0,0000889 seconds, Stopping threads took: 0,0000175 seconds
2016-12-12T13:30:27.889+0100: 0,206: Total time for which application threads were stopped: 0,0001473 seconds, Stopping threads took: 0,0000147 seconds
2016-12-12T13:30:27.906+0100: 0,224: Total time for which application threads were stopped: 0,0000733 seconds, Stopping threads took: 0,0000087 seconds
2016-12-12T13:30:28.111+0100: 0,429: Total time for which application threads were stopped: 0,0001745 seconds, Stopping threads took: 0,0000115 seconds
2016-12-12T13:30:28.610+0100: 0,927: Total time for which application threads were stopped: 0,0001546 seconds, Stopping threads took: 0,0000197 seconds
2016-12-12T13:30:28.685+0100: 1,002: Total time for which application threads were stopped: 0,0006438 seconds, Stopping threads took: 0,0000867 seconds
2016-12-12T13:30:28.701+0100: 1,018: Total time for which application threads were stopped: 0,0001587 seconds, Stopping threads took: 0,0000211 seconds
2016-12-12T13:30:28.943+0100: 1,261: Total time for which application threads were stopped: 0,0001650 seconds, Stopping threads took: 0,0000248 seconds
2016-12-12T13:30:29.152+0100: 1,470: Total time for which application threads were stopped: 0,0003553 seconds, Stopping threads took: 0,0000155 seconds
2016-12-12T13:30:29.178+0100: 1,495: Total time for which application threads were stopped: 0,0001587 seconds, Stopping threads took: 0,0000202 seconds
2016-12-12T13:30:29.179+0100: 1,496: Total time for which application threads were stopped: 0,0001443 seconds, Stopping threads took: 0,0000063 seconds
2016-12-12T13:30:29.193+0100: 1,510: Total time for which application threads were stopped: 0,0001561 seconds, Stopping threads took: 0,0000118 seconds
2016-12-12T13:30:29.300+0100: 1,617: Total time for which application threads were stopped: 0,0007164 seconds, Stopping threads took: 0,0000937 seconds
2016-12-12T13:30:29.477+0100: 1,795: Total time for which application threads were stopped: 0,0005255 seconds, Stopping threads took: 0,0003268 seconds
{Heap before GC invocations=0 (full 0):
 par new generation   total 109248K, used 87424K [0x00000000e0000000, 0x00000000e8000000, 0x00000000e8000000)
  eden space 87424K, 100% used [0x00000000e0000000, 0x00000000e5560000, 0x00000000e5560000)
  from space 21824K,   0% used [0x00000000e5560000, 0x00000000e5560000, 0x00000000e6ab0000)
  to   space 21824K,   0% used [0x00000000e6ab0000, 0x00000000e6ab0000, 0x00000000e8000000)
 concurrent mark-sweep generation total 393216K, used 0K [0x00000000e8000000, 0x0000000100000000, 0x0000000100000000)
 Metaspace       used 18094K, capacity 18366K, committed 18560K, reserved 1064960K
  class space    used 2054K, capacity 2162K, committed 2176K, reserved 1048576K
2016-12-12T13:30:29.624+0100: 1,941: [GC (Allocation Failure) 2016-12-12T13:30:29.624+0100: 1,941: [ParNew
Desired survivor size 20112992 bytes, new threshold 8 (max 8)
- age   1:   12322560 bytes,   12322560 total
: 87424K->12149K(109248K), 0,0158521 secs] 87424K->12149K(502464K), 0,0159401 secs] [Times: user=0,04 sys=0,02, real=0,01 secs] 
Heap after GC invocations=1 (full 0):
 par new generation   total 109248K, used 12149K [0x00000000e0000000, 0x00000000e8000000, 0x00000000e8000000)
  eden space 87424K,   0% used [0x00000000e0000000, 0x00000000e0000000, 0x00000000e5560000)
  from space 21824K,  55% used [0x00000000e6ab0000, 0x00000000e768d4e0, 0x00000000e8000000)
  to   space 21824K,   0% used [0x00000000e5560000, 0x00000000e5560000, 0x00000000e6ab0000)
 concurrent mark-sweep generation total 393216K, used 0K [0x00000000e8000000, 0x0000000100000000, 0x0000000100000000)
 Metaspace       used 18094K, capacity 18366K, committed 18560K, reserved 1064960K
  class space    used 2054K, capacity 2162K, committed 2176K, reserved 1048576K
}
2016-12-12T13:30:29.640+0100: 1,957: Total time for which application threads were stopped: 0,0160984 seconds, Stopping threads took: 0,0000234 seconds
2016-12-12T13:30:29.807+0100: 2,124: Total time for which application threads were stopped: 0,0002658 seconds, Stopping threads took: 0,0000229 seconds
2016-12-12T13:30:29.837+0100: 2,155: Total time for which application threads were stopped: 0,0003922 seconds, Stopping threads took: 0,0000423 seconds
2016-12-12T13:30:29.871+0100: 2,188: Total time for which application threads were stopped: 0,0003110 seconds, Stopping threads took: 0,0000247 seconds
{Heap before GC invocations=1 (full 0):
 par new generation   total 109248K, used 99573K [0x00000000e0000000, 0x00000000e8000000, 0x00000000e8000000)
  eden space 87424K, 100% used [0x00000000e0000000, 0x00000000e5560000, 0x00000000e5560000)
  from space 21824K,  55% used [0x00000000e6ab0000, 0x00000000e768d4e0, 0x00000000e8000000)
  to   space 21824K,   0% used [0x00000000e5560000, 0x00000000e5560000, 0x00000000e6ab0000)
 concurrent mark-sweep generation total 393216K, used 0K [0x00000000e8000000, 0x0000000100000000, 0x0000000100000000)
 Metaspace       used 20739K, capacity 21084K, committed 21248K, reserved 1069056K
  class space    used 2404K, capacity 2518K, committed 2560K, reserved 1048576K
2016-12-12T13:30:30.038+0100: 2,355: [GC (Allocation Failure) 2016-12-12T13:30:30.038+0100: 2,355: [ParNew
Desired survivor size 20112992 bytes, new threshold 8 (max 8)
- age   1:    2899984 bytes,    2899984 total
- age   2:    6101256 bytes,    9001240 total
: 99573K->13139K(109248K), 0,0180950 secs] 99573K->13139K(502464K), 0,0181613 secs] [Times: user=0,07 sys=0,00, real=0,02 secs] 
Heap after GC invocations=2 (full 0):
 par new generation   total 109248K, used 13139K [0x00000000e0000000, 0x00000000e8000000, 0x00000000e8000000)
  eden space 87424K,   0% used [0x00000000e0000000, 0x00000000e0000000, 0x00000000e5560000)
  from space 21824K,  60% used [0x00000000e5560000, 0x00000000e6234e68, 0x00000000e6ab0000)
  to   space 21824K,   0% used [0x00000000e6ab0000, 0x00000000e6ab0000, 0x00000000e8000000)
 concurrent mark-sweep generation total 393216K, used 0K [0x00000000e8000000, 0x0000000100000000, 0x0000000100000000)
 Metaspace       used 20739K, capacity 21084K, committed 21248K, reserved 1069056K
  class space    used 2404K, capacity 2518K, committed 2560K, reserved 1048576K
}
2016-12-12T13:30:30.056+0100: 2,374: Total time for which application threads were stopped: 0,0183329 seconds, Stopping threads took: 0,0000198 seconds
2016-12-12T13:30:30.107+0100: 2,424: Total time for which application threads were stopped: 0,0000809 seconds, Stopping threads took: 0,0000142 seconds
2016-12-12T13:30:30.139+0100: 2,456: Total time for which application threads were stopped: 0,0000826 seconds, Stopping threads took: 0,0000176 seconds
2016-12-12T13:30:30.139+0100: 2,457: Total time for which application threads were stopped: 0,0002630 seconds, Stopping threads took: 0,0000178 seconds
2016-12-12T13:30:30.164+0100: 2,482: Total time for which application threads were stopped: 0,0000694 seconds, Stopping threads took: 0,0000122 seconds
2016-12-12T13:30:30.249+0100: 2,567: Total time for which application threads were stopped: 0,0001683 seconds, Stopping threads took: 0,0000471 seconds
2016-12-12T13:30:30.268+0100: 2,585: Total time for which application threads were stopped: 0,0000900 seconds, Stopping threads took: 0,0000298 seconds
2016-12-12T13:30:30.276+0100: 2,593: Total time for which application threads were stopped: 0,0002885 seconds, Stopping threads took: 0,0000207 seconds
2016-12-12T13:30:30.281+0100: 2,599: Total time for which application threads were stopped: 0,0000654 seconds, Stopping threads took: 0,0000125 seconds
2016-12-12T13:30:30.283+0100: 2,601: Total time for which application threads were stopped: 0,0002747 seconds, Stopping threads took: 0,0000104 seconds
2016-12-12T13:30:30.319+0100: 2,637: Total time for which application threads were stopped: 0,0000818 seconds, Stopping threads took: 0,0000270 seconds
2016-12-12T13:30:30.336+0100: 2,653: Total time for which application threads were stopped: 0,0000827 seconds, Stopping threads took: 0,0000199 seconds
2016-12-12T13:30:30.355+0100: 2,672: Total time for which application threads were stopped: 0,0000716 seconds, Stopping threads took: 0,0000129 seconds
2016-12-12T13:30:30.373+0100: 2,690: Total time for which application threads were stopped: 0,0000862 seconds, Stopping threads took: 0,0000175 seconds
2016-12-12T13:30:30.405+0100: 2,722: Total time for which application threads were stopped: 0,0001268 seconds, Stopping threads took: 0,0000483 seconds
2016-12-12T13:30:30.460+0100: 2,777: Total time for which application threads were stopped: 0,0000951 seconds, Stopping threads took: 0,0000243 seconds
2016-12-12T13:30:30.481+0100: 2,798: Total time for which application threads were stopped: 0,0001202 seconds, Stopping threads took: 0,0000443 seconds
{Heap before GC invocations=2 (full 0):
 par new generation   total 109248K, used 100563K [0x00000000e0000000, 0x00000000e8000000, 0x00000000e8000000)
  eden space 87424K, 100% used [0x00000000e0000000, 0x00000000e5560000, 0x00000000e5560000)
  from space 21824K,  60% used [0x00000000e5560000, 0x00000000e6234e68, 0x00000000e6ab0000)
  to   space 21824K,   0% used [0x00000000e6ab0000, 0x00000000e6ab0000, 0x00000000e8000000)
 concurrent mark-sweep generation total 393216K, used 0K [0x00000000e8000000, 0x0000000100000000, 0x0000000100000000)
 Metaspace       used 24879K, capacity 25220K, committed 25536K, reserved 1071104K
  class space    used 2897K, capacity 3024K, committed 3144K, reserved 1048576K
2016-12-12T13:30:30.503+0100: 2,820: [GC (Allocation Failure) 2016-12-12T13:30:30.503+0100: 2,820: [ParNew
Desired survivor size 20112992 bytes, new threshold 8 (max 8)
- age   1:    6729688 bytes,    6729688 total
- age   2:     548872 bytes,    7278560 total
- age   3:    6094184 bytes,   13372744 total
: 100563K->15520K(109248K), 0,0113416 secs] 100563K->15520K(502464K), 0,0114061 secs] [Times: user=0,04 sys=0,00, real=0,01 secs] 
Heap after GC invocations=3 (full 0):
 par new generation   total 109248K, used 15520K [0x00000000e0000000, 0x00000000e8000000, 0x00000000e8000000)
  eden space 87424K,   0% used [0x00000000e0000000, 0x00000000e0000000, 0x00000000e5560000)
  from space 21824K,  71% used [0x00000000e6ab0000, 0x00000000e79d8140, 0x00000000e8000000)
  to   space 21824K,   0% used [0x00000000e5560000, 0x00000000e5560000, 0x00000000e6ab0000)
 concurrent mark-sweep generation total 393216K, used 0K [0x00000000e8000000, 0x0000000100000000, 0x0000000100000000)
 Metaspace       used 24879K, capacity 25220K, committed 25536K, reserved 1071104K
  class space    used 2897K, capacity 3024K, committed 3144K, reserved 1048576K
}
2016-12-12T13:30:30.514+0100: 2,831: Total time for which application threads were stopped: 0,0115534 seconds, Stopping threads took: 0,0000187 seconds
2016-12-12T13:30:30.514+0100: 2,832: [GC (CMS Initial Mark) [1 CMS-initial-mark: 0K(393216K)] 15535K(502464K), 0,0031911 secs] [Times: user=0,01 sys=0,00, real=0,01 secs] 
2016-12-12T13:30:30.517+0100: 2,835: Total time for which application threads were stopped: 0,0032999 seconds, Stopping threads took: 0,0000248 seconds
2016-12-12T13:30:30.517+0100: 2,835: [CMS-concurrent-mark-start]
2016-12-12T13:30:30.518+0100: 2,835: [CMS-concurrent-mark: 0,000/0,000 secs] [Times: user=0,00 sys=0,00, real=0,00 secs] 
2016-12-12T13:30:30.518+0100: 2,835: [CMS-concurrent-preclean-start]
2016-12-12T13:30:30.518+0100: 2,836: [CMS-concurrent-preclean: 0,001/0,001 secs] [Times: user=0,00 sys=0,00, real=0,00 secs] 
2016-12-12T13:30:30.519+0100: 2,836: [GC (CMS Final Remark) [YG occupancy: 15535 K (109248 K)]{Heap before GC invocations=3 (full 1):
 par new generation   total 109248K, used 15535K [0x00000000e0000000, 0x00000000e8000000, 0x00000000e8000000)
  eden space 87424K,   0% used [0x00000000e0000000, 0x00000000e0003dc8, 0x00000000e5560000)
  from space 21824K,  71% used [0x00000000e6ab0000, 0x00000000e79d8140, 0x00000000e8000000)
  to   space 21824K,   0% used [0x00000000e5560000, 0x00000000e5560000, 0x00000000e6ab0000)
 concurrent mark-sweep generation total 393216K, used 0K [0x00000000e8000000, 0x0000000100000000, 0x0000000100000000)
 Metaspace       used 24879K, capacity 25220K, committed 25536K, reserved 1071104K
  class space    used 2897K, capacity 3024K, committed 3144K, reserved 1048576K
2016-12-12T13:30:30.519+0100: 2,836: [GC (CMS Final Remark) 2016-12-12T13:30:30.519+0100: 2,836: [ParNew
Desired survivor size 20112992 bytes, new threshold 8 (max 8)
- age   1:      15816 bytes,      15816 total
- age   2:    5130568 bytes,    5146384 total
- age   3:     548872 bytes,    5695256 total
- age   4:    6093640 bytes,   11788896 total
: 15535K->16631K(109248K), 0,0096541 secs] 15535K->16631K(502464K), 0,0096923 secs] [Times: user=0,04 sys=0,00, real=0,01 secs] 
Heap after GC invocations=4 (full 1):
 par new generation   total 109248K, used 16631K [0x00000000e0000000, 0x00000000e8000000, 0x00000000e8000000)
  eden space 87424K,   0% used [0x00000000e0000000, 0x00000000e0000000, 0x00000000e5560000)
  from space 21824K,  76% used [0x00000000e5560000, 0x00000000e659df10, 0x00000000e6ab0000)
  to   space 21824K,   0% used [0x00000000e6ab0000, 0x00000000e6ab0000, 0x00000000e8000000)
 concurrent mark-sweep generation total 393216K, used 0K [0x00000000e8000000, 0x0000000100000000, 0x0000000100000000)
 Metaspace       used 24879K, capacity 25220K, committed 25536K, reserved 1071104K
  class space    used 2897K, capacity 3024K, committed 3144K, reserved 1048576K
}
2016-12-12T13:30:30.528+0100: 2,846: [Rescan (parallel) , 0,0038974 secs]2016-12-12T13:30:30.532+0100: 2,850: [weak refs processing, 0,0007717 secs]2016-12-12T13:30:30.533+0100: 2,850: [class unloading, 0,0031467 secs]2016-12-12T13:30:30.536+0100: 2,854: [scrub symbol table, 0,0031961 secs]2016-12-12T13:30:30.539+0100: 2,857: [scrub string table, 0,0003787 secs][1 CMS-remark: 0K(393216K)] 16631K(502464K), 0,0217740 secs] [Times: user=0,06 sys=0,00, real=0,02 secs] 
2016-12-12T13:30:30.540+0100: 2,858: Total time for which application threads were stopped: 0,0218816 seconds, Stopping threads took: 0,0000355 seconds
2016-12-12T13:30:30.540+0100: 2,858: [CMS-concurrent-sweep-start]
2016-12-12T13:30:30.540+0100: 2,858: [CMS-concurrent-sweep: 0,000/0,000 secs] [Times: user=0,00 sys=0,00, real=0,00 secs] 
2016-12-12T13:30:30.540+0100: 2,858: [CMS-concurrent-reset-start]
2016-12-12T13:30:30.542+0100: 2,859: [CMS-concurrent-reset: 0,002/0,002 secs] [Times: user=0,01 sys=0,00, real=0,00 secs] 
2016-12-12T13:30:30.592+0100: 2,910: Total time for which application threads were stopped: 0,0003216 seconds, Stopping threads took: 0,0000190 seconds
2016-12-12T13:30:31.592+0100: 3,910: Total time for which application threads were stopped: 0,0000881 seconds, Stopping threads took: 0,0000181 seconds
2016-12-12T13:30:31.727+0100: 4,045: Total time for which application threads were stopped: 0,0003001 seconds, Stopping threads took: 0,0000146 seconds
2016-12-12T13:30:58.883+0100: 32,048: Total time for which application threads were stopped: 0,0000688 seconds, Stopping threads took: 0,0000313 seconds
2016-12-12T13:33:08.899+0100: 162,063: Total time for which application threads were stopped: 0,0001123 seconds, Stopping threads took: 0,0000509 seconds
2016-12-12T13:33:13.899+0100: 167,064: Total time for which application threads were stopped: 0,0000598 seconds, Stopping threads took: 0,0000179 seconds
2016-12-12T13:34:23.907+0100: 237,072: Total time for which application threads were stopped: 0,0000845 seconds, Stopping threads took: 0,0000363 seconds
2016-12-12T13:35:13.914+0100: 287,078: Total time for which application threads were stopped: 0,0000731 seconds, Stopping threads took: 0,0000321 seconds
2016-12-12T13:35:48.918+0100: 322,082: Total time for which application threads were stopped: 0,0000736 seconds, Stopping threads took: 0,0000315 seconds
2016-12-12T13:36:52.926+0100: 386,090: Total time for which application threads were stopped: 0,0000712 seconds, Stopping threads took: 0,0000305 seconds
2016-12-12T13:36:57.927+0100: 391,091: Total time for which application threads were stopped: 0,0000721 seconds, Stopping threads took: 0,0000202 seconds
2016-12-12T13:38:28.938+0100: 482,103: Total time for which application threads were stopped: 0,0000687 seconds, Stopping threads took: 0,0000275 seconds
2016-12-12T13:41:08.959+0100: 642,123: Total time for which application threads were stopped: 0,0000771 seconds, Stopping threads took: 0,0000305 seconds
2016-12-12T13:54:08.043+0100: 1421,208: Total time for which application threads were stopped: 0,0004884 seconds, Stopping threads took: 0,0000661 seconds
2016-12-12T13:58:53.074+0100: 1706,239: Total time for which application threads were stopped: 0,0001431 seconds, Stopping threads took: 0,0000684 seconds
2016-12-12T14:09:08.145+0100: 2321,310: Total time for which application threads were stopped: 0,0000685 seconds, Stopping threads took: 0,0000292 seconds
2016-12-12T14:09:09.145+0100: 2322,310: Total time for which application threads were stopped: 0,0000847 seconds, Stopping threads took: 0,0000172 seconds
2016-12-12T14:11:39.162+0100: 2472,326: Total time for which application threads were stopped: 0,0005635 seconds, Stopping threads took: 0,0002241 seconds
2016-12-12T14:23:44.251+0100: 3197,415: Total time for which application threads were stopped: 0,0000752 seconds, Stopping threads took: 0,0000304 seconds
2016-12-12T14:34:53.328+0100: 3866,492: Total time for which application threads were stopped: 0,0001938 seconds, Stopping threads took: 0,0000394 seconds
2016-12-12T14:35:03.329+0100: 3876,493: Total time for which application threads were stopped: 0,0000633 seconds, Stopping threads took: 0,0000164 seconds
2016-12-12T14:37:28.344+0100: 4021,509: Total time for which application threads were stopped: 0,0000712 seconds, Stopping threads took: 0,0000309 seconds
2016-12-12T15:14:29.676+0100: 6242,840: Total time for which application threads were stopped: 0,0000717 seconds, Stopping threads took: 0,0000291 seconds
2016-12-12T15:15:33.686+0100: 6306,851: Total time for which application threads were stopped: 0,0001404 seconds, Stopping threads took: 0,0000557 seconds
2016-12-12T15:35:28.855+0100: 7502,020: Total time for which application threads were stopped: 0,0000737 seconds, Stopping threads took: 0,0000322 seconds
2016-12-12T15:35:58.858+0100: 7532,023: Total time for which application threads were stopped: 0,0003420 seconds, Stopping threads took: 0,0000575 seconds
2016-12-12T15:38:28.880+0100: 7682,044: Total time for which application threads were stopped: 0,0000782 seconds, Stopping threads took: 0,0000317 seconds
2016-12-12T16:42:28.451+0100: 11521,615: Total time for which application threads were stopped: 0,0001448 seconds, Stopping threads took: 0,0000473 seconds
2016-12-12T16:42:58.455+0100: 11551,620: Total time for which application threads were stopped: 0,0001665 seconds, Stopping threads took: 0,0000633 seconds
2016-12-12T17:46:29.015+0100: 15362,180: Total time for which application threads were stopped: 0,0000872 seconds, Stopping threads took: 0,0000359 seconds
2016-12-12T17:46:59.019+0100: 15392,183: Total time for which application threads were stopped: 0,0000800 seconds, Stopping threads took: 0,0000330 seconds
2016-12-12T18:10:00.376+0100: 16773,541: Total time for which application threads were stopped: 0,0001614 seconds, Stopping threads took: 0,0000362 seconds
Heap
 par new generation   total 109248K, used 60252K [0x00000000e0000000, 0x00000000e8000000, 0x00000000e8000000)
  eden space 87424K,  49% used [0x00000000e0000000, 0x00000000e2a99240, 0x00000000e5560000)
  from space 21824K,  76% used [0x00000000e5560000, 0x00000000e659df10, 0x00000000e6ab0000)
  to   space 21824K,   0% used [0x00000000e6ab0000, 0x00000000e6ab0000, 0x00000000e8000000)
 concurrent mark-sweep generation total 393216K, used 0K [0x00000000e8000000, 0x0000000100000000, 0x0000000100000000)
 Metaspace       used 27233K, capacity 27658K, committed 27972K, reserved 1073152K
  class space    used 3162K, capacity 3319K, committed 3400K, reserved 1048576K
