OpenJDK 64-Bit Server VM (25.111-b14) for linux-amd64 JRE (1.8.0_111-8u111-b14-2ubuntu0.16.04.2-b14), built on Oct 27 2016 18:10:19 by "buildd" with gcc 5.4.0 20160609
Memory: 4k page, physical 7867804k(7505420k free), swap 8076284k(8076284k free)
CommandLine flags: -XX:CMSInitiatingOccupancyFraction=50 -XX:CMSMaxAbortablePrecleanTime=6000 -XX:+CMSParallelRemarkEnabled -XX:+CMSScavengeBeforeRemark -XX:ConcGCThreads=4 -XX:InitialHeapSize=536870912 -XX:MaxHeapSize=536870912 -XX:MaxTenuringThreshold=8 -XX:NewRatio=3 -XX:OldPLABSize=16 -XX:OnOutOfMemoryError=/opt/solr/bin/oom_solr.sh 8983 /var/solr/logs -XX:ParallelGCThreads=4 -XX:+ParallelRefProcEnabled -XX:PretenureSizeThreshold=67108864 -XX:+PrintGC -XX:+PrintGCApplicationStoppedTime -XX:+PrintGCDateStamps -XX:+PrintGCDetails -XX:+PrintGCTimeStamps -XX:+PrintHeapAtGC -XX:+PrintTenuringDistribution -XX:SurvivorRatio=4 -XX:TargetSurvivorRatio=90 -XX:ThreadStackSize=256 -XX:+UseCMSInitiatingOccupancyOnly -XX:+UseCompressedClassPointers -XX:+UseCompressedOops -XX:+UseConcMarkSweepGC -XX:+UseParNewGC 
2016-12-29T12:11:30.483+0100: 0,125: Total time for which application threads were stopped: 0,0000658 seconds, Stopping threads took: 0,0000125 seconds
2016-12-29T12:11:30.553+0100: 0,195: Total time for which application threads were stopped: 0,0001117 seconds, Stopping threads took: 0,0000206 seconds
2016-12-29T12:11:30.565+0100: 0,207: Total time for which application threads were stopped: 0,0000809 seconds, Stopping threads took: 0,0000140 seconds
2016-12-29T12:11:30.796+0100: 0,437: Total time for which application threads were stopped: 0,0001098 seconds, Stopping threads took: 0,0000088 seconds
2016-12-29T12:11:31.217+0100: 0,859: Total time for which application threads were stopped: 0,0001379 seconds, Stopping threads took: 0,0000136 seconds
2016-12-29T12:11:31.348+0100: 0,990: Total time for which application threads were stopped: 0,0001982 seconds, Stopping threads took: 0,0000245 seconds
2016-12-29T12:11:31.368+0100: 1,010: Total time for which application threads were stopped: 0,0001975 seconds, Stopping threads took: 0,0000368 seconds
2016-12-29T12:11:31.745+0100: 1,387: Total time for which application threads were stopped: 0,0002899 seconds, Stopping threads took: 0,0000251 seconds
2016-12-29T12:11:31.974+0100: 1,616: Total time for which application threads were stopped: 0,0001798 seconds, Stopping threads took: 0,0000117 seconds
2016-12-29T12:11:32.004+0100: 1,646: Total time for which application threads were stopped: 0,0001608 seconds, Stopping threads took: 0,0000119 seconds
2016-12-29T12:11:32.005+0100: 1,647: Total time for which application threads were stopped: 0,0001485 seconds, Stopping threads took: 0,0000127 seconds
2016-12-29T12:11:32.020+0100: 1,662: Total time for which application threads were stopped: 0,0001522 seconds, Stopping threads took: 0,0000122 seconds
2016-12-29T12:11:32.123+0100: 1,765: Total time for which application threads were stopped: 0,0001961 seconds, Stopping threads took: 0,0000211 seconds
2016-12-29T12:11:32.317+0100: 1,959: Total time for which application threads were stopped: 0,0002243 seconds, Stopping threads took: 0,0000307 seconds
{Heap before GC invocations=0 (full 0):
 par new generation   total 109248K, used 87424K [0x00000000e0000000, 0x00000000e8000000, 0x00000000e8000000)
  eden space 87424K, 100% used [0x00000000e0000000, 0x00000000e5560000, 0x00000000e5560000)
  from space 21824K,   0% used [0x00000000e5560000, 0x00000000e5560000, 0x00000000e6ab0000)
  to   space 21824K,   0% used [0x00000000e6ab0000, 0x00000000e6ab0000, 0x00000000e8000000)
 concurrent mark-sweep generation total 393216K, used 0K [0x00000000e8000000, 0x0000000100000000, 0x0000000100000000)
 Metaspace       used 18346K, capacity 18686K, committed 18944K, reserved 1067008K
  class space    used 2090K, capacity 2226K, committed 2304K, reserved 1048576K
2016-12-29T12:11:32.445+0100: 2,087: [GC (Allocation Failure) 2016-12-29T12:11:32.445+0100: 2,087: [ParNew
Desired survivor size 20112992 bytes, new threshold 8 (max 8)
- age   1:   12578440 bytes,   12578440 total
: 87424K->12402K(109248K), 0,0172047 secs] 87424K->12402K(502464K), 0,0172945 secs] [Times: user=0,05 sys=0,01, real=0,02 secs] 
Heap after GC invocations=1 (full 0):
 par new generation   total 109248K, used 12402K [0x00000000e0000000, 0x00000000e8000000, 0x00000000e8000000)
  eden space 87424K,   0% used [0x00000000e0000000, 0x00000000e0000000, 0x00000000e5560000)
  from space 21824K,  56% used [0x00000000e6ab0000, 0x00000000e76ccab8, 0x00000000e8000000)
  to   space 21824K,   0% used [0x00000000e5560000, 0x00000000e5560000, 0x00000000e6ab0000)
 concurrent mark-sweep generation total 393216K, used 0K [0x00000000e8000000, 0x0000000100000000, 0x0000000100000000)
 Metaspace       used 18346K, capacity 18686K, committed 18944K, reserved 1067008K
  class space    used 2090K, capacity 2226K, committed 2304K, reserved 1048576K
}
2016-12-29T12:11:32.463+0100: 2,105: Total time for which application threads were stopped: 0,0174805 seconds, Stopping threads took: 0,0000198 seconds
2016-12-29T12:11:32.629+0100: 2,271: Total time for which application threads were stopped: 0,0003169 seconds, Stopping threads took: 0,0000767 seconds
2016-12-29T12:11:32.659+0100: 2,301: Total time for which application threads were stopped: 0,0003381 seconds, Stopping threads took: 0,0000393 seconds
2016-12-29T12:11:32.685+0100: 2,327: Total time for which application threads were stopped: 0,0002774 seconds, Stopping threads took: 0,0000332 seconds
{Heap before GC invocations=1 (full 0):
 par new generation   total 109248K, used 99826K [0x00000000e0000000, 0x00000000e8000000, 0x00000000e8000000)
  eden space 87424K, 100% used [0x00000000e0000000, 0x00000000e5560000, 0x00000000e5560000)
  from space 21824K,  56% used [0x00000000e6ab0000, 0x00000000e76ccab8, 0x00000000e8000000)
  to   space 21824K,   0% used [0x00000000e5560000, 0x00000000e5560000, 0x00000000e6ab0000)
 concurrent mark-sweep generation total 393216K, used 0K [0x00000000e8000000, 0x0000000100000000, 0x0000000100000000)
 Metaspace       used 20727K, capacity 21020K, committed 21248K, reserved 1069056K
  class space    used 2403K, capacity 2518K, committed 2560K, reserved 1048576K
2016-12-29T12:11:32.853+0100: 2,495: [GC (Allocation Failure) 2016-12-29T12:11:32.853+0100: 2,495: [ParNew
Desired survivor size 20112992 bytes, new threshold 8 (max 8)
- age   1:    2766728 bytes,    2766728 total
- age   2:    6139256 bytes,    8905984 total
: 99826K->11437K(109248K), 0,0139429 secs] 99826K->11437K(502464K), 0,0140139 secs] [Times: user=0,05 sys=0,00, real=0,02 secs] 
Heap after GC invocations=2 (full 0):
 par new generation   total 109248K, used 11437K [0x00000000e0000000, 0x00000000e8000000, 0x00000000e8000000)
  eden space 87424K,   0% used [0x00000000e0000000, 0x00000000e0000000, 0x00000000e5560000)
  from space 21824K,  52% used [0x00000000e5560000, 0x00000000e608b600, 0x00000000e6ab0000)
  to   space 21824K,   0% used [0x00000000e6ab0000, 0x00000000e6ab0000, 0x00000000e8000000)
 concurrent mark-sweep generation total 393216K, used 0K [0x00000000e8000000, 0x0000000100000000, 0x0000000100000000)
 Metaspace       used 20727K, capacity 21020K, committed 21248K, reserved 1069056K
  class space    used 2403K, capacity 2518K, committed 2560K, reserved 1048576K
}
2016-12-29T12:11:32.867+0100: 2,509: Total time for which application threads were stopped: 0,0142458 seconds, Stopping threads took: 0,0000364 seconds
2016-12-29T12:11:32.923+0100: 2,565: Total time for which application threads were stopped: 0,0000719 seconds, Stopping threads took: 0,0000139 seconds
2016-12-29T12:11:32.955+0100: 2,597: Total time for which application threads were stopped: 0,0000773 seconds, Stopping threads took: 0,0000154 seconds
2016-12-29T12:11:32.956+0100: 2,598: Total time for which application threads were stopped: 0,0002529 seconds, Stopping threads took: 0,0000203 seconds
2016-12-29T12:11:32.980+0100: 2,622: Total time for which application threads were stopped: 0,0001074 seconds, Stopping threads took: 0,0000320 seconds
2016-12-29T12:11:33.061+0100: 2,703: Total time for which application threads were stopped: 0,0001065 seconds, Stopping threads took: 0,0000170 seconds
2016-12-29T12:11:33.077+0100: 2,719: Total time for which application threads were stopped: 0,0000780 seconds, Stopping threads took: 0,0000200 seconds
2016-12-29T12:11:33.086+0100: 2,728: Total time for which application threads were stopped: 0,0003622 seconds, Stopping threads took: 0,0000692 seconds
2016-12-29T12:11:33.098+0100: 2,740: Total time for which application threads were stopped: 0,0002704 seconds, Stopping threads took: 0,0000199 seconds
2016-12-29T12:11:33.116+0100: 2,758: Total time for which application threads were stopped: 0,0001147 seconds, Stopping threads took: 0,0000386 seconds
2016-12-29T12:11:33.143+0100: 2,784: Total time for which application threads were stopped: 0,0001488 seconds, Stopping threads took: 0,0000600 seconds
2016-12-29T12:11:33.160+0100: 2,802: Total time for which application threads were stopped: 0,0000732 seconds, Stopping threads took: 0,0000137 seconds
2016-12-29T12:11:33.175+0100: 2,816: Total time for which application threads were stopped: 0,0000779 seconds, Stopping threads took: 0,0000208 seconds
2016-12-29T12:11:33.202+0100: 2,844: Total time for which application threads were stopped: 0,0000815 seconds, Stopping threads took: 0,0000216 seconds
2016-12-29T12:11:33.238+0100: 2,880: Total time for which application threads were stopped: 0,0001208 seconds, Stopping threads took: 0,0000202 seconds
2016-12-29T12:11:33.284+0100: 2,926: Total time for which application threads were stopped: 0,0000909 seconds, Stopping threads took: 0,0000295 seconds
2016-12-29T12:11:33.315+0100: 2,957: Total time for which application threads were stopped: 0,0001622 seconds, Stopping threads took: 0,0000534 seconds
{Heap before GC invocations=2 (full 0):
 par new generation   total 109248K, used 98861K [0x00000000e0000000, 0x00000000e8000000, 0x00000000e8000000)
  eden space 87424K, 100% used [0x00000000e0000000, 0x00000000e5560000, 0x00000000e5560000)
  from space 21824K,  52% used [0x00000000e5560000, 0x00000000e608b600, 0x00000000e6ab0000)
  to   space 21824K,   0% used [0x00000000e6ab0000, 0x00000000e6ab0000, 0x00000000e8000000)
 concurrent mark-sweep generation total 393216K, used 0K [0x00000000e8000000, 0x0000000100000000, 0x0000000100000000)
 Metaspace       used 25127K, capacity 25508K, committed 25612K, reserved 1073152K
  class space    used 2923K, capacity 3056K, committed 3064K, reserved 1048576K
2016-12-29T12:11:33.343+0100: 2,985: [GC (Allocation Failure) 2016-12-29T12:11:33.343+0100: 2,985: [ParNew
Desired survivor size 20112992 bytes, new threshold 8 (max 8)
- age   1:    6939440 bytes,    6939440 total
- age   2:     514712 bytes,    7454152 total
- age   3:    6120072 bytes,   13574224 total
: 98861K->16795K(109248K), 0,0196401 secs] 98861K->16795K(502464K), 0,0197239 secs] [Times: user=0,07 sys=0,00, real=0,02 secs] 
Heap after GC invocations=3 (full 0):
 par new generation   total 109248K, used 16795K [0x00000000e0000000, 0x00000000e8000000, 0x00000000e8000000)
  eden space 87424K,   0% used [0x00000000e0000000, 0x00000000e0000000, 0x00000000e5560000)
  from space 21824K,  76% used [0x00000000e6ab0000, 0x00000000e7b16c58, 0x00000000e8000000)
  to   space 21824K,   0% used [0x00000000e5560000, 0x00000000e5560000, 0x00000000e6ab0000)
 concurrent mark-sweep generation total 393216K, used 0K [0x00000000e8000000, 0x0000000100000000, 0x0000000100000000)
 Metaspace       used 25127K, capacity 25508K, committed 25612K, reserved 1073152K
  class space    used 2923K, capacity 3056K, committed 3064K, reserved 1048576K
}
2016-12-29T12:11:33.363+0100: 3,005: Total time for which application threads were stopped: 0,0198687 seconds, Stopping threads took: 0,0000210 seconds
2016-12-29T12:11:33.366+0100: 3,008: [GC (CMS Initial Mark) [1 CMS-initial-mark: 0K(393216K)] 18206K(502464K), 0,0047924 secs] [Times: user=0,01 sys=0,00, real=0,01 secs] 
2016-12-29T12:11:33.371+0100: 3,012: Total time for which application threads were stopped: 0,0049400 seconds, Stopping threads took: 0,0000521 seconds
2016-12-29T12:11:33.371+0100: 3,012: [CMS-concurrent-mark-start]
2016-12-29T12:11:33.374+0100: 3,016: [CMS-concurrent-mark: 0,004/0,004 secs] [Times: user=0,02 sys=0,00, real=0,00 secs] 
2016-12-29T12:11:33.375+0100: 3,016: [CMS-concurrent-preclean-start]
2016-12-29T12:11:33.376+0100: 3,018: [CMS-concurrent-preclean: 0,001/0,001 secs] [Times: user=0,00 sys=0,00, real=0,00 secs] 
2016-12-29T12:11:33.378+0100: 3,020: [GC (CMS Final Remark) [YG occupancy: 18575 K (109248 K)]{Heap before GC invocations=3 (full 1):
 par new generation   total 109248K, used 18575K [0x00000000e0000000, 0x00000000e8000000, 0x00000000e8000000)
  eden space 87424K,   2% used [0x00000000e0000000, 0x00000000e01bd2b8, 0x00000000e5560000)
  from space 21824K,  76% used [0x00000000e6ab0000, 0x00000000e7b16c58, 0x00000000e8000000)
  to   space 21824K,   0% used [0x00000000e5560000, 0x00000000e5560000, 0x00000000e6ab0000)
 concurrent mark-sweep generation total 393216K, used 0K [0x00000000e8000000, 0x0000000100000000, 0x0000000100000000)
 Metaspace       used 25169K, capacity 25516K, committed 25612K, reserved 1073152K
  class space    used 2927K, capacity 3058K, committed 3064K, reserved 1048576K
2016-12-29T12:11:33.379+0100: 3,020: [GC (CMS Final Remark) 2016-12-29T12:11:33.379+0100: 3,020: [ParNew
Desired survivor size 20112992 bytes, new threshold 8 (max 8)
- age   1:      34384 bytes,      34384 total
- age   2:    3172984 bytes,    3207368 total
- age   3:     514712 bytes,    3722080 total
- age   4:    6119808 bytes,    9841888 total
: 18575K->16850K(109248K), 0,0125527 secs] 18575K->16850K(502464K), 0,0126000 secs] [Times: user=0,04 sys=0,01, real=0,01 secs] 
Heap after GC invocations=4 (full 1):
 par new generation   total 109248K, used 16850K [0x00000000e0000000, 0x00000000e8000000, 0x00000000e8000000)
  eden space 87424K,   0% used [0x00000000e0000000, 0x00000000e0000000, 0x00000000e5560000)
  from space 21824K,  77% used [0x00000000e5560000, 0x00000000e65d4ae0, 0x00000000e6ab0000)
  to   space 21824K,   0% used [0x00000000e6ab0000, 0x00000000e6ab0000, 0x00000000e8000000)
 concurrent mark-sweep generation total 393216K, used 0K [0x00000000e8000000, 0x0000000100000000, 0x0000000100000000)
 Metaspace       used 25169K, capacity 25516K, committed 25612K, reserved 1073152K
  class space    used 2927K, capacity 3058K, committed 3064K, reserved 1048576K
}
2016-12-29T12:11:33.391+0100: 3,033: [Rescan (parallel) , 0,0043607 secs]2016-12-29T12:11:33.396+0100: 3,037: [weak refs processing, 0,0009706 secs]2016-12-29T12:11:33.397+0100: 3,038: [class unloading, 0,0031514 secs]2016-12-29T12:11:33.400+0100: 3,042: [scrub symbol table, 0,0032915 secs]2016-12-29T12:11:33.403+0100: 3,045: [scrub string table, 0,0003755 secs][1 CMS-remark: 0K(393216K)] 16850K(502464K), 0,0254694 secs] [Times: user=0,06 sys=0,01, real=0,02 secs] 
2016-12-29T12:11:33.404+0100: 3,046: Total time for which application threads were stopped: 0,0281568 seconds, Stopping threads took: 0,0025944 seconds
2016-12-29T12:11:33.404+0100: 3,046: [CMS-concurrent-sweep-start]
2016-12-29T12:11:33.404+0100: 3,046: [CMS-concurrent-sweep: 0,000/0,000 secs] [Times: user=0,00 sys=0,00, real=0,00 secs] 
2016-12-29T12:11:33.404+0100: 3,046: [CMS-concurrent-reset-start]
2016-12-29T12:11:33.406+0100: 3,048: [CMS-concurrent-reset: 0,002/0,002 secs] [Times: user=0,01 sys=0,00, real=0,00 secs] 
2016-12-29T12:11:33.433+0100: 3,075: Total time for which application threads were stopped: 0,0004312 seconds, Stopping threads took: 0,0000434 seconds
2016-12-29T12:11:33.448+0100: 3,090: Total time for which application threads were stopped: 0,0003494 seconds, Stopping threads took: 0,0000322 seconds
2016-12-29T12:11:34.410+0100: 4,052: Total time for which application threads were stopped: 0,0002987 seconds, Stopping threads took: 0,0000161 seconds
2016-12-29T12:12:02.413+0100: 32,055: Total time for which application threads were stopped: 0,0000715 seconds, Stopping threads took: 0,0000313 seconds
2016-12-29T12:14:12.433+0100: 162,075: Total time for which application threads were stopped: 0,0000856 seconds, Stopping threads took: 0,0000360 seconds
2016-12-29T12:14:17.433+0100: 167,075: Total time for which application threads were stopped: 0,0001421 seconds, Stopping threads took: 0,0000316 seconds
2016-12-29T12:15:12.440+0100: 222,082: Total time for which application threads were stopped: 0,0001204 seconds, Stopping threads took: 0,0000479 seconds
2016-12-29T12:16:17.455+0100: 287,097: Total time for which application threads were stopped: 0,0000728 seconds, Stopping threads took: 0,0000316 seconds
2016-12-29T12:16:52.461+0100: 322,103: Total time for which application threads were stopped: 0,0000801 seconds, Stopping threads took: 0,0000344 seconds
2016-12-29T12:19:32.485+0100: 482,126: Total time for which application threads were stopped: 0,0001426 seconds, Stopping threads took: 0,0000552 seconds
2016-12-29T12:19:56.489+0100: 506,131: Total time for which application threads were stopped: 0,0001575 seconds, Stopping threads took: 0,0000601 seconds
2016-12-29T12:20:01.490+0100: 511,132: Total time for which application threads were stopped: 0,0001022 seconds, Stopping threads took: 0,0000243 seconds
2016-12-29T12:22:12.509+0100: 642,151: Total time for which application threads were stopped: 0,0001102 seconds, Stopping threads took: 0,0000431 seconds
2016-12-29T12:27:32.554+0100: 962,196: Total time for which application threads were stopped: 0,0001553 seconds, Stopping threads took: 0,0000395 seconds
2016-12-29T12:35:11.621+0100: 1421,263: Total time for which application threads were stopped: 0,0001434 seconds, Stopping threads took: 0,0000561 seconds
2016-12-29T12:38:57.657+0100: 1647,299: Total time for which application threads were stopped: 0,0001493 seconds, Stopping threads took: 0,0000604 seconds
2016-12-29T12:39:06.658+0100: 1656,300: Total time for which application threads were stopped: 0,0000647 seconds, Stopping threads took: 0,0000192 seconds
2016-12-29T12:39:11.659+0100: 1661,301: Total time for which application threads were stopped: 0,0001456 seconds, Stopping threads took: 0,0000562 seconds
2016-12-29T12:50:07.755+0100: 2317,397: Total time for which application threads were stopped: 0,0000676 seconds, Stopping threads took: 0,0000274 seconds
2016-12-29T12:50:11.756+0100: 2321,398: Total time for which application threads were stopped: 0,0000543 seconds, Stopping threads took: 0,0000142 seconds
2016-12-29T13:04:47.871+0100: 3197,513: Total time for which application threads were stopped: 0,0000670 seconds, Stopping threads took: 0,0000287 seconds
2016-12-29T13:16:26.959+0100: 3896,601: Total time for which application threads were stopped: 0,0001464 seconds, Stopping threads took: 0,0000559 seconds
2016-12-29T13:18:31.979+0100: 4021,621: Total time for which application threads were stopped: 0,0001660 seconds, Stopping threads took: 0,0000692 seconds
2016-12-29T13:39:10.192+0100: 5259,834: Total time for which application threads were stopped: 0,0284497 seconds, Stopping threads took: 0,0274308 seconds
2016-12-29T13:39:10.231+0100: 5259,873: Total time for which application threads were stopped: 0,0001697 seconds, Stopping threads took: 0,0000313 seconds
Heap
 par new generation   total 109248K, used 59991K [0x00000000e0000000, 0x00000000e8000000, 0x00000000e8000000)
  eden space 87424K,  49% used [0x00000000e0000000, 0x00000000e2a211e8, 0x00000000e5560000)
  from space 21824K,  77% used [0x00000000e5560000, 0x00000000e65d4ae0, 0x00000000e6ab0000)
  to   space 21824K,   0% used [0x00000000e6ab0000, 0x00000000e6ab0000, 0x00000000e8000000)
 concurrent mark-sweep generation total 393216K, used 0K [0x00000000e8000000, 0x0000000100000000, 0x0000000100000000)
 Metaspace       used 27227K, capacity 27664K, committed 27840K, reserved 1073152K
  class space    used 3166K, capacity 3320K, committed 3320K, reserved 1048576K
