OpenJDK 64-Bit Server VM (25.91-b14) for linux-amd64 JRE (1.8.0_91-8u91-b14-3ubuntu1~16.04.1-b14), built on Jul 21 2016 04:13:34 by "buildd" with gcc 5.3.1 20160413
Memory: 4k page, physical 7867876k(7547044k free), swap 8076284k(8076284k free)
CommandLine flags: -XX:CMSInitiatingOccupancyFraction=50 -XX:CMSMaxAbortablePrecleanTime=6000 -XX:+CMSParallelRemarkEnabled -XX:+CMSScavengeBeforeRemark -XX:ConcGCThreads=4 -XX:InitialHeapSize=536870912 -XX:MaxHeapSize=536870912 -XX:MaxTenuringThreshold=8 -XX:NewRatio=3 -XX:OldPLABSize=16 -XX:OnOutOfMemoryError=/opt/solr/bin/oom_solr.sh 8983 /var/solr/logs -XX:ParallelGCThreads=4 -XX:+ParallelRefProcEnabled -XX:PretenureSizeThreshold=67108864 -XX:+PrintGC -XX:+PrintGCApplicationStoppedTime -XX:+PrintGCDateStamps -XX:+PrintGCDetails -XX:+PrintGCTimeStamps -XX:+PrintHeapAtGC -XX:+PrintTenuringDistribution -XX:SurvivorRatio=4 -XX:TargetSurvivorRatio=90 -XX:ThreadStackSize=256 -XX:+UseCMSInitiatingOccupancyOnly -XX:+UseCompressedClassPointers -XX:+UseCompressedOops -XX:+UseConcMarkSweepGC -XX:+UseParNewGC 
2016-11-04T12:20:36.304+0100: 0,124: Total time for which application threads were stopped: 0,0000681 seconds, Stopping threads took: 0,0000092 seconds
2016-11-04T12:20:36.409+0100: 0,228: Total time for which application threads were stopped: 0,0001516 seconds, Stopping threads took: 0,0000295 seconds
2016-11-04T12:20:36.427+0100: 0,247: Total time for which application threads were stopped: 0,0000775 seconds, Stopping threads took: 0,0000155 seconds
2016-11-04T12:20:36.562+0100: 0,382: Total time for which application threads were stopped: 0,0001241 seconds, Stopping threads took: 0,0000187 seconds
2016-11-04T12:20:36.733+0100: 0,553: Total time for which application threads were stopped: 0,0001374 seconds, Stopping threads took: 0,0000156 seconds
2016-11-04T12:20:36.789+0100: 0,609: Total time for which application threads were stopped: 0,0001448 seconds, Stopping threads took: 0,0000121 seconds
2016-11-04T12:20:36.838+0100: 0,658: Total time for which application threads were stopped: 0,0002204 seconds, Stopping threads took: 0,0000363 seconds
2016-11-04T12:20:37.200+0100: 1,019: Total time for which application threads were stopped: 0,0002324 seconds, Stopping threads took: 0,0000290 seconds
2016-11-04T12:20:37.440+0100: 1,260: Total time for which application threads were stopped: 0,0002390 seconds, Stopping threads took: 0,0000251 seconds
2016-11-04T12:20:37.507+0100: 1,327: Total time for which application threads were stopped: 0,0001843 seconds, Stopping threads took: 0,0000127 seconds
2016-11-04T12:20:37.508+0100: 1,328: Total time for which application threads were stopped: 0,0001549 seconds, Stopping threads took: 0,0000093 seconds
2016-11-04T12:20:37.520+0100: 1,340: Total time for which application threads were stopped: 0,0002647 seconds, Stopping threads took: 0,0000275 seconds
2016-11-04T12:20:37.708+0100: 1,528: Total time for which application threads were stopped: 0,0002868 seconds, Stopping threads took: 0,0000186 seconds
2016-11-04T12:20:37.866+0100: 1,686: Total time for which application threads were stopped: 0,0002660 seconds, Stopping threads took: 0,0000480 seconds
{Heap before GC invocations=0 (full 0):
 par new generation   total 109248K, used 87424K [0x00000000e0000000, 0x00000000e8000000, 0x00000000e8000000)
  eden space 87424K, 100% used [0x00000000e0000000, 0x00000000e5560000, 0x00000000e5560000)
  from space 21824K,   0% used [0x00000000e5560000, 0x00000000e5560000, 0x00000000e6ab0000)
  to   space 21824K,   0% used [0x00000000e6ab0000, 0x00000000e6ab0000, 0x00000000e8000000)
 concurrent mark-sweep generation total 393216K, used 0K [0x00000000e8000000, 0x0000000100000000, 0x0000000100000000)
 Metaspace       used 17895K, capacity 18214K, committed 18304K, reserved 1064960K
  class space    used 2030K, capacity 2132K, committed 2176K, reserved 1048576K
2016-11-04T12:20:38.007+0100: 1,827: [GC (Allocation Failure) 2016-11-04T12:20:38.007+0100: 1,827: [ParNew
Desired survivor size 20112992 bytes, new threshold 8 (max 8)
- age   1:   12211296 bytes,   12211296 total
: 87424K->12039K(109248K), 0,0212884 secs] 87424K->12039K(502464K), 0,0215217 secs] [Times: user=0,05 sys=0,01, real=0,03 secs] 
Heap after GC invocations=1 (full 0):
 par new generation   total 109248K, used 12039K [0x00000000e0000000, 0x00000000e8000000, 0x00000000e8000000)
  eden space 87424K,   0% used [0x00000000e0000000, 0x00000000e0000000, 0x00000000e5560000)
  from space 21824K,  55% used [0x00000000e6ab0000, 0x00000000e7671dc8, 0x00000000e8000000)
  to   space 21824K,   0% used [0x00000000e5560000, 0x00000000e5560000, 0x00000000e6ab0000)
 concurrent mark-sweep generation total 393216K, used 0K [0x00000000e8000000, 0x0000000100000000, 0x0000000100000000)
 Metaspace       used 17895K, capacity 18214K, committed 18304K, reserved 1064960K
  class space    used 2030K, capacity 2132K, committed 2176K, reserved 1048576K
}
2016-11-04T12:20:38.028+0100: 1,848: Total time for which application threads were stopped: 0,0221046 seconds, Stopping threads took: 0,0001243 seconds
2016-11-04T12:20:38.385+0100: 2,205: Total time for which application threads were stopped: 0,0002670 seconds, Stopping threads took: 0,0000305 seconds
2016-11-04T12:20:38.428+0100: 2,248: Total time for which application threads were stopped: 0,0004174 seconds, Stopping threads took: 0,0000866 seconds
2016-11-04T12:20:38.472+0100: 2,292: Total time for which application threads were stopped: 0,0004090 seconds, Stopping threads took: 0,0000941 seconds
{Heap before GC invocations=1 (full 0):
 par new generation   total 109248K, used 99463K [0x00000000e0000000, 0x00000000e8000000, 0x00000000e8000000)
  eden space 87424K, 100% used [0x00000000e0000000, 0x00000000e5560000, 0x00000000e5560000)
  from space 21824K,  55% used [0x00000000e6ab0000, 0x00000000e7671dc8, 0x00000000e8000000)
  to   space 21824K,   0% used [0x00000000e5560000, 0x00000000e5560000, 0x00000000e6ab0000)
 concurrent mark-sweep generation total 393216K, used 0K [0x00000000e8000000, 0x0000000100000000, 0x0000000100000000)
 Metaspace       used 20391K, capacity 20732K, committed 20992K, reserved 1067008K
  class space    used 2351K, capacity 2487K, committed 2560K, reserved 1048576K
2016-11-04T12:20:38.555+0100: 2,375: [GC (Allocation Failure) 2016-11-04T12:20:38.555+0100: 2,375: [ParNew
Desired survivor size 20112992 bytes, new threshold 8 (max 8)
- age   1:    4131240 bytes,    4131240 total
- age   2:    6259160 bytes,   10390400 total
: 99463K->15051K(109248K), 0,0098541 secs] 99463K->15051K(502464K), 0,0099297 secs] [Times: user=0,04 sys=0,00, real=0,01 secs] 
Heap after GC invocations=2 (full 0):
 par new generation   total 109248K, used 15051K [0x00000000e0000000, 0x00000000e8000000, 0x00000000e8000000)
  eden space 87424K,   0% used [0x00000000e0000000, 0x00000000e0000000, 0x00000000e5560000)
  from space 21824K,  68% used [0x00000000e5560000, 0x00000000e6412cc0, 0x00000000e6ab0000)
  to   space 21824K,   0% used [0x00000000e6ab0000, 0x00000000e6ab0000, 0x00000000e8000000)
 concurrent mark-sweep generation total 393216K, used 0K [0x00000000e8000000, 0x0000000100000000, 0x0000000100000000)
 Metaspace       used 20391K, capacity 20732K, committed 20992K, reserved 1067008K
  class space    used 2351K, capacity 2487K, committed 2560K, reserved 1048576K
}
2016-11-04T12:20:38.565+0100: 2,385: Total time for which application threads were stopped: 0,0101771 seconds, Stopping threads took: 0,0000504 seconds
2016-11-04T12:20:38.688+0100: 2,508: Total time for which application threads were stopped: 0,0001551 seconds, Stopping threads took: 0,0000657 seconds
{Heap before GC invocations=2 (full 0):
 par new generation   total 109248K, used 102475K [0x00000000e0000000, 0x00000000e8000000, 0x00000000e8000000)
  eden space 87424K, 100% used [0x00000000e0000000, 0x00000000e5560000, 0x00000000e5560000)
  from space 21824K,  68% used [0x00000000e5560000, 0x00000000e6412cc0, 0x00000000e6ab0000)
  to   space 21824K,   0% used [0x00000000e6ab0000, 0x00000000e6ab0000, 0x00000000e8000000)
 concurrent mark-sweep generation total 393216K, used 0K [0x00000000e8000000, 0x0000000100000000, 0x0000000100000000)
 Metaspace       used 20843K, capacity 21216K, committed 21504K, reserved 1069056K
  class space    used 2407K, capacity 2531K, committed 2560K, reserved 1048576K
2016-11-04T12:20:38.695+0100: 2,515: [GC (Allocation Failure) 2016-11-04T12:20:38.695+0100: 2,515: [ParNew
Desired survivor size 20112992 bytes, new threshold 8 (max 8)
- age   1:    1201040 bytes,    1201040 total
- age   2:    1590128 bytes,    2791168 total
- age   3:    6259088 bytes,    9050256 total
: 102475K->11373K(109248K), 0,0096219 secs] 102475K->11373K(502464K), 0,0096971 secs] [Times: user=0,03 sys=0,00, real=0,01 secs] 
Heap after GC invocations=3 (full 0):
 par new generation   total 109248K, used 11373K [0x00000000e0000000, 0x00000000e8000000, 0x00000000e8000000)
  eden space 87424K,   0% used [0x00000000e0000000, 0x00000000e0000000, 0x00000000e5560000)
  from space 21824K,  52% used [0x00000000e6ab0000, 0x00000000e75cb400, 0x00000000e8000000)
  to   space 21824K,   0% used [0x00000000e5560000, 0x00000000e5560000, 0x00000000e6ab0000)
 concurrent mark-sweep generation total 393216K, used 0K [0x00000000e8000000, 0x0000000100000000, 0x0000000100000000)
 Metaspace       used 20843K, capacity 21216K, committed 21504K, reserved 1069056K
  class space    used 2407K, capacity 2531K, committed 2560K, reserved 1048576K
}
2016-11-04T12:20:38.705+0100: 2,525: Total time for which application threads were stopped: 0,0099861 seconds, Stopping threads took: 0,0001640 seconds
2016-11-04T12:20:38.711+0100: 2,531: [GC (CMS Initial Mark) [1 CMS-initial-mark: 0K(393216K)] 15598K(502464K), 0,0045457 secs] [Times: user=0,01 sys=0,00, real=0,00 secs] 
2016-11-04T12:20:38.716+0100: 2,536: Total time for which application threads were stopped: 0,0047245 seconds, Stopping threads took: 0,0000727 seconds
2016-11-04T12:20:38.716+0100: 2,536: [CMS-concurrent-mark-start]
2016-11-04T12:20:38.716+0100: 2,536: [CMS-concurrent-mark: 0,001/0,001 secs] [Times: user=0,00 sys=0,00, real=0,00 secs] 
2016-11-04T12:20:38.716+0100: 2,536: [CMS-concurrent-preclean-start]
2016-11-04T12:20:38.717+0100: 2,537: [CMS-concurrent-preclean: 0,001/0,001 secs] [Times: user=0,01 sys=0,00, real=0,00 secs] 
2016-11-04T12:20:38.718+0100: 2,537: [CMS-concurrent-abortable-preclean-start]
2016-11-04T12:20:38.801+0100: 2,621: Total time for which application threads were stopped: 0,0001144 seconds, Stopping threads took: 0,0000209 seconds
2016-11-04T12:20:38.801+0100: 2,621: [CMS-concurrent-abortable-preclean: 0,064/0,083 secs] [Times: user=0,30 sys=0,00, real=0,09 secs] 
2016-11-04T12:20:38.801+0100: 2,621: [GC (CMS Final Remark) [YG occupancy: 78381 K (109248 K)]{Heap before GC invocations=3 (full 1):
 par new generation   total 109248K, used 78381K [0x00000000e0000000, 0x00000000e8000000, 0x00000000e8000000)
  eden space 87424K,  76% used [0x00000000e0000000, 0x00000000e41701e8, 0x00000000e5560000)
  from space 21824K,  52% used [0x00000000e6ab0000, 0x00000000e75cb400, 0x00000000e8000000)
  to   space 21824K,   0% used [0x00000000e5560000, 0x00000000e5560000, 0x00000000e6ab0000)
 concurrent mark-sweep generation total 393216K, used 0K [0x00000000e8000000, 0x0000000100000000, 0x0000000100000000)
 Metaspace       used 21096K, capacity 21504K, committed 21884K, reserved 1069056K
  class space    used 2433K, capacity 2563K, committed 2684K, reserved 1048576K
2016-11-04T12:20:38.801+0100: 2,621: [GC (CMS Final Remark) 2016-11-04T12:20:38.801+0100: 2,621: [ParNew
Desired survivor size 20112992 bytes, new threshold 8 (max 8)
- age   1:     315984 bytes,     315984 total
- age   2:     184160 bytes,     500144 total
- age   3:    1570280 bytes,    2070424 total
- age   4:    6258920 bytes,    8329344 total
: 78381K->12075K(109248K), 0,0121226 secs] 78381K->12075K(502464K), 0,0121640 secs] [Times: user=0,04 sys=0,00, real=0,01 secs] 
Heap after GC invocations=4 (full 1):
 par new generation   total 109248K, used 12075K [0x00000000e0000000, 0x00000000e8000000, 0x00000000e8000000)
  eden space 87424K,   0% used [0x00000000e0000000, 0x00000000e0000000, 0x00000000e5560000)
  from space 21824K,  55% used [0x00000000e5560000, 0x00000000e612acc0, 0x00000000e6ab0000)
  to   space 21824K,   0% used [0x00000000e6ab0000, 0x00000000e6ab0000, 0x00000000e8000000)
 concurrent mark-sweep generation total 393216K, used 0K [0x00000000e8000000, 0x0000000100000000, 0x0000000100000000)
 Metaspace       used 21096K, capacity 21504K, committed 21884K, reserved 1069056K
  class space    used 2433K, capacity 2563K, committed 2684K, reserved 1048576K
}
2016-11-04T12:20:38.813+0100: 2,633: [Rescan (parallel) , 0,0038919 secs]2016-11-04T12:20:38.817+0100: 2,637: [weak refs processing, 0,0027558 secs]2016-11-04T12:20:38.820+0100: 2,640: [class unloading, 0,0029793 secs]2016-11-04T12:20:38.823+0100: 2,643: [scrub symbol table, 0,0029494 secs]2016-11-04T12:20:38.826+0100: 2,646: [scrub string table, 0,0003630 secs][1 CMS-remark: 0K(393216K)] 12075K(502464K), 0,0257907 secs] [Times: user=0,07 sys=0,00, real=0,03 secs] 
2016-11-04T12:20:38.827+0100: 2,647: Total time for which application threads were stopped: 0,0258942 seconds, Stopping threads took: 0,0000282 seconds
2016-11-04T12:20:38.827+0100: 2,647: [CMS-concurrent-sweep-start]
2016-11-04T12:20:38.827+0100: 2,647: [CMS-concurrent-sweep: 0,000/0,000 secs] [Times: user=0,00 sys=0,00, real=0,00 secs] 
2016-11-04T12:20:38.827+0100: 2,647: [CMS-concurrent-reset-start]
2016-11-04T12:20:38.829+0100: 2,649: [CMS-concurrent-reset: 0,002/0,002 secs] [Times: user=0,00 sys=0,00, real=0,00 secs] 
2016-11-04T12:20:38.848+0100: 2,668: Total time for which application threads were stopped: 0,0002881 seconds, Stopping threads took: 0,0000367 seconds
2016-11-04T12:20:38.966+0100: 2,786: Total time for which application threads were stopped: 0,0004063 seconds, Stopping threads took: 0,0000398 seconds
2016-11-04T12:20:38.982+0100: 2,801: Total time for which application threads were stopped: 0,0003814 seconds, Stopping threads took: 0,0000408 seconds
2016-11-04T12:20:39.982+0100: 3,802: Total time for which application threads were stopped: 0,0001450 seconds, Stopping threads took: 0,0000302 seconds
2016-11-04T12:20:40.227+0100: 4,047: Total time for which application threads were stopped: 0,0002649 seconds, Stopping threads took: 0,0000194 seconds
2016-11-04T12:21:07.230+0100: 31,050: Total time for which application threads were stopped: 0,0000592 seconds, Stopping threads took: 0,0000157 seconds
2016-11-04T12:21:37.234+0100: 61,054: Total time for which application threads were stopped: 0,0001195 seconds, Stopping threads took: 0,0000442 seconds
2016-11-04T12:21:47.235+0100: 71,055: Total time for which application threads were stopped: 0,0001325 seconds, Stopping threads took: 0,0000530 seconds
2016-11-04T12:21:57.236+0100: 81,056: Total time for which application threads were stopped: 0,0001440 seconds, Stopping threads took: 0,0000345 seconds
2016-11-04T12:22:02.237+0100: 86,057: Total time for which application threads were stopped: 0,0000650 seconds, Stopping threads took: 0,0000152 seconds
2016-11-04T12:22:07.238+0100: 91,058: Total time for which application threads were stopped: 0,0000689 seconds, Stopping threads took: 0,0000168 seconds
2016-11-04T12:22:38.241+0100: 122,061: Total time for which application threads were stopped: 0,0000726 seconds, Stopping threads took: 0,0000288 seconds
2016-11-04T12:22:57.244+0100: 141,064: Total time for which application threads were stopped: 0,0001286 seconds, Stopping threads took: 0,0000417 seconds
2016-11-04T12:23:13.245+0100: 157,065: Total time for which application threads were stopped: 0,0000820 seconds, Stopping threads took: 0,0000341 seconds
2016-11-04T12:23:42.248+0100: 186,068: Total time for which application threads were stopped: 0,0001465 seconds, Stopping threads took: 0,0000513 seconds
2016-11-04T12:24:18.251+0100: 222,071: Total time for which application threads were stopped: 0,0000761 seconds, Stopping threads took: 0,0000311 seconds
{Heap before GC invocations=4 (full 1):
 par new generation   total 109248K, used 99499K [0x00000000e0000000, 0x00000000e8000000, 0x00000000e8000000)
  eden space 87424K, 100% used [0x00000000e0000000, 0x00000000e5560000, 0x00000000e5560000)
  from space 21824K,  55% used [0x00000000e5560000, 0x00000000e612acc0, 0x00000000e6ab0000)
  to   space 21824K,   0% used [0x00000000e6ab0000, 0x00000000e6ab0000, 0x00000000e8000000)
 concurrent mark-sweep generation total 393216K, used 0K [0x00000000e8000000, 0x0000000100000000, 0x0000000100000000)
 Metaspace       used 27108K, capacity 27620K, committed 27900K, reserved 1073152K
  class space    used 3149K, capacity 3299K, committed 3324K, reserved 1048576K
2016-11-04T12:25:11.752+0100: 275,572: [GC (Allocation Failure) 2016-11-04T12:25:11.752+0100: 275,572: [ParNew
Desired survivor size 20112992 bytes, new threshold 8 (max 8)
- age   1:   11277928 bytes,   11277928 total
- age   2:     133512 bytes,   11411440 total
- age   3:     177256 bytes,   11588696 total
- age   4:     773072 bytes,   12361768 total
- age   5:    6186520 bytes,   18548288 total
: 99499K->21417K(109248K), 0,0167132 secs] 99499K->21417K(502464K), 0,0170952 secs] [Times: user=0,06 sys=0,01, real=0,02 secs] 
Heap after GC invocations=5 (full 1):
 par new generation   total 109248K, used 21417K [0x00000000e0000000, 0x00000000e8000000, 0x00000000e8000000)
  eden space 87424K,   0% used [0x00000000e0000000, 0x00000000e0000000, 0x00000000e5560000)
  from space 21824K,  98% used [0x00000000e6ab0000, 0x00000000e7f9a6c8, 0x00000000e8000000)
  to   space 21824K,   0% used [0x00000000e5560000, 0x00000000e5560000, 0x00000000e6ab0000)
 concurrent mark-sweep generation total 393216K, used 0K [0x00000000e8000000, 0x0000000100000000, 0x0000000100000000)
 Metaspace       used 27108K, capacity 27620K, committed 27900K, reserved 1073152K
  class space    used 3149K, capacity 3299K, committed 3324K, reserved 1048576K
}
2016-11-04T12:25:11.769+0100: 275,589: Total time for which application threads were stopped: 0,0181130 seconds, Stopping threads took: 0,0003895 seconds
2016-11-04T12:25:12.769+0100: 276,589: Total time for which application threads were stopped: 0,0002573 seconds, Stopping threads took: 0,0000225 seconds
2016-11-04T12:25:23.771+0100: 287,591: Total time for which application threads were stopped: 0,0000626 seconds, Stopping threads took: 0,0000159 seconds
2016-11-04T12:44:11.876+0100: 1415,696: Total time for which application threads were stopped: 0,0000865 seconds, Stopping threads took: 0,0000326 seconds
2016-11-04T12:48:46.903+0100: 1690,723: Total time for which application threads were stopped: 0,0000824 seconds, Stopping threads took: 0,0000310 seconds
2016-11-04T12:59:07.959+0100: 2311,779: Total time for which application threads were stopped: 0,0004304 seconds, Stopping threads took: 0,0001613 seconds
2016-11-04T12:59:11.960+0100: 2315,780: Total time for which application threads were stopped: 0,0000732 seconds, Stopping threads took: 0,0000273 seconds
2016-11-04T13:13:53.046+0100: 3196,866: Total time for which application threads were stopped: 0,0000890 seconds, Stopping threads took: 0,0000335 seconds
2016-11-04T13:25:12.107+0100: 3875,927: Total time for which application threads were stopped: 0,0000990 seconds, Stopping threads took: 0,0000416 seconds
2016-11-04T13:25:17.108+0100: 3880,928: Total time for which application threads were stopped: 0,0000821 seconds, Stopping threads took: 0,0000182 seconds
2016-11-04T13:26:38.115+0100: 3961,935: Total time for which application threads were stopped: 0,0000806 seconds, Stopping threads took: 0,0000318 seconds
2016-11-04T13:56:48.288+0100: 5772,108: Total time for which application threads were stopped: 0,0002528 seconds, Stopping threads took: 0,0001126 seconds
2016-11-04T14:01:43.317+0100: 6067,137: Total time for which application threads were stopped: 0,0004441 seconds, Stopping threads took: 0,0002517 seconds
2016-11-04T14:05:33.339+0100: 6297,159: Total time for which application threads were stopped: 0,0000770 seconds, Stopping threads took: 0,0000325 seconds
2016-11-04T14:21:07.449+0100: 7231,269: Total time for which application threads were stopped: 0,0005460 seconds, Stopping threads took: 0,0002447 seconds
2016-11-04T14:24:37.471+0100: 7441,291: Total time for which application threads were stopped: 0,0000932 seconds, Stopping threads took: 0,0000308 seconds
2016-11-04T14:25:37.476+0100: 7501,296: Total time for which application threads were stopped: 0,0001001 seconds, Stopping threads took: 0,0000395 seconds
2016-11-04T14:28:37.494+0100: 7681,314: Total time for which application threads were stopped: 0,0000761 seconds, Stopping threads took: 0,0000304 seconds
2016-11-04T14:29:07.497+0100: 7711,317: Total time for which application threads were stopped: 0,0000868 seconds, Stopping threads took: 0,0000354 seconds
2016-11-04T16:36:37.570+0100: 15361,389: Total time for which application threads were stopped: 0,0001641 seconds, Stopping threads took: 0,0000679 seconds
2016-11-04T16:37:37.576+0100: 15421,396: Total time for which application threads were stopped: 0,0004767 seconds, Stopping threads took: 0,0002039 seconds
2016-11-04T16:56:39.375+0100: 16563,195: Total time for which application threads were stopped: 0,0040445 seconds, Stopping threads took: 0,0039099 seconds
Heap
 par new generation   total 109248K, used 40023K [0x00000000e0000000, 0x00000000e8000000, 0x00000000e8000000)
  eden space 87424K,  21% used [0x00000000e0000000, 0x00000000e122b748, 0x00000000e5560000)
  from space 21824K,  98% used [0x00000000e6ab0000, 0x00000000e7f9a6c8, 0x00000000e8000000)
  to   space 21824K,   0% used [0x00000000e5560000, 0x00000000e5560000, 0x00000000e6ab0000)
 concurrent mark-sweep generation total 393216K, used 0K [0x00000000e8000000, 0x0000000100000000, 0x0000000100000000)
 Metaspace       used 27263K, capacity 27696K, committed 27900K, reserved 1073152K
  class space    used 3163K, capacity 3301K, committed 3324K, reserved 1048576K
