OpenJDK 64-Bit Server VM (25.121-b13) for linux-amd64 JRE (1.8.0_121-8u121-b13-0ubuntu1.16.04.2-b13), built on Jan 23 2017 15:51:29 by "buildd" with gcc 5.4.0 20160609
Memory: 4k page, physical 7867764k(7431736k free), swap 8076284k(8076284k free)
CommandLine flags: -XX:CMSInitiatingOccupancyFraction=50 -XX:CMSMaxAbortablePrecleanTime=6000 -XX:+CMSParallelRemarkEnabled -XX:+CMSScavengeBeforeRemark -XX:ConcGCThreads=4 -XX:InitialHeapSize=536870912 -XX:MaxHeapSize=536870912 -XX:MaxTenuringThreshold=8 -XX:NewRatio=3 -XX:OldPLABSize=16 -XX:OnOutOfMemoryError=/opt/solr/bin/oom_solr.sh 8983 /var/solr/logs -XX:ParallelGCThreads=4 -XX:+ParallelRefProcEnabled -XX:PretenureSizeThreshold=67108864 -XX:+PrintGC -XX:+PrintGCApplicationStoppedTime -XX:+PrintGCDateStamps -XX:+PrintGCDetails -XX:+PrintGCTimeStamps -XX:+PrintHeapAtGC -XX:+PrintTenuringDistribution -XX:SurvivorRatio=4 -XX:TargetSurvivorRatio=90 -XX:ThreadStackSize=256 -XX:+UseCMSInitiatingOccupancyOnly -XX:+UseCompressedClassPointers -XX:+UseCompressedOops -XX:+UseConcMarkSweepGC -XX:+UseParNewGC 
2017-04-15T16:42:22.794+0200: 0,170: Total time for which application threads were stopped: 0,0000775 seconds, Stopping threads took: 0,0000085 seconds
2017-04-15T16:42:22.889+0200: 0,265: Total time for which application threads were stopped: 0,0001032 seconds, Stopping threads took: 0,0000144 seconds
2017-04-15T16:42:22.909+0200: 0,285: Total time for which application threads were stopped: 0,0001118 seconds, Stopping threads took: 0,0000233 seconds
2017-04-15T16:42:23.343+0200: 0,719: Total time for which application threads were stopped: 0,0001445 seconds, Stopping threads took: 0,0000114 seconds
2017-04-15T16:42:23.720+0200: 1,096: Total time for which application threads were stopped: 0,0001600 seconds, Stopping threads took: 0,0000228 seconds
2017-04-15T16:42:23.850+0200: 1,226: Total time for which application threads were stopped: 0,0001387 seconds, Stopping threads took: 0,0000177 seconds
2017-04-15T16:42:23.877+0200: 1,253: Total time for which application threads were stopped: 0,0001934 seconds, Stopping threads took: 0,0000311 seconds
2017-04-15T16:42:24.172+0200: 1,549: Total time for which application threads were stopped: 0,0001941 seconds, Stopping threads took: 0,0000175 seconds
2017-04-15T16:42:24.415+0200: 1,791: Total time for which application threads were stopped: 0,0002088 seconds, Stopping threads took: 0,0000232 seconds
2017-04-15T16:42:24.441+0200: 1,817: Total time for which application threads were stopped: 0,0001869 seconds, Stopping threads took: 0,0000363 seconds
2017-04-15T16:42:24.478+0200: 1,854: Total time for which application threads were stopped: 0,0003014 seconds, Stopping threads took: 0,0000310 seconds
2017-04-15T16:42:24.479+0200: 1,856: Total time for which application threads were stopped: 0,0002373 seconds, Stopping threads took: 0,0000194 seconds
2017-04-15T16:42:24.494+0200: 1,870: Total time for which application threads were stopped: 0,0002216 seconds, Stopping threads took: 0,0000177 seconds
2017-04-15T16:42:24.584+0200: 1,960: Total time for which application threads were stopped: 0,0002101 seconds, Stopping threads took: 0,0000219 seconds
2017-04-15T16:42:24.756+0200: 2,132: Total time for which application threads were stopped: 0,0002822 seconds, Stopping threads took: 0,0000421 seconds
2017-04-15T16:42:24.847+0200: 2,223: Total time for which application threads were stopped: 0,0001289 seconds, Stopping threads took: 0,0000216 seconds
{Heap before GC invocations=0 (full 0):
 par new generation   total 109248K, used 87424K [0x00000000e0000000, 0x00000000e8000000, 0x00000000e8000000)
  eden space 87424K, 100% used [0x00000000e0000000, 0x00000000e5560000, 0x00000000e5560000)
  from space 21824K,   0% used [0x00000000e5560000, 0x00000000e5560168, 0x00000000e6ab0000)
  to   space 21824K,   0% used [0x00000000e6ab0000, 0x00000000e6ab0000, 0x00000000e8000000)
 concurrent mark-sweep generation total 393216K, used 0K [0x00000000e8000000, 0x0000000100000000, 0x0000000100000000)
 Metaspace       used 18025K, capacity 18336K, committed 18688K, reserved 1064960K
  class space    used 2036K, capacity 2196K, committed 2304K, reserved 1048576K
2017-04-15T16:42:24.847+0200: 2,224: [GC (GCLocker Initiated GC) 2017-04-15T16:42:24.847+0200: 2,224: [ParNew
Desired survivor size 20112992 bytes, new threshold 8 (max 8)
- age   1:   12621344 bytes,   12621344 total
: 87424K->12442K(109248K), 0,0159336 secs] 87424K->12442K(502464K), 0,0159975 secs] [Times: user=0,05 sys=0,01, real=0,02 secs] 
Heap after GC invocations=1 (full 0):
 par new generation   total 109248K, used 12442K [0x00000000e0000000, 0x00000000e8000000, 0x00000000e8000000)
  eden space 87424K,   0% used [0x00000000e0000000, 0x00000000e0000000, 0x00000000e5560000)
  from space 21824K,  57% used [0x00000000e6ab0000, 0x00000000e76d6930, 0x00000000e8000000)
  to   space 21824K,   0% used [0x00000000e5560000, 0x00000000e5560000, 0x00000000e6ab0000)
 concurrent mark-sweep generation total 393216K, used 0K [0x00000000e8000000, 0x0000000100000000, 0x0000000100000000)
 Metaspace       used 18025K, capacity 18336K, committed 18688K, reserved 1064960K
  class space    used 2036K, capacity 2196K, committed 2304K, reserved 1048576K
}
2017-04-15T16:42:24.863+0200: 2,240: Total time for which application threads were stopped: 0,0163888 seconds, Stopping threads took: 0,0002237 seconds
2017-04-15T16:42:25.146+0200: 2,522: Total time for which application threads were stopped: 0,0003950 seconds, Stopping threads took: 0,0000637 seconds
2017-04-15T16:42:25.192+0200: 2,568: Total time for which application threads were stopped: 0,0004168 seconds, Stopping threads took: 0,0000904 seconds
{Heap before GC invocations=1 (full 0):
 par new generation   total 109248K, used 99866K [0x00000000e0000000, 0x00000000e8000000, 0x00000000e8000000)
  eden space 87424K, 100% used [0x00000000e0000000, 0x00000000e5560000, 0x00000000e5560000)
  from space 21824K,  57% used [0x00000000e6ab0000, 0x00000000e76d6930, 0x00000000e8000000)
  to   space 21824K,   0% used [0x00000000e5560000, 0x00000000e5560000, 0x00000000e6ab0000)
 concurrent mark-sweep generation total 393216K, used 0K [0x00000000e8000000, 0x0000000100000000, 0x0000000100000000)
 Metaspace       used 20056K, capacity 20350K, committed 20736K, reserved 1067008K
  class space    used 2294K, capacity 2465K, committed 2560K, reserved 1048576K
2017-04-15T16:42:25.202+0200: 2,578: [GC (Allocation Failure) 2017-04-15T16:42:25.202+0200: 2,578: [ParNew
Desired survivor size 20112992 bytes, new threshold 8 (max 8)
- age   1:    3829328 bytes,    3829328 total
- age   2:    6678888 bytes,   10508216 total
: 99866K->11788K(109248K), 0,0150597 secs] 99866K->11788K(502464K), 0,0151198 secs] [Times: user=0,05 sys=0,01, real=0,02 secs] 
Heap after GC invocations=2 (full 0):
 par new generation   total 109248K, used 11788K [0x00000000e0000000, 0x00000000e8000000, 0x00000000e8000000)
  eden space 87424K,   0% used [0x00000000e0000000, 0x00000000e0000000, 0x00000000e5560000)
  from space 21824K,  54% used [0x00000000e5560000, 0x00000000e60e33b0, 0x00000000e6ab0000)
  to   space 21824K,   0% used [0x00000000e6ab0000, 0x00000000e6ab0000, 0x00000000e8000000)
 concurrent mark-sweep generation total 393216K, used 0K [0x00000000e8000000, 0x0000000100000000, 0x0000000100000000)
 Metaspace       used 20056K, capacity 20350K, committed 20736K, reserved 1067008K
  class space    used 2294K, capacity 2465K, committed 2560K, reserved 1048576K
}
2017-04-15T16:42:25.217+0200: 2,593: Total time for which application threads were stopped: 0,0179854 seconds, Stopping threads took: 0,0027324 seconds
2017-04-15T16:42:25.265+0200: 2,641: Total time for which application threads were stopped: 0,0003711 seconds, Stopping threads took: 0,0000578 seconds
2017-04-15T16:42:25.405+0200: 2,781: Total time for which application threads were stopped: 0,0002404 seconds, Stopping threads took: 0,0001266 seconds
{Heap before GC invocations=2 (full 0):
 par new generation   total 109248K, used 99212K [0x00000000e0000000, 0x00000000e8000000, 0x00000000e8000000)
  eden space 87424K, 100% used [0x00000000e0000000, 0x00000000e5560000, 0x00000000e5560000)
  from space 21824K,  54% used [0x00000000e5560000, 0x00000000e60e33b0, 0x00000000e6ab0000)
  to   space 21824K,   0% used [0x00000000e6ab0000, 0x00000000e6ab0000, 0x00000000e8000000)
 concurrent mark-sweep generation total 393216K, used 0K [0x00000000e8000000, 0x0000000100000000, 0x0000000100000000)
 Metaspace       used 20972K, capacity 21272K, committed 21628K, reserved 1069056K
  class space    used 2416K, capacity 2584K, committed 2684K, reserved 1048576K
2017-04-15T16:42:25.443+0200: 2,819: [GC (Allocation Failure) 2017-04-15T16:42:25.443+0200: 2,819: [ParNew
Desired survivor size 20112992 bytes, new threshold 8 (max 8)
- age   1:    2215408 bytes,    2215408 total
- age   2:     833848 bytes,    3049256 total
- age   3:    6658200 bytes,    9707456 total
: 99212K->14488K(109248K), 0,0112954 secs] 99212K->14488K(502464K), 0,0113712 secs] [Times: user=0,04 sys=0,00, real=0,01 secs] 
Heap after GC invocations=3 (full 0):
 par new generation   total 109248K, used 14488K [0x00000000e0000000, 0x00000000e8000000, 0x00000000e8000000)
  eden space 87424K,   0% used [0x00000000e0000000, 0x00000000e0000000, 0x00000000e5560000)
  from space 21824K,  66% used [0x00000000e6ab0000, 0x00000000e78d63e0, 0x00000000e8000000)
  to   space 21824K,   0% used [0x00000000e5560000, 0x00000000e5560000, 0x00000000e6ab0000)
 concurrent mark-sweep generation total 393216K, used 0K [0x00000000e8000000, 0x0000000100000000, 0x0000000100000000)
 Metaspace       used 20972K, capacity 21272K, committed 21628K, reserved 1069056K
  class space    used 2416K, capacity 2584K, committed 2684K, reserved 1048576K
}
2017-04-15T16:42:25.454+0200: 2,831: Total time for which application threads were stopped: 0,0115673 seconds, Stopping threads took: 0,0000616 seconds
2017-04-15T16:42:25.466+0200: 2,843: [GC (CMS Initial Mark) [1 CMS-initial-mark: 0K(393216K)] 24451K(502464K), 0,0045576 secs] [Times: user=0,01 sys=0,00, real=0,01 secs] 
2017-04-15T16:42:25.471+0200: 2,847: Total time for which application threads were stopped: 0,0086646 seconds, Stopping threads took: 0,0040018 seconds
2017-04-15T16:42:25.471+0200: 2,847: [CMS-concurrent-mark-start]
2017-04-15T16:42:25.472+0200: 2,848: [CMS-concurrent-mark: 0,001/0,001 secs] [Times: user=0,00 sys=0,00, real=0,00 secs] 
2017-04-15T16:42:25.472+0200: 2,848: [CMS-concurrent-preclean-start]
2017-04-15T16:42:25.473+0200: 2,849: [CMS-concurrent-preclean: 0,001/0,001 secs] [Times: user=0,01 sys=0,00, real=0,00 secs] 
2017-04-15T16:42:25.473+0200: 2,849: [CMS-concurrent-abortable-preclean-start]
2017-04-15T16:42:25.541+0200: 2,917: Total time for which application threads were stopped: 0,0014608 seconds, Stopping threads took: 0,0013651 seconds
{Heap before GC invocations=3 (full 1):
 par new generation   total 109248K, used 101912K [0x00000000e0000000, 0x00000000e8000000, 0x00000000e8000000)
  eden space 87424K, 100% used [0x00000000e0000000, 0x00000000e5560000, 0x00000000e5560000)
  from space 21824K,  66% used [0x00000000e6ab0000, 0x00000000e78d63e0, 0x00000000e8000000)
  to   space 21824K,   0% used [0x00000000e5560000, 0x00000000e5560000, 0x00000000e6ab0000)
 concurrent mark-sweep generation total 393216K, used 0K [0x00000000e8000000, 0x0000000100000000, 0x0000000100000000)
 Metaspace       used 21248K, capacity 21606K, committed 21884K, reserved 1069056K
  class space    used 2445K, capacity 2598K, committed 2684K, reserved 1048576K
2017-04-15T16:42:25.590+0200: 2,967: [GC (Allocation Failure) 2017-04-15T16:42:25.591+0200: 2,967: [ParNew
Desired survivor size 20112992 bytes, new threshold 8 (max 8)
- age   1:     874608 bytes,     874608 total
- age   2:    1482112 bytes,    2356720 total
- age   3:     800440 bytes,    3157160 total
- age   4:    6658504 bytes,    9815664 total
: 101912K->11962K(109248K), 0,0102768 secs] 101912K->11962K(502464K), 0,0103403 secs] [Times: user=0,04 sys=0,00, real=0,00 secs] 
Heap after GC invocations=4 (full 1):
 par new generation   total 109248K, used 11962K [0x00000000e0000000, 0x00000000e8000000, 0x00000000e8000000)
  eden space 87424K,   0% used [0x00000000e0000000, 0x00000000e0000000, 0x00000000e5560000)
  from space 21824K,  54% used [0x00000000e5560000, 0x00000000e610e820, 0x00000000e6ab0000)
  to   space 21824K,   0% used [0x00000000e6ab0000, 0x00000000e6ab0000, 0x00000000e8000000)
 concurrent mark-sweep generation total 393216K, used 0K [0x00000000e8000000, 0x0000000100000000, 0x0000000100000000)
 Metaspace       used 21248K, capacity 21606K, committed 21884K, reserved 1069056K
  class space    used 2445K, capacity 2598K, committed 2684K, reserved 1048576K
}
2017-04-15T16:42:25.601+0200: 2,977: Total time for which application threads were stopped: 0,0105172 seconds, Stopping threads took: 0,0000472 seconds
{Heap before GC invocations=4 (full 1):
 par new generation   total 109248K, used 99386K [0x00000000e0000000, 0x00000000e8000000, 0x00000000e8000000)
  eden space 87424K, 100% used [0x00000000e0000000, 0x00000000e5560000, 0x00000000e5560000)
  from space 21824K,  54% used [0x00000000e5560000, 0x00000000e610e820, 0x00000000e6ab0000)
  to   space 21824K,   0% used [0x00000000e6ab0000, 0x00000000e6ab0000, 0x00000000e8000000)
 concurrent mark-sweep generation total 393216K, used 0K [0x00000000e8000000, 0x0000000100000000, 0x0000000100000000)
 Metaspace       used 21409K, capacity 21772K, committed 21884K, reserved 1069056K
  class space    used 2464K, capacity 2631K, committed 2684K, reserved 1048576K
2017-04-15T16:42:25.696+0200: 3,072: [GC (Allocation Failure) 2017-04-15T16:42:25.696+0200: 3,072: [ParNew
Desired survivor size 20112992 bytes, new threshold 8 (max 8)
- age   1:     865872 bytes,     865872 total
- age   2:     187128 bytes,    1053000 total
- age   3:    1481592 bytes,    2534592 total
- age   4:     798392 bytes,    3332984 total
- age   5:    6658360 bytes,    9991344 total
: 99386K->16770K(109248K), 0,0100479 secs] 99386K->16770K(502464K), 0,0101245 secs] [Times: user=0,04 sys=0,00, real=0,01 secs] 
Heap after GC invocations=5 (full 1):
 par new generation   total 109248K, used 16770K [0x00000000e0000000, 0x00000000e8000000, 0x00000000e8000000)
  eden space 87424K,   0% used [0x00000000e0000000, 0x00000000e0000000, 0x00000000e5560000)
  from space 21824K,  76% used [0x00000000e6ab0000, 0x00000000e7b109c0, 0x00000000e8000000)
  to   space 21824K,   0% used [0x00000000e5560000, 0x00000000e5560000, 0x00000000e6ab0000)
 concurrent mark-sweep generation total 393216K, used 0K [0x00000000e8000000, 0x0000000100000000, 0x0000000100000000)
 Metaspace       used 21409K, capacity 21772K, committed 21884K, reserved 1069056K
  class space    used 2464K, capacity 2631K, committed 2684K, reserved 1048576K
}
2017-04-15T16:42:25.706+0200: 3,082: Total time for which application threads were stopped: 0,0106223 seconds, Stopping threads took: 0,0003555 seconds
2017-04-15T16:42:25.706+0200: 3,082: [CMS-concurrent-abortable-preclean: 0,162/0,233 secs] [Times: user=0,87 sys=0,00, real=0,23 secs] 
2017-04-15T16:42:25.707+0200: 3,083: [GC (CMS Final Remark) [YG occupancy: 18693 K (109248 K)]{Heap before GC invocations=5 (full 1):
 par new generation   total 109248K, used 18693K [0x00000000e0000000, 0x00000000e8000000, 0x00000000e8000000)
  eden space 87424K,   2% used [0x00000000e0000000, 0x00000000e01e0c50, 0x00000000e5560000)
  from space 21824K,  76% used [0x00000000e6ab0000, 0x00000000e7b109c0, 0x00000000e8000000)
  to   space 21824K,   0% used [0x00000000e5560000, 0x00000000e5560000, 0x00000000e6ab0000)
 concurrent mark-sweep generation total 393216K, used 0K [0x00000000e8000000, 0x0000000100000000, 0x0000000100000000)
 Metaspace       used 21409K, capacity 21772K, committed 21884K, reserved 1069056K
  class space    used 2464K, capacity 2631K, committed 2684K, reserved 1048576K
2017-04-15T16:42:25.707+0200: 3,083: [GC (CMS Final Remark) 2017-04-15T16:42:25.707+0200: 3,083: [ParNew
Desired survivor size 20112992 bytes, new threshold 8 (max 8)
- age   1:     335576 bytes,     335576 total
- age   2:     421432 bytes,     757008 total
- age   3:     187128 bytes,     944136 total
- age   4:    1481592 bytes,    2425728 total
- age   5:     798392 bytes,    3224120 total
- age   6:    6658272 bytes,    9882392 total
: 18693K->12472K(109248K), 0,0095101 secs] 18693K->12472K(502464K), 0,0095618 secs] [Times: user=0,03 sys=0,00, real=0,01 secs] 
Heap after GC invocations=6 (full 1):
 par new generation   total 109248K, used 12472K [0x00000000e0000000, 0x00000000e8000000, 0x00000000e8000000)
  eden space 87424K,   0% used [0x00000000e0000000, 0x00000000e0000000, 0x00000000e5560000)
  from space 21824K,  57% used [0x00000000e5560000, 0x00000000e618e330, 0x00000000e6ab0000)
  to   space 21824K,   0% used [0x00000000e6ab0000, 0x00000000e6ab0000, 0x00000000e8000000)
 concurrent mark-sweep generation total 393216K, used 0K [0x00000000e8000000, 0x0000000100000000, 0x0000000100000000)
 Metaspace       used 21409K, capacity 21772K, committed 21884K, reserved 1069056K
  class space    used 2464K, capacity 2631K, committed 2684K, reserved 1048576K
}
2017-04-15T16:42:25.717+0200: 3,093: [Rescan (parallel) , 0,0049687 secs]2017-04-15T16:42:25.722+0200: 3,098: [weak refs processing, 0,0003950 secs]2017-04-15T16:42:25.722+0200: 3,098: [class unloading, 0,0029735 secs]2017-04-15T16:42:25.725+0200: 3,101: [scrub symbol table, 0,0026182 secs]2017-04-15T16:42:25.728+0200: 3,104: [scrub string table, 0,0003730 secs][1 CMS-remark: 0K(393216K)] 12472K(502464K), 0,0216385 secs] [Times: user=0,06 sys=0,00, real=0,02 secs] 
2017-04-15T16:42:25.729+0200: 3,105: Total time for which application threads were stopped: 0,0217719 seconds, Stopping threads took: 0,0000532 seconds
2017-04-15T16:42:25.731+0200: 3,107: [CMS-concurrent-sweep-start]
2017-04-15T16:42:25.731+0200: 3,107: [CMS-concurrent-sweep: 0,000/0,000 secs] [Times: user=0,00 sys=0,00, real=0,00 secs] 
2017-04-15T16:42:25.731+0200: 3,107: [CMS-concurrent-reset-start]
2017-04-15T16:42:25.734+0200: 3,110: [CMS-concurrent-reset: 0,003/0,003 secs] [Times: user=0,02 sys=0,00, real=0,00 secs] 
2017-04-15T16:42:25.767+0200: 3,143: Total time for which application threads were stopped: 0,0003908 seconds, Stopping threads took: 0,0000230 seconds
2017-04-15T16:42:25.951+0200: 3,328: Total time for which application threads were stopped: 0,0005338 seconds, Stopping threads took: 0,0000498 seconds
2017-04-15T16:42:25.996+0200: 3,372: Total time for which application threads were stopped: 0,0004506 seconds, Stopping threads took: 0,0000579 seconds
2017-04-15T16:42:26.015+0200: 3,391: Total time for which application threads were stopped: 0,0016264 seconds, Stopping threads took: 0,0012436 seconds
{Heap before GC invocations=6 (full 1):
 par new generation   total 109248K, used 99896K [0x00000000e0000000, 0x00000000e8000000, 0x00000000e8000000)
  eden space 87424K, 100% used [0x00000000e0000000, 0x00000000e5560000, 0x00000000e5560000)
  from space 21824K,  57% used [0x00000000e5560000, 0x00000000e618e330, 0x00000000e6ab0000)
  to   space 21824K,   0% used [0x00000000e6ab0000, 0x00000000e6ab0000, 0x00000000e8000000)
 concurrent mark-sweep generation total 393216K, used 0K [0x00000000e8000000, 0x0000000100000000, 0x0000000100000000)
 Metaspace       used 24008K, capacity 24440K, committed 24572K, reserved 1071104K
  class space    used 2833K, capacity 3007K, committed 3068K, reserved 1048576K
2017-04-15T16:42:26.178+0200: 3,555: [GC (Allocation Failure) 2017-04-15T16:42:26.178+0200: 3,555: [ParNew
Desired survivor size 20112992 bytes, new threshold 8 (max 8)
- age   1:    5624976 bytes,    5624976 total
- age   3:     111232 bytes,    5736208 total
- age   4:     185688 bytes,    5921896 total
- age   5:     304168 bytes,    6226064 total
- age   6:     774152 bytes,    7000216 total
- age   7:    6649888 bytes,   13650104 total
: 99896K->18836K(109248K), 0,0147738 secs] 99896K->18836K(502464K), 0,0148457 secs] [Times: user=0,06 sys=0,00, real=0,02 secs] 
Heap after GC invocations=7 (full 1):
 par new generation   total 109248K, used 18836K [0x00000000e0000000, 0x00000000e8000000, 0x00000000e8000000)
  eden space 87424K,   0% used [0x00000000e0000000, 0x00000000e0000000, 0x00000000e5560000)
  from space 21824K,  86% used [0x00000000e6ab0000, 0x00000000e7d15370, 0x00000000e8000000)
  to   space 21824K,   0% used [0x00000000e5560000, 0x00000000e5560000, 0x00000000e6ab0000)
 concurrent mark-sweep generation total 393216K, used 0K [0x00000000e8000000, 0x0000000100000000, 0x0000000100000000)
 Metaspace       used 24008K, capacity 24440K, committed 24572K, reserved 1071104K
  class space    used 2833K, capacity 3007K, committed 3068K, reserved 1048576K
}
2017-04-15T16:42:26.193+0200: 3,570: Total time for which application threads were stopped: 0,0151888 seconds, Stopping threads took: 0,0001135 seconds
{Heap before GC invocations=7 (full 1):
 par new generation   total 109248K, used 106260K [0x00000000e0000000, 0x00000000e8000000, 0x00000000e8000000)
  eden space 87424K, 100% used [0x00000000e0000000, 0x00000000e5560000, 0x00000000e5560000)
  from space 21824K,  86% used [0x00000000e6ab0000, 0x00000000e7d15370, 0x00000000e8000000)
  to   space 21824K,   0% used [0x00000000e5560000, 0x00000000e5560000, 0x00000000e6ab0000)
 concurrent mark-sweep generation total 393216K, used 0K [0x00000000e8000000, 0x0000000100000000, 0x0000000100000000)
 Metaspace       used 24470K, capacity 24926K, committed 25084K, reserved 1071104K
  class space    used 2860K, capacity 3040K, committed 3068K, reserved 1048576K
2017-04-15T16:42:26.286+0200: 3,663: [GC (Allocation Failure) 2017-04-15T16:42:26.287+0200: 3,663: [ParNew
Desired survivor size 20112992 bytes, new threshold 8 (max 8)
- age   1:    1796792 bytes,    1796792 total
- age   2:    1854032 bytes,    3650824 total
- age   4:      65088 bytes,    3715912 total
- age   5:      98272 bytes,    3814184 total
- age   6:     210472 bytes,    4024656 total
- age   7:     728352 bytes,    4753008 total
- age   8:    6119048 bytes,   10872056 total
: 106260K->14183K(109248K), 0,0105314 secs] 106260K->14183K(502464K), 0,0106071 secs] [Times: user=0,04 sys=0,00, real=0,01 secs] 
Heap after GC invocations=8 (full 1):
 par new generation   total 109248K, used 14183K [0x00000000e0000000, 0x00000000e8000000, 0x00000000e8000000)
  eden space 87424K,   0% used [0x00000000e0000000, 0x00000000e0000000, 0x00000000e5560000)
  from space 21824K,  64% used [0x00000000e5560000, 0x00000000e6339e00, 0x00000000e6ab0000)
  to   space 21824K,   0% used [0x00000000e6ab0000, 0x00000000e6ab0000, 0x00000000e8000000)
 concurrent mark-sweep generation total 393216K, used 0K [0x00000000e8000000, 0x0000000100000000, 0x0000000100000000)
 Metaspace       used 24470K, capacity 24926K, committed 25084K, reserved 1071104K
  class space    used 2860K, capacity 3040K, committed 3068K, reserved 1048576K
}
2017-04-15T16:42:26.297+0200: 3,673: Total time for which application threads were stopped: 0,0131760 seconds, Stopping threads took: 0,0024181 seconds
{Heap before GC invocations=8 (full 1):
 par new generation   total 109248K, used 101607K [0x00000000e0000000, 0x00000000e8000000, 0x00000000e8000000)
  eden space 87424K, 100% used [0x00000000e0000000, 0x00000000e5560000, 0x00000000e5560000)
  from space 21824K,  64% used [0x00000000e5560000, 0x00000000e6339e00, 0x00000000e6ab0000)
  to   space 21824K,   0% used [0x00000000e6ab0000, 0x00000000e6ab0000, 0x00000000e8000000)
 concurrent mark-sweep generation total 393216K, used 0K [0x00000000e8000000, 0x0000000100000000, 0x0000000100000000)
 Metaspace       used 24619K, capacity 25112K, committed 25468K, reserved 1071104K
  class space    used 2876K, capacity 3077K, committed 3196K, reserved 1048576K
2017-04-15T16:42:26.390+0200: 3,766: [GC (Allocation Failure) 2017-04-15T16:42:26.390+0200: 3,766: [ParNew
Desired survivor size 20112992 bytes, new threshold 8 (max 8)
- age   1:     622496 bytes,     622496 total
- age   2:    1007360 bytes,    1629856 total
- age   3:    1831352 bytes,    3461208 total
- age   5:      65016 bytes,    3526224 total
- age   6:      95400 bytes,    3621624 total
- age   7:     207248 bytes,    3828872 total
- age   8:     726688 bytes,    4555560 total
: 101607K->7191K(109248K), 0,0452068 secs] 101607K->13247K(502464K), 0,0452728 secs] [Times: user=0,10 sys=0,00, real=0,05 secs] 
Heap after GC invocations=9 (full 1):
 par new generation   total 109248K, used 7191K [0x00000000e0000000, 0x00000000e8000000, 0x00000000e8000000)
  eden space 87424K,   0% used [0x00000000e0000000, 0x00000000e0000000, 0x00000000e5560000)
  from space 21824K,  32% used [0x00000000e6ab0000, 0x00000000e71b5e40, 0x00000000e8000000)
  to   space 21824K,   0% used [0x00000000e5560000, 0x00000000e5560000, 0x00000000e6ab0000)
 concurrent mark-sweep generation total 393216K, used 6056K [0x00000000e8000000, 0x0000000100000000, 0x0000000100000000)
 Metaspace       used 24619K, capacity 25112K, committed 25468K, reserved 1071104K
  class space    used 2876K, capacity 3077K, committed 3196K, reserved 1048576K
}
2017-04-15T16:42:26.435+0200: 3,811: Total time for which application threads were stopped: 0,0455000 seconds, Stopping threads took: 0,0000565 seconds
2017-04-15T16:42:26.676+0200: 4,052: Total time for which application threads were stopped: 0,0004843 seconds, Stopping threads took: 0,0000341 seconds
2017-04-15T16:42:26.677+0200: 4,053: Total time for which application threads were stopped: 0,0001511 seconds, Stopping threads took: 0,0000365 seconds
2017-04-15T16:42:26.678+0200: 4,055: Total time for which application threads were stopped: 0,0001188 seconds, Stopping threads took: 0,0000365 seconds
2017-04-15T16:42:26.679+0200: 4,056: Total time for which application threads were stopped: 0,0001153 seconds, Stopping threads took: 0,0000264 seconds
2017-04-15T16:42:26.682+0200: 4,058: Total time for which application threads were stopped: 0,0001266 seconds, Stopping threads took: 0,0000353 seconds
2017-04-15T16:42:26.682+0200: 4,058: Total time for which application threads were stopped: 0,0001241 seconds, Stopping threads took: 0,0000338 seconds
2017-04-15T16:42:26.683+0200: 4,059: Total time for which application threads were stopped: 0,0001443 seconds, Stopping threads took: 0,0000314 seconds
2017-04-15T16:42:26.708+0200: 4,084: Total time for which application threads were stopped: 0,0001332 seconds, Stopping threads took: 0,0000367 seconds
2017-04-15T16:42:26.711+0200: 4,087: Total time for which application threads were stopped: 0,0001219 seconds, Stopping threads took: 0,0000345 seconds
2017-04-15T16:42:26.712+0200: 4,088: Total time for which application threads were stopped: 0,0000964 seconds, Stopping threads took: 0,0000300 seconds
2017-04-15T16:42:26.712+0200: 4,088: Total time for which application threads were stopped: 0,0000646 seconds, Stopping threads took: 0,0000167 seconds
2017-04-15T16:42:26.714+0200: 4,090: Total time for which application threads were stopped: 0,0001344 seconds, Stopping threads took: 0,0000524 seconds
2017-04-15T16:42:26.714+0200: 4,091: Total time for which application threads were stopped: 0,0001346 seconds, Stopping threads took: 0,0000343 seconds
2017-04-15T16:42:26.716+0200: 4,092: Total time for which application threads were stopped: 0,0001157 seconds, Stopping threads took: 0,0000306 seconds
2017-04-15T16:42:26.731+0200: 4,108: Total time for which application threads were stopped: 0,0004831 seconds, Stopping threads took: 0,0000436 seconds
2017-04-15T16:42:26.741+0200: 4,117: Total time for which application threads were stopped: 0,0001946 seconds, Stopping threads took: 0,0000953 seconds
2017-04-15T16:42:26.745+0200: 4,121: Total time for which application threads were stopped: 0,0001449 seconds, Stopping threads took: 0,0000448 seconds
2017-04-15T16:42:26.746+0200: 4,122: Total time for which application threads were stopped: 0,0004386 seconds, Stopping threads took: 0,0000142 seconds
2017-04-15T16:42:26.748+0200: 4,124: Total time for which application threads were stopped: 0,0001634 seconds, Stopping threads took: 0,0000879 seconds
2017-04-15T16:42:26.751+0200: 4,127: Total time for which application threads were stopped: 0,0001039 seconds, Stopping threads took: 0,0000209 seconds
2017-04-15T16:42:26.752+0200: 4,128: Total time for which application threads were stopped: 0,0001103 seconds, Stopping threads took: 0,0000275 seconds
2017-04-15T16:42:26.755+0200: 4,131: Total time for which application threads were stopped: 0,0002941 seconds, Stopping threads took: 0,0001903 seconds
2017-04-15T16:42:26.755+0200: 4,132: Total time for which application threads were stopped: 0,0001165 seconds, Stopping threads took: 0,0000335 seconds
2017-04-15T16:42:26.763+0200: 4,139: Total time for which application threads were stopped: 0,0046866 seconds, Stopping threads took: 0,0044442 seconds
2017-04-15T16:42:26.763+0200: 4,140: Total time for which application threads were stopped: 0,0001427 seconds, Stopping threads took: 0,0000507 seconds
2017-04-15T16:42:26.764+0200: 4,140: Total time for which application threads were stopped: 0,0001547 seconds, Stopping threads took: 0,0000324 seconds
2017-04-15T16:42:26.808+0200: 4,184: Total time for which application threads were stopped: 0,0006631 seconds, Stopping threads took: 0,0002045 seconds
2017-04-15T16:42:26.817+0200: 4,193: Total time for which application threads were stopped: 0,0001114 seconds, Stopping threads took: 0,0000501 seconds
2017-04-15T16:42:26.817+0200: 4,193: Total time for which application threads were stopped: 0,0001530 seconds, Stopping threads took: 0,0001131 seconds
2017-04-15T16:42:26.819+0200: 4,195: Total time for which application threads were stopped: 0,0001076 seconds, Stopping threads took: 0,0000337 seconds
2017-04-15T16:42:26.827+0200: 4,203: Total time for which application threads were stopped: 0,0001311 seconds, Stopping threads took: 0,0000254 seconds
2017-04-15T16:42:26.834+0200: 4,211: Total time for which application threads were stopped: 0,0031253 seconds, Stopping threads took: 0,0029977 seconds
2017-04-15T16:42:26.835+0200: 4,211: Total time for which application threads were stopped: 0,0000769 seconds, Stopping threads took: 0,0000244 seconds
2017-04-15T16:42:26.835+0200: 4,211: Total time for which application threads were stopped: 0,0002674 seconds, Stopping threads took: 0,0002093 seconds
2017-04-15T16:42:26.835+0200: 4,212: Total time for which application threads were stopped: 0,0002909 seconds, Stopping threads took: 0,0002550 seconds
2017-04-15T16:42:26.835+0200: 4,212: Total time for which application threads were stopped: 0,0000546 seconds, Stopping threads took: 0,0000153 seconds
2017-04-15T16:42:26.836+0200: 4,212: Total time for which application threads were stopped: 0,0000849 seconds, Stopping threads took: 0,0000241 seconds
2017-04-15T16:42:26.836+0200: 4,212: Total time for which application threads were stopped: 0,0000564 seconds, Stopping threads took: 0,0000161 seconds
2017-04-15T16:42:26.836+0200: 4,213: Total time for which application threads were stopped: 0,0002832 seconds, Stopping threads took: 0,0002354 seconds
2017-04-15T16:42:26.836+0200: 4,213: Total time for which application threads were stopped: 0,0000726 seconds, Stopping threads took: 0,0000387 seconds
2017-04-15T16:42:26.837+0200: 4,213: Total time for which application threads were stopped: 0,0000877 seconds, Stopping threads took: 0,0000530 seconds
2017-04-15T16:42:26.837+0200: 4,213: Total time for which application threads were stopped: 0,0000779 seconds, Stopping threads took: 0,0000232 seconds
2017-04-15T16:42:26.837+0200: 4,213: Total time for which application threads were stopped: 0,0000579 seconds, Stopping threads took: 0,0000154 seconds
2017-04-15T16:42:26.837+0200: 4,213: Total time for which application threads were stopped: 0,0000971 seconds, Stopping threads took: 0,0000551 seconds
2017-04-15T16:42:26.837+0200: 4,214: Total time for which application threads were stopped: 0,0000878 seconds, Stopping threads took: 0,0000562 seconds
2017-04-15T16:42:26.837+0200: 4,214: Total time for which application threads were stopped: 0,0000449 seconds, Stopping threads took: 0,0000152 seconds
2017-04-15T16:42:26.838+0200: 4,214: Total time for which application threads were stopped: 0,0001551 seconds, Stopping threads took: 0,0000203 seconds
2017-04-15T16:42:26.841+0200: 4,217: Total time for which application threads were stopped: 0,0001268 seconds, Stopping threads took: 0,0000453 seconds
2017-04-15T16:42:26.846+0200: 4,223: Total time for which application threads were stopped: 0,0001819 seconds, Stopping threads took: 0,0000439 seconds
2017-04-15T16:42:26.848+0200: 4,224: Total time for which application threads were stopped: 0,0001009 seconds, Stopping threads took: 0,0000323 seconds
2017-04-15T16:42:26.862+0200: 4,239: Total time for which application threads were stopped: 0,0025132 seconds, Stopping threads took: 0,0024091 seconds
2017-04-15T16:42:26.909+0200: 4,285: Total time for which application threads were stopped: 0,0010381 seconds, Stopping threads took: 0,0008863 seconds
2017-04-15T16:42:26.940+0200: 4,316: Total time for which application threads were stopped: 0,0005401 seconds, Stopping threads took: 0,0000463 seconds
{Heap before GC invocations=9 (full 1):
 par new generation   total 109248K, used 94615K [0x00000000e0000000, 0x00000000e8000000, 0x00000000e8000000)
  eden space 87424K, 100% used [0x00000000e0000000, 0x00000000e5560000, 0x00000000e5560000)
  from space 21824K,  32% used [0x00000000e6ab0000, 0x00000000e71b5e40, 0x00000000e8000000)
  to   space 21824K,   0% used [0x00000000e5560000, 0x00000000e5560000, 0x00000000e6ab0000)
 concurrent mark-sweep generation total 393216K, used 6056K [0x00000000e8000000, 0x0000000100000000, 0x0000000100000000)
 Metaspace       used 27861K, capacity 28406K, committed 28540K, reserved 1075200K
  class space    used 3192K, capacity 3382K, committed 3452K, reserved 1048576K
2017-04-15T16:42:26.963+0200: 4,339: [GC (Allocation Failure) 2017-04-15T16:42:26.963+0200: 4,339: [ParNew
Desired survivor size 20112992 bytes, new threshold 8 (max 8)
- age   1:   11314832 bytes,   11314832 total
- age   2:     163264 bytes,   11478096 total
- age   3:     220792 bytes,   11698888 total
- age   4:    1825416 bytes,   13524304 total
- age   6:      65016 bytes,   13589320 total
- age   7:      95272 bytes,   13684592 total
- age   8:     206816 bytes,   13891408 total
: 94615K->14546K(109248K), 0,0221072 secs] 100671K->21395K(502464K), 0,0221878 secs] [Times: user=0,05 sys=0,01, real=0,02 secs] 
Heap after GC invocations=10 (full 1):
 par new generation   total 109248K, used 14546K [0x00000000e0000000, 0x00000000e8000000, 0x00000000e8000000)
  eden space 87424K,   0% used [0x00000000e0000000, 0x00000000e0000000, 0x00000000e5560000)
  from space 21824K,  66% used [0x00000000e5560000, 0x00000000e6394ba0, 0x00000000e6ab0000)
  to   space 21824K,   0% used [0x00000000e6ab0000, 0x00000000e6ab0000, 0x00000000e8000000)
 concurrent mark-sweep generation total 393216K, used 6849K [0x00000000e8000000, 0x0000000100000000, 0x0000000100000000)
 Metaspace       used 27861K, capacity 28406K, committed 28540K, reserved 1075200K
  class space    used 3192K, capacity 3382K, committed 3452K, reserved 1048576K
}
2017-04-15T16:42:26.985+0200: 4,361: Total time for which application threads were stopped: 0,0223979 seconds, Stopping threads took: 0,0000373 seconds
2017-04-15T16:42:26.986+0200: 4,363: Total time for which application threads were stopped: 0,0006661 seconds, Stopping threads took: 0,0005879 seconds
2017-04-15T16:42:26.987+0200: 4,363: Total time for which application threads were stopped: 0,0000813 seconds, Stopping threads took: 0,0000170 seconds
2017-04-15T16:42:27.987+0200: 5,363: Total time for which application threads were stopped: 0,0000649 seconds, Stopping threads took: 0,0000183 seconds
2017-04-15T16:43:45.016+0200: 82,392: Total time for which application threads were stopped: 0,0001337 seconds, Stopping threads took: 0,0000344 seconds
2017-04-15T16:44:20.021+0200: 117,397: Total time for which application threads were stopped: 0,0000997 seconds, Stopping threads took: 0,0000401 seconds
2017-04-15T16:44:25.022+0200: 122,398: Total time for which application threads were stopped: 0,0001114 seconds, Stopping threads took: 0,0000269 seconds
2017-04-15T16:47:00.040+0200: 277,417: Total time for which application threads were stopped: 0,0000886 seconds, Stopping threads took: 0,0000343 seconds
2017-04-15T17:05:49.163+0200: 1406,539: Total time for which application threads were stopped: 0,0000892 seconds, Stopping threads took: 0,0000353 seconds
2017-04-15T17:10:55.195+0200: 1712,572: Total time for which application threads were stopped: 0,0000891 seconds, Stopping threads took: 0,0000354 seconds
2017-04-15T17:20:44.260+0200: 2301,636: Total time for which application threads were stopped: 0,0001180 seconds, Stopping threads took: 0,0000486 seconds
2017-04-15T17:20:45.260+0200: 2302,636: Total time for which application threads were stopped: 0,0000630 seconds, Stopping threads took: 0,0000147 seconds
2017-04-15T17:32:02.691+0200: 2980,067: Total time for which application threads were stopped: 0,0013856 seconds, Stopping threads took: 0,0012957 seconds
2017-04-15T17:32:02.696+0200: 2980,072: Total time for which application threads were stopped: 0,0014715 seconds, Stopping threads took: 0,0014035 seconds
2017-04-15T17:32:02.697+0200: 2980,073: Total time for which application threads were stopped: 0,0000959 seconds, Stopping threads took: 0,0000395 seconds
2017-04-15T17:32:02.698+0200: 2980,074: Total time for which application threads were stopped: 0,0000650 seconds, Stopping threads took: 0,0000112 seconds
2017-04-15T17:32:02.698+0200: 2980,074: Total time for which application threads were stopped: 0,0000494 seconds, Stopping threads took: 0,0000117 seconds
2017-04-15T17:32:02.698+0200: 2980,074: Total time for which application threads were stopped: 0,0000282 seconds, Stopping threads took: 0,0000057 seconds
2017-04-15T17:32:02.702+0200: 2980,079: Total time for which application threads were stopped: 0,0005910 seconds, Stopping threads took: 0,0005116 seconds
2017-04-15T17:32:02.707+0200: 2980,083: Total time for which application threads were stopped: 0,0002278 seconds, Stopping threads took: 0,0001618 seconds
2017-04-15T17:32:02.711+0200: 2980,087: Total time for which application threads were stopped: 0,0001753 seconds, Stopping threads took: 0,0001100 seconds
2017-04-15T17:32:02.711+0200: 2980,087: Total time for which application threads were stopped: 0,0000760 seconds, Stopping threads took: 0,0000261 seconds
2017-04-15T17:32:02.713+0200: 2980,089: Total time for which application threads were stopped: 0,0001245 seconds, Stopping threads took: 0,0000390 seconds
2017-04-15T17:32:02.714+0200: 2980,090: Total time for which application threads were stopped: 0,0007753 seconds, Stopping threads took: 0,0007186 seconds
2017-04-15T17:32:02.714+0200: 2980,090: Total time for which application threads were stopped: 0,0000407 seconds, Stopping threads took: 0,0000126 seconds
2017-04-15T17:32:02.714+0200: 2980,090: Total time for which application threads were stopped: 0,0000339 seconds, Stopping threads took: 0,0000113 seconds
2017-04-15T17:32:02.714+0200: 2980,090: Total time for which application threads were stopped: 0,0000342 seconds, Stopping threads took: 0,0000134 seconds
2017-04-15T17:32:02.714+0200: 2980,090: Total time for which application threads were stopped: 0,0000247 seconds, Stopping threads took: 0,0000055 seconds
2017-04-15T17:32:02.714+0200: 2980,090: Total time for which application threads were stopped: 0,0000327 seconds, Stopping threads took: 0,0000092 seconds
2017-04-15T17:32:02.718+0200: 2980,094: Total time for which application threads were stopped: 0,0000772 seconds, Stopping threads took: 0,0000193 seconds
2017-04-15T17:32:02.718+0200: 2980,094: Total time for which application threads were stopped: 0,0000313 seconds, Stopping threads took: 0,0000075 seconds
2017-04-15T17:32:02.718+0200: 2980,094: Total time for which application threads were stopped: 0,0000606 seconds, Stopping threads took: 0,0000165 seconds
2017-04-15T17:32:02.718+0200: 2980,094: Total time for which application threads were stopped: 0,0000728 seconds, Stopping threads took: 0,0000168 seconds
2017-04-15T17:32:02.720+0200: 2980,096: Total time for which application threads were stopped: 0,0001699 seconds, Stopping threads took: 0,0001107 seconds
2017-04-15T17:32:02.726+0200: 2980,102: Total time for which application threads were stopped: 0,0000864 seconds, Stopping threads took: 0,0000206 seconds
2017-04-15T17:32:02.726+0200: 2980,102: Total time for which application threads were stopped: 0,0000596 seconds, Stopping threads took: 0,0000207 seconds
2017-04-15T17:32:02.726+0200: 2980,102: Total time for which application threads were stopped: 0,0000482 seconds, Stopping threads took: 0,0000130 seconds
2017-04-15T17:32:02.727+0200: 2980,103: Total time for which application threads were stopped: 0,0000587 seconds, Stopping threads took: 0,0000172 seconds
2017-04-15T17:32:02.727+0200: 2980,103: Total time for which application threads were stopped: 0,0000366 seconds, Stopping threads took: 0,0000055 seconds
2017-04-15T17:32:02.727+0200: 2980,103: Total time for which application threads were stopped: 0,0000475 seconds, Stopping threads took: 0,0000127 seconds
2017-04-15T17:32:02.727+0200: 2980,103: Total time for which application threads were stopped: 0,0000441 seconds, Stopping threads took: 0,0000129 seconds
2017-04-15T17:32:02.727+0200: 2980,103: Total time for which application threads were stopped: 0,0000484 seconds, Stopping threads took: 0,0000183 seconds
2017-04-15T17:32:02.730+0200: 2980,107: Total time for which application threads were stopped: 0,0032213 seconds, Stopping threads took: 0,0031569 seconds
2017-04-15T17:32:02.731+0200: 2980,107: Total time for which application threads were stopped: 0,0000523 seconds, Stopping threads took: 0,0000136 seconds
2017-04-15T17:32:02.731+0200: 2980,107: Total time for which application threads were stopped: 0,0000272 seconds, Stopping threads took: 0,0000052 seconds
2017-04-15T17:32:02.731+0200: 2980,107: Total time for which application threads were stopped: 0,0001248 seconds, Stopping threads took: 0,0000104 seconds
2017-04-15T17:32:02.732+0200: 2980,108: Total time for which application threads were stopped: 0,0000840 seconds, Stopping threads took: 0,0000353 seconds
2017-04-15T17:32:02.733+0200: 2980,110: Total time for which application threads were stopped: 0,0001091 seconds, Stopping threads took: 0,0000320 seconds
2017-04-15T17:32:02.736+0200: 2980,112: Total time for which application threads were stopped: 0,0000711 seconds, Stopping threads took: 0,0000169 seconds
2017-04-15T17:32:02.736+0200: 2980,113: Total time for which application threads were stopped: 0,0000942 seconds, Stopping threads took: 0,0000256 seconds
Heap
 par new generation   total 109248K, used 41713K [0x00000000e0000000, 0x00000000e8000000, 0x00000000e8000000)
  eden space 87424K,  31% used [0x00000000e0000000, 0x00000000e1a87a98, 0x00000000e5560000)
  from space 21824K,  66% used [0x00000000e5560000, 0x00000000e6394ba0, 0x00000000e6ab0000)
  to   space 21824K,   0% used [0x00000000e6ab0000, 0x00000000e6ab0000, 0x00000000e8000000)
 concurrent mark-sweep generation total 393216K, used 6849K [0x00000000e8000000, 0x0000000100000000, 0x0000000100000000)
 Metaspace       used 28119K, capacity 28606K, committed 28796K, reserved 1075200K
  class space    used 3223K, capacity 3384K, committed 3452K, reserved 1048576K
