OpenJDK 64-Bit Server VM (25.131-b11) for linux-amd64 JRE (1.8.0_131-8u131-b11-2ubuntu1.16.04.2-b11), built on Jul 22 2017 00:56:41 by "buildd" with gcc 5.4.0 20160609
Memory: 4k page, physical 7867736k(7411108k free), swap 8076284k(8076284k free)
CommandLine flags: -XX:CMSInitiatingOccupancyFraction=50 -XX:CMSMaxAbortablePrecleanTime=6000 -XX:+CMSParallelRemarkEnabled -XX:+CMSScavengeBeforeRemark -XX:ConcGCThreads=4 -XX:InitialHeapSize=536870912 -XX:MaxHeapSize=536870912 -XX:MaxTenuringThreshold=8 -XX:NewRatio=3 -XX:OldPLABSize=16 -XX:OnOutOfMemoryError=/opt/solr/bin/oom_solr.sh 8983 /var/solr/logs -XX:ParallelGCThreads=4 -XX:+ParallelRefProcEnabled -XX:PretenureSizeThreshold=67108864 -XX:+PrintGC -XX:+PrintGCApplicationStoppedTime -XX:+PrintGCDateStamps -XX:+PrintGCDetails -XX:+PrintGCTimeStamps -XX:+PrintHeapAtGC -XX:+PrintTenuringDistribution -XX:SurvivorRatio=4 -XX:TargetSurvivorRatio=90 -XX:ThreadStackSize=256 -XX:+UseCMSInitiatingOccupancyOnly -XX:+UseCompressedClassPointers -XX:+UseCompressedOops -XX:+UseConcMarkSweepGC -XX:+UseParNewGC 
2017-07-28T13:18:32.171+0200: 0,174: Total time for which application threads were stopped: 0,0000744 seconds, Stopping threads took: 0,0000097 seconds
2017-07-28T13:18:32.402+0200: 0,405: Total time for which application threads were stopped: 0,0001513 seconds, Stopping threads took: 0,0000169 seconds
2017-07-28T13:18:32.425+0200: 0,428: Total time for which application threads were stopped: 0,0001119 seconds, Stopping threads took: 0,0000232 seconds
2017-07-28T13:18:32.668+0200: 0,671: Total time for which application threads were stopped: 0,0001252 seconds, Stopping threads took: 0,0000164 seconds
2017-07-28T13:18:33.208+0200: 1,211: Total time for which application threads were stopped: 0,0001608 seconds, Stopping threads took: 0,0000240 seconds
2017-07-28T13:18:33.280+0200: 1,283: Total time for which application threads were stopped: 0,0001776 seconds, Stopping threads took: 0,0000144 seconds
2017-07-28T13:18:33.304+0200: 1,307: Total time for which application threads were stopped: 0,0004424 seconds, Stopping threads took: 0,0001943 seconds
2017-07-28T13:18:33.665+0200: 1,668: Total time for which application threads were stopped: 0,0003944 seconds, Stopping threads took: 0,0000269 seconds
2017-07-28T13:18:33.888+0200: 1,891: Total time for which application threads were stopped: 0,0002039 seconds, Stopping threads took: 0,0000253 seconds
2017-07-28T13:18:33.911+0200: 1,914: Total time for which application threads were stopped: 0,0001817 seconds, Stopping threads took: 0,0000143 seconds
2017-07-28T13:18:33.946+0200: 1,949: Total time for which application threads were stopped: 0,0005764 seconds, Stopping threads took: 0,0000280 seconds
2017-07-28T13:18:33.948+0200: 1,951: Total time for which application threads were stopped: 0,0008323 seconds, Stopping threads took: 0,0000258 seconds
2017-07-28T13:18:33.970+0200: 1,973: Total time for which application threads were stopped: 0,0007889 seconds, Stopping threads took: 0,0000674 seconds
2017-07-28T13:18:34.063+0200: 2,066: Total time for which application threads were stopped: 0,0002467 seconds, Stopping threads took: 0,0000197 seconds
2017-07-28T13:18:34.232+0200: 2,235: Total time for which application threads were stopped: 0,0003502 seconds, Stopping threads took: 0,0001240 seconds
{Heap before GC invocations=0 (full 0):
 par new generation   total 109248K, used 87424K [0x00000000e0000000, 0x00000000e8000000, 0x00000000e8000000)
  eden space 87424K, 100% used [0x00000000e0000000, 0x00000000e5560000, 0x00000000e5560000)
  from space 21824K,   0% used [0x00000000e5560000, 0x00000000e5560000, 0x00000000e6ab0000)
  to   space 21824K,   0% used [0x00000000e6ab0000, 0x00000000e6ab0000, 0x00000000e8000000)
 concurrent mark-sweep generation total 393216K, used 0K [0x00000000e8000000, 0x0000000100000000, 0x0000000100000000)
 Metaspace       used 17806K, capacity 18112K, committed 18304K, reserved 1064960K
  class space    used 2024K, capacity 2164K, committed 2176K, reserved 1048576K
2017-07-28T13:18:34.258+0200: 2,261: [GC (Allocation Failure) 2017-07-28T13:18:34.258+0200: 2,261: [ParNew
Desired survivor size 20112992 bytes, new threshold 8 (max 8)
- age   1:   11430632 bytes,   11430632 total
: 87424K->11279K(109248K), 0,0141409 secs] 87424K->11279K(502464K), 0,0142259 secs] [Times: user=0,04 sys=0,01, real=0,01 secs] 
Heap after GC invocations=1 (full 0):
 par new generation   total 109248K, used 11279K [0x00000000e0000000, 0x00000000e8000000, 0x00000000e8000000)
  eden space 87424K,   0% used [0x00000000e0000000, 0x00000000e0000000, 0x00000000e5560000)
  from space 21824K,  51% used [0x00000000e6ab0000, 0x00000000e75b3ea8, 0x00000000e8000000)
  to   space 21824K,   0% used [0x00000000e5560000, 0x00000000e5560000, 0x00000000e6ab0000)
 concurrent mark-sweep generation total 393216K, used 0K [0x00000000e8000000, 0x0000000100000000, 0x0000000100000000)
 Metaspace       used 17806K, capacity 18112K, committed 18304K, reserved 1064960K
  class space    used 2024K, capacity 2164K, committed 2176K, reserved 1048576K
}
2017-07-28T13:18:34.272+0200: 2,275: Total time for which application threads were stopped: 0,0145150 seconds, Stopping threads took: 0,0001257 seconds
2017-07-28T13:18:34.619+0200: 2,622: Total time for which application threads were stopped: 0,0004191 seconds, Stopping threads took: 0,0000474 seconds
{Heap before GC invocations=1 (full 0):
 par new generation   total 109248K, used 98703K [0x00000000e0000000, 0x00000000e8000000, 0x00000000e8000000)
  eden space 87424K, 100% used [0x00000000e0000000, 0x00000000e5560000, 0x00000000e5560000)
  from space 21824K,  51% used [0x00000000e6ab0000, 0x00000000e75b3ea8, 0x00000000e8000000)
  to   space 21824K,   0% used [0x00000000e5560000, 0x00000000e5560000, 0x00000000e6ab0000)
 concurrent mark-sweep generation total 393216K, used 0K [0x00000000e8000000, 0x0000000100000000, 0x0000000100000000)
 Metaspace       used 20039K, capacity 20350K, committed 20736K, reserved 1067008K
  class space    used 2293K, capacity 2465K, committed 2560K, reserved 1048576K
2017-07-28T13:18:34.655+0200: 2,658: [GC (Allocation Failure) 2017-07-28T13:18:34.655+0200: 2,658: [ParNew
Desired survivor size 20112992 bytes, new threshold 8 (max 8)
- age   1:    4369600 bytes,    4369600 total
- age   2:    6008568 bytes,   10378168 total
: 98703K->16116K(109248K), 0,0166964 secs] 98703K->16116K(502464K), 0,0167722 secs] [Times: user=0,05 sys=0,00, real=0,02 secs] 
Heap after GC invocations=2 (full 0):
 par new generation   total 109248K, used 16116K [0x00000000e0000000, 0x00000000e8000000, 0x00000000e8000000)
  eden space 87424K,   0% used [0x00000000e0000000, 0x00000000e0000000, 0x00000000e5560000)
  from space 21824K,  73% used [0x00000000e5560000, 0x00000000e651d150, 0x00000000e6ab0000)
  to   space 21824K,   0% used [0x00000000e6ab0000, 0x00000000e6ab0000, 0x00000000e8000000)
 concurrent mark-sweep generation total 393216K, used 0K [0x00000000e8000000, 0x0000000100000000, 0x0000000100000000)
 Metaspace       used 20039K, capacity 20350K, committed 20736K, reserved 1067008K
  class space    used 2293K, capacity 2465K, committed 2560K, reserved 1048576K
}
2017-07-28T13:18:34.672+0200: 2,675: Total time for which application threads were stopped: 0,0170194 seconds, Stopping threads took: 0,0000716 seconds
2017-07-28T13:18:34.685+0200: 2,688: Total time for which application threads were stopped: 0,0003590 seconds, Stopping threads took: 0,0000800 seconds
2017-07-28T13:18:34.719+0200: 2,722: Total time for which application threads were stopped: 0,0009083 seconds, Stopping threads took: 0,0006204 seconds
2017-07-28T13:18:34.828+0200: 2,831: Total time for which application threads were stopped: 0,0001651 seconds, Stopping threads took: 0,0000359 seconds
{Heap before GC invocations=2 (full 0):
 par new generation   total 109248K, used 103540K [0x00000000e0000000, 0x00000000e8000000, 0x00000000e8000000)
  eden space 87424K, 100% used [0x00000000e0000000, 0x00000000e5560000, 0x00000000e5560000)
  from space 21824K,  73% used [0x00000000e5560000, 0x00000000e651d150, 0x00000000e6ab0000)
  to   space 21824K,   0% used [0x00000000e6ab0000, 0x00000000e6ab0000, 0x00000000e8000000)
 concurrent mark-sweep generation total 393216K, used 0K [0x00000000e8000000, 0x0000000100000000, 0x0000000100000000)
 Metaspace       used 20954K, capacity 21272K, committed 21628K, reserved 1069056K
  class space    used 2414K, capacity 2584K, committed 2684K, reserved 1048576K
2017-07-28T13:18:34.865+0200: 2,868: [GC (Allocation Failure) 2017-07-28T13:18:34.865+0200: 2,868: [ParNew
Desired survivor size 20112992 bytes, new threshold 8 (max 8)
- age   1:    2110704 bytes,    2110704 total
- age   2:    1458848 bytes,    3569552 total
- age   3:    6006840 bytes,    9576392 total
: 103540K->11892K(109248K), 0,0119920 secs] 103540K->11892K(502464K), 0,0120554 secs] [Times: user=0,03 sys=0,00, real=0,02 secs] 
Heap after GC invocations=3 (full 0):
 par new generation   total 109248K, used 11892K [0x00000000e0000000, 0x00000000e8000000, 0x00000000e8000000)
  eden space 87424K,   0% used [0x00000000e0000000, 0x00000000e0000000, 0x00000000e5560000)
  from space 21824K,  54% used [0x00000000e6ab0000, 0x00000000e764d0d0, 0x00000000e8000000)
  to   space 21824K,   0% used [0x00000000e5560000, 0x00000000e5560000, 0x00000000e6ab0000)
 concurrent mark-sweep generation total 393216K, used 0K [0x00000000e8000000, 0x0000000100000000, 0x0000000100000000)
 Metaspace       used 20954K, capacity 21272K, committed 21628K, reserved 1069056K
  class space    used 2414K, capacity 2584K, committed 2684K, reserved 1048576K
}
2017-07-28T13:18:34.877+0200: 2,880: Total time for which application threads were stopped: 0,0140611 seconds, Stopping threads took: 0,0018633 seconds
2017-07-28T13:18:34.877+0200: 2,880: [GC (CMS Initial Mark) [1 CMS-initial-mark: 0K(393216K)] 12609K(502464K), 0,0029779 secs] [Times: user=0,01 sys=0,00, real=0,00 secs] 
2017-07-28T13:18:34.880+0200: 2,883: Total time for which application threads were stopped: 0,0031302 seconds, Stopping threads took: 0,0000457 seconds
2017-07-28T13:18:34.880+0200: 2,883: [CMS-concurrent-mark-start]
2017-07-28T13:18:34.881+0200: 2,884: [CMS-concurrent-mark: 0,001/0,001 secs] [Times: user=0,00 sys=0,00, real=0,00 secs] 
2017-07-28T13:18:34.881+0200: 2,884: [CMS-concurrent-preclean-start]
2017-07-28T13:18:34.882+0200: 2,885: [CMS-concurrent-preclean: 0,001/0,001 secs] [Times: user=0,00 sys=0,00, real=0,00 secs] 
2017-07-28T13:18:34.883+0200: 2,886: [GC (CMS Final Remark) [YG occupancy: 13327 K (109248 K)]{Heap before GC invocations=3 (full 1):
 par new generation   total 109248K, used 13327K [0x00000000e0000000, 0x00000000e8000000, 0x00000000e8000000)
  eden space 87424K,   1% used [0x00000000e0000000, 0x00000000e0166b90, 0x00000000e5560000)
  from space 21824K,  54% used [0x00000000e6ab0000, 0x00000000e764d0d0, 0x00000000e8000000)
  to   space 21824K,   0% used [0x00000000e5560000, 0x00000000e5560000, 0x00000000e6ab0000)
 concurrent mark-sweep generation total 393216K, used 0K [0x00000000e8000000, 0x0000000100000000, 0x0000000100000000)
 Metaspace       used 20954K, capacity 21272K, committed 21628K, reserved 1069056K
  class space    used 2414K, capacity 2584K, committed 2684K, reserved 1048576K
2017-07-28T13:18:34.883+0200: 2,886: [GC (CMS Final Remark) 2017-07-28T13:18:34.883+0200: 2,886: [ParNew
Desired survivor size 20112992 bytes, new threshold 8 (max 8)
- age   1:      49224 bytes,      49224 total
- age   2:    2110704 bytes,    2159928 total
- age   3:    1458848 bytes,    3618776 total
- age   4:    6006816 bytes,    9625592 total
: 13327K->12142K(109248K), 0,0104789 secs] 13327K->12142K(502464K), 0,0105275 secs] [Times: user=0,03 sys=0,01, real=0,01 secs] 
Heap after GC invocations=4 (full 1):
 par new generation   total 109248K, used 12142K [0x00000000e0000000, 0x00000000e8000000, 0x00000000e8000000)
  eden space 87424K,   0% used [0x00000000e0000000, 0x00000000e0000000, 0x00000000e5560000)
  from space 21824K,  55% used [0x00000000e5560000, 0x00000000e613ba60, 0x00000000e6ab0000)
  to   space 21824K,   0% used [0x00000000e6ab0000, 0x00000000e6ab0000, 0x00000000e8000000)
 concurrent mark-sweep generation total 393216K, used 0K [0x00000000e8000000, 0x0000000100000000, 0x0000000100000000)
 Metaspace       used 20954K, capacity 21272K, committed 21628K, reserved 1069056K
  class space    used 2414K, capacity 2584K, committed 2684K, reserved 1048576K
}
2017-07-28T13:18:34.893+0200: 2,896: [Rescan (parallel) , 0,0039175 secs]2017-07-28T13:18:34.897+0200: 2,900: [weak refs processing, 0,0005071 secs]2017-07-28T13:18:34.898+0200: 2,901: [class unloading, 0,0026811 secs]2017-07-28T13:18:34.900+0200: 2,903: [scrub symbol table, 0,0032984 secs]2017-07-28T13:18:34.904+0200: 2,907: [scrub string table, 0,0003646 secs][1 CMS-remark: 0K(393216K)] 12142K(502464K), 0,0219028 secs] [Times: user=0,05 sys=0,01, real=0,02 secs] 
2017-07-28T13:18:34.905+0200: 2,908: Total time for which application threads were stopped: 0,0220615 seconds, Stopping threads took: 0,0000589 seconds
2017-07-28T13:18:34.905+0200: 2,908: [CMS-concurrent-sweep-start]
2017-07-28T13:18:34.905+0200: 2,908: [CMS-concurrent-sweep: 0,000/0,000 secs] [Times: user=0,00 sys=0,00, real=0,00 secs] 
2017-07-28T13:18:34.905+0200: 2,908: [CMS-concurrent-reset-start]
2017-07-28T13:18:34.907+0200: 2,910: [CMS-concurrent-reset: 0,002/0,002 secs] [Times: user=0,01 sys=0,00, real=0,00 secs] 
{Heap before GC invocations=4 (full 1):
 par new generation   total 109248K, used 99566K [0x00000000e0000000, 0x00000000e8000000, 0x00000000e8000000)
  eden space 87424K, 100% used [0x00000000e0000000, 0x00000000e5560000, 0x00000000e5560000)
  from space 21824K,  55% used [0x00000000e5560000, 0x00000000e613ba60, 0x00000000e6ab0000)
  to   space 21824K,   0% used [0x00000000e6ab0000, 0x00000000e6ab0000, 0x00000000e8000000)
 concurrent mark-sweep generation total 393216K, used 0K [0x00000000e8000000, 0x0000000100000000, 0x0000000100000000)
 Metaspace       used 21217K, capacity 21544K, committed 21884K, reserved 1069056K
  class space    used 2445K, capacity 2598K, committed 2684K, reserved 1048576K
2017-07-28T13:18:35.010+0200: 3,013: [GC (Allocation Failure) 2017-07-28T13:18:35.010+0200: 3,013: [ParNew
Desired survivor size 20112992 bytes, new threshold 8 (max 8)
- age   1:    1267928 bytes,    1267928 total
- age   3:    1490272 bytes,    2758200 total
- age   4:    1425896 bytes,    4184096 total
- age   5:    6007360 bytes,   10191456 total
: 99566K->12484K(109248K), 0,0103296 secs] 99566K->12484K(502464K), 0,0104019 secs] [Times: user=0,04 sys=0,00, real=0,01 secs] 
Heap after GC invocations=5 (full 1):
 par new generation   total 109248K, used 12484K [0x00000000e0000000, 0x00000000e8000000, 0x00000000e8000000)
  eden space 87424K,   0% used [0x00000000e0000000, 0x00000000e0000000, 0x00000000e5560000)
  from space 21824K,  57% used [0x00000000e6ab0000, 0x00000000e76e12c0, 0x00000000e8000000)
  to   space 21824K,   0% used [0x00000000e5560000, 0x00000000e5560000, 0x00000000e6ab0000)
 concurrent mark-sweep generation total 393216K, used 0K [0x00000000e8000000, 0x0000000100000000, 0x0000000100000000)
 Metaspace       used 21217K, capacity 21544K, committed 21884K, reserved 1069056K
  class space    used 2445K, capacity 2598K, committed 2684K, reserved 1048576K
}
2017-07-28T13:18:35.020+0200: 3,023: Total time for which application threads were stopped: 0,0106557 seconds, Stopping threads took: 0,0000840 seconds
2017-07-28T13:18:35.093+0200: 3,096: Total time for which application threads were stopped: 0,0001169 seconds, Stopping threads took: 0,0000417 seconds
{Heap before GC invocations=5 (full 1):
 par new generation   total 109248K, used 101106K [0x00000000e0000000, 0x00000000e8000000, 0x00000000e8000000)
  eden space 87424K, 100% used [0x00000000e0000000, 0x00000000e5560000, 0x00000000e5560000)
  from space 21824K,  62% used [0x00000000e6ab0000, 0x00000000e780cbb0, 0x00000000e8000000)
  to   space 21824K,   0% used [0x00000000e5560000, 0x00000000e5560000, 0x00000000e6ab0000)
 concurrent mark-sweep generation total 393216K, used 0K [0x00000000e8000000, 0x0000000100000000, 0x0000000100000000)
 Metaspace       used 21416K, capacity 21784K, committed 21884K, reserved 1069056K
  class space    used 2470K, capacity 2633K, committed 2684K, reserved 1048576K
2017-07-28T13:18:35.097+0200: 3,100: [GC (GCLocker Initiated GC) 2017-07-28T13:18:35.097+0200: 3,100: [ParNew
Desired survivor size 20112992 bytes, new threshold 8 (max 8)
- age   1:     490040 bytes,     490040 total
- age   2:     171392 bytes,     661432 total
- age   4:    1489048 bytes,    2150480 total
- age   5:    1423920 bytes,    3574400 total
- age   6:    6006824 bytes,    9581224 total
: 101106K->15489K(109248K), 0,0090931 secs] 101106K->15489K(502464K), 0,0091551 secs] [Times: user=0,03 sys=0,00, real=0,00 secs] 
Heap after GC invocations=6 (full 1):
 par new generation   total 109248K, used 15489K [0x00000000e0000000, 0x00000000e8000000, 0x00000000e8000000)
  eden space 87424K,   0% used [0x00000000e0000000, 0x00000000e0000000, 0x00000000e5560000)
  from space 21824K,  70% used [0x00000000e5560000, 0x00000000e64806f8, 0x00000000e6ab0000)
  to   space 21824K,   0% used [0x00000000e6ab0000, 0x00000000e6ab0000, 0x00000000e8000000)
 concurrent mark-sweep generation total 393216K, used 0K [0x00000000e8000000, 0x0000000100000000, 0x0000000100000000)
 Metaspace       used 21416K, capacity 21784K, committed 21884K, reserved 1069056K
  class space    used 2470K, capacity 2633K, committed 2684K, reserved 1048576K
}
2017-07-28T13:18:35.107+0200: 3,110: Total time for which application threads were stopped: 0,0094566 seconds, Stopping threads took: 0,0001683 seconds
2017-07-28T13:18:35.130+0200: 3,133: Total time for which application threads were stopped: 0,0003888 seconds, Stopping threads took: 0,0000558 seconds
2017-07-28T13:18:35.387+0200: 3,390: Total time for which application threads were stopped: 0,0004768 seconds, Stopping threads took: 0,0000380 seconds
2017-07-28T13:18:35.402+0200: 3,405: Total time for which application threads were stopped: 0,0007882 seconds, Stopping threads took: 0,0003145 seconds
{Heap before GC invocations=6 (full 1):
 par new generation   total 109248K, used 102913K [0x00000000e0000000, 0x00000000e8000000, 0x00000000e8000000)
  eden space 87424K, 100% used [0x00000000e0000000, 0x00000000e5560000, 0x00000000e5560000)
  from space 21824K,  70% used [0x00000000e5560000, 0x00000000e64806f8, 0x00000000e6ab0000)
  to   space 21824K,   0% used [0x00000000e6ab0000, 0x00000000e6ab0000, 0x00000000e8000000)
 concurrent mark-sweep generation total 393216K, used 0K [0x00000000e8000000, 0x0000000100000000, 0x0000000100000000)
 Metaspace       used 23760K, capacity 24220K, committed 24572K, reserved 1071104K
  class space    used 2787K, capacity 2975K, committed 3068K, reserved 1048576K
2017-07-28T13:18:35.621+0200: 3,624: [GC (Allocation Failure) 2017-07-28T13:18:35.622+0200: 3,625: [ParNew
Desired survivor size 20112992 bytes, new threshold 8 (max 8)
- age   1:    5004936 bytes,    5004936 total
- age   2:     175456 bytes,    5180392 total
- age   3:     170336 bytes,    5350728 total
- age   5:     320320 bytes,    5671048 total
- age   6:    1397520 bytes,    7068568 total
- age   7:    5998688 bytes,   13067256 total
: 102913K->14793K(109248K), 0,0287496 secs] 102913K->14793K(502464K), 0,0288211 secs] [Times: user=0,05 sys=0,00, real=0,03 secs] 
Heap after GC invocations=7 (full 1):
 par new generation   total 109248K, used 14793K [0x00000000e0000000, 0x00000000e8000000, 0x00000000e8000000)
  eden space 87424K,   0% used [0x00000000e0000000, 0x00000000e0000000, 0x00000000e5560000)
  from space 21824K,  67% used [0x00000000e6ab0000, 0x00000000e7922798, 0x00000000e8000000)
  to   space 21824K,   0% used [0x00000000e5560000, 0x00000000e5560000, 0x00000000e6ab0000)
 concurrent mark-sweep generation total 393216K, used 0K [0x00000000e8000000, 0x0000000100000000, 0x0000000100000000)
 Metaspace       used 23760K, capacity 24220K, committed 24572K, reserved 1071104K
  class space    used 2787K, capacity 2975K, committed 3068K, reserved 1048576K
}
2017-07-28T13:18:35.650+0200: 3,653: Total time for which application threads were stopped: 0,0291989 seconds, Stopping threads took: 0,0001638 seconds
{Heap before GC invocations=7 (full 1):
 par new generation   total 109248K, used 102217K [0x00000000e0000000, 0x00000000e8000000, 0x00000000e8000000)
  eden space 87424K, 100% used [0x00000000e0000000, 0x00000000e5560000, 0x00000000e5560000)
  from space 21824K,  67% used [0x00000000e6ab0000, 0x00000000e7922798, 0x00000000e8000000)
  to   space 21824K,   0% used [0x00000000e5560000, 0x00000000e5560000, 0x00000000e6ab0000)
 concurrent mark-sweep generation total 393216K, used 0K [0x00000000e8000000, 0x0000000100000000, 0x0000000100000000)
 Metaspace       used 24199K, capacity 24668K, committed 24828K, reserved 1071104K
  class space    used 2839K, capacity 3039K, committed 3068K, reserved 1048576K
2017-07-28T13:18:35.773+0200: 3,776: [GC (Allocation Failure) 2017-07-28T13:18:35.773+0200: 3,776: [ParNew
Desired survivor size 20112992 bytes, new threshold 8 (max 8)
- age   1:    1993728 bytes,    1993728 total
- age   2:    1723280 bytes,    3717008 total
- age   3:     103320 bytes,    3820328 total
- age   4:      89464 bytes,    3909792 total
- age   6:     202216 bytes,    4112008 total
- age   7:    1007080 bytes,    5119088 total
- age   8:    5838600 bytes,   10957688 total
: 102217K->13385K(109248K), 0,0154875 secs] 102217K->13385K(502464K), 0,0155602 secs] [Times: user=0,05 sys=0,00, real=0,01 secs] 
Heap after GC invocations=8 (full 1):
 par new generation   total 109248K, used 13385K [0x00000000e0000000, 0x00000000e8000000, 0x00000000e8000000)
  eden space 87424K,   0% used [0x00000000e0000000, 0x00000000e0000000, 0x00000000e5560000)
  from space 21824K,  61% used [0x00000000e5560000, 0x00000000e62727c0, 0x00000000e6ab0000)
  to   space 21824K,   0% used [0x00000000e6ab0000, 0x00000000e6ab0000, 0x00000000e8000000)
 concurrent mark-sweep generation total 393216K, used 0K [0x00000000e8000000, 0x0000000100000000, 0x0000000100000000)
 Metaspace       used 24199K, capacity 24668K, committed 24828K, reserved 1071104K
  class space    used 2839K, capacity 3039K, committed 3068K, reserved 1048576K
}
2017-07-28T13:18:35.789+0200: 3,792: Total time for which application threads were stopped: 0,0158249 seconds, Stopping threads took: 0,0000586 seconds
{Heap before GC invocations=8 (full 1):
 par new generation   total 109248K, used 100809K [0x00000000e0000000, 0x00000000e8000000, 0x00000000e8000000)
  eden space 87424K, 100% used [0x00000000e0000000, 0x00000000e5560000, 0x00000000e5560000)
  from space 21824K,  61% used [0x00000000e5560000, 0x00000000e62727c0, 0x00000000e6ab0000)
  to   space 21824K,   0% used [0x00000000e6ab0000, 0x00000000e6ab0000, 0x00000000e8000000)
 concurrent mark-sweep generation total 393216K, used 0K [0x00000000e8000000, 0x0000000100000000, 0x0000000100000000)
 Metaspace       used 24478K, capacity 24956K, committed 25084K, reserved 1071104K
  class space    used 2861K, capacity 3045K, committed 3068K, reserved 1048576K
2017-07-28T13:18:35.887+0200: 3,890: [GC (Allocation Failure) 2017-07-28T13:18:35.887+0200: 3,890: [ParNew
Desired survivor size 20112992 bytes, new threshold 8 (max 8)
- age   1:     537440 bytes,     537440 total
- age   2:     995824 bytes,    1533264 total
- age   3:    1720664 bytes,    3253928 total
- age   4:     103320 bytes,    3357248 total
- age   5:      89256 bytes,    3446504 total
- age   7:     202216 bytes,    3648720 total
- age   8:    1007080 bytes,    4655800 total
: 100809K->10702K(109248K), 0,1333971 secs] 100809K->16486K(502464K), 0,1334738 secs] [Times: user=0,15 sys=0,00, real=0,14 secs] 
Heap after GC invocations=9 (full 1):
 par new generation   total 109248K, used 10702K [0x00000000e0000000, 0x00000000e8000000, 0x00000000e8000000)
  eden space 87424K,   0% used [0x00000000e0000000, 0x00000000e0000000, 0x00000000e5560000)
  from space 21824K,  49% used [0x00000000e6ab0000, 0x00000000e7523ac0, 0x00000000e8000000)
  to   space 21824K,   0% used [0x00000000e5560000, 0x00000000e5560000, 0x00000000e6ab0000)
 concurrent mark-sweep generation total 393216K, used 5783K [0x00000000e8000000, 0x0000000100000000, 0x0000000100000000)
 Metaspace       used 24478K, capacity 24956K, committed 25084K, reserved 1071104K
  class space    used 2861K, capacity 3045K, committed 3068K, reserved 1048576K
}
2017-07-28T13:18:36.021+0200: 4,024: Total time for which application threads were stopped: 0,1415946 seconds, Stopping threads took: 0,0079166 seconds
2017-07-28T13:18:36.057+0200: 4,060: Total time for which application threads were stopped: 0,0022329 seconds, Stopping threads took: 0,0018579 seconds
2017-07-28T13:18:36.200+0200: 4,203: Total time for which application threads were stopped: 0,0001702 seconds, Stopping threads took: 0,0000442 seconds
2017-07-28T13:18:36.286+0200: 4,289: Total time for which application threads were stopped: 0,0004364 seconds, Stopping threads took: 0,0003370 seconds
2017-07-28T13:18:36.295+0200: 4,298: Total time for which application threads were stopped: 0,0001899 seconds, Stopping threads took: 0,0000772 seconds
2017-07-28T13:18:36.297+0200: 4,300: Total time for which application threads were stopped: 0,0001503 seconds, Stopping threads took: 0,0000258 seconds
2017-07-28T13:18:36.305+0200: 4,308: Total time for which application threads were stopped: 0,0041120 seconds, Stopping threads took: 0,0039978 seconds
2017-07-28T13:18:36.306+0200: 4,309: Total time for which application threads were stopped: 0,0002482 seconds, Stopping threads took: 0,0001782 seconds
2017-07-28T13:18:36.312+0200: 4,315: Total time for which application threads were stopped: 0,0001487 seconds, Stopping threads took: 0,0000522 seconds
2017-07-28T13:18:36.314+0200: 4,317: Total time for which application threads were stopped: 0,0001478 seconds, Stopping threads took: 0,0000436 seconds
2017-07-28T13:18:36.331+0200: 4,334: Total time for which application threads were stopped: 0,0002986 seconds, Stopping threads took: 0,0001668 seconds
2017-07-28T13:18:36.333+0200: 4,336: Total time for which application threads were stopped: 0,0001328 seconds, Stopping threads took: 0,0000391 seconds
2017-07-28T13:18:36.334+0200: 4,337: Total time for which application threads were stopped: 0,0002111 seconds, Stopping threads took: 0,0001417 seconds
2017-07-28T13:18:36.334+0200: 4,337: Total time for which application threads were stopped: 0,0000763 seconds, Stopping threads took: 0,0000225 seconds
2017-07-28T13:18:36.334+0200: 4,337: Total time for which application threads were stopped: 0,0000901 seconds, Stopping threads took: 0,0000291 seconds
2017-07-28T13:18:36.334+0200: 4,337: Total time for which application threads were stopped: 0,0000866 seconds, Stopping threads took: 0,0000117 seconds
2017-07-28T13:18:36.335+0200: 4,338: Total time for which application threads were stopped: 0,0001074 seconds, Stopping threads took: 0,0000292 seconds
2017-07-28T13:18:36.335+0200: 4,338: Total time for which application threads were stopped: 0,0000785 seconds, Stopping threads took: 0,0000138 seconds
2017-07-28T13:18:36.335+0200: 4,338: Total time for which application threads were stopped: 0,0001164 seconds, Stopping threads took: 0,0000396 seconds
2017-07-28T13:18:36.335+0200: 4,338: Total time for which application threads were stopped: 0,0000950 seconds, Stopping threads took: 0,0000230 seconds
2017-07-28T13:18:36.335+0200: 4,338: Total time for which application threads were stopped: 0,0001012 seconds, Stopping threads took: 0,0000285 seconds
2017-07-28T13:18:36.336+0200: 4,339: Total time for which application threads were stopped: 0,0000758 seconds, Stopping threads took: 0,0000200 seconds
2017-07-28T13:18:36.336+0200: 4,339: Total time for which application threads were stopped: 0,0001074 seconds, Stopping threads took: 0,0000269 seconds
2017-07-28T13:18:36.336+0200: 4,339: Total time for which application threads were stopped: 0,0000833 seconds, Stopping threads took: 0,0000210 seconds
2017-07-28T13:18:36.336+0200: 4,339: Total time for which application threads were stopped: 0,0000825 seconds, Stopping threads took: 0,0000122 seconds
2017-07-28T13:18:36.337+0200: 4,340: Total time for which application threads were stopped: 0,0000945 seconds, Stopping threads took: 0,0000256 seconds
2017-07-28T13:18:36.337+0200: 4,340: Total time for which application threads were stopped: 0,0000622 seconds, Stopping threads took: 0,0000110 seconds
2017-07-28T13:18:36.337+0200: 4,340: Total time for which application threads were stopped: 0,0002233 seconds, Stopping threads took: 0,0000131 seconds
2017-07-28T13:18:36.338+0200: 4,341: Total time for which application threads were stopped: 0,0001089 seconds, Stopping threads took: 0,0000346 seconds
2017-07-28T13:18:36.338+0200: 4,341: Total time for which application threads were stopped: 0,0000977 seconds, Stopping threads took: 0,0000230 seconds
2017-07-28T13:18:36.338+0200: 4,341: Total time for which application threads were stopped: 0,0000845 seconds, Stopping threads took: 0,0000255 seconds
2017-07-28T13:18:36.338+0200: 4,341: Total time for which application threads were stopped: 0,0000721 seconds, Stopping threads took: 0,0000182 seconds
2017-07-28T13:18:36.339+0200: 4,342: Total time for which application threads were stopped: 0,0000728 seconds, Stopping threads took: 0,0000211 seconds
2017-07-28T13:18:36.339+0200: 4,342: Total time for which application threads were stopped: 0,0000653 seconds, Stopping threads took: 0,0000175 seconds
2017-07-28T13:18:36.339+0200: 4,342: Total time for which application threads were stopped: 0,0001159 seconds, Stopping threads took: 0,0000371 seconds
2017-07-28T13:18:36.339+0200: 4,342: Total time for which application threads were stopped: 0,0000701 seconds, Stopping threads took: 0,0000177 seconds
2017-07-28T13:18:36.339+0200: 4,342: Total time for which application threads were stopped: 0,0000673 seconds, Stopping threads took: 0,0000105 seconds
2017-07-28T13:18:36.339+0200: 4,342: Total time for which application threads were stopped: 0,0000725 seconds, Stopping threads took: 0,0000214 seconds
2017-07-28T13:18:36.339+0200: 4,342: Total time for which application threads were stopped: 0,0000711 seconds, Stopping threads took: 0,0000216 seconds
2017-07-28T13:18:36.340+0200: 4,343: Total time for which application threads were stopped: 0,0000890 seconds, Stopping threads took: 0,0000271 seconds
2017-07-28T13:18:36.345+0200: 4,348: Total time for which application threads were stopped: 0,0001562 seconds, Stopping threads took: 0,0000430 seconds
2017-07-28T13:18:36.345+0200: 4,348: Total time for which application threads were stopped: 0,0000866 seconds, Stopping threads took: 0,0000236 seconds
2017-07-28T13:18:36.346+0200: 4,349: Total time for which application threads were stopped: 0,0000811 seconds, Stopping threads took: 0,0000202 seconds
2017-07-28T13:18:36.346+0200: 4,349: Total time for which application threads were stopped: 0,0000778 seconds, Stopping threads took: 0,0000193 seconds
2017-07-28T13:18:36.346+0200: 4,349: Total time for which application threads were stopped: 0,0000729 seconds, Stopping threads took: 0,0000173 seconds
2017-07-28T13:18:36.346+0200: 4,349: Total time for which application threads were stopped: 0,0001064 seconds, Stopping threads took: 0,0000289 seconds
2017-07-28T13:18:36.346+0200: 4,349: Total time for which application threads were stopped: 0,0000786 seconds, Stopping threads took: 0,0000180 seconds
2017-07-28T13:18:36.346+0200: 4,349: Total time for which application threads were stopped: 0,0000762 seconds, Stopping threads took: 0,0000194 seconds
2017-07-28T13:18:36.347+0200: 4,350: Total time for which application threads were stopped: 0,0000865 seconds, Stopping threads took: 0,0000214 seconds
2017-07-28T13:18:36.347+0200: 4,350: Total time for which application threads were stopped: 0,0001898 seconds, Stopping threads took: 0,0000222 seconds
2017-07-28T13:18:36.349+0200: 4,352: Total time for which application threads were stopped: 0,0001267 seconds, Stopping threads took: 0,0000533 seconds
2017-07-28T13:18:36.351+0200: 4,354: Total time for which application threads were stopped: 0,0001208 seconds, Stopping threads took: 0,0000496 seconds
2017-07-28T13:18:36.353+0200: 4,356: Total time for which application threads were stopped: 0,0001354 seconds, Stopping threads took: 0,0000394 seconds
2017-07-28T13:18:36.354+0200: 4,357: Total time for which application threads were stopped: 0,0001218 seconds, Stopping threads took: 0,0000381 seconds
2017-07-28T13:18:36.355+0200: 4,358: Total time for which application threads were stopped: 0,0001246 seconds, Stopping threads took: 0,0000409 seconds
2017-07-28T13:18:36.357+0200: 4,360: Total time for which application threads were stopped: 0,0001022 seconds, Stopping threads took: 0,0000225 seconds
2017-07-28T13:18:36.358+0200: 4,361: Total time for which application threads were stopped: 0,0000805 seconds, Stopping threads took: 0,0000261 seconds
2017-07-28T13:18:36.358+0200: 4,361: Total time for which application threads were stopped: 0,0000582 seconds, Stopping threads took: 0,0000175 seconds
2017-07-28T13:18:36.358+0200: 4,361: Total time for which application threads were stopped: 0,0000576 seconds, Stopping threads took: 0,0000164 seconds
2017-07-28T13:18:36.361+0200: 4,364: Total time for which application threads were stopped: 0,0029793 seconds, Stopping threads took: 0,0028917 seconds
2017-07-28T13:18:36.365+0200: 4,368: Total time for which application threads were stopped: 0,0037976 seconds, Stopping threads took: 0,0037098 seconds
2017-07-28T13:18:36.368+0200: 4,372: Total time for which application threads were stopped: 0,0001741 seconds, Stopping threads took: 0,0000870 seconds
2017-07-28T13:18:36.369+0200: 4,372: Total time for which application threads were stopped: 0,0000728 seconds, Stopping threads took: 0,0000281 seconds
2017-07-28T13:18:36.372+0200: 4,375: Total time for which application threads were stopped: 0,0001696 seconds, Stopping threads took: 0,0000558 seconds
2017-07-28T13:18:36.372+0200: 4,375: Total time for which application threads were stopped: 0,0001546 seconds, Stopping threads took: 0,0000211 seconds
2017-07-28T13:18:36.379+0200: 4,382: Total time for which application threads were stopped: 0,0001739 seconds, Stopping threads took: 0,0000557 seconds
2017-07-28T13:18:36.384+0200: 4,387: Total time for which application threads were stopped: 0,0001488 seconds, Stopping threads took: 0,0000313 seconds
2017-07-28T13:18:36.390+0200: 4,393: Total time for which application threads were stopped: 0,0002013 seconds, Stopping threads took: 0,0001011 seconds
2017-07-28T13:18:36.391+0200: 4,394: Total time for which application threads were stopped: 0,0001201 seconds, Stopping threads took: 0,0000349 seconds
2017-07-28T13:18:36.397+0200: 4,400: Total time for which application threads were stopped: 0,0033046 seconds, Stopping threads took: 0,0031882 seconds
2017-07-28T13:18:36.403+0200: 4,406: Total time for which application threads were stopped: 0,0001590 seconds, Stopping threads took: 0,0000283 seconds
2017-07-28T13:18:36.409+0200: 4,412: Total time for which application threads were stopped: 0,0005665 seconds, Stopping threads took: 0,0004760 seconds
2017-07-28T13:18:36.417+0200: 4,420: Total time for which application threads were stopped: 0,0032157 seconds, Stopping threads took: 0,0031020 seconds
2017-07-28T13:18:36.417+0200: 4,420: Total time for which application threads were stopped: 0,0001188 seconds, Stopping threads took: 0,0000179 seconds
2017-07-28T13:18:36.417+0200: 4,420: Total time for which application threads were stopped: 0,0000997 seconds, Stopping threads took: 0,0000175 seconds
2017-07-28T13:18:36.418+0200: 4,421: Total time for which application threads were stopped: 0,0000871 seconds, Stopping threads took: 0,0000141 seconds
2017-07-28T13:18:36.436+0200: 4,439: Total time for which application threads were stopped: 0,0002223 seconds, Stopping threads took: 0,0000611 seconds
2017-07-28T13:18:36.437+0200: 4,440: Total time for which application threads were stopped: 0,0001857 seconds, Stopping threads took: 0,0000604 seconds
2017-07-28T13:18:36.446+0200: 4,449: Total time for which application threads were stopped: 0,0002025 seconds, Stopping threads took: 0,0000448 seconds
2017-07-28T13:18:36.456+0200: 4,459: Total time for which application threads were stopped: 0,0001583 seconds, Stopping threads took: 0,0000542 seconds
2017-07-28T13:18:36.469+0200: 4,472: Total time for which application threads were stopped: 0,0001824 seconds, Stopping threads took: 0,0000799 seconds
2017-07-28T13:18:36.472+0200: 4,475: Total time for which application threads were stopped: 0,0009228 seconds, Stopping threads took: 0,0008389 seconds
2017-07-28T13:18:36.473+0200: 4,476: Total time for which application threads were stopped: 0,0001012 seconds, Stopping threads took: 0,0000271 seconds
2017-07-28T13:18:36.476+0200: 4,479: Total time for which application threads were stopped: 0,0001338 seconds, Stopping threads took: 0,0000440 seconds
2017-07-28T13:18:36.477+0200: 4,480: Total time for which application threads were stopped: 0,0000942 seconds, Stopping threads took: 0,0000225 seconds
2017-07-28T13:18:36.481+0200: 4,484: Total time for which application threads were stopped: 0,0001179 seconds, Stopping threads took: 0,0000398 seconds
2017-07-28T13:18:36.486+0200: 4,489: Total time for which application threads were stopped: 0,0001262 seconds, Stopping threads took: 0,0000349 seconds
2017-07-28T13:18:36.505+0200: 4,508: Total time for which application threads were stopped: 0,0001469 seconds, Stopping threads took: 0,0000540 seconds
2017-07-28T13:18:36.518+0200: 4,521: Total time for which application threads were stopped: 0,0001068 seconds, Stopping threads took: 0,0000414 seconds
2017-07-28T13:18:36.519+0200: 4,522: Total time for which application threads were stopped: 0,0002143 seconds, Stopping threads took: 0,0000562 seconds
2017-07-28T13:18:36.527+0200: 4,530: Total time for which application threads were stopped: 0,0001072 seconds, Stopping threads took: 0,0000211 seconds
2017-07-28T13:18:36.572+0200: 4,575: Total time for which application threads were stopped: 0,0004015 seconds, Stopping threads took: 0,0000209 seconds
2017-07-28T13:18:36.585+0200: 4,588: Total time for which application threads were stopped: 0,0003884 seconds, Stopping threads took: 0,0000166 seconds
2017-07-28T13:18:36.644+0200: 4,647: Total time for which application threads were stopped: 0,0003454 seconds, Stopping threads took: 0,0000193 seconds
2017-07-28T13:18:36.645+0200: 4,648: Total time for which application threads were stopped: 0,0001009 seconds, Stopping threads took: 0,0000395 seconds
2017-07-28T13:18:36.646+0200: 4,649: Total time for which application threads were stopped: 0,0000446 seconds, Stopping threads took: 0,0000120 seconds
2017-07-28T13:18:36.652+0200: 4,655: Total time for which application threads were stopped: 0,0000772 seconds, Stopping threads took: 0,0000236 seconds
2017-07-28T13:18:36.668+0200: 4,671: Total time for which application threads were stopped: 0,0001537 seconds, Stopping threads took: 0,0000608 seconds
2017-07-28T13:18:36.681+0200: 4,684: Total time for which application threads were stopped: 0,0044902 seconds, Stopping threads took: 0,0044156 seconds
2017-07-28T13:18:36.698+0200: 4,701: Total time for which application threads were stopped: 0,0001140 seconds, Stopping threads took: 0,0000383 seconds
2017-07-28T13:18:36.709+0200: 4,712: Total time for which application threads were stopped: 0,0018630 seconds, Stopping threads took: 0,0017813 seconds
2017-07-28T13:18:36.730+0200: 4,733: Total time for which application threads were stopped: 0,0008523 seconds, Stopping threads took: 0,0007595 seconds
{Heap before GC invocations=9 (full 1):
 par new generation   total 109248K, used 98126K [0x00000000e0000000, 0x00000000e8000000, 0x00000000e8000000)
  eden space 87424K, 100% used [0x00000000e0000000, 0x00000000e5560000, 0x00000000e5560000)
  from space 21824K,  49% used [0x00000000e6ab0000, 0x00000000e7523ac0, 0x00000000e8000000)
  to   space 21824K,   0% used [0x00000000e5560000, 0x00000000e5560000, 0x00000000e6ab0000)
 concurrent mark-sweep generation total 393216K, used 5783K [0x00000000e8000000, 0x0000000100000000, 0x0000000100000000)
 Metaspace       used 27733K, capacity 28264K, committed 28540K, reserved 1075200K
  class space    used 3169K, capacity 3353K, committed 3452K, reserved 1048576K
2017-07-28T13:18:36.730+0200: 4,733: [GC (Allocation Failure) 2017-07-28T13:18:36.730+0200: 4,733: [ParNew
Desired survivor size 20112992 bytes, new threshold 8 (max 8)
- age   1:   11176960 bytes,   11176960 total
- age   2:     142520 bytes,   11319480 total
- age   3:     207288 bytes,   11526768 total
- age   4:    1714360 bytes,   13241128 total
- age   5:     100840 bytes,   13341968 total
- age   6:      89048 bytes,   13431016 total
- age   8:     198904 bytes,   13629920 total
: 98126K->15862K(109248K), 0,0168356 secs] 103910K->22742K(502464K), 0,0168803 secs] [Times: user=0,05 sys=0,00, real=0,01 secs] 
Heap after GC invocations=10 (full 1):
 par new generation   total 109248K, used 15862K [0x00000000e0000000, 0x00000000e8000000, 0x00000000e8000000)
  eden space 87424K,   0% used [0x00000000e0000000, 0x00000000e0000000, 0x00000000e5560000)
  from space 21824K,  72% used [0x00000000e5560000, 0x00000000e64ddaa0, 0x00000000e6ab0000)
  to   space 21824K,   0% used [0x00000000e6ab0000, 0x00000000e6ab0000, 0x00000000e8000000)
 concurrent mark-sweep generation total 393216K, used 6879K [0x00000000e8000000, 0x0000000100000000, 0x0000000100000000)
 Metaspace       used 27733K, capacity 28264K, committed 28540K, reserved 1075200K
  class space    used 3169K, capacity 3353K, committed 3452K, reserved 1048576K
}
2017-07-28T13:18:36.747+0200: 4,750: Total time for which application threads were stopped: 0,0170603 seconds, Stopping threads took: 0,0000456 seconds
2017-07-28T13:18:36.748+0200: 4,751: Total time for which application threads were stopped: 0,0000881 seconds, Stopping threads took: 0,0000259 seconds
2017-07-28T13:18:36.748+0200: 4,751: Total time for which application threads were stopped: 0,0000500 seconds, Stopping threads took: 0,0000193 seconds
2017-07-28T13:18:36.761+0200: 4,764: Total time for which application threads were stopped: 0,0003948 seconds, Stopping threads took: 0,0000520 seconds
2017-07-28T13:18:36.765+0200: 4,768: Total time for which application threads were stopped: 0,0001799 seconds, Stopping threads took: 0,0000920 seconds
2017-07-28T13:18:37.765+0200: 5,768: Total time for which application threads were stopped: 0,0001097 seconds, Stopping threads took: 0,0000178 seconds
2017-07-28T13:19:54.774+0200: 82,777: Total time for which application threads were stopped: 0,0000825 seconds, Stopping threads took: 0,0000198 seconds
2017-07-28T13:20:34.778+0200: 122,781: Total time for which application threads were stopped: 0,0000828 seconds, Stopping threads took: 0,0000336 seconds
2017-07-28T13:20:44.780+0200: 132,783: Total time for which application threads were stopped: 0,0004636 seconds, Stopping threads took: 0,0002181 seconds
2017-07-28T13:23:09.797+0200: 277,800: Total time for which application threads were stopped: 0,0006673 seconds, Stopping threads took: 0,0002207 seconds
2017-07-28T13:29:19.841+0200: 647,844: Total time for which application threads were stopped: 0,0001075 seconds, Stopping threads took: 0,0000331 seconds
2017-07-28T13:34:39.879+0200: 967,882: Total time for which application threads were stopped: 0,0000956 seconds, Stopping threads took: 0,0000369 seconds
2017-07-28T13:42:03.936+0200: 1411,940: Total time for which application threads were stopped: 0,0005415 seconds, Stopping threads took: 0,0002560 seconds
2017-07-28T13:47:03.975+0200: 1711,978: Total time for which application threads were stopped: 0,0001745 seconds, Stopping threads took: 0,0000656 seconds
2017-07-28T13:56:55.052+0200: 2303,055: Total time for which application threads were stopped: 0,0000845 seconds, Stopping threads took: 0,0000308 seconds
2017-07-28T13:56:59.052+0200: 2307,055: Total time for which application threads were stopped: 0,0000703 seconds, Stopping threads took: 0,0000154 seconds
2017-07-28T14:11:50.176+0200: 3198,179: Total time for which application threads were stopped: 0,0000927 seconds, Stopping threads took: 0,0000379 seconds
2017-07-28T14:22:49.265+0200: 3857,268: Total time for which application threads were stopped: 0,0000829 seconds, Stopping threads took: 0,0000311 seconds
2017-07-28T14:22:59.266+0200: 3867,269: Total time for which application threads were stopped: 0,0001090 seconds, Stopping threads took: 0,0000414 seconds
2017-07-28T14:36:54.376+0200: 4702,379: Total time for which application threads were stopped: 0,0004387 seconds, Stopping threads took: 0,0001464 seconds
2017-07-28T15:03:00.217+0200: 5982,429: Total time for which application threads were stopped: 0,0004218 seconds, Stopping threads took: 0,0001317 seconds
2017-07-28T15:07:55.260+0200: 6277,473: Total time for which application threads were stopped: 0,0001900 seconds, Stopping threads took: 0,0000708 seconds
2017-07-28T15:25:21.191+0200: 7322,603: Total time for which application threads were stopped: 0,0002358 seconds, Stopping threads took: 0,0000554 seconds
2017-07-28T15:26:21.201+0200: 7382,613: Total time for which application threads were stopped: 0,0001887 seconds, Stopping threads took: 0,0000725 seconds
2017-07-28T15:31:21.244+0200: 7682,656: Total time for which application threads were stopped: 0,0000804 seconds, Stopping threads took: 0,0000299 seconds
2017-07-28T16:35:50.822+0200: 11552,234: Total time for which application threads were stopped: 0,0001675 seconds, Stopping threads took: 0,0000601 seconds
2017-07-28T16:46:46.580+0200: 12207,992: Total time for which application threads were stopped: 0,0565306 seconds, Stopping threads took: 0,0564137 seconds
2017-07-28T16:46:46.584+0200: 12207,996: Total time for which application threads were stopped: 0,0024906 seconds, Stopping threads took: 0,0023921 seconds
2017-07-28T16:46:46.585+0200: 12207,997: Total time for which application threads were stopped: 0,0001310 seconds, Stopping threads took: 0,0000350 seconds
2017-07-28T16:46:46.624+0200: 12208,036: Total time for which application threads were stopped: 0,0390208 seconds, Stopping threads took: 0,0389085 seconds
2017-07-28T16:46:46.632+0200: 12208,045: Total time for which application threads were stopped: 0,0001295 seconds, Stopping threads took: 0,0000207 seconds
2017-07-28T16:46:46.634+0200: 12208,046: Total time for which application threads were stopped: 0,0001145 seconds, Stopping threads took: 0,0000260 seconds
2017-07-28T16:46:46.635+0200: 12208,047: Total time for which application threads were stopped: 0,0000977 seconds, Stopping threads took: 0,0000236 seconds
2017-07-28T16:46:46.636+0200: 12208,048: Total time for which application threads were stopped: 0,0004424 seconds, Stopping threads took: 0,0003714 seconds
2017-07-28T16:46:46.636+0200: 12208,048: Total time for which application threads were stopped: 0,0000573 seconds, Stopping threads took: 0,0000143 seconds
2017-07-28T16:46:46.636+0200: 12208,048: Total time for which application threads were stopped: 0,0000442 seconds, Stopping threads took: 0,0000094 seconds
2017-07-28T16:46:46.636+0200: 12208,048: Total time for which application threads were stopped: 0,0000417 seconds, Stopping threads took: 0,0000088 seconds
2017-07-28T16:46:46.636+0200: 12208,048: Total time for which application threads were stopped: 0,0000503 seconds, Stopping threads took: 0,0000181 seconds
2017-07-28T16:46:46.636+0200: 12208,048: Total time for which application threads were stopped: 0,0000405 seconds, Stopping threads took: 0,0000089 seconds
2017-07-28T16:46:46.636+0200: 12208,049: Total time for which application threads were stopped: 0,0000541 seconds, Stopping threads took: 0,0000221 seconds
2017-07-28T16:46:46.636+0200: 12208,049: Total time for which application threads were stopped: 0,0000485 seconds, Stopping threads took: 0,0000085 seconds
2017-07-28T16:46:46.637+0200: 12208,049: Total time for which application threads were stopped: 0,0000574 seconds, Stopping threads took: 0,0000220 seconds
2017-07-28T16:46:46.637+0200: 12208,049: Total time for which application threads were stopped: 0,0000548 seconds, Stopping threads took: 0,0000229 seconds
2017-07-28T16:46:46.637+0200: 12208,049: Total time for which application threads were stopped: 0,0000504 seconds, Stopping threads took: 0,0000195 seconds
2017-07-28T16:46:46.637+0200: 12208,049: Total time for which application threads were stopped: 0,0000369 seconds, Stopping threads took: 0,0000061 seconds
2017-07-28T16:46:46.637+0200: 12208,049: Total time for which application threads were stopped: 0,0000486 seconds, Stopping threads took: 0,0000168 seconds
2017-07-28T16:46:46.637+0200: 12208,049: Total time for which application threads were stopped: 0,0000509 seconds, Stopping threads took: 0,0000186 seconds
2017-07-28T16:46:46.640+0200: 12208,052: Total time for which application threads were stopped: 0,0001381 seconds, Stopping threads took: 0,0000499 seconds
2017-07-28T16:46:46.658+0200: 12208,070: Total time for which application threads were stopped: 0,0001049 seconds, Stopping threads took: 0,0000227 seconds
2017-07-28T16:46:46.660+0200: 12208,072: Total time for which application threads were stopped: 0,0001093 seconds, Stopping threads took: 0,0000343 seconds
2017-07-28T16:46:46.660+0200: 12208,072: Total time for which application threads were stopped: 0,0000413 seconds, Stopping threads took: 0,0000071 seconds
2017-07-28T16:46:46.660+0200: 12208,072: Total time for which application threads were stopped: 0,0000378 seconds, Stopping threads took: 0,0000050 seconds
2017-07-28T16:46:46.660+0200: 12208,073: Total time for which application threads were stopped: 0,0000365 seconds, Stopping threads took: 0,0000046 seconds
2017-07-28T16:46:46.660+0200: 12208,073: Total time for which application threads were stopped: 0,0000358 seconds, Stopping threads took: 0,0000048 seconds
2017-07-28T16:46:46.660+0200: 12208,073: Total time for which application threads were stopped: 0,0000359 seconds, Stopping threads took: 0,0000047 seconds
2017-07-28T16:46:46.660+0200: 12208,073: Total time for which application threads were stopped: 0,0000371 seconds, Stopping threads took: 0,0000046 seconds
2017-07-28T16:46:46.661+0200: 12208,073: Total time for which application threads were stopped: 0,0000348 seconds, Stopping threads took: 0,0000043 seconds
2017-07-28T16:46:46.661+0200: 12208,073: Total time for which application threads were stopped: 0,0000357 seconds, Stopping threads took: 0,0000043 seconds
2017-07-28T16:46:46.666+0200: 12208,079: Total time for which application threads were stopped: 0,0000838 seconds, Stopping threads took: 0,0000150 seconds
2017-07-28T16:46:46.666+0200: 12208,079: Total time for which application threads were stopped: 0,0000404 seconds, Stopping threads took: 0,0000054 seconds
2017-07-28T16:46:46.667+0200: 12208,079: Total time for which application threads were stopped: 0,0000431 seconds, Stopping threads took: 0,0000062 seconds
2017-07-28T16:46:46.667+0200: 12208,079: Total time for which application threads were stopped: 0,0000365 seconds, Stopping threads took: 0,0000047 seconds
2017-07-28T16:46:46.667+0200: 12208,079: Total time for which application threads were stopped: 0,0000386 seconds, Stopping threads took: 0,0000053 seconds
2017-07-28T16:46:46.667+0200: 12208,079: Total time for which application threads were stopped: 0,0000380 seconds, Stopping threads took: 0,0000055 seconds
2017-07-28T16:46:46.667+0200: 12208,079: Total time for which application threads were stopped: 0,0000363 seconds, Stopping threads took: 0,0000055 seconds
2017-07-28T16:46:46.667+0200: 12208,079: Total time for which application threads were stopped: 0,0000362 seconds, Stopping threads took: 0,0000046 seconds
2017-07-28T16:46:46.667+0200: 12208,079: Total time for which application threads were stopped: 0,0000348 seconds, Stopping threads took: 0,0000047 seconds
2017-07-28T16:46:46.667+0200: 12208,079: Total time for which application threads were stopped: 0,0000347 seconds, Stopping threads took: 0,0000046 seconds
2017-07-28T16:46:46.667+0200: 12208,079: Total time for which application threads were stopped: 0,0000360 seconds, Stopping threads took: 0,0000049 seconds
2017-07-28T16:46:46.678+0200: 12208,090: Total time for which application threads were stopped: 0,0074435 seconds, Stopping threads took: 0,0073514 seconds
2017-07-28T16:46:46.678+0200: 12208,090: Total time for which application threads were stopped: 0,0000524 seconds, Stopping threads took: 0,0000133 seconds
2017-07-28T16:46:46.678+0200: 12208,090: Total time for which application threads were stopped: 0,0000465 seconds, Stopping threads took: 0,0000120 seconds
2017-07-28T16:46:46.678+0200: 12208,090: Total time for which application threads were stopped: 0,0000377 seconds, Stopping threads took: 0,0000073 seconds
2017-07-28T16:46:46.678+0200: 12208,090: Total time for which application threads were stopped: 0,0000947 seconds, Stopping threads took: 0,0000597 seconds
2017-07-28T16:46:46.679+0200: 12208,091: Total time for which application threads were stopped: 0,0001117 seconds, Stopping threads took: 0,0000364 seconds
2017-07-28T16:46:46.680+0200: 12208,092: Total time for which application threads were stopped: 0,0000767 seconds, Stopping threads took: 0,0000219 seconds
2017-07-28T16:46:46.681+0200: 12208,093: Total time for which application threads were stopped: 0,0001039 seconds, Stopping threads took: 0,0000369 seconds
2017-07-28T16:46:46.683+0200: 12208,095: Total time for which application threads were stopped: 0,0001372 seconds, Stopping threads took: 0,0000533 seconds
2017-07-28T16:46:46.684+0200: 12208,096: Total time for which application threads were stopped: 0,0003207 seconds, Stopping threads took: 0,0002465 seconds
2017-07-28T16:46:46.686+0200: 12208,098: Total time for which application threads were stopped: 0,0000985 seconds, Stopping threads took: 0,0000185 seconds
2017-07-28T16:46:46.686+0200: 12208,098: Total time for which application threads were stopped: 0,0000417 seconds, Stopping threads took: 0,0000073 seconds
2017-07-28T16:46:46.686+0200: 12208,098: Total time for which application threads were stopped: 0,0000537 seconds, Stopping threads took: 0,0000125 seconds
2017-07-28T16:46:46.686+0200: 12208,098: Total time for which application threads were stopped: 0,0000359 seconds, Stopping threads took: 0,0000044 seconds
2017-07-28T16:46:46.687+0200: 12208,099: Total time for which application threads were stopped: 0,0000756 seconds, Stopping threads took: 0,0000193 seconds
2017-07-28T16:46:46.687+0200: 12208,099: Total time for which application threads were stopped: 0,0000408 seconds, Stopping threads took: 0,0000049 seconds
2017-07-28T16:46:46.687+0200: 12208,099: Total time for which application threads were stopped: 0,0000345 seconds, Stopping threads took: 0,0000044 seconds
2017-07-28T16:46:46.688+0200: 12208,100: Total time for which application threads were stopped: 0,0001010 seconds, Stopping threads took: 0,0000229 seconds
2017-07-28T16:46:46.688+0200: 12208,100: Total time for which application threads were stopped: 0,0000491 seconds, Stopping threads took: 0,0000129 seconds
2017-07-28T16:46:46.688+0200: 12208,100: Total time for which application threads were stopped: 0,0000427 seconds, Stopping threads took: 0,0000104 seconds
2017-07-28T16:46:46.688+0200: 12208,101: Total time for which application threads were stopped: 0,0000469 seconds, Stopping threads took: 0,0000119 seconds
2017-07-28T16:46:46.688+0200: 12208,101: Total time for which application threads were stopped: 0,0000350 seconds, Stopping threads took: 0,0000045 seconds
2017-07-28T16:46:46.688+0200: 12208,101: Total time for which application threads were stopped: 0,0000453 seconds, Stopping threads took: 0,0000139 seconds
2017-07-28T16:46:46.689+0200: 12208,101: Total time for which application threads were stopped: 0,0000799 seconds, Stopping threads took: 0,0000215 seconds
2017-07-28T16:46:46.689+0200: 12208,102: Total time for which application threads were stopped: 0,0000370 seconds, Stopping threads took: 0,0000050 seconds
2017-07-28T16:46:46.690+0200: 12208,102: Total time for which application threads were stopped: 0,0001584 seconds, Stopping threads took: 0,0000127 seconds
2017-07-28T16:46:46.692+0200: 12208,104: Total time for which application threads were stopped: 0,0001192 seconds, Stopping threads took: 0,0000257 seconds
2017-07-28T16:46:46.694+0200: 12208,107: Total time for which application threads were stopped: 0,0001008 seconds, Stopping threads took: 0,0000263 seconds
2017-07-28T16:46:46.695+0200: 12208,107: Total time for which application threads were stopped: 0,0005240 seconds, Stopping threads took: 0,0000288 seconds
Heap
 par new generation   total 109248K, used 44348K [0x00000000e0000000, 0x00000000e8000000, 0x00000000e8000000)
  eden space 87424K,  32% used [0x00000000e0000000, 0x00000000e1bd1938, 0x00000000e5560000)
  from space 21824K,  72% used [0x00000000e5560000, 0x00000000e64ddaa0, 0x00000000e6ab0000)
  to   space 21824K,   0% used [0x00000000e6ab0000, 0x00000000e6ab0000, 0x00000000e8000000)
 concurrent mark-sweep generation total 393216K, used 6879K [0x00000000e8000000, 0x0000000100000000, 0x0000000100000000)
 Metaspace       used 28207K, capacity 28720K, committed 29052K, reserved 1075200K
  class space    used 3226K, capacity 3419K, committed 3452K, reserved 1048576K
