OpenJDK 64-Bit Server VM (25.121-b13) for linux-amd64 JRE (1.8.0_121-8u121-b13-0ubuntu1.16.04.2-b13), built on Jan 23 2017 15:51:29 by "buildd" with gcc 5.4.0 20160609
Memory: 4k page, physical 7867800k(7511552k free), swap 8076284k(8076284k free)
CommandLine flags: -XX:CMSInitiatingOccupancyFraction=50 -XX:CMSMaxAbortablePrecleanTime=6000 -XX:+CMSParallelRemarkEnabled -XX:+CMSScavengeBeforeRemark -XX:ConcGCThreads=4 -XX:InitialHeapSize=536870912 -XX:MaxHeapSize=536870912 -XX:MaxTenuringThreshold=8 -XX:NewRatio=3 -XX:OldPLABSize=16 -XX:OnOutOfMemoryError=/opt/solr/bin/oom_solr.sh 8983 /var/solr/logs -XX:ParallelGCThreads=4 -XX:+ParallelRefProcEnabled -XX:PretenureSizeThreshold=67108864 -XX:+PrintGC -XX:+PrintGCApplicationStoppedTime -XX:+PrintGCDateStamps -XX:+PrintGCDetails -XX:+PrintGCTimeStamps -XX:+PrintHeapAtGC -XX:+PrintTenuringDistribution -XX:SurvivorRatio=4 -XX:TargetSurvivorRatio=90 -XX:ThreadStackSize=256 -XX:+UseCMSInitiatingOccupancyOnly -XX:+UseCompressedClassPointers -XX:+UseCompressedOops -XX:+UseConcMarkSweepGC -XX:+UseParNewGC 
2017-02-22T17:43:38.703+0100: 0,157: Total time for which application threads were stopped: 0,0000743 seconds, Stopping threads took: 0,0000105 seconds
2017-02-22T17:43:38.798+0100: 0,251: Total time for which application threads were stopped: 0,0001100 seconds, Stopping threads took: 0,0000119 seconds
2017-02-22T17:43:38.816+0100: 0,269: Total time for which application threads were stopped: 0,0000776 seconds, Stopping threads took: 0,0000164 seconds
2017-02-22T17:43:39.194+0100: 0,647: Total time for which application threads were stopped: 0,0001701 seconds, Stopping threads took: 0,0000281 seconds
2017-02-22T17:43:39.571+0100: 1,024: Total time for which application threads were stopped: 0,0002168 seconds, Stopping threads took: 0,0000304 seconds
2017-02-22T17:43:39.661+0100: 1,114: Total time for which application threads were stopped: 0,0002138 seconds, Stopping threads took: 0,0000234 seconds
2017-02-22T17:43:39.714+0100: 1,167: Total time for which application threads were stopped: 0,0006372 seconds, Stopping threads took: 0,0001024 seconds
2017-02-22T17:43:40.057+0100: 1,511: Total time for which application threads were stopped: 0,0001747 seconds, Stopping threads took: 0,0000160 seconds
2017-02-22T17:43:40.270+0100: 1,724: Total time for which application threads were stopped: 0,0001984 seconds, Stopping threads took: 0,0000225 seconds
2017-02-22T17:43:40.290+0100: 1,744: Total time for which application threads were stopped: 0,0001642 seconds, Stopping threads took: 0,0000211 seconds
2017-02-22T17:43:40.319+0100: 1,772: Total time for which application threads were stopped: 0,0001916 seconds, Stopping threads took: 0,0000198 seconds
2017-02-22T17:43:40.320+0100: 1,773: Total time for which application threads were stopped: 0,0001544 seconds, Stopping threads took: 0,0000149 seconds
2017-02-22T17:43:40.334+0100: 1,788: Total time for which application threads were stopped: 0,0001791 seconds, Stopping threads took: 0,0000169 seconds
2017-02-22T17:43:40.399+0100: 1,853: Total time for which application threads were stopped: 0,0002489 seconds, Stopping threads took: 0,0000213 seconds
2017-02-22T17:43:40.554+0100: 2,008: Total time for which application threads were stopped: 0,0003389 seconds, Stopping threads took: 0,0001016 seconds
{Heap before GC invocations=0 (full 0):
 par new generation   total 109248K, used 87424K [0x00000000e0000000, 0x00000000e8000000, 0x00000000e8000000)
  eden space 87424K, 100% used [0x00000000e0000000, 0x00000000e5560000, 0x00000000e5560000)
  from space 21824K,   0% used [0x00000000e5560000, 0x00000000e5560000, 0x00000000e6ab0000)
  to   space 21824K,   0% used [0x00000000e6ab0000, 0x00000000e6ab0000, 0x00000000e8000000)
 concurrent mark-sweep generation total 393216K, used 0K [0x00000000e8000000, 0x0000000100000000, 0x0000000100000000)
 Metaspace       used 18067K, capacity 18336K, committed 18688K, reserved 1064960K
  class space    used 2044K, capacity 2196K, committed 2304K, reserved 1048576K
2017-02-22T17:43:40.668+0100: 2,122: [GC (Allocation Failure) 2017-02-22T17:43:40.668+0100: 2,122: [ParNew
Desired survivor size 20112992 bytes, new threshold 8 (max 8)
- age   1:   12657664 bytes,   12657664 total
: 87424K->12470K(109248K), 0,0161913 secs] 87424K->12470K(502464K), 0,0162780 secs] [Times: user=0,04 sys=0,01, real=0,01 secs] 
Heap after GC invocations=1 (full 0):
 par new generation   total 109248K, used 12470K [0x00000000e0000000, 0x00000000e8000000, 0x00000000e8000000)
  eden space 87424K,   0% used [0x00000000e0000000, 0x00000000e0000000, 0x00000000e5560000)
  from space 21824K,  57% used [0x00000000e6ab0000, 0x00000000e76ddab0, 0x00000000e8000000)
  to   space 21824K,   0% used [0x00000000e5560000, 0x00000000e5560000, 0x00000000e6ab0000)
 concurrent mark-sweep generation total 393216K, used 0K [0x00000000e8000000, 0x0000000100000000, 0x0000000100000000)
 Metaspace       used 18067K, capacity 18336K, committed 18688K, reserved 1064960K
  class space    used 2044K, capacity 2196K, committed 2304K, reserved 1048576K
}
2017-02-22T17:43:40.684+0100: 2,138: Total time for which application threads were stopped: 0,0165539 seconds, Stopping threads took: 0,0000599 seconds
2017-02-22T17:43:40.988+0100: 2,442: Total time for which application threads were stopped: 0,0003358 seconds, Stopping threads took: 0,0000529 seconds
2017-02-22T17:43:41.035+0100: 2,488: Total time for which application threads were stopped: 0,0004058 seconds, Stopping threads took: 0,0000861 seconds
{Heap before GC invocations=1 (full 0):
 par new generation   total 109248K, used 99894K [0x00000000e0000000, 0x00000000e8000000, 0x00000000e8000000)
  eden space 87424K, 100% used [0x00000000e0000000, 0x00000000e5560000, 0x00000000e5560000)
  from space 21824K,  57% used [0x00000000e6ab0000, 0x00000000e76ddab0, 0x00000000e8000000)
  to   space 21824K,   0% used [0x00000000e5560000, 0x00000000e5560000, 0x00000000e6ab0000)
 concurrent mark-sweep generation total 393216K, used 0K [0x00000000e8000000, 0x0000000100000000, 0x0000000100000000)
 Metaspace       used 20091K, capacity 20432K, committed 20736K, reserved 1067008K
  class space    used 2299K, capacity 2472K, committed 2560K, reserved 1048576K
2017-02-22T17:43:41.036+0100: 2,489: [GC (Allocation Failure) 2017-02-22T17:43:41.036+0100: 2,489: [ParNew
Desired survivor size 20112992 bytes, new threshold 8 (max 8)
- age   1:    3801896 bytes,    3801896 total
- age   2:    6668896 bytes,   10470792 total
: 99894K->15748K(109248K), 0,0098328 secs] 99894K->15748K(502464K), 0,0099009 secs] [Times: user=0,04 sys=0,00, real=0,01 secs] 
Heap after GC invocations=2 (full 0):
 par new generation   total 109248K, used 15748K [0x00000000e0000000, 0x00000000e8000000, 0x00000000e8000000)
  eden space 87424K,   0% used [0x00000000e0000000, 0x00000000e0000000, 0x00000000e5560000)
  from space 21824K,  72% used [0x00000000e5560000, 0x00000000e64c1200, 0x00000000e6ab0000)
  to   space 21824K,   0% used [0x00000000e6ab0000, 0x00000000e6ab0000, 0x00000000e8000000)
 concurrent mark-sweep generation total 393216K, used 0K [0x00000000e8000000, 0x0000000100000000, 0x0000000100000000)
 Metaspace       used 20091K, capacity 20432K, committed 20736K, reserved 1067008K
  class space    used 2299K, capacity 2472K, committed 2560K, reserved 1048576K
}
2017-02-22T17:43:41.046+0100: 2,499: Total time for which application threads were stopped: 0,0102275 seconds, Stopping threads took: 0,0000565 seconds
2017-02-22T17:43:41.074+0100: 2,528: Total time for which application threads were stopped: 0,0003723 seconds, Stopping threads took: 0,0000548 seconds
2017-02-22T17:43:41.185+0100: 2,639: Total time for which application threads were stopped: 0,0001683 seconds, Stopping threads took: 0,0000521 seconds
{Heap before GC invocations=2 (full 0):
 par new generation   total 109248K, used 103172K [0x00000000e0000000, 0x00000000e8000000, 0x00000000e8000000)
  eden space 87424K, 100% used [0x00000000e0000000, 0x00000000e5560000, 0x00000000e5560000)
  from space 21824K,  72% used [0x00000000e5560000, 0x00000000e64c1200, 0x00000000e6ab0000)
  to   space 21824K,   0% used [0x00000000e6ab0000, 0x00000000e6ab0000, 0x00000000e8000000)
 concurrent mark-sweep generation total 393216K, used 0K [0x00000000e8000000, 0x0000000100000000, 0x0000000100000000)
 Metaspace       used 20990K, capacity 21296K, committed 21628K, reserved 1069056K
  class space    used 2421K, capacity 2592K, committed 2684K, reserved 1048576K
2017-02-22T17:43:41.225+0100: 2,679: [GC (Allocation Failure) 2017-02-22T17:43:41.225+0100: 2,679: [ParNew
Desired survivor size 20112992 bytes, new threshold 8 (max 8)
- age   1:    2094352 bytes,    2094352 total
- age   2:     846448 bytes,    2940800 total
- age   3:    6664904 bytes,    9605704 total
: 103172K->11312K(109248K), 0,0158270 secs] 103172K->11312K(502464K), 0,0159078 secs] [Times: user=0,04 sys=0,00, real=0,02 secs] 
Heap after GC invocations=3 (full 0):
 par new generation   total 109248K, used 11312K [0x00000000e0000000, 0x00000000e8000000, 0x00000000e8000000)
  eden space 87424K,   0% used [0x00000000e0000000, 0x00000000e0000000, 0x00000000e5560000)
  from space 21824K,  51% used [0x00000000e6ab0000, 0x00000000e75bc0c0, 0x00000000e8000000)
  to   space 21824K,   0% used [0x00000000e5560000, 0x00000000e5560000, 0x00000000e6ab0000)
 concurrent mark-sweep generation total 393216K, used 0K [0x00000000e8000000, 0x0000000100000000, 0x0000000100000000)
 Metaspace       used 20990K, capacity 21296K, committed 21628K, reserved 1069056K
  class space    used 2421K, capacity 2592K, committed 2684K, reserved 1048576K
}
2017-02-22T17:43:41.241+0100: 2,695: Total time for which application threads were stopped: 0,0166526 seconds, Stopping threads took: 0,0005779 seconds
2017-02-22T17:43:41.247+0100: 2,701: [GC (CMS Initial Mark) [1 CMS-initial-mark: 0K(393216K)] 17728K(502464K), 0,0040952 secs] [Times: user=0,02 sys=0,00, real=0,00 secs] 
2017-02-22T17:43:41.252+0100: 2,705: Total time for which application threads were stopped: 0,0053074 seconds, Stopping threads took: 0,0011004 seconds
2017-02-22T17:43:41.252+0100: 2,705: [CMS-concurrent-mark-start]
2017-02-22T17:43:41.252+0100: 2,706: [CMS-concurrent-mark: 0,001/0,001 secs] [Times: user=0,00 sys=0,00, real=0,00 secs] 
2017-02-22T17:43:41.252+0100: 2,706: [CMS-concurrent-preclean-start]
2017-02-22T17:43:41.253+0100: 2,707: [CMS-concurrent-preclean: 0,001/0,001 secs] [Times: user=0,00 sys=0,00, real=0,00 secs] 
2017-02-22T17:43:41.253+0100: 2,707: [CMS-concurrent-abortable-preclean-start]
2017-02-22T17:43:41.324+0100: 2,777: Total time for which application threads were stopped: 0,0002494 seconds, Stopping threads took: 0,0000518 seconds
{Heap before GC invocations=3 (full 1):
 par new generation   total 109248K, used 98736K [0x00000000e0000000, 0x00000000e8000000, 0x00000000e8000000)
  eden space 87424K, 100% used [0x00000000e0000000, 0x00000000e5560000, 0x00000000e5560000)
  from space 21824K,  51% used [0x00000000e6ab0000, 0x00000000e75bc0c0, 0x00000000e8000000)
  to   space 21824K,   0% used [0x00000000e5560000, 0x00000000e5560000, 0x00000000e6ab0000)
 concurrent mark-sweep generation total 393216K, used 0K [0x00000000e8000000, 0x0000000100000000, 0x0000000100000000)
 Metaspace       used 21286K, capacity 21655K, committed 21884K, reserved 1069056K
  class space    used 2452K, capacity 2611K, committed 2684K, reserved 1048576K
2017-02-22T17:43:41.370+0100: 2,823: [GC (Allocation Failure) 2017-02-22T17:43:41.370+0100: 2,823: [ParNew
Desired survivor size 20112992 bytes, new threshold 8 (max 8)
- age   1:     958176 bytes,     958176 total
- age   2:    1461088 bytes,    2419264 total
- age   3:     813168 bytes,    3232432 total
- age   4:    6665088 bytes,    9897520 total
: 98736K->14291K(109248K), 0,0095983 secs] 98736K->14291K(502464K), 0,0096544 secs] [Times: user=0,03 sys=0,00, real=0,01 secs] 
Heap after GC invocations=4 (full 1):
 par new generation   total 109248K, used 14291K [0x00000000e0000000, 0x00000000e8000000, 0x00000000e8000000)
  eden space 87424K,   0% used [0x00000000e0000000, 0x00000000e0000000, 0x00000000e5560000)
  from space 21824K,  65% used [0x00000000e5560000, 0x00000000e6354e28, 0x00000000e6ab0000)
  to   space 21824K,   0% used [0x00000000e6ab0000, 0x00000000e6ab0000, 0x00000000e8000000)
 concurrent mark-sweep generation total 393216K, used 0K [0x00000000e8000000, 0x0000000100000000, 0x0000000100000000)
 Metaspace       used 21286K, capacity 21655K, committed 21884K, reserved 1069056K
  class space    used 2452K, capacity 2611K, committed 2684K, reserved 1048576K
}
2017-02-22T17:43:41.379+0100: 2,833: Total time for which application threads were stopped: 0,0098854 seconds, Stopping threads took: 0,0001017 seconds
2017-02-22T17:43:41.379+0100: 2,833: [CMS-concurrent-abortable-preclean: 0,071/0,126 secs] [Times: user=0,47 sys=0,01, real=0,13 secs] 
2017-02-22T17:43:41.380+0100: 2,833: [GC (CMS Final Remark) [YG occupancy: 15656 K (109248 K)]{Heap before GC invocations=4 (full 1):
 par new generation   total 109248K, used 15656K [0x00000000e0000000, 0x00000000e8000000, 0x00000000e8000000)
  eden space 87424K,   1% used [0x00000000e0000000, 0x00000000e01552c8, 0x00000000e5560000)
  from space 21824K,  65% used [0x00000000e5560000, 0x00000000e6354e28, 0x00000000e6ab0000)
  to   space 21824K,   0% used [0x00000000e6ab0000, 0x00000000e6ab0000, 0x00000000e8000000)
 concurrent mark-sweep generation total 393216K, used 0K [0x00000000e8000000, 0x0000000100000000, 0x0000000100000000)
 Metaspace       used 21286K, capacity 21655K, committed 21884K, reserved 1069056K
  class space    used 2452K, capacity 2611K, committed 2684K, reserved 1048576K
2017-02-22T17:43:41.380+0100: 2,833: [GC (CMS Final Remark) 2017-02-22T17:43:41.380+0100: 2,833: [ParNew
Desired survivor size 20112992 bytes, new threshold 8 (max 8)
- age   1:      26720 bytes,      26720 total
- age   2:     868048 bytes,     894768 total
- age   3:    1455840 bytes,    2350608 total
- age   4:     813168 bytes,    3163776 total
- age   5:    6664840 bytes,    9828616 total
: 15656K->11332K(109248K), 0,0092868 secs] 15656K->11332K(502464K), 0,0093232 secs] [Times: user=0,03 sys=0,00, real=0,01 secs] 
Heap after GC invocations=5 (full 1):
 par new generation   total 109248K, used 11332K [0x00000000e0000000, 0x00000000e8000000, 0x00000000e8000000)
  eden space 87424K,   0% used [0x00000000e0000000, 0x00000000e0000000, 0x00000000e5560000)
  from space 21824K,  51% used [0x00000000e6ab0000, 0x00000000e75c1100, 0x00000000e8000000)
  to   space 21824K,   0% used [0x00000000e5560000, 0x00000000e5560000, 0x00000000e6ab0000)
 concurrent mark-sweep generation total 393216K, used 0K [0x00000000e8000000, 0x0000000100000000, 0x0000000100000000)
 Metaspace       used 21286K, capacity 21655K, committed 21884K, reserved 1069056K
  class space    used 2452K, capacity 2611K, committed 2684K, reserved 1048576K
}
2017-02-22T17:43:41.389+0100: 2,843: [Rescan (parallel) , 0,0032530 secs]2017-02-22T17:43:41.392+0100: 2,846: [weak refs processing, 0,0004008 secs]2017-02-22T17:43:41.393+0100: 2,846: [class unloading, 0,0029014 secs]2017-02-22T17:43:41.396+0100: 2,849: [scrub symbol table, 0,0025345 secs]2017-02-22T17:43:41.398+0100: 2,852: [scrub string table, 0,0004082 secs][1 CMS-remark: 0K(393216K)] 11332K(502464K), 0,0194961 secs] [Times: user=0,05 sys=0,00, real=0,02 secs] 
2017-02-22T17:43:41.399+0100: 2,853: Total time for which application threads were stopped: 0,0196181 seconds, Stopping threads took: 0,0000479 seconds
2017-02-22T17:43:41.399+0100: 2,853: [CMS-concurrent-sweep-start]
2017-02-22T17:43:41.399+0100: 2,853: [CMS-concurrent-sweep: 0,000/0,000 secs] [Times: user=0,00 sys=0,00, real=0,00 secs] 
2017-02-22T17:43:41.399+0100: 2,853: [CMS-concurrent-reset-start]
2017-02-22T17:43:41.401+0100: 2,855: [CMS-concurrent-reset: 0,002/0,002 secs] [Times: user=0,01 sys=0,00, real=0,00 secs] 
{Heap before GC invocations=5 (full 1):
 par new generation   total 109248K, used 98756K [0x00000000e0000000, 0x00000000e8000000, 0x00000000e8000000)
  eden space 87424K, 100% used [0x00000000e0000000, 0x00000000e5560000, 0x00000000e5560000)
  from space 21824K,  51% used [0x00000000e6ab0000, 0x00000000e75c1100, 0x00000000e8000000)
  to   space 21824K,   0% used [0x00000000e5560000, 0x00000000e5560000, 0x00000000e6ab0000)
 concurrent mark-sweep generation total 393216K, used 0K [0x00000000e8000000, 0x0000000100000000, 0x0000000100000000)
 Metaspace       used 21412K, capacity 21821K, committed 21884K, reserved 1069056K
  class space    used 2472K, capacity 2644K, committed 2684K, reserved 1048576K
2017-02-22T17:43:41.485+0100: 2,938: [GC (Allocation Failure) 2017-02-22T17:43:41.485+0100: 2,939: [ParNew
Desired survivor size 20112992 bytes, new threshold 8 (max 8)
- age   1:    1048136 bytes,    1048136 total
- age   3:     185928 bytes,    1234064 total
- age   4:    1455448 bytes,    2689512 total
- age   5:     813056 bytes,    3502568 total
- age   6:    6664808 bytes,   10167376 total
: 98756K->15076K(109248K), 0,0098841 secs] 98756K->15076K(502464K), 0,0099537 secs] [Times: user=0,04 sys=0,00, real=0,01 secs] 
Heap after GC invocations=6 (full 1):
 par new generation   total 109248K, used 15076K [0x00000000e0000000, 0x00000000e8000000, 0x00000000e8000000)
  eden space 87424K,   0% used [0x00000000e0000000, 0x00000000e0000000, 0x00000000e5560000)
  from space 21824K,  69% used [0x00000000e5560000, 0x00000000e6419288, 0x00000000e6ab0000)
  to   space 21824K,   0% used [0x00000000e6ab0000, 0x00000000e6ab0000, 0x00000000e8000000)
 concurrent mark-sweep generation total 393216K, used 0K [0x00000000e8000000, 0x0000000100000000, 0x0000000100000000)
 Metaspace       used 21412K, capacity 21821K, committed 21884K, reserved 1069056K
  class space    used 2472K, capacity 2644K, committed 2684K, reserved 1048576K
}
2017-02-22T17:43:41.495+0100: 2,948: Total time for which application threads were stopped: 0,0101786 seconds, Stopping threads took: 0,0000831 seconds
2017-02-22T17:43:41.544+0100: 2,998: Total time for which application threads were stopped: 0,0003087 seconds, Stopping threads took: 0,0000262 seconds
2017-02-22T17:43:41.745+0100: 3,198: Total time for which application threads were stopped: 0,0005549 seconds, Stopping threads took: 0,0000435 seconds
2017-02-22T17:43:41.759+0100: 3,213: Total time for which application threads were stopped: 0,0003819 seconds, Stopping threads took: 0,0000338 seconds
{Heap before GC invocations=6 (full 1):
 par new generation   total 109248K, used 102500K [0x00000000e0000000, 0x00000000e8000000, 0x00000000e8000000)
  eden space 87424K, 100% used [0x00000000e0000000, 0x00000000e5560000, 0x00000000e5560000)
  from space 21824K,  69% used [0x00000000e5560000, 0x00000000e6419288, 0x00000000e6ab0000)
  to   space 21824K,   0% used [0x00000000e6ab0000, 0x00000000e6ab0000, 0x00000000e8000000)
 concurrent mark-sweep generation total 393216K, used 0K [0x00000000e8000000, 0x0000000100000000, 0x0000000100000000)
 Metaspace       used 24428K, capacity 24907K, committed 25084K, reserved 1071104K
  class space    used 2867K, capacity 3053K, committed 3068K, reserved 1048576K
2017-02-22T17:43:41.940+0100: 3,393: [GC (Allocation Failure) 2017-02-22T17:43:41.940+0100: 3,393: [ParNew
Desired survivor size 20112992 bytes, new threshold 8 (max 8)
- age   1:    5551536 bytes,    5551536 total
- age   2:     109352 bytes,    5660888 total
- age   4:     184576 bytes,    5845464 total
- age   5:     285416 bytes,    6130880 total
- age   6:     788760 bytes,    6919640 total
- age   7:    6657528 bytes,   13577168 total
: 102500K->15067K(109248K), 0,0119473 secs] 102500K->15067K(502464K), 0,0120180 secs] [Times: user=0,04 sys=0,00, real=0,01 secs] 
Heap after GC invocations=7 (full 1):
 par new generation   total 109248K, used 15067K [0x00000000e0000000, 0x00000000e8000000, 0x00000000e8000000)
  eden space 87424K,   0% used [0x00000000e0000000, 0x00000000e0000000, 0x00000000e5560000)
  from space 21824K,  69% used [0x00000000e6ab0000, 0x00000000e7966cd0, 0x00000000e8000000)
  to   space 21824K,   0% used [0x00000000e5560000, 0x00000000e5560000, 0x00000000e6ab0000)
 concurrent mark-sweep generation total 393216K, used 0K [0x00000000e8000000, 0x0000000100000000, 0x0000000100000000)
 Metaspace       used 24428K, capacity 24907K, committed 25084K, reserved 1071104K
  class space    used 2867K, capacity 3053K, committed 3068K, reserved 1048576K
}
2017-02-22T17:43:41.952+0100: 3,406: Total time for which application threads were stopped: 0,0128775 seconds, Stopping threads took: 0,0006450 seconds
{Heap before GC invocations=7 (full 1):
 par new generation   total 109248K, used 102491K [0x00000000e0000000, 0x00000000e8000000, 0x00000000e8000000)
  eden space 87424K, 100% used [0x00000000e0000000, 0x00000000e5560000, 0x00000000e5560000)
  from space 21824K,  69% used [0x00000000e6ab0000, 0x00000000e7966cd0, 0x00000000e8000000)
  to   space 21824K,   0% used [0x00000000e5560000, 0x00000000e5560000, 0x00000000e6ab0000)
 concurrent mark-sweep generation total 393216K, used 0K [0x00000000e8000000, 0x0000000100000000, 0x0000000100000000)
 Metaspace       used 24993K, capacity 25473K, committed 25724K, reserved 1071104K
  class space    used 2915K, capacity 3089K, committed 3196K, reserved 1048576K
2017-02-22T17:43:42.085+0100: 3,539: [GC (Allocation Failure) 2017-02-22T17:43:42.085+0100: 3,539: [ParNew
Desired survivor size 20112992 bytes, new threshold 8 (max 8)
- age   1:    1002208 bytes,    1002208 total
- age   2:    2215208 bytes,    3217416 total
- age   3:      75656 bytes,    3293072 total
- age   5:     145616 bytes,    3438688 total
- age   6:     227552 bytes,    3666240 total
- age   7:     770176 bytes,    4436416 total
- age   8:    6389640 bytes,   10826056 total
: 102491K->16654K(109248K), 0,0111808 secs] 102491K->16654K(502464K), 0,0112580 secs] [Times: user=0,05 sys=0,00, real=0,01 secs] 
Heap after GC invocations=8 (full 1):
 par new generation   total 109248K, used 16654K [0x00000000e0000000, 0x00000000e8000000, 0x00000000e8000000)
  eden space 87424K,   0% used [0x00000000e0000000, 0x00000000e0000000, 0x00000000e5560000)
  from space 21824K,  76% used [0x00000000e5560000, 0x00000000e65a3b80, 0x00000000e6ab0000)
  to   space 21824K,   0% used [0x00000000e6ab0000, 0x00000000e6ab0000, 0x00000000e8000000)
 concurrent mark-sweep generation total 393216K, used 0K [0x00000000e8000000, 0x0000000100000000, 0x0000000100000000)
 Metaspace       used 24993K, capacity 25473K, committed 25724K, reserved 1071104K
  class space    used 2915K, capacity 3089K, committed 3196K, reserved 1048576K
}
2017-02-22T17:43:42.097+0100: 3,550: Total time for which application threads were stopped: 0,0114706 seconds, Stopping threads took: 0,0000671 seconds
2017-02-22T17:43:42.275+0100: 3,729: Total time for which application threads were stopped: 0,0004224 seconds, Stopping threads took: 0,0000209 seconds
2017-02-22T17:43:42.324+0100: 3,778: Total time for which application threads were stopped: 0,0005597 seconds, Stopping threads took: 0,0000671 seconds
2017-02-22T17:43:42.338+0100: 3,792: Total time for which application threads were stopped: 0,0004314 seconds, Stopping threads took: 0,0000248 seconds
2017-02-22T17:43:42.403+0100: 3,857: Total time for which application threads were stopped: 0,0006118 seconds, Stopping threads took: 0,0001657 seconds
2017-02-22T17:43:42.525+0100: 3,979: Total time for which application threads were stopped: 0,0004694 seconds, Stopping threads took: 0,0000403 seconds
2017-02-22T17:43:42.605+0100: 4,059: Total time for which application threads were stopped: 0,0003277 seconds, Stopping threads took: 0,0000170 seconds
2017-02-22T17:44:10.608+0100: 32,062: Total time for which application threads were stopped: 0,0000619 seconds, Stopping threads took: 0,0000159 seconds
2017-02-22T17:45:35.616+0100: 117,070: Total time for which application threads were stopped: 0,0004727 seconds, Stopping threads took: 0,0001832 seconds
2017-02-22T17:45:40.617+0100: 122,070: Total time for which application threads were stopped: 0,0000651 seconds, Stopping threads took: 0,0000173 seconds
2017-02-22T17:46:39.623+0100: 181,077: Total time for which application threads were stopped: 0,0000896 seconds, Stopping threads took: 0,0000374 seconds
2017-02-22T17:48:00.633+0100: 262,086: Total time for which application threads were stopped: 0,0001109 seconds, Stopping threads took: 0,0000420 seconds
2017-02-22T17:48:14.634+0100: 276,088: Total time for which application threads were stopped: 0,0001869 seconds, Stopping threads took: 0,0000695 seconds
2017-02-22T17:48:19.635+0100: 281,089: Total time for which application threads were stopped: 0,0001027 seconds, Stopping threads took: 0,0000272 seconds
2017-02-22T17:48:34.637+0100: 296,091: Total time for which application threads were stopped: 0,0005106 seconds, Stopping threads took: 0,0001726 seconds
2017-02-22T17:49:00.640+0100: 322,094: Total time for which application threads were stopped: 0,0000764 seconds, Stopping threads took: 0,0000292 seconds
2017-02-22T17:51:40.657+0100: 482,111: Total time for which application threads were stopped: 0,0001091 seconds, Stopping threads took: 0,0000472 seconds
2017-02-22T17:52:20.662+0100: 522,116: Total time for which application threads were stopped: 0,0000804 seconds, Stopping threads took: 0,0000298 seconds
2017-02-22T17:54:10.675+0100: 632,128: Total time for which application threads were stopped: 0,0003827 seconds, Stopping threads took: 0,0000995 seconds
2017-02-22T17:54:15.675+0100: 637,129: Total time for which application threads were stopped: 0,0002207 seconds, Stopping threads took: 0,0000616 seconds
2017-02-22T17:54:20.676+0100: 642,130: Total time for which application threads were stopped: 0,0005120 seconds, Stopping threads took: 0,0000994 seconds
2017-02-22T17:54:25.677+0100: 647,131: Total time for which application threads were stopped: 0,0000715 seconds, Stopping threads took: 0,0000169 seconds
2017-02-22T17:59:45.707+0100: 967,160: Total time for which application threads were stopped: 0,0003304 seconds, Stopping threads took: 0,0000776 seconds
2017-02-22T18:07:09.748+0100: 1411,202: Total time for which application threads were stopped: 0,0000804 seconds, Stopping threads took: 0,0000316 seconds
2017-02-22T18:11:49.775+0100: 1691,229: Total time for which application threads were stopped: 0,0005149 seconds, Stopping threads took: 0,0002276 seconds
2017-02-22T18:20:15.830+0100: 2197,283: Total time for which application threads were stopped: 0,0001109 seconds, Stopping threads took: 0,0000557 seconds
2017-02-22T18:21:59.841+0100: 2301,295: Total time for which application threads were stopped: 0,0000795 seconds, Stopping threads took: 0,0000319 seconds
2017-02-22T18:22:00.841+0100: 2302,295: Total time for which application threads were stopped: 0,0000634 seconds, Stopping threads took: 0,0000147 seconds
2017-02-22T18:37:50.967+0100: 3252,421: Total time for which application threads were stopped: 0,0001461 seconds, Stopping threads took: 0,0000548 seconds
2017-02-22T18:47:11.054+0100: 3812,507: Total time for which application threads were stopped: 0,0000876 seconds, Stopping threads took: 0,0000324 seconds
2017-02-22T18:47:45.059+0100: 3846,513: Total time for which application threads were stopped: 0,0001765 seconds, Stopping threads took: 0,0000621 seconds
2017-02-22T18:47:50.060+0100: 3851,514: Total time for which application threads were stopped: 0,0000697 seconds, Stopping threads took: 0,0000149 seconds
2017-02-22T19:12:51.303+0100: 5352,757: Total time for which application threads were stopped: 0,0001233 seconds, Stopping threads took: 0,0000454 seconds
2017-02-22T19:14:06.315+0100: 5427,769: Total time for which application threads were stopped: 0,0000926 seconds, Stopping threads took: 0,0000366 seconds
2017-02-22T19:43:56.555+0100: 7218,009: Total time for which application threads were stopped: 0,0001046 seconds, Stopping threads took: 0,0000283 seconds
2017-02-22T19:44:06.556+0100: 7228,010: Total time for which application threads were stopped: 0,0000857 seconds, Stopping threads took: 0,0000289 seconds
2017-02-22T19:44:40.559+0100: 7262,013: Total time for which application threads were stopped: 0,0000848 seconds, Stopping threads took: 0,0000309 seconds
2017-02-22T19:51:40.592+0100: 7682,046: Total time for which application threads were stopped: 0,0001003 seconds, Stopping threads took: 0,0000291 seconds
2017-02-22T19:52:10.595+0100: 7712,049: Total time for which application threads were stopped: 0,0001036 seconds, Stopping threads took: 0,0000462 seconds
{Heap before GC invocations=8 (full 1):
 par new generation   total 109248K, used 104078K [0x00000000e0000000, 0x00000000e8000000, 0x00000000e8000000)
  eden space 87424K, 100% used [0x00000000e0000000, 0x00000000e5560000, 0x00000000e5560000)
  from space 21824K,  76% used [0x00000000e5560000, 0x00000000e65a3b80, 0x00000000e6ab0000)
  to   space 21824K,   0% used [0x00000000e6ab0000, 0x00000000e6ab0000, 0x00000000e8000000)
 concurrent mark-sweep generation total 393216K, used 0K [0x00000000e8000000, 0x0000000100000000, 0x0000000100000000)
 Metaspace       used 28144K, capacity 28725K, committed 28796K, reserved 1075200K
  class space    used 3228K, capacity 3401K, committed 3452K, reserved 1048576K
2017-02-22T19:52:42.897+0100: 7744,350: [GC (Allocation Failure) 2017-02-22T19:52:42.897+0100: 7744,350: [ParNew
Desired survivor size 20112992 bytes, new threshold 8 (max 8)
- age   1:   12816424 bytes,   12816424 total
- age   2:     325224 bytes,   13141648 total
- age   3:    1807392 bytes,   14949040 total
- age   4:      75656 bytes,   15024696 total
- age   6:     145488 bytes,   15170184 total
- age   7:     227456 bytes,   15397640 total
- age   8:     768848 bytes,   16166488 total
: 104078K->19787K(109248K), 0,0957882 secs] 104078K->26492K(502464K), 0,0958895 secs] [Times: user=0,12 sys=0,00, real=0,10 secs] 
Heap after GC invocations=9 (full 1):
 par new generation   total 109248K, used 19787K [0x00000000e0000000, 0x00000000e8000000, 0x00000000e8000000)
  eden space 87424K,   0% used [0x00000000e0000000, 0x00000000e0000000, 0x00000000e5560000)
  from space 21824K,  90% used [0x00000000e6ab0000, 0x00000000e7e02d70, 0x00000000e8000000)
  to   space 21824K,   0% used [0x00000000e5560000, 0x00000000e5560000, 0x00000000e6ab0000)
 concurrent mark-sweep generation total 393216K, used 6705K [0x00000000e8000000, 0x0000000100000000, 0x0000000100000000)
 Metaspace       used 28144K, capacity 28725K, committed 28796K, reserved 1075200K
  class space    used 3228K, capacity 3401K, committed 3452K, reserved 1048576K
}
2017-02-22T19:52:42.993+0100: 7744,446: Total time for which application threads were stopped: 0,1128421 seconds, Stopping threads took: 0,0167766 seconds
2017-02-22T19:52:42.994+0100: 7744,448: Total time for which application threads were stopped: 0,0001145 seconds, Stopping threads took: 0,0000194 seconds
2017-02-22T19:52:43.014+0100: 7744,468: Total time for which application threads were stopped: 0,0009919 seconds, Stopping threads took: 0,0008739 seconds
2017-02-22T19:52:43.017+0100: 7744,470: Total time for which application threads were stopped: 0,0001276 seconds, Stopping threads took: 0,0000460 seconds
2017-02-22T19:52:43.018+0100: 7744,472: Total time for which application threads were stopped: 0,0001025 seconds, Stopping threads took: 0,0000331 seconds
Heap
 par new generation   total 109248K, used 24822K [0x00000000e0000000, 0x00000000e8000000, 0x00000000e8000000)
  eden space 87424K,   5% used [0x00000000e0000000, 0x00000000e04eade0, 0x00000000e5560000)
  from space 21824K,  90% used [0x00000000e6ab0000, 0x00000000e7e02d70, 0x00000000e8000000)
  to   space 21824K,   0% used [0x00000000e5560000, 0x00000000e5560000, 0x00000000e6ab0000)
 concurrent mark-sweep generation total 393216K, used 6705K [0x00000000e8000000, 0x0000000100000000, 0x0000000100000000)
 Metaspace       used 28221K, capacity 28825K, committed 29052K, reserved 1075200K
  class space    used 3236K, capacity 3433K, committed 3452K, reserved 1048576K
