OpenJDK 64-Bit Server VM (25.111-b14) for linux-amd64 JRE (1.8.0_111-8u111-b14-2ubuntu0.16.04.2-b14), built on Oct 27 2016 18:10:19 by "buildd" with gcc 5.4.0 20160609
Memory: 4k page, physical 7867848k(7467480k free), swap 8076284k(8076284k free)
CommandLine flags: -XX:CMSInitiatingOccupancyFraction=50 -XX:CMSMaxAbortablePrecleanTime=6000 -XX:+CMSParallelRemarkEnabled -XX:+CMSScavengeBeforeRemark -XX:ConcGCThreads=4 -XX:InitialHeapSize=536870912 -XX:MaxHeapSize=536870912 -XX:MaxTenuringThreshold=8 -XX:NewRatio=3 -XX:OldPLABSize=16 -XX:OnOutOfMemoryError=/opt/solr/bin/oom_solr.sh 8983 /var/solr/logs -XX:ParallelGCThreads=4 -XX:+ParallelRefProcEnabled -XX:PretenureSizeThreshold=67108864 -XX:+PrintGC -XX:+PrintGCApplicationStoppedTime -XX:+PrintGCDateStamps -XX:+PrintGCDetails -XX:+PrintGCTimeStamps -XX:+PrintHeapAtGC -XX:+PrintTenuringDistribution -XX:SurvivorRatio=4 -XX:TargetSurvivorRatio=90 -XX:ThreadStackSize=256 -XX:+UseCMSInitiatingOccupancyOnly -XX:+UseCompressedClassPointers -XX:+UseCompressedOops -XX:+UseConcMarkSweepGC -XX:+UseParNewGC 
2016-11-18T07:36:13.687+0100: 0,115: Total time for which application threads were stopped: 0,0000685 seconds, Stopping threads took: 0,0000131 seconds
2016-11-18T07:36:13.762+0100: 0,190: Total time for which application threads were stopped: 0,0001047 seconds, Stopping threads took: 0,0000107 seconds
2016-11-18T07:36:13.793+0100: 0,221: Total time for which application threads were stopped: 0,0000832 seconds, Stopping threads took: 0,0000145 seconds
2016-11-18T07:36:13.929+0100: 0,356: Total time for which application threads were stopped: 0,0001530 seconds, Stopping threads took: 0,0000390 seconds
2016-11-18T07:36:14.104+0100: 0,531: Total time for which application threads were stopped: 0,0001549 seconds, Stopping threads took: 0,0000163 seconds
2016-11-18T07:36:14.159+0100: 0,587: Total time for which application threads were stopped: 0,0001521 seconds, Stopping threads took: 0,0000126 seconds
2016-11-18T07:36:14.178+0100: 0,606: Total time for which application threads were stopped: 0,0001762 seconds, Stopping threads took: 0,0000201 seconds
2016-11-18T07:36:14.489+0100: 0,917: Total time for which application threads were stopped: 0,0002463 seconds, Stopping threads took: 0,0000254 seconds
2016-11-18T07:36:14.930+0100: 1,358: Total time for which application threads were stopped: 0,0002013 seconds, Stopping threads took: 0,0000205 seconds
2016-11-18T07:36:14.949+0100: 1,377: Total time for which application threads were stopped: 0,0002025 seconds, Stopping threads took: 0,0000254 seconds
2016-11-18T07:36:14.950+0100: 1,378: Total time for which application threads were stopped: 0,0001545 seconds, Stopping threads took: 0,0000208 seconds
2016-11-18T07:36:14.961+0100: 1,389: Total time for which application threads were stopped: 0,0001639 seconds, Stopping threads took: 0,0000212 seconds
2016-11-18T07:36:15.054+0100: 1,482: Total time for which application threads were stopped: 0,0002768 seconds, Stopping threads took: 0,0000344 seconds
2016-11-18T07:36:15.293+0100: 1,720: Total time for which application threads were stopped: 0,0003326 seconds, Stopping threads took: 0,0001325 seconds
{Heap before GC invocations=0 (full 0):
 par new generation   total 109248K, used 87424K [0x00000000e0000000, 0x00000000e8000000, 0x00000000e8000000)
  eden space 87424K, 100% used [0x00000000e0000000, 0x00000000e5560000, 0x00000000e5560000)
  from space 21824K,   0% used [0x00000000e5560000, 0x00000000e5560000, 0x00000000e6ab0000)
  to   space 21824K,   0% used [0x00000000e6ab0000, 0x00000000e6ab0000, 0x00000000e8000000)
 concurrent mark-sweep generation total 393216K, used 0K [0x00000000e8000000, 0x0000000100000000, 0x0000000100000000)
 Metaspace       used 18061K, capacity 18366K, committed 18560K, reserved 1064960K
  class space    used 2053K, capacity 2162K, committed 2176K, reserved 1048576K
2016-11-18T07:36:15.474+0100: 1,902: [GC (Allocation Failure) 2016-11-18T07:36:15.474+0100: 1,902: [ParNew
Desired survivor size 20112992 bytes, new threshold 8 (max 8)
- age   1:   12329256 bytes,   12329256 total
: 87424K->12154K(109248K), 0,0260842 secs] 87424K->12154K(502464K), 0,0263441 secs] [Times: user=0,07 sys=0,01, real=0,03 secs] 
Heap after GC invocations=1 (full 0):
 par new generation   total 109248K, used 12154K [0x00000000e0000000, 0x00000000e8000000, 0x00000000e8000000)
  eden space 87424K,   0% used [0x00000000e0000000, 0x00000000e0000000, 0x00000000e5560000)
  from space 21824K,  55% used [0x00000000e6ab0000, 0x00000000e768ebe8, 0x00000000e8000000)
  to   space 21824K,   0% used [0x00000000e5560000, 0x00000000e5560000, 0x00000000e6ab0000)
 concurrent mark-sweep generation total 393216K, used 0K [0x00000000e8000000, 0x0000000100000000, 0x0000000100000000)
 Metaspace       used 18061K, capacity 18366K, committed 18560K, reserved 1064960K
  class space    used 2053K, capacity 2162K, committed 2176K, reserved 1048576K
}
2016-11-18T07:36:15.501+0100: 1,929: Total time for which application threads were stopped: 0,0266786 seconds, Stopping threads took: 0,0000214 seconds
2016-11-18T07:36:15.762+0100: 2,190: Total time for which application threads were stopped: 0,0003512 seconds, Stopping threads took: 0,0001060 seconds
2016-11-18T07:36:15.814+0100: 2,242: Total time for which application threads were stopped: 0,0003654 seconds, Stopping threads took: 0,0000470 seconds
2016-11-18T07:36:15.844+0100: 2,272: Total time for which application threads were stopped: 0,0002727 seconds, Stopping threads took: 0,0000232 seconds
{Heap before GC invocations=1 (full 0):
 par new generation   total 109248K, used 99578K [0x00000000e0000000, 0x00000000e8000000, 0x00000000e8000000)
  eden space 87424K, 100% used [0x00000000e0000000, 0x00000000e5560000, 0x00000000e5560000)
  from space 21824K,  55% used [0x00000000e6ab0000, 0x00000000e768ebe8, 0x00000000e8000000)
  to   space 21824K,   0% used [0x00000000e5560000, 0x00000000e5560000, 0x00000000e6ab0000)
 concurrent mark-sweep generation total 393216K, used 0K [0x00000000e8000000, 0x0000000100000000, 0x0000000100000000)
 Metaspace       used 20705K, capacity 21020K, committed 21248K, reserved 1069056K
  class space    used 2404K, capacity 2518K, committed 2560K, reserved 1048576K
2016-11-18T07:36:16.025+0100: 2,453: [GC (Allocation Failure) 2016-11-18T07:36:16.025+0100: 2,453: [ParNew
Desired survivor size 20112992 bytes, new threshold 8 (max 8)
- age   1:    2899112 bytes,    2899112 total
- age   2:    6111096 bytes,    9010208 total
: 99578K->11227K(109248K), 0,0125538 secs] 99578K->11227K(502464K), 0,0126281 secs] [Times: user=0,04 sys=0,00, real=0,01 secs] 
Heap after GC invocations=2 (full 0):
 par new generation   total 109248K, used 11227K [0x00000000e0000000, 0x00000000e8000000, 0x00000000e8000000)
  eden space 87424K,   0% used [0x00000000e0000000, 0x00000000e0000000, 0x00000000e5560000)
  from space 21824K,  51% used [0x00000000e5560000, 0x00000000e6056e90, 0x00000000e6ab0000)
  to   space 21824K,   0% used [0x00000000e6ab0000, 0x00000000e6ab0000, 0x00000000e8000000)
 concurrent mark-sweep generation total 393216K, used 0K [0x00000000e8000000, 0x0000000100000000, 0x0000000100000000)
 Metaspace       used 20705K, capacity 21020K, committed 21248K, reserved 1069056K
  class space    used 2404K, capacity 2518K, committed 2560K, reserved 1048576K
}
2016-11-18T07:36:16.037+0100: 2,465: Total time for which application threads were stopped: 0,0128920 seconds, Stopping threads took: 0,0000634 seconds
2016-11-18T07:36:16.097+0100: 2,525: Total time for which application threads were stopped: 0,0000750 seconds, Stopping threads took: 0,0000141 seconds
2016-11-18T07:36:16.132+0100: 2,560: Total time for which application threads were stopped: 0,0002762 seconds, Stopping threads took: 0,0000176 seconds
2016-11-18T07:36:16.137+0100: 2,565: Total time for which application threads were stopped: 0,0000998 seconds, Stopping threads took: 0,0000301 seconds
2016-11-18T07:36:16.158+0100: 2,585: Total time for which application threads were stopped: 0,0000728 seconds, Stopping threads took: 0,0000131 seconds
2016-11-18T07:36:16.237+0100: 2,665: Total time for which application threads were stopped: 0,0001692 seconds, Stopping threads took: 0,0000400 seconds
2016-11-18T07:36:16.258+0100: 2,686: Total time for which application threads were stopped: 0,0000809 seconds, Stopping threads took: 0,0000214 seconds
2016-11-18T07:36:16.265+0100: 2,693: Total time for which application threads were stopped: 0,0003035 seconds, Stopping threads took: 0,0000333 seconds
2016-11-18T07:36:16.273+0100: 2,701: Total time for which application threads were stopped: 0,0003096 seconds, Stopping threads took: 0,0000222 seconds
2016-11-18T07:36:16.282+0100: 2,710: Total time for which application threads were stopped: 0,0000902 seconds, Stopping threads took: 0,0000288 seconds
2016-11-18T07:36:16.313+0100: 2,741: Total time for which application threads were stopped: 0,0000951 seconds, Stopping threads took: 0,0000392 seconds
2016-11-18T07:36:16.325+0100: 2,753: Total time for which application threads were stopped: 0,0000700 seconds, Stopping threads took: 0,0000149 seconds
2016-11-18T07:36:16.344+0100: 2,772: Total time for which application threads were stopped: 0,0000723 seconds, Stopping threads took: 0,0000139 seconds
2016-11-18T07:36:16.365+0100: 2,792: Total time for which application threads were stopped: 0,0000840 seconds, Stopping threads took: 0,0000227 seconds
2016-11-18T07:36:16.401+0100: 2,829: Total time for which application threads were stopped: 0,0001501 seconds, Stopping threads took: 0,0000470 seconds
2016-11-18T07:36:16.457+0100: 2,885: Total time for which application threads were stopped: 0,0001076 seconds, Stopping threads took: 0,0000287 seconds
2016-11-18T07:36:16.483+0100: 2,910: Total time for which application threads were stopped: 0,0001493 seconds, Stopping threads took: 0,0000679 seconds
{Heap before GC invocations=2 (full 0):
 par new generation   total 109248K, used 98651K [0x00000000e0000000, 0x00000000e8000000, 0x00000000e8000000)
  eden space 87424K, 100% used [0x00000000e0000000, 0x00000000e5560000, 0x00000000e5560000)
  from space 21824K,  51% used [0x00000000e5560000, 0x00000000e6056e90, 0x00000000e6ab0000)
  to   space 21824K,   0% used [0x00000000e6ab0000, 0x00000000e6ab0000, 0x00000000e8000000)
 concurrent mark-sweep generation total 393216K, used 0K [0x00000000e8000000, 0x0000000100000000, 0x0000000100000000)
 Metaspace       used 24843K, capacity 25224K, committed 25536K, reserved 1071104K
  class space    used 2897K, capacity 3025K, committed 3092K, reserved 1048576K
2016-11-18T07:36:16.497+0100: 2,925: [GC (Allocation Failure) 2016-11-18T07:36:16.497+0100: 2,925: [ParNew
Desired survivor size 20112992 bytes, new threshold 8 (max 8)
- age   1:    6692128 bytes,    6692128 total
- age   2:     547968 bytes,    7240096 total
- age   3:    6082992 bytes,   13323088 total
: 98651K->16940K(109248K), 0,0112489 secs] 98651K->16940K(502464K), 0,0113279 secs] [Times: user=0,04 sys=0,00, real=0,01 secs] 
Heap after GC invocations=3 (full 0):
 par new generation   total 109248K, used 16940K [0x00000000e0000000, 0x00000000e8000000, 0x00000000e8000000)
  eden space 87424K,   0% used [0x00000000e0000000, 0x00000000e0000000, 0x00000000e5560000)
  from space 21824K,  77% used [0x00000000e6ab0000, 0x00000000e7b3b100, 0x00000000e8000000)
  to   space 21824K,   0% used [0x00000000e5560000, 0x00000000e5560000, 0x00000000e6ab0000)
 concurrent mark-sweep generation total 393216K, used 0K [0x00000000e8000000, 0x0000000100000000, 0x0000000100000000)
 Metaspace       used 24843K, capacity 25224K, committed 25536K, reserved 1071104K
  class space    used 2897K, capacity 3025K, committed 3092K, reserved 1048576K
}
2016-11-18T07:36:16.508+0100: 2,936: Total time for which application threads were stopped: 0,0115540 seconds, Stopping threads took: 0,0001016 seconds
2016-11-18T07:36:16.510+0100: 2,938: [GC (CMS Initial Mark) [1 CMS-initial-mark: 0K(393216K)] 18349K(502464K), 0,0042887 secs] [Times: user=0,01 sys=0,00, real=0,01 secs] 
2016-11-18T07:36:16.514+0100: 2,942: Total time for which application threads were stopped: 0,0044903 seconds, Stopping threads took: 0,0001029 seconds
2016-11-18T07:36:16.514+0100: 2,942: [CMS-concurrent-mark-start]
2016-11-18T07:36:16.515+0100: 2,943: [CMS-concurrent-mark: 0,001/0,001 secs] [Times: user=0,00 sys=0,00, real=0,00 secs] 
2016-11-18T07:36:16.515+0100: 2,943: [CMS-concurrent-preclean-start]
2016-11-18T07:36:16.516+0100: 2,944: [CMS-concurrent-preclean: 0,001/0,001 secs] [Times: user=0,00 sys=0,00, real=0,00 secs] 
2016-11-18T07:36:16.516+0100: 2,944: [GC (CMS Final Remark) [YG occupancy: 18349 K (109248 K)]{Heap before GC invocations=3 (full 1):
 par new generation   total 109248K, used 18349K [0x00000000e0000000, 0x00000000e8000000, 0x00000000e8000000)
  eden space 87424K,   1% used [0x00000000e0000000, 0x00000000e0160540, 0x00000000e5560000)
  from space 21824K,  77% used [0x00000000e6ab0000, 0x00000000e7b3b100, 0x00000000e8000000)
  to   space 21824K,   0% used [0x00000000e5560000, 0x00000000e5560000, 0x00000000e6ab0000)
 concurrent mark-sweep generation total 393216K, used 0K [0x00000000e8000000, 0x0000000100000000, 0x0000000100000000)
 Metaspace       used 24889K, capacity 25320K, committed 25536K, reserved 1071104K
  class space    used 2902K, capacity 3057K, committed 3092K, reserved 1048576K
2016-11-18T07:36:16.516+0100: 2,944: [GC (CMS Final Remark) 2016-11-18T07:36:16.516+0100: 2,944: [ParNew
Desired survivor size 20112992 bytes, new threshold 8 (max 8)
- age   1:      47120 bytes,      47120 total
- age   2:    3151144 bytes,    3198264 total
- age   3:     547992 bytes,    3746256 total
- age   4:    6082744 bytes,    9829000 total
: 18349K->14248K(109248K), 0,0118407 secs] 18349K->14248K(502464K), 0,0118846 secs] [Times: user=0,04 sys=0,00, real=0,01 secs] 
Heap after GC invocations=4 (full 1):
 par new generation   total 109248K, used 14248K [0x00000000e0000000, 0x00000000e8000000, 0x00000000e8000000)
  eden space 87424K,   0% used [0x00000000e0000000, 0x00000000e0000000, 0x00000000e5560000)
  from space 21824K,  65% used [0x00000000e5560000, 0x00000000e634a250, 0x00000000e6ab0000)
  to   space 21824K,   0% used [0x00000000e6ab0000, 0x00000000e6ab0000, 0x00000000e8000000)
 concurrent mark-sweep generation total 393216K, used 0K [0x00000000e8000000, 0x0000000100000000, 0x0000000100000000)
 Metaspace       used 24889K, capacity 25320K, committed 25536K, reserved 1071104K
  class space    used 2902K, capacity 3057K, committed 3092K, reserved 1048576K
}
2016-11-18T07:36:16.528+0100: 2,956: [Rescan (parallel) , 0,0035508 secs]2016-11-18T07:36:16.532+0100: 2,960: [weak refs processing, 0,0006393 secs]2016-11-18T07:36:16.533+0100: 2,960: [class unloading, 0,0031144 secs]2016-11-18T07:36:16.536+0100: 2,964: [scrub symbol table, 0,0032331 secs]2016-11-18T07:36:16.539+0100: 2,967: [scrub string table, 0,0003847 secs][1 CMS-remark: 0K(393216K)] 14248K(502464K), 0,0235052 secs] [Times: user=0,06 sys=0,00, real=0,03 secs] 
2016-11-18T07:36:16.540+0100: 2,968: Total time for which application threads were stopped: 0,0236113 seconds, Stopping threads took: 0,0000368 seconds
2016-11-18T07:36:16.540+0100: 2,968: [CMS-concurrent-sweep-start]
2016-11-18T07:36:16.540+0100: 2,968: [CMS-concurrent-sweep: 0,000/0,000 secs] [Times: user=0,00 sys=0,00, real=0,00 secs] 
2016-11-18T07:36:16.540+0100: 2,968: [CMS-concurrent-reset-start]
2016-11-18T07:36:16.541+0100: 2,969: [CMS-concurrent-reset: 0,001/0,001 secs] [Times: user=0,01 sys=0,00, real=0,00 secs] 
2016-11-18T07:36:16.598+0100: 3,026: Total time for which application threads were stopped: 0,0003775 seconds, Stopping threads took: 0,0000239 seconds
2016-11-18T07:36:17.598+0100: 4,026: Total time for which application threads were stopped: 0,0000828 seconds, Stopping threads took: 0,0000168 seconds
2016-11-18T07:36:17.620+0100: 4,048: Total time for which application threads were stopped: 0,0002696 seconds, Stopping threads took: 0,0000151 seconds
2016-11-18T07:36:44.623+0100: 31,051: Total time for which application threads were stopped: 0,0003859 seconds, Stopping threads took: 0,0000328 seconds
2016-11-18T07:38:55.640+0100: 162,068: Total time for which application threads were stopped: 0,0000862 seconds, Stopping threads took: 0,0000382 seconds
2016-11-18T07:39:00.641+0100: 167,069: Total time for which application threads were stopped: 0,0003432 seconds, Stopping threads took: 0,0000905 seconds
2016-11-18T07:39:16.749+0100: 183,177: Total time for which application threads were stopped: 0,0001106 seconds, Stopping threads took: 0,0000205 seconds
Heap
 par new generation   total 109248K, used 45306K [0x00000000e0000000, 0x00000000e8000000, 0x00000000e8000000)
  eden space 87424K,  35% used [0x00000000e0000000, 0x00000000e1e547c8, 0x00000000e5560000)
  from space 21824K,  65% used [0x00000000e5560000, 0x00000000e634a250, 0x00000000e6ab0000)
  to   space 21824K,   0% used [0x00000000e6ab0000, 0x00000000e6ab0000, 0x00000000e8000000)
 concurrent mark-sweep generation total 393216K, used 0K [0x00000000e8000000, 0x0000000100000000, 0x0000000100000000)
 Metaspace       used 27149K, capacity 27598K, committed 27924K, reserved 1073152K
  class space    used 3160K, capacity 3320K, committed 3348K, reserved 1048576K
