OpenJDK 64-Bit Server VM (25.121-b13) for linux-amd64 JRE (1.8.0_121-8u121-b13-0ubuntu1.16.04.2-b13), built on Jan 23 2017 15:51:29 by "buildd" with gcc 5.4.0 20160609
Memory: 4k page, physical 7867760k(7438640k free), swap 8076284k(8076284k free)
CommandLine flags: -XX:CMSInitiatingOccupancyFraction=50 -XX:CMSMaxAbortablePrecleanTime=6000 -XX:+CMSParallelRemarkEnabled -XX:+CMSScavengeBeforeRemark -XX:ConcGCThreads=4 -XX:InitialHeapSize=536870912 -XX:MaxHeapSize=536870912 -XX:MaxTenuringThreshold=8 -XX:NewRatio=3 -XX:OldPLABSize=16 -XX:OnOutOfMemoryError=/opt/solr/bin/oom_solr.sh 8983 /var/solr/logs -XX:ParallelGCThreads=4 -XX:+ParallelRefProcEnabled -XX:PretenureSizeThreshold=67108864 -XX:+PrintGC -XX:+PrintGCApplicationStoppedTime -XX:+PrintGCDateStamps -XX:+PrintGCDetails -XX:+PrintGCTimeStamps -XX:+PrintHeapAtGC -XX:+PrintTenuringDistribution -XX:SurvivorRatio=4 -XX:TargetSurvivorRatio=90 -XX:ThreadStackSize=256 -XX:+UseCMSInitiatingOccupancyOnly -XX:+UseCompressedClassPointers -XX:+UseCompressedOops -XX:+UseConcMarkSweepGC -XX:+UseParNewGC 
2017-03-11T18:14:55.834+0100: 0,160: Total time for which application threads were stopped: 0,0000859 seconds, Stopping threads took: 0,0000108 seconds
2017-03-11T18:14:55.924+0100: 0,251: Total time for which application threads were stopped: 0,0001370 seconds, Stopping threads took: 0,0000303 seconds
2017-03-11T18:14:55.947+0100: 0,273: Total time for which application threads were stopped: 0,0001359 seconds, Stopping threads took: 0,0000637 seconds
2017-03-11T18:14:56.249+0100: 0,576: Total time for which application threads were stopped: 0,0001449 seconds, Stopping threads took: 0,0000195 seconds
2017-03-11T18:14:56.739+0100: 1,065: Total time for which application threads were stopped: 0,0001270 seconds, Stopping threads took: 0,0000104 seconds
2017-03-11T18:14:56.820+0100: 1,147: Total time for which application threads were stopped: 0,0001726 seconds, Stopping threads took: 0,0000450 seconds
2017-03-11T18:14:56.880+0100: 1,207: Total time for which application threads were stopped: 0,0002315 seconds, Stopping threads took: 0,0000314 seconds
2017-03-11T18:14:57.204+0100: 1,531: Total time for which application threads were stopped: 0,0002664 seconds, Stopping threads took: 0,0000298 seconds
2017-03-11T18:14:57.452+0100: 1,779: Total time for which application threads were stopped: 0,0001964 seconds, Stopping threads took: 0,0000261 seconds
2017-03-11T18:14:57.483+0100: 1,810: Total time for which application threads were stopped: 0,0003146 seconds, Stopping threads took: 0,0000361 seconds
2017-03-11T18:14:57.525+0100: 1,851: Total time for which application threads were stopped: 0,0001727 seconds, Stopping threads took: 0,0000115 seconds
2017-03-11T18:14:57.525+0100: 1,852: Total time for which application threads were stopped: 0,0000958 seconds, Stopping threads took: 0,0000097 seconds
2017-03-11T18:14:57.563+0100: 1,889: Total time for which application threads were stopped: 0,0001607 seconds, Stopping threads took: 0,0000144 seconds
2017-03-11T18:14:57.629+0100: 1,955: Total time for which application threads were stopped: 0,0002062 seconds, Stopping threads took: 0,0000180 seconds
2017-03-11T18:14:57.804+0100: 2,131: Total time for which application threads were stopped: 0,0004538 seconds, Stopping threads took: 0,0002423 seconds
{Heap before GC invocations=0 (full 0):
 par new generation   total 109248K, used 87424K [0x00000000e0000000, 0x00000000e8000000, 0x00000000e8000000)
  eden space 87424K, 100% used [0x00000000e0000000, 0x00000000e5560000, 0x00000000e5560000)
  from space 21824K,   0% used [0x00000000e5560000, 0x00000000e5560000, 0x00000000e6ab0000)
  to   space 21824K,   0% used [0x00000000e6ab0000, 0x00000000e6ab0000, 0x00000000e8000000)
 concurrent mark-sweep generation total 393216K, used 0K [0x00000000e8000000, 0x0000000100000000, 0x0000000100000000)
 Metaspace       used 17914K, capacity 18176K, committed 18304K, reserved 1064960K
  class space    used 2032K, capacity 2164K, committed 2176K, reserved 1048576K
2017-03-11T18:14:57.858+0100: 2,185: [GC (Allocation Failure) 2017-03-11T18:14:57.858+0100: 2,185: [ParNew
Desired survivor size 20112992 bytes, new threshold 8 (max 8)
- age   1:   11837384 bytes,   11837384 total
: 87424K->11663K(109248K), 0,0154573 secs] 87424K->11663K(502464K), 0,0155375 secs] [Times: user=0,05 sys=0,02, real=0,01 secs] 
Heap after GC invocations=1 (full 0):
 par new generation   total 109248K, used 11663K [0x00000000e0000000, 0x00000000e8000000, 0x00000000e8000000)
  eden space 87424K,   0% used [0x00000000e0000000, 0x00000000e0000000, 0x00000000e5560000)
  from space 21824K,  53% used [0x00000000e6ab0000, 0x00000000e7613f58, 0x00000000e8000000)
  to   space 21824K,   0% used [0x00000000e5560000, 0x00000000e5560000, 0x00000000e6ab0000)
 concurrent mark-sweep generation total 393216K, used 0K [0x00000000e8000000, 0x0000000100000000, 0x0000000100000000)
 Metaspace       used 17914K, capacity 18176K, committed 18304K, reserved 1064960K
  class space    used 2032K, capacity 2164K, committed 2176K, reserved 1048576K
}
2017-03-11T18:14:57.874+0100: 2,200: Total time for which application threads were stopped: 0,0164821 seconds, Stopping threads took: 0,0007905 seconds
2017-03-11T18:14:58.224+0100: 2,551: Total time for which application threads were stopped: 0,0003739 seconds, Stopping threads took: 0,0001348 seconds
{Heap before GC invocations=1 (full 0):
 par new generation   total 109248K, used 99087K [0x00000000e0000000, 0x00000000e8000000, 0x00000000e8000000)
  eden space 87424K, 100% used [0x00000000e0000000, 0x00000000e5560000, 0x00000000e5560000)
  from space 21824K,  53% used [0x00000000e6ab0000, 0x00000000e7613f58, 0x00000000e8000000)
  to   space 21824K,   0% used [0x00000000e5560000, 0x00000000e5560000, 0x00000000e6ab0000)
 concurrent mark-sweep generation total 393216K, used 0K [0x00000000e8000000, 0x0000000100000000, 0x0000000100000000)
 Metaspace       used 20023K, capacity 20374K, committed 20736K, reserved 1067008K
  class space    used 2296K, capacity 2473K, committed 2560K, reserved 1048576K
2017-03-11T18:14:58.258+0100: 2,585: [GC (Allocation Failure) 2017-03-11T18:14:58.258+0100: 2,585: [ParNew
Desired survivor size 20112992 bytes, new threshold 8 (max 8)
- age   1:    4111592 bytes,    4111592 total
- age   2:    6377160 bytes,   10488752 total
: 99087K->13202K(109248K), 0,0160292 secs] 99087K->13202K(502464K), 0,0160992 secs] [Times: user=0,04 sys=0,00, real=0,01 secs] 
Heap after GC invocations=2 (full 0):
 par new generation   total 109248K, used 13202K [0x00000000e0000000, 0x00000000e8000000, 0x00000000e8000000)
  eden space 87424K,   0% used [0x00000000e0000000, 0x00000000e0000000, 0x00000000e5560000)
  from space 21824K,  60% used [0x00000000e5560000, 0x00000000e6244918, 0x00000000e6ab0000)
  to   space 21824K,   0% used [0x00000000e6ab0000, 0x00000000e6ab0000, 0x00000000e8000000)
 concurrent mark-sweep generation total 393216K, used 0K [0x00000000e8000000, 0x0000000100000000, 0x0000000100000000)
 Metaspace       used 20023K, capacity 20374K, committed 20736K, reserved 1067008K
  class space    used 2296K, capacity 2473K, committed 2560K, reserved 1048576K
}
2017-03-11T18:14:58.274+0100: 2,601: Total time for which application threads were stopped: 0,0164510 seconds, Stopping threads took: 0,0000580 seconds
2017-03-11T18:14:58.286+0100: 2,613: Total time for which application threads were stopped: 0,0005544 seconds, Stopping threads took: 0,0002350 seconds
2017-03-11T18:14:58.322+0100: 2,649: Total time for which application threads were stopped: 0,0019872 seconds, Stopping threads took: 0,0016364 seconds
2017-03-11T18:14:58.471+0100: 2,798: Total time for which application threads were stopped: 0,0002056 seconds, Stopping threads took: 0,0000502 seconds
{Heap before GC invocations=2 (full 0):
 par new generation   total 109248K, used 100626K [0x00000000e0000000, 0x00000000e8000000, 0x00000000e8000000)
  eden space 87424K, 100% used [0x00000000e0000000, 0x00000000e5560000, 0x00000000e5560000)
  from space 21824K,  60% used [0x00000000e5560000, 0x00000000e6244918, 0x00000000e6ab0000)
  to   space 21824K,   0% used [0x00000000e6ab0000, 0x00000000e6ab0000, 0x00000000e8000000)
 concurrent mark-sweep generation total 393216K, used 0K [0x00000000e8000000, 0x0000000100000000, 0x0000000100000000)
 Metaspace       used 20957K, capacity 21296K, committed 21552K, reserved 1069056K
  class space    used 2420K, capacity 2592K, committed 2608K, reserved 1048576K
2017-03-11T18:14:58.494+0100: 2,821: [GC (Allocation Failure) 2017-03-11T18:14:58.494+0100: 2,821: [ParNew
Desired survivor size 20112992 bytes, new threshold 8 (max 8)
- age   1:    2105600 bytes,    2105600 total
- age   2:    1115728 bytes,    3221328 total
- age   3:    6374472 bytes,    9595800 total
: 100626K->11454K(109248K), 0,0097030 secs] 100626K->11454K(502464K), 0,0097968 secs] [Times: user=0,04 sys=0,00, real=0,01 secs] 
Heap after GC invocations=3 (full 0):
 par new generation   total 109248K, used 11454K [0x00000000e0000000, 0x00000000e8000000, 0x00000000e8000000)
  eden space 87424K,   0% used [0x00000000e0000000, 0x00000000e0000000, 0x00000000e5560000)
  from space 21824K,  52% used [0x00000000e6ab0000, 0x00000000e75df8c0, 0x00000000e8000000)
  to   space 21824K,   0% used [0x00000000e5560000, 0x00000000e5560000, 0x00000000e6ab0000)
 concurrent mark-sweep generation total 393216K, used 0K [0x00000000e8000000, 0x0000000100000000, 0x0000000100000000)
 Metaspace       used 20957K, capacity 21296K, committed 21552K, reserved 1069056K
  class space    used 2420K, capacity 2592K, committed 2608K, reserved 1048576K
}
2017-03-11T18:14:58.504+0100: 2,831: Total time for which application threads were stopped: 0,0100411 seconds, Stopping threads took: 0,0000653 seconds
2017-03-11T18:14:58.518+0100: 2,845: [GC (CMS Initial Mark) [1 CMS-initial-mark: 0K(393216K)] 20808K(502464K), 0,0076575 secs] [Times: user=0,02 sys=0,00, real=0,01 secs] 
2017-03-11T18:14:58.526+0100: 2,853: Total time for which application threads were stopped: 0,0085893 seconds, Stopping threads took: 0,0007933 seconds
2017-03-11T18:14:58.526+0100: 2,853: [CMS-concurrent-mark-start]
2017-03-11T18:14:58.527+0100: 2,854: [CMS-concurrent-mark: 0,001/0,001 secs] [Times: user=0,01 sys=0,00, real=0,00 secs] 
2017-03-11T18:14:58.527+0100: 2,854: [CMS-concurrent-preclean-start]
2017-03-11T18:14:58.528+0100: 2,855: [CMS-concurrent-preclean: 0,001/0,001 secs] [Times: user=0,00 sys=0,00, real=0,00 secs] 
2017-03-11T18:14:58.528+0100: 2,855: [CMS-concurrent-abortable-preclean-start]
{Heap before GC invocations=3 (full 1):
 par new generation   total 109248K, used 98878K [0x00000000e0000000, 0x00000000e8000000, 0x00000000e8000000)
  eden space 87424K, 100% used [0x00000000e0000000, 0x00000000e5560000, 0x00000000e5560000)
  from space 21824K,  52% used [0x00000000e6ab0000, 0x00000000e75df8c0, 0x00000000e8000000)
  to   space 21824K,   0% used [0x00000000e5560000, 0x00000000e5560000, 0x00000000e6ab0000)
 concurrent mark-sweep generation total 393216K, used 0K [0x00000000e8000000, 0x0000000100000000, 0x0000000100000000)
 Metaspace       used 21217K, capacity 21566K, committed 21628K, reserved 1069056K
  class space    used 2448K, capacity 2606K, committed 2608K, reserved 1048576K
2017-03-11T18:14:58.616+0100: 2,943: [GC (Allocation Failure) 2017-03-11T18:14:58.616+0100: 2,943: [ParNew
Desired survivor size 20112992 bytes, new threshold 8 (max 8)
- age   1:     966992 bytes,     966992 total
- age   2:    1471584 bytes,    2438576 total
- age   3:    1082416 bytes,    3520992 total
- age   4:    6372944 bytes,    9893936 total
: 98878K->16919K(109248K), 0,0090505 secs] 98878K->16919K(502464K), 0,0091143 secs] [Times: user=0,03 sys=0,00, real=0,01 secs] 
Heap after GC invocations=4 (full 1):
 par new generation   total 109248K, used 16919K [0x00000000e0000000, 0x00000000e8000000, 0x00000000e8000000)
  eden space 87424K,   0% used [0x00000000e0000000, 0x00000000e0000000, 0x00000000e5560000)
  from space 21824K,  77% used [0x00000000e5560000, 0x00000000e65e5e80, 0x00000000e6ab0000)
  to   space 21824K,   0% used [0x00000000e6ab0000, 0x00000000e6ab0000, 0x00000000e8000000)
 concurrent mark-sweep generation total 393216K, used 0K [0x00000000e8000000, 0x0000000100000000, 0x0000000100000000)
 Metaspace       used 21217K, capacity 21566K, committed 21628K, reserved 1069056K
  class space    used 2448K, capacity 2606K, committed 2608K, reserved 1048576K
}
2017-03-11T18:14:58.625+0100: 2,952: Total time for which application threads were stopped: 0,0093446 seconds, Stopping threads took: 0,0000873 seconds
2017-03-11T18:14:58.669+0100: 2,996: Total time for which application threads were stopped: 0,0001396 seconds, Stopping threads took: 0,0000579 seconds
{Heap before GC invocations=4 (full 1):
 par new generation   total 109248K, used 104343K [0x00000000e0000000, 0x00000000e8000000, 0x00000000e8000000)
  eden space 87424K, 100% used [0x00000000e0000000, 0x00000000e5560000, 0x00000000e5560000)
  from space 21824K,  77% used [0x00000000e5560000, 0x00000000e65e5e80, 0x00000000e6ab0000)
  to   space 21824K,   0% used [0x00000000e6ab0000, 0x00000000e6ab0000, 0x00000000e8000000)
 concurrent mark-sweep generation total 393216K, used 0K [0x00000000e8000000, 0x0000000100000000, 0x0000000100000000)
 Metaspace       used 21383K, capacity 21796K, committed 21960K, reserved 1069056K
  class space    used 2468K, capacity 2639K, committed 2684K, reserved 1048576K
2017-03-11T18:14:58.720+0100: 3,047: [GC (Allocation Failure) 2017-03-11T18:14:58.720+0100: 3,047: [ParNew
Desired survivor size 20112992 bytes, new threshold 8 (max 8)
- age   1:    1068336 bytes,    1068336 total
- age   2:     170464 bytes,    1238800 total
- age   3:    1471384 bytes,    2710184 total
- age   4:    1080336 bytes,    3790520 total
- age   5:    6372960 bytes,   10163480 total
: 104343K->12458K(109248K), 0,0106248 secs] 104343K->12458K(502464K), 0,0107014 secs] [Times: user=0,03 sys=0,00, real=0,01 secs] 
Heap after GC invocations=5 (full 1):
 par new generation   total 109248K, used 12458K [0x00000000e0000000, 0x00000000e8000000, 0x00000000e8000000)
  eden space 87424K,   0% used [0x00000000e0000000, 0x00000000e0000000, 0x00000000e5560000)
  from space 21824K,  57% used [0x00000000e6ab0000, 0x00000000e76daad0, 0x00000000e8000000)
  to   space 21824K,   0% used [0x00000000e5560000, 0x00000000e5560000, 0x00000000e6ab0000)
 concurrent mark-sweep generation total 393216K, used 0K [0x00000000e8000000, 0x0000000100000000, 0x0000000100000000)
 Metaspace       used 21383K, capacity 21796K, committed 21960K, reserved 1069056K
  class space    used 2468K, capacity 2639K, committed 2684K, reserved 1048576K
}
2017-03-11T18:14:58.731+0100: 3,058: Total time for which application threads were stopped: 0,0109409 seconds, Stopping threads took: 0,0000825 seconds
2017-03-11T18:14:58.759+0100: 3,086: Total time for which application threads were stopped: 0,0001171 seconds, Stopping threads took: 0,0000234 seconds
2017-03-11T18:14:58.759+0100: 3,086: [CMS-concurrent-abortable-preclean: 0,144/0,231 secs] [Times: user=0,87 sys=0,01, real=0,23 secs] 
2017-03-11T18:14:58.759+0100: 3,086: [GC (CMS Final Remark) [YG occupancy: 34356 K (109248 K)]{Heap before GC invocations=5 (full 1):
 par new generation   total 109248K, used 34356K [0x00000000e0000000, 0x00000000e8000000, 0x00000000e8000000)
  eden space 87424K,  25% used [0x00000000e0000000, 0x00000000e1562730, 0x00000000e5560000)
  from space 21824K,  57% used [0x00000000e6ab0000, 0x00000000e76daad0, 0x00000000e8000000)
  to   space 21824K,   0% used [0x00000000e5560000, 0x00000000e5560000, 0x00000000e6ab0000)
 concurrent mark-sweep generation total 393216K, used 0K [0x00000000e8000000, 0x0000000100000000, 0x0000000100000000)
 Metaspace       used 21534K, capacity 21930K, committed 22216K, reserved 1069056K
  class space    used 2487K, capacity 2640K, committed 2684K, reserved 1048576K
2017-03-11T18:14:58.759+0100: 3,086: [GC (CMS Final Remark) 2017-03-11T18:14:58.759+0100: 3,086: [ParNew
Desired survivor size 20112992 bytes, new threshold 8 (max 8)
- age   1:     210096 bytes,     210096 total
- age   2:     112688 bytes,     322784 total
- age   3:     169552 bytes,     492336 total
- age   4:     305352 bytes,     797688 total
- age   5:    1080304 bytes,    1877992 total
- age   6:    6372896 bytes,    8250888 total
: 34356K->12864K(109248K), 0,0092720 secs] 34356K->12864K(502464K), 0,0093284 secs] [Times: user=0,02 sys=0,00, real=0,01 secs] 
Heap after GC invocations=6 (full 1):
 par new generation   total 109248K, used 12864K [0x00000000e0000000, 0x00000000e8000000, 0x00000000e8000000)
  eden space 87424K,   0% used [0x00000000e0000000, 0x00000000e0000000, 0x00000000e5560000)
  from space 21824K,  58% used [0x00000000e5560000, 0x00000000e61f0330, 0x00000000e6ab0000)
  to   space 21824K,   0% used [0x00000000e6ab0000, 0x00000000e6ab0000, 0x00000000e8000000)
 concurrent mark-sweep generation total 393216K, used 0K [0x00000000e8000000, 0x0000000100000000, 0x0000000100000000)
 Metaspace       used 21534K, capacity 21930K, committed 22216K, reserved 1069056K
  class space    used 2487K, capacity 2640K, committed 2684K, reserved 1048576K
}
2017-03-11T18:14:58.769+0100: 3,096: [Rescan (parallel) , 0,0030356 secs]2017-03-11T18:14:58.772+0100: 3,099: [weak refs processing, 0,0004984 secs]2017-03-11T18:14:58.772+0100: 3,099: [class unloading, 0,0029146 secs]2017-03-11T18:14:58.775+0100: 3,102: [scrub symbol table, 0,0043662 secs]2017-03-11T18:14:58.780+0100: 3,106: [scrub string table, 0,0003755 secs][1 CMS-remark: 0K(393216K)] 12864K(502464K), 0,0212051 secs] [Times: user=0,05 sys=0,00, real=0,02 secs] 
2017-03-11T18:14:58.781+0100: 3,107: Total time for which application threads were stopped: 0,0214295 seconds, Stopping threads took: 0,0001627 seconds
2017-03-11T18:14:58.781+0100: 3,107: [CMS-concurrent-sweep-start]
2017-03-11T18:14:58.781+0100: 3,107: [CMS-concurrent-sweep: 0,000/0,000 secs] [Times: user=0,00 sys=0,00, real=0,00 secs] 
2017-03-11T18:14:58.781+0100: 3,108: [CMS-concurrent-reset-start]
2017-03-11T18:14:58.783+0100: 3,109: [CMS-concurrent-reset: 0,002/0,002 secs] [Times: user=0,00 sys=0,00, real=0,00 secs] 
2017-03-11T18:14:58.794+0100: 3,121: Total time for which application threads were stopped: 0,0003362 seconds, Stopping threads took: 0,0000195 seconds
2017-03-11T18:14:58.983+0100: 3,309: Total time for which application threads were stopped: 0,0004051 seconds, Stopping threads took: 0,0000463 seconds
2017-03-11T18:14:58.997+0100: 3,324: Total time for which application threads were stopped: 0,0003697 seconds, Stopping threads took: 0,0000283 seconds
{Heap before GC invocations=6 (full 1):
 par new generation   total 109248K, used 100288K [0x00000000e0000000, 0x00000000e8000000, 0x00000000e8000000)
  eden space 87424K, 100% used [0x00000000e0000000, 0x00000000e5560000, 0x00000000e5560000)
  from space 21824K,  58% used [0x00000000e5560000, 0x00000000e61f0330, 0x00000000e6ab0000)
  to   space 21824K,   0% used [0x00000000e6ab0000, 0x00000000e6ab0000, 0x00000000e8000000)
 concurrent mark-sweep generation total 393216K, used 0K [0x00000000e8000000, 0x0000000100000000, 0x0000000100000000)
 Metaspace       used 24385K, capacity 24812K, committed 25084K, reserved 1071104K
  class space    used 2861K, capacity 3047K, committed 3068K, reserved 1048576K
2017-03-11T18:14:59.198+0100: 3,525: [GC (Allocation Failure) 2017-03-11T18:14:59.198+0100: 3,525: [ParNew
Desired survivor size 20112992 bytes, new threshold 8 (max 8)
- age   1:    5525024 bytes,    5525024 total
- age   2:     114008 bytes,    5639032 total
- age   3:     112528 bytes,    5751560 total
- age   4:     169008 bytes,    5920568 total
- age   5:     301912 bytes,    6222480 total
- age   6:    1056024 bytes,    7278504 total
- age   7:    6364352 bytes,   13642856 total
: 100288K->15594K(109248K), 0,0192855 secs] 100288K->15594K(502464K), 0,0193522 secs] [Times: user=0,07 sys=0,00, real=0,02 secs] 
Heap after GC invocations=7 (full 1):
 par new generation   total 109248K, used 15594K [0x00000000e0000000, 0x00000000e8000000, 0x00000000e8000000)
  eden space 87424K,   0% used [0x00000000e0000000, 0x00000000e0000000, 0x00000000e5560000)
  from space 21824K,  71% used [0x00000000e6ab0000, 0x00000000e79ea980, 0x00000000e8000000)
  to   space 21824K,   0% used [0x00000000e5560000, 0x00000000e5560000, 0x00000000e6ab0000)
 concurrent mark-sweep generation total 393216K, used 0K [0x00000000e8000000, 0x0000000100000000, 0x0000000100000000)
 Metaspace       used 24385K, capacity 24812K, committed 25084K, reserved 1071104K
  class space    used 2861K, capacity 3047K, committed 3068K, reserved 1048576K
}
2017-03-11T18:14:59.217+0100: 3,544: Total time for which application threads were stopped: 0,0199987 seconds, Stopping threads took: 0,0004544 seconds
{Heap before GC invocations=7 (full 1):
 par new generation   total 109248K, used 103018K [0x00000000e0000000, 0x00000000e8000000, 0x00000000e8000000)
  eden space 87424K, 100% used [0x00000000e0000000, 0x00000000e5560000, 0x00000000e5560000)
  from space 21824K,  71% used [0x00000000e6ab0000, 0x00000000e79ea980, 0x00000000e8000000)
  to   space 21824K,   0% used [0x00000000e5560000, 0x00000000e5560000, 0x00000000e6ab0000)
 concurrent mark-sweep generation total 393216K, used 0K [0x00000000e8000000, 0x0000000100000000, 0x0000000100000000)
 Metaspace       used 24748K, capacity 25234K, committed 25468K, reserved 1071104K
  class space    used 2895K, capacity 3080K, committed 3196K, reserved 1048576K
2017-03-11T18:14:59.316+0100: 3,643: [GC (Allocation Failure) 2017-03-11T18:14:59.316+0100: 3,643: [ParNew
Desired survivor size 20112992 bytes, new threshold 8 (max 8)
- age   1:    1613232 bytes,    1613232 total
- age   2:    1789752 bytes,    3402984 total
- age   3:      44120 bytes,    3447104 total
- age   4:      56672 bytes,    3503776 total
- age   5:     100256 bytes,    3604032 total
- age   6:     188072 bytes,    3792104 total
- age   7:     880680 bytes,    4672784 total
- age   8:    5978224 bytes,   10651008 total
: 103018K->16547K(109248K), 0,0208590 secs] 103018K->16547K(502464K), 0,0209449 secs] [Times: user=0,05 sys=0,00, real=0,02 secs] 
Heap after GC invocations=8 (full 1):
 par new generation   total 109248K, used 16547K [0x00000000e0000000, 0x00000000e8000000, 0x00000000e8000000)
  eden space 87424K,   0% used [0x00000000e0000000, 0x00000000e0000000, 0x00000000e5560000)
  from space 21824K,  75% used [0x00000000e5560000, 0x00000000e6588f70, 0x00000000e6ab0000)
  to   space 21824K,   0% used [0x00000000e6ab0000, 0x00000000e6ab0000, 0x00000000e8000000)
 concurrent mark-sweep generation total 393216K, used 0K [0x00000000e8000000, 0x0000000100000000, 0x0000000100000000)
 Metaspace       used 24748K, capacity 25234K, committed 25468K, reserved 1071104K
  class space    used 2895K, capacity 3080K, committed 3196K, reserved 1048576K
}
2017-03-11T18:14:59.337+0100: 3,664: Total time for which application threads were stopped: 0,0212163 seconds, Stopping threads took: 0,0000559 seconds
{Heap before GC invocations=8 (full 1):
 par new generation   total 109248K, used 103971K [0x00000000e0000000, 0x00000000e8000000, 0x00000000e8000000)
  eden space 87424K, 100% used [0x00000000e0000000, 0x00000000e5560000, 0x00000000e5560000)
  from space 21824K,  75% used [0x00000000e5560000, 0x00000000e6588f70, 0x00000000e6ab0000)
  to   space 21824K,   0% used [0x00000000e6ab0000, 0x00000000e6ab0000, 0x00000000e8000000)
 concurrent mark-sweep generation total 393216K, used 0K [0x00000000e8000000, 0x0000000100000000, 0x0000000100000000)
 Metaspace       used 25012K, capacity 25516K, committed 25724K, reserved 1071104K
  class space    used 2912K, capacity 3085K, committed 3196K, reserved 1048576K
2017-03-11T18:14:59.462+0100: 3,788: [GC (Allocation Failure) 2017-03-11T18:14:59.462+0100: 3,788: [ParNew
Desired survivor size 20112992 bytes, new threshold 8 (max 8)
- age   1:     829696 bytes,     829696 total
- age   2:    1021048 bytes,    1850744 total
- age   3:    1788720 bytes,    3639464 total
- age   4:      44064 bytes,    3683528 total
- age   5:      56672 bytes,    3740200 total
- age   6:     100152 bytes,    3840352 total
- age   7:     187736 bytes,    4028088 total
- age   8:     880680 bytes,    4908768 total
: 103971K->6697K(109248K), 0,0372066 secs] 103971K->12618K(502464K), 0,0372864 secs] [Times: user=0,12 sys=0,00, real=0,04 secs] 
Heap after GC invocations=9 (full 1):
 par new generation   total 109248K, used 6697K [0x00000000e0000000, 0x00000000e8000000, 0x00000000e8000000)
  eden space 87424K,   0% used [0x00000000e0000000, 0x00000000e0000000, 0x00000000e5560000)
  from space 21824K,  30% used [0x00000000e6ab0000, 0x00000000e713a740, 0x00000000e8000000)
  to   space 21824K,   0% used [0x00000000e5560000, 0x00000000e5560000, 0x00000000e6ab0000)
 concurrent mark-sweep generation total 393216K, used 5920K [0x00000000e8000000, 0x0000000100000000, 0x0000000100000000)
 Metaspace       used 25012K, capacity 25516K, committed 25724K, reserved 1071104K
  class space    used 2912K, capacity 3085K, committed 3196K, reserved 1048576K
}
2017-03-11T18:14:59.499+0100: 3,826: Total time for which application threads were stopped: 0,0375739 seconds, Stopping threads took: 0,0001109 seconds
2017-03-11T18:14:59.720+0100: 4,047: Total time for which application threads were stopped: 0,0003951 seconds, Stopping threads took: 0,0000816 seconds
2017-03-11T18:14:59.729+0100: 4,055: Total time for which application threads were stopped: 0,0009135 seconds, Stopping threads took: 0,0008010 seconds
2017-03-11T18:14:59.733+0100: 4,060: Total time for which application threads were stopped: 0,0024579 seconds, Stopping threads took: 0,0023880 seconds
2017-03-11T18:14:59.736+0100: 4,063: Total time for which application threads were stopped: 0,0001460 seconds, Stopping threads took: 0,0000338 seconds
2017-03-11T18:14:59.737+0100: 4,064: Total time for which application threads were stopped: 0,0001284 seconds, Stopping threads took: 0,0000190 seconds
2017-03-11T18:14:59.738+0100: 4,065: Total time for which application threads were stopped: 0,0001227 seconds, Stopping threads took: 0,0000407 seconds
2017-03-11T18:14:59.739+0100: 4,066: Total time for which application threads were stopped: 0,0000801 seconds, Stopping threads took: 0,0000191 seconds
2017-03-11T18:14:59.750+0100: 4,077: Total time for which application threads were stopped: 0,0037268 seconds, Stopping threads took: 0,0036329 seconds
2017-03-11T18:14:59.755+0100: 4,082: Total time for which application threads were stopped: 0,0000929 seconds, Stopping threads took: 0,0000207 seconds
2017-03-11T18:14:59.760+0100: 4,087: Total time for which application threads were stopped: 0,0000804 seconds, Stopping threads took: 0,0000149 seconds
2017-03-11T18:14:59.760+0100: 4,087: Total time for which application threads were stopped: 0,0000558 seconds, Stopping threads took: 0,0000104 seconds
2017-03-11T18:14:59.761+0100: 4,088: Total time for which application threads were stopped: 0,0000625 seconds, Stopping threads took: 0,0000185 seconds
2017-03-11T18:14:59.762+0100: 4,088: Total time for which application threads were stopped: 0,0000669 seconds, Stopping threads took: 0,0000266 seconds
2017-03-11T18:14:59.762+0100: 4,089: Total time for which application threads were stopped: 0,0000559 seconds, Stopping threads took: 0,0000230 seconds
2017-03-11T18:14:59.762+0100: 4,089: Total time for which application threads were stopped: 0,0000818 seconds, Stopping threads took: 0,0000235 seconds
2017-03-11T18:14:59.763+0100: 4,090: Total time for which application threads were stopped: 0,0000878 seconds, Stopping threads took: 0,0000157 seconds
2017-03-11T18:14:59.765+0100: 4,092: Total time for which application threads were stopped: 0,0002345 seconds, Stopping threads took: 0,0001642 seconds
2017-03-11T18:14:59.787+0100: 4,114: Total time for which application threads were stopped: 0,0001330 seconds, Stopping threads took: 0,0000391 seconds
2017-03-11T18:14:59.789+0100: 4,116: Total time for which application threads were stopped: 0,0001676 seconds, Stopping threads took: 0,0000593 seconds
2017-03-11T18:14:59.790+0100: 4,117: Total time for which application threads were stopped: 0,0000938 seconds, Stopping threads took: 0,0000303 seconds
2017-03-11T18:14:59.791+0100: 4,118: Total time for which application threads were stopped: 0,0000803 seconds, Stopping threads took: 0,0000171 seconds
2017-03-11T18:14:59.793+0100: 4,119: Total time for which application threads were stopped: 0,0000943 seconds, Stopping threads took: 0,0000174 seconds
2017-03-11T18:14:59.793+0100: 4,120: Total time for which application threads were stopped: 0,0001521 seconds, Stopping threads took: 0,0000154 seconds
2017-03-11T18:14:59.793+0100: 4,120: Total time for which application threads were stopped: 0,0000756 seconds, Stopping threads took: 0,0000148 seconds
2017-03-11T18:14:59.796+0100: 4,123: Total time for which application threads were stopped: 0,0001349 seconds, Stopping threads took: 0,0000626 seconds
2017-03-11T18:14:59.802+0100: 4,129: Total time for which application threads were stopped: 0,0017577 seconds, Stopping threads took: 0,0016788 seconds
2017-03-11T18:14:59.826+0100: 4,153: Total time for which application threads were stopped: 0,0001727 seconds, Stopping threads took: 0,0000329 seconds
2017-03-11T18:14:59.850+0100: 4,176: Total time for which application threads were stopped: 0,0017461 seconds, Stopping threads took: 0,0012829 seconds
2017-03-11T18:14:59.873+0100: 4,200: Total time for which application threads were stopped: 0,0001568 seconds, Stopping threads took: 0,0000435 seconds
2017-03-11T18:14:59.874+0100: 4,200: Total time for which application threads were stopped: 0,0003716 seconds, Stopping threads took: 0,0000161 seconds
2017-03-11T18:14:59.879+0100: 4,206: Total time for which application threads were stopped: 0,0001267 seconds, Stopping threads took: 0,0000440 seconds
2017-03-11T18:14:59.880+0100: 4,207: Total time for which application threads were stopped: 0,0000784 seconds, Stopping threads took: 0,0000148 seconds
2017-03-11T18:14:59.883+0100: 4,209: Total time for which application threads were stopped: 0,0001479 seconds, Stopping threads took: 0,0000599 seconds
2017-03-11T18:14:59.884+0100: 4,211: Total time for which application threads were stopped: 0,0000944 seconds, Stopping threads took: 0,0000203 seconds
2017-03-11T18:14:59.886+0100: 4,213: Total time for which application threads were stopped: 0,0000977 seconds, Stopping threads took: 0,0000281 seconds
2017-03-11T18:14:59.887+0100: 4,214: Total time for which application threads were stopped: 0,0000633 seconds, Stopping threads took: 0,0000145 seconds
2017-03-11T18:14:59.887+0100: 4,214: Total time for which application threads were stopped: 0,0000533 seconds, Stopping threads took: 0,0000116 seconds
2017-03-11T18:14:59.927+0100: 4,254: Total time for which application threads were stopped: 0,0004426 seconds, Stopping threads took: 0,0000170 seconds
2017-03-11T18:14:59.938+0100: 4,265: Total time for which application threads were stopped: 0,0001496 seconds, Stopping threads took: 0,0000362 seconds
2017-03-11T18:14:59.940+0100: 4,267: Total time for which application threads were stopped: 0,0001336 seconds, Stopping threads took: 0,0000335 seconds
2017-03-11T18:14:59.947+0100: 4,274: Total time for which application threads were stopped: 0,0001165 seconds, Stopping threads took: 0,0000405 seconds
2017-03-11T18:14:59.962+0100: 4,289: Total time for which application threads were stopped: 0,0001865 seconds, Stopping threads took: 0,0001039 seconds
2017-03-11T18:14:59.963+0100: 4,289: Total time for which application threads were stopped: 0,0000812 seconds, Stopping threads took: 0,0000233 seconds
2017-03-11T18:14:59.968+0100: 4,295: Total time for which application threads were stopped: 0,0055600 seconds, Stopping threads took: 0,0054453 seconds
2017-03-11T18:14:59.972+0100: 4,299: Total time for which application threads were stopped: 0,0022382 seconds, Stopping threads took: 0,0021332 seconds
2017-03-11T18:14:59.974+0100: 4,301: Total time for which application threads were stopped: 0,0003749 seconds, Stopping threads took: 0,0002337 seconds
2017-03-11T18:14:59.978+0100: 4,304: Total time for which application threads were stopped: 0,0021867 seconds, Stopping threads took: 0,0020754 seconds
2017-03-11T18:14:59.980+0100: 4,307: Total time for which application threads were stopped: 0,0001580 seconds, Stopping threads took: 0,0000429 seconds
2017-03-11T18:14:59.986+0100: 4,313: Total time for which application threads were stopped: 0,0006232 seconds, Stopping threads took: 0,0003614 seconds
2017-03-11T18:14:59.994+0100: 4,320: Total time for which application threads were stopped: 0,0001109 seconds, Stopping threads took: 0,0000380 seconds
2017-03-11T18:15:00.019+0100: 4,346: Total time for which application threads were stopped: 0,0131970 seconds, Stopping threads took: 0,0130831 seconds
2017-03-11T18:15:00.023+0100: 4,349: Total time for which application threads were stopped: 0,0001614 seconds, Stopping threads took: 0,0000421 seconds
2017-03-11T18:15:00.034+0100: 4,361: Total time for which application threads were stopped: 0,0001150 seconds, Stopping threads took: 0,0000173 seconds
2017-03-11T18:15:00.052+0100: 4,379: Total time for which application threads were stopped: 0,0001344 seconds, Stopping threads took: 0,0000271 seconds
2017-03-11T18:15:00.088+0100: 4,415: Total time for which application threads were stopped: 0,0002685 seconds, Stopping threads took: 0,0001524 seconds
2017-03-11T18:15:00.094+0100: 4,421: Total time for which application threads were stopped: 0,0002291 seconds, Stopping threads took: 0,0001054 seconds
2017-03-11T18:15:00.099+0100: 4,426: Total time for which application threads were stopped: 0,0002715 seconds, Stopping threads took: 0,0000434 seconds
2017-03-11T18:15:01.100+0100: 5,426: Total time for which application threads were stopped: 0,0000992 seconds, Stopping threads took: 0,0000175 seconds
2017-03-11T18:15:28.102+0100: 32,429: Total time for which application threads were stopped: 0,0000619 seconds, Stopping threads took: 0,0000151 seconds
2017-03-11T18:16:53.112+0100: 117,438: Total time for which application threads were stopped: 0,0000907 seconds, Stopping threads took: 0,0000392 seconds
2017-03-11T18:16:58.112+0100: 122,439: Total time for which application threads were stopped: 0,0000767 seconds, Stopping threads took: 0,0000190 seconds
2017-03-11T18:18:02.122+0100: 186,449: Total time for which application threads were stopped: 0,0000917 seconds, Stopping threads took: 0,0000377 seconds
2017-03-11T18:19:32.133+0100: 276,459: Total time for which application threads were stopped: 0,0001247 seconds, Stopping threads took: 0,0000457 seconds
2017-03-11T18:38:27.244+0100: 1411,571: Total time for which application threads were stopped: 0,0006595 seconds, Stopping threads took: 0,0003735 seconds
2017-03-11T18:43:12.271+0100: 1696,598: Total time for which application threads were stopped: 0,0000865 seconds, Stopping threads took: 0,0000285 seconds
2017-03-11T18:53:17.320+0100: 2301,647: Total time for which application threads were stopped: 0,0004563 seconds, Stopping threads took: 0,0001584 seconds
2017-03-11T18:53:18.320+0100: 2302,647: Total time for which application threads were stopped: 0,0000712 seconds, Stopping threads took: 0,0000155 seconds
2017-03-11T19:08:13.390+0100: 3197,717: Total time for which application threads were stopped: 0,0000914 seconds, Stopping threads took: 0,0000317 seconds
2017-03-11T19:20:22.451+0100: 3926,778: Total time for which application threads were stopped: 0,0000977 seconds, Stopping threads took: 0,0000355 seconds
2017-03-11T19:20:27.452+0100: 3931,779: Total time for which application threads were stopped: 0,0004555 seconds, Stopping threads took: 0,0001665 seconds
2017-03-11T19:21:27.458+0100: 3991,785: Total time for which application threads were stopped: 0,0001050 seconds, Stopping threads took: 0,0000344 seconds
2017-03-11T19:33:28.520+0100: 4712,847: Total time for which application threads were stopped: 0,0001020 seconds, Stopping threads took: 0,0000398 seconds
2017-03-11T19:33:43.521+0100: 4727,848: Total time for which application threads were stopped: 0,0000798 seconds, Stopping threads took: 0,0000167 seconds
2017-03-11T20:01:43.679+0100: 6408,006: Total time for which application threads were stopped: 0,0000952 seconds, Stopping threads took: 0,0000344 seconds
2017-03-11T20:15:27.779+0100: 7232,106: Total time for which application threads were stopped: 0,0000885 seconds, Stopping threads took: 0,0000388 seconds
2017-03-11T20:15:57.782+0100: 7262,109: Total time for which application threads were stopped: 0,0000836 seconds, Stopping threads took: 0,0000300 seconds
2017-03-11T20:16:27.786+0100: 7292,113: Total time for which application threads were stopped: 0,0000960 seconds, Stopping threads took: 0,0000301 seconds
2017-03-11T20:16:57.789+0100: 7322,115: Total time for which application threads were stopped: 0,0001091 seconds, Stopping threads took: 0,0000434 seconds
2017-03-11T20:22:57.827+0100: 7682,154: Total time for which application threads were stopped: 0,0000856 seconds, Stopping threads took: 0,0000337 seconds
2017-03-11T20:31:48.543+0100: 8212,870: Total time for which application threads were stopped: 0,0385326 seconds, Stopping threads took: 0,0384073 seconds
2017-03-11T20:31:48.547+0100: 8212,873: Total time for which application threads were stopped: 0,0004494 seconds, Stopping threads took: 0,0003513 seconds
2017-03-11T20:31:48.563+0100: 8212,890: Total time for which application threads were stopped: 0,0001092 seconds, Stopping threads took: 0,0000229 seconds
2017-03-11T20:31:48.564+0100: 8212,891: Total time for which application threads were stopped: 0,0001083 seconds, Stopping threads took: 0,0000215 seconds
2017-03-11T20:31:48.566+0100: 8212,893: Total time for which application threads were stopped: 0,0000992 seconds, Stopping threads took: 0,0000204 seconds
2017-03-11T20:31:48.567+0100: 8212,893: Total time for which application threads were stopped: 0,0000630 seconds, Stopping threads took: 0,0000131 seconds
2017-03-11T20:31:48.567+0100: 8212,894: Total time for which application threads were stopped: 0,0000783 seconds, Stopping threads took: 0,0000127 seconds
2017-03-11T20:31:48.567+0100: 8212,894: Total time for which application threads were stopped: 0,0000657 seconds, Stopping threads took: 0,0000118 seconds
2017-03-11T20:31:48.570+0100: 8212,897: Total time for which application threads were stopped: 0,0028248 seconds, Stopping threads took: 0,0026933 seconds
2017-03-11T20:31:48.572+0100: 8212,898: Total time for which application threads were stopped: 0,0001073 seconds, Stopping threads took: 0,0000260 seconds
2017-03-11T20:31:48.572+0100: 8212,899: Total time for which application threads were stopped: 0,0000690 seconds, Stopping threads took: 0,0000170 seconds
2017-03-11T20:31:48.572+0100: 8212,899: Total time for which application threads were stopped: 0,0000555 seconds, Stopping threads took: 0,0000087 seconds
2017-03-11T20:31:48.572+0100: 8212,899: Total time for which application threads were stopped: 0,0000567 seconds, Stopping threads took: 0,0000114 seconds
2017-03-11T20:31:48.573+0100: 8212,899: Total time for which application threads were stopped: 0,0000549 seconds, Stopping threads took: 0,0000103 seconds
2017-03-11T20:31:48.576+0100: 8212,902: Total time for which application threads were stopped: 0,0001171 seconds, Stopping threads took: 0,0000277 seconds
2017-03-11T20:31:48.576+0100: 8212,903: Total time for which application threads were stopped: 0,0004042 seconds, Stopping threads took: 0,0003283 seconds
2017-03-11T20:31:48.581+0100: 8212,908: Total time for which application threads were stopped: 0,0006632 seconds, Stopping threads took: 0,0005662 seconds
2017-03-11T20:31:48.584+0100: 8212,911: Total time for which application threads were stopped: 0,0007218 seconds, Stopping threads took: 0,0006455 seconds
2017-03-11T20:31:48.594+0100: 8212,921: Total time for which application threads were stopped: 0,0001750 seconds, Stopping threads took: 0,0000189 seconds
2017-03-11T20:31:48.595+0100: 8212,922: Total time for which application threads were stopped: 0,0000744 seconds, Stopping threads took: 0,0000175 seconds
2017-03-11T20:31:48.598+0100: 8212,925: Total time for which application threads were stopped: 0,0000883 seconds, Stopping threads took: 0,0000148 seconds
2017-03-11T20:31:48.601+0100: 8212,928: Total time for which application threads were stopped: 0,0000914 seconds, Stopping threads took: 0,0000168 seconds
2017-03-11T20:31:48.608+0100: 8212,935: Total time for which application threads were stopped: 0,0000799 seconds, Stopping threads took: 0,0000159 seconds
2017-03-11T20:31:48.608+0100: 8212,935: Total time for which application threads were stopped: 0,0000416 seconds, Stopping threads took: 0,0000055 seconds
2017-03-11T20:31:48.608+0100: 8212,935: Total time for which application threads were stopped: 0,0000362 seconds, Stopping threads took: 0,0000044 seconds
2017-03-11T20:31:48.610+0100: 8212,937: Total time for which application threads were stopped: 0,0000873 seconds, Stopping threads took: 0,0000148 seconds
2017-03-11T20:31:48.610+0100: 8212,937: Total time for which application threads were stopped: 0,0000447 seconds, Stopping threads took: 0,0000115 seconds
2017-03-11T20:31:48.613+0100: 8212,940: Total time for which application threads were stopped: 0,0034633 seconds, Stopping threads took: 0,0033807 seconds
2017-03-11T20:31:48.614+0100: 8212,940: Total time for which application threads were stopped: 0,0000519 seconds, Stopping threads took: 0,0000073 seconds
2017-03-11T20:31:48.622+0100: 8212,949: Total time for which application threads were stopped: 0,0001030 seconds, Stopping threads took: 0,0000222 seconds
2017-03-11T20:31:48.622+0100: 8212,949: Total time for which application threads were stopped: 0,0000483 seconds, Stopping threads took: 0,0000095 seconds
2017-03-11T20:31:48.623+0100: 8212,950: Total time for which application threads were stopped: 0,0000970 seconds, Stopping threads took: 0,0000244 seconds
2017-03-11T20:31:48.624+0100: 8212,951: Total time for which application threads were stopped: 0,0000834 seconds, Stopping threads took: 0,0000209 seconds
2017-03-11T20:31:48.624+0100: 8212,951: Total time for which application threads were stopped: 0,0000451 seconds, Stopping threads took: 0,0000065 seconds
2017-03-11T20:31:48.624+0100: 8212,951: Total time for which application threads were stopped: 0,0000364 seconds, Stopping threads took: 0,0000056 seconds
2017-03-11T20:31:48.624+0100: 8212,951: Total time for which application threads were stopped: 0,0000344 seconds, Stopping threads took: 0,0000048 seconds
2017-03-11T20:31:48.625+0100: 8212,952: Total time for which application threads were stopped: 0,0001641 seconds, Stopping threads took: 0,0000135 seconds
2017-03-11T20:31:48.625+0100: 8212,952: Total time for which application threads were stopped: 0,0000421 seconds, Stopping threads took: 0,0000065 seconds
2017-03-11T20:31:48.625+0100: 8212,952: Total time for which application threads were stopped: 0,0000371 seconds, Stopping threads took: 0,0000055 seconds
2017-03-11T20:31:48.625+0100: 8212,952: Total time for which application threads were stopped: 0,0000337 seconds, Stopping threads took: 0,0000049 seconds
2017-03-11T20:31:48.630+0100: 8212,957: Total time for which application threads were stopped: 0,0001117 seconds, Stopping threads took: 0,0000312 seconds
2017-03-11T20:31:48.631+0100: 8212,958: Total time for which application threads were stopped: 0,0013911 seconds, Stopping threads took: 0,0000060 seconds
2017-03-11T20:31:48.631+0100: 8212,958: Total time for which application threads were stopped: 0,0000483 seconds, Stopping threads took: 0,0000074 seconds
2017-03-11T20:31:48.632+0100: 8212,958: Total time for which application threads were stopped: 0,0000554 seconds, Stopping threads took: 0,0000186 seconds
2017-03-11T20:31:48.632+0100: 8212,958: Total time for which application threads were stopped: 0,0000368 seconds, Stopping threads took: 0,0000051 seconds
2017-03-11T20:31:48.632+0100: 8212,959: Total time for which application threads were stopped: 0,0000353 seconds, Stopping threads took: 0,0000051 seconds
2017-03-11T20:31:48.632+0100: 8212,959: Total time for which application threads were stopped: 0,0000474 seconds, Stopping threads took: 0,0000069 seconds
2017-03-11T20:31:48.632+0100: 8212,959: Total time for which application threads were stopped: 0,0000375 seconds, Stopping threads took: 0,0000051 seconds
2017-03-11T20:31:48.632+0100: 8212,959: Total time for which application threads were stopped: 0,0000351 seconds, Stopping threads took: 0,0000049 seconds
2017-03-11T20:31:48.633+0100: 8212,959: Total time for which application threads were stopped: 0,0000405 seconds, Stopping threads took: 0,0000062 seconds
2017-03-11T20:31:48.633+0100: 8212,959: Total time for which application threads were stopped: 0,0000352 seconds, Stopping threads took: 0,0000051 seconds
2017-03-11T20:31:48.633+0100: 8212,960: Total time for which application threads were stopped: 0,0001472 seconds, Stopping threads took: 0,0000051 seconds
2017-03-11T20:31:48.633+0100: 8212,960: Total time for which application threads were stopped: 0,0000439 seconds, Stopping threads took: 0,0000064 seconds
2017-03-11T20:31:48.634+0100: 8212,961: Total time for which application threads were stopped: 0,0001372 seconds, Stopping threads took: 0,0000383 seconds
2017-03-11T20:31:48.635+0100: 8212,962: Total time for which application threads were stopped: 0,0000794 seconds, Stopping threads took: 0,0000159 seconds
2017-03-11T20:31:48.636+0100: 8212,963: Total time for which application threads were stopped: 0,0000906 seconds, Stopping threads took: 0,0000130 seconds
Heap
 par new generation   total 109248K, used 87980K [0x00000000e0000000, 0x00000000e8000000, 0x00000000e8000000)
  eden space 87424K,  92% used [0x00000000e0000000, 0x00000000e4f60a88, 0x00000000e5560000)
  from space 21824K,  30% used [0x00000000e6ab0000, 0x00000000e713a740, 0x00000000e8000000)
  to   space 21824K,   0% used [0x00000000e5560000, 0x00000000e5560000, 0x00000000e6ab0000)
 concurrent mark-sweep generation total 393216K, used 5920K [0x00000000e8000000, 0x0000000100000000, 0x0000000100000000)
 Metaspace       used 28126K, capacity 28662K, committed 28796K, reserved 1075200K
  class space    used 3229K, capacity 3426K, committed 3452K, reserved 1048576K
