OpenJDK 64-Bit Server VM (25.121-b13) for linux-amd64 JRE (1.8.0_121-8u121-b13-0ubuntu1.16.04.2-b13), built on Jan 23 2017 15:51:29 by "buildd" with gcc 5.4.0 20160609
Memory: 4k page, physical 7867800k(7507840k free), swap 8076284k(8076284k free)
CommandLine flags: -XX:CMSInitiatingOccupancyFraction=50 -XX:CMSMaxAbortablePrecleanTime=6000 -XX:+CMSParallelRemarkEnabled -XX:+CMSScavengeBeforeRemark -XX:ConcGCThreads=4 -XX:InitialHeapSize=536870912 -XX:MaxHeapSize=536870912 -XX:MaxTenuringThreshold=8 -XX:NewRatio=3 -XX:OldPLABSize=16 -XX:OnOutOfMemoryError=/opt/solr/bin/oom_solr.sh 8983 /var/solr/logs -XX:ParallelGCThreads=4 -XX:+ParallelRefProcEnabled -XX:PretenureSizeThreshold=67108864 -XX:+PrintGC -XX:+PrintGCApplicationStoppedTime -XX:+PrintGCDateStamps -XX:+PrintGCDetails -XX:+PrintGCTimeStamps -XX:+PrintHeapAtGC -XX:+PrintTenuringDistribution -XX:SurvivorRatio=4 -XX:TargetSurvivorRatio=90 -XX:ThreadStackSize=256 -XX:+UseCMSInitiatingOccupancyOnly -XX:+UseCompressedClassPointers -XX:+UseCompressedOops -XX:+UseConcMarkSweepGC -XX:+UseParNewGC 
2017-02-13T13:42:47.749+0100: 0,149: Total time for which application threads were stopped: 0,0000661 seconds, Stopping threads took: 0,0000097 seconds
2017-02-13T13:42:47.840+0100: 0,239: Total time for which application threads were stopped: 0,0001092 seconds, Stopping threads took: 0,0000172 seconds
2017-02-13T13:42:47.858+0100: 0,257: Total time for which application threads were stopped: 0,0000780 seconds, Stopping threads took: 0,0000127 seconds
2017-02-13T13:42:48.084+0100: 0,483: Total time for which application threads were stopped: 0,0001815 seconds, Stopping threads took: 0,0000301 seconds
2017-02-13T13:42:48.582+0100: 0,981: Total time for which application threads were stopped: 0,0001529 seconds, Stopping threads took: 0,0000158 seconds
2017-02-13T13:42:48.648+0100: 1,047: Total time for which application threads were stopped: 0,0006226 seconds, Stopping threads took: 0,0000977 seconds
2017-02-13T13:42:48.679+0100: 1,078: Total time for which application threads were stopped: 0,0001905 seconds, Stopping threads took: 0,0000347 seconds
2017-02-13T13:42:48.929+0100: 1,329: Total time for which application threads were stopped: 0,0005138 seconds, Stopping threads took: 0,0000566 seconds
2017-02-13T13:42:49.143+0100: 1,542: Total time for which application threads were stopped: 0,0003298 seconds, Stopping threads took: 0,0000282 seconds
2017-02-13T13:42:49.168+0100: 1,567: Total time for which application threads were stopped: 0,0002156 seconds, Stopping threads took: 0,0000185 seconds
2017-02-13T13:42:49.205+0100: 1,604: Total time for which application threads were stopped: 0,0005450 seconds, Stopping threads took: 0,0000164 seconds
2017-02-13T13:42:49.209+0100: 1,608: Total time for which application threads were stopped: 0,0008374 seconds, Stopping threads took: 0,0001413 seconds
2017-02-13T13:42:49.228+0100: 1,627: Total time for which application threads were stopped: 0,0006232 seconds, Stopping threads took: 0,0000275 seconds
2017-02-13T13:42:49.312+0100: 1,711: Total time for which application threads were stopped: 0,0002315 seconds, Stopping threads took: 0,0000216 seconds
2017-02-13T13:42:49.460+0100: 1,859: Total time for which application threads were stopped: 0,0002427 seconds, Stopping threads took: 0,0000261 seconds
{Heap before GC invocations=0 (full 0):
 par new generation   total 109248K, used 87424K [0x00000000e0000000, 0x00000000e8000000, 0x00000000e8000000)
  eden space 87424K, 100% used [0x00000000e0000000, 0x00000000e5560000, 0x00000000e5560000)
  from space 21824K,   0% used [0x00000000e5560000, 0x00000000e5560000, 0x00000000e6ab0000)
  to   space 21824K,   0% used [0x00000000e6ab0000, 0x00000000e6ab0000, 0x00000000e8000000)
 concurrent mark-sweep generation total 393216K, used 0K [0x00000000e8000000, 0x0000000100000000, 0x0000000100000000)
 Metaspace       used 17798K, capacity 18112K, committed 18304K, reserved 1064960K
  class space    used 2024K, capacity 2164K, committed 2176K, reserved 1048576K
2017-02-13T13:42:49.489+0100: 1,888: [GC (Allocation Failure) 2017-02-13T13:42:49.489+0100: 1,888: [ParNew
Desired survivor size 20112992 bytes, new threshold 8 (max 8)
- age   1:   11472344 bytes,   11472344 total
: 87424K->11315K(109248K), 0,0142675 secs] 87424K->11315K(502464K), 0,0143491 secs] [Times: user=0,03 sys=0,02, real=0,01 secs] 
Heap after GC invocations=1 (full 0):
 par new generation   total 109248K, used 11315K [0x00000000e0000000, 0x00000000e8000000, 0x00000000e8000000)
  eden space 87424K,   0% used [0x00000000e0000000, 0x00000000e0000000, 0x00000000e5560000)
  from space 21824K,  51% used [0x00000000e6ab0000, 0x00000000e75bcfa0, 0x00000000e8000000)
  to   space 21824K,   0% used [0x00000000e5560000, 0x00000000e5560000, 0x00000000e6ab0000)
 concurrent mark-sweep generation total 393216K, used 0K [0x00000000e8000000, 0x0000000100000000, 0x0000000100000000)
 Metaspace       used 17798K, capacity 18112K, committed 18304K, reserved 1064960K
  class space    used 2024K, capacity 2164K, committed 2176K, reserved 1048576K
}
2017-02-13T13:42:49.503+0100: 1,902: Total time for which application threads were stopped: 0,0151503 seconds, Stopping threads took: 0,0006532 seconds
2017-02-13T13:42:49.852+0100: 2,251: Total time for which application threads were stopped: 0,0003943 seconds, Stopping threads took: 0,0000773 seconds
{Heap before GC invocations=1 (full 0):
 par new generation   total 109248K, used 98739K [0x00000000e0000000, 0x00000000e8000000, 0x00000000e8000000)
  eden space 87424K, 100% used [0x00000000e0000000, 0x00000000e5560000, 0x00000000e5560000)
  from space 21824K,  51% used [0x00000000e6ab0000, 0x00000000e75bcfa0, 0x00000000e8000000)
  to   space 21824K,   0% used [0x00000000e5560000, 0x00000000e5560000, 0x00000000e6ab0000)
 concurrent mark-sweep generation total 393216K, used 0K [0x00000000e8000000, 0x0000000100000000, 0x0000000100000000)
 Metaspace       used 20010K, capacity 20346K, committed 20736K, reserved 1067008K
  class space    used 2291K, capacity 2463K, committed 2560K, reserved 1048576K
2017-02-13T13:42:49.898+0100: 2,297: [GC (Allocation Failure) 2017-02-13T13:42:49.898+0100: 2,297: [ParNew
Desired survivor size 20112992 bytes, new threshold 8 (max 8)
- age   1:    4464992 bytes,    4464992 total
- age   2:    6051208 bytes,   10516200 total
: 98739K->14447K(109248K), 0,0118953 secs] 98739K->14447K(502464K), 0,0119647 secs] [Times: user=0,04 sys=0,01, real=0,02 secs] 
Heap after GC invocations=2 (full 0):
 par new generation   total 109248K, used 14447K [0x00000000e0000000, 0x00000000e8000000, 0x00000000e8000000)
  eden space 87424K,   0% used [0x00000000e0000000, 0x00000000e0000000, 0x00000000e5560000)
  from space 21824K,  66% used [0x00000000e5560000, 0x00000000e637bc00, 0x00000000e6ab0000)
  to   space 21824K,   0% used [0x00000000e6ab0000, 0x00000000e6ab0000, 0x00000000e8000000)
 concurrent mark-sweep generation total 393216K, used 0K [0x00000000e8000000, 0x0000000100000000, 0x0000000100000000)
 Metaspace       used 20010K, capacity 20346K, committed 20736K, reserved 1067008K
  class space    used 2291K, capacity 2463K, committed 2560K, reserved 1048576K
}
2017-02-13T13:42:49.910+0100: 2,309: Total time for which application threads were stopped: 0,0123652 seconds, Stopping threads took: 0,0002500 seconds
2017-02-13T13:42:49.927+0100: 2,326: Total time for which application threads were stopped: 0,0003517 seconds, Stopping threads took: 0,0000470 seconds
2017-02-13T13:42:49.972+0100: 2,371: Total time for which application threads were stopped: 0,0003706 seconds, Stopping threads took: 0,0000553 seconds
2017-02-13T13:42:50.117+0100: 2,516: Total time for which application threads were stopped: 0,0001542 seconds, Stopping threads took: 0,0000284 seconds
{Heap before GC invocations=2 (full 0):
 par new generation   total 109248K, used 101871K [0x00000000e0000000, 0x00000000e8000000, 0x00000000e8000000)
  eden space 87424K, 100% used [0x00000000e0000000, 0x00000000e5560000, 0x00000000e5560000)
  from space 21824K,  66% used [0x00000000e5560000, 0x00000000e637bc00, 0x00000000e6ab0000)
  to   space 21824K,   0% used [0x00000000e6ab0000, 0x00000000e6ab0000, 0x00000000e8000000)
 concurrent mark-sweep generation total 393216K, used 0K [0x00000000e8000000, 0x0000000100000000, 0x0000000100000000)
 Metaspace       used 20952K, capacity 21268K, committed 21628K, reserved 1069056K
  class space    used 2413K, capacity 2582K, committed 2684K, reserved 1048576K
2017-02-13T13:42:50.148+0100: 2,548: [GC (Allocation Failure) 2017-02-13T13:42:50.148+0100: 2,548: [ParNew
Desired survivor size 20112992 bytes, new threshold 8 (max 8)
- age   1:    2094728 bytes,    2094728 total
- age   2:    1422992 bytes,    3517720 total
- age   3:    6047736 bytes,    9565456 total
: 101871K->11312K(109248K), 0,0176400 secs] 101871K->11312K(502464K), 0,0177256 secs] [Times: user=0,07 sys=0,00, real=0,01 secs] 
Heap after GC invocations=3 (full 0):
 par new generation   total 109248K, used 11312K [0x00000000e0000000, 0x00000000e8000000, 0x00000000e8000000)
  eden space 87424K,   0% used [0x00000000e0000000, 0x00000000e0000000, 0x00000000e5560000)
  from space 21824K,  51% used [0x00000000e6ab0000, 0x00000000e75bc240, 0x00000000e8000000)
  to   space 21824K,   0% used [0x00000000e5560000, 0x00000000e5560000, 0x00000000e6ab0000)
 concurrent mark-sweep generation total 393216K, used 0K [0x00000000e8000000, 0x0000000100000000, 0x0000000100000000)
 Metaspace       used 20952K, capacity 21268K, committed 21628K, reserved 1069056K
  class space    used 2413K, capacity 2582K, committed 2684K, reserved 1048576K
}
2017-02-13T13:42:50.166+0100: 2,565: Total time for which application threads were stopped: 0,0180090 seconds, Stopping threads took: 0,0001319 seconds
2017-02-13T13:42:50.169+0100: 2,568: [GC (CMS Initial Mark) [1 CMS-initial-mark: 0K(393216K)] 14106K(502464K), 0,0039682 secs] [Times: user=0,01 sys=0,00, real=0,00 secs] 
2017-02-13T13:42:50.173+0100: 2,572: Total time for which application threads were stopped: 0,0041631 seconds, Stopping threads took: 0,0000957 seconds
2017-02-13T13:42:50.173+0100: 2,572: [CMS-concurrent-mark-start]
2017-02-13T13:42:50.174+0100: 2,573: [CMS-concurrent-mark: 0,000/0,000 secs] [Times: user=0,00 sys=0,00, real=0,00 secs] 
2017-02-13T13:42:50.174+0100: 2,573: [CMS-concurrent-preclean-start]
2017-02-13T13:42:50.175+0100: 2,574: [CMS-concurrent-preclean: 0,001/0,001 secs] [Times: user=0,01 sys=0,00, real=0,00 secs] 
2017-02-13T13:42:50.175+0100: 2,574: [CMS-concurrent-abortable-preclean-start]
2017-02-13T13:42:50.248+0100: 2,647: Total time for which application threads were stopped: 0,0001290 seconds, Stopping threads took: 0,0000215 seconds
{Heap before GC invocations=3 (full 1):
 par new generation   total 109248K, used 98736K [0x00000000e0000000, 0x00000000e8000000, 0x00000000e8000000)
  eden space 87424K, 100% used [0x00000000e0000000, 0x00000000e5560000, 0x00000000e5560000)
  from space 21824K,  51% used [0x00000000e6ab0000, 0x00000000e75bc240, 0x00000000e8000000)
  to   space 21824K,   0% used [0x00000000e5560000, 0x00000000e5560000, 0x00000000e6ab0000)
 concurrent mark-sweep generation total 393216K, used 0K [0x00000000e8000000, 0x0000000100000000, 0x0000000100000000)
 Metaspace       used 21234K, capacity 21600K, committed 21884K, reserved 1069056K
  class space    used 2443K, capacity 2596K, committed 2684K, reserved 1048576K
2017-02-13T13:42:50.276+0100: 2,676: [GC (Allocation Failure) 2017-02-13T13:42:50.277+0100: 2,676: [ParNew
Desired survivor size 20112992 bytes, new threshold 8 (max 8)
- age   1:    1107080 bytes,    1107080 total
- age   2:    1476848 bytes,    2583928 total
- age   3:    1386232 bytes,    3970160 total
- age   4:    6047568 bytes,   10017728 total
: 98736K->16839K(109248K), 0,0096451 secs] 98736K->16839K(502464K), 0,0097346 secs] [Times: user=0,04 sys=0,00, real=0,02 secs] 
Heap after GC invocations=4 (full 1):
 par new generation   total 109248K, used 16839K [0x00000000e0000000, 0x00000000e8000000, 0x00000000e8000000)
  eden space 87424K,   0% used [0x00000000e0000000, 0x00000000e0000000, 0x00000000e5560000)
  from space 21824K,  77% used [0x00000000e5560000, 0x00000000e65d1e80, 0x00000000e6ab0000)
  to   space 21824K,   0% used [0x00000000e6ab0000, 0x00000000e6ab0000, 0x00000000e8000000)
 concurrent mark-sweep generation total 393216K, used 0K [0x00000000e8000000, 0x0000000100000000, 0x0000000100000000)
 Metaspace       used 21234K, capacity 21600K, committed 21884K, reserved 1069056K
  class space    used 2443K, capacity 2596K, committed 2684K, reserved 1048576K
}
2017-02-13T13:42:50.286+0100: 2,685: Total time for which application threads were stopped: 0,0113119 seconds, Stopping threads took: 0,0014433 seconds
2017-02-13T13:42:50.286+0100: 2,685: [CMS-concurrent-abortable-preclean: 0,074/0,111 secs] [Times: user=0,39 sys=0,01, real=0,12 secs] 
2017-02-13T13:42:50.287+0100: 2,686: [GC (CMS Final Remark) [YG occupancy: 18161 K (109248 K)]{Heap before GC invocations=4 (full 1):
 par new generation   total 109248K, used 18161K [0x00000000e0000000, 0x00000000e8000000, 0x00000000e8000000)
  eden space 87424K,   1% used [0x00000000e0000000, 0x00000000e014a620, 0x00000000e5560000)
  from space 21824K,  77% used [0x00000000e5560000, 0x00000000e65d1e80, 0x00000000e6ab0000)
  to   space 21824K,   0% used [0x00000000e6ab0000, 0x00000000e6ab0000, 0x00000000e8000000)
 concurrent mark-sweep generation total 393216K, used 0K [0x00000000e8000000, 0x0000000100000000, 0x0000000100000000)
 Metaspace       used 21234K, capacity 21600K, committed 21884K, reserved 1069056K
  class space    used 2443K, capacity 2596K, committed 2684K, reserved 1048576K
2017-02-13T13:42:50.287+0100: 2,686: [GC (CMS Final Remark) 2017-02-13T13:42:50.287+0100: 2,686: [ParNew
Desired survivor size 20112992 bytes, new threshold 8 (max 8)
- age   1:     189120 bytes,     189120 total
- age   2:     869288 bytes,    1058408 total
- age   3:    1476848 bytes,    2535256 total
- age   4:    1386232 bytes,    3921488 total
- age   5:    6047704 bytes,    9969192 total
: 18161K->12514K(109248K), 0,0098090 secs] 18161K->12514K(502464K), 0,0098487 secs] [Times: user=0,03 sys=0,00, real=0,00 secs] 
Heap after GC invocations=5 (full 1):
 par new generation   total 109248K, used 12514K [0x00000000e0000000, 0x00000000e8000000, 0x00000000e8000000)
  eden space 87424K,   0% used [0x00000000e0000000, 0x00000000e0000000, 0x00000000e5560000)
  from space 21824K,  57% used [0x00000000e6ab0000, 0x00000000e76e8990, 0x00000000e8000000)
  to   space 21824K,   0% used [0x00000000e5560000, 0x00000000e5560000, 0x00000000e6ab0000)
 concurrent mark-sweep generation total 393216K, used 0K [0x00000000e8000000, 0x0000000100000000, 0x0000000100000000)
 Metaspace       used 21234K, capacity 21600K, committed 21884K, reserved 1069056K
  class space    used 2443K, capacity 2596K, committed 2684K, reserved 1048576K
}
2017-02-13T13:42:50.297+0100: 2,696: [Rescan (parallel) , 0,0047991 secs]2017-02-13T13:42:50.302+0100: 2,701: [weak refs processing, 0,0010377 secs]2017-02-13T13:42:50.303+0100: 2,702: [class unloading, 0,0028629 secs]2017-02-13T13:42:50.306+0100: 2,705: [scrub symbol table, 0,0026457 secs]2017-02-13T13:42:50.308+0100: 2,707: [scrub string table, 0,0004056 secs][1 CMS-remark: 0K(393216K)] 12514K(502464K), 0,0222667 secs] [Times: user=0,06 sys=0,00, real=0,02 secs] 
2017-02-13T13:42:50.309+0100: 2,708: Total time for which application threads were stopped: 0,0224220 seconds, Stopping threads took: 0,0000818 seconds
2017-02-13T13:42:50.309+0100: 2,708: [CMS-concurrent-sweep-start]
2017-02-13T13:42:50.309+0100: 2,708: [CMS-concurrent-sweep: 0,000/0,000 secs] [Times: user=0,00 sys=0,00, real=0,00 secs] 
2017-02-13T13:42:50.309+0100: 2,708: [CMS-concurrent-reset-start]
2017-02-13T13:42:50.312+0100: 2,711: [CMS-concurrent-reset: 0,002/0,002 secs] [Times: user=0,00 sys=0,01, real=0,00 secs] 
{Heap before GC invocations=5 (full 1):
 par new generation   total 109248K, used 99938K [0x00000000e0000000, 0x00000000e8000000, 0x00000000e8000000)
  eden space 87424K, 100% used [0x00000000e0000000, 0x00000000e5560000, 0x00000000e5560000)
  from space 21824K,  57% used [0x00000000e6ab0000, 0x00000000e76e8990, 0x00000000e8000000)
  to   space 21824K,   0% used [0x00000000e5560000, 0x00000000e5560000, 0x00000000e6ab0000)
 concurrent mark-sweep generation total 393216K, used 0K [0x00000000e8000000, 0x0000000100000000, 0x0000000100000000)
 Metaspace       used 21373K, capacity 21766K, committed 21884K, reserved 1069056K
  class space    used 2464K, capacity 2629K, committed 2684K, reserved 1048576K
2017-02-13T13:42:50.395+0100: 2,794: [GC (Allocation Failure) 2017-02-13T13:42:50.395+0100: 2,794: [ParNew
Desired survivor size 20112992 bytes, new threshold 8 (max 8)
- age   1:     595232 bytes,     595232 total
- age   3:     177392 bytes,     772624 total
- age   4:    1476480 bytes,    2249104 total
- age   5:    1386120 bytes,    3635224 total
- age   6:    6047840 bytes,    9683064 total
: 99938K->10549K(109248K), 0,0113772 secs] 99938K->10549K(502464K), 0,0114573 secs] [Times: user=0,04 sys=0,00, real=0,02 secs] 
Heap after GC invocations=6 (full 1):
 par new generation   total 109248K, used 10549K [0x00000000e0000000, 0x00000000e8000000, 0x00000000e8000000)
  eden space 87424K,   0% used [0x00000000e0000000, 0x00000000e0000000, 0x00000000e5560000)
  from space 21824K,  48% used [0x00000000e5560000, 0x00000000e5fad440, 0x00000000e6ab0000)
  to   space 21824K,   0% used [0x00000000e6ab0000, 0x00000000e6ab0000, 0x00000000e8000000)
 concurrent mark-sweep generation total 393216K, used 0K [0x00000000e8000000, 0x0000000100000000, 0x0000000100000000)
 Metaspace       used 21373K, capacity 21766K, committed 21884K, reserved 1069056K
  class space    used 2464K, capacity 2629K, committed 2684K, reserved 1048576K
}
2017-02-13T13:42:50.407+0100: 2,806: Total time for which application threads were stopped: 0,0116991 seconds, Stopping threads took: 0,0001037 seconds
2017-02-13T13:42:50.464+0100: 2,863: Total time for which application threads were stopped: 0,0005388 seconds, Stopping threads took: 0,0000418 seconds
2017-02-13T13:42:50.681+0100: 3,080: Total time for which application threads were stopped: 0,0004426 seconds, Stopping threads took: 0,0000367 seconds
2017-02-13T13:42:50.706+0100: 3,105: Total time for which application threads were stopped: 0,0004662 seconds, Stopping threads took: 0,0000492 seconds
2017-02-13T13:42:50.745+0100: 3,144: Total time for which application threads were stopped: 0,0004045 seconds, Stopping threads took: 0,0000394 seconds
{Heap before GC invocations=6 (full 1):
 par new generation   total 109248K, used 97973K [0x00000000e0000000, 0x00000000e8000000, 0x00000000e8000000)
  eden space 87424K, 100% used [0x00000000e0000000, 0x00000000e5560000, 0x00000000e5560000)
  from space 21824K,  48% used [0x00000000e5560000, 0x00000000e5fad440, 0x00000000e6ab0000)
  to   space 21824K,   0% used [0x00000000e6ab0000, 0x00000000e6ab0000, 0x00000000e8000000)
 concurrent mark-sweep generation total 393216K, used 0K [0x00000000e8000000, 0x0000000100000000, 0x0000000100000000)
 Metaspace       used 24889K, capacity 25274K, committed 25468K, reserved 1071104K
  class space    used 2899K, capacity 3071K, committed 3196K, reserved 1048576K
2017-02-13T13:42:51.112+0100: 3,511: [GC (Allocation Failure) 2017-02-13T13:42:51.112+0100: 3,511: [ParNew
Desired survivor size 20112992 bytes, new threshold 8 (max 8)
- age   1:    5029552 bytes,    5029552 total
- age   2:     131416 bytes,    5160968 total
- age   4:     168424 bytes,    5329392 total
- age   5:     304392 bytes,    5633784 total
- age   6:    1366040 bytes,    6999824 total
- age   7:    6041424 bytes,   13041248 total
: 97973K->16103K(109248K), 0,0378135 secs] 97973K->16103K(502464K), 0,0378905 secs] [Times: user=0,07 sys=0,00, real=0,04 secs] 
Heap after GC invocations=7 (full 1):
 par new generation   total 109248K, used 16103K [0x00000000e0000000, 0x00000000e8000000, 0x00000000e8000000)
  eden space 87424K,   0% used [0x00000000e0000000, 0x00000000e0000000, 0x00000000e5560000)
  from space 21824K,  73% used [0x00000000e6ab0000, 0x00000000e7a69c08, 0x00000000e8000000)
  to   space 21824K,   0% used [0x00000000e5560000, 0x00000000e5560000, 0x00000000e6ab0000)
 concurrent mark-sweep generation total 393216K, used 0K [0x00000000e8000000, 0x0000000100000000, 0x0000000100000000)
 Metaspace       used 24889K, capacity 25274K, committed 25468K, reserved 1071104K
  class space    used 2899K, capacity 3071K, committed 3196K, reserved 1048576K
}
2017-02-13T13:42:51.150+0100: 3,549: Total time for which application threads were stopped: 0,0383195 seconds, Stopping threads took: 0,0000228 seconds
2017-02-13T13:42:51.398+0100: 3,798: Total time for which application threads were stopped: 0,0005496 seconds, Stopping threads took: 0,0000436 seconds
2017-02-13T13:42:51.416+0100: 3,815: Total time for which application threads were stopped: 0,0005529 seconds, Stopping threads took: 0,0000459 seconds
2017-02-13T13:42:51.485+0100: 3,884: Total time for which application threads were stopped: 0,0005646 seconds, Stopping threads took: 0,0000486 seconds
2017-02-13T13:42:51.657+0100: 4,056: Total time for which application threads were stopped: 0,0003924 seconds, Stopping threads took: 0,0000285 seconds
2017-02-13T13:42:54.658+0100: 7,058: Total time for which application threads were stopped: 0,0000768 seconds, Stopping threads took: 0,0000192 seconds
2017-02-13T13:43:19.662+0100: 32,061: Total time for which application threads were stopped: 0,0000848 seconds, Stopping threads took: 0,0000188 seconds
2017-02-13T13:44:54.674+0100: 127,074: Total time for which application threads were stopped: 0,0000817 seconds, Stopping threads took: 0,0000319 seconds
2017-02-13T13:45:04.676+0100: 137,075: Total time for which application threads were stopped: 0,0001424 seconds, Stopping threads took: 0,0000323 seconds
2017-02-13T13:45:53.684+0100: 186,083: Total time for which application threads were stopped: 0,0001818 seconds, Stopping threads took: 0,0000748 seconds
2017-02-13T13:47:23.696+0100: 276,095: Total time for which application threads were stopped: 0,0001829 seconds, Stopping threads took: 0,0000751 seconds
2017-02-13T15:02:08.148+0100: 711,960: Total time for which application threads were stopped: 0,0000935 seconds, Stopping threads took: 0,0000380 seconds
2017-02-13T15:02:58.155+0100: 761,968: Total time for which application threads were stopped: 0,0000913 seconds, Stopping threads took: 0,0000315 seconds
2017-02-13T15:03:08.157+0100: 771,969: Total time for which application threads were stopped: 0,0000658 seconds, Stopping threads took: 0,0000153 seconds
2017-02-13T15:03:33.161+0100: 796,974: Total time for which application threads were stopped: 0,0001019 seconds, Stopping threads took: 0,0000350 seconds
2017-02-13T15:03:38.162+0100: 801,974: Total time for which application threads were stopped: 0,0000662 seconds, Stopping threads took: 0,0000145 seconds
2017-02-13T15:11:18.233+0100: 1262,046: Total time for which application threads were stopped: 0,0000835 seconds, Stopping threads took: 0,0000295 seconds
2017-02-13T15:11:48.236+0100: 1292,049: Total time for which application threads were stopped: 0,0000857 seconds, Stopping threads took: 0,0000293 seconds
2017-02-13T15:14:12.253+0100: 1436,066: Total time for which application threads were stopped: 0,0000762 seconds, Stopping threads took: 0,0000309 seconds
2017-02-13T15:18:47.290+0100: 1711,103: Total time for which application threads were stopped: 0,0000951 seconds, Stopping threads took: 0,0000361 seconds
2017-02-13T15:30:03.375+0100: 2387,188: Total time for which application threads were stopped: 0,0001634 seconds, Stopping threads took: 0,0000560 seconds
2017-02-13T15:30:07.376+0100: 2391,189: Total time for which application threads were stopped: 0,0001514 seconds, Stopping threads took: 0,0000315 seconds
2017-02-13T15:30:13.030+0100: 2396,843: Total time for which application threads were stopped: 0,0095540 seconds, Stopping threads took: 0,0093642 seconds
2017-02-13T15:30:13.083+0100: 2396,896: Total time for which application threads were stopped: 0,0004246 seconds, Stopping threads took: 0,0003131 seconds
2017-02-13T15:30:13.087+0100: 2396,900: Total time for which application threads were stopped: 0,0001591 seconds, Stopping threads took: 0,0000646 seconds
2017-02-13T15:30:13.103+0100: 2396,916: Total time for which application threads were stopped: 0,0001549 seconds, Stopping threads took: 0,0000217 seconds
Heap
 par new generation   total 109248K, used 91222K [0x00000000e0000000, 0x00000000e8000000, 0x00000000e8000000)
  eden space 87424K,  85% used [0x00000000e0000000, 0x00000000e495bea0, 0x00000000e5560000)
  from space 21824K,  73% used [0x00000000e6ab0000, 0x00000000e7a69c08, 0x00000000e8000000)
  to   space 21824K,   0% used [0x00000000e5560000, 0x00000000e5560000, 0x00000000e6ab0000)
 concurrent mark-sweep generation total 393216K, used 0K [0x00000000e8000000, 0x0000000100000000, 0x0000000100000000)
 Metaspace       used 28036K, capacity 28522K, committed 28796K, reserved 1075200K
  class space    used 3223K, capacity 3383K, committed 3452K, reserved 1048576K
