OpenJDK 64-Bit Server VM (25.121-b13) for linux-amd64 JRE (1.8.0_121-8u121-b13-0ubuntu1.16.04.2-b13), built on Jan 23 2017 15:51:29 by "buildd" with gcc 5.4.0 20160609
Memory: 4k page, physical 7867764k(7418992k free), swap 8076284k(8076284k free)
CommandLine flags: -XX:CMSInitiatingOccupancyFraction=50 -XX:CMSMaxAbortablePrecleanTime=6000 -XX:+CMSParallelRemarkEnabled -XX:+CMSScavengeBeforeRemark -XX:ConcGCThreads=4 -XX:InitialHeapSize=536870912 -XX:MaxHeapSize=536870912 -XX:MaxTenuringThreshold=8 -XX:NewRatio=3 -XX:OldPLABSize=16 -XX:OnOutOfMemoryError=/opt/solr/bin/oom_solr.sh 8983 /var/solr/logs -XX:ParallelGCThreads=4 -XX:+ParallelRefProcEnabled -XX:PretenureSizeThreshold=67108864 -XX:+PrintGC -XX:+PrintGCApplicationStoppedTime -XX:+PrintGCDateStamps -XX:+PrintGCDetails -XX:+PrintGCTimeStamps -XX:+PrintHeapAtGC -XX:+PrintTenuringDistribution -XX:SurvivorRatio=4 -XX:TargetSurvivorRatio=90 -XX:ThreadStackSize=256 -XX:+UseCMSInitiatingOccupancyOnly -XX:+UseCompressedClassPointers -XX:+UseCompressedOops -XX:+UseConcMarkSweepGC -XX:+UseParNewGC 
2017-04-11T16:08:03.877+0200: 0,159: Total time for which application threads were stopped: 0,0000711 seconds, Stopping threads took: 0,0000100 seconds
2017-04-11T16:08:03.978+0200: 0,260: Total time for which application threads were stopped: 0,0001280 seconds, Stopping threads took: 0,0000235 seconds
2017-04-11T16:08:04.000+0200: 0,283: Total time for which application threads were stopped: 0,0001216 seconds, Stopping threads took: 0,0000473 seconds
2017-04-11T16:08:04.309+0200: 0,592: Total time for which application threads were stopped: 0,0001732 seconds, Stopping threads took: 0,0000182 seconds
2017-04-11T16:08:04.739+0200: 1,022: Total time for which application threads were stopped: 0,0001726 seconds, Stopping threads took: 0,0000230 seconds
2017-04-11T16:08:04.831+0200: 1,113: Total time for which application threads were stopped: 0,0001205 seconds, Stopping threads took: 0,0000127 seconds
2017-04-11T16:08:04.848+0200: 1,130: Total time for which application threads were stopped: 0,0001503 seconds, Stopping threads took: 0,0000184 seconds
2017-04-11T16:08:05.112+0200: 1,395: Total time for which application threads were stopped: 0,0001685 seconds, Stopping threads took: 0,0000227 seconds
2017-04-11T16:08:05.347+0200: 1,630: Total time for which application threads were stopped: 0,0002141 seconds, Stopping threads took: 0,0000325 seconds
2017-04-11T16:08:05.368+0200: 1,651: Total time for which application threads were stopped: 0,0001781 seconds, Stopping threads took: 0,0000188 seconds
2017-04-11T16:08:05.404+0200: 1,687: Total time for which application threads were stopped: 0,0002336 seconds, Stopping threads took: 0,0000235 seconds
2017-04-11T16:08:05.406+0200: 1,689: Total time for which application threads were stopped: 0,0010215 seconds, Stopping threads took: 0,0001475 seconds
2017-04-11T16:08:05.426+0200: 1,709: Total time for which application threads were stopped: 0,0008687 seconds, Stopping threads took: 0,0001040 seconds
2017-04-11T16:08:05.519+0200: 1,802: Total time for which application threads were stopped: 0,0002470 seconds, Stopping threads took: 0,0000209 seconds
2017-04-11T16:08:05.684+0200: 1,967: Total time for which application threads were stopped: 0,0002306 seconds, Stopping threads took: 0,0000193 seconds
{Heap before GC invocations=0 (full 0):
 par new generation   total 109248K, used 87424K [0x00000000e0000000, 0x00000000e8000000, 0x00000000e8000000)
  eden space 87424K, 100% used [0x00000000e0000000, 0x00000000e5560000, 0x00000000e5560000)
  from space 21824K,   0% used [0x00000000e5560000, 0x00000000e5560000, 0x00000000e6ab0000)
  to   space 21824K,   0% used [0x00000000e6ab0000, 0x00000000e6ab0000, 0x00000000e8000000)
 concurrent mark-sweep generation total 393216K, used 0K [0x00000000e8000000, 0x0000000100000000, 0x0000000100000000)
 Metaspace       used 17810K, capacity 18112K, committed 18304K, reserved 1064960K
  class space    used 2023K, capacity 2164K, committed 2176K, reserved 1048576K
2017-04-11T16:08:05.717+0200: 2,000: [GC (Allocation Failure) 2017-04-11T16:08:05.717+0200: 2,000: [ParNew
Desired survivor size 20112992 bytes, new threshold 8 (max 8)
- age   1:   11501352 bytes,   11501352 total
: 87424K->11344K(109248K), 0,0140416 secs] 87424K->11344K(502464K), 0,0141141 secs] [Times: user=0,04 sys=0,00, real=0,02 secs] 
Heap after GC invocations=1 (full 0):
 par new generation   total 109248K, used 11344K [0x00000000e0000000, 0x00000000e8000000, 0x00000000e8000000)
  eden space 87424K,   0% used [0x00000000e0000000, 0x00000000e0000000, 0x00000000e5560000)
  from space 21824K,  51% used [0x00000000e6ab0000, 0x00000000e75c40a0, 0x00000000e8000000)
  to   space 21824K,   0% used [0x00000000e5560000, 0x00000000e5560000, 0x00000000e6ab0000)
 concurrent mark-sweep generation total 393216K, used 0K [0x00000000e8000000, 0x0000000100000000, 0x0000000100000000)
 Metaspace       used 17810K, capacity 18112K, committed 18304K, reserved 1064960K
  class space    used 2023K, capacity 2164K, committed 2176K, reserved 1048576K
}
2017-04-11T16:08:05.731+0200: 2,014: Total time for which application threads were stopped: 0,0143104 seconds, Stopping threads took: 0,0000385 seconds
2017-04-11T16:08:06.088+0200: 2,371: Total time for which application threads were stopped: 0,0003082 seconds, Stopping threads took: 0,0000339 seconds
{Heap before GC invocations=1 (full 0):
 par new generation   total 109248K, used 98768K [0x00000000e0000000, 0x00000000e8000000, 0x00000000e8000000)
  eden space 87424K, 100% used [0x00000000e0000000, 0x00000000e5560000, 0x00000000e5560000)
  from space 21824K,  51% used [0x00000000e6ab0000, 0x00000000e75c40a0, 0x00000000e8000000)
  to   space 21824K,   0% used [0x00000000e5560000, 0x00000000e5560000, 0x00000000e6ab0000)
 concurrent mark-sweep generation total 393216K, used 0K [0x00000000e8000000, 0x0000000100000000, 0x0000000100000000)
 Metaspace       used 20022K, capacity 20358K, committed 20736K, reserved 1067008K
  class space    used 2293K, capacity 2467K, committed 2560K, reserved 1048576K
2017-04-11T16:08:06.126+0200: 2,409: [GC (Allocation Failure) 2017-04-11T16:08:06.126+0200: 2,409: [ParNew
Desired survivor size 20112992 bytes, new threshold 8 (max 8)
- age   1:    4282768 bytes,    4282768 total
- age   2:    6083176 bytes,   10365944 total
: 98768K->14447K(109248K), 0,0183991 secs] 98768K->14447K(502464K), 0,0184724 secs] [Times: user=0,07 sys=0,00, real=0,01 secs] 
Heap after GC invocations=2 (full 0):
 par new generation   total 109248K, used 14447K [0x00000000e0000000, 0x00000000e8000000, 0x00000000e8000000)
  eden space 87424K,   0% used [0x00000000e0000000, 0x00000000e0000000, 0x00000000e5560000)
  from space 21824K,  66% used [0x00000000e5560000, 0x00000000e637bcc0, 0x00000000e6ab0000)
  to   space 21824K,   0% used [0x00000000e6ab0000, 0x00000000e6ab0000, 0x00000000e8000000)
 concurrent mark-sweep generation total 393216K, used 0K [0x00000000e8000000, 0x0000000100000000, 0x0000000100000000)
 Metaspace       used 20022K, capacity 20358K, committed 20736K, reserved 1067008K
  class space    used 2293K, capacity 2467K, committed 2560K, reserved 1048576K
}
2017-04-11T16:08:06.145+0200: 2,428: Total time for which application threads were stopped: 0,0212619 seconds, Stopping threads took: 0,0026382 seconds
2017-04-11T16:08:06.162+0200: 2,445: Total time for which application threads were stopped: 0,0044039 seconds, Stopping threads took: 0,0041292 seconds
2017-04-11T16:08:06.195+0200: 2,477: Total time for which application threads were stopped: 0,0003445 seconds, Stopping threads took: 0,0000569 seconds
2017-04-11T16:08:06.336+0200: 2,619: Total time for which application threads were stopped: 0,0001987 seconds, Stopping threads took: 0,0000652 seconds
{Heap before GC invocations=2 (full 0):
 par new generation   total 109248K, used 101871K [0x00000000e0000000, 0x00000000e8000000, 0x00000000e8000000)
  eden space 87424K, 100% used [0x00000000e0000000, 0x00000000e5560000, 0x00000000e5560000)
  from space 21824K,  66% used [0x00000000e5560000, 0x00000000e637bcc0, 0x00000000e6ab0000)
  to   space 21824K,   0% used [0x00000000e6ab0000, 0x00000000e6ab0000, 0x00000000e8000000)
 concurrent mark-sweep generation total 393216K, used 0K [0x00000000e8000000, 0x0000000100000000, 0x0000000100000000)
 Metaspace       used 20962K, capacity 21280K, committed 21552K, reserved 1069056K
  class space    used 2417K, capacity 2586K, committed 2608K, reserved 1048576K
2017-04-11T16:08:06.354+0200: 2,637: [GC (Allocation Failure) 2017-04-11T16:08:06.354+0200: 2,637: [ParNew
Desired survivor size 20112992 bytes, new threshold 8 (max 8)
- age   1:    2216248 bytes,    2216248 total
- age   2:    1386824 bytes,    3603072 total
- age   3:    6081448 bytes,    9684520 total
: 101871K->12604K(109248K), 0,0117377 secs] 101871K->12604K(502464K), 0,0118186 secs] [Times: user=0,04 sys=0,00, real=0,02 secs] 
Heap after GC invocations=3 (full 0):
 par new generation   total 109248K, used 12604K [0x00000000e0000000, 0x00000000e8000000, 0x00000000e8000000)
  eden space 87424K,   0% used [0x00000000e0000000, 0x00000000e0000000, 0x00000000e5560000)
  from space 21824K,  57% used [0x00000000e6ab0000, 0x00000000e76ff200, 0x00000000e8000000)
  to   space 21824K,   0% used [0x00000000e5560000, 0x00000000e5560000, 0x00000000e6ab0000)
 concurrent mark-sweep generation total 393216K, used 0K [0x00000000e8000000, 0x0000000100000000, 0x0000000100000000)
 Metaspace       used 20962K, capacity 21280K, committed 21552K, reserved 1069056K
  class space    used 2417K, capacity 2586K, committed 2608K, reserved 1048576K
}
2017-04-11T16:08:06.366+0200: 2,649: Total time for which application threads were stopped: 0,0120088 seconds, Stopping threads took: 0,0000235 seconds
2017-04-11T16:08:06.370+0200: 2,653: [GC (CMS Initial Mark) [1 CMS-initial-mark: 0K(393216K)] 12636K(502464K), 0,0030530 secs] [Times: user=0,01 sys=0,00, real=0,00 secs] 
2017-04-11T16:08:06.373+0200: 2,656: Total time for which application threads were stopped: 0,0070563 seconds, Stopping threads took: 0,0039150 seconds
2017-04-11T16:08:06.373+0200: 2,656: [CMS-concurrent-mark-start]
2017-04-11T16:08:06.374+0200: 2,657: [CMS-concurrent-mark: 0,001/0,001 secs] [Times: user=0,00 sys=0,00, real=0,00 secs] 
2017-04-11T16:08:06.374+0200: 2,657: [CMS-concurrent-preclean-start]
2017-04-11T16:08:06.375+0200: 2,658: [CMS-concurrent-preclean: 0,001/0,001 secs] [Times: user=0,01 sys=0,00, real=0,00 secs] 
2017-04-11T16:08:06.375+0200: 2,658: [CMS-concurrent-abortable-preclean-start]
2017-04-11T16:08:06.475+0200: 2,758: Total time for which application threads were stopped: 0,0001511 seconds, Stopping threads took: 0,0000675 seconds
2017-04-11T16:08:06.475+0200: 2,758: [CMS-concurrent-abortable-preclean: 0,085/0,100 secs] [Times: user=0,38 sys=0,00, real=0,10 secs] 
2017-04-11T16:08:06.475+0200: 2,758: [GC (CMS Final Remark) [YG occupancy: 94242 K (109248 K)]{Heap before GC invocations=3 (full 1):
 par new generation   total 109248K, used 94242K [0x00000000e0000000, 0x00000000e8000000, 0x00000000e8000000)
  eden space 87424K,  93% used [0x00000000e0000000, 0x00000000e4fb96c8, 0x00000000e5560000)
  from space 21824K,  57% used [0x00000000e6ab0000, 0x00000000e76ff200, 0x00000000e8000000)
  to   space 21824K,   0% used [0x00000000e5560000, 0x00000000e5560000, 0x00000000e6ab0000)
 concurrent mark-sweep generation total 393216K, used 0K [0x00000000e8000000, 0x0000000100000000, 0x0000000100000000)
 Metaspace       used 21234K, capacity 21626K, committed 21884K, reserved 1069056K
  class space    used 2445K, capacity 2602K, committed 2608K, reserved 1048576K
2017-04-11T16:08:06.475+0200: 2,758: [GC (CMS Final Remark) 2017-04-11T16:08:06.475+0200: 2,758: [ParNew
Desired survivor size 20112992 bytes, new threshold 8 (max 8)
- age   1:    1434880 bytes,    1434880 total
- age   2:    1505632 bytes,    2940512 total
- age   3:    1352000 bytes,    4292512 total
- age   4:    6081568 bytes,   10374080 total
: 94242K->12367K(109248K), 0,0091111 secs] 94242K->12367K(502464K), 0,0091526 secs] [Times: user=0,04 sys=0,00, real=0,01 secs] 
Heap after GC invocations=4 (full 1):
 par new generation   total 109248K, used 12367K [0x00000000e0000000, 0x00000000e8000000, 0x00000000e8000000)
  eden space 87424K,   0% used [0x00000000e0000000, 0x00000000e0000000, 0x00000000e5560000)
  from space 21824K,  56% used [0x00000000e5560000, 0x00000000e6173ea0, 0x00000000e6ab0000)
  to   space 21824K,   0% used [0x00000000e6ab0000, 0x00000000e6ab0000, 0x00000000e8000000)
 concurrent mark-sweep generation total 393216K, used 0K [0x00000000e8000000, 0x0000000100000000, 0x0000000100000000)
 Metaspace       used 21234K, capacity 21626K, committed 21884K, reserved 1069056K
  class space    used 2445K, capacity 2602K, committed 2608K, reserved 1048576K
}
2017-04-11T16:08:06.484+0200: 2,767: [Rescan (parallel) , 0,0032812 secs]2017-04-11T16:08:06.488+0200: 2,770: [weak refs processing, 0,0004956 secs]2017-04-11T16:08:06.488+0200: 2,771: [class unloading, 0,0028066 secs]2017-04-11T16:08:06.491+0200: 2,774: [scrub symbol table, 0,0037809 secs]2017-04-11T16:08:06.495+0200: 2,778: [scrub string table, 0,0004121 secs][1 CMS-remark: 0K(393216K)] 12367K(502464K), 0,0205378 secs] [Times: user=0,06 sys=0,00, real=0,02 secs] 
2017-04-11T16:08:06.496+0200: 2,778: Total time for which application threads were stopped: 0,0206413 seconds, Stopping threads took: 0,0000319 seconds
2017-04-11T16:08:06.506+0200: 2,789: [CMS-concurrent-sweep-start]
2017-04-11T16:08:06.506+0200: 2,789: [CMS-concurrent-sweep: 0,000/0,000 secs] [Times: user=0,00 sys=0,00, real=0,00 secs] 
2017-04-11T16:08:06.506+0200: 2,789: [CMS-concurrent-reset-start]
2017-04-11T16:08:06.508+0200: 2,791: [CMS-concurrent-reset: 0,002/0,002 secs] [Times: user=0,01 sys=0,00, real=0,00 secs] 
{Heap before GC invocations=4 (full 1):
 par new generation   total 109248K, used 99791K [0x00000000e0000000, 0x00000000e8000000, 0x00000000e8000000)
  eden space 87424K, 100% used [0x00000000e0000000, 0x00000000e5560000, 0x00000000e5560000)
  from space 21824K,  56% used [0x00000000e5560000, 0x00000000e6173ea0, 0x00000000e6ab0000)
  to   space 21824K,   0% used [0x00000000e6ab0000, 0x00000000e6ab0000, 0x00000000e8000000)
 concurrent mark-sweep generation total 393216K, used 0K [0x00000000e8000000, 0x0000000100000000, 0x0000000100000000)
 Metaspace       used 21356K, capacity 21786K, committed 22012K, reserved 1069056K
  class space    used 2465K, capacity 2634K, committed 2736K, reserved 1048576K
2017-04-11T16:08:06.584+0200: 2,866: [GC (Allocation Failure) 2017-04-11T16:08:06.584+0200: 2,867: [ParNew
Desired survivor size 20112992 bytes, new threshold 8 (max 8)
- age   1:    1258320 bytes,    1258320 total
- age   2:     161016 bytes,    1419336 total
- age   3:    1505584 bytes,    2924920 total
- age   4:    1349984 bytes,    4274904 total
- age   5:    6081448 bytes,   10356352 total
: 99791K->15461K(109248K), 0,0136313 secs] 99791K->15461K(502464K), 0,0136933 secs] [Times: user=0,05 sys=0,00, real=0,01 secs] 
Heap after GC invocations=5 (full 1):
 par new generation   total 109248K, used 15461K [0x00000000e0000000, 0x00000000e8000000, 0x00000000e8000000)
  eden space 87424K,   0% used [0x00000000e0000000, 0x00000000e0000000, 0x00000000e5560000)
  from space 21824K,  70% used [0x00000000e6ab0000, 0x00000000e79c9458, 0x00000000e8000000)
  to   space 21824K,   0% used [0x00000000e5560000, 0x00000000e5560000, 0x00000000e6ab0000)
 concurrent mark-sweep generation total 393216K, used 0K [0x00000000e8000000, 0x0000000100000000, 0x0000000100000000)
 Metaspace       used 21356K, capacity 21786K, committed 22012K, reserved 1069056K
  class space    used 2465K, capacity 2634K, committed 2736K, reserved 1048576K
}
2017-04-11T16:08:06.597+0200: 2,880: Total time for which application threads were stopped: 0,0154178 seconds, Stopping threads took: 0,0015862 seconds
2017-04-11T16:08:06.640+0200: 2,923: Total time for which application threads were stopped: 0,0003038 seconds, Stopping threads took: 0,0000140 seconds
2017-04-11T16:08:06.816+0200: 3,099: Total time for which application threads were stopped: 0,0005620 seconds, Stopping threads took: 0,0000652 seconds
2017-04-11T16:08:06.831+0200: 3,113: Total time for which application threads were stopped: 0,0004388 seconds, Stopping threads took: 0,0000386 seconds
{Heap before GC invocations=5 (full 1):
 par new generation   total 109248K, used 102885K [0x00000000e0000000, 0x00000000e8000000, 0x00000000e8000000)
  eden space 87424K, 100% used [0x00000000e0000000, 0x00000000e5560000, 0x00000000e5560000)
  from space 21824K,  70% used [0x00000000e6ab0000, 0x00000000e79c9458, 0x00000000e8000000)
  to   space 21824K,   0% used [0x00000000e5560000, 0x00000000e5560000, 0x00000000e6ab0000)
 concurrent mark-sweep generation total 393216K, used 0K [0x00000000e8000000, 0x0000000100000000, 0x0000000100000000)
 Metaspace       used 23688K, capacity 24164K, committed 24240K, reserved 1071104K
  class space    used 2781K, capacity 2977K, committed 2992K, reserved 1048576K
2017-04-11T16:08:06.969+0200: 3,252: [GC (Allocation Failure) 2017-04-11T16:08:06.969+0200: 3,252: [ParNew
Desired survivor size 20112992 bytes, new threshold 8 (max 8)
- age   1:    5220664 bytes,    5220664 total
- age   2:     108808 bytes,    5329472 total
- age   3:     159608 bytes,    5489080 total
- age   4:     328104 bytes,    5817184 total
- age   5:    1325560 bytes,    7142744 total
- age   6:    6073432 bytes,   13216176 total
: 102885K->15395K(109248K), 0,0155505 secs] 102885K->15395K(502464K), 0,0156484 secs] [Times: user=0,04 sys=0,01, real=0,01 secs] 
Heap after GC invocations=6 (full 1):
 par new generation   total 109248K, used 15395K [0x00000000e0000000, 0x00000000e8000000, 0x00000000e8000000)
  eden space 87424K,   0% used [0x00000000e0000000, 0x00000000e0000000, 0x00000000e5560000)
  from space 21824K,  70% used [0x00000000e5560000, 0x00000000e6468e38, 0x00000000e6ab0000)
  to   space 21824K,   0% used [0x00000000e6ab0000, 0x00000000e6ab0000, 0x00000000e8000000)
 concurrent mark-sweep generation total 393216K, used 0K [0x00000000e8000000, 0x0000000100000000, 0x0000000100000000)
 Metaspace       used 23688K, capacity 24164K, committed 24240K, reserved 1071104K
  class space    used 2781K, capacity 2977K, committed 2992K, reserved 1048576K
}
2017-04-11T16:08:06.985+0200: 3,268: Total time for which application threads were stopped: 0,0159845 seconds, Stopping threads took: 0,0000611 seconds
{Heap before GC invocations=6 (full 1):
 par new generation   total 109248K, used 102819K [0x00000000e0000000, 0x00000000e8000000, 0x00000000e8000000)
  eden space 87424K, 100% used [0x00000000e0000000, 0x00000000e5560000, 0x00000000e5560000)
  from space 21824K,  70% used [0x00000000e5560000, 0x00000000e6468e38, 0x00000000e6ab0000)
  to   space 21824K,   0% used [0x00000000e6ab0000, 0x00000000e6ab0000, 0x00000000e8000000)
 concurrent mark-sweep generation total 393216K, used 0K [0x00000000e8000000, 0x0000000100000000, 0x0000000100000000)
 Metaspace       used 24335K, capacity 24746K, committed 24880K, reserved 1071104K
  class space    used 2856K, capacity 3042K, committed 3120K, reserved 1048576K
2017-04-11T16:08:07.090+0200: 3,373: [GC (Allocation Failure) 2017-04-11T16:08:07.090+0200: 3,373: [ParNew
Desired survivor size 20112992 bytes, new threshold 8 (max 8)
- age   1:    1818000 bytes,    1818000 total
- age   2:    1810640 bytes,    3628640 total
- age   3:      58560 bytes,    3687200 total
- age   4:      90128 bytes,    3777328 total
- age   5:     207160 bytes,    3984488 total
- age   6:     999216 bytes,    4983704 total
- age   7:    5848136 bytes,   10831840 total
: 102819K->16296K(109248K), 0,0220382 secs] 102819K->16296K(502464K), 0,0220986 secs] [Times: user=0,08 sys=0,00, real=0,02 secs] 
Heap after GC invocations=7 (full 1):
 par new generation   total 109248K, used 16296K [0x00000000e0000000, 0x00000000e8000000, 0x00000000e8000000)
  eden space 87424K,   0% used [0x00000000e0000000, 0x00000000e0000000, 0x00000000e5560000)
  from space 21824K,  74% used [0x00000000e6ab0000, 0x00000000e7a9a030, 0x00000000e8000000)
  to   space 21824K,   0% used [0x00000000e5560000, 0x00000000e5560000, 0x00000000e6ab0000)
 concurrent mark-sweep generation total 393216K, used 0K [0x00000000e8000000, 0x0000000100000000, 0x0000000100000000)
 Metaspace       used 24335K, capacity 24746K, committed 24880K, reserved 1071104K
  class space    used 2856K, capacity 3042K, committed 3120K, reserved 1048576K
}
2017-04-11T16:08:07.113+0200: 3,395: Total time for which application threads were stopped: 0,0222861 seconds, Stopping threads took: 0,0000365 seconds
{Heap before GC invocations=7 (full 1):
 par new generation   total 109248K, used 103720K [0x00000000e0000000, 0x00000000e8000000, 0x00000000e8000000)
  eden space 87424K, 100% used [0x00000000e0000000, 0x00000000e5560000, 0x00000000e5560000)
  from space 21824K,  74% used [0x00000000e6ab0000, 0x00000000e7a9a030, 0x00000000e8000000)
  to   space 21824K,   0% used [0x00000000e5560000, 0x00000000e5560000, 0x00000000e6ab0000)
 concurrent mark-sweep generation total 393216K, used 0K [0x00000000e8000000, 0x0000000100000000, 0x0000000100000000)
 Metaspace       used 24655K, capacity 25124K, committed 25392K, reserved 1071104K
  class space    used 2886K, capacity 3079K, committed 3120K, reserved 1048576K
2017-04-11T16:08:07.199+0200: 3,482: [GC (Allocation Failure) 2017-04-11T16:08:07.199+0200: 3,482: [ParNew
Desired survivor size 20112992 bytes, new threshold 8 (max 8)
- age   1:     779208 bytes,     779208 total
- age   2:    1027976 bytes,    1807184 total
- age   3:    1782120 bytes,    3589304 total
- age   4:      58560 bytes,    3647864 total
- age   5:      87320 bytes,    3735184 total
- age   6:     204200 bytes,    3939384 total
- age   7:     997744 bytes,    4937128 total
- age   8:    5848176 bytes,   10785304 total
: 103720K->13401K(109248K), 0,0187013 secs] 103720K->13401K(502464K), 0,0187712 secs] [Times: user=0,07 sys=0,00, real=0,01 secs] 
Heap after GC invocations=8 (full 1):
 par new generation   total 109248K, used 13401K [0x00000000e0000000, 0x00000000e8000000, 0x00000000e8000000)
  eden space 87424K,   0% used [0x00000000e0000000, 0x00000000e0000000, 0x00000000e5560000)
  from space 21824K,  61% used [0x00000000e5560000, 0x00000000e62764b0, 0x00000000e6ab0000)
  to   space 21824K,   0% used [0x00000000e6ab0000, 0x00000000e6ab0000, 0x00000000e8000000)
 concurrent mark-sweep generation total 393216K, used 0K [0x00000000e8000000, 0x0000000100000000, 0x0000000100000000)
 Metaspace       used 24655K, capacity 25124K, committed 25392K, reserved 1071104K
  class space    used 2886K, capacity 3079K, committed 3120K, reserved 1048576K
}
2017-04-11T16:08:07.218+0200: 3,501: Total time for which application threads were stopped: 0,0189894 seconds, Stopping threads took: 0,0000657 seconds
2017-04-11T16:08:07.613+0200: 3,895: Total time for which application threads were stopped: 0,0005909 seconds, Stopping threads took: 0,0000372 seconds
2017-04-11T16:08:07.633+0200: 3,915: Total time for which application threads were stopped: 0,0025715 seconds, Stopping threads took: 0,0001299 seconds
2017-04-11T16:08:07.721+0200: 4,004: Total time for which application threads were stopped: 0,0004900 seconds, Stopping threads took: 0,0000450 seconds
2017-04-11T16:08:07.777+0200: 4,060: Total time for which application threads were stopped: 0,0095602 seconds, Stopping threads took: 0,0090568 seconds
2017-04-11T16:08:07.781+0200: 4,064: Total time for which application threads were stopped: 0,0001524 seconds, Stopping threads took: 0,0000290 seconds
2017-04-11T16:08:07.782+0200: 4,064: Total time for which application threads were stopped: 0,0001137 seconds, Stopping threads took: 0,0000144 seconds
2017-04-11T16:08:07.782+0200: 4,065: Total time for which application threads were stopped: 0,0001063 seconds, Stopping threads took: 0,0000116 seconds
2017-04-11T16:08:07.785+0200: 4,068: Total time for which application threads were stopped: 0,0001810 seconds, Stopping threads took: 0,0000239 seconds
2017-04-11T16:08:07.793+0200: 4,076: Total time for which application threads were stopped: 0,0001357 seconds, Stopping threads took: 0,0000262 seconds
2017-04-11T16:08:07.806+0200: 4,088: Total time for which application threads were stopped: 0,0007326 seconds, Stopping threads took: 0,0006002 seconds
2017-04-11T16:08:07.810+0200: 4,093: Total time for which application threads were stopped: 0,0001560 seconds, Stopping threads took: 0,0000519 seconds
2017-04-11T16:08:07.814+0200: 4,097: Total time for which application threads were stopped: 0,0023201 seconds, Stopping threads took: 0,0022217 seconds
{Heap before GC invocations=8 (full 1):
 par new generation   total 109248K, used 100825K [0x00000000e0000000, 0x00000000e8000000, 0x00000000e8000000)
  eden space 87424K, 100% used [0x00000000e0000000, 0x00000000e5560000, 0x00000000e5560000)
  from space 21824K,  61% used [0x00000000e5560000, 0x00000000e62764b0, 0x00000000e6ab0000)
  to   space 21824K,   0% used [0x00000000e6ab0000, 0x00000000e6ab0000, 0x00000000e8000000)
 concurrent mark-sweep generation total 393216K, used 0K [0x00000000e8000000, 0x0000000100000000, 0x0000000100000000)
 Metaspace       used 27339K, capacity 27918K, committed 28208K, reserved 1075200K
  class space    used 3131K, capacity 3324K, committed 3376K, reserved 1048576K
2017-04-11T16:08:07.819+0200: 4,102: [GC (Allocation Failure) 2017-04-11T16:08:07.819+0200: 4,102: [ParNew
Desired survivor size 20112992 bytes, new threshold 8 (max 8)
- age   1:    8484816 bytes,    8484816 total
- age   2:     222120 bytes,    8706936 total
- age   3:     241704 bytes,    8948640 total
- age   4:    1777600 bytes,   10726240 total
- age   5:      58560 bytes,   10784800 total
- age   6:      87320 bytes,   10872120 total
- age   7:     203816 bytes,   11075936 total
- age   8:     996928 bytes,   12072864 total
: 100825K->16169K(109248K), 0,0538337 secs] 100825K->22495K(502464K), 0,0539077 secs] [Times: user=0,10 sys=0,00, real=0,05 secs] 
Heap after GC invocations=9 (full 1):
 par new generation   total 109248K, used 16169K [0x00000000e0000000, 0x00000000e8000000, 0x00000000e8000000)
  eden space 87424K,   0% used [0x00000000e0000000, 0x00000000e0000000, 0x00000000e5560000)
  from space 21824K,  74% used [0x00000000e6ab0000, 0x00000000e7a7a448, 0x00000000e8000000)
  to   space 21824K,   0% used [0x00000000e5560000, 0x00000000e5560000, 0x00000000e6ab0000)
 concurrent mark-sweep generation total 393216K, used 6326K [0x00000000e8000000, 0x0000000100000000, 0x0000000100000000)
 Metaspace       used 27339K, capacity 27918K, committed 28208K, reserved 1075200K
  class space    used 3131K, capacity 3324K, committed 3376K, reserved 1048576K
}
2017-04-11T16:08:07.873+0200: 4,156: Total time for which application threads were stopped: 0,0541678 seconds, Stopping threads took: 0,0000766 seconds
2017-04-11T16:08:07.874+0200: 4,157: Total time for which application threads were stopped: 0,0001044 seconds, Stopping threads took: 0,0000272 seconds
2017-04-11T16:08:07.886+0200: 4,169: Total time for which application threads were stopped: 0,0001168 seconds, Stopping threads took: 0,0000279 seconds
2017-04-11T16:08:07.891+0200: 4,173: Total time for which application threads were stopped: 0,0002596 seconds, Stopping threads took: 0,0001655 seconds
2017-04-11T16:08:07.891+0200: 4,174: Total time for which application threads were stopped: 0,0000803 seconds, Stopping threads took: 0,0000129 seconds
2017-04-11T16:08:07.891+0200: 4,174: Total time for which application threads were stopped: 0,0005894 seconds, Stopping threads took: 0,0005131 seconds
2017-04-11T16:08:07.892+0200: 4,175: Total time for which application threads were stopped: 0,0006428 seconds, Stopping threads took: 0,0005649 seconds
2017-04-11T16:08:07.892+0200: 4,175: Total time for which application threads were stopped: 0,0000637 seconds, Stopping threads took: 0,0000220 seconds
2017-04-11T16:08:07.906+0200: 4,189: Total time for which application threads were stopped: 0,0028331 seconds, Stopping threads took: 0,0027283 seconds
2017-04-11T16:08:08.041+0200: 4,324: Total time for which application threads were stopped: 0,0005103 seconds, Stopping threads took: 0,0000425 seconds
2017-04-11T16:08:08.185+0200: 4,468: Total time for which application threads were stopped: 0,0304618 seconds, Stopping threads took: 0,0303346 seconds
2017-04-11T16:08:08.193+0200: 4,476: Total time for which application threads were stopped: 0,0001720 seconds, Stopping threads took: 0,0000522 seconds
2017-04-11T16:08:09.193+0200: 5,476: Total time for which application threads were stopped: 0,0000815 seconds, Stopping threads took: 0,0000185 seconds
2017-04-11T16:10:00.536+0200: 117,491: Total time for which application threads were stopped: 0,0002326 seconds, Stopping threads took: 0,0001330 seconds
2017-04-11T16:10:05.536+0200: 122,491: Total time for which application threads were stopped: 0,0000618 seconds, Stopping threads took: 0,0000156 seconds
2017-04-11T16:11:04.542+0200: 181,498: Total time for which application threads were stopped: 0,0001289 seconds, Stopping threads took: 0,0000485 seconds
2017-04-11T16:31:29.684+0200: 1406,639: Total time for which application threads were stopped: 0,0000784 seconds, Stopping threads took: 0,0000292 seconds
2017-04-11T16:36:54.720+0200: 1731,675: Total time for which application threads were stopped: 0,0000817 seconds, Stopping threads took: 0,0000286 seconds
2017-04-11T16:46:24.781+0200: 2301,737: Total time for which application threads were stopped: 0,0000767 seconds, Stopping threads took: 0,0000297 seconds
2017-04-11T16:46:25.782+0200: 2302,737: Total time for which application threads were stopped: 0,0000762 seconds, Stopping threads took: 0,0000285 seconds
2017-04-11T17:01:20.881+0200: 3197,836: Total time for which application threads were stopped: 0,0000791 seconds, Stopping threads took: 0,0000315 seconds
2017-04-11T19:46:56.134+0200: 3856,660: Total time for which application threads were stopped: 0,0000804 seconds, Stopping threads took: 0,0000290 seconds
2017-04-11T19:47:01.135+0200: 3861,660: Total time for which application threads were stopped: 0,0000901 seconds, Stopping threads took: 0,0000140 seconds
2017-04-11T20:01:54.228+0200: 4754,754: Total time for which application threads were stopped: 0,0000761 seconds, Stopping threads took: 0,0000294 seconds
2017-04-11T20:02:34.233+0200: 4794,758: Total time for which application threads were stopped: 0,0000776 seconds, Stopping threads took: 0,0000309 seconds
2017-04-11T20:33:40.150+0200: 6659,942: Total time for which application threads were stopped: 0,0001413 seconds, Stopping threads took: 0,0000698 seconds
2017-04-11T20:40:12.188+0200: 7051,980: Total time for which application threads were stopped: 0,0001029 seconds, Stopping threads took: 0,0000343 seconds
2017-04-11T20:44:42.222+0200: 7322,014: Total time for which application threads were stopped: 0,0000996 seconds, Stopping threads took: 0,0000326 seconds
2017-04-11T20:50:42.266+0200: 7682,058: Total time for which application threads were stopped: 0,0001059 seconds, Stopping threads took: 0,0000430 seconds
2017-04-11T21:55:11.750+0200: 11551,543: Total time for which application threads were stopped: 0,0002118 seconds, Stopping threads took: 0,0000708 seconds
2017-04-11T22:58:42.164+0200: 15361,956: Total time for which application threads were stopped: 0,0000811 seconds, Stopping threads took: 0,0000311 seconds
2017-04-11T23:34:13.086+0200: 17492,878: Total time for which application threads were stopped: 0,0114291 seconds, Stopping threads took: 0,0113398 seconds
2017-04-11T23:34:13.091+0200: 17492,884: Total time for which application threads were stopped: 0,0000901 seconds, Stopping threads took: 0,0000163 seconds
2017-04-11T23:34:13.118+0200: 17492,910: Total time for which application threads were stopped: 0,0001000 seconds, Stopping threads took: 0,0000286 seconds
2017-04-11T23:34:13.119+0200: 17492,911: Total time for which application threads were stopped: 0,0001363 seconds, Stopping threads took: 0,0000338 seconds
2017-04-11T23:34:13.122+0200: 17492,914: Total time for which application threads were stopped: 0,0000930 seconds, Stopping threads took: 0,0000262 seconds
2017-04-11T23:34:13.123+0200: 17492,915: Total time for which application threads were stopped: 0,0001021 seconds, Stopping threads took: 0,0000220 seconds
Heap
 par new generation   total 109248K, used 48527K [0x00000000e0000000, 0x00000000e8000000, 0x00000000e8000000)
  eden space 87424K,  37% used [0x00000000e0000000, 0x00000000e1f99af0, 0x00000000e5560000)
  from space 21824K,  74% used [0x00000000e6ab0000, 0x00000000e7a7a448, 0x00000000e8000000)
  to   space 21824K,   0% used [0x00000000e5560000, 0x00000000e5560000, 0x00000000e6ab0000)
 concurrent mark-sweep generation total 393216K, used 6326K [0x00000000e8000000, 0x0000000100000000, 0x0000000100000000)
 Metaspace       used 28182K, capacity 28702K, committed 29104K, reserved 1075200K
  class space    used 3228K, capacity 3392K, committed 3504K, reserved 1048576K
