OpenJDK 64-Bit Server VM (25.121-b13) for linux-amd64 JRE (1.8.0_121-8u121-b13-0ubuntu1.16.04.2-b13), built on Jan 23 2017 15:51:29 by "buildd" with gcc 5.4.0 20160609
Memory: 4k page, physical 7867764k(7416248k free), swap 8076284k(8076284k free)
CommandLine flags: -XX:CMSInitiatingOccupancyFraction=50 -XX:CMSMaxAbortablePrecleanTime=6000 -XX:+CMSParallelRemarkEnabled -XX:+CMSScavengeBeforeRemark -XX:ConcGCThreads=4 -XX:InitialHeapSize=536870912 -XX:MaxHeapSize=536870912 -XX:MaxTenuringThreshold=8 -XX:NewRatio=3 -XX:OldPLABSize=16 -XX:OnOutOfMemoryError=/opt/solr/bin/oom_solr.sh 8983 /var/solr/logs -XX:ParallelGCThreads=4 -XX:+ParallelRefProcEnabled -XX:PretenureSizeThreshold=67108864 -XX:+PrintGC -XX:+PrintGCApplicationStoppedTime -XX:+PrintGCDateStamps -XX:+PrintGCDetails -XX:+PrintGCTimeStamps -XX:+PrintHeapAtGC -XX:+PrintTenuringDistribution -XX:SurvivorRatio=4 -XX:TargetSurvivorRatio=90 -XX:ThreadStackSize=256 -XX:+UseCMSInitiatingOccupancyOnly -XX:+UseCompressedClassPointers -XX:+UseCompressedOops -XX:+UseConcMarkSweepGC -XX:+UseParNewGC 
2017-05-05T07:51:16.648+0200: 0,159: Total time for which application threads were stopped: 0,0000730 seconds, Stopping threads took: 0,0000103 seconds
2017-05-05T07:51:16.743+0200: 0,253: Total time for which application threads were stopped: 0,0001510 seconds, Stopping threads took: 0,0000510 seconds
2017-05-05T07:51:16.765+0200: 0,275: Total time for which application threads were stopped: 0,0000891 seconds, Stopping threads took: 0,0000112 seconds
2017-05-05T07:51:17.128+0200: 0,639: Total time for which application threads were stopped: 0,0001762 seconds, Stopping threads took: 0,0000319 seconds
2017-05-05T07:51:17.488+0200: 0,999: Total time for which application threads were stopped: 0,0001453 seconds, Stopping threads took: 0,0000228 seconds
2017-05-05T07:51:17.599+0200: 1,110: Total time for which application threads were stopped: 0,0002308 seconds, Stopping threads took: 0,0000510 seconds
2017-05-05T07:51:17.626+0200: 1,137: Total time for which application threads were stopped: 0,0001585 seconds, Stopping threads took: 0,0000192 seconds
2017-05-05T07:51:17.934+0200: 1,445: Total time for which application threads were stopped: 0,0003383 seconds, Stopping threads took: 0,0000205 seconds
2017-05-05T07:51:18.190+0200: 1,701: Total time for which application threads were stopped: 0,0002197 seconds, Stopping threads took: 0,0000141 seconds
2017-05-05T07:51:18.214+0200: 1,725: Total time for which application threads were stopped: 0,0001767 seconds, Stopping threads took: 0,0000163 seconds
2017-05-05T07:51:18.250+0200: 1,761: Total time for which application threads were stopped: 0,0001980 seconds, Stopping threads took: 0,0000218 seconds
2017-05-05T07:51:18.251+0200: 1,762: Total time for which application threads were stopped: 0,0001629 seconds, Stopping threads took: 0,0000153 seconds
2017-05-05T07:51:18.270+0200: 1,780: Total time for which application threads were stopped: 0,0002118 seconds, Stopping threads took: 0,0000163 seconds
2017-05-05T07:51:18.353+0200: 1,863: Total time for which application threads were stopped: 0,0002394 seconds, Stopping threads took: 0,0000302 seconds
2017-05-05T07:51:18.528+0200: 2,039: Total time for which application threads were stopped: 0,0004182 seconds, Stopping threads took: 0,0001914 seconds
{Heap before GC invocations=0 (full 0):
 par new generation   total 109248K, used 87424K [0x00000000e0000000, 0x00000000e8000000, 0x00000000e8000000)
  eden space 87424K, 100% used [0x00000000e0000000, 0x00000000e5560000, 0x00000000e5560000)
  from space 21824K,   0% used [0x00000000e5560000, 0x00000000e5560000, 0x00000000e6ab0000)
  to   space 21824K,   0% used [0x00000000e6ab0000, 0x00000000e6ab0000, 0x00000000e8000000)
 concurrent mark-sweep generation total 393216K, used 0K [0x00000000e8000000, 0x0000000100000000, 0x0000000100000000)
 Metaspace       used 18214K, capacity 18464K, committed 18688K, reserved 1064960K
  class space    used 2058K, capacity 2196K, committed 2304K, reserved 1048576K
2017-05-05T07:51:18.637+0200: 2,147: [GC (Allocation Failure) 2017-05-05T07:51:18.637+0200: 2,147: [ParNew
Desired survivor size 20112992 bytes, new threshold 8 (max 8)
- age   1:   12810600 bytes,   12810600 total
: 87424K->12629K(109248K), 0,0174941 secs] 87424K->12629K(502464K), 0,0175827 secs] [Times: user=0,02 sys=0,04, real=0,02 secs] 
Heap after GC invocations=1 (full 0):
 par new generation   total 109248K, used 12629K [0x00000000e0000000, 0x00000000e8000000, 0x00000000e8000000)
  eden space 87424K,   0% used [0x00000000e0000000, 0x00000000e0000000, 0x00000000e5560000)
  from space 21824K,  57% used [0x00000000e6ab0000, 0x00000000e7705400, 0x00000000e8000000)
  to   space 21824K,   0% used [0x00000000e5560000, 0x00000000e5560000, 0x00000000e6ab0000)
 concurrent mark-sweep generation total 393216K, used 0K [0x00000000e8000000, 0x0000000100000000, 0x0000000100000000)
 Metaspace       used 18214K, capacity 18464K, committed 18688K, reserved 1064960K
  class space    used 2058K, capacity 2196K, committed 2304K, reserved 1048576K
}
2017-05-05T07:51:18.654+0200: 2,165: Total time for which application threads were stopped: 0,0178115 seconds, Stopping threads took: 0,0000454 seconds
2017-05-05T07:51:18.929+0200: 2,440: Total time for which application threads were stopped: 0,0002870 seconds, Stopping threads took: 0,0000333 seconds
2017-05-05T07:51:18.962+0200: 2,473: Total time for which application threads were stopped: 0,0003943 seconds, Stopping threads took: 0,0000837 seconds
{Heap before GC invocations=1 (full 0):
 par new generation   total 109248K, used 100053K [0x00000000e0000000, 0x00000000e8000000, 0x00000000e8000000)
  eden space 87424K, 100% used [0x00000000e0000000, 0x00000000e5560000, 0x00000000e5560000)
  from space 21824K,  57% used [0x00000000e6ab0000, 0x00000000e7705400, 0x00000000e8000000)
  to   space 21824K,   0% used [0x00000000e5560000, 0x00000000e5560000, 0x00000000e6ab0000)
 concurrent mark-sweep generation total 393216K, used 0K [0x00000000e8000000, 0x0000000100000000, 0x0000000100000000)
 Metaspace       used 20082K, capacity 20442K, committed 20736K, reserved 1067008K
  class space    used 2299K, capacity 2475K, committed 2560K, reserved 1048576K
2017-05-05T07:51:18.970+0200: 2,481: [GC (Allocation Failure) 2017-05-05T07:51:18.970+0200: 2,481: [ParNew
Desired survivor size 20112992 bytes, new threshold 8 (max 8)
- age   1:    3606088 bytes,    3606088 total
- age   2:    6692352 bytes,   10298440 total
: 100053K->13861K(109248K), 0,0101911 secs] 100053K->13861K(502464K), 0,0102732 secs] [Times: user=0,04 sys=0,00, real=0,01 secs] 
Heap after GC invocations=2 (full 0):
 par new generation   total 109248K, used 13861K [0x00000000e0000000, 0x00000000e8000000, 0x00000000e8000000)
  eden space 87424K,   0% used [0x00000000e0000000, 0x00000000e0000000, 0x00000000e5560000)
  from space 21824K,  63% used [0x00000000e5560000, 0x00000000e62e9540, 0x00000000e6ab0000)
  to   space 21824K,   0% used [0x00000000e6ab0000, 0x00000000e6ab0000, 0x00000000e8000000)
 concurrent mark-sweep generation total 393216K, used 0K [0x00000000e8000000, 0x0000000100000000, 0x0000000100000000)
 Metaspace       used 20082K, capacity 20442K, committed 20736K, reserved 1067008K
  class space    used 2299K, capacity 2475K, committed 2560K, reserved 1048576K
}
2017-05-05T07:51:18.980+0200: 2,491: Total time for which application threads were stopped: 0,0105124 seconds, Stopping threads took: 0,0000619 seconds
2017-05-05T07:51:19.010+0200: 2,521: Total time for which application threads were stopped: 0,0003446 seconds, Stopping threads took: 0,0000482 seconds
2017-05-05T07:51:19.146+0200: 2,657: Total time for which application threads were stopped: 0,0002098 seconds, Stopping threads took: 0,0000515 seconds
{Heap before GC invocations=2 (full 0):
 par new generation   total 109248K, used 101285K [0x00000000e0000000, 0x00000000e8000000, 0x00000000e8000000)
  eden space 87424K, 100% used [0x00000000e0000000, 0x00000000e5560000, 0x00000000e5560000)
  from space 21824K,  63% used [0x00000000e5560000, 0x00000000e62e9540, 0x00000000e6ab0000)
  to   space 21824K,   0% used [0x00000000e6ab0000, 0x00000000e6ab0000, 0x00000000e8000000)
 concurrent mark-sweep generation total 393216K, used 0K [0x00000000e8000000, 0x0000000100000000, 0x0000000100000000)
 Metaspace       used 20973K, capacity 21300K, committed 21552K, reserved 1069056K
  class space    used 2419K, capacity 2594K, committed 2608K, reserved 1048576K
2017-05-05T07:51:19.194+0200: 2,704: [GC (Allocation Failure) 2017-05-05T07:51:19.194+0200: 2,704: [ParNew
Desired survivor size 20112992 bytes, new threshold 8 (max 8)
- age   1:    2142592 bytes,    2142592 total
- age   2:     824184 bytes,    2966776 total
- age   3:    6686240 bytes,    9653016 total
: 101285K->12940K(109248K), 0,0149143 secs] 101285K->12940K(502464K), 0,0149870 secs] [Times: user=0,06 sys=0,00, real=0,02 secs] 
Heap after GC invocations=3 (full 0):
 par new generation   total 109248K, used 12940K [0x00000000e0000000, 0x00000000e8000000, 0x00000000e8000000)
  eden space 87424K,   0% used [0x00000000e0000000, 0x00000000e0000000, 0x00000000e5560000)
  from space 21824K,  59% used [0x00000000e6ab0000, 0x00000000e7753338, 0x00000000e8000000)
  to   space 21824K,   0% used [0x00000000e5560000, 0x00000000e5560000, 0x00000000e6ab0000)
 concurrent mark-sweep generation total 393216K, used 0K [0x00000000e8000000, 0x0000000100000000, 0x0000000100000000)
 Metaspace       used 20973K, capacity 21300K, committed 21552K, reserved 1069056K
  class space    used 2419K, capacity 2594K, committed 2608K, reserved 1048576K
}
2017-05-05T07:51:19.209+0200: 2,719: Total time for which application threads were stopped: 0,0151730 seconds, Stopping threads took: 0,0000638 seconds
2017-05-05T07:51:19.209+0200: 2,720: [GC (CMS Initial Mark) [1 CMS-initial-mark: 0K(393216K)] 13697K(502464K), 0,0048069 secs] [Times: user=0,02 sys=0,00, real=0,00 secs] 
2017-05-05T07:51:19.214+0200: 2,724: Total time for which application threads were stopped: 0,0049301 seconds, Stopping threads took: 0,0000331 seconds
2017-05-05T07:51:19.214+0200: 2,724: [CMS-concurrent-mark-start]
2017-05-05T07:51:19.216+0200: 2,726: [CMS-concurrent-mark: 0,002/0,002 secs] [Times: user=0,00 sys=0,00, real=0,01 secs] 
2017-05-05T07:51:19.216+0200: 2,726: [CMS-concurrent-preclean-start]
2017-05-05T07:51:19.217+0200: 2,728: [CMS-concurrent-preclean: 0,001/0,001 secs] [Times: user=0,01 sys=0,00, real=0,00 secs] 
2017-05-05T07:51:19.217+0200: 2,728: [CMS-concurrent-abortable-preclean-start]
{Heap before GC invocations=3 (full 1):
 par new generation   total 109248K, used 100364K [0x00000000e0000000, 0x00000000e8000000, 0x00000000e8000000)
  eden space 87424K, 100% used [0x00000000e0000000, 0x00000000e5560000, 0x00000000e5560000)
  from space 21824K,  59% used [0x00000000e6ab0000, 0x00000000e7753338, 0x00000000e8000000)
  to   space 21824K,   0% used [0x00000000e5560000, 0x00000000e5560000, 0x00000000e6ab0000)
 concurrent mark-sweep generation total 393216K, used 0K [0x00000000e8000000, 0x0000000100000000, 0x0000000100000000)
 Metaspace       used 21253K, capacity 21566K, committed 21628K, reserved 1069056K
  class space    used 2450K, capacity 2607K, committed 2608K, reserved 1048576K
2017-05-05T07:51:19.315+0200: 2,826: [GC (Allocation Failure) 2017-05-05T07:51:19.315+0200: 2,826: [ParNew
Desired survivor size 20112992 bytes, new threshold 8 (max 8)
- age   1:    1600624 bytes,    1600624 total
- age   2:    1452176 bytes,    3052800 total
- age   3:     792776 bytes,    3845576 total
- age   4:    6686320 bytes,   10531896 total
: 100364K->13675K(109248K), 0,0099933 secs] 100364K->13675K(502464K), 0,0100547 secs] [Times: user=0,03 sys=0,00, real=0,00 secs] 
Heap after GC invocations=4 (full 1):
 par new generation   total 109248K, used 13675K [0x00000000e0000000, 0x00000000e8000000, 0x00000000e8000000)
  eden space 87424K,   0% used [0x00000000e0000000, 0x00000000e0000000, 0x00000000e5560000)
  from space 21824K,  62% used [0x00000000e5560000, 0x00000000e62badf8, 0x00000000e6ab0000)
  to   space 21824K,   0% used [0x00000000e6ab0000, 0x00000000e6ab0000, 0x00000000e8000000)
 concurrent mark-sweep generation total 393216K, used 0K [0x00000000e8000000, 0x0000000100000000, 0x0000000100000000)
 Metaspace       used 21253K, capacity 21566K, committed 21628K, reserved 1069056K
  class space    used 2450K, capacity 2607K, committed 2608K, reserved 1048576K
}
2017-05-05T07:51:19.325+0200: 2,836: Total time for which application threads were stopped: 0,0102802 seconds, Stopping threads took: 0,0000901 seconds
2017-05-05T07:51:19.325+0200: 2,836: [CMS-concurrent-abortable-preclean: 0,088/0,108 secs] [Times: user=0,41 sys=0,00, real=0,10 secs] 
2017-05-05T07:51:19.332+0200: 2,843: [GC (CMS Final Remark) [YG occupancy: 17248 K (109248 K)]{Heap before GC invocations=4 (full 1):
 par new generation   total 109248K, used 17248K [0x00000000e0000000, 0x00000000e8000000, 0x00000000e8000000)
  eden space 87424K,   4% used [0x00000000e0000000, 0x00000000e037d5d8, 0x00000000e5560000)
  from space 21824K,  62% used [0x00000000e5560000, 0x00000000e62badf8, 0x00000000e6ab0000)
  to   space 21824K,   0% used [0x00000000e6ab0000, 0x00000000e6ab0000, 0x00000000e8000000)
 concurrent mark-sweep generation total 393216K, used 0K [0x00000000e8000000, 0x0000000100000000, 0x0000000100000000)
 Metaspace       used 21267K, capacity 21566K, committed 21628K, reserved 1069056K
  class space    used 2451K, capacity 2607K, committed 2608K, reserved 1048576K
2017-05-05T07:51:19.332+0200: 2,843: [GC (CMS Final Remark) 2017-05-05T07:51:19.332+0200: 2,843: [ParNew
Desired survivor size 20112992 bytes, new threshold 8 (max 8)
- age   1:     125248 bytes,     125248 total
- age   2:     867128 bytes,     992376 total
- age   3:    1452176 bytes,    2444552 total
- age   4:     792760 bytes,    3237312 total
- age   5:    6686280 bytes,    9923592 total
: 17248K->12750K(109248K), 0,0087727 secs] 17248K->12750K(502464K), 0,0088123 secs] [Times: user=0,03 sys=0,00, real=0,01 secs] 
Heap after GC invocations=5 (full 1):
 par new generation   total 109248K, used 12750K [0x00000000e0000000, 0x00000000e8000000, 0x00000000e8000000)
  eden space 87424K,   0% used [0x00000000e0000000, 0x00000000e0000000, 0x00000000e5560000)
  from space 21824K,  58% used [0x00000000e6ab0000, 0x00000000e77238f0, 0x00000000e8000000)
  to   space 21824K,   0% used [0x00000000e5560000, 0x00000000e5560000, 0x00000000e6ab0000)
 concurrent mark-sweep generation total 393216K, used 0K [0x00000000e8000000, 0x0000000100000000, 0x0000000100000000)
 Metaspace       used 21267K, capacity 21566K, committed 21628K, reserved 1069056K
  class space    used 2451K, capacity 2607K, committed 2608K, reserved 1048576K
}
2017-05-05T07:51:19.341+0200: 2,852: [Rescan (parallel) , 0,0032188 secs]2017-05-05T07:51:19.345+0200: 2,855: [weak refs processing, 0,0009681 secs]2017-05-05T07:51:19.346+0200: 2,856: [class unloading, 0,0028273 secs]2017-05-05T07:51:19.348+0200: 2,859: [scrub symbol table, 0,0031921 secs]2017-05-05T07:51:19.352+0200: 2,862: [scrub string table, 0,0003653 secs][1 CMS-remark: 0K(393216K)] 12750K(502464K), 0,0200295 secs] [Times: user=0,05 sys=0,00, real=0,02 secs] 
2017-05-05T07:51:19.352+0200: 2,863: Total time for which application threads were stopped: 0,0223413 seconds, Stopping threads took: 0,0022311 seconds
2017-05-05T07:51:19.353+0200: 2,863: [CMS-concurrent-sweep-start]
2017-05-05T07:51:19.353+0200: 2,863: [CMS-concurrent-sweep: 0,000/0,000 secs] [Times: user=0,00 sys=0,00, real=0,00 secs] 
2017-05-05T07:51:19.353+0200: 2,863: [CMS-concurrent-reset-start]
2017-05-05T07:51:19.355+0200: 2,866: [CMS-concurrent-reset: 0,002/0,002 secs] [Times: user=0,01 sys=0,00, real=0,01 secs] 
2017-05-05T07:51:19.356+0200: 2,866: Total time for which application threads were stopped: 0,0001349 seconds, Stopping threads took: 0,0000726 seconds
{Heap before GC invocations=5 (full 1):
 par new generation   total 109248K, used 100174K [0x00000000e0000000, 0x00000000e8000000, 0x00000000e8000000)
  eden space 87424K, 100% used [0x00000000e0000000, 0x00000000e5560000, 0x00000000e5560000)
  from space 21824K,  58% used [0x00000000e6ab0000, 0x00000000e77238f0, 0x00000000e8000000)
  to   space 21824K,   0% used [0x00000000e5560000, 0x00000000e5560000, 0x00000000e6ab0000)
 concurrent mark-sweep generation total 393216K, used 0K [0x00000000e8000000, 0x0000000100000000, 0x0000000100000000)
 Metaspace       used 21487K, capacity 21876K, committed 22012K, reserved 1069056K
  class space    used 2484K, capacity 2643K, committed 2736K, reserved 1048576K
2017-05-05T07:51:19.443+0200: 2,954: [GC (Allocation Failure) 2017-05-05T07:51:19.443+0200: 2,954: [ParNew
Desired survivor size 20112992 bytes, new threshold 8 (max 8)
- age   1:     725032 bytes,     725032 total
- age   2:       2712 bytes,     727744 total
- age   3:     174224 bytes,     901968 total
- age   4:     674112 bytes,    1576080 total
- age   5:     788792 bytes,    2364872 total
- age   6:    6686304 bytes,    9051176 total
: 100174K->11045K(109248K), 0,0174412 secs] 100174K->11045K(502464K), 0,0175327 secs] [Times: user=0,06 sys=0,00, real=0,02 secs] 
Heap after GC invocations=6 (full 1):
 par new generation   total 109248K, used 11045K [0x00000000e0000000, 0x00000000e8000000, 0x00000000e8000000)
  eden space 87424K,   0% used [0x00000000e0000000, 0x00000000e0000000, 0x00000000e5560000)
  from space 21824K,  50% used [0x00000000e5560000, 0x00000000e6029620, 0x00000000e6ab0000)
  to   space 21824K,   0% used [0x00000000e6ab0000, 0x00000000e6ab0000, 0x00000000e8000000)
 concurrent mark-sweep generation total 393216K, used 0K [0x00000000e8000000, 0x0000000100000000, 0x0000000100000000)
 Metaspace       used 21487K, capacity 21876K, committed 22012K, reserved 1069056K
  class space    used 2484K, capacity 2643K, committed 2736K, reserved 1048576K
}
2017-05-05T07:51:19.460+0200: 2,971: Total time for which application threads were stopped: 0,0178506 seconds, Stopping threads took: 0,0001310 seconds
2017-05-05T07:51:19.480+0200: 2,990: Total time for which application threads were stopped: 0,0003273 seconds, Stopping threads took: 0,0000373 seconds
2017-05-05T07:51:19.716+0200: 3,227: Total time for which application threads were stopped: 0,0004562 seconds, Stopping threads took: 0,0000455 seconds
2017-05-05T07:51:19.734+0200: 3,245: Total time for which application threads were stopped: 0,0004084 seconds, Stopping threads took: 0,0000211 seconds
2017-05-05T07:51:19.876+0200: 3,387: Total time for which application threads were stopped: 0,0006622 seconds, Stopping threads took: 0,0005627 seconds
{Heap before GC invocations=6 (full 1):
 par new generation   total 109248K, used 104462K [0x00000000e0000000, 0x00000000e8000000, 0x00000000e8000000)
  eden space 87424K, 100% used [0x00000000e0000000, 0x00000000e5560000, 0x00000000e5560000)
  from space 21824K,  78% used [0x00000000e5560000, 0x00000000e6603978, 0x00000000e6ab0000)
  to   space 21824K,   0% used [0x00000000e6ab0000, 0x00000000e6ab0000, 0x00000000e8000000)
 concurrent mark-sweep generation total 393216K, used 0K [0x00000000e8000000, 0x0000000100000000, 0x0000000100000000)
 Metaspace       used 23771K, capacity 24258K, committed 24496K, reserved 1071104K
  class space    used 2797K, capacity 2988K, committed 2992K, reserved 1048576K
2017-05-05T07:51:19.882+0200: 3,393: [GC (GCLocker Initiated GC) 2017-05-05T07:51:19.883+0200: 3,393: [ParNew
Desired survivor size 20112992 bytes, new threshold 8 (max 8)
- age   1:    5104680 bytes,    5104680 total
- age   2:     181256 bytes,    5285936 total
- age   3:       2712 bytes,    5288648 total
- age   4:     173384 bytes,    5462032 total
- age   5:     281968 bytes,    5744000 total
- age   6:     764704 bytes,    6508704 total
- age   7:    6677904 bytes,   13186608 total
: 104462K->17677K(109248K), 0,0124197 secs] 104462K->17677K(502464K), 0,0124957 secs] [Times: user=0,04 sys=0,00, real=0,02 secs] 
Heap after GC invocations=7 (full 1):
 par new generation   total 109248K, used 17677K [0x00000000e0000000, 0x00000000e8000000, 0x00000000e8000000)
  eden space 87424K,   0% used [0x00000000e0000000, 0x00000000e0000000, 0x00000000e5560000)
  from space 21824K,  80% used [0x00000000e6ab0000, 0x00000000e7bf34c8, 0x00000000e8000000)
  to   space 21824K,   0% used [0x00000000e5560000, 0x00000000e5560000, 0x00000000e6ab0000)
 concurrent mark-sweep generation total 393216K, used 0K [0x00000000e8000000, 0x0000000100000000, 0x0000000100000000)
 Metaspace       used 23771K, capacity 24258K, committed 24496K, reserved 1071104K
  class space    used 2797K, capacity 2988K, committed 2992K, reserved 1048576K
}
2017-05-05T07:51:19.895+0200: 3,406: Total time for which application threads were stopped: 0,0130458 seconds, Stopping threads took: 0,0003912 seconds
{Heap before GC invocations=7 (full 1):
 par new generation   total 109248K, used 105101K [0x00000000e0000000, 0x00000000e8000000, 0x00000000e8000000)
  eden space 87424K, 100% used [0x00000000e0000000, 0x00000000e5560000, 0x00000000e5560000)
  from space 21824K,  80% used [0x00000000e6ab0000, 0x00000000e7bf34c8, 0x00000000e8000000)
  to   space 21824K,   0% used [0x00000000e5560000, 0x00000000e5560000, 0x00000000e6ab0000)
 concurrent mark-sweep generation total 393216K, used 0K [0x00000000e8000000, 0x0000000100000000, 0x0000000100000000)
 Metaspace       used 24387K, capacity 24850K, committed 25136K, reserved 1071104K
  class space    used 2863K, capacity 3055K, committed 3120K, reserved 1048576K
2017-05-05T07:51:19.988+0200: 3,499: [GC (Allocation Failure) 2017-05-05T07:51:19.988+0200: 3,499: [ParNew
Desired survivor size 20112992 bytes, new threshold 8 (max 8)
- age   1:    1847352 bytes,    1847352 total
- age   2:    1749944 bytes,    3597296 total
- age   3:     104264 bytes,    3701560 total
- age   4:       1328 bytes,    3702888 total
- age   5:      96856 bytes,    3799744 total
- age   6:     188576 bytes,    3988320 total
- age   7:     719888 bytes,    4708208 total
- age   8:    6144728 bytes,   10852936 total
: 105101K->13586K(109248K), 0,0136933 secs] 105101K->13586K(502464K), 0,0138355 secs] [Times: user=0,05 sys=0,00, real=0,01 secs] 
Heap after GC invocations=8 (full 1):
 par new generation   total 109248K, used 13586K [0x00000000e0000000, 0x00000000e8000000, 0x00000000e8000000)
  eden space 87424K,   0% used [0x00000000e0000000, 0x00000000e0000000, 0x00000000e5560000)
  from space 21824K,  62% used [0x00000000e5560000, 0x00000000e62a49c0, 0x00000000e6ab0000)
  to   space 21824K,   0% used [0x00000000e6ab0000, 0x00000000e6ab0000, 0x00000000e8000000)
 concurrent mark-sweep generation total 393216K, used 0K [0x00000000e8000000, 0x0000000100000000, 0x0000000100000000)
 Metaspace       used 24387K, capacity 24850K, committed 25136K, reserved 1071104K
  class space    used 2863K, capacity 3055K, committed 3120K, reserved 1048576K
}
2017-05-05T07:51:20.002+0200: 3,513: Total time for which application threads were stopped: 0,0140867 seconds, Stopping threads took: 0,0000628 seconds
{Heap before GC invocations=8 (full 1):
 par new generation   total 109248K, used 101010K [0x00000000e0000000, 0x00000000e8000000, 0x00000000e8000000)
  eden space 87424K, 100% used [0x00000000e0000000, 0x00000000e5560000, 0x00000000e5560000)
  from space 21824K,  62% used [0x00000000e5560000, 0x00000000e62a49c0, 0x00000000e6ab0000)
  to   space 21824K,   0% used [0x00000000e6ab0000, 0x00000000e6ab0000, 0x00000000e8000000)
 concurrent mark-sweep generation total 393216K, used 0K [0x00000000e8000000, 0x0000000100000000, 0x0000000100000000)
 Metaspace       used 24644K, capacity 25154K, committed 25392K, reserved 1071104K
  class space    used 2885K, capacity 3090K, committed 3120K, reserved 1048576K
2017-05-05T07:51:20.110+0200: 3,621: [GC (Allocation Failure) 2017-05-05T07:51:20.110+0200: 3,621: [ParNew
Desired survivor size 20112992 bytes, new threshold 8 (max 8)
- age   1:     830960 bytes,     830960 total
- age   2:     617512 bytes,    1448472 total
- age   3:    1723208 bytes,    3171680 total
- age   4:     104232 bytes,    3275912 total
- age   5:       1328 bytes,    3277240 total
- age   6:      96656 bytes,    3373896 total
- age   7:     185752 bytes,    3559648 total
- age   8:     719120 bytes,    4278768 total
: 101010K->12059K(109248K), 0,0328656 secs] 101010K->18142K(502464K), 0,0329441 secs] [Times: user=0,11 sys=0,00, real=0,03 secs] 
Heap after GC invocations=9 (full 1):
 par new generation   total 109248K, used 12059K [0x00000000e0000000, 0x00000000e8000000, 0x00000000e8000000)
  eden space 87424K,   0% used [0x00000000e0000000, 0x00000000e0000000, 0x00000000e5560000)
  from space 21824K,  55% used [0x00000000e6ab0000, 0x00000000e7676c40, 0x00000000e8000000)
  to   space 21824K,   0% used [0x00000000e5560000, 0x00000000e5560000, 0x00000000e6ab0000)
 concurrent mark-sweep generation total 393216K, used 6083K [0x00000000e8000000, 0x0000000100000000, 0x0000000100000000)
 Metaspace       used 24644K, capacity 25154K, committed 25392K, reserved 1071104K
  class space    used 2885K, capacity 3090K, committed 3120K, reserved 1048576K
}
2017-05-05T07:51:20.143+0200: 3,654: Total time for which application threads were stopped: 0,0339911 seconds, Stopping threads took: 0,0008472 seconds
2017-05-05T07:51:20.424+0200: 3,935: Total time for which application threads were stopped: 0,0004601 seconds, Stopping threads took: 0,0000186 seconds
2017-05-05T07:51:20.438+0200: 3,949: Total time for which application threads were stopped: 0,0003979 seconds, Stopping threads took: 0,0000204 seconds
2017-05-05T07:51:20.513+0200: 4,024: Total time for which application threads were stopped: 0,0004293 seconds, Stopping threads took: 0,0000351 seconds
2017-05-05T07:51:20.539+0200: 4,050: Total time for which application threads were stopped: 0,0005220 seconds, Stopping threads took: 0,0000441 seconds
2017-05-05T07:51:20.542+0200: 4,053: Total time for which application threads were stopped: 0,0021016 seconds, Stopping threads took: 0,0019949 seconds
2017-05-05T07:51:20.543+0200: 4,054: Total time for which application threads were stopped: 0,0005736 seconds, Stopping threads took: 0,0004828 seconds
2017-05-05T07:51:20.544+0200: 4,055: Total time for which application threads were stopped: 0,0003666 seconds, Stopping threads took: 0,0002548 seconds
2017-05-05T07:51:20.546+0200: 4,057: Total time for which application threads were stopped: 0,0001435 seconds, Stopping threads took: 0,0000551 seconds
2017-05-05T07:51:20.548+0200: 4,058: Total time for which application threads were stopped: 0,0001575 seconds, Stopping threads took: 0,0000765 seconds
2017-05-05T07:51:20.558+0200: 4,069: Total time for which application threads were stopped: 0,0001346 seconds, Stopping threads took: 0,0000482 seconds
2017-05-05T07:51:20.562+0200: 4,073: Total time for which application threads were stopped: 0,0036300 seconds, Stopping threads took: 0,0035338 seconds
2017-05-05T07:51:20.562+0200: 4,073: Total time for which application threads were stopped: 0,0001099 seconds, Stopping threads took: 0,0000574 seconds
2017-05-05T07:51:20.564+0200: 4,074: Total time for which application threads were stopped: 0,0001116 seconds, Stopping threads took: 0,0000401 seconds
2017-05-05T07:51:20.564+0200: 4,075: Total time for which application threads were stopped: 0,0001090 seconds, Stopping threads took: 0,0000315 seconds
2017-05-05T07:51:20.564+0200: 4,075: Total time for which application threads were stopped: 0,0001530 seconds, Stopping threads took: 0,0000728 seconds
2017-05-05T07:51:20.564+0200: 4,075: Total time for which application threads were stopped: 0,0001300 seconds, Stopping threads took: 0,0000809 seconds
2017-05-05T07:51:20.565+0200: 4,075: Total time for which application threads were stopped: 0,0000991 seconds, Stopping threads took: 0,0000241 seconds
2017-05-05T07:51:20.565+0200: 4,076: Total time for which application threads were stopped: 0,0000940 seconds, Stopping threads took: 0,0000227 seconds
2017-05-05T07:51:20.565+0200: 4,076: Total time for which application threads were stopped: 0,0000913 seconds, Stopping threads took: 0,0000219 seconds
2017-05-05T07:51:20.565+0200: 4,076: Total time for which application threads were stopped: 0,0000718 seconds, Stopping threads took: 0,0000248 seconds
2017-05-05T07:51:20.565+0200: 4,076: Total time for which application threads were stopped: 0,0000606 seconds, Stopping threads took: 0,0000218 seconds
2017-05-05T07:51:20.565+0200: 4,076: Total time for which application threads were stopped: 0,0000615 seconds, Stopping threads took: 0,0000196 seconds
2017-05-05T07:51:20.566+0200: 4,076: Total time for which application threads were stopped: 0,0000829 seconds, Stopping threads took: 0,0000307 seconds
2017-05-05T07:51:20.566+0200: 4,077: Total time for which application threads were stopped: 0,0000867 seconds, Stopping threads took: 0,0000190 seconds
2017-05-05T07:51:20.566+0200: 4,077: Total time for which application threads were stopped: 0,0001681 seconds, Stopping threads took: 0,0000288 seconds
2017-05-05T07:51:20.566+0200: 4,077: Total time for which application threads were stopped: 0,0000925 seconds, Stopping threads took: 0,0000237 seconds
2017-05-05T07:51:20.567+0200: 4,078: Total time for which application threads were stopped: 0,0000749 seconds, Stopping threads took: 0,0000191 seconds
2017-05-05T07:51:20.567+0200: 4,078: Total time for which application threads were stopped: 0,0000737 seconds, Stopping threads took: 0,0000223 seconds
2017-05-05T07:51:20.568+0200: 4,079: Total time for which application threads were stopped: 0,0000981 seconds, Stopping threads took: 0,0000320 seconds
2017-05-05T07:51:20.569+0200: 4,079: Total time for which application threads were stopped: 0,0000720 seconds, Stopping threads took: 0,0000197 seconds
2017-05-05T07:51:20.569+0200: 4,080: Total time for which application threads were stopped: 0,0000672 seconds, Stopping threads took: 0,0000253 seconds
2017-05-05T07:51:20.569+0200: 4,080: Total time for which application threads were stopped: 0,0000515 seconds, Stopping threads took: 0,0000129 seconds
2017-05-05T07:51:20.570+0200: 4,081: Total time for which application threads were stopped: 0,0000534 seconds, Stopping threads took: 0,0000106 seconds
2017-05-05T07:51:20.571+0200: 4,081: Total time for which application threads were stopped: 0,0000560 seconds, Stopping threads took: 0,0000115 seconds
2017-05-05T07:51:20.571+0200: 4,082: Total time for which application threads were stopped: 0,0000504 seconds, Stopping threads took: 0,0000097 seconds
2017-05-05T07:51:20.571+0200: 4,082: Total time for which application threads were stopped: 0,0000464 seconds, Stopping threads took: 0,0000097 seconds
2017-05-05T07:51:20.572+0200: 4,082: Total time for which application threads were stopped: 0,0000503 seconds, Stopping threads took: 0,0000105 seconds
2017-05-05T07:51:20.572+0200: 4,083: Total time for which application threads were stopped: 0,0000513 seconds, Stopping threads took: 0,0000114 seconds
2017-05-05T07:51:20.573+0200: 4,084: Total time for which application threads were stopped: 0,0000552 seconds, Stopping threads took: 0,0000116 seconds
2017-05-05T07:51:20.574+0200: 4,085: Total time for which application threads were stopped: 0,0000566 seconds, Stopping threads took: 0,0000118 seconds
2017-05-05T07:51:20.574+0200: 4,085: Total time for which application threads were stopped: 0,0000512 seconds, Stopping threads took: 0,0000108 seconds
2017-05-05T07:51:20.575+0200: 4,085: Total time for which application threads were stopped: 0,0000484 seconds, Stopping threads took: 0,0000104 seconds
2017-05-05T07:51:20.578+0200: 4,089: Total time for which application threads were stopped: 0,0003412 seconds, Stopping threads took: 0,0002643 seconds
2017-05-05T07:51:20.582+0200: 4,093: Total time for which application threads were stopped: 0,0002309 seconds, Stopping threads took: 0,0000611 seconds
2017-05-05T07:51:20.592+0200: 4,103: Total time for which application threads were stopped: 0,0001620 seconds, Stopping threads took: 0,0000719 seconds
2017-05-05T07:51:20.597+0200: 4,108: Total time for which application threads were stopped: 0,0001421 seconds, Stopping threads took: 0,0000693 seconds
2017-05-05T07:51:20.627+0200: 4,137: Total time for which application threads were stopped: 0,0001339 seconds, Stopping threads took: 0,0000477 seconds
2017-05-05T07:51:20.627+0200: 4,138: Total time for which application threads were stopped: 0,0004400 seconds, Stopping threads took: 0,0000212 seconds
2017-05-05T07:51:20.628+0200: 4,139: Total time for which application threads were stopped: 0,0001427 seconds, Stopping threads took: 0,0000301 seconds
2017-05-05T07:51:20.628+0200: 4,139: Total time for which application threads were stopped: 0,0000927 seconds, Stopping threads took: 0,0000266 seconds
2017-05-05T07:51:21.628+0200: 5,139: Total time for which application threads were stopped: 0,0000731 seconds, Stopping threads took: 0,0000165 seconds
2017-05-05T07:52:38.637+0200: 82,148: Total time for which application threads were stopped: 0,0000659 seconds, Stopping threads took: 0,0000180 seconds
2017-05-05T07:53:13.642+0200: 117,152: Total time for which application threads were stopped: 0,0000806 seconds, Stopping threads took: 0,0000349 seconds
2017-05-05T07:53:18.642+0200: 122,153: Total time for which application threads were stopped: 0,0000725 seconds, Stopping threads took: 0,0000193 seconds
2017-05-05T07:54:17.649+0200: 181,160: Total time for which application threads were stopped: 0,0000830 seconds, Stopping threads took: 0,0000316 seconds
2017-05-05T07:55:47.658+0200: 271,168: Total time for which application threads were stopped: 0,0000789 seconds, Stopping threads took: 0,0000308 seconds
2017-05-05T07:55:53.658+0200: 277,169: Total time for which application threads were stopped: 0,0000709 seconds, Stopping threads took: 0,0000166 seconds
2017-05-05T08:14:42.795+0200: 1406,305: Total time for which application threads were stopped: 0,0001308 seconds, Stopping threads took: 0,0000476 seconds
2017-05-05T08:19:57.826+0200: 1721,337: Total time for which application threads were stopped: 0,0000921 seconds, Stopping threads took: 0,0000306 seconds
2017-05-05T08:29:37.886+0200: 2301,396: Total time for which application threads were stopped: 0,0001342 seconds, Stopping threads took: 0,0000359 seconds
2017-05-05T08:29:38.886+0200: 2302,397: Total time for which application threads were stopped: 0,0000858 seconds, Stopping threads took: 0,0000364 seconds
2017-05-05T08:30:18.891+0200: 2342,401: Total time for which application threads were stopped: 0,0001031 seconds, Stopping threads took: 0,0000401 seconds
2017-05-05T08:45:53.987+0200: 3277,497: Total time for which application threads were stopped: 0,0000905 seconds, Stopping threads took: 0,0000300 seconds
2017-05-05T08:55:48.047+0200: 3871,558: Total time for which application threads were stopped: 0,0000816 seconds, Stopping threads took: 0,0000310 seconds
2017-05-05T09:12:54.154+0200: 4897,665: Total time for which application threads were stopped: 0,0006676 seconds, Stopping threads took: 0,0001849 seconds
2017-05-05T09:12:59.155+0200: 4902,666: Total time for which application threads were stopped: 0,0005611 seconds, Stopping threads took: 0,0002059 seconds
2017-05-05T09:42:09.351+0200: 6652,862: Total time for which application threads were stopped: 0,0000858 seconds, Stopping threads took: 0,0000331 seconds
2017-05-05T09:52:18.417+0200: 7261,928: Total time for which application threads were stopped: 0,0000967 seconds, Stopping threads took: 0,0000335 seconds
2017-05-05T09:53:18.422+0200: 7321,933: Total time for which application threads were stopped: 0,0001321 seconds, Stopping threads took: 0,0000313 seconds
{Heap before GC invocations=9 (full 1):
 par new generation   total 109248K, used 99483K [0x00000000e0000000, 0x00000000e8000000, 0x00000000e8000000)
  eden space 87424K, 100% used [0x00000000e0000000, 0x00000000e5560000, 0x00000000e5560000)
  from space 21824K,  55% used [0x00000000e6ab0000, 0x00000000e7676c40, 0x00000000e8000000)
  to   space 21824K,   0% used [0x00000000e5560000, 0x00000000e5560000, 0x00000000e6ab0000)
 concurrent mark-sweep generation total 393216K, used 6083K [0x00000000e8000000, 0x0000000100000000, 0x0000000100000000)
 Metaspace       used 28073K, capacity 28576K, committed 28848K, reserved 1075200K
  class space    used 3216K, capacity 3395K, committed 3504K, reserved 1048576K
2017-05-05T09:55:44.494+0200: 7468,005: [GC (Allocation Failure) 2017-05-05T09:55:44.494+0200: 7468,005: [ParNew
Desired survivor size 20112992 bytes, new threshold 8 (max 8)
- age   1:   10777736 bytes,   10777736 total
- age   2:     517504 bytes,   11295240 total
- age   3:     226864 bytes,   11522104 total
- age   4:    1717768 bytes,   13239872 total
- age   5:     101632 bytes,   13341504 total
- age   6:       1328 bytes,   13342832 total
- age   7:      96432 bytes,   13439264 total
- age   8:     185160 bytes,   13624424 total
: 99483K->14586K(109248K), 0,1305642 secs] 105566K->21455K(502464K), 0,1306712 secs] [Times: user=0,04 sys=0,00, real=0,13 secs] 
Heap after GC invocations=10 (full 1):
 par new generation   total 109248K, used 14586K [0x00000000e0000000, 0x00000000e8000000, 0x00000000e8000000)
  eden space 87424K,   0% used [0x00000000e0000000, 0x00000000e0000000, 0x00000000e5560000)
  from space 21824K,  66% used [0x00000000e5560000, 0x00000000e639e920, 0x00000000e6ab0000)
  to   space 21824K,   0% used [0x00000000e6ab0000, 0x00000000e6ab0000, 0x00000000e8000000)
 concurrent mark-sweep generation total 393216K, used 6868K [0x00000000e8000000, 0x0000000100000000, 0x0000000100000000)
 Metaspace       used 28073K, capacity 28576K, committed 28848K, reserved 1075200K
  class space    used 3216K, capacity 3395K, committed 3504K, reserved 1048576K
}
2017-05-05T09:55:44.624+0200: 7468,135: Total time for which application threads were stopped: 0,1308717 seconds, Stopping threads took: 0,0000241 seconds
2017-05-05T09:55:44.661+0200: 7468,172: Total time for which application threads were stopped: 0,0001308 seconds, Stopping threads took: 0,0000521 seconds
2017-05-05T09:55:44.662+0200: 7468,172: Total time for which application threads were stopped: 0,0000896 seconds, Stopping threads took: 0,0000325 seconds
2017-05-05T09:55:44.670+0200: 7468,181: Total time for which application threads were stopped: 0,0000843 seconds, Stopping threads took: 0,0000215 seconds
2017-05-05T09:55:44.672+0200: 7468,182: Total time for which application threads were stopped: 0,0001916 seconds, Stopping threads took: 0,0001219 seconds
2017-05-05T09:55:44.676+0200: 7468,186: Total time for which application threads were stopped: 0,0001318 seconds, Stopping threads took: 0,0000189 seconds
Heap
 par new generation   total 109248K, used 26824K [0x00000000e0000000, 0x00000000e8000000, 0x00000000e8000000)
  eden space 87424K,  13% used [0x00000000e0000000, 0x00000000e0bf3810, 0x00000000e5560000)
  from space 21824K,  66% used [0x00000000e5560000, 0x00000000e639e920, 0x00000000e6ab0000)
  to   space 21824K,   0% used [0x00000000e6ab0000, 0x00000000e6ab0000, 0x00000000e8000000)
 concurrent mark-sweep generation total 393216K, used 6868K [0x00000000e8000000, 0x0000000100000000, 0x0000000100000000)
 Metaspace       used 28164K, capacity 28744K, committed 29104K, reserved 1075200K
  class space    used 3230K, capacity 3429K, committed 3504K, reserved 1048576K
