OpenJDK 64-Bit Server VM (25.131-b11) for linux-amd64 JRE (1.8.0_131-8u131-b11-2ubuntu1.16.04.3-b11), built on Jul 28 2017 01:23:32 by "buildd" with gcc 5.4.0 20160609
Memory: 4k page, physical 7867732k(7462728k free), swap 8076284k(8076284k free)
CommandLine flags: -XX:CMSInitiatingOccupancyFraction=50 -XX:CMSMaxAbortablePrecleanTime=6000 -XX:+CMSParallelRemarkEnabled -XX:+CMSScavengeBeforeRemark -XX:ConcGCThreads=4 -XX:InitialHeapSize=536870912 -XX:MaxHeapSize=536870912 -XX:MaxTenuringThreshold=8 -XX:NewRatio=3 -XX:OldPLABSize=16 -XX:OnOutOfMemoryError=/opt/solr/bin/oom_solr.sh 8983 /var/solr/logs -XX:ParallelGCThreads=4 -XX:+ParallelRefProcEnabled -XX:PretenureSizeThreshold=67108864 -XX:+PrintGC -XX:+PrintGCApplicationStoppedTime -XX:+PrintGCDateStamps -XX:+PrintGCDetails -XX:+PrintGCTimeStamps -XX:+PrintHeapAtGC -XX:+PrintTenuringDistribution -XX:SurvivorRatio=4 -XX:TargetSurvivorRatio=90 -XX:ThreadStackSize=256 -XX:+UseCMSInitiatingOccupancyOnly -XX:+UseCompressedClassPointers -XX:+UseCompressedOops -XX:+UseConcMarkSweepGC -XX:+UseParNewGC 
2017-08-06T13:29:09.908+0200: 0,181: Total time for which application threads were stopped: 0,0000716 seconds, Stopping threads took: 0,0000108 seconds
2017-08-06T13:29:10.007+0200: 0,280: Total time for which application threads were stopped: 0,0001084 seconds, Stopping threads took: 0,0000146 seconds
2017-08-06T13:29:10.032+0200: 0,305: Total time for which application threads were stopped: 0,0000994 seconds, Stopping threads took: 0,0000308 seconds
2017-08-06T13:29:10.349+0200: 0,622: Total time for which application threads were stopped: 0,0001345 seconds, Stopping threads took: 0,0000128 seconds
2017-08-06T13:29:10.700+0200: 0,973: Total time for which application threads were stopped: 0,0001239 seconds, Stopping threads took: 0,0000144 seconds
2017-08-06T13:29:10.777+0200: 1,050: Total time for which application threads were stopped: 0,0001571 seconds, Stopping threads took: 0,0000131 seconds
2017-08-06T13:29:10.813+0200: 1,087: Total time for which application threads were stopped: 0,0003021 seconds, Stopping threads took: 0,0000408 seconds
2017-08-06T13:29:11.208+0200: 1,481: Total time for which application threads were stopped: 0,0001880 seconds, Stopping threads took: 0,0000233 seconds
2017-08-06T13:29:11.465+0200: 1,739: Total time for which application threads were stopped: 0,0002685 seconds, Stopping threads took: 0,0000736 seconds
2017-08-06T13:29:11.488+0200: 1,762: Total time for which application threads were stopped: 0,0001939 seconds, Stopping threads took: 0,0000267 seconds
2017-08-06T13:29:11.527+0200: 1,801: Total time for which application threads were stopped: 0,0009600 seconds, Stopping threads took: 0,0001060 seconds
2017-08-06T13:29:11.529+0200: 1,802: Total time for which application threads were stopped: 0,0002133 seconds, Stopping threads took: 0,0000283 seconds
2017-08-06T13:29:11.549+0200: 1,823: Total time for which application threads were stopped: 0,0002153 seconds, Stopping threads took: 0,0000195 seconds
2017-08-06T13:29:11.648+0200: 1,922: Total time for which application threads were stopped: 0,0002121 seconds, Stopping threads took: 0,0000187 seconds
2017-08-06T13:29:11.851+0200: 2,125: Total time for which application threads were stopped: 0,0002914 seconds, Stopping threads took: 0,0000755 seconds
{Heap before GC invocations=0 (full 0):
 par new generation   total 109248K, used 87424K [0x00000000e0000000, 0x00000000e8000000, 0x00000000e8000000)
  eden space 87424K, 100% used [0x00000000e0000000, 0x00000000e5560000, 0x00000000e5560000)
  from space 21824K,   0% used [0x00000000e5560000, 0x00000000e5560000, 0x00000000e6ab0000)
  to   space 21824K,   0% used [0x00000000e6ab0000, 0x00000000e6ab0000, 0x00000000e8000000)
 concurrent mark-sweep generation total 393216K, used 0K [0x00000000e8000000, 0x0000000100000000, 0x0000000100000000)
 Metaspace       used 17783K, capacity 18112K, committed 18304K, reserved 1064960K
  class space    used 2021K, capacity 2164K, committed 2176K, reserved 1048576K
2017-08-06T13:29:11.882+0200: 2,155: [GC (Allocation Failure) 2017-08-06T13:29:11.882+0200: 2,155: [ParNew
Desired survivor size 20112992 bytes, new threshold 8 (max 8)
- age   1:   11521888 bytes,   11521888 total
: 87424K->11364K(109248K), 0,0150384 secs] 87424K->11364K(502464K), 0,0151107 secs] [Times: user=0,04 sys=0,01, real=0,01 secs] 
Heap after GC invocations=1 (full 0):
 par new generation   total 109248K, used 11364K [0x00000000e0000000, 0x00000000e8000000, 0x00000000e8000000)
  eden space 87424K,   0% used [0x00000000e0000000, 0x00000000e0000000, 0x00000000e5560000)
  from space 21824K,  52% used [0x00000000e6ab0000, 0x00000000e75c92f8, 0x00000000e8000000)
  to   space 21824K,   0% used [0x00000000e5560000, 0x00000000e5560000, 0x00000000e6ab0000)
 concurrent mark-sweep generation total 393216K, used 0K [0x00000000e8000000, 0x0000000100000000, 0x0000000100000000)
 Metaspace       used 17783K, capacity 18112K, committed 18304K, reserved 1064960K
  class space    used 2021K, capacity 2164K, committed 2176K, reserved 1048576K
}
2017-08-06T13:29:11.897+0200: 2,170: Total time for which application threads were stopped: 0,0197196 seconds, Stopping threads took: 0,0044664 seconds
2017-08-06T13:29:12.299+0200: 2,573: Total time for which application threads were stopped: 0,0003578 seconds, Stopping threads took: 0,0000620 seconds
{Heap before GC invocations=1 (full 0):
 par new generation   total 109248K, used 98788K [0x00000000e0000000, 0x00000000e8000000, 0x00000000e8000000)
  eden space 87424K, 100% used [0x00000000e0000000, 0x00000000e5560000, 0x00000000e5560000)
  from space 21824K,  52% used [0x00000000e6ab0000, 0x00000000e75c92f8, 0x00000000e8000000)
  to   space 21824K,   0% used [0x00000000e5560000, 0x00000000e5560000, 0x00000000e6ab0000)
 concurrent mark-sweep generation total 393216K, used 0K [0x00000000e8000000, 0x0000000100000000, 0x0000000100000000)
 Metaspace       used 20011K, capacity 20362K, committed 20736K, reserved 1067008K
  class space    used 2293K, capacity 2467K, committed 2560K, reserved 1048576K
2017-08-06T13:29:12.333+0200: 2,606: [GC (Allocation Failure) 2017-08-06T13:29:12.333+0200: 2,606: [ParNew
Desired survivor size 20112992 bytes, new threshold 8 (max 8)
- age   1:    4133488 bytes,    4133488 total
- age   2:    6055728 bytes,   10189216 total
: 98788K->14526K(109248K), 0,0140242 secs] 98788K->14526K(502464K), 0,0141006 secs] [Times: user=0,04 sys=0,00, real=0,02 secs] 
Heap after GC invocations=2 (full 0):
 par new generation   total 109248K, used 14526K [0x00000000e0000000, 0x00000000e8000000, 0x00000000e8000000)
  eden space 87424K,   0% used [0x00000000e0000000, 0x00000000e0000000, 0x00000000e5560000)
  from space 21824K,  66% used [0x00000000e5560000, 0x00000000e638f840, 0x00000000e6ab0000)
  to   space 21824K,   0% used [0x00000000e6ab0000, 0x00000000e6ab0000, 0x00000000e8000000)
 concurrent mark-sweep generation total 393216K, used 0K [0x00000000e8000000, 0x0000000100000000, 0x0000000100000000)
 Metaspace       used 20011K, capacity 20362K, committed 20736K, reserved 1067008K
  class space    used 2293K, capacity 2467K, committed 2560K, reserved 1048576K
}
2017-08-06T13:29:12.347+0200: 2,620: Total time for which application threads were stopped: 0,0205419 seconds, Stopping threads took: 0,0062824 seconds
2017-08-06T13:29:12.374+0200: 2,648: Total time for which application threads were stopped: 0,0003182 seconds, Stopping threads took: 0,0000664 seconds
2017-08-06T13:29:12.422+0200: 2,696: Total time for which application threads were stopped: 0,0005347 seconds, Stopping threads took: 0,0001650 seconds
2017-08-06T13:29:12.569+0200: 2,842: Total time for which application threads were stopped: 0,0001440 seconds, Stopping threads took: 0,0000286 seconds
{Heap before GC invocations=2 (full 0):
 par new generation   total 109248K, used 101950K [0x00000000e0000000, 0x00000000e8000000, 0x00000000e8000000)
  eden space 87424K, 100% used [0x00000000e0000000, 0x00000000e5560000, 0x00000000e5560000)
  from space 21824K,  66% used [0x00000000e5560000, 0x00000000e638f840, 0x00000000e6ab0000)
  to   space 21824K,   0% used [0x00000000e6ab0000, 0x00000000e6ab0000, 0x00000000e8000000)
 concurrent mark-sweep generation total 393216K, used 0K [0x00000000e8000000, 0x0000000100000000, 0x0000000100000000)
 Metaspace       used 20959K, capacity 21284K, committed 21628K, reserved 1069056K
  class space    used 2414K, capacity 2586K, committed 2684K, reserved 1048576K
2017-08-06T13:29:12.598+0200: 2,871: [GC (Allocation Failure) 2017-08-06T13:29:12.598+0200: 2,871: [ParNew
Desired survivor size 20112992 bytes, new threshold 8 (max 8)
- age   1:    2273552 bytes,    2273552 total
- age   2:    1441208 bytes,    3714760 total
- age   3:    6053864 bytes,    9768624 total
: 101950K->11094K(109248K), 0,0113630 secs] 101950K->11094K(502464K), 0,0114577 secs] [Times: user=0,04 sys=0,00, real=0,01 secs] 
Heap after GC invocations=3 (full 0):
 par new generation   total 109248K, used 11094K [0x00000000e0000000, 0x00000000e8000000, 0x00000000e8000000)
  eden space 87424K,   0% used [0x00000000e0000000, 0x00000000e0000000, 0x00000000e5560000)
  from space 21824K,  50% used [0x00000000e6ab0000, 0x00000000e7585940, 0x00000000e8000000)
  to   space 21824K,   0% used [0x00000000e5560000, 0x00000000e5560000, 0x00000000e6ab0000)
 concurrent mark-sweep generation total 393216K, used 0K [0x00000000e8000000, 0x0000000100000000, 0x0000000100000000)
 Metaspace       used 20959K, capacity 21284K, committed 21628K, reserved 1069056K
  class space    used 2414K, capacity 2586K, committed 2684K, reserved 1048576K
}
2017-08-06T13:29:12.609+0200: 2,883: Total time for which application threads were stopped: 0,0131120 seconds, Stopping threads took: 0,0014847 seconds
2017-08-06T13:29:12.609+0200: 2,883: [GC (CMS Initial Mark) [1 CMS-initial-mark: 0K(393216K)] 11785K(502464K), 0,0048206 secs] [Times: user=0,02 sys=0,00, real=0,00 secs] 
2017-08-06T13:29:12.614+0200: 2,888: Total time for which application threads were stopped: 0,0049640 seconds, Stopping threads took: 0,0000381 seconds
2017-08-06T13:29:12.614+0200: 2,888: [CMS-concurrent-mark-start]
2017-08-06T13:29:12.615+0200: 2,888: [CMS-concurrent-mark: 0,000/0,000 secs] [Times: user=0,00 sys=0,00, real=0,00 secs] 
2017-08-06T13:29:12.615+0200: 2,888: [CMS-concurrent-preclean-start]
2017-08-06T13:29:12.616+0200: 2,889: [CMS-concurrent-preclean: 0,001/0,001 secs] [Times: user=0,00 sys=0,00, real=0,00 secs] 
2017-08-06T13:29:12.620+0200: 2,894: [GC (CMS Final Remark) [YG occupancy: 13839 K (109248 K)]{Heap before GC invocations=3 (full 1):
 par new generation   total 109248K, used 13839K [0x00000000e0000000, 0x00000000e8000000, 0x00000000e8000000)
  eden space 87424K,   3% used [0x00000000e0000000, 0x00000000e02ae640, 0x00000000e5560000)
  from space 21824K,  50% used [0x00000000e6ab0000, 0x00000000e7585940, 0x00000000e8000000)
  to   space 21824K,   0% used [0x00000000e5560000, 0x00000000e5560000, 0x00000000e6ab0000)
 concurrent mark-sweep generation total 393216K, used 0K [0x00000000e8000000, 0x0000000100000000, 0x0000000100000000)
 Metaspace       used 20965K, capacity 21284K, committed 21628K, reserved 1069056K
  class space    used 2415K, capacity 2586K, committed 2684K, reserved 1048576K
2017-08-06T13:29:12.620+0200: 2,894: [GC (CMS Final Remark) 2017-08-06T13:29:12.621+0200: 2,894: [ParNew
Desired survivor size 20112992 bytes, new threshold 8 (max 8)
- age   1:      83368 bytes,      83368 total
- age   2:    1491648 bytes,    1575016 total
- age   3:    1410496 bytes,    2985512 total
- age   4:    6053888 bytes,    9039400 total
: 13839K->12812K(109248K), 0,0128944 secs] 13839K->12812K(502464K), 0,0129499 secs] [Times: user=0,04 sys=0,00, real=0,01 secs] 
Heap after GC invocations=4 (full 1):
 par new generation   total 109248K, used 12812K [0x00000000e0000000, 0x00000000e8000000, 0x00000000e8000000)
  eden space 87424K,   0% used [0x00000000e0000000, 0x00000000e0000000, 0x00000000e5560000)
  from space 21824K,  58% used [0x00000000e5560000, 0x00000000e61e3160, 0x00000000e6ab0000)
  to   space 21824K,   0% used [0x00000000e6ab0000, 0x00000000e6ab0000, 0x00000000e8000000)
 concurrent mark-sweep generation total 393216K, used 0K [0x00000000e8000000, 0x0000000100000000, 0x0000000100000000)
 Metaspace       used 20965K, capacity 21284K, committed 21628K, reserved 1069056K
  class space    used 2415K, capacity 2586K, committed 2684K, reserved 1048576K
}
2017-08-06T13:29:12.633+0200: 2,907: [Rescan (parallel) , 0,0041283 secs]2017-08-06T13:29:12.638+0200: 2,911: [weak refs processing, 0,0024141 secs]2017-08-06T13:29:12.640+0200: 2,913: [class unloading, 0,0029521 secs]2017-08-06T13:29:12.643+0200: 2,916: [scrub symbol table, 0,0032326 secs]2017-08-06T13:29:12.646+0200: 2,920: [scrub string table, 0,0003759 secs][1 CMS-remark: 0K(393216K)] 12812K(502464K), 0,0267152 secs] [Times: user=0,08 sys=0,00, real=0,03 secs] 
2017-08-06T13:29:12.647+0200: 2,921: Total time for which application threads were stopped: 0,0281821 seconds, Stopping threads took: 0,0013779 seconds
2017-08-06T13:29:12.647+0200: 2,921: [CMS-concurrent-sweep-start]
2017-08-06T13:29:12.647+0200: 2,921: [CMS-concurrent-sweep: 0,000/0,000 secs] [Times: user=0,00 sys=0,00, real=0,00 secs] 
2017-08-06T13:29:12.647+0200: 2,921: [CMS-concurrent-reset-start]
2017-08-06T13:29:12.649+0200: 2,922: [CMS-concurrent-reset: 0,002/0,002 secs] [Times: user=0,01 sys=0,00, real=0,00 secs] 
{Heap before GC invocations=4 (full 1):
 par new generation   total 109248K, used 100236K [0x00000000e0000000, 0x00000000e8000000, 0x00000000e8000000)
  eden space 87424K, 100% used [0x00000000e0000000, 0x00000000e5560000, 0x00000000e5560000)
  from space 21824K,  58% used [0x00000000e5560000, 0x00000000e61e3160, 0x00000000e6ab0000)
  to   space 21824K,   0% used [0x00000000e6ab0000, 0x00000000e6ab0000, 0x00000000e8000000)
 concurrent mark-sweep generation total 393216K, used 0K [0x00000000e8000000, 0x0000000100000000, 0x0000000100000000)
 Metaspace       used 21216K, capacity 21560K, committed 21884K, reserved 1069056K
  class space    used 2446K, capacity 2601K, committed 2684K, reserved 1048576K
2017-08-06T13:29:12.739+0200: 3,013: [GC (Allocation Failure) 2017-08-06T13:29:12.739+0200: 3,013: [ParNew
Desired survivor size 20112992 bytes, new threshold 8 (max 8)
- age   1:    1433080 bytes,    1433080 total
- age   2:       2312 bytes,    1435392 total
- age   3:    1490768 bytes,    2926160 total
- age   4:    1406384 bytes,    4332544 total
- age   5:    6054008 bytes,   10386552 total
: 100236K->13614K(109248K), 0,0101790 secs] 100236K->13614K(502464K), 0,0102406 secs] [Times: user=0,03 sys=0,00, real=0,01 secs] 
Heap after GC invocations=5 (full 1):
 par new generation   total 109248K, used 13614K [0x00000000e0000000, 0x00000000e8000000, 0x00000000e8000000)
  eden space 87424K,   0% used [0x00000000e0000000, 0x00000000e0000000, 0x00000000e5560000)
  from space 21824K,  62% used [0x00000000e6ab0000, 0x00000000e77fb930, 0x00000000e8000000)
  to   space 21824K,   0% used [0x00000000e5560000, 0x00000000e5560000, 0x00000000e6ab0000)
 concurrent mark-sweep generation total 393216K, used 0K [0x00000000e8000000, 0x0000000100000000, 0x0000000100000000)
 Metaspace       used 21216K, capacity 21560K, committed 21884K, reserved 1069056K
  class space    used 2446K, capacity 2601K, committed 2684K, reserved 1048576K
}
2017-08-06T13:29:12.750+0200: 3,023: Total time for which application threads were stopped: 0,0104951 seconds, Stopping threads took: 0,0001160 seconds
{Heap before GC invocations=5 (full 1):
 par new generation   total 109248K, used 101038K [0x00000000e0000000, 0x00000000e8000000, 0x00000000e8000000)
  eden space 87424K, 100% used [0x00000000e0000000, 0x00000000e5560000, 0x00000000e5560000)
  from space 21824K,  62% used [0x00000000e6ab0000, 0x00000000e77fb930, 0x00000000e8000000)
  to   space 21824K,   0% used [0x00000000e5560000, 0x00000000e5560000, 0x00000000e6ab0000)
 concurrent mark-sweep generation total 393216K, used 0K [0x00000000e8000000, 0x0000000100000000, 0x0000000100000000)
 Metaspace       used 21359K, capacity 21784K, committed 21884K, reserved 1069056K
  class space    used 2464K, capacity 2633K, committed 2684K, reserved 1048576K
2017-08-06T13:29:12.826+0200: 3,100: [GC (Allocation Failure) 2017-08-06T13:29:12.826+0200: 3,100: [ParNew
Desired survivor size 20112992 bytes, new threshold 8 (max 8)
- age   1:     504728 bytes,     504728 total
- age   2:     179096 bytes,     683824 total
- age   3:       2312 bytes,     686136 total
- age   4:    1490768 bytes,    2176904 total
- age   5:    1406304 bytes,    3583208 total
- age   6:    6054208 bytes,    9637416 total
: 101038K->12912K(109248K), 0,0109113 secs] 101038K->12912K(502464K), 0,0109834 secs] [Times: user=0,03 sys=0,00, real=0,00 secs] 
Heap after GC invocations=6 (full 1):
 par new generation   total 109248K, used 12912K [0x00000000e0000000, 0x00000000e8000000, 0x00000000e8000000)
  eden space 87424K,   0% used [0x00000000e0000000, 0x00000000e0000000, 0x00000000e5560000)
  from space 21824K,  59% used [0x00000000e5560000, 0x00000000e61fc250, 0x00000000e6ab0000)
  to   space 21824K,   0% used [0x00000000e6ab0000, 0x00000000e6ab0000, 0x00000000e8000000)
 concurrent mark-sweep generation total 393216K, used 0K [0x00000000e8000000, 0x0000000100000000, 0x0000000100000000)
 Metaspace       used 21359K, capacity 21784K, committed 21884K, reserved 1069056K
  class space    used 2464K, capacity 2633K, committed 2684K, reserved 1048576K
}
2017-08-06T13:29:12.837+0200: 3,111: Total time for which application threads were stopped: 0,0112198 seconds, Stopping threads took: 0,0000685 seconds
2017-08-06T13:29:12.880+0200: 3,153: Total time for which application threads were stopped: 0,0003780 seconds, Stopping threads took: 0,0000296 seconds
2017-08-06T13:29:13.123+0200: 3,397: Total time for which application threads were stopped: 0,0005142 seconds, Stopping threads took: 0,0000768 seconds
2017-08-06T13:29:13.143+0200: 3,417: Total time for which application threads were stopped: 0,0003935 seconds, Stopping threads took: 0,0000332 seconds
{Heap before GC invocations=6 (full 1):
 par new generation   total 109248K, used 100336K [0x00000000e0000000, 0x00000000e8000000, 0x00000000e8000000)
  eden space 87424K, 100% used [0x00000000e0000000, 0x00000000e5560000, 0x00000000e5560000)
  from space 21824K,  59% used [0x00000000e5560000, 0x00000000e61fc250, 0x00000000e6ab0000)
  to   space 21824K,   0% used [0x00000000e6ab0000, 0x00000000e6ab0000, 0x00000000e8000000)
 concurrent mark-sweep generation total 393216K, used 0K [0x00000000e8000000, 0x0000000100000000, 0x0000000100000000)
 Metaspace       used 23720K, capacity 24228K, committed 24572K, reserved 1071104K
  class space    used 2778K, capacity 2977K, committed 3068K, reserved 1048576K
2017-08-06T13:29:13.273+0200: 3,546: [GC (Allocation Failure) 2017-08-06T13:29:13.273+0200: 3,546: [ParNew
Desired survivor size 20112992 bytes, new threshold 8 (max 8)
- age   1:    5080912 bytes,    5080912 total
- age   2:     118192 bytes,    5199104 total
- age   3:     177488 bytes,    5376592 total
- age   4:       2264 bytes,    5378856 total
- age   5:     321008 bytes,    5699864 total
- age   6:    1379928 bytes,    7079792 total
- age   7:    6045816 bytes,   13125608 total
: 100336K->15666K(109248K), 0,0125284 secs] 100336K->15666K(502464K), 0,0126045 secs] [Times: user=0,04 sys=0,00, real=0,02 secs] 
Heap after GC invocations=7 (full 1):
 par new generation   total 109248K, used 15666K [0x00000000e0000000, 0x00000000e8000000, 0x00000000e8000000)
  eden space 87424K,   0% used [0x00000000e0000000, 0x00000000e0000000, 0x00000000e5560000)
  from space 21824K,  71% used [0x00000000e6ab0000, 0x00000000e79fca18, 0x00000000e8000000)
  to   space 21824K,   0% used [0x00000000e5560000, 0x00000000e5560000, 0x00000000e6ab0000)
 concurrent mark-sweep generation total 393216K, used 0K [0x00000000e8000000, 0x0000000100000000, 0x0000000100000000)
 Metaspace       used 23720K, capacity 24228K, committed 24572K, reserved 1071104K
  class space    used 2778K, capacity 2977K, committed 3068K, reserved 1048576K
}
2017-08-06T13:29:13.285+0200: 3,559: Total time for which application threads were stopped: 0,0128863 seconds, Stopping threads took: 0,0000550 seconds
{Heap before GC invocations=7 (full 1):
 par new generation   total 109248K, used 103090K [0x00000000e0000000, 0x00000000e8000000, 0x00000000e8000000)
  eden space 87424K, 100% used [0x00000000e0000000, 0x00000000e5560000, 0x00000000e5560000)
  from space 21824K,  71% used [0x00000000e6ab0000, 0x00000000e79fca18, 0x00000000e8000000)
  to   space 21824K,   0% used [0x00000000e5560000, 0x00000000e5560000, 0x00000000e6ab0000)
 concurrent mark-sweep generation total 393216K, used 0K [0x00000000e8000000, 0x0000000100000000, 0x0000000100000000)
 Metaspace       used 24271K, capacity 24762K, committed 24828K, reserved 1071104K
  class space    used 2844K, capacity 3045K, committed 3068K, reserved 1048576K
2017-08-06T13:29:13.387+0200: 3,661: [GC (Allocation Failure) 2017-08-06T13:29:13.387+0200: 3,661: [ParNew
Desired survivor size 20112992 bytes, new threshold 8 (max 8)
- age   1:    2228456 bytes,    2228456 total
- age   2:    1772952 bytes,    4001408 total
- age   3:      45720 bytes,    4047128 total
- age   4:     100936 bytes,    4148064 total
- age   5:       1856 bytes,    4149920 total
- age   6:     203232 bytes,    4353152 total
- age   7:     960016 bytes,    5313168 total
- age   8:    5915184 bytes,   11228352 total
: 103090K->18932K(109248K), 0,0214513 secs] 103090K->18932K(502464K), 0,0215263 secs] [Times: user=0,07 sys=0,00, real=0,02 secs] 
Heap after GC invocations=8 (full 1):
 par new generation   total 109248K, used 18932K [0x00000000e0000000, 0x00000000e8000000, 0x00000000e8000000)
  eden space 87424K,   0% used [0x00000000e0000000, 0x00000000e0000000, 0x00000000e5560000)
  from space 21824K,  86% used [0x00000000e5560000, 0x00000000e67dd180, 0x00000000e6ab0000)
  to   space 21824K,   0% used [0x00000000e6ab0000, 0x00000000e6ab0000, 0x00000000e8000000)
 concurrent mark-sweep generation total 393216K, used 0K [0x00000000e8000000, 0x0000000100000000, 0x0000000100000000)
 Metaspace       used 24271K, capacity 24762K, committed 24828K, reserved 1071104K
  class space    used 2844K, capacity 3045K, committed 3068K, reserved 1048576K
}
2017-08-06T13:29:13.409+0200: 3,682: Total time for which application threads were stopped: 0,0221733 seconds, Stopping threads took: 0,0004155 seconds
{Heap before GC invocations=8 (full 1):
 par new generation   total 109248K, used 106356K [0x00000000e0000000, 0x00000000e8000000, 0x00000000e8000000)
  eden space 87424K, 100% used [0x00000000e0000000, 0x00000000e5560000, 0x00000000e5560000)
  from space 21824K,  86% used [0x00000000e5560000, 0x00000000e67dd180, 0x00000000e6ab0000)
  to   space 21824K,   0% used [0x00000000e6ab0000, 0x00000000e6ab0000, 0x00000000e8000000)
 concurrent mark-sweep generation total 393216K, used 0K [0x00000000e8000000, 0x0000000100000000, 0x0000000100000000)
 Metaspace       used 24685K, capacity 25188K, committed 25468K, reserved 1071104K
  class space    used 2883K, capacity 3079K, committed 3196K, reserved 1048576K
2017-08-06T13:29:13.486+0200: 3,759: [GC (Allocation Failure) 2017-08-06T13:29:13.486+0200: 3,759: [ParNew
Desired survivor size 20112992 bytes, new threshold 8 (max 8)
- age   1:     668440 bytes,     668440 total
- age   2:    1022392 bytes,    1690832 total
- age   3:    1750632 bytes,    3441464 total
- age   4:      45720 bytes,    3487184 total
- age   5:     100840 bytes,    3588024 total
- age   6:       1856 bytes,    3589880 total
- age   7:     200464 bytes,    3790344 total
- age   8:     959248 bytes,    4749592 total
: 106356K->8168K(109248K), 0,0308932 secs] 106356K->14026K(502464K), 0,0309594 secs] [Times: user=0,12 sys=0,00, real=0,02 secs] 
Heap after GC invocations=9 (full 1):
 par new generation   total 109248K, used 8168K [0x00000000e0000000, 0x00000000e8000000, 0x00000000e8000000)
  eden space 87424K,   0% used [0x00000000e0000000, 0x00000000e0000000, 0x00000000e5560000)
  from space 21824K,  37% used [0x00000000e6ab0000, 0x00000000e72aa340, 0x00000000e8000000)
  to   space 21824K,   0% used [0x00000000e5560000, 0x00000000e5560000, 0x00000000e6ab0000)
 concurrent mark-sweep generation total 393216K, used 5858K [0x00000000e8000000, 0x0000000100000000, 0x0000000100000000)
 Metaspace       used 24685K, capacity 25188K, committed 25468K, reserved 1071104K
  class space    used 2883K, capacity 3079K, committed 3196K, reserved 1048576K
}
2017-08-06T13:29:13.517+0200: 3,790: Total time for which application threads were stopped: 0,0323178 seconds, Stopping threads took: 0,0012048 seconds
2017-08-06T13:29:13.789+0200: 4,062: Total time for which application threads were stopped: 0,0018768 seconds, Stopping threads took: 0,0014818 seconds
2017-08-06T13:29:13.804+0200: 4,078: Total time for which application threads were stopped: 0,0006862 seconds, Stopping threads took: 0,0005531 seconds
2017-08-06T13:29:13.814+0200: 4,087: Total time for which application threads were stopped: 0,0001322 seconds, Stopping threads took: 0,0000392 seconds
2017-08-06T13:29:13.816+0200: 4,089: Total time for which application threads were stopped: 0,0001472 seconds, Stopping threads took: 0,0000420 seconds
2017-08-06T13:29:13.818+0200: 4,091: Total time for which application threads were stopped: 0,0001385 seconds, Stopping threads took: 0,0000432 seconds
2017-08-06T13:29:13.818+0200: 4,092: Total time for which application threads were stopped: 0,0000876 seconds, Stopping threads took: 0,0000151 seconds
2017-08-06T13:29:13.837+0200: 4,110: Total time for which application threads were stopped: 0,0008311 seconds, Stopping threads took: 0,0007405 seconds
2017-08-06T13:29:13.838+0200: 4,112: Total time for which application threads were stopped: 0,0004256 seconds, Stopping threads took: 0,0003306 seconds
2017-08-06T13:29:13.842+0200: 4,115: Total time for which application threads were stopped: 0,0001072 seconds, Stopping threads took: 0,0000208 seconds
2017-08-06T13:29:13.842+0200: 4,116: Total time for which application threads were stopped: 0,0000778 seconds, Stopping threads took: 0,0000128 seconds
2017-08-06T13:29:13.843+0200: 4,117: Total time for which application threads were stopped: 0,0000978 seconds, Stopping threads took: 0,0000169 seconds
2017-08-06T13:29:13.845+0200: 4,118: Total time for which application threads were stopped: 0,0001236 seconds, Stopping threads took: 0,0000244 seconds
2017-08-06T13:29:13.846+0200: 4,119: Total time for which application threads were stopped: 0,0002020 seconds, Stopping threads took: 0,0000487 seconds
2017-08-06T13:29:13.856+0200: 4,129: Total time for which application threads were stopped: 0,0001095 seconds, Stopping threads took: 0,0000388 seconds
2017-08-06T13:29:13.857+0200: 4,130: Total time for which application threads were stopped: 0,0000691 seconds, Stopping threads took: 0,0000105 seconds
2017-08-06T13:29:13.867+0200: 4,141: Total time for which application threads were stopped: 0,0001758 seconds, Stopping threads took: 0,0000816 seconds
2017-08-06T13:29:13.902+0200: 4,176: Total time for which application threads were stopped: 0,0004269 seconds, Stopping threads took: 0,0000392 seconds
2017-08-06T13:29:13.927+0200: 4,200: Total time for which application threads were stopped: 0,0001145 seconds, Stopping threads took: 0,0000328 seconds
2017-08-06T13:29:13.927+0200: 4,201: Total time for which application threads were stopped: 0,0003635 seconds, Stopping threads took: 0,0000155 seconds
2017-08-06T13:29:13.930+0200: 4,203: Total time for which application threads were stopped: 0,0001587 seconds, Stopping threads took: 0,0000403 seconds
2017-08-06T13:29:13.934+0200: 4,207: Total time for which application threads were stopped: 0,0002190 seconds, Stopping threads took: 0,0000355 seconds
2017-08-06T13:29:13.935+0200: 4,208: Total time for which application threads were stopped: 0,0001708 seconds, Stopping threads took: 0,0000636 seconds
2017-08-06T13:29:13.938+0200: 4,212: Total time for which application threads were stopped: 0,0001341 seconds, Stopping threads took: 0,0000228 seconds
2017-08-06T13:29:13.941+0200: 4,214: Total time for which application threads were stopped: 0,0001416 seconds, Stopping threads took: 0,0000346 seconds
2017-08-06T13:29:13.994+0200: 4,267: Total time for which application threads were stopped: 0,0001693 seconds, Stopping threads took: 0,0000295 seconds
2017-08-06T13:29:14.002+0200: 4,275: Total time for which application threads were stopped: 0,0044156 seconds, Stopping threads took: 0,0042533 seconds
2017-08-06T13:29:14.003+0200: 4,277: Total time for which application threads were stopped: 0,0003825 seconds, Stopping threads took: 0,0000420 seconds
2017-08-06T13:29:14.005+0200: 4,279: Total time for which application threads were stopped: 0,0011925 seconds, Stopping threads took: 0,0011261 seconds
2017-08-06T13:29:14.008+0200: 4,282: Total time for which application threads were stopped: 0,0001460 seconds, Stopping threads took: 0,0000708 seconds
2017-08-06T13:29:14.008+0200: 4,282: Total time for which application threads were stopped: 0,0000950 seconds, Stopping threads took: 0,0000334 seconds
2017-08-06T13:29:14.009+0200: 4,282: Total time for which application threads were stopped: 0,0000423 seconds, Stopping threads took: 0,0000079 seconds
2017-08-06T13:29:14.018+0200: 4,291: Total time for which application threads were stopped: 0,0001073 seconds, Stopping threads took: 0,0000343 seconds
2017-08-06T13:29:14.020+0200: 4,293: Total time for which application threads were stopped: 0,0000869 seconds, Stopping threads took: 0,0000230 seconds
2017-08-06T13:29:14.026+0200: 4,299: Total time for which application threads were stopped: 0,0001801 seconds, Stopping threads took: 0,0000421 seconds
2017-08-06T13:29:14.027+0200: 4,301: Total time for which application threads were stopped: 0,0002183 seconds, Stopping threads took: 0,0001251 seconds
2017-08-06T13:29:14.029+0200: 4,302: Total time for which application threads were stopped: 0,0007182 seconds, Stopping threads took: 0,0006019 seconds
2017-08-06T13:29:14.032+0200: 4,305: Total time for which application threads were stopped: 0,0009321 seconds, Stopping threads took: 0,0008225 seconds
2017-08-06T13:29:14.033+0200: 4,307: Total time for which application threads were stopped: 0,0012611 seconds, Stopping threads took: 0,0011118 seconds
2017-08-06T13:29:14.035+0200: 4,308: Total time for which application threads were stopped: 0,0010004 seconds, Stopping threads took: 0,0009035 seconds
2017-08-06T13:29:14.035+0200: 4,309: Total time for which application threads were stopped: 0,0001757 seconds, Stopping threads took: 0,0001115 seconds
2017-08-06T13:29:14.035+0200: 4,309: Total time for which application threads were stopped: 0,0001665 seconds, Stopping threads took: 0,0000990 seconds
2017-08-06T13:29:14.036+0200: 4,310: Total time for which application threads were stopped: 0,0001101 seconds, Stopping threads took: 0,0000357 seconds
2017-08-06T13:29:14.036+0200: 4,310: Total time for which application threads were stopped: 0,0000829 seconds, Stopping threads took: 0,0000238 seconds
2017-08-06T13:29:14.038+0200: 4,311: Total time for which application threads were stopped: 0,0001629 seconds, Stopping threads took: 0,0000395 seconds
2017-08-06T13:29:14.041+0200: 4,314: Total time for which application threads were stopped: 0,0002981 seconds, Stopping threads took: 0,0001886 seconds
2017-08-06T13:29:14.041+0200: 4,314: Total time for which application threads were stopped: 0,0003161 seconds, Stopping threads took: 0,0002635 seconds
2017-08-06T13:29:14.041+0200: 4,315: Total time for which application threads were stopped: 0,0001131 seconds, Stopping threads took: 0,0000324 seconds
2017-08-06T13:29:14.042+0200: 4,315: Total time for which application threads were stopped: 0,0000747 seconds, Stopping threads took: 0,0000198 seconds
2017-08-06T13:29:14.042+0200: 4,316: Total time for which application threads were stopped: 0,0005277 seconds, Stopping threads took: 0,0004268 seconds
2017-08-06T13:29:14.042+0200: 4,316: Total time for which application threads were stopped: 0,0001571 seconds, Stopping threads took: 0,0000319 seconds
2017-08-06T13:29:14.050+0200: 4,323: Total time for which application threads were stopped: 0,0022682 seconds, Stopping threads took: 0,0021617 seconds
2017-08-06T13:29:14.062+0200: 4,336: Total time for which application threads were stopped: 0,0001354 seconds, Stopping threads took: 0,0000438 seconds
2017-08-06T13:29:14.068+0200: 4,341: Total time for which application threads were stopped: 0,0014540 seconds, Stopping threads took: 0,0013411 seconds
2017-08-06T13:29:14.072+0200: 4,346: Total time for which application threads were stopped: 0,0001188 seconds, Stopping threads took: 0,0000258 seconds
2017-08-06T13:29:14.076+0200: 4,350: Total time for which application threads were stopped: 0,0001135 seconds, Stopping threads took: 0,0000335 seconds
2017-08-06T13:29:14.091+0200: 4,364: Total time for which application threads were stopped: 0,0012729 seconds, Stopping threads took: 0,0011928 seconds
2017-08-06T13:29:14.110+0200: 4,383: Total time for which application threads were stopped: 0,0051002 seconds, Stopping threads took: 0,0050270 seconds
2017-08-06T13:29:14.146+0200: 4,420: Total time for which application threads were stopped: 0,0001375 seconds, Stopping threads took: 0,0000267 seconds
{Heap before GC invocations=9 (full 1):
 par new generation   total 109248K, used 94947K [0x00000000e0000000, 0x00000000e8000000, 0x00000000e8000000)
  eden space 87424K,  99% used [0x00000000e0000000, 0x00000000e54bea60, 0x00000000e5560000)
  from space 21824K,  37% used [0x00000000e6ab0000, 0x00000000e72aa340, 0x00000000e8000000)
  to   space 21824K,   0% used [0x00000000e5560000, 0x00000000e5560000, 0x00000000e6ab0000)
 concurrent mark-sweep generation total 393216K, used 5858K [0x00000000e8000000, 0x0000000100000000, 0x0000000100000000)
 Metaspace       used 27689K, capacity 28210K, committed 28540K, reserved 1075200K
  class space    used 3169K, capacity 3356K, committed 3452K, reserved 1048576K
2017-08-06T13:29:14.152+0200: 4,425: [GC (Allocation Failure) 2017-08-06T13:29:14.152+0200: 4,426: [ParNew
Desired survivor size 20112992 bytes, new threshold 8 (max 8)
- age   1:    8639368 bytes,    8639368 total
- age   2:     196032 bytes,    8835400 total
- age   3:     242824 bytes,    9078224 total
- age   4:    1744216 bytes,   10822440 total
- age   5:      45720 bytes,   10868160 total
- age   6:      98280 bytes,   10966440 total
- age   7:       1856 bytes,   10968296 total
- age   8:     199824 bytes,   11168120 total
: 94947K->12230K(109248K), 0,0228336 secs] 100805K->19141K(502464K), 0,0229161 secs] [Times: user=0,05 sys=0,00, real=0,02 secs] 
Heap after GC invocations=10 (full 1):
 par new generation   total 109248K, used 12230K [0x00000000e0000000, 0x00000000e8000000, 0x00000000e8000000)
  eden space 87424K,   0% used [0x00000000e0000000, 0x00000000e0000000, 0x00000000e5560000)
  from space 21824K,  56% used [0x00000000e5560000, 0x00000000e6151ba8, 0x00000000e6ab0000)
  to   space 21824K,   0% used [0x00000000e6ab0000, 0x00000000e6ab0000, 0x00000000e8000000)
 concurrent mark-sweep generation total 393216K, used 6910K [0x00000000e8000000, 0x0000000100000000, 0x0000000100000000)
 Metaspace       used 27689K, capacity 28210K, committed 28540K, reserved 1075200K
  class space    used 3169K, capacity 3356K, committed 3452K, reserved 1048576K
}
2017-08-06T13:29:14.175+0200: 4,448: Total time for which application threads were stopped: 0,0231084 seconds, Stopping threads took: 0,0000489 seconds
2017-08-06T13:29:14.182+0200: 4,455: Total time for which application threads were stopped: 0,0005822 seconds, Stopping threads took: 0,0005159 seconds
2017-08-06T13:29:14.182+0200: 4,455: Total time for which application threads were stopped: 0,0000467 seconds, Stopping threads took: 0,0000088 seconds
2017-08-06T13:29:14.189+0200: 4,462: Total time for which application threads were stopped: 0,0005020 seconds, Stopping threads took: 0,0000252 seconds
2017-08-06T13:29:14.189+0200: 4,463: Total time for which application threads were stopped: 0,0000887 seconds, Stopping threads took: 0,0000287 seconds
2017-08-06T13:29:15.189+0200: 5,463: Total time for which application threads were stopped: 0,0000750 seconds, Stopping threads took: 0,0000171 seconds
2017-08-06T13:30:31.675+0200: 82,471: Total time for which application threads were stopped: 0,0000637 seconds, Stopping threads took: 0,0000168 seconds
2017-08-06T13:31:06.679+0200: 117,475: Total time for which application threads were stopped: 0,0001048 seconds, Stopping threads took: 0,0000400 seconds
2017-08-06T13:31:11.680+0200: 122,476: Total time for which application threads were stopped: 0,0000634 seconds, Stopping threads took: 0,0000156 seconds
2017-08-06T13:31:50.684+0200: 161,480: Total time for which application threads were stopped: 0,0000810 seconds, Stopping threads took: 0,0000331 seconds
2017-08-06T13:31:55.685+0200: 166,481: Total time for which application threads were stopped: 0,0004852 seconds, Stopping threads took: 0,0001715 seconds
2017-08-06T13:32:00.685+0200: 171,482: Total time for which application threads were stopped: 0,0000688 seconds, Stopping threads took: 0,0000177 seconds
2017-08-06T13:32:05.686+0200: 176,482: Total time for which application threads were stopped: 0,0001339 seconds, Stopping threads took: 0,0000331 seconds
2017-08-06T13:32:10.687+0200: 181,483: Total time for which application threads were stopped: 0,0001331 seconds, Stopping threads took: 0,0000315 seconds
2017-08-06T13:33:40.696+0200: 271,493: Total time for which application threads were stopped: 0,0001009 seconds, Stopping threads took: 0,0000332 seconds
2017-08-06T13:33:46.697+0200: 277,493: Total time for which application threads were stopped: 0,0000820 seconds, Stopping threads took: 0,0000187 seconds
2017-08-06T13:52:40.812+0200: 1411,608: Total time for which application threads were stopped: 0,0000882 seconds, Stopping threads took: 0,0000350 seconds
2017-08-06T13:57:35.841+0200: 1706,638: Total time for which application threads were stopped: 0,0002138 seconds, Stopping threads took: 0,0000735 seconds
2017-08-06T14:00:19.229+0200: 1870,025: Total time for which application threads were stopped: 0,0125439 seconds, Stopping threads took: 0,0124572 seconds
2017-08-06T14:00:19.230+0200: 1870,026: Total time for which application threads were stopped: 0,0000695 seconds, Stopping threads took: 0,0000123 seconds
2017-08-06T14:00:19.233+0200: 1870,030: Total time for which application threads were stopped: 0,0001010 seconds, Stopping threads took: 0,0000187 seconds
2017-08-06T14:00:19.233+0200: 1870,030: Total time for which application threads were stopped: 0,0000632 seconds, Stopping threads took: 0,0000083 seconds
2017-08-06T14:00:19.233+0200: 1870,030: Total time for which application threads were stopped: 0,0001091 seconds, Stopping threads took: 0,0000132 seconds
2017-08-06T14:00:19.235+0200: 1870,031: Total time for which application threads were stopped: 0,0001056 seconds, Stopping threads took: 0,0000334 seconds
2017-08-06T14:00:19.235+0200: 1870,032: Total time for which application threads were stopped: 0,0000872 seconds, Stopping threads took: 0,0000243 seconds
2017-08-06T14:00:19.235+0200: 1870,032: Total time for which application threads were stopped: 0,0000674 seconds, Stopping threads took: 0,0000165 seconds
2017-08-06T14:00:19.236+0200: 1870,032: Total time for which application threads were stopped: 0,0000875 seconds, Stopping threads took: 0,0000139 seconds
2017-08-06T14:00:19.236+0200: 1870,032: Total time for which application threads were stopped: 0,0000898 seconds, Stopping threads took: 0,0000088 seconds
2017-08-06T14:00:19.236+0200: 1870,033: Total time for which application threads were stopped: 0,0000630 seconds, Stopping threads took: 0,0000105 seconds
2017-08-06T14:00:19.236+0200: 1870,033: Total time for which application threads were stopped: 0,0000522 seconds, Stopping threads took: 0,0000078 seconds
2017-08-06T14:00:19.236+0200: 1870,033: Total time for which application threads were stopped: 0,0000483 seconds, Stopping threads took: 0,0000069 seconds
2017-08-06T14:00:19.236+0200: 1870,033: Total time for which application threads were stopped: 0,0000437 seconds, Stopping threads took: 0,0000063 seconds
2017-08-06T14:00:19.236+0200: 1870,033: Total time for which application threads were stopped: 0,0000433 seconds, Stopping threads took: 0,0000055 seconds
2017-08-06T14:00:19.237+0200: 1870,033: Total time for which application threads were stopped: 0,0000630 seconds, Stopping threads took: 0,0000067 seconds
2017-08-06T14:00:19.237+0200: 1870,033: Total time for which application threads were stopped: 0,0000725 seconds, Stopping threads took: 0,0000072 seconds
2017-08-06T14:00:19.237+0200: 1870,033: Total time for which application threads were stopped: 0,0000598 seconds, Stopping threads took: 0,0000058 seconds
2017-08-06T14:00:19.237+0200: 1870,034: Total time for which application threads were stopped: 0,0000422 seconds, Stopping threads took: 0,0000051 seconds
2017-08-06T14:00:19.237+0200: 1870,034: Total time for which application threads were stopped: 0,0000395 seconds, Stopping threads took: 0,0000052 seconds
2017-08-06T14:00:19.237+0200: 1870,034: Total time for which application threads were stopped: 0,0000377 seconds, Stopping threads took: 0,0000049 seconds
2017-08-06T14:00:19.237+0200: 1870,034: Total time for which application threads were stopped: 0,0000354 seconds, Stopping threads took: 0,0000046 seconds
2017-08-06T14:00:19.242+0200: 1870,038: Total time for which application threads were stopped: 0,0001190 seconds, Stopping threads took: 0,0000341 seconds
2017-08-06T14:00:19.251+0200: 1870,048: Total time for which application threads were stopped: 0,0000995 seconds, Stopping threads took: 0,0000173 seconds
2017-08-06T14:00:19.251+0200: 1870,048: Total time for which application threads were stopped: 0,0000660 seconds, Stopping threads took: 0,0000089 seconds
2017-08-06T14:00:19.251+0200: 1870,048: Total time for which application threads were stopped: 0,0000535 seconds, Stopping threads took: 0,0000071 seconds
2017-08-06T14:00:19.251+0200: 1870,048: Total time for which application threads were stopped: 0,0000547 seconds, Stopping threads took: 0,0000074 seconds
2017-08-06T14:00:19.251+0200: 1870,048: Total time for which application threads were stopped: 0,0000483 seconds, Stopping threads took: 0,0000066 seconds
2017-08-06T14:00:19.252+0200: 1870,048: Total time for which application threads were stopped: 0,0000512 seconds, Stopping threads took: 0,0000058 seconds
2017-08-06T14:00:19.252+0200: 1870,048: Total time for which application threads were stopped: 0,0000443 seconds, Stopping threads took: 0,0000052 seconds
2017-08-06T14:00:19.252+0200: 1870,048: Total time for which application threads were stopped: 0,0000481 seconds, Stopping threads took: 0,0000093 seconds
2017-08-06T14:00:19.252+0200: 1870,048: Total time for which application threads were stopped: 0,0000472 seconds, Stopping threads took: 0,0000069 seconds
2017-08-06T14:00:19.254+0200: 1870,050: Total time for which application threads were stopped: 0,0018882 seconds, Stopping threads took: 0,0000073 seconds
2017-08-06T14:00:19.266+0200: 1870,063: Total time for which application threads were stopped: 0,0000945 seconds, Stopping threads took: 0,0000271 seconds
2017-08-06T14:00:19.266+0200: 1870,063: Total time for which application threads were stopped: 0,0000562 seconds, Stopping threads took: 0,0000152 seconds
2017-08-06T14:00:19.267+0200: 1870,063: Total time for which application threads were stopped: 0,0000486 seconds, Stopping threads took: 0,0000150 seconds
2017-08-06T14:00:19.267+0200: 1870,063: Total time for which application threads were stopped: 0,0000457 seconds, Stopping threads took: 0,0000142 seconds
2017-08-06T14:00:19.267+0200: 1870,063: Total time for which application threads were stopped: 0,0000473 seconds, Stopping threads took: 0,0000157 seconds
2017-08-06T14:00:19.267+0200: 1870,063: Total time for which application threads were stopped: 0,0000572 seconds, Stopping threads took: 0,0000218 seconds
2017-08-06T14:00:19.268+0200: 1870,064: Total time for which application threads were stopped: 0,0000872 seconds, Stopping threads took: 0,0000234 seconds
2017-08-06T14:00:19.268+0200: 1870,065: Total time for which application threads were stopped: 0,0000395 seconds, Stopping threads took: 0,0000064 seconds
2017-08-06T14:00:19.268+0200: 1870,065: Total time for which application threads were stopped: 0,0000359 seconds, Stopping threads took: 0,0000052 seconds
2017-08-06T14:00:19.268+0200: 1870,065: Total time for which application threads were stopped: 0,0000336 seconds, Stopping threads took: 0,0000047 seconds
2017-08-06T14:00:19.268+0200: 1870,065: Total time for which application threads were stopped: 0,0000354 seconds, Stopping threads took: 0,0000047 seconds
2017-08-06T14:00:19.268+0200: 1870,065: Total time for which application threads were stopped: 0,0000352 seconds, Stopping threads took: 0,0000046 seconds
2017-08-06T14:00:19.268+0200: 1870,065: Total time for which application threads were stopped: 0,0000326 seconds, Stopping threads took: 0,0000043 seconds
2017-08-06T14:00:19.268+0200: 1870,065: Total time for which application threads were stopped: 0,0000346 seconds, Stopping threads took: 0,0000060 seconds
2017-08-06T14:00:19.277+0200: 1870,074: Total time for which application threads were stopped: 0,0001044 seconds, Stopping threads took: 0,0000249 seconds
2017-08-06T14:00:19.278+0200: 1870,074: Total time for which application threads were stopped: 0,0000575 seconds, Stopping threads took: 0,0000147 seconds
2017-08-06T14:00:19.278+0200: 1870,075: Total time for which application threads were stopped: 0,0000945 seconds, Stopping threads took: 0,0000243 seconds
2017-08-06T14:00:19.284+0200: 1870,081: Total time for which application threads were stopped: 0,0001233 seconds, Stopping threads took: 0,0000349 seconds
2017-08-06T14:00:19.284+0200: 1870,081: Total time for which application threads were stopped: 0,0000595 seconds, Stopping threads took: 0,0000108 seconds
2017-08-06T14:00:19.285+0200: 1870,081: Total time for which application threads were stopped: 0,0000593 seconds, Stopping threads took: 0,0000159 seconds
2017-08-06T14:00:19.285+0200: 1870,081: Total time for which application threads were stopped: 0,0000649 seconds, Stopping threads took: 0,0000170 seconds
2017-08-06T14:00:19.285+0200: 1870,081: Total time for which application threads were stopped: 0,0000587 seconds, Stopping threads took: 0,0000160 seconds
2017-08-06T14:00:19.285+0200: 1870,081: Total time for which application threads were stopped: 0,0000565 seconds, Stopping threads took: 0,0000174 seconds
2017-08-06T14:00:19.285+0200: 1870,082: Total time for which application threads were stopped: 0,0000585 seconds, Stopping threads took: 0,0000158 seconds
2017-08-06T14:00:19.287+0200: 1870,084: Total time for which application threads were stopped: 0,0001016 seconds, Stopping threads took: 0,0000293 seconds
2017-08-06T14:00:19.287+0200: 1870,084: Total time for which application threads were stopped: 0,0000653 seconds, Stopping threads took: 0,0000179 seconds
2017-08-06T14:00:19.287+0200: 1870,084: Total time for which application threads were stopped: 0,0000550 seconds, Stopping threads took: 0,0000131 seconds
2017-08-06T14:00:19.288+0200: 1870,084: Total time for which application threads were stopped: 0,0000673 seconds, Stopping threads took: 0,0000196 seconds
2017-08-06T14:00:19.288+0200: 1870,084: Total time for which application threads were stopped: 0,0000565 seconds, Stopping threads took: 0,0000163 seconds
2017-08-06T14:00:19.288+0200: 1870,085: Total time for which application threads were stopped: 0,0000563 seconds, Stopping threads took: 0,0000169 seconds
2017-08-06T14:00:19.288+0200: 1870,085: Total time for which application threads were stopped: 0,0000599 seconds, Stopping threads took: 0,0000167 seconds
2017-08-06T14:00:19.288+0200: 1870,085: Total time for which application threads were stopped: 0,0000472 seconds, Stopping threads took: 0,0000123 seconds
2017-08-06T14:00:19.288+0200: 1870,085: Total time for which application threads were stopped: 0,0000491 seconds, Stopping threads took: 0,0000131 seconds
2017-08-06T14:00:19.289+0200: 1870,085: Total time for which application threads were stopped: 0,0000720 seconds, Stopping threads took: 0,0000211 seconds
2017-08-06T14:00:19.289+0200: 1870,085: Total time for which application threads were stopped: 0,0000497 seconds, Stopping threads took: 0,0000105 seconds
2017-08-06T14:00:19.289+0200: 1870,086: Total time for which application threads were stopped: 0,0002192 seconds, Stopping threads took: 0,0000140 seconds
2017-08-06T14:00:19.290+0200: 1870,087: Total time for which application threads were stopped: 0,0001336 seconds, Stopping threads took: 0,0000589 seconds
2017-08-06T14:00:19.296+0200: 1870,093: Total time for which application threads were stopped: 0,0016978 seconds, Stopping threads took: 0,0016240 seconds
2017-08-06T14:00:19.297+0200: 1870,094: Total time for which application threads were stopped: 0,0001213 seconds, Stopping threads took: 0,0000248 seconds
2017-08-06T14:00:19.298+0200: 1870,095: Total time for which application threads were stopped: 0,0001001 seconds, Stopping threads took: 0,0000218 seconds
Heap
 par new generation   total 109248K, used 39612K [0x00000000e0000000, 0x00000000e8000000, 0x00000000e8000000)
  eden space 87424K,  31% used [0x00000000e0000000, 0x00000000e1abd760, 0x00000000e5560000)
  from space 21824K,  56% used [0x00000000e5560000, 0x00000000e6151ba8, 0x00000000e6ab0000)
  to   space 21824K,   0% used [0x00000000e6ab0000, 0x00000000e6ab0000, 0x00000000e8000000)
 concurrent mark-sweep generation total 393216K, used 6910K [0x00000000e8000000, 0x0000000100000000, 0x0000000100000000)
 Metaspace       used 28117K, capacity 28602K, committed 28796K, reserved 1075200K
  class space    used 3225K, capacity 3422K, committed 3452K, reserved 1048576K
