OpenJDK 64-Bit Server VM (25.131-b11) for linux-amd64 JRE (1.8.0_131-8u131-b11-2ubuntu1.16.04.3-b11), built on Jul 28 2017 01:23:32 by "buildd" with gcc 5.4.0 20160609
Memory: 4k page, physical 7867732k(7481116k free), swap 8076284k(8076284k free)
CommandLine flags: -XX:CMSInitiatingOccupancyFraction=50 -XX:CMSMaxAbortablePrecleanTime=6000 -XX:+CMSParallelRemarkEnabled -XX:+CMSScavengeBeforeRemark -XX:ConcGCThreads=4 -XX:InitialHeapSize=536870912 -XX:MaxHeapSize=536870912 -XX:MaxTenuringThreshold=8 -XX:NewRatio=3 -XX:OldPLABSize=16 -XX:OnOutOfMemoryError=/opt/solr/bin/oom_solr.sh 8983 /var/solr/logs -XX:ParallelGCThreads=4 -XX:+ParallelRefProcEnabled -XX:PretenureSizeThreshold=67108864 -XX:+PrintGC -XX:+PrintGCApplicationStoppedTime -XX:+PrintGCDateStamps -XX:+PrintGCDetails -XX:+PrintGCTimeStamps -XX:+PrintHeapAtGC -XX:+PrintTenuringDistribution -XX:SurvivorRatio=4 -XX:TargetSurvivorRatio=90 -XX:ThreadStackSize=256 -XX:+UseCMSInitiatingOccupancyOnly -XX:+UseCompressedClassPointers -XX:+UseCompressedOops -XX:+UseConcMarkSweepGC -XX:+UseParNewGC 
2017-08-17T14:57:49.000+0200: 0,319: Total time for which application threads were stopped: 0,0000704 seconds, Stopping threads took: 0,0000125 seconds
2017-08-17T14:57:49.120+0200: 0,439: Total time for which application threads were stopped: 0,0001267 seconds, Stopping threads took: 0,0000131 seconds
2017-08-17T14:57:49.207+0200: 0,526: Total time for which application threads were stopped: 0,0001093 seconds, Stopping threads took: 0,0000147 seconds
2017-08-17T14:57:49.645+0200: 0,965: Total time for which application threads were stopped: 0,0001814 seconds, Stopping threads took: 0,0000130 seconds
2017-08-17T14:57:49.932+0200: 1,251: Total time for which application threads were stopped: 0,0012018 seconds, Stopping threads took: 0,0000240 seconds
2017-08-17T14:57:50.023+0200: 1,342: Total time for which application threads were stopped: 0,0001567 seconds, Stopping threads took: 0,0000310 seconds
2017-08-17T14:57:50.049+0200: 1,368: Total time for which application threads were stopped: 0,0006469 seconds, Stopping threads took: 0,0000275 seconds
2017-08-17T14:57:50.357+0200: 1,677: Total time for which application threads were stopped: 0,0004673 seconds, Stopping threads took: 0,0000118 seconds
2017-08-17T14:57:50.602+0200: 1,921: Total time for which application threads were stopped: 0,0002051 seconds, Stopping threads took: 0,0000209 seconds
2017-08-17T14:57:50.630+0200: 1,950: Total time for which application threads were stopped: 0,0001709 seconds, Stopping threads took: 0,0000226 seconds
2017-08-17T14:57:50.668+0200: 1,987: Total time for which application threads were stopped: 0,0002269 seconds, Stopping threads took: 0,0000215 seconds
2017-08-17T14:57:50.669+0200: 1,988: Total time for which application threads were stopped: 0,0001830 seconds, Stopping threads took: 0,0000210 seconds
2017-08-17T14:57:50.688+0200: 2,008: Total time for which application threads were stopped: 0,0001759 seconds, Stopping threads took: 0,0000249 seconds
2017-08-17T14:57:50.759+0200: 2,078: Total time for which application threads were stopped: 0,0002547 seconds, Stopping threads took: 0,0000257 seconds
2017-08-17T14:57:50.936+0200: 2,256: Total time for which application threads were stopped: 0,0016290 seconds, Stopping threads took: 0,0013856 seconds
{Heap before GC invocations=0 (full 0):
 par new generation   total 109248K, used 87424K [0x00000000e0000000, 0x00000000e8000000, 0x00000000e8000000)
  eden space 87424K, 100% used [0x00000000e0000000, 0x00000000e5560000, 0x00000000e5560000)
  from space 21824K,   0% used [0x00000000e5560000, 0x00000000e5560000, 0x00000000e6ab0000)
  to   space 21824K,   0% used [0x00000000e6ab0000, 0x00000000e6ab0000, 0x00000000e8000000)
 concurrent mark-sweep generation total 393216K, used 0K [0x00000000e8000000, 0x0000000100000000, 0x0000000100000000)
 Metaspace       used 17835K, capacity 18176K, committed 18304K, reserved 1064960K
  class space    used 2024K, capacity 2164K, committed 2176K, reserved 1048576K
2017-08-17T14:57:50.976+0200: 2,296: [GC (Allocation Failure) 2017-08-17T14:57:50.976+0200: 2,296: [ParNew
Desired survivor size 20112992 bytes, new threshold 8 (max 8)
- age   1:   11640376 bytes,   11640376 total
: 87424K->11477K(109248K), 0,0156761 secs] 87424K->11477K(502464K), 0,0157738 secs] [Times: user=0,04 sys=0,01, real=0,02 secs] 
Heap after GC invocations=1 (full 0):
 par new generation   total 109248K, used 11477K [0x00000000e0000000, 0x00000000e8000000, 0x00000000e8000000)
  eden space 87424K,   0% used [0x00000000e0000000, 0x00000000e0000000, 0x00000000e5560000)
  from space 21824K,  52% used [0x00000000e6ab0000, 0x00000000e75e57f8, 0x00000000e8000000)
  to   space 21824K,   0% used [0x00000000e5560000, 0x00000000e5560000, 0x00000000e6ab0000)
 concurrent mark-sweep generation total 393216K, used 0K [0x00000000e8000000, 0x0000000100000000, 0x0000000100000000)
 Metaspace       used 17835K, capacity 18176K, committed 18304K, reserved 1064960K
  class space    used 2024K, capacity 2164K, committed 2176K, reserved 1048576K
}
2017-08-17T14:57:50.992+0200: 2,311: Total time for which application threads were stopped: 0,0160191 seconds, Stopping threads took: 0,0000478 seconds
2017-08-17T14:57:51.422+0200: 2,741: Total time for which application threads were stopped: 0,0050237 seconds, Stopping threads took: 0,0047270 seconds
{Heap before GC invocations=1 (full 0):
 par new generation   total 109248K, used 98901K [0x00000000e0000000, 0x00000000e8000000, 0x00000000e8000000)
  eden space 87424K, 100% used [0x00000000e0000000, 0x00000000e5560000, 0x00000000e5560000)
  from space 21824K,  52% used [0x00000000e6ab0000, 0x00000000e75e57f8, 0x00000000e8000000)
  to   space 21824K,   0% used [0x00000000e5560000, 0x00000000e5560000, 0x00000000e6ab0000)
 concurrent mark-sweep generation total 393216K, used 0K [0x00000000e8000000, 0x0000000100000000, 0x0000000100000000)
 Metaspace       used 20022K, capacity 20350K, committed 20736K, reserved 1067008K
  class space    used 2292K, capacity 2465K, committed 2560K, reserved 1048576K
2017-08-17T14:57:51.462+0200: 2,781: [GC (Allocation Failure) 2017-08-17T14:57:51.462+0200: 2,781: [ParNew
Desired survivor size 20112992 bytes, new threshold 8 (max 8)
- age   1:    4378216 bytes,    4378216 total
- age   2:    6205016 bytes,   10583232 total
: 98901K->14707K(109248K), 0,0109545 secs] 98901K->14707K(502464K), 0,0110252 secs] [Times: user=0,04 sys=0,00, real=0,01 secs] 
Heap after GC invocations=2 (full 0):
 par new generation   total 109248K, used 14707K [0x00000000e0000000, 0x00000000e8000000, 0x00000000e8000000)
  eden space 87424K,   0% used [0x00000000e0000000, 0x00000000e0000000, 0x00000000e5560000)
  from space 21824K,  67% used [0x00000000e5560000, 0x00000000e63bcc40, 0x00000000e6ab0000)
  to   space 21824K,   0% used [0x00000000e6ab0000, 0x00000000e6ab0000, 0x00000000e8000000)
 concurrent mark-sweep generation total 393216K, used 0K [0x00000000e8000000, 0x0000000100000000, 0x0000000100000000)
 Metaspace       used 20022K, capacity 20350K, committed 20736K, reserved 1067008K
  class space    used 2292K, capacity 2465K, committed 2560K, reserved 1048576K
}
2017-08-17T14:57:51.473+0200: 2,792: Total time for which application threads were stopped: 0,0112361 seconds, Stopping threads took: 0,0000579 seconds
2017-08-17T14:57:51.478+0200: 2,797: Total time for which application threads were stopped: 0,0014847 seconds, Stopping threads took: 0,0012332 seconds
2017-08-17T14:57:51.514+0200: 2,833: Total time for which application threads were stopped: 0,0034073 seconds, Stopping threads took: 0,0031098 seconds
2017-08-17T14:57:51.649+0200: 2,968: Total time for which application threads were stopped: 0,0002081 seconds, Stopping threads took: 0,0000492 seconds
{Heap before GC invocations=2 (full 0):
 par new generation   total 109248K, used 102131K [0x00000000e0000000, 0x00000000e8000000, 0x00000000e8000000)
  eden space 87424K, 100% used [0x00000000e0000000, 0x00000000e5560000, 0x00000000e5560000)
  from space 21824K,  67% used [0x00000000e5560000, 0x00000000e63bcc40, 0x00000000e6ab0000)
  to   space 21824K,   0% used [0x00000000e6ab0000, 0x00000000e6ab0000, 0x00000000e8000000)
 concurrent mark-sweep generation total 393216K, used 0K [0x00000000e8000000, 0x0000000100000000, 0x0000000100000000)
 Metaspace       used 20948K, capacity 21272K, committed 21628K, reserved 1069056K
  class space    used 2414K, capacity 2584K, committed 2684K, reserved 1048576K
2017-08-17T14:57:51.684+0200: 3,004: [GC (Allocation Failure) 2017-08-17T14:57:51.685+0200: 3,004: [ParNew
Desired survivor size 20112992 bytes, new threshold 8 (max 8)
- age   1:    2312352 bytes,    2312352 total
- age   2:    1324360 bytes,    3636712 total
- age   3:    6203216 bytes,    9839928 total
: 102131K->12856K(109248K), 0,0106188 secs] 102131K->12856K(502464K), 0,0107008 secs] [Times: user=0,04 sys=0,00, real=0,01 secs] 
Heap after GC invocations=3 (full 0):
 par new generation   total 109248K, used 12856K [0x00000000e0000000, 0x00000000e8000000, 0x00000000e8000000)
  eden space 87424K,   0% used [0x00000000e0000000, 0x00000000e0000000, 0x00000000e5560000)
  from space 21824K,  58% used [0x00000000e6ab0000, 0x00000000e773e290, 0x00000000e8000000)
  to   space 21824K,   0% used [0x00000000e5560000, 0x00000000e5560000, 0x00000000e6ab0000)
 concurrent mark-sweep generation total 393216K, used 0K [0x00000000e8000000, 0x0000000100000000, 0x0000000100000000)
 Metaspace       used 20948K, capacity 21272K, committed 21628K, reserved 1069056K
  class space    used 2414K, capacity 2584K, committed 2684K, reserved 1048576K
}
2017-08-17T14:57:51.695+0200: 3,014: Total time for which application threads were stopped: 0,0112263 seconds, Stopping threads took: 0,0003924 seconds
2017-08-17T14:57:51.695+0200: 3,015: [GC (CMS Initial Mark) [1 CMS-initial-mark: 0K(393216K)] 12888K(502464K), 0,0047384 secs] [Times: user=0,01 sys=0,00, real=0,01 secs] 
2017-08-17T14:57:51.700+0200: 3,019: Total time for which application threads were stopped: 0,0048676 seconds, Stopping threads took: 0,0000370 seconds
2017-08-17T14:57:51.700+0200: 3,019: [CMS-concurrent-mark-start]
2017-08-17T14:57:51.701+0200: 3,020: [CMS-concurrent-mark: 0,001/0,001 secs] [Times: user=0,00 sys=0,00, real=0,00 secs] 
2017-08-17T14:57:51.701+0200: 3,020: [CMS-concurrent-preclean-start]
2017-08-17T14:57:51.702+0200: 3,021: [CMS-concurrent-preclean: 0,001/0,001 secs] [Times: user=0,01 sys=0,00, real=0,00 secs] 
2017-08-17T14:57:51.702+0200: 3,021: [CMS-concurrent-abortable-preclean-start]
2017-08-17T14:57:51.777+0200: 3,097: Total time for which application threads were stopped: 0,0001292 seconds, Stopping threads took: 0,0000292 seconds
{Heap before GC invocations=3 (full 1):
 par new generation   total 109248K, used 100280K [0x00000000e0000000, 0x00000000e8000000, 0x00000000e8000000)
  eden space 87424K, 100% used [0x00000000e0000000, 0x00000000e5560000, 0x00000000e5560000)
  from space 21824K,  58% used [0x00000000e6ab0000, 0x00000000e773e290, 0x00000000e8000000)
  to   space 21824K,   0% used [0x00000000e5560000, 0x00000000e5560000, 0x00000000e6ab0000)
 concurrent mark-sweep generation total 393216K, used 0K [0x00000000e8000000, 0x0000000100000000, 0x0000000100000000)
 Metaspace       used 21226K, capacity 21612K, committed 21884K, reserved 1069056K
  class space    used 2443K, capacity 2599K, committed 2684K, reserved 1048576K
2017-08-17T14:57:51.813+0200: 3,132: [GC (Allocation Failure) 2017-08-17T14:57:51.813+0200: 3,132: [ParNew
Desired survivor size 20112992 bytes, new threshold 8 (max 8)
- age   1:    1090232 bytes,    1090232 total
- age   2:    1459232 bytes,    2549464 total
- age   3:    1293408 bytes,    3842872 total
- age   4:    6203088 bytes,   10045960 total
: 100280K->11321K(109248K), 0,0108529 secs] 100280K->11321K(502464K), 0,0109180 secs] [Times: user=0,03 sys=0,01, real=0,01 secs] 
Heap after GC invocations=4 (full 1):
 par new generation   total 109248K, used 11321K [0x00000000e0000000, 0x00000000e8000000, 0x00000000e8000000)
  eden space 87424K,   0% used [0x00000000e0000000, 0x00000000e0000000, 0x00000000e5560000)
  from space 21824K,  51% used [0x00000000e5560000, 0x00000000e606e770, 0x00000000e6ab0000)
  to   space 21824K,   0% used [0x00000000e6ab0000, 0x00000000e6ab0000, 0x00000000e8000000)
 concurrent mark-sweep generation total 393216K, used 0K [0x00000000e8000000, 0x0000000100000000, 0x0000000100000000)
 Metaspace       used 21226K, capacity 21612K, committed 21884K, reserved 1069056K
  class space    used 2443K, capacity 2599K, committed 2684K, reserved 1048576K
}
2017-08-17T14:57:51.824+0200: 3,143: Total time for which application threads were stopped: 0,0111341 seconds, Stopping threads took: 0,0000876 seconds
2017-08-17T14:57:51.824+0200: 3,143: [CMS-concurrent-abortable-preclean: 0,084/0,122 secs] [Times: user=0,44 sys=0,01, real=0,12 secs] 
2017-08-17T14:57:51.824+0200: 3,144: [GC (CMS Final Remark) [YG occupancy: 12642 K (109248 K)]{Heap before GC invocations=4 (full 1):
 par new generation   total 109248K, used 12642K [0x00000000e0000000, 0x00000000e8000000, 0x00000000e8000000)
  eden space 87424K,   1% used [0x00000000e0000000, 0x00000000e014a1e0, 0x00000000e5560000)
  from space 21824K,  51% used [0x00000000e5560000, 0x00000000e606e770, 0x00000000e6ab0000)
  to   space 21824K,   0% used [0x00000000e6ab0000, 0x00000000e6ab0000, 0x00000000e8000000)
 concurrent mark-sweep generation total 393216K, used 0K [0x00000000e8000000, 0x0000000100000000, 0x0000000100000000)
 Metaspace       used 21226K, capacity 21612K, committed 21884K, reserved 1069056K
  class space    used 2443K, capacity 2599K, committed 2684K, reserved 1048576K
2017-08-17T14:57:51.824+0200: 3,144: [GC (CMS Final Remark) 2017-08-17T14:57:51.824+0200: 3,144: [ParNew
Desired survivor size 20112992 bytes, new threshold 8 (max 8)
- age   1:      73072 bytes,      73072 total
- age   2:    1038296 bytes,    1111368 total
- age   3:    1459232 bytes,    2570600 total
- age   4:    1293408 bytes,    3864008 total
- age   5:    6203184 bytes,   10067192 total
: 12642K->15077K(109248K), 0,0148965 secs] 12642K->15077K(502464K), 0,0149363 secs] [Times: user=0,04 sys=0,00, real=0,02 secs] 
Heap after GC invocations=5 (full 1):
 par new generation   total 109248K, used 15077K [0x00000000e0000000, 0x00000000e8000000, 0x00000000e8000000)
  eden space 87424K,   0% used [0x00000000e0000000, 0x00000000e0000000, 0x00000000e5560000)
  from space 21824K,  69% used [0x00000000e6ab0000, 0x00000000e7969720, 0x00000000e8000000)
  to   space 21824K,   0% used [0x00000000e5560000, 0x00000000e5560000, 0x00000000e6ab0000)
 concurrent mark-sweep generation total 393216K, used 0K [0x00000000e8000000, 0x0000000100000000, 0x0000000100000000)
 Metaspace       used 21226K, capacity 21612K, committed 21884K, reserved 1069056K
  class space    used 2443K, capacity 2599K, committed 2684K, reserved 1048576K
}
2017-08-17T14:57:51.839+0200: 3,159: [Rescan (parallel) , 0,0038595 secs]2017-08-17T14:57:51.843+0200: 3,162: [weak refs processing, 0,0047993 secs]2017-08-17T14:57:51.848+0200: 3,167: [class unloading, 0,0027942 secs]2017-08-17T14:57:51.851+0200: 3,170: [scrub symbol table, 0,0024785 secs]2017-08-17T14:57:51.853+0200: 3,173: [scrub string table, 0,0003656 secs][1 CMS-remark: 0K(393216K)] 15077K(502464K), 0,0298426 secs] [Times: user=0,08 sys=0,00, real=0,03 secs] 
2017-08-17T14:57:51.854+0200: 3,173: Total time for which application threads were stopped: 0,0299593 seconds, Stopping threads took: 0,0000396 seconds
2017-08-17T14:57:51.855+0200: 3,174: [CMS-concurrent-sweep-start]
2017-08-17T14:57:51.855+0200: 3,174: [CMS-concurrent-sweep: 0,000/0,000 secs] [Times: user=0,00 sys=0,00, real=0,00 secs] 
2017-08-17T14:57:51.855+0200: 3,174: [CMS-concurrent-reset-start]
2017-08-17T14:57:51.857+0200: 3,176: [CMS-concurrent-reset: 0,002/0,002 secs] [Times: user=0,00 sys=0,00, real=0,00 secs] 
{Heap before GC invocations=5 (full 1):
 par new generation   total 109248K, used 102501K [0x00000000e0000000, 0x00000000e8000000, 0x00000000e8000000)
  eden space 87424K, 100% used [0x00000000e0000000, 0x00000000e5560000, 0x00000000e5560000)
  from space 21824K,  69% used [0x00000000e6ab0000, 0x00000000e7969720, 0x00000000e8000000)
  to   space 21824K,   0% used [0x00000000e5560000, 0x00000000e5560000, 0x00000000e6ab0000)
 concurrent mark-sweep generation total 393216K, used 0K [0x00000000e8000000, 0x0000000100000000, 0x0000000100000000)
 Metaspace       used 21362K, capacity 21778K, committed 21884K, reserved 1069056K
  class space    used 2462K, capacity 2632K, committed 2684K, reserved 1048576K
2017-08-17T14:57:51.943+0200: 3,262: [GC (Allocation Failure) 2017-08-17T14:57:51.943+0200: 3,262: [ParNew
Desired survivor size 20112992 bytes, new threshold 8 (max 8)
- age   1:     951968 bytes,     951968 total
- age   3:     177288 bytes,    1129256 total
- age   4:    1458936 bytes,    2588192 total
- age   5:    1289520 bytes,    3877712 total
- age   6:    6203608 bytes,   10081320 total
: 102501K->11529K(109248K), 0,0097611 secs] 102501K->11529K(502464K), 0,0098425 secs] [Times: user=0,04 sys=0,00, real=0,01 secs] 
Heap after GC invocations=6 (full 1):
 par new generation   total 109248K, used 11529K [0x00000000e0000000, 0x00000000e8000000, 0x00000000e8000000)
  eden space 87424K,   0% used [0x00000000e0000000, 0x00000000e0000000, 0x00000000e5560000)
  from space 21824K,  52% used [0x00000000e5560000, 0x00000000e60a2580, 0x00000000e6ab0000)
  to   space 21824K,   0% used [0x00000000e6ab0000, 0x00000000e6ab0000, 0x00000000e8000000)
 concurrent mark-sweep generation total 393216K, used 0K [0x00000000e8000000, 0x0000000100000000, 0x0000000100000000)
 Metaspace       used 21362K, capacity 21778K, committed 21884K, reserved 1069056K
  class space    used 2462K, capacity 2632K, committed 2684K, reserved 1048576K
}
2017-08-17T14:57:51.953+0200: 3,272: Total time for which application threads were stopped: 0,0100386 seconds, Stopping threads took: 0,0000568 seconds
2017-08-17T14:57:51.986+0200: 3,305: Total time for which application threads were stopped: 0,0002996 seconds, Stopping threads took: 0,0000136 seconds
2017-08-17T14:57:52.227+0200: 3,546: Total time for which application threads were stopped: 0,0004790 seconds, Stopping threads took: 0,0000260 seconds
2017-08-17T14:57:52.241+0200: 3,560: Total time for which application threads were stopped: 0,0004236 seconds, Stopping threads took: 0,0000447 seconds
{Heap before GC invocations=6 (full 1):
 par new generation   total 109248K, used 98953K [0x00000000e0000000, 0x00000000e8000000, 0x00000000e8000000)
  eden space 87424K, 100% used [0x00000000e0000000, 0x00000000e5560000, 0x00000000e5560000)
  from space 21824K,  52% used [0x00000000e5560000, 0x00000000e60a2580, 0x00000000e6ab0000)
  to   space 21824K,   0% used [0x00000000e6ab0000, 0x00000000e6ab0000, 0x00000000e8000000)
 concurrent mark-sweep generation total 393216K, used 0K [0x00000000e8000000, 0x0000000100000000, 0x0000000100000000)
 Metaspace       used 23536K, capacity 23958K, committed 24188K, reserved 1071104K
  class space    used 2728K, capacity 2910K, committed 2940K, reserved 1048576K
2017-08-17T14:57:52.364+0200: 3,683: [GC (Allocation Failure) 2017-08-17T14:57:52.364+0200: 3,683: [ParNew
Desired survivor size 20112992 bytes, new threshold 8 (max 8)
- age   1:    4772936 bytes,    4772936 total
- age   2:     117024 bytes,    4889960 total
- age   4:     175808 bytes,    5065768 total
- age   5:     289128 bytes,    5354896 total
- age   6:    1263104 bytes,    6618000 total
- age   7:    6195440 bytes,   12813440 total
: 98953K->17072K(109248K), 0,0149891 secs] 98953K->17072K(502464K), 0,0150627 secs] [Times: user=0,05 sys=0,00, real=0,02 secs] 
Heap after GC invocations=7 (full 1):
 par new generation   total 109248K, used 17072K [0x00000000e0000000, 0x00000000e8000000, 0x00000000e8000000)
  eden space 87424K,   0% used [0x00000000e0000000, 0x00000000e0000000, 0x00000000e5560000)
  from space 21824K,  78% used [0x00000000e6ab0000, 0x00000000e7b5c300, 0x00000000e8000000)
  to   space 21824K,   0% used [0x00000000e5560000, 0x00000000e5560000, 0x00000000e6ab0000)
 concurrent mark-sweep generation total 393216K, used 0K [0x00000000e8000000, 0x0000000100000000, 0x0000000100000000)
 Metaspace       used 23536K, capacity 23958K, committed 24188K, reserved 1071104K
  class space    used 2728K, capacity 2910K, committed 2940K, reserved 1048576K
}
2017-08-17T14:57:52.379+0200: 3,699: Total time for which application threads were stopped: 0,0185628 seconds, Stopping threads took: 0,0032147 seconds
{Heap before GC invocations=7 (full 1):
 par new generation   total 109248K, used 104496K [0x00000000e0000000, 0x00000000e8000000, 0x00000000e8000000)
  eden space 87424K, 100% used [0x00000000e0000000, 0x00000000e5560000, 0x00000000e5560000)
  from space 21824K,  78% used [0x00000000e6ab0000, 0x00000000e7b5c300, 0x00000000e8000000)
  to   space 21824K,   0% used [0x00000000e5560000, 0x00000000e5560000, 0x00000000e6ab0000)
 concurrent mark-sweep generation total 393216K, used 0K [0x00000000e8000000, 0x0000000100000000, 0x0000000100000000)
 Metaspace       used 24013K, capacity 24508K, committed 24828K, reserved 1071104K
  class space    used 2830K, capacity 3007K, committed 3068K, reserved 1048576K
2017-08-17T14:57:52.482+0200: 3,801: [GC (Allocation Failure) 2017-08-17T14:57:52.482+0200: 3,801: [ParNew
Desired survivor size 20112992 bytes, new threshold 8 (max 8)
- age   1:    1713480 bytes,    1713480 total
- age   2:    1738384 bytes,    3451864 total
- age   3:      65216 bytes,    3517080 total
- age   5:      92784 bytes,    3609864 total
- age   6:     178240 bytes,    3788104 total
- age   7:     950752 bytes,    4738856 total
- age   8:    5947752 bytes,   10686608 total
: 104496K->13652K(109248K), 0,0108383 secs] 104496K->13652K(502464K), 0,0109070 secs] [Times: user=0,04 sys=0,00, real=0,01 secs] 
Heap after GC invocations=8 (full 1):
 par new generation   total 109248K, used 13652K [0x00000000e0000000, 0x00000000e8000000, 0x00000000e8000000)
  eden space 87424K,   0% used [0x00000000e0000000, 0x00000000e0000000, 0x00000000e5560000)
  from space 21824K,  62% used [0x00000000e5560000, 0x00000000e62b5300, 0x00000000e6ab0000)
  to   space 21824K,   0% used [0x00000000e6ab0000, 0x00000000e6ab0000, 0x00000000e8000000)
 concurrent mark-sweep generation total 393216K, used 0K [0x00000000e8000000, 0x0000000100000000, 0x0000000100000000)
 Metaspace       used 24013K, capacity 24508K, committed 24828K, reserved 1071104K
  class space    used 2830K, capacity 3007K, committed 3068K, reserved 1048576K
}
2017-08-17T14:57:52.493+0200: 3,812: Total time for which application threads were stopped: 0,0112541 seconds, Stopping threads took: 0,0001957 seconds
{Heap before GC invocations=8 (full 1):
 par new generation   total 109248K, used 101076K [0x00000000e0000000, 0x00000000e8000000, 0x00000000e8000000)
  eden space 87424K, 100% used [0x00000000e0000000, 0x00000000e5560000, 0x00000000e5560000)
  from space 21824K,  62% used [0x00000000e5560000, 0x00000000e62b5300, 0x00000000e6ab0000)
  to   space 21824K,   0% used [0x00000000e6ab0000, 0x00000000e6ab0000, 0x00000000e8000000)
 concurrent mark-sweep generation total 393216K, used 0K [0x00000000e8000000, 0x0000000100000000, 0x0000000100000000)
 Metaspace       used 24402K, capacity 24886K, committed 25084K, reserved 1071104K
  class space    used 2855K, capacity 3044K, committed 3068K, reserved 1048576K
2017-08-17T14:57:52.601+0200: 3,920: [GC (Allocation Failure) 2017-08-17T14:57:52.601+0200: 3,920: [ParNew
Desired survivor size 20112992 bytes, new threshold 8 (max 8)
- age   1:     880896 bytes,     880896 total
- age   2:     627648 bytes,    1508544 total
- age   3:    1716128 bytes,    3224672 total
- age   4:      65216 bytes,    3289888 total
- age   6:      92680 bytes,    3382568 total
- age   7:     178384 bytes,    3560952 total
- age   8:     950752 bytes,    4511704 total
: 101076K->8430K(109248K), 0,0599534 secs] 101076K->14318K(502464K), 0,0600349 secs] [Times: user=0,12 sys=0,00, real=0,06 secs] 
Heap after GC invocations=9 (full 1):
 par new generation   total 109248K, used 8430K [0x00000000e0000000, 0x00000000e8000000, 0x00000000e8000000)
  eden space 87424K,   0% used [0x00000000e0000000, 0x00000000e0000000, 0x00000000e5560000)
  from space 21824K,  38% used [0x00000000e6ab0000, 0x00000000e72eb8f0, 0x00000000e8000000)
  to   space 21824K,   0% used [0x00000000e5560000, 0x00000000e5560000, 0x00000000e6ab0000)
 concurrent mark-sweep generation total 393216K, used 5888K [0x00000000e8000000, 0x0000000100000000, 0x0000000100000000)
 Metaspace       used 24402K, capacity 24886K, committed 25084K, reserved 1071104K
  class space    used 2855K, capacity 3044K, committed 3068K, reserved 1048576K
}
2017-08-17T14:57:52.661+0200: 3,980: Total time for which application threads were stopped: 0,0603193 seconds, Stopping threads took: 0,0000680 seconds
2017-08-17T14:57:52.773+0200: 4,092: Total time for which application threads were stopped: 0,0036487 seconds, Stopping threads took: 0,0031615 seconds
2017-08-17T14:57:52.827+0200: 4,146: Total time for which application threads were stopped: 0,0001345 seconds, Stopping threads took: 0,0000438 seconds
2017-08-17T14:57:52.833+0200: 4,152: Total time for which application threads were stopped: 0,0001411 seconds, Stopping threads took: 0,0000445 seconds
2017-08-17T14:57:52.845+0200: 4,165: Total time for which application threads were stopped: 0,0001621 seconds, Stopping threads took: 0,0000453 seconds
2017-08-17T14:57:52.846+0200: 4,165: Total time for which application threads were stopped: 0,0000962 seconds, Stopping threads took: 0,0000274 seconds
2017-08-17T14:57:52.846+0200: 4,165: Total time for which application threads were stopped: 0,0001057 seconds, Stopping threads took: 0,0000143 seconds
2017-08-17T14:57:52.847+0200: 4,167: Total time for which application threads were stopped: 0,0001538 seconds, Stopping threads took: 0,0000599 seconds
2017-08-17T14:57:52.857+0200: 4,177: Total time for which application threads were stopped: 0,0045903 seconds, Stopping threads took: 0,0044595 seconds
2017-08-17T14:57:52.858+0200: 4,177: Total time for which application threads were stopped: 0,0001278 seconds, Stopping threads took: 0,0000332 seconds
2017-08-17T14:57:52.858+0200: 4,177: Total time for which application threads were stopped: 0,0001177 seconds, Stopping threads took: 0,0000434 seconds
2017-08-17T14:57:52.858+0200: 4,177: Total time for which application threads were stopped: 0,0000785 seconds, Stopping threads took: 0,0000177 seconds
2017-08-17T14:57:52.858+0200: 4,177: Total time for which application threads were stopped: 0,0000790 seconds, Stopping threads took: 0,0000168 seconds
2017-08-17T14:57:52.858+0200: 4,178: Total time for which application threads were stopped: 0,0000812 seconds, Stopping threads took: 0,0000261 seconds
2017-08-17T14:57:52.861+0200: 4,181: Total time for which application threads were stopped: 0,0029030 seconds, Stopping threads took: 0,0027713 seconds
2017-08-17T14:57:52.863+0200: 4,182: Total time for which application threads were stopped: 0,0001866 seconds, Stopping threads took: 0,0001027 seconds
2017-08-17T14:57:52.863+0200: 4,182: Total time for which application threads were stopped: 0,0000807 seconds, Stopping threads took: 0,0000150 seconds
2017-08-17T14:57:52.864+0200: 4,183: Total time for which application threads were stopped: 0,0001368 seconds, Stopping threads took: 0,0000372 seconds
2017-08-17T14:57:52.867+0200: 4,186: Total time for which application threads were stopped: 0,0001767 seconds, Stopping threads took: 0,0000629 seconds
2017-08-17T14:57:52.867+0200: 4,187: Total time for which application threads were stopped: 0,0003963 seconds, Stopping threads took: 0,0003108 seconds
2017-08-17T14:57:52.867+0200: 4,187: Total time for which application threads were stopped: 0,0000643 seconds, Stopping threads took: 0,0000082 seconds
2017-08-17T14:57:52.868+0200: 4,187: Total time for which application threads were stopped: 0,0000644 seconds, Stopping threads took: 0,0000103 seconds
2017-08-17T14:57:52.868+0200: 4,187: Total time for which application threads were stopped: 0,0000609 seconds, Stopping threads took: 0,0000072 seconds
2017-08-17T14:57:52.868+0200: 4,187: Total time for which application threads were stopped: 0,0000623 seconds, Stopping threads took: 0,0000073 seconds
2017-08-17T14:57:52.868+0200: 4,187: Total time for which application threads were stopped: 0,0000704 seconds, Stopping threads took: 0,0000111 seconds
2017-08-17T14:57:52.868+0200: 4,187: Total time for which application threads were stopped: 0,0000583 seconds, Stopping threads took: 0,0000070 seconds
2017-08-17T14:57:52.869+0200: 4,188: Total time for which application threads were stopped: 0,0001503 seconds, Stopping threads took: 0,0000089 seconds
2017-08-17T14:57:52.870+0200: 4,189: Total time for which application threads were stopped: 0,0001040 seconds, Stopping threads took: 0,0000165 seconds
2017-08-17T14:57:52.874+0200: 4,194: Total time for which application threads were stopped: 0,0004010 seconds, Stopping threads took: 0,0003066 seconds
2017-08-17T14:57:52.877+0200: 4,196: Total time for which application threads were stopped: 0,0001569 seconds, Stopping threads took: 0,0000423 seconds
2017-08-17T14:57:52.877+0200: 4,196: Total time for which application threads were stopped: 0,0000779 seconds, Stopping threads took: 0,0000095 seconds
2017-08-17T14:57:52.877+0200: 4,196: Total time for which application threads were stopped: 0,0000815 seconds, Stopping threads took: 0,0000099 seconds
2017-08-17T14:57:52.877+0200: 4,197: Total time for which application threads were stopped: 0,0001004 seconds, Stopping threads took: 0,0000087 seconds
2017-08-17T14:57:52.877+0200: 4,197: Total time for which application threads were stopped: 0,0000734 seconds, Stopping threads took: 0,0000084 seconds
2017-08-17T14:57:52.878+0200: 4,197: Total time for which application threads were stopped: 0,0000867 seconds, Stopping threads took: 0,0000108 seconds
2017-08-17T14:57:52.878+0200: 4,197: Total time for which application threads were stopped: 0,0000669 seconds, Stopping threads took: 0,0000094 seconds
2017-08-17T14:57:52.878+0200: 4,197: Total time for which application threads were stopped: 0,0000744 seconds, Stopping threads took: 0,0000092 seconds
2017-08-17T14:57:52.878+0200: 4,197: Total time for which application threads were stopped: 0,0000712 seconds, Stopping threads took: 0,0000082 seconds
2017-08-17T14:57:52.878+0200: 4,197: Total time for which application threads were stopped: 0,0000712 seconds, Stopping threads took: 0,0000086 seconds
2017-08-17T14:57:52.879+0200: 4,198: Total time for which application threads were stopped: 0,0000884 seconds, Stopping threads took: 0,0000105 seconds
2017-08-17T14:57:52.879+0200: 4,198: Total time for which application threads were stopped: 0,0000686 seconds, Stopping threads took: 0,0000090 seconds
2017-08-17T14:57:52.879+0200: 4,198: Total time for which application threads were stopped: 0,0000726 seconds, Stopping threads took: 0,0000088 seconds
2017-08-17T14:57:52.879+0200: 4,198: Total time for which application threads were stopped: 0,0000752 seconds, Stopping threads took: 0,0000082 seconds
2017-08-17T14:57:52.879+0200: 4,198: Total time for which application threads were stopped: 0,0000716 seconds, Stopping threads took: 0,0000087 seconds
2017-08-17T14:57:52.879+0200: 4,199: Total time for which application threads were stopped: 0,0000917 seconds, Stopping threads took: 0,0000140 seconds
2017-08-17T14:57:52.879+0200: 4,199: Total time for which application threads were stopped: 0,0000751 seconds, Stopping threads took: 0,0000120 seconds
2017-08-17T14:57:52.880+0200: 4,199: Total time for which application threads were stopped: 0,0001647 seconds, Stopping threads took: 0,0000106 seconds
2017-08-17T14:57:52.902+0200: 4,221: Total time for which application threads were stopped: 0,0001503 seconds, Stopping threads took: 0,0000549 seconds
2017-08-17T14:57:52.910+0200: 4,229: Total time for which application threads were stopped: 0,0007411 seconds, Stopping threads took: 0,0006576 seconds
2017-08-17T14:57:52.914+0200: 4,233: Total time for which application threads were stopped: 0,0001835 seconds, Stopping threads took: 0,0000734 seconds
2017-08-17T14:57:52.918+0200: 4,238: Total time for which application threads were stopped: 0,0001478 seconds, Stopping threads took: 0,0000726 seconds
2017-08-17T14:57:52.919+0200: 4,238: Total time for which application threads were stopped: 0,0000970 seconds, Stopping threads took: 0,0000365 seconds
2017-08-17T14:57:52.919+0200: 4,238: Total time for which application threads were stopped: 0,0000703 seconds, Stopping threads took: 0,0000225 seconds
2017-08-17T14:57:52.919+0200: 4,239: Total time for which application threads were stopped: 0,0000666 seconds, Stopping threads took: 0,0000257 seconds
2017-08-17T14:57:52.919+0200: 4,239: Total time for which application threads were stopped: 0,0000687 seconds, Stopping threads took: 0,0000319 seconds
2017-08-17T14:57:52.921+0200: 4,240: Total time for which application threads were stopped: 0,0001016 seconds, Stopping threads took: 0,0000369 seconds
2017-08-17T14:57:52.921+0200: 4,241: Total time for which application threads were stopped: 0,0001053 seconds, Stopping threads took: 0,0000343 seconds
2017-08-17T14:57:52.924+0200: 4,243: Total time for which application threads were stopped: 0,0001302 seconds, Stopping threads took: 0,0000501 seconds
2017-08-17T14:57:52.924+0200: 4,244: Total time for which application threads were stopped: 0,0000973 seconds, Stopping threads took: 0,0000325 seconds
2017-08-17T14:57:52.930+0200: 4,249: Total time for which application threads were stopped: 0,0001354 seconds, Stopping threads took: 0,0000459 seconds
2017-08-17T14:57:52.932+0200: 4,251: Total time for which application threads were stopped: 0,0001082 seconds, Stopping threads took: 0,0000267 seconds
2017-08-17T14:57:52.932+0200: 4,251: Total time for which application threads were stopped: 0,0000794 seconds, Stopping threads took: 0,0000173 seconds
2017-08-17T14:57:52.932+0200: 4,251: Total time for which application threads were stopped: 0,0000552 seconds, Stopping threads took: 0,0000144 seconds
2017-08-17T14:57:52.934+0200: 4,253: Total time for which application threads were stopped: 0,0002254 seconds, Stopping threads took: 0,0000460 seconds
2017-08-17T14:57:52.934+0200: 4,254: Total time for which application threads were stopped: 0,0000810 seconds, Stopping threads took: 0,0000212 seconds
2017-08-17T14:57:52.941+0200: 4,261: Total time for which application threads were stopped: 0,0045546 seconds, Stopping threads took: 0,0044765 seconds
2017-08-17T14:57:52.942+0200: 4,261: Total time for which application threads were stopped: 0,0000675 seconds, Stopping threads took: 0,0000325 seconds
2017-08-17T14:57:52.942+0200: 4,261: Total time for which application threads were stopped: 0,0000617 seconds, Stopping threads took: 0,0000251 seconds
2017-08-17T14:57:52.942+0200: 4,261: Total time for which application threads were stopped: 0,0000421 seconds, Stopping threads took: 0,0000102 seconds
2017-08-17T14:57:52.944+0200: 4,263: Total time for which application threads were stopped: 0,0001123 seconds, Stopping threads took: 0,0000514 seconds
2017-08-17T14:57:52.946+0200: 4,265: Total time for which application threads were stopped: 0,0001139 seconds, Stopping threads took: 0,0000422 seconds
2017-08-17T14:57:52.946+0200: 4,265: Total time for which application threads were stopped: 0,0000827 seconds, Stopping threads took: 0,0000249 seconds
2017-08-17T14:57:52.946+0200: 4,266: Total time for which application threads were stopped: 0,0000564 seconds, Stopping threads took: 0,0000121 seconds
2017-08-17T14:57:52.946+0200: 4,266: Total time for which application threads were stopped: 0,0000624 seconds, Stopping threads took: 0,0000192 seconds
2017-08-17T14:57:52.946+0200: 4,266: Total time for which application threads were stopped: 0,0000655 seconds, Stopping threads took: 0,0000243 seconds
2017-08-17T14:57:52.949+0200: 4,269: Total time for which application threads were stopped: 0,0001233 seconds, Stopping threads took: 0,0000481 seconds
2017-08-17T14:57:52.954+0200: 4,273: Total time for which application threads were stopped: 0,0001783 seconds, Stopping threads took: 0,0000507 seconds
2017-08-17T14:57:52.955+0200: 4,274: Total time for which application threads were stopped: 0,0001180 seconds, Stopping threads took: 0,0000373 seconds
2017-08-17T14:57:52.955+0200: 4,274: Total time for which application threads were stopped: 0,0001071 seconds, Stopping threads took: 0,0000280 seconds
2017-08-17T14:57:52.955+0200: 4,274: Total time for which application threads were stopped: 0,0000730 seconds, Stopping threads took: 0,0000220 seconds
2017-08-17T14:57:52.955+0200: 4,275: Total time for which application threads were stopped: 0,0000767 seconds, Stopping threads took: 0,0000171 seconds
2017-08-17T14:57:52.955+0200: 4,275: Total time for which application threads were stopped: 0,0000626 seconds, Stopping threads took: 0,0000190 seconds
2017-08-17T14:57:52.962+0200: 4,281: Total time for which application threads were stopped: 0,0002323 seconds, Stopping threads took: 0,0001532 seconds
2017-08-17T14:57:52.964+0200: 4,283: Total time for which application threads were stopped: 0,0002360 seconds, Stopping threads took: 0,0000450 seconds
2017-08-17T14:57:52.993+0200: 4,313: Total time for which application threads were stopped: 0,0028418 seconds, Stopping threads took: 0,0027507 seconds
2017-08-17T14:57:52.996+0200: 4,315: Total time for which application threads were stopped: 0,0001277 seconds, Stopping threads took: 0,0000539 seconds
2017-08-17T14:57:53.009+0200: 4,329: Total time for which application threads were stopped: 0,0036007 seconds, Stopping threads took: 0,0034716 seconds
2017-08-17T14:57:53.010+0200: 4,329: Total time for which application threads were stopped: 0,0001090 seconds, Stopping threads took: 0,0000152 seconds
2017-08-17T14:57:53.048+0200: 4,367: Total time for which application threads were stopped: 0,0001672 seconds, Stopping threads took: 0,0000458 seconds
2017-08-17T14:57:53.067+0200: 4,386: Total time for which application threads were stopped: 0,0001317 seconds, Stopping threads took: 0,0000352 seconds
2017-08-17T14:57:53.122+0200: 4,441: Total time for which application threads were stopped: 0,0005332 seconds, Stopping threads took: 0,0000445 seconds
2017-08-17T14:57:53.135+0200: 4,454: Total time for which application threads were stopped: 0,0004773 seconds, Stopping threads took: 0,0000226 seconds
2017-08-17T14:57:53.196+0200: 4,515: Total time for which application threads were stopped: 0,0004309 seconds, Stopping threads took: 0,0000409 seconds
2017-08-17T14:57:53.207+0200: 4,526: Total time for which application threads were stopped: 0,0001330 seconds, Stopping threads took: 0,0000522 seconds
2017-08-17T14:57:53.209+0200: 4,529: Total time for which application threads were stopped: 0,0011567 seconds, Stopping threads took: 0,0010741 seconds
2017-08-17T14:57:53.213+0200: 4,532: Total time for which application threads were stopped: 0,0000807 seconds, Stopping threads took: 0,0000196 seconds
2017-08-17T14:57:53.229+0200: 4,549: Total time for which application threads were stopped: 0,0032727 seconds, Stopping threads took: 0,0031750 seconds
2017-08-17T14:57:53.240+0200: 4,559: Total time for which application threads were stopped: 0,0001246 seconds, Stopping threads took: 0,0000394 seconds
2017-08-17T14:57:53.260+0200: 4,580: Total time for which application threads were stopped: 0,0001432 seconds, Stopping threads took: 0,0000455 seconds
{Heap before GC invocations=9 (full 1):
 par new generation   total 109248K, used 95854K [0x00000000e0000000, 0x00000000e8000000, 0x00000000e8000000)
  eden space 87424K, 100% used [0x00000000e0000000, 0x00000000e5560000, 0x00000000e5560000)
  from space 21824K,  38% used [0x00000000e6ab0000, 0x00000000e72eb8f0, 0x00000000e8000000)
  to   space 21824K,   0% used [0x00000000e5560000, 0x00000000e5560000, 0x00000000e6ab0000)
 concurrent mark-sweep generation total 393216K, used 5888K [0x00000000e8000000, 0x0000000100000000, 0x0000000100000000)
 Metaspace       used 27625K, capacity 28080K, committed 28156K, reserved 1075200K
  class space    used 3155K, capacity 3317K, committed 3324K, reserved 1048576K
2017-08-17T14:57:53.290+0200: 4,610: [GC (Allocation Failure) 2017-08-17T14:57:53.290+0200: 4,610: [ParNew
Desired survivor size 20112992 bytes, new threshold 8 (max 8)
- age   1:    8860248 bytes,    8860248 total
- age   2:     172216 bytes,    9032464 total
- age   3:     237376 bytes,    9269840 total
- age   4:    1709680 bytes,   10979520 total
- age   5:      62704 bytes,   11042224 total
- age   7:      92456 bytes,   11134680 total
- age   8:     174992 bytes,   11309672 total
: 95854K->12335K(109248K), 0,0149037 secs] 101742K->19261K(502464K), 0,0149966 secs] [Times: user=0,05 sys=0,01, real=0,01 secs] 
