OpenJDK 64-Bit Server VM (25.131-b11) for linux-amd64 JRE (1.8.0_131-8u131-b11-0ubuntu1.16.04.2-b11), built on May  6 2017 02:45:27 by "buildd" with gcc 5.4.0 20160609
Memory: 4k page, physical 7867740k(7351884k free), swap 8076284k(8076284k free)
CommandLine flags: -XX:CMSInitiatingOccupancyFraction=50 -XX:CMSMaxAbortablePrecleanTime=6000 -XX:+CMSParallelRemarkEnabled -XX:+CMSScavengeBeforeRemark -XX:ConcGCThreads=4 -XX:InitialHeapSize=536870912 -XX:MaxHeapSize=536870912 -XX:MaxTenuringThreshold=8 -XX:NewRatio=3 -XX:OldPLABSize=16 -XX:OnOutOfMemoryError=/opt/solr/bin/oom_solr.sh 8983 /var/solr/logs -XX:ParallelGCThreads=4 -XX:+ParallelRefProcEnabled -XX:PretenureSizeThreshold=67108864 -XX:+PrintGC -XX:+PrintGCApplicationStoppedTime -XX:+PrintGCDateStamps -XX:+PrintGCDetails -XX:+PrintGCTimeStamps -XX:+PrintHeapAtGC -XX:+PrintTenuringDistribution -XX:SurvivorRatio=4 -XX:TargetSurvivorRatio=90 -XX:ThreadStackSize=256 -XX:+UseCMSInitiatingOccupancyOnly -XX:+UseCompressedClassPointers -XX:+UseCompressedOops -XX:+UseConcMarkSweepGC -XX:+UseParNewGC 
2017-07-27T07:08:55.995+0200: 0,215: Total time for which application threads were stopped: 0,0000906 seconds, Stopping threads took: 0,0000102 seconds
2017-07-27T07:08:56.104+0200: 0,324: Total time for which application threads were stopped: 0,0001316 seconds, Stopping threads took: 0,0000298 seconds
2017-07-27T07:08:56.116+0200: 0,336: Total time for which application threads were stopped: 0,0000764 seconds, Stopping threads took: 0,0000132 seconds
2017-07-27T07:08:56.401+0200: 0,621: Total time for which application threads were stopped: 0,0001784 seconds, Stopping threads took: 0,0000310 seconds
2017-07-27T07:08:57.011+0200: 1,231: Total time for which application threads were stopped: 0,0001737 seconds, Stopping threads took: 0,0000269 seconds
2017-07-27T07:08:57.188+0200: 1,408: Total time for which application threads were stopped: 0,0002108 seconds, Stopping threads took: 0,0000158 seconds
2017-07-27T07:08:57.550+0200: 1,770: Total time for which application threads were stopped: 0,0001442 seconds, Stopping threads took: 0,0000158 seconds
2017-07-27T07:08:57.869+0200: 2,088: Total time for which application threads were stopped: 0,0001905 seconds, Stopping threads took: 0,0000236 seconds
2017-07-27T07:08:58.103+0200: 2,323: Total time for which application threads were stopped: 0,0002377 seconds, Stopping threads took: 0,0000225 seconds
2017-07-27T07:08:58.125+0200: 2,344: Total time for which application threads were stopped: 0,0002136 seconds, Stopping threads took: 0,0000178 seconds
2017-07-27T07:08:58.155+0200: 2,375: Total time for which application threads were stopped: 0,0002535 seconds, Stopping threads took: 0,0000417 seconds
2017-07-27T07:08:58.156+0200: 2,376: Total time for which application threads were stopped: 0,0001973 seconds, Stopping threads took: 0,0000167 seconds
2017-07-27T07:08:58.171+0200: 2,391: Total time for which application threads were stopped: 0,0002079 seconds, Stopping threads took: 0,0000224 seconds
2017-07-27T07:08:58.393+0200: 2,613: Total time for which application threads were stopped: 0,0002531 seconds, Stopping threads took: 0,0000194 seconds
2017-07-27T07:08:58.756+0200: 2,976: Total time for which application threads were stopped: 0,0003282 seconds, Stopping threads took: 0,0000525 seconds
{Heap before GC invocations=0 (full 0):
 par new generation   total 109248K, used 87424K [0x00000000e0000000, 0x00000000e8000000, 0x00000000e8000000)
  eden space 87424K, 100% used [0x00000000e0000000, 0x00000000e5560000, 0x00000000e5560000)
  from space 21824K,   0% used [0x00000000e5560000, 0x00000000e5560000, 0x00000000e6ab0000)
  to   space 21824K,   0% used [0x00000000e6ab0000, 0x00000000e6ab0000, 0x00000000e8000000)
 concurrent mark-sweep generation total 393216K, used 0K [0x00000000e8000000, 0x0000000100000000, 0x0000000100000000)
 Metaspace       used 18031K, capacity 18336K, committed 18688K, reserved 1064960K
  class space    used 2035K, capacity 2196K, committed 2304K, reserved 1048576K
2017-07-27T07:08:58.872+0200: 3,092: [GC (Allocation Failure) 2017-07-27T07:08:58.872+0200: 3,092: [ParNew
Desired survivor size 20112992 bytes, new threshold 8 (max 8)
- age   1:   12557496 bytes,   12557496 total
: 87424K->12382K(109248K), 0,0209900 secs] 87424K->12382K(502464K), 0,0210838 secs] [Times: user=0,04 sys=0,01, real=0,02 secs] 
Heap after GC invocations=1 (full 0):
 par new generation   total 109248K, used 12382K [0x00000000e0000000, 0x00000000e8000000, 0x00000000e8000000)
  eden space 87424K,   0% used [0x00000000e0000000, 0x00000000e0000000, 0x00000000e5560000)
  from space 21824K,  56% used [0x00000000e6ab0000, 0x00000000e76c7a60, 0x00000000e8000000)
  to   space 21824K,   0% used [0x00000000e5560000, 0x00000000e5560000, 0x00000000e6ab0000)
 concurrent mark-sweep generation total 393216K, used 0K [0x00000000e8000000, 0x0000000100000000, 0x0000000100000000)
 Metaspace       used 18031K, capacity 18336K, committed 18688K, reserved 1064960K
  class space    used 2035K, capacity 2196K, committed 2304K, reserved 1048576K
}
2017-07-27T07:08:58.893+0200: 3,113: Total time for which application threads were stopped: 0,0230828 seconds, Stopping threads took: 0,0017479 seconds
2017-07-27T07:08:59.304+0200: 3,524: Total time for which application threads were stopped: 0,0004674 seconds, Stopping threads took: 0,0000399 seconds
2017-07-27T07:08:59.369+0200: 3,589: Total time for which application threads were stopped: 0,0005105 seconds, Stopping threads took: 0,0001728 seconds
{Heap before GC invocations=1 (full 0):
 par new generation   total 109248K, used 99806K [0x00000000e0000000, 0x00000000e8000000, 0x00000000e8000000)
  eden space 87424K, 100% used [0x00000000e0000000, 0x00000000e5560000, 0x00000000e5560000)
  from space 21824K,  56% used [0x00000000e6ab0000, 0x00000000e76c7a60, 0x00000000e8000000)
  to   space 21824K,   0% used [0x00000000e5560000, 0x00000000e5560000, 0x00000000e6ab0000)
 concurrent mark-sweep generation total 393216K, used 0K [0x00000000e8000000, 0x0000000100000000, 0x0000000100000000)
 Metaspace       used 20059K, capacity 20360K, committed 20736K, reserved 1067008K
  class space    used 2296K, capacity 2468K, committed 2560K, reserved 1048576K
2017-07-27T07:08:59.370+0200: 3,590: [GC (Allocation Failure) 2017-07-27T07:08:59.370+0200: 3,590: [ParNew
Desired survivor size 20112992 bytes, new threshold 8 (max 8)
- age   1:    3822352 bytes,    3822352 total
- age   2:    6646528 bytes,   10468880 total
: 99806K->15745K(109248K), 0,0377311 secs] 99806K->15745K(502464K), 0,0378012 secs] [Times: user=0,06 sys=0,00, real=0,04 secs] 
Heap after GC invocations=2 (full 0):
 par new generation   total 109248K, used 15745K [0x00000000e0000000, 0x00000000e8000000, 0x00000000e8000000)
  eden space 87424K,   0% used [0x00000000e0000000, 0x00000000e0000000, 0x00000000e5560000)
  from space 21824K,  72% used [0x00000000e5560000, 0x00000000e64c0500, 0x00000000e6ab0000)
  to   space 21824K,   0% used [0x00000000e6ab0000, 0x00000000e6ab0000, 0x00000000e8000000)
 concurrent mark-sweep generation total 393216K, used 0K [0x00000000e8000000, 0x0000000100000000, 0x0000000100000000)
 Metaspace       used 20059K, capacity 20360K, committed 20736K, reserved 1067008K
  class space    used 2296K, capacity 2468K, committed 2560K, reserved 1048576K
}
2017-07-27T07:08:59.408+0200: 3,628: Total time for which application threads were stopped: 0,0380243 seconds, Stopping threads took: 0,0000934 seconds
2017-07-27T07:08:59.498+0200: 3,718: Total time for which application threads were stopped: 0,0019312 seconds, Stopping threads took: 0,0006035 seconds
2017-07-27T07:08:59.735+0200: 3,955: Total time for which application threads were stopped: 0,0001898 seconds, Stopping threads took: 0,0000305 seconds
{Heap before GC invocations=2 (full 0):
 par new generation   total 109248K, used 103169K [0x00000000e0000000, 0x00000000e8000000, 0x00000000e8000000)
  eden space 87424K, 100% used [0x00000000e0000000, 0x00000000e5560000, 0x00000000e5560000)
  from space 21824K,  72% used [0x00000000e5560000, 0x00000000e64c0500, 0x00000000e6ab0000)
  to   space 21824K,   0% used [0x00000000e6ab0000, 0x00000000e6ab0000, 0x00000000e8000000)
 concurrent mark-sweep generation total 393216K, used 0K [0x00000000e8000000, 0x0000000100000000, 0x0000000100000000)
 Metaspace       used 21004K, capacity 21410K, committed 21628K, reserved 1069056K
  class space    used 2420K, capacity 2587K, committed 2684K, reserved 1048576K
2017-07-27T07:08:59.779+0200: 3,999: [GC (Allocation Failure) 2017-07-27T07:08:59.779+0200: 3,999: [ParNew
Desired survivor size 20112992 bytes, new threshold 8 (max 8)
- age   1:    2072128 bytes,    2072128 total
- age   2:     861256 bytes,    2933384 total
- age   3:    6643000 bytes,    9576384 total
: 103169K->11310K(109248K), 0,0291209 secs] 103169K->11310K(502464K), 0,0292338 secs] [Times: user=0,08 sys=0,00, real=0,03 secs] 
Heap after GC invocations=3 (full 0):
 par new generation   total 109248K, used 11310K [0x00000000e0000000, 0x00000000e8000000, 0x00000000e8000000)
  eden space 87424K,   0% used [0x00000000e0000000, 0x00000000e0000000, 0x00000000e5560000)
  from space 21824K,  51% used [0x00000000e6ab0000, 0x00000000e75bb850, 0x00000000e8000000)
  to   space 21824K,   0% used [0x00000000e5560000, 0x00000000e5560000, 0x00000000e6ab0000)
 concurrent mark-sweep generation total 393216K, used 0K [0x00000000e8000000, 0x0000000100000000, 0x0000000100000000)
 Metaspace       used 21004K, capacity 21410K, committed 21628K, reserved 1069056K
  class space    used 2420K, capacity 2587K, committed 2684K, reserved 1048576K
}
2017-07-27T07:08:59.808+0200: 4,028: Total time for which application threads were stopped: 0,0294680 seconds, Stopping threads took: 0,0000367 seconds
2017-07-27T07:08:59.814+0200: 4,034: [GC (CMS Initial Mark) [1 CMS-initial-mark: 0K(393216K)] 20148K(502464K), 0,0082938 secs] [Times: user=0,01 sys=0,00, real=0,01 secs] 
2017-07-27T07:08:59.822+0200: 4,042: Total time for which application threads were stopped: 0,0085099 seconds, Stopping threads took: 0,0000719 seconds
2017-07-27T07:08:59.823+0200: 4,042: [CMS-concurrent-mark-start]
2017-07-27T07:08:59.823+0200: 4,043: [CMS-concurrent-mark: 0,000/0,000 secs] [Times: user=0,01 sys=0,00, real=0,00 secs] 
2017-07-27T07:08:59.823+0200: 4,043: [CMS-concurrent-preclean-start]
2017-07-27T07:08:59.824+0200: 4,044: [CMS-concurrent-preclean: 0,001/0,001 secs] [Times: user=0,00 sys=0,00, real=0,00 secs] 
2017-07-27T07:08:59.824+0200: 4,044: [CMS-concurrent-abortable-preclean-start]
2017-07-27T07:08:59.875+0200: 4,095: Total time for which application threads were stopped: 0,0009471 seconds, Stopping threads took: 0,0007143 seconds
2017-07-27T07:08:59.892+0200: 4,111: Total time for which application threads were stopped: 0,0001249 seconds, Stopping threads took: 0,0000230 seconds
2017-07-27T07:08:59.916+0200: 4,136: Total time for which application threads were stopped: 0,0001811 seconds, Stopping threads took: 0,0001020 seconds
2017-07-27T07:08:59.916+0200: 4,136: Total time for which application threads were stopped: 0,0000869 seconds, Stopping threads took: 0,0000294 seconds
2017-07-27T07:08:59.916+0200: 4,136: Total time for which application threads were stopped: 0,0000644 seconds, Stopping threads took: 0,0000213 seconds
2017-07-27T07:08:59.916+0200: 4,136: Total time for which application threads were stopped: 0,0000669 seconds, Stopping threads took: 0,0000185 seconds
2017-07-27T07:08:59.926+0200: 4,146: Total time for which application threads were stopped: 0,0003309 seconds, Stopping threads took: 0,0002292 seconds
2017-07-27T07:08:59.928+0200: 4,147: Total time for which application threads were stopped: 0,0001701 seconds, Stopping threads took: 0,0000580 seconds
2017-07-27T07:08:59.928+0200: 4,148: Total time for which application threads were stopped: 0,0001111 seconds, Stopping threads took: 0,0000272 seconds
2017-07-27T07:08:59.928+0200: 4,148: Total time for which application threads were stopped: 0,0001064 seconds, Stopping threads took: 0,0000266 seconds
2017-07-27T07:08:59.930+0200: 4,150: Total time for which application threads were stopped: 0,0020618 seconds, Stopping threads took: 0,0019254 seconds
2017-07-27T07:08:59.934+0200: 4,154: Total time for which application threads were stopped: 0,0001547 seconds, Stopping threads took: 0,0000704 seconds
2017-07-27T07:08:59.934+0200: 4,154: Total time for which application threads were stopped: 0,0000747 seconds, Stopping threads took: 0,0000254 seconds
2017-07-27T07:08:59.943+0200: 4,163: Total time for which application threads were stopped: 0,0002815 seconds, Stopping threads took: 0,0001540 seconds
2017-07-27T07:08:59.943+0200: 4,163: Total time for which application threads were stopped: 0,0001013 seconds, Stopping threads took: 0,0000248 seconds
2017-07-27T07:08:59.944+0200: 4,163: Total time for which application threads were stopped: 0,0000644 seconds, Stopping threads took: 0,0000084 seconds
2017-07-27T07:08:59.944+0200: 4,164: Total time for which application threads were stopped: 0,0000918 seconds, Stopping threads took: 0,0000166 seconds
2017-07-27T07:08:59.944+0200: 4,164: Total time for which application threads were stopped: 0,0000726 seconds, Stopping threads took: 0,0000074 seconds
2017-07-27T07:08:59.945+0200: 4,165: Total time for which application threads were stopped: 0,0000598 seconds, Stopping threads took: 0,0000080 seconds
2017-07-27T07:08:59.963+0200: 4,183: Total time for which application threads were stopped: 0,0006696 seconds, Stopping threads took: 0,0005570 seconds
2017-07-27T07:08:59.963+0200: 4,183: Total time for which application threads were stopped: 0,0000858 seconds, Stopping threads took: 0,0000202 seconds
2017-07-27T07:08:59.963+0200: 4,183: Total time for which application threads were stopped: 0,0001019 seconds, Stopping threads took: 0,0000467 seconds
2017-07-27T07:08:59.963+0200: 4,183: Total time for which application threads were stopped: 0,0000641 seconds, Stopping threads took: 0,0000085 seconds
2017-07-27T07:08:59.963+0200: 4,183: Total time for which application threads were stopped: 0,0000734 seconds, Stopping threads took: 0,0000205 seconds
2017-07-27T07:08:59.964+0200: 4,183: Total time for which application threads were stopped: 0,0001065 seconds, Stopping threads took: 0,0000422 seconds
{Heap before GC invocations=3 (full 1):
 par new generation   total 109248K, used 98734K [0x00000000e0000000, 0x00000000e8000000, 0x00000000e8000000)
  eden space 87424K, 100% used [0x00000000e0000000, 0x00000000e5560000, 0x00000000e5560000)
  from space 21824K,  51% used [0x00000000e6ab0000, 0x00000000e75bb850, 0x00000000e8000000)
  to   space 21824K,   0% used [0x00000000e5560000, 0x00000000e5560000, 0x00000000e6ab0000)
 concurrent mark-sweep generation total 393216K, used 0K [0x00000000e8000000, 0x0000000100000000, 0x0000000100000000)
 Metaspace       used 21271K, capacity 21620K, committed 21884K, reserved 1069056K
  class space    used 2448K, capacity 2603K, committed 2684K, reserved 1048576K
2017-07-27T07:08:59.969+0200: 4,189: [GC (Allocation Failure) 2017-07-27T07:08:59.969+0200: 4,189: [ParNew
Desired survivor size 20112992 bytes, new threshold 8 (max 8)
- age   1:     940528 bytes,     940528 total
- age   2:    1462272 bytes,    2402800 total
- age   3:     827880 bytes,    3230680 total
- age   4:    6643104 bytes,    9873784 total
: 98734K->12217K(109248K), 0,0130535 secs] 98734K->12217K(502464K), 0,0131033 secs] [Times: user=0,04 sys=0,00, real=0,01 secs] 
Heap after GC invocations=4 (full 1):
 par new generation   total 109248K, used 12217K [0x00000000e0000000, 0x00000000e8000000, 0x00000000e8000000)
  eden space 87424K,   0% used [0x00000000e0000000, 0x00000000e0000000, 0x00000000e5560000)
  from space 21824K,  55% used [0x00000000e5560000, 0x00000000e614e5a0, 0x00000000e6ab0000)
  to   space 21824K,   0% used [0x00000000e6ab0000, 0x00000000e6ab0000, 0x00000000e8000000)
 concurrent mark-sweep generation total 393216K, used 0K [0x00000000e8000000, 0x0000000100000000, 0x0000000100000000)
 Metaspace       used 21271K, capacity 21620K, committed 21884K, reserved 1069056K
  class space    used 2448K, capacity 2603K, committed 2684K, reserved 1048576K
}
2017-07-27T07:08:59.982+0200: 4,202: Total time for which application threads were stopped: 0,0132915 seconds, Stopping threads took: 0,0000450 seconds
2017-07-27T07:08:59.985+0200: 4,205: Total time for which application threads were stopped: 0,0031202 seconds, Stopping threads took: 0,0030438 seconds
2017-07-27T07:08:59.985+0200: 4,205: Total time for which application threads were stopped: 0,0000857 seconds, Stopping threads took: 0,0000336 seconds
2017-07-27T07:08:59.987+0200: 4,207: Total time for which application threads were stopped: 0,0001355 seconds, Stopping threads took: 0,0000522 seconds
2017-07-27T07:09:00.014+0200: 4,234: Total time for which application threads were stopped: 0,0003091 seconds, Stopping threads took: 0,0001857 seconds
2017-07-27T07:09:00.014+0200: 4,234: Total time for which application threads were stopped: 0,0001045 seconds, Stopping threads took: 0,0000231 seconds
2017-07-27T07:09:00.034+0200: 4,254: Total time for which application threads were stopped: 0,0001804 seconds, Stopping threads took: 0,0000528 seconds
2017-07-27T07:09:00.034+0200: 4,254: Total time for which application threads were stopped: 0,0000980 seconds, Stopping threads took: 0,0000318 seconds
2017-07-27T07:09:00.078+0200: 4,298: Total time for which application threads were stopped: 0,0043926 seconds, Stopping threads took: 0,0042272 seconds
2017-07-27T07:09:00.090+0200: 4,310: Total time for which application threads were stopped: 0,0001568 seconds, Stopping threads took: 0,0000701 seconds
2017-07-27T07:09:00.090+0200: 4,310: [CMS-concurrent-abortable-preclean: 0,206/0,266 secs] [Times: user=0,72 sys=0,01, real=0,26 secs] 
2017-07-27T07:09:00.093+0200: 4,312: [GC (CMS Final Remark) [YG occupancy: 85604 K (109248 K)]{Heap before GC invocations=4 (full 1):
 par new generation   total 109248K, used 85604K [0x00000000e0000000, 0x00000000e8000000, 0x00000000e8000000)
  eden space 87424K,  83% used [0x00000000e0000000, 0x00000000e47aad20, 0x00000000e5560000)
  from space 21824K,  55% used [0x00000000e5560000, 0x00000000e614e5a0, 0x00000000e6ab0000)
  to   space 21824K,   0% used [0x00000000e6ab0000, 0x00000000e6ab0000, 0x00000000e8000000)
 concurrent mark-sweep generation total 393216K, used 0K [0x00000000e8000000, 0x0000000100000000, 0x0000000100000000)
 Metaspace       used 21407K, capacity 21790K, committed 21884K, reserved 1069056K
  class space    used 2465K, capacity 2636K, committed 2684K, reserved 1048576K
2017-07-27T07:09:00.093+0200: 4,312: [GC (CMS Final Remark) 2017-07-27T07:09:00.093+0200: 4,312: [ParNew
Desired survivor size 20112992 bytes, new threshold 8 (max 8)
- age   1:     698720 bytes,     698720 total
- age   2:     180552 bytes,     879272 total
- age   3:    1462168 bytes,    2341440 total
- age   4:     827832 bytes,    3169272 total
- age   5:    6643024 bytes,    9812296 total
: 85604K->13901K(109248K), 0,0126879 secs] 85604K->13901K(502464K), 0,0127314 secs] [Times: user=0,04 sys=0,00, real=0,02 secs] 
Heap after GC invocations=5 (full 1):
 par new generation   total 109248K, used 13901K [0x00000000e0000000, 0x00000000e8000000, 0x00000000e8000000)
  eden space 87424K,   0% used [0x00000000e0000000, 0x00000000e0000000, 0x00000000e5560000)
  from space 21824K,  63% used [0x00000000e6ab0000, 0x00000000e78437a0, 0x00000000e8000000)
  to   space 21824K,   0% used [0x00000000e5560000, 0x00000000e5560000, 0x00000000e6ab0000)
 concurrent mark-sweep generation total 393216K, used 0K [0x00000000e8000000, 0x0000000100000000, 0x0000000100000000)
 Metaspace       used 21407K, capacity 21790K, committed 21884K, reserved 1069056K
  class space    used 2465K, capacity 2636K, committed 2684K, reserved 1048576K
}
2017-07-27T07:09:00.105+0200: 4,325: [Rescan (parallel) , 0,0047793 secs]2017-07-27T07:09:00.110+0200: 4,330: [weak refs processing, 0,0013610 secs]2017-07-27T07:09:00.112+0200: 4,331: [class unloading, 0,0031977 secs]2017-07-27T07:09:00.115+0200: 4,335: [scrub symbol table, 0,0040783 secs]2017-07-27T07:09:00.119+0200: 4,339: [scrub string table, 0,0003999 secs][1 CMS-remark: 0K(393216K)] 13901K(502464K), 0,0272786 secs] [Times: user=0,06 sys=0,00, real=0,03 secs] 
2017-07-27T07:09:00.120+0200: 4,340: Total time for which application threads were stopped: 0,0274435 seconds, Stopping threads took: 0,0000679 seconds
2017-07-27T07:09:00.124+0200: 4,344: [CMS-concurrent-sweep-start]
2017-07-27T07:09:00.124+0200: 4,344: [CMS-concurrent-sweep: 0,000/0,000 secs] [Times: user=0,00 sys=0,00, real=0,00 secs] 
2017-07-27T07:09:00.124+0200: 4,344: [CMS-concurrent-reset-start]
2017-07-27T07:09:00.125+0200: 4,345: Total time for which application threads were stopped: 0,0001792 seconds, Stopping threads took: 0,0000586 seconds
2017-07-27T07:09:00.125+0200: 4,345: Total time for which application threads were stopped: 0,0001174 seconds, Stopping threads took: 0,0000593 seconds
2017-07-27T07:09:00.127+0200: 4,346: [CMS-concurrent-reset: 0,002/0,003 secs] [Times: user=0,00 sys=0,01, real=0,00 secs] 
2017-07-27T07:09:00.131+0200: 4,351: Total time for which application threads were stopped: 0,0011268 seconds, Stopping threads took: 0,0010447 seconds
2017-07-27T07:09:00.131+0200: 4,351: Total time for which application threads were stopped: 0,0001800 seconds, Stopping threads took: 0,0001309 seconds
2017-07-27T07:09:00.136+0200: 4,356: Total time for which application threads were stopped: 0,0001527 seconds, Stopping threads took: 0,0000765 seconds
2017-07-27T07:09:00.136+0200: 4,356: Total time for which application threads were stopped: 0,0000488 seconds, Stopping threads took: 0,0000085 seconds
2017-07-27T07:09:00.138+0200: 4,358: Total time for which application threads were stopped: 0,0001320 seconds, Stopping threads took: 0,0000657 seconds
2017-07-27T07:09:00.139+0200: 4,358: Total time for which application threads were stopped: 0,0000487 seconds, Stopping threads took: 0,0000212 seconds
2017-07-27T07:09:00.139+0200: 4,359: Total time for which application threads were stopped: 0,0001509 seconds, Stopping threads took: 0,0000433 seconds
2017-07-27T07:09:00.139+0200: 4,359: Total time for which application threads were stopped: 0,0000432 seconds, Stopping threads took: 0,0000164 seconds
2017-07-27T07:09:00.147+0200: 4,366: Total time for which application threads were stopped: 0,0005399 seconds, Stopping threads took: 0,0004460 seconds
2017-07-27T07:09:00.150+0200: 4,370: Total time for which application threads were stopped: 0,0031765 seconds, Stopping threads took: 0,0031035 seconds
2017-07-27T07:09:00.153+0200: 4,372: Total time for which application threads were stopped: 0,0001479 seconds, Stopping threads took: 0,0000715 seconds
2017-07-27T07:09:00.153+0200: 4,373: Total time for which application threads were stopped: 0,0000788 seconds, Stopping threads took: 0,0000116 seconds
2017-07-27T07:09:00.163+0200: 4,383: Total time for which application threads were stopped: 0,0001447 seconds, Stopping threads took: 0,0000639 seconds
2017-07-27T07:09:00.170+0200: 4,390: Total time for which application threads were stopped: 0,0001386 seconds, Stopping threads took: 0,0000394 seconds
2017-07-27T07:09:00.171+0200: 4,390: Total time for which application threads were stopped: 0,0000849 seconds, Stopping threads took: 0,0000304 seconds
2017-07-27T07:09:00.171+0200: 4,391: Total time for which application threads were stopped: 0,0000939 seconds, Stopping threads took: 0,0000267 seconds
2017-07-27T07:09:00.172+0200: 4,392: Total time for which application threads were stopped: 0,0000738 seconds, Stopping threads took: 0,0000224 seconds
2017-07-27T07:09:00.173+0200: 4,393: Total time for which application threads were stopped: 0,0000893 seconds, Stopping threads took: 0,0000232 seconds
2017-07-27T07:09:00.173+0200: 4,393: Total time for which application threads were stopped: 0,0000691 seconds, Stopping threads took: 0,0000287 seconds
2017-07-27T07:09:00.175+0200: 4,395: Total time for which application threads were stopped: 0,0002899 seconds, Stopping threads took: 0,0000136 seconds
2017-07-27T07:09:00.178+0200: 4,398: Total time for which application threads were stopped: 0,0000985 seconds, Stopping threads took: 0,0000237 seconds
2017-07-27T07:09:00.181+0200: 4,401: Total time for which application threads were stopped: 0,0001744 seconds, Stopping threads took: 0,0000489 seconds
2017-07-27T07:09:00.211+0200: 4,431: Total time for which application threads were stopped: 0,0001623 seconds, Stopping threads took: 0,0000529 seconds
2017-07-27T07:09:00.214+0200: 4,434: Total time for which application threads were stopped: 0,0002353 seconds, Stopping threads took: 0,0001509 seconds
2017-07-27T07:09:00.218+0200: 4,438: Total time for which application threads were stopped: 0,0039739 seconds, Stopping threads took: 0,0038513 seconds
2017-07-27T07:09:00.226+0200: 4,446: Total time for which application threads were stopped: 0,0001298 seconds, Stopping threads took: 0,0000517 seconds
2017-07-27T07:09:00.227+0200: 4,447: Total time for which application threads were stopped: 0,0000893 seconds, Stopping threads took: 0,0000322 seconds
2017-07-27T07:09:00.234+0200: 4,454: Total time for which application threads were stopped: 0,0001140 seconds, Stopping threads took: 0,0000440 seconds
2017-07-27T07:09:00.235+0200: 4,455: Total time for which application threads were stopped: 0,0000619 seconds, Stopping threads took: 0,0000119 seconds
2017-07-27T07:09:00.235+0200: 4,455: Total time for which application threads were stopped: 0,0000814 seconds, Stopping threads took: 0,0000281 seconds
2017-07-27T07:09:00.236+0200: 4,456: Total time for which application threads were stopped: 0,0001104 seconds, Stopping threads took: 0,0000598 seconds
2017-07-27T07:09:00.238+0200: 4,458: Total time for which application threads were stopped: 0,0001062 seconds, Stopping threads took: 0,0000411 seconds
2017-07-27T07:09:00.253+0200: 4,473: Total time for which application threads were stopped: 0,0030258 seconds, Stopping threads took: 0,0028855 seconds
2017-07-27T07:09:00.389+0200: 4,609: Total time for which application threads were stopped: 0,0030702 seconds, Stopping threads took: 0,0029109 seconds
2017-07-27T07:09:00.421+0200: 4,641: Total time for which application threads were stopped: 0,0066269 seconds, Stopping threads took: 0,0064901 seconds
2017-07-27T07:09:00.457+0200: 4,677: Total time for which application threads were stopped: 0,0061338 seconds, Stopping threads took: 0,0060389 seconds
2017-07-27T07:09:00.522+0200: 4,742: Total time for which application threads were stopped: 0,0003409 seconds, Stopping threads took: 0,0002414 seconds
2017-07-27T07:09:00.527+0200: 4,747: Total time for which application threads were stopped: 0,0001833 seconds, Stopping threads took: 0,0000791 seconds
2017-07-27T07:09:00.527+0200: 4,747: Total time for which application threads were stopped: 0,0001045 seconds, Stopping threads took: 0,0000267 seconds
2017-07-27T07:09:00.528+0200: 4,748: Total time for which application threads were stopped: 0,0000833 seconds, Stopping threads took: 0,0000142 seconds
2017-07-27T07:09:00.528+0200: 4,748: Total time for which application threads were stopped: 0,0000758 seconds, Stopping threads took: 0,0000109 seconds
2017-07-27T07:09:00.528+0200: 4,748: Total time for which application threads were stopped: 0,0000714 seconds, Stopping threads took: 0,0000100 seconds
2017-07-27T07:09:00.530+0200: 4,750: Total time for which application threads were stopped: 0,0001478 seconds, Stopping threads took: 0,0000451 seconds
2017-07-27T07:09:00.531+0200: 4,751: Total time for which application threads were stopped: 0,0002475 seconds, Stopping threads took: 0,0000354 seconds
2017-07-27T07:09:00.548+0200: 4,768: Total time for which application threads were stopped: 0,0004980 seconds, Stopping threads took: 0,0000495 seconds
2017-07-27T07:09:00.553+0200: 4,773: Total time for which application threads were stopped: 0,0016023 seconds, Stopping threads took: 0,0014506 seconds
2017-07-27T07:09:00.553+0200: 4,773: Total time for which application threads were stopped: 0,0000946 seconds, Stopping threads took: 0,0000182 seconds
2017-07-27T07:09:00.568+0200: 4,788: Total time for which application threads were stopped: 0,0004287 seconds, Stopping threads took: 0,0000628 seconds
2017-07-27T07:09:00.602+0200: 4,822: Total time for which application threads were stopped: 0,0001177 seconds, Stopping threads took: 0,0000447 seconds
2017-07-27T07:09:00.609+0200: 4,829: Total time for which application threads were stopped: 0,0001261 seconds, Stopping threads took: 0,0000399 seconds
2017-07-27T07:09:00.609+0200: 4,829: Total time for which application threads were stopped: 0,0000821 seconds, Stopping threads took: 0,0000254 seconds
2017-07-27T07:09:00.624+0200: 4,844: Total time for which application threads were stopped: 0,0003230 seconds, Stopping threads took: 0,0000151 seconds
2017-07-27T07:09:00.626+0200: 4,846: Total time for which application threads were stopped: 0,0000822 seconds, Stopping threads took: 0,0000308 seconds
2017-07-27T07:09:00.630+0200: 4,850: Total time for which application threads were stopped: 0,0001338 seconds, Stopping threads took: 0,0000434 seconds
2017-07-27T07:09:00.630+0200: 4,850: Total time for which application threads were stopped: 0,0000727 seconds, Stopping threads took: 0,0000162 seconds
2017-07-27T07:09:00.642+0200: 4,862: Total time for which application threads were stopped: 0,0001743 seconds, Stopping threads took: 0,0000957 seconds
2017-07-27T07:09:00.650+0200: 4,870: Total time for which application threads were stopped: 0,0001527 seconds, Stopping threads took: 0,0000358 seconds
2017-07-27T07:09:00.702+0200: 4,922: Total time for which application threads were stopped: 0,0001728 seconds, Stopping threads took: 0,0000455 seconds
2017-07-27T07:09:00.722+0200: 4,942: Total time for which application threads were stopped: 0,0046401 seconds, Stopping threads took: 0,0045013 seconds
2017-07-27T07:09:00.729+0200: 4,949: Total time for which application threads were stopped: 0,0002424 seconds, Stopping threads took: 0,0001335 seconds
2017-07-27T07:09:00.734+0200: 4,953: Total time for which application threads were stopped: 0,0001945 seconds, Stopping threads took: 0,0000940 seconds
{Heap before GC invocations=5 (full 1):
 par new generation   total 109248K, used 101325K [0x00000000e0000000, 0x00000000e8000000, 0x00000000e8000000)
  eden space 87424K, 100% used [0x00000000e0000000, 0x00000000e5560000, 0x00000000e5560000)
  from space 21824K,  63% used [0x00000000e6ab0000, 0x00000000e78437a0, 0x00000000e8000000)
  to   space 21824K,   0% used [0x00000000e5560000, 0x00000000e5560000, 0x00000000e6ab0000)
 concurrent mark-sweep generation total 393216K, used 0K [0x00000000e8000000, 0x0000000100000000, 0x0000000100000000)
 Metaspace       used 23699K, capacity 24234K, committed 24572K, reserved 1071104K
  class space    used 2778K, capacity 2980K, committed 3068K, reserved 1048576K
2017-07-27T07:09:00.771+0200: 4,991: [GC (Allocation Failure) 2017-07-27T07:09:00.771+0200: 4,991: [ParNew
Desired survivor size 20112992 bytes, new threshold 8 (max 8)
- age   1:    5064424 bytes,    5064424 total
- age   2:      95688 bytes,    5160112 total
- age   3:     178304 bytes,    5338416 total
- age   4:     292312 bytes,    5630728 total
- age   5:     801640 bytes,    6432368 total
- age   6:    6634944 bytes,   13067312 total
: 101325K->16253K(109248K), 0,0229865 secs] 101325K->16253K(502464K), 0,0230698 secs] [Times: user=0,06 sys=0,00, real=0,03 secs] 
Heap after GC invocations=6 (full 1):
 par new generation   total 109248K, used 16253K [0x00000000e0000000, 0x00000000e8000000, 0x00000000e8000000)
  eden space 87424K,   0% used [0x00000000e0000000, 0x00000000e0000000, 0x00000000e5560000)
  from space 21824K,  74% used [0x00000000e5560000, 0x00000000e653f5c8, 0x00000000e6ab0000)
  to   space 21824K,   0% used [0x00000000e6ab0000, 0x00000000e6ab0000, 0x00000000e8000000)
 concurrent mark-sweep generation total 393216K, used 0K [0x00000000e8000000, 0x0000000100000000, 0x0000000100000000)
 Metaspace       used 23699K, capacity 24234K, committed 24572K, reserved 1071104K
  class space    used 2778K, capacity 2980K, committed 3068K, reserved 1048576K
}
2017-07-27T07:09:00.794+0200: 5,014: Total time for which application threads were stopped: 0,0237812 seconds, Stopping threads took: 0,0005413 seconds
2017-07-27T07:09:00.815+0200: 5,035: Total time for which application threads were stopped: 0,0009320 seconds, Stopping threads took: 0,0007815 seconds
2017-07-27T07:09:00.817+0200: 5,037: Total time for which application threads were stopped: 0,0015879 seconds, Stopping threads took: 0,0014768 seconds
{Heap before GC invocations=6 (full 1):
 par new generation   total 109248K, used 103677K [0x00000000e0000000, 0x00000000e8000000, 0x00000000e8000000)
  eden space 87424K, 100% used [0x00000000e0000000, 0x00000000e5560000, 0x00000000e5560000)
  from space 21824K,  74% used [0x00000000e5560000, 0x00000000e653f5c8, 0x00000000e6ab0000)
  to   space 21824K,   0% used [0x00000000e6ab0000, 0x00000000e6ab0000, 0x00000000e8000000)
 concurrent mark-sweep generation total 393216K, used 0K [0x00000000e8000000, 0x0000000100000000, 0x0000000100000000)
 Metaspace       used 24457K, capacity 24944K, committed 25084K, reserved 1071104K
  class space    used 2861K, capacity 3045K, committed 3068K, reserved 1048576K
2017-07-27T07:09:00.974+0200: 5,194: [GC (Allocation Failure) 2017-07-27T07:09:00.974+0200: 5,194: [ParNew
Desired survivor size 20112992 bytes, new threshold 8 (max 8)
- age   1:    2046176 bytes,    2046176 total
- age   2:    1759160 bytes,    3805336 total
- age   3:      45864 bytes,    3851200 total
- age   4:      91480 bytes,    3942680 total
- age   5:     193824 bytes,    4136504 total
- age   6:     758624 bytes,    4895128 total
- age   7:    6101840 bytes,   10996968 total
: 103677K->16572K(109248K), 0,0169236 secs] 103677K->16572K(502464K), 0,0170129 secs] [Times: user=0,05 sys=0,00, real=0,02 secs] 
Heap after GC invocations=7 (full 1):
 par new generation   total 109248K, used 16572K [0x00000000e0000000, 0x00000000e8000000, 0x00000000e8000000)
  eden space 87424K,   0% used [0x00000000e0000000, 0x00000000e0000000, 0x00000000e5560000)
  from space 21824K,  75% used [0x00000000e6ab0000, 0x00000000e7adf150, 0x00000000e8000000)
  to   space 21824K,   0% used [0x00000000e5560000, 0x00000000e5560000, 0x00000000e6ab0000)
 concurrent mark-sweep generation total 393216K, used 0K [0x00000000e8000000, 0x0000000100000000, 0x0000000100000000)
 Metaspace       used 24457K, capacity 24944K, committed 25084K, reserved 1071104K
  class space    used 2861K, capacity 3045K, committed 3068K, reserved 1048576K
}
2017-07-27T07:09:00.991+0200: 5,211: Total time for which application threads were stopped: 0,0172408 seconds, Stopping threads took: 0,0000314 seconds
2017-07-27T07:09:00.996+0200: 5,216: Total time for which application threads were stopped: 0,0001630 seconds, Stopping threads took: 0,0000602 seconds
2017-07-27T07:09:00.996+0200: 5,216: Total time for which application threads were stopped: 0,0000966 seconds, Stopping threads took: 0,0000373 seconds
2017-07-27T07:09:00.997+0200: 5,216: Total time for which application threads were stopped: 0,0000644 seconds, Stopping threads took: 0,0000144 seconds
{Heap before GC invocations=7 (full 1):
 par new generation   total 109248K, used 103996K [0x00000000e0000000, 0x00000000e8000000, 0x00000000e8000000)
  eden space 87424K, 100% used [0x00000000e0000000, 0x00000000e5560000, 0x00000000e5560000)
  from space 21824K,  75% used [0x00000000e6ab0000, 0x00000000e7adf150, 0x00000000e8000000)
  to   space 21824K,   0% used [0x00000000e5560000, 0x00000000e5560000, 0x00000000e6ab0000)
 concurrent mark-sweep generation total 393216K, used 0K [0x00000000e8000000, 0x0000000100000000, 0x0000000100000000)
 Metaspace       used 24832K, capacity 25258K, committed 25468K, reserved 1071104K
  class space    used 2898K, capacity 3082K, committed 3196K, reserved 1048576K
2017-07-27T07:09:01.108+0200: 5,328: [GC (Allocation Failure) 2017-07-27T07:09:01.108+0200: 5,328: [ParNew
Desired survivor size 20112992 bytes, new threshold 8 (max 8)
- age   1:     727544 bytes,     727544 total
- age   2:    1046096 bytes,    1773640 total
- age   3:    1736320 bytes,    3509960 total
- age   4:      45864 bytes,    3555824 total
- age   5:      91312 bytes,    3647136 total
- age   6:     193824 bytes,    3840960 total
- age   7:     758624 bytes,    4599584 total
- age   8:    6101808 bytes,   10701392 total
: 103996K->13617K(109248K), 0,0441421 secs] 103996K->13617K(502464K), 0,0443105 secs] [Times: user=0,09 sys=0,00, real=0,04 secs] 
Heap after GC invocations=8 (full 1):
 par new generation   total 109248K, used 13617K [0x00000000e0000000, 0x00000000e8000000, 0x00000000e8000000)
  eden space 87424K,   0% used [0x00000000e0000000, 0x00000000e0000000, 0x00000000e5560000)
  from space 21824K,  62% used [0x00000000e5560000, 0x00000000e62ac470, 0x00000000e6ab0000)
  to   space 21824K,   0% used [0x00000000e6ab0000, 0x00000000e6ab0000, 0x00000000e8000000)
 concurrent mark-sweep generation total 393216K, used 0K [0x00000000e8000000, 0x0000000100000000, 0x0000000100000000)
 Metaspace       used 24832K, capacity 25258K, committed 25468K, reserved 1071104K
  class space    used 2898K, capacity 3082K, committed 3196K, reserved 1048576K
}
2017-07-27T07:09:01.153+0200: 5,373: Total time for which application threads were stopped: 0,0448768 seconds, Stopping threads took: 0,0003465 seconds
2017-07-27T07:09:01.360+0200: 5,580: Total time for which application threads were stopped: 0,0002049 seconds, Stopping threads took: 0,0000888 seconds
2017-07-27T07:09:01.363+0200: 5,582: Total time for which application threads were stopped: 0,0001470 seconds, Stopping threads took: 0,0000585 seconds
2017-07-27T07:09:01.363+0200: 5,583: Total time for which application threads were stopped: 0,0003572 seconds, Stopping threads took: 0,0002838 seconds
2017-07-27T07:09:01.376+0200: 5,596: Total time for which application threads were stopped: 0,0031190 seconds, Stopping threads took: 0,0029814 seconds
2017-07-27T07:09:01.376+0200: 5,596: Total time for which application threads were stopped: 0,0001386 seconds, Stopping threads took: 0,0000257 seconds
2017-07-27T07:09:01.395+0200: 5,615: Total time for which application threads were stopped: 0,0002151 seconds, Stopping threads took: 0,0000513 seconds
2017-07-27T07:09:01.411+0200: 5,631: Total time for which application threads were stopped: 0,0002626 seconds, Stopping threads took: 0,0001201 seconds
2017-07-27T07:09:01.415+0200: 5,635: Total time for which application threads were stopped: 0,0001949 seconds, Stopping threads took: 0,0001042 seconds
2017-07-27T07:09:01.437+0200: 5,657: Total time for which application threads were stopped: 0,0001703 seconds, Stopping threads took: 0,0000402 seconds
2017-07-27T07:09:01.459+0200: 5,678: Total time for which application threads were stopped: 0,0000853 seconds, Stopping threads took: 0,0000242 seconds
2017-07-27T07:09:01.459+0200: 5,679: Total time for which application threads were stopped: 0,0003543 seconds, Stopping threads took: 0,0000102 seconds
2017-07-27T07:09:01.506+0200: 5,726: Total time for which application threads were stopped: 0,0008580 seconds, Stopping threads took: 0,0004861 seconds
2017-07-27T07:09:01.511+0200: 5,731: Total time for which application threads were stopped: 0,0001556 seconds, Stopping threads took: 0,0000590 seconds
2017-07-27T07:09:01.525+0200: 5,745: Total time for which application threads were stopped: 0,0005304 seconds, Stopping threads took: 0,0001549 seconds
2017-07-27T07:09:01.610+0200: 5,830: Total time for which application threads were stopped: 0,0025598 seconds, Stopping threads took: 0,0021509 seconds
2017-07-27T07:09:01.622+0200: 5,842: Total time for which application threads were stopped: 0,0002437 seconds, Stopping threads took: 0,0001730 seconds
2017-07-27T07:09:01.623+0200: 5,843: Total time for which application threads were stopped: 0,0001500 seconds, Stopping threads took: 0,0000177 seconds
2017-07-27T07:09:01.624+0200: 5,844: Total time for which application threads were stopped: 0,0001270 seconds, Stopping threads took: 0,0000449 seconds
2017-07-27T07:09:01.636+0200: 5,856: Total time for which application threads were stopped: 0,0001208 seconds, Stopping threads took: 0,0000526 seconds
2017-07-27T07:09:01.642+0200: 5,862: Total time for which application threads were stopped: 0,0001756 seconds, Stopping threads took: 0,0000744 seconds
2017-07-27T07:09:01.650+0200: 5,870: Total time for which application threads were stopped: 0,0025537 seconds, Stopping threads took: 0,0023565 seconds
2017-07-27T07:09:01.659+0200: 5,879: Total time for which application threads were stopped: 0,0001379 seconds, Stopping threads took: 0,0000551 seconds
2017-07-27T07:09:01.690+0200: 5,910: Total time for which application threads were stopped: 0,0025641 seconds, Stopping threads took: 0,0024380 seconds
2017-07-27T07:09:01.702+0200: 5,922: Total time for which application threads were stopped: 0,0002161 seconds, Stopping threads took: 0,0000335 seconds
2017-07-27T07:09:01.757+0200: 5,977: Total time for which application threads were stopped: 0,0069831 seconds, Stopping threads took: 0,0068654 seconds
2017-07-27T07:09:01.758+0200: 5,978: Total time for which application threads were stopped: 0,0001151 seconds, Stopping threads took: 0,0000210 seconds
2017-07-27T07:09:01.791+0200: 6,011: Total time for which application threads were stopped: 0,0005603 seconds, Stopping threads took: 0,0000456 seconds
{Heap before GC invocations=8 (full 1):
 par new generation   total 109248K, used 101041K [0x00000000e0000000, 0x00000000e8000000, 0x00000000e8000000)
  eden space 87424K, 100% used [0x00000000e0000000, 0x00000000e5560000, 0x00000000e5560000)
  from space 21824K,  62% used [0x00000000e5560000, 0x00000000e62ac470, 0x00000000e6ab0000)
  to   space 21824K,   0% used [0x00000000e6ab0000, 0x00000000e6ab0000, 0x00000000e8000000)
 concurrent mark-sweep generation total 393216K, used 0K [0x00000000e8000000, 0x0000000100000000, 0x0000000100000000)
 Metaspace       used 27783K, capacity 28340K, committed 28540K, reserved 1075200K
  class space    used 3181K, capacity 3359K, committed 3452K, reserved 1048576K
2017-07-27T07:09:01.803+0200: 6,023: [GC (Allocation Failure) 2017-07-27T07:09:01.803+0200: 6,023: [ParNew
Desired survivor size 20112992 bytes, new threshold 8 (max 8)
- age   1:   10791824 bytes,   10791824 total
- age   2:     201584 bytes,   10993408 total
- age   3:     266568 bytes,   11259976 total
- age   4:    1727040 bytes,   12987016 total
- age   5:      45704 bytes,   13032720 total
- age   6:      91088 bytes,   13123808 total
- age   7:     193264 bytes,   13317072 total
- age   8:     756640 bytes,   14073712 total
: 101041K->15377K(109248K), 0,0825452 secs] 101041K->21840K(502464K), 0,0826380 secs] [Times: user=0,16 sys=0,00, real=0,08 secs] 
Heap after GC invocations=9 (full 1):
 par new generation   total 109248K, used 15377K [0x00000000e0000000, 0x00000000e8000000, 0x00000000e8000000)
  eden space 87424K,   0% used [0x00000000e0000000, 0x00000000e0000000, 0x00000000e5560000)
  from space 21824K,  70% used [0x00000000e6ab0000, 0x00000000e79b46f0, 0x00000000e8000000)
  to   space 21824K,   0% used [0x00000000e5560000, 0x00000000e5560000, 0x00000000e6ab0000)
 concurrent mark-sweep generation total 393216K, used 6463K [0x00000000e8000000, 0x0000000100000000, 0x0000000100000000)
 Metaspace       used 27783K, capacity 28340K, committed 28540K, reserved 1075200K
  class space    used 3181K, capacity 3359K, committed 3452K, reserved 1048576K
}
2017-07-27T07:09:01.886+0200: 6,105: Total time for which application threads were stopped: 0,0828615 seconds, Stopping threads took: 0,0000505 seconds
2017-07-27T07:09:01.894+0200: 6,114: Total time for which application threads were stopped: 0,0001554 seconds, Stopping threads took: 0,0000443 seconds
2017-07-27T07:09:01.895+0200: 6,115: Total time for which application threads were stopped: 0,0002153 seconds, Stopping threads took: 0,0001419 seconds
2017-07-27T07:09:01.926+0200: 6,146: Total time for which application threads were stopped: 0,0001107 seconds, Stopping threads took: 0,0000364 seconds
2017-07-27T07:09:02.927+0200: 7,147: Total time for which application threads were stopped: 0,0000941 seconds, Stopping threads took: 0,0000298 seconds
2017-07-27T07:09:17.928+0200: 22,148: Total time for which application threads were stopped: 0,0000705 seconds, Stopping threads took: 0,0000178 seconds
2017-07-27T07:09:27.930+0200: 32,150: Total time for which application threads were stopped: 0,0004416 seconds, Stopping threads took: 0,0001618 seconds
2017-07-27T07:10:53.937+0200: 118,157: Total time for which application threads were stopped: 0,0001409 seconds, Stopping threads took: 0,0000595 seconds
2017-07-27T07:10:58.938+0200: 123,158: Total time for which application threads were stopped: 0,0001382 seconds, Stopping threads took: 0,0000378 seconds
2017-07-27T07:11:57.944+0200: 182,164: Total time for which application threads were stopped: 0,0001043 seconds, Stopping threads took: 0,0000459 seconds
2017-07-27T07:13:27.955+0200: 272,175: Total time for which application threads were stopped: 0,0000830 seconds, Stopping threads took: 0,0000345 seconds
2017-07-27T07:32:23.092+0200: 1407,312: Total time for which application threads were stopped: 0,0000880 seconds, Stopping threads took: 0,0000327 seconds
2017-07-27T07:37:27.127+0200: 1711,347: Total time for which application threads were stopped: 0,0000828 seconds, Stopping threads took: 0,0000337 seconds
2017-07-27T07:47:17.197+0200: 2301,417: Total time for which application threads were stopped: 0,0000949 seconds, Stopping threads took: 0,0000382 seconds
2017-07-27T07:47:19.197+0200: 2303,417: Total time for which application threads were stopped: 0,0000778 seconds, Stopping threads took: 0,0000163 seconds
2017-07-27T07:49:24.213+0200: 2428,433: Total time for which application threads were stopped: 0,0005141 seconds, Stopping threads took: 0,0001754 seconds
2017-07-27T07:52:02.231+0200: 2586,451: Total time for which application threads were stopped: 0,0000798 seconds, Stopping threads took: 0,0000286 seconds
2017-07-27T08:02:14.305+0200: 3198,525: Total time for which application threads were stopped: 0,0001291 seconds, Stopping threads took: 0,0000472 seconds
2017-07-27T08:13:02.380+0200: 3846,599: Total time for which application threads were stopped: 0,0001014 seconds, Stopping threads took: 0,0000360 seconds
2017-07-27T08:15:28.396+0200: 3992,616: Total time for which application threads were stopped: 0,0000855 seconds, Stopping threads took: 0,0000370 seconds
2017-07-27T08:27:14.477+0200: 4698,697: Total time for which application threads were stopped: 0,0000924 seconds, Stopping threads took: 0,0000320 seconds
2017-07-27T08:36:19.411+0200: 5243,631: Total time for which application threads were stopped: 0,0032552 seconds, Stopping threads took: 0,0031440 seconds
2017-07-27T08:36:19.412+0200: 5243,632: Total time for which application threads were stopped: 0,0001035 seconds, Stopping threads took: 0,0000261 seconds
2017-07-27T08:36:19.412+0200: 5243,632: Total time for which application threads were stopped: 0,0000941 seconds, Stopping threads took: 0,0000240 seconds
2017-07-27T08:36:19.413+0200: 5243,633: Total time for which application threads were stopped: 0,0000742 seconds, Stopping threads took: 0,0000255 seconds
2017-07-27T08:36:19.413+0200: 5243,633: Total time for which application threads were stopped: 0,0000487 seconds, Stopping threads took: 0,0000121 seconds
2017-07-27T08:36:19.420+0200: 5243,640: Total time for which application threads were stopped: 0,0059901 seconds, Stopping threads took: 0,0059088 seconds
2017-07-27T08:36:19.420+0200: 5243,640: Total time for which application threads were stopped: 0,0000654 seconds, Stopping threads took: 0,0000238 seconds
2017-07-27T08:36:19.420+0200: 5243,640: Total time for which application threads were stopped: 0,0000409 seconds, Stopping threads took: 0,0000123 seconds
2017-07-27T08:36:19.420+0200: 5243,640: Total time for which application threads were stopped: 0,0000419 seconds, Stopping threads took: 0,0000124 seconds
2017-07-27T08:36:19.420+0200: 5243,640: Total time for which application threads were stopped: 0,0000413 seconds, Stopping threads took: 0,0000121 seconds
2017-07-27T08:36:19.420+0200: 5243,640: Total time for which application threads were stopped: 0,0000410 seconds, Stopping threads took: 0,0000127 seconds
2017-07-27T08:36:19.420+0200: 5243,640: Total time for which application threads were stopped: 0,0000406 seconds, Stopping threads took: 0,0000123 seconds
2017-07-27T08:36:19.421+0200: 5243,640: Total time for which application threads were stopped: 0,0000439 seconds, Stopping threads took: 0,0000136 seconds
2017-07-27T08:36:19.421+0200: 5243,641: Total time for which application threads were stopped: 0,0000440 seconds, Stopping threads took: 0,0000128 seconds
2017-07-27T08:36:19.421+0200: 5243,641: Total time for which application threads were stopped: 0,0000397 seconds, Stopping threads took: 0,0000122 seconds
2017-07-27T08:36:19.421+0200: 5243,641: Total time for which application threads were stopped: 0,0000406 seconds, Stopping threads took: 0,0000123 seconds
2017-07-27T08:36:19.421+0200: 5243,641: Total time for which application threads were stopped: 0,0000423 seconds, Stopping threads took: 0,0000129 seconds
2017-07-27T08:36:19.421+0200: 5243,641: Total time for which application threads were stopped: 0,0000472 seconds, Stopping threads took: 0,0000181 seconds
2017-07-27T08:36:19.421+0200: 5243,641: Total time for which application threads were stopped: 0,0000410 seconds, Stopping threads took: 0,0000122 seconds
2017-07-27T08:36:19.473+0200: 5243,693: Total time for which application threads were stopped: 0,0022153 seconds, Stopping threads took: 0,0021333 seconds
2017-07-27T08:36:19.473+0200: 5243,693: Total time for which application threads were stopped: 0,0000659 seconds, Stopping threads took: 0,0000192 seconds
2017-07-27T08:36:19.473+0200: 5243,693: Total time for which application threads were stopped: 0,0000824 seconds, Stopping threads took: 0,0000235 seconds
2017-07-27T08:36:19.474+0200: 5243,694: Total time for which application threads were stopped: 0,0000755 seconds, Stopping threads took: 0,0000163 seconds
2017-07-27T08:36:19.474+0200: 5243,694: Total time for which application threads were stopped: 0,0000472 seconds, Stopping threads took: 0,0000133 seconds
2017-07-27T08:36:19.477+0200: 5243,697: Total time for which application threads were stopped: 0,0000850 seconds, Stopping threads took: 0,0000125 seconds
2017-07-27T08:36:19.477+0200: 5243,697: Total time for which application threads were stopped: 0,0000448 seconds, Stopping threads took: 0,0000130 seconds
2017-07-27T08:36:19.477+0200: 5243,697: Total time for which application threads were stopped: 0,0000433 seconds, Stopping threads took: 0,0000156 seconds
2017-07-27T08:36:19.477+0200: 5243,697: Total time for which application threads were stopped: 0,0000411 seconds, Stopping threads took: 0,0000134 seconds
2017-07-27T08:36:19.478+0200: 5243,697: Total time for which application threads were stopped: 0,0000397 seconds, Stopping threads took: 0,0000119 seconds
2017-07-27T08:36:19.478+0200: 5243,698: Total time for which application threads were stopped: 0,0000408 seconds, Stopping threads took: 0,0000132 seconds
2017-07-27T08:36:19.478+0200: 5243,698: Total time for which application threads were stopped: 0,0000390 seconds, Stopping threads took: 0,0000145 seconds
2017-07-27T08:36:19.484+0200: 5243,704: Total time for which application threads were stopped: 0,0051952 seconds, Stopping threads took: 0,0051226 seconds
2017-07-27T08:36:19.484+0200: 5243,704: Total time for which application threads were stopped: 0,0000694 seconds, Stopping threads took: 0,0000315 seconds
2017-07-27T08:36:19.484+0200: 5243,704: Total time for which application threads were stopped: 0,0000785 seconds, Stopping threads took: 0,0000398 seconds
2017-07-27T08:36:19.484+0200: 5243,704: Total time for which application threads were stopped: 0,0000433 seconds, Stopping threads took: 0,0000116 seconds
2017-07-27T08:36:19.484+0200: 5243,704: Total time for which application threads were stopped: 0,0000401 seconds, Stopping threads took: 0,0000111 seconds
2017-07-27T08:36:19.484+0200: 5243,704: Total time for which application threads were stopped: 0,0000614 seconds, Stopping threads took: 0,0000284 seconds
2017-07-27T08:36:19.485+0200: 5243,705: Total time for which application threads were stopped: 0,0004126 seconds, Stopping threads took: 0,0003680 seconds
2017-07-27T08:36:19.485+0200: 5243,705: Total time for which application threads were stopped: 0,0000478 seconds, Stopping threads took: 0,0000228 seconds
2017-07-27T08:36:19.485+0200: 5243,705: Total time for which application threads were stopped: 0,0000329 seconds, Stopping threads took: 0,0000114 seconds
2017-07-27T08:36:19.485+0200: 5243,705: Total time for which application threads were stopped: 0,0000337 seconds, Stopping threads took: 0,0000132 seconds
2017-07-27T08:36:19.485+0200: 5243,705: Total time for which application threads were stopped: 0,0000395 seconds, Stopping threads took: 0,0000082 seconds
2017-07-27T08:36:19.485+0200: 5243,705: Total time for which application threads were stopped: 0,0000269 seconds, Stopping threads took: 0,0000086 seconds
2017-07-27T08:36:19.485+0200: 5243,705: Total time for which application threads were stopped: 0,0000261 seconds, Stopping threads took: 0,0000081 seconds
2017-07-27T08:36:19.486+0200: 5243,706: Total time for which application threads were stopped: 0,0000580 seconds, Stopping threads took: 0,0000249 seconds
2017-07-27T08:36:19.486+0200: 5243,706: Total time for which application threads were stopped: 0,0000382 seconds, Stopping threads took: 0,0000143 seconds
2017-07-27T08:36:19.486+0200: 5243,706: Total time for which application threads were stopped: 0,0000397 seconds, Stopping threads took: 0,0000145 seconds
2017-07-27T08:36:19.487+0200: 5243,707: Total time for which application threads were stopped: 0,0000872 seconds, Stopping threads took: 0,0000357 seconds
2017-07-27T08:36:19.487+0200: 5243,707: Total time for which application threads were stopped: 0,0000473 seconds, Stopping threads took: 0,0000160 seconds
2017-07-27T08:36:19.487+0200: 5243,707: Total time for which application threads were stopped: 0,0000543 seconds, Stopping threads took: 0,0000186 seconds
2017-07-27T08:36:19.487+0200: 5243,707: Total time for which application threads were stopped: 0,0000518 seconds, Stopping threads took: 0,0000198 seconds
2017-07-27T08:36:19.488+0200: 5243,707: Total time for which application threads were stopped: 0,0000539 seconds, Stopping threads took: 0,0000190 seconds
2017-07-27T08:36:19.488+0200: 5243,707: Total time for which application threads were stopped: 0,0000408 seconds, Stopping threads took: 0,0000085 seconds
2017-07-27T08:36:19.488+0200: 5243,708: Total time for which application threads were stopped: 0,0003494 seconds, Stopping threads took: 0,0003272 seconds
2017-07-27T08:36:19.488+0200: 5243,708: Total time for which application threads were stopped: 0,0000423 seconds, Stopping threads took: 0,0000151 seconds
2017-07-27T08:36:19.488+0200: 5243,708: Total time for which application threads were stopped: 0,0000692 seconds, Stopping threads took: 0,0000481 seconds
2017-07-27T08:36:19.490+0200: 5243,710: Total time for which application threads were stopped: 0,0001686 seconds, Stopping threads took: 0,0000911 seconds
2017-07-27T08:36:19.492+0200: 5243,712: Total time for which application threads were stopped: 0,0001287 seconds, Stopping threads took: 0,0000549 seconds
2017-07-27T08:36:19.493+0200: 5243,712: Total time for which application threads were stopped: 0,0000961 seconds, Stopping threads took: 0,0000518 seconds
2017-07-27T08:36:19.493+0200: 5243,713: Total time for which application threads were stopped: 0,0001808 seconds, Stopping threads took: 0,0001432 seconds
2017-07-27T08:36:19.495+0200: 5243,715: Total time for which application threads were stopped: 0,0000867 seconds, Stopping threads took: 0,0000283 seconds
2017-07-27T08:36:19.495+0200: 5243,715: Total time for which application threads were stopped: 0,0000682 seconds, Stopping threads took: 0,0000301 seconds
2017-07-27T08:36:19.495+0200: 5243,715: Total time for which application threads were stopped: 0,0000349 seconds, Stopping threads took: 0,0000057 seconds
2017-07-27T08:36:19.496+0200: 5243,716: Total time for which application threads were stopped: 0,0000717 seconds, Stopping threads took: 0,0000285 seconds
2017-07-27T08:36:19.496+0200: 5243,716: Total time for which application threads were stopped: 0,0000471 seconds, Stopping threads took: 0,0000176 seconds
2017-07-27T08:36:19.496+0200: 5243,716: Total time for which application threads were stopped: 0,0000409 seconds, Stopping threads took: 0,0000199 seconds
2017-07-27T08:36:19.496+0200: 5243,716: Total time for which application threads were stopped: 0,0000393 seconds, Stopping threads took: 0,0000072 seconds
2017-07-27T08:36:19.497+0200: 5243,717: Total time for which application threads were stopped: 0,0000555 seconds, Stopping threads took: 0,0000101 seconds
2017-07-27T08:36:19.497+0200: 5243,717: Total time for which application threads were stopped: 0,0000447 seconds, Stopping threads took: 0,0000123 seconds
2017-07-27T08:36:19.497+0200: 5243,717: Total time for which application threads were stopped: 0,0000379 seconds, Stopping threads took: 0,0000070 seconds
2017-07-27T08:36:19.497+0200: 5243,717: Total time for which application threads were stopped: 0,0001378 seconds, Stopping threads took: 0,0000093 seconds
2017-07-27T08:36:19.499+0200: 5243,719: Total time for which application threads were stopped: 0,0002011 seconds, Stopping threads took: 0,0001235 seconds
2017-07-27T08:36:19.504+0200: 5243,724: Total time for which application threads were stopped: 0,0001097 seconds, Stopping threads took: 0,0000332 seconds
2017-07-27T08:36:19.505+0200: 5243,724: Total time for which application threads were stopped: 0,0008636 seconds, Stopping threads took: 0,0007780 seconds
Heap
 par new generation   total 109248K, used 43097K [0x00000000e0000000, 0x00000000e8000000, 0x00000000e8000000)
  eden space 87424K,  31% used [0x00000000e0000000, 0x00000000e1b11f30, 0x00000000e5560000)
  from space 21824K,  70% used [0x00000000e6ab0000, 0x00000000e79b46f0, 0x00000000e8000000)
  to   space 21824K,   0% used [0x00000000e5560000, 0x00000000e5560000, 0x00000000e6ab0000)
 concurrent mark-sweep generation total 393216K, used 6463K [0x00000000e8000000, 0x0000000100000000, 0x0000000100000000)
 Metaspace       used 28128K, capacity 28732K, committed 29052K, reserved 1075200K
  class space    used 3227K, capacity 3425K, committed 3452K, reserved 1048576K
