OpenJDK 64-Bit Server VM (25.121-b13) for linux-amd64 JRE (1.8.0_121-8u121-b13-0ubuntu1.16.04.2-b13), built on Jan 23 2017 15:51:29 by "buildd" with gcc 5.4.0 20160609
Memory: 4k page, physical 7867760k(7508600k free), swap 8076284k(8076284k free)
CommandLine flags: -XX:CMSInitiatingOccupancyFraction=50 -XX:CMSMaxAbortablePrecleanTime=6000 -XX:+CMSParallelRemarkEnabled -XX:+CMSScavengeBeforeRemark -XX:ConcGCThreads=4 -XX:InitialHeapSize=536870912 -XX:MaxHeapSize=536870912 -XX:MaxTenuringThreshold=8 -XX:NewRatio=3 -XX:OldPLABSize=16 -XX:OnOutOfMemoryError=/opt/solr/bin/oom_solr.sh 8983 /var/solr/logs -XX:ParallelGCThreads=4 -XX:+ParallelRefProcEnabled -XX:PretenureSizeThreshold=67108864 -XX:+PrintGC -XX:+PrintGCApplicationStoppedTime -XX:+PrintGCDateStamps -XX:+PrintGCDetails -XX:+PrintGCTimeStamps -XX:+PrintHeapAtGC -XX:+PrintTenuringDistribution -XX:SurvivorRatio=4 -XX:TargetSurvivorRatio=90 -XX:ThreadStackSize=256 -XX:+UseCMSInitiatingOccupancyOnly -XX:+UseCompressedClassPointers -XX:+UseCompressedOops -XX:+UseConcMarkSweepGC -XX:+UseParNewGC 
2017-03-01T08:42:23.386+0100: 0,141: Total time for which application threads were stopped: 0,0000661 seconds, Stopping threads took: 0,0000124 seconds
2017-03-01T08:42:23.460+0100: 0,215: Total time for which application threads were stopped: 0,0001277 seconds, Stopping threads took: 0,0000258 seconds
2017-03-01T08:42:23.476+0100: 0,231: Total time for which application threads were stopped: 0,0000924 seconds, Stopping threads took: 0,0000259 seconds
2017-03-01T08:42:23.705+0100: 0,460: Total time for which application threads were stopped: 0,0001308 seconds, Stopping threads took: 0,0000195 seconds
2017-03-01T08:42:24.257+0100: 1,011: Total time for which application threads were stopped: 0,0001767 seconds, Stopping threads took: 0,0000158 seconds
2017-03-01T08:42:24.334+0100: 1,089: Total time for which application threads were stopped: 0,0002073 seconds, Stopping threads took: 0,0000374 seconds
2017-03-01T08:42:24.359+0100: 1,114: Total time for which application threads were stopped: 0,0002015 seconds, Stopping threads took: 0,0000315 seconds
2017-03-01T08:42:24.684+0100: 1,438: Total time for which application threads were stopped: 0,0001534 seconds, Stopping threads took: 0,0000125 seconds
2017-03-01T08:42:24.894+0100: 1,648: Total time for which application threads were stopped: 0,0002164 seconds, Stopping threads took: 0,0000439 seconds
2017-03-01T08:42:24.915+0100: 1,669: Total time for which application threads were stopped: 0,0001798 seconds, Stopping threads took: 0,0000346 seconds
2017-03-01T08:42:24.950+0100: 1,705: Total time for which application threads were stopped: 0,0002476 seconds, Stopping threads took: 0,0000223 seconds
2017-03-01T08:42:24.954+0100: 1,709: Total time for which application threads were stopped: 0,0008437 seconds, Stopping threads took: 0,0000959 seconds
2017-03-01T08:42:24.975+0100: 1,730: Total time for which application threads were stopped: 0,0001928 seconds, Stopping threads took: 0,0000191 seconds
2017-03-01T08:42:25.060+0100: 1,814: Total time for which application threads were stopped: 0,0002356 seconds, Stopping threads took: 0,0000214 seconds
2017-03-01T08:42:25.217+0100: 1,972: Total time for which application threads were stopped: 0,0002589 seconds, Stopping threads took: 0,0000454 seconds
{Heap before GC invocations=0 (full 0):
 par new generation   total 109248K, used 87424K [0x00000000e0000000, 0x00000000e8000000, 0x00000000e8000000)
  eden space 87424K, 100% used [0x00000000e0000000, 0x00000000e5560000, 0x00000000e5560000)
  from space 21824K,   0% used [0x00000000e5560000, 0x00000000e5560000, 0x00000000e6ab0000)
  to   space 21824K,   0% used [0x00000000e6ab0000, 0x00000000e6ab0000, 0x00000000e8000000)
 concurrent mark-sweep generation total 393216K, used 0K [0x00000000e8000000, 0x0000000100000000, 0x0000000100000000)
 Metaspace       used 18011K, capacity 18336K, committed 18688K, reserved 1064960K
  class space    used 2036K, capacity 2196K, committed 2304K, reserved 1048576K
2017-03-01T08:42:25.310+0100: 2,065: [GC (Allocation Failure) 2017-03-01T08:42:25.310+0100: 2,065: [ParNew
Desired survivor size 20112992 bytes, new threshold 8 (max 8)
- age   1:   12606648 bytes,   12606648 total
: 87424K->12429K(109248K), 0,0151413 secs] 87424K->12429K(502464K), 0,0152292 secs] [Times: user=0,02 sys=0,03, real=0,02 secs] 
Heap after GC invocations=1 (full 0):
 par new generation   total 109248K, used 12429K [0x00000000e0000000, 0x00000000e8000000, 0x00000000e8000000)
  eden space 87424K,   0% used [0x00000000e0000000, 0x00000000e0000000, 0x00000000e5560000)
  from space 21824K,  56% used [0x00000000e6ab0000, 0x00000000e76d3560, 0x00000000e8000000)
  to   space 21824K,   0% used [0x00000000e5560000, 0x00000000e5560000, 0x00000000e6ab0000)
 concurrent mark-sweep generation total 393216K, used 0K [0x00000000e8000000, 0x0000000100000000, 0x0000000100000000)
 Metaspace       used 18011K, capacity 18336K, committed 18688K, reserved 1064960K
  class space    used 2036K, capacity 2196K, committed 2304K, reserved 1048576K
}
2017-03-01T08:42:25.325+0100: 2,080: Total time for which application threads were stopped: 0,0155555 seconds, Stopping threads took: 0,0000800 seconds
2017-03-01T08:42:25.620+0100: 2,375: Total time for which application threads were stopped: 0,0003480 seconds, Stopping threads took: 0,0000498 seconds
2017-03-01T08:42:25.659+0100: 2,413: Total time for which application threads were stopped: 0,0016079 seconds, Stopping threads took: 0,0013347 seconds
{Heap before GC invocations=1 (full 0):
 par new generation   total 109248K, used 99853K [0x00000000e0000000, 0x00000000e8000000, 0x00000000e8000000)
  eden space 87424K, 100% used [0x00000000e0000000, 0x00000000e5560000, 0x00000000e5560000)
  from space 21824K,  56% used [0x00000000e6ab0000, 0x00000000e76d3560, 0x00000000e8000000)
  to   space 21824K,   0% used [0x00000000e5560000, 0x00000000e5560000, 0x00000000e6ab0000)
 concurrent mark-sweep generation total 393216K, used 0K [0x00000000e8000000, 0x0000000100000000, 0x0000000100000000)
 Metaspace       used 20069K, capacity 20428K, committed 20736K, reserved 1067008K
  class space    used 2297K, capacity 2470K, committed 2560K, reserved 1048576K
2017-03-01T08:42:25.662+0100: 2,417: [GC (Allocation Failure) 2017-03-01T08:42:25.662+0100: 2,417: [ParNew
Desired survivor size 20112992 bytes, new threshold 8 (max 8)
- age   1:    3779264 bytes,    3779264 total
- age   2:    6673024 bytes,   10452288 total
: 99853K->13775K(109248K), 0,0104446 secs] 99853K->13775K(502464K), 0,0105218 secs] [Times: user=0,04 sys=0,00, real=0,01 secs] 
Heap after GC invocations=2 (full 0):
 par new generation   total 109248K, used 13775K [0x00000000e0000000, 0x00000000e8000000, 0x00000000e8000000)
  eden space 87424K,   0% used [0x00000000e0000000, 0x00000000e0000000, 0x00000000e5560000)
  from space 21824K,  63% used [0x00000000e5560000, 0x00000000e62d3f90, 0x00000000e6ab0000)
  to   space 21824K,   0% used [0x00000000e6ab0000, 0x00000000e6ab0000, 0x00000000e8000000)
 concurrent mark-sweep generation total 393216K, used 0K [0x00000000e8000000, 0x0000000100000000, 0x0000000100000000)
 Metaspace       used 20069K, capacity 20428K, committed 20736K, reserved 1067008K
  class space    used 2297K, capacity 2470K, committed 2560K, reserved 1048576K
}
2017-03-01T08:42:25.672+0100: 2,427: Total time for which application threads were stopped: 0,0106987 seconds, Stopping threads took: 0,0000442 seconds
2017-03-01T08:42:25.695+0100: 2,450: Total time for which application threads were stopped: 0,0007083 seconds, Stopping threads took: 0,0003379 seconds
2017-03-01T08:42:25.840+0100: 2,595: Total time for which application threads were stopped: 0,0002254 seconds, Stopping threads took: 0,0000626 seconds
{Heap before GC invocations=2 (full 0):
 par new generation   total 109248K, used 101199K [0x00000000e0000000, 0x00000000e8000000, 0x00000000e8000000)
  eden space 87424K, 100% used [0x00000000e0000000, 0x00000000e5560000, 0x00000000e5560000)
  from space 21824K,  63% used [0x00000000e5560000, 0x00000000e62d3f90, 0x00000000e6ab0000)
  to   space 21824K,   0% used [0x00000000e6ab0000, 0x00000000e6ab0000, 0x00000000e8000000)
 concurrent mark-sweep generation total 393216K, used 0K [0x00000000e8000000, 0x0000000100000000, 0x0000000100000000)
 Metaspace       used 20981K, capacity 21292K, committed 21628K, reserved 1069056K
  class space    used 2419K, capacity 2590K, committed 2684K, reserved 1048576K
2017-03-01T08:42:25.881+0100: 2,636: [GC (Allocation Failure) 2017-03-01T08:42:25.881+0100: 2,636: [ParNew
Desired survivor size 20112992 bytes, new threshold 8 (max 8)
- age   1:    2125864 bytes,    2125864 total
- age   2:     849560 bytes,    2975424 total
- age   3:    6654960 bytes,    9630384 total
: 101199K->11591K(109248K), 0,0119095 secs] 101199K->11591K(502464K), 0,0119831 secs] [Times: user=0,04 sys=0,00, real=0,01 secs] 
Heap after GC invocations=3 (full 0):
 par new generation   total 109248K, used 11591K [0x00000000e0000000, 0x00000000e8000000, 0x00000000e8000000)
  eden space 87424K,   0% used [0x00000000e0000000, 0x00000000e0000000, 0x00000000e5560000)
  from space 21824K,  53% used [0x00000000e6ab0000, 0x00000000e7601dc0, 0x00000000e8000000)
  to   space 21824K,   0% used [0x00000000e5560000, 0x00000000e5560000, 0x00000000e6ab0000)
 concurrent mark-sweep generation total 393216K, used 0K [0x00000000e8000000, 0x0000000100000000, 0x0000000100000000)
 Metaspace       used 20981K, capacity 21292K, committed 21628K, reserved 1069056K
  class space    used 2419K, capacity 2590K, committed 2684K, reserved 1048576K
}
2017-03-01T08:42:25.893+0100: 2,648: Total time for which application threads were stopped: 0,0146770 seconds, Stopping threads took: 0,0025640 seconds
2017-03-01T08:42:25.893+0100: 2,648: [GC (CMS Initial Mark) [1 CMS-initial-mark: 0K(393216K)] 12353K(502464K), 0,0054663 secs] [Times: user=0,01 sys=0,00, real=0,01 secs] 
2017-03-01T08:42:25.899+0100: 2,654: Total time for which application threads were stopped: 0,0056324 seconds, Stopping threads took: 0,0000541 seconds
2017-03-01T08:42:25.899+0100: 2,654: [CMS-concurrent-mark-start]
2017-03-01T08:42:25.900+0100: 2,655: [CMS-concurrent-mark: 0,002/0,002 secs] [Times: user=0,01 sys=0,00, real=0,00 secs] 
2017-03-01T08:42:25.901+0100: 2,655: [CMS-concurrent-preclean-start]
2017-03-01T08:42:25.902+0100: 2,657: [CMS-concurrent-preclean: 0,001/0,001 secs] [Times: user=0,00 sys=0,00, real=0,00 secs] 
2017-03-01T08:42:25.902+0100: 2,657: [CMS-concurrent-abortable-preclean-start]
2017-03-01T08:42:25.970+0100: 2,725: Total time for which application threads were stopped: 0,0026945 seconds, Stopping threads took: 0,0026118 seconds
{Heap before GC invocations=3 (full 1):
 par new generation   total 109248K, used 99015K [0x00000000e0000000, 0x00000000e8000000, 0x00000000e8000000)
  eden space 87424K, 100% used [0x00000000e0000000, 0x00000000e5560000, 0x00000000e5560000)
  from space 21824K,  53% used [0x00000000e6ab0000, 0x00000000e7601dc0, 0x00000000e8000000)
  to   space 21824K,   0% used [0x00000000e5560000, 0x00000000e5560000, 0x00000000e6ab0000)
 concurrent mark-sweep generation total 393216K, used 0K [0x00000000e8000000, 0x0000000100000000, 0x0000000100000000)
 Metaspace       used 21255K, capacity 21632K, committed 21884K, reserved 1069056K
  class space    used 2449K, capacity 2605K, committed 2684K, reserved 1048576K
2017-03-01T08:42:26.023+0100: 2,777: [GC (Allocation Failure) 2017-03-01T08:42:26.023+0100: 2,778: [ParNew
Desired survivor size 20112992 bytes, new threshold 8 (max 8)
- age   1:    1053368 bytes,    1053368 total
- age   2:    1462280 bytes,    2515648 total
- age   3:     823960 bytes,    3339608 total
- age   4:    6655032 bytes,    9994640 total
: 99015K->12753K(109248K), 0,0119290 secs] 99015K->12753K(502464K), 0,0120154 secs] [Times: user=0,05 sys=0,00, real=0,01 secs] 
Heap after GC invocations=4 (full 1):
 par new generation   total 109248K, used 12753K [0x00000000e0000000, 0x00000000e8000000, 0x00000000e8000000)
  eden space 87424K,   0% used [0x00000000e0000000, 0x00000000e0000000, 0x00000000e5560000)
  from space 21824K,  58% used [0x00000000e5560000, 0x00000000e61d4640, 0x00000000e6ab0000)
  to   space 21824K,   0% used [0x00000000e6ab0000, 0x00000000e6ab0000, 0x00000000e8000000)
 concurrent mark-sweep generation total 393216K, used 0K [0x00000000e8000000, 0x0000000100000000, 0x0000000100000000)
 Metaspace       used 21255K, capacity 21632K, committed 21884K, reserved 1069056K
  class space    used 2449K, capacity 2605K, committed 2684K, reserved 1048576K
}
2017-03-01T08:42:26.035+0100: 2,790: Total time for which application threads were stopped: 0,0122566 seconds, Stopping threads took: 0,0000752 seconds
2017-03-01T08:42:26.035+0100: 2,790: [CMS-concurrent-abortable-preclean: 0,067/0,133 secs] [Times: user=0,46 sys=0,01, real=0,14 secs] 
2017-03-01T08:42:26.035+0100: 2,790: [GC (CMS Final Remark) [YG occupancy: 14076 K (109248 K)]{Heap before GC invocations=4 (full 1):
 par new generation   total 109248K, used 14076K [0x00000000e0000000, 0x00000000e8000000, 0x00000000e8000000)
  eden space 87424K,   1% used [0x00000000e0000000, 0x00000000e014abc0, 0x00000000e5560000)
  from space 21824K,  58% used [0x00000000e5560000, 0x00000000e61d4640, 0x00000000e6ab0000)
  to   space 21824K,   0% used [0x00000000e6ab0000, 0x00000000e6ab0000, 0x00000000e8000000)
 concurrent mark-sweep generation total 393216K, used 0K [0x00000000e8000000, 0x0000000100000000, 0x0000000100000000)
 Metaspace       used 21255K, capacity 21632K, committed 21884K, reserved 1069056K
  class space    used 2449K, capacity 2605K, committed 2684K, reserved 1048576K
2017-03-01T08:42:26.035+0100: 2,790: [GC (CMS Final Remark) 2017-03-01T08:42:26.035+0100: 2,790: [ParNew
Desired survivor size 20112992 bytes, new threshold 8 (max 8)
- age   1:      61208 bytes,      61208 total
- age   2:     891560 bytes,     952768 total
- age   3:    1462280 bytes,    2415048 total
- age   4:     823960 bytes,    3239008 total
- age   5:    6654952 bytes,    9893960 total
: 14076K->11571K(109248K), 0,0094357 secs] 14076K->11571K(502464K), 0,0094800 secs] [Times: user=0,03 sys=0,00, real=0,01 secs] 
Heap after GC invocations=5 (full 1):
 par new generation   total 109248K, used 11571K [0x00000000e0000000, 0x00000000e8000000, 0x00000000e8000000)
  eden space 87424K,   0% used [0x00000000e0000000, 0x00000000e0000000, 0x00000000e5560000)
  from space 21824K,  53% used [0x00000000e6ab0000, 0x00000000e75fcd80, 0x00000000e8000000)
  to   space 21824K,   0% used [0x00000000e5560000, 0x00000000e5560000, 0x00000000e6ab0000)
 concurrent mark-sweep generation total 393216K, used 0K [0x00000000e8000000, 0x0000000100000000, 0x0000000100000000)
 Metaspace       used 21255K, capacity 21632K, committed 21884K, reserved 1069056K
  class space    used 2449K, capacity 2605K, committed 2684K, reserved 1048576K
}
2017-03-01T08:42:26.045+0100: 2,799: [Rescan (parallel) , 0,0033410 secs]2017-03-01T08:42:26.048+0100: 2,803: [weak refs processing, 0,0006702 secs]2017-03-01T08:42:26.049+0100: 2,804: [class unloading, 0,0028750 secs]2017-03-01T08:42:26.052+0100: 2,806: [scrub symbol table, 0,0033730 secs]2017-03-01T08:42:26.055+0100: 2,810: [scrub string table, 0,0003585 secs][1 CMS-remark: 0K(393216K)] 11571K(502464K), 0,0207300 secs] [Times: user=0,05 sys=0,00, real=0,02 secs] 
2017-03-01T08:42:26.056+0100: 2,811: Total time for which application threads were stopped: 0,0209330 seconds, Stopping threads took: 0,0001270 seconds
2017-03-01T08:42:26.061+0100: 2,816: [CMS-concurrent-sweep-start]
2017-03-01T08:42:26.061+0100: 2,816: [CMS-concurrent-sweep: 0,000/0,000 secs] [Times: user=0,00 sys=0,00, real=0,00 secs] 
2017-03-01T08:42:26.061+0100: 2,816: [CMS-concurrent-reset-start]
2017-03-01T08:42:26.063+0100: 2,818: [CMS-concurrent-reset: 0,002/0,002 secs] [Times: user=0,01 sys=0,01, real=0,01 secs] 
{Heap before GC invocations=5 (full 1):
 par new generation   total 109248K, used 98995K [0x00000000e0000000, 0x00000000e8000000, 0x00000000e8000000)
  eden space 87424K, 100% used [0x00000000e0000000, 0x00000000e5560000, 0x00000000e5560000)
  from space 21824K,  53% used [0x00000000e6ab0000, 0x00000000e75fcd80, 0x00000000e8000000)
  to   space 21824K,   0% used [0x00000000e5560000, 0x00000000e5560000, 0x00000000e6ab0000)
 concurrent mark-sweep generation total 393216K, used 0K [0x00000000e8000000, 0x0000000100000000, 0x0000000100000000)
 Metaspace       used 21376K, capacity 21804K, committed 21884K, reserved 1069056K
  class space    used 2468K, capacity 2639K, committed 2684K, reserved 1048576K
2017-03-01T08:42:26.135+0100: 2,890: [GC (Allocation Failure) 2017-03-01T08:42:26.135+0100: 2,890: [ParNew
Desired survivor size 20112992 bytes, new threshold 8 (max 8)
- age   1:     754768 bytes,     754768 total
- age   3:     183984 bytes,     938752 total
- age   4:    1462032 bytes,    2400784 total
- age   5:     823848 bytes,    3224632 total
- age   6:    6655096 bytes,    9879728 total
: 98995K->13039K(109248K), 0,0108838 secs] 98995K->13039K(502464K), 0,0109695 secs] [Times: user=0,03 sys=0,00, real=0,01 secs] 
Heap after GC invocations=6 (full 1):
 par new generation   total 109248K, used 13039K [0x00000000e0000000, 0x00000000e8000000, 0x00000000e8000000)
  eden space 87424K,   0% used [0x00000000e0000000, 0x00000000e0000000, 0x00000000e5560000)
  from space 21824K,  59% used [0x00000000e5560000, 0x00000000e621bdd0, 0x00000000e6ab0000)
  to   space 21824K,   0% used [0x00000000e6ab0000, 0x00000000e6ab0000, 0x00000000e8000000)
 concurrent mark-sweep generation total 393216K, used 0K [0x00000000e8000000, 0x0000000100000000, 0x0000000100000000)
 Metaspace       used 21376K, capacity 21804K, committed 21884K, reserved 1069056K
  class space    used 2468K, capacity 2639K, committed 2684K, reserved 1048576K
}
2017-03-01T08:42:26.146+0100: 2,901: Total time for which application threads were stopped: 0,0111864 seconds, Stopping threads took: 0,0000749 seconds
2017-03-01T08:42:26.191+0100: 2,946: Total time for which application threads were stopped: 0,0003367 seconds, Stopping threads took: 0,0000233 seconds
2017-03-01T08:42:26.387+0100: 3,142: Total time for which application threads were stopped: 0,0005844 seconds, Stopping threads took: 0,0000495 seconds
2017-03-01T08:42:26.406+0100: 3,161: Total time for which application threads were stopped: 0,0004969 seconds, Stopping threads took: 0,0000486 seconds
{Heap before GC invocations=6 (full 1):
 par new generation   total 109248K, used 100445K [0x00000000e0000000, 0x00000000e8000000, 0x00000000e8000000)
  eden space 87424K,  99% used [0x00000000e0000000, 0x00000000e555b778, 0x00000000e5560000)
  from space 21824K,  59% used [0x00000000e5560000, 0x00000000e621bdd0, 0x00000000e6ab0000)
  to   space 21824K,   0% used [0x00000000e6ab0000, 0x00000000e6ab0000, 0x00000000e8000000)
 concurrent mark-sweep generation total 393216K, used 0K [0x00000000e8000000, 0x0000000100000000, 0x0000000100000000)
 Metaspace       used 24350K, capacity 24812K, committed 25084K, reserved 1071104K
  class space    used 2858K, capacity 3045K, committed 3068K, reserved 1048576K
2017-03-01T08:42:26.573+0100: 3,328: [GC (Allocation Failure) 2017-03-01T08:42:26.573+0100: 3,328: [ParNew
Desired survivor size 20112992 bytes, new threshold 8 (max 8)
- age   1:    5273480 bytes,    5273480 total
- age   2:     110952 bytes,    5384432 total
- age   4:     182544 bytes,    5566976 total
- age   5:     289920 bytes,    5856896 total
- age   6:     799552 bytes,    6656448 total
- age   7:    6646376 bytes,   13302824 total
: 100445K->15925K(109248K), 0,0163216 secs] 100445K->15925K(502464K), 0,0163906 secs] [Times: user=0,06 sys=0,00, real=0,02 secs] 
Heap after GC invocations=7 (full 1):
 par new generation   total 109248K, used 15925K [0x00000000e0000000, 0x00000000e8000000, 0x00000000e8000000)
  eden space 87424K,   0% used [0x00000000e0000000, 0x00000000e0000000, 0x00000000e5560000)
  from space 21824K,  72% used [0x00000000e6ab0000, 0x00000000e7a3d7c0, 0x00000000e8000000)
  to   space 21824K,   0% used [0x00000000e5560000, 0x00000000e5560000, 0x00000000e6ab0000)
 concurrent mark-sweep generation total 393216K, used 0K [0x00000000e8000000, 0x0000000100000000, 0x0000000100000000)
 Metaspace       used 24350K, capacity 24812K, committed 25084K, reserved 1071104K
  class space    used 2858K, capacity 3045K, committed 3068K, reserved 1048576K
}
2017-03-01T08:42:26.589+0100: 3,344: Total time for which application threads were stopped: 0,0167856 seconds, Stopping threads took: 0,0001770 seconds
{Heap before GC invocations=7 (full 1):
 par new generation   total 109248K, used 103349K [0x00000000e0000000, 0x00000000e8000000, 0x00000000e8000000)
  eden space 87424K, 100% used [0x00000000e0000000, 0x00000000e5560000, 0x00000000e5560000)
  from space 21824K,  72% used [0x00000000e6ab0000, 0x00000000e7a3d7c0, 0x00000000e8000000)
  to   space 21824K,   0% used [0x00000000e5560000, 0x00000000e5560000, 0x00000000e6ab0000)
 concurrent mark-sweep generation total 393216K, used 0K [0x00000000e8000000, 0x0000000100000000, 0x0000000100000000)
 Metaspace       used 24976K, capacity 25378K, committed 25724K, reserved 1071104K
  class space    used 2909K, capacity 3081K, committed 3196K, reserved 1048576K
2017-03-01T08:42:26.715+0100: 3,470: [GC (Allocation Failure) 2017-03-01T08:42:26.715+0100: 3,470: [ParNew
Desired survivor size 20112992 bytes, new threshold 8 (max 8)
- age   1:    1100648 bytes,    1100648 total
- age   2:    1388512 bytes,    2489160 total
- age   3:      57608 bytes,    2546768 total
- age   5:     100072 bytes,    2646840 total
- age   6:     192104 bytes,    2838944 total
- age   7:     753736 bytes,    3592680 total
- age   8:    6113560 bytes,    9706240 total
: 103349K->13988K(109248K), 0,0102856 secs] 103349K->13988K(502464K), 0,0103670 secs] [Times: user=0,04 sys=0,00, real=0,01 secs] 
Heap after GC invocations=8 (full 1):
 par new generation   total 109248K, used 13988K [0x00000000e0000000, 0x00000000e8000000, 0x00000000e8000000)
  eden space 87424K,   0% used [0x00000000e0000000, 0x00000000e0000000, 0x00000000e5560000)
  from space 21824K,  64% used [0x00000000e5560000, 0x00000000e63093a0, 0x00000000e6ab0000)
  to   space 21824K,   0% used [0x00000000e6ab0000, 0x00000000e6ab0000, 0x00000000e8000000)
 concurrent mark-sweep generation total 393216K, used 0K [0x00000000e8000000, 0x0000000100000000, 0x0000000100000000)
 Metaspace       used 24976K, capacity 25378K, committed 25724K, reserved 1071104K
  class space    used 2909K, capacity 3081K, committed 3196K, reserved 1048576K
}
2017-03-01T08:42:26.726+0100: 3,480: Total time for which application threads were stopped: 0,0105992 seconds, Stopping threads took: 0,0000505 seconds
2017-03-01T08:42:26.904+0100: 3,659: Total time for which application threads were stopped: 0,0005021 seconds, Stopping threads took: 0,0000518 seconds
2017-03-01T08:42:26.921+0100: 3,676: Total time for which application threads were stopped: 0,0005301 seconds, Stopping threads took: 0,0000361 seconds
2017-03-01T08:42:27.032+0100: 3,787: Total time for which application threads were stopped: 0,0005018 seconds, Stopping threads took: 0,0000528 seconds
2017-03-01T08:42:27.133+0100: 3,888: Total time for which application threads were stopped: 0,0004503 seconds, Stopping threads took: 0,0000220 seconds
2017-03-01T08:42:27.292+0100: 4,047: Total time for which application threads were stopped: 0,0005212 seconds, Stopping threads took: 0,0000296 seconds
2017-03-01T08:44:30.306+0100: 127,061: Total time for which application threads were stopped: 0,0001133 seconds, Stopping threads took: 0,0000456 seconds
2017-03-01T09:05:55.474+0100: 1412,229: Total time for which application threads were stopped: 0,0000873 seconds, Stopping threads took: 0,0000339 seconds
2017-03-01T09:11:04.515+0100: 1721,270: Total time for which application threads were stopped: 0,0000906 seconds, Stopping threads took: 0,0000317 seconds
2017-03-01T09:20:49.591+0100: 2306,346: Total time for which application threads were stopped: 0,0000825 seconds, Stopping threads took: 0,0000314 seconds
2017-03-01T09:20:50.591+0100: 2307,346: Total time for which application threads were stopped: 0,0001051 seconds, Stopping threads took: 0,0000234 seconds
2017-03-01T09:35:40.697+0100: 3197,451: Total time for which application threads were stopped: 0,0001020 seconds, Stopping threads took: 0,0000344 seconds
2017-03-01T09:46:54.776+0100: 3871,531: Total time for which application threads were stopped: 0,0001425 seconds, Stopping threads took: 0,0000613 seconds
2017-03-01T09:48:54.790+0100: 3991,545: Total time for which application threads were stopped: 0,0000810 seconds, Stopping threads took: 0,0000310 seconds
2017-03-01T10:05:24.904+0100: 4981,659: Total time for which application threads were stopped: 0,0000828 seconds, Stopping threads took: 0,0000305 seconds
2017-03-01T10:05:45.906+0100: 5002,661: Total time for which application threads were stopped: 0,0000829 seconds, Stopping threads took: 0,0000329 seconds
2017-03-01T10:08:15.924+0100: 5152,679: Total time for which application threads were stopped: 0,0002062 seconds, Stopping threads took: 0,0001494 seconds
2017-03-01T10:08:20.925+0100: 5157,679: Total time for which application threads were stopped: 0,0000722 seconds, Stopping threads took: 0,0000169 seconds
2017-03-01T10:26:56.048+0100: 6272,803: Total time for which application threads were stopped: 0,0004528 seconds, Stopping threads took: 0,0002003 seconds
2017-03-01T10:34:06.093+0100: 6702,848: Total time for which application threads were stopped: 0,0001461 seconds, Stopping threads took: 0,0000923 seconds
2017-03-01T10:34:56.098+0100: 6752,853: Total time for which application threads were stopped: 0,0001014 seconds, Stopping threads took: 0,0000442 seconds
2017-03-01T10:35:55.104+0100: 6811,859: Total time for which application threads were stopped: 0,0005961 seconds, Stopping threads took: 0,0001822 seconds
2017-03-01T10:40:55.136+0100: 7111,891: Total time for which application threads were stopped: 0,0001051 seconds, Stopping threads took: 0,0000363 seconds
2017-03-01T10:41:25.139+0100: 7141,894: Total time for which application threads were stopped: 0,0001040 seconds, Stopping threads took: 0,0000369 seconds
2017-03-01T10:44:25.159+0100: 7321,914: Total time for which application threads were stopped: 0,0008184 seconds, Stopping threads took: 0,0003068 seconds
2017-03-01T10:44:55.163+0100: 7351,918: Total time for which application threads were stopped: 0,0000810 seconds, Stopping threads took: 0,0000307 seconds
2017-03-01T10:45:55.170+0100: 7411,925: Total time for which application threads were stopped: 0,0003018 seconds, Stopping threads took: 0,0001544 seconds
2017-03-01T10:50:25.196+0100: 7681,951: Total time for which application threads were stopped: 0,0004311 seconds, Stopping threads took: 0,0001321 seconds
2017-03-01T10:52:17.443+0100: 7794,198: Total time for which application threads were stopped: 0,0020751 seconds, Stopping threads took: 0,0019139 seconds
2017-03-01T10:52:17.452+0100: 7794,207: Total time for which application threads were stopped: 0,0001398 seconds, Stopping threads took: 0,0000256 seconds
Heap
 par new generation   total 109248K, used 82599K [0x00000000e0000000, 0x00000000e8000000, 0x00000000e8000000)
  eden space 87424K,  78% used [0x00000000e0000000, 0x00000000e43009a8, 0x00000000e5560000)
  from space 21824K,  64% used [0x00000000e5560000, 0x00000000e63093a0, 0x00000000e6ab0000)
  to   space 21824K,   0% used [0x00000000e6ab0000, 0x00000000e6ab0000, 0x00000000e8000000)
 concurrent mark-sweep generation total 393216K, used 0K [0x00000000e8000000, 0x0000000100000000, 0x0000000100000000)
 Metaspace       used 28099K, capacity 28618K, committed 28796K, reserved 1075200K
  class space    used 3225K, capacity 3389K, committed 3452K, reserved 1048576K
