OpenJDK 64-Bit Server VM (25.91-b14) for linux-amd64 JRE (1.8.0_91-8u91-b14-3ubuntu1~16.04.1-b14), built on Jul 21 2016 04:13:34 by "buildd" with gcc 5.3.1 20160413
Memory: 4k page, physical 7867876k(7574700k free), swap 8076284k(8076284k free)
CommandLine flags: -XX:CMSInitiatingOccupancyFraction=50 -XX:CMSMaxAbortablePrecleanTime=6000 -XX:+CMSParallelRemarkEnabled -XX:+CMSScavengeBeforeRemark -XX:ConcGCThreads=4 -XX:InitialHeapSize=536870912 -XX:MaxHeapSize=536870912 -XX:MaxTenuringThreshold=8 -XX:NewRatio=3 -XX:OldPLABSize=16 -XX:OnOutOfMemoryError=/opt/solr/bin/oom_solr.sh 8983 /var/solr/logs -XX:ParallelGCThreads=4 -XX:+ParallelRefProcEnabled -XX:PretenureSizeThreshold=67108864 -XX:+PrintGC -XX:+PrintGCApplicationStoppedTime -XX:+PrintGCDateStamps -XX:+PrintGCDetails -XX:+PrintGCTimeStamps -XX:+PrintHeapAtGC -XX:+PrintTenuringDistribution -XX:SurvivorRatio=4 -XX:TargetSurvivorRatio=90 -XX:ThreadStackSize=256 -XX:+UseCMSInitiatingOccupancyOnly -XX:+UseCompressedClassPointers -XX:+UseCompressedOops -XX:+UseConcMarkSweepGC -XX:+UseParNewGC 
2016-10-22T13:29:12.782+0200: 0,149: Total time for which application threads were stopped: 0,0000624 seconds, Stopping threads took: 0,0000120 seconds
2016-10-22T13:29:12.859+0200: 0,226: Total time for which application threads were stopped: 0,0001113 seconds, Stopping threads took: 0,0000174 seconds
2016-10-22T13:29:12.887+0200: 0,254: Total time for which application threads were stopped: 0,0000980 seconds, Stopping threads took: 0,0000277 seconds
2016-10-22T13:29:13.067+0200: 0,434: Total time for which application threads were stopped: 0,0001255 seconds, Stopping threads took: 0,0000179 seconds
2016-10-22T13:29:13.487+0200: 0,854: Total time for which application threads were stopped: 0,0001584 seconds, Stopping threads took: 0,0000138 seconds
2016-10-22T13:29:13.589+0200: 0,956: Total time for which application threads were stopped: 0,0001880 seconds, Stopping threads took: 0,0000269 seconds
2016-10-22T13:29:13.608+0200: 0,975: Total time for which application threads were stopped: 0,0002298 seconds, Stopping threads took: 0,0000358 seconds
2016-10-22T13:29:13.845+0200: 1,212: Total time for which application threads were stopped: 0,0002637 seconds, Stopping threads took: 0,0000198 seconds
2016-10-22T13:29:14.144+0200: 1,511: Total time for which application threads were stopped: 0,0002038 seconds, Stopping threads took: 0,0000226 seconds
2016-10-22T13:29:14.253+0200: 1,620: Total time for which application threads were stopped: 0,0001911 seconds, Stopping threads took: 0,0000193 seconds
2016-10-22T13:29:14.254+0200: 1,621: Total time for which application threads were stopped: 0,0001200 seconds, Stopping threads took: 0,0000289 seconds
2016-10-22T13:29:14.271+0200: 1,638: Total time for which application threads were stopped: 0,0001850 seconds, Stopping threads took: 0,0000191 seconds
2016-10-22T13:29:14.370+0200: 1,737: Total time for which application threads were stopped: 0,0002585 seconds, Stopping threads took: 0,0000235 seconds
2016-10-22T13:29:14.510+0200: 1,877: Total time for which application threads were stopped: 0,0005917 seconds, Stopping threads took: 0,0000601 seconds
{Heap before GC invocations=0 (full 0):
 par new generation   total 109248K, used 87424K [0x00000000e0000000, 0x00000000e8000000, 0x00000000e8000000)
  eden space 87424K, 100% used [0x00000000e0000000, 0x00000000e5560000, 0x00000000e5560000)
  from space 21824K,   0% used [0x00000000e5560000, 0x00000000e5560000, 0x00000000e6ab0000)
  to   space 21824K,   0% used [0x00000000e6ab0000, 0x00000000e6ab0000, 0x00000000e8000000)
 concurrent mark-sweep generation total 393216K, used 0K [0x00000000e8000000, 0x0000000100000000, 0x0000000100000000)
 Metaspace       used 18033K, capacity 18310K, committed 18560K, reserved 1064960K
  class space    used 2049K, capacity 2164K, committed 2176K, reserved 1048576K
2016-10-22T13:29:14.621+0200: 1,988: [GC (Allocation Failure) 2016-10-22T13:29:14.621+0200: 1,988: [ParNew
Desired survivor size 20112992 bytes, new threshold 8 (max 8)
- age   1:   11964184 bytes,   11964184 total
: 87424K->11798K(109248K), 0,0169195 secs] 87424K->11798K(502464K), 0,0170218 secs] [Times: user=0,04 sys=0,02, real=0,02 secs] 
Heap after GC invocations=1 (full 0):
 par new generation   total 109248K, used 11798K [0x00000000e0000000, 0x00000000e8000000, 0x00000000e8000000)
  eden space 87424K,   0% used [0x00000000e0000000, 0x00000000e0000000, 0x00000000e5560000)
  from space 21824K,  54% used [0x00000000e6ab0000, 0x00000000e7635a80, 0x00000000e8000000)
  to   space 21824K,   0% used [0x00000000e5560000, 0x00000000e5560000, 0x00000000e6ab0000)
 concurrent mark-sweep generation total 393216K, used 0K [0x00000000e8000000, 0x0000000100000000, 0x0000000100000000)
 Metaspace       used 18033K, capacity 18310K, committed 18560K, reserved 1064960K
  class space    used 2049K, capacity 2164K, committed 2176K, reserved 1048576K
}
2016-10-22T13:29:14.638+0200: 2,005: Total time for which application threads were stopped: 0,0172417 seconds, Stopping threads took: 0,0000346 seconds
2016-10-22T13:29:14.827+0200: 2,194: Total time for which application threads were stopped: 0,0002728 seconds, Stopping threads took: 0,0000231 seconds
2016-10-22T13:29:14.857+0200: 2,224: Total time for which application threads were stopped: 0,0003344 seconds, Stopping threads took: 0,0000263 seconds
2016-10-22T13:29:14.884+0200: 2,251: Total time for which application threads were stopped: 0,0002729 seconds, Stopping threads took: 0,0000219 seconds
{Heap before GC invocations=1 (full 0):
 par new generation   total 109248K, used 99222K [0x00000000e0000000, 0x00000000e8000000, 0x00000000e8000000)
  eden space 87424K, 100% used [0x00000000e0000000, 0x00000000e5560000, 0x00000000e5560000)
  from space 21824K,  54% used [0x00000000e6ab0000, 0x00000000e7635a80, 0x00000000e8000000)
  to   space 21824K,   0% used [0x00000000e5560000, 0x00000000e5560000, 0x00000000e6ab0000)
 concurrent mark-sweep generation total 393216K, used 0K [0x00000000e8000000, 0x0000000100000000, 0x0000000100000000)
 Metaspace       used 20686K, capacity 21026K, committed 21248K, reserved 1069056K
  class space    used 2400K, capacity 2519K, committed 2560K, reserved 1048576K
2016-10-22T13:29:15.051+0200: 2,418: [GC (Allocation Failure) 2016-10-22T13:29:15.051+0200: 2,418: [ParNew
Desired survivor size 20112992 bytes, new threshold 8 (max 8)
- age   1:    3412272 bytes,    3412272 total
- age   2:    5955512 bytes,    9367784 total
: 99222K->10951K(109248K), 0,0133694 secs] 99222K->10951K(502464K), 0,0134331 secs] [Times: user=0,04 sys=0,00, real=0,01 secs] 
Heap after GC invocations=2 (full 0):
 par new generation   total 109248K, used 10951K [0x00000000e0000000, 0x00000000e8000000, 0x00000000e8000000)
  eden space 87424K,   0% used [0x00000000e0000000, 0x00000000e0000000, 0x00000000e5560000)
  from space 21824K,  50% used [0x00000000e5560000, 0x00000000e6011ef0, 0x00000000e6ab0000)
  to   space 21824K,   0% used [0x00000000e6ab0000, 0x00000000e6ab0000, 0x00000000e8000000)
 concurrent mark-sweep generation total 393216K, used 0K [0x00000000e8000000, 0x0000000100000000, 0x0000000100000000)
 Metaspace       used 20686K, capacity 21026K, committed 21248K, reserved 1069056K
  class space    used 2400K, capacity 2519K, committed 2560K, reserved 1048576K
}
2016-10-22T13:29:15.065+0200: 2,432: Total time for which application threads were stopped: 0,0136678 seconds, Stopping threads took: 0,0000362 seconds
2016-10-22T13:29:15.130+0200: 2,497: Total time for which application threads were stopped: 0,0001088 seconds, Stopping threads took: 0,0000328 seconds
2016-10-22T13:29:15.146+0200: 2,513: Total time for which application threads were stopped: 0,0002939 seconds, Stopping threads took: 0,0000174 seconds
2016-10-22T13:29:15.152+0200: 2,519: Total time for which application threads were stopped: 0,0000622 seconds, Stopping threads took: 0,0000149 seconds
2016-10-22T13:29:15.194+0200: 2,561: Total time for which application threads were stopped: 0,0001264 seconds, Stopping threads took: 0,0000414 seconds
2016-10-22T13:29:15.227+0200: 2,594: Total time for which application threads were stopped: 0,0001055 seconds, Stopping threads took: 0,0000334 seconds
2016-10-22T13:29:15.249+0200: 2,616: Total time for which application threads were stopped: 0,0000871 seconds, Stopping threads took: 0,0000217 seconds
2016-10-22T13:29:15.252+0200: 2,619: Total time for which application threads were stopped: 0,0002850 seconds, Stopping threads took: 0,0000250 seconds
2016-10-22T13:29:15.288+0200: 2,655: Total time for which application threads were stopped: 0,0000805 seconds, Stopping threads took: 0,0000217 seconds
2016-10-22T13:29:15.310+0200: 2,677: Total time for which application threads were stopped: 0,0000970 seconds, Stopping threads took: 0,0000132 seconds
2016-10-22T13:29:15.328+0200: 2,695: Total time for which application threads were stopped: 0,0000883 seconds, Stopping threads took: 0,0000189 seconds
2016-10-22T13:29:15.340+0200: 2,708: Total time for which application threads were stopped: 0,0000747 seconds, Stopping threads took: 0,0000204 seconds
2016-10-22T13:29:15.373+0200: 2,740: Total time for which application threads were stopped: 0,0000804 seconds, Stopping threads took: 0,0000132 seconds
2016-10-22T13:29:15.395+0200: 2,762: Total time for which application threads were stopped: 0,0001064 seconds, Stopping threads took: 0,0000225 seconds
2016-10-22T13:29:15.434+0200: 2,801: Total time for which application threads were stopped: 0,0001078 seconds, Stopping threads took: 0,0000320 seconds
2016-10-22T13:29:15.469+0200: 2,836: Total time for which application threads were stopped: 0,0001306 seconds, Stopping threads took: 0,0000286 seconds
2016-10-22T13:29:15.499+0200: 2,866: Total time for which application threads were stopped: 0,0001536 seconds, Stopping threads took: 0,0000728 seconds
2016-10-22T13:29:15.527+0200: 2,894: Total time for which application threads were stopped: 0,0000928 seconds, Stopping threads took: 0,0000232 seconds
2016-10-22T13:29:15.558+0200: 2,925: Total time for which application threads were stopped: 0,0000860 seconds, Stopping threads took: 0,0000227 seconds
2016-10-22T13:29:15.583+0200: 2,950: Total time for which application threads were stopped: 0,0000985 seconds, Stopping threads took: 0,0000212 seconds
{Heap before GC invocations=2 (full 0):
 par new generation   total 109248K, used 98375K [0x00000000e0000000, 0x00000000e8000000, 0x00000000e8000000)
  eden space 87424K, 100% used [0x00000000e0000000, 0x00000000e5560000, 0x00000000e5560000)
  from space 21824K,  50% used [0x00000000e5560000, 0x00000000e6011ef0, 0x00000000e6ab0000)
  to   space 21824K,   0% used [0x00000000e6ab0000, 0x00000000e6ab0000, 0x00000000e8000000)
 concurrent mark-sweep generation total 393216K, used 0K [0x00000000e8000000, 0x0000000100000000, 0x0000000100000000)
 Metaspace       used 26304K, capacity 26686K, committed 26864K, reserved 1073152K
  class space    used 3064K, capacity 3189K, committed 3244K, reserved 1048576K
2016-10-22T13:29:15.598+0200: 2,965: [GC (Allocation Failure) 2016-10-22T13:29:15.598+0200: 2,965: [ParNew
Desired survivor size 20112992 bytes, new threshold 8 (max 8)
- age   1:    8384632 bytes,    8384632 total
- age   2:     546392 bytes,    8931024 total
- age   3:    5945744 bytes,   14876768 total
: 98375K->19544K(109248K), 0,0157847 secs] 98375K->19544K(502464K), 0,0158422 secs] [Times: user=0,04 sys=0,00, real=0,02 secs] 
Heap after GC invocations=3 (full 0):
 par new generation   total 109248K, used 19544K [0x00000000e0000000, 0x00000000e8000000, 0x00000000e8000000)
  eden space 87424K,   0% used [0x00000000e0000000, 0x00000000e0000000, 0x00000000e5560000)
  from space 21824K,  89% used [0x00000000e6ab0000, 0x00000000e7dc6238, 0x00000000e8000000)
  to   space 21824K,   0% used [0x00000000e5560000, 0x00000000e5560000, 0x00000000e6ab0000)
 concurrent mark-sweep generation total 393216K, used 0K [0x00000000e8000000, 0x0000000100000000, 0x0000000100000000)
 Metaspace       used 26304K, capacity 26686K, committed 26864K, reserved 1073152K
  class space    used 3064K, capacity 3189K, committed 3244K, reserved 1048576K
}
2016-10-22T13:29:15.613+0200: 2,980: Total time for which application threads were stopped: 0,0163048 seconds, Stopping threads took: 0,0002837 seconds
2016-10-22T13:29:15.617+0200: 2,984: [GC (CMS Initial Mark) [1 CMS-initial-mark: 0K(393216K)] 21155K(502464K), 0,0062945 secs] [Times: user=0,02 sys=0,00, real=0,01 secs] 
2016-10-22T13:29:15.623+0200: 2,990: Total time for which application threads were stopped: 0,0065376 seconds, Stopping threads took: 0,0001504 seconds
2016-10-22T13:29:15.623+0200: 2,990: [CMS-concurrent-mark-start]
2016-10-22T13:29:15.624+0200: 2,991: [CMS-concurrent-mark: 0,001/0,001 secs] [Times: user=0,00 sys=0,00, real=0,00 secs] 
2016-10-22T13:29:15.624+0200: 2,991: [CMS-concurrent-preclean-start]
2016-10-22T13:29:15.625+0200: 2,992: [CMS-concurrent-preclean: 0,001/0,001 secs] [Times: user=0,01 sys=0,00, real=0,00 secs] 
2016-10-22T13:29:15.626+0200: 2,993: [GC (CMS Final Remark) [YG occupancy: 21155 K (109248 K)]{Heap before GC invocations=3 (full 1):
 par new generation   total 109248K, used 21155K [0x00000000e0000000, 0x00000000e8000000, 0x00000000e8000000)
  eden space 87424K,   1% used [0x00000000e0000000, 0x00000000e0192d18, 0x00000000e5560000)
  from space 21824K,  89% used [0x00000000e6ab0000, 0x00000000e7dc6238, 0x00000000e8000000)
  to   space 21824K,   0% used [0x00000000e5560000, 0x00000000e5560000, 0x00000000e6ab0000)
 concurrent mark-sweep generation total 393216K, used 0K [0x00000000e8000000, 0x0000000100000000, 0x0000000100000000)
 Metaspace       used 26387K, capacity 26782K, committed 26940K, reserved 1073152K
  class space    used 3071K, capacity 3221K, committed 3244K, reserved 1048576K
2016-10-22T13:29:15.626+0200: 2,993: [GC (CMS Final Remark) 2016-10-22T13:29:15.626+0200: 2,993: [ParNew
Desired survivor size 20112992 bytes, new threshold 8 (max 8)
- age   1:      83656 bytes,      83656 total
- age   2:    3391032 bytes,    3474688 total
- age   3:     546392 bytes,    4021080 total
- age   4:    5945768 bytes,    9966848 total
: 21155K->13334K(109248K), 0,0167225 secs] 21155K->13334K(502464K), 0,0167633 secs] [Times: user=0,06 sys=0,00, real=0,02 secs] 
Heap after GC invocations=4 (full 1):
 par new generation   total 109248K, used 13334K [0x00000000e0000000, 0x00000000e8000000, 0x00000000e8000000)
  eden space 87424K,   0% used [0x00000000e0000000, 0x00000000e0000000, 0x00000000e5560000)
  from space 21824K,  61% used [0x00000000e5560000, 0x00000000e6265998, 0x00000000e6ab0000)
  to   space 21824K,   0% used [0x00000000e6ab0000, 0x00000000e6ab0000, 0x00000000e8000000)
 concurrent mark-sweep generation total 393216K, used 0K [0x00000000e8000000, 0x0000000100000000, 0x0000000100000000)
 Metaspace       used 26387K, capacity 26782K, committed 26940K, reserved 1073152K
  class space    used 3071K, capacity 3221K, committed 3244K, reserved 1048576K
}
2016-10-22T13:29:15.643+0200: 3,010: [Rescan (parallel) , 0,0037505 secs]2016-10-22T13:29:15.646+0200: 3,013: [weak refs processing, 0,0006264 secs]2016-10-22T13:29:15.647+0200: 3,014: [class unloading, 0,0031092 secs]2016-10-22T13:29:15.650+0200: 3,017: [scrub symbol table, 0,0036909 secs]2016-10-22T13:29:15.654+0200: 3,021: [scrub string table, 0,0004549 secs][1 CMS-remark: 0K(393216K)] 13334K(502464K), 0,0290700 secs] [Times: user=0,08 sys=0,01, real=0,03 secs] 
2016-10-22T13:29:15.655+0200: 3,022: Total time for which application threads were stopped: 0,0299908 seconds, Stopping threads took: 0,0008408 seconds
2016-10-22T13:29:15.656+0200: 3,023: Total time for which application threads were stopped: 0,0001185 seconds, Stopping threads took: 0,0000392 seconds
2016-10-22T13:29:15.656+0200: 3,023: [CMS-concurrent-sweep-start]
2016-10-22T13:29:15.656+0200: 3,023: [CMS-concurrent-sweep: 0,000/0,000 secs] [Times: user=0,00 sys=0,00, real=0,00 secs] 
2016-10-22T13:29:15.656+0200: 3,023: [CMS-concurrent-reset-start]
2016-10-22T13:29:15.658+0200: 3,025: [CMS-concurrent-reset: 0,002/0,002 secs] [Times: user=0,01 sys=0,00, real=0,00 secs] 
2016-10-22T13:29:16.657+0200: 4,024: Total time for which application threads were stopped: 0,0000722 seconds, Stopping threads took: 0,0000188 seconds
2016-10-22T13:29:16.686+0200: 4,053: Total time for which application threads were stopped: 0,0002706 seconds, Stopping threads took: 0,0000148 seconds
2016-10-22T13:29:44.690+0200: 32,057: Total time for which application threads were stopped: 0,0000568 seconds, Stopping threads took: 0,0000157 seconds
2016-10-22T13:30:23.073+0200: 71,063: Total time for which application threads were stopped: 0,0000583 seconds, Stopping threads took: 0,0000168 seconds
2016-10-22T13:30:33.074+0200: 81,065: Total time for which application threads were stopped: 0,0001177 seconds, Stopping threads took: 0,0000308 seconds
2016-10-22T13:30:38.075+0200: 86,066: Total time for which application threads were stopped: 0,0001286 seconds, Stopping threads took: 0,0000310 seconds
2016-10-22T13:31:03.079+0200: 111,070: Total time for which application threads were stopped: 0,0001592 seconds, Stopping threads took: 0,0000636 seconds
2016-10-22T13:31:54.085+0200: 162,076: Total time for which application threads were stopped: 0,0000858 seconds, Stopping threads took: 0,0000320 seconds
2016-10-22T13:31:59.085+0200: 167,076: Total time for which application threads were stopped: 0,0001752 seconds, Stopping threads took: 0,0000630 seconds
2016-10-22T13:33:09.093+0200: 237,084: Total time for which application threads were stopped: 0,0000838 seconds, Stopping threads took: 0,0000358 seconds
2016-10-22T13:33:59.100+0200: 287,091: Total time for which application threads were stopped: 0,0000748 seconds, Stopping threads took: 0,0000323 seconds
2016-10-22T13:39:59.143+0200: 647,133: Total time for which application threads were stopped: 0,0002466 seconds, Stopping threads took: 0,0000437 seconds
2016-10-22T13:45:19.174+0200: 967,165: Total time for which application threads were stopped: 0,0001991 seconds, Stopping threads took: 0,0000993 seconds
2016-10-22T13:52:58.217+0200: 1426,207: Total time for which application threads were stopped: 0,0004129 seconds, Stopping threads took: 0,0001797 seconds
2016-10-22T13:57:28.242+0200: 1696,233: Total time for which application threads were stopped: 0,0000753 seconds, Stopping threads took: 0,0000286 seconds
2016-10-22T14:07:53.304+0200: 2321,295: Total time for which application threads were stopped: 0,0001072 seconds, Stopping threads took: 0,0000407 seconds
2016-10-22T14:07:54.304+0200: 2322,295: Total time for which application threads were stopped: 0,0000879 seconds, Stopping threads took: 0,0000311 seconds
2016-10-22T14:17:14.358+0200: 2882,349: Total time for which application threads were stopped: 0,0004052 seconds, Stopping threads took: 0,0001835 seconds
2016-10-22T14:22:29.388+0200: 3197,378: Total time for which application threads were stopped: 0,0001114 seconds, Stopping threads took: 0,0000447 seconds
2016-10-22T14:23:44.486+0200: 3272,477: Total time for which application threads were stopped: 0,0001285 seconds, Stopping threads took: 0,0000351 seconds
Heap
 par new generation   total 109248K, used 45590K [0x00000000e0000000, 0x00000000e8000000, 0x00000000e8000000)
  eden space 87424K,  36% used [0x00000000e0000000, 0x00000000e1f800d0, 0x00000000e5560000)
  from space 21824K,  61% used [0x00000000e5560000, 0x00000000e6265998, 0x00000000e6ab0000)
  to   space 21824K,   0% used [0x00000000e6ab0000, 0x00000000e6ab0000, 0x00000000e8000000)
 concurrent mark-sweep generation total 393216K, used 0K [0x00000000e8000000, 0x0000000100000000, 0x0000000100000000)
 Metaspace       used 27018K, capacity 27434K, committed 27836K, reserved 1073152K
  class space    used 3155K, capacity 3287K, committed 3372K, reserved 1048576K
