OpenJDK 64-Bit Server VM (25.111-b14) for linux-amd64 JRE (1.8.0_111-8u111-b14-2ubuntu0.16.04.2-b14), built on Oct 27 2016 18:10:19 by "buildd" with gcc 5.4.0 20160609
Memory: 4k page, physical 7867804k(7523056k free), swap 8076284k(8076284k free)
CommandLine flags: -XX:CMSInitiatingOccupancyFraction=50 -XX:CMSMaxAbortablePrecleanTime=6000 -XX:+CMSParallelRemarkEnabled -XX:+CMSScavengeBeforeRemark -XX:ConcGCThreads=4 -XX:InitialHeapSize=536870912 -XX:MaxHeapSize=536870912 -XX:MaxTenuringThreshold=8 -XX:NewRatio=3 -XX:OldPLABSize=16 -XX:OnOutOfMemoryError=/opt/solr/bin/oom_solr.sh 8983 /var/solr/logs -XX:ParallelGCThreads=4 -XX:+ParallelRefProcEnabled -XX:PretenureSizeThreshold=67108864 -XX:+PrintGC -XX:+PrintGCApplicationStoppedTime -XX:+PrintGCDateStamps -XX:+PrintGCDetails -XX:+PrintGCTimeStamps -XX:+PrintHeapAtGC -XX:+PrintTenuringDistribution -XX:SurvivorRatio=4 -XX:TargetSurvivorRatio=90 -XX:ThreadStackSize=256 -XX:+UseCMSInitiatingOccupancyOnly -XX:+UseCompressedClassPointers -XX:+UseCompressedOops -XX:+UseConcMarkSweepGC -XX:+UseParNewGC 
2016-12-26T11:31:10.321+0100: 0,140: Total time for which application threads were stopped: 0,0000774 seconds, Stopping threads took: 0,0000093 seconds
2016-12-26T11:31:10.422+0100: 0,241: Total time for which application threads were stopped: 0,0001629 seconds, Stopping threads took: 0,0000125 seconds
2016-12-26T11:31:10.435+0100: 0,254: Total time for which application threads were stopped: 0,0000858 seconds, Stopping threads took: 0,0000096 seconds
2016-12-26T11:31:10.622+0100: 0,441: Total time for which application threads were stopped: 0,0001109 seconds, Stopping threads took: 0,0000086 seconds
2016-12-26T11:31:11.098+0100: 0,917: Total time for which application threads were stopped: 0,0002094 seconds, Stopping threads took: 0,0000203 seconds
2016-12-26T11:31:11.209+0100: 1,028: Total time for which application threads were stopped: 0,0002051 seconds, Stopping threads took: 0,0000411 seconds
2016-12-26T11:31:11.227+0100: 1,046: Total time for which application threads were stopped: 0,0001301 seconds, Stopping threads took: 0,0000135 seconds
2016-12-26T11:31:11.521+0100: 1,340: Total time for which application threads were stopped: 0,0002042 seconds, Stopping threads took: 0,0000449 seconds
2016-12-26T11:31:11.754+0100: 1,573: Total time for which application threads were stopped: 0,0002040 seconds, Stopping threads took: 0,0000249 seconds
2016-12-26T11:31:11.781+0100: 1,600: Total time for which application threads were stopped: 0,0014890 seconds, Stopping threads took: 0,0001079 seconds
2016-12-26T11:31:11.784+0100: 1,603: Total time for which application threads were stopped: 0,0001996 seconds, Stopping threads took: 0,0000210 seconds
2016-12-26T11:31:11.799+0100: 1,618: Total time for which application threads were stopped: 0,0008279 seconds, Stopping threads took: 0,0000701 seconds
2016-12-26T11:31:11.893+0100: 1,712: Total time for which application threads were stopped: 0,0001843 seconds, Stopping threads took: 0,0000182 seconds
2016-12-26T11:31:12.050+0100: 1,869: Total time for which application threads were stopped: 0,0002167 seconds, Stopping threads took: 0,0000308 seconds
{Heap before GC invocations=0 (full 0):
 par new generation   total 109248K, used 87424K [0x00000000e0000000, 0x00000000e8000000, 0x00000000e8000000)
  eden space 87424K, 100% used [0x00000000e0000000, 0x00000000e5560000, 0x00000000e5560000)
  from space 21824K,   0% used [0x00000000e5560000, 0x00000000e5560000, 0x00000000e6ab0000)
  to   space 21824K,   0% used [0x00000000e6ab0000, 0x00000000e6ab0000, 0x00000000e8000000)
 concurrent mark-sweep generation total 393216K, used 0K [0x00000000e8000000, 0x0000000100000000, 0x0000000100000000)
 Metaspace       used 18324K, capacity 18686K, committed 18944K, reserved 1067008K
  class space    used 2091K, capacity 2226K, committed 2304K, reserved 1048576K
2016-12-26T11:31:12.170+0100: 1,989: [GC (Allocation Failure) 2016-12-26T11:31:12.170+0100: 1,989: [ParNew
Desired survivor size 20112992 bytes, new threshold 8 (max 8)
- age   1:   12578072 bytes,   12578072 total
: 87424K->12402K(109248K), 0,0174787 secs] 87424K->12402K(502464K), 0,0175794 secs] [Times: user=0,04 sys=0,01, real=0,01 secs] 
Heap after GC invocations=1 (full 0):
 par new generation   total 109248K, used 12402K [0x00000000e0000000, 0x00000000e8000000, 0x00000000e8000000)
  eden space 87424K,   0% used [0x00000000e0000000, 0x00000000e0000000, 0x00000000e5560000)
  from space 21824K,  56% used [0x00000000e6ab0000, 0x00000000e76cc930, 0x00000000e8000000)
  to   space 21824K,   0% used [0x00000000e5560000, 0x00000000e5560000, 0x00000000e6ab0000)
 concurrent mark-sweep generation total 393216K, used 0K [0x00000000e8000000, 0x0000000100000000, 0x0000000100000000)
 Metaspace       used 18324K, capacity 18686K, committed 18944K, reserved 1067008K
  class space    used 2091K, capacity 2226K, committed 2304K, reserved 1048576K
}
2016-12-26T11:31:12.188+0100: 2,007: Total time for which application threads were stopped: 0,0178145 seconds, Stopping threads took: 0,0000519 seconds
2016-12-26T11:31:12.345+0100: 2,164: Total time for which application threads were stopped: 0,0003699 seconds, Stopping threads took: 0,0000424 seconds
2016-12-26T11:31:12.378+0100: 2,197: Total time for which application threads were stopped: 0,0023388 seconds, Stopping threads took: 0,0021103 seconds
2016-12-26T11:31:12.406+0100: 2,225: Total time for which application threads were stopped: 0,0003451 seconds, Stopping threads took: 0,0000359 seconds
{Heap before GC invocations=1 (full 0):
 par new generation   total 109248K, used 99826K [0x00000000e0000000, 0x00000000e8000000, 0x00000000e8000000)
  eden space 87424K, 100% used [0x00000000e0000000, 0x00000000e5560000, 0x00000000e5560000)
  from space 21824K,  56% used [0x00000000e6ab0000, 0x00000000e76cc930, 0x00000000e8000000)
  to   space 21824K,   0% used [0x00000000e5560000, 0x00000000e5560000, 0x00000000e6ab0000)
 concurrent mark-sweep generation total 393216K, used 0K [0x00000000e8000000, 0x0000000100000000, 0x0000000100000000)
 Metaspace       used 20699K, capacity 21020K, committed 21248K, reserved 1069056K
  class space    used 2404K, capacity 2518K, committed 2560K, reserved 1048576K
2016-12-26T11:31:12.578+0100: 2,398: [GC (Allocation Failure) 2016-12-26T11:31:12.578+0100: 2,398: [ParNew
Desired survivor size 20112992 bytes, new threshold 8 (max 8)
- age   1:    2768456 bytes,    2768456 total
- age   2:    6138072 bytes,    8906528 total
: 99826K->11351K(109248K), 0,0129794 secs] 99826K->11351K(502464K), 0,0130559 secs] [Times: user=0,04 sys=0,00, real=0,01 secs] 
Heap after GC invocations=2 (full 0):
 par new generation   total 109248K, used 11351K [0x00000000e0000000, 0x00000000e8000000, 0x00000000e8000000)
  eden space 87424K,   0% used [0x00000000e0000000, 0x00000000e0000000, 0x00000000e5560000)
  from space 21824K,  52% used [0x00000000e5560000, 0x00000000e6075d00, 0x00000000e6ab0000)
  to   space 21824K,   0% used [0x00000000e6ab0000, 0x00000000e6ab0000, 0x00000000e8000000)
 concurrent mark-sweep generation total 393216K, used 0K [0x00000000e8000000, 0x0000000100000000, 0x0000000100000000)
 Metaspace       used 20699K, capacity 21020K, committed 21248K, reserved 1069056K
  class space    used 2404K, capacity 2518K, committed 2560K, reserved 1048576K
}
2016-12-26T11:31:12.592+0100: 2,411: Total time for which application threads were stopped: 0,0134225 seconds, Stopping threads took: 0,0002054 seconds
2016-12-26T11:31:12.643+0100: 2,462: Total time for which application threads were stopped: 0,0000728 seconds, Stopping threads took: 0,0000132 seconds
2016-12-26T11:31:12.677+0100: 2,496: Total time for which application threads were stopped: 0,0002584 seconds, Stopping threads took: 0,0000164 seconds
2016-12-26T11:31:12.682+0100: 2,501: Total time for which application threads were stopped: 0,0000825 seconds, Stopping threads took: 0,0000250 seconds
2016-12-26T11:31:12.709+0100: 2,528: Total time for which application threads were stopped: 0,0000957 seconds, Stopping threads took: 0,0000201 seconds
2016-12-26T11:31:12.784+0100: 2,603: Total time for which application threads were stopped: 0,0001353 seconds, Stopping threads took: 0,0000241 seconds
2016-12-26T11:31:12.800+0100: 2,619: Total time for which application threads were stopped: 0,0001503 seconds, Stopping threads took: 0,0000797 seconds
2016-12-26T11:31:12.808+0100: 2,627: Total time for which application threads were stopped: 0,0003093 seconds, Stopping threads took: 0,0000305 seconds
2016-12-26T11:31:12.815+0100: 2,634: Total time for which application threads were stopped: 0,0002575 seconds, Stopping threads took: 0,0000134 seconds
2016-12-26T11:31:12.821+0100: 2,640: Total time for which application threads were stopped: 0,0000959 seconds, Stopping threads took: 0,0000230 seconds
2016-12-26T11:31:12.857+0100: 2,677: Total time for which application threads were stopped: 0,0000690 seconds, Stopping threads took: 0,0000139 seconds
2016-12-26T11:31:12.870+0100: 2,689: Total time for which application threads were stopped: 0,0000796 seconds, Stopping threads took: 0,0000172 seconds
2016-12-26T11:31:12.890+0100: 2,709: Total time for which application threads were stopped: 0,0000822 seconds, Stopping threads took: 0,0000199 seconds
2016-12-26T11:31:12.916+0100: 2,735: Total time for which application threads were stopped: 0,0000830 seconds, Stopping threads took: 0,0000213 seconds
2016-12-26T11:31:12.941+0100: 2,761: Total time for which application threads were stopped: 0,0001353 seconds, Stopping threads took: 0,0000251 seconds
2016-12-26T11:31:12.995+0100: 2,814: Total time for which application threads were stopped: 0,0000933 seconds, Stopping threads took: 0,0000255 seconds
2016-12-26T11:31:13.022+0100: 2,841: Total time for which application threads were stopped: 0,0000907 seconds, Stopping threads took: 0,0000218 seconds
2016-12-26T11:31:13.056+0100: 2,875: Total time for which application threads were stopped: 0,0001583 seconds, Stopping threads took: 0,0000361 seconds
{Heap before GC invocations=2 (full 0):
 par new generation   total 109248K, used 98775K [0x00000000e0000000, 0x00000000e8000000, 0x00000000e8000000)
  eden space 87424K, 100% used [0x00000000e0000000, 0x00000000e5560000, 0x00000000e5560000)
  from space 21824K,  52% used [0x00000000e5560000, 0x00000000e6075d00, 0x00000000e6ab0000)
  to   space 21824K,   0% used [0x00000000e6ab0000, 0x00000000e6ab0000, 0x00000000e8000000)
 concurrent mark-sweep generation total 393216K, used 0K [0x00000000e8000000, 0x0000000100000000, 0x0000000100000000)
 Metaspace       used 25101K, capacity 25512K, committed 25868K, reserved 1073152K
  class space    used 2923K, capacity 3057K, committed 3092K, reserved 1048576K
2016-12-26T11:31:13.058+0100: 2,877: [GC (Allocation Failure) 2016-12-26T11:31:13.058+0100: 2,877: [ParNew
Desired survivor size 20112992 bytes, new threshold 8 (max 8)
- age   1:    6923736 bytes,    6923736 total
- age   2:     515696 bytes,    7439432 total
- age   3:    6130456 bytes,   13569888 total
: 98775K->16748K(109248K), 0,0126558 secs] 98775K->16748K(502464K), 0,0127098 secs] [Times: user=0,04 sys=0,00, real=0,02 secs] 
Heap after GC invocations=3 (full 0):
 par new generation   total 109248K, used 16748K [0x00000000e0000000, 0x00000000e8000000, 0x00000000e8000000)
  eden space 87424K,   0% used [0x00000000e0000000, 0x00000000e0000000, 0x00000000e5560000)
  from space 21824K,  76% used [0x00000000e6ab0000, 0x00000000e7b0b380, 0x00000000e8000000)
  to   space 21824K,   0% used [0x00000000e5560000, 0x00000000e5560000, 0x00000000e6ab0000)
 concurrent mark-sweep generation total 393216K, used 0K [0x00000000e8000000, 0x0000000100000000, 0x0000000100000000)
 Metaspace       used 25101K, capacity 25512K, committed 25868K, reserved 1073152K
  class space    used 2923K, capacity 3057K, committed 3092K, reserved 1048576K
}
2016-12-26T11:31:13.070+0100: 2,890: Total time for which application threads were stopped: 0,0129094 seconds, Stopping threads took: 0,0000337 seconds
2016-12-26T11:31:13.072+0100: 2,891: [GC (CMS Initial Mark) [1 CMS-initial-mark: 0K(393216K)] 18152K(502464K), 0,0037028 secs] [Times: user=0,01 sys=0,00, real=0,00 secs] 
2016-12-26T11:31:13.076+0100: 2,895: Total time for which application threads were stopped: 0,0038389 seconds, Stopping threads took: 0,0000517 seconds
2016-12-26T11:31:13.076+0100: 2,895: [CMS-concurrent-mark-start]
2016-12-26T11:31:13.077+0100: 2,896: [CMS-concurrent-mark: 0,001/0,001 secs] [Times: user=0,00 sys=0,00, real=0,00 secs] 
2016-12-26T11:31:13.077+0100: 2,896: [CMS-concurrent-preclean-start]
2016-12-26T11:31:13.078+0100: 2,897: [CMS-concurrent-preclean: 0,001/0,001 secs] [Times: user=0,01 sys=0,00, real=0,00 secs] 
2016-12-26T11:31:13.078+0100: 2,897: [GC (CMS Final Remark) [YG occupancy: 18152 K (109248 K)]{Heap before GC invocations=3 (full 1):
 par new generation   total 109248K, used 18152K [0x00000000e0000000, 0x00000000e8000000, 0x00000000e8000000)
  eden space 87424K,   1% used [0x00000000e0000000, 0x00000000e015ef38, 0x00000000e5560000)
  from space 21824K,  76% used [0x00000000e6ab0000, 0x00000000e7b0b380, 0x00000000e8000000)
  to   space 21824K,   0% used [0x00000000e5560000, 0x00000000e5560000, 0x00000000e6ab0000)
 concurrent mark-sweep generation total 393216K, used 0K [0x00000000e8000000, 0x0000000100000000, 0x0000000100000000)
 Metaspace       used 25117K, capacity 25512K, committed 25868K, reserved 1073152K
  class space    used 2924K, capacity 3057K, committed 3092K, reserved 1048576K
2016-12-26T11:31:13.078+0100: 2,897: [GC (CMS Final Remark) 2016-12-26T11:31:13.078+0100: 2,897: [ParNew
Desired survivor size 20112992 bytes, new threshold 8 (max 8)
- age   1:      14448 bytes,      14448 total
- age   2:    3173640 bytes,    3188088 total
- age   3:     515696 bytes,    3703784 total
- age   4:    6128976 bytes,    9832760 total
: 18152K->16840K(109248K), 0,0108759 secs] 18152K->16840K(502464K), 0,0109177 secs] [Times: user=0,03 sys=0,00, real=0,01 secs] 
Heap after GC invocations=4 (full 1):
 par new generation   total 109248K, used 16840K [0x00000000e0000000, 0x00000000e8000000, 0x00000000e8000000)
  eden space 87424K,   0% used [0x00000000e0000000, 0x00000000e0000000, 0x00000000e5560000)
  from space 21824K,  77% used [0x00000000e5560000, 0x00000000e65d2380, 0x00000000e6ab0000)
  to   space 21824K,   0% used [0x00000000e6ab0000, 0x00000000e6ab0000, 0x00000000e8000000)
 concurrent mark-sweep generation total 393216K, used 0K [0x00000000e8000000, 0x0000000100000000, 0x0000000100000000)
 Metaspace       used 25117K, capacity 25512K, committed 25868K, reserved 1073152K
  class space    used 2924K, capacity 3057K, committed 3092K, reserved 1048576K
}
2016-12-26T11:31:13.089+0100: 2,908: [Rescan (parallel) , 0,0042265 secs]2016-12-26T11:31:13.093+0100: 2,912: [weak refs processing, 0,0004009 secs]2016-12-26T11:31:13.093+0100: 2,912: [class unloading, 0,0031081 secs]2016-12-26T11:31:13.097+0100: 2,916: [scrub symbol table, 0,0034558 secs]2016-12-26T11:31:13.100+0100: 2,919: [scrub string table, 0,0004122 secs][1 CMS-remark: 0K(393216K)] 16840K(502464K), 0,0232548 secs] [Times: user=0,06 sys=0,00, real=0,03 secs] 
2016-12-26T11:31:13.101+0100: 2,920: Total time for which application threads were stopped: 0,0233547 seconds, Stopping threads took: 0,0000270 seconds
2016-12-26T11:31:13.101+0100: 2,920: [CMS-concurrent-sweep-start]
2016-12-26T11:31:13.101+0100: 2,920: [CMS-concurrent-sweep: 0,000/0,000 secs] [Times: user=0,00 sys=0,00, real=0,00 secs] 
2016-12-26T11:31:13.101+0100: 2,920: [CMS-concurrent-reset-start]
2016-12-26T11:31:13.105+0100: 2,924: [CMS-concurrent-reset: 0,004/0,004 secs] [Times: user=0,01 sys=0,00, real=0,00 secs] 
2016-12-26T11:31:13.155+0100: 2,974: Total time for which application threads were stopped: 0,0004350 seconds, Stopping threads took: 0,0000299 seconds
2016-12-26T11:31:14.155+0100: 3,974: Total time for which application threads were stopped: 0,0000938 seconds, Stopping threads took: 0,0000203 seconds
2016-12-26T11:31:14.234+0100: 4,053: Total time for which application threads were stopped: 0,0002646 seconds, Stopping threads took: 0,0000168 seconds
2016-12-26T11:33:52.251+0100: 162,070: Total time for which application threads were stopped: 0,0002796 seconds, Stopping threads took: 0,0001414 seconds
2016-12-26T11:33:57.251+0100: 167,070: Total time for which application threads were stopped: 0,0000795 seconds, Stopping threads took: 0,0000338 seconds
2016-12-26T11:34:11.253+0100: 181,072: Total time for which application threads were stopped: 0,0001252 seconds, Stopping threads took: 0,0000347 seconds
2016-12-26T11:34:52.259+0100: 222,078: Total time for which application threads were stopped: 0,0000738 seconds, Stopping threads took: 0,0000340 seconds
2016-12-26T11:35:31.263+0100: 261,082: Total time for which application threads were stopped: 0,0003575 seconds, Stopping threads took: 0,0001635 seconds
2016-12-26T11:35:36.264+0100: 266,083: Total time for which application threads were stopped: 0,0000560 seconds, Stopping threads took: 0,0000153 seconds
2016-12-26T11:35:57.266+0100: 287,085: Total time for which application threads were stopped: 0,0001079 seconds, Stopping threads took: 0,0000449 seconds
2016-12-26T11:36:16.268+0100: 306,087: Total time for which application threads were stopped: 0,0003056 seconds, Stopping threads took: 0,0000982 seconds
2016-12-26T11:38:42.282+0100: 452,101: Total time for which application threads were stopped: 0,0000855 seconds, Stopping threads took: 0,0000304 seconds
2016-12-26T11:54:51.380+0100: 1421,199: Total time for which application threads were stopped: 0,0000797 seconds, Stopping threads took: 0,0000343 seconds
2016-12-26T11:58:37.404+0100: 1647,223: Total time for which application threads were stopped: 0,0001203 seconds, Stopping threads took: 0,0000622 seconds
2016-12-26T11:59:11.408+0100: 1681,227: Total time for which application threads were stopped: 0,0000839 seconds, Stopping threads took: 0,0000306 seconds
2016-12-26T12:09:52.481+0100: 2322,300: Total time for which application threads were stopped: 0,0000933 seconds, Stopping threads took: 0,0000398 seconds
2016-12-26T12:09:56.482+0100: 2326,301: Total time for which application threads were stopped: 0,0000651 seconds, Stopping threads took: 0,0000173 seconds
2016-12-26T12:24:27.622+0100: 3197,441: Total time for which application threads were stopped: 0,0000903 seconds, Stopping threads took: 0,0000374 seconds
2016-12-26T12:35:26.727+0100: 3856,546: Total time for which application threads were stopped: 0,0001473 seconds, Stopping threads took: 0,0000640 seconds
2016-12-26T12:38:11.753+0100: 4021,572: Total time for which application threads were stopped: 0,0000814 seconds, Stopping threads took: 0,0000341 seconds
2016-12-26T13:18:43.036+0100: 6452,855: Total time for which application threads were stopped: 0,0000694 seconds, Stopping threads took: 0,0000280 seconds
2016-12-26T13:19:28.041+0100: 6497,860: Total time for which application threads were stopped: 0,0000698 seconds, Stopping threads took: 0,0000296 seconds
2016-12-26T13:22:57.431+0100: 6707,250: Total time for which application threads were stopped: 0,0001468 seconds, Stopping threads took: 0,0000335 seconds
Heap
 par new generation   total 109248K, used 62103K [0x00000000e0000000, 0x00000000e8000000, 0x00000000e8000000)
  eden space 87424K,  51% used [0x00000000e0000000, 0x00000000e2c33890, 0x00000000e5560000)
  from space 21824K,  77% used [0x00000000e5560000, 0x00000000e65d2380, 0x00000000e6ab0000)
  to   space 21824K,   0% used [0x00000000e6ab0000, 0x00000000e6ab0000, 0x00000000e8000000)
 concurrent mark-sweep generation total 393216K, used 0K [0x00000000e8000000, 0x0000000100000000, 0x0000000100000000)
 Metaspace       used 27217K, capacity 27664K, committed 27916K, reserved 1073152K
  class space    used 3168K, capacity 3321K, committed 3348K, reserved 1048576K
