OpenJDK 64-Bit Server VM (25.121-b13) for linux-amd64 JRE (1.8.0_121-8u121-b13-0ubuntu1.16.04.2-b13), built on Jan 23 2017 15:51:29 by "buildd" with gcc 5.4.0 20160609
Memory: 4k page, physical 7867800k(7501140k free), swap 8076284k(8076284k free)
CommandLine flags: -XX:CMSInitiatingOccupancyFraction=50 -XX:CMSMaxAbortablePrecleanTime=6000 -XX:+CMSParallelRemarkEnabled -XX:+CMSScavengeBeforeRemark -XX:ConcGCThreads=4 -XX:InitialHeapSize=536870912 -XX:MaxHeapSize=536870912 -XX:MaxTenuringThreshold=8 -XX:NewRatio=3 -XX:OldPLABSize=16 -XX:OnOutOfMemoryError=/opt/solr/bin/oom_solr.sh 8983 /var/solr/logs -XX:ParallelGCThreads=4 -XX:+ParallelRefProcEnabled -XX:PretenureSizeThreshold=67108864 -XX:+PrintGC -XX:+PrintGCApplicationStoppedTime -XX:+PrintGCDateStamps -XX:+PrintGCDetails -XX:+PrintGCTimeStamps -XX:+PrintHeapAtGC -XX:+PrintTenuringDistribution -XX:SurvivorRatio=4 -XX:TargetSurvivorRatio=90 -XX:ThreadStackSize=256 -XX:+UseCMSInitiatingOccupancyOnly -XX:+UseCompressedClassPointers -XX:+UseCompressedOops -XX:+UseConcMarkSweepGC -XX:+UseParNewGC 
2017-02-11T10:17:38.726+0100: 0,154: Total time for which application threads were stopped: 0,0000755 seconds, Stopping threads took: 0,0000137 seconds
2017-02-11T10:17:38.815+0100: 0,243: Total time for which application threads were stopped: 0,0001063 seconds, Stopping threads took: 0,0000116 seconds
2017-02-11T10:17:38.831+0100: 0,259: Total time for which application threads were stopped: 0,0000769 seconds, Stopping threads took: 0,0000098 seconds
2017-02-11T10:17:39.176+0100: 0,604: Total time for which application threads were stopped: 0,0001584 seconds, Stopping threads took: 0,0000185 seconds
2017-02-11T10:17:39.576+0100: 1,004: Total time for which application threads were stopped: 0,0001556 seconds, Stopping threads took: 0,0000127 seconds
2017-02-11T10:17:39.696+0100: 1,124: Total time for which application threads were stopped: 0,0003508 seconds, Stopping threads took: 0,0000440 seconds
2017-02-11T10:17:39.721+0100: 1,149: Total time for which application threads were stopped: 0,0002228 seconds, Stopping threads took: 0,0000316 seconds
2017-02-11T10:17:40.001+0100: 1,429: Total time for which application threads were stopped: 0,0001641 seconds, Stopping threads took: 0,0000150 seconds
2017-02-11T10:17:40.184+0100: 1,612: Total time for which application threads were stopped: 0,0002129 seconds, Stopping threads took: 0,0000250 seconds
2017-02-11T10:17:40.216+0100: 1,644: Total time for which application threads were stopped: 0,0001710 seconds, Stopping threads took: 0,0000227 seconds
2017-02-11T10:17:40.250+0100: 1,677: Total time for which application threads were stopped: 0,0001972 seconds, Stopping threads took: 0,0000225 seconds
2017-02-11T10:17:40.251+0100: 1,679: Total time for which application threads were stopped: 0,0002648 seconds, Stopping threads took: 0,0000232 seconds
2017-02-11T10:17:40.266+0100: 1,694: Total time for which application threads were stopped: 0,0002053 seconds, Stopping threads took: 0,0000261 seconds
2017-02-11T10:17:40.365+0100: 1,793: Total time for which application threads were stopped: 0,0002474 seconds, Stopping threads took: 0,0000217 seconds
2017-02-11T10:17:40.526+0100: 1,953: Total time for which application threads were stopped: 0,0002360 seconds, Stopping threads took: 0,0000225 seconds
{Heap before GC invocations=0 (full 0):
 par new generation   total 109248K, used 87424K [0x00000000e0000000, 0x00000000e8000000, 0x00000000e8000000)
  eden space 87424K, 100% used [0x00000000e0000000, 0x00000000e5560000, 0x00000000e5560000)
  from space 21824K,   0% used [0x00000000e5560000, 0x00000000e5560000, 0x00000000e6ab0000)
  to   space 21824K,   0% used [0x00000000e6ab0000, 0x00000000e6ab0000, 0x00000000e8000000)
 concurrent mark-sweep generation total 393216K, used 0K [0x00000000e8000000, 0x0000000100000000, 0x0000000100000000)
 Metaspace       used 17919K, capacity 18240K, committed 18304K, reserved 1064960K
  class space    used 2028K, capacity 2164K, committed 2176K, reserved 1048576K
2017-02-11T10:17:40.583+0100: 2,010: [GC (Allocation Failure) 2017-02-11T10:17:40.583+0100: 2,010: [ParNew
Desired survivor size 20112992 bytes, new threshold 8 (max 8)
- age   1:   11819256 bytes,   11819256 total
: 87424K->11655K(109248K), 0,0158699 secs] 87424K->11655K(502464K), 0,0159628 secs] [Times: user=0,04 sys=0,02, real=0,02 secs] 
Heap after GC invocations=1 (full 0):
 par new generation   total 109248K, used 11655K [0x00000000e0000000, 0x00000000e8000000, 0x00000000e8000000)
  eden space 87424K,   0% used [0x00000000e0000000, 0x00000000e0000000, 0x00000000e5560000)
  from space 21824K,  53% used [0x00000000e6ab0000, 0x00000000e7611c10, 0x00000000e8000000)
  to   space 21824K,   0% used [0x00000000e5560000, 0x00000000e5560000, 0x00000000e6ab0000)
 concurrent mark-sweep generation total 393216K, used 0K [0x00000000e8000000, 0x0000000100000000, 0x0000000100000000)
 Metaspace       used 17919K, capacity 18240K, committed 18304K, reserved 1064960K
  class space    used 2028K, capacity 2164K, committed 2176K, reserved 1048576K
}
2017-02-11T10:17:40.599+0100: 2,026: Total time for which application threads were stopped: 0,0162224 seconds, Stopping threads took: 0,0000507 seconds
2017-02-11T10:17:40.925+0100: 2,353: Total time for which application threads were stopped: 0,0003322 seconds, Stopping threads took: 0,0000288 seconds
{Heap before GC invocations=1 (full 0):
 par new generation   total 109248K, used 99079K [0x00000000e0000000, 0x00000000e8000000, 0x00000000e8000000)
  eden space 87424K, 100% used [0x00000000e0000000, 0x00000000e5560000, 0x00000000e5560000)
  from space 21824K,  53% used [0x00000000e6ab0000, 0x00000000e7611c10, 0x00000000e8000000)
  to   space 21824K,   0% used [0x00000000e5560000, 0x00000000e5560000, 0x00000000e6ab0000)
 concurrent mark-sweep generation total 393216K, used 0K [0x00000000e8000000, 0x0000000100000000, 0x0000000100000000)
 Metaspace       used 20068K, capacity 20426K, committed 20736K, reserved 1067008K
  class space    used 2293K, capacity 2467K, committed 2560K, reserved 1048576K
2017-02-11T10:17:40.962+0100: 2,390: [GC (Allocation Failure) 2017-02-11T10:17:40.962+0100: 2,390: [ParNew
Desired survivor size 20112992 bytes, new threshold 8 (max 8)
- age   1:    4153624 bytes,    4153624 total
- age   2:    6403088 bytes,   10556712 total
: 99079K->15085K(109248K), 0,0165076 secs] 99079K->15085K(502464K), 0,0165794 secs] [Times: user=0,06 sys=0,01, real=0,02 secs] 
Heap after GC invocations=2 (full 0):
 par new generation   total 109248K, used 15085K [0x00000000e0000000, 0x00000000e8000000, 0x00000000e8000000)
  eden space 87424K,   0% used [0x00000000e0000000, 0x00000000e0000000, 0x00000000e5560000)
  from space 21824K,  69% used [0x00000000e5560000, 0x00000000e641b780, 0x00000000e6ab0000)
  to   space 21824K,   0% used [0x00000000e6ab0000, 0x00000000e6ab0000, 0x00000000e8000000)
 concurrent mark-sweep generation total 393216K, used 0K [0x00000000e8000000, 0x0000000100000000, 0x0000000100000000)
 Metaspace       used 20068K, capacity 20426K, committed 20736K, reserved 1067008K
  class space    used 2293K, capacity 2467K, committed 2560K, reserved 1048576K
}
2017-02-11T10:17:40.979+0100: 2,406: Total time for which application threads were stopped: 0,0167994 seconds, Stopping threads took: 0,0000789 seconds
2017-02-11T10:17:40.984+0100: 2,412: Total time for which application threads were stopped: 0,0003021 seconds, Stopping threads took: 0,0000392 seconds
2017-02-11T10:17:41.013+0100: 2,441: Total time for which application threads were stopped: 0,0003462 seconds, Stopping threads took: 0,0000524 seconds
2017-02-11T10:17:41.137+0100: 2,565: Total time for which application threads were stopped: 0,0001915 seconds, Stopping threads took: 0,0000371 seconds
{Heap before GC invocations=2 (full 0):
 par new generation   total 109248K, used 102509K [0x00000000e0000000, 0x00000000e8000000, 0x00000000e8000000)
  eden space 87424K, 100% used [0x00000000e0000000, 0x00000000e5560000, 0x00000000e5560000)
  from space 21824K,  69% used [0x00000000e5560000, 0x00000000e641b780, 0x00000000e6ab0000)
  to   space 21824K,   0% used [0x00000000e6ab0000, 0x00000000e6ab0000, 0x00000000e8000000)
 concurrent mark-sweep generation total 393216K, used 0K [0x00000000e8000000, 0x0000000100000000, 0x0000000100000000)
 Metaspace       used 20997K, capacity 21290K, committed 21628K, reserved 1069056K
  class space    used 2419K, capacity 2587K, committed 2684K, reserved 1048576K
2017-02-11T10:17:41.173+0100: 2,601: [GC (Allocation Failure) 2017-02-11T10:17:41.173+0100: 2,601: [ParNew
Desired survivor size 20112992 bytes, new threshold 8 (max 8)
- age   1:    2159776 bytes,    2159776 total
- age   2:    1085952 bytes,    3245728 total
- age   3:    6401128 bytes,    9646856 total
: 102509K->12941K(109248K), 0,0106426 secs] 102509K->12941K(502464K), 0,0107154 secs] [Times: user=0,04 sys=0,00, real=0,01 secs] 
Heap after GC invocations=3 (full 0):
 par new generation   total 109248K, used 12941K [0x00000000e0000000, 0x00000000e8000000, 0x00000000e8000000)
  eden space 87424K,   0% used [0x00000000e0000000, 0x00000000e0000000, 0x00000000e5560000)
  from space 21824K,  59% used [0x00000000e6ab0000, 0x00000000e7753578, 0x00000000e8000000)
  to   space 21824K,   0% used [0x00000000e5560000, 0x00000000e5560000, 0x00000000e6ab0000)
 concurrent mark-sweep generation total 393216K, used 0K [0x00000000e8000000, 0x0000000100000000, 0x0000000100000000)
 Metaspace       used 20997K, capacity 21290K, committed 21628K, reserved 1069056K
  class space    used 2419K, capacity 2587K, committed 2684K, reserved 1048576K
}
2017-02-11T10:17:41.184+0100: 2,612: Total time for which application threads were stopped: 0,0121430 seconds, Stopping threads took: 0,0012844 seconds
2017-02-11T10:17:41.184+0100: 2,612: [GC (CMS Initial Mark) [1 CMS-initial-mark: 0K(393216K)] 14363K(502464K), 0,0043699 secs] [Times: user=0,02 sys=0,00, real=0,01 secs] 
2017-02-11T10:17:41.189+0100: 2,616: Total time for which application threads were stopped: 0,0044963 seconds, Stopping threads took: 0,0000388 seconds
2017-02-11T10:17:41.189+0100: 2,616: [CMS-concurrent-mark-start]
2017-02-11T10:17:41.189+0100: 2,617: [CMS-concurrent-mark: 0,001/0,001 secs] [Times: user=0,00 sys=0,00, real=0,00 secs] 
2017-02-11T10:17:41.189+0100: 2,617: [CMS-concurrent-preclean-start]
2017-02-11T10:17:41.190+0100: 2,618: [CMS-concurrent-preclean: 0,001/0,001 secs] [Times: user=0,01 sys=0,00, real=0,00 secs] 
2017-02-11T10:17:41.191+0100: 2,618: [CMS-concurrent-abortable-preclean-start]
2017-02-11T10:17:41.259+0100: 2,686: Total time for which application threads were stopped: 0,0001643 seconds, Stopping threads took: 0,0000501 seconds
{Heap before GC invocations=3 (full 1):
 par new generation   total 109248K, used 100365K [0x00000000e0000000, 0x00000000e8000000, 0x00000000e8000000)
  eden space 87424K, 100% used [0x00000000e0000000, 0x00000000e5560000, 0x00000000e5560000)
  from space 21824K,  59% used [0x00000000e6ab0000, 0x00000000e7753578, 0x00000000e8000000)
  to   space 21824K,   0% used [0x00000000e5560000, 0x00000000e5560000, 0x00000000e6ab0000)
 concurrent mark-sweep generation total 393216K, used 0K [0x00000000e8000000, 0x0000000100000000, 0x0000000100000000)
 Metaspace       used 21238K, capacity 21618K, committed 21884K, reserved 1069056K
  class space    used 2445K, capacity 2601K, committed 2684K, reserved 1048576K
2017-02-11T10:17:41.287+0100: 2,715: [GC (Allocation Failure) 2017-02-11T10:17:41.287+0100: 2,715: [ParNew
Desired survivor size 20112992 bytes, new threshold 8 (max 8)
- age   1:     852232 bytes,     852232 total
- age   2:    1464592 bytes,    2316824 total
- age   3:    1051096 bytes,    3367920 total
- age   4:    6401192 bytes,    9769112 total
: 100365K->11184K(109248K), 0,0101187 secs] 100365K->11184K(502464K), 0,0101822 secs] [Times: user=0,03 sys=0,00, real=0,00 secs] 
Heap after GC invocations=4 (full 1):
 par new generation   total 109248K, used 11184K [0x00000000e0000000, 0x00000000e8000000, 0x00000000e8000000)
  eden space 87424K,   0% used [0x00000000e0000000, 0x00000000e0000000, 0x00000000e5560000)
  from space 21824K,  51% used [0x00000000e5560000, 0x00000000e604c078, 0x00000000e6ab0000)
  to   space 21824K,   0% used [0x00000000e6ab0000, 0x00000000e6ab0000, 0x00000000e8000000)
 concurrent mark-sweep generation total 393216K, used 0K [0x00000000e8000000, 0x0000000100000000, 0x0000000100000000)
 Metaspace       used 21238K, capacity 21618K, committed 21884K, reserved 1069056K
  class space    used 2445K, capacity 2601K, committed 2684K, reserved 1048576K
}
2017-02-11T10:17:41.297+0100: 2,725: Total time for which application threads were stopped: 0,0104315 seconds, Stopping threads took: 0,0001099 seconds
2017-02-11T10:17:41.297+0100: 2,725: [CMS-concurrent-abortable-preclean: 0,069/0,107 secs] [Times: user=0,39 sys=0,00, real=0,10 secs] 
2017-02-11T10:17:41.302+0100: 2,730: [GC (CMS Final Remark) [YG occupancy: 12529 K (109248 K)]{Heap before GC invocations=4 (full 1):
 par new generation   total 109248K, used 12529K [0x00000000e0000000, 0x00000000e8000000, 0x00000000e8000000)
  eden space 87424K,   1% used [0x00000000e0000000, 0x00000000e0150568, 0x00000000e5560000)
  from space 21824K,  51% used [0x00000000e5560000, 0x00000000e604c078, 0x00000000e6ab0000)
  to   space 21824K,   0% used [0x00000000e6ab0000, 0x00000000e6ab0000, 0x00000000e8000000)
 concurrent mark-sweep generation total 393216K, used 0K [0x00000000e8000000, 0x0000000100000000, 0x0000000100000000)
 Metaspace       used 21238K, capacity 21618K, committed 21884K, reserved 1069056K
  class space    used 2445K, capacity 2601K, committed 2684K, reserved 1048576K
2017-02-11T10:17:41.302+0100: 2,730: [GC (CMS Final Remark) 2017-02-11T10:17:41.302+0100: 2,730: [ParNew
Desired survivor size 20112992 bytes, new threshold 8 (max 8)
- age   1:      56432 bytes,      56432 total
- age   2:     707872 bytes,     764304 total
- age   3:    1464528 bytes,    2228832 total
- age   4:    1051096 bytes,    3279928 total
- age   5:    6401248 bytes,    9681176 total
: 12529K->14696K(109248K), 0,0095968 secs] 12529K->14696K(502464K), 0,0096349 secs] [Times: user=0,03 sys=0,00, real=0,01 secs] 
Heap after GC invocations=5 (full 1):
 par new generation   total 109248K, used 14696K [0x00000000e0000000, 0x00000000e8000000, 0x00000000e8000000)
  eden space 87424K,   0% used [0x00000000e0000000, 0x00000000e0000000, 0x00000000e5560000)
  from space 21824K,  67% used [0x00000000e6ab0000, 0x00000000e790a008, 0x00000000e8000000)
  to   space 21824K,   0% used [0x00000000e5560000, 0x00000000e5560000, 0x00000000e6ab0000)
 concurrent mark-sweep generation total 393216K, used 0K [0x00000000e8000000, 0x0000000100000000, 0x0000000100000000)
 Metaspace       used 21238K, capacity 21618K, committed 21884K, reserved 1069056K
  class space    used 2445K, capacity 2601K, committed 2684K, reserved 1048576K
}
2017-02-11T10:17:41.312+0100: 2,740: [Rescan (parallel) , 0,0034946 secs]2017-02-11T10:17:41.315+0100: 2,743: [weak refs processing, 0,0005977 secs]2017-02-11T10:17:41.316+0100: 2,744: [class unloading, 0,0028795 secs]2017-02-11T10:17:41.319+0100: 2,747: [scrub symbol table, 0,0025709 secs]2017-02-11T10:17:41.322+0100: 2,749: [scrub string table, 0,0004036 secs][1 CMS-remark: 0K(393216K)] 14696K(502464K), 0,0202780 secs] [Times: user=0,05 sys=0,00, real=0,02 secs] 
2017-02-11T10:17:41.323+0100: 2,750: Total time for which application threads were stopped: 0,0238472 seconds, Stopping threads took: 0,0034799 seconds
2017-02-11T10:17:41.324+0100: 2,751: [CMS-concurrent-sweep-start]
2017-02-11T10:17:41.324+0100: 2,751: [CMS-concurrent-sweep: 0,000/0,000 secs] [Times: user=0,00 sys=0,00, real=0,00 secs] 
2017-02-11T10:17:41.324+0100: 2,751: [CMS-concurrent-reset-start]
2017-02-11T10:17:41.326+0100: 2,754: [CMS-concurrent-reset: 0,002/0,002 secs] [Times: user=0,01 sys=0,00, real=0,00 secs] 
{Heap before GC invocations=5 (full 1):
 par new generation   total 109248K, used 102120K [0x00000000e0000000, 0x00000000e8000000, 0x00000000e8000000)
  eden space 87424K, 100% used [0x00000000e0000000, 0x00000000e5560000, 0x00000000e5560000)
  from space 21824K,  67% used [0x00000000e6ab0000, 0x00000000e790a008, 0x00000000e8000000)
  to   space 21824K,   0% used [0x00000000e5560000, 0x00000000e5560000, 0x00000000e6ab0000)
 concurrent mark-sweep generation total 393216K, used 0K [0x00000000e8000000, 0x0000000100000000, 0x0000000100000000)
 Metaspace       used 21364K, capacity 21778K, committed 21884K, reserved 1069056K
  class space    used 2465K, capacity 2633K, committed 2684K, reserved 1048576K
2017-02-11T10:17:41.407+0100: 2,835: [GC (Allocation Failure) 2017-02-11T10:17:41.407+0100: 2,835: [ParNew
Desired survivor size 20112992 bytes, new threshold 8 (max 8)
- age   1:     778064 bytes,     778064 total
- age   2:        248 bytes,     778312 total
- age   3:     177952 bytes,     956264 total
- age   4:    1464384 bytes,    2420648 total
- age   5:    1050984 bytes,    3471632 total
- age   6:    6401128 bytes,    9872760 total
: 102120K->11157K(109248K), 0,0093773 secs] 102120K->11157K(502464K), 0,0094478 secs] [Times: user=0,03 sys=0,00, real=0,00 secs] 
Heap after GC invocations=6 (full 1):
 par new generation   total 109248K, used 11157K [0x00000000e0000000, 0x00000000e8000000, 0x00000000e8000000)
  eden space 87424K,   0% used [0x00000000e0000000, 0x00000000e0000000, 0x00000000e5560000)
  from space 21824K,  51% used [0x00000000e5560000, 0x00000000e60455b0, 0x00000000e6ab0000)
  to   space 21824K,   0% used [0x00000000e6ab0000, 0x00000000e6ab0000, 0x00000000e8000000)
 concurrent mark-sweep generation total 393216K, used 0K [0x00000000e8000000, 0x0000000100000000, 0x0000000100000000)
 Metaspace       used 21364K, capacity 21778K, committed 21884K, reserved 1069056K
  class space    used 2465K, capacity 2633K, committed 2684K, reserved 1048576K
}
2017-02-11T10:17:41.417+0100: 2,845: Total time for which application threads were stopped: 0,0097047 seconds, Stopping threads took: 0,0001025 seconds
2017-02-11T10:17:41.454+0100: 2,882: Total time for which application threads were stopped: 0,0003401 seconds, Stopping threads took: 0,0000240 seconds
2017-02-11T10:17:41.620+0100: 3,048: Total time for which application threads were stopped: 0,0004169 seconds, Stopping threads took: 0,0000282 seconds
2017-02-11T10:17:41.635+0100: 3,062: Total time for which application threads were stopped: 0,0004843 seconds, Stopping threads took: 0,0000803 seconds
{Heap before GC invocations=6 (full 1):
 par new generation   total 109248K, used 98581K [0x00000000e0000000, 0x00000000e8000000, 0x00000000e8000000)
  eden space 87424K, 100% used [0x00000000e0000000, 0x00000000e5560000, 0x00000000e5560000)
  from space 21824K,  51% used [0x00000000e5560000, 0x00000000e60455b0, 0x00000000e6ab0000)
  to   space 21824K,   0% used [0x00000000e6ab0000, 0x00000000e6ab0000, 0x00000000e8000000)
 concurrent mark-sweep generation total 393216K, used 0K [0x00000000e8000000, 0x0000000100000000, 0x0000000100000000)
 Metaspace       used 24904K, capacity 25352K, committed 25724K, reserved 1071104K
  class space    used 2901K, capacity 3076K, committed 3196K, reserved 1048576K
2017-02-11T10:17:41.890+0100: 3,318: [GC (Allocation Failure) 2017-02-11T10:17:41.890+0100: 3,318: [ParNew
Desired survivor size 20112992 bytes, new threshold 8 (max 8)
- age   1:    5072576 bytes,    5072576 total
- age   2:     106584 bytes,    5179160 total
- age   3:        224 bytes,    5179384 total
- age   4:     171456 bytes,    5350840 total
- age   5:     291632 bytes,    5642472 total
- age   6:    1029128 bytes,    6671600 total
- age   7:    6395016 bytes,   13066616 total
: 98581K->18780K(109248K), 0,0199330 secs] 98581K->18780K(502464K), 0,0200054 secs] [Times: user=0,06 sys=0,01, real=0,02 secs] 
Heap after GC invocations=7 (full 1):
 par new generation   total 109248K, used 18780K [0x00000000e0000000, 0x00000000e8000000, 0x00000000e8000000)
  eden space 87424K,   0% used [0x00000000e0000000, 0x00000000e0000000, 0x00000000e5560000)
  from space 21824K,  86% used [0x00000000e6ab0000, 0x00000000e7d07108, 0x00000000e8000000)
  to   space 21824K,   0% used [0x00000000e5560000, 0x00000000e5560000, 0x00000000e6ab0000)
 concurrent mark-sweep generation total 393216K, used 0K [0x00000000e8000000, 0x0000000100000000, 0x0000000100000000)
 Metaspace       used 24904K, capacity 25352K, committed 25724K, reserved 1071104K
  class space    used 2901K, capacity 3076K, committed 3196K, reserved 1048576K
}
2017-02-11T10:17:41.910+0100: 3,338: Total time for which application threads were stopped: 0,0202652 seconds, Stopping threads took: 0,0000294 seconds
2017-02-11T10:17:42.083+0100: 3,510: Total time for which application threads were stopped: 0,0005739 seconds, Stopping threads took: 0,0000413 seconds
2017-02-11T10:17:42.100+0100: 3,528: Total time for which application threads were stopped: 0,0004629 seconds, Stopping threads took: 0,0000255 seconds
2017-02-11T10:17:42.163+0100: 3,591: Total time for which application threads were stopped: 0,0005434 seconds, Stopping threads took: 0,0000663 seconds
2017-02-11T10:17:42.629+0100: 4,057: Total time for which application threads were stopped: 0,0003881 seconds, Stopping threads took: 0,0000261 seconds
2017-02-11T10:18:09.996+0100: 32,061: Total time for which application threads were stopped: 0,0001266 seconds, Stopping threads took: 0,0000232 seconds
2017-02-11T10:19:45.006+0100: 127,070: Total time for which application threads were stopped: 0,0000905 seconds, Stopping threads took: 0,0000336 seconds
2017-02-11T10:19:50.006+0100: 132,070: Total time for which application threads were stopped: 0,0001152 seconds, Stopping threads took: 0,0000246 seconds
2017-02-11T10:41:19.139+0100: 1421,203: Total time for which application threads were stopped: 0,0000845 seconds, Stopping threads took: 0,0000307 seconds
2017-02-11T10:45:34.168+0100: 1676,232: Total time for which application threads were stopped: 0,0000891 seconds, Stopping threads took: 0,0000335 seconds
2017-02-11T10:56:54.238+0100: 2356,303: Total time for which application threads were stopped: 0,0000838 seconds, Stopping threads took: 0,0000308 seconds
2017-02-11T10:56:55.239+0100: 2357,303: Total time for which application threads were stopped: 0,0000654 seconds, Stopping threads took: 0,0000139 seconds
2017-02-11T11:20:00.374+0100: 3742,438: Total time for which application threads were stopped: 0,0000873 seconds, Stopping threads took: 0,0000337 seconds
2017-02-11T11:22:34.388+0100: 3896,453: Total time for which application threads were stopped: 0,0001074 seconds, Stopping threads took: 0,0000339 seconds
2017-02-11T11:23:59.397+0100: 3981,462: Total time for which application threads were stopped: 0,0001537 seconds, Stopping threads took: 0,0000654 seconds
2017-02-11T11:25:09.405+0100: 4051,470: Total time for which application threads were stopped: 0,0001889 seconds, Stopping threads took: 0,0000605 seconds
2017-02-11T11:58:00.672+0100: 6022,736: Total time for which application threads were stopped: 0,0000858 seconds, Stopping threads took: 0,0000318 seconds
2017-02-11T11:58:05.672+0100: 6027,737: Total time for which application threads were stopped: 0,0001428 seconds, Stopping threads took: 0,0000506 seconds
2017-02-11T11:58:55.679+0100: 6077,744: Total time for which application threads were stopped: 0,0000985 seconds, Stopping threads took: 0,0000341 seconds
2017-02-11T11:59:00.680+0100: 6082,745: Total time for which application threads were stopped: 0,0000882 seconds, Stopping threads took: 0,0000196 seconds
2017-02-11T12:14:09.828+0100: 6991,892: Total time for which application threads were stopped: 0,0001754 seconds, Stopping threads took: 0,0000609 seconds
2017-02-11T12:14:39.834+0100: 7021,898: Total time for which application threads were stopped: 0,0001875 seconds, Stopping threads took: 0,0000691 seconds
2017-02-11T12:18:39.876+0100: 7261,940: Total time for which application threads were stopped: 0,0001836 seconds, Stopping threads took: 0,0000623 seconds
2017-02-11T12:19:09.880+0100: 7291,944: Total time for which application threads were stopped: 0,0002514 seconds, Stopping threads took: 0,0000704 seconds
2017-02-11T12:25:39.947+0100: 7682,011: Total time for which application threads were stopped: 0,0001766 seconds, Stopping threads took: 0,0000615 seconds
2017-02-11T12:26:50.960+0100: 7753,024: Total time for which application threads were stopped: 0,0001818 seconds, Stopping threads took: 0,0000632 seconds
2017-02-11T13:30:10.413+0100: 11552,478: Total time for which application threads were stopped: 0,0001198 seconds, Stopping threads took: 0,0000436 seconds
2017-02-11T14:33:39.884+0100: 15361,949: Total time for which application threads were stopped: 0,0002152 seconds, Stopping threads took: 0,0000776 seconds
2017-02-11T14:54:40.084+0100: 16622,149: Total time for which application threads were stopped: 0,0001008 seconds, Stopping threads took: 0,0000350 seconds
2017-02-11T19:42:11.074+0100: 33873,139: Total time for which application threads were stopped: 0,0001869 seconds, Stopping threads took: 0,0000578 seconds
2017-02-11T19:42:11.124+0100: 33873,189: Total time for which application threads were stopped: 0,0002145 seconds, Stopping threads took: 0,0000789 seconds
2017-02-11T19:42:11.131+0100: 33873,196: Total time for which application threads were stopped: 0,0001760 seconds, Stopping threads took: 0,0000406 seconds
2017-02-11T19:42:11.145+0100: 33873,209: Total time for which application threads were stopped: 0,0001350 seconds, Stopping threads took: 0,0000328 seconds
Heap
 par new generation   total 109248K, used 91077K [0x00000000e0000000, 0x00000000e8000000, 0x00000000e8000000)
  eden space 87424K,  82% used [0x00000000e0000000, 0x00000000e469a540, 0x00000000e5560000)
  from space 21824K,  86% used [0x00000000e6ab0000, 0x00000000e7d07108, 0x00000000e8000000)
  to   space 21824K,   0% used [0x00000000e5560000, 0x00000000e5560000, 0x00000000e6ab0000)
 concurrent mark-sweep generation total 393216K, used 0K [0x00000000e8000000, 0x0000000100000000, 0x0000000100000000)
 Metaspace       used 28048K, capacity 28596K, committed 28796K, reserved 1075200K
  class space    used 3225K, capacity 3388K, committed 3452K, reserved 1048576K
