OpenJDK 64-Bit Server VM (25.121-b13) for linux-amd64 JRE (1.8.0_121-8u121-b13-0ubuntu1.16.04.2-b13), built on Jan 23 2017 15:51:29 by "buildd" with gcc 5.4.0 20160609
Memory: 4k page, physical 7867760k(7504968k free), swap 8076284k(8076284k free)
CommandLine flags: -XX:CMSInitiatingOccupancyFraction=50 -XX:CMSMaxAbortablePrecleanTime=6000 -XX:+CMSParallelRemarkEnabled -XX:+CMSScavengeBeforeRemark -XX:ConcGCThreads=4 -XX:InitialHeapSize=536870912 -XX:MaxHeapSize=536870912 -XX:MaxTenuringThreshold=8 -XX:NewRatio=3 -XX:OldPLABSize=16 -XX:OnOutOfMemoryError=/opt/solr/bin/oom_solr.sh 8983 /var/solr/logs -XX:ParallelGCThreads=4 -XX:+ParallelRefProcEnabled -XX:PretenureSizeThreshold=67108864 -XX:+PrintGC -XX:+PrintGCApplicationStoppedTime -XX:+PrintGCDateStamps -XX:+PrintGCDetails -XX:+PrintGCTimeStamps -XX:+PrintHeapAtGC -XX:+PrintTenuringDistribution -XX:SurvivorRatio=4 -XX:TargetSurvivorRatio=90 -XX:ThreadStackSize=256 -XX:+UseCMSInitiatingOccupancyOnly -XX:+UseCompressedClassPointers -XX:+UseCompressedOops -XX:+UseConcMarkSweepGC -XX:+UseParNewGC 
2017-02-24T17:25:02.694+0100: 0,137: Total time for which application threads were stopped: 0,0000690 seconds, Stopping threads took: 0,0000091 seconds
2017-02-24T17:25:02.773+0100: 0,216: Total time for which application threads were stopped: 0,0001315 seconds, Stopping threads took: 0,0000307 seconds
2017-02-24T17:25:02.808+0100: 0,250: Total time for which application threads were stopped: 0,0001060 seconds, Stopping threads took: 0,0000223 seconds
2017-02-24T17:25:03.107+0100: 0,549: Total time for which application threads were stopped: 0,0001939 seconds, Stopping threads took: 0,0000217 seconds
2017-02-24T17:25:03.548+0100: 0,991: Total time for which application threads were stopped: 0,0001721 seconds, Stopping threads took: 0,0000172 seconds
2017-02-24T17:25:03.630+0100: 1,073: Total time for which application threads were stopped: 0,0001651 seconds, Stopping threads took: 0,0000181 seconds
2017-02-24T17:25:03.659+0100: 1,102: Total time for which application threads were stopped: 0,0001789 seconds, Stopping threads took: 0,0000496 seconds
2017-02-24T17:25:03.916+0100: 1,358: Total time for which application threads were stopped: 0,0001929 seconds, Stopping threads took: 0,0000210 seconds
2017-02-24T17:25:04.129+0100: 1,572: Total time for which application threads were stopped: 0,0006649 seconds, Stopping threads took: 0,0000172 seconds
2017-02-24T17:25:04.154+0100: 1,597: Total time for which application threads were stopped: 0,0001727 seconds, Stopping threads took: 0,0000249 seconds
2017-02-24T17:25:04.188+0100: 1,631: Total time for which application threads were stopped: 0,0002277 seconds, Stopping threads took: 0,0000218 seconds
2017-02-24T17:25:04.189+0100: 1,632: Total time for which application threads were stopped: 0,0001851 seconds, Stopping threads took: 0,0000192 seconds
2017-02-24T17:25:04.207+0100: 1,650: Total time for which application threads were stopped: 0,0002071 seconds, Stopping threads took: 0,0000189 seconds
2017-02-24T17:25:04.323+0100: 1,765: Total time for which application threads were stopped: 0,0002691 seconds, Stopping threads took: 0,0000188 seconds
2017-02-24T17:25:04.494+0100: 1,936: Total time for which application threads were stopped: 0,0002512 seconds, Stopping threads took: 0,0000345 seconds
{Heap before GC invocations=0 (full 0):
 par new generation   total 109248K, used 87424K [0x00000000e0000000, 0x00000000e8000000, 0x00000000e8000000)
  eden space 87424K, 100% used [0x00000000e0000000, 0x00000000e5560000, 0x00000000e5560000)
  from space 21824K,   0% used [0x00000000e5560000, 0x00000000e5560000, 0x00000000e6ab0000)
  to   space 21824K,   0% used [0x00000000e6ab0000, 0x00000000e6ab0000, 0x00000000e8000000)
 concurrent mark-sweep generation total 393216K, used 0K [0x00000000e8000000, 0x0000000100000000, 0x0000000100000000)
 Metaspace       used 17995K, capacity 18336K, committed 18688K, reserved 1064960K
  class space    used 2035K, capacity 2196K, committed 2304K, reserved 1048576K
2017-02-24T17:25:04.591+0100: 2,033: [GC (Allocation Failure) 2017-02-24T17:25:04.591+0100: 2,033: [ParNew
Desired survivor size 20112992 bytes, new threshold 8 (max 8)
- age   1:   12589104 bytes,   12589104 total
: 87424K->12412K(109248K), 0,0172938 secs] 87424K->12412K(502464K), 0,0173834 secs] [Times: user=0,05 sys=0,02, real=0,02 secs] 
Heap after GC invocations=1 (full 0):
 par new generation   total 109248K, used 12412K [0x00000000e0000000, 0x00000000e8000000, 0x00000000e8000000)
  eden space 87424K,   0% used [0x00000000e0000000, 0x00000000e0000000, 0x00000000e5560000)
  from space 21824K,  56% used [0x00000000e6ab0000, 0x00000000e76cf380, 0x00000000e8000000)
  to   space 21824K,   0% used [0x00000000e5560000, 0x00000000e5560000, 0x00000000e6ab0000)
 concurrent mark-sweep generation total 393216K, used 0K [0x00000000e8000000, 0x0000000100000000, 0x0000000100000000)
 Metaspace       used 17995K, capacity 18336K, committed 18688K, reserved 1064960K
  class space    used 2035K, capacity 2196K, committed 2304K, reserved 1048576K
}
2017-02-24T17:25:04.608+0100: 2,051: Total time for which application threads were stopped: 0,0189721 seconds, Stopping threads took: 0,0014090 seconds
2017-02-24T17:25:04.914+0100: 2,357: Total time for which application threads were stopped: 0,0002982 seconds, Stopping threads took: 0,0000405 seconds
{Heap before GC invocations=1 (full 0):
 par new generation   total 109248K, used 99836K [0x00000000e0000000, 0x00000000e8000000, 0x00000000e8000000)
  eden space 87424K, 100% used [0x00000000e0000000, 0x00000000e5560000, 0x00000000e5560000)
  from space 21824K,  56% used [0x00000000e6ab0000, 0x00000000e76cf380, 0x00000000e8000000)
  to   space 21824K,   0% used [0x00000000e5560000, 0x00000000e5560000, 0x00000000e6ab0000)
 concurrent mark-sweep generation total 393216K, used 0K [0x00000000e8000000, 0x0000000100000000, 0x0000000100000000)
 Metaspace       used 20022K, capacity 20352K, committed 20736K, reserved 1067008K
  class space    used 2292K, capacity 2466K, committed 2560K, reserved 1048576K
2017-02-24T17:25:04.962+0100: 2,405: [GC (Allocation Failure) 2017-02-24T17:25:04.962+0100: 2,405: [ParNew
Desired survivor size 20112992 bytes, new threshold 8 (max 8)
- age   1:    3486448 bytes,    3486448 total
- age   2:    6658208 bytes,   10144656 total
: 99836K->11809K(109248K), 0,0133217 secs] 99836K->11809K(502464K), 0,0133924 secs] [Times: user=0,04 sys=0,00, real=0,02 secs] 
Heap after GC invocations=2 (full 0):
 par new generation   total 109248K, used 11809K [0x00000000e0000000, 0x00000000e8000000, 0x00000000e8000000)
  eden space 87424K,   0% used [0x00000000e0000000, 0x00000000e0000000, 0x00000000e5560000)
  from space 21824K,  54% used [0x00000000e5560000, 0x00000000e60e8660, 0x00000000e6ab0000)
  to   space 21824K,   0% used [0x00000000e6ab0000, 0x00000000e6ab0000, 0x00000000e8000000)
 concurrent mark-sweep generation total 393216K, used 0K [0x00000000e8000000, 0x0000000100000000, 0x0000000100000000)
 Metaspace       used 20022K, capacity 20352K, committed 20736K, reserved 1067008K
  class space    used 2292K, capacity 2466K, committed 2560K, reserved 1048576K
}
2017-02-24T17:25:04.975+0100: 2,418: Total time for which application threads were stopped: 0,0136654 seconds, Stopping threads took: 0,0000889 seconds
2017-02-24T17:25:04.979+0100: 2,421: Total time for which application threads were stopped: 0,0003446 seconds, Stopping threads took: 0,0000434 seconds
2017-02-24T17:25:05.011+0100: 2,454: Total time for which application threads were stopped: 0,0042015 seconds, Stopping threads took: 0,0039340 seconds
2017-02-24T17:25:05.166+0100: 2,609: Total time for which application threads were stopped: 0,0009529 seconds, Stopping threads took: 0,0008215 seconds
{Heap before GC invocations=2 (full 0):
 par new generation   total 109248K, used 99233K [0x00000000e0000000, 0x00000000e8000000, 0x00000000e8000000)
  eden space 87424K, 100% used [0x00000000e0000000, 0x00000000e5560000, 0x00000000e5560000)
  from space 21824K,  54% used [0x00000000e5560000, 0x00000000e60e8660, 0x00000000e6ab0000)
  to   space 21824K,   0% used [0x00000000e6ab0000, 0x00000000e6ab0000, 0x00000000e8000000)
 concurrent mark-sweep generation total 393216K, used 0K [0x00000000e8000000, 0x0000000100000000, 0x0000000100000000)
 Metaspace       used 20938K, capacity 21273K, committed 21552K, reserved 1069056K
  class space    used 2416K, capacity 2585K, committed 2608K, reserved 1048576K
2017-02-24T17:25:05.187+0100: 2,629: [GC (Allocation Failure) 2017-02-24T17:25:05.187+0100: 2,629: [ParNew
Desired survivor size 20112992 bytes, new threshold 8 (max 8)
- age   1:    2240768 bytes,    2240768 total
- age   2:     854808 bytes,    3095576 total
- age   3:    6654200 bytes,    9749776 total
: 99233K->14097K(109248K), 0,0158085 secs] 99233K->14097K(502464K), 0,0159008 secs] [Times: user=0,06 sys=0,00, real=0,02 secs] 
Heap after GC invocations=3 (full 0):
 par new generation   total 109248K, used 14097K [0x00000000e0000000, 0x00000000e8000000, 0x00000000e8000000)
  eden space 87424K,   0% used [0x00000000e0000000, 0x00000000e0000000, 0x00000000e5560000)
  from space 21824K,  64% used [0x00000000e6ab0000, 0x00000000e78744f0, 0x00000000e8000000)
  to   space 21824K,   0% used [0x00000000e5560000, 0x00000000e5560000, 0x00000000e6ab0000)
 concurrent mark-sweep generation total 393216K, used 0K [0x00000000e8000000, 0x0000000100000000, 0x0000000100000000)
 Metaspace       used 20938K, capacity 21273K, committed 21552K, reserved 1069056K
  class space    used 2416K, capacity 2585K, committed 2608K, reserved 1048576K
}
2017-02-24T17:25:05.203+0100: 2,645: Total time for which application threads were stopped: 0,0185645 seconds, Stopping threads took: 0,0024897 seconds
2017-02-24T17:25:05.203+0100: 2,646: [GC (CMS Initial Mark) [1 CMS-initial-mark: 0K(393216K)] 15512K(502464K), 0,0055356 secs] [Times: user=0,02 sys=0,00, real=0,00 secs] 
2017-02-24T17:25:05.208+0100: 2,651: Total time for which application threads were stopped: 0,0056862 seconds, Stopping threads took: 0,0000447 seconds
2017-02-24T17:25:05.209+0100: 2,651: [CMS-concurrent-mark-start]
2017-02-24T17:25:05.210+0100: 2,653: [CMS-concurrent-mark: 0,001/0,001 secs] [Times: user=0,00 sys=0,00, real=0,00 secs] 
2017-02-24T17:25:05.210+0100: 2,653: [CMS-concurrent-preclean-start]
2017-02-24T17:25:05.211+0100: 2,654: [CMS-concurrent-preclean: 0,001/0,001 secs] [Times: user=0,00 sys=0,00, real=0,00 secs] 
2017-02-24T17:25:05.211+0100: 2,654: [CMS-concurrent-abortable-preclean-start]
{Heap before GC invocations=3 (full 1):
 par new generation   total 109248K, used 101521K [0x00000000e0000000, 0x00000000e8000000, 0x00000000e8000000)
  eden space 87424K, 100% used [0x00000000e0000000, 0x00000000e5560000, 0x00000000e5560000)
  from space 21824K,  64% used [0x00000000e6ab0000, 0x00000000e78744f0, 0x00000000e8000000)
  to   space 21824K,   0% used [0x00000000e5560000, 0x00000000e5560000, 0x00000000e6ab0000)
 concurrent mark-sweep generation total 393216K, used 0K [0x00000000e8000000, 0x0000000100000000, 0x0000000100000000)
 Metaspace       used 21211K, capacity 21549K, committed 21628K, reserved 1069056K
  class space    used 2446K, capacity 2600K, committed 2608K, reserved 1048576K
2017-02-24T17:25:05.338+0100: 2,781: [GC (Allocation Failure) 2017-02-24T17:25:05.338+0100: 2,781: [ParNew
Desired survivor size 20112992 bytes, new threshold 8 (max 8)
- age   1:     998384 bytes,     998384 total
- age   2:    1448688 bytes,    2447072 total
- age   3:     823336 bytes,    3270408 total
- age   4:    6654160 bytes,    9924568 total
: 101521K->11839K(109248K), 0,0096078 secs] 101521K->11839K(502464K), 0,0096737 secs] [Times: user=0,03 sys=0,00, real=0,01 secs] 
Heap after GC invocations=4 (full 1):
 par new generation   total 109248K, used 11839K [0x00000000e0000000, 0x00000000e8000000, 0x00000000e8000000)
  eden space 87424K,   0% used [0x00000000e0000000, 0x00000000e0000000, 0x00000000e5560000)
  from space 21824K,  54% used [0x00000000e5560000, 0x00000000e60eff80, 0x00000000e6ab0000)
  to   space 21824K,   0% used [0x00000000e6ab0000, 0x00000000e6ab0000, 0x00000000e8000000)
 concurrent mark-sweep generation total 393216K, used 0K [0x00000000e8000000, 0x0000000100000000, 0x0000000100000000)
 Metaspace       used 21211K, capacity 21549K, committed 21628K, reserved 1069056K
  class space    used 2446K, capacity 2600K, committed 2608K, reserved 1048576K
}
2017-02-24T17:25:05.348+0100: 2,791: Total time for which application threads were stopped: 0,0133805 seconds, Stopping threads took: 0,0035532 seconds
2017-02-24T17:25:05.348+0100: 2,791: [CMS-concurrent-abortable-preclean: 0,087/0,137 secs] [Times: user=0,51 sys=0,00, real=0,14 secs] 
2017-02-24T17:25:05.348+0100: 2,791: [GC (CMS Final Remark) [YG occupancy: 13209 K (109248 K)]{Heap before GC invocations=4 (full 1):
 par new generation   total 109248K, used 13209K [0x00000000e0000000, 0x00000000e8000000, 0x00000000e8000000)
  eden space 87424K,   1% used [0x00000000e0000000, 0x00000000e01567c8, 0x00000000e5560000)
  from space 21824K,  54% used [0x00000000e5560000, 0x00000000e60eff80, 0x00000000e6ab0000)
  to   space 21824K,   0% used [0x00000000e6ab0000, 0x00000000e6ab0000, 0x00000000e8000000)
 concurrent mark-sweep generation total 393216K, used 0K [0x00000000e8000000, 0x0000000100000000, 0x0000000100000000)
 Metaspace       used 21211K, capacity 21549K, committed 21628K, reserved 1069056K
  class space    used 2446K, capacity 2600K, committed 2608K, reserved 1048576K
2017-02-24T17:25:05.348+0100: 2,791: [GC (CMS Final Remark) 2017-02-24T17:25:05.348+0100: 2,791: [ParNew
Desired survivor size 20112992 bytes, new threshold 8 (max 8)
- age   1:      17112 bytes,      17112 total
- age   2:     927512 bytes,     944624 total
- age   3:    1448688 bytes,    2393312 total
- age   4:     823336 bytes,    3216648 total
- age   5:    6654264 bytes,    9870912 total
: 13209K->15310K(109248K), 0,0094314 secs] 13209K->15310K(502464K), 0,0094703 secs] [Times: user=0,03 sys=0,00, real=0,01 secs] 
Heap after GC invocations=5 (full 1):
 par new generation   total 109248K, used 15310K [0x00000000e0000000, 0x00000000e8000000, 0x00000000e8000000)
  eden space 87424K,   0% used [0x00000000e0000000, 0x00000000e0000000, 0x00000000e5560000)
  from space 21824K,  70% used [0x00000000e6ab0000, 0x00000000e79a3a58, 0x00000000e8000000)
  to   space 21824K,   0% used [0x00000000e5560000, 0x00000000e5560000, 0x00000000e6ab0000)
 concurrent mark-sweep generation total 393216K, used 0K [0x00000000e8000000, 0x0000000100000000, 0x0000000100000000)
 Metaspace       used 21211K, capacity 21549K, committed 21628K, reserved 1069056K
  class space    used 2446K, capacity 2600K, committed 2608K, reserved 1048576K
}
2017-02-24T17:25:05.358+0100: 2,800: [Rescan (parallel) , 0,0041586 secs]2017-02-24T17:25:05.362+0100: 2,805: [weak refs processing, 0,0005297 secs]2017-02-24T17:25:05.362+0100: 2,805: [class unloading, 0,0029556 secs]2017-02-24T17:25:05.365+0100: 2,808: [scrub symbol table, 0,0027961 secs]2017-02-24T17:25:05.368+0100: 2,811: [scrub string table, 0,0004117 secs][1 CMS-remark: 0K(393216K)] 15310K(502464K), 0,0210012 secs] [Times: user=0,06 sys=0,00, real=0,02 secs] 
2017-02-24T17:25:05.369+0100: 2,812: Total time for which application threads were stopped: 0,0211125 seconds, Stopping threads took: 0,0000350 seconds
2017-02-24T17:25:05.369+0100: 2,812: [CMS-concurrent-sweep-start]
2017-02-24T17:25:05.369+0100: 2,812: [CMS-concurrent-sweep: 0,000/0,000 secs] [Times: user=0,00 sys=0,00, real=0,00 secs] 
2017-02-24T17:25:05.370+0100: 2,812: [CMS-concurrent-reset-start]
2017-02-24T17:25:05.375+0100: 2,818: [CMS-concurrent-reset: 0,006/0,006 secs] [Times: user=0,02 sys=0,01, real=0,01 secs] 
{Heap before GC invocations=5 (full 1):
 par new generation   total 109248K, used 102734K [0x00000000e0000000, 0x00000000e8000000, 0x00000000e8000000)
  eden space 87424K, 100% used [0x00000000e0000000, 0x00000000e5560000, 0x00000000e5560000)
  from space 21824K,  70% used [0x00000000e6ab0000, 0x00000000e79a3a58, 0x00000000e8000000)
  to   space 21824K,   0% used [0x00000000e5560000, 0x00000000e5560000, 0x00000000e6ab0000)
 concurrent mark-sweep generation total 393216K, used 0K [0x00000000e8000000, 0x0000000100000000, 0x0000000100000000)
 Metaspace       used 21322K, capacity 21715K, committed 22012K, reserved 1069056K
  class space    used 2465K, capacity 2633K, committed 2736K, reserved 1048576K
2017-02-24T17:25:05.449+0100: 2,892: [GC (Allocation Failure) 2017-02-24T17:25:05.449+0100: 2,892: [ParNew
Desired survivor size 20112992 bytes, new threshold 8 (max 8)
- age   1:    1592816 bytes,    1592816 total
- age   3:     181128 bytes,    1773944 total
- age   4:    1448392 bytes,    3222336 total
- age   5:     819352 bytes,    4041688 total
- age   6:    6654200 bytes,   10695888 total
: 102734K->12641K(109248K), 0,0102460 secs] 102734K->12641K(502464K), 0,0103193 secs] [Times: user=0,04 sys=0,00, real=0,01 secs] 
Heap after GC invocations=6 (full 1):
 par new generation   total 109248K, used 12641K [0x00000000e0000000, 0x00000000e8000000, 0x00000000e8000000)
  eden space 87424K,   0% used [0x00000000e0000000, 0x00000000e0000000, 0x00000000e5560000)
  from space 21824K,  57% used [0x00000000e5560000, 0x00000000e61b87b0, 0x00000000e6ab0000)
  to   space 21824K,   0% used [0x00000000e6ab0000, 0x00000000e6ab0000, 0x00000000e8000000)
 concurrent mark-sweep generation total 393216K, used 0K [0x00000000e8000000, 0x0000000100000000, 0x0000000100000000)
 Metaspace       used 21322K, capacity 21715K, committed 22012K, reserved 1069056K
  class space    used 2465K, capacity 2633K, committed 2736K, reserved 1048576K
}
2017-02-24T17:25:05.459+0100: 2,902: Total time for which application threads were stopped: 0,0106304 seconds, Stopping threads took: 0,0001532 seconds
2017-02-24T17:25:05.499+0100: 2,941: Total time for which application threads were stopped: 0,0003398 seconds, Stopping threads took: 0,0000213 seconds
2017-02-24T17:25:05.682+0100: 3,124: Total time for which application threads were stopped: 0,0004281 seconds, Stopping threads took: 0,0000238 seconds
2017-02-24T17:25:05.697+0100: 3,140: Total time for which application threads were stopped: 0,0004029 seconds, Stopping threads took: 0,0000445 seconds
{Heap before GC invocations=6 (full 1):
 par new generation   total 109248K, used 100065K [0x00000000e0000000, 0x00000000e8000000, 0x00000000e8000000)
  eden space 87424K, 100% used [0x00000000e0000000, 0x00000000e5560000, 0x00000000e5560000)
  from space 21824K,  57% used [0x00000000e5560000, 0x00000000e61b87b0, 0x00000000e6ab0000)
  to   space 21824K,   0% used [0x00000000e6ab0000, 0x00000000e6ab0000, 0x00000000e8000000)
 concurrent mark-sweep generation total 393216K, used 0K [0x00000000e8000000, 0x0000000100000000, 0x0000000100000000)
 Metaspace       used 24358K, capacity 24791K, committed 25136K, reserved 1071104K
  class space    used 2860K, capacity 3039K, committed 3120K, reserved 1048576K
2017-02-24T17:25:05.898+0100: 3,341: [GC (Allocation Failure) 2017-02-24T17:25:05.898+0100: 3,341: [ParNew
Desired survivor size 20112992 bytes, new threshold 8 (max 8)
- age   1:    4923768 bytes,    4923768 total
- age   2:     111928 bytes,    5035696 total
- age   4:     179664 bytes,    5215360 total
- age   5:     278480 bytes,    5493840 total
- age   6:     795056 bytes,    6288896 total
- age   7:    6646856 bytes,   12935752 total
: 100065K->15720K(109248K), 0,0127553 secs] 100065K->15720K(502464K), 0,0128321 secs] [Times: user=0,05 sys=0,00, real=0,01 secs] 
Heap after GC invocations=7 (full 1):
 par new generation   total 109248K, used 15720K [0x00000000e0000000, 0x00000000e8000000, 0x00000000e8000000)
  eden space 87424K,   0% used [0x00000000e0000000, 0x00000000e0000000, 0x00000000e5560000)
  from space 21824K,  72% used [0x00000000e6ab0000, 0x00000000e7a0a170, 0x00000000e8000000)
  to   space 21824K,   0% used [0x00000000e5560000, 0x00000000e5560000, 0x00000000e6ab0000)
 concurrent mark-sweep generation total 393216K, used 0K [0x00000000e8000000, 0x0000000100000000, 0x0000000100000000)
 Metaspace       used 24358K, capacity 24791K, committed 25136K, reserved 1071104K
  class space    used 2860K, capacity 3039K, committed 3120K, reserved 1048576K
}
2017-02-24T17:25:05.911+0100: 3,354: Total time for which application threads were stopped: 0,0131201 seconds, Stopping threads took: 0,0000515 seconds
{Heap before GC invocations=7 (full 1):
 par new generation   total 109248K, used 103144K [0x00000000e0000000, 0x00000000e8000000, 0x00000000e8000000)
  eden space 87424K, 100% used [0x00000000e0000000, 0x00000000e5560000, 0x00000000e5560000)
  from space 21824K,  72% used [0x00000000e6ab0000, 0x00000000e7a0a170, 0x00000000e8000000)
  to   space 21824K,   0% used [0x00000000e5560000, 0x00000000e5560000, 0x00000000e6ab0000)
 concurrent mark-sweep generation total 393216K, used 0K [0x00000000e8000000, 0x0000000100000000, 0x0000000100000000)
 Metaspace       used 24987K, capacity 25453K, committed 25648K, reserved 1071104K
  class space    used 2913K, capacity 3107K, committed 3120K, reserved 1048576K
2017-02-24T17:25:06.075+0100: 3,518: [GC (Allocation Failure) 2017-02-24T17:25:06.075+0100: 3,518: [ParNew
Desired survivor size 20112992 bytes, new threshold 8 (max 8)
- age   1:    1806616 bytes,    1806616 total
- age   2:    1806112 bytes,    3612728 total
- age   3:      72848 bytes,    3685576 total
- age   5:     147128 bytes,    3832704 total
- age   6:     231544 bytes,    4064248 total
- age   7:     767424 bytes,    4831672 total
- age   8:    6380312 bytes,   11211984 total
: 103144K->17580K(109248K), 0,0148920 secs] 103144K->17580K(502464K), 0,0149756 secs] [Times: user=0,05 sys=0,00, real=0,01 secs] 
Heap after GC invocations=8 (full 1):
 par new generation   total 109248K, used 17580K [0x00000000e0000000, 0x00000000e8000000, 0x00000000e8000000)
  eden space 87424K,   0% used [0x00000000e0000000, 0x00000000e0000000, 0x00000000e5560000)
  from space 21824K,  80% used [0x00000000e5560000, 0x00000000e668b120, 0x00000000e6ab0000)
  to   space 21824K,   0% used [0x00000000e6ab0000, 0x00000000e6ab0000, 0x00000000e8000000)
 concurrent mark-sweep generation total 393216K, used 0K [0x00000000e8000000, 0x0000000100000000, 0x0000000100000000)
 Metaspace       used 24987K, capacity 25453K, committed 25648K, reserved 1071104K
  class space    used 2913K, capacity 3107K, committed 3120K, reserved 1048576K
}
2017-02-24T17:25:06.090+0100: 3,533: Total time for which application threads were stopped: 0,0152422 seconds, Stopping threads took: 0,0000865 seconds
2017-02-24T17:25:06.326+0100: 3,769: Total time for which application threads were stopped: 0,0005405 seconds, Stopping threads took: 0,0000224 seconds
2017-02-24T17:25:06.345+0100: 3,787: Total time for which application threads were stopped: 0,0004565 seconds, Stopping threads took: 0,0000308 seconds
2017-02-24T17:25:06.423+0100: 3,866: Total time for which application threads were stopped: 0,0034572 seconds, Stopping threads took: 0,0030846 seconds
2017-02-24T17:25:06.608+0100: 4,051: Total time for which application threads were stopped: 0,0004626 seconds, Stopping threads took: 0,0000321 seconds
2017-02-24T17:25:39.612+0100: 37,054: Total time for which application threads were stopped: 0,0000983 seconds, Stopping threads took: 0,0000411 seconds
2017-02-24T17:26:59.619+0100: 117,062: Total time for which application threads were stopped: 0,0000855 seconds, Stopping threads took: 0,0000324 seconds
2017-02-24T17:27:04.620+0100: 122,062: Total time for which application threads were stopped: 0,0000799 seconds, Stopping threads took: 0,0000198 seconds
2017-02-24T17:28:03.625+0100: 181,068: Total time for which application threads were stopped: 0,0000964 seconds, Stopping threads took: 0,0000408 seconds
2017-02-24T17:29:24.635+0100: 262,078: Total time for which application threads were stopped: 0,0006345 seconds, Stopping threads took: 0,0002428 seconds
2017-02-24T17:29:38.637+0100: 276,079: Total time for which application threads were stopped: 0,0001132 seconds, Stopping threads took: 0,0000271 seconds
2017-02-24T17:41:39.706+0100: 997,149: Total time for which application threads were stopped: 0,0000997 seconds, Stopping threads took: 0,0000296 seconds
2017-02-24T17:47:34.741+0100: 1352,184: Total time for which application threads were stopped: 0,0000771 seconds, Stopping threads took: 0,0000255 seconds
2017-02-24T17:48:33.747+0100: 1411,190: Total time for which application threads were stopped: 0,0000937 seconds, Stopping threads took: 0,0000380 seconds
2017-02-24T17:53:18.779+0100: 1696,222: Total time for which application threads were stopped: 0,0000817 seconds, Stopping threads took: 0,0000295 seconds
2017-02-24T17:53:23.780+0100: 1701,222: Total time for which application threads were stopped: 0,0000675 seconds, Stopping threads took: 0,0000144 seconds
2017-02-24T17:54:04.785+0100: 1742,227: Total time for which application threads were stopped: 0,0001256 seconds, Stopping threads took: 0,0000591 seconds
2017-02-24T17:58:33.813+0100: 2011,256: Total time for which application threads were stopped: 0,0000927 seconds, Stopping threads took: 0,0000310 seconds
2017-02-24T17:59:13.817+0100: 2051,260: Total time for which application threads were stopped: 0,0000859 seconds, Stopping threads took: 0,0000347 seconds
2017-02-24T18:03:23.843+0100: 2301,286: Total time for which application threads were stopped: 0,0001227 seconds, Stopping threads took: 0,0000347 seconds
2017-02-24T18:03:24.843+0100: 2302,286: Total time for which application threads were stopped: 0,0001356 seconds, Stopping threads took: 0,0000310 seconds
2017-02-24T18:03:28.844+0100: 2306,287: Total time for which application threads were stopped: 0,0000941 seconds, Stopping threads took: 0,0000211 seconds
{Heap before GC invocations=8 (full 1):
 par new generation   total 109248K, used 105004K [0x00000000e0000000, 0x00000000e8000000, 0x00000000e8000000)
  eden space 87424K, 100% used [0x00000000e0000000, 0x00000000e5560000, 0x00000000e5560000)
  from space 21824K,  80% used [0x00000000e5560000, 0x00000000e668b120, 0x00000000e6ab0000)
  to   space 21824K,   0% used [0x00000000e6ab0000, 0x00000000e6ab0000, 0x00000000e8000000)
 concurrent mark-sweep generation total 393216K, used 0K [0x00000000e8000000, 0x0000000100000000, 0x0000000100000000)
 Metaspace       used 28032K, capacity 28543K, committed 28848K, reserved 1075200K
  class space    used 3221K, capacity 3388K, committed 3504K, reserved 1048576K
2017-02-24T18:03:50.912+0100: 2328,355: [GC (Allocation Failure) 2017-02-24T18:03:50.912+0100: 2328,355: [ParNew
Desired survivor size 20112992 bytes, new threshold 8 (max 8)
- age   1:   12648440 bytes,   12648440 total
- age   2:     436376 bytes,   13084816 total
- age   3:    1786600 bytes,   14871416 total
- age   4:      72848 bytes,   14944264 total
- age   6:     147000 bytes,   15091264 total
- age   7:     231392 bytes,   15322656 total
- age   8:     766096 bytes,   16088752 total
: 105004K->19434K(109248K), 0,0877868 secs] 105004K->26128K(502464K), 0,0878449 secs] [Times: user=0,12 sys=0,00, real=0,09 secs] 
Heap after GC invocations=9 (full 1):
 par new generation   total 109248K, used 19434K [0x00000000e0000000, 0x00000000e8000000, 0x00000000e8000000)
  eden space 87424K,   0% used [0x00000000e0000000, 0x00000000e0000000, 0x00000000e5560000)
  from space 21824K,  89% used [0x00000000e6ab0000, 0x00000000e7daa840, 0x00000000e8000000)
  to   space 21824K,   0% used [0x00000000e5560000, 0x00000000e5560000, 0x00000000e6ab0000)
 concurrent mark-sweep generation total 393216K, used 6693K [0x00000000e8000000, 0x0000000100000000, 0x0000000100000000)
 Metaspace       used 28032K, capacity 28543K, committed 28848K, reserved 1075200K
  class space    used 3221K, capacity 3388K, committed 3504K, reserved 1048576K
}
2017-02-24T18:03:51.000+0100: 2328,442: Total time for which application threads were stopped: 0,0881096 seconds, Stopping threads took: 0,0000259 seconds
2017-02-24T18:03:51.021+0100: 2328,463: Total time for which application threads were stopped: 0,0003127 seconds, Stopping threads took: 0,0002117 seconds
2017-02-24T18:03:51.025+0100: 2328,468: Total time for which application threads were stopped: 0,0001391 seconds, Stopping threads took: 0,0000451 seconds
2017-02-24T18:03:51.029+0100: 2328,471: Total time for which application threads were stopped: 0,0001231 seconds, Stopping threads took: 0,0000458 seconds
Heap
 par new generation   total 109248K, used 24083K [0x00000000e0000000, 0x00000000e8000000, 0x00000000e8000000)
  eden space 87424K,   5% used [0x00000000e0000000, 0x00000000e048a6e0, 0x00000000e5560000)
  from space 21824K,  89% used [0x00000000e6ab0000, 0x00000000e7daa840, 0x00000000e8000000)
  to   space 21824K,   0% used [0x00000000e5560000, 0x00000000e5560000, 0x00000000e6ab0000)
 concurrent mark-sweep generation total 393216K, used 6693K [0x00000000e8000000, 0x0000000100000000, 0x0000000100000000)
 Metaspace       used 28108K, capacity 28711K, committed 29104K, reserved 1075200K
  class space    used 3228K, capacity 3420K, committed 3504K, reserved 1048576K
