OpenJDK 64-Bit Server VM (25.131-b11) for linux-amd64 JRE (1.8.0_131-8u131-b11-0ubuntu1.16.04.2-b11), built on May  6 2017 02:45:27 by "buildd" with gcc 5.4.0 20160609
Memory: 4k page, physical 7867740k(7417180k free), swap 8076284k(8076284k free)
CommandLine flags: -XX:CMSInitiatingOccupancyFraction=50 -XX:CMSMaxAbortablePrecleanTime=6000 -XX:+CMSParallelRemarkEnabled -XX:+CMSScavengeBeforeRemark -XX:ConcGCThreads=4 -XX:InitialHeapSize=536870912 -XX:MaxHeapSize=536870912 -XX:MaxTenuringThreshold=8 -XX:NewRatio=3 -XX:OldPLABSize=16 -XX:OnOutOfMemoryError=/opt/solr/bin/oom_solr.sh 8983 /var/solr/logs -XX:ParallelGCThreads=4 -XX:+ParallelRefProcEnabled -XX:PretenureSizeThreshold=67108864 -XX:+PrintGC -XX:+PrintGCApplicationStoppedTime -XX:+PrintGCDateStamps -XX:+PrintGCDetails -XX:+PrintGCTimeStamps -XX:+PrintHeapAtGC -XX:+PrintTenuringDistribution -XX:SurvivorRatio=4 -XX:TargetSurvivorRatio=90 -XX:ThreadStackSize=256 -XX:+UseCMSInitiatingOccupancyOnly -XX:+UseCompressedClassPointers -XX:+UseCompressedOops -XX:+UseConcMarkSweepGC -XX:+UseParNewGC 
2017-06-15T19:18:14.711+0200: 0,139: Total time for which application threads were stopped: 0,0000639 seconds, Stopping threads took: 0,0000093 seconds
2017-06-15T19:18:14.797+0200: 0,224: Total time for which application threads were stopped: 0,0000985 seconds, Stopping threads took: 0,0000153 seconds
2017-06-15T19:18:14.813+0200: 0,240: Total time for which application threads were stopped: 0,0000905 seconds, Stopping threads took: 0,0000192 seconds
2017-06-15T19:18:15.005+0200: 0,432: Total time for which application threads were stopped: 0,0001194 seconds, Stopping threads took: 0,0000131 seconds
2017-06-15T19:18:15.461+0200: 0,889: Total time for which application threads were stopped: 0,0001482 seconds, Stopping threads took: 0,0000225 seconds
2017-06-15T19:18:15.581+0200: 1,008: Total time for which application threads were stopped: 0,0001976 seconds, Stopping threads took: 0,0000280 seconds
2017-06-15T19:18:15.673+0200: 1,100: Total time for which application threads were stopped: 0,0001836 seconds, Stopping threads took: 0,0000302 seconds
2017-06-15T19:18:16.070+0200: 1,497: Total time for which application threads were stopped: 0,0001645 seconds, Stopping threads took: 0,0000144 seconds
2017-06-15T19:18:16.298+0200: 1,725: Total time for which application threads were stopped: 0,0002427 seconds, Stopping threads took: 0,0000241 seconds
2017-06-15T19:18:16.319+0200: 1,746: Total time for which application threads were stopped: 0,0002300 seconds, Stopping threads took: 0,0000170 seconds
2017-06-15T19:18:16.350+0200: 1,778: Total time for which application threads were stopped: 0,0002065 seconds, Stopping threads took: 0,0000287 seconds
2017-06-15T19:18:16.351+0200: 1,779: Total time for which application threads were stopped: 0,0002194 seconds, Stopping threads took: 0,0000312 seconds
2017-06-15T19:18:16.367+0200: 1,794: Total time for which application threads were stopped: 0,0001736 seconds, Stopping threads took: 0,0000161 seconds
2017-06-15T19:18:16.466+0200: 1,894: Total time for which application threads were stopped: 0,0002043 seconds, Stopping threads took: 0,0000194 seconds
2017-06-15T19:18:16.645+0200: 2,072: Total time for which application threads were stopped: 0,0003382 seconds, Stopping threads took: 0,0000710 seconds
{Heap before GC invocations=0 (full 0):
 par new generation   total 109248K, used 87424K [0x00000000e0000000, 0x00000000e8000000, 0x00000000e8000000)
  eden space 87424K, 100% used [0x00000000e0000000, 0x00000000e5560000, 0x00000000e5560000)
  from space 21824K,   0% used [0x00000000e5560000, 0x00000000e5560000, 0x00000000e6ab0000)
  to   space 21824K,   0% used [0x00000000e6ab0000, 0x00000000e6ab0000, 0x00000000e8000000)
 concurrent mark-sweep generation total 393216K, used 0K [0x00000000e8000000, 0x0000000100000000, 0x0000000100000000)
 Metaspace       used 18196K, capacity 18464K, committed 18688K, reserved 1064960K
  class space    used 2059K, capacity 2196K, committed 2304K, reserved 1048576K
2017-06-15T19:18:16.763+0200: 2,190: [GC (Allocation Failure) 2017-06-15T19:18:16.763+0200: 2,190: [ParNew
Desired survivor size 20112992 bytes, new threshold 8 (max 8)
- age   1:   12809000 bytes,   12809000 total
: 87424K->12634K(109248K), 0,0175693 secs] 87424K->12634K(502464K), 0,0176592 secs] [Times: user=0,04 sys=0,02, real=0,02 secs] 
Heap after GC invocations=1 (full 0):
 par new generation   total 109248K, used 12634K [0x00000000e0000000, 0x00000000e8000000, 0x00000000e8000000)
  eden space 87424K,   0% used [0x00000000e0000000, 0x00000000e0000000, 0x00000000e5560000)
  from space 21824K,  57% used [0x00000000e6ab0000, 0x00000000e7706b18, 0x00000000e8000000)
  to   space 21824K,   0% used [0x00000000e5560000, 0x00000000e5560000, 0x00000000e6ab0000)
 concurrent mark-sweep generation total 393216K, used 0K [0x00000000e8000000, 0x0000000100000000, 0x0000000100000000)
 Metaspace       used 18196K, capacity 18464K, committed 18688K, reserved 1064960K
  class space    used 2059K, capacity 2196K, committed 2304K, reserved 1048576K
}
2017-06-15T19:18:16.781+0200: 2,208: Total time for which application threads were stopped: 0,0178708 seconds, Stopping threads took: 0,0000219 seconds
2017-06-15T19:18:17.045+0200: 2,473: Total time for which application threads were stopped: 0,0002701 seconds, Stopping threads took: 0,0000227 seconds
2017-06-15T19:18:17.075+0200: 2,502: Total time for which application threads were stopped: 0,0004577 seconds, Stopping threads took: 0,0000868 seconds
{Heap before GC invocations=1 (full 0):
 par new generation   total 109248K, used 100058K [0x00000000e0000000, 0x00000000e8000000, 0x00000000e8000000)
  eden space 87424K, 100% used [0x00000000e0000000, 0x00000000e5560000, 0x00000000e5560000)
  from space 21824K,  57% used [0x00000000e6ab0000, 0x00000000e7706b18, 0x00000000e8000000)
  to   space 21824K,   0% used [0x00000000e5560000, 0x00000000e5560000, 0x00000000e6ab0000)
 concurrent mark-sweep generation total 393216K, used 0K [0x00000000e8000000, 0x0000000100000000, 0x0000000100000000)
 Metaspace       used 20056K, capacity 20374K, committed 20736K, reserved 1067008K
  class space    used 2299K, capacity 2473K, committed 2560K, reserved 1048576K
2017-06-15T19:18:17.086+0200: 2,514: [GC (Allocation Failure) 2017-06-15T19:18:17.086+0200: 2,514: [ParNew
Desired survivor size 20112992 bytes, new threshold 8 (max 8)
- age   1:    3364720 bytes,    3364720 total
- age   2:    6691336 bytes,   10056056 total
: 100058K->13877K(109248K), 0,0146504 secs] 100058K->13877K(502464K), 0,0147295 secs] [Times: user=0,04 sys=0,01, real=0,01 secs] 
Heap after GC invocations=2 (full 0):
 par new generation   total 109248K, used 13877K [0x00000000e0000000, 0x00000000e8000000, 0x00000000e8000000)
  eden space 87424K,   0% used [0x00000000e0000000, 0x00000000e0000000, 0x00000000e5560000)
  from space 21824K,  63% used [0x00000000e5560000, 0x00000000e62ed670, 0x00000000e6ab0000)
  to   space 21824K,   0% used [0x00000000e6ab0000, 0x00000000e6ab0000, 0x00000000e8000000)
 concurrent mark-sweep generation total 393216K, used 0K [0x00000000e8000000, 0x0000000100000000, 0x0000000100000000)
 Metaspace       used 20056K, capacity 20374K, committed 20736K, reserved 1067008K
  class space    used 2299K, capacity 2473K, committed 2560K, reserved 1048576K
}
2017-06-15T19:18:17.101+0200: 2,529: Total time for which application threads were stopped: 0,0149441 seconds, Stopping threads took: 0,0000454 seconds
2017-06-15T19:18:17.148+0200: 2,575: Total time for which application threads were stopped: 0,0003444 seconds, Stopping threads took: 0,0000297 seconds
2017-06-15T19:18:17.285+0200: 2,712: Total time for which application threads were stopped: 0,0001919 seconds, Stopping threads took: 0,0000444 seconds
{Heap before GC invocations=2 (full 0):
 par new generation   total 109248K, used 101301K [0x00000000e0000000, 0x00000000e8000000, 0x00000000e8000000)
  eden space 87424K, 100% used [0x00000000e0000000, 0x00000000e5560000, 0x00000000e5560000)
  from space 21824K,  63% used [0x00000000e5560000, 0x00000000e62ed670, 0x00000000e6ab0000)
  to   space 21824K,   0% used [0x00000000e6ab0000, 0x00000000e6ab0000, 0x00000000e8000000)
 concurrent mark-sweep generation total 393216K, used 0K [0x00000000e8000000, 0x0000000100000000, 0x0000000100000000)
 Metaspace       used 20978K, capacity 21296K, committed 21628K, reserved 1069056K
  class space    used 2420K, capacity 2592K, committed 2684K, reserved 1048576K
2017-06-15T19:18:17.328+0200: 2,756: [GC (Allocation Failure) 2017-06-15T19:18:17.328+0200: 2,756: [ParNew
Desired survivor size 20112992 bytes, new threshold 8 (max 8)
- age   1:    2124720 bytes,    2124720 total
- age   2:     830168 bytes,    2954888 total
- age   3:    6687600 bytes,    9642488 total
: 101301K->11330K(109248K), 0,0172978 secs] 101301K->11330K(502464K), 0,0173862 secs] [Times: user=0,06 sys=0,00, real=0,02 secs] 
Heap after GC invocations=3 (full 0):
 par new generation   total 109248K, used 11330K [0x00000000e0000000, 0x00000000e8000000, 0x00000000e8000000)
  eden space 87424K,   0% used [0x00000000e0000000, 0x00000000e0000000, 0x00000000e5560000)
  from space 21824K,  51% used [0x00000000e6ab0000, 0x00000000e75c0940, 0x00000000e8000000)
  to   space 21824K,   0% used [0x00000000e5560000, 0x00000000e5560000, 0x00000000e6ab0000)
 concurrent mark-sweep generation total 393216K, used 0K [0x00000000e8000000, 0x0000000100000000, 0x0000000100000000)
 Metaspace       used 20978K, capacity 21296K, committed 21628K, reserved 1069056K
  class space    used 2420K, capacity 2592K, committed 2684K, reserved 1048576K
}
2017-06-15T19:18:17.346+0200: 2,773: Total time for which application threads were stopped: 0,0176123 seconds, Stopping threads took: 0,0000594 seconds
2017-06-15T19:18:17.352+0200: 2,780: [GC (CMS Initial Mark) [1 CMS-initial-mark: 0K(393216K)] 14235K(502464K), 0,0053446 secs] [Times: user=0,01 sys=0,00, real=0,01 secs] 
2017-06-15T19:18:17.358+0200: 2,785: Total time for which application threads were stopped: 0,0055419 seconds, Stopping threads took: 0,0000822 seconds
2017-06-15T19:18:17.358+0200: 2,785: [CMS-concurrent-mark-start]
2017-06-15T19:18:17.359+0200: 2,786: [CMS-concurrent-mark: 0,001/0,001 secs] [Times: user=0,01 sys=0,00, real=0,00 secs] 
2017-06-15T19:18:17.359+0200: 2,786: [CMS-concurrent-preclean-start]
2017-06-15T19:18:17.360+0200: 2,787: [CMS-concurrent-preclean: 0,001/0,001 secs] [Times: user=0,00 sys=0,00, real=0,00 secs] 
2017-06-15T19:18:17.360+0200: 2,788: [CMS-concurrent-abortable-preclean-start]
2017-06-15T19:18:17.422+0200: 2,849: Total time for which application threads were stopped: 0,0001660 seconds, Stopping threads took: 0,0000746 seconds
{Heap before GC invocations=3 (full 1):
 par new generation   total 109248K, used 98754K [0x00000000e0000000, 0x00000000e8000000, 0x00000000e8000000)
  eden space 87424K, 100% used [0x00000000e0000000, 0x00000000e5560000, 0x00000000e5560000)
  from space 21824K,  51% used [0x00000000e6ab0000, 0x00000000e75c0940, 0x00000000e8000000)
  to   space 21824K,   0% used [0x00000000e5560000, 0x00000000e5560000, 0x00000000e6ab0000)
 concurrent mark-sweep generation total 393216K, used 0K [0x00000000e8000000, 0x0000000100000000, 0x0000000100000000)
 Metaspace       used 21262K, capacity 21648K, committed 21884K, reserved 1069056K
  class space    used 2451K, capacity 2609K, committed 2684K, reserved 1048576K
2017-06-15T19:18:17.466+0200: 2,893: [GC (Allocation Failure) 2017-06-15T19:18:17.466+0200: 2,893: [ParNew
Desired survivor size 20112992 bytes, new threshold 8 (max 8)
- age   1:    1423440 bytes,    1423440 total
- age   2:    1451352 bytes,    2874792 total
- age   3:     796792 bytes,    3671584 total
- age   4:    6687688 bytes,   10359272 total
: 98754K->12717K(109248K), 0,0105673 secs] 98754K->12717K(502464K), 0,0106322 secs] [Times: user=0,03 sys=0,00, real=0,00 secs] 
Heap after GC invocations=4 (full 1):
 par new generation   total 109248K, used 12717K [0x00000000e0000000, 0x00000000e8000000, 0x00000000e8000000)
  eden space 87424K,   0% used [0x00000000e0000000, 0x00000000e0000000, 0x00000000e5560000)
  from space 21824K,  58% used [0x00000000e5560000, 0x00000000e61cb760, 0x00000000e6ab0000)
  to   space 21824K,   0% used [0x00000000e6ab0000, 0x00000000e6ab0000, 0x00000000e8000000)
 concurrent mark-sweep generation total 393216K, used 0K [0x00000000e8000000, 0x0000000100000000, 0x0000000100000000)
 Metaspace       used 21262K, capacity 21648K, committed 21884K, reserved 1069056K
  class space    used 2451K, capacity 2609K, committed 2684K, reserved 1048576K
}
2017-06-15T19:18:17.476+0200: 2,904: Total time for which application threads were stopped: 0,0137863 seconds, Stopping threads took: 0,0030131 seconds
2017-06-15T19:18:17.476+0200: 2,904: [CMS-concurrent-abortable-preclean: 0,063/0,116 secs] [Times: user=0,43 sys=0,00, real=0,11 secs] 
2017-06-15T19:18:17.478+0200: 2,905: [GC (CMS Final Remark) [YG occupancy: 14067 K (109248 K)]{Heap before GC invocations=4 (full 1):
 par new generation   total 109248K, used 14067K [0x00000000e0000000, 0x00000000e8000000, 0x00000000e8000000)
  eden space 87424K,   1% used [0x00000000e0000000, 0x00000000e0151500, 0x00000000e5560000)
  from space 21824K,  58% used [0x00000000e5560000, 0x00000000e61cb760, 0x00000000e6ab0000)
  to   space 21824K,   0% used [0x00000000e6ab0000, 0x00000000e6ab0000, 0x00000000e8000000)
 concurrent mark-sweep generation total 393216K, used 0K [0x00000000e8000000, 0x0000000100000000, 0x0000000100000000)
 Metaspace       used 21262K, capacity 21648K, committed 21884K, reserved 1069056K
  class space    used 2451K, capacity 2609K, committed 2684K, reserved 1048576K
2017-06-15T19:18:17.478+0200: 2,905: [GC (CMS Final Remark) 2017-06-15T19:18:17.478+0200: 2,905: [ParNew
Desired survivor size 20112992 bytes, new threshold 8 (max 8)
- age   1:     215960 bytes,     215960 total
- age   2:    1103600 bytes,    1319560 total
- age   3:    1451352 bytes,    2770912 total
- age   4:     796792 bytes,    3567704 total
- age   5:    6687464 bytes,   10255168 total
: 14067K->14560K(109248K), 0,0117301 secs] 14067K->14560K(502464K), 0,0117639 secs] [Times: user=0,03 sys=0,01, real=0,01 secs] 
Heap after GC invocations=5 (full 1):
 par new generation   total 109248K, used 14560K [0x00000000e0000000, 0x00000000e8000000, 0x00000000e8000000)
  eden space 87424K,   0% used [0x00000000e0000000, 0x00000000e0000000, 0x00000000e5560000)
  from space 21824K,  66% used [0x00000000e6ab0000, 0x00000000e78e8110, 0x00000000e8000000)
  to   space 21824K,   0% used [0x00000000e5560000, 0x00000000e5560000, 0x00000000e6ab0000)
 concurrent mark-sweep generation total 393216K, used 0K [0x00000000e8000000, 0x0000000100000000, 0x0000000100000000)
 Metaspace       used 21262K, capacity 21648K, committed 21884K, reserved 1069056K
  class space    used 2451K, capacity 2609K, committed 2684K, reserved 1048576K
}
2017-06-15T19:18:17.490+0200: 2,917: [Rescan (parallel) , 0,0033932 secs]2017-06-15T19:18:17.493+0200: 2,921: [weak refs processing, 0,0010662 secs]2017-06-15T19:18:17.494+0200: 2,922: [class unloading, 0,0028052 secs]2017-06-15T19:18:17.497+0200: 2,925: [scrub symbol table, 0,0025803 secs]2017-06-15T19:18:17.500+0200: 2,927: [scrub string table, 0,0003647 secs][1 CMS-remark: 0K(393216K)] 14560K(502464K), 0,0226183 secs] [Times: user=0,05 sys=0,01, real=0,02 secs] 
2017-06-15T19:18:17.501+0200: 2,928: Total time for which application threads were stopped: 0,0227574 seconds, Stopping threads took: 0,0000507 seconds
2017-06-15T19:18:17.501+0200: 2,928: [CMS-concurrent-sweep-start]
2017-06-15T19:18:17.501+0200: 2,928: [CMS-concurrent-sweep: 0,000/0,000 secs] [Times: user=0,00 sys=0,00, real=0,00 secs] 
2017-06-15T19:18:17.501+0200: 2,928: [CMS-concurrent-reset-start]
2017-06-15T19:18:17.503+0200: 2,930: [CMS-concurrent-reset: 0,002/0,002 secs] [Times: user=0,01 sys=0,00, real=0,00 secs] 
{Heap before GC invocations=5 (full 1):
 par new generation   total 109248K, used 101984K [0x00000000e0000000, 0x00000000e8000000, 0x00000000e8000000)
  eden space 87424K, 100% used [0x00000000e0000000, 0x00000000e5560000, 0x00000000e5560000)
  from space 21824K,  66% used [0x00000000e6ab0000, 0x00000000e78e8110, 0x00000000e8000000)
  to   space 21824K,   0% used [0x00000000e5560000, 0x00000000e5560000, 0x00000000e6ab0000)
 concurrent mark-sweep generation total 393216K, used 0K [0x00000000e8000000, 0x0000000100000000, 0x0000000100000000)
 Metaspace       used 21414K, capacity 21820K, committed 21884K, reserved 1069056K
  class space    used 2471K, capacity 2643K, committed 2684K, reserved 1048576K
2017-06-15T19:18:17.578+0200: 3,006: [GC (Allocation Failure) 2017-06-15T19:18:17.578+0200: 3,006: [ParNew
Desired survivor size 20112992 bytes, new threshold 8 (max 8)
- age   1:     761664 bytes,     761664 total
- age   2:       2824 bytes,     764488 total
- age   3:     191624 bytes,     956112 total
- age   4:    1450360 bytes,    2406472 total
- age   5:     794808 bytes,    3201280 total
- age   6:    6687608 bytes,    9888888 total
: 101984K->12364K(109248K), 0,0097393 secs] 101984K->12364K(502464K), 0,0098201 secs] [Times: user=0,04 sys=0,00, real=0,01 secs] 
Heap after GC invocations=6 (full 1):
 par new generation   total 109248K, used 12364K [0x00000000e0000000, 0x00000000e8000000, 0x00000000e8000000)
  eden space 87424K,   0% used [0x00000000e0000000, 0x00000000e0000000, 0x00000000e5560000)
  from space 21824K,  56% used [0x00000000e5560000, 0x00000000e6173200, 0x00000000e6ab0000)
  to   space 21824K,   0% used [0x00000000e6ab0000, 0x00000000e6ab0000, 0x00000000e8000000)
 concurrent mark-sweep generation total 393216K, used 0K [0x00000000e8000000, 0x0000000100000000, 0x0000000100000000)
 Metaspace       used 21414K, capacity 21820K, committed 21884K, reserved 1069056K
  class space    used 2471K, capacity 2643K, committed 2684K, reserved 1048576K
}
2017-06-15T19:18:17.588+0200: 3,016: Total time for which application threads were stopped: 0,0102213 seconds, Stopping threads took: 0,0002436 seconds
2017-06-15T19:18:17.615+0200: 3,042: Total time for which application threads were stopped: 0,0002955 seconds, Stopping threads took: 0,0000192 seconds
2017-06-15T19:18:17.841+0200: 3,269: Total time for which application threads were stopped: 0,0005597 seconds, Stopping threads took: 0,0000515 seconds
2017-06-15T19:18:17.854+0200: 3,282: Total time for which application threads were stopped: 0,0004634 seconds, Stopping threads took: 0,0000769 seconds
{Heap before GC invocations=6 (full 1):
 par new generation   total 109248K, used 99788K [0x00000000e0000000, 0x00000000e8000000, 0x00000000e8000000)
  eden space 87424K, 100% used [0x00000000e0000000, 0x00000000e5560000, 0x00000000e5560000)
  from space 21824K,  56% used [0x00000000e5560000, 0x00000000e6173200, 0x00000000e6ab0000)
  to   space 21824K,   0% used [0x00000000e6ab0000, 0x00000000e6ab0000, 0x00000000e8000000)
 concurrent mark-sweep generation total 393216K, used 0K [0x00000000e8000000, 0x0000000100000000, 0x0000000100000000)
 Metaspace       used 24266K, capacity 24766K, committed 24828K, reserved 1071104K
  class space    used 2853K, capacity 3050K, committed 3068K, reserved 1048576K
2017-06-15T19:18:18.042+0200: 3,469: [GC (Allocation Failure) 2017-06-15T19:18:18.042+0200: 3,469: [ParNew
Desired survivor size 20112992 bytes, new threshold 8 (max 8)
- age   1:    5641600 bytes,    5641600 total
- age   2:     136992 bytes,    5778592 total
- age   3:       2824 bytes,    5781416 total
- age   4:     190728 bytes,    5972144 total
- age   5:     281064 bytes,    6253208 total
- age   6:     770592 bytes,    7023800 total
- age   7:    6679152 bytes,   13702952 total
: 99788K->17576K(109248K), 0,0432936 secs] 99788K->17576K(502464K), 0,0433685 secs] [Times: user=0,04 sys=0,00, real=0,04 secs] 
Heap after GC invocations=7 (full 1):
 par new generation   total 109248K, used 17576K [0x00000000e0000000, 0x00000000e8000000, 0x00000000e8000000)
  eden space 87424K,   0% used [0x00000000e0000000, 0x00000000e0000000, 0x00000000e5560000)
  from space 21824K,  80% used [0x00000000e6ab0000, 0x00000000e7bda280, 0x00000000e8000000)
  to   space 21824K,   0% used [0x00000000e5560000, 0x00000000e5560000, 0x00000000e6ab0000)
 concurrent mark-sweep generation total 393216K, used 0K [0x00000000e8000000, 0x0000000100000000, 0x0000000100000000)
 Metaspace       used 24266K, capacity 24766K, committed 24828K, reserved 1071104K
  class space    used 2853K, capacity 3050K, committed 3068K, reserved 1048576K
}
2017-06-15T19:18:18.085+0200: 3,512: Total time for which application threads were stopped: 0,0436682 seconds, Stopping threads took: 0,0000480 seconds
{Heap before GC invocations=7 (full 1):
 par new generation   total 109248K, used 104997K [0x00000000e0000000, 0x00000000e8000000, 0x00000000e8000000)
  eden space 87424K,  99% used [0x00000000e0000000, 0x00000000e555f500, 0x00000000e5560000)
  from space 21824K,  80% used [0x00000000e6ab0000, 0x00000000e7bda280, 0x00000000e8000000)
  to   space 21824K,   0% used [0x00000000e5560000, 0x00000000e5560000, 0x00000000e6ab0000)
 concurrent mark-sweep generation total 393216K, used 0K [0x00000000e8000000, 0x0000000100000000, 0x0000000100000000)
 Metaspace       used 24755K, capacity 25188K, committed 25468K, reserved 1071104K
  class space    used 2894K, capacity 3083K, committed 3196K, reserved 1048576K
2017-06-15T19:18:18.226+0200: 3,653: [GC (Allocation Failure) 2017-06-15T19:18:18.226+0200: 3,653: [ParNew
Desired survivor size 20112992 bytes, new threshold 8 (max 8)
- age   1:    1678872 bytes,    1678872 total
- age   2:    1798336 bytes,    3477208 total
- age   3:      74840 bytes,    3552048 total
- age   4:       2824 bytes,    3554872 total
- age   5:     102736 bytes,    3657608 total
- age   6:     181488 bytes,    3839096 total
- age   7:     727576 bytes,    4566672 total
- age   8:    6146376 bytes,   10713048 total
: 104997K->14430K(109248K), 0,0187479 secs] 104997K->14430K(502464K), 0,0188423 secs] [Times: user=0,06 sys=0,00, real=0,01 secs] 
Heap after GC invocations=8 (full 1):
 par new generation   total 109248K, used 14430K [0x00000000e0000000, 0x00000000e8000000, 0x00000000e8000000)
  eden space 87424K,   0% used [0x00000000e0000000, 0x00000000e0000000, 0x00000000e5560000)
  from space 21824K,  66% used [0x00000000e5560000, 0x00000000e6377a00, 0x00000000e6ab0000)
  to   space 21824K,   0% used [0x00000000e6ab0000, 0x00000000e6ab0000, 0x00000000e8000000)
 concurrent mark-sweep generation total 393216K, used 0K [0x00000000e8000000, 0x0000000100000000, 0x0000000100000000)
 Metaspace       used 24755K, capacity 25188K, committed 25468K, reserved 1071104K
  class space    used 2894K, capacity 3083K, committed 3196K, reserved 1048576K
}
2017-06-15T19:18:18.245+0200: 3,672: Total time for which application threads were stopped: 0,0210422 seconds, Stopping threads took: 0,0019713 seconds
{Heap before GC invocations=8 (full 1):
 par new generation   total 109248K, used 101854K [0x00000000e0000000, 0x00000000e8000000, 0x00000000e8000000)
  eden space 87424K, 100% used [0x00000000e0000000, 0x00000000e5560000, 0x00000000e5560000)
  from space 21824K,  66% used [0x00000000e5560000, 0x00000000e6377a00, 0x00000000e6ab0000)
  to   space 21824K,   0% used [0x00000000e6ab0000, 0x00000000e6ab0000, 0x00000000e8000000)
 concurrent mark-sweep generation total 393216K, used 0K [0x00000000e8000000, 0x0000000100000000, 0x0000000100000000)
 Metaspace       used 25008K, capacity 25470K, committed 25724K, reserved 1071104K
  class space    used 2911K, capacity 3088K, committed 3196K, reserved 1048576K
2017-06-15T19:18:18.370+0200: 3,797: [GC (Allocation Failure) 2017-06-15T19:18:18.370+0200: 3,797: [ParNew
Desired survivor size 20112992 bytes, new threshold 8 (max 8)
- age   1:     994240 bytes,     994240 total
- age   2:    1058800 bytes,    2053040 total
- age   3:    1775208 bytes,    3828248 total
- age   4:      72360 bytes,    3900608 total
- age   5:       2824 bytes,    3903432 total
- age   6:     102536 bytes,    4005968 total
- age   7:     181024 bytes,    4186992 total
- age   8:     726744 bytes,    4913736 total
: 101854K->7158K(109248K), 0,0509344 secs] 101854K->13243K(502464K), 0,0510053 secs] [Times: user=0,14 sys=0,00, real=0,05 secs] 
Heap after GC invocations=9 (full 1):
 par new generation   total 109248K, used 7158K [0x00000000e0000000, 0x00000000e8000000, 0x00000000e8000000)
  eden space 87424K,   0% used [0x00000000e0000000, 0x00000000e0000000, 0x00000000e5560000)
  from space 21824K,  32% used [0x00000000e6ab0000, 0x00000000e71ada60, 0x00000000e8000000)
  to   space 21824K,   0% used [0x00000000e5560000, 0x00000000e5560000, 0x00000000e6ab0000)
 concurrent mark-sweep generation total 393216K, used 6085K [0x00000000e8000000, 0x0000000100000000, 0x0000000100000000)
 Metaspace       used 25008K, capacity 25470K, committed 25724K, reserved 1071104K
  class space    used 2911K, capacity 3088K, committed 3196K, reserved 1048576K
}
2017-06-15T19:18:18.421+0200: 3,848: Total time for which application threads were stopped: 0,0544801 seconds, Stopping threads took: 0,0033011 seconds
2017-06-15T19:18:18.628+0200: 4,056: Total time for which application threads were stopped: 0,0007587 seconds, Stopping threads took: 0,0002933 seconds
2017-06-15T19:18:18.711+0200: 4,138: Total time for which application threads were stopped: 0,0499434 seconds, Stopping threads took: 0,0498401 seconds
2017-06-15T19:18:18.773+0200: 4,201: Total time for which application threads were stopped: 0,0003881 seconds, Stopping threads took: 0,0002948 seconds
2017-06-15T19:18:18.783+0200: 4,210: Total time for which application threads were stopped: 0,0009768 seconds, Stopping threads took: 0,0008594 seconds
2017-06-15T19:18:18.784+0200: 4,211: Total time for which application threads were stopped: 0,0001339 seconds, Stopping threads took: 0,0000357 seconds
2017-06-15T19:18:18.785+0200: 4,212: Total time for which application threads were stopped: 0,0001267 seconds, Stopping threads took: 0,0000310 seconds
2017-06-15T19:18:18.816+0200: 4,244: Total time for which application threads were stopped: 0,0006484 seconds, Stopping threads took: 0,0005407 seconds
2017-06-15T19:18:18.824+0200: 4,251: Total time for which application threads were stopped: 0,0001284 seconds, Stopping threads took: 0,0000343 seconds
2017-06-15T19:18:18.825+0200: 4,252: Total time for which application threads were stopped: 0,0001066 seconds, Stopping threads took: 0,0000260 seconds
2017-06-15T19:18:18.851+0200: 4,278: Total time for which application threads were stopped: 0,0005806 seconds, Stopping threads took: 0,0000453 seconds
2017-06-15T19:18:18.854+0200: 4,281: Total time for which application threads were stopped: 0,0001184 seconds, Stopping threads took: 0,0000305 seconds
2017-06-15T19:18:18.858+0200: 4,285: Total time for which application threads were stopped: 0,0021276 seconds, Stopping threads took: 0,0020437 seconds
2017-06-15T19:18:18.865+0200: 4,293: Total time for which application threads were stopped: 0,0001642 seconds, Stopping threads took: 0,0000386 seconds
2017-06-15T19:18:18.866+0200: 4,293: Total time for which application threads were stopped: 0,0001840 seconds, Stopping threads took: 0,0000634 seconds
2017-06-15T19:18:18.872+0200: 4,300: Total time for which application threads were stopped: 0,0005138 seconds, Stopping threads took: 0,0000447 seconds
2017-06-15T19:18:18.873+0200: 4,300: Total time for which application threads were stopped: 0,0000901 seconds, Stopping threads took: 0,0000103 seconds
2017-06-15T19:18:18.887+0200: 4,315: Total time for which application threads were stopped: 0,0001612 seconds, Stopping threads took: 0,0000276 seconds
2017-06-15T19:18:18.888+0200: 4,316: Total time for which application threads were stopped: 0,0000973 seconds, Stopping threads took: 0,0000215 seconds
2017-06-15T19:18:18.932+0200: 4,360: Total time for which application threads were stopped: 0,0004915 seconds, Stopping threads took: 0,0000497 seconds
2017-06-15T19:18:18.942+0200: 4,369: Total time for which application threads were stopped: 0,0017259 seconds, Stopping threads took: 0,0016423 seconds
2017-06-15T19:18:18.959+0200: 4,387: Total time for which application threads were stopped: 0,0002001 seconds, Stopping threads took: 0,0000780 seconds
2017-06-15T19:18:18.960+0200: 4,387: Total time for which application threads were stopped: 0,0003010 seconds, Stopping threads took: 0,0002311 seconds
2017-06-15T19:18:18.964+0200: 4,391: Total time for which application threads were stopped: 0,0001766 seconds, Stopping threads took: 0,0000411 seconds
2017-06-15T19:18:18.966+0200: 4,393: Total time for which application threads were stopped: 0,0015070 seconds, Stopping threads took: 0,0014404 seconds
2017-06-15T19:18:18.966+0200: 4,394: Total time for which application threads were stopped: 0,0000853 seconds, Stopping threads took: 0,0000202 seconds
2017-06-15T19:18:18.967+0200: 4,394: Total time for which application threads were stopped: 0,0000953 seconds, Stopping threads took: 0,0000185 seconds
2017-06-15T19:18:18.968+0200: 4,396: Total time for which application threads were stopped: 0,0001310 seconds, Stopping threads took: 0,0000221 seconds
2017-06-15T19:18:18.969+0200: 4,396: Total time for which application threads were stopped: 0,0000966 seconds, Stopping threads took: 0,0000196 seconds
2017-06-15T19:18:18.969+0200: 4,396: Total time for which application threads were stopped: 0,0001163 seconds, Stopping threads took: 0,0000291 seconds
2017-06-15T19:18:18.969+0200: 4,397: Total time for which application threads were stopped: 0,0002160 seconds, Stopping threads took: 0,0000190 seconds
2017-06-15T19:18:18.969+0200: 4,397: Total time for which application threads were stopped: 0,0000655 seconds, Stopping threads took: 0,0000150 seconds
2017-06-15T19:18:18.970+0200: 4,397: Total time for which application threads were stopped: 0,0000827 seconds, Stopping threads took: 0,0000306 seconds
2017-06-15T19:18:18.970+0200: 4,397: Total time for which application threads were stopped: 0,0000736 seconds, Stopping threads took: 0,0000191 seconds
2017-06-15T19:18:18.970+0200: 4,397: Total time for which application threads were stopped: 0,0000662 seconds, Stopping threads took: 0,0000168 seconds
2017-06-15T19:18:18.974+0200: 4,401: Total time for which application threads were stopped: 0,0038157 seconds, Stopping threads took: 0,0037671 seconds
2017-06-15T19:18:18.982+0200: 4,409: Total time for which application threads were stopped: 0,0038979 seconds, Stopping threads took: 0,0037848 seconds
2017-06-15T19:18:18.982+0200: 4,409: Total time for which application threads were stopped: 0,0000883 seconds, Stopping threads took: 0,0000208 seconds
2017-06-15T19:18:18.982+0200: 4,410: Total time for which application threads were stopped: 0,0000931 seconds, Stopping threads took: 0,0000224 seconds
2017-06-15T19:18:18.982+0200: 4,410: Total time for which application threads were stopped: 0,0000592 seconds, Stopping threads took: 0,0000188 seconds
2017-06-15T19:18:18.982+0200: 4,410: Total time for which application threads were stopped: 0,0000538 seconds, Stopping threads took: 0,0000160 seconds
2017-06-15T19:18:18.983+0200: 4,410: Total time for which application threads were stopped: 0,0000658 seconds, Stopping threads took: 0,0000196 seconds
2017-06-15T19:18:18.983+0200: 4,410: Total time for which application threads were stopped: 0,0000520 seconds, Stopping threads took: 0,0000149 seconds
2017-06-15T19:18:18.983+0200: 4,410: Total time for which application threads were stopped: 0,0000867 seconds, Stopping threads took: 0,0000468 seconds
2017-06-15T19:18:18.983+0200: 4,411: Total time for which application threads were stopped: 0,0000564 seconds, Stopping threads took: 0,0000150 seconds
2017-06-15T19:18:18.983+0200: 4,411: Total time for which application threads were stopped: 0,0000580 seconds, Stopping threads took: 0,0000196 seconds
2017-06-15T19:18:18.983+0200: 4,411: Total time for which application threads were stopped: 0,0000686 seconds, Stopping threads took: 0,0000216 seconds
2017-06-15T19:18:18.984+0200: 4,411: Total time for which application threads were stopped: 0,0000549 seconds, Stopping threads took: 0,0000156 seconds
2017-06-15T19:18:18.984+0200: 4,411: Total time for which application threads were stopped: 0,0000563 seconds, Stopping threads took: 0,0000159 seconds
2017-06-15T19:18:18.984+0200: 4,411: Total time for which application threads were stopped: 0,0000826 seconds, Stopping threads took: 0,0000147 seconds
2017-06-15T19:18:18.984+0200: 4,411: Total time for which application threads were stopped: 0,0001905 seconds, Stopping threads took: 0,0000341 seconds
2017-06-15T19:18:18.988+0200: 4,416: Total time for which application threads were stopped: 0,0001262 seconds, Stopping threads took: 0,0000456 seconds
2017-06-15T19:18:18.991+0200: 4,419: Total time for which application threads were stopped: 0,0001489 seconds, Stopping threads took: 0,0000444 seconds
2017-06-15T19:18:18.997+0200: 4,424: Total time for which application threads were stopped: 0,0001159 seconds, Stopping threads took: 0,0000483 seconds
2017-06-15T19:18:19.008+0200: 4,436: Total time for which application threads were stopped: 0,0001507 seconds, Stopping threads took: 0,0000473 seconds
2017-06-15T19:18:19.018+0200: 4,445: Total time for which application threads were stopped: 0,0012169 seconds, Stopping threads took: 0,0011182 seconds
2017-06-15T19:18:19.042+0200: 4,469: Total time for which application threads were stopped: 0,0013305 seconds, Stopping threads took: 0,0011949 seconds
2017-06-15T19:18:19.062+0200: 4,489: Total time for which application threads were stopped: 0,0002320 seconds, Stopping threads took: 0,0000991 seconds
2017-06-15T19:18:19.063+0200: 4,490: Total time for which application threads were stopped: 0,0004282 seconds, Stopping threads took: 0,0000373 seconds
2017-06-15T19:18:19.069+0200: 4,496: Total time for which application threads were stopped: 0,0001422 seconds, Stopping threads took: 0,0000672 seconds
2017-06-15T19:18:19.097+0200: 4,524: Total time for which application threads were stopped: 0,0001029 seconds, Stopping threads took: 0,0000379 seconds
2017-06-15T19:18:19.097+0200: 4,525: Total time for which application threads were stopped: 0,0000493 seconds, Stopping threads took: 0,0000210 seconds
2017-06-15T19:18:21.097+0200: 6,525: Total time for which application threads were stopped: 0,0000833 seconds, Stopping threads took: 0,0000180 seconds
2017-06-15T19:18:37.100+0200: 22,528: Total time for which application threads were stopped: 0,0000699 seconds, Stopping threads took: 0,0000179 seconds
2017-06-15T19:18:44.806+0200: 31,529: Total time for which application threads were stopped: 0,0000624 seconds, Stopping threads took: 0,0000163 seconds
2017-06-15T19:19:40.811+0200: 87,535: Total time for which application threads were stopped: 0,0001917 seconds, Stopping threads took: 0,0000617 seconds
2017-06-15T19:20:10.815+0200: 117,538: Total time for which application threads were stopped: 0,0000800 seconds, Stopping threads took: 0,0000339 seconds
2017-06-15T19:20:15.815+0200: 122,539: Total time for which application threads were stopped: 0,0000677 seconds, Stopping threads took: 0,0000164 seconds
{Heap before GC invocations=9 (full 1):
 par new generation   total 109248K, used 94582K [0x00000000e0000000, 0x00000000e8000000, 0x00000000e8000000)
  eden space 87424K, 100% used [0x00000000e0000000, 0x00000000e5560000, 0x00000000e5560000)
  from space 21824K,  32% used [0x00000000e6ab0000, 0x00000000e71ada60, 0x00000000e8000000)
  to   space 21824K,   0% used [0x00000000e5560000, 0x00000000e5560000, 0x00000000e6ab0000)
 concurrent mark-sweep generation total 393216K, used 6085K [0x00000000e8000000, 0x0000000100000000, 0x0000000100000000)
 Metaspace       used 28036K, capacity 28568K, committed 28796K, reserved 1075200K
  class space    used 3214K, capacity 3393K, committed 3452K, reserved 1048576K
2017-06-15T19:21:09.185+0200: 175,908: [GC (Allocation Failure) 2017-06-15T19:21:09.185+0200: 175,908: [ParNew
Desired survivor size 20112992 bytes, new threshold 8 (max 8)
- age   1:   10690112 bytes,   10690112 total
- age   2:     212112 bytes,   10902224 total
- age   3:     274712 bytes,   11176936 total
- age   4:    1770288 bytes,   12947224 total
- age   5:      72360 bytes,   13019584 total
- age   6:       2824 bytes,   13022408 total
- age   7:     102408 bytes,   13124816 total
- age   8:     180928 bytes,   13305744 total
: 94582K->15100K(109248K), 0,0133848 secs] 100667K->21981K(502464K), 0,0134505 secs] [Times: user=0,04 sys=0,00, real=0,01 secs] 
Heap after GC invocations=10 (full 1):
 par new generation   total 109248K, used 15100K [0x00000000e0000000, 0x00000000e8000000, 0x00000000e8000000)
  eden space 87424K,   0% used [0x00000000e0000000, 0x00000000e0000000, 0x00000000e5560000)
  from space 21824K,  69% used [0x00000000e5560000, 0x00000000e641f310, 0x00000000e6ab0000)
  to   space 21824K,   0% used [0x00000000e6ab0000, 0x00000000e6ab0000, 0x00000000e8000000)
 concurrent mark-sweep generation total 393216K, used 6880K [0x00000000e8000000, 0x0000000100000000, 0x0000000100000000)
 Metaspace       used 28036K, capacity 28568K, committed 28796K, reserved 1075200K
  class space    used 3214K, capacity 3393K, committed 3452K, reserved 1048576K
}
2017-06-15T19:21:09.198+0200: 175,922: Total time for which application threads were stopped: 0,0136101 seconds, Stopping threads took: 0,0000407 seconds
2017-06-15T19:21:09.199+0200: 175,922: Total time for which application threads were stopped: 0,0000650 seconds, Stopping threads took: 0,0000270 seconds
2017-06-15T19:21:09.199+0200: 175,922: Total time for which application threads were stopped: 0,0000489 seconds, Stopping threads took: 0,0000231 seconds
2017-06-15T19:21:14.200+0200: 180,923: Total time for which application threads were stopped: 0,0000912 seconds, Stopping threads took: 0,0000225 seconds
2017-06-15T19:22:41.210+0200: 267,933: Total time for which application threads were stopped: 0,0000802 seconds, Stopping threads took: 0,0000318 seconds
2017-06-15T19:22:44.211+0200: 270,934: Total time for which application threads were stopped: 0,0000693 seconds, Stopping threads took: 0,0000169 seconds
2017-06-15T19:22:51.212+0200: 277,935: Total time for which application threads were stopped: 0,0001164 seconds, Stopping threads took: 0,0000358 seconds
2017-06-15T19:41:39.351+0200: 1406,075: Total time for which application threads were stopped: 0,0005922 seconds, Stopping threads took: 0,0001798 seconds
2017-06-15T19:44:24.371+0200: 1571,094: Total time for which application threads were stopped: 0,0000756 seconds, Stopping threads took: 0,0000280 seconds
2017-06-15T19:44:34.372+0200: 1581,096: Total time for which application threads were stopped: 0,0000614 seconds, Stopping threads took: 0,0000139 seconds
2017-06-15T19:53:50.432+0200: 2137,156: Total time for which application threads were stopped: 0,0001590 seconds, Stopping threads took: 0,0000576 seconds
2017-06-15T19:54:15.436+0200: 2162,159: Total time for which application threads were stopped: 0,0000894 seconds, Stopping threads took: 0,0000365 seconds
2017-06-15T19:56:34.450+0200: 2301,173: Total time for which application threads were stopped: 0,0002133 seconds, Stopping threads took: 0,0000441 seconds
2017-06-15T19:56:35.451+0200: 2302,174: Total time for which application threads were stopped: 0,0005180 seconds, Stopping threads took: 0,0001328 seconds
2017-06-15T20:11:30.567+0200: 3197,290: Total time for which application threads were stopped: 0,0000925 seconds, Stopping threads took: 0,0000409 seconds
2017-06-15T20:23:34.598+0200: 3921,321: Total time for which application threads were stopped: 0,0224232 seconds, Stopping threads took: 0,0222735 seconds
2017-06-15T20:23:34.599+0200: 3921,322: Total time for which application threads were stopped: 0,0001304 seconds, Stopping threads took: 0,0000286 seconds
2017-06-15T20:23:34.603+0200: 3921,326: Total time for which application threads were stopped: 0,0001027 seconds, Stopping threads took: 0,0000337 seconds
2017-06-15T20:23:34.606+0200: 3921,329: Total time for which application threads were stopped: 0,0000980 seconds, Stopping threads took: 0,0000317 seconds
2017-06-15T20:23:34.607+0200: 3921,330: Total time for which application threads were stopped: 0,0000989 seconds, Stopping threads took: 0,0000271 seconds
2017-06-15T20:23:34.612+0200: 3921,335: Total time for which application threads were stopped: 0,0000977 seconds, Stopping threads took: 0,0000186 seconds
2017-06-15T20:23:34.612+0200: 3921,335: Total time for which application threads were stopped: 0,0000532 seconds, Stopping threads took: 0,0000141 seconds
2017-06-15T20:23:34.615+0200: 3921,338: Total time for which application threads were stopped: 0,0000909 seconds, Stopping threads took: 0,0000176 seconds
2017-06-15T20:23:34.615+0200: 3921,338: Total time for which application threads were stopped: 0,0000546 seconds, Stopping threads took: 0,0000157 seconds
2017-06-15T20:23:34.615+0200: 3921,338: Total time for which application threads were stopped: 0,0000553 seconds, Stopping threads took: 0,0000176 seconds
2017-06-15T20:23:34.615+0200: 3921,338: Total time for which application threads were stopped: 0,0000484 seconds, Stopping threads took: 0,0000126 seconds
2017-06-15T20:23:34.615+0200: 3921,338: Total time for which application threads were stopped: 0,0000470 seconds, Stopping threads took: 0,0000133 seconds
2017-06-15T20:23:34.615+0200: 3921,338: Total time for which application threads were stopped: 0,0000490 seconds, Stopping threads took: 0,0000145 seconds
2017-06-15T20:23:34.618+0200: 3921,341: Total time for which application threads were stopped: 0,0003190 seconds, Stopping threads took: 0,0002440 seconds
2017-06-15T20:23:34.618+0200: 3921,341: Total time for which application threads were stopped: 0,0000859 seconds, Stopping threads took: 0,0000400 seconds
2017-06-15T20:23:34.618+0200: 3921,341: Total time for which application threads were stopped: 0,0000484 seconds, Stopping threads took: 0,0000123 seconds
2017-06-15T20:23:34.618+0200: 3921,341: Total time for which application threads were stopped: 0,0000459 seconds, Stopping threads took: 0,0000118 seconds
2017-06-15T20:23:34.618+0200: 3921,341: Total time for which application threads were stopped: 0,0000457 seconds, Stopping threads took: 0,0000119 seconds
2017-06-15T20:23:34.618+0200: 3921,341: Total time for which application threads were stopped: 0,0000454 seconds, Stopping threads took: 0,0000119 seconds
2017-06-15T20:23:34.625+0200: 3921,349: Total time for which application threads were stopped: 0,0001065 seconds, Stopping threads took: 0,0000277 seconds
2017-06-15T20:23:34.625+0200: 3921,349: Total time for which application threads were stopped: 0,0000578 seconds, Stopping threads took: 0,0000143 seconds
2017-06-15T20:23:34.626+0200: 3921,349: Total time for which application threads were stopped: 0,0000431 seconds, Stopping threads took: 0,0000117 seconds
2017-06-15T20:23:34.626+0200: 3921,349: Total time for which application threads were stopped: 0,0000444 seconds, Stopping threads took: 0,0000121 seconds
2017-06-15T20:23:34.626+0200: 3921,349: Total time for which application threads were stopped: 0,0000448 seconds, Stopping threads took: 0,0000135 seconds
2017-06-15T20:23:34.642+0200: 3921,366: Total time for which application threads were stopped: 0,0001140 seconds, Stopping threads took: 0,0000351 seconds
2017-06-15T20:23:34.643+0200: 3921,366: Total time for which application threads were stopped: 0,0000796 seconds, Stopping threads took: 0,0000199 seconds
2017-06-15T20:23:34.643+0200: 3921,366: Total time for which application threads were stopped: 0,0000694 seconds, Stopping threads took: 0,0000172 seconds
2017-06-15T20:23:34.644+0200: 3921,368: Total time for which application threads were stopped: 0,0000943 seconds, Stopping threads took: 0,0000309 seconds
2017-06-15T20:23:34.645+0200: 3921,368: Total time for which application threads were stopped: 0,0000491 seconds, Stopping threads took: 0,0000125 seconds
2017-06-15T20:23:34.645+0200: 3921,368: Total time for which application threads were stopped: 0,0000453 seconds, Stopping threads took: 0,0000136 seconds
2017-06-15T20:23:34.645+0200: 3921,368: Total time for which application threads were stopped: 0,0000435 seconds, Stopping threads took: 0,0000125 seconds
2017-06-15T20:23:34.645+0200: 3921,368: Total time for which application threads were stopped: 0,0000423 seconds, Stopping threads took: 0,0000108 seconds
2017-06-15T20:23:34.645+0200: 3921,368: Total time for which application threads were stopped: 0,0000412 seconds, Stopping threads took: 0,0000109 seconds
2017-06-15T20:23:34.645+0200: 3921,368: Total time for which application threads were stopped: 0,0000410 seconds, Stopping threads took: 0,0000108 seconds
2017-06-15T20:23:34.645+0200: 3921,368: Total time for which application threads were stopped: 0,0000428 seconds, Stopping threads took: 0,0000116 seconds
2017-06-15T20:23:34.645+0200: 3921,368: Total time for which application threads were stopped: 0,0000415 seconds, Stopping threads took: 0,0000111 seconds
2017-06-15T20:23:34.645+0200: 3921,368: Total time for which application threads were stopped: 0,0000418 seconds, Stopping threads took: 0,0000110 seconds
2017-06-15T20:23:34.652+0200: 3921,375: Total time for which application threads were stopped: 0,0001077 seconds, Stopping threads took: 0,0000364 seconds
2017-06-15T20:23:34.652+0200: 3921,375: Total time for which application threads were stopped: 0,0000623 seconds, Stopping threads took: 0,0000170 seconds
2017-06-15T20:23:34.656+0200: 3921,379: Total time for which application threads were stopped: 0,0000969 seconds, Stopping threads took: 0,0000268 seconds
2017-06-15T20:23:34.656+0200: 3921,380: Total time for which application threads were stopped: 0,0000810 seconds, Stopping threads took: 0,0000166 seconds
2017-06-15T20:23:34.656+0200: 3921,380: Total time for which application threads were stopped: 0,0000548 seconds, Stopping threads took: 0,0000156 seconds
2017-06-15T20:23:34.657+0200: 3921,380: Total time for which application threads were stopped: 0,0000442 seconds, Stopping threads took: 0,0000125 seconds
2017-06-15T20:23:34.657+0200: 3921,380: Total time for which application threads were stopped: 0,0000588 seconds, Stopping threads took: 0,0000190 seconds
2017-06-15T20:23:34.657+0200: 3921,380: Total time for which application threads were stopped: 0,0000474 seconds, Stopping threads took: 0,0000134 seconds
2017-06-15T20:23:34.657+0200: 3921,380: Total time for which application threads were stopped: 0,0000455 seconds, Stopping threads took: 0,0000133 seconds
2017-06-15T20:23:34.657+0200: 3921,380: Total time for which application threads were stopped: 0,0000368 seconds, Stopping threads took: 0,0000050 seconds
2017-06-15T20:23:34.657+0200: 3921,380: Total time for which application threads were stopped: 0,0000441 seconds, Stopping threads took: 0,0000139 seconds
2017-06-15T20:23:34.657+0200: 3921,381: Total time for which application threads were stopped: 0,0000404 seconds, Stopping threads took: 0,0000116 seconds
2017-06-15T20:23:34.659+0200: 3921,382: Total time for which application threads were stopped: 0,0000818 seconds, Stopping threads took: 0,0000234 seconds
2017-06-15T20:23:34.659+0200: 3921,382: Total time for which application threads were stopped: 0,0000428 seconds, Stopping threads took: 0,0000118 seconds
2017-06-15T20:23:34.659+0200: 3921,382: Total time for which application threads were stopped: 0,0000414 seconds, Stopping threads took: 0,0000111 seconds
2017-06-15T20:23:34.661+0200: 3921,384: Total time for which application threads were stopped: 0,0000863 seconds, Stopping threads took: 0,0000254 seconds
2017-06-15T20:23:34.661+0200: 3921,384: Total time for which application threads were stopped: 0,0000472 seconds, Stopping threads took: 0,0000141 seconds
2017-06-15T20:23:34.661+0200: 3921,384: Total time for which application threads were stopped: 0,0000458 seconds, Stopping threads took: 0,0000134 seconds
2017-06-15T20:23:34.662+0200: 3921,385: Total time for which application threads were stopped: 0,0001041 seconds, Stopping threads took: 0,0000227 seconds
2017-06-15T20:23:34.662+0200: 3921,385: Total time for which application threads were stopped: 0,0000461 seconds, Stopping threads took: 0,0000124 seconds
2017-06-15T20:23:34.662+0200: 3921,385: Total time for which application threads were stopped: 0,0001608 seconds, Stopping threads took: 0,0000131 seconds
2017-06-15T20:23:34.662+0200: 3921,386: Total time for which application threads were stopped: 0,0000564 seconds, Stopping threads took: 0,0000181 seconds
2017-06-15T20:23:34.663+0200: 3921,386: Total time for which application threads were stopped: 0,0000447 seconds, Stopping threads took: 0,0000122 seconds
2017-06-15T20:23:34.663+0200: 3921,386: Total time for which application threads were stopped: 0,0000430 seconds, Stopping threads took: 0,0000122 seconds
2017-06-15T20:23:34.663+0200: 3921,386: Total time for which application threads were stopped: 0,0000436 seconds, Stopping threads took: 0,0000138 seconds
2017-06-15T20:23:34.663+0200: 3921,386: Total time for which application threads were stopped: 0,0000556 seconds, Stopping threads took: 0,0000152 seconds
2017-06-15T20:23:34.663+0200: 3921,386: Total time for which application threads were stopped: 0,0000417 seconds, Stopping threads took: 0,0000116 seconds
2017-06-15T20:23:34.663+0200: 3921,386: Total time for which application threads were stopped: 0,0000407 seconds, Stopping threads took: 0,0000115 seconds
2017-06-15T20:23:34.663+0200: 3921,386: Total time for which application threads were stopped: 0,0000414 seconds, Stopping threads took: 0,0000119 seconds
2017-06-15T20:23:34.663+0200: 3921,387: Total time for which application threads were stopped: 0,0000398 seconds, Stopping threads took: 0,0000108 seconds
2017-06-15T20:23:34.663+0200: 3921,387: Total time for which application threads were stopped: 0,0000415 seconds, Stopping threads took: 0,0000110 seconds
2017-06-15T20:23:34.663+0200: 3921,387: Total time for which application threads were stopped: 0,0000416 seconds, Stopping threads took: 0,0000108 seconds
2017-06-15T20:23:34.664+0200: 3921,387: Total time for which application threads were stopped: 0,0001565 seconds, Stopping threads took: 0,0000109 seconds
2017-06-15T20:23:34.665+0200: 3921,388: Total time for which application threads were stopped: 0,0007430 seconds, Stopping threads took: 0,0006315 seconds
2017-06-15T20:23:34.669+0200: 3921,392: Total time for which application threads were stopped: 0,0001387 seconds, Stopping threads took: 0,0000286 seconds
Heap
 par new generation   total 109248K, used 34214K [0x00000000e0000000, 0x00000000e8000000, 0x00000000e8000000)
  eden space 87424K,  21% used [0x00000000e0000000, 0x00000000e12aa580, 0x00000000e5560000)
  from space 21824K,  69% used [0x00000000e5560000, 0x00000000e641f310, 0x00000000e6ab0000)
  to   space 21824K,   0% used [0x00000000e6ab0000, 0x00000000e6ab0000, 0x00000000e8000000)
 concurrent mark-sweep generation total 393216K, used 6880K [0x00000000e8000000, 0x0000000100000000, 0x0000000100000000)
 Metaspace       used 28157K, capacity 28740K, committed 29052K, reserved 1075200K
  class space    used 3228K, capacity 3427K, committed 3452K, reserved 1048576K
