OpenJDK 64-Bit Server VM (25.121-b13) for linux-amd64 JRE (1.8.0_121-8u121-b13-0ubuntu1.16.04.2-b13), built on Jan 23 2017 15:51:29 by "buildd" with gcc 5.4.0 20160609
Memory: 4k page, physical 7867764k(7417420k free), swap 8076284k(8076284k free)
CommandLine flags: -XX:CMSInitiatingOccupancyFraction=50 -XX:CMSMaxAbortablePrecleanTime=6000 -XX:+CMSParallelRemarkEnabled -XX:+CMSScavengeBeforeRemark -XX:ConcGCThreads=4 -XX:InitialHeapSize=536870912 -XX:MaxHeapSize=536870912 -XX:MaxTenuringThreshold=8 -XX:NewRatio=3 -XX:OldPLABSize=16 -XX:OnOutOfMemoryError=/opt/solr/bin/oom_solr.sh 8983 /var/solr/logs -XX:ParallelGCThreads=4 -XX:+ParallelRefProcEnabled -XX:PretenureSizeThreshold=67108864 -XX:+PrintGC -XX:+PrintGCApplicationStoppedTime -XX:+PrintGCDateStamps -XX:+PrintGCDetails -XX:+PrintGCTimeStamps -XX:+PrintHeapAtGC -XX:+PrintTenuringDistribution -XX:SurvivorRatio=4 -XX:TargetSurvivorRatio=90 -XX:ThreadStackSize=256 -XX:+UseCMSInitiatingOccupancyOnly -XX:+UseCompressedClassPointers -XX:+UseCompressedOops -XX:+UseConcMarkSweepGC -XX:+UseParNewGC 
2017-05-06T08:44:49.049+0200: 0,152: Total time for which application threads were stopped: 0,0000688 seconds, Stopping threads took: 0,0000098 seconds
2017-05-06T08:44:49.144+0200: 0,247: Total time for which application threads were stopped: 0,0001385 seconds, Stopping threads took: 0,0000296 seconds
2017-05-06T08:44:49.166+0200: 0,269: Total time for which application threads were stopped: 0,0001168 seconds, Stopping threads took: 0,0000261 seconds
2017-05-06T08:44:49.554+0200: 0,658: Total time for which application threads were stopped: 0,0001645 seconds, Stopping threads took: 0,0000238 seconds
2017-05-06T08:44:49.958+0200: 1,062: Total time for which application threads were stopped: 0,0001196 seconds, Stopping threads took: 0,0000096 seconds
2017-05-06T08:44:50.041+0200: 1,144: Total time for which application threads were stopped: 0,0004588 seconds, Stopping threads took: 0,0000411 seconds
2017-05-06T08:44:50.064+0200: 1,167: Total time for which application threads were stopped: 0,0001787 seconds, Stopping threads took: 0,0000234 seconds
2017-05-06T08:44:50.654+0200: 1,757: Total time for which application threads were stopped: 0,0001921 seconds, Stopping threads took: 0,0000151 seconds
2017-05-06T08:44:50.871+0200: 1,974: Total time for which application threads were stopped: 0,0001935 seconds, Stopping threads took: 0,0000125 seconds
2017-05-06T08:44:50.890+0200: 1,993: Total time for which application threads were stopped: 0,0001765 seconds, Stopping threads took: 0,0000145 seconds
2017-05-06T08:44:50.914+0200: 2,017: Total time for which application threads were stopped: 0,0002119 seconds, Stopping threads took: 0,0000197 seconds
2017-05-06T08:44:50.915+0200: 2,018: Total time for which application threads were stopped: 0,0002014 seconds, Stopping threads took: 0,0000182 seconds
2017-05-06T08:44:50.928+0200: 2,031: Total time for which application threads were stopped: 0,0001784 seconds, Stopping threads took: 0,0000128 seconds
2017-05-06T08:44:51.000+0200: 2,103: Total time for which application threads were stopped: 0,0002517 seconds, Stopping threads took: 0,0000200 seconds
2017-05-06T08:44:51.163+0200: 2,266: Total time for which application threads were stopped: 0,0002731 seconds, Stopping threads took: 0,0000511 seconds
{Heap before GC invocations=0 (full 0):
 par new generation   total 109248K, used 87424K [0x00000000e0000000, 0x00000000e8000000, 0x00000000e8000000)
  eden space 87424K, 100% used [0x00000000e0000000, 0x00000000e5560000, 0x00000000e5560000)
  from space 21824K,   0% used [0x00000000e5560000, 0x00000000e5560000, 0x00000000e6ab0000)
  to   space 21824K,   0% used [0x00000000e6ab0000, 0x00000000e6ab0000, 0x00000000e8000000)
 concurrent mark-sweep generation total 393216K, used 0K [0x00000000e8000000, 0x0000000100000000, 0x0000000100000000)
 Metaspace       used 17887K, capacity 18240K, committed 18304K, reserved 1064960K
  class space    used 2024K, capacity 2164K, committed 2176K, reserved 1048576K
2017-05-06T08:44:51.219+0200: 2,322: [GC (Allocation Failure) 2017-05-06T08:44:51.219+0200: 2,322: [ParNew
Desired survivor size 20112992 bytes, new threshold 8 (max 8)
- age   1:   11817544 bytes,   11817544 total
: 87424K->11651K(109248K), 0,0156901 secs] 87424K->11651K(502464K), 0,0157821 secs] [Times: user=0,04 sys=0,02, real=0,01 secs] 
Heap after GC invocations=1 (full 0):
 par new generation   total 109248K, used 11651K [0x00000000e0000000, 0x00000000e8000000, 0x00000000e8000000)
  eden space 87424K,   0% used [0x00000000e0000000, 0x00000000e0000000, 0x00000000e5560000)
  from space 21824K,  53% used [0x00000000e6ab0000, 0x00000000e7610f98, 0x00000000e8000000)
  to   space 21824K,   0% used [0x00000000e5560000, 0x00000000e5560000, 0x00000000e6ab0000)
 concurrent mark-sweep generation total 393216K, used 0K [0x00000000e8000000, 0x0000000100000000, 0x0000000100000000)
 Metaspace       used 17887K, capacity 18240K, committed 18304K, reserved 1064960K
  class space    used 2024K, capacity 2164K, committed 2176K, reserved 1048576K
}
2017-05-06T08:44:51.234+0200: 2,338: Total time for which application threads were stopped: 0,0160201 seconds, Stopping threads took: 0,0000817 seconds
2017-05-06T08:44:51.564+0200: 2,667: Total time for which application threads were stopped: 0,0003559 seconds, Stopping threads took: 0,0000594 seconds
{Heap before GC invocations=1 (full 0):
 par new generation   total 109248K, used 99075K [0x00000000e0000000, 0x00000000e8000000, 0x00000000e8000000)
  eden space 87424K, 100% used [0x00000000e0000000, 0x00000000e5560000, 0x00000000e5560000)
  from space 21824K,  53% used [0x00000000e6ab0000, 0x00000000e7610f98, 0x00000000e8000000)
  to   space 21824K,   0% used [0x00000000e5560000, 0x00000000e5560000, 0x00000000e6ab0000)
 concurrent mark-sweep generation total 393216K, used 0K [0x00000000e8000000, 0x0000000100000000, 0x0000000100000000)
 Metaspace       used 20078K, capacity 20418K, committed 20736K, reserved 1067008K
  class space    used 2291K, capacity 2465K, committed 2560K, reserved 1048576K
2017-05-06T08:44:51.596+0200: 2,700: [GC (Allocation Failure) 2017-05-06T08:44:51.596+0200: 2,700: [ParNew
Desired survivor size 20112992 bytes, new threshold 8 (max 8)
- age   1:    3816384 bytes,    3816384 total
- age   2:    6396384 bytes,   10212768 total
: 99075K->13147K(109248K), 0,0131539 secs] 99075K->13147K(502464K), 0,0132236 secs] [Times: user=0,05 sys=0,00, real=0,01 secs] 
Heap after GC invocations=2 (full 0):
 par new generation   total 109248K, used 13147K [0x00000000e0000000, 0x00000000e8000000, 0x00000000e8000000)
  eden space 87424K,   0% used [0x00000000e0000000, 0x00000000e0000000, 0x00000000e5560000)
  from space 21824K,  60% used [0x00000000e5560000, 0x00000000e6236cd0, 0x00000000e6ab0000)
  to   space 21824K,   0% used [0x00000000e6ab0000, 0x00000000e6ab0000, 0x00000000e8000000)
 concurrent mark-sweep generation total 393216K, used 0K [0x00000000e8000000, 0x0000000100000000, 0x0000000100000000)
 Metaspace       used 20078K, capacity 20418K, committed 20736K, reserved 1067008K
  class space    used 2291K, capacity 2465K, committed 2560K, reserved 1048576K
}
2017-05-06T08:44:51.610+0200: 2,713: Total time for which application threads were stopped: 0,0134179 seconds, Stopping threads took: 0,0000345 seconds
2017-05-06T08:44:51.614+0200: 2,717: Total time for which application threads were stopped: 0,0003163 seconds, Stopping threads took: 0,0000404 seconds
2017-05-06T08:44:51.665+0200: 2,768: Total time for which application threads were stopped: 0,0003353 seconds, Stopping threads took: 0,0000529 seconds
2017-05-06T08:44:51.771+0200: 2,875: Total time for which application threads were stopped: 0,0001632 seconds, Stopping threads took: 0,0000396 seconds
{Heap before GC invocations=2 (full 0):
 par new generation   total 109248K, used 100571K [0x00000000e0000000, 0x00000000e8000000, 0x00000000e8000000)
  eden space 87424K, 100% used [0x00000000e0000000, 0x00000000e5560000, 0x00000000e5560000)
  from space 21824K,  60% used [0x00000000e5560000, 0x00000000e6236cd0, 0x00000000e6ab0000)
  to   space 21824K,   0% used [0x00000000e6ab0000, 0x00000000e6ab0000, 0x00000000e8000000)
 concurrent mark-sweep generation total 393216K, used 0K [0x00000000e8000000, 0x0000000100000000, 0x0000000100000000)
 Metaspace       used 20975K, capacity 21276K, committed 21628K, reserved 1069056K
  class space    used 2414K, capacity 2584K, committed 2684K, reserved 1048576K
2017-05-06T08:44:51.808+0200: 2,911: [GC (Allocation Failure) 2017-05-06T08:44:51.808+0200: 2,911: [ParNew
Desired survivor size 20112992 bytes, new threshold 8 (max 8)
- age   1:    2241672 bytes,    2241672 total
- age   2:    1095728 bytes,    3337400 total
- age   3:    6394480 bytes,    9731880 total
: 100571K->12640K(109248K), 0,0200537 secs] 100571K->12640K(502464K), 0,0201491 secs] [Times: user=0,07 sys=0,00, real=0,02 secs] 
Heap after GC invocations=3 (full 0):
 par new generation   total 109248K, used 12640K [0x00000000e0000000, 0x00000000e8000000, 0x00000000e8000000)
  eden space 87424K,   0% used [0x00000000e0000000, 0x00000000e0000000, 0x00000000e5560000)
  from space 21824K,  57% used [0x00000000e6ab0000, 0x00000000e77083b0, 0x00000000e8000000)
  to   space 21824K,   0% used [0x00000000e5560000, 0x00000000e5560000, 0x00000000e6ab0000)
 concurrent mark-sweep generation total 393216K, used 0K [0x00000000e8000000, 0x0000000100000000, 0x0000000100000000)
 Metaspace       used 20975K, capacity 21276K, committed 21628K, reserved 1069056K
  class space    used 2414K, capacity 2584K, committed 2684K, reserved 1048576K
}
2017-05-06T08:44:51.828+0200: 2,931: Total time for which application threads were stopped: 0,0203655 seconds, Stopping threads took: 0,0000704 seconds
2017-05-06T08:44:51.828+0200: 2,931: [GC (CMS Initial Mark) [1 CMS-initial-mark: 0K(393216K)] 13367K(502464K), 0,0065022 secs] [Times: user=0,02 sys=0,00, real=0,01 secs] 
2017-05-06T08:44:51.834+0200: 2,938: Total time for which application threads were stopped: 0,0066351 seconds, Stopping threads took: 0,0000285 seconds
2017-05-06T08:44:51.834+0200: 2,938: [CMS-concurrent-mark-start]
2017-05-06T08:44:51.835+0200: 2,938: [CMS-concurrent-mark: 0,000/0,000 secs] [Times: user=0,00 sys=0,00, real=0,00 secs] 
2017-05-06T08:44:51.835+0200: 2,938: [CMS-concurrent-preclean-start]
2017-05-06T08:44:51.836+0200: 2,939: [CMS-concurrent-preclean: 0,001/0,001 secs] [Times: user=0,01 sys=0,00, real=0,00 secs] 
2017-05-06T08:44:51.836+0200: 2,940: [CMS-concurrent-abortable-preclean-start]
2017-05-06T08:44:51.899+0200: 3,003: Total time for which application threads were stopped: 0,0001695 seconds, Stopping threads took: 0,0000820 seconds
{Heap before GC invocations=3 (full 1):
 par new generation   total 109248K, used 100064K [0x00000000e0000000, 0x00000000e8000000, 0x00000000e8000000)
  eden space 87424K, 100% used [0x00000000e0000000, 0x00000000e5560000, 0x00000000e5560000)
  from space 21824K,  57% used [0x00000000e6ab0000, 0x00000000e77083b0, 0x00000000e8000000)
  to   space 21824K,   0% used [0x00000000e5560000, 0x00000000e5560000, 0x00000000e6ab0000)
 concurrent mark-sweep generation total 393216K, used 0K [0x00000000e8000000, 0x0000000100000000, 0x0000000100000000)
 Metaspace       used 21245K, capacity 21616K, committed 21884K, reserved 1069056K
  class space    used 2442K, capacity 2599K, committed 2684K, reserved 1048576K
2017-05-06T08:44:51.933+0200: 3,036: [GC (Allocation Failure) 2017-05-06T08:44:51.933+0200: 3,036: [ParNew
Desired survivor size 20112992 bytes, new threshold 8 (max 8)
- age   1:    1273840 bytes,    1273840 total
- age   2:    1470408 bytes,    2744248 total
- age   3:    1060904 bytes,    3805152 total
- age   4:    6394808 bytes,   10199960 total
: 100064K->12421K(109248K), 0,0098124 secs] 100064K->12421K(502464K), 0,0098857 secs] [Times: user=0,04 sys=0,00, real=0,01 secs] 
Heap after GC invocations=4 (full 1):
 par new generation   total 109248K, used 12421K [0x00000000e0000000, 0x00000000e8000000, 0x00000000e8000000)
  eden space 87424K,   0% used [0x00000000e0000000, 0x00000000e0000000, 0x00000000e5560000)
  from space 21824K,  56% used [0x00000000e5560000, 0x00000000e61814b0, 0x00000000e6ab0000)
  to   space 21824K,   0% used [0x00000000e6ab0000, 0x00000000e6ab0000, 0x00000000e8000000)
 concurrent mark-sweep generation total 393216K, used 0K [0x00000000e8000000, 0x0000000100000000, 0x0000000100000000)
 Metaspace       used 21245K, capacity 21616K, committed 21884K, reserved 1069056K
  class space    used 2442K, capacity 2599K, committed 2684K, reserved 1048576K
}
2017-05-06T08:44:51.943+0200: 3,046: Total time for which application threads were stopped: 0,0101130 seconds, Stopping threads took: 0,0000990 seconds
2017-05-06T08:44:51.943+0200: 3,046: [CMS-concurrent-abortable-preclean: 0,064/0,107 secs] [Times: user=0,40 sys=0,00, real=0,11 secs] 
2017-05-06T08:44:51.943+0200: 3,047: [GC (CMS Final Remark) [YG occupancy: 13110 K (109248 K)]{Heap before GC invocations=4 (full 1):
 par new generation   total 109248K, used 13110K [0x00000000e0000000, 0x00000000e8000000, 0x00000000e8000000)
  eden space 87424K,   0% used [0x00000000e0000000, 0x00000000e00ac448, 0x00000000e5560000)
  from space 21824K,  56% used [0x00000000e5560000, 0x00000000e61814b0, 0x00000000e6ab0000)
  to   space 21824K,   0% used [0x00000000e6ab0000, 0x00000000e6ab0000, 0x00000000e8000000)
 concurrent mark-sweep generation total 393216K, used 0K [0x00000000e8000000, 0x0000000100000000, 0x0000000100000000)
 Metaspace       used 21245K, capacity 21616K, committed 21884K, reserved 1069056K
  class space    used 2442K, capacity 2599K, committed 2684K, reserved 1048576K
2017-05-06T08:44:51.943+0200: 3,047: [GC (CMS Final Remark) 2017-05-06T08:44:51.943+0200: 3,047: [ParNew
Desired survivor size 20112992 bytes, new threshold 8 (max 8)
- age   1:      33168 bytes,      33168 total
- age   2:    1072984 bytes,    1106152 total
- age   3:    1470408 bytes,    2576560 total
- age   4:    1060904 bytes,    3637464 total
- age   5:    6394664 bytes,   10032128 total
: 13110K->15246K(109248K), 0,0089684 secs] 13110K->15246K(502464K), 0,0090095 secs] [Times: user=0,03 sys=0,00, real=0,01 secs] 
Heap after GC invocations=5 (full 1):
 par new generation   total 109248K, used 15246K [0x00000000e0000000, 0x00000000e8000000, 0x00000000e8000000)
  eden space 87424K,   0% used [0x00000000e0000000, 0x00000000e0000000, 0x00000000e5560000)
  from space 21824K,  69% used [0x00000000e6ab0000, 0x00000000e7993bf0, 0x00000000e8000000)
  to   space 21824K,   0% used [0x00000000e5560000, 0x00000000e5560000, 0x00000000e6ab0000)
 concurrent mark-sweep generation total 393216K, used 0K [0x00000000e8000000, 0x0000000100000000, 0x0000000100000000)
 Metaspace       used 21245K, capacity 21616K, committed 21884K, reserved 1069056K
  class space    used 2442K, capacity 2599K, committed 2684K, reserved 1048576K
}
2017-05-06T08:44:51.952+0200: 3,056: [Rescan (parallel) , 0,0042158 secs]2017-05-06T08:44:51.957+0200: 3,060: [weak refs processing, 0,0009147 secs]2017-05-06T08:44:51.958+0200: 3,061: [class unloading, 0,0028121 secs]2017-05-06T08:44:51.960+0200: 3,064: [scrub symbol table, 0,0026663 secs]2017-05-06T08:44:51.963+0200: 3,066: [scrub string table, 0,0003444 secs][1 CMS-remark: 0K(393216K)] 15246K(502464K), 0,0205882 secs] [Times: user=0,05 sys=0,00, real=0,02 secs] 
2017-05-06T08:44:51.964+0200: 3,067: Total time for which application threads were stopped: 0,0207010 seconds, Stopping threads took: 0,0000474 seconds
2017-05-06T08:44:51.965+0200: 3,069: [CMS-concurrent-sweep-start]
2017-05-06T08:44:51.965+0200: 3,069: [CMS-concurrent-sweep: 0,000/0,000 secs] [Times: user=0,00 sys=0,00, real=0,00 secs] 
2017-05-06T08:44:51.965+0200: 3,069: [CMS-concurrent-reset-start]
2017-05-06T08:44:51.968+0200: 3,071: [CMS-concurrent-reset: 0,003/0,003 secs] [Times: user=0,00 sys=0,01, real=0,00 secs] 
{Heap before GC invocations=5 (full 1):
 par new generation   total 109248K, used 102670K [0x00000000e0000000, 0x00000000e8000000, 0x00000000e8000000)
  eden space 87424K, 100% used [0x00000000e0000000, 0x00000000e5560000, 0x00000000e5560000)
  from space 21824K,  69% used [0x00000000e6ab0000, 0x00000000e7993bf0, 0x00000000e8000000)
  to   space 21824K,   0% used [0x00000000e5560000, 0x00000000e5560000, 0x00000000e6ab0000)
 concurrent mark-sweep generation total 393216K, used 0K [0x00000000e8000000, 0x0000000100000000, 0x0000000100000000)
 Metaspace       used 21385K, capacity 21794K, committed 21884K, reserved 1069056K
  class space    used 2464K, capacity 2634K, committed 2684K, reserved 1048576K
2017-05-06T08:44:52.059+0200: 3,162: [GC (Allocation Failure) 2017-05-06T08:44:52.059+0200: 3,163: [ParNew
Desired survivor size 20112992 bytes, new threshold 8 (max 8)
- age   1:     425936 bytes,     425936 total
- age   2:        328 bytes,     426264 total
- age   3:     182640 bytes,     608904 total
- age   4:    1470304 bytes,    2079208 total
- age   5:    1060792 bytes,    3140000 total
- age   6:    6394640 bytes,    9534640 total
: 102670K->11568K(109248K), 0,0103185 secs] 102670K->11568K(502464K), 0,0103859 secs] [Times: user=0,04 sys=0,00, real=0,00 secs] 
Heap after GC invocations=6 (full 1):
 par new generation   total 109248K, used 11568K [0x00000000e0000000, 0x00000000e8000000, 0x00000000e8000000)
  eden space 87424K,   0% used [0x00000000e0000000, 0x00000000e0000000, 0x00000000e5560000)
  from space 21824K,  53% used [0x00000000e5560000, 0x00000000e60ac170, 0x00000000e6ab0000)
  to   space 21824K,   0% used [0x00000000e6ab0000, 0x00000000e6ab0000, 0x00000000e8000000)
 concurrent mark-sweep generation total 393216K, used 0K [0x00000000e8000000, 0x0000000100000000, 0x0000000100000000)
 Metaspace       used 21385K, capacity 21794K, committed 21884K, reserved 1069056K
  class space    used 2464K, capacity 2634K, committed 2684K, reserved 1048576K
}
2017-05-06T08:44:52.070+0200: 3,173: Total time for which application threads were stopped: 0,0105976 seconds, Stopping threads took: 0,0000589 seconds
2017-05-06T08:44:52.100+0200: 3,203: Total time for which application threads were stopped: 0,0003202 seconds, Stopping threads took: 0,0000200 seconds
2017-05-06T08:44:52.344+0200: 3,448: Total time for which application threads were stopped: 0,0004654 seconds, Stopping threads took: 0,0000361 seconds
2017-05-06T08:44:52.362+0200: 3,465: Total time for which application threads were stopped: 0,0004917 seconds, Stopping threads took: 0,0000403 seconds
2017-05-06T08:44:52.550+0200: 3,654: Total time for which application threads were stopped: 0,0009469 seconds, Stopping threads took: 0,0008175 seconds
{Heap before GC invocations=6 (full 1):
 par new generation   total 109248K, used 99418K [0x00000000e0000000, 0x00000000e8000000, 0x00000000e8000000)
  eden space 87424K, 100% used [0x00000000e0000000, 0x00000000e5560000, 0x00000000e5560000)
  from space 21824K,  54% used [0x00000000e5560000, 0x00000000e6116b68, 0x00000000e6ab0000)
  to   space 21824K,   0% used [0x00000000e6ab0000, 0x00000000e6ab0000, 0x00000000e8000000)
 concurrent mark-sweep generation total 393216K, used 0K [0x00000000e8000000, 0x0000000100000000, 0x0000000100000000)
 Metaspace       used 24369K, capacity 24804K, committed 25084K, reserved 1071104K
  class space    used 2855K, capacity 3041K, committed 3068K, reserved 1048576K
2017-05-06T08:44:52.552+0200: 3,655: [GC (GCLocker Initiated GC) 2017-05-06T08:44:52.552+0200: 3,655: [ParNew
Desired survivor size 20112992 bytes, new threshold 8 (max 8)
- age   1:    5887888 bytes,    5887888 total
- age   2:     121808 bytes,    6009696 total
- age   3:        328 bytes,    6010024 total
- age   4:     181192 bytes,    6191216 total
- age   5:     300504 bytes,    6491720 total
- age   6:    1034528 bytes,    7526248 total
- age   7:    6387216 bytes,   13913464 total
: 99418K->18315K(109248K), 0,0240115 secs] 99418K->18315K(502464K), 0,0240829 secs] [Times: user=0,05 sys=0,00, real=0,02 secs] 
Heap after GC invocations=7 (full 1):
 par new generation   total 109248K, used 18315K [0x00000000e0000000, 0x00000000e8000000, 0x00000000e8000000)
  eden space 87424K,   0% used [0x00000000e0000000, 0x00000000e0000000, 0x00000000e5560000)
  from space 21824K,  83% used [0x00000000e6ab0000, 0x00000000e7c92d20, 0x00000000e8000000)
  to   space 21824K,   0% used [0x00000000e5560000, 0x00000000e5560000, 0x00000000e6ab0000)
 concurrent mark-sweep generation total 393216K, used 0K [0x00000000e8000000, 0x0000000100000000, 0x0000000100000000)
 Metaspace       used 24369K, capacity 24804K, committed 25084K, reserved 1071104K
  class space    used 2855K, capacity 3041K, committed 3068K, reserved 1048576K
}
2017-05-06T08:44:52.576+0200: 3,679: Total time for which application threads were stopped: 0,0242903 seconds, Stopping threads took: 0,0000416 seconds
2017-05-06T08:44:52.694+0200: 3,797: Total time for which application threads were stopped: 0,0002304 seconds, Stopping threads took: 0,0001074 seconds
{Heap before GC invocations=7 (full 1):
 par new generation   total 109248K, used 108604K [0x00000000e0000000, 0x00000000e8000000, 0x00000000e8000000)
  eden space 87424K, 100% used [0x00000000e0000000, 0x00000000e5560000, 0x00000000e5560000)
  from space 21824K,  97% used [0x00000000e6ab0000, 0x00000000e7f5f278, 0x00000000e8000000)
  to   space 21824K,   0% used [0x00000000e5560000, 0x00000000e5560000, 0x00000000e6ab0000)
 concurrent mark-sweep generation total 393216K, used 0K [0x00000000e8000000, 0x0000000100000000, 0x0000000100000000)
 Metaspace       used 24709K, capacity 25162K, committed 25468K, reserved 1071104K
  class space    used 2887K, capacity 3074K, committed 3196K, reserved 1048576K
2017-05-06T08:44:52.699+0200: 3,803: [GC (Allocation Failure) 2017-05-06T08:44:52.699+0200: 3,803: [ParNew
Desired survivor size 20112992 bytes, new threshold 8 (max 8)
- age   1:    1628984 bytes,    1628984 total
- age   2:    1854432 bytes,    3483416 total
- age   3:      54832 bytes,    3538248 total
- age   4:        328 bytes,    3538576 total
- age   5:     105856 bytes,    3644432 total
- age   6:     185856 bytes,    3830288 total
- age   7:     886840 bytes,    4717128 total
- age   8:    5973384 bytes,   10690512 total
: 108604K->14259K(109248K), 0,0156498 secs] 108604K->14259K(502464K), 0,0157394 secs] [Times: user=0,05 sys=0,00, real=0,01 secs] 
Heap after GC invocations=8 (full 1):
 par new generation   total 109248K, used 14259K [0x00000000e0000000, 0x00000000e8000000, 0x00000000e8000000)
  eden space 87424K,   0% used [0x00000000e0000000, 0x00000000e0000000, 0x00000000e5560000)
  from space 21824K,  65% used [0x00000000e5560000, 0x00000000e634ce80, 0x00000000e6ab0000)
  to   space 21824K,   0% used [0x00000000e6ab0000, 0x00000000e6ab0000, 0x00000000e8000000)
 concurrent mark-sweep generation total 393216K, used 0K [0x00000000e8000000, 0x0000000100000000, 0x0000000100000000)
 Metaspace       used 24709K, capacity 25162K, committed 25468K, reserved 1071104K
  class space    used 2887K, capacity 3074K, committed 3196K, reserved 1048576K
}
2017-05-06T08:44:52.715+0200: 3,818: Total time for which application threads were stopped: 0,0160029 seconds, Stopping threads took: 0,0000669 seconds
{Heap before GC invocations=8 (full 1):
 par new generation   total 109248K, used 14259K [0x00000000e0000000, 0x00000000e8000000, 0x00000000e8000000)
  eden space 87424K,   0% used [0x00000000e0000000, 0x00000000e0000020, 0x00000000e5560000)
  from space 21824K,  65% used [0x00000000e5560000, 0x00000000e634ce80, 0x00000000e6ab0000)
  to   space 21824K,   0% used [0x00000000e6ab0000, 0x00000000e6ab0000, 0x00000000e8000000)
 concurrent mark-sweep generation total 393216K, used 0K [0x00000000e8000000, 0x0000000100000000, 0x0000000100000000)
 Metaspace       used 24710K, capacity 25162K, committed 25468K, reserved 1071104K
  class space    used 2887K, capacity 3074K, committed 3196K, reserved 1048576K
2017-05-06T08:44:52.715+0200: 3,819: [GC (GCLocker Initiated GC) 2017-05-06T08:44:52.715+0200: 3,819: [ParNew
Desired survivor size 20112992 bytes, new threshold 8 (max 8)
- age   1:         32 bytes,         32 total
- age   2:    1371808 bytes,    1371840 total
- age   3:    1854432 bytes,    3226272 total
- age   4:      54832 bytes,    3281104 total
- age   5:        328 bytes,    3281432 total
- age   6:     105856 bytes,    3387288 total
- age   7:     185856 bytes,    3573144 total
- age   8:     886840 bytes,    4459984 total
: 14259K->7121K(109248K), 0,0275501 secs] 14259K->13037K(502464K), 0,0276192 secs] [Times: user=0,10 sys=0,00, real=0,03 secs] 
Heap after GC invocations=9 (full 1):
 par new generation   total 109248K, used 7121K [0x00000000e0000000, 0x00000000e8000000, 0x00000000e8000000)
  eden space 87424K,   0% used [0x00000000e0000000, 0x00000000e0000000, 0x00000000e5560000)
  from space 21824K,  32% used [0x00000000e6ab0000, 0x00000000e71a4730, 0x00000000e8000000)
  to   space 21824K,   0% used [0x00000000e5560000, 0x00000000e5560000, 0x00000000e6ab0000)
 concurrent mark-sweep generation total 393216K, used 5915K [0x00000000e8000000, 0x0000000100000000, 0x0000000100000000)
 Metaspace       used 24710K, capacity 25162K, committed 25468K, reserved 1071104K
  class space    used 2887K, capacity 3074K, committed 3196K, reserved 1048576K
}
2017-05-06T08:44:52.743+0200: 3,846: Total time for which application threads were stopped: 0,0278300 seconds, Stopping threads took: 0,0000342 seconds
{Heap before GC invocations=9 (full 1):
 par new generation   total 109248K, used 94545K [0x00000000e0000000, 0x00000000e8000000, 0x00000000e8000000)
  eden space 87424K, 100% used [0x00000000e0000000, 0x00000000e5560000, 0x00000000e5560000)
  from space 21824K,  32% used [0x00000000e6ab0000, 0x00000000e71a4730, 0x00000000e8000000)
  to   space 21824K,   0% used [0x00000000e5560000, 0x00000000e5560000, 0x00000000e6ab0000)
 concurrent mark-sweep generation total 393216K, used 5915K [0x00000000e8000000, 0x0000000100000000, 0x0000000100000000)
 Metaspace       used 24968K, capacity 25444K, committed 25724K, reserved 1071104K
  class space    used 2904K, capacity 3079K, committed 3196K, reserved 1048576K
2017-05-06T08:44:52.823+0200: 3,927: [GC (Allocation Failure) 2017-05-06T08:44:52.823+0200: 3,927: [ParNew
Desired survivor size 20112992 bytes, new threshold 8 (max 8)
- age   1:     719256 bytes,     719256 total
- age   3:    1045272 bytes,    1764528 total
- age   4:    1823440 bytes,    3587968 total
- age   5:      54832 bytes,    3642800 total
- age   6:        328 bytes,    3643128 total
- age   7:     103208 bytes,    3746336 total
- age   8:     185360 bytes,    3931696 total
: 94545K->5026K(109248K), 0,0077684 secs] 100461K->11820K(502464K), 0,0078406 secs] [Times: user=0,03 sys=0,00, real=0,01 secs] 
Heap after GC invocations=10 (full 1):
 par new generation   total 109248K, used 5026K [0x00000000e0000000, 0x00000000e8000000, 0x00000000e8000000)
  eden space 87424K,   0% used [0x00000000e0000000, 0x00000000e0000000, 0x00000000e5560000)
  from space 21824K,  23% used [0x00000000e5560000, 0x00000000e5a489c0, 0x00000000e6ab0000)
  to   space 21824K,   0% used [0x00000000e6ab0000, 0x00000000e6ab0000, 0x00000000e8000000)
 concurrent mark-sweep generation total 393216K, used 6794K [0x00000000e8000000, 0x0000000100000000, 0x0000000100000000)
 Metaspace       used 24968K, capacity 25444K, committed 25724K, reserved 1071104K
  class space    used 2904K, capacity 3079K, committed 3196K, reserved 1048576K
}
2017-05-06T08:44:52.831+0200: 3,935: Total time for which application threads were stopped: 0,0100570 seconds, Stopping threads took: 0,0020426 seconds
2017-05-06T08:44:52.946+0200: 4,050: Total time for which application threads were stopped: 0,0019669 seconds, Stopping threads took: 0,0015566 seconds
2017-05-06T08:44:52.950+0200: 4,054: Total time for which application threads were stopped: 0,0004734 seconds, Stopping threads took: 0,0003906 seconds
2017-05-06T08:44:52.951+0200: 4,054: Total time for which application threads were stopped: 0,0000938 seconds, Stopping threads took: 0,0000521 seconds
2017-05-06T08:44:52.953+0200: 4,057: Total time for which application threads were stopped: 0,0001376 seconds, Stopping threads took: 0,0000720 seconds
2017-05-06T08:44:52.954+0200: 4,057: Total time for which application threads were stopped: 0,0000989 seconds, Stopping threads took: 0,0000357 seconds
2017-05-06T08:44:52.954+0200: 4,057: Total time for which application threads were stopped: 0,0000823 seconds, Stopping threads took: 0,0000431 seconds
2017-05-06T08:44:52.961+0200: 4,064: Total time for which application threads were stopped: 0,0030246 seconds, Stopping threads took: 0,0029527 seconds
2017-05-06T08:44:52.962+0200: 4,065: Total time for which application threads were stopped: 0,0003253 seconds, Stopping threads took: 0,0002706 seconds
2017-05-06T08:44:52.962+0200: 4,066: Total time for which application threads were stopped: 0,0001328 seconds, Stopping threads took: 0,0000612 seconds
2017-05-06T08:44:52.962+0200: 4,066: Total time for which application threads were stopped: 0,0000933 seconds, Stopping threads took: 0,0000365 seconds
2017-05-06T08:44:52.963+0200: 4,066: Total time for which application threads were stopped: 0,0000764 seconds, Stopping threads took: 0,0000280 seconds
2017-05-06T08:44:52.963+0200: 4,066: Total time for which application threads were stopped: 0,0000615 seconds, Stopping threads took: 0,0000187 seconds
2017-05-06T08:44:52.963+0200: 4,066: Total time for which application threads were stopped: 0,0000707 seconds, Stopping threads took: 0,0000214 seconds
2017-05-06T08:44:52.963+0200: 4,066: Total time for which application threads were stopped: 0,0000776 seconds, Stopping threads took: 0,0000134 seconds
2017-05-06T08:44:52.963+0200: 4,067: Total time for which application threads were stopped: 0,0000680 seconds, Stopping threads took: 0,0000247 seconds
2017-05-06T08:44:52.964+0200: 4,067: Total time for which application threads were stopped: 0,0000980 seconds, Stopping threads took: 0,0000391 seconds
2017-05-06T08:44:52.964+0200: 4,067: Total time for which application threads were stopped: 0,0000624 seconds, Stopping threads took: 0,0000187 seconds
2017-05-06T08:44:52.964+0200: 4,067: Total time for which application threads were stopped: 0,0001245 seconds, Stopping threads took: 0,0000744 seconds
2017-05-06T08:44:52.970+0200: 4,073: Total time for which application threads were stopped: 0,0021704 seconds, Stopping threads took: 0,0020791 seconds
2017-05-06T08:44:52.970+0200: 4,074: Total time for which application threads were stopped: 0,0000735 seconds, Stopping threads took: 0,0000340 seconds
2017-05-06T08:44:52.971+0200: 4,074: Total time for which application threads were stopped: 0,0001445 seconds, Stopping threads took: 0,0000938 seconds
2017-05-06T08:44:52.971+0200: 4,074: Total time for which application threads were stopped: 0,0000704 seconds, Stopping threads took: 0,0000269 seconds
2017-05-06T08:44:52.971+0200: 4,074: Total time for which application threads were stopped: 0,0001262 seconds, Stopping threads took: 0,0000198 seconds
2017-05-06T08:44:52.972+0200: 4,075: Total time for which application threads were stopped: 0,0001183 seconds, Stopping threads took: 0,0000330 seconds
2017-05-06T08:44:52.974+0200: 4,077: Total time for which application threads were stopped: 0,0001580 seconds, Stopping threads took: 0,0000841 seconds
2017-05-06T08:44:52.976+0200: 4,079: Total time for which application threads were stopped: 0,0001616 seconds, Stopping threads took: 0,0000803 seconds
2017-05-06T08:44:52.976+0200: 4,080: Total time for which application threads were stopped: 0,0001438 seconds, Stopping threads took: 0,0000866 seconds
2017-05-06T08:44:52.976+0200: 4,080: Total time for which application threads were stopped: 0,0000916 seconds, Stopping threads took: 0,0000496 seconds
2017-05-06T08:44:52.977+0200: 4,080: Total time for which application threads were stopped: 0,0001642 seconds, Stopping threads took: 0,0001300 seconds
2017-05-06T08:44:52.977+0200: 4,080: Total time for which application threads were stopped: 0,0000522 seconds, Stopping threads took: 0,0000200 seconds
2017-05-06T08:44:52.978+0200: 4,082: Total time for which application threads were stopped: 0,0001513 seconds, Stopping threads took: 0,0000724 seconds
2017-05-06T08:44:52.979+0200: 4,082: Total time for which application threads were stopped: 0,0005776 seconds, Stopping threads took: 0,0005427 seconds
2017-05-06T08:44:52.979+0200: 4,082: Total time for which application threads were stopped: 0,0000662 seconds, Stopping threads took: 0,0000255 seconds
2017-05-06T08:44:52.980+0200: 4,083: Total time for which application threads were stopped: 0,0001325 seconds, Stopping threads took: 0,0000635 seconds
2017-05-06T08:44:52.981+0200: 4,084: Total time for which application threads were stopped: 0,0001082 seconds, Stopping threads took: 0,0000217 seconds
2017-05-06T08:44:52.981+0200: 4,085: Total time for which application threads were stopped: 0,0001024 seconds, Stopping threads took: 0,0000283 seconds
2017-05-06T08:44:52.982+0200: 4,085: Total time for which application threads were stopped: 0,0000909 seconds, Stopping threads took: 0,0000158 seconds
2017-05-06T08:44:52.992+0200: 4,095: Total time for which application threads were stopped: 0,0001282 seconds, Stopping threads took: 0,0000336 seconds
2017-05-06T08:44:52.993+0200: 4,097: Total time for which application threads were stopped: 0,0000886 seconds, Stopping threads took: 0,0000250 seconds
2017-05-06T08:44:52.994+0200: 4,097: Total time for which application threads were stopped: 0,0001734 seconds, Stopping threads took: 0,0000786 seconds
2017-05-06T08:44:52.995+0200: 4,098: Total time for which application threads were stopped: 0,0001070 seconds, Stopping threads took: 0,0000438 seconds
2017-05-06T08:44:52.995+0200: 4,098: Total time for which application threads were stopped: 0,0001147 seconds, Stopping threads took: 0,0000530 seconds
2017-05-06T08:44:52.999+0200: 4,103: Total time for which application threads were stopped: 0,0001040 seconds, Stopping threads took: 0,0000319 seconds
2017-05-06T08:44:53.003+0200: 4,106: Total time for which application threads were stopped: 0,0000830 seconds, Stopping threads took: 0,0000162 seconds
2017-05-06T08:44:53.004+0200: 4,107: Total time for which application threads were stopped: 0,0000652 seconds, Stopping threads took: 0,0000101 seconds
2017-05-06T08:44:53.004+0200: 4,107: Total time for which application threads were stopped: 0,0000568 seconds, Stopping threads took: 0,0000106 seconds
2017-05-06T08:44:53.005+0200: 4,108: Total time for which application threads were stopped: 0,0001226 seconds, Stopping threads took: 0,0000091 seconds
2017-05-06T08:44:53.012+0200: 4,115: Total time for which application threads were stopped: 0,0001674 seconds, Stopping threads took: 0,0000863 seconds
2017-05-06T08:44:53.062+0200: 4,165: Total time for which application threads were stopped: 0,0030318 seconds, Stopping threads took: 0,0025172 seconds
2017-05-06T08:44:53.088+0200: 4,191: Total time for which application threads were stopped: 0,0005121 seconds, Stopping threads took: 0,0000415 seconds
2017-05-06T08:44:53.200+0200: 4,303: Total time for which application threads were stopped: 0,0004650 seconds, Stopping threads took: 0,0000245 seconds
2017-05-06T08:44:53.206+0200: 4,310: Total time for which application threads were stopped: 0,0001598 seconds, Stopping threads took: 0,0000276 seconds
2017-05-06T08:44:53.207+0200: 4,310: Total time for which application threads were stopped: 0,0001993 seconds, Stopping threads took: 0,0001225 seconds
2017-05-06T08:44:53.217+0200: 4,321: Total time for which application threads were stopped: 0,0001049 seconds, Stopping threads took: 0,0000257 seconds
2017-05-06T08:44:53.242+0200: 4,345: Total time for which application threads were stopped: 0,0001845 seconds, Stopping threads took: 0,0000486 seconds
2017-05-06T08:44:53.247+0200: 4,350: Total time for which application threads were stopped: 0,0001575 seconds, Stopping threads took: 0,0000468 seconds
2017-05-06T08:44:53.251+0200: 4,354: Total time for which application threads were stopped: 0,0001621 seconds, Stopping threads took: 0,0000485 seconds
2017-05-06T08:44:53.256+0200: 4,359: Total time for which application threads were stopped: 0,0001353 seconds, Stopping threads took: 0,0000373 seconds
2017-05-06T08:44:53.262+0200: 4,366: Total time for which application threads were stopped: 0,0001450 seconds, Stopping threads took: 0,0000222 seconds
2017-05-06T08:44:53.294+0200: 4,397: Total time for which application threads were stopped: 0,0021217 seconds, Stopping threads took: 0,0020190 seconds
2017-05-06T08:44:53.303+0200: 4,406: Total time for which application threads were stopped: 0,0001400 seconds, Stopping threads took: 0,0000347 seconds
2017-05-06T08:44:53.312+0200: 4,415: Total time for which application threads were stopped: 0,0001770 seconds, Stopping threads took: 0,0000602 seconds
2017-05-06T08:44:53.338+0200: 4,441: Total time for which application threads were stopped: 0,0005054 seconds, Stopping threads took: 0,0000856 seconds
2017-05-06T08:44:54.338+0200: 5,442: Total time for which application threads were stopped: 0,0001161 seconds, Stopping threads took: 0,0000236 seconds
2017-05-06T08:44:55.338+0200: 6,442: Total time for which application threads were stopped: 0,0000755 seconds, Stopping threads took: 0,0000171 seconds
2017-05-06T08:45:11.343+0200: 22,447: Total time for which application threads were stopped: 0,0000646 seconds, Stopping threads took: 0,0000183 seconds
2017-05-06T08:45:20.565+0200: 32,448: Total time for which application threads were stopped: 0,0000654 seconds, Stopping threads took: 0,0000154 seconds
2017-05-06T08:46:10.571+0200: 82,453: Total time for which application threads were stopped: 0,0000658 seconds, Stopping threads took: 0,0000173 seconds
2017-05-06T08:46:45.575+0200: 117,458: Total time for which application threads were stopped: 0,0008423 seconds, Stopping threads took: 0,0004098 seconds
2017-05-06T08:46:50.576+0200: 122,459: Total time for which application threads were stopped: 0,0000663 seconds, Stopping threads took: 0,0000154 seconds
{Heap before GC invocations=10 (full 1):
 par new generation   total 109248K, used 92450K [0x00000000e0000000, 0x00000000e8000000, 0x00000000e8000000)
  eden space 87424K, 100% used [0x00000000e0000000, 0x00000000e5560000, 0x00000000e5560000)
  from space 21824K,  23% used [0x00000000e5560000, 0x00000000e5a489c0, 0x00000000e6ab0000)
  to   space 21824K,   0% used [0x00000000e6ab0000, 0x00000000e6ab0000, 0x00000000e8000000)
 concurrent mark-sweep generation total 393216K, used 6794K [0x00000000e8000000, 0x0000000100000000, 0x0000000100000000)
 Metaspace       used 28045K, capacity 28568K, committed 28796K, reserved 1075200K
  class space    used 3212K, capacity 3389K, committed 3452K, reserved 1048576K
2017-05-06T08:47:44.196+0200: 176,078: [GC (Allocation Failure) 2017-05-06T08:47:44.196+0200: 176,078: [ParNew
Desired survivor size 20112992 bytes, new threshold 8 (max 8)
- age   1:   10746464 bytes,   10746464 total
- age   2:     209336 bytes,   10955800 total
- age   4:     233680 bytes,   11189480 total
- age   5:    1818456 bytes,   13007936 total
- age   6:      54832 bytes,   13062768 total
- age   7:        328 bytes,   13063096 total
- age   8:     103080 bytes,   13166176 total
: 92450K->14323K(109248K), 0,0110797 secs] 99244K->21320K(502464K), 0,0111580 secs] [Times: user=0,04 sys=0,00, real=0,01 secs] 
Heap after GC invocations=11 (full 1):
 par new generation   total 109248K, used 14323K [0x00000000e0000000, 0x00000000e8000000, 0x00000000e8000000)
  eden space 87424K,   0% used [0x00000000e0000000, 0x00000000e0000000, 0x00000000e5560000)
  from space 21824K,  65% used [0x00000000e6ab0000, 0x00000000e78acf00, 0x00000000e8000000)
  to   space 21824K,   0% used [0x00000000e5560000, 0x00000000e5560000, 0x00000000e6ab0000)
 concurrent mark-sweep generation total 393216K, used 6996K [0x00000000e8000000, 0x0000000100000000, 0x0000000100000000)
 Metaspace       used 28045K, capacity 28568K, committed 28796K, reserved 1075200K
  class space    used 3212K, capacity 3389K, committed 3452K, reserved 1048576K
}
2017-05-06T08:47:44.207+0200: 176,090: Total time for which application threads were stopped: 0,0114230 seconds, Stopping threads took: 0,0001252 seconds
2017-05-06T08:47:44.208+0200: 176,090: Total time for which application threads were stopped: 0,0000949 seconds, Stopping threads took: 0,0000362 seconds
2017-05-06T08:47:44.212+0200: 176,095: Total time for which application threads were stopped: 0,0000646 seconds, Stopping threads took: 0,0000212 seconds
2017-05-06T08:49:26.224+0200: 278,107: Total time for which application threads were stopped: 0,0000823 seconds, Stopping threads took: 0,0000310 seconds
2017-05-06T09:08:19.336+0200: 1411,219: Total time for which application threads were stopped: 0,0000873 seconds, Stopping threads took: 0,0000346 seconds
2017-05-06T09:11:39.357+0200: 1611,240: Total time for which application threads were stopped: 0,0000831 seconds, Stopping threads took: 0,0000313 seconds
2017-05-06T09:11:49.359+0200: 1621,241: Total time for which application threads were stopped: 0,0000823 seconds, Stopping threads took: 0,0000316 seconds
2017-05-06T09:16:02.743+0200: 1874,625: Total time for which application threads were stopped: 0,0001026 seconds, Stopping threads took: 0,0000307 seconds
2017-05-06T09:16:02.774+0200: 1874,656: Total time for which application threads were stopped: 0,0110425 seconds, Stopping threads took: 0,0109653 seconds
2017-05-06T09:16:02.775+0200: 1874,658: Total time for which application threads were stopped: 0,0006620 seconds, Stopping threads took: 0,0005660 seconds
2017-05-06T09:16:02.779+0200: 1874,662: Total time for which application threads were stopped: 0,0000923 seconds, Stopping threads took: 0,0000239 seconds
2017-05-06T09:16:02.780+0200: 1874,663: Total time for which application threads were stopped: 0,0001004 seconds, Stopping threads took: 0,0000270 seconds
2017-05-06T09:16:02.786+0200: 1874,668: Total time for which application threads were stopped: 0,0002996 seconds, Stopping threads took: 0,0000253 seconds
2017-05-06T09:16:02.786+0200: 1874,668: Total time for which application threads were stopped: 0,0000681 seconds, Stopping threads took: 0,0000185 seconds
2017-05-06T09:16:02.786+0200: 1874,669: Total time for which application threads were stopped: 0,0000673 seconds, Stopping threads took: 0,0000156 seconds
2017-05-06T09:16:02.786+0200: 1874,669: Total time for which application threads were stopped: 0,0000517 seconds, Stopping threads took: 0,0000140 seconds
2017-05-06T09:16:02.786+0200: 1874,669: Total time for which application threads were stopped: 0,0000484 seconds, Stopping threads took: 0,0000124 seconds
2017-05-06T09:16:02.786+0200: 1874,669: Total time for which application threads were stopped: 0,0000613 seconds, Stopping threads took: 0,0000282 seconds
2017-05-06T09:16:02.786+0200: 1874,669: Total time for which application threads were stopped: 0,0000451 seconds, Stopping threads took: 0,0000124 seconds
2017-05-06T09:16:02.787+0200: 1874,669: Total time for which application threads were stopped: 0,0000446 seconds, Stopping threads took: 0,0000115 seconds
2017-05-06T09:16:02.787+0200: 1874,669: Total time for which application threads were stopped: 0,0000423 seconds, Stopping threads took: 0,0000106 seconds
2017-05-06T09:16:02.787+0200: 1874,669: Total time for which application threads were stopped: 0,0000474 seconds, Stopping threads took: 0,0000121 seconds
2017-05-06T09:16:02.787+0200: 1874,669: Total time for which application threads were stopped: 0,0000840 seconds, Stopping threads took: 0,0000381 seconds
2017-05-06T09:16:02.787+0200: 1874,670: Total time for which application threads were stopped: 0,0000842 seconds, Stopping threads took: 0,0000204 seconds
2017-05-06T09:16:02.787+0200: 1874,670: Total time for which application threads were stopped: 0,0000563 seconds, Stopping threads took: 0,0000159 seconds
2017-05-06T09:16:02.788+0200: 1874,670: Total time for which application threads were stopped: 0,0000768 seconds, Stopping threads took: 0,0000364 seconds
2017-05-06T09:16:02.788+0200: 1874,670: Total time for which application threads were stopped: 0,0000451 seconds, Stopping threads took: 0,0000118 seconds
2017-05-06T09:16:02.788+0200: 1874,670: Total time for which application threads were stopped: 0,0000472 seconds, Stopping threads took: 0,0000121 seconds
2017-05-06T09:16:02.792+0200: 1874,675: Total time for which application threads were stopped: 0,0003033 seconds, Stopping threads took: 0,0002113 seconds
2017-05-06T09:16:02.796+0200: 1874,678: Total time for which application threads were stopped: 0,0034658 seconds, Stopping threads took: 0,0033900 seconds
2017-05-06T09:16:02.796+0200: 1874,678: Total time for which application threads were stopped: 0,0000468 seconds, Stopping threads took: 0,0000081 seconds
2017-05-06T09:16:02.796+0200: 1874,678: Total time for which application threads were stopped: 0,0000410 seconds, Stopping threads took: 0,0000056 seconds
2017-05-06T09:16:02.796+0200: 1874,679: Total time for which application threads were stopped: 0,0000537 seconds, Stopping threads took: 0,0000101 seconds
2017-05-06T09:16:02.796+0200: 1874,679: Total time for which application threads were stopped: 0,0000419 seconds, Stopping threads took: 0,0000054 seconds
2017-05-06T09:16:02.796+0200: 1874,679: Total time for which application threads were stopped: 0,0000421 seconds, Stopping threads took: 0,0000054 seconds
2017-05-06T09:16:02.796+0200: 1874,679: Total time for which application threads were stopped: 0,0000388 seconds, Stopping threads took: 0,0000051 seconds
2017-05-06T09:16:02.796+0200: 1874,679: Total time for which application threads were stopped: 0,0000391 seconds, Stopping threads took: 0,0000048 seconds
2017-05-06T09:16:02.796+0200: 1874,679: Total time for which application threads were stopped: 0,0000365 seconds, Stopping threads took: 0,0000046 seconds
2017-05-06T09:16:02.797+0200: 1874,679: Total time for which application threads were stopped: 0,0000392 seconds, Stopping threads took: 0,0000051 seconds
2017-05-06T09:16:02.797+0200: 1874,679: Total time for which application threads were stopped: 0,0000360 seconds, Stopping threads took: 0,0000047 seconds
2017-05-06T09:16:02.797+0200: 1874,679: Total time for which application threads were stopped: 0,0000377 seconds, Stopping threads took: 0,0000050 seconds
2017-05-06T09:16:02.811+0200: 1874,694: Total time for which application threads were stopped: 0,0009006 seconds, Stopping threads took: 0,0007980 seconds
2017-05-06T09:16:02.813+0200: 1874,696: Total time for which application threads were stopped: 0,0001887 seconds, Stopping threads took: 0,0001187 seconds
2017-05-06T09:16:02.813+0200: 1874,696: Total time for which application threads were stopped: 0,0000995 seconds, Stopping threads took: 0,0000547 seconds
2017-05-06T09:16:02.813+0200: 1874,696: Total time for which application threads were stopped: 0,0000502 seconds, Stopping threads took: 0,0000160 seconds
2017-05-06T09:16:02.813+0200: 1874,696: Total time for which application threads were stopped: 0,0000589 seconds, Stopping threads took: 0,0000260 seconds
2017-05-06T09:16:02.813+0200: 1874,696: Total time for which application threads were stopped: 0,0000633 seconds, Stopping threads took: 0,0000176 seconds
2017-05-06T09:16:02.815+0200: 1874,698: Total time for which application threads were stopped: 0,0000970 seconds, Stopping threads took: 0,0000189 seconds
2017-05-06T09:16:02.816+0200: 1874,698: Total time for which application threads were stopped: 0,0000754 seconds, Stopping threads took: 0,0000128 seconds
2017-05-06T09:16:02.816+0200: 1874,699: Total time for which application threads were stopped: 0,0000637 seconds, Stopping threads took: 0,0000164 seconds
2017-05-06T09:16:02.819+0200: 1874,701: Total time for which application threads were stopped: 0,0021186 seconds, Stopping threads took: 0,0020456 seconds
2017-05-06T09:16:02.819+0200: 1874,702: Total time for which application threads were stopped: 0,0000690 seconds, Stopping threads took: 0,0000172 seconds
2017-05-06T09:16:02.819+0200: 1874,702: Total time for which application threads were stopped: 0,0000519 seconds, Stopping threads took: 0,0000153 seconds
2017-05-06T09:16:02.820+0200: 1874,703: Total time for which application threads were stopped: 0,0000894 seconds, Stopping threads took: 0,0000283 seconds
2017-05-06T09:16:02.821+0200: 1874,703: Total time for which application threads were stopped: 0,0005390 seconds, Stopping threads took: 0,0004853 seconds
2017-05-06T09:16:02.821+0200: 1874,703: Total time for which application threads were stopped: 0,0000554 seconds, Stopping threads took: 0,0000147 seconds
2017-05-06T09:16:02.823+0200: 1874,705: Total time for which application threads were stopped: 0,0001139 seconds, Stopping threads took: 0,0000381 seconds
2017-05-06T09:16:02.823+0200: 1874,705: Total time for which application threads were stopped: 0,0000568 seconds, Stopping threads took: 0,0000159 seconds
2017-05-06T09:16:02.823+0200: 1874,706: Total time for which application threads were stopped: 0,0000862 seconds, Stopping threads took: 0,0000297 seconds
2017-05-06T09:16:02.823+0200: 1874,706: Total time for which application threads were stopped: 0,0000547 seconds, Stopping threads took: 0,0000152 seconds
2017-05-06T09:16:02.823+0200: 1874,706: Total time for which application threads were stopped: 0,0000514 seconds, Stopping threads took: 0,0000155 seconds
2017-05-06T09:16:02.823+0200: 1874,706: Total time for which application threads were stopped: 0,0000351 seconds, Stopping threads took: 0,0000058 seconds
2017-05-06T09:16:02.824+0200: 1874,706: Total time for which application threads were stopped: 0,0000526 seconds, Stopping threads took: 0,0000196 seconds
2017-05-06T09:16:02.825+0200: 1874,708: Total time for which application threads were stopped: 0,0001100 seconds, Stopping threads took: 0,0000430 seconds
2017-05-06T09:16:02.825+0200: 1874,708: Total time for which application threads were stopped: 0,0000430 seconds, Stopping threads took: 0,0000061 seconds
2017-05-06T09:16:02.825+0200: 1874,708: Total time for which application threads were stopped: 0,0000355 seconds, Stopping threads took: 0,0000046 seconds
2017-05-06T09:16:02.825+0200: 1874,708: Total time for which application threads were stopped: 0,0000380 seconds, Stopping threads took: 0,0000044 seconds
2017-05-06T09:16:02.830+0200: 1874,712: Total time for which application threads were stopped: 0,0001481 seconds, Stopping threads took: 0,0000417 seconds
2017-05-06T09:16:02.830+0200: 1874,712: Total time for which application threads were stopped: 0,0001172 seconds, Stopping threads took: 0,0000491 seconds
2017-05-06T09:16:02.830+0200: 1874,713: Total time for which application threads were stopped: 0,0000650 seconds, Stopping threads took: 0,0000080 seconds
2017-05-06T09:16:02.830+0200: 1874,713: Total time for which application threads were stopped: 0,0000952 seconds, Stopping threads took: 0,0000311 seconds
2017-05-06T09:16:02.830+0200: 1874,713: Total time for which application threads were stopped: 0,0000754 seconds, Stopping threads took: 0,0000234 seconds
2017-05-06T09:16:02.831+0200: 1874,713: Total time for which application threads were stopped: 0,0000509 seconds, Stopping threads took: 0,0000082 seconds
2017-05-06T09:16:02.831+0200: 1874,714: Total time for which application threads were stopped: 0,0005670 seconds, Stopping threads took: 0,0004879 seconds
2017-05-06T09:16:02.832+0200: 1874,714: Total time for which application threads were stopped: 0,0000951 seconds, Stopping threads took: 0,0000355 seconds
2017-05-06T09:16:02.832+0200: 1874,714: Total time for which application threads were stopped: 0,0000728 seconds, Stopping threads took: 0,0000179 seconds
2017-05-06T09:16:02.832+0200: 1874,715: Total time for which application threads were stopped: 0,0000841 seconds, Stopping threads took: 0,0000282 seconds
2017-05-06T09:16:02.832+0200: 1874,715: Total time for which application threads were stopped: 0,0000459 seconds, Stopping threads took: 0,0000080 seconds
2017-05-06T09:16:02.833+0200: 1874,715: Total time for which application threads were stopped: 0,0001698 seconds, Stopping threads took: 0,0000183 seconds
2017-05-06T09:16:02.833+0200: 1874,716: Total time for which application threads were stopped: 0,0001144 seconds, Stopping threads took: 0,0000445 seconds
2017-05-06T09:16:02.835+0200: 1874,717: Total time for which application threads were stopped: 0,0001703 seconds, Stopping threads took: 0,0000429 seconds
2017-05-06T09:16:02.836+0200: 1874,719: Total time for which application threads were stopped: 0,0000964 seconds, Stopping threads took: 0,0000329 seconds
2017-05-06T09:16:02.837+0200: 1874,719: Total time for which application threads were stopped: 0,0001178 seconds, Stopping threads took: 0,0000218 seconds
Heap
 par new generation   total 109248K, used 32339K [0x00000000e0000000, 0x00000000e8000000, 0x00000000e8000000)
  eden space 87424K,  20% used [0x00000000e0000000, 0x00000000e1197f80, 0x00000000e5560000)
  from space 21824K,  65% used [0x00000000e6ab0000, 0x00000000e78acf00, 0x00000000e8000000)
  to   space 21824K,   0% used [0x00000000e5560000, 0x00000000e5560000, 0x00000000e6ab0000)
 concurrent mark-sweep generation total 393216K, used 6996K [0x00000000e8000000, 0x0000000100000000, 0x0000000100000000)
 Metaspace       used 28157K, capacity 28738K, committed 29052K, reserved 1075200K
  class space    used 3227K, capacity 3424K, committed 3452K, reserved 1048576K
