OpenJDK 64-Bit Server VM (25.91-b14) for linux-amd64 JRE (1.8.0_91-8u91-b14-3ubuntu1~16.04.1-b14), built on Jul 21 2016 04:13:34 by "buildd" with gcc 5.3.1 20160413
Memory: 4k page, physical 7867876k(7541680k free), swap 8076284k(8076284k free)
CommandLine flags: -XX:CMSInitiatingOccupancyFraction=50 -XX:CMSMaxAbortablePrecleanTime=6000 -XX:+CMSParallelRemarkEnabled -XX:+CMSScavengeBeforeRemark -XX:ConcGCThreads=4 -XX:InitialHeapSize=536870912 -XX:MaxHeapSize=536870912 -XX:MaxTenuringThreshold=8 -XX:NewRatio=3 -XX:OldPLABSize=16 -XX:OnOutOfMemoryError=/opt/solr/bin/oom_solr.sh 8983 /var/solr/logs -XX:ParallelGCThreads=4 -XX:+ParallelRefProcEnabled -XX:PretenureSizeThreshold=67108864 -XX:+PrintGC -XX:+PrintGCApplicationStoppedTime -XX:+PrintGCDateStamps -XX:+PrintGCDetails -XX:+PrintGCTimeStamps -XX:+PrintHeapAtGC -XX:+PrintTenuringDistribution -XX:SurvivorRatio=4 -XX:TargetSurvivorRatio=90 -XX:ThreadStackSize=256 -XX:+UseCMSInitiatingOccupancyOnly -XX:+UseCompressedClassPointers -XX:+UseCompressedOops -XX:+UseConcMarkSweepGC -XX:+UseParNewGC 
2016-10-26T21:21:39.695+0200: 0,125: Total time for which application threads were stopped: 0,0000649 seconds, Stopping threads took: 0,0000123 seconds
2016-10-26T21:21:39.763+0200: 0,193: Total time for which application threads were stopped: 0,0000989 seconds, Stopping threads took: 0,0000174 seconds
2016-10-26T21:21:39.778+0200: 0,208: Total time for which application threads were stopped: 0,0001025 seconds, Stopping threads took: 0,0000407 seconds
2016-10-26T21:21:39.937+0200: 0,367: Total time for which application threads were stopped: 0,0001207 seconds, Stopping threads took: 0,0000157 seconds
2016-10-26T21:21:40.154+0200: 0,583: Total time for which application threads were stopped: 0,0001997 seconds, Stopping threads took: 0,0000328 seconds
2016-10-26T21:21:40.327+0200: 0,757: Total time for which application threads were stopped: 0,0002084 seconds, Stopping threads took: 0,0000265 seconds
2016-10-26T21:21:40.376+0200: 0,805: Total time for which application threads were stopped: 0,0001892 seconds, Stopping threads took: 0,0000229 seconds
2016-10-26T21:21:40.660+0200: 1,090: Total time for which application threads were stopped: 0,0001679 seconds, Stopping threads took: 0,0000218 seconds
2016-10-26T21:21:40.909+0200: 1,339: Total time for which application threads were stopped: 0,0001962 seconds, Stopping threads took: 0,0000147 seconds
2016-10-26T21:21:40.997+0200: 1,427: Total time for which application threads were stopped: 0,0001944 seconds, Stopping threads took: 0,0000150 seconds
2016-10-26T21:21:41.001+0200: 1,430: Total time for which application threads were stopped: 0,0003323 seconds, Stopping threads took: 0,0000586 seconds
2016-10-26T21:21:41.014+0200: 1,443: Total time for which application threads were stopped: 0,0001896 seconds, Stopping threads took: 0,0000221 seconds
2016-10-26T21:21:41.115+0200: 1,544: Total time for which application threads were stopped: 0,0002842 seconds, Stopping threads took: 0,0000246 seconds
2016-10-26T21:21:41.245+0200: 1,675: Total time for which application threads were stopped: 0,0004883 seconds, Stopping threads took: 0,0002945 seconds
{Heap before GC invocations=0 (full 0):
 par new generation   total 109248K, used 87424K [0x00000000e0000000, 0x00000000e8000000, 0x00000000e8000000)
  eden space 87424K, 100% used [0x00000000e0000000, 0x00000000e5560000, 0x00000000e5560000)
  from space 21824K,   0% used [0x00000000e5560000, 0x00000000e5560000, 0x00000000e6ab0000)
  to   space 21824K,   0% used [0x00000000e6ab0000, 0x00000000e6ab0000, 0x00000000e8000000)
 concurrent mark-sweep generation total 393216K, used 0K [0x00000000e8000000, 0x0000000100000000, 0x0000000100000000)
 Metaspace       used 18312K, capacity 18662K, committed 18944K, reserved 1067008K
  class space    used 2084K, capacity 2196K, committed 2304K, reserved 1048576K
2016-10-26T21:21:41.397+0200: 1,827: [GC (Allocation Failure) 2016-10-26T21:21:41.397+0200: 1,827: [ParNew
Desired survivor size 20112992 bytes, new threshold 8 (max 8)
- age   1:   12243848 bytes,   12243848 total
: 87424K->12075K(109248K), 0,0282150 secs] 87424K->12075K(502464K), 0,0283039 secs] [Times: user=0,05 sys=0,05, real=0,03 secs] 
Heap after GC invocations=1 (full 0):
 par new generation   total 109248K, used 12075K [0x00000000e0000000, 0x00000000e8000000, 0x00000000e8000000)
  eden space 87424K,   0% used [0x00000000e0000000, 0x00000000e0000000, 0x00000000e5560000)
  from space 21824K,  55% used [0x00000000e6ab0000, 0x00000000e767ad68, 0x00000000e8000000)
  to   space 21824K,   0% used [0x00000000e5560000, 0x00000000e5560000, 0x00000000e6ab0000)
 concurrent mark-sweep generation total 393216K, used 0K [0x00000000e8000000, 0x0000000100000000, 0x0000000100000000)
 Metaspace       used 18312K, capacity 18662K, committed 18944K, reserved 1067008K
  class space    used 2084K, capacity 2196K, committed 2304K, reserved 1048576K
}
2016-10-26T21:21:41.426+0200: 1,855: Total time for which application threads were stopped: 0,0285344 seconds, Stopping threads took: 0,0000579 seconds
2016-10-26T21:21:41.581+0200: 2,010: Total time for which application threads were stopped: 0,0002473 seconds, Stopping threads took: 0,0000200 seconds
2016-10-26T21:21:41.611+0200: 2,041: Total time for which application threads were stopped: 0,0003068 seconds, Stopping threads took: 0,0000303 seconds
2016-10-26T21:21:41.633+0200: 2,063: Total time for which application threads were stopped: 0,0002871 seconds, Stopping threads took: 0,0000307 seconds
{Heap before GC invocations=1 (full 0):
 par new generation   total 109248K, used 99499K [0x00000000e0000000, 0x00000000e8000000, 0x00000000e8000000)
  eden space 87424K, 100% used [0x00000000e0000000, 0x00000000e5560000, 0x00000000e5560000)
  from space 21824K,  55% used [0x00000000e6ab0000, 0x00000000e767ad68, 0x00000000e8000000)
  to   space 21824K,   0% used [0x00000000e5560000, 0x00000000e5560000, 0x00000000e6ab0000)
 concurrent mark-sweep generation total 393216K, used 0K [0x00000000e8000000, 0x0000000100000000, 0x0000000100000000)
 Metaspace       used 20681K, capacity 21026K, committed 21248K, reserved 1069056K
  class space    used 2401K, capacity 2519K, committed 2560K, reserved 1048576K
2016-10-26T21:21:41.810+0200: 2,240: [GC (Allocation Failure) 2016-10-26T21:21:41.810+0200: 2,240: [ParNew
Desired survivor size 20112992 bytes, new threshold 8 (max 8)
- age   1:    2724808 bytes,    2724808 total
- age   2:    5992376 bytes,    8717184 total
: 99499K->11113K(109248K), 0,0101447 secs] 99499K->11113K(502464K), 0,0102223 secs] [Times: user=0,02 sys=0,01, real=0,01 secs] 
Heap after GC invocations=2 (full 0):
 par new generation   total 109248K, used 11113K [0x00000000e0000000, 0x00000000e8000000, 0x00000000e8000000)
  eden space 87424K,   0% used [0x00000000e0000000, 0x00000000e0000000, 0x00000000e5560000)
  from space 21824K,  50% used [0x00000000e5560000, 0x00000000e603a720, 0x00000000e6ab0000)
  to   space 21824K,   0% used [0x00000000e6ab0000, 0x00000000e6ab0000, 0x00000000e8000000)
 concurrent mark-sweep generation total 393216K, used 0K [0x00000000e8000000, 0x0000000100000000, 0x0000000100000000)
 Metaspace       used 20681K, capacity 21026K, committed 21248K, reserved 1069056K
  class space    used 2401K, capacity 2519K, committed 2560K, reserved 1048576K
}
2016-10-26T21:21:41.821+0200: 2,250: Total time for which application threads were stopped: 0,0104955 seconds, Stopping threads took: 0,0000567 seconds
2016-10-26T21:21:41.890+0200: 2,319: Total time for which application threads were stopped: 0,0000929 seconds, Stopping threads took: 0,0000211 seconds
2016-10-26T21:21:41.910+0200: 2,340: Total time for which application threads were stopped: 0,0002561 seconds, Stopping threads took: 0,0000153 seconds
2016-10-26T21:21:41.916+0200: 2,345: Total time for which application threads were stopped: 0,0000917 seconds, Stopping threads took: 0,0000269 seconds
2016-10-26T21:21:41.963+0200: 2,393: Total time for which application threads were stopped: 0,0001250 seconds, Stopping threads took: 0,0000362 seconds
2016-10-26T21:21:41.992+0200: 2,421: Total time for which application threads were stopped: 0,0001280 seconds, Stopping threads took: 0,0000425 seconds
2016-10-26T21:21:42.012+0200: 2,442: Total time for which application threads were stopped: 0,0000745 seconds, Stopping threads took: 0,0000212 seconds
2016-10-26T21:21:42.015+0200: 2,445: Total time for which application threads were stopped: 0,0003013 seconds, Stopping threads took: 0,0000210 seconds
2016-10-26T21:21:42.044+0200: 2,474: Total time for which application threads were stopped: 0,0000654 seconds, Stopping threads took: 0,0000135 seconds
2016-10-26T21:21:42.064+0200: 2,494: Total time for which application threads were stopped: 0,0000874 seconds, Stopping threads took: 0,0000124 seconds
2016-10-26T21:21:42.079+0200: 2,509: Total time for which application threads were stopped: 0,0000705 seconds, Stopping threads took: 0,0000139 seconds
2016-10-26T21:21:42.093+0200: 2,523: Total time for which application threads were stopped: 0,0000716 seconds, Stopping threads took: 0,0000210 seconds
2016-10-26T21:21:42.122+0200: 2,551: Total time for which application threads were stopped: 0,0001059 seconds, Stopping threads took: 0,0000216 seconds
2016-10-26T21:21:42.144+0200: 2,574: Total time for which application threads were stopped: 0,0002352 seconds, Stopping threads took: 0,0001542 seconds
2016-10-26T21:21:42.187+0200: 2,617: Total time for which application threads were stopped: 0,0000991 seconds, Stopping threads took: 0,0000419 seconds
2016-10-26T21:21:42.223+0200: 2,653: Total time for which application threads were stopped: 0,0001099 seconds, Stopping threads took: 0,0000316 seconds
2016-10-26T21:21:42.250+0200: 2,680: Total time for which application threads were stopped: 0,0001044 seconds, Stopping threads took: 0,0000222 seconds
2016-10-26T21:21:42.280+0200: 2,710: Total time for which application threads were stopped: 0,0001165 seconds, Stopping threads took: 0,0000274 seconds
2016-10-26T21:21:42.307+0200: 2,737: Total time for which application threads were stopped: 0,0000936 seconds, Stopping threads took: 0,0000281 seconds
2016-10-26T21:21:42.329+0200: 2,758: Total time for which application threads were stopped: 0,0001013 seconds, Stopping threads took: 0,0000222 seconds
2016-10-26T21:21:42.355+0200: 2,785: Total time for which application threads were stopped: 0,0001703 seconds, Stopping threads took: 0,0001007 seconds
2016-10-26T21:21:42.357+0200: 2,787: Total time for which application threads were stopped: 0,0001479 seconds, Stopping threads took: 0,0000957 seconds
{Heap before GC invocations=2 (full 0):
 par new generation   total 109248K, used 98537K [0x00000000e0000000, 0x00000000e8000000, 0x00000000e8000000)
  eden space 87424K, 100% used [0x00000000e0000000, 0x00000000e5560000, 0x00000000e5560000)
  from space 21824K,  50% used [0x00000000e5560000, 0x00000000e603a720, 0x00000000e6ab0000)
  to   space 21824K,   0% used [0x00000000e6ab0000, 0x00000000e6ab0000, 0x00000000e8000000)
 concurrent mark-sweep generation total 393216K, used 0K [0x00000000e8000000, 0x0000000100000000, 0x0000000100000000)
 Metaspace       used 26465K, capacity 26916K, committed 27196K, reserved 1073152K
  class space    used 3076K, capacity 3222K, committed 3244K, reserved 1048576K
2016-10-26T21:21:42.360+0200: 2,790: [GC (Allocation Failure) 2016-10-26T21:21:42.360+0200: 2,790: [ParNew
Desired survivor size 20112992 bytes, new threshold 8 (max 8)
- age   1:    8484208 bytes,    8484208 total
- age   2:     515344 bytes,    8999552 total
- age   3:    5948312 bytes,   14947864 total
: 98537K->17655K(109248K), 0,0175323 secs] 98537K->17655K(502464K), 0,0175831 secs] [Times: user=0,05 sys=0,00, real=0,02 secs] 
Heap after GC invocations=3 (full 0):
 par new generation   total 109248K, used 17655K [0x00000000e0000000, 0x00000000e8000000, 0x00000000e8000000)
  eden space 87424K,   0% used [0x00000000e0000000, 0x00000000e0000000, 0x00000000e5560000)
  from space 21824K,  80% used [0x00000000e6ab0000, 0x00000000e7bedfe0, 0x00000000e8000000)
  to   space 21824K,   0% used [0x00000000e5560000, 0x00000000e5560000, 0x00000000e6ab0000)
 concurrent mark-sweep generation total 393216K, used 0K [0x00000000e8000000, 0x0000000100000000, 0x0000000100000000)
 Metaspace       used 26465K, capacity 26916K, committed 27196K, reserved 1073152K
  class space    used 3076K, capacity 3222K, committed 3244K, reserved 1048576K
}
2016-10-26T21:21:42.378+0200: 2,808: Total time for which application threads were stopped: 0,0177517 seconds, Stopping threads took: 0,0000283 seconds
2016-10-26T21:21:42.378+0200: 2,808: [GC (CMS Initial Mark) [1 CMS-initial-mark: 0K(393216K)] 17656K(502464K), 0,0042327 secs] [Times: user=0,01 sys=0,01, real=0,01 secs] 
2016-10-26T21:21:42.383+0200: 2,812: Total time for which application threads were stopped: 0,0047228 seconds, Stopping threads took: 0,0003988 seconds
2016-10-26T21:21:42.383+0200: 2,812: [CMS-concurrent-mark-start]
2016-10-26T21:21:42.383+0200: 2,813: [CMS-concurrent-mark: 0,000/0,000 secs] [Times: user=0,01 sys=0,00, real=0,00 secs] 
2016-10-26T21:21:42.383+0200: 2,813: [CMS-concurrent-preclean-start]
2016-10-26T21:21:42.384+0200: 2,814: [CMS-concurrent-preclean: 0,001/0,001 secs] [Times: user=0,00 sys=0,00, real=0,00 secs] 
2016-10-26T21:21:42.384+0200: 2,814: [GC (CMS Final Remark) [YG occupancy: 19631 K (109248 K)]{Heap before GC invocations=3 (full 1):
 par new generation   total 109248K, used 19631K [0x00000000e0000000, 0x00000000e8000000, 0x00000000e8000000)
  eden space 87424K,   2% used [0x00000000e0000000, 0x00000000e01edfd0, 0x00000000e5560000)
  from space 21824K,  80% used [0x00000000e6ab0000, 0x00000000e7bedfe0, 0x00000000e8000000)
  to   space 21824K,   0% used [0x00000000e5560000, 0x00000000e5560000, 0x00000000e6ab0000)
 concurrent mark-sweep generation total 393216K, used 0K [0x00000000e8000000, 0x0000000100000000, 0x0000000100000000)
 Metaspace       used 26467K, capacity 26916K, committed 27196K, reserved 1073152K
  class space    used 3077K, capacity 3222K, committed 3244K, reserved 1048576K
2016-10-26T21:21:42.384+0200: 2,814: [GC (CMS Final Remark) 2016-10-26T21:21:42.384+0200: 2,814: [ParNew
Desired survivor size 20112992 bytes, new threshold 8 (max 8)
- age   1:       3696 bytes,       3696 total
- age   2:    3374936 bytes,    3378632 total
- age   3:     515560 bytes,    3894192 total
- age   4:    5947488 bytes,    9841680 total
: 19631K->18313K(109248K), 0,0186218 secs] 19631K->18313K(502464K), 0,0186661 secs] [Times: user=0,07 sys=0,00, real=0,02 secs] 
Heap after GC invocations=4 (full 1):
 par new generation   total 109248K, used 18313K [0x00000000e0000000, 0x00000000e8000000, 0x00000000e8000000)
  eden space 87424K,   0% used [0x00000000e0000000, 0x00000000e0000000, 0x00000000e5560000)
  from space 21824K,  83% used [0x00000000e5560000, 0x00000000e67427e0, 0x00000000e6ab0000)
  to   space 21824K,   0% used [0x00000000e6ab0000, 0x00000000e6ab0000, 0x00000000e8000000)
 concurrent mark-sweep generation total 393216K, used 0K [0x00000000e8000000, 0x0000000100000000, 0x0000000100000000)
 Metaspace       used 26467K, capacity 26916K, committed 27196K, reserved 1073152K
  class space    used 3077K, capacity 3222K, committed 3244K, reserved 1048576K
}
2016-10-26T21:21:42.403+0200: 2,833: [Rescan (parallel) , 0,0058726 secs]2016-10-26T21:21:42.409+0200: 2,839: [weak refs processing, 0,0003651 secs]2016-10-26T21:21:42.409+0200: 2,839: [class unloading, 0,0031177 secs]2016-10-26T21:21:42.413+0200: 2,842: [scrub symbol table, 0,0035780 secs]2016-10-26T21:21:42.416+0200: 2,846: [scrub string table, 0,0003774 secs][1 CMS-remark: 0K(393216K)] 18313K(502464K), 0,0326609 secs] [Times: user=0,09 sys=0,00, real=0,03 secs] 
2016-10-26T21:21:42.417+0200: 2,847: Total time for which application threads were stopped: 0,0327850 seconds, Stopping threads took: 0,0000448 seconds
2016-10-26T21:21:42.417+0200: 2,847: [CMS-concurrent-sweep-start]
2016-10-26T21:21:42.417+0200: 2,847: [CMS-concurrent-sweep: 0,000/0,000 secs] [Times: user=0,00 sys=0,00, real=0,00 secs] 
2016-10-26T21:21:42.417+0200: 2,847: [CMS-concurrent-reset-start]
2016-10-26T21:21:42.419+0200: 2,849: [CMS-concurrent-reset: 0,002/0,002 secs] [Times: user=0,00 sys=0,01, real=0,00 secs] 
2016-10-26T21:21:43.417+0200: 3,847: Total time for which application threads were stopped: 0,0000613 seconds, Stopping threads took: 0,0000163 seconds
2016-10-26T21:21:43.625+0200: 4,054: Total time for which application threads were stopped: 0,0002668 seconds, Stopping threads took: 0,0000151 seconds
2016-10-26T21:22:11.627+0200: 32,057: Total time for which application threads were stopped: 0,0000545 seconds, Stopping threads took: 0,0000151 seconds
2016-10-26T21:22:40.630+0200: 61,060: Total time for which application threads were stopped: 0,0003466 seconds, Stopping threads took: 0,0001807 seconds
2016-10-26T21:22:55.632+0200: 76,061: Total time for which application threads were stopped: 0,0000721 seconds, Stopping threads took: 0,0000321 seconds
2016-10-26T21:23:00.633+0200: 81,062: Total time for which application threads were stopped: 0,0000605 seconds, Stopping threads took: 0,0000174 seconds
2016-10-26T21:23:05.633+0200: 86,063: Total time for which application threads were stopped: 0,0002537 seconds, Stopping threads took: 0,0000891 seconds
2016-10-26T21:23:35.637+0200: 116,067: Total time for which application threads were stopped: 0,0000771 seconds, Stopping threads took: 0,0000345 seconds
2016-10-26T21:24:21.643+0200: 162,073: Total time for which application threads were stopped: 0,0000963 seconds, Stopping threads took: 0,0000381 seconds
2016-10-26T21:24:40.645+0200: 181,075: Total time for which application threads were stopped: 0,0000747 seconds, Stopping threads took: 0,0000204 seconds
2016-10-26T21:25:36.652+0200: 237,082: Total time for which application threads were stopped: 0,0000824 seconds, Stopping threads took: 0,0000385 seconds
2016-10-26T21:26:26.659+0200: 287,088: Total time for which application threads were stopped: 0,0000803 seconds, Stopping threads took: 0,0000344 seconds
2016-10-26T21:45:20.789+0200: 1421,219: Total time for which application threads were stopped: 0,0000710 seconds, Stopping threads took: 0,0000315 seconds
2016-10-26T21:49:05.815+0200: 1646,245: Total time for which application threads were stopped: 0,0000732 seconds, Stopping threads took: 0,0000305 seconds
2016-10-26T21:49:25.817+0200: 1666,247: Total time for which application threads were stopped: 0,0000558 seconds, Stopping threads took: 0,0000145 seconds
2016-10-26T22:00:16.890+0200: 2317,320: Total time for which application threads were stopped: 0,0001622 seconds, Stopping threads took: 0,0000622 seconds
2016-10-26T22:00:20.891+0200: 2321,321: Total time for which application threads were stopped: 0,0000545 seconds, Stopping threads took: 0,0000142 seconds
2016-10-26T22:09:41.957+0200: 2882,387: Total time for which application threads were stopped: 0,0000821 seconds, Stopping threads took: 0,0000321 seconds
2016-10-26T22:14:56.992+0200: 3197,422: Total time for which application threads were stopped: 0,0000739 seconds, Stopping threads took: 0,0000304 seconds
2016-10-26T22:27:41.079+0200: 3961,508: Total time for which application threads were stopped: 0,0002093 seconds, Stopping threads took: 0,0000651 seconds
2016-10-26T22:27:51.080+0200: 3971,510: Total time for which application threads were stopped: 0,0000552 seconds, Stopping threads took: 0,0000143 seconds
2016-10-26T22:28:41.087+0200: 4021,516: Total time for which application threads were stopped: 0,0000715 seconds, Stopping threads took: 0,0000312 seconds
2016-10-26T22:33:08.218+0200: 4288,648: Total time for which application threads were stopped: 0,0001709 seconds, Stopping threads took: 0,0000324 seconds
Heap
 par new generation   total 109248K, used 48950K [0x00000000e0000000, 0x00000000e8000000, 0x00000000e8000000)
  eden space 87424K,  35% used [0x00000000e0000000, 0x00000000e1deb2b8, 0x00000000e5560000)
  from space 21824K,  83% used [0x00000000e5560000, 0x00000000e67427e0, 0x00000000e6ab0000)
  to   space 21824K,   0% used [0x00000000e6ab0000, 0x00000000e6ab0000, 0x00000000e8000000)
 concurrent mark-sweep generation total 393216K, used 0K [0x00000000e8000000, 0x0000000100000000, 0x0000000100000000)
 Metaspace       used 27011K, capacity 27434K, committed 27836K, reserved 1073152K
  class space    used 3153K, capacity 3287K, committed 3372K, reserved 1048576K
