OpenJDK 64-Bit Server VM (25.121-b13) for linux-amd64 JRE (1.8.0_121-8u121-b13-0ubuntu1.16.04.2-b13), built on Jan 23 2017 15:51:29 by "buildd" with gcc 5.4.0 20160609
Memory: 4k page, physical 7867760k(7443708k free), swap 8076284k(8076284k free)
CommandLine flags: -XX:CMSInitiatingOccupancyFraction=50 -XX:CMSMaxAbortablePrecleanTime=6000 -XX:+CMSParallelRemarkEnabled -XX:+CMSScavengeBeforeRemark -XX:ConcGCThreads=4 -XX:InitialHeapSize=536870912 -XX:MaxHeapSize=536870912 -XX:MaxTenuringThreshold=8 -XX:NewRatio=3 -XX:OldPLABSize=16 -XX:OnOutOfMemoryError=/opt/solr/bin/oom_solr.sh 8983 /var/solr/logs -XX:ParallelGCThreads=4 -XX:+ParallelRefProcEnabled -XX:PretenureSizeThreshold=67108864 -XX:+PrintGC -XX:+PrintGCApplicationStoppedTime -XX:+PrintGCDateStamps -XX:+PrintGCDetails -XX:+PrintGCTimeStamps -XX:+PrintHeapAtGC -XX:+PrintTenuringDistribution -XX:SurvivorRatio=4 -XX:TargetSurvivorRatio=90 -XX:ThreadStackSize=256 -XX:+UseCMSInitiatingOccupancyOnly -XX:+UseCompressedClassPointers -XX:+UseCompressedOops -XX:+UseConcMarkSweepGC -XX:+UseParNewGC 
2017-03-22T09:06:14.938+0100: 0,132: Total time for which application threads were stopped: 0,0000736 seconds, Stopping threads took: 0,0000142 seconds
2017-03-22T09:06:15.018+0100: 0,212: Total time for which application threads were stopped: 0,0001207 seconds, Stopping threads took: 0,0000216 seconds
2017-03-22T09:06:15.033+0100: 0,226: Total time for which application threads were stopped: 0,0000883 seconds, Stopping threads took: 0,0000090 seconds
2017-03-22T09:06:15.293+0100: 0,487: Total time for which application threads were stopped: 0,0001219 seconds, Stopping threads took: 0,0000118 seconds
2017-03-22T09:06:15.697+0100: 0,890: Total time for which application threads were stopped: 0,0001480 seconds, Stopping threads took: 0,0000124 seconds
2017-03-22T09:06:15.872+0100: 1,066: Total time for which application threads were stopped: 0,0001725 seconds, Stopping threads took: 0,0000197 seconds
2017-03-22T09:06:15.909+0100: 1,103: Total time for which application threads were stopped: 0,0002079 seconds, Stopping threads took: 0,0000378 seconds
2017-03-22T09:06:16.200+0100: 1,394: Total time for which application threads were stopped: 0,0001796 seconds, Stopping threads took: 0,0000131 seconds
2017-03-22T09:06:16.451+0100: 1,645: Total time for which application threads were stopped: 0,0002104 seconds, Stopping threads took: 0,0000247 seconds
2017-03-22T09:06:16.476+0100: 1,670: Total time for which application threads were stopped: 0,0006034 seconds, Stopping threads took: 0,0000160 seconds
2017-03-22T09:06:16.518+0100: 1,712: Total time for which application threads were stopped: 0,0002358 seconds, Stopping threads took: 0,0000246 seconds
2017-03-22T09:06:16.519+0100: 1,713: Total time for which application threads were stopped: 0,0001732 seconds, Stopping threads took: 0,0000154 seconds
2017-03-22T09:06:16.539+0100: 1,733: Total time for which application threads were stopped: 0,0001842 seconds, Stopping threads took: 0,0000171 seconds
2017-03-22T09:06:16.636+0100: 1,830: Total time for which application threads were stopped: 0,0003104 seconds, Stopping threads took: 0,0000225 seconds
2017-03-22T09:06:16.825+0100: 2,019: Total time for which application threads were stopped: 0,0003072 seconds, Stopping threads took: 0,0000602 seconds
{Heap before GC invocations=0 (full 0):
 par new generation   total 109248K, used 87424K [0x00000000e0000000, 0x00000000e8000000, 0x00000000e8000000)
  eden space 87424K, 100% used [0x00000000e0000000, 0x00000000e5560000, 0x00000000e5560000)
  from space 21824K,   0% used [0x00000000e5560000, 0x00000000e5560000, 0x00000000e6ab0000)
  to   space 21824K,   0% used [0x00000000e6ab0000, 0x00000000e6ab0000, 0x00000000e8000000)
 concurrent mark-sweep generation total 393216K, used 0K [0x00000000e8000000, 0x0000000100000000, 0x0000000100000000)
 Metaspace       used 18028K, capacity 18336K, committed 18688K, reserved 1064960K
  class space    used 2037K, capacity 2196K, committed 2304K, reserved 1048576K
2017-03-22T09:06:16.932+0100: 2,125: [GC (Allocation Failure) 2017-03-22T09:06:16.932+0100: 2,125: [ParNew
Desired survivor size 20112992 bytes, new threshold 8 (max 8)
- age   1:   12608560 bytes,   12608560 total
: 87424K->12429K(109248K), 0,0168196 secs] 87424K->12429K(502464K), 0,0169016 secs] [Times: user=0,03 sys=0,02, real=0,01 secs] 
Heap after GC invocations=1 (full 0):
 par new generation   total 109248K, used 12429K [0x00000000e0000000, 0x00000000e8000000, 0x00000000e8000000)
  eden space 87424K,   0% used [0x00000000e0000000, 0x00000000e0000000, 0x00000000e5560000)
  from space 21824K,  56% used [0x00000000e6ab0000, 0x00000000e76d3730, 0x00000000e8000000)
  to   space 21824K,   0% used [0x00000000e5560000, 0x00000000e5560000, 0x00000000e6ab0000)
 concurrent mark-sweep generation total 393216K, used 0K [0x00000000e8000000, 0x0000000100000000, 0x0000000100000000)
 Metaspace       used 18028K, capacity 18336K, committed 18688K, reserved 1064960K
  class space    used 2037K, capacity 2196K, committed 2304K, reserved 1048576K
}
2017-03-22T09:06:16.949+0100: 2,142: Total time for which application threads were stopped: 0,0171748 seconds, Stopping threads took: 0,0000680 seconds
2017-03-22T09:06:17.222+0100: 2,416: Total time for which application threads were stopped: 0,0010695 seconds, Stopping threads took: 0,0007880 seconds
{Heap before GC invocations=1 (full 0):
 par new generation   total 109248K, used 99853K [0x00000000e0000000, 0x00000000e8000000, 0x00000000e8000000)
  eden space 87424K, 100% used [0x00000000e0000000, 0x00000000e5560000, 0x00000000e5560000)
  from space 21824K,  56% used [0x00000000e6ab0000, 0x00000000e76d3730, 0x00000000e8000000)
  to   space 21824K,   0% used [0x00000000e5560000, 0x00000000e5560000, 0x00000000e6ab0000)
 concurrent mark-sweep generation total 393216K, used 0K [0x00000000e8000000, 0x0000000100000000, 0x0000000100000000)
 Metaspace       used 20041K, capacity 20350K, committed 20736K, reserved 1067008K
  class space    used 2292K, capacity 2465K, committed 2560K, reserved 1048576K
2017-03-22T09:06:17.272+0100: 2,466: [GC (Allocation Failure) 2017-03-22T09:06:17.272+0100: 2,466: [ParNew
Desired survivor size 20112992 bytes, new threshold 8 (max 8)
- age   1:    3721544 bytes,    3721544 total
- age   2:    6663376 bytes,   10384920 total
: 99853K->15732K(109248K), 0,0156766 secs] 99853K->15732K(502464K), 0,0157605 secs] [Times: user=0,05 sys=0,00, real=0,01 secs] 
Heap after GC invocations=2 (full 0):
 par new generation   total 109248K, used 15732K [0x00000000e0000000, 0x00000000e8000000, 0x00000000e8000000)
  eden space 87424K,   0% used [0x00000000e0000000, 0x00000000e0000000, 0x00000000e5560000)
  from space 21824K,  72% used [0x00000000e5560000, 0x00000000e64bd3c0, 0x00000000e6ab0000)
  to   space 21824K,   0% used [0x00000000e6ab0000, 0x00000000e6ab0000, 0x00000000e8000000)
 concurrent mark-sweep generation total 393216K, used 0K [0x00000000e8000000, 0x0000000100000000, 0x0000000100000000)
 Metaspace       used 20041K, capacity 20350K, committed 20736K, reserved 1067008K
  class space    used 2292K, capacity 2465K, committed 2560K, reserved 1048576K
}
2017-03-22T09:06:17.288+0100: 2,482: Total time for which application threads were stopped: 0,0159982 seconds, Stopping threads took: 0,0000706 seconds
2017-03-22T09:06:17.293+0100: 2,487: Total time for which application threads were stopped: 0,0004070 seconds, Stopping threads took: 0,0000481 seconds
2017-03-22T09:06:17.346+0100: 2,540: Total time for which application threads were stopped: 0,0004409 seconds, Stopping threads took: 0,0001218 seconds
2017-03-22T09:06:17.459+0100: 2,653: Total time for which application threads were stopped: 0,0002369 seconds, Stopping threads took: 0,0000578 seconds
{Heap before GC invocations=2 (full 0):
 par new generation   total 109248K, used 103156K [0x00000000e0000000, 0x00000000e8000000, 0x00000000e8000000)
  eden space 87424K, 100% used [0x00000000e0000000, 0x00000000e5560000, 0x00000000e5560000)
  from space 21824K,  72% used [0x00000000e5560000, 0x00000000e64bd3c0, 0x00000000e6ab0000)
  to   space 21824K,   0% used [0x00000000e6ab0000, 0x00000000e6ab0000, 0x00000000e8000000)
 concurrent mark-sweep generation total 393216K, used 0K [0x00000000e8000000, 0x0000000100000000, 0x0000000100000000)
 Metaspace       used 20973K, capacity 21278K, committed 21628K, reserved 1069056K
  class space    used 2417K, capacity 2585K, committed 2684K, reserved 1048576K
2017-03-22T09:06:17.499+0100: 2,693: [GC (Allocation Failure) 2017-03-22T09:06:17.499+0100: 2,693: [ParNew
Desired survivor size 20112992 bytes, new threshold 8 (max 8)
- age   1:    2086800 bytes,    2086800 total
- age   2:     860688 bytes,    2947488 total
- age   3:    6659800 bytes,    9607288 total
: 103156K->12380K(109248K), 0,0100528 secs] 103156K->12380K(502464K), 0,0101398 secs] [Times: user=0,03 sys=0,00, real=0,00 secs] 
Heap after GC invocations=3 (full 0):
 par new generation   total 109248K, used 12380K [0x00000000e0000000, 0x00000000e8000000, 0x00000000e8000000)
  eden space 87424K,   0% used [0x00000000e0000000, 0x00000000e0000000, 0x00000000e5560000)
  from space 21824K,  56% used [0x00000000e6ab0000, 0x00000000e76c71a8, 0x00000000e8000000)
  to   space 21824K,   0% used [0x00000000e5560000, 0x00000000e5560000, 0x00000000e6ab0000)
 concurrent mark-sweep generation total 393216K, used 0K [0x00000000e8000000, 0x0000000100000000, 0x0000000100000000)
 Metaspace       used 20973K, capacity 21278K, committed 21628K, reserved 1069056K
  class space    used 2417K, capacity 2585K, committed 2684K, reserved 1048576K
}
2017-03-22T09:06:17.509+0100: 2,703: Total time for which application threads were stopped: 0,0103293 seconds, Stopping threads took: 0,0000382 seconds
2017-03-22T09:06:17.514+0100: 2,708: [GC (CMS Initial Mark) [1 CMS-initial-mark: 0K(393216K)] 13107K(502464K), 0,0054416 secs] [Times: user=0,01 sys=0,00, real=0,01 secs] 
2017-03-22T09:06:17.519+0100: 2,713: Total time for which application threads were stopped: 0,0095107 seconds, Stopping threads took: 0,0039673 seconds
2017-03-22T09:06:17.519+0100: 2,713: [CMS-concurrent-mark-start]
2017-03-22T09:06:17.520+0100: 2,714: [CMS-concurrent-mark: 0,000/0,000 secs] [Times: user=0,00 sys=0,00, real=0,00 secs] 
2017-03-22T09:06:17.520+0100: 2,714: [CMS-concurrent-preclean-start]
2017-03-22T09:06:17.521+0100: 2,715: [CMS-concurrent-preclean: 0,001/0,001 secs] [Times: user=0,01 sys=0,00, real=0,00 secs] 
2017-03-22T09:06:17.521+0100: 2,715: [CMS-concurrent-abortable-preclean-start]
2017-03-22T09:06:17.595+0100: 2,789: Total time for which application threads were stopped: 0,0001903 seconds, Stopping threads took: 0,0000820 seconds
2017-03-22T09:06:17.602+0100: 2,796: [CMS-concurrent-abortable-preclean: 0,074/0,081 secs] [Times: user=0,32 sys=0,00, real=0,08 secs] 
2017-03-22T09:06:17.610+0100: 2,804: [GC (CMS Final Remark) [YG occupancy: 76050 K (109248 K)]{Heap before GC invocations=3 (full 1):
 par new generation   total 109248K, used 76050K [0x00000000e0000000, 0x00000000e8000000, 0x00000000e8000000)
  eden space 87424K,  72% used [0x00000000e0000000, 0x00000000e3e2da40, 0x00000000e5560000)
  from space 21824K,  56% used [0x00000000e6ab0000, 0x00000000e76c71a8, 0x00000000e8000000)
  to   space 21824K,   0% used [0x00000000e5560000, 0x00000000e5560000, 0x00000000e6ab0000)
 concurrent mark-sweep generation total 393216K, used 0K [0x00000000e8000000, 0x0000000100000000, 0x0000000100000000)
 Metaspace       used 21186K, capacity 21570K, committed 21884K, reserved 1069056K
  class space    used 2438K, capacity 2592K, committed 2684K, reserved 1048576K
2017-03-22T09:06:17.610+0100: 2,804: [GC (CMS Final Remark) 2017-03-22T09:06:17.610+0100: 2,804: [ParNew
Desired survivor size 20112992 bytes, new threshold 8 (max 8)
- age   1:     849688 bytes,     849688 total
- age   2:    1448064 bytes,    2297752 total
- age   3:     831264 bytes,    3129016 total
- age   4:    6659896 bytes,    9788912 total
: 76050K->12770K(109248K), 0,0093008 secs] 76050K->12770K(502464K), 0,0093442 secs] [Times: user=0,03 sys=0,00, real=0,01 secs] 
Heap after GC invocations=4 (full 1):
 par new generation   total 109248K, used 12770K [0x00000000e0000000, 0x00000000e8000000, 0x00000000e8000000)
  eden space 87424K,   0% used [0x00000000e0000000, 0x00000000e0000000, 0x00000000e5560000)
  from space 21824K,  58% used [0x00000000e5560000, 0x00000000e61d8890, 0x00000000e6ab0000)
  to   space 21824K,   0% used [0x00000000e6ab0000, 0x00000000e6ab0000, 0x00000000e8000000)
 concurrent mark-sweep generation total 393216K, used 0K [0x00000000e8000000, 0x0000000100000000, 0x0000000100000000)
 Metaspace       used 21186K, capacity 21570K, committed 21884K, reserved 1069056K
  class space    used 2438K, capacity 2592K, committed 2684K, reserved 1048576K
}
2017-03-22T09:06:17.620+0100: 2,813: [Rescan (parallel) , 0,0032613 secs]2017-03-22T09:06:17.623+0100: 2,817: [weak refs processing, 0,0011113 secs]2017-03-22T09:06:17.624+0100: 2,818: [class unloading, 0,0029107 secs]2017-03-22T09:06:17.627+0100: 2,821: [scrub symbol table, 0,0025657 secs]2017-03-22T09:06:17.629+0100: 2,823: [scrub string table, 0,0003978 secs][1 CMS-remark: 0K(393216K)] 12770K(502464K), 0,0202675 secs] [Times: user=0,05 sys=0,00, real=0,02 secs] 
2017-03-22T09:06:17.630+0100: 2,824: Total time for which application threads were stopped: 0,0204256 seconds, Stopping threads took: 0,0000730 seconds
2017-03-22T09:06:17.631+0100: 2,824: [CMS-concurrent-sweep-start]
2017-03-22T09:06:17.631+0100: 2,824: [CMS-concurrent-sweep: 0,000/0,000 secs] [Times: user=0,01 sys=0,00, real=0,00 secs] 
2017-03-22T09:06:17.631+0100: 2,824: [CMS-concurrent-reset-start]
2017-03-22T09:06:17.633+0100: 2,827: [CMS-concurrent-reset: 0,003/0,003 secs] [Times: user=0,01 sys=0,00, real=0,00 secs] 
{Heap before GC invocations=4 (full 1):
 par new generation   total 109248K, used 100194K [0x00000000e0000000, 0x00000000e8000000, 0x00000000e8000000)
  eden space 87424K, 100% used [0x00000000e0000000, 0x00000000e5560000, 0x00000000e5560000)
  from space 21824K,  58% used [0x00000000e5560000, 0x00000000e61d8890, 0x00000000e6ab0000)
  to   space 21824K,   0% used [0x00000000e6ab0000, 0x00000000e6ab0000, 0x00000000e8000000)
 concurrent mark-sweep generation total 393216K, used 0K [0x00000000e8000000, 0x0000000100000000, 0x0000000100000000)
 Metaspace       used 21329K, capacity 21720K, committed 21884K, reserved 1069056K
  class space    used 2460K, capacity 2633K, committed 2684K, reserved 1048576K
2017-03-22T09:06:17.721+0100: 2,915: [GC (Allocation Failure) 2017-03-22T09:06:17.721+0100: 2,915: [ParNew
Desired survivor size 20112992 bytes, new threshold 8 (max 8)
- age   1:     533488 bytes,     533488 total
- age   2:     113632 bytes,     647120 total
- age   3:    1442544 bytes,    2089664 total
- age   4:     827328 bytes,    2916992 total
- age   5:    6659536 bytes,    9576528 total
: 100194K->13050K(109248K), 0,0099890 secs] 100194K->13050K(502464K), 0,0100528 secs] [Times: user=0,03 sys=0,00, real=0,01 secs] 
Heap after GC invocations=5 (full 1):
 par new generation   total 109248K, used 13050K [0x00000000e0000000, 0x00000000e8000000, 0x00000000e8000000)
  eden space 87424K,   0% used [0x00000000e0000000, 0x00000000e0000000, 0x00000000e5560000)
  from space 21824K,  59% used [0x00000000e6ab0000, 0x00000000e776e988, 0x00000000e8000000)
  to   space 21824K,   0% used [0x00000000e5560000, 0x00000000e5560000, 0x00000000e6ab0000)
 concurrent mark-sweep generation total 393216K, used 0K [0x00000000e8000000, 0x0000000100000000, 0x0000000100000000)
 Metaspace       used 21329K, capacity 21720K, committed 21884K, reserved 1069056K
  class space    used 2460K, capacity 2633K, committed 2684K, reserved 1048576K
}
2017-03-22T09:06:17.731+0100: 2,925: Total time for which application threads were stopped: 0,0124509 seconds, Stopping threads took: 0,0022584 seconds
2017-03-22T09:06:17.804+0100: 2,998: Total time for which application threads were stopped: 0,0003604 seconds, Stopping threads took: 0,0000196 seconds
2017-03-22T09:06:18.011+0100: 3,205: Total time for which application threads were stopped: 0,0005518 seconds, Stopping threads took: 0,0000325 seconds
2017-03-22T09:06:18.027+0100: 3,221: Total time for which application threads were stopped: 0,0004184 seconds, Stopping threads took: 0,0000513 seconds
2017-03-22T09:06:18.065+0100: 3,259: Total time for which application threads were stopped: 0,0004042 seconds, Stopping threads took: 0,0000454 seconds
{Heap before GC invocations=5 (full 1):
 par new generation   total 109248K, used 100467K [0x00000000e0000000, 0x00000000e8000000, 0x00000000e8000000)
  eden space 87424K,  99% used [0x00000000e0000000, 0x00000000e555e398, 0x00000000e5560000)
  from space 21824K,  59% used [0x00000000e6ab0000, 0x00000000e776e988, 0x00000000e8000000)
  to   space 21824K,   0% used [0x00000000e5560000, 0x00000000e5560000, 0x00000000e6ab0000)
 concurrent mark-sweep generation total 393216K, used 0K [0x00000000e8000000, 0x0000000100000000, 0x0000000100000000)
 Metaspace       used 23438K, capacity 23912K, committed 24188K, reserved 1071104K
  class space    used 2719K, capacity 2913K, committed 2940K, reserved 1048576K
2017-03-22T09:06:18.138+0100: 3,332: [GC (Allocation Failure) 2017-03-22T09:06:18.138+0100: 3,332: [ParNew
Desired survivor size 20112992 bytes, new threshold 8 (max 8)
- age   1:    4698232 bytes,    4698232 total
- age   2:     133000 bytes,    4831232 total
- age   3:     112496 bytes,    4943728 total
- age   4:     272720 bytes,    5216448 total
- age   5:     806112 bytes,    6022560 total
- age   6:    6651488 bytes,   12674048 total
: 100467K->14080K(109248K), 0,0114500 secs] 100467K->14080K(502464K), 0,0115329 secs] [Times: user=0,05 sys=0,00, real=0,01 secs] 
Heap after GC invocations=6 (full 1):
 par new generation   total 109248K, used 14080K [0x00000000e0000000, 0x00000000e8000000, 0x00000000e8000000)
  eden space 87424K,   0% used [0x00000000e0000000, 0x00000000e0000000, 0x00000000e5560000)
  from space 21824K,  64% used [0x00000000e5560000, 0x00000000e6320140, 0x00000000e6ab0000)
  to   space 21824K,   0% used [0x00000000e6ab0000, 0x00000000e6ab0000, 0x00000000e8000000)
 concurrent mark-sweep generation total 393216K, used 0K [0x00000000e8000000, 0x0000000100000000, 0x0000000100000000)
 Metaspace       used 23438K, capacity 23912K, committed 24188K, reserved 1071104K
  class space    used 2719K, capacity 2913K, committed 2940K, reserved 1048576K
}
2017-03-22T09:06:18.150+0100: 3,344: Total time for which application threads were stopped: 0,0117540 seconds, Stopping threads took: 0,0000601 seconds
{Heap before GC invocations=6 (full 1):
 par new generation   total 109248K, used 101504K [0x00000000e0000000, 0x00000000e8000000, 0x00000000e8000000)
  eden space 87424K, 100% used [0x00000000e0000000, 0x00000000e5560000, 0x00000000e5560000)
  from space 21824K,  64% used [0x00000000e5560000, 0x00000000e6320140, 0x00000000e6ab0000)
  to   space 21824K,   0% used [0x00000000e6ab0000, 0x00000000e6ab0000, 0x00000000e8000000)
 concurrent mark-sweep generation total 393216K, used 0K [0x00000000e8000000, 0x0000000100000000, 0x0000000100000000)
 Metaspace       used 23803K, capacity 24238K, committed 24572K, reserved 1071104K
  class space    used 2800K, capacity 2978K, committed 3068K, reserved 1048576K
2017-03-22T09:06:18.241+0100: 3,435: [GC (Allocation Failure) 2017-03-22T09:06:18.241+0100: 3,435: [ParNew
Desired survivor size 20112992 bytes, new threshold 8 (max 8)
- age   1:    1686168 bytes,    1686168 total
- age   2:    1647408 bytes,    3333576 total
- age   3:      77328 bytes,    3410904 total
- age   4:      59496 bytes,    3470400 total
- age   5:     184016 bytes,    3654416 total
- age   6:     750640 bytes,    4405056 total
- age   7:    6118944 bytes,   10524000 total
: 101504K->15684K(109248K), 0,0159983 secs] 101504K->15684K(502464K), 0,0160897 secs] [Times: user=0,06 sys=0,00, real=0,01 secs] 
Heap after GC invocations=7 (full 1):
 par new generation   total 109248K, used 15684K [0x00000000e0000000, 0x00000000e8000000, 0x00000000e8000000)
  eden space 87424K,   0% used [0x00000000e0000000, 0x00000000e0000000, 0x00000000e5560000)
  from space 21824K,  71% used [0x00000000e6ab0000, 0x00000000e7a01060, 0x00000000e8000000)
  to   space 21824K,   0% used [0x00000000e5560000, 0x00000000e5560000, 0x00000000e6ab0000)
 concurrent mark-sweep generation total 393216K, used 0K [0x00000000e8000000, 0x0000000100000000, 0x0000000100000000)
 Metaspace       used 23803K, capacity 24238K, committed 24572K, reserved 1071104K
  class space    used 2800K, capacity 2978K, committed 3068K, reserved 1048576K
}
2017-03-22T09:06:18.257+0100: 3,451: Total time for which application threads were stopped: 0,0163841 seconds, Stopping threads took: 0,0001047 seconds
{Heap before GC invocations=7 (full 1):
 par new generation   total 109248K, used 103108K [0x00000000e0000000, 0x00000000e8000000, 0x00000000e8000000)
  eden space 87424K, 100% used [0x00000000e0000000, 0x00000000e5560000, 0x00000000e5560000)
  from space 21824K,  71% used [0x00000000e6ab0000, 0x00000000e7a01060, 0x00000000e8000000)
  to   space 21824K,   0% used [0x00000000e5560000, 0x00000000e5560000, 0x00000000e6ab0000)
 concurrent mark-sweep generation total 393216K, used 0K [0x00000000e8000000, 0x0000000100000000, 0x0000000100000000)
 Metaspace       used 24327K, capacity 24776K, committed 24828K, reserved 1071104K
  class space    used 2856K, capacity 3047K, committed 3068K, reserved 1048576K
2017-03-22T09:06:18.378+0100: 3,572: [GC (Allocation Failure) 2017-03-22T09:06:18.378+0100: 3,572: [ParNew
Desired survivor size 20112992 bytes, new threshold 8 (max 8)
- age   1:    1107680 bytes,    1107680 total
- age   2:    1013152 bytes,    2120832 total
- age   3:    1625368 bytes,    3746200 total
- age   4:      77224 bytes,    3823424 total
- age   5:      59496 bytes,    3882920 total
- age   6:     184016 bytes,    4066936 total
- age   7:     750640 bytes,    4817576 total
- age   8:    6118840 bytes,   10936416 total
: 103108K->12958K(109248K), 0,0207471 secs] 103108K->12958K(502464K), 0,0208352 secs] [Times: user=0,04 sys=0,00, real=0,02 secs] 
Heap after GC invocations=8 (full 1):
 par new generation   total 109248K, used 12958K [0x00000000e0000000, 0x00000000e8000000, 0x00000000e8000000)
  eden space 87424K,   0% used [0x00000000e0000000, 0x00000000e0000000, 0x00000000e5560000)
  from space 21824K,  59% used [0x00000000e5560000, 0x00000000e6207970, 0x00000000e6ab0000)
  to   space 21824K,   0% used [0x00000000e6ab0000, 0x00000000e6ab0000, 0x00000000e8000000)
 concurrent mark-sweep generation total 393216K, used 0K [0x00000000e8000000, 0x0000000100000000, 0x0000000100000000)
 Metaspace       used 24327K, capacity 24776K, committed 24828K, reserved 1071104K
  class space    used 2856K, capacity 3047K, committed 3068K, reserved 1048576K
}
2017-03-22T09:06:18.399+0100: 3,593: Total time for which application threads were stopped: 0,0356628 seconds, Stopping threads took: 0,0146463 seconds
{Heap before GC invocations=8 (full 1):
 par new generation   total 109248K, used 100382K [0x00000000e0000000, 0x00000000e8000000, 0x00000000e8000000)
  eden space 87424K, 100% used [0x00000000e0000000, 0x00000000e5560000, 0x00000000e5560000)
  from space 21824K,  59% used [0x00000000e5560000, 0x00000000e6207970, 0x00000000e6ab0000)
  to   space 21824K,   0% used [0x00000000e6ab0000, 0x00000000e6ab0000, 0x00000000e8000000)
 concurrent mark-sweep generation total 393216K, used 0K [0x00000000e8000000, 0x0000000100000000, 0x0000000100000000)
 Metaspace       used 25701K, capacity 26236K, committed 26492K, reserved 1073152K
  class space    used 2965K, capacity 3153K, committed 3196K, reserved 1048576K
2017-03-22T09:06:18.678+0100: 3,872: [GC (Allocation Failure) 2017-03-22T09:06:18.678+0100: 3,872: [ParNew
Desired survivor size 20112992 bytes, new threshold 8 (max 8)
- age   1:    6566264 bytes,    6566264 total
- age   2:     178328 bytes,    6744592 total
- age   3:     234440 bytes,    6979032 total
- age   4:    1618832 bytes,    8597864 total
- age   5:      77128 bytes,    8674992 total
- age   6:      59432 bytes,    8734424 total
- age   7:     180688 bytes,    8915112 total
- age   8:     749024 bytes,    9664136 total
: 100382K->11632K(109248K), 0,0408678 secs] 100382K->17687K(502464K), 0,0409416 secs] [Times: user=0,12 sys=0,00, real=0,04 secs] 
Heap after GC invocations=9 (full 1):
 par new generation   total 109248K, used 11632K [0x00000000e0000000, 0x00000000e8000000, 0x00000000e8000000)
  eden space 87424K,   0% used [0x00000000e0000000, 0x00000000e0000000, 0x00000000e5560000)
  from space 21824K,  53% used [0x00000000e6ab0000, 0x00000000e760c188, 0x00000000e8000000)
  to   space 21824K,   0% used [0x00000000e5560000, 0x00000000e5560000, 0x00000000e6ab0000)
 concurrent mark-sweep generation total 393216K, used 6055K [0x00000000e8000000, 0x0000000100000000, 0x0000000100000000)
 Metaspace       used 25701K, capacity 26236K, committed 26492K, reserved 1073152K
  class space    used 2965K, capacity 3153K, committed 3196K, reserved 1048576K
}
2017-03-22T09:06:18.719+0100: 3,913: Total time for which application threads were stopped: 0,0411773 seconds, Stopping threads took: 0,0000331 seconds
2017-03-22T09:06:18.784+0100: 3,978: Total time for which application threads were stopped: 0,0005883 seconds, Stopping threads took: 0,0000483 seconds
2017-03-22T09:06:18.802+0100: 3,995: Total time for which application threads were stopped: 0,0004804 seconds, Stopping threads took: 0,0000231 seconds
2017-03-22T09:06:18.863+0100: 4,057: Total time for which application threads were stopped: 0,0004609 seconds, Stopping threads took: 0,0000577 seconds
2017-03-22T09:06:18.865+0100: 4,059: Total time for which application threads were stopped: 0,0004291 seconds, Stopping threads took: 0,0000606 seconds
2017-03-22T09:06:18.876+0100: 4,070: Total time for which application threads were stopped: 0,0001292 seconds, Stopping threads took: 0,0000442 seconds
2017-03-22T09:06:18.882+0100: 4,076: Total time for which application threads were stopped: 0,0043996 seconds, Stopping threads took: 0,0043142 seconds
2017-03-22T09:06:18.885+0100: 4,079: Total time for which application threads were stopped: 0,0014020 seconds, Stopping threads took: 0,0013042 seconds
2017-03-22T09:06:18.887+0100: 4,081: Total time for which application threads were stopped: 0,0000783 seconds, Stopping threads took: 0,0000197 seconds
2017-03-22T09:06:18.894+0100: 4,088: Total time for which application threads were stopped: 0,0025906 seconds, Stopping threads took: 0,0025201 seconds
2017-03-22T09:06:18.895+0100: 4,088: Total time for which application threads were stopped: 0,0000971 seconds, Stopping threads took: 0,0000335 seconds
2017-03-22T09:06:18.895+0100: 4,089: Total time for which application threads were stopped: 0,0001016 seconds, Stopping threads took: 0,0000292 seconds
2017-03-22T09:06:18.896+0100: 4,090: Total time for which application threads were stopped: 0,0000900 seconds, Stopping threads took: 0,0000275 seconds
2017-03-22T09:06:18.897+0100: 4,091: Total time for which application threads were stopped: 0,0001161 seconds, Stopping threads took: 0,0000410 seconds
2017-03-22T09:06:18.897+0100: 4,091: Total time for which application threads were stopped: 0,0000891 seconds, Stopping threads took: 0,0000290 seconds
2017-03-22T09:06:18.897+0100: 4,091: Total time for which application threads were stopped: 0,0000632 seconds, Stopping threads took: 0,0000279 seconds
2017-03-22T09:06:18.898+0100: 4,091: Total time for which application threads were stopped: 0,0000630 seconds, Stopping threads took: 0,0000176 seconds
2017-03-22T09:06:18.898+0100: 4,091: Total time for which application threads were stopped: 0,0000614 seconds, Stopping threads took: 0,0000153 seconds
2017-03-22T09:06:18.898+0100: 4,092: Total time for which application threads were stopped: 0,0000659 seconds, Stopping threads took: 0,0000212 seconds
2017-03-22T09:06:18.898+0100: 4,092: Total time for which application threads were stopped: 0,0000656 seconds, Stopping threads took: 0,0000200 seconds
2017-03-22T09:06:18.898+0100: 4,092: Total time for which application threads were stopped: 0,0000592 seconds, Stopping threads took: 0,0000159 seconds
2017-03-22T09:06:18.898+0100: 4,092: Total time for which application threads were stopped: 0,0000519 seconds, Stopping threads took: 0,0000159 seconds
2017-03-22T09:06:18.898+0100: 4,092: Total time for which application threads were stopped: 0,0000570 seconds, Stopping threads took: 0,0000149 seconds
2017-03-22T09:06:18.899+0100: 4,093: Total time for which application threads were stopped: 0,0000717 seconds, Stopping threads took: 0,0000175 seconds
2017-03-22T09:06:18.899+0100: 4,093: Total time for which application threads were stopped: 0,0000540 seconds, Stopping threads took: 0,0000138 seconds
2017-03-22T09:06:18.899+0100: 4,093: Total time for which application threads were stopped: 0,0000617 seconds, Stopping threads took: 0,0000185 seconds
2017-03-22T09:06:18.899+0100: 4,093: Total time for which application threads were stopped: 0,0000547 seconds, Stopping threads took: 0,0000148 seconds
2017-03-22T09:06:18.899+0100: 4,093: Total time for which application threads were stopped: 0,0001365 seconds, Stopping threads took: 0,0000159 seconds
2017-03-22T09:06:18.900+0100: 4,093: Total time for which application threads were stopped: 0,0000706 seconds, Stopping threads took: 0,0000239 seconds
2017-03-22T09:06:18.900+0100: 4,093: Total time for which application threads were stopped: 0,0000637 seconds, Stopping threads took: 0,0000152 seconds
2017-03-22T09:06:18.900+0100: 4,094: Total time for which application threads were stopped: 0,0000665 seconds, Stopping threads took: 0,0000175 seconds
2017-03-22T09:06:18.900+0100: 4,094: Total time for which application threads were stopped: 0,0000656 seconds, Stopping threads took: 0,0000160 seconds
2017-03-22T09:06:18.900+0100: 4,094: Total time for which application threads were stopped: 0,0000608 seconds, Stopping threads took: 0,0000179 seconds
2017-03-22T09:06:18.900+0100: 4,094: Total time for which application threads were stopped: 0,0000607 seconds, Stopping threads took: 0,0000169 seconds
2017-03-22T09:06:18.900+0100: 4,094: Total time for which application threads were stopped: 0,0000527 seconds, Stopping threads took: 0,0000132 seconds
2017-03-22T09:06:18.901+0100: 4,094: Total time for which application threads were stopped: 0,0000635 seconds, Stopping threads took: 0,0000151 seconds
2017-03-22T09:06:18.901+0100: 4,095: Total time for which application threads were stopped: 0,0000617 seconds, Stopping threads took: 0,0000176 seconds
2017-03-22T09:06:18.901+0100: 4,095: Total time for which application threads were stopped: 0,0000648 seconds, Stopping threads took: 0,0000200 seconds
2017-03-22T09:06:18.901+0100: 4,095: Total time for which application threads were stopped: 0,0000599 seconds, Stopping threads took: 0,0000140 seconds
2017-03-22T09:06:18.901+0100: 4,095: Total time for which application threads were stopped: 0,0000516 seconds, Stopping threads took: 0,0000133 seconds
2017-03-22T09:06:18.901+0100: 4,095: Total time for which application threads were stopped: 0,0000548 seconds, Stopping threads took: 0,0000137 seconds
2017-03-22T09:06:18.902+0100: 4,095: Total time for which application threads were stopped: 0,0000645 seconds, Stopping threads took: 0,0000155 seconds
2017-03-22T09:06:18.902+0100: 4,095: Total time for which application threads were stopped: 0,0000599 seconds, Stopping threads took: 0,0000149 seconds
2017-03-22T09:06:18.902+0100: 4,096: Total time for which application threads were stopped: 0,0000770 seconds, Stopping threads took: 0,0000392 seconds
2017-03-22T09:06:18.902+0100: 4,096: Total time for which application threads were stopped: 0,0000590 seconds, Stopping threads took: 0,0000184 seconds
2017-03-22T09:06:18.902+0100: 4,096: Total time for which application threads were stopped: 0,0000533 seconds, Stopping threads took: 0,0000135 seconds
2017-03-22T09:06:18.902+0100: 4,096: Total time for which application threads were stopped: 0,0000626 seconds, Stopping threads took: 0,0000162 seconds
2017-03-22T09:06:18.902+0100: 4,096: Total time for which application threads were stopped: 0,0001339 seconds, Stopping threads took: 0,0000199 seconds
2017-03-22T09:06:18.910+0100: 4,104: Total time for which application threads were stopped: 0,0034224 seconds, Stopping threads took: 0,0033019 seconds
2017-03-22T09:06:18.913+0100: 4,107: Total time for which application threads were stopped: 0,0001728 seconds, Stopping threads took: 0,0000476 seconds
2017-03-22T09:06:18.919+0100: 4,113: Total time for which application threads were stopped: 0,0001927 seconds, Stopping threads took: 0,0001040 seconds
2017-03-22T09:06:18.951+0100: 4,145: Total time for which application threads were stopped: 0,0002024 seconds, Stopping threads took: 0,0000584 seconds
2017-03-22T09:06:18.953+0100: 4,147: Total time for which application threads were stopped: 0,0001145 seconds, Stopping threads took: 0,0000329 seconds
2017-03-22T09:06:19.953+0100: 5,147: Total time for which application threads were stopped: 0,0000869 seconds, Stopping threads took: 0,0000195 seconds
2017-03-22T09:08:11.985+0100: 117,179: Total time for which application threads were stopped: 0,0000803 seconds, Stopping threads took: 0,0000331 seconds
2017-03-22T09:08:16.986+0100: 122,180: Total time for which application threads were stopped: 0,0000631 seconds, Stopping threads took: 0,0000186 seconds
2017-03-22T09:09:15.995+0100: 181,188: Total time for which application threads were stopped: 0,0000923 seconds, Stopping threads took: 0,0000377 seconds
2017-03-22T09:10:46.007+0100: 271,201: Total time for which application threads were stopped: 0,0000817 seconds, Stopping threads took: 0,0000322 seconds
2017-03-22T09:29:41.152+0100: 1406,346: Total time for which application threads were stopped: 0,0001055 seconds, Stopping threads took: 0,0000423 seconds
2017-03-22T09:33:11.181+0100: 1616,375: Total time for which application threads were stopped: 0,0000948 seconds, Stopping threads took: 0,0000396 seconds
2017-03-22T09:44:36.266+0100: 2301,460: Total time for which application threads were stopped: 0,0000787 seconds, Stopping threads took: 0,0000305 seconds
2017-03-22T09:44:37.267+0100: 2302,461: Total time for which application threads were stopped: 0,0000776 seconds, Stopping threads took: 0,0000290 seconds
2017-03-22T10:02:22.400+0100: 3367,594: Total time for which application threads were stopped: 0,0000814 seconds, Stopping threads took: 0,0000327 seconds
2017-03-22T10:13:36.484+0100: 4041,678: Total time for which application threads were stopped: 0,0000870 seconds, Stopping threads took: 0,0000401 seconds
2017-03-22T10:13:51.486+0100: 4056,680: Total time for which application threads were stopped: 0,0003880 seconds, Stopping threads took: 0,0001002 seconds
2017-03-22T10:27:37.588+0100: 4882,782: Total time for which application threads were stopped: 0,0000778 seconds, Stopping threads took: 0,0000325 seconds
2017-03-22T10:28:07.592+0100: 4912,786: Total time for which application threads were stopped: 0,0000778 seconds, Stopping threads took: 0,0000312 seconds
2017-03-22T10:39:56.288+0100: 5621,481: Total time for which application threads were stopped: 0,0004319 seconds, Stopping threads took: 0,0000218 seconds
2017-03-22T10:39:56.307+0100: 5621,501: Total time for which application threads were stopped: 0,0001003 seconds, Stopping threads took: 0,0000280 seconds
2017-03-22T10:39:56.309+0100: 5621,503: Total time for which application threads were stopped: 0,0000766 seconds, Stopping threads took: 0,0000200 seconds
2017-03-22T10:39:56.309+0100: 5621,503: Total time for which application threads were stopped: 0,0000580 seconds, Stopping threads took: 0,0000115 seconds
2017-03-22T10:39:56.309+0100: 5621,503: Total time for which application threads were stopped: 0,0000230 seconds, Stopping threads took: 0,0000046 seconds
2017-03-22T10:39:56.309+0100: 5621,503: Total time for which application threads were stopped: 0,0000358 seconds, Stopping threads took: 0,0000101 seconds
2017-03-22T10:39:56.309+0100: 5621,503: Total time for which application threads were stopped: 0,0000406 seconds, Stopping threads took: 0,0000051 seconds
2017-03-22T10:39:56.309+0100: 5621,503: Total time for which application threads were stopped: 0,0000368 seconds, Stopping threads took: 0,0000054 seconds
2017-03-22T10:39:56.309+0100: 5621,503: Total time for which application threads were stopped: 0,0000313 seconds, Stopping threads took: 0,0000042 seconds
2017-03-22T10:39:56.310+0100: 5621,503: Total time for which application threads were stopped: 0,0000288 seconds, Stopping threads took: 0,0000058 seconds
2017-03-22T10:39:56.625+0100: 5621,819: Total time for which application threads were stopped: 0,0001958 seconds, Stopping threads took: 0,0001195 seconds
2017-03-22T10:39:57.625+0100: 5622,819: Total time for which application threads were stopped: 0,0000858 seconds, Stopping threads took: 0,0000142 seconds
2017-03-22T10:39:59.294+0100: 5624,488: Total time for which application threads were stopped: 0,0001994 seconds, Stopping threads took: 0,0000662 seconds
2017-03-22T10:39:59.307+0100: 5624,501: Total time for which application threads were stopped: 0,0000866 seconds, Stopping threads took: 0,0000216 seconds
2017-03-22T10:39:59.307+0100: 5624,501: Total time for which application threads were stopped: 0,0000571 seconds, Stopping threads took: 0,0000143 seconds
2017-03-22T10:39:59.307+0100: 5624,501: Total time for which application threads were stopped: 0,0000567 seconds, Stopping threads took: 0,0000095 seconds
2017-03-22T10:39:59.308+0100: 5624,501: Total time for which application threads were stopped: 0,0000559 seconds, Stopping threads took: 0,0000084 seconds
2017-03-22T10:39:59.308+0100: 5624,502: Total time for which application threads were stopped: 0,0000341 seconds, Stopping threads took: 0,0000065 seconds
2017-03-22T10:39:59.308+0100: 5624,502: Total time for which application threads were stopped: 0,0000325 seconds, Stopping threads took: 0,0000061 seconds
2017-03-22T10:39:59.308+0100: 5624,502: Total time for which application threads were stopped: 0,0000294 seconds, Stopping threads took: 0,0000051 seconds
2017-03-22T10:39:59.309+0100: 5624,502: Total time for which application threads were stopped: 0,0007336 seconds, Stopping threads took: 0,0000163 seconds
2017-03-22T10:40:00.309+0100: 5625,503: Total time for which application threads were stopped: 0,0000665 seconds, Stopping threads took: 0,0000156 seconds
2017-03-22T10:40:01.309+0100: 5626,503: Total time for which application threads were stopped: 0,0000800 seconds, Stopping threads took: 0,0000145 seconds
2017-03-22T10:40:58.617+0100: 5683,811: Total time for which application threads were stopped: 0,0003946 seconds, Stopping threads took: 0,0000124 seconds
2017-03-22T10:40:58.618+0100: 5683,812: Total time for which application threads were stopped: 0,0004357 seconds, Stopping threads took: 0,0000198 seconds
2017-03-22T10:40:58.621+0100: 5683,815: Total time for which application threads were stopped: 0,0001386 seconds, Stopping threads took: 0,0000736 seconds
2017-03-22T10:40:58.626+0100: 5683,820: Total time for which application threads were stopped: 0,0001812 seconds, Stopping threads took: 0,0000821 seconds
2017-03-22T10:40:58.639+0100: 5683,832: Total time for which application threads were stopped: 0,0013270 seconds, Stopping threads took: 0,0012321 seconds
2017-03-22T10:40:58.644+0100: 5683,838: Total time for which application threads were stopped: 0,0000683 seconds, Stopping threads took: 0,0000120 seconds
2017-03-22T10:40:58.646+0100: 5683,840: Total time for which application threads were stopped: 0,0000919 seconds, Stopping threads took: 0,0000432 seconds
2017-03-22T10:40:58.646+0100: 5683,840: Total time for which application threads were stopped: 0,0000519 seconds, Stopping threads took: 0,0000226 seconds
2017-03-22T10:40:58.646+0100: 5683,840: Total time for which application threads were stopped: 0,0000539 seconds, Stopping threads took: 0,0000192 seconds
2017-03-22T10:40:58.647+0100: 5683,840: Total time for which application threads were stopped: 0,0000312 seconds, Stopping threads took: 0,0000076 seconds
2017-03-22T10:40:58.647+0100: 5683,841: Total time for which application threads were stopped: 0,0000296 seconds, Stopping threads took: 0,0000064 seconds
2017-03-22T10:40:58.647+0100: 5683,841: Total time for which application threads were stopped: 0,0000339 seconds, Stopping threads took: 0,0000089 seconds
2017-03-22T10:40:58.647+0100: 5683,841: Total time for which application threads were stopped: 0,0000513 seconds, Stopping threads took: 0,0000076 seconds
2017-03-22T10:40:58.647+0100: 5683,841: Total time for which application threads were stopped: 0,0000338 seconds, Stopping threads took: 0,0000106 seconds
2017-03-22T10:40:58.647+0100: 5683,841: Total time for which application threads were stopped: 0,0000406 seconds, Stopping threads took: 0,0000166 seconds
2017-03-22T10:40:58.647+0100: 5683,841: Total time for which application threads were stopped: 0,0000397 seconds, Stopping threads took: 0,0000141 seconds
2017-03-22T10:40:58.647+0100: 5683,841: Total time for which application threads were stopped: 0,0000363 seconds, Stopping threads took: 0,0000158 seconds
2017-03-22T10:40:58.648+0100: 5683,841: Total time for which application threads were stopped: 0,0000449 seconds, Stopping threads took: 0,0000179 seconds
2017-03-22T10:40:58.648+0100: 5683,841: Total time for which application threads were stopped: 0,0000349 seconds, Stopping threads took: 0,0000153 seconds
2017-03-22T10:40:58.648+0100: 5683,842: Total time for which application threads were stopped: 0,0000399 seconds, Stopping threads took: 0,0000173 seconds
2017-03-22T10:40:58.648+0100: 5683,842: Total time for which application threads were stopped: 0,0000306 seconds, Stopping threads took: 0,0000078 seconds
2017-03-22T10:40:58.648+0100: 5683,842: Total time for which application threads were stopped: 0,0000308 seconds, Stopping threads took: 0,0000099 seconds
2017-03-22T10:40:58.648+0100: 5683,842: Total time for which application threads were stopped: 0,0000277 seconds, Stopping threads took: 0,0000070 seconds
2017-03-22T10:40:58.648+0100: 5683,842: Total time for which application threads were stopped: 0,0000358 seconds, Stopping threads took: 0,0000068 seconds
2017-03-22T10:40:58.650+0100: 5683,844: Total time for which application threads were stopped: 0,0000957 seconds, Stopping threads took: 0,0000281 seconds
Heap
 par new generation   total 109248K, used 66399K [0x00000000e0000000, 0x00000000e8000000, 0x00000000e8000000)
  eden space 87424K,  62% used [0x00000000e0000000, 0x00000000e357bdd8, 0x00000000e5560000)
  from space 21824K,  53% used [0x00000000e6ab0000, 0x00000000e760c188, 0x00000000e8000000)
  to   space 21824K,   0% used [0x00000000e5560000, 0x00000000e5560000, 0x00000000e6ab0000)
 concurrent mark-sweep generation total 393216K, used 6055K [0x00000000e8000000, 0x0000000100000000, 0x0000000100000000)
 Metaspace       used 29222K, capacity 29812K, committed 30076K, reserved 1075200K
  class space    used 3379K, capacity 3614K, committed 3708K, reserved 1048576K
