OpenJDK 64-Bit Server VM (25.91-b14) for linux-amd64 JRE (1.8.0_91-8u91-b14-3ubuntu1~16.04.1-b14), built on Jul 21 2016 04:13:34 by "buildd" with gcc 5.3.1 20160413
Memory: 4k page, physical 7867876k(7553404k free), swap 8076284k(8076284k free)
CommandLine flags: -XX:CMSInitiatingOccupancyFraction=50 -XX:CMSMaxAbortablePrecleanTime=6000 -XX:+CMSParallelRemarkEnabled -XX:+CMSScavengeBeforeRemark -XX:ConcGCThreads=4 -XX:InitialHeapSize=536870912 -XX:MaxHeapSize=536870912 -XX:MaxTenuringThreshold=8 -XX:NewRatio=3 -XX:OldPLABSize=16 -XX:OnOutOfMemoryError=/opt/solr/bin/oom_solr.sh 8983 /var/solr/logs -XX:ParallelGCThreads=4 -XX:+ParallelRefProcEnabled -XX:PretenureSizeThreshold=67108864 -XX:+PrintGC -XX:+PrintGCApplicationStoppedTime -XX:+PrintGCDateStamps -XX:+PrintGCDetails -XX:+PrintGCTimeStamps -XX:+PrintHeapAtGC -XX:+PrintTenuringDistribution -XX:SurvivorRatio=4 -XX:TargetSurvivorRatio=90 -XX:ThreadStackSize=256 -XX:+UseCMSInitiatingOccupancyOnly -XX:+UseCompressedClassPointers -XX:+UseCompressedOops -XX:+UseConcMarkSweepGC -XX:+UseParNewGC 
2016-11-01T08:24:28.274+0100: 0,139: Total time for which application threads were stopped: 0,0000718 seconds, Stopping threads took: 0,0000162 seconds
2016-11-01T08:24:28.337+0100: 0,202: Total time for which application threads were stopped: 0,0000966 seconds, Stopping threads took: 0,0000179 seconds
2016-11-01T08:24:28.349+0100: 0,214: Total time for which application threads were stopped: 0,0000804 seconds, Stopping threads took: 0,0000115 seconds
2016-11-01T08:24:28.494+0100: 0,359: Total time for which application threads were stopped: 0,0001627 seconds, Stopping threads took: 0,0000235 seconds
2016-11-01T08:24:28.709+0100: 0,574: Total time for which application threads were stopped: 0,0001137 seconds, Stopping threads took: 0,0000140 seconds
2016-11-01T08:24:28.757+0100: 0,622: Total time for which application threads were stopped: 0,0001594 seconds, Stopping threads took: 0,0000229 seconds
2016-11-01T08:24:28.774+0100: 0,639: Total time for which application threads were stopped: 0,0001891 seconds, Stopping threads took: 0,0000231 seconds
2016-11-01T08:24:29.180+0100: 1,045: Total time for which application threads were stopped: 0,0002166 seconds, Stopping threads took: 0,0000259 seconds
2016-11-01T08:24:29.383+0100: 1,248: Total time for which application threads were stopped: 0,0001923 seconds, Stopping threads took: 0,0000199 seconds
2016-11-01T08:24:29.446+0100: 1,311: Total time for which application threads were stopped: 0,0001824 seconds, Stopping threads took: 0,0000202 seconds
2016-11-01T08:24:29.447+0100: 1,312: Total time for which application threads were stopped: 0,0001675 seconds, Stopping threads took: 0,0000327 seconds
2016-11-01T08:24:29.456+0100: 1,321: Total time for which application threads were stopped: 0,0001755 seconds, Stopping threads took: 0,0000153 seconds
2016-11-01T08:24:29.521+0100: 1,386: Total time for which application threads were stopped: 0,0002539 seconds, Stopping threads took: 0,0000228 seconds
2016-11-01T08:24:29.683+0100: 1,548: Total time for which application threads were stopped: 0,0003567 seconds, Stopping threads took: 0,0001608 seconds
{Heap before GC invocations=0 (full 0):
 par new generation   total 109248K, used 87424K [0x00000000e0000000, 0x00000000e8000000, 0x00000000e8000000)
  eden space 87424K, 100% used [0x00000000e0000000, 0x00000000e5560000, 0x00000000e5560000)
  from space 21824K,   0% used [0x00000000e5560000, 0x00000000e5560000, 0x00000000e6ab0000)
  to   space 21824K,   0% used [0x00000000e6ab0000, 0x00000000e6ab0000, 0x00000000e8000000)
 concurrent mark-sweep generation total 393216K, used 0K [0x00000000e8000000, 0x0000000100000000, 0x0000000100000000)
 Metaspace       used 18318K, capacity 18662K, committed 18944K, reserved 1067008K
  class space    used 2084K, capacity 2196K, committed 2304K, reserved 1048576K
2016-11-01T08:24:29.853+0100: 1,718: [GC (Allocation Failure) 2016-11-01T08:24:29.853+0100: 1,718: [ParNew
Desired survivor size 20112992 bytes, new threshold 8 (max 8)
- age   1:   12245224 bytes,   12245224 total
: 87424K->12071K(109248K), 0,0190797 secs] 87424K->12071K(502464K), 0,0191673 secs] [Times: user=0,05 sys=0,00, real=0,02 secs] 
Heap after GC invocations=1 (full 0):
 par new generation   total 109248K, used 12071K [0x00000000e0000000, 0x00000000e8000000, 0x00000000e8000000)
  eden space 87424K,   0% used [0x00000000e0000000, 0x00000000e0000000, 0x00000000e5560000)
  from space 21824K,  55% used [0x00000000e6ab0000, 0x00000000e7679ce0, 0x00000000e8000000)
  to   space 21824K,   0% used [0x00000000e5560000, 0x00000000e5560000, 0x00000000e6ab0000)
 concurrent mark-sweep generation total 393216K, used 0K [0x00000000e8000000, 0x0000000100000000, 0x0000000100000000)
 Metaspace       used 18318K, capacity 18662K, committed 18944K, reserved 1067008K
  class space    used 2084K, capacity 2196K, committed 2304K, reserved 1048576K
}
2016-11-01T08:24:29.872+0100: 1,737: Total time for which application threads were stopped: 0,0193588 seconds, Stopping threads took: 0,0000195 seconds
2016-11-01T08:24:30.067+0100: 1,932: Total time for which application threads were stopped: 0,0003427 seconds, Stopping threads took: 0,0000396 seconds
2016-11-01T08:24:30.111+0100: 1,976: Total time for which application threads were stopped: 0,0002788 seconds, Stopping threads took: 0,0000336 seconds
2016-11-01T08:24:30.148+0100: 2,013: Total time for which application threads were stopped: 0,0004133 seconds, Stopping threads took: 0,0000745 seconds
{Heap before GC invocations=1 (full 0):
 par new generation   total 109248K, used 99495K [0x00000000e0000000, 0x00000000e8000000, 0x00000000e8000000)
  eden space 87424K, 100% used [0x00000000e0000000, 0x00000000e5560000, 0x00000000e5560000)
  from space 21824K,  55% used [0x00000000e6ab0000, 0x00000000e7679ce0, 0x00000000e8000000)
  to   space 21824K,   0% used [0x00000000e5560000, 0x00000000e5560000, 0x00000000e6ab0000)
 concurrent mark-sweep generation total 393216K, used 0K [0x00000000e8000000, 0x0000000100000000, 0x0000000100000000)
 Metaspace       used 20675K, capacity 21026K, committed 21248K, reserved 1069056K
  class space    used 2401K, capacity 2519K, committed 2560K, reserved 1048576K
2016-11-01T08:24:30.369+0100: 2,234: [GC (Allocation Failure) 2016-11-01T08:24:30.369+0100: 2,234: [ParNew
Desired survivor size 20112992 bytes, new threshold 8 (max 8)
- age   1:    2671864 bytes,    2671864 total
- age   2:    5992344 bytes,    8664208 total
: 99495K->13074K(109248K), 0,0099017 secs] 99495K->13074K(502464K), 0,0099799 secs] [Times: user=0,03 sys=0,00, real=0,01 secs] 
Heap after GC invocations=2 (full 0):
 par new generation   total 109248K, used 13074K [0x00000000e0000000, 0x00000000e8000000, 0x00000000e8000000)
  eden space 87424K,   0% used [0x00000000e0000000, 0x00000000e0000000, 0x00000000e5560000)
  from space 21824K,  59% used [0x00000000e5560000, 0x00000000e6224938, 0x00000000e6ab0000)
  to   space 21824K,   0% used [0x00000000e6ab0000, 0x00000000e6ab0000, 0x00000000e8000000)
 concurrent mark-sweep generation total 393216K, used 0K [0x00000000e8000000, 0x0000000100000000, 0x0000000100000000)
 Metaspace       used 20675K, capacity 21026K, committed 21248K, reserved 1069056K
  class space    used 2401K, capacity 2519K, committed 2560K, reserved 1048576K
}
2016-11-01T08:24:30.379+0100: 2,244: Total time for which application threads were stopped: 0,0102433 seconds, Stopping threads took: 0,0000888 seconds
2016-11-01T08:24:30.446+0100: 2,311: Total time for which application threads were stopped: 0,0002080 seconds, Stopping threads took: 0,0001222 seconds
2016-11-01T08:24:30.462+0100: 2,327: Total time for which application threads were stopped: 0,0002450 seconds, Stopping threads took: 0,0000130 seconds
2016-11-01T08:24:30.467+0100: 2,332: Total time for which application threads were stopped: 0,0000758 seconds, Stopping threads took: 0,0000186 seconds
2016-11-01T08:24:30.513+0100: 2,378: Total time for which application threads were stopped: 0,0001263 seconds, Stopping threads took: 0,0000416 seconds
2016-11-01T08:24:30.538+0100: 2,403: Total time for which application threads were stopped: 0,0001026 seconds, Stopping threads took: 0,0000296 seconds
2016-11-01T08:24:30.557+0100: 2,422: Total time for which application threads were stopped: 0,0000833 seconds, Stopping threads took: 0,0000252 seconds
2016-11-01T08:24:30.560+0100: 2,425: Total time for which application threads were stopped: 0,0002932 seconds, Stopping threads took: 0,0000219 seconds
2016-11-01T08:24:30.592+0100: 2,457: Total time for which application threads were stopped: 0,0000978 seconds, Stopping threads took: 0,0000411 seconds
2016-11-01T08:24:30.615+0100: 2,480: Total time for which application threads were stopped: 0,0001049 seconds, Stopping threads took: 0,0000203 seconds
2016-11-01T08:24:30.631+0100: 2,496: Total time for which application threads were stopped: 0,0000791 seconds, Stopping threads took: 0,0000300 seconds
2016-11-01T08:24:30.644+0100: 2,509: Total time for which application threads were stopped: 0,0000775 seconds, Stopping threads took: 0,0000178 seconds
2016-11-01T08:24:30.673+0100: 2,538: Total time for which application threads were stopped: 0,0001063 seconds, Stopping threads took: 0,0000228 seconds
2016-11-01T08:24:30.699+0100: 2,564: Total time for which application threads were stopped: 0,0001355 seconds, Stopping threads took: 0,0000455 seconds
2016-11-01T08:24:30.756+0100: 2,621: Total time for which application threads were stopped: 0,0001084 seconds, Stopping threads took: 0,0000223 seconds
2016-11-01T08:24:30.781+0100: 2,646: Total time for which application threads were stopped: 0,0004449 seconds, Stopping threads took: 0,0000327 seconds
2016-11-01T08:24:30.806+0100: 2,671: Total time for which application threads were stopped: 0,0001053 seconds, Stopping threads took: 0,0000254 seconds
2016-11-01T08:24:30.844+0100: 2,709: Total time for which application threads were stopped: 0,0001107 seconds, Stopping threads took: 0,0000263 seconds
2016-11-01T08:24:30.878+0100: 2,743: Total time for which application threads were stopped: 0,0001011 seconds, Stopping threads took: 0,0000228 seconds
2016-11-01T08:24:30.910+0100: 2,775: Total time for which application threads were stopped: 0,0001067 seconds, Stopping threads took: 0,0000277 seconds
2016-11-01T08:24:30.939+0100: 2,804: Total time for which application threads were stopped: 0,0000856 seconds, Stopping threads took: 0,0000204 seconds
2016-11-01T08:24:30.959+0100: 2,824: Total time for which application threads were stopped: 0,0001645 seconds, Stopping threads took: 0,0000714 seconds
{Heap before GC invocations=2 (full 0):
 par new generation   total 109248K, used 100498K [0x00000000e0000000, 0x00000000e8000000, 0x00000000e8000000)
  eden space 87424K, 100% used [0x00000000e0000000, 0x00000000e5560000, 0x00000000e5560000)
  from space 21824K,  59% used [0x00000000e5560000, 0x00000000e6224938, 0x00000000e6ab0000)
  to   space 21824K,   0% used [0x00000000e6ab0000, 0x00000000e6ab0000, 0x00000000e8000000)
 concurrent mark-sweep generation total 393216K, used 0K [0x00000000e8000000, 0x0000000100000000, 0x0000000100000000)
 Metaspace       used 26542K, capacity 26916K, committed 27196K, reserved 1073152K
  class space    used 3088K, capacity 3222K, committed 3244K, reserved 1048576K
2016-11-01T08:24:30.969+0100: 2,834: [GC (Allocation Failure) 2016-11-01T08:24:30.969+0100: 2,834: [ParNew
Desired survivor size 20112992 bytes, new threshold 8 (max 8)
- age   1:    8552960 bytes,    8552960 total
- age   2:     513808 bytes,    9066768 total
- age   3:    5979224 bytes,   15045992 total
: 100498K->16926K(109248K), 0,0128048 secs] 100498K->16926K(502464K), 0,0128683 secs] [Times: user=0,04 sys=0,00, real=0,01 secs] 
Heap after GC invocations=3 (full 0):
 par new generation   total 109248K, used 16926K [0x00000000e0000000, 0x00000000e8000000, 0x00000000e8000000)
  eden space 87424K,   0% used [0x00000000e0000000, 0x00000000e0000000, 0x00000000e5560000)
  from space 21824K,  77% used [0x00000000e6ab0000, 0x00000000e7b37b48, 0x00000000e8000000)
  to   space 21824K,   0% used [0x00000000e5560000, 0x00000000e5560000, 0x00000000e6ab0000)
 concurrent mark-sweep generation total 393216K, used 0K [0x00000000e8000000, 0x0000000100000000, 0x0000000100000000)
 Metaspace       used 26542K, capacity 26916K, committed 27196K, reserved 1073152K
  class space    used 3088K, capacity 3222K, committed 3244K, reserved 1048576K
}
2016-11-01T08:24:30.982+0100: 2,847: Total time for which application threads were stopped: 0,0130463 seconds, Stopping threads took: 0,0000196 seconds
2016-11-01T08:24:30.982+0100: 2,847: [GC (CMS Initial Mark) [1 CMS-initial-mark: 0K(393216K)] 17726K(502464K), 0,0056192 secs] [Times: user=0,01 sys=0,00, real=0,01 secs] 
2016-11-01T08:24:30.988+0100: 2,853: Total time for which application threads were stopped: 0,0057473 seconds, Stopping threads took: 0,0000351 seconds
2016-11-01T08:24:30.988+0100: 2,853: [CMS-concurrent-mark-start]
2016-11-01T08:24:30.989+0100: 2,853: [CMS-concurrent-mark: 0,001/0,001 secs] [Times: user=0,01 sys=0,00, real=0,00 secs] 
2016-11-01T08:24:30.989+0100: 2,853: [CMS-concurrent-preclean-start]
2016-11-01T08:24:30.990+0100: 2,855: [CMS-concurrent-preclean: 0,001/0,001 secs] [Times: user=0,00 sys=0,00, real=0,00 secs] 
2016-11-01T08:24:30.990+0100: 2,855: [CMS-concurrent-abortable-preclean-start]
2016-11-01T08:24:31.015+0100: 2,880: Total time for which application threads were stopped: 0,0000906 seconds, Stopping threads took: 0,0000210 seconds
2016-11-01T08:24:32.016+0100: 3,881: Total time for which application threads were stopped: 0,0000604 seconds, Stopping threads took: 0,0000196 seconds
2016-11-01T08:24:32.202+0100: 4,067: Total time for which application threads were stopped: 0,0004397 seconds, Stopping threads took: 0,0000228 seconds
 CMS: abort preclean due to time 2016-11-01T08:24:37.042+0100: 8,907: [CMS-concurrent-abortable-preclean: 2,647/6,052 secs] [Times: user=3,02 sys=0,01, real=6,05 secs] 
2016-11-01T08:24:37.042+0100: 8,907: [GC (CMS Final Remark) [YG occupancy: 26638 K (109248 K)]{Heap before GC invocations=3 (full 1):
 par new generation   total 109248K, used 26638K [0x00000000e0000000, 0x00000000e8000000, 0x00000000e8000000)
  eden space 87424K,  11% used [0x00000000e0000000, 0x00000000e097c070, 0x00000000e5560000)
  from space 21824K,  77% used [0x00000000e6ab0000, 0x00000000e7b37b48, 0x00000000e8000000)
  to   space 21824K,   0% used [0x00000000e5560000, 0x00000000e5560000, 0x00000000e6ab0000)
 concurrent mark-sweep generation total 393216K, used 0K [0x00000000e8000000, 0x0000000100000000, 0x0000000100000000)
 Metaspace       used 26908K, capacity 27300K, committed 27528K, reserved 1073152K
  class space    used 3138K, capacity 3286K, committed 3320K, reserved 1048576K
2016-11-01T08:24:37.042+0100: 8,907: [GC (CMS Final Remark) 2016-11-01T08:24:37.042+0100: 8,907: [ParNew
Desired survivor size 20112992 bytes, new threshold 8 (max 8)
- age   1:    2559704 bytes,    2559704 total
- age   2:    3374016 bytes,    5933720 total
- age   3:     513496 bytes,    6447216 total
- age   4:    5947320 bytes,   12394536 total
: 26638K->17195K(109248K), 0,0209858 secs] 26638K->17195K(502464K), 0,0210306 secs] [Times: user=0,04 sys=0,00, real=0,02 secs] 
Heap after GC invocations=4 (full 1):
 par new generation   total 109248K, used 17195K [0x00000000e0000000, 0x00000000e8000000, 0x00000000e8000000)
  eden space 87424K,   0% used [0x00000000e0000000, 0x00000000e0000000, 0x00000000e5560000)
  from space 21824K,  78% used [0x00000000e5560000, 0x00000000e662aed0, 0x00000000e6ab0000)
  to   space 21824K,   0% used [0x00000000e6ab0000, 0x00000000e6ab0000, 0x00000000e8000000)
 concurrent mark-sweep generation total 393216K, used 0K [0x00000000e8000000, 0x0000000100000000, 0x0000000100000000)
 Metaspace       used 26908K, capacity 27300K, committed 27528K, reserved 1073152K
  class space    used 3138K, capacity 3286K, committed 3320K, reserved 1048576K
}
2016-11-01T08:24:37.063+0100: 8,928: [Rescan (parallel) , 0,0190941 secs]2016-11-01T08:24:37.082+0100: 8,947: [weak refs processing, 0,0118730 secs]2016-11-01T08:24:37.094+0100: 8,959: [class unloading, 0,0066814 secs]2016-11-01T08:24:37.101+0100: 8,966: [scrub symbol table, 0,0050413 secs]2016-11-01T08:24:37.106+0100: 8,971: [scrub string table, 0,0004767 secs][1 CMS-remark: 0K(393216K)] 17195K(502464K), 0,0653370 secs] [Times: user=0,11 sys=0,00, real=0,07 secs] 
2016-11-01T08:24:37.107+0100: 8,972: Total time for which application threads were stopped: 0,0654252 seconds, Stopping threads took: 0,0000163 seconds
2016-11-01T08:24:37.107+0100: 8,972: [CMS-concurrent-sweep-start]
2016-11-01T08:24:37.107+0100: 8,972: [CMS-concurrent-sweep: 0,000/0,000 secs] [Times: user=0,00 sys=0,00, real=0,00 secs] 
2016-11-01T08:24:37.107+0100: 8,972: [CMS-concurrent-reset-start]
2016-11-01T08:24:37.109+0100: 8,974: [CMS-concurrent-reset: 0,001/0,001 secs] [Times: user=0,00 sys=0,00, real=0,00 secs] 
2016-11-01T08:25:28.324+0100: 60,979: Total time for which application threads were stopped: 0,0000759 seconds, Stopping threads took: 0,0000319 seconds
2016-11-01T08:25:38.325+0100: 70,980: Total time for which application threads were stopped: 0,0000893 seconds, Stopping threads took: 0,0000257 seconds
2016-11-01T08:25:53.327+0100: 85,982: Total time for which application threads were stopped: 0,0000621 seconds, Stopping threads took: 0,0000156 seconds
2016-11-01T08:25:58.328+0100: 90,983: Total time for which application threads were stopped: 0,0000599 seconds, Stopping threads took: 0,0000156 seconds
2016-11-01T08:26:57.899+0100: 150,554: Total time for which application threads were stopped: 0,0001255 seconds, Stopping threads took: 0,0000280 seconds
Heap
 par new generation   total 109248K, used 32229K [0x00000000e0000000, 0x00000000e8000000, 0x00000000e8000000)
  eden space 87424K,  17% used [0x00000000e0000000, 0x00000000e0eae720, 0x00000000e5560000)
  from space 21824K,  78% used [0x00000000e5560000, 0x00000000e662aed0, 0x00000000e6ab0000)
  to   space 21824K,   0% used [0x00000000e6ab0000, 0x00000000e6ab0000, 0x00000000e8000000)
 concurrent mark-sweep generation total 393216K, used 0K [0x00000000e8000000, 0x0000000100000000, 0x0000000100000000)
 Metaspace       used 27005K, capacity 27434K, committed 27784K, reserved 1073152K
  class space    used 3154K, capacity 3287K, committed 3320K, reserved 1048576K
