OpenJDK 64-Bit Server VM (25.131-b11) for linux-amd64 JRE (1.8.0_131-8u131-b11-0ubuntu1.16.04.2-b11), built on May  6 2017 02:45:27 by "buildd" with gcc 5.4.0 20160609
Memory: 4k page, physical 7867740k(7323840k free), swap 8076284k(8076284k free)
CommandLine flags: -XX:CMSInitiatingOccupancyFraction=50 -XX:CMSMaxAbortablePrecleanTime=6000 -XX:+CMSParallelRemarkEnabled -XX:+CMSScavengeBeforeRemark -XX:ConcGCThreads=4 -XX:InitialHeapSize=536870912 -XX:MaxHeapSize=536870912 -XX:MaxTenuringThreshold=8 -XX:NewRatio=3 -XX:OldPLABSize=16 -XX:OnOutOfMemoryError=/opt/solr/bin/oom_solr.sh 8983 /var/solr/logs -XX:ParallelGCThreads=4 -XX:+ParallelRefProcEnabled -XX:PretenureSizeThreshold=67108864 -XX:+PrintGC -XX:+PrintGCApplicationStoppedTime -XX:+PrintGCDateStamps -XX:+PrintGCDetails -XX:+PrintGCTimeStamps -XX:+PrintHeapAtGC -XX:+PrintTenuringDistribution -XX:SurvivorRatio=4 -XX:TargetSurvivorRatio=90 -XX:ThreadStackSize=256 -XX:+UseCMSInitiatingOccupancyOnly -XX:+UseCompressedClassPointers -XX:+UseCompressedOops -XX:+UseConcMarkSweepGC -XX:+UseParNewGC 
2017-05-29T09:24:25.099+0200: 0,207: Total time for which application threads were stopped: 0,0000969 seconds, Stopping threads took: 0,0000262 seconds
2017-05-29T09:24:25.259+0200: 0,367: Total time for which application threads were stopped: 0,0001062 seconds, Stopping threads took: 0,0000150 seconds
2017-05-29T09:24:25.294+0200: 0,402: Total time for which application threads were stopped: 0,0001817 seconds, Stopping threads took: 0,0000959 seconds
2017-05-29T09:24:25.691+0200: 0,799: Total time for which application threads were stopped: 0,0001572 seconds, Stopping threads took: 0,0000243 seconds
2017-05-29T09:24:26.451+0200: 1,558: Total time for which application threads were stopped: 0,0002151 seconds, Stopping threads took: 0,0000198 seconds
2017-05-29T09:24:26.542+0200: 1,649: Total time for which application threads were stopped: 0,0005305 seconds, Stopping threads took: 0,0000308 seconds
2017-05-29T09:24:26.631+0200: 1,739: Total time for which application threads were stopped: 0,0001982 seconds, Stopping threads took: 0,0000268 seconds
2017-05-29T09:24:27.508+0200: 2,616: Total time for which application threads were stopped: 0,0001939 seconds, Stopping threads took: 0,0000159 seconds
2017-05-29T09:24:27.739+0200: 2,847: Total time for which application threads were stopped: 0,0002218 seconds, Stopping threads took: 0,0000195 seconds
2017-05-29T09:24:27.759+0200: 2,866: Total time for which application threads were stopped: 0,0001779 seconds, Stopping threads took: 0,0000160 seconds
2017-05-29T09:24:27.792+0200: 2,900: Total time for which application threads were stopped: 0,0002126 seconds, Stopping threads took: 0,0000234 seconds
2017-05-29T09:24:27.794+0200: 2,901: Total time for which application threads were stopped: 0,0002425 seconds, Stopping threads took: 0,0000318 seconds
2017-05-29T09:24:27.810+0200: 2,918: Total time for which application threads were stopped: 0,0001975 seconds, Stopping threads took: 0,0000190 seconds
2017-05-29T09:24:27.891+0200: 2,998: Total time for which application threads were stopped: 0,0002047 seconds, Stopping threads took: 0,0000143 seconds
2017-05-29T09:24:28.081+0200: 3,189: Total time for which application threads were stopped: 0,0002663 seconds, Stopping threads took: 0,0000290 seconds
{Heap before GC invocations=0 (full 0):
 par new generation   total 109248K, used 87424K [0x00000000e0000000, 0x00000000e8000000, 0x00000000e8000000)
  eden space 87424K, 100% used [0x00000000e0000000, 0x00000000e5560000, 0x00000000e5560000)
  from space 21824K,   0% used [0x00000000e5560000, 0x00000000e5560000, 0x00000000e6ab0000)
  to   space 21824K,   0% used [0x00000000e6ab0000, 0x00000000e6ab0000, 0x00000000e8000000)
 concurrent mark-sweep generation total 393216K, used 0K [0x00000000e8000000, 0x0000000100000000, 0x0000000100000000)
 Metaspace       used 18045K, capacity 18336K, committed 18688K, reserved 1064960K
  class space    used 2041K, capacity 2196K, committed 2304K, reserved 1048576K
2017-05-29T09:24:28.216+0200: 3,323: [GC (Allocation Failure) 2017-05-29T09:24:28.216+0200: 3,323: [ParNew
Desired survivor size 20112992 bytes, new threshold 8 (max 8)
- age   1:   12612712 bytes,   12612712 total
: 87424K->12429K(109248K), 0,0191913 secs] 87424K->12429K(502464K), 0,0192982 secs] [Times: user=0,04 sys=0,02, real=0,02 secs] 
Heap after GC invocations=1 (full 0):
 par new generation   total 109248K, used 12429K [0x00000000e0000000, 0x00000000e8000000, 0x00000000e8000000)
  eden space 87424K,   0% used [0x00000000e0000000, 0x00000000e0000000, 0x00000000e5560000)
  from space 21824K,  56% used [0x00000000e6ab0000, 0x00000000e76d3638, 0x00000000e8000000)
  to   space 21824K,   0% used [0x00000000e5560000, 0x00000000e5560000, 0x00000000e6ab0000)
 concurrent mark-sweep generation total 393216K, used 0K [0x00000000e8000000, 0x0000000100000000, 0x0000000100000000)
 Metaspace       used 18045K, capacity 18336K, committed 18688K, reserved 1064960K
  class space    used 2041K, capacity 2196K, committed 2304K, reserved 1048576K
}
2017-05-29T09:24:28.235+0200: 3,343: Total time for which application threads were stopped: 0,0195847 seconds, Stopping threads took: 0,0000397 seconds
2017-05-29T09:24:28.684+0200: 3,791: Total time for which application threads were stopped: 0,0003993 seconds, Stopping threads took: 0,0000818 seconds
{Heap before GC invocations=1 (full 0):
 par new generation   total 109248K, used 99853K [0x00000000e0000000, 0x00000000e8000000, 0x00000000e8000000)
  eden space 87424K, 100% used [0x00000000e0000000, 0x00000000e5560000, 0x00000000e5560000)
  from space 21824K,  56% used [0x00000000e6ab0000, 0x00000000e76d3638, 0x00000000e8000000)
  to   space 21824K,   0% used [0x00000000e5560000, 0x00000000e5560000, 0x00000000e6ab0000)
 concurrent mark-sweep generation total 393216K, used 0K [0x00000000e8000000, 0x0000000100000000, 0x0000000100000000)
 Metaspace       used 20040K, capacity 20362K, committed 20736K, reserved 1067008K
  class space    used 2296K, capacity 2469K, committed 2560K, reserved 1048576K
2017-05-29T09:24:28.754+0200: 3,862: [GC (Allocation Failure) 2017-05-29T09:24:28.754+0200: 3,862: [ParNew
Desired survivor size 20112992 bytes, new threshold 8 (max 8)
- age   1:    3783736 bytes,    3783736 total
- age   2:    6667960 bytes,   10451696 total
: 99853K->13775K(109248K), 0,0169033 secs] 99853K->13775K(502464K), 0,0169895 secs] [Times: user=0,05 sys=0,00, real=0,02 secs] 
Heap after GC invocations=2 (full 0):
 par new generation   total 109248K, used 13775K [0x00000000e0000000, 0x00000000e8000000, 0x00000000e8000000)
  eden space 87424K,   0% used [0x00000000e0000000, 0x00000000e0000000, 0x00000000e5560000)
  from space 21824K,  63% used [0x00000000e5560000, 0x00000000e62d3cf0, 0x00000000e6ab0000)
  to   space 21824K,   0% used [0x00000000e6ab0000, 0x00000000e6ab0000, 0x00000000e8000000)
 concurrent mark-sweep generation total 393216K, used 0K [0x00000000e8000000, 0x0000000100000000, 0x0000000100000000)
 Metaspace       used 20040K, capacity 20362K, committed 20736K, reserved 1067008K
  class space    used 2296K, capacity 2469K, committed 2560K, reserved 1048576K
}
2017-05-29T09:24:28.771+0200: 3,879: Total time for which application threads were stopped: 0,0184917 seconds, Stopping threads took: 0,0012919 seconds
2017-05-29T09:24:28.772+0200: 3,880: Total time for which application threads were stopped: 0,0003452 seconds, Stopping threads took: 0,0000377 seconds
2017-05-29T09:24:28.835+0200: 3,943: Total time for which application threads were stopped: 0,0004247 seconds, Stopping threads took: 0,0000456 seconds
2017-05-29T09:24:28.980+0200: 4,088: Total time for which application threads were stopped: 0,0004212 seconds, Stopping threads took: 0,0000605 seconds
2017-05-29T09:24:28.985+0200: 4,093: Total time for which application threads were stopped: 0,0001495 seconds, Stopping threads took: 0,0000387 seconds
2017-05-29T09:24:28.989+0200: 4,097: Total time for which application threads were stopped: 0,0001629 seconds, Stopping threads took: 0,0000536 seconds
2017-05-29T09:24:28.990+0200: 4,098: Total time for which application threads were stopped: 0,0001710 seconds, Stopping threads took: 0,0000578 seconds
2017-05-29T09:24:29.002+0200: 4,110: Total time for which application threads were stopped: 0,0001814 seconds, Stopping threads took: 0,0000944 seconds
2017-05-29T09:24:29.011+0200: 4,119: Total time for which application threads were stopped: 0,0001571 seconds, Stopping threads took: 0,0000566 seconds
2017-05-29T09:24:29.014+0200: 4,122: Total time for which application threads were stopped: 0,0001327 seconds, Stopping threads took: 0,0000493 seconds
2017-05-29T09:24:29.014+0200: 4,122: Total time for which application threads were stopped: 0,0000867 seconds, Stopping threads took: 0,0000287 seconds
2017-05-29T09:24:29.022+0200: 4,130: Total time for which application threads were stopped: 0,0001822 seconds, Stopping threads took: 0,0000442 seconds
2017-05-29T09:24:29.022+0200: 4,130: Total time for which application threads were stopped: 0,0001249 seconds, Stopping threads took: 0,0000308 seconds
2017-05-29T09:24:29.025+0200: 4,133: Total time for which application threads were stopped: 0,0009311 seconds, Stopping threads took: 0,0008046 seconds
2017-05-29T09:24:29.027+0200: 4,135: Total time for which application threads were stopped: 0,0001797 seconds, Stopping threads took: 0,0000315 seconds
2017-05-29T09:24:29.027+0200: 4,135: Total time for which application threads were stopped: 0,0001202 seconds, Stopping threads took: 0,0000136 seconds
2017-05-29T09:24:29.027+0200: 4,135: Total time for which application threads were stopped: 0,0001141 seconds, Stopping threads took: 0,0000197 seconds
2017-05-29T09:24:29.028+0200: 4,135: Total time for which application threads were stopped: 0,0001140 seconds, Stopping threads took: 0,0000318 seconds
2017-05-29T09:24:29.028+0200: 4,135: Total time for which application threads were stopped: 0,0000879 seconds, Stopping threads took: 0,0000108 seconds
2017-05-29T09:24:29.029+0200: 4,136: Total time for which application threads were stopped: 0,0006014 seconds, Stopping threads took: 0,0004290 seconds
2017-05-29T09:24:29.029+0200: 4,137: Total time for which application threads were stopped: 0,0001323 seconds, Stopping threads took: 0,0000333 seconds
2017-05-29T09:24:29.029+0200: 4,137: Total time for which application threads were stopped: 0,0000832 seconds, Stopping threads took: 0,0000116 seconds
2017-05-29T09:24:29.029+0200: 4,137: Total time for which application threads were stopped: 0,0000752 seconds, Stopping threads took: 0,0000089 seconds
2017-05-29T09:24:29.029+0200: 4,137: Total time for which application threads were stopped: 0,0000728 seconds, Stopping threads took: 0,0000086 seconds
2017-05-29T09:24:29.030+0200: 4,137: Total time for which application threads were stopped: 0,0000923 seconds, Stopping threads took: 0,0000121 seconds
2017-05-29T09:24:29.030+0200: 4,138: Total time for which application threads were stopped: 0,0000911 seconds, Stopping threads took: 0,0000101 seconds
2017-05-29T09:24:29.030+0200: 4,138: Total time for which application threads were stopped: 0,0001858 seconds, Stopping threads took: 0,0000102 seconds
2017-05-29T09:24:29.031+0200: 4,138: Total time for which application threads were stopped: 0,0001570 seconds, Stopping threads took: 0,0000668 seconds
2017-05-29T09:24:29.031+0200: 4,139: Total time for which application threads were stopped: 0,0002268 seconds, Stopping threads took: 0,0001623 seconds
2017-05-29T09:24:29.036+0200: 4,144: Total time for which application threads were stopped: 0,0001652 seconds, Stopping threads took: 0,0000544 seconds
2017-05-29T09:24:29.041+0200: 4,149: Total time for which application threads were stopped: 0,0007561 seconds, Stopping threads took: 0,0000487 seconds
2017-05-29T09:24:29.042+0200: 4,149: Total time for which application threads were stopped: 0,0001527 seconds, Stopping threads took: 0,0000267 seconds
2017-05-29T09:24:29.050+0200: 4,158: Total time for which application threads were stopped: 0,0002590 seconds, Stopping threads took: 0,0000979 seconds
2017-05-29T09:24:29.050+0200: 4,158: Total time for which application threads were stopped: 0,0001509 seconds, Stopping threads took: 0,0000336 seconds
2017-05-29T09:24:29.051+0200: 4,159: Total time for which application threads were stopped: 0,0002796 seconds, Stopping threads took: 0,0001871 seconds
2017-05-29T09:24:29.052+0200: 4,159: Total time for which application threads were stopped: 0,0004731 seconds, Stopping threads took: 0,0003578 seconds
2017-05-29T09:24:29.052+0200: 4,159: Total time for which application threads were stopped: 0,0000767 seconds, Stopping threads took: 0,0000130 seconds
2017-05-29T09:24:29.052+0200: 4,160: Total time for which application threads were stopped: 0,0001508 seconds, Stopping threads took: 0,0000330 seconds
2017-05-29T09:24:29.052+0200: 4,160: Total time for which application threads were stopped: 0,0001361 seconds, Stopping threads took: 0,0000139 seconds
2017-05-29T09:24:29.052+0200: 4,160: Total time for which application threads were stopped: 0,0001328 seconds, Stopping threads took: 0,0000273 seconds
2017-05-29T09:24:29.053+0200: 4,161: Total time for which application threads were stopped: 0,0001388 seconds, Stopping threads took: 0,0000260 seconds
2017-05-29T09:24:29.053+0200: 4,161: Total time for which application threads were stopped: 0,0001936 seconds, Stopping threads took: 0,0001183 seconds
2017-05-29T09:24:29.053+0200: 4,161: Total time for which application threads were stopped: 0,0001367 seconds, Stopping threads took: 0,0000290 seconds
2017-05-29T09:24:29.053+0200: 4,161: Total time for which application threads were stopped: 0,0001153 seconds, Stopping threads took: 0,0000200 seconds
2017-05-29T09:24:29.054+0200: 4,161: Total time for which application threads were stopped: 0,0001003 seconds, Stopping threads took: 0,0000101 seconds
2017-05-29T09:24:29.054+0200: 4,162: Total time for which application threads were stopped: 0,0002493 seconds, Stopping threads took: 0,0000284 seconds
2017-05-29T09:24:29.054+0200: 4,162: Total time for which application threads were stopped: 0,0001423 seconds, Stopping threads took: 0,0000813 seconds
2017-05-29T09:24:29.055+0200: 4,163: Total time for which application threads were stopped: 0,0000796 seconds, Stopping threads took: 0,0000180 seconds
2017-05-29T09:24:29.056+0200: 4,163: Total time for which application threads were stopped: 0,0007223 seconds, Stopping threads took: 0,0005433 seconds
2017-05-29T09:24:29.060+0200: 4,167: Total time for which application threads were stopped: 0,0001821 seconds, Stopping threads took: 0,0000498 seconds
2017-05-29T09:24:29.062+0200: 4,170: Total time for which application threads were stopped: 0,0001729 seconds, Stopping threads took: 0,0000358 seconds
2017-05-29T09:24:29.063+0200: 4,171: Total time for which application threads were stopped: 0,0001700 seconds, Stopping threads took: 0,0000516 seconds
2017-05-29T09:24:29.064+0200: 4,172: Total time for which application threads were stopped: 0,0001789 seconds, Stopping threads took: 0,0000488 seconds
2017-05-29T09:24:29.064+0200: 4,172: Total time for which application threads were stopped: 0,0000876 seconds, Stopping threads took: 0,0000133 seconds
2017-05-29T09:24:29.064+0200: 4,172: Total time for which application threads were stopped: 0,0000921 seconds, Stopping threads took: 0,0000244 seconds
2017-05-29T09:24:29.069+0200: 4,176: Total time for which application threads were stopped: 0,0041945 seconds, Stopping threads took: 0,0041006 seconds
2017-05-29T09:24:29.071+0200: 4,179: Total time for which application threads were stopped: 0,0001624 seconds, Stopping threads took: 0,0000567 seconds
2017-05-29T09:24:29.073+0200: 4,180: Total time for which application threads were stopped: 0,0001927 seconds, Stopping threads took: 0,0000532 seconds
2017-05-29T09:24:29.073+0200: 4,181: Total time for which application threads were stopped: 0,0002367 seconds, Stopping threads took: 0,0001138 seconds
2017-05-29T09:24:29.073+0200: 4,181: Total time for which application threads were stopped: 0,0001493 seconds, Stopping threads took: 0,0000244 seconds
2017-05-29T09:24:29.081+0200: 4,188: Total time for which application threads were stopped: 0,0013958 seconds, Stopping threads took: 0,0010966 seconds
2017-05-29T09:24:29.082+0200: 4,190: Total time for which application threads were stopped: 0,0003146 seconds, Stopping threads took: 0,0000959 seconds
2017-05-29T09:24:29.082+0200: 4,190: Total time for which application threads were stopped: 0,0001236 seconds, Stopping threads took: 0,0000413 seconds
2017-05-29T09:24:29.082+0200: 4,190: Total time for which application threads were stopped: 0,0000893 seconds, Stopping threads took: 0,0000165 seconds
2017-05-29T09:24:29.084+0200: 4,192: Total time for which application threads were stopped: 0,0001443 seconds, Stopping threads took: 0,0000294 seconds
2017-05-29T09:24:29.085+0200: 4,192: Total time for which application threads were stopped: 0,0001304 seconds, Stopping threads took: 0,0000451 seconds
2017-05-29T09:24:29.085+0200: 4,193: Total time for which application threads were stopped: 0,0001582 seconds, Stopping threads took: 0,0000975 seconds
2017-05-29T09:24:29.087+0200: 4,195: Total time for which application threads were stopped: 0,0002321 seconds, Stopping threads took: 0,0001496 seconds
2017-05-29T09:24:29.091+0200: 4,198: Total time for which application threads were stopped: 0,0025354 seconds, Stopping threads took: 0,0022972 seconds
{Heap before GC invocations=2 (full 0):
 par new generation   total 109248K, used 101199K [0x00000000e0000000, 0x00000000e8000000, 0x00000000e8000000)
  eden space 87424K, 100% used [0x00000000e0000000, 0x00000000e5560000, 0x00000000e5560000)
  from space 21824K,  63% used [0x00000000e5560000, 0x00000000e62d3cf0, 0x00000000e6ab0000)
  to   space 21824K,   0% used [0x00000000e6ab0000, 0x00000000e6ab0000, 0x00000000e8000000)
 concurrent mark-sweep generation total 393216K, used 0K [0x00000000e8000000, 0x0000000100000000, 0x0000000100000000)
 Metaspace       used 20991K, capacity 21348K, committed 21628K, reserved 1069056K
  class space    used 2416K, capacity 2588K, committed 2684K, reserved 1048576K
2017-05-29T09:24:29.110+0200: 4,218: [GC (Allocation Failure) 2017-05-29T09:24:29.110+0200: 4,218: [ParNew
Desired survivor size 20112992 bytes, new threshold 8 (max 8)
- age   1:    2189888 bytes,    2189888 total
- age   2:     842984 bytes,    3032872 total
- age   3:    6664264 bytes,    9697136 total
: 101199K->13039K(109248K), 0,0215183 secs] 101199K->13039K(502464K), 0,0216379 secs] [Times: user=0,04 sys=0,01, real=0,02 secs] 
Heap after GC invocations=3 (full 0):
 par new generation   total 109248K, used 13039K [0x00000000e0000000, 0x00000000e8000000, 0x00000000e8000000)
  eden space 87424K,   0% used [0x00000000e0000000, 0x00000000e0000000, 0x00000000e5560000)
  from space 21824K,  59% used [0x00000000e6ab0000, 0x00000000e776bea8, 0x00000000e8000000)
  to   space 21824K,   0% used [0x00000000e5560000, 0x00000000e5560000, 0x00000000e6ab0000)
 concurrent mark-sweep generation total 393216K, used 0K [0x00000000e8000000, 0x0000000100000000, 0x0000000100000000)
 Metaspace       used 20991K, capacity 21348K, committed 21628K, reserved 1069056K
  class space    used 2416K, capacity 2588K, committed 2684K, reserved 1048576K
}
2017-05-29T09:24:29.132+0200: 4,239: Total time for which application threads were stopped: 0,0219907 seconds, Stopping threads took: 0,0001425 seconds
2017-05-29T09:24:29.138+0200: 4,246: [GC (CMS Initial Mark) [1 CMS-initial-mark: 0K(393216K)] 15512K(502464K), 0,0072515 secs] [Times: user=0,02 sys=0,00, real=0,00 secs] 
2017-05-29T09:24:29.146+0200: 4,253: Total time for which application threads were stopped: 0,0074887 seconds, Stopping threads took: 0,0000702 seconds
2017-05-29T09:24:29.146+0200: 4,253: [CMS-concurrent-mark-start]
2017-05-29T09:24:29.147+0200: 4,254: [CMS-concurrent-mark: 0,001/0,001 secs] [Times: user=0,00 sys=0,00, real=0,01 secs] 
2017-05-29T09:24:29.147+0200: 4,254: [CMS-concurrent-preclean-start]
2017-05-29T09:24:29.148+0200: 4,256: [CMS-concurrent-preclean: 0,001/0,001 secs] [Times: user=0,01 sys=0,00, real=0,00 secs] 
2017-05-29T09:24:29.148+0200: 4,256: [CMS-concurrent-abortable-preclean-start]
2017-05-29T09:24:29.182+0200: 4,290: Total time for which application threads were stopped: 0,0081098 seconds, Stopping threads took: 0,0079988 seconds
2017-05-29T09:24:29.205+0200: 4,312: Total time for which application threads were stopped: 0,0001831 seconds, Stopping threads took: 0,0000724 seconds
2017-05-29T09:24:29.223+0200: 4,330: Total time for which application threads were stopped: 0,0001805 seconds, Stopping threads took: 0,0000764 seconds
{Heap before GC invocations=3 (full 1):
 par new generation   total 109248K, used 100463K [0x00000000e0000000, 0x00000000e8000000, 0x00000000e8000000)
  eden space 87424K, 100% used [0x00000000e0000000, 0x00000000e5560000, 0x00000000e5560000)
  from space 21824K,  59% used [0x00000000e6ab0000, 0x00000000e776bea8, 0x00000000e8000000)
  to   space 21824K,   0% used [0x00000000e5560000, 0x00000000e5560000, 0x00000000e6ab0000)
 concurrent mark-sweep generation total 393216K, used 0K [0x00000000e8000000, 0x0000000100000000, 0x0000000100000000)
 Metaspace       used 21247K, capacity 21618K, committed 21884K, reserved 1069056K
  class space    used 2444K, capacity 2602K, committed 2684K, reserved 1048576K
2017-05-29T09:24:29.316+0200: 4,424: [GC (Allocation Failure) 2017-05-29T09:24:29.317+0200: 4,424: [ParNew2017-05-29T09:24:29.334+0200: 4,442: [CMS-concurrent-abortable-preclean: 0,065/0,186 secs] [Times: user=0,43 sys=0,01, real=0,18 secs] 

Desired survivor size 20112992 bytes, new threshold 8 (max 8)
- age   1:    1626784 bytes,    1626784 total
- age   2:    1462104 bytes,    3088888 total
- age   3:     811544 bytes,    3900432 total
- age   4:    6664264 bytes,   10564696 total
: 100463K->13750K(109248K), 0,0279846 secs] 100463K->13750K(502464K), 0,0280734 secs] [Times: user=0,05 sys=0,00, real=0,03 secs] 
Heap after GC invocations=4 (full 1):
 par new generation   total 109248K, used 13750K [0x00000000e0000000, 0x00000000e8000000, 0x00000000e8000000)
  eden space 87424K,   0% used [0x00000000e0000000, 0x00000000e0000000, 0x00000000e5560000)
  from space 21824K,  63% used [0x00000000e5560000, 0x00000000e62cd858, 0x00000000e6ab0000)
  to   space 21824K,   0% used [0x00000000e6ab0000, 0x00000000e6ab0000, 0x00000000e8000000)
 concurrent mark-sweep generation total 393216K, used 0K [0x00000000e8000000, 0x0000000100000000, 0x0000000100000000)
 Metaspace       used 21247K, capacity 21618K, committed 21884K, reserved 1069056K
  class space    used 2444K, capacity 2602K, committed 2684K, reserved 1048576K
}
2017-05-29T09:24:29.345+0200: 4,452: Total time for which application threads were stopped: 0,0363015 seconds, Stopping threads took: 0,0080670 seconds
2017-05-29T09:24:29.345+0200: 4,452: [GC (CMS Final Remark) [YG occupancy: 15098 K (109248 K)]{Heap before GC invocations=4 (full 1):
 par new generation   total 109248K, used 15098K [0x00000000e0000000, 0x00000000e8000000, 0x00000000e8000000)
  eden space 87424K,   1% used [0x00000000e0000000, 0x00000000e0151340, 0x00000000e5560000)
  from space 21824K,  63% used [0x00000000e5560000, 0x00000000e62cd858, 0x00000000e6ab0000)
  to   space 21824K,   0% used [0x00000000e6ab0000, 0x00000000e6ab0000, 0x00000000e8000000)
 concurrent mark-sweep generation total 393216K, used 0K [0x00000000e8000000, 0x0000000100000000, 0x0000000100000000)
 Metaspace       used 21247K, capacity 21618K, committed 21884K, reserved 1069056K
  class space    used 2444K, capacity 2602K, committed 2684K, reserved 1048576K
2017-05-29T09:24:29.345+0200: 4,452: [GC (CMS Final Remark) 2017-05-29T09:24:29.345+0200: 4,452: [ParNew
Desired survivor size 20112992 bytes, new threshold 8 (max 8)
- age   1:      32840 bytes,      32840 total
- age   2:    1544784 bytes,    1577624 total
- age   3:    1462104 bytes,    3039728 total
- age   4:     811544 bytes,    3851272 total
- age   5:    6664264 bytes,   10515536 total
: 15098K->14076K(109248K), 0,0532832 secs] 15098K->14076K(502464K), 0,0533293 secs] [Times: user=0,06 sys=0,01, real=0,06 secs] 
Heap after GC invocations=5 (full 1):
 par new generation   total 109248K, used 14076K [0x00000000e0000000, 0x00000000e8000000, 0x00000000e8000000)
  eden space 87424K,   0% used [0x00000000e0000000, 0x00000000e0000000, 0x00000000e5560000)
  from space 21824K,  64% used [0x00000000e6ab0000, 0x00000000e786f3f8, 0x00000000e8000000)
  to   space 21824K,   0% used [0x00000000e5560000, 0x00000000e5560000, 0x00000000e6ab0000)
 concurrent mark-sweep generation total 393216K, used 0K [0x00000000e8000000, 0x0000000100000000, 0x0000000100000000)
 Metaspace       used 21247K, capacity 21618K, committed 21884K, reserved 1069056K
  class space    used 2444K, capacity 2602K, committed 2684K, reserved 1048576K
}
2017-05-29T09:24:29.398+0200: 4,506: [Rescan (parallel) , 0,0121066 secs]2017-05-29T09:24:29.410+0200: 4,518: [weak refs processing, 0,0041347 secs]2017-05-29T09:24:29.414+0200: 4,522: [class unloading, 0,0045812 secs]2017-05-29T09:24:29.419+0200: 4,527: [scrub symbol table, 0,0049943 secs]2017-05-29T09:24:29.424+0200: 4,532: [scrub string table, 0,0004778 secs][1 CMS-remark: 0K(393216K)] 14076K(502464K), 0,0803417 secs] [Times: user=0,10 sys=0,01, real=0,08 secs] 
2017-05-29T09:24:29.425+0200: 4,533: Total time for which application threads were stopped: 0,0804482 seconds, Stopping threads took: 0,0000319 seconds
2017-05-29T09:24:29.426+0200: 4,534: [CMS-concurrent-sweep-start]
2017-05-29T09:24:29.426+0200: 4,534: [CMS-concurrent-sweep: 0,000/0,000 secs] [Times: user=0,00 sys=0,00, real=0,00 secs] 
2017-05-29T09:24:29.426+0200: 4,534: [CMS-concurrent-reset-start]
2017-05-29T09:24:29.429+0200: 4,536: [CMS-concurrent-reset: 0,002/0,002 secs] [Times: user=0,00 sys=0,00, real=0,00 secs] 
{Heap before GC invocations=5 (full 1):
 par new generation   total 109248K, used 101500K [0x00000000e0000000, 0x00000000e8000000, 0x00000000e8000000)
  eden space 87424K, 100% used [0x00000000e0000000, 0x00000000e5560000, 0x00000000e5560000)
  from space 21824K,  64% used [0x00000000e6ab0000, 0x00000000e786f3f8, 0x00000000e8000000)
  to   space 21824K,   0% used [0x00000000e5560000, 0x00000000e5560000, 0x00000000e6ab0000)
 concurrent mark-sweep generation total 393216K, used 0K [0x00000000e8000000, 0x0000000100000000, 0x0000000100000000)
 Metaspace       used 21377K, capacity 21790K, committed 21884K, reserved 1069056K
  class space    used 2464K, capacity 2636K, committed 2684K, reserved 1048576K
2017-05-29T09:24:29.544+0200: 4,652: [GC (Allocation Failure) 2017-05-29T09:24:29.544+0200: 4,652: [ParNew
Desired survivor size 20112992 bytes, new threshold 8 (max 8)
- age   1:    1281560 bytes,    1281560 total
- age   3:     178080 bytes,    1459640 total
- age   4:    1455840 bytes,    2915480 total
- age   5:     807624 bytes,    3723104 total
- age   6:    6664456 bytes,   10387560 total
: 101500K->12826K(109248K), 0,0178798 secs] 101500K->12826K(502464K), 0,0179477 secs] [Times: user=0,05 sys=0,00, real=0,02 secs] 
Heap after GC invocations=6 (full 1):
 par new generation   total 109248K, used 12826K [0x00000000e0000000, 0x00000000e8000000, 0x00000000e8000000)
  eden space 87424K,   0% used [0x00000000e0000000, 0x00000000e0000000, 0x00000000e5560000)
  from space 21824K,  58% used [0x00000000e5560000, 0x00000000e61e6a90, 0x00000000e6ab0000)
  to   space 21824K,   0% used [0x00000000e6ab0000, 0x00000000e6ab0000, 0x00000000e8000000)
 concurrent mark-sweep generation total 393216K, used 0K [0x00000000e8000000, 0x0000000100000000, 0x0000000100000000)
 Metaspace       used 21377K, capacity 21790K, committed 21884K, reserved 1069056K
  class space    used 2464K, capacity 2636K, committed 2684K, reserved 1048576K
}
2017-05-29T09:24:29.562+0200: 4,670: Total time for which application threads were stopped: 0,0184761 seconds, Stopping threads took: 0,0003800 seconds
2017-05-29T09:24:29.592+0200: 4,699: Total time for which application threads were stopped: 0,0001273 seconds, Stopping threads took: 0,0000530 seconds
2017-05-29T09:24:29.600+0200: 4,708: Total time for which application threads were stopped: 0,0003609 seconds, Stopping threads took: 0,0000249 seconds
2017-05-29T09:24:29.772+0200: 4,879: Total time for which application threads were stopped: 0,0002059 seconds, Stopping threads took: 0,0000673 seconds
2017-05-29T09:24:29.851+0200: 4,958: Total time for which application threads were stopped: 0,0002136 seconds, Stopping threads took: 0,0000722 seconds
2017-05-29T09:24:29.892+0200: 5,000: Total time for which application threads were stopped: 0,0001749 seconds, Stopping threads took: 0,0000523 seconds
2017-05-29T09:24:29.938+0200: 5,046: Total time for which application threads were stopped: 0,0001813 seconds, Stopping threads took: 0,0000540 seconds
2017-05-29T09:24:29.970+0200: 5,078: Total time for which application threads were stopped: 0,0005219 seconds, Stopping threads took: 0,0000561 seconds
2017-05-29T09:24:29.971+0200: 5,079: Total time for which application threads were stopped: 0,0001185 seconds, Stopping threads took: 0,0000469 seconds
2017-05-29T09:24:29.971+0200: 5,079: Total time for which application threads were stopped: 0,0000759 seconds, Stopping threads took: 0,0000232 seconds
2017-05-29T09:24:29.991+0200: 5,099: Total time for which application threads were stopped: 0,0005787 seconds, Stopping threads took: 0,0000854 seconds
2017-05-29T09:24:30.007+0200: 5,115: Total time for which application threads were stopped: 0,0001873 seconds, Stopping threads took: 0,0000702 seconds
2017-05-29T09:24:30.009+0200: 5,117: Total time for which application threads were stopped: 0,0001459 seconds, Stopping threads took: 0,0000504 seconds
2017-05-29T09:24:30.015+0200: 5,123: Total time for which application threads were stopped: 0,0001565 seconds, Stopping threads took: 0,0000497 seconds
2017-05-29T09:24:30.038+0200: 5,146: Total time for which application threads were stopped: 0,0001659 seconds, Stopping threads took: 0,0000761 seconds
2017-05-29T09:24:30.045+0200: 5,152: Total time for which application threads were stopped: 0,0062755 seconds, Stopping threads took: 0,0061887 seconds
2017-05-29T09:24:30.047+0200: 5,155: Total time for which application threads were stopped: 0,0001345 seconds, Stopping threads took: 0,0000566 seconds
2017-05-29T09:24:30.069+0200: 5,176: Total time for which application threads were stopped: 0,0021643 seconds, Stopping threads took: 0,0020822 seconds
2017-05-29T09:24:30.071+0200: 5,179: Total time for which application threads were stopped: 0,0001807 seconds, Stopping threads took: 0,0000671 seconds
2017-05-29T09:24:30.078+0200: 5,186: Total time for which application threads were stopped: 0,0008907 seconds, Stopping threads took: 0,0007840 seconds
{Heap before GC invocations=6 (full 1):
 par new generation   total 109248K, used 100250K [0x00000000e0000000, 0x00000000e8000000, 0x00000000e8000000)
  eden space 87424K, 100% used [0x00000000e0000000, 0x00000000e5560000, 0x00000000e5560000)
  from space 21824K,  58% used [0x00000000e5560000, 0x00000000e61e6a90, 0x00000000e6ab0000)
  to   space 21824K,   0% used [0x00000000e6ab0000, 0x00000000e6ab0000, 0x00000000e8000000)
 concurrent mark-sweep generation total 393216K, used 0K [0x00000000e8000000, 0x0000000100000000, 0x0000000100000000)
 Metaspace       used 23847K, capacity 24284K, committed 24572K, reserved 1071104K
  class space    used 2797K, capacity 2977K, committed 3068K, reserved 1048576K
2017-05-29T09:24:30.198+0200: 5,306: [GC (Allocation Failure) 2017-05-29T09:24:30.198+0200: 5,306: [ParNew
Desired survivor size 20112992 bytes, new threshold 8 (max 8)
- age   1:    5067184 bytes,    5067184 total
- age   2:     118336 bytes,    5185520 total
- age   4:     176648 bytes,    5362168 total
- age   5:     284240 bytes,    5646408 total
- age   6:     783360 bytes,    6429768 total
- age   7:    6656072 bytes,   13085840 total
: 100250K->17781K(109248K), 0,0247277 secs] 100250K->17781K(502464K), 0,0248467 secs] [Times: user=0,07 sys=0,00, real=0,02 secs] 
Heap after GC invocations=7 (full 1):
 par new generation   total 109248K, used 17781K [0x00000000e0000000, 0x00000000e8000000, 0x00000000e8000000)
  eden space 87424K,   0% used [0x00000000e0000000, 0x00000000e0000000, 0x00000000e5560000)
  from space 21824K,  81% used [0x00000000e6ab0000, 0x00000000e7c0d500, 0x00000000e8000000)
  to   space 21824K,   0% used [0x00000000e5560000, 0x00000000e5560000, 0x00000000e6ab0000)
 concurrent mark-sweep generation total 393216K, used 0K [0x00000000e8000000, 0x0000000100000000, 0x0000000100000000)
 Metaspace       used 23847K, capacity 24284K, committed 24572K, reserved 1071104K
  class space    used 2797K, capacity 2977K, committed 3068K, reserved 1048576K
}
2017-05-29T09:24:30.223+0200: 5,331: Total time for which application threads were stopped: 0,0252140 seconds, Stopping threads took: 0,0000489 seconds
2017-05-29T09:24:30.238+0200: 5,346: Total time for which application threads were stopped: 0,0086438 seconds, Stopping threads took: 0,0085068 seconds
2017-05-29T09:24:30.249+0200: 5,357: Total time for which application threads were stopped: 0,0002045 seconds, Stopping threads took: 0,0000625 seconds
{Heap before GC invocations=7 (full 1):
 par new generation   total 109248K, used 105205K [0x00000000e0000000, 0x00000000e8000000, 0x00000000e8000000)
  eden space 87424K, 100% used [0x00000000e0000000, 0x00000000e5560000, 0x00000000e5560000)
  from space 21824K,  81% used [0x00000000e6ab0000, 0x00000000e7c0d500, 0x00000000e8000000)
  to   space 21824K,   0% used [0x00000000e5560000, 0x00000000e5560000, 0x00000000e6ab0000)
 concurrent mark-sweep generation total 393216K, used 0K [0x00000000e8000000, 0x0000000100000000, 0x0000000100000000)
 Metaspace       used 24330K, capacity 24802K, committed 25084K, reserved 1071104K
  class space    used 2847K, capacity 3042K, committed 3068K, reserved 1048576K
2017-05-29T09:24:30.390+0200: 5,497: [GC (Allocation Failure) 2017-05-29T09:24:30.390+0200: 5,497: [ParNew
Desired survivor size 20112992 bytes, new threshold 8 (max 8)
- age   1:    1938128 bytes,    1938128 total
- age   2:    1765112 bytes,    3703240 total
- age   3:      61864 bytes,    3765104 total
- age   5:      98440 bytes,    3863544 total
- age   6:     188344 bytes,    4051888 total
- age   7:     741136 bytes,    4793024 total
- age   8:    6123496 bytes,   10916520 total
: 105205K->14029K(109248K), 0,0433560 secs] 105205K->14029K(502464K), 0,0434673 secs] [Times: user=0,10 sys=0,00, real=0,04 secs] 
Heap after GC invocations=8 (full 1):
 par new generation   total 109248K, used 14029K [0x00000000e0000000, 0x00000000e8000000, 0x00000000e8000000)
  eden space 87424K,   0% used [0x00000000e0000000, 0x00000000e0000000, 0x00000000e5560000)
  from space 21824K,  64% used [0x00000000e5560000, 0x00000000e63136c0, 0x00000000e6ab0000)
  to   space 21824K,   0% used [0x00000000e6ab0000, 0x00000000e6ab0000, 0x00000000e8000000)
 concurrent mark-sweep generation total 393216K, used 0K [0x00000000e8000000, 0x0000000100000000, 0x0000000100000000)
 Metaspace       used 24330K, capacity 24802K, committed 25084K, reserved 1071104K
  class space    used 2847K, capacity 3042K, committed 3068K, reserved 1048576K
}
2017-05-29T09:24:30.433+0200: 5,541: Total time for which application threads were stopped: 0,0437663 seconds, Stopping threads took: 0,0000547 seconds
2017-05-29T09:24:30.446+0200: 5,554: Total time for which application threads were stopped: 0,0001769 seconds, Stopping threads took: 0,0000640 seconds
2017-05-29T09:24:30.448+0200: 5,556: Total time for which application threads were stopped: 0,0021682 seconds, Stopping threads took: 0,0020431 seconds
2017-05-29T09:24:30.449+0200: 5,556: Total time for which application threads were stopped: 0,0001593 seconds, Stopping threads took: 0,0000475 seconds
{Heap before GC invocations=8 (full 1):
 par new generation   total 109248K, used 101453K [0x00000000e0000000, 0x00000000e8000000, 0x00000000e8000000)
  eden space 87424K, 100% used [0x00000000e0000000, 0x00000000e5560000, 0x00000000e5560000)
  from space 21824K,  64% used [0x00000000e5560000, 0x00000000e63136c0, 0x00000000e6ab0000)
  to   space 21824K,   0% used [0x00000000e6ab0000, 0x00000000e6ab0000, 0x00000000e8000000)
 concurrent mark-sweep generation total 393216K, used 0K [0x00000000e8000000, 0x0000000100000000, 0x0000000100000000)
 Metaspace       used 24549K, capacity 24956K, committed 25084K, reserved 1071104K
  class space    used 2863K, capacity 3047K, committed 3068K, reserved 1048576K
2017-05-29T09:24:30.555+0200: 5,663: [GC (Allocation Failure) 2017-05-29T09:24:30.555+0200: 5,663: [ParNew
Desired survivor size 20112992 bytes, new threshold 8 (max 8)
- age   1:     478496 bytes,     478496 total
- age   2:     988952 bytes,    1467448 total
- age   3:    1742496 bytes,    3209944 total
- age   4:      61832 bytes,    3271776 total
- age   6:      98240 bytes,    3370016 total
- age   7:     185608 bytes,    3555624 total
- age   8:     740368 bytes,    4295992 total
: 101453K->7189K(109248K), 0,0465744 secs] 101453K->13773K(502464K), 0,0466825 secs] [Times: user=0,08 sys=0,01, real=0,05 secs] 
Heap after GC invocations=9 (full 1):
 par new generation   total 109248K, used 7189K [0x00000000e0000000, 0x00000000e8000000, 0x00000000e8000000)
  eden space 87424K,   0% used [0x00000000e0000000, 0x00000000e0000000, 0x00000000e5560000)
  from space 21824K,  32% used [0x00000000e6ab0000, 0x00000000e71b5558, 0x00000000e8000000)
  to   space 21824K,   0% used [0x00000000e5560000, 0x00000000e5560000, 0x00000000e6ab0000)
 concurrent mark-sweep generation total 393216K, used 6584K [0x00000000e8000000, 0x0000000100000000, 0x0000000100000000)
 Metaspace       used 24549K, capacity 24956K, committed 25084K, reserved 1071104K
  class space    used 2863K, capacity 3047K, committed 3068K, reserved 1048576K
}
2017-05-29T09:24:30.602+0200: 5,710: Total time for which application threads were stopped: 0,0477207 seconds, Stopping threads took: 0,0008417 seconds
2017-05-29T09:24:30.838+0200: 5,945: Total time for which application threads were stopped: 0,0080796 seconds, Stopping threads took: 0,0078789 seconds
2017-05-29T09:24:30.840+0200: 5,948: Total time for which application threads were stopped: 0,0001250 seconds, Stopping threads took: 0,0000326 seconds
2017-05-29T09:24:30.844+0200: 5,952: Total time for which application threads were stopped: 0,0001550 seconds, Stopping threads took: 0,0000322 seconds
2017-05-29T09:24:30.862+0200: 5,970: Total time for which application threads were stopped: 0,0011787 seconds, Stopping threads took: 0,0010134 seconds
2017-05-29T09:24:30.863+0200: 5,971: Total time for which application threads were stopped: 0,0001680 seconds, Stopping threads took: 0,0000273 seconds
2017-05-29T09:24:31.023+0200: 6,130: Total time for which application threads were stopped: 0,0061673 seconds, Stopping threads took: 0,0060614 seconds
2017-05-29T09:24:31.042+0200: 6,149: Total time for which application threads were stopped: 0,0039342 seconds, Stopping threads took: 0,0037920 seconds
2017-05-29T09:24:31.042+0200: 6,150: Total time for which application threads were stopped: 0,0003059 seconds, Stopping threads took: 0,0001992 seconds
2017-05-29T09:24:31.054+0200: 6,162: Total time for which application threads were stopped: 0,0002047 seconds, Stopping threads took: 0,0000889 seconds
2017-05-29T09:24:31.087+0200: 6,195: Total time for which application threads were stopped: 0,0004975 seconds, Stopping threads took: 0,0003816 seconds
2017-05-29T09:24:31.101+0200: 6,209: Total time for which application threads were stopped: 0,0001256 seconds, Stopping threads took: 0,0000410 seconds
2017-05-29T09:24:31.102+0200: 6,210: Total time for which application threads were stopped: 0,0004547 seconds, Stopping threads took: 0,0000288 seconds
2017-05-29T09:24:31.181+0200: 6,289: Total time for which application threads were stopped: 0,0001954 seconds, Stopping threads took: 0,0000799 seconds
2017-05-29T09:24:31.190+0200: 6,298: Total time for which application threads were stopped: 0,0004813 seconds, Stopping threads took: 0,0000433 seconds
2017-05-29T09:24:31.208+0200: 6,315: Total time for which application threads were stopped: 0,0003737 seconds, Stopping threads took: 0,0000173 seconds
2017-05-29T09:24:31.276+0200: 6,384: Total time for which application threads were stopped: 0,0004066 seconds, Stopping threads took: 0,0000163 seconds
2017-05-29T09:24:31.286+0200: 6,394: Total time for which application threads were stopped: 0,0001272 seconds, Stopping threads took: 0,0000289 seconds
2017-05-29T09:24:31.289+0200: 6,397: Total time for which application threads were stopped: 0,0001111 seconds, Stopping threads took: 0,0000312 seconds
2017-05-29T09:24:31.290+0200: 6,398: Total time for which application threads were stopped: 0,0001089 seconds, Stopping threads took: 0,0000446 seconds
2017-05-29T09:24:31.302+0200: 6,410: Total time for which application threads were stopped: 0,0001413 seconds, Stopping threads took: 0,0000447 seconds
2017-05-29T09:24:31.310+0200: 6,418: Total time for which application threads were stopped: 0,0001887 seconds, Stopping threads took: 0,0000461 seconds
2017-05-29T09:24:31.320+0200: 6,428: Total time for which application threads were stopped: 0,0001478 seconds, Stopping threads took: 0,0000934 seconds
2017-05-29T09:24:31.338+0200: 6,446: Total time for which application threads were stopped: 0,0034008 seconds, Stopping threads took: 0,0033180 seconds
2017-05-29T09:24:31.345+0200: 6,453: Total time for which application threads were stopped: 0,0002015 seconds, Stopping threads took: 0,0000984 seconds
2017-05-29T09:24:31.384+0200: 6,492: Total time for which application threads were stopped: 0,0002007 seconds, Stopping threads took: 0,0000971 seconds
2017-05-29T09:24:31.386+0200: 6,494: Total time for which application threads were stopped: 0,0010188 seconds, Stopping threads took: 0,0009520 seconds
2017-05-29T09:24:31.401+0200: 6,509: Total time for which application threads were stopped: 0,0005501 seconds, Stopping threads took: 0,0000523 seconds
2017-05-29T09:24:31.442+0200: 6,550: Total time for which application threads were stopped: 0,0034511 seconds, Stopping threads took: 0,0033458 seconds
2017-05-29T09:24:58.445+0200: 33,553: Total time for which application threads were stopped: 0,0007386 seconds, Stopping threads took: 0,0002367 seconds
{Heap before GC invocations=9 (full 1):
 par new generation   total 109248K, used 94613K [0x00000000e0000000, 0x00000000e8000000, 0x00000000e8000000)
  eden space 87424K, 100% used [0x00000000e0000000, 0x00000000e5560000, 0x00000000e5560000)
  from space 21824K,  32% used [0x00000000e6ab0000, 0x00000000e71b5558, 0x00000000e8000000)
  to   space 21824K,   0% used [0x00000000e5560000, 0x00000000e5560000, 0x00000000e6ab0000)
 concurrent mark-sweep generation total 393216K, used 6584K [0x00000000e8000000, 0x0000000100000000, 0x0000000100000000)
 Metaspace       used 28105K, capacity 28678K, committed 28796K, reserved 1075200K
  class space    used 3211K, capacity 3386K, committed 3452K, reserved 1048576K
2017-05-29T09:25:01.465+0200: 36,572: [GC (Allocation Failure) 2017-05-29T09:25:01.465+0200: 36,572: [ParNew
Desired survivor size 20112992 bytes, new threshold 8 (max 8)
- age   1:   11333992 bytes,   11333992 total
- age   2:     169872 bytes,   11503864 total
- age   3:     209264 bytes,   11713128 total
- age   4:    1736160 bytes,   13449288 total
- age   5:      59352 bytes,   13508640 total
- age   7:      97984 bytes,   13606624 total
- age   8:     184728 bytes,   13791352 total
: 94613K->14801K(109248K), 0,0235901 secs] 101197K->22119K(502464K), 0,0236972 secs] [Times: user=0,05 sys=0,00, real=0,03 secs] 
Heap after GC invocations=10 (full 1):
 par new generation   total 109248K, used 14801K [0x00000000e0000000, 0x00000000e8000000, 0x00000000e8000000)
  eden space 87424K,   0% used [0x00000000e0000000, 0x00000000e0000000, 0x00000000e5560000)
  from space 21824K,  67% used [0x00000000e5560000, 0x00000000e63d4600, 0x00000000e6ab0000)
  to   space 21824K,   0% used [0x00000000e6ab0000, 0x00000000e6ab0000, 0x00000000e8000000)
 concurrent mark-sweep generation total 393216K, used 7318K [0x00000000e8000000, 0x0000000100000000, 0x0000000100000000)
 Metaspace       used 28105K, capacity 28678K, committed 28796K, reserved 1075200K
  class space    used 3211K, capacity 3386K, committed 3452K, reserved 1048576K
}
2017-05-29T09:25:01.488+0200: 36,596: Total time for which application threads were stopped: 0,0238976 seconds, Stopping threads took: 0,0000201 seconds
2017-05-29T09:25:01.489+0200: 36,597: Total time for which application threads were stopped: 0,0000665 seconds, Stopping threads took: 0,0000230 seconds
2017-05-29T09:25:01.490+0200: 36,598: Total time for which application threads were stopped: 0,0000755 seconds, Stopping threads took: 0,0000247 seconds
2017-05-29T09:26:22.212+0200: 118,607: Total time for which application threads were stopped: 0,0001124 seconds, Stopping threads took: 0,0000469 seconds
2017-05-29T09:26:27.213+0200: 123,608: Total time for which application threads were stopped: 0,0004070 seconds, Stopping threads took: 0,0002099 seconds
2017-05-29T09:47:55.372+0200: 1411,767: Total time for which application threads were stopped: 0,0000828 seconds, Stopping threads took: 0,0000341 seconds
2017-05-29T09:49:03.271+0200: 1479,666: Total time for which application threads were stopped: 0,0003739 seconds, Stopping threads took: 0,0000157 seconds
2017-05-29T09:49:03.272+0200: 1479,667: Total time for which application threads were stopped: 0,0003651 seconds, Stopping threads took: 0,0000106 seconds
2017-05-29T09:49:03.278+0200: 1479,673: Total time for which application threads were stopped: 0,0001053 seconds, Stopping threads took: 0,0000270 seconds
2017-05-29T09:49:03.280+0200: 1479,676: Total time for which application threads were stopped: 0,0000933 seconds, Stopping threads took: 0,0000330 seconds
2017-05-29T09:49:03.282+0200: 1479,677: Total time for which application threads were stopped: 0,0004538 seconds, Stopping threads took: 0,0003976 seconds
2017-05-29T09:49:03.282+0200: 1479,678: Total time for which application threads were stopped: 0,0006198 seconds, Stopping threads took: 0,0005808 seconds
2017-05-29T09:49:03.283+0200: 1479,678: Total time for which application threads were stopped: 0,0000743 seconds, Stopping threads took: 0,0000149 seconds
2017-05-29T09:49:03.283+0200: 1479,678: Total time for which application threads were stopped: 0,0000648 seconds, Stopping threads took: 0,0000157 seconds
2017-05-29T09:49:03.283+0200: 1479,679: Total time for which application threads were stopped: 0,0000547 seconds, Stopping threads took: 0,0000116 seconds
2017-05-29T09:49:03.284+0200: 1479,679: Total time for which application threads were stopped: 0,0003671 seconds, Stopping threads took: 0,0003307 seconds
2017-05-29T09:49:03.286+0200: 1479,681: Total time for which application threads were stopped: 0,0000594 seconds, Stopping threads took: 0,0000143 seconds
2017-05-29T09:49:03.286+0200: 1479,681: Total time for which application threads were stopped: 0,0000374 seconds, Stopping threads took: 0,0000074 seconds
2017-05-29T09:49:03.286+0200: 1479,681: Total time for which application threads were stopped: 0,0000433 seconds, Stopping threads took: 0,0000173 seconds
2017-05-29T09:49:03.286+0200: 1479,681: Total time for which application threads were stopped: 0,0000365 seconds, Stopping threads took: 0,0000125 seconds
2017-05-29T09:49:03.286+0200: 1479,681: Total time for which application threads were stopped: 0,0000360 seconds, Stopping threads took: 0,0000138 seconds
2017-05-29T09:49:03.286+0200: 1479,681: Total time for which application threads were stopped: 0,0000261 seconds, Stopping threads took: 0,0000063 seconds
2017-05-29T09:49:03.286+0200: 1479,681: Total time for which application threads were stopped: 0,0000288 seconds, Stopping threads took: 0,0000064 seconds
2017-05-29T09:49:03.286+0200: 1479,681: Total time for which application threads were stopped: 0,0000266 seconds, Stopping threads took: 0,0000056 seconds
2017-05-29T09:49:03.286+0200: 1479,681: Total time for which application threads were stopped: 0,0000252 seconds, Stopping threads took: 0,0000053 seconds
2017-05-29T09:49:03.286+0200: 1479,681: Total time for which application threads were stopped: 0,0000264 seconds, Stopping threads took: 0,0000062 seconds
2017-05-29T09:49:03.286+0200: 1479,682: Total time for which application threads were stopped: 0,0000276 seconds, Stopping threads took: 0,0000060 seconds
2017-05-29T09:49:03.286+0200: 1479,682: Total time for which application threads were stopped: 0,0000252 seconds, Stopping threads took: 0,0000059 seconds
2017-05-29T09:49:03.290+0200: 1479,686: Total time for which application threads were stopped: 0,0001055 seconds, Stopping threads took: 0,0000519 seconds
2017-05-29T09:49:03.291+0200: 1479,686: Total time for which application threads were stopped: 0,0000655 seconds, Stopping threads took: 0,0000323 seconds
2017-05-29T09:49:03.292+0200: 1479,688: Total time for which application threads were stopped: 0,0000903 seconds, Stopping threads took: 0,0000367 seconds
2017-05-29T09:49:03.293+0200: 1479,688: Total time for which application threads were stopped: 0,0000668 seconds, Stopping threads took: 0,0000208 seconds
2017-05-29T09:49:03.294+0200: 1479,690: Total time for which application threads were stopped: 0,0000611 seconds, Stopping threads took: 0,0000135 seconds
2017-05-29T09:49:03.295+0200: 1479,690: Total time for which application threads were stopped: 0,0000634 seconds, Stopping threads took: 0,0000178 seconds
2017-05-29T09:49:03.295+0200: 1479,690: Total time for which application threads were stopped: 0,0000761 seconds, Stopping threads took: 0,0000297 seconds
2017-05-29T09:49:03.295+0200: 1479,690: Total time for which application threads were stopped: 0,0000413 seconds, Stopping threads took: 0,0000169 seconds
2017-05-29T09:49:03.295+0200: 1479,690: Total time for which application threads were stopped: 0,0000479 seconds, Stopping threads took: 0,0000243 seconds
2017-05-29T09:49:03.296+0200: 1479,691: Total time for which application threads were stopped: 0,0000948 seconds, Stopping threads took: 0,0000373 seconds
2017-05-29T09:49:03.296+0200: 1479,691: Total time for which application threads were stopped: 0,0000790 seconds, Stopping threads took: 0,0000327 seconds
2017-05-29T09:49:03.296+0200: 1479,692: Total time for which application threads were stopped: 0,0000580 seconds, Stopping threads took: 0,0000225 seconds
2017-05-29T09:49:03.297+0200: 1479,692: Total time for which application threads were stopped: 0,0000461 seconds, Stopping threads took: 0,0000219 seconds
2017-05-29T09:49:03.298+0200: 1479,693: Total time for which application threads were stopped: 0,0000879 seconds, Stopping threads took: 0,0000324 seconds
2017-05-29T09:49:03.299+0200: 1479,694: Total time for which application threads were stopped: 0,0000877 seconds, Stopping threads took: 0,0000367 seconds
2017-05-29T09:49:03.301+0200: 1479,697: Total time for which application threads were stopped: 0,0028300 seconds, Stopping threads took: 0,0027949 seconds
2017-05-29T09:49:03.302+0200: 1479,698: Total time for which application threads were stopped: 0,0000839 seconds, Stopping threads took: 0,0000293 seconds
2017-05-29T09:49:03.303+0200: 1479,698: Total time for which application threads were stopped: 0,0000637 seconds, Stopping threads took: 0,0000240 seconds
2017-05-29T09:49:03.303+0200: 1479,698: Total time for which application threads were stopped: 0,0000439 seconds, Stopping threads took: 0,0000233 seconds
2017-05-29T09:49:03.303+0200: 1479,698: Total time for which application threads were stopped: 0,0000433 seconds, Stopping threads took: 0,0000239 seconds
2017-05-29T09:49:03.303+0200: 1479,698: Total time for which application threads were stopped: 0,0000444 seconds, Stopping threads took: 0,0000228 seconds
2017-05-29T09:49:03.306+0200: 1479,702: Total time for which application threads were stopped: 0,0001038 seconds, Stopping threads took: 0,0000247 seconds
2017-05-29T09:49:03.307+0200: 1479,702: Total time for which application threads were stopped: 0,0000404 seconds, Stopping threads took: 0,0000077 seconds
2017-05-29T09:49:03.307+0200: 1479,702: Total time for which application threads were stopped: 0,0000367 seconds, Stopping threads took: 0,0000072 seconds
2017-05-29T09:49:03.307+0200: 1479,702: Total time for which application threads were stopped: 0,0000547 seconds, Stopping threads took: 0,0000172 seconds
2017-05-29T09:49:03.307+0200: 1479,702: Total time for which application threads were stopped: 0,0000459 seconds, Stopping threads took: 0,0000115 seconds
2017-05-29T09:49:03.307+0200: 1479,703: Total time for which application threads were stopped: 0,0000266 seconds, Stopping threads took: 0,0000067 seconds
2017-05-29T09:49:03.307+0200: 1479,703: Total time for which application threads were stopped: 0,0000275 seconds, Stopping threads took: 0,0000098 seconds
2017-05-29T09:49:03.308+0200: 1479,703: Total time for which application threads were stopped: 0,0001072 seconds, Stopping threads took: 0,0000138 seconds
2017-05-29T09:49:03.309+0200: 1479,705: Total time for which application threads were stopped: 0,0001140 seconds, Stopping threads took: 0,0000371 seconds
2017-05-29T09:49:03.310+0200: 1479,705: Total time for which application threads were stopped: 0,0000429 seconds, Stopping threads took: 0,0000160 seconds
2017-05-29T09:49:03.310+0200: 1479,705: Total time for which application threads were stopped: 0,0000480 seconds, Stopping threads took: 0,0000070 seconds
Heap
 par new generation   total 109248K, used 39170K [0x00000000e0000000, 0x00000000e8000000, 0x00000000e8000000)
  eden space 87424K,  27% used [0x00000000e0000000, 0x00000000e17cc288, 0x00000000e5560000)
  from space 21824K,  67% used [0x00000000e5560000, 0x00000000e63d4600, 0x00000000e6ab0000)
  to   space 21824K,   0% used [0x00000000e6ab0000, 0x00000000e6ab0000, 0x00000000e8000000)
 concurrent mark-sweep generation total 393216K, used 7318K [0x00000000e8000000, 0x0000000100000000, 0x0000000100000000)
 Metaspace       used 28248K, capacity 28786K, committed 29052K, reserved 1075200K
  class space    used 3228K, capacity 3422K, committed 3452K, reserved 1048576K
