OpenJDK 64-Bit Server VM (25.131-b11) for linux-amd64 JRE (1.8.0_131-8u131-b11-2ubuntu1.16.04.3-b11), built on Jul 28 2017 01:23:32 by "buildd" with gcc 5.4.0 20160609
Memory: 4k page, physical 7867732k(7479572k free), swap 8076284k(8076284k free)
CommandLine flags: -XX:CMSInitiatingOccupancyFraction=50 -XX:CMSMaxAbortablePrecleanTime=6000 -XX:+CMSParallelRemarkEnabled -XX:+CMSScavengeBeforeRemark -XX:ConcGCThreads=4 -XX:InitialHeapSize=536870912 -XX:MaxHeapSize=536870912 -XX:MaxTenuringThreshold=8 -XX:NewRatio=3 -XX:OldPLABSize=16 -XX:OnOutOfMemoryError=/opt/solr/bin/oom_solr.sh 8983 /var/solr/logs -XX:ParallelGCThreads=4 -XX:+ParallelRefProcEnabled -XX:PretenureSizeThreshold=67108864 -XX:+PrintGC -XX:+PrintGCApplicationStoppedTime -XX:+PrintGCDateStamps -XX:+PrintGCDetails -XX:+PrintGCTimeStamps -XX:+PrintHeapAtGC -XX:+PrintTenuringDistribution -XX:SurvivorRatio=4 -XX:TargetSurvivorRatio=90 -XX:ThreadStackSize=256 -XX:+UseCMSInitiatingOccupancyOnly -XX:+UseCompressedClassPointers -XX:+UseCompressedOops -XX:+UseConcMarkSweepGC -XX:+UseParNewGC 
2017-08-10T09:12:44.568+0200: 0,190: Total time for which application threads were stopped: 0,0000733 seconds, Stopping threads took: 0,0000127 seconds
2017-08-10T09:12:44.661+0200: 0,284: Total time for which application threads were stopped: 0,0001336 seconds, Stopping threads took: 0,0000201 seconds
2017-08-10T09:12:44.692+0200: 0,315: Total time for which application threads were stopped: 0,0001068 seconds, Stopping threads took: 0,0000264 seconds
2017-08-10T09:12:45.010+0200: 0,633: Total time for which application threads were stopped: 0,0001701 seconds, Stopping threads took: 0,0000198 seconds
2017-08-10T09:12:45.513+0200: 1,136: Total time for which application threads were stopped: 0,0001849 seconds, Stopping threads took: 0,0000165 seconds
2017-08-10T09:12:45.629+0200: 1,252: Total time for which application threads were stopped: 0,0002558 seconds, Stopping threads took: 0,0000260 seconds
2017-08-10T09:12:45.645+0200: 1,268: Total time for which application threads were stopped: 0,0007078 seconds, Stopping threads took: 0,0004646 seconds
2017-08-10T09:12:45.926+0200: 1,549: Total time for which application threads were stopped: 0,0001858 seconds, Stopping threads took: 0,0000155 seconds
2017-08-10T09:12:46.199+0200: 1,822: Total time for which application threads were stopped: 0,0005230 seconds, Stopping threads took: 0,0000247 seconds
2017-08-10T09:12:46.228+0200: 1,851: Total time for which application threads were stopped: 0,0001598 seconds, Stopping threads took: 0,0000174 seconds
2017-08-10T09:12:46.265+0200: 1,888: Total time for which application threads were stopped: 0,0002426 seconds, Stopping threads took: 0,0000276 seconds
2017-08-10T09:12:46.267+0200: 1,890: Total time for which application threads were stopped: 0,0002581 seconds, Stopping threads took: 0,0000206 seconds
2017-08-10T09:12:46.293+0200: 1,916: Total time for which application threads were stopped: 0,0001727 seconds, Stopping threads took: 0,0000216 seconds
2017-08-10T09:12:46.374+0200: 1,997: Total time for which application threads were stopped: 0,0002434 seconds, Stopping threads took: 0,0000233 seconds
2017-08-10T09:12:46.566+0200: 2,189: Total time for which application threads were stopped: 0,0002550 seconds, Stopping threads took: 0,0000380 seconds
{Heap before GC invocations=0 (full 0):
 par new generation   total 109248K, used 87424K [0x00000000e0000000, 0x00000000e8000000, 0x00000000e8000000)
  eden space 87424K, 100% used [0x00000000e0000000, 0x00000000e5560000, 0x00000000e5560000)
  from space 21824K,   0% used [0x00000000e5560000, 0x00000000e5560000, 0x00000000e6ab0000)
  to   space 21824K,   0% used [0x00000000e6ab0000, 0x00000000e6ab0000, 0x00000000e8000000)
 concurrent mark-sweep generation total 393216K, used 0K [0x00000000e8000000, 0x0000000100000000, 0x0000000100000000)
 Metaspace       used 17812K, capacity 18112K, committed 18304K, reserved 1064960K
  class space    used 2024K, capacity 2164K, committed 2176K, reserved 1048576K
2017-08-10T09:12:46.603+0200: 2,226: [GC (Allocation Failure) 2017-08-10T09:12:46.603+0200: 2,226: [ParNew
Desired survivor size 20112992 bytes, new threshold 8 (max 8)
- age   1:   11556536 bytes,   11556536 total
: 87424K->11389K(109248K), 0,0145557 secs] 87424K->11389K(502464K), 0,0146365 secs] [Times: user=0,04 sys=0,00, real=0,02 secs] 
Heap after GC invocations=1 (full 0):
 par new generation   total 109248K, used 11389K [0x00000000e0000000, 0x00000000e8000000, 0x00000000e8000000)
  eden space 87424K,   0% used [0x00000000e0000000, 0x00000000e0000000, 0x00000000e5560000)
  from space 21824K,  52% used [0x00000000e6ab0000, 0x00000000e75cf6b8, 0x00000000e8000000)
  to   space 21824K,   0% used [0x00000000e5560000, 0x00000000e5560000, 0x00000000e6ab0000)
 concurrent mark-sweep generation total 393216K, used 0K [0x00000000e8000000, 0x0000000100000000, 0x0000000100000000)
 Metaspace       used 17812K, capacity 18112K, committed 18304K, reserved 1064960K
  class space    used 2024K, capacity 2164K, committed 2176K, reserved 1048576K
}
2017-08-10T09:12:46.618+0200: 2,240: Total time for which application threads were stopped: 0,0148422 seconds, Stopping threads took: 0,0000512 seconds
2017-08-10T09:12:47.276+0200: 2,899: Total time for which application threads were stopped: 0,0003661 seconds, Stopping threads took: 0,0000417 seconds
{Heap before GC invocations=1 (full 0):
 par new generation   total 109248K, used 98813K [0x00000000e0000000, 0x00000000e8000000, 0x00000000e8000000)
  eden space 87424K, 100% used [0x00000000e0000000, 0x00000000e5560000, 0x00000000e5560000)
  from space 21824K,  52% used [0x00000000e6ab0000, 0x00000000e75cf6b8, 0x00000000e8000000)
  to   space 21824K,   0% used [0x00000000e5560000, 0x00000000e5560000, 0x00000000e6ab0000)
 concurrent mark-sweep generation total 393216K, used 0K [0x00000000e8000000, 0x0000000100000000, 0x0000000100000000)
 Metaspace       used 20046K, capacity 20356K, committed 20736K, reserved 1067008K
  class space    used 2294K, capacity 2468K, committed 2560K, reserved 1048576K
2017-08-10T09:12:47.314+0200: 2,937: [GC (Allocation Failure) 2017-08-10T09:12:47.314+0200: 2,937: [ParNew
Desired survivor size 20112992 bytes, new threshold 8 (max 8)
- age   1:    4325256 bytes,    4325256 total
- age   2:    6115088 bytes,   10440344 total
: 98813K->14464K(109248K), 0,0172432 secs] 98813K->14464K(502464K), 0,0173203 secs] [Times: user=0,07 sys=0,00, real=0,02 secs] 
Heap after GC invocations=2 (full 0):
 par new generation   total 109248K, used 14464K [0x00000000e0000000, 0x00000000e8000000, 0x00000000e8000000)
  eden space 87424K,   0% used [0x00000000e0000000, 0x00000000e0000000, 0x00000000e5560000)
  from space 21824K,  66% used [0x00000000e5560000, 0x00000000e6380080, 0x00000000e6ab0000)
  to   space 21824K,   0% used [0x00000000e6ab0000, 0x00000000e6ab0000, 0x00000000e8000000)
 concurrent mark-sweep generation total 393216K, used 0K [0x00000000e8000000, 0x0000000100000000, 0x0000000100000000)
 Metaspace       used 20046K, capacity 20356K, committed 20736K, reserved 1067008K
  class space    used 2294K, capacity 2468K, committed 2560K, reserved 1048576K
}
2017-08-10T09:12:47.331+0200: 2,954: Total time for which application threads were stopped: 0,0176279 seconds, Stopping threads took: 0,0001599 seconds
2017-08-10T09:12:47.337+0200: 2,959: Total time for which application threads were stopped: 0,0003211 seconds, Stopping threads took: 0,0000718 seconds
2017-08-10T09:12:47.369+0200: 2,992: Total time for which application threads were stopped: 0,0003764 seconds, Stopping threads took: 0,0000747 seconds
2017-08-10T09:12:47.529+0200: 3,152: Total time for which application threads were stopped: 0,0002487 seconds, Stopping threads took: 0,0000496 seconds
{Heap before GC invocations=2 (full 0):
 par new generation   total 109248K, used 101888K [0x00000000e0000000, 0x00000000e8000000, 0x00000000e8000000)
  eden space 87424K, 100% used [0x00000000e0000000, 0x00000000e5560000, 0x00000000e5560000)
  from space 21824K,  66% used [0x00000000e5560000, 0x00000000e6380080, 0x00000000e6ab0000)
  to   space 21824K,   0% used [0x00000000e6ab0000, 0x00000000e6ab0000, 0x00000000e8000000)
 concurrent mark-sweep generation total 393216K, used 0K [0x00000000e8000000, 0x0000000100000000, 0x0000000100000000)
 Metaspace       used 21002K, capacity 21348K, committed 21628K, reserved 1069056K
  class space    used 2416K, capacity 2588K, committed 2684K, reserved 1048576K
2017-08-10T09:12:47.563+0200: 3,186: [GC (Allocation Failure) 2017-08-10T09:12:47.563+0200: 3,186: [ParNew
Desired survivor size 20112992 bytes, new threshold 8 (max 8)
- age   1:    2213280 bytes,    2213280 total
- age   2:    1408072 bytes,    3621352 total
- age   3:    6113472 bytes,    9734824 total
: 101888K->11262K(109248K), 0,0094794 secs] 101888K->11262K(502464K), 0,0095571 secs] [Times: user=0,04 sys=0,00, real=0,01 secs] 
Heap after GC invocations=3 (full 0):
 par new generation   total 109248K, used 11262K [0x00000000e0000000, 0x00000000e8000000, 0x00000000e8000000)
  eden space 87424K,   0% used [0x00000000e0000000, 0x00000000e0000000, 0x00000000e5560000)
  from space 21824K,  51% used [0x00000000e6ab0000, 0x00000000e75afb00, 0x00000000e8000000)
  to   space 21824K,   0% used [0x00000000e5560000, 0x00000000e5560000, 0x00000000e6ab0000)
 concurrent mark-sweep generation total 393216K, used 0K [0x00000000e8000000, 0x0000000100000000, 0x0000000100000000)
 Metaspace       used 21002K, capacity 21348K, committed 21628K, reserved 1069056K
  class space    used 2416K, capacity 2588K, committed 2684K, reserved 1048576K
}
2017-08-10T09:12:47.573+0200: 3,196: Total time for which application threads were stopped: 0,0098333 seconds, Stopping threads took: 0,0000940 seconds
2017-08-10T09:12:47.577+0200: 3,200: [GC (CMS Initial Mark) [1 CMS-initial-mark: 0K(393216K)] 14036K(502464K), 0,0057846 secs] [Times: user=0,01 sys=0,00, real=0,00 secs] 
2017-08-10T09:12:47.583+0200: 3,206: Total time for which application threads were stopped: 0,0059507 seconds, Stopping threads took: 0,0000556 seconds
2017-08-10T09:12:47.583+0200: 3,206: [CMS-concurrent-mark-start]
2017-08-10T09:12:47.589+0200: 3,212: [CMS-concurrent-mark: 0,006/0,006 secs] [Times: user=0,02 sys=0,00, real=0,01 secs] 
2017-08-10T09:12:47.590+0200: 3,212: [CMS-concurrent-preclean-start]
2017-08-10T09:12:47.591+0200: 3,214: [CMS-concurrent-preclean: 0,001/0,001 secs] [Times: user=0,00 sys=0,00, real=0,00 secs] 
2017-08-10T09:12:47.591+0200: 3,214: [CMS-concurrent-abortable-preclean-start]
2017-08-10T09:12:47.662+0200: 3,285: Total time for which application threads were stopped: 0,0001907 seconds, Stopping threads took: 0,0000712 seconds
{Heap before GC invocations=3 (full 1):
 par new generation   total 109248K, used 98686K [0x00000000e0000000, 0x00000000e8000000, 0x00000000e8000000)
  eden space 87424K, 100% used [0x00000000e0000000, 0x00000000e5560000, 0x00000000e5560000)
  from space 21824K,  51% used [0x00000000e6ab0000, 0x00000000e75afb00, 0x00000000e8000000)
  to   space 21824K,   0% used [0x00000000e5560000, 0x00000000e5560000, 0x00000000e6ab0000)
 concurrent mark-sweep generation total 393216K, used 0K [0x00000000e8000000, 0x0000000100000000, 0x0000000100000000)
 Metaspace       used 21296K, capacity 21620K, committed 21884K, reserved 1069056K
  class space    used 2448K, capacity 2603K, committed 2684K, reserved 1048576K
2017-08-10T09:12:47.705+0200: 3,328: [GC (Allocation Failure) 2017-08-10T09:12:47.706+0200: 3,328: [ParNew
Desired survivor size 20112992 bytes, new threshold 8 (max 8)
- age   1:    1166000 bytes,    1166000 total
- age   2:    1469568 bytes,    2635568 total
- age   3:    1375120 bytes,    4010688 total
- age   4:    6113184 bytes,   10123872 total
: 98686K->14940K(109248K), 0,0149842 secs] 98686K->14940K(502464K), 0,0150581 secs] [Times: user=0,04 sys=0,00, real=0,01 secs] 
Heap after GC invocations=4 (full 1):
 par new generation   total 109248K, used 14940K [0x00000000e0000000, 0x00000000e8000000, 0x00000000e8000000)
  eden space 87424K,   0% used [0x00000000e0000000, 0x00000000e0000000, 0x00000000e5560000)
  from space 21824K,  68% used [0x00000000e5560000, 0x00000000e63f7398, 0x00000000e6ab0000)
  to   space 21824K,   0% used [0x00000000e6ab0000, 0x00000000e6ab0000, 0x00000000e8000000)
 concurrent mark-sweep generation total 393216K, used 0K [0x00000000e8000000, 0x0000000100000000, 0x0000000100000000)
 Metaspace       used 21296K, capacity 21620K, committed 21884K, reserved 1069056K
  class space    used 2448K, capacity 2603K, committed 2684K, reserved 1048576K
}
2017-08-10T09:12:47.721+0200: 3,343: Total time for which application threads were stopped: 0,0159403 seconds, Stopping threads took: 0,0007429 seconds
2017-08-10T09:12:47.721+0200: 3,344: [CMS-concurrent-abortable-preclean: 0,072/0,130 secs] [Times: user=0,50 sys=0,00, real=0,13 secs] 
2017-08-10T09:12:47.737+0200: 3,360: [GC (CMS Final Remark) [YG occupancy: 32101 K (109248 K)]{Heap before GC invocations=4 (full 1):
 par new generation   total 109248K, used 32101K [0x00000000e0000000, 0x00000000e8000000, 0x00000000e8000000)
  eden space 87424K,  19% used [0x00000000e0000000, 0x00000000e10c2310, 0x00000000e5560000)
  from space 21824K,  68% used [0x00000000e5560000, 0x00000000e63f7398, 0x00000000e6ab0000)
  to   space 21824K,   0% used [0x00000000e6ab0000, 0x00000000e6ab0000, 0x00000000e8000000)
 concurrent mark-sweep generation total 393216K, used 0K [0x00000000e8000000, 0x0000000100000000, 0x0000000100000000)
 Metaspace       used 21305K, capacity 21620K, committed 21884K, reserved 1069056K
  class space    used 2448K, capacity 2603K, committed 2684K, reserved 1048576K
2017-08-10T09:12:47.737+0200: 3,360: [GC (CMS Final Remark) 2017-08-10T09:12:47.737+0200: 3,360: [ParNew
Desired survivor size 20112992 bytes, new threshold 8 (max 8)
- age   1:     724120 bytes,     724120 total
- age   2:     269792 bytes,     993912 total
- age   3:    1469568 bytes,    2463480 total
- age   4:    1375120 bytes,    3838600 total
- age   5:    6113344 bytes,    9951944 total
: 32101K->12666K(109248K), 0,0130498 secs] 32101K->12666K(502464K), 0,0130938 secs] [Times: user=0,04 sys=0,00, real=0,01 secs] 
Heap after GC invocations=5 (full 1):
 par new generation   total 109248K, used 12666K [0x00000000e0000000, 0x00000000e8000000, 0x00000000e8000000)
  eden space 87424K,   0% used [0x00000000e0000000, 0x00000000e0000000, 0x00000000e5560000)
  from space 21824K,  58% used [0x00000000e6ab0000, 0x00000000e770eab0, 0x00000000e8000000)
  to   space 21824K,   0% used [0x00000000e5560000, 0x00000000e5560000, 0x00000000e6ab0000)
 concurrent mark-sweep generation total 393216K, used 0K [0x00000000e8000000, 0x0000000100000000, 0x0000000100000000)
 Metaspace       used 21305K, capacity 21620K, committed 21884K, reserved 1069056K
  class space    used 2448K, capacity 2603K, committed 2684K, reserved 1048576K
}
2017-08-10T09:12:47.750+0200: 3,373: [Rescan (parallel) , 0,0034311 secs]2017-08-10T09:12:47.754+0200: 3,377: [weak refs processing, 0,0007157 secs]2017-08-10T09:12:47.754+0200: 3,377: [class unloading, 0,0028751 secs]2017-08-10T09:12:47.757+0200: 3,380: [scrub symbol table, 0,0024839 secs]2017-08-10T09:12:47.760+0200: 3,383: [scrub string table, 0,0003687 secs][1 CMS-remark: 0K(393216K)] 12666K(502464K), 0,0236471 secs] [Times: user=0,06 sys=0,00, real=0,02 secs] 
2017-08-10T09:12:47.761+0200: 3,384: Total time for which application threads were stopped: 0,0275865 seconds, Stopping threads took: 0,0038280 seconds
2017-08-10T09:12:47.761+0200: 3,384: [CMS-concurrent-sweep-start]
2017-08-10T09:12:47.761+0200: 3,384: [CMS-concurrent-sweep: 0,000/0,000 secs] [Times: user=0,00 sys=0,00, real=0,00 secs] 
2017-08-10T09:12:47.761+0200: 3,384: [CMS-concurrent-reset-start]
2017-08-10T09:12:47.763+0200: 3,386: [CMS-concurrent-reset: 0,003/0,003 secs] [Times: user=0,01 sys=0,00, real=0,00 secs] 
{Heap before GC invocations=5 (full 1):
 par new generation   total 109248K, used 100090K [0x00000000e0000000, 0x00000000e8000000, 0x00000000e8000000)
  eden space 87424K, 100% used [0x00000000e0000000, 0x00000000e5560000, 0x00000000e5560000)
  from space 21824K,  58% used [0x00000000e6ab0000, 0x00000000e770eab0, 0x00000000e8000000)
  to   space 21824K,   0% used [0x00000000e5560000, 0x00000000e5560000, 0x00000000e6ab0000)
 concurrent mark-sweep generation total 393216K, used 0K [0x00000000e8000000, 0x0000000100000000, 0x0000000100000000)
 Metaspace       used 21504K, capacity 21920K, committed 22140K, reserved 1069056K
  class space    used 2474K, capacity 2637K, committed 2684K, reserved 1048576K
2017-08-10T09:12:47.857+0200: 3,480: [GC (Allocation Failure) 2017-08-10T09:12:47.857+0200: 3,480: [ParNew
Desired survivor size 20112992 bytes, new threshold 8 (max 8)
- age   1:     672312 bytes,     672312 total
- age   2:      23000 bytes,     695312 total
- age   3:     180288 bytes,     875600 total
- age   4:    1467712 bytes,    2343312 total
- age   5:    1371264 bytes,    3714576 total
- age   6:    6113224 bytes,    9827800 total
: 100090K->11989K(109248K), 0,0121979 secs] 100090K->11989K(502464K), 0,0122582 secs] [Times: user=0,03 sys=0,00, real=0,01 secs] 
Heap after GC invocations=6 (full 1):
 par new generation   total 109248K, used 11989K [0x00000000e0000000, 0x00000000e8000000, 0x00000000e8000000)
  eden space 87424K,   0% used [0x00000000e0000000, 0x00000000e0000000, 0x00000000e5560000)
  from space 21824K,  54% used [0x00000000e5560000, 0x00000000e61157b0, 0x00000000e6ab0000)
  to   space 21824K,   0% used [0x00000000e6ab0000, 0x00000000e6ab0000, 0x00000000e8000000)
 concurrent mark-sweep generation total 393216K, used 0K [0x00000000e8000000, 0x0000000100000000, 0x0000000100000000)
 Metaspace       used 21504K, capacity 21920K, committed 22140K, reserved 1069056K
  class space    used 2474K, capacity 2637K, committed 2684K, reserved 1048576K
}
2017-08-10T09:12:47.869+0200: 3,492: Total time for which application threads were stopped: 0,0143290 seconds, Stopping threads took: 0,0019311 seconds
2017-08-10T09:12:47.885+0200: 3,508: Total time for which application threads were stopped: 0,0003214 seconds, Stopping threads took: 0,0000200 seconds
2017-08-10T09:12:48.119+0200: 3,742: Total time for which application threads were stopped: 0,0004243 seconds, Stopping threads took: 0,0000284 seconds
2017-08-10T09:12:48.134+0200: 3,757: Total time for which application threads were stopped: 0,0004387 seconds, Stopping threads took: 0,0000356 seconds
{Heap before GC invocations=6 (full 1):
 par new generation   total 109248K, used 99413K [0x00000000e0000000, 0x00000000e8000000, 0x00000000e8000000)
  eden space 87424K, 100% used [0x00000000e0000000, 0x00000000e5560000, 0x00000000e5560000)
  from space 21824K,  54% used [0x00000000e5560000, 0x00000000e61157b0, 0x00000000e6ab0000)
  to   space 21824K,   0% used [0x00000000e6ab0000, 0x00000000e6ab0000, 0x00000000e8000000)
 concurrent mark-sweep generation total 393216K, used 0K [0x00000000e8000000, 0x0000000100000000, 0x0000000100000000)
 Metaspace       used 24432K, capacity 24862K, committed 25084K, reserved 1071104K
  class space    used 2858K, capacity 3042K, committed 3068K, reserved 1048576K
2017-08-10T09:12:48.349+0200: 3,972: [GC (Allocation Failure) 2017-08-10T09:12:48.349+0200: 3,972: [ParNew
Desired survivor size 20112992 bytes, new threshold 8 (max 8)
- age   1:    5573264 bytes,    5573264 total
- age   2:     184664 bytes,    5757928 total
- age   3:      23000 bytes,    5780928 total
- age   4:     179648 bytes,    5960576 total
- age   5:     299616 bytes,    6260192 total
- age   6:    1346784 bytes,    7606976 total
- age   7:    6104552 bytes,   13711528 total
: 99413K->18893K(109248K), 0,0148186 secs] 99413K->18893K(502464K), 0,0149141 secs] [Times: user=0,06 sys=0,00, real=0,01 secs] 
Heap after GC invocations=7 (full 1):
 par new generation   total 109248K, used 18893K [0x00000000e0000000, 0x00000000e8000000, 0x00000000e8000000)
  eden space 87424K,   0% used [0x00000000e0000000, 0x00000000e0000000, 0x00000000e5560000)
  from space 21824K,  86% used [0x00000000e6ab0000, 0x00000000e7d23590, 0x00000000e8000000)
  to   space 21824K,   0% used [0x00000000e5560000, 0x00000000e5560000, 0x00000000e6ab0000)
 concurrent mark-sweep generation total 393216K, used 0K [0x00000000e8000000, 0x0000000100000000, 0x0000000100000000)
 Metaspace       used 24432K, capacity 24862K, committed 25084K, reserved 1071104K
  class space    used 2858K, capacity 3042K, committed 3068K, reserved 1048576K
}
2017-08-10T09:12:48.364+0200: 3,987: Total time for which application threads were stopped: 0,0163738 seconds, Stopping threads took: 0,0011950 seconds
2017-08-10T09:12:48.430+0200: 4,053: Total time for which application threads were stopped: 0,0007574 seconds, Stopping threads took: 0,0000599 seconds
{Heap before GC invocations=7 (full 1):
 par new generation   total 109248K, used 106317K [0x00000000e0000000, 0x00000000e8000000, 0x00000000e8000000)
  eden space 87424K, 100% used [0x00000000e0000000, 0x00000000e5560000, 0x00000000e5560000)
  from space 21824K,  86% used [0x00000000e6ab0000, 0x00000000e7d23590, 0x00000000e8000000)
  to   space 21824K,   0% used [0x00000000e5560000, 0x00000000e5560000, 0x00000000e6ab0000)
 concurrent mark-sweep generation total 393216K, used 0K [0x00000000e8000000, 0x0000000100000000, 0x0000000100000000)
 Metaspace       used 24760K, capacity 25226K, committed 25468K, reserved 1071104K
  class space    used 2889K, capacity 3076K, committed 3196K, reserved 1048576K
2017-08-10T09:12:48.464+0200: 4,087: [GC (Allocation Failure) 2017-08-10T09:12:48.464+0200: 4,087: [ParNew
Desired survivor size 20112992 bytes, new threshold 8 (max 8)
- age   1:    2207976 bytes,    2207976 total
- age   2:    1834560 bytes,    4042536 total
- age   3:      89120 bytes,    4131656 total
- age   4:        472 bytes,    4132128 total
- age   5:     111136 bytes,    4243264 total
- age   6:     199904 bytes,    4443168 total
- age   7:     968680 bytes,    5411848 total
- age   8:    5907728 bytes,   11319576 total
: 106317K->14241K(109248K), 0,0146953 secs] 106317K->14241K(502464K), 0,0147918 secs] [Times: user=0,06 sys=0,00, real=0,02 secs] 
Heap after GC invocations=8 (full 1):
 par new generation   total 109248K, used 14241K [0x00000000e0000000, 0x00000000e8000000, 0x00000000e8000000)
  eden space 87424K,   0% used [0x00000000e0000000, 0x00000000e0000000, 0x00000000e5560000)
  from space 21824K,  65% used [0x00000000e5560000, 0x00000000e6348480, 0x00000000e6ab0000)
  to   space 21824K,   0% used [0x00000000e6ab0000, 0x00000000e6ab0000, 0x00000000e8000000)
 concurrent mark-sweep generation total 393216K, used 0K [0x00000000e8000000, 0x0000000100000000, 0x0000000100000000)
 Metaspace       used 24760K, capacity 25226K, committed 25468K, reserved 1071104K
  class space    used 2889K, capacity 3076K, committed 3196K, reserved 1048576K
}
2017-08-10T09:12:48.479+0200: 4,102: Total time for which application threads were stopped: 0,0156291 seconds, Stopping threads took: 0,0006447 seconds
{Heap before GC invocations=8 (full 1):
 par new generation   total 109248K, used 101665K [0x00000000e0000000, 0x00000000e8000000, 0x00000000e8000000)
  eden space 87424K, 100% used [0x00000000e0000000, 0x00000000e5560000, 0x00000000e5560000)
  from space 21824K,  65% used [0x00000000e5560000, 0x00000000e6348480, 0x00000000e6ab0000)
  to   space 21824K,   0% used [0x00000000e6ab0000, 0x00000000e6ab0000, 0x00000000e8000000)
 concurrent mark-sweep generation total 393216K, used 0K [0x00000000e8000000, 0x0000000100000000, 0x0000000100000000)
 Metaspace       used 25037K, capacity 25508K, committed 25724K, reserved 1071104K
  class space    used 2909K, capacity 3081K, committed 3196K, reserved 1048576K
2017-08-10T09:12:48.568+0200: 4,191: [GC (Allocation Failure) 2017-08-10T09:12:48.568+0200: 4,191: [ParNew
Desired survivor size 20112992 bytes, new threshold 8 (max 8)
- age   1:     671984 bytes,     671984 total
- age   2:    1011896 bytes,    1683880 total
- age   3:    1811360 bytes,    3495240 total
- age   4:      86584 bytes,    3581824 total
- age   5:        472 bytes,    3582296 total
- age   6:     110936 bytes,    3693232 total
- age   7:     199408 bytes,    3892640 total
- age   8:     967848 bytes,    4860488 total
: 101665K->7406K(109248K), 0,0290820 secs] 101665K->13802K(502464K), 0,0291456 secs] [Times: user=0,10 sys=0,00, real=0,03 secs] 
Heap after GC invocations=9 (full 1):
 par new generation   total 109248K, used 7406K [0x00000000e0000000, 0x00000000e8000000, 0x00000000e8000000)
  eden space 87424K,   0% used [0x00000000e0000000, 0x00000000e0000000, 0x00000000e5560000)
  from space 21824K,  33% used [0x00000000e6ab0000, 0x00000000e71ebb80, 0x00000000e8000000)
  to   space 21824K,   0% used [0x00000000e5560000, 0x00000000e5560000, 0x00000000e6ab0000)
 concurrent mark-sweep generation total 393216K, used 6395K [0x00000000e8000000, 0x0000000100000000, 0x0000000100000000)
 Metaspace       used 25037K, capacity 25508K, committed 25724K, reserved 1071104K
  class space    used 2909K, capacity 3081K, committed 3196K, reserved 1048576K
}
2017-08-10T09:12:48.597+0200: 4,220: Total time for which application threads were stopped: 0,0293477 seconds, Stopping threads took: 0,0000553 seconds
2017-08-10T09:12:48.713+0200: 4,336: Total time for which application threads were stopped: 0,0053295 seconds, Stopping threads took: 0,0052081 seconds
2017-08-10T09:12:48.714+0200: 4,336: Total time for which application threads were stopped: 0,0002070 seconds, Stopping threads took: 0,0001264 seconds
2017-08-10T09:12:48.715+0200: 4,338: Total time for which application threads were stopped: 0,0001291 seconds, Stopping threads took: 0,0000441 seconds
2017-08-10T09:12:48.716+0200: 4,339: Total time for which application threads were stopped: 0,0001103 seconds, Stopping threads took: 0,0000464 seconds
2017-08-10T09:12:48.717+0200: 4,340: Total time for which application threads were stopped: 0,0000802 seconds, Stopping threads took: 0,0000319 seconds
2017-08-10T09:12:48.723+0200: 4,346: Total time for which application threads were stopped: 0,0001422 seconds, Stopping threads took: 0,0000556 seconds
2017-08-10T09:12:48.724+0200: 4,347: Total time for which application threads were stopped: 0,0014055 seconds, Stopping threads took: 0,0013338 seconds
2017-08-10T09:12:48.725+0200: 4,348: Total time for which application threads were stopped: 0,0002147 seconds, Stopping threads took: 0,0001385 seconds
2017-08-10T09:12:48.725+0200: 4,348: Total time for which application threads were stopped: 0,0003510 seconds, Stopping threads took: 0,0002818 seconds
2017-08-10T09:12:48.726+0200: 4,349: Total time for which application threads were stopped: 0,0003462 seconds, Stopping threads took: 0,0002790 seconds
2017-08-10T09:12:48.727+0200: 4,349: Total time for which application threads were stopped: 0,0001571 seconds, Stopping threads took: 0,0000525 seconds
2017-08-10T09:12:48.731+0200: 4,354: Total time for which application threads were stopped: 0,0024284 seconds, Stopping threads took: 0,0023130 seconds
2017-08-10T09:12:48.732+0200: 4,355: Total time for which application threads were stopped: 0,0001650 seconds, Stopping threads took: 0,0000830 seconds
2017-08-10T09:12:48.732+0200: 4,355: Total time for which application threads were stopped: 0,0000897 seconds, Stopping threads took: 0,0000242 seconds
2017-08-10T09:12:48.732+0200: 4,355: Total time for which application threads were stopped: 0,0000897 seconds, Stopping threads took: 0,0000278 seconds
2017-08-10T09:12:48.733+0200: 4,356: Total time for which application threads were stopped: 0,0000681 seconds, Stopping threads took: 0,0000204 seconds
2017-08-10T09:12:48.733+0200: 4,356: Total time for which application threads were stopped: 0,0000960 seconds, Stopping threads took: 0,0000133 seconds
2017-08-10T09:12:48.733+0200: 4,356: Total time for which application threads were stopped: 0,0001081 seconds, Stopping threads took: 0,0000107 seconds
2017-08-10T09:12:48.733+0200: 4,356: Total time for which application threads were stopped: 0,0000838 seconds, Stopping threads took: 0,0000271 seconds
2017-08-10T09:12:48.737+0200: 4,360: Total time for which application threads were stopped: 0,0004129 seconds, Stopping threads took: 0,0000308 seconds
2017-08-10T09:12:48.738+0200: 4,361: Total time for which application threads were stopped: 0,0005395 seconds, Stopping threads took: 0,0004570 seconds
2017-08-10T09:12:48.739+0200: 4,362: Total time for which application threads were stopped: 0,0001827 seconds, Stopping threads took: 0,0000439 seconds
2017-08-10T09:12:48.739+0200: 4,362: Total time for which application threads were stopped: 0,0001314 seconds, Stopping threads took: 0,0000306 seconds
2017-08-10T09:12:48.745+0200: 4,368: Total time for which application threads were stopped: 0,0001864 seconds, Stopping threads took: 0,0000642 seconds
2017-08-10T09:12:48.745+0200: 4,368: Total time for which application threads were stopped: 0,0000836 seconds, Stopping threads took: 0,0000165 seconds
2017-08-10T09:12:48.746+0200: 4,369: Total time for which application threads were stopped: 0,0000964 seconds, Stopping threads took: 0,0000183 seconds
2017-08-10T09:12:48.746+0200: 4,369: Total time for which application threads were stopped: 0,0000708 seconds, Stopping threads took: 0,0000096 seconds
2017-08-10T09:12:48.746+0200: 4,369: Total time for which application threads were stopped: 0,0001055 seconds, Stopping threads took: 0,0000341 seconds
2017-08-10T09:12:48.746+0200: 4,369: Total time for which application threads were stopped: 0,0001647 seconds, Stopping threads took: 0,0000100 seconds
2017-08-10T09:12:48.747+0200: 4,370: Total time for which application threads were stopped: 0,0002546 seconds, Stopping threads took: 0,0001764 seconds
2017-08-10T09:12:48.747+0200: 4,370: Total time for which application threads were stopped: 0,0000877 seconds, Stopping threads took: 0,0000258 seconds
2017-08-10T09:12:48.747+0200: 4,370: Total time for which application threads were stopped: 0,0001113 seconds, Stopping threads took: 0,0000360 seconds
2017-08-10T09:12:48.752+0200: 4,375: Total time for which application threads were stopped: 0,0001516 seconds, Stopping threads took: 0,0000499 seconds
2017-08-10T09:12:48.753+0200: 4,376: Total time for which application threads were stopped: 0,0001447 seconds, Stopping threads took: 0,0000415 seconds
2017-08-10T09:12:48.757+0200: 4,380: Total time for which application threads were stopped: 0,0016754 seconds, Stopping threads took: 0,0015910 seconds
2017-08-10T09:12:48.761+0200: 4,384: Total time for which application threads were stopped: 0,0037736 seconds, Stopping threads took: 0,0036903 seconds
2017-08-10T09:12:48.761+0200: 4,384: Total time for which application threads were stopped: 0,0001452 seconds, Stopping threads took: 0,0000459 seconds
2017-08-10T09:12:48.779+0200: 4,402: Total time for which application threads were stopped: 0,0001604 seconds, Stopping threads took: 0,0000744 seconds
2017-08-10T09:12:48.781+0200: 4,404: Total time for which application threads were stopped: 0,0000919 seconds, Stopping threads took: 0,0000283 seconds
2017-08-10T09:12:48.785+0200: 4,408: Total time for which application threads were stopped: 0,0000779 seconds, Stopping threads took: 0,0000156 seconds
2017-08-10T09:12:48.785+0200: 4,408: Total time for which application threads were stopped: 0,0000600 seconds, Stopping threads took: 0,0000102 seconds
2017-08-10T09:12:48.786+0200: 4,409: Total time for which application threads were stopped: 0,0000643 seconds, Stopping threads took: 0,0000154 seconds
2017-08-10T09:12:48.787+0200: 4,409: Total time for which application threads were stopped: 0,0000713 seconds, Stopping threads took: 0,0000253 seconds
2017-08-10T09:12:48.787+0200: 4,410: Total time for which application threads were stopped: 0,0000577 seconds, Stopping threads took: 0,0000098 seconds
2017-08-10T09:12:48.787+0200: 4,410: Total time for which application threads were stopped: 0,0000520 seconds, Stopping threads took: 0,0000188 seconds
2017-08-10T09:12:48.787+0200: 4,410: Total time for which application threads were stopped: 0,0000413 seconds, Stopping threads took: 0,0000077 seconds
2017-08-10T09:12:48.787+0200: 4,410: Total time for which application threads were stopped: 0,0000507 seconds, Stopping threads took: 0,0000102 seconds
2017-08-10T09:12:48.789+0200: 4,412: Total time for which application threads were stopped: 0,0000853 seconds, Stopping threads took: 0,0000181 seconds
2017-08-10T09:12:48.791+0200: 4,414: Total time for which application threads were stopped: 0,0001281 seconds, Stopping threads took: 0,0000205 seconds
2017-08-10T09:12:48.793+0200: 4,416: Total time for which application threads were stopped: 0,0000910 seconds, Stopping threads took: 0,0000281 seconds
2017-08-10T09:12:48.794+0200: 4,417: Total time for which application threads were stopped: 0,0001523 seconds, Stopping threads took: 0,0000920 seconds
2017-08-10T09:12:48.795+0200: 4,417: Total time for which application threads were stopped: 0,0001015 seconds, Stopping threads took: 0,0000577 seconds
2017-08-10T09:12:48.795+0200: 4,418: Total time for which application threads were stopped: 0,0000777 seconds, Stopping threads took: 0,0000142 seconds
2017-08-10T09:12:48.797+0200: 4,420: Total time for which application threads were stopped: 0,0000846 seconds, Stopping threads took: 0,0000164 seconds
2017-08-10T09:12:48.797+0200: 4,420: Total time for which application threads were stopped: 0,0000792 seconds, Stopping threads took: 0,0000310 seconds
2017-08-10T09:12:48.798+0200: 4,421: Total time for which application threads were stopped: 0,0000674 seconds, Stopping threads took: 0,0000110 seconds
2017-08-10T09:12:48.801+0200: 4,424: Total time for which application threads were stopped: 0,0013317 seconds, Stopping threads took: 0,0012565 seconds
2017-08-10T09:12:48.809+0200: 4,432: Total time for which application threads were stopped: 0,0013404 seconds, Stopping threads took: 0,0012751 seconds
2017-08-10T09:12:48.817+0200: 4,440: Total time for which application threads were stopped: 0,0001522 seconds, Stopping threads took: 0,0000355 seconds
2017-08-10T09:12:48.823+0200: 4,446: Total time for which application threads were stopped: 0,0001733 seconds, Stopping threads took: 0,0000214 seconds
2017-08-10T09:12:48.848+0200: 4,471: Total time for which application threads were stopped: 0,0004129 seconds, Stopping threads took: 0,0000276 seconds
2017-08-10T09:12:48.862+0200: 4,485: Total time for which application threads were stopped: 0,0004409 seconds, Stopping threads took: 0,0000234 seconds
2017-08-10T09:12:48.925+0200: 4,548: Total time for which application threads were stopped: 0,0009804 seconds, Stopping threads took: 0,0006155 seconds
2017-08-10T09:12:48.931+0200: 4,554: Total time for which application threads were stopped: 0,0001473 seconds, Stopping threads took: 0,0000617 seconds
2017-08-10T09:12:48.935+0200: 4,558: Total time for which application threads were stopped: 0,0002028 seconds, Stopping threads took: 0,0001166 seconds
2017-08-10T09:12:48.936+0200: 4,559: Total time for which application threads were stopped: 0,0001346 seconds, Stopping threads took: 0,0000699 seconds
2017-08-10T09:12:48.944+0200: 4,567: Total time for which application threads were stopped: 0,0000920 seconds, Stopping threads took: 0,0000253 seconds
2017-08-10T09:12:48.949+0200: 4,572: Total time for which application threads were stopped: 0,0001368 seconds, Stopping threads took: 0,0000403 seconds
2017-08-10T09:12:48.952+0200: 4,575: Total time for which application threads were stopped: 0,0001023 seconds, Stopping threads took: 0,0000351 seconds
2017-08-10T09:12:48.954+0200: 4,577: Total time for which application threads were stopped: 0,0001179 seconds, Stopping threads took: 0,0000381 seconds
2017-08-10T09:12:48.957+0200: 4,580: Total time for which application threads were stopped: 0,0001551 seconds, Stopping threads took: 0,0000482 seconds
2017-08-10T09:12:48.962+0200: 4,585: Total time for which application threads were stopped: 0,0001221 seconds, Stopping threads took: 0,0000471 seconds
2017-08-10T09:12:48.964+0200: 4,587: Total time for which application threads were stopped: 0,0002440 seconds, Stopping threads took: 0,0001600 seconds
2017-08-10T09:12:48.965+0200: 4,588: Total time for which application threads were stopped: 0,0000879 seconds, Stopping threads took: 0,0000291 seconds
2017-08-10T09:12:48.965+0200: 4,588: Total time for which application threads were stopped: 0,0001053 seconds, Stopping threads took: 0,0000367 seconds
2017-08-10T09:12:48.973+0200: 4,596: Total time for which application threads were stopped: 0,0031028 seconds, Stopping threads took: 0,0029839 seconds
2017-08-10T09:12:48.976+0200: 4,599: Total time for which application threads were stopped: 0,0001892 seconds, Stopping threads took: 0,0000312 seconds
2017-08-10T09:12:48.979+0200: 4,602: Total time for which application threads were stopped: 0,0012023 seconds, Stopping threads took: 0,0011188 seconds
2017-08-10T09:12:48.998+0200: 4,620: Total time for which application threads were stopped: 0,0001542 seconds, Stopping threads took: 0,0000539 seconds
2017-08-10T09:12:49.002+0200: 4,625: Total time for which application threads were stopped: 0,0005109 seconds, Stopping threads took: 0,0004350 seconds
2017-08-10T09:12:49.005+0200: 4,628: Total time for which application threads were stopped: 0,0005175 seconds, Stopping threads took: 0,0004437 seconds
2017-08-10T09:12:49.035+0200: 4,658: Total time for which application threads were stopped: 0,0011613 seconds, Stopping threads took: 0,0010570 seconds
2017-08-10T09:12:49.057+0200: 4,680: Total time for which application threads were stopped: 0,0004309 seconds, Stopping threads took: 0,0000422 seconds
2017-08-10T09:12:49.083+0200: 4,706: Total time for which application threads were stopped: 0,0001607 seconds, Stopping threads took: 0,0000403 seconds
2017-08-10T09:13:16.091+0200: 31,714: Total time for which application threads were stopped: 0,0000954 seconds, Stopping threads took: 0,0000207 seconds
2017-08-10T09:14:07.096+0200: 82,719: Total time for which application threads were stopped: 0,0000665 seconds, Stopping threads took: 0,0000172 seconds
2017-08-10T09:14:42.101+0200: 117,724: Total time for which application threads were stopped: 0,0001531 seconds, Stopping threads took: 0,0000590 seconds
2017-08-10T09:14:47.101+0200: 122,724: Total time for which application threads were stopped: 0,0000621 seconds, Stopping threads took: 0,0000158 seconds
2017-08-10T09:17:22.122+0200: 277,745: Total time for which application threads were stopped: 0,0000953 seconds, Stopping threads took: 0,0000379 seconds
2017-08-10T11:14:19.776+0200: 1412,177: Total time for which application threads were stopped: 0,0001018 seconds, Stopping threads took: 0,0000393 seconds
2017-08-10T11:18:39.808+0200: 1672,209: Total time for which application threads were stopped: 0,0000799 seconds, Stopping threads took: 0,0000304 seconds
2017-08-10T11:29:09.884+0200: 2302,285: Total time for which application threads were stopped: 0,0001105 seconds, Stopping threads took: 0,0000393 seconds
2017-08-10T11:29:13.885+0200: 2306,286: Total time for which application threads were stopped: 0,0000705 seconds, Stopping threads took: 0,0000174 seconds
2017-08-10T11:44:04.988+0200: 3197,389: Total time for which application threads were stopped: 0,0000857 seconds, Stopping threads took: 0,0000321 seconds
2017-08-10T11:55:09.064+0200: 3861,466: Total time for which application threads were stopped: 0,0001210 seconds, Stopping threads took: 0,0000459 seconds
2017-08-10T11:55:14.065+0200: 3866,466: Total time for which application threads were stopped: 0,0000656 seconds, Stopping threads took: 0,0000151 seconds
2017-08-10T12:09:50.160+0200: 4742,562: Total time for which application threads were stopped: 0,0000790 seconds, Stopping threads took: 0,0000311 seconds
2017-08-10T12:10:00.161+0200: 4752,563: Total time for which application threads were stopped: 0,0000654 seconds, Stopping threads took: 0,0000150 seconds
{Heap before GC invocations=9 (full 1):
 par new generation   total 109248K, used 94830K [0x00000000e0000000, 0x00000000e8000000, 0x00000000e8000000)
  eden space 87424K, 100% used [0x00000000e0000000, 0x00000000e5560000, 0x00000000e5560000)
  from space 21824K,  33% used [0x00000000e6ab0000, 0x00000000e71ebb80, 0x00000000e8000000)
  to   space 21824K,   0% used [0x00000000e5560000, 0x00000000e5560000, 0x00000000e6ab0000)
 concurrent mark-sweep generation total 393216K, used 6395K [0x00000000e8000000, 0x0000000100000000, 0x0000000100000000)
 Metaspace       used 28055K, capacity 28552K, committed 28796K, reserved 1075200K
  class space    used 3216K, capacity 3389K, committed 3452K, reserved 1048576K
2017-08-10T12:21:57.389+0200: 5469,790: [GC (Allocation Failure) 2017-08-10T12:21:57.389+0200: 5469,790: [ParNew
Desired survivor size 20112992 bytes, new threshold 8 (max 8)
- age   1:   10639616 bytes,   10639616 total
- age   2:     260264 bytes,   10899880 total
- age   3:     228344 bytes,   11128224 total
- age   4:    1806440 bytes,   12934664 total
- age   5:      86552 bytes,   13021216 total
- age   6:        472 bytes,   13021688 total
- age   7:     110808 bytes,   13132496 total
- age   8:     199312 bytes,   13331808 total
: 94830K->14182K(109248K), 0,0861891 secs] 101226K->21535K(502464K), 0,0862729 secs] [Times: user=0,05 sys=0,00, real=0,08 secs] 
Heap after GC invocations=10 (full 1):
 par new generation   total 109248K, used 14182K [0x00000000e0000000, 0x00000000e8000000, 0x00000000e8000000)
  eden space 87424K,   0% used [0x00000000e0000000, 0x00000000e0000000, 0x00000000e5560000)
  from space 21824K,  64% used [0x00000000e5560000, 0x00000000e6339810, 0x00000000e6ab0000)
  to   space 21824K,   0% used [0x00000000e6ab0000, 0x00000000e6ab0000, 0x00000000e8000000)
 concurrent mark-sweep generation total 393216K, used 7353K [0x00000000e8000000, 0x0000000100000000, 0x0000000100000000)
 Metaspace       used 28055K, capacity 28552K, committed 28796K, reserved 1075200K
  class space    used 3216K, capacity 3389K, committed 3452K, reserved 1048576K
}
2017-08-10T12:21:57.475+0200: 5469,876: Total time for which application threads were stopped: 0,0865807 seconds, Stopping threads took: 0,0001098 seconds
2017-08-10T12:21:57.481+0200: 5469,883: Total time for which application threads were stopped: 0,0014671 seconds, Stopping threads took: 0,0013903 seconds
2017-08-10T12:21:57.483+0200: 5469,884: Total time for which application threads were stopped: 0,0009870 seconds, Stopping threads took: 0,0009206 seconds
2017-08-10T12:21:57.502+0200: 5469,904: Total time for which application threads were stopped: 0,0042450 seconds, Stopping threads took: 0,0041638 seconds
2017-08-10T12:21:57.504+0200: 5469,905: Total time for which application threads were stopped: 0,0006514 seconds, Stopping threads took: 0,0005740 seconds
2017-08-10T12:21:57.507+0200: 5469,908: Total time for which application threads were stopped: 0,0001329 seconds, Stopping threads took: 0,0000755 seconds
2017-08-10T12:21:57.508+0200: 5469,909: Total time for which application threads were stopped: 0,0002278 seconds, Stopping threads took: 0,0001781 seconds
2017-08-10T12:21:57.509+0200: 5469,911: Total time for which application threads were stopped: 0,0001191 seconds, Stopping threads took: 0,0000501 seconds
2017-08-10T12:21:57.510+0200: 5469,911: Total time for which application threads were stopped: 0,0000700 seconds, Stopping threads took: 0,0000142 seconds
2017-08-10T12:21:57.510+0200: 5469,911: Total time for which application threads were stopped: 0,0000480 seconds, Stopping threads took: 0,0000107 seconds
2017-08-10T12:21:57.510+0200: 5469,912: Total time for which application threads were stopped: 0,0000294 seconds, Stopping threads took: 0,0000071 seconds
2017-08-10T12:21:57.510+0200: 5469,912: Total time for which application threads were stopped: 0,0000550 seconds, Stopping threads took: 0,0000264 seconds
2017-08-10T12:21:57.510+0200: 5469,912: Total time for which application threads were stopped: 0,0000309 seconds, Stopping threads took: 0,0000075 seconds
2017-08-10T12:21:57.510+0200: 5469,912: Total time for which application threads were stopped: 0,0000407 seconds, Stopping threads took: 0,0000186 seconds
2017-08-10T12:21:57.511+0200: 5469,913: Total time for which application threads were stopped: 0,0000945 seconds, Stopping threads took: 0,0000245 seconds
2017-08-10T12:21:57.512+0200: 5469,913: Total time for which application threads were stopped: 0,0000485 seconds, Stopping threads took: 0,0000185 seconds
2017-08-10T12:21:57.512+0200: 5469,913: Total time for which application threads were stopped: 0,0000436 seconds, Stopping threads took: 0,0000162 seconds
2017-08-10T12:21:57.512+0200: 5469,913: Total time for which application threads were stopped: 0,0000416 seconds, Stopping threads took: 0,0000088 seconds
2017-08-10T12:21:57.512+0200: 5469,913: Total time for which application threads were stopped: 0,0001124 seconds, Stopping threads took: 0,0000825 seconds
2017-08-10T12:21:57.512+0200: 5469,913: Total time for which application threads were stopped: 0,0000413 seconds, Stopping threads took: 0,0000206 seconds
2017-08-10T12:21:57.512+0200: 5469,914: Total time for which application threads were stopped: 0,0000370 seconds, Stopping threads took: 0,0000154 seconds
2017-08-10T12:21:57.512+0200: 5469,914: Total time for which application threads were stopped: 0,0000369 seconds, Stopping threads took: 0,0000134 seconds
2017-08-10T12:21:57.512+0200: 5469,914: Total time for which application threads were stopped: 0,0000244 seconds, Stopping threads took: 0,0000056 seconds
2017-08-10T12:21:57.514+0200: 5469,915: Total time for which application threads were stopped: 0,0015937 seconds, Stopping threads took: 0,0013071 seconds
2017-08-10T12:21:57.514+0200: 5469,915: Total time for which application threads were stopped: 0,0000458 seconds, Stopping threads took: 0,0000076 seconds
2017-08-10T12:21:57.519+0200: 5469,920: Total time for which application threads were stopped: 0,0001052 seconds, Stopping threads took: 0,0000303 seconds
2017-08-10T12:21:57.519+0200: 5469,920: Total time for which application threads were stopped: 0,0000384 seconds, Stopping threads took: 0,0000056 seconds
2017-08-10T12:21:57.519+0200: 5469,920: Total time for which application threads were stopped: 0,0000470 seconds, Stopping threads took: 0,0000135 seconds
2017-08-10T12:21:57.519+0200: 5469,920: Total time for which application threads were stopped: 0,0000343 seconds, Stopping threads took: 0,0000051 seconds
2017-08-10T12:21:57.519+0200: 5469,920: Total time for which application threads were stopped: 0,0000427 seconds, Stopping threads took: 0,0000114 seconds
2017-08-10T12:21:57.519+0200: 5469,920: Total time for which application threads were stopped: 0,0000341 seconds, Stopping threads took: 0,0000046 seconds
2017-08-10T12:21:57.519+0200: 5469,921: Total time for which application threads were stopped: 0,0000410 seconds, Stopping threads took: 0,0000117 seconds
2017-08-10T12:21:57.522+0200: 5469,923: Total time for which application threads were stopped: 0,0001120 seconds, Stopping threads took: 0,0000364 seconds
2017-08-10T12:21:57.522+0200: 5469,923: Total time for which application threads were stopped: 0,0000532 seconds, Stopping threads took: 0,0000163 seconds
2017-08-10T12:21:57.522+0200: 5469,924: Total time for which application threads were stopped: 0,0000624 seconds, Stopping threads took: 0,0000178 seconds
2017-08-10T12:21:57.522+0200: 5469,924: Total time for which application threads were stopped: 0,0000452 seconds, Stopping threads took: 0,0000130 seconds
2017-08-10T12:21:57.522+0200: 5469,924: Total time for which application threads were stopped: 0,0000410 seconds, Stopping threads took: 0,0000114 seconds
2017-08-10T12:21:57.522+0200: 5469,924: Total time for which application threads were stopped: 0,0000440 seconds, Stopping threads took: 0,0000137 seconds
2017-08-10T12:21:57.526+0200: 5469,927: Total time for which application threads were stopped: 0,0001062 seconds, Stopping threads took: 0,0000233 seconds
2017-08-10T12:21:57.528+0200: 5469,929: Total time for which application threads were stopped: 0,0014206 seconds, Stopping threads took: 0,0013484 seconds
2017-08-10T12:21:57.530+0200: 5469,931: Total time for which application threads were stopped: 0,0000915 seconds, Stopping threads took: 0,0000293 seconds
2017-08-10T12:21:57.530+0200: 5469,931: Total time for which application threads were stopped: 0,0000532 seconds, Stopping threads took: 0,0000189 seconds
2017-08-10T12:21:57.531+0200: 5469,932: Total time for which application threads were stopped: 0,0000876 seconds, Stopping threads took: 0,0000283 seconds
2017-08-10T12:21:57.531+0200: 5469,932: Total time for which application threads were stopped: 0,0000611 seconds, Stopping threads took: 0,0000227 seconds
2017-08-10T12:21:57.532+0200: 5469,933: Total time for which application threads were stopped: 0,0007181 seconds, Stopping threads took: 0,0006634 seconds
2017-08-10T12:21:57.534+0200: 5469,936: Total time for which application threads were stopped: 0,0000994 seconds, Stopping threads took: 0,0000330 seconds
2017-08-10T12:21:57.535+0200: 5469,936: Total time for which application threads were stopped: 0,0000722 seconds, Stopping threads took: 0,0000347 seconds
2017-08-10T12:21:57.535+0200: 5469,936: Total time for which application threads were stopped: 0,0000651 seconds, Stopping threads took: 0,0000187 seconds
2017-08-10T12:21:57.535+0200: 5469,936: Total time for which application threads were stopped: 0,0000474 seconds, Stopping threads took: 0,0000157 seconds
2017-08-10T12:21:57.536+0200: 5469,937: Total time for which application threads were stopped: 0,0000846 seconds, Stopping threads took: 0,0000343 seconds
2017-08-10T12:21:57.536+0200: 5469,937: Total time for which application threads were stopped: 0,0002757 seconds, Stopping threads took: 0,0002396 seconds
2017-08-10T12:21:57.536+0200: 5469,938: Total time for which application threads were stopped: 0,0000947 seconds, Stopping threads took: 0,0000583 seconds
2017-08-10T12:21:57.537+0200: 5469,938: Total time for which application threads were stopped: 0,0001456 seconds, Stopping threads took: 0,0001064 seconds
2017-08-10T12:21:57.537+0200: 5469,938: Total time for which application threads were stopped: 0,0000613 seconds, Stopping threads took: 0,0000272 seconds
2017-08-10T12:21:57.539+0200: 5469,940: Total time for which application threads were stopped: 0,0001088 seconds, Stopping threads took: 0,0000504 seconds
2017-08-10T12:21:57.539+0200: 5469,941: Total time for which application threads were stopped: 0,0000558 seconds, Stopping threads took: 0,0000170 seconds
2017-08-10T12:21:57.539+0200: 5469,941: Total time for which application threads were stopped: 0,0000523 seconds, Stopping threads took: 0,0000196 seconds
2017-08-10T12:21:57.540+0200: 5469,941: Total time for which application threads were stopped: 0,0000780 seconds, Stopping threads took: 0,0000437 seconds
2017-08-10T12:21:57.540+0200: 5469,941: Total time for which application threads were stopped: 0,0000592 seconds, Stopping threads took: 0,0000200 seconds
2017-08-10T12:21:57.540+0200: 5469,942: Total time for which application threads were stopped: 0,0000674 seconds, Stopping threads took: 0,0000229 seconds
2017-08-10T12:21:57.541+0200: 5469,942: Total time for which application threads were stopped: 0,0000526 seconds, Stopping threads took: 0,0000129 seconds
2017-08-10T12:21:57.541+0200: 5469,942: Total time for which application threads were stopped: 0,0000363 seconds, Stopping threads took: 0,0000064 seconds
2017-08-10T12:21:57.541+0200: 5469,942: Total time for which application threads were stopped: 0,0001573 seconds, Stopping threads took: 0,0000196 seconds
2017-08-10T12:21:57.542+0200: 5469,943: Total time for which application threads were stopped: 0,0001194 seconds, Stopping threads took: 0,0000467 seconds
2017-08-10T12:21:57.542+0200: 5469,944: Total time for which application threads were stopped: 0,0003160 seconds, Stopping threads took: 0,0000915 seconds
2017-08-10T12:21:57.542+0200: 5469,944: Total time for which application threads were stopped: 0,0000792 seconds, Stopping threads took: 0,0000251 seconds
2017-08-10T12:21:57.543+0200: 5469,944: Total time for which application threads were stopped: 0,0003849 seconds, Stopping threads took: 0,0003372 seconds
2017-08-10T12:21:57.544+0200: 5469,945: Total time for which application threads were stopped: 0,0001148 seconds, Stopping threads took: 0,0000300 seconds
2017-08-10T12:21:57.544+0200: 5469,946: Total time for which application threads were stopped: 0,0000770 seconds, Stopping threads took: 0,0000351 seconds
2017-08-10T12:21:57.544+0200: 5469,946: Total time for which application threads were stopped: 0,0000514 seconds, Stopping threads took: 0,0000178 seconds
2017-08-10T12:21:57.544+0200: 5469,946: Total time for which application threads were stopped: 0,0000483 seconds, Stopping threads took: 0,0000180 seconds
2017-08-10T12:21:57.544+0200: 5469,946: Total time for which application threads were stopped: 0,0000474 seconds, Stopping threads took: 0,0000174 seconds
2017-08-10T12:21:57.545+0200: 5469,946: Total time for which application threads were stopped: 0,0000463 seconds, Stopping threads took: 0,0000163 seconds
2017-08-10T12:21:57.545+0200: 5469,946: Total time for which application threads were stopped: 0,0000439 seconds, Stopping threads took: 0,0000145 seconds
2017-08-10T12:21:57.545+0200: 5469,946: Total time for which application threads were stopped: 0,0000431 seconds, Stopping threads took: 0,0000147 seconds
2017-08-10T12:21:57.545+0200: 5469,946: Total time for which application threads were stopped: 0,0000445 seconds, Stopping threads took: 0,0000150 seconds
2017-08-10T12:21:57.545+0200: 5469,946: Total time for which application threads were stopped: 0,0000416 seconds, Stopping threads took: 0,0000141 seconds
2017-08-10T12:21:57.545+0200: 5469,946: Total time for which application threads were stopped: 0,0000527 seconds, Stopping threads took: 0,0000247 seconds
2017-08-10T12:21:57.545+0200: 5469,946: Total time for which application threads were stopped: 0,0000449 seconds, Stopping threads took: 0,0000169 seconds
2017-08-10T12:21:57.546+0200: 5469,947: Total time for which application threads were stopped: 0,0000832 seconds, Stopping threads took: 0,0000289 seconds
2017-08-10T12:21:57.546+0200: 5469,947: Total time for which application threads were stopped: 0,0001012 seconds, Stopping threads took: 0,0000368 seconds
Heap
 par new generation   total 109248K, used 23676K [0x00000000e0000000, 0x00000000e8000000, 0x00000000e8000000)
  eden space 87424K,  10% used [0x00000000e0000000, 0x00000000e09458b8, 0x00000000e5560000)
  from space 21824K,  64% used [0x00000000e5560000, 0x00000000e6339810, 0x00000000e6ab0000)
  to   space 21824K,   0% used [0x00000000e6ab0000, 0x00000000e6ab0000, 0x00000000e8000000)
 concurrent mark-sweep generation total 393216K, used 7353K [0x00000000e8000000, 0x0000000100000000, 0x0000000100000000)
 Metaspace       used 28140K, capacity 28660K, committed 28796K, reserved 1075200K
  class space    used 3227K, capacity 3423K, committed 3452K, reserved 1048576K
