OpenJDK 64-Bit Server VM (25.91-b14) for linux-amd64 JRE (1.8.0_91-8u91-b14-3ubuntu1~16.04.1-b14), built on Jul 21 2016 04:13:34 by "buildd" with gcc 5.3.1 20160413
Memory: 4k page, physical 7867876k(7534488k free), swap 8076284k(8076284k free)
CommandLine flags: -XX:CMSInitiatingOccupancyFraction=50 -XX:CMSMaxAbortablePrecleanTime=6000 -XX:+CMSParallelRemarkEnabled -XX:+CMSScavengeBeforeRemark -XX:ConcGCThreads=4 -XX:InitialHeapSize=536870912 -XX:MaxHeapSize=536870912 -XX:MaxTenuringThreshold=8 -XX:NewRatio=3 -XX:OldPLABSize=16 -XX:OnOutOfMemoryError=/opt/solr/bin/oom_solr.sh 8983 /var/solr/logs -XX:ParallelGCThreads=4 -XX:+ParallelRefProcEnabled -XX:PretenureSizeThreshold=67108864 -XX:+PrintGC -XX:+PrintGCApplicationStoppedTime -XX:+PrintGCDateStamps -XX:+PrintGCDetails -XX:+PrintGCTimeStamps -XX:+PrintHeapAtGC -XX:+PrintTenuringDistribution -XX:SurvivorRatio=4 -XX:TargetSurvivorRatio=90 -XX:ThreadStackSize=256 -XX:+UseCMSInitiatingOccupancyOnly -XX:+UseCompressedClassPointers -XX:+UseCompressedOops -XX:+UseConcMarkSweepGC -XX:+UseParNewGC 
2016-10-23T06:30:27.240+0200: 0,118: Total time for which application threads were stopped: 0,0000711 seconds, Stopping threads took: 0,0000140 seconds
2016-10-23T06:30:27.306+0200: 0,183: Total time for which application threads were stopped: 0,0001000 seconds, Stopping threads took: 0,0000166 seconds
2016-10-23T06:30:27.324+0200: 0,202: Total time for which application threads were stopped: 0,0005324 seconds, Stopping threads took: 0,0004530 seconds
2016-10-23T06:30:27.492+0200: 0,370: Total time for which application threads were stopped: 0,0001393 seconds, Stopping threads took: 0,0000162 seconds
2016-10-23T06:30:27.711+0200: 0,588: Total time for which application threads were stopped: 0,0001974 seconds, Stopping threads took: 0,0000160 seconds
2016-10-23T06:30:27.904+0200: 0,782: Total time for which application threads were stopped: 0,0001874 seconds, Stopping threads took: 0,0000191 seconds
2016-10-23T06:30:27.939+0200: 0,817: Total time for which application threads were stopped: 0,0002204 seconds, Stopping threads took: 0,0000200 seconds
2016-10-23T06:30:28.208+0200: 1,085: Total time for which application threads were stopped: 0,0001540 seconds, Stopping threads took: 0,0000120 seconds
2016-10-23T06:30:28.442+0200: 1,320: Total time for which application threads were stopped: 0,0004296 seconds, Stopping threads took: 0,0000164 seconds
2016-10-23T06:30:28.530+0200: 1,408: Total time for which application threads were stopped: 0,0001919 seconds, Stopping threads took: 0,0000194 seconds
2016-10-23T06:30:28.531+0200: 1,409: Total time for which application threads were stopped: 0,0001107 seconds, Stopping threads took: 0,0000176 seconds
2016-10-23T06:30:28.544+0200: 1,421: Total time for which application threads were stopped: 0,0003524 seconds, Stopping threads took: 0,0000856 seconds
2016-10-23T06:30:28.636+0200: 1,513: Total time for which application threads were stopped: 0,0002453 seconds, Stopping threads took: 0,0000229 seconds
2016-10-23T06:30:28.760+0200: 1,638: Total time for which application threads were stopped: 0,0002254 seconds, Stopping threads took: 0,0000175 seconds
{Heap before GC invocations=0 (full 0):
 par new generation   total 109248K, used 87424K [0x00000000e0000000, 0x00000000e8000000, 0x00000000e8000000)
  eden space 87424K, 100% used [0x00000000e0000000, 0x00000000e5560000, 0x00000000e5560000)
  from space 21824K,   0% used [0x00000000e5560000, 0x00000000e5560000, 0x00000000e6ab0000)
  to   space 21824K,   0% used [0x00000000e6ab0000, 0x00000000e6ab0000, 0x00000000e8000000)
 concurrent mark-sweep generation total 393216K, used 0K [0x00000000e8000000, 0x0000000100000000, 0x0000000100000000)
 Metaspace       used 18316K, capacity 18662K, committed 18944K, reserved 1067008K
  class space    used 2084K, capacity 2196K, committed 2304K, reserved 1048576K
2016-10-23T06:30:28.896+0200: 1,774: [GC (Allocation Failure) 2016-10-23T06:30:28.896+0200: 1,774: [ParNew
Desired survivor size 20112992 bytes, new threshold 8 (max 8)
- age   1:   12242168 bytes,   12242168 total
: 87424K->12075K(109248K), 0,0257774 secs] 87424K->12075K(502464K), 0,0260520 secs] [Times: user=0,08 sys=0,00, real=0,03 secs] 
Heap after GC invocations=1 (full 0):
 par new generation   total 109248K, used 12075K [0x00000000e0000000, 0x00000000e8000000, 0x00000000e8000000)
  eden space 87424K,   0% used [0x00000000e0000000, 0x00000000e0000000, 0x00000000e5560000)
  from space 21824K,  55% used [0x00000000e6ab0000, 0x00000000e767ae10, 0x00000000e8000000)
  to   space 21824K,   0% used [0x00000000e5560000, 0x00000000e5560000, 0x00000000e6ab0000)
 concurrent mark-sweep generation total 393216K, used 0K [0x00000000e8000000, 0x0000000100000000, 0x0000000100000000)
 Metaspace       used 18316K, capacity 18662K, committed 18944K, reserved 1067008K
  class space    used 2084K, capacity 2196K, committed 2304K, reserved 1048576K
}
2016-10-23T06:30:28.922+0200: 1,800: Total time for which application threads were stopped: 0,0267421 seconds, Stopping threads took: 0,0001278 seconds
2016-10-23T06:30:29.106+0200: 1,983: Total time for which application threads were stopped: 0,0003184 seconds, Stopping threads took: 0,0000351 seconds
2016-10-23T06:30:29.140+0200: 2,018: Total time for which application threads were stopped: 0,0003978 seconds, Stopping threads took: 0,0000579 seconds
2016-10-23T06:30:29.170+0200: 2,048: Total time for which application threads were stopped: 0,0003075 seconds, Stopping threads took: 0,0000557 seconds
{Heap before GC invocations=1 (full 0):
 par new generation   total 109248K, used 99499K [0x00000000e0000000, 0x00000000e8000000, 0x00000000e8000000)
  eden space 87424K, 100% used [0x00000000e0000000, 0x00000000e5560000, 0x00000000e5560000)
  from space 21824K,  55% used [0x00000000e6ab0000, 0x00000000e767ae10, 0x00000000e8000000)
  to   space 21824K,   0% used [0x00000000e5560000, 0x00000000e5560000, 0x00000000e6ab0000)
 concurrent mark-sweep generation total 393216K, used 0K [0x00000000e8000000, 0x0000000100000000, 0x0000000100000000)
 Metaspace       used 20700K, capacity 21026K, committed 21248K, reserved 1069056K
  class space    used 2401K, capacity 2519K, committed 2560K, reserved 1048576K
2016-10-23T06:30:29.353+0200: 2,231: [GC (Allocation Failure) 2016-10-23T06:30:29.353+0200: 2,231: [ParNew
Desired survivor size 20112992 bytes, new threshold 8 (max 8)
- age   1:    2677880 bytes,    2677880 total
- age   2:    5991008 bytes,    8668888 total
: 99499K->11063K(109248K), 0,0100449 secs] 99499K->11063K(502464K), 0,0101225 secs] [Times: user=0,03 sys=0,00, real=0,01 secs] 
Heap after GC invocations=2 (full 0):
 par new generation   total 109248K, used 11063K [0x00000000e0000000, 0x00000000e8000000, 0x00000000e8000000)
  eden space 87424K,   0% used [0x00000000e0000000, 0x00000000e0000000, 0x00000000e5560000)
  from space 21824K,  50% used [0x00000000e5560000, 0x00000000e602deb0, 0x00000000e6ab0000)
  to   space 21824K,   0% used [0x00000000e6ab0000, 0x00000000e6ab0000, 0x00000000e8000000)
 concurrent mark-sweep generation total 393216K, used 0K [0x00000000e8000000, 0x0000000100000000, 0x0000000100000000)
 Metaspace       used 20700K, capacity 21026K, committed 21248K, reserved 1069056K
  class space    used 2401K, capacity 2519K, committed 2560K, reserved 1048576K
}
2016-10-23T06:30:29.363+0200: 2,241: Total time for which application threads were stopped: 0,0103707 seconds, Stopping threads took: 0,0000455 seconds
2016-10-23T06:30:29.402+0200: 2,280: Total time for which application threads were stopped: 0,0000699 seconds, Stopping threads took: 0,0000131 seconds
2016-10-23T06:30:29.439+0200: 2,317: Total time for which application threads were stopped: 0,0000871 seconds, Stopping threads took: 0,0000167 seconds
2016-10-23T06:30:29.440+0200: 2,318: Total time for which application threads were stopped: 0,0002616 seconds, Stopping threads took: 0,0000207 seconds
2016-10-23T06:30:29.491+0200: 2,369: Total time for which application threads were stopped: 0,0001248 seconds, Stopping threads took: 0,0000401 seconds
2016-10-23T06:30:29.525+0200: 2,403: Total time for which application threads were stopped: 0,0001023 seconds, Stopping threads took: 0,0000263 seconds
2016-10-23T06:30:29.546+0200: 2,423: Total time for which application threads were stopped: 0,0000736 seconds, Stopping threads took: 0,0000132 seconds
2016-10-23T06:30:29.548+0200: 2,426: Total time for which application threads were stopped: 0,0002581 seconds, Stopping threads took: 0,0000129 seconds
2016-10-23T06:30:29.573+0200: 2,451: Total time for which application threads were stopped: 0,0000815 seconds, Stopping threads took: 0,0000229 seconds
2016-10-23T06:30:29.597+0200: 2,475: Total time for which application threads were stopped: 0,0000843 seconds, Stopping threads took: 0,0000172 seconds
2016-10-23T06:30:29.612+0200: 2,489: Total time for which application threads were stopped: 0,0000755 seconds, Stopping threads took: 0,0000140 seconds
2016-10-23T06:30:29.629+0200: 2,507: Total time for which application threads were stopped: 0,0000755 seconds, Stopping threads took: 0,0000141 seconds
2016-10-23T06:30:29.651+0200: 2,528: Total time for which application threads were stopped: 0,0000897 seconds, Stopping threads took: 0,0000166 seconds
2016-10-23T06:30:29.670+0200: 2,548: Total time for which application threads were stopped: 0,0001164 seconds, Stopping threads took: 0,0000426 seconds
2016-10-23T06:30:29.721+0200: 2,598: Total time for which application threads were stopped: 0,0000973 seconds, Stopping threads took: 0,0000328 seconds
2016-10-23T06:30:29.750+0200: 2,628: Total time for which application threads were stopped: 0,0000979 seconds, Stopping threads took: 0,0000206 seconds
2016-10-23T06:30:29.775+0200: 2,652: Total time for which application threads were stopped: 0,0001651 seconds, Stopping threads took: 0,0000253 seconds
2016-10-23T06:30:29.805+0200: 2,682: Total time for which application threads were stopped: 0,0001075 seconds, Stopping threads took: 0,0000276 seconds
2016-10-23T06:30:29.831+0200: 2,708: Total time for which application threads were stopped: 0,0001104 seconds, Stopping threads took: 0,0000339 seconds
2016-10-23T06:30:29.858+0200: 2,736: Total time for which application threads were stopped: 0,0001128 seconds, Stopping threads took: 0,0000298 seconds
2016-10-23T06:30:29.875+0200: 2,753: Total time for which application threads were stopped: 0,0001163 seconds, Stopping threads took: 0,0000355 seconds
2016-10-23T06:30:29.876+0200: 2,753: Total time for which application threads were stopped: 0,0000831 seconds, Stopping threads took: 0,0000410 seconds
{Heap before GC invocations=2 (full 0):
 par new generation   total 109248K, used 98487K [0x00000000e0000000, 0x00000000e8000000, 0x00000000e8000000)
  eden space 87424K, 100% used [0x00000000e0000000, 0x00000000e5560000, 0x00000000e5560000)
  from space 21824K,  50% used [0x00000000e5560000, 0x00000000e602deb0, 0x00000000e6ab0000)
  to   space 21824K,   0% used [0x00000000e6ab0000, 0x00000000e6ab0000, 0x00000000e8000000)
 concurrent mark-sweep generation total 393216K, used 0K [0x00000000e8000000, 0x0000000100000000, 0x0000000100000000)
 Metaspace       used 26555K, capacity 26916K, committed 27196K, reserved 1073152K
  class space    used 3087K, capacity 3222K, committed 3268K, reserved 1048576K
2016-10-23T06:30:29.886+0200: 2,764: [GC (Allocation Failure) 2016-10-23T06:30:29.886+0200: 2,764: [ParNew
Desired survivor size 20112992 bytes, new threshold 8 (max 8)
- age   1:    8541872 bytes,    8541872 total
- age   2:     517584 bytes,    9059456 total
- age   3:    5947056 bytes,   15006512 total
: 98487K->17564K(109248K), 0,0169592 secs] 98487K->17564K(502464K), 0,0170178 secs] [Times: user=0,05 sys=0,00, real=0,02 secs] 
Heap after GC invocations=3 (full 0):
 par new generation   total 109248K, used 17564K [0x00000000e0000000, 0x00000000e8000000, 0x00000000e8000000)
  eden space 87424K,   0% used [0x00000000e0000000, 0x00000000e0000000, 0x00000000e5560000)
  from space 21824K,  80% used [0x00000000e6ab0000, 0x00000000e7bd7370, 0x00000000e8000000)
  to   space 21824K,   0% used [0x00000000e5560000, 0x00000000e5560000, 0x00000000e6ab0000)
 concurrent mark-sweep generation total 393216K, used 0K [0x00000000e8000000, 0x0000000100000000, 0x0000000100000000)
 Metaspace       used 26555K, capacity 26916K, committed 27196K, reserved 1073152K
  class space    used 3087K, capacity 3222K, committed 3268K, reserved 1048576K
}
2016-10-23T06:30:29.903+0200: 2,781: Total time for which application threads were stopped: 0,0172002 seconds, Stopping threads took: 0,0000226 seconds
2016-10-23T06:30:29.903+0200: 2,781: [GC (CMS Initial Mark) [1 CMS-initial-mark: 0K(393216K)] 17804K(502464K), 0,0062971 secs] [Times: user=0,02 sys=0,00, real=0,01 secs] 
2016-10-23T06:30:29.910+0200: 2,787: Total time for which application threads were stopped: 0,0064282 seconds, Stopping threads took: 0,0000344 seconds
2016-10-23T06:30:29.910+0200: 2,787: [CMS-concurrent-mark-start]
2016-10-23T06:30:29.910+0200: 2,788: [CMS-concurrent-mark: 0,001/0,001 secs] [Times: user=0,00 sys=0,00, real=0,00 secs] 
2016-10-23T06:30:29.911+0200: 2,788: [CMS-concurrent-preclean-start]
2016-10-23T06:30:29.912+0200: 2,789: [CMS-concurrent-preclean: 0,001/0,001 secs] [Times: user=0,01 sys=0,00, real=0,00 secs] 
2016-10-23T06:30:29.913+0200: 2,790: [GC (CMS Final Remark) [YG occupancy: 19553 K (109248 K)]{Heap before GC invocations=3 (full 1):
 par new generation   total 109248K, used 19553K [0x00000000e0000000, 0x00000000e8000000, 0x00000000e8000000)
  eden space 87424K,   2% used [0x00000000e0000000, 0x00000000e01f1120, 0x00000000e5560000)
  from space 21824K,  80% used [0x00000000e6ab0000, 0x00000000e7bd7370, 0x00000000e8000000)
  to   space 21824K,   0% used [0x00000000e5560000, 0x00000000e5560000, 0x00000000e6ab0000)
 concurrent mark-sweep generation total 393216K, used 0K [0x00000000e8000000, 0x0000000100000000, 0x0000000100000000)
 Metaspace       used 26595K, capacity 26980K, committed 27196K, reserved 1073152K
  class space    used 3090K, capacity 3222K, committed 3268K, reserved 1048576K
2016-10-23T06:30:29.913+0200: 2,791: [GC (CMS Final Remark) 2016-10-23T06:30:29.913+0200: 2,791: [ParNew
Desired survivor size 20112992 bytes, new threshold 8 (max 8)
- age   1:      36976 bytes,      36976 total
- age   2:    3579840 bytes,    3616816 total
- age   3:     517592 bytes,    4134408 total
- age   4:    5946616 bytes,   10081024 total
: 19553K->18368K(109248K), 0,0149362 secs] 19553K->18368K(502464K), 0,0149711 secs] [Times: user=0,06 sys=0,00, real=0,02 secs] 
Heap after GC invocations=4 (full 1):
 par new generation   total 109248K, used 18368K [0x00000000e0000000, 0x00000000e8000000, 0x00000000e8000000)
  eden space 87424K,   0% used [0x00000000e0000000, 0x00000000e0000000, 0x00000000e5560000)
  from space 21824K,  84% used [0x00000000e5560000, 0x00000000e6750250, 0x00000000e6ab0000)
  to   space 21824K,   0% used [0x00000000e6ab0000, 0x00000000e6ab0000, 0x00000000e8000000)
 concurrent mark-sweep generation total 393216K, used 0K [0x00000000e8000000, 0x0000000100000000, 0x0000000100000000)
 Metaspace       used 26595K, capacity 26980K, committed 27196K, reserved 1073152K
  class space    used 3090K, capacity 3222K, committed 3268K, reserved 1048576K
}
2016-10-23T06:30:29.928+0200: 2,806: [Rescan (parallel) , 0,0045525 secs]2016-10-23T06:30:29.932+0200: 2,810: [weak refs processing, 0,0005138 secs]2016-10-23T06:30:29.933+0200: 2,811: [class unloading, 0,0032212 secs]2016-10-23T06:30:29.936+0200: 2,814: [scrub symbol table, 0,0035336 secs]2016-10-23T06:30:29.940+0200: 2,817: [scrub string table, 0,0003796 secs][1 CMS-remark: 0K(393216K)] 18368K(502464K), 0,0278707 secs] [Times: user=0,09 sys=0,00, real=0,03 secs] 
2016-10-23T06:30:29.941+0200: 2,818: Total time for which application threads were stopped: 0,0289123 seconds, Stopping threads took: 0,0009726 seconds
2016-10-23T06:30:29.943+0200: 2,821: [CMS-concurrent-sweep-start]
2016-10-23T06:30:29.943+0200: 2,821: [CMS-concurrent-sweep: 0,000/0,000 secs] [Times: user=0,00 sys=0,00, real=0,00 secs] 
2016-10-23T06:30:29.943+0200: 2,821: [CMS-concurrent-reset-start]
2016-10-23T06:30:29.945+0200: 2,823: [CMS-concurrent-reset: 0,002/0,002 secs] [Times: user=0,01 sys=0,00, real=0,00 secs] 
2016-10-23T06:30:30.941+0200: 3,819: Total time for which application threads were stopped: 0,0000655 seconds, Stopping threads took: 0,0000161 seconds
2016-10-23T06:30:31.174+0200: 4,052: Total time for which application threads were stopped: 0,0002485 seconds, Stopping threads took: 0,0000167 seconds
2016-10-23T06:30:59.605+0200: 32,055: Total time for which application threads were stopped: 0,0000564 seconds, Stopping threads took: 0,0000157 seconds
2016-10-23T06:31:28.608+0200: 61,058: Total time for which application threads were stopped: 0,0001568 seconds, Stopping threads took: 0,0000658 seconds
2016-10-23T06:31:43.610+0200: 76,060: Total time for which application threads were stopped: 0,0001055 seconds, Stopping threads took: 0,0000356 seconds
2016-10-23T06:31:48.610+0200: 81,061: Total time for which application threads were stopped: 0,0000651 seconds, Stopping threads took: 0,0000179 seconds
2016-10-23T06:31:53.611+0200: 86,061: Total time for which application threads were stopped: 0,0000874 seconds, Stopping threads took: 0,0000212 seconds
2016-10-23T06:33:09.620+0200: 162,070: Total time for which application threads were stopped: 0,0001019 seconds, Stopping threads took: 0,0000365 seconds
2016-10-23T06:33:14.620+0200: 167,070: Total time for which application threads were stopped: 0,0001262 seconds, Stopping threads took: 0,0000655 seconds
2016-10-23T06:34:24.627+0200: 237,077: Total time for which application threads were stopped: 0,0000740 seconds, Stopping threads took: 0,0000310 seconds
2016-10-23T06:35:14.631+0200: 287,081: Total time for which application threads were stopped: 0,0000971 seconds, Stopping threads took: 0,0000415 seconds
2016-10-23T06:42:29.411+0200: 721,861: Total time for which application threads were stopped: 0,0001460 seconds, Stopping threads took: 0,0000178 seconds
Heap
 par new generation   total 109248K, used 48415K [0x00000000e0000000, 0x00000000e8000000, 0x00000000e8000000)
  eden space 87424K,  34% used [0x00000000e0000000, 0x00000000e1d57c48, 0x00000000e5560000)
  from space 21824K,  84% used [0x00000000e5560000, 0x00000000e6750250, 0x00000000e6ab0000)
  to   space 21824K,   0% used [0x00000000e6ab0000, 0x00000000e6ab0000, 0x00000000e8000000)
 concurrent mark-sweep generation total 393216K, used 0K [0x00000000e8000000, 0x0000000100000000, 0x0000000100000000)
 Metaspace       used 27030K, capacity 27498K, committed 27836K, reserved 1073152K
  class space    used 3154K, capacity 3287K, committed 3396K, reserved 1048576K
