OpenJDK 64-Bit Server VM (25.111-b14) for linux-amd64 JRE (1.8.0_111-8u111-b14-2ubuntu0.16.04.2-b14), built on Oct 27 2016 18:10:19 by "buildd" with gcc 5.4.0 20160609
Memory: 4k page, physical 7867800k(7521812k free), swap 8076284k(8076284k free)
CommandLine flags: -XX:CMSInitiatingOccupancyFraction=50 -XX:CMSMaxAbortablePrecleanTime=6000 -XX:+CMSParallelRemarkEnabled -XX:+CMSScavengeBeforeRemark -XX:ConcGCThreads=4 -XX:InitialHeapSize=536870912 -XX:MaxHeapSize=536870912 -XX:MaxTenuringThreshold=8 -XX:NewRatio=3 -XX:OldPLABSize=16 -XX:OnOutOfMemoryError=/opt/solr/bin/oom_solr.sh 8983 /var/solr/logs -XX:ParallelGCThreads=4 -XX:+ParallelRefProcEnabled -XX:PretenureSizeThreshold=67108864 -XX:+PrintGC -XX:+PrintGCApplicationStoppedTime -XX:+PrintGCDateStamps -XX:+PrintGCDetails -XX:+PrintGCTimeStamps -XX:+PrintHeapAtGC -XX:+PrintTenuringDistribution -XX:SurvivorRatio=4 -XX:TargetSurvivorRatio=90 -XX:ThreadStackSize=256 -XX:+UseCMSInitiatingOccupancyOnly -XX:+UseCompressedClassPointers -XX:+UseCompressedOops -XX:+UseConcMarkSweepGC -XX:+UseParNewGC 
2017-01-27T12:26:53.579+0100: 0,116: Total time for which application threads were stopped: 0,0000687 seconds, Stopping threads took: 0,0000125 seconds
2017-01-27T12:26:53.645+0100: 0,181: Total time for which application threads were stopped: 0,0000902 seconds, Stopping threads took: 0,0000152 seconds
2017-01-27T12:26:53.654+0100: 0,190: Total time for which application threads were stopped: 0,0000731 seconds, Stopping threads took: 0,0000178 seconds
2017-01-27T12:26:53.771+0100: 0,308: Total time for which application threads were stopped: 0,0001140 seconds, Stopping threads took: 0,0000139 seconds
2017-01-27T12:26:53.913+0100: 0,449: Total time for which application threads were stopped: 0,0001032 seconds, Stopping threads took: 0,0000093 seconds
2017-01-27T12:26:53.957+0100: 0,493: Total time for which application threads were stopped: 0,0001357 seconds, Stopping threads took: 0,0000202 seconds
2017-01-27T12:26:53.970+0100: 0,507: Total time for which application threads were stopped: 0,0001964 seconds, Stopping threads took: 0,0000294 seconds
2017-01-27T12:26:54.136+0100: 0,673: Total time for which application threads were stopped: 0,0001455 seconds, Stopping threads took: 0,0000115 seconds
2017-01-27T12:26:54.294+0100: 0,830: Total time for which application threads were stopped: 0,0001739 seconds, Stopping threads took: 0,0000117 seconds
2017-01-27T12:26:54.313+0100: 0,850: Total time for which application threads were stopped: 0,0001746 seconds, Stopping threads took: 0,0000143 seconds
2017-01-27T12:26:54.314+0100: 0,850: Total time for which application threads were stopped: 0,0001036 seconds, Stopping threads took: 0,0000102 seconds
2017-01-27T12:26:54.324+0100: 0,861: Total time for which application threads were stopped: 0,0001577 seconds, Stopping threads took: 0,0000140 seconds
2017-01-27T12:26:54.397+0100: 0,934: Total time for which application threads were stopped: 0,0002572 seconds, Stopping threads took: 0,0000330 seconds
2017-01-27T12:26:54.550+0100: 1,086: Total time for which application threads were stopped: 0,0002290 seconds, Stopping threads took: 0,0000230 seconds
{Heap before GC invocations=0 (full 0):
 par new generation   total 109248K, used 87424K [0x00000000e0000000, 0x00000000e8000000, 0x00000000e8000000)
  eden space 87424K, 100% used [0x00000000e0000000, 0x00000000e5560000, 0x00000000e5560000)
  from space 21824K,   0% used [0x00000000e5560000, 0x00000000e5560000, 0x00000000e6ab0000)
  to   space 21824K,   0% used [0x00000000e6ab0000, 0x00000000e6ab0000, 0x00000000e8000000)
 concurrent mark-sweep generation total 393216K, used 0K [0x00000000e8000000, 0x0000000100000000, 0x0000000100000000)
 Metaspace       used 17670K, capacity 17950K, committed 18048K, reserved 1064960K
  class space    used 2007K, capacity 2130K, committed 2176K, reserved 1048576K
2017-01-27T12:26:54.616+0100: 1,153: [GC (Allocation Failure) 2017-01-27T12:26:54.616+0100: 1,153: [ParNew
Desired survivor size 20112992 bytes, new threshold 8 (max 8)
- age   1:   11947872 bytes,   11947872 total
: 87424K->11786K(109248K), 0,0228562 secs] 87424K->11786K(502464K), 0,0229292 secs] [Times: user=0,05 sys=0,01, real=0,03 secs] 
Heap after GC invocations=1 (full 0):
 par new generation   total 109248K, used 11786K [0x00000000e0000000, 0x00000000e8000000, 0x00000000e8000000)
  eden space 87424K,   0% used [0x00000000e0000000, 0x00000000e0000000, 0x00000000e5560000)
  from space 21824K,  54% used [0x00000000e6ab0000, 0x00000000e76328b8, 0x00000000e8000000)
  to   space 21824K,   0% used [0x00000000e5560000, 0x00000000e5560000, 0x00000000e6ab0000)
 concurrent mark-sweep generation total 393216K, used 0K [0x00000000e8000000, 0x0000000100000000, 0x0000000100000000)
 Metaspace       used 17670K, capacity 17950K, committed 18048K, reserved 1064960K
  class space    used 2007K, capacity 2130K, committed 2176K, reserved 1048576K
}
2017-01-27T12:26:54.639+0100: 1,176: Total time for which application threads were stopped: 0,0235328 seconds, Stopping threads took: 0,0004303 seconds
2017-01-27T12:26:55.037+0100: 1,574: Total time for which application threads were stopped: 0,0003203 seconds, Stopping threads took: 0,0000217 seconds
2017-01-27T12:26:55.071+0100: 1,607: Total time for which application threads were stopped: 0,0003932 seconds, Stopping threads took: 0,0001136 seconds
2017-01-27T12:26:55.178+0100: 1,715: Total time for which application threads were stopped: 0,0004013 seconds, Stopping threads took: 0,0000552 seconds
{Heap before GC invocations=1 (full 0):
 par new generation   total 109248K, used 99210K [0x00000000e0000000, 0x00000000e8000000, 0x00000000e8000000)
  eden space 87424K, 100% used [0x00000000e0000000, 0x00000000e5560000, 0x00000000e5560000)
  from space 21824K,  54% used [0x00000000e6ab0000, 0x00000000e76328b8, 0x00000000e8000000)
  to   space 21824K,   0% used [0x00000000e5560000, 0x00000000e5560000, 0x00000000e6ab0000)
 concurrent mark-sweep generation total 393216K, used 0K [0x00000000e8000000, 0x0000000100000000, 0x0000000100000000)
 Metaspace       used 20454K, capacity 20722K, committed 20992K, reserved 1067008K
  class space    used 2363K, capacity 2486K, committed 2560K, reserved 1048576K
2017-01-27T12:26:55.395+0100: 1,932: [GC (Allocation Failure) 2017-01-27T12:26:55.395+0100: 1,932: [ParNew
Desired survivor size 20112992 bytes, new threshold 8 (max 8)
- age   1:    4502976 bytes,    4502976 total
- age   2:    6399992 bytes,   10902968 total
: 99210K->13147K(109248K), 0,0579643 secs] 99210K->13147K(502464K), 0,0580382 secs] [Times: user=0,05 sys=0,00, real=0,06 secs] 
Heap after GC invocations=2 (full 0):
 par new generation   total 109248K, used 13147K [0x00000000e0000000, 0x00000000e8000000, 0x00000000e8000000)
  eden space 87424K,   0% used [0x00000000e0000000, 0x00000000e0000000, 0x00000000e5560000)
  from space 21824K,  60% used [0x00000000e5560000, 0x00000000e6236f00, 0x00000000e6ab0000)
  to   space 21824K,   0% used [0x00000000e6ab0000, 0x00000000e6ab0000, 0x00000000e8000000)
 concurrent mark-sweep generation total 393216K, used 0K [0x00000000e8000000, 0x0000000100000000, 0x0000000100000000)
 Metaspace       used 20454K, capacity 20722K, committed 20992K, reserved 1067008K
  class space    used 2363K, capacity 2486K, committed 2560K, reserved 1048576K
}
2017-01-27T12:26:55.453+0100: 1,990: Total time for which application threads were stopped: 0,0582379 seconds, Stopping threads took: 0,0000185 seconds
2017-01-27T12:26:55.667+0100: 2,204: Total time for which application threads were stopped: 0,0001452 seconds, Stopping threads took: 0,0000363 seconds
2017-01-27T12:26:55.750+0100: 2,287: Total time for which application threads were stopped: 0,0001319 seconds, Stopping threads took: 0,0000285 seconds
2017-01-27T12:26:55.808+0100: 2,345: Total time for which application threads were stopped: 0,0001628 seconds, Stopping threads took: 0,0000709 seconds
{Heap before GC invocations=2 (full 0):
 par new generation   total 109248K, used 100571K [0x00000000e0000000, 0x00000000e8000000, 0x00000000e8000000)
  eden space 87424K, 100% used [0x00000000e0000000, 0x00000000e5560000, 0x00000000e5560000)
  from space 21824K,  60% used [0x00000000e5560000, 0x00000000e6236f00, 0x00000000e6ab0000)
  to   space 21824K,   0% used [0x00000000e6ab0000, 0x00000000e6ab0000, 0x00000000e8000000)
 concurrent mark-sweep generation total 393216K, used 0K [0x00000000e8000000, 0x0000000100000000, 0x0000000100000000)
 Metaspace       used 21751K, capacity 22114K, committed 22216K, reserved 1069056K
  class space    used 2522K, capacity 2649K, committed 2684K, reserved 1048576K
2017-01-27T12:26:55.899+0100: 2,436: [GC (Allocation Failure) 2017-01-27T12:26:55.899+0100: 2,436: [ParNew
Desired survivor size 20112992 bytes, new threshold 8 (max 8)
- age   1:    1689352 bytes,    1689352 total
- age   2:    1826936 bytes,    3516288 total
- age   3:    6394880 bytes,    9911168 total
: 100571K->14795K(109248K), 0,0335481 secs] 100571K->14795K(502464K), 0,0337448 secs] [Times: user=0,06 sys=0,00, real=0,03 secs] 
Heap after GC invocations=3 (full 0):
 par new generation   total 109248K, used 14795K [0x00000000e0000000, 0x00000000e8000000, 0x00000000e8000000)
  eden space 87424K,   0% used [0x00000000e0000000, 0x00000000e0000000, 0x00000000e5560000)
  from space 21824K,  67% used [0x00000000e6ab0000, 0x00000000e7922f10, 0x00000000e8000000)
  to   space 21824K,   0% used [0x00000000e5560000, 0x00000000e5560000, 0x00000000e6ab0000)
 concurrent mark-sweep generation total 393216K, used 0K [0x00000000e8000000, 0x0000000100000000, 0x0000000100000000)
 Metaspace       used 21751K, capacity 22114K, committed 22216K, reserved 1069056K
  class space    used 2522K, capacity 2649K, committed 2684K, reserved 1048576K
}
2017-01-27T12:26:55.933+0100: 2,469: Total time for which application threads were stopped: 0,0422769 seconds, Stopping threads took: 0,0082815 seconds
2017-01-27T12:26:55.947+0100: 2,484: [GC (CMS Initial Mark) [1 CMS-initial-mark: 0K(393216K)] 19222K(502464K), 0,0079487 secs] [Times: user=0,01 sys=0,00, real=0,01 secs] 
2017-01-27T12:26:55.955+0100: 2,492: Total time for which application threads were stopped: 0,0082202 seconds, Stopping threads took: 0,0001748 seconds
2017-01-27T12:26:55.955+0100: 2,492: [CMS-concurrent-mark-start]
2017-01-27T12:26:55.955+0100: 2,492: [CMS-concurrent-mark: 0,001/0,001 secs] [Times: user=0,00 sys=0,00, real=0,00 secs] 
2017-01-27T12:26:55.955+0100: 2,492: [CMS-concurrent-preclean-start]
2017-01-27T12:26:55.957+0100: 2,493: [CMS-concurrent-preclean: 0,001/0,001 secs] [Times: user=0,01 sys=0,00, real=0,00 secs] 
2017-01-27T12:26:55.957+0100: 2,493: [CMS-concurrent-abortable-preclean-start]
2017-01-27T12:26:56.059+0100: 2,596: Total time for which application threads were stopped: 0,0001883 seconds, Stopping threads took: 0,0000658 seconds
2017-01-27T12:26:56.064+0100: 2,601: [CMS-concurrent-abortable-preclean: 0,084/0,107 secs] [Times: user=0,29 sys=0,00, real=0,11 secs] 
2017-01-27T12:26:56.065+0100: 2,602: [GC (CMS Final Remark) [YG occupancy: 72835 K (109248 K)]{Heap before GC invocations=3 (full 1):
 par new generation   total 109248K, used 72835K [0x00000000e0000000, 0x00000000e8000000, 0x00000000e8000000)
  eden space 87424K,  66% used [0x00000000e0000000, 0x00000000e38adde0, 0x00000000e5560000)
  from space 21824K,  67% used [0x00000000e6ab0000, 0x00000000e7922f10, 0x00000000e8000000)
  to   space 21824K,   0% used [0x00000000e5560000, 0x00000000e5560000, 0x00000000e6ab0000)
 concurrent mark-sweep generation total 393216K, used 0K [0x00000000e8000000, 0x0000000100000000, 0x0000000100000000)
 Metaspace       used 21875K, capacity 22234K, committed 22548K, reserved 1069056K
  class space    used 2536K, capacity 2685K, committed 2760K, reserved 1048576K
2017-01-27T12:26:56.065+0100: 2,602: [GC (CMS Final Remark) 2017-01-27T12:26:56.065+0100: 2,602: [ParNew
Desired survivor size 20112992 bytes, new threshold 8 (max 8)
- age   1:     679888 bytes,     679888 total
- age   2:     390464 bytes,    1070352 total
- age   3:    1807128 bytes,    2877480 total
- age   4:    6395144 bytes,    9272624 total
: 72835K->12214K(109248K), 0,0199752 secs] 72835K->12214K(502464K), 0,0200291 secs] [Times: user=0,05 sys=0,00, real=0,02 secs] 
Heap after GC invocations=4 (full 1):
 par new generation   total 109248K, used 12214K [0x00000000e0000000, 0x00000000e8000000, 0x00000000e8000000)
  eden space 87424K,   0% used [0x00000000e0000000, 0x00000000e0000000, 0x00000000e5560000)
  from space 21824K,  55% used [0x00000000e5560000, 0x00000000e614d8e0, 0x00000000e6ab0000)
  to   space 21824K,   0% used [0x00000000e6ab0000, 0x00000000e6ab0000, 0x00000000e8000000)
 concurrent mark-sweep generation total 393216K, used 0K [0x00000000e8000000, 0x0000000100000000, 0x0000000100000000)
 Metaspace       used 21875K, capacity 22234K, committed 22548K, reserved 1069056K
  class space    used 2536K, capacity 2685K, committed 2760K, reserved 1048576K
}
2017-01-27T12:26:56.085+0100: 2,622: [Rescan (parallel) , 0,0042332 secs]2017-01-27T12:26:56.089+0100: 2,626: [weak refs processing, 0,0127760 secs]2017-01-27T12:26:56.102+0100: 2,639: [class unloading, 0,0030008 secs]2017-01-27T12:26:56.105+0100: 2,642: [scrub symbol table, 0,0033150 secs]2017-01-27T12:26:56.108+0100: 2,645: [scrub string table, 0,0003683 secs][1 CMS-remark: 0K(393216K)] 12214K(502464K), 0,0445615 secs] [Times: user=0,10 sys=0,00, real=0,04 secs] 
2017-01-27T12:26:56.109+0100: 2,646: Total time for which application threads were stopped: 0,0451468 seconds, Stopping threads took: 0,0002306 seconds
2017-01-27T12:26:56.110+0100: 2,646: [CMS-concurrent-sweep-start]
2017-01-27T12:26:56.110+0100: 2,646: [CMS-concurrent-sweep: 0,000/0,000 secs] [Times: user=0,00 sys=0,00, real=0,00 secs] 
2017-01-27T12:26:56.110+0100: 2,646: [CMS-concurrent-reset-start]
2017-01-27T12:26:56.119+0100: 2,656: [CMS-concurrent-reset: 0,009/0,009 secs] [Times: user=0,01 sys=0,01, real=0,02 secs] 
2017-01-27T12:26:56.206+0100: 2,743: Total time for which application threads were stopped: 0,0010075 seconds, Stopping threads took: 0,0002532 seconds
{Heap before GC invocations=4 (full 1):
 par new generation   total 109248K, used 99638K [0x00000000e0000000, 0x00000000e8000000, 0x00000000e8000000)
  eden space 87424K, 100% used [0x00000000e0000000, 0x00000000e5560000, 0x00000000e5560000)
  from space 21824K,  55% used [0x00000000e5560000, 0x00000000e614d8e0, 0x00000000e6ab0000)
  to   space 21824K,   0% used [0x00000000e6ab0000, 0x00000000e6ab0000, 0x00000000e8000000)
 concurrent mark-sweep generation total 393216K, used 0K [0x00000000e8000000, 0x0000000100000000, 0x0000000100000000)
 Metaspace       used 23313K, capacity 23618K, committed 23880K, reserved 1071104K
  class space    used 2716K, capacity 2847K, committed 2888K, reserved 1048576K
2017-01-27T12:26:56.431+0100: 2,967: [GC (Allocation Failure) 2017-01-27T12:26:56.431+0100: 2,967: [ParNew
Desired survivor size 20112992 bytes, new threshold 8 (max 8)
- age   1:    1958912 bytes,    1958912 total
- age   2:      86584 bytes,    2045496 total
- age   3:     381544 bytes,    2427040 total
- age   4:    1399592 bytes,    3826632 total
- age   5:    6391520 bytes,   10218152 total
: 99638K->12696K(109248K), 0,0192633 secs] 99638K->12696K(502464K), 0,0193323 secs] [Times: user=0,06 sys=0,00, real=0,01 secs] 
Heap after GC invocations=5 (full 1):
 par new generation   total 109248K, used 12696K [0x00000000e0000000, 0x00000000e8000000, 0x00000000e8000000)
  eden space 87424K,   0% used [0x00000000e0000000, 0x00000000e0000000, 0x00000000e5560000)
  from space 21824K,  58% used [0x00000000e6ab0000, 0x00000000e77163b0, 0x00000000e8000000)
  to   space 21824K,   0% used [0x00000000e5560000, 0x00000000e5560000, 0x00000000e6ab0000)
 concurrent mark-sweep generation total 393216K, used 0K [0x00000000e8000000, 0x0000000100000000, 0x0000000100000000)
 Metaspace       used 23313K, capacity 23618K, committed 23880K, reserved 1071104K
  class space    used 2716K, capacity 2847K, committed 2888K, reserved 1048576K
}
2017-01-27T12:26:56.450+0100: 2,987: Total time for which application threads were stopped: 0,0237121 seconds, Stopping threads took: 0,0041770 seconds
2017-01-27T12:26:56.498+0100: 3,035: Total time for which application threads were stopped: 0,0003951 seconds, Stopping threads took: 0,0000615 seconds
2017-01-27T12:26:56.515+0100: 3,051: Total time for which application threads were stopped: 0,0036848 seconds, Stopping threads took: 0,0033550 seconds
2017-01-27T12:26:56.871+0100: 3,407: Total time for which application threads were stopped: 0,0004640 seconds, Stopping threads took: 0,0000316 seconds
2017-01-27T12:26:57.513+0100: 4,049: Total time for which application threads were stopped: 0,0004753 seconds, Stopping threads took: 0,0000368 seconds
2017-01-27T12:27:24.516+0100: 31,053: Total time for which application threads were stopped: 0,0000909 seconds, Stopping threads took: 0,0000221 seconds
2017-01-27T12:29:29.529+0100: 156,066: Total time for which application threads were stopped: 0,0001058 seconds, Stopping threads took: 0,0000409 seconds
2017-01-27T12:29:54.532+0100: 181,069: Total time for which application threads were stopped: 0,0000769 seconds, Stopping threads took: 0,0000322 seconds
2017-01-27T12:31:29.541+0100: 276,078: Total time for which application threads were stopped: 0,0000931 seconds, Stopping threads took: 0,0000414 seconds
2017-01-27T12:37:39.582+0100: 646,119: Total time for which application threads were stopped: 0,0004819 seconds, Stopping threads took: 0,0002149 seconds
2017-01-27T12:42:59.616+0100: 966,153: Total time for which application threads were stopped: 0,0000876 seconds, Stopping threads took: 0,0000343 seconds
2017-01-27T12:50:34.664+0100: 1421,200: Total time for which application threads were stopped: 0,0000882 seconds, Stopping threads took: 0,0000353 seconds
2017-01-27T12:55:19.695+0100: 1706,231: Total time for which application threads were stopped: 0,0000759 seconds, Stopping threads took: 0,0000299 seconds
2017-01-27T13:05:29.762+0100: 2316,299: Total time for which application threads were stopped: 0,0002630 seconds, Stopping threads took: 0,0001062 seconds
2017-01-27T13:05:34.763+0100: 2321,300: Total time for which application threads were stopped: 0,0003956 seconds, Stopping threads took: 0,0001695 seconds
2017-01-27T13:20:09.855+0100: 3196,392: Total time for which application threads were stopped: 0,0001085 seconds, Stopping threads took: 0,0000329 seconds
2017-01-27T13:31:44.936+0100: 3891,473: Total time for which application threads were stopped: 0,0000970 seconds, Stopping threads took: 0,0000355 seconds
2017-01-27T13:33:54.950+0100: 4021,487: Total time for which application threads were stopped: 0,0001111 seconds, Stopping threads took: 0,0000441 seconds
2017-01-27T13:40:44.992+0100: 4431,529: Total time for which application threads were stopped: 0,0000763 seconds, Stopping threads took: 0,0000299 seconds
2017-01-27T13:46:25.034+0100: 4771,571: Total time for which application threads were stopped: 0,0001437 seconds, Stopping threads took: 0,0000523 seconds
2017-01-27T14:03:25.167+0100: 5791,704: Total time for which application threads were stopped: 0,0000863 seconds, Stopping threads took: 0,0000299 seconds
2017-01-27T14:03:30.167+0100: 5796,704: Total time for which application threads were stopped: 0,0000719 seconds, Stopping threads took: 0,0000158 seconds
2017-01-27T14:03:35.168+0100: 5801,705: Total time for which application threads were stopped: 0,0001246 seconds, Stopping threads took: 0,0000200 seconds
2017-01-27T14:13:54.233+0100: 6420,770: Total time for which application threads were stopped: 0,0000799 seconds, Stopping threads took: 0,0000316 seconds
2017-01-27T14:18:40.265+0100: 6706,801: Total time for which application threads were stopped: 0,0000824 seconds, Stopping threads took: 0,0000324 seconds
2017-01-27T14:22:55.294+0100: 6961,831: Total time for which application threads were stopped: 0,0000895 seconds, Stopping threads took: 0,0000359 seconds
2017-01-27T14:27:24.327+0100: 7230,864: Total time for which application threads were stopped: 0,0001004 seconds, Stopping threads took: 0,0000343 seconds
2017-01-27T14:27:54.330+0100: 7260,866: Total time for which application threads were stopped: 0,0000853 seconds, Stopping threads took: 0,0000276 seconds
2017-01-27T14:30:54.349+0100: 7440,886: Total time for which application threads were stopped: 0,0000725 seconds, Stopping threads took: 0,0000281 seconds
2017-01-27T14:31:54.357+0100: 7500,893: Total time for which application threads were stopped: 0,0001055 seconds, Stopping threads took: 0,0000353 seconds
2017-01-27T14:34:54.376+0100: 7680,912: Total time for which application threads were stopped: 0,0000913 seconds, Stopping threads took: 0,0000347 seconds
2017-01-27T15:39:24.777+0100: 11551,313: Total time for which application threads were stopped: 0,0000928 seconds, Stopping threads took: 0,0000376 seconds
2017-01-27T16:42:55.170+0100: 15361,707: Total time for which application threads were stopped: 0,0000863 seconds, Stopping threads took: 0,0000346 seconds
2017-01-27T17:22:24.422+0100: 17730,959: Total time for which application threads were stopped: 0,0000782 seconds, Stopping threads took: 0,0000320 seconds
{Heap before GC invocations=5 (full 1):
 par new generation   total 109248K, used 100120K [0x00000000e0000000, 0x00000000e8000000, 0x00000000e8000000)
  eden space 87424K, 100% used [0x00000000e0000000, 0x00000000e5560000, 0x00000000e5560000)
  from space 21824K,  58% used [0x00000000e6ab0000, 0x00000000e77163b0, 0x00000000e8000000)
  to   space 21824K,   0% used [0x00000000e5560000, 0x00000000e5560000, 0x00000000e6ab0000)
 concurrent mark-sweep generation total 393216K, used 0K [0x00000000e8000000, 0x0000000100000000, 0x0000000100000000)
 Metaspace       used 28763K, capacity 29254K, committed 29640K, reserved 1075200K
  class space    used 3331K, capacity 3487K, committed 3528K, reserved 1048576K
2017-01-27T18:01:38.594+0100: 20085,131: [GC (Allocation Failure) 2017-01-27T18:01:38.594+0100: 20085,131: [ParNew
Desired survivor size 20112992 bytes, new threshold 8 (max 8)
- age   1:   10214616 bytes,   10214616 total
- age   2:     724280 bytes,   10938896 total
- age   3:      85960 bytes,   11024856 total
- age   4:     373272 bytes,   11398128 total
- age   5:     854208 bytes,   12252336 total
- age   6:    6322400 bytes,   18574736 total
: 100120K->21824K(109248K), 0,0954000 secs] 100120K->22143K(502464K), 0,0954951 secs] [Times: user=0,05 sys=0,02, real=0,09 secs] 
Heap after GC invocations=6 (full 1):
 par new generation   total 109248K, used 21824K [0x00000000e0000000, 0x00000000e8000000, 0x00000000e8000000)
  eden space 87424K,   0% used [0x00000000e0000000, 0x00000000e0000000, 0x00000000e5560000)
  from space 21824K, 100% used [0x00000000e5560000, 0x00000000e6ab0000, 0x00000000e6ab0000)
  to   space 21824K,   0% used [0x00000000e6ab0000, 0x00000000e6ab0000, 0x00000000e8000000)
 concurrent mark-sweep generation total 393216K, used 319K [0x00000000e8000000, 0x0000000100000000, 0x0000000100000000)
 Metaspace       used 28763K, capacity 29254K, committed 29640K, reserved 1075200K
  class space    used 3331K, capacity 3487K, committed 3528K, reserved 1048576K
}
2017-01-27T18:01:38.690+0100: 20085,227: Total time for which application threads were stopped: 0,0956985 seconds, Stopping threads took: 0,0000326 seconds
2017-01-27T18:01:38.787+0100: 20085,324: Total time for which application threads were stopped: 0,0001209 seconds, Stopping threads took: 0,0000247 seconds
Heap
 par new generation   total 109248K, used 30939K [0x00000000e0000000, 0x00000000e8000000, 0x00000000e8000000)
  eden space 87424K,  10% used [0x00000000e0000000, 0x00000000e08e6d50, 0x00000000e5560000)
  from space 21824K, 100% used [0x00000000e5560000, 0x00000000e6ab0000, 0x00000000e6ab0000)
  to   space 21824K,   0% used [0x00000000e6ab0000, 0x00000000e6ab0000, 0x00000000e8000000)
 concurrent mark-sweep generation total 393216K, used 319K [0x00000000e8000000, 0x0000000100000000, 0x0000000100000000)
 Metaspace       used 28851K, capacity 29266K, committed 29640K, reserved 1075200K
  class space    used 3340K, capacity 3489K, committed 3528K, reserved 1048576K
