OpenJDK 64-Bit Server VM (25.111-b14) for linux-amd64 JRE (1.8.0_111-8u111-b14-2ubuntu0.16.04.2-b14), built on Oct 27 2016 18:10:19 by "buildd" with gcc 5.4.0 20160609
Memory: 4k page, physical 7867804k(7507036k free), swap 8076284k(8076284k free)
CommandLine flags: -XX:CMSInitiatingOccupancyFraction=50 -XX:CMSMaxAbortablePrecleanTime=6000 -XX:+CMSParallelRemarkEnabled -XX:+CMSScavengeBeforeRemark -XX:ConcGCThreads=4 -XX:InitialHeapSize=536870912 -XX:MaxHeapSize=536870912 -XX:MaxTenuringThreshold=8 -XX:NewRatio=3 -XX:OldPLABSize=16 -XX:OnOutOfMemoryError=/opt/solr/bin/oom_solr.sh 8983 /var/solr/logs -XX:ParallelGCThreads=4 -XX:+ParallelRefProcEnabled -XX:PretenureSizeThreshold=67108864 -XX:+PrintGC -XX:+PrintGCApplicationStoppedTime -XX:+PrintGCDateStamps -XX:+PrintGCDetails -XX:+PrintGCTimeStamps -XX:+PrintHeapAtGC -XX:+PrintTenuringDistribution -XX:SurvivorRatio=4 -XX:TargetSurvivorRatio=90 -XX:ThreadStackSize=256 -XX:+UseCMSInitiatingOccupancyOnly -XX:+UseCompressedClassPointers -XX:+UseCompressedOops -XX:+UseConcMarkSweepGC -XX:+UseParNewGC 
2017-01-06T14:51:49.743+0100: 0,128: Total time for which application threads were stopped: 0,0001048 seconds, Stopping threads took: 0,0000155 seconds
2017-01-06T14:51:49.812+0100: 0,197: Total time for which application threads were stopped: 0,0002379 seconds, Stopping threads took: 0,0000522 seconds
2017-01-06T14:51:49.827+0100: 0,212: Total time for which application threads were stopped: 0,0001091 seconds, Stopping threads took: 0,0000321 seconds
2017-01-06T14:51:50.026+0100: 0,411: Total time for which application threads were stopped: 0,0001449 seconds, Stopping threads took: 0,0000142 seconds
2017-01-06T14:51:50.474+0100: 0,859: Total time for which application threads were stopped: 0,0001812 seconds, Stopping threads took: 0,0000198 seconds
2017-01-06T14:51:50.625+0100: 1,010: Total time for which application threads were stopped: 0,0002374 seconds, Stopping threads took: 0,0000206 seconds
2017-01-06T14:51:50.669+0100: 1,054: Total time for which application threads were stopped: 0,0001619 seconds, Stopping threads took: 0,0000237 seconds
2017-01-06T14:51:51.023+0100: 1,408: Total time for which application threads were stopped: 0,0009244 seconds, Stopping threads took: 0,0001214 seconds
2017-01-06T14:51:51.250+0100: 1,635: Total time for which application threads were stopped: 0,0002055 seconds, Stopping threads took: 0,0000131 seconds
2017-01-06T14:51:51.279+0100: 1,664: Total time for which application threads were stopped: 0,0001885 seconds, Stopping threads took: 0,0000160 seconds
2017-01-06T14:51:51.280+0100: 1,665: Total time for which application threads were stopped: 0,0001894 seconds, Stopping threads took: 0,0000125 seconds
2017-01-06T14:51:51.299+0100: 1,684: Total time for which application threads were stopped: 0,0001941 seconds, Stopping threads took: 0,0000324 seconds
2017-01-06T14:51:51.393+0100: 1,778: Total time for which application threads were stopped: 0,0002251 seconds, Stopping threads took: 0,0000220 seconds
2017-01-06T14:51:51.550+0100: 1,935: Total time for which application threads were stopped: 0,0002420 seconds, Stopping threads took: 0,0000452 seconds
{Heap before GC invocations=0 (full 0):
 par new generation   total 109248K, used 87424K [0x00000000e0000000, 0x00000000e8000000, 0x00000000e8000000)
  eden space 87424K, 100% used [0x00000000e0000000, 0x00000000e5560000, 0x00000000e5560000)
  from space 21824K,   0% used [0x00000000e5560000, 0x00000000e5560000, 0x00000000e6ab0000)
  to   space 21824K,   0% used [0x00000000e6ab0000, 0x00000000e6ab0000, 0x00000000e8000000)
 concurrent mark-sweep generation total 393216K, used 0K [0x00000000e8000000, 0x0000000100000000, 0x0000000100000000)
 Metaspace       used 18094K, capacity 18366K, committed 18560K, reserved 1064960K
  class space    used 2053K, capacity 2162K, committed 2176K, reserved 1048576K
2017-01-06T14:51:51.658+0100: 2,042: [GC (Allocation Failure) 2017-01-06T14:51:51.658+0100: 2,043: [ParNew
Desired survivor size 20112992 bytes, new threshold 8 (max 8)
- age   1:   12322744 bytes,   12322744 total
: 87424K->12151K(109248K), 0,0157301 secs] 87424K->12151K(502464K), 0,0158075 secs] [Times: user=0,04 sys=0,00, real=0,02 secs] 
Heap after GC invocations=1 (full 0):
 par new generation   total 109248K, used 12151K [0x00000000e0000000, 0x00000000e8000000, 0x00000000e8000000)
  eden space 87424K,   0% used [0x00000000e0000000, 0x00000000e0000000, 0x00000000e5560000)
  from space 21824K,  55% used [0x00000000e6ab0000, 0x00000000e768dfd0, 0x00000000e8000000)
  to   space 21824K,   0% used [0x00000000e5560000, 0x00000000e5560000, 0x00000000e6ab0000)
 concurrent mark-sweep generation total 393216K, used 0K [0x00000000e8000000, 0x0000000100000000, 0x0000000100000000)
 Metaspace       used 18094K, capacity 18366K, committed 18560K, reserved 1064960K
  class space    used 2053K, capacity 2162K, committed 2176K, reserved 1048576K
}
2017-01-06T14:51:51.673+0100: 2,058: Total time for which application threads were stopped: 0,0159716 seconds, Stopping threads took: 0,0000144 seconds
2017-01-06T14:51:51.858+0100: 2,242: Total time for which application threads were stopped: 0,0002688 seconds, Stopping threads took: 0,0000237 seconds
2017-01-06T14:51:51.890+0100: 2,275: Total time for which application threads were stopped: 0,0003660 seconds, Stopping threads took: 0,0000515 seconds
2017-01-06T14:51:51.916+0100: 2,301: Total time for which application threads were stopped: 0,0003033 seconds, Stopping threads took: 0,0000369 seconds
{Heap before GC invocations=1 (full 0):
 par new generation   total 109248K, used 99575K [0x00000000e0000000, 0x00000000e8000000, 0x00000000e8000000)
  eden space 87424K, 100% used [0x00000000e0000000, 0x00000000e5560000, 0x00000000e5560000)
  from space 21824K,  55% used [0x00000000e6ab0000, 0x00000000e768dfd0, 0x00000000e8000000)
  to   space 21824K,   0% used [0x00000000e5560000, 0x00000000e5560000, 0x00000000e6ab0000)
 concurrent mark-sweep generation total 393216K, used 0K [0x00000000e8000000, 0x0000000100000000, 0x0000000100000000)
 Metaspace       used 20723K, capacity 21020K, committed 21248K, reserved 1069056K
  class space    used 2403K, capacity 2518K, committed 2560K, reserved 1048576K
2017-01-06T14:51:52.084+0100: 2,469: [GC (Allocation Failure) 2017-01-06T14:51:52.084+0100: 2,469: [ParNew
Desired survivor size 20112992 bytes, new threshold 8 (max 8)
- age   1:    2916312 bytes,    2916312 total
- age   2:    6109744 bytes,    9026056 total
: 99575K->13093K(109248K), 0,0182611 secs] 99575K->13093K(502464K), 0,0183377 secs] [Times: user=0,06 sys=0,01, real=0,01 secs] 
Heap after GC invocations=2 (full 0):
 par new generation   total 109248K, used 13093K [0x00000000e0000000, 0x00000000e8000000, 0x00000000e8000000)
  eden space 87424K,   0% used [0x00000000e0000000, 0x00000000e0000000, 0x00000000e5560000)
  from space 21824K,  59% used [0x00000000e5560000, 0x00000000e6229478, 0x00000000e6ab0000)
  to   space 21824K,   0% used [0x00000000e6ab0000, 0x00000000e6ab0000, 0x00000000e8000000)
 concurrent mark-sweep generation total 393216K, used 0K [0x00000000e8000000, 0x0000000100000000, 0x0000000100000000)
 Metaspace       used 20723K, capacity 21020K, committed 21248K, reserved 1069056K
  class space    used 2403K, capacity 2518K, committed 2560K, reserved 1048576K
}
2017-01-06T14:51:52.102+0100: 2,487: Total time for which application threads were stopped: 0,0186144 seconds, Stopping threads took: 0,0000818 seconds
2017-01-06T14:51:52.155+0100: 2,540: Total time for which application threads were stopped: 0,0000918 seconds, Stopping threads took: 0,0000173 seconds
2017-01-06T14:51:52.186+0100: 2,571: Total time for which application threads were stopped: 0,0000768 seconds, Stopping threads took: 0,0000133 seconds
2017-01-06T14:51:52.187+0100: 2,572: Total time for which application threads were stopped: 0,0002461 seconds, Stopping threads took: 0,0000192 seconds
2017-01-06T14:51:52.212+0100: 2,597: Total time for which application threads were stopped: 0,0000691 seconds, Stopping threads took: 0,0000124 seconds
2017-01-06T14:51:52.291+0100: 2,676: Total time for which application threads were stopped: 0,0001386 seconds, Stopping threads took: 0,0000214 seconds
2017-01-06T14:51:52.311+0100: 2,696: Total time for which application threads were stopped: 0,0001046 seconds, Stopping threads took: 0,0000353 seconds
2017-01-06T14:51:52.319+0100: 2,704: Total time for which application threads were stopped: 0,0002834 seconds, Stopping threads took: 0,0000173 seconds
2017-01-06T14:51:52.326+0100: 2,711: Total time for which application threads were stopped: 0,0002768 seconds, Stopping threads took: 0,0000170 seconds
2017-01-06T14:51:52.342+0100: 2,727: Total time for which application threads were stopped: 0,0001040 seconds, Stopping threads took: 0,0000286 seconds
2017-01-06T14:51:52.373+0100: 2,758: Total time for which application threads were stopped: 0,0001203 seconds, Stopping threads took: 0,0000406 seconds
2017-01-06T14:51:52.391+0100: 2,776: Total time for which application threads were stopped: 0,0000693 seconds, Stopping threads took: 0,0000140 seconds
2017-01-06T14:51:52.407+0100: 2,792: Total time for which application threads were stopped: 0,0000915 seconds, Stopping threads took: 0,0000282 seconds
2017-01-06T14:51:52.434+0100: 2,819: Total time for which application threads were stopped: 0,0000748 seconds, Stopping threads took: 0,0000156 seconds
2017-01-06T14:51:52.461+0100: 2,846: Total time for which application threads were stopped: 0,0001307 seconds, Stopping threads took: 0,0000255 seconds
2017-01-06T14:51:52.520+0100: 2,905: Total time for which application threads were stopped: 0,0001890 seconds, Stopping threads took: 0,0001151 seconds
2017-01-06T14:51:52.564+0100: 2,949: Total time for which application threads were stopped: 0,0001139 seconds, Stopping threads took: 0,0000228 seconds
{Heap before GC invocations=2 (full 0):
 par new generation   total 109248K, used 100517K [0x00000000e0000000, 0x00000000e8000000, 0x00000000e8000000)
  eden space 87424K, 100% used [0x00000000e0000000, 0x00000000e5560000, 0x00000000e5560000)
  from space 21824K,  59% used [0x00000000e5560000, 0x00000000e6229478, 0x00000000e6ab0000)
  to   space 21824K,   0% used [0x00000000e6ab0000, 0x00000000e6ab0000, 0x00000000e8000000)
 concurrent mark-sweep generation total 393216K, used 0K [0x00000000e8000000, 0x0000000100000000, 0x0000000100000000)
 Metaspace       used 24870K, capacity 25220K, committed 25536K, reserved 1071104K
  class space    used 2896K, capacity 3024K, committed 3064K, reserved 1048576K
2017-01-06T14:51:52.575+0100: 2,960: [GC (Allocation Failure) 2017-01-06T14:51:52.576+0100: 2,961: [ParNew
Desired survivor size 20112992 bytes, new threshold 8 (max 8)
- age   1:    6703368 bytes,    6703368 total
- age   2:     548912 bytes,    7252280 total
- age   3:    6086448 bytes,   13338728 total
: 100517K->14225K(109248K), 0,0188561 secs] 100517K->14225K(502464K), 0,0189654 secs] [Times: user=0,06 sys=0,01, real=0,02 secs] 
Heap after GC invocations=3 (full 0):
 par new generation   total 109248K, used 14225K [0x00000000e0000000, 0x00000000e8000000, 0x00000000e8000000)
  eden space 87424K,   0% used [0x00000000e0000000, 0x00000000e0000000, 0x00000000e5560000)
  from space 21824K,  65% used [0x00000000e6ab0000, 0x00000000e78945a0, 0x00000000e8000000)
  to   space 21824K,   0% used [0x00000000e5560000, 0x00000000e5560000, 0x00000000e6ab0000)
 concurrent mark-sweep generation total 393216K, used 0K [0x00000000e8000000, 0x0000000100000000, 0x0000000100000000)
 Metaspace       used 24870K, capacity 25220K, committed 25536K, reserved 1071104K
  class space    used 2896K, capacity 3024K, committed 3064K, reserved 1048576K
}
2017-01-06T14:51:52.595+0100: 2,979: Total time for which application threads were stopped: 0,0191976 seconds, Stopping threads took: 0,0000595 seconds
2017-01-06T14:51:52.595+0100: 2,980: [GC (CMS Initial Mark) [1 CMS-initial-mark: 0K(393216K)] 14240K(502464K), 0,0036123 secs] [Times: user=0,01 sys=0,00, real=0,00 secs] 
2017-01-06T14:51:52.599+0100: 2,983: Total time for which application threads were stopped: 0,0037466 seconds, Stopping threads took: 0,0000438 seconds
2017-01-06T14:51:52.599+0100: 2,984: [CMS-concurrent-mark-start]
2017-01-06T14:51:52.599+0100: 2,984: [CMS-concurrent-mark: 0,001/0,001 secs] [Times: user=0,00 sys=0,00, real=0,00 secs] 
2017-01-06T14:51:52.599+0100: 2,984: [CMS-concurrent-preclean-start]
2017-01-06T14:51:52.600+0100: 2,985: [CMS-concurrent-preclean: 0,001/0,001 secs] [Times: user=0,01 sys=0,00, real=0,00 secs] 
2017-01-06T14:51:52.601+0100: 2,986: [GC (CMS Final Remark) [YG occupancy: 15644 K (109248 K)]{Heap before GC invocations=3 (full 1):
 par new generation   total 109248K, used 15644K [0x00000000e0000000, 0x00000000e8000000, 0x00000000e8000000)
  eden space 87424K,   1% used [0x00000000e0000000, 0x00000000e0162c38, 0x00000000e5560000)
  from space 21824K,  65% used [0x00000000e6ab0000, 0x00000000e78945a0, 0x00000000e8000000)
  to   space 21824K,   0% used [0x00000000e5560000, 0x00000000e5560000, 0x00000000e6ab0000)
 concurrent mark-sweep generation total 393216K, used 0K [0x00000000e8000000, 0x0000000100000000, 0x0000000100000000)
 Metaspace       used 24885K, capacity 25284K, committed 25536K, reserved 1071104K
  class space    used 2897K, capacity 3024K, committed 3064K, reserved 1048576K
2017-01-06T14:51:52.601+0100: 2,986: [GC (CMS Final Remark) 2017-01-06T14:51:52.601+0100: 2,986: [ParNew
Desired survivor size 20112992 bytes, new threshold 8 (max 8)
- age   1:      22448 bytes,      22448 total
- age   2:    5022288 bytes,    5044736 total
- age   3:     548768 bytes,    5593504 total
- age   4:    6084720 bytes,   11678224 total
: 15644K->16587K(109248K), 0,0111912 secs] 15644K->16587K(502464K), 0,0112284 secs] [Times: user=0,04 sys=0,00, real=0,02 secs] 
Heap after GC invocations=4 (full 1):
 par new generation   total 109248K, used 16587K [0x00000000e0000000, 0x00000000e8000000, 0x00000000e8000000)
  eden space 87424K,   0% used [0x00000000e0000000, 0x00000000e0000000, 0x00000000e5560000)
  from space 21824K,  76% used [0x00000000e5560000, 0x00000000e6592d20, 0x00000000e6ab0000)
  to   space 21824K,   0% used [0x00000000e6ab0000, 0x00000000e6ab0000, 0x00000000e8000000)
 concurrent mark-sweep generation total 393216K, used 0K [0x00000000e8000000, 0x0000000100000000, 0x0000000100000000)
 Metaspace       used 24885K, capacity 25284K, committed 25536K, reserved 1071104K
  class space    used 2897K, capacity 3024K, committed 3064K, reserved 1048576K
}
2017-01-06T14:51:52.612+0100: 2,997: [Rescan (parallel) , 0,0036794 secs]2017-01-06T14:51:52.616+0100: 3,001: [weak refs processing, 0,0004762 secs]2017-01-06T14:51:52.616+0100: 3,001: [class unloading, 0,0031854 secs]2017-01-06T14:51:52.619+0100: 3,004: [scrub symbol table, 0,0031719 secs]2017-01-06T14:51:52.622+0100: 3,007: [scrub string table, 0,0003753 secs][1 CMS-remark: 0K(393216K)] 16587K(502464K), 0,0228040 secs] [Times: user=0,06 sys=0,00, real=0,03 secs] 
2017-01-06T14:51:52.623+0100: 3,008: Total time for which application threads were stopped: 0,0229209 seconds, Stopping threads took: 0,0000496 seconds
2017-01-06T14:51:52.624+0100: 3,009: [CMS-concurrent-sweep-start]
2017-01-06T14:51:52.624+0100: 3,009: [CMS-concurrent-sweep: 0,000/0,000 secs] [Times: user=0,00 sys=0,00, real=0,00 secs] 
2017-01-06T14:51:52.624+0100: 3,009: [CMS-concurrent-reset-start]
2017-01-06T14:51:52.626+0100: 3,011: [CMS-concurrent-reset: 0,002/0,002 secs] [Times: user=0,01 sys=0,00, real=0,00 secs] 
2017-01-06T14:51:52.691+0100: 3,076: Total time for which application threads were stopped: 0,0004529 seconds, Stopping threads took: 0,0000402 seconds
2017-01-06T14:51:52.707+0100: 3,092: Total time for which application threads were stopped: 0,0004363 seconds, Stopping threads took: 0,0000382 seconds
2017-01-06T14:51:53.665+0100: 4,050: Total time for which application threads were stopped: 0,0003265 seconds, Stopping threads took: 0,0000192 seconds
2017-01-06T14:54:36.683+0100: 167,068: Total time for which application threads were stopped: 0,0000797 seconds, Stopping threads took: 0,0000334 seconds
2017-01-06T14:54:50.685+0100: 181,070: Total time for which application threads were stopped: 0,0000705 seconds, Stopping threads took: 0,0000206 seconds
2017-01-06T14:55:31.689+0100: 222,074: Total time for which application threads were stopped: 0,0000925 seconds, Stopping threads took: 0,0000387 seconds
2017-01-06T14:56:20.695+0100: 271,080: Total time for which application threads were stopped: 0,0000794 seconds, Stopping threads took: 0,0000365 seconds
2017-01-06T14:56:36.696+0100: 287,081: Total time for which application threads were stopped: 0,0000781 seconds, Stopping threads took: 0,0000348 seconds
2017-01-06T14:57:11.700+0100: 322,085: Total time for which application threads were stopped: 0,0000757 seconds, Stopping threads took: 0,0000330 seconds
2017-01-06T14:59:21.713+0100: 452,098: Total time for which application threads were stopped: 0,0000725 seconds, Stopping threads took: 0,0000307 seconds
2017-01-06T14:59:51.716+0100: 482,101: Total time for which application threads were stopped: 0,0000878 seconds, Stopping threads took: 0,0000344 seconds
2017-01-06T15:02:31.734+0100: 642,119: Total time for which application threads were stopped: 0,0000797 seconds, Stopping threads took: 0,0000362 seconds
2017-01-06T15:03:55.745+0100: 726,130: Total time for which application threads were stopped: 0,0001369 seconds, Stopping threads took: 0,0000478 seconds
2017-01-06T15:15:30.825+0100: 1421,210: Total time for which application threads were stopped: 0,0003512 seconds, Stopping threads took: 0,0001524 seconds
2017-01-06T15:19:16.850+0100: 1647,235: Total time for which application threads were stopped: 0,0000796 seconds, Stopping threads took: 0,0000318 seconds
2017-01-06T15:20:50.860+0100: 1741,245: Total time for which application threads were stopped: 0,0000712 seconds, Stopping threads took: 0,0000295 seconds
2017-01-06T15:30:26.921+0100: 2317,306: Total time for which application threads were stopped: 0,0000698 seconds, Stopping threads took: 0,0000295 seconds
2017-01-06T15:30:30.921+0100: 2321,306: Total time for which application threads were stopped: 0,0000631 seconds, Stopping threads took: 0,0000171 seconds
2017-01-06T15:45:07.016+0100: 3197,401: Total time for which application threads were stopped: 0,0000992 seconds, Stopping threads took: 0,0000409 seconds
2017-01-06T15:56:06.092+0100: 3856,477: Total time for which application threads were stopped: 0,0000658 seconds, Stopping threads took: 0,0000254 seconds
2017-01-06T15:56:11.092+0100: 3861,477: Total time for which application threads were stopped: 0,0000581 seconds, Stopping threads took: 0,0000153 seconds
2017-01-06T15:58:51.112+0100: 4021,497: Total time for which application threads were stopped: 0,0000852 seconds, Stopping threads took: 0,0000378 seconds
2017-01-06T16:39:22.405+0100: 6452,790: Total time for which application threads were stopped: 0,0000938 seconds, Stopping threads took: 0,0000351 seconds
2017-01-06T16:39:27.405+0100: 6457,790: Total time for which application threads were stopped: 0,0000810 seconds, Stopping threads took: 0,0000188 seconds
2017-01-06T16:43:22.431+0100: 6692,816: Total time for which application threads were stopped: 0,0000833 seconds, Stopping threads took: 0,0000336 seconds
2017-01-06T16:56:51.515+0100: 7501,900: Total time for which application threads were stopped: 0,0001686 seconds, Stopping threads took: 0,0000660 seconds
2017-01-06T16:57:21.517+0100: 7531,902: Total time for which application threads were stopped: 0,0000770 seconds, Stopping threads took: 0,0000336 seconds
2017-01-06T16:58:51.528+0100: 7621,913: Total time for which application threads were stopped: 0,0001116 seconds, Stopping threads took: 0,0000641 seconds
2017-01-06T16:59:51.535+0100: 7681,920: Total time for which application threads were stopped: 0,0000869 seconds, Stopping threads took: 0,0000315 seconds
2017-01-06T17:00:21.539+0100: 7711,924: Total time for which application threads were stopped: 0,0000751 seconds, Stopping threads took: 0,0000342 seconds
2017-01-06T18:01:21.970+0100: 11372,354: Total time for which application threads were stopped: 0,0004078 seconds, Stopping threads took: 0,0001476 seconds
2017-01-06T19:01:32.391+0100: 14982,776: Total time for which application threads were stopped: 0,0003286 seconds, Stopping threads took: 0,0001098 seconds
2017-01-06T19:07:00.847+0100: 15311,232: Total time for which application threads were stopped: 0,0001585 seconds, Stopping threads took: 0,0000402 seconds
Heap
 par new generation   total 109248K, used 60033K [0x00000000e0000000, 0x00000000e8000000, 0x00000000e8000000)
  eden space 87424K,  49% used [0x00000000e0000000, 0x00000000e2a6d988, 0x00000000e5560000)
  from space 21824K,  76% used [0x00000000e5560000, 0x00000000e6592d20, 0x00000000e6ab0000)
  to   space 21824K,   0% used [0x00000000e6ab0000, 0x00000000e6ab0000, 0x00000000e8000000)
 concurrent mark-sweep generation total 393216K, used 0K [0x00000000e8000000, 0x0000000100000000, 0x0000000100000000)
 Metaspace       used 27271K, capacity 27724K, committed 27840K, reserved 1073152K
  class space    used 3166K, capacity 3320K, committed 3320K, reserved 1048576K
