OpenJDK 64-Bit Server VM (25.131-b11) for linux-amd64 JRE (1.8.0_131-8u131-b11-0ubuntu1.16.04.2-b11), built on May  6 2017 02:45:27 by "buildd" with gcc 5.4.0 20160609
Memory: 4k page, physical 7867740k(7405952k free), swap 8076284k(8076284k free)
CommandLine flags: -XX:CMSInitiatingOccupancyFraction=50 -XX:CMSMaxAbortablePrecleanTime=6000 -XX:+CMSParallelRemarkEnabled -XX:+CMSScavengeBeforeRemark -XX:ConcGCThreads=4 -XX:InitialHeapSize=536870912 -XX:MaxHeapSize=536870912 -XX:MaxTenuringThreshold=8 -XX:NewRatio=3 -XX:OldPLABSize=16 -XX:OnOutOfMemoryError=/opt/solr/bin/oom_solr.sh 8983 /var/solr/logs -XX:ParallelGCThreads=4 -XX:+ParallelRefProcEnabled -XX:PretenureSizeThreshold=67108864 -XX:+PrintGC -XX:+PrintGCApplicationStoppedTime -XX:+PrintGCDateStamps -XX:+PrintGCDetails -XX:+PrintGCTimeStamps -XX:+PrintHeapAtGC -XX:+PrintTenuringDistribution -XX:SurvivorRatio=4 -XX:TargetSurvivorRatio=90 -XX:ThreadStackSize=256 -XX:+UseCMSInitiatingOccupancyOnly -XX:+UseCompressedClassPointers -XX:+UseCompressedOops -XX:+UseConcMarkSweepGC -XX:+UseParNewGC 
2017-06-16T11:40:23.820+0200: 0,152: Total time for which application threads were stopped: 0,0000806 seconds, Stopping threads took: 0,0000094 seconds
2017-06-16T11:40:23.927+0200: 0,259: Total time for which application threads were stopped: 0,0001314 seconds, Stopping threads took: 0,0000202 seconds
2017-06-16T11:40:23.943+0200: 0,275: Total time for which application threads were stopped: 0,0000848 seconds, Stopping threads took: 0,0000093 seconds
2017-06-16T11:40:24.150+0200: 0,482: Total time for which application threads were stopped: 0,0001895 seconds, Stopping threads took: 0,0000232 seconds
2017-06-16T11:40:24.742+0200: 1,074: Total time for which application threads were stopped: 0,0002138 seconds, Stopping threads took: 0,0000260 seconds
2017-06-16T11:40:24.895+0200: 1,227: Total time for which application threads were stopped: 0,0002378 seconds, Stopping threads took: 0,0000318 seconds
2017-06-16T11:40:24.943+0200: 1,275: Total time for which application threads were stopped: 0,0001757 seconds, Stopping threads took: 0,0000246 seconds
2017-06-16T11:40:25.229+0200: 1,560: Total time for which application threads were stopped: 0,0001807 seconds, Stopping threads took: 0,0000206 seconds
2017-06-16T11:40:25.452+0200: 1,784: Total time for which application threads were stopped: 0,0006233 seconds, Stopping threads took: 0,0000986 seconds
2017-06-16T11:40:25.478+0200: 1,810: Total time for which application threads were stopped: 0,0001687 seconds, Stopping threads took: 0,0000196 seconds
2017-06-16T11:40:25.510+0200: 1,842: Total time for which application threads were stopped: 0,0002411 seconds, Stopping threads took: 0,0000196 seconds
2017-06-16T11:40:25.511+0200: 1,843: Total time for which application threads were stopped: 0,0001646 seconds, Stopping threads took: 0,0000220 seconds
2017-06-16T11:40:25.523+0200: 1,855: Total time for which application threads were stopped: 0,0002077 seconds, Stopping threads took: 0,0000188 seconds
2017-06-16T11:40:25.604+0200: 1,936: Total time for which application threads were stopped: 0,0002531 seconds, Stopping threads took: 0,0000251 seconds
2017-06-16T11:40:25.764+0200: 2,096: Total time for which application threads were stopped: 0,0003058 seconds, Stopping threads took: 0,0000482 seconds
{Heap before GC invocations=0 (full 0):
 par new generation   total 109248K, used 87424K [0x00000000e0000000, 0x00000000e8000000, 0x00000000e8000000)
  eden space 87424K, 100% used [0x00000000e0000000, 0x00000000e5560000, 0x00000000e5560000)
  from space 21824K,   0% used [0x00000000e5560000, 0x00000000e5560000, 0x00000000e6ab0000)
  to   space 21824K,   0% used [0x00000000e6ab0000, 0x00000000e6ab0000, 0x00000000e8000000)
 concurrent mark-sweep generation total 393216K, used 0K [0x00000000e8000000, 0x0000000100000000, 0x0000000100000000)
 Metaspace       used 18018K, capacity 18336K, committed 18688K, reserved 1064960K
  class space    used 2036K, capacity 2196K, committed 2304K, reserved 1048576K
2017-06-16T11:40:25.851+0200: 2,183: [GC (Allocation Failure) 2017-06-16T11:40:25.851+0200: 2,183: [ParNew
Desired survivor size 20112992 bytes, new threshold 8 (max 8)
- age   1:   12504720 bytes,   12504720 total
: 87424K->12327K(109248K), 0,0155298 secs] 87424K->12327K(502464K), 0,0156103 secs] [Times: user=0,04 sys=0,01, real=0,02 secs] 
Heap after GC invocations=1 (full 0):
 par new generation   total 109248K, used 12327K [0x00000000e0000000, 0x00000000e8000000, 0x00000000e8000000)
  eden space 87424K,   0% used [0x00000000e0000000, 0x00000000e0000000, 0x00000000e5560000)
  from space 21824K,  56% used [0x00000000e6ab0000, 0x00000000e76b9d70, 0x00000000e8000000)
  to   space 21824K,   0% used [0x00000000e5560000, 0x00000000e5560000, 0x00000000e6ab0000)
 concurrent mark-sweep generation total 393216K, used 0K [0x00000000e8000000, 0x0000000100000000, 0x0000000100000000)
 Metaspace       used 18018K, capacity 18336K, committed 18688K, reserved 1064960K
  class space    used 2036K, capacity 2196K, committed 2304K, reserved 1048576K
}
2017-06-16T11:40:25.867+0200: 2,199: Total time for which application threads were stopped: 0,0159170 seconds, Stopping threads took: 0,0001247 seconds
2017-06-16T11:40:26.199+0200: 2,531: Total time for which application threads were stopped: 0,0003150 seconds, Stopping threads took: 0,0000590 seconds
{Heap before GC invocations=1 (full 0):
 par new generation   total 109248K, used 99751K [0x00000000e0000000, 0x00000000e8000000, 0x00000000e8000000)
  eden space 87424K, 100% used [0x00000000e0000000, 0x00000000e5560000, 0x00000000e5560000)
  from space 21824K,  56% used [0x00000000e6ab0000, 0x00000000e76b9d70, 0x00000000e8000000)
  to   space 21824K,   0% used [0x00000000e5560000, 0x00000000e5560000, 0x00000000e6ab0000)
 concurrent mark-sweep generation total 393216K, used 0K [0x00000000e8000000, 0x0000000100000000, 0x0000000100000000)
 Metaspace       used 20071K, capacity 20448K, committed 20736K, reserved 1067008K
  class space    used 2299K, capacity 2478K, committed 2560K, reserved 1048576K
2017-06-16T11:40:26.238+0200: 2,570: [GC (Allocation Failure) 2017-06-16T11:40:26.238+0200: 2,570: [ParNew
Desired survivor size 20112992 bytes, new threshold 8 (max 8)
- age   1:    3635848 bytes,    3635848 total
- age   2:    6635928 bytes,   10271776 total
: 99751K->13629K(109248K), 0,0120512 secs] 99751K->13629K(502464K), 0,0121133 secs] [Times: user=0,03 sys=0,00, real=0,01 secs] 
Heap after GC invocations=2 (full 0):
 par new generation   total 109248K, used 13629K [0x00000000e0000000, 0x00000000e8000000, 0x00000000e8000000)
  eden space 87424K,   0% used [0x00000000e0000000, 0x00000000e0000000, 0x00000000e5560000)
  from space 21824K,  62% used [0x00000000e5560000, 0x00000000e62af5f8, 0x00000000e6ab0000)
  to   space 21824K,   0% used [0x00000000e6ab0000, 0x00000000e6ab0000, 0x00000000e8000000)
 concurrent mark-sweep generation total 393216K, used 0K [0x00000000e8000000, 0x0000000100000000, 0x0000000100000000)
 Metaspace       used 20071K, capacity 20448K, committed 20736K, reserved 1067008K
  class space    used 2299K, capacity 2478K, committed 2560K, reserved 1048576K
}
2017-06-16T11:40:26.251+0200: 2,583: Total time for which application threads were stopped: 0,0161527 seconds, Stopping threads took: 0,0038974 seconds
2017-06-16T11:40:26.257+0200: 2,589: Total time for which application threads were stopped: 0,0003214 seconds, Stopping threads took: 0,0000521 seconds
2017-06-16T11:40:26.306+0200: 2,638: Total time for which application threads were stopped: 0,0003792 seconds, Stopping threads took: 0,0000493 seconds
2017-06-16T11:40:26.441+0200: 2,773: Total time for which application threads were stopped: 0,0001852 seconds, Stopping threads took: 0,0000316 seconds
{Heap before GC invocations=2 (full 0):
 par new generation   total 109248K, used 101053K [0x00000000e0000000, 0x00000000e8000000, 0x00000000e8000000)
  eden space 87424K, 100% used [0x00000000e0000000, 0x00000000e5560000, 0x00000000e5560000)
  from space 21824K,  62% used [0x00000000e5560000, 0x00000000e62af5f8, 0x00000000e6ab0000)
  to   space 21824K,   0% used [0x00000000e6ab0000, 0x00000000e6ab0000, 0x00000000e8000000)
 concurrent mark-sweep generation total 393216K, used 0K [0x00000000e8000000, 0x0000000100000000, 0x0000000100000000)
 Metaspace       used 21020K, capacity 21370K, committed 21552K, reserved 1069056K
  class space    used 2421K, capacity 2597K, committed 2608K, reserved 1048576K
2017-06-16T11:40:26.479+0200: 2,811: [GC (Allocation Failure) 2017-06-16T11:40:26.479+0200: 2,811: [ParNew
Desired survivor size 20112992 bytes, new threshold 8 (max 8)
- age   1:    2049480 bytes,    2049480 total
- age   2:     879832 bytes,    2929312 total
- age   3:    6635160 bytes,    9564472 total
: 101053K->11417K(109248K), 0,0133566 secs] 101053K->11417K(502464K), 0,0134573 secs] [Times: user=0,03 sys=0,00, real=0,01 secs] 
Heap after GC invocations=3 (full 0):
 par new generation   total 109248K, used 11417K [0x00000000e0000000, 0x00000000e8000000, 0x00000000e8000000)
  eden space 87424K,   0% used [0x00000000e0000000, 0x00000000e0000000, 0x00000000e5560000)
  from space 21824K,  52% used [0x00000000e6ab0000, 0x00000000e75d65c0, 0x00000000e8000000)
  to   space 21824K,   0% used [0x00000000e5560000, 0x00000000e5560000, 0x00000000e6ab0000)
 concurrent mark-sweep generation total 393216K, used 0K [0x00000000e8000000, 0x0000000100000000, 0x0000000100000000)
 Metaspace       used 21020K, capacity 21370K, committed 21552K, reserved 1069056K
  class space    used 2421K, capacity 2597K, committed 2608K, reserved 1048576K
}
2017-06-16T11:40:26.493+0200: 2,825: Total time for which application threads were stopped: 0,0136923 seconds, Stopping threads took: 0,0000629 seconds
2017-06-16T11:40:26.493+0200: 2,825: [GC (CMS Initial Mark) [1 CMS-initial-mark: 0K(393216K)] 11433K(502464K), 0,0038819 secs] [Times: user=0,02 sys=0,00, real=0,01 secs] 
2017-06-16T11:40:26.497+0200: 2,829: Total time for which application threads were stopped: 0,0041093 seconds, Stopping threads took: 0,0001174 seconds
2017-06-16T11:40:26.497+0200: 2,829: [CMS-concurrent-mark-start]
2017-06-16T11:40:26.506+0200: 2,838: [CMS-concurrent-mark: 0,009/0,009 secs] [Times: user=0,03 sys=0,00, real=0,01 secs] 
2017-06-16T11:40:26.506+0200: 2,838: [CMS-concurrent-preclean-start]
2017-06-16T11:40:26.508+0200: 2,839: [CMS-concurrent-preclean: 0,001/0,001 secs] [Times: user=0,01 sys=0,00, real=0,00 secs] 
2017-06-16T11:40:26.508+0200: 2,840: [CMS-concurrent-abortable-preclean-start]
2017-06-16T11:40:26.598+0200: 2,930: Total time for which application threads were stopped: 0,0040864 seconds, Stopping threads took: 0,0040017 seconds
2017-06-16T11:40:26.598+0200: 2,930: [CMS-concurrent-abortable-preclean: 0,078/0,091 secs] [Times: user=0,33 sys=0,01, real=0,09 secs] 
2017-06-16T11:40:26.599+0200: 2,931: [GC (CMS Final Remark) [YG occupancy: 81315 K (109248 K)]{Heap before GC invocations=3 (full 1):
 par new generation   total 109248K, used 81315K [0x00000000e0000000, 0x00000000e8000000, 0x00000000e8000000)
  eden space 87424K,  79% used [0x00000000e0000000, 0x00000000e44426a8, 0x00000000e5560000)
  from space 21824K,  52% used [0x00000000e6ab0000, 0x00000000e75d65c0, 0x00000000e8000000)
  to   space 21824K,   0% used [0x00000000e5560000, 0x00000000e5560000, 0x00000000e6ab0000)
 concurrent mark-sweep generation total 393216K, used 0K [0x00000000e8000000, 0x0000000100000000, 0x0000000100000000)
 Metaspace       used 21257K, capacity 21626K, committed 21756K, reserved 1069056K
  class space    used 2447K, capacity 2609K, committed 2736K, reserved 1048576K
2017-06-16T11:40:26.599+0200: 2,931: [GC (CMS Final Remark) 2017-06-16T11:40:26.599+0200: 2,931: [ParNew
Desired survivor size 20112992 bytes, new threshold 8 (max 8)
- age   1:    1372672 bytes,    1372672 total
- age   2:    1458072 bytes,    2830744 total
- age   3:     848424 bytes,    3679168 total
- age   4:    6635328 bytes,   10314496 total
: 81315K->14756K(109248K), 0,0097534 secs] 81315K->14756K(502464K), 0,0097932 secs] [Times: user=0,04 sys=0,00, real=0,01 secs] 
Heap after GC invocations=4 (full 1):
 par new generation   total 109248K, used 14756K [0x00000000e0000000, 0x00000000e8000000, 0x00000000e8000000)
  eden space 87424K,   0% used [0x00000000e0000000, 0x00000000e0000000, 0x00000000e5560000)
  from space 21824K,  67% used [0x00000000e5560000, 0x00000000e63c9310, 0x00000000e6ab0000)
  to   space 21824K,   0% used [0x00000000e6ab0000, 0x00000000e6ab0000, 0x00000000e8000000)
 concurrent mark-sweep generation total 393216K, used 0K [0x00000000e8000000, 0x0000000100000000, 0x0000000100000000)
 Metaspace       used 21257K, capacity 21626K, committed 21756K, reserved 1069056K
  class space    used 2447K, capacity 2609K, committed 2736K, reserved 1048576K
}
2017-06-16T11:40:26.608+0200: 2,940: [Rescan (parallel) , 0,0036799 secs]2017-06-16T11:40:26.612+0200: 2,944: [weak refs processing, 0,0013246 secs]2017-06-16T11:40:26.613+0200: 2,945: [class unloading, 0,0028712 secs]2017-06-16T11:40:26.616+0200: 2,948: [scrub symbol table, 0,0026228 secs]2017-06-16T11:40:26.619+0200: 2,951: [scrub string table, 0,0004087 secs][1 CMS-remark: 0K(393216K)] 14756K(502464K), 0,0213814 secs] [Times: user=0,06 sys=0,00, real=0,02 secs] 
2017-06-16T11:40:26.620+0200: 2,952: Total time for which application threads were stopped: 0,0215039 seconds, Stopping threads took: 0,0000518 seconds
2017-06-16T11:40:26.620+0200: 2,952: [CMS-concurrent-sweep-start]
2017-06-16T11:40:26.620+0200: 2,952: [CMS-concurrent-sweep: 0,000/0,000 secs] [Times: user=0,00 sys=0,00, real=0,00 secs] 
2017-06-16T11:40:26.620+0200: 2,952: [CMS-concurrent-reset-start]
2017-06-16T11:40:26.623+0200: 2,955: [CMS-concurrent-reset: 0,002/0,002 secs] [Times: user=0,01 sys=0,00, real=0,00 secs] 
{Heap before GC invocations=4 (full 1):
 par new generation   total 109248K, used 102180K [0x00000000e0000000, 0x00000000e8000000, 0x00000000e8000000)
  eden space 87424K, 100% used [0x00000000e0000000, 0x00000000e5560000, 0x00000000e5560000)
  from space 21824K,  67% used [0x00000000e5560000, 0x00000000e63c9310, 0x00000000e6ab0000)
  to   space 21824K,   0% used [0x00000000e6ab0000, 0x00000000e6ab0000, 0x00000000e8000000)
 concurrent mark-sweep generation total 393216K, used 0K [0x00000000e8000000, 0x0000000100000000, 0x0000000100000000)
 Metaspace       used 21389K, capacity 21800K, committed 22012K, reserved 1069056K
  class space    used 2466K, capacity 2643K, committed 2736K, reserved 1048576K
2017-06-16T11:40:26.710+0200: 3,042: [GC (Allocation Failure) 2017-06-16T11:40:26.710+0200: 3,042: [ParNew
Desired survivor size 20112992 bytes, new threshold 8 (max 8)
- age   1:     594104 bytes,     594104 total
- age   2:     139264 bytes,     733368 total
- age   3:    1457544 bytes,    2190912 total
- age   4:     844472 bytes,    3035384 total
- age   5:    6635288 bytes,    9670672 total
: 102180K->11770K(109248K), 0,0124560 secs] 102180K->11770K(502464K), 0,0125213 secs] [Times: user=0,04 sys=0,00, real=0,01 secs] 
Heap after GC invocations=5 (full 1):
 par new generation   total 109248K, used 11770K [0x00000000e0000000, 0x00000000e8000000, 0x00000000e8000000)
  eden space 87424K,   0% used [0x00000000e0000000, 0x00000000e0000000, 0x00000000e5560000)
  from space 21824K,  53% used [0x00000000e6ab0000, 0x00000000e762ea00, 0x00000000e8000000)
  to   space 21824K,   0% used [0x00000000e5560000, 0x00000000e5560000, 0x00000000e6ab0000)
 concurrent mark-sweep generation total 393216K, used 0K [0x00000000e8000000, 0x0000000100000000, 0x0000000100000000)
 Metaspace       used 21389K, capacity 21800K, committed 22012K, reserved 1069056K
  class space    used 2466K, capacity 2643K, committed 2736K, reserved 1048576K
}
2017-06-16T11:40:26.723+0200: 3,055: Total time for which application threads were stopped: 0,0126998 seconds, Stopping threads took: 0,0000218 seconds
2017-06-16T11:40:26.774+0200: 3,106: Total time for which application threads were stopped: 0,0003288 seconds, Stopping threads took: 0,0000238 seconds
2017-06-16T11:40:26.981+0200: 3,313: Total time for which application threads were stopped: 0,0006254 seconds, Stopping threads took: 0,0000730 seconds
2017-06-16T11:40:27.019+0200: 3,351: Total time for which application threads were stopped: 0,0005146 seconds, Stopping threads took: 0,0000669 seconds
2017-06-16T11:40:27.035+0200: 3,367: Total time for which application threads were stopped: 0,0004911 seconds, Stopping threads took: 0,0000386 seconds
{Heap before GC invocations=5 (full 1):
 par new generation   total 109248K, used 99194K [0x00000000e0000000, 0x00000000e8000000, 0x00000000e8000000)
  eden space 87424K, 100% used [0x00000000e0000000, 0x00000000e5560000, 0x00000000e5560000)
  from space 21824K,  53% used [0x00000000e6ab0000, 0x00000000e762ea00, 0x00000000e8000000)
  to   space 21824K,   0% used [0x00000000e5560000, 0x00000000e5560000, 0x00000000e6ab0000)
 concurrent mark-sweep generation total 393216K, used 0K [0x00000000e8000000, 0x0000000100000000, 0x0000000100000000)
 Metaspace       used 23769K, capacity 24244K, committed 24496K, reserved 1071104K
  class space    used 2788K, capacity 2987K, committed 2992K, reserved 1048576K
2017-06-16T11:40:27.170+0200: 3,502: [GC (Allocation Failure) 2017-06-16T11:40:27.171+0200: 3,502: [ParNew
Desired survivor size 20112992 bytes, new threshold 8 (max 8)
- age   1:    5220504 bytes,    5220504 total
- age   2:     119216 bytes,    5339720 total
- age   3:     138032 bytes,    5477752 total
- age   4:     287624 bytes,    5765376 total
- age   5:     820056 bytes,    6585432 total
- age   6:    6626992 bytes,   13212424 total
: 99194K->17108K(109248K), 0,0211856 secs] 99194K->17108K(502464K), 0,0212642 secs] [Times: user=0,08 sys=0,00, real=0,02 secs] 
Heap after GC invocations=6 (full 1):
 par new generation   total 109248K, used 17108K [0x00000000e0000000, 0x00000000e8000000, 0x00000000e8000000)
  eden space 87424K,   0% used [0x00000000e0000000, 0x00000000e0000000, 0x00000000e5560000)
  from space 21824K,  78% used [0x00000000e5560000, 0x00000000e66151c0, 0x00000000e6ab0000)
  to   space 21824K,   0% used [0x00000000e6ab0000, 0x00000000e6ab0000, 0x00000000e8000000)
 concurrent mark-sweep generation total 393216K, used 0K [0x00000000e8000000, 0x0000000100000000, 0x0000000100000000)
 Metaspace       used 23769K, capacity 24244K, committed 24496K, reserved 1071104K
  class space    used 2788K, capacity 2987K, committed 2992K, reserved 1048576K
}
2017-06-16T11:40:27.192+0200: 3,524: Total time for which application threads were stopped: 0,0246096 seconds, Stopping threads took: 0,0031337 seconds
{Heap before GC invocations=6 (full 1):
 par new generation   total 109248K, used 104532K [0x00000000e0000000, 0x00000000e8000000, 0x00000000e8000000)
  eden space 87424K, 100% used [0x00000000e0000000, 0x00000000e5560000, 0x00000000e5560000)
  from space 21824K,  78% used [0x00000000e5560000, 0x00000000e66151c0, 0x00000000e6ab0000)
  to   space 21824K,   0% used [0x00000000e6ab0000, 0x00000000e6ab0000, 0x00000000e8000000)
 concurrent mark-sweep generation total 393216K, used 0K [0x00000000e8000000, 0x0000000100000000, 0x0000000100000000)
 Metaspace       used 24390K, capacity 24884K, committed 25136K, reserved 1071104K
  class space    used 2859K, capacity 3051K, committed 3120K, reserved 1048576K
2017-06-16T11:40:27.330+0200: 3,662: [GC (Allocation Failure) 2017-06-16T11:40:27.330+0200: 3,662: [ParNew
Desired survivor size 20112992 bytes, new threshold 8 (max 8)
- age   1:    1816280 bytes,    1816280 total
- age   2:    1764312 bytes,    3580592 total
- age   3:      69848 bytes,    3650440 total
- age   4:      76824 bytes,    3727264 total
- age   5:     191568 bytes,    3918832 total
- age   6:     777856 bytes,    4696688 total
- age   7:    6092376 bytes,   10789064 total
: 104532K->13954K(109248K), 0,0309205 secs] 104532K->13954K(502464K), 0,0310052 secs] [Times: user=0,10 sys=0,00, real=0,03 secs] 
Heap after GC invocations=7 (full 1):
 par new generation   total 109248K, used 13954K [0x00000000e0000000, 0x00000000e8000000, 0x00000000e8000000)
  eden space 87424K,   0% used [0x00000000e0000000, 0x00000000e0000000, 0x00000000e5560000)
  from space 21824K,  63% used [0x00000000e6ab0000, 0x00000000e7850880, 0x00000000e8000000)
  to   space 21824K,   0% used [0x00000000e5560000, 0x00000000e5560000, 0x00000000e6ab0000)
 concurrent mark-sweep generation total 393216K, used 0K [0x00000000e8000000, 0x0000000100000000, 0x0000000100000000)
 Metaspace       used 24390K, capacity 24884K, committed 25136K, reserved 1071104K
  class space    used 2859K, capacity 3051K, committed 3120K, reserved 1048576K
}
2017-06-16T11:40:27.361+0200: 3,693: Total time for which application threads were stopped: 0,0314542 seconds, Stopping threads took: 0,0002501 seconds
{Heap before GC invocations=7 (full 1):
 par new generation   total 109248K, used 101378K [0x00000000e0000000, 0x00000000e8000000, 0x00000000e8000000)
  eden space 87424K, 100% used [0x00000000e0000000, 0x00000000e5560000, 0x00000000e5560000)
  from space 21824K,  63% used [0x00000000e6ab0000, 0x00000000e7850880, 0x00000000e8000000)
  to   space 21824K,   0% used [0x00000000e5560000, 0x00000000e5560000, 0x00000000e6ab0000)
 concurrent mark-sweep generation total 393216K, used 0K [0x00000000e8000000, 0x0000000100000000, 0x0000000100000000)
 Metaspace       used 24869K, capacity 25396K, committed 25648K, reserved 1071104K
  class space    used 2903K, capacity 3089K, committed 3120K, reserved 1048576K
2017-06-16T11:40:27.459+0200: 3,791: [GC (Allocation Failure) 2017-06-16T11:40:27.459+0200: 3,791: [ParNew
Desired survivor size 20112992 bytes, new threshold 8 (max 8)
- age   1:    1169872 bytes,    1169872 total
- age   2:     996752 bytes,    2166624 total
- age   3:    1741120 bytes,    3907744 total
- age   4:      67336 bytes,    3975080 total
- age   5:      76488 bytes,    4051568 total
- age   6:     188304 bytes,    4239872 total
- age   7:     776320 bytes,    5016192 total
- age   8:    6092296 bytes,   11108488 total
: 101378K->12814K(109248K), 0,0107060 secs] 101378K->12814K(502464K), 0,0107862 secs] [Times: user=0,04 sys=0,00, real=0,01 secs] 
Heap after GC invocations=8 (full 1):
 par new generation   total 109248K, used 12814K [0x00000000e0000000, 0x00000000e8000000, 0x00000000e8000000)
  eden space 87424K,   0% used [0x00000000e0000000, 0x00000000e0000000, 0x00000000e5560000)
  from space 21824K,  58% used [0x00000000e5560000, 0x00000000e61e39d0, 0x00000000e6ab0000)
  to   space 21824K,   0% used [0x00000000e6ab0000, 0x00000000e6ab0000, 0x00000000e8000000)
 concurrent mark-sweep generation total 393216K, used 0K [0x00000000e8000000, 0x0000000100000000, 0x0000000100000000)
 Metaspace       used 24869K, capacity 25396K, committed 25648K, reserved 1071104K
  class space    used 2903K, capacity 3089K, committed 3120K, reserved 1048576K
}
2017-06-16T11:40:27.470+0200: 3,802: Total time for which application threads were stopped: 0,0110387 seconds, Stopping threads took: 0,0001117 seconds
2017-06-16T11:40:27.725+0200: 4,057: Total time for which application threads were stopped: 0,0005599 seconds, Stopping threads took: 0,0000489 seconds
2017-06-16T11:40:27.731+0200: 4,063: Total time for which application threads were stopped: 0,0002099 seconds, Stopping threads took: 0,0000680 seconds
2017-06-16T11:40:27.734+0200: 4,066: Total time for which application threads were stopped: 0,0001297 seconds, Stopping threads took: 0,0000338 seconds
2017-06-16T11:40:27.741+0200: 4,073: Total time for which application threads were stopped: 0,0008464 seconds, Stopping threads took: 0,0007587 seconds
2017-06-16T11:40:27.747+0200: 4,079: Total time for which application threads were stopped: 0,0004443 seconds, Stopping threads took: 0,0003402 seconds
2017-06-16T11:40:27.748+0200: 4,080: Total time for which application threads were stopped: 0,0001193 seconds, Stopping threads took: 0,0000360 seconds
2017-06-16T11:40:27.765+0200: 4,097: Total time for which application threads were stopped: 0,0036122 seconds, Stopping threads took: 0,0031577 seconds
2017-06-16T11:40:27.780+0200: 4,112: Total time for which application threads were stopped: 0,0001215 seconds, Stopping threads took: 0,0000380 seconds
2017-06-16T11:40:27.787+0200: 4,119: Total time for which application threads were stopped: 0,0041795 seconds, Stopping threads took: 0,0038176 seconds
2017-06-16T11:40:27.854+0200: 4,186: Total time for which application threads were stopped: 0,0004219 seconds, Stopping threads took: 0,0000303 seconds
2017-06-16T11:40:27.856+0200: 4,188: Total time for which application threads were stopped: 0,0001510 seconds, Stopping threads took: 0,0000798 seconds
2017-06-16T11:40:27.856+0200: 4,188: Total time for which application threads were stopped: 0,0001119 seconds, Stopping threads took: 0,0000694 seconds
2017-06-16T11:40:27.866+0200: 4,198: Total time for which application threads were stopped: 0,0001252 seconds, Stopping threads took: 0,0000416 seconds
2017-06-16T11:40:27.874+0200: 4,206: Total time for which application threads were stopped: 0,0001064 seconds, Stopping threads took: 0,0000283 seconds
2017-06-16T11:40:27.875+0200: 4,207: Total time for which application threads were stopped: 0,0001219 seconds, Stopping threads took: 0,0000325 seconds
2017-06-16T11:40:27.876+0200: 4,207: Total time for which application threads were stopped: 0,0001012 seconds, Stopping threads took: 0,0000307 seconds
2017-06-16T11:40:27.876+0200: 4,208: Total time for which application threads were stopped: 0,0000960 seconds, Stopping threads took: 0,0000312 seconds
2017-06-16T11:40:27.878+0200: 4,209: Total time for which application threads were stopped: 0,0001378 seconds, Stopping threads took: 0,0000374 seconds
2017-06-16T11:40:27.878+0200: 4,210: Total time for which application threads were stopped: 0,0000961 seconds, Stopping threads took: 0,0000167 seconds
2017-06-16T11:40:27.883+0200: 4,215: Total time for which application threads were stopped: 0,0044990 seconds, Stopping threads took: 0,0043694 seconds
2017-06-16T11:40:27.883+0200: 4,215: Total time for which application threads were stopped: 0,0000994 seconds, Stopping threads took: 0,0000115 seconds
2017-06-16T11:40:27.883+0200: 4,215: Total time for which application threads were stopped: 0,0000839 seconds, Stopping threads took: 0,0000083 seconds
2017-06-16T11:40:27.883+0200: 4,215: Total time for which application threads were stopped: 0,0000966 seconds, Stopping threads took: 0,0000131 seconds
2017-06-16T11:40:27.884+0200: 4,216: Total time for which application threads were stopped: 0,0000937 seconds, Stopping threads took: 0,0000324 seconds
2017-06-16T11:40:27.884+0200: 4,216: Total time for which application threads were stopped: 0,0000907 seconds, Stopping threads took: 0,0000135 seconds
2017-06-16T11:40:27.884+0200: 4,216: Total time for which application threads were stopped: 0,0001987 seconds, Stopping threads took: 0,0000108 seconds
2017-06-16T11:40:27.888+0200: 4,220: Total time for which application threads were stopped: 0,0001872 seconds, Stopping threads took: 0,0000793 seconds
2017-06-16T11:40:27.889+0200: 4,221: Total time for which application threads were stopped: 0,0004916 seconds, Stopping threads took: 0,0004243 seconds
2017-06-16T11:40:27.889+0200: 4,221: Total time for which application threads were stopped: 0,0000873 seconds, Stopping threads took: 0,0000254 seconds
2017-06-16T11:40:27.889+0200: 4,221: Total time for which application threads were stopped: 0,0000733 seconds, Stopping threads took: 0,0000176 seconds
2017-06-16T11:40:27.889+0200: 4,221: Total time for which application threads were stopped: 0,0000926 seconds, Stopping threads took: 0,0000202 seconds
2017-06-16T11:40:27.890+0200: 4,222: Total time for which application threads were stopped: 0,0004340 seconds, Stopping threads took: 0,0003479 seconds
2017-06-16T11:40:27.890+0200: 4,222: Total time for which application threads were stopped: 0,0000997 seconds, Stopping threads took: 0,0000444 seconds
2017-06-16T11:40:27.890+0200: 4,222: Total time for which application threads were stopped: 0,0001329 seconds, Stopping threads took: 0,0000525 seconds
2017-06-16T11:40:27.891+0200: 4,222: Total time for which application threads were stopped: 0,0002191 seconds, Stopping threads took: 0,0001588 seconds
2017-06-16T11:40:27.892+0200: 4,224: Total time for which application threads were stopped: 0,0001578 seconds, Stopping threads took: 0,0000515 seconds
2017-06-16T11:40:27.892+0200: 4,224: Total time for which application threads were stopped: 0,0000907 seconds, Stopping threads took: 0,0000383 seconds
2017-06-16T11:40:27.894+0200: 4,226: Total time for which application threads were stopped: 0,0001019 seconds, Stopping threads took: 0,0000433 seconds
2017-06-16T11:40:27.894+0200: 4,226: Total time for which application threads were stopped: 0,0000617 seconds, Stopping threads took: 0,0000205 seconds
2017-06-16T11:40:27.895+0200: 4,227: Total time for which application threads were stopped: 0,0001010 seconds, Stopping threads took: 0,0000295 seconds
2017-06-16T11:40:27.895+0200: 4,227: Total time for which application threads were stopped: 0,0000713 seconds, Stopping threads took: 0,0000203 seconds
2017-06-16T11:40:27.895+0200: 4,227: Total time for which application threads were stopped: 0,0000719 seconds, Stopping threads took: 0,0000228 seconds
2017-06-16T11:40:27.895+0200: 4,227: Total time for which application threads were stopped: 0,0000588 seconds, Stopping threads took: 0,0000160 seconds
2017-06-16T11:40:27.898+0200: 4,230: Total time for which application threads were stopped: 0,0001333 seconds, Stopping threads took: 0,0000327 seconds
2017-06-16T11:40:27.898+0200: 4,230: Total time for which application threads were stopped: 0,0000743 seconds, Stopping threads took: 0,0000208 seconds
2017-06-16T11:40:27.899+0200: 4,231: Total time for which application threads were stopped: 0,0001484 seconds, Stopping threads took: 0,0000105 seconds
2017-06-16T11:40:27.901+0200: 4,233: Total time for which application threads were stopped: 0,0001376 seconds, Stopping threads took: 0,0000453 seconds
2017-06-16T11:40:27.901+0200: 4,233: Total time for which application threads were stopped: 0,0001065 seconds, Stopping threads took: 0,0000373 seconds
2017-06-16T11:40:27.904+0200: 4,236: Total time for which application threads were stopped: 0,0001188 seconds, Stopping threads took: 0,0000375 seconds
{Heap before GC invocations=8 (full 1):
 par new generation   total 109248K, used 100238K [0x00000000e0000000, 0x00000000e8000000, 0x00000000e8000000)
  eden space 87424K, 100% used [0x00000000e0000000, 0x00000000e5560000, 0x00000000e5560000)
  from space 21824K,  58% used [0x00000000e5560000, 0x00000000e61e39d0, 0x00000000e6ab0000)
  to   space 21824K,   0% used [0x00000000e6ab0000, 0x00000000e6ab0000, 0x00000000e8000000)
 concurrent mark-sweep generation total 393216K, used 0K [0x00000000e8000000, 0x0000000100000000, 0x0000000100000000)
 Metaspace       used 27041K, capacity 27570K, committed 27696K, reserved 1073152K
  class space    used 3104K, capacity 3298K, committed 3376K, reserved 1048576K
2017-06-16T11:40:27.905+0200: 4,237: [GC (Allocation Failure) 2017-06-16T11:40:27.905+0200: 4,237: [ParNew
Desired survivor size 20112992 bytes, new threshold 8 (max 8)
- age   1:    7664448 bytes,    7664448 total
- age   2:     258616 bytes,    7923064 total
- age   3:     217576 bytes,    8140640 total
- age   4:    1737744 bytes,    9878384 total
- age   5:      67336 bytes,    9945720 total
- age   6:      76488 bytes,   10022208 total
- age   7:     188272 bytes,   10210480 total
- age   8:     775504 bytes,   10985984 total
: 100238K->14339K(109248K), 0,0371232 secs] 100238K->20915K(502464K), 0,0371817 secs] [Times: user=0,11 sys=0,01, real=0,04 secs] 
Heap after GC invocations=9 (full 1):
 par new generation   total 109248K, used 14339K [0x00000000e0000000, 0x00000000e8000000, 0x00000000e8000000)
  eden space 87424K,   0% used [0x00000000e0000000, 0x00000000e0000000, 0x00000000e5560000)
  from space 21824K,  65% used [0x00000000e6ab0000, 0x00000000e78b0fd0, 0x00000000e8000000)
  to   space 21824K,   0% used [0x00000000e5560000, 0x00000000e5560000, 0x00000000e6ab0000)
 concurrent mark-sweep generation total 393216K, used 6575K [0x00000000e8000000, 0x0000000100000000, 0x0000000100000000)
 Metaspace       used 27041K, capacity 27570K, committed 27696K, reserved 1073152K
  class space    used 3104K, capacity 3298K, committed 3376K, reserved 1048576K
}
2017-06-16T11:40:27.942+0200: 4,274: Total time for which application threads were stopped: 0,0373250 seconds, Stopping threads took: 0,0000251 seconds
2017-06-16T11:40:27.944+0200: 4,276: Total time for which application threads were stopped: 0,0001324 seconds, Stopping threads took: 0,0000396 seconds
2017-06-16T11:40:27.944+0200: 4,276: Total time for which application threads were stopped: 0,0000690 seconds, Stopping threads took: 0,0000221 seconds
2017-06-16T11:40:27.979+0200: 4,311: Total time for which application threads were stopped: 0,0001385 seconds, Stopping threads took: 0,0000409 seconds
2017-06-16T11:40:27.989+0200: 4,321: Total time for which application threads were stopped: 0,0001509 seconds, Stopping threads took: 0,0000770 seconds
2017-06-16T11:40:28.008+0200: 4,340: Total time for which application threads were stopped: 0,0001096 seconds, Stopping threads took: 0,0000365 seconds
2017-06-16T11:40:28.009+0200: 4,341: Total time for which application threads were stopped: 0,0003709 seconds, Stopping threads took: 0,0000118 seconds
2017-06-16T11:40:28.009+0200: 4,341: Total time for which application threads were stopped: 0,0000822 seconds, Stopping threads took: 0,0000260 seconds
2017-06-16T11:40:29.009+0200: 5,341: Total time for which application threads were stopped: 0,0000888 seconds, Stopping threads took: 0,0000173 seconds
2017-06-16T11:40:35.010+0200: 11,342: Total time for which application threads were stopped: 0,0000777 seconds, Stopping threads took: 0,0000184 seconds
2017-06-16T11:40:46.012+0200: 22,344: Total time for which application threads were stopped: 0,0004005 seconds, Stopping threads took: 0,0001206 seconds
2017-06-16T11:40:56.013+0200: 32,345: Total time for which application threads were stopped: 0,0000749 seconds, Stopping threads took: 0,0000178 seconds
2017-06-16T11:42:21.022+0200: 117,354: Total time for which application threads were stopped: 0,0001010 seconds, Stopping threads took: 0,0000407 seconds
2017-06-16T11:42:26.023+0200: 122,355: Total time for which application threads were stopped: 0,0000722 seconds, Stopping threads took: 0,0000184 seconds
2017-06-16T11:43:25.028+0200: 181,360: Total time for which application threads were stopped: 0,0001720 seconds, Stopping threads took: 0,0000681 seconds
2017-06-16T12:03:50.146+0200: 1406,478: Total time for which application threads were stopped: 0,0000771 seconds, Stopping threads took: 0,0000300 seconds
2017-06-16T12:08:30.179+0200: 1686,511: Total time for which application threads were stopped: 0,0000810 seconds, Stopping threads took: 0,0000300 seconds
2017-06-16T12:16:56.239+0200: 2192,571: Total time for which application threads were stopped: 0,0001376 seconds, Stopping threads took: 0,0000467 seconds
2017-06-16T12:19:11.254+0200: 2327,586: Total time for which application threads were stopped: 0,0001025 seconds, Stopping threads took: 0,0000379 seconds
2017-06-16T12:19:15.255+0200: 2331,587: Total time for which application threads were stopped: 0,0003419 seconds, Stopping threads took: 0,0000969 seconds
2017-06-16T12:26:25.034+0200: 2761,366: Total time for which application threads were stopped: 0,0002126 seconds, Stopping threads took: 0,0000235 seconds
2017-06-16T12:26:25.038+0200: 2761,370: Total time for which application threads were stopped: 0,0019115 seconds, Stopping threads took: 0,0017968 seconds
2017-06-16T12:26:25.039+0200: 2761,371: Total time for which application threads were stopped: 0,0001316 seconds, Stopping threads took: 0,0000198 seconds
2017-06-16T12:26:25.041+0200: 2761,372: Total time for which application threads were stopped: 0,0001046 seconds, Stopping threads took: 0,0000270 seconds
2017-06-16T12:26:25.042+0200: 2761,374: Total time for which application threads were stopped: 0,0001029 seconds, Stopping threads took: 0,0000208 seconds
2017-06-16T12:26:25.046+0200: 2761,378: Total time for which application threads were stopped: 0,0032683 seconds, Stopping threads took: 0,0031746 seconds
2017-06-16T12:26:25.051+0200: 2761,383: Total time for which application threads were stopped: 0,0002775 seconds, Stopping threads took: 0,0002007 seconds
2017-06-16T12:26:25.059+0200: 2761,391: Total time for which application threads were stopped: 0,0046781 seconds, Stopping threads took: 0,0045978 seconds
2017-06-16T12:26:25.059+0200: 2761,391: Total time for which application threads were stopped: 0,0000920 seconds, Stopping threads took: 0,0000234 seconds
2017-06-16T12:26:25.060+0200: 2761,392: Total time for which application threads were stopped: 0,0000853 seconds, Stopping threads took: 0,0000161 seconds
2017-06-16T12:26:25.060+0200: 2761,392: Total time for which application threads were stopped: 0,0000497 seconds, Stopping threads took: 0,0000079 seconds
2017-06-16T12:26:25.060+0200: 2761,392: Total time for which application threads were stopped: 0,0000574 seconds, Stopping threads took: 0,0000096 seconds
2017-06-16T12:26:25.061+0200: 2761,393: Total time for which application threads were stopped: 0,0003418 seconds, Stopping threads took: 0,0002534 seconds
2017-06-16T12:26:25.063+0200: 2761,395: Total time for which application threads were stopped: 0,0014335 seconds, Stopping threads took: 0,0013485 seconds
2017-06-16T12:26:25.064+0200: 2761,396: Total time for which application threads were stopped: 0,0000946 seconds, Stopping threads took: 0,0000194 seconds
2017-06-16T12:26:25.066+0200: 2761,398: Total time for which application threads were stopped: 0,0000920 seconds, Stopping threads took: 0,0000149 seconds
2017-06-16T12:26:25.067+0200: 2761,399: Total time for which application threads were stopped: 0,0002913 seconds, Stopping threads took: 0,0002280 seconds
2017-06-16T12:26:25.095+0200: 2761,427: Total time for which application threads were stopped: 0,0000933 seconds, Stopping threads took: 0,0000302 seconds
2017-06-16T12:26:25.095+0200: 2761,427: Total time for which application threads were stopped: 0,0000423 seconds, Stopping threads took: 0,0000061 seconds
2017-06-16T12:26:25.096+0200: 2761,428: Total time for which application threads were stopped: 0,0000484 seconds, Stopping threads took: 0,0000151 seconds
2017-06-16T12:26:25.096+0200: 2761,428: Total time for which application threads were stopped: 0,0000427 seconds, Stopping threads took: 0,0000124 seconds
2017-06-16T12:26:25.096+0200: 2761,428: Total time for which application threads were stopped: 0,0000438 seconds, Stopping threads took: 0,0000136 seconds
2017-06-16T12:26:25.097+0200: 2761,429: Total time for which application threads were stopped: 0,0001068 seconds, Stopping threads took: 0,0000358 seconds
2017-06-16T12:26:25.098+0200: 2761,430: Total time for which application threads were stopped: 0,0000915 seconds, Stopping threads took: 0,0000267 seconds
2017-06-16T12:26:25.100+0200: 2761,432: Total time for which application threads were stopped: 0,0000983 seconds, Stopping threads took: 0,0000286 seconds
2017-06-16T12:26:25.100+0200: 2761,432: Total time for which application threads were stopped: 0,0000581 seconds, Stopping threads took: 0,0000219 seconds
2017-06-16T12:26:25.100+0200: 2761,432: Total time for which application threads were stopped: 0,0000438 seconds, Stopping threads took: 0,0000131 seconds
2017-06-16T12:26:25.104+0200: 2761,436: Total time for which application threads were stopped: 0,0001135 seconds, Stopping threads took: 0,0000417 seconds
2017-06-16T12:26:25.104+0200: 2761,436: Total time for which application threads were stopped: 0,0000674 seconds, Stopping threads took: 0,0000228 seconds
2017-06-16T12:26:25.108+0200: 2761,440: Total time for which application threads were stopped: 0,0011888 seconds, Stopping threads took: 0,0011132 seconds
2017-06-16T12:26:25.109+0200: 2761,441: Total time for which application threads were stopped: 0,0000991 seconds, Stopping threads took: 0,0000300 seconds
2017-06-16T12:26:25.112+0200: 2761,444: Total time for which application threads were stopped: 0,0014372 seconds, Stopping threads took: 0,0013531 seconds
2017-06-16T12:26:25.114+0200: 2761,446: Total time for which application threads were stopped: 0,0020641 seconds, Stopping threads took: 0,0019898 seconds
2017-06-16T12:26:25.118+0200: 2761,450: Total time for which application threads were stopped: 0,0001181 seconds, Stopping threads took: 0,0000277 seconds
2017-06-16T12:26:25.118+0200: 2761,450: Total time for which application threads were stopped: 0,0000469 seconds, Stopping threads took: 0,0000133 seconds
2017-06-16T12:26:25.118+0200: 2761,450: Total time for which application threads were stopped: 0,0001586 seconds, Stopping threads took: 0,0000117 seconds
2017-06-16T12:26:25.126+0200: 2761,458: Total time for which application threads were stopped: 0,0017732 seconds, Stopping threads took: 0,0016882 seconds
2017-06-16T12:26:25.131+0200: 2761,463: Total time for which application threads were stopped: 0,0005054 seconds, Stopping threads took: 0,0003806 seconds
2017-06-16T12:26:25.138+0200: 2761,470: Total time for which application threads were stopped: 0,0000956 seconds, Stopping threads took: 0,0000329 seconds
2017-06-16T12:26:25.139+0200: 2761,471: Total time for which application threads were stopped: 0,0001029 seconds, Stopping threads took: 0,0000202 seconds
Heap
 par new generation   total 109248K, used 50016K [0x00000000e0000000, 0x00000000e8000000, 0x00000000e8000000)
  eden space 87424K,  40% used [0x00000000e0000000, 0x00000000e22d7120, 0x00000000e5560000)
  from space 21824K,  65% used [0x00000000e6ab0000, 0x00000000e78b0fd0, 0x00000000e8000000)
  to   space 21824K,   0% used [0x00000000e5560000, 0x00000000e5560000, 0x00000000e6ab0000)
 concurrent mark-sweep generation total 393216K, used 6575K [0x00000000e8000000, 0x0000000100000000, 0x0000000100000000)
 Metaspace       used 28183K, capacity 28736K, committed 29104K, reserved 1075200K
  class space    used 3229K, capacity 3429K, committed 3504K, reserved 1048576K
