OpenJDK 64-Bit Server VM (25.111-b14) for linux-amd64 JRE (1.8.0_111-8u111-b14-2ubuntu0.16.04.2-b14), built on Oct 27 2016 18:10:19 by "buildd" with gcc 5.4.0 20160609
Memory: 4k page, physical 7867848k(7466264k free), swap 8076284k(8076284k free)
CommandLine flags: -XX:CMSInitiatingOccupancyFraction=50 -XX:CMSMaxAbortablePrecleanTime=6000 -XX:+CMSParallelRemarkEnabled -XX:+CMSScavengeBeforeRemark -XX:ConcGCThreads=4 -XX:InitialHeapSize=536870912 -XX:MaxHeapSize=536870912 -XX:MaxTenuringThreshold=8 -XX:NewRatio=3 -XX:OldPLABSize=16 -XX:OnOutOfMemoryError=/opt/solr/bin/oom_solr.sh 8983 /var/solr/logs -XX:ParallelGCThreads=4 -XX:+ParallelRefProcEnabled -XX:PretenureSizeThreshold=67108864 -XX:+PrintGC -XX:+PrintGCApplicationStoppedTime -XX:+PrintGCDateStamps -XX:+PrintGCDetails -XX:+PrintGCTimeStamps -XX:+PrintHeapAtGC -XX:+PrintTenuringDistribution -XX:SurvivorRatio=4 -XX:TargetSurvivorRatio=90 -XX:ThreadStackSize=256 -XX:+UseCMSInitiatingOccupancyOnly -XX:+UseCompressedClassPointers -XX:+UseCompressedOops -XX:+UseConcMarkSweepGC -XX:+UseParNewGC 
2016-11-27T16:37:15.895+0100: 0,112: Total time for which application threads were stopped: 0,0000958 seconds, Stopping threads took: 0,0000132 seconds
2016-11-27T16:37:15.963+0100: 0,180: Total time for which application threads were stopped: 0,0001036 seconds, Stopping threads took: 0,0000157 seconds
2016-11-27T16:37:15.974+0100: 0,191: Total time for which application threads were stopped: 0,0000734 seconds, Stopping threads took: 0,0000170 seconds
2016-11-27T16:37:16.098+0100: 0,315: Total time for which application threads were stopped: 0,0002503 seconds, Stopping threads took: 0,0001453 seconds
2016-11-27T16:37:16.243+0100: 0,460: Total time for which application threads were stopped: 0,0001123 seconds, Stopping threads took: 0,0000099 seconds
2016-11-27T16:37:16.285+0100: 0,502: Total time for which application threads were stopped: 0,0001301 seconds, Stopping threads took: 0,0000168 seconds
2016-11-27T16:37:16.298+0100: 0,515: Total time for which application threads were stopped: 0,0001519 seconds, Stopping threads took: 0,0000161 seconds
2016-11-27T16:37:16.463+0100: 0,680: Total time for which application threads were stopped: 0,0001791 seconds, Stopping threads took: 0,0000186 seconds
2016-11-27T16:37:16.613+0100: 0,830: Total time for which application threads were stopped: 0,0002040 seconds, Stopping threads took: 0,0000166 seconds
2016-11-27T16:37:16.631+0100: 0,848: Total time for which application threads were stopped: 0,0002992 seconds, Stopping threads took: 0,0000151 seconds
2016-11-27T16:37:16.632+0100: 0,849: Total time for which application threads were stopped: 0,0001517 seconds, Stopping threads took: 0,0000098 seconds
2016-11-27T16:37:16.657+0100: 0,874: Total time for which application threads were stopped: 0,0001623 seconds, Stopping threads took: 0,0000165 seconds
2016-11-27T16:37:16.738+0100: 0,955: Total time for which application threads were stopped: 0,0001996 seconds, Stopping threads took: 0,0000179 seconds
2016-11-27T16:37:16.885+0100: 1,102: Total time for which application threads were stopped: 0,0003494 seconds, Stopping threads took: 0,0001524 seconds
{Heap before GC invocations=0 (full 0):
 par new generation   total 109248K, used 87424K [0x00000000e0000000, 0x00000000e8000000, 0x00000000e8000000)
  eden space 87424K, 100% used [0x00000000e0000000, 0x00000000e5560000, 0x00000000e5560000)
  from space 21824K,   0% used [0x00000000e5560000, 0x00000000e5560000, 0x00000000e6ab0000)
  to   space 21824K,   0% used [0x00000000e6ab0000, 0x00000000e6ab0000, 0x00000000e8000000)
 concurrent mark-sweep generation total 393216K, used 0K [0x00000000e8000000, 0x0000000100000000, 0x0000000100000000)
 Metaspace       used 18118K, capacity 18430K, committed 18560K, reserved 1064960K
  class space    used 2054K, capacity 2162K, committed 2176K, reserved 1048576K
2016-11-27T16:37:17.005+0100: 1,222: [GC (Allocation Failure) 2016-11-27T16:37:17.005+0100: 1,222: [ParNew
Desired survivor size 20112992 bytes, new threshold 8 (max 8)
- age   1:   12323408 bytes,   12323408 total
: 87424K->12145K(109248K), 0,0153959 secs] 87424K->12145K(502464K), 0,0154782 secs] [Times: user=0,04 sys=0,01, real=0,01 secs] 
Heap after GC invocations=1 (full 0):
 par new generation   total 109248K, used 12145K [0x00000000e0000000, 0x00000000e8000000, 0x00000000e8000000)
  eden space 87424K,   0% used [0x00000000e0000000, 0x00000000e0000000, 0x00000000e5560000)
  from space 21824K,  55% used [0x00000000e6ab0000, 0x00000000e768c4d0, 0x00000000e8000000)
  to   space 21824K,   0% used [0x00000000e5560000, 0x00000000e5560000, 0x00000000e6ab0000)
 concurrent mark-sweep generation total 393216K, used 0K [0x00000000e8000000, 0x0000000100000000, 0x0000000100000000)
 Metaspace       used 18118K, capacity 18430K, committed 18560K, reserved 1064960K
  class space    used 2054K, capacity 2162K, committed 2176K, reserved 1048576K
}
2016-11-27T16:37:17.020+0100: 1,237: Total time for which application threads were stopped: 0,0156559 seconds, Stopping threads took: 0,0000137 seconds
2016-11-27T16:37:17.209+0100: 1,426: Total time for which application threads were stopped: 0,0003614 seconds, Stopping threads took: 0,0000345 seconds
2016-11-27T16:37:17.247+0100: 1,464: Total time for which application threads were stopped: 0,0014788 seconds, Stopping threads took: 0,0011787 seconds
2016-11-27T16:37:17.294+0100: 1,512: Total time for which application threads were stopped: 0,0003325 seconds, Stopping threads took: 0,0000363 seconds
{Heap before GC invocations=1 (full 0):
 par new generation   total 109248K, used 99569K [0x00000000e0000000, 0x00000000e8000000, 0x00000000e8000000)
  eden space 87424K, 100% used [0x00000000e0000000, 0x00000000e5560000, 0x00000000e5560000)
  from space 21824K,  55% used [0x00000000e6ab0000, 0x00000000e768c4d0, 0x00000000e8000000)
  to   space 21824K,   0% used [0x00000000e5560000, 0x00000000e5560000, 0x00000000e6ab0000)
 concurrent mark-sweep generation total 393216K, used 0K [0x00000000e8000000, 0x0000000100000000, 0x0000000100000000)
 Metaspace       used 20709K, capacity 21020K, committed 21248K, reserved 1069056K
  class space    used 2404K, capacity 2518K, committed 2560K, reserved 1048576K
2016-11-27T16:37:17.474+0100: 1,691: [GC (Allocation Failure) 2016-11-27T16:37:17.474+0100: 1,691: [ParNew
Desired survivor size 20112992 bytes, new threshold 8 (max 8)
- age   1:    2917016 bytes,    2917016 total
- age   2:    6102264 bytes,    9019280 total
: 99569K->13119K(109248K), 0,0251309 secs] 99569K->13119K(502464K), 0,0251972 secs] [Times: user=0,05 sys=0,00, real=0,03 secs] 
Heap after GC invocations=2 (full 0):
 par new generation   total 109248K, used 13119K [0x00000000e0000000, 0x00000000e8000000, 0x00000000e8000000)
  eden space 87424K,   0% used [0x00000000e0000000, 0x00000000e0000000, 0x00000000e5560000)
  from space 21824K,  60% used [0x00000000e5560000, 0x00000000e622ffa8, 0x00000000e6ab0000)
  to   space 21824K,   0% used [0x00000000e6ab0000, 0x00000000e6ab0000, 0x00000000e8000000)
 concurrent mark-sweep generation total 393216K, used 0K [0x00000000e8000000, 0x0000000100000000, 0x0000000100000000)
 Metaspace       used 20709K, capacity 21020K, committed 21248K, reserved 1069056K
  class space    used 2404K, capacity 2518K, committed 2560K, reserved 1048576K
}
2016-11-27T16:37:17.499+0100: 1,716: Total time for which application threads were stopped: 0,0253751 seconds, Stopping threads took: 0,0000215 seconds
2016-11-27T16:37:17.568+0100: 1,785: Total time for which application threads were stopped: 0,0000857 seconds, Stopping threads took: 0,0000147 seconds
2016-11-27T16:37:17.613+0100: 1,830: Total time for which application threads were stopped: 0,0003905 seconds, Stopping threads took: 0,0000296 seconds
2016-11-27T16:37:17.620+0100: 1,837: Total time for which application threads were stopped: 0,0001149 seconds, Stopping threads took: 0,0000394 seconds
2016-11-27T16:37:17.652+0100: 1,869: Total time for which application threads were stopped: 0,0000926 seconds, Stopping threads took: 0,0000196 seconds
2016-11-27T16:37:17.754+0100: 1,971: Total time for which application threads were stopped: 0,0001936 seconds, Stopping threads took: 0,0000249 seconds
2016-11-27T16:37:17.799+0100: 2,016: Total time for which application threads were stopped: 0,0002795 seconds, Stopping threads took: 0,0001841 seconds
2016-11-27T16:37:17.799+0100: 2,016: Total time for which application threads were stopped: 0,0000855 seconds, Stopping threads took: 0,0000358 seconds
2016-11-27T16:37:17.815+0100: 2,032: Total time for which application threads were stopped: 0,0003478 seconds, Stopping threads took: 0,0000696 seconds
2016-11-27T16:37:17.822+0100: 2,040: Total time for which application threads were stopped: 0,0003153 seconds, Stopping threads took: 0,0000281 seconds
2016-11-27T16:37:17.831+0100: 2,048: Total time for which application threads were stopped: 0,0001001 seconds, Stopping threads took: 0,0000248 seconds
2016-11-27T16:37:17.866+0100: 2,083: Total time for which application threads were stopped: 0,0001088 seconds, Stopping threads took: 0,0000242 seconds
2016-11-27T16:37:17.890+0100: 2,107: Total time for which application threads were stopped: 0,0001592 seconds, Stopping threads took: 0,0000289 seconds
2016-11-27T16:37:17.964+0100: 2,181: Total time for which application threads were stopped: 0,0001066 seconds, Stopping threads took: 0,0000198 seconds
2016-11-27T16:37:18.040+0100: 2,257: Total time for which application threads were stopped: 0,0001112 seconds, Stopping threads took: 0,0000211 seconds
2016-11-27T16:37:18.171+0100: 2,388: Total time for which application threads were stopped: 0,0001104 seconds, Stopping threads took: 0,0000227 seconds
2016-11-27T16:37:18.334+0100: 2,551: Total time for which application threads were stopped: 0,0001477 seconds, Stopping threads took: 0,0000320 seconds
2016-11-27T16:37:18.404+0100: 2,621: Total time for which application threads were stopped: 0,0001465 seconds, Stopping threads took: 0,0000413 seconds
{Heap before GC invocations=2 (full 0):
 par new generation   total 109248K, used 100543K [0x00000000e0000000, 0x00000000e8000000, 0x00000000e8000000)
  eden space 87424K, 100% used [0x00000000e0000000, 0x00000000e5560000, 0x00000000e5560000)
  from space 21824K,  60% used [0x00000000e5560000, 0x00000000e622ffa8, 0x00000000e6ab0000)
  to   space 21824K,   0% used [0x00000000e6ab0000, 0x00000000e6ab0000, 0x00000000e8000000)
 concurrent mark-sweep generation total 393216K, used 0K [0x00000000e8000000, 0x0000000100000000, 0x0000000100000000)
 Metaspace       used 24854K, capacity 25288K, committed 25536K, reserved 1071104K
  class space    used 2897K, capacity 3025K, committed 3092K, reserved 1048576K
2016-11-27T16:37:18.434+0100: 2,651: [GC (Allocation Failure) 2016-11-27T16:37:18.434+0100: 2,651: [ParNew
Desired survivor size 20112992 bytes, new threshold 8 (max 8)
- age   1:    6689024 bytes,    6689024 total
- age   2:     549416 bytes,    7238440 total
- age   3:    6093768 bytes,   13332208 total
: 100543K->16825K(109248K), 0,0180669 secs] 100543K->16825K(502464K), 0,0181323 secs] [Times: user=0,06 sys=0,00, real=0,02 secs] 
Heap after GC invocations=3 (full 0):
 par new generation   total 109248K, used 16825K [0x00000000e0000000, 0x00000000e8000000, 0x00000000e8000000)
  eden space 87424K,   0% used [0x00000000e0000000, 0x00000000e0000000, 0x00000000e5560000)
  from space 21824K,  77% used [0x00000000e6ab0000, 0x00000000e7b1e7d8, 0x00000000e8000000)
  to   space 21824K,   0% used [0x00000000e5560000, 0x00000000e5560000, 0x00000000e6ab0000)
 concurrent mark-sweep generation total 393216K, used 0K [0x00000000e8000000, 0x0000000100000000, 0x0000000100000000)
 Metaspace       used 24854K, capacity 25288K, committed 25536K, reserved 1071104K
  class space    used 2897K, capacity 3025K, committed 3092K, reserved 1048576K
}
2016-11-27T16:37:18.452+0100: 2,670: Total time for which application threads were stopped: 0,0183487 seconds, Stopping threads took: 0,0000382 seconds
2016-11-27T16:37:18.455+0100: 2,672: [GC (CMS Initial Mark) [1 CMS-initial-mark: 0K(393216K)] 18236K(502464K), 0,0039639 secs] [Times: user=0,01 sys=0,00, real=0,00 secs] 
2016-11-27T16:37:18.459+0100: 2,676: Total time for which application threads were stopped: 0,0040922 seconds, Stopping threads took: 0,0000289 seconds
2016-11-27T16:37:18.459+0100: 2,676: [CMS-concurrent-mark-start]
2016-11-27T16:37:18.459+0100: 2,676: [CMS-concurrent-mark: 0,000/0,000 secs] [Times: user=0,00 sys=0,00, real=0,00 secs] 
2016-11-27T16:37:18.459+0100: 2,677: [CMS-concurrent-preclean-start]
2016-11-27T16:37:18.460+0100: 2,677: [CMS-concurrent-preclean: 0,001/0,001 secs] [Times: user=0,00 sys=0,00, real=0,00 secs] 
2016-11-27T16:37:18.460+0100: 2,677: [GC (CMS Final Remark) [YG occupancy: 18236 K (109248 K)]2016-11-27T16:37:18.460+0100: 2,677: [Rescan (parallel) , 0,0034758 secs]2016-11-27T16:37:18.464+0100: 2,681: [weak refs processing, 0,0006871 secs]2016-11-27T16:37:18.465+0100: 2,682: [class unloading, 0,0032272 secs]2016-11-27T16:37:18.468+0100: 2,685: [scrub symbol table, 0,0033467 secs]2016-11-27T16:37:18.471+0100: 2,688: [scrub string table, 0,0003845 secs][1 CMS-remark: 0K(393216K)] 18236K(502464K), 0,0117762 secs] [Times: user=0,03 sys=0,00, real=0,01 secs] 
2016-11-27T16:37:18.472+0100: 2,689: Total time for which application threads were stopped: 0,0118803 seconds, Stopping threads took: 0,0000394 seconds
2016-11-27T16:37:18.472+0100: 2,689: [CMS-concurrent-sweep-start]
2016-11-27T16:37:18.472+0100: 2,689: [CMS-concurrent-sweep: 0,000/0,000 secs] [Times: user=0,00 sys=0,00, real=0,00 secs] 
{Heap before GC invocations=3 (full 1):
 par new generation   total 109248K, used 18236K [0x00000000e0000000, 0x00000000e8000000, 0x00000000e8000000)
  eden space 87424K,   1% used [0x00000000e0000000, 0x00000000e0160a60, 0x00000000e5560000)
  from space 21824K,  77% used [0x00000000e6ab0000, 0x00000000e7b1e7d8, 0x00000000e8000000)
  to   space 21824K,   0% used [0x00000000e5560000, 0x00000000e5560000, 0x00000000e6ab0000)
 concurrent mark-sweep generation total 393216K, used 0K [0x00000000e8000000, 0x0000000100000000, 0x0000000100000000)
 Metaspace       used 24879K, capacity 25384K, committed 25536K, reserved 1071104K
  class space    used 2899K, capacity 3057K, committed 3092K, reserved 1048576K
2016-11-27T16:37:18.475+0100: 2,692: [GC (GCLocker Initiated GC) 2016-11-27T16:37:18.475+0100: 2,692: [ParNew
Desired survivor size 20112992 bytes, new threshold 8 (max 8)
- age   1:      36976 bytes,      36976 total
- age   2:    3148408 bytes,    3185384 total
- age   3:     549416 bytes,    3734800 total
- age   4:    6093768 bytes,    9828568 total
: 18236K->12353K(109248K), 0,0140869 secs] 18236K->12353K(502464K), 0,0141558 secs] [Times: user=0,05 sys=0,00, real=0,01 secs] 
Heap after GC invocations=4 (full 1):
 par new generation   total 109248K, used 12353K [0x00000000e0000000, 0x00000000e8000000, 0x00000000e8000000)
  eden space 87424K,   0% used [0x00000000e0000000, 0x00000000e0000000, 0x00000000e5560000)
  from space 21824K,  56% used [0x00000000e5560000, 0x00000000e6170580, 0x00000000e6ab0000)
  to   space 21824K,   0% used [0x00000000e6ab0000, 0x00000000e6ab0000, 0x00000000e8000000)
 concurrent mark-sweep generation total 393216K, used 0K [0x00000000e8000000, 0x0000000100000000, 0x0000000100000000)
 Metaspace       used 24879K, capacity 25384K, committed 25536K, reserved 1071104K
  class space    used 2899K, capacity 3057K, committed 3092K, reserved 1048576K
}
2016-11-27T16:37:18.489+0100: 2,706: Total time for which application threads were stopped: 0,0143292 seconds, Stopping threads took: 0,0000311 seconds
2016-11-27T16:37:18.489+0100: 2,706: [CMS-concurrent-reset-start]
2016-11-27T16:37:18.492+0100: 2,709: [CMS-concurrent-reset: 0,002/0,002 secs] [Times: user=0,01 sys=0,00, real=0,00 secs] 
2016-11-27T16:37:18.546+0100: 2,763: Total time for which application threads were stopped: 0,0004416 seconds, Stopping threads took: 0,0000480 seconds
2016-11-27T16:37:18.563+0100: 2,780: Total time for which application threads were stopped: 0,0004005 seconds, Stopping threads took: 0,0000367 seconds
2016-11-27T16:37:19.563+0100: 3,780: Total time for which application threads were stopped: 0,0001099 seconds, Stopping threads took: 0,0000168 seconds
2016-11-27T16:37:19.830+0100: 4,047: Total time for which application threads were stopped: 0,0002740 seconds, Stopping threads took: 0,0000153 seconds
2016-11-27T16:37:46.833+0100: 31,050: Total time for which application threads were stopped: 0,0000657 seconds, Stopping threads took: 0,0000165 seconds
2016-11-27T16:38:26.837+0100: 71,054: Total time for which application threads were stopped: 0,0000845 seconds, Stopping threads took: 0,0000377 seconds
2016-11-27T16:38:46.839+0100: 91,057: Total time for which application threads were stopped: 0,0001049 seconds, Stopping threads took: 0,0000286 seconds
2016-11-27T16:39:06.842+0100: 111,059: Total time for which application threads were stopped: 0,0000833 seconds, Stopping threads took: 0,0000348 seconds
2016-11-27T16:39:31.845+0100: 136,062: Total time for which application threads were stopped: 0,0000927 seconds, Stopping threads took: 0,0000337 seconds
2016-11-27T16:39:56.848+0100: 161,066: Total time for which application threads were stopped: 0,0000723 seconds, Stopping threads took: 0,0000311 seconds
2016-11-27T16:40:01.849+0100: 166,066: Total time for which application threads were stopped: 0,0000575 seconds, Stopping threads took: 0,0000155 seconds
2016-11-27T16:41:11.858+0100: 236,075: Total time for which application threads were stopped: 0,0000865 seconds, Stopping threads took: 0,0000372 seconds
2016-11-27T16:42:01.865+0100: 286,082: Total time for which application threads were stopped: 0,0001620 seconds, Stopping threads took: 0,0000680 seconds
2016-11-27T17:01:01.982+0100: 1426,199: Total time for which application threads were stopped: 0,0001155 seconds, Stopping threads took: 0,0000514 seconds
2016-11-27T17:05:32.008+0100: 1696,225: Total time for which application threads were stopped: 0,0000859 seconds, Stopping threads took: 0,0000353 seconds
2016-11-27T17:15:57.072+0100: 2321,289: Total time for which application threads were stopped: 0,0000989 seconds, Stopping threads took: 0,0000409 seconds
2016-11-27T17:16:02.072+0100: 2326,290: Total time for which application threads were stopped: 0,0000741 seconds, Stopping threads took: 0,0000280 seconds
2016-11-27T17:18:27.088+0100: 2471,305: Total time for which application threads were stopped: 0,0000724 seconds, Stopping threads took: 0,0000304 seconds
2016-11-27T17:30:32.160+0100: 3196,378: Total time for which application threads were stopped: 0,0000717 seconds, Stopping threads took: 0,0000284 seconds
2016-11-27T17:37:10.063+0100: 3594,280: Total time for which application threads were stopped: 0,0001410 seconds, Stopping threads took: 0,0000238 seconds
Heap
 par new generation   total 109248K, used 56010K [0x00000000e0000000, 0x00000000e8000000, 0x00000000e8000000)
  eden space 87424K,  49% used [0x00000000e0000000, 0x00000000e2aa22c0, 0x00000000e5560000)
  from space 21824K,  56% used [0x00000000e5560000, 0x00000000e6170580, 0x00000000e6ab0000)
  to   space 21824K,   0% used [0x00000000e6ab0000, 0x00000000e6ab0000, 0x00000000e8000000)
 concurrent mark-sweep generation total 393216K, used 0K [0x00000000e8000000, 0x0000000100000000, 0x0000000100000000)
 Metaspace       used 27163K, capacity 27598K, committed 27924K, reserved 1073152K
  class space    used 3160K, capacity 3320K, committed 3348K, reserved 1048576K
