OpenJDK 64-Bit Server VM (25.91-b14) for linux-amd64 JRE (1.8.0_91-8u91-b14-3ubuntu1~16.04.1-b14), built on Jul 21 2016 04:13:34 by "buildd" with gcc 5.3.1 20160413
Memory: 4k page, physical 7867876k(7540472k free), swap 8076284k(8076284k free)
CommandLine flags: -XX:CMSInitiatingOccupancyFraction=50 -XX:CMSMaxAbortablePrecleanTime=6000 -XX:+CMSParallelRemarkEnabled -XX:+CMSScavengeBeforeRemark -XX:ConcGCThreads=4 -XX:InitialHeapSize=536870912 -XX:MaxHeapSize=536870912 -XX:MaxTenuringThreshold=8 -XX:NewRatio=3 -XX:OldPLABSize=16 -XX:OnOutOfMemoryError=/opt/solr/bin/oom_solr.sh 8983 /var/solr/logs -XX:ParallelGCThreads=4 -XX:+ParallelRefProcEnabled -XX:PretenureSizeThreshold=67108864 -XX:+PrintGC -XX:+PrintGCApplicationStoppedTime -XX:+PrintGCDateStamps -XX:+PrintGCDetails -XX:+PrintGCTimeStamps -XX:+PrintHeapAtGC -XX:+PrintTenuringDistribution -XX:SurvivorRatio=4 -XX:TargetSurvivorRatio=90 -XX:ThreadStackSize=256 -XX:+UseCMSInitiatingOccupancyOnly -XX:+UseCompressedClassPointers -XX:+UseCompressedOops -XX:+UseConcMarkSweepGC -XX:+UseParNewGC 
2016-10-31T22:56:02.668+0100: 0,106: Total time for which application threads were stopped: 0,0000660 seconds, Stopping threads took: 0,0000127 seconds
2016-10-31T22:56:02.737+0100: 0,175: Total time for which application threads were stopped: 0,0005877 seconds, Stopping threads took: 0,0005023 seconds
2016-10-31T22:56:02.751+0100: 0,189: Total time for which application threads were stopped: 0,0000718 seconds, Stopping threads took: 0,0000120 seconds
2016-10-31T22:56:02.894+0100: 0,332: Total time for which application threads were stopped: 0,0001726 seconds, Stopping threads took: 0,0000245 seconds
2016-10-31T22:56:03.059+0100: 0,497: Total time for which application threads were stopped: 0,0001446 seconds, Stopping threads took: 0,0000161 seconds
2016-10-31T22:56:03.109+0100: 0,547: Total time for which application threads were stopped: 0,0001492 seconds, Stopping threads took: 0,0000271 seconds
2016-10-31T22:56:03.128+0100: 0,566: Total time for which application threads were stopped: 0,0001470 seconds, Stopping threads took: 0,0000198 seconds
2016-10-31T22:56:03.366+0100: 0,804: Total time for which application threads were stopped: 0,0001759 seconds, Stopping threads took: 0,0000183 seconds
2016-10-31T22:56:03.770+0100: 1,208: Total time for which application threads were stopped: 0,0002796 seconds, Stopping threads took: 0,0000271 seconds
2016-10-31T22:56:03.870+0100: 1,308: Total time for which application threads were stopped: 0,0001811 seconds, Stopping threads took: 0,0000129 seconds
2016-10-31T22:56:03.871+0100: 1,309: Total time for which application threads were stopped: 0,0001186 seconds, Stopping threads took: 0,0000188 seconds
2016-10-31T22:56:03.883+0100: 1,321: Total time for which application threads were stopped: 0,0001994 seconds, Stopping threads took: 0,0000231 seconds
2016-10-31T22:56:03.956+0100: 1,394: Total time for which application threads were stopped: 0,0002289 seconds, Stopping threads took: 0,0000205 seconds
2016-10-31T22:56:04.148+0100: 1,586: Total time for which application threads were stopped: 0,0003104 seconds, Stopping threads took: 0,0000497 seconds
{Heap before GC invocations=0 (full 0):
 par new generation   total 109248K, used 87424K [0x00000000e0000000, 0x00000000e8000000, 0x00000000e8000000)
  eden space 87424K, 100% used [0x00000000e0000000, 0x00000000e5560000, 0x00000000e5560000)
  from space 21824K,   0% used [0x00000000e5560000, 0x00000000e5560000, 0x00000000e6ab0000)
  to   space 21824K,   0% used [0x00000000e6ab0000, 0x00000000e6ab0000, 0x00000000e8000000)
 concurrent mark-sweep generation total 393216K, used 0K [0x00000000e8000000, 0x0000000100000000, 0x0000000100000000)
 Metaspace       used 17832K, capacity 18150K, committed 18304K, reserved 1064960K
  class space    used 2030K, capacity 2132K, committed 2176K, reserved 1048576K
2016-10-31T22:56:04.283+0100: 1,721: [GC (Allocation Failure) 2016-10-31T22:56:04.283+0100: 1,721: [ParNew
Desired survivor size 20112992 bytes, new threshold 8 (max 8)
- age   1:   11688432 bytes,   11688432 total
: 87424K->11530K(109248K), 0,0485899 secs] 87424K->11530K(502464K), 0,0486871 secs] [Times: user=0,05 sys=0,00, real=0,05 secs] 
Heap after GC invocations=1 (full 0):
 par new generation   total 109248K, used 11530K [0x00000000e0000000, 0x00000000e8000000, 0x00000000e8000000)
  eden space 87424K,   0% used [0x00000000e0000000, 0x00000000e0000000, 0x00000000e5560000)
  from space 21824K,  52% used [0x00000000e6ab0000, 0x00000000e75f2af0, 0x00000000e8000000)
  to   space 21824K,   0% used [0x00000000e5560000, 0x00000000e5560000, 0x00000000e6ab0000)
 concurrent mark-sweep generation total 393216K, used 0K [0x00000000e8000000, 0x0000000100000000, 0x0000000100000000)
 Metaspace       used 17832K, capacity 18150K, committed 18304K, reserved 1064960K
  class space    used 2030K, capacity 2132K, committed 2176K, reserved 1048576K
}
2016-10-31T22:56:04.332+0100: 1,770: Total time for which application threads were stopped: 0,0489331 seconds, Stopping threads took: 0,0000386 seconds
2016-10-31T22:56:04.602+0100: 2,040: Total time for which application threads were stopped: 0,0006460 seconds, Stopping threads took: 0,0000285 seconds
2016-10-31T22:56:04.643+0100: 2,081: Total time for which application threads were stopped: 0,0002820 seconds, Stopping threads took: 0,0000562 seconds
2016-10-31T22:56:04.699+0100: 2,137: Total time for which application threads were stopped: 0,0004123 seconds, Stopping threads took: 0,0000447 seconds
{Heap before GC invocations=1 (full 0):
 par new generation   total 109248K, used 98954K [0x00000000e0000000, 0x00000000e8000000, 0x00000000e8000000)
  eden space 87424K, 100% used [0x00000000e0000000, 0x00000000e5560000, 0x00000000e5560000)
  from space 21824K,  52% used [0x00000000e6ab0000, 0x00000000e75f2af0, 0x00000000e8000000)
  to   space 21824K,   0% used [0x00000000e5560000, 0x00000000e5560000, 0x00000000e6ab0000)
 concurrent mark-sweep generation total 393216K, used 0K [0x00000000e8000000, 0x0000000100000000, 0x0000000100000000)
 Metaspace       used 20663K, capacity 21026K, committed 21248K, reserved 1069056K
  class space    used 2400K, capacity 2519K, committed 2560K, reserved 1048576K
2016-10-31T22:56:04.887+0100: 2,325: [GC (Allocation Failure) 2016-10-31T22:56:04.887+0100: 2,325: [ParNew
Desired survivor size 20112992 bytes, new threshold 8 (max 8)
- age   1:    3298056 bytes,    3298056 total
- age   2:    5933256 bytes,    9231312 total
: 98954K->12662K(109248K), 0,0096445 secs] 98954K->12662K(502464K), 0,0097157 secs] [Times: user=0,03 sys=0,00, real=0,01 secs] 
Heap after GC invocations=2 (full 0):
 par new generation   total 109248K, used 12662K [0x00000000e0000000, 0x00000000e8000000, 0x00000000e8000000)
  eden space 87424K,   0% used [0x00000000e0000000, 0x00000000e0000000, 0x00000000e5560000)
  from space 21824K,  58% used [0x00000000e5560000, 0x00000000e61bda78, 0x00000000e6ab0000)
  to   space 21824K,   0% used [0x00000000e6ab0000, 0x00000000e6ab0000, 0x00000000e8000000)
 concurrent mark-sweep generation total 393216K, used 0K [0x00000000e8000000, 0x0000000100000000, 0x0000000100000000)
 Metaspace       used 20663K, capacity 21026K, committed 21248K, reserved 1069056K
  class space    used 2400K, capacity 2519K, committed 2560K, reserved 1048576K
}
2016-10-31T22:56:04.897+0100: 2,335: Total time for which application threads were stopped: 0,0099982 seconds, Stopping threads took: 0,0001002 seconds
2016-10-31T22:56:04.983+0100: 2,421: Total time for which application threads were stopped: 0,0000747 seconds, Stopping threads took: 0,0000136 seconds
2016-10-31T22:56:04.996+0100: 2,434: Total time for which application threads were stopped: 0,0002910 seconds, Stopping threads took: 0,0000191 seconds
2016-10-31T22:56:05.003+0100: 2,441: Total time for which application threads were stopped: 0,0001018 seconds, Stopping threads took: 0,0000301 seconds
2016-10-31T22:56:05.055+0100: 2,493: Total time for which application threads were stopped: 0,0001278 seconds, Stopping threads took: 0,0000277 seconds
2016-10-31T22:56:05.085+0100: 2,523: Total time for which application threads were stopped: 0,0001043 seconds, Stopping threads took: 0,0000325 seconds
2016-10-31T22:56:05.106+0100: 2,544: Total time for which application threads were stopped: 0,0003671 seconds, Stopping threads took: 0,0000225 seconds
2016-10-31T22:56:05.108+0100: 2,546: Total time for which application threads were stopped: 0,0000833 seconds, Stopping threads took: 0,0000259 seconds
2016-10-31T22:56:05.139+0100: 2,577: Total time for which application threads were stopped: 0,0000810 seconds, Stopping threads took: 0,0000178 seconds
2016-10-31T22:56:05.155+0100: 2,593: Total time for which application threads were stopped: 0,0000671 seconds, Stopping threads took: 0,0000136 seconds
2016-10-31T22:56:05.170+0100: 2,608: Total time for which application threads were stopped: 0,0000941 seconds, Stopping threads took: 0,0000385 seconds
2016-10-31T22:56:05.189+0100: 2,627: Total time for which application threads were stopped: 0,0000954 seconds, Stopping threads took: 0,0000215 seconds
2016-10-31T22:56:05.215+0100: 2,653: Total time for which application threads were stopped: 0,0001005 seconds, Stopping threads took: 0,0000240 seconds
2016-10-31T22:56:05.242+0100: 2,680: Total time for which application threads were stopped: 0,0001108 seconds, Stopping threads took: 0,0000217 seconds
2016-10-31T22:56:05.293+0100: 2,731: Total time for which application threads were stopped: 0,0001002 seconds, Stopping threads took: 0,0000342 seconds
2016-10-31T22:56:05.321+0100: 2,759: Total time for which application threads were stopped: 0,0001071 seconds, Stopping threads took: 0,0000289 seconds
2016-10-31T22:56:05.345+0100: 2,783: Total time for which application threads were stopped: 0,0001339 seconds, Stopping threads took: 0,0000280 seconds
2016-10-31T22:56:05.373+0100: 2,811: Total time for which application threads were stopped: 0,0001141 seconds, Stopping threads took: 0,0000348 seconds
2016-10-31T22:56:05.398+0100: 2,836: Total time for which application threads were stopped: 0,0001062 seconds, Stopping threads took: 0,0000314 seconds
{Heap before GC invocations=2 (full 0):
 par new generation   total 109248K, used 100086K [0x00000000e0000000, 0x00000000e8000000, 0x00000000e8000000)
  eden space 87424K, 100% used [0x00000000e0000000, 0x00000000e5560000, 0x00000000e5560000)
  from space 21824K,  58% used [0x00000000e5560000, 0x00000000e61bda78, 0x00000000e6ab0000)
  to   space 21824K,   0% used [0x00000000e6ab0000, 0x00000000e6ab0000, 0x00000000e8000000)
 concurrent mark-sweep generation total 393216K, used 0K [0x00000000e8000000, 0x0000000100000000, 0x0000000100000000)
 Metaspace       used 26012K, capacity 26430K, committed 26532K, reserved 1073152K
  class space    used 3039K, capacity 3189K, committed 3196K, reserved 1048576K
2016-10-31T22:56:05.422+0100: 2,860: [GC (Allocation Failure) 2016-10-31T22:56:05.422+0100: 2,860: [ParNew
Desired survivor size 20112992 bytes, new threshold 8 (max 8)
- age   1:    8008864 bytes,    8008864 total
- age   2:     562832 bytes,    8571696 total
- age   3:    5925248 bytes,   14496944 total
: 100086K->15824K(109248K), 0,0161311 secs] 100086K->15824K(502464K), 0,0161898 secs] [Times: user=0,05 sys=0,00, real=0,02 secs] 
Heap after GC invocations=3 (full 0):
 par new generation   total 109248K, used 15824K [0x00000000e0000000, 0x00000000e8000000, 0x00000000e8000000)
  eden space 87424K,   0% used [0x00000000e0000000, 0x00000000e0000000, 0x00000000e5560000)
  from space 21824K,  72% used [0x00000000e6ab0000, 0x00000000e7a24210, 0x00000000e8000000)
  to   space 21824K,   0% used [0x00000000e5560000, 0x00000000e5560000, 0x00000000e6ab0000)
 concurrent mark-sweep generation total 393216K, used 0K [0x00000000e8000000, 0x0000000100000000, 0x0000000100000000)
 Metaspace       used 26012K, capacity 26430K, committed 26532K, reserved 1073152K
  class space    used 3039K, capacity 3189K, committed 3196K, reserved 1048576K
}
2016-10-31T22:56:05.438+0100: 2,876: Total time for which application threads were stopped: 0,0163819 seconds, Stopping threads took: 0,0000270 seconds
2016-10-31T22:56:05.438+0100: 2,876: [GC (CMS Initial Mark) [1 CMS-initial-mark: 0K(393216K)] 17236K(502464K), 0,0036706 secs] [Times: user=0,02 sys=0,00, real=0,00 secs] 
2016-10-31T22:56:05.442+0100: 2,880: Total time for which application threads were stopped: 0,0037743 seconds, Stopping threads took: 0,0000233 seconds
2016-10-31T22:56:05.442+0100: 2,880: [CMS-concurrent-mark-start]
2016-10-31T22:56:05.443+0100: 2,881: [CMS-concurrent-mark: 0,001/0,001 secs] [Times: user=0,00 sys=0,00, real=0,01 secs] 
2016-10-31T22:56:05.443+0100: 2,881: [CMS-concurrent-preclean-start]
2016-10-31T22:56:05.444+0100: 2,883: [CMS-concurrent-preclean: 0,001/0,001 secs] [Times: user=0,00 sys=0,00, real=0,00 secs] 
2016-10-31T22:56:05.445+0100: 2,883: [GC (CMS Final Remark) [YG occupancy: 17236 K (109248 K)]{Heap before GC invocations=3 (full 1):
 par new generation   total 109248K, used 17236K [0x00000000e0000000, 0x00000000e8000000, 0x00000000e8000000)
  eden space 87424K,   1% used [0x00000000e0000000, 0x00000000e0160e70, 0x00000000e5560000)
  from space 21824K,  72% used [0x00000000e6ab0000, 0x00000000e7a24210, 0x00000000e8000000)
  to   space 21824K,   0% used [0x00000000e5560000, 0x00000000e5560000, 0x00000000e6ab0000)
 concurrent mark-sweep generation total 393216K, used 0K [0x00000000e8000000, 0x0000000100000000, 0x0000000100000000)
 Metaspace       used 26061K, capacity 26494K, committed 26608K, reserved 1073152K
  class space    used 3043K, capacity 3189K, committed 3196K, reserved 1048576K
2016-10-31T22:56:05.445+0100: 2,883: [GC (CMS Final Remark) 2016-10-31T22:56:05.445+0100: 2,883: [ParNew
Desired survivor size 20112992 bytes, new threshold 8 (max 8)
- age   1:      74664 bytes,      74664 total
- age   2:    3347248 bytes,    3421912 total
- age   3:     562832 bytes,    3984744 total
- age   4:    5923744 bytes,    9908488 total
: 17236K->17584K(109248K), 0,0182911 secs] 17236K->17584K(502464K), 0,0183340 secs] [Times: user=0,07 sys=0,00, real=0,02 secs] 
Heap after GC invocations=4 (full 1):
 par new generation   total 109248K, used 17584K [0x00000000e0000000, 0x00000000e8000000, 0x00000000e8000000)
  eden space 87424K,   0% used [0x00000000e0000000, 0x00000000e0000000, 0x00000000e5560000)
  from space 21824K,  80% used [0x00000000e5560000, 0x00000000e668c380, 0x00000000e6ab0000)
  to   space 21824K,   0% used [0x00000000e6ab0000, 0x00000000e6ab0000, 0x00000000e8000000)
 concurrent mark-sweep generation total 393216K, used 0K [0x00000000e8000000, 0x0000000100000000, 0x0000000100000000)
 Metaspace       used 26061K, capacity 26494K, committed 26608K, reserved 1073152K
  class space    used 3043K, capacity 3189K, committed 3196K, reserved 1048576K
}
2016-10-31T22:56:05.463+0100: 2,901: [Rescan (parallel) , 0,0045402 secs]2016-10-31T22:56:05.468+0100: 2,906: [weak refs processing, 0,0012266 secs]2016-10-31T22:56:05.469+0100: 2,907: [class unloading, 0,0031345 secs]2016-10-31T22:56:05.472+0100: 2,910: [scrub symbol table, 0,0035503 secs]2016-10-31T22:56:05.476+0100: 2,914: [scrub string table, 0,0004191 secs][1 CMS-remark: 0K(393216K)] 17584K(502464K), 0,0319011 secs] [Times: user=0,10 sys=0,00, real=0,03 secs] 
2016-10-31T22:56:05.477+0100: 2,915: Total time for which application threads were stopped: 0,0320693 seconds, Stopping threads took: 0,0000842 seconds
2016-10-31T22:56:05.478+0100: 2,916: [CMS-concurrent-sweep-start]
2016-10-31T22:56:05.478+0100: 2,916: [CMS-concurrent-sweep: 0,000/0,000 secs] [Times: user=0,00 sys=0,00, real=0,00 secs] 
2016-10-31T22:56:05.478+0100: 2,916: [CMS-concurrent-reset-start]
2016-10-31T22:56:05.480+0100: 2,918: [CMS-concurrent-reset: 0,002/0,002 secs] [Times: user=0,01 sys=0,01, real=0,00 secs] 
2016-10-31T22:56:06.477+0100: 3,915: Total time for which application threads were stopped: 0,0000688 seconds, Stopping threads took: 0,0000172 seconds
2016-10-31T22:56:06.615+0100: 4,053: Total time for which application threads were stopped: 0,0003195 seconds, Stopping threads took: 0,0000189 seconds
2016-10-31T22:56:09.615+0100: 7,053: Total time for which application threads were stopped: 0,0000547 seconds, Stopping threads took: 0,0000161 seconds
2016-10-31T22:56:33.619+0100: 31,057: Total time for which application threads were stopped: 0,0000719 seconds, Stopping threads took: 0,0000322 seconds
2016-10-31T22:58:49.639+0100: 167,077: Total time for which application threads were stopped: 0,0000828 seconds, Stopping threads took: 0,0000325 seconds
2016-10-31T22:58:53.640+0100: 171,078: Total time for which application threads were stopped: 0,0000920 seconds, Stopping threads took: 0,0000255 seconds
2016-10-31T22:58:58.641+0100: 176,079: Total time for which application threads were stopped: 0,0001250 seconds, Stopping threads took: 0,0000330 seconds
2016-10-31T22:59:03.641+0100: 181,079: Total time for which application threads were stopped: 0,0000563 seconds, Stopping threads took: 0,0000152 seconds
2016-10-31T22:59:08.642+0100: 186,080: Total time for which application threads were stopped: 0,0000569 seconds, Stopping threads took: 0,0000158 seconds
2016-10-31T22:59:18.643+0100: 196,081: Total time for which application threads were stopped: 0,0000807 seconds, Stopping threads took: 0,0000316 seconds
2016-10-31T22:59:59.649+0100: 237,087: Total time for which application threads were stopped: 0,0000706 seconds, Stopping threads took: 0,0000311 seconds
2016-10-31T23:00:38.654+0100: 276,092: Total time for which application threads were stopped: 0,0001860 seconds, Stopping threads took: 0,0000680 seconds
2016-10-31T23:00:49.656+0100: 287,094: Total time for which application threads were stopped: 0,0001513 seconds, Stopping threads took: 0,0000600 seconds
2016-10-31T23:06:54.701+0100: 652,139: Total time for which application threads were stopped: 0,0000969 seconds, Stopping threads took: 0,0000385 seconds
2016-10-31T23:14:44.765+0100: 1122,203: Total time for which application threads were stopped: 0,0001528 seconds, Stopping threads took: 0,0000608 seconds
2016-10-31T23:20:13.800+0100: 1451,238: Total time for which application threads were stopped: 0,0003380 seconds, Stopping threads took: 0,0002772 seconds
2016-10-31T23:24:18.824+0100: 1696,263: Total time for which application threads were stopped: 0,0000899 seconds, Stopping threads took: 0,0000367 seconds
2016-10-31T23:36:03.911+0100: 2401,349: Total time for which application threads were stopped: 0,0000813 seconds, Stopping threads took: 0,0000322 seconds
2016-10-31T23:36:04.911+0100: 2402,349: Total time for which application threads were stopped: 0,0000563 seconds, Stopping threads took: 0,0000146 seconds
2016-10-31T23:50:05.027+0100: 3242,465: Total time for which application threads were stopped: 0,0001491 seconds, Stopping threads took: 0,0000578 seconds
2016-10-31T23:59:10.103+0100: 3787,541: Total time for which application threads were stopped: 0,0001546 seconds, Stopping threads took: 0,0000625 seconds
2016-11-01T00:00:09.111+0100: 3846,549: Total time for which application threads were stopped: 0,0001213 seconds, Stopping threads took: 0,0000499 seconds
2016-11-01T00:00:14.112+0100: 3851,550: Total time for which application threads were stopped: 0,0000557 seconds, Stopping threads took: 0,0000146 seconds
2016-11-01T00:03:04.136+0100: 4021,574: Total time for which application threads were stopped: 0,0000848 seconds, Stopping threads took: 0,0000355 seconds
2016-11-01T00:56:52.284+0100: 6472,522: Total time for which application threads were stopped: 0,0001160 seconds, Stopping threads took: 0,0000523 seconds
2016-11-01T01:00:57.310+0100: 6717,547: Total time for which application threads were stopped: 0,0005010 seconds, Stopping threads took: 0,0002163 seconds
2016-11-01T01:12:31.389+0100: 7411,626: Total time for which application threads were stopped: 0,0000728 seconds, Stopping threads took: 0,0000306 seconds
2016-11-01T01:14:01.399+0100: 7501,637: Total time for which application threads were stopped: 0,0000745 seconds, Stopping threads took: 0,0000345 seconds
2016-11-01T01:14:31.403+0100: 7531,640: Total time for which application threads were stopped: 0,0000749 seconds, Stopping threads took: 0,0000302 seconds
2016-11-01T01:15:01.406+0100: 7561,644: Total time for which application threads were stopped: 0,0000692 seconds, Stopping threads took: 0,0000294 seconds
2016-11-01T01:16:27.417+0100: 7647,655: Total time for which application threads were stopped: 0,0002012 seconds, Stopping threads took: 0,0000689 seconds
2016-11-01T01:17:01.421+0100: 7681,659: Total time for which application threads were stopped: 0,0000708 seconds, Stopping threads took: 0,0000305 seconds
2016-11-01T01:17:31.426+0100: 7711,663: Total time for which application threads were stopped: 0,0000778 seconds, Stopping threads took: 0,0000334 seconds
2016-11-01T01:57:14.615+0100: 10094,852: Total time for which application threads were stopped: 0,0001374 seconds, Stopping threads took: 0,0000237 seconds
Heap
 par new generation   total 109248K, used 49582K [0x00000000e0000000, 0x00000000e8000000, 0x00000000e8000000)
  eden space 87424K,  36% used [0x00000000e0000000, 0x00000000e1f3f728, 0x00000000e5560000)
  from space 21824K,  80% used [0x00000000e5560000, 0x00000000e668c380, 0x00000000e6ab0000)
  to   space 21824K,   0% used [0x00000000e6ab0000, 0x00000000e6ab0000, 0x00000000e8000000)
 concurrent mark-sweep generation total 393216K, used 0K [0x00000000e8000000, 0x0000000100000000, 0x0000000100000000)
 Metaspace       used 27031K, capacity 27498K, committed 27760K, reserved 1073152K
  class space    used 3154K, capacity 3287K, committed 3324K, reserved 1048576K
