OpenJDK 64-Bit Server VM (25.121-b13) for linux-amd64 JRE (1.8.0_121-8u121-b13-0ubuntu1.16.04.2-b13), built on Jan 23 2017 15:51:29 by "buildd" with gcc 5.4.0 20160609
Memory: 4k page, physical 7867760k(7546100k free), swap 8076284k(8076284k free)
CommandLine flags: -XX:CMSInitiatingOccupancyFraction=50 -XX:CMSMaxAbortablePrecleanTime=6000 -XX:+CMSParallelRemarkEnabled -XX:+CMSScavengeBeforeRemark -XX:ConcGCThreads=4 -XX:InitialHeapSize=536870912 -XX:MaxHeapSize=536870912 -XX:MaxTenuringThreshold=8 -XX:NewRatio=3 -XX:OldPLABSize=16 -XX:OnOutOfMemoryError=/opt/solr/bin/oom_solr.sh 8983 /var/solr/logs -XX:ParallelGCThreads=4 -XX:+ParallelRefProcEnabled -XX:PretenureSizeThreshold=67108864 -XX:+PrintGC -XX:+PrintGCApplicationStoppedTime -XX:+PrintGCDateStamps -XX:+PrintGCDetails -XX:+PrintGCTimeStamps -XX:+PrintHeapAtGC -XX:+PrintTenuringDistribution -XX:SurvivorRatio=4 -XX:TargetSurvivorRatio=90 -XX:ThreadStackSize=256 -XX:+UseCMSInitiatingOccupancyOnly -XX:+UseCompressedClassPointers -XX:+UseCompressedOops -XX:+UseConcMarkSweepGC -XX:+UseParNewGC 
2017-03-20T22:58:58.880+0100: 0,146: Total time for which application threads were stopped: 0,0000980 seconds, Stopping threads took: 0,0000233 seconds
2017-03-20T22:58:59.000+0100: 0,266: Total time for which application threads were stopped: 0,0001408 seconds, Stopping threads took: 0,0000320 seconds
2017-03-20T22:58:59.026+0100: 0,292: Total time for which application threads were stopped: 0,0000851 seconds, Stopping threads took: 0,0000110 seconds
2017-03-20T22:58:59.306+0100: 0,572: Total time for which application threads were stopped: 0,0001408 seconds, Stopping threads took: 0,0000187 seconds
2017-03-20T22:58:59.956+0100: 1,222: Total time for which application threads were stopped: 0,0001398 seconds, Stopping threads took: 0,0000163 seconds
2017-03-20T22:59:00.069+0100: 1,334: Total time for which application threads were stopped: 0,0004392 seconds, Stopping threads took: 0,0000252 seconds
2017-03-20T22:59:00.114+0100: 1,379: Total time for which application threads were stopped: 0,0001842 seconds, Stopping threads took: 0,0000447 seconds
2017-03-20T22:59:00.453+0100: 1,719: Total time for which application threads were stopped: 0,0001744 seconds, Stopping threads took: 0,0000150 seconds
2017-03-20T22:59:00.696+0100: 1,962: Total time for which application threads were stopped: 0,0004766 seconds, Stopping threads took: 0,0000779 seconds
2017-03-20T22:59:00.720+0100: 1,986: Total time for which application threads were stopped: 0,0001962 seconds, Stopping threads took: 0,0000177 seconds
2017-03-20T22:59:00.759+0100: 2,024: Total time for which application threads were stopped: 0,0002265 seconds, Stopping threads took: 0,0000217 seconds
2017-03-20T22:59:00.760+0100: 2,025: Total time for which application threads were stopped: 0,0002412 seconds, Stopping threads took: 0,0000214 seconds
2017-03-20T22:59:00.780+0100: 2,046: Total time for which application threads were stopped: 0,0001950 seconds, Stopping threads took: 0,0000170 seconds
2017-03-20T22:59:00.880+0100: 2,146: Total time for which application threads were stopped: 0,0009648 seconds, Stopping threads took: 0,0001864 seconds
2017-03-20T22:59:01.090+0100: 2,355: Total time for which application threads were stopped: 0,0002553 seconds, Stopping threads took: 0,0000384 seconds
{Heap before GC invocations=0 (full 0):
 par new generation   total 109248K, used 87424K [0x00000000e0000000, 0x00000000e8000000, 0x00000000e8000000)
  eden space 87424K, 100% used [0x00000000e0000000, 0x00000000e5560000, 0x00000000e5560000)
  from space 21824K,   0% used [0x00000000e5560000, 0x00000000e5560000, 0x00000000e6ab0000)
  to   space 21824K,   0% used [0x00000000e6ab0000, 0x00000000e6ab0000, 0x00000000e8000000)
 concurrent mark-sweep generation total 393216K, used 0K [0x00000000e8000000, 0x0000000100000000, 0x0000000100000000)
 Metaspace       used 17845K, capacity 18176K, committed 18304K, reserved 1064960K
  class space    used 2024K, capacity 2164K, committed 2176K, reserved 1048576K
2017-03-20T22:59:01.138+0100: 2,404: [GC (Allocation Failure) 2017-03-20T22:59:01.138+0100: 2,404: [ParNew
Desired survivor size 20112992 bytes, new threshold 8 (max 8)
- age   1:   11678816 bytes,   11678816 total
: 87424K->11522K(109248K), 0,0156970 secs] 87424K->11522K(502464K), 0,0157851 secs] [Times: user=0,04 sys=0,01, real=0,02 secs] 
Heap after GC invocations=1 (full 0):
 par new generation   total 109248K, used 11522K [0x00000000e0000000, 0x00000000e8000000, 0x00000000e8000000)
  eden space 87424K,   0% used [0x00000000e0000000, 0x00000000e0000000, 0x00000000e5560000)
  from space 21824K,  52% used [0x00000000e6ab0000, 0x00000000e75f0868, 0x00000000e8000000)
  to   space 21824K,   0% used [0x00000000e5560000, 0x00000000e5560000, 0x00000000e6ab0000)
 concurrent mark-sweep generation total 393216K, used 0K [0x00000000e8000000, 0x0000000100000000, 0x0000000100000000)
 Metaspace       used 17845K, capacity 18176K, committed 18304K, reserved 1064960K
  class space    used 2024K, capacity 2164K, committed 2176K, reserved 1048576K
}
2017-03-20T22:59:01.154+0100: 2,420: Total time for which application threads were stopped: 0,0176022 seconds, Stopping threads took: 0,0016407 seconds
2017-03-20T22:59:01.548+0100: 2,813: Total time for which application threads were stopped: 0,0004470 seconds, Stopping threads took: 0,0000936 seconds
{Heap before GC invocations=1 (full 0):
 par new generation   total 109248K, used 98946K [0x00000000e0000000, 0x00000000e8000000, 0x00000000e8000000)
  eden space 87424K, 100% used [0x00000000e0000000, 0x00000000e5560000, 0x00000000e5560000)
  from space 21824K,  52% used [0x00000000e6ab0000, 0x00000000e75f0868, 0x00000000e8000000)
  to   space 21824K,   0% used [0x00000000e5560000, 0x00000000e5560000, 0x00000000e6ab0000)
 concurrent mark-sweep generation total 393216K, used 0K [0x00000000e8000000, 0x0000000100000000, 0x0000000100000000)
 Metaspace       used 20058K, capacity 20422K, committed 20736K, reserved 1067008K
  class space    used 2293K, capacity 2467K, committed 2560K, reserved 1048576K
2017-03-20T22:59:01.585+0100: 2,851: [GC (Allocation Failure) 2017-03-20T22:59:01.585+0100: 2,851: [ParNew
Desired survivor size 20112992 bytes, new threshold 8 (max 8)
- age   1:    4000144 bytes,    4000144 total
- age   2:    6245896 bytes,   10246040 total
: 98946K->14742K(109248K), 0,0186154 secs] 98946K->14742K(502464K), 0,0186949 secs] [Times: user=0,05 sys=0,01, real=0,02 secs] 
Heap after GC invocations=2 (full 0):
 par new generation   total 109248K, used 14742K [0x00000000e0000000, 0x00000000e8000000, 0x00000000e8000000)
  eden space 87424K,   0% used [0x00000000e0000000, 0x00000000e0000000, 0x00000000e5560000)
  from space 21824K,  67% used [0x00000000e5560000, 0x00000000e63c5840, 0x00000000e6ab0000)
  to   space 21824K,   0% used [0x00000000e6ab0000, 0x00000000e6ab0000, 0x00000000e8000000)
 concurrent mark-sweep generation total 393216K, used 0K [0x00000000e8000000, 0x0000000100000000, 0x0000000100000000)
 Metaspace       used 20058K, capacity 20422K, committed 20736K, reserved 1067008K
  class space    used 2293K, capacity 2467K, committed 2560K, reserved 1048576K
}
2017-03-20T22:59:01.604+0100: 2,869: Total time for which application threads were stopped: 0,0189665 seconds, Stopping threads took: 0,0001044 seconds
2017-03-20T22:59:01.621+0100: 2,887: Total time for which application threads were stopped: 0,0003445 seconds, Stopping threads took: 0,0000704 seconds
2017-03-20T22:59:01.663+0100: 2,929: Total time for which application threads were stopped: 0,0003639 seconds, Stopping threads took: 0,0000602 seconds
2017-03-20T22:59:01.780+0100: 3,045: Total time for which application threads were stopped: 0,0001898 seconds, Stopping threads took: 0,0000591 seconds
{Heap before GC invocations=2 (full 0):
 par new generation   total 109248K, used 102159K [0x00000000e0000000, 0x00000000e8000000, 0x00000000e8000000)
  eden space 87424K,  99% used [0x00000000e0000000, 0x00000000e555e530, 0x00000000e5560000)
  from space 21824K,  67% used [0x00000000e5560000, 0x00000000e63c5840, 0x00000000e6ab0000)
  to   space 21824K,   0% used [0x00000000e6ab0000, 0x00000000e6ab0000, 0x00000000e8000000)
 concurrent mark-sweep generation total 393216K, used 0K [0x00000000e8000000, 0x0000000100000000, 0x0000000100000000)
 Metaspace       used 20970K, capacity 21286K, committed 21628K, reserved 1069056K
  class space    used 2416K, capacity 2587K, committed 2684K, reserved 1048576K
2017-03-20T22:59:01.812+0100: 3,077: [GC (Allocation Failure) 2017-03-20T22:59:01.812+0100: 3,077: [ParNew
Desired survivor size 20112992 bytes, new threshold 8 (max 8)
- age   1:    2059736 bytes,    2059736 total
- age   2:    1234392 bytes,    3294128 total
- age   3:    6243072 bytes,    9537200 total
: 102159K->12587K(109248K), 0,0133161 secs] 102159K->12587K(502464K), 0,0133929 secs] [Times: user=0,04 sys=0,00, real=0,01 secs] 
Heap after GC invocations=3 (full 0):
 par new generation   total 109248K, used 12587K [0x00000000e0000000, 0x00000000e8000000, 0x00000000e8000000)
  eden space 87424K,   0% used [0x00000000e0000000, 0x00000000e0000000, 0x00000000e5560000)
  from space 21824K,  57% used [0x00000000e6ab0000, 0x00000000e76faf10, 0x00000000e8000000)
  to   space 21824K,   0% used [0x00000000e5560000, 0x00000000e5560000, 0x00000000e6ab0000)
 concurrent mark-sweep generation total 393216K, used 0K [0x00000000e8000000, 0x0000000100000000, 0x0000000100000000)
 Metaspace       used 20970K, capacity 21286K, committed 21628K, reserved 1069056K
  class space    used 2416K, capacity 2587K, committed 2684K, reserved 1048576K
}
2017-03-20T22:59:01.825+0100: 3,091: Total time for which application threads were stopped: 0,0156333 seconds, Stopping threads took: 0,0021085 seconds
2017-03-20T22:59:01.826+0100: 3,091: [GC (CMS Initial Mark) [1 CMS-initial-mark: 0K(393216K)] 13991K(502464K), 0,0034747 secs] [Times: user=0,02 sys=0,00, real=0,00 secs] 
2017-03-20T22:59:01.829+0100: 3,095: Total time for which application threads were stopped: 0,0036016 seconds, Stopping threads took: 0,0000325 seconds
2017-03-20T22:59:01.829+0100: 3,095: [CMS-concurrent-mark-start]
2017-03-20T22:59:01.830+0100: 3,095: [CMS-concurrent-mark: 0,001/0,001 secs] [Times: user=0,00 sys=0,00, real=0,00 secs] 
2017-03-20T22:59:01.830+0100: 3,095: [CMS-concurrent-preclean-start]
2017-03-20T22:59:01.831+0100: 3,096: [CMS-concurrent-preclean: 0,001/0,001 secs] [Times: user=0,01 sys=0,00, real=0,01 secs] 
2017-03-20T22:59:01.831+0100: 3,097: [CMS-concurrent-abortable-preclean-start]
2017-03-20T22:59:01.903+0100: 3,168: Total time for which application threads were stopped: 0,0005400 seconds, Stopping threads took: 0,0004365 seconds
2017-03-20T22:59:01.904+0100: 3,169: Total time for which application threads were stopped: 0,0001143 seconds, Stopping threads took: 0,0000386 seconds
{Heap before GC invocations=3 (full 1):
 par new generation   total 109248K, used 100011K [0x00000000e0000000, 0x00000000e8000000, 0x00000000e8000000)
  eden space 87424K, 100% used [0x00000000e0000000, 0x00000000e5560000, 0x00000000e5560000)
  from space 21824K,  57% used [0x00000000e6ab0000, 0x00000000e76faf10, 0x00000000e8000000)
  to   space 21824K,   0% used [0x00000000e5560000, 0x00000000e5560000, 0x00000000e6ab0000)
 concurrent mark-sweep generation total 393216K, used 0K [0x00000000e8000000, 0x0000000100000000, 0x0000000100000000)
 Metaspace       used 21248K, capacity 21620K, committed 21884K, reserved 1069056K
  class space    used 2446K, capacity 2601K, committed 2684K, reserved 1048576K
2017-03-20T22:59:01.950+0100: 3,216: [GC (Allocation Failure) 2017-03-20T22:59:01.950+0100: 3,216: [ParNew
Desired survivor size 20112992 bytes, new threshold 8 (max 8)
- age   1:    1617000 bytes,    1617000 total
- age   2:    1483568 bytes,    3100568 total
- age   3:    1199552 bytes,    4300120 total
- age   4:    6242880 bytes,   10543000 total
: 100011K->13450K(109248K), 0,0131465 secs] 100011K->13450K(502464K), 0,0132167 secs] [Times: user=0,04 sys=0,00, real=0,01 secs] 
Heap after GC invocations=4 (full 1):
 par new generation   total 109248K, used 13450K [0x00000000e0000000, 0x00000000e8000000, 0x00000000e8000000)
  eden space 87424K,   0% used [0x00000000e0000000, 0x00000000e0000000, 0x00000000e5560000)
  from space 21824K,  61% used [0x00000000e5560000, 0x00000000e6282b10, 0x00000000e6ab0000)
  to   space 21824K,   0% used [0x00000000e6ab0000, 0x00000000e6ab0000, 0x00000000e8000000)
 concurrent mark-sweep generation total 393216K, used 0K [0x00000000e8000000, 0x0000000100000000, 0x0000000100000000)
 Metaspace       used 21248K, capacity 21620K, committed 21884K, reserved 1069056K
  class space    used 2446K, capacity 2601K, committed 2684K, reserved 1048576K
}
2017-03-20T22:59:01.964+0100: 3,229: Total time for which application threads were stopped: 0,0134539 seconds, Stopping threads took: 0,0000814 seconds
2017-03-20T22:59:01.964+0100: 3,229: [CMS-concurrent-abortable-preclean: 0,072/0,133 secs] [Times: user=0,46 sys=0,00, real=0,13 secs] 
2017-03-20T22:59:01.966+0100: 3,232: [GC (CMS Final Remark) [YG occupancy: 14764 K (109248 K)]{Heap before GC invocations=4 (full 1):
 par new generation   total 109248K, used 14764K [0x00000000e0000000, 0x00000000e8000000, 0x00000000e8000000)
  eden space 87424K,   1% used [0x00000000e0000000, 0x00000000e01486f8, 0x00000000e5560000)
  from space 21824K,  61% used [0x00000000e5560000, 0x00000000e6282b10, 0x00000000e6ab0000)
  to   space 21824K,   0% used [0x00000000e6ab0000, 0x00000000e6ab0000, 0x00000000e8000000)
 concurrent mark-sweep generation total 393216K, used 0K [0x00000000e8000000, 0x0000000100000000, 0x0000000100000000)
 Metaspace       used 21248K, capacity 21620K, committed 21884K, reserved 1069056K
  class space    used 2446K, capacity 2601K, committed 2684K, reserved 1048576K
2017-03-20T22:59:01.966+0100: 3,232: [GC (CMS Final Remark) 2017-03-20T22:59:01.966+0100: 3,232: [ParNew
Desired survivor size 20112992 bytes, new threshold 8 (max 8)
- age   1:     161032 bytes,     161032 total
- age   2:     647616 bytes,     808648 total
- age   3:    1483568 bytes,    2292216 total
- age   4:    1199536 bytes,    3491752 total
- age   5:    6242944 bytes,    9734696 total
: 14764K->11438K(109248K), 0,0088638 secs] 14764K->11438K(502464K), 0,0089037 secs] [Times: user=0,03 sys=0,00, real=0,01 secs] 
Heap after GC invocations=5 (full 1):
 par new generation   total 109248K, used 11438K [0x00000000e0000000, 0x00000000e8000000, 0x00000000e8000000)
  eden space 87424K,   0% used [0x00000000e0000000, 0x00000000e0000000, 0x00000000e5560000)
  from space 21824K,  52% used [0x00000000e6ab0000, 0x00000000e75db9c0, 0x00000000e8000000)
  to   space 21824K,   0% used [0x00000000e5560000, 0x00000000e5560000, 0x00000000e6ab0000)
 concurrent mark-sweep generation total 393216K, used 0K [0x00000000e8000000, 0x0000000100000000, 0x0000000100000000)
 Metaspace       used 21248K, capacity 21620K, committed 21884K, reserved 1069056K
  class space    used 2446K, capacity 2601K, committed 2684K, reserved 1048576K
}
2017-03-20T22:59:01.975+0100: 3,241: [Rescan (parallel) , 0,0031635 secs]2017-03-20T22:59:01.978+0100: 3,244: [weak refs processing, 0,0007826 secs]2017-03-20T22:59:01.979+0100: 3,245: [class unloading, 0,0028443 secs]2017-03-20T22:59:01.982+0100: 3,248: [scrub symbol table, 0,0025765 secs]2017-03-20T22:59:01.985+0100: 3,250: [scrub string table, 0,0003817 secs][1 CMS-remark: 0K(393216K)] 11438K(502464K), 0,0193287 secs] [Times: user=0,05 sys=0,00, real=0,02 secs] 
2017-03-20T22:59:01.986+0100: 3,251: Total time for which application threads were stopped: 0,0194799 seconds, Stopping threads took: 0,0000683 seconds
2017-03-20T22:59:01.986+0100: 3,252: [CMS-concurrent-sweep-start]
2017-03-20T22:59:01.986+0100: 3,252: [CMS-concurrent-sweep: 0,000/0,000 secs] [Times: user=0,00 sys=0,00, real=0,00 secs] 
2017-03-20T22:59:01.986+0100: 3,252: [CMS-concurrent-reset-start]
2017-03-20T22:59:01.988+0100: 3,254: [CMS-concurrent-reset: 0,002/0,002 secs] [Times: user=0,00 sys=0,00, real=0,00 secs] 
{Heap before GC invocations=5 (full 1):
 par new generation   total 109248K, used 98862K [0x00000000e0000000, 0x00000000e8000000, 0x00000000e8000000)
  eden space 87424K, 100% used [0x00000000e0000000, 0x00000000e5560000, 0x00000000e5560000)
  from space 21824K,  52% used [0x00000000e6ab0000, 0x00000000e75db9c0, 0x00000000e8000000)
  to   space 21824K,   0% used [0x00000000e5560000, 0x00000000e5560000, 0x00000000e6ab0000)
 concurrent mark-sweep generation total 393216K, used 0K [0x00000000e8000000, 0x0000000100000000, 0x0000000100000000)
 Metaspace       used 21384K, capacity 21786K, committed 21884K, reserved 1069056K
  class space    used 2466K, capacity 2634K, committed 2684K, reserved 1048576K
2017-03-20T22:59:02.077+0100: 3,342: [GC (Allocation Failure) 2017-03-20T22:59:02.077+0100: 3,342: [ParNew
Desired survivor size 20112992 bytes, new threshold 8 (max 8)
- age   1:    1193840 bytes,    1193840 total
- age   2:       1256 bytes,    1195096 total
- age   3:     176992 bytes,    1372088 total
- age   4:    1483336 bytes,    2855424 total
- age   5:    1197520 bytes,    4052944 total
- age   6:    6242976 bytes,   10295920 total
: 98862K->14701K(109248K), 0,0099429 secs] 98862K->14701K(502464K), 0,0100183 secs] [Times: user=0,03 sys=0,00, real=0,01 secs] 
Heap after GC invocations=6 (full 1):
 par new generation   total 109248K, used 14701K [0x00000000e0000000, 0x00000000e8000000, 0x00000000e8000000)
  eden space 87424K,   0% used [0x00000000e0000000, 0x00000000e0000000, 0x00000000e5560000)
  from space 21824K,  67% used [0x00000000e5560000, 0x00000000e63bb5e8, 0x00000000e6ab0000)
  to   space 21824K,   0% used [0x00000000e6ab0000, 0x00000000e6ab0000, 0x00000000e8000000)
 concurrent mark-sweep generation total 393216K, used 0K [0x00000000e8000000, 0x0000000100000000, 0x0000000100000000)
 Metaspace       used 21384K, capacity 21786K, committed 21884K, reserved 1069056K
  class space    used 2466K, capacity 2634K, committed 2684K, reserved 1048576K
}
2017-03-20T22:59:02.087+0100: 3,352: Total time for which application threads were stopped: 0,0102564 seconds, Stopping threads took: 0,0000795 seconds
2017-03-20T22:59:02.126+0100: 3,392: Total time for which application threads were stopped: 0,0003429 seconds, Stopping threads took: 0,0000142 seconds
2017-03-20T22:59:02.307+0100: 3,572: Total time for which application threads were stopped: 0,0004525 seconds, Stopping threads took: 0,0000389 seconds
2017-03-20T22:59:02.330+0100: 3,596: Total time for which application threads were stopped: 0,0017142 seconds, Stopping threads took: 0,0013233 seconds
{Heap before GC invocations=6 (full 1):
 par new generation   total 109248K, used 102125K [0x00000000e0000000, 0x00000000e8000000, 0x00000000e8000000)
  eden space 87424K, 100% used [0x00000000e0000000, 0x00000000e5560000, 0x00000000e5560000)
  from space 21824K,  67% used [0x00000000e5560000, 0x00000000e63bb5e8, 0x00000000e6ab0000)
  to   space 21824K,   0% used [0x00000000e6ab0000, 0x00000000e6ab0000, 0x00000000e8000000)
 concurrent mark-sweep generation total 393216K, used 0K [0x00000000e8000000, 0x0000000100000000, 0x0000000100000000)
 Metaspace       used 23906K, capacity 24384K, committed 24572K, reserved 1071104K
  class space    used 2819K, capacity 3009K, committed 3068K, reserved 1048576K
2017-03-20T22:59:02.527+0100: 3,793: [GC (Allocation Failure) 2017-03-20T22:59:02.527+0100: 3,793: [ParNew
Desired survivor size 20112992 bytes, new threshold 8 (max 8)
- age   1:    5235952 bytes,    5235952 total
- age   2:     105136 bytes,    5341088 total
- age   3:       1256 bytes,    5342344 total
- age   4:     175560 bytes,    5517904 total
- age   5:     313864 bytes,    5831768 total
- age   6:    1173232 bytes,    7005000 total
- age   7:    6234808 bytes,   13239808 total
: 102125K->14676K(109248K), 0,0187937 secs] 102125K->14676K(502464K), 0,0188943 secs] [Times: user=0,06 sys=0,00, real=0,02 secs] 
Heap after GC invocations=7 (full 1):
 par new generation   total 109248K, used 14676K [0x00000000e0000000, 0x00000000e8000000, 0x00000000e8000000)
  eden space 87424K,   0% used [0x00000000e0000000, 0x00000000e0000000, 0x00000000e5560000)
  from space 21824K,  67% used [0x00000000e6ab0000, 0x00000000e7905290, 0x00000000e8000000)
  to   space 21824K,   0% used [0x00000000e5560000, 0x00000000e5560000, 0x00000000e6ab0000)
 concurrent mark-sweep generation total 393216K, used 0K [0x00000000e8000000, 0x0000000100000000, 0x0000000100000000)
 Metaspace       used 23906K, capacity 24384K, committed 24572K, reserved 1071104K
  class space    used 2819K, capacity 3009K, committed 3068K, reserved 1048576K
}
2017-03-20T22:59:02.546+0100: 3,812: Total time for which application threads were stopped: 0,0192083 seconds, Stopping threads took: 0,0000933 seconds
{Heap before GC invocations=7 (full 1):
 par new generation   total 109248K, used 102100K [0x00000000e0000000, 0x00000000e8000000, 0x00000000e8000000)
  eden space 87424K, 100% used [0x00000000e0000000, 0x00000000e5560000, 0x00000000e5560000)
  from space 21824K,  67% used [0x00000000e6ab0000, 0x00000000e7905290, 0x00000000e8000000)
  to   space 21824K,   0% used [0x00000000e5560000, 0x00000000e5560000, 0x00000000e6ab0000)
 concurrent mark-sweep generation total 393216K, used 0K [0x00000000e8000000, 0x0000000100000000, 0x0000000100000000)
 Metaspace       used 24418K, capacity 24864K, committed 25084K, reserved 1071104K
  class space    used 2860K, capacity 3041K, committed 3068K, reserved 1048576K
2017-03-20T22:59:02.651+0100: 3,917: [GC (Allocation Failure) 2017-03-20T22:59:02.652+0100: 3,917: [ParNew
Desired survivor size 20112992 bytes, new threshold 8 (max 8)
- age   1:    2079736 bytes,    2079736 total
- age   2:    1736944 bytes,    3816680 total
- age   3:      48568 bytes,    3865248 total
- age   4:        688 bytes,    3865936 total
- age   5:     103008 bytes,    3968944 total
- age   6:     203128 bytes,    4172072 total
- age   7:     949456 bytes,    5121528 total
- age   8:    5898600 bytes,   11020128 total
: 102100K->16747K(109248K), 0,0121047 secs] 102100K->16747K(502464K), 0,0121924 secs] [Times: user=0,05 sys=0,00, real=0,01 secs] 
Heap after GC invocations=8 (full 1):
 par new generation   total 109248K, used 16747K [0x00000000e0000000, 0x00000000e8000000, 0x00000000e8000000)
  eden space 87424K,   0% used [0x00000000e0000000, 0x00000000e0000000, 0x00000000e5560000)
  from space 21824K,  76% used [0x00000000e5560000, 0x00000000e65bac80, 0x00000000e6ab0000)
  to   space 21824K,   0% used [0x00000000e6ab0000, 0x00000000e6ab0000, 0x00000000e8000000)
 concurrent mark-sweep generation total 393216K, used 0K [0x00000000e8000000, 0x0000000100000000, 0x0000000100000000)
 Metaspace       used 24418K, capacity 24864K, committed 25084K, reserved 1071104K
  class space    used 2860K, capacity 3041K, committed 3068K, reserved 1048576K
}
2017-03-20T22:59:02.664+0100: 3,929: Total time for which application threads were stopped: 0,0125700 seconds, Stopping threads took: 0,0001748 seconds
{Heap before GC invocations=8 (full 1):
 par new generation   total 109248K, used 104171K [0x00000000e0000000, 0x00000000e8000000, 0x00000000e8000000)
  eden space 87424K, 100% used [0x00000000e0000000, 0x00000000e5560000, 0x00000000e5560000)
  from space 21824K,  76% used [0x00000000e5560000, 0x00000000e65bac80, 0x00000000e6ab0000)
  to   space 21824K,   0% used [0x00000000e6ab0000, 0x00000000e6ab0000, 0x00000000e8000000)
 concurrent mark-sweep generation total 393216K, used 0K [0x00000000e8000000, 0x0000000100000000, 0x0000000100000000)
 Metaspace       used 24561K, capacity 25024K, committed 25084K, reserved 1071104K
  class space    used 2873K, capacity 3047K, committed 3068K, reserved 1048576K
2017-03-20T22:59:02.742+0100: 4,008: [GC (Allocation Failure) 2017-03-20T22:59:02.742+0100: 4,008: [ParNew
Desired survivor size 20112992 bytes, new threshold 8 (max 8)
- age   1:     957160 bytes,     957160 total
- age   2:     988184 bytes,    1945344 total
- age   3:    1714648 bytes,    3659992 total
- age   4:      48568 bytes,    3708560 total
- age   5:        688 bytes,    3709248 total
- age   6:     102672 bytes,    3811920 total
- age   7:     200392 bytes,    4012312 total
- age   8:     948656 bytes,    4960968 total
: 104171K->6852K(109248K), 0,0370082 secs] 104171K->12694K(502464K), 0,0370782 secs] [Times: user=0,11 sys=0,01, real=0,03 secs] 
Heap after GC invocations=9 (full 1):
 par new generation   total 109248K, used 6852K [0x00000000e0000000, 0x00000000e8000000, 0x00000000e8000000)
  eden space 87424K,   0% used [0x00000000e0000000, 0x00000000e0000000, 0x00000000e5560000)
  from space 21824K,  31% used [0x00000000e6ab0000, 0x00000000e7161020, 0x00000000e8000000)
  to   space 21824K,   0% used [0x00000000e5560000, 0x00000000e5560000, 0x00000000e6ab0000)
 concurrent mark-sweep generation total 393216K, used 5842K [0x00000000e8000000, 0x0000000100000000, 0x0000000100000000)
 Metaspace       used 24561K, capacity 25024K, committed 25084K, reserved 1071104K
  class space    used 2873K, capacity 3047K, committed 3068K, reserved 1048576K
}
2017-03-20T22:59:02.779+0100: 4,045: Total time for which application threads were stopped: 0,0382758 seconds, Stopping threads took: 0,0010211 seconds
2017-03-20T22:59:02.782+0100: 4,047: Total time for which application threads were stopped: 0,0016740 seconds, Stopping threads took: 0,0014226 seconds
2017-03-20T22:59:02.889+0100: 4,155: Total time for which application threads were stopped: 0,0002214 seconds, Stopping threads took: 0,0000539 seconds
2017-03-20T22:59:02.889+0100: 4,155: Total time for which application threads were stopped: 0,0001283 seconds, Stopping threads took: 0,0000408 seconds
2017-03-20T22:59:02.890+0100: 4,155: Total time for which application threads were stopped: 0,0001184 seconds, Stopping threads took: 0,0000416 seconds
2017-03-20T22:59:02.890+0100: 4,156: Total time for which application threads were stopped: 0,0001008 seconds, Stopping threads took: 0,0000189 seconds
2017-03-20T22:59:02.894+0100: 4,159: Total time for which application threads were stopped: 0,0001765 seconds, Stopping threads took: 0,0000866 seconds
2017-03-20T22:59:02.898+0100: 4,164: Total time for which application threads were stopped: 0,0001293 seconds, Stopping threads took: 0,0000378 seconds
2017-03-20T22:59:02.899+0100: 4,164: Total time for which application threads were stopped: 0,0001035 seconds, Stopping threads took: 0,0000300 seconds
2017-03-20T22:59:02.899+0100: 4,164: Total time for which application threads were stopped: 0,0000725 seconds, Stopping threads took: 0,0000182 seconds
2017-03-20T22:59:02.901+0100: 4,167: Total time for which application threads were stopped: 0,0025385 seconds, Stopping threads took: 0,0024641 seconds
2017-03-20T22:59:02.902+0100: 4,167: Total time for which application threads were stopped: 0,0000893 seconds, Stopping threads took: 0,0000318 seconds
2017-03-20T22:59:02.902+0100: 4,168: Total time for which application threads were stopped: 0,0001384 seconds, Stopping threads took: 0,0000486 seconds
2017-03-20T22:59:02.902+0100: 4,168: Total time for which application threads were stopped: 0,0000673 seconds, Stopping threads took: 0,0000268 seconds
2017-03-20T22:59:02.905+0100: 4,171: Total time for which application threads were stopped: 0,0030304 seconds, Stopping threads took: 0,0029534 seconds
2017-03-20T22:59:02.906+0100: 4,171: Total time for which application threads were stopped: 0,0000664 seconds, Stopping threads took: 0,0000225 seconds
2017-03-20T22:59:02.906+0100: 4,171: Total time for which application threads were stopped: 0,0000917 seconds, Stopping threads took: 0,0000165 seconds
2017-03-20T22:59:02.906+0100: 4,172: Total time for which application threads were stopped: 0,0000990 seconds, Stopping threads took: 0,0000278 seconds
2017-03-20T22:59:02.907+0100: 4,172: Total time for which application threads were stopped: 0,0000970 seconds, Stopping threads took: 0,0000178 seconds
2017-03-20T22:59:02.907+0100: 4,172: Total time for which application threads were stopped: 0,0000668 seconds, Stopping threads took: 0,0000102 seconds
2017-03-20T22:59:02.907+0100: 4,172: Total time for which application threads were stopped: 0,0000822 seconds, Stopping threads took: 0,0000259 seconds
2017-03-20T22:59:02.907+0100: 4,173: Total time for which application threads were stopped: 0,0000687 seconds, Stopping threads took: 0,0000115 seconds
2017-03-20T22:59:02.907+0100: 4,173: Total time for which application threads were stopped: 0,0000684 seconds, Stopping threads took: 0,0000102 seconds
2017-03-20T22:59:02.908+0100: 4,173: Total time for which application threads were stopped: 0,0000976 seconds, Stopping threads took: 0,0000288 seconds
2017-03-20T22:59:02.908+0100: 4,173: Total time for which application threads were stopped: 0,0000570 seconds, Stopping threads took: 0,0000195 seconds
2017-03-20T22:59:02.908+0100: 4,173: Total time for which application threads were stopped: 0,0001690 seconds, Stopping threads took: 0,0000230 seconds
2017-03-20T22:59:02.910+0100: 4,175: Total time for which application threads were stopped: 0,0001107 seconds, Stopping threads took: 0,0000225 seconds
2017-03-20T22:59:02.914+0100: 4,180: Total time for which application threads were stopped: 0,0001616 seconds, Stopping threads took: 0,0000453 seconds
2017-03-20T22:59:02.914+0100: 4,180: Total time for which application threads were stopped: 0,0000933 seconds, Stopping threads took: 0,0000361 seconds
2017-03-20T22:59:02.914+0100: 4,180: Total time for which application threads were stopped: 0,0000679 seconds, Stopping threads took: 0,0000193 seconds
2017-03-20T22:59:02.918+0100: 4,184: Total time for which application threads were stopped: 0,0001557 seconds, Stopping threads took: 0,0000499 seconds
2017-03-20T22:59:02.918+0100: 4,184: Total time for which application threads were stopped: 0,0000851 seconds, Stopping threads took: 0,0000227 seconds
2017-03-20T22:59:02.918+0100: 4,184: Total time for which application threads were stopped: 0,0000873 seconds, Stopping threads took: 0,0000221 seconds
2017-03-20T22:59:02.919+0100: 4,184: Total time for which application threads were stopped: 0,0001092 seconds, Stopping threads took: 0,0000299 seconds
2017-03-20T22:59:02.919+0100: 4,184: Total time for which application threads were stopped: 0,0000795 seconds, Stopping threads took: 0,0000187 seconds
2017-03-20T22:59:02.919+0100: 4,185: Total time for which application threads were stopped: 0,0000802 seconds, Stopping threads took: 0,0000225 seconds
2017-03-20T22:59:02.922+0100: 4,188: Total time for which application threads were stopped: 0,0029760 seconds, Stopping threads took: 0,0028724 seconds
2017-03-20T22:59:02.922+0100: 4,188: Total time for which application threads were stopped: 0,0001074 seconds, Stopping threads took: 0,0000435 seconds
2017-03-20T22:59:02.923+0100: 4,188: Total time for which application threads were stopped: 0,0001116 seconds, Stopping threads took: 0,0000348 seconds
2017-03-20T22:59:02.923+0100: 4,188: Total time for which application threads were stopped: 0,0000760 seconds, Stopping threads took: 0,0000233 seconds
2017-03-20T22:59:02.923+0100: 4,189: Total time for which application threads were stopped: 0,0001098 seconds, Stopping threads took: 0,0000378 seconds
2017-03-20T22:59:02.923+0100: 4,189: Total time for which application threads were stopped: 0,0000839 seconds, Stopping threads took: 0,0000208 seconds
2017-03-20T22:59:02.923+0100: 4,189: Total time for which application threads were stopped: 0,0000913 seconds, Stopping threads took: 0,0000349 seconds
2017-03-20T22:59:02.924+0100: 4,189: Total time for which application threads were stopped: 0,0000896 seconds, Stopping threads took: 0,0000244 seconds
2017-03-20T22:59:02.924+0100: 4,189: Total time for which application threads were stopped: 0,0000596 seconds, Stopping threads took: 0,0000177 seconds
2017-03-20T22:59:02.924+0100: 4,189: Total time for which application threads were stopped: 0,0000515 seconds, Stopping threads took: 0,0000111 seconds
2017-03-20T22:59:02.924+0100: 4,189: Total time for which application threads were stopped: 0,0000468 seconds, Stopping threads took: 0,0000106 seconds
2017-03-20T22:59:02.924+0100: 4,190: Total time for which application threads were stopped: 0,0001179 seconds, Stopping threads took: 0,0000158 seconds
2017-03-20T22:59:02.925+0100: 4,190: Total time for which application threads were stopped: 0,0001014 seconds, Stopping threads took: 0,0000255 seconds
2017-03-20T22:59:02.925+0100: 4,191: Total time for which application threads were stopped: 0,0000947 seconds, Stopping threads took: 0,0000199 seconds
2017-03-20T22:59:02.925+0100: 4,191: Total time for which application threads were stopped: 0,0000429 seconds, Stopping threads took: 0,0000090 seconds
2017-03-20T22:59:02.925+0100: 4,191: Total time for which application threads were stopped: 0,0000664 seconds, Stopping threads took: 0,0000121 seconds
2017-03-20T22:59:02.925+0100: 4,191: Total time for which application threads were stopped: 0,0000485 seconds, Stopping threads took: 0,0000121 seconds
2017-03-20T22:59:02.926+0100: 4,192: Total time for which application threads were stopped: 0,0001240 seconds, Stopping threads took: 0,0000338 seconds
2017-03-20T22:59:02.926+0100: 4,192: Total time for which application threads were stopped: 0,0000800 seconds, Stopping threads took: 0,0000214 seconds
2017-03-20T22:59:02.927+0100: 4,192: Total time for which application threads were stopped: 0,0001042 seconds, Stopping threads took: 0,0000449 seconds
2017-03-20T22:59:02.928+0100: 4,193: Total time for which application threads were stopped: 0,0001094 seconds, Stopping threads took: 0,0000321 seconds
2017-03-20T22:59:02.930+0100: 4,196: Total time for which application threads were stopped: 0,0001064 seconds, Stopping threads took: 0,0000293 seconds
2017-03-20T22:59:02.930+0100: 4,196: Total time for which application threads were stopped: 0,0000662 seconds, Stopping threads took: 0,0000214 seconds
2017-03-20T22:59:02.942+0100: 4,208: Total time for which application threads were stopped: 0,0008080 seconds, Stopping threads took: 0,0006929 seconds
2017-03-20T22:59:02.944+0100: 4,210: Total time for which application threads were stopped: 0,0001534 seconds, Stopping threads took: 0,0000418 seconds
2017-03-20T22:59:02.945+0100: 4,210: Total time for which application threads were stopped: 0,0001065 seconds, Stopping threads took: 0,0000339 seconds
2017-03-20T22:59:02.945+0100: 4,210: Total time for which application threads were stopped: 0,0000767 seconds, Stopping threads took: 0,0000208 seconds
2017-03-20T22:59:02.945+0100: 4,211: Total time for which application threads were stopped: 0,0000646 seconds, Stopping threads took: 0,0000169 seconds
2017-03-20T22:59:02.952+0100: 4,218: Total time for which application threads were stopped: 0,0002721 seconds, Stopping threads took: 0,0000301 seconds
2017-03-20T22:59:02.958+0100: 4,223: Total time for which application threads were stopped: 0,0001226 seconds, Stopping threads took: 0,0000213 seconds
2017-03-20T22:59:02.967+0100: 4,232: Total time for which application threads were stopped: 0,0003457 seconds, Stopping threads took: 0,0002254 seconds
2017-03-20T22:59:02.968+0100: 4,233: Total time for which application threads were stopped: 0,0003321 seconds, Stopping threads took: 0,0002671 seconds
2017-03-20T22:59:02.979+0100: 4,244: Total time for which application threads were stopped: 0,0001479 seconds, Stopping threads took: 0,0000507 seconds
2017-03-20T22:59:02.979+0100: 4,245: Total time for which application threads were stopped: 0,0001209 seconds, Stopping threads took: 0,0000583 seconds
2017-03-20T22:59:02.983+0100: 4,249: Total time for which application threads were stopped: 0,0001289 seconds, Stopping threads took: 0,0000460 seconds
2017-03-20T22:59:02.986+0100: 4,252: Total time for which application threads were stopped: 0,0001262 seconds, Stopping threads took: 0,0000308 seconds
2017-03-20T22:59:02.993+0100: 4,258: Total time for which application threads were stopped: 0,0004153 seconds, Stopping threads took: 0,0003189 seconds
2017-03-20T22:59:02.998+0100: 4,264: Total time for which application threads were stopped: 0,0001364 seconds, Stopping threads took: 0,0000296 seconds
2017-03-20T22:59:03.001+0100: 4,267: Total time for which application threads were stopped: 0,0001549 seconds, Stopping threads took: 0,0000689 seconds
2017-03-20T22:59:03.002+0100: 4,267: Total time for which application threads were stopped: 0,0001004 seconds, Stopping threads took: 0,0000322 seconds
2017-03-20T22:59:03.008+0100: 4,274: Total time for which application threads were stopped: 0,0001594 seconds, Stopping threads took: 0,0000385 seconds
2017-03-20T22:59:03.028+0100: 4,293: Total time for which application threads were stopped: 0,0061772 seconds, Stopping threads took: 0,0060601 seconds
2017-03-20T22:59:03.039+0100: 4,305: Total time for which application threads were stopped: 0,0001291 seconds, Stopping threads took: 0,0000526 seconds
2017-03-20T22:59:03.048+0100: 4,313: Total time for which application threads were stopped: 0,0000903 seconds, Stopping threads took: 0,0000318 seconds
2017-03-20T22:59:03.093+0100: 4,358: Total time for which application threads were stopped: 0,0004179 seconds, Stopping threads took: 0,0000403 seconds
2017-03-20T22:59:03.111+0100: 4,377: Total time for which application threads were stopped: 0,0004439 seconds, Stopping threads took: 0,0000260 seconds
2017-03-20T22:59:03.154+0100: 4,420: Total time for which application threads were stopped: 0,0001766 seconds, Stopping threads took: 0,0000524 seconds
2017-03-20T22:59:03.168+0100: 4,434: Total time for which application threads were stopped: 0,0004247 seconds, Stopping threads took: 0,0000434 seconds
2017-03-20T22:59:03.182+0100: 4,448: Total time for which application threads were stopped: 0,0033762 seconds, Stopping threads took: 0,0032521 seconds
2017-03-20T22:59:03.183+0100: 4,448: Total time for which application threads were stopped: 0,0001623 seconds, Stopping threads took: 0,0000725 seconds
2017-03-20T22:59:03.189+0100: 4,455: Total time for which application threads were stopped: 0,0000764 seconds, Stopping threads took: 0,0000197 seconds
2017-03-20T22:59:03.201+0100: 4,466: Total time for which application threads were stopped: 0,0001355 seconds, Stopping threads took: 0,0000467 seconds
2017-03-20T22:59:03.203+0100: 4,468: Total time for which application threads were stopped: 0,0001158 seconds, Stopping threads took: 0,0000423 seconds
2017-03-20T22:59:03.205+0100: 4,471: Total time for which application threads were stopped: 0,0001401 seconds, Stopping threads took: 0,0000478 seconds
2017-03-20T22:59:03.208+0100: 4,473: Total time for which application threads were stopped: 0,0001317 seconds, Stopping threads took: 0,0000465 seconds
2017-03-20T22:59:03.213+0100: 4,478: Total time for which application threads were stopped: 0,0001102 seconds, Stopping threads took: 0,0000218 seconds
2017-03-20T22:59:03.214+0100: 4,479: Total time for which application threads were stopped: 0,0000979 seconds, Stopping threads took: 0,0000207 seconds
2017-03-20T22:59:03.215+0100: 4,481: Total time for which application threads were stopped: 0,0001121 seconds, Stopping threads took: 0,0000366 seconds
2017-03-20T22:59:03.217+0100: 4,483: Total time for which application threads were stopped: 0,0000874 seconds, Stopping threads took: 0,0000188 seconds
2017-03-20T22:59:03.219+0100: 4,484: Total time for which application threads were stopped: 0,0000843 seconds, Stopping threads took: 0,0000187 seconds
2017-03-20T22:59:03.222+0100: 4,487: Total time for which application threads were stopped: 0,0001050 seconds, Stopping threads took: 0,0000324 seconds
2017-03-20T22:59:03.226+0100: 4,492: Total time for which application threads were stopped: 0,0012274 seconds, Stopping threads took: 0,0011425 seconds
2017-03-20T22:59:03.228+0100: 4,494: Total time for which application threads were stopped: 0,0002667 seconds, Stopping threads took: 0,0000381 seconds
2017-03-20T22:59:03.239+0100: 4,504: Total time for which application threads were stopped: 0,0002333 seconds, Stopping threads took: 0,0001625 seconds
2017-03-20T22:59:03.252+0100: 4,517: Total time for which application threads were stopped: 0,0001286 seconds, Stopping threads took: 0,0000372 seconds
2017-03-20T22:59:03.294+0100: 4,560: Total time for which application threads were stopped: 0,0001892 seconds, Stopping threads took: 0,0000858 seconds
2017-03-20T22:59:04.295+0100: 5,560: Total time for which application threads were stopped: 0,0000824 seconds, Stopping threads took: 0,0000196 seconds
{Heap before GC invocations=9 (full 1):
 par new generation   total 109248K, used 94276K [0x00000000e0000000, 0x00000000e8000000, 0x00000000e8000000)
  eden space 87424K, 100% used [0x00000000e0000000, 0x00000000e5560000, 0x00000000e5560000)
  from space 21824K,  31% used [0x00000000e6ab0000, 0x00000000e7161020, 0x00000000e8000000)
  to   space 21824K,   0% used [0x00000000e5560000, 0x00000000e5560000, 0x00000000e6ab0000)
 concurrent mark-sweep generation total 393216K, used 5842K [0x00000000e8000000, 0x0000000100000000, 0x0000000100000000)
 Metaspace       used 27991K, capacity 28474K, committed 28796K, reserved 1075200K
  class space    used 3211K, capacity 3384K, committed 3452K, reserved 1048576K
2017-03-20T22:59:34.994+0100: 36,260: [GC (Allocation Failure) 2017-03-20T22:59:34.994+0100: 36,260: [ParNew
Desired survivor size 20112992 bytes, new threshold 8 (max 8)
- age   1:   11068792 bytes,   11068792 total
- age   2:     175176 bytes,   11243968 total
- age   3:     209312 bytes,   11453280 total
- age   4:    1708400 bytes,   13161680 total
- age   5:      46152 bytes,   13207832 total
- age   6:        688 bytes,   13208520 total
- age   7:     102480 bytes,   13311000 total
- age   8:     199832 bytes,   13510832 total
: 94276K->14127K(109248K), 0,0161139 secs] 100118K->21004K(502464K), 0,0161880 secs] [Times: user=0,05 sys=0,00, real=0,02 secs] 
Heap after GC invocations=10 (full 1):
 par new generation   total 109248K, used 14127K [0x00000000e0000000, 0x00000000e8000000, 0x00000000e8000000)
  eden space 87424K,   0% used [0x00000000e0000000, 0x00000000e0000000, 0x00000000e5560000)
  from space 21824K,  64% used [0x00000000e5560000, 0x00000000e632bfe0, 0x00000000e6ab0000)
  to   space 21824K,   0% used [0x00000000e6ab0000, 0x00000000e6ab0000, 0x00000000e8000000)
 concurrent mark-sweep generation total 393216K, used 6876K [0x00000000e8000000, 0x0000000100000000, 0x0000000100000000)
 Metaspace       used 27991K, capacity 28474K, committed 28796K, reserved 1075200K
  class space    used 3211K, capacity 3384K, committed 3452K, reserved 1048576K
}
2017-03-20T22:59:35.010+0100: 36,276: Total time for which application threads were stopped: 0,0166107 seconds, Stopping threads took: 0,0002185 seconds
2017-03-20T22:59:35.011+0100: 36,276: Total time for which application threads were stopped: 0,0000746 seconds, Stopping threads took: 0,0000262 seconds
2017-03-20T22:59:35.011+0100: 36,277: Total time for which application threads were stopped: 0,0000374 seconds, Stopping threads took: 0,0000158 seconds
2017-03-20T23:00:31.019+0100: 92,285: Total time for which application threads were stopped: 0,0001291 seconds, Stopping threads took: 0,0000271 seconds
2017-03-20T23:00:56.022+0100: 117,287: Total time for which application threads were stopped: 0,0000932 seconds, Stopping threads took: 0,0000372 seconds
2017-03-20T23:01:01.022+0100: 122,288: Total time for which application threads were stopped: 0,0000650 seconds, Stopping threads took: 0,0000156 seconds
2017-03-20T23:02:00.028+0100: 181,294: Total time for which application threads were stopped: 0,0000974 seconds, Stopping threads took: 0,0000406 seconds
2017-03-20T23:03:30.039+0100: 271,304: Total time for which application threads were stopped: 0,0000835 seconds, Stopping threads took: 0,0000319 seconds
2017-03-20T23:03:36.039+0100: 277,305: Total time for which application threads were stopped: 0,0000861 seconds, Stopping threads took: 0,0000333 seconds
2017-03-20T23:22:30.157+0100: 1411,422: Total time for which application threads were stopped: 0,0000934 seconds, Stopping threads took: 0,0000356 seconds
2017-03-20T23:27:30.190+0100: 1711,455: Total time for which application threads were stopped: 0,0000833 seconds, Stopping threads took: 0,0000319 seconds
2017-03-20T23:37:21.251+0100: 2302,517: Total time for which application threads were stopped: 0,0000886 seconds, Stopping threads took: 0,0000321 seconds
2017-03-20T23:37:25.252+0100: 2306,517: Total time for which application threads were stopped: 0,0000660 seconds, Stopping threads took: 0,0000149 seconds
2017-03-20T23:41:31.280+0100: 2552,546: Total time for which application threads were stopped: 0,0000796 seconds, Stopping threads took: 0,0000288 seconds
2017-03-20T23:52:16.347+0100: 3197,613: Total time for which application threads were stopped: 0,0003456 seconds, Stopping threads took: 0,0001359 seconds
2017-03-21T00:03:50.419+0100: 3891,685: Total time for which application threads were stopped: 0,0001018 seconds, Stopping threads took: 0,0000353 seconds
2017-03-21T00:03:55.420+0100: 3896,685: Total time for which application threads were stopped: 0,0000733 seconds, Stopping threads took: 0,0000161 seconds
2017-03-21T00:17:11.501+0100: 4692,767: Total time for which application threads were stopped: 0,0000792 seconds, Stopping threads took: 0,0000282 seconds
2017-03-21T00:17:16.502+0100: 4697,768: Total time for which application threads were stopped: 0,0001175 seconds, Stopping threads took: 0,0000217 seconds
2017-03-21T00:43:21.667+0100: 6262,933: Total time for which application threads were stopped: 0,0000831 seconds, Stopping threads took: 0,0000307 seconds
2017-03-21T00:56:24.892+0100: 7046,158: Total time for which application threads were stopped: 0,0074059 seconds, Stopping threads took: 0,0072749 seconds
2017-03-21T00:56:24.896+0100: 7046,161: Total time for which application threads were stopped: 0,0006842 seconds, Stopping threads took: 0,0005326 seconds
2017-03-21T00:56:24.901+0100: 7046,166: Total time for which application threads were stopped: 0,0001269 seconds, Stopping threads took: 0,0000210 seconds
2017-03-21T00:56:24.901+0100: 7046,167: Total time for which application threads were stopped: 0,0000444 seconds, Stopping threads took: 0,0000060 seconds
2017-03-21T00:56:24.901+0100: 7046,167: Total time for which application threads were stopped: 0,0000513 seconds, Stopping threads took: 0,0000065 seconds
2017-03-21T00:56:24.902+0100: 7046,167: Total time for which application threads were stopped: 0,0000933 seconds, Stopping threads took: 0,0000132 seconds
2017-03-21T00:56:24.938+0100: 7046,204: Total time for which application threads were stopped: 0,0194272 seconds, Stopping threads took: 0,0174493 seconds
2017-03-21T00:56:24.939+0100: 7046,204: Total time for which application threads were stopped: 0,0000861 seconds, Stopping threads took: 0,0000256 seconds
2017-03-21T00:56:24.939+0100: 7046,204: Total time for which application threads were stopped: 0,0000389 seconds, Stopping threads took: 0,0000049 seconds
2017-03-21T00:56:24.939+0100: 7046,205: Total time for which application threads were stopped: 0,0000411 seconds, Stopping threads took: 0,0000055 seconds
2017-03-21T00:56:24.939+0100: 7046,205: Total time for which application threads were stopped: 0,0000368 seconds, Stopping threads took: 0,0000047 seconds
2017-03-21T00:56:24.939+0100: 7046,205: Total time for which application threads were stopped: 0,0000372 seconds, Stopping threads took: 0,0000045 seconds
2017-03-21T00:56:24.939+0100: 7046,205: Total time for which application threads were stopped: 0,0000363 seconds, Stopping threads took: 0,0000061 seconds
2017-03-21T00:56:24.939+0100: 7046,205: Total time for which application threads were stopped: 0,0000385 seconds, Stopping threads took: 0,0000050 seconds
2017-03-21T00:56:24.939+0100: 7046,205: Total time for which application threads were stopped: 0,0000335 seconds, Stopping threads took: 0,0000047 seconds
2017-03-21T00:56:24.942+0100: 7046,207: Total time for which application threads were stopped: 0,0001040 seconds, Stopping threads took: 0,0000148 seconds
2017-03-21T00:56:24.942+0100: 7046,208: Total time for which application threads were stopped: 0,0000532 seconds, Stopping threads took: 0,0000051 seconds
2017-03-21T00:56:24.942+0100: 7046,208: Total time for which application threads were stopped: 0,0000570 seconds, Stopping threads took: 0,0000058 seconds
2017-03-21T00:56:24.942+0100: 7046,208: Total time for which application threads were stopped: 0,0000366 seconds, Stopping threads took: 0,0000062 seconds
2017-03-21T00:56:24.942+0100: 7046,208: Total time for which application threads were stopped: 0,0000431 seconds, Stopping threads took: 0,0000068 seconds
2017-03-21T00:56:24.943+0100: 7046,208: Total time for which application threads were stopped: 0,0000369 seconds, Stopping threads took: 0,0000054 seconds
2017-03-21T00:56:24.943+0100: 7046,208: Total time for which application threads were stopped: 0,0000475 seconds, Stopping threads took: 0,0000074 seconds
2017-03-21T00:56:24.943+0100: 7046,208: Total time for which application threads were stopped: 0,0000386 seconds, Stopping threads took: 0,0000054 seconds
2017-03-21T00:56:24.943+0100: 7046,209: Total time for which application threads were stopped: 0,0000385 seconds, Stopping threads took: 0,0000049 seconds
2017-03-21T00:56:24.944+0100: 7046,210: Total time for which application threads were stopped: 0,0000811 seconds, Stopping threads took: 0,0000125 seconds
2017-03-21T00:56:24.946+0100: 7046,212: Total time for which application threads were stopped: 0,0019651 seconds, Stopping threads took: 0,0018730 seconds
2017-03-21T00:56:24.946+0100: 7046,212: Total time for which application threads were stopped: 0,0000537 seconds, Stopping threads took: 0,0000093 seconds
2017-03-21T00:56:24.946+0100: 7046,212: Total time for which application threads were stopped: 0,0000405 seconds, Stopping threads took: 0,0000078 seconds
2017-03-21T00:56:24.947+0100: 7046,212: Total time for which application threads were stopped: 0,0000361 seconds, Stopping threads took: 0,0000050 seconds
2017-03-21T00:56:24.947+0100: 7046,212: Total time for which application threads were stopped: 0,0000359 seconds, Stopping threads took: 0,0000048 seconds
2017-03-21T00:56:24.947+0100: 7046,212: Total time for which application threads were stopped: 0,0000385 seconds, Stopping threads took: 0,0000047 seconds
2017-03-21T00:56:24.947+0100: 7046,212: Total time for which application threads were stopped: 0,0000339 seconds, Stopping threads took: 0,0000044 seconds
2017-03-21T00:56:24.947+0100: 7046,213: Total time for which application threads were stopped: 0,0000601 seconds, Stopping threads took: 0,0000161 seconds
2017-03-21T00:56:24.947+0100: 7046,213: Total time for which application threads were stopped: 0,0000382 seconds, Stopping threads took: 0,0000051 seconds
2017-03-21T00:56:24.947+0100: 7046,213: Total time for which application threads were stopped: 0,0000346 seconds, Stopping threads took: 0,0000049 seconds
2017-03-21T00:56:24.981+0100: 7046,247: Total time for which application threads were stopped: 0,0003256 seconds, Stopping threads took: 0,0002503 seconds
2017-03-21T00:56:24.982+0100: 7046,248: Total time for which application threads were stopped: 0,0002186 seconds, Stopping threads took: 0,0001475 seconds
2017-03-21T00:56:24.987+0100: 7046,253: Total time for which application threads were stopped: 0,0001059 seconds, Stopping threads took: 0,0000204 seconds
2017-03-21T00:56:24.987+0100: 7046,253: Total time for which application threads were stopped: 0,0000537 seconds, Stopping threads took: 0,0000165 seconds
2017-03-21T00:56:24.988+0100: 7046,253: Total time for which application threads were stopped: 0,0000480 seconds, Stopping threads took: 0,0000142 seconds
2017-03-21T00:56:24.988+0100: 7046,253: Total time for which application threads were stopped: 0,0000379 seconds, Stopping threads took: 0,0000051 seconds
2017-03-21T00:56:24.988+0100: 7046,253: Total time for which application threads were stopped: 0,0000352 seconds, Stopping threads took: 0,0000050 seconds
2017-03-21T00:56:24.988+0100: 7046,253: Total time for which application threads were stopped: 0,0000354 seconds, Stopping threads took: 0,0000048 seconds
2017-03-21T00:56:24.988+0100: 7046,253: Total time for which application threads were stopped: 0,0000341 seconds, Stopping threads took: 0,0000045 seconds
2017-03-21T00:56:24.988+0100: 7046,253: Total time for which application threads were stopped: 0,0000354 seconds, Stopping threads took: 0,0000046 seconds
2017-03-21T00:56:24.990+0100: 7046,255: Total time for which application threads were stopped: 0,0001352 seconds, Stopping threads took: 0,0000498 seconds
2017-03-21T00:56:24.999+0100: 7046,265: Total time for which application threads were stopped: 0,0000967 seconds, Stopping threads took: 0,0000274 seconds
2017-03-21T00:56:24.999+0100: 7046,265: Total time for which application threads were stopped: 0,0000481 seconds, Stopping threads took: 0,0000130 seconds
2017-03-21T00:56:24.999+0100: 7046,265: Total time for which application threads were stopped: 0,0000389 seconds, Stopping threads took: 0,0000061 seconds
2017-03-21T00:56:25.001+0100: 7046,266: Total time for which application threads were stopped: 0,0000899 seconds, Stopping threads took: 0,0000228 seconds
2017-03-21T00:56:25.001+0100: 7046,266: Total time for which application threads were stopped: 0,0000519 seconds, Stopping threads took: 0,0000127 seconds
2017-03-21T00:56:25.001+0100: 7046,267: Total time for which application threads were stopped: 0,0000588 seconds, Stopping threads took: 0,0000165 seconds
2017-03-21T00:56:25.001+0100: 7046,267: Total time for which application threads were stopped: 0,0000508 seconds, Stopping threads took: 0,0000129 seconds
2017-03-21T00:56:25.009+0100: 7046,275: Total time for which application threads were stopped: 0,0001171 seconds, Stopping threads took: 0,0000497 seconds
2017-03-21T00:56:25.011+0100: 7046,276: Total time for which application threads were stopped: 0,0001009 seconds, Stopping threads took: 0,0000370 seconds
2017-03-21T00:56:25.013+0100: 7046,278: Total time for which application threads were stopped: 0,0009253 seconds, Stopping threads took: 0,0000314 seconds
2017-03-21T00:56:25.013+0100: 7046,279: Total time for which application threads were stopped: 0,0000786 seconds, Stopping threads took: 0,0000232 seconds
2017-03-21T00:56:25.014+0100: 7046,280: Total time for which application threads were stopped: 0,0000983 seconds, Stopping threads took: 0,0000140 seconds
2017-03-21T00:56:25.016+0100: 7046,281: Total time for which application threads were stopped: 0,0014027 seconds, Stopping threads took: 0,0013227 seconds
2017-03-21T00:56:25.016+0100: 7046,282: Total time for which application threads were stopped: 0,0000480 seconds, Stopping threads took: 0,0000088 seconds
2017-03-21T00:56:25.016+0100: 7046,282: Total time for which application threads were stopped: 0,0000373 seconds, Stopping threads took: 0,0000049 seconds
2017-03-21T00:56:25.019+0100: 7046,285: Total time for which application threads were stopped: 0,0001276 seconds, Stopping threads took: 0,0000472 seconds
2017-03-21T00:56:25.019+0100: 7046,285: Total time for which application threads were stopped: 0,0000422 seconds, Stopping threads took: 0,0000058 seconds
2017-03-21T00:56:25.019+0100: 7046,285: Total time for which application threads were stopped: 0,0000357 seconds, Stopping threads took: 0,0000050 seconds
2017-03-21T00:56:25.020+0100: 7046,285: Total time for which application threads were stopped: 0,0000497 seconds, Stopping threads took: 0,0000141 seconds
2017-03-21T00:56:25.022+0100: 7046,287: Total time for which application threads were stopped: 0,0001935 seconds, Stopping threads took: 0,0001270 seconds
2017-03-21T00:56:25.022+0100: 7046,287: Total time for which application threads were stopped: 0,0000666 seconds, Stopping threads took: 0,0000187 seconds
2017-03-21T00:56:25.025+0100: 7046,291: Total time for which application threads were stopped: 0,0010466 seconds, Stopping threads took: 0,0009438 seconds
2017-03-21T00:56:25.025+0100: 7046,291: Total time for which application threads were stopped: 0,0000694 seconds, Stopping threads took: 0,0000212 seconds
2017-03-21T00:56:25.025+0100: 7046,291: Total time for which application threads were stopped: 0,0000412 seconds, Stopping threads took: 0,0000064 seconds
2017-03-21T00:56:25.026+0100: 7046,291: Total time for which application threads were stopped: 0,0000529 seconds, Stopping threads took: 0,0000154 seconds
2017-03-21T00:56:25.026+0100: 7046,291: Total time for which application threads were stopped: 0,0000463 seconds, Stopping threads took: 0,0000125 seconds
2017-03-21T00:56:25.026+0100: 7046,291: Total time for which application threads were stopped: 0,0001637 seconds, Stopping threads took: 0,0000122 seconds
2017-03-21T00:56:25.028+0100: 7046,293: Total time for which application threads were stopped: 0,0001152 seconds, Stopping threads took: 0,0000347 seconds
2017-03-21T00:56:25.030+0100: 7046,295: Total time for which application threads were stopped: 0,0015801 seconds, Stopping threads took: 0,0014828 seconds
2017-03-21T00:56:25.030+0100: 7046,295: Total time for which application threads were stopped: 0,0000887 seconds, Stopping threads took: 0,0000297 seconds
Heap
 par new generation   total 109248K, used 37098K [0x00000000e0000000, 0x00000000e8000000, 0x00000000e8000000)
  eden space 87424K,  26% used [0x00000000e0000000, 0x00000000e166e8c8, 0x00000000e5560000)
  from space 21824K,  64% used [0x00000000e5560000, 0x00000000e632bfe0, 0x00000000e6ab0000)
  to   space 21824K,   0% used [0x00000000e6ab0000, 0x00000000e6ab0000, 0x00000000e8000000)
 concurrent mark-sweep generation total 393216K, used 6876K [0x00000000e8000000, 0x0000000100000000, 0x0000000100000000)
 Metaspace       used 28122K, capacity 28642K, committed 28796K, reserved 1075200K
  class space    used 3224K, capacity 3418K, committed 3452K, reserved 1048576K
