OpenJDK 64-Bit Server VM (25.131-b11) for linux-amd64 JRE (1.8.0_131-8u131-b11-0ubuntu1.16.04.2-b11), built on May  6 2017 02:45:27 by "buildd" with gcc 5.4.0 20160609
Memory: 4k page, physical 7867740k(7414892k free), swap 8076284k(8076284k free)
CommandLine flags: -XX:CMSInitiatingOccupancyFraction=50 -XX:CMSMaxAbortablePrecleanTime=6000 -XX:+CMSParallelRemarkEnabled -XX:+CMSScavengeBeforeRemark -XX:ConcGCThreads=4 -XX:InitialHeapSize=536870912 -XX:MaxHeapSize=536870912 -XX:MaxTenuringThreshold=8 -XX:NewRatio=3 -XX:OldPLABSize=16 -XX:OnOutOfMemoryError=/opt/solr/bin/oom_solr.sh 8983 /var/solr/logs -XX:ParallelGCThreads=4 -XX:+ParallelRefProcEnabled -XX:PretenureSizeThreshold=67108864 -XX:+PrintGC -XX:+PrintGCApplicationStoppedTime -XX:+PrintGCDateStamps -XX:+PrintGCDetails -XX:+PrintGCTimeStamps -XX:+PrintHeapAtGC -XX:+PrintTenuringDistribution -XX:SurvivorRatio=4 -XX:TargetSurvivorRatio=90 -XX:ThreadStackSize=256 -XX:+UseCMSInitiatingOccupancyOnly -XX:+UseCompressedClassPointers -XX:+UseCompressedOops -XX:+UseConcMarkSweepGC -XX:+UseParNewGC 
2017-06-21T01:28:39.843+0200: 0,153: Total time for which application threads were stopped: 0,0000802 seconds, Stopping threads took: 0,0000102 seconds
2017-06-21T01:28:39.925+0200: 0,235: Total time for which application threads were stopped: 0,0001132 seconds, Stopping threads took: 0,0000105 seconds
2017-06-21T01:28:39.941+0200: 0,251: Total time for which application threads were stopped: 0,0000859 seconds, Stopping threads took: 0,0000170 seconds
2017-06-21T01:28:40.170+0200: 0,480: Total time for which application threads were stopped: 0,0001280 seconds, Stopping threads took: 0,0000348 seconds
2017-06-21T01:28:40.628+0200: 0,938: Total time for which application threads were stopped: 0,0001756 seconds, Stopping threads took: 0,0000444 seconds
2017-06-21T01:28:40.700+0200: 1,010: Total time for which application threads were stopped: 0,0001891 seconds, Stopping threads took: 0,0000324 seconds
2017-06-21T01:28:40.741+0200: 1,051: Total time for which application threads were stopped: 0,0001793 seconds, Stopping threads took: 0,0000320 seconds
2017-06-21T01:28:41.173+0200: 1,483: Total time for which application threads were stopped: 0,0001994 seconds, Stopping threads took: 0,0000163 seconds
2017-06-21T01:28:41.451+0200: 1,761: Total time for which application threads were stopped: 0,0003232 seconds, Stopping threads took: 0,0000188 seconds
2017-06-21T01:28:41.480+0200: 1,790: Total time for which application threads were stopped: 0,0001927 seconds, Stopping threads took: 0,0000192 seconds
2017-06-21T01:28:41.517+0200: 1,827: Total time for which application threads were stopped: 0,0002586 seconds, Stopping threads took: 0,0000294 seconds
2017-06-21T01:28:41.519+0200: 1,829: Total time for which application threads were stopped: 0,0001974 seconds, Stopping threads took: 0,0000182 seconds
2017-06-21T01:28:41.532+0200: 1,842: Total time for which application threads were stopped: 0,0001686 seconds, Stopping threads took: 0,0000189 seconds
2017-06-21T01:28:41.631+0200: 1,941: Total time for which application threads were stopped: 0,0001898 seconds, Stopping threads took: 0,0000158 seconds
2017-06-21T01:28:41.790+0200: 2,100: Total time for which application threads were stopped: 0,0007283 seconds, Stopping threads took: 0,0004813 seconds
{Heap before GC invocations=0 (full 0):
 par new generation   total 109248K, used 87424K [0x00000000e0000000, 0x00000000e8000000, 0x00000000e8000000)
  eden space 87424K, 100% used [0x00000000e0000000, 0x00000000e5560000, 0x00000000e5560000)
  from space 21824K,   0% used [0x00000000e5560000, 0x00000000e5560000, 0x00000000e6ab0000)
  to   space 21824K,   0% used [0x00000000e6ab0000, 0x00000000e6ab0000, 0x00000000e8000000)
 concurrent mark-sweep generation total 393216K, used 0K [0x00000000e8000000, 0x0000000100000000, 0x0000000100000000)
 Metaspace       used 18007K, capacity 18336K, committed 18688K, reserved 1064960K
  class space    used 2035K, capacity 2196K, committed 2304K, reserved 1048576K
2017-06-21T01:28:41.881+0200: 2,191: [GC (Allocation Failure) 2017-06-21T01:28:41.881+0200: 2,191: [ParNew
Desired survivor size 20112992 bytes, new threshold 8 (max 8)
- age   1:   12597432 bytes,   12597432 total
: 87424K->12417K(109248K), 0,0170073 secs] 87424K->12417K(502464K), 0,0170867 secs] [Times: user=0,04 sys=0,01, real=0,02 secs] 
Heap after GC invocations=1 (full 0):
 par new generation   total 109248K, used 12417K [0x00000000e0000000, 0x00000000e8000000, 0x00000000e8000000)
  eden space 87424K,   0% used [0x00000000e0000000, 0x00000000e0000000, 0x00000000e5560000)
  from space 21824K,  56% used [0x00000000e6ab0000, 0x00000000e76d0418, 0x00000000e8000000)
  to   space 21824K,   0% used [0x00000000e5560000, 0x00000000e5560000, 0x00000000e6ab0000)
 concurrent mark-sweep generation total 393216K, used 0K [0x00000000e8000000, 0x0000000100000000, 0x0000000100000000)
 Metaspace       used 18007K, capacity 18336K, committed 18688K, reserved 1064960K
  class space    used 2035K, capacity 2196K, committed 2304K, reserved 1048576K
}
2017-06-21T01:28:41.898+0200: 2,208: Total time for which application threads were stopped: 0,0173107 seconds, Stopping threads took: 0,0000224 seconds
2017-06-21T01:28:42.164+0200: 2,474: Total time for which application threads were stopped: 0,0003135 seconds, Stopping threads took: 0,0000253 seconds
2017-06-21T01:28:42.218+0200: 2,529: Total time for which application threads were stopped: 0,0037982 seconds, Stopping threads took: 0,0034072 seconds
{Heap before GC invocations=1 (full 0):
 par new generation   total 109248K, used 99841K [0x00000000e0000000, 0x00000000e8000000, 0x00000000e8000000)
  eden space 87424K, 100% used [0x00000000e0000000, 0x00000000e5560000, 0x00000000e5560000)
  from space 21824K,  56% used [0x00000000e6ab0000, 0x00000000e76d0418, 0x00000000e8000000)
  to   space 21824K,   0% used [0x00000000e5560000, 0x00000000e5560000, 0x00000000e6ab0000)
 concurrent mark-sweep generation total 393216K, used 0K [0x00000000e8000000, 0x0000000100000000, 0x0000000100000000)
 Metaspace       used 20040K, capacity 20348K, committed 20736K, reserved 1067008K
  class space    used 2293K, capacity 2464K, committed 2560K, reserved 1048576K
2017-06-21T01:28:42.221+0200: 2,531: [GC (Allocation Failure) 2017-06-21T01:28:42.221+0200: 2,531: [ParNew
Desired survivor size 20112992 bytes, new threshold 8 (max 8)
- age   1:    3756656 bytes,    3756656 total
- age   2:    6666360 bytes,   10423016 total
: 99841K->13784K(109248K), 0,0098097 secs] 99841K->13784K(502464K), 0,0098734 secs] [Times: user=0,03 sys=0,00, real=0,01 secs] 
Heap after GC invocations=2 (full 0):
 par new generation   total 109248K, used 13784K [0x00000000e0000000, 0x00000000e8000000, 0x00000000e8000000)
  eden space 87424K,   0% used [0x00000000e0000000, 0x00000000e0000000, 0x00000000e5560000)
  from space 21824K,  63% used [0x00000000e5560000, 0x00000000e62d6140, 0x00000000e6ab0000)
  to   space 21824K,   0% used [0x00000000e6ab0000, 0x00000000e6ab0000, 0x00000000e8000000)
 concurrent mark-sweep generation total 393216K, used 0K [0x00000000e8000000, 0x0000000100000000, 0x0000000100000000)
 Metaspace       used 20040K, capacity 20348K, committed 20736K, reserved 1067008K
  class space    used 2293K, capacity 2464K, committed 2560K, reserved 1048576K
}
2017-06-21T01:28:42.231+0200: 2,541: Total time for which application threads were stopped: 0,0100762 seconds, Stopping threads took: 0,0000747 seconds
2017-06-21T01:28:42.265+0200: 2,575: Total time for which application threads were stopped: 0,0003731 seconds, Stopping threads took: 0,0000666 seconds
2017-06-21T01:28:42.404+0200: 2,714: Total time for which application threads were stopped: 0,0002002 seconds, Stopping threads took: 0,0000417 seconds
{Heap before GC invocations=2 (full 0):
 par new generation   total 109248K, used 101208K [0x00000000e0000000, 0x00000000e8000000, 0x00000000e8000000)
  eden space 87424K, 100% used [0x00000000e0000000, 0x00000000e5560000, 0x00000000e5560000)
  from space 21824K,  63% used [0x00000000e5560000, 0x00000000e62d6140, 0x00000000e6ab0000)
  to   space 21824K,   0% used [0x00000000e6ab0000, 0x00000000e6ab0000, 0x00000000e8000000)
 concurrent mark-sweep generation total 393216K, used 0K [0x00000000e8000000, 0x0000000100000000, 0x0000000100000000)
 Metaspace       used 20973K, capacity 21334K, committed 21628K, reserved 1069056K
  class space    used 2418K, capacity 2583K, committed 2684K, reserved 1048576K
2017-06-21T01:28:42.446+0200: 2,756: [GC (Allocation Failure) 2017-06-21T01:28:42.446+0200: 2,756: [ParNew
Desired survivor size 20112992 bytes, new threshold 8 (max 8)
- age   1:    2127984 bytes,    2127984 total
- age   2:     854232 bytes,    2982216 total
- age   3:    6664136 bytes,    9646352 total
: 101208K->13018K(109248K), 0,0096343 secs] 101208K->13018K(502464K), 0,0097064 secs] [Times: user=0,04 sys=0,00, real=0,01 secs] 
Heap after GC invocations=3 (full 0):
 par new generation   total 109248K, used 13018K [0x00000000e0000000, 0x00000000e8000000, 0x00000000e8000000)
  eden space 87424K,   0% used [0x00000000e0000000, 0x00000000e0000000, 0x00000000e5560000)
  from space 21824K,  59% used [0x00000000e6ab0000, 0x00000000e7766bf8, 0x00000000e8000000)
  to   space 21824K,   0% used [0x00000000e5560000, 0x00000000e5560000, 0x00000000e6ab0000)
 concurrent mark-sweep generation total 393216K, used 0K [0x00000000e8000000, 0x0000000100000000, 0x0000000100000000)
 Metaspace       used 20973K, capacity 21334K, committed 21628K, reserved 1069056K
  class space    used 2418K, capacity 2583K, committed 2684K, reserved 1048576K
}
2017-06-21T01:28:42.456+0200: 2,766: Total time for which application threads were stopped: 0,0124616 seconds, Stopping threads took: 0,0026223 seconds
2017-06-21T01:28:42.456+0200: 2,766: [GC (CMS Initial Mark) [1 CMS-initial-mark: 0K(393216K)] 14480K(502464K), 0,0031002 secs] [Times: user=0,01 sys=0,00, real=0,00 secs] 
2017-06-21T01:28:42.459+0200: 2,769: Total time for which application threads were stopped: 0,0032248 seconds, Stopping threads took: 0,0000418 seconds
2017-06-21T01:28:42.459+0200: 2,769: [CMS-concurrent-mark-start]
2017-06-21T01:28:42.462+0200: 2,772: [CMS-concurrent-mark: 0,002/0,002 secs] [Times: user=0,01 sys=0,00, real=0,00 secs] 
2017-06-21T01:28:42.462+0200: 2,772: [CMS-concurrent-preclean-start]
2017-06-21T01:28:42.463+0200: 2,773: [CMS-concurrent-preclean: 0,001/0,001 secs] [Times: user=0,00 sys=0,00, real=0,01 secs] 
2017-06-21T01:28:42.463+0200: 2,773: [CMS-concurrent-abortable-preclean-start]
2017-06-21T01:28:42.539+0200: 2,849: Total time for which application threads were stopped: 0,0001978 seconds, Stopping threads took: 0,0001053 seconds
{Heap before GC invocations=3 (full 1):
 par new generation   total 109248K, used 100442K [0x00000000e0000000, 0x00000000e8000000, 0x00000000e8000000)
  eden space 87424K, 100% used [0x00000000e0000000, 0x00000000e5560000, 0x00000000e5560000)
  from space 21824K,  59% used [0x00000000e6ab0000, 0x00000000e7766bf8, 0x00000000e8000000)
  to   space 21824K,   0% used [0x00000000e5560000, 0x00000000e5560000, 0x00000000e6ab0000)
 concurrent mark-sweep generation total 393216K, used 0K [0x00000000e8000000, 0x0000000100000000, 0x0000000100000000)
 Metaspace       used 21246K, capacity 21616K, committed 21884K, reserved 1069056K
  class space    used 2444K, capacity 2599K, committed 2684K, reserved 1048576K
2017-06-21T01:28:42.598+0200: 2,908: [GC (Allocation Failure) 2017-06-21T01:28:42.598+0200: 2,908: [ParNew
Desired survivor size 20112992 bytes, new threshold 8 (max 8)
- age   1:     847784 bytes,     847784 total
- age   2:    1451152 bytes,    2298936 total
- age   3:     822792 bytes,    3121728 total
- age   4:    6664080 bytes,    9785808 total
: 100442K->12447K(109248K), 0,0099028 secs] 100442K->12447K(502464K), 0,0099664 secs] [Times: user=0,03 sys=0,00, real=0,01 secs] 
Heap after GC invocations=4 (full 1):
 par new generation   total 109248K, used 12447K [0x00000000e0000000, 0x00000000e8000000, 0x00000000e8000000)
  eden space 87424K,   0% used [0x00000000e0000000, 0x00000000e0000000, 0x00000000e5560000)
  from space 21824K,  57% used [0x00000000e5560000, 0x00000000e6187f40, 0x00000000e6ab0000)
  to   space 21824K,   0% used [0x00000000e6ab0000, 0x00000000e6ab0000, 0x00000000e8000000)
 concurrent mark-sweep generation total 393216K, used 0K [0x00000000e8000000, 0x0000000100000000, 0x0000000100000000)
 Metaspace       used 21246K, capacity 21616K, committed 21884K, reserved 1069056K
  class space    used 2444K, capacity 2599K, committed 2684K, reserved 1048576K
}
2017-06-21T01:28:42.608+0200: 2,918: Total time for which application threads were stopped: 0,0101639 seconds, Stopping threads took: 0,0000671 seconds
2017-06-21T01:28:42.608+0200: 2,918: [CMS-concurrent-abortable-preclean: 0,077/0,145 secs] [Times: user=0,56 sys=0,00, real=0,14 secs] 
2017-06-21T01:28:42.608+0200: 2,918: [GC (CMS Final Remark) [YG occupancy: 12463 K (109248 K)]{Heap before GC invocations=4 (full 1):
 par new generation   total 109248K, used 12463K [0x00000000e0000000, 0x00000000e8000000, 0x00000000e8000000)
  eden space 87424K,   0% used [0x00000000e0000000, 0x00000000e0004010, 0x00000000e5560000)
  from space 21824K,  57% used [0x00000000e5560000, 0x00000000e6187f40, 0x00000000e6ab0000)
  to   space 21824K,   0% used [0x00000000e6ab0000, 0x00000000e6ab0000, 0x00000000e8000000)
 concurrent mark-sweep generation total 393216K, used 0K [0x00000000e8000000, 0x0000000100000000, 0x0000000100000000)
 Metaspace       used 21246K, capacity 21616K, committed 21884K, reserved 1069056K
  class space    used 2444K, capacity 2599K, committed 2684K, reserved 1048576K
2017-06-21T01:28:42.608+0200: 2,918: [GC (CMS Final Remark) 2017-06-21T01:28:42.608+0200: 2,918: [ParNew
Desired survivor size 20112992 bytes, new threshold 8 (max 8)
- age   1:      16400 bytes,      16400 total
- age   2:     845248 bytes,     861648 total
- age   3:    1451152 bytes,    2312800 total
- age   4:     822792 bytes,    3135592 total
- age   5:    6664720 bytes,    9800312 total
: 12463K->12071K(109248K), 0,0092166 secs] 12463K->12071K(502464K), 0,0092524 secs] [Times: user=0,03 sys=0,00, real=0,01 secs] 
Heap after GC invocations=5 (full 1):
 par new generation   total 109248K, used 12071K [0x00000000e0000000, 0x00000000e8000000, 0x00000000e8000000)
  eden space 87424K,   0% used [0x00000000e0000000, 0x00000000e0000000, 0x00000000e5560000)
  from space 21824K,  55% used [0x00000000e6ab0000, 0x00000000e7679c60, 0x00000000e8000000)
  to   space 21824K,   0% used [0x00000000e5560000, 0x00000000e5560000, 0x00000000e6ab0000)
 concurrent mark-sweep generation total 393216K, used 0K [0x00000000e8000000, 0x0000000100000000, 0x0000000100000000)
 Metaspace       used 21246K, capacity 21616K, committed 21884K, reserved 1069056K
  class space    used 2444K, capacity 2599K, committed 2684K, reserved 1048576K
}
2017-06-21T01:28:42.618+0200: 2,928: [Rescan (parallel) , 0,0032305 secs]2017-06-21T01:28:42.621+0200: 2,931: [weak refs processing, 0,0015683 secs]2017-06-21T01:28:42.622+0200: 2,932: [class unloading, 0,0028304 secs]2017-06-21T01:28:42.625+0200: 2,935: [scrub symbol table, 0,0025810 secs]2017-06-21T01:28:42.628+0200: 2,938: [scrub string table, 0,0003638 secs][1 CMS-remark: 0K(393216K)] 12071K(502464K), 0,0204511 secs] [Times: user=0,05 sys=0,00, real=0,02 secs] 
2017-06-21T01:28:42.629+0200: 2,939: Total time for which application threads were stopped: 0,0205610 seconds, Stopping threads took: 0,0000354 seconds
2017-06-21T01:28:42.629+0200: 2,939: [CMS-concurrent-sweep-start]
2017-06-21T01:28:42.629+0200: 2,939: [CMS-concurrent-sweep: 0,000/0,000 secs] [Times: user=0,00 sys=0,00, real=0,00 secs] 
2017-06-21T01:28:42.629+0200: 2,939: [CMS-concurrent-reset-start]
2017-06-21T01:28:42.631+0200: 2,942: [CMS-concurrent-reset: 0,002/0,002 secs] [Times: user=0,01 sys=0,01, real=0,00 secs] 
{Heap before GC invocations=5 (full 1):
 par new generation   total 109248K, used 99495K [0x00000000e0000000, 0x00000000e8000000, 0x00000000e8000000)
  eden space 87424K, 100% used [0x00000000e0000000, 0x00000000e5560000, 0x00000000e5560000)
  from space 21824K,  55% used [0x00000000e6ab0000, 0x00000000e7679c60, 0x00000000e8000000)
  to   space 21824K,   0% used [0x00000000e5560000, 0x00000000e5560000, 0x00000000e6ab0000)
 concurrent mark-sweep generation total 393216K, used 0K [0x00000000e8000000, 0x0000000100000000, 0x0000000100000000)
 Metaspace       used 21391K, capacity 21794K, committed 21884K, reserved 1069056K
  class space    used 2465K, capacity 2634K, committed 2684K, reserved 1048576K
2017-06-21T01:28:42.706+0200: 3,016: [GC (Allocation Failure) 2017-06-21T01:28:42.706+0200: 3,016: [ParNew
Desired survivor size 20112992 bytes, new threshold 8 (max 8)
- age   1:     403992 bytes,     403992 total
- age   3:     182792 bytes,     586784 total
- age   4:    1450272 bytes,    2037056 total
- age   5:     818840 bytes,    2855896 total
- age   6:    6664032 bytes,    9519928 total
: 99495K->12576K(109248K), 0,0093584 secs] 99495K->12576K(502464K), 0,0094297 secs] [Times: user=0,04 sys=0,00, real=0,01 secs] 
Heap after GC invocations=6 (full 1):
 par new generation   total 109248K, used 12576K [0x00000000e0000000, 0x00000000e8000000, 0x00000000e8000000)
  eden space 87424K,   0% used [0x00000000e0000000, 0x00000000e0000000, 0x00000000e5560000)
  from space 21824K,  57% used [0x00000000e5560000, 0x00000000e61a8360, 0x00000000e6ab0000)
  to   space 21824K,   0% used [0x00000000e6ab0000, 0x00000000e6ab0000, 0x00000000e8000000)
 concurrent mark-sweep generation total 393216K, used 0K [0x00000000e8000000, 0x0000000100000000, 0x0000000100000000)
 Metaspace       used 21391K, capacity 21794K, committed 21884K, reserved 1069056K
  class space    used 2465K, capacity 2634K, committed 2684K, reserved 1048576K
}
2017-06-21T01:28:42.716+0200: 3,026: Total time for which application threads were stopped: 0,0096525 seconds, Stopping threads took: 0,0000842 seconds
2017-06-21T01:28:42.758+0200: 3,068: Total time for which application threads were stopped: 0,0004004 seconds, Stopping threads took: 0,0000501 seconds
2017-06-21T01:28:43.024+0200: 3,334: Total time for which application threads were stopped: 0,0004430 seconds, Stopping threads took: 0,0000387 seconds
2017-06-21T01:28:43.039+0200: 3,349: Total time for which application threads were stopped: 0,0003481 seconds, Stopping threads took: 0,0000216 seconds
{Heap before GC invocations=6 (full 1):
 par new generation   total 109248K, used 100000K [0x00000000e0000000, 0x00000000e8000000, 0x00000000e8000000)
  eden space 87424K, 100% used [0x00000000e0000000, 0x00000000e5560000, 0x00000000e5560000)
  from space 21824K,  57% used [0x00000000e5560000, 0x00000000e61a8360, 0x00000000e6ab0000)
  to   space 21824K,   0% used [0x00000000e6ab0000, 0x00000000e6ab0000, 0x00000000e8000000)
 concurrent mark-sweep generation total 393216K, used 0K [0x00000000e8000000, 0x0000000100000000, 0x0000000100000000)
 Metaspace       used 23975K, capacity 24390K, committed 24572K, reserved 1071104K
  class space    used 2830K, capacity 3008K, committed 3068K, reserved 1048576K
2017-06-21T01:28:43.192+0200: 3,502: [GC (Allocation Failure) 2017-06-21T01:28:43.192+0200: 3,502: [ParNew
Desired survivor size 20112992 bytes, new threshold 8 (max 8)
- age   1:    5196728 bytes,    5196728 total
- age   2:     144552 bytes,    5341280 total
- age   4:     181680 bytes,    5522960 total
- age   5:     280672 bytes,    5803632 total
- age   6:     794488 bytes,    6598120 total
- age   7:    6655864 bytes,   13253984 total
: 100000K->16747K(109248K), 0,0153482 secs] 100000K->16747K(502464K), 0,0154243 secs] [Times: user=0,05 sys=0,00, real=0,02 secs] 
Heap after GC invocations=7 (full 1):
 par new generation   total 109248K, used 16747K [0x00000000e0000000, 0x00000000e8000000, 0x00000000e8000000)
  eden space 87424K,   0% used [0x00000000e0000000, 0x00000000e0000000, 0x00000000e5560000)
  from space 21824K,  76% used [0x00000000e6ab0000, 0x00000000e7b0ad40, 0x00000000e8000000)
  to   space 21824K,   0% used [0x00000000e5560000, 0x00000000e5560000, 0x00000000e6ab0000)
 concurrent mark-sweep generation total 393216K, used 0K [0x00000000e8000000, 0x0000000100000000, 0x0000000100000000)
 Metaspace       used 23975K, capacity 24390K, committed 24572K, reserved 1071104K
  class space    used 2830K, capacity 3008K, committed 3068K, reserved 1048576K
}
2017-06-21T01:28:43.207+0200: 3,517: Total time for which application threads were stopped: 0,0157903 seconds, Stopping threads took: 0,0001327 seconds
{Heap before GC invocations=7 (full 1):
 par new generation   total 109248K, used 104171K [0x00000000e0000000, 0x00000000e8000000, 0x00000000e8000000)
  eden space 87424K, 100% used [0x00000000e0000000, 0x00000000e5560000, 0x00000000e5560000)
  from space 21824K,  76% used [0x00000000e6ab0000, 0x00000000e7b0ad40, 0x00000000e8000000)
  to   space 21824K,   0% used [0x00000000e5560000, 0x00000000e5560000, 0x00000000e6ab0000)
 concurrent mark-sweep generation total 393216K, used 0K [0x00000000e8000000, 0x0000000100000000, 0x0000000100000000)
 Metaspace       used 24371K, capacity 24828K, committed 25084K, reserved 1071104K
  class space    used 2855K, capacity 3044K, committed 3068K, reserved 1048576K
2017-06-21T01:28:43.310+0200: 3,620: [GC (Allocation Failure) 2017-06-21T01:28:43.310+0200: 3,620: [ParNew
Desired survivor size 20112992 bytes, new threshold 8 (max 8)
- age   1:    1547104 bytes,    1547104 total
- age   2:    1804464 bytes,    3351568 total
- age   3:      82856 bytes,    3434424 total
- age   5:      94304 bytes,    3528728 total
- age   6:     193184 bytes,    3721912 total
- age   7:     742552 bytes,    4464464 total
- age   8:    6121240 bytes,   10585704 total
: 104171K->14060K(109248K), 0,0157129 secs] 104171K->14060K(502464K), 0,0158253 secs] [Times: user=0,06 sys=0,00, real=0,02 secs] 
Heap after GC invocations=8 (full 1):
 par new generation   total 109248K, used 14060K [0x00000000e0000000, 0x00000000e8000000, 0x00000000e8000000)
  eden space 87424K,   0% used [0x00000000e0000000, 0x00000000e0000000, 0x00000000e5560000)
  from space 21824K,  64% used [0x00000000e5560000, 0x00000000e631b3d0, 0x00000000e6ab0000)
  to   space 21824K,   0% used [0x00000000e6ab0000, 0x00000000e6ab0000, 0x00000000e8000000)
 concurrent mark-sweep generation total 393216K, used 0K [0x00000000e8000000, 0x0000000100000000, 0x0000000100000000)
 Metaspace       used 24371K, capacity 24828K, committed 25084K, reserved 1071104K
  class space    used 2855K, capacity 3044K, committed 3068K, reserved 1048576K
}
2017-06-21T01:28:43.326+0200: 3,636: Total time for which application threads were stopped: 0,0187690 seconds, Stopping threads took: 0,0026860 seconds
{Heap before GC invocations=8 (full 1):
 par new generation   total 109248K, used 101484K [0x00000000e0000000, 0x00000000e8000000, 0x00000000e8000000)
  eden space 87424K, 100% used [0x00000000e0000000, 0x00000000e5560000, 0x00000000e5560000)
  from space 21824K,  64% used [0x00000000e5560000, 0x00000000e631b3d0, 0x00000000e6ab0000)
  to   space 21824K,   0% used [0x00000000e6ab0000, 0x00000000e6ab0000, 0x00000000e8000000)
 concurrent mark-sweep generation total 393216K, used 0K [0x00000000e8000000, 0x0000000100000000, 0x0000000100000000)
 Metaspace       used 24579K, capacity 25030K, committed 25084K, reserved 1071104K
  class space    used 2870K, capacity 3046K, committed 3068K, reserved 1048576K
2017-06-21T01:28:43.430+0200: 3,740: [GC (Allocation Failure) 2017-06-21T01:28:43.430+0200: 3,740: [ParNew
Desired survivor size 20112992 bytes, new threshold 8 (max 8)
- age   1:     835336 bytes,     835336 total
- age   2:     574640 bytes,    1409976 total
- age   3:    1782200 bytes,    3192176 total
- age   4:      82824 bytes,    3275000 total
- age   6:      94272 bytes,    3369272 total
- age   7:     190352 bytes,    3559624 total
- age   8:     741784 bytes,    4301408 total
: 101484K->6798K(109248K), 0,0261495 secs] 101484K->12858K(502464K), 0,0262151 secs] [Times: user=0,09 sys=0,00, real=0,03 secs] 
Heap after GC invocations=9 (full 1):
 par new generation   total 109248K, used 6798K [0x00000000e0000000, 0x00000000e8000000, 0x00000000e8000000)
  eden space 87424K,   0% used [0x00000000e0000000, 0x00000000e0000000, 0x00000000e5560000)
  from space 21824K,  31% used [0x00000000e6ab0000, 0x00000000e7153a88, 0x00000000e8000000)
  to   space 21824K,   0% used [0x00000000e5560000, 0x00000000e5560000, 0x00000000e6ab0000)
 concurrent mark-sweep generation total 393216K, used 6060K [0x00000000e8000000, 0x0000000100000000, 0x0000000100000000)
 Metaspace       used 24579K, capacity 25030K, committed 25084K, reserved 1071104K
  class space    used 2870K, capacity 3046K, committed 3068K, reserved 1048576K
}
2017-06-21T01:28:43.457+0200: 3,767: Total time for which application threads were stopped: 0,0296804 seconds, Stopping threads took: 0,0033142 seconds
2017-06-21T01:28:43.710+0200: 4,020: Total time for which application threads were stopped: 0,0005091 seconds, Stopping threads took: 0,0000374 seconds
2017-06-21T01:28:43.739+0200: 4,049: Total time for which application threads were stopped: 0,0004154 seconds, Stopping threads took: 0,0000202 seconds
2017-06-21T01:28:43.744+0200: 4,054: Total time for which application threads were stopped: 0,0004585 seconds, Stopping threads took: 0,0000295 seconds
2017-06-21T01:28:43.746+0200: 4,056: Total time for which application threads were stopped: 0,0001254 seconds, Stopping threads took: 0,0000332 seconds
2017-06-21T01:28:43.753+0200: 4,063: Total time for which application threads were stopped: 0,0030639 seconds, Stopping threads took: 0,0029845 seconds
2017-06-21T01:28:43.754+0200: 4,064: Total time for which application threads were stopped: 0,0001695 seconds, Stopping threads took: 0,0000729 seconds
2017-06-21T01:28:43.784+0200: 4,094: Total time for which application threads were stopped: 0,0001471 seconds, Stopping threads took: 0,0000406 seconds
2017-06-21T01:28:43.787+0200: 4,097: Total time for which application threads were stopped: 0,0001340 seconds, Stopping threads took: 0,0000354 seconds
2017-06-21T01:28:43.790+0200: 4,100: Total time for which application threads were stopped: 0,0001312 seconds, Stopping threads took: 0,0000360 seconds
2017-06-21T01:28:43.791+0200: 4,101: Total time for which application threads were stopped: 0,0002367 seconds, Stopping threads took: 0,0001269 seconds
2017-06-21T01:28:43.793+0200: 4,103: Total time for which application threads were stopped: 0,0001496 seconds, Stopping threads took: 0,0000414 seconds
2017-06-21T01:28:43.798+0200: 4,108: Total time for which application threads were stopped: 0,0016394 seconds, Stopping threads took: 0,0015617 seconds
2017-06-21T01:28:43.799+0200: 4,109: Total time for which application threads were stopped: 0,0000949 seconds, Stopping threads took: 0,0000261 seconds
2017-06-21T01:28:43.810+0200: 4,120: Total time for which application threads were stopped: 0,0005012 seconds, Stopping threads took: 0,0000507 seconds
2017-06-21T01:28:43.814+0200: 4,124: Total time for which application threads were stopped: 0,0001410 seconds, Stopping threads took: 0,0000396 seconds
2017-06-21T01:28:43.820+0200: 4,130: Total time for which application threads were stopped: 0,0001626 seconds, Stopping threads took: 0,0000466 seconds
2017-06-21T01:28:43.820+0200: 4,130: Total time for which application threads were stopped: 0,0002282 seconds, Stopping threads took: 0,0001539 seconds
2017-06-21T01:28:43.830+0200: 4,140: Total time for which application threads were stopped: 0,0040103 seconds, Stopping threads took: 0,0039394 seconds
2017-06-21T01:28:43.832+0200: 4,142: Total time for which application threads were stopped: 0,0001108 seconds, Stopping threads took: 0,0000499 seconds
2017-06-21T01:28:43.838+0200: 4,148: Total time for which application threads were stopped: 0,0006658 seconds, Stopping threads took: 0,0005658 seconds
2017-06-21T01:28:43.842+0200: 4,153: Total time for which application threads were stopped: 0,0001338 seconds, Stopping threads took: 0,0000503 seconds
2017-06-21T01:28:43.843+0200: 4,153: Total time for which application threads were stopped: 0,0000607 seconds, Stopping threads took: 0,0000170 seconds
2017-06-21T01:28:43.843+0200: 4,153: Total time for which application threads were stopped: 0,0000661 seconds, Stopping threads took: 0,0000187 seconds
2017-06-21T01:28:43.843+0200: 4,153: Total time for which application threads were stopped: 0,0000593 seconds, Stopping threads took: 0,0000181 seconds
2017-06-21T01:28:43.843+0200: 4,153: Total time for which application threads were stopped: 0,0000554 seconds, Stopping threads took: 0,0000157 seconds
2017-06-21T01:28:43.846+0200: 4,156: Total time for which application threads were stopped: 0,0030658 seconds, Stopping threads took: 0,0029614 seconds
2017-06-21T01:28:43.846+0200: 4,156: Total time for which application threads were stopped: 0,0002110 seconds, Stopping threads took: 0,0000239 seconds
2017-06-21T01:28:43.849+0200: 4,159: Total time for which application threads were stopped: 0,0001526 seconds, Stopping threads took: 0,0000565 seconds
2017-06-21T01:28:43.850+0200: 4,160: Total time for which application threads were stopped: 0,0001383 seconds, Stopping threads took: 0,0000694 seconds
2017-06-21T01:28:43.850+0200: 4,160: Total time for which application threads were stopped: 0,0001140 seconds, Stopping threads took: 0,0000316 seconds
2017-06-21T01:28:43.850+0200: 4,160: Total time for which application threads were stopped: 0,0001159 seconds, Stopping threads took: 0,0000375 seconds
2017-06-21T01:28:43.850+0200: 4,160: Total time for which application threads were stopped: 0,0001653 seconds, Stopping threads took: 0,0000950 seconds
2017-06-21T01:28:43.851+0200: 4,161: Total time for which application threads were stopped: 0,0001926 seconds, Stopping threads took: 0,0001015 seconds
2017-06-21T01:28:43.851+0200: 4,161: Total time for which application threads were stopped: 0,0000908 seconds, Stopping threads took: 0,0000230 seconds
2017-06-21T01:28:43.857+0200: 4,167: Total time for which application threads were stopped: 0,0049604 seconds, Stopping threads took: 0,0048567 seconds
2017-06-21T01:28:43.857+0200: 4,167: Total time for which application threads were stopped: 0,0001322 seconds, Stopping threads took: 0,0000474 seconds
2017-06-21T01:28:43.858+0200: 4,168: Total time for which application threads were stopped: 0,0001195 seconds, Stopping threads took: 0,0000369 seconds
2017-06-21T01:28:43.866+0200: 4,176: Total time for which application threads were stopped: 0,0011485 seconds, Stopping threads took: 0,0010346 seconds
2017-06-21T01:28:43.867+0200: 4,177: Total time for which application threads were stopped: 0,0001067 seconds, Stopping threads took: 0,0000224 seconds
2017-06-21T01:28:43.867+0200: 4,177: Total time for which application threads were stopped: 0,0000789 seconds, Stopping threads took: 0,0000225 seconds
2017-06-21T01:28:43.867+0200: 4,177: Total time for which application threads were stopped: 0,0000793 seconds, Stopping threads took: 0,0000310 seconds
2017-06-21T01:28:43.870+0200: 4,180: Total time for which application threads were stopped: 0,0030568 seconds, Stopping threads took: 0,0029890 seconds
2017-06-21T01:28:43.871+0200: 4,181: Total time for which application threads were stopped: 0,0000976 seconds, Stopping threads took: 0,0000409 seconds
2017-06-21T01:28:43.871+0200: 4,181: Total time for which application threads were stopped: 0,0000703 seconds, Stopping threads took: 0,0000299 seconds
2017-06-21T01:28:43.872+0200: 4,182: Total time for which application threads were stopped: 0,0000867 seconds, Stopping threads took: 0,0000268 seconds
2017-06-21T01:28:43.872+0200: 4,182: Total time for which application threads were stopped: 0,0000732 seconds, Stopping threads took: 0,0000216 seconds
2017-06-21T01:28:43.877+0200: 4,187: Total time for which application threads were stopped: 0,0002839 seconds, Stopping threads took: 0,0002043 seconds
2017-06-21T01:28:43.877+0200: 4,187: Total time for which application threads were stopped: 0,0000677 seconds, Stopping threads took: 0,0000219 seconds
2017-06-21T01:28:43.878+0200: 4,188: Total time for which application threads were stopped: 0,0002197 seconds, Stopping threads took: 0,0000212 seconds
2017-06-21T01:28:43.878+0200: 4,188: Total time for which application threads were stopped: 0,0000694 seconds, Stopping threads took: 0,0000144 seconds
2017-06-21T01:28:43.916+0200: 4,226: Total time for which application threads were stopped: 0,0012319 seconds, Stopping threads took: 0,0011225 seconds
2017-06-21T01:28:43.932+0200: 4,242: Total time for which application threads were stopped: 0,0001766 seconds, Stopping threads took: 0,0000490 seconds
2017-06-21T01:28:43.961+0200: 4,271: Total time for which application threads were stopped: 0,0006798 seconds, Stopping threads took: 0,0000579 seconds
2017-06-21T01:28:43.963+0200: 4,273: Total time for which application threads were stopped: 0,0001575 seconds, Stopping threads took: 0,0000403 seconds
2017-06-21T01:28:44.964+0200: 5,274: Total time for which application threads were stopped: 0,0000788 seconds, Stopping threads took: 0,0000162 seconds
2017-06-21T01:30:36.978+0200: 117,288: Total time for which application threads were stopped: 0,0000901 seconds, Stopping threads took: 0,0000400 seconds
2017-06-21T01:30:41.978+0200: 122,289: Total time for which application threads were stopped: 0,0003032 seconds, Stopping threads took: 0,0000334 seconds
{Heap before GC invocations=9 (full 1):
 par new generation   total 109248K, used 94222K [0x00000000e0000000, 0x00000000e8000000, 0x00000000e8000000)
  eden space 87424K, 100% used [0x00000000e0000000, 0x00000000e5560000, 0x00000000e5560000)
  from space 21824K,  31% used [0x00000000e6ab0000, 0x00000000e7153a88, 0x00000000e8000000)
  to   space 21824K,   0% used [0x00000000e5560000, 0x00000000e5560000, 0x00000000e6ab0000)
 concurrent mark-sweep generation total 393216K, used 6060K [0x00000000e8000000, 0x0000000100000000, 0x0000000100000000)
 Metaspace       used 28021K, capacity 28540K, committed 28796K, reserved 1075200K
  class space    used 3209K, capacity 3383K, committed 3452K, reserved 1048576K
2017-06-21T01:31:35.653+0200: 175,963: [GC (Allocation Failure) 2017-06-21T01:31:35.653+0200: 175,963: [ParNew
Desired survivor size 20112992 bytes, new threshold 8 (max 8)
- age   1:   10910888 bytes,   10910888 total
- age   2:     460176 bytes,   11371064 total
- age   3:     184080 bytes,   11555144 total
- age   4:    1775976 bytes,   13331120 total
- age   5:      80376 bytes,   13411496 total
- age   7:      94048 bytes,   13505544 total
- age   8:     189760 bytes,   13695304 total
: 94222K->14737K(109248K), 0,0165645 secs] 100282K->21606K(502464K), 0,0166367 secs] [Times: user=0,05 sys=0,00, real=0,02 secs] 
Heap after GC invocations=10 (full 1):
 par new generation   total 109248K, used 14737K [0x00000000e0000000, 0x00000000e8000000, 0x00000000e8000000)
  eden space 87424K,   0% used [0x00000000e0000000, 0x00000000e0000000, 0x00000000e5560000)
  from space 21824K,  67% used [0x00000000e5560000, 0x00000000e63c45b0, 0x00000000e6ab0000)
  to   space 21824K,   0% used [0x00000000e6ab0000, 0x00000000e6ab0000, 0x00000000e8000000)
 concurrent mark-sweep generation total 393216K, used 6869K [0x00000000e8000000, 0x0000000100000000, 0x0000000100000000)
 Metaspace       used 28021K, capacity 28540K, committed 28796K, reserved 1075200K
  class space    used 3209K, capacity 3383K, committed 3452K, reserved 1048576K
}
2017-06-21T01:31:35.670+0200: 175,980: Total time for which application threads were stopped: 0,0167879 seconds, Stopping threads took: 0,0000305 seconds
2017-06-21T01:31:35.672+0200: 175,982: Total time for which application threads were stopped: 0,0007968 seconds, Stopping threads took: 0,0000549 seconds
2017-06-21T01:31:35.672+0200: 175,982: Total time for which application threads were stopped: 0,0002883 seconds, Stopping threads took: 0,0000907 seconds
2017-06-21T01:31:40.673+0200: 180,983: Total time for which application threads were stopped: 0,0005356 seconds, Stopping threads took: 0,0001443 seconds
2017-06-21T01:31:45.674+0200: 185,984: Total time for which application threads were stopped: 0,0002657 seconds, Stopping threads took: 0,0000783 seconds
2017-06-21T01:52:10.815+0200: 1411,125: Total time for which application threads were stopped: 0,0000801 seconds, Stopping threads took: 0,0000308 seconds
2017-06-21T01:57:00.851+0200: 1701,161: Total time for which application threads were stopped: 0,0000924 seconds, Stopping threads took: 0,0000361 seconds
2017-06-21T02:07:00.924+0200: 2301,234: Total time for which application threads were stopped: 0,0000879 seconds, Stopping threads took: 0,0000336 seconds
2017-06-21T02:07:01.924+0200: 2302,234: Total time for which application threads were stopped: 0,0000632 seconds, Stopping threads took: 0,0000139 seconds
2017-06-21T02:07:29.901+0200: 2330,211: Total time for which application threads were stopped: 0,0149476 seconds, Stopping threads took: 0,0148542 seconds
2017-06-21T02:07:29.902+0200: 2330,213: Total time for which application threads were stopped: 0,0001291 seconds, Stopping threads took: 0,0000515 seconds
2017-06-21T02:07:29.952+0200: 2330,262: Total time for which application threads were stopped: 0,0001121 seconds, Stopping threads took: 0,0000274 seconds
2017-06-21T02:07:29.952+0200: 2330,262: Total time for which application threads were stopped: 0,0000518 seconds, Stopping threads took: 0,0000123 seconds
2017-06-21T02:07:29.952+0200: 2330,262: Total time for which application threads were stopped: 0,0000490 seconds, Stopping threads took: 0,0000125 seconds
2017-06-21T02:07:29.964+0200: 2330,274: Total time for which application threads were stopped: 0,0001276 seconds, Stopping threads took: 0,0000319 seconds
2017-06-21T02:07:29.964+0200: 2330,274: Total time for which application threads were stopped: 0,0000834 seconds, Stopping threads took: 0,0000236 seconds
2017-06-21T02:07:29.964+0200: 2330,274: Total time for which application threads were stopped: 0,0000530 seconds, Stopping threads took: 0,0000153 seconds
2017-06-21T02:07:29.965+0200: 2330,275: Total time for which application threads were stopped: 0,0000477 seconds, Stopping threads took: 0,0000142 seconds
2017-06-21T02:07:29.965+0200: 2330,275: Total time for which application threads were stopped: 0,0000470 seconds, Stopping threads took: 0,0000144 seconds
2017-06-21T02:07:29.965+0200: 2330,275: Total time for which application threads were stopped: 0,0000479 seconds, Stopping threads took: 0,0000136 seconds
2017-06-21T02:07:29.965+0200: 2330,275: Total time for which application threads were stopped: 0,0000425 seconds, Stopping threads took: 0,0000071 seconds
2017-06-21T02:07:29.965+0200: 2330,275: Total time for which application threads were stopped: 0,0000418 seconds, Stopping threads took: 0,0000111 seconds
2017-06-21T02:07:29.965+0200: 2330,275: Total time for which application threads were stopped: 0,0000435 seconds, Stopping threads took: 0,0000154 seconds
2017-06-21T02:07:29.965+0200: 2330,275: Total time for which application threads were stopped: 0,0000626 seconds, Stopping threads took: 0,0000203 seconds
2017-06-21T02:07:29.967+0200: 2330,277: Total time for which application threads were stopped: 0,0000904 seconds, Stopping threads took: 0,0000253 seconds
2017-06-21T02:07:29.974+0200: 2330,284: Total time for which application threads were stopped: 0,0047113 seconds, Stopping threads took: 0,0046216 seconds
2017-06-21T02:07:29.983+0200: 2330,293: Total time for which application threads were stopped: 0,0002747 seconds, Stopping threads took: 0,0002056 seconds
2017-06-21T02:07:29.984+0200: 2330,294: Total time for which application threads were stopped: 0,0001262 seconds, Stopping threads took: 0,0000545 seconds
2017-06-21T02:07:29.984+0200: 2330,294: Total time for which application threads were stopped: 0,0000580 seconds, Stopping threads took: 0,0000170 seconds
2017-06-21T02:07:29.985+0200: 2330,295: Total time for which application threads were stopped: 0,0000944 seconds, Stopping threads took: 0,0000299 seconds
2017-06-21T02:07:29.985+0200: 2330,295: Total time for which application threads were stopped: 0,0000668 seconds, Stopping threads took: 0,0000195 seconds
2017-06-21T02:07:29.985+0200: 2330,295: Total time for which application threads were stopped: 0,0000558 seconds, Stopping threads took: 0,0000167 seconds
2017-06-21T02:07:29.986+0200: 2330,296: Total time for which application threads were stopped: 0,0000635 seconds, Stopping threads took: 0,0000187 seconds
2017-06-21T02:07:29.986+0200: 2330,296: Total time for which application threads were stopped: 0,0000551 seconds, Stopping threads took: 0,0000160 seconds
2017-06-21T02:07:29.986+0200: 2330,296: Total time for which application threads were stopped: 0,0000543 seconds, Stopping threads took: 0,0000151 seconds
2017-06-21T02:07:29.986+0200: 2330,296: Total time for which application threads were stopped: 0,0000668 seconds, Stopping threads took: 0,0000209 seconds
2017-06-21T02:07:29.986+0200: 2330,296: Total time for which application threads were stopped: 0,0000875 seconds, Stopping threads took: 0,0000209 seconds
2017-06-21T02:07:29.986+0200: 2330,297: Total time for which application threads were stopped: 0,0000499 seconds, Stopping threads took: 0,0000143 seconds
2017-06-21T02:07:29.987+0200: 2330,297: Total time for which application threads were stopped: 0,0000689 seconds, Stopping threads took: 0,0000224 seconds
2017-06-21T02:07:29.987+0200: 2330,297: Total time for which application threads were stopped: 0,0000579 seconds, Stopping threads took: 0,0000164 seconds
2017-06-21T02:07:29.987+0200: 2330,297: Total time for which application threads were stopped: 0,0000623 seconds, Stopping threads took: 0,0000172 seconds
2017-06-21T02:07:29.988+0200: 2330,298: Total time for which application threads were stopped: 0,0000836 seconds, Stopping threads took: 0,0000265 seconds
2017-06-21T02:07:29.989+0200: 2330,299: Total time for which application threads were stopped: 0,0001345 seconds, Stopping threads took: 0,0000334 seconds
2017-06-21T02:07:29.989+0200: 2330,299: Total time for which application threads were stopped: 0,0000641 seconds, Stopping threads took: 0,0000135 seconds
2017-06-21T02:07:29.989+0200: 2330,299: Total time for which application threads were stopped: 0,0001838 seconds, Stopping threads took: 0,0000179 seconds
2017-06-21T02:07:29.991+0200: 2330,301: Total time for which application threads were stopped: 0,0000804 seconds, Stopping threads took: 0,0000231 seconds
2017-06-21T02:07:29.991+0200: 2330,301: Total time for which application threads were stopped: 0,0001227 seconds, Stopping threads took: 0,0000223 seconds
Heap
 par new generation   total 109248K, used 35640K [0x00000000e0000000, 0x00000000e8000000, 0x00000000e8000000)
  eden space 87424K,  23% used [0x00000000e0000000, 0x00000000e1469bb0, 0x00000000e5560000)
  from space 21824K,  67% used [0x00000000e5560000, 0x00000000e63c45b0, 0x00000000e6ab0000)
  to   space 21824K,   0% used [0x00000000e6ab0000, 0x00000000e6ab0000, 0x00000000e8000000)
 concurrent mark-sweep generation total 393216K, used 6869K [0x00000000e8000000, 0x0000000100000000, 0x0000000100000000)
 Metaspace       used 28135K, capacity 28648K, committed 28796K, reserved 1075200K
  class space    used 3223K, capacity 3417K, committed 3452K, reserved 1048576K
