OpenJDK 64-Bit Server VM (25.111-b14) for linux-amd64 JRE (1.8.0_111-8u111-b14-2ubuntu0.16.04.2-b14), built on Oct 27 2016 18:10:19 by "buildd" with gcc 5.4.0 20160609
Memory: 4k page, physical 7867804k(7456652k free), swap 8076284k(8076284k free)
CommandLine flags: -XX:CMSInitiatingOccupancyFraction=50 -XX:CMSMaxAbortablePrecleanTime=6000 -XX:+CMSParallelRemarkEnabled -XX:+CMSScavengeBeforeRemark -XX:ConcGCThreads=4 -XX:InitialHeapSize=536870912 -XX:MaxHeapSize=536870912 -XX:MaxTenuringThreshold=8 -XX:NewRatio=3 -XX:OldPLABSize=16 -XX:OnOutOfMemoryError=/opt/solr/bin/oom_solr.sh 8983 /var/solr/logs -XX:ParallelGCThreads=4 -XX:+ParallelRefProcEnabled -XX:PretenureSizeThreshold=67108864 -XX:+PrintGC -XX:+PrintGCApplicationStoppedTime -XX:+PrintGCDateStamps -XX:+PrintGCDetails -XX:+PrintGCTimeStamps -XX:+PrintHeapAtGC -XX:+PrintTenuringDistribution -XX:SurvivorRatio=4 -XX:TargetSurvivorRatio=90 -XX:ThreadStackSize=256 -XX:+UseCMSInitiatingOccupancyOnly -XX:+UseCompressedClassPointers -XX:+UseCompressedOops -XX:+UseConcMarkSweepGC -XX:+UseParNewGC 
2016-12-23T23:48:35.749+0100: 0,148: Total time for which application threads were stopped: 0,0000872 seconds, Stopping threads took: 0,0000153 seconds
2016-12-23T23:48:35.853+0100: 0,252: Total time for which application threads were stopped: 0,0001872 seconds, Stopping threads took: 0,0000098 seconds
2016-12-23T23:48:35.869+0100: 0,268: Total time for which application threads were stopped: 0,0000781 seconds, Stopping threads took: 0,0000120 seconds
2016-12-23T23:48:36.073+0100: 0,472: Total time for which application threads were stopped: 0,0001500 seconds, Stopping threads took: 0,0000179 seconds
2016-12-23T23:48:36.737+0100: 1,136: Total time for which application threads were stopped: 0,0001990 seconds, Stopping threads took: 0,0000289 seconds
2016-12-23T23:48:36.938+0100: 1,336: Total time for which application threads were stopped: 0,0001495 seconds, Stopping threads took: 0,0000128 seconds
2016-12-23T23:48:36.975+0100: 1,374: Total time for which application threads were stopped: 0,0008648 seconds, Stopping threads took: 0,0006720 seconds
2016-12-23T23:48:37.446+0100: 1,845: Total time for which application threads were stopped: 0,0002300 seconds, Stopping threads took: 0,0000368 seconds
2016-12-23T23:48:38.120+0100: 2,519: Total time for which application threads were stopped: 0,0009283 seconds, Stopping threads took: 0,0000827 seconds
2016-12-23T23:48:38.205+0100: 2,604: Total time for which application threads were stopped: 0,0010062 seconds, Stopping threads took: 0,0001416 seconds
2016-12-23T23:48:38.210+0100: 2,608: Total time for which application threads were stopped: 0,0010916 seconds, Stopping threads took: 0,0001743 seconds
2016-12-23T23:48:38.249+0100: 2,648: Total time for which application threads were stopped: 0,0003762 seconds, Stopping threads took: 0,0001041 seconds
2016-12-23T23:48:38.374+0100: 2,773: Total time for which application threads were stopped: 0,0002242 seconds, Stopping threads took: 0,0000324 seconds
2016-12-23T23:48:38.556+0100: 2,955: Total time for which application threads were stopped: 0,0003343 seconds, Stopping threads took: 0,0001228 seconds
{Heap before GC invocations=0 (full 0):
 par new generation   total 109248K, used 87424K [0x00000000e0000000, 0x00000000e8000000, 0x00000000e8000000)
  eden space 87424K, 100% used [0x00000000e0000000, 0x00000000e5560000, 0x00000000e5560000)
  from space 21824K,   0% used [0x00000000e5560000, 0x00000000e5560000, 0x00000000e6ab0000)
  to   space 21824K,   0% used [0x00000000e6ab0000, 0x00000000e6ab0000, 0x00000000e8000000)
 concurrent mark-sweep generation total 393216K, used 0K [0x00000000e8000000, 0x0000000100000000, 0x0000000100000000)
 Metaspace       used 18339K, capacity 18682K, committed 18944K, reserved 1067008K
  class space    used 2090K, capacity 2226K, committed 2304K, reserved 1048576K
2016-12-23T23:48:38.696+0100: 3,095: [GC (Allocation Failure) 2016-12-23T23:48:38.696+0100: 3,095: [ParNew
Desired survivor size 20112992 bytes, new threshold 8 (max 8)
- age   1:   12575296 bytes,   12575296 total
: 87424K->12391K(109248K), 0,0220340 secs] 87424K->12391K(502464K), 0,0221339 secs] [Times: user=0,06 sys=0,00, real=0,02 secs] 
Heap after GC invocations=1 (full 0):
 par new generation   total 109248K, used 12391K [0x00000000e0000000, 0x00000000e8000000, 0x00000000e8000000)
  eden space 87424K,   0% used [0x00000000e0000000, 0x00000000e0000000, 0x00000000e5560000)
  from space 21824K,  56% used [0x00000000e6ab0000, 0x00000000e76c9fd0, 0x00000000e8000000)
  to   space 21824K,   0% used [0x00000000e5560000, 0x00000000e5560000, 0x00000000e6ab0000)
 concurrent mark-sweep generation total 393216K, used 0K [0x00000000e8000000, 0x0000000100000000, 0x0000000100000000)
 Metaspace       used 18339K, capacity 18682K, committed 18944K, reserved 1067008K
  class space    used 2090K, capacity 2226K, committed 2304K, reserved 1048576K
}
2016-12-23T23:48:38.718+0100: 3,117: Total time for which application threads were stopped: 0,0223426 seconds, Stopping threads took: 0,0000273 seconds
2016-12-23T23:48:38.906+0100: 3,305: Total time for which application threads were stopped: 0,0003131 seconds, Stopping threads took: 0,0000306 seconds
2016-12-23T23:48:38.957+0100: 3,356: Total time for which application threads were stopped: 0,0003764 seconds, Stopping threads took: 0,0000532 seconds
2016-12-23T23:48:39.000+0100: 3,399: Total time for which application threads were stopped: 0,0002873 seconds, Stopping threads took: 0,0000215 seconds
{Heap before GC invocations=1 (full 0):
 par new generation   total 109248K, used 99815K [0x00000000e0000000, 0x00000000e8000000, 0x00000000e8000000)
  eden space 87424K, 100% used [0x00000000e0000000, 0x00000000e5560000, 0x00000000e5560000)
  from space 21824K,  56% used [0x00000000e6ab0000, 0x00000000e76c9fd0, 0x00000000e8000000)
  to   space 21824K,   0% used [0x00000000e5560000, 0x00000000e5560000, 0x00000000e6ab0000)
 concurrent mark-sweep generation total 393216K, used 0K [0x00000000e8000000, 0x0000000100000000, 0x0000000100000000)
 Metaspace       used 20706K, capacity 21016K, committed 21248K, reserved 1069056K
  class space    used 2404K, capacity 2518K, committed 2560K, reserved 1048576K
2016-12-23T23:48:39.214+0100: 3,613: [GC (Allocation Failure) 2016-12-23T23:48:39.214+0100: 3,613: [ParNew
Desired survivor size 20112992 bytes, new threshold 8 (max 8)
- age   1:    2717048 bytes,    2717048 total
- age   2:    6137344 bytes,    8854392 total
: 99815K->11412K(109248K), 0,0486856 secs] 99815K->11412K(502464K), 0,0487547 secs] [Times: user=0,11 sys=0,00, real=0,05 secs] 
Heap after GC invocations=2 (full 0):
 par new generation   total 109248K, used 11412K [0x00000000e0000000, 0x00000000e8000000, 0x00000000e8000000)
  eden space 87424K,   0% used [0x00000000e0000000, 0x00000000e0000000, 0x00000000e5560000)
  from space 21824K,  52% used [0x00000000e5560000, 0x00000000e6085330, 0x00000000e6ab0000)
  to   space 21824K,   0% used [0x00000000e6ab0000, 0x00000000e6ab0000, 0x00000000e8000000)
 concurrent mark-sweep generation total 393216K, used 0K [0x00000000e8000000, 0x0000000100000000, 0x0000000100000000)
 Metaspace       used 20706K, capacity 21016K, committed 21248K, reserved 1069056K
  class space    used 2404K, capacity 2518K, committed 2560K, reserved 1048576K
}
2016-12-23T23:48:39.263+0100: 3,662: Total time for which application threads were stopped: 0,0489495 seconds, Stopping threads took: 0,0000197 seconds
2016-12-23T23:48:39.326+0100: 3,725: Total time for which application threads were stopped: 0,0000860 seconds, Stopping threads took: 0,0000223 seconds
2016-12-23T23:48:39.378+0100: 3,777: Total time for which application threads were stopped: 0,0002965 seconds, Stopping threads took: 0,0000250 seconds
2016-12-23T23:48:39.386+0100: 3,785: Total time for which application threads were stopped: 0,0000971 seconds, Stopping threads took: 0,0000249 seconds
2016-12-23T23:48:39.423+0100: 3,822: Total time for which application threads were stopped: 0,0000857 seconds, Stopping threads took: 0,0000177 seconds
2016-12-23T23:48:39.523+0100: 3,922: Total time for which application threads were stopped: 0,0030974 seconds, Stopping threads took: 0,0029736 seconds
2016-12-23T23:48:39.549+0100: 3,948: Total time for which application threads were stopped: 0,0001004 seconds, Stopping threads took: 0,0000299 seconds
2016-12-23T23:48:39.558+0100: 3,957: Total time for which application threads were stopped: 0,0003585 seconds, Stopping threads took: 0,0000320 seconds
2016-12-23T23:48:39.568+0100: 3,967: Total time for which application threads were stopped: 0,0003484 seconds, Stopping threads took: 0,0000293 seconds
2016-12-23T23:48:39.579+0100: 3,978: Total time for which application threads were stopped: 0,0018183 seconds, Stopping threads took: 0,0017603 seconds
2016-12-23T23:48:39.618+0100: 4,017: Total time for which application threads were stopped: 0,0000915 seconds, Stopping threads took: 0,0000240 seconds
2016-12-23T23:48:39.634+0100: 4,033: Total time for which application threads were stopped: 0,0000794 seconds, Stopping threads took: 0,0000154 seconds
2016-12-23T23:48:39.662+0100: 4,060: Total time for which application threads were stopped: 0,0000908 seconds, Stopping threads took: 0,0000218 seconds
2016-12-23T23:48:39.665+0100: 4,063: Total time for which application threads were stopped: 0,0003463 seconds, Stopping threads took: 0,0000926 seconds
2016-12-23T23:48:39.693+0100: 4,092: Total time for which application threads were stopped: 0,0000804 seconds, Stopping threads took: 0,0000159 seconds
2016-12-23T23:48:39.722+0100: 4,121: Total time for which application threads were stopped: 0,0001082 seconds, Stopping threads took: 0,0000198 seconds
2016-12-23T23:48:39.792+0100: 4,190: Total time for which application threads were stopped: 0,0001046 seconds, Stopping threads took: 0,0000337 seconds
2016-12-23T23:48:39.824+0100: 4,223: Total time for which application threads were stopped: 0,0001517 seconds, Stopping threads took: 0,0000250 seconds
2016-12-23T23:48:39.837+0100: 4,235: Total time for which application threads were stopped: 0,0001637 seconds, Stopping threads took: 0,0000631 seconds
2016-12-23T23:48:39.889+0100: 4,288: Total time for which application threads were stopped: 0,0001272 seconds, Stopping threads took: 0,0000294 seconds
{Heap before GC invocations=2 (full 0):
 par new generation   total 109248K, used 98836K [0x00000000e0000000, 0x00000000e8000000, 0x00000000e8000000)
  eden space 87424K, 100% used [0x00000000e0000000, 0x00000000e5560000, 0x00000000e5560000)
  from space 21824K,  52% used [0x00000000e5560000, 0x00000000e6085330, 0x00000000e6ab0000)
  to   space 21824K,   0% used [0x00000000e6ab0000, 0x00000000e6ab0000, 0x00000000e8000000)
 concurrent mark-sweep generation total 393216K, used 0K [0x00000000e8000000, 0x0000000100000000, 0x0000000100000000)
 Metaspace       used 25088K, capacity 25572K, committed 25868K, reserved 1073152K
  class space    used 2922K, capacity 3057K, committed 3092K, reserved 1048576K
2016-12-23T23:48:39.892+0100: 4,291: [GC (Allocation Failure) 2016-12-23T23:48:39.892+0100: 4,291: [ParNew
Desired survivor size 20112992 bytes, new threshold 8 (max 8)
- age   1:    6923264 bytes,    6923264 total
- age   2:     516744 bytes,    7440008 total
- age   3:    6129880 bytes,   13569888 total
: 98836K->16720K(109248K), 0,0295487 secs] 98836K->16720K(502464K), 0,0296288 secs] [Times: user=0,06 sys=0,00, real=0,03 secs] 
Heap after GC invocations=3 (full 0):
 par new generation   total 109248K, used 16720K [0x00000000e0000000, 0x00000000e8000000, 0x00000000e8000000)
  eden space 87424K,   0% used [0x00000000e0000000, 0x00000000e0000000, 0x00000000e5560000)
  from space 21824K,  76% used [0x00000000e6ab0000, 0x00000000e7b040f0, 0x00000000e8000000)
  to   space 21824K,   0% used [0x00000000e5560000, 0x00000000e5560000, 0x00000000e6ab0000)
 concurrent mark-sweep generation total 393216K, used 0K [0x00000000e8000000, 0x0000000100000000, 0x0000000100000000)
 Metaspace       used 25088K, capacity 25572K, committed 25868K, reserved 1073152K
  class space    used 2922K, capacity 3057K, committed 3092K, reserved 1048576K
}
2016-12-23T23:48:39.922+0100: 4,321: Total time for which application threads were stopped: 0,0298685 seconds, Stopping threads took: 0,0000435 seconds
2016-12-23T23:48:39.927+0100: 4,326: [GC (CMS Initial Mark) [1 CMS-initial-mark: 0K(393216K)] 18115K(502464K), 0,0044646 secs] [Times: user=0,01 sys=0,00, real=0,00 secs] 
2016-12-23T23:48:39.931+0100: 4,330: Total time for which application threads were stopped: 0,0086043 seconds, Stopping threads took: 0,0040273 seconds
2016-12-23T23:48:39.931+0100: 4,330: [CMS-concurrent-mark-start]
2016-12-23T23:48:39.936+0100: 4,335: [CMS-concurrent-mark: 0,005/0,005 secs] [Times: user=0,02 sys=0,00, real=0,00 secs] 
2016-12-23T23:48:39.936+0100: 4,335: [CMS-concurrent-preclean-start]
2016-12-23T23:48:39.938+0100: 4,337: [CMS-concurrent-preclean: 0,001/0,001 secs] [Times: user=0,00 sys=0,00, real=0,00 secs] 
2016-12-23T23:48:39.938+0100: 4,337: [GC (CMS Final Remark) [YG occupancy: 18115 K (109248 K)]{Heap before GC invocations=3 (full 1):
 par new generation   total 109248K, used 18115K [0x00000000e0000000, 0x00000000e8000000, 0x00000000e8000000)
  eden space 87424K,   1% used [0x00000000e0000000, 0x00000000e015cf08, 0x00000000e5560000)
  from space 21824K,  76% used [0x00000000e6ab0000, 0x00000000e7b040f0, 0x00000000e8000000)
  to   space 21824K,   0% used [0x00000000e5560000, 0x00000000e5560000, 0x00000000e6ab0000)
 concurrent mark-sweep generation total 393216K, used 0K [0x00000000e8000000, 0x0000000100000000, 0x0000000100000000)
 Metaspace       used 25130K, capacity 25572K, committed 25868K, reserved 1073152K
  class space    used 2926K, capacity 3057K, committed 3092K, reserved 1048576K
2016-12-23T23:48:39.938+0100: 4,337: [GC (CMS Final Remark) 2016-12-23T23:48:39.938+0100: 4,337: [ParNew
Desired survivor size 20112992 bytes, new threshold 8 (max 8)
- age   1:      29704 bytes,      29704 total
- age   2:    3171400 bytes,    3201104 total
- age   3:     516744 bytes,    3717848 total
- age   4:    6128400 bytes,    9846248 total
: 18115K->16837K(109248K), 0,0248186 secs] 18115K->16837K(502464K), 0,0248984 secs] [Times: user=0,06 sys=0,00, real=0,03 secs] 
Heap after GC invocations=4 (full 1):
 par new generation   total 109248K, used 16837K [0x00000000e0000000, 0x00000000e8000000, 0x00000000e8000000)
  eden space 87424K,   0% used [0x00000000e0000000, 0x00000000e0000000, 0x00000000e5560000)
  from space 21824K,  77% used [0x00000000e5560000, 0x00000000e65d1690, 0x00000000e6ab0000)
  to   space 21824K,   0% used [0x00000000e6ab0000, 0x00000000e6ab0000, 0x00000000e8000000)
 concurrent mark-sweep generation total 393216K, used 0K [0x00000000e8000000, 0x0000000100000000, 0x0000000100000000)
 Metaspace       used 25130K, capacity 25572K, committed 25868K, reserved 1073152K
  class space    used 2926K, capacity 3057K, committed 3092K, reserved 1048576K
}
2016-12-23T23:48:39.963+0100: 4,362: [Rescan (parallel) , 0,0200697 secs]2016-12-23T23:48:39.983+0100: 4,382: [weak refs processing, 0,0020823 secs]2016-12-23T23:48:39.985+0100: 4,384: [class unloading, 0,0042353 secs]2016-12-23T23:48:39.990+0100: 4,389: [scrub symbol table, 0,0051813 secs]2016-12-23T23:48:39.995+0100: 4,394: [scrub string table, 0,0005081 secs][1 CMS-remark: 0K(393216K)] 16837K(502464K), 0,0580571 secs] [Times: user=0,10 sys=0,00, real=0,06 secs] 
2016-12-23T23:48:39.996+0100: 4,395: Total time for which application threads were stopped: 0,0582035 seconds, Stopping threads took: 0,0000480 seconds
2016-12-23T23:48:40.000+0100: 4,398: [CMS-concurrent-sweep-start]
2016-12-23T23:48:40.000+0100: 4,398: [CMS-concurrent-sweep: 0,000/0,000 secs] [Times: user=0,00 sys=0,00, real=0,00 secs] 
2016-12-23T23:48:40.000+0100: 4,399: [CMS-concurrent-reset-start]
2016-12-23T23:48:40.001+0100: 4,400: [CMS-concurrent-reset: 0,001/0,001 secs] [Times: user=0,00 sys=0,00, real=0,00 secs] 
2016-12-23T23:48:40.077+0100: 4,476: Total time for which application threads were stopped: 0,0004120 seconds, Stopping threads took: 0,0000252 seconds
2016-12-23T23:48:40.169+0100: 4,568: Total time for which application threads were stopped: 0,0001227 seconds, Stopping threads took: 0,0000360 seconds
2016-12-23T23:48:40.174+0100: 4,573: Total time for which application threads were stopped: 0,0001197 seconds, Stopping threads took: 0,0000536 seconds
2016-12-23T23:48:40.186+0100: 4,585: Total time for which application threads were stopped: 0,0000956 seconds, Stopping threads took: 0,0000323 seconds
2016-12-23T23:48:40.232+0100: 4,630: Total time for which application threads were stopped: 0,0000750 seconds, Stopping threads took: 0,0000244 seconds
2016-12-23T23:51:19.256+0100: 163,654: Total time for which application threads were stopped: 0,0000816 seconds, Stopping threads took: 0,0000365 seconds
2016-12-23T23:51:24.256+0100: 168,655: Total time for which application threads were stopped: 0,0000678 seconds, Stopping threads took: 0,0000197 seconds
2016-12-23T23:51:27.257+0100: 171,656: Total time for which application threads were stopped: 0,0000766 seconds, Stopping threads took: 0,0000182 seconds
2016-12-23T23:51:37.258+0100: 181,657: Total time for which application threads were stopped: 0,0000581 seconds, Stopping threads took: 0,0000161 seconds
2016-12-23T23:52:18.822+0100: 223,662: Total time for which application threads were stopped: 0,0000906 seconds, Stopping threads took: 0,0000313 seconds
2016-12-23T23:53:06.827+0100: 271,667: Total time for which application threads were stopped: 0,0000748 seconds, Stopping threads took: 0,0000326 seconds
2016-12-23T23:53:23.830+0100: 288,670: Total time for which application threads were stopped: 0,0002860 seconds, Stopping threads took: 0,0000462 seconds
2016-12-23T23:56:07.851+0100: 452,691: Total time for which application threads were stopped: 0,0000708 seconds, Stopping threads took: 0,0000306 seconds
2016-12-23T23:58:38.774+0100: 603,614: Total time for which application threads were stopped: 0,0000915 seconds, Stopping threads took: 0,0000258 seconds
2016-12-23T23:58:38.776+0100: 603,616: Total time for which application threads were stopped: 0,0000740 seconds, Stopping threads took: 0,0000214 seconds
2016-12-23T23:58:38.776+0100: 603,617: Total time for which application threads were stopped: 0,0000813 seconds, Stopping threads took: 0,0000245 seconds
2016-12-23T23:58:38.777+0100: 603,617: Total time for which application threads were stopped: 0,0000452 seconds, Stopping threads took: 0,0000145 seconds
2016-12-23T23:58:38.777+0100: 603,617: Total time for which application threads were stopped: 0,0000474 seconds, Stopping threads took: 0,0000146 seconds
2016-12-23T23:58:38.777+0100: 603,617: Total time for which application threads were stopped: 0,0000484 seconds, Stopping threads took: 0,0000166 seconds
2016-12-23T23:58:38.778+0100: 603,618: Total time for which application threads were stopped: 0,0010408 seconds, Stopping threads took: 0,0000125 seconds
2016-12-23T23:58:38.778+0100: 603,618: Total time for which application threads were stopped: 0,0000536 seconds, Stopping threads took: 0,0000167 seconds
2016-12-23T23:58:38.778+0100: 603,619: Total time for which application threads were stopped: 0,0001098 seconds, Stopping threads took: 0,0000776 seconds
2016-12-23T23:58:38.778+0100: 603,619: Total time for which application threads were stopped: 0,0000398 seconds, Stopping threads took: 0,0000122 seconds
2016-12-23T23:58:38.779+0100: 603,619: Total time for which application threads were stopped: 0,0001608 seconds, Stopping threads took: 0,0000128 seconds
2016-12-23T23:58:38.779+0100: 603,619: Total time for which application threads were stopped: 0,0000417 seconds, Stopping threads took: 0,0000136 seconds
2016-12-23T23:58:38.779+0100: 603,619: Total time for which application threads were stopped: 0,0000410 seconds, Stopping threads took: 0,0000140 seconds
2016-12-23T23:58:38.812+0100: 603,653: Total time for which application threads were stopped: 0,0000910 seconds, Stopping threads took: 0,0000279 seconds
2016-12-23T23:58:38.812+0100: 603,653: Total time for which application threads were stopped: 0,0000481 seconds, Stopping threads took: 0,0000149 seconds
2016-12-23T23:58:38.813+0100: 603,653: Total time for which application threads were stopped: 0,0000426 seconds, Stopping threads took: 0,0000148 seconds
2016-12-23T23:58:38.813+0100: 603,653: Total time for which application threads were stopped: 0,0000392 seconds, Stopping threads took: 0,0000122 seconds
2016-12-23T23:58:38.825+0100: 603,665: Total time for which application threads were stopped: 0,0000802 seconds, Stopping threads took: 0,0000198 seconds
2016-12-23T23:58:38.825+0100: 603,665: Total time for which application threads were stopped: 0,0000505 seconds, Stopping threads took: 0,0000166 seconds
2016-12-23T23:58:38.845+0100: 603,685: Total time for which application threads were stopped: 0,0000807 seconds, Stopping threads took: 0,0000210 seconds
2016-12-23T23:58:38.847+0100: 603,688: Total time for which application threads were stopped: 0,0000816 seconds, Stopping threads took: 0,0000257 seconds
2016-12-23T23:58:38.848+0100: 603,689: Total time for which application threads were stopped: 0,0000745 seconds, Stopping threads took: 0,0000185 seconds
2016-12-23T23:58:38.849+0100: 603,689: Total time for which application threads were stopped: 0,0000834 seconds, Stopping threads took: 0,0000204 seconds
2016-12-23T23:58:38.849+0100: 603,689: Total time for which application threads were stopped: 0,0000432 seconds, Stopping threads took: 0,0000100 seconds
2016-12-23T23:58:38.850+0100: 603,690: Total time for which application threads were stopped: 0,0000656 seconds, Stopping threads took: 0,0000186 seconds
2016-12-23T23:58:38.850+0100: 603,690: Total time for which application threads were stopped: 0,0000492 seconds, Stopping threads took: 0,0000107 seconds
2016-12-23T23:58:38.850+0100: 603,690: Total time for which application threads were stopped: 0,0000523 seconds, Stopping threads took: 0,0000112 seconds
2016-12-23T23:58:38.851+0100: 603,691: Total time for which application threads were stopped: 0,0000910 seconds, Stopping threads took: 0,0000272 seconds
2016-12-23T23:58:38.852+0100: 603,692: Total time for which application threads were stopped: 0,0000678 seconds, Stopping threads took: 0,0000165 seconds
2016-12-23T23:58:38.852+0100: 603,692: Total time for which application threads were stopped: 0,0000374 seconds, Stopping threads took: 0,0000083 seconds
2016-12-23T23:58:38.852+0100: 603,693: Total time for which application threads were stopped: 0,0000651 seconds, Stopping threads took: 0,0000150 seconds
2016-12-23T23:58:38.852+0100: 603,693: Total time for which application threads were stopped: 0,0001152 seconds, Stopping threads took: 0,0000789 seconds
2016-12-23T23:58:38.853+0100: 603,693: Total time for which application threads were stopped: 0,0005315 seconds, Stopping threads took: 0,0004675 seconds
2016-12-23T23:58:38.853+0100: 603,694: Total time for which application threads were stopped: 0,0001381 seconds, Stopping threads took: 0,0000946 seconds
2016-12-23T23:58:38.854+0100: 603,694: Total time for which application threads were stopped: 0,0003145 seconds, Stopping threads took: 0,0002696 seconds
2016-12-23T23:58:38.855+0100: 603,695: Total time for which application threads were stopped: 0,0001000 seconds, Stopping threads took: 0,0000352 seconds
2016-12-23T23:58:38.856+0100: 603,696: Total time for which application threads were stopped: 0,0000979 seconds, Stopping threads took: 0,0000429 seconds
2016-12-23T23:58:38.856+0100: 603,696: Total time for which application threads were stopped: 0,0000576 seconds, Stopping threads took: 0,0000197 seconds
2016-12-23T23:58:38.856+0100: 603,696: Total time for which application threads were stopped: 0,0000311 seconds, Stopping threads took: 0,0000049 seconds
2016-12-23T23:58:38.856+0100: 603,696: Total time for which application threads were stopped: 0,0000322 seconds, Stopping threads took: 0,0000057 seconds
2016-12-23T23:58:38.856+0100: 603,696: Total time for which application threads were stopped: 0,0000318 seconds, Stopping threads took: 0,0000055 seconds
2016-12-23T23:58:38.856+0100: 603,696: Total time for which application threads were stopped: 0,0000316 seconds, Stopping threads took: 0,0000052 seconds
2016-12-23T23:58:38.858+0100: 603,698: Total time for which application threads were stopped: 0,0001188 seconds, Stopping threads took: 0,0000332 seconds
Heap
 par new generation   total 109248K, used 60635K [0x00000000e0000000, 0x00000000e8000000, 0x00000000e8000000)
  eden space 87424K,  50% used [0x00000000e0000000, 0x00000000e2ac57e8, 0x00000000e5560000)
  from space 21824K,  77% used [0x00000000e5560000, 0x00000000e65d1690, 0x00000000e6ab0000)
  to   space 21824K,   0% used [0x00000000e6ab0000, 0x00000000e6ab0000, 0x00000000e8000000)
 concurrent mark-sweep generation total 393216K, used 0K [0x00000000e8000000, 0x0000000100000000, 0x0000000100000000)
 Metaspace       used 27203K, capacity 27664K, committed 27916K, reserved 1073152K
  class space    used 3167K, capacity 3321K, committed 3348K, reserved 1048576K
