OpenJDK 64-Bit Server VM (25.121-b13) for linux-amd64 JRE (1.8.0_121-8u121-b13-0ubuntu1.16.04.2-b13), built on Jan 23 2017 15:51:29 by "buildd" with gcc 5.4.0 20160609
Memory: 4k page, physical 7867760k(7436224k free), swap 8076284k(8076284k free)
CommandLine flags: -XX:CMSInitiatingOccupancyFraction=50 -XX:CMSMaxAbortablePrecleanTime=6000 -XX:+CMSParallelRemarkEnabled -XX:+CMSScavengeBeforeRemark -XX:ConcGCThreads=4 -XX:InitialHeapSize=536870912 -XX:MaxHeapSize=536870912 -XX:MaxTenuringThreshold=8 -XX:NewRatio=3 -XX:OldPLABSize=16 -XX:OnOutOfMemoryError=/opt/solr/bin/oom_solr.sh 8983 /var/solr/logs -XX:ParallelGCThreads=4 -XX:+ParallelRefProcEnabled -XX:PretenureSizeThreshold=67108864 -XX:+PrintGC -XX:+PrintGCApplicationStoppedTime -XX:+PrintGCDateStamps -XX:+PrintGCDetails -XX:+PrintGCTimeStamps -XX:+PrintHeapAtGC -XX:+PrintTenuringDistribution -XX:SurvivorRatio=4 -XX:TargetSurvivorRatio=90 -XX:ThreadStackSize=256 -XX:+UseCMSInitiatingOccupancyOnly -XX:+UseCompressedClassPointers -XX:+UseCompressedOops -XX:+UseConcMarkSweepGC -XX:+UseParNewGC 
2017-03-05T23:33:11.967+0100: 0,219: Total time for which application threads were stopped: 0,0001090 seconds, Stopping threads took: 0,0000129 seconds
2017-03-05T23:33:12.107+0100: 0,359: Total time for which application threads were stopped: 0,0001872 seconds, Stopping threads took: 0,0000302 seconds
2017-03-05T23:33:12.187+0100: 0,438: Total time for which application threads were stopped: 0,0001124 seconds, Stopping threads took: 0,0000173 seconds
2017-03-05T23:33:12.747+0100: 0,999: Total time for which application threads were stopped: 0,0002294 seconds, Stopping threads took: 0,0000514 seconds
2017-03-05T23:33:13.185+0100: 1,437: Total time for which application threads were stopped: 0,0001420 seconds, Stopping threads took: 0,0000116 seconds
2017-03-05T23:33:13.282+0100: 1,534: Total time for which application threads were stopped: 0,0001424 seconds, Stopping threads took: 0,0000116 seconds
2017-03-05T23:33:13.307+0100: 1,558: Total time for which application threads were stopped: 0,0002247 seconds, Stopping threads took: 0,0000230 seconds
2017-03-05T23:33:13.624+0100: 1,875: Total time for which application threads were stopped: 0,0002236 seconds, Stopping threads took: 0,0000343 seconds
2017-03-05T23:33:13.833+0100: 2,085: Total time for which application threads were stopped: 0,0002053 seconds, Stopping threads took: 0,0000136 seconds
2017-03-05T23:33:13.855+0100: 2,106: Total time for which application threads were stopped: 0,0002072 seconds, Stopping threads took: 0,0000201 seconds
2017-03-05T23:33:13.894+0100: 2,146: Total time for which application threads were stopped: 0,0002126 seconds, Stopping threads took: 0,0000260 seconds
2017-03-05T23:33:13.896+0100: 2,147: Total time for which application threads were stopped: 0,0002088 seconds, Stopping threads took: 0,0000162 seconds
2017-03-05T23:33:13.912+0100: 2,163: Total time for which application threads were stopped: 0,0001976 seconds, Stopping threads took: 0,0000152 seconds
2017-03-05T23:33:14.008+0100: 2,260: Total time for which application threads were stopped: 0,0002621 seconds, Stopping threads took: 0,0000220 seconds
2017-03-05T23:33:14.237+0100: 2,489: Total time for which application threads were stopped: 0,0003256 seconds, Stopping threads took: 0,0000946 seconds
{Heap before GC invocations=0 (full 0):
 par new generation   total 109248K, used 87424K [0x00000000e0000000, 0x00000000e8000000, 0x00000000e8000000)
  eden space 87424K, 100% used [0x00000000e0000000, 0x00000000e5560000, 0x00000000e5560000)
  from space 21824K,   0% used [0x00000000e5560000, 0x00000000e5560000, 0x00000000e6ab0000)
  to   space 21824K,   0% used [0x00000000e6ab0000, 0x00000000e6ab0000, 0x00000000e8000000)
 concurrent mark-sweep generation total 393216K, used 0K [0x00000000e8000000, 0x0000000100000000, 0x0000000100000000)
 Metaspace       used 17878K, capacity 18240K, committed 18304K, reserved 1064960K
  class space    used 2024K, capacity 2164K, committed 2176K, reserved 1048576K
2017-03-05T23:33:14.320+0100: 2,572: [GC (Allocation Failure) 2017-03-05T23:33:14.320+0100: 2,572: [ParNew
Desired survivor size 20112992 bytes, new threshold 8 (max 8)
- age   1:   11816712 bytes,   11816712 total
: 87424K->11652K(109248K), 0,0319922 secs] 87424K->11652K(502464K), 0,0320812 secs] [Times: user=0,04 sys=0,01, real=0,03 secs] 
Heap after GC invocations=1 (full 0):
 par new generation   total 109248K, used 11652K [0x00000000e0000000, 0x00000000e8000000, 0x00000000e8000000)
  eden space 87424K,   0% used [0x00000000e0000000, 0x00000000e0000000, 0x00000000e5560000)
  from space 21824K,  53% used [0x00000000e6ab0000, 0x00000000e7611260, 0x00000000e8000000)
  to   space 21824K,   0% used [0x00000000e5560000, 0x00000000e5560000, 0x00000000e6ab0000)
 concurrent mark-sweep generation total 393216K, used 0K [0x00000000e8000000, 0x0000000100000000, 0x0000000100000000)
 Metaspace       used 17878K, capacity 18240K, committed 18304K, reserved 1064960K
  class space    used 2024K, capacity 2164K, committed 2176K, reserved 1048576K
}
2017-03-05T23:33:14.352+0100: 2,604: Total time for which application threads were stopped: 0,0323162 seconds, Stopping threads took: 0,0000734 seconds
2017-03-05T23:33:14.850+0100: 3,102: Total time for which application threads were stopped: 0,0003934 seconds, Stopping threads took: 0,0000535 seconds
{Heap before GC invocations=1 (full 0):
 par new generation   total 109248K, used 99076K [0x00000000e0000000, 0x00000000e8000000, 0x00000000e8000000)
  eden space 87424K, 100% used [0x00000000e0000000, 0x00000000e5560000, 0x00000000e5560000)
  from space 21824K,  53% used [0x00000000e6ab0000, 0x00000000e7611260, 0x00000000e8000000)
  to   space 21824K,   0% used [0x00000000e5560000, 0x00000000e5560000, 0x00000000e6ab0000)
 concurrent mark-sweep generation total 393216K, used 0K [0x00000000e8000000, 0x0000000100000000, 0x0000000100000000)
 Metaspace       used 20058K, capacity 20410K, committed 20736K, reserved 1067008K
  class space    used 2292K, capacity 2463K, committed 2560K, reserved 1048576K
2017-03-05T23:33:14.893+0100: 3,145: [GC (Allocation Failure) 2017-03-05T23:33:14.893+0100: 3,145: [ParNew
Desired survivor size 20112992 bytes, new threshold 8 (max 8)
- age   1:    4038752 bytes,    4038752 total
- age   2:    6346936 bytes,   10385688 total
: 99076K->15134K(109248K), 0,0184611 secs] 99076K->15134K(502464K), 0,0185388 secs] [Times: user=0,04 sys=0,00, real=0,02 secs] 
Heap after GC invocations=2 (full 0):
 par new generation   total 109248K, used 15134K [0x00000000e0000000, 0x00000000e8000000, 0x00000000e8000000)
  eden space 87424K,   0% used [0x00000000e0000000, 0x00000000e0000000, 0x00000000e5560000)
  from space 21824K,  69% used [0x00000000e5560000, 0x00000000e64279c0, 0x00000000e6ab0000)
  to   space 21824K,   0% used [0x00000000e6ab0000, 0x00000000e6ab0000, 0x00000000e8000000)
 concurrent mark-sweep generation total 393216K, used 0K [0x00000000e8000000, 0x0000000100000000, 0x0000000100000000)
 Metaspace       used 20058K, capacity 20410K, committed 20736K, reserved 1067008K
  class space    used 2292K, capacity 2463K, committed 2560K, reserved 1048576K
}
2017-03-05T23:33:14.912+0100: 3,164: Total time for which application threads were stopped: 0,0193093 seconds, Stopping threads took: 0,0005928 seconds
2017-03-05T23:33:14.924+0100: 3,175: Total time for which application threads were stopped: 0,0003314 seconds, Stopping threads took: 0,0000208 seconds
2017-03-05T23:33:14.969+0100: 3,221: Total time for which application threads were stopped: 0,0003607 seconds, Stopping threads took: 0,0000411 seconds
2017-03-05T23:33:15.119+0100: 3,371: Total time for which application threads were stopped: 0,0002272 seconds, Stopping threads took: 0,0000464 seconds
{Heap before GC invocations=2 (full 0):
 par new generation   total 109248K, used 102558K [0x00000000e0000000, 0x00000000e8000000, 0x00000000e8000000)
  eden space 87424K, 100% used [0x00000000e0000000, 0x00000000e5560000, 0x00000000e5560000)
  from space 21824K,  69% used [0x00000000e5560000, 0x00000000e64279c0, 0x00000000e6ab0000)
  to   space 21824K,   0% used [0x00000000e6ab0000, 0x00000000e6ab0000, 0x00000000e8000000)
 concurrent mark-sweep generation total 393216K, used 0K [0x00000000e8000000, 0x0000000100000000, 0x0000000100000000)
 Metaspace       used 20971K, capacity 21268K, committed 21628K, reserved 1069056K
  class space    used 2416K, capacity 2582K, committed 2684K, reserved 1048576K
2017-03-05T23:33:15.166+0100: 3,418: [GC (Allocation Failure) 2017-03-05T23:33:15.166+0100: 3,418: [ParNew
Desired survivor size 20112992 bytes, new threshold 8 (max 8)
- age   1:    2222376 bytes,    2222376 total
- age   2:    1111384 bytes,    3333760 total
- age   3:    6344824 bytes,    9678584 total
: 102558K->14237K(109248K), 0,0167667 secs] 102558K->14237K(502464K), 0,0168722 secs] [Times: user=0,05 sys=0,00, real=0,02 secs] 
Heap after GC invocations=3 (full 0):
 par new generation   total 109248K, used 14237K [0x00000000e0000000, 0x00000000e8000000, 0x00000000e8000000)
  eden space 87424K,   0% used [0x00000000e0000000, 0x00000000e0000000, 0x00000000e5560000)
  from space 21824K,  65% used [0x00000000e6ab0000, 0x00000000e7897740, 0x00000000e8000000)
  to   space 21824K,   0% used [0x00000000e5560000, 0x00000000e5560000, 0x00000000e6ab0000)
 concurrent mark-sweep generation total 393216K, used 0K [0x00000000e8000000, 0x0000000100000000, 0x0000000100000000)
 Metaspace       used 20971K, capacity 21268K, committed 21628K, reserved 1069056K
  class space    used 2416K, capacity 2582K, committed 2684K, reserved 1048576K
}
2017-03-05T23:33:15.183+0100: 3,435: Total time for which application threads were stopped: 0,0239707 seconds, Stopping threads took: 0,0068814 seconds
2017-03-05T23:33:15.187+0100: 3,439: [GC (CMS Initial Mark) [1 CMS-initial-mark: 0K(393216K)] 19814K(502464K), 0,0069516 secs] [Times: user=0,02 sys=0,00, real=0,00 secs] 
2017-03-05T23:33:15.194+0100: 3,446: Total time for which application threads were stopped: 0,0073618 seconds, Stopping threads took: 0,0002743 seconds
2017-03-05T23:33:15.194+0100: 3,446: [CMS-concurrent-mark-start]
2017-03-05T23:33:15.195+0100: 3,447: [CMS-concurrent-mark: 0,001/0,001 secs] [Times: user=0,01 sys=0,00, real=0,01 secs] 
2017-03-05T23:33:15.195+0100: 3,447: [CMS-concurrent-preclean-start]
2017-03-05T23:33:15.197+0100: 3,448: [CMS-concurrent-preclean: 0,001/0,001 secs] [Times: user=0,00 sys=0,00, real=0,00 secs] 
2017-03-05T23:33:15.197+0100: 3,448: [CMS-concurrent-abortable-preclean-start]
{Heap before GC invocations=3 (full 1):
 par new generation   total 109248K, used 101661K [0x00000000e0000000, 0x00000000e8000000, 0x00000000e8000000)
  eden space 87424K, 100% used [0x00000000e0000000, 0x00000000e5560000, 0x00000000e5560000)
  from space 21824K,  65% used [0x00000000e6ab0000, 0x00000000e7897740, 0x00000000e8000000)
  to   space 21824K,   0% used [0x00000000e5560000, 0x00000000e5560000, 0x00000000e6ab0000)
 concurrent mark-sweep generation total 393216K, used 0K [0x00000000e8000000, 0x0000000100000000, 0x0000000100000000)
 Metaspace       used 21209K, capacity 21532K, committed 21628K, reserved 1069056K
  class space    used 2443K, capacity 2596K, committed 2684K, reserved 1048576K
2017-03-05T23:33:15.361+0100: 3,613: [GC (Allocation Failure) 2017-03-05T23:33:15.361+0100: 3,613: [ParNew2017-03-05T23:33:15.377+0100: 3,629: [CMS-concurrent-abortable-preclean: 0,076/0,180 secs] [Times: user=0,45 sys=0,00, real=0,18 secs] 

Desired survivor size 20112992 bytes, new threshold 8 (max 8)
- age   1:    1313752 bytes,    1313752 total
- age   2:    1503448 bytes,    2817200 total
- age   3:    1074624 bytes,    3891824 total
- age   4:    6344784 bytes,   10236608 total
: 101661K->11360K(109248K), 0,0315075 secs] 101661K->11360K(502464K), 0,0315909 secs] [Times: user=0,05 sys=0,00, real=0,03 secs] 
Heap after GC invocations=4 (full 1):
 par new generation   total 109248K, used 11360K [0x00000000e0000000, 0x00000000e8000000, 0x00000000e8000000)
  eden space 87424K,   0% used [0x00000000e0000000, 0x00000000e0000000, 0x00000000e5560000)
  from space 21824K,  52% used [0x00000000e5560000, 0x00000000e6078040, 0x00000000e6ab0000)
  to   space 21824K,   0% used [0x00000000e6ab0000, 0x00000000e6ab0000, 0x00000000e8000000)
 concurrent mark-sweep generation total 393216K, used 0K [0x00000000e8000000, 0x0000000100000000, 0x0000000100000000)
 Metaspace       used 21209K, capacity 21532K, committed 21628K, reserved 1069056K
  class space    used 2443K, capacity 2596K, committed 2684K, reserved 1048576K
}
2017-03-05T23:33:15.392+0100: 3,644: Total time for which application threads were stopped: 0,0396289 seconds, Stopping threads took: 0,0078463 seconds
2017-03-05T23:33:15.395+0100: 3,647: [GC (CMS Final Remark) [YG occupancy: 14096 K (109248 K)]{Heap before GC invocations=4 (full 1):
 par new generation   total 109248K, used 14096K [0x00000000e0000000, 0x00000000e8000000, 0x00000000e8000000)
  eden space 87424K,   3% used [0x00000000e0000000, 0x00000000e02abfc0, 0x00000000e5560000)
  from space 21824K,  52% used [0x00000000e5560000, 0x00000000e6078040, 0x00000000e6ab0000)
  to   space 21824K,   0% used [0x00000000e6ab0000, 0x00000000e6ab0000, 0x00000000e8000000)
 concurrent mark-sweep generation total 393216K, used 0K [0x00000000e8000000, 0x0000000100000000, 0x0000000100000000)
 Metaspace       used 21211K, capacity 21532K, committed 21628K, reserved 1069056K
  class space    used 2443K, capacity 2596K, committed 2684K, reserved 1048576K
2017-03-05T23:33:15.395+0100: 3,647: [GC (CMS Final Remark) 2017-03-05T23:33:15.395+0100: 3,647: [ParNew
Desired survivor size 20112992 bytes, new threshold 8 (max 8)
- age   1:     618736 bytes,     618736 total
- age   2:     800776 bytes,    1419512 total
- age   3:    1503448 bytes,    2922960 total
- age   4:    1074624 bytes,    3997584 total
- age   5:    6344864 bytes,   10342448 total
: 14096K->14777K(109248K), 0,0176848 secs] 14096K->14777K(502464K), 0,0177497 secs] [Times: user=0,04 sys=0,00, real=0,01 secs] 
Heap after GC invocations=5 (full 1):
 par new generation   total 109248K, used 14777K [0x00000000e0000000, 0x00000000e8000000, 0x00000000e8000000)
  eden space 87424K,   0% used [0x00000000e0000000, 0x00000000e0000000, 0x00000000e5560000)
  from space 21824K,  67% used [0x00000000e6ab0000, 0x00000000e791e588, 0x00000000e8000000)
  to   space 21824K,   0% used [0x00000000e5560000, 0x00000000e5560000, 0x00000000e6ab0000)
 concurrent mark-sweep generation total 393216K, used 0K [0x00000000e8000000, 0x0000000100000000, 0x0000000100000000)
 Metaspace       used 21211K, capacity 21532K, committed 21628K, reserved 1069056K
  class space    used 2443K, capacity 2596K, committed 2684K, reserved 1048576K
}
2017-03-05T23:33:15.413+0100: 3,665: [Rescan (parallel) , 0,0050274 secs]2017-03-05T23:33:15.418+0100: 3,670: [weak refs processing, 0,0030594 secs]2017-03-05T23:33:15.421+0100: 3,673: [class unloading, 0,0031758 secs]2017-03-05T23:33:15.424+0100: 3,676: [scrub symbol table, 0,0032837 secs]2017-03-05T23:33:15.428+0100: 3,680: [scrub string table, 0,0004017 secs][1 CMS-remark: 0K(393216K)] 14777K(502464K), 0,0334237 secs] [Times: user=0,07 sys=0,00, real=0,03 secs] 
2017-03-05T23:33:15.429+0100: 3,681: Total time for which application threads were stopped: 0,0340712 seconds, Stopping threads took: 0,0005398 seconds
2017-03-05T23:33:15.447+0100: 3,698: [CMS-concurrent-sweep-start]
2017-03-05T23:33:15.447+0100: 3,698: [CMS-concurrent-sweep: 0,000/0,000 secs] [Times: user=0,00 sys=0,00, real=0,00 secs] 
2017-03-05T23:33:15.447+0100: 3,699: [CMS-concurrent-reset-start]
2017-03-05T23:33:15.449+0100: 3,701: [CMS-concurrent-reset: 0,002/0,002 secs] [Times: user=0,01 sys=0,00, real=0,00 secs] 
{Heap before GC invocations=5 (full 1):
 par new generation   total 109248K, used 102201K [0x00000000e0000000, 0x00000000e8000000, 0x00000000e8000000)
  eden space 87424K, 100% used [0x00000000e0000000, 0x00000000e5560000, 0x00000000e5560000)
  from space 21824K,  67% used [0x00000000e6ab0000, 0x00000000e791e588, 0x00000000e8000000)
  to   space 21824K,   0% used [0x00000000e5560000, 0x00000000e5560000, 0x00000000e6ab0000)
 concurrent mark-sweep generation total 393216K, used 0K [0x00000000e8000000, 0x0000000100000000, 0x0000000100000000)
 Metaspace       used 21336K, capacity 21756K, committed 21884K, reserved 1069056K
  class space    used 2463K, capacity 2628K, committed 2684K, reserved 1048576K
2017-03-05T23:33:15.545+0100: 3,797: [GC (Allocation Failure) 2017-03-05T23:33:15.545+0100: 3,797: [ParNew
Desired survivor size 20112992 bytes, new threshold 8 (max 8)
- age   1:    1613712 bytes,    1613712 total
- age   2:       4928 bytes,    1618640 total
- age   3:     168296 bytes,    1786936 total
- age   4:    1503448 bytes,    3290384 total
- age   5:    1074496 bytes,    4364880 total
- age   6:    6344784 bytes,   10709664 total
: 102201K->13271K(109248K), 0,0138544 secs] 102201K->13271K(502464K), 0,0139355 secs] [Times: user=0,04 sys=0,00, real=0,01 secs] 
Heap after GC invocations=6 (full 1):
 par new generation   total 109248K, used 13271K [0x00000000e0000000, 0x00000000e8000000, 0x00000000e8000000)
  eden space 87424K,   0% used [0x00000000e0000000, 0x00000000e0000000, 0x00000000e5560000)
  from space 21824K,  60% used [0x00000000e5560000, 0x00000000e6255ec8, 0x00000000e6ab0000)
  to   space 21824K,   0% used [0x00000000e6ab0000, 0x00000000e6ab0000, 0x00000000e8000000)
 concurrent mark-sweep generation total 393216K, used 0K [0x00000000e8000000, 0x0000000100000000, 0x0000000100000000)
 Metaspace       used 21336K, capacity 21756K, committed 21884K, reserved 1069056K
  class space    used 2463K, capacity 2628K, committed 2684K, reserved 1048576K
}
2017-03-05T23:33:15.559+0100: 3,811: Total time for which application threads were stopped: 0,0148182 seconds, Stopping threads took: 0,0007482 seconds
2017-03-05T23:33:15.603+0100: 3,855: Total time for which application threads were stopped: 0,0003645 seconds, Stopping threads took: 0,0000414 seconds
2017-03-05T23:33:15.830+0100: 4,082: Total time for which application threads were stopped: 0,0004643 seconds, Stopping threads took: 0,0000696 seconds
2017-03-05T23:33:15.835+0100: 4,087: Total time for which application threads were stopped: 0,0001284 seconds, Stopping threads took: 0,0000339 seconds
2017-03-05T23:33:15.836+0100: 4,087: Total time for which application threads were stopped: 0,0000732 seconds, Stopping threads took: 0,0000187 seconds
2017-03-05T23:33:15.836+0100: 4,088: Total time for which application threads were stopped: 0,0001168 seconds, Stopping threads took: 0,0000374 seconds
2017-03-05T23:33:15.837+0100: 4,088: Total time for which application threads were stopped: 0,0000778 seconds, Stopping threads took: 0,0000240 seconds
2017-03-05T23:33:15.840+0100: 4,092: Total time for which application threads were stopped: 0,0002878 seconds, Stopping threads took: 0,0000891 seconds
2017-03-05T23:33:15.842+0100: 4,093: Total time for which application threads were stopped: 0,0004781 seconds, Stopping threads took: 0,0000556 seconds
2017-03-05T23:33:15.843+0100: 4,095: Total time for which application threads were stopped: 0,0001465 seconds, Stopping threads took: 0,0000545 seconds
2017-03-05T23:33:15.843+0100: 4,095: Total time for which application threads were stopped: 0,0000880 seconds, Stopping threads took: 0,0000300 seconds
2017-03-05T23:33:15.847+0100: 4,099: Total time for which application threads were stopped: 0,0002259 seconds, Stopping threads took: 0,0001250 seconds
2017-03-05T23:33:15.847+0100: 4,099: Total time for which application threads were stopped: 0,0000850 seconds, Stopping threads took: 0,0000166 seconds
2017-03-05T23:33:15.847+0100: 4,099: Total time for which application threads were stopped: 0,0000642 seconds, Stopping threads took: 0,0000090 seconds
2017-03-05T23:33:15.848+0100: 4,099: Total time for which application threads were stopped: 0,0000555 seconds, Stopping threads took: 0,0000099 seconds
2017-03-05T23:33:15.848+0100: 4,099: Total time for which application threads were stopped: 0,0000494 seconds, Stopping threads took: 0,0000051 seconds
2017-03-05T23:33:15.848+0100: 4,100: Total time for which application threads were stopped: 0,0000632 seconds, Stopping threads took: 0,0000066 seconds
2017-03-05T23:33:15.848+0100: 4,100: Total time for which application threads were stopped: 0,0000495 seconds, Stopping threads took: 0,0000051 seconds
2017-03-05T23:33:15.848+0100: 4,100: Total time for which application threads were stopped: 0,0000551 seconds, Stopping threads took: 0,0000094 seconds
2017-03-05T23:33:15.848+0100: 4,100: Total time for which application threads were stopped: 0,0000489 seconds, Stopping threads took: 0,0000049 seconds
2017-03-05T23:33:15.848+0100: 4,100: Total time for which application threads were stopped: 0,0000490 seconds, Stopping threads took: 0,0000049 seconds
2017-03-05T23:33:15.849+0100: 4,100: Total time for which application threads were stopped: 0,0000558 seconds, Stopping threads took: 0,0000065 seconds
2017-03-05T23:33:15.849+0100: 4,101: Total time for which application threads were stopped: 0,0000455 seconds, Stopping threads took: 0,0000050 seconds
2017-03-05T23:33:15.849+0100: 4,101: Total time for which application threads were stopped: 0,0000523 seconds, Stopping threads took: 0,0000058 seconds
2017-03-05T23:33:15.849+0100: 4,101: Total time for which application threads were stopped: 0,0000462 seconds, Stopping threads took: 0,0000050 seconds
2017-03-05T23:33:15.849+0100: 4,101: Total time for which application threads were stopped: 0,0000472 seconds, Stopping threads took: 0,0000048 seconds
2017-03-05T23:33:15.849+0100: 4,101: Total time for which application threads were stopped: 0,0000637 seconds, Stopping threads took: 0,0000064 seconds
2017-03-05T23:33:15.850+0100: 4,101: Total time for which application threads were stopped: 0,0001506 seconds, Stopping threads took: 0,0000052 seconds
2017-03-05T23:33:15.851+0100: 4,103: Total time for which application threads were stopped: 0,0001055 seconds, Stopping threads took: 0,0000190 seconds
2017-03-05T23:33:15.851+0100: 4,103: Total time for which application threads were stopped: 0,0001428 seconds, Stopping threads took: 0,0000623 seconds
2017-03-05T23:33:15.851+0100: 4,103: Total time for which application threads were stopped: 0,0000813 seconds, Stopping threads took: 0,0000327 seconds
2017-03-05T23:33:15.852+0100: 4,103: Total time for which application threads were stopped: 0,0000646 seconds, Stopping threads took: 0,0000180 seconds
2017-03-05T23:33:15.853+0100: 4,105: Total time for which application threads were stopped: 0,0001322 seconds, Stopping threads took: 0,0000374 seconds
2017-03-05T23:33:15.855+0100: 4,107: Total time for which application threads were stopped: 0,0001429 seconds, Stopping threads took: 0,0000548 seconds
2017-03-05T23:33:15.855+0100: 4,107: Total time for which application threads were stopped: 0,0001540 seconds, Stopping threads took: 0,0000871 seconds
2017-03-05T23:33:15.855+0100: 4,107: Total time for which application threads were stopped: 0,0000609 seconds, Stopping threads took: 0,0000191 seconds
2017-03-05T23:33:15.856+0100: 4,108: Total time for which application threads were stopped: 0,0005285 seconds, Stopping threads took: 0,0004615 seconds
2017-03-05T23:33:15.856+0100: 4,108: Total time for which application threads were stopped: 0,0000469 seconds, Stopping threads took: 0,0000101 seconds
2017-03-05T23:33:15.857+0100: 4,108: Total time for which application threads were stopped: 0,0000627 seconds, Stopping threads took: 0,0000097 seconds
2017-03-05T23:33:15.857+0100: 4,109: Total time for which application threads were stopped: 0,0000692 seconds, Stopping threads took: 0,0000118 seconds
2017-03-05T23:33:15.857+0100: 4,109: Total time for which application threads were stopped: 0,0000573 seconds, Stopping threads took: 0,0000076 seconds
2017-03-05T23:33:15.857+0100: 4,109: Total time for which application threads were stopped: 0,0000450 seconds, Stopping threads took: 0,0000055 seconds
2017-03-05T23:33:15.857+0100: 4,109: Total time for which application threads were stopped: 0,0000396 seconds, Stopping threads took: 0,0000051 seconds
2017-03-05T23:33:15.858+0100: 4,110: Total time for which application threads were stopped: 0,0000540 seconds, Stopping threads took: 0,0000078 seconds
2017-03-05T23:33:15.858+0100: 4,110: Total time for which application threads were stopped: 0,0000420 seconds, Stopping threads took: 0,0000061 seconds
2017-03-05T23:33:15.858+0100: 4,110: Total time for which application threads were stopped: 0,0000444 seconds, Stopping threads took: 0,0000061 seconds
2017-03-05T23:33:15.858+0100: 4,110: Total time for which application threads were stopped: 0,0000393 seconds, Stopping threads took: 0,0000050 seconds
2017-03-05T23:33:15.858+0100: 4,110: Total time for which application threads were stopped: 0,0000384 seconds, Stopping threads took: 0,0000051 seconds
2017-03-05T23:33:15.858+0100: 4,110: Total time for which application threads were stopped: 0,0000440 seconds, Stopping threads took: 0,0000086 seconds
2017-03-05T23:33:15.858+0100: 4,110: Total time for which application threads were stopped: 0,0000412 seconds, Stopping threads took: 0,0000070 seconds
2017-03-05T23:33:15.858+0100: 4,110: Total time for which application threads were stopped: 0,0000389 seconds, Stopping threads took: 0,0000052 seconds
2017-03-05T23:33:15.859+0100: 4,111: Total time for which application threads were stopped: 0,0000514 seconds, Stopping threads took: 0,0000101 seconds
2017-03-05T23:33:15.859+0100: 4,111: Total time for which application threads were stopped: 0,0000389 seconds, Stopping threads took: 0,0000052 seconds
2017-03-05T23:33:15.859+0100: 4,111: Total time for which application threads were stopped: 0,0000418 seconds, Stopping threads took: 0,0000053 seconds
2017-03-05T23:33:15.859+0100: 4,111: Total time for which application threads were stopped: 0,0000418 seconds, Stopping threads took: 0,0000054 seconds
2017-03-05T23:33:15.859+0100: 4,111: Total time for which application threads were stopped: 0,0000428 seconds, Stopping threads took: 0,0000080 seconds
2017-03-05T23:33:15.859+0100: 4,111: Total time for which application threads were stopped: 0,0000382 seconds, Stopping threads took: 0,0000055 seconds
2017-03-05T23:33:15.859+0100: 4,111: Total time for which application threads were stopped: 0,0000400 seconds, Stopping threads took: 0,0000076 seconds
2017-03-05T23:33:15.859+0100: 4,111: Total time for which application threads were stopped: 0,0000432 seconds, Stopping threads took: 0,0000072 seconds
2017-03-05T23:33:15.859+0100: 4,111: Total time for which application threads were stopped: 0,0000418 seconds, Stopping threads took: 0,0000072 seconds
2017-03-05T23:33:15.860+0100: 4,112: Total time for which application threads were stopped: 0,0000699 seconds, Stopping threads took: 0,0000182 seconds
2017-03-05T23:33:15.860+0100: 4,112: Total time for which application threads were stopped: 0,0002711 seconds, Stopping threads took: 0,0000084 seconds
2017-03-05T23:33:15.860+0100: 4,112: Total time for which application threads were stopped: 0,0000527 seconds, Stopping threads took: 0,0000103 seconds
2017-03-05T23:33:15.860+0100: 4,112: Total time for which application threads were stopped: 0,0000452 seconds, Stopping threads took: 0,0000077 seconds
2017-03-05T23:33:15.861+0100: 4,112: Total time for which application threads were stopped: 0,0001721 seconds, Stopping threads took: 0,0000134 seconds
2017-03-05T23:33:15.861+0100: 4,113: Total time for which application threads were stopped: 0,0001350 seconds, Stopping threads took: 0,0000069 seconds
2017-03-05T23:33:15.870+0100: 4,122: Total time for which application threads were stopped: 0,0004757 seconds, Stopping threads took: 0,0000328 seconds
2017-03-05T23:33:15.898+0100: 4,149: Total time for which application threads were stopped: 0,0001394 seconds, Stopping threads took: 0,0000309 seconds
2017-03-05T23:33:15.902+0100: 4,154: Total time for which application threads were stopped: 0,0001380 seconds, Stopping threads took: 0,0000253 seconds
2017-03-05T23:33:15.904+0100: 4,156: Total time for which application threads were stopped: 0,0001619 seconds, Stopping threads took: 0,0000653 seconds
2017-03-05T23:33:15.905+0100: 4,156: Total time for which application threads were stopped: 0,0001188 seconds, Stopping threads took: 0,0000291 seconds
2017-03-05T23:33:15.905+0100: 4,157: Total time for which application threads were stopped: 0,0001218 seconds, Stopping threads took: 0,0000317 seconds
2017-03-05T23:33:15.905+0100: 4,157: Total time for which application threads were stopped: 0,0000862 seconds, Stopping threads took: 0,0000204 seconds
2017-03-05T23:33:15.905+0100: 4,157: Total time for which application threads were stopped: 0,0000863 seconds, Stopping threads took: 0,0000218 seconds
2017-03-05T23:33:15.905+0100: 4,157: Total time for which application threads were stopped: 0,0000866 seconds, Stopping threads took: 0,0000235 seconds
2017-03-05T23:33:15.905+0100: 4,157: Total time for which application threads were stopped: 0,0000876 seconds, Stopping threads took: 0,0000227 seconds
2017-03-05T23:33:15.906+0100: 4,158: Total time for which application threads were stopped: 0,0001261 seconds, Stopping threads took: 0,0000175 seconds
2017-03-05T23:33:15.906+0100: 4,158: Total time for which application threads were stopped: 0,0000888 seconds, Stopping threads took: 0,0000188 seconds
2017-03-05T23:33:15.910+0100: 4,162: Total time for which application threads were stopped: 0,0025957 seconds, Stopping threads took: 0,0024885 seconds
2017-03-05T23:33:15.919+0100: 4,171: Total time for which application threads were stopped: 0,0055202 seconds, Stopping threads took: 0,0054244 seconds
2017-03-05T23:33:15.924+0100: 4,176: Total time for which application threads were stopped: 0,0002838 seconds, Stopping threads took: 0,0002066 seconds
2017-03-05T23:33:15.926+0100: 4,178: Total time for which application threads were stopped: 0,0019419 seconds, Stopping threads took: 0,0018613 seconds
2017-03-05T23:33:15.930+0100: 4,181: Total time for which application threads were stopped: 0,0000985 seconds, Stopping threads took: 0,0000214 seconds
2017-03-05T23:33:15.933+0100: 4,185: Total time for which application threads were stopped: 0,0002271 seconds, Stopping threads took: 0,0001224 seconds
2017-03-05T23:33:15.954+0100: 4,206: Total time for which application threads were stopped: 0,0001226 seconds, Stopping threads took: 0,0000531 seconds
2017-03-05T23:33:15.968+0100: 4,219: Total time for which application threads were stopped: 0,0010888 seconds, Stopping threads took: 0,0009658 seconds
2017-03-05T23:33:15.975+0100: 4,226: Total time for which application threads were stopped: 0,0001790 seconds, Stopping threads took: 0,0000842 seconds
2017-03-05T23:33:15.979+0100: 4,230: Total time for which application threads were stopped: 0,0001678 seconds, Stopping threads took: 0,0000436 seconds
2017-03-05T23:33:16.007+0100: 4,259: Total time for which application threads were stopped: 0,0001685 seconds, Stopping threads took: 0,0000576 seconds
2017-03-05T23:33:16.072+0100: 4,324: Total time for which application threads were stopped: 0,0001735 seconds, Stopping threads took: 0,0000503 seconds
2017-03-05T23:33:16.079+0100: 4,331: Total time for which application threads were stopped: 0,0001717 seconds, Stopping threads took: 0,0000866 seconds
2017-03-05T23:33:16.099+0100: 4,351: Total time for which application threads were stopped: 0,0001730 seconds, Stopping threads took: 0,0000650 seconds
2017-03-05T23:33:16.109+0100: 4,361: Total time for which application threads were stopped: 0,0008146 seconds, Stopping threads took: 0,0007061 seconds
2017-03-05T23:33:16.123+0100: 4,374: Total time for which application threads were stopped: 0,0026911 seconds, Stopping threads took: 0,0024568 seconds
{Heap before GC invocations=6 (full 1):
 par new generation   total 109248K, used 100695K [0x00000000e0000000, 0x00000000e8000000, 0x00000000e8000000)
  eden space 87424K, 100% used [0x00000000e0000000, 0x00000000e5560000, 0x00000000e5560000)
  from space 21824K,  60% used [0x00000000e5560000, 0x00000000e6255ec8, 0x00000000e6ab0000)
  to   space 21824K,   0% used [0x00000000e6ab0000, 0x00000000e6ab0000, 0x00000000e8000000)
 concurrent mark-sweep generation total 393216K, used 0K [0x00000000e8000000, 0x0000000100000000, 0x0000000100000000)
 Metaspace       used 23875K, capacity 24296K, committed 24572K, reserved 1071104K
  class space    used 2815K, capacity 3004K, committed 3068K, reserved 1048576K
2017-03-05T23:33:16.146+0100: 4,398: [GC (Allocation Failure) 2017-03-05T23:33:16.146+0100: 4,398: [ParNew
Desired survivor size 20112992 bytes, new threshold 8 (max 8)
- age   1:    5088720 bytes,    5088720 total
- age   2:     103200 bytes,    5191920 total
- age   3:       4928 bytes,    5196848 total
- age   4:     166840 bytes,    5363688 total
- age   5:     333864 bytes,    5697552 total
- age   6:    1050120 bytes,    6747672 total
- age   7:    6336712 bytes,   13084384 total
: 100695K->18637K(109248K), 0,0276654 secs] 100695K->18637K(502464K), 0,0277596 secs] [Times: user=0,08 sys=0,00, real=0,02 secs] 
Heap after GC invocations=7 (full 1):
 par new generation   total 109248K, used 18637K [0x00000000e0000000, 0x00000000e8000000, 0x00000000e8000000)
  eden space 87424K,   0% used [0x00000000e0000000, 0x00000000e0000000, 0x00000000e5560000)
  from space 21824K,  85% used [0x00000000e6ab0000, 0x00000000e7ce3540, 0x00000000e8000000)
  to   space 21824K,   0% used [0x00000000e5560000, 0x00000000e5560000, 0x00000000e6ab0000)
 concurrent mark-sweep generation total 393216K, used 0K [0x00000000e8000000, 0x0000000100000000, 0x0000000100000000)
 Metaspace       used 23875K, capacity 24296K, committed 24572K, reserved 1071104K
  class space    used 2815K, capacity 3004K, committed 3068K, reserved 1048576K
}
2017-03-05T23:33:16.174+0100: 4,426: Total time for which application threads were stopped: 0,0280332 seconds, Stopping threads took: 0,0000818 seconds
2017-03-05T23:33:16.190+0100: 4,442: Total time for which application threads were stopped: 0,0060280 seconds, Stopping threads took: 0,0059060 seconds
2017-03-05T23:33:16.190+0100: 4,442: Total time for which application threads were stopped: 0,0001105 seconds, Stopping threads took: 0,0000332 seconds
{Heap before GC invocations=7 (full 1):
 par new generation   total 109248K, used 106061K [0x00000000e0000000, 0x00000000e8000000, 0x00000000e8000000)
  eden space 87424K, 100% used [0x00000000e0000000, 0x00000000e5560000, 0x00000000e5560000)
  from space 21824K,  85% used [0x00000000e6ab0000, 0x00000000e7ce3540, 0x00000000e8000000)
  to   space 21824K,   0% used [0x00000000e5560000, 0x00000000e5560000, 0x00000000e6ab0000)
 concurrent mark-sweep generation total 393216K, used 0K [0x00000000e8000000, 0x0000000100000000, 0x0000000100000000)
 Metaspace       used 24388K, capacity 24846K, committed 25084K, reserved 1071104K
  class space    used 2858K, capacity 3037K, committed 3068K, reserved 1048576K
2017-03-05T23:33:16.301+0100: 4,552: [GC (Allocation Failure) 2017-03-05T23:33:16.301+0100: 4,552: [ParNew
Desired survivor size 20112992 bytes, new threshold 8 (max 8)
- age   1:    2132280 bytes,    2132280 total
- age   2:    1735912 bytes,    3868192 total
- age   3:      45664 bytes,    3913856 total
- age   4:       2552 bytes,    3916408 total
- age   5:     100376 bytes,    4016784 total
- age   6:     203368 bytes,    4220152 total
- age   7:     887512 bytes,    5107664 total
- age   8:    5959480 bytes,   11067144 total
: 106061K->12462K(109248K), 0,0343068 secs] 106061K->12462K(502464K), 0,0343916 secs] [Times: user=0,07 sys=0,00, real=0,04 secs] 
Heap after GC invocations=8 (full 1):
 par new generation   total 109248K, used 12462K [0x00000000e0000000, 0x00000000e8000000, 0x00000000e8000000)
  eden space 87424K,   0% used [0x00000000e0000000, 0x00000000e0000000, 0x00000000e5560000)
  from space 21824K,  57% used [0x00000000e5560000, 0x00000000e618b930, 0x00000000e6ab0000)
  to   space 21824K,   0% used [0x00000000e6ab0000, 0x00000000e6ab0000, 0x00000000e8000000)
 concurrent mark-sweep generation total 393216K, used 0K [0x00000000e8000000, 0x0000000100000000, 0x0000000100000000)
 Metaspace       used 24388K, capacity 24846K, committed 25084K, reserved 1071104K
  class space    used 2858K, capacity 3037K, committed 3068K, reserved 1048576K
}
2017-03-05T23:33:16.335+0100: 4,587: Total time for which application threads were stopped: 0,0350577 seconds, Stopping threads took: 0,0004305 seconds
2017-03-05T23:33:16.372+0100: 4,624: Total time for which application threads were stopped: 0,0056054 seconds, Stopping threads took: 0,0055119 seconds
2017-03-05T23:33:16.373+0100: 4,624: Total time for which application threads were stopped: 0,0000575 seconds, Stopping threads took: 0,0000160 seconds
{Heap before GC invocations=8 (full 1):
 par new generation   total 109248K, used 99886K [0x00000000e0000000, 0x00000000e8000000, 0x00000000e8000000)
  eden space 87424K, 100% used [0x00000000e0000000, 0x00000000e5560000, 0x00000000e5560000)
  from space 21824K,  57% used [0x00000000e5560000, 0x00000000e618b930, 0x00000000e6ab0000)
  to   space 21824K,   0% used [0x00000000e6ab0000, 0x00000000e6ab0000, 0x00000000e8000000)
 concurrent mark-sweep generation total 393216K, used 0K [0x00000000e8000000, 0x0000000100000000, 0x0000000100000000)
 Metaspace       used 24763K, capacity 25224K, committed 25468K, reserved 1071104K
  class space    used 2893K, capacity 3074K, committed 3196K, reserved 1048576K
2017-03-05T23:33:16.466+0100: 4,718: [GC (Allocation Failure) 2017-03-05T23:33:16.467+0100: 4,718: [ParNew
Desired survivor size 20112992 bytes, new threshold 8 (max 8)
- age   1:     868576 bytes,     868576 total
- age   2:     999672 bytes,    1868248 total
- age   3:    1711832 bytes,    3580080 total
- age   4:      45664 bytes,    3625744 total
- age   5:       2552 bytes,    3628296 total
- age   6:     100176 bytes,    3728472 total
- age   7:     200600 bytes,    3929072 total
- age   8:     886712 bytes,    4815784 total
: 99886K->9886K(109248K), 0,0491042 secs] 99886K->16285K(502464K), 0,0492168 secs] [Times: user=0,09 sys=0,00, real=0,05 secs] 
Heap after GC invocations=9 (full 1):
 par new generation   total 109248K, used 9886K [0x00000000e0000000, 0x00000000e8000000, 0x00000000e8000000)
  eden space 87424K,   0% used [0x00000000e0000000, 0x00000000e0000000, 0x00000000e5560000)
  from space 21824K,  45% used [0x00000000e6ab0000, 0x00000000e74578c0, 0x00000000e8000000)
  to   space 21824K,   0% used [0x00000000e5560000, 0x00000000e5560000, 0x00000000e6ab0000)
 concurrent mark-sweep generation total 393216K, used 6399K [0x00000000e8000000, 0x0000000100000000, 0x0000000100000000)
 Metaspace       used 24763K, capacity 25224K, committed 25468K, reserved 1071104K
  class space    used 2893K, capacity 3074K, committed 3196K, reserved 1048576K
}
2017-03-05T23:33:16.516+0100: 4,768: Total time for which application threads were stopped: 0,0495284 seconds, Stopping threads took: 0,0000831 seconds
2017-03-05T23:33:16.585+0100: 4,837: Total time for which application threads were stopped: 0,0001999 seconds, Stopping threads took: 0,0000670 seconds
2017-03-05T23:33:16.683+0100: 4,935: Total time for which application threads were stopped: 0,0003399 seconds, Stopping threads took: 0,0002084 seconds
2017-03-05T23:33:16.686+0100: 4,938: Total time for which application threads were stopped: 0,0001288 seconds, Stopping threads took: 0,0000252 seconds
2017-03-05T23:33:16.687+0100: 4,938: Total time for which application threads were stopped: 0,0001379 seconds, Stopping threads took: 0,0000503 seconds
2017-03-05T23:33:16.691+0100: 4,943: Total time for which application threads were stopped: 0,0034948 seconds, Stopping threads took: 0,0033859 seconds
2017-03-05T23:33:16.704+0100: 4,956: Total time for which application threads were stopped: 0,0001570 seconds, Stopping threads took: 0,0000589 seconds
2017-03-05T23:33:16.793+0100: 5,045: Total time for which application threads were stopped: 0,0001632 seconds, Stopping threads took: 0,0000393 seconds
2017-03-05T23:33:16.808+0100: 5,060: Total time for which application threads were stopped: 0,0001629 seconds, Stopping threads took: 0,0000443 seconds
2017-03-05T23:33:16.815+0100: 5,067: Total time for which application threads were stopped: 0,0004568 seconds, Stopping threads took: 0,0003240 seconds
2017-03-05T23:33:16.841+0100: 5,093: Total time for which application threads were stopped: 0,0001905 seconds, Stopping threads took: 0,0000466 seconds
2017-03-05T23:33:16.868+0100: 5,120: Total time for which application threads were stopped: 0,0001229 seconds, Stopping threads took: 0,0000395 seconds
2017-03-05T23:33:16.922+0100: 5,174: Total time for which application threads were stopped: 0,0002697 seconds, Stopping threads took: 0,0001465 seconds
2017-03-05T23:33:16.924+0100: 5,175: Total time for which application threads were stopped: 0,0004751 seconds, Stopping threads took: 0,0000386 seconds
2017-03-05T23:33:16.947+0100: 5,199: Total time for which application threads were stopped: 0,0004582 seconds, Stopping threads took: 0,0000364 seconds
2017-03-05T23:33:17.018+0100: 5,270: Total time for which application threads were stopped: 0,0006401 seconds, Stopping threads took: 0,0000521 seconds
2017-03-05T23:33:17.028+0100: 5,280: Total time for which application threads were stopped: 0,0001748 seconds, Stopping threads took: 0,0000740 seconds
2017-03-05T23:33:17.028+0100: 5,280: Total time for which application threads were stopped: 0,0000818 seconds, Stopping threads took: 0,0000224 seconds
2017-03-05T23:33:17.043+0100: 5,295: Total time for which application threads were stopped: 0,0001139 seconds, Stopping threads took: 0,0000390 seconds
2017-03-05T23:33:17.069+0100: 5,321: Total time for which application threads were stopped: 0,0002864 seconds, Stopping threads took: 0,0001659 seconds
2017-03-05T23:33:17.070+0100: 5,322: Total time for which application threads were stopped: 0,0000992 seconds, Stopping threads took: 0,0000364 seconds
2017-03-05T23:33:17.095+0100: 5,347: Total time for which application threads were stopped: 0,0001181 seconds, Stopping threads took: 0,0000457 seconds
2017-03-05T23:33:17.119+0100: 5,371: Total time for which application threads were stopped: 0,0003452 seconds, Stopping threads took: 0,0002875 seconds
2017-03-05T23:33:17.123+0100: 5,375: Total time for which application threads were stopped: 0,0002158 seconds, Stopping threads took: 0,0000785 seconds
2017-03-05T23:33:17.134+0100: 5,385: Total time for which application threads were stopped: 0,0001940 seconds, Stopping threads took: 0,0001107 seconds
2017-03-05T23:33:17.166+0100: 5,418: Total time for which application threads were stopped: 0,0073751 seconds, Stopping threads took: 0,0072848 seconds
2017-03-05T23:33:17.194+0100: 5,446: Total time for which application threads were stopped: 0,0019165 seconds, Stopping threads took: 0,0017869 seconds
2017-03-05T23:33:17.195+0100: 5,447: Total time for which application threads were stopped: 0,0005048 seconds, Stopping threads took: 0,0004056 seconds
2017-03-05T23:33:17.271+0100: 5,523: Total time for which application threads were stopped: 0,0006168 seconds, Stopping threads took: 0,0000267 seconds
2017-03-05T23:33:17.278+0100: 5,529: Total time for which application threads were stopped: 0,0002421 seconds, Stopping threads took: 0,0001211 seconds
2017-03-05T23:33:17.282+0100: 5,534: Total time for which application threads were stopped: 0,0001326 seconds, Stopping threads took: 0,0000500 seconds
2017-03-05T23:33:18.283+0100: 6,535: Total time for which application threads were stopped: 0,0001743 seconds, Stopping threads took: 0,0000388 seconds
{Heap before GC invocations=9 (full 1):
 par new generation   total 109248K, used 97310K [0x00000000e0000000, 0x00000000e8000000, 0x00000000e8000000)
  eden space 87424K, 100% used [0x00000000e0000000, 0x00000000e5560000, 0x00000000e5560000)
  from space 21824K,  45% used [0x00000000e6ab0000, 0x00000000e74578c0, 0x00000000e8000000)
  to   space 21824K,   0% used [0x00000000e5560000, 0x00000000e5560000, 0x00000000e6ab0000)
 concurrent mark-sweep generation total 393216K, used 6399K [0x00000000e8000000, 0x0000000100000000, 0x0000000100000000)
 Metaspace       used 27970K, capacity 28510K, committed 28796K, reserved 1075200K
  class space    used 3211K, capacity 3379K, committed 3452K, reserved 1048576K
2017-03-05T23:33:48.201+0100: 36,453: [GC (Allocation Failure) 2017-03-05T23:33:48.201+0100: 36,453: [ParNew
Desired survivor size 20112992 bytes, new threshold 8 (max 8)
- age   1:   10875152 bytes,   10875152 total
- age   2:     204624 bytes,   11079776 total
- age   3:     220976 bytes,   11300752 total
- age   4:    1701024 bytes,   13001776 total
- age   5:      45664 bytes,   13047440 total
- age   6:       2552 bytes,   13049992 total
- age   7:      97536 bytes,   13147528 total
- age   8:     200008 bytes,   13347536 total
: 97310K->15006K(109248K), 0,0513830 secs] 103709K->22283K(502464K), 0,0514916 secs] [Times: user=0,05 sys=0,00, real=0,05 secs] 
Heap after GC invocations=10 (full 1):
 par new generation   total 109248K, used 15006K [0x00000000e0000000, 0x00000000e8000000, 0x00000000e8000000)
  eden space 87424K,   0% used [0x00000000e0000000, 0x00000000e0000000, 0x00000000e5560000)
  from space 21824K,  68% used [0x00000000e5560000, 0x00000000e6407bd0, 0x00000000e6ab0000)
  to   space 21824K,   0% used [0x00000000e6ab0000, 0x00000000e6ab0000, 0x00000000e8000000)
 concurrent mark-sweep generation total 393216K, used 7276K [0x00000000e8000000, 0x0000000100000000, 0x0000000100000000)
 Metaspace       used 27970K, capacity 28510K, committed 28796K, reserved 1075200K
  class space    used 3211K, capacity 3379K, committed 3452K, reserved 1048576K
}
2017-03-05T23:33:48.253+0100: 36,504: Total time for which application threads were stopped: 0,0517256 seconds, Stopping threads took: 0,0000423 seconds
2017-03-05T23:33:48.255+0100: 36,507: Total time for which application threads were stopped: 0,0000802 seconds, Stopping threads took: 0,0000222 seconds
2017-03-05T23:33:48.255+0100: 36,507: Total time for which application threads were stopped: 0,0000335 seconds, Stopping threads took: 0,0000088 seconds
2017-03-05T23:34:44.261+0100: 92,513: Total time for which application threads were stopped: 0,0004987 seconds, Stopping threads took: 0,0001378 seconds
2017-03-05T23:35:09.264+0100: 117,516: Total time for which application threads were stopped: 0,0000866 seconds, Stopping threads took: 0,0000350 seconds
2017-03-05T23:35:14.264+0100: 122,516: Total time for which application threads were stopped: 0,0000731 seconds, Stopping threads took: 0,0000198 seconds
2017-03-05T23:36:18.271+0100: 186,523: Total time for which application threads were stopped: 0,0000840 seconds, Stopping threads took: 0,0000357 seconds
2017-03-05T23:37:43.280+0100: 271,531: Total time for which application threads were stopped: 0,0000787 seconds, Stopping threads took: 0,0000289 seconds
2017-03-05T23:37:49.280+0100: 277,532: Total time for which application threads were stopped: 0,0000809 seconds, Stopping threads took: 0,0000215 seconds
2017-03-05T23:56:38.423+0100: 1406,675: Total time for which application threads were stopped: 0,0000822 seconds, Stopping threads took: 0,0000313 seconds
2017-03-06T00:01:14.460+0100: 1682,712: Total time for which application threads were stopped: 0,0000796 seconds, Stopping threads took: 0,0000286 seconds
2017-03-06T00:11:33.545+0100: 2301,796: Total time for which application threads were stopped: 0,0000841 seconds, Stopping threads took: 0,0000330 seconds
2017-03-06T00:11:34.545+0100: 2302,797: Total time for which application threads were stopped: 0,0000854 seconds, Stopping threads took: 0,0000347 seconds
2017-03-06T00:13:08.555+0100: 2396,807: Total time for which application threads were stopped: 0,0003501 seconds, Stopping threads took: 0,0001945 seconds
2017-03-06T00:25:06.280+0100: 3114,532: Total time for which application threads were stopped: 0,0498728 seconds, Stopping threads took: 0,0497874 seconds
2017-03-06T00:25:06.280+0100: 3114,532: Total time for which application threads were stopped: 0,0000665 seconds, Stopping threads took: 0,0000119 seconds
2017-03-06T00:25:06.281+0100: 3114,533: Total time for which application threads were stopped: 0,0000912 seconds, Stopping threads took: 0,0000359 seconds
2017-03-06T00:25:06.281+0100: 3114,533: Total time for which application threads were stopped: 0,0000990 seconds, Stopping threads took: 0,0000555 seconds
2017-03-06T00:25:06.281+0100: 3114,533: Total time for which application threads were stopped: 0,0000311 seconds, Stopping threads took: 0,0000061 seconds
2017-03-06T00:25:06.283+0100: 3114,534: Total time for which application threads were stopped: 0,0001419 seconds, Stopping threads took: 0,0000676 seconds
2017-03-06T00:25:06.285+0100: 3114,536: Total time for which application threads were stopped: 0,0001101 seconds, Stopping threads took: 0,0000260 seconds
2017-03-06T00:25:06.286+0100: 3114,537: Total time for which application threads were stopped: 0,0000860 seconds, Stopping threads took: 0,0000159 seconds
2017-03-06T00:25:06.287+0100: 3114,539: Total time for which application threads were stopped: 0,0001309 seconds, Stopping threads took: 0,0000446 seconds
2017-03-06T00:25:06.288+0100: 3114,539: Total time for which application threads were stopped: 0,0000571 seconds, Stopping threads took: 0,0000179 seconds
2017-03-06T00:25:06.288+0100: 3114,539: Total time for which application threads were stopped: 0,0000352 seconds, Stopping threads took: 0,0000078 seconds
2017-03-06T00:25:06.288+0100: 3114,540: Total time for which application threads were stopped: 0,0000323 seconds, Stopping threads took: 0,0000084 seconds
2017-03-06T00:25:06.288+0100: 3114,540: Total time for which application threads were stopped: 0,0000275 seconds, Stopping threads took: 0,0000068 seconds
2017-03-06T00:25:06.288+0100: 3114,540: Total time for which application threads were stopped: 0,0000378 seconds, Stopping threads took: 0,0000177 seconds
2017-03-06T00:25:06.288+0100: 3114,540: Total time for which application threads were stopped: 0,0000514 seconds, Stopping threads took: 0,0000217 seconds
2017-03-06T00:25:06.288+0100: 3114,540: Total time for which application threads were stopped: 0,0000261 seconds, Stopping threads took: 0,0000062 seconds
2017-03-06T00:25:06.288+0100: 3114,540: Total time for which application threads were stopped: 0,0000344 seconds, Stopping threads took: 0,0000137 seconds
2017-03-06T00:25:06.288+0100: 3114,540: Total time for which application threads were stopped: 0,0000404 seconds, Stopping threads took: 0,0000174 seconds
2017-03-06T00:25:06.291+0100: 3114,543: Total time for which application threads were stopped: 0,0000823 seconds, Stopping threads took: 0,0000154 seconds
2017-03-06T00:25:06.291+0100: 3114,543: Total time for which application threads were stopped: 0,0000417 seconds, Stopping threads took: 0,0000102 seconds
2017-03-06T00:25:06.291+0100: 3114,543: Total time for which application threads were stopped: 0,0000398 seconds, Stopping threads took: 0,0000107 seconds
2017-03-06T00:25:06.295+0100: 3114,546: Total time for which application threads were stopped: 0,0001251 seconds, Stopping threads took: 0,0000405 seconds
2017-03-06T00:25:06.298+0100: 3114,550: Total time for which application threads were stopped: 0,0000936 seconds, Stopping threads took: 0,0000286 seconds
2017-03-06T00:25:06.299+0100: 3114,550: Total time for which application threads were stopped: 0,0000808 seconds, Stopping threads took: 0,0000080 seconds
2017-03-06T00:25:06.299+0100: 3114,550: Total time for which application threads were stopped: 0,0000403 seconds, Stopping threads took: 0,0000074 seconds
2017-03-06T00:25:06.299+0100: 3114,551: Total time for which application threads were stopped: 0,0000402 seconds, Stopping threads took: 0,0000067 seconds
2017-03-06T00:25:06.299+0100: 3114,551: Total time for which application threads were stopped: 0,0000387 seconds, Stopping threads took: 0,0000070 seconds
2017-03-06T00:25:06.299+0100: 3114,551: Total time for which application threads were stopped: 0,0000364 seconds, Stopping threads took: 0,0000065 seconds
2017-03-06T00:25:06.299+0100: 3114,551: Total time for which application threads were stopped: 0,0000363 seconds, Stopping threads took: 0,0000063 seconds
2017-03-06T00:25:06.299+0100: 3114,551: Total time for which application threads were stopped: 0,0000361 seconds, Stopping threads took: 0,0000063 seconds
2017-03-06T00:25:06.299+0100: 3114,551: Total time for which application threads were stopped: 0,0000371 seconds, Stopping threads took: 0,0000070 seconds
2017-03-06T00:25:06.299+0100: 3114,551: Total time for which application threads were stopped: 0,0000362 seconds, Stopping threads took: 0,0000065 seconds
2017-03-06T00:25:06.299+0100: 3114,551: Total time for which application threads were stopped: 0,0000371 seconds, Stopping threads took: 0,0000073 seconds
2017-03-06T00:25:06.299+0100: 3114,551: Total time for which application threads were stopped: 0,0000362 seconds, Stopping threads took: 0,0000064 seconds
2017-03-06T00:25:06.299+0100: 3114,551: Total time for which application threads were stopped: 0,0000364 seconds, Stopping threads took: 0,0000068 seconds
2017-03-06T00:25:06.299+0100: 3114,551: Total time for which application threads were stopped: 0,0000372 seconds, Stopping threads took: 0,0000071 seconds
2017-03-06T00:25:06.301+0100: 3114,552: Total time for which application threads were stopped: 0,0006237 seconds, Stopping threads took: 0,0005568 seconds
2017-03-06T00:25:06.305+0100: 3114,557: Total time for which application threads were stopped: 0,0004548 seconds, Stopping threads took: 0,0003792 seconds
2017-03-06T00:25:06.306+0100: 3114,558: Total time for which application threads were stopped: 0,0000702 seconds, Stopping threads took: 0,0000143 seconds
2017-03-06T00:25:06.306+0100: 3114,558: Total time for which application threads were stopped: 0,0000374 seconds, Stopping threads took: 0,0000047 seconds
2017-03-06T00:25:06.306+0100: 3114,558: Total time for which application threads were stopped: 0,0000357 seconds, Stopping threads took: 0,0000043 seconds
2017-03-06T00:25:06.306+0100: 3114,558: Total time for which application threads were stopped: 0,0000701 seconds, Stopping threads took: 0,0000315 seconds
2017-03-06T00:25:06.306+0100: 3114,558: Total time for which application threads were stopped: 0,0000343 seconds, Stopping threads took: 0,0000050 seconds
2017-03-06T00:25:06.306+0100: 3114,558: Total time for which application threads were stopped: 0,0000329 seconds, Stopping threads took: 0,0000048 seconds
2017-03-06T00:25:06.307+0100: 3114,559: Total time for which application threads were stopped: 0,0000823 seconds, Stopping threads took: 0,0000199 seconds
2017-03-06T00:25:06.308+0100: 3114,560: Total time for which application threads were stopped: 0,0001036 seconds, Stopping threads took: 0,0000544 seconds
2017-03-06T00:25:06.309+0100: 3114,560: Total time for which application threads were stopped: 0,0000650 seconds, Stopping threads took: 0,0000107 seconds
2017-03-06T00:25:06.309+0100: 3114,561: Total time for which application threads were stopped: 0,0000418 seconds, Stopping threads took: 0,0000064 seconds
2017-03-06T00:25:06.309+0100: 3114,561: Total time for which application threads were stopped: 0,0000402 seconds, Stopping threads took: 0,0000112 seconds
2017-03-06T00:25:06.309+0100: 3114,561: Total time for which application threads were stopped: 0,0000316 seconds, Stopping threads took: 0,0000071 seconds
2017-03-06T00:25:06.309+0100: 3114,561: Total time for which application threads were stopped: 0,0000731 seconds, Stopping threads took: 0,0000312 seconds
2017-03-06T00:25:06.310+0100: 3114,561: Total time for which application threads were stopped: 0,0000498 seconds, Stopping threads took: 0,0000156 seconds
2017-03-06T00:25:06.310+0100: 3114,561: Total time for which application threads were stopped: 0,0000385 seconds, Stopping threads took: 0,0000108 seconds
2017-03-06T00:25:06.313+0100: 3114,564: Total time for which application threads were stopped: 0,0013065 seconds, Stopping threads took: 0,0008643 seconds
2017-03-06T00:25:06.313+0100: 3114,565: Total time for which application threads were stopped: 0,0000696 seconds, Stopping threads took: 0,0000235 seconds
2017-03-06T00:25:06.313+0100: 3114,565: Total time for which application threads were stopped: 0,0000561 seconds, Stopping threads took: 0,0000103 seconds
2017-03-06T00:25:06.314+0100: 3114,565: Total time for which application threads were stopped: 0,0002259 seconds, Stopping threads took: 0,0001823 seconds
2017-03-06T00:25:06.314+0100: 3114,566: Total time for which application threads were stopped: 0,0000902 seconds, Stopping threads took: 0,0000556 seconds
2017-03-06T00:25:06.314+0100: 3114,566: Total time for which application threads were stopped: 0,0000486 seconds, Stopping threads took: 0,0000169 seconds
2017-03-06T00:25:06.314+0100: 3114,566: Total time for which application threads were stopped: 0,0000570 seconds, Stopping threads took: 0,0000221 seconds
2017-03-06T00:25:06.314+0100: 3114,566: Total time for which application threads were stopped: 0,0000533 seconds, Stopping threads took: 0,0000159 seconds
2017-03-06T00:25:06.314+0100: 3114,566: Total time for which application threads were stopped: 0,0000361 seconds, Stopping threads took: 0,0000135 seconds
2017-03-06T00:25:06.316+0100: 3114,568: Total time for which application threads were stopped: 0,0015657 seconds, Stopping threads took: 0,0014836 seconds
2017-03-06T00:25:06.317+0100: 3114,568: Total time for which application threads were stopped: 0,0000485 seconds, Stopping threads took: 0,0000105 seconds
2017-03-06T00:25:06.317+0100: 3114,569: Total time for which application threads were stopped: 0,0001906 seconds, Stopping threads took: 0,0000051 seconds
2017-03-06T00:25:06.321+0100: 3114,572: Total time for which application threads were stopped: 0,0006416 seconds, Stopping threads took: 0,0005401 seconds
2017-03-06T00:25:06.326+0100: 3114,577: Total time for which application threads were stopped: 0,0000947 seconds, Stopping threads took: 0,0000321 seconds
2017-03-06T00:25:06.327+0100: 3114,579: Total time for which application threads were stopped: 0,0001186 seconds, Stopping threads took: 0,0000209 seconds
Heap
 par new generation   total 109248K, used 37102K [0x00000000e0000000, 0x00000000e8000000, 0x00000000e8000000)
  eden space 87424K,  25% used [0x00000000e0000000, 0x00000000e1593df8, 0x00000000e5560000)
  from space 21824K,  68% used [0x00000000e5560000, 0x00000000e6407bd0, 0x00000000e6ab0000)
  to   space 21824K,   0% used [0x00000000e6ab0000, 0x00000000e6ab0000, 0x00000000e8000000)
 concurrent mark-sweep generation total 393216K, used 7276K [0x00000000e8000000, 0x0000000100000000, 0x0000000100000000)
 Metaspace       used 28101K, capacity 28618K, committed 28796K, reserved 1075200K
  class space    used 3224K, capacity 3413K, committed 3452K, reserved 1048576K
